12-15 16:20:18.724  4376  4602 I GCoreUlr: WorldUpdater received intent Intent { act=com.google.android.location.reporting.ACTION_UPDATE_WORLD cmp=com.google.android.gms/com.google.android.location.reporting.service.DispatchingService (has extras) } with receiverAction android.location.PROVIDERS_CHANGED
12-15 16:20:18.726  4376  4376 E GmsWearableLS: GoogleApiClient connection failed: ConnectionResult{statusCode=API_UNAVAILABLE, resolution=null, message=null}
12-15 16:20:18.731  4376  4602 I GCoreUlr: WorldUpdater:android.location.PROVIDERS_CHANGED: Ensuring that reporting is stopped because of reasons: (no Google accounts)
12-15 16:20:18.732  4376  4602 I GCoreUlr: Unbound from all location providers
12-15 16:20:18.733  4376  4376 I GCoreUlr: DispatchingService.onDestroy()
12-15 16:20:18.733  4376  4376 I GCoreUlr: Stopping handler for UlrDispSvcFast
12-15 16:20:18.734  4376  4376 I GCoreUlr: Unbound from all location providers
12-15 16:20:18.735  3882  3882 V KeyguardServiceDelegate: *** Keyguard connected (yay!)
12-15 16:20:18.736  4023  4023 V KeyguardUpdateMonitor: onSubscriptionInfoChanged()
12-15 16:20:18.737  4023  4023 V KeyguardUpdateMonitor: onSubscriptionInfoChanged: list is null
12-15 16:20:18.739  3882  4617 I RecoverySystem: No recovery log file
12-15 16:20:18.740  3882  4617 I DropBoxManagerService: Cleaning temp file: /data/system/dropbox/drop21.tmp
12-15 16:20:18.741  3882  4269 V KeyguardServiceDelegate: **** SHOWN CALLED ****
12-15 16:20:18.742  3882  4617 I BootReceiver: Copying /data/tombstones/tombstone_09 to DropBox (SYSTEM_TOMBSTONE)
12-15 16:20:18.756  3882  4298 I ActivityManager: Start proc 4620:com.android.dialer/u0a4 for broadcast com.android.dialer/.calllog.CallLogReceiver
12-15 16:20:18.771  3882  4617 I ActivityManager: Start proc 4642:android.process.media/u0a5 for content provider com.android.providers.downloads/.DownloadProvider
12-15 16:20:18.773  4620  4620 I ActivityThread: Switching default density from 160 to 240
12-15 16:20:18.775  4620  4620 D ExtensionsFactory: No custom extensions.
12-15 16:20:18.776  4376  4555 W Settings: Setting airplane_mode_on has moved from android.provider.Settings.System to android.provider.Settings.Global, returning read-only value.
12-15 16:20:18.776  4642  4642 I ActivityThread: Switching default density from 160 to 240
12-15 16:20:18.791  3882  3882 I ActivityManager: Start proc 4666:com.android.providers.calendar/u0a1 for broadcast com.android.providers.calendar/.CalendarReceiver
12-15 16:20:18.793  4376  4555 W Settings: Setting airplane_mode_on has moved from android.provider.Settings.System to android.provider.Settings.Global, returning read-only value.
12-15 16:20:18.806  3882  4246 I art     : Explicit concurrent mark sweep GC freed 8191(531KB) AllocSpace objects, 10(1297KB) LOS objects, 33% free, 10MB/15MB, paused 311us total 12.017ms
12-15 16:20:18.809  4642  4642 E SQLiteLog: (283) recovered 25 frames from WAL file /data/data/com.android.providers.media/databases/external.db-wal
12-15 16:20:18.811  4666  4666 I ActivityThread: Switching default density from 160 to 240
12-15 16:20:18.811  4666  4666 W ResourcesManager: Asset path '/system/framework/android.test.runner.jar' does not exist or contains no resources.
12-15 16:20:18.817  4666  4666 I CalendarProvider2: Created com.android.providers.calendar.CalendarAlarmManager@18d2c658(com.android.providers.calendar.CalendarProvider2@a3d73b1)
12-15 16:20:18.817  4376  4555 I art     : Explicit concurrent mark sweep GC freed 51672(3MB) AllocSpace objects, 13(593KB) LOS objects, 39% free, 6MB/10MB, paused 305us total 10.303ms
12-15 16:20:18.817  3882  4299 D WifiService: acquireWifiLockLocked: WifiLock{NlpWifiLock type=2 binder=android.os.BinderProxy@976c662}
12-15 16:20:18.823  4447  4447 V GLSActivity: AuthDelegateWrapperCreated with selected intent: Intent { cmp=com.google.android.gms/.auth.DefaultAuthDelegateService }
12-15 16:20:18.825  4484  4484 V GmsCoreStatsServiceLauncher: Received broadcast intent Intent { act=android.intent.action.BOOT_COMPLETED flg=0x8000010 cmp=com.google.android.gms/.common.stats.GmsCoreStatsServiceLauncher (has extras) }
12-15 16:20:18.835  4447  4468 I art     : Explicit concurrent mark sweep GC freed 5520(314KB) AllocSpace objects, 5(80KB) LOS objects, 40% free, 5MB/9MB, paused 209us total 7.678ms
12-15 16:20:18.838  4447  4447 D PersistentNotificationBroadcastReceiver: Received intent: Intent { act=android.intent.action.BOOT_COMPLETED flg=0x8000010 cmp=com.google.android.gms/.common.notification.PersistentNotificationBroadcastReceiver (has extras) }
12-15 16:20:18.841  4447  4708 E SQLiteLog: (283) recovered 53 frames from WAL file /data/data/com.google.android.gms/databases/playlog.db-wal
12-15 16:20:18.844  4376  4376 E GmsWearableLS: GoogleApiClient connection failed: ConnectionResult{statusCode=API_UNAVAILABLE, resolution=null, message=null}
12-15 16:20:18.850  4447  4716 D GetCommittedConfigurationOperation: no corresponding serverToken: com.google.android.gms.playlog.uploader
12-15 16:20:18.851  4447  4708 I Scheduler: Use legacy PeriodicScheduler
12-15 16:20:18.852  4484  4484 W InstanceID/Rpc: Found 10007
12-15 16:20:18.853  4447  4708 W InstanceID/Rpc: Found 10007
12-15 16:20:18.855  4484  4713 D FileApkUtils: Spent 6ms computing apk sha1.
12-15 16:20:18.856  4484  4713 D FileApkUtils: Module already staged or being staged:chimera-modules/MapsModule.apk
12-15 16:20:18.856  4484  4713 D DexOptUtils: Module /data/data/com.google.android.gms/app_chimera/chimera-module-root/module-13de3980f029dc34d7f6bdadf7b693ead0480f20/MapsModule.apk is already optimized. Bailing.
12-15 16:20:18.857  4484  4713 D FileApkUtils: Keeping up-to-date module: module-13de3980f029dc34d7f6bdadf7b693ead0480f20
12-15 16:20:18.858  4484  4713 D GmsModuleFndr: Beginning GMS chimera module scan
12-15 16:20:18.859  4484  4719 D GCM     : COMPAT: Multi user ser=0 current=0
12-15 16:20:18.860  4484  4713 D GmsModuleFndr: Module pkg com.google.android.play.games not installed, skipping
12-15 16:20:18.860  4484  4713 D ChimeraCfgMgr: Beginning module configuration check
12-15 16:20:18.860  4484  4713 D ChimeraCfgMgr: Module APKs unchanged, check complete
12-15 16:20:18.861  4447  4447 D GCM     : COMPAT: Multi user ser=0 current=0
12-15 16:20:18.862  4484  4719 W BaseAppContext: Using Auth Proxy for data requests.
12-15 16:20:18.863  4484  4726 I CheckinService: Disabling old GoogleServicesFramework version
12-15 16:20:18.864  4484  4484 D SystemUpdateService: onCreate
12-15 16:20:18.867  4484  4719 I GLSUser : [ChannelManager] Attempting to channel bind connection HttpClient.
12-15 16:20:18.867  4484  4484 D SystemUpdateService: onStartCommand: intent: Intent { cmp=com.google.android.gms/.update.SystemUpdateService (has extras) }
12-15 16:20:18.868  4484  4727 I CheckinService: Checking schedule, now: 1450167618868 next: 30000
12-15 16:20:18.868  4484  4727 I CheckinService: active receiver: enabled
12-15 16:20:18.869  4484  4719 I GLSUser : [ChannelManager] Checking whether channelId is enabled. isEnabledGmsCore? false, isEnabledSdk? true, isAtLeastKitKat? true
12-15 16:20:18.869  4484  4731 I SystemUpdateService: cancelUpdate (empty URL)
12-15 16:20:18.869  4484  4731 I SystemUpdateService: active receiver: disabled
12-15 16:20:18.869  4484  4484 I ConfigFetchService: onStartCommand Intent { cmp=com.google.android.gms/.config.ConfigFetchService (has extras) }
12-15 16:20:18.871  4484  4741 V AuthZen : Handling intent: android.intent.action.BOOT_COMPLETED
12-15 16:20:18.872  4484  4741 D AuthZenEventHandler: Handling event: android.intent.action.BOOT_COMPLETED
12-15 16:20:18.872  4484  4719 I GCoreUlr: Starting service, intent=Intent { act=com.google.android.location.reporting.ACTION_UPDATE_WORLD cmp=com.google.android.gms/com.google.android.location.reporting.service.DispatchingService (has extras) }, extras=Bundle[{receiverAction=android.intent.action.BOOT_COMPLETED}]
12-15 16:20:18.875  4484  4741 W BaseAppContext: Using Auth Proxy for data requests.
12-15 16:20:18.876  4447  4447 E GCM     : Missing checkin config file
12-15 16:20:18.876  4447  4447 W GCM     : GCM FAILED TO INITIALIZE - missing checkin
12-15 16:20:18.877  4447  4750 D GCM     : GcmService start Intent { act=android.intent.action.BOOT_COMPLETED flg=0x8000010 cmp=com.google.android.gms/.gcm.GcmService (has extras) } android.intent.action.BOOT_COMPLETED
12-15 16:20:18.877  4484  4741 D AuthZenTransactionCache: Initialized cache in: /data/data/com.google.android.gms/files
12-15 16:20:18.877  4484  4741 D AuthZenTransactionCache: Clearing transaction cache
12-15 16:20:18.878  4447  4447 I ConfigService: onCreate
12-15 16:20:18.881  4484  4484 D ChimeraCfgMgr: Loading module com.google.android.gms.kids from APK com.google.android.gms
12-15 16:20:18.882  4376  4376 I GCoreUlr: DispatchingService.onCreate()
12-15 16:20:18.887  4484  4484 D SystemUpdateService: onDestroy
12-15 16:20:18.887  4484  4484 I ConfigFetchService: service connected
12-15 16:20:18.888  4484  4484 D ChimeraCfgMgr: Loading module com.google.android.gms.kids from APK com.google.android.gms
12-15 16:20:18.890  4484  4484 D ConfigFetchService: ConfigApi connection successful.
12-15 16:20:18.891  4447  4447 V GLSActivity: AuthDelegateWrapperCreated with selected intent: Intent { cmp=com.google.android.gms/.auth.DefaultAuthDelegateService }
12-15 16:20:18.905  3882  4246 I ActivityManager: Start proc 4764:com.google.android.onetimeinitializer/u0a9 for broadcast com.google.android.onetimeinitializer/.OneTimeInitializerReceiver
12-15 16:20:18.906  4484  4761 W Kids    : [AbstractKidsOperation] Invalid device state 3
12-15 16:20:18.906  4484  4761 I Kids    : [KidAccountFixer] No network connection
12-15 16:20:18.907  4376  4759 I GCoreUlr: WorldUpdater received intent Intent { act=com.google.android.location.reporting.ACTION_UPDATE_WORLD cmp=com.google.android.gms/com.google.android.location.reporting.service.DispatchingService (has extras) } with receiverAction android.intent.action.BOOT_COMPLETED
12-15 16:20:18.909  4764  4764 I ActivityThread: Switching default density from 160 to 240
12-15 16:20:18.910  4764  4764 V OneTimeInitializerReceiver: OneTimeInitializerReceiver.onReceive
12-15 16:20:18.911  4764  4787 V OneTimeService: OneTimeService.onHandleIntent
12-15 16:20:18.914  4376  4759 I GCoreUlr: WorldUpdater:android.intent.action.BOOT_COMPLETED: Ensuring that reporting is stopped because of reasons: (no Google accounts)
12-15 16:20:18.931  3882  4065 I ActivityManager: Start proc 4796:com.android.managedprovisioning/u0a11 for broadcast com.android.managedprovisioning/.BootReminder
12-15 16:20:18.932  4376  4759 I GCoreUlr: Unbound from all location providers
12-15 16:20:18.937  4796  4796 I ActivityThread: Switching default density from 160 to 240
12-15 16:20:18.937  4558  4795 I RlzPingService: Setting next ping for 1450698423747
12-15 16:20:18.939  4447  4467 I art     : Explicit concurrent mark sweep GC freed 33665(1976KB) AllocSpace objects, 3(48KB) LOS objects, 39% free, 5MB/9MB, paused 230us total 6.921ms
12-15 16:20:18.942  4376  4376 I GCoreUlr: DispatchingService.onDestroy()
12-15 16:20:18.942  4376  4376 I GCoreUlr: Stopping handler for UlrDispSvcFast
12-15 16:20:18.943  4376  4376 I GCoreUlr: Unbound from all location providers
12-15 16:20:18.970  3882  3902 I art     : Explicit concurrent mark sweep GC freed 11149(538KB) AllocSpace objects, 2(32KB) LOS objects, 33% free, 10MB/15MB, paused 273us total 11.546ms
12-15 16:20:19.056  3882  4065 I ActivityManager: Start proc 4825:com.android.mms/u0a12 for broadcast com.android.mms/.transaction.MmsSystemEventReceiver
12-15 16:20:19.058  4642  4822 E SQLiteLog: (283) recovered 65 frames from WAL file /data/data/com.android.providers.media/databases/internal.db-wal
12-15 16:20:19.059  3655  3655 I art     : Explicit concurrent mark sweep GC freed 706(30KB) AllocSpace objects, 0(0B) LOS objects, 39% free, 1950KB/3MB, paused 23us total 2.678ms
12-15 16:20:19.060  4825  4825 I ActivityThread: Switching default density from 160 to 240
12-15 16:20:19.062  3655  3655 I art     : Explicit concurrent mark sweep GC freed 5(160B) AllocSpace objects, 0(0B) LOS objects, 39% free, 1950KB/3MB, paused 21us total 2.372ms
12-15 16:20:19.063  3882  4298 D CountryDetector: The first listener is added
12-15 16:20:19.063  4642  4822 W MediaScanner: Error opening directory '/oem/media/', skipping: No such file or directory.
12-15 16:20:19.064  3655  3655 I art     : Explicit concurrent mark sweep GC freed 5(160B) AllocSpace objects, 0(0B) LOS objects, 39% free, 1950KB/3MB, paused 21us total 2.312ms
12-15 16:20:19.065  4825  4825 V Mms     : mnc/mcc: 
12-15 16:20:19.065  4825  4825 V Mms     : tag: bool value: enabledMMS - true
12-15 16:20:19.065  4825  4825 V Mms     : tag: int value: maxMessageSize - 307200
12-15 16:20:19.065  4825  4825 V Mms     : tag: int value: maxImageHeight - 480
12-15 16:20:19.065  4825  4825 V Mms     : tag: int value: maxImageWidth - 640
12-15 16:20:19.065  4825  4825 V Mms     : tag: int value: defaultSMSMessagesPerThread - 10000
12-15 16:20:19.065  4825  4825 V Mms     : tag: int value: defaultMMSMessagesPerThread - 1000
12-15 16:20:19.065  4825  4825 V Mms     : tag: int value: minMessageCountPerThread - 10
12-15 16:20:19.065  4825  4825 V Mms     : tag: int value: maxMessageCountPerThread - 5000
12-15 16:20:19.065  4825  4825 V Mms     : tag: string value: uaProfUrl - http://www.google.com/oha/rdf/ua-profile-kila.xml
12-15 16:20:19.065  4825  4825 V Mms     : tag: int value: recipientLimit - -1
12-15 16:20:19.065  4825  4825 V Mms     : tag: bool value: enableMultipartSMS - true
12-15 16:20:19.065  4825  4825 V Mms     : tag: int value: smsToMmsTextThreshold - -1
12-15 16:20:19.065  4825  4825 V Mms     : tag: bool value: enableSlideDuration - true
12-15 16:20:19.065  4825  4825 V Mms     : tag: int value: maxMessageTextSize - -1
12-15 16:20:19.068  4825  4860 D ConnectivityManager: getMobileDataEnabled()+ subId=-1
12-15 16:20:19.069  4219  4857 D PhoneInterfaceManager: [PhoneIntfMgr] getDataEnabled: subId=-1 phoneId=-1
12-15 16:20:19.069  4219  4857 E PhoneInterfaceManager: [PhoneIntfMgr] getDataEnabled: no phone subId=-1 retVal=false
12-15 16:20:19.069  4825  4860 D ConnectivityManager: getMobileDataEnabled()- subId=-1 retVal=false
12-15 16:20:19.082  4642  4822 W MediaScanner: Error opening directory '/storage/sdcard1/', skipping: Permission denied.
12-15 16:20:19.082  4642  4822 W MediaScanner: Error opening directory '/storage/usb0/', skipping: Permission denied.
12-15 16:20:19.082  4642  4822 W MediaScanner: Error opening directory '/storage/usb1/', skipping: Permission denied.
12-15 16:20:19.082  4642  4822 W MediaScanner: Error opening directory '/storage/usb2/', skipping: Permission denied.
12-15 16:20:19.082  4642  4822 W MediaScanner: Error opening directory '/storage/usb3/', skipping: Permission denied.
12-15 16:20:19.082  4642  4822 V MediaScanner: pruneDeadThumbnailFiles... android.database.sqlite.SQLiteCursor@3307588
12-15 16:20:19.082  4642  4822 V MediaScanner: /pruneDeadThumbnailFiles... android.database.sqlite.SQLiteCursor@3307588
12-15 16:20:19.083  3882  4246 I ActivityManager: Start proc 4862:com.android.vending/u0a14 for broadcast com.android.vending/com.google.android.finsky.receivers.BootCompletedReceiver
12-15 16:20:19.084  4825  4860 D ConnectivityManager: getMobileDataEnabled()+ subId=-1
12-15 16:20:19.084  4219  4365 D MmsSmsDatabaseHelper: [MmsSmsDb] tableName: threads hasAutoIncrement: CREATE TABLE threads (_id INTEGER PRIMARY KEY AUTOINCREMENT,date INTEGER DEFAULT 0,message_count INTEGER DEFAULT 0,recipient_ids TEXT,snippet TEXT,snippet_cs INTEGER DEFAULT 0,read INTEGER DEFAULT 1,archived INTEGER DEFAULT 0,type INTEGER DEFAULT 0,error INTEGER DEFAULT 0,has_attachment INTEGER DEFAULT 0) result: true
12-15 16:20:19.085  4219  4365 D MmsSmsDatabaseHelper: [MmsSmsDb] tableName: canonical_addresses hasAutoIncrement: CREATE TABLE canonical_addresses (_id INTEGER PRIMARY KEY AUTOINCREMENT,address TEXT) result: true
12-15 16:20:19.085  4219  4858 D PhoneInterfaceManager: [PhoneIntfMgr] getDataEnabled: subId=-1 phoneId=-1
12-15 16:20:19.085  4219  4858 E PhoneInterfaceManager: [PhoneIntfMgr] getDataEnabled: no phone subId=-1 retVal=false
12-15 16:20:19.085  4825  4860 D ConnectivityManager: getMobileDataEnabled()- subId=-1 retVal=false
12-15 16:20:19.085  4219  4365 D MmsSmsDatabaseHelper: [MmsSmsDb] tableName: part hasAutoIncrement: CREATE TABLE part (_id INTEGER PRIMARY KEY AUTOINCREMENT,mid INTEGER,seq INTEGER DEFAULT 0,ct TEXT,name TEXT,chset INTEGER,cd TEXT,fn TEXT,cid TEXT,cl TEXT,ctt_s INTEGER,ctt_t TEXT,_data TEXT,text TEXT) result: true
12-15 16:20:19.085  4219  4365 D MmsSmsDatabaseHelper: [MmsSmsDb] tableName: pdu hasAutoIncrement: CREATE TABLE pdu (_id INTEGER PRIMARY KEY AUTOINCREMENT,thread_id INTEGER,date INTEGER,date_sent INTEGER DEFAULT 0,msg_box INTEGER,read INTEGER DEFAULT 0,m_id TEXT,sub TEXT,sub_cs INTEGER,ct_t TEXT,ct_l TEXT,exp INTEGER,m_cls TEXT,m_type INTEGER,v INTEGER,m_size INTEGER,pri INTEGER,rr INTEGER,rpt_a INTEGER,resp_st INTEGER,st INTEGER,tr_id TEXT,retr_st INTEGER,retr_txt TEXT,retr_txt_cs INTEGER,read_status INTEGER,ct_cls INTEGER,resp_txt TEXT,d_tm INTEGER,d_rpt INTEGER,locked INTEGER DEFAULT 0,sub_id INTEGER DEFAULT -1, seen INTEGER DEFAULT 0,creator TEXT,text_only INTEGER DEFAULT 0) result: true
12-15 16:20:19.085  4219  4365 D MmsSmsDatabaseHelper: [getWritableDatabase] hasAutoIncrementThreads: true hasAutoIncrementAddresses: true hasAutoIncrementPart: true hasAutoIncrementPdu: true
12-15 16:20:19.085  4825  4859 D Mms     : cancelNotification
12-15 16:20:19.087  4862  4862 I ActivityThread: Switching default density from 160 to 240
12-15 16:20:19.087  4825  4861 D Mms     : cancelNotification
12-15 16:20:19.092  4862  4862 W Finsky  : [1] FinskyApp.getCurrentAccount: No account configured on this device.
12-15 16:20:19.093  4862  4862 W Finsky  : [1] FinskyApp.getCurrentAccount: No account configured on this device.
12-15 16:20:19.095  4862  4862 D Finsky  : [1] FinskyApp.onCreate: Initializing network with DFE https://android.clients.google.com/fdfe/
12-15 16:20:19.095  4862  4862 W Finsky  : [1] FinskyApp.getCurrentAccount: No account configured on this device.
12-15 16:20:19.101  4862  4862 W Finsky  : [1] FinskyApp.getCurrentAccount: No account configured on this device.
12-15 16:20:19.101  4862  4862 W Finsky  : [1] FinskyApp.getCurrentAccount: No account configured on this device.
12-15 16:20:19.102  4862  4862 W Finsky  : [1] FinskyApp.getCurrentAccount: No account configured on this device.
12-15 16:20:19.102  4862  4862 W Finsky  : [1] FinskyApp.getCurrentAccount: No account configured on this device.
12-15 16:20:19.104  4862  4862 W Finsky  : [1] FinskyApp.getCurrentAccount: No account configured on this device.
12-15 16:20:19.104  4862  4862 W Finsky  : [1] FinskyApp.getCurrentAccount: No account configured on this device.
12-15 16:20:19.104  4862  4862 W Finsky  : [1] FinskyApp.getCurrentAccount: No account configured on this device.
12-15 16:20:19.104  4862  4862 W Finsky  : [1] FinskyApp.getCurrentAccount: No account configured on this device.
12-15 16:20:19.104  4862  4862 W Finsky  : [1] FinskyApp.getCurrentAccount: No account configured on this device.
12-15 16:20:19.104  4862  4862 W Finsky  : [1] FinskyApp.getCurrentAccount: No account configured on this device.
12-15 16:20:19.104  4862  4862 W Finsky  : [1] FinskyApp.getCurrentAccount: No account configured on this device.
12-15 16:20:19.104  4862  4862 W Finsky  : [1] FinskyApp.getCurrentAccount: No account configured on this device.
12-15 16:20:19.104  4862  4862 W Finsky  : [1] FinskyApp.getCurrentAccount: No account configured on this device.
12-15 16:20:19.104  4862  4862 W Finsky  : [1] FinskyApp.getCurrentAccount: No account configured on this device.
12-15 16:20:19.104  4862  4862 W Finsky  : [1] FinskyApp.getCurrentAccount: No account configured on this device.
12-15 16:20:19.105  4862  4862 W Finsky  : [1] FinskyApp.getCurrentAccount: No account configured on this device.
12-15 16:20:19.105  4862  4862 D Finsky  : [1] DailyHygiene.goMakeHygieneIfDirty: No need to run daily hygiene.
12-15 16:20:19.106  4862  4862 W Settings: Setting download_manager_max_bytes_over_mobile has moved from android.provider.Settings.Secure to android.provider.Settings.Global.
12-15 16:20:19.106  4862  4862 W Settings: Setting download_manager_recommended_max_bytes_over_mobile has moved from android.provider.Settings.Secure to android.provider.Settings.Global.
12-15 16:20:19.108  4862  4862 W Finsky  : [1] FinskyApp.getCurrentAccount: No account configured on this device.
12-15 16:20:19.108  4862  4862 W Finsky  : [1] FinskyApp.getCurrentAccount: No account configured on this device.
12-15 16:20:19.108  4862  4862 W Finsky  : [1] FinskyApp.getDfeApi: No account configured on this device.
12-15 16:20:19.123  3882  4298 I ActivityManager: Start proc 4904:com.android.settings/1000 for broadcast com.android.settings/.sim.SimBootReceiver
12-15 16:20:19.125  4862  4862 D Finsky  : [1] GmsCoreHelper.cleanupNlp: result=false type=4
12-15 16:20:19.125  4862  4922 D Ads     : Skipping gmscore version check
12-15 16:20:19.126  4862  4862 D Finsky  : [1] RestoreTracker.stopServiceIfDone: Restore complete with 0 success and 0 failed.
12-15 16:20:19.127  4484  4557 E JavaBinder: *** Uncaught remote exception!  (Exceptions are not yet supported across processes.)
12-15 16:20:19.127  4484  4557 E JavaBinder: java.lang.RuntimeException: android.os.RemoteException
12-15 16:20:19.127  4484  4557 E JavaBinder: 	at android.os.Parcel.writeException(Parcel.java:1446)
12-15 16:20:19.127  4484  4557 E JavaBinder: 	at android.os.Binder.execTransact(Binder.java:452)
12-15 16:20:19.127  4484  4557 E JavaBinder: Caused by: android.os.RemoteException
12-15 16:20:19.127  4484  4557 E JavaBinder: 	at com.google.android.gms.ads.identifier.service.b.a(SourceFile:77)
12-15 16:20:19.127  4484  4557 E JavaBinder: 	at com.google.android.gms.ads.identifier.a.e.onTransact(SourceFile:63)
12-15 16:20:19.127  4484  4557 E JavaBinder: 	at android.os.Binder.execTransact(Binder.java:446)
12-15 16:20:19.127  4904  4904 I ActivityThread: Switching default density from 160 to 240
12-15 16:20:19.127  4862  4862 W Finsky  : [1] FinskyApp.getCurrentAccount: No account configured on this device.
12-15 16:20:19.144  3882  4300 I ActivityManager: Start proc 4929:com.android.calendar/u0a27 for broadcast com.android.calendar/.alerts.AlertReceiver
12-15 16:20:19.149  4929  4929 I ActivityThread: Switching default density from 160 to 240
12-15 16:20:19.152  4929  4929 D ExtensionsFactory: No custom extensions.
12-15 16:20:19.152  4929  4929 D AlertReceiver: onReceive: a=android.intent.action.BOOT_COMPLETED Intent { act=android.intent.action.BOOT_COMPLETED flg=0x8000010 cmp=com.android.calendar/.alerts.AlertReceiver (has extras) }
12-15 16:20:19.154  4929  4955 D AlertService: 0 Action = android.intent.action.BOOT_COMPLETED
12-15 16:20:19.168  3882  3903 I ActivityManager: Start proc 4957:com.google.android.configupdater/u0a31 for broadcast com.google.android.configupdater/.CertPin.CertPinUpdateRequestReceiver
12-15 16:20:19.168  4929  4955 D AlertService: Scheduling next alarm with AlarmScheduler. sEventReminderReceived: null
12-15 16:20:19.170  4929  4955 D AlarmScheduler: No events found starting within 1 week.
12-15 16:20:19.172  4957  4957 I ActivityThread: Switching default density from 160 to 240
12-15 16:20:19.174  4957  4957 E UpdateRequestReceiver: ignoring update request
12-15 16:20:19.175  4957  4957 E UpdateRequestReceiver: ignoring update request
12-15 16:20:19.175  4957  4957 E UpdateRequestReceiver: ignoring update request
12-15 16:20:19.176  4957  4957 E UpdateRequestReceiver: ignoring update request
12-15 16:20:19.176  4957  4957 E UpdateRequestReceiver: ignoring update request
12-15 16:20:19.177  4957  4957 E UpdateRequestReceiver: ignoring update request
12-15 16:20:19.192  3882  3903 I ActivityManager: Start proc 4992:com.android.deskclock/u0a32 for broadcast com.android.deskclock/.AlarmInitReceiver
12-15 16:20:19.197  4992  4992 I ActivityThread: Switching default density from 160 to 240
12-15 16:20:19.199  4992  4992 V AlarmClock: AlarmInitReceiver android.intent.action.BOOT_COMPLETED
12-15 16:20:19.201  4992  5015 V AlarmClock: AlarmInitReceiver - Reset timers and clear stopwatch data
12-15 16:20:19.204  4992  5015 V AlarmClock: AlarmInitReceiver finished
12-15 16:20:19.219  3882  4298 I ActivityManager: Start proc 5017:com.android.email/u0a35 for broadcast com.android.email/.service.EmailBroadcastReceiver
12-15 16:20:19.223  5017  5017 I ActivityThread: Switching default density from 160 to 240
12-15 16:20:19.244  3882  4269 I ActivityManager: Start proc 5040:com.android.exchange/u0a36 for service com.android.exchange/.service.EasService
12-15 16:20:19.245  5017  5053 D ActivityThread: Loading provider com.android.email.provider;com.android.email.notifier: com.android.email.provider.EmailProvider
12-15 16:20:19.249  5040  5040 I ActivityThread: Switching default density from 160 to 240
12-15 16:20:19.264  3882  4049 I ActivityManager: Start proc 5071:com.google.android.gm/u0a39 for broadcast com.google.android.gm/.GoogleMailDeviceStartupReceiver
12-15 16:20:19.264  3882  4298 W ActivityManager: Unable to start service Intent { cmp=com.android.email/.service.AttachmentService } U=0: not found
12-15 16:20:19.264  3882  4065 W ActivityManager: Unable to start service Intent { cmp=com.android.email/.service.AttachmentService } U=0: not found
12-15 16:20:19.265  5040  5040 I Exchange: EasService.onCreate
12-15 16:20:19.266  5040  5092 I Exchange: RestartPingTask
12-15 16:20:19.266  5017  5090 I Email   : Observing account changes for notifications
12-15 16:20:19.266  5017  5017 E ActivityThread: Service com.android.email.service.EmailBroadcastProcessorService has leaked ServiceConnection com.android.emailcommon.service.ServiceProxy$ProxyConnection@31e2c6a3 that was originally bound here
12-15 16:20:19.266  5017  5017 E ActivityThread: android.app.ServiceConnectionLeaked: Service com.android.email.service.EmailBroadcastProcessorService has leaked ServiceConnection com.android.emailcommon.service.ServiceProxy$ProxyConnection@31e2c6a3 that was originally bound here
12-15 16:20:19.266  5017  5017 E ActivityThread: 	at android.app.LoadedApk$ServiceDispatcher.<init>(LoadedApk.java:1077)
12-15 16:20:19.266  5017  5017 E ActivityThread: 	at android.app.LoadedApk.getServiceDispatcher(LoadedApk.java:971)
12-15 16:20:19.266  5017  5017 E ActivityThread: 	at android.app.ContextImpl.bindServiceCommon(ContextImpl.java:1774)
12-15 16:20:19.266  5017  5017 E ActivityThread: 	at android.app.ContextImpl.bindService(ContextImpl.java:1757)
12-15 16:20:19.266  5017  5017 E ActivityThread: 	at android.content.ContextWrapper.bindService(ContextWrapper.java:539)
12-15 16:20:19.266  5017  5017 E ActivityThread: 	at com.android.emailcommon.service.ServiceProxy.setTask(ServiceProxy.java:181)
12-15 16:20:19.266  5017  5017 E ActivityThread: 	at com.android.emailcommon.service.ServiceProxy.test(ServiceProxy.java:224)
12-15 16:20:19.266  5017  5017 E ActivityThread: 	at com.android.email.service.EmailServiceUtils.isServiceAvailable(EmailServiceUtils.java:160)
12-15 16:20:19.266  5017  5017 E ActivityThread: 	at com.android.email.provider.AccountReconciler.reconcileAccountsInternal(AccountReconciler.java:171)
12-15 16:20:19.266  5017  5017 E ActivityThread: 	at com.android.email.provider.AccountReconciler.reconcileAccounts(AccountReconciler.java:115)
12-15 16:20:19.266  5017  5017 E ActivityThread: 	at com.android.email.service.EmailBroadcastProcessorService.reconcileAndStartServices(EmailBroadcastProcessorService.java:305)
12-15 16:20:19.266  5017  5017 E ActivityThread: 	at com.android.email.service.EmailBroadcastProcessorService.onBootCompleted(EmailBroadcastProcessorService.java:295)
12-15 16:20:19.266  5017  5017 E ActivityThread: 	at com.android.email.service.EmailBroadcastProcessorService.onHandleIntent(EmailBroadcastProcessorService.java:130)
12-15 16:20:19.266  5017  5017 E ActivityThread: 	at android.app.IntentService$ServiceHandler.handleMessage(IntentService.java:65)
12-15 16:20:19.266  5017  5017 E ActivityThread: 	at android.os.Handler.dispatchMessage(Handler.java:102)
12-15 16:20:19.266  5017  5017 E ActivityThread: 	at android.os.Looper.loop(Looper.java:135)
12-15 16:20:19.266  5017  5017 E ActivityThread: 	at android.os.HandlerThread.run(HandlerThread.java:61)
12-15 16:20:19.267  5017  5098 E EmailServiceProxy: RuntimeException when trying to unbind from service
12-15 16:20:19.267  5017  5098 E EmailServiceProxy: java.lang.IllegalArgumentException: Service not registered: com.android.emailcommon.service.ServiceProxy$ProxyConnection@31e2c6a3
12-15 16:20:19.267  5017  5098 E EmailServiceProxy: 	at android.app.LoadedApk.forgetServiceDispatcher(LoadedApk.java:1029)
12-15 16:20:19.267  5017  5098 E EmailServiceProxy: 	at android.app.ContextImpl.unbindService(ContextImpl.java:1808)
12-15 16:20:19.267  5017  5098 E EmailServiceProxy: 	at android.content.ContextWrapper.unbindService(ContextWrapper.java:551)
12-15 16:20:19.267  5017  5098 E EmailServiceProxy: 	at com.android.emailcommon.service.ServiceProxy$ProxyConnection$1.doInBackground(ServiceProxy.java:124)
12-15 16:20:19.267  5017  5098 E EmailServiceProxy: 	at com.android.emailcommon.service.ServiceProxy$ProxyConnection$1.doInBackground(ServiceProxy.java:111)
12-15 16:20:19.267  5017  5098 E EmailServiceProxy: 	at android.os.AsyncTask$2.call(AsyncTask.java:292)
12-15 16:20:19.267  5017  5098 E EmailServiceProxy: 	at java.util.concurrent.FutureTask.run(FutureTask.java:237)
12-15 16:20:19.267  5017  5098 E EmailServiceProxy: 	at android.os.AsyncTask$SerialExecutor$1.run(AsyncTask.java:231)
12-15 16:20:19.267  5017  5098 E EmailServiceProxy: 	at java.util.concurrent.ThreadPoolExecutor.runWorker(ThreadPoolExecutor.java:1112)
12-15 16:20:19.267  5017  5098 E EmailServiceProxy: 	at java.util.concurrent.ThreadPoolExecutor$Worker.run(ThreadPoolExecutor.java:587)
12-15 16:20:19.267  5017  5098 E EmailServiceProxy: 	at java.lang.Thread.run(Thread.java:818)
12-15 16:20:19.267  5040  5040 I Exchange: RestartPingsTask did not start any pings.
12-15 16:20:19.267  5040  5040 I Exchange: PSS stopIfIdle
12-15 16:20:19.267  5040  5040 I Exchange: PSS has no active accounts; stopping service.
12-15 16:20:19.268  5071  5071 I ActivityThread: Switching default density from 160 to 240
12-15 16:20:19.268  5040  5040 I Exchange: onDestroy
12-15 16:20:19.275  5071  5105 D ActivityThread: Loading provider com.google.android.gmail.provider;com.android.mail.notifier;com.google.android.gm.email.provider;com.google.android.gm.email.notifier: com.android.email.provider.EmailProvider
12-15 16:20:19.277  5071  5104 I Gmail   : getAccountsCursor
12-15 16:20:19.278  4447  4447 V GLSActivity: AuthDelegateWrapperCreated with selected intent: Intent { cmp=com.google.android.gms/.auth.DefaultAuthDelegateService }
12-15 16:20:19.284  5071  5071 W GAV2    : Thread[main,5,main]: Need to call initialize() and be in fallback mode to start dispatch.
12-15 16:20:19.284  3882  4170 W ActivityManager: Unable to start service Intent { cmp=com.google.android.gm/com.android.email.service.AttachmentService } U=0: not found
12-15 16:20:19.285  5071  5111 I Gmail   : Observing account changes for notifications
12-15 16:20:19.285  3882  3902 W ActivityManager: Unable to start service Intent { act=com.google.android.gm.email.EXCHANGE_INTENT pkg=com.google.android.gm.exchange } U=0: not found
12-15 16:20:19.289  5071  5115 E Gmail   : Error finding the version of the Email provider.....
12-15 16:20:19.289  5071  5115 E Gmail   : android.content.pm.PackageManager$NameNotFoundException: com.google.android.email
12-15 16:20:19.289  5071  5115 E Gmail   : 	at android.app.ApplicationPackageManager.getPackageInfo(ApplicationPackageManager.java:114)
12-15 16:20:19.289  5071  5115 E Gmail   : 	at com.google.android.gm.EmailMigrationService.a(SourceFile:1280)
12-15 16:20:19.289  5071  5115 E Gmail   : 	at com.google.android.gm.EmailMigrationService.onHandleIntent(SourceFile:219)
12-15 16:20:19.289  5071  5115 E Gmail   : 	at android.app.IntentService$ServiceHandler.handleMessage(IntentService.java:65)
12-15 16:20:19.289  5071  5115 E Gmail   : 	at android.os.Handler.dispatchMessage(Handler.java:102)
12-15 16:20:19.289  5071  5115 E Gmail   : 	at android.os.Looper.loop(Looper.java:135)
12-15 16:20:19.289  5071  5115 E Gmail   : 	at android.os.HandlerThread.run(HandlerThread.java:61)
12-15 16:20:19.289  5071  5115 W EmailMigration: We do not support migrating this version of the Email provider.
12-15 16:20:19.289  5071  5117 I Gmail   : getAccountsCursor
12-15 16:20:19.298  3882  4269 I art     : Explicit concurrent mark sweep GC freed 6576(308KB) AllocSpace objects, 0(0B) LOS objects, 33% free, 10MB/15MB, paused 278us total 10.233ms
12-15 16:20:19.298  3882  4269 W ActivityManager: Unable to start service Intent { act=com.google.android.gm.email.EXCHANGE_INTENT pkg=com.google.android.gm.exchange } U=0: not found
12-15 16:20:19.299  4447  4447 V GLSActivity: AuthDelegateWrapperCreated with selected intent: Intent { cmp=com.google.android.gms/.auth.DefaultAuthDelegateService }
12-15 16:20:19.300  4447  4447 V GLSActivity: AuthDelegateWrapperCreated with selected intent: Intent { cmp=com.google.android.gms/.auth.DefaultAuthDelegateService }
12-15 16:20:19.300  3882  4300 W ActivityManager: Unable to start service Intent { act=com.google.android.gm.email.EXCHANGE_INTENT pkg=com.google.android.gm.exchange } U=0: not found
12-15 16:20:19.301  4173  4173 I SystemBroadcastReceiver: Boot has been completed
12-15 16:20:19.301  4173  4173 I LauncherIconVisibilityManager: Activity has already been disabled: ComponentInfo{com.android.inputmethod.latin/com.android.inputmethod.latin.setup.SetupActivity}
12-15 16:20:19.301  4447  4447 V GLSActivity: AuthDelegateWrapperCreated with selected intent: Intent { cmp=com.google.android.gms/.auth.DefaultAuthDelegateService }
12-15 16:20:19.301  5071  5125 I Gmail   : getAccountsCursor
12-15 16:20:19.301  3882  4300 W ActivityManager: Unable to start service Intent { act=com.google.android.gm.email.EXCHANGE_INTENT pkg=com.google.android.gm.exchange } U=0: not found
12-15 16:20:19.302  4447  4447 V GLSActivity: AuthDelegateWrapperCreated with selected intent: Intent { cmp=com.google.android.gms/.auth.DefaultAuthDelegateService }
12-15 16:20:19.302  5071  5071 E ActivityThread: Service com.android.email.service.EmailBroadcastProcessorService has leaked ServiceConnection com.android.emailcommon.service.am@1a007ed0 that was originally bound here
12-15 16:20:19.302  5071  5071 E ActivityThread: android.app.ServiceConnectionLeaked: Service com.android.email.service.EmailBroadcastProcessorService has leaked ServiceConnection com.android.emailcommon.service.am@1a007ed0 that was originally bound here
12-15 16:20:19.302  5071  5071 E ActivityThread: 	at android.app.LoadedApk$ServiceDispatcher.<init>(LoadedApk.java:1077)
12-15 16:20:19.302  5071  5071 E ActivityThread: 	at android.app.LoadedApk.getServiceDispatcher(LoadedApk.java:971)
12-15 16:20:19.302  5071  5071 E ActivityThread: 	at android.app.ContextImpl.bindServiceCommon(ContextImpl.java:1774)
12-15 16:20:19.302  5071  5071 E ActivityThread: 	at android.app.ContextImpl.bindService(ContextImpl.java:1757)
12-15 16:20:19.302  5071  5071 E ActivityThread: 	at android.content.ContextWrapper.bindService(ContextWrapper.java:539)
12-15 16:20:19.302  5071  5071 E ActivityThread: 	at com.android.emailcommon.service.ak.a(SourceFile:181)
12-15 16:20:19.302  5071  5071 E ActivityThread: 	at com.android.emailcommon.service.ak.e(SourceFile:222)
12-15 16:20:19.302  5071  5071 E ActivityThread: 	at com.android.email.service.m.c(SourceFile:158)
12-15 16:20:19.302  5071  5071 E ActivityThread: 	at com.android.email.provider.b.a(SourceFile:201)
12-15 16:20:19.302  5071  5071 E ActivityThread: 	at com.android.email.provider.b.a(SourceFile:145)
12-15 16:20:19.302  5071  5071 E ActivityThread: 	at com.android.email.service.EmailBroadcastProcessorService.c(SourceFile:349)
12-15 16:20:19.302  5071  5071 E ActivityThread: 	at com.android.email.service.EmailBroadcastProcessorService.onHandleIntent(SourceFile:1334)
12-15 16:20:19.302  5071  5071 E ActivityThread: 	at android.app.IntentService$ServiceHandler.handleMessage(IntentService.java:65)
12-15 16:20:19.302  5071  5071 E ActivityThread: 	at android.os.Handler.dispatchMessage(Handler.java:102)
12-15 16:20:19.302  5071  5071 E ActivityThread: 	at android.os.Looper.loop(Looper.java:135)
12-15 16:20:19.302  5071  5071 E ActivityThread: 	at android.os.HandlerThread.run(HandlerThread.java:61)
12-15 16:20:19.302  5071  5128 I Gmail   : getAccountsCursor
12-15 16:20:19.317  3882  4065 I ActivityManager: Start proc 5129:com.google.android.youtube/u0a59 for broadcast com.google.android.youtube/com.google.android.libraries.youtube.upload.service.UploadService$BootReceiver
12-15 16:20:19.318  3882  4049 W ActivityManager: Unbind failed: could not find connection for android.os.BinderProxy@17eb98ea
12-15 16:20:19.318  4447  4447 V GLSActivity: AuthDelegateWrapperCreated with selected intent: Intent { cmp=com.google.android.gms/.auth.DefaultAuthDelegateService }
12-15 16:20:19.321  5129  5129 I ActivityThread: Switching default density from 160 to 240
12-15 16:20:19.326  3882  4298 W ActivityManager: getRunningAppProcesses: caller 10059 does not hold REAL_GET_TASKS; limiting output
12-15 16:20:19.327  5129  5151 W ResourcesManager: Asset path '/system/framework/com.android.media.remotedisplay.jar' does not exist or contains no resources.
12-15 16:20:19.327  5129  5151 W ResourcesManager: Asset path '/system/framework/com.android.location.provider.jar' does not exist or contains no resources.
12-15 16:20:19.332  5129  5151 V JNIHelp : Registering com/google/android/gms/org/conscrypt/NativeCrypto's 240 native methods...
12-15 16:20:19.339  5129  5151 I ProviderInstaller: Installed default security provider GmsCore_OpenSSL
12-15 16:20:19.340  5129  5129 E YouTube MDX: Bogus value in shared preferences for key MdxServerSelection value , returning default value.
12-15 16:20:19.350  1780  1800 E Vold    : Failed to find mounted volume for /storage/usb0/Android/data/com.google.android.youtube/cache/
12-15 16:20:19.350  5168  5168 I dex2oat : /system/bin/dex2oat --runtime-arg -classpath --runtime-arg  --instruction-set=x86_64 --instruction-set-features=default --runtime-arg -Xrelocate --boot-image=/system/framework/boot.art --dex-file=/data/data/com.google.android.youtube/cache/ads1782243288.jar --oat-fd=29 --oat-location=/data/data/com.google.android.youtube/cache/ads1782243288.dex --runtime-arg -Xms64m --runtime-arg -Xmx512m
12-15 16:20:19.350  5129  5129 W ContextImpl: Failed to ensure directory: /storage/usb0/Android/data/com.google.android.youtube/cache
12-15 16:20:19.351  1780  1800 E Vold    : Failed to find mounted volume for /storage/usb1/Android/data/com.google.android.youtube/cache/
12-15 16:20:19.351  5129  5129 W ContextImpl: Failed to ensure directory: /storage/usb1/Android/data/com.google.android.youtube/cache
12-15 16:20:19.351  1780  1800 E Vold    : Failed to find mounted volume for /storage/usb2/Android/data/com.google.android.youtube/cache/
12-15 16:20:19.351  5129  5129 W ContextImpl: Failed to ensure directory: /storage/usb2/Android/data/com.google.android.youtube/cache
12-15 16:20:19.351  1780  1800 E Vold    : Failed to find mounted volume for /storage/usb3/Android/data/com.google.android.youtube/cache/
12-15 16:20:19.351  5129  5129 W ContextImpl: Failed to ensure directory: /storage/usb3/Android/data/com.google.android.youtube/cache
12-15 16:20:19.351  1780  1800 E Vold    : Failed to find mounted volume for /storage/sdcard1/Android/data/com.google.android.youtube/cache/
12-15 16:20:19.351  5129  5129 W ContextImpl: Failed to ensure directory: /storage/sdcard1/Android/data/com.google.android.youtube/cache
12-15 16:20:19.356  5168  5168 I dex2oat : dex2oat took 5.652ms (threads: 8) arena alloc=343KB java alloc=12KB native alloc=2MB free=5MB
12-15 16:20:19.372  1780  1800 E Vold    : Failed to find mounted volume for /storage/usb0/Android/data/com.google.android.youtube/cache/
12-15 16:20:19.372  5129  5129 W ContextImpl: Failed to ensure directory: /storage/usb0/Android/data/com.google.android.youtube/cache
12-15 16:20:19.372  1780  1800 E Vold    : Failed to find mounted volume for /storage/usb1/Android/data/com.google.android.youtube/cache/
12-15 16:20:19.372  5129  5129 W ContextImpl: Failed to ensure directory: /storage/usb1/Android/data/com.google.android.youtube/cache
12-15 16:20:19.372  1780  1800 E Vold    : Failed to find mounted volume for /storage/usb2/Android/data/com.google.android.youtube/cache/
12-15 16:20:19.372  5129  5129 W ContextImpl: Failed to ensure directory: /storage/usb2/Android/data/com.google.android.youtube/cache
12-15 16:20:19.372  1780  1800 E Vold    : Failed to find mounted volume for /storage/usb3/Android/data/com.google.android.youtube/cache/
12-15 16:20:19.373  5129  5129 W ContextImpl: Failed to ensure directory: /storage/usb3/Android/data/com.google.android.youtube/cache
12-15 16:20:19.373  1780  1800 E Vold    : Failed to find mounted volume for /storage/sdcard1/Android/data/com.google.android.youtube/cache/
12-15 16:20:19.373  5129  5129 W ContextImpl: Failed to ensure directory: /storage/sdcard1/Android/data/com.google.android.youtube/cache
12-15 16:20:19.373  1780  1800 E Vold    : Failed to find mounted volume for /storage/usb0/Android/data/com.google.android.youtube/files/
12-15 16:20:19.373  5129  5129 W ContextImpl: Failed to ensure directory: /storage/usb0/Android/data/com.google.android.youtube/files
12-15 16:20:19.373  1780  1800 E Vold    : Failed to find mounted volume for /storage/usb1/Android/data/com.google.android.youtube/files/
12-15 16:20:19.373  5129  5129 W ContextImpl: Failed to ensure directory: /storage/usb1/Android/data/com.google.android.youtube/files
12-15 16:20:19.374  1780  1800 E Vold    : Failed to find mounted volume for /storage/usb2/Android/data/com.google.android.youtube/files/
12-15 16:20:19.374  5129  5129 W ContextImpl: Failed to ensure directory: /storage/usb2/Android/data/com.google.android.youtube/files
12-15 16:20:19.374  1780  1800 E Vold    : Failed to find mounted volume for /storage/usb3/Android/data/com.google.android.youtube/files/
12-15 16:20:19.374  5129  5129 W ContextImpl: Failed to ensure directory: /storage/usb3/Android/data/com.google.android.youtube/files
12-15 16:20:19.374  1780  1800 E Vold    : Failed to find mounted volume for /storage/sdcard1/Android/data/com.google.android.youtube/files/
12-15 16:20:19.374  5129  5129 W ContextImpl: Failed to ensure directory: /storage/sdcard1/Android/data/com.google.android.youtube/files
12-15 16:20:19.374  1780  1800 E Vold    : Failed to find mounted volume for /storage/usb0/Android/data/com.google.android.youtube/files/
12-15 16:20:19.374  5129  5129 W ContextImpl: Failed to ensure directory: /storage/usb0/Android/data/com.google.android.youtube/files
12-15 16:20:19.375  1780  1800 E Vold    : Failed to find mounted volume for /storage/usb1/Android/data/com.google.android.youtube/files/
12-15 16:20:19.375  5129  5129 W ContextImpl: Failed to ensure directory: /storage/usb1/Android/data/com.google.android.youtube/files
12-15 16:20:19.375  1780  1800 E Vold    : Failed to find mounted volume for /storage/usb2/Android/data/com.google.android.youtube/files/
12-15 16:20:19.375  5129  5129 W ContextImpl: Failed to ensure directory: /storage/usb2/Android/data/com.google.android.youtube/files
12-15 16:20:19.375  1780  1800 E Vold    : Failed to find mounted volume for /storage/usb3/Android/data/com.google.android.youtube/files/
12-15 16:20:19.375  5129  5129 W ContextImpl: Failed to ensure directory: /storage/usb3/Android/data/com.google.android.youtube/files
12-15 16:20:19.375  1780  1800 E Vold    : Failed to find mounted volume for /storage/sdcard1/Android/data/com.google.android.youtube/files/
12-15 16:20:19.375  5129  5129 W ContextImpl: Failed to ensure directory: /storage/sdcard1/Android/data/com.google.android.youtube/files
12-15 16:20:19.376  5129  5129 W InstanceID/Rpc: Found 10007
12-15 16:20:19.379  1780  1800 E Vold    : Failed to find mounted volume for /storage/usb0/Android/data/com.google.android.youtube/cache/
12-15 16:20:19.379  5129  5129 W ContextImpl: Failed to ensure directory: /storage/usb0/Android/data/com.google.android.youtube/cache
12-15 16:20:19.379  1780  1800 E Vold    : Failed to find mounted volume for /storage/usb1/Android/data/com.google.android.youtube/cache/
12-15 16:20:19.379  5129  5129 W ContextImpl: Failed to ensure directory: /storage/usb1/Android/data/com.google.android.youtube/cache
12-15 16:20:19.379  1780  1800 E Vold    : Failed to find mounted volume for /storage/usb2/Android/data/com.google.android.youtube/cache/
12-15 16:20:19.379  5129  5129 W ContextImpl: Failed to ensure directory: /storage/usb2/Android/data/com.google.android.youtube/cache
12-15 16:20:19.379  1780  1800 E Vold    : Failed to find mounted volume for /storage/usb3/Android/data/com.google.android.youtube/cache/
12-15 16:20:19.380  5129  5129 W ContextImpl: Failed to ensure directory: /storage/usb3/Android/data/com.google.android.youtube/cache
12-15 16:20:19.380  1780  1800 E Vold    : Failed to find mounted volume for /storage/sdcard1/Android/data/com.google.android.youtube/cache/
12-15 16:20:19.380  5129  5129 W ContextImpl: Failed to ensure directory: /storage/sdcard1/Android/data/com.google.android.youtube/cache
12-15 16:20:19.384  4484  4508 E JavaBinder: *** Uncaught remote exception!  (Exceptions are not yet supported across processes.)
12-15 16:20:19.384  4484  4508 E JavaBinder: java.lang.RuntimeException: android.os.RemoteException
12-15 16:20:19.384  4484  4508 E JavaBinder: 	at android.os.Parcel.writeException(Parcel.java:1446)
12-15 16:20:19.384  4484  4508 E JavaBinder: 	at android.os.Binder.execTransact(Binder.java:452)
12-15 16:20:19.384  4484  4508 E JavaBinder: Caused by: android.os.RemoteException
12-15 16:20:19.384  4484  4508 E JavaBinder: 	at com.google.android.gms.ads.identifier.service.b.a(SourceFile:77)
12-15 16:20:19.384  4484  4508 E JavaBinder: 	at com.google.android.gms.ads.identifier.a.e.onTransact(SourceFile:63)
12-15 16:20:19.384  4484  4508 E JavaBinder: 	at android.os.Binder.execTransact(Binder.java:446)
12-15 16:20:19.386  4484  4762 E JavaBinder: *** Uncaught remote exception!  (Exceptions are not yet supported across processes.)
12-15 16:20:19.386  4484  4762 E JavaBinder: java.lang.RuntimeException: android.os.RemoteException
12-15 16:20:19.386  4484  4762 E JavaBinder: 	at android.os.Parcel.writeException(Parcel.java:1446)
12-15 16:20:19.386  4484  4762 E JavaBinder: 	at android.os.Binder.execTransact(Binder.java:452)
12-15 16:20:19.386  4484  4762 E JavaBinder: Caused by: android.os.RemoteException
12-15 16:20:19.386  4484  4762 E JavaBinder: 	at com.google.android.gms.ads.identifier.service.b.a(SourceFile:77)
12-15 16:20:19.386  4484  4762 E JavaBinder: 	at com.google.android.gms.ads.identifier.a.e.onTransact(SourceFile:63)
12-15 16:20:19.386  4484  4762 E JavaBinder: 	at android.os.Binder.execTransact(Binder.java:446)
12-15 16:20:19.403  5218  5218 D houdini : [5218] Initialize library(version: 5.2.2_y.47738 RELEASE)... successfully.
12-15 16:20:19.404  3882  3903 I ActivityManager: Start proc 5218:com.tencent.mm:exdevice/u0a68 for broadcast com.tencent.mm/.booter.MMReceivers$ExdeviceProcessReceiver
12-15 16:20:19.404  3882  4299 I ActivityManager: Killing 4118:com.tencent.mm/u0a68 (adj 15): empty #17
12-15 16:20:19.419  3882  4298 W ActivityManager: getRunningAppProcesses: caller 10059 does not hold REAL_GET_TASKS; limiting output
12-15 16:20:19.420  5218  5218 I ActivityThread: Switching default density from 160 to 240
12-15 16:20:19.420  4484  4508 E JavaBinder: *** Uncaught remote exception!  (Exceptions are not yet supported across processes.)
12-15 16:20:19.420  4484  4508 E JavaBinder: java.lang.RuntimeException: android.os.RemoteException
12-15 16:20:19.420  4484  4508 E JavaBinder: 	at android.os.Parcel.writeException(Parcel.java:1446)
12-15 16:20:19.420  4484  4508 E JavaBinder: 	at android.os.Binder.execTransact(Binder.java:452)
12-15 16:20:19.420  4484  4508 E JavaBinder: Caused by: android.os.RemoteException
12-15 16:20:19.420  4484  4508 E JavaBinder: 	at com.google.android.gms.ads.identifier.service.b.a(SourceFile:77)
12-15 16:20:19.420  4484  4508 E JavaBinder: 	at com.google.android.gms.ads.identifier.a.e.onTransact(SourceFile:63)
12-15 16:20:19.420  4484  4508 E JavaBinder: 	at android.os.Binder.execTransact(Binder.java:446)
12-15 16:20:19.422  3882  4298 W ActivityManager: getRunningAppProcesses: caller 10059 does not hold REAL_GET_TASKS; limiting output
12-15 16:20:19.422  4484  4762 E JavaBinder: *** Uncaught remote exception!  (Exceptions are not yet supported across processes.)
12-15 16:20:19.422  4484  4762 E JavaBinder: java.lang.RuntimeException: android.os.RemoteException
12-15 16:20:19.422  4484  4762 E JavaBinder: 	at android.os.Parcel.writeException(Parcel.java:1446)
12-15 16:20:19.422  4484  4762 E JavaBinder: 	at android.os.Binder.execTransact(Binder.java:452)
12-15 16:20:19.422  4484  4762 E JavaBinder: Caused by: android.os.RemoteException
12-15 16:20:19.422  4484  4762 E JavaBinder: 	at com.google.android.gms.ads.identifier.service.b.a(SourceFile:77)
12-15 16:20:19.422  4484  4762 E JavaBinder: 	at com.google.android.gms.ads.identifier.a.e.onTransact(SourceFile:63)
12-15 16:20:19.422  4484  4762 E JavaBinder: 	at android.os.Binder.execTransact(Binder.java:446)
