--------- beginning of main
12-15 16:19:53.680  1778  1778 I lowmemorykiller: Using in-kernel low memory killer interface
12-15 16:19:53.685  1792  1792 I         : debuggerd: Oct  6 2015 23:16:39
--------- beginning of system
12-15 16:19:53.685  1780  1780 I Vold    : Vold 2.1 (the revenge) firing up
12-15 16:19:53.685  1780  1780 E DirectVolume: Vold managed volumes must have auto mount point; ignoring /storage/usb0
12-15 16:19:53.685  1780  1780 D Vold    : Volume usb0 state changing -1 (Initializing) -> 0 (No-Media)
12-15 16:19:53.685  1780  1780 E DirectVolume: Vold managed volumes must have auto mount point; ignoring /storage/usb1
12-15 16:19:53.685  1780  1780 D Vold    : Volume usb1 state changing -1 (Initializing) -> 0 (No-Media)
12-15 16:19:53.685  1780  1780 E DirectVolume: Vold managed volumes must have auto mount point; ignoring /storage/usb2
12-15 16:19:53.685  1780  1780 D Vold    : Volume usb2 state changing -1 (Initializing) -> 0 (No-Media)
12-15 16:19:53.685  1780  1780 E DirectVolume: Vold managed volumes must have auto mount point; ignoring /storage/usb3
12-15 16:19:53.685  1780  1780 D Vold    : Volume usb3 state changing -1 (Initializing) -> 0 (No-Media)
12-15 16:19:53.685  1789  1789 I Netd    : Netd 1.0 starting
12-15 16:19:53.686  1786  1786 E ProbeModule: insmod_by_dep: cannot load module: [net-pf-16-proto-9]
12-15 16:19:53.686  1789  1789 E Netd    : Failed to open /proc/sys/net/ipv6/conf/default/accept_ra_rt_table: No such file or directory
12-15 16:19:53.686  1789  1789 E Netd    : Failed to open /proc/sys/net/ipv6/conf/eth0/accept_ra_rt_table: No such file or directory
12-15 16:19:53.686  1789  1789 E Netd    : Failed to open /proc/sys/net/ipv6/conf/ip6tnl0/accept_ra_rt_table: No such file or directory
12-15 16:19:53.686  1789  1789 E Netd    : Failed to open /proc/sys/net/ipv6/conf/lo/accept_ra_rt_table: No such file or directory
12-15 16:19:53.686  1789  1789 E Netd    : Failed to open /proc/sys/net/ipv6/conf/sit0/accept_ra_rt_table: No such file or directory
12-15 16:19:53.686  1789  1789 E Netd    : Failed to open /proc/sys/net/ipv6/conf/wlan0/accept_ra_rt_table: No such file or directory
12-15 16:19:53.688  1806  1806 I powerbtn: open event2(Power Button) ok
12-15 16:19:53.688  1806  1806 I powerbtn: open event1(Power Button) ok
12-15 16:19:53.690  1802  1802 I installd: installd firing up
12-15 16:19:53.699  1781  1781 I SurfaceFlinger: SurfaceFlinger is starting
12-15 16:19:53.699  1781  1781 I SurfaceFlinger: SurfaceFlinger's main thread ready to run. Initializing graphics H/W...
12-15 16:19:53.700  1803  1803 I keystore: SELinux: Keystore SELinux is disabled.
12-15 16:19:53.703  1828  1828 I houdini : houdini enabled 
12-15 16:19:53.707  1781  1781 D libEGL  : loaded /system/lib64/egl/libGLES_mesa.so
12-15 16:19:53.719  1781  1781 I GRALLOC-DRM: create intel for driver i915
12-15 16:19:53.721  1791  1791 I         : debuggerd: Oct  6 2015 23:16:39
12-15 16:19:53.728  1781  1781 I EGL-DRI2: DRI2: found extension DRI_Core version 1
12-15 16:19:53.728  1781  1781 I EGL-DRI2: DRI2: found extension DRI_DRI2 version 4
12-15 16:19:53.732  1875  1875 I houdini : houdini64 enabled 
12-15 16:19:53.740  1781  1781 I EGL-DRI2: DRI2: found extension DRI_TexBuffer version 3
12-15 16:19:53.740  1781  1781 I EGL-DRI2: DRI2: found extension DRI2_Flush version 4
12-15 16:19:53.740  1781  1781 I EGL-DRI2: DRI2: found extension DRI_IMAGE version 11
12-15 16:19:53.740  1781  1781 D GRALLOC-KMS: supported drm planes and formats
12-15 16:19:53.740  1781  1781 D GRALLOC-KMS: plane id 21
12-15 16:19:53.740  1781  1781 D GRALLOC-KMS:     format XB24
12-15 16:19:53.740  1781  1781 D GRALLOC-KMS:     format XR24
12-15 16:19:53.740  1781  1781 D GRALLOC-KMS:     format YUYV
12-15 16:19:53.740  1781  1781 D GRALLOC-KMS:     format YVYU
12-15 16:19:53.740  1781  1781 D GRALLOC-KMS:     format UYVY
12-15 16:19:53.740  1781  1781 D GRALLOC-KMS:     format VYUY
12-15 16:19:53.740  1781  1781 D GRALLOC-KMS: plane id 25
12-15 16:19:53.740  1781  1781 D GRALLOC-KMS:     format XB24
12-15 16:19:53.740  1781  1781 D GRALLOC-KMS:     format XR24
12-15 16:19:53.740  1781  1781 D GRALLOC-KMS:     format YUYV
12-15 16:19:53.740  1781  1781 D GRALLOC-KMS:     format YVYU
12-15 16:19:53.740  1781  1781 D GRALLOC-KMS:     format UYVY
12-15 16:19:53.740  1781  1781 D GRALLOC-KMS:     format VYUY
12-15 16:19:53.740  1781  1781 D GRALLOC-KMS: plane id 29
12-15 16:19:53.740  1781  1781 D GRALLOC-KMS:     format XB24
12-15 16:19:53.740  1781  1781 D GRALLOC-KMS:     format XR24
12-15 16:19:53.740  1781  1781 D GRALLOC-KMS:     format YUYV
12-15 16:19:53.740  1781  1781 D GRALLOC-KMS:     format YVYU
12-15 16:19:53.740  1781  1781 D GRALLOC-KMS:     format UYVY
12-15 16:19:53.740  1781  1781 D GRALLOC-KMS:     format VYUY
12-15 16:19:53.750  1781  1781 I GRALLOC-KMS: there is one mode on connector 0x33: 1920x1080
12-15 16:19:53.750  1781  1781 I GRALLOC-KMS: Established mode:
12-15 16:19:53.750  1781  1781 I GRALLOC-KMS: clock: 143000, hdisplay: 1920, hsync_start: 1968, hsync_end: 2000, htotal: 2080, hskew: 0
12-15 16:19:53.750  1781  1781 I GRALLOC-KMS: vdisplay: 1080, vsync_start: 1082, vsync_end: 1087, vtotal: 1144, vscan: 0, vrefresh: 60
12-15 16:19:53.750  1781  1781 I GRALLOC-KMS: flags: 10, type: 72, name 1920x1080
12-15 16:19:53.750  1781  1781 I GRALLOC-KMS: the best mode is 1920x1080
12-15 16:19:53.759  1781  1781 D GRALLOC-KMS: will use flip for fb posting
12-15 16:19:53.759  1781  1781 I GRALLOC-MOD: mode.hdisplay 1920
12-15 16:19:53.759  1781  1781 I GRALLOC-MOD: mode.vdisplay 1080
12-15 16:19:53.759  1781  1781 I GRALLOC-MOD: mode.vrefresh 60.000000
12-15 16:19:53.759  1781  1781 I GRALLOC-MOD: format 0x5
12-15 16:19:53.759  1781  1781 I GRALLOC-MOD: xdpi 143.000000
12-15 16:19:53.759  1781  1781 I GRALLOC-MOD: ydpi 144.000000
12-15 16:19:53.760  1781  1781 I GRALLOC-MOD: mode.hdisplay 1920
12-15 16:19:53.760  1781  1781 I GRALLOC-MOD: mode.vdisplay 1080
12-15 16:19:53.760  1781  1781 I GRALLOC-MOD: mode.vrefresh 60.000000
12-15 16:19:53.760  1781  1781 I GRALLOC-MOD: format 0x5
12-15 16:19:53.760  1781  1781 I GRALLOC-MOD: xdpi 143.000000
12-15 16:19:53.760  1781  1781 I GRALLOC-MOD: ydpi 144.000000
12-15 16:19:53.760  1781  1781 W hwcomposer: getting VSYNC period from fb HAL: 16666667
12-15 16:19:53.760  1781  1781 D hwcomposer: Intel hwcomposer module
12-15 16:19:53.760  1781  1781 I SurfaceFlinger: Using composer version 1.0
12-15 16:19:53.760  1781  1781 W SurfaceFlinger: no suitable EGLConfig found, trying a simpler query
12-15 16:19:53.760  1781  1781 I SurfaceFlinger: EGL information:
12-15 16:19:53.760  1781  1781 I SurfaceFlinger: vendor    : Android
12-15 16:19:53.760  1781  1781 I SurfaceFlinger: version   : 1.4 Android META-EGL
12-15 16:19:53.760  1781  1781 I SurfaceFlinger: extensions: EGL_KHR_get_all_proc_addresses EGL_ANDROID_presentation_time EGL_KHR_image_base EGL_KHR_gl_texture_2D_image EGL_KHR_gl_texture_cubemap_image EGL_KHR_gl_renderbuffer_image EGL_KHR_fence_sync EGL_KHR_create_context EGL_EXT_create_context_robustness EGL_ANDROID_image_native_buffer EGL_KHR_wait_sync 
12-15 16:19:53.760  1781  1781 I SurfaceFlinger: Client API: OpenGL_ES
12-15 16:19:53.760  1781  1781 I SurfaceFlinger: EGLSurface: 8-8-8-8, config=0x7f37cf57a040
12-15 16:19:53.777  1798  1798 I mediaserver: ServiceManager: 0xf58356a0
12-15 16:19:53.777  1798  1798 I AudioFlinger: Using default 3000 mSec as standby time.
12-15 16:19:53.777  1798  1798 I ServiceManager: Waiting for service batterystats...
12-15 16:19:53.783  1781  1781 I SurfaceFlinger: OpenGL ES informations:
12-15 16:19:53.783  1781  1781 I SurfaceFlinger: vendor    : Intel Open Source Technology Center
12-15 16:19:53.783  1781  1781 I SurfaceFlinger: renderer  : Mesa DRI Intel(R) Haswell Mobile 
12-15 16:19:53.783  1781  1781 I SurfaceFlinger: version   : OpenGL ES 3.0 Mesa 11.0.2 (git-68868dc)
12-15 16:19:53.783  1781  1781 I SurfaceFlinger: extensions: GL_EXT_blend_minmax GL_EXT_multi_draw_arrays GL_EXT_texture_filter_anisotropic GL_EXT_texture_compression_dxt1 GL_EXT_texture_format_BGRA8888 GL_OES_compressed_ETC1_RGB8_texture GL_OES_depth24 GL_OES_element_index_uint GL_OES_fbo_render_mipmap GL_OES_mapbuffer GL_OES_rgb8_rgba8 GL_OES_standard_derivatives GL_OES_stencil8 GL_OES_texture_3D GL_OES_texture_float GL_OES_texture_float_linear GL_OES_texture_half_float GL_OES_texture_half_float_linear GL_OES_texture_npot GL_OES_EGL_image GL_OES_depth_texture GL_OES_packed_depth_stencil GL_EXT_texture_type_2_10_10_10_REV GL_OES_get_program_binary GL_APPLE_texture_max_level GL_EXT_discard_framebuffer GL_EXT_read_format_bgra GL_NV_fbo_color_attachments GL_OES_EGL_image_external GL_OES_EGL_sync GL_OES_vertex_array_object GL_ANGLE_texture_compression_dxt3 GL_ANGLE_texture_compression_dxt5 GL_EXT_texture_rg GL_EXT_unpack_subimage GL_NV_draw_buffers GL_NV_read_buffer GL_NV_read_depth GL_NV_read_depth_stencil GL_NV_read_stencil GL_EXT_draw_buffers GL_EXT_map_bu
12-15 16:19:53.783  1781  1781 I SurfaceFlinger: GL_MAX_TEXTURE_SIZE = 8192
12-15 16:19:53.783  1781  1781 I SurfaceFlinger: GL_MAX_VIEWPORT_DIMS = 16384
12-15 16:19:53.783  1781  1781 D SurfaceFlinger: Open /dev/tty0 OK
12-15 16:19:53.786  1789  1789 V NatController: runCmd(/system/bin/iptables -F natctrl_FORWARD) res=0
12-15 16:19:53.787  1789  1789 V NatController: runCmd(/system/bin/iptables -A natctrl_FORWARD -j DROP) res=0
12-15 16:19:53.787  1789  1789 V NatController: runCmd(/system/bin/iptables -t nat -F natctrl_nat_POSTROUTING) res=0
12-15 16:19:53.788  1789  1789 V NatController: runCmd(/system/bin/iptables -F natctrl_tether_counters) res=1
12-15 16:19:53.788  1789  1789 V NatController: runCmd(/system/bin/iptables -X natctrl_tether_counters) res=1
12-15 16:19:53.789  1789  1789 V NatController: runCmd(/system/bin/iptables -N natctrl_tether_counters) res=0
12-15 16:19:53.790  1789  1789 V NatController: runCmd(/system/bin/iptables -t mangle -A natctrl_mangle_FORWARD -p tcp --tcp-flags SYN SYN -j TCPMSS --clamp-mss-to-pmtu) res=0
12-15 16:19:53.790  1781  1781 D SurfaceFlinger: Set power mode=2, type=0 flinger=0x7f37cf462000
12-15 16:19:53.816  1781  1820 I SurfaceFlinger: auto set density to 240
12-15 16:19:53.817  1984  2016 D libEGL  : loaded /system/lib64/egl/libGLES_mesa.so
12-15 16:19:53.820  1789  1789 I iptables: iptables: Invalid argument. Run `dmesg' for more information.
12-15 16:19:53.820  1789  1789 I iptables: iptables terminated by exit(1)
12-15 16:19:53.820  1789  1789 E BandwidthController: runIptablesCmd(): res=1 status=256 failed /system/bin/iptables -A bw_INPUT -m owner --socket-exists
12-15 16:19:53.821  1789  1789 I ip6tables: ip6tables: Invalid argument. Run `dmesg' for more information.
12-15 16:19:53.821  1789  1789 I ip6tables: ip6tables terminated by exit(1)
12-15 16:19:53.821  1789  1789 E BandwidthController: runIptablesCmd(): res=1 status=256 failed /system/bin/ip6tables -A bw_INPUT -m owner --socket-exists
12-15 16:19:53.823  1984  2016 I GRALLOC-DRM: create intel for driver i915
12-15 16:19:53.824  1984  2016 I EGL-DRI2: DRI2: found extension DRI_Core version 1
12-15 16:19:53.824  1984  2016 I EGL-DRI2: DRI2: found extension DRI_DRI2 version 4
12-15 16:19:53.827  1984  2016 I EGL-DRI2: DRI2: found extension DRI_TexBuffer version 3
12-15 16:19:53.827  1984  2016 I EGL-DRI2: DRI2: found extension DRI2_Flush version 4
12-15 16:19:53.827  1984  2016 I EGL-DRI2: DRI2: found extension DRI_IMAGE version 11
12-15 16:19:53.830  1805  1805 D AndroidRuntime: >>>>>> START com.android.internal.os.ZygoteInit uid 0 <<<<<<
12-15 16:19:53.840  1805  1805 D AndroidRuntime: CheckJNI is OFF
12-15 16:19:53.844  1804  1804 D AndroidRuntime: >>>>>> START com.android.internal.os.ZygoteInit uid 0 <<<<<<
12-15 16:19:53.846  1805  1805 I art     : option[0]=-Xzygote
12-15 16:19:53.846  1805  1805 I art     : option[1]=-Xstacktracefile:/data/anr/traces.txt
12-15 16:19:53.846  1805  1805 I art     : option[2]=exit
12-15 16:19:53.846  1805  1805 I art     : option[3]=vfprintf
12-15 16:19:53.846  1805  1805 I art     : option[4]=sensitiveThread
12-15 16:19:53.846  1805  1805 I art     : option[5]=-verbose:gc
12-15 16:19:53.846  1805  1805 I art     : option[6]=-Xms16m
12-15 16:19:53.846  1805  1805 I art     : option[7]=-Xmx512m
12-15 16:19:53.846  1805  1805 I art     : option[8]=-XX:mainThreadStackSize=24K
12-15 16:19:53.846  1805  1805 I art     : option[9]=-XX:HeapGrowthLimit=192m
12-15 16:19:53.846  1805  1805 I art     : option[10]=-XX:HeapMinFree=512k
12-15 16:19:53.846  1805  1805 I art     : option[11]=-XX:HeapMaxFree=8m
12-15 16:19:53.846  1805  1805 I art     : option[12]=-XX:HeapTargetUtilization=0.75
12-15 16:19:53.846  1805  1805 I art     : option[13]=-Xgenregmap
12-15 16:19:53.846  1805  1805 I art     : option[14]=-Xgc:precise
12-15 16:19:53.846  1805  1805 I art     : option[15]=-agentlib:jdwp=transport=dt_android_adb,suspend=n,server=y
12-15 16:19:53.846  1805  1805 I art     : option[16]=-Xlockprofthreshold:500
12-15 16:19:53.846  1805  1805 I art     : option[17]=-Ximage-compiler-option
12-15 16:19:53.846  1805  1805 I art     : option[18]=--runtime-arg
12-15 16:19:53.846  1805  1805 I art     : option[19]=-Ximage-compiler-option
12-15 16:19:53.846  1805  1805 I art     : option[20]=-Xms64m
12-15 16:19:53.846  1805  1805 I art     : option[21]=-Ximage-compiler-option
12-15 16:19:53.846  1805  1805 I art     : option[22]=--runtime-arg
12-15 16:19:53.846  1805  1805 I art     : option[23]=-Ximage-compiler-option
12-15 16:19:53.846  1805  1805 I art     : option[24]=-Xmx64m
12-15 16:19:53.846  1805  1805 I art     : option[25]=-Ximage-compiler-option
12-15 16:19:53.846  1805  1805 I art     : option[26]=--image-classes=/system/etc/preloaded-classes
12-15 16:19:53.846  1805  1805 I art     : option[27]=-Xcompiler-option
12-15 16:19:53.846  1805  1805 I art     : option[28]=--runtime-arg
12-15 16:19:53.846  1805  1805 I art     : option[29]=-Xcompiler-option
12-15 16:19:53.846  1805  1805 I art     : option[30]=-Xms64m
12-15 16:19:53.846  1805  1805 I art     : option[31]=-Xcompiler-option
12-15 16:19:53.846  1805  1805 I art     : option[32]=--runtime-arg
12-15 16:19:53.846  1805  1805 I art     : option[33]=-Xcompiler-option
12-15 16:19:53.846  1805  1805 I art     : option[34]=-Xmx512m
12-15 16:19:53.846  1805  1805 I art     : option[35]=-Duser.language=zh
12-15 16:19:53.846  1805  1805 I art     : option[36]=-Duser.region=CN
12-15 16:19:53.846  1805  1805 I art     : option[37]=-XX:NativeBridge=libnb.so
12-15 16:19:53.852  1804  1804 D AndroidRuntime: CheckJNI is OFF
12-15 16:19:53.856  1804  1804 I art     : option[0]=-Xzygote
12-15 16:19:53.856  1804  1804 I art     : option[1]=-Xstacktracefile:/data/anr/traces.txt
12-15 16:19:53.856  1804  1804 I art     : option[2]=exit
12-15 16:19:53.856  1804  1804 I art     : option[3]=vfprintf
12-15 16:19:53.856  1804  1804 I art     : option[4]=sensitiveThread
12-15 16:19:53.856  1804  1804 I art     : option[5]=-verbose:gc
12-15 16:19:53.856  1804  1804 I art     : option[6]=-Xms16m
12-15 16:19:53.856  1804  1804 I art     : option[7]=-Xmx512m
12-15 16:19:53.856  1804  1804 I art     : option[8]=-XX:mainThreadStackSize=24K
12-15 16:19:53.856  1804  1804 I art     : option[9]=-XX:HeapGrowthLimit=192m
12-15 16:19:53.856  1804  1804 I art     : option[10]=-XX:HeapMinFree=512k
12-15 16:19:53.856  1804  1804 I art     : option[11]=-XX:HeapMaxFree=8m
12-15 16:19:53.856  1804  1804 I art     : option[12]=-XX:HeapTargetUtilization=0.75
12-15 16:19:53.856  1804  1804 I art     : option[13]=-Xgenregmap
12-15 16:19:53.856  1804  1804 I art     : option[14]=-Xgc:precise
12-15 16:19:53.856  1804  1804 I art     : option[15]=-agentlib:jdwp=transport=dt_android_adb,suspend=n,server=y
12-15 16:19:53.856  1804  1804 I art     : option[16]=-Xlockprofthreshold:500
12-15 16:19:53.856  1804  1804 I art     : option[17]=-Ximage-compiler-option
12-15 16:19:53.856  1804  1804 I art     : option[18]=--runtime-arg
12-15 16:19:53.856  1804  1804 I art     : option[19]=-Ximage-compiler-option
12-15 16:19:53.856  1804  1804 I art     : option[20]=-Xms64m
12-15 16:19:53.856  1804  1804 I art     : option[21]=-Ximage-compiler-option
12-15 16:19:53.856  1804  1804 I art     : option[22]=--runtime-arg
12-15 16:19:53.856  1804  1804 I art     : option[23]=-Ximage-compiler-option
12-15 16:19:53.856  1804  1804 I art     : option[24]=-Xmx64m
12-15 16:19:53.856  1804  1804 I art     : option[25]=-Ximage-compiler-option
12-15 16:19:53.856  1804  1804 I art     : option[26]=--image-classes=/system/etc/preloaded-classes
12-15 16:19:53.856  1804  1804 I art     : option[27]=-Xcompiler-option
12-15 16:19:53.856  1804  1804 I art     : option[28]=--runtime-arg
12-15 16:19:53.856  1804  1804 I art     : option[29]=-Xcompiler-option
12-15 16:19:53.856  1804  1804 I art     : option[30]=-Xms64m
12-15 16:19:53.856  1804  1804 I art     : option[31]=-Xcompiler-option
12-15 16:19:53.856  1804  1804 I art     : option[32]=--runtime-arg
12-15 16:19:53.856  1804  1804 I art     : option[33]=-Xcompiler-option
12-15 16:19:53.856  1804  1804 I art     : option[34]=-Xmx512m
12-15 16:19:53.856  1804  1804 I art     : option[35]=-Duser.language=zh
12-15 16:19:53.856  1804  1804 I art     : option[36]=-Duser.region=CN
12-15 16:19:53.856  1804  1804 I art     : option[37]=-XX:NativeBridge=libnb.so
12-15 16:19:53.858  1781  1781 D SurfaceFlinger: shader cache generated - 24 shaders in 33.924545 ms
12-15 16:19:53.911  2041  2041 E ProbeModule: insmod_by_dep: cannot load module: [net-pf-16-proto-5]
12-15 16:19:53.912  1789  1789 E Netd    : Unable to create netlink socket: Protocol not supported
12-15 16:19:53.912  1789  1789 E Netd    : Unable to open quota2 logging socket
12-15 16:19:53.912  1789  1789 D MDnsDS  : MDnsSdListener::Hander starting up
12-15 16:19:53.912  1789  2043 D MDnsDS  : MDnsSdListener starting to monitor
12-15 16:19:53.912  1789  2043 D MDnsDS  : Going to poll with pollCount 1
12-15 16:19:54.033  1805  1805 E memtrack: Couldn't load memtrack module (No such file or directory)
12-15 16:19:54.033  1805  1805 E android.os.Debug: failed to load memtrack module: -2
12-15 16:19:54.034  1804  1804 E memtrack: Couldn't load memtrack module (No such file or directory)
12-15 16:19:54.034  1804  1804 E android.os.Debug: failed to load memtrack module: -2
12-15 16:19:54.040  1805  1805 I SamplingProfilerIntegration: Profiling disabled.
12-15 16:19:54.041  1804  1804 I SamplingProfilerIntegration: Profiling disabled.
12-15 16:19:54.041  1805  1805 D Zygote  : begin preload
12-15 16:19:54.041  1804  1804 D Zygote  : begin preload
12-15 16:19:54.043  1805  1805 I Zygote  : Preloading classes...
12-15 16:19:54.043  1804  1804 I Zygote  : Preloading classes...
12-15 16:19:54.047  1805  1805 I art     : Explicit concurrent mark sweep GC freed 797(36KB) AllocSpace objects, 0(0B) LOS objects, 95% free, 44KB/1068KB, paused 29us total 4.476ms
12-15 16:19:54.048  1804  1804 I art     : Explicit concurrent mark sweep GC freed 797(36KB) AllocSpace objects, 0(0B) LOS objects, 95% free, 47KB/1071KB, paused 32us total 4.856ms
12-15 16:19:54.050  1805  1805 I art     : Counter: 1
12-15 16:19:54.050  1804  1804 I art     : Counter: 1
12-15 16:19:54.055  1804  1804 I art     : Explicit concurrent mark sweep GC freed 553(33KB) AllocSpace objects, 0(0B) LOS objects, 93% free, 67KB/1091KB, paused 24us total 1.463ms
12-15 16:19:54.055  1805  1805 I art     : Explicit concurrent mark sweep GC freed 559(34KB) AllocSpace objects, 0(0B) LOS objects, 94% free, 64KB/1088KB, paused 42us total 1.853ms
12-15 16:19:54.066  1804  1804 I art     : Explicit concurrent mark sweep GC freed 645(41KB) AllocSpace objects, 0(0B) LOS objects, 93% free, 75KB/1099KB, paused 21us total 991us
12-15 16:19:54.067  1805  1805 I art     : Explicit concurrent mark sweep GC freed 650(41KB) AllocSpace objects, 0(0B) LOS objects, 93% free, 72KB/1096KB, paused 24us total 1.386ms
12-15 16:19:54.097  1804  1804 I art     : Explicit concurrent mark sweep GC freed 415(24KB) AllocSpace objects, 0(0B) LOS objects, 89% free, 115KB/1139KB, paused 34us total 1.329ms
12-15 16:19:54.098  1805  1805 I art     : Explicit concurrent mark sweep GC freed 404(23KB) AllocSpace objects, 0(0B) LOS objects, 90% free, 112KB/1136KB, paused 37us total 1.731ms
12-15 16:19:54.120  1804  1804 E Minikin : addFont failed to create font /system/fonts/NotoSansGujarati-Regular.ttf
12-15 16:19:54.120  1805  1805 E Minikin : addFont failed to create font /system/fonts/NotoSansGujarati-Regular.ttf
12-15 16:19:54.120  1804  1804 E Minikin : addFont failed to create font /system/fonts/NotoSansGujarati-Bold.ttf
12-15 16:19:54.120  1805  1805 E Minikin : addFont failed to create font /system/fonts/NotoSansGujarati-Bold.ttf
12-15 16:19:54.120  1804  1804 E Minikin : addFont failed to create font /system/fonts/NotoSansGujaratiUI-Regular.ttf
12-15 16:19:54.120  1805  1805 E Minikin : addFont failed to create font /system/fonts/NotoSansGujaratiUI-Regular.ttf
12-15 16:19:54.120  1804  1804 E Minikin : addFont failed to create font /system/fonts/NotoSansGujaratiUI-Bold.ttf
12-15 16:19:54.120  1805  1805 E Minikin : addFont failed to create font /system/fonts/NotoSansGujaratiUI-Bold.ttf
12-15 16:19:54.120  1804  1804 E Minikin : addFont failed to create font /system/fonts/NotoSansGurmukhi-Regular.ttf
12-15 16:19:54.120  1804  1804 E Minikin : addFont failed to create font /system/fonts/NotoSansGurmukhi-Bold.ttf
12-15 16:19:54.120  1805  1805 E Minikin : addFont failed to create font /system/fonts/NotoSansGurmukhi-Regular.ttf
12-15 16:19:54.120  1805  1805 E Minikin : addFont failed to create font /system/fonts/NotoSansGurmukhi-Bold.ttf
12-15 16:19:54.120  1804  1804 E Minikin : addFont failed to create font /system/fonts/NotoSansGurmukhiUI-Regular.ttf
12-15 16:19:54.120  1804  1804 E Minikin : addFont failed to create font /system/fonts/NotoSansGurmukhiUI-Bold.ttf
12-15 16:19:54.120  1805  1805 E Minikin : addFont failed to create font /system/fonts/NotoSansGurmukhiUI-Regular.ttf
12-15 16:19:54.120  1805  1805 E Minikin : addFont failed to create font /system/fonts/NotoSansGurmukhiUI-Bold.ttf
12-15 16:19:54.126  1804  1804 E Minikin : addFont failed to create font /system/fonts/NotoSansSinhala-Regular.ttf
12-15 16:19:54.126  1804  1804 E Minikin : addFont failed to create font /system/fonts/NotoSansSinhala-Bold.ttf
12-15 16:19:54.126  1805  1805 E Minikin : addFont failed to create font /system/fonts/NotoSansSinhala-Regular.ttf
12-15 16:19:54.126  1805  1805 E Minikin : addFont failed to create font /system/fonts/NotoSansSinhala-Bold.ttf
12-15 16:19:54.129  1804  1804 E Minikin : addFont failed to create font /system/fonts/NotoSansThaana-Regular.ttf
12-15 16:19:54.129  1805  1805 E Minikin : addFont failed to create font /system/fonts/NotoSansThaana-Regular.ttf
12-15 16:19:54.129  1804  1804 E Minikin : addFont failed to create font /system/fonts/NotoSansThaana-Bold.ttf
12-15 16:19:54.129  1805  1805 E Minikin : addFont failed to create font /system/fonts/NotoSansThaana-Bold.ttf
12-15 16:19:54.129  1804  1804 E Minikin : addFont failed to create font /system/fonts/NotoSansCham-Regular.ttf
12-15 16:19:54.129  1805  1805 E Minikin : addFont failed to create font /system/fonts/NotoSansCham-Regular.ttf
12-15 16:19:54.129  1804  1804 E Minikin : addFont failed to create font /system/fonts/NotoSansCham-Bold.ttf
12-15 16:19:54.130  1805  1805 E Minikin : addFont failed to create font /system/fonts/NotoSansCham-Bold.ttf
12-15 16:19:54.130  1804  1804 E Minikin : addFont failed to create font /system/fonts/NotoSansBalinese-Regular.ttf
12-15 16:19:54.130  1805  1805 E Minikin : addFont failed to create font /system/fonts/NotoSansBalinese-Regular.ttf
12-15 16:19:54.130  1804  1804 E Minikin : addFont failed to create font /system/fonts/NotoSansBatak-Regular.ttf
12-15 16:19:54.130  1805  1805 E Minikin : addFont failed to create font /system/fonts/NotoSansBatak-Regular.ttf
12-15 16:19:54.130  1804  1804 E Minikin : addFont failed to create font /system/fonts/NotoSansBuginese-Regular.ttf
12-15 16:19:54.130  1805  1805 E Minikin : addFont failed to create font /system/fonts/NotoSansBuginese-Regular.ttf
12-15 16:19:54.130  1804  1804 E Minikin : addFont failed to create font /system/fonts/NotoSansBuhid-Regular.ttf
12-15 16:19:54.130  1805  1805 E Minikin : addFont failed to create font /system/fonts/NotoSansBuhid-Regular.ttf
12-15 16:19:54.130  1804  1804 E Minikin : addFont failed to create font /system/fonts/NotoSansCanadianAboriginal-Regular.ttf
12-15 16:19:54.130  1805  1805 E Minikin : addFont failed to create font /system/fonts/NotoSansCanadianAboriginal-Regular.ttf
12-15 16:19:54.130  1804  1804 E Minikin : addFont failed to create font /system/fonts/NotoSansCherokee-Regular.ttf
12-15 16:19:54.130  1804  1804 E Minikin : addFont failed to create font /system/fonts/NotoSansCoptic-Regular.ttf
12-15 16:19:54.130  1805  1805 E Minikin : addFont failed to create font /system/fonts/NotoSansCherokee-Regular.ttf
12-15 16:19:54.130  1805  1805 E Minikin : addFont failed to create font /system/fonts/NotoSansCoptic-Regular.ttf
12-15 16:19:54.130  1804  1804 E Minikin : addFont failed to create font /system/fonts/NotoSansGlagolitic-Regular.ttf
12-15 16:19:54.130  1804  1804 E Minikin : addFont failed to create font /system/fonts/NotoSansHanunoo-Regular.ttf
12-15 16:19:54.130  1805  1805 E Minikin : addFont failed to create font /system/fonts/NotoSansGlagolitic-Regular.ttf
12-15 16:19:54.130  1804  1804 E Minikin : addFont failed to create font /system/fonts/NotoSansJavanese-Regular.ttf
12-15 16:19:54.130  1805  1805 E Minikin : addFont failed to create font /system/fonts/NotoSansHanunoo-Regular.ttf
12-15 16:19:54.130  1804  1804 E Minikin : addFont failed to create font /system/fonts/NotoSansKayahLi-Regular.ttf
12-15 16:19:54.130  1805  1805 E Minikin : addFont failed to create font /system/fonts/NotoSansJavanese-Regular.ttf
12-15 16:19:54.130  1804  1804 E Minikin : addFont failed to create font /system/fonts/NotoSansLepcha-Regular.ttf
12-15 16:19:54.130  1805  1805 E Minikin : addFont failed to create font /system/fonts/NotoSansKayahLi-Regular.ttf
12-15 16:19:54.130  1804  1804 E Minikin : addFont failed to create font /system/fonts/NotoSansLimbu-Regular.ttf
12-15 16:19:54.130  1805  1805 E Minikin : addFont failed to create font /system/fonts/NotoSansLepcha-Regular.ttf
12-15 16:19:54.130  1804  1804 E Minikin : addFont failed to create font /system/fonts/NotoSansMeeteiMayek-Regular.ttf
12-15 16:19:54.130  1805  1805 E Minikin : addFont failed to create font /system/fonts/NotoSansLimbu-Regular.ttf
12-15 16:19:54.130  1804  1804 E Minikin : addFont failed to create font /system/fonts/NotoSansOlChiki-Regular.ttf
12-15 16:19:54.130  1805  1805 E Minikin : addFont failed to create font /system/fonts/NotoSansMeeteiMayek-Regular.ttf
12-15 16:19:54.130  1804  1804 E Minikin : addFont failed to create font /system/fonts/NotoSansRejang-Regular.ttf
12-15 16:19:54.130  1805  1805 E Minikin : addFont failed to create font /system/fonts/NotoSansOlChiki-Regular.ttf
12-15 16:19:54.130  1804  1804 E Minikin : addFont failed to create font /system/fonts/NotoSansSaurashtra-Regular.ttf
12-15 16:19:54.130  1805  1805 E Minikin : addFont failed to create font /system/fonts/NotoSansRejang-Regular.ttf
12-15 16:19:54.130  1804  1804 E Minikin : addFont failed to create font /system/fonts/NotoSansSundanese-Regular.ttf
12-15 16:19:54.130  1805  1805 E Minikin : addFont failed to create font /system/fonts/NotoSansSaurashtra-Regular.ttf
12-15 16:19:54.130  1804  1804 E Minikin : addFont failed to create font /system/fonts/NotoSansSylotiNagri-Regular.ttf
12-15 16:19:54.130  1805  1805 E Minikin : addFont failed to create font /system/fonts/NotoSansSundanese-Regular.ttf
12-15 16:19:54.130  1804  1804 E Minikin : addFont failed to create font /system/fonts/NotoSansTagbanwa-Regular.ttf
12-15 16:19:54.130  1805  1805 E Minikin : addFont failed to create font /system/fonts/NotoSansSylotiNagri-Regular.ttf
12-15 16:19:54.130  1804  1804 E Minikin : addFont failed to create font /system/fonts/NotoSansTaiTham-Regular.ttf
12-15 16:19:54.130  1805  1805 E Minikin : addFont failed to create font /system/fonts/NotoSansTagbanwa-Regular.ttf
12-15 16:19:54.130  1804  1804 E Minikin : addFont failed to create font /system/fonts/NotoSansTaiViet-Regular.ttf
12-15 16:19:54.130  1805  1805 E Minikin : addFont failed to create font /system/fonts/NotoSansTaiTham-Regular.ttf
12-15 16:19:54.130  1804  1804 E Minikin : addFont failed to create font /system/fonts/NotoSansTifinagh-Regular.ttf
12-15 16:19:54.130  1805  1805 E Minikin : addFont failed to create font /system/fonts/NotoSansTaiViet-Regular.ttf
12-15 16:19:54.130  1804  1804 E Minikin : addFont failed to create font /system/fonts/NotoSansYi-Regular.ttf
12-15 16:19:54.130  1805  1805 E Minikin : addFont failed to create font /system/fonts/NotoSansTifinagh-Regular.ttf
12-15 16:19:54.130  1804  1804 E Minikin : addFont failed to create font /system/fonts/Lohit-Odia.ttf
12-15 16:19:54.130  1805  1805 E Minikin : addFont failed to create font /system/fonts/NotoSansYi-Regular.ttf
12-15 16:19:54.130  1804  1804 E Minikin : addFont failed to create font /system/fonts/NotoSansHans-Regular.otf
12-15 16:19:54.130  1805  1805 E Minikin : addFont failed to create font /system/fonts/Lohit-Odia.ttf
12-15 16:19:54.130  1804  1804 E Minikin : addFont failed to create font /system/fonts/NotoSansHant-Regular.otf
12-15 16:19:54.130  1805  1805 E Minikin : addFont failed to create font /system/fonts/NotoSansHans-Regular.otf
12-15 16:19:54.130  1804  1804 E Minikin : addFont failed to create font /system/fonts/NotoSansJP-Regular.otf
12-15 16:19:54.130  1805  1805 E Minikin : addFont failed to create font /system/fonts/NotoSansHant-Regular.otf
12-15 16:19:54.130  1804  1804 E Minikin : addFont failed to create font /system/fonts/NotoSansKR-Regular.otf
12-15 16:19:54.130  1805  1805 E Minikin : addFont failed to create font /system/fonts/NotoSansJP-Regular.otf
12-15 16:19:54.130  1805  1805 E Minikin : addFont failed to create font /system/fonts/NotoSansKR-Regular.otf
12-15 16:19:54.133  1804  1804 E Minikin : addFont failed to create font /system/fonts/NotoSansTaiLe-Regular.ttf
12-15 16:19:54.133  1805  1805 E Minikin : addFont failed to create font /system/fonts/NotoSansTaiLe-Regular.ttf
12-15 16:19:54.147  1804  1804 I art     : Explicit concurrent mark sweep GC freed 1808(129KB) AllocSpace objects, 0(0B) LOS objects, 89% free, 126KB/1150KB, paused 18us total 1.129ms
12-15 16:19:54.147  1805  1805 I art     : Explicit concurrent mark sweep GC freed 1808(129KB) AllocSpace objects, 0(0B) LOS objects, 89% free, 122KB/1146KB, paused 33us total 1.457ms
12-15 16:19:54.155  1804  1804 I art     : Explicit concurrent mark sweep GC freed 1933(92KB) AllocSpace objects, 0(0B) LOS objects, 85% free, 170KB/1194KB, paused 20us total 1.583ms
12-15 16:19:54.156  1805  1805 I art     : Explicit concurrent mark sweep GC freed 1933(92KB) AllocSpace objects, 0(0B) LOS objects, 86% free, 163KB/1187KB, paused 24us total 1.621ms
12-15 16:19:54.157  1804  1804 I art     : Explicit concurrent mark sweep GC freed 1977(87KB) AllocSpace objects, 0(0B) LOS objects, 83% free, 207KB/1231KB, paused 12us total 1.060ms
12-15 16:19:54.158  1805  1805 I art     : Explicit concurrent mark sweep GC freed 1977(87KB) AllocSpace objects, 0(0B) LOS objects, 83% free, 197KB/1221KB, paused 39us total 1.411ms
12-15 16:19:54.159  1804  1804 I art     : Explicit concurrent mark sweep GC freed 371(19KB) AllocSpace objects, 0(0B) LOS objects, 80% free, 243KB/1267KB, paused 20us total 1.452ms
12-15 16:19:54.161  1805  1805 I art     : Explicit concurrent mark sweep GC freed 371(19KB) AllocSpace objects, 0(0B) LOS objects, 81% free, 230KB/1254KB, paused 23us total 1.344ms
12-15 16:19:54.177  1805  1805 I art     : Thread[1,tid=1805,WaitingForJniOnLoad,Thread*=0xf3c25800,peer=0x12c31160,"main"] recursive attempt to load library "/system/lib/libmedia_jni.so"
12-15 16:19:54.177  1805  1805 D MtpDeviceJNI: register_android_mtp_MtpDevice
12-15 16:19:54.177  1805  1805 I art     : Thread[1,tid=1805,WaitingForJniOnLoad,Thread*=0xf3c25800,peer=0x12c31160,"main"] recursive attempt to load library "/system/lib/libmedia_jni.so"
12-15 16:19:54.177  1805  1805 I art     : Thread[1,tid=1805,WaitingForJniOnLoad,Thread*=0xf3c25800,peer=0x12c31160,"main"] recursive attempt to load library "/system/lib/libmedia_jni.so"
12-15 16:19:54.182  1804  1804 I art     : Thread[1,tid=1804,WaitingForJniOnLoad,Thread*=0x7fe717495000,peer=0x12c31100,"main"] recursive attempt to load library "/system/lib64/libmedia_jni.so"
12-15 16:19:54.182  1804  1804 D MtpDeviceJNI: register_android_mtp_MtpDevice
12-15 16:19:54.183  1804  1804 I art     : Thread[1,tid=1804,WaitingForJniOnLoad,Thread*=0x7fe717495000,peer=0x12c31100,"main"] recursive attempt to load library "/system/lib64/libmedia_jni.so"
12-15 16:19:54.183  1804  1804 I art     : Thread[1,tid=1804,WaitingForJniOnLoad,Thread*=0x7fe717495000,peer=0x12c31100,"main"] recursive attempt to load library "/system/lib64/libmedia_jni.so"
12-15 16:19:54.184  1805  1805 I art     : Explicit concurrent mark sweep GC freed 661(37KB) AllocSpace objects, 0(0B) LOS objects, 80% free, 253KB/1277KB, paused 38us total 1.830ms
12-15 16:19:54.188  1804  1804 I art     : Explicit concurrent mark sweep GC freed 641(36KB) AllocSpace objects, 0(0B) LOS objects, 80% free, 255KB/1279KB, paused 13us total 1.411ms
12-15 16:19:54.194  1805  1805 I art     : Explicit concurrent mark sweep GC freed 578(29KB) AllocSpace objects, 0(0B) LOS objects, 78% free, 273KB/1297KB, paused 25us total 2.128ms
12-15 16:19:54.196  1804  1804 I art     : Explicit concurrent mark sweep GC freed 429(20KB) AllocSpace objects, 0(0B) LOS objects, 78% free, 283KB/1307KB, paused 13us total 1.293ms
12-15 16:19:54.198  1805  1805 I art     : Explicit concurrent mark sweep GC freed 454(27KB) AllocSpace objects, 0(0B) LOS objects, 76% free, 312KB/1336KB, paused 38us total 1.263ms
12-15 16:19:54.203  1804  1804 I art     : Explicit concurrent mark sweep GC freed 543(30KB) AllocSpace objects, 0(0B) LOS objects, 76% free, 311KB/1335KB, paused 22us total 1.525ms
12-15 16:19:54.206  1805  1805 I art     : Explicit concurrent mark sweep GC freed 1788(104KB) AllocSpace objects, 0(0B) LOS objects, 68% free, 461KB/1485KB, paused 41us total 1.849ms
12-15 16:19:54.209  1805  1805 E EmojiFactory_jni: Failed to load libemoji.so: dlopen failed: library "libemoji.so" not found
12-15 16:19:54.211  1804  1804 I art     : Explicit concurrent mark sweep GC freed 1868(110KB) AllocSpace objects, 0(0B) LOS objects, 68% free, 476KB/1500KB, paused 12us total 1.254ms
12-15 16:19:54.214  1804  1804 E EmojiFactory_jni: Failed to load libemoji.so: dlopen failed: library "libemoji.so" not found
12-15 16:19:54.216  1805  1805 I art     : Explicit concurrent mark sweep GC freed 350(45KB) AllocSpace objects, 0(0B) LOS objects, 57% free, 759KB/1783KB, paused 24us total 1.926ms
12-15 16:19:54.221  1804  1804 I art     : Explicit concurrent mark sweep GC freed 350(45KB) AllocSpace objects, 0(0B) LOS objects, 56% free, 775KB/1799KB, paused 22us total 2.205ms
12-15 16:19:54.222  1805  1805 I art     : Explicit concurrent mark sweep GC freed 438(30KB) AllocSpace objects, 0(0B) LOS objects, 56% free, 777KB/1801KB, paused 24us total 2.096ms
12-15 16:19:54.225  1804  1804 I art     : Explicit concurrent mark sweep GC freed 438(30KB) AllocSpace objects, 0(0B) LOS objects, 56% free, 793KB/1817KB, paused 23us total 1.510ms
12-15 16:19:54.230  1805  1805 I art     : Explicit concurrent mark sweep GC freed 789(49KB) AllocSpace objects, 0(0B) LOS objects, 56% free, 779KB/1803KB, paused 28us total 1.935ms
12-15 16:19:54.233  1804  1804 I art     : Explicit concurrent mark sweep GC freed 789(49KB) AllocSpace objects, 0(0B) LOS objects, 56% free, 795KB/1819KB, paused 23us total 1.772ms
12-15 16:19:54.242  1805  1805 I art     : Explicit concurrent mark sweep GC freed 956(105KB) AllocSpace objects, 0(0B) LOS objects, 55% free, 821KB/1845KB, paused 41us total 2.517ms
12-15 16:19:54.243  1804  1804 I art     : Explicit concurrent mark sweep GC freed 956(105KB) AllocSpace objects, 0(0B) LOS objects, 54% free, 839KB/1863KB, paused 18us total 2.062ms
12-15 16:19:54.249  1805  1805 I art     : Explicit concurrent mark sweep GC freed 597(42KB) AllocSpace objects, 0(0B) LOS objects, 55% free, 828KB/1852KB, paused 38us total 1.958ms
12-15 16:19:54.250  1804  1804 I art     : Explicit concurrent mark sweep GC freed 597(42KB) AllocSpace objects, 0(0B) LOS objects, 54% free, 846KB/1870KB, paused 13us total 1.448ms
12-15 16:19:54.258  1804  1804 I art     : Explicit concurrent mark sweep GC freed 265(20KB) AllocSpace objects, 0(0B) LOS objects, 53% free, 874KB/1898KB, paused 21us total 1.792ms
12-15 16:19:54.258  1805  1805 I art     : Explicit concurrent mark sweep GC freed 265(20KB) AllocSpace objects, 0(0B) LOS objects, 54% free, 856KB/1880KB, paused 45us total 2.148ms
12-15 16:19:54.272  1805  1805 I art     : Explicit concurrent mark sweep GC freed 12(576B) AllocSpace objects, 0(0B) LOS objects, 45% free, 1235KB/2MB, paused 37us total 1.842ms
12-15 16:19:54.272  1804  1804 I art     : Explicit concurrent mark sweep GC freed 20(832B) AllocSpace objects, 0(0B) LOS objects, 44% free, 1253KB/2MB, paused 14us total 1.750ms
12-15 16:19:54.275  1804  1804 I art     : Explicit concurrent mark sweep GC freed 567(32KB) AllocSpace objects, 0(0B) LOS objects, 44% free, 1270KB/2MB, paused 16us total 1.869ms
12-15 16:19:54.275  1805  1805 I art     : Explicit concurrent mark sweep GC freed 571(33KB) AllocSpace objects, 0(0B) LOS objects, 44% free, 1251KB/2MB, paused 30us total 2.163ms
12-15 16:19:54.278  1804  1804 I art     : Explicit concurrent mark sweep GC freed 734(45KB) AllocSpace objects, 0(0B) LOS objects, 44% free, 1273KB/2MB, paused 16us total 1.709ms
12-15 16:19:54.278  1805  1805 I art     : Explicit concurrent mark sweep GC freed 741(45KB) AllocSpace objects, 0(0B) LOS objects, 44% free, 1255KB/2MB, paused 27us total 1.814ms
12-15 16:19:54.287  1804  1804 I System  : Loaded time zone names for "" in 8ms (8ms in ICU)
12-15 16:19:54.289  1805  1805 I System  : Loaded time zone names for "" in 10ms (9ms in ICU)
12-15 16:19:54.294  1804  1804 I System  : Loaded time zone names for "en_US" in 7ms (6ms in ICU)
12-15 16:19:54.297  1805  1805 I System  : Loaded time zone names for "en_US" in 8ms (6ms in ICU)
12-15 16:19:54.302  1804  1804 I System  : Loaded time zone names for "zh_CN" in 8ms (7ms in ICU)
12-15 16:19:54.305  1804  1804 I art     : Explicit concurrent mark sweep GC freed 4042(239KB) AllocSpace objects, 0(0B) LOS objects, 41% free, 1469KB/2MB, paused 23us total 2.526ms
12-15 16:19:54.306  1805  1805 I System  : Loaded time zone names for "zh_CN" in 9ms (8ms in ICU)
12-15 16:19:54.308  1804  1804 I art     : Explicit concurrent mark sweep GC freed 136(12KB) AllocSpace objects, 0(0B) LOS objects, 40% free, 1534KB/2MB, paused 22us total 2.238ms
12-15 16:19:54.309  1805  1805 I art     : Explicit concurrent mark sweep GC freed 4028(238KB) AllocSpace objects, 0(0B) LOS objects, 41% free, 1450KB/2MB, paused 26us total 2.886ms
12-15 16:19:54.312  1804  1804 I art     : Explicit concurrent mark sweep GC freed 288(24KB) AllocSpace objects, 0(0B) LOS objects, 39% free, 1586KB/2MB, paused 14us total 1.751ms
12-15 16:19:54.312  1805  1805 I art     : Explicit concurrent mark sweep GC freed 136(12KB) AllocSpace objects, 0(0B) LOS objects, 40% free, 1515KB/2MB, paused 26us total 2.002ms
12-15 16:19:54.315  1804  1804 I art     : Explicit concurrent mark sweep GC freed 679(47KB) AllocSpace objects, 0(0B) LOS objects, 39% free, 1587KB/2MB, paused 17us total 1.879ms
12-15 16:19:54.315  1804  1804 I Zygote  : ...preloaded 3005 classes in 273ms.
12-15 16:19:54.315  1804  1804 I art     : VMRuntime.preloadDexCaches starting
12-15 16:19:54.316  1805  1805 I art     : Explicit concurrent mark sweep GC freed 288(24KB) AllocSpace objects, 0(0B) LOS objects, 39% free, 1561KB/2MB, paused 27us total 2.179ms
12-15 16:19:54.321  1805  1805 I art     : Explicit concurrent mark sweep GC freed 679(47KB) AllocSpace objects, 0(0B) LOS objects, 39% free, 1562KB/2MB, paused 43us total 2.684ms
12-15 16:19:54.321  1805  1805 I Zygote  : ...preloaded 3005 classes in 278ms.
12-15 16:19:54.321  1805  1805 I art     : VMRuntime.preloadDexCaches starting
12-15 16:19:54.331  1804  1804 I art     : VMRuntime.preloadDexCaches strings total=214641 before=38996 after=38996
12-15 16:19:54.331  1804  1804 I art     : VMRuntime.preloadDexCaches types total=18345 before=6389 after=6425
12-15 16:19:54.331  1804  1804 I art     : VMRuntime.preloadDexCaches fields total=85569 before=32261 after=32595
12-15 16:19:54.331  1804  1804 I art     : VMRuntime.preloadDexCaches methods total=151780 before=66835 after=67736
12-15 16:19:54.331  1804  1804 I art     : VMRuntime.preloadDexCaches finished
12-15 16:19:54.331  1804  1804 I art     : Counter: 0
12-15 16:19:54.331  1804  1804 I art     : Counter: 1
12-15 16:19:54.334  1804  1804 I art     : Explicit concurrent mark sweep GC freed 61(15KB) AllocSpace objects, 0(0B) LOS objects, 40% free, 1573KB/2MB, paused 21us total 2.969ms
12-15 16:19:54.336  1805  1805 I art     : VMRuntime.preloadDexCaches strings total=214641 before=38996 after=38996
12-15 16:19:54.336  1805  1805 I art     : VMRuntime.preloadDexCaches types total=18345 before=6389 after=6425
12-15 16:19:54.336  1805  1805 I art     : VMRuntime.preloadDexCaches fields total=85569 before=32261 after=32595
12-15 16:19:54.336  1805  1805 I art     : VMRuntime.preloadDexCaches methods total=151780 before=66835 after=67736
12-15 16:19:54.336  1805  1805 I art     : VMRuntime.preloadDexCaches finished
12-15 16:19:54.336  1805  1805 I art     : Counter: 0
12-15 16:19:54.336  1805  1805 I art     : Counter: 1
12-15 16:19:54.339  2059  2059 D idmap   : error: no read access to /vendor/overlay: No such file or directory
12-15 16:19:54.340  1805  1805 I art     : Explicit concurrent mark sweep GC freed 61(15KB) AllocSpace objects, 0(0B) LOS objects, 40% free, 1548KB/2MB, paused 25us total 3.273ms
12-15 16:19:54.343  2060  2060 D idmap   : error: no read access to /vendor/overlay: No such file or directory
12-15 16:19:54.350  1804  1804 I Zygote  : Preloading resources...
12-15 16:19:54.350  1805  1805 I Zygote  : Preloading resources...
12-15 16:19:54.359  1805  1805 I art     : Explicit concurrent mark sweep GC freed 86(3KB) AllocSpace objects, 0(0B) LOS objects, 39% free, 1597KB/2MB, paused 48us total 3.700ms
12-15 16:19:54.359  1804  1804 I art     : Explicit concurrent mark sweep GC freed 86(3KB) AllocSpace objects, 0(0B) LOS objects, 40% free, 1622KB/2MB, paused 32us total 3.306ms
12-15 16:19:54.362  1804  1804 I art     : Explicit concurrent mark sweep GC freed 89(4KB) AllocSpace objects, 0(0B) LOS objects, 39% free, 1668KB/2MB, paused 14us total 1.815ms
12-15 16:19:54.362  1805  1805 I art     : Explicit concurrent mark sweep GC freed 89(4KB) AllocSpace objects, 0(0B) LOS objects, 40% free, 1643KB/2MB, paused 37us total 2.080ms
12-15 16:19:54.365  1804  1804 I art     : Explicit concurrent mark sweep GC freed 115(5KB) AllocSpace objects, 0(0B) LOS objects, 39% free, 1712KB/2MB, paused 18us total 1.616ms
12-15 16:19:54.365  1805  1805 I art     : Explicit concurrent mark sweep GC freed 122(5KB) AllocSpace objects, 0(0B) LOS objects, 39% free, 1691KB/2MB, paused 27us total 1.909ms
12-15 16:19:54.367  1804  1804 I art     : Explicit concurrent mark sweep GC freed 99(4KB) AllocSpace objects, 0(0B) LOS objects, 39% free, 1758KB/2MB, paused 17us total 1.576ms
12-15 16:19:54.368  1805  1805 I art     : Explicit concurrent mark sweep GC freed 101(4KB) AllocSpace objects, 0(0B) LOS objects, 39% free, 1736KB/2MB, paused 28us total 1.847ms
12-15 16:19:54.370  1804  1804 I art     : Explicit concurrent mark sweep GC freed 94(4KB) AllocSpace objects, 0(0B) LOS objects, 39% free, 1803KB/2MB, paused 15us total 1.605ms
12-15 16:19:54.371  1805  1805 I art     : Explicit concurrent mark sweep GC freed 93(4KB) AllocSpace objects, 0(0B) LOS objects, 40% free, 1781KB/2MB, paused 28us total 1.859ms
12-15 16:19:54.373  1804  1804 I art     : Explicit concurrent mark sweep GC freed 102(4KB) AllocSpace objects, 0(0B) LOS objects, 39% free, 1849KB/3MB, paused 15us total 1.654ms
12-15 16:19:54.373  1805  1805 I art     : Explicit concurrent mark sweep GC freed 103(4KB) AllocSpace objects, 0(0B) LOS objects, 39% free, 1827KB/2MB, paused 28us total 1.872ms
12-15 16:19:54.375  1804  1804 I art     : Explicit concurrent mark sweep GC freed 112(5KB) AllocSpace objects, 0(0B) LOS objects, 39% free, 1894KB/3MB, paused 14us total 1.649ms
12-15 16:19:54.376  1805  1805 I art     : Explicit concurrent mark sweep GC freed 112(5KB) AllocSpace objects, 0(0B) LOS objects, 39% free, 1872KB/3MB, paused 28us total 1.882ms
12-15 16:19:54.378  1804  1804 I art     : Explicit concurrent mark sweep GC freed 118(5KB) AllocSpace objects, 0(0B) LOS objects, 39% free, 1941KB/3MB, paused 16us total 1.643ms
12-15 16:19:54.379  1805  1805 I art     : Explicit concurrent mark sweep GC freed 117(5KB) AllocSpace objects, 0(0B) LOS objects, 39% free, 1919KB/3MB, paused 28us total 1.893ms
12-15 16:19:54.380  1804  1804 I art     : Explicit concurrent mark sweep GC freed 108(5KB) AllocSpace objects, 0(0B) LOS objects, 39% free, 1990KB/3MB, paused 15us total 1.644ms
12-15 16:19:54.382  1805  1805 I art     : Explicit concurrent mark sweep GC freed 108(5KB) AllocSpace objects, 0(0B) LOS objects, 39% free, 1967KB/3MB, paused 28us total 1.882ms
12-15 16:19:54.384  1804  1804 I art     : Explicit concurrent mark sweep GC freed 153(6KB) AllocSpace objects, 0(0B) LOS objects, 40% free, 2MB/3MB, paused 16us total 1.682ms
12-15 16:19:54.385  1805  1805 I art     : Explicit concurrent mark sweep GC freed 147(6KB) AllocSpace objects, 0(0B) LOS objects, 40% free, 2038KB/3MB, paused 29us total 1.968ms
12-15 16:19:54.387  1804  1804 I art     : Explicit concurrent mark sweep GC freed 138(6KB) AllocSpace objects, 0(0B) LOS objects, 39% free, 2MB/3MB, paused 17us total 1.692ms
12-15 16:19:54.388  1805  1805 I art     : Explicit concurrent mark sweep GC freed 136(5KB) AllocSpace objects, 0(0B) LOS objects, 39% free, 2MB/3MB, paused 28us total 1.946ms
12-15 16:19:54.389  1804  1804 I art     : Explicit concurrent mark sweep GC freed 84(7KB) AllocSpace objects, 0(0B) LOS objects, 39% free, 2MB/3MB, paused 17us total 1.693ms
12-15 16:19:54.390  1805  1805 I art     : Explicit concurrent mark sweep GC freed 84(7KB) AllocSpace objects, 0(0B) LOS objects, 40% free, 2MB/3MB, paused 29us total 1.926ms
12-15 16:19:54.392  1804  1804 I art     : Explicit concurrent mark sweep GC freed 112(4KB) AllocSpace objects, 0(0B) LOS objects, 40% free, 2MB/3MB, paused 20us total 1.717ms
12-15 16:19:54.393  1805  1805 I art     : Explicit concurrent mark sweep GC freed 112(4KB) AllocSpace objects, 0(0B) LOS objects, 39% free, 2MB/3MB, paused 29us total 1.958ms
12-15 16:19:54.395  1804  1804 I art     : Explicit concurrent mark sweep GC freed 135(5KB) AllocSpace objects, 0(0B) LOS objects, 39% free, 2MB/3MB, paused 16us total 1.689ms
12-15 16:19:54.396  1805  1805 I art     : Explicit concurrent mark sweep GC freed 135(5KB) AllocSpace objects, 0(0B) LOS objects, 40% free, 2MB/3MB, paused 30us total 1.959ms
12-15 16:19:54.397  1804  1804 I art     : Explicit concurrent mark sweep GC freed 62(2752B) AllocSpace objects, 0(0B) LOS objects, 39% free, 2MB/3MB, paused 17us total 1.695ms
12-15 16:19:54.398  1805  1805 I art     : Explicit concurrent mark sweep GC freed 62(2752B) AllocSpace objects, 0(0B) LOS objects, 39% free, 2MB/3MB, paused 29us total 1.934ms
12-15 16:19:54.401  1804  1804 I art     : Explicit concurrent mark sweep GC freed 111(4KB) AllocSpace objects, 0(0B) LOS objects, 40% free, 2MB/4MB, paused 18us total 1.737ms
12-15 16:19:54.402  1805  1805 I art     : Explicit concurrent mark sweep GC freed 111(4KB) AllocSpace objects, 0(0B) LOS objects, 39% free, 2MB/4MB, paused 30us total 2.003ms
12-15 16:19:54.404  1804  1804 I art     : Explicit concurrent mark sweep GC freed 206(9KB) AllocSpace objects, 0(0B) LOS objects, 40% free, 2MB/4MB, paused 17us total 1.753ms
12-15 16:19:54.405  1805  1805 I art     : Explicit concurrent mark sweep GC freed 206(9KB) AllocSpace objects, 0(0B) LOS objects, 40% free, 2MB/4MB, paused 30us total 2.064ms
12-15 16:19:54.407  1804  1804 I art     : Explicit concurrent mark sweep GC freed 370(16KB) AllocSpace objects, 0(0B) LOS objects, 40% free, 2MB/4MB, paused 17us total 1.778ms
12-15 16:19:54.409  1805  1805 I art     : Explicit concurrent mark sweep GC freed 370(16KB) AllocSpace objects, 0(0B) LOS objects, 39% free, 2MB/4MB, paused 31us total 2.036ms
12-15 16:19:54.411  1804  1804 I art     : Explicit concurrent mark sweep GC freed 214(9KB) AllocSpace objects, 0(0B) LOS objects, 39% free, 2MB/4MB, paused 18us total 1.766ms
12-15 16:19:54.411  1805  1805 I art     : Explicit concurrent mark sweep GC freed 214(9KB) AllocSpace objects, 0(0B) LOS objects, 40% free, 2MB/4MB, paused 31us total 2.024ms
12-15 16:19:54.413  1804  1804 I art     : Explicit concurrent mark sweep GC freed 112(6KB) AllocSpace objects, 0(0B) LOS objects, 39% free, 2MB/4MB, paused 17us total 1.766ms
12-15 16:19:54.414  1805  1805 I art     : Explicit concurrent mark sweep GC freed 112(6KB) AllocSpace objects, 0(0B) LOS objects, 40% free, 2MB/4MB, paused 31us total 2.025ms
12-15 16:19:54.416  1804  1804 I art     : Explicit concurrent mark sweep GC freed 113(5KB) AllocSpace objects, 0(0B) LOS objects, 39% free, 2MB/4MB, paused 18us total 1.758ms
12-15 16:19:54.417  1805  1805 I art     : Explicit concurrent mark sweep GC freed 113(5KB) AllocSpace objects, 0(0B) LOS objects, 39% free, 2MB/4MB, paused 31us total 2.024ms
