12-14 08:37:35.549  2558  2558 I sh      : WARNING: linker: [vdso]: unused DT entry: type 0x6ffffef5 arg 0xec
12-14 08:37:35.550  2558  2558 I sh      : Simple mixer control 'Master',0
12-14 08:37:35.550  2558  2558 I sh      :   Capabilities: pvolume pvolume-joined pswitch pswitch-joined penum
12-14 08:37:35.550  2558  2558 I sh      :   Playback channels: Mono
12-14 08:37:35.550  2558  2558 I sh      :   Limits: Playback 0 - 64
12-14 08:37:35.550  2558  2558 I sh      :   Mono: Playback 44 [69%] [-20.00dB] [on]
12-14 08:37:35.551  2558  2558 I sh      : + alsa_amixer -c 1 set Master 100%
12-14 08:37:35.551  2586  2586 W linker  : [vdso]: unused DT entry: type 0x6ffffef5 arg 0xec
12-14 08:37:35.551  2558  2558 I sh      : WARNING: linker: [vdso]: unused DT entry: type 0x6ffffef5 arg 0xec
12-14 08:37:35.552  2558  2558 I sh      : Simple mixer control 'Master',0
12-14 08:37:35.552  2558  2558 I sh      :   Capabilities: pvolume pvolume-joined pswitch pswitch-joined penum
12-14 08:37:35.552  2558  2558 I sh      :   Playback channels: Mono
12-14 08:37:35.552  2558  2558 I sh      :   Limits: Playback 0 - 64
12-14 08:37:35.552  2558  2558 I sh      :   Mono: Playback 64 [100%] [0.00dB] [on]
12-14 08:37:35.552  2558  2558 I sh      : + alsa_amixer -c 1 set Headphone on
12-14 08:37:35.553  2587  2587 W linker  : [vdso]: unused DT entry: type 0x6ffffef5 arg 0xec
12-14 08:37:35.553  2558  2558 I sh      : WARNING: linker: [vdso]: unused DT entry: type 0x6ffffef5 arg 0xec
12-14 08:37:35.554  2558  2558 I sh      : Simple mixer control 'Headphone',0
12-14 08:37:35.554  2558  2558 I sh      :   Capabilities: pvolume pswitch penum
12-14 08:37:35.554  2558  2558 I sh      :   Playback channels: Front Left - Front Right
12-14 08:37:35.554  2558  2558 I sh      :   Limits: Playback 0 - 64
12-14 08:37:35.554  2558  2558 I sh      :   Mono:
12-14 08:37:35.554  2558  2558 I sh      :   Front Left: Playback 64 [100%] [0.00dB] [on]
12-14 08:37:35.554  2558  2558 I sh      :   Front Right: Playback 64 [100%] [0.00dB] [on]
12-14 08:37:35.554  2558  2558 I sh      : + alsa_amixer -c 1 set Headphone 100%
12-14 08:37:35.555  2588  2588 W linker  : [vdso]: unused DT entry: type 0x6ffffef5 arg 0xec
12-14 08:37:35.555  2558  2558 I sh      : WARNING: linker: [vdso]: unused DT entry: type 0x6ffffef5 arg 0xec
12-14 08:37:35.556  2558  2558 I sh      : Simple mixer control 'Headphone',0
12-14 08:37:35.556  2558  2558 I sh      :   Capabilities: pvolume pswitch penum
12-14 08:37:35.556  2558  2558 I sh      :   Playback channels: Front Left - Front Right
12-14 08:37:35.556  2558  2558 I sh      :   Limits: Playback 0 - 64
12-14 08:37:35.556  2558  2558 I sh      :   Mono:
12-14 08:37:35.556  2558  2558 I sh      :   Front Left: Playback 64 [100%] [0.00dB] [on]
12-14 08:37:35.556  2558  2558 I sh      :   Front Right: Playback 64 [100%] [0.00dB] [on]
12-14 08:37:35.556  2558  2558 I sh      : + alsa_amixer -c 1 set Speaker 100%
12-14 08:37:35.557  2589  2589 W linker  : [vdso]: unused DT entry: type 0x6ffffef5 arg 0xec
12-14 08:37:35.557  2558  2558 I sh      : WARNING: linker: [vdso]: unused DT entry: type 0x6ffffef5 arg 0xec
12-14 08:37:35.558  2558  2558 I sh      : Simple mixer control 'Speaker',0
12-14 08:37:35.558  2558  2558 I sh      :   Capabilities: pvolume pswitch penum
12-14 08:37:35.558  2558  2558 I sh      :   Playback channels: Front Left - Front Right
12-14 08:37:35.558  2558  2558 I sh      :   Limits: Playback 0 - 64
12-14 08:37:35.558  2558  2558 I sh      :   Mono:
12-14 08:37:35.558  2558  2558 I sh      :   Front Left: Playback 64 [100%] [0.00dB] [on]
12-14 08:37:35.558  2558  2558 I sh      :   Front Right: Playback 64 [100%] [0.00dB] [on]
12-14 08:37:35.558  2558  2558 I sh      : + alsa_amixer -c 1 set Capture 100%
12-14 08:37:35.559  2590  2590 W linker  : [vdso]: unused DT entry: type 0x6ffffef5 arg 0xec
12-14 08:37:35.559  2558  2558 I sh      : WARNING: linker: [vdso]: unused DT entry: type 0x6ffffef5 arg 0xec
12-14 08:37:35.560  2558  2558 I sh      : Simple mixer control 'Capture',0
12-14 08:37:35.560  2558  2558 I sh      :   Capabilities: cvolume cswitch penum
12-14 08:37:35.560  2558  2558 I sh      :   Capture channels: Front Left - Front Right
12-14 08:37:35.560  2558  2558 I sh      :   Limits: Capture 0 - 46
12-14 08:37:35.560  2558  2558 I sh      :   Front Left: Capture 46 [100%] [30.00dB] [on]
12-14 08:37:35.560  2558  2558 I sh      :   Front Right: Capture 46 [100%] [30.00dB] [on]
12-14 08:37:35.560  2558  2558 I sh      : + alsa_amixer -c 1 set Capture cap
12-14 08:37:35.560  2591  2591 W linker  : [vdso]: unused DT entry: type 0x6ffffef5 arg 0xec
12-14 08:37:35.560  2558  2558 I sh      : WARNING: linker: [vdso]: unused DT entry: type 0x6ffffef5 arg 0xec
12-14 08:37:35.562  2558  2558 I sh      : Simple mixer control 'Capture',0
12-14 08:37:35.562  2558  2558 I sh      :   Capabilities: cvolume cswitch penum
12-14 08:37:35.562  2558  2558 I sh      :   Capture channels: Front Left - Front Right
12-14 08:37:35.562  2558  2558 I sh      :   Limits: Capture 0 - 46
12-14 08:37:35.562  2558  2558 I sh      :   Front Left: Capture 46 [100%] [30.00dB] [on]
12-14 08:37:35.562  2558  2558 I sh      :   Front Right: Capture 46 [100%] [30.00dB] [on]
12-14 08:37:35.562  2558  2558 I sh      : + alsa_amixer -c 1 set PCM 100 unmute
12-14 08:37:35.562  2592  2592 W linker  : [vdso]: unused DT entry: type 0x6ffffef5 arg 0xec
12-14 08:37:35.562  2558  2558 I sh      : WARNING: linker: [vdso]: unused DT entry: type 0x6ffffef5 arg 0xec
12-14 08:37:35.564  2558  2558 I sh      : amixer: Unable to find simple control 'PCM',0
12-14 08:37:35.564  2558  2558 I sh      : + alsa_amixer -c 1 set SPO unmute
12-14 08:37:35.564  2593  2593 W linker  : [vdso]: unused DT entry: type 0x6ffffef5 arg 0xec
12-14 08:37:35.564  2558  2558 I sh      : WARNING: linker: [vdso]: unused DT entry: type 0x6ffffef5 arg 0xec
12-14 08:37:35.565  2558  2558 I sh      : amixer: Unable to find simple control 'SPO',0
12-14 08:37:35.566  2558  2558 I sh      : + alsa_amixer -c 1 set 'Mic Boost' 3
12-14 08:37:35.566  2594  2594 W linker  : [vdso]: unused DT entry: type 0x6ffffef5 arg 0xec
12-14 08:37:35.566  2558  2558 I sh      : WARNING: linker: [vdso]: unused DT entry: type 0x6ffffef5 arg 0xec
12-14 08:37:35.568  2558  2558 I sh      : Simple mixer control 'Mic Boost',0
12-14 08:37:35.568  2558  2558 I sh      :   Capabilities: volume penum
12-14 08:37:35.568  2558  2558 I sh      :   Playback channels: Front Left - Front Right
12-14 08:37:35.568  2558  2558 I sh      :   Capture channels: Front Left - Front Right
12-14 08:37:35.568  2558  2558 I sh      :   Limits: 0 - 3
12-14 08:37:35.568  2558  2558 I sh      :   Front Left: 3 [100%] [30.00dB]
12-14 08:37:35.568  2558  2558 I sh      :   Front Right: 3 [100%] [30.00dB]
12-14 08:37:35.568  2558  2558 I sh      : + alsa_amixer -c 1 set 'Internal Mic Boost' 3
12-14 08:37:35.568  2595  2595 W linker  : [vdso]: unused DT entry: type 0x6ffffef5 arg 0xec
12-14 08:37:35.568  2558  2558 I sh      : WARNING: linker: [vdso]: unused DT entry: type 0x6ffffef5 arg 0xec
12-14 08:37:35.570  2558  2558 I sh      : amixer: Unable to find simple control 'Internal Mic Boost',0
12-14 08:37:35.570  2558  2558 I sh      : + return 0
12-14 08:37:35.586  2063  2596 I ActivityManager: Start proc 2598:com.android.keychain/1000 for service com.android.keychain/.KeyChainService
12-14 08:37:35.591  2598  2598 I ActivityThread: Switching default density from 160 to 240
12-14 08:37:35.613  2063  2621 I RecoverySystem: No recovery log file
12-14 08:37:35.616  2063  2621 I BootReceiver: Copying audit failures to DropBox
12-14 08:37:35.616  2063  2621 I BootReceiver: Checking for fsck errors
12-14 08:37:35.650  2063  2318 I ActivityManager: Start proc 2623:com.android.dialer/u0a3 for broadcast com.android.dialer/.calllog.CallLogReceiver
12-14 08:37:35.655  2623  2623 I ActivityThread: Switching default density from 160 to 240
12-14 08:37:35.664  2623  2623 D ExtensionsFactory: No custom extensions.
12-14 08:37:35.666  2063  2114 D WIFI    : Registering NetworkFactory
12-14 08:37:35.666  2063  2114 D WIFI_UT : Registering NetworkFactory
12-14 08:37:35.666  2063  2116 D ConnectivityService: Got NetworkFactory Messenger for WIFI
12-14 08:37:35.666  2063  2116 D ConnectivityService: Got NetworkFactory Messenger for WIFI_UT
12-14 08:37:35.666  2063  2114 D WIFI    : got request NetworkRequest [ id=1, legacyType=-1, [ Capabilities: INTERNET&NOT_RESTRICTED&TRUSTED&NOT_VPN] ] with score 0
12-14 08:37:35.666  2063  2114 D WIFI_UT : got request NetworkRequest [ id=1, legacyType=-1, [ Capabilities: INTERNET&NOT_RESTRICTED&TRUSTED&NOT_VPN] ] with score 0
12-14 08:37:35.785  2063  2208 I ActivityManager: Start proc 2650:com.android.onetimeinitializer/u0a5 for broadcast com.android.onetimeinitializer/.OneTimeInitializerReceiver
12-14 08:37:35.787  2512  2649 E SQLiteLog: (283) recovered 39 frames from WAL file /data/user/0/com.android.providers.media/databases/internal.db-wal
12-14 08:37:35.789  2650  2650 I ActivityThread: Switching default density from 160 to 240
12-14 08:37:35.791  2650  2650 V OneTimeInitializerRece: OneTimeInitializerReceiver.onReceive
12-14 08:37:35.794  2512  2649 W MediaScanner: Error opening directory '/oem/media/', skipping: No such file or directory.
12-14 08:37:35.806  2063  2294 I ActivityManager: Start proc 2674:com.android.providers.calendar/u0a10 for broadcast com.android.providers.calendar/.CalendarReceiver
12-14 08:37:35.810  2674  2674 I ActivityThread: Switching default density from 160 to 240
12-14 08:37:35.811  2674  2674 W ResourcesManager: Asset path '/system/framework/android.test.runner.jar' does not exist or contains no resources.
12-14 08:37:35.821  2674  2674 I CalendarProvider2: Created com.android.providers.calendar.CalendarAlarmManager@2cc34b64(com.android.providers.calendar.CalendarProvider2@377c1cd)
12-14 08:37:35.826  2512  2649 W MediaScanner: Error opening directory '/storage/sdcard1/', skipping: Permission denied.
12-14 08:37:35.826  2512  2649 W MediaScanner: Error opening directory '/storage/usb0/', skipping: Permission denied.
12-14 08:37:35.826  2512  2649 W MediaScanner: Error opening directory '/storage/usb1/', skipping: Permission denied.
12-14 08:37:35.826  2512  2649 W MediaScanner: Error opening directory '/storage/usb2/', skipping: Permission denied.
12-14 08:37:35.826  2512  2649 W MediaScanner: Error opening directory '/storage/usb3/', skipping: Permission denied.
12-14 08:37:35.827  2512  2649 V MediaScanner: pruneDeadThumbnailFiles... android.database.sqlite.SQLiteCursor@34425594
12-14 08:37:35.827  2512  2649 V MediaScanner: /pruneDeadThumbnailFiles... android.database.sqlite.SQLiteCursor@34425594
12-14 08:37:35.838  2063  2208 I ActivityManager: Start proc 2698:com.android.settings/1000 for broadcast com.android.settings/.sim.SimBootReceiver
12-14 08:37:35.843  2698  2698 I ActivityThread: Switching default density from 160 to 240
12-14 08:37:35.870  2063  2318 I ActivityManager: Start proc 2720:com.android.mms/u0a14 for broadcast com.android.mms/.transaction.MmsSystemEventReceiver
12-14 08:37:35.874  2720  2720 I ActivityThread: Switching default density from 160 to 240
12-14 08:37:35.882  2063  2084 D CountryDetector: The first listener is added
12-14 08:37:35.886  2720  2720 V Mms     : mnc/mcc: 
12-14 08:37:35.886  2720  2720 V Mms     : tag: bool value: enabledMMS - true
12-14 08:37:35.886  2720  2720 V Mms     : tag: int value: maxMessageSize - 307200
12-14 08:37:35.886  2720  2720 V Mms     : tag: int value: maxImageHeight - 480
12-14 08:37:35.886  2720  2720 V Mms     : tag: int value: maxImageWidth - 640
12-14 08:37:35.886  2720  2720 V Mms     : tag: int value: defaultSMSMessagesPerThread - 10000
12-14 08:37:35.886  2720  2720 V Mms     : tag: int value: defaultMMSMessagesPerThread - 1000
12-14 08:37:35.886  2720  2720 V Mms     : tag: int value: minMessageCountPerThread - 10
12-14 08:37:35.886  2720  2720 V Mms     : tag: int value: maxMessageCountPerThread - 5000
12-14 08:37:35.886  2720  2720 V Mms     : tag: string value: uaProfUrl - http://www.google.com/oha/rdf/ua-profile-kila.xml
12-14 08:37:35.886  2720  2720 V Mms     : tag: int value: recipientLimit - -1
12-14 08:37:35.886  2720  2720 V Mms     : tag: bool value: enableMultipartSMS - true
12-14 08:37:35.886  2720  2720 V Mms     : tag: int value: smsToMmsTextThreshold - -1
12-14 08:37:35.886  2720  2720 V Mms     : tag: bool value: enableSlideDuration - true
12-14 08:37:35.886  2720  2720 V Mms     : tag: int value: maxMessageTextSize - -1
12-14 08:37:35.892  2720  2754 D ConnectivityManager: getMobileDataEnabled()+ subId=-1
12-14 08:37:35.892  2308  2347 D PhoneInterfaceManager: [PhoneIntfMgr] getDataEnabled: subId=-1 phoneId=-1
12-14 08:37:35.892  2308  2347 E PhoneInterfaceManager: [PhoneIntfMgr] getDataEnabled: no phone subId=-1 retVal=false
12-14 08:37:35.892  2720  2754 D ConnectivityManager: getMobileDataEnabled()- subId=-1 retVal=false
12-14 08:37:35.908  2063  2208 I ActivityManager: Start proc 2756:com.android.managedprovisioning/u0a15 for broadcast com.android.managedprovisioning/.BootReminder
12-14 08:37:35.908  2720  2754 D ConnectivityManager: getMobileDataEnabled()+ subId=-1
12-14 08:37:35.909  2308  2348 D MmsSmsDatabaseHelper: [MmsSmsDb] tableName: threads hasAutoIncrement: CREATE TABLE threads (_id INTEGER PRIMARY KEY AUTOINCREMENT,date INTEGER DEFAULT 0,message_count INTEGER DEFAULT 0,recipient_ids TEXT,snippet TEXT,snippet_cs INTEGER DEFAULT 0,read INTEGER DEFAULT 1,archived INTEGER DEFAULT 0,type INTEGER DEFAULT 0,error INTEGER DEFAULT 0,has_attachment INTEGER DEFAULT 0) result: true
12-14 08:37:35.909  2308  2347 D PhoneInterfaceManager: [PhoneIntfMgr] getDataEnabled: subId=-1 phoneId=-1
12-14 08:37:35.909  2308  2347 E PhoneInterfaceManager: [PhoneIntfMgr] getDataEnabled: no phone subId=-1 retVal=false
12-14 08:37:35.909  2720  2754 D ConnectivityManager: getMobileDataEnabled()- subId=-1 retVal=false
12-14 08:37:35.909  2308  2348 D MmsSmsDatabaseHelper: [MmsSmsDb] tableName: canonical_addresses hasAutoIncrement: CREATE TABLE canonical_addresses (_id INTEGER PRIMARY KEY AUTOINCREMENT,address TEXT) result: true
12-14 08:37:35.909  2308  2348 D MmsSmsDatabaseHelper: [MmsSmsDb] tableName: part hasAutoIncrement: CREATE TABLE part (_id INTEGER PRIMARY KEY AUTOINCREMENT,mid INTEGER,seq INTEGER DEFAULT 0,ct TEXT,name TEXT,chset INTEGER,cd TEXT,fn TEXT,cid TEXT,cl TEXT,ctt_s INTEGER,ctt_t TEXT,_data TEXT,text TEXT) result: true
12-14 08:37:35.909  2308  2348 D MmsSmsDatabaseHelper: [MmsSmsDb] tableName: pdu hasAutoIncrement: CREATE TABLE pdu (_id INTEGER PRIMARY KEY AUTOINCREMENT,thread_id INTEGER,date INTEGER,date_sent INTEGER DEFAULT 0,msg_box INTEGER,read INTEGER DEFAULT 0,m_id TEXT,sub TEXT,sub_cs INTEGER,ct_t TEXT,ct_l TEXT,exp INTEGER,m_cls TEXT,m_type INTEGER,v INTEGER,m_size INTEGER,pri INTEGER,rr INTEGER,rpt_a INTEGER,resp_st INTEGER,st INTEGER,tr_id TEXT,retr_st INTEGER,retr_txt TEXT,retr_txt_cs INTEGER,read_status INTEGER,ct_cls INTEGER,resp_txt TEXT,d_tm INTEGER,d_rpt INTEGER,locked INTEGER DEFAULT 0,sub_id INTEGER DEFAULT -1, seen INTEGER DEFAULT 0,creator TEXT,text_only INTEGER DEFAULT 0) result: true
12-14 08:37:35.909  2308  2348 D MmsSmsDatabaseHelper: [getWritableDatabase] hasAutoIncrementThreads: true hasAutoIncrementAddresses: true hasAutoIncrementPart: true hasAutoIncrementPdu: true
12-14 08:37:35.910  2720  2753 D Mms     : cancelNotification
12-14 08:37:35.913  2720  2755 D Mms     : cancelNotification
12-14 08:37:35.913  2756  2756 I ActivityThread: Switching default density from 160 to 240
12-14 08:37:35.934  2063  2084 I ActivityManager: Start proc 2780:com.android.email/u0a24 for broadcast com.android.email/.service.EmailBroadcastReceiver
12-14 08:37:35.942  2780  2780 I ActivityThread: Switching default density from 160 to 240
12-14 08:37:35.982  2063  2083 I ActivityManager: Start proc 2803:com.android.exchange/u0a16 for service com.android.exchange/.service.EasService
12-14 08:37:35.984  2780  2817 D ActivityThread: Loading provider com.android.email.provider;com.android.email.notifier: com.android.email.provider.EmailProvider
12-14 08:37:35.985  2780  2824 D ActivityThread: Loading provider com.android.email.provider;com.android.email.notifier: com.android.email.provider.EmailProvider
12-14 08:37:35.985  2780  2819 D ActivityThread: Loading provider com.android.email.provider;com.android.email.notifier: com.android.email.provider.EmailProvider
12-14 08:37:35.987  2803  2803 I ActivityThread: Switching default density from 160 to 240
12-14 08:37:35.991  2236  2236 I SystemBroadcastReceiver: Boot has been completed
12-14 08:37:35.992  2236  2236 I LauncherIconVisibilityManager: Activity has already been disabled: ComponentInfo{com.android.inputmethod.latin/com.android.inputmethod.latin.setup.SetupActivity}
12-14 08:37:36.008  2063  2318 I ActivityManager: Start proc 2839:com.android.deskclock/u0a28 for broadcast com.android.deskclock/.AlarmInitReceiver
12-14 08:37:36.008  2063  2208 W ActivityManager: Unable to start service Intent { cmp=com.android.email/.service.AttachmentService } U=0: not found
12-14 08:37:36.008  2063  2363 W ActivityManager: Unable to start service Intent { cmp=com.android.email/.service.AttachmentService } U=0: not found
12-14 08:37:36.008  2063  2294 W ActivityManager: Unable to start service Intent { cmp=com.android.email/.service.AttachmentService } U=0: not found
12-14 08:37:36.008  2063  2084 W ActivityManager: Unable to start service Intent { cmp=com.android.email/.service.AttachmentService } U=0: not found
12-14 08:37:36.010  2803  2803 I Exchange: EasService.onCreate
12-14 08:37:36.010  2780  2855 I Email   : Observing account changes for notifications
12-14 08:37:36.011  1799  1799 I art     : Explicit concurrent mark sweep GC freed 706(30KB) AllocSpace objects, 0(0B) LOS objects, 39% free, 1950KB/3MB, paused 31us total 3.588ms
12-14 08:37:36.014  1799  1799 I art     : Explicit concurrent mark sweep GC freed 5(160B) AllocSpace objects, 0(0B) LOS objects, 39% free, 1950KB/3MB, paused 26us total 2.850ms
12-14 08:37:36.017  1799  1799 I art     : Explicit concurrent mark sweep GC freed 5(160B) AllocSpace objects, 0(0B) LOS objects, 39% free, 1950KB/3MB, paused 26us total 2.822ms
12-14 08:37:36.023  2063  2083 I art     : Explicit concurrent mark sweep GC freed 7409(410KB) AllocSpace objects, 2(32KB) LOS objects, 33% free, 8MB/12MB, paused 272us total 11.648ms
12-14 08:37:36.023  2803  2865 I Exchange: RestartPingTask
12-14 08:37:36.024  2839  2839 I ActivityThread: Switching default density from 160 to 240
12-14 08:37:36.025  2803  2803 I Exchange: RestartPingsTask did not start any pings.
12-14 08:37:36.025  2803  2803 I Exchange: PSS stopIfIdle
12-14 08:37:36.025  2803  2803 I Exchange: PSS has no active accounts; stopping service.
12-14 08:37:36.026  2780  2780 E ActivityThread: Service com.android.email.service.EmailBroadcastProcessorService has leaked ServiceConnection com.android.emailcommon.service.ServiceProxy$ProxyConnection@207e2aad that was originally bound here
12-14 08:37:36.026  2780  2780 E ActivityThread: android.app.ServiceConnectionLeaked: Service com.android.email.service.EmailBroadcastProcessorService has leaked ServiceConnection com.android.emailcommon.service.ServiceProxy$ProxyConnection@207e2aad that was originally bound here
12-14 08:37:36.026  2780  2780 E ActivityThread: 	at android.app.LoadedApk$ServiceDispatcher.<init>(LoadedApk.java:1077)
12-14 08:37:36.026  2780  2780 E ActivityThread: 	at android.app.LoadedApk.getServiceDispatcher(LoadedApk.java:971)
12-14 08:37:36.026  2780  2780 E ActivityThread: 	at android.app.ContextImpl.bindServiceCommon(ContextImpl.java:1774)
12-14 08:37:36.026  2780  2780 E ActivityThread: 	at android.app.ContextImpl.bindService(ContextImpl.java:1757)
12-14 08:37:36.026  2780  2780 E ActivityThread: 	at android.content.ContextWrapper.bindService(ContextWrapper.java:539)
12-14 08:37:36.026  2780  2780 E ActivityThread: 	at com.android.emailcommon.service.ServiceProxy.setTask(ServiceProxy.java:181)
12-14 08:37:36.026  2780  2780 E ActivityThread: 	at com.android.emailcommon.service.ServiceProxy.test(ServiceProxy.java:224)
12-14 08:37:36.026  2780  2780 E ActivityThread: 	at com.android.email.service.EmailServiceUtils.isServiceAvailable(EmailServiceUtils.java:160)
12-14 08:37:36.026  2780  2780 E ActivityThread: 	at com.android.email.provider.AccountReconciler.reconcileAccountsInternal(AccountReconciler.java:171)
12-14 08:37:36.026  2780  2780 E ActivityThread: 	at com.android.email.provider.AccountReconciler.reconcileAccounts(AccountReconciler.java:115)
12-14 08:37:36.026  2780  2780 E ActivityThread: 	at com.android.email.service.EmailBroadcastProcessorService.reconcileAndStartServices(EmailBroadcastProcessorService.java:305)
12-14 08:37:36.026  2780  2780 E ActivityThread: 	at com.android.email.service.EmailBroadcastProcessorService.onBootCompleted(EmailBroadcastProcessorService.java:295)
12-14 08:37:36.026  2780  2780 E ActivityThread: 	at com.android.email.service.EmailBroadcastProcessorService.onHandleIntent(EmailBroadcastProcessorService.java:130)
12-14 08:37:36.026  2780  2780 E ActivityThread: 	at android.app.IntentService$ServiceHandler.handleMessage(IntentService.java:65)
12-14 08:37:36.026  2780  2780 E ActivityThread: 	at android.os.Handler.dispatchMessage(Handler.java:102)
12-14 08:37:36.026  2780  2780 E ActivityThread: 	at android.os.Looper.loop(Looper.java:135)
12-14 08:37:36.026  2780  2780 E ActivityThread: 	at android.os.HandlerThread.run(HandlerThread.java:61)
12-14 08:37:36.029  2803  2803 I Exchange: onDestroy
12-14 08:37:36.029  2780  2831 E EmailServiceProxy: RuntimeException when trying to unbind from service
12-14 08:37:36.029  2780  2831 E EmailServiceProxy: java.lang.IllegalArgumentException: Service not registered: com.android.emailcommon.service.ServiceProxy$ProxyConnection@207e2aad
12-14 08:37:36.029  2780  2831 E EmailServiceProxy: 	at android.app.LoadedApk.forgetServiceDispatcher(LoadedApk.java:1029)
12-14 08:37:36.029  2780  2831 E EmailServiceProxy: 	at android.app.ContextImpl.unbindService(ContextImpl.java:1808)
12-14 08:37:36.029  2780  2831 E EmailServiceProxy: 	at android.content.ContextWrapper.unbindService(ContextWrapper.java:551)
12-14 08:37:36.029  2780  2831 E EmailServiceProxy: 	at com.android.emailcommon.service.ServiceProxy$ProxyConnection$1.doInBackground(ServiceProxy.java:124)
12-14 08:37:36.029  2780  2831 E EmailServiceProxy: 	at com.android.emailcommon.service.ServiceProxy$ProxyConnection$1.doInBackground(ServiceProxy.java:111)
12-14 08:37:36.029  2780  2831 E EmailServiceProxy: 	at android.os.AsyncTask$2.call(AsyncTask.java:292)
12-14 08:37:36.029  2780  2831 E EmailServiceProxy: 	at java.util.concurrent.FutureTask.run(FutureTask.java:237)
12-14 08:37:36.029  2780  2831 E EmailServiceProxy: 	at android.os.AsyncTask$SerialExecutor$1.run(AsyncTask.java:231)
12-14 08:37:36.029  2780  2831 E EmailServiceProxy: 	at java.util.concurrent.ThreadPoolExecutor.runWorker(ThreadPoolExecutor.java:1112)
12-14 08:37:36.029  2780  2831 E EmailServiceProxy: 	at java.util.concurrent.ThreadPoolExecutor$Worker.run(ThreadPoolExecutor.java:587)
12-14 08:37:36.029  2780  2831 E EmailServiceProxy: 	at java.lang.Thread.run(Thread.java:818)
12-14 08:37:36.031  2839  2839 V AlarmClock: AlarmInitReceiver android.intent.action.BOOT_COMPLETED
12-14 08:37:36.034  2839  2869 V AlarmClock: AlarmInitReceiver - Reset timers and clear stopwatch data
12-14 08:37:36.038  2839  2869 V AlarmClock: AlarmInitReceiver finished
12-14 08:37:36.055  2063  2084 I ActivityManager: Start proc 2871:com.android.calendar/u0a52 for broadcast com.android.calendar/.alerts.AlertReceiver
12-14 08:37:36.067  2871  2871 I ActivityThread: Switching default density from 160 to 240
12-14 08:37:36.078  2871  2871 D ExtensionsFactory: No custom extensions.
12-14 08:37:36.078  2871  2871 D AlertReceiver: onReceive: a=android.intent.action.BOOT_COMPLETED Intent { act=android.intent.action.BOOT_COMPLETED flg=0x8000010 cmp=com.android.calendar/.alerts.AlertReceiver (has extras) }
12-14 08:37:36.081  2871  2897 D AlertService: 0 Action = android.intent.action.BOOT_COMPLETED
12-14 08:37:36.081  2720  2720 V Mms     : onStart: #1 mResultCode: -1 = Activity.RESULT_OK
12-14 08:37:36.081  2871  2897 D AlertService: Scheduling next alarm with AlarmScheduler. sEventReminderReceived: null
12-14 08:37:36.084  2871  2897 D AlarmScheduler: No events found starting within 1 week.
12-14 08:37:36.616  2901  2901 W linker  : [vdso]: unused DT entry: type 0x6ffffef5 arg 0x160
12-14 08:37:36.616  2902  2902 W linker  : [vdso]: unused DT entry: type 0x6ffffef5 arg 0x160
12-14 08:37:36.823  2674  2674 I CalendarProvider2: Sending notification intent: Intent { act=android.intent.action.PROVIDER_CHANGED dat=content://com.android.calendar }
12-14 08:37:36.823  2674  2674 W ContentResolver: Failed to get type for: content://com.android.calendar (Unknown URL content://com.android.calendar)
12-14 08:37:36.823  2871  2871 D AlertReceiver: onReceive: a=android.intent.action.PROVIDER_CHANGED Intent { act=android.intent.action.PROVIDER_CHANGED dat=content://com.android.calendar flg=0x10 cmp=com.android.calendar/.alerts.AlertReceiver }
12-14 08:37:36.824  2871  2904 D AlertService: 0 Action = android.intent.action.PROVIDER_CHANGED
12-14 08:37:37.679  2063  2120 W AudioTrack: AUDIO_OUTPUT_FLAG_FAST denied by client
12-14 08:37:37.945  1796  2122 E cutils-trace: Error opening trace file: Permission denied (13)
12-14 08:37:37.946  1796  2101 D audio_hw_primary: found out /dev/snd/pcmC1D0p
12-14 08:37:40.118  2063  2120 W AudioTrack: AUDIO_OUTPUT_FLAG_FAST denied by client
12-14 08:37:40.118  2063  2318 I ActivityManager: START u0 {act=android.intent.action.MAIN cat=[android.intent.category.LAUNCHER] flg=0x10200000 cmp=com.tencent.mm/.ui.LauncherUI (has extras)} from uid 10049 on display 0
12-14 08:37:40.119  2063  2318 V WindowManager: addAppToken: AppWindowToken{2395742d token=Token{298cb44 ActivityRecord{217b4457 u0 com.tencent.mm/.ui.LauncherUI t36}}} to stack=1 task=36 at 0
12-14 08:37:40.136  2063  2084 I ActivityManager: Start proc 2912:com.tencent.mm/u0a55 for activity com.tencent.mm/.ui.LauncherUI
12-14 08:37:40.146  2912  2912 D houdini : [2912] Initialize library(version: 5.2.2_y.47738 RELEASE)... successfully.
12-14 08:37:40.157  2912  2912 I ActivityThread: Switching default density from 160 to 240
12-14 08:37:40.176  2063  2084 W ActivityManager: getRunningAppProcesses: caller 10055 does not hold REAL_GET_TASKS; limiting output
12-14 08:37:40.227  2912  2912 D houdini : [2912] Added shared library /data/app/com.tencent.mm-1/lib/arm/libstlport_shared.so for ClassLoader by Native Bridge.
12-14 08:37:40.228  2912  2912 E ActivityThread: Failed to find provider info for com.tencent.mm.coolassist.debugprovider
12-14 08:37:40.235  2912  2912 D houdini : [2912] Added shared library /data/app/com.tencent.mm-1/lib/arm/libwechatxlog.so for ClassLoader by Native Bridge.
12-14 08:37:40.235  2912  2912 W MicroMsg.xlogger: JNI_Xlog_onCreate
12-14 08:37:40.243  2945  2945 W linker  : [vdso]: unused DT entry: type 0x6ffffef5 arg 0x160
12-14 08:37:40.246  2912  2912 D houdini : [2912] Added shared library /data/app/com.tencent.mm-1/lib/arm/libwechatCrashForJni.so for ClassLoader by Native Bridge.
12-14 08:37:40.246  2912  2912 W jni crash monitor: JNI_OnLoad
12-14 08:37:40.251  2912  2912 D houdini : [2912] Added shared library /data/app/com.tencent.mm-1/lib/arm/libwechatmm.so for ClassLoader by Native Bridge.
12-14 08:37:40.287  2063  2838 W ActivityManager: getTasks: caller 10055 does not hold REAL_GET_TASKS; limiting output
12-14 08:37:40.294  2063  2318 W ActivityManager: getTasks: caller 10055 does not hold REAL_GET_TASKS; limiting output
12-14 08:37:40.302  2912  2912 V NFC     : this device does not have NFC support
12-14 08:37:40.331  1788  2554 D PermissionCache: checking android.permission.READ_FRAME_BUFFER for uid=1000 => granted (81 us)
12-14 08:37:40.374  2063  2295 I ActivityManager: Config changes=480 {1.0 ?mcc?mnc zh_CN ?layoutDir sw720dp w720dp h1206dp 240dpi lrg long port -touch qwerty/v/v -nav/h s.6}
12-14 08:37:40.379  2063  2063 V ActivityManager: Display changed displayId=0
12-14 08:37:40.396  2063  2106 I InputReader: Reconfiguring input devices.  changes=0x00000004
12-14 08:37:40.396  2063  2106 I InputReader: Device reconfigured: id=1, name='ETPS/2 Elantech Touchpad', size 1920x1080, orientation 3, mode 4, display id 0
12-14 08:37:40.433  2063  2363 W ActivityManager: getRunningAppProcesses: caller 10055 does not hold REAL_GET_TASKS; limiting output
12-14 08:37:40.448  2912  2954 D OpenGLRenderer: Use EGL_SWAP_BEHAVIOR_PRESERVED: true
12-14 08:37:40.449  2063  2084 V WindowManager: Adding window Window{2d946cc8 u0 com.tencent.mm/com.tencent.mm.ui.LauncherUI} at 2 of 7 (after Window{10824247 u0 com.android.launcher3/com.android.launcher3.Launcher})
12-14 08:37:40.484  2912  2954 I GRALLOC-DRM: create intel for driver i915
12-14 08:37:40.488  2912  2954 I EGL-DRI2: DRI2: found extension DRI_Core version 1
12-14 08:37:40.488  2912  2954 I EGL-DRI2: DRI2: found extension DRI_DRI2 version 4
12-14 08:37:40.496  2912  2954 I EGL-DRI2: DRI2: found extension DRI_TexBuffer version 3
12-14 08:37:40.496  2912  2954 I EGL-DRI2: DRI2: found extension DRI2_Flush version 4
12-14 08:37:40.496  2912  2954 I EGL-DRI2: DRI2: found extension DRI_IMAGE version 11
12-14 08:37:40.496  2912  2954 I OpenGLRenderer: Initialized EGL, version 1.4
12-14 08:37:40.496  2912  2954 W OpenGLRenderer: Failed to choose config with EGL_SWAP_BEHAVIOR_PRESERVED, retrying without...
12-14 08:37:40.505  2912  2954 D OpenGLRenderer: Enabling debug mode 0
12-14 08:37:40.512  2364  2364 W IInputConnectionWrapper: showStatusIcon on inactive InputConnection
12-14 08:37:40.528  2912  2954 W GraphicBufferMapper: registerBuffer(0xe171c400) failed -22 (Invalid argument)
12-14 08:37:40.528  2912  2954 E GraphicBuffer: unflatten: registerBuffer failed: Invalid argument (-22)
12-14 08:37:40.528  2912  2954 E Surface : dequeueBuffer: IGraphicBufferProducer::requestBuffer failed: -22
--------- beginning of crash
12-14 08:37:40.528  2912  2954 F libc    : Fatal signal 11 (SIGSEGV), code 1, fault addr 0x1a8 in tid 2954 (RenderThread)
12-14 08:37:40.579  1792  1792 I DEBUG   : *** *** *** *** *** *** *** *** *** *** *** *** *** *** *** ***
12-14 08:37:40.579  1792  1792 I DEBUG   : Build fingerprint: 'Android-x86/android_x86_64/x86_64:5.1.1/LVY48I/12080507:eng/test-keys'
12-14 08:37:40.579  1792  1792 I DEBUG   : Revision: '0'
12-14 08:37:40.579  1792  1792 I DEBUG   : ABI: 'x86'
12-14 08:37:40.579  1792  1792 I DEBUG   : pid: 2912, tid: 2954, name: RenderThread  >>> com.tencent.mm <<<
12-14 08:37:40.579  1792  1792 I DEBUG   : signal 11 (SIGSEGV), code 1 (SEGV_MAPERR), fault addr 0x1a8
12-14 08:37:40.580  1792  1792 I DEBUG   :     eax 00000000  ebx df8fdcec  ecx 00000001  edx e1532180
12-14 08:37:40.580  1792  1792 I DEBUG   :     esi e1675014  edi e15457f0
12-14 08:37:40.580  1792  1792 I DEBUG   :     xcs 00000023  xds 0000002b  xes 0000002b  xfs 000000b7  xss 0000002b
12-14 08:37:40.580  1792  1792 I DEBUG   :     eip df39c52d  ebp e1545780  esp dfa044a0  flags 00210246
12-14 08:37:40.580  1792  1792 I DEBUG   : 
12-14 08:37:40.580  1792  1792 I DEBUG   : backtrace:
12-14 08:37:40.580  1792  1792 I DEBUG   :     #00 pc 000fc52d  /android/system/lib/dri/i965_dri.so
12-14 08:37:40.580  1792  1792 I DEBUG   :     #01 pc 12345677  <unknown>
12-14 08:37:40.605  1792  1792 I DEBUG   : 
12-14 08:37:40.605  1792  1792 I DEBUG   : Tombstone written to: /data/tombstones/tombstone_07
12-14 08:37:40.605  2063  2089 I BootReceiver: Copying /data/tombstones/tombstone_07 to DropBox (SYSTEM_TOMBSTONE)
12-14 08:37:40.606  2063  2960 W ActivityManager:   Force finishing activity 1 com.tencent.mm/.ui.LauncherUI
12-14 08:37:40.612  2063  2093 I WindowManager: Screen frozen for +286ms due to Window{2d946cc8 u0 com.tencent.mm/com.tencent.mm.ui.LauncherUI}
12-14 08:37:40.616  2063  2105 W InputDispatcher: channel '2d946cc8 com.tencent.mm/com.tencent.mm.ui.LauncherUI (server)' ~ Consumer closed input channel or an error occurred.  events=0x9
12-14 08:37:40.616  2063  2105 E InputDispatcher: channel '2d946cc8 com.tencent.mm/com.tencent.mm.ui.LauncherUI (server)' ~ Channel is unrecoverably broken and will be disposed!
12-14 08:37:40.616  1801  1801 I Zygote  : Process 2912 exited due to signal (11)
12-14 08:37:40.624  2063  2208 I WindowState: WIN DEATH: Window{2d946cc8 u0 com.tencent.mm/com.tencent.mm.ui.LauncherUI}
12-14 08:37:40.624  2063  2208 W InputDispatcher: Attempted to unregister already unregistered input channel '2d946cc8 com.tencent.mm/com.tencent.mm.ui.LauncherUI (server)'
12-14 08:37:40.707  2063  2960 W ActivityManager: Exception thrown during pause
12-14 08:37:40.707  2063  2960 W ActivityManager: android.os.DeadObjectException
12-14 08:37:40.707  2063  2960 W ActivityManager: 	at android.os.BinderProxy.transactNative(Native Method)
12-14 08:37:40.707  2063  2960 W ActivityManager: 	at android.os.BinderProxy.transact(Binder.java:496)
12-14 08:37:40.707  2063  2960 W ActivityManager: 	at android.app.ApplicationThreadProxy.schedulePauseActivity(ApplicationThreadNative.java:704)
12-14 08:37:40.707  2063  2960 W ActivityManager: 	at com.android.server.am.ActivityStack.startPausingLocked(ActivityStack.java:825)
12-14 08:37:40.707  2063  2960 W ActivityManager: 	at com.android.server.am.ActivityStack.finishActivityLocked(ActivityStack.java:2726)
12-14 08:37:40.707  2063  2960 W ActivityManager: 	at com.android.server.am.ActivityStack.finishTopRunningActivityLocked(ActivityStack.java:2583)
12-14 08:37:40.707  2063  2960 W ActivityManager: 	at com.android.server.am.ActivityStackSupervisor.finishTopRunningActivityLocked(ActivityStackSupervisor.java:2497)
12-14 08:37:40.707  2063  2960 W ActivityManager: 	at com.android.server.am.ActivityManagerService.handleAppCrashLocked(ActivityManagerService.java:11505)
12-14 08:37:40.707  2063  2960 W ActivityManager: 	at com.android.server.am.ActivityManagerService.makeAppCrashingLocked(ActivityManagerService.java:11402)
12-14 08:37:40.707  2063  2960 W ActivityManager: 	at com.android.server.am.ActivityManagerService.crashApplication(ActivityManagerService.java:12086)
12-14 08:37:40.707  2063  2960 W ActivityManager: 	at com.android.server.am.ActivityManagerService.handleApplicationCrashInner(ActivityManagerService.java:11597)
12-14 08:37:40.707  2063  2960 W ActivityManager: 	at com.android.server.am.NativeCrashListener$NativeCrashReporter.run(NativeCrashListener.java:86)
12-14 08:37:40.707  1785  1785 E lowmemorykiller: Error opening /proc/2912/oom_score_adj; errno=2
12-14 08:37:40.708  2063  2295 I ActivityManager: Process com.tencent.mm (pid 2912) has died
12-14 08:37:40.713  2063  2963 D OpenGLRenderer: Use EGL_SWAP_BEHAVIOR_PRESERVED: true
12-14 08:37:40.714  2063  2088 D Atlas   : Validating map...
12-14 08:37:40.716  2364  2364 W Launcher: setApplicationContext called twice! old=com.android.launcher3.LauncherApplication@377c1cd new=com.android.launcher3.LauncherApplication@377c1cd
12-14 08:37:40.719  2364  2364 W ResourceType: Attempt to retrieve bag 0x7f0d0008 which is invalid or in a cycle.
12-14 08:37:40.722  2364  2364 D Launcher: 11683562 - bindAddScreens()
12-14 08:37:40.722  2364  2364 D Launcher: 11683562 -   orderedScreenIds: 3
12-14 08:37:40.722  2364  2364 D Launcher.Workspace: 11683562 - insertNewWorkspaceScreen(): 3 at index: 0
12-14 08:37:40.746  2063  2208 V WindowManager: Based on layer: Adding window Window{e6b50c5 u0 com.android.launcher3/com.android.launcher3.Launcher} at 1 of 7
12-14 08:37:40.746  2063  2963 I EGL-DRI2: DRI2: found extension DRI_Core version 1
12-14 08:37:40.746  2063  2963 I EGL-DRI2: DRI2: found extension DRI_DRI2 version 4
12-14 08:37:40.750  2063  2963 I EGL-DRI2: DRI2: found extension DRI_TexBuffer version 3
12-14 08:37:40.750  2063  2963 I EGL-DRI2: DRI2: found extension DRI2_Flush version 4
12-14 08:37:40.750  2063  2963 I EGL-DRI2: DRI2: found extension DRI_IMAGE version 11
12-14 08:37:40.750  2063  2963 I OpenGLRenderer: Initialized EGL, version 1.4
12-14 08:37:40.750  2063  2963 W OpenGLRenderer: Failed to choose config with EGL_SWAP_BEHAVIOR_PRESERVED, retrying without...
12-14 08:37:40.751  2063  2963 D OpenGLRenderer: Enabling debug mode 0
12-14 08:37:40.825  2674  2969 E SQLiteLog: (284) automatic index on view_events(_id)
12-14 08:37:41.624  2971  2971 W linker  : [vdso]: unused DT entry: type 0x6ffffef5 arg 0x160
12-14 08:37:41.825  2871  2904 I GlobalDismissManager: no sender configured
12-14 08:37:41.825  2871  2904 D AlertService: Beginning updateAlertNotification
12-14 08:37:41.827  2871  2904 D AlertService: No fired or scheduled alerts
12-14 08:37:41.828  2871  2904 D AlertService: Scheduling next alarm with AlarmScheduler. sEventReminderReceived: null
12-14 08:37:41.829  2871  2904 D AlarmScheduler: No events found starting within 1 week.
12-14 08:37:42.635  2063  2093 I art     : Explicit concurrent mark sweep GC freed 11743(761KB) AllocSpace objects, 15(1377KB) LOS objects, 33% free, 8MB/13MB, paused 472us total 10.601ms
12-14 08:37:45.910  2063  2120 W AudioTrack: AUDIO_OUTPUT_FLAG_FAST denied by client
12-14 08:37:45.913  2063  2963 D OpenGLRenderer: endAllStagingAnimators on 0x7f7451ee0c00 (RippleDrawable) with handle 0x7f7451dddd00
12-14 08:37:45.914  2063  2838 W InputMethodManagerService: Got RemoteException sending setActive(false) notification to pid 2912 uid 10055
12-14 08:37:45.921  1796  2101 D audio_hw_primary: found out /dev/snd/pcmC1D0p
12-14 08:37:46.632  2974  2974 W linker  : [vdso]: unused DT entry: type 0x6ffffef5 arg 0x160
12-14 08:37:48.311  2063  2063 V ActivityManager: Display changed displayId=0
12-14 08:37:48.312  2063  2091 I ActivityManager: Config changes=480 {1.0 ?mcc?mnc zh_CN ?layoutDir sw720dp w1280dp h646dp 240dpi lrg long land -touch qwerty/v/v -nav/h s.7}
12-14 08:37:48.312  2063  2106 I InputReader: Reconfiguring input devices.  changes=0x00000004
12-14 08:37:48.312  2063  2106 I InputReader: Device reconfigured: id=1, name='ETPS/2 Elantech Touchpad', size 1920x1080, orientation 0, mode 4, display id 0
12-14 08:37:48.347  2364  2364 W Launcher: setApplicationContext called twice! old=com.android.launcher3.LauncherApplication@377c1cd new=com.android.launcher3.LauncherApplication@377c1cd
12-14 08:37:48.350  2364  2364 W ResourceType: Attempt to retrieve bag 0x7f0d0008 which is invalid or in a cycle.
12-14 08:37:48.353  2364  2364 D Launcher: 11683562 - bindAddScreens()
12-14 08:37:48.353  2364  2364 D Launcher: 11683562 -   orderedScreenIds: 3
12-14 08:37:48.353  2364  2364 D Launcher.Workspace: 11683562 - insertNewWorkspaceScreen(): 3 at index: 0
12-14 08:37:48.370  2063  2208 V WindowManager: Based on layer: Adding window Window{1692afb1 u0 com.android.launcher3/com.android.launcher3.Launcher} at 1 of 7
12-14 08:37:48.462  2063  2093 I WindowManager: Screen frozen for +192ms due to Window{16554348 u0 NavigationBar}
12-14 08:37:49.293  1788  1788 D SurfaceFlinger: Set power mode=0, type=0 flinger=0x7f6c11462000
12-14 08:37:50.180  2063  2088 I ActivityManager: Waited long enough for: ServiceRecord{3965f609 u0 com.android.music/.MediaPlaybackService}
12-14 08:37:50.522  2063  2093 I art     : Explicit concurrent mark sweep GC freed 4402(299KB) AllocSpace objects, 7(112KB) LOS objects, 33% free, 8MB/13MB, paused 316us total 10.094ms
12-14 08:37:51.082  2063  2088 I ActivityManager: Waited long enough for: ServiceRecord{52929f1 u0 com.android.calendar/.alerts.InitAlarmsService}
12-14 08:37:51.640  2980  2980 W linker  : [vdso]: unused DT entry: type 0x6ffffef5 arg 0x160
12-14 08:37:56.648  2981  2981 W linker  : [vdso]: unused DT entry: type 0x6ffffef5 arg 0x160
12-14 08:38:01.660  2982  2982 W linker  : [vdso]: unused DT entry: type 0x6ffffef5 arg 0x160
12-14 08:38:06.082  2871  2900 D InitAlarmsService: Clearing and rescheduling alarms.
12-14 08:38:06.668  2983  2983 W linker  : [vdso]: unused DT entry: type 0x6ffffef5 arg 0x160
12-14 08:38:10.582  2984  2984 W linker  : [vdso]: unused DT entry: type 0x6ffffef5 arg 0x160
