12-14 08:37:33.317  2063  2063 W PackageManager: Package com.tencent.mm desires unavailable shared library com.google.android.maps; ignoring!
12-14 08:37:33.317  2063  2063 W PackageManager: Package com.tencent.mm desires unavailable shared library com.sec.android.app.multiwindow; ignoring!
12-14 08:37:33.317  2063  2063 W PackageManager: Package com.android.gallery3d desires unavailable shared library com.google.android.media.effects; ignoring!
12-14 08:37:33.317  2063  2063 W PackageManager: Package com.android.gallery3d desires unavailable shared library com.google.android.media.effects; ignoring!
12-14 08:37:33.317  2063  2063 I PackageManager: Adjusting ABI for : com.android.providers.settings to x86_64
12-14 08:37:33.318  2063  2063 I PackageManager: Adjusting ABI for : com.android.server.telecom to x86_64
12-14 08:37:33.318  2063  2063 I PackageManager: Adjusting ABI for : com.android.location.fused to x86_64
12-14 08:37:33.318  2063  2063 I PackageManager: Adjusting ABI for : org.zeroxlab.util.tscal to x86_64
12-14 08:37:33.318  2063  2063 I PackageManager: Adjusting ABI for : com.android.settings to x86_64
12-14 08:37:33.318  2063  2063 I PackageManager: Adjusting ABI for : com.android.inputdevices to x86_64
12-14 08:37:33.318  2063  2063 I PackageManager: Adjusting ABI for : com.android.keychain to x86_64
12-14 08:37:33.318  2063  2063 I PackageManager: Time to scan packages: 0.537 seconds
12-14 08:37:33.318  2063  2063 W PackageManager: Unknown permission com.google.android.googleapps.permission.GOOGLE_AUTH in package com.android.providers.calendar
12-14 08:37:33.318  2063  2063 W PackageManager: Unknown permission com.google.android.googleapps.permission.GOOGLE_AUTH.cl in package com.android.providers.calendar
12-14 08:37:33.318  2063  2063 W PackageManager: Not granting permission android.permission.GLOBAL_SEARCH to package com.android.quicksearchbox (protectionLevel=18 flags=0x8be45)
12-14 08:37:33.318  2063  2063 W PackageManager: Not granting permission android.permission.ACCESS_DOWNLOAD_MANAGER to package com.android.browser (protectionLevel=18 flags=0x9be45)
12-14 08:37:33.318  2063  2063 W PackageManager: Not granting permission android.permission.SEND_DOWNLOAD_COMPLETED_INTENTS to package com.android.browser (protectionLevel=2 flags=0x9be45)
12-14 08:37:33.318  2063  2063 W PackageManager: Unknown permission com.tencent.mm.plugin.permission.SEND in package com.tencent.mm
12-14 08:37:33.318  2063  2063 W PackageManager: Unknown permission com.huawei.authentication.HW_ACCESS_AUTH_SERVICE in package com.tencent.mm
12-14 08:37:33.318  2063  2063 W PackageManager: Unknown permission com.android.launcher.permission.READ_SETTINGS in package com.tencent.mm
12-14 08:37:33.318  2063  2063 W PackageManager: Unknown permission com.tencent.mm.location.permission.SEND_VIEW in package com.tencent.mm
12-14 08:37:33.318  2063  2063 W PackageManager: Unknown permission com.huawei.android.launcher.permission.CHANGE_BADGE in package com.tencent.mm
12-14 08:37:33.318  2063  2063 W PackageManager: Unknown permission android.permission.WRITE_APP_BADGE in package com.tencent.mm
12-14 08:37:33.318  2063  2063 W PackageManager: Unknown permission com.android.vending.BILLING in package com.tencent.mm
12-14 08:37:33.318  2063  2063 W PackageManager: Unknown permission android.permission.USE_FINGERPRINT in package com.tencent.mm
12-14 08:37:33.318  2063  2063 W PackageManager: Unknown permission com.google.android.c2dm.permission.RECEIVE in package com.tencent.mm
12-14 08:37:33.318  2063  2063 W PackageManager: Not granting permission android.permission.BIND_WALLPAPER to package com.android.camera2 (protectionLevel=18 flags=0x58bc45)
12-14 08:37:33.318  2063  2063 W PackageManager: Unknown permission android.permission.INSTALL_DRM in package com.android.mms
12-14 08:37:33.318  2063  2063 W PackageManager: Not granting permission android.permission.BIND_APPWIDGET to package com.android.launcher3 (protectionLevel=18 flags=0x483e45)
12-14 08:37:33.318  2063  2063 W PackageManager: Unknown permission com.android.launcher.permission.READ_SETTINGS in package com.android.launcher3
12-14 08:37:33.318  2063  2063 W PackageManager: Unknown permission com.android.launcher.permission.WRITE_SETTINGS in package com.android.launcher3
12-14 08:37:33.318  2063  2063 W PackageManager: Unknown permission com.google.android.googleapps.permission.GOOGLE_AUTH.mail in package com.android.calendar
12-14 08:37:33.318  2063  2063 W PackageManager: Unknown permission com.android.launcher.permission.READ_SETTINGS in package com.android.onetimeinitializer
12-14 08:37:33.318  2063  2063 W PackageManager: Unknown permission com.android.launcher.permission.WRITE_SETTINGS in package com.android.onetimeinitializer
12-14 08:37:33.318  2063  2063 W PackageManager: Not granting permission android.permission.DELETE_PACKAGES to package com.svox.pico (protectionLevel=18 flags=0x8be45)
12-14 08:37:33.318  2063  2063 W PackageManager: Unknown permission com.cyanogenmod.filemanager.permissions.READ_THEME in package com.cyanogenmod.filemanager
12-14 08:37:33.318  2063  2063 W PackageManager: Unknown permission com.google.android.googleapps.permission.GOOGLE_AUTH in package com.android.settings
12-14 08:37:33.318  2063  2063 W PackageManager: Unknown permission com.android.launcher.permission.READ_SETTINGS in package com.android.settings
12-14 08:37:33.318  2063  2063 W PackageManager: Unknown permission com.android.launcher.permission.WRITE_SETTINGS in package com.android.settings
12-14 08:37:33.319  2063  2063 W PackageManager: Unknown permission com.android.smspush.WAPPUSH_MANAGER_BIND in package com.android.phone
12-14 08:37:33.319  2063  2063 W PackageManager: Not granting permission android.permission.DEVICE_POWER to package com.android.deskclock (protectionLevel=2 flags=0x48be45)
12-14 08:37:33.319  2063  2063 W PackageManager: Unknown permission com.google.android.gallery3d.permission.GALLERY_PROVIDER in package com.android.bluetooth
12-14 08:37:33.319  2063  2063 W PackageManager: Unknown permission com.google.android.googleapps.permission.ACCESS_GOOGLE_PASSWORD in package com.android.development
12-14 08:37:33.319  2063  2063 W PackageManager: Unknown permission com.google.android.googleapps.permission.GOOGLE_AUTH in package com.android.development
12-14 08:37:33.319  2063  2063 W PackageManager: Unknown permission com.google.android.googleapps.permission.GOOGLE_AUTH.ALL_SERVICES in package com.android.development
12-14 08:37:33.319  2063  2063 W PackageManager: Unknown permission com.google.android.googleapps.permission.GOOGLE_AUTH.YouTubeUser in package com.android.development
12-14 08:37:33.331  2063  2063 I art     : Explicit concurrent mark sweep GC freed 16968(1077KB) AllocSpace objects, 2(32KB) LOS objects, 33% free, 4MB/6MB, paused 214us total 5.767ms
12-14 08:37:33.331  2063  2063 I SystemServer: User Service
12-14 08:37:33.333  1785  1785 I lowmemorykiller: ActivityManager connected
12-14 08:37:33.335  2063  2063 I SystemServiceManager: Starting com.android.server.lights.LightsService
12-14 08:37:33.336  2063  2063 D lights  : Detect /sys/class/backlight/intel_backlight/max_brightness
12-14 08:37:33.336  2063  2063 D lights  : Detect /sys/class/backlight/intel_backlight/brightness
12-14 08:37:33.336  2063  2063 I SystemServiceManager: Starting com.android.server.BatteryService
12-14 08:37:33.445  2063  2063 I SystemServiceManager: Starting com.android.server.usage.UsageStatsService
12-14 08:37:33.447  2063  2063 I SystemServiceManager: Starting com.android.server.webkit.WebViewUpdateService
12-14 08:37:33.448  2063  2063 I SystemServer: Reading configuration...
12-14 08:37:33.448  2063  2063 I SystemServer: Scheduling Policy
12-14 08:37:33.448  2063  2063 I SystemServiceManager: Starting com.android.server.telecom.TelecomLoaderService
12-14 08:37:33.449  2063  2063 I SystemServer: Telephony Registry
12-14 08:37:33.451  2063  2063 I SystemServer: Entropy Mixer
12-14 08:37:33.451  2063  2063 I EntropyMixer: Writing entropy...
12-14 08:37:33.455  2063  2063 I SystemServer: Account Manager
12-14 08:37:33.458  2063  2063 I SystemServer: Content Manager
12-14 08:37:33.459  2063  2063 I SystemServer: System Content Providers
12-14 08:37:33.469  2063  2063 I SystemServer: Vibrator Service
12-14 08:37:33.469  2063  2063 I SystemServer: Consumer IR Service
12-14 08:37:33.469  2063  2063 E ConsumerIrService: Can't open consumer IR HW Module, error: -2
12-14 08:37:33.470  2063  2063 I SystemServiceManager: Starting com.android.server.AlarmManagerService
12-14 08:37:33.475  2063  2063 I SystemServer: Init Watchdog
12-14 08:37:33.475  2063  2063 I SystemServer: Input Manager
12-14 08:37:33.476  2063  2063 I InputManager: Initializing input manager, mUseDevInputEventForAudioJack=true
12-14 08:37:33.477  2063  2063 I SystemServer: Window Manager
12-14 08:37:33.483  2063  2093 I WindowManager: No existing display settings /data/system/display_settings.xml; starting empty
12-14 08:37:33.484  1788  1836 D PermissionCache: checking android.permission.ACCESS_SURFACE_FLINGER for uid=1000 => granted (624 us)
12-14 08:37:33.494  2063  2063 I InputManager: Starting input manager
12-14 08:37:33.495  2063  2063 I SystemServer: Bluetooth Manager Service
12-14 08:37:33.495  2063  2106 I EventHub: New device: id=1, fd=76, path='/dev/input/event15', name='ETPS/2 Elantech Touchpad', classes=0x14, configuration='/system/usr/idc/ETPS_2_Elantech_Touchpad.idc', keyLayout='', keyCharacterMap='', builtinKeyboard=false, wakeMechanism=EPOLLWAKEUP, usingClockIoctl=true
12-14 08:37:33.495  2063  2106 E EventHub: could not get driver version for /dev/input/mouse1, Not a typewriter
12-14 08:37:33.497  2063  2063 D BluetoothManagerService: Loading stored name and address
12-14 08:37:33.497  2063  2063 D BluetoothManagerService: Stored bluetooth Name=S6,Address=E8:B1:FC:A6:48:06
12-14 08:37:33.497  2063  2063 I SystemServer: Input Method Service
12-14 08:37:33.499  2063  2063 W InputMethodManagerService: Couldn't create dir.: /data/system/inputmethod
12-14 08:37:33.504  2063  2063 I SystemServer: Accessibility Manager
12-14 08:37:33.506  2063  2063 I ActivityManager: Config changes=1df8 {1.0 ?mcc?mnc zh_CN ?layoutDir sw720dp w1280dp h720dp 240dpi xlrg long land ?uimode ?night -touch -keyb/v/h -nav/h s.2}
12-14 08:37:33.512  2063  2063 I ActivityManager: Config changes=500 {1.0 ?mcc?mnc zh_CN ?layoutDir sw720dp w1280dp h646dp 240dpi lrg long land ?uimode ?night -touch -keyb/v/h -nav/h s.3}
12-14 08:37:33.512  2063  2063 I SystemServer: Mount Service
12-14 08:37:33.513  2063  2063 D MountService: got storage path: null description:  primary: true removable: false emulated: true mtpReserve: 100 allowMassStorage: false maxFileSize: 0
12-14 08:37:33.513  2063  2063 D MountService: addVolumeLocked() StorageVolume:
12-14 08:37:33.513  2063  2063 D MountService:     mStorageId=65537 mPath=/storage/emulated/0 mDescriptionId=17040805 
12-14 08:37:33.513  2063  2063 D MountService:     mPrimary=true mRemovable=false mEmulated=true mMtpReserveSpace=100 
12-14 08:37:33.513  2063  2063 D MountService:     mAllowMassStorage=false mMaxFileSize=0 mOwner=UserHandle{0} mUuid=null 
12-14 08:37:33.513  2063  2063 D MountService:     mUserLabel=null mState=null 
12-14 08:37:33.513  2063  2063 D MountService: got storage path: /storage/sdcard1 description: SD primary: false removable: true emulated: false mtpReserve: 0 allowMassStorage: false maxFileSize: 4294967296
12-14 08:37:33.513  2063  2063 D MountService: addVolumeLocked() StorageVolume:
12-14 08:37:33.513  2063  2063 D MountService:     mStorageId=0 mPath=/storage/sdcard1 mDescriptionId=17040806 mPrimary=false 
12-14 08:37:33.513  2063  2063 D MountService:     mRemovable=true mEmulated=false mMtpReserveSpace=0 mAllowMassStorage=false 
12-14 08:37:33.513  2063  2063 D MountService:     mMaxFileSize=4294967296 mOwner=null mUuid=null mUserLabel=null mState=null 
12-14 08:37:33.513  2063  2063 D MountService: got storage path: /storage/usb0 description: USB primary: false removable: true emulated: false mtpReserve: 0 allowMassStorage: false maxFileSize: 4294967296
12-14 08:37:33.513  2063  2063 D MountService: addVolumeLocked() StorageVolume:
12-14 08:37:33.513  2063  2063 D MountService:     mStorageId=0 mPath=/storage/usb0 mDescriptionId=17040807 mPrimary=false 
12-14 08:37:33.513  2063  2063 D MountService:     mRemovable=true mEmulated=false mMtpReserveSpace=0 mAllowMassStorage=false 
12-14 08:37:33.513  2063  2063 D MountService:     mMaxFileSize=4294967296 mOwner=null mUuid=null mUserLabel=null mState=null 
12-14 08:37:33.513  2063  2063 D MountService: got storage path: /storage/usb1 description: USB primary: false removable: true emulated: false mtpReserve: 0 allowMassStorage: false maxFileSize: 4294967296
12-14 08:37:33.513  2063  2063 D MountService: addVolumeLocked() StorageVolume:
12-14 08:37:33.513  2063  2063 D MountService:     mStorageId=0 mPath=/storage/usb1 mDescriptionId=17040807 mPrimary=false 
12-14 08:37:33.513  2063  2063 D MountService:     mRemovable=true mEmulated=false mMtpReserveSpace=0 mAllowMassStorage=false 
12-14 08:37:33.513  2063  2063 D MountService:     mMaxFileSize=4294967296 mOwner=null mUuid=null mUserLabel=null mState=null 
12-14 08:37:33.513  2063  2063 D MountService: got storage path: /storage/usb2 description: USB primary: false removable: true emulated: false mtpReserve: 0 allowMassStorage: false maxFileSize: 4294967296
12-14 08:37:33.513  2063  2063 D MountService: addVolumeLocked() StorageVolume:
12-14 08:37:33.513  2063  2063 D MountService:     mStorageId=0 mPath=/storage/usb2 mDescriptionId=17040807 mPrimary=false 
12-14 08:37:33.513  2063  2063 D MountService:     mRemovable=true mEmulated=false mMtpReserveSpace=0 mAllowMassStorage=false 
12-14 08:37:33.513  2063  2063 D MountService:     mMaxFileSize=4294967296 mOwner=null mUuid=null mUserLabel=null mState=null 
12-14 08:37:33.513  2063  2063 D MountService: got storage path: /storage/usb3 description: USB primary: false removable: true emulated: false mtpReserve: 0 allowMassStorage: false maxFileSize: 4294967296
12-14 08:37:33.513  2063  2063 D MountService: addVolumeLocked() StorageVolume:
12-14 08:37:33.513  2063  2063 D MountService:     mStorageId=0 mPath=/storage/usb3 mDescriptionId=17040807 mPrimary=false 
12-14 08:37:33.513  2063  2063 D MountService:     mRemovable=true mEmulated=false mMtpReserveSpace=0 mAllowMassStorage=false 
12-14 08:37:33.513  2063  2063 D MountService:     mMaxFileSize=4294967296 mOwner=null mUuid=null mUserLabel=null mState=null 
12-14 08:37:33.514  2063  2106 D EventHub: No input device configuration file found for device 'Android Power Button'.
12-14 08:37:33.514  2063  2087 I UsageStatsService: User[0] Rollover scheduled @ 2015-12-15 00:00:00(1450137600000)
12-14 08:37:33.515  2063  2063 I SystemServer: LockSettingsService
12-14 08:37:33.515  2063  2109 D MountService: volume state changed for /storage/usb0 (unmounted -> removed)
12-14 08:37:33.515  2063  2109 D MountService: volume state changed for /storage/usb1 (unmounted -> removed)
12-14 08:37:33.515  2063  2109 D MountService: volume state changed for /storage/usb2 (unmounted -> removed)
12-14 08:37:33.515  2063  2109 D MountService: volume state changed for /storage/usb3 (unmounted -> removed)
12-14 08:37:33.515  2063  2106 W EventHub: Unable to disable kernel key repeat for /dev/input/event14: Function not implemented
12-14 08:37:33.515  2063  2106 I EventHub: New device: id=2, fd=81, path='/dev/input/event14', name='Android Power Button', classes=0x1, configuration='', keyLayout='/system/usr/keylayout/Generic.kl', keyCharacterMap='/system/usr/keychars/Generic.kcm', builtinKeyboard=false, wakeMechanism=EPOLLWAKEUP, usingClockIoctl=true
12-14 08:37:33.516  2063  2106 I EventHub: ignoring event id /dev/input/event2 driver Power Button
12-14 08:37:33.516  2063  2109 I PackageManager: No secure containers found
12-14 08:37:33.516  2063  2109 W PackageManager: Unknown permission com.google.android.googleapps.permission.GOOGLE_AUTH in package com.android.providers.calendar
12-14 08:37:33.516  2063  2109 W PackageManager: Unknown permission com.google.android.googleapps.permission.GOOGLE_AUTH.cl in package com.android.providers.calendar
12-14 08:37:33.516  2063  2109 W PackageManager: Not granting permission android.permission.GLOBAL_SEARCH to package com.android.quicksearchbox (protectionLevel=18 flags=0x8be45)
12-14 08:37:33.516  2063  2109 W PackageManager: Not granting permission android.permission.ACCESS_DOWNLOAD_MANAGER to package com.android.browser (protectionLevel=18 flags=0x9be45)
12-14 08:37:33.516  2063  2109 W PackageManager: Not granting permission android.permission.SEND_DOWNLOAD_COMPLETED_INTENTS to package com.android.browser (protectionLevel=2 flags=0x9be45)
12-14 08:37:33.516  2063  2109 W PackageManager: Unknown permission com.tencent.mm.plugin.permission.SEND in package com.tencent.mm
12-14 08:37:33.516  2063  2109 W PackageManager: Unknown permission com.huawei.authentication.HW_ACCESS_AUTH_SERVICE in package com.tencent.mm
12-14 08:37:33.516  2063  2109 W PackageManager: Unknown permission com.android.launcher.permission.READ_SETTINGS in package com.tencent.mm
12-14 08:37:33.516  2063  2109 W PackageManager: Unknown permission com.tencent.mm.location.permission.SEND_VIEW in package com.tencent.mm
12-14 08:37:33.516  2063  2109 W PackageManager: Unknown permission com.huawei.android.launcher.permission.CHANGE_BADGE in package com.tencent.mm
12-14 08:37:33.516  2063  2109 W PackageManager: Unknown permission android.permission.WRITE_APP_BADGE in package com.tencent.mm
12-14 08:37:33.516  2063  2109 W PackageManager: Unknown permission com.android.vending.BILLING in package com.tencent.mm
12-14 08:37:33.516  2063  2109 W PackageManager: Unknown permission android.permission.USE_FINGERPRINT in package com.tencent.mm
12-14 08:37:33.516  2063  2109 W PackageManager: Unknown permission com.google.android.c2dm.permission.RECEIVE in package com.tencent.mm
12-14 08:37:33.516  2063  2109 W PackageManager: Not granting permission android.permission.BIND_WALLPAPER to package com.android.camera2 (protectionLevel=18 flags=0x58bc45)
12-14 08:37:33.516  2063  2109 W PackageManager: Unknown permission android.permission.INSTALL_DRM in package com.android.mms
12-14 08:37:33.516  2063  2109 W PackageManager: Not granting permission android.permission.BIND_APPWIDGET to package com.android.launcher3 (protectionLevel=18 flags=0x483e45)
12-14 08:37:33.516  2063  2109 W PackageManager: Unknown permission com.android.launcher.permission.READ_SETTINGS in package com.android.launcher3
12-14 08:37:33.516  2063  2109 W PackageManager: Unknown permission com.android.launcher.permission.WRITE_SETTINGS in package com.android.launcher3
12-14 08:37:33.516  2063  2109 W PackageManager: Unknown permission com.google.android.googleapps.permission.GOOGLE_AUTH.mail in package com.android.calendar
12-14 08:37:33.516  2063  2109 W PackageManager: Unknown permission com.android.launcher.permission.READ_SETTINGS in package com.android.onetimeinitializer
12-14 08:37:33.516  2063  2109 W PackageManager: Unknown permission com.android.launcher.permission.WRITE_SETTINGS in package com.android.onetimeinitializer
12-14 08:37:33.516  2063  2109 W PackageManager: Not granting permission android.permission.DELETE_PACKAGES to package com.svox.pico (protectionLevel=18 flags=0x8be45)
12-14 08:37:33.516  2063  2109 W PackageManager: Unknown permission com.cyanogenmod.filemanager.permissions.READ_THEME in package com.cyanogenmod.filemanager
12-14 08:37:33.516  2063  2109 W PackageManager: Unknown permission com.google.android.googleapps.permission.GOOGLE_AUTH in package com.android.settings
12-14 08:37:33.516  2063  2109 W PackageManager: Unknown permission com.android.launcher.permission.READ_SETTINGS in package com.android.settings
12-14 08:37:33.516  2063  2109 W PackageManager: Unknown permission com.android.launcher.permission.WRITE_SETTINGS in package com.android.settings
12-14 08:37:33.516  2063  2109 W PackageManager: Unknown permission com.android.smspush.WAPPUSH_MANAGER_BIND in package com.android.phone
12-14 08:37:33.516  2063  2109 W PackageManager: Not granting permission android.permission.DEVICE_POWER to package com.android.deskclock (protectionLevel=2 flags=0x48be45)
12-14 08:37:33.516  2063  2109 W PackageManager: Unknown permission com.google.android.gallery3d.permission.GALLERY_PROVIDER in package com.android.bluetooth
12-14 08:37:33.516  2063  2109 W PackageManager: Unknown permission com.google.android.googleapps.permission.ACCESS_GOOGLE_PASSWORD in package com.android.development
12-14 08:37:33.516  2063  2109 W PackageManager: Unknown permission com.google.android.googleapps.permission.GOOGLE_AUTH in package com.android.development
12-14 08:37:33.516  2063  2109 W PackageManager: Unknown permission com.google.android.googleapps.permission.GOOGLE_AUTH.ALL_SERVICES in package com.android.development
12-14 08:37:33.516  2063  2109 W PackageManager: Unknown permission com.google.android.googleapps.permission.GOOGLE_AUTH.YouTubeUser in package com.android.development
12-14 08:37:33.516  2063  2063 I SystemServiceManager: Starting com.android.server.devicepolicy.DevicePolicyManagerService$Lifecycle
12-14 08:37:33.523  2063  2063 I SystemServer: Status Bar
12-14 08:37:33.524  2063  2063 I SystemServer: Clipboard Service
12-14 08:37:33.525  2063  2063 I SystemServer: NetworkManagement Service
12-14 08:37:33.526  2063  2063 I SystemServer: Text Service Manager Service
12-14 08:37:33.527  2063  2063 I SystemServer: Network Score Service
12-14 08:37:33.528  2063  2106 I EventHub: ignoring event id /dev/input/event1 driver Power Button
12-14 08:37:33.528  2063  2063 I SystemServer: NetworkStats Service
12-14 08:37:33.531  2063  2063 I SystemServer: NetworkPolicy Service
12-14 08:37:33.533  2063  2106 D EventHub: No input device configuration file found for device 'Video Bus'.
12-14 08:37:33.534  2063  2106 W EventHub: Unable to disable kernel key repeat for /dev/input/event6: Function not implemented
12-14 08:37:33.534  2063  2106 I EventHub: New device: id=3, fd=90, path='/dev/input/event6', name='Video Bus', classes=0x1, configuration='', keyLayout='/system/usr/keylayout/Generic.kl', keyCharacterMap='/system/usr/keychars/Generic.kcm', builtinKeyboard=false, wakeMechanism=EPOLLWAKEUP, usingClockIoctl=true
12-14 08:37:33.534  2063  2106 D EventHub: No input device configuration file found for device 'Video Bus'.
12-14 08:37:33.534  2063  2063 I SystemServiceManager: Starting com.android.server.wifi.p2p.WifiP2pService
12-14 08:37:33.534  2063  2106 W EventHub: Unable to disable kernel key repeat for /dev/input/event5: Function not implemented
12-14 08:37:33.534  2063  2106 I EventHub: New device: id=4, fd=91, path='/dev/input/event5', name='Video Bus', classes=0x1, configuration='', keyLayout='/system/usr/keylayout/Generic.kl', keyCharacterMap='/system/usr/keychars/Generic.kcm', builtinKeyboard=false, wakeMechanism=EPOLLWAKEUP, usingClockIoctl=true
12-14 08:37:33.535  2063  2106 D EventHub: No input device configuration file found for device 'Lid Switch'.
12-14 08:37:33.535  2063  2106 I EventHub: New device: id=5, fd=92, path='/dev/input/event0', name='Lid Switch', classes=0x80, configuration='', keyLayout='', keyCharacterMap='', builtinKeyboard=false, wakeMechanism=EPOLLWAKEUP, usingClockIoctl=true
12-14 08:37:33.535  2063  2106 D EventHub: No input device configuration file found for device 'PC Speaker'.
12-14 08:37:33.542  2063  2063 I WifiP2pService: Registering wifip2p
12-14 08:37:33.543  2063  2063 I SystemServiceManager: Starting com.android.server.wifi.WifiService
12-14 08:37:33.557  2063  2106 D EventHub: No input device configuration file found for device 'AT Translated Set 2 keyboard'.
12-14 08:37:33.558  2063  2106 I EventHub: New device: id=7, fd=99, path='/dev/input/event3', name='AT Translated Set 2 keyboard', classes=0x3, configuration='', keyLayout='/system/usr/keylayout/Generic.kl', keyCharacterMap='/system/usr/keychars/Generic.kcm', builtinKeyboard=false, wakeMechanism=EPOLLWAKEUP, usingClockIoctl=true
12-14 08:37:33.558  2063  2106 D EventHub: No input device configuration file found for device 'MSI WMI hotkeys'.
12-14 08:37:33.559  2063  2106 W EventHub: Unable to disable kernel key repeat for /dev/input/event13: Function not implemented
12-14 08:37:33.559  2063  2106 I EventHub: New device: id=8, fd=100, path='/dev/input/event13', name='MSI WMI hotkeys', classes=0x1, configuration='', keyLayout='/system/usr/keylayout/Generic.kl', keyCharacterMap='/system/usr/keychars/Generic.kcm', builtinKeyboard=false, wakeMechanism=EPOLLWAKEUP, usingClockIoctl=true
12-14 08:37:33.559  2063  2106 E EventHub: could not get driver version for /dev/input/mice, Not a typewriter
12-14 08:37:33.567  2063  2063 E WifiConfigStore: associatedPartialScanPeriodMilli set to 20000
12-14 08:37:33.571  2063  2063 D WifiController: isAirplaneModeOn = false, isWifiEnabled = false, isScanningAvailable = false
12-14 08:37:33.571  2063  2063 I WifiService: Registering wifi
12-14 08:37:33.572  2063  2063 I SystemServiceManager: Starting com.android.server.wifi.WifiScanningService
12-14 08:37:33.572  2063  2063 I WifiScanningService: Creating wifiscanner
12-14 08:37:33.572  2063  2063 I WifiScanningService: Starting wifiscanner
12-14 08:37:33.572  2063  2063 I SystemServiceManager: Starting com.android.server.wifi.RttService
12-14 08:37:33.572  2063  2063 I RttService: Creating rttmanager
12-14 08:37:33.572  2063  2063 I RttService: Starting rttmanager
12-14 08:37:33.572  2063  2063 I SystemServiceManager: Starting com.android.server.ethernet.EthernetService
12-14 08:37:33.573  2063  2063 I EthernetServiceImpl: Creating EthernetConfigStore
12-14 08:37:33.573  2063  2063 E IpConfigStore: Error parsing configuration: java.io.FileNotFoundException: /data/misc/ethernet/ipconfig.txt: open failed: ENOENT (No such file or directory)
12-14 08:37:33.573  2063  2063 W EthernetConfigStore: No Ethernet configuration found. Using default.
12-14 08:37:33.573  2063  2063 I EthernetServiceImpl: Read stored IP configuration: IP assignment: DHCP
12-14 08:37:33.573  2063  2063 I EthernetServiceImpl: Proxy settings: NONE
12-14 08:37:33.573  2063  2063 I EthernetService: Registering service ethernet
12-14 08:37:33.573  2063  2063 I SystemServer: Connectivity Service
12-14 08:37:33.575  2063  2063 D ConnectivityService: ConnectivityService starting up
12-14 08:37:33.576  2063  2063 D ConnectivityService: wifiOnly=false
12-14 08:37:33.576  2063  2063 E ConnectivityService: Ignoring protectedNetwork 14
12-14 08:37:33.576  2063  2063 E ConnectivityService: Ignoring protectedNetwork 15
12-14 08:37:33.579  2063  2063 I SystemServer: Network Service Discovery Service
12-14 08:37:33.580  2063  2063 D NsdService: Network service discovery enabled true
12-14 08:37:33.581  2063  2063 I SystemServer: UpdateLock Service
12-14 08:37:33.582  2063  2106 D EventHub: No input device configuration file found for device 'HDA Intel PCH Headphone'.
12-14 08:37:33.582  2063  2106 I EventHub: New device: id=9, fd=110, path='/dev/input/event11', name='HDA Intel PCH Headphone', classes=0x80, configuration='', keyLayout='', keyCharacterMap='', builtinKeyboard=false, wakeMechanism=EPOLLWAKEUP, usingClockIoctl=true
12-14 08:37:33.582  2063  2106 D EventHub: No input device configuration file found for device 'HDA Intel PCH Mic'.
12-14 08:37:33.582  2063  2106 I EventHub: New device: id=10, fd=111, path='/dev/input/event10', name='HDA Intel PCH Mic', classes=0x80, configuration='', keyLayout='', keyCharacterMap='', builtinKeyboard=false, wakeMechanism=EPOLLWAKEUP, usingClockIoctl=true
12-14 08:37:33.582  2063  2106 E EventHub: could not get driver version for /dev/input/mouse0, Not a typewriter
12-14 08:37:33.590  2063  2063 I SystemServiceManager: Starting com.android.server.notification.NotificationManagerService
12-14 08:37:33.593  2063  2106 D EventHub: No input device configuration file found for device 'Logitech USB Optical Mouse'.
12-14 08:37:33.593  2063  2106 I EventHub: New device: id=11, fd=115, path='/dev/input/event4', name='Logitech USB Optical Mouse', classes=0x80000008, configuration='', keyLayout='', keyCharacterMap='', builtinKeyboard=false, wakeMechanism=EPOLLWAKEUP, usingClockIoctl=true
12-14 08:37:33.593  2063  2106 D EventHub: No input device configuration file found for device 'HDA Intel HDMI HDMI/DP,pcm=8'.
12-14 08:37:33.593  2063  2106 I EventHub: New device: id=12, fd=116, path='/dev/input/event9', name='HDA Intel HDMI HDMI/DP,pcm=8', classes=0x80, configuration='', keyLayout='', keyCharacterMap='', builtinKeyboard=false, wakeMechanism=EPOLLWAKEUP, usingClockIoctl=true
12-14 08:37:33.593  2063  2106 D EventHub: No input device configuration file found for device 'HDA Intel HDMI HDMI/DP,pcm=7'.
12-14 08:37:33.593  2063  2106 I EventHub: New device: id=13, fd=117, path='/dev/input/event8', name='HDA Intel HDMI HDMI/DP,pcm=7', classes=0x80, configuration='', keyLayout='', keyCharacterMap='', builtinKeyboard=false, wakeMechanism=EPOLLWAKEUP, usingClockIoctl=true
12-14 08:37:33.593  2063  2106 D EventHub: No input device configuration file found for device 'HDA Intel HDMI HDMI/DP,pcm=3'.
12-14 08:37:33.593  2063  2106 I EventHub: New device: id=14, fd=118, path='/dev/input/event7', name='HDA Intel HDMI HDMI/DP,pcm=3', classes=0x80, configuration='', keyLayout='', keyCharacterMap='', builtinKeyboard=false, wakeMechanism=EPOLLWAKEUP, usingClockIoctl=true
12-14 08:37:33.594  2063  2106 I InputReader: Device added: id=-1, name='Virtual', sources=0x00000301
12-14 08:37:33.594  2063  2106 I InputReader: Device added: id=14, name='HDA Intel HDMI HDMI/DP,pcm=3', sources=0x80000000
12-14 08:37:33.594  2063  2106 I InputReader: Device added: id=13, name='HDA Intel HDMI HDMI/DP,pcm=7', sources=0x80000000
12-14 08:37:33.594  2063  2106 I InputReader: Device added: id=12, name='HDA Intel HDMI HDMI/DP,pcm=8', sources=0x80000000
12-14 08:37:33.596  2063  2063 D ZenLog  : set_zen_mode: off,setting
12-14 08:37:33.597  2063  2106 I InputReader: Device added: id=11, name='Logitech USB Optical Mouse', sources=0x00002002
12-14 08:37:33.597  2063  2106 I InputReader: Device added: id=10, name='HDA Intel PCH Mic', sources=0x80000000
12-14 08:37:33.597  2063  2106 I InputReader: Device added: id=9, name='HDA Intel PCH Headphone', sources=0x80000000
12-14 08:37:33.597  2063  2106 I InputReader: Device added: id=8, name='MSI WMI hotkeys', sources=0x00000101
12-14 08:37:33.597  2063  2106 I InputReader: Device added: id=7, name='AT Translated Set 2 keyboard', sources=0x00000101
12-14 08:37:33.597  2063  2106 I InputReader: Device added: id=5, name='Lid Switch', sources=0x80000000
12-14 08:37:33.597  2063  2106 I InputReader: Device added: id=4, name='Video Bus', sources=0x00000101
12-14 08:37:33.597  2063  2106 I InputReader: Device added: id=3, name='Video Bus', sources=0x00000101
12-14 08:37:33.597  2063  2106 I InputReader: Device added: id=2, name='Android Power Button', sources=0x00000101
12-14 08:37:33.597  2063  2063 I SystemServiceManager: Starting com.android.server.storage.DeviceStorageMonitorService
12-14 08:37:33.597  2063  2106 I InputReader:   Touch device 'ETPS/2 Elantech Touchpad' could not query the properties of its associated display.  The device will be inoperable until the display size becomes available.
12-14 08:37:33.597  2063  2106 I InputReader: Device added: id=1, name='ETPS/2 Elantech Touchpad', sources=0x00002002
12-14 08:37:33.597  2063  2106 I InputReader: Reconfiguring input devices.  changes=0x00000004
12-14 08:37:33.597  2063  2106 I InputReader: Device reconfigured: id=1, name='ETPS/2 Elantech Touchpad', size 1920x1080, orientation 0, mode 4, display id 0
12-14 08:37:33.597  2063  2105 I ActivityManager: Config changes=30 {1.0 ?mcc?mnc zh_CN ?layoutDir sw720dp w1280dp h646dp 240dpi lrg long land ?uimode ?night -touch qwerty/v/v -nav/h s.4}
12-14 08:37:33.597  2063  2063 I SystemServer: Location Manager
12-14 08:37:33.598  2063  2063 I SystemServer: Country Detector
12-14 08:37:33.599  2063  2063 I SystemServer: Search Service
12-14 08:37:33.605  2063  2063 I SystemServer: DropBox Service
12-14 08:37:33.605  2063  2063 I SystemServer: Wallpaper Service
12-14 08:37:33.606  2063  2063 I SystemServer: Audio Service
12-14 08:37:33.608  2063  2120 I ServiceManager: Waiting for service media.audio_policy...
12-14 08:37:33.608  2063  2063 W TelecomManager: Telecom Service not found.
12-14 08:37:33.645  2063  2105 I InputDispatcher: Dropped event because input dispatch is disabled.
12-14 08:37:33.646  2063  2093 I GRALLOC-DRM: create intel for driver i915
12-14 08:37:33.653  2063  2105 I InputDispatcher: Dropped event because input dispatch is disabled.
12-14 08:37:33.661  2063  2105 I InputDispatcher: Dropped event because input dispatch is disabled.
12-14 08:37:33.669  2063  2105 I InputDispatcher: Dropped event because input dispatch is disabled.
12-14 08:37:33.677  2063  2105 I InputDispatcher: Dropped event because input dispatch is disabled.
12-14 08:37:33.685  2063  2105 I InputDispatcher: Dropped event because input dispatch is disabled.
12-14 08:37:33.693  2063  2105 I InputDispatcher: Dropped event because input dispatch is disabled.
12-14 08:37:33.701  2063  2105 I InputDispatcher: Dropped event because input dispatch is disabled.
12-14 08:37:33.709  2063  2105 I InputDispatcher: Dropped event because input dispatch is disabled.
12-14 08:37:33.717  2063  2105 I InputDispatcher: Dropped event because input dispatch is disabled.
12-14 08:37:33.725  2063  2105 I InputDispatcher: Dropped event because input dispatch is disabled.
12-14 08:37:33.733  2063  2105 I InputDispatcher: Dropped event because input dispatch is disabled.
12-14 08:37:33.741  2063  2105 I InputDispatcher: Dropped event because input dispatch is disabled.
12-14 08:37:33.749  2063  2105 I InputDispatcher: Dropped event because input dispatch is disabled.
12-14 08:37:33.757  2063  2105 I InputDispatcher: Dropped event because input dispatch is disabled.
12-14 08:37:33.765  2063  2105 I InputDispatcher: Dropped event because input dispatch is disabled.
12-14 08:37:33.773  2063  2105 I InputDispatcher: Dropped event because input dispatch is disabled.
12-14 08:37:33.781  2063  2105 I InputDispatcher: Dropped event because input dispatch is disabled.
12-14 08:37:33.789  2063  2105 I InputDispatcher: Dropped event because input dispatch is disabled.
12-14 08:37:33.797  2063  2105 I InputDispatcher: Dropped event because input dispatch is disabled.
12-14 08:37:33.805  2063  2105 I InputDispatcher: Dropped event because input dispatch is disabled.
12-14 08:37:33.813  2063  2105 I InputDispatcher: Dropped event because input dispatch is disabled.
12-14 08:37:33.818  1796  1796 I AudioFlinger: Using module 1 has the primary audio interface
12-14 08:37:33.818  1796  2122 I AudioFlinger: AudioFlinger's thread 0xf58bd000 ready to run
12-14 08:37:33.819  1796  2123 I AudioFlinger: AudioFlinger's thread 0xf5951000 ready to run
12-14 08:37:33.820  1796  1796 D BlueZ   : external/bluetooth/bluez/android/hal-audio.c:audio_open() 
12-14 08:37:33.820  1796  1796 D BlueZ   : external/bluetooth/bluez/android/hal-audio.c:audio_ipc_init() 
12-14 08:37:33.820  1796  2124 D BlueZ   : external/bluetooth/bluez/android/hal-audio.c:ipc_handler() 
12-14 08:37:33.820  1796  2124 D BlueZ   : external/bluetooth/bluez/android/hal-audio.c:ipc_handler() Waiting for connection ...
12-14 08:37:33.820  1796  1796 E BlueZ   : APTX: failed to open library libbt-aptx.so (dlopen failed: library "libbt-aptx.so" not found)
12-14 08:37:33.820  1796  1796 D BlueZ   : external/bluetooth/bluez/android/hal-audio.c:audio_init_check() 
12-14 08:37:33.820  1796  1796 D BlueZ   : external/bluetooth/bluez/android/hal-audio.c:audio_set_master_volume() 
12-14 08:37:33.820  1796  1796 D BlueZ   : external/bluetooth/bluez/android/hal-audio.c:set_master_mute() 
12-14 08:37:33.820  1796  1796 I AudioFlinger: loadHwModule() Loaded a2dp audio interface from A2DP Bluez HW HAL (audio) handle 4
12-14 08:37:33.820  1796  1796 I AudioFlinger: loadHwModule() Loaded usb audio interface from USB audio HW HAL (audio) handle 5
12-14 08:37:33.820  1796  1796 E SoundTriggerHwService: couldn't load sound trigger module sound_trigger.primary (No such file or directory)
12-14 08:37:33.821  1796  2126 D BlueZ   : external/bluetooth/bluez/android/hal-audio.c:audio_set_mic_mute() 
12-14 08:37:33.821  2063  2105 I InputDispatcher: Dropped event because input dispatch is disabled.
12-14 08:37:33.829  2063  2105 I InputDispatcher: Dropped event because input dispatch is disabled.
12-14 08:37:33.837  2063  2105 I InputDispatcher: Dropped event because input dispatch is disabled.
12-14 08:37:33.845  2063  2105 I InputDispatcher: Dropped event because input dispatch is disabled.
12-14 08:37:33.853  2063  2105 I InputDispatcher: Dropped event because input dispatch is disabled.
12-14 08:37:33.861  2063  2105 I InputDispatcher: Dropped event because input dispatch is disabled.
12-14 08:37:33.869  2063  2105 I InputDispatcher: Dropped event because input dispatch is disabled.
12-14 08:37:33.877  2063  2105 I InputDispatcher: Dropped event because input dispatch is disabled.
12-14 08:37:33.885  2063  2105 I InputDispatcher: Dropped event because input dispatch is disabled.
12-14 08:37:33.893  2063  2105 I InputDispatcher: Dropped event because input dispatch is disabled.
12-14 08:37:33.901  2063  2105 I InputDispatcher: Dropped event because input dispatch is disabled.
12-14 08:37:33.909  2063  2105 I InputDispatcher: Dropped event because input dispatch is disabled.
12-14 08:37:33.917  2063  2105 I InputDispatcher: Dropped event because input dispatch is disabled.
12-14 08:37:33.925  2063  2105 I InputDispatcher: Dropped event because input dispatch is disabled.
12-14 08:37:33.933  2063  2105 I InputDispatcher: Dropped event because input dispatch is disabled.
12-14 08:37:33.941  2063  2105 I InputDispatcher: Dropped event because input dispatch is disabled.
12-14 08:37:33.949  2063  2105 I InputDispatcher: Dropped event because input dispatch is disabled.
12-14 08:37:34.221  2063  2105 I InputDispatcher: Dropped event because input dispatch is disabled.
12-14 08:37:34.229  2063  2105 I InputDispatcher: Dropped event because input dispatch is disabled.
12-14 08:37:34.237  2063  2105 I InputDispatcher: Dropped event because input dispatch is disabled.
12-14 08:37:34.245  2063  2105 I InputDispatcher: Dropped event because input dispatch is disabled.
12-14 08:37:34.277  2063  2105 I InputDispatcher: Dropped event because input dispatch is disabled.
12-14 08:37:34.293  2063  2105 I InputDispatcher: Dropped event because input dispatch is disabled.
12-14 08:37:34.309  2063  2105 I InputDispatcher: Dropped event because input dispatch is disabled.
12-14 08:37:34.317  2063  2105 I InputDispatcher: Dropped event because input dispatch is disabled.
12-14 08:37:34.325  2063  2105 I InputDispatcher: Dropped event because input dispatch is disabled.
12-14 08:37:34.333  2063  2105 I InputDispatcher: Dropped event because input dispatch is disabled.
12-14 08:37:34.341  2063  2105 I InputDispatcher: Dropped event because input dispatch is disabled.
12-14 08:37:34.373  2063  2105 I InputDispatcher: Dropped event because input dispatch is disabled.
12-14 08:37:34.389  2063  2105 I InputDispatcher: Dropped event because input dispatch is disabled.
12-14 08:37:34.397  2063  2105 I InputDispatcher: Dropped event because input dispatch is disabled.
12-14 08:37:34.405  2063  2105 I InputDispatcher: Dropped event because input dispatch is disabled.
12-14 08:37:34.413  2063  2105 I InputDispatcher: Dropped event because input dispatch is disabled.
12-14 08:37:34.421  2063  2105 I InputDispatcher: Dropped event because input dispatch is disabled.
12-14 08:37:34.429  2063  2105 I InputDispatcher: Dropped event because input dispatch is disabled.
12-14 08:37:34.445  2063  2105 I InputDispatcher: Dropped event because input dispatch is disabled.
12-14 08:37:34.453  2063  2105 I InputDispatcher: Dropped event because input dispatch is disabled.
12-14 08:37:34.485  2063  2105 I InputDispatcher: Dropped event because input dispatch is disabled.
12-14 08:37:34.501  2063  2105 I InputDispatcher: Dropped event because input dispatch is disabled.
12-14 08:37:34.509  2063  2105 I InputDispatcher: Dropped event because input dispatch is disabled.
12-14 08:37:34.517  2063  2105 I InputDispatcher: Dropped event because input dispatch is disabled.
12-14 08:37:34.525  2063  2105 I InputDispatcher: Dropped event because input dispatch is disabled.
12-14 08:37:34.533  2063  2105 I InputDispatcher: Dropped event because input dispatch is disabled.
12-14 08:37:34.541  2063  2105 I InputDispatcher: Dropped event because input dispatch is disabled.
12-14 08:37:34.549  2063  2105 I InputDispatcher: Dropped event because input dispatch is disabled.
12-14 08:37:34.557  2063  2105 I InputDispatcher: Dropped event because input dispatch is disabled.
12-14 08:37:34.565  2063  2105 I InputDispatcher: Dropped event because input dispatch is disabled.
12-14 08:37:34.573  2063  2105 I InputDispatcher: Dropped event because input dispatch is disabled.
12-14 08:37:34.581  2063  2105 I InputDispatcher: Dropped event because input dispatch is disabled.
12-14 08:37:34.589  2063  2105 I InputDispatcher: Dropped event because input dispatch is disabled.
12-14 08:37:34.597  2063  2105 I InputDispatcher: Dropped event because input dispatch is disabled.
12-14 08:37:34.611  2063  2063 I SystemServiceManager: Starting com.android.server.DockObserver
12-14 08:37:34.612  2063  2063 W DockObserver: This kernel does not have dock station support
12-14 08:37:34.612  2063  2063 I SystemServer: Wired Accessory Manager
12-14 08:37:34.612  2063  2063 W WiredAccessoryManager: This kernel does not have usb audio support
12-14 08:37:34.612  2063  2063 W WiredAccessoryManager: This kernel does not have HDMI audio support
12-14 08:37:34.612  2063  2063 I SystemServiceManager: Starting com.android.server.usb.UsbService$Lifecycle
12-14 08:37:34.614  2063  2063 I SystemServer: Serial Service
12-14 08:37:34.614  2063  2063 I SystemServiceManager: Starting com.android.server.twilight.TwilightService
12-14 08:37:34.615  2063  2063 I SystemServiceManager: Starting com.android.server.UiModeManagerService
12-14 08:37:34.615  2063  2063 I SystemServiceManager: Starting com.android.server.job.JobSchedulerService
12-14 08:37:34.616  2063  2063 I SystemServiceManager: Starting com.android.server.backup.BackupManagerService$Lifecycle
12-14 08:37:34.617  2063  2063 I SystemServiceManager: Starting com.android.server.appwidget.AppWidgetService
12-14 08:37:34.617  2063  2063 I SystemServiceManager: Starting com.android.server.voiceinteraction.VoiceInteractionManagerService
12-14 08:37:34.618  2063  2063 W SoundTriggerHelper: listModules status=0, # of modules=0
12-14 08:37:34.618  2063  2063 I SystemServer: DiskStats Service
12-14 08:37:34.618  2063  2063 I SystemServer: SamplingProfiler Service
12-14 08:37:34.620  2063  2063 I SystemServer: NetworkTimeUpdateService
12-14 08:37:34.620  2063  2063 I SystemServer: CommonTimeManagementService
12-14 08:37:34.621  2063  2063 I SystemServer: CertBlacklister
12-14 08:37:34.621  2063  2063 I SystemServiceManager: Starting com.android.server.dreams.DreamManagerService
12-14 08:37:34.622  2063  2063 I SystemServer: Assets Atlas Service
12-14 08:37:34.622  2063  2063 I SystemServiceManager: Starting com.android.server.print.PrintManagerService
12-14 08:37:34.623  2063  2128 D AssetAtlas: Loaded configuration: SliceMinArea (768x768) flags=0x2 count=446
12-14 08:37:34.623  2063  2063 I SystemServiceManager: Starting com.android.server.restrictions.RestrictionsManagerService
12-14 08:37:34.624  2063  2063 I SystemServiceManager: Starting com.android.server.media.MediaSessionService
12-14 08:37:34.625  2063  2063 I SystemServer: Media Router Service
12-14 08:37:34.625  2063  2063 I SystemServiceManager: Starting com.android.server.trust.TrustManagerService
12-14 08:37:34.625  2063  2063 I SystemServiceManager: Starting com.android.server.fingerprint.FingerprintService
12-14 08:37:34.625  2063  2063 V Fingerprint-JNI: nativeInit()
12-14 08:37:34.626  2063  2063 V Fingerprint-JNI: nativeOpenHal()
12-14 08:37:34.626  2063  2063 E Fingerprint-JNI: Can't open fingerprint HW Module, error: -2
12-14 08:37:34.626  2063  2063 I SystemServer: BackgroundDexOptService
12-14 08:37:34.626  2063  2063 I SystemServiceManager: Starting com.android.server.pm.LauncherAppsService
12-14 08:37:34.626  2063  2063 I SystemServiceManager: Starting com.android.server.media.projection.MediaProjectionManagerService
12-14 08:37:34.629  2063  2063 I WindowManager: SAFE MODE not enabled
12-14 08:37:34.629  2063  2063 I SystemServiceManager: Starting com.android.server.MmsServiceBroker
12-14 08:37:34.629  2063  2105 I InputDispatcher: Dropped event because input dispatch is disabled.
12-14 08:37:34.631  2063  2063 E SQLiteLog: (283) recovered 17 frames from WAL file /data/system/locksettings.db-wal
12-14 08:37:34.640  2063  2063 E LockSettingsStorage: Cannot read file java.io.FileNotFoundException: /data/system/password.key: open failed: ENOENT (No such file or directory)
12-14 08:37:34.640  2063  2063 E LockSettingsStorage: Cannot read file java.io.FileNotFoundException: /data/system/gesture.key: open failed: ENOENT (No such file or directory)
12-14 08:37:34.640  2063  2063 I SystemServiceManager: Starting phase 480
12-14 08:37:34.642  2063  2063 I SystemServiceManager: Starting phase 500
12-14 08:37:34.642  2063  2063 I WifiService: WifiService starting up with Wi-Fi disabled
12-14 08:37:34.642  2063  2128 I EGL-DRI2: DRI2: found extension DRI_Core version 1
12-14 08:37:34.642  2063  2128 I EGL-DRI2: DRI2: found extension DRI_DRI2 version 4
12-14 08:37:34.644  2063  2115 D WifiService: New client listening to asynchronous messages
12-14 08:37:34.644  2063  2063 I WifiScanningService: Registering wifiscanner
12-14 08:37:34.645  2063  2128 I EGL-DRI2: DRI2: found extension DRI_TexBuffer version 3
12-14 08:37:34.645  2063  2128 I EGL-DRI2: DRI2: found extension DRI2_Flush version 4
12-14 08:37:34.645  2063  2128 I EGL-DRI2: DRI2: found extension DRI_IMAGE version 11
12-14 08:37:34.645  2063  2063 D WifiScanningService: New client, channel: null messenger: null
12-14 08:37:34.645  2063  2105 I InputDispatcher: Dropped event because input dispatch is disabled.
12-14 08:37:34.645  2063  2063 I RttService: Registering rttmanager
12-14 08:37:34.645  2063  2131 D WifiChangeStateMachine: Entering IdleState
12-14 08:37:34.645  2063  2131 D WifiScanningService: DefaultState
12-14 08:37:34.646  2063  2063 I EthernetServiceImpl: Starting Ethernet service
12-14 08:37:34.646  2063  2063 D Ethernet: Registering NetworkFactory
12-14 08:37:34.646  2063  2116 D ConnectivityService: Got NetworkFactory Messenger for Ethernet
12-14 08:37:34.647  2063  2133 D Ethernet: got request NetworkRequest [ id=1, legacyType=-1, [ Capabilities: INTERNET&NOT_RESTRICTED&TRUSTED&NOT_VPN] ] with score 0
12-14 08:37:34.647  2063  2063 D EthernetNetworkFactory: Started tracking interface eth0
12-14 08:37:34.648  1791  2037 D CommandListener: Setting iface cfg
12-14 08:37:34.648  1791  2037 D CommandListener: Trying to bring up eth0
12-14 08:37:34.651  2063  2128 D AssetAtlas: Rendered atlas in 10.55ms (1.54+9.01ms)
12-14 08:37:34.781  2063  2105 I InputDispatcher: Dropped event because input dispatch is disabled.
12-14 08:37:34.880  2063  2063 I ActivityManager: Config changes=200 {1.0 ?mcc?mnc zh_CN ?layoutDir sw720dp w1280dp h646dp 240dpi lrg long land -touch qwerty/v/v -nav/h s.5}
12-14 08:37:34.887  2063  2063 V BackupManagerService: No ancestral data
12-14 08:37:34.888  2063  2063 D BackupManagerService: Now staging backup of com.android.browser
12-14 08:37:34.890  2063  2063 D BackupManagerService: Now staging backup of android
12-14 08:37:34.892  2063  2063 D BackupManagerService: Now staging backup of com.android.calendar
12-14 08:37:34.893  2063  2063 D BackupManagerService: Now staging backup of com.android.providers.settings
12-14 08:37:34.894  2063  2063 D BackupManagerService: Now staging backup of com.android.sharedstoragebackup
12-14 08:37:34.896  2063  2063 D BackupManagerService: Now staging backup of com.android.dialer
12-14 08:37:34.897  2063  2063 D BackupManagerService: Now staging backup of com.android.providers.userdictionary
12-14 08:37:34.898  2063  2063 V BackupManagerService: Starting with transport android/com.android.internal.backup.LocalTransport
12-14 08:37:34.898  2063  2063 V BackupManagerService: Found transports: 1
12-14 08:37:34.898  2063  2063 I BackupManagerService: Binding to transport host ComponentInfo{android/com.android.internal.backup.LocalTransportService}
12-14 08:37:34.900  2063  2063 I BackupManagerService: Found stale backup journal, scheduling
12-14 08:37:34.909  2063  2063 I AppOps  : Pruning old package media/1013: new uid=-1
12-14 08:37:34.909  2063  2063 I ActivityManager: System now ready
12-14 08:37:34.910  2063  2063 I SystemServer: Making services ready
12-14 08:37:34.910  2063  2063 I SystemServiceManager: Starting phase 550
12-14 08:37:34.910  2063  2063 I SystemServer: WebViewFactory preparation
12-14 08:37:34.911  2063  2137 D UsbHostManager: Added device UsbDevice[mName=/dev/bus/usb/002/003,mVendorId=6000,mProductId=65280,mClass=0,mSubclass=0,mProtocol=0,mManufacturerName=null,mProductName=null,mSerialNumber=null,mConfigurations=[
12-14 08:37:34.911  2063  2137 D UsbHostManager: UsbConfiguration[mId=1,mName=null,mAttributes=160,mMaxPower=1,mInterfaces=[
12-14 08:37:34.911  2063  2137 D UsbHostManager: UsbInterface[mId=0,mAlternateSetting=0,mName=null,mClass=3,mSubclass=0,mProtocol=0,mEndpoints=[
