12-15 16:20:15.304  3655  3655 E Minikin : addFont failed to create font /system/fonts/NotoSansGujarati-Regular.ttf
12-15 16:20:15.304  3655  3655 E Minikin : addFont failed to create font /system/fonts/NotoSansGujarati-Bold.ttf
12-15 16:20:15.304  3655  3655 E Minikin : addFont failed to create font /system/fonts/NotoSansGujaratiUI-Regular.ttf
12-15 16:20:15.304  3655  3655 E Minikin : addFont failed to create font /system/fonts/NotoSansGujaratiUI-Bold.ttf
12-15 16:20:15.304  3655  3655 E Minikin : addFont failed to create font /system/fonts/NotoSansGurmukhi-Regular.ttf
12-15 16:20:15.304  3655  3655 E Minikin : addFont failed to create font /system/fonts/NotoSansGurmukhi-Bold.ttf
12-15 16:20:15.304  3655  3655 E Minikin : addFont failed to create font /system/fonts/NotoSansGurmukhiUI-Regular.ttf
12-15 16:20:15.304  3655  3655 E Minikin : addFont failed to create font /system/fonts/NotoSansGurmukhiUI-Bold.ttf
12-15 16:20:15.304  3655  3655 E Minikin : addFont failed to create font /system/fonts/NotoSansSinhala-Regular.ttf
12-15 16:20:15.304  3655  3655 E Minikin : addFont failed to create font /system/fonts/NotoSansSinhala-Bold.ttf
12-15 16:20:15.304  3655  3655 E Minikin : addFont failed to create font /system/fonts/NotoSansThaana-Regular.ttf
12-15 16:20:15.304  3655  3655 E Minikin : addFont failed to create font /system/fonts/NotoSansThaana-Bold.ttf
12-15 16:20:15.304  3655  3655 E Minikin : addFont failed to create font /system/fonts/NotoSansCham-Regular.ttf
12-15 16:20:15.304  3655  3655 E Minikin : addFont failed to create font /system/fonts/NotoSansCham-Bold.ttf
12-15 16:20:15.304  3655  3655 E Minikin : addFont failed to create font /system/fonts/NotoSansBalinese-Regular.ttf
12-15 16:20:15.304  3655  3655 E Minikin : addFont failed to create font /system/fonts/NotoSansBatak-Regular.ttf
12-15 16:20:15.304  3655  3655 E Minikin : addFont failed to create font /system/fonts/NotoSansBuginese-Regular.ttf
12-15 16:20:15.304  3655  3655 E Minikin : addFont failed to create font /system/fonts/NotoSansBuhid-Regular.ttf
12-15 16:20:15.304  3655  3655 E Minikin : addFont failed to create font /system/fonts/NotoSansCanadianAboriginal-Regular.ttf
12-15 16:20:15.304  3655  3655 E Minikin : addFont failed to create font /system/fonts/NotoSansCherokee-Regular.ttf
12-15 16:20:15.304  3655  3655 E Minikin : addFont failed to create font /system/fonts/NotoSansCoptic-Regular.ttf
12-15 16:20:15.304  3655  3655 E Minikin : addFont failed to create font /system/fonts/NotoSansGlagolitic-Regular.ttf
12-15 16:20:15.304  3655  3655 E Minikin : addFont failed to create font /system/fonts/NotoSansHanunoo-Regular.ttf
12-15 16:20:15.304  3655  3655 E Minikin : addFont failed to create font /system/fonts/NotoSansJavanese-Regular.ttf
12-15 16:20:15.304  3655  3655 E Minikin : addFont failed to create font /system/fonts/NotoSansKayahLi-Regular.ttf
12-15 16:20:15.304  3655  3655 E Minikin : addFont failed to create font /system/fonts/NotoSansLepcha-Regular.ttf
12-15 16:20:15.304  3655  3655 E Minikin : addFont failed to create font /system/fonts/NotoSansLimbu-Regular.ttf
12-15 16:20:15.304  3655  3655 E Minikin : addFont failed to create font /system/fonts/NotoSansMeeteiMayek-Regular.ttf
12-15 16:20:15.304  3655  3655 E Minikin : addFont failed to create font /system/fonts/NotoSansOlChiki-Regular.ttf
12-15 16:20:15.304  3655  3655 E Minikin : addFont failed to create font /system/fonts/NotoSansRejang-Regular.ttf
12-15 16:20:15.304  3655  3655 E Minikin : addFont failed to create font /system/fonts/NotoSansSaurashtra-Regular.ttf
12-15 16:20:15.304  3655  3655 E Minikin : addFont failed to create font /system/fonts/NotoSansSundanese-Regular.ttf
12-15 16:20:15.304  3655  3655 E Minikin : addFont failed to create font /system/fonts/NotoSansSylotiNagri-Regular.ttf
12-15 16:20:15.304  3655  3655 E Minikin : addFont failed to create font /system/fonts/NotoSansTagbanwa-Regular.ttf
12-15 16:20:15.304  3655  3655 E Minikin : addFont failed to create font /system/fonts/NotoSansTaiTham-Regular.ttf
12-15 16:20:15.304  3655  3655 E Minikin : addFont failed to create font /system/fonts/NotoSansTaiViet-Regular.ttf
12-15 16:20:15.304  3655  3655 E Minikin : addFont failed to create font /system/fonts/NotoSansTifinagh-Regular.ttf
12-15 16:20:15.304  3655  3655 E Minikin : addFont failed to create font /system/fonts/NotoSansYi-Regular.ttf
12-15 16:20:15.304  3655  3655 E Minikin : addFont failed to create font /system/fonts/Lohit-Odia.ttf
12-15 16:20:15.304  3655  3655 E Minikin : addFont failed to create font /system/fonts/NotoSansHans-Regular.otf
12-15 16:20:15.304  3655  3655 E Minikin : addFont failed to create font /system/fonts/NotoSansHant-Regular.otf
12-15 16:20:15.304  3655  3655 E Minikin : addFont failed to create font /system/fonts/NotoSansJP-Regular.otf
12-15 16:20:15.304  3655  3655 E Minikin : addFont failed to create font /system/fonts/NotoSansKR-Regular.otf
12-15 16:20:15.304  3655  3655 E Minikin : addFont failed to create font /system/fonts/NotoSansTaiLe-Regular.ttf
12-15 16:20:15.308  3655  3655 I art     : Explicit concurrent mark sweep GC freed 1808(129KB) AllocSpace objects, 0(0B) LOS objects, 89% free, 126KB/1150KB, paused 13us total 876us
12-15 16:20:15.310  3655  3655 I art     : Explicit concurrent mark sweep GC freed 1933(92KB) AllocSpace objects, 0(0B) LOS objects, 85% free, 170KB/1194KB, paused 13us total 1.095ms
12-15 16:20:15.312  3655  3655 I art     : Explicit concurrent mark sweep GC freed 1977(87KB) AllocSpace objects, 0(0B) LOS objects, 83% free, 207KB/1231KB, paused 12us total 1.051ms
12-15 16:20:15.314  3655  3655 I art     : Explicit concurrent mark sweep GC freed 371(19KB) AllocSpace objects, 0(0B) LOS objects, 80% free, 243KB/1267KB, paused 13us total 1.051ms
12-15 16:20:15.319  3655  3655 I art     : Thread[1,tid=3655,WaitingForJniOnLoad,Thread*=0x7f4524495000,peer=0x12c31100,"main"] recursive attempt to load library "/system/lib64/libmedia_jni.so"
12-15 16:20:15.319  3655  3655 D MtpDeviceJNI: register_android_mtp_MtpDevice
12-15 16:20:15.319  3655  3655 I art     : Thread[1,tid=3655,WaitingForJniOnLoad,Thread*=0x7f4524495000,peer=0x12c31100,"main"] recursive attempt to load library "/system/lib64/libmedia_jni.so"
12-15 16:20:15.319  3655  3655 I art     : Thread[1,tid=3655,WaitingForJniOnLoad,Thread*=0x7f4524495000,peer=0x12c31100,"main"] recursive attempt to load library "/system/lib64/libmedia_jni.so"
12-15 16:20:15.320  3656  3656 V NatController: runCmd(/system/bin/iptables -F natctrl_FORWARD) res=0
12-15 16:20:15.321  3656  3656 V NatController: runCmd(/system/bin/iptables -A natctrl_FORWARD -j DROP) res=0
12-15 16:20:15.322  3656  3656 V NatController: runCmd(/system/bin/iptables -t nat -F natctrl_nat_POSTROUTING) res=0
12-15 16:20:15.322  3656  3656 V NatController: runCmd(/system/bin/iptables -F natctrl_tether_counters) res=0
12-15 16:20:15.322  3655  3655 I art     : Explicit concurrent mark sweep GC freed 641(36KB) AllocSpace objects, 0(0B) LOS objects, 80% free, 255KB/1279KB, paused 23us total 1.325ms
12-15 16:20:15.323  3656  3656 V NatController: runCmd(/system/bin/iptables -X natctrl_tether_counters) res=0
12-15 16:20:15.324  3656  3656 V NatController: runCmd(/system/bin/iptables -N natctrl_tether_counters) res=0
12-15 16:20:15.324  3656  3656 V NatController: runCmd(/system/bin/iptables -t mangle -A natctrl_mangle_FORWARD -p tcp --tcp-flags SYN SYN -j TCPMSS --clamp-mss-to-pmtu) res=0
12-15 16:20:15.325  3655  3655 I art     : Explicit concurrent mark sweep GC freed 429(20KB) AllocSpace objects, 0(0B) LOS objects, 78% free, 283KB/1307KB, paused 13us total 1.135ms
12-15 16:20:15.329  3655  3655 I art     : Explicit concurrent mark sweep GC freed 543(30KB) AllocSpace objects, 0(0B) LOS objects, 76% free, 311KB/1335KB, paused 23us total 1.140ms
12-15 16:20:15.334  3655  3655 I art     : Explicit concurrent mark sweep GC freed 1868(110KB) AllocSpace objects, 0(0B) LOS objects, 68% free, 476KB/1500KB, paused 14us total 1.163ms
12-15 16:20:15.334  3655  3655 E EmojiFactory_jni: Failed to load libemoji.so: dlopen failed: library "libemoji.so" not found
12-15 16:20:15.338  3655  3655 I art     : Explicit concurrent mark sweep GC freed 350(45KB) AllocSpace objects, 0(0B) LOS objects, 56% free, 775KB/1799KB, paused 14us total 1.560ms
12-15 16:20:15.341  3655  3655 I art     : Explicit concurrent mark sweep GC freed 438(30KB) AllocSpace objects, 0(0B) LOS objects, 56% free, 793KB/1817KB, paused 13us total 1.419ms
12-15 16:20:15.345  3655  3655 I art     : Explicit concurrent mark sweep GC freed 789(49KB) AllocSpace objects, 0(0B) LOS objects, 56% free, 795KB/1819KB, paused 14us total 1.276ms
12-15 16:20:15.351  3655  3655 I art     : Explicit concurrent mark sweep GC freed 956(105KB) AllocSpace objects, 0(0B) LOS objects, 54% free, 839KB/1863KB, paused 13us total 1.684ms
12-15 16:20:15.353  3655  3655 I art     : Explicit concurrent mark sweep GC freed 597(42KB) AllocSpace objects, 0(0B) LOS objects, 54% free, 846KB/1870KB, paused 13us total 1.333ms
12-15 16:20:15.355  3656  3656 I iptables: iptables: Invalid argument. Run `dmesg' for more information.
12-15 16:20:15.355  3656  3656 I iptables: iptables terminated by exit(1)
12-15 16:20:15.355  3656  3656 E BandwidthController: runIptablesCmd(): res=1 status=256 failed /system/bin/iptables -A bw_INPUT -m owner --socket-exists
12-15 16:20:15.356  3656  3656 I ip6tables: ip6tables: Invalid argument. Run `dmesg' for more information.
12-15 16:20:15.356  3656  3656 I ip6tables: ip6tables terminated by exit(1)
12-15 16:20:15.356  3656  3656 E BandwidthController: runIptablesCmd(): res=1 status=256 failed /system/bin/ip6tables -A bw_INPUT -m owner --socket-exists
12-15 16:20:15.357  3655  3655 I art     : Explicit concurrent mark sweep GC freed 265(20KB) AllocSpace objects, 0(0B) LOS objects, 53% free, 874KB/1898KB, paused 13us total 1.187ms
12-15 16:20:15.363  3655  3655 I art     : Explicit concurrent mark sweep GC freed 11(496B) AllocSpace objects, 0(0B) LOS objects, 44% free, 1253KB/2MB, paused 13us total 1.424ms
12-15 16:20:15.365  3655  3655 I art     : Explicit concurrent mark sweep GC freed 568(32KB) AllocSpace objects, 0(0B) LOS objects, 44% free, 1270KB/2MB, paused 13us total 1.396ms
12-15 16:20:15.368  3655  3655 I art     : Explicit concurrent mark sweep GC freed 734(45KB) AllocSpace objects, 0(0B) LOS objects, 44% free, 1273KB/2MB, paused 15us total 1.391ms
12-15 16:20:15.374  3655  3655 I System  : Loaded time zone names for "" in 6ms (6ms in ICU)
12-15 16:20:15.378  3655  3655 I System  : Loaded time zone names for "en_US" in 4ms (4ms in ICU)
12-15 16:20:15.382  3655  3655 I System  : Loaded time zone names for "zh_CN" in 4ms (4ms in ICU)
12-15 16:20:15.384  3655  3655 I art     : Explicit concurrent mark sweep GC freed 4042(239KB) AllocSpace objects, 0(0B) LOS objects, 41% free, 1469KB/2MB, paused 13us total 1.674ms
12-15 16:20:15.386  3655  3655 I art     : Explicit concurrent mark sweep GC freed 136(12KB) AllocSpace objects, 0(0B) LOS objects, 40% free, 1534KB/2MB, paused 13us total 1.432ms
12-15 16:20:15.388  3655  3655 I art     : Explicit concurrent mark sweep GC freed 288(24KB) AllocSpace objects, 0(0B) LOS objects, 39% free, 1586KB/2MB, paused 13us total 1.593ms
12-15 16:20:15.391  3655  3655 I art     : Explicit concurrent mark sweep GC freed 679(47KB) AllocSpace objects, 0(0B) LOS objects, 39% free, 1587KB/2MB, paused 13us total 1.603ms
12-15 16:20:15.391  3655  3655 I Zygote  : ...preloaded 3005 classes in 108ms.
12-15 16:20:15.391  3655  3655 I art     : VMRuntime.preloadDexCaches starting
12-15 16:20:15.397  3875  3875 E ProbeModule: insmod_by_dep: cannot load module: [net-pf-16-proto-5]
12-15 16:20:15.397  3656  3656 E Netd    : Unable to create netlink socket: Protocol not supported
12-15 16:20:15.397  3656  3656 E Netd    : Unable to open quota2 logging socket
12-15 16:20:15.397  3656  3656 D MDnsDS  : MDnsSdListener::Hander starting up
12-15 16:20:15.397  3656  3877 D MDnsDS  : MDnsSdListener starting to monitor
12-15 16:20:15.397  3656  3877 D MDnsDS  : Going to poll with pollCount 1
12-15 16:20:15.400  3655  3655 I art     : VMRuntime.preloadDexCaches strings total=214641 before=38996 after=38996
12-15 16:20:15.400  3655  3655 I art     : VMRuntime.preloadDexCaches types total=18345 before=6389 after=6425
12-15 16:20:15.400  3655  3655 I art     : VMRuntime.preloadDexCaches fields total=85569 before=32261 after=32595
12-15 16:20:15.400  3655  3655 I art     : VMRuntime.preloadDexCaches methods total=151780 before=66835 after=67736
12-15 16:20:15.400  3655  3655 I art     : VMRuntime.preloadDexCaches finished
12-15 16:20:15.400  3655  3655 I art     : Counter: 0
12-15 16:20:15.400  3655  3655 I art     : Counter: 1
12-15 16:20:15.402  3655  3655 I art     : Explicit concurrent mark sweep GC freed 61(15KB) AllocSpace objects, 0(0B) LOS objects, 40% free, 1573KB/2MB, paused 16us total 2.074ms
12-15 16:20:15.405  3881  3881 D idmap   : error: no read access to /vendor/overlay: No such file or directory
12-15 16:20:15.406  3655  3655 I Zygote  : Preloading resources...
12-15 16:20:15.409  3655  3655 I art     : Explicit concurrent mark sweep GC freed 86(3KB) AllocSpace objects, 0(0B) LOS objects, 40% free, 1622KB/2MB, paused 15us total 2.037ms
12-15 16:20:15.411  3655  3655 I art     : Explicit concurrent mark sweep GC freed 89(4KB) AllocSpace objects, 0(0B) LOS objects, 39% free, 1668KB/2MB, paused 13us total 1.426ms
12-15 16:20:15.413  3655  3655 I art     : Explicit concurrent mark sweep GC freed 115(5KB) AllocSpace objects, 0(0B) LOS objects, 39% free, 1712KB/2MB, paused 15us total 1.427ms
12-15 16:20:15.415  3655  3655 I art     : Explicit concurrent mark sweep GC freed 99(4KB) AllocSpace objects, 0(0B) LOS objects, 39% free, 1758KB/2MB, paused 15us total 1.448ms
12-15 16:20:15.417  3655  3655 I art     : Explicit concurrent mark sweep GC freed 94(4KB) AllocSpace objects, 0(0B) LOS objects, 39% free, 1803KB/2MB, paused 14us total 1.427ms
12-15 16:20:15.419  3655  3655 I art     : Explicit concurrent mark sweep GC freed 102(4KB) AllocSpace objects, 0(0B) LOS objects, 39% free, 1849KB/3MB, paused 14us total 1.446ms
12-15 16:20:15.421  3655  3655 I art     : Explicit concurrent mark sweep GC freed 112(5KB) AllocSpace objects, 0(0B) LOS objects, 39% free, 1894KB/3MB, paused 16us total 1.493ms
12-15 16:20:15.423  3655  3655 I art     : Explicit concurrent mark sweep GC freed 118(5KB) AllocSpace objects, 0(0B) LOS objects, 39% free, 1941KB/3MB, paused 15us total 1.484ms
12-15 16:20:15.426  3655  3655 I art     : Explicit concurrent mark sweep GC freed 108(5KB) AllocSpace objects, 0(0B) LOS objects, 39% free, 1990KB/3MB, paused 15us total 1.502ms
12-15 16:20:15.428  3655  3655 I art     : Explicit concurrent mark sweep GC freed 153(6KB) AllocSpace objects, 0(0B) LOS objects, 40% free, 2MB/3MB, paused 15us total 1.493ms
12-15 16:20:15.430  3655  3655 I art     : Explicit concurrent mark sweep GC freed 138(6KB) AllocSpace objects, 0(0B) LOS objects, 39% free, 2MB/3MB, paused 14us total 1.576ms
12-15 16:20:15.432  3655  3655 I art     : Explicit concurrent mark sweep GC freed 84(7KB) AllocSpace objects, 0(0B) LOS objects, 39% free, 2MB/3MB, paused 15us total 1.523ms
12-15 16:20:15.435  3655  3655 I art     : Explicit concurrent mark sweep GC freed 112(4KB) AllocSpace objects, 0(0B) LOS objects, 40% free, 2MB/3MB, paused 15us total 1.653ms
12-15 16:20:15.437  3655  3655 I art     : Explicit concurrent mark sweep GC freed 135(5KB) AllocSpace objects, 0(0B) LOS objects, 39% free, 2MB/3MB, paused 15us total 1.613ms
12-15 16:20:15.439  3655  3655 I art     : Explicit concurrent mark sweep GC freed 62(2752B) AllocSpace objects, 0(0B) LOS objects, 39% free, 2MB/3MB, paused 16us total 1.593ms
12-15 16:20:15.442  3655  3655 I art     : Explicit concurrent mark sweep GC freed 111(4KB) AllocSpace objects, 0(0B) LOS objects, 40% free, 2MB/4MB, paused 16us total 1.718ms
12-15 16:20:15.445  3655  3655 I art     : Explicit concurrent mark sweep GC freed 206(9KB) AllocSpace objects, 0(0B) LOS objects, 40% free, 2MB/4MB, paused 16us total 1.756ms
12-15 16:20:15.448  3655  3655 I art     : Explicit concurrent mark sweep GC freed 370(16KB) AllocSpace objects, 0(0B) LOS objects, 40% free, 2MB/4MB, paused 17us total 1.744ms
12-15 16:20:15.451  3655  3655 I art     : Explicit concurrent mark sweep GC freed 214(9KB) AllocSpace objects, 0(0B) LOS objects, 39% free, 2MB/4MB, paused 16us total 1.731ms
12-15 16:20:15.453  3655  3655 I art     : Explicit concurrent mark sweep GC freed 112(6KB) AllocSpace objects, 0(0B) LOS objects, 39% free, 2MB/4MB, paused 17us total 1.670ms
12-15 16:20:15.456  3655  3655 I art     : Explicit concurrent mark sweep GC freed 113(5KB) AllocSpace objects, 0(0B) LOS objects, 39% free, 2MB/4MB, paused 18us total 1.942ms
12-15 16:20:15.458  3655  3655 I art     : Explicit concurrent mark sweep GC freed 49(8KB) AllocSpace objects, 0(0B) LOS objects, 40% free, 2MB/4MB, paused 16us total 1.715ms
12-15 16:20:15.460  3655  3655 I art     : Explicit concurrent mark sweep GC freed 101(4KB) AllocSpace objects, 0(0B) LOS objects, 39% free, 2MB/4MB, paused 18us total 1.636ms
12-15 16:20:15.462  3655  3655 I art     : Explicit concurrent mark sweep GC freed 105(4KB) AllocSpace objects, 0(0B) LOS objects, 39% free, 2MB/4MB, paused 16us total 1.605ms
12-15 16:20:15.465  3655  3655 I art     : Explicit concurrent mark sweep GC freed 99(4KB) AllocSpace objects, 0(0B) LOS objects, 40% free, 2MB/4MB, paused 17us total 1.597ms
12-15 16:20:15.467  3655  3655 I art     : Explicit concurrent mark sweep GC freed 172(7KB) AllocSpace objects, 0(0B) LOS objects, 40% free, 3MB/5MB, paused 17us total 1.623ms
12-15 16:20:15.472  3655  3655 I art     : Explicit concurrent mark sweep GC freed 417(18KB) AllocSpace objects, 0(0B) LOS objects, 39% free, 3MB/5MB, paused 17us total 1.682ms
12-15 16:20:15.476  3655  3655 I art     : Explicit concurrent mark sweep GC freed 363(16KB) AllocSpace objects, 0(0B) LOS objects, 39% free, 3MB/5MB, paused 18us total 1.699ms
12-15 16:20:15.478  3655  3655 I art     : Explicit concurrent mark sweep GC freed 174(8KB) AllocSpace objects, 0(0B) LOS objects, 40% free, 3MB/5MB, paused 18us total 1.689ms
12-15 16:20:15.481  3655  3655 I art     : Explicit concurrent mark sweep GC freed 515(19KB) AllocSpace objects, 0(0B) LOS objects, 40% free, 3MB/5MB, paused 18us total 1.710ms
12-15 16:20:15.485  3654  3654 I GRALLOC-DRM: create intel for driver i915
12-15 16:20:15.485  3655  3655 I art     : Explicit concurrent mark sweep GC freed 353(14KB) AllocSpace objects, 0(0B) LOS objects, 39% free, 3MB/5MB, paused 20us total 2.821ms
12-15 16:20:15.485  1779  1779 I ServiceManager: service 'SurfaceFlinger' died
12-15 16:20:15.485  1779  1779 I ServiceManager: service 'simphonebook' died
12-15 16:20:15.485  1779  1779 I ServiceManager: service 'iphonesubinfo' died
12-15 16:20:15.485  1779  1779 I ServiceManager: service 'isms' died
12-15 16:20:15.485  1779  1779 I ServiceManager: service 'phone' died
12-15 16:20:15.485  1779  1779 I ServiceManager: service 'sip' died
12-15 16:20:15.485  1779  1779 I ServiceManager: service 'isub' died
12-15 16:20:15.485  3654  3654 I EGL-DRI2: DRI2: found extension DRI_Core version 1
12-15 16:20:15.485  3654  3654 I EGL-DRI2: DRI2: found extension DRI_DRI2 version 4
12-15 16:20:15.487  3655  3655 I art     : Explicit concurrent mark sweep GC freed 1153(40KB) AllocSpace objects, 0(0B) LOS objects, 39% free, 3MB/5MB, paused 20us total 1.979ms
12-15 16:20:15.489  1779  1779 I ServiceManager: service 'media.audio_policy' died
12-15 16:20:15.489  1779  1779 I ServiceManager: service 'media.sound_trigger_hw' died
12-15 16:20:15.490  3655  3655 I art     : Explicit concurrent mark sweep GC freed 1499(50KB) AllocSpace objects, 0(0B) LOS objects, 39% free, 3MB/5MB, paused 20us total 2.038ms
12-15 16:20:15.490  3654  3654 I EGL-DRI2: DRI2: found extension DRI_TexBuffer version 3
12-15 16:20:15.490  3654  3654 I EGL-DRI2: DRI2: found extension DRI2_Flush version 4
12-15 16:20:15.490  3654  3654 I EGL-DRI2: DRI2: found extension DRI_IMAGE version 11
12-15 16:20:15.490  3654  3654 D GRALLOC-KMS: supported drm planes and formats
12-15 16:20:15.490  3654  3654 D GRALLOC-KMS: plane id 21
12-15 16:20:15.490  3654  3654 D GRALLOC-KMS:     format XB24
12-15 16:20:15.490  3654  3654 D GRALLOC-KMS:     format XR24
12-15 16:20:15.490  3654  3654 D GRALLOC-KMS:     format YUYV
12-15 16:20:15.490  3654  3654 D GRALLOC-KMS:     format YVYU
12-15 16:20:15.490  3654  3654 D GRALLOC-KMS:     format UYVY
12-15 16:20:15.490  3654  3654 D GRALLOC-KMS:     format VYUY
12-15 16:20:15.490  3654  3654 D GRALLOC-KMS: plane id 25
12-15 16:20:15.490  3654  3654 D GRALLOC-KMS:     format XB24
12-15 16:20:15.490  3654  3654 D GRALLOC-KMS:     format XR24
12-15 16:20:15.490  3654  3654 D GRALLOC-KMS:     format YUYV
12-15 16:20:15.490  3654  3654 D GRALLOC-KMS:     format YVYU
12-15 16:20:15.490  3654  3654 D GRALLOC-KMS:     format UYVY
12-15 16:20:15.490  3654  3654 D GRALLOC-KMS:     format VYUY
12-15 16:20:15.490  3654  3654 D GRALLOC-KMS: plane id 29
12-15 16:20:15.490  3654  3654 D GRALLOC-KMS:     format XB24
12-15 16:20:15.490  3654  3654 D GRALLOC-KMS:     format XR24
12-15 16:20:15.490  3654  3654 D GRALLOC-KMS:     format YUYV
12-15 16:20:15.490  3654  3654 D GRALLOC-KMS:     format YVYU
12-15 16:20:15.490  3654  3654 D GRALLOC-KMS:     format UYVY
12-15 16:20:15.490  3654  3654 D GRALLOC-KMS:     format VYUY
12-15 16:20:15.492  3655  3655 I art     : Explicit concurrent mark sweep GC freed 1381(49KB) AllocSpace objects, 0(0B) LOS objects, 39% free, 3MB/5MB, paused 19us total 1.934ms
12-15 16:20:15.496  3655  3655 I art     : Explicit concurrent mark sweep GC freed 1453(56KB) AllocSpace objects, 0(0B) LOS objects, 39% free, 3MB/6MB, paused 19us total 2.159ms
12-15 16:20:15.499  3655  3655 I art     : Explicit concurrent mark sweep GC freed 603(27KB) AllocSpace objects, 0(0B) LOS objects, 39% free, 3MB/6MB, paused 19us total 1.893ms
12-15 16:20:15.502  3655  3655 I art     : Explicit concurrent mark sweep GC freed 344(20KB) AllocSpace objects, 0(0B) LOS objects, 39% free, 3MB/6MB, paused 21us total 1.846ms
12-15 16:20:15.507  3655  3655 I art     : Explicit concurrent mark sweep GC freed 384(17KB) AllocSpace objects, 0(0B) LOS objects, 39% free, 3MB/6MB, paused 21us total 2.171ms
12-15 16:20:15.508  3655  3655 I Zygote  : ...preloaded 343 resources in 102ms.
12-15 16:20:15.510  3655  3655 I art     : Explicit concurrent mark sweep GC freed 639(39KB) AllocSpace objects, 0(0B) LOS objects, 39% free, 3MB/6MB, paused 19us total 1.936ms
12-15 16:20:15.511  3655  3655 I Zygote  : ...preloaded 41 resources in 3ms.
12-15 16:20:15.511  3655  3655 I art     : Counter: 0
12-15 16:20:15.511  3655  3655 D libEGL  : loaded /system/lib64/egl/libGLES_mesa.so
12-15 16:20:15.518  3655  3655 I Zygote  : Preloading shared libraries...
12-15 16:20:15.519  3655  3655 D Zygote  : end preload
12-15 16:20:15.521  3655  3655 I art     : Explicit concurrent mark sweep GC freed 450(20KB) AllocSpace objects, 0(0B) LOS objects, 39% free, 3MB/6MB, paused 19us total 1.986ms
12-15 16:20:15.523  3655  3655 I art     : Explicit concurrent mark sweep GC freed 389(16KB) AllocSpace objects, 0(0B) LOS objects, 39% free, 3MB/6MB, paused 18us total 1.765ms
12-15 16:20:15.525  3655  3655 I art     : Explicit concurrent mark sweep GC freed 5(160B) AllocSpace objects, 0(0B) LOS objects, 39% free, 3MB/6MB, paused 18us total 1.806ms
12-15 16:20:15.544  3655  3655 I Zygote  : System server process 3882 has been created
12-15 16:20:15.544  3655  3655 I Zygote  : Accepting command socket connections
12-15 16:20:15.550  1805  1805 I art     : Explicit concurrent mark sweep GC freed 710(30KB) AllocSpace objects, 0(0B) LOS objects, 39% free, 1917KB/3MB, paused 35us total 2.924ms
12-15 16:20:15.553  1805  1805 I art     : Explicit concurrent mark sweep GC freed 5(160B) AllocSpace objects, 0(0B) LOS objects, 39% free, 1917KB/3MB, paused 32us total 2.411ms
12-15 16:20:15.555  1805  1805 I art     : Explicit concurrent mark sweep GC freed 5(160B) AllocSpace objects, 0(0B) LOS objects, 39% free, 1917KB/3MB, paused 32us total 2.441ms
12-15 16:20:15.557  3882  3882 I Zygote  : Process: zygote socket opened, supported ABIS: x86,armeabi-v7a,armeabi
12-15 16:20:15.558  3882  3882 I InstallerConnection: disconnecting...
12-15 16:20:15.559  3882  3882 I SystemServer: Entered the Android system server!
12-15 16:20:15.564  3882  3882 V Fingerprint-JNI: FingerprintManager JNI ready.
12-15 16:20:15.564  3882  3882 D SensorService: nuSensorService starting...
12-15 16:20:15.564  3882  3882 D KbdSensor: open_kbd_sensor: id=poll
12-15 16:20:15.564  3882  3882 D KbdSensor: SensorFd: module=0x7f451a91b300 dev=0x7f4524466680
12-15 16:20:15.640  3882  3882 I KbdSensor: Open AT Translated Set 2 keyboard ok, fd=19
12-15 16:20:15.640  3882  3882 D KbdSensor: SensorPollContext: dev=0x7f4524466680 fd=19
12-15 16:20:15.640  3882  3882 D KbdSensor: poll_activate: dev=0x7f4524466680 handle=0 enabled=0
12-15 16:20:15.641  3882  3905 D SensorService: nuSensorService thread starting...
12-15 16:20:15.641  3882  3904 D SensorService: new thread SensorEventAckReceiver
12-15 16:20:15.641  3882  3882 I SystemServiceManager: Starting com.android.server.pm.Installer
12-15 16:20:15.641  3882  3882 I Installer: Waiting for installd to be ready.
12-15 16:20:15.641  3882  3882 I InstallerConnection: connecting...
12-15 16:20:15.641  1802  1802 I installd: new connection
12-15 16:20:15.641  3882  3882 I SystemServiceManager: Starting com.android.server.am.ActivityManagerService$Lifecycle
12-15 16:20:15.644  3882  3882 I ActivityManager: Memory class: 192
12-15 16:20:15.652  3882  3882 I IntentFirewall: Read new rules (A:0 B:0 S:0)
12-15 16:20:15.655  3882  3882 D AppOps  : AppOpsService published
12-15 16:20:15.655  3882  3882 I SystemServiceManager: Starting com.android.server.power.PowerManagerService
12-15 16:20:15.655  3882  3882 I libsuspend: Selected early suspend
12-15 16:20:15.655  3882  3882 E libsuspend: Error accessing /sys/power/wait_for_fb_sleep: No such file or directory
12-15 16:20:15.656  3882  3882 I SystemServiceManager: Starting com.android.server.display.DisplayManagerService
12-15 16:20:15.656  3882  3912 I ServiceManager: Waiting for service SurfaceFlinger...
12-15 16:20:15.656  3882  3882 I SystemServiceManager: Starting phase 100
12-15 16:20:16.240  3654  3654 I GRALLOC-KMS: there is one mode on connector 0x33: 1920x1080
12-15 16:20:16.240  3654  3654 I GRALLOC-KMS: Established mode:
12-15 16:20:16.240  3654  3654 I GRALLOC-KMS: clock: 143000, hdisplay: 1920, hsync_start: 1968, hsync_end: 2000, htotal: 2080, hskew: 0
12-15 16:20:16.240  3654  3654 I GRALLOC-KMS: vdisplay: 1080, vsync_start: 1082, vsync_end: 1087, vtotal: 1144, vscan: 0, vrefresh: 60
12-15 16:20:16.240  3654  3654 I GRALLOC-KMS: flags: 10, type: 72, name 1920x1080
12-15 16:20:16.240  3654  3654 I GRALLOC-KMS: the best mode is 1920x1080
12-15 16:20:16.249  3654  3654 D GRALLOC-KMS: will use flip for fb posting
12-15 16:20:16.249  3654  3654 I GRALLOC-MOD: mode.hdisplay 1920
12-15 16:20:16.249  3654  3654 I GRALLOC-MOD: mode.vdisplay 1080
12-15 16:20:16.249  3654  3654 I GRALLOC-MOD: mode.vrefresh 60.000000
12-15 16:20:16.249  3654  3654 I GRALLOC-MOD: format 0x5
12-15 16:20:16.249  3654  3654 I GRALLOC-MOD: xdpi 143.000000
12-15 16:20:16.249  3654  3654 I GRALLOC-MOD: ydpi 144.000000
12-15 16:20:16.249  3654  3654 I GRALLOC-MOD: mode.hdisplay 1920
12-15 16:20:16.249  3654  3654 I GRALLOC-MOD: mode.vdisplay 1080
12-15 16:20:16.249  3654  3654 I GRALLOC-MOD: mode.vrefresh 60.000000
12-15 16:20:16.249  3654  3654 I GRALLOC-MOD: format 0x5
12-15 16:20:16.249  3654  3654 I GRALLOC-MOD: xdpi 143.000000
12-15 16:20:16.249  3654  3654 I GRALLOC-MOD: ydpi 144.000000
12-15 16:20:16.249  3654  3654 W hwcomposer: getting VSYNC period from fb HAL: 16666667
12-15 16:20:16.249  3654  3654 D hwcomposer: Intel hwcomposer module
12-15 16:20:16.249  3654  3654 I SurfaceFlinger: Using composer version 1.0
12-15 16:20:16.249  3654  3654 W SurfaceFlinger: no suitable EGLConfig found, trying a simpler query
12-15 16:20:16.249  3654  3654 I SurfaceFlinger: EGL information:
12-15 16:20:16.249  3654  3654 I SurfaceFlinger: vendor    : Android
12-15 16:20:16.249  3654  3654 I SurfaceFlinger: version   : 1.4 Android META-EGL
12-15 16:20:16.249  3654  3654 I SurfaceFlinger: extensions: EGL_KHR_get_all_proc_addresses EGL_ANDROID_presentation_time EGL_KHR_image_base EGL_KHR_gl_texture_2D_image EGL_KHR_gl_texture_cubemap_image EGL_KHR_gl_renderbuffer_image EGL_KHR_fence_sync EGL_KHR_create_context EGL_EXT_create_context_robustness EGL_ANDROID_image_native_buffer EGL_KHR_wait_sync 
12-15 16:20:16.249  3654  3654 I SurfaceFlinger: Client API: OpenGL_ES
12-15 16:20:16.249  3654  3654 I SurfaceFlinger: EGLSurface: 8-8-8-8, config=0x7fb6e517a040
12-15 16:20:16.253  3654  3654 I SurfaceFlinger: OpenGL ES informations:
12-15 16:20:16.253  3654  3654 I SurfaceFlinger: vendor    : Intel Open Source Technology Center
12-15 16:20:16.253  3654  3654 I SurfaceFlinger: renderer  : Mesa DRI Intel(R) Haswell Mobile 
12-15 16:20:16.253  3654  3654 I SurfaceFlinger: version   : OpenGL ES 3.0 Mesa 11.0.2 (git-68868dc)
12-15 16:20:16.253  3654  3654 I SurfaceFlinger: extensions: GL_EXT_blend_minmax GL_EXT_multi_draw_arrays GL_EXT_texture_filter_anisotropic GL_EXT_texture_compression_dxt1 GL_EXT_texture_format_BGRA8888 GL_OES_compressed_ETC1_RGB8_texture GL_OES_depth24 GL_OES_element_index_uint GL_OES_fbo_render_mipmap GL_OES_mapbuffer GL_OES_rgb8_rgba8 GL_OES_standard_derivatives GL_OES_stencil8 GL_OES_texture_3D GL_OES_texture_float GL_OES_texture_float_linear GL_OES_texture_half_float GL_OES_texture_half_float_linear GL_OES_texture_npot GL_OES_EGL_image GL_OES_depth_texture GL_OES_packed_depth_stencil GL_EXT_texture_type_2_10_10_10_REV GL_OES_get_program_binary GL_APPLE_texture_max_level GL_EXT_discard_framebuffer GL_EXT_read_format_bgra GL_NV_fbo_color_attachments GL_OES_EGL_image_external GL_OES_EGL_sync GL_OES_vertex_array_object GL_ANGLE_texture_compression_dxt3 GL_ANGLE_texture_compression_dxt5 GL_EXT_texture_rg GL_EXT_unpack_subimage GL_NV_draw_buffers GL_NV_read_buffer GL_NV_read_depth GL_NV_read_depth_stencil GL_NV_read_stencil GL_EXT_draw_buffers GL_EXT_map_bu
12-15 16:20:16.253  3654  3654 I SurfaceFlinger: GL_MAX_TEXTURE_SIZE = 8192
12-15 16:20:16.253  3654  3654 I SurfaceFlinger: GL_MAX_VIEWPORT_DIMS = 16384
12-15 16:20:16.254  3654  3654 D SurfaceFlinger: Open /dev/tty0 OK
12-15 16:20:16.572  3654  3654 D SurfaceFlinger: Set power mode=2, type=0 flinger=0x7fb6e5062000
12-15 16:20:16.598  3654  3674 I SurfaceFlinger: auto set density to 240
12-15 16:20:16.599  3923  3926 D libEGL  : loaded /system/lib64/egl/libGLES_mesa.so
12-15 16:20:16.606  3923  3926 I GRALLOC-DRM: create intel for driver i915
12-15 16:20:16.606  3923  3926 I EGL-DRI2: DRI2: found extension DRI_Core version 1
12-15 16:20:16.606  3923  3926 I EGL-DRI2: DRI2: found extension DRI_DRI2 version 4
12-15 16:20:16.610  3923  3926 I EGL-DRI2: DRI2: found extension DRI_TexBuffer version 3
12-15 16:20:16.610  3923  3926 I EGL-DRI2: DRI2: found extension DRI2_Flush version 4
12-15 16:20:16.610  3923  3926 I EGL-DRI2: DRI2: found extension DRI_IMAGE version 11
12-15 16:20:16.637  3654  3654 D SurfaceFlinger: shader cache generated - 24 shaders in 29.150150 ms
12-15 16:20:16.657  3882  3882 W art     : Long monitor contention event with owner method=long android.view.DisplayEventReceiver.nativeInit(android.view.DisplayEventReceiver, android.os.MessageQueue) from DisplayEventReceiver.java:4294967294 waiters=0 for 1.001s
12-15 16:20:16.658  3882  3912 I DisplayManagerService: Display device added: DisplayDeviceInfo{"": uniqueId="local:0", 1920 x 1080, 60.000004 fps, supportedRefreshRates [60.000004], density 240, 143.0 x 144.0 dpi, appVsyncOff 0, presDeadline 17666666, touch INTERNAL, rotation 0, type BUILT_IN, state UNKNOWN, FLAG_DEFAULT_DISPLAY, FLAG_ROTATES_WITH_CONTENT, FLAG_SECURE, FLAG_SUPPORTS_PROTECTED_BUFFERS}
12-15 16:20:16.658  3882  3882 I SystemServer: Package Manager
12-15 16:20:16.660  3882  3882 W SystemConfig: No directory /system/etc/sysconfig, skipping
12-15 16:20:16.664  3882  3882 D SELinuxMMAC: Using policy file /system/etc/security/mac_permissions.xml
12-15 16:20:16.674  3882  3882 D PackageManager: No files in app dir /vendor/overlay
12-15 16:20:16.681  3882  3882 W PackageManager: Failed to parse /system/framework/x86: Missing base APK in /system/framework/x86
12-15 16:20:16.681  3882  3882 W PackageManager: Failed to parse /system/framework/x86_64: Missing base APK in /system/framework/x86_64
12-15 16:20:16.684  3882  3882 W PackageParser: No actions in intent filter at /system/priv-app/Contacts/Contacts.apk Binary XML file line #356
12-15 16:20:16.689  3882  3882 W PackageParser: No actions in intent filter at /system/priv-app/Dialer/Dialer.apk Binary XML file line #166
12-15 16:20:16.698  3882  3882 W Resources: Converting to boolean: TypedValue{t=0x3/d=0x333f "true" a=2 r=0x7f120a3e}
12-15 16:20:16.735  3882  3882 W PackageParser: No actions in intent filter at /system/priv-app/SetupWizard/SetupWizard.apk Binary XML file line #170
12-15 16:20:16.735  3882  3882 W PackageParser: No actions in intent filter at /system/priv-app/SetupWizard/SetupWizard.apk Binary XML file line #347
12-15 16:20:16.742  3882  3882 W ResourceType: Failure getting entry for 0x7f08026f (t=7 e=623) (error -75)
12-15 16:20:16.744  3882  3882 W PackageParser: Unknown element under <intent-filter>: android at /system/priv-app/Telecom/Telecom.apk Binary XML file line #232
12-15 16:20:16.747  3882  3882 W PackageParser: No actions in intent filter at /system/app/AndroidTerm/AndroidTerm.apk Binary XML file line #149
12-15 16:20:16.750  3882  3882 W PackageParser: No actions in intent filter at /system/app/Bluetooth/Bluetooth.apk Binary XML file line #209
12-15 16:20:16.752  3882  3882 W PackageParser: No actions in intent filter at /system/app/CMFileManager/CMFileManager.apk Binary XML file line #166
12-15 16:20:16.769  3882  3882 W PackageParser: Unknown element under <application>: permission at /system/app/Gallery2/Gallery2.apk Binary XML file line #242
12-15 16:20:16.769  3882  3882 W PackageParser: Unknown element under <application>: permission at /system/app/Gallery2/Gallery2.apk Binary XML file line #245
12-15 16:20:16.803  3882  3882 D PackageManager: No files in app dir /system/vendor/app
12-15 16:20:16.803  3882  3882 D PackageManager: No files in app dir /oem/app
12-15 16:20:16.808  3882  3882 W PackageManager: Package com.tencent.mm desires unavailable shared library com.google.android.maps; ignoring!
12-15 16:20:16.808  3882  3882 W PackageManager: Package com.tencent.mm desires unavailable shared library com.sec.android.app.multiwindow; ignoring!
12-15 16:20:16.829  3882  3882 D PackageManager: No files in app dir /data/app-private
12-15 16:20:16.829  3882  3882 W PackageManager: Package com.tencent.mm desires unavailable shared library com.google.android.maps; ignoring!
12-15 16:20:16.829  3882  3882 W PackageManager: Package com.tencent.mm desires unavailable shared library com.sec.android.app.multiwindow; ignoring!
12-15 16:20:16.829  3882  3882 W PackageManager: Package com.google.android.gms desires unavailable shared library com.google.android.ble; ignoring!
12-15 16:20:16.829  3882  3882 I PackageManager: Adjusting ABI for : com.google.android.backuptransport to x86_64
12-15 16:20:16.829  3882  3882 I PackageManager: Adjusting ABI for : com.google.android.gsf to x86_64
12-15 16:20:16.830  3882  3882 I PackageManager: Adjusting ABI for : com.google.android.gsf.login to x86_64
12-15 16:20:16.830  3882  3882 I PackageManager: Adjusting ABI for : com.google.android.syncadapters.contacts to x86_64
12-15 16:20:16.830  3882  3882 I PackageManager: Adjusting ABI for : org.zeroxlab.util.tscal to x86_64
12-15 16:20:16.830  3882  3882 I PackageManager: Adjusting ABI for : com.android.providers.settings to x86_64
12-15 16:20:16.830  3882  3882 I PackageManager: Adjusting ABI for : com.android.keychain to x86_64
12-15 16:20:16.830  3882  3882 I PackageManager: Adjusting ABI for : com.android.location.fused to x86_64
12-15 16:20:16.830  3882  3882 I PackageManager: Adjusting ABI for : com.android.inputdevices to x86_64
12-15 16:20:16.830  3882  3882 I PackageManager: Adjusting ABI for : com.android.settings to x86_64
12-15 16:20:16.830  3882  3882 I PackageManager: Adjusting ABI for : com.android.server.telecom to x86_64
12-15 16:20:16.830  3882  3882 I PackageManager: Time to scan packages: 0.159 seconds
12-15 16:20:16.830  3882  3882 W PackageManager: Not granting permission android.permission.MANAGE_DOCUMENTS to package com.google.android.youtube (protectionLevel=2 flags=0x583e45)
12-15 16:20:16.830  3882  3882 W PackageManager: Unknown permission com.android.launcher.permission.READ_SETTINGS in package com.google.android.onetimeinitializer
12-15 16:20:16.830  3882  3882 W PackageManager: Unknown permission com.android.launcher.permission.WRITE_SETTINGS in package com.google.android.onetimeinitializer
12-15 16:20:16.830  3882  3882 W PackageManager: Unknown permission com.google.android.launcher.permission.READ_SETTINGS in package com.google.android.onetimeinitializer
12-15 16:20:16.830  3882  3882 W PackageManager: Unknown permission com.google.android.launcher.permission.WRITE_SETTINGS in package com.google.android.onetimeinitializer
12-15 16:20:16.830  3882  3882 W PackageManager: Not granting permission android.permission.GLOBAL_SEARCH to package com.android.quicksearchbox (protectionLevel=18 flags=0x8be45)
12-15 16:20:16.830  3882  3882 W PackageManager: Not granting permission android.permission.ACCESS_DOWNLOAD_MANAGER to package com.android.browser (protectionLevel=18 flags=0x9be45)
12-15 16:20:16.830  3882  3882 W PackageManager: Not granting permission android.permission.SEND_DOWNLOAD_COMPLETED_INTENTS to package com.android.browser (protectionLevel=2 flags=0x9be45)
12-15 16:20:16.830  3882  3882 W PackageManager: Not granting permission android.permission.SEND_DOWNLOAD_COMPLETED_INTENTS to package com.android.vending (protectionLevel=2 flags=0x400abe45)
12-15 16:20:16.830  3882  3882 W PackageManager: Unknown permission android.permission.SEND_SMS_NO_CONFIRMATION in package com.android.vending
12-15 16:20:16.830  3882  3882 W PackageManager: Unknown permission android.permission.USE_FINGERPRINT in package com.android.vending
12-15 16:20:16.830  3882  3882 W PackageManager: Unknown permission android.permission.GET_PACKAGE_IMPORTANCE in package com.android.vending
12-15 16:20:16.830  3882  3882 W PackageManager: Unknown permission android.permission.GET_ACCOUNTS_PRIVILEGED in package com.android.vending
12-15 16:20:16.830  3882  3882 W PackageManager: Unknown permission android.permission.INSTALL_GRANT_RUNTIME_PERMISSIONS in package com.android.vending
12-15 16:20:16.830  3882  3882 W PackageManager: Unknown permission android.permission.GRANT_RUNTIME_PERMISSIONS in package com.android.vending
12-15 16:20:16.830  3882  3882 W PackageManager: Unknown permission android.permission.REVOKE_RUNTIME_PERMISSIONS in package com.android.vending
12-15 16:20:16.830  3882  3882 W PackageManager: Unknown permission com.tencent.mm.plugin.permission.SEND in package com.tencent.mm
12-15 16:20:16.830  3882  3882 W PackageManager: Unknown permission com.huawei.authentication.HW_ACCESS_AUTH_SERVICE in package com.tencent.mm
12-15 16:20:16.830  3882  3882 W PackageManager: Unknown permission com.android.launcher.permission.READ_SETTINGS in package com.tencent.mm
12-15 16:20:16.830  3882  3882 W PackageManager: Unknown permission com.tencent.mm.location.permission.SEND_VIEW in package com.tencent.mm
12-15 16:20:16.830  3882  3882 W PackageManager: Unknown permission com.huawei.android.launcher.permission.CHANGE_BADGE in package com.tencent.mm
12-15 16:20:16.830  3882  3882 W PackageManager: Unknown permission android.permission.WRITE_APP_BADGE in package com.tencent.mm
12-15 16:20:16.830  3882  3882 W PackageManager: Unknown permission android.permission.USE_FINGERPRINT in package com.tencent.mm
12-15 16:20:16.830  3882  3882 W PackageManager: Not granting permission android.permission.BIND_WALLPAPER to package com.android.camera2 (protectionLevel=18 flags=0x58bc45)
12-15 16:20:16.830  3882  3882 W PackageManager: Unknown permission android.permission.INSTALL_DRM in package com.android.mms
12-15 16:20:16.830  3882  3882 W PackageManager: Not granting permission android.permission.BIND_APPWIDGET to package com.android.launcher3 (protectionLevel=18 flags=0x483e45)
12-15 16:20:16.830  3882  3882 W PackageManager: Unknown permission com.android.launcher.permission.READ_SETTINGS in package com.android.launcher3
12-15 16:20:16.830  3882  3882 W PackageManager: Unknown permission com.android.launcher.permission.WRITE_SETTINGS in package com.android.launcher3
12-15 16:20:16.830  3882  3882 W PackageManager: Unknown permission com.google.android.calendar.permission.READ_OOBE in package com.google.android.gm
12-15 16:20:16.830  3882  3882 W PackageManager: Unknown permission com.google.android.voicesearch.AUDIO_FILE_ACCESS in package com.google.android.gm
12-15 16:20:16.830  3882  3882 W PackageManager: Unknown permission com.google.android.email.permission.READ_ATTACHMENT in package com.google.android.gm
12-15 16:20:16.830  3882  3882 W PackageManager: Unknown permission com.google.android.email.permission.ACCESS_PROVIDER in package com.google.android.gm
12-15 16:20:16.830  3882  3882 W PackageManager: Unknown permission android.permission.READ_OWNER_DATA in package com.google.android.setupwizard
12-15 16:20:16.830  3882  3882 W PackageManager: Unknown permission android.permission.WRITE_OWNER_DATA in package com.google.android.setupwizard
12-15 16:20:16.830  3882  3882 W PackageManager: Unknown permission com.google.android.apps.now.OPT_IN_WIZARD in package com.google.android.setupwizard
12-15 16:20:16.830  3882  3882 W PackageManager: Unknown permission com.google.android.gms.permission.CONTACTS_SYNC_DELEGATION in package com.google.android.syncadapters.contacts
12-15 16:20:16.830  3882  3882 W PackageManager: Unknown permission android.permission.OBSERVE_GRANT_REVOKE_PERMISSIONS in package com.google.android.gms
12-15 16:20:16.830  3882  3882 W PackageManager: Unknown permission com.google.android.apps.enterprise.dmagent.permission.AutoSyncPermission in package com.google.android.gms
12-15 16:20:16.830  3882  3882 W PackageManager: Unknown permission com.google.android.googlequicksearchbox.permission.PAUSE_HOTWORD in package com.google.android.gms
12-15 16:20:16.830  3882  3882 W PackageManager: Unknown permission com.google.android.hangouts.START_HANGOUT in package com.google.android.gms
12-15 16:20:16.830  3882  3882 W PackageManager: Unknown permission com.google.android.wearable.READ_SETTINGS in package com.google.android.gms
12-15 16:20:16.830  3882  3882 W PackageManager: Unknown permission android.permission.INTENT_FILTER_VERIFICATION_AGENT in package com.google.android.gms
12-15 16:20:16.830  3882  3882 W PackageManager: Unknown permission android.permission.LOCAL_MAC_ADDRESS in package com.google.android.gms
12-15 16:20:16.830  3882  3882 W PackageManager: Unknown permission android.permission.CHANGE_DEVICE_IDLE_TEMP_WHITELIST in package com.google.android.gms
12-15 16:20:16.830  3882  3882 W PackageManager: Unknown permission android.permission.NOTIFY_PENDING_SYSTEM_UPDATE in package com.google.android.gms
12-15 16:20:16.830  3882  3882 W PackageManager: Unknown permission com.google.android.launcher.permission.RECEIVE_LAUNCH_BROADCASTS in package com.google.android.gms
12-15 16:20:16.830  3882  3882 W PackageManager: Not granting permission android.permission.MANAGE_DOCUMENTS to package com.google.android.gms (protectionLevel=2 flags=0xc0483e45)
12-15 16:20:16.830  3882  3882 W PackageManager: Unknown permission com.android.launcher.permission.PRELOAD_WORKSPACE in package com.google.android.partnersetup
12-15 16:20:16.830  3882  3882 W PackageManager: Not granting permission android.permission.DELETE_PACKAGES to package com.svox.pico (protectionLevel=18 flags=0x8be45)
12-15 16:20:16.830  3882  3882 W PackageManager: Unknown permission com.cyanogenmod.filemanager.permissions.READ_THEME in package com.cyanogenmod.filemanager
12-15 16:20:16.830  3882  3882 W PackageManager: Not granting permission android.permission.CONTROL_KEYGUARD to package com.google.android.gsf.login (protectionLevel=2 flags=0x4048be45)
12-15 16:20:16.830  3882  3882 W PackageManager: Unknown permission com.android.vending.billing.IBillingAccountService.BIND2 in package com.google.android.gsf.login
12-15 16:20:16.830  3882  3882 W PackageManager: Unknown permission com.android.chrome.TOS_ACKED in package com.google.android.gsf.login
12-15 16:20:16.831  3882  3882 W PackageManager: Unknown permission com.android.launcher.permission.READ_SETTINGS in package com.android.settings
12-15 16:20:16.831  3882  3882 W PackageManager: Unknown permission com.android.launcher.permission.WRITE_SETTINGS in package com.android.settings
12-15 16:20:16.831  3882  3882 W PackageManager: Unknown permission com.android.smspush.WAPPUSH_MANAGER_BIND in package com.android.phone
12-15 16:20:16.831  3882  3882 W PackageManager: Not granting permission android.permission.DEVICE_POWER to package com.android.deskclock (protectionLevel=2 flags=0x48be45)
12-15 16:20:16.831  3882  3882 W PackageManager: Unknown permission com.google.android.gallery3d.permission.GALLERY_PROVIDER in package com.android.bluetooth
12-15 16:20:16.844  3882  3882 I art     : Explicit concurrent mark sweep GC freed 19895(1246KB) AllocSpace objects, 2(32KB) LOS objects, 33% free, 5MB/8MB, paused 195us total 6.136ms
12-15 16:20:16.844  3882  3882 I SystemServer: User Service
12-15 16:20:16.845  1778  1778 I lowmemorykiller: ActivityManager connected
12-15 16:20:16.846  3882  3882 I SystemServiceManager: Starting com.android.server.lights.LightsService
12-15 16:20:16.847  3882  3882 D lights  : Detect /sys/class/backlight/intel_backlight/max_brightness
12-15 16:20:16.847  3882  3882 D lights  : Detect /sys/class/backlight/intel_backlight/brightness
12-15 16:20:16.847  3882  3882 I SystemServiceManager: Starting com.android.server.BatteryService
12-15 16:20:16.952  3882  3882 I SystemServiceManager: Starting com.android.server.usage.UsageStatsService
12-15 16:20:16.953  3882  3882 I SystemServiceManager: Starting com.android.server.webkit.WebViewUpdateService
12-15 16:20:16.954  3882  3882 I SystemServer: Reading configuration...
12-15 16:20:16.954  3882  3882 I SystemServer: Scheduling Policy
12-15 16:20:16.954  3882  3882 I SystemServiceManager: Starting com.android.server.telecom.TelecomLoaderService
12-15 16:20:16.954  3882  3882 I SystemServer: Telephony Registry
12-15 16:20:16.955  3882  3882 I SystemServer: Entropy Mixer
12-15 16:20:16.955  3882  3882 I EntropyMixer: Writing entropy...
12-15 16:20:16.959  3882  3882 I SystemServer: Account Manager
12-15 16:20:16.960  3882  3882 I SystemServer: Content Manager
12-15 16:20:16.960  3882  3882 I SystemServer: System Content Providers
12-15 16:20:16.963  3882  3882 I SystemServer: Vibrator Service
12-15 16:20:16.964  3882  3882 I SystemServer: Consumer IR Service
12-15 16:20:16.964  3882  3882 E ConsumerIrService: Can't open consumer IR HW Module, error: -2
12-15 16:20:16.964  3882  3882 I SystemServiceManager: Starting com.android.server.AlarmManagerService
12-15 16:20:16.964  3882  3882 D AlarmManagerService: Kernel timezone updated to -480 minutes west of GMT
12-15 16:20:16.965  3882  3882 I SystemServer: Init Watchdog
12-15 16:20:16.965  3882  3882 I SystemServer: Input Manager
12-15 16:20:16.965  3882  3882 I InputManager: Initializing input manager, mUseDevInputEventForAudioJack=true
12-15 16:20:16.965  3882  3882 I SystemServer: Window Manager
12-15 16:20:16.967  3882  3912 I WindowManager: No existing display settings /data/system/display_settings.xml; starting empty
12-15 16:20:16.968  3654  3674 D PermissionCache: checking android.permission.ACCESS_SURFACE_FLINGER for uid=1000 => granted (194 us)
12-15 16:20:16.972  3882  3882 I InputManager: Starting input manager
12-15 16:20:16.972  3882  3882 I SystemServer: Bluetooth Manager Service
12-15 16:20:16.972  3882  3932 I EventHub: New device: id=1, fd=76, path='/dev/input/event15', name='ETPS/2 Elantech Touchpad', classes=0x14, configuration='/system/usr/idc/ETPS_2_Elantech_Touchpad.idc', keyLayout='', keyCharacterMap='', builtinKeyboard=false, wakeMechanism=EPOLLWAKEUP, usingClockIoctl=true
12-15 16:20:16.972  3882  3932 E EventHub: could not get driver version for /dev/input/mouse1, Not a typewriter
12-15 16:20:16.973  3882  3882 D BluetoothManagerService: Loading stored name and address
12-15 16:20:16.973  3882  3882 D BluetoothManagerService: Stored bluetooth Name=S6,Address=E8:B1:FC:A6:48:06
12-15 16:20:16.973  3882  3882 I SystemServer: Input Method Service
12-15 16:20:16.974  3882  3882 W InputMethodManagerService: Couldn't create dir.: /data/system/inputmethod
12-15 16:20:16.977  3882  3882 I SystemServer: Accessibility Manager
12-15 16:20:16.977  3882  3882 I ActivityManager: Config changes=1df8 {1.0 ?mcc?mnc zh_CN ?layoutDir sw720dp w1280dp h720dp 240dpi xlrg long land ?uimode ?night -touch -keyb/v/h -nav/h s.2}
12-15 16:20:16.980  3882  3906 I UsageStatsService: User[0] Rollover scheduled @ 2015-12-16 08:00:00(1450224000000)
12-15 16:20:16.991  3882  3882 I ActivityManager: Config changes=500 {1.0 ?mcc?mnc zh_CN ?layoutDir sw720dp w1280dp h646dp 240dpi lrg long land ?uimode ?night -touch -keyb/v/h -nav/h s.3}
12-15 16:20:16.991  3882  3882 I SystemServer: Mount Service
