12-15 16:19:58.874  3391  3391 D MusicLifecycle: com.google.android.music.download.ArtDownloadQueueService generated event: Service created
12-15 16:19:58.876  3391  3391 I GHttpClientFactory: Using our fixed implementation of GMSCore's GoogleHttpClient
12-15 16:19:58.878  3391  3391 I GoogleURLConnFactory: Using platform SSLCertificateSocketFactory
12-15 16:19:58.879  3391  3391 D MusicLifecycle: com.google.android.music.download.cache.ArtCacheService generated event: Service created
12-15 16:19:58.880  3391  3391 D MusicLifecycle: com.google.android.music.store.MediaStoreImportService$Receiver generated event: Broadcast received with context android.app.ReceiverRestrictedContext@39e14aed and intent Intent { act=android.intent.action.MEDIA_SCANNER_STARTED dat=file:///storage/emulated/0 flg=0x10 cmp=com.google.android.music/.store.MediaStoreImportService$Receiver }
12-15 16:19:58.881  3391  3391 D MusicLifecycle: com.google.android.music.download.cache.StorageMigrationService generated event: Service destroyed
12-15 16:19:58.882  2975  2975 V Mms     : onStart: #1 mResultCode: -1 = Activity.RESULT_OK
12-15 16:19:58.882  2621  2642 E JavaBinder: *** Uncaught remote exception!  (Exceptions are not yet supported across processes.)
12-15 16:19:58.882  2621  2642 E JavaBinder: java.lang.RuntimeException: android.os.RemoteException
12-15 16:19:58.882  2621  2642 E JavaBinder: 	at android.os.Parcel.writeException(Parcel.java:1446)
12-15 16:19:58.882  2621  2642 E JavaBinder: 	at android.os.Binder.execTransact(Binder.java:452)
12-15 16:19:58.882  2621  2642 E JavaBinder: Caused by: android.os.RemoteException
12-15 16:19:58.882  2621  2642 E JavaBinder: 	at com.google.android.gms.ads.identifier.service.b.a(SourceFile:77)
12-15 16:19:58.882  2621  2642 E JavaBinder: 	at com.google.android.gms.ads.identifier.a.e.onTransact(SourceFile:63)
12-15 16:19:58.882  2621  2642 E JavaBinder: 	at android.os.Binder.execTransact(Binder.java:446)
12-15 16:19:58.883  3391  3391 D MusicLifecycle: com.google.android.music.store.MediaStoreImportService generated event: Service created
12-15 16:19:58.883  3391  3391 D MusicLifecycle: com.google.android.music.store.MediaStoreImportService$Receiver generated event: Broadcast received with context android.app.ReceiverRestrictedContext@39e14aed and intent Intent { act=android.intent.action.MEDIA_SCANNER_FINISHED dat=file:///storage/emulated/0 flg=0x10 cmp=com.google.android.music/.store.MediaStoreImportService$Receiver }
12-15 16:19:58.885  3391  3391 D MusicLifecycle: com.google.android.music.store.MediaStoreImportService generated event: Service destroyed
12-15 16:19:58.885  3391  3391 D MusicLifecycle: com.google.android.music.store.MediaStoreImportService generated event: Service created
12-15 16:19:58.888  3082  3082 D AlertReceiver: onReceive: a=android.intent.action.PROVIDER_CHANGED Intent { act=android.intent.action.PROVIDER_CHANGED dat=content://com.android.calendar flg=0x10 cmp=com.android.calendar/.alerts.AlertReceiver }
12-15 16:19:58.889  3082  3430 D AlertService: 0 Action = android.intent.action.PROVIDER_CHANGED
12-15 16:19:58.897  3391  3427 I MediaStoreImporter: Update: incremental Added music: 0 Updated music: 0 Deleted music: 0 Created playlists: 0 Updated playlists: 0 Deleted playlists: 0 Inserted playlist items: 0 Deleted playlist items: 0 Removed orphaned playlist items: 0
12-15 16:19:58.897  3391  3391 D MusicLifecycle: com.google.android.music.wear.WearBroadcastReceiver generated event: Broadcast received with context android.app.ReceiverRestrictedContext@39e14aed and intent Intent { act=com.google.android.music.IMPORT_COMPLETE flg=0x10 cmp=com.google.android.music/.wear.WearBroadcastReceiver }
12-15 16:19:58.902  3391  3391 D MusicLifecycle: com.google.android.music.store.MediaStoreImportService generated event: Service destroyed
12-15 16:19:58.903  3391  3391 D MusicLifecycle: com.google.android.music.wear.WearMetadataSyncService generated event: Service created
12-15 16:19:58.903  3391  3391 D MusicLifecycle: com.google.android.music.wear.WearMetadataSyncService generated event: Service started with intent Intent { cmp=com.google.android.music/.wear.WearMetadataSyncService }
12-15 16:19:58.906  3391  3391 E GmsUtils: Failed to connect to Google API client: ConnectionResult{statusCode=API_UNAVAILABLE, resolution=null}
12-15 16:19:58.906  3391  3436 E GmsUtils: Failed to connect to Google API client: ConnectionResult{statusCode=API_UNAVAILABLE, resolution=null}
12-15 16:19:58.906  3391  3391 D MusicLifecycle: com.google.android.music.wear.WearMetadataSyncService generated event: Service destroyed
12-15 16:19:58.906  2061  2436 I ActivityManager: Killing 2755:com.android.keychain/1000 (adj 15): empty #17
12-15 16:20:00.299  2061  2129 I WifiNative-HAL: startHal
12-15 16:20:00.305  2061  2436 D WifiService: releaseWifiLockLocked: WifiLock{NlpWifiLock type=2 binder=android.os.BinderProxy@86d7101}
12-15 16:20:02.107  2061  2498 I ActivityManager: Killing 2810:com.android.dialer/u0a4 (adj 15): empty #17
12-15 16:20:02.221  2061  2135 W AudioTrack: AUDIO_OUTPUT_FLAG_FAST denied by client
12-15 16:20:02.488  1798  2099 D audio_hw_primary: found out /dev/snd/pcmC1D0p
12-15 16:20:02.814  2836  3444 E SQLiteLog: (284) automatic index on view_events(_id)
12-15 16:20:03.523  2061  2497 W ActivityManager: Unable to start service Intent { act=com.google.android.gms.analytics.service.START cmp=com.google.android.gms/.analytics.service.AnalyticsService (has extras) } U=0: not found
12-15 16:20:03.523  3228  3265 W GAV2    : Thread[GAThread,5,main]: Service unavailable (code=1), will retry.
12-15 16:20:03.524  3228  3265 I GAV2    : Thread[GAThread,5,main]: No campaign data found.
12-15 16:20:03.713  2061  2219 I ActivityManager: Killing 2916:com.google.android.onetimeinitializer/u0a9 (adj 15): empty #17
12-15 16:20:03.875  3391  3391 D MusicLifecycle: com.google.android.music.leanback.AutoCacheSchedulingService$EnablingReceiver generated event: Broadcast received with context android.app.ReceiverRestrictedContext@39e14aed and intent Intent { act=com.google.android.music.START_DOWNLOAD_SCHEDULING flg=0x10 cmp=com.google.android.music/.leanback.AutoCacheSchedulingService$EnablingReceiver }
12-15 16:20:03.877  2061  2135 W AudioTrack: AUDIO_OUTPUT_FLAG_FAST denied by client
12-15 16:20:03.888  2061  2081 I art     : Explicit concurrent mark sweep GC freed 33621(1814KB) AllocSpace objects, 2(32KB) LOS objects, 33% free, 10MB/15MB, paused 345us total 12.161ms
12-15 16:20:03.888  2061  2473 I ActivityManager: START u0 {act=android.intent.action.MAIN cat=[android.intent.category.LAUNCHER] flg=0x10200000 cmp=com.tencent.mm/.ui.LauncherUI (has extras)} from uid 10044 on display 0
12-15 16:20:03.889  3391  3391 D MusicLifecycle: com.google.android.music.leanback.AutoCacheSchedulingService generated event: Service created
12-15 16:20:03.889  3082  3430 I GlobalDismissManager: no sender configured
12-15 16:20:03.889  3082  3430 D AlertService: Beginning updateAlertNotification
12-15 16:20:03.889  2061  2473 V WindowManager: addAppToken: AppWindowToken{2999109b token=Token{21c7caa ActivityRecord{1afee395 u0 com.tencent.mm/.ui.LauncherUI t119}}} to stack=1 task=119 at 0
12-15 16:20:03.890  3391  3391 D MusicLifecycle: com.google.android.music.leanback.AutoCacheSchedulingService generated event: Service started with intent Intent { act=com.google.android.music.leanback.APP_IN_USE cmp=com.google.android.music/.leanback.AutoCacheSchedulingService (has extras) }
12-15 16:20:03.891  3391  3391 D MusicLifecycle: com.google.android.music.wear.WearBroadcastReceiver generated event: Broadcast received with context android.app.ReceiverRestrictedContext@39e14aed and intent Intent { act=com.google.android.music.START_DOWNLOAD_SCHEDULING flg=0x10 cmp=com.google.android.music/.wear.WearBroadcastReceiver }
12-15 16:20:03.891  3391  3391 D MusicLifecycle: com.google.android.music.download.TrackDownloadQueueService generated event: Service created
12-15 16:20:03.907  2061  2497 I ActivityManager: Start proc 3452:com.tencent.mm/u0a68 for activity com.tencent.mm/.ui.LauncherUI
12-15 16:20:03.907  3391  3450 I MusicLeanback: Conditions not met for autocaching. okToAttempt=false
12-15 16:20:03.907  3391  3450 I MusicLeanback: Stop autocaching.
12-15 16:20:03.908  3082  3430 D AlertService: No fired or scheduled alerts
12-15 16:20:03.908  3391  3391 D MusicLifecycle: com.google.android.music.download.cache.TrackCacheService generated event: Service created
12-15 16:20:03.908  3082  3430 D AlertService: Scheduling next alarm with AlarmScheduler. sEventReminderReceived: null
12-15 16:20:03.908  3391  3391 D MusicLifecycle: com.google.android.music.wear.WearMetadataSyncService generated event: Service created
12-15 16:20:03.909  3391  3391 D MusicLifecycle: com.google.android.music.wear.WearMetadataSyncService generated event: Service started with intent Intent { cmp=com.google.android.music/.wear.WearMetadataSyncService }
12-15 16:20:03.909  3082  3430 D AlarmScheduler: No events found starting within 1 week.
12-15 16:20:03.911  3391  3391 E GmsUtils: Failed to connect to Google API client: ConnectionResult{statusCode=API_UNAVAILABLE, resolution=null}
12-15 16:20:03.911  3391  3391 D MusicLifecycle: com.google.android.music.download.TrackDownloadQueueService generated event: Service destroyed
12-15 16:20:03.911  3391  3391 D MusicLifecycle: com.google.android.music.download.cache.TrackCacheService generated event: Service destroyed
12-15 16:20:03.911  3391  3460 E GmsUtils: Failed to connect to Google API client: ConnectionResult{statusCode=API_UNAVAILABLE, resolution=null}
12-15 16:20:03.911  3391  3391 D MusicLifecycle: com.google.android.music.wear.WearMetadataSyncService generated event: Service destroyed
12-15 16:20:03.912  3452  3452 D houdini : [3452] Initialize library(version: 5.2.2_y.47738 RELEASE)... successfully.
12-15 16:20:03.923  3452  3452 I ActivityThread: Switching default density from 160 to 240
12-15 16:20:03.945  2061  2082 W ActivityManager: getRunningAppProcesses: caller 10068 does not hold REAL_GET_TASKS; limiting output
12-15 16:20:04.015  3452  3452 D houdini : [3452] Added shared library /data/app/com.tencent.mm-1/lib/arm/libstlport_shared.so for ClassLoader by Native Bridge.
12-15 16:20:04.016  3452  3452 E ActivityThread: Failed to find provider info for com.tencent.mm.coolassist.debugprovider
12-15 16:20:04.025  3452  3452 D houdini : [3452] Added shared library /data/app/com.tencent.mm-1/lib/arm/libwechatxlog.so for ClassLoader by Native Bridge.
12-15 16:20:04.026  3452  3452 W MicroMsg.xlogger: JNI_Xlog_onCreate
12-15 16:20:04.049  3452  3452 D houdini : [3452] Added shared library /data/app/com.tencent.mm-1/lib/arm/libwechatCrashForJni.so for ClassLoader by Native Bridge.
12-15 16:20:04.049  3452  3452 W jni crash monitor: JNI_OnLoad
12-15 16:20:04.056  3452  3452 D houdini : [3452] Added shared library /data/app/com.tencent.mm-1/lib/arm/libwechatmm.so for ClassLoader by Native Bridge.
12-15 16:20:04.096  2061  2082 W ActivityManager: getTasks: caller 10068 does not hold REAL_GET_TASKS; limiting output
12-15 16:20:04.105  2061  2473 W ActivityManager: getTasks: caller 10068 does not hold REAL_GET_TASKS; limiting output
12-15 16:20:04.114  3452  3452 V NFC     : this device does not have NFC support
12-15 16:20:04.168  2061  2310 W ActivityManager: getRunningAppProcesses: caller 10068 does not hold REAL_GET_TASKS; limiting output
12-15 16:20:04.177  3452  3493 D OpenGLRenderer: Use EGL_SWAP_BEHAVIOR_PRESERVED: true
12-15 16:20:04.177  2061  2323 V WindowManager: Adding window Window{3e1386bd u0 com.tencent.mm/com.tencent.mm.ui.LauncherUI} at 2 of 7 (after Window{109ace73 u0 com.android.launcher3/com.android.launcher3.Launcher EXITING})
12-15 16:20:04.209  3452  3493 I GRALLOC-DRM: create intel for driver i915
12-15 16:20:04.213  3452  3493 I EGL-DRI2: DRI2: found extension DRI_Core version 1
12-15 16:20:04.213  3452  3493 I EGL-DRI2: DRI2: found extension DRI_DRI2 version 4
12-15 16:20:04.221  3452  3493 I EGL-DRI2: DRI2: found extension DRI_TexBuffer version 3
12-15 16:20:04.221  3452  3493 I EGL-DRI2: DRI2: found extension DRI2_Flush version 4
12-15 16:20:04.221  3452  3493 I EGL-DRI2: DRI2: found extension DRI_IMAGE version 11
12-15 16:20:04.221  3452  3493 I OpenGLRenderer: Initialized EGL, version 1.4
12-15 16:20:04.221  3452  3493 W OpenGLRenderer: Failed to choose config with EGL_SWAP_BEHAVIOR_PRESERVED, retrying without...
12-15 16:20:04.230  3452  3493 D OpenGLRenderer: Enabling debug mode 0
12-15 16:20:04.278  1781  2561 D PermissionCache: checking android.permission.READ_FRAME_BUFFER for uid=1000 => granted (86 us)
12-15 16:20:04.312  2061  2091 I ActivityManager: Displayed com.tencent.mm/.ui.LauncherUI: +421ms
12-15 16:20:04.312  2061  2061 V ActivityManager: Display changed displayId=0
12-15 16:20:04.313  2061  2104 I InputReader: Reconfiguring input devices.  changes=0x00000004
12-15 16:20:04.313  2061  2104 I InputReader: Device reconfigured: id=1, name='ETPS/2 Elantech Touchpad', size 1920x1080, orientation 3, mode 4, display id 0
12-15 16:20:04.313  2061  2091 I ActivityManager: Config changes=480 {1.0 ?mcc?mnc zh_CN ?layoutDir sw720dp w720dp h1206dp 240dpi lrg long port -touch qwerty/v/v -nav/h s.6}
12-15 16:20:04.343  2217  2217 I wpa_supplicant: wlan0: SME: Trying to authenticate with 64:9e:f3:87:0d:80 (SSID='OS-4308A' freq=2437 MHz)
12-15 16:20:04.343  2061  2129 I WifiNative-HAL: startHal
12-15 16:20:04.348  2061  2129 E WifiStateMachine: WifiStateMachine shouldSwitchNetwork  txSuccessRate=-0.12 rxSuccessRate=-0.12 delta 1000 -> 1000
12-15 16:20:04.348  2061  2129 E WifiConfigStore:  rewrite network history for "OS-4308A"WPA_PSK
12-15 16:20:04.350  2061  2129 E WifiStateMachine: CMD_AUTO_CONNECT sup state UninitializedState my state DisconnectedState nid=0 roam=3
12-15 16:20:04.350  2061  2129 E WifiConfigStore: saveWifiConfigBSSID Setting BSSID for "OS-4308A"WPA_PSK to any
12-15 16:20:04.351  2061  2129 E WifiStateMachine: CMD_AUTO_CONNECT will save config -> "OS-4308A" nid=0
12-15 16:20:04.355  2061  2129 E WifiConfigStore: will read network variables netId=0
12-15 16:20:04.356  2061  2129 E WifiStateMachine: CMD_AUTO_CONNECT did save config ->  nid=0
12-15 16:20:04.356  2061  2129 E WifiConfigStore: will read network variables netId=0
12-15 16:20:04.441  2061  2091 I WindowManager: Screen frozen for +179ms due to Window{15666e12 u0 NavigationBar}
12-15 16:20:04.519  3452  3495 D houdini : [3495] Added shared library /data/app/com.tencent.mm-1/lib/arm/libkkdb.so for ClassLoader by Native Bridge.
12-15 16:20:04.521  3452  3495 D houdini : [3495] Added shared library /data/app/com.tencent.mm-1/lib/arm/libMMProtocalJni.so for ClassLoader by Native Bridge.
12-15 16:20:04.521  3452  3495 D houdini : [3495] Added shared library /data/app/com.tencent.mm-1/lib/arm/libwechatvoicereco.so for ClassLoader by Native Bridge.
12-15 16:20:04.522  3452  3495 D houdini : [3495] Added shared library /data/app/com.tencent.mm-1/lib/arm/libwechatcommon.so for ClassLoader by Native Bridge.
12-15 16:20:04.524  3452  3495 D houdini : [3495] Added shared library /data/app/com.tencent.mm-1/lib/arm/libFFmpeg.so for ClassLoader by Native Bridge.
12-15 16:20:04.530  3452  3495 D houdini : [3495] Added shared library /data/app/com.tencent.mm-1/lib/arm/libwechatpack.so for ClassLoader by Native Bridge.
12-15 16:20:04.530  3452  3495 D houdini : [3495] Added shared library /data/app/com.tencent.mm-1/lib/arm/libtencentloc.so for ClassLoader by Native Bridge.
12-15 16:20:04.534  2217  2217 I wpa_supplicant: wlan0: Trying to associate with 64:9e:f3:87:0d:80 (SSID='OS-4308A' freq=2437 MHz)
12-15 16:20:04.538  3452  3495 D houdini : [3495] Added shared library /data/app/com.tencent.mm-1/lib/arm/libwechatsight_v7a.so for ClassLoader by Native Bridge.
12-15 16:20:04.552  2061  2130 D WifiService: New client listening to asynchronous messages
12-15 16:20:04.589  3514  3514 I dex2oat : /system/bin/dex2oat --runtime-arg -classpath --runtime-arg  --instruction-set=x86 --instruction-set-features=default --runtime-arg -Xrelocate --boot-image=/system/framework/boot.art --dex-file=/data/data/com.tencent.mm/app_dex/secondary-1.dex.jar --oat-fd=55 --oat-location=/data/data/com.tencent.mm/app_cache/secondary-1.dex.dex --runtime-arg -Xms64m --runtime-arg -Xmx512m
12-15 16:20:04.594  3514  3514 I dex2oat : dex2oat took 5.108ms (threads: 8) arena alloc=21KB java alloc=1648B native alloc=499KB free=7MB
12-15 16:20:04.600  3523  3523 I dex2oat : /system/bin/dex2oat --runtime-arg -classpath --runtime-arg  --instruction-set=x86 --instruction-set-features=default --runtime-arg -Xrelocate --boot-image=/system/framework/boot.art --dex-file=/data/data/com.tencent.mm/app_dex/secondary-2.dex.jar --oat-fd=55 --oat-location=/data/data/com.tencent.mm/app_cache/secondary-2.dex.dex --runtime-arg -Xms64m --runtime-arg -Xmx512m
12-15 16:20:04.643  2217  2217 I wpa_supplicant: wlan0: Associated with 64:9e:f3:87:0d:80
12-15 16:20:06.251  3523  3523 I dex2oat : dex2oat took 1.650s (threads: 8) arena alloc=451KB java alloc=76MB native alloc=34MB free=9MB
12-15 16:20:06.265  3452  3495 I art     : Rejecting re-init on previously-failed class java.lang.Class<com.tencent.mm.plugin.location_google.GoogleMapView>
12-15 16:20:06.265  3452  3495 I art     : Rejecting re-init on previously-failed class java.lang.Class<com.tencent.mm.plugin.location_google.GoogleMapView>
12-15 16:20:06.265  3452  3495 I art     : Rejecting re-init on previously-failed class java.lang.Class<com.tencent.mm.plugin.location_google.GoogleProxyUI>
12-15 16:20:06.265  3452  3495 I art     : Rejecting re-init on previously-failed class java.lang.Class<com.tencent.mm.plugin.location_google.GoogleProxyUI>
12-15 16:20:06.275  2621  2642 E JavaBinder: *** Uncaught remote exception!  (Exceptions are not yet supported across processes.)
12-15 16:20:06.275  2621  2642 E JavaBinder: java.lang.RuntimeException: android.os.RemoteException
12-15 16:20:06.275  2621  2642 E JavaBinder: 	at android.os.Parcel.writeException(Parcel.java:1446)
12-15 16:20:06.275  2621  2642 E JavaBinder: 	at android.os.Binder.execTransact(Binder.java:452)
12-15 16:20:06.275  2621  2642 E JavaBinder: Caused by: android.os.RemoteException
12-15 16:20:06.275  2621  2642 E JavaBinder: 	at com.google.android.gms.ads.identifier.service.b.a(SourceFile:77)
12-15 16:20:06.275  2621  2642 E JavaBinder: 	at com.google.android.gms.ads.identifier.a.e.onTransact(SourceFile:63)
12-15 16:20:06.275  2621  2642 E JavaBinder: 	at android.os.Binder.execTransact(Binder.java:446)
12-15 16:20:06.304  3536  3536 D houdini : [3536] Initialize library(version: 5.2.2_y.47738 RELEASE)... successfully.
12-15 16:20:06.304  2061  2474 I ActivityManager: Start proc 3536:com.tencent.mm:push/u0a68 for service com.tencent.mm/.booter.CoreService
12-15 16:20:06.307  2409  2409 W Launcher: setApplicationContext called twice! old=com.android.launcher3.LauncherApplication@e790813 new=com.android.launcher3.LauncherApplication@e790813
12-15 16:20:06.308  3536  3536 I ActivityThread: Switching default density from 160 to 240
12-15 16:20:06.311  2061  2082 W ActivityManager: getRunningAppProcesses: caller 10068 does not hold REAL_GET_TASKS; limiting output
12-15 16:20:06.345  3536  3536 D houdini : [3536] Added shared library /data/app/com.tencent.mm-1/lib/arm/libstlport_shared.so for ClassLoader by Native Bridge.
12-15 16:20:06.346  3536  3536 E ActivityThread: Failed to find provider info for com.tencent.mm.coolassist.debugprovider
12-15 16:20:06.350  3536  3536 D houdini : [3536] Added shared library /data/app/com.tencent.mm-1/lib/arm/libwechatxlog.so for ClassLoader by Native Bridge.
12-15 16:20:06.351  3536  3536 W MicroMsg.xlogger: JNI_Xlog_onCreate
12-15 16:20:06.364  3536  3536 D houdini : [3536] Added shared library /data/app/com.tencent.mm-1/lib/arm/libMMProtocalJni.so for ClassLoader by Native Bridge.
12-15 16:20:06.372  3536  3536 D houdini : [3536] Added shared library /data/app/com.tencent.mm-1/lib/arm/libwechatCrashForJni.so for ClassLoader by Native Bridge.
12-15 16:20:06.372  3536  3536 W jni crash monitor: JNI_OnLoad
12-15 16:20:06.395  3536  3536 D houdini : [3536] Added shared library /data/app/com.tencent.mm-1/lib/arm/libwechatnetwork.so for ClassLoader by Native Bridge.
12-15 16:20:06.459  2061  2091 I art     : Explicit concurrent mark sweep GC freed 14070(722KB) AllocSpace objects, 1(16KB) LOS objects, 33% free, 10MB/15MB, paused 295us total 13.604ms
12-15 16:20:07.447  2528  2528 E GCM     : Missing checkin config file
12-15 16:20:07.448  2528  2528 W GCM     : GCM FAILED TO INITIALIZE - missing checkin
12-15 16:20:08.010  2061  2104 I InputReader: Reconfiguring input devices.  changes=0x00000010
12-15 16:20:08.010  2621  3602 D PackageBroadcastService: Received broadcast action=android.intent.action.PACKAGE_CHANGED and uri=com.google.android.gms
12-15 16:20:08.011  2621  3602 I PackageBroadcastService: Null package name or gms related package.  Ignoreing.
12-15 16:20:08.014  2061  2061 D BackupManagerService: Received broadcast Intent { act=android.intent.action.PACKAGE_CHANGED dat=package:com.google.android.gms flg=0x4000010 (has extras) }
12-15 16:20:08.014  2061  2061 I BackupManagerService: Unbinding ComponentInfo{com.google.android.gms/com.google.android.gms.backup.BackupTransportService}
12-15 16:20:08.014  2061  2061 I BackupManagerService: Binding to transport host ComponentInfo{com.google.android.gms/com.google.android.gms.backup.BackupTransportService}
12-15 16:20:08.030  2061  3500 I ActivityManager: Start proc 3606:com.android.gallery3d/u0a38 for broadcast com.android.gallery3d/.app.PackagesMonitor
12-15 16:20:08.031  2621  2913 I Icing   : Storage manager: low false usage 1.47MB avail 3.97GB capacity 5.99GB
12-15 16:20:08.032  2061  2061 V BackupManagerService: Connected to transport ComponentInfo{com.google.android.gms/com.google.android.gms.backup.BackupTransportService}
12-15 16:20:08.032  2061  2061 V BackupManagerService: Registering transport com.google.android.gms/.backup.BackupTransportService::com.google.android.gms/.backup.BackupTransportService = com.android.internal.backup.IBackupTransport$Stub$Proxy@175c9ef6
12-15 16:20:08.033  2528  3627 I Backup  : [BackupTransportMigratorService] Starting migration...
12-15 16:20:08.033  2528  3627 W Backup  : [LegacyBackupAccountManager] No google accounts found!
12-15 16:20:08.035  3606  3606 I ActivityThread: Switching default density from 160 to 240
12-15 16:20:08.035  2409  2409 I Launcher: Deferring update until onResume
12-15 16:20:08.035  3606  3606 W ResourcesManager: Asset path '/system/framework/com.google.android.media.effects.jar' does not exist or contains no resources.
12-15 16:20:08.037  2409  2409 I Launcher: Deferring update until onResume
12-15 16:20:08.041  2528  2734 I art     : Explicit concurrent mark sweep GC freed 11505(558KB) AllocSpace objects, 0(0B) LOS objects, 39% free, 5MB/9MB, paused 156us total 6.213ms
12-15 16:20:08.043  2329  2362 V GmsNetworkLocationProvi: onSetRequest: ProviderRequestUnbundled, reportLocation is true and interval is 86400000
12-15 16:20:08.044  2329  2329 W GmsBackupAccountManager: Backup account not found in gmscore.
12-15 16:20:08.048  2329  2329 V GmsNetworkLocationProvi: DISABLE
12-15 16:20:08.049  2329  2720 W GmsBackupAccountManager: Backup account not found in gmscore.
12-15 16:20:08.049  2329  2329 V GmsNetworkLocationProvi: ENABLE
12-15 16:20:08.049  2329  2329 V GmsNetworkLocationProvi: SET-REQUEST
12-15 16:20:08.049  2329  2329 V GmsNetworkLocationProvi: in Handler: ProviderRequestUnbundled, reportLocation is true and interval is 86400000
12-15 16:20:08.050  2528  3627 I Backup  : [BackupTransportMigratorService] Successfully migrated to use GMS BackupTransportService!
12-15 16:20:08.056  2621  2913 E Icing   : Loading extension /data/data/com.google.android.gms/files/libAppDataSearchExt_x86_64.so failed
12-15 16:20:08.056  2409  2409 W Launcher: setApplicationContext called twice! old=com.android.launcher3.LauncherApplication@e790813 new=com.android.launcher3.LauncherApplication@e790813
12-15 16:20:08.059  2061  3497 I ActivityManager: Killing 2692:com.google.android.partnersetup/u0a10 (adj 15): empty #17
12-15 16:20:08.080  2621  2913 I Icing   : updateResources: need to parse f{com.google.android.gms}
12-15 16:20:08.091  2621  2913 I Icing   : Internal init done: storage state 0
12-15 16:20:08.092  2621  2913 I Icing   : Post-init done
12-15 16:20:08.093  2621  2913 I Icing   : updateResources: need to parse f{com.google.android.gms}
12-15 16:20:08.190  2621  3640 I iu.UploadsManager: End new media; added: 0, uploading: 0, time: 5 ms
12-15 16:20:08.524  2061  2474 W ActivityManager: Unable to start service Intent { act=com.google.android.gms.analytics.service.START cmp=com.google.android.gms/.analytics.service.AnalyticsService (has extras) } U=0: not found
12-15 16:20:08.524  3228  3447 W GAV2    : Thread[Service Reconnect,5,main]: Service unavailable (code=1), using local store.
12-15 16:20:10.600  3452  3452 W Settings: Setting wifi_sleep_policy has moved from android.provider.Settings.System to android.provider.Settings.Global, returning read-only value.
12-15 16:20:10.601  2061  2081 I ActivityManager: moveTaskToBack: TaskRecord{3d99b83 #119 A=com.tencent.mm U=0 sz=1}
12-15 16:20:10.609  3452  3452 W ViewRootImpl: Cancelling event due to no window focus: KeyEvent { action=ACTION_UP, keyCode=KEYCODE_BACK, scanCode=0, metaState=0, flags=0x68, repeatCount=0, eventTime=36294, downTime=36289, deviceId=-1, source=0x101 }
12-15 16:20:10.609  3452  3452 W ViewRootImpl: Cancelling event due to no window focus: KeyEvent { action=ACTION_UP, keyCode=KEYCODE_BACK, scanCode=0, metaState=0, flags=0x68, repeatCount=0, eventTime=36294, downTime=36289, deviceId=-1, source=0x101 }
12-15 16:20:10.609  3452  3452 W ViewRootImpl: Cancelling event due to no window focus: KeyEvent { action=ACTION_UP, keyCode=KEYCODE_BACK, scanCode=0, metaState=0, flags=0x68, repeatCount=0, eventTime=36294, downTime=36289, deviceId=-1, source=0x101 }
12-15 16:20:10.611  3452  3452 W ViewRootImpl: Cancelling event due to no window focus: KeyEvent { action=ACTION_UP, keyCode=KEYCODE_BACK, scanCode=0, metaState=0, flags=0x68, repeatCount=0, eventTime=36294, downTime=36289, deviceId=-1, source=0x101 }
12-15 16:20:10.611  3452  3452 W ViewRootImpl: Cancelling event due to no window focus: KeyEvent { action=ACTION_UP, keyCode=KEYCODE_BACK, scanCode=0, metaState=0, flags=0x68, repeatCount=0, eventTime=36294, downTime=36289, deviceId=-1, source=0x101 }
12-15 16:20:10.611  3452  3452 W ViewRootImpl: Cancelling event due to no window focus: KeyEvent { action=ACTION_UP, keyCode=KEYCODE_BACK, scanCode=0, metaState=0, flags=0x68, repeatCount=0, eventTime=36294, downTime=36289, deviceId=-1, source=0x101 }
12-15 16:20:10.611  3452  3452 W ViewRootImpl: Cancelling event due to no window focus: KeyEvent { action=ACTION_UP, keyCode=KEYCODE_BACK, scanCode=0, metaState=0, flags=0x68, repeatCount=0, eventTime=36294, downTime=36289, deviceId=-1, source=0x101 }
12-15 16:20:10.611  3452  3452 W ViewRootImpl: Cancelling event due to no window focus: KeyEvent { action=ACTION_UP, keyCode=KEYCODE_BACK, scanCode=0, metaState=0, flags=0x68, repeatCount=0, eventTime=36294, downTime=36289, deviceId=-1, source=0x101 }
12-15 16:20:10.611  3452  3452 W ViewRootImpl: Cancelling event due to no window focus: KeyEvent { action=ACTION_UP, keyCode=KEYCODE_BACK, scanCode=0, metaState=0, flags=0x68, repeatCount=0, eventTime=36294, downTime=36289, deviceId=-1, source=0x101 }
12-15 16:20:10.626  2409  2409 W Launcher: setApplicationContext called twice! old=com.android.launcher3.LauncherApplication@e790813 new=com.android.launcher3.LauncherApplication@e790813
12-15 16:20:10.629  2409  2409 W ResourceType: Attempt to retrieve bag 0x7f0d0008 which is invalid or in a cycle.
12-15 16:20:10.632  2409  2409 D Launcher: 11683562 - bindAddScreens()
12-15 16:20:10.632  2409  2409 D Launcher: 11683562 -   orderedScreenIds: 3
12-15 16:20:10.632  2409  2409 D Launcher.Workspace: 11683562 - insertNewWorkspaceScreen(): 3 at index: 0
12-15 16:20:10.636  2409  2409 W ResourcesManager: Asset path '/system/framework/com.google.android.media.effects.jar' does not exist or contains no resources.
12-15 16:20:10.647  2409  2500 D Launcher.Model: 11683562 - loadWorkspaceScreensDb()
12-15 16:20:10.647  2409  2500 D Launcher.Model: 11683562 -   screens: { 0: 3 }
12-15 16:20:10.647  2061  2082 V WindowManager: Adding window Window{3aa47d2c u0 com.android.launcher3/com.android.launcher3.Launcher} at 2 of 7 (after Window{3e1386bd u0 com.tencent.mm/com.tencent.mm.ui.LauncherUI})
12-15 16:20:10.647  2409  2500 D Launcher.LauncherProvider: 11683562 - generateNewScreenId(): 4
12-15 16:20:10.654  2061  2473 W BackupManagerService: dataChanged but no participant pkg='com.android.launcher3' uid=10044
12-15 16:20:10.654  2409  2500 D Launcher.Model: 11683562 - updateWorkspaceScreenOrder()
12-15 16:20:10.654  2409  2500 D Launcher.Model: 11683562 -   screens: 3, 4
12-15 16:20:10.655  2061  2310 W BackupManagerService: dataChanged but no participant pkg='com.android.launcher3' uid=10044
12-15 16:20:10.655  2061  3497 W BackupManagerService: dataChanged but no participant pkg='com.android.launcher3' uid=10044
12-15 16:20:10.655  2061  2082 W BackupManagerService: dataChanged but no participant pkg='com.android.launcher3' uid=10044
12-15 16:20:10.667  2409  2409 D Launcher: 11683562 - bindAddScreens()
12-15 16:20:10.667  2409  2409 D Launcher: 11683562 -   orderedScreenIds: 4
12-15 16:20:10.667  2409  2409 D Launcher.Workspace: 11683562 - insertNewWorkspaceScreen(): 4 at index: 1
12-15 16:20:10.668  2409  2409 D Launcher.Workspace: 11683562 - removeExtraEmptyScreen()
12-15 16:20:10.668  2409  2409 D Launcher.Workspace:     - workspace loading, skip
12-15 16:20:10.687  3452  3452 W IInputConnectionWrapper: showStatusIcon on inactive InputConnection
12-15 16:20:10.717  2061  2135 W AudioTrack: AUDIO_OUTPUT_FLAG_FAST denied by client
12-15 16:20:10.729  1798  2099 D audio_hw_primary: found out /dev/snd/pcmC1D0p
12-15 16:20:11.026  2217  2217 I wpa_supplicant: wlan0: CTRL-EVENT-DISCONNECTED bssid=64:9e:f3:87:0d:80 reason=15
12-15 16:20:11.026  2217  2217 I wpa_supplicant: wlan0: WPA: 4-Way Handshake failed - pre-shared key may be incorrect
12-15 16:20:11.026  2217  2217 I wpa_supplicant: wlan0: CTRL-EVENT-SSID-TEMP-DISABLED id=0 ssid="OS-4308A" auth_failures=1 duration=10 reason=WRONG_KEY
12-15 16:20:11.026  2061  2129 E WifiStateMachine: ConnectModeState SSID state=temp-disabled nid=0 [id=0 ssid="OS-4308A" auth_failures=1 duration=10 reason=WRONG_KEY]
12-15 16:20:11.026  2061  2129 E WifiConfigStore: SSID temp disabled for  "OS-4308A"WPA_PSK had autoJoinStatus=0 self added false ephemeral false
12-15 16:20:11.027  2061  2129 E WifiConfigStore:  message=id=0 ssid="OS-4308A" auth_failures=1 duration=10 reason=WRONG_KEY
12-15 16:20:11.613  2195  2195 W ResourceType: No package identifier when getting value for resource number 0x00000000
12-15 16:20:11.613  2195  2195 W PackageManager: Failure retrieving resources for com.tencent.mm: Resource ID #0x0
12-15 16:20:13.345  2061  2086 I ActivityManager: Waited long enough for: ServiceRecord{b70fa1f u0 com.android.calendar/.alerts.InitAlarmsService}
12-15 16:20:13.648  3452  3452 I art     : Explicit concurrent mark sweep GC freed 21553(1086KB) AllocSpace objects, 0(0B) LOS objects, 24% free, 7MB/10MB, paused 278us total 35.693ms
--------- beginning of crash
12-15 16:20:15.156  1781  1781 F libc    : Fatal signal 11 (SIGSEGV), code 128, fault addr 0x0 in tid 1781 (surfaceflinger)
12-15 16:20:15.207  1792  1792 I DEBUG   : *** *** *** *** *** *** *** *** *** *** *** *** *** *** *** ***
12-15 16:20:15.207  1792  1792 I DEBUG   : Build fingerprint: 'Android-x86/android_x86_64/x86_64:5.1.1/LMY48W/cwhuang10070310:userdebug/test-keys'
12-15 16:20:15.207  1792  1792 I DEBUG   : Revision: '0'
12-15 16:20:15.207  1792  1792 I DEBUG   : ABI: 'x86_64'
12-15 16:20:15.207  1792  1792 I DEBUG   : pid: 1781, tid: 1781, name: surfaceflinger  >>> /system/bin/surfaceflinger <<<
12-15 16:20:15.207  1792  1792 I DEBUG   : signal 11 (SIGSEGV), code 128 (SI_KERNEL), fault addr 0x0
12-15 16:20:15.207  2061  2149 W NativeCrashListener: Couldn't find ProcessRecord for pid 1781
12-15 16:20:15.209  1792  1792 I DEBUG   :     rax 00000000000006f5  rbx 00007f37cf02e2c0  rcx 5093baf75545959a  rdx 5093baf75545959a
12-15 16:20:15.209  1792  1792 E DEBUG   : AM write failure (32 / Broken pipe)
12-15 16:20:15.209  1792  1792 I DEBUG   :     rsi 00007f37cf02e2c0  rdi 44870000cf02e280
12-15 16:20:15.209  1792  1792 I DEBUG   :     r8  0000000000000000  r9  0000000000000028  r10 0000000000000000  r11 0000000000000246
12-15 16:20:15.209  1792  1792 I DEBUG   :     r12 00007f37cf6f0cd8  r13 00007f37cf6f1924  r14 00007f37cf665d40  r15 00000000ffffffff
12-15 16:20:15.209  1792  1792 I DEBUG   :     cs  0000000000000033  ss  000000000000002b
12-15 16:20:15.209  1792  1792 I DEBUG   :     rip 00007f37cedc5112  rbp 00000000000006f5  rsp 00007ffc45650530  eflags 0000000000010202
12-15 16:20:15.209  1792  1792 I DEBUG   : 
12-15 16:20:15.209  1792  1792 I DEBUG   : backtrace:
12-15 16:20:15.209  1792  1792 I DEBUG   :     #00 pc 0000000000003112  /system/lib64/libgralloc_drm.so (gralloc_drm_handle_unregister+98)
12-15 16:20:15.209  1792  1792 I DEBUG   :     #01 pc 000000000000acb6  /system/lib64/libui.so (android::GraphicBufferMapper::unregisterBuffer(native_handle const*)+38)
12-15 16:20:15.209  1792  1792 I DEBUG   :     #02 pc 000000000000930f  /system/lib64/libui.so (android::GraphicBuffer::free_handle()+143)
12-15 16:20:15.209  1792  1792 I DEBUG   :     #03 pc 000000000000936d  /system/lib64/libui.so (android::GraphicBuffer::~GraphicBuffer()+29)
12-15 16:20:15.209  1792  1792 I DEBUG   :     #04 pc 00000000000093a8  /system/lib64/libui.so (android::GraphicBuffer::~GraphicBuffer()+8)
12-15 16:20:15.209  1792  1792 I DEBUG   :     #05 pc 0000000000015261  /system/lib64/libutils.so (android::RefBase::decStrong(void const*) const+129)
12-15 16:20:15.209  1792  1792 I DEBUG   :     #06 pc 000000000005f8e7  /system/lib64/libgui.so (android::Surface::freeAllBuffers()+39)
12-15 16:20:15.209  1792  1792 I DEBUG   :     #07 pc 0000000000060130  /system/lib64/libgui.so (android::Surface::dispatchDisconnect(__va_list_tag*)+96)
12-15 16:20:15.209  1792  1792 I DEBUG   :     #08 pc 00000000000604c1  /system/lib64/libgui.so (android::Surface::hook_perform(ANativeWindow*, int, ...)+305)
12-15 16:20:15.209  1792  1792 I DEBUG   :     #09 pc 00000000000345f1  /system/lib64/libsurfaceflinger.so
12-15 16:20:15.209  1792  1792 I DEBUG   :     #10 pc 00000000000364a1  /system/lib64/libsurfaceflinger.so
12-15 16:20:15.209  1792  1792 I DEBUG   :     #11 pc 0000000000028d5c  /system/lib64/libsurfaceflinger.so
12-15 16:20:15.209  1792  1792 I DEBUG   :     #12 pc 000000000001c6ee  /system/lib64/libutils.so (android::Looper::pollInner(int)+334)
12-15 16:20:15.209  1792  1792 I DEBUG   :     #13 pc 000000000001ca0d  /system/lib64/libutils.so (android::Looper::pollOnce(int, int*, int*, void**)+61)
12-15 16:20:15.209  1792  1792 I DEBUG   :     #14 pc 0000000000029321  /system/lib64/libsurfaceflinger.so
12-15 16:20:15.209  1792  1792 I DEBUG   :     #15 pc 000000000002c8b7  /system/lib64/libsurfaceflinger.so (android::SurfaceFlinger::run()+23)
12-15 16:20:15.209  1792  1792 I DEBUG   :     #16 pc 0000000000001066  /system/bin/surfaceflinger
12-15 16:20:15.209  1792  1792 I DEBUG   :     #17 pc 000000000001a6bc  /system/lib64/libc.so (__libc_init+92)
12-15 16:20:15.209  1792  1792 I DEBUG   :     #18 pc 0000000000001151  /system/bin/surfaceflinger
12-15 16:20:15.209  1792  1792 I DEBUG   :     #19 pc 0000000000000000  <unknown>
12-15 16:20:15.220  1792  1792 I DEBUG   : 
12-15 16:20:15.220  1792  1792 I DEBUG   : Tombstone written to: /data/tombstones/tombstone_09
12-15 16:20:15.220  2061  2087 I BootReceiver: Copying /data/tombstones/tombstone_09 to DropBox (SYSTEM_TOMBSTONE)
12-15 16:20:15.226  3656  3656 I Netd    : Netd 1.0 starting
12-15 16:20:15.226  3656  3656 E Netd    : Failed to open /proc/sys/net/ipv6/conf/default/accept_ra_rt_table: No such file or directory
12-15 16:20:15.226  3656  3656 E Netd    : Failed to open /proc/sys/net/ipv6/conf/eth0/accept_ra_rt_table: No such file or directory
12-15 16:20:15.226  3656  3656 E Netd    : Failed to open /proc/sys/net/ipv6/conf/ip6tnl0/accept_ra_rt_table: No such file or directory
12-15 16:20:15.226  3656  3656 E Netd    : Failed to open /proc/sys/net/ipv6/conf/lo/accept_ra_rt_table: No such file or directory
12-15 16:20:15.226  3656  3656 E Netd    : Failed to open /proc/sys/net/ipv6/conf/sit0/accept_ra_rt_table: No such file or directory
12-15 16:20:15.226  3656  3656 E Netd    : Failed to open /proc/sys/net/ipv6/conf/wlan0/accept_ra_rt_table: No such file or directory
12-15 16:20:15.240  3654  3654 I SurfaceFlinger: SurfaceFlinger is starting
12-15 16:20:15.240  3654  3654 I SurfaceFlinger: SurfaceFlinger's main thread ready to run. Initializing graphics H/W...
12-15 16:20:15.241  3654  3654 D libEGL  : loaded /system/lib64/egl/libGLES_mesa.so
12-15 16:20:15.259  3655  3655 D AndroidRuntime: >>>>>> START com.android.internal.os.ZygoteInit uid 0 <<<<<<
12-15 16:20:15.259  3655  3655 D AndroidRuntime: CheckJNI is OFF
12-15 16:20:15.259  3655  3655 I art     : option[0]=-Xzygote
12-15 16:20:15.259  3655  3655 I art     : option[1]=-Xstacktracefile:/data/anr/traces.txt
12-15 16:20:15.259  3655  3655 I art     : option[2]=exit
12-15 16:20:15.259  3655  3655 I art     : option[3]=vfprintf
12-15 16:20:15.259  3655  3655 I art     : option[4]=sensitiveThread
12-15 16:20:15.259  3655  3655 I art     : option[5]=-verbose:gc
12-15 16:20:15.259  3655  3655 I art     : option[6]=-Xms16m
12-15 16:20:15.259  3655  3655 I art     : option[7]=-Xmx512m
12-15 16:20:15.259  3655  3655 I art     : option[8]=-XX:mainThreadStackSize=24K
12-15 16:20:15.259  3655  3655 I art     : option[9]=-XX:HeapGrowthLimit=192m
12-15 16:20:15.259  3655  3655 I art     : option[10]=-XX:HeapMinFree=512k
12-15 16:20:15.259  3655  3655 I art     : option[11]=-XX:HeapMaxFree=8m
12-15 16:20:15.259  3655  3655 I art     : option[12]=-XX:HeapTargetUtilization=0.75
12-15 16:20:15.259  3655  3655 I art     : option[13]=-Xgenregmap
12-15 16:20:15.259  3655  3655 I art     : option[14]=-Xgc:precise
12-15 16:20:15.259  3655  3655 I art     : option[15]=-agentlib:jdwp=transport=dt_android_adb,suspend=n,server=y
12-15 16:20:15.259  3655  3655 I art     : option[16]=-Xlockprofthreshold:500
12-15 16:20:15.259  3655  3655 I art     : option[17]=-Ximage-compiler-option
12-15 16:20:15.259  3655  3655 I art     : option[18]=--runtime-arg
12-15 16:20:15.259  3655  3655 I art     : option[19]=-Ximage-compiler-option
12-15 16:20:15.259  3655  3655 I art     : option[20]=-Xms64m
12-15 16:20:15.259  3655  3655 I art     : option[21]=-Ximage-compiler-option
12-15 16:20:15.259  3655  3655 I art     : option[22]=--runtime-arg
12-15 16:20:15.259  3655  3655 I art     : option[23]=-Ximage-compiler-option
12-15 16:20:15.259  3655  3655 I art     : option[24]=-Xmx64m
12-15 16:20:15.259  3655  3655 I art     : option[25]=-Ximage-compiler-option
12-15 16:20:15.259  3655  3655 I art     : option[26]=--image-classes=/system/etc/preloaded-classes
12-15 16:20:15.259  3655  3655 I art     : option[27]=-Xcompiler-option
12-15 16:20:15.259  3655  3655 I art     : option[28]=--runtime-arg
12-15 16:20:15.259  3655  3655 I art     : option[29]=-Xcompiler-option
12-15 16:20:15.259  3655  3655 I art     : option[30]=-Xms64m
12-15 16:20:15.259  3655  3655 I art     : option[31]=-Xcompiler-option
12-15 16:20:15.259  3655  3655 I art     : option[32]=--runtime-arg
12-15 16:20:15.259  3655  3655 I art     : option[33]=-Xcompiler-option
12-15 16:20:15.259  3655  3655 I art     : option[34]=-Xmx512m
12-15 16:20:15.259  3655  3655 I art     : option[35]=-Duser.language=zh
12-15 16:20:15.259  3655  3655 I art     : option[36]=-Duser.region=CN
12-15 16:20:15.259  3655  3655 I art     : option[37]=-XX:NativeBridge=libnb.so
12-15 16:20:15.264  3671  3671 I mediaserver: ServiceManager: 0xf58356a0
12-15 16:20:15.264  3671  3671 I AudioFlinger: Using default 3000 mSec as standby time.
12-15 16:20:15.264  1779  1779 E ServiceManager: add_service('media.audio_flinger',60) uid=1013 - ALREADY REGISTERED, OVERRIDE
12-15 16:20:15.264  1779  1779 I ServiceManager: service 'media.audio_flinger' died
12-15 16:20:15.264  1779  1779 E ServiceManager: add_service('media.player',3) uid=1013 - ALREADY REGISTERED, OVERRIDE
12-15 16:20:15.264  1779  1779 I ServiceManager: service 'media.player' died
12-15 16:20:15.264  3671  3671 I CameraService: CameraService started (pid=3671)
12-15 16:20:15.264  3671  3671 D Camera_Factory: CameraFactory::CameraFactory
12-15 16:20:15.264  3671  3671 D Camera_Factory: CameraFactory::parseConfig: configFile = /etc/camera.cfg
12-15 16:20:15.264  3671  3671 D Camera_Factory: /etc/camera.cfg not found, using camera configuration defaults
12-15 16:20:15.264  3671  3671 I CameraService: Loaded "Camera Module" camera module
12-15 16:20:15.264  3671  3671 D Camera_Factory: CameraFactory::get_number_of_cameras
12-15 16:20:15.264  3671  3671 D Camera_Factory: CameraFactory::getCameraNum: 0
12-15 16:20:15.264  1779  1779 E ServiceManager: add_service('media.camera',b) uid=1013 - ALREADY REGISTERED, OVERRIDE
12-15 16:20:15.264  1779  1779 I ServiceManager: service 'media.camera' died
12-15 16:20:15.264  3671  3671 I AudioPolicyService: AudioPolicyService CSTOR in new mode
12-15 16:20:15.265  3671  3671 I AudioPolicyManager: loadAudioPolicyConfig() loaded /system/etc/audio_policy.conf
12-15 16:20:15.265  1779  1779 I ServiceManager: service 'device_policy' died
12-15 16:20:15.265  1779  1779 I ServiceManager: service 'statusbar' died
12-15 16:20:15.265  1779  1779 I ServiceManager: service 'clipboard' died
12-15 16:20:15.265  1779  1779 I ServiceManager: service 'network_management' died
12-15 16:20:15.265  1779  1779 I ServiceManager: service 'textservices' died
12-15 16:20:15.265  1779  1779 I ServiceManager: service 'network_score' died
12-15 16:20:15.265  1779  1779 I ServiceManager: service 'media_projection' died
12-15 16:20:15.265  1779  1779 I ServiceManager: service 'imms' died
12-15 16:20:15.265  1779  1779 I ServiceManager: service 'netstats' died
12-15 16:20:15.265  1779  1779 I ServiceManager: service 'netpolicy' died
12-15 16:20:15.265  1779  1779 I ServiceManager: service 'sensorservice' died
12-15 16:20:15.265  1779  1779 I ServiceManager: service 'user' died
12-15 16:20:15.265  1779  1779 I ServiceManager: service 'activity' died
12-15 16:20:15.265  1779  1779 I ServiceManager: service 'procstats' died
12-15 16:20:15.265  1779  1779 I ServiceManager: service 'meminfo' died
12-15 16:20:15.265  1779  1779 I ServiceManager: service 'gfxinfo' died
12-15 16:20:15.265  1779  1779 I ServiceManager: service 'dbinfo' died
12-15 16:20:15.265  1779  1779 I ServiceManager: service 'cpuinfo' died
12-15 16:20:15.265  1779  1779 I ServiceManager: service 'permission' died
12-15 16:20:15.265  1779  1779 I ServiceManager: service 'hardware' died
12-15 16:20:15.265  1779  1779 I ServiceManager: service 'battery' died
12-15 16:20:15.265  1779  1779 I ServiceManager: service 'usagestats' died
12-15 16:20:15.265  1779  1779 I ServiceManager: service 'webviewupdate' died
12-15 16:20:15.265  1779  1779 I ServiceManager: service 'scheduling_policy' died
12-15 16:20:15.265  1779  1779 I ServiceManager: service 'telephony.registry' died
12-15 16:20:15.265  1779  1779 I ServiceManager: service 'entropy' died
12-15 16:20:15.265  1779  1779 I ServiceManager: service 'account' died
12-15 16:20:15.265  1779  1779 I ServiceManager: service 'content' died
12-15 16:20:15.265  1779  1779 I ServiceManager: service 'consumer_ir' died
12-15 16:20:15.265  1779  1779 I ServiceManager: service 'vibrator' died
12-15 16:20:15.265  1779  1779 I ServiceManager: service 'alarm' died
12-15 16:20:15.265  1779  1779 I ServiceManager: service 'window' died
12-15 16:20:15.265  1779  1779 I ServiceManager: service 'input' died
12-15 16:20:15.265  1779  1779 I ServiceManager: service 'bluetooth_manager' died
12-15 16:20:15.265  1779  1779 I ServiceManager: service 'wifip2p' died
12-15 16:20:15.265  1779  1779 I ServiceManager: service 'search' died
12-15 16:20:15.265  1779  1779 I ServiceManager: service 'dropbox' died
12-15 16:20:15.265  1779  1779 I ServiceManager: service 'wallpaper' died
12-15 16:20:15.265  1779  1779 I ServiceManager: service 'audio' died
12-15 16:20:15.265  1779  1779 I ServiceManager: service 'DockObserver' died
12-15 16:20:15.265  1779  1779 I ServiceManager: service 'usb' died
12-15 16:20:15.265  1779  1779 I ServiceManager: service 'serial' died
12-15 16:20:15.265  1779  1779 I ServiceManager: service 'uimode' died
12-15 16:20:15.265  1779  1779 I ServiceManager: service 'jobscheduler' died
12-15 16:20:15.265  1779  1779 I ServiceManager: service 'backup' died
12-15 16:20:15.265  1779  1779 I ServiceManager: service 'appwidget' died
12-15 16:20:15.265  1779  1779 I ServiceManager: service 'voiceinteraction' died
12-15 16:20:15.265  1779  1779 I ServiceManager: service 'diskstats' died
12-15 16:20:15.265  1779  1779 I ServiceManager: service 'samplingprofiler' died
12-15 16:20:15.265  1779  1779 I ServiceManager: service 'commontime_management' died
12-15 16:20:15.265  1779  1779 I ServiceManager: service 'dreams' died
12-15 16:20:15.265  1779  1779 I ServiceManager: service 'assetatlas' died
12-15 16:20:15.265  1779  1779 I ServiceManager: service 'print' died
12-15 16:20:15.265  1779  1779 I ServiceManager: service 'restrictions' died
12-15 16:20:15.265  1779  1779 I ServiceManager: service 'media_session' died
12-15 16:20:15.265  1779  1779 I ServiceManager: service 'media_router' died
12-15 16:20:15.265  1779  1779 I ServiceManager: service 'trust' died
12-15 16:20:15.265  1779  1779 I ServiceManager: service 'fingerprint' died
12-15 16:20:15.265  1779  1779 I ServiceManager: service 'launcherapps' died
12-15 16:20:15.265  1779  1779 I ServiceManager: service 'wifi' died
12-15 16:20:15.265  1779  1779 I ServiceManager: service 'rttmanager' died
12-15 16:20:15.265  1779  1779 I ServiceManager: service 'wifiscanner' died
12-15 16:20:15.265  1779  1779 I ServiceManager: service 'ethernet' died
12-15 16:20:15.265  1779  1779 I ServiceManager: service 'connectivity' died
12-15 16:20:15.265  1779  1779 I ServiceManager: service 'servicediscovery' died
12-15 16:20:15.265  1779  1779 I ServiceManager: service 'updatelock' died
12-15 16:20:15.265  1779  1779 I ServiceManager: service 'notification' died
12-15 16:20:15.265  1779  1779 I ServiceManager: service 'devicestoragemonitor' died
12-15 16:20:15.265  1779  1779 I ServiceManager: service 'location' died
12-15 16:20:15.265  1779  1779 I ServiceManager: service 'country_detector' died
12-15 16:20:15.265  1779  1779 I ServiceManager: service 'input_method' died
12-15 16:20:15.265  1779  1779 I ServiceManager: service 'accessibility' died
12-15 16:20:15.265  1779  1779 I ServiceManager: service 'mount' died
12-15 16:20:15.265  1779  1779 I ServiceManager: service 'lock_settings' died
12-15 16:20:15.265  1779  1779 I ServiceManager: service 'package' died
12-15 16:20:15.265  1779  1779 I ServiceManager: service 'batterystats' died
12-15 16:20:15.265  1779  1779 I ServiceManager: service 'appops' died
12-15 16:20:15.265  1779  1779 I ServiceManager: service 'power' died
12-15 16:20:15.265  1779  1779 I ServiceManager: service 'display' died
12-15 16:20:15.265  1779  1779 I ServiceManager: service 'telecom' died
12-15 16:20:15.265  3671  3671 E audio_hw_primary: Failed to open /system/etc/mixer_paths.xml
12-15 16:20:15.265  3671  3671 I AudioFlinger: loadHwModule() Loaded primary audio interface from Grouper audio HW HAL (audio) handle 1
12-15 16:20:15.265  3671  3671 I AudioFlinger: HAL output buffer size 512 frames, normal sink buffer size 1024 frames
12-15 16:20:15.265  3671  3671 I AudioMixer: found effect "Multichannel Downmix To Stereo" from The Android Open Source Project
12-15 16:20:15.266  3671  3671 E MonoPipe: Failed to fetch local time frequency when constructing a MonoPipe (res = -32).  getNextWriteTimestamp calls will be non-functional
12-15 16:20:15.279  1802  1802 E installd: eof
12-15 16:20:15.279  1802  1802 E installd: failed to read size
12-15 16:20:15.279  1802  1802 I installd: closing connection
12-15 16:20:15.280  1778  1778 I lowmemorykiller: ActivityManager disconnected
12-15 16:20:15.280  1778  1778 I lowmemorykiller: Closing Activity Manager data connection
12-15 16:20:15.282  3655  3655 E memtrack: Couldn't load memtrack module (No such file or directory)
12-15 16:20:15.282  3655  3655 E android.os.Debug: failed to load memtrack module: -2
12-15 16:20:15.283  3655  3655 I SamplingProfilerIntegration: Profiling disabled.
12-15 16:20:15.283  3655  3655 D Zygote  : begin preload
12-15 16:20:15.283  3655  3655 I Zygote  : Preloading classes...
12-15 16:20:15.284  3655  3655 I art     : Explicit concurrent mark sweep GC freed 797(36KB) AllocSpace objects, 0(0B) LOS objects, 95% free, 47KB/1071KB, paused 23us total 1.098ms
12-15 16:20:15.284  3655  3655 I art     : Counter: 1
12-15 16:20:15.286  3655  3655 I art     : Explicit concurrent mark sweep GC freed 553(33KB) AllocSpace objects, 0(0B) LOS objects, 93% free, 67KB/1091KB, paused 14us total 854us
12-15 16:20:15.290  3655  3655 I art     : Explicit concurrent mark sweep GC freed 645(41KB) AllocSpace objects, 0(0B) LOS objects, 93% free, 75KB/1099KB, paused 14us total 943us
12-15 16:20:15.302  3655  3655 I art     : Explicit concurrent mark sweep GC freed 415(24KB) AllocSpace objects, 0(0B) LOS objects, 89% free, 115KB/1139KB, paused 13us total 808us
