W/System.err( 2568): 	at java.util.concurrent.ScheduledThreadPoolExecutor$ScheduledFutureTask.access$201(ScheduledThreadPoolExecutor.java:152)
W/System.err( 2568): 	at java.util.concurrent.ScheduledThreadPoolExecutor$ScheduledFutureTask.run(ScheduledThreadPoolExecutor.java:265)
W/System.err( 2568): 	at java.util.concurrent.ThreadPoolExecutor.runWorker(ThreadPoolExecutor.java:1112)
W/System.err( 2568): 	at java.util.concurrent.ThreadPoolExecutor$Worker.run(ThreadPoolExecutor.java:587)
W/System.err( 2568): 	at java.lang.Thread.run(Thread.java:818)
W/System.err( 2568): com.wenming.library.processutil.models.AndroidAppProcess$NotAndroidAppProcessException: The process 10888 does not belong to any application
W/System.err( 2568): 	at com.wenming.library.processutil.models.AndroidAppProcess.<init>(AndroidAppProcess.java:83)
W/System.err( 2568): 	at org.openthos.taskmanager.prevent.framework.SystemHook.doKillNoFather(SystemHook.java:390)
W/System.err( 2568): 	at org.openthos.taskmanager.prevent.framework.SystemHook.access$400(SystemHook.java:53)
W/System.err( 2568): 	at org.openthos.taskmanager.prevent.framework.SystemHook$4.run(SystemHook.java:374)
W/System.err( 2568): 	at java.util.concurrent.Executors$RunnableAdapter.call(Executors.java:422)
W/System.err( 2568): 	at java.util.concurrent.FutureTask.run(FutureTask.java:237)
W/System.err( 2568): 	at java.util.concurrent.ScheduledThreadPoolExecutor$ScheduledFutureTask.access$201(ScheduledThreadPoolExecutor.java:152)
W/System.err( 2568): 	at java.util.concurrent.ScheduledThreadPoolExecutor$ScheduledFutureTask.run(ScheduledThreadPoolExecutor.java:265)
W/System.err( 2568): 	at java.util.concurrent.ThreadPoolExecutor.runWorker(ThreadPoolExecutor.java:1112)
W/System.err( 2568): 	at java.util.concurrent.ThreadPoolExecutor$Worker.run(ThreadPoolExecutor.java:587)
W/System.err( 2568): 	at java.lang.Thread.run(Thread.java:818)
W/System.err( 2568): com.wenming.library.processutil.models.AndroidAppProcess$NotAndroidAppProcessException: The process 10916 does not belong to any application
W/System.err( 2568): 	at com.wenming.library.processutil.models.AndroidAppProcess.<init>(AndroidAppProcess.java:83)
W/System.err( 2568): 	at org.openthos.taskmanager.prevent.framework.SystemHook.doKillNoFather(SystemHook.java:390)
W/System.err( 2568): 	at org.openthos.taskmanager.prevent.framework.SystemHook.access$400(SystemHook.java:53)
W/System.err( 2568): 	at org.openthos.taskmanager.prevent.framework.SystemHook$4.run(SystemHook.java:374)
W/System.err( 2568): 	at java.util.concurrent.Executors$RunnableAdapter.call(Executors.java:422)
W/System.err( 2568): 	at java.util.concurrent.FutureTask.run(FutureTask.java:237)
W/System.err( 2568): 	at java.util.concurrent.ScheduledThreadPoolExecutor$ScheduledFutureTask.access$201(ScheduledThreadPoolExecutor.java:152)
W/System.err( 2568): 	at java.util.concurrent.ScheduledThreadPoolExecutor$ScheduledFutureTask.run(ScheduledThreadPoolExecutor.java:265)
W/System.err( 2568): 	at java.util.concurrent.ThreadPoolExecutor.runWorker(ThreadPoolExecutor.java:1112)
W/System.err( 2568): 	at java.util.concurrent.ThreadPoolExecutor$Worker.run(ThreadPoolExecutor.java:587)
W/System.err( 2568): 	at java.lang.Thread.run(Thread.java:818)
W/System.err( 2568): com.wenming.library.processutil.models.AndroidAppProcess$NotAndroidAppProcessException: The process 11415 does not belong to any application
W/System.err( 2568): 	at com.wenming.library.processutil.models.AndroidAppProcess.<init>(AndroidAppProcess.java:83)
W/System.err( 2568): 	at org.openthos.taskmanager.prevent.framework.SystemHook.doKillNoFather(SystemHook.java:390)
W/System.err( 2568): 	at org.openthos.taskmanager.prevent.framework.SystemHook.access$400(SystemHook.java:53)
W/System.err( 2568): 	at org.openthos.taskmanager.prevent.framework.SystemHook$4.run(SystemHook.java:374)
W/System.err( 2568): 	at java.util.concurrent.Executors$RunnableAdapter.call(Executors.java:422)
W/System.err( 2568): 	at java.util.concurrent.FutureTask.run(FutureTask.java:237)
W/System.err( 2568): 	at java.util.concurrent.ScheduledThreadPoolExecutor$ScheduledFutureTask.access$201(ScheduledThreadPoolExecutor.java:152)
W/System.err( 2568): 	at java.util.concurrent.ScheduledThreadPoolExecutor$ScheduledFutureTask.run(ScheduledThreadPoolExecutor.java:265)
W/System.err( 2568): 	at java.util.concurrent.ThreadPoolExecutor.runWorker(ThreadPoolExecutor.java:1112)
W/System.err( 2568): 	at java.util.concurrent.ThreadPoolExecutor$Worker.run(ThreadPoolExecutor.java:587)
W/System.err( 2568): 	at java.lang.Thread.run(Thread.java:818)
W/System.err( 2568): com.wenming.library.processutil.models.AndroidAppProcess$NotAndroidAppProcessException: The process 11441 does not belong to any application
W/System.err( 2568): 	at com.wenming.library.processutil.models.AndroidAppProcess.<init>(AndroidAppProcess.java:83)
W/System.err( 2568): 	at org.openthos.taskmanager.prevent.framework.SystemHook.doKillNoFather(SystemHook.java:390)
W/System.err( 2568): 	at org.openthos.taskmanager.prevent.framework.SystemHook.access$400(SystemHook.java:53)
W/System.err( 2568): 	at org.openthos.taskmanager.prevent.framework.SystemHook$4.run(SystemHook.java:374)
W/System.err( 2568): 	at java.util.concurrent.Executors$RunnableAdapter.call(Executors.java:422)
W/System.err( 2568): 	at java.util.concurrent.FutureTask.run(FutureTask.java:237)
W/System.err( 2568): 	at java.util.concurrent.ScheduledThreadPoolExecutor$ScheduledFutureTask.access$201(ScheduledThreadPoolExecutor.java:152)
W/System.err( 2568): 	at java.util.concurrent.ScheduledThreadPoolExecutor$ScheduledFutureTask.run(ScheduledThreadPoolExecutor.java:265)
W/System.err( 2568): 	at java.util.concurrent.ThreadPoolExecutor.runWorker(ThreadPoolExecutor.java:1112)
W/System.err( 2568): 	at java.util.concurrent.ThreadPoolExecutor$Worker.run(ThreadPoolExecutor.java:587)
W/System.err( 2568): 	at java.lang.Thread.run(Thread.java:818)
W/System.err( 2568): com.wenming.library.processutil.models.AndroidAppProcess$NotAndroidAppProcessException: The process 11442 does not belong to any application
W/System.err( 2568): 	at com.wenming.library.processutil.models.AndroidAppProcess.<init>(AndroidAppProcess.java:83)
W/System.err( 2568): 	at org.openthos.taskmanager.prevent.framework.SystemHook.doKillNoFather(SystemHook.java:390)
W/System.err( 2568): 	at org.openthos.taskmanager.prevent.framework.SystemHook.access$400(SystemHook.java:53)
W/System.err( 2568): 	at org.openthos.taskmanager.prevent.framework.SystemHook$4.run(SystemHook.java:374)
W/System.err( 2568): 	at java.util.concurrent.Executors$RunnableAdapter.call(Executors.java:422)
W/System.err( 2568): 	at java.util.concurrent.FutureTask.run(FutureTask.java:237)
W/System.err( 2568): 	at java.util.concurrent.ScheduledThreadPoolExecutor$ScheduledFutureTask.access$201(ScheduledThreadPoolExecutor.java:152)
W/System.err( 2568): 	at java.util.concurrent.ScheduledThreadPoolExecutor$ScheduledFutureTask.run(ScheduledThreadPoolExecutor.java:265)
W/System.err( 2568): 	at java.util.concurrent.ThreadPoolExecutor.runWorker(ThreadPoolExecutor.java:1112)
W/System.err( 2568): 	at java.util.concurrent.ThreadPoolExecutor$Worker.run(ThreadPoolExecutor.java:587)
W/System.err( 2568): 	at java.lang.Thread.run(Thread.java:818)
W/System.err( 2568): com.wenming.library.processutil.models.AndroidAppProcess$NotAndroidAppProcessException: The process 11445 does not belong to any application
W/System.err( 2568): 	at com.wenming.library.processutil.models.AndroidAppProcess.<init>(AndroidAppProcess.java:83)
W/System.err( 2568): 	at org.openthos.taskmanager.prevent.framework.SystemHook.doKillNoFather(SystemHook.java:390)
W/System.err( 2568): 	at org.openthos.taskmanager.prevent.framework.SystemHook.access$400(SystemHook.java:53)
W/System.err( 2568): 	at org.openthos.taskmanager.prevent.framework.SystemHook$4.run(SystemHook.java:374)
W/System.err( 2568): 	at java.util.concurrent.Executors$RunnableAdapter.call(Executors.java:422)
W/System.err( 2568): 	at java.util.concurrent.FutureTask.run(FutureTask.java:237)
W/System.err( 2568): 	at java.util.concurrent.ScheduledThreadPoolExecutor$ScheduledFutureTask.access$201(ScheduledThreadPoolExecutor.java:152)
W/System.err( 2568): 	at java.util.concurrent.ScheduledThreadPoolExecutor$ScheduledFutureTask.run(ScheduledThreadPoolExecutor.java:265)
W/System.err( 2568): 	at java.util.concurrent.ThreadPoolExecutor.runWorker(ThreadPoolExecutor.java:1112)
W/System.err( 2568): 	at java.util.concurrent.ThreadPoolExecutor$Worker.run(ThreadPoolExecutor.java:587)
W/System.err( 2568): 	at java.lang.Thread.run(Thread.java:818)
W/System.err( 2568): com.wenming.library.processutil.models.AndroidAppProcess$NotAndroidAppProcessException: The process 11447 does not belong to any application
W/System.err( 2568): 	at com.wenming.library.processutil.models.AndroidAppProcess.<init>(AndroidAppProcess.java:83)
W/System.err( 2568): 	at org.openthos.taskmanager.prevent.framework.SystemHook.doKillNoFather(SystemHook.java:390)
W/System.err( 2568): 	at org.openthos.taskmanager.prevent.framework.SystemHook.access$400(SystemHook.java:53)
W/System.err( 2568): 	at org.openthos.taskmanager.prevent.framework.SystemHook$4.run(SystemHook.java:374)
W/System.err( 2568): 	at java.util.concurrent.Executors$RunnableAdapter.call(Executors.java:422)
W/System.err( 2568): 	at java.util.concurrent.FutureTask.run(FutureTask.java:237)
W/System.err( 2568): 	at java.util.concurrent.ScheduledThreadPoolExecutor$ScheduledFutureTask.access$201(ScheduledThreadPoolExecutor.java:152)
W/System.err( 2568): 	at java.util.concurrent.ScheduledThreadPoolExecutor$ScheduledFutureTask.run(ScheduledThreadPoolExecutor.java:265)
W/System.err( 2568): 	at java.util.concurrent.ThreadPoolExecutor.runWorker(ThreadPoolExecutor.java:1112)
W/System.err( 2568): 	at java.util.concurrent.ThreadPoolExecutor$Worker.run(ThreadPoolExecutor.java:587)
W/System.err( 2568): 	at java.lang.Thread.run(Thread.java:818)
W/System.err( 2568): com.wenming.library.processutil.models.AndroidAppProcess$NotAndroidAppProcessException: The process 11448 does not belong to any application
W/System.err( 2568): 	at com.wenming.library.processutil.models.AndroidAppProcess.<init>(AndroidAppProcess.java:83)
W/System.err( 2568): 	at org.openthos.taskmanager.prevent.framework.SystemHook.doKillNoFather(SystemHook.java:390)
W/System.err( 2568): 	at org.openthos.taskmanager.prevent.framework.SystemHook.access$400(SystemHook.java:53)
W/System.err( 2568): 	at org.openthos.taskmanager.prevent.framework.SystemHook$4.run(SystemHook.java:374)
W/System.err( 2568): 	at java.util.concurrent.Executors$RunnableAdapter.call(Executors.java:422)
W/System.err( 2568): 	at java.util.concurrent.FutureTask.run(FutureTask.java:237)
W/System.err( 2568): 	at java.util.concurrent.ScheduledThreadPoolExecutor$ScheduledFutureTask.access$201(ScheduledThreadPoolExecutor.java:152)
W/System.err( 2568): 	at java.util.concurrent.ScheduledThreadPoolExecutor$ScheduledFutureTask.run(ScheduledThreadPoolExecutor.java:265)
W/System.err( 2568): 	at java.util.concurrent.ThreadPoolExecutor.runWorker(ThreadPoolExecutor.java:1112)
W/System.err( 2568): 	at java.util.concurrent.ThreadPoolExecutor$Worker.run(ThreadPoolExecutor.java:587)
W/System.err( 2568): 	at java.lang.Thread.run(Thread.java:818)
D/TaskPersister( 2568): removeObsoleteFile: deleting file=7_task_thumbnail.png
D/Prevent ( 2568): checking services, packages: [], whitelist: []
V/Prevent ( 2568): services size: 24
V/Prevent ( 2568): prevents: false, name: org.openthos.seafile, count: 1, label: 0, uid: 10007, pid: 4116, process: org.openthos.seafile, flags: 1
V/Prevent ( 2568): prevents: false, name: com.google.android.gms, count: 0, label: 0, uid: 10010, pid: 4012, process: com.google.process.gapps, flags: 1
V/Prevent ( 2568): prevents: false, name: com.google.android.gms, count: 0, label: 0, uid: 10010, pid: 4246, process: com.google.android.gms, flags: 1
V/Prevent ( 2568): prevents: false, name: org.openthos.seafile, count: 0, label: 0, uid: 10007, pid: 4116, process: org.openthos.seafile, flags: 1
V/Prevent ( 2568): prevents: false, name: com.android.systemui, count: 0, label: 0, uid: 10011, pid: 3676, process: com.android.systemui, flags: 9
V/Prevent ( 2568): prevents: false, name: com.google.android.gms, count: 0, label: 0, uid: 10010, pid: 3748, process: com.google.android.gms.persistent, flags: 1
V/Prevent ( 2568): prevents: false, name: com.google.android.gms, count: 2, label: 0, uid: 10010, pid: 3748, process: com.google.android.gms.persistent, flags: 1
V/Prevent ( 2568): prevents: false, name: com.termux, count: 1, label: 0, uid: 10001, pid: 11376, process: com.termux, flags: 1
V/Prevent ( 2568): prevents: false, name: com.google.android.gms, count: 0, label: 0, uid: 10010, pid: 3748, process: com.google.android.gms.persistent, flags: 1
V/Prevent ( 2568): prevents: false, name: org.openthos.privacyman, count: 0, label: 0, uid: 10041, pid: 11189, process: org.openthos.privacyman, flags: 1
V/Prevent ( 2568): prevents: false, name: com.google.android.gms, count: 0, label: 0, uid: 10010, pid: 3748, process: com.google.android.gms.persistent, flags: 1
V/Prevent ( 2568): complete checking running service
W/ActivityManager( 2568): Launch timeout has expired, giving up wake lock!
W/AndroidIME( 3728): ajy: Upgrade from old InputMethodSubtype: AsciiCapable,EmojiCapable to new InputMethodSubtype: AsciiCapable,EmojiCapable
E/AndroidIME( 3728): com.google.android.apps.inputmethod.libs.hmm.DictionaryAccessor: error deleting file: /data/data/com.google.android.inputmethod.pinyin/files/contacts_dict_3_3_bak
E/AndroidIME( 3728): com.google.android.apps.inputmethod.libs.hmm.DictionaryAccessor: error deleting file: /data/data/com.google.android.inputmethod.pinyin/files/contacts_dict_3_3_english_bak
I/ExcludingStoppedHook( 2568): actioncom.google.android.intent.action.GCM_RECONNECT
I/ExcludingStoppedHook( 2568): actioncom.android.server.NetworkTimeUpdateService.action.POLL
E/GCM     ( 4012): Missing checkin config file
W/GCM     ( 4012): GCM FAILED TO INITIALIZE - missing checkin
W/auditd  ( 2252): type=2000 audit(0.0:1): state=initialized audit_enabled=0 res=1
I/installd(    0): installd firing up
E/cutils  (    0): Failed to read /data/.layout_version: No such file or directory
E/cutils  (    0): Failed to read /data/.layout_version: No such file or directory
E/sdcard  (    0): installd fs upgrade not yet complete. Waiting...
D/installd(    0): Upgrading /data/media for multi-user
D/installd(    0): Upgrading to shared /data/media/obb
D/installd(    0): Upgrading to /data/misc/user directories
I/        (    0): debuggerd: Sep 20 2018 01:32:38
I/Netd    ( 2260): Netd 1.0 starting
E/Netd    ( 2260): Failed to open /proc/sys/net/ipv6/conf/default/accept_ra_rt_table: No such file or directory
E/Netd    ( 2260): Failed to open /proc/sys/net/ipv6/conf/eth0/accept_ra_rt_table: No such file or directory
E/Netd    ( 2260): Failed to open /proc/sys/net/ipv6/conf/ip6tnl0/accept_ra_rt_table: No such file or directory
E/Netd    ( 2260): Failed to open /proc/sys/net/ipv6/conf/lo/accept_ra_rt_table: No such file or directory
E/Netd    ( 2260): Failed to open /proc/sys/net/ipv6/conf/sit0/accept_ra_rt_table: No such file or directory
E/Netd    ( 2260): Failed to open /proc/sys/net/ipv6/conf/wlan0/accept_ra_rt_table: No such file or directory
I/lowmemorykiller( 2254): No kernel memory.pressure_level support (errno=2)
E/lowmemorykiller( 2254): Kernel does not support memory pressure events or in-kernel low memory killer
I/Vold    ( 2256): Vold 2.1 (the revenge) firing up
E/DirectVolume( 2256): Vold managed volumes must have auto mount point; ignoring /storage/usb0
D/Vold    ( 2256): Volume usb0 state changing -1 (Initializing) -> 0 (No-Media)
E/DirectVolume( 2256): Vold managed volumes must have auto mount point; ignoring /storage/usb1
D/Vold    ( 2256): Volume usb1 state changing -1 (Initializing) -> 0 (No-Media)
E/DirectVolume( 2256): Vold managed volumes must have auto mount point; ignoring /storage/usb2
D/Vold    ( 2256): Volume usb2 state changing -1 (Initializing) -> 0 (No-Media)
E/DirectVolume( 2256): Vold managed volumes must have auto mount point; ignoring /storage/usb3
D/Vold    ( 2256): Volume usb3 state changing -1 (Initializing) -> 0 (No-Media)
I/houdini ( 2283): houdini enabled 
I/keystore( 2267): SELinux: Keystore SELinux is disabled.
I/powerbtn( 2270): open event1(Power Button) ok
I/houdini ( 2286): houdini64 enabled 
I/SurfaceFlinger( 2257): SurfaceFlinger is starting
I/SurfaceFlinger( 2257): SurfaceFlinger's main thread ready to run. Initializing graphics H/W...
I/        ( 2261): debuggerd: Sep 20 2018 01:32:38
D/libEGL  ( 2257): loaded /vendor/lib64/egl/libGLES_mesa.so
D/GRALLOC-DRM( 2257): drmOpen i915: 11
I/GRALLOC-DRM( 2257): create intel for driver i915
I/EGL-MAIN( 2257): found extension DRI_Core version 2
I/EGL-MAIN( 2257): found extension DRI_DRI2 version 4
I/EGL-MAIN( 2257): found extension DRI_TexBuffer version 3
I/EGL-MAIN( 2257): found extension DRI2_Flush version 4
I/EGL-MAIN( 2257): found extension DRI_IMAGE version 16
I/EGL-MAIN( 2257): found extension DRI2_Fence version 2
I/EGL-MAIN( 2257): found extension DRI_IMAGE version 16
I/EGL-MAIN( 2257): found extension DRI_RENDERER_QUERY version 1
I/EGL-MAIN( 2257): found extension DRI_CONFIG_QUERY version 1
I/EGL-MAIN( 2257): found extension DRI_Robustness version 1
I/EGL-MAIN( 2257): found extension DRI_NoError version 1
I/EGL-MAIN( 2257): found extension DRI2_Blob version 1
D/GRALLOC-KMS( 2257): supported drm planes and formats
D/GRALLOC-KMS( 2257): plane id 33
D/GRALLOC-KMS( 2257):     format RG16
D/GRALLOC-KMS( 2257):     format AB24
D/GRALLOC-KMS( 2257):     format AR24
D/GRALLOC-KMS( 2257):     format XB24
D/GRALLOC-KMS( 2257):     format XR24
D/GRALLOC-KMS( 2257):     format YUYV
D/GRALLOC-KMS( 2257):     format YVYU
D/GRALLOC-KMS( 2257):     format UYVY
D/GRALLOC-KMS( 2257):     format VYUY
D/GRALLOC-KMS( 2257): plane id 47
D/GRALLOC-KMS( 2257):     format RG16
D/GRALLOC-KMS( 2257):     format AB24
D/GRALLOC-KMS( 2257):     format AR24
D/GRALLOC-KMS( 2257):     format XB24
D/GRALLOC-KMS( 2257):     format XR24
D/GRALLOC-KMS( 2257):     format YUYV
D/GRALLOC-KMS( 2257):     format YVYU
D/GRALLOC-KMS( 2257):     format UYVY
D/GRALLOC-KMS( 2257):     format VYUY
D/GRALLOC-KMS( 2257): plane id 61
D/GRALLOC-KMS( 2257):     format RG16
D/GRALLOC-KMS( 2257):     format AB24
D/GRALLOC-KMS( 2257):     format AR24
D/GRALLOC-KMS( 2257):     format XB24
D/GRALLOC-KMS( 2257):     format XR24
D/GRALLOC-KMS( 2257):     format YUYV
D/GRALLOC-KMS( 2257):     format YVYU
D/GRALLOC-KMS( 2257):     format UYVY
D/GRALLOC-KMS( 2257):     format VYUY
V/MediaUtils( 2265): physMem: 3992494080
V/MediaUtils( 2265): requested limit: 2595121100
V/MediaUtils( 2265): actual limit: 2595121100
V/MediaUtils( 2265): original limits: 4294967295/4294967295
V/MediaUtils( 2265): new limits: 2595121100/4294967295
I/mediaserver( 2265): ServiceManager: 0xf6035620
I/AudioFlinger( 2265): Using default 3000 mSec as standby time.
I/ServiceManager( 2265): Waiting for service batterystats...
V/NatController( 2260): runCmd(/system/bin/iptables -F natctrl_FORWARD) res=0
V/NatController( 2260): runCmd(/system/bin/iptables -A natctrl_FORWARD -j DROP) res=0
V/NatController( 2260): runCmd(/system/bin/iptables -t nat -F natctrl_nat_POSTROUTING) res=0
V/NatController( 2260): runCmd(/system/bin/iptables -F natctrl_tether_counters) res=1
V/NatController( 2260): runCmd(/system/bin/iptables -X natctrl_tether_counters) res=1
V/NatController( 2260): runCmd(/system/bin/iptables -N natctrl_tether_counters) res=0
V/NatController( 2260): runCmd(/system/bin/iptables -t mangle -A natctrl_mangle_FORWARD -p tcp --tcp-flags SYN SYN -j TCPMSS --clamp-mss-to-pmtu) res=0
I/GRALLOC-KMS( 2257): Try to find the first connected connector
I/GRALLOC-KMS( 2257): there is one mode on connector 0x71: 1920x1080
I/GRALLOC-KMS( 2257): Established mode:
I/GRALLOC-KMS( 2257): clock: 150000, hdisplay: 1920, hsync_start: 2008, hsync_end: 2052, htotal: 2222, hskew: 0
I/GRALLOC-KMS( 2257): vdisplay: 1080, vsync_start: 1084, vsync_end: 1089, vtotal: 1126, vscan: 0, vrefresh: 60
I/GRALLOC-KMS( 2257): flags: 6, type: 72, name 1920x1080
I/GRALLOC-KMS( 2257): the best mode is 1920x1080
I/iptables( 2260): iptables: Invalid argument. Run `dmesg' for more information.
I/iptables( 2260): iptables terminated by exit(1)
E/BandwidthController( 2260): runIptablesCmd(): res=1 status=256 failed /system/bin/iptables -A bw_INPUT -m owner --socket-exists
I/ip6tables( 2260): ip6tables: Invalid argument. Run `dmesg' for more information.
I/ip6tables( 2260): ip6tables terminated by exit(1)
E/BandwidthController( 2260): runIptablesCmd(): res=1 status=256 failed /system/bin/ip6tables -A bw_INPUT -m owner --socket-exists
E/ProbeModule( 2493): insmod_by_dep: cannot load module: [net-pf-16-proto-5]
E/Netd    ( 2260): Unable to create netlink socket: Protocol not supported
E/Netd    ( 2260): Unable to open quota2 logging socket
D/MDnsDS  ( 2260): MDnsSdListener::Hander starting up
D/MDnsDS  ( 2260): MDnsSdListener starting to monitor
D/MDnsDS  ( 2260): Going to poll with pollCount 1
I/GRALLOC-KMS( 2257): there are 35 modes on connector 0x4e, type 11
I/GRALLOC-KMS( 2257):   1920x1080
I/GRALLOC-KMS( 2257):   1920x1080
I/GRALLOC-KMS( 2257):   1920x1080
I/GRALLOC-KMS( 2257):   1920x1080i
I/GRALLOC-KMS( 2257):   1920x1080i
I/GRALLOC-KMS( 2257):   1600x1200
I/GRALLOC-KMS( 2257):   1680x1050
I/GRALLOC-KMS( 2257):   1400x1050
I/GRALLOC-KMS( 2257):   1280x1024
I/GRALLOC-KMS( 2257):   1280x1024
I/GRALLOC-KMS( 2257):   1440x900
I/GRALLOC-KMS( 2257):   1280x960
I/GRALLOC-KMS( 2257):   1152x864
I/GRALLOC-KMS( 2257):   1280x720
I/GRALLOC-KMS( 2257):   1280x720
I/GRALLOC-KMS( 2257):   1024x768
I/GRALLOC-KMS( 2257):   1024x768
I/GRALLOC-KMS( 2257):   1024x768
I/GRALLOC-KMS( 2257):   1440x480
I/GRALLOC-KMS( 2257):   1440x480
I/GRALLOC-KMS( 2257):   832x624
I/GRALLOC-KMS( 2257):   800x600
I/GRALLOC-KMS( 2257):   800x600
I/GRALLOC-KMS( 2257):   800x600
I/GRALLOC-KMS( 2257):   800x600
D/XposedStartupMarker( 2268): Current time: 1543404443, PID: 2268
I/GRALLOC-KMS( 2257):   720x480
I/GRALLOC-KMS( 2257):   720x480
I/GRALLOC-KMS( 2257):   720x480i
I/GRALLOC-KMS( 2257):   720x480i
I/Xposed  ( 2268): -----------------
I/GRALLOC-KMS( 2257):   640x480
I/GRALLOC-KMS( 2257):   640x480
I/Xposed  ( 2268): Starting Xposed version 89 (OPENTHOS), compiled for SDK 22
I/GRALLOC-KMS( 2257):   640x480
I/GRALLOC-KMS( 2257):   640x480
I/Xposed  ( 2268): Device: B360-AIO (TSINGHUA TONGFANG COMPUTER), Android version 5.1.1 (SDK 22)
I/GRALLOC-KMS( 2257):   640x480
I/Xposed  ( 2268): ROM: LMY49M test-keys
I/GRALLOC-KMS( 2257):   720x400
I/Xposed  ( 2268): Build fingerprint: Android-x86/android_x86_64/x86_64:5.1.1/LMY49M/09200130:user/test-keys
I/Xposed  ( 2268): Platform: x86_64, 64-bit binary, system server: yes
I/Xposed  ( 2268): SELinux enabled: no, enforcing: no
I/GRALLOC-KMS( 2257): will use 1920x1080@60Hz
I/GRALLOC-KMS( 2257): Established mode:
I/GRALLOC-KMS( 2257): clock: 173000, hdisplay: 1920, hsync_start: 2040, hsync_end: 2248, htotal: 2576, hskew: 0
I/GRALLOC-KMS( 2257): vdisplay: 1080, vsync_start: 1081, vsync_end: 1084, vtotal: 1118, vscan: 0, vrefresh: 60
I/GRALLOC-KMS( 2257): flags: 10, type: 64, name 1920x1080
I/GRALLOC-KMS( 2257): the best mode is 1920x1080
D/GRALLOC-KMS( 2257): init_external_output, allocate private buffer for hdmi [1920x1080]
E/Xposed  ( 2501): Could not open /data/data/de.robv.android.xposed.installer/log/error.log: No such file or directory
D/GRALLOC-KMS( 2257): will use flip for fb posting
I/GRALLOC-MOD( 2257): mode.hdisplay 1920
I/GRALLOC-MOD( 2257): mode.vdisplay 1080
I/GRALLOC-MOD( 2257): mode.vrefresh 60.000000
I/GRALLOC-MOD( 2257): format 0x1
I/GRALLOC-MOD( 2257): xdpi 103.000000
I/GRALLOC-MOD( 2257): ydpi 94.000000
I/GRALLOC-MOD( 2257): mode.hdisplay 1920
I/GRALLOC-MOD( 2257): mode.vdisplay 1080
I/GRALLOC-MOD( 2257): mode.vrefresh 60.000000
I/GRALLOC-MOD( 2257): format 0x1
I/GRALLOC-MOD( 2257): xdpi 103.000000
I/GRALLOC-MOD( 2257): ydpi 94.000000
W/hwcomposer( 2257): getting VSYNC period from fb HAL: 16666667
D/hwcomposer( 2257): Intel hwcomposer module
I/SurfaceFlinger( 2257): Using composer version 1.0
I/SurfaceFlinger( 2257): EGL information: format=0x1
I/SurfaceFlinger( 2257): vendor    : Android
I/SurfaceFlinger( 2257): version   : 1.4 Android META-EGL
I/SurfaceFlinger( 2257): extensions: EGL_KHR_get_all_proc_addresses EGL_ANDROID_presentation_time EGL_KHR_image EGL_KHR_image_base EGL_KHR_gl_texture_2D_image EGL_KHR_gl_texture_cubemap_image EGL_KHR_gl_renderbuffer_image EGL_KHR_reusable_sync EGL_KHR_fence_sync EGL_KHR_create_context EGL_EXT_create_context_robustness EGL_ANDROID_image_native_buffer EGL_KHR_wait_sync EGL_ANDROID_recordable 
I/SurfaceFlinger( 2257): Client API: OpenGL_ES
I/SurfaceFlinger( 2257): EGLSurface: 8-8-8-8, config=0x7f56c7625680
I/SurfaceFlinger( 2257): OpenGL ES informations: format=0x1
I/SurfaceFlinger( 2257): vendor    : Intel Open Source Technology Center
I/SurfaceFlinger( 2257): renderer  : Mesa DRI Intel(R) UHD Graphics 630 (Coffeelake 3x8 GT2) 
I/SurfaceFlinger( 2257): version   : OpenGL ES 3.2 Mesa 18.1.6 (git-16b89e1d50)
I/SurfaceFlinger( 2257): extensions: GL_ANDROID_extension_pack_es31a GL_ANGLE_texture_compression_dxt3 GL_ANGLE_texture_compression_dxt5 GL_APPLE_texture_max_level GL_EXT_blend_func_extended GL_EXT_blend_minmax GL_EXT_buffer_storage GL_EXT_clip_cull_distance GL_EXT_color_buffer_float GL_EXT_compressed_ETC1_RGB8_sub_texture GL_EXT_copy_image GL_EXT_discard_framebuffer GL_EXT_disjoint_timer_query GL_EXT_draw_buffers GL_EXT_draw_buffers_indexed GL_EXT_draw_elements_base_vertex GL_EXT_frag_depth GL_EXT_geometry_point_size GL_EXT_geometry_shader GL_EXT_gpu_shader5 GL_EXT_map_buffer_range GL_EXT_multi_draw_arrays GL_EXT_occlusion_query_boolean GL_EXT_polygon_offset_clamp GL_EXT_primitive_bounding_box GL_EXT_read_format_bgra GL_EXT_robustness GL_EXT_separate_shader_objects GL_EXT_shader_framebuffer_fetch GL_EXT_shader_framebuffer_fetch_non_coherent GL_EXT_shader_integer_mix GL_EXT_shader_io_blocks GL_EXT_shader_samples_identical GL_EXT_tessellation_point_size GL_EXT_tessellation_shader GL_EXT_texture_border_clamp GL_EXT_texture_buffer GL_E
I/SurfaceFlinger( 2257): GL_MAX_TEXTURE_SIZE = 16384
I/SurfaceFlinger( 2257): GL_MAX_VIEWPORT_DIMS = 32768
D/SurfaceFlinger( 2257): Set power mode=2, type=0 flinger=0x7f56c7462000
I/SurfaceFlinger( 2257): auto set density to 160
D/SurfaceFlinger( 2257): shader cache generated - 24 shaders in 61.442162 ms
D/libEGL  ( 2515): loaded /vendor/lib64/egl/libGLES_mesa.so
D/GRALLOC-DRM( 2515): drmOpen i915: 6
I/GRALLOC-DRM( 2515): create intel for driver i915
I/EGL-MAIN( 2515): found extension DRI_Core version 2
I/EGL-MAIN( 2515): found extension DRI_DRI2 version 4
I/EGL-MAIN( 2515): found extension DRI_TexBuffer version 3
I/EGL-MAIN( 2515): found extension DRI2_Flush version 4
I/EGL-MAIN( 2515): found extension DRI_IMAGE version 16
I/EGL-MAIN( 2515): found extension DRI2_Fence version 2
I/EGL-MAIN( 2515): found extension DRI_IMAGE version 16
I/EGL-MAIN( 2515): found extension DRI_RENDERER_QUERY version 1
I/EGL-MAIN( 2515): found extension DRI_CONFIG_QUERY version 1
I/EGL-MAIN( 2515): found extension DRI_Robustness version 1
I/EGL-MAIN( 2515): found extension DRI_NoError version 1
I/EGL-MAIN( 2515): found extension DRI2_Blob version 1
E/cutils-trace( 2515): Error opening trace file: Permission denied (13)
E/BootAnimation( 2515): couldn't find audio_conf.txt
E/sdcard  ( 2271): missing packages.list; retrying
I/ServiceManager( 2265): Waiting for service batterystats...
I/ServiceManager( 2265): Waiting for service batterystats...
I/Xposed  ( 2268): -----------------
I/Xposed  ( 2268): Added Xposed (/system/framework/XposedBridge.jar) to CLASSPATH
D/AndroidRuntime( 2268): >>>>>> START de.robv.android.xposed.XposedBridge uid 0 <<<<<<
D/AndroidRuntime( 2268): CheckJNI is OFF
I/art     ( 2268): option[0]=-Xzygote
I/art     ( 2268): option[1]=-Xstacktracefile:/data/anr/traces.txt
I/art     ( 2268): option[2]=exit
I/art     ( 2268): option[3]=vfprintf
I/art     ( 2268): option[4]=sensitiveThread
I/art     ( 2268): option[5]=-verbose:gc
I/art     ( 2268): option[6]=-Xms16m
I/art     ( 2268): option[7]=-Xmx512m
I/art     ( 2268): option[8]=-XX:mainThreadStackSize=24K
I/art     ( 2268): option[9]=-XX:HeapGrowthLimit=192m
I/art     ( 2268): option[10]=-XX:HeapMinFree=512k
I/art     ( 2268): option[11]=-XX:HeapMaxFree=8m
I/art     ( 2268): option[12]=-XX:HeapTargetUtilization=0.75
I/art     ( 2268): option[13]=-Xgenregmap
I/art     ( 2268): option[14]=-Xgc:precise
I/art     ( 2268): option[15]=-agentlib:jdwp=transport=dt_android_adb,suspend=n,server=y
I/art     ( 2268): option[16]=-Ximage-compiler-option
I/art     ( 2268): option[17]=--runtime-arg
I/art     ( 2268): option[18]=-Ximage-compiler-option
I/art     ( 2268): option[19]=-Xms64m
I/art     ( 2268): option[20]=-Ximage-compiler-option
I/art     ( 2268): option[21]=--runtime-arg
I/art     ( 2268): option[22]=-Ximage-compiler-option
I/art     ( 2268): option[23]=-Xmx64m
I/art     ( 2268): option[24]=-Ximage-compiler-option
I/art     ( 2268): option[25]=--image-classes=/system/etc/preloaded-classes
I/art     ( 2268): option[26]=-Xcompiler-option
I/art     ( 2268): option[27]=--runtime-arg
I/art     ( 2268): option[28]=-Xcompiler-option
I/art     ( 2268): option[29]=-Xms64m
I/art     ( 2268): option[30]=-Xcompiler-option
I/art     ( 2268): option[31]=--runtime-arg
I/art     ( 2268): option[32]=-Xcompiler-option
I/art     ( 2268): option[33]=-Xmx512m
I/art     ( 2268): option[34]=-Duser.language=zh
I/art     ( 2268): option[35]=-Duser.region=CN
I/art     ( 2268): option[36]=-XX:NativeBridge=libhoudini.so
I/art     ( 2268): Pruning dalvik-cache since we are generating an image and will need to recompile
I/art     ( 2268): Using an offset of 0x92f000 from default art base address of 0x70000000
I/art     ( 2268): GenerateImage: /system/bin/dex2oat --image=/data/dalvik-cache/x86_64/system@framework@boot.art --dex-file=/system/framework/x86_64/boot.oat --oat-file=/data/dalvik-cache/x86_64/system@framework@boot.oat --instruction-set=x86_64 --instruction-set-features=default --base=0x7092f000 --runtime-arg -Xms64m --runtime-arg -Xmx64m --image-classes=/system/etc/preloaded-classes
I/dex2oat ( 2524): /system/bin/dex2oat --image=/data/dalvik-cache/x86_64/system@framework@boot.art --dex-file=/system/framework/x86_64/boot.oat --oat-file=/data/dalvik-cache/x86_64/system@framework@boot.oat --instruction-set=x86_64 --instruction-set-features=default --base=0x7092f000 --runtime-arg -Xms64m --runtime-arg -Xmx64m --image-classes=/system/etc/preloaded-classes
I/ServiceManager( 2265): Waiting for service batterystats...
I/dex2oat ( 2524): Explicit concurrent mark sweep GC freed 45115(5MB) AllocSpace objects, 0(0B) LOS objects, 15% free, 21MB/25MB, paused 41us total 23.188ms
E/sdcard  ( 2271): missing packages.list; retrying
I/ServiceManager( 2265): Waiting for service batterystats...
I/dex2oat ( 2524): Method exceeds compiler instruction limit: 21296 in void org.ccil.cowan.tagsoup.HTMLSchema.<init>()
E/MediaPlayerFactory( 2265): calling dlopen on FACTORY_LIB
E/MediaPlayerFactory( 2265): Failed to open FACTORY_LIB Error : dlopen failed: library "libdashplayer.so" not found 
I/CameraService( 2265): CameraService started (pid=2265)
D/Camera_Factory( 2265): CameraFactory::CameraFactory
D/Camera_Factory( 2265): CameraFactory::parseConfig: configFile = /etc/camera.cfg
D/Camera_Factory( 2265): /etc/camera.cfg not found, using camera configuration defaults
I/CameraService( 2265): Loaded "Camera Module" camera module
D/Camera_Factory( 2265): CameraFactory::get_number_of_cameras
D/Camera_Factory( 2265): CameraFactory::getCameraNum: 0
I/AudioPolicyService( 2265): AudioPolicyService CSTOR in new mode
I/AudioPolicyManager( 2265): loadAudioPolicyConfig() loaded /system/etc/audio_policy.conf
D/audio_hw_primary( 2265): found audio out at /dev/snd/pcmC0D0p
D/audio_hw_primary( 2265): card: 0/0 id: ALC233 Analog
D/audio_hw_primary( 2265): name: ALC233 Analog
D/audio_hw_primary( 2265): subname: subdevice #0
D/audio_hw_primary( 2265): stream: 0
D/audio_hw_primary( 2265): found audio out at /dev/snd/pcmC0D10p
D/audio_hw_primary( 2265): card: 0/10 id: HDMI 4
D/audio_hw_primary( 2265): name: HDMI 4
D/audio_hw_primary( 2265): subname: subdevice #0
D/audio_hw_primary( 2265): stream: 0
D/audio_hw_primary( 2265): found audio out at /dev/snd/pcmC0D3p
D/audio_hw_primary( 2265): card: 0/3 id: HDMI 0
D/audio_hw_primary( 2265): name: HDMI 0
D/audio_hw_primary( 2265): subname: subdevice #0
D/audio_hw_primary( 2265): stream: 0
D/audio_hw_primary( 2265): ignore pcmC0D3p
D/audio_hw_primary( 2265): found audio out at /dev/snd/pcmC0D7p
D/audio_hw_primary( 2265): card: 0/7 id: HDMI 1
D/audio_hw_primary( 2265): name: HDMI 1
D/audio_hw_primary( 2265): subname: subdevice #0
D/audio_hw_primary( 2265): stream: 0
D/audio_hw_primary( 2265): ignore pcmC0D7p
D/audio_hw_primary( 2265): found audio out at /dev/snd/pcmC0D8p
D/audio_hw_primary( 2265): card: 0/8 id: HDMI 2
D/audio_hw_primary( 2265): name: HDMI 2
D/audio_hw_primary( 2265): subname: subdevice #0
D/audio_hw_primary( 2265): stream: 0
D/audio_hw_primary( 2265): ignore pcmC0D8p
D/audio_hw_primary( 2265): found audio out at /dev/snd/pcmC0D9p
D/audio_hw_primary( 2265): card: 0/9 id: HDMI 3
D/audio_hw_primary( 2265): name: HDMI 3
D/audio_hw_primary( 2265): subname: subdevice #0
D/audio_hw_primary( 2265): stream: 0
D/audio_hw_primary( 2265): ignore pcmC0D9p
I/audio_hw_primary( 2265): choose pcmC0D0p for 0
E/audio_hw_primary( 2265): Failed to open /system/etc/mixer_paths.xml
I/AudioFlinger( 2265): loadHwModule() Loaded primary audio interface from Grouper audio HW HAL (audio) handle 1
I/audio_hw_primary( 2265): choose pcmC0D0p for 0
I/AudioFlinger( 2265): HAL output buffer size 512 frames, normal sink buffer size 1024 frames
W/EffectsFactory( 2265): loadLibrary() failed to open /system/vendor/lib/soundfx/libswdap.so
W/EffectsFactory( 2265): loadEffect() could not get library ds
I/AudioMixer( 2265): found effect "Multichannel Downmix To Stereo" from The Android Open Source Project
E/MonoPipe( 2265): Failed to fetch local time frequency when constructing a MonoPipe (res = -32).  getNextWriteTimestamp calls will be non-functional
I/dex2oat ( 2524): Explicit concurrent mark sweep GC freed 224912(15MB) AllocSpace objects, 0(0B) LOS objects, 26% free, 10MB/14MB, paused 43us total 15.144ms
I/dex2oat ( 2524): dex2oat took 3.606s (threads: 6) arena alloc=1522KB java alloc=10MB native alloc=68MB free=19MB
I/dex2oat ( 2538): /system/bin/dex2oat --runtime-arg -classpath --runtime-arg /system/framework/XposedBridge.jar --instruction-set=x86_64 --instruction-set-features=default --runtime-arg -Xnorelocate --boot-image=/system/framework/boot.art --dex-file=/system/framework/XposedBridge.jar --oat-fd=4 --oat-location=/data/dalvik-cache/x86_64/system@framework@XposedBridge.jar@classes.dex --runtime-arg -Xms64m --runtime-arg -Xmx512m
I/dex2oat ( 2538): dex2oat took 39.362ms (threads: 6) arena alloc=96KB java alloc=320KB native alloc=2MB free=5MB
I/Xposed  ( 2268): Detected ART runtime
I/Xposed  ( 2268): Found Xposed class 'de/robv/android/xposed/XposedBridge', now initializing
E/memtrack( 2268): Couldn't load memtrack module (No such file or directory)
E/android.os.Debug( 2268): failed to load memtrack module: -2
D/idmap   ( 2549): error: no read access to /vendor/overlay: No such file or directory
I/art     ( 2268): Explicit concurrent mark sweep GC freed 11632(566KB) AllocSpace objects, 0(0B) LOS objects, 65% free, 537KB/1561KB, paused 35us total 4.911ms
I/dex2oat ( 2550): /system/bin/dex2oat --runtime-arg -classpath --runtime-arg /system/framework/XposedBridge.jar --instruction-set=x86_64 --instruction-set-features=default --runtime-arg -Xnorelocate --boot-image=/system/framework/boot.art --dex-file=/data/dalvik-cache/xposed_XResourcesSuperClass.dex --oat-fd=10 --oat-location=/data/dalvik-cache/x86_64/data@dalvik-cache@xposed_XResourcesSuperClass.dex --runtime-arg -Xms64m --runtime-arg -Xmx512m
I/dex2oat ( 2550): dex2oat took 16.663ms (threads: 6) arena alloc=0B java alloc=26KB native alloc=240KB free=7MB
I/dex2oat ( 2556): /system/bin/dex2oat --runtime-arg -classpath --runtime-arg /system/framework/XposedBridge.jar --instruction-set=x86_64 --instruction-set-features=default --runtime-arg -Xnorelocate --boot-image=/system/framework/boot.art --dex-file=/data/dalvik-cache/xposed_XTypedArraySuperClass.dex --oat-fd=10 --oat-location=/data/dalvik-cache/x86_64/data@dalvik-cache@xposed_XTypedArraySuperClass.dex --runtime-arg -Xms64m --runtime-arg -Xmx512m
I/dex2oat ( 2556): dex2oat took 15.487ms (threads: 6) arena alloc=0B java alloc=26KB native alloc=240KB free=7MB
I/Smaster : ( 2268):  Loading Modules ... GOOOOOOO 
I/Xposed  ( 2268): Loading modules from /system/app/Task/Task.apk
I/dex2oat ( 2562): /system/bin/dex2oat --runtime-arg -classpath --runtime-arg /system/framework/XposedBridge.jar --instruction-set=x86_64 --instruction-set-features=default --runtime-arg -Xnorelocate --boot-image=/system/framework/boot.art --dex-file=/system/app/Task/x86_64/Task.odex --oat-fd=11 --oat-location=/data/dalvik-cache/x86_64/system@app@Task@Task.apk@classes.dex --runtime-arg -Xms64m --runtime-arg -Xmx512m
I/dex2oat ( 2562): dex2oat took 169.302ms (threads: 6) arena alloc=130KB java alloc=2MB native alloc=6MB free=5MB
I/Xposed  ( 2268):   Loading class org.openthos.taskmanager.prevent.xposed.XposedMod
I/initZygote:::( 2268): Smaster
I/Smaster task --> ( 2268): path===/system/app/Task/Task.apk
I/SamplingProfilerIntegration( 2268): Profiling disabled.
D/Zygote  ( 2268): begin preload
I/Zygote  ( 2268): Preloading classes...
I/art     ( 2268): Explicit concurrent mark sweep GC freed 4695(786KB) AllocSpace objects, 0(0B) LOS objects, 56% free, 804KB/1828KB, paused 14us total 1.432ms
I/art     ( 2268): Counter: 1
I/art     ( 2268): Explicit concurrent mark sweep GC freed 859(50KB) AllocSpace objects, 0(0B) LOS objects, 56% free, 803KB/1827KB, paused 11us total 989us
I/art     ( 2268): Explicit concurrent mark sweep GC freed 825(48KB) AllocSpace objects, 0(0B) LOS objects, 56% free, 803KB/1827KB, paused 12us total 798us
I/art     ( 2268): Explicit concurrent mark sweep GC freed 661(41KB) AllocSpace objects, 0(0B) LOS objects, 55% free, 810KB/1834KB, paused 18us total 2.253ms
I/art     ( 2268): Explicit concurrent mark sweep GC freed 572(34KB) AllocSpace objects, 0(0B) LOS objects, 54% free, 844KB/1868KB, paused 31us total 2.641ms
E/Minikin ( 2268): addFont failed to create font /system/fonts/NotoSansGujarati-Regular.ttf
E/Minikin ( 2268): addFont failed to create font /system/fonts/NotoSansGujarati-Bold.ttf
E/Minikin ( 2268): addFont failed to create font /system/fonts/NotoSansGujaratiUI-Regular.ttf
E/Minikin ( 2268): addFont failed to create font /system/fonts/NotoSansGujaratiUI-Bold.ttf
E/Minikin ( 2268): addFont failed to create font /system/fonts/NotoSansGurmukhi-Regular.ttf
E/Minikin ( 2268): addFont failed to create font /system/fonts/NotoSansGurmukhi-Bold.ttf
E/Minikin ( 2268): addFont failed to create font /system/fonts/NotoSansGurmukhiUI-Regular.ttf
E/Minikin ( 2268): addFont failed to create font /system/fonts/NotoSansGurmukhiUI-Bold.ttf
E/Minikin ( 2268): addFont failed to create font /system/fonts/NotoSansSinhala-Regular.ttf
E/Minikin ( 2268): addFont failed to create font /system/fonts/NotoSansSinhala-Bold.ttf
E/Minikin ( 2268): addFont failed to create font /system/fonts/NotoSansThaana-Regular.ttf
E/Minikin ( 2268): addFont failed to create font /system/fonts/NotoSansThaana-Bold.ttf
E/Minikin ( 2268): addFont failed to create font /system/fonts/NotoSansCham-Regular.ttf
E/Minikin ( 2268): addFont failed to create font /system/fonts/NotoSansCham-Bold.ttf
E/Minikin ( 2268): addFont failed to create font /system/fonts/NotoSansBalinese-Regular.ttf
E/Minikin ( 2268): addFont failed to create font /system/fonts/NotoSansBatak-Regular.ttf
E/Minikin ( 2268): addFont failed to create font /system/fonts/NotoSansBuginese-Regular.ttf
E/Minikin ( 2268): addFont failed to create font /system/fonts/NotoSansBuhid-Regular.ttf
E/Minikin ( 2268): addFont failed to create font /system/fonts/NotoSansCanadianAboriginal-Regular.ttf
E/Minikin ( 2268): addFont failed to create font /system/fonts/NotoSansCherokee-Regular.ttf
E/Minikin ( 2268): addFont failed to create font /system/fonts/NotoSansCoptic-Regular.ttf
E/Minikin ( 2268): addFont failed to create font /system/fonts/NotoSansGlagolitic-Regular.ttf
E/Minikin ( 2268): addFont failed to create font /system/fonts/NotoSansHanunoo-Regular.ttf
E/Minikin ( 2268): addFont failed to create font /system/fonts/NotoSansJavanese-Regular.ttf
E/Minikin ( 2268): addFont failed to create font /system/fonts/NotoSansKayahLi-Regular.ttf
E/Minikin ( 2268): addFont failed to create font /system/fonts/NotoSansLepcha-Regular.ttf
E/Minikin ( 2268): addFont failed to create font /system/fonts/NotoSansLimbu-Regular.ttf
E/Minikin ( 2268): addFont failed to create font /system/fonts/NotoSansMeeteiMayek-Regular.ttf
E/Minikin ( 2268): addFont failed to create font /system/fonts/NotoSansOlChiki-Regular.ttf
E/Minikin ( 2268): addFont failed to create font /system/fonts/NotoSansRejang-Regular.ttf
E/Minikin ( 2268): addFont failed to create font /system/fonts/NotoSansSaurashtra-Regular.ttf
E/Minikin ( 2268): addFont failed to create font /system/fonts/NotoSansSundanese-Regular.ttf
E/Minikin ( 2268): addFont failed to create font /system/fonts/NotoSansSylotiNagri-Regular.ttf
E/Minikin ( 2268): addFont failed to create font /system/fonts/NotoSansTagbanwa-Regular.ttf
E/Minikin ( 2268): addFont failed to create font /system/fonts/NotoSansTaiTham-Regular.ttf
E/Minikin ( 2268): addFont failed to create font /system/fonts/NotoSansTaiViet-Regular.ttf
E/Minikin ( 2268): addFont failed to create font /system/fonts/NotoSansTifinagh-Regular.ttf
E/Minikin ( 2268): addFont failed to create font /system/fonts/NotoSansYi-Regular.ttf
E/Minikin ( 2268): addFont failed to create font /system/fonts/Lohit-Odia.ttf
E/Minikin ( 2268): addFont failed to create font /system/fonts/NotoSansHans-Regular.otf
E/Minikin ( 2268): addFont failed to create font /system/fonts/NotoSansHant-Regular.otf
E/Minikin ( 2268): addFont failed to create font /system/fonts/NotoSansJP-Regular.otf
E/Minikin ( 2268): addFont failed to create font /system/fonts/NotoSansKR-Regular.otf
E/Minikin ( 2268): addFont failed to create font /system/fonts/NotoSansTaiLe-Regular.ttf
I/art     ( 2268): Explicit concurrent mark sweep GC freed 2276(154KB) AllocSpace objects, 0(0B) LOS objects, 54% free, 854KB/1878KB, paused 50us total 2.845ms
I/art     ( 2268): Explicit concurrent mark sweep GC freed 2081(102KB) AllocSpace objects, 0(0B) LOS objects, 53% free, 898KB/1922KB, paused 29us total 3.248ms
I/art     ( 2268): Explicit concurrent mark sweep GC freed 1981(88KB) AllocSpace objects, 0(0B) LOS objects, 52% free, 935KB/1959KB, paused 30us total 3.087ms
I/art     ( 2268): Explicit concurrent mark sweep GC freed 375(19KB) AllocSpace objects, 0(0B) LOS objects, 51% free, 971KB/1995KB, paused 30us total 3.110ms
I/art     ( 2268): Thread[1,tid=2268,WaitingForJniOnLoad,Thread*=0x7f32bd898000,peer=0x12c310a0,"main"] recursive attempt to load library "/system/lib64/libmedia_jni.so"
D/MtpDeviceJNI( 2268): register_android_mtp_MtpDevice
I/art     ( 2268): Thread[1,tid=2268,WaitingForJniOnLoad,Thread*=0x7f32bd898000,peer=0x12c310a0,"main"] recursive attempt to load library "/system/lib64/libmedia_jni.so"
I/art     ( 2268): Thread[1,tid=2268,WaitingForJniOnLoad,Thread*=0x7f32bd898000,peer=0x12c310a0,"main"] recursive attempt to load library "/system/lib64/libmedia_jni.so"
I/art     ( 2268): Explicit concurrent mark sweep GC freed 674(41KB) AllocSpace objects, 0(0B) LOS objects, 51% free, 981KB/2005KB, paused 31us total 3.245ms
I/art     ( 2268): Explicit concurrent mark sweep GC freed 499(25KB) AllocSpace objects, 0(0B) LOS objects, 50% free, 1005KB/2029KB, paused 24us total 2.818ms
I/art     ( 2268): Explicit concurrent mark sweep GC freed 735(38KB) AllocSpace objects, 0(0B) LOS objects, 50% free, 1015KB/2039KB, paused 21us total 2.321ms
I/art     ( 2268): Explicit concurrent mark sweep GC freed 506(30KB) AllocSpace objects, 0(0B) LOS objects, 49% free, 1055KB/2MB, paused 20us total 1.821ms
I/art     ( 2268): Explicit concurrent mark sweep GC freed 1820(106KB) AllocSpace objects, 0(0B) LOS objects, 45% free, 1204KB/2MB, paused 15us total 1.592ms
E/EmojiFactory_jni( 2268): Failed to load libemoji.so: dlopen failed: library "libemoji.so" not found
I/art     ( 2268): Explicit concurrent mark sweep GC freed 412(48KB) AllocSpace objects, 0(0B) LOS objects, 40% free, 1503KB/2MB, paused 13us total 1.896ms
I/art     ( 2268): Explicit concurrent mark sweep GC freed 641(41KB) AllocSpace objects, 0(0B) LOS objects, 40% free, 1521KB/2MB, paused 15us total 1.963ms
I/art     ( 2268): Explicit concurrent mark sweep GC freed 841(48KB) AllocSpace objects, 0(0B) LOS objects, 40% free, 1522KB/2MB, paused 12us total 1.390ms
I/art     ( 2268): Explicit concurrent mark sweep GC freed 737(48KB) AllocSpace objects, 0(0B) LOS objects, 40% free, 1522KB/2MB, paused 12us total 1.242ms
I/art     ( 2268): Explicit concurrent mark sweep GC freed 877(91KB) AllocSpace objects, 0(0B) LOS objects, 39% free, 1546KB/2MB, paused 12us total 1.483ms
I/art     ( 2268): Explicit concurrent mark sweep GC freed 635(46KB) AllocSpace objects, 0(0B) LOS objects, 39% free, 1549KB/2MB, paused 14us total 2.491ms
I/art     ( 2268): Explicit concurrent mark sweep GC freed 641(44KB) AllocSpace objects, 0(0B) LOS objects, 39% free, 1553KB/2MB, paused 12us total 1.290ms
I/art     ( 2268): Explicit concurrent mark sweep GC freed 600(48KB) AllocSpace objects, 0(0B) LOS objects, 39% free, 1554KB/2MB, paused 12us total 1.257ms
I/art     ( 2268): Explicit concurrent mark sweep GC freed 740(43KB) AllocSpace objects, 0(0B) LOS objects, 39% free, 1560KB/2MB, paused 12us total 1.314ms
I/art     ( 2268): Explicit concurrent mark sweep GC freed 655(37KB) AllocSpace objects, 0(0B) LOS objects, 39% free, 1571KB/2MB, paused 12us total 1.209ms
I/art     ( 2268): Explicit concurrent mark sweep GC freed 795(45KB) AllocSpace objects, 0(0B) LOS objects, 39% free, 1575KB/2MB, paused 12us total 1.257ms
I/System  ( 2268): Loaded time zone names for "" in 15ms (15ms in ICU)
I/System  ( 2268): Loaded time zone names for "en_US" in 4ms (4ms in ICU)
I/System  ( 2268): Loaded time zone names for "zh_CN" in 5ms (5ms in ICU)
I/art     ( 2268): Explicit concurrent mark sweep GC freed 4419(263KB) AllocSpace objects, 0(0B) LOS objects, 36% free, 1770KB/2MB, paused 14us total 1.698ms
I/art     ( 2268): Explicit concurrent mark sweep GC freed 172(14KB) AllocSpace objects, 0(0B) LOS objects, 35% free, 1835KB/2MB, paused 12us total 1.383ms
I/art     ( 2268): Explicit concurrent mark sweep GC freed 408(32KB) AllocSpace objects, 0(0B) LOS objects, 35% free, 1887KB/2MB, paused 12us total 1.467ms
I/art     ( 2268): Explicit concurrent mark sweep GC freed 693(47KB) AllocSpace objects, 0(0B) LOS objects, 35% free, 1889KB/2MB, paused 14us total 1.382ms
I/Zygote  ( 2268): ...preloaded 3005 classes in 553ms.
I/art     ( 2268): VMRuntime.preloadDexCaches starting
E/sdcard  ( 2271): missing packages.list; retrying
I/art     ( 2268): VMRuntime.preloadDexCaches strings total=216078 before=39506 after=39506
I/art     ( 2268): VMRuntime.preloadDexCaches types total=18404 before=6417 after=6459
I/art     ( 2268): VMRuntime.preloadDexCaches fields total=86146 before=32558 after=33013
I/art     ( 2268): VMRuntime.preloadDexCaches methods total=152591 before=67331 after=68366
I/art     ( 2268): VMRuntime.preloadDexCaches finished
I/art     ( 2268): Counter: 0
I/art     ( 2268): Counter: 1
I/art     ( 2268): Explicit concurrent mark sweep GC freed 569(50KB) AllocSpace objects, 0(0B) LOS objects, 39% free, 1875KB/3MB, paused 14us total 2.254ms
I/Zygote  ( 2268): Preloading resources...
I/art     ( 2268): Explicit concurrent mark sweep GC freed 127(8KB) AllocSpace objects, 0(0B) LOS objects, 39% free, 1917KB/3MB, paused 13us total 1.399ms
I/art     ( 2268): Explicit concurrent mark sweep GC freed 93(4KB) AllocSpace objects, 0(0B) LOS objects, 39% free, 1963KB/3MB, paused 13us total 1.331ms
I/art     ( 2268): Explicit concurrent mark sweep GC freed 194(12KB) AllocSpace objects, 0(0B) LOS objects, 39% free, 2002KB/3MB, paused 16us total 2.145ms
I/art     ( 2268): Explicit concurrent mark sweep GC freed 95(4KB) AllocSpace objects, 0(0B) LOS objects, 39% free, 2MB/3MB, paused 13us total 1.416ms
I/art     ( 2268): Explicit concurrent mark sweep GC freed 94(5KB) AllocSpace objects, 0(0B) LOS objects, 39% free, 2MB/3MB, paused 13us total 1.338ms
I/art     ( 2268): Explicit concurrent mark sweep GC freed 102(4KB) AllocSpace objects, 0(0B) LOS objects, 40% free, 2MB/3MB, paused 33us total 3.285ms
I/art     ( 2268): Explicit concurrent mark sweep GC freed 112(5KB) AllocSpace objects, 0(0B) LOS objects, 40% free, 2MB/3MB, paused 26us total 2.616ms
I/art     ( 2268): Explicit concurrent mark sweep GC freed 118(5KB) AllocSpace objects, 0(0B) LOS objects, 40% free, 2MB/3MB, paused 23us total 2.322ms
I/art     ( 2268): Explicit concurrent mark sweep GC freed 102(4KB) AllocSpace objects, 0(0B) LOS objects, 39% free, 2MB/3MB, paused 21us total 2.607ms
I/art     ( 2268): Explicit concurrent mark sweep GC freed 157(6KB) AllocSpace objects, 0(0B) LOS objects, 39% free, 2MB/3MB, paused 17us total 1.979ms
I/art     ( 2268): Explicit concurrent mark sweep GC freed 140(6KB) AllocSpace objects, 0(0B) LOS objects, 39% free, 2MB/3MB, paused 17us total 1.733ms
I/art     ( 2268): Explicit concurrent mark sweep GC freed 84(7KB) AllocSpace objects, 0(0B) LOS objects, 39% free, 2MB/3MB, paused 49us total 2.776ms
