I/art     ( 2568): DexFile_isDexOptNeeded file /system/framework/x86_64/com.android.media.remotedisplay.odex needs to be recompiled with Xposed for /system/framework/com.android.media.remotedisplay.jar
E/cutils-trace( 2679): Error opening trace file: Permission denied (13)
I/dex2oat ( 2679): /system/bin/dex2oat --zip-fd=5 --zip-location=/system/framework/com.android.media.remotedisplay.jar --oat-fd=6 --oat-location=/data/dalvik-cache/x86_64/system@framework@com.android.media.remotedisplay.jar@classes.dex --instruction-set=x86_64 --instruction-set-features=default --runtime-arg -Xms64m --runtime-arg -Xmx512m --swap-fd=7
I/dex2oat ( 2679): Using '/system/framework/x86_64/com.android.media.remotedisplay.odex' instead of file descriptor
I/dex2oat ( 2679): Decided to run without swap.
I/dex2oat ( 2679): dex2oat took 5.492ms (threads: 6) arena alloc=85KB java alloc=16KB native alloc=1260KB free=6MB
I/art     ( 2568): DexFile_isDexOptNeeded file /system/framework/x86_64/com.android.mediadrm.signer.odex needs to be recompiled with Xposed for /system/framework/com.android.mediadrm.signer.jar
E/cutils-trace( 2685): Error opening trace file: Permission denied (13)
I/dex2oat ( 2685): /system/bin/dex2oat --zip-fd=5 --zip-location=/system/framework/com.android.mediadrm.signer.jar --oat-fd=6 --oat-location=/data/dalvik-cache/x86_64/system@framework@com.android.mediadrm.signer.jar@classes.dex --instruction-set=x86_64 --instruction-set-features=default --runtime-arg -Xms64m --runtime-arg -Xmx512m --swap-fd=7
I/dex2oat ( 2685): Using '/system/framework/x86_64/com.android.mediadrm.signer.odex' instead of file descriptor
I/dex2oat ( 2685): Decided to run without swap.
I/dex2oat ( 2685): dex2oat took 4.785ms (threads: 6) arena alloc=64KB java alloc=5KB native alloc=985KB free=7MB
I/art     ( 2568): DexFile_isDexOptNeeded file /system/framework/x86/com.android.location.provider.odex needs to be recompiled with Xposed for /system/framework/com.android.location.provider.jar
E/cutils-trace( 2691): Error opening trace file: Permission denied (13)
I/dex2oat ( 2691): /system/bin/dex2oat --zip-fd=5 --zip-location=/system/framework/com.android.location.provider.jar --oat-fd=6 --oat-location=/data/dalvik-cache/x86/system@framework@com.android.location.provider.jar@classes.dex --instruction-set=x86 --instruction-set-features=default --runtime-arg -Xms64m --runtime-arg -Xmx512m --swap-fd=7
I/dex2oat ( 2691): Using '/system/framework/x86/com.android.location.provider.odex' instead of file descriptor
I/dex2oat ( 2691): Decided to run without swap.
I/dex2oat ( 2691): dex2oat took 6.120ms (threads: 6) arena alloc=98KB java alloc=74KB native alloc=1546KB free=6MB
I/art     ( 2568): DexFile_isDexOptNeeded file /system/framework/x86/com.android.future.usb.accessory.odex needs to be recompiled with Xposed for /system/framework/com.android.future.usb.accessory.jar
E/cutils-trace( 2697): Error opening trace file: Permission denied (13)
I/dex2oat ( 2697): /system/bin/dex2oat --zip-fd=5 --zip-location=/system/framework/com.android.future.usb.accessory.jar --oat-fd=6 --oat-location=/data/dalvik-cache/x86/system@framework@com.android.future.usb.accessory.jar@classes.dex --instruction-set=x86 --instruction-set-features=default --runtime-arg -Xms64m --runtime-arg -Xmx512m --swap-fd=7
I/dex2oat ( 2697): Using '/system/framework/x86/com.android.future.usb.accessory.odex' instead of file descriptor
I/dex2oat ( 2697): Decided to run without swap.
I/dex2oat ( 2697): dex2oat took 4.423ms (threads: 6) arena alloc=90KB java alloc=11KB native alloc=737KB free=7MB
I/art     ( 2568): DexFile_isDexOptNeeded file /system/framework/x86/javax.obex.odex needs to be recompiled with Xposed for /system/framework/javax.obex.jar
E/cutils-trace( 2703): Error opening trace file: Permission denied (13)
I/dex2oat ( 2703): /system/bin/dex2oat --zip-fd=5 --zip-location=/system/framework/javax.obex.jar --oat-fd=6 --oat-location=/data/dalvik-cache/x86/system@framework@javax.obex.jar@classes.dex --instruction-set=x86 --instruction-set-features=default --runtime-arg -Xms64m --runtime-arg -Xmx512m --swap-fd=7
I/dex2oat ( 2703): Using '/system/framework/x86/javax.obex.odex' instead of file descriptor
I/dex2oat ( 2703): Decided to run without swap.
I/dex2oat ( 2703): dex2oat took 13.113ms (threads: 6) arena alloc=717KB java alloc=39KB native alloc=2038KB free=6MB
I/art     ( 2568): DexFile_isDexOptNeeded file /system/framework/x86/android.test.runner.odex needs to be recompiled with Xposed for /system/framework/android.test.runner.jar
E/cutils-trace( 2709): Error opening trace file: Permission denied (13)
I/dex2oat ( 2709): /system/bin/dex2oat --zip-fd=5 --zip-location=/system/framework/android.test.runner.jar --oat-fd=6 --oat-location=/data/dalvik-cache/x86/system@framework@android.test.runner.jar@classes.dex --instruction-set=x86 --instruction-set-features=default --runtime-arg -Xms64m --runtime-arg -Xmx512m --swap-fd=7
I/dex2oat ( 2709): Using '/system/framework/x86/android.test.runner.odex' instead of file descriptor
I/dex2oat ( 2709): Decided to run without swap.
I/dex2oat ( 2709): dex2oat took 25.069ms (threads: 6) arena alloc=111KB java alloc=246KB native alloc=2MB free=5MB
I/art     ( 2568): DexFile_isDexOptNeeded file /system/framework/x86/com.android.media.remotedisplay.odex needs to be recompiled with Xposed for /system/framework/com.android.media.remotedisplay.jar
E/cutils-trace( 2715): Error opening trace file: Permission denied (13)
I/dex2oat ( 2715): /system/bin/dex2oat --zip-fd=5 --zip-location=/system/framework/com.android.media.remotedisplay.jar --oat-fd=6 --oat-location=/data/dalvik-cache/x86/system@framework@com.android.media.remotedisplay.jar@classes.dex --instruction-set=x86 --instruction-set-features=default --runtime-arg -Xms64m --runtime-arg -Xmx512m --swap-fd=7
I/dex2oat ( 2715): Using '/system/framework/x86/com.android.media.remotedisplay.odex' instead of file descriptor
I/dex2oat ( 2715): Decided to run without swap.
I/dex2oat ( 2715): dex2oat took 5.441ms (threads: 6) arena alloc=97KB java alloc=15KB native alloc=1257KB free=6MB
I/art     ( 2568): DexFile_isDexOptNeeded file /system/framework/x86/com.android.mediadrm.signer.odex needs to be recompiled with Xposed for /system/framework/com.android.mediadrm.signer.jar
E/cutils-trace( 2721): Error opening trace file: Permission denied (13)
I/dex2oat ( 2721): /system/bin/dex2oat --zip-fd=5 --zip-location=/system/framework/com.android.mediadrm.signer.jar --oat-fd=6 --oat-location=/data/dalvik-cache/x86/system@framework@com.android.mediadrm.signer.jar@classes.dex --instruction-set=x86 --instruction-set-features=default --runtime-arg -Xms64m --runtime-arg -Xmx512m --swap-fd=7
I/dex2oat ( 2721): Using '/system/framework/x86/com.android.mediadrm.signer.odex' instead of file descriptor
I/dex2oat ( 2721): Decided to run without swap.
I/dex2oat ( 2721): dex2oat took 3.978ms (threads: 6) arena alloc=57KB java alloc=5KB native alloc=985KB free=7MB
I/art     ( 2568): DexFile_isDexOptNeeded file /system/framework/x86_64/ime.odex needs to be recompiled with Xposed for /system/framework/ime.jar
E/cutils-trace( 2727): Error opening trace file: Permission denied (13)
I/dex2oat ( 2727): /system/bin/dex2oat --zip-fd=5 --zip-location=/system/framework/ime.jar --oat-fd=6 --oat-location=/data/dalvik-cache/x86_64/system@framework@ime.jar@classes.dex --instruction-set=x86_64 --instruction-set-features=default --runtime-arg -Xms64m --runtime-arg -Xmx512m --swap-fd=7
I/dex2oat ( 2727): Using '/system/framework/x86_64/ime.odex' instead of file descriptor
I/dex2oat ( 2727): Decided to run without swap.
I/dex2oat ( 2727): dex2oat took 5.780ms (threads: 6) arena alloc=64KB java alloc=7KB native alloc=483KB free=7MB
I/art     ( 2568): DexFile_isDexOptNeeded file /system/framework/x86_64/settings.odex needs to be recompiled with Xposed for /system/framework/settings.jar
E/cutils-trace( 2733): Error opening trace file: Permission denied (13)
I/dex2oat ( 2733): /system/bin/dex2oat --zip-fd=5 --zip-location=/system/framework/settings.jar --oat-fd=6 --oat-location=/data/dalvik-cache/x86_64/system@framework@settings.jar@classes.dex --instruction-set=x86_64 --instruction-set-features=default --runtime-arg -Xms64m --runtime-arg -Xmx512m --swap-fd=7
I/dex2oat ( 2733): Using '/system/framework/x86_64/settings.odex' instead of file descriptor
I/dex2oat ( 2733): Decided to run without swap.
I/dex2oat ( 2733): dex2oat took 9.145ms (threads: 6) arena alloc=239KB java alloc=5KB native alloc=745KB free=7MB
I/art     ( 2568): DexFile_isDexOptNeeded file /system/framework/x86_64/bmgr.odex needs to be recompiled with Xposed for /system/framework/bmgr.jar
E/cutils-trace( 2739): Error opening trace file: Permission denied (13)
I/dex2oat ( 2739): /system/bin/dex2oat --zip-fd=5 --zip-location=/system/framework/bmgr.jar --oat-fd=6 --oat-location=/data/dalvik-cache/x86_64/system@framework@bmgr.jar@classes.dex --instruction-set=x86_64 --instruction-set-features=default --runtime-arg -Xms64m --runtime-arg -Xmx512m --swap-fd=7
I/dex2oat ( 2739): Using '/system/framework/x86_64/bmgr.odex' instead of file descriptor
I/dex2oat ( 2739): Decided to run without swap.
I/dex2oat ( 2739): dex2oat took 7.926ms (threads: 6) arena alloc=85KB java alloc=16KB native alloc=772KB free=7MB
I/art     ( 2568): DexFile_isDexOptNeeded file /system/framework/x86_64/input.odex needs to be recompiled with Xposed for /system/framework/input.jar
E/cutils-trace( 2745): Error opening trace file: Permission denied (13)
I/dex2oat ( 2745): /system/bin/dex2oat --zip-fd=5 --zip-location=/system/framework/input.jar --oat-fd=6 --oat-location=/data/dalvik-cache/x86_64/system@framework@input.jar@classes.dex --instruction-set=x86_64 --instruction-set-features=default --runtime-arg -Xms64m --runtime-arg -Xmx512m --swap-fd=7
I/dex2oat ( 2745): Using '/system/framework/x86_64/input.odex' instead of file descriptor
I/dex2oat ( 2745): Decided to run without swap.
I/dex2oat ( 2745): dex2oat took 6.209ms (threads: 6) arena alloc=67KB java alloc=5KB native alloc=748KB free=7MB
I/art     ( 2568): DexFile_isDexOptNeeded file /system/framework/x86_64/pm.odex needs to be recompiled with Xposed for /system/framework/pm.jar
E/cutils-trace( 2751): Error opening trace file: Permission denied (13)
I/dex2oat ( 2751): /system/bin/dex2oat --zip-fd=5 --zip-location=/system/framework/pm.jar --oat-fd=6 --oat-location=/data/dalvik-cache/x86_64/system@framework@pm.jar@classes.dex --instruction-set=x86_64 --instruction-set-features=default --runtime-arg -Xms64m --runtime-arg -Xmx512m --swap-fd=7
I/dex2oat ( 2751): Using '/system/framework/x86_64/pm.odex' instead of file descriptor
I/dex2oat ( 2751): Decided to run without swap.
I/dex2oat ( 2751): dex2oat took 19.202ms (threads: 6) arena alloc=161KB java alloc=42KB native alloc=1607KB free=6MB
I/art     ( 2568): DexFile_isDexOptNeeded file /system/framework/x86_64/requestsync.odex needs to be recompiled with Xposed for /system/framework/requestsync.jar
E/cutils-trace( 2757): Error opening trace file: Permission denied (13)
I/dex2oat ( 2757): /system/bin/dex2oat --zip-fd=5 --zip-location=/system/framework/requestsync.jar --oat-fd=6 --oat-location=/data/dalvik-cache/x86_64/system@framework@requestsync.jar@classes.dex --instruction-set=x86_64 --instruction-set-features=default --runtime-arg -Xms64m --runtime-arg -Xmx512m --swap-fd=7
I/dex2oat ( 2757): Using '/system/framework/x86_64/requestsync.odex' instead of file descriptor
I/dex2oat ( 2757): Decided to run without swap.
I/dex2oat ( 2757): dex2oat took 7.280ms (threads: 6) arena alloc=28KB java alloc=3KB native alloc=486KB free=7MB
I/art     ( 2568): DexFile_isDexOptNeeded file /system/framework/x86_64/content.odex needs to be recompiled with Xposed for /system/framework/content.jar
E/cutils-trace( 2763): Error opening trace file: Permission denied (13)
I/dex2oat ( 2763): /system/bin/dex2oat --zip-fd=5 --zip-location=/system/framework/content.jar --oat-fd=6 --oat-location=/data/dalvik-cache/x86_64/system@framework@content.jar@classes.dex --instruction-set=x86_64 --instruction-set-features=default --runtime-arg -Xms64m --runtime-arg -Xmx512m --swap-fd=7
I/dex2oat ( 2763): Using '/system/framework/x86_64/content.odex' instead of file descriptor
I/dex2oat ( 2763): Decided to run without swap.
I/dex2oat ( 2763): dex2oat took 7.832ms (threads: 6) arena alloc=247KB java alloc=14KB native alloc=1661KB free=6MB
I/art     ( 2568): DexFile_isDexOptNeeded file /system/framework/x86_64/uiautomator.odex needs to be recompiled with Xposed for /system/framework/uiautomator.jar
E/cutils-trace( 2769): Error opening trace file: Permission denied (13)
I/dex2oat ( 2769): /system/bin/dex2oat --zip-fd=5 --zip-location=/system/framework/uiautomator.jar --oat-fd=6 --oat-location=/data/dalvik-cache/x86_64/system@framework@uiautomator.jar@classes.dex --instruction-set=x86_64 --instruction-set-features=default --runtime-arg -Xms64m --runtime-arg -Xmx512m --swap-fd=7
I/dex2oat ( 2769): Using '/system/framework/x86_64/uiautomator.odex' instead of file descriptor
I/dex2oat ( 2769): Decided to run without swap.
I/dex2oat ( 2769): dex2oat took 34.769ms (threads: 6) arena alloc=160KB java alloc=146KB native alloc=2MB free=5MB
I/art     ( 2568): DexFile_isDexOptNeeded file /system/framework/x86_64/appops.odex needs to be recompiled with Xposed for /system/framework/appops.jar
E/cutils-trace( 2775): Error opening trace file: Permission denied (13)
I/dex2oat ( 2775): /system/bin/dex2oat --zip-fd=5 --zip-location=/system/framework/appops.jar --oat-fd=6 --oat-location=/data/dalvik-cache/x86_64/system@framework@appops.jar@classes.dex --instruction-set=x86_64 --instruction-set-features=default --runtime-arg -Xms64m --runtime-arg -Xmx512m --swap-fd=7
I/dex2oat ( 2775): Using '/system/framework/x86_64/appops.odex' instead of file descriptor
I/dex2oat ( 2775): Decided to run without swap.
I/dex2oat ( 2775): dex2oat took 6.489ms (threads: 6) arena alloc=28KB java alloc=10KB native alloc=484KB free=7MB
I/art     ( 2568): DexFile_isDexOptNeeded file /system/framework/x86_64/bu.odex needs to be recompiled with Xposed for /system/framework/bu.jar
E/cutils-trace( 2781): Error opening trace file: Permission denied (13)
I/dex2oat ( 2781): /system/bin/dex2oat --zip-fd=5 --zip-location=/system/framework/bu.jar --oat-fd=6 --oat-location=/data/dalvik-cache/x86_64/system@framework@bu.jar@classes.dex --instruction-set=x86_64 --instruction-set-features=default --runtime-arg -Xms64m --runtime-arg -Xmx512m --swap-fd=7
I/dex2oat ( 2781): Using '/system/framework/x86_64/bu.odex' instead of file descriptor
I/dex2oat ( 2781): Decided to run without swap.
I/dex2oat ( 2781): dex2oat took 5.164ms (threads: 6) arena alloc=53KB java alloc=9KB native alloc=478KB free=7MB
I/art     ( 2568): DexFile_isDexOptNeeded file /system/framework/x86_64/monkey.odex needs to be recompiled with Xposed for /system/framework/monkey.jar
E/cutils-trace( 2787): Error opening trace file: Permission denied (13)
I/dex2oat ( 2787): /system/bin/dex2oat --zip-fd=5 --zip-location=/system/framework/monkey.jar --oat-fd=6 --oat-location=/data/dalvik-cache/x86_64/system@framework@monkey.jar@classes.dex --instruction-set=x86_64 --instruction-set-features=default --runtime-arg -Xms64m --runtime-arg -Xmx512m --swap-fd=7
I/dex2oat ( 2787): Using '/system/framework/x86_64/monkey.odex' instead of file descriptor
I/dex2oat ( 2787): Decided to run without swap.
I/dex2oat ( 2787): dex2oat took 18.078ms (threads: 6) arena alloc=847KB java alloc=127KB native alloc=2MB free=5MB
E/cutils-trace( 2793): Error opening trace file: Permission denied (13)
I/dex2oat ( 2793): /system/bin/dex2oat --zip-fd=5 --zip-location=/system/framework/XposedBridge.jar --oat-fd=6 --oat-location=/data/dalvik-cache/x86_64/system@framework@XposedBridge.jar@classes.dex --instruction-set=x86_64 --instruction-set-features=default --runtime-arg -Xms64m --runtime-arg -Xmx512m --swap-fd=7
I/dex2oat ( 2793): Decided to run without swap.
I/dex2oat ( 2793): dex2oat took 40.636ms (threads: 6) arena alloc=72KB java alloc=320KB native alloc=2MB free=5MB
I/art     ( 2568): DexFile_isDexOptNeeded file /system/framework/x86_64/wm.odex needs to be recompiled with Xposed for /system/framework/wm.jar
E/cutils-trace( 2799): Error opening trace file: Permission denied (13)
I/dex2oat ( 2799): /system/bin/dex2oat --zip-fd=5 --zip-location=/system/framework/wm.jar --oat-fd=6 --oat-location=/data/dalvik-cache/x86_64/system@framework@wm.jar@classes.dex --instruction-set=x86_64 --instruction-set-features=default --runtime-arg -Xms64m --runtime-arg -Xmx512m --swap-fd=7
I/dex2oat ( 2799): Using '/system/framework/x86_64/wm.odex' instead of file descriptor
I/dex2oat ( 2799): Decided to run without swap.
I/dex2oat ( 2799): dex2oat took 5.198ms (threads: 6) arena alloc=28KB java alloc=4KB native alloc=477KB free=7MB
I/art     ( 2568): DexFile_isDexOptNeeded file /system/framework/x86_64/dpm.odex needs to be recompiled with Xposed for /system/framework/dpm.jar
E/cutils-trace( 2805): Error opening trace file: Permission denied (13)
I/dex2oat ( 2805): /system/bin/dex2oat --zip-fd=5 --zip-location=/system/framework/dpm.jar --oat-fd=6 --oat-location=/data/dalvik-cache/x86_64/system@framework@dpm.jar@classes.dex --instruction-set=x86_64 --instruction-set-features=default --runtime-arg -Xms64m --runtime-arg -Xmx512m --swap-fd=7
I/dex2oat ( 2805): Using '/system/framework/x86_64/dpm.odex' instead of file descriptor
I/dex2oat ( 2805): Decided to run without swap.
I/dex2oat ( 2805): dex2oat took 5.249ms (threads: 6) arena alloc=28KB java alloc=4KB native alloc=479KB free=7MB
I/art     ( 2568): DexFile_isDexOptNeeded file /system/framework/x86_64/appwidget.odex needs to be recompiled with Xposed for /system/framework/appwidget.jar
E/cutils-trace( 2811): Error opening trace file: Permission denied (13)
I/dex2oat ( 2811): /system/bin/dex2oat --zip-fd=5 --zip-location=/system/framework/appwidget.jar --oat-fd=6 --oat-location=/data/dalvik-cache/x86_64/system@framework@appwidget.jar@classes.dex --instruction-set=x86_64 --instruction-set-features=default --runtime-arg -Xms64m --runtime-arg -Xmx512m --swap-fd=7
I/dex2oat ( 2811): Using '/system/framework/x86_64/appwidget.odex' instead of file descriptor
I/dex2oat ( 2811): Decided to run without swap.
I/dex2oat ( 2811): dex2oat took 4.997ms (threads: 6) arena alloc=139KB java alloc=5KB native alloc=1245KB free=6MB
I/art     ( 2568): DexFile_isDexOptNeeded file /system/framework/x86_64/media_cmd.odex needs to be recompiled with Xposed for /system/framework/media_cmd.jar
E/cutils-trace( 2817): Error opening trace file: Permission denied (13)
I/dex2oat ( 2817): /system/bin/dex2oat --zip-fd=5 --zip-location=/system/framework/media_cmd.jar --oat-fd=6 --oat-location=/data/dalvik-cache/x86_64/system@framework@media_cmd.jar@classes.dex --instruction-set=x86_64 --instruction-set-features=default --runtime-arg -Xms64m --runtime-arg -Xmx512m --swap-fd=7
I/dex2oat ( 2817): Using '/system/framework/x86_64/media_cmd.odex' instead of file descriptor
I/dex2oat ( 2817): Decided to run without swap.
I/dex2oat ( 2817): dex2oat took 6.086ms (threads: 6) arena alloc=162KB java alloc=32KB native alloc=1007KB free=7MB
I/art     ( 2568): DexFile_isDexOptNeeded file /system/framework/x86_64/svc.odex needs to be recompiled with Xposed for /system/framework/svc.jar
E/cutils-trace( 2823): Error opening trace file: Permission denied (13)
I/dex2oat ( 2823): /system/bin/dex2oat --zip-fd=5 --zip-location=/system/framework/svc.jar --oat-fd=6 --oat-location=/data/dalvik-cache/x86_64/system@framework@svc.jar@classes.dex --instruction-set=x86_64 --instruction-set-features=default --runtime-arg -Xms64m --runtime-arg -Xmx512m --swap-fd=7
I/dex2oat ( 2823): Using '/system/framework/x86_64/svc.odex' instead of file descriptor
I/dex2oat ( 2823): Decided to run without swap.
I/dex2oat ( 2823): dex2oat took 5.479ms (threads: 6) arena alloc=94KB java alloc=14KB native alloc=1387KB free=6MB
I/art     ( 2568): DexFile_isDexOptNeeded file /system/framework/x86_64/am.odex needs to be recompiled with Xposed for /system/framework/am.jar
E/cutils-trace( 2829): Error opening trace file: Permission denied (13)
I/dex2oat ( 2829): /system/bin/dex2oat --zip-fd=5 --zip-location=/system/framework/am.jar --oat-fd=6 --oat-location=/data/dalvik-cache/x86_64/system@framework@am.jar@classes.dex --instruction-set=x86_64 --instruction-set-features=default --runtime-arg -Xms64m --runtime-arg -Xmx512m --swap-fd=7
I/dex2oat ( 2829): Using '/system/framework/x86_64/am.odex' instead of file descriptor
I/dex2oat ( 2829): Decided to run without swap.
I/dex2oat ( 2829): dex2oat took 29.091ms (threads: 6) arena alloc=558KB java alloc=38KB native alloc=1611KB free=6MB
I/art     ( 2568): DexFile_isDexOptNeeded file /system/framework/x86/ime.odex needs to be recompiled with Xposed for /system/framework/ime.jar
E/cutils-trace( 2835): Error opening trace file: Permission denied (13)
I/dex2oat ( 2835): /system/bin/dex2oat --zip-fd=5 --zip-location=/system/framework/ime.jar --oat-fd=6 --oat-location=/data/dalvik-cache/x86/system@framework@ime.jar@classes.dex --instruction-set=x86 --instruction-set-features=default --runtime-arg -Xms64m --runtime-arg -Xmx512m --swap-fd=7
I/dex2oat ( 2835): Using '/system/framework/x86/ime.odex' instead of file descriptor
I/dex2oat ( 2835): Decided to run without swap.
I/dex2oat ( 2835): dex2oat took 5.587ms (threads: 6) arena alloc=61KB java alloc=6KB native alloc=482KB free=7MB
I/art     ( 2568): DexFile_isDexOptNeeded file /system/framework/x86/settings.odex needs to be recompiled with Xposed for /system/framework/settings.jar
E/cutils-trace( 2841): Error opening trace file: Permission denied (13)
I/dex2oat ( 2841): /system/bin/dex2oat --zip-fd=5 --zip-location=/system/framework/settings.jar --oat-fd=6 --oat-location=/data/dalvik-cache/x86/system@framework@settings.jar@classes.dex --instruction-set=x86 --instruction-set-features=default --runtime-arg -Xms64m --runtime-arg -Xmx512m --swap-fd=7
I/dex2oat ( 2841): Using '/system/framework/x86/settings.odex' instead of file descriptor
I/dex2oat ( 2841): Decided to run without swap.
I/dex2oat ( 2841): dex2oat took 7.166ms (threads: 6) arena alloc=238KB java alloc=5KB native alloc=743KB free=7MB
I/art     ( 2568): DexFile_isDexOptNeeded file /system/framework/x86/bmgr.odex needs to be recompiled with Xposed for /system/framework/bmgr.jar
E/cutils-trace( 2847): Error opening trace file: Permission denied (13)
I/dex2oat ( 2847): /system/bin/dex2oat --zip-fd=5 --zip-location=/system/framework/bmgr.jar --oat-fd=6 --oat-location=/data/dalvik-cache/x86/system@framework@bmgr.jar@classes.dex --instruction-set=x86 --instruction-set-features=default --runtime-arg -Xms64m --runtime-arg -Xmx512m --swap-fd=7
I/dex2oat ( 2847): Using '/system/framework/x86/bmgr.odex' instead of file descriptor
I/dex2oat ( 2847): Decided to run without swap.
I/dex2oat ( 2847): dex2oat took 7.647ms (threads: 6) arena alloc=81KB java alloc=15KB native alloc=770KB free=7MB
I/art     ( 2568): DexFile_isDexOptNeeded file /system/framework/x86/input.odex needs to be recompiled with Xposed for /system/framework/input.jar
E/cutils-trace( 2853): Error opening trace file: Permission denied (13)
I/dex2oat ( 2853): /system/bin/dex2oat --zip-fd=5 --zip-location=/system/framework/input.jar --oat-fd=6 --oat-location=/data/dalvik-cache/x86/system@framework@input.jar@classes.dex --instruction-set=x86 --instruction-set-features=default --runtime-arg -Xms64m --runtime-arg -Xmx512m --swap-fd=7
I/dex2oat ( 2853): Using '/system/framework/x86/input.odex' instead of file descriptor
I/dex2oat ( 2853): Decided to run without swap.
I/dex2oat ( 2853): dex2oat took 6.164ms (threads: 6) arena alloc=65KB java alloc=5KB native alloc=754KB free=7MB
I/art     ( 2568): DexFile_isDexOptNeeded file /system/framework/x86/pm.odex needs to be recompiled with Xposed for /system/framework/pm.jar
E/cutils-trace( 2859): Error opening trace file: Permission denied (13)
I/dex2oat ( 2859): /system/bin/dex2oat --zip-fd=5 --zip-location=/system/framework/pm.jar --oat-fd=6 --oat-location=/data/dalvik-cache/x86/system@framework@pm.jar@classes.dex --instruction-set=x86 --instruction-set-features=default --runtime-arg -Xms64m --runtime-arg -Xmx512m --swap-fd=7
I/dex2oat ( 2859): Using '/system/framework/x86/pm.odex' instead of file descriptor
I/dex2oat ( 2859): Decided to run without swap.
I/dex2oat ( 2859): dex2oat took 18.576ms (threads: 6) arena alloc=172KB java alloc=38KB native alloc=1602KB free=6MB
I/art     ( 2568): DexFile_isDexOptNeeded file /system/framework/x86/requestsync.odex needs to be recompiled with Xposed for /system/framework/requestsync.jar
E/cutils-trace( 2865): Error opening trace file: Permission denied (13)
I/dex2oat ( 2865): /system/bin/dex2oat --zip-fd=5 --zip-location=/system/framework/requestsync.jar --oat-fd=6 --oat-location=/data/dalvik-cache/x86/system@framework@requestsync.jar@classes.dex --instruction-set=x86 --instruction-set-features=default --runtime-arg -Xms64m --runtime-arg -Xmx512m --swap-fd=7
I/dex2oat ( 2865): Using '/system/framework/x86/requestsync.odex' instead of file descriptor
I/dex2oat ( 2865): Decided to run without swap.
I/dex2oat ( 2865): dex2oat took 5.718ms (threads: 6) arena alloc=25KB java alloc=3KB native alloc=485KB free=7MB
I/art     ( 2568): DexFile_isDexOptNeeded file /system/framework/x86/content.odex needs to be recompiled with Xposed for /system/framework/content.jar
E/cutils-trace( 2871): Error opening trace file: Permission denied (13)
I/dex2oat ( 2871): /system/bin/dex2oat --zip-fd=5 --zip-location=/system/framework/content.jar --oat-fd=6 --oat-location=/data/dalvik-cache/x86/system@framework@content.jar@classes.dex --instruction-set=x86 --instruction-set-features=default --runtime-arg -Xms64m --runtime-arg -Xmx512m --swap-fd=7
I/dex2oat ( 2871): Using '/system/framework/x86/content.odex' instead of file descriptor
I/dex2oat ( 2871): Decided to run without swap.
I/dex2oat ( 2871): dex2oat took 8.706ms (threads: 6) arena alloc=137KB java alloc=13KB native alloc=1525KB free=6MB
I/art     ( 2568): DexFile_isDexOptNeeded file /system/framework/x86/uiautomator.odex needs to be recompiled with Xposed for /system/framework/uiautomator.jar
E/cutils-trace( 2877): Error opening trace file: Permission denied (13)
I/dex2oat ( 2877): /system/bin/dex2oat --zip-fd=5 --zip-location=/system/framework/uiautomator.jar --oat-fd=6 --oat-location=/data/dalvik-cache/x86/system@framework@uiautomator.jar@classes.dex --instruction-set=x86 --instruction-set-features=default --runtime-arg -Xms64m --runtime-arg -Xmx512m --swap-fd=7
I/dex2oat ( 2877): Using '/system/framework/x86/uiautomator.odex' instead of file descriptor
I/dex2oat ( 2877): Decided to run without swap.
I/dex2oat ( 2877): dex2oat took 18.289ms (threads: 6) arena alloc=65KB java alloc=135KB native alloc=1945KB free=6MB
I/art     ( 2568): DexFile_isDexOptNeeded file /system/framework/x86/appops.odex needs to be recompiled with Xposed for /system/framework/appops.jar
E/cutils-trace( 2883): Error opening trace file: Permission denied (13)
I/dex2oat ( 2883): /system/bin/dex2oat --zip-fd=5 --zip-location=/system/framework/appops.jar --oat-fd=6 --oat-location=/data/dalvik-cache/x86/system@framework@appops.jar@classes.dex --instruction-set=x86 --instruction-set-features=default --runtime-arg -Xms64m --runtime-arg -Xmx512m --swap-fd=7
I/dex2oat ( 2883): Using '/system/framework/x86/appops.odex' instead of file descriptor
I/dex2oat ( 2883): Decided to run without swap.
I/dex2oat ( 2883): dex2oat took 5.894ms (threads: 6) arena alloc=24KB java alloc=9KB native alloc=483KB free=7MB
I/art     ( 2568): DexFile_isDexOptNeeded file /system/framework/x86/bu.odex needs to be recompiled with Xposed for /system/framework/bu.jar
E/cutils-trace( 2889): Error opening trace file: Permission denied (13)
I/dex2oat ( 2889): /system/bin/dex2oat --zip-fd=5 --zip-location=/system/framework/bu.jar --oat-fd=6 --oat-location=/data/dalvik-cache/x86/system@framework@bu.jar@classes.dex --instruction-set=x86 --instruction-set-features=default --runtime-arg -Xms64m --runtime-arg -Xmx512m --swap-fd=7
I/dex2oat ( 2889): Using '/system/framework/x86/bu.odex' instead of file descriptor
I/dex2oat ( 2889): Decided to run without swap.
I/dex2oat ( 2889): dex2oat took 5.385ms (threads: 6) arena alloc=49KB java alloc=8KB native alloc=475KB free=7MB
I/art     ( 2568): DexFile_isDexOptNeeded file /system/framework/x86/monkey.odex needs to be recompiled with Xposed for /system/framework/monkey.jar
E/cutils-trace( 2895): Error opening trace file: Permission denied (13)
I/dex2oat ( 2895): /system/bin/dex2oat --zip-fd=5 --zip-location=/system/framework/monkey.jar --oat-fd=6 --oat-location=/data/dalvik-cache/x86/system@framework@monkey.jar@classes.dex --instruction-set=x86 --instruction-set-features=default --runtime-arg -Xms64m --runtime-arg -Xmx512m --swap-fd=7
I/dex2oat ( 2895): Using '/system/framework/x86/monkey.odex' instead of file descriptor
I/dex2oat ( 2895): Decided to run without swap.
I/dex2oat ( 2895): dex2oat took 17.066ms (threads: 6) arena alloc=965KB java alloc=121KB native alloc=2MB free=5MB
E/cutils-trace( 2901): Error opening trace file: Permission denied (13)
I/dex2oat ( 2901): /system/bin/dex2oat --zip-fd=5 --zip-location=/system/framework/XposedBridge.jar --oat-fd=6 --oat-location=/data/dalvik-cache/x86/system@framework@XposedBridge.jar@classes.dex --instruction-set=x86 --instruction-set-features=default --runtime-arg -Xms64m --runtime-arg -Xmx512m --swap-fd=7
I/dex2oat ( 2901): Decided to run without swap.
I/dex2oat ( 2901): dex2oat took 40.818ms (threads: 6) arena alloc=89KB java alloc=300KB native alloc=2MB free=5MB
I/art     ( 2568): DexFile_isDexOptNeeded file /system/framework/x86/wm.odex needs to be recompiled with Xposed for /system/framework/wm.jar
E/cutils-trace( 2907): Error opening trace file: Permission denied (13)
I/dex2oat ( 2907): /system/bin/dex2oat --zip-fd=5 --zip-location=/system/framework/wm.jar --oat-fd=6 --oat-location=/data/dalvik-cache/x86/system@framework@wm.jar@classes.dex --instruction-set=x86 --instruction-set-features=default --runtime-arg -Xms64m --runtime-arg -Xmx512m --swap-fd=7
I/dex2oat ( 2907): Using '/system/framework/x86/wm.odex' instead of file descriptor
I/dex2oat ( 2907): Decided to run without swap.
I/dex2oat ( 2907): dex2oat took 5.175ms (threads: 6) arena alloc=24KB java alloc=3KB native alloc=484KB free=7MB
I/art     ( 2568): DexFile_isDexOptNeeded file /system/framework/x86/dpm.odex needs to be recompiled with Xposed for /system/framework/dpm.jar
E/cutils-trace( 2913): Error opening trace file: Permission denied (13)
I/dex2oat ( 2913): /system/bin/dex2oat --zip-fd=5 --zip-location=/system/framework/dpm.jar --oat-fd=6 --oat-location=/data/dalvik-cache/x86/system@framework@dpm.jar@classes.dex --instruction-set=x86 --instruction-set-features=default --runtime-arg -Xms64m --runtime-arg -Xmx512m --swap-fd=7
I/dex2oat ( 2913): Using '/system/framework/x86/dpm.odex' instead of file descriptor
I/dex2oat ( 2913): Decided to run without swap.
I/dex2oat ( 2913): dex2oat took 7.055ms (threads: 6) arena alloc=24KB java alloc=4KB native alloc=476KB free=7MB
I/art     ( 2568): DexFile_isDexOptNeeded file /system/framework/x86/appwidget.odex needs to be recompiled with Xposed for /system/framework/appwidget.jar
E/cutils-trace( 2919): Error opening trace file: Permission denied (13)
I/dex2oat ( 2919): /system/bin/dex2oat --zip-fd=5 --zip-location=/system/framework/appwidget.jar --oat-fd=6 --oat-location=/data/dalvik-cache/x86/system@framework@appwidget.jar@classes.dex --instruction-set=x86 --instruction-set-features=default --runtime-arg -Xms64m --runtime-arg -Xmx512m --swap-fd=7
I/dex2oat ( 2919): Using '/system/framework/x86/appwidget.odex' instead of file descriptor
I/dex2oat ( 2919): Decided to run without swap.
I/dex2oat ( 2919): dex2oat took 4.223ms (threads: 6) arena alloc=130KB java alloc=5KB native alloc=1244KB free=6MB
I/art     ( 2568): DexFile_isDexOptNeeded file /system/framework/x86/media_cmd.odex needs to be recompiled with Xposed for /system/framework/media_cmd.jar
E/cutils-trace( 2925): Error opening trace file: Permission denied (13)
I/dex2oat ( 2925): /system/bin/dex2oat --zip-fd=5 --zip-location=/system/framework/media_cmd.jar --oat-fd=6 --oat-location=/data/dalvik-cache/x86/system@framework@media_cmd.jar@classes.dex --instruction-set=x86 --instruction-set-features=default --runtime-arg -Xms64m --runtime-arg -Xmx512m --swap-fd=7
I/dex2oat ( 2925): Using '/system/framework/x86/media_cmd.odex' instead of file descriptor
I/dex2oat ( 2925): Decided to run without swap.
I/dex2oat ( 2925): dex2oat took 5.866ms (threads: 6) arena alloc=154KB java alloc=29KB native alloc=1003KB free=7MB
I/art     ( 2568): DexFile_isDexOptNeeded file /system/framework/x86/svc.odex needs to be recompiled with Xposed for /system/framework/svc.jar
E/cutils-trace( 2931): Error opening trace file: Permission denied (13)
I/dex2oat ( 2931): /system/bin/dex2oat --zip-fd=5 --zip-location=/system/framework/svc.jar --oat-fd=6 --oat-location=/data/dalvik-cache/x86/system@framework@svc.jar@classes.dex --instruction-set=x86 --instruction-set-features=default --runtime-arg -Xms64m --runtime-arg -Xmx512m --swap-fd=7
I/dex2oat ( 2931): Using '/system/framework/x86/svc.odex' instead of file descriptor
I/dex2oat ( 2931): Decided to run without swap.
I/dex2oat ( 2931): dex2oat took 5.032ms (threads: 6) arena alloc=130KB java alloc=13KB native alloc=1516KB free=6MB
I/art     ( 2568): DexFile_isDexOptNeeded file /system/framework/x86/am.odex needs to be recompiled with Xposed for /system/framework/am.jar
E/cutils-trace( 2937): Error opening trace file: Permission denied (13)
I/dex2oat ( 2937): /system/bin/dex2oat --zip-fd=5 --zip-location=/system/framework/am.jar --oat-fd=6 --oat-location=/data/dalvik-cache/x86/system@framework@am.jar@classes.dex --instruction-set=x86 --instruction-set-features=default --runtime-arg -Xms64m --runtime-arg -Xmx512m --swap-fd=7
I/dex2oat ( 2937): Using '/system/framework/x86/am.odex' instead of file descriptor
I/dex2oat ( 2937): Decided to run without swap.
I/dex2oat ( 2937): dex2oat took 15.661ms (threads: 6) arena alloc=556KB java alloc=35KB native alloc=1612KB free=6MB
D/PackageManager( 2568): No files in app dir /vendor/overlay
I/PackageManager( 2568): /system/framework/framework-res.apk changed; collecting certs
W/PackageManager( 2568): Failed to parse /system/framework/x86_64: Missing base APK in /system/framework/x86_64
W/PackageManager( 2568): Failed to parse /system/framework/x86: Missing base APK in /system/framework/x86
I/PackageManager( 2568): /system/priv-app/TelephonyProvider changed; collecting certs
I/art     ( 2568): DexFile_isDexOptNeeded file /system/priv-app/TelephonyProvider/x86_64/TelephonyProvider.odex needs to be recompiled with Xposed for /system/priv-app/TelephonyProvider/TelephonyProvider.apk
I/PackageManager( 2568): /system/priv-app/Phonesky changed; collecting certs
I/PackageManager( 2568): /system/priv-app/Termux changed; collecting certs
I/PackageManager( 2568): New shared user com.termux: id=10001
I/art     ( 2568): DexFile_isDexOptNeeded file /system/priv-app/Termux/x86_64/Termux.odex needs to be recompiled with Xposed for /system/priv-app/Termux/Termux.apk
I/PackageManager( 2568): /system/priv-app/ContactsProvider changed; collecting certs
I/PackageManager( 2568): New shared user android.uid.shared: id=10002
I/art     ( 2568): DexFile_isDexOptNeeded file /system/priv-app/ContactsProvider/x86_64/ContactsProvider.odex needs to be recompiled with Xposed for /system/priv-app/ContactsProvider/ContactsProvider.apk
I/PackageManager( 2568): /system/priv-app/BackupRestoreConfirmation changed; collecting certs
I/art     ( 2568): DexFile_isDexOptNeeded file /system/priv-app/BackupRestoreConfirmation/x86_64/BackupRestoreConfirmation.odex needs to be recompiled with Xposed for /system/priv-app/BackupRestoreConfirmation/BackupRestoreConfirmation.apk
I/PackageManager( 2568): /system/priv-app/SharedStorageBackup changed; collecting certs
I/art     ( 2568): DexFile_isDexOptNeeded file /system/priv-app/SharedStorageBackup/x86_64/SharedStorageBackup.odex needs to be recompiled with Xposed for /system/priv-app/SharedStorageBackup/SharedStorageBackup.apk
I/PackageManager( 2568): /system/priv-app/OtoOta changed; collecting certs
I/art     ( 2568): DexFile_isDexOptNeeded file /system/priv-app/OtoOta/x86_64/OtoOta.odex needs to be recompiled with Xposed for /system/priv-app/OtoOta/OtoOta.apk
I/PackageManager( 2568): /system/priv-app/MmsService changed; collecting certs
I/art     ( 2568): DexFile_isDexOptNeeded file /system/priv-app/MmsService/x86_64/MmsService.odex needs to be recompiled with Xposed for /system/priv-app/MmsService/MmsService.apk
I/PackageManager( 2568): /system/priv-app/ManagedProvisioning changed; collecting certs
I/art     ( 2568): DexFile_isDexOptNeeded file /system/priv-app/ManagedProvisioning/x86_64/ManagedProvisioning.odex needs to be recompiled with Xposed for /system/priv-app/ManagedProvisioning/ManagedProvisioning.apk
I/PackageManager( 2568): /system/priv-app/Settings changed; collecting certs
I/art     ( 2568): DexFile_isDexOptNeeded file /system/priv-app/Settings/x86_64/Settings.odex needs to be recompiled with Xposed for /system/priv-app/Settings/Settings.apk
W/PackageParser( 2568): Unknown element under <intent-filter>: android at /system/priv-app/Telecom/Telecom.apk Binary XML file line #232
I/PackageManager( 2568): /system/priv-app/Telecom changed; collecting certs
I/art     ( 2568): DexFile_isDexOptNeeded file /system/priv-app/Telecom/x86_64/Telecom.odex needs to be recompiled with Xposed for /system/priv-app/Telecom/Telecom.apk
I/PackageManager( 2568): /system/priv-app/OtoFileManager changed; collecting certs
I/PackageManager( 2568): New shared user org.openthos.launcher: id=10007
I/art     ( 2568): DexFile_isDexOptNeeded file /system/priv-app/OtoFileManager/x86_64/OtoFileManager.odex needs to be recompiled with Xposed for /system/priv-app/OtoFileManager/OtoFileManager.apk
I/PackageManager( 2568): /system/priv-app/GoogleFeedback changed; collecting certs
I/art     ( 2568): DexFile_isDexOptNeeded file /system/priv-app/GoogleFeedback/x86_64/GoogleFeedback.odex needs to be recompiled with Xposed for /system/priv-app/GoogleFeedback/GoogleFeedback.apk
I/PackageManager( 2568): /system/priv-app/WallpaperCropper changed; collecting certs
I/art     ( 2568): DexFile_isDexOptNeeded file /system/priv-app/WallpaperCropper/x86_64/WallpaperCropper.odex needs to be recompiled with Xposed for /system/priv-app/WallpaperCropper/WallpaperCropper.apk
I/PackageManager( 2568): /system/priv-app/SettingsProvider changed; collecting certs
I/art     ( 2568): DexFile_isDexOptNeeded file /system/priv-app/SettingsProvider/x86_64/SettingsProvider.odex needs to be recompiled with Xposed for /system/priv-app/SettingsProvider/SettingsProvider.apk
I/PackageManager( 2568): /system/priv-app/OtoCloudService changed; collecting certs
I/art     ( 2568): DexFile_isDexOptNeeded file /system/priv-app/OtoCloudService/x86_64/OtoCloudService.odex needs to be recompiled with Xposed for /system/priv-app/OtoCloudService/OtoCloudService.apk
W/PackageManager( 2568): Permission group android.permission-group.SUPERUSER from package org.openthos.seafile ignored: original from com.android.settings
W/Resources( 2568): Converting to boolean: TypedValue{t=0x3/d=0x333f "true" a=2 r=0x7f120a3e}
I/PackageManager( 2568): /system/priv-app/GmsCore changed; collecting certs
I/PackageManager( 2568): New shared user com.google.uid.shared: id=10010
I/PackageManager( 2568): /system/priv-app/SystemUI changed; collecting certs
I/PackageManager( 2568): New shared user android.uid.systemui: id=10011
I/art     ( 2568): DexFile_isDexOptNeeded file /system/priv-app/SystemUI/x86_64/SystemUI.odex needs to be recompiled with Xposed for /system/priv-app/SystemUI/SystemUI.apk
I/PackageManager( 2568): /system/priv-app/GoogleBackupTransport changed; collecting certs
I/art     ( 2568): DexFile_isDexOptNeeded file /system/priv-app/GoogleBackupTransport/x86_64/GoogleBackupTransport.odex needs to be recompiled with Xposed for /system/priv-app/GoogleBackupTransport/GoogleBackupTransport.apk
I/PackageManager( 2568): /system/priv-app/ExternalStorageProvider changed; collecting certs
I/art     ( 2568): DexFile_isDexOptNeeded file /system/priv-app/ExternalStorageProvider/x86_64/ExternalStorageProvider.odex needs to be recompiled with Xposed for /system/priv-app/ExternalStorageProvider/ExternalStorageProvider.apk
I/PackageManager( 2568): /system/priv-app/DownloadProvider changed; collecting certs
I/PackageManager( 2568): New shared user android.media: id=10013
I/art     ( 2568): DexFile_isDexOptNeeded file /system/priv-app/DownloadProvider/x86_64/DownloadProvider.odex needs to be recompiled with Xposed for /system/priv-app/DownloadProvider/DownloadProvider.apk
W/ResourceType( 2568): Failure getting entry for 0x7f08026f (t=7 e=623) (error -75)
I/PackageManager( 2568): /system/priv-app/TeleService changed; collecting certs
I/art     ( 2568): DexFile_isDexOptNeeded file /system/priv-app/TeleService/x86_64/TeleService.odex needs to be recompiled with Xposed for /system/priv-app/TeleService/TeleService.apk
I/PackageManager( 2568): /system/priv-app/CalendarProvider changed; collecting certs
I/PackageManager( 2568): New shared user android.uid.calendar: id=10014
I/art     ( 2568): DexFile_isDexOptNeeded file /system/priv-app/CalendarProvider/x86_64/CalendarProvider.odex needs to be recompiled with Xposed for /system/priv-app/CalendarProvider/CalendarProvider.apk
I/PackageManager( 2568): /system/priv-app/ProxyHandler changed; collecting certs
I/art     ( 2568): DexFile_isDexOptNeeded file /system/priv-app/ProxyHandler/x86_64/ProxyHandler.odex needs to be recompiled with Xposed for /system/priv-app/ProxyHandler/ProxyHandler.apk
I/PackageManager( 2568): /system/priv-app/MusicFX changed; collecting certs
I/art     ( 2568): DexFile_isDexOptNeeded file /system/priv-app/MusicFX/x86_64/MusicFX.odex needs to be recompiled with Xposed for /system/priv-app/MusicFX/MusicFX.apk
I/PackageManager( 2568): /system/priv-app/GoogleLoginService changed; collecting certs
I/art     ( 2568): DexFile_isDexOptNeeded file /system/priv-app/GoogleLoginService/x86_64/GoogleLoginService.odex needs to be recompiled with Xposed for /system/priv-app/GoogleLoginService/GoogleLoginService.apk
I/PackageManager( 2568): /system/priv-app/GoogleServicesFramework changed; collecting certs
I/art     ( 2568): DexFile_isDexOptNeeded file /system/priv-app/GoogleServicesFramework/x86_64/GoogleServicesFramework.odex needs to be recompiled with Xposed for /system/priv-app/GoogleServicesFramework/GoogleServicesFramework.apk
W/PackageParser( 2568): No actions in intent filter at /system/priv-app/OtoPhoto/OtoPhoto.apk Binary XML file line #235
I/PackageManager( 2568): /system/priv-app/OtoPhoto changed; collecting certs
I/art     ( 2568): DexFile_isDexOptNeeded file /system/priv-app/OtoPhoto/x86_64/OtoPhoto.odex needs to be recompiled with Xposed for /system/priv-app/OtoPhoto/OtoPhoto.apk
I/PackageManager( 2568): /system/priv-app/OtoSetupWizard changed; collecting certs
I/art     ( 2568): DexFile_isDexOptNeeded file /system/priv-app/OtoSetupWizard/x86_64/OtoSetupWizard.odex needs to be recompiled with Xposed for /system/priv-app/OtoSetupWizard/OtoSetupWizard.apk
I/PackageManager( 2568): /system/priv-app/GooglePartnerSetup changed; collecting certs
I/art     ( 2568): DexFile_isDexOptNeeded file /system/priv-app/GooglePartnerSetup/x86_64/GooglePartnerSetup.odex needs to be recompiled with Xposed for /system/priv-app/GooglePartnerSetup/GooglePartnerSetup.apk
I/PackageManager( 2568): /system/priv-app/Shell changed; collecting certs
I/art     ( 2568): DexFile_isDexOptNeeded file /system/priv-app/Shell/x86_64/Shell.odex needs to be recompiled with Xposed for /system/priv-app/Shell/Shell.apk
I/PackageManager( 2568): /system/priv-app/OneTimeInitializer changed; collecting certs
I/art     ( 2568): DexFile_isDexOptNeeded file /system/priv-app/OneTimeInitializer/x86_64/OneTimeInitializer.odex needs to be recompiled with Xposed for /system/priv-app/OneTimeInitializer/OneTimeInitializer.apk
I/PackageManager( 2568): /system/priv-app/InputDevices changed; collecting certs
I/art     ( 2568): DexFile_isDexOptNeeded file /system/priv-app/InputDevices/x86_64/InputDevices.odex needs to be recompiled with Xposed for /system/priv-app/InputDevices/InputDevices.apk
I/PackageManager( 2568): /system/priv-app/DefaultContainerService changed; collecting certs
I/art     ( 2568): DexFile_isDexOptNeeded file /system/priv-app/DefaultContainerService/x86_64/DefaultContainerService.odex needs to be recompiled with Xposed for /system/priv-app/DefaultContainerService/DefaultContainerService.apk
I/PackageManager( 2568): /system/priv-app/MediaProvider changed; collecting certs
I/art     ( 2568): DexFile_isDexOptNeeded file /system/priv-app/MediaProvider/x86_64/MediaProvider.odex needs to be recompiled with Xposed for /system/priv-app/MediaProvider/MediaProvider.apk
I/PackageManager( 2568): /system/priv-app/FusedLocation changed; collecting certs
I/art     ( 2568): DexFile_isDexOptNeeded file /system/priv-app/FusedLocation/x86_64/FusedLocation.odex needs to be recompiled with Xposed for /system/priv-app/FusedLocation/FusedLocation.apk
I/PackageManager( 2568): /system/priv-app/VpnDialogs changed; collecting certs
I/art     ( 2568): DexFile_isDexOptNeeded file /system/priv-app/VpnDialogs/x86_64/VpnDialogs.odex needs to be recompiled with Xposed for /system/priv-app/VpnDialogs/VpnDialogs.apk
I/PackageManager( 2568): /system/priv-app/OtoRecorder changed; collecting certs
I/art     ( 2568): DexFile_isDexOptNeeded file /system/priv-app/OtoRecorder/x86_64/OtoRecorder.odex needs to be recompiled with Xposed for /system/priv-app/OtoRecorder/OtoRecorder.apk
I/PackageManager( 2568): /system/priv-app/OtoUserAppWizard changed; collecting certs
I/art     ( 2568): DexFile_isDexOptNeeded file /system/priv-app/OtoUserAppWizard/x86_64/OtoUserAppWizard.odex needs to be recompiled with Xposed for /system/priv-app/OtoUserAppWizard/OtoUserAppWizard.apk
I/PackageManager( 2568): /system/app/Fennec changed; collecting certs
I/PackageManager( 2568): New shared user org.mozilla.fennec_openthos.sharedID: id=10024
I/art     ( 2568): DexFile_isDexOptNeeded file /system/app/Fennec/x86/Fennec.odex needs to be recompiled with Xposed for /system/app/Fennec/Fennec.apk
I/PackageManager( 2568): /system/app/Calendar changed; collecting certs
I/art     ( 2568): DexFile_isDexOptNeeded file /system/app/Calendar/x86_64/Calendar.odex needs to be recompiled with Xposed for /system/app/Calendar/Calendar.apk
I/PackageManager( 2568): /system/app/CertInstaller changed; collecting certs
I/art     ( 2568): DexFile_isDexOptNeeded file /system/app/CertInstaller/x86_64/CertInstaller.odex needs to be recompiled with Xposed for /system/app/CertInstaller/CertInstaller.apk
I/PackageManager( 2568): /system/app/Calculator changed; collecting certs
I/art     ( 2568): DexFile_isDexOptNeeded file /system/app/Calculator/x86_64/Calculator.odex needs to be recompiled with Xposed for /system/app/Calculator/Calculator.apk
I/PackageManager( 2568): /system/app/OtoFileSelector changed; collecting certs
E/sdcard  ( 2271): missing packages.list; retrying
I/art     ( 2568): DexFile_isDexOptNeeded file /system/app/OtoFileSelector/x86_64/OtoFileSelector.odex needs to be recompiled with Xposed for /system/app/OtoFileSelector/OtoFileSelector.apk
I/PackageManager( 2568): /system/app/DeskClock changed; collecting certs
I/art     ( 2568): DexFile_isDexOptNeeded file /system/app/DeskClock/x86_64/DeskClock.odex needs to be recompiled with Xposed for /system/app/DeskClock/DeskClock.apk
I/PackageManager( 2568): /system/app/OtoKeyboardMap changed; collecting certs
I/art     ( 2568): DexFile_isDexOptNeeded file /system/app/OtoKeyboardMap/x86_64/OtoKeyboardMap.odex needs to be recompiled with Xposed for /system/app/OtoKeyboardMap/OtoKeyboardMap.apk
I/PackageManager( 2568): /system/app/Vlc changed; collecting certs
I/art     ( 2568): DexFile_isDexOptNeeded file /system/app/Vlc/x86_64/Vlc.odex needs to be recompiled with Xposed for /system/app/Vlc/Vlc.apk
I/PackageManager( 2568): /system/app/DownloadProviderUi changed; collecting certs
I/art     ( 2568): DexFile_isDexOptNeeded file /system/app/DownloadProviderUi/x86_64/DownloadProviderUi.odex needs to be recompiled with Xposed for /system/app/DownloadProviderUi/DownloadProviderUi.apk
I/PackageManager( 2568): /system/app/Exchange2 changed; collecting certs
I/art     ( 2568): DexFile_isDexOptNeeded file /system/app/Exchange2/x86_64/Exchange2.odex needs to be recompiled with Xposed for /system/app/Exchange2/Exchange2.apk
I/PackageManager( 2568): /system/app/LineRect changed; collecting certs
I/art     ( 2568): DexFile_isDexOptNeeded file /system/app/LineRect/x86_64/LineRect.odex needs to be recompiled with Xposed for /system/app/LineRect/LineRect.apk
I/PackageManager( 2568): /system/app/OtoCompress changed; collecting certs
I/art     ( 2568): DexFile_isDexOptNeeded file /system/app/OtoCompress/x86_64/OtoCompress.odex needs to be recompiled with Xposed for /system/app/OtoCompress/OtoCompress.apk
W/PackageParser( 2568): No actions in intent filter at /system/app/Bluetooth/Bluetooth.apk Binary XML file line #209
I/PackageManager( 2568): /system/app/Bluetooth changed; collecting certs
I/art     ( 2568): DexFile_isDexOptNeeded file /system/app/Bluetooth/x86_64/Bluetooth.odex needs to be recompiled with Xposed for /system/app/Bluetooth/Bluetooth.apk
I/PackageManager( 2568): /system/app/PowerSource changed; collecting certs
I/art     ( 2568): DexFile_isDexOptNeeded file /system/app/PowerSource/x86_64/PowerSource.odex needs to be recompiled with Xposed for /system/app/PowerSource/PowerSource.apk
