I/art     ( 2268): Explicit concurrent mark sweep GC freed 114(5KB) AllocSpace objects, 0(0B) LOS objects, 39% free, 2MB/4MB, paused 14us total 1.563ms
I/art     ( 2268): Explicit concurrent mark sweep GC freed 135(5KB) AllocSpace objects, 0(0B) LOS objects, 40% free, 2MB/4MB, paused 14us total 1.417ms
I/art     ( 2268): Explicit concurrent mark sweep GC freed 62(2800B) AllocSpace objects, 0(0B) LOS objects, 39% free, 2MB/4MB, paused 14us total 1.389ms
I/art     ( 2268): Explicit concurrent mark sweep GC freed 111(4KB) AllocSpace objects, 0(0B) LOS objects, 39% free, 2MB/4MB, paused 14us total 1.414ms
I/art     ( 2268): Explicit concurrent mark sweep GC freed 206(9KB) AllocSpace objects, 0(0B) LOS objects, 39% free, 2MB/4MB, paused 15us total 1.450ms
I/art     ( 2268): Explicit concurrent mark sweep GC freed 370(16KB) AllocSpace objects, 0(0B) LOS objects, 39% free, 2MB/4MB, paused 15us total 1.485ms
I/art     ( 2268): Explicit concurrent mark sweep GC freed 214(9KB) AllocSpace objects, 0(0B) LOS objects, 39% free, 2MB/4MB, paused 16us total 1.667ms
I/art     ( 2268): Explicit concurrent mark sweep GC freed 112(6KB) AllocSpace objects, 0(0B) LOS objects, 40% free, 3MB/5MB, paused 15us total 1.509ms
I/art     ( 2268): Explicit concurrent mark sweep GC freed 113(5KB) AllocSpace objects, 0(0B) LOS objects, 40% free, 3MB/5MB, paused 15us total 1.442ms
I/art     ( 2268): Explicit concurrent mark sweep GC freed 49(8KB) AllocSpace objects, 0(0B) LOS objects, 39% free, 3MB/5MB, paused 15us total 1.441ms
I/art     ( 2268): Explicit concurrent mark sweep GC freed 101(5KB) AllocSpace objects, 0(0B) LOS objects, 40% free, 3MB/5MB, paused 16us total 1.684ms
I/art     ( 2268): Explicit concurrent mark sweep GC freed 105(4KB) AllocSpace objects, 0(0B) LOS objects, 40% free, 3MB/5MB, paused 16us total 1.615ms
I/art     ( 2268): Explicit concurrent mark sweep GC freed 99(4KB) AllocSpace objects, 0(0B) LOS objects, 39% free, 3MB/5MB, paused 15us total 1.454ms
I/art     ( 2268): Explicit concurrent mark sweep GC freed 172(8KB) AllocSpace objects, 0(0B) LOS objects, 40% free, 3MB/5MB, paused 15us total 1.492ms
I/art     ( 2268): Explicit concurrent mark sweep GC freed 419(19KB) AllocSpace objects, 0(0B) LOS objects, 39% free, 3MB/5MB, paused 16us total 1.542ms
I/art     ( 2268): Explicit concurrent mark sweep GC freed 363(16KB) AllocSpace objects, 0(0B) LOS objects, 39% free, 3MB/6MB, paused 19us total 2.246ms
I/art     ( 2268): Explicit concurrent mark sweep GC freed 174(8KB) AllocSpace objects, 0(0B) LOS objects, 39% free, 3MB/6MB, paused 16us total 1.628ms
I/art     ( 2268): Explicit concurrent mark sweep GC freed 515(19KB) AllocSpace objects, 0(0B) LOS objects, 40% free, 3MB/6MB, paused 16us total 1.590ms
I/art     ( 2268): Explicit concurrent mark sweep GC freed 353(14KB) AllocSpace objects, 0(0B) LOS objects, 39% free, 3MB/6MB, paused 16us total 1.553ms
I/art     ( 2268): Explicit concurrent mark sweep GC freed 1153(40KB) AllocSpace objects, 0(0B) LOS objects, 39% free, 3MB/6MB, paused 16us total 1.558ms
I/art     ( 2268): Explicit concurrent mark sweep GC freed 1499(50KB) AllocSpace objects, 0(0B) LOS objects, 39% free, 3MB/6MB, paused 17us total 2.700ms
I/art     ( 2268): Explicit concurrent mark sweep GC freed 1381(49KB) AllocSpace objects, 0(0B) LOS objects, 39% free, 3MB/6MB, paused 16us total 1.662ms
I/art     ( 2268): Explicit concurrent mark sweep GC freed 1456(57KB) AllocSpace objects, 0(0B) LOS objects, 40% free, 3MB/6MB, paused 16us total 1.899ms
I/art     ( 2268): Explicit concurrent mark sweep GC freed 603(27KB) AllocSpace objects, 0(0B) LOS objects, 39% free, 3MB/6MB, paused 16us total 1.644ms
I/art     ( 2268): Explicit concurrent mark sweep GC freed 344(20KB) AllocSpace objects, 0(0B) LOS objects, 39% free, 3MB/6MB, paused 16us total 1.648ms
I/art     ( 2268): Explicit concurrent mark sweep GC freed 384(17KB) AllocSpace objects, 0(0B) LOS objects, 40% free, 4MB/6MB, paused 18us total 1.680ms
I/Zygote  ( 2268): ...preloaded 343 resources in 130ms.
I/art     ( 2268): Explicit concurrent mark sweep GC freed 639(39KB) AllocSpace objects, 0(0B) LOS objects, 39% free, 4MB/6MB, paused 20us total 2.459ms
I/Zygote  ( 2268): ...preloaded 41 resources in 3ms.
I/art     ( 2268): Counter: 0
D/libEGL  ( 2268): loaded /vendor/lib64/egl/libGLES_mesa.so
I/Zygote  ( 2268): Preloading shared libraries...
D/Zygote  ( 2268): end preload
I/art     ( 2268): Explicit concurrent mark sweep GC freed 450(20KB) AllocSpace objects, 0(0B) LOS objects, 39% free, 4MB/6MB, paused 18us total 2.940ms
I/art     ( 2268): Explicit concurrent mark sweep GC freed 389(16KB) AllocSpace objects, 0(0B) LOS objects, 39% free, 4MB/6MB, paused 16us total 1.722ms
I/art     ( 2268): Explicit concurrent mark sweep GC freed 5(160B) AllocSpace objects, 0(0B) LOS objects, 39% free, 4MB/6MB, paused 16us total 1.634ms
I/Zygote  ( 2268): System server process 2568 has been created
I/Zygote  ( 2268): Accepting command socket connections
W/Zygote  ( 2568): Got error connecting to zygote, retrying. msg= Connection refused
W/Zygote  ( 2568): Got error connecting to zygote, retrying. msg= Connection refused
W/Zygote  ( 2568): Got error connecting to zygote, retrying. msg= Connection refused
E/sdcard  ( 2271): missing packages.list; retrying
I/Xposed  ( 2269): -----------------
I/Xposed  ( 2269): Starting Xposed version 89 (OPENTHOS), compiled for SDK 22
I/Xposed  ( 2269): Device: B360-AIO (TSINGHUA TONGFANG COMPUTER), Android version 5.1.1 (SDK 22)
I/Xposed  ( 2269): ROM: LMY49M test-keys
I/Xposed  ( 2269): Build fingerprint: Android-x86/android_x86_64/x86_64:5.1.1/LMY49M/09200130:user/test-keys
I/Xposed  ( 2269): Platform: x86_64, 32-bit binary, system server: no
I/Xposed  ( 2269): SELinux enabled: no, enforcing: no
W/Zygote  ( 2568): Got error connecting to zygote, retrying. msg= Connection refused
W/Zygote  ( 2568): Got error connecting to zygote, retrying. msg= Connection refused
W/Zygote  ( 2568): Got error connecting to zygote, retrying. msg= Connection refused
I/Xposed  ( 2269): -----------------
I/Xposed  ( 2269): Added Xposed (/system/framework/XposedBridge.jar) to CLASSPATH
D/AndroidRuntime( 2269): >>>>>> START de.robv.android.xposed.XposedBridge uid 0 <<<<<<
D/AndroidRuntime( 2269): CheckJNI is OFF
I/art     ( 2269): option[0]=-Xzygote
I/art     ( 2269): option[1]=-Xstacktracefile:/data/anr/traces.txt
I/art     ( 2269): option[2]=exit
I/art     ( 2269): option[3]=vfprintf
I/art     ( 2269): option[4]=sensitiveThread
I/art     ( 2269): option[5]=-verbose:gc
I/art     ( 2269): option[6]=-Xms16m
I/art     ( 2269): option[7]=-Xmx512m
I/art     ( 2269): option[8]=-XX:mainThreadStackSize=24K
I/art     ( 2269): option[9]=-XX:HeapGrowthLimit=192m
I/art     ( 2269): option[10]=-XX:HeapMinFree=512k
I/art     ( 2269): option[11]=-XX:HeapMaxFree=8m
I/art     ( 2269): option[12]=-XX:HeapTargetUtilization=0.75
I/art     ( 2269): option[13]=-Xgenregmap
I/art     ( 2269): option[14]=-Xgc:precise
I/art     ( 2269): option[15]=-agentlib:jdwp=transport=dt_android_adb,suspend=n,server=y
I/art     ( 2269): option[16]=-Ximage-compiler-option
I/art     ( 2269): option[17]=--runtime-arg
I/art     ( 2269): option[18]=-Ximage-compiler-option
I/art     ( 2269): option[19]=-Xms64m
I/art     ( 2269): option[20]=-Ximage-compiler-option
I/art     ( 2269): option[21]=--runtime-arg
I/art     ( 2269): option[22]=-Ximage-compiler-option
I/art     ( 2269): option[23]=-Xmx64m
I/art     ( 2269): option[24]=-Ximage-compiler-option
I/art     ( 2269): option[25]=--image-classes=/system/etc/preloaded-classes
I/art     ( 2269): option[26]=-Xcompiler-option
I/art     ( 2269): option[27]=--runtime-arg
I/art     ( 2269): option[28]=-Xcompiler-option
I/art     ( 2269): option[29]=-Xms64m
I/art     ( 2269): option[30]=-Xcompiler-option
I/art     ( 2269): option[31]=--runtime-arg
I/art     ( 2269): option[32]=-Xcompiler-option
I/art     ( 2269): option[33]=-Xmx512m
I/art     ( 2269): option[34]=-Duser.language=zh
I/art     ( 2269): option[35]=-Duser.region=CN
I/art     ( 2269): option[36]=-XX:NativeBridge=libhoudini.so
I/art     ( 2269): Pruning dalvik-cache since we are generating an image and will need to recompile
I/art     ( 2269): Using an offset of 0x34e000 from default art base address of 0x70000000
I/art     ( 2269): GenerateImage: /system/bin/dex2oat --image=/data/dalvik-cache/x86/system@framework@boot.art --dex-file=/system/framework/x86/boot.oat --oat-file=/data/dalvik-cache/x86/system@framework@boot.oat --instruction-set=x86 --instruction-set-features=default --base=0x7034e000 --runtime-arg -Xms64m --runtime-arg -Xmx64m --image-classes=/system/etc/preloaded-classes
I/dex2oat ( 2586): /system/bin/dex2oat --image=/data/dalvik-cache/x86/system@framework@boot.art --dex-file=/system/framework/x86/boot.oat --oat-file=/data/dalvik-cache/x86/system@framework@boot.oat --instruction-set=x86 --instruction-set-features=default --base=0x7034e000 --runtime-arg -Xms64m --runtime-arg -Xmx64m --image-classes=/system/etc/preloaded-classes
E/sdcard  ( 2271): missing packages.list; retrying
W/Zygote  ( 2568): Got error connecting to zygote, retrying. msg= Connection refused
I/dex2oat ( 2586): Explicit concurrent mark sweep GC freed 44591(5MB) AllocSpace objects, 0(0B) LOS objects, 15% free, 21MB/25MB, paused 41us total 21.687ms
I/dex2oat ( 2586): Method exceeds compiler instruction limit: 21296 in void org.ccil.cowan.tagsoup.HTMLSchema.<init>()
W/Zygote  ( 2568): Got error connecting to zygote, retrying. msg= Connection refused
W/Zygote  ( 2568): Got error connecting to zygote, retrying. msg= Connection refused
I/dex2oat ( 2586): Explicit concurrent mark sweep GC freed 224910(15MB) AllocSpace objects, 0(0B) LOS objects, 26% free, 10MB/14MB, paused 45us total 13.101ms
I/dex2oat ( 2586): dex2oat took 3.458s (threads: 6) arena alloc=2MB java alloc=10MB native alloc=63MB free=16MB
I/dex2oat ( 2593): /system/bin/dex2oat --runtime-arg -classpath --runtime-arg /system/framework/XposedBridge.jar --instruction-set=x86 --instruction-set-features=default --runtime-arg -Xnorelocate --boot-image=/system/framework/boot.art --dex-file=/system/framework/XposedBridge.jar --oat-fd=4 --oat-location=/data/dalvik-cache/x86/system@framework@XposedBridge.jar@classes.dex --runtime-arg -Xms64m --runtime-arg -Xmx512m
I/dex2oat ( 2593): dex2oat took 52.860ms (threads: 6) arena alloc=85KB java alloc=295KB native alloc=2MB free=5MB
I/Xposed  ( 2269): Detected ART runtime
I/Xposed  ( 2269): Found Xposed class 'de/robv/android/xposed/XposedBridge', now initializing
E/memtrack( 2269): Couldn't load memtrack module (No such file or directory)
E/android.os.Debug( 2269): failed to load memtrack module: -2
D/idmap   ( 2604): error: no read access to /vendor/overlay: No such file or directory
I/art     ( 2269): Explicit concurrent mark sweep GC freed 11632(566KB) AllocSpace objects, 0(0B) LOS objects, 65% free, 531KB/1555KB, paused 70us total 4.735ms
I/dex2oat ( 2605): /system/bin/dex2oat --runtime-arg -classpath --runtime-arg /system/framework/XposedBridge.jar --instruction-set=x86 --instruction-set-features=default --runtime-arg -Xnorelocate --boot-image=/system/framework/boot.art --dex-file=/data/dalvik-cache/xposed_XResourcesSuperClass.dex --oat-fd=10 --oat-location=/data/dalvik-cache/x86/data@dalvik-cache@xposed_XResourcesSuperClass.dex --runtime-arg -Xms64m --runtime-arg -Xmx512m
I/dex2oat ( 2605): dex2oat took 14.455ms (threads: 6) arena alloc=0B java alloc=26KB native alloc=240KB free=7MB
I/dex2oat ( 2611): /system/bin/dex2oat --runtime-arg -classpath --runtime-arg /system/framework/XposedBridge.jar --instruction-set=x86 --instruction-set-features=default --runtime-arg -Xnorelocate --boot-image=/system/framework/boot.art --dex-file=/data/dalvik-cache/xposed_XTypedArraySuperClass.dex --oat-fd=10 --oat-location=/data/dalvik-cache/x86/data@dalvik-cache@xposed_XTypedArraySuperClass.dex --runtime-arg -Xms64m --runtime-arg -Xmx512m
I/dex2oat ( 2611): dex2oat took 12.427ms (threads: 6) arena alloc=0B java alloc=26KB native alloc=241KB free=7MB
E/sdcard  ( 2271): missing packages.list; retrying
I/Smaster : ( 2269):  Loading Modules ... GOOOOOOO 
I/Xposed  ( 2269): Loading modules from /system/app/Task/Task.apk
E/Xposed  ( 2269):   Cannot load module
E/Xposed  ( 2269): java.io.IOException: Zip archive '/system/app/Task/Task.apk' doesn't contain classes.dex (error msg: Entry not found)
E/Xposed  ( 2269): 	at dalvik.system.DexFile.openDexFileNative(Native Method)
E/Xposed  ( 2269): 	at dalvik.system.DexFile.openDexFile(DexFile.java:295)
E/Xposed  ( 2269): 	at dalvik.system.DexFile.<init>(DexFile.java:80)
E/Xposed  ( 2269): 	at de.robv.android.xposed.XposedInit.loadModule(XposedInit.java:507)
E/Xposed  ( 2269): 	at de.robv.android.xposed.XposedInit.loadModules(XposedInit.java:485)
E/Xposed  ( 2269): 	at de.robv.android.xposed.XposedBridge.main(XposedBridge.java:96)
E/Xposed  ( 2269): Caused by: java.io.IOException: Failed to open oat file from dex location '/system/app/Task/Task.apk'
E/Xposed  ( 2269): 	... 6 more
E/Xposed  ( 2269): Caused by: java.io.IOException: Failed to open oat file from /system/app/Task/x86/Task.odex (error Failed to open oat filename for reading: No such file or directory) (no dalvik_cache availible) and relocation failed.
E/Xposed  ( 2269): 	... 6 more
E/Xposed  ( 2269): Caused by: java.io.IOException: 
E/Xposed  ( 2269): 	... 6 more
I/Smaster task --> ( 2269): path===/system/app/Task/Task.apk
I/SamplingProfilerIntegration( 2269): Profiling disabled.
D/Zygote  ( 2269): begin preload
I/Zygote  ( 2269): Preloading classes...
I/art     ( 2269): Explicit concurrent mark sweep GC freed 67(90KB) AllocSpace objects, 0(0B) LOS objects, 62% free, 618KB/1642KB, paused 31us total 1.307ms
I/art     ( 2269): Counter: 1
I/art     ( 2269): Explicit concurrent mark sweep GC freed 600(36KB) AllocSpace objects, 0(0B) LOS objects, 61% free, 632KB/1656KB, paused 29us total 1.131ms
I/art     ( 2269): Explicit concurrent mark sweep GC freed 825(48KB) AllocSpace objects, 0(0B) LOS objects, 61% free, 632KB/1656KB, paused 29us total 955us
I/art     ( 2269): Explicit concurrent mark sweep GC freed 661(41KB) AllocSpace objects, 0(0B) LOS objects, 61% free, 639KB/1663KB, paused 30us total 1.376ms
I/art     ( 2269): Explicit concurrent mark sweep GC freed 572(34KB) AllocSpace objects, 0(0B) LOS objects, 60% free, 673KB/1697KB, paused 37us total 1.703ms
E/Minikin ( 2269): addFont failed to create font /system/fonts/NotoSansGujarati-Regular.ttf
E/Minikin ( 2269): addFont failed to create font /system/fonts/NotoSansGujarati-Bold.ttf
E/Minikin ( 2269): addFont failed to create font /system/fonts/NotoSansGujaratiUI-Regular.ttf
E/Minikin ( 2269): addFont failed to create font /system/fonts/NotoSansGujaratiUI-Bold.ttf
E/Minikin ( 2269): addFont failed to create font /system/fonts/NotoSansGurmukhi-Regular.ttf
E/Minikin ( 2269): addFont failed to create font /system/fonts/NotoSansGurmukhi-Bold.ttf
E/Minikin ( 2269): addFont failed to create font /system/fonts/NotoSansGurmukhiUI-Regular.ttf
E/Minikin ( 2269): addFont failed to create font /system/fonts/NotoSansGurmukhiUI-Bold.ttf
E/Minikin ( 2269): addFont failed to create font /system/fonts/NotoSansSinhala-Regular.ttf
E/Minikin ( 2269): addFont failed to create font /system/fonts/NotoSansSinhala-Bold.ttf
E/Minikin ( 2269): addFont failed to create font /system/fonts/NotoSansThaana-Regular.ttf
E/Minikin ( 2269): addFont failed to create font /system/fonts/NotoSansThaana-Bold.ttf
E/Minikin ( 2269): addFont failed to create font /system/fonts/NotoSansCham-Regular.ttf
E/Minikin ( 2269): addFont failed to create font /system/fonts/NotoSansCham-Bold.ttf
E/Minikin ( 2269): addFont failed to create font /system/fonts/NotoSansBalinese-Regular.ttf
E/Minikin ( 2269): addFont failed to create font /system/fonts/NotoSansBatak-Regular.ttf
E/Minikin ( 2269): addFont failed to create font /system/fonts/NotoSansBuginese-Regular.ttf
E/Minikin ( 2269): addFont failed to create font /system/fonts/NotoSansBuhid-Regular.ttf
E/Minikin ( 2269): addFont failed to create font /system/fonts/NotoSansCanadianAboriginal-Regular.ttf
E/Minikin ( 2269): addFont failed to create font /system/fonts/NotoSansCherokee-Regular.ttf
E/Minikin ( 2269): addFont failed to create font /system/fonts/NotoSansCoptic-Regular.ttf
E/Minikin ( 2269): addFont failed to create font /system/fonts/NotoSansGlagolitic-Regular.ttf
E/Minikin ( 2269): addFont failed to create font /system/fonts/NotoSansHanunoo-Regular.ttf
E/Minikin ( 2269): addFont failed to create font /system/fonts/NotoSansJavanese-Regular.ttf
E/Minikin ( 2269): addFont failed to create font /system/fonts/NotoSansKayahLi-Regular.ttf
E/Minikin ( 2269): addFont failed to create font /system/fonts/NotoSansLepcha-Regular.ttf
E/Minikin ( 2269): addFont failed to create font /system/fonts/NotoSansLimbu-Regular.ttf
E/Minikin ( 2269): addFont failed to create font /system/fonts/NotoSansMeeteiMayek-Regular.ttf
E/Minikin ( 2269): addFont failed to create font /system/fonts/NotoSansOlChiki-Regular.ttf
E/Minikin ( 2269): addFont failed to create font /system/fonts/NotoSansRejang-Regular.ttf
E/Minikin ( 2269): addFont failed to create font /system/fonts/NotoSansSaurashtra-Regular.ttf
E/Minikin ( 2269): addFont failed to create font /system/fonts/NotoSansSundanese-Regular.ttf
E/Minikin ( 2269): addFont failed to create font /system/fonts/NotoSansSylotiNagri-Regular.ttf
E/Minikin ( 2269): addFont failed to create font /system/fonts/NotoSansTagbanwa-Regular.ttf
E/Minikin ( 2269): addFont failed to create font /system/fonts/NotoSansTaiTham-Regular.ttf
E/Minikin ( 2269): addFont failed to create font /system/fonts/NotoSansTaiViet-Regular.ttf
E/Minikin ( 2269): addFont failed to create font /system/fonts/NotoSansTifinagh-Regular.ttf
E/Minikin ( 2269): addFont failed to create font /system/fonts/NotoSansYi-Regular.ttf
E/Minikin ( 2269): addFont failed to create font /system/fonts/Lohit-Odia.ttf
E/Minikin ( 2269): addFont failed to create font /system/fonts/NotoSansHans-Regular.otf
E/Minikin ( 2269): addFont failed to create font /system/fonts/NotoSansHant-Regular.otf
E/Minikin ( 2269): addFont failed to create font /system/fonts/NotoSansJP-Regular.otf
E/Minikin ( 2269): addFont failed to create font /system/fonts/NotoSansKR-Regular.otf
E/Minikin ( 2269): addFont failed to create font /system/fonts/NotoSansTaiLe-Regular.ttf
I/art     ( 2269): Explicit concurrent mark sweep GC freed 2276(154KB) AllocSpace objects, 0(0B) LOS objects, 59% free, 682KB/1706KB, paused 31us total 1.320ms
I/art     ( 2269): Explicit concurrent mark sweep GC freed 2081(102KB) AllocSpace objects, 0(0B) LOS objects, 58% free, 723KB/1747KB, paused 29us total 1.545ms
I/art     ( 2269): Explicit concurrent mark sweep GC freed 1981(88KB) AllocSpace objects, 0(0B) LOS objects, 57% free, 758KB/1782KB, paused 30us total 1.470ms
I/art     ( 2269): Explicit concurrent mark sweep GC freed 375(19KB) AllocSpace objects, 0(0B) LOS objects, 56% free, 791KB/1815KB, paused 29us total 1.465ms
I/art     ( 2269): Thread[1,tid=2269,WaitingForJniOnLoad,Thread*=0xf4025800,peer=0x12c31100,"main"] recursive attempt to load library "/system/lib/libmedia_jni.so"
D/MtpDeviceJNI( 2269): register_android_mtp_MtpDevice
I/art     ( 2269): Thread[1,tid=2269,WaitingForJniOnLoad,Thread*=0xf4025800,peer=0x12c31100,"main"] recursive attempt to load library "/system/lib/libmedia_jni.so"
I/art     ( 2269): Thread[1,tid=2269,WaitingForJniOnLoad,Thread*=0xf4025800,peer=0x12c31100,"main"] recursive attempt to load library "/system/lib/libmedia_jni.so"
I/art     ( 2269): Explicit concurrent mark sweep GC freed 674(41KB) AllocSpace objects, 0(0B) LOS objects, 56% free, 800KB/1824KB, paused 31us total 1.530ms
I/art     ( 2269): Explicit concurrent mark sweep GC freed 514(26KB) AllocSpace objects, 0(0B) LOS objects, 55% free, 823KB/1847KB, paused 31us total 1.545ms
I/art     ( 2269): Explicit concurrent mark sweep GC freed 755(39KB) AllocSpace objects, 0(0B) LOS objects, 55% free, 832KB/1856KB, paused 30us total 1.562ms
I/art     ( 2269): Explicit concurrent mark sweep GC freed 471(28KB) AllocSpace objects, 0(0B) LOS objects, 53% free, 872KB/1896KB, paused 30us total 1.309ms
I/art     ( 2269): Explicit concurrent mark sweep GC freed 1820(106KB) AllocSpace objects, 0(0B) LOS objects, 50% free, 1022KB/2046KB, paused 30us total 1.528ms
E/EmojiFactory_jni( 2269): Failed to load libemoji.so: dlopen failed: library "libemoji.so" not found
I/art     ( 2269): Explicit concurrent mark sweep GC freed 412(48KB) AllocSpace objects, 0(0B) LOS objects, 43% free, 1319KB/2MB, paused 30us total 1.846ms
I/art     ( 2269): Explicit concurrent mark sweep GC freed 641(41KB) AllocSpace objects, 0(0B) LOS objects, 43% free, 1337KB/2MB, paused 30us total 1.586ms
I/art     ( 2269): Explicit concurrent mark sweep GC freed 841(48KB) AllocSpace objects, 0(0B) LOS objects, 43% free, 1338KB/2MB, paused 30us total 1.568ms
I/art     ( 2269): Explicit concurrent mark sweep GC freed 737(48KB) AllocSpace objects, 0(0B) LOS objects, 43% free, 1338KB/2MB, paused 30us total 1.437ms
I/art     ( 2269): Explicit concurrent mark sweep GC freed 877(91KB) AllocSpace objects, 0(0B) LOS objects, 42% free, 1362KB/2MB, paused 32us total 3.157ms
I/art     ( 2269): Explicit concurrent mark sweep GC freed 635(46KB) AllocSpace objects, 0(0B) LOS objects, 42% free, 1364KB/2MB, paused 31us total 1.540ms
I/art     ( 2269): Explicit concurrent mark sweep GC freed 645(44KB) AllocSpace objects, 0(0B) LOS objects, 42% free, 1369KB/2MB, paused 30us total 1.417ms
I/art     ( 2269): Explicit concurrent mark sweep GC freed 596(48KB) AllocSpace objects, 0(0B) LOS objects, 42% free, 1370KB/2MB, paused 30us total 1.417ms
I/art     ( 2269): Explicit concurrent mark sweep GC freed 752(43KB) AllocSpace objects, 0(0B) LOS objects, 42% free, 1375KB/2MB, paused 30us total 1.507ms
I/art     ( 2269): Explicit concurrent mark sweep GC freed 655(37KB) AllocSpace objects, 0(0B) LOS objects, 42% free, 1386KB/2MB, paused 30us total 1.390ms
I/art     ( 2269): Explicit concurrent mark sweep GC freed 794(45KB) AllocSpace objects, 0(0B) LOS objects, 42% free, 1390KB/2MB, paused 30us total 1.462ms
I/System  ( 2269): Loaded time zone names for "" in 10ms (10ms in ICU)
I/System  ( 2269): Loaded time zone names for "en_US" in 4ms (4ms in ICU)
I/System  ( 2269): Loaded time zone names for "zh_CN" in 5ms (4ms in ICU)
I/art     ( 2269): Explicit concurrent mark sweep GC freed 4408(262KB) AllocSpace objects, 0(0B) LOS objects, 39% free, 1585KB/2MB, paused 32us total 1.908ms
I/art     ( 2269): Explicit concurrent mark sweep GC freed 172(14KB) AllocSpace objects, 0(0B) LOS objects, 38% free, 1650KB/2MB, paused 30us total 1.577ms
I/art     ( 2269): Explicit concurrent mark sweep GC freed 408(32KB) AllocSpace objects, 0(0B) LOS objects, 37% free, 1695KB/2MB, paused 30us total 1.661ms
I/art     ( 2269): Explicit concurrent mark sweep GC freed 693(47KB) AllocSpace objects, 0(0B) LOS objects, 37% free, 1697KB/2MB, paused 30us total 1.582ms
I/Zygote  ( 2269): ...preloaded 3005 classes in 163ms.
I/art     ( 2269): VMRuntime.preloadDexCaches starting
I/art     ( 2269): VMRuntime.preloadDexCaches strings total=216078 before=39458 after=39458
I/art     ( 2269): VMRuntime.preloadDexCaches types total=18404 before=6410 after=6449
I/art     ( 2269): VMRuntime.preloadDexCaches fields total=86146 before=32558 after=32941
I/art     ( 2269): VMRuntime.preloadDexCaches methods total=152591 before=67333 after=68315
I/art     ( 2269): VMRuntime.preloadDexCaches finished
I/art     ( 2269): Counter: 0
I/art     ( 2269): Counter: 1
I/art     ( 2269): Explicit concurrent mark sweep GC freed 569(50KB) AllocSpace objects, 0(0B) LOS objects, 39% free, 1683KB/2MB, paused 30us total 2.116ms
I/Zygote  ( 2269): Preloading resources...
I/art     ( 2269): Explicit concurrent mark sweep GC freed 127(8KB) AllocSpace objects, 0(0B) LOS objects, 39% free, 1725KB/2MB, paused 70us total 3.500ms
I/art     ( 2269): Explicit concurrent mark sweep GC freed 93(4KB) AllocSpace objects, 0(0B) LOS objects, 39% free, 1771KB/2MB, paused 58us total 2.951ms
I/art     ( 2269): Explicit concurrent mark sweep GC freed 194(12KB) AllocSpace objects, 0(0B) LOS objects, 40% free, 1810KB/2MB, paused 50us total 2.556ms
I/art     ( 2269): Explicit concurrent mark sweep GC freed 95(4KB) AllocSpace objects, 0(0B) LOS objects, 39% free, 1855KB/3MB, paused 42us total 2.101ms
I/art     ( 2269): Explicit concurrent mark sweep GC freed 94(5KB) AllocSpace objects, 0(0B) LOS objects, 39% free, 1900KB/3MB, paused 37us total 2.038ms
I/art     ( 2269): Explicit concurrent mark sweep GC freed 102(4KB) AllocSpace objects, 0(0B) LOS objects, 39% free, 1946KB/3MB, paused 37us total 1.822ms
I/art     ( 2269): Explicit concurrent mark sweep GC freed 112(5KB) AllocSpace objects, 0(0B) LOS objects, 39% free, 1991KB/3MB, paused 33us total 1.755ms
I/art     ( 2269): Explicit concurrent mark sweep GC freed 118(5KB) AllocSpace objects, 0(0B) LOS objects, 39% free, 2039KB/3MB, paused 33us total 1.639ms
I/art     ( 2269): Explicit concurrent mark sweep GC freed 108(5KB) AllocSpace objects, 0(0B) LOS objects, 40% free, 2MB/3MB, paused 32us total 1.616ms
I/art     ( 2269): Explicit concurrent mark sweep GC freed 153(6KB) AllocSpace objects, 0(0B) LOS objects, 39% free, 2MB/3MB, paused 32us total 1.580ms
I/art     ( 2269): Explicit concurrent mark sweep GC freed 138(6KB) AllocSpace objects, 0(0B) LOS objects, 39% free, 2MB/3MB, paused 32us total 1.587ms
I/art     ( 2269): Explicit concurrent mark sweep GC freed 84(7KB) AllocSpace objects, 0(0B) LOS objects, 40% free, 2MB/3MB, paused 32us total 1.580ms
I/art     ( 2269): Explicit concurrent mark sweep GC freed 114(5KB) AllocSpace objects, 0(0B) LOS objects, 40% free, 2MB/3MB, paused 34us total 1.805ms
I/art     ( 2269): Explicit concurrent mark sweep GC freed 135(5KB) AllocSpace objects, 0(0B) LOS objects, 39% free, 2MB/3MB, paused 44us total 1.982ms
I/art     ( 2269): Explicit concurrent mark sweep GC freed 62(2800B) AllocSpace objects, 0(0B) LOS objects, 40% free, 2MB/3MB, paused 34us total 1.865ms
I/art     ( 2269): Explicit concurrent mark sweep GC freed 111(4KB) AllocSpace objects, 0(0B) LOS objects, 39% free, 2MB/4MB, paused 33us total 1.681ms
I/art     ( 2269): Explicit concurrent mark sweep GC freed 206(9KB) AllocSpace objects, 0(0B) LOS objects, 39% free, 2MB/4MB, paused 33us total 1.676ms
I/art     ( 2269): Explicit concurrent mark sweep GC freed 370(16KB) AllocSpace objects, 0(0B) LOS objects, 40% free, 2MB/4MB, paused 34us total 1.661ms
I/art     ( 2269): Explicit concurrent mark sweep GC freed 214(9KB) AllocSpace objects, 0(0B) LOS objects, 39% free, 2MB/4MB, paused 33us total 1.664ms
I/art     ( 2269): Explicit concurrent mark sweep GC freed 112(6KB) AllocSpace objects, 0(0B) LOS objects, 39% free, 2MB/4MB, paused 34us total 1.659ms
I/art     ( 2269): Explicit concurrent mark sweep GC freed 113(5KB) AllocSpace objects, 0(0B) LOS objects, 40% free, 2MB/4MB, paused 34us total 1.657ms
I/art     ( 2269): Explicit concurrent mark sweep GC freed 49(8KB) AllocSpace objects, 0(0B) LOS objects, 39% free, 2MB/4MB, paused 33us total 1.653ms
I/art     ( 2269): Explicit concurrent mark sweep GC freed 101(5KB) AllocSpace objects, 0(0B) LOS objects, 39% free, 2MB/4MB, paused 34us total 1.662ms
I/art     ( 2269): Explicit concurrent mark sweep GC freed 105(4KB) AllocSpace objects, 0(0B) LOS objects, 39% free, 3MB/5MB, paused 34us total 1.676ms
I/art     ( 2269): Explicit concurrent mark sweep GC freed 99(4KB) AllocSpace objects, 0(0B) LOS objects, 39% free, 3MB/5MB, paused 35us total 1.682ms
I/art     ( 2269): Explicit concurrent mark sweep GC freed 172(8KB) AllocSpace objects, 0(0B) LOS objects, 39% free, 3MB/5MB, paused 36us total 1.872ms
I/art     ( 2269): Explicit concurrent mark sweep GC freed 419(19KB) AllocSpace objects, 0(0B) LOS objects, 39% free, 3MB/5MB, paused 36us total 1.953ms
I/art     ( 2269): Explicit concurrent mark sweep GC freed 363(16KB) AllocSpace objects, 0(0B) LOS objects, 40% free, 3MB/5MB, paused 36us total 1.816ms
I/art     ( 2269): Explicit concurrent mark sweep GC freed 174(8KB) AllocSpace objects, 0(0B) LOS objects, 39% free, 3MB/5MB, paused 36us total 1.779ms
I/art     ( 2269): Explicit concurrent mark sweep GC freed 515(19KB) AllocSpace objects, 0(0B) LOS objects, 40% free, 3MB/5MB, paused 36us total 1.794ms
I/art     ( 2269): Explicit concurrent mark sweep GC freed 353(14KB) AllocSpace objects, 0(0B) LOS objects, 39% free, 3MB/6MB, paused 36us total 1.783ms
I/art     ( 2269): Explicit concurrent mark sweep GC freed 1153(40KB) AllocSpace objects, 0(0B) LOS objects, 40% free, 3MB/6MB, paused 36us total 1.809ms
I/art     ( 2269): Explicit concurrent mark sweep GC freed 1499(50KB) AllocSpace objects, 0(0B) LOS objects, 40% free, 3MB/6MB, paused 36us total 1.816ms
I/art     ( 2269): Explicit concurrent mark sweep GC freed 1381(49KB) AllocSpace objects, 0(0B) LOS objects, 39% free, 3MB/6MB, paused 35us total 1.817ms
I/art     ( 2269): Explicit concurrent mark sweep GC freed 1456(57KB) AllocSpace objects, 0(0B) LOS objects, 39% free, 3MB/6MB, paused 38us total 2.352ms
I/art     ( 2269): Explicit concurrent mark sweep GC freed 603(27KB) AllocSpace objects, 0(0B) LOS objects, 39% free, 3MB/6MB, paused 38us total 3.198ms
I/art     ( 2269): Explicit concurrent mark sweep GC freed 344(20KB) AllocSpace objects, 0(0B) LOS objects, 39% free, 3MB/6MB, paused 36us total 2.002ms
I/art     ( 2269): Explicit concurrent mark sweep GC freed 384(17KB) AllocSpace objects, 0(0B) LOS objects, 39% free, 3MB/6MB, paused 37us total 1.935ms
I/Zygote  ( 2269): ...preloaded 343 resources in 123ms.
I/art     ( 2269): Explicit concurrent mark sweep GC freed 639(39KB) AllocSpace objects, 0(0B) LOS objects, 39% free, 3MB/6MB, paused 38us total 1.926ms
I/Zygote  ( 2269): ...preloaded 41 resources in 3ms.
I/art     ( 2269): Counter: 0
W/linker  ( 2269): libglapi.so has text relocations. This is wasting memory and prevents security hardening. Please fix.
D/libEGL  ( 2269): loaded /vendor/lib/egl/libGLES_mesa.so
I/Zygote  ( 2269): Preloading shared libraries...
D/Zygote  ( 2269): end preload
I/art     ( 2269): Explicit concurrent mark sweep GC freed 450(20KB) AllocSpace objects, 0(0B) LOS objects, 40% free, 3MB/6MB, paused 45us total 2.522ms
I/art     ( 2269): Explicit concurrent mark sweep GC freed 389(16KB) AllocSpace objects, 0(0B) LOS objects, 40% free, 3MB/6MB, paused 43us total 2.264ms
I/art     ( 2269): Explicit concurrent mark sweep GC freed 5(160B) AllocSpace objects, 0(0B) LOS objects, 40% free, 3MB/6MB, paused 38us total 1.979ms
I/Zygote  ( 2269): Accepting command socket connections
I/Zygote  ( 2568): Process: zygote socket opened, supported ABIS: x86,armeabi-v7a,armeabi
I/art     ( 2568): DexFile_isDexOptNeeded file /system/framework/x86_64/services.odex needs to be recompiled with Xposed for /system/framework/services.jar
I/InstallerConnection( 2568): connecting...
I/installd( 2266): new connection
E/cutils-trace( 2617): Error opening trace file: Permission denied (13)
I/dex2oat ( 2617): /system/bin/dex2oat --zip-fd=5 --zip-location=/system/framework/services.jar --oat-fd=6 --oat-location=/data/dalvik-cache/x86_64/system@framework@services.jar@classes.dex --instruction-set=x86_64 --instruction-set-features=default --runtime-arg -Xms64m --runtime-arg -Xmx512m --swap-fd=7
I/dex2oat ( 2617): Using '/system/framework/x86_64/services.odex' instead of file descriptor
I/dex2oat ( 2617): Decided to run without swap.
I/dex2oat ( 2617): dex2oat took 505.038ms (threads: 6) arena alloc=3MB java alloc=4MB native alloc=19MB free=8MB
I/art     ( 2568): DexFile_isDexOptNeeded file /system/framework/x86_64/ethernet-service.odex needs to be recompiled with Xposed for /system/framework/ethernet-service.jar
E/cutils-trace( 2623): Error opening trace file: Permission denied (13)
I/dex2oat ( 2623): /system/bin/dex2oat --zip-fd=5 --zip-location=/system/framework/ethernet-service.jar --oat-fd=6 --oat-location=/data/dalvik-cache/x86_64/system@framework@ethernet-service.jar@classes.dex --instruction-set=x86_64 --instruction-set-features=default --runtime-arg -Xms64m --runtime-arg -Xmx512m --swap-fd=7
I/dex2oat ( 2623): Using '/system/framework/x86_64/ethernet-service.odex' instead of file descriptor
I/dex2oat ( 2623): Decided to run without swap.
I/dex2oat ( 2623): dex2oat took 18.499ms (threads: 6) arena alloc=192KB java alloc=89KB native alloc=1809KB free=6MB
I/art     ( 2568): DexFile_isDexOptNeeded file /system/framework/x86_64/wifi-service.odex needs to be recompiled with Xposed for /system/framework/wifi-service.jar
E/cutils-trace( 2629): Error opening trace file: Permission denied (13)
I/dex2oat ( 2629): /system/bin/dex2oat --zip-fd=5 --zip-location=/system/framework/wifi-service.jar --oat-fd=6 --oat-location=/data/dalvik-cache/x86_64/system@framework@wifi-service.jar@classes.dex --instruction-set=x86_64 --instruction-set-features=default --runtime-arg -Xms64m --runtime-arg -Xmx512m --swap-fd=7
I/dex2oat ( 2629): Using '/system/framework/x86_64/wifi-service.odex' instead of file descriptor
I/dex2oat ( 2629): Decided to run without swap.
I/dex2oat ( 2629): dex2oat took 177.721ms (threads: 6) arena alloc=1772KB java alloc=936KB native alloc=5MB free=6MB
I/InstallerConnection( 2568): disconnecting...
E/installd( 2266): eof
E/installd( 2266): failed to read size
I/installd( 2266): closing connection
I/SystemServer( 2568): Entered the Android system server!
V/Fingerprint-JNI( 2568): FingerprintManager JNI ready.
D/SensorService( 2568): nuSensorService starting...
D/KbdSensor( 2568): open_kbd_sensor: id=poll
D/KbdSensor( 2568): SensorFd: module=0x7f32b7f15300 dev=0x7f32bd866680
D/KbdSensor( 2568): SensorPollContext: dev=0x7f32bd866680 fd=-1
E/SensorService( 2568): couldn't open device for module sensors (Invalid argument)
D/KbdSensor( 2568): poll_activate: dev=0x7f32bd866680 handle=0 enabled=0
D/SensorService( 2568): new thread SensorEventAckReceiver
D/SensorService( 2568): nuSensorService thread starting...
D/Prevent ( 2568): start prevent hook (system)
I/Xposed  ( 2568): [D/Prevent] start prevent hook (system)
I/Prevent ( 2568): prevent running 1.0
I/Xposed  ( 2568): [I/Prevent] prevent running 1.0
D/Prevent ( 2568): will execute: /system/bin/logcat -d -v time -f /data/system/org.openthos.taskmanager.prevent.log.boot *:v
I/Xposed  ( 2568): [D/Prevent] will execute: /system/bin/logcat -d -v time -f /data/system/org.openthos.taskmanager.prevent.log.boot *:v
D/Prevent ( 2568): execute complete: /system/bin/logcat -d -v time -f /data/system/org.openthos.taskmanager.prevent.log.boot *:v
I/Xposed  ( 2568): [D/Prevent] execute complete: /system/bin/logcat -d -v time -f /data/system/org.openthos.taskmanager.prevent.log.boot *:v
D/Prevent ( 2568): bridge version: 89
I/Xposed  ( 2568): [D/Prevent] bridge version: 89
D/Prevent ( 2568): bridge method: xposed
I/Xposed  ( 2568): [D/Prevent] bridge method: xposed
V/Prevent ( 2568): found ActivityManagerService.startProcessLocked: final com.android.server.am.ProcessRecord com.android.server.am.ActivityManagerService.startProcessLocked(java.lang.String,android.content.pm.ApplicationInfo,boolean,int,java.lang.String,android.content.ComponentName,boolean,boolean,int,boolean,java.lang.String,java.lang.String,java.lang.String[],java.lang.Runnable)
I/Xposed  ( 2568): [V/Prevent] found ActivityManagerService.startProcessLocked: final com.android.server.am.ProcessRecord com.android.server.am.ActivityManagerService.startProcessLocked(java.lang.String,android.content.pm.ApplicationInfo,boolean,int,java.lang.String,android.content.ComponentName,boolean,boolean,int,boolean,java.lang.String,java.lang.String,java.lang.String[],java.lang.Runnable)
V/Prevent ( 2568): found ActivityManagerService.startProcessLocked: final com.android.server.am.ProcessRecord com.android.server.am.ActivityManagerService.startProcessLocked(java.lang.String,android.content.pm.ApplicationInfo,boolean,int,java.lang.String,android.content.ComponentName,boolean,boolean,boolean)
I/Xposed  ( 2568): [V/Prevent] found ActivityManagerService.startProcessLocked: final com.android.server.am.ProcessRecord com.android.server.am.ActivityManagerService.startProcessLocked(java.lang.String,android.content.pm.ApplicationInfo,boolean,int,java.lang.String,android.content.ComponentName,boolean,boolean,boolean)
D/Prevent ( 2568): hooked ActivityManagerService.startProcessLocked
I/Xposed  ( 2568): [D/Prevent] hooked ActivityManagerService.startProcessLocked
D/Prevent ( 2568): hooked ActivityManagerService.startProcessLocked
I/Xposed  ( 2568): [D/Prevent] hooked ActivityManagerService.startProcessLocked
V/Prevent ( 2568): found ActivityManagerService.broadcastIntent: public final int com.android.server.am.ActivityManagerService.broadcastIntent(android.app.IApplicationThread,android.content.Intent,java.lang.String,android.content.IIntentReceiver,int,java.lang.String,android.os.Bundle,java.lang.String,int,boolean,boolean,int)
I/Xposed  ( 2568): [V/Prevent] found ActivityManagerService.broadcastIntent: public final int com.android.server.am.ActivityManagerService.broadcastIntent(android.app.IApplicationThread,android.content.Intent,java.lang.String,android.content.IIntentReceiver,int,java.lang.String,android.os.Bundle,java.lang.String,int,boolean,boolean,int)
D/Prevent ( 2568): hooked ActivityManagerService.broadcastIntent
I/Xposed  ( 2568): [D/Prevent] hooked ActivityManagerService.broadcastIntent
V/Prevent ( 2568): found ActivityManagerService.startService: public android.content.ComponentName com.android.server.am.ActivityManagerService.startService(android.app.IApplicationThread,android.content.Intent,java.lang.String,int)
I/Xposed  ( 2568): [V/Prevent] found ActivityManagerService.startService: public android.content.ComponentName com.android.server.am.ActivityManagerService.startService(android.app.IApplicationThread,android.content.Intent,java.lang.String,int)
D/Prevent ( 2568): hooked ActivityManagerService.startService
I/Xposed  ( 2568): [D/Prevent] hooked ActivityManagerService.startService
V/Prevent ( 2568): found ActivityManagerService.bindService: public int com.android.server.am.ActivityManagerService.bindService(android.app.IApplicationThread,android.os.IBinder,android.content.Intent,java.lang.String,android.app.IServiceConnection,int,int)
I/Xposed  ( 2568): [V/Prevent] found ActivityManagerService.bindService: public int com.android.server.am.ActivityManagerService.bindService(android.app.IApplicationThread,android.os.IBinder,android.content.Intent,java.lang.String,android.app.IServiceConnection,int,int)
D/Prevent ( 2568): hooked ActivityManagerService.bindService
I/Xposed  ( 2568): [D/Prevent] hooked ActivityManagerService.bindService
V/Prevent ( 2568): found ActivityManagerService.cleanUpRemovedTaskLocked: private void com.android.server.am.ActivityManagerService.cleanUpRemovedTaskLocked(com.android.server.am.TaskRecord,boolean)
I/Xposed  ( 2568): [V/Prevent] found ActivityManagerService.cleanUpRemovedTaskLocked: private void com.android.server.am.ActivityManagerService.cleanUpRemovedTaskLocked(com.android.server.am.TaskRecord,boolean)
D/Prevent ( 2568): hooked ActivityManagerService.cleanUpRemovedTaskLocked
I/Xposed  ( 2568): [D/Prevent] hooked ActivityManagerService.cleanUpRemovedTaskLocked
V/Prevent ( 2568): found ActivityManagerService.startActivity: public final int com.android.server.am.ActivityManagerService.startActivity(android.app.IApplicationThread,java.lang.String,android.content.Intent,java.lang.String,android.os.IBinder,java.lang.String,int,int,android.app.ProfilerInfo,android.os.Bundle)
I/Xposed  ( 2568): [V/Prevent] found ActivityManagerService.startActivity: public final int com.android.server.am.ActivityManagerService.startActivity(android.app.IApplicationThread,java.lang.String,android.content.Intent,java.lang.String,android.os.IBinder,java.lang.String,int,int,android.app.ProfilerInfo,android.os.Bundle)
D/Prevent ( 2568): hooked ActivityManagerService.startActivity
I/Xposed  ( 2568): [D/Prevent] hooked ActivityManagerService.startActivity
V/Prevent ( 2568): found ActivityManagerService.moveActivityTaskToBack: public boolean com.android.server.am.ActivityManagerService.moveActivityTaskToBack(android.os.IBinder,boolean)
I/Xposed  ( 2568): [V/Prevent] found ActivityManagerService.moveActivityTaskToBack: public boolean com.android.server.am.ActivityManagerService.moveActivityTaskToBack(android.os.IBinder,boolean)
D/Prevent ( 2568): hooked ActivityManagerService.moveActivityTaskToBack
I/Xposed  ( 2568): [D/Prevent] hooked ActivityManagerService.moveActivityTaskToBack
V/Prevent ( 2568): found ActivityManagerService.handleAppDiedLocked: private final void com.android.server.am.ActivityManagerService.handleAppDiedLocked(com.android.server.am.ProcessRecord,boolean,boolean)
I/Xposed  ( 2568): [V/Prevent] found ActivityManagerService.handleAppDiedLocked: private final void com.android.server.am.ActivityManagerService.handleAppDiedLocked(com.android.server.am.ProcessRecord,boolean,boolean)
D/Prevent ( 2568): hooked ActivityManagerService.handleAppDiedLocked
I/Xposed  ( 2568): [D/Prevent] hooked ActivityManagerService.handleAppDiedLocked
V/Prevent ( 2568): found ApplicationThreadProxy.scheduleLaunchActivity: public final void android.app.ApplicationThreadProxy.scheduleLaunchActivity(android.content.Intent,android.os.IBinder,int,android.content.pm.ActivityInfo,android.content.res.Configuration,android.content.res.CompatibilityInfo,java.lang.String,com.android.internal.app.IVoiceInteractor,int,android.os.Bundle,android.os.PersistableBundle,java.util.List,java.util.List,boolean,boolean,android.app.ProfilerInfo) throws android.os.RemoteException
I/Xposed  ( 2568): [V/Prevent] found ApplicationThreadProxy.scheduleLaunchActivity: public final void android.app.ApplicationThreadProxy.scheduleLaunchActivity(android.content.Intent,android.os.IBinder,int,android.content.pm.ActivityInfo,android.content.res.Configuration,android.content.res.CompatibilityInfo,java.lang.String,com.android.internal.app.IVoiceInteractor,int,android.os.Bundle,android.os.PersistableBundle,java.util.List,java.util.List,boolean,boolean,android.app.ProfilerInfo) throws android.os.RemoteException
D/Prevent ( 2568): hooked ApplicationThreadProxy.scheduleLaunchActivity
I/Xposed  ( 2568): [D/Prevent] hooked ApplicationThreadProxy.scheduleLaunchActivity
V/Prevent ( 2568): found ApplicationThreadProxy.scheduleResumeActivity: public final void android.app.ApplicationThreadProxy.scheduleResumeActivity(android.os.IBinder,int,boolean,android.os.Bundle) throws android.os.RemoteException
I/Xposed  ( 2568): [V/Prevent] found ApplicationThreadProxy.scheduleResumeActivity: public final void android.app.ApplicationThreadProxy.scheduleResumeActivity(android.os.IBinder,int,boolean,android.os.Bundle) throws android.os.RemoteException
D/Prevent ( 2568): hooked ApplicationThreadProxy.scheduleResumeActivity
I/Xposed  ( 2568): [D/Prevent] hooked ApplicationThreadProxy.scheduleResumeActivity
V/Prevent ( 2568): found ApplicationThreadProxy.schedulePauseActivity: public final void android.app.ApplicationThreadProxy.schedulePauseActivity(android.os.IBinder,boolean,boolean,int,boolean) throws android.os.RemoteException
I/Xposed  ( 2568): [V/Prevent] found ApplicationThreadProxy.schedulePauseActivity: public final void android.app.ApplicationThreadProxy.schedulePauseActivity(android.os.IBinder,boolean,boolean,int,boolean) throws android.os.RemoteException
D/Prevent ( 2568): hooked ApplicationThreadProxy.schedulePauseActivity
I/Xposed  ( 2568): [D/Prevent] hooked ApplicationThreadProxy.schedulePauseActivity
V/Prevent ( 2568): found ApplicationThreadProxy.scheduleDestroyActivity: public final void android.app.ApplicationThreadProxy.scheduleDestroyActivity(android.os.IBinder,boolean,int) throws android.os.RemoteException
I/Xposed  ( 2568): [V/Prevent] found ApplicationThreadProxy.scheduleDestroyActivity: public final void android.app.ApplicationThreadProxy.scheduleDestroyActivity(android.os.IBinder,boolean,int) throws android.os.RemoteException
D/Prevent ( 2568): hooked ApplicationThreadProxy.scheduleDestroyActivity
I/Xposed  ( 2568): [D/Prevent] hooked ApplicationThreadProxy.scheduleDestroyActivity
D/Prevent ( 2568): finish prevent hook (system)
I/Xposed  ( 2568): [D/Prevent] finish prevent hook (system)
D/Prevent ( 2568): hooked com.android.server.IntentResolver.sortResults
I/Xposed  ( 2568): [D/Prevent] hooked com.android.server.IntentResolver.sortResults
I/SystemServiceManager( 2568): Starting com.android.server.pm.Installer
I/Installer( 2568): Waiting for installd to be ready.
I/InstallerConnection( 2568): connecting...
I/installd( 2266): new connection
I/SystemServiceManager( 2568): Starting com.android.server.am.ActivityManagerService$Lifecycle
I/ActivityManager( 2568): Memory class: 192
I/AppOps  ( 2568): No existing app ops /data/system/appops.xml; starting empty
I/IntentFirewall( 2568): Read new rules (A:0 B:0 S:0)
D/AppOps  ( 2568): AppOpsService published
I/SystemServiceManager( 2568): Starting com.android.server.power.PowerManagerService
I/libsuspend( 2568): Selected early suspend
E/libsuspend( 2568): Error accessing /sys/power/wait_for_fb_sleep: No such file or directory
I/SystemServiceManager( 2568): Starting com.android.server.display.DisplayManagerService
E/BatteryStatsService( 2568): Failed to open /sys/kernel/wakeup_reasons/last_resume_reason
I/SystemServiceManager( 2568): Starting phase 100
I/DisplayManagerService( 2568): Display device added: DisplayDeviceInfo{"": uniqueId="local:0", 1920 x 1080, 60.000004 fps, supportedRefreshRates [60.000004], density 160, 103.0 x 94.0 dpi, appVsyncOff 0, presDeadline 17666666, touch INTERNAL, rotation 0, type BUILT_IN, state UNKNOWN, FLAG_DEFAULT_DISPLAY, FLAG_ROTATES_WITH_CONTENT, FLAG_SECURE, FLAG_SUPPORTS_PROTECTED_BUFFERS}
I/SystemServer( 2568): Package Manager
W/SELinuxMMAC( 2568): Error opening /data/system/seapp_hash. Assuming first boot.
W/FileUtils( 2568): Failed to chmod(/data/system/packages.list): android.system.ErrnoException: chmod failed: ENOENT (No such file or directory)
W/SystemConfig( 2568): No directory /system/etc/sysconfig, skipping
D/SELinuxMMAC( 2568): Using policy file /system/etc/security/mac_permissions.xml
I/PackageManager( 2568): No settings file; creating initial state
I/art     ( 2568): DexFile_isDexOptNeeded file /system/framework/x86_64/com.android.location.provider.odex needs to be recompiled with Xposed for /system/framework/com.android.location.provider.jar
E/cutils-trace( 2655): Error opening trace file: Permission denied (13)
I/dex2oat ( 2655): /system/bin/dex2oat --zip-fd=5 --zip-location=/system/framework/com.android.location.provider.jar --oat-fd=6 --oat-location=/data/dalvik-cache/x86_64/system@framework@com.android.location.provider.jar@classes.dex --instruction-set=x86_64 --instruction-set-features=default --runtime-arg -Xms64m --runtime-arg -Xmx512m --swap-fd=7
I/dex2oat ( 2655): Using '/system/framework/x86_64/com.android.location.provider.odex' instead of file descriptor
I/dex2oat ( 2655): Decided to run without swap.
I/dex2oat ( 2655): dex2oat took 6.708ms (threads: 6) arena alloc=123KB java alloc=82KB native alloc=1428KB free=6MB
I/art     ( 2568): DexFile_isDexOptNeeded file /system/framework/x86_64/com.android.future.usb.accessory.odex needs to be recompiled with Xposed for /system/framework/com.android.future.usb.accessory.jar
E/cutils-trace( 2661): Error opening trace file: Permission denied (13)
I/dex2oat ( 2661): /system/bin/dex2oat --zip-fd=5 --zip-location=/system/framework/com.android.future.usb.accessory.jar --oat-fd=6 --oat-location=/data/dalvik-cache/x86_64/system@framework@com.android.future.usb.accessory.jar@classes.dex --instruction-set=x86_64 --instruction-set-features=default --runtime-arg -Xms64m --runtime-arg -Xmx512m --swap-fd=7
I/dex2oat ( 2661): Using '/system/framework/x86_64/com.android.future.usb.accessory.odex' instead of file descriptor
I/dex2oat ( 2661): Decided to run without swap.
I/dex2oat ( 2661): dex2oat took 5.478ms (threads: 6) arena alloc=97KB java alloc=12KB native alloc=736KB free=7MB
I/art     ( 2568): DexFile_isDexOptNeeded file /system/framework/x86_64/javax.obex.odex needs to be recompiled with Xposed for /system/framework/javax.obex.jar
E/cutils-trace( 2667): Error opening trace file: Permission denied (13)
I/dex2oat ( 2667): /system/bin/dex2oat --zip-fd=5 --zip-location=/system/framework/javax.obex.jar --oat-fd=6 --oat-location=/data/dalvik-cache/x86_64/system@framework@javax.obex.jar@classes.dex --instruction-set=x86_64 --instruction-set-features=default --runtime-arg -Xms64m --runtime-arg -Xmx512m --swap-fd=7
I/dex2oat ( 2667): Using '/system/framework/x86_64/javax.obex.odex' instead of file descriptor
I/dex2oat ( 2667): Decided to run without swap.
I/dex2oat ( 2667): dex2oat took 14.143ms (threads: 6) arena alloc=539KB java alloc=41KB native alloc=1924KB free=6MB
I/art     ( 2568): DexFile_isDexOptNeeded file /system/framework/x86_64/android.test.runner.odex needs to be recompiled with Xposed for /system/framework/android.test.runner.jar
E/cutils-trace( 2673): Error opening trace file: Permission denied (13)
I/dex2oat ( 2673): /system/bin/dex2oat --zip-fd=5 --zip-location=/system/framework/android.test.runner.jar --oat-fd=6 --oat-location=/data/dalvik-cache/x86_64/system@framework@android.test.runner.jar@classes.dex --instruction-set=x86_64 --instruction-set-features=default --runtime-arg -Xms64m --runtime-arg -Xmx512m --swap-fd=7
I/dex2oat ( 2673): Using '/system/framework/x86_64/android.test.runner.odex' instead of file descriptor
I/dex2oat ( 2673): Decided to run without swap.
I/dex2oat ( 2673): dex2oat took 26.712ms (threads: 6) arena alloc=126KB java alloc=268KB native alloc=2MB free=5MB
