12-30 06:27:55.191  8779  8779 W linker  : [vdso]: unused DT entry: type 0x6ffffef5 arg 0x160
12-30 06:27:55.220  8119  8119 W IInputConnectionWrapper: showStatusIcon on inactive InputConnection
12-30 06:27:55.296  8783  8783 W linker  : [vdso]: unused DT entry: type 0x6ffffef5 arg 0x160
12-30 06:27:55.301  8784  8784 W linker  : [vdso]: unused DT entry: type 0x6ffffef5 arg 0x160
12-30 06:27:55.303  8785  8785 W linker  : [vdso]: unused DT entry: type 0x6ffffef5 arg 0x160
12-30 06:27:55.344  8786  8786 W linker  : [vdso]: unused DT entry: type 0x6ffffef5 arg 0x160
12-30 06:27:55.346  8787  8787 W linker  : [vdso]: unused DT entry: type 0x6ffffef5 arg 0x160
12-30 06:27:55.348  8788  8788 W linker  : [vdso]: unused DT entry: type 0x6ffffef5 arg 0x160
12-30 06:27:57.024  2176  2294 W AudioTrack: AUDIO_OUTPUT_FLAG_FAST denied by client
12-30 06:27:57.048  2176  2339 W InputMethodManagerService: Starting input on non-focused client com.android.internal.view.IInputMethodClient$Stub$Proxy@33b208cc (uid=10042 pid=3746)
12-30 06:27:57.057  3746  3769 D OpenGLRenderer: endAllStagingAnimators on 0x7fc1e65ee400 (RippleDrawable) with handle 0x7fc1e6542600
12-30 06:27:59.699  8790  8790 W linker  : [vdso]: unused DT entry: type 0x6ffffef5 arg 0x160
12-30 06:28:03.520  2176  2200 W ActivityManager: getRunningAppProcesses: caller 10055 does not hold REAL_GET_TASKS; limiting output
12-30 06:28:03.905  2176  2294 W AudioTrack: AUDIO_OUTPUT_FLAG_FAST denied by client
12-30 06:28:03.911  2176  2476 I ActivityManager: START u0 {act=android.intent.action.VIEW dat=file:///storage/usb1/CTS/test-APK/ES Manager.apk typ=application/vnd.android.package-archive cmp=com.android.packageinstaller/.PackageInstallerActivity} from uid 10020 on display 0
12-30 06:28:03.912  2176  2476 V WindowManager: addAppToken: AppWindowToken{3232c2aa token=Token{1c0a8195 ActivityRecord{1c3d8d4c u0 com.android.packageinstaller/.PackageInstallerActivity t32}}} to stack=1 task=32 at 1
12-30 06:28:03.917  1919  2163 D audio_hw_primary: found out /dev/snd/pcmC0D0p
12-30 06:28:03.958  3746  3746 I AppSecurityPermissions: Ignoring unknown permission:.PERMISSION
12-30 06:28:03.966  2176  2200 V WindowManager: Adding window Window{375c3238 u0 com.android.packageinstaller/com.android.packageinstaller.PackageInstallerActivity} at 7 of 15 (before Window{1e497d30 u0 com.android.packageinstaller/com.android.packageinstaller.PackageInstallerActivity EXITING})
12-30 06:28:04.026  2176  2210 I ActivityManager: Displayed com.android.packageinstaller/.PackageInstallerActivity: +110ms
12-30 06:28:04.105  2176  2294 W AudioTrack: AUDIO_OUTPUT_FLAG_FAST denied by client
12-30 06:28:04.111  2176  2826 I ActivityManager: START u0 {act=android.intent.action.VIEW dat=file:///storage/usb1/CTS/test-APK/ES Manager.apk typ=application/vnd.android.package-archive cmp=com.android.packageinstaller/.PackageInstallerActivity} from uid 10020 on display 0
12-30 06:28:04.112  2176  2826 V WindowManager: addAppToken: AppWindowToken{3dbe39e4 token=Token{56cc977 ActivityRecord{36525f76 u0 com.android.packageinstaller/.PackageInstallerActivity t32}}} to stack=1 task=32 at 2
12-30 06:28:04.168  3746  3746 I AppSecurityPermissions: Ignoring unknown permission:.PERMISSION
12-30 06:28:04.173  2176  2478 V WindowManager: Adding window Window{3ffcfd02 u0 com.android.packageinstaller/com.android.packageinstaller.PackageInstallerActivity} at 8 of 16 (before Window{1e497d30 u0 com.android.packageinstaller/com.android.packageinstaller.PackageInstallerActivity EXITING})
12-30 06:28:04.218  2176  2210 I ActivityManager: Displayed com.android.packageinstaller/.PackageInstallerActivity: +103ms
12-30 06:28:04.711  8795  8795 W linker  : [vdso]: unused DT entry: type 0x6ffffef5 arg 0x160
12-30 06:28:05.720  2176  2824 I ActivityManager: START u0 {dat=file:///storage/usb1/CTS/test-APK/ES Manager.apk cmp=com.android.packageinstaller/.InstallAppProgress (has extras)} from uid 10042 on display 0
12-30 06:28:05.720  2176  2294 W AudioTrack: AUDIO_OUTPUT_FLAG_FAST denied by client
12-30 06:28:05.722  2176  2824 V WindowManager: addAppToken: AppWindowToken{38aa8249 token=Token{22171050 ActivityRecord{55a8613 u0 com.android.packageinstaller/.InstallAppProgress t32}}} to stack=1 task=32 at 3
12-30 06:28:05.734  3746  3746 W InstallAppProgress: Replacing package:com.estrongs.android.pop
12-30 06:28:05.739  2176  2824 V WindowManager: Adding window Window{35d92a5a u0 com.android.packageinstaller/com.android.packageinstaller.InstallAppProgress} at 9 of 17 (before Window{1e497d30 u0 com.android.packageinstaller/com.android.packageinstaller.PackageInstallerActivity EXITING})
12-30 06:28:05.764  3965  3985 D DefContainer: Copying /storage/usb1/CTS/test-APK/ES Manager.apk to base.apk
12-30 06:28:05.792  2176  2210 I ActivityManager: Displayed com.android.packageinstaller/.InstallAppProgress: +67ms
12-30 06:28:05.824  3746  3769 D OpenGLRenderer: endAllStagingAnimators on 0x7fc1dd42c800 (RippleDrawable) with handle 0x7fc1e64c7860
12-30 06:28:05.929  2176  2214 D PackageManager: Renaming /data/app/vmdl158204578.tmp to /data/app/com.estrongs.android.pop-2
12-30 06:28:05.929  2176  2205 I ActivityManager: Force stopping com.estrongs.android.pop appid=10054 user=-1: uninstall pkg
12-30 06:28:05.929  2176  2205 I ActivityManager: Killing 5419:com.estrongs.android.pop/u0a54 (adj 11): stop com.estrongs.android.pop
12-30 06:28:05.929  2176  2205 I libprocessgroup: Killing pid 6624 in uid 10054 as part of process group 5419
12-30 06:28:05.937  2176  2289 D WifiService: Client connection lost with reason: 4
12-30 06:28:05.943  2176  2477 W ActivityManager: Spurious death for ProcessRecord{2a8da13e 5419:com.estrongs.android.pop/u0a54}, curProc for 5419: null
12-30 06:28:06.030  2176  2214 I PackageManager: Package com.estrongs.android.pop codePath changed from /data/app/com.estrongs.android.pop-1 to /data/app/com.estrongs.android.pop-2; Retaining data and using new
12-30 06:28:06.040  2176  2214 I PackageManager: Running dexopt on: /data/app/com.estrongs.android.pop-2/base.apk pkg=com.estrongs.android.pop isa=x86 vmSafeMode=false
12-30 06:28:06.051  8798  8798 W linker  : [vdso]: unused DT entry: type 0x6ffffef5 arg 0xec
12-30 06:28:06.053  8798  8798 E cutils-trace: Error opening trace file: Permission denied (13)
12-30 06:28:06.053  8798  8798 I dex2oat : /system/bin/dex2oat --zip-fd=5 --zip-location=/data/app/com.estrongs.android.pop-2/base.apk --oat-fd=6 --oat-location=/data/dalvik-cache/x86/data@app@com.estrongs.android.pop-2@base.apk@classes.dex --instruction-set=x86 --instruction-set-features=default --runtime-arg -Xms64m --runtime-arg -Xmx512m --compiler-filter=interpret-only --swap-fd=7
12-30 06:28:06.172  8798  8798 I dex2oat : Decided to run without swap.
12-30 06:28:06.198  8798  8803 W dex2oat : Before Android 4.1, method int android.support.v7.internal.widget.ListViewCompat.lookForSelectablePosition(int, boolean) would have incorrectly overridden the package-private method in android.widget.ListView
12-30 06:28:06.747  8798  8798 I dex2oat : dex2oat took 693.388ms (threads: 8) arena alloc=0B java alloc=13MB native alloc=1129KB free=10MB
12-30 06:28:06.751  2176  2214 W PackageManager: Code path for pkg : com.estrongs.android.pop changing from /data/app/com.estrongs.android.pop-1 to /data/app/com.estrongs.android.pop-2
12-30 06:28:06.751  2176  2214 W PackageManager: Resource path for pkg : com.estrongs.android.pop changing from /data/app/com.estrongs.android.pop-1 to /data/app/com.estrongs.android.pop-2
12-30 06:28:06.751  2176  2205 I ActivityManager: Force stopping com.estrongs.android.pop appid=10054 user=-1: update pkg
12-30 06:28:06.831  2176  2214 W PackageManager: Not granting permission android.permission.WRITE_MEDIA_STORAGE to package com.estrongs.android.pop (protectionLevel=18 flags=0x48be44)
12-30 06:28:06.831  2176  2214 W PackageManager: Unknown permission .PERMISSION in package com.estrongs.android.pop
12-30 06:28:06.932  2176  2214 I ActivityManager: Force stopping com.estrongs.android.pop appid=10054 user=0: pkg removed
12-30 06:28:06.934  2176  2214 W Settings: Setting install_non_market_apps has moved from android.provider.Settings.Global to android.provider.Settings.Secure, returning read-only value.
12-30 06:28:06.935  2176  2176 D JobSchedulerService: Receieved: android.intent.action.PACKAGE_REMOVED
12-30 06:28:06.935  2176  2176 D BackupManagerService: Received broadcast Intent { act=android.intent.action.PACKAGE_REMOVED dat=package:com.estrongs.android.pop flg=0x4000010 (has extras) }
12-30 06:28:06.939  2176  2279 I InputReader: Reconfiguring input devices.  changes=0x00000010
12-30 06:28:06.940  2176  2279 I InputReader: Reconfiguring input devices.  changes=0x00000010
12-30 06:28:06.940  7323  7380 D Documents: Update found 7 roots in 5ms
12-30 06:28:06.941  2176  2279 I InputReader: Reconfiguring input devices.  changes=0x00000010
12-30 06:28:06.941  7323  7373 D Documents: Update found 7 roots in 6ms
12-30 06:28:06.948  8119  8119 I art     : Explicit concurrent mark sweep GC freed 966(73KB) AllocSpace objects, 0(0B) LOS objects, 24% free, 4MB/6MB, paused 187us total 15.277ms
12-30 06:28:06.952  6882  6882 W ContextImpl: Calling a method in the system process without a qualified user: android.app.ContextImpl.startService:1692 android.content.ContextWrapper.startService:516 android.content.ContextWrapper.startService:516 com.android.keychain.KeyChainBroadcastReceiver.onReceive:12 android.app.ActivityThread.handleReceiver:2609 
12-30 06:28:06.954  3074  3074 W Launcher: setApplicationContext called twice! old=com.android.launcher3.LauncherApplication@38ca55a new=com.android.launcher3.LauncherApplication@38ca55a
12-30 06:28:06.958  2176  2826 W BroadcastQueue: Unable to launch app com.popcap.pvz2cthdbddk/10057 for broadcast Intent { act=android.intent.action.PACKAGE_REMOVED dat=package:com.estrongs.android.pop flg=0x4000010 (has extras) }: process is bad
12-30 06:28:06.960  6905  6905 I GeckoWebappUninstallListener: Package is being replaced; ignoring removal intent
12-30 06:28:06.986  2176  2817 I ActivityManager: Start proc 8813:com.estrongs.android.pop/u0a54 for broadcast com.estrongs.android.pop/.app.InstallMonitorReceiver
12-30 06:28:07.000  1923  1923 I art     : Explicit concurrent mark sweep GC freed 709(30KB) AllocSpace objects, 0(0B) LOS objects, 40% free, 1904KB/3MB, paused 228us total 13.743ms
12-30 06:28:07.001  3074  3095 E DatabaseUtils: Writing exception to parcel
12-30 06:28:07.001  3074  3095 E DatabaseUtils: java.lang.SecurityException: Permission Denial: writing com.android.launcher3.LauncherProvider uri content://com.android.launcher3.settings/favorites/8?notify=true from pid=7797, uid=10058 requires com.android.launcher3.permission.WRITE_SETTINGS, or grantUriPermission()
12-30 06:28:07.001  3074  3095 E DatabaseUtils: 	at android.content.ContentProvider.enforceWritePermissionInner(ContentProvider.java:604)
12-30 06:28:07.001  3074  3095 E DatabaseUtils: 	at android.content.ContentProvider$Transport.enforceWritePermission(ContentProvider.java:461)
12-30 06:28:07.001  3074  3095 E DatabaseUtils: 	at android.content.ContentProvider$Transport.update(ContentProvider.java:323)
12-30 06:28:07.001  3074  3095 E DatabaseUtils: 	at android.content.ContentProviderNative.onTransact(ContentProviderNative.java:222)
12-30 06:28:07.001  3074  3095 E DatabaseUtils: 	at android.os.Binder.execTransact(Binder.java:446)
12-30 06:28:07.002  8813  8813 I ActivityThread: Switching default density from 160 to 240
12-30 06:28:07.008  2176  2214 I art     : Explicit concurrent mark sweep GC freed 116661(5MB) AllocSpace objects, 25(3MB) LOS objects, 33% free, 15MB/23MB, paused 1.588ms total 74.381ms
12-30 06:28:07.012  1923  1923 I art     : Explicit concurrent mark sweep GC freed 5(160B) AllocSpace objects, 0(0B) LOS objects, 40% free, 1904KB/3MB, paused 139us total 11.669ms
12-30 06:28:07.025  1923  1923 I art     : Explicit concurrent mark sweep GC freed 5(160B) AllocSpace objects, 0(0B) LOS objects, 40% free, 1904KB/3MB, paused 252us total 13.602ms
12-30 06:28:07.033  2176  2176 D BackupManagerService: Received broadcast Intent { act=android.intent.action.PACKAGE_ADDED dat=package:com.estrongs.android.pop flg=0x4000010 (has extras) }
12-30 06:28:07.034  2176  2176 W BackupManagerService: Removing schedule queue dupe of com.estrongs.android.pop
12-30 06:28:07.040  2176  2204 W VoiceInteractionManagerService: no available voice recognition services found for user 0
12-30 06:28:07.105  2176  2200 W ActivityManager: getTasks: caller 10054 does not hold REAL_GET_TASKS; limiting output
12-30 06:28:07.113  2176  2480 W BroadcastQueue: Unable to launch app com.popcap.pvz2cthdbddk/10057 for broadcast Intent { act=android.intent.action.PACKAGE_ADDED dat=package:com.estrongs.android.pop flg=0x4000010 (has extras) }: process is bad
12-30 06:28:07.237  3074  3074 W Launcher: setApplicationContext called twice! old=com.android.launcher3.LauncherApplication@38ca55a new=com.android.launcher3.LauncherApplication@38ca55a
12-30 06:28:07.239  6905  6905 I FxAccounts: firefox :: FxAccountUpgradeReceiver :: Upgrade broadcast received.
12-30 06:28:07.240  6905  8847 I FxAccounts: firefox :: FxAccountUpgradeReceiver :: Trying to unpickle any pickled Firefox Account.
12-30 06:28:07.241  6905  6905 I FxAccounts: firefox :: UpgradeReceiver :: No Sync Accounts found; not upgrading anything.
12-30 06:28:07.242  3074  3074 I Launcher: Deferring update until onResume
12-30 06:28:07.242  6905  8847 I FxAccounts: firefox :: FxAccountUpgradeReceiver :: Trying to advance 0 existing Firefox Accounts from the Doghouse to Separated (if necessary).
12-30 06:28:07.340  3074  3074 I Launcher: Deferring update until onResume
12-30 06:28:08.992  3746  3746 I InstallAppProgress: Finished installing com.estrongs.android.pop
12-30 06:28:08.993  2176  2294 W AudioTrack: AUDIO_OUTPUT_FLAG_FAST denied by client
12-30 06:28:09.005  1919  2163 D audio_hw_primary: found out /dev/snd/pcmC0D0p
12-30 06:28:09.042  3746  3769 D OpenGLRenderer: endAllStagingAnimators on 0x7fc1dd42d800 (RippleDrawable) with handle 0x7fc1e653adc0
12-30 06:28:09.944  8850  8850 W linker  : [vdso]: unused DT entry: type 0x6ffffef5 arg 0x160
12-30 06:28:11.472  2176  2294 W AudioTrack: AUDIO_OUTPUT_FLAG_FAST denied by client
12-30 06:28:11.507  3746  3769 D OpenGLRenderer: endAllStagingAnimators on 0x7fc1dd67b000 (RippleDrawable) with handle 0x7fc1e653aaa0
12-30 06:28:13.729  2176  2294 W AudioTrack: AUDIO_OUTPUT_FLAG_FAST denied by client
12-30 06:28:13.735  2176  2477 I ActivityManager: START u0 {act=android.intent.action.VIEW dat=file:///storage/usb1/CTS/test-APK/fruitninja.apk typ=application/vnd.android.package-archive cmp=com.android.packageinstaller/.PackageInstallerActivity} from uid 10020 on display 0
12-30 06:28:13.736  2176  2477 V WindowManager: addAppToken: AppWindowToken{38f0ba82 token=Token{129891cd ActivityRecord{13a55b64 u0 com.android.packageinstaller/.PackageInstallerActivity t32}}} to stack=1 task=32 at 1
12-30 06:28:13.819  3746  3746 I AppSecurityPermissions: Ignoring unknown permission:com.halfbrick.fruitninja.permission.C2D_MESSAGE
12-30 06:28:13.819  3746  3746 I AppSecurityPermissions: Ignoring unknown permission:com.google.android.c2dm.permission.RECEIVE
12-30 06:28:13.820  3746  3746 I AppSecurityPermissions: Ignoring unknown permission:android.webkit.permission.PLUGIN
12-30 06:28:13.830  2176  2480 V WindowManager: Adding window Window{90ec9d0 u0 com.android.packageinstaller/com.android.packageinstaller.PackageInstallerActivity} at 7 of 15 (before Window{1e497d30 u0 com.android.packageinstaller/com.android.packageinstaller.PackageInstallerActivity EXITING})
12-30 06:28:13.897  2176  2210 I ActivityManager: Displayed com.android.packageinstaller/.PackageInstallerActivity: +157ms
12-30 06:28:13.968  2176  2294 W AudioTrack: AUDIO_OUTPUT_FLAG_FAST denied by client
12-30 06:28:13.974  2176  2339 I ActivityManager: START u0 {act=android.intent.action.VIEW dat=file:///storage/usb1/CTS/test-APK/fruitninja.apk typ=application/vnd.android.package-archive cmp=com.android.packageinstaller/.PackageInstallerActivity} from uid 10020 on display 0
12-30 06:28:13.976  2176  2339 V WindowManager: addAppToken: AppWindowToken{215eb2fc token=Token{353d97ef ActivityRecord{5f3fcce u0 com.android.packageinstaller/.PackageInstallerActivity t32}}} to stack=1 task=32 at 2
12-30 06:28:14.052  3746  3746 I AppSecurityPermissions: Ignoring unknown permission:com.halfbrick.fruitninja.permission.C2D_MESSAGE
12-30 06:28:14.052  3746  3746 I AppSecurityPermissions: Ignoring unknown permission:com.google.android.c2dm.permission.RECEIVE
12-30 06:28:14.054  3746  3746 I AppSecurityPermissions: Ignoring unknown permission:android.webkit.permission.PLUGIN
12-30 06:28:14.064  2176  2476 V WindowManager: Adding window Window{36d717da u0 com.android.packageinstaller/com.android.packageinstaller.PackageInstallerActivity} at 8 of 16 (before Window{1e497d30 u0 com.android.packageinstaller/com.android.packageinstaller.PackageInstallerActivity EXITING})
12-30 06:28:14.101  2176  2210 I ActivityManager: Displayed com.android.packageinstaller/.PackageInstallerActivity: +123ms
12-30 06:28:14.951  8856  8856 W linker  : [vdso]: unused DT entry: type 0x6ffffef5 arg 0x160
12-30 06:28:15.657  2176  2294 W AudioTrack: AUDIO_OUTPUT_FLAG_FAST denied by client
12-30 06:28:16.257  2176  2294 W AudioTrack: AUDIO_OUTPUT_FLAG_FAST denied by client
12-30 06:28:16.704  2176  2201 I ActivityManager: START u0 {dat=file:///storage/usb1/CTS/test-APK/fruitninja.apk cmp=com.android.packageinstaller/.InstallAppProgress (has extras)} from uid 10042 on display 0
12-30 06:28:16.704  2176  2294 W AudioTrack: AUDIO_OUTPUT_FLAG_FAST denied by client
12-30 06:28:16.706  2176  2201 V WindowManager: addAppToken: AppWindowToken{80e1d01 token=Token{26202e8 ActivityRecord{2f75c40b u0 com.android.packageinstaller/.InstallAppProgress t32}}} to stack=1 task=32 at 3
12-30 06:28:16.729  2176  2200 V WindowManager: Adding window Window{19d0c832 u0 com.android.packageinstaller/com.android.packageinstaller.InstallAppProgress} at 9 of 17 (before Window{1e497d30 u0 com.android.packageinstaller/com.android.packageinstaller.PackageInstallerActivity EXITING})
12-30 06:28:16.737  3965  3985 W         : Zip: failed reading lfh name from offset 29486113
12-30 06:28:16.737  3965  3985 W zipro   : Error iteration over /storage/usb1/CTS/test-APK/fruitninja.apk: I/O Error
12-30 06:28:16.737  3965  3985 W         : Zip: failed reading lfh name from offset 29486113
12-30 06:28:16.737  3965  3985 W zipro   : Error iteration over /storage/usb1/CTS/test-APK/fruitninja.apk: I/O Error
12-30 06:28:16.743  3965  7320 D DefContainer: Copying /storage/usb1/CTS/test-APK/fruitninja.apk to base.apk
12-30 06:28:16.746  3965  7320 W DefContainer: Failed to copy package at /storage/usb1/CTS/test-APK/fruitninja.apk: java.io.IOException: read failed: EIO (I/O error)
12-30 06:28:16.746  2176  2214 E PackageManager: Failed to copy package
12-30 06:28:16.772  2176  2210 I ActivityManager: Displayed com.android.packageinstaller/.InstallAppProgress: +63ms
12-30 06:28:16.778  2176  2214 I art     : Explicit concurrent mark sweep GC freed 9361(542KB) AllocSpace objects, 6(96KB) LOS objects, 33% free, 15MB/23MB, paused 621us total 31.456ms
12-30 06:28:16.807  3746  3769 D OpenGLRenderer: endAllStagingAnimators on 0x7fc1dd6cf400 (RippleDrawable) with handle 0x7fc1ddc8e760
12-30 06:28:16.826  2176  2201 V WindowManager: not Base app: Adding window Window{16904700 u0 com.android.packageinstaller/com.android.packageinstaller.InstallAppProgress} at 13 of 18
12-30 06:28:19.963  8861  8861 W linker  : [vdso]: unused DT entry: type 0x6ffffef5 arg 0x160
12-30 06:28:23.003  2176  2825 W ActivityManager: getRunningAppProcesses: caller 10056 does not hold REAL_GET_TASKS; limiting output
12-30 06:28:24.975  8862  8862 W linker  : [vdso]: unused DT entry: type 0x6ffffef5 arg 0x160
12-30 06:28:28.833  2176  2294 W AudioTrack: AUDIO_OUTPUT_FLAG_FAST denied by client
12-30 06:28:28.840  2176  2817 I ActivityManager: START u0 {act=android.intent.action.MANAGE_PACKAGE_STORAGE cmp=com.android.settings/.Settings$StorageUseActivity} from uid 10042 on display 0
12-30 06:28:28.844  2176  2817 V WindowManager: addAppToken: AppWindowToken{3a2a5adf token=Token{dbf357e ActivityRecord{3b106b39 u0 com.android.settings/.Settings$StorageUseActivity t32}}} to stack=1 task=32 at 3
12-30 06:28:28.845  1919  2163 D audio_hw_primary: found out /dev/snd/pcmC0D0p
12-30 06:28:28.857  3746  3769 D OpenGLRenderer: endAllStagingAnimators on 0x7fc1e677e800 (RippleDrawable) with handle 0x7fc1e653a900
12-30 06:28:28.868  8119  8119 W ContextImpl: Calling a method in the system process without a qualified user: android.app.ContextImpl.bindService:1756 android.content.ContextWrapper.bindService:539 com.android.settings.applications.ManageApplications.onCreate:881 android.app.Fragment.performCreate:2031 android.app.FragmentManagerImpl.moveToState:863 
12-30 06:28:28.880  2176  2817 V WindowManager: Adding window Window{24f9d265 u0 com.android.settings/com.android.settings.Settings$StorageUseActivity} at 10 of 18 (before Window{1e497d30 u0 com.android.packageinstaller/com.android.packageinstaller.PackageInstallerActivity EXITING})
12-30 06:28:28.921  2176  2210 I ActivityManager: Displayed com.android.settings/.Settings$StorageUseActivity: +61ms
12-30 06:28:29.986  8866  8866 W linker  : [vdso]: unused DT entry: type 0x6ffffef5 arg 0x160
12-30 06:28:33.520  2176  2817 W ActivityManager: getRunningAppProcesses: caller 10055 does not hold REAL_GET_TASKS; limiting output
12-30 06:28:34.998  8867  8867 W linker  : [vdso]: unused DT entry: type 0x6ffffef5 arg 0x160
12-30 06:28:40.010  8868  8868 W linker  : [vdso]: unused DT entry: type 0x6ffffef5 arg 0x160
12-30 06:28:44.020  8869  8869 W linker  : [vdso]: unused DT entry: type 0x6ffffef5 arg 0x160
12-30 06:28:49.032  8870  8870 W linker  : [vdso]: unused DT entry: type 0x6ffffef5 arg 0x160
12-30 06:28:53.003  2176  2476 W ActivityManager: getRunningAppProcesses: caller 10056 does not hold REAL_GET_TASKS; limiting output
12-30 06:28:54.044  8871  8871 W linker  : [vdso]: unused DT entry: type 0x6ffffef5 arg 0x160
12-30 06:28:59.056  8872  8872 W linker  : [vdso]: unused DT entry: type 0x6ffffef5 arg 0x160
12-30 06:29:03.520  2176  2478 W ActivityManager: getRunningAppProcesses: caller 10055 does not hold REAL_GET_TASKS; limiting output
12-30 06:29:04.068  8873  8873 W linker  : [vdso]: unused DT entry: type 0x6ffffef5 arg 0x160
12-30 06:29:07.243  2176  2276 W ActivityManager: Unable to start service Intent { act=APP_CHANGE_ACTION flg=0x4 cmp=com.wandoujia.phoenix2/com.wandoujia.base.services.AlarmService (has extras) } U=0: not found
12-30 06:29:09.079  8874  8874 W linker  : [vdso]: unused DT entry: type 0x6ffffef5 arg 0x160
12-30 06:29:14.087  8875  8875 W linker  : [vdso]: unused DT entry: type 0x6ffffef5 arg 0x160
12-30 06:29:19.098  8876  8876 W linker  : [vdso]: unused DT entry: type 0x6ffffef5 arg 0x160
12-30 06:29:23.003  2176  2476 W ActivityManager: getRunningAppProcesses: caller 10056 does not hold REAL_GET_TASKS; limiting output
12-30 06:29:24.109  8877  8877 W linker  : [vdso]: unused DT entry: type 0x6ffffef5 arg 0x160
12-30 06:29:29.121  8878  8878 W linker  : [vdso]: unused DT entry: type 0x6ffffef5 arg 0x160
12-30 06:29:33.520  2176  2817 W ActivityManager: getRunningAppProcesses: caller 10055 does not hold REAL_GET_TASKS; limiting output
12-30 06:29:34.132  8879  8879 W linker  : [vdso]: unused DT entry: type 0x6ffffef5 arg 0x160
12-30 06:29:39.144  8880  8880 W linker  : [vdso]: unused DT entry: type 0x6ffffef5 arg 0x160
12-30 06:29:44.155  8881  8881 W linker  : [vdso]: unused DT entry: type 0x6ffffef5 arg 0x160
12-30 06:29:49.166  8882  8882 W linker  : [vdso]: unused DT entry: type 0x6ffffef5 arg 0x160
12-30 06:29:53.003  2176  2200 W ActivityManager: getRunningAppProcesses: caller 10056 does not hold REAL_GET_TASKS; limiting output
12-30 06:29:54.177  8883  8883 W linker  : [vdso]: unused DT entry: type 0x6ffffef5 arg 0x160
12-30 06:29:59.186  8884  8884 W linker  : [vdso]: unused DT entry: type 0x6ffffef5 arg 0x160
12-30 06:30:01.019  2176  2205 I ActivityManager: Start proc 8885:com.android.deskclock/u0a26 for broadcast com.android.deskclock/com.android.alarmclock.DigitalAppWidgetProvider
12-30 06:30:01.023  8885  8885 I ActivityThread: Switching default density from 160 to 240
12-30 06:30:03.520  2176  2200 W ActivityManager: getRunningAppProcesses: caller 10055 does not hold REAL_GET_TASKS; limiting output
12-30 06:30:04.197  8907  8907 W linker  : [vdso]: unused DT entry: type 0x6ffffef5 arg 0x160
12-30 06:30:09.209  8908  8908 W linker  : [vdso]: unused DT entry: type 0x6ffffef5 arg 0x160
12-30 06:30:14.220  8909  8909 W linker  : [vdso]: unused DT entry: type 0x6ffffef5 arg 0x160
12-30 06:30:19.232  8910  8910 W linker  : [vdso]: unused DT entry: type 0x6ffffef5 arg 0x160
12-30 06:30:23.003  2176  2476 W ActivityManager: getRunningAppProcesses: caller 10056 does not hold REAL_GET_TASKS; limiting output
12-30 06:30:23.849  2176  2817 W ActivityManager: getRunningAppProcesses: caller 10056 does not hold REAL_GET_TASKS; limiting output
12-30 06:30:24.243  8912  8912 W linker  : [vdso]: unused DT entry: type 0x6ffffef5 arg 0x160
12-30 06:30:29.255  8913  8913 W linker  : [vdso]: unused DT entry: type 0x6ffffef5 arg 0x160
12-30 06:30:33.520  2176  2200 W ActivityManager: getRunningAppProcesses: caller 10055 does not hold REAL_GET_TASKS; limiting output
12-30 06:30:34.266  8914  8914 W linker  : [vdso]: unused DT entry: type 0x6ffffef5 arg 0x160
12-30 06:30:39.277  8915  8915 W linker  : [vdso]: unused DT entry: type 0x6ffffef5 arg 0x160
12-30 06:30:44.289  8916  8916 W linker  : [vdso]: unused DT entry: type 0x6ffffef5 arg 0x160
12-30 06:30:49.300  8917  8917 W linker  : [vdso]: unused DT entry: type 0x6ffffef5 arg 0x160
12-30 06:30:53.003  2176  2824 W ActivityManager: getRunningAppProcesses: caller 10056 does not hold REAL_GET_TASKS; limiting output
12-30 06:30:54.312  8918  8918 W linker  : [vdso]: unused DT entry: type 0x6ffffef5 arg 0x160
12-30 06:30:59.323  8919  8919 W linker  : [vdso]: unused DT entry: type 0x6ffffef5 arg 0x160
12-30 06:31:03.520  2176  2817 W ActivityManager: getRunningAppProcesses: caller 10055 does not hold REAL_GET_TASKS; limiting output
12-30 06:31:04.335  8920  8920 W linker  : [vdso]: unused DT entry: type 0x6ffffef5 arg 0x160
12-30 06:31:09.346  8921  8921 W linker  : [vdso]: unused DT entry: type 0x6ffffef5 arg 0x160
12-30 06:31:14.357  8922  8922 W linker  : [vdso]: unused DT entry: type 0x6ffffef5 arg 0x160
12-30 06:31:19.369  2176  2294 W AudioTrack: AUDIO_OUTPUT_FLAG_FAST denied by client
12-30 06:31:19.369  8923  8923 W linker  : [vdso]: unused DT entry: type 0x6ffffef5 arg 0x160
12-30 06:31:19.381  1919  2163 D audio_hw_primary: found out /dev/snd/pcmC0D0p
12-30 06:31:19.402  8925  8925 W linker  : [vdso]: unused DT entry: type 0x6ffffef5 arg 0x160
12-30 06:31:19.407  8926  8926 W linker  : [vdso]: unused DT entry: type 0x6ffffef5 arg 0x160
12-30 06:31:19.412  8927  8927 W linker  : [vdso]: unused DT entry: type 0x6ffffef5 arg 0x160
12-30 06:31:19.416  8928  8928 W linker  : [vdso]: unused DT entry: type 0x6ffffef5 arg 0x160
12-30 06:31:19.448  8119  8119 W IInputConnectionWrapper: showStatusIcon on inactive InputConnection
12-30 06:31:19.521  8932  8932 W linker  : [vdso]: unused DT entry: type 0x6ffffef5 arg 0x160
12-30 06:31:19.526  8933  8933 W linker  : [vdso]: unused DT entry: type 0x6ffffef5 arg 0x160
12-30 06:31:19.529  8934  8934 W linker  : [vdso]: unused DT entry: type 0x6ffffef5 arg 0x160
12-30 06:31:19.559  8935  8935 W linker  : [vdso]: unused DT entry: type 0x6ffffef5 arg 0x160
12-30 06:31:19.561  8936  8936 W linker  : [vdso]: unused DT entry: type 0x6ffffef5 arg 0x160
12-30 06:31:19.562  8937  8937 W linker  : [vdso]: unused DT entry: type 0x6ffffef5 arg 0x160
12-30 06:31:21.872  2176  2294 W AudioTrack: AUDIO_OUTPUT_FLAG_FAST denied by client
12-30 06:31:22.474  2176  2294 W AudioTrack: AUDIO_OUTPUT_FLAG_FAST denied by client
12-30 06:31:23.000  2176  2339 I ActivityManager: START u0 {dat=file:///storage/usb1/CTS/test-APK/fruitninja.apk cmp=com.android.packageinstaller/.InstallAppProgress (has extras)} from uid 10042 on display 0
12-30 06:31:23.000  2176  2294 W AudioTrack: AUDIO_OUTPUT_FLAG_FAST denied by client
12-30 06:31:23.003  2176  2480 W ActivityManager: getRunningAppProcesses: caller 10056 does not hold REAL_GET_TASKS; limiting output
12-30 06:31:23.009  2176  2339 V WindowManager: addAppToken: AppWindowToken{1f2f578c token=Token{2baeb4bf ActivityRecord{8574ade u0 com.android.packageinstaller/.InstallAppProgress t32}}} to stack=1 task=32 at 2
12-30 06:31:23.063  2176  2478 V WindowManager: Adding window Window{1f9dd351 u0 com.android.packageinstaller/com.android.packageinstaller.InstallAppProgress} at 8 of 16 (before Window{1e497d30 u0 com.android.packageinstaller/com.android.packageinstaller.PackageInstallerActivity EXITING})
12-30 06:31:23.067  3965  7187 W         : Zip: failed reading lfh name from offset 29486113
12-30 06:31:23.067  3965  7187 W zipro   : Error iteration over /storage/usb1/CTS/test-APK/fruitninja.apk: I/O Error
12-30 06:31:23.067  3965  7187 W         : Zip: failed reading lfh name from offset 29486113
12-30 06:31:23.067  3965  7187 W zipro   : Error iteration over /storage/usb1/CTS/test-APK/fruitninja.apk: I/O Error
12-30 06:31:23.072  3965  3985 D DefContainer: Copying /storage/usb1/CTS/test-APK/fruitninja.apk to base.apk
12-30 06:31:23.075  3965  3985 W DefContainer: Failed to copy package at /storage/usb1/CTS/test-APK/fruitninja.apk: java.io.IOException: read failed: EIO (I/O error)
12-30 06:31:23.075  2176  2214 E PackageManager: Failed to copy package
12-30 06:31:23.106  2176  2210 I ActivityManager: Displayed com.android.packageinstaller/.InstallAppProgress: +94ms
12-30 06:31:23.110  2176  2214 I art     : Explicit concurrent mark sweep GC freed 66184(3MB) AllocSpace objects, 5(77KB) LOS objects, 33% free, 15MB/23MB, paused 632us total 34.895ms
12-30 06:31:23.141  3746  3769 D OpenGLRenderer: endAllStagingAnimators on 0x7fc1e677e000 (RippleDrawable) with handle 0x7fc1ddc8e8a0
12-30 06:31:23.150  2176  2825 V WindowManager: not Base app: Adding window Window{3aa5b942 u0 com.android.packageinstaller/com.android.packageinstaller.InstallAppProgress} at 12 of 17
12-30 06:31:24.378  8943  8943 W linker  : [vdso]: unused DT entry: type 0x6ffffef5 arg 0x160
12-30 06:31:25.315  2176  2208 I ActivityManager: Start proc 8944:com.android.systemui:screenshot/u0a13 for service com.android.systemui/.screenshot.TakeScreenshotService
12-30 06:31:25.317  1922  1922 I art     : Explicit concurrent mark sweep GC freed 706(30KB) AllocSpace objects, 0(0B) LOS objects, 39% free, 1950KB/3MB, paused 19us total 2.153ms
12-30 06:31:25.320  1922  1922 I art     : Explicit concurrent mark sweep GC freed 5(160B) AllocSpace objects, 0(0B) LOS objects, 39% free, 1950KB/3MB, paused 17us total 2.032ms
12-30 06:31:25.322  1922  1922 I art     : Explicit concurrent mark sweep GC freed 5(160B) AllocSpace objects, 0(0B) LOS objects, 39% free, 1950KB/3MB, paused 23us total 2.008ms
12-30 06:31:25.322  8944  8944 I ActivityThread: Switching default density from 160 to 240
12-30 06:31:25.327  1902  1909 D PermissionCache: checking android.permission.READ_FRAME_BUFFER for uid=10013 => granted (29 us)
12-30 06:31:25.329  1919  1919 D NuPlayerDriver: start(0xf584ed60)
12-30 06:31:25.329  1919  8968 I GenericSource: start
12-30 06:31:25.333  1919  1919 D NuPlayerDriver: reset(0xf584ed60)
12-30 06:31:25.333  1919  8968 D NuPlayerDriver: notifyResetComplete(0xf584ed60)
12-30 06:31:25.342  8944  8944 I GRALLOC-DRM: create intel for driver i915
12-30 06:31:25.377  8944  8975 D OpenGLRenderer: Use EGL_SWAP_BEHAVIOR_PRESERVED: true
12-30 06:31:25.379  8944  8944 D Atlas   : Validating map...
12-30 06:31:25.413  8944  8975 I EGL-DRI2: DRI2: found extension DRI_Core version 1
12-30 06:31:25.413  8944  8975 I EGL-DRI2: DRI2: found extension DRI_DRI2 version 4
12-30 06:31:25.424  8944  8975 I EGL-DRI2: DRI2: found extension DRI_TexBuffer version 3
12-30 06:31:25.424  8944  8975 I EGL-DRI2: DRI2: found extension DRI2_Flush version 4
12-30 06:31:25.424  8944  8975 I EGL-DRI2: DRI2: found extension DRI_IMAGE version 11
12-30 06:31:25.424  8944  8975 I OpenGLRenderer: Initialized EGL, version 1.4
12-30 06:31:25.424  8944  8975 W OpenGLRenderer: Failed to choose config with EGL_SWAP_BEHAVIOR_PRESERVED, retrying without...
12-30 06:31:25.428  8944  8975 D OpenGLRenderer: Enabling debug mode 0
12-30 06:31:25.434  8944  8944 W AudioTrack: AUDIO_OUTPUT_FLAG_FAST denied by client
12-30 06:31:29.389  8979  8979 W linker  : [vdso]: unused DT entry: type 0x6ffffef5 arg 0x160
12-30 06:31:30.465  2176  2294 W AudioTrack: AUDIO_OUTPUT_FLAG_FAST denied by client
12-30 06:31:30.473  3746  3746 I InstallAppProgress: Canceling installation
12-30 06:31:30.477  1919  2163 D audio_hw_primary: found out /dev/snd/pcmC0D0p
12-30 06:31:30.491  3746  3769 D OpenGLRenderer: endAllStagingAnimators on 0x7fc1e6780000 (RippleDrawable) with handle 0x7fc1e64a02c0
12-30 06:31:30.500  2176  2817 I ActivityManager: Killing 7323:com.android.documentsui/u0a28 (adj 15): empty #17
12-30 06:31:33.126  2176  2480 I ActivityManager: Killing 7451:com.example.android.rssreader/u0a48 (adj 15): empty #17
12-30 06:31:33.520  2176  2476 W ActivityManager: getRunningAppProcesses: caller 10055 does not hold REAL_GET_TASKS; limiting output
12-30 06:31:34.400  8983  8983 W linker  : [vdso]: unused DT entry: type 0x6ffffef5 arg 0x160
12-30 06:31:36.857  2176  2294 W AudioTrack: AUDIO_OUTPUT_FLAG_FAST denied by client
12-30 06:31:36.859  2550  2550 W ResourceType: No package identifier when getting value for resource number 0x00000000
12-30 06:31:36.859  2550  2550 W PackageManager: Failure retrieving resources for com.cyanogenmod.filemanager: Resource ID #0x0
12-30 06:31:36.862  2176  2476 I ActivityManager: START u0 {act=com.android.systemui.recents.SHOW_RECENTS flg=0x10804000 cmp=com.android.systemui/.recents.RecentsActivity} from uid 10013 on display 0
12-30 06:31:36.870  1919  2163 D audio_hw_primary: found out /dev/snd/pcmC0D0p
12-30 06:31:36.963  2176  2476 W InputMethodManagerService: Starting input on non-focused client com.android.internal.view.IInputMethodClient$Stub$Proxy@12e06809 (uid=10020 pid=6729)
12-30 06:31:37.886  2550  2550 W ResourceType: No package identifier when getting value for resource number 0x00000000
12-30 06:31:37.886  2550  2550 W PackageManager: Failure retrieving resources for com.cyanogenmod.filemanager: Resource ID #0x0
12-30 06:31:38.624  2176  2294 W AudioTrack: AUDIO_OUTPUT_FLAG_FAST denied by client
12-30 06:31:38.663  2176  2278 I InputDispatcher: Dropping event because there is no touchable window at (951, 224).
12-30 06:31:38.679  2176  2278 I InputDispatcher: Dropping event because there is no touchable window at (951, 223).
12-30 06:31:38.718  4062  4062 I Term    : Bound to TermService
12-30 06:31:38.718  4062  4062 I TermService: Activity binding to service
12-30 06:31:39.411  8991  8991 W linker  : [vdso]: unused DT entry: type 0x6ffffef5 arg 0x160
12-30 06:31:44.423  8992  8992 W linker  : [vdso]: unused DT entry: type 0x6ffffef5 arg 0x160
12-30 06:31:49.435  8993  8993 W linker  : [vdso]: unused DT entry: type 0x6ffffef5 arg 0x160
12-30 06:31:53.003  2176  2476 W ActivityManager: getRunningAppProcesses: caller 10056 does not hold REAL_GET_TASKS; limiting output
12-30 06:31:54.448  8994  8994 W linker  : [vdso]: unused DT entry: type 0x6ffffef5 arg 0x160
12-30 06:31:59.459  8996  8996 W linker  : [vdso]: unused DT entry: type 0x6ffffef5 arg 0x160
12-30 06:32:03.520  2176  2201 W ActivityManager: getRunningAppProcesses: caller 10055 does not hold REAL_GET_TASKS; limiting output
12-30 06:32:04.471  8997  8997 W linker  : [vdso]: unused DT entry: type 0x6ffffef5 arg 0x160
12-30 06:32:09.479  8998  8998 W linker  : [vdso]: unused DT entry: type 0x6ffffef5 arg 0x160
12-30 06:32:14.490  8999  8999 W linker  : [vdso]: unused DT entry: type 0x6ffffef5 arg 0x160
12-30 06:32:15.772  9001  9001 W linker  : [vdso]: unused DT entry: type 0x6ffffef5 arg 0x160
12-30 06:32:17.476  9002  9002 W linker  : [vdso]: unused DT entry: type 0x6ffffef5 arg 0x160
12-30 06:32:19.501  9003  9003 W linker  : [vdso]: unused DT entry: type 0x6ffffef5 arg 0x160
12-30 06:32:23.003  2176  2478 W ActivityManager: getRunningAppProcesses: caller 10056 does not hold REAL_GET_TASKS; limiting output
12-30 06:32:24.513  9004  9004 W linker  : [vdso]: unused DT entry: type 0x6ffffef5 arg 0x160
12-30 06:32:29.524  9005  9005 W linker  : [vdso]: unused DT entry: type 0x6ffffef5 arg 0x160
12-30 06:32:33.520  2176  2476 W ActivityManager: getRunningAppProcesses: caller 10055 does not hold REAL_GET_TASKS; limiting output
12-30 06:32:34.536  9006  9006 W linker  : [vdso]: unused DT entry: type 0x6ffffef5 arg 0x160
12-30 06:32:39.547  9007  9007 W linker  : [vdso]: unused DT entry: type 0x6ffffef5 arg 0x160
12-30 06:32:44.559  9008  9008 W linker  : [vdso]: unused DT entry: type 0x6ffffef5 arg 0x160
12-30 06:32:46.828  9009  9009 W linker  : [vdso]: unused DT entry: type 0x6ffffef5 arg 0x160
