12-30 06:14:53.289  2176  2294 W AudioTrack: AUDIO_OUTPUT_FLAG_FAST denied by client
12-30 06:14:53.301  1919  2163 D audio_hw_primary: found out /dev/snd/pcmC0D0p
12-30 06:14:53.307  2550  2550 W ResourceType: No package identifier when getting value for resource number 0x00000000
12-30 06:14:53.307  2550  2550 W PackageManager: Failure retrieving resources for jackpal.androidterm: Resource ID #0x0
12-30 06:14:53.310  2176  2825 I ActivityManager: START u0 {act=com.android.systemui.recents.SHOW_RECENTS flg=0x10804000 cmp=com.android.systemui/.recents.RecentsActivity} from uid 10013 on display 0
12-30 06:14:53.394  4062  4062 W IInputConnectionWrapper: showStatusIcon on inactive InputConnection
12-30 06:14:54.272  2176  2294 W AudioTrack: AUDIO_OUTPUT_FLAG_FAST denied by client
12-30 06:14:54.315  7058  7058 W linker  : [vdso]: unused DT entry: type 0x6ffffef5 arg 0x160
12-30 06:14:54.319  7059  7059 W linker  : [vdso]: unused DT entry: type 0x6ffffef5 arg 0x160
12-30 06:14:54.325  7064  7064 W linker  : [vdso]: unused DT entry: type 0x6ffffef5 arg 0x160
12-30 06:14:54.328  7065  7065 W linker  : [vdso]: unused DT entry: type 0x6ffffef5 arg 0x160
12-30 06:14:54.433  7067  7067 W linker  : [vdso]: unused DT entry: type 0x6ffffef5 arg 0x160
12-30 06:14:54.438  7068  7068 W linker  : [vdso]: unused DT entry: type 0x6ffffef5 arg 0x160
12-30 06:14:54.441  7069  7069 W linker  : [vdso]: unused DT entry: type 0x6ffffef5 arg 0x160
12-30 06:14:54.481  7070  7070 W linker  : [vdso]: unused DT entry: type 0x6ffffef5 arg 0x160
12-30 06:14:54.483  7071  7071 W linker  : [vdso]: unused DT entry: type 0x6ffffef5 arg 0x160
12-30 06:14:54.484  7072  7072 W linker  : [vdso]: unused DT entry: type 0x6ffffef5 arg 0x160
12-30 06:14:54.951  7073  7073 W linker  : [vdso]: unused DT entry: type 0x6ffffef5 arg 0x160
12-30 06:14:55.295  2550  2550 W ResourceType: No package identifier when getting value for resource number 0x00000000
12-30 06:14:55.295  2550  2550 W PackageManager: Failure retrieving resources for jackpal.androidterm: Resource ID #0x0
12-30 06:14:57.937  2176  2294 W AudioTrack: AUDIO_OUTPUT_FLAG_FAST denied by client
12-30 06:14:57.943  2176  2817 I ActivityManager: START u0 {act=android.intent.action.VIEW dat=file:///storage/usb1/CTS/test-APK/Seafile_v1.9.3_apkpure.com.apk typ=application/vnd.android.package-archive cmp=com.android.packageinstaller/.PackageInstallerActivity} from uid 10020 on display 0
12-30 06:14:57.949  1919  2163 D audio_hw_primary: found out /dev/snd/pcmC0D0p
12-30 06:14:57.950  2176  2817 V WindowManager: addAppToken: AppWindowToken{1ff66579 token=Token{1a44c240 ActivityRecord{182909c3 u0 com.android.packageinstaller/.PackageInstallerActivity t32}}} to stack=1 task=32 at 1
12-30 06:14:58.319  2176  2817 V WindowManager: Adding window Window{11887f1f u0 com.android.packageinstaller/com.android.packageinstaller.PackageInstallerActivity} at 5 of 10 (after Window{301b28c2 u0 com.cyanogenmod.filemanager/com.cyanogenmod.filemanager.activities.NavigationActivity})
12-30 06:14:58.371  2176  2210 I ActivityManager: Displayed com.android.packageinstaller/.PackageInstallerActivity: +418ms
12-30 06:14:59.963  7077  7077 W linker  : [vdso]: unused DT entry: type 0x6ffffef5 arg 0x160
12-30 06:14:59.976  2176  2200 I ActivityManager: START u0 {dat=file:///storage/usb1/CTS/test-APK/Seafile_v1.9.3_apkpure.com.apk cmp=com.android.packageinstaller/.InstallAppProgress (has extras)} from uid 10042 on display 0
12-30 06:14:59.976  2176  2294 W AudioTrack: AUDIO_OUTPUT_FLAG_FAST denied by client
12-30 06:14:59.981  2176  2200 V WindowManager: addAppToken: AppWindowToken{6709958 token=Token{43fee3b ActivityRecord{1c03ccca u0 com.android.packageinstaller/.InstallAppProgress t32}}} to stack=1 task=32 at 2
12-30 06:15:00.004  2176  2817 V WindowManager: Adding window Window{39f7e0ed u0 com.android.packageinstaller/com.android.packageinstaller.InstallAppProgress} at 6 of 11 (after Window{11887f1f u0 com.android.packageinstaller/com.android.packageinstaller.PackageInstallerActivity})
12-30 06:15:00.007  3965  3986 W         : Zip: failed reading lfh name from offset 46983
12-30 06:15:00.007  3965  3986 W zipro   : Error iteration over /storage/usb1/CTS/test-APK/Seafile_v1.9.3_apkpure.com.apk: I/O Error
12-30 06:15:00.007  3965  3986 W         : Zip: failed reading lfh name from offset 46983
12-30 06:15:00.007  3965  3986 W zipro   : Error iteration over /storage/usb1/CTS/test-APK/Seafile_v1.9.3_apkpure.com.apk: I/O Error
12-30 06:15:00.011  3965  3985 D DefContainer: Copying /storage/usb1/CTS/test-APK/Seafile_v1.9.3_apkpure.com.apk to base.apk
12-30 06:15:00.013  3965  3985 W DefContainer: Failed to copy package at /storage/usb1/CTS/test-APK/Seafile_v1.9.3_apkpure.com.apk: java.io.IOException: read failed: EIO (I/O error)
12-30 06:15:00.013  2176  2214 E PackageManager: Failed to copy package
12-30 06:15:00.038  2176  2214 I art     : Explicit concurrent mark sweep GC freed 10988(686KB) AllocSpace objects, 9(144KB) LOS objects, 33% free, 21MB/32MB, paused 448us total 24.954ms
12-30 06:15:00.051  2176  2210 I ActivityManager: Displayed com.android.packageinstaller/.InstallAppProgress: +61ms
12-30 06:15:00.052  2176  6715 V WindowManager: not Base app: Adding window Window{2d3b70 u0 com.android.packageinstaller/com.android.packageinstaller.InstallAppProgress} at 7 of 12
12-30 06:15:00.107  3746  3769 D OpenGLRenderer: endAllStagingAnimators on 0x7fc1e65f4800 (RippleDrawable) with handle 0x7fc1e653aae0
12-30 06:15:03.520  2176  2825 W ActivityManager: getRunningAppProcesses: caller 10055 does not hold REAL_GET_TASKS; limiting output
12-30 06:15:04.976  7080  7080 W linker  : [vdso]: unused DT entry: type 0x6ffffef5 arg 0x160
12-30 06:15:06.168  2176  2294 W AudioTrack: AUDIO_OUTPUT_FLAG_FAST denied by client
12-30 06:15:06.173  2176  2200 I ActivityManager: START u0 {act=android.intent.action.MANAGE_PACKAGE_STORAGE cmp=com.android.settings/.Settings$StorageUseActivity} from uid 10042 on display 0
12-30 06:15:06.177  2176  2200 V WindowManager: addAppToken: AppWindowToken{4556e0f token=Token{190ad76e ActivityRecord{3fe9ee9 u0 com.android.settings/.Settings$StorageUseActivity t32}}} to stack=1 task=32 at 2
12-30 06:15:06.179  2176  2210 V WindowManager: Adding window Window{4ca2534 u0 Starting com.android.settings} at 7 of 12 (after Window{2d3b70 u0 com.android.packageinstaller/com.android.packageinstaller.InstallAppProgress})
12-30 06:15:06.181  1919  2163 D audio_hw_primary: found out /dev/snd/pcmC0D0p
12-30 06:15:06.189  3746  3769 D OpenGLRenderer: endAllStagingAnimators on 0x7fc1e677b400 (RippleDrawable) with handle 0x7fc1ddc8e800
12-30 06:15:06.248  2176  2476 I ActivityManager: Start proc 7082:com.android.settings/1000 for activity com.android.settings/.Settings$StorageUseActivity
12-30 06:15:06.266  7082  7082 I ActivityThread: Switching default density from 160 to 240
12-30 06:15:06.280  7082  7082 W ContextImpl: Calling a method in the system process without a qualified user: android.app.ContextImpl.bindService:1756 android.content.ContextWrapper.bindService:539 com.android.settings.applications.ManageApplications.onCreate:881 android.app.Fragment.performCreate:2031 android.app.FragmentManagerImpl.moveToState:863 
12-30 06:15:06.326  7082  7105 W ResourceType: No package identifier when getting value for resource number 0x00000000
12-30 06:15:06.326  7082  7105 W PackageManager: Failure retrieving resources for com.example.android.rssreader: Resource ID #0x0
12-30 06:15:06.327  7082  7105 W ResourceType: No package identifier when getting value for resource number 0x00000000
12-30 06:15:06.327  7082  7105 W PackageManager: Failure retrieving resources for com.android.providers.media: Resource ID #0x0
12-30 06:15:06.327  7082  7105 W ResourceType: No package identifier when getting value for resource number 0x00000000
12-30 06:15:06.327  7082  7105 W PackageManager: Failure retrieving resources for com.android.wallpapercropper: Resource ID #0x0
12-30 06:15:06.328  7082  7105 W ResourceType: No package identifier when getting value for resource number 0x00000000
12-30 06:15:06.328  7082  7105 W PackageManager: Failure retrieving resources for com.android.documentsui: Resource ID #0x0
12-30 06:15:06.328  7082  7105 W ResourceType: No package identifier when getting value for resource number 0x00000000
12-30 06:15:06.328  7082  7105 W PackageManager: Failure retrieving resources for com.android.externalstorage: Resource ID #0x0
12-30 06:15:06.328  7082  7105 W ResourceType: No package identifier when getting value for resource number 0x00000000
12-30 06:15:06.328  7082  7105 W PackageManager: Failure retrieving resources for com.android.htmlviewer: Resource ID #0x0
12-30 06:15:06.338  7082  7105 W ResourceType: No package identifier when getting value for resource number 0x00000000
12-30 06:15:06.338  7082  7105 W PackageManager: Failure retrieving resources for com.android.mms.service: Resource ID #0x0
12-30 06:15:06.341  7082  7105 W ResourceType: No package identifier when getting value for resource number 0x00000000
12-30 06:15:06.341  7082  7105 W PackageManager: Failure retrieving resources for com.android.defcontainer: Resource ID #0x0
12-30 06:15:06.341  7082  7105 W ResourceType: No package identifier when getting value for resource number 0x00000000
12-30 06:15:06.341  7082  7105 W PackageManager: Failure retrieving resources for com.android.pacprocessor: Resource ID #0x0
12-30 06:15:06.341  7082  7105 W ResourceType: No package identifier when getting value for resource number 0x00000000
12-30 06:15:06.341  7082  7105 W PackageManager: Failure retrieving resources for com.android.certinstaller: Resource ID #0x0
12-30 06:15:06.341  7082  7105 W ResourceType: No package identifier when getting value for resource number 0x00000000
12-30 06:15:06.341  7082  7105 W PackageManager: Failure retrieving resources for com.android.speechrecorder: Resource ID #0x0
12-30 06:15:06.356  7082  7106 D OpenGLRenderer: Use EGL_SWAP_BEHAVIOR_PRESERVED: true
12-30 06:15:06.357  7082  7082 I GRALLOC-DRM: create intel for driver i915
12-30 06:15:06.357  7082  7082 D Atlas   : Validating map...
12-30 06:15:06.358  2176  2477 V WindowManager: Adding window Window{de03fda u0 com.android.settings/com.android.settings.Settings$StorageUseActivity} at 7 of 13 (before Window{4ca2534 u0 Starting com.android.settings})
12-30 06:15:06.360  7082  7105 W ResourceType: No package identifier when getting value for resource number 0x00000000
12-30 06:15:06.360  7082  7105 W PackageManager: Failure retrieving resources for com.android.backupconfirm: Resource ID #0x0
12-30 06:15:06.360  7082  7105 W ResourceType: No package identifier when getting value for resource number 0x00000000
12-30 06:15:06.360  7082  7105 W PackageManager: Failure retrieving resources for com.android.provision: Resource ID #0x0
12-30 06:15:06.360  7082  7105 W ResourceType: No package identifier when getting value for resource number 0x00000000
12-30 06:15:06.360  7082  7105 W PackageManager: Failure retrieving resources for com.android.wallpaper.holospiral: Resource ID #0x0
12-30 06:15:06.362  7082  7105 W ResourceType: No package identifier when getting value for resource number 0x00000000
12-30 06:15:06.362  7082  7105 W PackageManager: Failure retrieving resources for com.android.sharedstoragebackup: Resource ID #0x0
12-30 06:15:06.363  7082  7105 W ResourceType: No package identifier when getting value for resource number 0x00000000
12-30 06:15:06.363  7082  7105 W PackageManager: Failure retrieving resources for com.android.printspooler: Resource ID #0x0
12-30 06:15:06.363  7082  7105 W ResourceType: No package identifier when getting value for resource number 0x00000000
12-30 06:15:06.363  7082  7105 W PackageManager: Failure retrieving resources for com.android.dreams.basic: Resource ID #0x0
12-30 06:15:06.372  7082  7105 W ResourceType: No package identifier when getting value for resource number 0x00000000
12-30 06:15:06.372  7082  7105 W PackageManager: Failure retrieving resources for com.android.inputdevices: Resource ID #0x0
12-30 06:15:06.373  7082  7105 W ResourceType: No package identifier when getting value for resource number 0x00000000
12-30 06:15:06.373  7082  7105 W PackageManager: Failure retrieving resources for com.android.onetimeinitializer: Resource ID #0x0
12-30 06:15:06.375  7082  7105 W ResourceType: No package identifier when getting value for resource number 0x00000000
12-30 06:15:06.375  7082  7105 W PackageManager: Failure retrieving resources for com.android.keychain: Resource ID #0x0
12-30 06:15:06.377  7082  7105 W ResourceType: No package identifier when getting value for resource number 0x00000000
12-30 06:15:06.377  7082  7105 W PackageManager: Failure retrieving resources for com.android.packageinstaller: Resource ID #0x0
12-30 06:15:06.377  7082  7105 W ResourceType: No package identifier when getting value for resource number 0x00000000
12-30 06:15:06.377  7082  7105 W PackageManager: Failure retrieving resources for com.android.basicsmsreceiver: Resource ID #0x0
12-30 06:15:06.377  7082  7105 W ResourceType: No package identifier when getting value for resource number 0x00000000
12-30 06:15:06.377  7082  7105 W PackageManager: Failure retrieving resources for com.svox.pico: Resource ID #0x0
12-30 06:15:06.377  7082  7105 W ResourceType: No package identifier when getting value for resource number 0x00000000
12-30 06:15:06.377  7082  7105 W PackageManager: Failure retrieving resources for com.android.proxyhandler: Resource ID #0x0
12-30 06:15:06.395  7082  7105 W ResourceType: No package identifier when getting value for resource number 0x00000000
12-30 06:15:06.395  7082  7105 W PackageManager: Failure retrieving resources for com.android.managedprovisioning: Resource ID #0x0
12-30 06:15:06.397  7082  7105 W ResourceType: No package identifier when getting value for resource number 0x00000000
12-30 06:15:06.397  7082  7105 W PackageManager: Failure retrieving resources for com.android.vpndialogs: Resource ID #0x0
12-30 06:15:06.398  7082  7105 W ResourceType: No package identifier when getting value for resource number 0x00000000
12-30 06:15:06.398  7082  7105 W PackageManager: Failure retrieving resources for com.android.shell: Resource ID #0x0
12-30 06:15:06.398  7082  7105 W ResourceType: No package identifier when getting value for resource number 0x00000000
12-30 06:15:06.398  7082  7105 W PackageManager: Failure retrieving resources for com.android.providers.userdictionary: Resource ID #0x0
12-30 06:15:06.398  7082  7105 W ResourceType: No package identifier when getting value for resource number 0x00000000
12-30 06:15:06.398  7082  7105 W PackageManager: Failure retrieving resources for com.android.location.fused: Resource ID #0x0
12-30 06:15:06.400  7082  7105 W ResourceType: No package identifier when getting value for resource number 0x00000000
12-30 06:15:06.400  7082  7105 W PackageManager: Failure retrieving resources for com.android.captiveportallogin: Resource ID #0x0
12-30 06:15:06.412  7082  7106 I EGL-DRI2: DRI2: found extension DRI_Core version 1
12-30 06:15:06.412  7082  7106 I EGL-DRI2: DRI2: found extension DRI_DRI2 version 4
12-30 06:15:06.415  7082  7106 I EGL-DRI2: DRI2: found extension DRI_TexBuffer version 3
12-30 06:15:06.415  7082  7106 I EGL-DRI2: DRI2: found extension DRI2_Flush version 4
12-30 06:15:06.415  7082  7106 I EGL-DRI2: DRI2: found extension DRI_IMAGE version 11
12-30 06:15:06.415  7082  7106 I OpenGLRenderer: Initialized EGL, version 1.4
12-30 06:15:06.415  7082  7106 W OpenGLRenderer: Failed to choose config with EGL_SWAP_BEHAVIOR_PRESERVED, retrying without...
12-30 06:15:06.416  7082  7106 D OpenGLRenderer: Enabling debug mode 0
12-30 06:15:06.461  2176  2210 I ActivityManager: Displayed com.android.settings/.Settings$StorageUseActivity: +232ms
12-30 06:15:09.987  7111  7111 W linker  : [vdso]: unused DT entry: type 0x6ffffef5 arg 0x160
12-30 06:15:14.994  7112  7112 W linker  : [vdso]: unused DT entry: type 0x6ffffef5 arg 0x160
12-30 06:15:16.473  2176  2824 I ActivityManager: START u0 {act=android.intent.action.MAIN cmp=com.android.settings/.SubSettings (has extras)} from uid 1000 on display 0
12-30 06:15:16.474  2176  2294 W AudioTrack: AUDIO_OUTPUT_FLAG_FAST denied by client
12-30 06:15:16.475  2176  2824 V WindowManager: addAppToken: AppWindowToken{2ee4503d token=Token{4484d94 ActivityRecord{34291de7 u0 com.android.settings/.SubSettings t32}}} to stack=1 task=32 at 2
12-30 06:15:16.486  1919  2163 D audio_hw_primary: found out /dev/snd/pcmC0D0p
12-30 06:15:16.488  7082  7082 D SubSettings: Launching fragment com.android.settings.applications.InstalledAppDetails
12-30 06:15:16.517  2176  2478 V WindowManager: Adding window Window{a5f4ed7 u0 com.android.settings/com.android.settings.SubSettings} at 6 of 11 (after Window{de03fda u0 com.android.settings/com.android.settings.Settings$StorageUseActivity})
12-30 06:15:16.571  2176  2210 I ActivityManager: Displayed com.android.settings/.SubSettings: +93ms
12-30 06:15:16.606  7082  7106 D OpenGLRenderer: endAllStagingAnimators on 0x7fc1e64db400 (ListView) with handle 0x7fc1dc4da8c0
12-30 06:15:18.761  2176  2294 W AudioTrack: AUDIO_OUTPUT_FLAG_FAST denied by client
12-30 06:15:18.789  2176  2817 V WindowManager: not Base app: Adding window Window{189ca22e u0 com.android.settings/com.android.settings.SubSettings} at 7 of 12
12-30 06:15:19.522  2176  2204 I UsageStatsService: User[0] Flushing usage stats to disk
12-30 06:15:20.006  7116  7116 W linker  : [vdso]: unused DT entry: type 0x6ffffef5 arg 0x160
12-30 06:15:20.496  2176  2294 W AudioTrack: AUDIO_OUTPUT_FLAG_FAST denied by client
12-30 06:15:20.507  2176  2476 I ActivityManager: Force stopping com.android.dialer appid=10004 user=0: from pid 7082
12-30 06:15:20.522  7082  7106 D OpenGLRenderer: endAllStagingAnimators on 0x7fc1dc6b8000 (RippleDrawable) with handle 0x7fc1db9eb4c0
12-30 06:15:20.567  2176  2201 W InputMethodManagerService: Window already focused, ignoring focus gain of: com.android.internal.view.IInputMethodClient$Stub$Proxy@3e54b33a attribute=null, token = android.os.BinderProxy@2cd01e56
12-30 06:15:21.707  2176  2294 W AudioTrack: AUDIO_OUTPUT_FLAG_FAST denied by client
12-30 06:15:22.728  2176  2294 W AudioTrack: AUDIO_OUTPUT_FLAG_FAST denied by client
12-30 06:15:24.016  7120  7120 W linker  : [vdso]: unused DT entry: type 0x6ffffef5 arg 0x160
12-30 06:15:24.307  2176  2294 W AudioTrack: AUDIO_OUTPUT_FLAG_FAST denied by client
12-30 06:15:24.407  7082  7106 D OpenGLRenderer: endAllStagingAnimators on 0x7fc1db873000 (RippleDrawable) with handle 0x7fc1db9eb2a0
12-30 06:15:29.028  7122  7122 W linker  : [vdso]: unused DT entry: type 0x6ffffef5 arg 0x160
12-30 06:15:33.520  2176  2817 W ActivityManager: getRunningAppProcesses: caller 10055 does not hold REAL_GET_TASKS; limiting output
12-30 06:15:34.040  7123  7123 W linker  : [vdso]: unused DT entry: type 0x6ffffef5 arg 0x160
12-30 06:15:39.051  7125  7125 W linker  : [vdso]: unused DT entry: type 0x6ffffef5 arg 0x160
12-30 06:15:44.063  7126  7126 W linker  : [vdso]: unused DT entry: type 0x6ffffef5 arg 0x160
12-30 06:15:46.425  2176  2294 W AudioTrack: AUDIO_OUTPUT_FLAG_FAST denied by client
12-30 06:15:46.437  1919  2163 D audio_hw_primary: found out /dev/snd/pcmC0D0p
12-30 06:15:46.444  7128  7128 W linker  : [vdso]: unused DT entry: type 0x6ffffef5 arg 0x160
12-30 06:15:46.449  7129  7129 W linker  : [vdso]: unused DT entry: type 0x6ffffef5 arg 0x160
12-30 06:15:46.454  7130  7130 W linker  : [vdso]: unused DT entry: type 0x6ffffef5 arg 0x160
12-30 06:15:46.458  7131  7131 W linker  : [vdso]: unused DT entry: type 0x6ffffef5 arg 0x160
12-30 06:15:46.535  7082  7082 W IInputConnectionWrapper: showStatusIcon on inactive InputConnection
12-30 06:15:46.563  7133  7133 W linker  : [vdso]: unused DT entry: type 0x6ffffef5 arg 0x160
12-30 06:15:46.567  7134  7134 W linker  : [vdso]: unused DT entry: type 0x6ffffef5 arg 0x160
12-30 06:15:46.570  7135  7135 W linker  : [vdso]: unused DT entry: type 0x6ffffef5 arg 0x160
12-30 06:15:46.612  7136  7136 W linker  : [vdso]: unused DT entry: type 0x6ffffef5 arg 0x160
12-30 06:15:46.614  7137  7137 W linker  : [vdso]: unused DT entry: type 0x6ffffef5 arg 0x160
12-30 06:15:46.615  7138  7138 W linker  : [vdso]: unused DT entry: type 0x6ffffef5 arg 0x160
12-30 06:15:49.074  7139  7139 W linker  : [vdso]: unused DT entry: type 0x6ffffef5 arg 0x160
12-30 06:15:49.777  2176  2294 W AudioTrack: AUDIO_OUTPUT_FLAG_FAST denied by client
12-30 06:15:49.783  2176  2201 I ActivityManager: START u0 {act=android.intent.action.VIEW dat=file:///storage/usb1/CTS/test-APK/Seafile_v1.9.3_apkpure.com.apk typ=application/vnd.android.package-archive cmp=com.android.packageinstaller/.PackageInstallerActivity} from uid 10020 on display 0
12-30 06:15:49.785  2176  2201 V WindowManager: addAppToken: AppWindowToken{2e30a3bc token=Token{36d1d3af ActivityRecord{2608cf8e u0 com.android.packageinstaller/.PackageInstallerActivity t32}}} to stack=1 task=32 at 1
12-30 06:15:49.789  1919  2163 D audio_hw_primary: found out /dev/snd/pcmC0D0p
12-30 06:15:49.839  2176  2200 V WindowManager: Adding window Window{1d46569a u0 com.android.packageinstaller/com.android.packageinstaller.PackageInstallerActivity} at 5 of 10 (after Window{301b28c2 u0 com.cyanogenmod.filemanager/com.cyanogenmod.filemanager.activities.NavigationActivity})
12-30 06:15:49.901  2176  2210 I ActivityManager: Displayed com.android.packageinstaller/.PackageInstallerActivity: +110ms
12-30 06:15:51.223  2176  2824 I ActivityManager: START u0 {dat=file:///storage/usb1/CTS/test-APK/Seafile_v1.9.3_apkpure.com.apk cmp=com.android.packageinstaller/.InstallAppProgress (has extras)} from uid 10042 on display 0
12-30 06:15:51.224  2176  2294 W AudioTrack: AUDIO_OUTPUT_FLAG_FAST denied by client
12-30 06:15:51.225  2176  2824 V WindowManager: addAppToken: AppWindowToken{24a289a7 token=Token{20a34266 ActivityRecord{a8a7ac1 u0 com.android.packageinstaller/.InstallAppProgress t32}}} to stack=1 task=32 at 2
12-30 06:15:51.267  2176  2826 V WindowManager: Adding window Window{1e235bc0 u0 com.android.packageinstaller/com.android.packageinstaller.InstallAppProgress} at 6 of 11 (after Window{1d46569a u0 com.android.packageinstaller/com.android.packageinstaller.PackageInstallerActivity})
12-30 06:15:51.271  3965  3986 W         : Zip: failed reading lfh name from offset 46983
12-30 06:15:51.271  3965  3986 W zipro   : Error iteration over /storage/usb1/CTS/test-APK/Seafile_v1.9.3_apkpure.com.apk: I/O Error
12-30 06:15:51.271  3965  3986 W         : Zip: failed reading lfh name from offset 46983
12-30 06:15:51.271  3965  3986 W zipro   : Error iteration over /storage/usb1/CTS/test-APK/Seafile_v1.9.3_apkpure.com.apk: I/O Error
12-30 06:15:51.275  3965  7110 D DefContainer: Copying /storage/usb1/CTS/test-APK/Seafile_v1.9.3_apkpure.com.apk to base.apk
12-30 06:15:51.276  3965  7110 W DefContainer: Failed to copy package at /storage/usb1/CTS/test-APK/Seafile_v1.9.3_apkpure.com.apk: java.io.IOException: read failed: EIO (I/O error)
12-30 06:15:51.276  2176  2214 E PackageManager: Failed to copy package
12-30 06:15:51.313  2176  2210 I ActivityManager: Displayed com.android.packageinstaller/.InstallAppProgress: +69ms
12-30 06:15:51.313  2176  2214 I art     : Explicit concurrent mark sweep GC freed 191888(9MB) AllocSpace objects, 22(8MB) LOS objects, 33% free, 13MB/20MB, paused 552us total 36.356ms
12-30 06:15:51.327  2176  2825 V WindowManager: not Base app: Adding window Window{3a25069f u0 com.android.packageinstaller/com.android.packageinstaller.InstallAppProgress} at 7 of 12
12-30 06:15:51.356  3746  3769 D OpenGLRenderer: endAllStagingAnimators on 0x7fc1e677e400 (RippleDrawable) with handle 0x7fc1e6542e80
12-30 06:15:54.085  7146  7146 W linker  : [vdso]: unused DT entry: type 0x6ffffef5 arg 0x160
12-30 06:15:55.016  2176  2294 W AudioTrack: AUDIO_OUTPUT_FLAG_FAST denied by client
12-30 06:15:55.023  2176  2825 I ActivityManager: START u0 {act=android.intent.action.MANAGE_PACKAGE_STORAGE cmp=com.android.settings/.Settings$StorageUseActivity} from uid 10042 on display 0
12-30 06:15:55.025  2176  2825 V WindowManager: addAppToken: AppWindowToken{2fb19a4a token=Token{21a573b5 ActivityRecord{7c273ec u0 com.android.settings/.Settings$StorageUseActivity t32}}} to stack=1 task=32 at 2
12-30 06:15:55.029  1919  2163 D audio_hw_primary: found out /dev/snd/pcmC0D0p
12-30 06:15:55.039  3746  3769 D OpenGLRenderer: endAllStagingAnimators on 0x7fc1f1019c00 (RippleDrawable) with handle 0x7fc1ddc8e6e0
12-30 06:15:55.056  7082  7082 W ContextImpl: Calling a method in the system process without a qualified user: android.app.ContextImpl.bindService:1756 android.content.ContextWrapper.bindService:539 com.android.settings.applications.ManageApplications.onCreate:881 android.app.Fragment.performCreate:2031 android.app.FragmentManagerImpl.moveToState:863 
12-30 06:15:55.082  2176  2825 V WindowManager: Adding window Window{ddbb425 u0 com.android.settings/com.android.settings.Settings$StorageUseActivity} at 7 of 12 (after Window{3a25069f u0 com.android.packageinstaller/com.android.packageinstaller.InstallAppProgress EXITING})
12-30 06:15:55.163  2176  2210 I ActivityManager: Displayed com.android.settings/.Settings$StorageUseActivity: +116ms
12-30 06:15:59.096  7149  7149 W linker  : [vdso]: unused DT entry: type 0x6ffffef5 arg 0x160
12-30 06:16:01.809  2176  2294 W AudioTrack: AUDIO_OUTPUT_FLAG_FAST denied by client
12-30 06:16:01.809  2176  2278 I ActivityManager: START u0 {act=android.intent.action.MAIN cat=[android.intent.category.HOME] flg=0x10200000 cmp=com.android.launcher3/.Launcher} from uid 1000 on display 0
12-30 06:16:01.821  1919  2163 D audio_hw_primary: found out /dev/snd/pcmC0D0p
12-30 06:16:01.881  7082  7082 W IInputConnectionWrapper: showStatusIcon on inactive InputConnection
12-30 06:16:02.405  3074  3148 W OpenGLRenderer: Incorrectly called buildLayer on View: ShortcutAndWidgetContainer, destroying layer...
12-30 06:16:02.836  2550  2550 W ResourceType: No package identifier when getting value for resource number 0x00000000
12-30 06:16:02.836  2550  2550 W PackageManager: Failure retrieving resources for com.cyanogenmod.filemanager: Resource ID #0x0
12-30 06:16:03.281  2176  2294 W AudioTrack: AUDIO_OUTPUT_FLAG_FAST denied by client
12-30 06:16:03.291  2176  2826 I ActivityManager: START u0 {act=com.android.systemui.recents.SHOW_RECENTS flg=0x10804000 cmp=com.android.systemui/.recents.RecentsActivity} from uid 10013 on display 0
12-30 06:16:03.344  2176  2817 W InputMethodManagerService: Starting input on non-focused client com.android.internal.view.IInputMethodClient$Stub$Proxy@1878cc61 (uid=10036 pid=3074)
12-30 06:16:03.520  2176  2824 W ActivityManager: getRunningAppProcesses: caller 10055 does not hold REAL_GET_TASKS; limiting output
12-30 06:16:04.108  7152  7152 W linker  : [vdso]: unused DT entry: type 0x6ffffef5 arg 0x160
12-30 06:16:04.232  2176  2294 W AudioTrack: AUDIO_OUTPUT_FLAG_FAST denied by client
12-30 06:16:04.247  2176  2278 I InputDispatcher: Dropping event because there is no touchable window at (1083, 404).
12-30 06:16:04.255  2176  2278 I InputDispatcher: Dropping event because there is no touchable window at (1083, 403).
12-30 06:16:04.292  4062  4062 I Term    : Bound to TermService
12-30 06:16:04.292  4062  4062 I TermService: Activity binding to service
12-30 06:16:08.107  7159  7159 W linker  : [vdso]: unused DT entry: type 0x6ffffef5 arg 0x160
12-30 06:16:09.119  7160  7160 W linker  : [vdso]: unused DT entry: type 0x6ffffef5 arg 0x160
12-30 06:16:13.084  7161  7161 W linker  : [vdso]: unused DT entry: type 0x6ffffef5 arg 0x160
12-30 06:16:14.131  7162  7162 W linker  : [vdso]: unused DT entry: type 0x6ffffef5 arg 0x160
12-30 06:16:19.142  7163  7163 W linker  : [vdso]: unused DT entry: type 0x6ffffef5 arg 0x160
12-30 06:16:24.154  7164  7164 W linker  : [vdso]: unused DT entry: type 0x6ffffef5 arg 0x160
12-30 06:16:29.165  7165  7165 W linker  : [vdso]: unused DT entry: type 0x6ffffef5 arg 0x160
12-30 06:16:33.520  2176  2339 W ActivityManager: getRunningAppProcesses: caller 10055 does not hold REAL_GET_TASKS; limiting output
12-30 06:16:34.177  7166  7166 W linker  : [vdso]: unused DT entry: type 0x6ffffef5 arg 0x160
12-30 06:16:36.465  2176  2294 W AudioTrack: AUDIO_OUTPUT_FLAG_FAST denied by client
12-30 06:16:36.465  2176  2278 I ActivityManager: START u0 {act=android.intent.action.MAIN cat=[android.intent.category.HOME] flg=0x10200000 cmp=com.android.launcher3/.Launcher} from uid 1000 on display 0
12-30 06:16:36.477  1919  2163 D audio_hw_primary: found out /dev/snd/pcmC0D0p
12-30 06:16:36.532  4062  4062 W IInputConnectionWrapper: showStatusIcon on inactive InputConnection
12-30 06:16:37.056  3074  3148 W OpenGLRenderer: Incorrectly called buildLayer on View: ShortcutAndWidgetContainer, destroying layer...
12-30 06:16:37.486  2550  2550 W ResourceType: No package identifier when getting value for resource number 0x00000000
12-30 06:16:37.486  2550  2550 W PackageManager: Failure retrieving resources for jackpal.androidterm: Resource ID #0x0
12-30 06:16:38.340  2176  2339 I ActivityManager: START u0 {act=android.intent.action.MAIN cat=[android.intent.category.LAUNCHER] flg=0x10200000 cmp=com.android.settings/.Settings bnds=[749,566][960,702] (has extras)} from uid 10036 on display 0
12-30 06:16:38.340  2176  2294 W AudioTrack: AUDIO_OUTPUT_FLAG_FAST denied by client
12-30 06:16:38.347  2176  2339 V WindowManager: addAppToken: AppWindowToken{1c93d468 token=Token{25edeb8b ActivityRecord{c012d5a u0 com.android.settings/.Settings t35}}} to stack=1 task=35 at 0
12-30 06:16:38.352  2176  2210 V WindowManager: Adding window Window{11de8eb9 u0 Starting com.android.settings} at 6 of 11 (after Window{1ae4e268 u0 jackpal.androidterm/jackpal.androidterm.Term})
12-30 06:16:38.390  2176  2824 V WindowManager: Adding window Window{6e3c62d u0 com.android.settings/com.android.settings.Settings} at 6 of 12 (before Window{11de8eb9 u0 Starting com.android.settings})
12-30 06:16:38.419  7082  7082 D DashboardSummary: rebuildUI took: 28 ms
12-30 06:16:38.423  2176  2278 I InputDispatcher: Dropping event because there is no touchable window at (854, 625).
12-30 06:16:38.490  2176  2210 I ActivityManager: Displayed com.android.settings/.Settings: +140ms
12-30 06:16:38.547  7082  7170 I IndexDatabaseHelper: Using schema version: 115
12-30 06:16:38.547  7082  7170 I IndexDatabaseHelper: Index is fine
12-30 06:16:38.548  7082  7170 D Index   : Locale 'zh_CN' is already indexed
12-30 06:16:39.184  7176  7176 W linker  : [vdso]: unused DT entry: type 0x6ffffef5 arg 0x160
12-30 06:16:41.623  2176  2825 I ActivityManager: START u0 {act=android.intent.action.MAIN cmp=com.android.settings/.SubSettings (has extras)} from uid 1000 on display 0
12-30 06:16:41.624  2176  2294 W AudioTrack: AUDIO_OUTPUT_FLAG_FAST denied by client
12-30 06:16:41.625  2176  2825 V WindowManager: addAppToken: AppWindowToken{23700b6b token=Token{c7a60ba ActivityRecord{11f48de5 u0 com.android.settings/.SubSettings t35}}} to stack=1 task=35 at 1
12-30 06:16:41.636  1919  2163 D audio_hw_primary: found out /dev/snd/pcmC0D0p
12-30 06:16:41.640  7082  7082 D SubSettings: Launching fragment com.android.settings.deviceinfo.Memory
12-30 06:16:41.671  2176  2278 I InputDispatcher: Dropping event because there is no touchable window at (519, 619).
12-30 06:16:41.673  2176  2824 V WindowManager: Adding window Window{1efce536 u0 com.android.settings/com.android.settings.SubSettings} at 7 of 12 (after Window{6e3c62d u0 com.android.settings/com.android.settings.Settings})
12-30 06:16:41.729  7082  7182 D StorageMeasurement: getDirectorySize(/storage/emulated/0) returned 1798144
12-30 06:16:41.729  7082  7183 D StorageMeasurement: getDirectorySize(/storage/emulated/0) returned 1798144
12-30 06:16:41.729  7082  7181 D StorageMeasurement: getDirectorySize(/storage/emulated/0) returned 1798144
12-30 06:16:41.729  7082  7180 D StorageMeasurement: getDirectorySize(/storage/emulated/0) returned 1798144
12-30 06:16:41.730  7082  7184 D StorageMeasurement: getDirectorySize(/storage/emulated/0) returned 1798144
12-30 06:16:41.730  7082  7178 D StorageMeasurement: getDirectorySize(/storage/emulated/0/Ringtones) returned 8192
12-30 06:16:41.731  7082  7178 D StorageMeasurement: getDirectorySize(/storage/emulated/0/Pictures) returned 8192
12-30 06:16:41.732  7082  7178 D StorageMeasurement: getDirectorySize(/storage/emulated/0/DCIM) returned 8192
12-30 06:16:41.732  7082  7178 D StorageMeasurement: getDirectorySize(/storage/emulated/0/Podcasts) returned 8192
12-30 06:16:41.733  7082  7178 D StorageMeasurement: getDirectorySize(/storage/emulated/0/Notifications) returned 8192
12-30 06:16:41.734  7082  7178 D StorageMeasurement: getDirectorySize(/storage/emulated/0/Music) returned 8192
12-30 06:16:41.735  7082  7178 D StorageMeasurement: getDirectorySize(/storage/emulated/0/Movies) returned 8192
12-30 06:16:41.736  7082  7178 D StorageMeasurement: getDirectorySize(/storage/emulated/0/Android) returned 401408
12-30 06:16:41.737  7082  7178 D StorageMeasurement: getDirectorySize(/storage/emulated/0/Download) returned 8192
12-30 06:16:41.738  7082  7178 D StorageMeasurement: getDirectorySize(/storage/emulated/0/Alarms) returned 8192
12-30 06:16:41.740  7082  7178 D StorageMeasurement: getDirectorySize(/storage/emulated/0/storage) returned 8192
12-30 06:16:41.740  7082  7178 D StorageMeasurement: getDirectorySize(/storage/emulated/0/tencent) returned 106496
12-30 06:16:41.741  7082  7178 D StorageMeasurement: getDirectorySize(/storage/emulated/0/.estrongs) returned 929792
12-30 06:16:41.742  7082  7178 D StorageMeasurement: getDirectorySize(/storage/emulated/0/backups) returned 20480
12-30 06:16:41.743  7082  7178 D StorageMeasurement: getDirectorySize(/storage/emulated/0/tbs) returned 49152
12-30 06:16:41.744  7082  7178 D StorageMeasurement: getDirectorySize(/storage/emulated/0/QQBrowser) returned 118784
12-30 06:16:41.744  7082  7178 D StorageMeasurement: getDirectorySize(/storage/emulated/0/.tbs) returned 12288
12-30 06:16:41.746  7082  7178 D StorageMeasurement: getDirectorySize(/storage/emulated/0) returned 1798144
12-30 06:16:41.752  2176  2210 I ActivityManager: Displayed com.android.settings/.SubSettings: +124ms
12-30 06:16:41.781  7082  7106 D OpenGLRenderer: endAllStagingAnimators on 0x7fc1e65c6c00 (RippleDrawable) with handle 0x7fc1dc4daac0
12-30 06:16:44.194  7188  7188 W linker  : [vdso]: unused DT entry: type 0x6ffffef5 arg 0x160
12-30 06:16:45.656  2176  2294 W AudioTrack: AUDIO_OUTPUT_FLAG_FAST denied by client
12-30 06:16:45.669  1919  2163 D audio_hw_primary: found out /dev/snd/pcmC0D0p
12-30 06:16:47.024  2176  2294 W AudioTrack: AUDIO_OUTPUT_FLAG_FAST denied by client
12-30 06:16:49.206  7191  7191 W linker  : [vdso]: unused DT entry: type 0x6ffffef5 arg 0x160
12-30 06:16:50.641  2176  2276 I ActivityManager: Start proc 7192:com.tencent.mtt.x86:service/u0a56 for service com.tencent.mtt.x86/com.tencent.mtt.browser.push.service.PushRemoteService
12-30 06:16:50.651  7192  7192 I ActivityThread: Switching default density from 160 to 240
12-30 06:16:50.673  2176  2200 I ActivityManager: Start proc 7215:com.tencent.mtt.x86/u0a56 for content provider com.tencent.mtt.x86/com.tencent.mtt.browser.setting.multiproc.QBSettingsProvider
12-30 06:16:50.677  1923  1923 I art     : Explicit concurrent mark sweep GC freed 709(30KB) AllocSpace objects, 0(0B) LOS objects, 40% free, 1904KB/3MB, paused 59us total 3.590ms
12-30 06:16:50.681  1923  1923 I art     : Explicit concurrent mark sweep GC freed 5(160B) AllocSpace objects, 0(0B) LOS objects, 40% free, 1904KB/3MB, paused 54us total 3.806ms
12-30 06:16:50.684  7215  7215 I ActivityThread: Switching default density from 160 to 240
12-30 06:16:50.685  1923  1923 I art     : Explicit concurrent mark sweep GC freed 5(160B) AllocSpace objects, 0(0B) LOS objects, 40% free, 1904KB/3MB, paused 55us total 3.789ms
12-30 06:16:50.716  2550  2550 W Resources: Converting to boolean: TypedValue{t=0x5/d=0x4001 a=-1}
12-30 06:16:50.717  7242  7242 W linker  : [vdso]: unused DT entry: type 0x6ffffef5 arg 0x160
12-30 06:16:51.790  7192  7239 W ContextImpl: Implicit intents with startService are not safe: Intent { act=com.tencent.mtt.service.ACTION_SCREENSHOT_MONITOR } android.content.ContextWrapper.startService:516 com.tencent.mtt.browser.push.service.PushRemoteService.c:427 com.tencent.mtt.browser.push.service.PushRemoteService$1.run:535 
12-30 06:16:51.807  7215  7236 I art     : Explicit concurrent mark sweep GC freed 3542(239KB) AllocSpace objects, 9(144KB) LOS objects, 25% free, 2MB/3MB, paused 55us total 3.599ms
12-30 06:16:54.217  7258  7258 W linker  : [vdso]: unused DT entry: type 0x6ffffef5 arg 0x160
12-30 06:16:59.229  7259  7259 W linker  : [vdso]: unused DT entry: type 0x6ffffef5 arg 0x160
12-30 06:17:03.520  2176  2825 W ActivityManager: getRunningAppProcesses: caller 10055 does not hold REAL_GET_TASKS; limiting output
12-30 06:17:04.241  7260  7260 W linker  : [vdso]: unused DT entry: type 0x6ffffef5 arg 0x160
12-30 06:17:06.791  2176  2205 I ActivityManager: Waited long enough for: ServiceRecord{19282217 u0 com.tencent.mtt.x86/com.tencent.mtt.browser.push.service.ScreenshotMonitorService}
12-30 06:17:08.193  2176  2294 W AudioTrack: AUDIO_OUTPUT_FLAG_FAST denied by client
12-30 06:17:08.205  1919  2163 D audio_hw_primary: found out /dev/snd/pcmC0D0p
12-30 06:17:08.252  7082  7082 D DashboardSummary: rebuildUI took: 27 ms
12-30 06:17:09.252  7262  7262 W linker  : [vdso]: unused DT entry: type 0x6ffffef5 arg 0x160
12-30 06:17:14.263  7263  7263 W linker  : [vdso]: unused DT entry: type 0x6ffffef5 arg 0x160
12-30 06:17:14.361  2176  2278 I ActivityManager: START u0 {act=android.intent.action.MAIN cat=[android.intent.category.HOME] flg=0x10200000 cmp=com.android.launcher3/.Launcher} from uid 1000 on display 0
12-30 06:17:14.361  2176  2294 W AudioTrack: AUDIO_OUTPUT_FLAG_FAST denied by client
12-30 06:17:14.374  1919  2163 D audio_hw_primary: found out /dev/snd/pcmC0D0p
12-30 06:17:14.747  7082  7172 W art     : No such thread id for suspend: 26
12-30 06:17:14.956  3074  3148 W OpenGLRenderer: Incorrectly called buildLayer on View: ShortcutAndWidgetContainer, destroying layer...
12-30 06:17:15.387  2550  2550 W ResourceType: No package identifier when getting value for resource number 0x00000000
12-30 06:17:15.387  2550  2550 W PackageManager: Failure retrieving resources for com.android.settings: Resource ID #0x0
12-30 06:17:15.408  2176  2294 W AudioTrack: AUDIO_OUTPUT_FLAG_FAST denied by client
12-30 06:17:19.275  7266  7266 W linker  : [vdso]: unused DT entry: type 0x6ffffef5 arg 0x160
12-30 06:17:22.400  2176  2826 I ActivityManager: START u0 {act=android.intent.action.MAIN cat=[android.intent.category.LAUNCHER] flg=0x10200000 cmp=com.android.music/.MusicBrowserActivity (has extras)} from uid 10036 on display 0
12-30 06:17:22.401  2176  2294 W AudioTrack: AUDIO_OUTPUT_FLAG_FAST denied by client
12-30 06:17:22.403  2176  2826 V WindowManager: addAppToken: AppWindowToken{163a8664 token=Token{113077f7 ActivityRecord{1635b7f6 u0 com.android.music/.MusicBrowserActivity t36}}} to stack=1 task=36 at 0
12-30 06:17:22.405  2176  2210 V WindowManager: Adding window Window{204cbcc9 u0 Starting com.android.music} at 7 of 12 (after Window{6e3c62d u0 com.android.settings/com.android.settings.Settings})
12-30 06:17:22.413  1919  2163 D audio_hw_primary: found out /dev/snd/pcmC0D0p
12-30 06:17:22.426  2176  2825 I ActivityManager: Start proc 7268:com.android.music/u0a39 for activity com.android.music/.MusicBrowserActivity
12-30 06:17:22.441  7268  7268 I ActivityThread: Switching default density from 160 to 240
12-30 06:17:22.444  2176  2817 I ActivityManager: START u0 {act=android.intent.action.PICK dat= typ=vnd.android.cursor.dir/artistalbum flg=0x4000000 cmp=com.android.music/.ArtistAlbumBrowserActivity (has extras)} from uid 10039 on display 0
12-30 06:17:22.444  2176  2817 V WindowManager: addAppToken: AppWindowToken{60e3dfc token=Token{6186eef ActivityRecord{2ea7cfce u0 com.android.music/.ArtistAlbumBrowserActivity t36}}} to stack=1 task=36 at 1
12-30 06:17:22.444  2176  2817 V WindowManager: Based on layer: Adding window Window{204cbcc9 u0 Starting com.android.music} at 7 of 12
12-30 06:17:22.462  2550  2550 V PhoneStatusBar: setLightsOn(true)
12-30 06:17:22.463  2176  6715 V WindowManager: Adding window Window{ee8f1df u0 com.android.music/com.android.music.ArtistAlbumBrowserActivity} at 7 of 13 (before Window{204cbcc9 u0 Starting com.android.music})
12-30 06:17:22.519  7268  7268 I GRALLOC-DRM: create intel for driver i915
12-30 06:17:22.527  2176  2210 I ActivityManager: Displayed com.android.music/.ArtistAlbumBrowserActivity: +82ms (total +121ms)
12-30 06:17:24.286  7295  7295 W linker  : [vdso]: unused DT entry: type 0x6ffffef5 arg 0x160
12-30 06:17:24.617  2176  2294 W AudioTrack: AUDIO_OUTPUT_FLAG_FAST denied by client
12-30 06:17:24.676  7268  7268 W IInputConnectionWrapper: showStatusIcon on inactive InputConnection
12-30 06:17:24.988  2176  2817 I MediaFocusControl:  AudioFocus  abandonAudioFocus() from android.media.AudioManager@149e7a6ecom.android.music.MediaPlaybackService$3@2fdbd50f
12-30 06:17:24.988  3461  3461 V MusicFXControlPanelReceiver: onReceive
12-30 06:17:24.988  3461  3461 V MusicFXControlPanelReceiver: Action: android.media.action.CLOSE_AUDIO_EFFECT_CONTROL_SESSION
12-30 06:17:24.988  3461  3461 V MusicFXControlPanelReceiver: Package name: com.android.music
12-30 06:17:24.988  3461  3461 V MusicFXControlPanelReceiver: Audio session: 256
12-30 06:17:24.988  3461  3461 V MusicFXControlPanelEffect: closeSession(android.app.ReceiverRestrictedContext@37189949, com.android.music, 256)
12-30 06:17:25.636  2550  2550 W ResourceType: No package identifier when getting value for resource number 0x00000000
12-30 06:17:25.636  2550  2550 W PackageManager: Failure retrieving resources for com.android.music: Resource ID #0x0
12-30 06:17:29.298  7299  7299 W linker  : [vdso]: unused DT entry: type 0x6ffffef5 arg 0x160
12-30 06:17:29.953  2176  2294 W AudioTrack: AUDIO_OUTPUT_FLAG_FAST denied by client
12-30 06:17:29.953  2176  2278 I ActivityManager: START u0 {act=android.intent.action.MAIN cat=[android.intent.category.HOME] flg=0x10200000 cmp=com.android.launcher3/.Launcher} from uid 1000 on display 0
12-30 06:17:29.965  1919  2163 D audio_hw_primary: found out /dev/snd/pcmC0D0p
12-30 06:17:31.107  2176  2339 I ActivityManager: START u0 {act=android.intent.action.MAIN cat=[android.intent.category.LAUNCHER] flg=0x10200000 cmp=com.android.settings/.Settings bnds=[749,566][960,702] (has extras)} from uid 10036 on display 0
12-30 06:17:31.107  2176  2294 W AudioTrack: AUDIO_OUTPUT_FLAG_FAST denied by client
12-30 06:17:31.192  7082  7082 D DashboardSummary: rebuildUI took: 29 ms
12-30 06:17:31.323  2176  2478 I ActivityManager: START u0 {act=android.intent.action.MAIN cmp=com.android.settings/.SubSettings (has extras)} from uid 1000 on display 0
12-30 06:17:31.324  2176  2294 W AudioTrack: AUDIO_OUTPUT_FLAG_FAST denied by client
12-30 06:17:31.325  2176  2478 V WindowManager: addAppToken: AppWindowToken{3cec7919 token=Token{19fe6060 ActivityRecord{25abcc63 u0 com.android.settings/.SubSettings t35}}} to stack=1 task=35 at 1
12-30 06:17:31.348  7082  7082 D SubSettings: Launching fragment com.android.settings.PrivacySettings
12-30 06:17:31.363  2176  6715 V WindowManager: Adding window Window{1bdf4ab6 u0 com.android.settings/com.android.settings.SubSettings} at 7 of 12 (after Window{6e3c62d u0 com.android.settings/com.android.settings.Settings})
12-30 06:17:31.422  2176  2210 I ActivityManager: Displayed com.android.settings/.SubSettings: +95ms
12-30 06:17:31.457  7082  7106 D OpenGLRenderer: endAllStagingAnimators on 0x7fc1dc8a1c00 (RippleDrawable) with handle 0x7fc1dc894b60
12-30 06:17:33.520  2176  2477 W ActivityManager: getRunningAppProcesses: caller 10055 does not hold REAL_GET_TASKS; limiting output
12-30 06:17:33.648  2176  2294 W AudioTrack: AUDIO_OUTPUT_FLAG_FAST denied by client
12-30 06:17:33.707  7082  7082 D DashboardSummary: rebuildUI took: 14 ms
12-30 06:17:33.757  7082  7106 D OpenGLRenderer: endAllStagingAnimators on 0x7fc1e64e1800 (RippleDrawable) with handle 0x7fc1e64d20a0
12-30 06:17:34.309  7308  7308 W linker  : [vdso]: unused DT entry: type 0x6ffffef5 arg 0x160
12-30 06:17:39.321  7309  7309 W linker  : [vdso]: unused DT entry: type 0x6ffffef5 arg 0x160
12-30 06:17:39.540  2176  2478 I ActivityManager: START u0 {act=android.intent.action.MAIN cmp=com.android.settings/.SubSettings (has extras)} from uid 1000 on display 0
12-30 06:17:39.540  2176  2294 W AudioTrack: AUDIO_OUTPUT_FLAG_FAST denied by client
12-30 06:17:39.541  2176  2478 V WindowManager: addAppToken: AppWindowToken{264877f9 token=Token{e218ec0 ActivityRecord{67f3843 u0 com.android.settings/.SubSettings t35}}} to stack=1 task=35 at 1
12-30 06:17:39.552  1919  2163 D audio_hw_primary: found out /dev/snd/pcmC0D0p
12-30 06:17:39.563  7082  7082 D SubSettings: Launching fragment com.android.settings.DeviceInfoSettings
12-30 06:17:39.564  7082  7082 I DeviceInfoSettings: is64Bit=32
12-30 06:17:39.565  7082  7082 D DeviceInfoSettings: Property 'ro.url.safetylegal' missing and no 'safetylegal' preference
12-30 06:17:39.569  2176  2817 V WindowManager: Adding window Window{203a5c16 u0 com.android.settings/com.android.settings.SubSettings} at 7 of 12 (after Window{6e3c62d u0 com.android.settings/com.android.settings.Settings})
12-30 06:17:39.633  2176  2210 I ActivityManager: Displayed com.android.settings/.SubSettings: +89ms
12-30 06:17:39.646  7082  7106 D OpenGLRenderer: endAllStagingAnimators on 0x7fc1db841400 (RippleDrawable) with handle 0x7fc1dc894d40
12-30 06:17:44.333  7311  7311 W linker  : [vdso]: unused DT entry: type 0x6ffffef5 arg 0x160
12-30 06:17:49.113  2176  2294 W AudioTrack: AUDIO_OUTPUT_FLAG_FAST denied by client
12-30 06:17:49.125  1919  2163 D audio_hw_primary: found out /dev/snd/pcmC0D0p
12-30 06:17:49.130  7082  7082 D DashboardSummary: rebuildUI took: 7 ms
12-30 06:17:49.344  7313  7313 W linker  : [vdso]: unused DT entry: type 0x6ffffef5 arg 0x160
12-30 06:17:53.457  2176  6715 I ActivityManager: START u0 {act=android.intent.action.MAIN cmp=com.android.settings/.SubSettings (has extras)} from uid 1000 on display 0
12-30 06:17:53.457  2176  2294 W AudioTrack: AUDIO_OUTPUT_FLAG_FAST denied by client
12-30 06:17:53.464  2176  6715 V WindowManager: addAppToken: AppWindowToken{19cd66d9 token=Token{8bb6d20 ActivityRecord{17b61423 u0 com.android.settings/.SubSettings t35}}} to stack=1 task=35 at 1
12-30 06:17:53.470  1919  2163 D audio_hw_primary: found out /dev/snd/pcmC0D0p
12-30 06:17:53.480  7082  7082 D SubSettings: Launching fragment com.android.settings.deviceinfo.Memory
12-30 06:17:53.486  2176  2824 V WindowManager: Adding window Window{27a25026 u0 com.android.settings/com.android.settings.SubSettings} at 7 of 12 (after Window{6e3c62d u0 com.android.settings/com.android.settings.Settings})
12-30 06:17:53.487  7082  7182 D StorageMeasurement: getDirectorySize(/storage/emulated/0) returned 1798144
12-30 06:17:53.487  7082  7183 D StorageMeasurement: getDirectorySize(/storage/emulated/0) returned 1798144
12-30 06:17:53.487  7082  7184 D StorageMeasurement: getDirectorySize(/storage/emulated/0) returned 1798144
12-30 06:17:53.487  7082  7181 D StorageMeasurement: getDirectorySize(/storage/emulated/0) returned 1798144
12-30 06:17:53.534  7082  7178 D StorageMeasurement: getDirectorySize(/storage/emulated/0/Ringtones) returned 8192
12-30 06:17:53.534  7082  7180 D StorageMeasurement: getDirectorySize(/storage/emulated/0) returned 1798144
12-30 06:17:53.534  7082  7178 D StorageMeasurement: getDirectorySize(/storage/emulated/0/Pictures) returned 8192
12-30 06:17:53.534  7082  7178 D StorageMeasurement: getDirectorySize(/storage/emulated/0/DCIM) returned 8192
12-30 06:17:53.534  7082  7178 D StorageMeasurement: getDirectorySize(/storage/emulated/0/Podcasts) returned 8192
12-30 06:17:53.535  7082  7178 D StorageMeasurement: getDirectorySize(/storage/emulated/0/Notifications) returned 8192
12-30 06:17:53.535  7082  7178 D StorageMeasurement: getDirectorySize(/storage/emulated/0/Music) returned 8192
12-30 06:17:53.535  7082  7178 D StorageMeasurement: getDirectorySize(/storage/emulated/0/Movies) returned 8192
12-30 06:17:53.535  7082  7178 D StorageMeasurement: getDirectorySize(/storage/emulated/0/Android) returned 401408
12-30 06:17:53.535  7082  7178 D StorageMeasurement: getDirectorySize(/storage/emulated/0/Download) returned 8192
12-30 06:17:53.535  7082  7178 D StorageMeasurement: getDirectorySize(/storage/emulated/0/Alarms) returned 8192
12-30 06:17:53.536  7082  7178 D StorageMeasurement: getDirectorySize(/storage/emulated/0/storage) returned 8192
12-30 06:17:53.536  7082  7178 D StorageMeasurement: getDirectorySize(/storage/emulated/0/tencent) returned 106496
12-30 06:17:53.536  7082  7178 D StorageMeasurement: getDirectorySize(/storage/emulated/0/.estrongs) returned 929792
12-30 06:17:53.536  7082  7178 D StorageMeasurement: getDirectorySize(/storage/emulated/0/backups) returned 20480
12-30 06:17:53.536  7082  7178 D StorageMeasurement: getDirectorySize(/storage/emulated/0/tbs) returned 49152
12-30 06:17:53.537  7082  7178 D StorageMeasurement: getDirectorySize(/storage/emulated/0/QQBrowser) returned 118784
12-30 06:17:53.537  7082  7178 D StorageMeasurement: getDirectorySize(/storage/emulated/0/.tbs) returned 12288
12-30 06:17:53.537  7082  7178 D StorageMeasurement: getDirectorySize(/storage/emulated/0) returned 1798144
12-30 06:17:53.549  2176  2476 I art     : Explicit concurrent mark sweep GC freed 17647(1018KB) AllocSpace objects, 16(3MB) LOS objects, 33% free, 16MB/25MB, paused 285us total 10.185ms
