12-30 06:20:48.366  7520  7520 W linker  : [vdso]: unused DT entry: type 0x6ffffef5 arg 0x160
12-30 06:20:48.525  2176  2205 I ActivityManager: Killing 6534:com.android.mms/u0a8 (adj 15): empty #17
12-30 06:20:48.536  2176  2826 D CountryDetector: No listener is left
12-30 06:20:49.749  7521  7521 W linker  : [vdso]: unused DT entry: type 0x6ffffef5 arg 0x160
12-30 06:20:51.481  2176  2294 W AudioTrack: AUDIO_OUTPUT_FLAG_FAST denied by client
12-30 06:20:51.487  2176  2478 I ActivityManager: START u0 {act=android.intent.action.VIEW dat=file:///storage/usb1/CTS/test-APK/wechat.apk typ=application/vnd.android.package-archive cmp=com.android.packageinstaller/.PackageInstallerActivity} from uid 10020 on display 0
12-30 06:20:51.488  2176  2478 V WindowManager: addAppToken: AppWindowToken{3836014c token=Token{14e2ed7f ActivityRecord{3cc9ee9e u0 com.android.packageinstaller/.PackageInstallerActivity t32}}} to stack=1 task=32 at 1
12-30 06:20:51.494  1919  2163 D audio_hw_primary: found out /dev/snd/pcmC0D0p
12-30 06:20:51.520  3746  3746 W         : Zip: failed reading lfh name from offset 255898
12-30 06:20:51.520  3746  3746 W PackageInstaller: Parse error when parsing manifest. Discontinuing installation
12-30 06:20:51.527  2176  2200 V WindowManager: Adding window Window{8e256aa u0 com.android.packageinstaller/com.android.packageinstaller.PackageInstallerActivity} at 4 of 9 (after Window{301b28c2 u0 com.cyanogenmod.filemanager/com.cyanogenmod.filemanager.activities.NavigationActivity})
12-30 06:20:51.530  2176  2825 V WindowManager: Adding window Window{c67e638 u0 com.android.packageinstaller/com.android.packageinstaller.PackageInstallerActivity} at 4 of 10 (before Window{8e256aa u0 com.android.packageinstaller/com.android.packageinstaller.PackageInstallerActivity})
12-30 06:20:51.626  2176  2210 I ActivityManager: Displayed com.android.packageinstaller/.PackageInstallerActivity: +134ms
12-30 06:20:53.953  2176  2294 W AudioTrack: AUDIO_OUTPUT_FLAG_FAST denied by client
12-30 06:20:53.973  3746  3769 D OpenGLRenderer: endAllStagingAnimators on 0x7fc1e65f1c00 (RippleDrawable) with handle 0x7fc1e66e8080
12-30 06:20:53.975  2176  2480 W InputMethodManagerService: Window already focused, ignoring focus gain of: com.android.internal.view.IInputMethodClient$Stub$Proxy@22e30d77 attribute=null, token = android.os.BinderProxy@35cad10d
12-30 06:20:54.761  7526  7526 W linker  : [vdso]: unused DT entry: type 0x6ffffef5 arg 0x160
12-30 06:20:55.960  2176  2294 W AudioTrack: AUDIO_OUTPUT_FLAG_FAST denied by client
12-30 06:20:55.966  2176  6715 I ActivityManager: START u0 {act=android.intent.action.VIEW dat=file:///storage/usb1/CTS/test-APK/xiaoxiaole.apk typ=application/vnd.android.package-archive cmp=com.android.packageinstaller/.PackageInstallerActivity} from uid 10020 on display 0
12-30 06:20:55.967  2176  6715 V WindowManager: addAppToken: AppWindowToken{2dd8346f token=Token{211d3b4e ActivityRecord{1cea649 u0 com.android.packageinstaller/.PackageInstallerActivity t32}}} to stack=1 task=32 at 1
12-30 06:20:56.050  3746  3746 I AppSecurityPermissions: Ignoring unknown permission:com.google.android.c2dm.permission.RECEIVE
12-30 06:20:56.050  3746  3746 I AppSecurityPermissions: Ignoring unknown permission:com.android.vending.BILLING
12-30 06:20:56.061  2176  2480 V WindowManager: Adding window Window{3d525e05 u0 com.android.packageinstaller/com.android.packageinstaller.PackageInstallerActivity} at 4 of 9 (after Window{301b28c2 u0 com.cyanogenmod.filemanager/com.cyanogenmod.filemanager.activities.NavigationActivity})
12-30 06:20:56.129  2176  2210 I ActivityManager: Displayed com.android.packageinstaller/.PackageInstallerActivity: +155ms
12-30 06:20:57.888  2176  6715 I ActivityManager: START u0 {dat=file:///storage/usb1/CTS/test-APK/xiaoxiaole.apk cmp=com.android.packageinstaller/.InstallAppProgress (has extras)} from uid 10042 on display 0
12-30 06:20:57.888  2176  2294 W AudioTrack: AUDIO_OUTPUT_FLAG_FAST denied by client
12-30 06:20:57.895  2176  6715 V WindowManager: addAppToken: AppWindowToken{1f9fd581 token=Token{27bd4d68 ActivityRecord{105da88b u0 com.android.packageinstaller/.InstallAppProgress t32}}} to stack=1 task=32 at 2
12-30 06:20:57.907  3746  3746 W InstallAppProgress: Replacing package:com.happyelements.AndroidAnimal
12-30 06:20:57.913  2176  2824 V WindowManager: Adding window Window{3bedbeb2 u0 com.android.packageinstaller/com.android.packageinstaller.InstallAppProgress} at 5 of 10 (after Window{3d525e05 u0 com.android.packageinstaller/com.android.packageinstaller.PackageInstallerActivity})
12-30 06:20:57.955  2176  2210 I ActivityManager: Displayed com.android.packageinstaller/.InstallAppProgress: +56ms
12-30 06:20:57.968  3965  7187 D DefContainer: Copying /storage/usb1/CTS/test-APK/xiaoxiaole.apk to base.apk
12-30 06:20:57.989  3746  3769 D OpenGLRenderer: endAllStagingAnimators on 0x7fc1e6606800 (RippleDrawable) with handle 0x7fc1e653a700
12-30 06:20:58.348  2176  2214 D PackageManager: Renaming /data/app/vmdl865418547.tmp to /data/app/com.happyelements.AndroidAnimal-2
12-30 06:20:58.348  2176  2205 I ActivityManager: Force stopping com.happyelements.AndroidAnimal appid=10059 user=-1: uninstall pkg
12-30 06:20:58.442  2176  2214 I PackageManager: Package com.happyelements.AndroidAnimal codePath changed from /data/app/com.happyelements.AndroidAnimal-1 to /data/app/com.happyelements.AndroidAnimal-2; Retaining data and using new
12-30 06:20:58.509  2176  2214 I PackageManager: Running dexopt on: /data/app/com.happyelements.AndroidAnimal-2/base.apk pkg=com.happyelements.AndroidAnimal isa=x86 vmSafeMode=false
12-30 06:20:58.512  7533  7533 W linker  : [vdso]: unused DT entry: type 0x6ffffef5 arg 0xec
12-30 06:20:58.512  7533  7533 E cutils-trace: Error opening trace file: Permission denied (13)
12-30 06:20:58.512  7533  7533 I dex2oat : /system/bin/dex2oat --zip-fd=5 --zip-location=/data/app/com.happyelements.AndroidAnimal-2/base.apk --oat-fd=6 --oat-location=/data/dalvik-cache/x86/data@app@com.happyelements.AndroidAnimal-2@base.apk@classes.dex --instruction-set=x86 --instruction-set-features=default --runtime-arg -Xms64m --runtime-arg -Xmx512m --compiler-filter=interpret-only --swap-fd=7
12-30 06:20:58.605  7533  7533 I dex2oat : Decided to run without swap.
12-30 06:20:58.622  7533  7533 W dex2oat : Before Android 4.1, method boolean com.happyelements.AndroidAnimal.AnimalEditText.canPaste() would have incorrectly overridden the package-private method in android.widget.TextView
12-30 06:20:58.890  7533  7533 I dex2oat : dex2oat took 377.899ms (threads: 8) arena alloc=0B java alloc=8MB native alloc=833KB free=11MB
12-30 06:20:58.894  2176  2214 W PackageManager: Code path for pkg : com.happyelements.AndroidAnimal changing from /data/app/com.happyelements.AndroidAnimal-1 to /data/app/com.happyelements.AndroidAnimal-2
12-30 06:20:58.894  2176  2214 W PackageManager: Resource path for pkg : com.happyelements.AndroidAnimal changing from /data/app/com.happyelements.AndroidAnimal-1 to /data/app/com.happyelements.AndroidAnimal-2
12-30 06:20:58.894  2176  2205 I ActivityManager: Force stopping com.happyelements.AndroidAnimal appid=10059 user=-1: update pkg
12-30 06:20:58.994  2176  2214 W PackageManager: Not granting permission android.permission.READ_LOGS to package com.happyelements.AndroidAnimal (protectionLevel=50 flags=0x18be44)
12-30 06:20:58.994  2176  2214 W PackageManager: Not granting permission android.permission.ACCESS_DOWNLOAD_MANAGER to package com.happyelements.AndroidAnimal (protectionLevel=18 flags=0x18be44)
12-30 06:20:58.994  2176  2214 W PackageManager: Not granting permission android.permission.MOUNT_UNMOUNT_FILESYSTEMS to package com.happyelements.AndroidAnimal (protectionLevel=18 flags=0x18be44)
12-30 06:20:58.994  2176  2214 W PackageManager: Unknown permission com.google.android.c2dm.permission.RECEIVE in package com.happyelements.AndroidAnimal
12-30 06:20:58.994  2176  2214 W PackageManager: Unknown permission com.android.vending.BILLING in package com.happyelements.AndroidAnimal
12-30 06:20:59.087  2176  2214 I ActivityManager: Force stopping com.happyelements.AndroidAnimal appid=10059 user=0: pkg removed
12-30 06:20:59.090  2176  2214 W Settings: Setting install_non_market_apps has moved from android.provider.Settings.Global to android.provider.Settings.Secure, returning read-only value.
12-30 06:20:59.092  2176  2176 D JobSchedulerService: Receieved: android.intent.action.PACKAGE_REMOVED
12-30 06:20:59.092  2176  2176 D BackupManagerService: Received broadcast Intent { act=android.intent.action.PACKAGE_REMOVED dat=package:com.happyelements.AndroidAnimal flg=0x4000010 (has extras) }
12-30 06:20:59.094  2176  2279 I InputReader: Reconfiguring input devices.  changes=0x00000010
12-30 06:20:59.100  7323  7542 D Documents: Update found 7 roots in 8ms
12-30 06:20:59.100  7323  7543 D Documents: Update found 7 roots in 8ms
12-30 06:20:59.102  2176  2279 I InputReader: Reconfiguring input devices.  changes=0x00000010
12-30 06:20:59.103  6882  6882 W ContextImpl: Calling a method in the system process without a qualified user: android.app.ContextImpl.startService:1692 android.content.ContextWrapper.startService:516 android.content.ContextWrapper.startService:516 com.android.keychain.KeyChainBroadcastReceiver.onReceive:12 android.app.ActivityThread.handleReceiver:2609 
12-30 06:20:59.104  2176  2279 I InputReader: Reconfiguring input devices.  changes=0x00000010
12-30 06:20:59.106  3074  3074 W Launcher: setApplicationContext called twice! old=com.android.launcher3.LauncherApplication@38ca55a new=com.android.launcher3.LauncherApplication@38ca55a
12-30 06:20:59.106  7082  7082 I art     : Explicit concurrent mark sweep GC freed 21710(1538KB) AllocSpace objects, 0(0B) LOS objects, 24% free, 5MB/7MB, paused 160us total 17.972ms
12-30 06:20:59.108  2176  2480 W ActivityManager: getTasks: caller 10054 does not hold REAL_GET_TASKS; limiting output
12-30 06:20:59.110  2176  2477 W BroadcastQueue: Unable to launch app com.popcap.pvz2cthdbddk/10057 for broadcast Intent { act=android.intent.action.PACKAGE_REMOVED dat=package:com.happyelements.AndroidAnimal flg=0x4000010 (has extras) }: process is bad
12-30 06:20:59.112  6905  6905 I GeckoWebappUninstallListener: Package is being replaced; ignoring removal intent
12-30 06:20:59.118  2176  2480 W ActivityManager: getTasks: caller 10054 does not hold REAL_GET_TASKS; limiting output
12-30 06:20:59.119  2176  2200 I ActivityManager: START u0 {flg=0x10800000 cmp=com.estrongs.android.pop/.app.InstallMonitorActivity (has extras)} from uid 10054 on display 0
12-30 06:20:59.129  2176  2200 V WindowManager: addAppToken: AppWindowToken{22a3b8d4 token=Token{1aee2e27 ActivityRecord{1cfca8e6 u0 com.estrongs.android.pop/.app.InstallMonitorActivity t39}}} to stack=1 task=39 at 0
12-30 06:20:59.153  2176  2826 W BroadcastQueue: Unable to launch app com.popcap.pvz2cthdbddk/10057 for broadcast Intent { act=android.intent.action.PACKAGE_ADDED dat=package:com.happyelements.AndroidAnimal flg=0x4000010 (has extras) }: process is bad
12-30 06:20:59.155  2176  2214 I art     : Explicit concurrent mark sweep GC freed 150085(8MB) AllocSpace objects, 14(2MB) LOS objects, 33% free, 18MB/27MB, paused 1.237ms total 64.676ms
12-30 06:20:59.155  2176  2195 I art     : WaitForGcToComplete blocked for 7.472ms for cause Background
12-30 06:20:59.158  3074  3074 W Launcher: setApplicationContext called twice! old=com.android.launcher3.LauncherApplication@38ca55a new=com.android.launcher3.LauncherApplication@38ca55a
12-30 06:20:59.196  6905  6905 I FxAccounts: firefox :: FxAccountUpgradeReceiver :: Upgrade broadcast received.
12-30 06:20:59.197  2176  2201 W ActivityManager: getRunningAppProcesses: caller 10054 does not hold REAL_GET_TASKS; limiting output
12-30 06:20:59.198  6905  7551 I FxAccounts: firefox :: FxAccountUpgradeReceiver :: Trying to unpickle any pickled Firefox Account.
12-30 06:20:59.198  6905  6905 I FxAccounts: firefox :: UpgradeReceiver :: No Sync Accounts found; not upgrading anything.
12-30 06:20:59.198  2176  2478 W ActivityManager: getRunningAppProcesses: caller 10054 does not hold REAL_GET_TASKS; limiting output
12-30 06:20:59.199  6905  7551 I FxAccounts: firefox :: FxAccountUpgradeReceiver :: Trying to advance 0 existing Firefox Accounts from the Doghouse to Separated (if necessary).
12-30 06:20:59.199  2176  2176 D BackupManagerService: Received broadcast Intent { act=android.intent.action.PACKAGE_ADDED dat=package:com.happyelements.AndroidAnimal flg=0x4000010 (has extras) }
12-30 06:20:59.200  2176  2176 W BackupManagerService: Removing schedule queue dupe of com.happyelements.AndroidAnimal
12-30 06:20:59.208  2176  2204 W VoiceInteractionManagerService: no available voice recognition services found for user 0
12-30 06:20:59.263  2176  2478 W ActivityManager: getRunningAppProcesses: caller 10054 does not hold REAL_GET_TASKS; limiting output
12-30 06:20:59.272  2176  2200 W InputMethodManagerService: Window already focused, ignoring focus gain of: com.android.internal.view.IInputMethodClient$Stub$Proxy@3a579e21 attribute=null, token = android.os.BinderProxy@29f348bd
12-30 06:20:59.426  3074  3074 I Launcher: Deferring update until onResume
12-30 06:20:59.528  3074  3074 I Launcher: Deferring update until onResume
12-30 06:20:59.651  2176  2826 W ActivityManager: getRunningAppProcesses: caller 10054 does not hold REAL_GET_TASKS; limiting output
12-30 06:20:59.773  7556  7556 W linker  : [vdso]: unused DT entry: type 0x6ffffef5 arg 0x160
12-30 06:21:02.816  3746  3746 I InstallAppProgress: Finished installing com.happyelements.AndroidAnimal
12-30 06:21:02.816  2176  2294 W AudioTrack: AUDIO_OUTPUT_FLAG_FAST denied by client
12-30 06:21:02.829  1919  2163 D audio_hw_primary: found out /dev/snd/pcmC0D0p
12-30 06:21:02.858  3746  3769 D OpenGLRenderer: endAllStagingAnimators on 0x7fc1dd453800 (RippleDrawable) with handle 0x7fc1ddc8e700
12-30 06:21:03.520  2176  2476 W ActivityManager: getRunningAppProcesses: caller 10055 does not hold REAL_GET_TASKS; limiting output
12-30 06:21:04.780  7558  7558 W linker  : [vdso]: unused DT entry: type 0x6ffffef5 arg 0x160
12-30 06:21:05.248  2176  2294 W AudioTrack: AUDIO_OUTPUT_FLAG_FAST denied by client
12-30 06:21:05.256  2176  2477 I ActivityManager: START u0 {act=android.intent.action.VIEW dat=file:///storage/usb1/CTS/test-APK/wandoujia-wandoujia_web.apk typ=application/vnd.android.package-archive cmp=com.android.packageinstaller/.PackageInstallerActivity} from uid 10020 on display 0
12-30 06:21:05.257  2176  2477 V WindowManager: addAppToken: AppWindowToken{234ba41e token=Token{16a4f059 ActivityRecord{27d2ca0 u0 com.android.packageinstaller/.PackageInstallerActivity t32}}} to stack=1 task=32 at 1
12-30 06:21:05.277  3746  3746 W PackageParser: Unknown element under <application>: uses-sdk at /storage/usb1/CTS/test-APK/wandoujia-wandoujia_web.apk Binary XML file line #1784
12-30 06:21:05.308  3746  3746 I AppSecurityPermissions: Ignoring unknown permission:com.android.launcher.permission.CREATE_SHORTCUT
12-30 06:21:05.308  3746  3746 I AppSecurityPermissions: Ignoring unknown permission:com.android.launcher.permission.READ_SETTINGS
12-30 06:21:05.308  3746  3746 I AppSecurityPermissions: Ignoring unknown permission:com.android.launcher.permission.WRITE_SETTINGS
12-30 06:21:05.309  3746  3746 I AppSecurityPermissions: Ignoring unknown permission:org.adw.launcher.permission.READ_SETTINGS
12-30 06:21:05.309  3746  3746 I AppSecurityPermissions: Ignoring unknown permission:org.adw.launcher.permission.WRITE_SETTINGS
12-30 06:21:05.309  3746  3746 I AppSecurityPermissions: Ignoring unknown permission:com.qihoo360.launcher.permission.READ_SETTINGS
12-30 06:21:05.309  3746  3746 I AppSecurityPermissions: Ignoring unknown permission:com.qihoo360.launcher.permission.WRITE_SETTINGS
12-30 06:21:05.309  3746  3746 I AppSecurityPermissions: Ignoring unknown permission:com.lge.launcher.permission.READ_SETTINGS
12-30 06:21:05.309  3746  3746 I AppSecurityPermissions: Ignoring unknown permission:com.lge.launcher.permission.WRITE_SETTINGS
12-30 06:21:05.309  3746  3746 I AppSecurityPermissions: Ignoring unknown permission:net.qihoo.launcher.permission.READ_SETTINGS
12-30 06:21:05.309  3746  3746 I AppSecurityPermissions: Ignoring unknown permission:net.qihoo.launcher.permission.WRITE_SETTINGS
12-30 06:21:05.309  3746  3746 I AppSecurityPermissions: Ignoring unknown permission:org.adwfreak.launcher.permission.READ_SETTINGS
12-30 06:21:05.309  3746  3746 I AppSecurityPermissions: Ignoring unknown permission:org.adwfreak.launcher.permission.WRITE_SETTINGS
12-30 06:21:05.309  3746  3746 I AppSecurityPermissions: Ignoring unknown permission:com.huawei.launcher3.permission.READ_SETTINGS
12-30 06:21:05.309  3746  3746 I AppSecurityPermissions: Ignoring unknown permission:com.huawei.launcher3.permission.WRITE_SETTINGS
12-30 06:21:05.309  3746  3746 I AppSecurityPermissions: Ignoring unknown permission:com.fede.launcher.permission.READ_SETTINGS
12-30 06:21:05.309  3746  3746 I AppSecurityPermissions: Ignoring unknown permission:com.fede.launcher.permission.WRITE_SETTINGS
12-30 06:21:05.309  3746  3746 I AppSecurityPermissions: Ignoring unknown permission:com.sec.android.app.twlauncher.settings.READ_SETTINGS
12-30 06:21:05.309  3746  3746 I AppSecurityPermissions: Ignoring unknown permission:com.sec.android.app.twlauncher.settings.WRITE_SETTINGS
12-30 06:21:05.309  3746  3746 I AppSecurityPermissions: Ignoring unknown permission:com.anddoes.launcher.permission.READ_SETTINGS
12-30 06:21:05.309  3746  3746 I AppSecurityPermissions: Ignoring unknown permission:com.anddoes.launcher.permission.WRITE_SETTINGS
12-30 06:21:05.309  3746  3746 I AppSecurityPermissions: Ignoring unknown permission:com.lenovo.launcher.permission.READ_SETTINGS
12-30 06:21:05.309  3746  3746 I AppSecurityPermissions: Ignoring unknown permission:com.lenovo.launcher.permission.WRITE_SETTINGS
12-30 06:21:05.309  3746  3746 I AppSecurityPermissions: Ignoring unknown permission:com.google.android.launcher.permission.READ_SETTINGS
12-30 06:21:05.309  3746  3746 I AppSecurityPermissions: Ignoring unknown permission:com.google.android.launcher.permission.WRITE_SETTINGS
12-30 06:21:05.309  3746  3746 I AppSecurityPermissions: Ignoring unknown permission:com.oppo.launcher.permission.WRITE_SETTINGS
12-30 06:21:05.309  3746  3746 I AppSecurityPermissions: Ignoring unknown permission:com.oppo.launcher.permission.READ_SETTINGS
12-30 06:21:05.309  3746  3746 I AppSecurityPermissions: Ignoring unknown permission:com.yulong.android.launcher3.permission.WRITE_SETTINGS
12-30 06:21:05.309  3746  3746 I AppSecurityPermissions: Ignoring unknown permission:com.yulong.android.launcher3.permission.READ_SETTINGS
12-30 06:21:05.309  3746  3746 I AppSecurityPermissions: Ignoring unknown permission:com.huawei.android.launcher.permission.READ_SETTINGS
12-30 06:21:05.309  3746  3746 I AppSecurityPermissions: Ignoring unknown permission:com.huawei.android.launcher.permission.WRITE_SETTINGS
12-30 06:21:05.309  3746  3746 I AppSecurityPermissions: Ignoring unknown permission:com.htc.launcher.permission.READ_SETTINGS
12-30 06:21:05.309  3746  3746 I AppSecurityPermissions: Ignoring unknown permission:com.htc.launcher.permission.WRITE_SETTINGS
12-30 06:21:05.309  3746  3746 I AppSecurityPermissions: Ignoring unknown permission:com.bbk.launcher2.permission.READ_SETTINGS
12-30 06:21:05.309  3746  3746 I AppSecurityPermissions: Ignoring unknown permission:com.bbk.launcher2.permission.WRITE_SETTINGS
12-30 06:21:05.310  3746  3746 I AppSecurityPermissions: Ignoring unknown permission:android.permission.ACCESS_DRM
12-30 06:21:05.310  3746  3746 I AppSecurityPermissions: Ignoring unknown permission:android.permission.INSTALL_DRM
12-30 06:21:05.310  3746  3746 I AppSecurityPermissions: Ignoring unknown permission:com.google.android.providers.gsf.permission.READ_GSERVICES
12-30 06:21:05.310  3746  3746 I AppSecurityPermissions: Ignoring unknown permission:rs.permission.MDM_SERVICE
12-30 06:21:05.310  3746  3746 I AppSecurityPermissions: Ignoring unknown permission:com.ut.permission.DEVICE_STATE
12-30 06:21:05.310  3746  3746 I AppSecurityPermissions: Ignoring unknown permission:android.permission.READ_SETTINGS
12-30 06:21:05.310  3746  3746 I AppSecurityPermissions: Ignoring unknown permission:ANDROID.PERMISSION.INTERNET
12-30 06:21:05.322  2176  2825 V WindowManager: Adding window Window{259872cc u0 com.android.packageinstaller/com.android.packageinstaller.PackageInstallerActivity} at 4 of 9 (after Window{301b28c2 u0 com.cyanogenmod.filemanager/com.cyanogenmod.filemanager.activities.NavigationActivity})
12-30 06:21:05.380  2176  2210 I ActivityManager: Displayed com.android.packageinstaller/.PackageInstallerActivity: +120ms (total +6s223ms)
12-30 06:21:07.120  2176  6715 I ActivityManager: START u0 {dat=file:///storage/usb1/CTS/test-APK/wandoujia-wandoujia_web.apk cmp=com.android.packageinstaller/.InstallAppProgress (has extras)} from uid 10042 on display 0
12-30 06:21:07.121  2176  2294 W AudioTrack: AUDIO_OUTPUT_FLAG_FAST denied by client
12-30 06:21:07.121  2176  6715 V WindowManager: addAppToken: AppWindowToken{f3fefb8 token=Token{3db7221b ActivityRecord{3189e42a u0 com.android.packageinstaller/.InstallAppProgress t32}}} to stack=1 task=32 at 2
12-30 06:21:07.133  3746  3746 W InstallAppProgress: Replacing package:com.wandoujia.phoenix2
12-30 06:21:07.155  2176  2817 V WindowManager: Adding window Window{2dba18f6 u0 com.android.packageinstaller/com.android.packageinstaller.InstallAppProgress} at 5 of 10 (after Window{259872cc u0 com.android.packageinstaller/com.android.packageinstaller.PackageInstallerActivity})
12-30 06:21:07.204  2176  2210 I ActivityManager: Displayed com.android.packageinstaller/.InstallAppProgress: +80ms
12-30 06:21:07.224  3965  7185 D DefContainer: Copying /storage/usb1/CTS/test-APK/wandoujia-wandoujia_web.apk to base.apk
12-30 06:21:07.240  3746  3769 D OpenGLRenderer: endAllStagingAnimators on 0x7fc1e6702000 (RippleDrawable) with handle 0x7fc1e653aa60
12-30 06:21:07.271  2176  2214 W PackageParser: Unknown element under <application>: uses-sdk at /data/app/vmdl407634737.tmp/base.apk Binary XML file line #1784
12-30 06:21:07.465  2176  2214 D PackageManager: Renaming /data/app/vmdl407634737.tmp to /data/app/com.wandoujia.phoenix2-2
12-30 06:21:07.465  2176  2205 I ActivityManager: Force stopping com.wandoujia.phoenix2 appid=10058 user=-1: uninstall pkg
12-30 06:21:07.553  2176  2214 I PackageManager: Package com.wandoujia.phoenix2 codePath changed from /data/app/com.wandoujia.phoenix2-1 to /data/app/com.wandoujia.phoenix2-2; Retaining data and using new
12-30 06:21:07.602  2176  2214 I PackageManager: Running dexopt on: /data/app/com.wandoujia.phoenix2-2/base.apk pkg=com.wandoujia.phoenix2 isa=x86 vmSafeMode=false
12-30 06:21:07.606  7564  7564 W linker  : [vdso]: unused DT entry: type 0x6ffffef5 arg 0xec
12-30 06:21:07.607  7564  7564 E cutils-trace: Error opening trace file: Permission denied (13)
12-30 06:21:07.607  7564  7564 I dex2oat : /system/bin/dex2oat --zip-fd=5 --zip-location=/data/app/com.wandoujia.phoenix2-2/base.apk --oat-fd=6 --oat-location=/data/dalvik-cache/x86/data@app@com.wandoujia.phoenix2-2@base.apk@classes.dex --instruction-set=x86 --instruction-set-features=default --runtime-arg -Xms64m --runtime-arg -Xmx512m --compiler-filter=interpret-only --swap-fd=7
12-30 06:21:07.745  7564  7564 I dex2oat : Decided to run without swap.
12-30 06:21:08.316  7564  7564 I dex2oat : dex2oat took 708.864ms (threads: 8) arena alloc=0B java alloc=18MB native alloc=1276KB free=10MB
12-30 06:21:08.321  2176  2214 W PackageManager: Code path for pkg : com.wandoujia.phoenix2 changing from /data/app/com.wandoujia.phoenix2-1 to /data/app/com.wandoujia.phoenix2-2
12-30 06:21:08.321  2176  2214 W PackageManager: Resource path for pkg : com.wandoujia.phoenix2 changing from /data/app/com.wandoujia.phoenix2-1 to /data/app/com.wandoujia.phoenix2-2
12-30 06:21:08.321  2176  2205 I ActivityManager: Force stopping com.wandoujia.phoenix2 appid=10058 user=-1: update pkg
12-30 06:21:08.323  2176  2214 W PackageManager: Package com.wandoujia.phoenix2 has activity com.alipay.android.mini.window.sdk.MiniPayActivity with priority > 0, forcing to 0
12-30 06:21:08.413  2176  2214 W PackageManager: Not granting permission android.permission.READ_LOGS to package com.wandoujia.phoenix2 (protectionLevel=50 flags=0x18be44)
12-30 06:21:08.413  2176  2214 W PackageManager: Unknown permission com.android.launcher.permission.CREATE_SHORTCUT in package com.wandoujia.phoenix2
12-30 06:21:08.413  2176  2214 W PackageManager: Unknown permission com.android.launcher.permission.READ_SETTINGS in package com.wandoujia.phoenix2
12-30 06:21:08.413  2176  2214 W PackageManager: Unknown permission com.android.launcher.permission.WRITE_SETTINGS in package com.wandoujia.phoenix2
12-30 06:21:08.413  2176  2214 W PackageManager: Not granting permission com.android.launcher3.permission.WRITE_SETTINGS to package com.wandoujia.phoenix2 (protectionLevel=18 flags=0x18be44)
12-30 06:21:08.413  2176  2214 W PackageManager: Unknown permission org.adw.launcher.permission.READ_SETTINGS in package com.wandoujia.phoenix2
12-30 06:21:08.413  2176  2214 W PackageManager: Unknown permission org.adw.launcher.permission.WRITE_SETTINGS in package com.wandoujia.phoenix2
12-30 06:21:08.413  2176  2214 W PackageManager: Unknown permission com.qihoo360.launcher.permission.READ_SETTINGS in package com.wandoujia.phoenix2
12-30 06:21:08.413  2176  2214 W PackageManager: Unknown permission com.qihoo360.launcher.permission.WRITE_SETTINGS in package com.wandoujia.phoenix2
12-30 06:21:08.413  2176  2214 W PackageManager: Unknown permission com.lge.launcher.permission.READ_SETTINGS in package com.wandoujia.phoenix2
12-30 06:21:08.413  2176  2214 W PackageManager: Unknown permission com.lge.launcher.permission.WRITE_SETTINGS in package com.wandoujia.phoenix2
12-30 06:21:08.413  2176  2214 W PackageManager: Unknown permission net.qihoo.launcher.permission.READ_SETTINGS in package com.wandoujia.phoenix2
12-30 06:21:08.413  2176  2214 W PackageManager: Unknown permission net.qihoo.launcher.permission.WRITE_SETTINGS in package com.wandoujia.phoenix2
12-30 06:21:08.413  2176  2214 W PackageManager: Unknown permission org.adwfreak.launcher.permission.READ_SETTINGS in package com.wandoujia.phoenix2
12-30 06:21:08.413  2176  2214 W PackageManager: Unknown permission org.adwfreak.launcher.permission.WRITE_SETTINGS in package com.wandoujia.phoenix2
12-30 06:21:08.413  2176  2214 W PackageManager: Unknown permission com.huawei.launcher3.permission.READ_SETTINGS in package com.wandoujia.phoenix2
12-30 06:21:08.413  2176  2214 W PackageManager: Unknown permission com.huawei.launcher3.permission.WRITE_SETTINGS in package com.wandoujia.phoenix2
12-30 06:21:08.413  2176  2214 W PackageManager: Unknown permission com.fede.launcher.permission.READ_SETTINGS in package com.wandoujia.phoenix2
12-30 06:21:08.413  2176  2214 W PackageManager: Unknown permission com.fede.launcher.permission.WRITE_SETTINGS in package com.wandoujia.phoenix2
12-30 06:21:08.413  2176  2214 W PackageManager: Unknown permission com.sec.android.app.twlauncher.settings.READ_SETTINGS in package com.wandoujia.phoenix2
12-30 06:21:08.413  2176  2214 W PackageManager: Unknown permission com.sec.android.app.twlauncher.settings.WRITE_SETTINGS in package com.wandoujia.phoenix2
12-30 06:21:08.413  2176  2214 W PackageManager: Unknown permission com.anddoes.launcher.permission.READ_SETTINGS in package com.wandoujia.phoenix2
12-30 06:21:08.413  2176  2214 W PackageManager: Unknown permission com.anddoes.launcher.permission.WRITE_SETTINGS in package com.wandoujia.phoenix2
12-30 06:21:08.413  2176  2214 W PackageManager: Unknown permission com.lenovo.launcher.permission.READ_SETTINGS in package com.wandoujia.phoenix2
12-30 06:21:08.413  2176  2214 W PackageManager: Unknown permission com.lenovo.launcher.permission.WRITE_SETTINGS in package com.wandoujia.phoenix2
12-30 06:21:08.413  2176  2214 W PackageManager: Unknown permission com.google.android.launcher.permission.READ_SETTINGS in package com.wandoujia.phoenix2
12-30 06:21:08.413  2176  2214 W PackageManager: Unknown permission com.google.android.launcher.permission.WRITE_SETTINGS in package com.wandoujia.phoenix2
12-30 06:21:08.413  2176  2214 W PackageManager: Unknown permission com.oppo.launcher.permission.WRITE_SETTINGS in package com.wandoujia.phoenix2
12-30 06:21:08.413  2176  2214 W PackageManager: Unknown permission com.oppo.launcher.permission.READ_SETTINGS in package com.wandoujia.phoenix2
12-30 06:21:08.413  2176  2214 W PackageManager: Unknown permission com.yulong.android.launcher3.permission.WRITE_SETTINGS in package com.wandoujia.phoenix2
12-30 06:21:08.413  2176  2214 W PackageManager: Unknown permission com.yulong.android.launcher3.permission.READ_SETTINGS in package com.wandoujia.phoenix2
12-30 06:21:08.413  2176  2214 W PackageManager: Unknown permission com.huawei.android.launcher.permission.READ_SETTINGS in package com.wandoujia.phoenix2
12-30 06:21:08.413  2176  2214 W PackageManager: Unknown permission com.huawei.android.launcher.permission.WRITE_SETTINGS in package com.wandoujia.phoenix2
12-30 06:21:08.413  2176  2214 W PackageManager: Unknown permission com.htc.launcher.permission.READ_SETTINGS in package com.wandoujia.phoenix2
12-30 06:21:08.413  2176  2214 W PackageManager: Unknown permission com.htc.launcher.permission.WRITE_SETTINGS in package com.wandoujia.phoenix2
12-30 06:21:08.413  2176  2214 W PackageManager: Unknown permission com.bbk.launcher2.permission.READ_SETTINGS in package com.wandoujia.phoenix2
12-30 06:21:08.413  2176  2214 W PackageManager: Unknown permission com.bbk.launcher2.permission.WRITE_SETTINGS in package com.wandoujia.phoenix2
12-30 06:21:08.413  2176  2214 W PackageManager: Not granting permission android.permission.MOUNT_UNMOUNT_FILESYSTEMS to package com.wandoujia.phoenix2 (protectionLevel=18 flags=0x18be44)
12-30 06:21:08.413  2176  2214 W PackageManager: Unknown permission android.permission.ACCESS_DRM in package com.wandoujia.phoenix2
12-30 06:21:08.413  2176  2214 W PackageManager: Unknown permission android.permission.INSTALL_DRM in package com.wandoujia.phoenix2
12-30 06:21:08.413  2176  2214 W PackageManager: Not granting permission android.permission.BIND_ACCESSIBILITY_SERVICE to package com.wandoujia.phoenix2 (protectionLevel=2 flags=0x18be44)
12-30 06:21:08.413  2176  2214 W PackageManager: Unknown permission com.google.android.providers.gsf.permission.READ_GSERVICES in package com.wandoujia.phoenix2
12-30 06:21:08.413  2176  2214 W PackageManager: Unknown permission rs.permission.MDM_SERVICE in package com.wandoujia.phoenix2
12-30 06:21:08.414  2176  2214 W PackageManager: Unknown permission com.ut.permission.DEVICE_STATE in package com.wandoujia.phoenix2
12-30 06:21:08.414  2176  2214 W PackageManager: Unknown permission android.permission.READ_SETTINGS in package com.wandoujia.phoenix2
12-30 06:21:08.414  2176  2214 W PackageManager: Unknown permission ANDROID.PERMISSION.INTERNET in package com.wandoujia.phoenix2
12-30 06:21:08.506  2176  2214 I ActivityManager: Force stopping com.wandoujia.phoenix2 appid=10058 user=0: pkg removed
12-30 06:21:08.508  2176  2214 W Settings: Setting install_non_market_apps has moved from android.provider.Settings.Global to android.provider.Settings.Secure, returning read-only value.
12-30 06:21:08.509  2176  2176 D JobSchedulerService: Receieved: android.intent.action.PACKAGE_REMOVED
12-30 06:21:08.509  2176  2176 D BackupManagerService: Received broadcast Intent { act=android.intent.action.PACKAGE_REMOVED dat=package:com.wandoujia.phoenix2 flg=0x4000010 (has extras) }
12-30 06:21:08.512  2176  2279 I InputReader: Reconfiguring input devices.  changes=0x00000010
12-30 06:21:08.514  7323  7346 D Documents: Update found 7 roots in 4ms
12-30 06:21:08.515  7323  7366 D Documents: Update found 7 roots in 4ms
12-30 06:21:08.516  2176  2279 I InputReader: Reconfiguring input devices.  changes=0x00000010
12-30 06:21:08.518  2176  2279 I InputReader: Reconfiguring input devices.  changes=0x00000010
12-30 06:21:08.521  6882  6882 W ContextImpl: Calling a method in the system process without a qualified user: android.app.ContextImpl.startService:1692 android.content.ContextWrapper.startService:516 android.content.ContextWrapper.startService:516 com.android.keychain.KeyChainBroadcastReceiver.onReceive:12 android.app.ActivityThread.handleReceiver:2609 
12-30 06:21:08.523  3074  3074 W Launcher: setApplicationContext called twice! old=com.android.launcher3.LauncherApplication@38ca55a new=com.android.launcher3.LauncherApplication@38ca55a
12-30 06:21:08.525  2176  2817 W ActivityManager: getTasks: caller 10054 does not hold REAL_GET_TASKS; limiting output
12-30 06:21:08.528  2176  2339 W BroadcastQueue: Unable to launch app com.popcap.pvz2cthdbddk/10057 for broadcast Intent { act=android.intent.action.PACKAGE_REMOVED dat=package:com.wandoujia.phoenix2 flg=0x4000010 (has extras) }: process is bad
12-30 06:21:08.530  6905  6905 I GeckoWebappUninstallListener: Package is being replaced; ignoring removal intent
12-30 06:21:08.535  2176  2480 W ActivityManager: getTasks: caller 10054 does not hold REAL_GET_TASKS; limiting output
12-30 06:21:08.536  2176  2200 I ActivityManager: START u0 {flg=0x10800000 cmp=com.estrongs.android.pop/.app.InstallMonitorActivity (has extras)} from uid 10054 on display 0
12-30 06:21:08.537  2176  2200 V WindowManager: addAppToken: AppWindowToken{3dfe8620 token=Token{421f123 ActivityRecord{1281ea52 u0 com.estrongs.android.pop/.app.InstallMonitorActivity t40}}} to stack=1 task=40 at 0
12-30 06:21:08.547  2176  2176 D BackupManagerService: Received broadcast Intent { act=android.intent.action.PACKAGE_ADDED dat=package:com.wandoujia.phoenix2 flg=0x4000010 (has extras) }
12-30 06:21:08.547  2176  2176 W BackupManagerService: Removing schedule queue dupe of com.wandoujia.phoenix2
12-30 06:21:08.554  2176  2477 W BroadcastQueue: Unable to launch app com.popcap.pvz2cthdbddk/10057 for broadcast Intent { act=android.intent.action.PACKAGE_ADDED dat=package:com.wandoujia.phoenix2 flg=0x4000010 (has extras) }: process is bad
12-30 06:21:08.561  3074  3074 W Launcher: setApplicationContext called twice! old=com.android.launcher3.LauncherApplication@38ca55a new=com.android.launcher3.LauncherApplication@38ca55a
12-30 06:21:08.564  6905  6905 I FxAccounts: firefox :: FxAccountUpgradeReceiver :: Upgrade broadcast received.
12-30 06:21:08.565  6905  7580 I FxAccounts: firefox :: FxAccountUpgradeReceiver :: Trying to unpickle any pickled Firefox Account.
12-30 06:21:08.566  6905  6905 I FxAccounts: firefox :: UpgradeReceiver :: No Sync Accounts found; not upgrading anything.
12-30 06:21:08.566  2176  2204 W VoiceInteractionManagerService: no available voice recognition services found for user 0
12-30 06:21:08.566  2176  2214 I art     : Explicit concurrent mark sweep GC freed 151798(7MB) AllocSpace objects, 15(1142KB) LOS objects, 33% free, 19MB/29MB, paused 1.253ms total 57.935ms
12-30 06:21:08.567  2176  2195 I art     : WaitForGcToComplete blocked for 18.856ms for cause Background
12-30 06:21:08.567  6905  7580 I FxAccounts: firefox :: FxAccountUpgradeReceiver :: Trying to advance 0 existing Firefox Accounts from the Doghouse to Separated (if necessary).
12-30 06:21:08.656  2176  2817 W InputMethodManagerService: Window already focused, ignoring focus gain of: com.android.internal.view.IInputMethodClient$Stub$Proxy@293ddb14 attribute=null, token = android.os.BinderProxy@19935191
12-30 06:21:08.657  2176  2200 W ActivityManager: getRunningAppProcesses: caller 10054 does not hold REAL_GET_TASKS; limiting output
12-30 06:21:08.835  3074  3074 I Launcher: Deferring update until onResume
12-30 06:21:08.885  3074  3074 I Launcher: Deferring update until onResume
12-30 06:21:09.791  7581  7581 W linker  : [vdso]: unused DT entry: type 0x6ffffef5 arg 0x160
12-30 06:21:10.656  3746  3746 I InstallAppProgress: Finished installing com.wandoujia.phoenix2
12-30 06:21:10.656  2176  2294 W AudioTrack: AUDIO_OUTPUT_FLAG_FAST denied by client
12-30 06:21:10.669  1919  2163 D audio_hw_primary: found out /dev/snd/pcmC0D0p
12-30 06:21:10.674  3746  3769 D OpenGLRenderer: endAllStagingAnimators on 0x7fc1dd44c000 (RippleDrawable) with handle 0x7fc1e64a00c0
12-30 06:21:14.697  2176  2294 W AudioTrack: AUDIO_OUTPUT_FLAG_FAST denied by client
12-30 06:21:14.703  2176  2824 I ActivityManager: START u0 {act=android.intent.action.VIEW dat=file:///storage/usb1/CTS/test-APK/fruitninja.apk typ=application/vnd.android.package-archive cmp=com.android.packageinstaller/.PackageInstallerActivity} from uid 10020 on display 0
12-30 06:21:14.704  2176  2824 V WindowManager: addAppToken: AppWindowToken{4dcf975 token=Token{c3178ac ActivityRecord{120e265f u0 com.android.packageinstaller/.PackageInstallerActivity t32}}} to stack=1 task=32 at 1
12-30 06:21:14.709  1919  2163 D audio_hw_primary: found out /dev/snd/pcmC0D0p
12-30 06:21:14.781  3746  3746 I AppSecurityPermissions: Ignoring unknown permission:com.halfbrick.fruitninja.permission.C2D_MESSAGE
12-30 06:21:14.781  3746  3746 I AppSecurityPermissions: Ignoring unknown permission:com.google.android.c2dm.permission.RECEIVE
12-30 06:21:14.782  3746  3746 I AppSecurityPermissions: Ignoring unknown permission:android.webkit.permission.PLUGIN
12-30 06:21:14.791  2176  2339 V WindowManager: Adding window Window{698c97b u0 com.android.packageinstaller/com.android.packageinstaller.PackageInstallerActivity} at 4 of 9 (after Window{301b28c2 u0 com.cyanogenmod.filemanager/com.cyanogenmod.filemanager.activities.NavigationActivity})
12-30 06:21:14.795  7584  7584 W linker  : [vdso]: unused DT entry: type 0x6ffffef5 arg 0x160
12-30 06:21:14.848  2176  2210 I ActivityManager: Displayed com.android.packageinstaller/.PackageInstallerActivity: +139ms (total +6s291ms)
12-30 06:21:15.905  2176  2294 W AudioTrack: AUDIO_OUTPUT_FLAG_FAST denied by client
12-30 06:21:16.557  2176  2294 W AudioTrack: AUDIO_OUTPUT_FLAG_FAST denied by client
12-30 06:21:17.040  2176  2480 I ActivityManager: START u0 {dat=file:///storage/usb1/CTS/test-APK/fruitninja.apk cmp=com.android.packageinstaller/.InstallAppProgress (has extras)} from uid 10042 on display 0
12-30 06:21:17.041  2176  2294 W AudioTrack: AUDIO_OUTPUT_FLAG_FAST denied by client
12-30 06:21:17.044  2176  2480 V WindowManager: addAppToken: AppWindowToken{25608257 token=Token{260fefd6 ActivityRecord{2790b7f1 u0 com.android.packageinstaller/.InstallAppProgress t32}}} to stack=1 task=32 at 2
12-30 06:21:17.077  2176  2480 V WindowManager: Adding window Window{1fe7e22d u0 com.android.packageinstaller/com.android.packageinstaller.InstallAppProgress} at 5 of 10 (after Window{698c97b u0 com.android.packageinstaller/com.android.packageinstaller.PackageInstallerActivity})
12-30 06:21:17.079  3965  7110 W         : Zip: failed reading lfh name from offset 29486113
12-30 06:21:17.079  3965  7110 W zipro   : Error iteration over /storage/usb1/CTS/test-APK/fruitninja.apk: I/O Error
12-30 06:21:17.079  3965  7110 W         : Zip: failed reading lfh name from offset 29486113
12-30 06:21:17.079  3965  7110 W zipro   : Error iteration over /storage/usb1/CTS/test-APK/fruitninja.apk: I/O Error
12-30 06:21:17.084  3965  3986 D DefContainer: Copying /storage/usb1/CTS/test-APK/fruitninja.apk to base.apk
12-30 06:21:17.087  3965  3986 W DefContainer: Failed to copy package at /storage/usb1/CTS/test-APK/fruitninja.apk: java.io.IOException: read failed: EIO (I/O error)
12-30 06:21:17.087  2176  2214 E PackageManager: Failed to copy package
12-30 06:21:17.116  2176  2214 I art     : Explicit concurrent mark sweep GC freed 6817(431KB) AllocSpace objects, 9(4MB) LOS objects, 33% free, 15MB/22MB, paused 710us total 28.305ms
12-30 06:21:17.119  2176  2210 I ActivityManager: Displayed com.android.packageinstaller/.InstallAppProgress: +63ms
12-30 06:21:17.127  2176  2477 V WindowManager: not Base app: Adding window Window{2280ecf3 u0 com.android.packageinstaller/com.android.packageinstaller.InstallAppProgress} at 6 of 11
12-30 06:21:17.180  3746  3769 D OpenGLRenderer: endAllStagingAnimators on 0x7fc1e6783400 (RippleDrawable) with handle 0x7fc1ddc8e840
12-30 06:21:19.807  7590  7590 W linker  : [vdso]: unused DT entry: type 0x6ffffef5 arg 0x160
12-30 06:21:21.809  7597  7597 W linker  : [vdso]: unused DT entry: type 0x6ffffef5 arg 0x160
12-30 06:21:21.813  2176  2289 D WifiService: New client listening to asynchronous messages
12-30 06:21:21.834  7600  7600 W linker  : [vdso]: unused DT entry: type 0x6ffffef5 arg 0xec
12-30 06:21:21.835  7600  7600 E cutils-trace: Error opening trace file: Permission denied (13)
12-30 06:21:21.835  7600  7600 I dex2oat : /system/bin/dex2oat --runtime-arg -classpath --runtime-arg  --instruction-set=x86 --instruction-set-features=default --runtime-arg -Xrelocate --boot-image=/system/framework/boot.art --dex-file=/data/user/0/com.tencent.mtt.x86/app_dynamic_jar_output/beacon_dynamic.jar --oat-fd=30 --oat-location=/data/user/0/com.tencent.mtt.x86/app_dynamic_jar_output/beacon_dynamic.dex --runtime-arg -Xms64m --runtime-arg -Xmx512m --compiler-filter=interpret-only
12-30 06:21:21.873  7600  7600 I dex2oat : dex2oat took 38.368ms (threads: 8) arena alloc=0B java alloc=217KB native alloc=449KB free=7MB
12-30 06:21:21.877  7215  7238 W beacon  : API Level: 22
12-30 06:21:21.886  7215  7238 W beacon  :  SpeedMonitorModule is Deprecated !
12-30 06:21:22.027  7192  7247 W beacon  : API Level: 22
12-30 06:21:22.040  7192  7247 W beacon  :  SpeedMonitorModule is Deprecated !
12-30 06:21:22.389  2176  2289 D WifiService: New client listening to asynchronous messages
12-30 06:21:22.432  2176  2824 W ActivityManager: getRunningAppProcesses: caller 10056 does not hold REAL_GET_TASKS; limiting output
12-30 06:21:22.433  2176  2339 W ActivityManager: getRunningAppProcesses: caller 10056 does not hold REAL_GET_TASKS; limiting output
12-30 06:21:22.433  2176  2826 W ActivityManager: getRunningAppProcesses: caller 10056 does not hold REAL_GET_TASKS; limiting output
12-30 06:21:22.454  2176  2476 W ActivityManager: getRunningAppProcesses: caller 10056 does not hold REAL_GET_TASKS; limiting output
12-30 06:21:22.454  2176  2817 W ActivityManager: getRunningAppProcesses: caller 10056 does not hold REAL_GET_TASKS; limiting output
12-30 06:21:22.454  2176  2480 W ActivityManager: getRunningAppProcesses: caller 10056 does not hold REAL_GET_TASKS; limiting output
12-30 06:21:22.933  2176  2339 W ActivityManager: getRunningAppProcesses: caller 10056 does not hold REAL_GET_TASKS; limiting output
12-30 06:21:22.933  2176  2826 W ActivityManager: getRunningAppProcesses: caller 10056 does not hold REAL_GET_TASKS; limiting output
12-30 06:21:22.934  2176  2825 W ActivityManager: getRunningAppProcesses: caller 10056 does not hold REAL_GET_TASKS; limiting output
12-30 06:21:23.000  2176  2480 W ActivityManager: getRunningAppProcesses: caller 10056 does not hold REAL_GET_TASKS; limiting output
12-30 06:21:23.001  2176  2824 W ActivityManager: getRunningAppProcesses: caller 10056 does not hold REAL_GET_TASKS; limiting output
12-30 06:21:23.002  2176  2339 W ActivityManager: getRunningAppProcesses: caller 10056 does not hold REAL_GET_TASKS; limiting output
12-30 06:21:23.003  2176  2477 W ActivityManager: getRunningAppProcesses: caller 10056 does not hold REAL_GET_TASKS; limiting output
12-30 06:21:24.818  7626  7626 W linker  : [vdso]: unused DT entry: type 0x6ffffef5 arg 0x160
12-30 06:21:24.903  2176  2476 W ActivityManager: getRunningAppProcesses: caller 10056 does not hold REAL_GET_TASKS; limiting output
12-30 06:21:24.904  7215  7238 W beacon  : onUserAction return false, because eventName:[MTT_WUP_WATCH] is not allowed in server strategy!
12-30 06:21:24.905  7215  7238 W beacon  : onUserAction return false, because eventName:[MTT_WUP_WATCH] is not allowed in server strategy!
12-30 06:21:25.060  2176  2478 W ActivityManager: getRunningAppProcesses: caller 10056 does not hold REAL_GET_TASKS; limiting output
12-30 06:21:25.066  7192  7247 W beacon  : onUserAction return false, because eventName:[MTT_WUP_WATCH] is not allowed in server strategy!
12-30 06:21:25.066  7192  7247 W beacon  : onUserAction return false, because eventName:[MTT_WUP_WATCH] is not allowed in server strategy!
12-30 06:21:25.067  7192  7247 W beacon  : onUserAction return false, because eventName:[MTT_WUP_WATCH] is not allowed in server strategy!
12-30 06:21:27.297  2176  2477 W ActivityManager: getRunningAppProcesses: caller 10056 does not hold REAL_GET_TASKS; limiting output
12-30 06:21:28.769  2176  2294 W AudioTrack: AUDIO_OUTPUT_FLAG_FAST denied by client
12-30 06:21:28.769  2176  2278 I ActivityManager: START u0 {act=android.intent.action.MAIN cat=[android.intent.category.HOME] flg=0x10200000 cmp=com.android.launcher3/.Launcher} from uid 1000 on display 0
12-30 06:21:28.782  1919  2163 D audio_hw_primary: found out /dev/snd/pcmC0D0p
12-30 06:21:29.389  3074  3148 W OpenGLRenderer: Incorrectly called buildLayer on View: ShortcutAndWidgetContainer, destroying layer...
12-30 06:21:29.789  2550  2550 W ResourceType: No package identifier when getting value for resource number 0x00000000
12-30 06:21:29.789  2550  2550 W PackageManager: Failure retrieving resources for com.cyanogenmod.filemanager: Resource ID #0x0
12-30 06:21:29.830  7629  7629 W linker  : [vdso]: unused DT entry: type 0x6ffffef5 arg 0x160
12-30 06:21:29.872  2176  2294 W AudioTrack: AUDIO_OUTPUT_FLAG_FAST denied by client
12-30 06:21:33.520  2176  2826 W ActivityManager: getRunningAppProcesses: caller 10055 does not hold REAL_GET_TASKS; limiting output
12-30 06:21:34.841  7631  7631 W linker  : [vdso]: unused DT entry: type 0x6ffffef5 arg 0x160
12-30 06:21:39.853  7632  7632 W linker  : [vdso]: unused DT entry: type 0x6ffffef5 arg 0x160
12-30 06:21:44.864  7633  7633 W linker  : [vdso]: unused DT entry: type 0x6ffffef5 arg 0x160
12-30 06:21:49.873  7634  7634 W linker  : [vdso]: unused DT entry: type 0x6ffffef5 arg 0x160
12-30 06:21:53.003  2176  2200 W ActivityManager: getRunningAppProcesses: caller 10056 does not hold REAL_GET_TASKS; limiting output
12-30 06:21:54.885  7635  7635 W linker  : [vdso]: unused DT entry: type 0x6ffffef5 arg 0x160
12-30 06:21:59.897  7636  7636 W linker  : [vdso]: unused DT entry: type 0x6ffffef5 arg 0x160
12-30 06:22:03.520  2176  2826 W ActivityManager: getRunningAppProcesses: caller 10055 does not hold REAL_GET_TASKS; limiting output
12-30 06:22:04.909  7637  7637 W linker  : [vdso]: unused DT entry: type 0x6ffffef5 arg 0x160
12-30 06:22:09.921  7638  7638 W linker  : [vdso]: unused DT entry: type 0x6ffffef5 arg 0x160
12-30 06:22:13.393  2176  2294 W AudioTrack: AUDIO_OUTPUT_FLAG_FAST denied by client
12-30 06:22:13.405  1919  2163 D audio_hw_primary: found out /dev/snd/pcmC0D0p
12-30 06:22:13.409  2176  2478 I ActivityManager: START u0 {act=com.android.systemui.recents.SHOW_RECENTS flg=0x10804000 cmp=com.android.systemui/.recents.RecentsActivity} from uid 10013 on display 0
12-30 06:22:13.470  2176  2480 W InputMethodManagerService: Starting input on non-focused client com.android.internal.view.IInputMethodClient$Stub$Proxy@1878cc61 (uid=10036 pid=3074)
12-30 06:22:13.831  7640  7640 W linker  : [vdso]: unused DT entry: type 0x6ffffef5 arg 0x160
12-30 06:22:13.842  7641  7641 W linker  : [vdso]: unused DT entry: type 0x6ffffef5 arg 0x160
12-30 06:22:13.851  7642  7642 W linker  : [vdso]: unused DT entry: type 0x6ffffef5 arg 0x160
12-30 06:22:13.854  2176  2209 D BluetoothManagerService: Message: 20
12-30 06:22:13.854  2176  2209 D BluetoothManagerService: Added callback: android.bluetooth.IBluetoothManagerCallback$Stub$Proxy@2c9df837:true
12-30 06:22:13.865  7644  7644 W linker  : [vdso]: unused DT entry: type 0x6ffffef5 arg 0x160
12-30 06:22:13.870  7644  7644 W linker  : [vdso]: unused DT entry: type 0x6ffffef5 arg 0x160
12-30 06:22:13.872  2176  2480 W ActivityManager: getRunningAppProcesses: caller 10056 does not hold REAL_GET_TASKS; limiting output
12-30 06:22:14.560  2176  2294 W AudioTrack: AUDIO_OUTPUT_FLAG_FAST denied by client
12-30 06:22:14.561  2176  2478 I ActivityManager: START u0 {act=android.intent.action.MAIN cat=[android.intent.category.LAUNCHER] flg=0x10300000 cmp=jackpal.androidterm/.Term bnds=[503,646][1416,1559] (has extras)} from uid 10036 on display 0
12-30 06:22:14.563  2176  2478 V WindowManager: addAppToken: AppWindowToken{27d80ac2 token=Token{28c5fb0d ActivityRecord{126da1a4 u0 jackpal.androidterm/.Term t24}}} to stack=1 task=24 at 0
12-30 06:22:14.577  4062  4062 V Term    : onCreate
12-30 06:22:14.588  2176  6715 V WindowManager: Adding window Window{5a0110e u0 jackpal.androidterm/jackpal.androidterm.Term} at 4 of 11 (after Window{2280ecf3 u0 com.android.packageinstaller/com.android.packageinstaller.InstallAppProgress})
12-30 06:22:14.589  4062  4062 I Term    : Bound to TermService
12-30 06:22:14.589  4062  4062 I TermService: Activity binding to service
12-30 06:22:14.781  2176  2210 I ActivityManager: Displayed jackpal.androidterm/.Term: +207ms
12-30 06:22:14.928  7651  7651 W linker  : [vdso]: unused DT entry: type 0x6ffffef5 arg 0x160
12-30 06:22:17.969  2176  2294 W AudioTrack: AUDIO_OUTPUT_FLAG_FAST denied by client
12-30 06:22:17.969  2176  2278 I ActivityManager: START u0 {act=android.intent.action.MAIN cat=[android.intent.category.HOME] flg=0x10200000 cmp=com.android.launcher3/.Launcher} from uid 1000 on display 0
12-30 06:22:17.981  1919  2163 D audio_hw_primary: found out /dev/snd/pcmC0D0p
12-30 06:22:18.078  4062  4062 W IInputConnectionWrapper: showStatusIcon on inactive InputConnection
12-30 06:22:18.572  3074  3148 W OpenGLRenderer: Incorrectly called buildLayer on View: ShortcutAndWidgetContainer, destroying layer...
