12-30 06:25:48.742  3074  3074 W Launcher: setApplicationContext called twice! old=com.android.launcher3.LauncherApplication@38ca55a new=com.android.launcher3.LauncherApplication@38ca55a
12-30 06:25:48.743  2176  2278 I InputDispatcher: Dropping event because there is no touchable window at (1079, 578).
12-30 06:25:48.751  2176  2278 I InputDispatcher: Dropping event because there is no touchable window at (1079, 584).
12-30 06:25:48.751  3074  3074 W Launcher: setApplicationContext called twice! old=com.android.launcher3.LauncherApplication@38ca55a new=com.android.launcher3.LauncherApplication@38ca55a
12-30 06:25:48.759  7797  7915 I GRALLOC-DRM: create intel for driver i915
12-30 06:25:48.760  7797  7915 I EGL-DRI2: DRI2: found extension DRI_Core version 1
12-30 06:25:48.760  7797  7915 I EGL-DRI2: DRI2: found extension DRI_DRI2 version 4
12-30 06:25:48.772  7797  7915 I EGL-DRI2: DRI2: found extension DRI_TexBuffer version 3
12-30 06:25:48.772  7797  7915 I EGL-DRI2: DRI2: found extension DRI2_Flush version 4
12-30 06:25:48.772  7797  7915 I EGL-DRI2: DRI2: found extension DRI_IMAGE version 11
12-30 06:25:48.773  7797  7915 I OpenGLRenderer: Initialized EGL, version 1.4
12-30 06:25:48.773  7797  7915 W OpenGLRenderer: Failed to choose config with EGL_SWAP_BEHAVIOR_PRESERVED, retrying without...
12-30 06:25:48.776  7797  7915 D OpenGLRenderer: Enabling debug mode 0
12-30 06:25:48.781  2176  2201 I ActivityManager: Activity reported stop, but no longer stopping: ActivityRecord{2befb3e4 u0 com.wandoujia.phoenix2/com.wandoujia.jupiter.activity.HomeActivity t41}
12-30 06:25:48.803  3074  3074 W IInputConnectionWrapper: showStatusIcon on inactive InputConnection
12-30 06:25:48.810  2176  2210 I ActivityManager: Displayed com.wandoujia.phoenix2/com.wandoujia.jupiter.onboard.OnboardActivity: +982ms (total +3s161ms)
12-30 06:25:48.834  7797  7797 E ActivityThread: Performing stop of activity that is not resumed: {com.wandoujia.phoenix2/com.wandoujia.jupiter.activity.HomeActivity}
12-30 06:25:48.834  7797  7797 E ActivityThread: java.lang.RuntimeException: Performing stop of activity that is not resumed: {com.wandoujia.phoenix2/com.wandoujia.jupiter.activity.HomeActivity}
12-30 06:25:48.834  7797  7797 E ActivityThread: 	at android.app.ActivityThread.performStopActivityInner(ActivityThread.java:3344)
12-30 06:25:48.834  7797  7797 E ActivityThread: 	at android.app.ActivityThread.handleStopActivity(ActivityThread.java:3425)
12-30 06:25:48.834  7797  7797 E ActivityThread: 	at android.app.ActivityThread.access$1100(ActivityThread.java:151)
12-30 06:25:48.834  7797  7797 E ActivityThread: 	at android.app.ActivityThread$H.handleMessage(ActivityThread.java:1332)
12-30 06:25:48.834  7797  7797 E ActivityThread: 	at android.os.Handler.dispatchMessage(Handler.java:102)
12-30 06:25:48.834  7797  7797 E ActivityThread: 	at android.os.Looper.loop(Looper.java:135)
12-30 06:25:48.834  7797  7797 E ActivityThread: 	at android.app.ActivityThread.main(ActivityThread.java:5254)
12-30 06:25:48.834  7797  7797 E ActivityThread: 	at java.lang.reflect.Method.invoke(Native Method)
12-30 06:25:48.834  7797  7797 E ActivityThread: 	at java.lang.reflect.Method.invoke(Method.java:372)
12-30 06:25:48.834  7797  7797 E ActivityThread: 	at com.android.internal.os.ZygoteInit$MethodAndArgsCaller.run(ZygoteInit.java:903)
12-30 06:25:48.834  7797  7797 E ActivityThread: 	at com.android.internal.os.ZygoteInit.main(ZygoteInit.java:698)
12-30 06:25:48.913  7797  7848 W GAv4    : Error getting advertiser id: com.google.android.gms.common.GooglePlayServicesNotAvailableException
12-30 06:25:49.021  2176  2201 W ActivityManager: Unable to start service Intent { act=com.google.android.gms.analytics.service.START cmp=com.google.android.gms/.analytics.service.AnalyticsService (has extras) } U=0: not found
12-30 06:25:49.411  7952  7952 W linker  : [vdso]: unused DT entry: type 0x6ffffef5 arg 0x160
12-30 06:25:49.854  2176  2210 I art     : Explicit concurrent mark sweep GC freed 11674(729KB) AllocSpace objects, 14(2MB) LOS objects, 33% free, 15MB/22MB, paused 313us total 12.641ms
12-30 06:25:53.003  2176  2825 W ActivityManager: getRunningAppProcesses: caller 10056 does not hold REAL_GET_TASKS; limiting output
12-30 06:25:54.423  7983  7983 W linker  : [vdso]: unused DT entry: type 0x6ffffef5 arg 0x160
12-30 06:25:56.025  2176  2825 W ActivityManager: getRunningAppProcesses: caller 10058 does not hold REAL_GET_TASKS; limiting output
12-30 06:25:56.025  2176  2477 W ActivityManager: getRunningAppProcesses: caller 10058 does not hold REAL_GET_TASKS; limiting output
12-30 06:25:56.026  2176  2826 W ActivityManager: getRunningAppProcesses: caller 10058 does not hold REAL_GET_TASKS; limiting output
12-30 06:25:56.026  2176  6715 W ActivityManager: getRunningAppProcesses: caller 10058 does not hold REAL_GET_TASKS; limiting output
12-30 06:25:57.845  1901  1908 E Vold    : Failed to find mounted volume for /storage/usb0/Android/data/com.wandoujia.phoenix2/cache/
12-30 06:25:57.846  7916  7916 W ContextImpl: Failed to ensure directory: /storage/usb0/Android/data/com.wandoujia.phoenix2/cache
12-30 06:25:57.854  1901  1908 E cutils  : Failed to mkdirat(/storage/usb1/Android/data/com.wandoujia.phoenix2): I/O error
12-30 06:25:57.854  7916  7916 W ContextImpl: Failed to ensure directory: /storage/usb1/Android/data/com.wandoujia.phoenix2/cache
12-30 06:25:57.854  1901  1908 E Vold    : Failed to find mounted volume for /storage/usb2/Android/data/com.wandoujia.phoenix2/cache/
12-30 06:25:57.854  7916  7916 W ContextImpl: Failed to ensure directory: /storage/usb2/Android/data/com.wandoujia.phoenix2/cache
12-30 06:25:57.854  1901  1908 E Vold    : Failed to find mounted volume for /storage/usb3/Android/data/com.wandoujia.phoenix2/cache/
12-30 06:25:57.854  7916  7916 W ContextImpl: Failed to ensure directory: /storage/usb3/Android/data/com.wandoujia.phoenix2/cache
12-30 06:25:57.855  1901  1908 E Vold    : Failed to find mounted volume for /storage/sdcard1/Android/data/com.wandoujia.phoenix2/cache/
12-30 06:25:57.855  7916  7916 W ContextImpl: Failed to ensure directory: /storage/sdcard1/Android/data/com.wandoujia.phoenix2/cache
12-30 06:25:59.289  2176  2294 W AudioTrack: AUDIO_OUTPUT_FLAG_FAST denied by client
12-30 06:25:59.302  1919  2163 D audio_hw_primary: found out /dev/snd/pcmC0D0p
12-30 06:25:59.435  7993  7993 W linker  : [vdso]: unused DT entry: type 0x6ffffef5 arg 0x160
12-30 06:26:03.490  2176  2294 W AudioTrack: AUDIO_OUTPUT_FLAG_FAST denied by client
12-30 06:26:03.503  1919  2163 D audio_hw_primary: found out /dev/snd/pcmC0D0p
12-30 06:26:03.520  2176  2824 W ActivityManager: getRunningAppProcesses: caller 10055 does not hold REAL_GET_TASKS; limiting output
12-30 06:26:04.447  7995  7995 W linker  : [vdso]: unused DT entry: type 0x6ffffef5 arg 0x160
12-30 06:26:06.440  2176  2294 W AudioTrack: AUDIO_OUTPUT_FLAG_FAST denied by client
12-30 06:26:09.458  7997  7997 W linker  : [vdso]: unused DT entry: type 0x6ffffef5 arg 0x160
12-30 06:26:11.296  2176  2294 W AudioTrack: AUDIO_OUTPUT_FLAG_FAST denied by client
12-30 06:26:11.308  1919  2163 D audio_hw_primary: found out /dev/snd/pcmC0D0p
12-30 06:26:14.470  8010  8010 W linker  : [vdso]: unused DT entry: type 0x6ffffef5 arg 0x160
12-30 06:26:16.408  2176  2294 W AudioTrack: AUDIO_OUTPUT_FLAG_FAST denied by client
12-30 06:26:16.421  1919  2163 D audio_hw_primary: found out /dev/snd/pcmC0D0p
12-30 06:26:19.482  8019  8019 W linker  : [vdso]: unused DT entry: type 0x6ffffef5 arg 0x160
12-30 06:26:21.041  2176  2294 W AudioTrack: AUDIO_OUTPUT_FLAG_FAST denied by client
12-30 06:26:21.042  2176  2339 I ActivityManager: START u0 {act=android.intent.action.VIEW dat=wdj://apps/com.tencent.mm?pageName=AppsTest1105&cardName=av_1023_weeklyrank&feedItemId=com.tencent.mm pkg=com.wandoujia.phoenix2 cmp=com.wandoujia.phoenix2/com.wandoujia.jupiter.activity.DetailActivity (has extras)} from uid 10058 on display 0
12-30 06:26:21.044  2176  2339 V WindowManager: addAppToken: AppWindowToken{3dcb1941 token=Token{3bc04828 ActivityRecord{2678d64b u0 com.wandoujia.phoenix2/com.wandoujia.jupiter.activity.DetailActivity t41}}} to stack=1 task=41 at 1
12-30 06:26:21.054  1919  2163 D audio_hw_primary: found out /dev/snd/pcmC0D0p
12-30 06:26:21.057  2176  2480 V WindowManager: Adding window Window{12e5bed4 u0 com.wandoujia.phoenix2/com.wandoujia.jupiter.activity.DetailActivity} at 8 of 13 (after Window{1fa5f674 u0 com.wandoujia.phoenix2/com.wandoujia.jupiter.activity.HomeActivity})
12-30 06:26:21.125  2176  2210 I ActivityManager: Displayed com.wandoujia.phoenix2/com.wandoujia.jupiter.activity.DetailActivity: +80ms
12-30 06:26:23.003  2176  2480 W ActivityManager: getRunningAppProcesses: caller 10056 does not hold REAL_GET_TASKS; limiting output
12-30 06:26:23.773  2176  2294 W AudioTrack: AUDIO_OUTPUT_FLAG_FAST denied by client
12-30 06:26:23.809  2176  2201 I ActivityManager: START u0 {flg=0x10010000 cmp=com.wandoujia.phoenix2/com.wandoujia.jupiter.app.activity.DownloadInjectorDialogActivity (has extras)} from uid 10058 on display 0
12-30 06:26:23.818  2176  2201 V WindowManager: addAppToken: AppWindowToken{291bc3c3 token=Token{330ae372 ActivityRecord{37ef087d u0 com.wandoujia.phoenix2/com.wandoujia.jupiter.app.activity.DownloadInjectorDialogActivity t42}}} to stack=1 task=42 at 0
12-30 06:26:23.897  2176  2825 V WindowManager: Adding window Window{b68af79 u0 com.wandoujia.phoenix2/com.wandoujia.jupiter.app.activity.DownloadInjectorDialogActivity} at 9 of 14 (after Window{12e5bed4 u0 com.wandoujia.phoenix2/com.wandoujia.jupiter.activity.DetailActivity})
12-30 06:26:23.964  2176  2210 I ActivityManager: Displayed com.wandoujia.phoenix2/com.wandoujia.jupiter.app.activity.DownloadInjectorDialogActivity: +100ms
12-30 06:26:24.495  8024  8024 W linker  : [vdso]: unused DT entry: type 0x6ffffef5 arg 0x160
12-30 06:26:25.122  2176  2314 D TaskPersister: removeObsoleteFile: deleting file=41_task.xml
12-30 06:26:26.440  2176  2294 W AudioTrack: AUDIO_OUTPUT_FLAG_FAST denied by client
12-30 06:26:26.472  2176  2824 W ActivityManager: Finishing task with all activities already finished
12-30 06:26:26.472  2176  2824 W ActivityManager: Duplicate finish request for ActivityRecord{37ef087d u0 com.wandoujia.phoenix2/com.wandoujia.jupiter.app.activity.DownloadInjectorDialogActivity t42 f}
12-30 06:26:26.756  1902  1902 W SurfaceFlinger: couldn't log to binary event log: overflow.
12-30 06:26:29.504  8029  8029 W linker  : [vdso]: unused DT entry: type 0x6ffffef5 arg 0x160
12-30 06:26:30.020  2176  2314 D TaskPersister: removeObsoleteFile: deleting file=42_task.xml
12-30 06:26:30.020  2176  2314 D TaskPersister: removeObsoleteFile: deleting file=42_task_thumbnail.png
12-30 06:26:33.520  2176  2477 W ActivityManager: getRunningAppProcesses: caller 10055 does not hold REAL_GET_TASKS; limiting output
12-30 06:26:33.642  8039  8039 W linker  : [vdso]: unused DT entry: type 0x6ffffef5 arg 0x160
12-30 06:26:33.643  8039  8039 D AndroidRuntime: >>>>>> START com.android.internal.os.RuntimeInit uid 0 <<<<<<
12-30 06:26:33.644  8039  8039 D AndroidRuntime: CheckJNI is ON
12-30 06:26:33.648  8039  8039 W         : Failed to bind-mount /system/lib64/x86_64/cpuinfo as /proc/cpuinfo: No such file or directory
12-30 06:26:33.648  8039  8039 E         : Cannot create code cache directory ./code_cache: Read-only file system.
12-30 06:26:33.653  8039  8039 E memtrack: Couldn't load memtrack module (No such file or directory)
12-30 06:26:33.653  8039  8039 E android.os.Debug: failed to load memtrack module: -2
12-30 06:26:33.658  8039  8039 D AndroidRuntime: Calling main entry com.android.commands.am.Am
12-30 06:26:33.658  2176  2477 I ActivityManager: START u0 {flg=0x10000000 cmp=com.android.settings/.cyanogenmod.superuser.RequestActivity (has extras)} from uid 0 on display 0
12-30 06:26:33.662  2176  2477 V WindowManager: addAppToken: AppWindowToken{36b80aed token=Token{608504 ActivityRecord{148acd17 u0 com.android.settings/.cyanogenmod.superuser.RequestActivity t43}}} to stack=1 task=43 at 0
12-30 06:26:33.668  8039  8039 D AndroidRuntime: Shutting down VM
12-30 06:26:33.682  2176  2824 I ActivityManager: Start proc 8055:com.android.settings:superuser/1000 for activity com.android.settings/.cyanogenmod.superuser.RequestActivity
12-30 06:26:33.687  8055  8055 I ActivityThread: Switching default density from 160 to 240
12-30 06:26:33.689  2176  2200 I ActivityManager: START u0 {flg=0x10800000 cmp=com.android.settings/.cyanogenmod.superuser.MultitaskSuRequestActivity (has extras)} from uid 1000 on display 0
12-30 06:26:33.690  2176  2200 V WindowManager: addAppToken: AppWindowToken{14e2ed70 token=Token{3fe523b3 ActivityRecord{3fff0d22 u0 com.android.settings/.cyanogenmod.superuser.MultitaskSuRequestActivity t43}}} to stack=1 task=43 at 1
12-30 06:26:33.705  8055  8078 D OpenGLRenderer: Use EGL_SWAP_BEHAVIOR_PRESERVED: true
12-30 06:26:33.705  8055  8055 I GRALLOC-DRM: create intel for driver i915
12-30 06:26:33.705  8055  8055 D Atlas   : Validating map...
12-30 06:26:33.706  2176  2477 V WindowManager: Based on layer: Adding window Window{3df4aaa5 u0 com.android.settings/com.android.settings.cyanogenmod.superuser.MultitaskSuRequestActivity} at 9 of 14
12-30 06:26:33.743  8055  8078 I EGL-DRI2: DRI2: found extension DRI_Core version 1
12-30 06:26:33.743  8055  8078 I EGL-DRI2: DRI2: found extension DRI_DRI2 version 4
12-30 06:26:33.754  8055  8078 I EGL-DRI2: DRI2: found extension DRI_TexBuffer version 3
12-30 06:26:33.754  8055  8078 I EGL-DRI2: DRI2: found extension DRI2_Flush version 4
12-30 06:26:33.754  8055  8078 I EGL-DRI2: DRI2: found extension DRI_IMAGE version 11
12-30 06:26:33.754  8055  8078 I OpenGLRenderer: Initialized EGL, version 1.4
12-30 06:26:33.754  8055  8078 W OpenGLRenderer: Failed to choose config with EGL_SWAP_BEHAVIOR_PRESERVED, retrying without...
12-30 06:26:33.758  8055  8078 D OpenGLRenderer: Enabling debug mode 0
12-30 06:26:33.825  2176  2210 I ActivityManager: Displayed com.android.settings/.cyanogenmod.superuser.MultitaskSuRequestActivity: +134ms (total +156ms)
12-30 06:26:34.515  8080  8080 W linker  : [vdso]: unused DT entry: type 0x6ffffef5 arg 0x160
12-30 06:26:34.693  2550  2550 W ResourceType: No package identifier when getting value for resource number 0x00000000
12-30 06:26:34.693  2550  2550 W PackageManager: Failure retrieving resources for com.wandoujia.phoenix2: Resource ID #0x0
12-30 06:26:37.229  2176  2314 D TaskPersister: removeObsoleteFile: deleting file=11_task_thumbnail.png
12-30 06:26:38.234  2176  2294 W AudioTrack: AUDIO_OUTPUT_FLAG_FAST denied by client
12-30 06:26:38.247  1919  2163 D audio_hw_primary: found out /dev/snd/pcmC0D0p
12-30 06:26:39.504  2176  2294 W AudioTrack: AUDIO_OUTPUT_FLAG_FAST denied by client
12-30 06:26:39.507  8038  8038 W linker  : [vdso]: unused DT entry: type 0x6ffffef5 arg 0x160
12-30 06:26:39.514  8086  8086 W linker  : [vdso]: unused DT entry: type 0x6ffffef5 arg 0x160
12-30 06:26:39.522  8088  8088 W linker  : [vdso]: unused DT entry: type 0x6ffffef5 arg 0x160
12-30 06:26:39.525  8087  8087 W linker  : [vdso]: unused DT entry: type 0x6ffffef5 arg 0x160
12-30 06:26:39.538  8083  8083 W linker  : [vdso]: unused DT entry: type 0x6ffffef5 arg 0x160
12-30 06:26:39.539  8083  8083 D AndroidRuntime: >>>>>> START com.android.internal.os.RuntimeInit uid 0 <<<<<<
12-30 06:26:39.540  8083  8083 D AndroidRuntime: CheckJNI is ON
12-30 06:26:39.551  8087  8087 W linker  : [vdso]: unused DT entry: type 0x6ffffef5 arg 0x160
12-30 06:26:39.552  8087  8087 D AndroidRuntime: >>>>>> START com.android.internal.os.RuntimeInit uid 0 <<<<<<
12-30 06:26:39.553  8087  8087 D AndroidRuntime: CheckJNI is ON
12-30 06:26:39.559  8087  8087 W         : Failed to bind-mount /system/lib64/x86_64/cpuinfo as /proc/cpuinfo: No such file or directory
12-30 06:26:39.559  8087  8087 E         : Cannot create code cache directory ./code_cache: Read-only file system.
12-30 06:26:39.559  8083  8083 W         : Failed to bind-mount /system/lib64/x86_64/cpuinfo as /proc/cpuinfo: No such file or directory
12-30 06:26:39.559  8083  8083 E         : Cannot create code cache directory ./code_cache: Read-only file system.
12-30 06:26:39.563  8083  8083 E memtrack: Couldn't load memtrack module (No such file or directory)
12-30 06:26:39.563  8083  8083 E android.os.Debug: failed to load memtrack module: -2
12-30 06:26:39.563  8087  8087 E memtrack: Couldn't load memtrack module (No such file or directory)
12-30 06:26:39.563  8087  8087 E android.os.Debug: failed to load memtrack module: -2
12-30 06:26:39.567  8087  8087 D AndroidRuntime: Calling main entry com.android.commands.pm.Pm
12-30 06:26:39.567  8083  8083 D AndroidRuntime: Calling main entry com.android.commands.am.Am
12-30 06:26:39.582  2176  2205 I ActivityManager: Start proc 8119:com.android.settings/1000 for broadcast com.android.settings/.cyanogenmod.superuser.SuReceiver
12-30 06:26:39.588  8119  8119 I ActivityThread: Switching default density from 160 to 240
12-30 06:26:39.605  3965  3986 D DefContainer: Copying /storage/emulated/0/wandoujia/app/_1451456786442.apk to base.apk
12-30 06:26:39.678  8083  8083 D AndroidRuntime: Shutting down VM
12-30 06:26:39.679  8119  8142 D OpenGLRenderer: Use EGL_SWAP_BEHAVIOR_PRESERVED: true
12-30 06:26:39.679  8119  8119 I GRALLOC-DRM: create intel for driver i915
12-30 06:26:39.679  8119  8119 D Atlas   : Validating map...
12-30 06:26:39.725  8119  8142 I EGL-DRI2: DRI2: found extension DRI_Core version 1
12-30 06:26:39.725  8119  8142 I EGL-DRI2: DRI2: found extension DRI_DRI2 version 4
12-30 06:26:39.728  8119  8142 I EGL-DRI2: DRI2: found extension DRI_TexBuffer version 3
12-30 06:26:39.728  8119  8142 I EGL-DRI2: DRI2: found extension DRI2_Flush version 4
12-30 06:26:39.728  8119  8142 I EGL-DRI2: DRI2: found extension DRI_IMAGE version 11
12-30 06:26:39.728  8119  8142 I OpenGLRenderer: Initialized EGL, version 1.4
12-30 06:26:39.728  8119  8142 W OpenGLRenderer: Failed to choose config with EGL_SWAP_BEHAVIOR_PRESERVED, retrying without...
12-30 06:26:39.729  8119  8142 D OpenGLRenderer: Enabling debug mode 0
12-30 06:26:39.856  1902  1902 W SurfaceFlinger: couldn't log to binary event log: overflow.
12-30 06:26:40.165  2176  2214 D PackageManager: Renaming /data/app/vmdl675295765.tmp to /data/app/com.tencent.mm-1
12-30 06:26:40.198  2176  2214 W PackageManager: Package com.tencent.mm desires unavailable shared library com.google.android.maps; ignoring!
12-30 06:26:40.198  2176  2214 W PackageManager: Package com.tencent.mm desires unavailable shared library com.sec.android.app.multiwindow; ignoring!
12-30 06:26:40.303  2176  2214 I PackageManager: Running dexopt on: /data/app/com.tencent.mm-1/base.apk pkg=com.tencent.mm isa=x86 vmSafeMode=false
12-30 06:26:40.306  8143  8143 W linker  : [vdso]: unused DT entry: type 0x6ffffef5 arg 0xec
12-30 06:26:40.307  8143  8143 E cutils-trace: Error opening trace file: Permission denied (13)
12-30 06:26:40.307  8143  8143 I dex2oat : /system/bin/dex2oat --zip-fd=5 --zip-location=/data/app/com.tencent.mm-1/base.apk --oat-fd=6 --oat-location=/data/dalvik-cache/x86/data@app@com.tencent.mm-1@base.apk@classes.dex --instruction-set=x86 --instruction-set-features=default --runtime-arg -Xms64m --runtime-arg -Xmx512m --compiler-filter=interpret-only --swap-fd=7
12-30 06:26:40.462  8143  8143 I dex2oat : Decided to run without swap.
12-30 06:26:41.045  8143  8143 I dex2oat : dex2oat took 738.323ms (threads: 8) arena alloc=0B java alloc=21MB native alloc=1523KB free=10MB
12-30 06:26:41.127  2176  2214 W PackageManager: Unknown permission com.tencent.mm.plugin.permission.SEND in package com.tencent.mm
12-30 06:26:41.127  2176  2214 W PackageManager: Unknown permission com.huawei.authentication.HW_ACCESS_AUTH_SERVICE in package com.tencent.mm
12-30 06:26:41.127  2176  2214 W PackageManager: Unknown permission com.android.launcher.permission.READ_SETTINGS in package com.tencent.mm
12-30 06:26:41.127  2176  2214 W PackageManager: Unknown permission com.tencent.mm.location.permission.SEND_VIEW in package com.tencent.mm
12-30 06:26:41.127  2176  2214 W PackageManager: Unknown permission com.huawei.android.launcher.permission.CHANGE_BADGE in package com.tencent.mm
12-30 06:26:41.127  2176  2214 W PackageManager: Unknown permission android.permission.WRITE_APP_BADGE in package com.tencent.mm
12-30 06:26:41.127  2176  2214 W PackageManager: Unknown permission com.android.vending.BILLING in package com.tencent.mm
12-30 06:26:41.127  2176  2214 W PackageManager: Unknown permission android.permission.USE_FINGERPRINT in package com.tencent.mm
12-30 06:26:41.127  2176  2214 W PackageManager: Unknown permission com.google.android.c2dm.permission.RECEIVE in package com.tencent.mm
12-30 06:26:41.218  2176  2214 W Settings: Setting install_non_market_apps has moved from android.provider.Settings.Global to android.provider.Settings.Secure, returning read-only value.
12-30 06:26:41.223  7323  7374 D Documents: Update found 7 roots in 3ms
12-30 06:26:41.227  2176  2279 I InputReader: Reconfiguring input devices.  changes=0x00000010
12-30 06:26:41.230  2176  2201 W ActivityManager: getTasks: caller 10054 does not hold REAL_GET_TASKS; limiting output
12-30 06:26:41.231  2176  2477 I ActivityManager: START u0 {flg=0x10800000 cmp=com.estrongs.android.pop/.app.InstallMonitorActivity (has extras)} from uid 10054 on display 0
12-30 06:26:41.265  2176  2214 I art     : Explicit concurrent mark sweep GC freed 104637(4MB) AllocSpace objects, 13(905KB) LOS objects, 33% free, 15MB/23MB, paused 740us total 47.346ms
12-30 06:26:41.274  8087  8087 I art     : System.exit called, status: 0
12-30 06:26:41.274  8087  8087 I AndroidRuntime: VM exiting with result code 0.
12-30 06:26:41.274  2176  2477 V WindowManager: addAppToken: AppWindowToken{347c74de token=Token{9478c19 ActivityRecord{f5ddf60 u0 com.estrongs.android.pop/.app.InstallMonitorActivity t44}}} to stack=1 task=44 at 0
12-30 06:26:41.286  2176  2204 W VoiceInteractionManagerService: no available voice recognition services found for user 0
12-30 06:26:41.294  2176  2339 W ActivityManager: getRunningAppProcesses: caller 10054 does not hold REAL_GET_TASKS; limiting output
12-30 06:26:41.295  2176  2826 W ActivityManager: getRunningAppProcesses: caller 10054 does not hold REAL_GET_TASKS; limiting output
12-30 06:26:41.388  2176  2826 W InputMethodManagerService: Window already focused, ignoring focus gain of: com.android.internal.view.IInputMethodClient$Stub$Proxy@131984c1 attribute=null, token = android.os.BinderProxy@167c8c27
12-30 06:26:41.389  2176  2824 W ActivityManager: getRunningAppProcesses: caller 10054 does not hold REAL_GET_TASKS; limiting output
12-30 06:26:41.390  3074  3074 I Launcher: Deferring update until onResume
12-30 06:26:41.398  2176  6715 W BroadcastQueue: Unable to launch app com.popcap.pvz2cthdbddk/10057 for broadcast Intent { act=android.intent.action.PACKAGE_ADDED dat=package:com.tencent.mm flg=0x4000010 (has extras) }: process is bad
12-30 06:26:41.466  2176  2176 D BackupManagerService: Received broadcast Intent { act=android.intent.action.PACKAGE_ADDED dat=package:com.tencent.mm flg=0x4000010 (has extras) }
12-30 06:26:41.506  3074  3074 I Launcher: Deferring update until onResume
12-30 06:26:41.739  2176  2478 W ActivityManager: getRunningAppProcesses: caller 10054 does not hold REAL_GET_TASKS; limiting output
12-30 06:26:44.534  8163  8163 W linker  : [vdso]: unused DT entry: type 0x6ffffef5 arg 0x160
12-30 06:26:44.609  2176  2294 W AudioTrack: AUDIO_OUTPUT_FLAG_FAST denied by client
12-30 06:26:44.609  2176  2480 I ActivityManager: START u0 {act=android.intent.action.MAIN cat=[android.intent.category.LAUNCHER] flg=0x10200000 pkg=com.tencent.mm cmp=com.tencent.mm/.ui.LauncherUI} from uid 10058 on display 0
12-30 06:26:44.613  2176  2480 V WindowManager: addAppToken: AppWindowToken{27a90af9 token=Token{3b2c8dc0 ActivityRecord{2aead343 u0 com.tencent.mm/.ui.LauncherUI t45}}} to stack=1 task=45 at 0
12-30 06:26:44.621  1919  2163 D audio_hw_primary: found out /dev/snd/pcmC0D0p
12-30 06:26:44.655  2176  2477 I ActivityManager: Start proc 8165:com.tencent.mm/u0a63 for activity com.tencent.mm/.ui.LauncherUI
12-30 06:26:44.659  8165  8165 W libnb   : Native bridge is disabled
12-30 06:26:44.706  2176  2176 V ActivityManager: Display changed displayId=0
12-30 06:26:44.723  2176  2201 I ActivityManager: Config changes=480 {1.0 ?mcc?mnc zh_CN ldltr sw720dp w1280dp h646dp 240dpi lrg long land -touch qwerty/v/v -nav/h s.11}
12-30 06:26:44.725  2176  2279 I InputReader: Reconfiguring input devices.  changes=0x00000004
12-30 06:26:44.728  6905  6905 D GeckoApplication: onConfigurationChanged: zh_CN, background: false
12-30 06:26:44.728  6905  6905 D GeckoLocales: No selected locale. No correction needed.
12-30 06:26:44.748  8165  8165 I ActivityThread: Switching default density from 160 to 240
12-30 06:26:44.757  2176  2825 W ActivityManager: getRunningAppProcesses: caller 10063 does not hold REAL_GET_TASKS; limiting output
12-30 06:26:44.783  8165  8165 I System  : Loaded time zone names for "zh_CN" in 11ms (11ms in ICU)
12-30 06:26:44.803  8165  8165 E art     : dlopen("/data/app/com.tencent.mm-1/lib/arm/libstlport_shared.so", RTLD_LAZY) failed: dlopen failed: "/data/app/com.tencent.mm-1/lib/arm/libstlport_shared.so" has unexpected e_machine: 40
12-30 06:26:44.810  8165  8165 E art     : dlopen("/data/data/com.tencent.mm/app_recover_lib/libstlport_shared.so", RTLD_LAZY) failed: dlopen failed: "/data/data/com.tencent.mm/app_recover_lib/libstlport_shared.so" has unexpected e_machine: 40
12-30 06:26:44.810  8165  8165 D AndroidRuntime: Shutting down VM
12-30 06:26:44.825  2176  6715 I ActivityManager: Start proc 8193:com.tencent.mm:cuploader/u0a63 for service com.tencent.mm/.crash.CrashUploaderService
12-30 06:26:44.825  8165  8165 I Process : Sending signal. PID: 8165 SIG: 9
12-30 06:26:44.828  8193  8193 W libnb   : Native bridge is disabled
12-30 06:26:44.832  2176  2339 I ActivityManager: Process com.tencent.mm (pid 8165) has died
12-30 06:26:44.833  8193  8193 I ActivityThread: Switching default density from 160 to 240
12-30 06:26:44.835  2176  2824 W ActivityManager: getRunningAppProcesses: caller 10063 does not hold REAL_GET_TASKS; limiting output
12-30 06:26:44.857  2176  2339 I ActivityManager: Start proc 8215:com.tencent.mm/u0a63 for activity com.tencent.mm/.ui.LauncherUI
12-30 06:26:44.860  8215  8215 W libnb   : Native bridge is disabled
12-30 06:26:44.884  8215  8215 I ActivityThread: Switching default density from 160 to 240
12-30 06:26:44.890  2176  2200 W ActivityManager: getRunningAppProcesses: caller 10063 does not hold REAL_GET_TASKS; limiting output
12-30 06:26:44.918  8215  8215 E art     : dlopen("/data/data/com.tencent.mm/app_recover_lib/libstlport_shared.so", RTLD_LAZY) failed: dlopen failed: "/data/data/com.tencent.mm/app_recover_lib/libstlport_shared.so" has unexpected e_machine: 40
12-30 06:26:44.918  8215  8215 E art     : dlopen("/data/app/com.tencent.mm-1/lib/arm/libstlport_shared.so", RTLD_LAZY) failed: dlopen failed: "/data/app/com.tencent.mm-1/lib/arm/libstlport_shared.so" has unexpected e_machine: 40
12-30 06:26:44.926  8215  8215 E art     : dlopen("/data/data/com.tencent.mm/app_recover_lib/libstlport_shared.so", RTLD_LAZY) failed: dlopen failed: "/data/data/com.tencent.mm/app_recover_lib/libstlport_shared.so" has unexpected e_machine: 40
12-30 06:26:44.926  8215  8215 D AndroidRuntime: Shutting down VM
12-30 06:26:44.927  8215  8215 I Process : Sending signal. PID: 8215 SIG: 9
12-30 06:26:44.936  2176  2201 I ActivityManager: Process com.tencent.mm (pid 8215) has died
12-30 06:26:44.950  2176  2201 I ActivityManager: Start proc 8249:com.tencent.mm/u0a63 for activity com.tencent.mm/.ui.LauncherUI
12-30 06:26:44.954  8249  8249 W libnb   : Native bridge is disabled
12-30 06:26:44.959  8249  8249 I ActivityThread: Switching default density from 160 to 240
12-30 06:26:44.961  2176  2201 W ActivityManager: getRunningAppProcesses: caller 10063 does not hold REAL_GET_TASKS; limiting output
12-30 06:26:44.980  8249  8249 E art     : dlopen("/data/data/com.tencent.mm/app_recover_lib/libstlport_shared.so", RTLD_LAZY) failed: dlopen failed: "/data/data/com.tencent.mm/app_recover_lib/libstlport_shared.so" has unexpected e_machine: 40
12-30 06:26:44.980  8249  8249 E art     : dlopen("/data/app/com.tencent.mm-1/lib/arm/libstlport_shared.so", RTLD_LAZY) failed: dlopen failed: "/data/app/com.tencent.mm-1/lib/arm/libstlport_shared.so" has unexpected e_machine: 40
12-30 06:26:44.987  8249  8249 E art     : dlopen("/data/data/com.tencent.mm/app_recover_lib/libstlport_shared.so", RTLD_LAZY) failed: dlopen failed: "/data/data/com.tencent.mm/app_recover_lib/libstlport_shared.so" has unexpected e_machine: 40
12-30 06:26:44.987  8249  8249 D AndroidRuntime: Shutting down VM
12-30 06:26:44.988  8249  8249 I Process : Sending signal. PID: 8249 SIG: 9
12-30 06:26:44.997  2176  2339 I ActivityManager: Process com.tencent.mm (pid 8249) has died
12-30 06:26:44.997  2176  2339 W ActivityManager: Force removing ActivityRecord{2aead343 u0 com.tencent.mm/.ui.LauncherUI t45}: app died, no saved state
12-30 06:26:44.997  2176  2339 I WindowManager: Screen frozen for +323ms due to AppWindowToken{27a90af9 token=Token{3b2c8dc0 ActivityRecord{2aead343 u0 com.tencent.mm/.ui.LauncherUI t45}}}
12-30 06:26:45.040  2176  6715 V WindowManager: Adding window Window{a1a0187 u0 com.wandoujia.phoenix2/com.wandoujia.jupiter.activity.DetailActivity} at 8 of 14 (before Window{12e5bed4 u0 com.wandoujia.phoenix2/com.wandoujia.jupiter.activity.DetailActivity EXITING})
12-30 06:26:45.062  2176  2477 V WindowManager: Adding window Window{22dfecdd u0 com.wandoujia.phoenix2/com.wandoujia.jupiter.activity.HomeActivity} at 7 of 14 (before Window{a1a0187 u0 com.wandoujia.phoenix2/com.wandoujia.jupiter.activity.DetailActivity})
12-30 06:26:45.489  2176  2176 V ActivityManager: Display changed displayId=0
12-30 06:26:45.490  2176  2279 I InputReader: Reconfiguring input devices.  changes=0x00000004
12-30 06:26:45.490  2176  2210 I ActivityManager: Config changes=480 {1.0 ?mcc?mnc zh_CN ldltr sw720dp w720dp h1206dp 240dpi lrg long port -touch qwerty/v/v -nav/h s.12}
12-30 06:26:45.492  6905  6905 D GeckoApplication: onConfigurationChanged: zh_CN, background: false
12-30 06:26:45.492  6905  6905 D GeckoLocales: No selected locale. No correction needed.
12-30 06:26:45.545  2176  2478 V WindowManager: Adding window Window{3c579a7f u0 com.wandoujia.phoenix2/com.wandoujia.jupiter.activity.DetailActivity} at 8 of 14 (after Window{22dfecdd u0 com.wandoujia.phoenix2/com.wandoujia.jupiter.activity.HomeActivity})
12-30 06:26:45.582  2176  2339 V WindowManager: Adding window Window{918da95 u0 com.wandoujia.phoenix2/com.wandoujia.jupiter.activity.HomeActivity} at 7 of 13 (before Window{3c579a7f u0 com.wandoujia.phoenix2/com.wandoujia.jupiter.activity.DetailActivity})
12-30 06:26:45.688  2176  2210 I WindowManager: Screen frozen for +262ms due to Window{918da95 u0 com.wandoujia.phoenix2/com.wandoujia.jupiter.activity.HomeActivity}
12-30 06:26:47.772  2176  2210 I art     : Explicit concurrent mark sweep GC freed 16824(1163KB) AllocSpace objects, 10(157KB) LOS objects, 33% free, 18MB/27MB, paused 780us total 32.781ms
12-30 06:26:49.161  2176  2294 W AudioTrack: AUDIO_OUTPUT_FLAG_FAST denied by client
12-30 06:26:49.162  2176  2200 I ActivityManager: START u0 {act=android.intent.action.MAIN cat=[android.intent.category.LAUNCHER] flg=0x10200000 pkg=com.tencent.mm cmp=com.tencent.mm/.ui.LauncherUI} from uid 10058 on display 0
12-30 06:26:49.166  2176  2200 V WindowManager: addAppToken: AppWindowToken{32e0f6e4 token=Token{34a05a77 ActivityRecord{34c59476 u0 com.tencent.mm/.ui.LauncherUI t46}}} to stack=1 task=46 at 0
12-30 06:26:49.173  1919  2163 D audio_hw_primary: found out /dev/snd/pcmC0D0p
12-30 06:26:49.200  2176  6715 I ActivityManager: Start proc 8284:com.tencent.mm/u0a63 for activity com.tencent.mm/.ui.LauncherUI
12-30 06:26:49.204  8284  8284 W libnb   : Native bridge is disabled
12-30 06:26:49.255  2176  2176 V ActivityManager: Display changed displayId=0
12-30 06:26:49.257  2176  2477 I ActivityManager: Config changes=480 {1.0 ?mcc?mnc zh_CN ldltr sw720dp w1280dp h646dp 240dpi lrg long land -touch qwerty/v/v -nav/h s.13}
12-30 06:26:49.257  2176  2279 I InputReader: Reconfiguring input devices.  changes=0x00000004
12-30 06:26:49.260  6905  6905 D GeckoApplication: onConfigurationChanged: zh_CN, background: false
12-30 06:26:49.260  6905  6905 D GeckoLocales: No selected locale. No correction needed.
12-30 06:26:49.285  8284  8284 I ActivityThread: Switching default density from 160 to 240
12-30 06:26:49.294  2176  2826 W ActivityManager: getRunningAppProcesses: caller 10063 does not hold REAL_GET_TASKS; limiting output
12-30 06:26:49.340  8284  8284 E art     : dlopen("/data/data/com.tencent.mm/app_recover_lib/libstlport_shared.so", RTLD_LAZY) failed: dlopen failed: "/data/data/com.tencent.mm/app_recover_lib/libstlport_shared.so" has unexpected e_machine: 40
12-30 06:26:49.340  8284  8284 E art     : dlopen("/data/app/com.tencent.mm-1/lib/arm/libstlport_shared.so", RTLD_LAZY) failed: dlopen failed: "/data/app/com.tencent.mm-1/lib/arm/libstlport_shared.so" has unexpected e_machine: 40
12-30 06:26:49.347  8284  8284 E art     : dlopen("/data/data/com.tencent.mm/app_recover_lib/libstlport_shared.so", RTLD_LAZY) failed: dlopen failed: "/data/data/com.tencent.mm/app_recover_lib/libstlport_shared.so" has unexpected e_machine: 40
12-30 06:26:49.347  8284  8284 D AndroidRuntime: Shutting down VM
12-30 06:26:49.348  8284  8284 I Process : Sending signal. PID: 8284 SIG: 9
12-30 06:26:49.362  2176  2817 I ActivityManager: Process com.tencent.mm (pid 8284) has died
12-30 06:26:49.377  8313  8313 W libnb   : Native bridge is disabled
12-30 06:26:49.377  2176  2817 I ActivityManager: Start proc 8313:com.tencent.mm/u0a63 for activity com.tencent.mm/.ui.LauncherUI
12-30 06:26:49.382  8313  8313 I ActivityThread: Switching default density from 160 to 240
12-30 06:26:49.384  2176  2817 W ActivityManager: getRunningAppProcesses: caller 10063 does not hold REAL_GET_TASKS; limiting output
12-30 06:26:49.402  8313  8313 E art     : dlopen("/data/data/com.tencent.mm/app_recover_lib/libstlport_shared.so", RTLD_LAZY) failed: dlopen failed: "/data/data/com.tencent.mm/app_recover_lib/libstlport_shared.so" has unexpected e_machine: 40
12-30 06:26:49.403  8313  8313 E art     : dlopen("/data/app/com.tencent.mm-1/lib/arm/libstlport_shared.so", RTLD_LAZY) failed: dlopen failed: "/data/app/com.tencent.mm-1/lib/arm/libstlport_shared.so" has unexpected e_machine: 40
12-30 06:26:49.409  8313  8313 E art     : dlopen("/data/data/com.tencent.mm/app_recover_lib/libstlport_shared.so", RTLD_LAZY) failed: dlopen failed: "/data/data/com.tencent.mm/app_recover_lib/libstlport_shared.so" has unexpected e_machine: 40
12-30 06:26:49.410  8313  8313 D AndroidRuntime: Shutting down VM
12-30 06:26:49.410  8313  8313 I Process : Sending signal. PID: 8313 SIG: 9
12-30 06:26:49.417  2176  2480 I ActivityManager: Process com.tencent.mm (pid 8313) has died
12-30 06:26:49.431  2176  2480 I ActivityManager: Start proc 8341:com.tencent.mm/u0a63 for activity com.tencent.mm/.ui.LauncherUI
12-30 06:26:49.434  8341  8341 W libnb   : Native bridge is disabled
12-30 06:26:49.439  8341  8341 I ActivityThread: Switching default density from 160 to 240
12-30 06:26:49.441  2176  2480 W ActivityManager: getRunningAppProcesses: caller 10063 does not hold REAL_GET_TASKS; limiting output
12-30 06:26:49.460  8341  8341 E art     : dlopen("/data/data/com.tencent.mm/app_recover_lib/libstlport_shared.so", RTLD_LAZY) failed: dlopen failed: "/data/data/com.tencent.mm/app_recover_lib/libstlport_shared.so" has unexpected e_machine: 40
12-30 06:26:49.461  8341  8341 E art     : dlopen("/data/app/com.tencent.mm-1/lib/arm/libstlport_shared.so", RTLD_LAZY) failed: dlopen failed: "/data/app/com.tencent.mm-1/lib/arm/libstlport_shared.so" has unexpected e_machine: 40
12-30 06:26:49.467  8341  8341 E art     : dlopen("/data/data/com.tencent.mm/app_recover_lib/libstlport_shared.so", RTLD_LAZY) failed: dlopen failed: "/data/data/com.tencent.mm/app_recover_lib/libstlport_shared.so" has unexpected e_machine: 40
12-30 06:26:49.467  8341  8341 D AndroidRuntime: Shutting down VM
12-30 06:26:49.468  8341  8341 I Process : Sending signal. PID: 8341 SIG: 9
12-30 06:26:49.476  2176  2817 I ActivityManager: Process com.tencent.mm (pid 8341) has died
12-30 06:26:49.476  2176  2817 W ActivityManager: Force removing ActivityRecord{34c59476 u0 com.tencent.mm/.ui.LauncherUI t46}: app died, no saved state
12-30 06:26:49.476  2176  2817 I WindowManager: Screen frozen for +258ms due to AppWindowToken{32e0f6e4 token=Token{34a05a77 ActivityRecord{34c59476 u0 com.tencent.mm/.ui.LauncherUI t46}}}
12-30 06:26:49.546  8370  8370 W linker  : [vdso]: unused DT entry: type 0x6ffffef5 arg 0x160
12-30 06:26:49.552  2176  2200 V WindowManager: Adding window Window{1c91430a u0 com.wandoujia.phoenix2/com.wandoujia.jupiter.activity.DetailActivity} at 8 of 14 (before Window{3c579a7f u0 com.wandoujia.phoenix2/com.wandoujia.jupiter.activity.DetailActivity EXITING})
12-30 06:26:49.569  2176  2480 V WindowManager: Adding window Window{2e189998 u0 com.wandoujia.phoenix2/com.wandoujia.jupiter.activity.HomeActivity} at 7 of 14 (before Window{1c91430a u0 com.wandoujia.phoenix2/com.wandoujia.jupiter.activity.DetailActivity})
12-30 06:26:49.931  2176  6715 I ActivityManager: Killing 7349:com.android.externalstorage/u0a6 (adj 15): empty #17
12-30 06:26:49.972  2176  2176 V ActivityManager: Display changed displayId=0
12-30 06:26:49.972  2176  2279 I InputReader: Reconfiguring input devices.  changes=0x00000004
12-30 06:26:49.973  2176  2279 I InputReader: Reconfiguring input devices.  changes=0x00000004
12-30 06:26:49.973  2176  2210 I ActivityManager: Config changes=480 {1.0 ?mcc?mnc zh_CN ldltr sw720dp w720dp h1206dp 240dpi lrg long port -touch qwerty/v/v -nav/h s.14}
12-30 06:26:49.974  6905  6905 D GeckoApplication: onConfigurationChanged: zh_CN, background: false
12-30 06:26:49.974  6905  6905 D GeckoLocales: No selected locale. No correction needed.
12-30 06:26:50.024  2176  2476 V WindowManager: Adding window Window{3adf2962 u0 com.wandoujia.phoenix2/com.wandoujia.jupiter.activity.DetailActivity} at 8 of 14 (after Window{2e189998 u0 com.wandoujia.phoenix2/com.wandoujia.jupiter.activity.HomeActivity})
12-30 06:26:50.043  2176  2478 V WindowManager: Adding window Window{2c4d03b0 u0 com.wandoujia.phoenix2/com.wandoujia.jupiter.activity.HomeActivity} at 7 of 13 (before Window{3adf2962 u0 com.wandoujia.phoenix2/com.wandoujia.jupiter.activity.DetailActivity})
12-30 06:26:50.174  2176  2210 I WindowManager: Screen frozen for +260ms due to Window{2c4d03b0 u0 com.wandoujia.phoenix2/com.wandoujia.jupiter.activity.HomeActivity}
12-30 06:26:52.253  2176  2210 I art     : Explicit concurrent mark sweep GC freed 15890(1122KB) AllocSpace objects, 11(3MB) LOS objects, 33% free, 16MB/25MB, paused 288us total 12.666ms
12-30 06:26:53.003  2176  2201 W ActivityManager: getRunningAppProcesses: caller 10056 does not hold REAL_GET_TASKS; limiting output
12-30 06:26:54.558  8373  8373 W linker  : [vdso]: unused DT entry: type 0x6ffffef5 arg 0x160
12-30 06:26:54.609  2176  2294 W AudioTrack: AUDIO_OUTPUT_FLAG_FAST denied by client
12-30 06:26:54.609  2176  2278 I ActivityManager: START u0 {act=android.intent.action.MAIN cat=[android.intent.category.HOME] flg=0x10200000 cmp=com.android.launcher3/.Launcher} from uid 1000 on display 0
12-30 06:26:54.621  1919  2163 D audio_hw_primary: found out /dev/snd/pcmC0D0p
12-30 06:26:54.667  2176  2176 V ActivityManager: Display changed displayId=0
12-30 06:26:54.673  2176  2201 I ActivityManager: Config changes=480 {1.0 ?mcc?mnc zh_CN ldltr sw720dp w1280dp h646dp 240dpi lrg long land -touch qwerty/v/v -nav/h s.15}
12-30 06:26:54.675  2176  2279 I InputReader: Reconfiguring input devices.  changes=0x00000004
12-30 06:26:54.677  6905  6905 D GeckoApplication: onConfigurationChanged: zh_CN, background: false
12-30 06:26:54.677  6905  6905 D GeckoLocales: No selected locale. No correction needed.
12-30 06:26:54.730  3074  3074 D Launcher.Workspace: 11683562 - removeExtraEmptyScreen()
12-30 06:26:54.730  3074  3074 D Launcher.Workspace: 11683562 - convertFinalScreenToEmptyScreenIfNecessary()
12-30 06:26:54.756  2176  2210 I WindowManager: Screen frozen for +120ms due to Window{37ffc3b u0 NavigationBar}
12-30 06:26:54.806  3074  3137 D Launcher.Model: 11683562 - loadWorkspaceScreensDb()
12-30 06:26:54.806  3074  3137 D Launcher.Model: 11683562 -   screens: { 0: 3 }
12-30 06:26:54.808  3074  3137 D Launcher.LauncherProvider: 11683562 - generateNewScreenId(): 4
12-30 06:26:54.842  7797  7797 W IInputConnectionWrapper: showStatusIcon on inactive InputConnection
12-30 06:26:54.908  2176  2476 W BackupManagerService: dataChanged but no participant pkg='com.android.launcher3' uid=10036
12-30 06:26:55.025  2176  2476 W BackupManagerService: dataChanged but no participant pkg='com.android.launcher3' uid=10036
12-30 06:26:55.170  1901  1908 E Vold    : Failed to find mounted volume for /storage/usb0/Android/data/com.wandoujia.phoenix2/cache/
12-30 06:26:55.171  7916  7916 W ContextImpl: Failed to ensure directory: /storage/usb0/Android/data/com.wandoujia.phoenix2/cache
12-30 06:26:55.173  1901  1908 E cutils  : Failed to mkdirat(/storage/usb1/Android/data/com.wandoujia.phoenix2): I/O error
12-30 06:26:55.173  7916  7916 W ContextImpl: Failed to ensure directory: /storage/usb1/Android/data/com.wandoujia.phoenix2/cache
12-30 06:26:55.174  1901  1908 E Vold    : Failed to find mounted volume for /storage/usb2/Android/data/com.wandoujia.phoenix2/cache/
12-30 06:26:55.175  7916  7916 W ContextImpl: Failed to ensure directory: /storage/usb2/Android/data/com.wandoujia.phoenix2/cache
12-30 06:26:55.175  1901  1908 E Vold    : Failed to find mounted volume for /storage/usb3/Android/data/com.wandoujia.phoenix2/cache/
12-30 06:26:55.175  7916  7916 W ContextImpl: Failed to ensure directory: /storage/usb3/Android/data/com.wandoujia.phoenix2/cache
12-30 06:26:55.176  1901  1908 E Vold    : Failed to find mounted volume for /storage/sdcard1/Android/data/com.wandoujia.phoenix2/cache/
12-30 06:26:55.176  7916  7916 W ContextImpl: Failed to ensure directory: /storage/sdcard1/Android/data/com.wandoujia.phoenix2/cache
12-30 06:26:55.223  2176  2200 W BackupManagerService: dataChanged but no participant pkg='com.android.launcher3' uid=10036
12-30 06:26:55.223  3074  3137 D Launcher.Model: 11683562 - updateWorkspaceScreenOrder()
12-30 06:26:55.223  3074  3137 D Launcher.Model: 11683562 -   screens: 3, 4
12-30 06:26:55.224  2176  2826 W BackupManagerService: dataChanged but no participant pkg='com.android.launcher3' uid=10036
12-30 06:26:55.225  2176  2476 W BackupManagerService: dataChanged but no participant pkg='com.android.launcher3' uid=10036
12-30 06:26:55.225  2176  6715 W BackupManagerService: dataChanged but no participant pkg='com.android.launcher3' uid=10036
12-30 06:26:55.325  3074  3074 D Launcher: 11683562 - bindAddScreens()
12-30 06:26:55.325  3074  3074 D Launcher: 11683562 -   orderedScreenIds: 4
12-30 06:26:55.325  3074  3074 D Launcher.Workspace: 11683562 - insertNewWorkspaceScreen(): 4 at index: 1
12-30 06:26:55.331  3074  3074 D Launcher.Workspace: 11683562 - removeExtraEmptyScreen()
12-30 06:26:55.331  3074  3074 D Launcher.Workspace: 11683562 - convertFinalScreenToEmptyScreenIfNecessary()
12-30 06:26:55.356  3074  3148 W OpenGLRenderer: Incorrectly called buildLayer on View: ShortcutAndWidgetContainer, destroying layer...
12-30 06:26:55.640  1901  1908 E Vold    : Failed to find mounted volume for /storage/usb0/Android/data/com.wandoujia.phoenix2/cache/
12-30 06:26:55.640  7916  7916 W ContextImpl: Failed to ensure directory: /storage/usb0/Android/data/com.wandoujia.phoenix2/cache
12-30 06:26:55.643  1901  1908 E cutils  : Failed to mkdirat(/storage/usb1/Android/data/com.wandoujia.phoenix2): I/O error
12-30 06:26:55.644  7916  7916 W ContextImpl: Failed to ensure directory: /storage/usb1/Android/data/com.wandoujia.phoenix2/cache
12-30 06:26:55.644  1901  1908 E Vold    : Failed to find mounted volume for /storage/usb2/Android/data/com.wandoujia.phoenix2/cache/
12-30 06:26:55.645  7916  7916 W ContextImpl: Failed to ensure directory: /storage/usb2/Android/data/com.wandoujia.phoenix2/cache
12-30 06:26:55.645  1901  1908 E Vold    : Failed to find mounted volume for /storage/usb3/Android/data/com.wandoujia.phoenix2/cache/
12-30 06:26:55.646  7916  7916 W ContextImpl: Failed to ensure directory: /storage/usb3/Android/data/com.wandoujia.phoenix2/cache
12-30 06:26:55.646  1901  1908 E Vold    : Failed to find mounted volume for /storage/sdcard1/Android/data/com.wandoujia.phoenix2/cache/
12-30 06:26:55.647  7916  7916 W ContextImpl: Failed to ensure directory: /storage/sdcard1/Android/data/com.wandoujia.phoenix2/cache
12-30 06:26:55.697  2550  2550 W ResourceType: No package identifier when getting value for resource number 0x00000000
12-30 06:26:55.697  2550  2550 W PackageManager: Failure retrieving resources for com.wandoujia.phoenix2: Resource ID #0x0
12-30 06:26:56.840  2176  2210 I art     : Explicit concurrent mark sweep GC freed 11050(593KB) AllocSpace objects, 5(1614KB) LOS objects, 33% free, 16MB/25MB, paused 1.004ms total 33.336ms
12-30 06:26:59.569  8378  8378 W linker  : [vdso]: unused DT entry: type 0x6ffffef5 arg 0x160
12-30 06:26:59.641  1901  1908 E Vold    : Failed to find mounted volume for /storage/usb0/Android/data/com.wandoujia.phoenix2/cache/
12-30 06:26:59.641  7916  7916 W ContextImpl: Failed to ensure directory: /storage/usb0/Android/data/com.wandoujia.phoenix2/cache
12-30 06:26:59.644  1901  1908 E cutils  : Failed to mkdirat(/storage/usb1/Android/data/com.wandoujia.phoenix2): I/O error
12-30 06:26:59.644  7916  7916 W ContextImpl: Failed to ensure directory: /storage/usb1/Android/data/com.wandoujia.phoenix2/cache
12-30 06:26:59.645  1901  1908 E Vold    : Failed to find mounted volume for /storage/usb2/Android/data/com.wandoujia.phoenix2/cache/
12-30 06:26:59.645  7916  7916 W ContextImpl: Failed to ensure directory: /storage/usb2/Android/data/com.wandoujia.phoenix2/cache
12-30 06:26:59.646  1901  1908 E Vold    : Failed to find mounted volume for /storage/usb3/Android/data/com.wandoujia.phoenix2/cache/
12-30 06:26:59.647  7916  7916 W ContextImpl: Failed to ensure directory: /storage/usb3/Android/data/com.wandoujia.phoenix2/cache
12-30 06:26:59.647  1901  1908 E Vold    : Failed to find mounted volume for /storage/sdcard1/Android/data/com.wandoujia.phoenix2/cache/
12-30 06:26:59.648  7916  7916 W ContextImpl: Failed to ensure directory: /storage/sdcard1/Android/data/com.wandoujia.phoenix2/cache
12-30 06:27:00.133  1901  1908 E Vold    : Failed to find mounted volume for /storage/usb0/Android/data/com.wandoujia.phoenix2/cache/
12-30 06:27:00.134  7916  7916 W ContextImpl: Failed to ensure directory: /storage/usb0/Android/data/com.wandoujia.phoenix2/cache
12-30 06:27:00.136  1901  1908 E cutils  : Failed to mkdirat(/storage/usb1/Android/data/com.wandoujia.phoenix2): I/O error
12-30 06:27:00.137  7916  7916 W ContextImpl: Failed to ensure directory: /storage/usb1/Android/data/com.wandoujia.phoenix2/cache
12-30 06:27:00.137  1901  1908 E Vold    : Failed to find mounted volume for /storage/usb2/Android/data/com.wandoujia.phoenix2/cache/
12-30 06:27:00.138  7916  7916 W ContextImpl: Failed to ensure directory: /storage/usb2/Android/data/com.wandoujia.phoenix2/cache
12-30 06:27:00.138  1901  1908 E Vold    : Failed to find mounted volume for /storage/usb3/Android/data/com.wandoujia.phoenix2/cache/
12-30 06:27:00.139  7916  7916 W ContextImpl: Failed to ensure directory: /storage/usb3/Android/data/com.wandoujia.phoenix2/cache
12-30 06:27:00.139  1901  1908 E Vold    : Failed to find mounted volume for /storage/sdcard1/Android/data/com.wandoujia.phoenix2/cache/
12-30 06:27:00.139  7916  7916 W ContextImpl: Failed to ensure directory: /storage/sdcard1/Android/data/com.wandoujia.phoenix2/cache
12-30 06:27:03.520  2176  6715 W ActivityManager: getRunningAppProcesses: caller 10055 does not hold REAL_GET_TASKS; limiting output
12-30 06:27:04.090  2176  2294 W AudioTrack: AUDIO_OUTPUT_FLAG_FAST denied by client
12-30 06:27:04.102  1919  2163 D audio_hw_primary: found out /dev/snd/pcmC0D0p
12-30 06:27:04.581  8383  8383 W linker  : [vdso]: unused DT entry: type 0x6ffffef5 arg 0x160
12-30 06:27:09.457  2176  2339 I ActivityManager: START u0 {act=android.intent.action.MAIN cat=[android.intent.category.LAUNCHER] flg=0x10200000 cmp=com.tencent.mm/.ui.LauncherUI (has extras)} from uid 10036 on display 0
12-30 06:27:09.457  2176  2294 W AudioTrack: AUDIO_OUTPUT_FLAG_FAST denied by client
12-30 06:27:09.461  2176  2339 V WindowManager: addAppToken: AppWindowToken{7a8830c token=Token{deb5e3f ActivityRecord{375eaa5e u0 com.tencent.mm/.ui.LauncherUI t47}}} to stack=1 task=47 at 0
12-30 06:27:09.469  1919  2163 D audio_hw_primary: found out /dev/snd/pcmC0D0p
12-30 06:27:09.488  8385  8385 W libnb   : Native bridge is disabled
12-30 06:27:09.490  2176  2476 I ActivityManager: Start proc 8385:com.tencent.mm/u0a63 for activity com.tencent.mm/.ui.LauncherUI
12-30 06:27:09.513  8385  8385 I ActivityThread: Switching default density from 160 to 240
12-30 06:27:09.522  2176  2476 W ActivityManager: getRunningAppProcesses: caller 10063 does not hold REAL_GET_TASKS; limiting output
12-30 06:27:09.558  8385  8385 E art     : dlopen("/data/data/com.tencent.mm/app_recover_lib/libstlport_shared.so", RTLD_LAZY) failed: dlopen failed: "/data/data/com.tencent.mm/app_recover_lib/libstlport_shared.so" has unexpected e_machine: 40
