01-07 03:06:44.445  4232  4232 W System.err: 	at java.lang.ClassLoader.loadClass(ClassLoader.java:511)
01-07 03:06:44.445  4232  4232 W System.err: 	at java.lang.ClassLoader.loadClass(ClassLoader.java:469)
01-07 03:06:44.445  4232  4232 W System.err: 	... 26 more
01-07 03:06:44.445  4232  4232 W System.err: 	Suppressed: java.lang.ClassNotFoundException: com.secneo.wrapper.DexHelper
01-07 03:06:44.446  4232  4232 W System.err: 		at java.lang.Class.classForName(Native Method)
01-07 03:06:44.446  4232  4232 W System.err: 		at java.lang.BootClassLoader.findClass(ClassLoader.java:781)
01-07 03:06:44.446  4232  4232 W System.err: 		at java.lang.BootClassLoader.loadClass(ClassLoader.java:841)
01-07 03:06:44.446  4232  4232 W System.err: 		at java.lang.ClassLoader.loadClass(ClassLoader.java:504)
01-07 03:06:44.446  4232  4232 W System.err: 		... 27 more
01-07 03:06:44.446  4232  4232 W System.err: 	Caused by: java.lang.NoClassDefFoundError: Class not found using the boot class loader; no stack available
01-07 03:06:44.446  4232  4232 I SmsMmPlugin: MM Helper install 
01-07 03:06:44.446  4232  4232 E sdk     : DexInstall begin
01-07 03:06:44.447  4232  4232 E sdk     : DexInstall 11111
01-07 03:06:44.447  4232  4232 E sdk     : installSecondarDexs
01-07 03:06:44.447  4232  4232 E sdk     : v19 install
01-07 03:06:44.447  4232  4232 W System  : ClassLoader referenced unknown path: /data/data/com.halfbrick.fruitninja/.cache/classes.jar
01-07 03:06:44.447  4232  4232 E sdk     : DexInstall 22222
01-07 03:06:44.447  4232  4232 I SmsMmPlugin: MM Helper install end  
01-07 03:06:44.462  4260  4260 W linker  : [vdso]: unused DT entry: type 0x6ffffef5 arg 0xec
01-07 03:06:44.464  4260  4260 E cutils-trace: Error opening trace file: Permission denied (13)
01-07 03:06:44.464  4260  4260 I dex2oat : /system/bin/dex2oat --runtime-arg -classpath --runtime-arg  --instruction-set=x86 --instruction-set-features=default --runtime-arg -Xrelocate --boot-image=/system/framework/boot.art --dex-file=/data/data/com.halfbrick.fruitninja/.ucache/classez.jar --oat-fd=14 --oat-location=/data/data/com.halfbrick.fruitninja/.ucache/classez.dex --runtime-arg -Xms64m --runtime-arg -Xmx512m
01-07 03:06:44.476  2146  2166 I ActivityManager: START u0 {flg=0x10000000 cmp=com.halfbrick.fruitninja/com.halfbrick.mortar.MortarGameActivity} from uid 10052 on display 0
01-07 03:06:44.494  2146  2166 V WindowManager: addAppToken: AppWindowToken{60f0072 token=Token{342d797d ActivityRecord{124353d4 u0 com.halfbrick.fruitninja/com.halfbrick.mortar.MortarGameActivity t17}}} to stack=1 task=17 at 1
01-07 03:06:44.494  2146  2166 V WindowManager: Based on layer: Adding window Window{3109e90e u0 Starting com.halfbrick.fruitninja} at 6 of 11
01-07 03:06:44.504  4271  4271 W linker  : [vdso]: unused DT entry: type 0x6ffffef5 arg 0x160
01-07 03:06:44.594  2146  2188 I InputDispatcher: Dropping event because there is no touchable window at (1191, 903).
01-07 03:06:44.610  2146  2188 I InputDispatcher: Dropping event because there is no touchable window at (1190, 903).
01-07 03:06:44.650  2146  2188 I InputDispatcher: Dropping event because there is no touchable window at (1189, 903).
01-07 03:06:44.666  2146  2188 I InputDispatcher: Dropping event because there is no touchable window at (1188, 904).
01-07 03:06:44.667  4232  4232 D MTA_Fruitninja: [main(1): MortarGameActivity.java:368] - isDebugMode:false
01-07 03:06:44.690  2146  2188 I InputDispatcher: Dropping event because there is no touchable window at (1187, 904).
01-07 03:06:44.730  2146  2188 I InputDispatcher: Dropping event because there is no touchable window at (1187, 905).
01-07 03:06:44.738  2146  2188 I InputDispatcher: Dropping event because there is no touchable window at (1186, 905).
01-07 03:06:44.742  4260  4260 I dex2oat : dex2oat took 277.086ms (threads: 8) arena alloc=96KB java alloc=2MB native alloc=7MB free=8MB
01-07 03:06:44.745  4232  4232 D OpenUDID: 0 services matches OpenUDID
01-07 03:06:44.745  4232  4232 D OpenUDID: Generating openUDID
01-07 03:06:44.745  4232  4232 D OpenUDID: OpenUDID: 511949f495d1d5a0
01-07 03:06:44.745  4232  4256 E unipaysdk_2.3.0: UnipaySDK ERR:724  none error
01-07 03:06:44.776  4232  4232 I Version SDK: 22
01-07 03:06:44.776  4232  4232 I Setting : fullscreen
01-07 03:06:44.795  4232  4232 I JNI     : Trying to load libsmsiap.so
01-07 03:06:44.795  4232  4232 E JNI     : WARNING: Could not load libsmsiap.so
01-07 03:06:44.795  4232  4232 E JNI     : Reason: dalvik.system.PathClassLoader[DexPathList[[zip file "/data/app/com.halfbrick.fruitninja-1/base.apk"],nativeLibraryDirectories=[/data/app/com.halfbrick.fruitninja-1/lib/x86, /vendor/lib, /system/lib]]] couldn't find "libsmsiap.so"
01-07 03:06:44.795  4232  4232 I JNI     : Trying to load libsmsprotocol.so
01-07 03:06:44.795  4232  4232 E JNI     : WARNING: Could not load libsmsprotocol.so
01-07 03:06:44.795  4232  4232 E JNI     : Reason: dalvik.system.PathClassLoader[DexPathList[[zip file "/data/app/com.halfbrick.fruitninja-1/base.apk"],nativeLibraryDirectories=[/data/app/com.halfbrick.fruitninja-1/lib/x86, /vendor/lib, /system/lib]]] couldn't find "libsmsprotocol.so"
01-07 03:06:44.795  4232  4232 I JNI     : Trying to load libImmEmulatorJ.so
01-07 03:06:44.795  4232  4232 E JNI     : WARNING: Could not load libImmEmulatorJ.so
01-07 03:06:44.795  4232  4232 E JNI     : Reason: dalvik.system.PathClassLoader[DexPathList[[zip file "/data/app/com.halfbrick.fruitninja-1/base.apk"],nativeLibraryDirectories=[/data/app/com.halfbrick.fruitninja-1/lib/x86, /vendor/lib, /system/lib]]] couldn't find "libImmEmulatorJ.so"
01-07 03:06:44.795  4232  4232 I JNI     : Trying to load libmortargame.so
01-07 03:06:44.796  4232  4232 E JNI     : WARNING: Could not load libmortargame.so
01-07 03:06:44.796  4232  4232 E JNI     : Reason: dalvik.system.PathClassLoader[DexPathList[[zip file "/data/app/com.halfbrick.fruitninja-1/base.apk"],nativeLibraryDirectories=[/data/app/com.halfbrick.fruitninja-1/lib/x86, /vendor/lib, /system/lib]]] couldn't find "libmortargame.so"
01-07 03:06:44.796  4232  4232 V halfbrick.Mortar: Loading native lib, result: true
01-07 03:06:44.797  4232  4232 E art     : No implementation found for int com.halfbrick.mortar.NativeGameLib.native_GLESVersion() (tried Java_com_halfbrick_mortar_NativeGameLib_native_1GLESVersion and Java_com_halfbrick_mortar_NativeGameLib_native_1GLESVersion__)
01-07 03:06:44.797  4232  4232 D AndroidRuntime: Shutting down VM
01-07 03:06:44.797  4232  4232 E AndroidRuntime: FATAL EXCEPTION: main
01-07 03:06:44.797  4232  4232 E AndroidRuntime: Process: com.halfbrick.fruitninja, PID: 4232
01-07 03:06:44.797  4232  4232 E AndroidRuntime: java.lang.UnsatisfiedLinkError: No implementation found for int com.halfbrick.mortar.NativeGameLib.native_GLESVersion() (tried Java_com_halfbrick_mortar_NativeGameLib_native_1GLESVersion and Java_com_halfbrick_mortar_NativeGameLib_native_1GLESVersion__)
01-07 03:06:44.797  4232  4232 E AndroidRuntime: 	at com.halfbrick.mortar.NativeGameLib.native_GLESVersion(Native Method)
01-07 03:06:44.797  4232  4232 E AndroidRuntime: 	at com.halfbrick.mortar.NativeGameLib.GLESVersion(NativeGameLib.java:161)
01-07 03:06:44.797  4232  4232 E AndroidRuntime: 	at com.halfbrick.mortar.MortarGameView.init(MortarGameView.java:213)
01-07 03:06:44.797  4232  4232 E AndroidRuntime: 	at com.halfbrick.mortar.MortarGameView.<init>(MortarGameView.java:95)
01-07 03:06:44.797  4232  4232 E AndroidRuntime: 	at com.halfbrick.mortar.MortarGameView.InternalConstruct(MortarGameView.java:84)
01-07 03:06:44.797  4232  4232 E AndroidRuntime: 	at com.halfbrick.mortar.MortarGameView.Construct(MortarGameView.java:62)
01-07 03:06:44.797  4232  4232 E AndroidRuntime: 	at com.halfbrick.mortar.MortarGameActivity.onCreate(MortarGameActivity.java:533)
01-07 03:06:44.797  4232  4232 E AndroidRuntime: 	at android.app.Activity.performCreate(Activity.java:5990)
01-07 03:06:44.797  4232  4232 E AndroidRuntime: 	at android.app.Instrumentation.callActivityOnCreate(Instrumentation.java:1106)
01-07 03:06:44.797  4232  4232 E AndroidRuntime: 	at android.app.ActivityThread.performLaunchActivity(ActivityThread.java:2278)
01-07 03:06:44.797  4232  4232 E AndroidRuntime: 	at android.app.ActivityThread.handleLaunchActivity(ActivityThread.java:2387)
01-07 03:06:44.797  4232  4232 E AndroidRuntime: 	at android.app.ActivityThread.access$800(ActivityThread.java:151)
01-07 03:06:44.797  4232  4232 E AndroidRuntime: 	at android.app.ActivityThread$H.handleMessage(ActivityThread.java:1303)
01-07 03:06:44.797  4232  4232 E AndroidRuntime: 	at android.os.Handler.dispatchMessage(Handler.java:102)
01-07 03:06:44.797  4232  4232 E AndroidRuntime: 	at android.os.Looper.loop(Looper.java:135)
01-07 03:06:44.797  4232  4232 E AndroidRuntime: 	at android.app.ActivityThread.main(ActivityThread.java:5254)
01-07 03:06:44.797  4232  4232 E AndroidRuntime: 	at java.lang.reflect.Method.invoke(Native Method)
01-07 03:06:44.797  4232  4232 E AndroidRuntime: 	at java.lang.reflect.Method.invoke(Method.java:372)
01-07 03:06:44.797  4232  4232 E AndroidRuntime: 	at com.android.internal.os.ZygoteInit$MethodAndArgsCaller.run(ZygoteInit.java:903)
01-07 03:06:44.797  4232  4232 E AndroidRuntime: 	at com.android.internal.os.ZygoteInit.main(ZygoteInit.java:698)
01-07 03:06:44.800  2146  2548 W ActivityManager:   Force finishing activity 1 com.halfbrick.fruitninja/com.halfbrick.mortar.MortarGameActivity
01-07 03:06:45.101  2146  2548 I WindowManager: Screenshot max retries 4 of Token{342d797d ActivityRecord{124353d4 u0 com.halfbrick.fruitninja/com.halfbrick.mortar.MortarGameActivity t17 f}} appWin=Window{3109e90e u0 Starting com.halfbrick.fruitninja} drawState=4
01-07 03:06:45.137  2146  2197 I EGL-DRI2: DRI2: found extension DRI_Core version 1
01-07 03:06:45.137  2146  2197 I EGL-DRI2: DRI2: found extension DRI_DRI2 version 4
01-07 03:06:45.149  2146  2197 I EGL-DRI2: DRI2: found extension DRI_TexBuffer version 3
01-07 03:06:45.149  2146  2197 I EGL-DRI2: DRI2: found extension DRI2_Flush version 4
01-07 03:06:45.149  2146  2197 I EGL-DRI2: DRI2: found extension DRI_IMAGE version 11
01-07 03:06:45.150  2146  2197 I OpenGLRenderer: Initialized EGL, version 1.4
01-07 03:06:45.295  2146  2212 D WifiService: New client listening to asynchronous messages
01-07 03:06:45.441  4279  4279 W linker  : [vdso]: unused DT entry: type 0x6ffffef5 arg 0x160
01-07 03:06:45.444  4280  4280 W linker  : [vdso]: unused DT entry: type 0x6ffffef5 arg 0x160
01-07 03:06:45.446  2146  2931 W ActivityManager: getRunningAppProcesses: caller 10052 does not hold REAL_GET_TASKS; limiting output
01-07 03:06:45.602  2146  2171 W ActivityManager: Activity pause timeout for ActivityRecord{124353d4 u0 com.halfbrick.fruitninja/com.halfbrick.mortar.MortarGameActivity t17 f}
01-07 03:06:45.616  4287  4287 W linker  : [vdso]: unused DT entry: type 0x6ffffef5 arg 0x160
01-07 03:06:45.621  4288  4288 W linker  : [vdso]: unused DT entry: type 0x6ffffef5 arg 0x160
01-07 03:06:45.627  4289  4289 W linker  : [vdso]: unused DT entry: type 0x6ffffef5 arg 0x160
01-07 03:06:45.631  4290  4290 W linker  : [vdso]: unused DT entry: type 0x6ffffef5 arg 0x160
01-07 03:06:45.735  4292  4292 W linker  : [vdso]: unused DT entry: type 0x6ffffef5 arg 0x160
01-07 03:06:45.740  4293  4293 W linker  : [vdso]: unused DT entry: type 0x6ffffef5 arg 0x160
01-07 03:06:45.743  4294  4294 W linker  : [vdso]: unused DT entry: type 0x6ffffef5 arg 0x160
01-07 03:06:45.778  4295  4295 W linker  : [vdso]: unused DT entry: type 0x6ffffef5 arg 0x160
01-07 03:06:45.780  4296  4296 W linker  : [vdso]: unused DT entry: type 0x6ffffef5 arg 0x160
01-07 03:06:45.781  4297  4297 W linker  : [vdso]: unused DT entry: type 0x6ffffef5 arg 0x160
01-07 03:06:45.906  2146  2534 W BackupManagerService: dataChanged but no participant pkg='com.android.providers.settings' uid=10052
01-07 03:06:46.560  2146  2171 I ActivityManager: Start proc 4298:com.baidu.netdisk/u0a50 for service com.baidu.netdisk/.service.NetdiskService
01-07 03:06:46.578  4298  4298 I ActivityThread: Switching default density from 160 to 240
01-07 03:06:46.580  4298  4298 W ResourcesManager: Asset path '/system/framework/android.test.runner.jar' does not exist or contains no resources.
01-07 03:06:46.587  4298  4298 I MultiDex: VM with version 2.1.0 has multidex support
01-07 03:06:46.587  4298  4298 I MultiDex: install
01-07 03:06:46.587  4298  4298 I MultiDex: VM has multidex support, MultiDex support library is disabled.
01-07 03:06:46.593  4298  4298 D ActivityThread: Loading provider com.baidu.netdisk.account: com.baidu.netdisk.account.storage.AccountProvider
01-07 03:06:46.608  2274  2274 W ResourceType: No package identifier when getting value for resource number 0x00000000
01-07 03:06:46.608  2274  2274 W PackageManager: Failure retrieving resources for com.cyanogenmod.filemanager: Resource ID #0x0
01-07 03:06:46.795  2146  2302 I ActivityManager: Start proc 4329:com.baidu.netdisk:bdservice_v1/u0a50 for service com.baidu.netdisk/com.baidu.android.pushservice.PushService
01-07 03:06:46.797  4298  4298 V CommonParams: cast to int com.baidu.android.pushservice.PushSettings.debug_mode Exception. 
01-07 03:06:46.813  4329  4329 I ActivityThread: Switching default density from 160 to 240
01-07 03:06:46.814  4329  4329 W ResourcesManager: Asset path '/system/framework/android.test.runner.jar' does not exist or contains no resources.
01-07 03:06:46.819  2146  2534 W ActivityManager: getRunningAppProcesses: caller 10050 does not hold REAL_GET_TASKS; limiting output
01-07 03:06:46.821  4329  4329 I MultiDex: VM with version 2.1.0 has multidex support
01-07 03:06:46.821  4329  4329 I MultiDex: install
01-07 03:06:46.821  4329  4329 I MultiDex: VM has multidex support, MultiDex support library is disabled.
01-07 03:06:46.826  4329  4329 V CommonParams: cast to int com.baidu.android.pushservice.PushSettings.debug_mode Exception. 
01-07 03:06:46.835  4329  4329 E BaiduAppSSOJni: Native library not found! Please copy libbdpush_V2_4.so into your project!
01-07 03:06:46.835  4329  4329 E art     : No implementation found for byte[] com.baidu.android.pushservice.jni.BaiduAppSSOJni.getKey(java.lang.String) (tried Java_com_baidu_android_pushservice_jni_BaiduAppSSOJni_getKey and Java_com_baidu_android_pushservice_jni_BaiduAppSSOJni_getKey__Ljava_lang_String_2)
01-07 03:06:46.835  4329  4329 E BaiduAppSSOJni: error = No implementation found for byte[] com.baidu.android.pushservice.jni.BaiduAppSSOJni.getKey(java.lang.String) (tried Java_com_baidu_android_pushservice_jni_BaiduAppSSOJni_getKey and Java_com_baidu_android_pushservice_jni_BaiduAppSSOJni_getKey__Ljava_lang_String_2)
01-07 03:06:46.837  4329  4329 E socket  : Native library not found! Please copy libbdpush_V2_4.so into your project!
01-07 03:06:46.840  4329  4329 E art     : No implementation found for byte[] com.baidu.android.pushservice.jni.BaiduAppSSOJni.getKey(java.lang.String) (tried Java_com_baidu_android_pushservice_jni_BaiduAppSSOJni_getKey and Java_com_baidu_android_pushservice_jni_BaiduAppSSOJni_getKey__Ljava_lang_String_2)
01-07 03:06:46.840  4329  4329 E BaiduAppSSOJni: error = No implementation found for byte[] com.baidu.android.pushservice.jni.BaiduAppSSOJni.getKey(java.lang.String) (tried Java_com_baidu_android_pushservice_jni_BaiduAppSSOJni_getKey and Java_com_baidu_android_pushservice_jni_BaiduAppSSOJni_getKey__Ljava_lang_String_2)
01-07 03:06:46.843  4329  4329 E art     : No implementation found for byte[] com.baidu.android.pushservice.jni.BaiduAppSSOJni.getKey(java.lang.String) (tried Java_com_baidu_android_pushservice_jni_BaiduAppSSOJni_getKey and Java_com_baidu_android_pushservice_jni_BaiduAppSSOJni_getKey__Ljava_lang_String_2)
01-07 03:06:46.843  4329  4329 E BaiduAppSSOJni: error = No implementation found for byte[] com.baidu.android.pushservice.jni.BaiduAppSSOJni.getKey(java.lang.String) (tried Java_com_baidu_android_pushservice_jni_BaiduAppSSOJni_getKey and Java_com_baidu_android_pushservice_jni_BaiduAppSSOJni_getKey__Ljava_lang_String_2)
01-07 03:06:46.846  4329  4329 E art     : No implementation found for byte[] com.baidu.android.pushservice.jni.BaiduAppSSOJni.getKey(java.lang.String) (tried Java_com_baidu_android_pushservice_jni_BaiduAppSSOJni_getKey and Java_com_baidu_android_pushservice_jni_BaiduAppSSOJni_getKey__Ljava_lang_String_2)
01-07 03:06:46.846  4329  4329 E BaiduAppSSOJni: error = No implementation found for byte[] com.baidu.android.pushservice.jni.BaiduAppSSOJni.getKey(java.lang.String) (tried Java_com_baidu_android_pushservice_jni_BaiduAppSSOJni_getKey and Java_com_baidu_android_pushservice_jni_BaiduAppSSOJni_getKey__Ljava_lang_String_2)
01-07 03:06:46.848  4329  4329 I Process : Sending signal. PID: 4329 SIG: 9
01-07 03:06:46.854  2404  2404 W Launcher: setApplicationContext called twice! old=com.android.launcher3.LauncherApplication@29ade369 new=com.android.launcher3.LauncherApplication@29ade369
01-07 03:06:46.854  2404  2404 W Launcher: setApplicationContext called twice! old=com.android.launcher3.LauncherApplication@29ade369 new=com.android.launcher3.LauncherApplication@29ade369
01-07 03:06:46.859  2146  2934 I ActivityManager: Process com.baidu.netdisk:bdservice_v1 (pid 4329) has died
01-07 03:06:46.864  4298  4298 I System  : Loaded time zone names for "zh_CN" in 9ms (9ms in ICU)
01-07 03:06:46.891  4298  4298 D AndroidRuntime: Shutting down VM
01-07 03:06:46.891  4298  4298 E AndroidRuntime: FATAL EXCEPTION: main
01-07 03:06:46.891  4298  4298 E AndroidRuntime: Process: com.baidu.netdisk, PID: 4298
01-07 03:06:46.891  4298  4298 E AndroidRuntime: java.lang.UnsatisfiedLinkError: dalvik.system.PathClassLoader[DexPathList[[zip file "/system/framework/android.test.runner.jar", zip file "/data/app/com.baidu.netdisk-1/base.apk"],nativeLibraryDirectories=[/data/app/com.baidu.netdisk-1/lib/x86, /vendor/lib, /system/lib]]] couldn't find "libBaiduMapSDK_v3_2_0_15.so"
01-07 03:06:46.891  4298  4298 E AndroidRuntime: 	at java.lang.Runtime.loadLibrary(Runtime.java:366)
01-07 03:06:46.891  4298  4298 E AndroidRuntime: 	at java.lang.System.loadLibrary(System.java:988)
01-07 03:06:46.891  4298  4298 E AndroidRuntime: 	at com.baidu.mapapi.a.<clinit>(Unknown Source)
01-07 03:06:46.891  4298  4298 E AndroidRuntime: 	at com.baidu.mapapi.SDKInitializer.initialize(Unknown Source)
01-07 03:06:46.891  4298  4298 E AndroidRuntime: 	at com.baidu.mapapi.SDKInitializer.initialize(Unknown Source)
01-07 03:06:46.891  4298  4298 E AndroidRuntime: 	at com.baidu.netdisk.NetDiskApplication.onCreate(SourceFile:234)
01-07 03:06:46.891  4298  4298 E AndroidRuntime: 	at android.app.Instrumentation.callApplicationOnCreate(Instrumentation.java:1012)
01-07 03:06:46.891  4298  4298 E AndroidRuntime: 	at android.app.ActivityThread.handleBindApplication(ActivityThread.java:4553)
01-07 03:06:46.891  4298  4298 E AndroidRuntime: 	at android.app.ActivityThread.access$1500(ActivityThread.java:151)
01-07 03:06:46.891  4298  4298 E AndroidRuntime: 	at android.app.ActivityThread$H.handleMessage(ActivityThread.java:1364)
01-07 03:06:46.891  4298  4298 E AndroidRuntime: 	at android.os.Handler.dispatchMessage(Handler.java:102)
01-07 03:06:46.891  4298  4298 E AndroidRuntime: 	at android.os.Looper.loop(Looper.java:135)
01-07 03:06:46.891  4298  4298 E AndroidRuntime: 	at android.app.ActivityThread.main(ActivityThread.java:5254)
01-07 03:06:46.891  4298  4298 E AndroidRuntime: 	at java.lang.reflect.Method.invoke(Native Method)
01-07 03:06:46.891  4298  4298 E AndroidRuntime: 	at java.lang.reflect.Method.invoke(Method.java:372)
01-07 03:06:46.891  4298  4298 E AndroidRuntime: 	at com.android.internal.os.ZygoteInit$MethodAndArgsCaller.run(ZygoteInit.java:903)
01-07 03:06:46.891  4298  4298 E AndroidRuntime: 	at com.android.internal.os.ZygoteInit.main(ZygoteInit.java:698)
01-07 03:06:48.564  2146  2217 W AudioTrack: AUDIO_OUTPUT_FLAG_FAST denied by client
01-07 03:06:48.576  1886  2143 D audio_hw_primary: found out /dev/snd/pcmC0D0p
01-07 03:06:48.578  4298  4298 I Process : Sending signal. PID: 4298 SIG: 9
01-07 03:06:48.588  2146  2166 I ActivityManager: Process com.baidu.netdisk (pid 4298) has died
01-07 03:06:48.588  2146  2166 W ActivityManager: Service crashed 2 times, stopping: ServiceRecord{9e7a57 u0 com.baidu.netdisk/.service.NetdiskService}
01-07 03:06:48.594  2146  2197 D OpenGLRenderer: endAllStagingAnimators on 0x7f78068f6400 (RippleDrawable) with handle 0x7f77f8390b40
01-07 03:06:49.779  2146  2217 W AudioTrack: AUDIO_OUTPUT_FLAG_FAST denied by client
01-07 03:06:49.795  4232  4232 I Process : Sending signal. PID: 4232 SIG: 9
01-07 03:06:49.811  2146  2197 D OpenGLRenderer: endAllStagingAnimators on 0x7f78068f4c00 (RippleDrawable) with handle 0x7f77f8390bc0
01-07 03:06:49.811  2146  2212 D WifiService: Client connection lost with reason: 4
01-07 03:06:49.811  2146  2548 I ActivityManager: Process com.halfbrick.fruitninja (pid 4232) has died
01-07 03:06:49.915  4394  4394 W linker  : [vdso]: unused DT entry: type 0x6ffffef5 arg 0x160
01-07 03:06:50.892  2146  2217 W AudioTrack: AUDIO_OUTPUT_FLAG_FAST denied by client
01-07 03:06:50.898  2146  2548 I ActivityManager: START u0 {act=com.android.systemui.recents.SHOW_RECENTS flg=0x10804000 cmp=com.android.systemui/.recents.RecentsActivity} from uid 10010 on display 0
01-07 03:06:50.962  2146  2166 W InputMethodManagerService: Starting input on non-focused client com.android.internal.view.IInputMethodClient$Stub$Proxy@36df5af6 (uid=10017 pid=3180)
01-07 03:06:51.922  2274  2274 W ResourceType: No package identifier when getting value for resource number 0x00000000
01-07 03:06:51.922  2274  2274 W PackageManager: Failure retrieving resources for com.cyanogenmod.filemanager: Resource ID #0x0
01-07 03:06:51.929  2146  2217 W AudioTrack: AUDIO_OUTPUT_FLAG_FAST denied by client
01-07 03:06:52.004  3009  3009 I Term    : Bound to TermService
01-07 03:06:52.004  3009  3009 I TermService: Activity binding to service
01-07 03:06:54.405  2146  2229 D TaskPersister: removeObsoleteFile: deleting file=17_task.xml
01-07 03:06:54.918  4402  4402 W linker  : [vdso]: unused DT entry: type 0x6ffffef5 arg 0x160
01-07 03:06:59.930  4403  4403 W linker  : [vdso]: unused DT entry: type 0x6ffffef5 arg 0x160
01-07 03:07:04.938  4404  4404 W linker  : [vdso]: unused DT entry: type 0x6ffffef5 arg 0x160
01-07 03:07:09.951  4405  4405 W linker  : [vdso]: unused DT entry: type 0x6ffffef5 arg 0x160
01-07 03:07:14.962  4406  4406 W linker  : [vdso]: unused DT entry: type 0x6ffffef5 arg 0x160
01-07 03:07:18.791  4407  4407 W linker  : [vdso]: unused DT entry: type 0x6ffffef5 arg 0x160
