12-30 02:08:58.599 17111 17111 V CommonParams: cast to int com.baidu.pushservice.cur_period Exception. 
12-30 02:08:58.601 17111 17111 V CommonParams: cast to int com.baidu.android.pushservice.PushSettings.internal_debug_mode Exception. 
12-30 02:08:58.609  2172  4162 W ActivityManager: getTasks: caller 10076 does not hold REAL_GET_TASKS; limiting output
12-30 02:08:58.999  2172  2662 W ActivityManager: getRunningAppProcesses: caller 10064 does not hold REAL_GET_TASKS; limiting output
12-30 02:08:59.335  2308  2308 W ResourceType: No package identifier when getting value for resource number 0x00000000
12-30 02:08:59.335  2308  2308 W PackageManager: Failure retrieving resources for com.cyanogenmod.filemanager: Resource ID #0x0
12-30 02:08:59.611  2172  4161 W ActivityManager: getTasks: caller 10076 does not hold REAL_GET_TASKS; limiting output
12-30 02:08:59.883  2172  2660 W BackupManagerService: dataChanged but no participant pkg='com.android.providers.settings' uid=10072
12-30 02:08:59.891  2172  2246 D WifiService: New client listening to asynchronous messages
12-30 02:09:00.525  2172  2219 I ActivityManager: START u0 {act=android.intent.action.MAIN cat=[android.intent.category.HOME] flg=0x10200000 cmp=com.android.launcher3/.Launcher} from uid 1000 on display 0
12-30 02:09:00.525  2172  2252 W AudioTrack: AUDIO_OUTPUT_FLAG_FAST denied by client
12-30 02:09:00.612  2172  7767 W ActivityManager: getTasks: caller 10076 does not hold REAL_GET_TASKS; limiting output
12-30 02:09:00.752  2172  2197 I ActivityManager: Start proc 17151:com.rovio.baba.kunlun.wdj/u0a60 for service com.rovio.baba.kunlun.wdj/com.wandoujia.mariosdk.plugin.api.WandouPluginService
12-30 02:09:00.765 17151 17151 I ActivityThread: Switching default density from 160 to 240
12-30 02:09:00.782 17151 17151 V PluginFrameworkInitor: need install plugins:[]
12-30 02:09:00.782 17151 17151 I System.out: start plugin is = mario-sdk-plugin
12-30 02:09:00.782 17151 17151 V ContextClassLoaderUtility: doing inject, paths:[/data/data/com.rovio.baba.kunlun.wdj/files/plugins/mario-sdk-plugin.apk]
12-30 02:09:00.797 17175 17175 W linker  : [vdso]: unused DT entry: type 0x6ffffef5 arg 0x160
12-30 02:09:00.801 17151 17178 W System.err: java.io.FileNotFoundException: /data/local/tmp/.wdj_config/.udid: open failed: ENOENT (No such file or directory)
12-30 02:09:00.801 17151 17178 W System.err: 	at libcore.io.IoBridge.open(IoBridge.java:456)
12-30 02:09:00.801 17151 17178 W System.err: 	at java.io.FileOutputStream.<init>(FileOutputStream.java:87)
12-30 02:09:00.801 17151 17178 W System.err: 	at java.io.FileOutputStream.<init>(FileOutputStream.java:72)
12-30 02:09:00.801 17151 17178 W System.err: 	at java.io.FileWriter.<init>(FileWriter.java:42)
12-30 02:09:00.801 17151 17178 W System.err: 	at o.vi.run(:257)
12-30 02:09:00.801 17151 17178 W System.err: 	at java.lang.Thread.run(Thread.java:818)
12-30 02:09:00.802 17180 17180 W linker  : [vdso]: unused DT entry: type 0x6ffffef5 arg 0x160
12-30 02:09:00.804 17151 17178 W System.err: Caused by: android.system.ErrnoException: open failed: ENOENT (No such file or directory)
12-30 02:09:00.804 17151 17178 W System.err: 	at libcore.io.Posix.open(Native Method)
12-30 02:09:00.804 17151 17178 W System.err: 	at libcore.io.BlockGuardOs.open(BlockGuardOs.java:186)
12-30 02:09:00.804 17151 17178 W System.err: 	at libcore.io.IoBridge.open(IoBridge.java:442)
12-30 02:09:00.804 17151 17178 W System.err: 	... 5 more
12-30 02:09:00.813 17151 17185 D account : cost time = 2
12-30 02:09:00.817  2172  2514 W ActivityManager: getRunningAppProcesses: caller 10060 does not hold REAL_GET_TASKS; limiting output
12-30 02:09:00.818 17151 17151 I Wandoujia-PaySdk_GameApi: init,100029127
12-30 02:09:00.818 17151 17151 D Wandoujia-PaySdk_LocalStorage: LocalStorage init, id: 100029127
12-30 02:09:00.818 17151 17151 D LocalStorage: New LocalStorage -- AppID: 100029127
12-30 02:09:00.819 17151 17151 D account : sdk get default auth
12-30 02:09:00.822  2172  3084 W ActivityManager: getRunningAppProcesses: caller 10060 does not hold REAL_GET_TASKS; limiting output
12-30 02:09:00.823 17151 17194 D HTTP    : http://mario.sdk.wandoujia.com/api/v1/game/app/get?content=%7B%22uid%22%3A%22%22%2C%22udid%22%3A%22ec08a023f8264a6bb502341cf19b4e8a8acc6d34%22%2C%22gameVersionName%22%3A%222.4.1%22%2C%22gameVersionCode%22%3A%22440%22%2C%22sdkVersion%22%3A%224.0.0%22%2C%22appkey%22%3A100029127%2C%22sdkBaseVersion%22%3A%224.0.0.0%22%7D&sign=a994d4b53013496f2ad04f5131f34e01
12-30 02:09:00.823 17151 17193 D HTTP    : http://mario.sdk.wandoujia.com/api/v1/game/profile?content=%7B%22ffFunctionOptions%22%3A%7B%22needHasScreenshot%22%3Atrue%7D%2C%22appkey%22%3A100029127%2C%22gameVersionCode%22%3A%22440%22%2C%22gameVersionName%22%3A%222.4.1%22%2C%22sdkVersion%22%3A%224.0.0%22%2C%22udid%22%3A%22ec08a023f8264a6bb502341cf19b4e8a8acc6d34%22%7D&sign=287f32d9de6ef97fc708217d2cf08693
12-30 02:09:00.962 17151 17151 F libc    : Fatal signal 11 (SIGSEGV), code 2, fault addr 0xf3670000 in tid 17151 (baba.kunlun.wdj)
12-30 02:09:00.962 17151 17151 I libc    : Suppressing debuggerd output because prctl(PR_GET_DUMPABLE)==0
12-30 02:09:00.964  1909  1909 I Zygote  : Process 17151 exited due to signal (11)
12-30 02:09:00.977  2172  2334 I ActivityManager: Process com.rovio.baba.kunlun.wdj (pid 17151) has died
12-30 02:09:00.977  2172  2334 W ActivityManager: Canceling start item Intent { act=com.wandoujia.mariosdk.plugin.apk.push cmp=com.rovio.baba.kunlun.wdj/com.wandoujia.mariosdk.plugin.api.WandouPluginService } in service ComponentInfo{com.rovio.baba.kunlun.wdj/com.wandoujia.mariosdk.plugin.api.WandouPluginService}
12-30 02:09:00.977  2172  2334 W ActivityManager: Canceling start item Intent { cmp=com.rovio.baba.kunlun.wdj/com.wandoujia.mariosdk.plugin.api.WandouPluginService } in service ComponentInfo{com.rovio.baba.kunlun.wdj/com.wandoujia.mariosdk.plugin.api.WandouPluginService}
12-30 02:09:00.977  2172  2334 W ActivityManager: Canceling start item Intent { act=com.wandoujia.mariosdk.plugin.apk.push flg=0x4 cmp=com.rovio.baba.kunlun.wdj/com.wandoujia.mariosdk.plugin.api.WandouPluginService (has extras) } in service ComponentInfo{com.rovio.baba.kunlun.wdj/com.wandoujia.mariosdk.plugin.api.WandouPluginService}
12-30 02:09:00.977  2172  2334 W ActivityManager: Scheduling restart of crashed service com.rovio.baba.kunlun.wdj/com.wandoujia.mariosdk.plugin.api.WandouPluginService in 29277ms
12-30 02:09:01.107 17111 17147 I socket  : msgid:1
12-30 02:09:01.162  2484  2664 W OpenGLRenderer: Incorrectly called buildLayer on View: ShortcutAndWidgetContainer, destroying layer...
12-30 02:09:01.539  2308  2308 W ResourceType: No package identifier when getting value for resource number 0x00000000
12-30 02:09:01.539  2308  2308 W PackageManager: Failure retrieving resources for com.cyanogenmod.filemanager: Resource ID #0x0
12-30 02:09:01.614  2172  2662 W ActivityManager: getTasks: caller 10076 does not hold REAL_GET_TASKS; limiting output
12-30 02:09:01.797  2172  2252 W AudioTrack: AUDIO_OUTPUT_FLAG_FAST denied by client
12-30 02:09:01.814  2172  4162 I ActivityManager: START u0 {act=com.android.systemui.recents.SHOW_RECENTS flg=0x10804000 cmp=com.android.systemui/.recents.RecentsActivity} from uid 10013 on display 0
12-30 02:09:01.870  2172  9103 W InputMethodManagerService: Starting input on non-focused client com.android.internal.view.IInputMethodClient$Stub$Proxy@16fdbce (uid=10036 pid=2484)
12-30 02:09:01.985 17213 17213 W linker  : [vdso]: unused DT entry: type 0x6ffffef5 arg 0x160
12-30 02:09:02.207  2172  2197 I ActivityManager: Waited long enough for: ServiceRecord{3324ccea u0 com.baidu.netdisk/.service.NetdiskService}
12-30 02:09:02.618  2172  9214 W ActivityManager: getTasks: caller 10076 does not hold REAL_GET_TASKS; limiting output
12-30 02:09:02.900  2172  2252 W AudioTrack: AUDIO_OUTPUT_FLAG_FAST denied by client
12-30 02:09:02.949 11001 11001 I Term    : Bound to TermService
12-30 02:09:02.949 11001 11001 I TermService: Activity binding to service
12-30 02:09:03.620  2172  9103 W ActivityManager: getTasks: caller 10076 does not hold REAL_GET_TASKS; limiting output
12-30 02:09:04.623  2172  2192 W ActivityManager: getTasks: caller 10076 does not hold REAL_GET_TASKS; limiting output
12-30 02:09:05.625  2172  3084 W ActivityManager: getTasks: caller 10076 does not hold REAL_GET_TASKS; limiting output
12-30 02:09:06.627  2172  2192 W ActivityManager: getTasks: caller 10076 does not hold REAL_GET_TASKS; limiting output
12-30 02:09:06.837  2172  2218 I ActivityManager: Start proc 17221:com.rovio.baba.kunlun.wdj/u0a60 for service com.rovio.baba.kunlun.wdj/com.wandoujia.mariosdk.plugin.api.WandouPluginService
12-30 02:09:06.845 17221 17221 I ActivityThread: Switching default density from 160 to 240
12-30 02:09:06.850 17221 17221 V PluginFrameworkInitor: need install plugins:[]
12-30 02:09:06.850 17221 17221 I System.out: start plugin is = mario-sdk-plugin
12-30 02:09:06.851 17221 17221 V ContextClassLoaderUtility: doing inject, paths:[/data/data/com.rovio.baba.kunlun.wdj/files/plugins/mario-sdk-plugin.apk]
12-30 02:09:06.857 17245 17245 W linker  : [vdso]: unused DT entry: type 0x6ffffef5 arg 0x160
12-30 02:09:06.860 17221 17247 W System.err: java.io.FileNotFoundException: /data/local/tmp/.wdj_config/.udid: open failed: ENOENT (No such file or directory)
12-30 02:09:06.860 17221 17247 W System.err: 	at libcore.io.IoBridge.open(IoBridge.java:456)
12-30 02:09:06.860 17221 17247 W System.err: 	at java.io.FileOutputStream.<init>(FileOutputStream.java:87)
12-30 02:09:06.860 17221 17247 W System.err: 	at java.io.FileOutputStream.<init>(FileOutputStream.java:72)
12-30 02:09:06.860 17221 17247 W System.err: 	at java.io.FileWriter.<init>(FileWriter.java:42)
12-30 02:09:06.860 17221 17247 W System.err: 	at o.vi.run(:257)
12-30 02:09:06.860 17221 17247 W System.err: 	at java.lang.Thread.run(Thread.java:818)
12-30 02:09:06.860 17221 17247 W System.err: Caused by: android.system.ErrnoException: open failed: ENOENT (No such file or directory)
12-30 02:09:06.860 17221 17247 W System.err: 	at libcore.io.Posix.open(Native Method)
12-30 02:09:06.860 17221 17247 W System.err: 	at libcore.io.BlockGuardOs.open(BlockGuardOs.java:186)
12-30 02:09:06.860 17221 17247 W System.err: 	at libcore.io.IoBridge.open(IoBridge.java:442)
12-30 02:09:06.860 17221 17247 W System.err: 	... 5 more
12-30 02:09:06.861 17249 17249 W linker  : [vdso]: unused DT entry: type 0x6ffffef5 arg 0x160
12-30 02:09:06.871 17221 17254 D account : cost time = 3
12-30 02:09:06.875  2172  7767 W ActivityManager: getRunningAppProcesses: caller 10060 does not hold REAL_GET_TASKS; limiting output
12-30 02:09:06.876 17221 17221 I Wandoujia-PaySdk_GameApi: init,100029127
12-30 02:09:06.876 17221 17221 D Wandoujia-PaySdk_LocalStorage: LocalStorage init, id: 100029127
12-30 02:09:06.876 17221 17221 D LocalStorage: New LocalStorage -- AppID: 100029127
12-30 02:09:06.877 17221 17221 D account : sdk get default auth
12-30 02:09:06.880  2172  9214 W ActivityManager: getRunningAppProcesses: caller 10060 does not hold REAL_GET_TASKS; limiting output
12-30 02:09:06.881 17221 17263 D HTTP    : http://mario.sdk.wandoujia.com/api/v1/game/app/get?content=%7B%22uid%22%3A%22%22%2C%22udid%22%3A%22ec08a023f8264a6bb502341cf19b4e8a8acc6d34%22%2C%22gameVersionName%22%3A%222.4.1%22%2C%22gameVersionCode%22%3A%22440%22%2C%22sdkVersion%22%3A%224.0.0%22%2C%22appkey%22%3A100029127%2C%22sdkBaseVersion%22%3A%224.0.0.0%22%7D&sign=a994d4b53013496f2ad04f5131f34e01
12-30 02:09:06.882 17221 17262 D HTTP    : http://mario.sdk.wandoujia.com/api/v1/game/profile?content=%7B%22ffFunctionOptions%22%3A%7B%22needHasScreenshot%22%3Atrue%7D%2C%22appkey%22%3A100029127%2C%22gameVersionCode%22%3A%22440%22%2C%22gameVersionName%22%3A%222.4.1%22%2C%22sdkVersion%22%3A%224.0.0%22%2C%22udid%22%3A%22ec08a023f8264a6bb502341cf19b4e8a8acc6d34%22%7D&sign=287f32d9de6ef97fc708217d2cf08693
12-30 02:09:06.989 17271 17271 W linker  : [vdso]: unused DT entry: type 0x6ffffef5 arg 0x160
12-30 02:09:07.021 17221 17221 F libc    : Fatal signal 11 (SIGSEGV), code 2, fault addr 0xf3670000 in tid 17221 (baba.kunlun.wdj)
12-30 02:09:07.021 17221 17221 I libc    : Suppressing debuggerd output because prctl(PR_GET_DUMPABLE)==0
12-30 02:09:07.023  1909  1909 I Zygote  : Process 17221 exited due to signal (11)
12-30 02:09:07.039  2172  2514 I ActivityManager: Process com.rovio.baba.kunlun.wdj (pid 17221) has died
12-30 02:09:07.039  2172  2514 W ActivityManager: Canceling start item Intent { act=com.wandoujia.mariosdk.plugin.apk.push cmp=com.rovio.baba.kunlun.wdj/com.wandoujia.mariosdk.plugin.api.WandouPluginService } in service ComponentInfo{com.rovio.baba.kunlun.wdj/com.wandoujia.mariosdk.plugin.api.WandouPluginService}
12-30 02:09:07.039  2172  2514 W ActivityManager: Canceling start item Intent { cmp=com.rovio.baba.kunlun.wdj/com.wandoujia.mariosdk.plugin.api.WandouPluginService } in service ComponentInfo{com.rovio.baba.kunlun.wdj/com.wandoujia.mariosdk.plugin.api.WandouPluginService}
12-30 02:09:07.039  2172  2514 W ActivityManager: Scheduling restart of crashed service com.rovio.baba.kunlun.wdj/com.wandoujia.mariosdk.plugin.api.WandouPluginService in 1000ms
12-30 02:09:07.978  2172  2197 I ActivityManager: Waited long enough for: ServiceRecord{f6535d9 u0 com.halfbrick.fruitninja/cn.egame.terminal.sdk.EgameCoreService}
12-30 02:09:08.065  2172  2197 I ActivityManager: Start proc 17281:com.rovio.baba.kunlun.wdj/u0a60 for service com.rovio.baba.kunlun.wdj/com.wandoujia.mariosdk.plugin.api.WandouPluginService
12-30 02:09:08.085 17281 17281 I ActivityThread: Switching default density from 160 to 240
12-30 02:09:08.102 17281 17281 V PluginFrameworkInitor: need install plugins:[]
12-30 02:09:08.102 17281 17281 I System.out: start plugin is = mario-sdk-plugin
12-30 02:09:08.102 17281 17281 V ContextClassLoaderUtility: doing inject, paths:[/data/data/com.rovio.baba.kunlun.wdj/files/plugins/mario-sdk-plugin.apk]
12-30 02:09:08.122 17305 17305 W linker  : [vdso]: unused DT entry: type 0x6ffffef5 arg 0x160
12-30 02:09:08.128 17281 17308 W System.err: java.io.FileNotFoundException: /data/local/tmp/.wdj_config/.udid: open failed: ENOENT (No such file or directory)
12-30 02:09:08.128 17281 17308 W System.err: 	at libcore.io.IoBridge.open(IoBridge.java:456)
12-30 02:09:08.129 17281 17308 W System.err: 	at java.io.FileOutputStream.<init>(FileOutputStream.java:87)
12-30 02:09:08.129 17281 17308 W System.err: 	at java.io.FileOutputStream.<init>(FileOutputStream.java:72)
12-30 02:09:08.129 17281 17308 W System.err: 	at java.io.FileWriter.<init>(FileWriter.java:42)
12-30 02:09:08.129 17281 17308 W System.err: 	at o.vi.run(:257)
12-30 02:09:08.129 17281 17308 W System.err: 	at java.lang.Thread.run(Thread.java:818)
12-30 02:09:08.129 17281 17308 W System.err: Caused by: android.system.ErrnoException: open failed: ENOENT (No such file or directory)
12-30 02:09:08.129 17281 17308 W System.err: 	at libcore.io.Posix.open(Native Method)
12-30 02:09:08.129 17281 17308 W System.err: 	at libcore.io.BlockGuardOs.open(BlockGuardOs.java:186)
12-30 02:09:08.129 17281 17308 W System.err: 	at libcore.io.IoBridge.open(IoBridge.java:442)
12-30 02:09:08.129 17281 17308 W System.err: 	... 5 more
12-30 02:09:08.131 17310 17310 W linker  : [vdso]: unused DT entry: type 0x6ffffef5 arg 0x160
12-30 02:09:08.161 17281 17314 D account : cost time = 7
12-30 02:09:08.174  2172  4162 W ActivityManager: getRunningAppProcesses: caller 10060 does not hold REAL_GET_TASKS; limiting output
12-30 02:09:08.177 17281 17281 I Wandoujia-PaySdk_GameApi: init,100029127
12-30 02:09:08.177 17281 17281 D Wandoujia-PaySdk_LocalStorage: LocalStorage init, id: 100029127
12-30 02:09:08.177 17281 17281 D LocalStorage: New LocalStorage -- AppID: 100029127
12-30 02:09:08.180 17281 17281 D account : sdk get default auth
12-30 02:09:08.190  2172  3084 W ActivityManager: getRunningAppProcesses: caller 10060 does not hold REAL_GET_TASKS; limiting output
12-30 02:09:08.193 17281 17323 D HTTP    : http://mario.sdk.wandoujia.com/api/v1/game/app/get?content=%7B%22uid%22%3A%22%22%2C%22udid%22%3A%22ec08a023f8264a6bb502341cf19b4e8a8acc6d34%22%2C%22gameVersionName%22%3A%222.4.1%22%2C%22gameVersionCode%22%3A%22440%22%2C%22sdkVersion%22%3A%224.0.0%22%2C%22appkey%22%3A100029127%2C%22sdkBaseVersion%22%3A%224.0.0.0%22%7D&sign=a994d4b53013496f2ad04f5131f34e01
12-30 02:09:08.194 17281 17322 D HTTP    : http://mario.sdk.wandoujia.com/api/v1/game/profile?content=%7B%22ffFunctionOptions%22%3A%7B%22needHasScreenshot%22%3Atrue%7D%2C%22appkey%22%3A100029127%2C%22gameVersionCode%22%3A%22440%22%2C%22gameVersionName%22%3A%222.4.1%22%2C%22sdkVersion%22%3A%224.0.0%22%2C%22udid%22%3A%22ec08a023f8264a6bb502341cf19b4e8a8acc6d34%22%7D&sign=287f32d9de6ef97fc708217d2cf08693
12-30 02:09:08.346 17281 17281 F libc    : Fatal signal 11 (SIGSEGV), code 2, fault addr 0xf3670000 in tid 17281 (baba.kunlun.wdj)
12-30 02:09:08.346 17281 17281 I libc    : Suppressing debuggerd output because prctl(PR_GET_DUMPABLE)==0
12-30 02:09:08.348  1909  1909 I Zygote  : Process 17281 exited due to signal (11)
12-30 02:09:08.358  2172  2191 I ActivityManager: Process com.rovio.baba.kunlun.wdj (pid 17281) has died
12-30 02:09:08.358  2172  2191 W ActivityManager: Canceling start item Intent { act=com.wandoujia.mariosdk.plugin.apk.push cmp=com.rovio.baba.kunlun.wdj/com.wandoujia.mariosdk.plugin.api.WandouPluginService } in service ComponentInfo{com.rovio.baba.kunlun.wdj/com.wandoujia.mariosdk.plugin.api.WandouPluginService}
12-30 02:09:08.358  2172  2191 W ActivityManager: Canceling start item Intent { cmp=com.rovio.baba.kunlun.wdj/com.wandoujia.mariosdk.plugin.api.WandouPluginService } in service ComponentInfo{com.rovio.baba.kunlun.wdj/com.wandoujia.mariosdk.plugin.api.WandouPluginService}
12-30 02:09:08.358  2172  2191 W ActivityManager: Scheduling restart of crashed service com.rovio.baba.kunlun.wdj/com.wandoujia.mariosdk.plugin.api.WandouPluginService in 21896ms
12-30 02:09:08.921 15321 15321 I GcnBroadcastReceiver: onReceive start ... action=null
12-30 02:09:08.921 15321 15321 I GcnBroadcastReceiver: is_open=true,service_type=gcn,sender_id=502050078214,loop_period=300000,push_url=http://gcn.happyelements.cn/apis/l
12-30 02:09:08.921 15321 15321 I GcnBroadcastReceiver: gameUserId=f7265993dcee5ca7,gspAppId=7800105600,gspAppKey=d2516d2ecf89cebde3f13cbfe2e55770
12-30 02:09:08.921 15321 15321 I NotificationService: onStartCommand start,flags=0,startId=2,isStart=true
12-30 02:09:09.172  2172  2197 W ActivityManager: Activity destroy timeout for ActivityRecord{3d426cd1 u0 com.sohu.inputmethod.sogou/.SogouIMELauncher t326 f}
12-30 02:09:10.494  2172  2192 W ActivityManager: getTasks: caller 10076 does not hold REAL_GET_TASKS; limiting output
12-30 02:09:11.496  2172  3084 W ActivityManager: getTasks: caller 10076 does not hold REAL_GET_TASKS; limiting output
12-30 02:09:12.364 17339 17339 W linker  : [vdso]: unused DT entry: type 0x6ffffef5 arg 0x160
12-30 02:09:12.499  2172  2660 W ActivityManager: getTasks: caller 10076 does not hold REAL_GET_TASKS; limiting output
12-30 02:09:13.501  2172  2514 W ActivityManager: getTasks: caller 10076 does not hold REAL_GET_TASKS; limiting output
12-30 02:09:13.582  2172  2197 I ActivityManager: Waited long enough for: ServiceRecord{2af304c4 u0 com.baidu.BaiduMap/com.baidu.android.pushservice.PushService}
12-30 02:09:14.503  2172  2662 W ActivityManager: getTasks: caller 10076 does not hold REAL_GET_TASKS; limiting output
12-30 02:09:15.506  2172  2192 W ActivityManager: getTasks: caller 10076 does not hold REAL_GET_TASKS; limiting output
12-30 02:09:16.508  2172  2334 W ActivityManager: getTasks: caller 10076 does not hold REAL_GET_TASKS; limiting output
12-30 02:09:17.377 17341 17341 W linker  : [vdso]: unused DT entry: type 0x6ffffef5 arg 0x160
12-30 02:09:17.510  2172  2514 W ActivityManager: getTasks: caller 10076 does not hold REAL_GET_TASKS; limiting output
12-30 02:09:18.512  2172  3084 W ActivityManager: getTasks: caller 10076 does not hold REAL_GET_TASKS; limiting output
12-30 02:09:19.238  2172  2662 W ActivityManager: getRunningAppProcesses: caller 10052 does not hold REAL_GET_TASKS; limiting output
12-30 02:09:19.289 16488 16681 W System.err: org.apache.http.conn.ConnectTimeoutException: Connect to /140.206.176.31:80 timed out
12-30 02:09:19.290 16488 16681 W System.err: 	at org.apache.http.conn.scheme.PlainSocketFactory.connectSocket(PlainSocketFactory.java:126)
12-30 02:09:19.290 16488 16681 W System.err: 	at org.apache.http.impl.conn.DefaultClientConnectionOperator.openConnection(DefaultClientConnectionOperator.java:149)
12-30 02:09:19.290 16488 16681 W System.err: 	at org.apache.http.impl.conn.AbstractPoolEntry.open(AbstractPoolEntry.java:169)
12-30 02:09:19.290 16488 16681 W System.err: 	at org.apache.http.impl.conn.AbstractPooledConnAdapter.open(AbstractPooledConnAdapter.java:124)
12-30 02:09:19.290 16488 16681 W System.err: 	at org.apache.http.impl.client.DefaultRequestDirector.execute(DefaultRequestDirector.java:365)
12-30 02:09:19.290 16488 16681 W System.err: 	at org.apache.http.impl.client.AbstractHttpClient.execute(AbstractHttpClient.java:560)
12-30 02:09:19.290 16488 16681 W System.err: 	at org.apache.http.impl.client.AbstractHttpClient.execute(AbstractHttpClient.java:492)
12-30 02:09:19.290 16488 16681 W System.err: 	at org.apache.http.impl.client.AbstractHttpClient.execute(AbstractHttpClient.java:470)
12-30 02:09:19.290 16488 16681 W System.err: 	at com.unipay.net.HttpNet.b(Unknown Source)
12-30 02:09:19.290 16488 16681 W System.err: 	at com.unipay.net.AsyncMultimode$3.run(Unknown Source)
12-30 02:09:19.514  2172  2660 W ActivityManager: getTasks: caller 10076 does not hold REAL_GET_TASKS; limiting output
12-30 02:09:20.280  2172  2197 I ActivityManager: Start proc 17342:com.baidu.netdisk/u0a56 for service com.baidu.netdisk/.service.NetdiskService
12-30 02:09:20.289 17342 17342 I ActivityThread: Switching default density from 160 to 240
12-30 02:09:20.290 17342 17342 W ResourcesManager: Asset path '/system/framework/android.test.runner.jar' does not exist or contains no resources.
12-30 02:09:20.292 17342 17342 I MultiDex: VM with version 2.1.0 has multidex support
12-30 02:09:20.292 17342 17342 I MultiDex: install
12-30 02:09:20.292 17342 17342 I MultiDex: VM has multidex support, MultiDex support library is disabled.
12-30 02:09:20.294 17342 17342 D ActivityThread: Loading provider com.baidu.netdisk.account: com.baidu.netdisk.account.storage.AccountProvider
12-30 02:09:20.430  2172  9103 I ActivityManager: Start proc 17373:com.baidu.netdisk:bdservice_v1/u0a56 for service com.baidu.netdisk/com.baidu.android.pushservice.PushService
12-30 02:09:20.433  1909  1909 I art     : Explicit concurrent mark sweep GC freed 709(30KB) AllocSpace objects, 0(0B) LOS objects, 40% free, 1904KB/3MB, paused 38us total 2.802ms
12-30 02:09:20.435  1909  1909 I art     : Explicit concurrent mark sweep GC freed 5(160B) AllocSpace objects, 0(0B) LOS objects, 40% free, 1904KB/3MB, paused 36us total 2.676ms
12-30 02:09:20.438 17373 17373 I ActivityThread: Switching default density from 160 to 240
12-30 02:09:20.438 17373 17373 W ResourcesManager: Asset path '/system/framework/android.test.runner.jar' does not exist or contains no resources.
12-30 02:09:20.438  1909  1909 I art     : Explicit concurrent mark sweep GC freed 5(160B) AllocSpace objects, 0(0B) LOS objects, 40% free, 1904KB/3MB, paused 37us total 2.898ms
12-30 02:09:20.440  2172  2334 W ActivityManager: getRunningAppProcesses: caller 10056 does not hold REAL_GET_TASKS; limiting output
12-30 02:09:20.440 17373 17373 I MultiDex: VM with version 2.1.0 has multidex support
12-30 02:09:20.440 17373 17373 I MultiDex: install
12-30 02:09:20.440 17373 17373 I MultiDex: VM has multidex support, MultiDex support library is disabled.
12-30 02:09:20.448 17373 17373 E BaiduAppSSOJni: Native library not found! Please copy libbdpush_V2_4.so into your project!
12-30 02:09:20.448 17373 17373 E art     : No implementation found for byte[] com.baidu.android.pushservice.jni.BaiduAppSSOJni.getKey(java.lang.String) (tried Java_com_baidu_android_pushservice_jni_BaiduAppSSOJni_getKey and Java_com_baidu_android_pushservice_jni_BaiduAppSSOJni_getKey__Ljava_lang_String_2)
12-30 02:09:20.448 17373 17373 E BaiduAppSSOJni: error = No implementation found for byte[] com.baidu.android.pushservice.jni.BaiduAppSSOJni.getKey(java.lang.String) (tried Java_com_baidu_android_pushservice_jni_BaiduAppSSOJni_getKey and Java_com_baidu_android_pushservice_jni_BaiduAppSSOJni_getKey__Ljava_lang_String_2)
12-30 02:09:20.448 17373 17373 V CommonParams: get params exception: java.lang.NullPointerException: Attempt to invoke virtual method 'int java.lang.String.length()' on a null object reference
12-30 02:09:20.448  2484  2484 W Launcher: setApplicationContext called twice! old=com.android.launcher3.LauncherApplication@2b409507 new=com.android.launcher3.LauncherApplication@2b409507
12-30 02:09:20.449 17373 17373 E art     : No implementation found for byte[] com.baidu.android.pushservice.jni.BaiduAppSSOJni.getKey(java.lang.String) (tried Java_com_baidu_android_pushservice_jni_BaiduAppSSOJni_getKey and Java_com_baidu_android_pushservice_jni_BaiduAppSSOJni_getKey__Ljava_lang_String_2)
12-30 02:09:20.449 17373 17373 E BaiduAppSSOJni: error = No implementation found for byte[] com.baidu.android.pushservice.jni.BaiduAppSSOJni.getKey(java.lang.String) (tried Java_com_baidu_android_pushservice_jni_BaiduAppSSOJni_getKey and Java_com_baidu_android_pushservice_jni_BaiduAppSSOJni_getKey__Ljava_lang_String_2)
12-30 02:09:20.449 17373 17373 V CommonParams: get params exception: java.lang.NullPointerException: Attempt to invoke virtual method 'int java.lang.String.length()' on a null object reference
12-30 02:09:20.449 17373 17373 E art     : No implementation found for byte[] com.baidu.android.pushservice.jni.BaiduAppSSOJni.getKey(java.lang.String) (tried Java_com_baidu_android_pushservice_jni_BaiduAppSSOJni_getKey and Java_com_baidu_android_pushservice_jni_BaiduAppSSOJni_getKey__Ljava_lang_String_2)
12-30 02:09:20.449 17373 17373 E BaiduAppSSOJni: error = No implementation found for byte[] com.baidu.android.pushservice.jni.BaiduAppSSOJni.getKey(java.lang.String) (tried Java_com_baidu_android_pushservice_jni_BaiduAppSSOJni_getKey and Java_com_baidu_android_pushservice_jni_BaiduAppSSOJni_getKey__Ljava_lang_String_2)
12-30 02:09:20.449  2484  2484 W Launcher: setApplicationContext called twice! old=com.android.launcher3.LauncherApplication@2b409507 new=com.android.launcher3.LauncherApplication@2b409507
12-30 02:09:20.450 17373 17373 E socket  : Native library not found! Please copy libbdpush_V2_4.so into your project!
12-30 02:09:20.455 17373 17373 E art     : No implementation found for byte[] com.baidu.android.pushservice.jni.BaiduAppSSOJni.getKey(java.lang.String) (tried Java_com_baidu_android_pushservice_jni_BaiduAppSSOJni_getKey and Java_com_baidu_android_pushservice_jni_BaiduAppSSOJni_getKey__Ljava_lang_String_2)
12-30 02:09:20.455 17373 17373 E BaiduAppSSOJni: error = No implementation found for byte[] com.baidu.android.pushservice.jni.BaiduAppSSOJni.getKey(java.lang.String) (tried Java_com_baidu_android_pushservice_jni_BaiduAppSSOJni_getKey and Java_com_baidu_android_pushservice_jni_BaiduAppSSOJni_getKey__Ljava_lang_String_2)
12-30 02:09:20.455 17373 17373 V CommonParams: get params exception: java.lang.NullPointerException: Attempt to invoke virtual method 'int java.lang.String.length()' on a null object reference
12-30 02:09:20.455 17373 17373 E art     : No implementation found for byte[] com.baidu.android.pushservice.jni.BaiduAppSSOJni.getKey(java.lang.String) (tried Java_com_baidu_android_pushservice_jni_BaiduAppSSOJni_getKey and Java_com_baidu_android_pushservice_jni_BaiduAppSSOJni_getKey__Ljava_lang_String_2)
12-30 02:09:20.455 17373 17373 E BaiduAppSSOJni: error = No implementation found for byte[] com.baidu.android.pushservice.jni.BaiduAppSSOJni.getKey(java.lang.String) (tried Java_com_baidu_android_pushservice_jni_BaiduAppSSOJni_getKey and Java_com_baidu_android_pushservice_jni_BaiduAppSSOJni_getKey__Ljava_lang_String_2)
12-30 02:09:20.455 17373 17373 V CommonParams: get params exception: java.lang.NullPointerException: Attempt to invoke virtual method 'int java.lang.String.length()' on a null object reference
12-30 02:09:20.455 17373 17373 E art     : No implementation found for byte[] com.baidu.android.pushservice.jni.BaiduAppSSOJni.getKey(java.lang.String) (tried Java_com_baidu_android_pushservice_jni_BaiduAppSSOJni_getKey and Java_com_baidu_android_pushservice_jni_BaiduAppSSOJni_getKey__Ljava_lang_String_2)
12-30 02:09:20.455 17373 17373 E BaiduAppSSOJni: error = No implementation found for byte[] com.baidu.android.pushservice.jni.BaiduAppSSOJni.getKey(java.lang.String) (tried Java_com_baidu_android_pushservice_jni_BaiduAppSSOJni_getKey and Java_com_baidu_android_pushservice_jni_BaiduAppSSOJni_getKey__Ljava_lang_String_2)
12-30 02:09:20.456 17373 17373 E art     : No implementation found for byte[] com.baidu.android.pushservice.jni.BaiduAppSSOJni.getKey(java.lang.String) (tried Java_com_baidu_android_pushservice_jni_BaiduAppSSOJni_getKey and Java_com_baidu_android_pushservice_jni_BaiduAppSSOJni_getKey__Ljava_lang_String_2)
12-30 02:09:20.456 17373 17373 E BaiduAppSSOJni: error = No implementation found for byte[] com.baidu.android.pushservice.jni.BaiduAppSSOJni.getKey(java.lang.String) (tried Java_com_baidu_android_pushservice_jni_BaiduAppSSOJni_getKey and Java_com_baidu_android_pushservice_jni_BaiduAppSSOJni_getKey__Ljava_lang_String_2)
12-30 02:09:20.456 17373 17373 V CommonParams: get params exception: java.lang.NullPointerException: Attempt to invoke virtual method 'int java.lang.String.length()' on a null object reference
12-30 02:09:20.457 17373 17373 E art     : No implementation found for byte[] com.baidu.android.pushservice.jni.BaiduAppSSOJni.getKey(java.lang.String) (tried Java_com_baidu_android_pushservice_jni_BaiduAppSSOJni_getKey and Java_com_baidu_android_pushservice_jni_BaiduAppSSOJni_getKey__Ljava_lang_String_2)
12-30 02:09:20.457 17373 17373 E BaiduAppSSOJni: error = No implementation found for byte[] com.baidu.android.pushservice.jni.BaiduAppSSOJni.getKey(java.lang.String) (tried Java_com_baidu_android_pushservice_jni_BaiduAppSSOJni_getKey and Java_com_baidu_android_pushservice_jni_BaiduAppSSOJni_getKey__Ljava_lang_String_2)
12-30 02:09:20.457 17373 17373 V CommonParams: get params exception: java.lang.NullPointerException: Attempt to invoke virtual method 'int java.lang.String.length()' on a null object reference
12-30 02:09:20.457 17373 17373 E art     : No implementation found for byte[] com.baidu.android.pushservice.jni.BaiduAppSSOJni.getKey(java.lang.String) (tried Java_com_baidu_android_pushservice_jni_BaiduAppSSOJni_getKey and Java_com_baidu_android_pushservice_jni_BaiduAppSSOJni_getKey__Ljava_lang_String_2)
12-30 02:09:20.457 17373 17373 E BaiduAppSSOJni: error = No implementation found for byte[] com.baidu.android.pushservice.jni.BaiduAppSSOJni.getKey(java.lang.String) (tried Java_com_baidu_android_pushservice_jni_BaiduAppSSOJni_getKey and Java_com_baidu_android_pushservice_jni_BaiduAppSSOJni_getKey__Ljava_lang_String_2)
12-30 02:09:20.458 17373 17373 E art     : No implementation found for byte[] com.baidu.android.pushservice.jni.BaiduAppSSOJni.getKey(java.lang.String) (tried Java_com_baidu_android_pushservice_jni_BaiduAppSSOJni_getKey and Java_com_baidu_android_pushservice_jni_BaiduAppSSOJni_getKey__Ljava_lang_String_2)
12-30 02:09:20.458 17373 17373 E BaiduAppSSOJni: error = No implementation found for byte[] com.baidu.android.pushservice.jni.BaiduAppSSOJni.getKey(java.lang.String) (tried Java_com_baidu_android_pushservice_jni_BaiduAppSSOJni_getKey and Java_com_baidu_android_pushservice_jni_BaiduAppSSOJni_getKey__Ljava_lang_String_2)
12-30 02:09:20.458 17373 17373 V CommonParams: get params exception: java.lang.NullPointerException: Attempt to invoke virtual method 'int java.lang.String.length()' on a null object reference
12-30 02:09:20.458 17373 17373 E art     : No implementation found for byte[] com.baidu.android.pushservice.jni.BaiduAppSSOJni.getKey(java.lang.String) (tried Java_com_baidu_android_pushservice_jni_BaiduAppSSOJni_getKey and Java_com_baidu_android_pushservice_jni_BaiduAppSSOJni_getKey__Ljava_lang_String_2)
12-30 02:09:20.458 17373 17373 E BaiduAppSSOJni: error = No implementation found for byte[] com.baidu.android.pushservice.jni.BaiduAppSSOJni.getKey(java.lang.String) (tried Java_com_baidu_android_pushservice_jni_BaiduAppSSOJni_getKey and Java_com_baidu_android_pushservice_jni_BaiduAppSSOJni_getKey__Ljava_lang_String_2)
12-30 02:09:20.458 17373 17373 V CommonParams: get params exception: java.lang.NullPointerException: Attempt to invoke virtual method 'int java.lang.String.length()' on a null object reference
12-30 02:09:20.458 17373 17373 E art     : No implementation found for byte[] com.baidu.android.pushservice.jni.BaiduAppSSOJni.getKey(java.lang.String) (tried Java_com_baidu_android_pushservice_jni_BaiduAppSSOJni_getKey and Java_com_baidu_android_pushservice_jni_BaiduAppSSOJni_getKey__Ljava_lang_String_2)
12-30 02:09:20.458 17373 17373 E BaiduAppSSOJni: error = No implementation found for byte[] com.baidu.android.pushservice.jni.BaiduAppSSOJni.getKey(java.lang.String) (tried Java_com_baidu_android_pushservice_jni_BaiduAppSSOJni_getKey and Java_com_baidu_android_pushservice_jni_BaiduAppSSOJni_getKey__Ljava_lang_String_2)
12-30 02:09:20.459 17373 17373 I Process : Sending signal. PID: 17373 SIG: 9
12-30 02:09:20.467  2172  2192 I ActivityManager: Process com.baidu.netdisk:bdservice_v1 (pid 17373) has died
12-30 02:09:20.504  2172  4161 W BackupManagerService: dataChanged but no participant pkg='com.android.providers.settings' uid=10072
12-30 02:09:20.505 17342 17342 D AndroidRuntime: Shutting down VM
12-30 02:09:20.505 17342 17342 E AndroidRuntime: FATAL EXCEPTION: main
12-30 02:09:20.505 17342 17342 E AndroidRuntime: Process: com.baidu.netdisk, PID: 17342
12-30 02:09:20.505 17342 17342 E AndroidRuntime: java.lang.UnsatisfiedLinkError: dalvik.system.PathClassLoader[DexPathList[[zip file "/system/framework/android.test.runner.jar", zip file "/data/app/com.baidu.netdisk-1/base.apk"],nativeLibraryDirectories=[/data/app/com.baidu.netdisk-1/lib/x86, /vendor/lib, /system/lib]]] couldn't find "libBaiduMapSDK_v3_2_0_15.so"
12-30 02:09:20.505 17342 17342 E AndroidRuntime: 	at java.lang.Runtime.loadLibrary(Runtime.java:366)
12-30 02:09:20.505 17342 17342 E AndroidRuntime: 	at java.lang.System.loadLibrary(System.java:988)
12-30 02:09:20.505 17342 17342 E AndroidRuntime: 	at com.baidu.mapapi.a.<clinit>(Unknown Source)
12-30 02:09:20.505 17342 17342 E AndroidRuntime: 	at com.baidu.mapapi.SDKInitializer.initialize(Unknown Source)
12-30 02:09:20.505 17342 17342 E AndroidRuntime: 	at com.baidu.mapapi.SDKInitializer.initialize(Unknown Source)
12-30 02:09:20.505 17342 17342 E AndroidRuntime: 	at com.baidu.netdisk.NetDiskApplication.onCreate(SourceFile:234)
12-30 02:09:20.505 17342 17342 E AndroidRuntime: 	at android.app.Instrumentation.callApplicationOnCreate(Instrumentation.java:1012)
12-30 02:09:20.505 17342 17342 E AndroidRuntime: 	at android.app.ActivityThread.handleBindApplication(ActivityThread.java:4553)
12-30 02:09:20.505 17342 17342 E AndroidRuntime: 	at android.app.ActivityThread.access$1500(ActivityThread.java:151)
12-30 02:09:20.505 17342 17342 E AndroidRuntime: 	at android.app.ActivityThread$H.handleMessage(ActivityThread.java:1364)
12-30 02:09:20.505 17342 17342 E AndroidRuntime: 	at android.os.Handler.dispatchMessage(Handler.java:102)
12-30 02:09:20.505 17342 17342 E AndroidRuntime: 	at android.os.Looper.loop(Looper.java:135)
12-30 02:09:20.505 17342 17342 E AndroidRuntime: 	at android.app.ActivityThread.main(ActivityThread.java:5254)
12-30 02:09:20.505 17342 17342 E AndroidRuntime: 	at java.lang.reflect.Method.invoke(Native Method)
12-30 02:09:20.505 17342 17342 E AndroidRuntime: 	at java.lang.reflect.Method.invoke(Method.java:372)
12-30 02:09:20.505 17342 17342 E AndroidRuntime: 	at com.android.internal.os.ZygoteInit$MethodAndArgsCaller.run(ZygoteInit.java:903)
12-30 02:09:20.505 17342 17342 E AndroidRuntime: 	at com.android.internal.os.ZygoteInit.main(ZygoteInit.java:698)
12-30 02:09:20.506  2172  2197 W ResourcesManager: Asset path '/system/framework/android.test.runner.jar' does not exist or contains no resources.
12-30 02:09:20.508 17111 17111 W ResourcesManager: Asset path '/system/framework/android.test.runner.jar' does not exist or contains no resources.
12-30 02:09:20.509 17111 17111 I Process : Sending signal. PID: 17111 SIG: 9
12-30 02:09:20.515  2172  4162 W ActivityManager: getTasks: caller 10076 does not hold REAL_GET_TASKS; limiting output
12-30 02:09:20.543  2172  2246 D WifiService: Client connection lost with reason: 4
12-30 02:09:20.543  2172  2192 I ActivityManager: Process com.baidu.BaiduMap:bdservice_v1 (pid 17111) has died
12-30 02:09:20.543  2172  2192 W ActivityManager: Scheduling restart of crashed service com.baidu.BaiduMap/com.baidu.android.pushservice.PushService in 19711ms
12-30 02:09:20.547  2172  2229 I EGL-DRI2: DRI2: found extension DRI_Core version 1
12-30 02:09:20.547  2172  2229 I EGL-DRI2: DRI2: found extension DRI_DRI2 version 4
12-30 02:09:20.559  2172  2229 I EGL-DRI2: DRI2: found extension DRI_TexBuffer version 3
12-30 02:09:20.559  2172  2229 I EGL-DRI2: DRI2: found extension DRI2_Flush version 4
12-30 02:09:20.559  2172  2229 I EGL-DRI2: DRI2: found extension DRI_IMAGE version 11
12-30 02:09:20.559  2172  2229 I OpenGLRenderer: Initialized EGL, version 1.4
12-30 02:09:20.567  2172  2197 W ViewRootImpl: Cancelling event due to no window focus: KeyEvent { action=ACTION_UP, keyCode=KEYCODE_PERIOD, scanCode=52, metaState=META_NUM_LOCK_ON, flags=0x28, repeatCount=0, eventTime=3899577, downTime=3899401, deviceId=16, source=0x101 }
12-30 02:09:20.567  2172  2197 W ViewRootImpl: Cancelling event due to no window focus: KeyEvent { action=ACTION_UP, keyCode=KEYCODE_PERIOD, scanCode=52, metaState=META_NUM_LOCK_ON, flags=0x28, repeatCount=0, eventTime=3899577, downTime=3899401, deviceId=16, source=0x101 }
12-30 02:09:20.567  2172  2197 W ViewRootImpl: Cancelling event due to no window focus: KeyEvent { action=ACTION_UP, keyCode=KEYCODE_PERIOD, scanCode=52, metaState=META_NUM_LOCK_ON, flags=0x28, repeatCount=0, eventTime=3899577, downTime=3899401, deviceId=16, source=0x101 }
12-30 02:09:20.567  2172  2197 W ViewRootImpl: Cancelling event due to no window focus: KeyEvent { action=ACTION_UP, keyCode=KEYCODE_PERIOD, scanCode=52, metaState=META_NUM_LOCK_ON, flags=0x28, repeatCount=0, eventTime=3899577, downTime=3899401, deviceId=16, source=0x101 }
12-30 02:09:20.567  2172  2197 W ViewRootImpl: Cancelling event due to no window focus: KeyEvent { action=ACTION_UP, keyCode=KEYCODE_PERIOD, scanCode=52, metaState=META_NUM_LOCK_ON, flags=0x28, repeatCount=0, eventTime=3899577, downTime=3899401, deviceId=16, source=0x101 }
12-30 02:09:20.567  2172  2197 W ViewRootImpl: Cancelling event due to no window focus: KeyEvent { action=ACTION_UP, keyCode=KEYCODE_PERIOD, scanCode=52, metaState=META_NUM_LOCK_ON, flags=0x28, repeatCount=0, eventTime=3899577, downTime=3899401, deviceId=16, source=0x101 }
12-30 02:09:20.980  4134  4134 V xiaomi  : [Thread:1] Service called on timer
12-30 02:09:21.517  2172  3084 W ActivityManager: getTasks: caller 10076 does not hold REAL_GET_TASKS; limiting output
12-30 02:09:22.511 17433 17433 W linker  : [vdso]: unused DT entry: type 0x6ffffef5 arg 0x160
12-30 02:09:22.520  2172  3084 W ActivityManager: getTasks: caller 10076 does not hold REAL_GET_TASKS; limiting output
12-30 02:09:22.524 16695 16816 W System.err: org.apache.http.conn.ConnectTimeoutException: Connect to /140.206.176.31:80 timed out
12-30 02:09:22.524 16695 16816 W System.err: 	at org.apache.http.conn.scheme.PlainSocketFactory.connectSocket(PlainSocketFactory.java:126)
12-30 02:09:22.524 16695 16816 W System.err: 	at org.apache.http.impl.conn.DefaultClientConnectionOperator.openConnection(DefaultClientConnectionOperator.java:149)
12-30 02:09:22.524 16695 16816 W System.err: 	at org.apache.http.impl.conn.AbstractPoolEntry.open(AbstractPoolEntry.java:169)
12-30 02:09:22.524 16695 16816 W System.err: 	at org.apache.http.impl.conn.AbstractPooledConnAdapter.open(AbstractPooledConnAdapter.java:124)
12-30 02:09:22.524 16695 16816 W System.err: 	at org.apache.http.impl.client.DefaultRequestDirector.execute(DefaultRequestDirector.java:365)
12-30 02:09:22.524 16695 16816 W System.err: 	at org.apache.http.impl.client.AbstractHttpClient.execute(AbstractHttpClient.java:560)
12-30 02:09:22.524 16695 16816 W System.err: 	at org.apache.http.impl.client.AbstractHttpClient.execute(AbstractHttpClient.java:492)
12-30 02:09:22.524 16695 16816 W System.err: 	at org.apache.http.impl.client.AbstractHttpClient.execute(AbstractHttpClient.java:470)
12-30 02:09:22.524 16695 16816 W System.err: 	at com.unipay.net.HttpNet.b(Unknown Source)
12-30 02:09:22.524 16695 16816 W System.err: 	at com.unipay.net.AsyncMultimode$3.run(Unknown Source)
12-30 02:09:23.156  2172  2252 W AudioTrack: AUDIO_OUTPUT_FLAG_FAST denied by client
12-30 02:09:23.166 17342 17342 I Process : Sending signal. PID: 17342 SIG: 9
12-30 02:09:23.170  1905  2169 D audio_hw_primary: found out /dev/snd/pcmC0D0p
12-30 02:09:23.181  2172  2514 I ActivityManager: Process com.baidu.netdisk (pid 17342) has died
12-30 02:09:23.181  2172  2514 W ActivityManager: Service crashed 2 times, stopping: ServiceRecord{3324ccea u0 com.baidu.netdisk/.service.NetdiskService}
12-30 02:09:23.181  2172  2229 D OpenGLRenderer: endAllStagingAnimators on 0x7fdb4dc54c00 (RippleDrawable) with handle 0x7fdb4de9e620
12-30 02:09:23.189  2172  4161 W InputMethodManagerService: Window already focused, ignoring focus gain of: com.android.internal.view.IInputMethodClient$Stub$Proxy@3ea87605 attribute=null, token = android.os.BinderProxy@3e7fefc2
12-30 02:09:23.256 16759 16926 W System.err: org.apache.http.conn.ConnectTimeoutException: Connect to /140.206.176.31:80 timed out
12-30 02:09:23.256 16759 16926 W System.err: 	at org.apache.http.conn.scheme.PlainSocketFactory.connectSocket(PlainSocketFactory.java:126)
12-30 02:09:23.256 16759 16926 W System.err: 	at org.apache.http.impl.conn.DefaultClientConnectionOperator.openConnection(DefaultClientConnectionOperator.java:149)
12-30 02:09:23.256 16759 16926 W System.err: 	at org.apache.http.impl.conn.AbstractPoolEntry.open(AbstractPoolEntry.java:169)
12-30 02:09:23.256 16759 16926 W System.err: 	at org.apache.http.impl.conn.AbstractPooledConnAdapter.open(AbstractPooledConnAdapter.java:124)
12-30 02:09:23.256 16759 16926 W System.err: 	at org.apache.http.impl.client.DefaultRequestDirector.execute(DefaultRequestDirector.java:365)
12-30 02:09:23.256 16759 16926 W System.err: 	at org.apache.http.impl.client.AbstractHttpClient.execute(AbstractHttpClient.java:560)
12-30 02:09:23.256 16759 16926 W System.err: 	at org.apache.http.impl.client.AbstractHttpClient.execute(AbstractHttpClient.java:492)
12-30 02:09:23.256 16759 16926 W System.err: 	at org.apache.http.impl.client.AbstractHttpClient.execute(AbstractHttpClient.java:470)
12-30 02:09:23.256 16759 16926 W System.err: 	at com.unipay.net.HttpNet.b(Unknown Source)
12-30 02:09:23.256 16759 16926 W System.err: 	at com.unipay.net.AsyncMultimode$3.run(Unknown Source)
12-30 02:09:23.522  2172  7767 W ActivityManager: getTasks: caller 10076 does not hold REAL_GET_TASKS; limiting output
12-30 02:09:24.525  2172  9103 W ActivityManager: getTasks: caller 10076 does not hold REAL_GET_TASKS; limiting output
12-30 02:09:25.441  2172  2197 I ActivityManager: Start proc 17435:com.baidu.BaiduMap:bdservice_v1/u0a72 for broadcast com.baidu.BaiduMap/com.baidu.android.pushservice.RegistrationReceiver
12-30 02:09:25.444 17435 17435 D houdini : [17435] Initialize library(version: 5.2.2_y.47738 RELEASE)... successfully.
12-30 02:09:25.460 17435 17435 I ActivityThread: Switching default density from 160 to 240
12-30 02:09:25.469  2172  2191 W ActivityManager: getRunningAppProcesses: caller 10072 does not hold REAL_GET_TASKS; limiting output
12-30 02:09:25.470 17435 17435 I MultiDex: VM with version 2.1.0 has multidex support
12-30 02:09:25.470 17435 17435 I MultiDex: install
12-30 02:09:25.470 17435 17435 I MultiDex: VM has multidex support, MultiDex support library is disabled.
12-30 02:09:25.492 17435 17435 W ResourcesManager: Asset path '/system/framework/android.test.runner.jar' does not exist or contains no resources.
12-30 02:09:25.506 17435 17435 D houdini : [17435] Added shared library /data/app/com.baidu.BaiduMap-1/lib/arm/libbdpush_V2_4.so for ClassLoader by Native Bridge.
12-30 02:09:25.519 17435 17435 V CommonParams: cast to int com.baidu.pushservice.cur_period Exception. 
12-30 02:09:25.520 17435 17435 V CommonParams: cast to int com.baidu.android.pushservice.PushSettings.internal_debug_mode Exception. 
12-30 02:09:25.526  2172  4161 W ActivityManager: getTasks: caller 10076 does not hold REAL_GET_TASKS; limiting output
12-30 02:09:25.527 17435 17435 W ResourcesManager: Asset path '/system/framework/android.test.runner.jar' does not exist or contains no resources.
12-30 02:09:25.532 17435 17435 V CommonParams: cast to int com.baidu.pushservice.cur_period Exception. 
12-30 02:09:25.536 17435 17435 I Process : Sending signal. PID: 17435 SIG: 9
12-30 02:09:25.544  2172  2334 I ActivityManager: Process com.baidu.BaiduMap:bdservice_v1 (pid 17435) has died
12-30 02:09:25.631 17475 17475 W linker  : [vdso]: unused DT entry: type 0x6ffffef5 arg 0x160
