01-12 01:53:27.251  6004  6004 D houdini : [6004] Added shared library /data/data/com.tencent.mobileqq/txlib/libcodecwrapperV2.so for ClassLoader by Native Bridge.
01-12 01:53:27.252  6004  6004 D MSF.C.CodecWarpper: [E]set so version to 600
01-12 01:53:27.253  6004  6004 D MSF.C.ConfigManager: [E]login merge configuration not be found.
01-12 01:53:27.254  6004  6004 D MSF.C.ConfigManager: [E]login merge whitelist not be found.
01-12 01:53:27.254  6004  6004 D MSF.C.ConfigManager: [E]login merge duration not be found.
01-12 01:53:27.254  6004  6004 D MSF.C.NetConnTag: [E]noTry loadTestServerConfig by release
01-12 01:53:27.265  6077  6077 W linker  : [vdso]: unused DT entry: type 0x6ffffef5 arg 0x160
01-12 01:53:27.266  2147  5371 W ActivityManager: getRunningAppProcesses: caller 10061 does not hold REAL_GET_TASKS; limiting output
01-12 01:53:27.271  6004  6075 D MSF.C.NetConnInfoCenter: [E]currentAPN:null. received networkInfo: CONNECTED :[type: Ethernet[], state: CONNECTED/CONNECTED, reason: (unspecified), extra: f8:32:e4:a0:25:09, roaming: false, failover: false, isAvailable: true, isConnectedToProvisioningNetwork: false]. extra NetworkInfo: null
01-12 01:53:27.271  6004  6004 D MSF.C.ConfigManager: [E]StandbyMode whitelist not be found.
01-12 01:53:27.271  6004  6075 D MSF.C.NetConnTag: [E]resetUserSimpleHead not connect network
01-12 01:53:27.281  6004  6004 D MSF.C.MsfCore: [E]MsfCore init finished.
01-12 01:53:27.288  6004  6075 D MSF.C.NetConnTag: [E]pa ok: 52201
01-12 01:53:27.289  2147  2424 W ActivityManager: getTasks: caller 10061 does not hold REAL_GET_TASKS; limiting output
01-12 01:53:27.289  6004  6075 W Settings: Setting airplane_mode_on has moved from android.provider.Settings.System to android.provider.Settings.Global, returning read-only value.
01-12 01:53:27.292  6004  6075 D MSF.C.NetConnTag: [E]try open Conn msfwifi.3g.qq.com/140.207.123.177:8080 noneProxy
01-12 01:53:27.314  2147  2490 I ActivityManager: START u0 {act=android.intent.action.MAIN cat=[android.intent.category.LAUNCHER] flg=0x14000000 pkg=com.tencent.mobileqq cmp=com.tencent.mobileqq/.activity.SplashActivity} from uid 10061 on display 0
01-12 01:53:27.316  2147  2490 V WindowManager: addAppToken: AppWindowToken{2af2fd2b token=Token{2acf017a ActivityRecord{23a839a5 u0 com.tencent.mobileqq/.activity.SplashActivity t18}}} to stack=1 task=18 at 1
01-12 01:53:27.320  6004  6075 D MSF.C.NetConnTag: [E]open conn at msfwifi.3g.qq.com/140.207.123.177:8080 costTime:27 configTimeout: 20000 localSocket:192.168.0.141:59822 noneProxy
01-12 01:53:27.320  6004  6075 D MSF.C.NetConnTag: [E]ssoping seq: 52202 timeout: 12000
01-12 01:53:27.320  6004  6075 D MSF.C.NetConnTag: [E]netSend ssoSeq:52202 uin:0 cmd:76640 52223
01-12 01:53:27.321  5960  5960 I AutoMonitor: [E]onActivityCreate when 5, com.tencent.mobileqq.activity.SplashActivity@272d7cdc
01-12 01:53:27.322  6004  6075 D MsfAliveMonitor: [E]onEventBegin: conn
01-12 01:53:27.322  6004  6075 D MsfAliveMonitor: [E]onEventAlive by conn begin: service
01-12 01:53:27.323  6004  6075 D MSF.C.NetConnInfoCenter: [E]currentAPN:null. received networkInfo: CONNECTED :[type: Ethernet[], state: CONNECTED/CONNECTED, reason: (unspecified), extra: f8:32:e4:a0:25:09, roaming: false, failover: false, isAvailable: true, isConnectedToProvisioningNetwork: false]. extra NetworkInfo: null
01-12 01:53:27.326  5960  5960 D MSF.D.RemoteServiceProxy: [E]wait start com.tencent.mobileqq.msf.service.MsfService service result, skiped...
01-12 01:53:27.326  5960  5960 D MSF.D.RemoteServiceProxy: [E]sdk version:22
01-12 01:53:27.327  2147  2490 I ActivityManager: START u0 {act=android.intent.action.MAIN cat=[android.intent.category.LAUNCHER] flg=0x14040000 pkg=com.tencent.mobileqq cmp=com.tencent.mobileqq/.activity.UserguideActivity (has extras)} from uid 10061 on display 0
01-12 01:53:27.329  2147  2490 V WindowManager: addAppToken: AppWindowToken{106845d2 token=Token{1e74f85d ActivityRecord{11d00234 u0 com.tencent.mobileqq/.activity.UserguideActivity t19}}} to stack=1 task=19 at 0
01-12 01:53:27.333  5960  5960 I AutoMonitor: [E]onActivityCreate when 6, com.tencent.mobileqq.activity.UserguideActivity@f982747
01-12 01:53:27.334  6004  6075 D MSF.C.NetConnTag: [E]p ok re1: 52201
01-12 01:53:27.334  6004  6075 D MSF.C.NetConnTag: [E]netSend ssoSeq:52201 uin:0 cmd:-1591668360 52719
01-12 01:53:27.347  5960  6087 D OpenGLRenderer: Use EGL_SWAP_BEHAVIOR_PRESERVED: true
01-12 01:53:27.347  6004  6085 D MSF.C.NetConnTag: [E]netRecv ssoSeq:52202 uin:0 cmd:76640 52223
01-12 01:53:27.347  2147  3692 V WindowManager: Adding window Window{1b850da0 u0 com.tencent.mobileqq/com.tencent.mobileqq.activity.UserguideActivity} at 8 of 13 (after Window{15dd9fe5 u0 com.tencent.mobileqq/com.tencent.mobileqq.activity.InstallActivity})
01-12 01:53:27.362  2276  2276 V PhoneStatusBar: setLightsOn(true)
01-12 01:53:27.374  6004  6085 D MSF.C.NetConnTag: [E]netRecv ssoSeq:52201 uin:0 cmd:-1591668360 56992
01-12 01:53:27.375  5960  6087 I EGL-DRI2: DRI2: found extension DRI_Core version 1
01-12 01:53:27.375  5960  6087 I EGL-DRI2: DRI2: found extension DRI_DRI2 version 4
01-12 01:53:27.382  5960  6087 I EGL-DRI2: DRI2: found extension DRI_TexBuffer version 3
01-12 01:53:27.382  5960  6087 I EGL-DRI2: DRI2: found extension DRI2_Flush version 4
01-12 01:53:27.382  5960  6087 I EGL-DRI2: DRI2: found extension DRI_IMAGE version 11
01-12 01:53:27.382  5960  6087 I OpenGLRenderer: Initialized EGL, version 1.4
01-12 01:53:27.382  5960  6087 W OpenGLRenderer: Failed to choose config with EGL_SWAP_BEHAVIOR_PRESERVED, retrying without...
01-12 01:53:27.384  5960  6087 D OpenGLRenderer: Enabling debug mode 0
01-12 01:53:27.386  2147  2486 W ActivityManager: getRunningAppProcesses: caller 10061 does not hold REAL_GET_TASKS; limiting output
01-12 01:53:27.386  5960  5960 D MSF.D.RemoteServiceProxy: [E]wait start com.tencent.mobileqq.msf.service.MsfService service result, skiped...
01-12 01:53:27.386  5960  5960 D MSF.D.RemoteServiceProxy: [E]sdk version:22
01-12 01:53:27.386  5960  6088 D appMemory: QLog init retry 
01-12 01:53:27.435  2147  2177 I ActivityManager: Displayed com.tencent.mobileqq/.activity.UserguideActivity: +104ms (total +117ms)
01-12 01:53:27.514  6004  6004 D MSF.S.MsfService: [E]serivce onBind by :null
01-12 01:53:27.515  6004  6004 D MSF.S.MsfService: [E]serivce onStart
01-12 01:53:27.515  6004  6004 D MSF.S.MsfService: [E]serivce onStart
01-12 01:53:27.515  6004  6004 D MSF.S.MsfService: [E]serivce onStart
01-12 01:53:27.516  2147  2167 W ActivityManager: getRunningAppProcesses: caller 10061 does not hold REAL_GET_TASKS; limiting output
01-12 01:53:27.517  5960  5960 D MSF.D.RemoteServiceProxy: [E]Property get avail memory:15905492992
01-12 01:53:27.518  5960  5960 D MSF.D.RemoteServiceProxy: [E]Property get low memory feature:false
01-12 01:53:27.538  5960  5960 I System  : Loaded time zone names for "zh_CN" in 20ms (19ms in ICU)
01-12 01:53:27.538  2147  2297 W ActivityManager: getRunningAppProcesses: caller 10061 does not hold REAL_GET_TASKS; limiting output
01-12 01:53:27.539  5960  5960 D MSF.D.RemoteServiceProxy: [E]isMsfAlive:true, cur service process count:35
01-12 01:53:27.539  5960  5960 D MSF.D.RemoteServiceProxy: [E]succ to pull msf service.
01-12 01:53:27.622  5960  5979 D MSF.D.QLogImpl: [E]set UIN_REPORTLOG_LEVEL 1
01-12 01:53:27.680  5960  5980 D MSF.D.QLogImpl: [E]set UIN_REPORTLOG_LEVEL 1
01-12 01:53:27.767  6004  6042 E SQLiteLog: (5) database is locked
01-12 01:53:27.828  6004  6042 E SQLiteDatabase: Failed to open database '/data/data/com.tencent.mobileqq/databases/eup_db'.
01-12 01:53:27.828  6004  6042 E SQLiteDatabase: android.database.sqlite.SQLiteDatabaseLockedException: database is locked (code 5): , while compiling: PRAGMA journal_mode
01-12 01:53:27.828  6004  6042 E SQLiteDatabase: 	at android.database.sqlite.SQLiteConnection.nativePrepareStatement(Native Method)
01-12 01:53:27.828  6004  6042 E SQLiteDatabase: 	at android.database.sqlite.SQLiteConnection.acquirePreparedStatement(SQLiteConnection.java:889)
01-12 01:53:27.828  6004  6042 E SQLiteDatabase: 	at android.database.sqlite.SQLiteConnection.executeForString(SQLiteConnection.java:634)
01-12 01:53:27.828  6004  6042 E SQLiteDatabase: 	at android.database.sqlite.SQLiteConnection.setJournalMode(SQLiteConnection.java:320)
01-12 01:53:27.828  6004  6042 E SQLiteDatabase: 	at android.database.sqlite.SQLiteConnection.setWalModeFromConfiguration(SQLiteConnection.java:294)
01-12 01:53:27.828  6004  6042 E SQLiteDatabase: 	at android.database.sqlite.SQLiteConnection.open(SQLiteConnection.java:215)
01-12 01:53:27.828  6004  6042 E SQLiteDatabase: 	at android.database.sqlite.SQLiteConnection.open(SQLiteConnection.java:193)
01-12 01:53:27.828  6004  6042 E SQLiteDatabase: 	at android.database.sqlite.SQLiteConnectionPool.openConnectionLocked(SQLiteConnectionPool.java:463)
01-12 01:53:27.828  6004  6042 E SQLiteDatabase: 	at android.database.sqlite.SQLiteConnectionPool.open(SQLiteConnectionPool.java:185)
01-12 01:53:27.828  6004  6042 E SQLiteDatabase: 	at android.database.sqlite.SQLiteConnectionPool.open(SQLiteConnectionPool.java:177)
01-12 01:53:27.828  6004  6042 E SQLiteDatabase: 	at android.database.sqlite.SQLiteDatabase.openInner(SQLiteDatabase.java:806)
01-12 01:53:27.828  6004  6042 E SQLiteDatabase: 	at android.database.sqlite.SQLiteDatabase.open(SQLiteDatabase.java:791)
01-12 01:53:27.828  6004  6042 E SQLiteDatabase: 	at android.database.sqlite.SQLiteDatabase.openDatabase(SQLiteDatabase.java:694)
01-12 01:53:27.828  6004  6042 E SQLiteDatabase: 	at android.app.ContextImpl.openOrCreateDatabase(ContextImpl.java:1148)
01-12 01:53:27.828  6004  6042 E SQLiteDatabase: 	at android.content.ContextWrapper.openOrCreateDatabase(ContextWrapper.java:268)
01-12 01:53:27.828  6004  6042 E SQLiteDatabase: 	at android.database.sqlite.SQLiteOpenHelper.getDatabaseLocked(SQLiteOpenHelper.java:223)
01-12 01:53:27.828  6004  6042 E SQLiteDatabase: 	at android.database.sqlite.SQLiteOpenHelper.getWritableDatabase(SQLiteOpenHelper.java:163)
01-12 01:53:27.828  6004  6042 E SQLiteDatabase: 	at com.tencent.feedback.proguard.n.getWritableDatabase(RQDSRC:198)
01-12 01:53:27.828  6004  6042 E SQLiteDatabase: 	at com.tencent.feedback.proguard.l.a(RQDSRC:40)
01-12 01:53:27.828  6004  6042 E SQLiteDatabase: 	at com.tencent.feedback.eup.jni.a.run(RQDSRC:86)
01-12 01:53:27.828  6004  6042 E SQLiteDatabase: 	at java.util.concurrent.Executors$RunnableAdapter.call(Executors.java:422)
01-12 01:53:27.828  6004  6042 E SQLiteDatabase: 	at java.util.concurrent.FutureTask.run(FutureTask.java:237)
01-12 01:53:27.828  6004  6042 E SQLiteDatabase: 	at java.util.concurrent.ScheduledThreadPoolExecutor$ScheduledFutureTask.access$201(ScheduledThreadPoolExecutor.java:152)
01-12 01:53:27.828  6004  6042 E SQLiteDatabase: 	at java.util.concurrent.ScheduledThreadPoolExecutor$ScheduledFutureTask.run(ScheduledThreadPoolExecutor.java:265)
01-12 01:53:27.828  6004  6042 E SQLiteDatabase: 	at java.util.concurrent.ThreadPoolExecutor.runWorker(ThreadPoolExecutor.java:1112)
01-12 01:53:27.828  6004  6042 E SQLiteDatabase: 	at java.util.concurrent.ThreadPoolExecutor$Worker.run(ThreadPoolExecutor.java:587)
01-12 01:53:27.828  6004  6042 E SQLiteDatabase: 	at java.lang.Thread.run(Thread.java:818)
01-12 01:53:27.868  5960  6068 D MSF.D.QLogImpl: [E]set UIN_REPORTLOG_LEVEL 1
01-12 01:53:28.008  2147  5373 W ActivityManager: getRunningAppProcesses: caller 10061 does not hold REAL_GET_TASKS; limiting output
01-12 01:53:28.009  2147  2490 W ActivityManager: getRunningAppProcesses: caller 10061 does not hold REAL_GET_TASKS; limiting output
01-12 01:53:28.009  2147  2446 W ActivityManager: getRunningAppProcesses: caller 10061 does not hold REAL_GET_TASKS; limiting output
01-12 01:53:28.173  6004  6085 D MSF.C.ConfigManager: [E]StandbyMode whitelist not be found.
01-12 01:53:28.785  6004  6041 E SQLiteLog: (5) database is locked
01-12 01:53:28.785  6004  6041 E SQLiteDatabase: Failed to open database '/data/data/com.tencent.mobileqq/databases/eup_db'.
01-12 01:53:28.785  6004  6041 E SQLiteDatabase: android.database.sqlite.SQLiteDatabaseLockedException: database is locked (code 5): , while compiling: PRAGMA journal_mode
01-12 01:53:28.785  6004  6041 E SQLiteDatabase: 	at android.database.sqlite.SQLiteConnection.nativePrepareStatement(Native Method)
01-12 01:53:28.785  6004  6041 E SQLiteDatabase: 	at android.database.sqlite.SQLiteConnection.acquirePreparedStatement(SQLiteConnection.java:889)
01-12 01:53:28.785  6004  6041 E SQLiteDatabase: 	at android.database.sqlite.SQLiteConnection.executeForString(SQLiteConnection.java:634)
01-12 01:53:28.785  6004  6041 E SQLiteDatabase: 	at android.database.sqlite.SQLiteConnection.setJournalMode(SQLiteConnection.java:320)
01-12 01:53:28.785  6004  6041 E SQLiteDatabase: 	at android.database.sqlite.SQLiteConnection.setWalModeFromConfiguration(SQLiteConnection.java:294)
01-12 01:53:28.785  6004  6041 E SQLiteDatabase: 	at android.database.sqlite.SQLiteConnection.open(SQLiteConnection.java:215)
01-12 01:53:28.785  6004  6041 E SQLiteDatabase: 	at android.database.sqlite.SQLiteConnection.open(SQLiteConnection.java:193)
01-12 01:53:28.785  6004  6041 E SQLiteDatabase: 	at android.database.sqlite.SQLiteConnectionPool.openConnectionLocked(SQLiteConnectionPool.java:463)
01-12 01:53:28.785  6004  6041 E SQLiteDatabase: 	at android.database.sqlite.SQLiteConnectionPool.open(SQLiteConnectionPool.java:185)
01-12 01:53:28.785  6004  6041 E SQLiteDatabase: 	at android.database.sqlite.SQLiteConnectionPool.open(SQLiteConnectionPool.java:177)
01-12 01:53:28.785  6004  6041 E SQLiteDatabase: 	at android.database.sqlite.SQLiteDatabase.openInner(SQLiteDatabase.java:806)
01-12 01:53:28.785  6004  6041 E SQLiteDatabase: 	at android.database.sqlite.SQLiteDatabase.open(SQLiteDatabase.java:791)
01-12 01:53:28.785  6004  6041 E SQLiteDatabase: 	at android.database.sqlite.SQLiteDatabase.openDatabase(SQLiteDatabase.java:694)
01-12 01:53:28.785  6004  6041 E SQLiteDatabase: 	at android.app.ContextImpl.openOrCreateDatabase(ContextImpl.java:1148)
01-12 01:53:28.785  6004  6041 E SQLiteDatabase: 	at android.content.ContextWrapper.openOrCreateDatabase(ContextWrapper.java:268)
01-12 01:53:28.785  6004  6041 E SQLiteDatabase: 	at android.database.sqlite.SQLiteOpenHelper.getDatabaseLocked(SQLiteOpenHelper.java:223)
01-12 01:53:28.785  6004  6041 E SQLiteDatabase: 	at android.database.sqlite.SQLiteOpenHelper.getWritableDatabase(SQLiteOpenHelper.java:163)
01-12 01:53:28.785  6004  6041 E SQLiteDatabase: 	at com.tencent.feedback.proguard.n.getWritableDatabase(RQDSRC:198)
01-12 01:53:28.785  6004  6041 E SQLiteDatabase: 	at com.tencent.feedback.proguard.l.c(RQDSRC:142)
01-12 01:53:28.785  6004  6041 E SQLiteDatabase: 	at com.tencent.feedback.proguard.u.run(RQDSRC:350)
01-12 01:53:28.785  6004  6041 E SQLiteDatabase: 	at java.util.concurrent.Executors$RunnableAdapter.call(Executors.java:422)
01-12 01:53:28.785  6004  6041 E SQLiteDatabase: 	at java.util.concurrent.FutureTask.run(FutureTask.java:237)
01-12 01:53:28.785  6004  6041 E SQLiteDatabase: 	at java.util.concurrent.ScheduledThreadPoolExecutor$ScheduledFutureTask.access$201(ScheduledThreadPoolExecutor.java:152)
01-12 01:53:28.785  6004  6041 E SQLiteDatabase: 	at java.util.concurrent.ScheduledThreadPoolExecutor$ScheduledFutureTask.run(ScheduledThreadPoolExecutor.java:265)
01-12 01:53:28.785  6004  6041 E SQLiteDatabase: 	at java.util.concurrent.ThreadPoolExecutor.runWorker(ThreadPoolExecutor.java:1112)
01-12 01:53:28.785  6004  6041 E SQLiteDatabase: 	at java.util.concurrent.ThreadPoolExecutor$Worker.run(ThreadPoolExecutor.java:587)
01-12 01:53:28.785  6004  6041 E SQLiteDatabase: 	at java.lang.Thread.run(Thread.java:818)
01-12 01:53:28.793  5960  6062 E SQLiteLog: (5) database is locked
01-12 01:53:28.794  5960  6062 E SQLiteDatabase: Failed to open database '/data/data/com.tencent.mobileqq/databases/eup_db'.
01-12 01:53:28.794  5960  6062 E SQLiteDatabase: android.database.sqlite.SQLiteDatabaseLockedException: database is locked (code 5): , while compiling: PRAGMA journal_mode
01-12 01:53:28.794  5960  6062 E SQLiteDatabase: 	at android.database.sqlite.SQLiteConnection.nativePrepareStatement(Native Method)
01-12 01:53:28.794  5960  6062 E SQLiteDatabase: 	at android.database.sqlite.SQLiteConnection.acquirePreparedStatement(SQLiteConnection.java:889)
01-12 01:53:28.794  5960  6062 E SQLiteDatabase: 	at android.database.sqlite.SQLiteConnection.executeForString(SQLiteConnection.java:634)
01-12 01:53:28.794  5960  6062 E SQLiteDatabase: 	at android.database.sqlite.SQLiteConnection.setJournalMode(SQLiteConnection.java:320)
01-12 01:53:28.794  5960  6062 E SQLiteDatabase: 	at android.database.sqlite.SQLiteConnection.setWalModeFromConfiguration(SQLiteConnection.java:294)
01-12 01:53:28.794  5960  6062 E SQLiteDatabase: 	at android.database.sqlite.SQLiteConnection.open(SQLiteConnection.java:215)
01-12 01:53:28.794  5960  6062 E SQLiteDatabase: 	at android.database.sqlite.SQLiteConnection.open(SQLiteConnection.java:193)
01-12 01:53:28.794  5960  6062 E SQLiteDatabase: 	at android.database.sqlite.SQLiteConnectionPool.openConnectionLocked(SQLiteConnectionPool.java:463)
01-12 01:53:28.794  5960  6062 E SQLiteDatabase: 	at android.database.sqlite.SQLiteConnectionPool.open(SQLiteConnectionPool.java:185)
01-12 01:53:28.794  5960  6062 E SQLiteDatabase: 	at android.database.sqlite.SQLiteConnectionPool.open(SQLiteConnectionPool.java:177)
01-12 01:53:28.794  5960  6062 E SQLiteDatabase: 	at android.database.sqlite.SQLiteDatabase.openInner(SQLiteDatabase.java:806)
01-12 01:53:28.794  5960  6062 E SQLiteDatabase: 	at android.database.sqlite.SQLiteDatabase.open(SQLiteDatabase.java:791)
01-12 01:53:28.794  5960  6062 E SQLiteDatabase: 	at android.database.sqlite.SQLiteDatabase.openDatabase(SQLiteDatabase.java:694)
01-12 01:53:28.794  5960  6062 E SQLiteDatabase: 	at android.app.ContextImpl.openOrCreateDatabase(ContextImpl.java:1148)
01-12 01:53:28.794  5960  6062 E SQLiteDatabase: 	at android.content.ContextWrapper.openOrCreateDatabase(ContextWrapper.java:268)
01-12 01:53:28.794  5960  6062 E SQLiteDatabase: 	at android.database.sqlite.SQLiteOpenHelper.getDatabaseLocked(SQLiteOpenHelper.java:223)
01-12 01:53:28.794  5960  6062 E SQLiteDatabase: 	at android.database.sqlite.SQLiteOpenHelper.getWritableDatabase(SQLiteOpenHelper.java:163)
01-12 01:53:28.794  5960  6062 E SQLiteDatabase: 	at com.tencent.feedback.proguard.n.getWritableDatabase(RQDSRC:198)
01-12 01:53:28.794  5960  6062 E SQLiteDatabase: 	at com.tencent.feedback.proguard.l.c(RQDSRC:142)
01-12 01:53:28.794  5960  6062 E SQLiteDatabase: 	at com.tencent.feedback.proguard.u.run(RQDSRC:350)
01-12 01:53:28.794  5960  6062 E SQLiteDatabase: 	at java.util.concurrent.Executors$RunnableAdapter.call(Executors.java:422)
01-12 01:53:28.794  5960  6062 E SQLiteDatabase: 	at java.util.concurrent.FutureTask.run(FutureTask.java:237)
01-12 01:53:28.794  5960  6062 E SQLiteDatabase: 	at java.util.concurrent.ScheduledThreadPoolExecutor$ScheduledFutureTask.access$201(ScheduledThreadPoolExecutor.java:152)
01-12 01:53:28.794  5960  6062 E SQLiteDatabase: 	at java.util.concurrent.ScheduledThreadPoolExecutor$ScheduledFutureTask.run(ScheduledThreadPoolExecutor.java:265)
01-12 01:53:28.794  5960  6062 E SQLiteDatabase: 	at java.util.concurrent.ThreadPoolExecutor.runWorker(ThreadPoolExecutor.java:1112)
01-12 01:53:28.794  5960  6062 E SQLiteDatabase: 	at java.util.concurrent.ThreadPoolExecutor$Worker.run(ThreadPoolExecutor.java:587)
01-12 01:53:28.794  5960  6062 E SQLiteDatabase: 	at java.lang.Thread.run(Thread.java:818)
01-12 01:53:29.324  6004  6075 D MSF.C.NetConnTag: [E]pa ok: 52220
01-12 01:53:29.325  6004  6075 D MSF.C.NetConnTag: [E]netSend ssoSeq:52220 uin:0 cmd:1352667419 52346
01-12 01:53:29.342  2147  5373 W ActivityManager: getRunningAppProcesses: caller 10061 does not hold REAL_GET_TASKS; limiting output
01-12 01:53:29.342  2147  2490 W ActivityManager: getRunningAppProcesses: caller 10061 does not hold REAL_GET_TASKS; limiting output
01-12 01:53:29.343  2147  2424 W ActivityManager: getRunningAppProcesses: caller 10061 does not hold REAL_GET_TASKS; limiting output
01-12 01:53:29.346  2147  2297 W ActivityManager: getRunningAppProcesses: caller 10061 does not hold REAL_GET_TASKS; limiting output
01-12 01:53:29.346  2147  3692 W ActivityManager: getRunningAppProcesses: caller 10061 does not hold REAL_GET_TASKS; limiting output
01-12 01:53:29.347  2147  2167 W ActivityManager: getRunningAppProcesses: caller 10061 does not hold REAL_GET_TASKS; limiting output
01-12 01:53:29.348  2147  2297 W ActivityManager: getRunningAppProcesses: caller 10061 does not hold REAL_GET_TASKS; limiting output
01-12 01:53:29.351  6004  6085 D MSF.C.NetConnTag: [E]netRecv ssoSeq:52220 uin:0 cmd:1352667419 52286
01-12 01:53:29.489  2147  2230 D TaskPersister: removeObsoleteFile: deleting file=18_task.xml
01-12 01:53:30.174  6106  6106 W linker  : [vdso]: unused DT entry: type 0x6ffffef5 arg 0x160
01-12 01:53:30.266  6004  6043 W beacon  : onUserAction return false, because eventName:[dim.Msf.IMEIReading] is not allowed in server strategy!
01-12 01:53:30.266  6004  6043 W beacon  : onUserAction return false, because eventName:[dim.Msf.LoadPushTimes] is not allowed in server strategy!
01-12 01:53:30.266  2147  2424 W ActivityManager: getTasks: caller 10061 does not hold REAL_GET_TASKS; limiting output
01-12 01:53:30.266  6004  6043 W Settings: Setting airplane_mode_on has moved from android.provider.Settings.System to android.provider.Settings.Global, returning read-only value.
01-12 01:53:30.266  6004  6043 W beacon  : onUserAction return false, because eventName:[loadSo] is not allowed in server strategy!
01-12 01:53:30.266  2147  5372 W ActivityManager: getTasks: caller 10061 does not hold REAL_GET_TASKS; limiting output
01-12 01:53:30.266  6004  6043 W Settings: Setting airplane_mode_on has moved from android.provider.Settings.System to android.provider.Settings.Global, returning read-only value.
01-12 01:53:30.266  6004  6043 W beacon  : onUserAction return false, because eventName:[loadSo] is not allowed in server strategy!
01-12 01:53:30.267  2147  3692 W ActivityManager: getTasks: caller 10061 does not hold REAL_GET_TASKS; limiting output
01-12 01:53:30.267  6004  6043 W Settings: Setting airplane_mode_on has moved from android.provider.Settings.System to android.provider.Settings.Global, returning read-only value.
01-12 01:53:30.267  6004  6043 W beacon  : onUserAction return false, because eventName:[loadSo] is not allowed in server strategy!
01-12 01:53:30.267  2147  2167 W ActivityManager: getTasks: caller 10061 does not hold REAL_GET_TASKS; limiting output
01-12 01:53:30.267  6004  6043 W Settings: Setting airplane_mode_on has moved from android.provider.Settings.System to android.provider.Settings.Global, returning read-only value.
01-12 01:53:30.267  6004  6043 W beacon  : onUserAction return false, because eventName:[loadSo] is not allowed in server strategy!
01-12 01:53:30.267  2147  2446 W ActivityManager: getTasks: caller 10061 does not hold REAL_GET_TASKS; limiting output
01-12 01:53:30.267  6004  6043 W Settings: Setting airplane_mode_on has moved from android.provider.Settings.System to android.provider.Settings.Global, returning read-only value.
01-12 01:53:30.267  6004  6043 W beacon  : onUserAction return false, because eventName:[loadSo] is not allowed in server strategy!
01-12 01:53:30.267  2147  2490 W ActivityManager: getTasks: caller 10061 does not hold REAL_GET_TASKS; limiting output
01-12 01:53:30.267  6004  6043 W Settings: Setting airplane_mode_on has moved from android.provider.Settings.System to android.provider.Settings.Global, returning read-only value.
01-12 01:53:30.267  6004  6043 W beacon  : onUserAction return false, because eventName:[loadSo] is not allowed in server strategy!
01-12 01:53:30.267  2147  2297 W ActivityManager: getTasks: caller 10061 does not hold REAL_GET_TASKS; limiting output
01-12 01:53:30.267  6004  6043 W Settings: Setting airplane_mode_on has moved from android.provider.Settings.System to android.provider.Settings.Global, returning read-only value.
01-12 01:53:30.267  6004  6043 W beacon  : onUserAction return false, because eventName:[loadSoNew] is not allowed in server strategy!
01-12 01:53:30.267  2147  2486 W ActivityManager: getTasks: caller 10061 does not hold REAL_GET_TASKS; limiting output
01-12 01:53:30.267  6004  6043 W Settings: Setting airplane_mode_on has moved from android.provider.Settings.System to android.provider.Settings.Global, returning read-only value.
01-12 01:53:30.268  6004  6043 W beacon  : onUserAction return false, because eventName:[loadSoOld] is not allowed in server strategy!
01-12 01:53:30.268  2147  2167 W ActivityManager: getTasks: caller 10061 does not hold REAL_GET_TASKS; limiting output
01-12 01:53:30.268  6004  6043 W Settings: Setting airplane_mode_on has moved from android.provider.Settings.System to android.provider.Settings.Global, returning read-only value.
01-12 01:53:30.268  2147  2446 W ActivityManager: getRunningAppProcesses: caller 10061 does not hold REAL_GET_TASKS; limiting output
01-12 01:53:30.532  6004  6042 E SQLiteLog: (5) database is locked
01-12 01:53:30.533  6004  6042 E SQLiteDatabase: Failed to open database '/data/data/com.tencent.mobileqq/databases/eup_db'.
01-12 01:53:30.533  6004  6042 E SQLiteDatabase: android.database.sqlite.SQLiteDatabaseLockedException: database is locked (code 5): , while compiling: PRAGMA journal_mode
01-12 01:53:30.533  6004  6042 E SQLiteDatabase: 	at android.database.sqlite.SQLiteConnection.nativePrepareStatement(Native Method)
01-12 01:53:30.533  6004  6042 E SQLiteDatabase: 	at android.database.sqlite.SQLiteConnection.acquirePreparedStatement(SQLiteConnection.java:889)
01-12 01:53:30.533  6004  6042 E SQLiteDatabase: 	at android.database.sqlite.SQLiteConnection.executeForString(SQLiteConnection.java:634)
01-12 01:53:30.533  6004  6042 E SQLiteDatabase: 	at android.database.sqlite.SQLiteConnection.setJournalMode(SQLiteConnection.java:320)
01-12 01:53:30.533  6004  6042 E SQLiteDatabase: 	at android.database.sqlite.SQLiteConnection.setWalModeFromConfiguration(SQLiteConnection.java:294)
01-12 01:53:30.533  6004  6042 E SQLiteDatabase: 	at android.database.sqlite.SQLiteConnection.open(SQLiteConnection.java:215)
01-12 01:53:30.533  6004  6042 E SQLiteDatabase: 	at android.database.sqlite.SQLiteConnection.open(SQLiteConnection.java:193)
01-12 01:53:30.533  6004  6042 E SQLiteDatabase: 	at android.database.sqlite.SQLiteConnectionPool.openConnectionLocked(SQLiteConnectionPool.java:463)
01-12 01:53:30.533  6004  6042 E SQLiteDatabase: 	at android.database.sqlite.SQLiteConnectionPool.open(SQLiteConnectionPool.java:185)
01-12 01:53:30.533  6004  6042 E SQLiteDatabase: 	at android.database.sqlite.SQLiteConnectionPool.open(SQLiteConnectionPool.java:177)
01-12 01:53:30.533  6004  6042 E SQLiteDatabase: 	at android.database.sqlite.SQLiteDatabase.openInner(SQLiteDatabase.java:806)
01-12 01:53:30.533  6004  6042 E SQLiteDatabase: 	at android.database.sqlite.SQLiteDatabase.open(SQLiteDatabase.java:791)
01-12 01:53:30.533  6004  6042 E SQLiteDatabase: 	at android.database.sqlite.SQLiteDatabase.openDatabase(SQLiteDatabase.java:694)
01-12 01:53:30.533  6004  6042 E SQLiteDatabase: 	at android.app.ContextImpl.openOrCreateDatabase(ContextImpl.java:1148)
01-12 01:53:30.533  6004  6042 E SQLiteDatabase: 	at android.content.ContextWrapper.openOrCreateDatabase(ContextWrapper.java:268)
01-12 01:53:30.533  6004  6042 E SQLiteDatabase: 	at android.database.sqlite.SQLiteOpenHelper.getDatabaseLocked(SQLiteOpenHelper.java:223)
01-12 01:53:30.533  6004  6042 E SQLiteDatabase: 	at android.database.sqlite.SQLiteOpenHelper.getWritableDatabase(SQLiteOpenHelper.java:163)
01-12 01:53:30.533  6004  6042 E SQLiteDatabase: 	at com.tencent.feedback.proguard.n.getWritableDatabase(RQDSRC:198)
01-12 01:53:30.533  6004  6042 E SQLiteDatabase: 	at com.tencent.feedback.proguard.l.a(RQDSRC:40)
01-12 01:53:30.533  6004  6042 E SQLiteDatabase: 	at com.tencent.feedback.eup.jni.a.run(RQDSRC:86)
01-12 01:53:30.533  6004  6042 E SQLiteDatabase: 	at java.util.concurrent.Executors$RunnableAdapter.call(Executors.java:422)
01-12 01:53:30.533  6004  6042 E SQLiteDatabase: 	at java.util.concurrent.FutureTask.run(FutureTask.java:237)
01-12 01:53:30.533  6004  6042 E SQLiteDatabase: 	at java.util.concurrent.ScheduledThreadPoolExecutor$ScheduledFutureTask.access$201(ScheduledThreadPoolExecutor.java:152)
01-12 01:53:30.533  6004  6042 E SQLiteDatabase: 	at java.util.concurrent.ScheduledThreadPoolExecutor$ScheduledFutureTask.run(ScheduledThreadPoolExecutor.java:265)
01-12 01:53:30.533  6004  6042 E SQLiteDatabase: 	at java.util.concurrent.ThreadPoolExecutor.runWorker(ThreadPoolExecutor.java:1112)
01-12 01:53:30.533  6004  6042 E SQLiteDatabase: 	at java.util.concurrent.ThreadPoolExecutor$Worker.run(ThreadPoolExecutor.java:587)
01-12 01:53:30.533  6004  6042 E SQLiteDatabase: 	at java.lang.Thread.run(Thread.java:818)
01-12 01:53:30.877  2147  2219 W AudioTrack: AUDIO_OUTPUT_FLAG_FAST denied by client
01-12 01:53:30.877  2147  5371 I ActivityManager: START u0 {act=android.intent.action.MAIN cat=[android.intent.category.LAUNCHER] flg=0x14040000 pkg=com.tencent.mobileqq cmp=com.tencent.mobileqq/.activity.LoginActivity (has extras)} from uid 10061 on display 0
01-12 01:53:30.881  2147  5371 V WindowManager: addAppToken: AppWindowToken{f28be91 token=Token{2342f0b8 ActivityRecord{1dd1871b u0 com.tencent.mobileqq/.activity.LoginActivity t20}}} to stack=1 task=20 at 0
01-12 01:53:30.890  1882  2144 D audio_hw_primary: found out /dev/snd/pcmC0D0p
01-12 01:53:30.905  6109  6109 W linker  : [vdso]: unused DT entry: type 0x6ffffef5 arg 0x160
01-12 01:53:30.915  6111  6111 W linker  : [vdso]: unused DT entry: type 0x6ffffef5 arg 0x160
01-12 01:53:30.925  6112  6112 W linker  : [vdso]: unused DT entry: type 0x6ffffef5 arg 0x160
01-12 01:53:30.929  2147  2490 I ActivityManager: START u0 {act=android.intent.action.MAIN cat=[android.intent.category.LAUNCHER] flg=0x14040000 pkg=com.tencent.mobileqq cmp=com.tencent.mobileqq/.activity.RegisterGuideActivity (has extras)} from uid 10061 on display 0
01-12 01:53:30.931  2147  2490 V WindowManager: addAppToken: AppWindowToken{211fbe93 token=Token{1429c782 ActivityRecord{1409b2cd u0 com.tencent.mobileqq/.activity.RegisterGuideActivity t20}}} to stack=1 task=20 at 1
01-12 01:53:30.975  2147  3692 V WindowManager: Based on layer: Adding window Window{2b4757fc u0 com.tencent.mobileqq/com.tencent.mobileqq.activity.RegisterGuideActivity} at 7 of 12
01-12 01:53:30.999  2276  2276 V PhoneStatusBar: setLightsOn(true)
01-12 01:53:31.009  6004  6041 D rqdp{ RDMUUID }:%s: 8e328069-7a05-4392-a0d6-1e7cbb7e8b64
01-12 01:53:31.014  2147  2297 W ActivityManager: getRunningAppProcesses: caller 10061 does not hold REAL_GET_TASKS; limiting output
01-12 01:53:31.046  2147  2177 I ActivityManager: Displayed com.tencent.mobileqq/.activity.RegisterGuideActivity: +84ms (total +154ms)
01-12 01:53:31.243  5960  6062 D rqdp{ RDMUUID }:%s: 8e328069-7a05-4392-a0d6-1e7cbb7e8b64
01-12 01:53:31.441  2147  5373 W ActivityManager: getRunningAppProcesses: caller 10061 does not hold REAL_GET_TASKS; limiting output
01-12 01:53:31.658  6118  6118 W linker  : [vdso]: unused DT entry: type 0x6ffffef5 arg 0x160
01-12 01:53:31.663  6118  6118 W linker  : [vdso]: unused DT entry: type 0x6ffffef5 arg 0x160
01-12 01:53:31.958  5960  5960 I art     : WaitForGcToComplete blocked for 17.307ms for cause Explicit
01-12 01:53:31.979  5960  5960 I art     : Explicit concurrent mark sweep GC freed 944(63KB) AllocSpace objects, 0(0B) LOS objects, 40% free, 15MB/25MB, paused 785us total 20.301ms
01-12 01:53:33.853  5324  5324 W System.err: android.provider.Settings$SettingNotFoundException: com.baidu.pushservice.clt
01-12 01:53:33.854  5324  5324 W System.err: 	at android.provider.Settings$System.getLongForUser(Settings.java:1530)
01-12 01:53:33.854  5324  5324 W System.err: 	at android.provider.Settings$System.getLong(Settings.java:1520)
01-12 01:53:33.854  5324  5324 W System.err: 	at com.baidu.android.pushservice.util.a.c(Unknown Source)
01-12 01:53:33.854  5324  5324 W System.err: 	at com.baidu.android.pushservice.e.p.a(Unknown Source)
01-12 01:53:33.854  5324  5324 W System.err: 	at com.baidu.android.pushservice.e.p.a(Unknown Source)
01-12 01:53:33.854  5324  5324 W System.err: 	at com.baidu.android.pushservice.q.z(Unknown Source)
01-12 01:53:33.854  5324  5324 W System.err: 	at com.baidu.android.pushservice.q.a(Unknown Source)
01-12 01:53:33.854  5324  5324 W System.err: 	at com.baidu.android.pushservice.PushSDK.h(Unknown Source)
01-12 01:53:33.854  5324  5324 W System.err: 	at com.baidu.android.pushservice.PushSDK.handleOnStart(Unknown Source)
01-12 01:53:33.854  5324  5324 W System.err: 	at com.baidu.android.pushservice.PushService.onStartCommand(Unknown Source)
01-12 01:53:33.854  5324  5324 W System.err: 	at android.app.ActivityThread.handleServiceArgs(ActivityThread.java:2894)
01-12 01:53:33.854  5324  5324 W System.err: 	at android.app.ActivityThread.access$2100(ActivityThread.java:151)
01-12 01:53:33.854  5324  5324 W System.err: 	at android.app.ActivityThread$H.handleMessage(ActivityThread.java:1401)
01-12 01:53:33.854  5324  5324 W System.err: 	at android.os.Handler.dispatchMessage(Handler.java:102)
01-12 01:53:33.854  5324  5324 W System.err: 	at android.os.Looper.loop(Looper.java:135)
01-12 01:53:33.854  5324  5324 W System.err: 	at android.app.ActivityThread.main(ActivityThread.java:5254)
01-12 01:53:33.854  5324  5324 W System.err: 	at java.lang.reflect.Method.invoke(Native Method)
01-12 01:53:33.854  5324  5324 W System.err: 	at java.lang.reflect.Method.invoke(Method.java:372)
01-12 01:53:33.854  5324  5324 W System.err: 	at com.android.internal.os.ZygoteInit$MethodAndArgsCaller.run(ZygoteInit.java:903)
01-12 01:53:33.854  5324  5324 W System.err: 	at com.android.internal.os.ZygoteInit.main(ZygoteInit.java:698)
01-12 01:53:34.517  5960  6062 E SQLiteLog: (5) database is locked
01-12 01:53:34.517  5960  6062 E SQLiteDatabase: Failed to open database '/data/data/com.tencent.mobileqq/databases/eup_db'.
01-12 01:53:34.517  5960  6062 E SQLiteDatabase: android.database.sqlite.SQLiteDatabaseLockedException: database is locked (code 5): , while compiling: PRAGMA journal_mode
01-12 01:53:34.517  5960  6062 E SQLiteDatabase: 	at android.database.sqlite.SQLiteConnection.nativePrepareStatement(Native Method)
01-12 01:53:34.517  5960  6062 E SQLiteDatabase: 	at android.database.sqlite.SQLiteConnection.acquirePreparedStatement(SQLiteConnection.java:889)
01-12 01:53:34.517  5960  6062 E SQLiteDatabase: 	at android.database.sqlite.SQLiteConnection.executeForString(SQLiteConnection.java:634)
01-12 01:53:34.517  5960  6062 E SQLiteDatabase: 	at android.database.sqlite.SQLiteConnection.setJournalMode(SQLiteConnection.java:320)
01-12 01:53:34.517  5960  6062 E SQLiteDatabase: 	at android.database.sqlite.SQLiteConnection.setWalModeFromConfiguration(SQLiteConnection.java:294)
01-12 01:53:34.517  5960  6062 E SQLiteDatabase: 	at android.database.sqlite.SQLiteConnection.open(SQLiteConnection.java:215)
01-12 01:53:34.517  5960  6062 E SQLiteDatabase: 	at android.database.sqlite.SQLiteConnection.open(SQLiteConnection.java:193)
01-12 01:53:34.517  5960  6062 E SQLiteDatabase: 	at android.database.sqlite.SQLiteConnectionPool.openConnectionLocked(SQLiteConnectionPool.java:463)
01-12 01:53:34.517  5960  6062 E SQLiteDatabase: 	at android.database.sqlite.SQLiteConnectionPool.open(SQLiteConnectionPool.java:185)
01-12 01:53:34.517  5960  6062 E SQLiteDatabase: 	at android.database.sqlite.SQLiteConnectionPool.open(SQLiteConnectionPool.java:177)
01-12 01:53:34.517  5960  6062 E SQLiteDatabase: 	at android.database.sqlite.SQLiteDatabase.openInner(SQLiteDatabase.java:806)
01-12 01:53:34.517  5960  6062 E SQLiteDatabase: 	at android.database.sqlite.SQLiteDatabase.open(SQLiteDatabase.java:791)
01-12 01:53:34.517  5960  6062 E SQLiteDatabase: 	at android.database.sqlite.SQLiteDatabase.openDatabase(SQLiteDatabase.java:694)
01-12 01:53:34.517  5960  6062 E SQLiteDatabase: 	at android.app.ContextImpl.openOrCreateDatabase(ContextImpl.java:1148)
01-12 01:53:34.517  5960  6062 E SQLiteDatabase: 	at android.content.ContextWrapper.openOrCreateDatabase(ContextWrapper.java:268)
01-12 01:53:34.517  5960  6062 E SQLiteDatabase: 	at android.database.sqlite.SQLiteOpenHelper.getDatabaseLocked(SQLiteOpenHelper.java:223)
01-12 01:53:34.517  5960  6062 E SQLiteDatabase: 	at android.database.sqlite.SQLiteOpenHelper.getWritableDatabase(SQLiteOpenHelper.java:163)
01-12 01:53:34.517  5960  6062 E SQLiteDatabase: 	at com.tencent.feedback.proguard.n.getWritableDatabase(RQDSRC:198)
01-12 01:53:34.517  5960  6062 E SQLiteDatabase: 	at com.tencent.feedback.proguard.a.a(RQDSRC:108)
01-12 01:53:34.517  5960  6062 E SQLiteDatabase: 	at com.tencent.feedback.proguard.a.a(RQDSRC:174)
01-12 01:53:34.517  5960  6062 E SQLiteDatabase: 	at com.tencent.feedback.proguard.r.a(RQDSRC:40)
01-12 01:53:34.517  5960  6062 E SQLiteDatabase: 	at com.tencent.feedback.upload.f.a(RQDSRC:474)
01-12 01:53:34.517  5960  6062 E SQLiteDatabase: 	at com.tencent.feedback.upload.f.a(RQDSRC:238)
01-12 01:53:34.517  5960  6062 E SQLiteDatabase: 	at com.tencent.feedback.proguard.u.a(RQDSRC:226)
01-12 01:53:34.517  5960  6062 E SQLiteDatabase: 	at com.tencent.feedback.proguard.u.run(RQDSRC:350)
01-12 01:53:34.517  5960  6062 E SQLiteDatabase: 	at java.util.concurrent.Executors$RunnableAdapter.call(Executors.java:422)
01-12 01:53:34.517  5960  6062 E SQLiteDatabase: 	at java.util.concurrent.FutureTask.run(FutureTask.java:237)
01-12 01:53:34.517  5960  6062 E SQLiteDatabase: 	at java.util.concurrent.ScheduledThreadPoolExecutor$ScheduledFutureTask.access$201(ScheduledThreadPoolExecutor.java:152)
01-12 01:53:34.517  5960  6062 E SQLiteDatabase: 	at java.util.concurrent.ScheduledThreadPoolExecutor$ScheduledFutureTask.run(ScheduledThreadPoolExecutor.java:265)
01-12 01:53:34.517  5960  6062 E SQLiteDatabase: 	at java.util.concurrent.ThreadPoolExecutor.runWorker(ThreadPoolExecutor.java:1112)
01-12 01:53:34.517  5960  6062 E SQLiteDatabase: 	at java.util.concurrent.ThreadPoolExecutor$Worker.run(ThreadPoolExecutor.java:587)
01-12 01:53:34.517  5960  6062 E SQLiteDatabase: 	at java.lang.Thread.run(Thread.java:818)
01-12 01:53:34.612  6004  6041 E SQLiteLog: (5) database is locked
01-12 01:53:34.613  6004  6041 E SQLiteDatabase: Failed to open database '/data/data/com.tencent.mobileqq/databases/eup_db'.
01-12 01:53:34.613  6004  6041 E SQLiteDatabase: android.database.sqlite.SQLiteDatabaseLockedException: database is locked (code 5): , while compiling: PRAGMA journal_mode
01-12 01:53:34.613  6004  6041 E SQLiteDatabase: 	at android.database.sqlite.SQLiteConnection.nativePrepareStatement(Native Method)
01-12 01:53:34.613  6004  6041 E SQLiteDatabase: 	at android.database.sqlite.SQLiteConnection.acquirePreparedStatement(SQLiteConnection.java:889)
01-12 01:53:34.613  6004  6041 E SQLiteDatabase: 	at android.database.sqlite.SQLiteConnection.executeForString(SQLiteConnection.java:634)
01-12 01:53:34.613  6004  6041 E SQLiteDatabase: 	at android.database.sqlite.SQLiteConnection.setJournalMode(SQLiteConnection.java:320)
01-12 01:53:34.613  6004  6041 E SQLiteDatabase: 	at android.database.sqlite.SQLiteConnection.setWalModeFromConfiguration(SQLiteConnection.java:294)
01-12 01:53:34.613  6004  6041 E SQLiteDatabase: 	at android.database.sqlite.SQLiteConnection.open(SQLiteConnection.java:215)
01-12 01:53:34.613  6004  6041 E SQLiteDatabase: 	at android.database.sqlite.SQLiteConnection.open(SQLiteConnection.java:193)
01-12 01:53:34.613  6004  6041 E SQLiteDatabase: 	at android.database.sqlite.SQLiteConnectionPool.openConnectionLocked(SQLiteConnectionPool.java:463)
01-12 01:53:34.613  6004  6041 E SQLiteDatabase: 	at android.database.sqlite.SQLiteConnectionPool.open(SQLiteConnectionPool.java:185)
01-12 01:53:34.613  6004  6041 E SQLiteDatabase: 	at android.database.sqlite.SQLiteConnectionPool.open(SQLiteConnectionPool.java:177)
01-12 01:53:34.613  6004  6041 E SQLiteDatabase: 	at android.database.sqlite.SQLiteDatabase.openInner(SQLiteDatabase.java:806)
01-12 01:53:34.613  6004  6041 E SQLiteDatabase: 	at android.database.sqlite.SQLiteDatabase.open(SQLiteDatabase.java:791)
01-12 01:53:34.613  6004  6041 E SQLiteDatabase: 	at android.database.sqlite.SQLiteDatabase.openDatabase(SQLiteDatabase.java:694)
01-12 01:53:34.613  6004  6041 E SQLiteDatabase: 	at android.app.ContextImpl.openOrCreateDatabase(ContextImpl.java:1148)
01-12 01:53:34.613  6004  6041 E SQLiteDatabase: 	at android.content.ContextWrapper.openOrCreateDatabase(ContextWrapper.java:268)
01-12 01:53:34.613  6004  6041 E SQLiteDatabase: 	at android.database.sqlite.SQLiteOpenHelper.getDatabaseLocked(SQLiteOpenHelper.java:223)
01-12 01:53:34.613  6004  6041 E SQLiteDatabase: 	at android.database.sqlite.SQLiteOpenHelper.getWritableDatabase(SQLiteOpenHelper.java:163)
01-12 01:53:34.613  6004  6041 E SQLiteDatabase: 	at com.tencent.feedback.proguard.n.getWritableDatabase(RQDSRC:198)
01-12 01:53:34.613  6004  6041 E SQLiteDatabase: 	at com.tencent.feedback.proguard.a.a(RQDSRC:108)
01-12 01:53:34.613  6004  6041 E SQLiteDatabase: 	at com.tencent.feedback.proguard.a.a(RQDSRC:174)
01-12 01:53:34.613  6004  6041 E SQLiteDatabase: 	at com.tencent.feedback.proguard.r.a(RQDSRC:40)
01-12 01:53:34.613  6004  6041 E SQLiteDatabase: 	at com.tencent.feedback.upload.f.a(RQDSRC:474)
01-12 01:53:34.613  6004  6041 E SQLiteDatabase: 	at com.tencent.feedback.upload.f.a(RQDSRC:238)
01-12 01:53:34.613  6004  6041 E SQLiteDatabase: 	at com.tencent.feedback.proguard.u.a(RQDSRC:226)
01-12 01:53:34.613  6004  6041 E SQLiteDatabase: 	at com.tencent.feedback.proguard.u.run(RQDSRC:350)
01-12 01:53:34.613  6004  6041 E SQLiteDatabase: 	at java.util.concurrent.Executors$RunnableAdapter.call(Executors.java:422)
01-12 01:53:34.613  6004  6041 E SQLiteDatabase: 	at java.util.concurrent.FutureTask.run(FutureTask.java:237)
01-12 01:53:34.613  6004  6041 E SQLiteDatabase: 	at java.util.concurrent.ScheduledThreadPoolExecutor$ScheduledFutureTask.access$201(ScheduledThreadPoolExecutor.java:152)
01-12 01:53:34.613  6004  6041 E SQLiteDatabase: 	at java.util.concurrent.ScheduledThreadPoolExecutor$ScheduledFutureTask.run(ScheduledThreadPoolExecutor.java:265)
01-12 01:53:34.613  6004  6041 E SQLiteDatabase: 	at java.util.concurrent.ThreadPoolExecutor.runWorker(ThreadPoolExecutor.java:1112)
01-12 01:53:34.613  6004  6041 E SQLiteDatabase: 	at java.util.concurrent.ThreadPoolExecutor$Worker.run(ThreadPoolExecutor.java:587)
01-12 01:53:34.613  6004  6041 E SQLiteDatabase: 	at java.lang.Thread.run(Thread.java:818)
01-12 01:53:35.071  2147  2230 D TaskPersister: removeObsoleteFile: deleting file=19_task.xml
01-12 01:53:35.186  6124  6124 W linker  : [vdso]: unused DT entry: type 0x6ffffef5 arg 0x160
01-12 01:53:35.269  2147  5372 W ActivityManager: getTasks: caller 10061 does not hold REAL_GET_TASKS; limiting output
01-12 01:53:35.269  6004  6043 W Settings: Setting airplane_mode_on has moved from android.provider.Settings.System to android.provider.Settings.Global, returning read-only value.
01-12 01:53:35.269  6004  6043 W beacon  : onUserAction return false, because eventName:[InitHook] is not allowed in server strategy!
01-12 01:53:35.706  5324  5369 I socket  : msgid:5
01-12 01:53:37.411  5960  5987 V NFC     : this device does not have NFC support
01-12 01:53:37.414  5960  5960 D MSF.D.AppNetInfoImpl: [E]currentAPN:. received networkInfo: CONNECTED :[type: Ethernet[], state: CONNECTED/CONNECTED, reason: (unspecified), extra: f8:32:e4:a0:25:09, roaming: false, failover: false, isAvailable: true, isConnectedToProvisioningNetwork: false]
01-12 01:53:37.414  5960  5987 D MSF.D.AppNetInfoImpl: [E]currentAPN:. received networkInfo: CONNECTED :[type: Ethernet[], state: CONNECTED/CONNECTED, reason: (unspecified), extra: f8:32:e4:a0:25:09, roaming: false, failover: false, isAvailable: true, isConnectedToProvisioningNetwork: false]
01-12 01:53:37.418  6004  6075 D MSF.C.NetConnTag: [E]pa ok: 52223
01-12 01:53:37.418  6004  6075 D MSF.C.NetConnTag: [E]netSend ssoSeq:52223 uin:0 cmd:-1077286677 52618
01-12 01:53:39.328  2147  2172 I ActivityManager: Waited long enough for: ServiceRecord{39342914 u0 com.popcap.pvz2cthdbddk/com.unicom.wostore.unipay.paysecurity.SecurityServiceFramework}
01-12 01:53:39.477  2147  2188 I ActivityManager: START u0 {act=android.intent.action.MAIN cat=[android.intent.category.HOME] flg=0x10200000 cmp=com.android.launcher3/.Launcher} from uid 1000 on display 0
01-12 01:53:39.477  2147  2219 W AudioTrack: AUDIO_OUTPUT_FLAG_FAST denied by client
01-12 01:53:39.489  1882  2144 D audio_hw_primary: found out /dev/snd/pcmC0D0p
01-12 01:53:39.510  2147  2147 V ActivityManager: Display changed displayId=0
01-12 01:53:39.524  2147  2490 I ActivityManager: Config changes=480 {1.0 ?mcc?mnc zh_CN ldltr sw720dp w1280dp h646dp 240dpi lrg long land -touch qwerty/v/v -nav/h s.10}
01-12 01:53:39.525  2147  2189 I InputReader: Reconfiguring input devices.  changes=0x00000004
01-12 01:53:39.543  2457  2457 D Launcher.Workspace: 11683562 - removeExtraEmptyScreen()
01-12 01:53:39.543  2457  2457 D Launcher.Workspace: 11683562 - convertFinalScreenToEmptyScreenIfNecessary()
01-12 01:53:39.613  5960  5960 W IInputConnectionWrapper: showStatusIcon on inactive InputConnection
01-12 01:53:39.614  2147  2167 W ActivityManager: getRunningAppProcesses: caller 10061 does not hold REAL_GET_TASKS; limiting output
01-12 01:53:39.623  2147  2177 I WindowManager: Screen frozen for +126ms due to Window{c886d34 u0 NavigationBar}
01-12 01:53:40.107  2457  2710 W OpenGLRenderer: Incorrectly called buildLayer on View: ShortcutAndWidgetContainer, destroying layer...
01-12 01:53:40.198  6130  6130 W linker  : [vdso]: unused DT entry: type 0x6ffffef5 arg 0x160
01-12 01:53:40.270  2147  2297 W ActivityManager: getTasks: caller 10061 does not hold REAL_GET_TASKS; limiting output
01-12 01:53:40.270  6004  6043 W Settings: Setting airplane_mode_on has moved from android.provider.Settings.System to android.provider.Settings.Global, returning read-only value.
01-12 01:53:40.271  2147  2490 W ActivityManager: getRunningAppProcesses: caller 10061 does not hold REAL_GET_TASKS; limiting output
01-12 01:53:40.271  2147  5371 W ActivityManager: getTasks: caller 10061 does not hold REAL_GET_TASKS; limiting output
01-12 01:53:40.272  6004  6043 W Settings: Setting airplane_mode_on has moved from android.provider.Settings.System to android.provider.Settings.Global, returning read-only value.
01-12 01:53:40.272  2147  5372 W ActivityManager: getRunningAppProcesses: caller 10061 does not hold REAL_GET_TASKS; limiting output
01-12 01:53:40.546  2276  2276 W ResourceType: No package identifier when getting value for resource number 0x00000000
01-12 01:53:40.546  2276  2276 W PackageManager: Failure retrieving resources for com.tencent.mobileqq: Resource ID #0x0
01-12 01:53:41.485  2147  2219 W AudioTrack: AUDIO_OUTPUT_FLAG_FAST denied by client
01-12 01:53:41.493  2147  2424 I ActivityManager: START u0 {act=com.android.systemui.recents.SHOW_RECENTS flg=0x10804000 cmp=com.android.systemui/.recents.RecentsActivity} from uid 10011 on display 0
01-12 01:53:41.550  2147  2297 W InputMethodManagerService: Starting input on non-focused client com.android.internal.view.IInputMethodClient$Stub$Proxy@27c26b72 (uid=10034 pid=2457)
01-12 01:53:43.052  2147  2219 W AudioTrack: AUDIO_OUTPUT_FLAG_FAST denied by client
01-12 01:53:43.126  5406  5406 I Term    : Bound to TermService
01-12 01:53:43.126  5406  5406 I TermService: Activity binding to service
01-12 01:53:43.672  2147  2177 I art     : Explicit concurrent mark sweep GC freed 12418(706KB) AllocSpace objects, 10(3MB) LOS objects, 33% free, 16MB/24MB, paused 355us total 12.774ms
01-12 01:53:45.211  6138  6138 W linker  : [vdso]: unused DT entry: type 0x6ffffef5 arg 0x160
01-12 01:53:50.221  6140  6140 W linker  : [vdso]: unused DT entry: type 0x6ffffef5 arg 0x160
01-12 01:53:54.361  5850  5926 W System.err: org.apache.http.conn.ConnectTimeoutException: Connect to /140.206.176.31:80 timed out
01-12 01:53:54.361  5850  5926 W System.err: 	at org.apache.http.conn.scheme.PlainSocketFactory.connectSocket(PlainSocketFactory.java:126)
01-12 01:53:54.361  5850  5926 W System.err: 	at org.apache.http.impl.conn.DefaultClientConnectionOperator.openConnection(DefaultClientConnectionOperator.java:149)
01-12 01:53:54.361  5850  5926 W System.err: 	at org.apache.http.impl.conn.AbstractPoolEntry.open(AbstractPoolEntry.java:169)
01-12 01:53:54.361  5850  5926 W System.err: 	at org.apache.http.impl.conn.AbstractPooledConnAdapter.open(AbstractPooledConnAdapter.java:124)
01-12 01:53:54.361  5850  5926 W System.err: 	at org.apache.http.impl.client.DefaultRequestDirector.execute(DefaultRequestDirector.java:365)
01-12 01:53:54.361  5850  5926 W System.err: 	at org.apache.http.impl.client.AbstractHttpClient.execute(AbstractHttpClient.java:560)
01-12 01:53:54.361  5850  5926 W System.err: 	at org.apache.http.impl.client.AbstractHttpClient.execute(AbstractHttpClient.java:492)
01-12 01:53:54.361  5850  5926 W System.err: 	at org.apache.http.impl.client.AbstractHttpClient.execute(AbstractHttpClient.java:470)
01-12 01:53:54.361  5850  5926 W System.err: 	at com.unipay.net.HttpNet.b(Unknown Source)
01-12 01:53:54.361  5850  5926 W System.err: 	at com.unipay.net.AsyncMultimode$3.run(Unknown Source)
01-12 01:53:55.232  6141  6141 W linker  : [vdso]: unused DT entry: type 0x6ffffef5 arg 0x160
01-12 01:53:56.200  2147  5372 W ActivityManager: getRunningAppProcesses: caller 10055 does not hold REAL_GET_TASKS; limiting output
01-12 01:53:59.348  2147  3692 W ActivityManager: getRunningAppProcesses: caller 10061 does not hold REAL_GET_TASKS; limiting output
