12-14 05:48:16.274  1978  2831 V WindowManager: addAppToken: AppWindowToken{9e598a7 token=Token{39dd2d66 ActivityRecord{3c1d31c1 u0 com.android.gallery3d/.app.GalleryActivity t5}}} to stack=1 task=5 at 1
12-14 05:48:16.275  1709  1961 D audio_hw_primary: found out /dev/snd/pcmC1D0p
12-14 05:48:16.327  2740  2740 V StateManager: startState class com.android.gallery3d.app.AlbumSetPage
12-14 05:48:16.329  2740  2740 V NFC     : this device does not have NFC support
12-14 05:48:16.333  1700  1940 E Vold    : Failed to find mounted volume for /storage/usb0/Android/data/com.android.gallery3d/cache/
12-14 05:48:16.333  2740  2740 W ContextImpl: Failed to ensure directory: /storage/usb0/Android/data/com.android.gallery3d/cache
12-14 05:48:16.333  1700  1940 E Vold    : Failed to find mounted volume for /storage/usb1/Android/data/com.android.gallery3d/cache/
12-14 05:48:16.333  2740  2740 W ContextImpl: Failed to ensure directory: /storage/usb1/Android/data/com.android.gallery3d/cache
12-14 05:48:16.334  1700  1940 E Vold    : Failed to find mounted volume for /storage/usb2/Android/data/com.android.gallery3d/cache/
12-14 05:48:16.334  2740  2740 W ContextImpl: Failed to ensure directory: /storage/usb2/Android/data/com.android.gallery3d/cache
12-14 05:48:16.334  1700  1940 E Vold    : Failed to find mounted volume for /storage/usb3/Android/data/com.android.gallery3d/cache/
12-14 05:48:16.334  2740  2740 W ContextImpl: Failed to ensure directory: /storage/usb3/Android/data/com.android.gallery3d/cache
12-14 05:48:16.334  1700  1940 E Vold    : Failed to find mounted volume for /storage/sdcard1/Android/data/com.android.gallery3d/cache/
12-14 05:48:16.334  2740  2740 W ContextImpl: Failed to ensure directory: /storage/sdcard1/Android/data/com.android.gallery3d/cache
12-14 05:48:16.345  2740  2740 D Gallery.MultiSetSync: onSyncDone: Local albums #pending=1
12-14 05:48:16.345  2740  2740 D Gallery.MultiSetSync:   request sync: Local albums
12-14 05:48:16.345  2740  2740 D Gallery.MultiSetSync: onSyncDone: picasa #pending=0
12-14 05:48:16.345  2740  2740 D Gallery.MultiSetSync:   request sync: picasa
12-14 05:48:16.346  1978  2831 D KbdSensor: poll_setDelay: dev=0x7f9d24466680 delay-ns=66667000
12-14 05:48:16.353  2740  3542 D OpenGLRenderer: Use EGL_SWAP_BEHAVIOR_PRESERVED: true
12-14 05:48:16.353  1978  2240 V WindowManager: Based on layer: Adding window Window{b36ec u0 com.android.gallery3d/com.android.gallery3d.app.GalleryActivity} at 2 of 7
12-14 05:48:16.399  2740  3542 I GRALLOC-DRM: create intel for driver i915
12-14 05:48:16.471  2740  3542 I EGL-DRI2: DRI2: found extension DRI_Core version 1
12-14 05:48:16.471  2740  3542 I EGL-DRI2: DRI2: found extension DRI_DRI2 version 4
12-14 05:48:16.525  2740  3542 I EGL-DRI2: DRI2: found extension DRI_TexBuffer version 3
12-14 05:48:16.525  2740  3542 I EGL-DRI2: DRI2: found extension DRI2_Flush version 4
12-14 05:48:16.525  2740  3542 I EGL-DRI2: DRI2: found extension DRI_IMAGE version 11
12-14 05:48:16.525  2740  3542 I OpenGLRenderer: Initialized EGL, version 1.4
12-14 05:48:16.525  2740  3542 W OpenGLRenderer: Failed to choose config with EGL_SWAP_BEHAVIOR_PRESERVED, retrying without...
12-14 05:48:16.580  2740  3542 D OpenGLRenderer: Enabling debug mode 0
12-14 05:48:16.585  1978  2835 V WindowManager: Adding window Window{30d7954a u0 SurfaceView} at 2 of 8 (before Window{b36ec u0 com.android.gallery3d/com.android.gallery3d.app.GalleryActivity})
12-14 05:48:16.604  2740  3538 W GraphicBufferMapper: registerBuffer(0xedc5bb40) failed -22 (Invalid argument)
12-14 05:48:16.604  2740  3538 E GraphicBuffer: unflatten: registerBuffer failed: Invalid argument (-22)
12-14 05:48:16.604  2740  3538 E Surface : dequeueBuffer: IGraphicBufferProducer::requestBuffer failed: -22
12-14 05:48:16.653  2740  3542 W GraphicBufferMapper: registerBuffer(0xe21c2080) failed -22 (Invalid argument)
12-14 05:48:16.653  2740  3542 E GraphicBuffer: unflatten: registerBuffer failed: Invalid argument (-22)
12-14 05:48:16.653  2740  3542 E Surface : dequeueBuffer: IGraphicBufferProducer::requestBuffer failed: -22
--------- beginning of crash
12-14 05:48:16.653  2740  3542 F libc    : Fatal signal 11 (SIGSEGV), code 1, fault addr 0x1a8 in tid 3542 (RenderThread)
12-14 05:48:16.657  2740  3538 I GLRootView: onSurfaceChanged: 1920x1008, gl10: com.google.android.gles_jni.GLImpl@87b492c
12-14 05:48:16.657  2740  3538 I GLRootView: layout content pane 1920x1008 (compensation 0)
12-14 05:48:16.658  2740  3538 F libc    : Fatal signal 11 (SIGSEGV), code 1, fault addr 0x1b0 in tid 3538 (GLThread 26)
12-14 05:48:16.754  1705  1705 I DEBUG   : *** *** *** *** *** *** *** *** *** *** *** *** *** *** *** ***
12-14 05:48:16.754  1705  1705 I DEBUG   : Build fingerprint: 'Android-x86/android_x86_64/x86_64:5.1.1/LVY48I/12080507:eng/test-keys'
12-14 05:48:16.754  1705  1705 I DEBUG   : Revision: '0'
12-14 05:48:16.754  1705  1705 I DEBUG   : ABI: 'x86'
12-14 05:48:16.754  1705  1705 I DEBUG   : pid: 2740, tid: 3542, name: RenderThread  >>> com.android.gallery3d <<<
12-14 05:48:16.754  1705  1705 I DEBUG   : signal 11 (SIGSEGV), code 1 (SEGV_MAPERR), fault addr 0x1a8
12-14 05:48:16.755  1705  1705 I DEBUG   :     eax 00000000  ebx e1ff6cec  ecx 00000001  edx f3d95800
12-14 05:48:16.755  1705  1705 I DEBUG   :     esi e216b014  edi f3fa0e40
12-14 05:48:16.755  1705  1705 I DEBUG   :     xcs 00000023  xds 0000002b  xes 0000002b  xfs 000000a7  xss 0000002b
12-14 05:48:16.755  1705  1705 I DEBUG   :     eip e1a9552d  ebp f3fa0dd0  esp e25f34a0  flags 00210246
12-14 05:48:16.755  1705  1705 I DEBUG   : 
12-14 05:48:16.755  1705  1705 I DEBUG   : backtrace:
12-14 05:48:16.755  1705  1705 I DEBUG   :     #00 pc 000fc52d  /android/system/lib/dri/i965_dri.so
12-14 05:48:16.755  1705  1705 I DEBUG   :     #01 pc 12345677  <unknown>
12-14 05:48:16.813  1705  1705 I DEBUG   : 
12-14 05:48:16.813  1705  1705 I DEBUG   : Tombstone written to: /data/tombstones/tombstone_00
12-14 05:48:16.817  1978  3547 W ActivityManager:   Force finishing activity 1 com.android.gallery3d/.app.GalleryActivity
12-14 05:48:16.818  1978  2011 E JavaBinder: !!! FAILED BINDER TRANSACTION !!!
12-14 05:48:16.820  1978  2074 W InputDispatcher: channel 'b36ec com.android.gallery3d/com.android.gallery3d.app.GalleryActivity (server)' ~ Consumer closed input channel or an error occurred.  events=0x9
12-14 05:48:16.820  1978  2074 E InputDispatcher: channel 'b36ec com.android.gallery3d/com.android.gallery3d.app.GalleryActivity (server)' ~ Channel is unrecoverably broken and will be disposed!
12-14 05:48:16.820  1978  2140 D KbdSensor: poll_setDelay: dev=0x7f9d24466680 delay-ns=66667000
12-14 05:48:16.837  1978  2569 I WindowState: WIN DEATH: Window{b36ec u0 com.android.gallery3d/com.android.gallery3d.app.GalleryActivity}
12-14 05:48:16.837  1978  2569 W InputDispatcher: Attempted to unregister already unregistered input channel 'b36ec com.android.gallery3d/com.android.gallery3d.app.GalleryActivity (server)'
12-14 05:48:16.838  1978  2835 I WindowState: WIN DEATH: Window{30d7954a u0 SurfaceView}
12-14 05:48:16.839  1978  3547 W ActivityManager: Exception thrown during pause
12-14 05:48:16.839  1978  3547 W ActivityManager: android.os.DeadObjectException
12-14 05:48:16.839  1978  3547 W ActivityManager: 	at android.os.BinderProxy.transactNative(Native Method)
12-14 05:48:16.839  1978  3547 W ActivityManager: 	at android.os.BinderProxy.transact(Binder.java:496)
12-14 05:48:16.839  1978  3547 W ActivityManager: 	at android.app.ApplicationThreadProxy.schedulePauseActivity(ApplicationThreadNative.java:704)
12-14 05:48:16.839  1978  3547 W ActivityManager: 	at com.android.server.am.ActivityStack.startPausingLocked(ActivityStack.java:825)
12-14 05:48:16.839  1978  3547 W ActivityManager: 	at com.android.server.am.ActivityStack.finishActivityLocked(ActivityStack.java:2726)
12-14 05:48:16.839  1978  3547 W ActivityManager: 	at com.android.server.am.ActivityStack.finishTopRunningActivityLocked(ActivityStack.java:2583)
12-14 05:48:16.839  1978  3547 W ActivityManager: 	at com.android.server.am.ActivityStackSupervisor.finishTopRunningActivityLocked(ActivityStackSupervisor.java:2497)
12-14 05:48:16.839  1978  3547 W ActivityManager: 	at com.android.server.am.ActivityManagerService.handleAppCrashLocked(ActivityManagerService.java:11505)
12-14 05:48:16.839  1978  3547 W ActivityManager: 	at com.android.server.am.ActivityManagerService.makeAppCrashingLocked(ActivityManagerService.java:11402)
12-14 05:48:16.839  1978  3547 W ActivityManager: 	at com.android.server.am.ActivityManagerService.crashApplication(ActivityManagerService.java:12086)
12-14 05:48:16.839  1978  3547 W ActivityManager: 	at com.android.server.am.ActivityManagerService.handleApplicationCrashInner(ActivityManagerService.java:11597)
12-14 05:48:16.839  1978  3547 W ActivityManager: 	at com.android.server.am.NativeCrashListener$NativeCrashReporter.run(NativeCrashListener.java:86)
12-14 05:48:16.839  1698  1698 E lowmemorykiller: Error writing /proc/2740/oom_score_adj; errno=22
12-14 05:48:16.840  1978  2571 I ActivityManager: Process com.android.gallery3d (pid 2740) has died
12-14 05:48:16.846  1978  2011 E WindowState: getStack: Window{b36ec u0 com.android.gallery3d/com.android.gallery3d.app.GalleryActivity EXITING} couldn't find taskId=5 Callers=com.android.server.wm.WindowState.getDisplayContent:782 com.android.server.wm.WindowStateAnimator.stepAnimationLocked:293 com.android.server.wm.WindowAnimator.updateWindowsLocked:289 com.android.server.wm.WindowAnimator.animateLocked:674 
12-14 05:48:16.847  1978  2011 E WindowState: getStack: Window{b36ec u0 com.android.gallery3d/com.android.gallery3d.app.GalleryActivity} couldn't find taskId=5 Callers=com.android.server.wm.WindowState.getDisplayContent:782 com.android.server.wm.WindowState.getDisplayId:787 com.android.server.wm.WindowStateAnimator.stepAnimationLocked:426 com.android.server.wm.WindowAnimator.updateWindowsLocked:289 
12-14 05:48:16.847  1978  2011 E WindowState: getStack: Window{30d7954a u0 SurfaceView} couldn't find taskId=5 Callers=com.android.server.wm.WindowState.getDisplayContent:782 com.android.server.wm.WindowStateAnimator.stepAnimationLocked:293 com.android.server.wm.WindowAnimator.updateWindowsLocked:289 com.android.server.wm.WindowAnimator.animateLocked:674 
12-14 05:48:16.847  1978  2011 E WindowState: getStack: Window{30d7954a u0 SurfaceView} couldn't find taskId=5 Callers=com.android.server.wm.WindowState.getDisplayContent:782 com.android.server.wm.WindowState.getDisplayId:787 com.android.server.wm.WindowStateAnimator.stepAnimationLocked:426 com.android.server.wm.WindowAnimator.updateWindowsLocked:289 
12-14 05:48:16.847  1978  2011 E WindowState: getStack: Window{30d7954a u0 SurfaceView} couldn't find taskId=5 Callers=com.android.server.wm.WindowState.getDisplayContent:782 com.android.server.wm.WindowState.getDisplayId:787 com.android.server.wm.WindowStateAnimator.computeShownFrameLocked:1057 com.android.server.wm.WindowStateAnimator.prepareSurfaceLocked:1476 
12-14 05:48:16.847  1978  2011 E WindowState: getStack: Window{30d7954a u0 SurfaceView} couldn't find taskId=5 Callers=com.android.server.wm.WindowState.getDisplayContent:782 com.android.server.wm.WindowStateAnimator.updateSurfaceWindowCrop:1284 com.android.server.wm.WindowStateAnimator.setSurfaceBoundariesLocked:1459 com.android.server.wm.WindowStateAnimator.prepareSurfaceLocked:1478 
12-14 05:48:16.847  1978  2011 E WindowState: getStack: Window{b36ec u0 com.android.gallery3d/com.android.gallery3d.app.GalleryActivity} couldn't find taskId=5 Callers=com.android.server.wm.WindowState.getDisplayContent:782 com.android.server.wm.WindowState.getDisplayId:787 com.android.server.wm.WindowStateAnimator.computeShownFrameLocked:1057 com.android.server.wm.WindowStateAnimator.prepareSurfaceLocked:1476 
12-14 05:48:16.847  1978  2011 E WindowState: getStack: Window{b36ec u0 com.android.gallery3d/com.android.gallery3d.app.GalleryActivity} couldn't find taskId=5 Callers=com.android.server.wm.WindowState.getDisplayContent:782 com.android.server.wm.WindowStateAnimator.updateSurfaceWindowCrop:1284 com.android.server.wm.WindowStateAnimator.setSurfaceBoundariesLocked:1459 com.android.server.wm.WindowStateAnimator.prepareSurfaceLocked:1478 
12-14 05:48:16.847  1978  2011 E WindowState: getStack: Window{b36ec u0 com.android.gallery3d/com.android.gallery3d.app.GalleryActivity} couldn't find taskId=5 Callers=com.android.server.wm.WindowState.getDisplayContent:782 com.android.server.wm.WindowState.isDefaultDisplay:1286 com.android.server.wm.WindowStateAnimator.updateSurfaceWindowCrop:1294 com.android.server.wm.WindowStateAnimator.setSurfaceBoundariesLocked:1459 
12-14 05:48:16.848  1978  2011 E WindowState: getStack: Window{30d7954a u0 SurfaceView} couldn't find taskId=5 Callers=com.android.server.wm.WindowManagerService.assignLayersLocked:8705 com.android.server.wm.WindowManagerService.performLayoutAndPlaceSurfacesLockedInner:9693 com.android.server.wm.WindowManagerService.performLayoutAndPlaceSurfacesLockedLoop:8789 com.android.server.wm.WindowManagerService.performLayoutAndPlaceSurfacesLocked:8731 
12-14 05:48:16.848  1978  2011 E WindowState: getStack: Window{b36ec u0 com.android.gallery3d/com.android.gallery3d.app.GalleryActivity} couldn't find taskId=5 Callers=com.android.server.wm.WindowManagerService.assignLayersLocked:8705 com.android.server.wm.WindowManagerService.performLayoutAndPlaceSurfacesLockedInner:9693 com.android.server.wm.WindowManagerService.performLayoutAndPlaceSurfacesLockedLoop:8789 com.android.server.wm.WindowManagerService.performLayoutAndPlaceSurfacesLocked:8731 
12-14 05:48:16.848  1978  2011 E WindowState: getStack: Window{b36ec u0 com.android.gallery3d/com.android.gallery3d.app.GalleryActivity} couldn't find taskId=5 Callers=com.android.server.wm.WindowManagerService.performLayoutAndPlaceSurfacesLockedInner:9750 com.android.server.wm.WindowManagerService.performLayoutAndPlaceSurfacesLockedLoop:8789 com.android.server.wm.WindowManagerService.performLayoutAndPlaceSurfacesLocked:8731 com.android.server.wm.WindowManagerService.access$400:162 
12-14 05:48:16.848  1978  2011 E WindowState: getStack: Window{b36ec u0 com.android.gallery3d/com.android.gallery3d.app.GalleryActivity} couldn't find taskId=5 Callers=com.android.server.wm.WindowState.getDisplayContent:782 com.android.server.wm.WindowStateAnimator.updateSurfaceWindowCrop:1284 com.android.server.wm.WindowStateAnimator.setSurfaceBoundariesLocked:1459 com.android.server.wm.WindowManagerService.performLayoutAndPlaceSurfacesLockedInner:9838 
12-14 05:48:16.848  1978  2011 E WindowState: getStack: Window{b36ec u0 com.android.gallery3d/com.android.gallery3d.app.GalleryActivity} couldn't find taskId=5 Callers=com.android.server.wm.WindowState.getDisplayContent:782 com.android.server.wm.WindowState.isDefaultDisplay:1286 com.android.server.wm.WindowStateAnimator.updateSurfaceWindowCrop:1294 com.android.server.wm.WindowStateAnimator.setSurfaceBoundariesLocked:1459 
12-14 05:48:16.848  1978  2011 E WindowState: getStack: Window{30d7954a u0 SurfaceView} couldn't find taskId=5 Callers=com.android.server.wm.WindowManagerService.performLayoutAndPlaceSurfacesLockedInner:9750 com.android.server.wm.WindowManagerService.performLayoutAndPlaceSurfacesLockedLoop:8789 com.android.server.wm.WindowManagerService.performLayoutAndPlaceSurfacesLocked:8731 com.android.server.wm.WindowManagerService.access$400:162 
12-14 05:48:16.848  1978  2011 E WindowState: getStack: Window{30d7954a u0 SurfaceView} couldn't find taskId=5 Callers=com.android.server.wm.WindowState.getDisplayContent:782 com.android.server.wm.WindowStateAnimator.updateSurfaceWindowCrop:1284 com.android.server.wm.WindowStateAnimator.setSurfaceBoundariesLocked:1459 com.android.server.wm.WindowManagerService.performLayoutAndPlaceSurfacesLockedInner:9838 
12-14 05:48:16.848  1978  2011 W WindowManager: On display=0 Rebuild removed 3 windows but added 1
12-14 05:48:16.848  1978  2011 W WindowManager: java.lang.RuntimeException: here
12-14 05:48:16.848  1978  2011 W WindowManager: 	at com.android.server.wm.WindowManagerService.rebuildAppWindowListLocked(WindowManagerService.java:8635)
12-14 05:48:16.848  1978  2011 W WindowManager: 	at com.android.server.wm.WindowManagerService.rebuildAppWindowListLocked(WindowManagerService.java:8562)
12-14 05:48:16.848  1978  2011 W WindowManager: 	at com.android.server.wm.WindowManagerService.handleAnimatingStoppedAndTransitionLocked(WindowManagerService.java:9388)
12-14 05:48:16.848  1978  2011 W WindowManager: 	at com.android.server.wm.WindowManagerService.performLayoutAndPlaceSurfacesLockedInner(WindowManagerService.java:9941)
12-14 05:48:16.848  1978  2011 W WindowManager: 	at com.android.server.wm.WindowManagerService.performLayoutAndPlaceSurfacesLockedLoop(WindowManagerService.java:8789)
12-14 05:48:16.848  1978  2011 W WindowManager: 	at com.android.server.wm.WindowManagerService.performLayoutAndPlaceSurfacesLocked(WindowManagerService.java:8731)
12-14 05:48:16.848  1978  2011 W WindowManager: 	at com.android.server.wm.WindowManagerService.access$400(WindowManagerService.java:162)
12-14 05:48:16.848  1978  2011 W WindowManager: 	at com.android.server.wm.WindowManagerService$H.handleMessage(WindowManagerService.java:7697)
12-14 05:48:16.848  1978  2011 W WindowManager: 	at android.os.Handler.dispatchMessage(Handler.java:102)
12-14 05:48:16.848  1978  2011 W WindowManager: 	at android.os.Looper.loop(Looper.java:135)
12-14 05:48:16.848  1978  2011 W WindowManager: 	at android.os.HandlerThread.run(HandlerThread.java:61)
12-14 05:48:16.848  1978  2011 W WindowManager: 	at com.android.server.ServiceThread.run(ServiceThread.java:46)
12-14 05:48:16.849  1978  2011 E WindowState: getStack: Window{30d7954a u0 SurfaceView} couldn't find taskId=5 Callers=com.android.server.wm.WindowState.getDisplayContent:782 com.android.server.wm.WindowState.getDisplayId:787 com.android.server.wm.WindowState.dump:1466 com.android.server.wm.WindowManagerService.rebuildAppWindowListLocked:8643 
12-14 05:48:16.849  1978  2011 W WindowManager: This window was lost: Window{30d7954a u0 SurfaceView}
12-14 05:48:16.849  1978  2011 W WindowManager: mDisplayId=0 mSession=Session{3dd557f9 2740:u0a10038} mClient=android.os.BinderProxy@160a7ab5
12-14 05:48:16.849  1978  2011 W WindowManager: mOwnerUid=10038 mShowToOwnerOnly=true package=null appop=NONE
12-14 05:48:16.849  1978  2011 W WindowManager: mAttrs=WM.LayoutParams{(0,0)(1920x1008) gr=#800033 ty=1001 fl=#4218 pfl=0x40 fmt=3 surfaceInsets=Rect(0, 0 - 0, 0)}
12-14 05:48:16.849  1978  2011 W WindowManager: Requested w=1920 h=1008 mLayoutSeq=66
12-14 05:48:16.849  1978  2011 W WindowManager: mAttachedWindow=Window{b36ec u0 com.android.gallery3d/com.android.gallery3d.app.GalleryActivity} mLayoutAttached=true
12-14 05:48:16.849  1978  2011 W WindowManager: mBaseLayer=21000 mSubLayer=-2 mAnimLayer=21005+0=21005 mLastLayer=21005
12-14 05:48:16.849  1978  2011 W WindowManager: mToken=WindowToken{248ff997 android.os.BinderProxy@24daf59f}
12-14 05:48:16.849  1978  2011 W WindowManager: mRootToken=AppWindowToken{9e598a7 token=Token{39dd2d66 ActivityRecord{3c1d31c1 u0 com.android.gallery3d/.app.GalleryActivity t5}}}
12-14 05:48:16.849  1978  2011 W WindowManager: mAppToken=AppWindowToken{9e598a7 token=Token{39dd2d66 ActivityRecord{3c1d31c1 u0 com.android.gallery3d/.app.GalleryActivity t5}}}
12-14 05:48:16.849  1978  2011 W WindowManager: mViewVisibility=0x0 mHaveFrame=true mObscured=false
12-14 05:48:16.849  1978  2011 W WindowManager: mSeq=0 mSystemUiVisibility=0x0
12-14 05:48:16.849  1978  2011 W WindowManager: mGivenContentInsets=[0,0][0,0] mGivenVisibleInsets=[0,0][0,0]
12-14 05:48:16.849  1978  2011 W WindowManager: mConfiguration={1.0 ?mcc?mnc en_US ?layoutDir sw720dp w1280dp h646dp 240dpi lrg long land -touch qwerty/v/v -nav/h s.4}
12-14 05:48:16.849  1978  2011 W WindowManager: mHasSurface=true mShownFrame=[0.0,0.0][1920.0,1008.0] isReadyForDisplay()=false
12-14 05:48:16.849  1978  2011 W WindowManager: mFrame=[0,0][1920,1008] last=[0,0][1920,1008]
12-14 05:48:16.849  1978  2011 W WindowManager: mSystemDecorRect=[0,0][1920,1008] last=[0,0][0,0]
12-14 05:48:16.849  1978  2011 W WindowManager: Frames: containing=[0,0][1920,1008] parent=[0,0][1920,1008]
12-14 05:48:16.849  1978  2011 W WindowManager:     display=[-10000,-10000][10000,10000] overscan=[-10000,-10000][10000,10000]
12-14 05:48:16.849  1978  2011 W WindowManager:     content=[0,0][1920,1008] visible=[0,0][1920,1008]
12-14 05:48:16.849  1978  2011 W WindowManager:     decor=[0,0][1920,1080]
12-14 05:48:16.849  1978  2011 W WindowManager: Cur insets: overscan=[0,0][0,0] content=[0,0][0,0] visible=[0,0][0,0] stable=[0,38][0,0]
12-14 05:48:16.849  1978  2011 W WindowManager: Lst insets: overscan=[0,0][0,0] content=[0,0][0,0] visible=[0,0][0,0] stable=[0,38][0,0]
12-14 05:48:16.849  1978  2011 W WindowManager: WindowStateAnimator{11237784 SurfaceView}:
12-14 05:48:16.849  1978  2011 W WindowManager:   mSurface=Surface(name=SurfaceView)
12-14 05:48:16.849  1978  2011 W WindowManager:   mDrawState=READY_TO_SHOW mLastHidden=true
12-14 05:48:16.849  1978  2011 W WindowManager:   Surface: shown=false layer=21005 alpha=1.0 rect=(0.0,0.0) 1920.0 x 1008.0
12-14 05:48:16.849  1978  2011 W WindowManager:   mGlobalScale=1.0 mDsDx=1.0 mDtDx=0.0 mDsDy=0.0 mDtDy=1.0
12-14 05:48:16.849  1978  2011 W WindowManager: mExiting=false mRemoveOnExit=false mDestroying=true mRemoved=false
12-14 05:48:16.849  1978  2011 E WindowState: getStack: Window{b36ec u0 com.android.gallery3d/com.android.gallery3d.app.GalleryActivity} couldn't find taskId=5 Callers=com.android.server.wm.WindowState.getDisplayContent:782 com.android.server.wm.WindowState.getDisplayId:787 com.android.server.wm.WindowState.dump:1466 com.android.server.wm.WindowManagerService.rebuildAppWindowListLocked:8643 
12-14 05:48:16.849  1978  2011 W WindowManager: This window was lost: Window{b36ec u0 com.android.gallery3d/com.android.gallery3d.app.GalleryActivity}
12-14 05:48:16.849  1978  2011 W WindowManager: mDisplayId=0 mSession=Session{3dd557f9 2740:u0a10038} mClient=android.os.BinderProxy@24daf59f
12-14 05:48:16.849  1978  2011 W WindowManager: mOwnerUid=10038 mShowToOwnerOnly=true package=com.android.gallery3d appop=NONE
12-14 05:48:16.849  1978  2011 W WindowManager: mAttrs=WM.LayoutParams{(0,0)(fillxfill) sim=#120 ty=1 fl=#1810500 fmt=-3 wanim=0x10303e2 surfaceInsets=Rect(0, 0 - 0, 0) needsMenuKey=2}
12-14 05:48:16.849  1978  2011 W WindowManager: Requested w=1920 h=1008 mLayoutSeq=64
12-14 05:48:16.849  1978  2011 W WindowManager: mBaseLayer=21000 mSubLayer=0 mAnimLayer=21010+0=21010 mLastLayer=21010
12-14 05:48:16.849  1978  2011 W WindowManager: mToken=AppWindowToken{9e598a7 token=Token{39dd2d66 ActivityRecord{3c1d31c1 u0 com.android.gallery3d/.app.GalleryActivity t5}}}
12-14 05:48:16.849  1978  2011 W WindowManager: mRootToken=AppWindowToken{9e598a7 token=Token{39dd2d66 ActivityRecord{3c1d31c1 u0 com.android.gallery3d/.app.GalleryActivity t5}}}
12-14 05:48:16.849  1978  2011 W WindowManager: mAppToken=AppWindowToken{9e598a7 token=Token{39dd2d66 ActivityRecord{3c1d31c1 u0 com.android.gallery3d/.app.GalleryActivity t5}}}
12-14 05:48:16.849  1978  2011 W WindowManager: mViewVisibility=0x0 mHaveFrame=true mObscured=false
12-14 05:48:16.849  1978  2011 W WindowManager: mSeq=0 mSystemUiVisibility=0x0
12-14 05:48:16.849  1978  2011 W WindowManager: mGivenContentInsets=[0,0][0,0] mGivenVisibleInsets=[0,0][0,0]
12-14 05:48:16.849  1978  2011 W WindowManager: mConfiguration={1.0 ?mcc?mnc en_US ?layoutDir sw720dp w1280dp h646dp 240dpi lrg long land -touch qwerty/v/v -nav/h s.4}
12-14 05:48:16.849  1978  2011 W WindowManager: mHasSurface=true mShownFrame=[0.0,0.0][1920.0,1008.0] isReadyForDisplay()=false
12-14 05:48:16.849  1978  2011 W WindowManager: mFrame=[0,0][1920,1008] last=[0,0][1920,1008]
12-14 05:48:16.849  1978  2011 W WindowManager: mSystemDecorRect=[0,0][1920,1008] last=[0,0][0,0]
12-14 05:48:16.849  1978  2011 W WindowManager: Frames: containing=[0,0][1920,1008] parent=[0,0][1920,1008]
12-14 05:48:16.849  1978  2011 W WindowManager:     display=[0,0][1920,1008] overscan=[0,0][1920,1080]
12-14 05:48:16.849  1978  2011 W WindowManager:     content=[0,0][1920,1008] visible=[0,38][1920,1008]
12-14 05:48:16.849  1978  2011 W WindowManager:     decor=[0,0][1920,1008]
12-14 05:48:16.849  1978  2011 W WindowManager: Cur insets: overscan=[0,0][0,0] content=[0,0][0,0] visible=[0,38][0,0] stable=[0,38][0,0]
12-14 05:48:16.849  1978  2011 W WindowManager: Lst insets: overscan=[0,0][0,0] content=[0,0][0,0] visible=[0,38][0,0] stable=[0,38][0,0]
12-14 05:48:16.849  1978  2011 W WindowManager: WindowStateAnimator{e9c4b6d com.android.gallery3d/com.android.gallery3d.app.GalleryActivity}:
12-14 05:48:16.849  1978  2011 W WindowManager:   mSurface=Surface(name=com.android.gallery3d/com.android.gallery3d.app.GalleryActivity)
12-14 05:48:16.849  1978  2011 W WindowManager:   mDrawState=DRAW_PENDING mLastHidden=true
12-14 05:48:16.849  1978  2011 W WindowManager:   Surface: shown=false layer=21010 alpha=1.0 rect=(0.0,0.0) 1920.0 x 1008.0
12-14 05:48:16.849  1978  2011 W WindowManager:   mGlobalScale=1.0 mDsDx=1.0 mDtDx=0.0 mDsDy=0.0 mDtDy=1.0
12-14 05:48:16.849  1978  2011 W WindowManager: mExiting=false mRemoveOnExit=false mDestroying=true mRemoved=false
12-14 05:48:16.849  1978  2011 W WindowManager: Current app token list:
12-14 05:48:16.849  1978  2011 V WindowManager:   Stack #0 tasks from bottom to top:
12-14 05:48:16.849  1978  2011 V WindowManager:     Task #4 activities from bottom to top:
12-14 05:48:16.849  1978  2011 V WindowManager:       activity #0: Token{1cca0d9e ActivityRecord{ddd0fd9 u0 com.android.launcher3/.Launcher t4}}
12-14 05:48:16.849  1978  2011 V WindowManager:   Stack #1 tasks from bottom to top:
12-14 05:48:16.849  1978  2011 W WindowManager: Final window list:
12-14 05:48:16.849  1978  2011 V WindowManager:  Display #0
12-14 05:48:16.849  1978  2011 V WindowManager:   #6: Window{1e1e065b u0 SearchPanel}
12-14 05:48:16.849  1978  2011 V WindowManager:   #5: Window{39956fd1 u0 NavigationBar}
12-14 05:48:16.849  1978  2011 V WindowManager:   #4: Window{21cd5227 u0 Heads Up}
12-14 05:48:16.849  1978  2011 V WindowManager:   #3: Window{35b52c6b u0 StatusBar}
12-14 05:48:16.849  1978  2011 V WindowManager:   #2: Window{284094dd u0 KeyguardScrim}
12-14 05:48:16.849  1978  2011 V WindowManager:   #1: Window{11cb6eb9 u0 com.android.launcher3/com.android.launcher3.Launcher}
12-14 05:48:16.849  1978  2011 V WindowManager:   #0: Window{3c90f958 u0 com.android.systemui.ImageWallpaper}
12-14 05:48:16.850  1978  2011 E WindowState: getStack: Window{30d7954a u0 SurfaceView} couldn't find taskId=5 Callers=com.android.server.wm.WindowState.getDisplayContent:782 com.android.server.wm.WindowState.getWindowList:1354 com.android.server.wm.WindowManagerService.removeWindowInnerLocked:2774 com.android.server.wm.WindowManagerService.performLayoutAndPlaceSurfacesLockedInner:10144 
12-14 05:48:16.850  1978  2011 E WindowState: getStack: Window{30d7954a u0 SurfaceView} couldn't find taskId=5 Callers=com.android.server.wm.WindowState.getDisplayContent:782 com.android.server.wm.WindowManagerService.performLayoutAndPlaceSurfacesLockedInner:10145 com.android.server.wm.WindowManagerService.performLayoutAndPlaceSurfacesLockedLoop:8789 com.android.server.wm.WindowManagerService.performLayoutAndPlaceSurfacesLocked:8731 
12-14 05:48:16.850  1978  2011 E WindowState: getStack: Window{b36ec u0 com.android.gallery3d/com.android.gallery3d.app.GalleryActivity} couldn't find taskId=5 Callers=com.android.server.wm.WindowState.getDisplayContent:782 com.android.server.wm.WindowState.getWindowList:1354 com.android.server.wm.WindowManagerService.removeWindowInnerLocked:2774 com.android.server.wm.WindowManagerService.performLayoutAndPlaceSurfacesLockedInner:10144 
12-14 05:48:16.850  1978  2011 E WindowState: getStack: Window{b36ec u0 com.android.gallery3d/com.android.gallery3d.app.GalleryActivity} couldn't find taskId=5 Callers=com.android.server.wm.WindowState.getDisplayContent:782 com.android.server.wm.WindowManagerService.performLayoutAndPlaceSurfacesLockedInner:10145 com.android.server.wm.WindowManagerService.performLayoutAndPlaceSurfacesLockedLoop:8789 com.android.server.wm.WindowManagerService.performLayoutAndPlaceSurfacesLocked:8731 
12-14 05:48:16.850  1978  2140 W InputMethodManagerService: Window already focused, ignoring focus gain of: com.android.internal.view.IInputMethodClient$Stub$Proxy@1ad583a2 attribute=android.view.inputmethod.EditorInfo@2c509833, token = android.os.BinderProxy@20f2880
12-14 05:48:16.863  1705  1705 E DEBUG   : unexpected waitpid response: n=3538, status=0000000b
12-14 05:48:16.863  1705  1705 E DEBUG   : tid exited before attach completed: tid 3538
12-14 05:48:16.863  1713  1713 I Zygote  : Process 2740 exited due to signal (11)
12-14 05:48:16.864  1978  3549 D OpenGLRenderer: Use EGL_SWAP_BEHAVIOR_PRESERVED: true
12-14 05:48:16.864  1978  2006 D Atlas   : Validating map...
12-14 05:48:16.918  1978  3549 I OpenGLRenderer: Initialized EGL, version 1.4
12-14 05:48:16.918  1978  3549 W OpenGLRenderer: Failed to choose config with EGL_SWAP_BEHAVIOR_PRESERVED, retrying without...
12-14 05:48:16.919  1978  3549 D OpenGLRenderer: Enabling debug mode 0
12-14 05:48:17.088  3553  3553 W linker  : [vdso]: unused DT entry: type 0x6ffffef5 arg 0x160
12-14 05:48:22.012  1978  2095 W AudioTrack: AUDIO_OUTPUT_FLAG_FAST denied by client
12-14 05:48:22.023  1709  1961 D audio_hw_primary: found out /dev/snd/pcmC1D0p
12-14 05:48:22.031  1978  3549 D OpenGLRenderer: endAllStagingAnimators on 0x7f9d0e245c00 (RippleDrawable) with handle 0x7f9d1993f080
12-14 05:48:22.032  1978  2240 W InputMethodManagerService: Window already focused, ignoring focus gain of: com.android.internal.view.IInputMethodClient$Stub$Proxy@c849b4c attribute=null, token = android.os.BinderProxy@20f2880
12-14 05:48:22.096  3555  3555 W linker  : [vdso]: unused DT entry: type 0x6ffffef5 arg 0x160
12-14 05:48:23.979  1978  2095 W AudioTrack: AUDIO_OUTPUT_FLAG_FAST denied by client
12-14 05:48:26.913  1701  1701 D SurfaceFlinger: Set power mode=0, type=0 flinger=0x7fdc66c62000
12-14 05:48:27.104  3557  3557 W linker  : [vdso]: unused DT entry: type 0x6ffffef5 arg 0x160
12-14 05:48:27.623  3558  3558 W linker  : [vdso]: unused DT entry: type 0x6ffffef5 arg 0x160
12-14 05:48:29.127  3559  3559 W linker  : [vdso]: unused DT entry: type 0x6ffffef5 arg 0x160
12-14 05:48:32.112  3560  3560 W linker  : [vdso]: unused DT entry: type 0x6ffffef5 arg 0x160
12-14 05:48:33.074  3561  3561 W linker  : [vdso]: unused DT entry: type 0x6ffffef5 arg 0x160
12-14 05:48:37.125  3562  3562 W linker  : [vdso]: unused DT entry: type 0x6ffffef5 arg 0x160
12-14 05:48:38.721  3563  3563 W linker  : [vdso]: unused DT entry: type 0x6ffffef5 arg 0x160
12-14 05:48:39.687  3564  3564 W linker  : [vdso]: unused DT entry: type 0x6ffffef5 arg 0x160
12-14 05:48:41.235  3565  3565 W linker  : [vdso]: unused DT entry: type 0x6ffffef5 arg 0x160
12-14 05:48:42.133  3566  3566 W linker  : [vdso]: unused DT entry: type 0x6ffffef5 arg 0x160
12-14 05:48:43.195  1701  1701 D SurfaceFlinger: Set power mode=2, type=0 flinger=0x7fdc66c62000
12-14 05:48:43.195  1701  1948 D GRALLOC-DRM: set master
12-14 05:48:47.145  3567  3567 W linker  : [vdso]: unused DT entry: type 0x6ffffef5 arg 0x160
12-14 05:48:52.159  3568  3568 W linker  : [vdso]: unused DT entry: type 0x6ffffef5 arg 0x160
12-14 05:48:57.173  3569  3569 W linker  : [vdso]: unused DT entry: type 0x6ffffef5 arg 0x160
12-14 05:49:02.187  3570  3570 W linker  : [vdso]: unused DT entry: type 0x6ffffef5 arg 0x160
12-14 05:49:07.201  3571  3571 W linker  : [vdso]: unused DT entry: type 0x6ffffef5 arg 0x160
12-14 05:49:12.215  3572  3572 W linker  : [vdso]: unused DT entry: type 0x6ffffef5 arg 0x160
12-14 05:49:17.229  3573  3573 W linker  : [vdso]: unused DT entry: type 0x6ffffef5 arg 0x160
12-14 05:49:22.243  3574  3574 W linker  : [vdso]: unused DT entry: type 0x6ffffef5 arg 0x160
12-14 05:49:27.257  3575  3575 W linker  : [vdso]: unused DT entry: type 0x6ffffef5 arg 0x160
12-14 05:49:32.270  3576  3576 W linker  : [vdso]: unused DT entry: type 0x6ffffef5 arg 0x160
12-14 05:49:37.284  3577  3577 W linker  : [vdso]: unused DT entry: type 0x6ffffef5 arg 0x160
12-14 05:49:42.298  3578  3578 W linker  : [vdso]: unused DT entry: type 0x6ffffef5 arg 0x160
12-14 05:49:46.082  1978  2241 D UsbHostManager: Added device UsbDevice[mName=/dev/bus/usb/004/002,mVendorId=8053,mProductId=2327,mClass=0,mSubclass=0,mProtocol=0,mManufacturerName=innostor,mProductName=USB 3.0,mSerialNumber=201207221826,mConfigurations=[
12-14 05:49:46.082  1978  2241 D UsbHostManager: UsbConfiguration[mId=1,mName=null,mAttributes=128,mMaxPower=38,mInterfaces=[
12-14 05:49:46.082  1978  2241 D UsbHostManager: UsbInterface[mId=0,mAlternateSetting=0,mName=null,mClass=8,mSubclass=6,mProtocol=80,mEndpoints=[
12-14 05:49:46.082  1978  2241 D UsbHostManager: UsbEndpoint[mAddress=2,mAttributes=2,mMaxPacketSize=1024,mInterval=0]
12-14 05:49:46.082  1978  2241 D UsbHostManager: UsbEndpoint[mAddress=129,mAttributes=2,mMaxPacketSize=1024,mInterval=0]]]]
12-14 05:49:46.082  1978  2241 W ContextImpl: Calling a method in the system process without a qualified user: android.app.ContextImpl.sendBroadcast:1327 com.android.server.usb.UsbSettingsManager.deviceAttached:741 com.android.server.usb.UsbHostManager.endUsbDeviceAdded:224 com.android.server.usb.UsbHostManager.monitorUsbHostBus:-2 com.android.server.usb.UsbHostManager.access$000:42 
12-14 05:49:47.089  3584  3584 W linker  : [vdso]: unused DT entry: type 0x6ffffef5 arg 0x160
12-14 05:49:47.439  1700  1937 E NetlinkEvent: NetlinkEvent::FindParam(): Parameter 'NPARTS' not found
12-14 05:49:47.439  1700  1937 W DirectVolume: Kernel block uevent missing 'NPARTS'
12-14 05:49:47.439  1700  1937 D Vold    : Volume usb0 state changing 0 (No-Media) -> 2 (Pending)
12-14 05:49:47.439  1700  1937 E NetlinkEvent: NetlinkEvent::FindParam(): Parameter 'PARTN' not found
12-14 05:49:47.439  1700  1937 W DirectVolume: Kernel block uevent missing 'PARTN'
12-14 05:49:47.439  1700  1937 D Vold    : Volume usb0 state changing 2 (Pending) -> 1 (Idle-Unmounted)
12-14 05:49:47.440  1978  2008 D MountService: volume state changed for /storage/usb0 (removed -> unmounted)
12-14 05:49:47.440  1978  2008 D MountService: sendStorageIntent Intent { act=android.intent.action.MEDIA_UNMOUNTED dat=file:///storage/usb0 flg=0x4000000 (has extras) } to UserHandle{-1}
12-14 05:49:47.442  1700  1940 I Vold    : /dev/block/vold/8:49 being considered for volume usb0
12-14 05:49:47.442  1700  1940 D Vold    : Volume usb0 state changing 1 (Idle-Unmounted) -> 3 (Checking)
12-14 05:49:47.442  1700  1940 D Vold    : Trying to get filesystem type for /dev/block/vold/8:49 
12-14 05:49:47.442  1978  2008 D MountService: volume state changed for /storage/usb0 (unmounted -> checking)
12-14 05:49:47.442  1978  2008 D MountService: sendStorageIntent Intent { act=android.intent.action.MEDIA_CHECKING dat=file:///storage/usb0 flg=0x4000000 (has extras) } to UserHandle{-1}
12-14 05:49:47.463  1978  2006 I ActivityManager: Start proc 3588:com.android.externalstorage/u0a1 for broadcast com.android.externalstorage/.MountReceiver
12-14 05:49:47.464  1978  1978 I ValidateNoPeople: skipping global notification
12-14 05:49:47.470  1978  2829 I art     : DexFile_isDexOptNeeded file /system/priv-app/ExternalStorageProvider/x86_64/ExternalStorageProvider.odex needs to be relocated for /system/priv-app/ExternalStorageProvider/ExternalStorageProvider.apk
12-14 05:49:47.470  1978  2829 I PackageManager: Running patchoat on: com.android.externalstorage
12-14 05:49:47.470  3610  3610 E installd: Running /system/bin/patchoat isa=x86_64 in-fd=5 (/system/priv-app/ExternalStorageProvider/x86_64/ExternalStorageProvider.odex) out-fd=6 (/data/dalvik-cache/x86_64/system@priv-app@ExternalStorageProvider@ExternalStorageProvider.apk@classes.dex)
12-14 05:49:47.472  3610  3610 W linker  : [vdso]: unused DT entry: type 0x6ffffef5 arg 0xec
12-14 05:49:47.473  3610  3610 E cutils-trace: Error opening trace file: Permission denied (13)
12-14 05:49:47.509  1700  1940 D Vold    : Found vfat filesystem on /dev/block/vold/8:49
12-14 05:49:47.510  3588  3588 I ActivityThread: Switching default density from 160 to 240
12-14 05:49:47.512  3588  3588 D ExternalStorage: After updating volumes, found 1 active roots
12-14 05:49:47.512  3588  3588 D ExternalStorage: After updating volumes, found 1 active roots
12-14 05:49:47.513  2794  2794 D MediaScannerReceiver: action: android.intent.action.MEDIA_UNMOUNTED path: /storage/usb0
12-14 05:49:47.522  3611  3611 W linker  : [vdso]: unused DT entry: type 0x6ffffef5 arg 0x160
12-14 05:49:47.522  1700  1940 I fsck_msdos: WARNING: linker: [vdso]: unused DT entry: type 0x6ffffef5 arg 0x160
12-14 05:49:47.523  1700  1940 I fsck_msdos: ** /dev/block/vold/8:49
12-14 05:49:47.523  1700  1940 I fsck_msdos: ** Phase 1 - Read FAT (compare skipped)
12-14 05:49:47.523  1700  1940 I fsck_msdos: Attempting to allocate 7448 KB for FAT
12-14 05:49:47.599  1700  1940 I fsck_msdos: ** Phase 2 - Check Cluster Chains
12-14 05:49:47.604  1700  1940 I fsck_msdos: ** Phase 3 - Checking Directories
12-14 05:49:48.234  1700  1940 I fsck_msdos: ** Phase 4 - Checking for Lost Files
12-14 05:49:48.237  1700  1940 I fsck_msdos: Free space in FSInfo block (1769150) not correct (1765870)
12-14 05:49:48.237  1700  1940 I fsck_msdos: FIXED
12-14 05:49:48.237  1700  1940 I fsck_msdos: Next free cluster in FSInfo block (137556) not free
12-14 05:49:48.237  1700  1940 I fsck_msdos: FIXED
12-14 05:49:48.237  1700  1940 I fsck_msdos: 3490 files, 1981888 free (1765870 clusters)
12-14 05:49:48.242  1700  1940 I Vold    : Filesystem check completed OK
12-14 05:49:48.278  3612  3612 W linker  : [vdso]: unused DT entry: type 0x6ffffef5 arg 0x160
12-14 05:49:48.352  3612  3612 W linker  : [vdso]: unused DT entry: type 0x6ffffef5 arg 0x160
12-14 05:49:48.358  1700  1940 D Vold    : blkid identified as /dev/block/vold/8:49: LABEL="IR3_CPRA_X6" UUID="12E8-1A44" TYPE="vfat" 
12-14 05:49:48.359  1700  1940 D Vold    : Volume usb0 state changing 3 (Checking) -> 4 (Mounted)
12-14 05:49:48.359  1978  2008 D MountService: volume state changed for /storage/usb0 (checking -> mounted)
12-14 05:49:48.359  1978  3587 E VoldConnector: NDC Command {22 volume mount /storage/usb0} took too long (918ms)
12-14 05:49:48.359  1978  2008 D MountService: sendStorageIntent Intent { act=android.intent.action.MEDIA_MOUNTED dat=file:///storage/usb0 flg=0x4000000 (has extras) } to UserHandle{-1}
12-14 05:49:48.360  3613  3613 W linker  : [vdso]: unused DT entry: type 0x6ffffef5 arg 0x160
12-14 05:49:48.360  3588  3588 D ExternalStorage: After updating volumes, found 2 active roots
12-14 05:49:48.361  2794  2794 D MediaScannerReceiver: action: android.intent.action.MEDIA_MOUNTED path: /storage/usb0
12-14 05:49:48.467  2794  3616 W MediaScanner: Error opening directory '/storage/sdcard1/', skipping: Permission denied.
12-14 05:49:51.808  2794  3616 W MediaScanner: Error opening directory '/storage/usb0/.android_secure/', skipping: Permission denied.
12-14 05:49:51.824  2794  3616 W MediaScanner: Error opening directory '/storage/usb1/', skipping: Permission denied.
12-14 05:49:51.824  2794  3616 W MediaScanner: Error opening directory '/storage/usb2/', skipping: Permission denied.
12-14 05:49:51.824  2794  3616 W MediaScanner: Error opening directory '/storage/usb3/', skipping: Permission denied.
12-14 05:49:52.367  3618  3618 W linker  : [vdso]: unused DT entry: type 0x6ffffef5 arg 0x160
12-14 05:49:52.457  2794  3616 V MediaScanner: pruneDeadThumbnailFiles... android.database.sqlite.SQLiteCursor@35b70f60
12-14 05:49:52.457  2794  3616 V MediaScanner: /pruneDeadThumbnailFiles... android.database.sqlite.SQLiteCursor@35b70f60
12-14 05:49:55.724  1978  2095 W AudioTrack: AUDIO_OUTPUT_FLAG_FAST denied by client
12-14 05:49:55.736  1709  1961 D audio_hw_primary: found out /dev/snd/pcmC1D0p
12-14 05:49:57.375  3620  3620 W linker  : [vdso]: unused DT entry: type 0x6ffffef5 arg 0x160
12-14 05:49:57.484  1978  2836 I ActivityManager: START u0 {act=android.intent.action.MAIN cat=[android.intent.category.LAUNCHER] flg=0x10200000 cmp=com.cyanogenmod.filemanager/.activities.NavigationActivity (has extras)} from uid 10027 on display 0
12-14 05:49:57.484  1978  2095 W AudioTrack: AUDIO_OUTPUT_FLAG_FAST denied by client
12-14 05:49:57.485  1978  2836 V WindowManager: addAppToken: AppWindowToken{3368044d token=Token{321907e4 ActivityRecord{265a0f77 u0 com.cyanogenmod.filemanager/.activities.NavigationActivity t6}}} to stack=1 task=6 at 0
12-14 05:49:57.486  1978  2011 V WindowManager: Adding window Window{3c0b6f7c u0 Starting com.cyanogenmod.filemanager} at 2 of 7 (after Window{11cb6eb9 u0 com.android.launcher3/com.android.launcher3.Launcher})
12-14 05:49:57.503  1978  2832 I ActivityManager: Start proc 3622:com.cyanogenmod.filemanager/u0a18 for activity com.cyanogenmod.filemanager/.activities.NavigationActivity
12-14 05:49:57.536  1978  2835 I art     : DexFile_isDexOptNeeded file /system/app/CMFileManager/x86_64/CMFileManager.odex needs to be relocated for /system/app/CMFileManager/CMFileManager.apk
12-14 05:49:57.536  1978  2835 I PackageManager: Running patchoat on: com.cyanogenmod.filemanager
12-14 05:49:57.536  3644  3644 E installd: Running /system/bin/patchoat isa=x86_64 in-fd=5 (/system/app/CMFileManager/x86_64/CMFileManager.odex) out-fd=6 (/data/dalvik-cache/x86_64/system@app@CMFileManager@CMFileManager.apk@classes.dex)
12-14 05:49:57.539  3644  3644 W linker  : [vdso]: unused DT entry: type 0x6ffffef5 arg 0xec
12-14 05:49:57.539  3644  3644 E cutils-trace: Error opening trace file: Permission denied (13)
12-14 05:49:57.708  3622  3622 I ActivityThread: Switching default density from 160 to 240
12-14 05:49:57.875  1700  1940 E Vold    : Failed to find mounted volume for /storage/usb1/Android/data/com.cyanogenmod.filemanager/files/
12-14 05:49:57.875  3622  3622 W ContextImpl: Failed to ensure directory: /storage/usb1/Android/data/com.cyanogenmod.filemanager/files
12-14 05:49:57.875  1700  1940 E Vold    : Failed to find mounted volume for /storage/usb2/Android/data/com.cyanogenmod.filemanager/files/
12-14 05:49:57.875  3622  3622 W ContextImpl: Failed to ensure directory: /storage/usb2/Android/data/com.cyanogenmod.filemanager/files
12-14 05:49:57.875  1700  1940 E Vold    : Failed to find mounted volume for /storage/usb3/Android/data/com.cyanogenmod.filemanager/files/
12-14 05:49:57.875  3622  3622 W ContextImpl: Failed to ensure directory: /storage/usb3/Android/data/com.cyanogenmod.filemanager/files
12-14 05:49:57.875  1700  1940 E Vold    : Failed to find mounted volume for /storage/sdcard1/Android/data/com.cyanogenmod.filemanager/files/
12-14 05:49:57.876  3622  3622 W ContextImpl: Failed to ensure directory: /storage/sdcard1/Android/data/com.cyanogenmod.filemanager/files
12-14 05:49:57.879  3647  3647 W linker  : [vdso]: unused DT entry: type 0x6ffffef5 arg 0x160
12-14 05:49:57.931  3651  3651 W linker  : [vdso]: unused DT entry: type 0x6ffffef5 arg 0x160
12-14 05:49:57.932  3652  3652 W linker  : [vdso]: unused DT entry: type 0x6ffffef5 arg 0x160
12-14 05:49:57.933  3653  3653 W linker  : [vdso]: unused DT entry: type 0x6ffffef5 arg 0x160
12-14 05:49:57.935  3654  3654 W linker  : [vdso]: unused DT entry: type 0x6ffffef5 arg 0x160
12-14 05:49:57.937  3655  3655 W linker  : [vdso]: unused DT entry: type 0x6ffffef5 arg 0x160
12-14 05:49:57.938  3656  3656 W linker  : [vdso]: unused DT entry: type 0x6ffffef5 arg 0x160
12-14 05:49:57.975  3622  3622 V NFC     : this device does not have NFC support
12-14 05:49:57.982  3622  3657 W NavigationActivity: Ignoring '/storage/sdcard1' with state of 'unmounted'
12-14 05:49:57.982  3622  3657 W NavigationActivity: Ignoring '/storage/usb1' with state of 'removed'
12-14 05:49:57.982  3622  3657 W NavigationActivity: Ignoring '/storage/usb2' with state of 'removed'
12-14 05:49:57.982  3622  3657 W NavigationActivity: Ignoring '/storage/usb3' with state of 'removed'
12-14 05:49:58.005  3622  3658 D OpenGLRenderer: Use EGL_SWAP_BEHAVIOR_PRESERVED: true
12-14 05:49:58.005  3622  3622 I GRALLOC-DRM: create intel for driver i915
12-14 05:49:58.006  3622  3622 D Atlas   : Validating map...
12-14 05:49:58.006  1978  2002 V WindowManager: Adding window Window{13d61a98 u0 com.cyanogenmod.filemanager/com.cyanogenmod.filemanager.activities.NavigationActivity} at 2 of 8 (before Window{3c0b6f7c u0 Starting com.cyanogenmod.filemanager})
12-14 05:49:58.028  1978  2238 V WindowManager: Adding window Window{6dc6ed6 u0 com.cyanogenmod.filemanager/com.cyanogenmod.filemanager.activities.NavigationActivity} at 2 of 9 (before Window{13d61a98 u0 com.cyanogenmod.filemanager/com.cyanogenmod.filemanager.activities.NavigationActivity})
12-14 05:49:58.029  3622  3659 V MimeTypeIndexService: onHandleIntent(Intent { act=com.cyanogenmod.filemanager.ACTION_START_INDEX cmp=com.cyanogenmod.filemanager/.service.MimeTypeIndexService (has extras) })
12-14 05:49:58.029  3622  3659 D MimeTypeIndexService: Action: com.cyanogenmod.filemanager.ACTION_START_INDEX
12-14 05:49:58.029  3622  3659 V MimeTypeIndexService: performIndexAction(/storage/emulated/0)
12-14 05:49:58.029  3622  3659 I MimeTypeIndexService: Starting mime type usage indexing on '/storage/emulated/0'
12-14 05:49:58.031  3622  3659 D MimeTypeIndexService: NONE = 77824
12-14 05:49:58.051  1978  2074 I InputDispatcher: Dropping event because there is no touchable window at (1071, 310).
12-14 05:49:58.065  1978  2074 I InputDispatcher: Dropping event because there is no touchable window at (1059, 339).
12-14 05:49:58.077  1978  2074 I InputDispatcher: Dropping event because there is no touchable window at (1016, 437).
12-14 05:49:58.087  3622  3658 I EGL-DRI2: DRI2: found extension DRI_Core version 1
12-14 05:49:58.087  3622  3658 I EGL-DRI2: DRI2: found extension DRI_DRI2 version 4
12-14 05:49:58.090  3622  3658 I EGL-DRI2: DRI2: found extension DRI_TexBuffer version 3
12-14 05:49:58.090  3622  3658 I EGL-DRI2: DRI2: found extension DRI2_Flush version 4
12-14 05:49:58.090  3622  3658 I EGL-DRI2: DRI2: found extension DRI_IMAGE version 11
12-14 05:49:58.090  3622  3658 I OpenGLRenderer: Initialized EGL, version 1.4
12-14 05:49:58.090  3622  3658 W OpenGLRenderer: Failed to choose config with EGL_SWAP_BEHAVIOR_PRESERVED, retrying without...
12-14 05:49:58.091  3622  3658 D OpenGLRenderer: Enabling debug mode 0
12-14 05:49:58.115  3622  3659 V MimeTypeIndexService: onHandleIntent(Intent { act=com.cyanogenmod.filemanager.ACTION_START_INDEX cmp=com.cyanogenmod.filemanager/.service.MimeTypeIndexService (has extras) })
12-14 05:49:58.115  3622  3659 D MimeTypeIndexService: Action: com.cyanogenmod.filemanager.ACTION_START_INDEX
12-14 05:49:58.115  3622  3659 V MimeTypeIndexService: performIndexAction(/system)
12-14 05:49:58.115  3622  3659 I MimeTypeIndexService: Starting mime type usage indexing on '/system'
12-14 05:49:58.123  3660  3660 W linker  : [vdso]: unused DT entry: type 0x6ffffef5 arg 0x160
12-14 05:49:58.174  3664  3664 W linker  : [vdso]: unused DT entry: type 0x6ffffef5 arg 0x160
12-14 05:49:58.175  3665  3665 W linker  : [vdso]: unused DT entry: type 0x6ffffef5 arg 0x160
12-14 05:49:58.176  3666  3666 W linker  : [vdso]: unused DT entry: type 0x6ffffef5 arg 0x160
12-14 05:49:58.178  3667  3667 W linker  : [vdso]: unused DT entry: type 0x6ffffef5 arg 0x160
12-14 05:49:58.179  3668  3668 W linker  : [vdso]: unused DT entry: type 0x6ffffef5 arg 0x160
12-14 05:49:58.180  3669  3669 W linker  : [vdso]: unused DT entry: type 0x6ffffef5 arg 0x160
12-14 05:49:58.221  1978  2011 I ActivityManager: Displayed com.cyanogenmod.filemanager/.activities.NavigationActivity: +734ms (total +1m41s949ms)
12-14 05:49:58.228  3673  3673 W linker  : [vdso]: unused DT entry: type 0x6ffffef5 arg 0x160
12-14 05:49:58.229  3674  3674 W linker  : [vdso]: unused DT entry: type 0x6ffffef5 arg 0x160
12-14 05:49:58.231  3675  3675 W linker  : [vdso]: unused DT entry: type 0x6ffffef5 arg 0x160
12-14 05:49:58.232  3676  3676 W linker  : [vdso]: unused DT entry: type 0x6ffffef5 arg 0x160
12-14 05:49:58.349  3678  3678 W linker  : [vdso]: unused DT entry: type 0x6ffffef5 arg 0x160
12-14 05:49:58.351  3679  3679 W linker  : [vdso]: unused DT entry: type 0x6ffffef5 arg 0x160
12-14 05:49:58.352  3680  3680 W linker  : [vdso]: unused DT entry: type 0x6ffffef5 arg 0x160
12-14 05:49:58.387  3682  3682 W linker  : [vdso]: unused DT entry: type 0x6ffffef5 arg 0x160
12-14 05:49:58.389  3683  3683 W linker  : [vdso]: unused DT entry: type 0x6ffffef5 arg 0x160
12-14 05:49:58.390  3684  3684 W linker  : [vdso]: unused DT entry: type 0x6ffffef5 arg 0x160
12-14 05:49:58.418  3622  3659 D MimeTypeIndexService: EXEC = 8400
12-14 05:49:58.418  3622  3659 D MimeTypeIndexService: AUDIO = 1065141
12-14 05:49:58.418  3622  3659 D MimeTypeIndexService: TEXT = 926168
12-14 05:49:58.418  3622  3659 D MimeTypeIndexService: BINARY = 501676294
12-14 05:49:58.418  3622  3659 D MimeTypeIndexService: FONT = 19580216
12-14 05:49:58.418  3622  3659 D MimeTypeIndexService: COMPRESS = 2136830
12-14 05:49:58.418  3622  3659 D MimeTypeIndexService: APP = 98311887
12-14 05:49:58.418  3622  3659 D MimeTypeIndexService: NONE = 712339925
12-14 05:50:01.256  1978  2095 W AudioTrack: AUDIO_OUTPUT_FLAG_FAST denied by client
12-14 05:50:01.269  1709  1961 D audio_hw_primary: found out /dev/snd/pcmC1D0p
12-14 05:50:01.280  3622  3658 D OpenGLRenderer: endAllStagingAnimators on 0x7f9d19bb0000 (RippleDrawable) with handle 0x7f9d102dd2c0
12-14 05:50:02.383  3687  3687 W linker  : [vdso]: unused DT entry: type 0x6ffffef5 arg 0x160
12-14 05:50:03.331  1978  2095 W AudioTrack: AUDIO_OUTPUT_FLAG_FAST denied by client
