12-14 05:50:03.331  3689  3689 W linker  : [vdso]: unused DT entry: type 0x6ffffef5 arg 0x160
12-14 05:50:03.332  3690  3690 W linker  : [vdso]: unused DT entry: type 0x6ffffef5 arg 0x160
12-14 05:50:03.333  3691  3691 W linker  : [vdso]: unused DT entry: type 0x6ffffef5 arg 0x160
12-14 05:50:03.336  3693  3693 W linker  : [vdso]: unused DT entry: type 0x6ffffef5 arg 0x160
12-14 05:50:03.337  3694  3694 W linker  : [vdso]: unused DT entry: type 0x6ffffef5 arg 0x160
12-14 05:50:03.340  3695  3695 W linker  : [vdso]: unused DT entry: type 0x6ffffef5 arg 0x160
12-14 05:50:03.341  3696  3696 W linker  : [vdso]: unused DT entry: type 0x6ffffef5 arg 0x160
12-14 05:50:03.449  3698  3698 W linker  : [vdso]: unused DT entry: type 0x6ffffef5 arg 0x160
12-14 05:50:03.451  3699  3699 W linker  : [vdso]: unused DT entry: type 0x6ffffef5 arg 0x160
12-14 05:50:03.452  3700  3700 W linker  : [vdso]: unused DT entry: type 0x6ffffef5 arg 0x160
12-14 05:50:03.481  3701  3701 W linker  : [vdso]: unused DT entry: type 0x6ffffef5 arg 0x160
12-14 05:50:03.483  3702  3702 W linker  : [vdso]: unused DT entry: type 0x6ffffef5 arg 0x160
12-14 05:50:03.595  3703  3703 W linker  : [vdso]: unused DT entry: type 0x6ffffef5 arg 0x160
12-14 05:50:05.557  1978  2095 W AudioTrack: AUDIO_OUTPUT_FLAG_FAST denied by client
12-14 05:50:05.560  1978  2001 I ActivityManager: START u0 {act=android.intent.action.VIEW dat=file:///storage/usb0/com.android.chrome-v44.0.2403.128-240312811-x86-Android-5.0.apk typ=application/vnd.android.package-archive cmp=com.android.packageinstaller/.PackageInstallerActivity} from uid 10018 on display 0
12-14 05:50:05.561  1978  2001 V WindowManager: addAppToken: AppWindowToken{26ec5bdc token=Token{3a06d84f ActivityRecord{2cd282ae u0 com.android.packageinstaller/.PackageInstallerActivity t6}}} to stack=1 task=6 at 1
12-14 05:50:05.580  1978  2140 I ActivityManager: Start proc 3705:com.android.packageinstaller/u0a35 for activity com.android.packageinstaller/.PackageInstallerActivity
12-14 05:50:05.588  1978  2832 I art     : DexFile_isDexOptNeeded file /system/app/PackageInstaller/x86_64/PackageInstaller.odex needs to be relocated for /system/app/PackageInstaller/PackageInstaller.apk
12-14 05:50:05.589  1978  2832 I PackageManager: Running patchoat on: com.android.packageinstaller
12-14 05:50:05.589  3727  3727 E installd: Running /system/bin/patchoat isa=x86_64 in-fd=5 (/system/app/PackageInstaller/x86_64/PackageInstaller.odex) out-fd=6 (/data/dalvik-cache/x86_64/system@app@PackageInstaller@PackageInstaller.apk@classes.dex)
12-14 05:50:05.591  3727  3727 W linker  : [vdso]: unused DT entry: type 0x6ffffef5 arg 0xec
12-14 05:50:05.592  3727  3727 E cutils-trace: Error opening trace file: Permission denied (13)
12-14 05:50:05.691  3705  3705 I ActivityThread: Switching default density from 160 to 240
12-14 05:50:05.733  3705  3728 D OpenGLRenderer: Use EGL_SWAP_BEHAVIOR_PRESERVED: true
12-14 05:50:05.734  3705  3705 I GRALLOC-DRM: create intel for driver i915
12-14 05:50:05.734  3705  3705 D Atlas   : Validating map...
12-14 05:50:05.735  1978  2001 V WindowManager: Adding window Window{72e5a61 u0 com.android.packageinstaller/com.android.packageinstaller.PackageInstallerActivity} at 3 of 8 (after Window{6dc6ed6 u0 com.cyanogenmod.filemanager/com.cyanogenmod.filemanager.activities.NavigationActivity})
12-14 05:50:05.736  1978  2240 V WindowManager: Adding window Window{1b9f8247 u0 com.android.packageinstaller/com.android.packageinstaller.PackageInstallerActivity} at 3 of 9 (before Window{72e5a61 u0 com.android.packageinstaller/com.android.packageinstaller.PackageInstallerActivity})
12-14 05:50:05.782  3705  3728 I EGL-DRI2: DRI2: found extension DRI_Core version 1
12-14 05:50:05.782  3705  3728 I EGL-DRI2: DRI2: found extension DRI_DRI2 version 4
12-14 05:50:05.785  3705  3728 I EGL-DRI2: DRI2: found extension DRI_TexBuffer version 3
12-14 05:50:05.785  3705  3728 I EGL-DRI2: DRI2: found extension DRI2_Flush version 4
12-14 05:50:05.785  3705  3728 I EGL-DRI2: DRI2: found extension DRI_IMAGE version 11
12-14 05:50:05.785  3705  3728 I OpenGLRenderer: Initialized EGL, version 1.4
12-14 05:50:05.785  3705  3728 W OpenGLRenderer: Failed to choose config with EGL_SWAP_BEHAVIOR_PRESERVED, retrying without...
12-14 05:50:05.788  3705  3728 D OpenGLRenderer: Enabling debug mode 0
12-14 05:50:05.845  1978  2011 I ActivityManager: Displayed com.android.packageinstaller/.PackageInstallerActivity: +281ms
12-14 05:50:07.391  3731  3731 W linker  : [vdso]: unused DT entry: type 0x6ffffef5 arg 0x160
12-14 05:50:07.933  1978  2095 W AudioTrack: AUDIO_OUTPUT_FLAG_FAST denied by client
12-14 05:50:07.947  3705  3705 I PackageInstaller: Launching settings
12-14 05:50:07.947  1978  2238 I ActivityManager: START u0 {act=android.settings.SECURITY_SETTINGS flg=0x10000000 cmp=com.android.settings/.Settings$SecuritySettingsActivity} from uid 10035 on display 0
12-14 05:50:07.948  1978  2238 V WindowManager: addAppToken: AppWindowToken{1af799e0 token=Token{1d47fbe3 ActivityRecord{2f226812 u0 com.android.settings/.Settings$SecuritySettingsActivity t7}}} to stack=1 task=7 at 0
12-14 05:50:07.970  1978  2011 V WindowManager: Adding window Window{34b19dd1 u0 Starting com.android.settings} at 5 of 10 (after Window{72e5a61 u0 com.android.packageinstaller/com.android.packageinstaller.PackageInstallerActivity})
12-14 05:50:07.996  3705  3728 D OpenGLRenderer: endAllStagingAnimators on 0x7f9d198e5000 (RippleDrawable) with handle 0x7f9d1d6d34a0
12-14 05:50:08.023  2616  2616 W Settings: Setting install_non_market_apps has moved from android.provider.Settings.Global to android.provider.Settings.Secure, returning read-only value.
12-14 05:50:08.048  2616  3737 D OpenGLRenderer: Use EGL_SWAP_BEHAVIOR_PRESERVED: true
12-14 05:50:08.048  2616  2616 I GRALLOC-DRM: create intel for driver i915
12-14 05:50:08.049  2616  2616 D Atlas   : Validating map...
12-14 05:50:08.069  1978  2569 V WindowManager: Adding window Window{ddf5772 u0 com.android.settings/com.android.settings.Settings$SecuritySettingsActivity} at 5 of 11 (before Window{34b19dd1 u0 Starting com.android.settings})
12-14 05:50:08.137  2616  3737 I EGL-DRI2: DRI2: found extension DRI_Core version 1
12-14 05:50:08.137  2616  3737 I EGL-DRI2: DRI2: found extension DRI_DRI2 version 4
12-14 05:50:08.140  2616  3737 I EGL-DRI2: DRI2: found extension DRI_TexBuffer version 3
12-14 05:50:08.140  2616  3737 I EGL-DRI2: DRI2: found extension DRI2_Flush version 4
12-14 05:50:08.140  2616  3737 I EGL-DRI2: DRI2: found extension DRI_IMAGE version 11
12-14 05:50:08.140  2616  3737 I OpenGLRenderer: Initialized EGL, version 1.4
12-14 05:50:08.140  2616  3737 W OpenGLRenderer: Failed to choose config with EGL_SWAP_BEHAVIOR_PRESERVED, retrying without...
12-14 05:50:08.142  2616  3737 D OpenGLRenderer: Enabling debug mode 0
12-14 05:50:08.144  2616  3736 I IndexDatabaseHelper: Bootstrapped database
12-14 05:50:08.187  2616  3736 I IndexDatabaseHelper: Using schema version: 115
12-14 05:50:08.188  2616  3736 I IndexDatabaseHelper: Index is fine
12-14 05:50:08.188  2616  3736 D Index   : Deleting data for locale 'en_US' took 0 millis
12-14 05:50:08.196  2616  3736 D Index   : Indexing locale 'en_US' took 8 millis
12-14 05:50:08.213  1978  2011 I ActivityManager: Displayed com.android.settings/.Settings$SecuritySettingsActivity: +210ms
12-14 05:50:09.008  2314  2314 W ResourceType: No package identifier when getting value for resource number 0x00000000
12-14 05:50:09.008  2314  2314 W PackageManager: Failure retrieving resources for com.cyanogenmod.filemanager: Resource ID #0x0
12-14 05:50:10.222  1978  2095 W AudioTrack: AUDIO_OUTPUT_FLAG_FAST denied by client
12-14 05:50:10.225  1978  2238 V WindowManager: not Base app: Adding window Window{30ae86c u0 com.android.settings/com.android.settings.Settings$SecuritySettingsActivity} at 4 of 9
12-14 05:50:12.400  3742  3742 W linker  : [vdso]: unused DT entry: type 0x6ffffef5 arg 0x160
12-14 05:50:13.032  1978  2095 W AudioTrack: AUDIO_OUTPUT_FLAG_FAST denied by client
12-14 05:50:13.047  2616  2616 W Settings: Setting install_non_market_apps has moved from android.provider.Settings.Global to android.provider.Settings.Secure, value is unchanged.
12-14 05:50:13.145  2616  3737 D OpenGLRenderer: endAllStagingAnimators on 0x7f9d1043ac00 (RippleDrawable) with handle 0x7f9d0fcc0100
12-14 05:50:13.154  1978  2835 W InputMethodManagerService: Window already focused, ignoring focus gain of: com.android.internal.view.IInputMethodClient$Stub$Proxy@df41f58 attribute=null, token = android.os.BinderProxy@283ccc7d
12-14 05:50:15.315  2314  2314 W ResourceType: No package identifier when getting value for resource number 0x00000000
12-14 05:50:15.315  2314  2314 W PackageManager: Failure retrieving resources for com.android.settings: Resource ID #0x0
12-14 05:50:15.317  1978  2237 I ActivityManager: START u0 {act=com.android.systemui.recents.SHOW_RECENTS flg=0x10804000 cmp=com.android.systemui/.recents.RecentsActivity} from uid 10007 on display 0
12-14 05:50:15.319  1978  2237 V WindowManager: addAppToken: AppWindowToken{199af117 token=Token{2d87e196 ActivityRecord{288e58b1 u0 com.android.systemui/.recents.RecentsActivity t8}}} to stack=0 task=8 at 0
12-14 05:50:15.336  2314  2314 D OpenGLRenderer: setting property ambientRatio to 1.5
12-14 05:50:15.336  2314  2314 D OpenGLRenderer: ambientRatio = 1.50
12-14 05:50:15.339  1978  2831 V WindowManager: Adding window Window{3da0e88 u0 com.android.systemui/com.android.systemui.recents.RecentsActivity} at 4 of 9 (after Window{11cb6eb9 u0 com.android.launcher3/com.android.launcher3.Launcher})
12-14 05:50:15.341  1978  2074 I InputDispatcher: Dropping event because there is no touchable window at (555, 119).
12-14 05:50:15.356  1978  2074 I InputDispatcher: Dropping event because there is no touchable window at (555, 118).
12-14 05:50:15.380  1978  2011 I ActivityManager: Displayed com.android.systemui/.recents.RecentsActivity: +47ms
12-14 05:50:15.406  2314  2314 D InputEventConsistencyVerifier: KeyEvent: ACTION_UP but key was not down.
12-14 05:50:15.406  2314  2314 D InputEventConsistencyVerifier:   in android.view.ViewRootImpl@2fb035e5
12-14 05:50:15.406  2314  2314 D InputEventConsistencyVerifier:   0: sent at 1161559000000, KeyEvent { action=ACTION_UP, keyCode=KEYCODE_TAB, scanCode=15, metaState=META_ALT_ON|META_ALT_LEFT_ON, flags=0x8, repeatCount=0, eventTime=1161559, downTime=1161467, deviceId=8, source=0x101 }
12-14 05:50:15.406  2314  2314 D InputEventConsistencyVerifier:   -- recent events --
12-14 05:50:15.406  2314  2314 D InputEventConsistencyVerifier:   1: sent at 1161524526000, MotionEvent { action=ACTION_HOVER_MOVE, id[0]=0, x[0]=555.19147, y[0]=120.524666, toolType[0]=TOOL_TYPE_FINGER, buttonState=0, metaState=META_ALT_ON|META_ALT_LEFT_ON, flags=0x0, edgeFlags=0x0, pointerCount=1, historySize=0, eventTime=1161524, downTime=1159060, deviceId=7, source=0x2002 }
12-14 05:50:15.406  2314  2314 D InputEventConsistencyVerifier:   2: sent at 1161524526000, MotionEvent { action=ACTION_HOVER_ENTER, id[0]=0, x[0]=555.19147, y[0]=120.524666, toolType[0]=TOOL_TYPE_FINGER, buttonState=0, metaState=META_ALT_ON|META_ALT_LEFT_ON, flags=0x0, edgeFlags=0x0, pointerCount=1, historySize=0, eventTime=1161524, downTime=1159060, deviceId=7, source=0x2002 }
12-14 05:50:15.470  1978  2074 I InputDispatcher: Dropping event because there is no touchable window at (557, 121).
12-14 05:50:15.470  2314  2314 D InputEventConsistencyVerifier: KeyEvent: ACTION_UP but key was not down.
12-14 05:50:15.470  2314  2314 D InputEventConsistencyVerifier:   in android.view.ViewRootImpl@2fb035e5
12-14 05:50:15.470  2314  2314 D InputEventConsistencyVerifier:   0: sent at 1161603000000, KeyEvent { action=ACTION_UP, keyCode=KEYCODE_ALT_LEFT, scanCode=56, metaState=0, flags=0x8, repeatCount=0, eventTime=1161603, downTime=1161467, deviceId=8, source=0x101 }
12-14 05:50:15.470  2314  2314 D InputEventConsistencyVerifier:   -- recent events --
12-14 05:50:15.470  2314  2314 D InputEventConsistencyVerifier:   1: sent at 1161595911000, MotionEvent { action=ACTION_HOVER_MOVE, id[0]=0, x[0]=556.8412, y[0]=121.18455, toolType[0]=TOOL_TYPE_FINGER, buttonState=0, metaState=META_ALT_ON|META_ALT_LEFT_ON, flags=0x0, edgeFlags=0x0, pointerCount=1, historySize=0, eventTime=1161595, downTime=1159060, deviceId=7, source=0x2002 }
12-14 05:50:15.470  2314  2314 D InputEventConsistencyVerifier:   2: sent at 1161581817000, MotionEvent { action=ACTION_HOVER_MOVE, id[0]=0, x[0]=556.1813, y[0]=119.53483, toolType[0]=TOOL_TYPE_FINGER, buttonState=0, metaState=META_ALT_ON|META_ALT_LEFT_ON, flags=0x0, edgeFlags=0x0, pointerCount=1, historySize=0, eventTime=1161581, downTime=1159060, deviceId=7, source=0x2002 }
12-14 05:50:15.470  2314  2314 D InputEventConsistencyVerifier:   3: sent at 1161566969000, MotionEvent { action=ACTION_HOVER_MOVE, id[0]=0, x[0]=555.19147, y[0]=119.20489, toolType[0]=TOOL_TYPE_FINGER, buttonState=0, metaState=META_ALT_ON|META_ALT_LEFT_ON, flags=0x0, edgeFlags=0x0, pointerCount=1, historySize=0, eventTime=1161566, downTime=1159060, deviceId=7, source=0x2002 }
12-14 05:50:15.470  2314  2314 D InputEventConsistencyVerifier:   4: sent at 1161559000000, KeyEvent { action=ACTION_UP, keyCode=KEYCODE_TAB, scanCode=15, metaState=META_ALT_ON|META_ALT_LEFT_ON, flags=0x80000008, repeatCount=0, eventTime=1161559, downTime=1161467, deviceId=8, source=0x101 }
12-14 05:50:15.470  2314  2314 D InputEventConsistencyVerifier:   5: sent at 1161524526000, MotionEvent { action=ACTION_HOVER_MOVE, id[0]=0, x[0]=555.19147, y[0]=120.524666, toolType[0]=TOOL_TYPE_FINGER, buttonState=0, metaState=META_ALT_ON|META_ALT_LEFT_ON, flags=0x0, edgeFlags=0x0, pointerCount=1, historySize=0, eventTime=1161524, downTime=1159060, deviceId=7, source=0x2002 }
12-14 05:50:15.483  3746  3746 W linker  : [vdso]: unused DT entry: type 0x6ffffef5 arg 0x160
12-14 05:50:15.485  3747  3747 W linker  : [vdso]: unused DT entry: type 0x6ffffef5 arg 0x160
12-14 05:50:15.487  3748  3748 W linker  : [vdso]: unused DT entry: type 0x6ffffef5 arg 0x160
12-14 05:50:15.488  3749  3749 W linker  : [vdso]: unused DT entry: type 0x6ffffef5 arg 0x160
12-14 05:50:15.490  1978  2074 I InputDispatcher: Dropping event because there is no touchable window at (557, 122).
12-14 05:50:15.599  3756  3756 W linker  : [vdso]: unused DT entry: type 0x6ffffef5 arg 0x160
12-14 05:50:15.601  3757  3757 W linker  : [vdso]: unused DT entry: type 0x6ffffef5 arg 0x160
12-14 05:50:15.602  3758  3758 W linker  : [vdso]: unused DT entry: type 0x6ffffef5 arg 0x160
12-14 05:50:15.628  3759  3759 W linker  : [vdso]: unused DT entry: type 0x6ffffef5 arg 0x160
12-14 05:50:15.629  3760  3760 W linker  : [vdso]: unused DT entry: type 0x6ffffef5 arg 0x160
12-14 05:50:15.630  3761  3761 W linker  : [vdso]: unused DT entry: type 0x6ffffef5 arg 0x160
12-14 05:50:16.472  2314  2314 W ResourceType: No package identifier when getting value for resource number 0x00000000
12-14 05:50:16.473  2314  2314 W PackageManager: Failure retrieving resources for com.android.settings: Resource ID #0x0
12-14 05:50:17.138  3762  3762 W linker  : [vdso]: unused DT entry: type 0x6ffffef5 arg 0x160
12-14 05:50:17.622  1978  2095 W AudioTrack: AUDIO_OUTPUT_FLAG_FAST denied by client
12-14 05:50:17.624  1978  2569 I ActivityManager: START u0 {act=android.intent.action.VIEW dat=file:///storage/usb0/com.android.chrome-v44.0.2403.128-240312811-x86-Android-5.0.apk typ=application/vnd.android.package-archive cmp=com.android.packageinstaller/.PackageInstallerActivity} from uid 10018 on display 0
12-14 05:50:17.625  1978  2569 V WindowManager: addAppToken: AppWindowToken{c458b34 token=Token{1b444e07 ActivityRecord{1719dc46 u0 com.android.packageinstaller/.PackageInstallerActivity t6}}} to stack=1 task=6 at 1
12-14 05:50:17.634  1709  1961 D audio_hw_primary: found out /dev/snd/pcmC1D0p
12-14 05:50:17.663  3705  3705 I AppSecurityPermissions: Ignoring unknown permission:com.android.chrome.permission.C2D_MESSAGE
12-14 05:50:17.663  3705  3705 I AppSecurityPermissions: Ignoring unknown permission:com.android.chrome.permission.READ_WRITE_BOOKMARK_FOLDERS
12-14 05:50:17.663  3705  3705 I AppSecurityPermissions: Ignoring unknown permission:com.android.chrome.TOS_ACKED
12-14 05:50:17.663  3705  3705 I AppSecurityPermissions: Ignoring unknown permission:com.chrome.permission.DEVICE_EXTRAS
12-14 05:50:17.664  3705  3705 I AppSecurityPermissions: Ignoring unknown permission:com.google.android.c2dm.permission.RECEIVE
12-14 05:50:17.664  3705  3705 I AppSecurityPermissions: Ignoring unknown permission:com.google.android.providers.gsf.permission.READ_GSERVICES
12-14 05:50:17.664  3705  3705 I AppSecurityPermissions: Ignoring unknown permission:com.sec.enterprise.knox.MDM_CONTENT_PROVIDER
12-14 05:50:17.675  1978  2239 V WindowManager: Adding window Window{310776d2 u0 com.android.packageinstaller/com.android.packageinstaller.PackageInstallerActivity} at 5 of 10 (after Window{6dc6ed6 u0 com.cyanogenmod.filemanager/com.cyanogenmod.filemanager.activities.NavigationActivity})
12-14 05:50:17.731  1978  2011 I ActivityManager: Displayed com.android.packageinstaller/.PackageInstallerActivity: +100ms
12-14 05:50:19.403  1978  2095 W AudioTrack: AUDIO_OUTPUT_FLAG_FAST denied by client
12-14 05:50:19.921  1978  2095 W AudioTrack: AUDIO_OUTPUT_FLAG_FAST denied by client
12-14 05:50:19.921  1978  2239 I ActivityManager: START u0 {dat=file:///storage/usb0/com.android.chrome-v44.0.2403.128-240312811-x86-Android-5.0.apk cmp=com.android.packageinstaller/.InstallAppProgress (has extras)} from uid 10035 on display 0
12-14 05:50:19.921  1978  2239 V WindowManager: addAppToken: AppWindowToken{10c22e1e token=Token{11176259 ActivityRecord{24a26a0 u0 com.android.packageinstaller/.InstallAppProgress t6}}} to stack=1 task=6 at 2
12-14 05:50:19.951  1978  2015 I ActivityManager: Start proc 3768:com.android.defcontainer/u0a0 for service com.android.defcontainer/.DefaultContainerService
12-14 05:50:19.955  1978  2836 V WindowManager: Adding window Window{287229b8 u0 com.android.packageinstaller/com.android.packageinstaller.InstallAppProgress} at 6 of 11 (after Window{310776d2 u0 com.android.packageinstaller/com.android.packageinstaller.PackageInstallerActivity})
12-14 05:50:19.959  1978  2239 I art     : DexFile_isDexOptNeeded file /system/priv-app/DefaultContainerService/x86_64/DefaultContainerService.odex needs to be relocated for /system/priv-app/DefaultContainerService/DefaultContainerService.apk
12-14 05:50:19.959  1978  2239 I PackageManager: Running patchoat on: com.android.defcontainer
12-14 05:50:19.960  3790  3790 E installd: Running /system/bin/patchoat isa=x86_64 in-fd=5 (/system/priv-app/DefaultContainerService/x86_64/DefaultContainerService.odex) out-fd=6 (/data/dalvik-cache/x86_64/system@priv-app@DefaultContainerService@DefaultContainerService.apk@classes.dex)
12-14 05:50:19.962  3790  3790 W linker  : [vdso]: unused DT entry: type 0x6ffffef5 arg 0xec
12-14 05:50:19.962  3790  3790 E cutils-trace: Error opening trace file: Permission denied (13)
12-14 05:50:20.003  1978  2011 I ActivityManager: Displayed com.android.packageinstaller/.InstallAppProgress: +72ms
12-14 05:50:20.004  3768  3768 I ActivityThread: Switching default density from 160 to 240
12-14 05:50:20.044  3705  3728 D OpenGLRenderer: endAllStagingAnimators on 0x7f9d19b30800 (RippleDrawable) with handle 0x7f9d117b4560
12-14 05:50:20.157  3768  3788 D DefContainer: Copying /storage/usb0/com.android.chrome-v44.0.2403.128-240312811-x86-Android-5.0.apk to base.apk
12-14 05:50:21.045  1978  2015 D PackageManager: Renaming /data/app/vmdl1380005099.tmp to /data/app/com.android.chrome-1
12-14 05:50:21.090  1978  2015 I PackageManager: Running dexopt on: /data/app/com.android.chrome-1/base.apk pkg=com.android.chrome isa=x86 vmSafeMode=false
12-14 05:50:21.201  3792  3792 W linker  : [vdso]: unused DT entry: type 0x6ffffef5 arg 0xec
12-14 05:50:21.202  3792  3792 E cutils-trace: Error opening trace file: Permission denied (13)
12-14 05:50:21.202  3792  3792 I dex2oat : /system/bin/dex2oat --zip-fd=5 --zip-location=/data/app/com.android.chrome-1/base.apk --oat-fd=6 --oat-location=/data/dalvik-cache/x86/data@app@com.android.chrome-1@base.apk@classes.dex --instruction-set=x86 --instruction-set-features=default --runtime-arg -Xms64m --runtime-arg -Xmx512m --compiler-filter=interpret-only --swap-fd=7
12-14 05:50:21.321  3792  3792 I dex2oat : Decided to run without swap.
12-14 05:50:21.756  3792  3792 I dex2oat : dex2oat took 529.310ms (threads: 8) arena alloc=0B java alloc=10MB native alloc=1080KB free=10MB
12-14 05:50:21.824  1978  2015 W PackageManager: Unknown permission com.chrome.permission.DEVICE_EXTRAS in package com.android.chrome
12-14 05:50:21.824  1978  2015 W PackageManager: Unknown permission com.google.android.c2dm.permission.RECEIVE in package com.android.chrome
12-14 05:50:21.824  1978  2015 W PackageManager: Unknown permission com.google.android.providers.gsf.permission.READ_GSERVICES in package com.android.chrome
12-14 05:50:21.824  1978  2015 W PackageManager: Unknown permission com.sec.enterprise.knox.MDM_CONTENT_PROVIDER in package com.android.chrome
12-14 05:50:21.923  1978  2015 W Settings: Setting install_non_market_apps has moved from android.provider.Settings.Global to android.provider.Settings.Secure, returning read-only value.
12-14 05:50:21.925  1978  2075 I InputReader: Reconfiguring input devices.  changes=0x00000010
12-14 05:50:21.936  1978  2831 I ActivityManager: Start proc 3805:com.svox.pico/u0a26 for broadcast com.svox.pico/.VoiceDataInstallerReceiver
12-14 05:50:21.940  1978  2015 I art     : Explicit concurrent mark sweep GC freed 162720(7MB) AllocSpace objects, 22(2046KB) LOS objects, 33% free, 12MB/18MB, paused 417us total 17.039ms
12-14 05:50:21.973  1978  2835 I art     : DexFile_isDexOptNeeded file /system/app/PicoTts/x86_64/PicoTts.odex needs to be relocated for /system/app/PicoTts/PicoTts.apk
12-14 05:50:21.973  1978  2835 I PackageManager: Running patchoat on: com.svox.pico
12-14 05:50:21.973  3827  3827 E installd: Running /system/bin/patchoat isa=x86_64 in-fd=5 (/system/app/PicoTts/x86_64/PicoTts.odex) out-fd=6 (/data/dalvik-cache/x86_64/system@app@PicoTts@PicoTts.apk@classes.dex)
12-14 05:50:21.974  1978  1978 D BackupManagerService: Received broadcast Intent { act=android.intent.action.PACKAGE_ADDED dat=package:com.android.chrome flg=0x4000010 (has extras) }
12-14 05:50:21.976  3827  3827 W linker  : [vdso]: unused DT entry: type 0x6ffffef5 arg 0xec
12-14 05:50:21.976  3827  3827 E cutils-trace: Error opening trace file: Permission denied (13)
12-14 05:50:22.035  1978  2005 W VoiceInteractionManagerService: no available voice recognition services found for user 0
12-14 05:50:22.036  3805  3805 I ActivityThread: Switching default density from 160 to 240
12-14 05:50:22.039  2593  2593 I Launcher: Deferring update until onResume
12-14 05:50:22.053  1978  2829 I ActivityManager: Start proc 3828:com.android.gallery3d/u0a38 for broadcast com.android.gallery3d/.app.PackagesMonitor
12-14 05:50:22.063  3828  3828 I ActivityThread: Switching default density from 160 to 240
12-14 05:50:22.081  2593  2593 I Launcher: Deferring update until onResume
12-14 05:50:22.103  1978  2239 I ActivityManager: Killing 2883:com.android.keychain/1000 (adj 15): empty #17
12-14 05:50:22.128  2593  2593 I Launcher: Deferring update until onResume
12-14 05:50:22.146  3852  3852 W linker  : [vdso]: unused DT entry: type 0x6ffffef5 arg 0x160
12-14 05:50:23.297  1978  2571 I ActivityManager: START u0 {act=android.intent.action.MAIN cat=[android.intent.category.LAUNCHER] flg=0x10000000 pkg=com.android.chrome cmp=com.android.chrome/com.google.android.apps.chrome.Main} from uid 10035 on display 0
12-14 05:50:23.298  1978  2095 W AudioTrack: AUDIO_OUTPUT_FLAG_FAST denied by client
12-14 05:50:23.307  1978  2571 V WindowManager: addAppToken: AppWindowToken{32e3f4ea token=Token{1b5414d5 ActivityRecord{7b0658c u0 com.android.chrome/com.google.android.apps.chrome.Main t9}}} to stack=1 task=9 at 0
12-14 05:50:23.309  1709  1961 D audio_hw_primary: found out /dev/snd/pcmC1D0p
12-14 05:50:23.333  1978  2238 I ActivityManager: Start proc 3854:com.android.chrome/u0a53 for activity com.android.chrome/com.google.android.apps.chrome.Main
12-14 05:50:23.345  3854  3854 I ActivityThread: Switching default density from 160 to 240
12-14 05:50:23.355  1978  2831 I ActivityManager: START u0 {act=android.intent.action.MAIN cat=[android.intent.category.LAUNCHER] flg=0x14002000 pkg=com.android.chrome cmp=com.android.chrome/org.chromium.chrome.browser.ChromeTabbedActivity} from uid 10053 on display 0
12-14 05:50:23.356  1978  2831 V WindowManager: addAppToken: AppWindowToken{204e2951 token=Token{24c44e78 ActivityRecord{36aac3db u0 com.android.chrome/org.chromium.chrome.browser.ChromeTabbedActivity t9}}} to stack=1 task=9 at 1
12-14 05:50:23.379  3854  3879 I LibraryLoader: Loading chrome directly from within /data/app/com.android.chrome-1/base.apk
12-14 05:50:23.383  3854  3880 I ResourceExtractor: Extracting resource chrome_100_percent.pak
12-14 05:50:23.387  3854  3884 D OpenGLRenderer: Use EGL_SWAP_BEHAVIOR_PRESERVED: true
12-14 05:50:23.388  1978  2238 V WindowManager: Based on layer: Adding window Window{12da3742 u0 com.android.chrome/org.chromium.chrome.browser.ChromeTabbedActivity} at 6 of 11
12-14 05:50:23.388  3854  3880 I ResourceExtractor: Extracting resource en-GB.pak
12-14 05:50:23.388  3854  3854 D StrictMode: StrictMode policy violation; ~duration=4 ms: android.os.StrictMode$StrictModeDiskReadViolation: policy=2591 violation=2
12-14 05:50:23.388  3854  3854 D StrictMode: 	at android.os.StrictMode$AndroidBlockGuardPolicy.onReadFromDisk(StrictMode.java:1137)
12-14 05:50:23.388  3854  3854 D StrictMode: 	at android.app.SharedPreferencesImpl.awaitLoadedLocked(SharedPreferencesImpl.java:202)
12-14 05:50:23.388  3854  3854 D StrictMode: 	at android.app.SharedPreferencesImpl.getLong(SharedPreferencesImpl.java:245)
12-14 05:50:23.388  3854  3854 D StrictMode: 	at org.chromium.chrome.browser.omaha.OmahaClient.setIsFreshInstallOrDataHasBeenCleared(OmahaClient.java:827)
12-14 05:50:23.388  3854  3854 D StrictMode: 	at org.chromium.chrome.browser.omaha.OmahaClient.isFreshInstallOrDataHasBeenCleared(OmahaClient.java:819)
12-14 05:50:23.388  3854  3854 D StrictMode: 	at org.chromium.chrome.browser.ChromeActivity.postInflationStartup(ChromeActivity.java:287)
12-14 05:50:23.388  3854  3854 D StrictMode: 	at org.chromium.chrome.browser.CompositorChromeActivity.postInflationStartup(CompositorChromeActivity.java:125)
12-14 05:50:23.388  3854  3854 D StrictMode: 	at org.chromium.chrome.browser.ChromeTabbedActivity.postInflationStartup(ChromeTabbedActivity.java:791)
12-14 05:50:23.388  3854  3854 D StrictMode: 	at org.chromium.chrome.browser.init.ChromeBrowserInitializer.handlePreNativeStartup(ChromeBrowserInitializer.java:87)
12-14 05:50:23.388  3854  3854 D StrictMode: 	at org.chromium.chrome.browser.init.AsyncInitializationActivity.onCreate(AsyncInitializationActivity.java:132)
12-14 05:50:23.388  3854  3854 D StrictMode: 	at android.app.Activity.performCreate(Activity.java:5990)
12-14 05:50:23.388  3854  3854 D StrictMode: 	at android.app.Instrumentation.callActivityOnCreate(Instrumentation.java:1106)
12-14 05:50:23.388  3854  3854 D StrictMode: 	at android.app.ActivityThread.performLaunchActivity(ActivityThread.java:2278)
12-14 05:50:23.388  3854  3854 D StrictMode: 	at android.app.ActivityThread.handleLaunchActivity(ActivityThread.java:2387)
12-14 05:50:23.388  3854  3854 D StrictMode: 	at android.app.ActivityThread.access$800(ActivityThread.java:151)
12-14 05:50:23.388  3854  3854 D StrictMode: 	at android.app.ActivityThread$H.handleMessage(ActivityThread.java:1303)
12-14 05:50:23.388  3854  3854 D StrictMode: 	at android.os.Handler.dispatchMessage(Handler.java:102)
12-14 05:50:23.388  3854  3854 D StrictMode: 	at android.os.Looper.loop(Looper.java:135)
12-14 05:50:23.388  3854  3854 D StrictMode: 	at android.app.ActivityThread.main(ActivityThread.java:5254)
12-14 05:50:23.388  3854  3854 D StrictMode: 	at java.lang.reflect.Method.invoke(Native Method)
12-14 05:50:23.388  3854  3854 D StrictMode: 	at java.lang.reflect.Method.invoke(Method.java:372)
12-14 05:50:23.388  3854  3854 D StrictMode: 	at com.android.internal.os.ZygoteInit$MethodAndArgsCaller.run(ZygoteInit.java:903)
12-14 05:50:23.388  3854  3854 D StrictMode: 	at com.android.internal.os.ZygoteInit.main(ZygoteInit.java:698)
12-14 05:50:23.388  3854  3880 I ResourceExtractor: Extracting resource en-US.pak
12-14 05:50:23.389  3854  3880 I ResourceExtractor: Extracting resource icudtl.dat
12-14 05:50:23.393  3854  3879 I LibraryLoader: Time to load native libraries: 16 ms (timestamps 9530-9546)
12-14 05:50:23.393  3854  3879 I LibraryLoader: Expected native library version number "44.0.2403.128",actual native library version number "44.0.2403.128"
12-14 05:50:23.393  3854  3879 I chromium: [INFO:library_loader_hooks.cc(120)] Chromium logging enabled: level = 0, default verbosity = 0
12-14 05:50:23.393  3854  3885 I LibraryLoaderHelper: Deleting obsolete libraries in /data/data/com.android.chrome/app_fallback
12-14 05:50:23.393  3854  3885 I LibraryLoaderHelper: Deleted /data/data/com.android.chrome/app_fallback
12-14 05:50:23.408  1978  2829 I ActivityManager: Start proc 3889:com.android.chrome:sandboxed_process0/u0i0 for service com.android.chrome/org.chromium.content.app.SandboxedProcessService0
12-14 05:50:23.411  1713  1713 I art     : Explicit concurrent mark sweep GC freed 704(30KB) AllocSpace objects, 0(0B) LOS objects, 40% free, 1904KB/3MB, paused 40us total 3.009ms
12-14 05:50:23.413  3889  3889 I ActivityThread: Switching default density from 160 to 240
12-14 05:50:23.415  3854  3884 I GRALLOC-DRM: create intel for driver i915
12-14 05:50:23.415  1713  1713 I art     : Explicit concurrent mark sweep GC freed 5(160B) AllocSpace objects, 0(0B) LOS objects, 40% free, 1904KB/3MB, paused 65us total 3.624ms
12-14 05:50:23.415  3854  3884 I EGL-DRI2: DRI2: found extension DRI_Core version 1
12-14 05:50:23.415  3854  3884 I EGL-DRI2: DRI2: found extension DRI_DRI2 version 4
12-14 05:50:23.418  3889  3889 I ChildProcessService: Creating new ChildProcessService pid=3889
12-14 05:50:23.419  3854  3884 I EGL-DRI2: DRI2: found extension DRI_TexBuffer version 3
12-14 05:50:23.419  3854  3884 I EGL-DRI2: DRI2: found extension DRI2_Flush version 4
12-14 05:50:23.419  3854  3884 I EGL-DRI2: DRI2: found extension DRI_IMAGE version 11
12-14 05:50:23.419  3854  3884 I OpenGLRenderer: Initialized EGL, version 1.4
12-14 05:50:23.419  3854  3884 W OpenGLRenderer: Failed to choose config with EGL_SWAP_BEHAVIOR_PRESERVED, retrying without...
12-14 05:50:23.419  1713  1713 I art     : Explicit concurrent mark sweep GC freed 5(160B) AllocSpace objects, 0(0B) LOS objects, 40% free, 1904KB/3MB, paused 41us total 4.095ms
12-14 05:50:23.421  3854  3884 D OpenGLRenderer: Enabling debug mode 0
12-14 05:50:23.421  3854  3880 I ResourceExtractor: Extracting resource natives_blob.bin
12-14 05:50:23.422  1978  2238 V WindowManager: Adding window Window{235b6c9a u0 SurfaceView} at 6 of 12 (before Window{12da3742 u0 com.android.chrome/org.chromium.chrome.browser.ChromeTabbedActivity})
12-14 05:50:23.423  3854  3880 I ResourceExtractor: Extracting resource resources.pak
12-14 05:50:23.439  3854  3884 W GraphicBufferMapper: registerBuffer(0xdde21740) failed -22 (Invalid argument)
12-14 05:50:23.439  3854  3884 E GraphicBuffer: unflatten: registerBuffer failed: Invalid argument (-22)
12-14 05:50:23.439  3854  3884 E Surface : dequeueBuffer: IGraphicBufferProducer::requestBuffer failed: -22
12-14 05:50:23.441  3854  3884 F libc    : Fatal signal 11 (SIGSEGV), code 1, fault addr 0x1a8 in tid 3884 (RenderThread)
12-14 05:50:23.445  3854  3880 I ResourceExtractor: Extracting resource snapshot_blob.bin
12-14 05:50:23.491  1705  1705 I DEBUG   : *** *** *** *** *** *** *** *** *** *** *** *** *** *** *** ***
12-14 05:50:23.491  1705  1705 I DEBUG   : Build fingerprint: 'Android-x86/android_x86_64/x86_64:5.1.1/LVY48I/12080507:eng/test-keys'
12-14 05:50:23.491  1705  1705 I DEBUG   : Revision: '0'
12-14 05:50:23.491  1705  1705 I DEBUG   : ABI: 'x86'
12-14 05:50:23.491  1705  1705 I DEBUG   : pid: 3854, tid: 3884, name: RenderThread  >>> com.android.chrome <<<
12-14 05:50:23.491  1705  1705 I DEBUG   : signal 11 (SIGSEGV), code 1 (SEGV_MAPERR), fault addr 0x1a8
12-14 05:50:23.492  1705  1705 I DEBUG   :     eax 00000000  ebx de728cec  ecx 00000001  edx edf79600
12-14 05:50:23.492  1705  1705 I DEBUG   :     esi edf1e014  edi edf77390
12-14 05:50:23.492  1705  1705 I DEBUG   :     xcs 00000023  xds 0000002b  xes 0000002b  xfs 000000bf  xss 0000002b
12-14 05:50:23.492  1705  1705 I DEBUG   :     eip de1c752d  ebp edf77320  esp dec4e4a0  flags 00210246
12-14 05:50:23.492  1705  1705 I DEBUG   : 
12-14 05:50:23.492  1705  1705 I DEBUG   : backtrace:
12-14 05:50:23.492  1705  1705 I DEBUG   :     #00 pc 000fc52d  /android/system/lib/dri/i965_dri.so
12-14 05:50:23.492  1705  1705 I DEBUG   :     #01 pc 12345677  <unknown>
12-14 05:50:23.513  1705  1705 I DEBUG   : 
12-14 05:50:23.513  1705  1705 I DEBUG   : Tombstone written to: /data/tombstones/tombstone_01
12-14 05:50:23.514  1978  3917 W ActivityManager:   Force finishing activity 1 com.android.chrome/org.chromium.chrome.browser.ChromeTabbedActivity
12-14 05:50:23.522  1978  2074 W InputDispatcher: channel '12da3742 com.android.chrome/org.chromium.chrome.browser.ChromeTabbedActivity (server)' ~ Consumer closed input channel or an error occurred.  events=0x9
12-14 05:50:23.522  1978  2074 E InputDispatcher: channel '12da3742 com.android.chrome/org.chromium.chrome.browser.ChromeTabbedActivity (server)' ~ Channel is unrecoverably broken and will be disposed!
12-14 05:50:23.522  1978  2240 I WindowState: WIN DEATH: Window{12da3742 u0 com.android.chrome/org.chromium.chrome.browser.ChromeTabbedActivity}
12-14 05:50:23.522  1978  2240 W InputDispatcher: Attempted to unregister already unregistered input channel '12da3742 com.android.chrome/org.chromium.chrome.browser.ChromeTabbedActivity (server)'
12-14 05:50:23.523  1713  1713 I Zygote  : Process 3854 exited due to signal (11)
12-14 05:50:23.523  1978  2001 I WindowState: WIN DEATH: Window{235b6c9a u0 SurfaceView}
12-14 05:50:23.821  1978  3917 I WindowManager: Screenshot max retries 4 of Token{24c44e78 ActivityRecord{36aac3db u0 com.android.chrome/org.chromium.chrome.browser.ChromeTabbedActivity t9 f}} appWin=Window{12da3742 u0 com.android.chrome/org.chromium.chrome.browser.ChromeTabbedActivity EXITING} drawState=1
12-14 05:50:23.821  1978  3917 W ActivityManager: Exception thrown during pause
12-14 05:50:23.821  1978  3917 W ActivityManager: android.os.DeadObjectException
12-14 05:50:23.821  1978  3917 W ActivityManager: 	at android.os.BinderProxy.transactNative(Native Method)
12-14 05:50:23.821  1978  3917 W ActivityManager: 	at android.os.BinderProxy.transact(Binder.java:496)
12-14 05:50:23.821  1978  3917 W ActivityManager: 	at android.app.ApplicationThreadProxy.schedulePauseActivity(ApplicationThreadNative.java:704)
12-14 05:50:23.821  1978  3917 W ActivityManager: 	at com.android.server.am.ActivityStack.startPausingLocked(ActivityStack.java:825)
12-14 05:50:23.821  1978  3917 W ActivityManager: 	at com.android.server.am.ActivityStack.finishActivityLocked(ActivityStack.java:2726)
12-14 05:50:23.821  1978  3917 W ActivityManager: 	at com.android.server.am.ActivityStack.finishTopRunningActivityLocked(ActivityStack.java:2583)
12-14 05:50:23.821  1978  3917 W ActivityManager: 	at com.android.server.am.ActivityStackSupervisor.finishTopRunningActivityLocked(ActivityStackSupervisor.java:2497)
12-14 05:50:23.821  1978  3917 W ActivityManager: 	at com.android.server.am.ActivityManagerService.handleAppCrashLocked(ActivityManagerService.java:11505)
12-14 05:50:23.821  1978  3917 W ActivityManager: 	at com.android.server.am.ActivityManagerService.makeAppCrashingLocked(ActivityManagerService.java:11402)
12-14 05:50:23.821  1978  3917 W ActivityManager: 	at com.android.server.am.ActivityManagerService.crashApplication(ActivityManagerService.java:12086)
12-14 05:50:23.821  1978  3917 W ActivityManager: 	at com.android.server.am.ActivityManagerService.handleApplicationCrashInner(ActivityManagerService.java:11597)
12-14 05:50:23.821  1978  3917 W ActivityManager: 	at com.android.server.am.NativeCrashListener$NativeCrashReporter.run(NativeCrashListener.java:86)
12-14 05:50:23.821  1698  1698 E lowmemorykiller: Error opening /proc/3854/oom_score_adj; errno=2
12-14 05:50:23.823  1978  2571 I ActivityManager: Process com.android.chrome (pid 3854) has died
12-14 05:50:23.823  3889  3889 I ChildProcessService: Destroying ChildProcessService pid=3889
12-14 05:50:23.823  1978  2571 I ActivityManager: Killing 3889:com.android.chrome:sandboxed_process0/u0a53i0 (adj 0): isolated not needed
12-14 05:50:23.823  1978  2571 W libprocessgroup: failed to open /acct/uid_10053/pid_3889/cgroup.procs: No such file or directory
12-14 05:50:23.826  3921  3921 W linker  : [vdso]: unused DT entry: type 0x6ffffef5 arg 0x160
12-14 05:50:23.826  1978  2006 E WindowState: getStack: Window{12da3742 u0 com.android.chrome/org.chromium.chrome.browser.ChromeTabbedActivity EXITING} couldn't find taskId=9 Callers=com.android.server.wm.WindowManagerService.assignLayersLocked:8705 com.android.server.wm.WindowManagerService.addWindow:2539 com.android.server.wm.Session.addToDisplay:168 android.view.ViewRootImpl.setView:527 
12-14 05:50:23.827  3922  3922 W linker  : [vdso]: unused DT entry: type 0x6ffffef5 arg 0x160
12-14 05:50:23.829  3923  3923 W linker  : [vdso]: unused DT entry: type 0x6ffffef5 arg 0x160
12-14 05:50:23.830  1978  2011 E WindowState: getStack: Window{12da3742 u0 com.android.chrome/org.chromium.chrome.browser.ChromeTabbedActivity EXITING} couldn't find taskId=9 Callers=com.android.server.wm.WindowState.getDisplayContent:782 com.android.server.wm.WindowStateAnimator.stepAnimationLocked:293 com.android.server.wm.WindowAnimator.updateWindowsLocked:289 com.android.server.wm.WindowAnimator.animateLocked:674 
12-14 05:50:23.830  1978  2011 E WindowState: getStack: Window{12da3742 u0 com.android.chrome/org.chromium.chrome.browser.ChromeTabbedActivity} couldn't find taskId=9 Callers=com.android.server.wm.WindowState.getDisplayContent:782 com.android.server.wm.WindowState.getDisplayId:787 com.android.server.wm.WindowStateAnimator.stepAnimationLocked:426 com.android.server.wm.WindowAnimator.updateWindowsLocked:289 
12-14 05:50:23.830  1978  2011 E WindowState: getStack: Window{12da3742 u0 com.android.chrome/org.chromium.chrome.browser.ChromeTabbedActivity} couldn't find taskId=9 Callers=com.android.server.wm.WindowState.getDisplayContent:782 com.android.server.wm.WindowState.getDisplayId:787 com.android.server.wm.WindowStateAnimator.computeShownFrameLocked:1057 com.android.server.wm.WindowStateAnimator.prepareSurfaceLocked:1476 
12-14 05:50:23.830  1978  2011 E WindowState: getStack: Window{12da3742 u0 com.android.chrome/org.chromium.chrome.browser.ChromeTabbedActivity} couldn't find taskId=9 Callers=com.android.server.wm.WindowState.getDisplayContent:782 com.android.server.wm.WindowStateAnimator.updateSurfaceWindowCrop:1284 com.android.server.wm.WindowStateAnimator.setSurfaceBoundariesLocked:1459 com.android.server.wm.WindowStateAnimator.prepareSurfaceLocked:1478 
12-14 05:50:23.830  1978  2011 E WindowState: getStack: Window{12da3742 u0 com.android.chrome/org.chromium.chrome.browser.ChromeTabbedActivity} couldn't find taskId=9 Callers=com.android.server.wm.WindowState.getDisplayContent:782 com.android.server.wm.WindowState.isDefaultDisplay:1286 com.android.server.wm.WindowStateAnimator.updateSurfaceWindowCrop:1294 com.android.server.wm.WindowStateAnimator.setSurfaceBoundariesLocked:1459 
12-14 05:50:23.830  1978  2238 E WindowState: getStack: Window{12da3742 u0 com.android.chrome/org.chromium.chrome.browser.ChromeTabbedActivity} couldn't find taskId=9 Callers=com.android.server.wm.WindowManagerService.performLayoutAndPlaceSurfacesLockedInner:9750 com.android.server.wm.WindowManagerService.performLayoutAndPlaceSurfacesLockedLoop:8789 com.android.server.wm.WindowManagerService.performLayoutAndPlaceSurfacesLocked:8731 com.android.server.wm.WindowManagerService.relayoutWindow:3266 
12-14 05:50:23.830  3924  3924 W linker  : [vdso]: unused DT entry: type 0x6ffffef5 arg 0x160
12-14 05:50:23.830  1978  2238 E WindowState: getStack: Window{12da3742 u0 com.android.chrome/org.chromium.chrome.browser.ChromeTabbedActivity} couldn't find taskId=9 Callers=com.android.server.wm.WindowState.getDisplayContent:782 com.android.server.wm.WindowStateAnimator.updateSurfaceWindowCrop:1284 com.android.server.wm.WindowStateAnimator.setSurfaceBoundariesLocked:1459 com.android.server.wm.WindowManagerService.performLayoutAndPlaceSurfacesLockedInner:9838 
12-14 05:50:23.831  1978  2238 E WindowState: getStack: Window{12da3742 u0 com.android.chrome/org.chromium.chrome.browser.ChromeTabbedActivity} couldn't find taskId=9 Callers=com.android.server.wm.WindowState.getDisplayContent:782 com.android.server.wm.WindowState.isDefaultDisplay:1286 com.android.server.wm.WindowStateAnimator.updateSurfaceWindowCrop:1294 com.android.server.wm.WindowStateAnimator.setSurfaceBoundariesLocked:1459 
12-14 05:50:23.831  1978  2238 E WindowState: getStack: Window{12da3742 u0 com.android.chrome/org.chromium.chrome.browser.ChromeTabbedActivity} couldn't find taskId=9 Callers=com.android.server.wm.WindowState.getDisplayContent:782 com.android.server.wm.WindowState.getWindowList:1354 com.android.server.wm.WindowManagerService.removeWindowInnerLocked:2774 com.android.server.wm.WindowManagerService.performLayoutAndPlaceSurfacesLockedInner:10144 
12-14 05:50:23.831  1978  2238 E WindowState: getStack: Window{12da3742 u0 com.android.chrome/org.chromium.chrome.browser.ChromeTabbedActivity} couldn't find taskId=9 Callers=com.android.server.wm.WindowState.getDisplayContent:782 com.android.server.wm.WindowManagerService.performLayoutAndPlaceSurfacesLockedInner:10145 com.android.server.wm.WindowManagerService.performLayoutAndPlaceSurfacesLockedLoop:8789 com.android.server.wm.WindowManagerService.performLayoutAndPlaceSurfacesLocked:8731 
12-14 05:50:23.869  1978  3549 I OpenGLRenderer: Initialized EGL, version 1.4
12-14 05:50:23.870  1978  2002 I ActivityManager: Killing 2915:com.android.dialer/u0a3 (adj 15): empty #17
12-14 05:50:23.934  3930  3930 W linker  : [vdso]: unused DT entry: type 0x6ffffef5 arg 0x160
12-14 05:50:23.935  3931  3931 W linker  : [vdso]: unused DT entry: type 0x6ffffef5 arg 0x160
12-14 05:50:23.936  3932  3932 W linker  : [vdso]: unused DT entry: type 0x6ffffef5 arg 0x160
12-14 05:50:23.959  3933  3933 W linker  : [vdso]: unused DT entry: type 0x6ffffef5 arg 0x160
12-14 05:50:23.961  3934  3934 W linker  : [vdso]: unused DT entry: type 0x6ffffef5 arg 0x160
12-14 05:50:23.962  3935  3935 W linker  : [vdso]: unused DT entry: type 0x6ffffef5 arg 0x160
12-14 05:50:26.654  1978  2095 W AudioTrack: AUDIO_OUTPUT_FLAG_FAST denied by client
12-14 05:50:26.665  1709  1961 D audio_hw_primary: found out /dev/snd/pcmC1D0p
12-14 05:50:26.676  1978  3549 D OpenGLRenderer: endAllStagingAnimators on 0x7f9d0e24d000 (RippleDrawable) with handle 0x7f9d098f01c0
12-14 05:50:27.154  3937  3937 W linker  : [vdso]: unused DT entry: type 0x6ffffef5 arg 0x160
12-14 05:50:27.935  1978  2095 W AudioTrack: AUDIO_OUTPUT_FLAG_FAST denied by client
12-14 05:50:27.935  1978  2074 I ActivityManager: START u0 {act=android.intent.action.MAIN cat=[android.intent.category.HOME] flg=0x10200000 cmp=com.android.launcher3/.Launcher} from uid 1000 on display 0
12-14 05:50:27.985  2593  2593 D Launcher.Workspace: 11683562 - removeExtraEmptyScreen()
12-14 05:50:27.985  2593  2593 D Launcher.Workspace: 11683562 - convertFinalScreenToEmptyScreenIfNecessary()
12-14 05:50:28.501  2593  2766 W OpenGLRenderer: Incorrectly called buildLayer on View: ShortcutAndWidgetContainer, destroying layer...
12-14 05:50:28.950  2314  2314 W ResourceType: No package identifier when getting value for resource number 0x00000000
12-14 05:50:28.950  2314  2314 W PackageManager: Failure retrieving resources for com.cyanogenmod.filemanager: Resource ID #0x0
12-14 05:50:29.130  1978  2095 W AudioTrack: AUDIO_OUTPUT_FLAG_FAST denied by client
12-14 05:50:30.743  1978  2832 I ActivityManager: Killing 3043:com.android.managedprovisioning/u0a5 (adj 15): empty #17
12-14 05:50:31.431  1978  2569 I ActivityManager: START u0 {act=android.intent.action.MAIN cat=[android.intent.category.LAUNCHER] flg=0x10200000 cmp=com.android.chrome/com.google.android.apps.chrome.Main (has extras)} from uid 10027 on display 0
12-14 05:50:31.431  1978  2095 W AudioTrack: AUDIO_OUTPUT_FLAG_FAST denied by client
12-14 05:50:31.435  1978  2569 V WindowManager: addAppToken: AppWindowToken{913b808 token=Token{18f699ab ActivityRecord{3b653ffa u0 com.android.chrome/com.google.android.apps.chrome.Main t10}}} to stack=1 task=10 at 0
12-14 05:50:31.452  1978  2832 I ActivityManager: Start proc 3941:com.android.chrome/u0a53 for activity com.android.chrome/com.google.android.apps.chrome.Main
12-14 05:50:31.458  3941  3941 I ActivityThread: Switching default density from 160 to 240
12-14 05:50:31.469  1978  2238 I ActivityManager: START u0 {act=android.intent.action.MAIN cat=[android.intent.category.LAUNCHER] flg=0x14002000 cmp=com.android.chrome/org.chromium.chrome.browser.ChromeTabbedActivity (has extras)} from uid 10053 on display 0
12-14 05:50:31.470  1978  2238 V WindowManager: addAppToken: AppWindowToken{29032587 token=Token{2eb761c6 ActivityRecord{3da7fba1 u0 com.android.chrome/org.chromium.chrome.browser.ChromeTabbedActivity t10}}} to stack=1 task=10 at 1
12-14 05:50:31.493  3941  3966 I LibraryLoader: Loading chrome directly from within /data/app/com.android.chrome-1/base.apk
12-14 05:50:31.496  3941  3971 D OpenGLRenderer: Use EGL_SWAP_BEHAVIOR_PRESERVED: true
12-14 05:50:31.496  1978  2832 V WindowManager: Based on layer: Adding window Window{3cdf8020 u0 com.android.chrome/org.chromium.chrome.browser.ChromeTabbedActivity} at 5 of 10
12-14 05:50:31.496  3941  3941 D StrictMode: StrictMode policy violation; ~duration=4 ms: android.os.StrictMode$StrictModeDiskReadViolation: policy=2591 violation=2
12-14 05:50:31.496  3941  3941 D StrictMode: 	at android.os.StrictMode$AndroidBlockGuardPolicy.onReadFromDisk(StrictMode.java:1137)
12-14 05:50:31.496  3941  3941 D StrictMode: 	at android.app.SharedPreferencesImpl.awaitLoadedLocked(SharedPreferencesImpl.java:202)
12-14 05:50:31.496  3941  3941 D StrictMode: 	at android.app.SharedPreferencesImpl.getLong(SharedPreferencesImpl.java:245)
12-14 05:50:31.496  3941  3941 D StrictMode: 	at org.chromium.chrome.browser.omaha.OmahaClient.setIsFreshInstallOrDataHasBeenCleared(OmahaClient.java:827)
12-14 05:50:31.496  3941  3941 D StrictMode: 	at org.chromium.chrome.browser.omaha.OmahaClient.isFreshInstallOrDataHasBeenCleared(OmahaClient.java:819)
12-14 05:50:31.496  3941  3941 D StrictMode: 	at org.chromium.chrome.browser.ChromeActivity.postInflationStartup(ChromeActivity.java:287)
12-14 05:50:31.496  3941  3941 D StrictMode: 	at org.chromium.chrome.browser.CompositorChromeActivity.postInflationStartup(CompositorChromeActivity.java:125)
12-14 05:50:31.496  3941  3941 D StrictMode: 	at org.chromium.chrome.browser.ChromeTabbedActivity.postInflationStartup(ChromeTabbedActivity.java:791)
12-14 05:50:31.496  3941  3941 D StrictMode: 	at org.chromium.chrome.browser.init.ChromeBrowserInitializer.handlePreNativeStartup(ChromeBrowserInitializer.java:87)
12-14 05:50:31.496  3941  3941 D StrictMode: 	at org.chromium.chrome.browser.init.AsyncInitializationActivity.onCreate(AsyncInitializationActivity.java:132)
12-14 05:50:31.496  3941  3941 D StrictMode: 	at android.app.Activity.performCreate(Activity.java:5990)
12-14 05:50:31.496  3941  3941 D StrictMode: 	at android.app.Instrumentation.callActivityOnCreate(Instrumentation.java:1106)
12-14 05:50:31.496  3941  3941 D StrictMode: 	at android.app.ActivityThread.performLaunchActivity(ActivityThread.java:2278)
12-14 05:50:31.496  3941  3941 D StrictMode: 	at android.app.ActivityThread.handleLaunchActivity(ActivityThread.java:2387)
12-14 05:50:31.496  3941  3941 D StrictMode: 	at android.app.ActivityThread.access$800(ActivityThread.java:151)
12-14 05:50:31.496  3941  3941 D StrictMode: 	at android.app.ActivityThread$H.handleMessage(ActivityThread.java:1303)
12-14 05:50:31.496  3941  3941 D StrictMode: 	at android.os.Handler.dispatchMessage(Handler.java:102)
12-14 05:50:31.496  3941  3941 D StrictMode: 	at android.os.Looper.loop(Looper.java:135)
12-14 05:50:31.496  3941  3941 D StrictMode: 	at android.app.ActivityThread.main(ActivityThread.java:5254)
12-14 05:50:31.496  3941  3941 D StrictMode: 	at java.lang.reflect.Method.invoke(Native Method)
12-14 05:50:31.496  3941  3941 D StrictMode: 	at java.lang.reflect.Method.invoke(Method.java:372)
12-14 05:50:31.496  3941  3941 D StrictMode: 	at com.android.internal.os.ZygoteInit$MethodAndArgsCaller.run(ZygoteInit.java:903)
12-14 05:50:31.496  3941  3941 D StrictMode: 	at com.android.internal.os.ZygoteInit.main(ZygoteInit.java:698)
12-14 05:50:31.507  3941  3966 I LibraryLoader: Time to load native libraries: 16 ms (timestamps 7644-7660)
12-14 05:50:31.507  3941  3966 I LibraryLoader: Expected native library version number "44.0.2403.128",actual native library version number "44.0.2403.128"
12-14 05:50:31.507  3941  3966 I chromium: [INFO:library_loader_hooks.cc(120)] Chromium logging enabled: level = 0, default verbosity = 0
12-14 05:50:31.507  3941  3972 I LibraryLoaderHelper: Deleting obsolete libraries in /data/data/com.android.chrome/app_fallback
12-14 05:50:31.507  3941  3972 I LibraryLoaderHelper: Deleted /data/data/com.android.chrome/app_fallback
