01-06 03:35:31.198  2149  2169 W ActivityManager: getTasks: caller 10115 does not hold REAL_GET_TASKS; limiting output
01-06 03:35:32.053 11349 11349 W linker  : [vdso]: unused DT entry: type 0x6ffffef5 arg 0x160
01-06 03:35:32.200  2149  8057 W ActivityManager: getTasks: caller 10115 does not hold REAL_GET_TASKS; limiting output
01-06 03:35:32.596  2149  2209 W AudioTrack: AUDIO_OUTPUT_FLAG_FAST denied by client
01-06 03:35:32.598  2267  2267 W ResourceType: No package identifier when getting value for resource number 0x00000000
01-06 03:35:32.598  2267  2267 W PackageManager: Failure retrieving resources for jackpal.androidterm: Resource ID #0x0
01-06 03:35:32.600  2149  2170 I ActivityManager: START u0 {act=com.android.systemui.recents.SHOW_RECENTS flg=0x10804000 cmp=com.android.systemui/.recents.RecentsActivity} from uid 10000 on display 0
01-06 03:35:32.654  9354  9354 W IInputConnectionWrapper: showStatusIcon on inactive InputConnection
01-06 03:35:33.203  2149  9351 W ActivityManager: getTasks: caller 10115 does not hold REAL_GET_TASKS; limiting output
01-06 03:35:33.556  2149  2209 W AudioTrack: AUDIO_OUTPUT_FLAG_FAST denied by client
01-06 03:35:33.593 11353 11353 W linker  : [vdso]: unused DT entry: type 0x6ffffef5 arg 0x160
01-06 03:35:33.599 11354 11354 W linker  : [vdso]: unused DT entry: type 0x6ffffef5 arg 0x160
01-06 03:35:33.604 11359 11359 W linker  : [vdso]: unused DT entry: type 0x6ffffef5 arg 0x160
01-06 03:35:33.608 11360 11360 W linker  : [vdso]: unused DT entry: type 0x6ffffef5 arg 0x160
01-06 03:35:33.713 11362 11362 W linker  : [vdso]: unused DT entry: type 0x6ffffef5 arg 0x160
01-06 03:35:33.717 11363 11363 W linker  : [vdso]: unused DT entry: type 0x6ffffef5 arg 0x160
01-06 03:35:33.720 11364 11364 W linker  : [vdso]: unused DT entry: type 0x6ffffef5 arg 0x160
01-06 03:35:33.751 11365 11365 W linker  : [vdso]: unused DT entry: type 0x6ffffef5 arg 0x160
01-06 03:35:33.753 11366 11366 W linker  : [vdso]: unused DT entry: type 0x6ffffef5 arg 0x160
01-06 03:35:33.755 11367 11367 W linker  : [vdso]: unused DT entry: type 0x6ffffef5 arg 0x160
01-06 03:35:34.206  2149  3042 W ActivityManager: getTasks: caller 10115 does not hold REAL_GET_TASKS; limiting output
01-06 03:35:34.568  2267  2267 W ResourceType: No package identifier when getting value for resource number 0x00000000
01-06 03:35:34.568  2267  2267 W PackageManager: Failure retrieving resources for jackpal.androidterm: Resource ID #0x0
01-06 03:35:35.208  2149  3128 W ActivityManager: getTasks: caller 10115 does not hold REAL_GET_TASKS; limiting output
01-06 03:35:36.211  2149  3128 W ActivityManager: getTasks: caller 10115 does not hold REAL_GET_TASKS; limiting output
01-06 03:35:36.580  2149  2209 W AudioTrack: AUDIO_OUTPUT_FLAG_FAST denied by client
01-06 03:35:36.587  2149  3042 I ActivityManager: START u0 {act=android.intent.action.VIEW dat=file:///storage/usb0/CTS/test-APK/QQbrowser.apk typ=application/vnd.android.package-archive cmp=com.android.packageinstaller/.PackageInstallerActivity} from uid 10027 on display 0
01-06 03:35:36.589  2149  3042 V WindowManager: addAppToken: AppWindowToken{bf1cdda token=Token{195efb85 ActivityRecord{18f0f8fc u0 com.android.packageinstaller/.PackageInstallerActivity t1079}}} to stack=1 task=1079 at 1
01-06 03:35:36.685  3754  3754 I AppSecurityPermissions: Ignoring unknown permission:com.tencent.mtt.broadcast
01-06 03:35:36.687  3754  3754 I AppSecurityPermissions: Ignoring unknown permission:com.android.launcher.permission.READ_SETTINGS
01-06 03:35:36.687  3754  3754 I AppSecurityPermissions: Ignoring unknown permission:com.android.launcher.permission.WRITE_SETTINGS
01-06 03:35:36.687  3754  3754 I AppSecurityPermissions: Ignoring unknown permission:com.google.android.launcher.permission.READ_SETTINGS
01-06 03:35:36.687  3754  3754 I AppSecurityPermissions: Ignoring unknown permission:com.google.android.launcher.permission.WRITE_SETTINGS
01-06 03:35:36.687  3754  3754 I AppSecurityPermissions: Ignoring unknown permission:com.htc.launcher.permission.READ_SETTINGS
01-06 03:35:36.687  3754  3754 I AppSecurityPermissions: Ignoring unknown permission:com.htc.launcher.permission.WRITE_SETTINGS
01-06 03:35:36.687  3754  3754 I AppSecurityPermissions: Ignoring unknown permission:com.nd.android.launcher.permission.READ_SETTINGS
01-06 03:35:36.687  3754  3754 I AppSecurityPermissions: Ignoring unknown permission:com.nd.android.launcher.permission.WRITE_SETTINGS
01-06 03:35:36.687  3754  3754 I AppSecurityPermissions: Ignoring unknown permission:com.lge.launcher.permission.READ_SETTINGS
01-06 03:35:36.687  3754  3754 I AppSecurityPermissions: Ignoring unknown permission:com.lge.launcher.permission.WRITE_SETTINGS
01-06 03:35:36.687  3754  3754 I AppSecurityPermissions: Ignoring unknown permission:com.fede.launcher.permission.READ_SETTINGS
01-06 03:35:36.687  3754  3754 I AppSecurityPermissions: Ignoring unknown permission:com.fede.launcher.permission.WRITE_SETTINGS
01-06 03:35:36.687  3754  3754 I AppSecurityPermissions: Ignoring unknown permission:org.adw.launcher.permission.READ_SETTINGS
01-06 03:35:36.687  3754  3754 I AppSecurityPermissions: Ignoring unknown permission:org.adw.launcher.permission.WRITE_SETTINGS
01-06 03:35:36.687  3754  3754 I AppSecurityPermissions: Ignoring unknown permission:org.adwfreak.launcher.permission.READ_SETTINGS
01-06 03:35:36.687  3754  3754 I AppSecurityPermissions: Ignoring unknown permission:org.adwfreak.launcher.permission.WRITE_SETTINGS
01-06 03:35:36.688  3754  3754 I AppSecurityPermissions: Ignoring unknown permission:org.adw.launcher_donut.permission.READ_SETTINGS
01-06 03:35:36.688  3754  3754 I AppSecurityPermissions: Ignoring unknown permission:org.adw.launcher_donut.permission.WRITE_SETTINGS
01-06 03:35:36.688  3754  3754 I AppSecurityPermissions: Ignoring unknown permission:com.tencent.qqlauncher.permission.READ_SETTINGS
01-06 03:35:36.688  3754  3754 I AppSecurityPermissions: Ignoring unknown permission:com.tencent.qqlauncher.permission.WRITE_SETTINGS
01-06 03:35:36.688  3754  3754 I AppSecurityPermissions: Ignoring unknown permission:com.android.mylauncher.permission.READ_SETTINGS
01-06 03:35:36.688  3754  3754 I AppSecurityPermissions: Ignoring unknown permission:com.android.mylauncher.permission.WRITE_SETTINGS
01-06 03:35:36.688  3754  3754 I AppSecurityPermissions: Ignoring unknown permission:com.huawei.launcher2.permission.READ_SETTINGS
01-06 03:35:36.688  3754  3754 I AppSecurityPermissions: Ignoring unknown permission:com.huawei.launcher2.permission.WRITE_SETTINGS
01-06 03:35:36.688  3754  3754 I AppSecurityPermissions: Ignoring unknown permission:com.huawei.launcher3.permission.READ_SETTINGS
01-06 03:35:36.688  3754  3754 I AppSecurityPermissions: Ignoring unknown permission:com.huawei.launcher3.permission.WRITE_SETTINGS
01-06 03:35:36.688  3754  3754 I AppSecurityPermissions: Ignoring unknown permission:net.qihoo.launcher.permission.READ_SETTINGS
01-06 03:35:36.688  3754  3754 I AppSecurityPermissions: Ignoring unknown permission:net.qihoo.launcher.permission.WRITE_SETTINGS
01-06 03:35:36.688  3754  3754 I AppSecurityPermissions: Ignoring unknown permission:com.dianxinos.dxhome.permission.READ_SETTINGS
01-06 03:35:36.688  3754  3754 I AppSecurityPermissions: Ignoring unknown permission:com.dianxinos.dxhome.permission.WRITE_SETTINGS
01-06 03:35:36.688  3754  3754 I AppSecurityPermissions: Ignoring unknown permission:com.huawei.android.launcher.permission.READ_SETTINGS
01-06 03:35:36.688  3754  3754 I AppSecurityPermissions: Ignoring unknown permission:com.huawei.android.launcher.permission.WRITE_SETTINGS
01-06 03:35:36.688  3754  3754 I AppSecurityPermissions: Ignoring unknown permission:com.qihoo360.launcher.permission.READ_SETTINGS
01-06 03:35:36.688  3754  3754 I AppSecurityPermissions: Ignoring unknown permission:com.qihoo360.launcher.permission.WRITE_SETTINGS
01-06 03:35:36.688  3754  3754 I AppSecurityPermissions: Ignoring unknown permission:com.oppo.launcher.permission.READ_SETTINGS
01-06 03:35:36.688  3754  3754 I AppSecurityPermissions: Ignoring unknown permission:com.oppo.launcher.permission.WRITE_SETTINGS
01-06 03:35:36.688  3754  3754 I AppSecurityPermissions: Ignoring unknown permission:com.ztemt.launcher.permission.READ_SETTINGS
01-06 03:35:36.688  3754  3754 I AppSecurityPermissions: Ignoring unknown permission:com.ztemt.launcher.permission.WRITE_SETTINGS
01-06 03:35:36.688  3754  3754 I AppSecurityPermissions: Ignoring unknown permission:com.lenovo.launcher.permission.READ_SETTINGS
01-06 03:35:36.688  3754  3754 I AppSecurityPermissions: Ignoring unknown permission:com.lenovo.launcher.permission.WRITE_SETTINGS
01-06 03:35:36.688  3754  3754 I AppSecurityPermissions: Ignoring unknown permission:com.moxiu.launcher.permission.READ_SETTINGS
01-06 03:35:36.688  3754  3754 I AppSecurityPermissions: Ignoring unknown permission:com.moxiu.launcher.permission.WRITE_SETTINGS
01-06 03:35:36.688  3754  3754 I AppSecurityPermissions: Ignoring unknown permission:com.iLoong.permission.READ_SETTINGS
01-06 03:35:36.688  3754  3754 I AppSecurityPermissions: Ignoring unknown permission:com.iLoong.permission.WRITE_SETTINGS
01-06 03:35:36.688  3754  3754 I AppSecurityPermissions: Ignoring unknown permission:telecom.mdesk.permission.READ_SETTINGS
01-06 03:35:36.688  3754  3754 I AppSecurityPermissions: Ignoring unknown permission:telecom.mdesk.permission.WRITE_SETTINGS
01-06 03:35:36.688  3754  3754 I AppSecurityPermissions: Ignoring unknown permission:com.tencent.tmsecurelite.permission.ACCESS_SERVICE
01-06 03:35:36.689  3754  3754 I AppSecurityPermissions: Ignoring unknown permission:com.android.ContactWidget.permission.READ_SETTINGS
01-06 03:35:36.689  3754  3754 I AppSecurityPermissions: Ignoring unknown permission:com.android.ContactWidget.permission.WRITE_SETTINGS
01-06 03:35:36.689  3754  3754 I AppSecurityPermissions: Ignoring unknown permission:com.lenovo.launcher.permission.BADGE_READ
01-06 03:35:36.689  3754  3754 I AppSecurityPermissions: Ignoring unknown permission:com.lenovo.launcher.permission.BADGE_WRITE
01-06 03:35:36.689  3754  3754 I AppSecurityPermissions: Ignoring unknown permission:com.huawei.android.launcher.permission.CHANGE_BADGE
01-06 03:35:36.700  2149  2377 V WindowManager: Adding window Window{27d2a8e8 u0 com.android.packageinstaller/com.android.packageinstaller.PackageInstallerActivity} at 5 of 10 (after Window{79b689 u0 com.cyanogenmod.filemanager/com.cyanogenmod.filemanager.activities.NavigationActivity})
01-06 03:35:36.752  2149  2180 I ActivityManager: Displayed com.android.packageinstaller/.PackageInstallerActivity: +155ms
01-06 03:35:37.066 11371 11371 W linker  : [vdso]: unused DT entry: type 0x6ffffef5 arg 0x160
01-06 03:35:37.213  2149  8057 W ActivityManager: getTasks: caller 10115 does not hold REAL_GET_TASKS; limiting output
01-06 03:35:37.908  2149  2209 W AudioTrack: AUDIO_OUTPUT_FLAG_FAST denied by client
01-06 03:35:38.215  2149  3042 W ActivityManager: getTasks: caller 10115 does not hold REAL_GET_TASKS; limiting output
01-06 03:35:38.428  2149  2209 W AudioTrack: AUDIO_OUTPUT_FLAG_FAST denied by client
01-06 03:35:38.852  2149  3042 I ActivityManager: START u0 {dat=file:///storage/usb0/CTS/test-APK/QQbrowser.apk cmp=com.android.packageinstaller/.InstallAppProgress (has extras)} from uid 10045 on display 0
01-06 03:35:38.852  2149  2209 W AudioTrack: AUDIO_OUTPUT_FLAG_FAST denied by client
01-06 03:35:38.853  2149  3042 V WindowManager: addAppToken: AppWindowToken{3c47f3e7 token=Token{15aeeda6 ActivityRecord{2f98cb01 u0 com.android.packageinstaller/.InstallAppProgress t1079}}} to stack=1 task=1079 at 2
01-06 03:35:38.888  2149  2169 V WindowManager: Adding window Window{18afad00 u0 com.android.packageinstaller/com.android.packageinstaller.InstallAppProgress} at 6 of 11 (after Window{27d2a8e8 u0 com.android.packageinstaller/com.android.packageinstaller.PackageInstallerActivity})
01-06 03:35:38.911  2149  2180 I ActivityManager: Displayed com.android.packageinstaller/.InstallAppProgress: +48ms
01-06 03:35:38.937  3754  3777 D OpenGLRenderer: endAllStagingAnimators on 0x7f3148370400 (RippleDrawable) with handle 0x7f313f84b900
01-06 03:35:39.217  2149  8057 W ActivityManager: getTasks: caller 10115 does not hold REAL_GET_TASKS; limiting output
01-06 03:35:39.449  3816  4880 D DefContainer: Copying /storage/usb0/CTS/test-APK/QQbrowser.apk to base.apk
01-06 03:35:40.219  2149  2170 W ActivityManager: getTasks: caller 10115 does not hold REAL_GET_TASKS; limiting output
01-06 03:35:40.557  2149  2184 D PackageManager: Renaming /data/app/vmdl77619731.tmp to /data/app/com.tencent.mtt.x86-1
01-06 03:35:40.569  2149  2184 W PackageManager: Package com.tencent.mtt.x86 desires unavailable shared library com.sec.android.app.multiwindow; ignoring!
01-06 03:35:40.593  2149  2184 I PackageManager: Running dexopt on: /data/app/com.tencent.mtt.x86-1/base.apk pkg=com.tencent.mtt.x86 isa=x86 vmSafeMode=false
01-06 03:35:40.596 11377 11377 W linker  : [vdso]: unused DT entry: type 0x6ffffef5 arg 0xec
01-06 03:35:40.597 11377 11377 E cutils-trace: Error opening trace file: Permission denied (13)
01-06 03:35:40.597 11377 11377 I dex2oat : /system/bin/dex2oat --zip-fd=5 --zip-location=/data/app/com.tencent.mtt.x86-1/base.apk --oat-fd=6 --oat-location=/data/dalvik-cache/x86/data@app@com.tencent.mtt.x86-1@base.apk@classes.dex --instruction-set=x86 --instruction-set-features=default --runtime-arg -Xms64m --runtime-arg -Xmx512m --compiler-filter=interpret-only --swap-fd=7
01-06 03:35:40.688 11377 11377 I dex2oat : Decided to run without swap.
01-06 03:35:41.072 11377 11377 I dex2oat : dex2oat took 474.548ms (threads: 8) arena alloc=0B java alloc=12MB native alloc=880KB free=11MB
01-06 03:35:41.146  2149  2184 W PackageManager: Unknown permission com.android.launcher.permission.READ_SETTINGS in package com.tencent.mtt.x86
01-06 03:35:41.146  2149  2184 W PackageManager: Unknown permission com.android.launcher.permission.WRITE_SETTINGS in package com.tencent.mtt.x86
01-06 03:35:41.146  2149  2184 W PackageManager: Unknown permission com.google.android.launcher.permission.READ_SETTINGS in package com.tencent.mtt.x86
01-06 03:35:41.146  2149  2184 W PackageManager: Unknown permission com.google.android.launcher.permission.WRITE_SETTINGS in package com.tencent.mtt.x86
01-06 03:35:41.146  2149  2184 W PackageManager: Unknown permission com.htc.launcher.permission.READ_SETTINGS in package com.tencent.mtt.x86
01-06 03:35:41.146  2149  2184 W PackageManager: Unknown permission com.htc.launcher.permission.WRITE_SETTINGS in package com.tencent.mtt.x86
01-06 03:35:41.146  2149  2184 W PackageManager: Unknown permission com.nd.android.launcher.permission.READ_SETTINGS in package com.tencent.mtt.x86
01-06 03:35:41.146  2149  2184 W PackageManager: Unknown permission com.nd.android.launcher.permission.WRITE_SETTINGS in package com.tencent.mtt.x86
01-06 03:35:41.146  2149  2184 W PackageManager: Unknown permission com.lge.launcher.permission.READ_SETTINGS in package com.tencent.mtt.x86
01-06 03:35:41.146  2149  2184 W PackageManager: Unknown permission com.lge.launcher.permission.WRITE_SETTINGS in package com.tencent.mtt.x86
01-06 03:35:41.146  2149  2184 W PackageManager: Unknown permission com.fede.launcher.permission.READ_SETTINGS in package com.tencent.mtt.x86
01-06 03:35:41.146  2149  2184 W PackageManager: Unknown permission com.fede.launcher.permission.WRITE_SETTINGS in package com.tencent.mtt.x86
01-06 03:35:41.146  2149  2184 W PackageManager: Unknown permission org.adw.launcher.permission.READ_SETTINGS in package com.tencent.mtt.x86
01-06 03:35:41.146  2149  2184 W PackageManager: Unknown permission org.adw.launcher.permission.WRITE_SETTINGS in package com.tencent.mtt.x86
01-06 03:35:41.146  2149  2184 W PackageManager: Unknown permission org.adwfreak.launcher.permission.READ_SETTINGS in package com.tencent.mtt.x86
01-06 03:35:41.146  2149  2184 W PackageManager: Unknown permission org.adwfreak.launcher.permission.WRITE_SETTINGS in package com.tencent.mtt.x86
01-06 03:35:41.146  2149  2184 W PackageManager: Unknown permission org.adw.launcher_donut.permission.READ_SETTINGS in package com.tencent.mtt.x86
01-06 03:35:41.146  2149  2184 W PackageManager: Unknown permission org.adw.launcher_donut.permission.WRITE_SETTINGS in package com.tencent.mtt.x86
01-06 03:35:41.146  2149  2184 W PackageManager: Unknown permission com.tencent.qqlauncher.permission.READ_SETTINGS in package com.tencent.mtt.x86
01-06 03:35:41.146  2149  2184 W PackageManager: Unknown permission com.tencent.qqlauncher.permission.WRITE_SETTINGS in package com.tencent.mtt.x86
01-06 03:35:41.146  2149  2184 W PackageManager: Unknown permission com.android.mylauncher.permission.READ_SETTINGS in package com.tencent.mtt.x86
01-06 03:35:41.146  2149  2184 W PackageManager: Unknown permission com.android.mylauncher.permission.WRITE_SETTINGS in package com.tencent.mtt.x86
01-06 03:35:41.146  2149  2184 W PackageManager: Unknown permission com.huawei.launcher2.permission.READ_SETTINGS in package com.tencent.mtt.x86
01-06 03:35:41.146  2149  2184 W PackageManager: Unknown permission com.huawei.launcher2.permission.WRITE_SETTINGS in package com.tencent.mtt.x86
01-06 03:35:41.146  2149  2184 W PackageManager: Unknown permission com.huawei.launcher3.permission.READ_SETTINGS in package com.tencent.mtt.x86
01-06 03:35:41.146  2149  2184 W PackageManager: Unknown permission com.huawei.launcher3.permission.WRITE_SETTINGS in package com.tencent.mtt.x86
01-06 03:35:41.146  2149  2184 W PackageManager: Unknown permission net.qihoo.launcher.permission.READ_SETTINGS in package com.tencent.mtt.x86
01-06 03:35:41.146  2149  2184 W PackageManager: Unknown permission net.qihoo.launcher.permission.WRITE_SETTINGS in package com.tencent.mtt.x86
01-06 03:35:41.146  2149  2184 W PackageManager: Unknown permission com.dianxinos.dxhome.permission.READ_SETTINGS in package com.tencent.mtt.x86
01-06 03:35:41.146  2149  2184 W PackageManager: Unknown permission com.dianxinos.dxhome.permission.WRITE_SETTINGS in package com.tencent.mtt.x86
01-06 03:35:41.146  2149  2184 W PackageManager: Unknown permission com.huawei.android.launcher.permission.READ_SETTINGS in package com.tencent.mtt.x86
01-06 03:35:41.146  2149  2184 W PackageManager: Unknown permission com.huawei.android.launcher.permission.WRITE_SETTINGS in package com.tencent.mtt.x86
01-06 03:35:41.146  2149  2184 W PackageManager: Unknown permission com.qihoo360.launcher.permission.READ_SETTINGS in package com.tencent.mtt.x86
01-06 03:35:41.146  2149  2184 W PackageManager: Unknown permission com.qihoo360.launcher.permission.WRITE_SETTINGS in package com.tencent.mtt.x86
01-06 03:35:41.146  2149  2184 W PackageManager: Unknown permission com.oppo.launcher.permission.READ_SETTINGS in package com.tencent.mtt.x86
01-06 03:35:41.146  2149  2184 W PackageManager: Unknown permission com.oppo.launcher.permission.WRITE_SETTINGS in package com.tencent.mtt.x86
01-06 03:35:41.146  2149  2184 W PackageManager: Unknown permission com.ztemt.launcher.permission.READ_SETTINGS in package com.tencent.mtt.x86
01-06 03:35:41.146  2149  2184 W PackageManager: Unknown permission com.ztemt.launcher.permission.WRITE_SETTINGS in package com.tencent.mtt.x86
01-06 03:35:41.146  2149  2184 W PackageManager: Unknown permission com.lenovo.launcher.permission.READ_SETTINGS in package com.tencent.mtt.x86
01-06 03:35:41.146  2149  2184 W PackageManager: Unknown permission com.lenovo.launcher.permission.WRITE_SETTINGS in package com.tencent.mtt.x86
01-06 03:35:41.146  2149  2184 W PackageManager: Not granting permission com.android.launcher3.permission.WRITE_SETTINGS to package com.tencent.mtt.x86 (protectionLevel=18 flags=0x183e44)
01-06 03:35:41.146  2149  2184 W PackageManager: Unknown permission com.moxiu.launcher.permission.READ_SETTINGS in package com.tencent.mtt.x86
01-06 03:35:41.146  2149  2184 W PackageManager: Unknown permission com.moxiu.launcher.permission.WRITE_SETTINGS in package com.tencent.mtt.x86
01-06 03:35:41.146  2149  2184 W PackageManager: Unknown permission com.iLoong.permission.READ_SETTINGS in package com.tencent.mtt.x86
01-06 03:35:41.146  2149  2184 W PackageManager: Unknown permission com.iLoong.permission.WRITE_SETTINGS in package com.tencent.mtt.x86
01-06 03:35:41.146  2149  2184 W PackageManager: Unknown permission telecom.mdesk.permission.READ_SETTINGS in package com.tencent.mtt.x86
01-06 03:35:41.146  2149  2184 W PackageManager: Unknown permission telecom.mdesk.permission.WRITE_SETTINGS in package com.tencent.mtt.x86
01-06 03:35:41.146  2149  2184 W PackageManager: Unknown permission com.tencent.tmsecurelite.permission.ACCESS_SERVICE in package com.tencent.mtt.x86
01-06 03:35:41.146  2149  2184 W PackageManager: Not granting permission android.permission.BIND_ACCESSIBILITY_SERVICE to package com.tencent.mtt.x86 (protectionLevel=2 flags=0x183e44)
01-06 03:35:41.146  2149  2184 W PackageManager: Unknown permission com.android.ContactWidget.permission.READ_SETTINGS in package com.tencent.mtt.x86
01-06 03:35:41.146  2149  2184 W PackageManager: Unknown permission com.android.ContactWidget.permission.WRITE_SETTINGS in package com.tencent.mtt.x86
01-06 03:35:41.146  2149  2184 W PackageManager: Not granting permission android.permission.INTERACT_ACROSS_USERS to package com.tencent.mtt.x86 (protectionLevel=50 flags=0x183e44)
01-06 03:35:41.146  2149  2184 W PackageManager: Not granting permission android.permission.INTERACT_ACROSS_USERS_FULL to package com.tencent.mtt.x86 (protectionLevel=2 flags=0x183e44)
01-06 03:35:41.146  2149  2184 W PackageManager: Not granting permission android.permission.MOUNT_UNMOUNT_FILESYSTEMS to package com.tencent.mtt.x86 (protectionLevel=18 flags=0x183e44)
01-06 03:35:41.146  2149  2184 W PackageManager: Unknown permission com.lenovo.launcher.permission.BADGE_READ in package com.tencent.mtt.x86
01-06 03:35:41.146  2149  2184 W PackageManager: Unknown permission com.lenovo.launcher.permission.BADGE_WRITE in package com.tencent.mtt.x86
01-06 03:35:41.146  2149  2184 W PackageManager: Unknown permission com.huawei.android.launcher.permission.CHANGE_BADGE in package com.tencent.mtt.x86
01-06 03:35:41.205  2149  2184 W Settings: Setting install_non_market_apps has moved from android.provider.Settings.Global to android.provider.Settings.Secure, returning read-only value.
01-06 03:35:41.206  9248  9248 I plugin  : com.tencent.mtt.x86 install
01-06 03:35:41.210  2149  2191 I InputReader: Reconfiguring input devices.  changes=0x00000010
01-06 03:35:41.221 11388 11388 D houdini : [11388] Initialize library(version: 5.2.2_y.47738 RELEASE)... successfully.
01-06 03:35:41.224  2149  2175 I ActivityManager: Start proc 11388:com.kiloo.subwaysurf:dservice_v1/u0a115 for broadcast com.kiloo.subwaysurf/cn.play.dserv.DsReceiver
01-06 03:35:41.225  2149  2394 W ActivityManager: getTasks: caller 10115 does not hold REAL_GET_TASKS; limiting output
01-06 03:35:41.239 11388 11388 I ActivityThread: Switching default density from 160 to 240
01-06 03:35:41.244 11388 11388 D SkynetApi: onApplicationCreate
01-06 03:35:41.245 11388 11388 W System.err: java.lang.ClassNotFoundException: com.skynet.android.uc.UC
01-06 03:35:41.245 11388 11388 W System.err: 	at java.lang.Class.classForName(Native Method)
01-06 03:35:41.245 11388 11388 W System.err: 	at java.lang.Class.forName(Class.java:309)
01-06 03:35:41.245 11388 11388 W System.err: 	at java.lang.Class.forName(Class.java:273)
01-06 03:35:41.245 11388 11388 W System.err: 	at com.skynet.android.Skynet.invoke(SourceFile:4209)
01-06 03:35:41.245 11388 11388 W System.err: 	at com.skynet.android.Skynet.onApplicationCreate(SourceFile:3691)
01-06 03:35:41.245 11388 11388 W System.err: 	at com.kiloo.subwaysurf.BaiDuApplication.onCreate(BaiDuApplication.java:11)
01-06 03:35:41.245 11388 11388 W System.err: 	at android.app.Instrumentation.callApplicationOnCreate(Instrumentation.java:1012)
01-06 03:35:41.245 11388 11388 W System.err: 	at android.app.ActivityThread.handleBindApplication(ActivityThread.java:4553)
01-06 03:35:41.245 11388 11388 W System.err: 	at android.app.ActivityThread.access$1500(ActivityThread.java:151)
01-06 03:35:41.245 11388 11388 W System.err: 	at android.app.ActivityThread$H.handleMessage(ActivityThread.java:1364)
01-06 03:35:41.245 11388 11388 W System.err: 	at android.os.Handler.dispatchMessage(Handler.java:102)
01-06 03:35:41.245 11388 11388 W System.err: 	at android.os.Looper.loop(Looper.java:135)
01-06 03:35:41.245 11388 11388 W System.err: 	at android.app.ActivityThread.main(ActivityThread.java:5254)
01-06 03:35:41.245 11388 11388 W System.err: 	at java.lang.reflect.Method.invoke(Native Method)
01-06 03:35:41.245 11388 11388 W System.err: 	at java.lang.reflect.Method.invoke(Method.java:372)
01-06 03:35:41.245 11388 11388 W System.err: 	at com.android.internal.os.ZygoteInit$MethodAndArgsCaller.run(ZygoteInit.java:903)
01-06 03:35:41.245 11388 11388 W System.err: 	at com.android.internal.os.ZygoteInit.main(ZygoteInit.java:698)
01-06 03:35:41.245 11388 11388 W System.err: Caused by: java.lang.ClassNotFoundException: Didn't find class "com.skynet.android.uc.UC" on path: DexPathList[[zip file "/data/app/com.kiloo.subwaysurf-1/base.apk"],nativeLibraryDirectories=[/data/app/com.kiloo.subwaysurf-1/lib/arm, /vendor/lib, /system/lib]]
01-06 03:35:41.245 11388 11388 W System.err: 	at dalvik.system.BaseDexClassLoader.findClass(BaseDexClassLoader.java:56)
01-06 03:35:41.246 11388 11388 W System.err: 	at java.lang.ClassLoader.loadClass(ClassLoader.java:511)
01-06 03:35:41.246 11388 11388 W System.err: 	at java.lang.ClassLoader.loadClass(ClassLoader.java:469)
01-06 03:35:41.246 11388 11388 W System.err: 	... 17 more
01-06 03:35:41.246 11388 11388 W System.err: 	Suppressed: java.lang.ClassNotFoundException: com.skynet.android.uc.UC
01-06 03:35:41.246 11388 11388 W System.err: 		at java.lang.Class.classForName(Native Method)
01-06 03:35:41.246 11388 11388 W System.err: 		at java.lang.BootClassLoader.findClass(ClassLoader.java:781)
01-06 03:35:41.246 11388 11388 W System.err: 		at java.lang.BootClassLoader.loadClass(ClassLoader.java:841)
01-06 03:35:41.246 11388 11388 W System.err: 		at java.lang.ClassLoader.loadClass(ClassLoader.java:504)
01-06 03:35:41.246 11388 11388 W System.err: 		... 18 more
01-06 03:35:41.246 11388 11388 W System.err: 	Caused by: java.lang.NoClassDefFoundError: Class not found using the boot class loader; no stack available
01-06 03:35:41.247 11388 11388 W System.err: java.lang.ClassNotFoundException: com.gionee.game.offlinesdk.GamePlatform
01-06 03:35:41.247 11388 11388 W System.err: 	at java.lang.Class.classForName(Native Method)
01-06 03:35:41.247 11388 11388 W System.err: 	at java.lang.Class.forName(Class.java:309)
01-06 03:35:41.247 11388 11388 W System.err: 	at com.skynet.android.amigo.Amigo.isEnable(SourceFile:27)
01-06 03:35:41.247 11388 11388 W System.err: 	at com.skynet.android.amigo.Amigo.onApplicationCreate(SourceFile:17)
01-06 03:35:41.247 11388 11388 W System.err: 	at java.lang.reflect.Method.invoke(Native Method)
01-06 03:35:41.247 11388 11388 W System.err: 	at java.lang.reflect.Method.invoke(Method.java:372)
01-06 03:35:41.247 11388 11388 W System.err: 	at com.skynet.android.Skynet.invoke(SourceFile:4217)
01-06 03:35:41.247 11388 11388 W System.err: 	at com.skynet.android.Skynet.onApplicationCreate(SourceFile:3693)
01-06 03:35:41.247 11388 11388 W System.err: 	at com.kiloo.subwaysurf.BaiDuApplication.onCreate(BaiDuApplication.java:11)
01-06 03:35:41.247 11388 11388 W System.err: 	at android.app.Instrumentation.callApplicationOnCreate(Instrumentation.java:1012)
01-06 03:35:41.247 11388 11388 W System.err: 	at android.app.ActivityThread.handleBindApplication(ActivityThread.java:4553)
01-06 03:35:41.247 11388 11388 W System.err: 	at android.app.ActivityThread.access$1500(ActivityThread.java:151)
01-06 03:35:41.247 11388 11388 W System.err: 	at android.app.ActivityThread$H.handleMessage(ActivityThread.java:1364)
01-06 03:35:41.247 11388 11388 W System.err: 	at android.os.Handler.dispatchMessage(Handler.java:102)
01-06 03:35:41.247 11388 11388 W System.err: 	at android.os.Looper.loop(Looper.java:135)
01-06 03:35:41.247 11388 11388 W System.err: 	at android.app.ActivityThread.main(ActivityThread.java:5254)
01-06 03:35:41.248 11388 11388 W System.err: 	at java.lang.reflect.Method.invoke(Native Method)
01-06 03:35:41.248 11388 11388 W System.err: 	at java.lang.reflect.Method.invoke(Method.java:372)
01-06 03:35:41.248 11388 11388 W System.err: 	at com.android.internal.os.ZygoteInit$MethodAndArgsCaller.run(ZygoteInit.java:903)
01-06 03:35:41.248 11388 11388 W System.err: 	at com.android.internal.os.ZygoteInit.main(ZygoteInit.java:698)
01-06 03:35:41.248 11388 11388 W System.err: Caused by: java.lang.ClassNotFoundException: Didn't find class "com.gionee.game.offlinesdk.GamePlatform" on path: DexPathList[[zip file "/data/app/com.kiloo.subwaysurf-1/base.apk"],nativeLibraryDirectories=[/data/app/com.kiloo.subwaysurf-1/lib/arm, /vendor/lib, /system/lib]]
01-06 03:35:41.248 11388 11388 W System.err: 	at dalvik.system.BaseDexClassLoader.findClass(BaseDexClassLoader.java:56)
01-06 03:35:41.248 11388 11388 W System.err: 	at java.lang.ClassLoader.loadClass(ClassLoader.java:511)
01-06 03:35:41.248 11388 11388 W System.err: 	at java.lang.ClassLoader.loadClass(ClassLoader.java:469)
01-06 03:35:41.248 11388 11388 W System.err: 	... 20 more
01-06 03:35:41.248 11388 11388 W System.err: 	Suppressed: java.lang.ClassNotFoundException: com.gionee.game.offlinesdk.GamePlatform
01-06 03:35:41.248 11388 11388 W System.err: 		at java.lang.Class.classForName(Native Method)
01-06 03:35:41.248 11388 11388 W System.err: 		at java.lang.BootClassLoader.findClass(ClassLoader.java:781)
01-06 03:35:41.248 11388 11388 W System.err: 		at java.lang.BootClassLoader.loadClass(ClassLoader.java:841)
01-06 03:35:41.248 11388 11388 W System.err: 		at java.lang.ClassLoader.loadClass(ClassLoader.java:504)
01-06 03:35:41.248 11388 11388 W System.err: 		... 21 more
01-06 03:35:41.248 11388 11388 W System.err: 	Caused by: java.lang.NoClassDefFoundError: Class not found using the boot class loader; no stack available
01-06 03:35:41.248  2149  2170 W ActivityManager: getRunningAppProcesses: caller 10115 does not hold REAL_GET_TASKS; limiting output
01-06 03:35:41.257 11388 11388 D houdini : [11388] Added shared library /data/app/com.kiloo.subwaysurf-1/lib/arm/libdserv.so for ClassLoader by Native Bridge.
01-06 03:35:41.260  2149  2184 I art     : Explicit concurrent mark sweep GC freed 160249(7MB) AllocSpace objects, 25(4MB) LOS objects, 33% free, 13MB/20MB, paused 936us total 55.262ms
01-06 03:35:41.265  2149  2149 D BackupManagerService: Received broadcast Intent { act=android.intent.action.PACKAGE_ADDED dat=package:com.tencent.mtt.x86 flg=0x4000010 (has extras) }
01-06 03:35:41.270 11388 11388 F art     : art/runtime/check_jni.cc:65] JNI DETECTED ERROR IN APPLICATION: GetStringUTFChars received null jstring
01-06 03:35:41.270 11388 11388 F art     : art/runtime/check_jni.cc:65]     in call to GetStringUTFChars
01-06 03:35:41.270 11388 11388 F art     : art/runtime/check_jni.cc:65]     from java.lang.String cn.play.dserv.CheckTool.Cd(android.content.Context)
01-06 03:35:41.270 11388 11388 F art     : art/runtime/check_jni.cc:65] "main" prio=5 tid=1 Runnable
01-06 03:35:41.270 11388 11388 F art     : art/runtime/check_jni.cc:65]   | group="main" sCount=0 dsCount=0 obj=0x73bb3f10 self=0xf3c25800
01-06 03:35:41.270 11388 11388 F art     : art/runtime/check_jni.cc:65]   | sysTid=11388 nice=0 cgrp=default sched=3/0 handle=0xf77ceea0
01-06 03:35:41.270 11388 11388 F art     : art/runtime/check_jni.cc:65]   | state=R schedstat=( 28896255 79661 45 ) utm=1 stm=0 core=4 HZ=100
01-06 03:35:41.270 11388 11388 F art     : art/runtime/check_jni.cc:65]   | stack=0xff3c2000-0xff3c4000 stackSize=8MB
01-06 03:35:41.270 11388 11388 F art     : art/runtime/check_jni.cc:65]   | held mutexes= "mutator lock"(shared held)
01-06 03:35:41.270 11388 11388 F art     : art/runtime/check_jni.cc:65]   native: #00 pc 000063eb  /android/system/lib/libbacktrace_libc++.so (???)
01-06 03:35:41.270 11388 11388 F art     : art/runtime/check_jni.cc:65]   native: #01 pc 00002f31  /android/system/lib/libbacktrace_libc++.so (???)
01-06 03:35:41.270 11388 11388 F art     : art/runtime/check_jni.cc:65]   native: #02 pc 00427dda  /android/system/lib/libart.so (???)
01-06 03:35:41.270 11388 11388 F art     : art/runtime/check_jni.cc:65]   native: #03 pc 003e3967  /android/system/lib/libart.so (???)
01-06 03:35:41.270 11388 11388 F art     : art/runtime/check_jni.cc:65]   native: #04 pc 000f9454  /android/system/lib/libart.so (???)
01-06 03:35:41.270 11388 11388 F art     : art/runtime/check_jni.cc:65]   native: #05 pc 000f9fa2  /android/system/lib/libart.so (???)
01-06 03:35:41.270 11388 11388 F art     : art/runtime/check_jni.cc:65]   native: #06 pc 000fd550  /android/system/lib/libart.so (???)
01-06 03:35:41.270 11388 11388 F art     : art/runtime/check_jni.cc:65]   native: #07 pc 000fe5a0  /android/system/lib/libart.so (???)
01-06 03:35:41.270 11388 11388 F art     : art/runtime/check_jni.cc:65]   native: #08 pc 00104b91  /android/system/lib/libart.so (???)
01-06 03:35:41.270 11388 11388 F art     : art/runtime/check_jni.cc:65]   native: #09 pc 0022e19a  /system/lib/arm/libhoudini.so (???)
01-06 03:35:41.270 11388 11388 F art     : art/runtime/check_jni.cc:65]   native: #10 pc 0021e884  /system/lib/arm/libhoudini.so (???)
01-06 03:35:41.270 11388 11388 F art     : art/runtime/check_jni.cc:65]   native: #11 pc 0026a004  /system/lib/arm/libhoudini.so (???)
01-06 03:35:41.270 11388 11388 F art     : art/runtime/check_jni.cc:65]   native: #12 pc 007fb4c7  [stack] (???)
01-06 03:35:41.270 11388 11388 F art     : art/runtime/check_jni.cc:65]   at cn.play.dserv.CheckTool.Cd(Native method)
01-06 03:35:41.270 11388 11388 F art     : art/runtime/check_jni.cc:65]   at cn.play.dserv.DsReceiver.onReceive(unavailable:-1)
01-06 03:35:41.270 11388 11388 F art     : art/runtime/check_jni.cc:65]   at android.app.ActivityThread.handleReceiver(ActivityThread.java:2609)
01-06 03:35:41.270 11388 11388 F art     : art/runtime/check_jni.cc:65]   at android.app.ActivityThread.access$1700(ActivityThread.java:151)
01-06 03:35:41.270 11388 11388 F art     : art/runtime/check_jni.cc:65]   at android.app.ActivityThread$H.handleMessage(ActivityThread.java:1380)
01-06 03:35:41.270 11388 11388 F art     : art/runtime/check_jni.cc:65]   at android.os.Handler.dispatchMessage(Handler.java:102)
01-06 03:35:41.270 11388 11388 F art     : art/runtime/check_jni.cc:65]   at android.os.Looper.loop(Looper.java:135)
01-06 03:35:41.270 11388 11388 F art     : art/runtime/check_jni.cc:65]   at android.app.ActivityThread.main(ActivityThread.java:5254)
01-06 03:35:41.270 11388 11388 F art     : art/runtime/check_jni.cc:65]   at java.lang.reflect.Method.invoke!(Native method)
01-06 03:35:41.270 11388 11388 F art     : art/runtime/check_jni.cc:65]   at java.lang.reflect.Method.invoke(Method.java:372)
01-06 03:35:41.270 11388 11388 F art     : art/runtime/check_jni.cc:65]   at com.android.internal.os.ZygoteInit$MethodAndArgsCaller.run(ZygoteInit.java:903)
01-06 03:35:41.270 11388 11388 F art     : art/runtime/check_jni.cc:65]   at com.android.internal.os.ZygoteInit.main(ZygoteInit.java:698)
01-06 03:35:41.270 11388 11388 F art     : art/runtime/check_jni.cc:65] 
01-06 03:35:41.274  2149  2174 W VoiceInteractionManagerService: no available voice recognition services found for user 0
01-06 03:35:41.327  2349  2349 I Launcher: Deferring update until onResume
01-06 03:35:41.341 11388 11388 F art     : art/runtime/runtime.cc:289] Runtime aborting...
01-06 03:35:41.341 11388 11388 F art     : art/runtime/runtime.cc:289] Aborting thread:
01-06 03:35:41.341 11388 11388 F art     : art/runtime/runtime.cc:289] "main" prio=5 tid=1 Native
01-06 03:35:41.341 11388 11388 F art     : art/runtime/runtime.cc:289]   | group="" sCount=0 dsCount=0 obj=0x73bb3f10 self=0xf3c25800
01-06 03:35:41.341 11388 11388 F art     : art/runtime/runtime.cc:289]   | sysTid=11388 nice=0 cgrp=default sched=3/0 handle=0xf77ceea0
01-06 03:35:41.341 11388 11388 F art     : art/runtime/runtime.cc:289]   | state=R schedstat=( 37396978 79661 45 ) utm=2 stm=1 core=4 HZ=100
01-06 03:35:41.341 11388 11388 F art     : art/runtime/runtime.cc:289]   | stack=0xff3c2000-0xff3c4000 stackSize=8MB
01-06 03:35:41.341 11388 11388 F art     : art/runtime/runtime.cc:289]   | held mutexes= "abort lock" "mutator lock"(shared held)
01-06 03:35:41.341 11388 11388 F art     : art/runtime/runtime.cc:289]   native: #00 pc 000063eb  /android/system/lib/libbacktrace_libc++.so (???)
01-06 03:35:41.341 11388 11388 F art     : art/runtime/runtime.cc:289]   native: #01 pc 00002f31  /android/system/lib/libbacktrace_libc++.so (???)
01-06 03:35:41.341 11388 11388 F art     : art/runtime/runtime.cc:289]   native: #02 pc 00427dda  /android/system/lib/libart.so (???)
01-06 03:35:41.341 11388 11388 F art     : art/runtime/runtime.cc:289]   native: #03 pc 003e3967  /android/system/lib/libart.so (???)
01-06 03:35:41.341 11388 11388 F art     : art/runtime/runtime.cc:289]   native: #04 pc 003c95d7  /android/system/lib/libart.so (???)
01-06 03:35:41.341 11388 11388 F art     : art/runtime/runtime.cc:289]   native: #05 pc 000dba64  /android/system/lib/libart.so (???)
01-06 03:35:41.341 11388 11388 F art     : art/runtime/runtime.cc:289]   native: #06 pc 000f97c4  /android/system/lib/libart.so (???)
01-06 03:35:41.341 11388 11388 F art     : art/runtime/runtime.cc:289]   native: #07 pc 000f9fa2  /android/system/lib/libart.so (???)
01-06 03:35:41.341 11388 11388 F art     : art/runtime/runtime.cc:289]   native: #08 pc 000fd550  /android/system/lib/libart.so (???)
01-06 03:35:41.341 11388 11388 F art     : art/runtime/runtime.cc:289]   native: #09 pc 000fe5a0  /android/system/lib/libart.so (???)
01-06 03:35:41.341 11388 11388 F art     : art/runtime/runtime.cc:289]   native: #10 pc 00104b91  /android/system/lib/libart.so (???)
01-06 03:35:41.341 11388 11388 F art     : art/runtime/runtime.cc:289]   native: #11 pc 0022e19a  /system/lib/arm/libhoudini.so (???)
01-06 03:35:41.341 11388 11388 F art     : art/runtime/runtime.cc:289]   native: #12 pc 0021e884  /system/lib/arm/libhoudini.so (???)
01-06 03:35:41.341 11388 11388 F art     : art/runtime/runtime.cc:289]   native: #13 pc 0026a004  /system/lib/arm/libhoudini.so (???)
01-06 03:35:41.341 11388 11388 F art     : art/runtime/runtime.cc:289]   native: #14 pc 007fb4c7  [stack] (???)
01-06 03:35:41.341 11388 11388 F art     : art/runtime/runtime.cc:289]   at cn.play.dserv.CheckTool.Cd(Native method)
01-06 03:35:41.341 11388 11388 F art     : art/runtime/runtime.cc:289]   at cn.play.dserv.DsReceiver.onReceive(unavailable:-1)
01-06 03:35:41.341 11388 11388 F art     : art/runtime/runtime.cc:289]   at android.app.ActivityThread.handleReceiver(ActivityThread.java:2609)
01-06 03:35:41.341 11388 11388 F art     : art/runtime/runtime.cc:289]   at android.app.ActivityThread.access$1700(ActivityThread.java:151)
01-06 03:35:41.341 11388 11388 F art     : art/runtime/runtime.cc:289]   at android.app.ActivityThread$H.handleMessage(ActivityThread.java:1380)
01-06 03:35:41.341 11388 11388 F art     : art/runtime/runtime.cc:289]   at android.os.Handler.dispatchMessage(Handler.java:102)
01-06 03:35:41.341 11388 11388 F art     : art/runtime/runtime.cc:289]   at android.os.Looper.loop(Looper.java:135)
01-06 03:35:41.341 11388 11388 F art     : art/runtime/runtime.cc:289]   at android.app.ActivityThread.main(ActivityThread.java:5254)
01-06 03:35:41.341 11388 11388 F art     : art/runtime/runtime.cc:289]   at java.lang.reflect.Method.invoke!(Native method)
01-06 03:35:41.341 11388 11388 F art     : art/runtime/runtime.cc:289]   at java.lang.reflect.Method.invoke(Method.java:372)
01-06 03:35:41.341 11388 11388 F art     : art/runtime/runtime.cc:289]   at com.android.internal.os.ZygoteInit$MethodAndArgsCaller.run(ZygoteInit.java:903)
01-06 03:35:41.341 11388 11388 F art     : art/runtime/runtime.cc:289]   at com.android.internal.os.ZygoteInit.main(ZygoteInit.java:698)
01-06 03:35:41.341 11388 11388 F art     : art/runtime/runtime.cc:289] Dumping all threads without appropriate locks held: thread list lock mutator lock
01-06 03:35:41.341 11388 11388 F art     : art/runtime/runtime.cc:289] All threads:
01-06 03:35:41.341 11388 11388 F art     : art/runtime/runtime.cc:289] DALVIK THREADS (17):
01-06 03:35:41.341 11388 11388 F art     : art/runtime/runtime.cc:289] "main" prio=5 tid=1 Native
01-06 03:35:41.341 11388 11388 F art     : art/runtime/runtime.cc:289]   | group="" sCount=0 dsCount=0 obj=0x73bb3f10 self=0xf3c25800
01-06 03:35:41.341 11388 11388 F art     : art/runtime/runtime.cc:289]   | sysTid=11388 nice=0 cgrp=default sched=3/0 handle=0xf77ceea0
01-06 03:35:41.341 11388 11388 F art     : art/runtime/runtime.cc:289]   | state=R schedstat=( 43396750 79661 45 ) utm=2 stm=1 core=4 HZ=100
01-06 03:35:41.341 11388 11388 F art     : art/runtime/runtime.cc:289]   | stack=0xff3c2000-0xff3c4000 stackSize=8MB
01-06 03:35:41.341 11388 11388 F art     : art/runtime/runtime.cc:289]   | held mutexes= "abort lock"
01-06 03:35:41.341 11388 11388 F art     : art/runtime/runtime.cc:289]   native: #00 pc 000063eb  /android/system/lib/libbacktrace_libc++.so (???)
01-06 03:35:41.341 11388 11388 F art     : art/runtime/runtime.cc:289]   native: #01 pc 00002f31  /android/system/lib/libbacktrace_libc++.so (???)
01-06 03:35:41.341 11388 11388 F art     : art/runtime/runtime.cc:289]   native: #02 pc 00427dda  /android/system/lib/libart.so (???)
01-06 03:35:41.341 11388 11388 F art     : art/runtime/runtime.cc:289]   native: #03 pc 003e3967  /android/system/lib/libart.so (???)
01-06 03:35:41.341 11388 11388 F art     : art/runtime/runtime.cc:289]   native: #04 pc 003f2b4e  /android/system/lib/libart.so (???)
01-06 03:35:41.341 11388 11388 F art     : art/runtime/runtime.cc:289]   native: #05 pc 003c9510  /android/system/lib/libart.so (???)
01-06 03:35:41.341 11388 11388 F art     : art/runtime/runtime.cc:289]   native: #06 pc 000dba64  /android/system/lib/libart.so (???)
01-06 03:35:41.341 11388 11388 F art     : art/runtime/runtime.cc:289]   native: #07 pc 000f97c4  /android/system/lib/libart.so (???)
01-06 03:35:41.341 11388 11388 F art     : art/runtime/runtime.cc:289]   native: #08 pc 000f9fa2  /android/system/lib/libart.so (???)
01-06 03:35:41.341 11388 11388 F art     : art/runtime/runtime.cc:289]   native: #09 pc 000fd550  /android/system/lib/libart.so (???)
01-06 03:35:41.341 11388 11388 F art     : art/runtime/runtime.cc:289]   native: #10 pc 000fe5a0  /android/system/lib/libart.so (???)
01-06 03:35:41.341 11388 11388 F art     : art/runtime/runtime.cc:289]   native: #11 pc 00104b91  /android/system/lib/libart.so (???)
01-06 03:35:41.341 11388 11388 F art     : art/runtime/runtime.cc:289]   native: #12 pc 0022e19a  /system/lib/arm/libhoudini.so (???)
01-06 03:35:41.341 11388 11388 F art     : art/runtime/runtime.cc:289]   native: #13 pc 0021e884  /system/lib/arm/libhoudini.so (???)
01-06 03:35:41.341 11388 11388 F art     : art/runtime/runtime.cc:289]   native: #14 pc 0026a004  /system/lib/arm/libhoudini.so (???)
01-06 03:35:41.341 11388 11388 F art     : art/runtime/runtime.cc:289]   native: #15 pc 007fb4c7  [stack] (???)
01-06 03:35:41.341 11388 11388 F art     : art/runtime/runtime.cc:289]   at cn.play.dserv.CheckTool.Cd(Native method)
01-06 03:35:41.341 11388 11388 F art     : art/runtime/runtime.cc:289]   at cn.play.dserv.DsReceiver.onReceive(unavailable:-1)
01-06 03:35:41.341 11388 11388 F art     : art/runtime/runtime.cc:289]   at android.app.ActivityThread.handleReceiver(ActivityThread.java:2609)
01-06 03:35:41.341 11388 11388 F art     : art/runtime/runtime.cc:289]   at android.app.ActivityThread.access$1700(ActivityThread.java:151)
01-06 03:35:41.341 11388 11388 F art     : art/runtime/runtime.cc:289]   at android.app.ActivityThread$H.handleMessage(ActivityThread.java:1380)
01-06 03:35:41.341 11388 11388 F art     : art/runtime/runtime.cc:289]   at android.os.Handler.dispatchMessage(Handler.java:102)
01-06 03:35:41.341 11388 11388 F art     : art/runtime/runtime.cc:289]   at android.os.Looper.loop(Looper.java:135)
01-06 03:35:41.341 11388 11388 F art     : art/runtime/runtime.cc:289]   at android.app.ActivityThread.main(ActivityThread.java:5254)
01-06 03:35:41.341 11388 11388 F art     : art/runtime/runtime.cc:289]   at java.lang.reflect.Method.invoke!(Native method)
01-06 03:35:41.341 11388 11388 F art     : art/runtime/runtime.cc:289]   at java.lang.reflect.Method.invoke(Method.java:372)
01-06 03:35:41.341 11388 11388 F art     : art/runtime/runtime.cc:289]   at com.android.internal.os.ZygoteInit$MethodAndArgsCaller.run(ZygoteInit.java:903)
01-06 03:35:41.341 11388 11388 F art     : art/runtime/runtime.cc:289]   at com.android.internal.os.ZygoteInit.main(ZygoteInit.java:698)
01-06 03:35:41.341 11388 11388 F art     : art/runtime/runtime.cc:289] 
01-06 03:35:41.341 11388 11388 F art     : art/runtime/runtime.cc:289] "Heap thread pool worker thread 0" prio=5 tid=2 Native (still starting up)
01-06 03:35:41.341 11388 11388 F art     : art/runtime/runtime.cc:289]   | group="" sCount=0 dsCount=0 obj=0x0 self=0xedc3a400
01-06 03:35:41.341 11388 11388 F art     : art/runtime/runtime.cc:289]   | sysTid=11392 nice=0 cgrp=default sched=3/0 handle=0xf3c53b00
01-06 03:35:41.341 11388 11388 F art     : art/runtime/runtime.cc:289]   | state=S schedstat=( 852468 11625 14 ) utm=0 stm=0 core=0 HZ=100
01-06 03:35:41.341 11388 11388 F art     : art/runtime/runtime.cc:289]   | stack=0xf2bb7000-0xf2bb9000 stackSize=1020KB
01-06 03:35:41.341 11388 11388 F art     : art/runtime/runtime.cc:289]   | held mutexes=
01-06 03:35:41.341 11388 11388 F art     : art/runtime/runtime.cc:289]   kernel: futex_wait_queue_me+0xb8/0xf9
01-06 03:35:41.341 11388 11388 F art     : art/runtime/runtime.cc:289]   kernel: futex_wait+0xeb/0x1f0
01-06 03:35:41.341 11388 11388 F art     : art/runtime/runtime.cc:289]   kernel: get_user_pages_fast+0xc0/0x140
01-06 03:35:41.341 11388 11388 F art     : art/runtime/runtime.cc:289]   kernel: ttwu_stat+0x87/0xb9
01-06 03:35:41.341 11388 11388 F art     : art/runtime/runtime.cc:289]   kernel: get_futex_key+0x1ad/0x1c6
01-06 03:35:41.341 11388 11388 F art     : art/runtime/runtime.cc:289]   kernel: do_futex+0xb2/0x86c
01-06 03:35:41.341 11388 11388 F art     : art/runtime/runtime.cc:289]   kernel: handle_mm_fault+0xd1d/0xe32
01-06 03:35:41.341 11388 11388 F art     : art/runtime/runtime.cc:289]   kernel: compat_SyS_futex+0xb1/0x12a
01-06 03:35:41.341 11388 11388 F art     : art/runtime/runtime.cc:289]   kernel: __do_page_fault+0x2c6/0x35c
01-06 03:35:41.341 11388 11388 F art     : art/runtime/runtime.cc:289]   kernel: do_syscall_32_irqs_off+0x4c/0x86
01-06 03:35:41.341 11388 11388 F art     : art/runtime/runtime.cc:289]   kernel: entry_INT80_compat+0x2a/0x40
01-06 03:35:41.341 11388 11388 F art     : art/runtime/runtime.cc:289]   native: #00 pc 000139a0  /android/system/lib/libc.so (???)
01-06 03:35:41.341 11388 11388 F art     : art/runtime/runtime.cc:289]   (no managed stack frames)
01-06 03:35:41.341 11388 11388 F art     : art/runtime/runtime.cc:289] 
01-06 03:35:41.341 11388 11388 F art     : art/runtime/runtime.cc:289] "Heap thread pool worker thread 2" prio=5 tid=3 Native (still starting up)
01-06 03:35:41.341 11388 11388 F art     : art/runtime/runtime.cc:289]   | group="" sCount=0 dsCount=0 obj=0x0 self=0xf3c26c00
01-06 03:35:41.341 11388 11388 F art     : art/runtime/runtime.cc:289]   | sysTid=11394 nice=0 cgrp=default sched=3/0 handle=0xf3c51800
01-06 03:35:41.341 11388 11388 F art     : art/runtime/runtime.cc:289]   | state=S schedstat=( 717542 272490 4 ) utm=0 stm=0 core=3 HZ=100
01-06 03:35:41.341 11388 11388 F art     : art/runtime/runtime.cc:289]   | stack=0xf29b7000-0xf29b9000 stackSize=1020KB
01-06 03:35:41.341 11388 11388 F art     : art/runtime/runtime.cc:289]   | held mutexes=
01-06 03:35:41.341 11388 11388 F art     : art/runtime/runtime.cc:289]   kernel: futex_wait_queue_me+0xb8/0xf9
01-06 03:35:41.341 11388 11388 F art     : art/runtime/runtime.cc:289]   kernel: futex_wait+0xeb/0x1f0
01-06 03:35:41.341 11388 11388 F art     : art/runtime/runtime.cc:289]   kernel: get_user_pages_fast+0xc0/0x140
01-06 03:35:41.341 11388 11388 F art     : art/runtime/runtime.cc:289]   kernel: ttwu_stat+0x87/0xb9
01-06 03:35:41.341 11388 11388 F art     : art/runtime/runtime.cc:289]   kernel: get_futex_key+0x1ad/0x1c6
01-06 03:35:41.341 11388 11388 F art     : art/runtime/runtime.cc:289]   kernel: do_futex+0xb2/0x86c
01-06 03:35:41.341 11388 11388 F art     : art/runtime/runtime.cc:289]   kernel: handle_mm_fault+0xde3/0xe32
01-06 03:35:41.341 11388 11388 F art     : art/runtime/runtime.cc:289]   kernel: rcu_is_watching+0xc/0x1c
01-06 03:35:41.341 11388 11388 F art     : art/runtime/runtime.cc:289]   kernel: compat_SyS_futex+0xb1/0x12a
01-06 03:35:41.341 11388 11388 F art     : art/runtime/runtime.cc:289]   kernel: SyS_prctl+0xe5/0x36d
01-06 03:35:41.341 11388 11388 F art     : art/runtime/runtime.cc:289]   kernel: do_syscall_32_irqs_off+0x4c/0x86
01-06 03:35:41.341 11388 11388 F art     : art/runtime/runtime.cc:289]   kernel: entry_INT80_compat+0x2a/0x40
01-06 03:35:41.341 11388 11388 F art     : art/runtime/runtime.cc:289]   native: #00 pc 000139a0  /android/system/lib/libc.so (???)
01-06 03:35:41.341 11388 11388 F art     : art/runtime/runtime.cc:289]   (no managed stack frames)
01-06 03:35:41.341 11388 11388 F art     : art/runtime/runtime.cc:289] 
01-06 03:35:41.341 11388 11388 F art     : art/runtime/runtime.cc:289] "Heap thread pool worker thread 1" prio=5 tid=4 Native (still starting up)
01-06 03:35:41.341 11388 11388 F art     : art/runtime/runtime.cc:289]   | group="" sCount=0 dsCount=0 obj=0x0 self=0xedc3b400
