01-06 03:36:19.014 11608 11634 D webviewglue: s_pendingTrimLevel 0
01-06 03:36:19.030 11608 11634 D webviewglue: s_pendingTrimLevel 0
01-06 03:36:19.047 11608 11634 D webviewglue: s_pendingTrimLevel 0
01-06 03:36:19.065 11608 11634 D webviewglue: s_pendingTrimLevel 0
01-06 03:36:19.080 11608 11634 D webviewglue: s_pendingTrimLevel 0
01-06 03:36:19.097 11608 11634 D webviewglue: s_pendingTrimLevel 0
01-06 03:36:19.113 11608 11634 D webviewglue: s_pendingTrimLevel 0
01-06 03:36:19.133 11608 11634 D webviewglue: s_pendingTrimLevel 0
01-06 03:36:19.147 11608 11634 D webviewglue: s_pendingTrimLevel 0
01-06 03:36:19.167  2149  2169 W ActivityManager: getTasks: caller 10115 does not hold REAL_GET_TASKS; limiting output
01-06 03:36:19.168 11608 11634 D webviewglue: s_pendingTrimLevel 0
01-06 03:36:19.180 11608 11634 D webviewglue: s_pendingTrimLevel 0
01-06 03:36:19.200 11608 11634 D webviewglue: s_pendingTrimLevel 0
01-06 03:36:19.214 11608 11634 D webviewglue: s_pendingTrimLevel 0
01-06 03:36:19.234 11608 11634 D webviewglue: s_pendingTrimLevel 0
01-06 03:36:19.247 11608 11634 D webviewglue: s_pendingTrimLevel 0
01-06 03:36:19.266 11608 11634 D webviewglue: s_pendingTrimLevel 0
01-06 03:36:19.285 11608 11634 D webviewglue: s_pendingTrimLevel 0
01-06 03:36:19.297 11608 11634 D webviewglue: s_pendingTrimLevel 0
01-06 03:36:19.318 11608 11634 D webviewglue: s_pendingTrimLevel 0
01-06 03:36:19.334 11608 11634 D webviewglue: s_pendingTrimLevel 0
01-06 03:36:19.347 11608 11634 D webviewglue: s_pendingTrimLevel 0
01-06 03:36:19.368 11608 11634 D webviewglue: s_pendingTrimLevel 0
01-06 03:36:19.385 11608 11634 D webviewglue: s_pendingTrimLevel 0
01-06 03:36:19.797 11608 11634 D webviewglue: s_pendingTrimLevel 0
01-06 03:36:19.813 11608 11634 D webviewglue: s_pendingTrimLevel 0
01-06 03:36:19.837 11608 11634 D webviewglue: s_pendingTrimLevel 0
01-06 03:36:19.847 11608 11634 D webviewglue: s_pendingTrimLevel 0
01-06 03:36:19.868 11608 11634 D webviewglue: s_pendingTrimLevel 0
01-06 03:36:19.885 11608 11634 D webviewglue: s_pendingTrimLevel 0
01-06 03:36:19.897 11608 11634 D webviewglue: s_pendingTrimLevel 0
01-06 03:36:19.916 11608 11634 D webviewglue: s_pendingTrimLevel 0
01-06 03:36:19.930 11608 11634 D webviewglue: s_pendingTrimLevel 0
01-06 03:36:19.951 11608 11634 D webviewglue: s_pendingTrimLevel 0
01-06 03:36:19.963 11608 11634 D webviewglue: s_pendingTrimLevel 0
01-06 03:36:19.984 11608 11634 D webviewglue: s_pendingTrimLevel 0
01-06 03:36:19.997 11608 11634 D webviewglue: s_pendingTrimLevel 0
01-06 03:36:20.014 11608 11634 D webviewglue: s_pendingTrimLevel 0
01-06 03:36:20.030 11608 11634 D webviewglue: s_pendingTrimLevel 0
01-06 03:36:20.051 11608 11634 D webviewglue: s_pendingTrimLevel 0
01-06 03:36:20.064 11608 11634 D webviewglue: s_pendingTrimLevel 0
01-06 03:36:20.080 11608 11634 D webviewglue: s_pendingTrimLevel 0
01-06 03:36:20.102 11608 11634 D webviewglue: s_pendingTrimLevel 0
01-06 03:36:20.113 11608 11634 D webviewglue: s_pendingTrimLevel 0
01-06 03:36:20.134 11608 11634 D webviewglue: s_pendingTrimLevel 0
01-06 03:36:20.147 11608 11634 D webviewglue: s_pendingTrimLevel 0
01-06 03:36:20.167 11608 11634 D webviewglue: s_pendingTrimLevel 0
01-06 03:36:20.170  2149  3044 W ActivityManager: getTasks: caller 10115 does not hold REAL_GET_TASKS; limiting output
01-06 03:36:20.180 11608 11634 D webviewglue: s_pendingTrimLevel 0
01-06 03:36:20.204 11608 11634 D webviewglue: s_pendingTrimLevel 0
01-06 03:36:20.214 11608 11634 D webviewglue: s_pendingTrimLevel 0
01-06 03:36:20.236 11608 11634 D webviewglue: s_pendingTrimLevel 0
01-06 03:36:20.247 11608 11634 D webviewglue: s_pendingTrimLevel 0
01-06 03:36:20.263 11608 11634 D webviewglue: s_pendingTrimLevel 0
01-06 03:36:20.284 11608 11634 D webviewglue: s_pendingTrimLevel 0
01-06 03:36:20.297 11608 11634 D webviewglue: s_pendingTrimLevel 0
01-06 03:36:20.316 11608 11634 D webviewglue: s_pendingTrimLevel 0
01-06 03:36:20.330 11608 11634 D webviewglue: s_pendingTrimLevel 0
01-06 03:36:20.353 11608 11634 D webviewglue: s_pendingTrimLevel 0
01-06 03:36:20.363 11608 11634 D webviewglue: s_pendingTrimLevel 0
01-06 03:36:20.384 11608 11634 D webviewglue: s_pendingTrimLevel 0
01-06 03:36:20.397 11608 11634 D webviewglue: s_pendingTrimLevel 0
01-06 03:36:20.417 11608 11634 D webviewglue: s_pendingTrimLevel 0
01-06 03:36:20.430 11608 11634 D webviewglue: s_pendingTrimLevel 0
01-06 03:36:20.450 11608 11634 D webviewglue: s_pendingTrimLevel 0
01-06 03:36:20.463 11608 11634 D webviewglue: s_pendingTrimLevel 0
01-06 03:36:20.485 11608 11634 D webviewglue: s_pendingTrimLevel 0
01-06 03:36:20.497 11608 11634 D webviewglue: s_pendingTrimLevel 0
01-06 03:36:20.517 11608 11634 D webviewglue: s_pendingTrimLevel 0
01-06 03:36:20.534 11608 11634 D webviewglue: s_pendingTrimLevel 0
01-06 03:36:20.547 11608 11634 D webviewglue: s_pendingTrimLevel 0
01-06 03:36:20.568 11608 11634 D webviewglue: s_pendingTrimLevel 0
01-06 03:36:20.580 11608 11634 D webviewglue: s_pendingTrimLevel 0
01-06 03:36:20.603 11608 11634 D webviewglue: s_pendingTrimLevel 0
01-06 03:36:20.613 11608 11634 D webviewglue: s_pendingTrimLevel 0
01-06 03:36:20.634 11608 11634 D webviewglue: s_pendingTrimLevel 0
01-06 03:36:20.647 11608 11634 D webviewglue: s_pendingTrimLevel 0
01-06 03:36:20.670 11608 11634 D webviewglue: s_pendingTrimLevel 0
01-06 03:36:20.680 11608 11634 D webviewglue: s_pendingTrimLevel 0
01-06 03:36:20.700 11608 11634 D webviewglue: s_pendingTrimLevel 0
01-06 03:36:20.713 11608 11634 D webviewglue: s_pendingTrimLevel 0
01-06 03:36:20.735 11608 11634 D webviewglue: s_pendingTrimLevel 0
01-06 03:36:20.747 11608 11634 D webviewglue: s_pendingTrimLevel 0
01-06 03:36:20.768 11608 11634 D webviewglue: s_pendingTrimLevel 0
01-06 03:36:20.780 11608 11634 D webviewglue: s_pendingTrimLevel 0
01-06 03:36:20.800 11608 11634 D webviewglue: s_pendingTrimLevel 0
01-06 03:36:20.805 11608 11636 W beacon  : onUserAction return false, because eventName:[MTT_WUP_WATCH] is not allowed in server strategy!
01-06 03:36:20.816 11608 11634 D webviewglue: s_pendingTrimLevel 0
01-06 03:36:20.830 11608 11634 D webviewglue: s_pendingTrimLevel 0
01-06 03:36:20.848 11608 11634 D webviewglue: s_pendingTrimLevel 0
01-06 03:36:20.864 11608 11634 D webviewglue: s_pendingTrimLevel 0
01-06 03:36:20.880 11608 11634 D webviewglue: s_pendingTrimLevel 0
01-06 03:36:20.897 11608 11634 D webviewglue: s_pendingTrimLevel 0
01-06 03:36:20.914 11608 11634 D webviewglue: s_pendingTrimLevel 0
01-06 03:36:20.930 11608 11634 D webviewglue: s_pendingTrimLevel 0
01-06 03:36:20.947 11608 11634 D webviewglue: s_pendingTrimLevel 0
01-06 03:36:20.964 11608 11634 D webviewglue: s_pendingTrimLevel 0
01-06 03:36:20.980 11608 11634 D webviewglue: s_pendingTrimLevel 0
01-06 03:36:21.003 11608 11634 D webviewglue: s_pendingTrimLevel 0
01-06 03:36:21.014 11608 11634 D webviewglue: s_pendingTrimLevel 0
01-06 03:36:21.033 11608 11634 D webviewglue: s_pendingTrimLevel 0
01-06 03:36:21.047 11608 11634 D webviewglue: s_pendingTrimLevel 0
01-06 03:36:21.064 11608 11634 D webviewglue: s_pendingTrimLevel 0
01-06 03:36:21.080 11608 11634 D webviewglue: s_pendingTrimLevel 0
01-06 03:36:21.097 11608 11634 D webviewglue: s_pendingTrimLevel 0
01-06 03:36:21.114 11608 11634 D webviewglue: s_pendingTrimLevel 0
01-06 03:36:21.130 11608 11634 D webviewglue: s_pendingTrimLevel 0
01-06 03:36:21.147 11608 11634 D webviewglue: s_pendingTrimLevel 0
01-06 03:36:21.169 11608 11634 D webviewglue: s_pendingTrimLevel 0
01-06 03:36:21.173  2149  2170 W ActivityManager: getTasks: caller 10115 does not hold REAL_GET_TASKS; limiting output
01-06 03:36:21.180 11608 11634 D webviewglue: s_pendingTrimLevel 0
01-06 03:36:21.197 11608 11634 D webviewglue: s_pendingTrimLevel 0
01-06 03:36:21.213 11608 11634 D webviewglue: s_pendingTrimLevel 0
01-06 03:36:21.234 11608 11634 D webviewglue: s_pendingTrimLevel 0
01-06 03:36:21.247 11608 11634 D webviewglue: s_pendingTrimLevel 0
01-06 03:36:21.263 11608 11634 D webviewglue: s_pendingTrimLevel 0
01-06 03:36:21.285 11608 11634 D webviewglue: s_pendingTrimLevel 0
01-06 03:36:21.297 11608 11634 D webviewglue: s_pendingTrimLevel 0
01-06 03:36:21.313 11608 11634 D webviewglue: s_pendingTrimLevel 0
01-06 03:36:21.730 11608 11634 D webviewglue: s_pendingTrimLevel 0
01-06 03:36:21.747 11608 11634 D webviewglue: s_pendingTrimLevel 0
01-06 03:36:21.768 11608 11634 D webviewglue: s_pendingTrimLevel 0
01-06 03:36:21.780 11608 11634 D webviewglue: s_pendingTrimLevel 0
01-06 03:36:21.801 11608 11634 D webviewglue: s_pendingTrimLevel 0
01-06 03:36:21.813 11608 11634 D webviewglue: s_pendingTrimLevel 0
01-06 03:36:21.830 11608 11634 D webviewglue: s_pendingTrimLevel 0
01-06 03:36:21.847 11608 11634 D webviewglue: s_pendingTrimLevel 0
01-06 03:36:21.866 11608 11634 D webviewglue: s_pendingTrimLevel 0
01-06 03:36:21.880 11608 11634 D webviewglue: s_pendingTrimLevel 0
01-06 03:36:21.897 11608 11634 D webviewglue: s_pendingTrimLevel 0
01-06 03:36:21.913 11608 11634 D webviewglue: s_pendingTrimLevel 0
01-06 03:36:21.935 11608 11634 D webviewglue: s_pendingTrimLevel 0
01-06 03:36:21.947 11608 11634 D webviewglue: s_pendingTrimLevel 0
01-06 03:36:21.967 11608 11634 D webviewglue: s_pendingTrimLevel 0
01-06 03:36:21.980 11608 11634 D webviewglue: s_pendingTrimLevel 0
01-06 03:36:21.997 11608 11634 D webviewglue: s_pendingTrimLevel 0
01-06 03:36:22.016 11924 11924 W linker  : [vdso]: unused DT entry: type 0x6ffffef5 arg 0x160
01-06 03:36:22.016 11608 11634 D webviewglue: s_pendingTrimLevel 0
01-06 03:36:22.035 11608 11634 D webviewglue: s_pendingTrimLevel 0
01-06 03:36:22.047 11608 11634 D webviewglue: s_pendingTrimLevel 0
01-06 03:36:22.067 11608 11634 D webviewglue: s_pendingTrimLevel 0
01-06 03:36:22.080 11608 11634 D webviewglue: s_pendingTrimLevel 0
01-06 03:36:22.100 11608 11634 D webviewglue: s_pendingTrimLevel 0
01-06 03:36:22.113 11608 11634 D webviewglue: s_pendingTrimLevel 0
01-06 03:36:22.135 11608 11634 D webviewglue: s_pendingTrimLevel 0
01-06 03:36:22.147 11608 11634 D webviewglue: s_pendingTrimLevel 0
01-06 03:36:22.163 11608 11634 D webviewglue: s_pendingTrimLevel 0
01-06 03:36:22.176  2149  3042 W ActivityManager: getTasks: caller 10115 does not hold REAL_GET_TASKS; limiting output
01-06 03:36:22.184 11608 11634 D webviewglue: s_pendingTrimLevel 0
01-06 03:36:22.201 11608 11634 D webviewglue: s_pendingTrimLevel 0
01-06 03:36:22.213 11608 11634 D webviewglue: s_pendingTrimLevel 0
01-06 03:36:22.238 11608 11634 D webviewglue: s_pendingTrimLevel 0
01-06 03:36:22.247 11608 11634 D webviewglue: s_pendingTrimLevel 0
01-06 03:36:22.267 11608 11634 D webviewglue: s_pendingTrimLevel 0
01-06 03:36:22.280 11608 11634 D webviewglue: s_pendingTrimLevel 0
01-06 03:36:22.300 11608 11634 D webviewglue: s_pendingTrimLevel 0
01-06 03:36:22.313 11608 11634 D webviewglue: s_pendingTrimLevel 0
01-06 03:36:22.330 11608 11634 D webviewglue: s_pendingTrimLevel 0
01-06 03:36:22.350 11608 11634 D webviewglue: s_pendingTrimLevel 0
01-06 03:36:22.369 11608 11634 D webviewglue: s_pendingTrimLevel 0
01-06 03:36:22.380 11608 11634 D webviewglue: s_pendingTrimLevel 0
01-06 03:36:22.397 11608 11634 D webviewglue: s_pendingTrimLevel 0
01-06 03:36:22.416 11608 11634 D webviewglue: s_pendingTrimLevel 0
01-06 03:36:22.434 11608 11634 D webviewglue: s_pendingTrimLevel 0
01-06 03:36:22.447 11608 11634 D webviewglue: s_pendingTrimLevel 0
01-06 03:36:22.469  2149  2209 W AudioTrack: AUDIO_OUTPUT_FLAG_FAST denied by client
01-06 03:36:22.471 11608 11634 D webviewglue: s_pendingTrimLevel 0
01-06 03:36:22.480 11608 11634 D webviewglue: s_pendingTrimLevel 0
01-06 03:36:22.481  2267  2267 W ResourceType: No package identifier when getting value for resource number 0x00000000
01-06 03:36:22.481  2267  2267 W PackageManager: Failure retrieving resources for com.tencent.mtt.x86: Resource ID #0x0
01-06 03:36:22.481  1876  2146 D audio_hw_primary: found out /dev/snd/pcmC0D0p
01-06 03:36:22.486  2149  8057 I ActivityManager: START u0 {act=com.android.systemui.recents.SHOW_RECENTS flg=0x10804000 cmp=com.android.systemui/.recents.RecentsActivity} from uid 10000 on display 0
01-06 03:36:22.497 11608 11634 D webviewglue: s_pendingTrimLevel 0
01-06 03:36:22.817  2149  2169 W ActivityManager: getTasks: caller 10121 does not hold REAL_GET_TASKS; limiting output
01-06 03:36:22.818  2149  3128 W ActivityManager: getRunningAppProcesses: caller 10121 does not hold REAL_GET_TASKS; limiting output
01-06 03:36:22.819  2149  8057 W ActivityManager: getRunningAppProcesses: caller 10121 does not hold REAL_GET_TASKS; limiting output
01-06 03:36:22.819 11608 11636 W beacon  : onUserAction return false, because eventName:[DEBUG_ACTION] is not allowed in server strategy!
01-06 03:36:22.853  2149  2377 I art     : Explicit concurrent mark sweep GC freed 20904(871KB) AllocSpace objects, 0(0B) LOS objects, 33% free, 15MB/22MB, paused 476us total 31.515ms
01-06 03:36:22.855  2149  2394 W InputMethodManagerService: Starting input on non-focused client com.android.internal.view.IInputMethodClient$Stub$Proxy@18e82eaa (uid=10121 pid=11608)
01-06 03:36:22.855 11608 11608 W IInputConnectionWrapper: showStatusIcon on inactive InputConnection
01-06 03:36:22.876  2149  9351 W ActivityManager: getRunningAppProcesses: caller 10121 does not hold REAL_GET_TASKS; limiting output
01-06 03:36:22.877  2149  3042 W ActivityManager: getRunningAppProcesses: caller 10121 does not hold REAL_GET_TASKS; limiting output
01-06 03:36:22.877 11608 11636 W beacon  :  err BF 3R! list size:3
01-06 03:36:22.877  2149  2170 W ActivityManager: getRunningAppProcesses: caller 10121 does not hold REAL_GET_TASKS; limiting output
01-06 03:36:22.877 11608 11636 W beacon  :  err BF 3R! list size:4
01-06 03:36:22.878  2149  8057 W ActivityManager: getRunningAppProcesses: caller 10121 does not hold REAL_GET_TASKS; limiting output
01-06 03:36:22.878  2149  2295 W ActivityManager: getRunningAppProcesses: caller 10121 does not hold REAL_GET_TASKS; limiting output
01-06 03:36:22.878  2149  2169 W ActivityManager: getRunningAppProcesses: caller 10121 does not hold REAL_GET_TASKS; limiting output
01-06 03:36:22.879  2149  3044 W ActivityManager: getRunningAppProcesses: caller 10121 does not hold REAL_GET_TASKS; limiting output
01-06 03:36:22.879 11608 11636 W beacon  :  err BF 3R! list size:3
01-06 03:36:22.879  2149  3128 W ActivityManager: getRunningAppProcesses: caller 10121 does not hold REAL_GET_TASKS; limiting output
01-06 03:36:22.879 11608 11636 W beacon  :  err BF 3R! list size:4
01-06 03:36:22.880  2149  2394 W ActivityManager: getRunningAppProcesses: caller 10121 does not hold REAL_GET_TASKS; limiting output
01-06 03:36:22.880 11608 11636 W beacon  :  err BF 3R! list size:5
01-06 03:36:22.880  2149  2377 W ActivityManager: getRunningAppProcesses: caller 10121 does not hold REAL_GET_TASKS; limiting output
01-06 03:36:22.880 11608 11636 W beacon  :  err BF 3R! list size:6
01-06 03:36:22.880  2149  4763 W ActivityManager: getRunningAppProcesses: caller 10121 does not hold REAL_GET_TASKS; limiting output
01-06 03:36:22.880 11608 11636 W beacon  :  err BF 3R! list size:7
01-06 03:36:22.881  2149  9351 W ActivityManager: getRunningAppProcesses: caller 10121 does not hold REAL_GET_TASKS; limiting output
01-06 03:36:22.881 11608 11636 W beacon  :  err BF 3R! list size:8
01-06 03:36:22.881  2149  3042 W ActivityManager: getRunningAppProcesses: caller 10121 does not hold REAL_GET_TASKS; limiting output
01-06 03:36:22.881 11608 11636 W beacon  :  err BF 3R! list size:9
01-06 03:36:22.881  2149  2170 W ActivityManager: getRunningAppProcesses: caller 10121 does not hold REAL_GET_TASKS; limiting output
01-06 03:36:22.881 11608 11636 W beacon  :  err BF 3R! list size:10
01-06 03:36:22.882  2149  8057 W ActivityManager: getRunningAppProcesses: caller 10121 does not hold REAL_GET_TASKS; limiting output
01-06 03:36:22.882 11608 11636 W beacon  :  err BF 3R! list size:11
01-06 03:36:22.882  2149  2295 W ActivityManager: getRunningAppProcesses: caller 10121 does not hold REAL_GET_TASKS; limiting output
01-06 03:36:22.882 11608 11636 W beacon  :  err BF 3R! list size:12
01-06 03:36:22.882  2149  2169 W ActivityManager: getRunningAppProcesses: caller 10121 does not hold REAL_GET_TASKS; limiting output
01-06 03:36:22.882 11608 11636 W beacon  :  err BF 3R! list size:13
01-06 03:36:22.883  2149  3044 W ActivityManager: getRunningAppProcesses: caller 10121 does not hold REAL_GET_TASKS; limiting output
01-06 03:36:22.883 11608 11636 W beacon  :  err BF 3R! list size:14
01-06 03:36:22.883  2149  3128 W ActivityManager: getRunningAppProcesses: caller 10121 does not hold REAL_GET_TASKS; limiting output
01-06 03:36:22.883 11608 11636 W beacon  :  err BF 3R! list size:15
01-06 03:36:22.883  2149  2394 W ActivityManager: getRunningAppProcesses: caller 10121 does not hold REAL_GET_TASKS; limiting output
01-06 03:36:22.883 11608 11636 W beacon  :  err BF 3R! list size:16
01-06 03:36:22.884  2149  2377 W ActivityManager: getRunningAppProcesses: caller 10121 does not hold REAL_GET_TASKS; limiting output
01-06 03:36:22.884 11608 11636 W beacon  :  err BF 3R! list size:17
01-06 03:36:22.884  2149  4763 W ActivityManager: getRunningAppProcesses: caller 10121 does not hold REAL_GET_TASKS; limiting output
01-06 03:36:22.884 11608 11636 W beacon  :  err BF 3R! list size:18
01-06 03:36:22.884  2149  3044 W ActivityManager: getRunningAppProcesses: caller 10121 does not hold REAL_GET_TASKS; limiting output
01-06 03:36:22.886 11608 11636 W beacon  : onUserAction return false, because eventName:[DEBUG_ACTION] is not allowed in server strategy!
01-06 03:36:22.887  2149  3128 W ActivityManager: getRunningAppProcesses: caller 10121 does not hold REAL_GET_TASKS; limiting output
01-06 03:36:22.887 11608 11636 W beacon  :  err BF 3R! list size:19
01-06 03:36:23.179  2149  3042 W ActivityManager: getTasks: caller 10115 does not hold REAL_GET_TASKS; limiting output
01-06 03:36:23.502  2267  2267 W ResourceType: No package identifier when getting value for resource number 0x00000000
01-06 03:36:23.502  2267  2267 W PackageManager: Failure retrieving resources for com.tencent.mtt.x86: Resource ID #0x0
01-06 03:36:24.181  2149  3044 W ActivityManager: getTasks: caller 10115 does not hold REAL_GET_TASKS; limiting output
01-06 03:36:24.228  2149  2209 W AudioTrack: AUDIO_OUTPUT_FLAG_FAST denied by client
01-06 03:36:24.287  9354  9354 I Term    : Bound to TermService
01-06 03:36:24.287  9354  9354 I TermService: Activity binding to service
01-06 03:36:25.183  2149  4763 W ActivityManager: getTasks: caller 10115 does not hold REAL_GET_TASKS; limiting output
01-06 03:36:25.796 11935 11935 W linker  : [vdso]: unused DT entry: type 0x6ffffef5 arg 0xec
01-06 03:36:25.796 11935 11935 E cutils-trace: Error opening trace file: Permission denied (13)
01-06 03:36:25.796 11935 11935 I dex2oat : /system/bin/dex2oat --runtime-arg -classpath --runtime-arg  --instruction-set=x86 --instruction-set-features=default --runtime-arg -Xrelocate --boot-image=/system/framework/boot.art --dex-file=/data/data/com.tencent.mtt.x86/app_dynamic_jar_output/mid-core.jar --oat-fd=84 --oat-location=/data/data/com.tencent.mtt.x86/app_dynamic_jar_output/mid-core.dex --runtime-arg -Xms64m --runtime-arg -Xmx512m --compiler-filter=interpret-only
01-06 03:36:25.825 11935 11935 I dex2oat : dex2oat took 28.159ms (threads: 8) arena alloc=0B java alloc=59KB native alloc=268KB free=7MB
01-06 03:36:25.892  2149  3042 W BackupManagerService: dataChanged but no participant pkg='com.android.providers.settings' uid=10121
01-06 03:36:26.054 11608 11636 W beacon  : onUserAction return false, because eventName:[MTT_WUP_WATCH] is not allowed in server strategy!
01-06 03:36:26.187  2149  4763 W ActivityManager: getTasks: caller 10115 does not hold REAL_GET_TASKS; limiting output
01-06 03:36:26.899 11948 11948 W linker  : [vdso]: unused DT entry: type 0x6ffffef5 arg 0x160
01-06 03:36:27.189  2149  2377 W ActivityManager: getTasks: caller 10115 does not hold REAL_GET_TASKS; limiting output
01-06 03:36:27.975 11608 11636 W beacon  : onUserAction return false, because eventName:[MTT_WUP_WATCH] is not allowed in server strategy!
01-06 03:36:28.057 11608 11636 W beacon  : onUserAction return false, because eventName:[MTT_WUP_WATCH] is not allowed in server strategy!
01-06 03:36:28.192  2149  2170 W ActivityManager: getTasks: caller 10115 does not hold REAL_GET_TASKS; limiting output
01-06 03:36:29.195  2149  2377 W ActivityManager: getTasks: caller 10115 does not hold REAL_GET_TASKS; limiting output
01-06 03:36:30.198  2149  2169 W ActivityManager: getTasks: caller 10115 does not hold REAL_GET_TASKS; limiting output
01-06 03:36:31.201  2149  3044 W ActivityManager: getTasks: caller 10115 does not hold REAL_GET_TASKS; limiting output
01-06 03:36:31.912 11951 11951 W linker  : [vdso]: unused DT entry: type 0x6ffffef5 arg 0x160
01-06 03:36:32.204  2149  2170 W ActivityManager: getTasks: caller 10115 does not hold REAL_GET_TASKS; limiting output
01-06 03:36:33.207  2149  2170 W ActivityManager: getTasks: caller 10115 does not hold REAL_GET_TASKS; limiting output
01-06 03:36:34.209  2149  2169 W ActivityManager: getTasks: caller 10115 does not hold REAL_GET_TASKS; limiting output
01-06 03:36:35.211  2149  3044 W ActivityManager: getTasks: caller 10115 does not hold REAL_GET_TASKS; limiting output
01-06 03:36:35.601  2149  2170 W ActivityManager: getRunningAppProcesses: caller 10121 does not hold REAL_GET_TASKS; limiting output
01-06 03:36:36.214  2149  9351 W ActivityManager: getTasks: caller 10115 does not hold REAL_GET_TASKS; limiting output
01-06 03:36:36.863  2149  2187 I ActivityManager: Start proc 11952:org.mozilla.firefox/u0a119 for service org.mozilla.firefox/org.mozilla.gecko.background.healthreport.upload.HealthReportUploadService
01-06 03:36:36.874 11952 11952 I ActivityThread: Switching default density from 160 to 240
01-06 03:36:36.893  2149  2206 D NsdService: startMDnsDaemon
01-06 03:36:36.893  1871  2107 D MDnsDS  : Starting MDNSD
01-06 03:36:36.895 11976 11976 W linker  : [vdso]: unused DT entry: type 0x6ffffef5 arg 0x160
01-06 03:36:37.094  2149  2206 D NsdService: New client listening to asynchronous messages
01-06 03:36:37.094  2149  2206 D NsdService: New client, channel: com.android.internal.util.AsyncChannel@19896a4d messenger: android.os.Messenger@273e902
01-06 03:36:37.098 11952 11978 D GeckoHardwareUtils: HardwareUtils already inited.
01-06 03:36:37.098 11952 11977 D GeckoHardwareUtils: HardwareUtils already inited.
01-06 03:36:37.114 11952 11977 I GeckoHealth: firefox :: SubmissionPolicy :: Need to wait 86400000 before first upload.
01-06 03:36:37.217  2149  3042 W ActivityManager: getTasks: caller 10115 does not hold REAL_GET_TASKS; limiting output
01-06 03:36:38.218  2149  2170 W ActivityManager: getTasks: caller 10115 does not hold REAL_GET_TASKS; limiting output
01-06 03:36:39.220  2149  3042 W ActivityManager: getTasks: caller 10115 does not hold REAL_GET_TASKS; limiting output
01-06 03:36:40.222  2149  2169 W ActivityManager: getTasks: caller 10115 does not hold REAL_GET_TASKS; limiting output
01-06 03:36:41.224  2149  3042 W ActivityManager: getTasks: caller 10115 does not hold REAL_GET_TASKS; limiting output
01-06 03:36:41.903 11981 11981 W linker  : [vdso]: unused DT entry: type 0x6ffffef5 arg 0x160
01-06 03:36:42.227  2149  3044 W ActivityManager: getTasks: caller 10115 does not hold REAL_GET_TASKS; limiting output
01-06 03:36:42.719 11982 11982 W linker  : [vdso]: unused DT entry: type 0x6ffffef5 arg 0x160
