12-14 03:58:50.625  2650  2650 D InputEventConsistencyVerifier:   3: sent at 124689560000, (unhandled) MotionEvent { action=ACTION_HOVER_MOVE, id[0]=0, x[0]=1456.7576, y[0]=902.36743, toolType[0]=TOOL_TYPE_FINGER, buttonState=0, metaState=0, flags=0x0, edgeFlags=0x0, pointerCount=1, historySize=1, eventTime=124689, downTime=122958, deviceId=6, source=0x2002 }
12-14 03:58:50.625  2650  2650 D InputEventConsistencyVerifier:   4: sent at 124668997000, (unhandled) MotionEvent { action=ACTION_HOVER_MOVE, id[0]=0, x[0]=1495.7793, y[0]=901.0645, toolType[0]=TOOL_TYPE_FINGER, buttonState=0, metaState=0, flags=0x0, edgeFlags=0x0, pointerCount=1, historySize=0, eventTime=124668, downTime=122958, deviceId=6, source=0x2002 }
12-14 03:58:50.625  2650  2650 D InputEventConsistencyVerifier:   5: sent at 124648477000, (unhandled) MotionEvent { action=ACTION_HOVER_MOVE, id[0]=0, x[0]=1512.2537, y[0]=899.8442, toolType[0]=TOOL_TYPE_FINGER, buttonState=0, metaState=0, flags=0x0, edgeFlags=0x0, pointerCount=1, historySize=0, eventTime=124648, downTime=122958, deviceId=6, source=0x2002 }
12-14 03:58:50.852  2650  2650 D InputEventConsistencyVerifier: KeyEvent: ACTION_UP but key was not down.
12-14 03:58:50.852  2650  2650 D InputEventConsistencyVerifier:   in com.android.settings.dashboard.DashboardTileView{36cbecd0 VFE...C. .F...... 0,96-714,192}
12-14 03:58:50.852  2650  2650 D InputEventConsistencyVerifier:   0: sent at 125977000000, KeyEvent { action=ACTION_UP, keyCode=KEYCODE_DPAD_DOWN, scanCode=108, metaState=0, flags=0x8, repeatCount=0, eventTime=125977, downTime=125905, deviceId=7, source=0x101 }
12-14 03:58:51.247  2650  2650 D InputEventConsistencyVerifier: KeyEvent: ACTION_UP but key was not down.
12-14 03:58:51.247  2650  2650 D InputEventConsistencyVerifier:   in com.android.settings.dashboard.DashboardTileView{2fdb64c9 VFE...C. .F...... 0,192-714,288}
12-14 03:58:51.247  2650  2650 D InputEventConsistencyVerifier:   0: sent at 126372000000, KeyEvent { action=ACTION_UP, keyCode=KEYCODE_DPAD_DOWN, scanCode=108, metaState=0, flags=0x8, repeatCount=0, eventTime=126372, downTime=126362, deviceId=7, source=0x101 }
12-14 03:58:51.511  2650  2650 D InputEventConsistencyVerifier: KeyEvent: ACTION_UP but key was not down.
12-14 03:58:51.511  2650  2650 D InputEventConsistencyVerifier:   in com.android.settings.dashboard.DashboardTileView{359557ce VFE...C. .F...... 0,288-714,384}
12-14 03:58:51.511  2650  2650 D InputEventConsistencyVerifier:   0: sent at 126635000000, KeyEvent { action=ACTION_UP, keyCode=KEYCODE_DPAD_DOWN, scanCode=108, metaState=0, flags=0x8, repeatCount=0, eventTime=126635, downTime=126566, deviceId=7, source=0x101 }
12-14 03:58:51.638  2064  2138 D TaskPersister: removeObsoleteFile: deleting file=9_task.xml
12-14 03:58:51.638  2064  2138 D TaskPersister: removeObsoleteFile: deleting file=9_task_thumbnail.png
12-14 03:58:51.894  2650  2650 D InputEventConsistencyVerifier: KeyEvent: ACTION_UP but key was not down.
12-14 03:58:51.894  2650  2650 D InputEventConsistencyVerifier:   in android.widget.LinearLayout{8ab56ef V.E..... ........ 192,1116-1728,1476 #7f0f0063 app:id/category}
12-14 03:58:51.894  2650  2650 D InputEventConsistencyVerifier:   0: sent at 127019000000, KeyEvent { action=ACTION_UP, keyCode=KEYCODE_DPAD_DOWN, scanCode=108, metaState=0, flags=0x8, repeatCount=0, eventTime=127019, downTime=127005, deviceId=7, source=0x101 }
12-14 03:58:52.106  2650  2650 D InputEventConsistencyVerifier: KeyEvent: ACTION_UP but key was not down.
12-14 03:58:52.106  2650  2650 D InputEventConsistencyVerifier:   in com.android.settings.dashboard.DashboardTileView{114b05fc VFE...C. .F...... 0,96-714,192}
12-14 03:58:52.106  2650  2650 D InputEventConsistencyVerifier:   0: sent at 127230000000, KeyEvent { action=ACTION_UP, keyCode=KEYCODE_DPAD_DOWN, scanCode=108, metaState=0, flags=0x8, repeatCount=0, eventTime=127230, downTime=127194, deviceId=7, source=0x101 }
12-14 03:58:52.841  2650  2650 D InputEventConsistencyVerifier: KeyEvent: ACTION_UP but key was not down.
12-14 03:58:52.841  2650  2650 D InputEventConsistencyVerifier:   in com.android.settings.dashboard.DashboardTileView{15ac8485 VFE...C. .F...... 0,192-714,288}
12-14 03:58:52.841  2650  2650 D InputEventConsistencyVerifier:   0: sent at 127965000000, KeyEvent { action=ACTION_UP, keyCode=KEYCODE_DPAD_DOWN, scanCode=108, metaState=0, flags=0x8, repeatCount=0, eventTime=127965, downTime=127894, deviceId=7, source=0x101 }
12-14 03:58:52.901  3023  3023 W linker  : [vdso]: unused DT entry: type 0x6ffffef5 arg 0x160
12-14 03:58:54.069  2064  2123 W AudioTrack: AUDIO_OUTPUT_FLAG_FAST denied by client
12-14 03:58:54.080  1804  2102 D audio_hw_primary: found out /dev/snd/pcmC1D0p
12-14 03:58:54.210  2650  2650 D InputEventConsistencyVerifier: KeyEvent: ACTION_UP but key was not down.
12-14 03:58:54.210  2650  2650 D InputEventConsistencyVerifier:   in com.android.settings.dashboard.DashboardTileView{eb322da VFE...C. .F...... 750,192-1464,288}
12-14 03:58:54.210  2650  2650 D InputEventConsistencyVerifier:   0: sent at 129334000000, KeyEvent { action=ACTION_UP, keyCode=KEYCODE_DPAD_RIGHT, scanCode=106, metaState=0, flags=0x8, repeatCount=0, eventTime=129334, downTime=129192, deviceId=7, source=0x101 }
12-14 03:58:55.099  2064  2314 I ActivityManager: START u0 {act=android.intent.action.MAIN cmp=com.android.settings/.SubSettings (has extras)} from uid 1000 on display 0
12-14 03:58:55.099  2064  2123 W AudioTrack: AUDIO_OUTPUT_FLAG_FAST denied by client
12-14 03:58:55.100  2064  2314 V WindowManager: addAppToken: AppWindowToken{3d2ad2a1 token=Token{120f8b08 ActivityRecord{a01d8ab u0 com.android.settings/.SubSettings t11}}} to stack=1 task=11 at 1
12-14 03:58:55.116  2650  2650 D SubSettings: Launching fragment com.android.settings.DeviceInfoSettings
12-14 03:58:55.117  2650  2650 I DeviceInfoSettings: is64Bit=32
12-14 03:58:55.119  2650  2650 D DeviceInfoSettings: Property 'ro.url.safetylegal' missing and no 'safetylegal' preference
12-14 03:58:55.123  2064  2394 V WindowManager: Adding window Window{2d18ce9e u0 com.android.settings/com.android.settings.SubSettings} at 3 of 8 (after Window{1a29d96d u0 com.android.settings/com.android.settings.Settings})
12-14 03:58:55.158  2064  2094 I ActivityManager: Displayed com.android.settings/.SubSettings: +49ms
12-14 03:58:55.197  2650  3016 D OpenGLRenderer: endAllStagingAnimators on 0x7f191f5ab400 (RippleDrawable) with handle 0x7f191ee54360
12-14 03:58:57.102  2064  2123 W AudioTrack: AUDIO_OUTPUT_FLAG_FAST denied by client
12-14 03:58:57.347  2064  2123 W AudioTrack: AUDIO_OUTPUT_FLAG_FAST denied by client
12-14 03:58:57.379  2064  2123 W AudioTrack: AUDIO_OUTPUT_FLAG_FAST denied by client
12-14 03:58:57.413  2064  2123 W AudioTrack: AUDIO_OUTPUT_FLAG_FAST denied by client
12-14 03:58:57.443  2064  2222 W AudioTrack: AUDIO_OUTPUT_FLAG_FAST denied by client
12-14 03:58:57.475  2064  2222 W AudioTrack: AUDIO_OUTPUT_FLAG_FAST denied by client
12-14 03:58:57.508  2064  2222 W AudioTrack: AUDIO_OUTPUT_FLAG_FAST denied by client
12-14 03:58:57.540  2064  2222 W AudioTrack: AUDIO_OUTPUT_FLAG_FAST denied by client
12-14 03:58:57.570  2064  2222 W AudioTrack: AUDIO_OUTPUT_FLAG_FAST denied by client
12-14 03:58:57.906  3037  3037 W linker  : [vdso]: unused DT entry: type 0x6ffffef5 arg 0x160
12-14 03:59:02.914  3038  3038 W linker  : [vdso]: unused DT entry: type 0x6ffffef5 arg 0x160
12-14 03:59:03.973  2064  2123 W AudioTrack: AUDIO_OUTPUT_FLAG_FAST denied by client
12-14 03:59:03.984  1804  2102 D audio_hw_primary: found out /dev/snd/pcmC1D0p
12-14 03:59:05.324  2064  2123 W AudioTrack: AUDIO_OUTPUT_FLAG_FAST denied by client
12-14 03:59:05.335  2064  2394 I art     : Explicit concurrent mark sweep GC freed 13409(729KB) AllocSpace objects, 4(64KB) LOS objects, 33% free, 8MB/12MB, paused 275us total 10.422ms
12-14 03:59:05.364  2650  3016 V RenderScript: 0x7f1928cc1000 Launching thread(s), CPUs 8
12-14 03:59:05.624  2064  2314 I NotificationService: cancelToast pkg=com.android.settings callback=android.app.ITransientNotification$Stub$Proxy@3a470de4
12-14 03:59:05.624  2064  2123 W AudioTrack: AUDIO_OUTPUT_FLAG_FAST denied by client
12-14 03:59:07.921  3052  3052 W linker  : [vdso]: unused DT entry: type 0x6ffffef5 arg 0x160
12-14 03:59:08.523  2064  2085 I NotificationService: cancelToast pkg=com.android.settings callback=android.app.ITransientNotification$Stub$Proxy@34e50649
12-14 03:59:08.523  2064  2123 W AudioTrack: AUDIO_OUTPUT_FLAG_FAST denied by client
12-14 03:59:09.916  2064  2123 W AudioTrack: AUDIO_OUTPUT_FLAG_FAST denied by client
12-14 03:59:12.928  3055  3055 W linker  : [vdso]: unused DT entry: type 0x6ffffef5 arg 0x160
12-14 03:59:17.936  3057  3057 W linker  : [vdso]: unused DT entry: type 0x6ffffef5 arg 0x160
12-14 03:59:18.202  2064  2123 W AudioTrack: AUDIO_OUTPUT_FLAG_FAST denied by client
12-14 03:59:18.213  1804  2102 D audio_hw_primary: found out /dev/snd/pcmC1D0p
12-14 03:59:22.733  2064  2106 I InputDispatcher: Dropping event because there is no touchable window at (634, 543).
12-14 03:59:22.737  2064  2106 I InputDispatcher: Dropping event because there is no touchable window at (633, 543).
12-14 03:59:22.757  2064  2106 I InputDispatcher: Dropping event because there is no touchable window at (634, 543).
12-14 03:59:22.770  2650  2650 D DashboardSummary: rebuildUI took: 11 ms
12-14 03:59:22.943  3059  3059 W linker  : [vdso]: unused DT entry: type 0x6ffffef5 arg 0x160
12-14 03:59:24.025  1796  2109 D PermissionCache: checking android.permission.READ_FRAME_BUFFER for uid=1000 => granted (29 us)
12-14 03:59:24.071  2064  2106 I InputDispatcher: Dropping event because there is no touchable window at (896, 577).
12-14 03:59:24.593  2367  2509 W OpenGLRenderer: Incorrectly called buildLayer on View: ShortcutAndWidgetContainer, destroying layer...
12-14 03:59:25.044  2186  2186 W ResourceType: No package identifier when getting value for resource number 0x00000000
12-14 03:59:25.044  2186  2186 W PackageManager: Failure retrieving resources for com.android.settings: Resource ID #0x0
12-14 03:59:27.952  3060  3060 W linker  : [vdso]: unused DT entry: type 0x6ffffef5 arg 0x160
12-14 03:59:32.962  3061  3061 W linker  : [vdso]: unused DT entry: type 0x6ffffef5 arg 0x160
12-14 03:59:37.975  3062  3062 W linker  : [vdso]: unused DT entry: type 0x6ffffef5 arg 0x160
12-14 03:59:42.987  3063  3063 W linker  : [vdso]: unused DT entry: type 0x6ffffef5 arg 0x160
12-14 03:59:48.000  3064  3064 W linker  : [vdso]: unused DT entry: type 0x6ffffef5 arg 0x160
12-14 03:59:53.014  3065  3065 W linker  : [vdso]: unused DT entry: type 0x6ffffef5 arg 0x160
12-14 03:59:58.027  3066  3066 W linker  : [vdso]: unused DT entry: type 0x6ffffef5 arg 0x160
12-14 04:00:03.041  3067  3067 W linker  : [vdso]: unused DT entry: type 0x6ffffef5 arg 0x160
12-14 04:00:08.055  3068  3068 W linker  : [vdso]: unused DT entry: type 0x6ffffef5 arg 0x160
12-14 04:00:13.068  3069  3069 W linker  : [vdso]: unused DT entry: type 0x6ffffef5 arg 0x160
12-14 04:00:18.082  3070  3070 W linker  : [vdso]: unused DT entry: type 0x6ffffef5 arg 0x160
12-14 04:00:23.096  3071  3071 W linker  : [vdso]: unused DT entry: type 0x6ffffef5 arg 0x160
12-14 04:00:28.110  3072  3072 W linker  : [vdso]: unused DT entry: type 0x6ffffef5 arg 0x160
12-14 04:00:33.123  3073  3073 W linker  : [vdso]: unused DT entry: type 0x6ffffef5 arg 0x160
12-14 04:00:38.131  3074  3074 W linker  : [vdso]: unused DT entry: type 0x6ffffef5 arg 0x160
12-14 04:00:43.140  3075  3075 W linker  : [vdso]: unused DT entry: type 0x6ffffef5 arg 0x160
12-14 04:00:48.153  3076  3076 W linker  : [vdso]: unused DT entry: type 0x6ffffef5 arg 0x160
12-14 04:00:53.167  3077  3077 W linker  : [vdso]: unused DT entry: type 0x6ffffef5 arg 0x160
12-14 04:00:58.180  3078  3078 W linker  : [vdso]: unused DT entry: type 0x6ffffef5 arg 0x160
12-14 04:01:03.193  3079  3079 W linker  : [vdso]: unused DT entry: type 0x6ffffef5 arg 0x160
12-14 04:01:08.207  3080  3080 W linker  : [vdso]: unused DT entry: type 0x6ffffef5 arg 0x160
12-14 04:01:13.221  3081  3081 W linker  : [vdso]: unused DT entry: type 0x6ffffef5 arg 0x160
12-14 04:01:18.234  3082  3082 W linker  : [vdso]: unused DT entry: type 0x6ffffef5 arg 0x160
12-14 04:01:23.244  3083  3083 W linker  : [vdso]: unused DT entry: type 0x6ffffef5 arg 0x160
12-14 04:01:28.257  3084  3084 W linker  : [vdso]: unused DT entry: type 0x6ffffef5 arg 0x160
12-14 04:01:33.271  3085  3085 W linker  : [vdso]: unused DT entry: type 0x6ffffef5 arg 0x160
12-14 04:01:38.284  3086  3086 W linker  : [vdso]: unused DT entry: type 0x6ffffef5 arg 0x160
12-14 04:01:43.298  3087  3087 W linker  : [vdso]: unused DT entry: type 0x6ffffef5 arg 0x160
12-14 04:01:48.311  3088  3088 W linker  : [vdso]: unused DT entry: type 0x6ffffef5 arg 0x160
12-14 04:01:53.324  3089  3089 W linker  : [vdso]: unused DT entry: type 0x6ffffef5 arg 0x160
12-14 04:01:58.334  3090  3090 W linker  : [vdso]: unused DT entry: type 0x6ffffef5 arg 0x160
12-14 04:02:03.346  3091  3091 W linker  : [vdso]: unused DT entry: type 0x6ffffef5 arg 0x160
12-14 04:02:08.359  3092  3092 W linker  : [vdso]: unused DT entry: type 0x6ffffef5 arg 0x160
12-14 04:02:13.372  3093  3093 W linker  : [vdso]: unused DT entry: type 0x6ffffef5 arg 0x160
12-14 04:02:18.386  3094  3094 W linker  : [vdso]: unused DT entry: type 0x6ffffef5 arg 0x160
12-14 04:02:23.400  3095  3095 W linker  : [vdso]: unused DT entry: type 0x6ffffef5 arg 0x160
12-14 04:02:28.414  3096  3096 W linker  : [vdso]: unused DT entry: type 0x6ffffef5 arg 0x160
12-14 04:02:33.428  3097  3097 W linker  : [vdso]: unused DT entry: type 0x6ffffef5 arg 0x160
12-14 04:02:38.442  3098  3098 W linker  : [vdso]: unused DT entry: type 0x6ffffef5 arg 0x160
12-14 04:02:43.455  3099  3099 W linker  : [vdso]: unused DT entry: type 0x6ffffef5 arg 0x160
12-14 04:02:48.468  3100  3100 W linker  : [vdso]: unused DT entry: type 0x6ffffef5 arg 0x160
12-14 04:02:53.481  3101  3101 W linker  : [vdso]: unused DT entry: type 0x6ffffef5 arg 0x160
12-14 04:02:58.495  3102  3102 W linker  : [vdso]: unused DT entry: type 0x6ffffef5 arg 0x160
12-14 04:03:03.503  3103  3103 W linker  : [vdso]: unused DT entry: type 0x6ffffef5 arg 0x160
12-14 04:03:08.513  3104  3104 W linker  : [vdso]: unused DT entry: type 0x6ffffef5 arg 0x160
12-14 04:03:13.526  3106  3106 W linker  : [vdso]: unused DT entry: type 0x6ffffef5 arg 0x160
12-14 04:03:18.538  3108  3108 W linker  : [vdso]: unused DT entry: type 0x6ffffef5 arg 0x160
12-14 04:03:23.550  3109  3109 W linker  : [vdso]: unused DT entry: type 0x6ffffef5 arg 0x160
12-14 04:03:28.564  3110  3110 W linker  : [vdso]: unused DT entry: type 0x6ffffef5 arg 0x160
12-14 04:03:32.964  3111  3111 W linker  : [vdso]: unused DT entry: type 0x6ffffef5 arg 0x160
12-14 04:03:32.965  2064  2139 D UsbHostManager: Added device UsbDevice[mName=/dev/bus/usb/004/002,mVendorId=8053,mProductId=2327,mClass=0,mSubclass=0,mProtocol=0,mManufacturerName=innostor,mProductName=USB 3.0,mSerialNumber=201207221945,mConfigurations=[
12-14 04:03:32.965  2064  2139 D UsbHostManager: UsbConfiguration[mId=1,mName=null,mAttributes=128,mMaxPower=38,mInterfaces=[
12-14 04:03:32.965  2064  2139 D UsbHostManager: UsbInterface[mId=0,mAlternateSetting=0,mName=null,mClass=8,mSubclass=6,mProtocol=80,mEndpoints=[
12-14 04:03:32.965  2064  2139 D UsbHostManager: UsbEndpoint[mAddress=2,mAttributes=2,mMaxPacketSize=1024,mInterval=0]
12-14 04:03:32.965  2064  2139 D UsbHostManager: UsbEndpoint[mAddress=129,mAttributes=2,mMaxPacketSize=1024,mInterval=0]]]]
12-14 04:03:32.966  2064  2139 W ContextImpl: Calling a method in the system process without a qualified user: android.app.ContextImpl.sendBroadcast:1327 com.android.server.usb.UsbSettingsManager.deviceAttached:741 com.android.server.usb.UsbHostManager.endUsbDeviceAdded:224 com.android.server.usb.UsbHostManager.monitorUsbHostBus:-2 com.android.server.usb.UsbHostManager.access$000:42 
12-14 04:03:33.968  1795  1824 E NetlinkEvent: NetlinkEvent::FindParam(): Parameter 'NPARTS' not found
12-14 04:03:33.968  1795  1824 W DirectVolume: Kernel block uevent missing 'NPARTS'
12-14 04:03:33.968  1795  1824 D Vold    : Volume usb0 state changing 0 (No-Media) -> 2 (Pending)
12-14 04:03:33.968  1795  1824 E NetlinkEvent: NetlinkEvent::FindParam(): Parameter 'PARTN' not found
12-14 04:03:33.968  1795  1824 W DirectVolume: Kernel block uevent missing 'PARTN'
12-14 04:03:33.968  1795  1824 D Vold    : Volume usb0 state changing 2 (Pending) -> 1 (Idle-Unmounted)
12-14 04:03:33.968  2064  2091 D MountService: volume state changed for /storage/usb0 (removed -> unmounted)
12-14 04:03:33.969  2064  2091 D MountService: sendStorageIntent Intent { act=android.intent.action.MEDIA_UNMOUNTED dat=file:///storage/usb0 flg=0x4000000 (has extras) } to UserHandle{-1}
12-14 04:03:33.970  2514  2514 D MediaScannerReceiver: action: android.intent.action.MEDIA_UNMOUNTED path: /storage/usb0
12-14 04:03:33.971  1795  1825 I Vold    : /dev/block/vold/8:52 being considered for volume usb0
12-14 04:03:33.971  1795  1825 D Vold    : Volume usb0 state changing 1 (Idle-Unmounted) -> 3 (Checking)
12-14 04:03:33.971  1795  1825 D Vold    : Trying to get filesystem type for /dev/block/vold/8:52 
12-14 04:03:33.971  2064  2091 D MountService: volume state changed for /storage/usb0 (unmounted -> checking)
12-14 04:03:33.971  2064  2091 D MountService: sendStorageIntent Intent { act=android.intent.action.MEDIA_CHECKING dat=file:///storage/usb0 flg=0x4000000 (has extras) } to UserHandle{-1}
12-14 04:03:33.976  1795  1825 D Vold    : Found vfat filesystem on /dev/block/vold/8:52
12-14 04:03:33.978  3120  3120 W linker  : [vdso]: unused DT entry: type 0x6ffffef5 arg 0x160
12-14 04:03:33.979  1795  1825 I fsck_msdos: WARNING: linker: [vdso]: unused DT entry: type 0x6ffffef5 arg 0x160
12-14 04:03:33.979  1795  1825 I fsck_msdos: ** /dev/block/vold/8:52
12-14 04:03:33.984  1795  1825 I fsck_msdos: Invalid signature in fsinfo block
12-14 04:03:33.984  1795  1825 I fsck_msdos: FIXED
12-14 04:03:33.984  1795  1825 I fsck_msdos: Primary/Backup bootblock miscompare
12-14 04:03:33.984  1795  1825 I fsck_msdos: Primary:
12-14 04:03:33.984  1795  1825 I fsck_msdos: 00 02 10 00 01 02 00 00 00 00 f8 00 00 3f 00 ff 00 00 01 00 00 00 7f 46 07 00 e9 00 00 00 00 00 00 02 00 00 00 01 00 06 00 00 00 00 00 00 00 00 00 00 00 00 00 80 01 29 15 53 fe b4 55 62 75 6e 74 75 20 31 34 2e 30 46 41 54 33 32 20 20 20 
12-14 04:03:33.984  1795  1825 I fsck_msdos: Backup:
12-14 04:03:33.984  1795  1825 I fsck_msdos: 00 02 10 00 01 02 00 00 00 00 f8 00 00 3f 00 ff 00 00 01 00 00 00 7f 46 07 00 e9 00 00 00 00 00 00 02 00 00 00 01 00 06 00 00 00 00 00 00 00 00 00 00 00 00 00 80 01 29 15 53 fe b4 4e 4f 20 4e 41 4d 45 20 20 20 20 46 41 54 33 32 20 20 20 
12-14 04:03:33.984  1795  1825 I fsck_msdos: ** Phase 1 - Read FAT (compare skipped)
12-14 04:03:33.984  1795  1825 I fsck_msdos: Attempting to allocate 29824 KB for FAT
12-14 04:03:33.994  2064  2302 I ActivityManager: Start proc 3121:com.android.externalstorage/u0a13 for broadcast com.android.externalstorage/.MountReceiver
12-14 04:03:33.996  2064  2064 I ValidateNoPeople: skipping global notification
12-14 04:03:34.004  2064  2084 I art     : DexFile_isDexOptNeeded file /system/priv-app/ExternalStorageProvider/x86_64/ExternalStorageProvider.odex needs to be relocated for /system/priv-app/ExternalStorageProvider/ExternalStorageProvider.apk
12-14 04:03:34.004  2064  2084 I PackageManager: Running patchoat on: com.android.externalstorage
12-14 04:03:34.004  3143  3143 E installd: Running /system/bin/patchoat isa=x86_64 in-fd=5 (/system/priv-app/ExternalStorageProvider/x86_64/ExternalStorageProvider.odex) out-fd=6 (/data/dalvik-cache/x86_64/system@priv-app@ExternalStorageProvider@ExternalStorageProvider.apk@classes.dex)
12-14 04:03:34.007  3143  3143 W linker  : [vdso]: unused DT entry: type 0x6ffffef5 arg 0xec
12-14 04:03:34.008  3143  3143 E cutils-trace: Error opening trace file: Permission denied (13)
12-14 04:03:34.011  3121  3121 I ActivityThread: Switching default density from 160 to 240
12-14 04:03:34.013  3121  3121 D ExternalStorage: After updating volumes, found 1 active roots
12-14 04:03:34.014  3121  3121 D ExternalStorage: After updating volumes, found 1 active roots
12-14 04:03:34.014  2064  2314 I ActivityManager: Killing 2487:com.android.music/u0a36 (adj 15): empty #17
12-14 04:03:34.304  1795  1825 I fsck_msdos: ** Phase 2 - Check Cluster Chains
12-14 04:03:34.329  1795  1825 I fsck_msdos: ** Phase 3 - Checking Directories
12-14 04:03:34.830  1795  1825 I fsck_msdos: ** Phase 4 - Checking for Lost Files
12-14 04:03:34.840  1795  1825 I fsck_msdos: Next free cluster in FSInfo block (34136) not free
12-14 04:03:34.840  1795  1825 I fsck_msdos: FIXED
12-14 04:03:34.840  1795  1825 I fsck_msdos: 11912 files, 874816 free (6925096 clusters)
12-14 04:03:34.846  1795  1825 I Vold    : Filesystem check completed OK
12-14 04:03:34.855  3144  3144 W linker  : [vdso]: unused DT entry: type 0x6ffffef5 arg 0x160
12-14 04:03:34.858  3144  3144 W linker  : [vdso]: unused DT entry: type 0x6ffffef5 arg 0x160
12-14 04:03:34.900  1795  1825 D Vold    : blkid identified as /dev/block/vold/8:52: LABEL="FENGJY" UUID="B4FE-5315" TYPE="vfat" 
12-14 04:03:34.904  1795  1825 D Vold    : Volume usb0 state changing 3 (Checking) -> 4 (Mounted)
12-14 04:03:34.904  2064  2091 D MountService: volume state changed for /storage/usb0 (checking -> mounted)
12-14 04:03:34.904  2064  3119 E VoldConnector: NDC Command {6 volume mount /storage/usb0} took too long (934ms)
12-14 04:03:34.904  2064  2091 D MountService: sendStorageIntent Intent { act=android.intent.action.MEDIA_MOUNTED dat=file:///storage/usb0 flg=0x4000000 (has extras) } to UserHandle{-1}
12-14 04:03:34.905  3145  3145 W linker  : [vdso]: unused DT entry: type 0x6ffffef5 arg 0x160
12-14 04:03:34.905  2514  2514 D MediaScannerReceiver: action: android.intent.action.MEDIA_MOUNTED path: /storage/usb0
12-14 04:03:35.006  3121  3121 D ExternalStorage: After updating volumes, found 2 active roots
12-14 04:03:35.010  2514  3148 W MediaScanner: Error opening directory '/storage/sdcard1/', skipping: Permission denied.
12-14 04:03:35.084  2514  3148 W MediaScanner: Error opening directory '/storage/usb0/.android_secure/', skipping: Permission denied.
12-14 04:03:37.910  3151  3151 W linker  : [vdso]: unused DT entry: type 0x6ffffef5 arg 0x160
12-14 04:03:39.527  2064  2123 W AudioTrack: AUDIO_OUTPUT_FLAG_FAST denied by client
12-14 04:03:39.538  1804  2102 D audio_hw_primary: found out /dev/snd/pcmC1D0p
12-14 04:03:40.432  2514  3148 W MediaScanner: Error opening directory '/storage/usb1/', skipping: Permission denied.
12-14 04:03:40.432  2514  3148 W MediaScanner: Error opening directory '/storage/usb2/', skipping: Permission denied.
12-14 04:03:40.432  2514  3148 W MediaScanner: Error opening directory '/storage/usb3/', skipping: Permission denied.
12-14 04:03:40.479  1804  1804 E MetadataRetrieverClient: failed to extract an album art
12-14 04:03:40.481  1804  2128 E MetadataRetrieverClient: failed to extract an album art
12-14 04:03:40.524  2514  3148 V MediaScanner: pruneDeadThumbnailFiles... android.database.sqlite.SQLiteCursor@16758fe6
12-14 04:03:40.524  2514  3148 V MediaScanner: /pruneDeadThumbnailFiles... android.database.sqlite.SQLiteCursor@16758fe6
12-14 04:03:42.918  3155  3155 W linker  : [vdso]: unused DT entry: type 0x6ffffef5 arg 0x160
12-14 04:03:45.283  2064  2084 I ActivityManager: START u0 {act=android.intent.action.MAIN cat=[android.intent.category.LAUNCHER] flg=0x10200000 cmp=com.cyanogenmod.filemanager/.activities.NavigationActivity (has extras)} from uid 10051 on display 0
12-14 04:03:45.283  2064  2123 W AudioTrack: AUDIO_OUTPUT_FLAG_FAST denied by client
12-14 04:03:45.283  2064  2084 V WindowManager: addAppToken: AppWindowToken{342f5d29 token=Token{3e4d0ab0 ActivityRecord{22dc6df3 u0 com.cyanogenmod.filemanager/.activities.NavigationActivity t12}}} to stack=1 task=12 at 0
12-14 04:03:45.284  2064  2094 V WindowManager: Adding window Window{3b4b7fc8 u0 Starting com.cyanogenmod.filemanager} at 2 of 7 (after Window{32273866 u0 com.android.launcher3/com.android.launcher3.Launcher})
12-14 04:03:45.294  1804  2102 D audio_hw_primary: found out /dev/snd/pcmC1D0p
12-14 04:03:45.299  2064  2085 I ActivityManager: Start proc 3157:com.cyanogenmod.filemanager/u0a27 for activity com.cyanogenmod.filemanager/.activities.NavigationActivity
12-14 04:03:45.314  2064  2394 I art     : DexFile_isDexOptNeeded file /system/app/CMFileManager/x86_64/CMFileManager.odex needs to be relocated for /system/app/CMFileManager/CMFileManager.apk
12-14 04:03:45.314  2064  2394 I PackageManager: Running patchoat on: com.cyanogenmod.filemanager
12-14 04:03:45.314  3179  3179 E installd: Running /system/bin/patchoat isa=x86_64 in-fd=5 (/system/app/CMFileManager/x86_64/CMFileManager.odex) out-fd=6 (/data/dalvik-cache/x86_64/system@app@CMFileManager@CMFileManager.apk@classes.dex)
12-14 04:03:45.317  3179  3179 W linker  : [vdso]: unused DT entry: type 0x6ffffef5 arg 0xec
12-14 04:03:45.317  3179  3179 E cutils-trace: Error opening trace file: Permission denied (13)
12-14 04:03:45.351  3157  3157 I ActivityThread: Switching default density from 160 to 240
12-14 04:03:45.531  1795  1825 E Vold    : Failed to find mounted volume for /storage/usb1/Android/data/com.cyanogenmod.filemanager/files/
12-14 04:03:45.531  3157  3157 W ContextImpl: Failed to ensure directory: /storage/usb1/Android/data/com.cyanogenmod.filemanager/files
12-14 04:03:45.532  1795  1825 E Vold    : Failed to find mounted volume for /storage/usb2/Android/data/com.cyanogenmod.filemanager/files/
12-14 04:03:45.532  3157  3157 W ContextImpl: Failed to ensure directory: /storage/usb2/Android/data/com.cyanogenmod.filemanager/files
12-14 04:03:45.532  1795  1825 E Vold    : Failed to find mounted volume for /storage/usb3/Android/data/com.cyanogenmod.filemanager/files/
12-14 04:03:45.532  3157  3157 W ContextImpl: Failed to ensure directory: /storage/usb3/Android/data/com.cyanogenmod.filemanager/files
12-14 04:03:45.532  1795  1825 E Vold    : Failed to find mounted volume for /storage/sdcard1/Android/data/com.cyanogenmod.filemanager/files/
12-14 04:03:45.532  3157  3157 W ContextImpl: Failed to ensure directory: /storage/sdcard1/Android/data/com.cyanogenmod.filemanager/files
12-14 04:03:45.536  3182  3182 W linker  : [vdso]: unused DT entry: type 0x6ffffef5 arg 0x160
12-14 04:03:45.588  3186  3186 W linker  : [vdso]: unused DT entry: type 0x6ffffef5 arg 0x160
12-14 04:03:45.589  3187  3187 W linker  : [vdso]: unused DT entry: type 0x6ffffef5 arg 0x160
12-14 04:03:45.590  3188  3188 W linker  : [vdso]: unused DT entry: type 0x6ffffef5 arg 0x160
12-14 04:03:45.592  3189  3189 W linker  : [vdso]: unused DT entry: type 0x6ffffef5 arg 0x160
12-14 04:03:45.593  3190  3190 W linker  : [vdso]: unused DT entry: type 0x6ffffef5 arg 0x160
12-14 04:03:45.594  3191  3191 W linker  : [vdso]: unused DT entry: type 0x6ffffef5 arg 0x160
12-14 04:03:45.619  3157  3157 V NFC     : this device does not have NFC support
12-14 04:03:45.626  3157  3192 W NavigationActivity: Ignoring '/storage/sdcard1' with state of 'unmounted'
12-14 04:03:45.626  3157  3192 W NavigationActivity: Ignoring '/storage/usb1' with state of 'removed'
12-14 04:03:45.626  3157  3192 W NavigationActivity: Ignoring '/storage/usb2' with state of 'removed'
12-14 04:03:45.626  3157  3192 W NavigationActivity: Ignoring '/storage/usb3' with state of 'removed'
12-14 04:03:45.635  3157  3193 D OpenGLRenderer: Use EGL_SWAP_BEHAVIOR_PRESERVED: true
12-14 04:03:45.635  3157  3157 I GRALLOC-DRM: create intel for driver i915
12-14 04:03:45.636  3157  3157 D Atlas   : Validating map...
12-14 04:03:45.637  2064  2085 V WindowManager: Adding window Window{28c26af8 u0 com.cyanogenmod.filemanager/com.cyanogenmod.filemanager.activities.NavigationActivity} at 2 of 8 (before Window{3b4b7fc8 u0 Starting com.cyanogenmod.filemanager})
12-14 04:03:45.641  2064  2302 V WindowManager: Adding window Window{20e32636 u0 com.cyanogenmod.filemanager/com.cyanogenmod.filemanager.activities.NavigationActivity} at 2 of 9 (before Window{28c26af8 u0 com.cyanogenmod.filemanager/com.cyanogenmod.filemanager.activities.NavigationActivity})
12-14 04:03:45.642  3157  3194 V MimeTypeIndexService: onHandleIntent(Intent { act=com.cyanogenmod.filemanager.ACTION_START_INDEX cmp=com.cyanogenmod.filemanager/.service.MimeTypeIndexService (has extras) })
12-14 04:03:45.642  3157  3194 D MimeTypeIndexService: Action: com.cyanogenmod.filemanager.ACTION_START_INDEX
12-14 04:03:45.642  3157  3194 V MimeTypeIndexService: performIndexAction(/storage/emulated/0)
12-14 04:03:45.642  3157  3194 I MimeTypeIndexService: Starting mime type usage indexing on '/storage/emulated/0'
12-14 04:03:45.644  3157  3194 D MimeTypeIndexService: NONE = 86016
12-14 04:03:45.649  3157  3194 V MimeTypeIndexService: onHandleIntent(Intent { act=com.cyanogenmod.filemanager.ACTION_START_INDEX cmp=com.cyanogenmod.filemanager/.service.MimeTypeIndexService (has extras) })
12-14 04:03:45.649  3157  3194 D MimeTypeIndexService: Action: com.cyanogenmod.filemanager.ACTION_START_INDEX
12-14 04:03:45.649  3157  3194 V MimeTypeIndexService: performIndexAction(/system)
12-14 04:03:45.649  3157  3194 I MimeTypeIndexService: Starting mime type usage indexing on '/system'
12-14 04:03:45.682  3157  3193 I EGL-DRI2: DRI2: found extension DRI_Core version 1
12-14 04:03:45.682  3157  3193 I EGL-DRI2: DRI2: found extension DRI_DRI2 version 4
12-14 04:03:45.685  3157  3193 I EGL-DRI2: DRI2: found extension DRI_TexBuffer version 3
12-14 04:03:45.685  3157  3193 I EGL-DRI2: DRI2: found extension DRI2_Flush version 4
12-14 04:03:45.685  3157  3193 I EGL-DRI2: DRI2: found extension DRI_IMAGE version 11
12-14 04:03:45.686  3157  3193 I OpenGLRenderer: Initialized EGL, version 1.4
12-14 04:03:45.686  3157  3193 W OpenGLRenderer: Failed to choose config with EGL_SWAP_BEHAVIOR_PRESERVED, retrying without...
12-14 04:03:45.687  3157  3193 D OpenGLRenderer: Enabling debug mode 0
12-14 04:03:45.720  3195  3195 W linker  : [vdso]: unused DT entry: type 0x6ffffef5 arg 0x160
12-14 04:03:45.771  3157  3194 D MimeTypeIndexService: EXEC = 8400
12-14 04:03:45.771  3157  3194 D MimeTypeIndexService: AUDIO = 1065141
12-14 04:03:45.771  3157  3194 D MimeTypeIndexService: TEXT = 926168
12-14 04:03:45.771  3157  3194 D MimeTypeIndexService: BINARY = 501676294
12-14 04:03:45.771  3157  3194 D MimeTypeIndexService: FONT = 19580216
12-14 04:03:45.771  3157  3194 D MimeTypeIndexService: COMPRESS = 2136830
12-14 04:03:45.771  3157  3194 D MimeTypeIndexService: APP = 98311887
12-14 04:03:45.771  3157  3194 D MimeTypeIndexService: NONE = 712339920
12-14 04:03:45.771  3198  3198 W linker  : [vdso]: unused DT entry: type 0x6ffffef5 arg 0x160
12-14 04:03:45.772  3199  3199 W linker  : [vdso]: unused DT entry: type 0x6ffffef5 arg 0x160
12-14 04:03:45.772  3200  3200 W linker  : [vdso]: unused DT entry: type 0x6ffffef5 arg 0x160
12-14 04:03:45.774  3201  3201 W linker  : [vdso]: unused DT entry: type 0x6ffffef5 arg 0x160
12-14 04:03:45.776  3202  3202 W linker  : [vdso]: unused DT entry: type 0x6ffffef5 arg 0x160
12-14 04:03:45.777  3203  3203 W linker  : [vdso]: unused DT entry: type 0x6ffffef5 arg 0x160
12-14 04:03:45.818  2064  2094 I ActivityManager: Displayed com.cyanogenmod.filemanager/.activities.NavigationActivity: +534ms
12-14 04:03:45.819  3207  3207 W linker  : [vdso]: unused DT entry: type 0x6ffffef5 arg 0x160
12-14 04:03:45.821  3208  3208 W linker  : [vdso]: unused DT entry: type 0x6ffffef5 arg 0x160
12-14 04:03:45.822  3209  3209 W linker  : [vdso]: unused DT entry: type 0x6ffffef5 arg 0x160
12-14 04:03:45.823  3210  3210 W linker  : [vdso]: unused DT entry: type 0x6ffffef5 arg 0x160
12-14 04:03:45.927  3212  3212 W linker  : [vdso]: unused DT entry: type 0x6ffffef5 arg 0x160
12-14 04:03:45.928  3213  3213 W linker  : [vdso]: unused DT entry: type 0x6ffffef5 arg 0x160
12-14 04:03:45.929  3214  3214 W linker  : [vdso]: unused DT entry: type 0x6ffffef5 arg 0x160
12-14 04:03:45.962  3216  3216 W linker  : [vdso]: unused DT entry: type 0x6ffffef5 arg 0x160
12-14 04:03:45.964  3217  3217 W linker  : [vdso]: unused DT entry: type 0x6ffffef5 arg 0x160
12-14 04:03:45.965  3218  3218 W linker  : [vdso]: unused DT entry: type 0x6ffffef5 arg 0x160
12-14 04:03:47.926  3219  3219 W linker  : [vdso]: unused DT entry: type 0x6ffffef5 arg 0x160
12-14 04:03:48.971  2064  2123 W AudioTrack: AUDIO_OUTPUT_FLAG_FAST denied by client
12-14 04:03:48.982  1804  2102 D audio_hw_primary: found out /dev/snd/pcmC1D0p
12-14 04:03:48.992  3157  3193 D OpenGLRenderer: endAllStagingAnimators on 0x7f1928f86800 (RippleDrawable) with handle 0x7f191f5e2820
12-14 04:03:51.092  2064  2123 W AudioTrack: AUDIO_OUTPUT_FLAG_FAST denied by client
12-14 04:03:51.093  1795  1825 E Vold    : Failed to find mounted volume for /storage/usb1/Android/data/com.cyanogenmod.filemanager/files/
12-14 04:03:51.093  3157  3157 W ContextImpl: Failed to ensure directory: /storage/usb1/Android/data/com.cyanogenmod.filemanager/files
12-14 04:03:51.093  1795  1825 E Vold    : Failed to find mounted volume for /storage/usb2/Android/data/com.cyanogenmod.filemanager/files/
12-14 04:03:51.093  3157  3157 W ContextImpl: Failed to ensure directory: /storage/usb2/Android/data/com.cyanogenmod.filemanager/files
12-14 04:03:51.094  1795  1825 E Vold    : Failed to find mounted volume for /storage/usb3/Android/data/com.cyanogenmod.filemanager/files/
12-14 04:03:51.094  3157  3157 W ContextImpl: Failed to ensure directory: /storage/usb3/Android/data/com.cyanogenmod.filemanager/files
12-14 04:03:51.094  1795  1825 E Vold    : Failed to find mounted volume for /storage/sdcard1/Android/data/com.cyanogenmod.filemanager/files/
12-14 04:03:51.094  3157  3157 W ContextImpl: Failed to ensure directory: /storage/sdcard1/Android/data/com.cyanogenmod.filemanager/files
12-14 04:03:51.100  1795  1825 E Vold    : Failed to find mounted volume for /storage/usb1/Android/data/com.cyanogenmod.filemanager/files/
12-14 04:03:51.100  3157  3223 W ContextImpl: Failed to ensure directory: /storage/usb1/Android/data/com.cyanogenmod.filemanager/files
12-14 04:03:51.100  1795  1825 E Vold    : Failed to find mounted volume for /storage/usb2/Android/data/com.cyanogenmod.filemanager/files/
12-14 04:03:51.100  3157  3223 W ContextImpl: Failed to ensure directory: /storage/usb2/Android/data/com.cyanogenmod.filemanager/files
12-14 04:03:51.101  1795  1825 E Vold    : Failed to find mounted volume for /storage/usb3/Android/data/com.cyanogenmod.filemanager/files/
12-14 04:03:51.101  3157  3223 W ContextImpl: Failed to ensure directory: /storage/usb3/Android/data/com.cyanogenmod.filemanager/files
12-14 04:03:51.101  1795  1825 E Vold    : Failed to find mounted volume for /storage/sdcard1/Android/data/com.cyanogenmod.filemanager/files/
12-14 04:03:51.101  3157  3223 W ContextImpl: Failed to ensure directory: /storage/sdcard1/Android/data/com.cyanogenmod.filemanager/files
12-14 04:03:51.110  2064  2303 I ActivityManager: START u0 {flg=0x10000000 cmp=com.cyanogenmod.filemanager/.console.secure.SecureStorageKeyPromptDialog$SecureStorageKeyPromptActivity} from uid 10027 on display 0
12-14 04:03:51.114  2064  2303 V WindowManager: addAppToken: AppWindowToken{3377b84b token=Token{1913351a ActivityRecord{e9477c5 u0 com.cyanogenmod.filemanager/.console.secure.SecureStorageKeyPromptDialog$SecureStorageKeyPromptActivity t12}}} to stack=1 task=12 at 1
12-14 04:03:51.143  1795  1825 E Vold    : Failed to find mounted volume for /storage/usb1/Android/data/com.cyanogenmod.filemanager/files/
12-14 04:03:51.143  3157  3157 W ContextImpl: Failed to ensure directory: /storage/usb1/Android/data/com.cyanogenmod.filemanager/files
12-14 04:03:51.143  1795  1825 E Vold    : Failed to find mounted volume for /storage/usb2/Android/data/com.cyanogenmod.filemanager/files/
12-14 04:03:51.143  3157  3157 W ContextImpl: Failed to ensure directory: /storage/usb2/Android/data/com.cyanogenmod.filemanager/files
12-14 04:03:51.144  1795  1825 E Vold    : Failed to find mounted volume for /storage/usb3/Android/data/com.cyanogenmod.filemanager/files/
12-14 04:03:51.144  3157  3157 W ContextImpl: Failed to ensure directory: /storage/usb3/Android/data/com.cyanogenmod.filemanager/files
12-14 04:03:51.144  1795  1825 E Vold    : Failed to find mounted volume for /storage/sdcard1/Android/data/com.cyanogenmod.filemanager/files/
12-14 04:03:51.144  3157  3157 W ContextImpl: Failed to ensure directory: /storage/sdcard1/Android/data/com.cyanogenmod.filemanager/files
12-14 04:03:51.148  2064  2085 V WindowManager: Adding window Window{2a49cb41 u0 com.cyanogenmod.filemanager/com.cyanogenmod.filemanager.console.secure.SecureStorageKeyPromptDialog$SecureStorageKeyPromptActivity} at 3 of 8 (after Window{20e32636 u0 com.cyanogenmod.filemanager/com.cyanogenmod.filemanager.activities.NavigationActivity})
12-14 04:03:51.164  2064  2314 V WindowManager: not Base app: Adding window Window{31878e27 u0 com.cyanogenmod.filemanager/com.cyanogenmod.filemanager.console.secure.SecureStorageKeyPromptDialog$SecureStorageKeyPromptActivity} at 4 of 9
12-14 04:03:51.206  2064  2094 I ActivityManager: Displayed com.cyanogenmod.filemanager/.console.secure.SecureStorageKeyPromptDialog$SecureStorageKeyPromptActivity: +81ms
12-14 04:03:52.933  3224  3224 W linker  : [vdso]: unused DT entry: type 0x6ffffef5 arg 0x160
12-14 04:03:55.882  3157  3157 D InputEventConsistencyVerifier: KeyEvent: ACTION_DOWN but key is already down and this event is not a key repeat.
12-14 04:03:55.882  3157  3157 D InputEventConsistencyVerifier:   in android.view.ViewRootImpl@30490298
12-14 04:03:55.882  3157  3157 D InputEventConsistencyVerifier:   0: sent at 431007000000, KeyEvent { action=ACTION_DOWN, keyCode=KEYCODE_ESCAPE, scanCode=1, metaState=0, flags=0x8, repeatCount=0, eventTime=431007, downTime=431007, deviceId=7, source=0x101 }
12-14 04:03:55.882  3157  3157 D InputEventConsistencyVerifier:   -- recent events --
12-14 04:03:55.882  3157  3157 D InputEventConsistencyVerifier:   1: sent at 430760000000, KeyEvent { action=ACTION_DOWN, keyCode=KEYCODE_BACK, scanCode=1, metaState=0, flags=0x8, repeatCount=0, eventTime=430760, downTime=430760, deviceId=7, source=0x101 }
12-14 04:03:55.882  3157  3157 D InputEventConsistencyVerifier:   2: sent at 430760000000, KeyEvent { action=ACTION_DOWN, keyCode=KEYCODE_ESCAPE, scanCode=1, metaState=0, flags=0x8, repeatCount=0, eventTime=430760, downTime=430760, deviceId=7, source=0x101 }
12-14 04:03:55.882  3157  3157 D InputEventConsistencyVerifier:   3: sent at 430405077000, MotionEvent { action=ACTION_HOVER_MOVE, id[0]=0, x[0]=514.0825, y[0]=376.20264, toolType[0]=TOOL_TYPE_FINGER, buttonState=0, metaState=0, flags=0x0, edgeFlags=0x0, pointerCount=1, historySize=0, eventTime=430405, downTime=425916, deviceId=6, source=0x2002 }
12-14 04:03:55.882  3157  3157 D InputEventConsistencyVerifier:   4: sent at 430384480000, MotionEvent { action=ACTION_HOVER_MOVE, id[0]=0, x[0]=514.0825, y[0]=376.20264, toolType[0]=TOOL_TYPE_FINGER, buttonState=0, metaState=0, flags=0x0, edgeFlags=0x0, pointerCount=1, historySize=0, eventTime=430384, downTime=425916, deviceId=6, source=0x2002 }
12-14 04:03:55.882  3157  3157 D InputEventConsistencyVerifier:   5: sent at 430333072000, MotionEvent { action=ACTION_HOVER_MOVE, id[0]=0, x[0]=514.0825, y[0]=376.20264, toolType[0]=TOOL_TYPE_FINGER, buttonState=0, metaState=0, flags=0x0, edgeFlags=0x0, pointerCount=1, historySize=0, eventTime=430333, downTime=425916, deviceId=6, source=0x2002 }
12-14 04:03:55.882  3157  3157 D InputEventConsistencyVerifier: KeyEvent: ACTION_DOWN but key is already down and this event is not a key repeat.
12-14 04:03:55.882  3157  3157 D InputEventConsistencyVerifier:   in android.view.ViewRootImpl@30490298
12-14 04:03:55.882  3157  3157 D InputEventConsistencyVerifier:   0: sent at 431007000000, KeyEvent { action=ACTION_DOWN, keyCode=KEYCODE_BACK, scanCode=1, metaState=0, flags=0x8, repeatCount=0, eventTime=431007, downTime=431007, deviceId=7, source=0x101 }
12-14 04:03:55.882  3157  3157 D InputEventConsistencyVerifier:   -- recent events --
12-14 04:03:55.882  3157  3157 D InputEventConsistencyVerifier:   1: sent at 431007000000, KeyEvent { action=ACTION_DOWN, keyCode=KEYCODE_ESCAPE, scanCode=1, metaState=0, flags=0x80000008, repeatCount=0, eventTime=431007, downTime=431007, deviceId=7, source=0x101 }
12-14 04:03:55.882  3157  3157 D InputEventConsistencyVerifier:   2: sent at 430760000000, KeyEvent { action=ACTION_DOWN, keyCode=KEYCODE_BACK, scanCode=1, metaState=0, flags=0x8, repeatCount=0, eventTime=430760, downTime=430760, deviceId=7, source=0x101 }
12-14 04:03:55.882  3157  3157 D InputEventConsistencyVerifier:   3: sent at 430760000000, KeyEvent { action=ACTION_DOWN, keyCode=KEYCODE_ESCAPE, scanCode=1, metaState=0, flags=0x8, repeatCount=0, eventTime=430760, downTime=430760, deviceId=7, source=0x101 }
12-14 04:03:55.882  3157  3157 D InputEventConsistencyVerifier:   4: sent at 430405077000, MotionEvent { action=ACTION_HOVER_MOVE, id[0]=0, x[0]=514.0825, y[0]=376.20264, toolType[0]=TOOL_TYPE_FINGER, buttonState=0, metaState=0, flags=0x0, edgeFlags=0x0, pointerCount=1, historySize=0, eventTime=430405, downTime=425916, deviceId=6, source=0x2002 }
12-14 04:03:55.882  3157  3157 D InputEventConsistencyVerifier:   5: sent at 430384480000, MotionEvent { action=ACTION_HOVER_MOVE, id[0]=0, x[0]=514.0825, y[0]=376.20264, toolType[0]=TOOL_TYPE_FINGER, buttonState=0, metaState=0, flags=0x0, edgeFlags=0x0, pointerCount=1, historySize=0, eventTime=430384, downTime=425916, deviceId=6, source=0x2002 }
12-14 04:03:55.890  3157  3157 W InputEventReceiver: Attempted to finish an input event but the input event receiver has already been disposed.
12-14 04:03:55.892  2064  2085 W ActivityManager: Duplicate finish request for ActivityRecord{e9477c5 u0 com.cyanogenmod.filemanager/.console.secure.SecureStorageKeyPromptDialog$SecureStorageKeyPromptActivity t12 f}
12-14 04:03:56.075  1796  1796 W SurfaceFlinger: couldn't log to binary event log: overflow.
12-14 04:03:57.939  3225  3225 W linker  : [vdso]: unused DT entry: type 0x6ffffef5 arg 0x160
12-14 04:03:58.896  2064  2123 W AudioTrack: AUDIO_OUTPUT_FLAG_FAST denied by client
12-14 04:03:58.908  1804  2102 D audio_hw_primary: found out /dev/snd/pcmC1D0p
12-14 04:04:02.947  3227  3227 W linker  : [vdso]: unused DT entry: type 0x6ffffef5 arg 0x160
12-14 04:04:03.685  2064  2123 W AudioTrack: AUDIO_OUTPUT_FLAG_FAST denied by client
12-14 04:04:03.686  3229  3229 W linker  : [vdso]: unused DT entry: type 0x6ffffef5 arg 0x160
12-14 04:04:03.687  3230  3230 W linker  : [vdso]: unused DT entry: type 0x6ffffef5 arg 0x160
12-14 04:04:03.687  3231  3231 W linker  : [vdso]: unused DT entry: type 0x6ffffef5 arg 0x160
12-14 04:04:03.689  3233  3233 W linker  : [vdso]: unused DT entry: type 0x6ffffef5 arg 0x160
12-14 04:04:03.691  3234  3234 W linker  : [vdso]: unused DT entry: type 0x6ffffef5 arg 0x160
12-14 04:04:03.693  3235  3235 W linker  : [vdso]: unused DT entry: type 0x6ffffef5 arg 0x160
12-14 04:04:03.694  3236  3236 W linker  : [vdso]: unused DT entry: type 0x6ffffef5 arg 0x160
12-14 04:04:03.696  1804  2102 D audio_hw_primary: found out /dev/snd/pcmC1D0p
12-14 04:04:03.811  3238  3238 W linker  : [vdso]: unused DT entry: type 0x6ffffef5 arg 0x160
12-14 04:04:03.812  3239  3239 W linker  : [vdso]: unused DT entry: type 0x6ffffef5 arg 0x160
12-14 04:04:03.813  3240  3240 W linker  : [vdso]: unused DT entry: type 0x6ffffef5 arg 0x160
12-14 04:04:03.840  3241  3241 W linker  : [vdso]: unused DT entry: type 0x6ffffef5 arg 0x160
12-14 04:04:03.842  3242  3242 W linker  : [vdso]: unused DT entry: type 0x6ffffef5 arg 0x160
12-14 04:04:04.979  3243  3243 W linker  : [vdso]: unused DT entry: type 0x6ffffef5 arg 0x160
12-14 04:04:04.980  3157  3157 I Choreographer: Skipped 68 frames!  The application may be doing too much work on its main thread.
12-14 04:04:07.542  2064  2123 W AudioTrack: AUDIO_OUTPUT_FLAG_FAST denied by client
12-14 04:04:07.544  3246  3246 W linker  : [vdso]: unused DT entry: type 0x6ffffef5 arg 0x160
12-14 04:04:07.545  3247  3247 W linker  : [vdso]: unused DT entry: type 0x6ffffef5 arg 0x160
12-14 04:04:07.547  3248  3248 W linker  : [vdso]: unused DT entry: type 0x6ffffef5 arg 0x160
12-14 04:04:07.548  3249  3249 W linker  : [vdso]: unused DT entry: type 0x6ffffef5 arg 0x160
12-14 04:04:07.554  1804  2102 D audio_hw_primary: found out /dev/snd/pcmC1D0p
12-14 04:04:07.660  3251  3251 W linker  : [vdso]: unused DT entry: type 0x6ffffef5 arg 0x160
12-14 04:04:07.662  3252  3252 W linker  : [vdso]: unused DT entry: type 0x6ffffef5 arg 0x160
12-14 04:04:07.663  3253  3253 W linker  : [vdso]: unused DT entry: type 0x6ffffef5 arg 0x160
12-14 04:04:07.690  3254  3254 W linker  : [vdso]: unused DT entry: type 0x6ffffef5 arg 0x160
12-14 04:04:07.692  3255  3255 W linker  : [vdso]: unused DT entry: type 0x6ffffef5 arg 0x160
12-14 04:04:07.693  3256  3256 W linker  : [vdso]: unused DT entry: type 0x6ffffef5 arg 0x160
12-14 04:04:07.952  3257  3257 W linker  : [vdso]: unused DT entry: type 0x6ffffef5 arg 0x160
12-14 04:04:08.868  2064  2123 W AudioTrack: AUDIO_OUTPUT_FLAG_FAST denied by client
12-14 04:04:08.899  2064  2123 W AudioTrack: AUDIO_OUTPUT_FLAG_FAST denied by client
12-14 04:04:08.931  2064  2123 W AudioTrack: AUDIO_OUTPUT_FLAG_FAST denied by client
12-14 04:04:09.292  2064  2123 W AudioTrack: AUDIO_OUTPUT_FLAG_FAST denied by client
12-14 04:04:09.422  2064  2222 W AudioTrack: AUDIO_OUTPUT_FLAG_FAST denied by client
12-14 04:04:09.667  2064  2222 W AudioTrack: AUDIO_OUTPUT_FLAG_FAST denied by client
12-14 04:04:09.699  2064  2222 W AudioTrack: AUDIO_OUTPUT_FLAG_FAST denied by client
12-14 04:04:09.730  2064  2222 W AudioTrack: AUDIO_OUTPUT_FLAG_FAST denied by client
12-14 04:04:09.762  2064  2222 W AudioTrack: AUDIO_OUTPUT_FLAG_FAST denied by client
12-14 04:04:09.795  2064  2222 W AudioTrack: AUDIO_OUTPUT_FLAG_FAST denied by client
12-14 04:04:09.828  2064  2222 W AudioTrack: AUDIO_OUTPUT_FLAG_FAST denied by client
12-14 04:04:09.859  2064  2222 W AudioTrack: AUDIO_OUTPUT_FLAG_FAST denied by client
12-14 04:04:09.892  2064  2222 W AudioTrack: AUDIO_OUTPUT_FLAG_FAST denied by client
12-14 04:04:09.923  2064  2222 W AudioTrack: AUDIO_OUTPUT_FLAG_FAST denied by client
12-14 04:04:09.955  2064  2222 W AudioTrack: AUDIO_OUTPUT_FLAG_FAST denied by client
12-14 04:04:09.987  2064  2222 W AudioTrack: AUDIO_OUTPUT_FLAG_FAST denied by client
12-14 04:04:10.019  2064  2222 W AudioTrack: AUDIO_OUTPUT_FLAG_FAST denied by client
12-14 04:04:10.051  2064  2222 W AudioTrack: AUDIO_OUTPUT_FLAG_FAST denied by client
12-14 04:04:10.083  2064  2222 W AudioTrack: AUDIO_OUTPUT_FLAG_FAST denied by client
12-14 04:04:10.115  2064  2222 W AudioTrack: AUDIO_OUTPUT_FLAG_FAST denied by client
12-14 04:04:10.147  2064  2222 W AudioTrack: AUDIO_OUTPUT_FLAG_FAST denied by client
12-14 04:04:10.185  2064  2222 W AudioTrack: AUDIO_OUTPUT_FLAG_FAST denied by client
12-14 04:04:10.211  2064  2222 W AudioTrack: AUDIO_OUTPUT_FLAG_FAST denied by client
12-14 04:04:10.242  2064  2222 W AudioTrack: AUDIO_OUTPUT_FLAG_FAST denied by client
12-14 04:04:10.274  2064  2222 W AudioTrack: AUDIO_OUTPUT_FLAG_FAST denied by client
12-14 04:04:10.307  2064  2222 W AudioTrack: AUDIO_OUTPUT_FLAG_FAST denied by client
12-14 04:04:10.628  2064  2222 W AudioTrack: AUDIO_OUTPUT_FLAG_FAST denied by client
12-14 04:04:11.356  2064  2123 W AudioTrack: AUDIO_OUTPUT_FLAG_FAST denied by client
12-14 04:04:11.616  2064  2123 W AudioTrack: AUDIO_OUTPUT_FLAG_FAST denied by client
12-14 04:04:12.130  2064  2123 W AudioTrack: AUDIO_OUTPUT_FLAG_FAST denied by client
12-14 04:04:12.381  2064  2123 W AudioTrack: AUDIO_OUTPUT_FLAG_FAST denied by client
12-14 04:04:12.576  2064  2123 W AudioTrack: AUDIO_OUTPUT_FLAG_FAST denied by client
12-14 04:04:12.960  3290  3290 W linker  : [vdso]: unused DT entry: type 0x6ffffef5 arg 0x160
12-14 04:04:13.653  2064  2123 W AudioTrack: AUDIO_OUTPUT_FLAG_FAST denied by client
12-14 04:04:15.535  2064  2123 W AudioTrack: AUDIO_OUTPUT_FLAG_FAST denied by client
12-14 04:04:15.806  2064  2123 W AudioTrack: AUDIO_OUTPUT_FLAG_FAST denied by client
12-14 04:04:16.007  2064  2123 W AudioTrack: AUDIO_OUTPUT_FLAG_FAST denied by client
12-14 04:04:16.171  2064  2123 W AudioTrack: AUDIO_OUTPUT_FLAG_FAST denied by client
12-14 04:04:16.416  2064  2222 W AudioTrack: AUDIO_OUTPUT_FLAG_FAST denied by client
12-14 04:04:16.619  2064  2222 W AudioTrack: AUDIO_OUTPUT_FLAG_FAST denied by client
12-14 04:04:16.811  2064  2222 W AudioTrack: AUDIO_OUTPUT_FLAG_FAST denied by client
12-14 04:04:17.007  2064  2222 W AudioTrack: AUDIO_OUTPUT_FLAG_FAST denied by client
12-14 04:04:17.227  2064  2222 W AudioTrack: AUDIO_OUTPUT_FLAG_FAST denied by client
12-14 04:04:17.447  2064  2222 W AudioTrack: AUDIO_OUTPUT_FLAG_FAST denied by client
12-14 04:04:17.662  2064  2222 W AudioTrack: AUDIO_OUTPUT_FLAG_FAST denied by client
12-14 04:04:17.888  2064  2222 W AudioTrack: AUDIO_OUTPUT_FLAG_FAST denied by client
12-14 04:04:17.966  3304  3304 W linker  : [vdso]: unused DT entry: type 0x6ffffef5 arg 0x160
12-14 04:04:18.155  2064  2222 W AudioTrack: AUDIO_OUTPUT_FLAG_FAST denied by client
12-14 04:04:18.373  2064  2222 W AudioTrack: AUDIO_OUTPUT_FLAG_FAST denied by client
12-14 04:04:18.566  2064  2222 W AudioTrack: AUDIO_OUTPUT_FLAG_FAST denied by client
12-14 04:04:18.778  2064  2222 W AudioTrack: AUDIO_OUTPUT_FLAG_FAST denied by client
12-14 04:04:18.999  2064  2222 W AudioTrack: AUDIO_OUTPUT_FLAG_FAST denied by client
12-14 04:04:19.222  2064  2222 W AudioTrack: AUDIO_OUTPUT_FLAG_FAST denied by client
12-14 04:04:19.515  2064  2222 W AudioTrack: AUDIO_OUTPUT_FLAG_FAST denied by client
12-14 04:04:20.073  2064  2123 W AudioTrack: AUDIO_OUTPUT_FLAG_FAST denied by client
