12-14 03:56:56.927  2574  2574 W linker  : [vdso]: unused DT entry: type 0x6ffffef5 arg 0xec
12-14 03:56:56.927  2560  2560 I sh      : WARNING: linker: [vdso]: unused DT entry: type 0x6ffffef5 arg 0xec
12-14 03:56:56.929  2560  2560 I sh      : amixer: Unable to find simple control 'Master',0
12-14 03:56:56.929  2560  2560 I sh      : + alsa_amixer -c 0 set Master 100%
12-14 03:56:56.929  2575  2575 W linker  : [vdso]: unused DT entry: type 0x6ffffef5 arg 0xec
12-14 03:56:56.929  2560  2560 I sh      : WARNING: linker: [vdso]: unused DT entry: type 0x6ffffef5 arg 0xec
12-14 03:56:56.930  2560  2560 I sh      : amixer: Unable to find simple control 'Master',0
12-14 03:56:56.930  2560  2560 I sh      : + alsa_amixer -c 0 set Headphone on
12-14 03:56:56.931  2576  2576 W linker  : [vdso]: unused DT entry: type 0x6ffffef5 arg 0xec
12-14 03:56:56.931  2560  2560 I sh      : WARNING: linker: [vdso]: unused DT entry: type 0x6ffffef5 arg 0xec
12-14 03:56:56.932  2560  2560 I sh      : amixer: Unable to find simple control 'Headphone',0
12-14 03:56:56.932  2560  2560 I sh      : + alsa_amixer -c 0 set Headphone 100%
12-14 03:56:56.933  2577  2577 W linker  : [vdso]: unused DT entry: type 0x6ffffef5 arg 0xec
12-14 03:56:56.933  2560  2560 I sh      : WARNING: linker: [vdso]: unused DT entry: type 0x6ffffef5 arg 0xec
12-14 03:56:56.934  2560  2560 I sh      : amixer: Unable to find simple control 'Headphone',0
12-14 03:56:56.934  2560  2560 I sh      : + alsa_amixer -c 0 set Speaker 100%
12-14 03:56:56.934  2578  2578 W linker  : [vdso]: unused DT entry: type 0x6ffffef5 arg 0xec
12-14 03:56:56.934  2560  2560 I sh      : WARNING: linker: [vdso]: unused DT entry: type 0x6ffffef5 arg 0xec
12-14 03:56:56.935  2560  2560 I sh      : amixer: Unable to find simple control 'Speaker',0
12-14 03:56:56.935  2560  2560 I sh      : + alsa_amixer -c 0 set Capture 100%
12-14 03:56:56.936  2579  2579 W linker  : [vdso]: unused DT entry: type 0x6ffffef5 arg 0xec
12-14 03:56:56.936  2560  2560 I sh      : WARNING: linker: [vdso]: unused DT entry: type 0x6ffffef5 arg 0xec
12-14 03:56:56.937  2560  2560 I sh      : amixer: Unable to find simple control 'Capture',0
12-14 03:56:56.937  2560  2560 I sh      : + alsa_amixer -c 0 set Capture cap
12-14 03:56:56.938  2580  2580 W linker  : [vdso]: unused DT entry: type 0x6ffffef5 arg 0xec
12-14 03:56:56.938  2560  2560 I sh      : WARNING: linker: [vdso]: unused DT entry: type 0x6ffffef5 arg 0xec
12-14 03:56:56.939  2560  2560 I sh      : amixer: Unable to find simple control 'Capture',0
12-14 03:56:56.939  2560  2560 I sh      : + alsa_amixer -c 0 set PCM 100 unmute
12-14 03:56:56.939  2581  2581 W linker  : [vdso]: unused DT entry: type 0x6ffffef5 arg 0xec
12-14 03:56:56.939  2560  2560 I sh      : WARNING: linker: [vdso]: unused DT entry: type 0x6ffffef5 arg 0xec
12-14 03:56:56.940  2560  2560 I sh      : amixer: Unable to find simple control 'PCM',0
12-14 03:56:56.940  2560  2560 I sh      : + alsa_amixer -c 0 set SPO unmute
12-14 03:56:56.941  2582  2582 W linker  : [vdso]: unused DT entry: type 0x6ffffef5 arg 0xec
12-14 03:56:56.941  2560  2560 I sh      : WARNING: linker: [vdso]: unused DT entry: type 0x6ffffef5 arg 0xec
12-14 03:56:56.942  2560  2560 I sh      : amixer: Unable to find simple control 'SPO',0
12-14 03:56:56.942  2560  2560 I sh      : + alsa_amixer -c 0 set 'Mic Boost' 3
12-14 03:56:56.943  2583  2583 W linker  : [vdso]: unused DT entry: type 0x6ffffef5 arg 0xec
12-14 03:56:56.943  2560  2560 I sh      : WARNING: linker: [vdso]: unused DT entry: type 0x6ffffef5 arg 0xec
12-14 03:56:56.944  2560  2560 I sh      : amixer: Unable to find simple control 'Mic Boost',0
12-14 03:56:56.944  2560  2560 I sh      : + alsa_amixer -c 0 set 'Internal Mic Boost' 3
12-14 03:56:56.944  2584  2584 W linker  : [vdso]: unused DT entry: type 0x6ffffef5 arg 0xec
12-14 03:56:56.944  2560  2560 I sh      : WARNING: linker: [vdso]: unused DT entry: type 0x6ffffef5 arg 0xec
12-14 03:56:56.945  2560  2560 I sh      : amixer: Unable to find simple control 'Internal Mic Boost',0
12-14 03:56:56.946  2560  2560 I sh      : + cat /proc/asound/card1/id
12-14 03:56:56.946  2560  2560 I sh      : + f=/system/etc/alsa/PCH.state 
12-14 03:56:56.946  2560  2560 I sh      : + '[' -e /system/etc/alsa/PCH.state ']'
12-14 03:56:56.946  2560  2560 I sh      : + alsa_ctl init 1
12-14 03:56:56.946  2586  2586 W linker  : [vdso]: unused DT entry: type 0x6ffffef5 arg 0xec
12-14 03:56:56.946  2560  2560 I sh      : WARNING: linker: [vdso]: unused DT entry: type 0x6ffffef5 arg 0xec
12-14 03:56:56.948  2560  2560 I sh      : Found hardware: "HDA-Intel" "Realtek ALC892" "HDA:10ec0892,1462111d,00100302" "0x1462" "0x111d"
12-14 03:56:56.948  2560  2560 I sh      : Hardware is initialized using a generic method
12-14 03:56:56.948  2560  2560 I sh      : + alsa_amixer -c 1 set Master on
12-14 03:56:56.948  2587  2587 W linker  : [vdso]: unused DT entry: type 0x6ffffef5 arg 0xec
12-14 03:56:56.948  2560  2560 I sh      : WARNING: linker: [vdso]: unused DT entry: type 0x6ffffef5 arg 0xec
12-14 03:56:56.950  2560  2560 I sh      : Simple mixer control 'Master',0
12-14 03:56:56.950  2560  2560 I sh      :   Capabilities: pvolume pvolume-joined pswitch pswitch-joined penum
12-14 03:56:56.950  2560  2560 I sh      :   Playback channels: Mono
12-14 03:56:56.950  2560  2560 I sh      :   Limits: Playback 0 - 64
12-14 03:56:56.950  2560  2560 I sh      :   Mono: Playback 44 [69%] [-20.00dB] [on]
12-14 03:56:56.950  2186  2186 D PhoneStatusBar: disable: < expand* icons alerts system_info back* home* recent* clock search* >
12-14 03:56:56.950  2560  2560 I sh      : + alsa_amixer -c 1 set Master 100%
12-14 03:56:56.950  2588  2588 W linker  : [vdso]: unused DT entry: type 0x6ffffef5 arg 0xec
12-14 03:56:56.950  2560  2560 I sh      : WARNING: linker: [vdso]: unused DT entry: type 0x6ffffef5 arg 0xec
12-14 03:56:56.951  2560  2560 I sh      : Simple mixer control 'Master',0
12-14 03:56:56.951  2560  2560 I sh      :   Capabilities: pvolume pvolume-joined pswitch pswitch-joined penum
12-14 03:56:56.951  2560  2560 I sh      :   Playback channels: Mono
12-14 03:56:56.951  2560  2560 I sh      :   Limits: Playback 0 - 64
12-14 03:56:56.951  2560  2560 I sh      :   Mono: Playback 64 [100%] [0.00dB] [on]
12-14 03:56:56.951  2560  2560 I sh      : + alsa_amixer -c 1 set Headphone on
12-14 03:56:56.952  2589  2589 W linker  : [vdso]: unused DT entry: type 0x6ffffef5 arg 0xec
12-14 03:56:56.952  2560  2560 I sh      : WARNING: linker: [vdso]: unused DT entry: type 0x6ffffef5 arg 0xec
12-14 03:56:56.953  2560  2560 I sh      : Simple mixer control 'Headphone',0
12-14 03:56:56.953  2560  2560 I sh      :   Capabilities: pvolume pswitch penum
12-14 03:56:56.953  2560  2560 I sh      :   Playback channels: Front Left - Front Right
12-14 03:56:56.953  2560  2560 I sh      :   Limits: Playback 0 - 64
12-14 03:56:56.953  2560  2560 I sh      :   Mono:
12-14 03:56:56.953  2560  2560 I sh      :   Front Left: Playback 64 [100%] [0.00dB] [on]
12-14 03:56:56.953  2560  2560 I sh      :   Front Right: Playback 64 [100%] [0.00dB] [on]
12-14 03:56:56.953  2560  2560 I sh      : + alsa_amixer -c 1 set Headphone 100%
12-14 03:56:56.954  2590  2590 W linker  : [vdso]: unused DT entry: type 0x6ffffef5 arg 0xec
12-14 03:56:56.954  2560  2560 I sh      : WARNING: linker: [vdso]: unused DT entry: type 0x6ffffef5 arg 0xec
12-14 03:56:56.955  2560  2560 I sh      : Simple mixer control 'Headphone',0
12-14 03:56:56.955  2560  2560 I sh      :   Capabilities: pvolume pswitch penum
12-14 03:56:56.955  2560  2560 I sh      :   Playback channels: Front Left - Front Right
12-14 03:56:56.955  2560  2560 I sh      :   Limits: Playback 0 - 64
12-14 03:56:56.955  2560  2560 I sh      :   Mono:
12-14 03:56:56.955  2560  2560 I sh      :   Front Left: Playback 64 [100%] [0.00dB] [on]
12-14 03:56:56.955  2560  2560 I sh      :   Front Right: Playback 64 [100%] [0.00dB] [on]
12-14 03:56:56.955  2560  2560 I sh      : + alsa_amixer -c 1 set Speaker 100%
12-14 03:56:56.955  2591  2591 W linker  : [vdso]: unused DT entry: type 0x6ffffef5 arg 0xec
12-14 03:56:56.955  2560  2560 I sh      : WARNING: linker: [vdso]: unused DT entry: type 0x6ffffef5 arg 0xec
12-14 03:56:56.956  2560  2560 I sh      : Simple mixer control 'Speaker',0
12-14 03:56:56.956  2560  2560 I sh      :   Capabilities: pvolume pswitch penum
12-14 03:56:56.956  2560  2560 I sh      :   Playback channels: Front Left - Front Right
12-14 03:56:56.956  2560  2560 I sh      :   Limits: Playback 0 - 64
12-14 03:56:56.956  2560  2560 I sh      :   Mono:
12-14 03:56:56.956  2560  2560 I sh      :   Front Left: Playback 64 [100%] [0.00dB] [on]
12-14 03:56:56.956  2560  2560 I sh      :   Front Right: Playback 64 [100%] [0.00dB] [on]
12-14 03:56:56.957  2560  2560 I sh      : + alsa_amixer -c 1 set Capture 100%
12-14 03:56:56.957  2592  2592 W linker  : [vdso]: unused DT entry: type 0x6ffffef5 arg 0xec
12-14 03:56:56.957  2560  2560 I sh      : WARNING: linker: [vdso]: unused DT entry: type 0x6ffffef5 arg 0xec
12-14 03:56:56.958  2560  2560 I sh      : Simple mixer control 'Capture',0
12-14 03:56:56.958  2560  2560 I sh      :   Capabilities: cvolume cswitch penum
12-14 03:56:56.958  2560  2560 I sh      :   Capture channels: Front Left - Front Right
12-14 03:56:56.958  2560  2560 I sh      :   Limits: Capture 0 - 46
12-14 03:56:56.958  2560  2560 I sh      :   Front Left: Capture 46 [100%] [30.00dB] [on]
12-14 03:56:56.958  2560  2560 I sh      :   Front Right: Capture 46 [100%] [30.00dB] [on]
12-14 03:56:56.958  2560  2560 I sh      : + alsa_amixer -c 1 set Capture cap
12-14 03:56:56.959  2593  2593 W linker  : [vdso]: unused DT entry: type 0x6ffffef5 arg 0xec
12-14 03:56:56.959  2560  2560 I sh      : WARNING: linker: [vdso]: unused DT entry: type 0x6ffffef5 arg 0xec
12-14 03:56:56.960  2560  2560 I sh      : Simple mixer control 'Capture',0
12-14 03:56:56.960  2560  2560 I sh      :   Capabilities: cvolume cswitch penum
12-14 03:56:56.960  2560  2560 I sh      :   Capture channels: Front Left - Front Right
12-14 03:56:56.960  2560  2560 I sh      :   Limits: Capture 0 - 46
12-14 03:56:56.960  2560  2560 I sh      :   Front Left: Capture 46 [100%] [30.00dB] [on]
12-14 03:56:56.960  2560  2560 I sh      :   Front Right: Capture 46 [100%] [30.00dB] [on]
12-14 03:56:56.960  2560  2560 I sh      : + alsa_amixer -c 1 set PCM 100 unmute
12-14 03:56:56.961  2594  2594 W linker  : [vdso]: unused DT entry: type 0x6ffffef5 arg 0xec
12-14 03:56:56.961  2560  2560 I sh      : WARNING: linker: [vdso]: unused DT entry: type 0x6ffffef5 arg 0xec
12-14 03:56:56.962  2560  2560 I sh      : amixer: Unable to find simple control 'PCM',0
12-14 03:56:56.962  2560  2560 I sh      : + alsa_amixer -c 1 set SPO unmute
12-14 03:56:56.962  2595  2595 W linker  : [vdso]: unused DT entry: type 0x6ffffef5 arg 0xec
12-14 03:56:56.962  2560  2560 I sh      : WARNING: linker: [vdso]: unused DT entry: type 0x6ffffef5 arg 0xec
12-14 03:56:56.963  2560  2560 I sh      : amixer: Unable to find simple control 'SPO',0
12-14 03:56:56.964  2560  2560 I sh      : + alsa_amixer -c 1 set 'Mic Boost' 3
12-14 03:56:56.964  2596  2596 W linker  : [vdso]: unused DT entry: type 0x6ffffef5 arg 0xec
12-14 03:56:56.964  2560  2560 I sh      : WARNING: linker: [vdso]: unused DT entry: type 0x6ffffef5 arg 0xec
12-14 03:56:56.965  2560  2560 I sh      : Simple mixer control 'Mic Boost',0
12-14 03:56:56.965  2560  2560 I sh      :   Capabilities: volume penum
12-14 03:56:56.965  2560  2560 I sh      :   Playback channels: Front Left - Front Right
12-14 03:56:56.965  2560  2560 I sh      :   Capture channels: Front Left - Front Right
12-14 03:56:56.965  2560  2560 I sh      :   Limits: 0 - 3
12-14 03:56:56.965  2560  2560 I sh      :   Front Left: 3 [100%] [30.00dB]
12-14 03:56:56.965  2560  2560 I sh      :   Front Right: 3 [100%] [30.00dB]
12-14 03:56:56.966  2560  2560 I sh      : + alsa_amixer -c 1 set 'Internal Mic Boost' 3
12-14 03:56:56.966  2597  2597 W linker  : [vdso]: unused DT entry: type 0x6ffffef5 arg 0xec
12-14 03:56:56.966  2560  2560 I sh      : WARNING: linker: [vdso]: unused DT entry: type 0x6ffffef5 arg 0xec
12-14 03:56:56.967  2560  2560 I sh      : amixer: Unable to find simple control 'Internal Mic Boost',0
12-14 03:56:56.967  2560  2560 I sh      : + return 0
12-14 03:56:56.984  2064  2598 I ActivityManager: Start proc 2600:com.android.keychain/1000 for service com.android.keychain/.KeyChainService
12-14 03:56:56.993  2600  2600 I ActivityThread: Switching default density from 160 to 240
12-14 03:56:57.016  2064  2624 I RecoverySystem: No recovery log file
12-14 03:56:57.018  2064  2624 I BootReceiver: Copying audit failures to DropBox
12-14 03:56:57.018  2064  2624 I BootReceiver: Checking for fsck errors
12-14 03:56:57.054  2064  2085 I ActivityManager: Start proc 2626:com.android.dialer/u0a5 for broadcast com.android.dialer/.calllog.CallLogReceiver
12-14 03:56:57.063  2626  2626 I ActivityThread: Switching default density from 160 to 240
12-14 03:56:57.071  2626  2626 D ExtensionsFactory: No custom extensions.
12-14 03:56:57.073  2064  2117 D WIFI    : Registering NetworkFactory
12-14 03:56:57.073  2064  2117 D WIFI_UT : Registering NetworkFactory
12-14 03:56:57.073  2064  2119 D ConnectivityService: Got NetworkFactory Messenger for WIFI
12-14 03:56:57.073  2064  2119 D ConnectivityService: Got NetworkFactory Messenger for WIFI_UT
12-14 03:56:57.073  2064  2117 D WIFI    : got request NetworkRequest [ id=1, legacyType=-1, [ Capabilities: INTERNET&NOT_RESTRICTED&TRUSTED&NOT_VPN] ] with score 0
12-14 03:56:57.073  2064  2117 D WIFI_UT : got request NetworkRequest [ id=1, legacyType=-1, [ Capabilities: INTERNET&NOT_RESTRICTED&TRUSTED&NOT_VPN] ] with score 0
12-14 03:56:57.088  2064  2064 I ActivityManager: Start proc 2650:com.android.settings/1000 for broadcast com.android.settings/.sim.SimBootReceiver
12-14 03:56:57.092  2650  2650 I ActivityThread: Switching default density from 160 to 240
12-14 03:56:57.118  2064  2314 I ActivityManager: Start proc 2672:com.android.mms/u0a2 for broadcast com.android.mms/.transaction.MmsSystemEventReceiver
12-14 03:56:57.124  2672  2672 I ActivityThread: Switching default density from 160 to 240
12-14 03:56:57.132  2064  2314 D CountryDetector: The first listener is added
12-14 03:56:57.136  2672  2672 V Mms     : mnc/mcc: 
12-14 03:56:57.136  2672  2672 V Mms     : tag: bool value: enabledMMS - true
12-14 03:56:57.136  2672  2672 V Mms     : tag: int value: maxMessageSize - 307200
12-14 03:56:57.136  2672  2672 V Mms     : tag: int value: maxImageHeight - 480
12-14 03:56:57.136  2672  2672 V Mms     : tag: int value: maxImageWidth - 640
12-14 03:56:57.136  2672  2672 V Mms     : tag: int value: defaultSMSMessagesPerThread - 10000
12-14 03:56:57.136  2672  2672 V Mms     : tag: int value: defaultMMSMessagesPerThread - 1000
12-14 03:56:57.136  2672  2672 V Mms     : tag: int value: minMessageCountPerThread - 10
12-14 03:56:57.136  2672  2672 V Mms     : tag: int value: maxMessageCountPerThread - 5000
12-14 03:56:57.136  2672  2672 V Mms     : tag: string value: uaProfUrl - http://www.google.com/oha/rdf/ua-profile-kila.xml
12-14 03:56:57.136  2672  2672 V Mms     : tag: int value: recipientLimit - -1
12-14 03:56:57.136  2672  2672 V Mms     : tag: bool value: enableMultipartSMS - true
12-14 03:56:57.136  2672  2672 V Mms     : tag: int value: smsToMmsTextThreshold - -1
12-14 03:56:57.136  2672  2672 V Mms     : tag: bool value: enableSlideDuration - true
12-14 03:56:57.136  2672  2672 V Mms     : tag: int value: maxMessageTextSize - -1
12-14 03:56:57.142  2672  2707 D ConnectivityManager: getMobileDataEnabled()+ subId=-1
12-14 03:56:57.142  2319  2702 D PhoneInterfaceManager: [PhoneIntfMgr] getDataEnabled: subId=-1 phoneId=-1
12-14 03:56:57.142  2319  2702 E PhoneInterfaceManager: [PhoneIntfMgr] getDataEnabled: no phone subId=-1 retVal=false
12-14 03:56:57.142  2672  2707 D ConnectivityManager: getMobileDataEnabled()- subId=-1 retVal=false
12-14 03:56:57.143  2672  2707 D ConnectivityManager: getMobileDataEnabled()+ subId=-1
12-14 03:56:57.143  2319  2705 D PhoneInterfaceManager: [PhoneIntfMgr] getDataEnabled: subId=-1 phoneId=-1
12-14 03:56:57.143  2319  2705 E PhoneInterfaceManager: [PhoneIntfMgr] getDataEnabled: no phone subId=-1 retVal=false
12-14 03:56:57.143  2672  2707 D ConnectivityManager: getMobileDataEnabled()- subId=-1 retVal=false
12-14 03:56:57.144  2672  2706 D Mms     : cancelNotification
12-14 03:56:57.144  2319  2703 D MmsSmsDatabaseHelper: [MmsSmsDb] tableName: threads hasAutoIncrement: CREATE TABLE threads (_id INTEGER PRIMARY KEY AUTOINCREMENT,date INTEGER DEFAULT 0,message_count INTEGER DEFAULT 0,recipient_ids TEXT,snippet TEXT,snippet_cs INTEGER DEFAULT 0,read INTEGER DEFAULT 1,archived INTEGER DEFAULT 0,type INTEGER DEFAULT 0,error INTEGER DEFAULT 0,has_attachment INTEGER DEFAULT 0) result: true
12-14 03:56:57.144  2319  2703 D MmsSmsDatabaseHelper: [MmsSmsDb] tableName: canonical_addresses hasAutoIncrement: CREATE TABLE canonical_addresses (_id INTEGER PRIMARY KEY AUTOINCREMENT,address TEXT) result: true
12-14 03:56:57.144  2319  2703 D MmsSmsDatabaseHelper: [MmsSmsDb] tableName: part hasAutoIncrement: CREATE TABLE part (_id INTEGER PRIMARY KEY AUTOINCREMENT,mid INTEGER,seq INTEGER DEFAULT 0,ct TEXT,name TEXT,chset INTEGER,cd TEXT,fn TEXT,cid TEXT,cl TEXT,ctt_s INTEGER,ctt_t TEXT,_data TEXT,text TEXT) result: true
12-14 03:56:57.145  2319  2703 D MmsSmsDatabaseHelper: [MmsSmsDb] tableName: pdu hasAutoIncrement: CREATE TABLE pdu (_id INTEGER PRIMARY KEY AUTOINCREMENT,thread_id INTEGER,date INTEGER,date_sent INTEGER DEFAULT 0,msg_box INTEGER,read INTEGER DEFAULT 0,m_id TEXT,sub TEXT,sub_cs INTEGER,ct_t TEXT,ct_l TEXT,exp INTEGER,m_cls TEXT,m_type INTEGER,v INTEGER,m_size INTEGER,pri INTEGER,rr INTEGER,rpt_a INTEGER,resp_st INTEGER,st INTEGER,tr_id TEXT,retr_st INTEGER,retr_txt TEXT,retr_txt_cs INTEGER,read_status INTEGER,ct_cls INTEGER,resp_txt TEXT,d_tm INTEGER,d_rpt INTEGER,locked INTEGER DEFAULT 0,sub_id INTEGER DEFAULT -1, seen INTEGER DEFAULT 0,creator TEXT,text_only INTEGER DEFAULT 0) result: true
12-14 03:56:57.145  2319  2703 D MmsSmsDatabaseHelper: [getWritableDatabase] hasAutoIncrementThreads: true hasAutoIncrementAddresses: true hasAutoIncrementPart: true hasAutoIncrementPdu: true
12-14 03:56:57.148  2672  2708 D Mms     : cancelNotification
12-14 03:56:57.247  2514  2709 E SQLiteLog: (283) recovered 96 frames from WAL file /data/user/0/com.android.providers.media/databases/internal.db-wal
12-14 03:56:57.254  2514  2709 W MediaScanner: Error opening directory '/oem/media/', skipping: No such file or directory.
12-14 03:56:57.260  2064  2303 I ActivityManager: Start proc 2712:com.android.managedprovisioning/u0a7 for broadcast com.android.managedprovisioning/.BootReminder
12-14 03:56:57.264  2712  2712 I ActivityThread: Switching default density from 160 to 240
12-14 03:56:57.269  2064  2394 I art     : Explicit concurrent mark sweep GC freed 6533(373KB) AllocSpace objects, 2(32KB) LOS objects, 33% free, 8MB/12MB, paused 243us total 9.493ms
12-14 03:56:57.284  2064  2085 I ActivityManager: Start proc 2737:com.android.providers.calendar/u0a11 for broadcast com.android.providers.calendar/.CalendarReceiver
12-14 03:56:57.292  2514  2709 W MediaScanner: Error opening directory '/storage/sdcard1/', skipping: Permission denied.
12-14 03:56:57.292  2514  2709 W MediaScanner: Error opening directory '/storage/usb0/', skipping: Permission denied.
12-14 03:56:57.292  2514  2709 W MediaScanner: Error opening directory '/storage/usb1/', skipping: Permission denied.
12-14 03:56:57.292  2514  2709 W MediaScanner: Error opening directory '/storage/usb2/', skipping: Permission denied.
12-14 03:56:57.292  2514  2709 W MediaScanner: Error opening directory '/storage/usb3/', skipping: Permission denied.
12-14 03:56:57.293  2737  2737 I ActivityThread: Switching default density from 160 to 240
12-14 03:56:57.293  2514  2709 V MediaScanner: pruneDeadThumbnailFiles... android.database.sqlite.SQLiteCursor@324ed0e
12-14 03:56:57.293  2737  2737 W ResourcesManager: Asset path '/system/framework/android.test.runner.jar' does not exist or contains no resources.
12-14 03:56:57.293  2514  2709 V MediaScanner: /pruneDeadThumbnailFiles... android.database.sqlite.SQLiteCursor@324ed0e
12-14 03:56:57.305  2737  2737 I CalendarProvider2: Created com.android.providers.calendar.CalendarAlarmManager@1e7db05e(com.android.providers.calendar.CalendarProvider2@df4ec3f)
12-14 03:56:57.323  2064  2302 I ActivityManager: Start proc 2761:com.android.onetimeinitializer/u0a14 for broadcast com.android.onetimeinitializer/.OneTimeInitializerReceiver
12-14 03:56:57.333  2761  2761 I ActivityThread: Switching default density from 160 to 240
12-14 03:56:57.335  2761  2761 V OneTimeInitializerRece: OneTimeInitializerReceiver.onReceive
12-14 03:56:57.351  2064  2314 I ActivityManager: Start proc 2785:com.android.deskclock/u0a26 for broadcast com.android.deskclock/.AlarmInitReceiver
12-14 03:56:57.355  2785  2785 I ActivityThread: Switching default density from 160 to 240
12-14 03:56:57.362  2785  2785 V AlarmClock: AlarmInitReceiver android.intent.action.BOOT_COMPLETED
12-14 03:56:57.365  2785  2808 V AlarmClock: AlarmInitReceiver - Reset timers and clear stopwatch data
12-14 03:56:57.368  2785  2808 V AlarmClock: AlarmInitReceiver finished
12-14 03:56:57.384  2064  2085 I ActivityManager: Start proc 2810:com.android.calendar/u0a37 for broadcast com.android.calendar/.alerts.AlertReceiver
12-14 03:56:57.398  2810  2810 I ActivityThread: Switching default density from 160 to 240
12-14 03:56:57.408  2810  2810 D ExtensionsFactory: No custom extensions.
12-14 03:56:57.409  2810  2810 D AlertReceiver: onReceive: a=android.intent.action.BOOT_COMPLETED Intent { act=android.intent.action.BOOT_COMPLETED flg=0x8000010 cmp=com.android.calendar/.alerts.AlertReceiver (has extras) }
12-14 03:56:57.410  2239  2239 I SystemBroadcastReceiver: Boot has been completed
12-14 03:56:57.410  2239  2239 I LauncherIconVisibilityManager: Activity has already been disabled: ComponentInfo{com.android.inputmethod.latin/com.android.inputmethod.latin.setup.SetupActivity}
12-14 03:56:57.411  2810  2836 D AlertService: 0 Action = android.intent.action.BOOT_COMPLETED
12-14 03:56:57.426  2064  2211 I ActivityManager: Start proc 2838:com.android.email/u0a48 for broadcast com.android.email/.service.EmailBroadcastReceiver
12-14 03:56:57.426  2810  2836 D AlertService: Scheduling next alarm with AlarmScheduler. sEventReminderReceived: null
12-14 03:56:57.428  1808  1808 I art     : Explicit concurrent mark sweep GC freed 706(30KB) AllocSpace objects, 0(0B) LOS objects, 39% free, 1950KB/3MB, paused 25us total 2.828ms
12-14 03:56:57.428  2810  2836 D AlarmScheduler: No events found starting within 1 week.
12-14 03:56:57.430  2838  2838 I ActivityThread: Switching default density from 160 to 240
12-14 03:56:57.431  1808  1808 I art     : Explicit concurrent mark sweep GC freed 5(160B) AllocSpace objects, 0(0B) LOS objects, 39% free, 1950KB/3MB, paused 24us total 2.673ms
12-14 03:56:57.434  1808  1808 I art     : Explicit concurrent mark sweep GC freed 5(160B) AllocSpace objects, 0(0B) LOS objects, 39% free, 1950KB/3MB, paused 22us total 2.429ms
12-14 03:56:57.468  2064  2085 I ActivityManager: Start proc 2862:com.android.exchange/u0a34 for service com.android.exchange/.service.EasService
12-14 03:56:57.470  2838  2868 D ActivityThread: Loading provider com.android.email.provider;com.android.email.notifier: com.android.email.provider.EmailProvider
12-14 03:56:57.470  2838  2870 D ActivityThread: Loading provider com.android.email.provider;com.android.email.notifier: com.android.email.provider.EmailProvider
12-14 03:56:57.471  2838  2873 D ActivityThread: Loading provider com.android.email.provider;com.android.email.notifier: com.android.email.provider.EmailProvider
12-14 03:56:57.478  2862  2862 I ActivityThread: Switching default density from 160 to 240
12-14 03:56:57.478  2064  2084 W ActivityManager: Unable to start service Intent { cmp=com.android.email/.service.AttachmentService } U=0: not found
12-14 03:56:57.478  2064  2085 W ActivityManager: Unable to start service Intent { cmp=com.android.email/.service.AttachmentService } U=0: not found
12-14 03:56:57.478  2064  2394 W ActivityManager: Unable to start service Intent { cmp=com.android.email/.service.AttachmentService } U=0: not found
12-14 03:56:57.478  2064  2211 W ActivityManager: Unable to start service Intent { cmp=com.android.email/.service.AttachmentService } U=0: not found
12-14 03:56:57.479  2672  2672 V Mms     : onStart: #1 mResultCode: -1 = Activity.RESULT_OK
12-14 03:56:57.480  2838  2898 I Email   : Observing account changes for notifications
12-14 03:56:57.484  2838  2838 E ActivityThread: Service com.android.email.service.EmailBroadcastProcessorService has leaked ServiceConnection com.android.emailcommon.service.ServiceProxy$ProxyConnection@375d761f that was originally bound here
12-14 03:56:57.484  2838  2838 E ActivityThread: android.app.ServiceConnectionLeaked: Service com.android.email.service.EmailBroadcastProcessorService has leaked ServiceConnection com.android.emailcommon.service.ServiceProxy$ProxyConnection@375d761f that was originally bound here
12-14 03:56:57.484  2838  2838 E ActivityThread: 	at android.app.LoadedApk$ServiceDispatcher.<init>(LoadedApk.java:1077)
12-14 03:56:57.484  2838  2838 E ActivityThread: 	at android.app.LoadedApk.getServiceDispatcher(LoadedApk.java:971)
12-14 03:56:57.484  2838  2838 E ActivityThread: 	at android.app.ContextImpl.bindServiceCommon(ContextImpl.java:1774)
12-14 03:56:57.484  2838  2838 E ActivityThread: 	at android.app.ContextImpl.bindService(ContextImpl.java:1757)
12-14 03:56:57.484  2838  2838 E ActivityThread: 	at android.content.ContextWrapper.bindService(ContextWrapper.java:539)
12-14 03:56:57.484  2838  2838 E ActivityThread: 	at com.android.emailcommon.service.ServiceProxy.setTask(ServiceProxy.java:181)
12-14 03:56:57.484  2838  2838 E ActivityThread: 	at com.android.emailcommon.service.ServiceProxy.test(ServiceProxy.java:224)
12-14 03:56:57.484  2838  2838 E ActivityThread: 	at com.android.email.service.EmailServiceUtils.isServiceAvailable(EmailServiceUtils.java:160)
12-14 03:56:57.484  2838  2838 E ActivityThread: 	at com.android.email.provider.AccountReconciler.reconcileAccountsInternal(AccountReconciler.java:171)
12-14 03:56:57.484  2838  2838 E ActivityThread: 	at com.android.email.provider.AccountReconciler.reconcileAccounts(AccountReconciler.java:115)
12-14 03:56:57.484  2838  2838 E ActivityThread: 	at com.android.email.service.EmailBroadcastProcessorService.reconcileAndStartServices(EmailBroadcastProcessorService.java:305)
12-14 03:56:57.484  2838  2838 E ActivityThread: 	at com.android.email.service.EmailBroadcastProcessorService.onBootCompleted(EmailBroadcastProcessorService.java:295)
12-14 03:56:57.484  2838  2838 E ActivityThread: 	at com.android.email.service.EmailBroadcastProcessorService.onHandleIntent(EmailBroadcastProcessorService.java:130)
12-14 03:56:57.484  2838  2838 E ActivityThread: 	at android.app.IntentService$ServiceHandler.handleMessage(IntentService.java:65)
12-14 03:56:57.484  2838  2838 E ActivityThread: 	at android.os.Handler.dispatchMessage(Handler.java:102)
12-14 03:56:57.484  2838  2838 E ActivityThread: 	at android.os.Looper.loop(Looper.java:135)
12-14 03:56:57.484  2838  2838 E ActivityThread: 	at android.os.HandlerThread.run(HandlerThread.java:61)
12-14 03:56:57.493  2862  2862 I Exchange: EasService.onCreate
12-14 03:56:57.495  2862  2900 I Exchange: RestartPingTask
12-14 03:56:57.496  2862  2862 I Exchange: RestartPingsTask did not start any pings.
12-14 03:56:57.496  2862  2862 I Exchange: PSS stopIfIdle
12-14 03:56:57.496  2862  2862 I Exchange: PSS has no active accounts; stopping service.
12-14 03:56:57.497  2862  2862 I Exchange: onDestroy
12-14 03:56:57.869  2064  2091 D EthernetNetworkFactory: updateInterface: eth0 link up
12-14 03:56:57.869  2064  2903 I EthernetNetworkFactory: dhcpThread(+eth0): mNetworkInfo=[type: Ethernet[], state: UNKNOWN/IDLE, reason: (unspecified), extra: 44:8a:5b:f1:85:ec, roaming: false, failover: false, isAvailable: true, isConnectedToProvisioningNetwork: false]
12-14 03:56:57.870  2905  2905 W linker  : [vdso]: unused DT entry: type 0x6ffffef5 arg 0x160
12-14 03:56:57.871  2906  2906 W linker  : [vdso]: unused DT entry: type 0x6ffffef5 arg 0x160
12-14 03:56:57.871  2906  2906 E dhcpcd  : fopen `/system/etc/dhcpcd/dhcpcd.conf': No such file or directory
12-14 03:56:57.872  2906  2906 I dhcpcd  : version 5.5.6 starting
12-14 03:56:57.872  2906  2906 E dhcpcd  : fopen `/system/etc/dhcpcd/dhcpcd.conf': No such file or directory
12-14 03:56:57.872  2906  2906 E dhcpcd  : get_duid: Permission denied
12-14 03:56:57.872  2904  2904 W linker  : [vdso]: unused DT entry: type 0x6ffffef5 arg 0x160
12-14 03:56:57.872  2908  2908 W linker  : [vdso]: unused DT entry: type 0x6ffffef5 arg 0x160
12-14 03:56:57.874  2909  2909 W linker  : [vdso]: unused DT entry: type 0x6ffffef5 arg 0x160
12-14 03:56:57.876  2910  2910 W linker  : [vdso]: unused DT entry: type 0x6ffffef5 arg 0x160
12-14 03:56:57.877  2911  2911 W linker  : [vdso]: unused DT entry: type 0x6ffffef5 arg 0x160
12-14 03:56:57.879  2912  2912 W linker  : [vdso]: unused DT entry: type 0x6ffffef5 arg 0x160
12-14 03:56:57.880  2913  2913 W linker  : [vdso]: unused DT entry: type 0x6ffffef5 arg 0x160
12-14 03:56:57.881  2906  2906 I dhcpcd  : eth0: broadcasting for a lease
12-14 03:56:57.888  2906  2906 I dhcpcd  : eth0: offered 192.168.0.117 from 192.168.0.1
12-14 03:56:57.895  2906  2906 I dhcpcd  : eth0: acknowledged 192.168.0.117 from 192.168.0.1
12-14 03:56:57.901  2906  2906 I dhcpcd  : eth0: leased 192.168.0.117 for 360000 seconds
12-14 03:56:57.902  2914  2914 W linker  : [vdso]: unused DT entry: type 0x6ffffef5 arg 0x160
12-14 03:56:57.904  2915  2915 W linker  : [vdso]: unused DT entry: type 0x6ffffef5 arg 0x160
12-14 03:56:57.905  2916  2916 W linker  : [vdso]: unused DT entry: type 0x6ffffef5 arg 0x160
12-14 03:56:57.907  2917  2917 W linker  : [vdso]: unused DT entry: type 0x6ffffef5 arg 0x160
12-14 03:56:57.908  2918  2918 W linker  : [vdso]: unused DT entry: type 0x6ffffef5 arg 0x160
12-14 03:56:57.910  2919  2919 W linker  : [vdso]: unused DT entry: type 0x6ffffef5 arg 0x160
12-14 03:56:57.911  2920  2920 W linker  : [vdso]: unused DT entry: type 0x6ffffef5 arg 0x160
12-14 03:56:57.913  2921  2921 W linker  : [vdso]: unused DT entry: type 0x6ffffef5 arg 0x160
12-14 03:56:57.914  2922  2922 W linker  : [vdso]: unused DT entry: type 0x6ffffef5 arg 0x160
12-14 03:56:57.915  2923  2923 W linker  : [vdso]: unused DT entry: type 0x6ffffef5 arg 0x160
12-14 03:56:57.916  2924  2924 W linker  : [vdso]: unused DT entry: type 0x6ffffef5 arg 0x160
12-14 03:56:57.918  2925  2925 W linker  : [vdso]: unused DT entry: type 0x6ffffef5 arg 0x160
12-14 03:56:57.919  2926  2926 W linker  : [vdso]: unused DT entry: type 0x6ffffef5 arg 0x160
12-14 03:56:57.920  2927  2927 W linker  : [vdso]: unused DT entry: type 0x6ffffef5 arg 0x160
12-14 03:56:57.921  2928  2928 W linker  : [vdso]: unused DT entry: type 0x6ffffef5 arg 0x160
12-14 03:56:57.923  2929  2929 W linker  : [vdso]: unused DT entry: type 0x6ffffef5 arg 0x160
12-14 03:56:57.924  2930  2930 W linker  : [vdso]: unused DT entry: type 0x6ffffef5 arg 0x160
12-14 03:56:57.925  2931  2931 W linker  : [vdso]: unused DT entry: type 0x6ffffef5 arg 0x160
12-14 03:56:57.927  2932  2932 W linker  : [vdso]: unused DT entry: type 0x6ffffef5 arg 0x160
12-14 03:56:57.928  2933  2933 W linker  : [vdso]: unused DT entry: type 0x6ffffef5 arg 0x160
12-14 03:56:58.271  2064  2903 D ConnectivityService: registerNetworkAgent NetworkAgentInfo{ ni{[type: Ethernet[], state: CONNECTED/CONNECTED, reason: (unspecified), extra: 44:8a:5b:f1:85:ec, roaming: false, failover: false, isAvailable: true, isConnectedToProvisioningNetwork: false]}  network{null}  lp{{InterfaceName: eth0 LinkAddresses: [192.168.0.117/24,]  Routes: [192.168.0.0/24 -> 0.0.0.0 eth0,0.0.0.0/0 -> 192.168.0.1 eth0,] DnsAddresses: [192.168.0.1,] Domains:  MTU: 0 TcpBufferSizes: 524288,1048576,3145728,524288,1048576,2097152}}  nc{[ Transports: ETHERNET Capabilities: INTERNET&NOT_RESTRICTED&TRUSTED&NOT_VPN LinkUpBandwidth>=100000Kbps LinkDnBandwidth>=100000Kbps]}  Score{30}  everValidated{false}  lastValidated{false}  created{false}  explicitlySelected{false} }
12-14 03:56:58.271  2064  2119 D ConnectivityService: NetworkAgentInfo [Ethernet () - 100] EVENT_NETWORK_INFO_CHANGED, going from null to CONNECTED
12-14 03:56:58.272  2064  2119 D ConnectivityService: Adding iface eth0 to network 100
12-14 03:56:58.273  2935  2935 W linker  : [vdso]: unused DT entry: type 0x6ffffef5 arg 0x160
12-14 03:56:58.273  1799  2038 I iptables: WARNING: linker: [vdso]: unused DT entry: type 0x6ffffef5 arg 0x160
12-14 03:56:58.274  2936  2936 W linker  : [vdso]: unused DT entry: type 0x6ffffef5 arg 0x160
12-14 03:56:58.274  1799  2038 I ip6tables: WARNING: linker: [vdso]: unused DT entry: type 0x6ffffef5 arg 0x160
12-14 03:56:58.275  2064  2119 E ConnectivityService: Unexpected mtu value: 0, eth0
12-14 03:56:58.276  2064  2119 D ConnectivityService: Adding Route [192.168.0.0/24 -> 0.0.0.0 eth0] to network 100
12-14 03:56:58.276  2064  2119 D ConnectivityService: Adding Route [0.0.0.0/0 -> 192.168.0.1 eth0] to network 100
12-14 03:56:58.276  2064  2119 D ConnectivityService: Setting Dns servers for network 100 to [/192.168.0.1]
12-14 03:56:58.277  2064  2119 D ConnectivityService: notifyType IP_CHANGED for NetworkAgentInfo [Ethernet () - 100]
12-14 03:56:58.277  2064  2119 D ConnectivityService: notifyType PRECHECK for NetworkAgentInfo [Ethernet () - 100]
12-14 03:56:58.277  2064  2934 D NetworkMonitor/NetworkAgentInfo [Ethernet () - 100]: DefaultState{ when=0 what=532481 target=com.android.internal.util.StateMachine$SmHandler }
12-14 03:56:58.277  2064  2934 D NetworkMonitor/NetworkAgentInfo [Ethernet () - 100]: Connected
12-14 03:56:58.277  2064  2934 D NetworkMonitor/NetworkAgentInfo [Ethernet () - 100]: EvaluatingState{ when=0 what=532486 arg1=1 target=com.android.internal.util.StateMachine$SmHandler }
12-14 03:56:58.277  2064  2119 D ConnectivityService: rematching NetworkAgentInfo [Ethernet () - 100]
12-14 03:56:58.277  2064  2119 D ConnectivityService:    accepting network in place of null
12-14 03:56:58.277  2064  2934 D NetworkMonitor/NetworkAgentInfo [Ethernet () - 100]: Checking http://connectivitycheck.android.com/generate_204 on 44:8a:5b:f1:85:ec
12-14 03:56:58.277  2064  2119 D ConnectivityService: Switching to new default network: NetworkAgentInfo{ ni{[type: Ethernet[], state: CONNECTED/CONNECTED, reason: (unspecified), extra: 44:8a:5b:f1:85:ec, roaming: false, failover: false, isAvailable: true, isConnectedToProvisioningNetwork: false]}  network{100}  lp{{InterfaceName: eth0 LinkAddresses: [192.168.0.117/24,]  Routes: [192.168.0.0/24 -> 0.0.0.0 eth0,0.0.0.0/0 -> 192.168.0.1 eth0,] DnsAddresses: [192.168.0.1,] Domains:  MTU: 0 TcpBufferSizes: 524288,1048576,3145728,524288,1048576,2097152}}  nc{[ Transports: ETHERNET Capabilities: INTERNET&NOT_RESTRICTED&TRUSTED&NOT_VPN LinkUpBandwidth>=100000Kbps LinkDnBandwidth>=100000Kbps]}  Score{30}  everValidated{false}  lastValidated{false}  created{true}  explicitlySelected{false} }
12-14 03:56:58.278  2064  2119 D ConnectivityService: Setting tx/rx TCP buffers to 524288,1048576,3145728,524288,1048576,2097152
12-14 03:56:58.278  2064  2119 E ConnectivityService: Can't set TCP buffer sizes:java.io.FileNotFoundException: /sys/kernel/ipv4/tcp_rmem_min: open failed: ENOENT (No such file or directory)
12-14 03:56:58.278  2064  2119 D ConnectivityService: notifyType AVAILABLE for NetworkAgentInfo [Ethernet () - 100]
12-14 03:56:58.278  2064  2119 D CSLegacyTypeTracker: Sending connected broadcast for type 9 NetworkAgentInfo [Ethernet () - 100] isDefaultNetwork=true
12-14 03:56:58.278  2186  2546 D ConnectivityManager.CallbackHandler: CM callback handler got msg 524290
12-14 03:56:58.278  2064  2119 D ConnectivityService: sendStickyBroadcast: action=android.net.conn.CONNECTIVITY_CHANGE_IMMEDIATE
12-14 03:56:58.279  2064  2119 D ConnectivityService: sendStickyBroadcast: action=android.net.conn.CONNECTIVITY_CHANGE
12-14 03:56:58.279  2937  2937 W linker  : [vdso]: unused DT entry: type 0x6ffffef5 arg 0x160
12-14 03:56:58.279  2064  2093 D Tethering: MasterInitialState.processMessage what=3
12-14 03:56:58.280  2319  2702 D PhoneInterfaceManager: [PhoneIntfMgr] getDataEnabled: subId=-1 phoneId=-1
12-14 03:56:58.280  2319  2702 E PhoneInterfaceManager: [PhoneIntfMgr] getDataEnabled: no phone subId=-1 retVal=false
12-14 03:56:58.280  2064  2088 D TelephonyManager: getDataEnabled: retVal=false
12-14 03:56:58.280  2940  2940 W linker  : [vdso]: unused DT entry: type 0x6ffffef5 arg 0x160
12-14 03:56:58.280  2937  2937 I sh      : WARNING: linker: [vdso]: unused DT entry: type 0x6ffffef5 arg 0x160
12-14 03:56:58.282  2672  2672 D ConnectivityManager: getMobileDataEnabled()+ subId=-1
12-14 03:56:58.282  2319  2703 D PhoneInterfaceManager: [PhoneIntfMgr] getDataEnabled: subId=-1 phoneId=-1
12-14 03:56:58.282  2319  2703 E PhoneInterfaceManager: [PhoneIntfMgr] getDataEnabled: no phone subId=-1 retVal=false
12-14 03:56:58.282  2672  2672 D ConnectivityManager: getMobileDataEnabled()- subId=-1 retVal=false
12-14 03:56:58.282  2064  2088 E GpsLocationProvider: No APN found to select.
12-14 03:56:58.283  2937  2937 I sh      : + hw_sh=/vendor/etc/init.sh 
12-14 03:56:58.283  2937  2937 I sh      : + '[' -e /vendor/etc/init.sh ']'
12-14 03:56:58.283  2937  2937 I sh      : + '[' -n 2 ']'
12-14 03:56:58.283  2937  2937 I sh      : + do_netconsole
12-14 03:56:58.283  2937  2937 I sh      : + getprop dhcp.eth0.gateway
12-14 03:56:58.284  2947  2947 W linker  : [vdso]: unused DT entry: type 0x6ffffef5 arg 0x160
12-14 03:56:58.284  2937  2937 I sh      : WARNING: linker: [vdso]: unused DT entry: type 0x6ffffef5 arg 0x160
12-14 03:56:58.284  2937  2937 I sh      : + modprobe netconsole 'netconsole=@/,@192.168.0.1/'
12-14 03:56:58.290  2937  2937 I sh      : + return 0
12-14 03:56:58.295  2064  2285 D AlarmManagerService: Setting time of day to sec=1450065418
12-14 03:56:58.675  2785  2785 V AlarmClock: AlarmInitReceiver android.intent.action.TIME_SET
12-14 03:56:58.675  2064  2948 D GpsLocationProvider: NTP server returned: 1450065418676 (Mon Dec 14 03:56:58 GMT+00:00 2015) reference: 13799 certainty: 5 system time offset: 1
12-14 03:56:58.677  2785  2808 V AlarmClock: AlarmInitReceiver finished
12-14 03:56:58.685  2737  2737 I CalendarProvider2: Sending notification intent: Intent { act=android.intent.action.PROVIDER_CHANGED dat=content://com.android.calendar }
12-14 03:56:58.685  2737  2737 W ContentResolver: Failed to get type for: content://com.android.calendar (Unknown URL content://com.android.calendar)
12-14 03:56:58.686  2810  2810 D AlertReceiver: onReceive: a=android.intent.action.PROVIDER_CHANGED Intent { act=android.intent.action.PROVIDER_CHANGED dat=content://com.android.calendar flg=0x10 cmp=com.android.calendar/.alerts.AlertReceiver }
12-14 03:56:58.686  2810  2954 D AlertService: 0 Action = android.intent.action.PROVIDER_CHANGED
12-14 03:57:00.613  2958  2958 W linker  : [vdso]: unused DT entry: type 0x6ffffef5 arg 0x160
12-14 03:57:02.687  2737  2961 E SQLiteLog: (284) automatic index on view_events(_id)
12-14 03:57:02.779  2810  2826 W CursorWrapperInner: Cursor finalized without prior close()
12-14 03:57:03.676  2962  2962 W linker  : [vdso]: unused DT entry: type 0x6ffffef5 arg 0x160
12-14 03:57:03.687  2810  2954 I GlobalDismissManager: no sender configured
12-14 03:57:03.687  2810  2954 D AlertService: Beginning updateAlertNotification
12-14 03:57:03.689  2810  2954 D AlertService: No fired or scheduled alerts
12-14 03:57:03.690  2810  2954 D AlertService: Scheduling next alarm with AlarmScheduler. sEventReminderReceived: null
12-14 03:57:03.691  2810  2954 D AlarmScheduler: No events found starting within 1 week.
12-14 03:57:08.672  2064  2934 D NetworkMonitor/NetworkAgentInfo [Ethernet () - 100]: Probably not a portal: exception java.net.SocketTimeoutException: failed to connect to connectivitycheck.android.com/216.58.197.110 (port 80) after 10000ms
12-14 03:57:08.682  2964  2964 W linker  : [vdso]: unused DT entry: type 0x6ffffef5 arg 0x160
12-14 03:57:12.024  2064  2089 I ActivityManager: Waited long enough for: ServiceRecord{30cfe8d8 u0 com.android.music/.MediaPlaybackService}
12-14 03:57:12.805  2064  2089 I ActivityManager: Waited long enough for: ServiceRecord{36c4b571 u0 com.android.calendar/.alerts.InitAlarmsService}
12-14 03:57:13.677  2064  2934 D NetworkMonitor/NetworkAgentInfo [Ethernet () - 100]: EvaluatingState{ when=-5ms what=532486 arg1=2 target=com.android.internal.util.StateMachine$SmHandler }
12-14 03:57:13.677  2064  2934 D NetworkMonitor/NetworkAgentInfo [Ethernet () - 100]: Checking http://connectivitycheck.android.com/generate_204 on 44:8a:5b:f1:85:ec
12-14 03:57:13.691  2966  2966 W linker  : [vdso]: unused DT entry: type 0x6ffffef5 arg 0x160
12-14 03:57:18.700  2967  2967 W linker  : [vdso]: unused DT entry: type 0x6ffffef5 arg 0x160
12-14 03:57:23.690  2064  2934 D NetworkMonitor/NetworkAgentInfo [Ethernet () - 100]: Probably not a portal: exception java.net.SocketTimeoutException: failed to connect to connectivitycheck.android.com/216.58.197.110 (port 80) after 10000ms
12-14 03:57:23.712  2969  2969 W linker  : [vdso]: unused DT entry: type 0x6ffffef5 arg 0x160
12-14 03:57:27.805  2810  2851 D InitAlarmsService: Clearing and rescheduling alarms.
12-14 03:57:28.695  2064  2934 D NetworkMonitor/NetworkAgentInfo [Ethernet () - 100]: EvaluatingState{ when=-5ms what=532486 arg1=3 target=com.android.internal.util.StateMachine$SmHandler }
12-14 03:57:28.695  2064  2934 D NetworkMonitor/NetworkAgentInfo [Ethernet () - 100]: Checking http://connectivitycheck.android.com/generate_204 on 44:8a:5b:f1:85:ec
12-14 03:57:28.720  2971  2971 W linker  : [vdso]: unused DT entry: type 0x6ffffef5 arg 0x160
12-14 03:57:33.725  2974  2974 W linker  : [vdso]: unused DT entry: type 0x6ffffef5 arg 0x160
12-14 03:57:38.706  2064  2934 D NetworkMonitor/NetworkAgentInfo [Ethernet () - 100]: Probably not a portal: exception java.net.SocketTimeoutException: failed to connect to connectivitycheck.android.com/216.58.197.110 (port 80) after 10000ms
12-14 03:57:38.706  2064  2119 D ConnectivityService: setProvNotificationVisibleIntent: E visible=false networkType=0 extraInfo=null
12-14 03:57:38.736  2975  2975 W linker  : [vdso]: unused DT entry: type 0x6ffffef5 arg 0x160
12-14 03:57:43.746  2976  2976 W linker  : [vdso]: unused DT entry: type 0x6ffffef5 arg 0x160
12-14 03:57:48.760  2977  2977 W linker  : [vdso]: unused DT entry: type 0x6ffffef5 arg 0x160
12-14 03:57:53.773  2978  2978 W linker  : [vdso]: unused DT entry: type 0x6ffffef5 arg 0x160
12-14 03:57:57.118  2064  2211 I MediaFocusControl:  AudioFocus  abandonAudioFocus() from android.media.AudioManager@214ce255com.android.music.MediaPlaybackService$3@3d70746a
12-14 03:57:57.133  2064  2089 I ActivityManager: Start proc 2979:com.android.musicfx/u0a0 for broadcast com.android.musicfx/.ControlPanelReceiver
12-14 03:57:57.142  2064  2314 I art     : DexFile_isDexOptNeeded file /system/priv-app/MusicFX/x86_64/MusicFX.odex needs to be relocated for /system/priv-app/MusicFX/MusicFX.apk
12-14 03:57:57.142  2064  2314 I PackageManager: Running patchoat on: com.android.musicfx
12-14 03:57:57.142  3001  3001 E installd: Running /system/bin/patchoat isa=x86_64 in-fd=5 (/system/priv-app/MusicFX/x86_64/MusicFX.odex) out-fd=6 (/data/dalvik-cache/x86_64/system@priv-app@MusicFX@MusicFX.apk@classes.dex)
12-14 03:57:57.146  3001  3001 W linker  : [vdso]: unused DT entry: type 0x6ffffef5 arg 0xec
12-14 03:57:57.146  3001  3001 E cutils-trace: Error opening trace file: Permission denied (13)
12-14 03:57:57.150  2979  2979 I ActivityThread: Switching default density from 160 to 240
12-14 03:57:57.151  2979  2979 V MusicFXControlPanelReceiver: onReceive
12-14 03:57:57.151  2979  2979 V MusicFXControlPanelReceiver: Action: android.media.action.CLOSE_AUDIO_EFFECT_CONTROL_SESSION
12-14 03:57:57.151  2979  2979 V MusicFXControlPanelReceiver: Package name: com.android.music
12-14 03:57:57.151  2979  2979 V MusicFXControlPanelReceiver: Audio session: 6
12-14 03:57:57.151  2979  2979 V MusicFXControlPanelEffect: closeSession(android.app.ReceiverRestrictedContext@2435512, com.android.music, 6)
12-14 03:57:58.787  3002  3002 W linker  : [vdso]: unused DT entry: type 0x6ffffef5 arg 0x160
12-14 03:58:03.796  3003  3003 W linker  : [vdso]: unused DT entry: type 0x6ffffef5 arg 0x160
12-14 03:58:08.804  3004  3004 W linker  : [vdso]: unused DT entry: type 0x6ffffef5 arg 0x160
12-14 03:58:13.817  3005  3005 W linker  : [vdso]: unused DT entry: type 0x6ffffef5 arg 0x160
12-14 03:58:18.831  3006  3006 W linker  : [vdso]: unused DT entry: type 0x6ffffef5 arg 0x160
12-14 03:58:23.844  3007  3007 W linker  : [vdso]: unused DT entry: type 0x6ffffef5 arg 0x160
12-14 03:58:28.856  3008  3008 W linker  : [vdso]: unused DT entry: type 0x6ffffef5 arg 0x160
12-14 03:58:33.864  3009  3009 W linker  : [vdso]: unused DT entry: type 0x6ffffef5 arg 0x160
12-14 03:58:38.876  3010  3010 W linker  : [vdso]: unused DT entry: type 0x6ffffef5 arg 0x160
12-14 03:58:42.886  3011  3011 W linker  : [vdso]: unused DT entry: type 0x6ffffef5 arg 0x160
12-14 03:58:43.401  1796  1796 D SurfaceFlinger: Set power mode=2, type=0 flinger=0x7f67be862000
12-14 03:58:43.401  1796  2040 D GRALLOC-DRM: set master
12-14 03:58:43.616  2064  2107 I InputReader: Dropping key up from device AT Translated Set 2 keyboard because the key was not down.  keyCode=113, scanCode=29
12-14 03:58:43.618  2064  2107 I InputReader: Dropping key up from device AT Translated Set 2 keyboard because the key was not down.  keyCode=57, scanCode=56
12-14 03:58:47.894  3012  3012 W linker  : [vdso]: unused DT entry: type 0x6ffffef5 arg 0x160
12-14 03:58:48.135  2064  2123 W AudioTrack: AUDIO_OUTPUT_FLAG_FAST denied by client
12-14 03:58:48.135  2064  2394 I ActivityManager: START u0 {act=android.intent.action.MAIN cat=[android.intent.category.LAUNCHER] flg=0x10200000 cmp=com.android.settings/.Settings bnds=[749,566][960,702] (has extras)} from uid 10051 on display 0
12-14 03:58:48.136  2064  2394 V WindowManager: addAppToken: AppWindowToken{bb8c445 token=Token{34656cbc ActivityRecord{1f2820af u0 com.android.settings/.Settings t11}}} to stack=1 task=11 at 0
12-14 03:58:48.139  2064  2094 V WindowManager: Adding window Window{119eaff2 u0 Starting com.android.settings} at 2 of 7 (after Window{32273866 u0 com.android.launcher3/com.android.launcher3.Launcher})
12-14 03:58:48.153  2650  3015 I IndexDatabaseHelper: Using schema version: 115
12-14 03:58:48.154  2650  3015 I IndexDatabaseHelper: Index is fine
12-14 03:58:48.154  2650  3015 D Index   : Locale 'en_US' is already indexed
12-14 03:58:48.164  2650  3016 D OpenGLRenderer: Use EGL_SWAP_BEHAVIOR_PRESERVED: true
12-14 03:58:48.164  2650  2650 I GRALLOC-DRM: create intel for driver i915
12-14 03:58:48.165  2650  2650 D Atlas   : Validating map...
12-14 03:58:48.166  2064  2085 V WindowManager: Adding window Window{1a29d96d u0 com.android.settings/com.android.settings.Settings} at 2 of 8 (before Window{119eaff2 u0 Starting com.android.settings})
12-14 03:58:48.179  2650  2650 D DashboardSummary: rebuildUI took: 12 ms
12-14 03:58:48.231  2650  3016 I EGL-DRI2: DRI2: found extension DRI_Core version 1
12-14 03:58:48.231  2650  3016 I EGL-DRI2: DRI2: found extension DRI_DRI2 version 4
12-14 03:58:48.234  2650  3016 I EGL-DRI2: DRI2: found extension DRI_TexBuffer version 3
12-14 03:58:48.234  2650  3016 I EGL-DRI2: DRI2: found extension DRI2_Flush version 4
12-14 03:58:48.234  2650  3016 I EGL-DRI2: DRI2: found extension DRI_IMAGE version 11
12-14 03:58:48.234  2650  3016 I OpenGLRenderer: Initialized EGL, version 1.4
12-14 03:58:48.234  2650  3016 W OpenGLRenderer: Failed to choose config with EGL_SWAP_BEHAVIOR_PRESERVED, retrying without...
12-14 03:58:48.235  2650  3016 D OpenGLRenderer: Enabling debug mode 0
12-14 03:58:48.266  2064  2094 I ActivityManager: Displayed com.android.settings/.Settings: +129ms
12-14 03:58:48.400  1804  2124 E cutils-trace: Error opening trace file: Permission denied (13)
12-14 03:58:48.401  1804  2102 D audio_hw_primary: found out /dev/snd/pcmC1D0p
12-14 03:58:50.625  2650  2650 D InputEventConsistencyVerifier: KeyEvent: ACTION_UP but key was not down.
12-14 03:58:50.625  2650  2650 D InputEventConsistencyVerifier:   in com.android.internal.policy.impl.PhoneWindow$DecorView{f9f0493 V.E..... R....... 0,0-1920,1080}
12-14 03:58:50.625  2650  2650 D InputEventConsistencyVerifier:   0: sent at 125749000000, KeyEvent { action=ACTION_UP, keyCode=KEYCODE_DPAD_DOWN, scanCode=108, metaState=0, flags=0x8, repeatCount=0, eventTime=125749, downTime=125678, deviceId=7, source=0x101 }
12-14 03:58:50.625  2650  2650 D InputEventConsistencyVerifier:   -- recent events --
12-14 03:58:50.625  2650  2650 D InputEventConsistencyVerifier:   1: sent at 124730775000, (unhandled) MotionEvent { action=ACTION_HOVER_MOVE, id[0]=0, x[0]=1428.1301, y[0]=903.66766, toolType[0]=TOOL_TYPE_FINGER, buttonState=0, metaState=0, flags=0x0, edgeFlags=0x0, pointerCount=1, historySize=0, eventTime=124730, downTime=122958, deviceId=6, source=0x2002 }
12-14 03:58:50.625  2650  2650 D InputEventConsistencyVerifier:   2: sent at 124710748000, (unhandled) MotionEvent { action=ACTION_HOVER_MOVE, id[0]=0, x[0]=1428.1301, y[0]=903.66766, toolType[0]=TOOL_TYPE_FINGER, buttonState=0, metaState=0, flags=0x0, edgeFlags=0x0, pointerCount=1, historySize=1, eventTime=124710, downTime=122958, deviceId=6, source=0x2002 }
