12-29 02:49:32.067 13568 13568 W ContextImpl: Failed to ensure directory: /storage/sdcard1/Android/data/cn.wps.moffice_eng/cache
12-29 02:49:32.068  1895  1923 E Vold    : Failed to find mounted volume for /storage/usb0/Android/data/cn.wps.moffice_eng/cache/
12-29 02:49:32.068 13568 13568 W ContextImpl: Failed to ensure directory: /storage/usb0/Android/data/cn.wps.moffice_eng/cache
12-29 02:49:32.068  1895  1923 E Vold    : Failed to find mounted volume for /storage/usb1/Android/data/cn.wps.moffice_eng/cache/
12-29 02:49:32.068 13568 13568 W ContextImpl: Failed to ensure directory: /storage/usb1/Android/data/cn.wps.moffice_eng/cache
12-29 02:49:32.069  1895  1923 E Vold    : Failed to find mounted volume for /storage/usb2/Android/data/cn.wps.moffice_eng/cache/
12-29 02:49:32.069 13568 13568 W ContextImpl: Failed to ensure directory: /storage/usb2/Android/data/cn.wps.moffice_eng/cache
12-29 02:49:32.069  1895  1923 E Vold    : Failed to find mounted volume for /storage/usb3/Android/data/cn.wps.moffice_eng/cache/
12-29 02:49:32.069 13568 13568 W ContextImpl: Failed to ensure directory: /storage/usb3/Android/data/cn.wps.moffice_eng/cache
12-29 02:49:32.069  1895  1923 E Vold    : Failed to find mounted volume for /storage/sdcard1/Android/data/cn.wps.moffice_eng/cache/
12-29 02:49:32.069 13568 13568 W ContextImpl: Failed to ensure directory: /storage/sdcard1/Android/data/cn.wps.moffice_eng/cache
12-29 02:49:32.083 13568 13568 V xiaomi  : [Thread:1] the job is pended, the controller is not ready.
12-29 02:49:32.083 13568 13568 V xiaomi  : onStart() with intent NULL
12-29 02:49:32.084 13568 13593 V xiaomi  : [Thread:890] executing the pending job.
12-29 02:49:32.084 13568 13593 V xiaomi  : [Thread:890] JOB: prepare the mi push account.
12-29 02:49:32.085 13568 13593 V xiaomi  : [Thread:890] JOB: do reconnect..
12-29 02:49:32.086 13568 13593 V xiaomi  : [Thread:890] update the connection status. disconnected -> connecting : ERROR_OK 
12-29 02:49:32.086  2169  2320 W ActivityManager: getRunningAppProcesses: caller 10053 does not hold REAL_GET_TASKS; limiting output
12-29 02:49:32.087 13568 13593 V xiaomi  : [Thread:890] begin to connect to 42.62.94.2:5222
12-29 02:49:32.214  2169  2245 W AudioTrack: AUDIO_OUTPUT_FLAG_FAST denied by client
12-29 02:49:32.227  1907  2166 D audio_hw_primary: found out /dev/snd/pcmC0D0p
12-29 02:49:32.265  7061  7061 I Term    : Bound to TermService
12-29 02:49:32.265  7061  7061 I TermService: Activity binding to service
12-29 02:49:36.945 13604 13604 W linker  : [vdso]: unused DT entry: type 0x6ffffef5 arg 0x160
12-29 02:49:38.808  1902 13556 W SocketClient: write error (Broken pipe)
12-29 02:49:40.354  1902 13558 W SocketClient: write error (Broken pipe)
12-29 02:49:41.952 13605 13605 W linker  : [vdso]: unused DT entry: type 0x6ffffef5 arg 0x160
12-29 02:49:42.097 13568 13593 V xiaomi  : SMACK: Could not connect to:42.62.94.2:5222
12-29 02:49:42.100 13568 13593 V xiaomi  : [Thread:890] begin to connect to 114.54.23.2:80
12-29 02:49:45.046  2169  3042 W ActivityManager: getRunningAppProcesses: caller 10070 does not hold REAL_GET_TASKS; limiting output
12-29 02:49:46.965 13608 13608 W linker  : [vdso]: unused DT entry: type 0x6ffffef5 arg 0x160
12-29 02:49:51.976 13609 13609 W linker  : [vdso]: unused DT entry: type 0x6ffffef5 arg 0x160
12-29 02:49:52.111 13568 13593 V xiaomi  : SMACK: Could not connect to:114.54.23.2:80
12-29 02:49:52.112 13568 13593 V xiaomi  : [Thread:890] begin to connect to 111.206.200.2:5222
12-29 02:49:54.397  2169  2193 I ActivityManager: Start proc 13610:com.rovio.baba.kunlun.wdj/u0a60 for service com.rovio.baba.kunlun.wdj/com.wandoujia.mariosdk.plugin.api.WandouPluginService
12-29 02:49:54.406 13610 13610 I ActivityThread: Switching default density from 160 to 240
12-29 02:49:54.411 13610 13610 V PluginFrameworkInitor: need install plugins:[]
12-29 02:49:54.411 13610 13610 I System.out: start plugin is = mario-sdk-plugin
12-29 02:49:54.411 13610 13610 V ContextClassLoaderUtility: doing inject, paths:[/data/data/com.rovio.baba.kunlun.wdj/files/plugins/mario-sdk-plugin.apk]
12-29 02:49:54.419 13634 13634 W linker  : [vdso]: unused DT entry: type 0x6ffffef5 arg 0x160
12-29 02:49:54.422 13610 13636 W System.err: java.io.FileNotFoundException: /data/local/tmp/.wdj_config/.udid: open failed: ENOENT (No such file or directory)
12-29 02:49:54.422 13610 13636 W System.err: 	at libcore.io.IoBridge.open(IoBridge.java:456)
12-29 02:49:54.422 13610 13636 W System.err: 	at java.io.FileOutputStream.<init>(FileOutputStream.java:87)
12-29 02:49:54.422 13610 13636 W System.err: 	at java.io.FileOutputStream.<init>(FileOutputStream.java:72)
12-29 02:49:54.422 13610 13636 W System.err: 	at java.io.FileWriter.<init>(FileWriter.java:42)
12-29 02:49:54.422 13610 13636 W System.err: 	at o.vi.run(:257)
12-29 02:49:54.422 13610 13636 W System.err: 	at java.lang.Thread.run(Thread.java:818)
12-29 02:49:54.422 13610 13636 W System.err: Caused by: android.system.ErrnoException: open failed: ENOENT (No such file or directory)
12-29 02:49:54.422 13610 13636 W System.err: 	at libcore.io.Posix.open(Native Method)
12-29 02:49:54.422 13610 13636 W System.err: 	at libcore.io.BlockGuardOs.open(BlockGuardOs.java:186)
12-29 02:49:54.422 13610 13636 W System.err: 	at libcore.io.IoBridge.open(IoBridge.java:442)
12-29 02:49:54.422 13610 13636 W System.err: 	... 5 more
12-29 02:49:54.423 13637 13637 W linker  : [vdso]: unused DT entry: type 0x6ffffef5 arg 0x160
12-29 02:49:54.430 13610 13628 W art     : Suspending all threads took: 5.266ms
12-29 02:49:54.431 13640 13640 W linker  : [vdso]: unused DT entry: type 0x6ffffef5 arg 0x160
