12-14 13:25:59.143  2820  3012 D MediaProvider: object removed 10295
12-14 13:25:59.143  2820  3012 D MediaProvider: object removed 10296
12-14 13:25:59.144  2820  3012 D MediaProvider: object removed 10297
12-14 13:25:59.144  2820  3012 D MediaProvider: object removed 10298
12-14 13:25:59.144  2820  3012 D MediaProvider: object removed 10299
12-14 13:25:59.144  2820  3012 D MediaProvider: object removed 10300
12-14 13:25:59.144  2820  3012 D MediaProvider: object removed 10301
12-14 13:25:59.144  2820  3012 D MediaProvider: object removed 10302
12-14 13:25:59.144  2820  3012 D MediaProvider: object removed 10303
12-14 13:25:59.144  2820  3012 D MediaProvider: object removed 10304
12-14 13:25:59.144  2820  3012 D MediaProvider: object removed 10305
12-14 13:25:59.144  2820  3012 D MediaProvider: object removed 10306
12-14 13:25:59.144  2820  3012 D MediaProvider: object removed 10307
12-14 13:25:59.144  2820  3012 D MediaProvider: object removed 10308
12-14 13:25:59.144  2820  3012 D MediaProvider: object removed 10309
12-14 13:25:59.145  3284  3314 I Gmail   : getAccountsCursor
12-14 13:25:59.146  2557  2557 V GLSActivity: AuthDelegateWrapperCreated with selected intent: Intent { cmp=com.google.android.gms/.auth.DefaultAuthDelegateService }
12-14 13:25:59.150  2820  3012 D MediaProvider: object removed 10310
12-14 13:25:59.150  2820  3012 D MediaProvider: object removed 10311
12-14 13:25:59.150  2820  3012 D MediaProvider: object removed 10312
12-14 13:25:59.150  2820  3012 D MediaProvider: object removed 10313
12-14 13:25:59.150  2820  3012 D MediaProvider: object removed 10314
12-14 13:25:59.150  2820  3012 D MediaProvider: object removed 10315
12-14 13:25:59.150  2820  3012 D MediaProvider: object removed 10316
12-14 13:25:59.150  2820  3012 D MediaProvider: object removed 10317
12-14 13:25:59.150  2820  3012 D MediaProvider: object removed 10318
12-14 13:25:59.150  2820  3012 D MediaProvider: object removed 10319
12-14 13:25:59.150  2820  3012 D MediaProvider: object removed 10320
12-14 13:25:59.150  2820  3012 D MediaProvider: object removed 10321
12-14 13:25:59.150  2820  3012 D MediaProvider: object removed 10322
12-14 13:25:59.150  2820  3012 D MediaProvider: object removed 10323
12-14 13:25:59.150  2820  3012 D MediaProvider: object removed 10324
12-14 13:25:59.150  2820  3012 D MediaProvider: object removed 10325
12-14 13:25:59.150  2820  3012 D MediaProvider: object removed 10326
12-14 13:25:59.150  2820  3012 D MediaProvider: object removed 10327
12-14 13:25:59.150  2820  3012 D MediaProvider: object removed 10328
12-14 13:25:59.150  2820  3012 D MediaProvider: object removed 10329
12-14 13:25:59.150  2820  3012 D MediaProvider: object removed 10330
12-14 13:25:59.150  2820  3012 D MediaProvider: object removed 10331
12-14 13:25:59.150  2820  3012 D MediaProvider: object removed 10332
12-14 13:25:59.150  2820  3012 D MediaProvider: object removed 10333
12-14 13:25:59.150  2820  3012 D MediaProvider: object removed 10334
12-14 13:25:59.150  2820  3012 D MediaProvider: object removed 10335
12-14 13:25:59.151  2820  3012 D MediaProvider: object removed 10336
12-14 13:25:59.151  2820  3012 D MediaProvider: object removed 10337
12-14 13:25:59.151  2820  3012 D MediaProvider: object removed 10338
12-14 13:25:59.151  2820  3012 D MediaProvider: object removed 10339
12-14 13:25:59.151  2820  3012 D MediaProvider: object removed 10340
12-14 13:25:59.151  2820  3012 D MediaProvider: object removed 10341
12-14 13:25:59.151  2820  3012 D MediaProvider: object removed 10342
12-14 13:25:59.151  2820  3012 D MediaProvider: object removed 10343
12-14 13:25:59.151  2820  3012 D MediaProvider: object removed 10344
12-14 13:25:59.151  2820  3012 D MediaProvider: object removed 10345
12-14 13:25:59.151  2820  3012 D MediaProvider: object removed 10346
12-14 13:25:59.151  2820  3012 D MediaProvider: object removed 10347
12-14 13:25:59.151  2820  3012 D MediaProvider: object removed 10348
12-14 13:25:59.151  2820  3012 D MediaProvider: object removed 10349
12-14 13:25:59.151  2820  3012 D MediaProvider: object removed 10350
12-14 13:25:59.151  2820  3012 D MediaProvider: object removed 10351
12-14 13:25:59.151  2820  3012 D MediaProvider: object removed 10352
12-14 13:25:59.151  2820  3012 D MediaProvider: object removed 10353
12-14 13:25:59.151  2820  3012 D MediaProvider: object removed 10354
12-14 13:25:59.151  2820  3012 D MediaProvider: object removed 10355
12-14 13:25:59.151  2820  3012 D MediaProvider: object removed 10356
12-14 13:25:59.151  2820  3012 D MediaProvider: object removed 10357
12-14 13:25:59.151  2820  3012 D MediaProvider: object removed 10358
12-14 13:25:59.151  2820  3012 D MediaProvider: object removed 10359
12-14 13:25:59.151  2820  3012 D MediaProvider: object removed 10360
12-14 13:25:59.151  2820  3012 D MediaProvider: object removed 10361
12-14 13:25:59.151  2820  3012 D MediaProvider: object removed 10362
12-14 13:25:59.151  2820  3012 D MediaProvider: object removed 10363
12-14 13:25:59.151  2820  3012 D MediaProvider: object removed 10364
12-14 13:25:59.151  2820  3012 D MediaProvider: object removed 10365
12-14 13:25:59.151  2820  3012 D MediaProvider: object removed 10366
12-14 13:25:59.151  2820  3012 D MediaProvider: object removed 10367
12-14 13:25:59.151  2820  3012 D MediaProvider: object removed 10368
12-14 13:25:59.151  2820  3012 D MediaProvider: object removed 10369
12-14 13:25:59.151  2820  3012 D MediaProvider: object removed 10370
12-14 13:25:59.151  2820  3012 D MediaProvider: object removed 10371
12-14 13:25:59.151  2820  3012 D MediaProvider: object removed 10372
12-14 13:25:59.151  2820  3012 D MediaProvider: object removed 10373
12-14 13:25:59.151  2820  3012 D MediaProvider: object removed 10374
12-14 13:25:59.151  2820  3012 D MediaProvider: object removed 10375
12-14 13:25:59.151  2820  3012 D MediaProvider: object removed 10376
12-14 13:25:59.151  2820  3012 D MediaProvider: object removed 10377
12-14 13:25:59.151  2820  3012 D MediaProvider: object removed 10378
12-14 13:25:59.151  2820  3012 D MediaProvider: object removed 10379
12-14 13:25:59.151  2820  3012 D MediaProvider: object removed 10380
12-14 13:25:59.151  2820  3012 D MediaProvider: object removed 10381
12-14 13:25:59.151  2820  3012 D MediaProvider: object removed 10382
12-14 13:25:59.151  2820  3012 D MediaProvider: object removed 10383
12-14 13:25:59.151  2820  3012 D MediaProvider: object removed 10384
12-14 13:25:59.151  2820  3012 D MediaProvider: object removed 10385
12-14 13:25:59.151  2820  3012 D MediaProvider: object removed 10386
12-14 13:25:59.151  2820  3012 D MediaProvider: object removed 10387
12-14 13:25:59.151  2820  3012 D MediaProvider: object removed 10388
12-14 13:25:59.151  2820  3012 D MediaProvider: object removed 10389
12-14 13:25:59.151  2820  3012 D MediaProvider: object removed 10390
12-14 13:25:59.151  2820  3012 D MediaProvider: object removed 10391
12-14 13:25:59.151  2820  3012 D MediaProvider: object removed 10392
12-14 13:25:59.151  2820  3012 D MediaProvider: object removed 10393
12-14 13:25:59.151  2820  3012 D MediaProvider: object removed 10394
12-14 13:25:59.151  2820  3012 D MediaProvider: object removed 10395
12-14 13:25:59.151  2820  3012 D MediaProvider: object removed 10396
12-14 13:25:59.151  2820  3012 D MediaProvider: object removed 10397
12-14 13:25:59.151  2820  3012 D MediaProvider: object removed 10398
12-14 13:25:59.151  2820  3012 D MediaProvider: object removed 10399
12-14 13:25:59.151  2820  3012 D MediaProvider: object removed 10400
12-14 13:25:59.151  2820  3012 D MediaProvider: object removed 10401
12-14 13:25:59.151  2820  3012 D MediaProvider: object removed 10402
12-14 13:25:59.151  2820  3012 D MediaProvider: object removed 10403
12-14 13:25:59.151  2820  3012 D MediaProvider: object removed 10404
12-14 13:25:59.151  2820  3012 D MediaProvider: object removed 10405
12-14 13:25:59.151  2820  3012 D MediaProvider: object removed 10406
12-14 13:25:59.151  2820  3012 D MediaProvider: object removed 10407
12-14 13:25:59.151  2820  3012 D MediaProvider: object removed 10408
12-14 13:25:59.151  2820  3012 D MediaProvider: object removed 10409
12-14 13:25:59.151  2820  3012 D MediaProvider: object removed 10410
12-14 13:25:59.157  2820  3012 D MediaProvider: object removed 10411
12-14 13:25:59.157  2820  3012 D MediaProvider: object removed 10412
12-14 13:25:59.157  2820  3012 D MediaProvider: object removed 10413
12-14 13:25:59.158  2820  3012 D MediaProvider: object removed 10414
12-14 13:25:59.158  2820  3012 D MediaProvider: object removed 10415
12-14 13:25:59.158  2820  3012 D MediaProvider: object removed 10416
12-14 13:25:59.158  2820  3012 D MediaProvider: object removed 10417
12-14 13:25:59.158  2820  3012 D MediaProvider: object removed 10418
12-14 13:25:59.158  2820  3012 D MediaProvider: object removed 10419
12-14 13:25:59.158  2820  3012 D MediaProvider: object removed 10420
12-14 13:25:59.158  2820  3012 D MediaProvider: object removed 10421
12-14 13:25:59.158  2820  3012 D MediaProvider: object removed 10422
12-14 13:25:59.158  2820  3012 D MediaProvider: object removed 10423
12-14 13:25:59.158  2820  3012 D MediaProvider: object removed 10424
12-14 13:25:59.158  2820  3012 D MediaProvider: object removed 10425
12-14 13:25:59.158  2820  3012 D MediaProvider: object removed 10426
12-14 13:25:59.158  2820  3012 D MediaProvider: object removed 10427
12-14 13:25:59.158  2820  3012 D MediaProvider: object removed 10428
12-14 13:25:59.158  2820  3012 D MediaProvider: object removed 10429
12-14 13:25:59.158  2820  3012 D MediaProvider: object removed 10430
12-14 13:25:59.158  2820  3012 D MediaProvider: object removed 10431
12-14 13:25:59.158  2820  3012 D MediaProvider: object removed 10432
12-14 13:25:59.158  2820  3012 D MediaProvider: object removed 10433
12-14 13:25:59.158  2820  3012 D MediaProvider: object removed 10434
12-14 13:25:59.158  2820  3012 D MediaProvider: object removed 10435
12-14 13:25:59.158  2820  3012 D MediaProvider: object removed 10436
12-14 13:25:59.158  2820  3012 D MediaProvider: object removed 10437
12-14 13:25:59.158  2820  3012 D MediaProvider: object removed 10438
12-14 13:25:59.158  2820  3012 D MediaProvider: object removed 10439
12-14 13:25:59.158  2820  3012 D MediaProvider: object removed 10440
12-14 13:25:59.158  2820  3012 D MediaProvider: object removed 10441
12-14 13:25:59.158  2820  3012 D MediaProvider: object removed 10442
12-14 13:25:59.158  2820  3012 D MediaProvider: object removed 10443
12-14 13:25:59.158  2820  3012 D MediaProvider: object removed 10444
12-14 13:25:59.158  2820  3012 D MediaProvider: object removed 10445
12-14 13:25:59.158  2820  3012 D MediaProvider: object removed 10446
12-14 13:25:59.158  2820  3012 D MediaProvider: object removed 10447
12-14 13:25:59.158  2820  3012 D MediaProvider: object removed 10448
12-14 13:25:59.158  2820  3012 D MediaProvider: object removed 10449
12-14 13:25:59.158  2820  3012 D MediaProvider: object removed 10450
12-14 13:25:59.158  2820  3012 D MediaProvider: object removed 10451
12-14 13:25:59.158  2820  3012 D MediaProvider: object removed 10452
12-14 13:25:59.158  2820  3012 D MediaProvider: object removed 10453
12-14 13:25:59.158  2820  3012 D MediaProvider: object removed 10454
12-14 13:25:59.158  2820  3012 D MediaProvider: object removed 10455
12-14 13:25:59.158  2820  3012 D MediaProvider: object removed 10456
12-14 13:25:59.158  2820  3012 D MediaProvider: object removed 10457
12-14 13:25:59.158  2820  3012 D MediaProvider: object removed 10458
12-14 13:25:59.158  2820  3012 D MediaProvider: object removed 10459
12-14 13:25:59.158  2820  3012 D MediaProvider: object removed 10460
12-14 13:25:59.158  2820  3012 D MediaProvider: object removed 10461
12-14 13:25:59.158  2820  3012 D MediaProvider: object removed 10462
12-14 13:25:59.158  2820  3012 D MediaProvider: object removed 10463
12-14 13:25:59.158  2820  3012 D MediaProvider: object removed 10464
12-14 13:25:59.158  2820  3012 D MediaProvider: object removed 10465
12-14 13:25:59.158  2820  3012 D MediaProvider: object removed 10466
12-14 13:25:59.158  2820  3012 D MediaProvider: object removed 10467
12-14 13:25:59.158  2820  3012 D MediaProvider: object removed 10468
12-14 13:25:59.158  2820  3012 D MediaProvider: object removed 10469
12-14 13:25:59.158  2820  3012 D MediaProvider: object removed 10470
12-14 13:25:59.158  2820  3012 D MediaProvider: object removed 10471
12-14 13:25:59.158  2820  3012 D MediaProvider: object removed 10472
12-14 13:25:59.158  2820  3012 D MediaProvider: object removed 10473
12-14 13:25:59.158  2820  3012 D MediaProvider: object removed 10474
12-14 13:25:59.158  2820  3012 D MediaProvider: object removed 10475
12-14 13:25:59.158  2820  3012 D MediaProvider: object removed 10476
12-14 13:25:59.158  2820  3012 D MediaProvider: object removed 10477
12-14 13:25:59.158  2820  3012 D MediaProvider: object removed 10478
12-14 13:25:59.158  2820  3012 D MediaProvider: object removed 10479
12-14 13:25:59.158  2820  3012 D MediaProvider: object removed 10480
12-14 13:25:59.158  2820  3012 D MediaProvider: object removed 10481
12-14 13:25:59.158  2820  3012 D MediaProvider: object removed 10482
12-14 13:25:59.158  2820  3012 D MediaProvider: object removed 10483
12-14 13:25:59.158  2820  3012 D MediaProvider: object removed 10484
12-14 13:25:59.158  2820  3012 D MediaProvider: object removed 10485
12-14 13:25:59.158  2820  3012 D MediaProvider: object removed 10486
12-14 13:25:59.158  2820  3012 D MediaProvider: object removed 10487
12-14 13:25:59.159  2820  3012 D MediaProvider: object removed 10488
12-14 13:25:59.159  2820  3012 D MediaProvider: object removed 10489
12-14 13:25:59.159  2820  3012 D MediaProvider: object removed 10490
12-14 13:25:59.159  2820  3012 D MediaProvider: object removed 10491
12-14 13:25:59.159  2820  3012 D MediaProvider: object removed 10492
12-14 13:25:59.159  2820  3012 D MediaProvider: object removed 10493
12-14 13:25:59.159  2820  3012 D MediaProvider: object removed 10494
12-14 13:25:59.159  2820  3012 D MediaProvider: object removed 10495
12-14 13:25:59.159  2820  3012 D MediaProvider: object removed 10496
12-14 13:25:59.159  2820  3012 D MediaProvider: object removed 10497
12-14 13:25:59.159  2820  3012 D MediaProvider: object removed 10498
12-14 13:25:59.159  2820  3012 D MediaProvider: object removed 10499
12-14 13:25:59.159  2820  3012 D MediaProvider: object removed 10500
12-14 13:25:59.159  2820  3012 D MediaProvider: object removed 10501
12-14 13:25:59.159  2820  3012 D MediaProvider: object removed 10502
12-14 13:25:59.159  2820  3012 D MediaProvider: object removed 10503
12-14 13:25:59.159  2820  3012 D MediaProvider: object removed 10504
12-14 13:25:59.159  2820  3012 D MediaProvider: object removed 10505
12-14 13:25:59.159  2820  3012 D MediaProvider: object removed 10506
12-14 13:25:59.159  2820  3012 D MediaProvider: object removed 10507
12-14 13:25:59.159  2820  3012 D MediaProvider: object removed 10508
12-14 13:25:59.159  2820  3012 D MediaProvider: object removed 10509
12-14 13:25:59.159  2820  3012 D MediaProvider: object removed 10510
12-14 13:25:59.159  2820  3012 D MediaProvider: object removed 10511
12-14 13:25:59.166  2820  3012 D MediaProvider: object removed 10512
12-14 13:25:59.166  2820  3012 D MediaProvider: object removed 10513
12-14 13:25:59.166  2820  3012 D MediaProvider: object removed 10514
12-14 13:25:59.166  2820  3012 D MediaProvider: object removed 10515
12-14 13:25:59.166  2820  3012 D MediaProvider: object removed 10516
12-14 13:25:59.166  2820  3012 D MediaProvider: object removed 10517
12-14 13:25:59.166  2820  3012 D MediaProvider: object removed 10518
12-14 13:25:59.166  2820  3012 D MediaProvider: object removed 10519
12-14 13:25:59.166  2820  3012 D MediaProvider: object removed 10520
12-14 13:25:59.166  2820  3012 D MediaProvider: object removed 10521
12-14 13:25:59.166  2820  3012 D MediaProvider: object removed 10522
12-14 13:25:59.166  2820  3012 D MediaProvider: object removed 10523
12-14 13:25:59.166  2820  3012 D MediaProvider: object removed 10524
12-14 13:25:59.166  2820  3012 D MediaProvider: object removed 10525
12-14 13:25:59.166  2820  3012 D MediaProvider: object removed 10526
12-14 13:25:59.166  2820  3012 D MediaProvider: object removed 10527
12-14 13:25:59.166  2820  3012 D MediaProvider: object removed 10528
12-14 13:25:59.166  2820  3012 D MediaProvider: object removed 10529
12-14 13:25:59.166  2820  3012 D MediaProvider: object removed 10530
12-14 13:25:59.166  2820  3012 D MediaProvider: object removed 10531
12-14 13:25:59.166  2820  3012 D MediaProvider: object removed 10532
12-14 13:25:59.166  2820  3012 D MediaProvider: object removed 10533
12-14 13:25:59.166  2820  3012 D MediaProvider: object removed 10534
12-14 13:25:59.166  2820  3012 D MediaProvider: object removed 10535
12-14 13:25:59.166  2820  3012 D MediaProvider: object removed 10536
12-14 13:25:59.166  2820  3012 D MediaProvider: object removed 10537
12-14 13:25:59.166  2820  3012 D MediaProvider: object removed 10538
12-14 13:25:59.166  2820  3012 D MediaProvider: object removed 10539
12-14 13:25:59.166  2820  3012 D MediaProvider: object removed 10540
12-14 13:25:59.166  2820  3012 D MediaProvider: object removed 10541
12-14 13:25:59.166  2820  3012 D MediaProvider: object removed 10542
12-14 13:25:59.166  2820  3012 D MediaProvider: object removed 10543
12-14 13:25:59.166  2820  3012 D MediaProvider: object removed 10544
12-14 13:25:59.166  2820  3012 D MediaProvider: object removed 10545
12-14 13:25:59.166  2820  3012 D MediaProvider: object removed 10546
12-14 13:25:59.166  2820  3012 D MediaProvider: object removed 10547
12-14 13:25:59.166  2820  3012 D MediaProvider: object removed 10548
12-14 13:25:59.166  2820  3012 D MediaProvider: object removed 10549
12-14 13:25:59.166  2820  3012 D MediaProvider: object removed 10550
12-14 13:25:59.166  2820  3012 D MediaProvider: object removed 10551
12-14 13:25:59.166  2820  3012 D MediaProvider: object removed 10552
12-14 13:25:59.166  2820  3012 D MediaProvider: object removed 10553
12-14 13:25:59.166  2820  3012 D MediaProvider: object removed 10554
12-14 13:25:59.166  2820  3012 D MediaProvider: object removed 10555
12-14 13:25:59.166  2820  3012 D MediaProvider: object removed 10556
12-14 13:25:59.166  2820  3012 D MediaProvider: object removed 10557
12-14 13:25:59.166  2820  3012 D MediaProvider: object removed 10558
12-14 13:25:59.167  2820  3012 D MediaProvider: object removed 10559
12-14 13:25:59.167  2820  3012 D MediaProvider: object removed 10560
12-14 13:25:59.167  2820  3012 D MediaProvider: object removed 10561
12-14 13:25:59.167  2820  3012 D MediaProvider: object removed 10562
12-14 13:25:59.167  2820  3012 D MediaProvider: object removed 10563
12-14 13:25:59.167  2820  3012 D MediaProvider: object removed 10564
12-14 13:25:59.167  2820  3012 D MediaProvider: object removed 10565
12-14 13:25:59.167  2820  3012 D MediaProvider: object removed 10566
12-14 13:25:59.167  2820  3012 D MediaProvider: object removed 10567
12-14 13:25:59.167  2820  3012 D MediaProvider: object removed 10568
12-14 13:25:59.167  2820  3012 D MediaProvider: object removed 10569
12-14 13:25:59.167  2820  3012 D MediaProvider: object removed 10570
12-14 13:25:59.167  2820  3012 D MediaProvider: object removed 10571
12-14 13:25:59.167  2820  3012 D MediaProvider: object removed 10572
12-14 13:25:59.167  2820  3012 D MediaProvider: object removed 10573
12-14 13:25:59.167  2820  3012 D MediaProvider: object removed 10574
12-14 13:25:59.167  2820  3012 D MediaProvider: object removed 10575
12-14 13:25:59.167  2820  3012 D MediaProvider: object removed 10576
12-14 13:25:59.167  2820  3012 D MediaProvider: object removed 10577
12-14 13:25:59.167  2820  3012 D MediaProvider: object removed 10578
12-14 13:25:59.172  2820  3012 D MediaProvider: object removed 10579
12-14 13:25:59.172  2820  3012 D MediaProvider: object removed 10580
12-14 13:25:59.172  2820  3012 D MediaProvider: object removed 10581
12-14 13:25:59.172  2820  3012 D MediaProvider: object removed 10582
12-14 13:25:59.172  2820  3012 D MediaProvider: object removed 10583
12-14 13:25:59.172  2820  3012 D MediaProvider: object removed 10584
12-14 13:25:59.172  2820  3012 D MediaProvider: object removed 10585
12-14 13:25:59.172  2820  3012 D MediaProvider: object removed 10586
12-14 13:25:59.172  2820  3012 D MediaProvider: object removed 10587
12-14 13:25:59.172  2820  3012 D MediaProvider: object removed 10588
12-14 13:25:59.172  2820  3012 D MediaProvider: object removed 10589
12-14 13:25:59.172  2820  3012 D MediaProvider: object removed 10590
12-14 13:25:59.172  2820  3012 D MediaProvider: object removed 10591
12-14 13:25:59.172  2820  3012 D MediaProvider: object removed 10592
12-14 13:25:59.172  2820  3012 D MediaProvider: object removed 10593
12-14 13:25:59.172  2820  3012 D MediaProvider: object removed 10594
12-14 13:25:59.172  2820  3012 D MediaProvider: object removed 10595
12-14 13:25:59.172  2820  3012 D MediaProvider: object removed 10596
12-14 13:25:59.172  2820  3012 D MediaProvider: object removed 10597
12-14 13:25:59.172  2820  3012 D MediaProvider: object removed 10598
12-14 13:25:59.172  2820  3012 D MediaProvider: object removed 10599
12-14 13:25:59.172  2820  3012 D MediaProvider: object removed 10600
12-14 13:25:59.172  2820  3012 D MediaProvider: object removed 10601
12-14 13:25:59.172  2820  3012 D MediaProvider: object removed 10602
12-14 13:25:59.172  2820  3012 D MediaProvider: object removed 10603
12-14 13:25:59.172  2820  3012 D MediaProvider: object removed 10604
12-14 13:25:59.172  2820  3012 D MediaProvider: object removed 10605
12-14 13:25:59.172  2820  3012 D MediaProvider: object removed 10606
12-14 13:25:59.172  2820  3012 D MediaProvider: object removed 10607
12-14 13:25:59.172  2820  3012 D MediaProvider: object removed 10608
12-14 13:25:59.172  2820  3012 D MediaProvider: object removed 10609
12-14 13:25:59.172  2820  3012 D MediaProvider: object removed 10610
12-14 13:25:59.172  2820  3012 D MediaProvider: object removed 10611
12-14 13:25:59.172  2820  3012 D MediaProvider: object removed 10612
12-14 13:25:59.172  2820  3012 D MediaProvider: object removed 10613
12-14 13:25:59.172  2820  3012 D MediaProvider: object removed 10614
12-14 13:25:59.172  2820  3012 D MediaProvider: object removed 10615
12-14 13:25:59.172  2820  3012 D MediaProvider: object removed 10616
12-14 13:25:59.173  2820  3012 D MediaProvider: object removed 10617
12-14 13:25:59.173  2820  3012 D MediaProvider: object removed 10618
12-14 13:25:59.173  2820  3012 D MediaProvider: object removed 10619
12-14 13:25:59.173  2820  3012 D MediaProvider: object removed 10620
12-14 13:25:59.173  2820  3012 D MediaProvider: object removed 10621
12-14 13:25:59.173  2820  3012 D MediaProvider: object removed 10622
12-14 13:25:59.173  2820  3012 D MediaProvider: object removed 10623
12-14 13:25:59.173  2820  3012 D MediaProvider: object removed 10624
12-14 13:25:59.173  2820  3012 D MediaProvider: object removed 10625
12-14 13:25:59.173  2820  3012 D MediaProvider: object removed 10626
12-14 13:25:59.173  2820  3012 D MediaProvider: object removed 10627
12-14 13:25:59.173  2820  3012 D MediaProvider: object removed 10628
12-14 13:25:59.173  2820  3012 D MediaProvider: object removed 10629
12-14 13:25:59.173  2820  3012 D MediaProvider: object removed 10630
12-14 13:25:59.173  2820  3012 D MediaProvider: object removed 10631
12-14 13:25:59.173  2820  3012 D MediaProvider: object removed 10632
12-14 13:25:59.173  2820  3012 D MediaProvider: object removed 10633
12-14 13:25:59.173  2820  3012 D MediaProvider: object removed 10634
12-14 13:25:59.173  2820  3012 D MediaProvider: object removed 10635
12-14 13:25:59.173  2820  3012 D MediaProvider: object removed 10636
12-14 13:25:59.173  2820  3012 D MediaProvider: object removed 10637
12-14 13:25:59.173  2820  3012 D MediaProvider: object removed 10638
12-14 13:25:59.173  2820  3012 D MediaProvider: object removed 10639
12-14 13:25:59.173  2820  3012 D MediaProvider: object removed 10640
12-14 13:25:59.173  2820  3012 D MediaProvider: object removed 10641
12-14 13:25:59.173  2820  3012 D MediaProvider: object removed 10642
12-14 13:25:59.189  3284  3284 W GAV2    : Thread[main,5,main]: Need to call initialize() and be in fallback mode to start dispatch.
12-14 13:25:59.189  2101  2362 W ActivityManager: Unable to start service Intent { cmp=com.google.android.gm/com.android.email.service.AttachmentService } U=0: not found
12-14 13:25:59.190  3284  3321 I Gmail   : Observing account changes for notifications
12-14 13:25:59.193  2101  2257 W ActivityManager: Unable to start service Intent { act=com.google.android.gm.email.EXCHANGE_INTENT pkg=com.google.android.gm.exchange } U=0: not found
12-14 13:25:59.193  2820  3012 W MediaScanner: Error opening directory '/storage/sdcard1/', skipping: Permission denied.
12-14 13:25:59.193  2820  3012 W MediaScanner: Error opening directory '/storage/usb0/', skipping: Permission denied.
12-14 13:25:59.193  2820  3012 W MediaScanner: Error opening directory '/storage/usb1/', skipping: Permission denied.
12-14 13:25:59.193  2820  3012 W MediaScanner: Error opening directory '/storage/usb2/', skipping: Permission denied.
12-14 13:25:59.193  2820  3012 W MediaScanner: Error opening directory '/storage/usb3/', skipping: Permission denied.
12-14 13:25:59.193  2820  3012 V MediaScanner: pruneDeadThumbnailFiles... android.database.sqlite.SQLiteCursor@2b933c26
12-14 13:25:59.194  2820  3012 V MediaScanner: /pruneDeadThumbnailFiles... android.database.sqlite.SQLiteCursor@2b933c26
12-14 13:25:59.195  2101  2444 W ActivityManager: Unable to start service Intent { act=com.google.android.gm.email.EXCHANGE_INTENT pkg=com.google.android.gm.exchange } U=0: not found
12-14 13:25:59.195  2650  3047 I iu.UploadsManager: End new media; added: 11, uploading: 0, time: 540 ms
12-14 13:25:59.198  3284  3325 E Gmail   : Error finding the version of the Email provider.....
12-14 13:25:59.198  3284  3325 E Gmail   : android.content.pm.PackageManager$NameNotFoundException: com.google.android.email
12-14 13:25:59.198  3284  3325 E Gmail   : 	at android.app.ApplicationPackageManager.getPackageInfo(ApplicationPackageManager.java:114)
12-14 13:25:59.198  3284  3325 E Gmail   : 	at com.google.android.gm.EmailMigrationService.a(SourceFile:1280)
12-14 13:25:59.198  3284  3325 E Gmail   : 	at com.google.android.gm.EmailMigrationService.onHandleIntent(SourceFile:219)
12-14 13:25:59.198  3284  3325 E Gmail   : 	at android.app.IntentService$ServiceHandler.handleMessage(IntentService.java:65)
12-14 13:25:59.198  3284  3325 E Gmail   : 	at android.os.Handler.dispatchMessage(Handler.java:102)
12-14 13:25:59.198  3284  3325 E Gmail   : 	at android.os.Looper.loop(Looper.java:135)
12-14 13:25:59.198  3284  3325 E Gmail   : 	at android.os.HandlerThread.run(HandlerThread.java:61)
12-14 13:25:59.198  3284  3325 W EmailMigration: We do not support migrating this version of the Email provider.
12-14 13:25:59.198  3284  3327 I Gmail   : getAccountsCursor
12-14 13:25:59.199  2557  2557 V GLSActivity: AuthDelegateWrapperCreated with selected intent: Intent { cmp=com.google.android.gms/.auth.DefaultAuthDelegateService }
12-14 13:25:59.200  2557  2557 V GLSActivity: AuthDelegateWrapperCreated with selected intent: Intent { cmp=com.google.android.gms/.auth.DefaultAuthDelegateService }
12-14 13:25:59.200  2307  2307 I SystemBroadcastReceiver: Boot has been completed
12-14 13:25:59.200  2307  2307 I LauncherIconVisibilityManager: Activity has already been disabled: ComponentInfo{com.android.inputmethod.latin/com.android.inputmethod.latin.setup.SetupActivity}
12-14 13:25:59.200  2101  2122 W ActivityManager: Unable to start service Intent { act=com.google.android.gm.email.EXCHANGE_INTENT pkg=com.google.android.gm.exchange } U=0: not found
12-14 13:25:59.200  2101  2362 W ActivityManager: Unable to start service Intent { act=com.google.android.gm.email.EXCHANGE_INTENT pkg=com.google.android.gm.exchange } U=0: not found
12-14 13:25:59.201  3284  3284 E ActivityThread: Service com.android.email.service.EmailBroadcastProcessorService has leaked ServiceConnection com.android.emailcommon.service.am@3b00a92d that was originally bound here
12-14 13:25:59.201  3284  3284 E ActivityThread: android.app.ServiceConnectionLeaked: Service com.android.email.service.EmailBroadcastProcessorService has leaked ServiceConnection com.android.emailcommon.service.am@3b00a92d that was originally bound here
12-14 13:25:59.201  3284  3284 E ActivityThread: 	at android.app.LoadedApk$ServiceDispatcher.<init>(LoadedApk.java:1077)
12-14 13:25:59.201  3284  3284 E ActivityThread: 	at android.app.LoadedApk.getServiceDispatcher(LoadedApk.java:971)
12-14 13:25:59.201  3284  3284 E ActivityThread: 	at android.app.ContextImpl.bindServiceCommon(ContextImpl.java:1774)
12-14 13:25:59.201  3284  3284 E ActivityThread: 	at android.app.ContextImpl.bindService(ContextImpl.java:1757)
12-14 13:25:59.201  3284  3284 E ActivityThread: 	at android.content.ContextWrapper.bindService(ContextWrapper.java:539)
12-14 13:25:59.201  3284  3284 E ActivityThread: 	at com.android.emailcommon.service.ak.a(SourceFile:181)
12-14 13:25:59.201  3284  3284 E ActivityThread: 	at com.android.emailcommon.service.ak.e(SourceFile:222)
12-14 13:25:59.201  3284  3284 E ActivityThread: 	at com.android.email.service.m.c(SourceFile:158)
12-14 13:25:59.201  3284  3284 E ActivityThread: 	at com.android.email.provider.b.a(SourceFile:201)
12-14 13:25:59.201  3284  3284 E ActivityThread: 	at com.android.email.provider.b.a(SourceFile:145)
12-14 13:25:59.201  3284  3284 E ActivityThread: 	at com.android.email.service.EmailBroadcastProcessorService.c(SourceFile:349)
12-14 13:25:59.201  3284  3284 E ActivityThread: 	at com.android.email.service.EmailBroadcastProcessorService.onHandleIntent(SourceFile:1334)
12-14 13:25:59.201  3284  3284 E ActivityThread: 	at android.app.IntentService$ServiceHandler.handleMessage(IntentService.java:65)
12-14 13:25:59.201  3284  3284 E ActivityThread: 	at android.os.Handler.dispatchMessage(Handler.java:102)
12-14 13:25:59.201  3284  3284 E ActivityThread: 	at android.os.Looper.loop(Looper.java:135)
12-14 13:25:59.201  3284  3284 E ActivityThread: 	at android.os.HandlerThread.run(HandlerThread.java:61)
12-14 13:25:59.216  2101  2362 I ActivityManager: Start proc 3334:com.google.android.youtube/u0a59 for broadcast com.google.android.youtube/com.google.android.libraries.youtube.upload.service.UploadService$BootReceiver
12-14 13:25:59.216  2101  2444 W ActivityManager: Unbind failed: could not find connection for android.os.BinderProxy@168853f6
12-14 13:25:59.217  2557  2557 V GLSActivity: AuthDelegateWrapperCreated with selected intent: Intent { cmp=com.google.android.gms/.auth.DefaultAuthDelegateService }
12-14 13:25:59.218  3284  3350 I Gmail   : getAccountsCursor
12-14 13:25:59.218  3284  3355 I Gmail   : getAccountsCursor
12-14 13:25:59.218  2557  2557 V GLSActivity: AuthDelegateWrapperCreated with selected intent: Intent { cmp=com.google.android.gms/.auth.DefaultAuthDelegateService }
12-14 13:25:59.230  2101  2444 I art     : Explicit concurrent mark sweep GC freed 5107(234KB) AllocSpace objects, 0(0B) LOS objects, 33% free, 9MB/14MB, paused 321us total 10.406ms
12-14 13:25:59.231  3334  3334 I ActivityThread: Switching default density from 160 to 240
12-14 13:25:59.254  2101  2257 W ActivityManager: getRunningAppProcesses: caller 10059 does not hold REAL_GET_TASKS; limiting output
12-14 13:25:59.259  3334  3359 W ResourcesManager: Asset path '/system/framework/com.android.media.remotedisplay.jar' does not exist or contains no resources.
12-14 13:25:59.259  3334  3359 W ResourcesManager: Asset path '/system/framework/com.android.location.provider.jar' does not exist or contains no resources.
12-14 13:25:59.260  2871  2871 I CalendarProvider2: Sending notification intent: Intent { act=android.intent.action.PROVIDER_CHANGED dat=content://com.android.calendar }
12-14 13:25:59.260  2871  2871 W ContentResolver: Failed to get type for: content://com.android.calendar (Unknown URL content://com.android.calendar)
12-14 13:25:59.265  3334  3359 V JNIHelp : Registering com/google/android/gms/org/conscrypt/NativeCrypto's 240 native methods...
12-14 13:25:59.272  3334  3359 I ProviderInstaller: Installed default security provider GmsCore_OpenSSL
12-14 13:25:59.295  3334  3334 E YouTube MDX: Bogus value in shared preferences for key MdxServerSelection value , returning default value.
12-14 13:25:59.308  3374  3374 I dex2oat : /system/bin/dex2oat --runtime-arg -classpath --runtime-arg  --instruction-set=x86_64 --instruction-set-features=default --runtime-arg -Xrelocate --boot-image=/system/framework/boot.art --dex-file=/data/data/com.google.android.youtube/cache/ads1329536491.jar --oat-fd=29 --oat-location=/data/data/com.google.android.youtube/cache/ads1329536491.dex --runtime-arg -Xms64m --runtime-arg -Xmx512m
12-14 13:25:59.315  1829  1858 E Vold    : Failed to find mounted volume for /storage/usb0/Android/data/com.google.android.youtube/cache/
12-14 13:25:59.315  3334  3334 W ContextImpl: Failed to ensure directory: /storage/usb0/Android/data/com.google.android.youtube/cache
12-14 13:25:59.316  1829  1858 E Vold    : Failed to find mounted volume for /storage/usb1/Android/data/com.google.android.youtube/cache/
12-14 13:25:59.316  3334  3334 W ContextImpl: Failed to ensure directory: /storage/usb1/Android/data/com.google.android.youtube/cache
12-14 13:25:59.316  1829  1858 E Vold    : Failed to find mounted volume for /storage/usb2/Android/data/com.google.android.youtube/cache/
12-14 13:25:59.316  3334  3334 W ContextImpl: Failed to ensure directory: /storage/usb2/Android/data/com.google.android.youtube/cache
12-14 13:25:59.317  1829  1858 E Vold    : Failed to find mounted volume for /storage/usb3/Android/data/com.google.android.youtube/cache/
12-14 13:25:59.317  3334  3334 W ContextImpl: Failed to ensure directory: /storage/usb3/Android/data/com.google.android.youtube/cache
12-14 13:25:59.317  1829  1858 E Vold    : Failed to find mounted volume for /storage/sdcard1/Android/data/com.google.android.youtube/cache/
12-14 13:25:59.317  3334  3334 W ContextImpl: Failed to ensure directory: /storage/sdcard1/Android/data/com.google.android.youtube/cache
12-14 13:25:59.322  3374  3374 I dex2oat : dex2oat took 13.163ms (threads: 8) arena alloc=278KB java alloc=12KB native alloc=2MB free=5MB
12-14 13:25:59.346  1829  1858 E Vold    : Failed to find mounted volume for /storage/usb0/Android/data/com.google.android.youtube/cache/
12-14 13:25:59.347  3334  3334 W ContextImpl: Failed to ensure directory: /storage/usb0/Android/data/com.google.android.youtube/cache
12-14 13:25:59.347  1829  1858 E Vold    : Failed to find mounted volume for /storage/usb1/Android/data/com.google.android.youtube/cache/
12-14 13:25:59.347  3334  3334 W ContextImpl: Failed to ensure directory: /storage/usb1/Android/data/com.google.android.youtube/cache
12-14 13:25:59.347  1829  1858 E Vold    : Failed to find mounted volume for /storage/usb2/Android/data/com.google.android.youtube/cache/
12-14 13:25:59.347  3334  3334 W ContextImpl: Failed to ensure directory: /storage/usb2/Android/data/com.google.android.youtube/cache
12-14 13:25:59.347  1829  1858 E Vold    : Failed to find mounted volume for /storage/usb3/Android/data/com.google.android.youtube/cache/
12-14 13:25:59.347  3334  3334 W ContextImpl: Failed to ensure directory: /storage/usb3/Android/data/com.google.android.youtube/cache
12-14 13:25:59.348  1829  1858 E Vold    : Failed to find mounted volume for /storage/sdcard1/Android/data/com.google.android.youtube/cache/
12-14 13:25:59.348  3334  3334 W ContextImpl: Failed to ensure directory: /storage/sdcard1/Android/data/com.google.android.youtube/cache
12-14 13:25:59.348  1829  1858 E Vold    : Failed to find mounted volume for /storage/usb0/Android/data/com.google.android.youtube/files/
12-14 13:25:59.348  3334  3334 W ContextImpl: Failed to ensure directory: /storage/usb0/Android/data/com.google.android.youtube/files
12-14 13:25:59.348  1829  1858 E Vold    : Failed to find mounted volume for /storage/usb1/Android/data/com.google.android.youtube/files/
12-14 13:25:59.348  3334  3334 W ContextImpl: Failed to ensure directory: /storage/usb1/Android/data/com.google.android.youtube/files
12-14 13:25:59.348  1829  1858 E Vold    : Failed to find mounted volume for /storage/usb2/Android/data/com.google.android.youtube/files/
12-14 13:25:59.349  3334  3334 W ContextImpl: Failed to ensure directory: /storage/usb2/Android/data/com.google.android.youtube/files
12-14 13:25:59.349  1829  1858 E Vold    : Failed to find mounted volume for /storage/usb3/Android/data/com.google.android.youtube/files/
12-14 13:25:59.349  3334  3334 W ContextImpl: Failed to ensure directory: /storage/usb3/Android/data/com.google.android.youtube/files
12-14 13:25:59.349  1829  1858 E Vold    : Failed to find mounted volume for /storage/sdcard1/Android/data/com.google.android.youtube/files/
12-14 13:25:59.349  3334  3334 W ContextImpl: Failed to ensure directory: /storage/sdcard1/Android/data/com.google.android.youtube/files
12-14 13:25:59.349  1829  1858 E Vold    : Failed to find mounted volume for /storage/usb0/Android/data/com.google.android.youtube/files/
12-14 13:25:59.349  3334  3334 W ContextImpl: Failed to ensure directory: /storage/usb0/Android/data/com.google.android.youtube/files
12-14 13:25:59.349  1829  1858 E Vold    : Failed to find mounted volume for /storage/usb1/Android/data/com.google.android.youtube/files/
12-14 13:25:59.349  3334  3334 W ContextImpl: Failed to ensure directory: /storage/usb1/Android/data/com.google.android.youtube/files
12-14 13:25:59.350  1829  1858 E Vold    : Failed to find mounted volume for /storage/usb2/Android/data/com.google.android.youtube/files/
12-14 13:25:59.350  3334  3334 W ContextImpl: Failed to ensure directory: /storage/usb2/Android/data/com.google.android.youtube/files
12-14 13:25:59.350  1829  1858 E Vold    : Failed to find mounted volume for /storage/usb3/Android/data/com.google.android.youtube/files/
12-14 13:25:59.350  3334  3334 W ContextImpl: Failed to ensure directory: /storage/usb3/Android/data/com.google.android.youtube/files
12-14 13:25:59.350  1829  1858 E Vold    : Failed to find mounted volume for /storage/sdcard1/Android/data/com.google.android.youtube/files/
12-14 13:25:59.350  3334  3334 W ContextImpl: Failed to ensure directory: /storage/sdcard1/Android/data/com.google.android.youtube/files
12-14 13:25:59.351  3334  3334 W InstanceID/Rpc: Found 10007
12-14 13:25:59.355  1829  1858 E Vold    : Failed to find mounted volume for /storage/usb0/Android/data/com.google.android.youtube/cache/
12-14 13:25:59.355  3334  3334 W ContextImpl: Failed to ensure directory: /storage/usb0/Android/data/com.google.android.youtube/cache
12-14 13:25:59.355  1829  1858 E Vold    : Failed to find mounted volume for /storage/usb1/Android/data/com.google.android.youtube/cache/
12-14 13:25:59.355  3334  3334 W ContextImpl: Failed to ensure directory: /storage/usb1/Android/data/com.google.android.youtube/cache
12-14 13:25:59.356  1829  1858 E Vold    : Failed to find mounted volume for /storage/usb2/Android/data/com.google.android.youtube/cache/
12-14 13:25:59.356  3334  3334 W ContextImpl: Failed to ensure directory: /storage/usb2/Android/data/com.google.android.youtube/cache
12-14 13:25:59.356  1829  1858 E Vold    : Failed to find mounted volume for /storage/usb3/Android/data/com.google.android.youtube/cache/
12-14 13:25:59.356  3334  3334 W ContextImpl: Failed to ensure directory: /storage/usb3/Android/data/com.google.android.youtube/cache
12-14 13:25:59.356  1829  1858 E Vold    : Failed to find mounted volume for /storage/sdcard1/Android/data/com.google.android.youtube/cache/
12-14 13:25:59.356  3334  3334 W ContextImpl: Failed to ensure directory: /storage/sdcard1/Android/data/com.google.android.youtube/cache
12-14 13:25:59.363  2650  2947 E JavaBinder: *** Uncaught remote exception!  (Exceptions are not yet supported across processes.)
12-14 13:25:59.363  2650  2947 E JavaBinder: java.lang.RuntimeException: android.os.RemoteException
12-14 13:25:59.363  2650  2947 E JavaBinder: 	at android.os.Parcel.writeException(Parcel.java:1446)
12-14 13:25:59.363  2650  2947 E JavaBinder: 	at android.os.Binder.execTransact(Binder.java:452)
12-14 13:25:59.363  2650  2947 E JavaBinder: Caused by: android.os.RemoteException
12-14 13:25:59.363  2650  2947 E JavaBinder: 	at com.google.android.gms.ads.identifier.service.b.a(SourceFile:77)
12-14 13:25:59.363  2650  2947 E JavaBinder: 	at com.google.android.gms.ads.identifier.a.e.onTransact(SourceFile:63)
12-14 13:25:59.363  2650  2947 E JavaBinder: 	at android.os.Binder.execTransact(Binder.java:446)
12-14 13:25:59.365  2650  2749 E JavaBinder: *** Uncaught remote exception!  (Exceptions are not yet supported across processes.)
12-14 13:25:59.365  2650  2749 E JavaBinder: java.lang.RuntimeException: android.os.RemoteException
12-14 13:25:59.365  2650  2749 E JavaBinder: 	at android.os.Parcel.writeException(Parcel.java:1446)
12-14 13:25:59.365  2650  2749 E JavaBinder: 	at android.os.Binder.execTransact(Binder.java:452)
12-14 13:25:59.365  2650  2749 E JavaBinder: Caused by: android.os.RemoteException
12-14 13:25:59.365  2650  2749 E JavaBinder: 	at com.google.android.gms.ads.identifier.service.b.a(SourceFile:77)
12-14 13:25:59.365  2650  2749 E JavaBinder: 	at com.google.android.gms.ads.identifier.a.e.onTransact(SourceFile:63)
12-14 13:25:59.365  2650  2749 E JavaBinder: 	at android.os.Binder.execTransact(Binder.java:446)
12-14 13:25:59.374  2557  3423 D GCM     : GcmService start Intent { act=com.google.android.gms.INITIALIZE flg=0x10 pkg=com.google.android.gms cmp=com.google.android.gms/.gcm.GcmService } com.google.android.gms.INITIALIZE
12-14 13:25:59.374  2557  2557 D AuthorizationBluetoothService: Received GmsCore event: Intent { act=com.google.android.gms.INITIALIZE flg=0x10 pkg=com.google.android.gms cmp=com.google.android.gms/.auth.be.proximity.authorization.bt.AuthorizationBluetoothService$AutoStarter }.
12-14 13:25:59.374  2557  2557 E AuthorizationBluetoothService: Proximity feature is not enabled.
12-14 13:25:59.375  2557  2557 V GLSActivity: AuthDelegateWrapperCreated with selected intent: Intent { cmp=com.google.android.gms/.auth.DefaultAuthDelegateService }
12-14 13:25:59.375  2557  2557 V GLSActivity: AuthDelegateWrapperCreated with selected intent: Intent { cmp=com.google.android.gms/.auth.DefaultAuthDelegateService }
12-14 13:25:59.375  2650  2650 V GmsCoreStatsServiceLauncher: Received broadcast intent Intent { act=com.google.android.gms.INITIALIZE flg=0x10 pkg=com.google.android.gms cmp=com.google.android.gms/.common.stats.GmsCoreStatsServiceLauncher }
12-14 13:25:59.377  2363  3425 E MDM     : [75] b.run: Couldn't connect to Google API client: ConnectionResult{statusCode=API_UNAVAILABLE, resolution=null, message=null}
12-14 13:25:59.378  2557  3427 D GCM     : GcmService start Intent { act=com.google.android.gms.INITIALIZE flg=0x10 pkg=com.google.android.gms cmp=com.google.android.gms/.gcm.GcmService } com.google.android.gms.INITIALIZE
12-14 13:25:59.378  2650  3426 D LocationInitializer: Restart initialization of location
12-14 13:25:59.378  2557  2557 D AuthorizationBluetoothService: Received GmsCore event: Intent { act=com.google.android.gms.INITIALIZE flg=0x10 pkg=com.google.android.gms cmp=com.google.android.gms/.auth.be.proximity.authorization.bt.AuthorizationBluetoothService$AutoStarter }.
12-14 13:25:59.378  2557  2557 E AuthorizationBluetoothService: Proximity feature is not enabled.
12-14 13:25:59.379  2557  2557 V GLSActivity: AuthDelegateWrapperCreated with selected intent: Intent { cmp=com.google.android.gms/.auth.DefaultAuthDelegateService }
12-14 13:25:59.379  2650  2650 V GmsCoreStatsServiceLauncher: Received broadcast intent Intent { act=com.google.android.gms.INITIALIZE flg=0x10 pkg=com.google.android.gms cmp=com.google.android.gms/.common.stats.GmsCoreStatsServiceLauncher }
12-14 13:25:59.380  2363  2672 W GCoreFlp: No location to return for getLastLocation()
12-14 13:25:59.380  2557  3428 W FusedLocationProvider: location=null
12-14 13:25:59.381  2363  3430 E MDM     : [76] b.run: Couldn't connect to Google API client: ConnectionResult{statusCode=API_UNAVAILABLE, resolution=null, message=null}
12-14 13:25:59.382  2363  2363 I GCoreUlr: Starting service, intent=Intent { act=com.google.android.location.reporting.ACTION_UPDATE_WORLD cmp=com.google.android.gms/com.google.android.location.reporting.service.DispatchingService (has extras) }, extras=Bundle[{receiverAction=com.google.android.location.internal.server.ACTION_RESTARTED}]
12-14 13:25:59.382  2650  3431 D LocationInitializer: Restart initialization of location
12-14 13:25:59.382  2363  2363 I GCoreUlr: DispatchingService.onCreate()
12-14 13:25:59.383  2557  3433 D GCM     : GcmService start Intent { act=com.google.android.gms.INITIALIZE flg=0x10 pkg=com.google.android.gms cmp=com.google.android.gms/.gcm.GcmService } com.google.android.gms.INITIALIZE
12-14 13:25:59.383  2557  2557 D AuthorizationBluetoothService: Received GmsCore event: Intent { act=com.google.android.gms.INITIALIZE flg=0x10 pkg=com.google.android.gms cmp=com.google.android.gms/.auth.be.proximity.authorization.bt.AuthorizationBluetoothService$AutoStarter }.
12-14 13:25:59.383  2557  2557 E AuthorizationBluetoothService: Proximity feature is not enabled.
12-14 13:25:59.384  2101  2121 I ActivityManager: Killing 2784:com.android.keychain/1000 (adj 15): empty #17
12-14 13:25:59.385  2557  2557 V GLSActivity: AuthDelegateWrapperCreated with selected intent: Intent { cmp=com.google.android.gms/.auth.DefaultAuthDelegateService }
12-14 13:25:59.398  2363  2672 W GCoreFlp: No location to return for getLastLocation()
12-14 13:25:59.398  2557  3432 W FusedLocationProvider: location=null
12-14 13:25:59.398  2101  2122 W ActivityManager: getRunningAppProcesses: caller 10059 does not hold REAL_GET_TASKS; limiting output
12-14 13:25:59.398  2650  2650 V GmsCoreStatsServiceLauncher: Received broadcast intent Intent { act=com.google.android.gms.INITIALIZE flg=0x10 pkg=com.google.android.gms cmp=com.google.android.gms/.common.stats.GmsCoreStatsServiceLauncher }
12-14 13:25:59.399  2650  2671 E JavaBinder: *** Uncaught remote exception!  (Exceptions are not yet supported across processes.)
12-14 13:25:59.399  2650  2671 E JavaBinder: java.lang.RuntimeException: android.os.RemoteException
12-14 13:25:59.399  2650  2671 E JavaBinder: 	at android.os.Parcel.writeException(Parcel.java:1446)
12-14 13:25:59.399  2650  2671 E JavaBinder: 	at android.os.Binder.execTransact(Binder.java:452)
12-14 13:25:59.399  2650  2671 E JavaBinder: Caused by: android.os.RemoteException
12-14 13:25:59.399  2650  2671 E JavaBinder: 	at com.google.android.gms.ads.identifier.service.b.a(SourceFile:77)
12-14 13:25:59.399  2650  2671 E JavaBinder: 	at com.google.android.gms.ads.identifier.a.e.onTransact(SourceFile:63)
12-14 13:25:59.399  2650  2671 E JavaBinder: 	at android.os.Binder.execTransact(Binder.java:446)
12-14 13:25:59.400  2363  3435 I GCoreUlr: WorldUpdater received intent Intent { act=com.google.android.location.reporting.ACTION_UPDATE_WORLD cmp=com.google.android.gms/com.google.android.location.reporting.service.DispatchingService (has extras) } with receiverAction com.google.android.location.internal.server.ACTION_RESTARTED
12-14 13:25:59.400  2363  3438 E MDM     : [78] b.run: Couldn't connect to Google API client: ConnectionResult{statusCode=API_UNAVAILABLE, resolution=null, message=null}
12-14 13:25:59.416  3440  3440 W libnb   : Native bridge is disabled
12-14 13:25:59.416  2101  2122 I ActivityManager: Start proc 3440:cn.wps.moffice_eng/u0a61 for broadcast cn.wps.moffice_eng/cn.wps.moffice.service.receivers.MonitorServiceReceiver
12-14 13:25:59.416  2650  3439 D LocationInitializer: Restart initialization of location
12-14 13:25:59.417  2101  2121 W ActivityManager: getRunningAppProcesses: caller 10059 does not hold REAL_GET_TASKS; limiting output
12-14 13:25:59.417  2650  2670 E JavaBinder: *** Uncaught remote exception!  (Exceptions are not yet supported across processes.)
12-14 13:25:59.417  2650  2670 E JavaBinder: java.lang.RuntimeException: android.os.RemoteException
12-14 13:25:59.417  2650  2670 E JavaBinder: 	at android.os.Parcel.writeException(Parcel.java:1446)
12-14 13:25:59.417  2650  2670 E JavaBinder: 	at android.os.Binder.execTransact(Binder.java:452)
12-14 13:25:59.417  2650  2670 E JavaBinder: Caused by: android.os.RemoteException
12-14 13:25:59.417  2650  2670 E JavaBinder: 	at com.google.android.gms.ads.identifier.service.b.a(SourceFile:77)
12-14 13:25:59.417  2650  2670 E JavaBinder: 	at com.google.android.gms.ads.identifier.a.e.onTransact(SourceFile:63)
12-14 13:25:59.417  2650  2670 E JavaBinder: 	at android.os.Binder.execTransact(Binder.java:446)
12-14 13:25:59.419  2363  3435 I GCoreUlr: WorldUpdater:com.google.android.location.internal.server.ACTION_RESTARTED: Ensuring that reporting is stopped because of reasons: (no Google accounts)
12-14 13:25:59.420  2363  2672 W GCoreFlp: No location to return for getLastLocation()
12-14 13:25:59.420  2363  3435 I GCoreUlr: Unbound from all location providers
12-14 13:25:59.420  2557  3453 W FusedLocationProvider: location=null
12-14 13:25:59.421  2363  2363 I GCoreUlr: DispatchingService.onDestroy()
12-14 13:25:59.421  2363  2363 I GCoreUlr: Stopping handler for UlrDispSvcFast
12-14 13:25:59.421  2363  2363 I GCoreUlr: Unbound from all location providers
12-14 13:25:59.426  3440  3440 I ActivityThread: Switching default density from 160 to 240
12-14 13:25:59.454  2101  2257 W ActivityManager: getRunningAppProcesses: caller 10061 does not hold REAL_GET_TASKS; limiting output
