--------- beginning of main
12-14 13:25:54.258  1827  1827 I lowmemorykiller: Using in-kernel low memory killer interface
12-14 13:25:54.263  1835  1835 E ProbeModule: insmod_by_dep: cannot load module: [net-pf-16-proto-9]
12-14 13:25:54.263  1841  1841 I         : debuggerd: Oct  6 2015 23:16:39
--------- beginning of system
12-14 13:25:54.264  1829  1829 I Vold    : Vold 2.1 (the revenge) firing up
12-14 13:25:54.264  1829  1829 E DirectVolume: Vold managed volumes must have auto mount point; ignoring /storage/usb0
12-14 13:25:54.264  1829  1829 D Vold    : Volume usb0 state changing -1 (Initializing) -> 0 (No-Media)
12-14 13:25:54.264  1829  1829 E DirectVolume: Vold managed volumes must have auto mount point; ignoring /storage/usb1
12-14 13:25:54.264  1829  1829 D Vold    : Volume usb1 state changing -1 (Initializing) -> 0 (No-Media)
12-14 13:25:54.264  1829  1829 E DirectVolume: Vold managed volumes must have auto mount point; ignoring /storage/usb2
12-14 13:25:54.264  1829  1829 D Vold    : Volume usb2 state changing -1 (Initializing) -> 0 (No-Media)
12-14 13:25:54.264  1829  1829 E DirectVolume: Vold managed volumes must have auto mount point; ignoring /storage/usb3
12-14 13:25:54.264  1829  1829 D Vold    : Volume usb3 state changing -1 (Initializing) -> 0 (No-Media)
12-14 13:25:54.264  1838  1838 I Netd    : Netd 1.0 starting
12-14 13:25:54.265  1845  1845 I installd: installd firing up
12-14 13:25:54.265  1852  1852 I powerbtn: open event2(Power Button) ok
12-14 13:25:54.265  1852  1852 I powerbtn: open event1(Power Button) ok
12-14 13:25:54.268  1838  1838 E Netd    : Failed to open /proc/sys/net/ipv6/conf/default/accept_ra_rt_table: No such file or directory
12-14 13:25:54.268  1838  1838 E Netd    : Failed to open /proc/sys/net/ipv6/conf/eth0/accept_ra_rt_table: No such file or directory
12-14 13:25:54.268  1838  1838 E Netd    : Failed to open /proc/sys/net/ipv6/conf/ip6tnl0/accept_ra_rt_table: No such file or directory
12-14 13:25:54.268  1838  1838 E Netd    : Failed to open /proc/sys/net/ipv6/conf/lo/accept_ra_rt_table: No such file or directory
12-14 13:25:54.268  1838  1838 E Netd    : Failed to open /proc/sys/net/ipv6/conf/sit0/accept_ra_rt_table: No such file or directory
12-14 13:25:54.268  1838  1838 E Netd    : Failed to open /proc/sys/net/ipv6/conf/wlan0/accept_ra_rt_table: No such file or directory
12-14 13:25:54.274  1830  1830 I SurfaceFlinger: SurfaceFlinger is starting
12-14 13:25:54.274  1830  1830 I SurfaceFlinger: SurfaceFlinger's main thread ready to run. Initializing graphics H/W...
12-14 13:25:54.277  1849  1849 I keystore: SELinux: Keystore SELinux is disabled.
12-14 13:25:54.284  1830  1830 D libEGL  : loaded /system/lib64/egl/libGLES_mesa.so
12-14 13:25:54.295  1840  1840 I         : debuggerd: Oct  6 2015 23:16:39
12-14 13:25:54.295  1830  1830 I GRALLOC-DRM: create intel for driver i915
12-14 13:25:54.304  1830  1830 I EGL-DRI2: DRI2: found extension DRI_Core version 1
12-14 13:25:54.304  1830  1830 I EGL-DRI2: DRI2: found extension DRI_DRI2 version 4
12-14 13:25:54.314  1830  1830 I EGL-DRI2: DRI2: found extension DRI_TexBuffer version 3
12-14 13:25:54.314  1830  1830 I EGL-DRI2: DRI2: found extension DRI2_Flush version 4
12-14 13:25:54.314  1830  1830 I EGL-DRI2: DRI2: found extension DRI_IMAGE version 11
12-14 13:25:54.314  1830  1830 D GRALLOC-KMS: supported drm planes and formats
12-14 13:25:54.314  1830  1830 D GRALLOC-KMS: plane id 21
12-14 13:25:54.314  1830  1830 D GRALLOC-KMS:     format XB24
12-14 13:25:54.314  1830  1830 D GRALLOC-KMS:     format XR24
12-14 13:25:54.314  1830  1830 D GRALLOC-KMS:     format YUYV
12-14 13:25:54.314  1830  1830 D GRALLOC-KMS:     format YVYU
12-14 13:25:54.314  1830  1830 D GRALLOC-KMS:     format UYVY
12-14 13:25:54.314  1830  1830 D GRALLOC-KMS:     format VYUY
12-14 13:25:54.314  1830  1830 D GRALLOC-KMS: plane id 25
12-14 13:25:54.314  1830  1830 D GRALLOC-KMS:     format XB24
12-14 13:25:54.314  1830  1830 D GRALLOC-KMS:     format XR24
12-14 13:25:54.314  1830  1830 D GRALLOC-KMS:     format YUYV
12-14 13:25:54.314  1830  1830 D GRALLOC-KMS:     format YVYU
12-14 13:25:54.314  1830  1830 D GRALLOC-KMS:     format UYVY
12-14 13:25:54.314  1830  1830 D GRALLOC-KMS:     format VYUY
12-14 13:25:54.314  1830  1830 D GRALLOC-KMS: plane id 29
12-14 13:25:54.314  1830  1830 D GRALLOC-KMS:     format XB24
12-14 13:25:54.314  1830  1830 D GRALLOC-KMS:     format XR24
12-14 13:25:54.314  1830  1830 D GRALLOC-KMS:     format YUYV
12-14 13:25:54.314  1830  1830 D GRALLOC-KMS:     format YVYU
12-14 13:25:54.314  1830  1830 D GRALLOC-KMS:     format UYVY
12-14 13:25:54.314  1830  1830 D GRALLOC-KMS:     format VYUY
12-14 13:25:54.324  1830  1830 I GRALLOC-KMS: there is one mode on connector 0x33: 1920x1080
12-14 13:25:54.324  1830  1830 I GRALLOC-KMS: Established mode:
12-14 13:25:54.324  1830  1830 I GRALLOC-KMS: clock: 143000, hdisplay: 1920, hsync_start: 1968, hsync_end: 2000, htotal: 2080, hskew: 0
12-14 13:25:54.324  1830  1830 I GRALLOC-KMS: vdisplay: 1080, vsync_start: 1082, vsync_end: 1087, vtotal: 1144, vscan: 0, vrefresh: 60
12-14 13:25:54.324  1830  1830 I GRALLOC-KMS: flags: 10, type: 72, name 1920x1080
12-14 13:25:54.324  1830  1830 I GRALLOC-KMS: the best mode is 1920x1080
12-14 13:25:54.333  1830  1830 D GRALLOC-KMS: will use flip for fb posting
12-14 13:25:54.333  1830  1830 I GRALLOC-MOD: mode.hdisplay 1920
12-14 13:25:54.333  1830  1830 I GRALLOC-MOD: mode.vdisplay 1080
12-14 13:25:54.333  1830  1830 I GRALLOC-MOD: mode.vrefresh 60.000000
12-14 13:25:54.333  1830  1830 I GRALLOC-MOD: format 0x5
12-14 13:25:54.333  1830  1830 I GRALLOC-MOD: xdpi 143.000000
12-14 13:25:54.333  1830  1830 I GRALLOC-MOD: ydpi 144.000000
12-14 13:25:54.334  1830  1830 I GRALLOC-MOD: mode.hdisplay 1920
12-14 13:25:54.334  1830  1830 I GRALLOC-MOD: mode.vdisplay 1080
12-14 13:25:54.334  1830  1830 I GRALLOC-MOD: mode.vrefresh 60.000000
12-14 13:25:54.334  1830  1830 I GRALLOC-MOD: format 0x5
12-14 13:25:54.334  1830  1830 I GRALLOC-MOD: xdpi 143.000000
12-14 13:25:54.334  1830  1830 I GRALLOC-MOD: ydpi 144.000000
12-14 13:25:54.334  1830  1830 W hwcomposer: getting VSYNC period from fb HAL: 16666667
12-14 13:25:54.334  1830  1830 D hwcomposer: Intel hwcomposer module
12-14 13:25:54.334  1830  1830 I SurfaceFlinger: Using composer version 1.0
12-14 13:25:54.334  1830  1830 W SurfaceFlinger: no suitable EGLConfig found, trying a simpler query
12-14 13:25:54.334  1830  1830 I SurfaceFlinger: EGL information:
12-14 13:25:54.334  1830  1830 I SurfaceFlinger: vendor    : Android
12-14 13:25:54.334  1830  1830 I SurfaceFlinger: version   : 1.4 Android META-EGL
12-14 13:25:54.334  1830  1830 I SurfaceFlinger: extensions: EGL_KHR_get_all_proc_addresses EGL_ANDROID_presentation_time EGL_KHR_image_base EGL_KHR_gl_texture_2D_image EGL_KHR_gl_texture_cubemap_image EGL_KHR_gl_renderbuffer_image EGL_KHR_fence_sync EGL_KHR_create_context EGL_EXT_create_context_robustness EGL_ANDROID_image_native_buffer EGL_KHR_wait_sync 
12-14 13:25:54.334  1830  1830 I SurfaceFlinger: Client API: OpenGL_ES
12-14 13:25:54.334  1830  1830 I SurfaceFlinger: EGLSurface: 8-8-8-8, config=0x7f23cdd7a040
12-14 13:25:54.356  1844  1844 I mediaserver: ServiceManager: 0xf58356a0
12-14 13:25:54.356  1844  1844 I AudioFlinger: Using default 3000 mSec as standby time.
12-14 13:25:54.356  1844  1844 I ServiceManager: Waiting for service batterystats...
12-14 13:25:54.362  1830  1830 I SurfaceFlinger: OpenGL ES informations:
12-14 13:25:54.362  1830  1830 I SurfaceFlinger: vendor    : Intel Open Source Technology Center
12-14 13:25:54.362  1830  1830 I SurfaceFlinger: renderer  : Mesa DRI Intel(R) Haswell Mobile 
12-14 13:25:54.362  1830  1830 I SurfaceFlinger: version   : OpenGL ES 3.0 Mesa 11.0.2 (git-68868dc)
12-14 13:25:54.362  1830  1830 I SurfaceFlinger: extensions: GL_EXT_blend_minmax GL_EXT_multi_draw_arrays GL_EXT_texture_filter_anisotropic GL_EXT_texture_compression_dxt1 GL_EXT_texture_format_BGRA8888 GL_OES_compressed_ETC1_RGB8_texture GL_OES_depth24 GL_OES_element_index_uint GL_OES_fbo_render_mipmap GL_OES_mapbuffer GL_OES_rgb8_rgba8 GL_OES_standard_derivatives GL_OES_stencil8 GL_OES_texture_3D GL_OES_texture_float GL_OES_texture_float_linear GL_OES_texture_half_float GL_OES_texture_half_float_linear GL_OES_texture_npot GL_OES_EGL_image GL_OES_depth_texture GL_OES_packed_depth_stencil GL_EXT_texture_type_2_10_10_10_REV GL_OES_get_program_binary GL_APPLE_texture_max_level GL_EXT_discard_framebuffer GL_EXT_read_format_bgra GL_NV_fbo_color_attachments GL_OES_EGL_image_external GL_OES_EGL_sync GL_OES_vertex_array_object GL_ANGLE_texture_compression_dxt3 GL_ANGLE_texture_compression_dxt5 GL_EXT_texture_rg GL_EXT_unpack_subimage GL_NV_draw_buffers GL_NV_read_buffer GL_NV_read_depth GL_NV_read_depth_stencil GL_NV_read_stencil GL_EXT_draw_buffers GL_EXT_map_bu
12-14 13:25:54.362  1830  1830 I SurfaceFlinger: GL_MAX_TEXTURE_SIZE = 8192
12-14 13:25:54.362  1830  1830 I SurfaceFlinger: GL_MAX_VIEWPORT_DIMS = 16384
12-14 13:25:54.362  1830  1830 D SurfaceFlinger: Open /dev/tty0 OK
12-14 13:25:54.368  1830  1830 D SurfaceFlinger: Set power mode=2, type=0 flinger=0x7f23cdc62000
12-14 13:25:54.382  1838  1838 V NatController: runCmd(/system/bin/iptables -F natctrl_FORWARD) res=0
12-14 13:25:54.383  1838  1838 V NatController: runCmd(/system/bin/iptables -A natctrl_FORWARD -j DROP) res=0
12-14 13:25:54.384  1838  1838 V NatController: runCmd(/system/bin/iptables -t nat -F natctrl_nat_POSTROUTING) res=0
12-14 13:25:54.385  1838  1838 V NatController: runCmd(/system/bin/iptables -F natctrl_tether_counters) res=1
12-14 13:25:54.385  1838  1838 V NatController: runCmd(/system/bin/iptables -X natctrl_tether_counters) res=1
12-14 13:25:54.386  1838  1838 V NatController: runCmd(/system/bin/iptables -N natctrl_tether_counters) res=0
12-14 13:25:54.386  1838  1838 V NatController: runCmd(/system/bin/iptables -t mangle -A natctrl_mangle_FORWARD -p tcp --tcp-flags SYN SYN -j TCPMSS --clamp-mss-to-pmtu) res=0
12-14 13:25:54.395  1830  1862 I SurfaceFlinger: auto set density to 240
12-14 13:25:54.396  1995  2031 D libEGL  : loaded /system/lib64/egl/libGLES_mesa.so
12-14 13:25:54.403  1995  2031 I GRALLOC-DRM: create intel for driver i915
12-14 13:25:54.403  1995  2031 I EGL-DRI2: DRI2: found extension DRI_Core version 1
12-14 13:25:54.403  1995  2031 I EGL-DRI2: DRI2: found extension DRI_DRI2 version 4
12-14 13:25:54.407  1995  2031 I EGL-DRI2: DRI2: found extension DRI_TexBuffer version 3
12-14 13:25:54.407  1995  2031 I EGL-DRI2: DRI2: found extension DRI2_Flush version 4
12-14 13:25:54.407  1995  2031 I EGL-DRI2: DRI2: found extension DRI_IMAGE version 11
12-14 13:25:54.416  1838  1838 I iptables: iptables: Invalid argument. Run `dmesg' for more information.
12-14 13:25:54.416  1838  1838 I iptables: iptables terminated by exit(1)
12-14 13:25:54.416  1838  1838 E BandwidthController: runIptablesCmd(): res=1 status=256 failed /system/bin/iptables -A bw_INPUT -m owner --socket-exists
12-14 13:25:54.416  1851  1851 D AndroidRuntime: >>>>>> START com.android.internal.os.ZygoteInit uid 0 <<<<<<
12-14 13:25:54.417  1838  1838 I ip6tables: ip6tables: Invalid argument. Run `dmesg' for more information.
12-14 13:25:54.417  1838  1838 I ip6tables: ip6tables terminated by exit(1)
12-14 13:25:54.417  1838  1838 E BandwidthController: runIptablesCmd(): res=1 status=256 failed /system/bin/ip6tables -A bw_INPUT -m owner --socket-exists
12-14 13:25:54.427  1851  1851 D AndroidRuntime: CheckJNI is OFF
12-14 13:25:54.428  1850  1850 D AndroidRuntime: >>>>>> START com.android.internal.os.ZygoteInit uid 0 <<<<<<
12-14 13:25:54.432  1851  1851 I art     : option[0]=-Xzygote
12-14 13:25:54.432  1851  1851 I art     : option[1]=-Xstacktracefile:/data/anr/traces.txt
12-14 13:25:54.432  1851  1851 I art     : option[2]=exit
12-14 13:25:54.432  1851  1851 I art     : option[3]=vfprintf
12-14 13:25:54.432  1851  1851 I art     : option[4]=sensitiveThread
12-14 13:25:54.432  1851  1851 I art     : option[5]=-verbose:gc
12-14 13:25:54.432  1851  1851 I art     : option[6]=-Xms16m
12-14 13:25:54.432  1851  1851 I art     : option[7]=-Xmx512m
12-14 13:25:54.432  1851  1851 I art     : option[8]=-XX:mainThreadStackSize=24K
12-14 13:25:54.432  1851  1851 I art     : option[9]=-XX:HeapGrowthLimit=192m
12-14 13:25:54.432  1851  1851 I art     : option[10]=-XX:HeapMinFree=512k
12-14 13:25:54.432  1851  1851 I art     : option[11]=-XX:HeapMaxFree=8m
12-14 13:25:54.432  1851  1851 I art     : option[12]=-XX:HeapTargetUtilization=0.75
12-14 13:25:54.432  1851  1851 I art     : option[13]=-Xgenregmap
12-14 13:25:54.432  1851  1851 I art     : option[14]=-Xgc:precise
12-14 13:25:54.432  1851  1851 I art     : option[15]=-agentlib:jdwp=transport=dt_android_adb,suspend=n,server=y
12-14 13:25:54.432  1851  1851 I art     : option[16]=-Xlockprofthreshold:500
12-14 13:25:54.432  1851  1851 I art     : option[17]=-Ximage-compiler-option
12-14 13:25:54.432  1851  1851 I art     : option[18]=--runtime-arg
12-14 13:25:54.432  1851  1851 I art     : option[19]=-Ximage-compiler-option
12-14 13:25:54.432  1851  1851 I art     : option[20]=-Xms64m
12-14 13:25:54.432  1851  1851 I art     : option[21]=-Ximage-compiler-option
12-14 13:25:54.432  1851  1851 I art     : option[22]=--runtime-arg
12-14 13:25:54.432  1851  1851 I art     : option[23]=-Ximage-compiler-option
12-14 13:25:54.432  1851  1851 I art     : option[24]=-Xmx64m
12-14 13:25:54.432  1851  1851 I art     : option[25]=-Ximage-compiler-option
12-14 13:25:54.432  1851  1851 I art     : option[26]=--image-classes=/system/etc/preloaded-classes
12-14 13:25:54.432  1851  1851 I art     : option[27]=-Xcompiler-option
12-14 13:25:54.432  1851  1851 I art     : option[28]=--runtime-arg
12-14 13:25:54.432  1851  1851 I art     : option[29]=-Xcompiler-option
12-14 13:25:54.432  1851  1851 I art     : option[30]=-Xms64m
12-14 13:25:54.432  1851  1851 I art     : option[31]=-Xcompiler-option
12-14 13:25:54.432  1851  1851 I art     : option[32]=--runtime-arg
12-14 13:25:54.432  1851  1851 I art     : option[33]=-Xcompiler-option
12-14 13:25:54.432  1851  1851 I art     : option[34]=-Xmx512m
12-14 13:25:54.432  1851  1851 I art     : option[35]=-Duser.language=zh
12-14 13:25:54.432  1851  1851 I art     : option[36]=-Duser.region=CN
12-14 13:25:54.432  1851  1851 I art     : option[37]=-XX:NativeBridge=libnb.so
12-14 13:25:54.436  1850  1850 D AndroidRuntime: CheckJNI is OFF
12-14 13:25:54.439  1850  1850 I art     : option[0]=-Xzygote
12-14 13:25:54.439  1850  1850 I art     : option[1]=-Xstacktracefile:/data/anr/traces.txt
12-14 13:25:54.439  1850  1850 I art     : option[2]=exit
12-14 13:25:54.439  1850  1850 I art     : option[3]=vfprintf
12-14 13:25:54.439  1850  1850 I art     : option[4]=sensitiveThread
12-14 13:25:54.439  1850  1850 I art     : option[5]=-verbose:gc
12-14 13:25:54.439  1850  1850 I art     : option[6]=-Xms16m
12-14 13:25:54.439  1850  1850 I art     : option[7]=-Xmx512m
12-14 13:25:54.439  1850  1850 I art     : option[8]=-XX:mainThreadStackSize=24K
12-14 13:25:54.439  1850  1850 I art     : option[9]=-XX:HeapGrowthLimit=192m
12-14 13:25:54.439  1850  1850 I art     : option[10]=-XX:HeapMinFree=512k
12-14 13:25:54.439  1850  1850 I art     : option[11]=-XX:HeapMaxFree=8m
12-14 13:25:54.439  1850  1850 I art     : option[12]=-XX:HeapTargetUtilization=0.75
12-14 13:25:54.439  1850  1850 I art     : option[13]=-Xgenregmap
12-14 13:25:54.439  1850  1850 I art     : option[14]=-Xgc:precise
12-14 13:25:54.439  1850  1850 I art     : option[15]=-agentlib:jdwp=transport=dt_android_adb,suspend=n,server=y
12-14 13:25:54.439  1850  1850 I art     : option[16]=-Xlockprofthreshold:500
12-14 13:25:54.439  1850  1850 I art     : option[17]=-Ximage-compiler-option
12-14 13:25:54.439  1850  1850 I art     : option[18]=--runtime-arg
12-14 13:25:54.439  1850  1850 I art     : option[19]=-Ximage-compiler-option
12-14 13:25:54.439  1850  1850 I art     : option[20]=-Xms64m
12-14 13:25:54.439  1850  1850 I art     : option[21]=-Ximage-compiler-option
12-14 13:25:54.439  1850  1850 I art     : option[22]=--runtime-arg
12-14 13:25:54.439  1850  1850 I art     : option[23]=-Ximage-compiler-option
12-14 13:25:54.439  1850  1850 I art     : option[24]=-Xmx64m
12-14 13:25:54.439  1850  1850 I art     : option[25]=-Ximage-compiler-option
12-14 13:25:54.439  1850  1850 I art     : option[26]=--image-classes=/system/etc/preloaded-classes
12-14 13:25:54.439  1850  1850 I art     : option[27]=-Xcompiler-option
12-14 13:25:54.439  1850  1850 I art     : option[28]=--runtime-arg
12-14 13:25:54.439  1850  1850 I art     : option[29]=-Xcompiler-option
12-14 13:25:54.439  1850  1850 I art     : option[30]=-Xms64m
12-14 13:25:54.439  1850  1850 I art     : option[31]=-Xcompiler-option
12-14 13:25:54.439  1850  1850 I art     : option[32]=--runtime-arg
12-14 13:25:54.439  1850  1850 I art     : option[33]=-Xcompiler-option
12-14 13:25:54.439  1850  1850 I art     : option[34]=-Xmx512m
12-14 13:25:54.439  1850  1850 I art     : option[35]=-Duser.language=zh
12-14 13:25:54.439  1850  1850 I art     : option[36]=-Duser.region=CN
12-14 13:25:54.439  1850  1850 I art     : option[37]=-XX:NativeBridge=libnb.so
12-14 13:25:54.448  1830  1830 D SurfaceFlinger: shader cache generated - 24 shaders in 34.612518 ms
12-14 13:25:54.527  2082  2082 E ProbeModule: insmod_by_dep: cannot load module: [net-pf-16-proto-5]
12-14 13:25:54.527  1838  1838 E Netd    : Unable to create netlink socket: Protocol not supported
12-14 13:25:54.527  1838  1838 E Netd    : Unable to open quota2 logging socket
12-14 13:25:54.527  1838  1838 D MDnsDS  : MDnsSdListener::Hander starting up
12-14 13:25:54.527  1838  2084 D MDnsDS  : MDnsSdListener starting to monitor
12-14 13:25:54.527  1838  2084 D MDnsDS  : Going to poll with pollCount 1
12-14 13:25:54.623  1851  1851 E memtrack: Couldn't load memtrack module (No such file or directory)
12-14 13:25:54.623  1851  1851 E android.os.Debug: failed to load memtrack module: -2
12-14 13:25:54.624  1850  1850 E memtrack: Couldn't load memtrack module (No such file or directory)
12-14 13:25:54.624  1850  1850 E android.os.Debug: failed to load memtrack module: -2
12-14 13:25:54.631  1851  1851 I SamplingProfilerIntegration: Profiling disabled.
12-14 13:25:54.631  1850  1850 I SamplingProfilerIntegration: Profiling disabled.
12-14 13:25:54.632  1851  1851 D Zygote  : begin preload
12-14 13:25:54.632  1850  1850 D Zygote  : begin preload
12-14 13:25:54.633  1851  1851 I Zygote  : Preloading classes...
12-14 13:25:54.634  1850  1850 I Zygote  : Preloading classes...
12-14 13:25:54.638  1851  1851 I art     : Explicit concurrent mark sweep GC freed 797(36KB) AllocSpace objects, 0(0B) LOS objects, 95% free, 44KB/1068KB, paused 33us total 4.549ms
12-14 13:25:54.639  1850  1850 I art     : Explicit concurrent mark sweep GC freed 797(36KB) AllocSpace objects, 0(0B) LOS objects, 95% free, 47KB/1071KB, paused 25us total 4.872ms
12-14 13:25:54.641  1851  1851 I art     : Counter: 1
12-14 13:25:54.641  1850  1850 I art     : Counter: 1
12-14 13:25:54.646  1850  1850 I art     : Explicit concurrent mark sweep GC freed 553(33KB) AllocSpace objects, 0(0B) LOS objects, 93% free, 67KB/1091KB, paused 21us total 1.392ms
12-14 13:25:54.646  1851  1851 I art     : Explicit concurrent mark sweep GC freed 559(34KB) AllocSpace objects, 0(0B) LOS objects, 94% free, 64KB/1088KB, paused 23us total 1.541ms
12-14 13:25:54.655  1850  1850 I art     : Explicit concurrent mark sweep GC freed 645(41KB) AllocSpace objects, 0(0B) LOS objects, 93% free, 75KB/1099KB, paused 12us total 1.024ms
12-14 13:25:54.657  1851  1851 I art     : Explicit concurrent mark sweep GC freed 650(41KB) AllocSpace objects, 0(0B) LOS objects, 93% free, 72KB/1096KB, paused 23us total 1.264ms
12-14 13:25:54.688  1850  1850 I art     : Explicit concurrent mark sweep GC freed 415(24KB) AllocSpace objects, 0(0B) LOS objects, 89% free, 115KB/1139KB, paused 25us total 1.112ms
12-14 13:25:54.688  1851  1851 I art     : Explicit concurrent mark sweep GC freed 404(23KB) AllocSpace objects, 0(0B) LOS objects, 90% free, 112KB/1136KB, paused 39us total 1.483ms
12-14 13:25:54.711  1850  1850 E Minikin : addFont failed to create font /system/fonts/NotoSansGujarati-Regular.ttf
12-14 13:25:54.711  1851  1851 E Minikin : addFont failed to create font /system/fonts/NotoSansGujarati-Regular.ttf
12-14 13:25:54.711  1850  1850 E Minikin : addFont failed to create font /system/fonts/NotoSansGujarati-Bold.ttf
12-14 13:25:54.711  1851  1851 E Minikin : addFont failed to create font /system/fonts/NotoSansGujarati-Bold.ttf
12-14 13:25:54.711  1850  1850 E Minikin : addFont failed to create font /system/fonts/NotoSansGujaratiUI-Regular.ttf
12-14 13:25:54.711  1851  1851 E Minikin : addFont failed to create font /system/fonts/NotoSansGujaratiUI-Regular.ttf
12-14 13:25:54.711  1850  1850 E Minikin : addFont failed to create font /system/fonts/NotoSansGujaratiUI-Bold.ttf
12-14 13:25:54.711  1851  1851 E Minikin : addFont failed to create font /system/fonts/NotoSansGujaratiUI-Bold.ttf
12-14 13:25:54.711  1850  1850 E Minikin : addFont failed to create font /system/fonts/NotoSansGurmukhi-Regular.ttf
12-14 13:25:54.711  1851  1851 E Minikin : addFont failed to create font /system/fonts/NotoSansGurmukhi-Regular.ttf
12-14 13:25:54.711  1850  1850 E Minikin : addFont failed to create font /system/fonts/NotoSansGurmukhi-Bold.ttf
12-14 13:25:54.711  1851  1851 E Minikin : addFont failed to create font /system/fonts/NotoSansGurmukhi-Bold.ttf
12-14 13:25:54.711  1850  1850 E Minikin : addFont failed to create font /system/fonts/NotoSansGurmukhiUI-Regular.ttf
12-14 13:25:54.711  1851  1851 E Minikin : addFont failed to create font /system/fonts/NotoSansGurmukhiUI-Regular.ttf
12-14 13:25:54.711  1850  1850 E Minikin : addFont failed to create font /system/fonts/NotoSansGurmukhiUI-Bold.ttf
12-14 13:25:54.711  1851  1851 E Minikin : addFont failed to create font /system/fonts/NotoSansGurmukhiUI-Bold.ttf
12-14 13:25:54.718  1850  1850 E Minikin : addFont failed to create font /system/fonts/NotoSansSinhala-Regular.ttf
12-14 13:25:54.718  1851  1851 E Minikin : addFont failed to create font /system/fonts/NotoSansSinhala-Regular.ttf
12-14 13:25:54.718  1850  1850 E Minikin : addFont failed to create font /system/fonts/NotoSansSinhala-Bold.ttf
12-14 13:25:54.718  1851  1851 E Minikin : addFont failed to create font /system/fonts/NotoSansSinhala-Bold.ttf
12-14 13:25:54.721  1850  1850 E Minikin : addFont failed to create font /system/fonts/NotoSansThaana-Regular.ttf
12-14 13:25:54.721  1851  1851 E Minikin : addFont failed to create font /system/fonts/NotoSansThaana-Regular.ttf
12-14 13:25:54.721  1850  1850 E Minikin : addFont failed to create font /system/fonts/NotoSansThaana-Bold.ttf
12-14 13:25:54.721  1851  1851 E Minikin : addFont failed to create font /system/fonts/NotoSansThaana-Bold.ttf
12-14 13:25:54.721  1850  1850 E Minikin : addFont failed to create font /system/fonts/NotoSansCham-Regular.ttf
12-14 13:25:54.721  1851  1851 E Minikin : addFont failed to create font /system/fonts/NotoSansCham-Regular.ttf
12-14 13:25:54.721  1850  1850 E Minikin : addFont failed to create font /system/fonts/NotoSansCham-Bold.ttf
12-14 13:25:54.721  1851  1851 E Minikin : addFont failed to create font /system/fonts/NotoSansCham-Bold.ttf
12-14 13:25:54.721  1850  1850 E Minikin : addFont failed to create font /system/fonts/NotoSansBalinese-Regular.ttf
12-14 13:25:54.721  1851  1851 E Minikin : addFont failed to create font /system/fonts/NotoSansBalinese-Regular.ttf
12-14 13:25:54.721  1850  1850 E Minikin : addFont failed to create font /system/fonts/NotoSansBatak-Regular.ttf
12-14 13:25:54.721  1851  1851 E Minikin : addFont failed to create font /system/fonts/NotoSansBatak-Regular.ttf
12-14 13:25:54.721  1850  1850 E Minikin : addFont failed to create font /system/fonts/NotoSansBuginese-Regular.ttf
12-14 13:25:54.721  1851  1851 E Minikin : addFont failed to create font /system/fonts/NotoSansBuginese-Regular.ttf
12-14 13:25:54.721  1850  1850 E Minikin : addFont failed to create font /system/fonts/NotoSansBuhid-Regular.ttf
12-14 13:25:54.721  1851  1851 E Minikin : addFont failed to create font /system/fonts/NotoSansBuhid-Regular.ttf
12-14 13:25:54.721  1850  1850 E Minikin : addFont failed to create font /system/fonts/NotoSansCanadianAboriginal-Regular.ttf
12-14 13:25:54.721  1851  1851 E Minikin : addFont failed to create font /system/fonts/NotoSansCanadianAboriginal-Regular.ttf
12-14 13:25:54.721  1850  1850 E Minikin : addFont failed to create font /system/fonts/NotoSansCherokee-Regular.ttf
12-14 13:25:54.721  1850  1850 E Minikin : addFont failed to create font /system/fonts/NotoSansCoptic-Regular.ttf
12-14 13:25:54.721  1851  1851 E Minikin : addFont failed to create font /system/fonts/NotoSansCherokee-Regular.ttf
12-14 13:25:54.721  1851  1851 E Minikin : addFont failed to create font /system/fonts/NotoSansCoptic-Regular.ttf
12-14 13:25:54.721  1850  1850 E Minikin : addFont failed to create font /system/fonts/NotoSansGlagolitic-Regular.ttf
12-14 13:25:54.721  1850  1850 E Minikin : addFont failed to create font /system/fonts/NotoSansHanunoo-Regular.ttf
12-14 13:25:54.721  1851  1851 E Minikin : addFont failed to create font /system/fonts/NotoSansGlagolitic-Regular.ttf
12-14 13:25:54.721  1850  1850 E Minikin : addFont failed to create font /system/fonts/NotoSansJavanese-Regular.ttf
12-14 13:25:54.721  1851  1851 E Minikin : addFont failed to create font /system/fonts/NotoSansHanunoo-Regular.ttf
12-14 13:25:54.721  1850  1850 E Minikin : addFont failed to create font /system/fonts/NotoSansKayahLi-Regular.ttf
12-14 13:25:54.721  1851  1851 E Minikin : addFont failed to create font /system/fonts/NotoSansJavanese-Regular.ttf
12-14 13:25:54.721  1850  1850 E Minikin : addFont failed to create font /system/fonts/NotoSansLepcha-Regular.ttf
12-14 13:25:54.721  1851  1851 E Minikin : addFont failed to create font /system/fonts/NotoSansKayahLi-Regular.ttf
12-14 13:25:54.721  1850  1850 E Minikin : addFont failed to create font /system/fonts/NotoSansLimbu-Regular.ttf
12-14 13:25:54.721  1851  1851 E Minikin : addFont failed to create font /system/fonts/NotoSansLepcha-Regular.ttf
12-14 13:25:54.721  1850  1850 E Minikin : addFont failed to create font /system/fonts/NotoSansMeeteiMayek-Regular.ttf
12-14 13:25:54.721  1851  1851 E Minikin : addFont failed to create font /system/fonts/NotoSansLimbu-Regular.ttf
12-14 13:25:54.721  1850  1850 E Minikin : addFont failed to create font /system/fonts/NotoSansOlChiki-Regular.ttf
12-14 13:25:54.721  1851  1851 E Minikin : addFont failed to create font /system/fonts/NotoSansMeeteiMayek-Regular.ttf
12-14 13:25:54.721  1850  1850 E Minikin : addFont failed to create font /system/fonts/NotoSansRejang-Regular.ttf
12-14 13:25:54.721  1851  1851 E Minikin : addFont failed to create font /system/fonts/NotoSansOlChiki-Regular.ttf
12-14 13:25:54.721  1850  1850 E Minikin : addFont failed to create font /system/fonts/NotoSansSaurashtra-Regular.ttf
12-14 13:25:54.721  1851  1851 E Minikin : addFont failed to create font /system/fonts/NotoSansRejang-Regular.ttf
12-14 13:25:54.721  1850  1850 E Minikin : addFont failed to create font /system/fonts/NotoSansSundanese-Regular.ttf
12-14 13:25:54.721  1851  1851 E Minikin : addFont failed to create font /system/fonts/NotoSansSaurashtra-Regular.ttf
12-14 13:25:54.721  1850  1850 E Minikin : addFont failed to create font /system/fonts/NotoSansSylotiNagri-Regular.ttf
12-14 13:25:54.721  1850  1850 E Minikin : addFont failed to create font /system/fonts/NotoSansTagbanwa-Regular.ttf
12-14 13:25:54.721  1851  1851 E Minikin : addFont failed to create font /system/fonts/NotoSansSundanese-Regular.ttf
12-14 13:25:54.721  1850  1850 E Minikin : addFont failed to create font /system/fonts/NotoSansTaiTham-Regular.ttf
12-14 13:25:54.721  1851  1851 E Minikin : addFont failed to create font /system/fonts/NotoSansSylotiNagri-Regular.ttf
12-14 13:25:54.721  1850  1850 E Minikin : addFont failed to create font /system/fonts/NotoSansTaiViet-Regular.ttf
12-14 13:25:54.721  1851  1851 E Minikin : addFont failed to create font /system/fonts/NotoSansTagbanwa-Regular.ttf
12-14 13:25:54.721  1850  1850 E Minikin : addFont failed to create font /system/fonts/NotoSansTifinagh-Regular.ttf
12-14 13:25:54.721  1851  1851 E Minikin : addFont failed to create font /system/fonts/NotoSansTaiTham-Regular.ttf
12-14 13:25:54.721  1850  1850 E Minikin : addFont failed to create font /system/fonts/NotoSansYi-Regular.ttf
12-14 13:25:54.721  1851  1851 E Minikin : addFont failed to create font /system/fonts/NotoSansTaiViet-Regular.ttf
12-14 13:25:54.721  1850  1850 E Minikin : addFont failed to create font /system/fonts/Lohit-Odia.ttf
12-14 13:25:54.721  1851  1851 E Minikin : addFont failed to create font /system/fonts/NotoSansTifinagh-Regular.ttf
12-14 13:25:54.721  1851  1851 E Minikin : addFont failed to create font /system/fonts/NotoSansYi-Regular.ttf
12-14 13:25:54.721  1850  1850 E Minikin : addFont failed to create font /system/fonts/NotoSansHans-Regular.otf
12-14 13:25:54.721  1850  1850 E Minikin : addFont failed to create font /system/fonts/NotoSansHant-Regular.otf
12-14 13:25:54.721  1851  1851 E Minikin : addFont failed to create font /system/fonts/Lohit-Odia.ttf
12-14 13:25:54.721  1850  1850 E Minikin : addFont failed to create font /system/fonts/NotoSansJP-Regular.otf
12-14 13:25:54.721  1851  1851 E Minikin : addFont failed to create font /system/fonts/NotoSansHans-Regular.otf
12-14 13:25:54.721  1850  1850 E Minikin : addFont failed to create font /system/fonts/NotoSansKR-Regular.otf
12-14 13:25:54.721  1851  1851 E Minikin : addFont failed to create font /system/fonts/NotoSansHant-Regular.otf
12-14 13:25:54.721  1851  1851 E Minikin : addFont failed to create font /system/fonts/NotoSansJP-Regular.otf
12-14 13:25:54.721  1851  1851 E Minikin : addFont failed to create font /system/fonts/NotoSansKR-Regular.otf
12-14 13:25:54.725  1850  1850 E Minikin : addFont failed to create font /system/fonts/NotoSansTaiLe-Regular.ttf
12-14 13:25:54.725  1851  1851 E Minikin : addFont failed to create font /system/fonts/NotoSansTaiLe-Regular.ttf
12-14 13:25:54.738  1850  1850 I art     : Explicit concurrent mark sweep GC freed 1808(129KB) AllocSpace objects, 0(0B) LOS objects, 89% free, 126KB/1150KB, paused 18us total 1.129ms
12-14 13:25:54.738  1851  1851 I art     : Explicit concurrent mark sweep GC freed 1808(129KB) AllocSpace objects, 0(0B) LOS objects, 89% free, 122KB/1146KB, paused 33us total 1.461ms
12-14 13:25:54.747  1850  1850 I art     : Explicit concurrent mark sweep GC freed 1933(92KB) AllocSpace objects, 0(0B) LOS objects, 85% free, 170KB/1194KB, paused 25us total 1.811ms
12-14 13:25:54.747  1851  1851 I art     : Explicit concurrent mark sweep GC freed 1933(92KB) AllocSpace objects, 0(0B) LOS objects, 86% free, 163KB/1187KB, paused 28us total 1.973ms
12-14 13:25:54.751  1851  1851 I art     : Explicit concurrent mark sweep GC freed 1977(87KB) AllocSpace objects, 0(0B) LOS objects, 83% free, 197KB/1221KB, paused 38us total 1.933ms
12-14 13:25:54.751  1850  1850 I art     : Explicit concurrent mark sweep GC freed 1977(87KB) AllocSpace objects, 0(0B) LOS objects, 83% free, 207KB/1231KB, paused 32us total 1.534ms
12-14 13:25:54.754  1850  1850 I art     : Explicit concurrent mark sweep GC freed 371(19KB) AllocSpace objects, 0(0B) LOS objects, 80% free, 243KB/1267KB, paused 19us total 1.464ms
12-14 13:25:54.754  1851  1851 I art     : Explicit concurrent mark sweep GC freed 371(19KB) AllocSpace objects, 0(0B) LOS objects, 81% free, 230KB/1254KB, paused 36us total 1.795ms
12-14 13:25:54.771  1851  1851 I art     : Thread[1,tid=1851,WaitingForJniOnLoad,Thread*=0xf3c25800,peer=0x12c31160,"main"] recursive attempt to load library "/system/lib/libmedia_jni.so"
12-14 13:25:54.772  1851  1851 D MtpDeviceJNI: register_android_mtp_MtpDevice
12-14 13:25:54.772  1851  1851 I art     : Thread[1,tid=1851,WaitingForJniOnLoad,Thread*=0xf3c25800,peer=0x12c31160,"main"] recursive attempt to load library "/system/lib/libmedia_jni.so"
12-14 13:25:54.772  1851  1851 I art     : Thread[1,tid=1851,WaitingForJniOnLoad,Thread*=0xf3c25800,peer=0x12c31160,"main"] recursive attempt to load library "/system/lib/libmedia_jni.so"
12-14 13:25:54.778  1851  1851 I art     : Explicit concurrent mark sweep GC freed 661(37KB) AllocSpace objects, 0(0B) LOS objects, 80% free, 253KB/1277KB, paused 34us total 1.642ms
12-14 13:25:54.778  1850  1850 I art     : Thread[1,tid=1850,WaitingForJniOnLoad,Thread*=0x7f20ed095000,peer=0x12c31100,"main"] recursive attempt to load library "/system/lib64/libmedia_jni.so"
12-14 13:25:54.778  1850  1850 D MtpDeviceJNI: register_android_mtp_MtpDevice
12-14 13:25:54.778  1850  1850 I art     : Thread[1,tid=1850,WaitingForJniOnLoad,Thread*=0x7f20ed095000,peer=0x12c31100,"main"] recursive attempt to load library "/system/lib64/libmedia_jni.so"
12-14 13:25:54.778  1850  1850 I art     : Thread[1,tid=1850,WaitingForJniOnLoad,Thread*=0x7f20ed095000,peer=0x12c31100,"main"] recursive attempt to load library "/system/lib64/libmedia_jni.so"
12-14 13:25:54.784  1850  1850 I art     : Explicit concurrent mark sweep GC freed 641(36KB) AllocSpace objects, 0(0B) LOS objects, 80% free, 255KB/1279KB, paused 13us total 1.495ms
12-14 13:25:54.789  1851  1851 I art     : Explicit concurrent mark sweep GC freed 578(29KB) AllocSpace objects, 0(0B) LOS objects, 78% free, 273KB/1297KB, paused 41us total 2.056ms
12-14 13:25:54.792  1850  1850 I art     : Explicit concurrent mark sweep GC freed 429(20KB) AllocSpace objects, 0(0B) LOS objects, 78% free, 283KB/1307KB, paused 24us total 1.429ms
12-14 13:25:54.793  1851  1851 I art     : Explicit concurrent mark sweep GC freed 454(27KB) AllocSpace objects, 0(0B) LOS objects, 76% free, 312KB/1336KB, paused 36us total 1.441ms
12-14 13:25:54.799  1850  1850 I art     : Explicit concurrent mark sweep GC freed 543(30KB) AllocSpace objects, 0(0B) LOS objects, 76% free, 311KB/1335KB, paused 22us total 1.483ms
12-14 13:25:54.802  1851  1851 I art     : Explicit concurrent mark sweep GC freed 1788(104KB) AllocSpace objects, 0(0B) LOS objects, 68% free, 461KB/1485KB, paused 34us total 1.732ms
12-14 13:25:54.805  1851  1851 E EmojiFactory_jni: Failed to load libemoji.so: dlopen failed: library "libemoji.so" not found
12-14 13:25:54.807  1850  1850 I art     : Explicit concurrent mark sweep GC freed 1868(110KB) AllocSpace objects, 0(0B) LOS objects, 68% free, 476KB/1500KB, paused 22us total 1.230ms
12-14 13:25:54.809  1850  1850 E EmojiFactory_jni: Failed to load libemoji.so: dlopen failed: library "libemoji.so" not found
12-14 13:25:54.811  1851  1851 I art     : Explicit concurrent mark sweep GC freed 350(45KB) AllocSpace objects, 0(0B) LOS objects, 57% free, 759KB/1783KB, paused 25us total 2.061ms
12-14 13:25:54.816  1850  1850 I art     : Explicit concurrent mark sweep GC freed 350(45KB) AllocSpace objects, 0(0B) LOS objects, 56% free, 775KB/1799KB, paused 21us total 2.226ms
12-14 13:25:54.817  1851  1851 I art     : Explicit concurrent mark sweep GC freed 438(30KB) AllocSpace objects, 0(0B) LOS objects, 56% free, 777KB/1801KB, paused 41us total 2.179ms
12-14 13:25:54.820  1850  1850 I art     : Explicit concurrent mark sweep GC freed 438(30KB) AllocSpace objects, 0(0B) LOS objects, 56% free, 793KB/1817KB, paused 21us total 1.532ms
12-14 13:25:54.825  1851  1851 I art     : Explicit concurrent mark sweep GC freed 789(49KB) AllocSpace objects, 0(0B) LOS objects, 56% free, 779KB/1803KB, paused 33us total 1.947ms
12-14 13:25:54.828  1850  1850 I art     : Explicit concurrent mark sweep GC freed 789(49KB) AllocSpace objects, 0(0B) LOS objects, 56% free, 795KB/1819KB, paused 23us total 1.561ms
12-14 13:25:54.838  1851  1851 I art     : Explicit concurrent mark sweep GC freed 956(105KB) AllocSpace objects, 0(0B) LOS objects, 55% free, 821KB/1845KB, paused 44us total 2.568ms
12-14 13:25:54.838  1850  1850 I art     : Explicit concurrent mark sweep GC freed 956(105KB) AllocSpace objects, 0(0B) LOS objects, 54% free, 839KB/1863KB, paused 13us total 2.111ms
12-14 13:25:54.846  1851  1851 I art     : Explicit concurrent mark sweep GC freed 597(42KB) AllocSpace objects, 0(0B) LOS objects, 55% free, 828KB/1852KB, paused 40us total 2.151ms
12-14 13:25:54.847  1850  1850 I art     : Explicit concurrent mark sweep GC freed 597(42KB) AllocSpace objects, 0(0B) LOS objects, 54% free, 846KB/1870KB, paused 15us total 1.877ms
12-14 13:25:54.855  1850  1850 I art     : Explicit concurrent mark sweep GC freed 265(20KB) AllocSpace objects, 0(0B) LOS objects, 53% free, 874KB/1898KB, paused 21us total 1.445ms
12-14 13:25:54.857  1851  1851 I art     : Explicit concurrent mark sweep GC freed 265(20KB) AllocSpace objects, 0(0B) LOS objects, 54% free, 856KB/1880KB, paused 28us total 1.744ms
12-14 13:25:54.868  1850  1850 I art     : Explicit concurrent mark sweep GC freed 19(736B) AllocSpace objects, 0(0B) LOS objects, 44% free, 1253KB/2MB, paused 16us total 1.740ms
12-14 13:25:54.869  1851  1851 I art     : Explicit concurrent mark sweep GC freed 14(640B) AllocSpace objects, 0(0B) LOS objects, 45% free, 1235KB/2MB, paused 26us total 1.751ms
12-14 13:25:54.871  1850  1850 I art     : Explicit concurrent mark sweep GC freed 568(32KB) AllocSpace objects, 0(0B) LOS objects, 44% free, 1270KB/2MB, paused 16us total 1.753ms
12-14 13:25:54.872  1851  1851 I art     : Explicit concurrent mark sweep GC freed 572(33KB) AllocSpace objects, 0(0B) LOS objects, 44% free, 1251KB/2MB, paused 26us total 1.810ms
12-14 13:25:54.874  1850  1850 I art     : Explicit concurrent mark sweep GC freed 734(45KB) AllocSpace objects, 0(0B) LOS objects, 44% free, 1273KB/2MB, paused 16us total 1.716ms
12-14 13:25:54.875  1851  1851 I art     : Explicit concurrent mark sweep GC freed 741(45KB) AllocSpace objects, 0(0B) LOS objects, 44% free, 1255KB/2MB, paused 26us total 1.735ms
12-14 13:25:54.883  1850  1850 I System  : Loaded time zone names for "" in 8ms (8ms in ICU)
12-14 13:25:54.884  1851  1851 I System  : Loaded time zone names for "" in 9ms (8ms in ICU)
12-14 13:25:54.888  1850  1850 I System  : Loaded time zone names for "en_US" in 5ms (5ms in ICU)
12-14 13:25:54.889  1851  1851 I System  : Loaded time zone names for "en_US" in 5ms (4ms in ICU)
12-14 13:25:54.893  1850  1850 I System  : Loaded time zone names for "zh_CN" in 5ms (5ms in ICU)
12-14 13:25:54.895  1851  1851 I System  : Loaded time zone names for "zh_CN" in 6ms (5ms in ICU)
12-14 13:25:54.895  1850  1850 I art     : Explicit concurrent mark sweep GC freed 4042(239KB) AllocSpace objects, 0(0B) LOS objects, 41% free, 1469KB/2MB, paused 19us total 1.979ms
12-14 13:25:54.897  1851  1851 I art     : Explicit concurrent mark sweep GC freed 4028(238KB) AllocSpace objects, 0(0B) LOS objects, 41% free, 1450KB/2MB, paused 30us total 2.078ms
12-14 13:25:54.897  1850  1850 I art     : Explicit concurrent mark sweep GC freed 136(12KB) AllocSpace objects, 0(0B) LOS objects, 40% free, 1534KB/2MB, paused 15us total 1.819ms
12-14 13:25:54.900  1851  1851 I art     : Explicit concurrent mark sweep GC freed 136(12KB) AllocSpace objects, 0(0B) LOS objects, 40% free, 1515KB/2MB, paused 45us total 2.335ms
12-14 13:25:54.901  1850  1850 I art     : Explicit concurrent mark sweep GC freed 288(24KB) AllocSpace objects, 0(0B) LOS objects, 39% free, 1586KB/2MB, paused 24us total 2.196ms
12-14 13:25:54.906  1851  1851 I art     : Explicit concurrent mark sweep GC freed 288(24KB) AllocSpace objects, 0(0B) LOS objects, 39% free, 1561KB/2MB, paused 44us total 3.009ms
12-14 13:25:54.906  1850  1850 I art     : Explicit concurrent mark sweep GC freed 679(47KB) AllocSpace objects, 0(0B) LOS objects, 39% free, 1587KB/2MB, paused 23us total 2.468ms
12-14 13:25:54.906  1850  1850 I Zygote  : ...preloaded 3005 classes in 272ms.
12-14 13:25:54.906  1850  1850 I art     : VMRuntime.preloadDexCaches starting
12-14 13:25:54.910  1851  1851 I art     : Explicit concurrent mark sweep GC freed 679(47KB) AllocSpace objects, 0(0B) LOS objects, 39% free, 1562KB/2MB, paused 45us total 2.765ms
12-14 13:25:54.910  1851  1851 I Zygote  : ...preloaded 3005 classes in 277ms.
12-14 13:25:54.910  1851  1851 I art     : VMRuntime.preloadDexCaches starting
12-14 13:25:54.920  1850  1850 I art     : VMRuntime.preloadDexCaches strings total=214641 before=38996 after=38996
12-14 13:25:54.921  1850  1850 I art     : VMRuntime.preloadDexCaches types total=18345 before=6389 after=6425
12-14 13:25:54.921  1850  1850 I art     : VMRuntime.preloadDexCaches fields total=85569 before=32261 after=32595
12-14 13:25:54.921  1850  1850 I art     : VMRuntime.preloadDexCaches methods total=151780 before=66835 after=67736
12-14 13:25:54.921  1850  1850 I art     : VMRuntime.preloadDexCaches finished
12-14 13:25:54.921  1850  1850 I art     : Counter: 0
12-14 13:25:54.921  1850  1850 I art     : Counter: 1
12-14 13:25:54.923  1850  1850 I art     : Explicit concurrent mark sweep GC freed 61(15KB) AllocSpace objects, 0(0B) LOS objects, 40% free, 1573KB/2MB, paused 24us total 2.839ms
12-14 13:25:54.926  1851  1851 I art     : VMRuntime.preloadDexCaches strings total=214641 before=38996 after=38996
12-14 13:25:54.926  1851  1851 I art     : VMRuntime.preloadDexCaches types total=18345 before=6389 after=6425
12-14 13:25:54.926  1851  1851 I art     : VMRuntime.preloadDexCaches fields total=85569 before=32261 after=32595
12-14 13:25:54.926  1851  1851 I art     : VMRuntime.preloadDexCaches methods total=151780 before=66835 after=67736
12-14 13:25:54.926  1851  1851 I art     : VMRuntime.preloadDexCaches finished
12-14 13:25:54.926  1851  1851 I art     : Counter: 0
12-14 13:25:54.926  1851  1851 I art     : Counter: 1
12-14 13:25:54.928  2099  2099 D idmap   : error: no read access to /vendor/overlay: No such file or directory
12-14 13:25:54.930  1851  1851 I art     : Explicit concurrent mark sweep GC freed 61(15KB) AllocSpace objects, 0(0B) LOS objects, 40% free, 1548KB/2MB, paused 26us total 3.446ms
12-14 13:25:54.933  2100  2100 D idmap   : error: no read access to /vendor/overlay: No such file or directory
12-14 13:25:54.940  1851  1851 I Zygote  : Preloading resources...
12-14 13:25:54.941  1850  1850 I Zygote  : Preloading resources...
12-14 13:25:54.947  1850  1850 I art     : Explicit concurrent mark sweep GC freed 86(3KB) AllocSpace objects, 0(0B) LOS objects, 40% free, 1622KB/2MB, paused 23us total 2.400ms
12-14 13:25:54.947  1851  1851 I art     : Explicit concurrent mark sweep GC freed 86(3KB) AllocSpace objects, 0(0B) LOS objects, 39% free, 1597KB/2MB, paused 33us total 2.494ms
12-14 13:25:54.950  1850  1850 I art     : Explicit concurrent mark sweep GC freed 89(4KB) AllocSpace objects, 0(0B) LOS objects, 39% free, 1668KB/2MB, paused 18us total 1.685ms
12-14 13:25:54.951  1851  1851 I art     : Explicit concurrent mark sweep GC freed 89(4KB) AllocSpace objects, 0(0B) LOS objects, 40% free, 1643KB/2MB, paused 31us total 2.071ms
12-14 13:25:54.953  1850  1850 I art     : Explicit concurrent mark sweep GC freed 115(5KB) AllocSpace objects, 0(0B) LOS objects, 39% free, 1712KB/2MB, paused 16us total 1.645ms
12-14 13:25:54.954  1851  1851 I art     : Explicit concurrent mark sweep GC freed 122(5KB) AllocSpace objects, 0(0B) LOS objects, 39% free, 1691KB/2MB, paused 28us total 1.889ms
12-14 13:25:54.956  1850  1850 I art     : Explicit concurrent mark sweep GC freed 99(4KB) AllocSpace objects, 0(0B) LOS objects, 39% free, 1758KB/2MB, paused 15us total 1.600ms
12-14 13:25:54.956  1851  1851 I art     : Explicit concurrent mark sweep GC freed 101(4KB) AllocSpace objects, 0(0B) LOS objects, 39% free, 1736KB/2MB, paused 27us total 2.006ms
12-14 13:25:54.958  1850  1850 I art     : Explicit concurrent mark sweep GC freed 94(4KB) AllocSpace objects, 0(0B) LOS objects, 39% free, 1803KB/2MB, paused 16us total 1.789ms
12-14 13:25:54.959  1851  1851 I art     : Explicit concurrent mark sweep GC freed 93(4KB) AllocSpace objects, 0(0B) LOS objects, 40% free, 1781KB/2MB, paused 39us total 2.078ms
12-14 13:25:54.962  1850  1850 I art     : Explicit concurrent mark sweep GC freed 102(4KB) AllocSpace objects, 0(0B) LOS objects, 39% free, 1849KB/3MB, paused 26us total 2.357ms
12-14 13:25:54.963  1851  1851 I art     : Explicit concurrent mark sweep GC freed 103(4KB) AllocSpace objects, 0(0B) LOS objects, 39% free, 1827KB/2MB, paused 43us total 2.753ms
12-14 13:25:54.966  1850  1850 I art     : Explicit concurrent mark sweep GC freed 112(5KB) AllocSpace objects, 0(0B) LOS objects, 39% free, 1894KB/3MB, paused 26us total 2.328ms
12-14 13:25:54.967  1851  1851 I art     : Explicit concurrent mark sweep GC freed 112(5KB) AllocSpace objects, 0(0B) LOS objects, 39% free, 1872KB/3MB, paused 46us total 2.690ms
12-14 13:25:54.969  1850  1850 I art     : Explicit concurrent mark sweep GC freed 118(5KB) AllocSpace objects, 0(0B) LOS objects, 39% free, 1941KB/3MB, paused 25us total 2.315ms
12-14 13:25:54.971  1851  1851 I art     : Explicit concurrent mark sweep GC freed 117(5KB) AllocSpace objects, 0(0B) LOS objects, 39% free, 1919KB/3MB, paused 46us total 2.671ms
12-14 13:25:54.973  1850  1850 I art     : Explicit concurrent mark sweep GC freed 108(5KB) AllocSpace objects, 0(0B) LOS objects, 39% free, 1990KB/3MB, paused 25us total 2.324ms
12-14 13:25:54.975  1851  1851 I art     : Explicit concurrent mark sweep GC freed 108(5KB) AllocSpace objects, 0(0B) LOS objects, 39% free, 1967KB/3MB, paused 46us total 2.433ms
12-14 13:25:54.977  1850  1850 I art     : Explicit concurrent mark sweep GC freed 153(6KB) AllocSpace objects, 0(0B) LOS objects, 40% free, 2MB/3MB, paused 26us total 2.340ms
12-14 13:25:54.979  1851  1851 I art     : Explicit concurrent mark sweep GC freed 147(6KB) AllocSpace objects, 0(0B) LOS objects, 40% free, 2038KB/3MB, paused 28us total 2.419ms
12-14 13:25:54.981  1850  1850 I art     : Explicit concurrent mark sweep GC freed 138(6KB) AllocSpace objects, 0(0B) LOS objects, 39% free, 2MB/3MB, paused 26us total 2.334ms
12-14 13:25:54.982  1851  1851 I art     : Explicit concurrent mark sweep GC freed 136(5KB) AllocSpace objects, 0(0B) LOS objects, 39% free, 2MB/3MB, paused 48us total 2.610ms
12-14 13:25:54.984  1850  1850 I art     : Explicit concurrent mark sweep GC freed 84(7KB) AllocSpace objects, 0(0B) LOS objects, 39% free, 2MB/3MB, paused 27us total 2.362ms
12-14 13:25:54.986  1851  1851 I art     : Explicit concurrent mark sweep GC freed 84(7KB) AllocSpace objects, 0(0B) LOS objects, 40% free, 2MB/3MB, paused 43us total 2.528ms
12-14 13:25:54.989  1850  1850 I art     : Explicit concurrent mark sweep GC freed 112(4KB) AllocSpace objects, 0(0B) LOS objects, 40% free, 2MB/3MB, paused 27us total 2.441ms
12-14 13:25:54.990  1851  1851 I art     : Explicit concurrent mark sweep GC freed 112(4KB) AllocSpace objects, 0(0B) LOS objects, 39% free, 2MB/3MB, paused 46us total 2.739ms
12-14 13:25:54.993  1850  1850 I art     : Explicit concurrent mark sweep GC freed 135(5KB) AllocSpace objects, 0(0B) LOS objects, 39% free, 2MB/3MB, paused 28us total 2.417ms
12-14 13:25:54.994  1851  1851 I art     : Explicit concurrent mark sweep GC freed 135(5KB) AllocSpace objects, 0(0B) LOS objects, 40% free, 2MB/3MB, paused 49us total 2.820ms
12-14 13:25:54.996  1850  1850 I art     : Explicit concurrent mark sweep GC freed 62(2752B) AllocSpace objects, 0(0B) LOS objects, 39% free, 2MB/3MB, paused 26us total 2.406ms
12-14 13:25:54.997  1851  1851 I art     : Explicit concurrent mark sweep GC freed 62(2752B) AllocSpace objects, 0(0B) LOS objects, 39% free, 2MB/3MB, paused 45us total 2.515ms
12-14 13:25:55.000  1850  1850 I art     : Explicit concurrent mark sweep GC freed 111(4KB) AllocSpace objects, 0(0B) LOS objects, 40% free, 2MB/4MB, paused 29us total 2.480ms
12-14 13:25:55.002  1851  1851 I art     : Explicit concurrent mark sweep GC freed 111(4KB) AllocSpace objects, 0(0B) LOS objects, 39% free, 2MB/4MB, paused 48us total 2.831ms
12-14 13:25:55.005  1850  1850 I art     : Explicit concurrent mark sweep GC freed 206(9KB) AllocSpace objects, 0(0B) LOS objects, 40% free, 2MB/4MB, paused 27us total 2.478ms
12-14 13:25:55.007  1851  1851 I art     : Explicit concurrent mark sweep GC freed 206(9KB) AllocSpace objects, 0(0B) LOS objects, 40% free, 2MB/4MB, paused 48us total 2.775ms
12-14 13:25:55.009  1850  1850 I art     : Explicit concurrent mark sweep GC freed 370(16KB) AllocSpace objects, 0(0B) LOS objects, 40% free, 2MB/4MB, paused 27us total 2.400ms
12-14 13:25:55.011  1851  1851 I art     : Explicit concurrent mark sweep GC freed 370(16KB) AllocSpace objects, 0(0B) LOS objects, 39% free, 2MB/4MB, paused 34us total 2.689ms
12-14 13:25:55.014  1850  1850 I art     : Explicit concurrent mark sweep GC freed 214(9KB) AllocSpace objects, 0(0B) LOS objects, 39% free, 2MB/4MB, paused 27us total 2.013ms
12-14 13:25:55.016  1851  1851 I art     : Explicit concurrent mark sweep GC freed 214(9KB) AllocSpace objects, 0(0B) LOS objects, 40% free, 2MB/4MB, paused 37us total 3.111ms
12-14 13:25:55.017  1850  1850 I art     : Explicit concurrent mark sweep GC freed 112(6KB) AllocSpace objects, 0(0B) LOS objects, 39% free, 2MB/4MB, paused 18us total 1.938ms
12-14 13:25:55.019  1851  1851 I art     : Explicit concurrent mark sweep GC freed 112(6KB) AllocSpace objects, 0(0B) LOS objects, 40% free, 2MB/4MB, paused 34us total 2.122ms
12-14 13:25:55.020  1850  1850 I art     : Explicit concurrent mark sweep GC freed 113(5KB) AllocSpace objects, 0(0B) LOS objects, 39% free, 2MB/4MB, paused 19us total 1.750ms
12-14 13:25:55.021  1851  1851 I art     : Explicit concurrent mark sweep GC freed 113(5KB) AllocSpace objects, 0(0B) LOS objects, 39% free, 2MB/4MB, paused 33us total 2.098ms
12-14 13:25:55.022  1850  1850 I art     : Explicit concurrent mark sweep GC freed 49(8KB) AllocSpace objects, 0(0B) LOS objects, 40% free, 2MB/4MB, paused 18us total 1.845ms
