01-06 05:34:56.173 15548 15548 W System.err: 	at android.os.Looper.loop(Looper.java:135)
01-06 05:34:56.173 15548 15548 W System.err: 	at android.app.ActivityThread.main(ActivityThread.java:5254)
01-06 05:34:56.173 15548 15548 W System.err: 	at java.lang.reflect.Method.invoke(Native Method)
01-06 05:34:56.173 15548 15548 W System.err: 	at java.lang.reflect.Method.invoke(Method.java:372)
01-06 05:34:56.173 15548 15548 W System.err: 	at com.android.internal.os.ZygoteInit$MethodAndArgsCaller.run(ZygoteInit.java:903)
01-06 05:34:56.173 15548 15548 W System.err: 	at com.android.internal.os.ZygoteInit.main(ZygoteInit.java:698)
01-06 05:34:56.174 15548 15548 W System.err: java.lang.NullPointerException: Attempt to read from field 'java.util.List cn.wps.moffice.main.common.ServerParamsUtil$Params.extras' on a null object reference
01-06 05:34:56.174 15548 15548 W System.err: 	at cn.wps.moffice.main.common.ServerParamsUtil.mx(Unknown Source)
01-06 05:34:56.174 15548 15548 W System.err: 	at dxu.a(Unknown Source)
01-06 05:34:56.174 15548 15548 W System.err: 	at cn.wps.moffice.main.PreProcessActivity.h(Unknown Source)
01-06 05:34:56.174 15548 15548 W System.err: 	at cn.wps.moffice.main.PreProcessActivity$19.run(Unknown Source)
01-06 05:34:56.174 15548 15548 W System.err: 	at cn.wps.moffice.main.PreProcessActivity.aLR(Unknown Source)
01-06 05:34:56.174 15548 15548 W System.err: 	at cn.wps.moffice.main.PreProcessActivity.onCreate(Unknown Source)
01-06 05:34:56.174 15548 15548 W System.err: 	at android.app.Activity.performCreate(Activity.java:5990)
01-06 05:34:56.174 15548 15548 W System.err: 	at android.app.Instrumentation.callActivityOnCreate(Instrumentation.java:1106)
01-06 05:34:56.174 15548 15548 W System.err: 	at android.app.ActivityThread.performLaunchActivity(ActivityThread.java:2278)
01-06 05:34:56.174 15548 15548 W System.err: 	at android.app.ActivityThread.handleLaunchActivity(ActivityThread.java:2387)
01-06 05:34:56.174 15548 15548 W System.err: 	at android.app.ActivityThread.access$800(ActivityThread.java:151)
01-06 05:34:56.174 15548 15548 W System.err: 	at android.app.ActivityThread$H.handleMessage(ActivityThread.java:1303)
01-06 05:34:56.174 15548 15548 W System.err: 	at android.os.Handler.dispatchMessage(Handler.java:102)
01-06 05:34:56.174 15548 15548 W System.err: 	at android.os.Looper.loop(Looper.java:135)
01-06 05:34:56.174 15548 15548 W System.err: 	at android.app.ActivityThread.main(ActivityThread.java:5254)
01-06 05:34:56.174 15548 15548 W System.err: 	at java.lang.reflect.Method.invoke(Native Method)
01-06 05:34:56.174 15548 15548 W System.err: 	at java.lang.reflect.Method.invoke(Method.java:372)
01-06 05:34:56.174 15548 15548 W System.err: 	at com.android.internal.os.ZygoteInit$MethodAndArgsCaller.run(ZygoteInit.java:903)
01-06 05:34:56.174 15548 15548 W System.err: 	at com.android.internal.os.ZygoteInit.main(ZygoteInit.java:698)
01-06 05:34:56.183 15548 15548 I WebViewFactory: Loading com.android.webview version 39 (eng.-x86_64) (code 399998)
01-06 05:34:56.184 15548 15548 I LibraryLoader: Time to load native libraries: 0 ms (timestamps 5322-5322)
01-06 05:34:56.184 15548 15548 I LibraryLoader: Expected native library version number "",actual native library version number ""
01-06 05:34:56.186 15548 15548 V WebViewChromiumFactoryProvider: Binding Chromium to main looper Looper (main, tid 1) {37c0cd38}
01-06 05:34:56.186 15548 15548 I LibraryLoader: Expected native library version number "",actual native library version number ""
01-06 05:34:56.186 15548 15548 I chromium: [INFO:library_loader_hooks.cc(104)] Chromium logging enabled: level = 0, default verbosity = 0
01-06 05:34:56.186 15548 15548 I BrowserStartupController: Initializing chromium process, singleProcess=true
01-06 05:34:56.187 15548 15548 W art     : Attempt to remove local handle scope entry from IRT, ignoring
01-06 05:34:56.188 15548 15585 W AudioManagerAndroid: Requires BLUETOOTH permission
01-06 05:34:56.188 15548 15548 W chromium: [WARNING:resource_bundle.cc(304)] locale_file_path.empty()
01-06 05:34:56.188 15548 15548 I chromium: [INFO:aw_browser_main_parts.cc(65)] Load from apk succesful, fd=28 off=46184 len=3037
01-06 05:34:56.188 15548 15548 I chromium: [INFO:aw_browser_main_parts.cc(78)] Loading webviewchromium.pak from, fd:29 off:229484 len:1089587
01-06 05:34:56.191 15548 15548 I GRALLOC-DRM: create intel for driver i915
01-06 05:34:56.191 15548 15548 I EGL-DRI2: DRI2: found extension DRI_Core version 1
01-06 05:34:56.191 15548 15548 I EGL-DRI2: DRI2: found extension DRI_DRI2 version 4
01-06 05:34:56.194 15548 15548 I EGL-DRI2: DRI2: found extension DRI_TexBuffer version 3
01-06 05:34:56.194 15548 15548 I EGL-DRI2: DRI2: found extension DRI2_Flush version 4
01-06 05:34:56.194 15548 15548 I EGL-DRI2: DRI2: found extension DRI_IMAGE version 11
01-06 05:34:56.350 15548 15548 W chromium: [WARNING:data_reduction_proxy_settings.cc(331)] SPDY proxy OFF at startup
01-06 05:34:56.375 15548 15548 W art     : Attempt to remove local handle scope entry from IRT, ignoring
01-06 05:34:56.384 15548 15548 W AwContents: onDetachedFromWindow called when already detached. Ignoring
01-06 05:34:56.389  2149  3128 D KbdSensor: poll_activate: dev=0x7f3152c66680 handle=0 enabled=1
01-06 05:34:56.389  2149  3128 D KbdSensor: poll_setDelay: dev=0x7f3152c66680 delay-ns=66667000
01-06 05:34:56.400 15548 15607 D OpenGLRenderer: Use EGL_SWAP_BEHAVIOR_PRESERVED: true
01-06 05:34:56.401  2149  4763 V WindowManager: Adding window Window{3d103ee1 u0 cn.wps.moffice_eng/cn.wps.moffice.documentmanager.PreStartActivity} at 7 of 12 (after Window{15a0376f u0 com.android.packageinstaller/com.android.packageinstaller.InstallAppProgress})
01-06 05:34:56.442  2149  2204 D WifiService: New client listening to asynchronous messages
01-06 05:34:56.467 15548 15607 I OpenGLRenderer: Initialized EGL, version 1.4
01-06 05:34:56.467 15548 15607 W OpenGLRenderer: Failed to choose config with EGL_SWAP_BEHAVIOR_PRESERVED, retrying without...
01-06 05:34:56.469 15548 15607 D OpenGLRenderer: Enabling debug mode 0
01-06 05:34:56.518  2149  2180 I ActivityManager: Displayed cn.wps.moffice_eng/cn.wps.moffice.documentmanager.PreStartActivity: +458ms (total +9s478ms)
01-06 05:34:56.588 15619 15619 D houdini : [15619] Initialize library(version: 5.2.2_y.47738 RELEASE)... successfully.
01-06 05:34:56.589  2149  2394 I ActivityManager: Start proc 15619:cn.wps.moffice_eng:pushservice/u0a126 for service cn.wps.moffice_eng/com.xiaomi.push.service.XMPushService
01-06 05:34:56.605 15619 15619 I ActivityThread: Switching default density from 160 to 240
01-06 05:34:56.639  2149  3042 W ActivityManager: getRunningAppProcesses: caller 10126 does not hold REAL_GET_TASKS; limiting output
01-06 05:34:56.643  1867  2115 E Vold    : Failed to find mounted volume for /storage/usb1/Android/data/cn.wps.moffice_eng/cache/
01-06 05:34:56.643 15619 15619 W ContextImpl: Failed to ensure directory: /storage/usb1/Android/data/cn.wps.moffice_eng/cache
01-06 05:34:56.643  1867  2115 E Vold    : Failed to find mounted volume for /storage/usb2/Android/data/cn.wps.moffice_eng/cache/
01-06 05:34:56.643 15619 15619 W ContextImpl: Failed to ensure directory: /storage/usb2/Android/data/cn.wps.moffice_eng/cache
01-06 05:34:56.643  1867  2115 E Vold    : Failed to find mounted volume for /storage/usb3/Android/data/cn.wps.moffice_eng/cache/
01-06 05:34:56.643 15619 15619 W ContextImpl: Failed to ensure directory: /storage/usb3/Android/data/cn.wps.moffice_eng/cache
01-06 05:34:56.643  1867  2115 E Vold    : Failed to find mounted volume for /storage/sdcard1/Android/data/cn.wps.moffice_eng/cache/
01-06 05:34:56.644 15619 15619 W ContextImpl: Failed to ensure directory: /storage/sdcard1/Android/data/cn.wps.moffice_eng/cache
01-06 05:34:56.644  1867  2115 E Vold    : Failed to find mounted volume for /storage/usb1/Android/data/cn.wps.moffice_eng/cache/
01-06 05:34:56.644 15619 15619 W ContextImpl: Failed to ensure directory: /storage/usb1/Android/data/cn.wps.moffice_eng/cache
01-06 05:34:56.644  1867  2115 E Vold    : Failed to find mounted volume for /storage/usb2/Android/data/cn.wps.moffice_eng/cache/
01-06 05:34:56.644 15619 15619 W ContextImpl: Failed to ensure directory: /storage/usb2/Android/data/cn.wps.moffice_eng/cache
01-06 05:34:56.644  1867  2115 E Vold    : Failed to find mounted volume for /storage/usb3/Android/data/cn.wps.moffice_eng/cache/
01-06 05:34:56.644 15619 15619 W ContextImpl: Failed to ensure directory: /storage/usb3/Android/data/cn.wps.moffice_eng/cache
01-06 05:34:56.645  1867  2115 E Vold    : Failed to find mounted volume for /storage/sdcard1/Android/data/cn.wps.moffice_eng/cache/
01-06 05:34:56.645 15619 15619 W ContextImpl: Failed to ensure directory: /storage/sdcard1/Android/data/cn.wps.moffice_eng/cache
01-06 05:34:56.661 15619 15619 V xiaomi  : [Thread:1] the job is pended, the controller is not ready.
01-06 05:34:56.661 15619 15651 V xiaomi  : [Thread:891] executing the pending job.
01-06 05:34:56.661 15619 15651 V xiaomi  : [Thread:891] JOB: prepare the mi push account.
01-06 05:34:56.662 15619 15651 V xiaomi  : [Thread:891] JOB: register app
01-06 05:34:57.089  2267  2267 W ResourceType: No package identifier when getting value for resource number 0x00000000
01-06 05:34:57.089  2267  2267 W PackageManager: Failure retrieving resources for com.cyanogenmod.filemanager: Resource ID #0x0
01-06 05:34:57.108  2149  2295 W ActivityManager: getTasks: caller 10115 does not hold REAL_GET_TASKS; limiting output
01-06 05:34:58.111  2149  4763 W ActivityManager: getTasks: caller 10115 does not hold REAL_GET_TASKS; limiting output
01-06 05:34:58.464 15659 15659 W linker  : [vdso]: unused DT entry: type 0x6ffffef5 arg 0x160
01-06 05:34:59.113  2149  2377 W ActivityManager: getTasks: caller 10115 does not hold REAL_GET_TASKS; limiting output
01-06 05:34:59.446  2149  2209 W AudioTrack: AUDIO_OUTPUT_FLAG_FAST denied by client
01-06 05:34:59.458  1876  2146 D audio_hw_primary: found out /dev/snd/pcmC0D0p
01-06 05:34:59.507  2149  2295 I ActivityManager: START u0 {act=android.intent.action.MAIN cat=[android.intent.category.LAUNCHER] flg=0x10000000 pkg=cn.wps.moffice_eng cmp=cn.wps.moffice_eng/cn.wps.moffice.main.StartPublicActivity} from uid 10126 on display 0
01-06 05:34:59.513  2149  2295 V WindowManager: addAppToken: AppWindowToken{265342a8 token=Token{24e92acb ActivityRecord{3d70e19a u0 cn.wps.moffice_eng/cn.wps.moffice.main.StartPublicActivity t1102}}} to stack=1 task=1102 at 0
01-06 05:34:59.527  2149  2394 D KbdSensor: poll_activate: dev=0x7f3152c66680 handle=0 enabled=0
01-06 05:34:59.537  2149  2169 I ActivityManager: START u0 {act=android.intent.action.MAIN cat=[android.intent.category.LAUNCHER] flg=0x20000000 pkg=cn.wps.moffice_eng cmp=cn.wps.moffice_eng/cn.wps.moffice.main.local.home.PadHomeActivity} from uid 10126 on display 0
01-06 05:34:59.540  2149  2169 V WindowManager: addAppToken: AppWindowToken{2fede154 token=Token{30dda8a7 ActivityRecord{206b7d66 u0 cn.wps.moffice_eng/cn.wps.moffice.main.local.home.PadHomeActivity t1102}}} to stack=1 task=1102 at 1
01-06 05:34:59.595 15548 15548 W System.err: java.lang.NullPointerException: Attempt to read from field 'java.util.List cn.wps.moffice.main.common.ServerParamsUtil$Params.extras' on a null object reference
01-06 05:34:59.595 15548 15548 W System.err: 	at cn.wps.moffice.main.common.ServerParamsUtil.mx(Unknown Source)
01-06 05:34:59.595 15548 15548 W System.err: 	at dvk.bem(Unknown Source)
01-06 05:34:59.595 15548 15548 W System.err: 	at dvk.ben(Unknown Source)
01-06 05:34:59.595 15548 15548 W System.err: 	at dvw.beC(Unknown Source)
01-06 05:34:59.595 15548 15548 W System.err: 	at ciy.arO(Unknown Source)
01-06 05:34:59.595 15548 15548 W System.err: 	at ciq.d(Unknown Source)
01-06 05:34:59.595 15548 15548 W System.err: 	at ciq$3.run(Unknown Source)
01-06 05:34:59.595 15548 15548 W System.err: 	at ciq.arx(Unknown Source)
01-06 05:34:59.595 15548 15548 W System.err: 	at ciq.arw(Unknown Source)
01-06 05:34:59.595 15548 15548 W System.err: 	at cn.wps.moffice.main.local.home.PadLeftFragment.onCreateView(Unknown Source)
01-06 05:34:59.595 15548 15548 W System.err: 	at android.app.Fragment.performCreateView(Fragment.java:2053)
01-06 05:34:59.595 15548 15548 W System.err: 	at android.app.FragmentManagerImpl.moveToState(FragmentManager.java:894)
01-06 05:34:59.595 15548 15548 W System.err: 	at android.app.FragmentManagerImpl.moveToState(FragmentManager.java:1067)
01-06 05:34:59.595 15548 15548 W System.err: 	at android.app.BackStackRecord.run(BackStackRecord.java:834)
01-06 05:34:59.595 15548 15548 W System.err: 	at android.app.FragmentManagerImpl.execPendingActions(FragmentManager.java:1452)
01-06 05:34:59.595 15548 15548 W System.err: 	at android.app.Activity.performStart(Activity.java:6005)
01-06 05:34:59.595 15548 15548 W System.err: 	at android.app.ActivityThread.performLaunchActivity(ActivityThread.java:2288)
01-06 05:34:59.595 15548 15548 W System.err: 	at android.app.ActivityThread.handleLaunchActivity(ActivityThread.java:2387)
01-06 05:34:59.595 15548 15548 W System.err: 	at android.app.ActivityThread.access$800(ActivityThread.java:151)
01-06 05:34:59.595 15548 15548 W System.err: 	at android.app.ActivityThread$H.handleMessage(ActivityThread.java:1303)
01-06 05:34:59.595 15548 15548 W System.err: 	at android.os.Handler.dispatchMessage(Handler.java:102)
01-06 05:34:59.595 15548 15548 W System.err: 	at android.os.Looper.loop(Looper.java:135)
01-06 05:34:59.595 15548 15548 W System.err: 	at android.app.ActivityThread.main(ActivityThread.java:5254)
01-06 05:34:59.595 15548 15548 W System.err: 	at java.lang.reflect.Method.invoke(Native Method)
01-06 05:34:59.595 15548 15548 W System.err: 	at java.lang.reflect.Method.invoke(Method.java:372)
01-06 05:34:59.595 15548 15548 W System.err: 	at com.android.internal.os.ZygoteInit$MethodAndArgsCaller.run(ZygoteInit.java:903)
01-06 05:34:59.595 15548 15548 W System.err: 	at com.android.internal.os.ZygoteInit.main(ZygoteInit.java:698)
01-06 05:34:59.619 15548 15548 W System.err: java.lang.NullPointerException: Attempt to read from field 'java.util.List cn.wps.moffice.main.common.ServerParamsUtil$Params.extras' on a null object reference
01-06 05:34:59.619 15548 15548 W System.err: 	at cn.wps.moffice.main.common.ServerParamsUtil.mx(Unknown Source)
01-06 05:34:59.619 15548 15548 W System.err: 	at dvo.bdw(Unknown Source)
01-06 05:34:59.619 15548 15548 W System.err: 	at did.onResume(Unknown Source)
01-06 05:34:59.619 15548 15548 W System.err: 	at dir.a(Unknown Source)
01-06 05:34:59.619 15548 15548 W System.err: 	at dir.l(Unknown Source)
01-06 05:34:59.619 15548 15548 W System.err: 	at cn.wps.moffice.main.local.home.PadHomeActivity.bag(Unknown Source)
01-06 05:34:59.619 15548 15548 W System.err: 	at cn.wps.moffice.main.local.home.PadHomeActivity.onResume(Unknown Source)
01-06 05:34:59.619 15548 15548 W System.err: 	at android.app.Instrumentation.callActivityOnResume(Instrumentation.java:1257)
01-06 05:34:59.619 15548 15548 W System.err: 	at android.app.Activity.performResume(Activity.java:6076)
01-06 05:34:59.619 15548 15548 W System.err: 	at android.app.ActivityThread.performResumeActivity(ActivityThread.java:2975)
01-06 05:34:59.619 15548 15548 W System.err: 	at android.app.ActivityThread.handleResumeActivity(ActivityThread.java:3017)
01-06 05:34:59.619 15548 15548 W System.err: 	at android.app.ActivityThread.handleLaunchActivity(ActivityThread.java:2392)
01-06 05:34:59.619 15548 15548 W System.err: 	at android.app.ActivityThread.access$800(ActivityThread.java:151)
01-06 05:34:59.619 15548 15548 W System.err: 	at android.app.ActivityThread$H.handleMessage(ActivityThread.java:1303)
01-06 05:34:59.619 15548 15548 W System.err: 	at android.os.Handler.dispatchMessage(Handler.java:102)
01-06 05:34:59.619 15548 15548 W System.err: 	at android.os.Looper.loop(Looper.java:135)
01-06 05:34:59.619 15548 15548 W System.err: 	at android.app.ActivityThread.main(ActivityThread.java:5254)
01-06 05:34:59.619 15548 15548 W System.err: 	at java.lang.reflect.Method.invoke(Native Method)
01-06 05:34:59.619 15548 15548 W System.err: 	at java.lang.reflect.Method.invoke(Method.java:372)
01-06 05:34:59.619 15548 15548 W System.err: 	at com.android.internal.os.ZygoteInit$MethodAndArgsCaller.run(ZygoteInit.java:903)
01-06 05:34:59.619 15548 15548 W System.err: 	at com.android.internal.os.ZygoteInit.main(ZygoteInit.java:698)
01-06 05:34:59.621 15548 15669 W System.err: java.lang.NullPointerException: Attempt to read from field 'java.util.List cn.wps.moffice.main.common.ServerParamsUtil$Params.extras' on a null object reference
01-06 05:34:59.621 15548 15548 W System.err: java.lang.NullPointerException: Attempt to read from field 'java.util.List cn.wps.moffice.main.common.ServerParamsUtil$Params.extras' on a null object reference
01-06 05:34:59.621 15548 15669 W System.err: 	at cn.wps.moffice.main.common.ServerParamsUtil.mx(Unknown Source)
01-06 05:34:59.621 15548 15669 W System.err: 	at cbu.a(Unknown Source)
01-06 05:34:59.621 15548 15669 W System.err: 	at cbv.a(Unknown Source)
01-06 05:34:59.621 15548 15669 W System.err: 	at cbv$1.run(Unknown Source)
01-06 05:34:59.621 15548 15548 W System.err: 	at 	at cn.wps.moffice.main.common.ServerParamsUtil.mx(Unknown Source)
01-06 05:34:59.621 15548 15669 W System.err: 	at java.util.concurrent.ThreadPoolExecutor.runWorker(ThreadPoolExecutor.java:1112)
01-06 05:34:59.621 15548 15548 W System.err: 	at dvo.bdw(Unknown Source)
01-06 05:34:59.621 15548 15669 W System.err: 	at java.util.concurrent.ThreadPoolExecutor$Worker.run(ThreadPoolExecutor.java:587)
01-06 05:34:59.621 15548 15548 W System.err: 	at did.onResume(Unknown Source)
01-06 05:34:59.621 15548 15669 W System.err: 	at java.lang.Thread.run(Thread.java:818)
01-06 05:34:59.621 15548 15548 W System.err: cn.wps.moffice.main.local.home.PadHomeActivity.onResume(Unknown Source)
01-06 05:34:59.621 15548 15548 W System.err: 	at android.app.Instrumentation.callActivityOnResume(Instrumentation.java:1257)
01-06 05:34:59.621 15548 15548 W System.err: 	at android.app.Activity.performResume(Activity.java:6076)
01-06 05:34:59.621 15548 15548 W System.err: 	at android.app.ActivityThread.performResumeActivity(ActivityThread.java:2975)
01-06 05:34:59.621 15548 15548 W System.err: 	at android.app.ActivityThread.handleResumeActivity(ActivityThread.java:3017)
01-06 05:34:59.621 15548 15548 W System.err: 	at android.app.ActivityThread.handleLaunchActivity(ActivityThread.java:2392)
01-06 05:34:59.621 15548 15548 W System.err: 	at android.app.ActivityThread.access$800(ActivityThread.java:151)
01-06 05:34:59.621 15548 15548 W System.err: 	at android.app.ActivityThread$H.handleMessage(ActivityThread.java:1303)
01-06 05:34:59.621 15548 15548 W System.err: 	at android.os.Handler.dispatchMessage(Handler.java:102)
01-06 05:34:59.621 15548 15548 W System.err: 	at android.os.Looper.loop(Looper.java:135)
01-06 05:34:59.621 15548 15548 W System.err: 	at android.app.ActivityThread.main(ActivityThread.java:5254)
01-06 05:34:59.621 15548 15548 W System.err: 	at java.lang.reflect.Method.invoke(Native Method)
01-06 05:34:59.621 15548 15548 W System.err: 	at java.lang.reflect.Method.invoke(Method.java:372)
01-06 05:34:59.621 15548 15548 W System.err: 	at com.android.internal.os.ZygoteInit$MethodAndArgsCaller.run(ZygoteInit.java:903)
01-06 05:34:59.621 15548 15548 W System.err: 	at com.android.internal.os.ZygoteInit.main(ZygoteInit.java:698)
01-06 05:34:59.622 15548 15548 W System.err: java.lang.NullPointerException: Attempt to read from field 'java.util.List cn.wps.moffice.main.common.ServerParamsUtil$Params.extras' on a null object reference
01-06 05:34:59.622 15548 15548 W System.err: 	at cn.wps.moffice.main.common.ServerParamsUtil.mx(Unknown Source)
01-06 05:34:59.622 15548 15548 W System.err: 	at dvk.bem(Unknown Source)
01-06 05:34:59.622 15548 15548 W System.err: 	at dvk.ben(Unknown Source)
01-06 05:34:59.622 15548 15548 W System.err: 	at dvw.beC(Unknown Source)
01-06 05:34:59.622 15548 15548 W System.err: 	at ciy.arO(Unknown Source)
01-06 05:34:59.622 15548 15548 W System.err: 	at ciq.d(Unknown Source)
01-06 05:34:59.622 15548 15548 W System.err: 	at ciq$3.run(Unknown Source)
01-06 05:34:59.622 15548 15548 W System.err: 	at ciq.arx(Unknown Source)
01-06 05:34:59.622 15548 15548 W System.err: 	at cn.wps.moffice.main.local.home.PadLeftFragment.onResume(Unknown Source)
01-06 05:34:59.622 15548 15548 W System.err: 	at android.app.Fragment.performResume(Fragment.java:2096)
01-06 05:34:59.622 15548 15548 W System.err: 	at android.app.FragmentManagerImpl.moveToState(FragmentManager.java:928)
01-06 05:34:59.622 15548 15548 W System.err: 	at android.app.FragmentManagerImpl.moveToState(FragmentManager.java:1067)
01-06 05:34:59.622 15548 15548 W System.err: 	at android.app.FragmentManagerImpl.moveToState(FragmentManager.java:1049)
01-06 05:34:59.622 15548 15548 W System.err: 	at android.app.FragmentManagerImpl.dispatchResume(FragmentManager.java:1879)
01-06 05:34:59.622 15548 15548 W System.err: 	at android.app.Activity.performResume(Activity.java:6086)
01-06 05:34:59.622 15548 15548 W System.err: 	at android.app.ActivityThread.performResumeActivity(ActivityThread.java:2975)
01-06 05:34:59.622 15548 15548 W System.err: 	at android.app.ActivityThread.handleResumeActivity(ActivityThread.java:3017)
01-06 05:34:59.622 15548 15548 W System.err: 	at android.app.ActivityThread.handleLaunchActivity(ActivityThread.java:2392)
01-06 05:34:59.622 15548 15548 W System.err: 	at android.app.ActivityThread.access$800(ActivityThread.java:151)
01-06 05:34:59.622 15548 15548 W System.err: 	at android.app.ActivityThread$H.handleMessage(ActivityThread.java:1303)
01-06 05:34:59.622 15548 15548 W System.err: 	at android.os.Handler.dispatchMessage(Handler.java:102)
01-06 05:34:59.622 15548 15548 W System.err: 	at android.os.Looper.loop(Looper.java:135)
01-06 05:34:59.622 15548 15548 W System.err: 	at android.app.ActivityThread.main(ActivityThread.java:5254)
01-06 05:34:59.622 15548 15548 W System.err: 	at java.lang.reflect.Method.invoke(Native Method)
01-06 05:34:59.622 15548 15548 W System.err: 	at java.lang.reflect.Method.invoke(Method.java:372)
01-06 05:34:59.622 15548 15548 W System.err: 	at com.android.internal.os.ZygoteInit$MethodAndArgsCaller.run(ZygoteInit.java:903)
01-06 05:34:59.622 15548 15548 W System.err: 	at com.android.internal.os.ZygoteInit.main(ZygoteInit.java:698)
01-06 05:34:59.644  2149  2190 I InputDispatcher: Dropping event because there is no touchable window at (1066, 934).
01-06 05:34:59.740  2149  2190 I InputDispatcher: Dropping event because there is no touchable window at (1065, 934).
01-06 05:35:00.114  2149  3044 W ActivityManager: getTasks: caller 10115 does not hold REAL_GET_TASKS; limiting output
01-06 05:35:00.205  2149  2394 V WindowManager: Based on layer: Adding window Window{6ab0ab5 u0 cn.wps.moffice_eng/cn.wps.moffice.main.local.home.PadHomeActivity} at 8 of 13
01-06 05:35:00.215 15548 15548 V NFC     : this device does not have NFC support
01-06 05:35:00.222 15548 15548 W System.err: java.lang.NullPointerException: Attempt to read from field 'java.util.List cn.wps.moffice.main.common.ServerParamsUtil$Params.extras' on a null object reference
01-06 05:35:00.222 15548 15548 W System.err: 	at cn.wps.moffice.main.common.ServerParamsUtil.mx(Unknown Source)
01-06 05:35:00.222 15548 15548 W System.err: 	at cn.wps.moffice.main.open.base.OpenStorageView.aUD(Unknown Source)
01-06 05:35:00.222 15548 15548 W System.err: 	at cn.wps.moffice.main.open.base.OpenStorageView.b(Unknown Source)
01-06 05:35:00.222 15548 15548 W System.err: 	at cn.wps.moffice.main.open.base.OpenStorageView.a(Unknown Source)
01-06 05:35:00.222 15548 15548 W System.err: 	at cn.wps.moffice.main.open.base.OpenStorageView$1.onPostExecute(Unknown Source)
01-06 05:35:00.222 15548 15548 W System.err: 	at cvm.a(Unknown Source)
01-06 05:35:00.222 15548 15548 W System.err: 	at cvm$1.handleMessage(Unknown Source)
01-06 05:35:00.222 15548 15548 W System.err: 	at android.os.Handler.dispatchMessage(Handler.java:102)
01-06 05:35:00.222 15548 15548 W System.err: 	at android.os.Looper.loop(Looper.java:135)
01-06 05:35:00.222 15548 15548 W System.err: 	at android.app.ActivityThread.main(ActivityThread.java:5254)
01-06 05:35:00.222 15548 15548 W System.err: 	at java.lang.reflect.Method.invoke(Native Method)
01-06 05:35:00.222 15548 15548 W System.err: 	at java.lang.reflect.Method.invoke(Method.java:372)
01-06 05:35:00.222 15548 15548 W System.err: 	at com.android.internal.os.ZygoteInit$MethodAndArgsCaller.run(ZygoteInit.java:903)
01-06 05:35:00.222 15548 15548 W System.err: 	at com.android.internal.os.ZygoteInit.main(ZygoteInit.java:698)
01-06 05:35:00.289  1867  2115 E Vold    : Failed to find mounted volume for /storage/usb1/Android/data/cn.wps.moffice_eng/cache/
01-06 05:35:00.289 15548 15548 W ContextImpl: Failed to ensure directory: /storage/usb1/Android/data/cn.wps.moffice_eng/cache
01-06 05:35:00.289  2149  2180 I ActivityManager: Displayed cn.wps.moffice_eng/cn.wps.moffice.main.local.home.PadHomeActivity: +747ms (total +762ms)
01-06 05:35:00.289  1867  2115 E Vold    : Failed to find mounted volume for /storage/usb2/Android/data/cn.wps.moffice_eng/cache/
01-06 05:35:00.289 15548 15548 W ContextImpl: Failed to ensure directory: /storage/usb2/Android/data/cn.wps.moffice_eng/cache
01-06 05:35:00.290  1867  2115 E Vold    : Failed to find mounted volume for /storage/usb3/Android/data/cn.wps.moffice_eng/cache/
01-06 05:35:00.290 15548 15548 W ContextImpl: Failed to ensure directory: /storage/usb3/Android/data/cn.wps.moffice_eng/cache
01-06 05:35:00.290  1867  2115 E Vold    : Failed to find mounted volume for /storage/sdcard1/Android/data/cn.wps.moffice_eng/cache/
01-06 05:35:00.290 15548 15548 W ContextImpl: Failed to ensure directory: /storage/sdcard1/Android/data/cn.wps.moffice_eng/cache
01-06 05:35:00.346 15548 15698 W System.err: java.lang.NullPointerException: Attempt to read from field 'java.util.List cn.wps.moffice.main.common.ServerParamsUtil$Params.extras' on a null object reference
01-06 05:35:00.346 15548 15698 W System.err: 	at cn.wps.moffice.main.common.ServerParamsUtil.mx(Unknown Source)
01-06 05:35:00.346 15548 15698 W System.err: 	at bjd.Ss(Unknown Source)
01-06 05:35:00.346 15548 15698 W System.err: 	at bjd.SG(Unknown Source)
01-06 05:35:00.346 15548 15698 W System.err: 	at bit$c.run(Unknown Source)
01-06 05:35:00.834 15548 15607 W OpenGLRenderer: Incorrectly called buildLayer on View: bxy, destroying layer...
01-06 05:35:00.834 15548 15607 W OpenGLRenderer: Incorrectly called buildLayer on View: bxy, destroying layer...
01-06 05:35:00.834 15548 15607 W OpenGLRenderer: Incorrectly called buildLayer on View: bxy, destroying layer...
01-06 05:35:00.834 15548 15607 W OpenGLRenderer: Incorrectly called buildLayer on View: bxy, destroying layer...
01-06 05:35:00.835  2149  2169 W ActivityManager: Finishing task with all activities already finished
01-06 05:35:00.835  2149  2169 W ActivityManager: Duplicate finish request for ActivityRecord{10bb073d u0 cn.wps.moffice_eng/cn.wps.moffice.documentmanager.PreStartActivity t1101 f}
01-06 05:35:01.116  2149  2394 W ActivityManager: getTasks: caller 10115 does not hold REAL_GET_TASKS; limiting output
01-06 05:35:01.392 15548 15548 W System.err: java.lang.NullPointerException: Attempt to read from field 'java.util.List cn.wps.moffice.main.common.ServerParamsUtil$Params.extras' on a null object reference
01-06 05:35:01.392 15548 15548 W System.err: 	at cn.wps.moffice.main.common.ServerParamsUtil.mx(Unknown Source)
01-06 05:35:01.392 15548 15548 W System.err: 	at dwj.beO(Unknown Source)
01-06 05:35:01.392 15548 15548 W System.err: 	at cn.wps.moffice.main.PreProcessActivity$16.run(Unknown Source)
01-06 05:35:01.392 15548 15548 W System.err: 	at android.os.Handler.handleCallback(Handler.java:739)
01-06 05:35:01.392 15548 15548 W System.err: 	at android.os.Handler.dispatchMessage(Handler.java:95)
01-06 05:35:01.392 15548 15548 W System.err: 	at android.os.Looper.loop(Looper.java:135)
01-06 05:35:01.392 15548 15548 W System.err: 	at android.app.ActivityThread.main(ActivityThread.java:5254)
01-06 05:35:01.392 15548 15548 W System.err: 	at java.lang.reflect.Method.invoke(Native Method)
01-06 05:35:01.392 15548 15548 W System.err: 	at java.lang.reflect.Method.invoke(Method.java:372)
01-06 05:35:01.392 15548 15548 W System.err: 	at com.android.internal.os.ZygoteInit$MethodAndArgsCaller.run(ZygoteInit.java:903)
01-06 05:35:01.392 15548 15548 W System.err: 	at com.android.internal.os.ZygoteInit.main(ZygoteInit.java:698)
01-06 05:35:01.497 15619 15619 W System.err: java.lang.NullPointerException: Attempt to read from field 'java.util.List cn.wps.moffice.main.common.ServerParamsUtil$Params.extras' on a null object reference
01-06 05:35:01.497 15619 15619 W System.err: 	at cn.wps.moffice.main.common.ServerParamsUtil.mx(Unknown Source)
01-06 05:35:01.497 15619 15619 W System.err: 	at dki.aXh(Unknown Source)
01-06 05:35:01.497 15619 15619 W System.err: 	at cn.wps.moffice.service.MOfficeSyncService.bMP(Unknown Source)
01-06 05:35:01.497 15619 15619 W System.err: 	at cn.wps.moffice.service.MOfficeSyncService.onCreate(Unknown Source)
01-06 05:35:01.497 15619 15619 W System.err: 	at android.app.ActivityThread.handleCreateService(ActivityThread.java:2761)
01-06 05:35:01.497 15619 15619 W System.err: 	at android.app.ActivityThread.access$1800(ActivityThread.java:151)
01-06 05:35:01.497 15619 15619 W System.err: 	at android.app.ActivityThread$H.handleMessage(ActivityThread.java:1386)
01-06 05:35:01.497 15619 15619 W System.err: 	at android.os.Handler.dispatchMessage(Handler.java:102)
01-06 05:35:01.497 15619 15619 W System.err: 	at android.os.Looper.loop(Looper.java:135)
01-06 05:35:01.497 15619 15619 W System.err: 	at android.app.ActivityThread.main(ActivityThread.java:5254)
01-06 05:35:01.497 15619 15619 W System.err: 	at java.lang.reflect.Method.invoke(Native Method)
01-06 05:35:01.497 15619 15619 W System.err: 	at java.lang.reflect.Method.invoke(Method.java:372)
01-06 05:35:01.497 15619 15619 W System.err: 	at com.android.internal.os.ZygoteInit$MethodAndArgsCaller.run(ZygoteInit.java:903)
01-06 05:35:01.497 15619 15619 W System.err: 	at com.android.internal.os.ZygoteInit.main(ZygoteInit.java:698)
01-06 05:35:02.118  2149  4763 W ActivityManager: getTasks: caller 10115 does not hold REAL_GET_TASKS; limiting output
01-06 05:35:02.177  2149  2394 W ActivityManager: Unable to start service Intent { act=com.google.android.gms.analytics.service.START cmp=com.google.android.gms/.analytics.service.AnalyticsService (has extras) } U=0: not found
01-06 05:35:02.177 15548 15657 W GAV3    : Thread[GAThread,5,main]: Service unavailable (code=1), will retry.
01-06 05:35:02.178 15548 15657 I GAV3    : Thread[GAThread,5,main]: No campaign data found.
01-06 05:35:03.120  2149  3042 W ActivityManager: getTasks: caller 10115 does not hold REAL_GET_TASKS; limiting output
01-06 05:35:03.475 15716 15716 W linker  : [vdso]: unused DT entry: type 0x6ffffef5 arg 0x160
01-06 05:35:04.073  2149  8057 W ActivityManager: getRunningAppProcesses: caller 10121 does not hold REAL_GET_TASKS; limiting output
01-06 05:35:04.123  2149  2394 W ActivityManager: getTasks: caller 10115 does not hold REAL_GET_TASKS; limiting output
01-06 05:35:04.469  2149  2209 W AudioTrack: AUDIO_OUTPUT_FLAG_FAST denied by client
01-06 05:35:04.483  1876  2146 D audio_hw_primary: found out /dev/snd/pcmC0D0p
01-06 05:35:05.125  2149  2377 W ActivityManager: getTasks: caller 10115 does not hold REAL_GET_TASKS; limiting output
01-06 05:35:05.982  2149  2209 W AudioTrack: AUDIO_OUTPUT_FLAG_FAST denied by client
01-06 05:35:05.982  2149  9351 I ActivityManager: START u0 {cmp=cn.wps.moffice_eng/cn.wps.moffice.main.local.home.newfiles.NewFileActivity (has extras)} from uid 10126 on display 0
01-06 05:35:05.985  2149  9351 V WindowManager: addAppToken: AppWindowToken{215a79dd token=Token{39bc99b4 ActivityRecord{100c8687 u0 cn.wps.moffice_eng/cn.wps.moffice.main.local.home.newfiles.NewFileActivity t1102}}} to stack=1 task=1102 at 1
01-06 05:35:06.098  2149  3042 V WindowManager: Adding window Window{7210423 u0 cn.wps.moffice_eng/cn.wps.moffice.main.local.home.newfiles.NewFileActivity} at 7 of 12 (after Window{6ab0ab5 u0 cn.wps.moffice_eng/cn.wps.moffice.main.local.home.PadHomeActivity})
01-06 05:35:06.127  2149  3044 W ActivityManager: getTasks: caller 10115 does not hold REAL_GET_TASKS; limiting output
01-06 05:35:06.152  2149  2180 I ActivityManager: Displayed cn.wps.moffice_eng/cn.wps.moffice.main.local.home.newfiles.NewFileActivity: +103ms
01-06 05:35:06.570  2149  2191 I InputReader: Reconfiguring input devices.  changes=0x00000010
01-06 05:35:06.573  2349  2349 W Launcher: setApplicationContext called twice! old=com.android.launcher3.LauncherApplication@95c0a33 new=com.android.launcher3.LauncherApplication@95c0a33
01-06 05:35:06.596  2149  2149 D BackupManagerService: Received broadcast Intent { act=android.intent.action.PACKAGE_CHANGED dat=package:cn.wps.moffice_eng flg=0x4000010 (has extras) }
01-06 05:35:06.687  2349  2349 I Launcher: Deferring update until onResume
01-06 05:35:06.728  2349  2349 I Launcher: Deferring update until onResume
01-06 05:35:07.130  2149  2377 W ActivityManager: getTasks: caller 10115 does not hold REAL_GET_TASKS; limiting output
01-06 05:35:07.179  2149  4763 W ActivityManager: Unable to start service Intent { act=com.google.android.gms.analytics.service.START cmp=com.google.android.gms/.analytics.service.AnalyticsService (has extras) } U=0: not found
01-06 05:35:07.179 15548 15715 W GAV3    : Thread[Service Reconnect,5,main]: Service unavailable (code=1), using local store.
01-06 05:35:07.431 15619 15651 D com.xiaomi.common.Network: Http POST Response Code: 200
01-06 05:35:07.454 15619 15651 V xiaomi  : [Thread:891] JOB: do reconnect..
01-06 05:35:07.455 15619 15651 V xiaomi  : [Thread:891] update the connection status. disconnected -> connecting : ERROR_OK 
01-06 05:35:07.457  2149  3044 W ActivityManager: getRunningAppProcesses: caller 10126 does not hold REAL_GET_TASKS; limiting output
01-06 05:35:07.458 15619 15651 V xiaomi  : [Thread:891] begin to connect to 42.62.94.2
01-06 05:35:07.472 15619 15733 V xiaomi  : [Thread:899] get bucket:    isp: Ethernet- hosts:{"app.chat.xiaomi.net":["42.62.94.2:5222","114.54.23.2:80","111.206.200.2:5222","120.134.33.29:5222"],"resolver.msg.xiaomi.net":["42.62.94.234:5222","42.62.94.234:80","120.134.33.157:5222","120.134.33.157:80"]}
01-06 05:35:07.473  2149  2295 W ActivityManager: getRunningAppProcesses: caller 10126 does not hold REAL_GET_TASKS; limiting output
01-06 05:35:08.132  2149  9351 W ActivityManager: getTasks: caller 10115 does not hold REAL_GET_TASKS; limiting output
01-06 05:35:08.478  2149  2209 W AudioTrack: AUDIO_OUTPUT_FLAG_FAST denied by client
01-06 05:35:08.484 15736 15736 W linker  : [vdso]: unused DT entry: type 0x6ffffef5 arg 0x160
01-06 05:35:08.493  2149  9351 W ActivityManager: getRunningAppProcesses: caller 10126 does not hold REAL_GET_TASKS; limiting output
01-06 05:35:08.494  2149  2377 I ActivityManager: START u0 {cmp=cn.wps.moffice_eng/cn.wps.moffice.writer.multiactivity.Writer1 (has extras)} from uid 10126 on display 0
01-06 05:35:08.498  2149  2377 V WindowManager: addAppToken: AppWindowToken{86ebed6 token=Token{15fd62f1 ActivityRecord{116bea98 u0 cn.wps.moffice_eng/cn.wps.moffice.writer.multiactivity.Writer1 t1103}}} to stack=1 task=1103 at 0
01-06 05:35:08.518  2149  8057 V WindowManager: not Base app: Adding window Window{17811844 u0 cn.wps.moffice_eng/cn.wps.moffice.main.local.home.newfiles.NewFileActivity} at 8 of 13
01-06 05:35:08.568  2149  2295 I ActivityManager: Start proc 15741:cn.wps.moffice_eng:writer1/u0a126 for activity cn.wps.moffice_eng/cn.wps.moffice.writer.multiactivity.Writer1
01-06 05:35:08.571 15741 15741 D houdini : [15741] Initialize library(version: 5.2.2_y.47738 RELEASE)... successfully.
01-06 05:35:08.581 15741 15741 I ActivityThread: Switching default density from 160 to 240
01-06 05:35:08.604  2149  3044 W ActivityManager: getRunningAppProcesses: caller 10126 does not hold REAL_GET_TASKS; limiting output
01-06 05:35:08.608  1867  2115 E Vold    : Failed to find mounted volume for /storage/usb1/Android/data/cn.wps.moffice_eng/cache/
01-06 05:35:08.608 15741 15741 W ContextImpl: Failed to ensure directory: /storage/usb1/Android/data/cn.wps.moffice_eng/cache
01-06 05:35:08.608  1867  2115 E Vold    : Failed to find mounted volume for /storage/usb2/Android/data/cn.wps.moffice_eng/cache/
01-06 05:35:08.608 15741 15741 W ContextImpl: Failed to ensure directory: /storage/usb2/Android/data/cn.wps.moffice_eng/cache
01-06 05:35:08.609  1867  2115 E Vold    : Failed to find mounted volume for /storage/usb3/Android/data/cn.wps.moffice_eng/cache/
01-06 05:35:08.609 15741 15741 W ContextImpl: Failed to ensure directory: /storage/usb3/Android/data/cn.wps.moffice_eng/cache
01-06 05:35:08.609  1867  2115 E Vold    : Failed to find mounted volume for /storage/sdcard1/Android/data/cn.wps.moffice_eng/cache/
01-06 05:35:08.609 15741 15741 W ContextImpl: Failed to ensure directory: /storage/sdcard1/Android/data/cn.wps.moffice_eng/cache
01-06 05:35:08.609  1867  2115 E Vold    : Failed to find mounted volume for /storage/usb1/Android/data/cn.wps.moffice_eng/cache/
01-06 05:35:08.610 15741 15741 W ContextImpl: Failed to ensure directory: /storage/usb1/Android/data/cn.wps.moffice_eng/cache
01-06 05:35:08.610  1867  2115 E Vold    : Failed to find mounted volume for /storage/usb2/Android/data/cn.wps.moffice_eng/cache/
01-06 05:35:08.610 15741 15741 W ContextImpl: Failed to ensure directory: /storage/usb2/Android/data/cn.wps.moffice_eng/cache
01-06 05:35:08.610  1867  2115 E Vold    : Failed to find mounted volume for /storage/usb3/Android/data/cn.wps.moffice_eng/cache/
01-06 05:35:08.610 15741 15741 W ContextImpl: Failed to ensure directory: /storage/usb3/Android/data/cn.wps.moffice_eng/cache
01-06 05:35:08.610  1867  2115 E Vold    : Failed to find mounted volume for /storage/sdcard1/Android/data/cn.wps.moffice_eng/cache/
01-06 05:35:08.610 15741 15741 W ContextImpl: Failed to ensure directory: /storage/sdcard1/Android/data/cn.wps.moffice_eng/cache
01-06 05:35:08.620  2149  2190 I InputDispatcher: Dropping event because there is no touchable window at (186, 353).
01-06 05:35:08.628  2149  2190 I InputDispatcher: Dropping event because there is no touchable window at (186, 354).
01-06 05:35:08.636  2149  2190 I InputDispatcher: Dropping event because there is no touchable window at (187, 356).
01-06 05:35:08.644  2149  2190 I InputDispatcher: Dropping event because there is no touchable window at (188, 357).
01-06 05:35:08.652  2149  2190 I InputDispatcher: Dropping event because there is no touchable window at (189, 359).
01-06 05:35:08.653 15741 15770 D OpenGLRenderer: Use EGL_SWAP_BEHAVIOR_PRESERVED: true
01-06 05:35:08.653  2149  8057 V WindowManager: Adding window Window{29128986 u0 cn.wps.moffice_eng/cn.wps.moffice.writer.multiactivity.Writer1} at 9 of 14 (after Window{17811844 u0 cn.wps.moffice_eng})
01-06 05:35:08.656  2149  2295 V WindowManager: Adding window Window{10fb435e u0 cn.wps.moffice_eng/cn.wps.moffice.writer.multiactivity.Writer1} at 9 of 15 (before Window{29128986 u0 cn.wps.moffice_eng/cn.wps.moffice.writer.multiactivity.Writer1})
01-06 05:35:08.660  2149  2190 I InputDispatcher: Dropping event because there is no touchable window at (191, 361).
01-06 05:35:08.667 15741 15772 I System.out: Mismatch in chpFtc with stringCount
01-06 05:35:08.668  2149  2190 I InputDispatcher: Dropping event because there is no touchable window at (193, 363).
01-06 05:35:08.669 15741 15771 W System.err: java.io.IOException: File not exists: /storage/emulated/0/Fonts/.wps-fonts.db
01-06 05:35:08.669 15741 15771 W System.err: 	at cvf.a(Unknown Source)
01-06 05:35:08.669 15741 15771 W System.err: 	at cuv.C(Unknown Source)
01-06 05:35:08.669 15741 15771 W System.err: 	at cuv.aLh(Unknown Source)
01-06 05:35:08.669 15741 15771 W System.err: 	at amb.JA(Unknown Source)
01-06 05:35:08.669 15741 15771 W System.err: 	at gsg.run(Unknown Source)
01-06 05:35:08.676  2149  2190 I InputDispatcher: Dropping event because there is no touchable window at (195, 365).
01-06 05:35:08.680 15741 15770 I GRALLOC-DRM: create intel for driver i915
01-06 05:35:08.680 15741 15770 I EGL-DRI2: DRI2: found extension DRI_Core version 1
01-06 05:35:08.680 15741 15770 I EGL-DRI2: DRI2: found extension DRI_DRI2 version 4
01-06 05:35:08.681 15741 15771 D houdini : [15771] Added shared library /data/app/cn.wps.moffice_eng-1/lib/arm/libfreetype-jni.so for ClassLoader by Native Bridge.
01-06 05:35:08.683 15741 15770 I EGL-DRI2: DRI2: found extension DRI_TexBuffer version 3
01-06 05:35:08.683 15741 15770 I EGL-DRI2: DRI2: found extension DRI2_Flush version 4
01-06 05:35:08.683 15741 15770 I EGL-DRI2: DRI2: found extension DRI_IMAGE version 11
01-06 05:35:08.683 15741 15770 I OpenGLRenderer: Initialized EGL, version 1.4
01-06 05:35:08.683 15741 15770 W OpenGLRenderer: Failed to choose config with EGL_SWAP_BEHAVIOR_PRESERVED, retrying without...
01-06 05:35:08.684  2149  2190 I InputDispatcher: Dropping event because there is no touchable window at (196, 368).
01-06 05:35:08.684 15741 15770 D OpenGLRenderer: Enabling debug mode 0
01-06 05:35:08.692  2149  2190 I InputDispatcher: Dropping event because there is no touchable window at (199, 371).
01-06 05:35:08.700  2149  2170 V WindowManager: Adding window Window{2c9a145b u0 SurfaceView} at 9 of 16 (before Window{10fb435e u0 cn.wps.moffice_eng/cn.wps.moffice.writer.multiactivity.Writer1})
01-06 05:35:08.825  2149  2180 I ActivityManager: Displayed cn.wps.moffice_eng/cn.wps.moffice.writer.multiactivity.Writer1: +273ms
01-06 05:35:08.828 15741 15741 V NFC     : this device does not have NFC support
01-06 05:35:08.830 15548 15607 D OpenGLRenderer: endAllStagingAnimators on 0xdd73aa00 (StrokeImageView) with handle 0xdcc4d070
01-06 05:35:08.831  2149  2204 D WifiService: New client listening to asynchronous messages
01-06 05:35:08.837 15741 15741 W InputMethodManager: Ignoring onBind: cur seq=196, given seq=195
01-06 05:35:09.113  8360  8399 D ++++++++: IsGetNotificationTimeOut = 11177113 dis = 28800000
01-06 05:35:09.134  2149  3044 W ActivityManager: getTasks: caller 10115 does not hold REAL_GET_TASKS; limiting output
01-06 05:35:09.572  2267  2267 W ResourceType: No package identifier when getting value for resource number 0x00000000
01-06 05:35:09.572  2267  2267 W PackageManager: Failure retrieving resources for cn.wps.moffice_eng: Resource ID #0x0
01-06 05:35:10.136  2149  2295 W ActivityManager: getTasks: caller 10115 does not hold REAL_GET_TASKS; limiting output
01-06 05:35:11.139  2149  8057 W ActivityManager: getTasks: caller 10115 does not hold REAL_GET_TASKS; limiting output
01-06 05:35:12.141  2149  2377 W ActivityManager: getTasks: caller 10115 does not hold REAL_GET_TASKS; limiting output
01-06 05:35:12.475 15619 15651 V xiaomi  : [Thread:891] connected to 42.62.94.2 in 5017
01-06 05:35:12.476  2149  2295 W ActivityManager: getRunningAppProcesses: caller 10126 does not hold REAL_GET_TASKS; limiting output
01-06 05:35:12.480 15619 15783 V xiaomi  : [Thread:900] setChallenge hash = 92ee0eb1
01-06 05:35:12.480 15619 15783 V xiaomi  : [Thread:900] update the connection status. connecting -> connected : ERROR_OK 
01-06 05:35:12.480 15619 15651 V xiaomi  : [Thread:891] JOB: bind the client. 5, 51424264558@xiaomi.com/anutxzID
01-06 05:35:12.481 15619 15651 V xiaomi  : [Thread:891] update the client 5 status. unbind->binding unknown ERROR_OK null null
01-06 05:35:12.482 15619 15651 V xiaomi  : [Thread:891] SMACK: bind id=5I91u-0
01-06 05:35:12.512 15619 15651 V xiaomi  : [Thread:891] try send mi push message. packagename:cn.wps.moffice_eng action:Registration
01-06 05:35:12.512 15619 15651 V xiaomi  : [Thread:891] update the client 5 status. binding->binded OPEN ERROR_OK null null
01-06 05:35:12.512 15619 15651 V xiaomi  : [Thread:891] SMACK: channel bind succeeded, chid=5
01-06 05:35:12.591 15619 15651 V xiaomi  : [Thread:891] receive a message, appid=2882303761517132502, msgid= jIFz1452058496405
01-06 05:35:12.614 15548 15785 V xiaomi  : [Thread:990] receive an intent from server, action=com.xiaomi.mipush.RECEIVE_MESSAGE
01-06 05:35:12.617 15548 15785 V xiaomi  : [Thread:990] processing a message, action=Registration
01-06 05:35:12.634 15619 15651 V xiaomi  : [Thread:891] try send mi push message. packagename:cn.wps.moffice_eng action:Subscription
01-06 05:35:12.652 15619 15651 V xiaomi  : [Thread:891] receive a message, appid=2882303761517132502, msgid= XQxV1452058501498
01-06 05:35:12.654 15548 15787 V xiaomi  : [Thread:991] receive an intent from server, action=com.xiaomi.mipush.RECEIVE_MESSAGE
01-06 05:35:12.655 15548 15787 V xiaomi  : [Thread:991] processing a message, action=Subscription
01-06 05:35:13.144  2149  2170 W ActivityManager: getTasks: caller 10115 does not hold REAL_GET_TASKS; limiting output
01-06 05:35:13.352  2149  8057 W ActivityManager: getRunningAppProcesses: caller 10120 does not hold REAL_GET_TASKS; limiting output
01-06 05:35:13.373 15741 15741 D InputEventConsistencyVerifier: KeyEvent: ACTION_UP but key was not down.
01-06 05:35:13.373 15741 15741 D InputEventConsistencyVerifier:   in android.view.ViewRootImpl@1fb117f7
01-06 05:35:13.373 15741 15741 D InputEventConsistencyVerifier:   0: sent at 12312510000000, KeyEvent { action=ACTION_UP, keyCode=KEYCODE_SPACE, scanCode=57, metaState=META_CTRL_ON|META_CTRL_LEFT_ON, flags=0x8, repeatCount=0, eventTime=12312510, downTime=12312430, deviceId=16, source=0x101 }
01-06 05:35:13.373 15741 15741 D InputEventConsistencyVerifier:   -- recent events --
01-06 05:35:13.373 15741 15741 D InputEventConsistencyVerifier:   1: sent at 12312430000000, KeyEvent { action=ACTION_UP, keyCode=KEYCODE_CTRL_LEFT, scanCode=29, metaState=META_CTRL_ON|META_CTRL_LEFT_ON, flags=0x28, repeatCount=0, eventTime=12312430, downTime=12312318, deviceId=16, source=0x101 }
01-06 05:35:13.373 15741 15741 D InputEventConsistencyVerifier:   2: sent at 12312318000000, KeyEvent { action=ACTION_DOWN, keyCode=KEYCODE_CTRL_LEFT, scanCode=29, metaState=META_CTRL_ON|META_CTRL_LEFT_ON, flags=0x8, repeatCount=0, eventTime=12312318, downTime=12312318, deviceId=16, source=0x101 }
01-06 05:35:13.373 15741 15741 D InputEventConsistencyVerifier:   3: sent at 12311886000000, KeyEvent { action=ACTION_UP, keyCode=KEYCODE_DEL, scanCode=14, metaState=0, flags=0x8, repeatCount=0, eventTime=12311886, downTime=12311830, deviceId=16, source=0x101 }
01-06 05:35:13.373 15741 15741 D InputEventConsistencyVerifier:   4: sent at 12311830000000, KeyEvent { action=ACTION_DOWN, keyCode=KEYCODE_DEL, scanCode=14, metaState=0, flags=0x8, repeatCount=0, eventTime=12311830, downTime=12311830, deviceId=16, source=0x101 }
01-06 05:35:13.373 15741 15741 D InputEventConsistencyVerifier:   5: sent at 12311366000000, KeyEvent { action=ACTION_UP, keyCode=KEYCODE_J, scanCode=36, metaState=0, flags=0x8, repeatCount=0, eventTime=12311366, downTime=12311310, deviceId=16, source=0x101 }
01-06 05:35:13.421 15741 15741 D InputEventConsistencyVerifier: KeyEvent: ACTION_UP but key was not down.
01-06 05:35:13.421 15741 15741 D InputEventConsistencyVerifier:   in android.view.ViewRootImpl@1fb117f7
01-06 05:35:13.421 15741 15741 D InputEventConsistencyVerifier:   0: sent at 12312558000000, KeyEvent { action=ACTION_UP, keyCode=KEYCODE_CTRL_LEFT, scanCode=29, metaState=0, flags=0x8, repeatCount=0, eventTime=12312558, downTime=12312430, deviceId=16, source=0x101 }
01-06 05:35:13.421 15741 15741 D InputEventConsistencyVerifier:   -- recent events --
01-06 05:35:13.421 15741 15741 D InputEventConsistencyVerifier:   1: sent at 12312510000000, KeyEvent { action=ACTION_UP, keyCode=KEYCODE_SPACE, scanCode=57, metaState=META_CTRL_ON|META_CTRL_LEFT_ON, flags=0x80000008, repeatCount=0, eventTime=12312510, downTime=12312430, deviceId=16, source=0x101 }
01-06 05:35:13.421 15741 15741 D InputEventConsistencyVerifier:   2: sent at 12312430000000, KeyEvent { action=ACTION_UP, keyCode=KEYCODE_CTRL_LEFT, scanCode=29, metaState=META_CTRL_ON|META_CTRL_LEFT_ON, flags=0x28, repeatCount=0, eventTime=12312430, downTime=12312318, deviceId=16, source=0x101 }
01-06 05:35:13.421 15741 15741 D InputEventConsistencyVerifier:   3: sent at 12312318000000, KeyEvent { action=ACTION_DOWN, keyCode=KEYCODE_CTRL_LEFT, scanCode=29, metaState=META_CTRL_ON|META_CTRL_LEFT_ON, flags=0x8, repeatCount=0, eventTime=12312318, downTime=12312318, deviceId=16, source=0x101 }
01-06 05:35:13.421 15741 15741 D InputEventConsistencyVerifier:   4: sent at 12311886000000, KeyEvent { action=ACTION_UP, keyCode=KEYCODE_DEL, scanCode=14, metaState=0, flags=0x8, repeatCount=0, eventTime=12311886, downTime=12311830, deviceId=16, source=0x101 }
01-06 05:35:13.421 15741 15741 D InputEventConsistencyVerifier:   5: sent at 12311830000000, KeyEvent { action=ACTION_DOWN, keyCode=KEYCODE_DEL, scanCode=14, metaState=0, flags=0x8, repeatCount=0, eventTime=12311830, downTime=12311830, deviceId=16, source=0x101 }
01-06 05:35:13.495 15788 15788 W linker  : [vdso]: unused DT entry: type 0x6ffffef5 arg 0x160
01-06 05:35:14.147  2149  3128 W ActivityManager: getTasks: caller 10115 does not hold REAL_GET_TASKS; limiting output
01-06 05:35:15.150  2149  2169 W ActivityManager: getTasks: caller 10115 does not hold REAL_GET_TASKS; limiting output
01-06 05:35:16.152  2149  2169 W ActivityManager: getTasks: caller 10115 does not hold REAL_GET_TASKS; limiting output
01-06 05:35:17.154  2149  3042 W ActivityManager: getTasks: caller 10115 does not hold REAL_GET_TASKS; limiting output
01-06 05:35:18.157  2149  2394 W ActivityManager: getTasks: caller 10115 does not hold REAL_GET_TASKS; limiting output
01-06 05:35:18.497  2149  2209 W AudioTrack: AUDIO_OUTPUT_FLAG_FAST denied by client
