01-06 05:34:34.231  2149  8057 W ActivityManager: getTasks: caller 10115 does not hold REAL_GET_TASKS; limiting output
01-06 05:34:35.233  2149  8057 W ActivityManager: getTasks: caller 10115 does not hold REAL_GET_TASKS; limiting output
01-06 05:34:36.235  2149  2295 W ActivityManager: getTasks: caller 10115 does not hold REAL_GET_TASKS; limiting output
01-06 05:34:36.534  2149  2209 W AudioTrack: AUDIO_OUTPUT_FLAG_FAST denied by client
01-06 05:34:36.547  1876  2146 D audio_hw_primary: found out /dev/snd/pcmC0D0p
01-06 05:34:36.548  2267  2267 W ResourceType: No package identifier when getting value for resource number 0x00000000
01-06 05:34:36.548  2267  2267 W PackageManager: Failure retrieving resources for jackpal.androidterm: Resource ID #0x0
01-06 05:34:36.551  2149  3044 I ActivityManager: START u0 {act=com.android.systemui.recents.SHOW_RECENTS flg=0x10804000 cmp=com.android.systemui/.recents.RecentsActivity} from uid 10000 on display 0
01-06 05:34:36.598  9354  9354 W IInputConnectionWrapper: showStatusIcon on inactive InputConnection
01-06 05:34:37.238  2149  2394 W ActivityManager: getTasks: caller 10115 does not hold REAL_GET_TASKS; limiting output
01-06 05:34:37.572  2267  2267 W ResourceType: No package identifier when getting value for resource number 0x00000000
01-06 05:34:37.572  2267  2267 W PackageManager: Failure retrieving resources for jackpal.androidterm: Resource ID #0x0
01-06 05:34:37.661  2149  2209 W AudioTrack: AUDIO_OUTPUT_FLAG_FAST denied by client
01-06 05:34:37.702 15402 15402 W linker  : [vdso]: unused DT entry: type 0x6ffffef5 arg 0x160
01-06 05:34:37.707 15403 15403 W linker  : [vdso]: unused DT entry: type 0x6ffffef5 arg 0x160
01-06 05:34:37.712 15404 15404 W linker  : [vdso]: unused DT entry: type 0x6ffffef5 arg 0x160
01-06 05:34:37.716 15409 15409 W linker  : [vdso]: unused DT entry: type 0x6ffffef5 arg 0x160
01-06 05:34:37.819 15411 15411 W linker  : [vdso]: unused DT entry: type 0x6ffffef5 arg 0x160
01-06 05:34:37.822 15412 15412 W linker  : [vdso]: unused DT entry: type 0x6ffffef5 arg 0x160
01-06 05:34:37.823 15413 15413 W linker  : [vdso]: unused DT entry: type 0x6ffffef5 arg 0x160
01-06 05:34:37.863 15414 15414 W linker  : [vdso]: unused DT entry: type 0x6ffffef5 arg 0x160
01-06 05:34:37.866 15415 15415 W linker  : [vdso]: unused DT entry: type 0x6ffffef5 arg 0x160
01-06 05:34:37.867 15416 15416 W linker  : [vdso]: unused DT entry: type 0x6ffffef5 arg 0x160
01-06 05:34:38.241  2149  3042 W ActivityManager: getTasks: caller 10115 does not hold REAL_GET_TASKS; limiting output
01-06 05:34:38.413 15417 15417 W linker  : [vdso]: unused DT entry: type 0x6ffffef5 arg 0x160
01-06 05:34:39.244  2149  3042 W ActivityManager: getTasks: caller 10115 does not hold REAL_GET_TASKS; limiting output
01-06 05:34:40.247  2149  2377 W ActivityManager: getTasks: caller 10115 does not hold REAL_GET_TASKS; limiting output
01-06 05:34:40.470  2149  2209 W AudioTrack: AUDIO_OUTPUT_FLAG_FAST denied by client
01-06 05:34:40.476  2149  2295 I ActivityManager: START u0 {act=android.intent.action.VIEW dat=file:///storage/usb0/CTS/test-APK/WPSOffice_140.apk typ=application/vnd.android.package-archive cmp=com.android.packageinstaller/.PackageInstallerActivity} from uid 10027 on display 0
01-06 05:34:40.478  2149  2295 V WindowManager: addAppToken: AppWindowToken{1505559b token=Token{242ab5aa ActivityRecord{9ee6095 u0 com.android.packageinstaller/.PackageInstallerActivity t1079}}} to stack=1 task=1079 at 1
01-06 05:34:40.516  3754  3754 W PackageParser: No actions in intent filter at /storage/usb0/CTS/test-APK/WPSOffice_140.apk Binary XML file line #895
01-06 05:34:40.629  3754  3754 I AppSecurityPermissions: Ignoring unknown permission:com.xiaomi.permission.AUTH_SERVICE
01-06 05:34:40.629  3754  3754 I AppSecurityPermissions: Ignoring unknown permission:cn.wps.moffice_eng.permission.MIPUSH_RECEIVE
01-06 05:34:40.629  3754  3754 I AppSecurityPermissions: Ignoring unknown permission:com.android.launcher.permission.READ_SETTINGS
01-06 05:34:40.629  3754  3754 I AppSecurityPermissions: Ignoring unknown permission:com.google.android.launcher.permission.READ_SETTINGS
01-06 05:34:40.629  3754  3754 I AppSecurityPermissions: Ignoring unknown permission:com.miui.miuilite.launcher.permission.READ_SETTINGS
01-06 05:34:40.629  3754  3754 I AppSecurityPermissions: Ignoring unknown permission:com.lenovo.launcher.permission.READ_SETTINGS
01-06 05:34:40.629  3754  3754 I AppSecurityPermissions: Ignoring unknown permission:org.adw.launcher.permission.READ_SETTINGS
01-06 05:34:40.629  3754  3754 I AppSecurityPermissions: Ignoring unknown permission:com.qihoo360.launcher.permission.READ_SETTINGS
01-06 05:34:40.629  3754  3754 I AppSecurityPermissions: Ignoring unknown permission:com.lge.launcher.permission.READ_SETTINGS
01-06 05:34:40.629  3754  3754 I AppSecurityPermissions: Ignoring unknown permission:net.qihoo.launcher.permission.READ_SETTINGS
01-06 05:34:40.629  3754  3754 I AppSecurityPermissions: Ignoring unknown permission:org.adwfreak.launcher.permission.READ_SETTINGS
01-06 05:34:40.629  3754  3754 I AppSecurityPermissions: Ignoring unknown permission:com.huawei.launcher3.permission.READ_SETTINGS
01-06 05:34:40.629  3754  3754 I AppSecurityPermissions: Ignoring unknown permission:com.huawei.android.launcher.permission.READ_SETTINGS
01-06 05:34:40.629  3754  3754 I AppSecurityPermissions: Ignoring unknown permission:com.fede.launcher.permission.READ_SETTINGS
01-06 05:34:40.629  3754  3754 I AppSecurityPermissions: Ignoring unknown permission:com.sec.android.app.twlauncher.settings.READ_SETTINGS
01-06 05:34:40.629  3754  3754 I AppSecurityPermissions: Ignoring unknown permission:com.anddoes.launcher.permission.READ_SETTINGS
01-06 05:34:40.629  3754  3754 I AppSecurityPermissions: Ignoring unknown permission:com.tencent.qlauncher.permission.READ_SETTINGS
01-06 05:34:40.629  3754  3754 I AppSecurityPermissions: Ignoring unknown permission:com.aliyun.homeshell.permission.READ_SETTINGS
01-06 05:34:40.629  3754  3754 I AppSecurityPermissions: Ignoring unknown permission:com.teslacoilsw.launcher.permission.READ_SETTINGS
01-06 05:34:40.629  3754  3754 I AppSecurityPermissions: Ignoring unknown permission:com.htc.launcher.permission.READ_SETTINGS
01-06 05:34:40.629  3754  3754 I AppSecurityPermissions: Ignoring unknown permission:cn.nubia.launcher.permission.READ_SETTINGS
01-06 05:34:40.630  3754  3754 I AppSecurityPermissions: Ignoring unknown permission:com.bbk.launcher2.permission.READ_SETTINGS
01-06 05:34:40.634  2149  2394 V WindowManager: Adding window Window{aa17111 u0 com.android.packageinstaller/com.android.packageinstaller.PackageInstallerActivity} at 6 of 11 (after Window{79b689 u0 com.cyanogenmod.filemanager/com.cyanogenmod.filemanager.activities.NavigationActivity})
01-06 05:34:40.668  8489  8489 E LbsUtils: error com.baidu.pushservice.clt
01-06 05:34:40.670  2149  2180 I ActivityManager: Displayed com.android.packageinstaller/.PackageInstallerActivity: +189ms
01-06 05:34:41.250  2149  3044 W ActivityManager: getTasks: caller 10115 does not hold REAL_GET_TASKS; limiting output
01-06 05:34:41.257  8489 13723 I socket  : msgid:5
01-06 05:34:42.037  1867  2115 E Vold    : Failed to find mounted volume for /storage/usb1/Android/data/com.wandoujia.phoenix2/cache/
01-06 05:34:42.038 15016 15016 W ContextImpl: Failed to ensure directory: /storage/usb1/Android/data/com.wandoujia.phoenix2/cache
01-06 05:34:42.039  1867  2115 E Vold    : Failed to find mounted volume for /storage/usb2/Android/data/com.wandoujia.phoenix2/cache/
01-06 05:34:42.039 15016 15016 W ContextImpl: Failed to ensure directory: /storage/usb2/Android/data/com.wandoujia.phoenix2/cache
01-06 05:34:42.040  1867  2115 E Vold    : Failed to find mounted volume for /storage/usb3/Android/data/com.wandoujia.phoenix2/cache/
01-06 05:34:42.040 15016 15016 W ContextImpl: Failed to ensure directory: /storage/usb3/Android/data/com.wandoujia.phoenix2/cache
01-06 05:34:42.041  1867  2115 E Vold    : Failed to find mounted volume for /storage/sdcard1/Android/data/com.wandoujia.phoenix2/cache/
01-06 05:34:42.041 15016 15016 W ContextImpl: Failed to ensure directory: /storage/sdcard1/Android/data/com.wandoujia.phoenix2/cache
01-06 05:34:42.253  2149  3042 W ActivityManager: getTasks: caller 10115 does not hold REAL_GET_TASKS; limiting output
01-06 05:34:42.262  2149  2209 W AudioTrack: AUDIO_OUTPUT_FLAG_FAST denied by client
01-06 05:34:42.830  2149  3042 I ActivityManager: START u0 {dat=file:///storage/usb0/CTS/test-APK/WPSOffice_140.apk cmp=com.android.packageinstaller/.InstallAppProgress (has extras)} from uid 10045 on display 0
01-06 05:34:42.831  2149  2209 W AudioTrack: AUDIO_OUTPUT_FLAG_FAST denied by client
01-06 05:34:42.832  2149  3042 V WindowManager: addAppToken: AppWindowToken{34a05002 token=Token{169b0d4d ActivityRecord{2f7e94e4 u0 com.android.packageinstaller/.InstallAppProgress t1079}}} to stack=1 task=1079 at 2
01-06 05:34:42.874  2149  4763 V WindowManager: Adding window Window{15a0376f u0 com.android.packageinstaller/com.android.packageinstaller.InstallAppProgress} at 7 of 12 (after Window{aa17111 u0 com.android.packageinstaller/com.android.packageinstaller.PackageInstallerActivity})
01-06 05:34:42.908  2149  2180 I ActivityManager: Displayed com.android.packageinstaller/.InstallAppProgress: +59ms
01-06 05:34:42.945  3754  3777 D OpenGLRenderer: endAllStagingAnimators on 0x7f31481e4000 (RippleDrawable) with handle 0x7f313f84b900
01-06 05:34:43.256  2149  2377 W ActivityManager: getTasks: caller 10115 does not hold REAL_GET_TASKS; limiting output
01-06 05:34:43.352  2149  3044 W ActivityManager: getRunningAppProcesses: caller 10120 does not hold REAL_GET_TASKS; limiting output
01-06 05:34:43.426 15429 15429 W linker  : [vdso]: unused DT entry: type 0x6ffffef5 arg 0x160
01-06 05:34:43.562  3816  4878 D DefContainer: Copying /storage/usb0/CTS/test-APK/WPSOffice_140.apk to base.apk
01-06 05:34:44.222  2149  2184 W PackageParser: No actions in intent filter at /data/app/vmdl1772331820.tmp/base.apk Binary XML file line #895
01-06 05:34:44.258  2149  9351 W ActivityManager: getTasks: caller 10115 does not hold REAL_GET_TASKS; limiting output
01-06 05:34:44.643  2149  2184 D PackageManager: Renaming /data/app/vmdl1772331820.tmp to /data/app/cn.wps.moffice_eng-1
01-06 05:34:44.686  2149  2184 I PackageManager: Running dexopt on: /data/app/cn.wps.moffice_eng-1/base.apk pkg=cn.wps.moffice_eng isa=x86 vmSafeMode=false
01-06 05:34:44.689 15431 15431 W linker  : [vdso]: unused DT entry: type 0x6ffffef5 arg 0xec
01-06 05:34:44.690 15431 15431 E cutils-trace: Error opening trace file: Permission denied (13)
01-06 05:34:44.690 15431 15431 I dex2oat : /system/bin/dex2oat --zip-fd=5 --zip-location=/data/app/cn.wps.moffice_eng-1/base.apk --oat-fd=6 --oat-location=/data/dalvik-cache/x86/data@app@cn.wps.moffice_eng-1@base.apk@classes.dex --instruction-set=x86 --instruction-set-features=default --runtime-arg -Xms64m --runtime-arg -Xmx512m --compiler-filter=interpret-only --swap-fd=7
01-06 05:34:45.031 15431 15431 I dex2oat : Accepted running with swap.
01-06 05:34:45.259  2149  3128 W ActivityManager: getTasks: caller 10115 does not hold REAL_GET_TASKS; limiting output
01-06 05:34:46.260  2149  2377 W ActivityManager: getTasks: caller 10115 does not hold REAL_GET_TASKS; limiting output
01-06 05:34:46.575 15431 15431 I dex2oat : dex2oat took 1.885s (threads: 8) arena alloc=0B java alloc=46MB native alloc=2MB free=9MB swap=16MB
01-06 05:34:46.645  2149  2184 W PackageManager: Unknown permission com.xiaomi.permission.AUTH_SERVICE in package cn.wps.moffice_eng
01-06 05:34:46.645  2149  2184 W PackageManager: Unknown permission com.android.launcher.permission.READ_SETTINGS in package cn.wps.moffice_eng
01-06 05:34:46.645  2149  2184 W PackageManager: Unknown permission com.google.android.launcher.permission.READ_SETTINGS in package cn.wps.moffice_eng
01-06 05:34:46.645  2149  2184 W PackageManager: Unknown permission com.miui.miuilite.launcher.permission.READ_SETTINGS in package cn.wps.moffice_eng
01-06 05:34:46.645  2149  2184 W PackageManager: Unknown permission com.lenovo.launcher.permission.READ_SETTINGS in package cn.wps.moffice_eng
01-06 05:34:46.645  2149  2184 W PackageManager: Unknown permission org.adw.launcher.permission.READ_SETTINGS in package cn.wps.moffice_eng
01-06 05:34:46.645  2149  2184 W PackageManager: Unknown permission com.qihoo360.launcher.permission.READ_SETTINGS in package cn.wps.moffice_eng
01-06 05:34:46.645  2149  2184 W PackageManager: Unknown permission com.lge.launcher.permission.READ_SETTINGS in package cn.wps.moffice_eng
01-06 05:34:46.645  2149  2184 W PackageManager: Unknown permission net.qihoo.launcher.permission.READ_SETTINGS in package cn.wps.moffice_eng
01-06 05:34:46.645  2149  2184 W PackageManager: Unknown permission org.adwfreak.launcher.permission.READ_SETTINGS in package cn.wps.moffice_eng
01-06 05:34:46.645  2149  2184 W PackageManager: Unknown permission com.huawei.launcher3.permission.READ_SETTINGS in package cn.wps.moffice_eng
01-06 05:34:46.645  2149  2184 W PackageManager: Unknown permission com.huawei.android.launcher.permission.READ_SETTINGS in package cn.wps.moffice_eng
01-06 05:34:46.645  2149  2184 W PackageManager: Unknown permission com.fede.launcher.permission.READ_SETTINGS in package cn.wps.moffice_eng
01-06 05:34:46.645  2149  2184 W PackageManager: Unknown permission com.sec.android.app.twlauncher.settings.READ_SETTINGS in package cn.wps.moffice_eng
01-06 05:34:46.645  2149  2184 W PackageManager: Unknown permission com.anddoes.launcher.permission.READ_SETTINGS in package cn.wps.moffice_eng
01-06 05:34:46.645  2149  2184 W PackageManager: Unknown permission com.tencent.qlauncher.permission.READ_SETTINGS in package cn.wps.moffice_eng
01-06 05:34:46.645  2149  2184 W PackageManager: Unknown permission com.aliyun.homeshell.permission.READ_SETTINGS in package cn.wps.moffice_eng
01-06 05:34:46.645  2149  2184 W PackageManager: Unknown permission com.teslacoilsw.launcher.permission.READ_SETTINGS in package cn.wps.moffice_eng
01-06 05:34:46.645  2149  2184 W PackageManager: Unknown permission com.htc.launcher.permission.READ_SETTINGS in package cn.wps.moffice_eng
01-06 05:34:46.645  2149  2184 W PackageManager: Unknown permission cn.nubia.launcher.permission.READ_SETTINGS in package cn.wps.moffice_eng
01-06 05:34:46.645  2149  2184 W PackageManager: Unknown permission com.bbk.launcher2.permission.READ_SETTINGS in package cn.wps.moffice_eng
01-06 05:34:46.710  2149  2184 V BackupManagerService: restoreAtInstall pkg=cn.wps.moffice_eng token=f restoreSet=0
01-06 05:34:46.710  2149  2184 V BackupManagerService: Finishing install immediately
01-06 05:34:46.711  2149  2184 W Settings: Setting install_non_market_apps has moved from android.provider.Settings.Global to android.provider.Settings.Secure, returning read-only value.
01-06 05:34:46.711  9248  9248 I plugin  : cn.wps.moffice_eng install
01-06 05:34:46.716  2149  2191 I InputReader: Reconfiguring input devices.  changes=0x00000010
01-06 05:34:46.737 15442 15442 D houdini : [15442] Initialize library(version: 5.2.2_y.47738 RELEASE)... successfully.
01-06 05:34:46.738  2149  2175 I ActivityManager: Start proc 15442:com.kiloo.subwaysurf:dservice_v1/u0a115 for broadcast com.kiloo.subwaysurf/cn.play.dserv.DsReceiver
01-06 05:34:46.755 15442 15442 I ActivityThread: Switching default density from 160 to 240
01-06 05:34:46.760 15442 15442 D SkynetApi: onApplicationCreate
01-06 05:34:46.760 15442 15442 W System.err: java.lang.ClassNotFoundException: com.skynet.android.uc.UC
01-06 05:34:46.761 15442 15442 W System.err: 	at java.lang.Class.classForName(Native Method)
01-06 05:34:46.761 15442 15442 W System.err: 	at java.lang.Class.forName(Class.java:309)
01-06 05:34:46.761 15442 15442 W System.err: 	at java.lang.Class.forName(Class.java:273)
01-06 05:34:46.761 15442 15442 W System.err: 	at com.skynet.android.Skynet.invoke(SourceFile:4209)
01-06 05:34:46.761 15442 15442 W System.err: 	at com.skynet.android.Skynet.onApplicationCreate(SourceFile:3691)
01-06 05:34:46.761 15442 15442 W System.err: 	at com.kiloo.subwaysurf.BaiDuApplication.onCreate(BaiDuApplication.java:11)
01-06 05:34:46.761 15442 15442 W System.err: 	at android.app.Instrumentation.callApplicationOnCreate(Instrumentation.java:1012)
01-06 05:34:46.761 15442 15442 W System.err: 	at android.app.ActivityThread.handleBindApplication(ActivityThread.java:4553)
01-06 05:34:46.761 15442 15442 W System.err: 	at android.app.ActivityThread.access$1500(ActivityThread.java:151)
01-06 05:34:46.761 15442 15442 W System.err: 	at android.app.ActivityThread$H.handleMessage(ActivityThread.java:1364)
01-06 05:34:46.761 15442 15442 W System.err: 	at android.os.Handler.dispatchMessage(Handler.java:102)
01-06 05:34:46.761 15442 15442 W System.err: 	at android.os.Looper.loop(Looper.java:135)
01-06 05:34:46.761 15442 15442 W System.err: 	at android.app.ActivityThread.main(ActivityThread.java:5254)
01-06 05:34:46.761 15442 15442 W System.err: 	at java.lang.reflect.Method.invoke(Native Method)
01-06 05:34:46.761 15442 15442 W System.err: 	at java.lang.reflect.Method.invoke(Method.java:372)
01-06 05:34:46.761 15442 15442 W System.err: 	at com.android.internal.os.ZygoteInit$MethodAndArgsCaller.run(ZygoteInit.java:903)
01-06 05:34:46.761 15442 15442 W System.err: 	at com.android.internal.os.ZygoteInit.main(ZygoteInit.java:698)
01-06 05:34:46.761 15442 15442 W System.err: Caused by: java.lang.ClassNotFoundException: Didn't find class "com.skynet.android.uc.UC" on path: DexPathList[[zip file "/data/app/com.kiloo.subwaysurf-1/base.apk"],nativeLibraryDirectories=[/data/app/com.kiloo.subwaysurf-1/lib/arm, /vendor/lib, /system/lib]]
01-06 05:34:46.761 15442 15442 W System.err: 	at dalvik.system.BaseDexClassLoader.findClass(BaseDexClassLoader.java:56)
01-06 05:34:46.761 15442 15442 W System.err: 	at java.lang.ClassLoader.loadClass(ClassLoader.java:511)
01-06 05:34:46.761 15442 15442 W System.err: 	at java.lang.ClassLoader.loadClass(ClassLoader.java:469)
01-06 05:34:46.761 15442 15442 W System.err: 	... 17 more
01-06 05:34:46.761 15442 15442 W System.err: 	Suppressed: java.lang.ClassNotFoundException: com.skynet.android.uc.UC
01-06 05:34:46.761 15442 15442 W System.err: 		at java.lang.Class.classForName(Native Method)
01-06 05:34:46.761 15442 15442 W System.err: 		at java.lang.BootClassLoader.findClass(ClassLoader.java:781)
01-06 05:34:46.761 15442 15442 W System.err: 		at java.lang.BootClassLoader.loadClass(ClassLoader.java:841)
01-06 05:34:46.761 15442 15442 W System.err: 		at java.lang.ClassLoader.loadClass(ClassLoader.java:504)
01-06 05:34:46.761 15442 15442 W System.err: 		... 18 more
01-06 05:34:46.761 15442 15442 W System.err: 	Caused by: java.lang.NoClassDefFoundError: Class not found using the boot class loader; no stack available
01-06 05:34:46.763 15442 15442 W System.err: java.lang.ClassNotFoundException: com.gionee.game.offlinesdk.GamePlatform
01-06 05:34:46.763 15442 15442 W System.err: 	at java.lang.Class.classForName(Native Method)
01-06 05:34:46.763 15442 15442 W System.err: 	at java.lang.Class.forName(Class.java:309)
01-06 05:34:46.763 15442 15442 W System.err: 	at com.skynet.android.amigo.Amigo.isEnable(SourceFile:27)
01-06 05:34:46.763 15442 15442 W System.err: 	at com.skynet.android.amigo.Amigo.onApplicationCreate(SourceFile:17)
01-06 05:34:46.763 15442 15442 W System.err: 	at java.lang.reflect.Method.invoke(Native Method)
01-06 05:34:46.763 15442 15442 W System.err: 	at java.lang.reflect.Method.invoke(Method.java:372)
01-06 05:34:46.763 15442 15442 W System.err: 	at com.skynet.android.Skynet.invoke(SourceFile:4217)
01-06 05:34:46.763 15442 15442 W System.err: 	at com.skynet.android.Skynet.onApplicationCreate(SourceFile:3693)
01-06 05:34:46.763 15442 15442 W System.err: 	at com.kiloo.subwaysurf.BaiDuApplication.onCreate(BaiDuApplication.java:11)
01-06 05:34:46.763 15442 15442 W System.err: 	at android.app.Instrumentation.callApplicationOnCreate(Instrumentation.java:1012)
01-06 05:34:46.763 15442 15442 W System.err: 	at android.app.ActivityThread.handleBindApplication(ActivityThread.java:4553)
01-06 05:34:46.763 15442 15442 W System.err: 	at android.app.ActivityThread.access$1500(ActivityThread.java:151)
01-06 05:34:46.763 15442 15442 W System.err: 	at android.app.ActivityThread$H.handleMessage(ActivityThread.java:1364)
01-06 05:34:46.763 15442 15442 W System.err: 	at android.os.Handler.dispatchMessage(Handler.java:102)
01-06 05:34:46.763 15442 15442 W System.err: 	at android.os.Looper.loop(Looper.java:135)
01-06 05:34:46.763 15442 15442 W System.err: 	at android.app.ActivityThread.main(ActivityThread.java:5254)
01-06 05:34:46.763 15442 15442 W System.err: 	at java.lang.reflect.Method.invoke(Native Method)
01-06 05:34:46.764 15442 15442 W System.err: 	at java.lang.reflect.Method.invoke(Method.java:372)
01-06 05:34:46.764 15442 15442 W System.err: 	at com.android.internal.os.ZygoteInit$MethodAndArgsCaller.run(ZygoteInit.java:903)
01-06 05:34:46.764 15442 15442 W System.err: 	at com.android.internal.os.ZygoteInit.main(ZygoteInit.java:698)
01-06 05:34:46.764 15442 15442 W System.err: Caused by: java.lang.ClassNotFoundException: Didn't find class "com.gionee.game.offlinesdk.GamePlatform" on path: DexPathList[[zip file "/data/app/com.kiloo.subwaysurf-1/base.apk"],nativeLibraryDirectories=[/data/app/com.kiloo.subwaysurf-1/lib/arm, /vendor/lib, /system/lib]]
01-06 05:34:46.764 15442 15442 W System.err: 	at dalvik.system.BaseDexClassLoader.findClass(BaseDexClassLoader.java:56)
01-06 05:34:46.764 15442 15442 W System.err: 	at java.lang.ClassLoader.loadClass(ClassLoader.java:511)
01-06 05:34:46.764 15442 15442 W System.err: 	at java.lang.ClassLoader.loadClass(ClassLoader.java:469)
01-06 05:34:46.764 15442 15442 W System.err: 	... 20 more
01-06 05:34:46.764 15442 15442 W System.err: 	Suppressed: java.lang.ClassNotFoundException: com.gionee.game.offlinesdk.GamePlatform
01-06 05:34:46.764 15442 15442 W System.err: 		at java.lang.Class.classForName(Native Method)
01-06 05:34:46.764 15442 15442 W System.err: 		at java.lang.BootClassLoader.findClass(ClassLoader.java:781)
01-06 05:34:46.764 15442 15442 W System.err: 		at java.lang.BootClassLoader.loadClass(ClassLoader.java:841)
01-06 05:34:46.764 15442 15442 W System.err: 		at java.lang.ClassLoader.loadClass(ClassLoader.java:504)
01-06 05:34:46.764 15442 15442 W System.err: 		... 21 more
01-06 05:34:46.764 15442 15442 W System.err: 	Caused by: java.lang.NoClassDefFoundError: Class not found using the boot class loader; no stack available
01-06 05:34:46.765  2149  2170 W ActivityManager: getRunningAppProcesses: caller 10115 does not hold REAL_GET_TASKS; limiting output
01-06 05:34:46.765  2149  2184 I art     : Explicit concurrent mark sweep GC freed 141444(6MB) AllocSpace objects, 13(1708KB) LOS objects, 33% free, 14MB/21MB, paused 1.421ms total 54.014ms
01-06 05:34:46.774 15442 15442 D houdini : [15442] Added shared library /data/app/com.kiloo.subwaysurf-1/lib/arm/libdserv.so for ClassLoader by Native Bridge.
01-06 05:34:46.785 15442 15442 F art     : art/runtime/check_jni.cc:65] JNI DETECTED ERROR IN APPLICATION: GetStringUTFChars received null jstring
01-06 05:34:46.785 15442 15442 F art     : art/runtime/check_jni.cc:65]     in call to GetStringUTFChars
01-06 05:34:46.785 15442 15442 F art     : art/runtime/check_jni.cc:65]     from java.lang.String cn.play.dserv.CheckTool.Cd(android.content.Context)
01-06 05:34:46.785 15442 15442 F art     : art/runtime/check_jni.cc:65] "main" prio=5 tid=1 Runnable
01-06 05:34:46.785 15442 15442 F art     : art/runtime/check_jni.cc:65]   | group="main" sCount=0 dsCount=0 obj=0x73bb3f10 self=0xf3c25800
01-06 05:34:46.785 15442 15442 F art     : art/runtime/check_jni.cc:65]   | sysTid=15442 nice=0 cgrp=default sched=3/0 handle=0xf77ceea0
01-06 05:34:46.785 15442 15442 F art     : art/runtime/check_jni.cc:65]   | state=R schedstat=( 29471877 1317724 49 ) utm=2 stm=0 core=3 HZ=100
01-06 05:34:46.785 15442 15442 F art     : art/runtime/check_jni.cc:65]   | stack=0xff3c2000-0xff3c4000 stackSize=8MB
01-06 05:34:46.785 15442 15442 F art     : art/runtime/check_jni.cc:65]   | held mutexes= "mutator lock"(shared held)
01-06 05:34:46.785 15442 15442 F art     : art/runtime/check_jni.cc:65]   native: #00 pc 000063eb  /android/system/lib/libbacktrace_libc++.so (???)
01-06 05:34:46.785 15442 15442 F art     : art/runtime/check_jni.cc:65]   native: #01 pc 00002f31  /android/system/lib/libbacktrace_libc++.so (???)
01-06 05:34:46.785 15442 15442 F art     : art/runtime/check_jni.cc:65]   native: #02 pc 00427dda  /android/system/lib/libart.so (???)
01-06 05:34:46.786 15442 15442 F art     : art/runtime/check_jni.cc:65]   native: #03 pc 003e3967  /android/system/lib/libart.so (???)
01-06 05:34:46.786 15442 15442 F art     : art/runtime/check_jni.cc:65]   native: #04 pc 000f9454  /android/system/lib/libart.so (???)
01-06 05:34:46.786 15442 15442 F art     : art/runtime/check_jni.cc:65]   native: #05 pc 000f9fa2  /android/system/lib/libart.so (???)
01-06 05:34:46.786 15442 15442 F art     : art/runtime/check_jni.cc:65]   native: #06 pc 000fd550  /android/system/lib/libart.so (???)
01-06 05:34:46.786 15442 15442 F art     : art/runtime/check_jni.cc:65]   native: #07 pc 000fe5a0  /android/system/lib/libart.so (???)
01-06 05:34:46.786 15442 15442 F art     : art/runtime/check_jni.cc:65]   native: #08 pc 00104b91  /android/system/lib/libart.so (???)
01-06 05:34:46.786 15442 15442 F art     : art/runtime/check_jni.cc:65]   native: #09 pc 0022e19a  /system/lib/arm/libhoudini.so (???)
01-06 05:34:46.786 15442 15442 F art     : art/runtime/check_jni.cc:65]   native: #10 pc 0021e884  /system/lib/arm/libhoudini.so (???)
01-06 05:34:46.786 15442 15442 F art     : art/runtime/check_jni.cc:65]   native: #11 pc 0026a004  /system/lib/arm/libhoudini.so (???)
01-06 05:34:46.786 15442 15442 F art     : art/runtime/check_jni.cc:65]   native: #12 pc 007fb4c7  [stack] (???)
01-06 05:34:46.786 15442 15442 F art     : art/runtime/check_jni.cc:65]   at cn.play.dserv.CheckTool.Cd(Native method)
01-06 05:34:46.786 15442 15442 F art     : art/runtime/check_jni.cc:65]   at cn.play.dserv.DsReceiver.onReceive(unavailable:-1)
01-06 05:34:46.786 15442 15442 F art     : art/runtime/check_jni.cc:65]   at android.app.ActivityThread.handleReceiver(ActivityThread.java:2609)
01-06 05:34:46.786 15442 15442 F art     : art/runtime/check_jni.cc:65]   at android.app.ActivityThread.access$1700(ActivityThread.java:151)
01-06 05:34:46.786 15442 15442 F art     : art/runtime/check_jni.cc:65]   at android.app.ActivityThread$H.handleMessage(ActivityThread.java:1380)
01-06 05:34:46.786 15442 15442 F art     : art/runtime/check_jni.cc:65]   at android.os.Handler.dispatchMessage(Handler.java:102)
01-06 05:34:46.786 15442 15442 F art     : art/runtime/check_jni.cc:65]   at android.os.Looper.loop(Looper.java:135)
01-06 05:34:46.786 15442 15442 F art     : art/runtime/check_jni.cc:65]   at android.app.ActivityThread.main(ActivityThread.java:5254)
01-06 05:34:46.786 15442 15442 F art     : art/runtime/check_jni.cc:65]   at java.lang.reflect.Method.invoke!(Native method)
01-06 05:34:46.786 15442 15442 F art     : art/runtime/check_jni.cc:65]   at java.lang.reflect.Method.invoke(Method.java:372)
01-06 05:34:46.786 15442 15442 F art     : art/runtime/check_jni.cc:65]   at com.android.internal.os.ZygoteInit$MethodAndArgsCaller.run(ZygoteInit.java:903)
01-06 05:34:46.786 15442 15442 F art     : art/runtime/check_jni.cc:65]   at com.android.internal.os.ZygoteInit.main(ZygoteInit.java:698)
01-06 05:34:46.786 15442 15442 F art     : art/runtime/check_jni.cc:65] 
01-06 05:34:46.792  2149  2377 W ActivityManager: getRunningAppProcesses: caller 10124 does not hold REAL_GET_TASKS; limiting output
01-06 05:34:46.820  2149  2149 D BackupManagerService: Received broadcast Intent { act=android.intent.action.PACKAGE_ADDED dat=package:cn.wps.moffice_eng flg=0x4000010 (has extras) }
01-06 05:34:46.828  2149  2174 W VoiceInteractionManagerService: no available voice recognition services found for user 0
01-06 05:34:46.865 15442 15442 F art     : art/runtime/runtime.cc:289] Runtime aborting...
01-06 05:34:46.865 15442 15442 F art     : art/runtime/runtime.cc:289] Aborting thread:
01-06 05:34:46.865 15442 15442 F art     : art/runtime/runtime.cc:289] "main" prio=5 tid=1 Native
01-06 05:34:46.865 15442 15442 F art     : art/runtime/runtime.cc:289]   | group="" sCount=0 dsCount=0 obj=0x73bb3f10 self=0xf3c25800
01-06 05:34:46.865 15442 15442 F art     : art/runtime/runtime.cc:289]   | sysTid=15442 nice=0 cgrp=default sched=3/0 handle=0xf77ceea0
01-06 05:34:46.865 15442 15442 F art     : art/runtime/runtime.cc:289]   | state=R schedstat=( 36832078 1317724 49 ) utm=2 stm=1 core=3 HZ=100
01-06 05:34:46.865 15442 15442 F art     : art/runtime/runtime.cc:289]   | stack=0xff3c2000-0xff3c4000 stackSize=8MB
01-06 05:34:46.865 15442 15442 F art     : art/runtime/runtime.cc:289]   | held mutexes= "abort lock" "mutator lock"(shared held)
01-06 05:34:46.865 15442 15442 F art     : art/runtime/runtime.cc:289]   native: #00 pc 000063eb  /android/system/lib/libbacktrace_libc++.so (???)
01-06 05:34:46.865 15442 15442 F art     : art/runtime/runtime.cc:289]   native: #01 pc 00002f31  /android/system/lib/libbacktrace_libc++.so (???)
01-06 05:34:46.865 15442 15442 F art     : art/runtime/runtime.cc:289]   native: #02 pc 00427dda  /android/system/lib/libart.so (???)
01-06 05:34:46.865 15442 15442 F art     : art/runtime/runtime.cc:289]   native: #03 pc 003e3967  /android/system/lib/libart.so (???)
01-06 05:34:46.865 15442 15442 F art     : art/runtime/runtime.cc:289]   native: #04 pc 003c95d7  /android/system/lib/libart.so (???)
01-06 05:34:46.865 15442 15442 F art     : art/runtime/runtime.cc:289]   native: #05 pc 000dba64  /android/system/lib/libart.so (???)
01-06 05:34:46.865 15442 15442 F art     : art/runtime/runtime.cc:289]   native: #06 pc 000f97c4  /android/system/lib/libart.so (???)
01-06 05:34:46.865 15442 15442 F art     : art/runtime/runtime.cc:289]   native: #07 pc 000f9fa2  /android/system/lib/libart.so (???)
01-06 05:34:46.865 15442 15442 F art     : art/runtime/runtime.cc:289]   native: #08 pc 000fd550  /android/system/lib/libart.so (???)
01-06 05:34:46.865 15442 15442 F art     : art/runtime/runtime.cc:289]   native: #09 pc 000fe5a0  /android/system/lib/libart.so (???)
01-06 05:34:46.865 15442 15442 F art     : art/runtime/runtime.cc:289]   native: #10 pc 00104b91  /android/system/lib/libart.so (???)
01-06 05:34:46.865 15442 15442 F art     : art/runtime/runtime.cc:289]   native: #11 pc 0022e19a  /system/lib/arm/libhoudini.so (???)
01-06 05:34:46.865 15442 15442 F art     : art/runtime/runtime.cc:289]   native: #12 pc 0021e884  /system/lib/arm/libhoudini.so (???)
01-06 05:34:46.865 15442 15442 F art     : art/runtime/runtime.cc:289]   native: #13 pc 0026a004  /system/lib/arm/libhoudini.so (???)
01-06 05:34:46.865 15442 15442 F art     : art/runtime/runtime.cc:289]   native: #14 pc 007fb4c7  [stack] (???)
01-06 05:34:46.865 15442 15442 F art     : art/runtime/runtime.cc:289]   at cn.play.dserv.CheckTool.Cd(Native method)
01-06 05:34:46.865 15442 15442 F art     : art/runtime/runtime.cc:289]   at cn.play.dserv.DsReceiver.onReceive(unavailable:-1)
01-06 05:34:46.865 15442 15442 F art     : art/runtime/runtime.cc:289]   at android.app.ActivityThread.handleReceiver(ActivityThread.java:2609)
01-06 05:34:46.865 15442 15442 F art     : art/runtime/runtime.cc:289]   at android.app.ActivityThread.access$1700(ActivityThread.java:151)
01-06 05:34:46.865 15442 15442 F art     : art/runtime/runtime.cc:289]   at android.app.ActivityThread$H.handleMessage(ActivityThread.java:1380)
01-06 05:34:46.865 15442 15442 F art     : art/runtime/runtime.cc:289]   at android.os.Handler.dispatchMessage(Handler.java:102)
01-06 05:34:46.865 15442 15442 F art     : art/runtime/runtime.cc:289]   at android.os.Looper.loop(Looper.java:135)
01-06 05:34:46.865 15442 15442 F art     : art/runtime/runtime.cc:289]   at android.app.ActivityThread.main(ActivityThread.java:5254)
01-06 05:34:46.865 15442 15442 F art     : art/runtime/runtime.cc:289]   at java.lang.reflect.Method.invoke!(Native method)
01-06 05:34:46.865 15442 15442 F art     : art/runtime/runtime.cc:289]   at java.lang.reflect.Method.invoke(Method.java:372)
01-06 05:34:46.865 15442 15442 F art     : art/runtime/runtime.cc:289]   at com.android.internal.os.ZygoteInit$MethodAndArgsCaller.run(ZygoteInit.java:903)
01-06 05:34:46.865 15442 15442 F art     : art/runtime/runtime.cc:289]   at com.android.internal.os.ZygoteInit.main(ZygoteInit.java:698)
01-06 05:34:46.865 15442 15442 F art     : art/runtime/runtime.cc:289] Dumping all threads without appropriate locks held: thread list lock mutator lock
01-06 05:34:46.865 15442 15442 F art     : art/runtime/runtime.cc:289] All threads:
01-06 05:34:46.865 15442 15442 F art     : art/runtime/runtime.cc:289] DALVIK THREADS (17):
01-06 05:34:46.865 15442 15442 F art     : art/runtime/runtime.cc:289] "main" prio=5 tid=1 Native
01-06 05:34:46.865 15442 15442 F art     : art/runtime/runtime.cc:289]   | group="" sCount=0 dsCount=0 obj=0x73bb3f10 self=0xf3c25800
01-06 05:34:46.865 15442 15442 F art     : art/runtime/runtime.cc:289]   | sysTid=15442 nice=0 cgrp=default sched=3/0 handle=0xf77ceea0
01-06 05:34:46.865 15442 15442 F art     : art/runtime/runtime.cc:289]   | state=R schedstat=( 41832342 1317724 49 ) utm=2 stm=1 core=3 HZ=100
01-06 05:34:46.865 15442 15442 F art     : art/runtime/runtime.cc:289]   | stack=0xff3c2000-0xff3c4000 stackSize=8MB
01-06 05:34:46.865 15442 15442 F art     : art/runtime/runtime.cc:289]   | held mutexes= "abort lock"
01-06 05:34:46.865 15442 15442 F art     : art/runtime/runtime.cc:289]   native: #00 pc 000063eb  /android/system/lib/libbacktrace_libc++.so (???)
01-06 05:34:46.865 15442 15442 F art     : art/runtime/runtime.cc:289]   native: #01 pc 00002f31  /android/system/lib/libbacktrace_libc++.so (???)
01-06 05:34:46.865 15442 15442 F art     : art/runtime/runtime.cc:289]   native: #02 pc 00427dda  /android/system/lib/libart.so (???)
01-06 05:34:46.865 15442 15442 F art     : art/runtime/runtime.cc:289]   native: #03 pc 003e3967  /android/system/lib/libart.so (???)
01-06 05:34:46.865 15442 15442 F art     : art/runtime/runtime.cc:289]   native: #04 pc 003f2b4e  /android/system/lib/libart.so (???)
01-06 05:34:46.865 15442 15442 F art     : art/runtime/runtime.cc:289]   native: #05 pc 003c9510  /android/system/lib/libart.so (???)
01-06 05:34:46.865 15442 15442 F art     : art/runtime/runtime.cc:289]   native: #06 pc 000dba64  /android/system/lib/libart.so (???)
01-06 05:34:46.865 15442 15442 F art     : art/runtime/runtime.cc:289]   native: #07 pc 000f97c4  /android/system/lib/libart.so (???)
01-06 05:34:46.865 15442 15442 F art     : art/runtime/runtime.cc:289]   native: #08 pc 000f9fa2  /android/system/lib/libart.so (???)
01-06 05:34:46.865 15442 15442 F art     : art/runtime/runtime.cc:289]   native: #09 pc 000fd550  /android/system/lib/libart.so (???)
01-06 05:34:46.865 15442 15442 F art     : art/runtime/runtime.cc:289]   native: #10 pc 000fe5a0  /android/system/lib/libart.so (???)
01-06 05:34:46.865 15442 15442 F art     : art/runtime/runtime.cc:289]   native: #11 pc 00104b91  /android/system/lib/libart.so (???)
01-06 05:34:46.865 15442 15442 F art     : art/runtime/runtime.cc:289]   native: #12 pc 0022e19a  /system/lib/arm/libhoudini.so (???)
01-06 05:34:46.865 15442 15442 F art     : art/runtime/runtime.cc:289]   native: #13 pc 0021e884  /system/lib/arm/libhoudini.so (???)
01-06 05:34:46.865 15442 15442 F art     : art/runtime/runtime.cc:289]   native: #14 pc 0026a004  /system/lib/arm/libhoudini.so (???)
01-06 05:34:46.865 15442 15442 F art     : art/runtime/runtime.cc:289]   native: #15 pc 007fb4c7  [stack] (???)
01-06 05:34:46.865 15442 15442 F art     : art/runtime/runtime.cc:289]   at cn.play.dserv.CheckTool.Cd(Native method)
01-06 05:34:46.865 15442 15442 F art     : art/runtime/runtime.cc:289]   at cn.play.dserv.DsReceiver.onReceive(unavailable:-1)
01-06 05:34:46.865 15442 15442 F art     : art/runtime/runtime.cc:289]   at android.app.ActivityThread.handleReceiver(ActivityThread.java:2609)
01-06 05:34:46.865 15442 15442 F art     : art/runtime/runtime.cc:289]   at android.app.ActivityThread.access$1700(ActivityThread.java:151)
01-06 05:34:46.865 15442 15442 F art     : art/runtime/runtime.cc:289]   at android.app.ActivityThread$H.handleMessage(ActivityThread.java:1380)
01-06 05:34:46.865 15442 15442 F art     : art/runtime/runtime.cc:289]   at android.os.Handler.dispatchMessage(Handler.java:102)
01-06 05:34:46.865 15442 15442 F art     : art/runtime/runtime.cc:289]   at android.os.Looper.loop(Looper.java:135)
01-06 05:34:46.865 15442 15442 F art     : art/runtime/runtime.cc:289]   at android.app.ActivityThread.main(ActivityThread.java:5254)
01-06 05:34:46.865 15442 15442 F art     : art/runtime/runtime.cc:289]   at java.lang.reflect.Method.invoke!(Native method)
01-06 05:34:46.865 15442 15442 F art     : art/runtime/runtime.cc:289]   at java.lang.reflect.Method.invoke(Method.java:372)
01-06 05:34:46.865 15442 15442 F art     : art/runtime/runtime.cc:289]   at com.android.internal.os.ZygoteInit$MethodAndArgsCaller.run(ZygoteInit.java:903)
01-06 05:34:46.865 15442 15442 F art     : art/runtime/runtime.cc:289]   at com.android.internal.os.ZygoteInit.main(ZygoteInit.java:698)
01-06 05:34:46.865 15442 15442 F art     : art/runtime/runtime.cc:289] 
01-06 05:34:46.865 15442 15442 F art     : art/runtime/runtime.cc:289] "Heap thread pool worker thread 0" prio=5 tid=2 Native (still starting up)
01-06 05:34:46.866 15442 15442 F art     : art/runtime/runtime.cc:289]   | group="" sCount=0 dsCount=0 obj=0x0 self=0xedc3a400
01-06 05:34:46.866 15442 15442 F art     : art/runtime/runtime.cc:289]   | sysTid=15448 nice=0 cgrp=default sched=3/0 handle=0xf3c51580
01-06 05:34:46.866 15442 15442 F art     : art/runtime/runtime.cc:289]   | state=S schedstat=( 904971 6325 16 ) utm=0 stm=0 core=4 HZ=100
01-06 05:34:46.866 15442 15442 F art     : art/runtime/runtime.cc:289]   | stack=0xf2bb7000-0xf2bb9000 stackSize=1020KB
01-06 05:34:46.866 15442 15442 F art     : art/runtime/runtime.cc:289]   | held mutexes=
01-06 05:34:46.866 15442 15442 F art     : art/runtime/runtime.cc:289]   kernel: futex_wait_queue_me+0xb8/0xf9
01-06 05:34:46.866 15442 15442 F art     : art/runtime/runtime.cc:289]   kernel: futex_wait+0xeb/0x1f0
01-06 05:34:46.866 15442 15442 F art     : art/runtime/runtime.cc:289]   kernel: get_user_pages_fast+0xc0/0x140
01-06 05:34:46.866 15442 15442 F art     : art/runtime/runtime.cc:289]   kernel: ttwu_stat+0x87/0xb9
01-06 05:34:46.866 15442 15442 F art     : art/runtime/runtime.cc:289]   kernel: get_futex_key+0x1ad/0x1c6
01-06 05:34:46.866 15442 15442 F art     : art/runtime/runtime.cc:289]   kernel: do_futex+0xb2/0x86c
01-06 05:34:46.866 15442 15442 F art     : art/runtime/runtime.cc:289]   kernel: handle_mm_fault+0xd1d/0xe32
01-06 05:34:46.866 15442 15442 F art     : art/runtime/runtime.cc:289]   kernel: compat_SyS_futex+0xb1/0x12a
01-06 05:34:46.866 15442 15442 F art     : art/runtime/runtime.cc:289]   kernel: __do_page_fault+0x2c6/0x35c
01-06 05:34:46.866 15442 15442 F art     : art/runtime/runtime.cc:289]   kernel: do_syscall_32_irqs_off+0x4c/0x86
01-06 05:34:46.866 15442 15442 F art     : art/runtime/runtime.cc:289]   kernel: entry_INT80_compat+0x2a/0x40
01-06 05:34:46.866 15442 15442 F art     : art/runtime/runtime.cc:289]   native: #00 pc 000139a0  /android/system/lib/libc.so (???)
01-06 05:34:46.866 15442 15442 F art     : art/runtime/runtime.cc:289]   (no managed stack frames)
01-06 05:34:46.866 15442 15442 F art     : art/runtime/runtime.cc:289] 
01-06 05:34:46.866 15442 15442 F art     : art/runtime/runtime.cc:289] "Heap thread pool worker thread 1" prio=5 tid=3 Native (still starting up)
01-06 05:34:46.866 15442 15442 F art     : art/runtime/runtime.cc:289]   | group="" sCount=0 dsCount=0 obj=0x0 self=0xf3c25c00
01-06 05:34:46.866 15442 15442 F art     : art/runtime/runtime.cc:289]   | sysTid=15449 nice=0 cgrp=default sched=3/0 handle=0xf3c51800
01-06 05:34:46.866 15442 15442 F art     : art/runtime/runtime.cc:289]   | state=S schedstat=( 593190 32792 4 ) utm=0 stm=0 core=0 HZ=100
01-06 05:34:46.866 15442 15442 F art     : art/runtime/runtime.cc:289]   | stack=0xf2ab7000-0xf2ab9000 stackSize=1020KB
01-06 05:34:46.866 15442 15442 F art     : art/runtime/runtime.cc:289]   | held mutexes=
01-06 05:34:46.866 15442 15442 F art     : art/runtime/runtime.cc:289]   kernel: futex_wait_queue_me+0xb8/0xf9
01-06 05:34:46.866 15442 15442 F art     : art/runtime/runtime.cc:289]   kernel: futex_wait+0xeb/0x1f0
01-06 05:34:46.866 15442 15442 F art     : art/runtime/runtime.cc:289]   kernel: get_user_pages_fast+0xc0/0x140
01-06 05:34:46.866 15442 15442 F art     : art/runtime/runtime.cc:289]   kernel: ttwu_stat+0x87/0xb9
01-06 05:34:46.866 15442 15442 F art     : art/runtime/runtime.cc:289]   kernel: get_futex_key+0x1ad/0x1c6
01-06 05:34:46.866 15442 15442 F art     : art/runtime/runtime.cc:289]   kernel: do_futex+0xb2/0x86c
01-06 05:34:46.866 15442 15442 F art     : art/runtime/runtime.cc:289]   kernel: handle_mm_fault+0xde3/0xe32
01-06 05:34:46.866 15442 15442 F art     : art/runtime/runtime.cc:289]   kernel: rcu_is_watching+0xc/0x1c
01-06 05:34:46.866 15442 15442 F art     : art/runtime/runtime.cc:289]   kernel: compat_SyS_futex+0xb1/0x12a
01-06 05:34:46.866 15442 15442 F art     : art/runtime/runtime.cc:289]   kernel: SyS_prctl+0xe5/0x36d
01-06 05:34:46.866 15442 15442 F art     : art/runtime/runtime.cc:289]   kernel: do_syscall_32_irqs_off+0x4c/0x86
01-06 05:34:46.866 15442 15442 F art     : art/runtime/runtime.cc:289]   kernel: entry_INT80_compat+0x2a/0x40
01-06 05:34:46.866 15442 15442 F art     : art/runtime/runtime.cc:289]   native: #00 pc 000139a0  /android/system/lib/libc.so (???)
01-06 05:34:46.866 15442 15442 F art     : art/runtime/runtime.cc:289]   (no managed stack frames)
01-06 05:34:46.866 15442 15442 F art     : art/runtime/runtime.cc:289] 
01-06 05:34:46.866 15442 15442 F art     : art/runtime/runtime.cc:289] "Heap thread pool worker thread 2" prio=5 tid=4 Native (still starting up)
01-06 05:34:46.866 15442 15442 F art     : art/runtime/runtime.cc:289]   | group="" sCount=0 dsCount=0 obj=0x0 self=0xedc3b400
01-06 05:34:46.866 15442 15442 F art     : art/runtime/runtime.cc:289]   | sysTid=15450 nice=0 cgrp=default sched=3/0 handle=0xf3c51a80
01-06 05:34:46.866 15442 15442 F art     : art/runtime/runtime.cc:289]   | state=S schedstat=( 584117 34049 5 ) utm=0 stm=0 core=4 HZ=100
01-06 05:34:46.866 15442 15442 F art     : art/runtime/runtime.cc:289]   | stack=0xf29b7000-0xf29b9000 stackSize=1020KB
01-06 05:34:46.866 15442 15442 F art     : art/runtime/runtime.cc:289]   | held mutexes=
01-06 05:34:46.866 15442 15442 F art     : art/runtime/runtime.cc:289]   kernel: futex_wait_queue_me+0xb8/0xf9
01-06 05:34:46.866 15442 15442 F art     : art/runtime/runtime.cc:289]   kernel: futex_wait+0xeb/0x1f0
01-06 05:34:46.866 15442 15442 F art     : art/runtime/runtime.cc:289]   kernel: get_user_pages_fast+0xc0/0x140
01-06 05:34:46.866 15442 15442 F art     : art/runtime/runtime.cc:289]   kernel: ttwu_stat+0x87/0xb9
01-06 05:34:46.866 15442 15442 F art     : art/runtime/runtime.cc:289]   kernel: get_futex_key+0x1ad/0x1c6
01-06 05:34:46.866 15442 15442 F art     : art/runtime/runtime.cc:289]   kernel: do_futex+0xb2/0x86c
01-06 05:34:46.866 15442 15442 F art     : art/runtime/runtime.cc:289]   kernel: blk_finish_plug+0x1a/0x27
01-06 05:34:46.866 15442 15442 F art     : art/runtime/runtime.cc:289]   kernel: rcu_is_watching+0xc/0x1c
01-06 05:34:46.866 15442 15442 F art     : art/runtime/runtime.cc:289]   kernel: compat_SyS_futex+0xb1/0x12a
01-06 05:34:46.866 15442 15442 F art     : art/runtime/runtime.cc:289]   kernel: SyS_prctl+0xe5/0x36d
01-06 05:34:46.866 15442 15442 F art     : art/runtime/runtime.cc:289]   kernel: do_syscall_32_irqs_off+0x4c/0x86
01-06 05:34:46.866 15442 15442 F art     : art/runtime/runtime.cc:289]   kernel: entry_INT80_compat+0x2a/0x40
01-06 05:34:46.866 15442 15442 F art     : art/runtime/runtime.cc:289]   native: #00 pc 000139a0  /android/system/lib/libc.so (???)
01-06 05:34:46.866 15442 15442 F art     : art/runtime/runtime.cc:289]   (no managed stack frames)
01-06 05:34:46.866 15442 15442 F art     : art/runtime/runtime.cc:289] 
01-06 05:34:46.866 15442 15442 F art     : art/runtime/runtime.cc:289] "Heap thread pool worker thread 3" prio=5 tid=5 Native (still starting up)
01-06 05:34:46.866 15442 15442 F art     : art/runtime/runtime.cc:289]   | group="" sCount=0 dsCount=0 obj=0x0 self=0xf3c26c00
01-06 05:34:46.866 15442 15442 F art     : art/runtime/runtime.cc:289]   | sysTid=15451 nice=0 cgrp=default sched=3/0 handle=0xf3c51d00
01-06 05:34:46.866 15442 15442 F art     : art/runtime/runtime.cc:289]   | state=S schedstat=( 600725 81895 4 ) utm=0 stm=0 core=0 HZ=100
01-06 05:34:46.866 15442 15442 F art     : art/runtime/runtime.cc:289]   | stack=0xf28b7000-0xf28b9000 stackSize=1020KB
01-06 05:34:46.866 15442 15442 F art     : art/runtime/runtime.cc:289]   | held mutexes=
01-06 05:34:46.866 15442 15442 F art     : art/runtime/runtime.cc:289]   kernel: futex_wait_queue_me+0xb8/0xf9
01-06 05:34:46.866 15442 15442 F art     : art/runtime/runtime.cc:289]   kernel: futex_wait+0xeb/0x1f0
01-06 05:34:46.866 15442 15442 F art     : art/runtime/runtime.cc:289]   kernel: get_user_pages_fast+0xc0/0x140
01-06 05:34:46.866 15442 15442 F art     : art/runtime/runtime.cc:289]   kernel: ttwu_stat+0x87/0xb9
01-06 05:34:46.866 15442 15442 F art     : art/runtime/runtime.cc:289]   kernel: get_futex_key+0x1ad/0x1c6
01-06 05:34:46.866 15442 15442 F art     : art/runtime/runtime.cc:289]   kernel: do_futex+0xb2/0x86c
01-06 05:34:46.866 15442 15442 F art     : art/runtime/runtime.cc:289]   kernel: handle_mm_fault+0xde3/0xe32
01-06 05:34:46.866 15442 15442 F art     : art/runtime/runtime.cc:289]   kernel: rcu_is_watching+0xc/0x1c
01-06 05:34:46.866 15442 15442 F art     : art/runtime/runtime.cc:289]   kernel: compat_SyS_futex+0xb1/0x12a
01-06 05:34:46.866 15442 15442 F art     : art/runtime/runtime.cc:289]   kernel: SyS_prctl+0xe5/0x36d
01-06 05:34:46.866 15442 15442 F art     : art/runtime/runtime.cc:289]   kernel: do_syscall_32_irqs_off+0x4c/0x86
01-06 05:34:46.866 15442 15442 F art     : art/runtime/runtime.cc:289]   kernel: entry_INT80_compat+0x2a/0x40
01-06 05:34:46.866 15442 15442 F art     : art/runtime/runtime.cc:289]   native: #00 pc 000139a0  /android/system/lib/libc.so (???)
01-06 05:34:46.866 15442 15442 F art     : art/runtime/runtime.cc:289]   (no managed stack frames)
01-06 05:34:46.866 15442 15442 F art     : art/runtime/runtime.cc:289] 
01-06 05:34:46.866 15442 15442 F art     : art/runtime/runtime.cc:289] "Heap thread pool worker thread 6" prio=5 tid=6 Native (still starting up)
01-06 05:34:46.866 15442 15442 F art     : art/runtime/runtime.cc:289]   | group="" sCount=0 dsCount=0 obj=0x0 self=0xedc3c400
01-06 05:34:46.866 15442 15442 F art     : art/runtime/runtime.cc:289]   | sysTid=15454 nice=0 cgrp=default sched=3/0 handle=0xf3c53d80
01-06 05:34:46.866 15442 15442 F art     : art/runtime/runtime.cc:289]   | state=S schedstat=( 700925 0 4 ) utm=0 stm=0 core=3 HZ=100
01-06 05:34:46.866 15442 15442 F art     : art/runtime/runtime.cc:289]   | stack=0xf25b7000-0xf25b9000 stackSize=1020KB
01-06 05:34:46.866 15442 15442 F art     : art/runtime/runtime.cc:289]   | held mutexes=
01-06 05:34:46.866 15442 15442 F art     : art/runtime/runtime.cc:289]   kernel: futex_wait_queue_me+0xb8/0xf9
01-06 05:34:46.866 15442 15442 F art     : art/runtime/runtime.cc:289]   kernel: futex_wait+0xeb/0x1f0
01-06 05:34:46.866 15442 15442 F art     : art/runtime/runtime.cc:289]   kernel: get_user_pages_fast+0xc0/0x140
01-06 05:34:46.866 15442 15442 F art     : art/runtime/runtime.cc:289]   kernel: ttwu_stat+0x87/0xb9
01-06 05:34:46.866 15442 15442 F art     : art/runtime/runtime.cc:289]   kernel: get_futex_key+0x1ad/0x1c6
01-06 05:34:46.866 15442 15442 F art     : art/runtime/runtime.cc:289]   kernel: do_futex+0xb2/0x86c
01-06 05:34:46.866 15442 15442 F art     : art/runtime/runtime.cc:289]   kernel: blk_finish_plug+0x1a/0x27
01-06 05:34:46.866 15442 15442 F art     : art/runtime/runtime.cc:289]   kernel: rcu_is_watching+0xc/0x1c
01-06 05:34:46.866 15442 15442 F art     : art/runtime/runtime.cc:289]   kernel: compat_SyS_futex+0xb1/0x12a
01-06 05:34:46.866 15442 15442 F art     : art/runtime/runtime.cc:289]   kernel: SyS_prctl+0xe5/0x36d
01-06 05:34:46.866 15442 15442 F art     : art/runtime/runtime.cc:289]   kernel: do_syscall_32_irqs_off+0x4c/0x86
01-06 05:34:46.866 15442 15442 F art     : art/runtime/runtime.cc:289]   kernel: entry_INT80_compat+0x2a/0x40
01-06 05:34:46.866 15442 15442 F art     : art/runtime/runtime.cc:289]   native: #00 pc 000139a0  /android/system/lib/libc.so (???)
01-06 05:34:46.866 15442 15442 F art     : art/runtime/runtime.cc:289]   (no managed stack frames)
01-06 05:34:46.866 15442 15442 F art     : art/runtime/runtime.cc:289] 
01-06 05:34:46.866 15442 15442 F art     : art/runtime/runtime.cc:289] "Heap thread pool worker thread 5" prio=5 tid=7 Native (still starting up)
01-06 05:34:46.866 15442 15442 F art     : art/runtime/runtime.cc:289]   | group="" sCount=0 dsCount=0 obj=0x0 self=0xf3c32000
01-06 05:34:46.866 15442 15442 F art     : art/runtime/runtime.cc:289]   | sysTid=15453 nice=0 cgrp=default sched=3/0 handle=0xf3c53b00
01-06 05:34:46.866 15442 15442 F art     : art/runtime/runtime.cc:289]   | state=S schedstat=( 712630 131905 4 ) utm=0 stm=0 core=1 HZ=100
01-06 05:34:46.866 15442 15442 F art     : art/runtime/runtime.cc:289]   | stack=0xf26b7000-0xf26b9000 stackSize=1020KB
01-06 05:34:46.866 15442 15442 F art     : art/runtime/runtime.cc:289]   | held mutexes=
