D/BlueZ   ( 3184): external/bluetooth/bluez/android/hal-bluetooth.c:adapter_props_to_hal() prop[0]: type=BT_PROPERTY_ADAPTER_DISCOVERY_TIMEOUT len=4 val=120
I/BluetoothAdapterState( 3184): Entering On State
D/BluetoothAdapterProperties( 3184): Discoverable Timeout:120
D/BlueZ   ( 3184): external/bluetooth/bluez/android/hal-bluetooth.c:handle_adapter_props_changed() 
D/BlueZ   ( 3184): external/bluetooth/bluez/android/hal-bluetooth.c:adapter_props_to_hal() prop[0]: type=BT_PROPERTY_ADAPTER_SCAN_MODE len=4 val=BT_SCAN_MODE_CONNECTABLE
D/BluetoothAdapterProperties( 3184): Scan Mode:21
I/ActivityManager( 2277): Start proc 3411:com.android.mms/u0a8 for broadcast com.android.mms/.transaction.MmsSystemEventReceiver
I/art     ( 2277): DexFile_isDexOptNeeded file /system/priv-app/Mms/x86_64/Mms.odex needs to be relocated for /system/priv-app/Mms/Mms.apk
I/PackageManager( 2277): Running patchoat on: com.android.mms
E/installd( 3433): Running /system/bin/patchoat isa=x86_64 in-fd=5 (/system/priv-app/Mms/x86_64/Mms.odex) out-fd=6 (/data/dalvik-cache/x86_64/system@priv-app@Mms@Mms.apk@classes.dex)
I/MediaProvider( 3008): Upgrading media database from version 0 to 800, which will destroy all old data
D/MediaProvider( 3008): Adjusting external storage paths to: /storage/emulated/0
E/SQLiteLog( 3008): (1) no such table: files
I/ActivityThread( 3411): Switching default density from 160 to 240
D/CountryDetector( 2277): The first listener is added
V/Mms     ( 3411): mnc/mcc: 
V/Mms     ( 3411): tag: bool value: enabledMMS - true
V/Mms     ( 3411): tag: int value: maxMessageSize - 307200
V/Mms     ( 3411): tag: int value: maxImageHeight - 480
V/Mms     ( 3411): tag: int value: maxImageWidth - 640
V/Mms     ( 3411): tag: int value: defaultSMSMessagesPerThread - 10000
V/Mms     ( 3411): tag: int value: defaultMMSMessagesPerThread - 1000
V/Mms     ( 3411): tag: int value: minMessageCountPerThread - 10
V/Mms     ( 3411): tag: int value: maxMessageCountPerThread - 5000
V/Mms     ( 3411): tag: string value: uaProfUrl - http://www.google.com/oha/rdf/ua-profile-kila.xml
V/Mms     ( 3411): tag: int value: recipientLimit - -1
V/Mms     ( 3411): tag: bool value: enableMultipartSMS - true
V/Mms     ( 3411): tag: int value: smsToMmsTextThreshold - -1
V/Mms     ( 3411): tag: bool value: enableSlideDuration - true
V/Mms     ( 3411): tag: int value: maxMessageTextSize - -1
D/ConnectivityManager( 3411): getMobileDataEnabled()+ subId=-1
D/PhoneInterfaceManager( 2848): [PhoneIntfMgr] getDataEnabled: subId=-1 phoneId=-1
E/PhoneInterfaceManager( 2848): [PhoneIntfMgr] getDataEnabled: no phone subId=-1 retVal=false
D/ConnectivityManager( 3411): getMobileDataEnabled()- subId=-1 retVal=false
D/BluetoothManagerService( 2277): Stored Bluetooth name: CW37S            
D/BluetoothManagerService( 2277): Stored Bluetoothaddress: 2C:D0:5A:E8:89:31
D/BluetoothAdapterState( 3184): CURRENT_STATE=ON, MESSAGE = USER_TURN_OFF
D/BluetoothAdapterProperties( 3184): Setting state to 13
I/BluetoothAdapterState( 3184): Bluetooth adapter state changed: 12-> 13
D/BluetoothAdapterProperties( 3184): onBluetoothDisable()
D/BlueZ   ( 3184): external/bluetooth/bluez/android/hal-bluetooth.c:set_adapter_property() prop: type=BT_PROPERTY_ADAPTER_SCAN_MODE len=4 val=BT_SCAN_MODE_NONE
I/BluetoothAdapterState( 3184): Entering PendingCommandState State: isTurningOn()=false, isTurningOff()=true
D/BlueZ   ( 3184): external/bluetooth/bluez/android/hal-bluetooth.c:handle_adapter_props_changed() 
D/BlueZ   ( 3184): external/bluetooth/bluez/android/hal-bluetooth.c:adapter_props_to_hal() prop[0]: type=BT_PROPERTY_ADAPTER_SCAN_MODE len=4 val=BT_SCAN_MODE_NONE
I/ActivityManager( 2277): Start proc 3448:com.android.onetimeinitializer/u0a10 for broadcast com.android.onetimeinitializer/.OneTimeInitializerReceiver
D/BluetoothAdapterProperties( 3184): Scan Mode:20
D/BluetoothAdapterState( 3184): CURRENT_STATE=PENDING, MESSAGE = BEGIN_DISABLE, isTurningOn=false, isTurningOff=true
D/BlueZ   ( 3184): external/bluetooth/bluez/android/hal-bluetooth.c:disable() 
D/BlueZ   ( 3184): external/bluetooth/bluez/android/hal-bluetooth.c:handle_adapter_state_changed() state: BT_STATE_OFF
D/BlueZ   ( 3184): external/bluetooth/bluez/android/hal-bluetooth.c:handle_adapter_props_changed() 
D/BlueZ   ( 3184): external/bluetooth/bluez/android/hal-bluetooth.c:adapter_props_to_hal() prop[0]: type=BT_PROPERTY_CLASS_OF_DEVICE len=4 val=000000
D/BluetoothAdapterState( 3184): CURRENT_STATE=PENDING, MESSAGE = DISABLED, isTurningOn=false, isTurningOff=true
D/BluetoothAdapterProperties( 3184): BT Class:0
D/HeadsetService( 3184): Received stop request...Stopping profile...
D/HeadsetStateMachine( 3184): Exit Disconnected: -1
D/A2dpService( 3184): Received stop request...Stopping profile...
D/A2dpStateMachine( 3184): Exit Disconnected: -1
D/BluetoothA2dp( 2277): Proxy object disconnected
D/BluetoothA2dp( 2618): Proxy object disconnected
D/ConnectivityManager( 3411): getMobileDataEnabled()+ subId=-1
D/PhoneInterfaceManager( 2848): [PhoneIntfMgr] getDataEnabled: subId=-1 phoneId=-1
E/PhoneInterfaceManager( 2848): [PhoneIntfMgr] getDataEnabled: no phone subId=-1 retVal=false
D/HidService( 3184): Received stop request...Stopping profile...
D/ConnectivityManager( 3411): getMobileDataEnabled()- subId=-1 retVal=false
D/BluetoothAdapterState( 3184): Stopping profile services that were post enabled
D/BluetoothInputDevice( 2618): Proxy object disconnected
D/HeadsetStateMachine( 3184): Unbinding service...
W/BluetoothHeadsetServiceJni( 3184): Cleaning up Bluetooth Handsfree Interface...
D/BlueZ   ( 3184): external/bluetooth/bluez/android/hal-handsfree.c:cleanup() 
I/bluetoothd( 3283): Service ID=5 unregistered
W/BluetoothHeadsetServiceJni( 3184): Cleaning up Bluetooth Handsfree callback object
D/BlueZ   ( 3184): external/bluetooth/bluez/android/hal-bluetooth.c:handle_adapter_props_changed() 
D/BlueZ   ( 3184): external/bluetooth/bluez/android/hal-bluetooth.c:adapter_props_to_hal() prop[0]: type=BT_PROPERTY_UUIDS len=160 val={00001801, 0000180a, 00001800, 00001115, 00001116, 0000110a, 0000110e, 0000110c, 0000113b, 00001200}
D/HealthService( 3184): Received stop request...Stopping profile...
D/MmsSmsDatabaseHelper( 2848): [MmsSmsDb] tableName: threads hasAutoIncrement: CREATE TABLE threads (_id INTEGER PRIMARY KEY AUTOINCREMENT,date INTEGER DEFAULT 0,message_count INTEGER DEFAULT 0,recipient_ids TEXT,snippet TEXT,snippet_cs INTEGER DEFAULT 0,read INTEGER DEFAULT 1,archived INTEGER DEFAULT 0,type INTEGER DEFAULT 0,error INTEGER DEFAULT 0,has_attachment INTEGER DEFAULT 0) result: true
D/PanService( 3184): Received stop request...Stopping profile...
D/Mms     ( 3411): cancelNotification
D/MmsSmsDatabaseHelper( 2848): [MmsSmsDb] tableName: canonical_addresses hasAutoIncrement: CREATE TABLE canonical_addresses (_id INTEGER PRIMARY KEY AUTOINCREMENT,address TEXT) result: true
D/BluetoothPan( 2618): BluetoothPAN Proxy object disconnected
D/MmsSmsDatabaseHelper( 2848): [MmsSmsDb] tableName: part hasAutoIncrement: CREATE TABLE part (_id INTEGER PRIMARY KEY AUTOINCREMENT,mid INTEGER,seq INTEGER DEFAULT 0,ct TEXT,name TEXT,chset INTEGER,cd TEXT,fn TEXT,cid TEXT,cl TEXT,ctt_s INTEGER,ctt_t TEXT,_data TEXT,text TEXT) result: true
D/BlueZ   ( 3184): external/bluetooth/bluez/android/hal-a2dp.c:cleanup() 
I/bluetoothd( 3283): Service ID=6 unregistered
D/BlueZ   ( 3184): external/bluetooth/bluez/android/hal-avrcp.c:cleanup() 
D/MmsSmsDatabaseHelper( 2848): [MmsSmsDb] tableName: pdu hasAutoIncrement: CREATE TABLE pdu (_id INTEGER PRIMARY KEY AUTOINCREMENT,thread_id INTEGER,date INTEGER,date_sent INTEGER DEFAULT 0,msg_box INTEGER,read INTEGER DEFAULT 0,m_id TEXT,sub TEXT,sub_cs INTEGER,ct_t TEXT,ct_l TEXT,exp INTEGER,m_cls TEXT,m_type INTEGER,v INTEGER,m_size INTEGER,pri INTEGER,rr INTEGER,rpt_a INTEGER,resp_st INTEGER,st INTEGER,tr_id TEXT,retr_st INTEGER,retr_txt TEXT,retr_txt_cs INTEGER,read_status INTEGER,ct_cls INTEGER,resp_txt TEXT,d_tm INTEGER,d_rpt INTEGER,locked INTEGER DEFAULT 0,sub_id INTEGER DEFAULT -1, seen INTEGER DEFAULT 0,creator TEXT,text_only INTEGER DEFAULT 0) result: true
D/BlueZ   ( 3184): external/bluetooth/bluez/android/hal-bluetooth.c:handle_adapter_props_changed() 
D/MmsSmsDatabaseHelper( 2848): [getWritableDatabase] hasAutoIncrementThreads: true hasAutoIncrementAddresses: true hasAutoIncrementPart: true hasAutoIncrementPdu: true
D/BlueZ   ( 3184): external/bluetooth/bluez/android/hal-bluetooth.c:adapter_props_to_hal() prop[0]: type=BT_PROPERTY_UUIDS len=144 val={00001801, 0000180a, 00001800, 00001115, 00001116, 0000110e, 0000110c, 0000113b, 00001200}
I/bluetoothd( 3283): Service ID=8 unregistered
D/BlueZ   ( 3184): external/bluetooth/bluez/android/hal-bluetooth.c:handle_adapter_props_changed() 
D/BlueZ   ( 3184): external/bluetooth/bluez/android/hal-bluetooth.c:adapter_props_to_hal() prop[0]: type=BT_PROPERTY_UUIDS len=112 val={00001801, 0000180a, 00001800, 00001115, 00001116, 0000113b, 00001200}
D/BtGatt.DebugUtils( 3184): handleDebugAction() action=null
D/BlueZ   ( 3184): external/bluetooth/bluez/android/hal-bluetooth.c:handle_adapter_props_changed() 
I/art     ( 2277): DexFile_isDexOptNeeded file /system/priv-app/OneTimeInitializer/x86_64/OneTimeInitializer.odex needs to be relocated for /system/priv-app/OneTimeInitializer/OneTimeInitializer.apk
D/BlueZ   ( 3184): external/bluetooth/bluez/android/hal-bluetooth.c:adapter_props_to_hal() prop[0]: type=BT_PROPERTY_UUIDS len=112 val={00001801, 0000180a, 00001800, 00001115, 00001116, 0000113b, 00001200}
I/PackageManager( 2277): Running patchoat on: com.android.onetimeinitializer
D/BtGatt.GattService( 3184): Received stop request...Stopping profile...
D/BtGatt.GattService( 3184): stop()
I/BlueZ   ( 1991): Audio HAL: Socket closed
D/BtGatt.AdvertiseManager( 3184): advertise clients cleared
D/BlueZ   ( 1991): external/bluetooth/bluez/android/hal-audio.c:ipc_handler() Waiting for connection ...
E/installd( 3470): Running /system/bin/patchoat isa=x86_64 in-fd=5 (/system/priv-app/OneTimeInitializer/x86_64/OneTimeInitializer.odex) out-fd=6 (/data/dalvik-cache/x86_64/system@priv-app@OneTimeInitializer@OneTimeInitializer.apk@classes.dex)
D/BluetoothMapService( 3184): Received stop request...Stopping profile...
D/BluetoothMapService( 3184): stop()
D/BluetoothMapEmailAppObserver( 3184): deinitObservers()
D/BluetoothMapEmailAppObserver( 3184): removeReceiver()
D/BluetoothMap( 2618): Proxy object disconnected
W/BluetoothHidServiceJni( 3184): Cleaning up Bluetooth HID Interface...
D/BlueZ   ( 3184): external/bluetooth/bluez/android/hal-hidhost.c:cleanup() 
I/bluetoothd( 3283): Service ID=3 unregistered
W/BluetoothHidServiceJni( 3184): Cleaning up Bluetooth GID callback object
W/BluetoothHealthServiceJni( 3184): Cleaning up Bluetooth Health Interface...
D/BlueZ   ( 3184): external/bluetooth/bluez/android/hal-health.c:cleanup() 
I/ActivityThread( 3448): Switching default density from 160 to 240
I/bluetoothd( 3283): Service ID=7 unregistered
W/BluetoothHealthServiceJni( 3184): Cleaning up Bluetooth Health object
W/BluetoothPanServiceJni( 3184): Cleaning up Bluetooth PAN Interface...
D/BlueZ   ( 3184): external/bluetooth/bluez/android/hal-pan.c:pan_cleanup() 
I/bluetoothd( 3283): Service ID=4 unregistered
W/BluetoothPanServiceJni( 3184): Cleaning up Bluetooth PAN callback object
D/BlueZ   ( 3184): external/bluetooth/bluez/android/hal-bluetooth.c:handle_adapter_props_changed() 
D/BlueZ   ( 3184): external/bluetooth/bluez/android/hal-bluetooth.c:adapter_props_to_hal() prop[0]: type=BT_PROPERTY_UUIDS len=80 val={00001801, 0000180a, 00001800, 0000113b, 00001200}
D/BlueZ   ( 3184): external/bluetooth/bluez/android/hal-bluetooth.c:handle_adapter_props_changed() 
D/BlueZ   ( 3184): external/bluetooth/bluez/android/hal-bluetooth.c:adapter_props_to_hal() prop[0]: type=BT_PROPERTY_UUIDS len=80 val={00001801, 0000180a, 00001800, 0000113b, 00001200}
D/BtGatt.GattService( 3184): cleanup()
D/BlueZ   ( 3184): external/bluetooth/bluez/android/hal-gatt.c:cleanup() 
I/bluetoothd( 3283): Service ID=9 unregistered
D/BtGatt.AdvertiseManager( 3184): advertise clients cleared
D/BlueZ   ( 3184): external/bluetooth/bluez/android/hal-bluetooth.c:handle_adapter_props_changed() 
D/BlueZ   ( 3184): external/bluetooth/bluez/android/hal-bluetooth.c:adapter_props_to_hal() prop[0]: type=BT_PROPERTY_UUIDS len=32 val={0000113b, 00001200}
D/BlueZ   ( 3184): external/bluetooth/bluez/android/hal-bluetooth.c:handle_adapter_props_changed() 
D/BlueZ   ( 3184): external/bluetooth/bluez/android/hal-bluetooth.c:adapter_props_to_hal() prop[0]: type=BT_PROPERTY_UUIDS len=32 val={0000113b, 00001200}
D/BlueZ   ( 3184): external/bluetooth/bluez/android/hal-bluetooth.c:handle_adapter_props_changed() 
D/BlueZ   ( 3184): external/bluetooth/bluez/android/hal-bluetooth.c:adapter_props_to_hal() prop[0]: type=BT_PROPERTY_UUIDS len=32 val={0000113b, 00001200}
D/BluetoothMapService( 3184): MAP Service closeService in
D/BluetoothMapMasInstance( 3184): MAP Service shutdown
D/BluetoothMapService( 3184): cleanup()
D/BluetoothMapService( 3184): MAP Service closeService in
D/BluetoothAdapterState( 3184): CURRENT_STATE=PENDING, MESSAGE = STOPPED, isTurningOn=false, isTurningOff=true
D/BluetoothAdapterProperties( 3184): Setting state to 10
I/BluetoothAdapterState( 3184): Bluetooth adapter state changed: 13-> 10
I/BluetoothAdapterState( 3184): Entering OffState
V/OneTimeInitializerRece( 3448): OneTimeInitializerReceiver.onReceive
I/OneTimeInitializerServ( 3448): Updating to version 1.
E/ActivityThread( 3448): Failed to find provider info for com.android.launcher2.settings
D/AlertReceiver( 3303): onReceive: a=android.intent.action.BOOT_COMPLETED Intent { act=android.intent.action.BOOT_COMPLETED flg=0x8000010 cmp=com.android.calendar/.alerts.AlertReceiver (has extras) }
D/AlertUtils( 3303): Flushing old alerts from shared prefs table
D/AlertService( 3303): 0 Action = android.intent.action.BOOT_COMPLETED
I/ActivityManager( 2277): Start proc 3477:com.android.camera2/u0a23 for broadcast com.android.camera2/com.android.camera.DisableCameraReceiver
D/AlertService( 3303): Scheduling next alarm with AlarmScheduler. sEventReminderReceived: null
D/Mms     ( 3411): cancelNotification
D/AlarmScheduler( 3303): No events found starting within 1 week.
I/art     ( 2277): DexFile_isDexOptNeeded file /system/app/Camera2/x86_64/Camera2.odex needs to be relocated for /system/app/Camera2/Camera2.apk
I/PackageManager( 2277): Running patchoat on: com.android.camera2
E/installd( 3500): Running /system/bin/patchoat isa=x86_64 in-fd=5 (/system/app/Camera2/x86_64/Camera2.odex) out-fd=6 (/data/dalvik-cache/x86_64/system@app@Camera2@Camera2.apk@classes.dex)
E/MetadataRetrieverClient( 1991): failed to extract an album art
E/MetadataRetrieverClient( 1991): failed to extract an album art
E/MetadataRetrieverClient( 1991): failed to extract an album art
W/BackupManagerService( 2277): dataChanged but no participant pkg='com.android.providers.settings' uid=10005
I/ActivityThread( 3477): Switching default density from 160 to 240
E/Vold    ( 1983): Failed to find mounted volume for /storage/usb0/Android/data/com.android.camera2/cache/
W/ContextImpl( 3477): Failed to ensure directory: /storage/usb0/Android/data/com.android.camera2/cache
E/Vold    ( 1983): Failed to find mounted volume for /storage/usb1/Android/data/com.android.camera2/cache/
W/ContextImpl( 3477): Failed to ensure directory: /storage/usb1/Android/data/com.android.camera2/cache
E/Vold    ( 1983): Failed to find mounted volume for /storage/usb2/Android/data/com.android.camera2/cache/
W/ContextImpl( 3477): Failed to ensure directory: /storage/usb2/Android/data/com.android.camera2/cache
E/Vold    ( 1983): Failed to find mounted volume for /storage/usb3/Android/data/com.android.camera2/cache/
W/ContextImpl( 3477): Failed to ensure directory: /storage/usb3/Android/data/com.android.camera2/cache
E/Vold    ( 1983): Failed to find mounted volume for /storage/sdcard1/Android/data/com.android.camera2/cache/
W/ContextImpl( 3477): Failed to ensure directory: /storage/sdcard1/Android/data/com.android.camera2/cache
E/Vold    ( 1983): Failed to find mounted volume for /storage/usb0/Android/data/com.android.camera2/files/
W/ContextImpl( 3477): Failed to ensure directory: /storage/usb0/Android/data/com.android.camera2/files
E/Vold    ( 1983): Failed to find mounted volume for /storage/usb1/Android/data/com.android.camera2/files/
W/ContextImpl( 3477): Failed to ensure directory: /storage/usb1/Android/data/com.android.camera2/files
E/Vold    ( 1983): Failed to find mounted volume for /storage/usb2/Android/data/com.android.camera2/files/
W/ContextImpl( 3477): Failed to ensure directory: /storage/usb2/Android/data/com.android.camera2/files
E/Vold    ( 1983): Failed to find mounted volume for /storage/usb3/Android/data/com.android.camera2/files/
W/ContextImpl( 3477): Failed to ensure directory: /storage/usb3/Android/data/com.android.camera2/files
E/Vold    ( 1983): Failed to find mounted volume for /storage/sdcard1/Android/data/com.android.camera2/files/
W/ContextImpl( 3477): Failed to ensure directory: /storage/sdcard1/Android/data/com.android.camera2/files
D/CAM_MemoryManagerImpl( 3477): Max native memory: 358 MB
I/CAM_DisableCamRcver( 3477): no back camera
I/CAM_DisableCamRcver( 3477): disable all camera activities
I/ActivityManager( 2277): Start proc 3503:com.android.deskclock/u0a26 for broadcast com.android.deskclock/.AlarmInitReceiver
I/art     ( 1994): Explicit concurrent mark sweep GC freed 706(30KB) AllocSpace objects, 0(0B) LOS objects, 39% free, 1950KB/3MB, paused 24us total 2.669ms
I/art     ( 2277): DexFile_isDexOptNeeded file /system/app/DeskClock/x86_64/DeskClock.odex needs to be relocated for /system/app/DeskClock/DeskClock.apk
I/PackageManager( 2277): Running patchoat on: com.android.deskclock
E/installd( 3525): Running /system/bin/patchoat isa=x86_64 in-fd=5 (/system/app/DeskClock/x86_64/DeskClock.odex) out-fd=6 (/data/dalvik-cache/x86_64/system@app@DeskClock@DeskClock.apk@classes.dex)
I/art     ( 1994): Explicit concurrent mark sweep GC freed 5(160B) AllocSpace objects, 0(0B) LOS objects, 39% free, 1950KB/3MB, paused 20us total 2.303ms
I/art     ( 1994): Explicit concurrent mark sweep GC freed 5(160B) AllocSpace objects, 0(0B) LOS objects, 39% free, 1950KB/3MB, paused 21us total 2.454ms
I/art     ( 2277): Explicit concurrent mark sweep GC freed 16254(948KB) AllocSpace objects, 4(64KB) LOS objects, 33% free, 8MB/12MB, paused 308us total 9.918ms
I/ActivityThread( 3503): Switching default density from 160 to 240
V/AlarmClock( 3503): AlarmInitReceiver android.intent.action.BOOT_COMPLETED
V/AlarmClock( 3503): AlarmInitReceiver - Reset timers and clear stopwatch data
V/AlarmClock( 3503): AlarmInitReceiver - resetting volume button default
I/AlarmClock( 3503): Alarms Table created
I/AlarmClock( 3503): Instance table created
I/AlarmClock( 3503): Cities table created
I/AlarmClock( 3503): Inserting default alarms
V/AlarmClock( 3503): AlarmInitReceiver finished
I/G:DisableCameraReceiver( 3085): no back camera
I/G:DisableCameraReceiver( 3085): disable all camera activities
I/SystemBroadcastReceiver( 2798): Boot has been completed
I/Email   ( 2820): Onetime initialization: 1
I/LauncherIconVisibilityManager( 2798): Disable activity: ComponentInfo{com.android.inputmethod.latin/com.android.inputmethod.latin.setup.SetupActivity}
I/Email   ( 2820): Onetime initialization: 2
I/Email   ( 2820): Onetime initialization: completed.
I/Exchange( 2660): EasService.onCreate
W/MediaScanner( 3008): Error opening directory '/oem/media/', skipping: No such file or directory.
I/Exchange( 2660): RestartPingTask
V/Mms     ( 3411): onStart: #1 mResultCode: -1 = Activity.RESULT_OK
I/Exchange( 2660): RestartPingsTask did not start any pings.
I/Exchange( 2660): PSS stopIfIdle
I/Exchange( 2660): PSS has no active accounts; stopping service.
I/Exchange( 2660): onDestroy
E/MetadataRetrieverClient( 1991): failed to extract an album art
W/MediaScanner( 3008): Error opening directory '/storage/sdcard1/', skipping: Permission denied.
W/MediaScanner( 3008): Error opening directory '/storage/usb0/', skipping: Permission denied.
W/MediaScanner( 3008): Error opening directory '/storage/usb1/', skipping: Permission denied.
W/MediaScanner( 3008): Error opening directory '/storage/usb2/', skipping: Permission denied.
W/MediaScanner( 3008): Error opening directory '/storage/usb3/', skipping: Permission denied.
V/MediaScanner( 3008): pruneDeadThumbnailFiles... android.database.sqlite.SQLiteCursor@36e7991f
V/MediaScanner( 3008): /pruneDeadThumbnailFiles... android.database.sqlite.SQLiteCursor@36e7991f
D/BluetoothManagerService( 2277): unbindAndFinish(): android.bluetooth.IBluetooth$Stub$Proxy@192841b0 mBinding = false
D/BluetoothManagerService( 2277): Sending unbind request.
D/BlueZ   ( 3184): external/bluetooth/bluez/android/hal-bluetooth.c:cleanup() 
I/bluetoothd( 3283): IPC: command socket closed
I/bluetoothd( 3283): Switching controller off
I/bluetoothd( 3283): Stopping SDP server
I/bluetoothd( 3283): Exit
D/BlueZ   ( 3184): external/bluetooth/bluez/android/hal-ipc.c:notification_handler() exit
I/BluetoothServiceJni( 3184): cleanupNative: return from cleanup
I/art     ( 3184): System.exit called, status: 0
I/AndroidRuntime( 3184): VM exiting with result code 0, cleanup skipped.
I/bluetoothd( 3543): stopped (hci0) 
I/ActivityManager( 2277): Process com.android.bluetooth (pid 3184) has died
I/CalendarProvider2( 3336): Sending notification intent: Intent { act=android.intent.action.PROVIDER_CHANGED dat=content://com.android.calendar }
W/ContentResolver( 3336): Failed to get type for: content://com.android.calendar (Unknown URL content://com.android.calendar)
D/AlertReceiver( 3303): onReceive: a=android.intent.action.PROVIDER_CHANGED Intent { act=android.intent.action.PROVIDER_CHANGED dat=content://com.android.calendar flg=0x10 cmp=com.android.calendar/.alerts.AlertReceiver }
D/AlertService( 3303): 0 Action = android.intent.action.PROVIDER_CHANGED
I/ActivityManager( 2277): Killing 2953:com.android.externalstorage/u0a6 (adj 15): empty #17
E/SQLiteLog( 3336): (284) automatic index on view_events(_id)
I/GlobalDismissManager( 3303): no sender configured
D/AlertService( 3303): Beginning updateAlertNotification
D/AlertService( 3303): No fired or scheduled alerts
D/AlertService( 3303): Scheduling next alarm with AlarmScheduler. sEventReminderReceived: null
D/AlarmScheduler( 3303): No events found starting within 1 week.
D/BackupManagerService( 2277): Received broadcast Intent { act=android.intent.action.PACKAGE_CHANGED dat=package:com.android.camera2 flg=0x4000010 (has extras) }
I/InputReader( 2277): Reconfiguring input devices.  changes=0x00000010
I/InputReader( 2277): Reconfiguring input devices.  changes=0x00000010
D/BackupManagerService( 2277): Received broadcast Intent { act=android.intent.action.PACKAGE_CHANGED dat=package:com.android.provision flg=0x4000010 (has extras) }
I/InputReader( 2277): Reconfiguring input devices.  changes=0x00000010
I/InputReader( 2277): Reconfiguring input devices.  changes=0x00000010
W/Launcher( 3058): setApplicationContext called twice! old=com.android.launcher3.LauncherApplication@2b5ae43c new=com.android.launcher3.LauncherApplication@2b5ae43c
I/InputReader( 2277): Reconfiguring input devices.  changes=0x00000010
I/InputReader( 2277): Reconfiguring input devices.  changes=0x00000010
I/InputReader( 2277): Reconfiguring input devices.  changes=0x00000010
D/BackupManagerService( 2277): Received broadcast Intent { act=android.intent.action.PACKAGE_CHANGED dat=package:com.android.calendar flg=0x4000010 (has extras) }
W/Launcher( 3058): setApplicationContext called twice! old=com.android.launcher3.LauncherApplication@2b5ae43c new=com.android.launcher3.LauncherApplication@2b5ae43c
D/BackupManagerService( 2277): Received broadcast Intent { act=android.intent.action.PACKAGE_CHANGED dat=package:com.android.gallery3d flg=0x4000010 (has extras) }
D/BackupManagerService( 2277): Received broadcast Intent { act=android.intent.action.PACKAGE_CHANGED dat=package:com.android.inputmethod.latin flg=0x4000010 (has extras) }
D/BackupManagerService( 2277): Received broadcast Intent { act=android.intent.action.PACKAGE_CHANGED dat=package:com.android.settings flg=0x4000010 (has extras) }
D/BackupManagerService( 2277): Received broadcast Intent { act=android.intent.action.PACKAGE_CHANGED dat=package:com.android.email flg=0x4000010 (has extras) }
W/Launcher( 3058): setApplicationContext called twice! old=com.android.launcher3.LauncherApplication@2b5ae43c new=com.android.launcher3.LauncherApplication@2b5ae43c
D/Launcher.Workspace( 3058): 11683562 - stripEmptyScreens()
W/Launcher( 3058): setApplicationContext called twice! old=com.android.launcher3.LauncherApplication@2b5ae43c new=com.android.launcher3.LauncherApplication@2b5ae43c
W/BackupManagerService( 2277): dataChanged but no participant pkg='com.android.launcher3' uid=10036
W/Launcher( 3058): setApplicationContext called twice! old=com.android.launcher3.LauncherApplication@2b5ae43c new=com.android.launcher3.LauncherApplication@2b5ae43c
W/Launcher( 3058): setApplicationContext called twice! old=com.android.launcher3.LauncherApplication@2b5ae43c new=com.android.launcher3.LauncherApplication@2b5ae43c
W/Launcher( 3058): setApplicationContext called twice! old=com.android.launcher3.LauncherApplication@2b5ae43c new=com.android.launcher3.LauncherApplication@2b5ae43c
D/Launcher.Workspace( 3058): 11683562 - stripEmptyScreens()
I/ActivityManager( 2277): Waited long enough for: ServiceRecord{1ceadbeb u0 com.android.music/.MediaPlaybackService}
I/ActivityManager( 2277): Waited long enough for: ServiceRecord{1933d6 u0 com.android.calendar/.alerts.InitAlarmsService}
W/AudioTrack( 2277): AUDIO_OUTPUT_FLAG_FAST denied by client
D/audio_hw_primary( 1991): found out /dev/snd/pcmC1D0p
D/InputEventConsistencyVerifier( 3058): KeyEvent: ACTION_UP but key was not down.
D/InputEventConsistencyVerifier( 3058):   in com.android.internal.policy.impl.PhoneWindow$DecorView{18be376c V.E..... R....... 0,0-1920,1080}
D/InputEventConsistencyVerifier( 3058):   0: sent at 42917000000, KeyEvent { action=ACTION_UP, keyCode=KEYCODE_DPAD_DOWN, scanCode=108, metaState=0, flags=0x8, repeatCount=0, eventTime=42917, downTime=42847, deviceId=8, source=0x101 }
D/InputEventConsistencyVerifier( 3058):   -- recent events --
D/InputEventConsistencyVerifier( 3058):   1: sent at 41889014000, MotionEvent { action=ACTION_HOVER_MOVE, id[0]=0, x[0]=1157.7463, y[0]=554.62177, toolType[0]=TOOL_TYPE_FINGER, buttonState=0, metaState=0, flags=0x0, edgeFlags=0x0, pointerCount=1, historySize=0, eventTime=41889, downTime=41876, deviceId=1, source=0x2002 }
D/InputEventConsistencyVerifier( 3058):   2: sent at 41889014000, MotionEvent { action=ACTION_HOVER_ENTER, id[0]=0, x[0]=1157.7463, y[0]=554.62177, toolType[0]=TOOL_TYPE_FINGER, buttonState=0, metaState=0, flags=0x0, edgeFlags=0x0, pointerCount=1, historySize=0, eventTime=41889, downTime=41876, deviceId=1, source=0x2002 }
D/InputEventConsistencyVerifier( 3058):   3: sent at 41889014000, MotionEvent { action=ACTION_UP, id[0]=0, x[0]=1156.7565, y[0]=567.1596, toolType[0]=TOOL_TYPE_FINGER, buttonState=0, metaState=0, flags=0x0, edgeFlags=0x0, pointerCount=1, historySize=0, eventTime=41889, downTime=41876, deviceId=1, source=0x2002 }
D/InputEventConsistencyVerifier( 3058):   4: sent at 41876698000, MotionEvent { action=ACTION_DOWN, id[0]=0, x[0]=1156.7565, y[0]=567.1596, toolType[0]=TOOL_TYPE_FINGER, buttonState=0, metaState=0, flags=0x0, edgeFlags=0x0, pointerCount=1, historySize=0, eventTime=41876, downTime=41876, deviceId=1, source=0x2002 }
D/InputEventConsistencyVerifier( 3058):   5: sent at 41876698000, MotionEvent { action=ACTION_HOVER_EXIT, id[0]=0, x[0]=1156.7565, y[0]=567.1596, toolType[0]=TOOL_TYPE_FINGER, buttonState=0, metaState=0, flags=0x0, edgeFlags=0x0, pointerCount=1, historySize=0, eventTime=41876, downTime=41876, deviceId=1, source=0x2002 }
W/AudioTrack( 2277): AUDIO_OUTPUT_FLAG_FAST denied by client
D/InputEventConsistencyVerifier( 3058): KeyEvent: ACTION_UP but key was not down.
D/InputEventConsistencyVerifier( 3058):   in com.android.launcher3.Hotseat{25f0a73b V.E..... ........ 0,871-1920,1008 #7f110015 app:id/hotseat}
D/InputEventConsistencyVerifier( 3058):   0: sent at 43113000000, KeyEvent { action=ACTION_UP, keyCode=KEYCODE_DPAD_DOWN, scanCode=108, metaState=0, flags=0x8, repeatCount=0, eventTime=43113, downTime=43053, deviceId=8, source=0x101 }
W/AudioTrack( 2277): AUDIO_OUTPUT_FLAG_FAST denied by client
D/InputEventConsistencyVerifier( 3058): KeyEvent: ACTION_UP but key was not down.
D/InputEventConsistencyVerifier( 3058):   in com.android.launcher3.Workspace{1cc8b896 V.ED...L ........ -2298,-2718-4219,3799 #7f110013 app:id/workspace}
D/InputEventConsistencyVerifier( 3058):   0: sent at 43580000000, KeyEvent { action=ACTION_UP, keyCode=KEYCODE_DPAD_UP, scanCode=103, metaState=0, flags=0x8, repeatCount=0, eventTime=43580, downTime=43490, deviceId=8, source=0x101 }
D/InputEventConsistencyVerifier( 3058):   -- recent events --
D/InputEventConsistencyVerifier( 3058):   1: sent at 43053000000, (unhandled) KeyEvent { action=ACTION_DOWN, keyCode=KEYCODE_DPAD_DOWN, scanCode=108, metaState=0, flags=0x8, repeatCount=0, eventTime=43053, downTime=43053, deviceId=8, source=0x101 }
D/InputEventConsistencyVerifier( 3058):   2: sent at 42917000000, (unhandled) KeyEvent { action=ACTION_UP, keyCode=KEYCODE_DPAD_DOWN, scanCode=108, metaState=0, flags=0x80000008, repeatCount=0, eventTime=42917, downTime=42847, deviceId=8, source=0x101 }
W/AudioTrack( 2277): AUDIO_OUTPUT_FLAG_FAST denied by client
D/InputEventConsistencyVerifier( 3058): KeyEvent: ACTION_UP but key was not down.
D/InputEventConsistencyVerifier( 3058):   in com.android.launcher3.BubbleTextView{9bad1ed VFED..CL .F...... 422,408-633,544 #6}
D/InputEventConsistencyVerifier( 3058):   0: sent at 44062000000, KeyEvent { action=ACTION_UP, keyCode=KEYCODE_DPAD_RIGHT, scanCode=106, metaState=0, flags=0x8, repeatCount=0, eventTime=44062, downTime=43946, deviceId=8, source=0x101 }
W/AudioTrack( 2277): AUDIO_OUTPUT_FLAG_FAST denied by client
I/ActivityManager( 2277): START u0 {act=android.intent.action.MAIN cat=[android.intent.category.LAUNCHER] flg=0x10200000 cmp=com.android.settings/.Settings bnds=[749,566][960,702] (has extras)} from uid 10036 on display 0
V/WindowManager( 2277): addAppToken: AppWindowToken{2efeed0f token=Token{c7ef26e ActivityRecord{289645e9 u0 com.android.settings/.Settings t5}}} to stack=1 task=5 at 0
V/WindowManager( 2277): Adding window Window{23d69834 u0 Starting com.android.settings} at 2 of 7 (after Window{67f55a3 u0 com.android.launcher3/com.android.launcher3.Launcher})
I/IndexDatabaseHelper( 2982): Bootstrapped database
I/IndexDatabaseHelper( 2982): Using schema version: 115
I/IndexDatabaseHelper( 2982): Index is fine
V/NFC     ( 2982): this device does not have NFC support
D/OpenGLRenderer( 2982): Use EGL_SWAP_BEHAVIOR_PRESERVED: true
I/GRALLOC-DRM( 2982): create intel for driver i915
D/Atlas   ( 2982): Validating map...
V/WindowManager( 2277): Adding window Window{2e6a27f7 u0 com.android.settings/com.android.settings.Settings} at 2 of 8 (before Window{23d69834 u0 Starting com.android.settings})
D/DashboardSummary( 2982): rebuildUI took: 22 ms
D/WifiService( 2277): New client listening to asynchronous messages
D/BluetoothManagerService( 2277): Message: 20
D/BluetoothManagerService( 2277): Added callback: android.bluetooth.IBluetoothManagerCallback$Stub$Proxy@24d83fce:true
D/BluetoothAdapter( 2982): 219769826: getState() :  mService = null. Returning STATE_OFF
D/BluetoothManagerService( 2277): Message: 30
D/BluetoothManagerService( 2277): Message: 30
D/LocalBluetoothProfileManager( 2982): Adding local MAP profile
D/BluetoothMap( 2982): Create BluetoothMap proxy object
D/BluetoothManagerService( 2277): Message: 30
D/BluetoothManagerService( 2277): Message: 30
D/LocalBluetoothProfileManager( 2982): LocalBluetoothProfileManager construction complete
D/BluetoothAdapter( 2982): 219769826: getState() :  mService = null. Returning STATE_OFF
D/Index   ( 2982): Indexing locale 'en_US' took 87 millis
I/EGL-DRI2( 2982): DRI2: found extension DRI_Core version 1
I/EGL-DRI2( 2982): DRI2: found extension DRI_DRI2 version 4
I/EGL-DRI2( 2982): DRI2: found extension DRI_TexBuffer version 3
I/EGL-DRI2( 2982): DRI2: found extension DRI2_Flush version 4
I/EGL-DRI2( 2982): DRI2: found extension DRI_IMAGE version 11
I/OpenGLRenderer( 2982): Initialized EGL, version 1.4
W/OpenGLRenderer( 2982): Failed to choose config with EGL_SWAP_BEHAVIOR_PRESERVED, retrying without...
D/OpenGLRenderer( 2982): Enabling debug mode 0
I/ActivityManager( 2277): Displayed com.android.settings/.Settings: +152ms
W/AudioTrack( 2277): AUDIO_OUTPUT_FLAG_FAST denied by client
D/InputEventConsistencyVerifier( 2982): KeyEvent: ACTION_UP but key was not down.
D/InputEventConsistencyVerifier( 2982):   in com.android.settings.dashboard.DashboardTileView{32859f60 VFE...C. .F...... 750,192-1464,288}
D/InputEventConsistencyVerifier( 2982):   0: sent at 46257000000, KeyEvent { action=ACTION_UP, keyCode=KEYCODE_DPAD_RIGHT, scanCode=106, metaState=0, flags=0x8, repeatCount=0, eventTime=46257, downTime=46166, deviceId=8, source=0x101 }
I/ActivityManager( 2277): START u0 {act=android.intent.action.MAIN cmp=com.android.settings/.SubSettings (has extras)} from uid 1000 on display 0
W/AudioTrack( 2277): AUDIO_OUTPUT_FLAG_FAST denied by client
V/WindowManager( 2277): addAppToken: AppWindowToken{35b75771 token=Token{39bae118 ActivityRecord{a2b7cfb u0 com.android.settings/.SubSettings t5}}} to stack=1 task=5 at 1
D/SubSettings( 2982): Launching fragment com.android.settings.DeviceInfoSettings
I/DeviceInfoSettings( 2982): is64Bit=32
D/DeviceInfoSettings( 2982): Property 'ro.url.safetylegal' missing and no 'safetylegal' preference
V/WindowManager( 2277): Adding window Window{2b23bd2e u0 com.android.settings/com.android.settings.SubSettings} at 3 of 8 (after Window{2e6a27f7 u0 com.android.settings/com.android.settings.Settings})
I/ActivityManager( 2277): Displayed com.android.settings/.SubSettings: +48ms
W/AudioTrack( 2277): AUDIO_OUTPUT_FLAG_FAST denied by client
W/AudioTrack( 2277): AUDIO_OUTPUT_FLAG_FAST denied by client
W/AudioTrack( 2277): AUDIO_OUTPUT_FLAG_FAST denied by client
W/AudioTrack( 2277): AUDIO_OUTPUT_FLAG_FAST denied by client
W/AudioTrack( 2277): AUDIO_OUTPUT_FLAG_FAST denied by client
W/AudioTrack( 2277): AUDIO_OUTPUT_FLAG_FAST denied by client
W/AudioTrack( 2277): AUDIO_OUTPUT_FLAG_FAST denied by client
W/AudioTrack( 2277): AUDIO_OUTPUT_FLAG_FAST denied by client
W/AudioTrack( 2277): AUDIO_OUTPUT_FLAG_FAST denied by client
W/AudioTrack( 2277): AUDIO_OUTPUT_FLAG_FAST denied by client
D/SettingsProvider( 2277): User 0 external modification to /data/data/com.android.providers.settings/databases/settings.db; event=2
D/SettingsProvider( 2277): User 0 updating our caches for /data/data/com.android.providers.settings/databases/settings.db
D/SettingsProvider( 2277): User 0 external modification to /data/data/com.android.providers.settings/databases/settings.db; event=2
D/SettingsProvider( 2277): User 0 updating our caches for /data/data/com.android.providers.settings/databases/settings.db
D/SettingsProvider( 2277): User 0 external modification to /data/data/com.android.providers.settings/databases/settings.db; event=2
D/SettingsProvider( 2277): User 0 updating our caches for /data/data/com.android.providers.settings/databases/settings.db
W/AudioTrack( 2277): AUDIO_OUTPUT_FLAG_FAST denied by client
D/InitAlarmsService( 3303): Clearing and rescheduling alarms.
D/UsbHostManager( 2277): Added device UsbDevice[mName=/dev/bus/usb/001/004,mVendorId=0,mProductId=0,mClass=0,mSubclass=0,mProtocol=0,mManufacturerName=NA,mProductName=NA,mSerialNumber=20030572611600028581,mConfigurations=[
D/UsbHostManager( 2277): UsbConfiguration[mId=1,mName=null,mAttributes=128,mMaxPower=100,mInterfaces=[
D/UsbHostManager( 2277): UsbInterface[mId=0,mAlternateSetting=0,mName=null,mClass=8,mSubclass=6,mProtocol=80,mEndpoints=[
D/UsbHostManager( 2277): UsbEndpoint[mAddress=129,mAttributes=2,mMaxPacketSize=512,mInterval=0]
D/UsbHostManager( 2277): UsbEndpoint[mAddress=2,mAttributes=2,mMaxPacketSize=512,mInterval=1]]]]
W/ContextImpl( 2277): Calling a method in the system process without a qualified user: android.app.ContextImpl.sendBroadcast:1327 com.android.server.usb.UsbSettingsManager.deviceAttached:741 com.android.server.usb.UsbHostManager.endUsbDeviceAdded:224 com.android.server.usb.UsbHostManager.monitorUsbHostBus:-2 com.android.server.usb.UsbHostManager.access$000:42 
D/Vold    ( 1983): Volume usb1 state changing 0 (No-Media) -> 2 (Pending)
D/Vold    ( 1983): Volume usb1 state changing 2 (Pending) -> 1 (Idle-Unmounted)
D/MountService( 2277): volume state changed for /storage/usb1 (removed -> unmounted)
D/MountService( 2277): sendStorageIntent Intent { act=android.intent.action.MEDIA_UNMOUNTED dat=file:///storage/usb1 flg=0x4000000 (has extras) } to UserHandle{-1}
I/Vold    ( 1983): /dev/block/vold/8:65 being considered for volume usb1
D/Vold    ( 1983): Volume usb1 state changing 1 (Idle-Unmounted) -> 3 (Checking)
D/Vold    ( 1983): Trying to get filesystem type for /dev/block/vold/8:65 
D/MountService( 2277): volume state changed for /storage/usb1 (unmounted -> checking)
D/MountService( 2277): sendStorageIntent Intent { act=android.intent.action.MEDIA_CHECKING dat=file:///storage/usb1 flg=0x4000000 (has extras) } to UserHandle{-1}
D/Vold    ( 1983): Found vfat filesystem on /dev/block/vold/8:65
I/fsck_msdos( 1983): ** /dev/block/vold/8:65
I/ActivityManager( 2277): Start proc 3618:com.android.externalstorage/u0a6 for broadcast com.android.externalstorage/.MountReceiver
I/ValidateNoPeople( 2277): skipping global notification
I/fsck_msdos( 1983): ** Phase 1 - Read FAT (compare skipped)
I/fsck_msdos( 1983): Attempting to allocate 15236 KB for FAT
I/ActivityThread( 3618): Switching default density from 160 to 240
D/ExternalStorage( 3618): After updating volumes, found 1 active roots
D/ExternalStorage( 3618): After updating volumes, found 1 active roots
D/MediaScannerReceiver( 3008): action: android.intent.action.MEDIA_UNMOUNTED path: /storage/usb1
I/ActivityManager( 2277): Killing 3032:com.android.provision/u0a46 (adj 15): empty #17
I/fsck_msdos( 1983): ** Phase 2 - Check Cluster Chains
I/fsck_msdos( 1983): ** Phase 3 - Checking Directories
I/ActivityManager( 2277): START u0 {act=android.intent.action.MAIN cat=[android.intent.category.HOME] flg=0x10200000 cmp=com.android.launcher3/.Launcher} from uid 1000 on display 0
W/AudioTrack( 2277): AUDIO_OUTPUT_FLAG_FAST denied by client
D/PermissionCache( 1984): checking android.permission.READ_FRAME_BUFFER for uid=1000 => granted (35 us)
D/audio_hw_primary( 1991): found out /dev/snd/pcmC1D0p
W/art     ( 2982): No such thread id for suspend: 22
W/OpenGLRenderer( 3058): Incorrectly called buildLayer on View: ShortcutAndWidgetContainer, destroying layer...
W/ResourceType( 2618): No package identifier when getting value for resource number 0x00000000
W/PackageManager( 2618): Failure retrieving resources for com.android.settings: Resource ID #0x0
I/fsck_msdos( 1983): ** Phase 4 - Checking for Lost Files
I/fsck_msdos( 1983): Next free cluster in FSInfo block (41374) not free
I/fsck_msdos( 1983): FIXED
I/fsck_msdos( 1983): 3644 files, 2691172 free (2769945 clusters)
I/Vold    ( 1983): Filesystem check completed OK
D/Vold    ( 1983): blkid identified as /dev/block/vold/8:65: LABEL="UUI" UUID="1D05-3C3E" TYPE="vfat" 
D/Vold    ( 1983): Volume usb1 state changing 3 (Checking) -> 4 (Mounted)
D/MountService( 2277): volume state changed for /storage/usb1 (checking -> mounted)
E/VoldConnector( 2277): NDC Command {18 volume mount /storage/usb1} took too long (2250ms)
D/MountService( 2277): sendStorageIntent Intent { act=android.intent.action.MEDIA_MOUNTED dat=file:///storage/usb1 flg=0x4000000 (has extras) } to UserHandle{-1}
D/ExternalStorage( 3618): After updating volumes, found 2 active roots
D/MediaScannerReceiver( 3008): action: android.intent.action.MEDIA_MOUNTED path: /storage/usb1
W/MediaSessionRecord( 2277): Removing dead callback in pushMetadataUpdate. 
W/MediaSessionRecord( 2277): android.os.DeadObjectException
W/MediaSessionRecord( 2277): 	at android.os.BinderProxy.transactNative(Native Method)
W/MediaSessionRecord( 2277): 	at android.os.BinderProxy.transact(Binder.java:496)
W/MediaSessionRecord( 2277): 	at android.media.session.ISessionControllerCallback$Stub$Proxy.onMetadataChanged(ISessionControllerCallback.java:227)
W/MediaSessionRecord( 2277): 	at com.android.server.media.MediaSessionRecord.pushMetadataUpdate(MediaSessionRecord.java:551)
W/MediaSessionRecord( 2277): 	at com.android.server.media.MediaSessionRecord.access$3200(MediaSessionRecord.java:67)
W/MediaSessionRecord( 2277): 	at com.android.server.media.MediaSessionRecord$MessageHandler.handleMessage(MediaSessionRecord.java:1262)
W/MediaSessionRecord( 2277): 	at android.os.Handler.dispatchMessage(Handler.java:102)
W/MediaSessionRecord( 2277): 	at android.os.Looper.loop(Looper.java:135)
W/MediaSessionRecord( 2277): 	at com.android.server.SystemServer.run(SystemServer.java:269)
W/MediaSessionRecord( 2277): 	at com.android.server.SystemServer.main(SystemServer.java:170)
W/MediaSessionRecord( 2277): 	at java.lang.reflect.Method.invoke(Native Method)
W/MediaSessionRecord( 2277): 	at java.lang.reflect.Method.invoke(Method.java:372)
W/MediaSessionRecord( 2277): 	at com.android.internal.os.ZygoteInit$MethodAndArgsCaller.run(ZygoteInit.java:903)
W/MediaSessionRecord( 2277): 	at com.android.internal.os.ZygoteInit.main(ZygoteInit.java:698)
W/MediaScanner( 3008): Error opening directory '/storage/sdcard1/', skipping: Permission denied.
W/MediaScanner( 3008): Error opening directory '/storage/usb0/', skipping: Permission denied.
W/AudioTrack( 2277): AUDIO_OUTPUT_FLAG_FAST denied by client
I/ActivityManager( 2277): START u0 {act=android.intent.action.MAIN cat=[android.intent.category.LAUNCHER] flg=0x10200000 cmp=com.cyanogenmod.filemanager/.activities.NavigationActivity (has extras)} from uid 10036 on display 0
W/AudioTrack( 2277): AUDIO_OUTPUT_FLAG_FAST denied by client
V/WindowManager( 2277): addAppToken: AppWindowToken{27f314db token=Token{fc6e9ea ActivityRecord{24c5bdd5 u0 com.cyanogenmod.filemanager/.activities.NavigationActivity t6}}} to stack=1 task=6 at 0
V/WindowManager( 2277): Adding window Window{86cc42 u0 Starting com.cyanogenmod.filemanager} at 4 of 9 (after Window{2b23bd2e u0 com.android.settings/com.android.settings.SubSettings})
I/ActivityManager( 2277): Start proc 3652:com.cyanogenmod.filemanager/u0a20 for activity com.cyanogenmod.filemanager/.activities.NavigationActivity
I/art     ( 2277): DexFile_isDexOptNeeded file /system/app/CMFileManager/x86_64/CMFileManager.odex needs to be relocated for /system/app/CMFileManager/CMFileManager.apk
I/PackageManager( 2277): Running patchoat on: com.cyanogenmod.filemanager
E/installd( 3674): Running /system/bin/patchoat isa=x86_64 in-fd=5 (/system/app/CMFileManager/x86_64/CMFileManager.odex) out-fd=6 (/data/dalvik-cache/x86_64/system@app@CMFileManager@CMFileManager.apk@classes.dex)
I/ActivityThread( 3652): Switching default density from 160 to 240
E/Vold    ( 1983): Failed to find mounted volume for /storage/usb0/Android/data/com.cyanogenmod.filemanager/files/
W/ContextImpl( 3652): Failed to ensure directory: /storage/usb0/Android/data/com.cyanogenmod.filemanager/files
E/Vold    ( 1983): Failed to find mounted volume for /storage/usb2/Android/data/com.cyanogenmod.filemanager/files/
W/ContextImpl( 3652): Failed to ensure directory: /storage/usb2/Android/data/com.cyanogenmod.filemanager/files
E/Vold    ( 1983): Failed to find mounted volume for /storage/usb3/Android/data/com.cyanogenmod.filemanager/files/
W/ContextImpl( 3652): Failed to ensure directory: /storage/usb3/Android/data/com.cyanogenmod.filemanager/files
E/Vold    ( 1983): Failed to find mounted volume for /storage/sdcard1/Android/data/com.cyanogenmod.filemanager/files/
W/ContextImpl( 3652): Failed to ensure directory: /storage/sdcard1/Android/data/com.cyanogenmod.filemanager/files
V/NFC     ( 3652): this device does not have NFC support
W/NavigationActivity( 3652): Ignoring '/storage/sdcard1' with state of 'unmounted'
W/NavigationActivity( 3652): Ignoring '/storage/usb0' with state of 'unmounted'
W/NavigationActivity( 3652): Ignoring '/storage/usb2' with state of 'removed'
W/NavigationActivity( 3652): Ignoring '/storage/usb3' with state of 'removed'
D/OpenGLRenderer( 3652): Use EGL_SWAP_BEHAVIOR_PRESERVED: true
I/GRALLOC-DRM( 3652): create intel for driver i915
D/Atlas   ( 3652): Validating map...
V/WindowManager( 2277): Adding window Window{6eec9f2 u0 com.cyanogenmod.filemanager/com.cyanogenmod.filemanager.activities.NavigationActivity} at 4 of 10 (before Window{86cc42 u0 Starting com.cyanogenmod.filemanager})
V/WindowManager( 2277): Adding window Window{6c7ec0 u0 com.cyanogenmod.filemanager/com.cyanogenmod.filemanager.activities.NavigationActivity} at 4 of 11 (before Window{6eec9f2 u0 com.cyanogenmod.filemanager/com.cyanogenmod.filemanager.activities.NavigationActivity})
V/MimeTypeIndexService( 3652): onHandleIntent(Intent { act=com.cyanogenmod.filemanager.ACTION_START_INDEX cmp=com.cyanogenmod.filemanager/.service.MimeTypeIndexService (has extras) })
D/MimeTypeIndexService( 3652): Action: com.cyanogenmod.filemanager.ACTION_START_INDEX
V/MimeTypeIndexService( 3652): performIndexAction(/storage/emulated/0)
I/MimeTypeIndexService( 3652): Starting mime type usage indexing on '/storage/emulated/0'
D/MimeTypeIndexService( 3652): NONE = 820
V/MimeTypeIndexService( 3652): onHandleIntent(Intent { act=com.cyanogenmod.filemanager.ACTION_START_INDEX cmp=com.cyanogenmod.filemanager/.service.MimeTypeIndexService (has extras) })
D/MimeTypeIndexService( 3652): Action: com.cyanogenmod.filemanager.ACTION_START_INDEX
V/MimeTypeIndexService( 3652): performIndexAction(/system)
I/MimeTypeIndexService( 3652): Starting mime type usage indexing on '/system'
I/EGL-DRI2( 3652): DRI2: found extension DRI_Core version 1
I/EGL-DRI2( 3652): DRI2: found extension DRI_DRI2 version 4
I/EGL-DRI2( 3652): DRI2: found extension DRI_TexBuffer version 3
I/EGL-DRI2( 3652): DRI2: found extension DRI2_Flush version 4
I/EGL-DRI2( 3652): DRI2: found extension DRI_IMAGE version 11
I/OpenGLRenderer( 3652): Initialized EGL, version 1.4
W/OpenGLRenderer( 3652): Failed to choose config with EGL_SWAP_BEHAVIOR_PRESERVED, retrying without...
D/OpenGLRenderer( 3652): Enabling debug mode 0
I/ActivityManager( 2277): Displayed com.cyanogenmod.filemanager/.activities.NavigationActivity: +388ms
D/MimeTypeIndexService( 3652): AUDIO = 1065141
D/MimeTypeIndexService( 3652): EXEC = 8400
D/MimeTypeIndexService( 3652): TEXT = 926168
D/MimeTypeIndexService( 3652): BINARY = 502012234
D/MimeTypeIndexService( 3652): FONT = 19580216
D/MimeTypeIndexService( 3652): COMPRESS = 2136830
D/MimeTypeIndexService( 3652): APP = 98311842
D/MimeTypeIndexService( 3652): NONE = 752724520
W/MediaScanner( 3008): Error opening directory '/storage/usb1/.android_secure/', skipping: Permission denied.
W/MediaScanner( 3008): Error opening directory '/storage/usb2/', skipping: Permission denied.
W/MediaScanner( 3008): Error opening directory '/storage/usb3/', skipping: Permission denied.
V/MediaScanner( 3008): pruneDeadThumbnailFiles... android.database.sqlite.SQLiteCursor@21094b1
V/MediaScanner( 3008): /pruneDeadThumbnailFiles... android.database.sqlite.SQLiteCursor@21094b1
W/AudioTrack( 2277): AUDIO_OUTPUT_FLAG_FAST denied by client
D/OpenGLRenderer( 3652): endAllStagingAnimators on 0x7fa42d7a7c00 (RippleDrawable) with handle 0x7fa4241ef480
W/AudioTrack( 2277): AUDIO_OUTPUT_FLAG_FAST denied by client
I/Choreographer( 3652): Skipped 46 frames!  The application may be doing too much work on its main thread.
W/AudioTrack( 2277): AUDIO_OUTPUT_FLAG_FAST denied by client
W/AudioTrack( 2277): AUDIO_OUTPUT_FLAG_FAST denied by client
W/AudioTrack( 2277): AUDIO_OUTPUT_FLAG_FAST denied by client
W/AudioTrack( 2277): AUDIO_OUTPUT_FLAG_FAST denied by client
W/AudioTrack( 2277): AUDIO_OUTPUT_FLAG_FAST denied by client
W/AudioTrack( 2277): AUDIO_OUTPUT_FLAG_FAST denied by client
W/AudioTrack( 2277): AUDIO_OUTPUT_FLAG_FAST denied by client
W/AudioTrack( 2277): AUDIO_OUTPUT_FLAG_FAST denied by client
W/AudioTrack( 2277): AUDIO_OUTPUT_FLAG_FAST denied by client
W/AudioTrack( 2277): AUDIO_OUTPUT_FLAG_FAST denied by client
W/AudioTrack( 2277): AUDIO_OUTPUT_FLAG_FAST denied by client
W/AudioTrack( 2277): AUDIO_OUTPUT_FLAG_FAST denied by client
W/AudioTrack( 2277): AUDIO_OUTPUT_FLAG_FAST denied by client
W/AudioTrack( 2277): AUDIO_OUTPUT_FLAG_FAST denied by client
W/AudioTrack( 2277): AUDIO_OUTPUT_FLAG_FAST denied by client
W/AudioTrack( 2277): AUDIO_OUTPUT_FLAG_FAST denied by client
W/AudioTrack( 2277): AUDIO_OUTPUT_FLAG_FAST denied by client
W/AudioTrack( 2277): AUDIO_OUTPUT_FLAG_FAST denied by client
W/AudioTrack( 2277): AUDIO_OUTPUT_FLAG_FAST denied by client
W/AudioTrack( 2277): AUDIO_OUTPUT_FLAG_FAST denied by client
W/AudioTrack( 2277): AUDIO_OUTPUT_FLAG_FAST denied by client
W/ResourceType( 3652): Failure getting entry for 0x7f02038a (t=1 e=906) (error -75)
W/AudioTrack( 2277): AUDIO_OUTPUT_FLAG_FAST denied by client
W/AudioTrack( 2277): AUDIO_OUTPUT_FLAG_FAST denied by client
W/AudioTrack( 2277): AUDIO_OUTPUT_FLAG_FAST denied by client
W/AudioTrack( 2277): AUDIO_OUTPUT_FLAG_FAST denied by client
W/AudioTrack( 2277): AUDIO_OUTPUT_FLAG_FAST denied by client
W/AudioTrack( 2277): AUDIO_OUTPUT_FLAG_FAST denied by client
W/AudioTrack( 2277): AUDIO_OUTPUT_FLAG_FAST denied by client
W/AudioTrack( 2277): AUDIO_OUTPUT_FLAG_FAST denied by client
W/AudioTrack( 2277): AUDIO_OUTPUT_FLAG_FAST denied by client
W/AudioTrack( 2277): AUDIO_OUTPUT_FLAG_FAST denied by client
W/AudioTrack( 2277): AUDIO_OUTPUT_FLAG_FAST denied by client
W/AudioTrack( 2277): AUDIO_OUTPUT_FLAG_FAST denied by client
