--------- beginning of main
E/cutils  (    0): Failed to read /data/.layout_version: No such file or directory
E/sdcard  (    0): installd fs upgrade not yet complete. Waiting...
I/powerbtn(    0): open event3(Power Button) ok
I/installd(    0): installd firing up
E/cutils  (    0): Failed to read /data/.layout_version: No such file or directory
D/installd(    0): Upgrading /data/media for multi-user
D/installd(    0): Upgrading to shared /data/media/obb
D/installd(    0): Upgrading to /data/misc/user directories
I/powerbtn(    0): open event0(Power Button) ok
I/Netd    (    0): Netd 1.0 starting
E/Netd    (    0): Failed to open /proc/sys/net/ipv6/conf/default/accept_ra_rt_table: No such file or directory
E/Netd    (    0): Failed to open /proc/sys/net/ipv6/conf/eth0/accept_ra_rt_table: No such file or directory
E/Netd    (    0): Failed to open /proc/sys/net/ipv6/conf/ip6tnl0/accept_ra_rt_table: No such file or directory
E/Netd    (    0): Failed to open /proc/sys/net/ipv6/conf/lo/accept_ra_rt_table: No such file or directory
E/Netd    (    0): Failed to open /proc/sys/net/ipv6/conf/sit0/accept_ra_rt_table: No such file or directory
E/Netd    (    0): Failed to open /proc/sys/net/ipv6/conf/wlan0/accept_ra_rt_table: No such file or directory
I/        (    0): debuggerd: Dec 16 2015 09:27:02
E/ProbeModule( 2024): insmod_by_dep: cannot load module: [net-pf-16-proto-9]
V/NatController( 1986): runCmd(/system/bin/iptables -F natctrl_FORWARD) res=0
V/NatController( 1986): runCmd(/system/bin/iptables -A natctrl_FORWARD -j DROP) res=0
V/NatController( 1986): runCmd(/system/bin/iptables -t nat -F natctrl_nat_POSTROUTING) res=0
V/NatController( 1986): runCmd(/system/bin/iptables -F natctrl_tether_counters) res=1
V/NatController( 1986): runCmd(/system/bin/iptables -X natctrl_tether_counters) res=1
V/NatController( 1986): runCmd(/system/bin/iptables -N natctrl_tether_counters) res=0
V/NatController( 1986): runCmd(/system/bin/iptables -t mangle -A natctrl_mangle_FORWARD -p tcp --tcp-flags SYN SYN -j TCPMSS --clamp-mss-to-pmtu) res=0
I/iptables( 1986): iptables: Invalid argument. Run `dmesg' for more information.
I/iptables( 1986): iptables terminated by exit(1)
E/BandwidthController( 1986): runIptablesCmd(): res=1 status=256 failed /system/bin/iptables -A bw_INPUT -m owner --socket-exists
I/ip6tables( 1986): ip6tables: Invalid argument. Run `dmesg' for more information.
I/ip6tables( 1986): ip6tables terminated by exit(1)
E/BandwidthController( 1986): runIptablesCmd(): res=1 status=256 failed /system/bin/ip6tables -A bw_INPUT -m owner --socket-exists
I/keystore( 1993): SELinux: Keystore SELinux is disabled.
--------- beginning of system
I/Vold    ( 1983): Vold 2.1 (the revenge) firing up
E/DirectVolume( 1983): Vold managed volumes must have auto mount point; ignoring /storage/usb0
D/Vold    ( 1983): Volume usb0 state changing -1 (Initializing) -> 0 (No-Media)
E/DirectVolume( 1983): Vold managed volumes must have auto mount point; ignoring /storage/usb1
D/Vold    ( 1983): Volume usb1 state changing -1 (Initializing) -> 0 (No-Media)
E/DirectVolume( 1983): Vold managed volumes must have auto mount point; ignoring /storage/usb2
D/Vold    ( 1983): Volume usb2 state changing -1 (Initializing) -> 0 (No-Media)
E/DirectVolume( 1983): Vold managed volumes must have auto mount point; ignoring /storage/usb3
D/Vold    ( 1983): Volume usb3 state changing -1 (Initializing) -> 0 (No-Media)
D/Vold    ( 1983): Volume usb0 state changing 0 (No-Media) -> 1 (Idle-Unmounted)
I/lowmemorykiller( 1981): Using in-kernel low memory killer interface
I/        ( 1987): debuggerd: Dec 16 2015 09:27:02
E/ProbeModule( 2226): insmod_by_dep: cannot load module: [net-pf-16-proto-5]
E/Netd    ( 1986): Unable to create netlink socket: Protocol not supported
E/Netd    ( 1986): Unable to open quota2 logging socket
D/MDnsDS  ( 1986): MDnsSdListener::Hander starting up
D/MDnsDS  ( 1986): MDnsSdListener starting to monitor
D/MDnsDS  ( 1986): Going to poll with pollCount 1
I/SurfaceFlinger( 1984): SurfaceFlinger is starting
I/SurfaceFlinger( 1984): SurfaceFlinger's main thread ready to run. Initializing graphics H/W...
D/libEGL  ( 1984): loaded /system/lib64/egl/libGLES_mesa.so
I/GRALLOC-DRM( 1984): create intel for driver i915
E/sdcard  ( 1997): missing packages.list; retrying
I/mediaserver( 1991): ServiceManager: 0xf58356a0
I/AudioFlinger( 1991): Using default 3000 mSec as standby time.
I/ServiceManager( 1991): Waiting for service batterystats...
I/EGL-DRI2( 1984): DRI2: found extension DRI_Core version 1
I/EGL-DRI2( 1984): DRI2: found extension DRI_DRI2 version 4
I/EGL-DRI2( 1984): DRI2: found extension DRI_TexBuffer version 3
I/EGL-DRI2( 1984): DRI2: found extension DRI2_Flush version 4
I/EGL-DRI2( 1984): DRI2: found extension DRI_IMAGE version 11
D/GRALLOC-KMS( 1984): supported drm planes and formats
D/GRALLOC-KMS( 1984): plane id 21
D/GRALLOC-KMS( 1984):     format XB24
D/GRALLOC-KMS( 1984):     format XR24
D/GRALLOC-KMS( 1984):     format YUYV
D/GRALLOC-KMS( 1984):     format YVYU
D/GRALLOC-KMS( 1984):     format UYVY
D/GRALLOC-KMS( 1984):     format VYUY
D/GRALLOC-KMS( 1984): plane id 25
D/GRALLOC-KMS( 1984):     format XB24
D/GRALLOC-KMS( 1984):     format XR24
D/GRALLOC-KMS( 1984):     format YUYV
D/GRALLOC-KMS( 1984):     format YVYU
D/GRALLOC-KMS( 1984):     format UYVY
D/GRALLOC-KMS( 1984):     format VYUY
D/GRALLOC-KMS( 1984): plane id 29
D/GRALLOC-KMS( 1984):     format XB24
D/GRALLOC-KMS( 1984):     format XR24
D/GRALLOC-KMS( 1984):     format YUYV
D/GRALLOC-KMS( 1984):     format YVYU
D/GRALLOC-KMS( 1984):     format UYVY
D/GRALLOC-KMS( 1984):     format VYUY
I/GRALLOC-KMS( 1984): there are 2 modes on connector 0x21, type 14
I/GRALLOC-KMS( 1984):   1920x1080
I/GRALLOC-KMS( 1984):   1920x1080
I/GRALLOC-KMS( 1984): Established mode:
I/GRALLOC-KMS( 1984): clock: 140490, hdisplay: 1920, hsync_start: 1972, hsync_end: 2007, htotal: 2094, hskew: 0
I/GRALLOC-KMS( 1984): vdisplay: 1080, vsync_start: 1083, vsync_end: 1089, vtotal: 1118, vscan: 0, vrefresh: 60
I/GRALLOC-KMS( 1984): flags: 9, type: 72, name 1920x1080
I/GRALLOC-KMS( 1984): the best mode is 1920x1080
D/GRALLOC-KMS( 1984): will use flip for fb posting
I/GRALLOC-MOD( 1984): mode.hdisplay 1920
I/GRALLOC-MOD( 1984): mode.vdisplay 1080
I/GRALLOC-MOD( 1984): mode.vrefresh 60.000000
I/GRALLOC-MOD( 1984): format 0x5
I/GRALLOC-MOD( 1984): xdpi 128.000000
I/GRALLOC-MOD( 1984): ydpi 130.000000
I/GRALLOC-MOD( 1984): mode.hdisplay 1920
I/GRALLOC-MOD( 1984): mode.vdisplay 1080
I/GRALLOC-MOD( 1984): mode.vrefresh 60.000000
I/GRALLOC-MOD( 1984): format 0x5
I/GRALLOC-MOD( 1984): xdpi 128.000000
I/GRALLOC-MOD( 1984): ydpi 130.000000
W/hwcomposer( 1984): getting VSYNC period from fb HAL: 16666667
D/hwcomposer( 1984): Intel hwcomposer module
I/SurfaceFlinger( 1984): Using composer version 1.0
W/SurfaceFlinger( 1984): no suitable EGLConfig found, trying a simpler query
I/SurfaceFlinger( 1984): EGL information:
I/SurfaceFlinger( 1984): vendor    : Android
I/SurfaceFlinger( 1984): version   : 1.4 Android META-EGL
I/SurfaceFlinger( 1984): extensions: EGL_KHR_get_all_proc_addresses EGL_ANDROID_presentation_time EGL_KHR_image_base EGL_KHR_gl_texture_2D_image EGL_KHR_gl_texture_cubemap_image EGL_KHR_gl_renderbuffer_image EGL_KHR_fence_sync EGL_KHR_create_context EGL_EXT_create_context_robustness EGL_ANDROID_image_native_buffer EGL_KHR_wait_sync 
I/SurfaceFlinger( 1984): Client API: OpenGL_ES
I/SurfaceFlinger( 1984): EGLSurface: 8-8-8-8, config=0x7f8d46d7a040
I/SurfaceFlinger( 1984): OpenGL ES informations:
I/SurfaceFlinger( 1984): vendor    : Intel Open Source Technology Center
I/SurfaceFlinger( 1984): renderer  : Mesa DRI Intel(R) Haswell Mobile 
I/SurfaceFlinger( 1984): version   : OpenGL ES 3.0 Mesa 11.0.2 (git-68868dc)
I/SurfaceFlinger( 1984): extensions: GL_EXT_blend_minmax GL_EXT_multi_draw_arrays GL_EXT_texture_filter_anisotropic GL_EXT_texture_compression_dxt1 GL_EXT_texture_format_BGRA8888 GL_OES_compressed_ETC1_RGB8_texture GL_OES_depth24 GL_OES_element_index_uint GL_OES_fbo_render_mipmap GL_OES_mapbuffer GL_OES_rgb8_rgba8 GL_OES_standard_derivatives GL_OES_stencil8 GL_OES_texture_3D GL_OES_texture_float GL_OES_texture_float_linear GL_OES_texture_half_float GL_OES_texture_half_float_linear GL_OES_texture_npot GL_OES_EGL_image GL_OES_depth_texture GL_OES_packed_depth_stencil GL_EXT_texture_type_2_10_10_10_REV GL_OES_get_program_binary GL_APPLE_texture_max_level GL_EXT_discard_framebuffer GL_EXT_read_format_bgra GL_NV_fbo_color_attachments GL_OES_EGL_image_external GL_OES_EGL_sync GL_OES_vertex_array_object GL_ANGLE_texture_compression_dxt3 GL_ANGLE_texture_compression_dxt5 GL_EXT_texture_rg GL_EXT_unpack_subimage GL_NV_draw_buffers GL_NV_read_buffer GL_NV_read_depth GL_NV_read_depth_stencil GL_NV_read_stencil GL_EXT_draw_buffers GL_EXT_map_bu
I/SurfaceFlinger( 1984): GL_MAX_TEXTURE_SIZE = 8192
I/SurfaceFlinger( 1984): GL_MAX_VIEWPORT_DIMS = 16384
D/SurfaceFlinger( 1984): Open /dev/tty0 OK
D/SurfaceFlinger( 1984): Set power mode=2, type=0 flinger=0x7f8d46c62000
D/SurfaceFlinger( 1984): shader cache generated - 24 shaders in 32.086693 ms
I/SurfaceFlinger( 1984): auto set density to 240
D/libEGL  ( 2247): loaded /system/lib64/egl/libGLES_mesa.so
I/GRALLOC-DRM( 2247): create intel for driver i915
I/EGL-DRI2( 2247): DRI2: found extension DRI_Core version 1
I/EGL-DRI2( 2247): DRI2: found extension DRI_DRI2 version 4
I/EGL-DRI2( 2247): DRI2: found extension DRI_TexBuffer version 3
I/EGL-DRI2( 2247): DRI2: found extension DRI2_Flush version 4
I/EGL-DRI2( 2247): DRI2: found extension DRI_IMAGE version 11
D/AndroidRuntime( 1995): >>>>>> START com.android.internal.os.ZygoteInit uid 0 <<<<<<
I/ServiceManager( 1991): Waiting for service batterystats...
D/AndroidRuntime( 1995): CheckJNI is ON
D/AndroidRuntime( 1994): >>>>>> START com.android.internal.os.ZygoteInit uid 0 <<<<<<
I/art     ( 1995): option[0]=-Xzygote
I/art     ( 1995): option[1]=-Xcheck:jni
I/art     ( 1995): option[2]=-Xjnigreflimit:2000
I/art     ( 1995): option[3]=-Xstacktracefile:/data/anr/traces.txt
I/art     ( 1995): option[4]=exit
I/art     ( 1995): option[5]=vfprintf
I/art     ( 1995): option[6]=sensitiveThread
I/art     ( 1995): option[7]=-verbose:gc
I/art     ( 1995): option[8]=-Xms16m
I/art     ( 1995): option[9]=-Xmx512m
I/art     ( 1995): option[10]=-XX:mainThreadStackSize=24K
I/art     ( 1995): option[11]=-XX:HeapGrowthLimit=192m
I/art     ( 1995): option[12]=-XX:HeapMinFree=512k
I/art     ( 1995): option[13]=-XX:HeapMaxFree=8m
I/art     ( 1995): option[14]=-XX:HeapTargetUtilization=0.75
I/art     ( 1995): option[15]=-Xgenregmap
I/art     ( 1995): option[16]=-Xgc:precise
I/art     ( 1995): option[17]=-agentlib:jdwp=transport=dt_android_adb,suspend=n,server=y
I/art     ( 1995): option[18]=-Ximage-compiler-option
I/art     ( 1995): option[19]=--runtime-arg
I/art     ( 1995): option[20]=-Ximage-compiler-option
I/art     ( 1995): option[21]=-Xms64m
I/art     ( 1995): option[22]=-Ximage-compiler-option
I/art     ( 1995): option[23]=--runtime-arg
I/art     ( 1995): option[24]=-Ximage-compiler-option
I/art     ( 1995): option[25]=-Xmx64m
I/art     ( 1995): option[26]=-Ximage-compiler-option
I/art     ( 1995): option[27]=--compiler-filter=verify-none
I/art     ( 1995): option[28]=-Ximage-compiler-option
I/art     ( 1995): option[29]=--image-classes=/system/etc/preloaded-classes
I/art     ( 1995): option[30]=-Xcompiler-option
I/art     ( 1995): option[31]=--runtime-arg
I/art     ( 1995): option[32]=-Xcompiler-option
I/art     ( 1995): option[33]=-Xms64m
I/art     ( 1995): option[34]=-Xcompiler-option
I/art     ( 1995): option[35]=--runtime-arg
I/art     ( 1995): option[36]=-Xcompiler-option
I/art     ( 1995): option[37]=-Xmx512m
I/art     ( 1995): option[38]=-Xcompiler-option
I/art     ( 1995): option[39]=--compiler-filter=interpret-only
I/art     ( 1995): option[40]=-Duser.language=en
I/art     ( 1995): option[41]=-Duser.region=US
I/art     ( 1995): option[42]=-XX:NativeBridge=libnb.so
I/art     ( 1995): Pruning dalvik-cache since we are relocating an image and will need to recompile
I/art     ( 1995): RelocateImage: /system/bin/patchoat --input-image-location=/system/framework/boot.art --output-image-file=/data/dalvik-cache/x86/system@framework@boot.art --input-oat-location=/system/framework/boot.oat --output-oat-file=/data/dalvik-cache/x86/system@framework@boot.oat --instruction-set=x86 --base-offset-delta=-6463488
D/AndroidRuntime( 1994): CheckJNI is ON
I/art     ( 1994): option[0]=-Xzygote
I/art     ( 1994): option[1]=-Xcheck:jni
I/art     ( 1994): option[2]=-Xjnigreflimit:2000
I/art     ( 1994): option[3]=-Xstacktracefile:/data/anr/traces.txt
I/art     ( 1994): option[4]=exit
I/art     ( 1994): option[5]=vfprintf
I/art     ( 1994): option[6]=sensitiveThread
I/art     ( 1994): option[7]=-verbose:gc
I/art     ( 1994): option[8]=-Xms16m
I/art     ( 1994): option[9]=-Xmx512m
I/art     ( 1994): option[10]=-XX:mainThreadStackSize=24K
I/art     ( 1994): option[11]=-XX:HeapGrowthLimit=192m
I/art     ( 1994): option[12]=-XX:HeapMinFree=512k
I/art     ( 1994): option[13]=-XX:HeapMaxFree=8m
I/art     ( 1994): option[14]=-XX:HeapTargetUtilization=0.75
I/art     ( 1994): option[15]=-Xgenregmap
I/art     ( 1994): option[16]=-Xgc:precise
I/art     ( 1994): option[17]=-agentlib:jdwp=transport=dt_android_adb,suspend=n,server=y
I/art     ( 1994): option[18]=-Ximage-compiler-option
I/art     ( 1994): option[19]=--runtime-arg
I/art     ( 1994): option[20]=-Ximage-compiler-option
I/art     ( 1994): option[21]=-Xms64m
I/art     ( 1994): option[22]=-Ximage-compiler-option
I/art     ( 1994): option[23]=--runtime-arg
I/art     ( 1994): option[24]=-Ximage-compiler-option
I/art     ( 1994): option[25]=-Xmx64m
I/art     ( 1994): option[26]=-Ximage-compiler-option
I/art     ( 1994): option[27]=--compiler-filter=verify-none
I/art     ( 1994): option[28]=-Ximage-compiler-option
I/art     ( 1994): option[29]=--image-classes=/system/etc/preloaded-classes
I/art     ( 1994): option[30]=-Xcompiler-option
I/art     ( 1994): option[31]=--runtime-arg
I/art     ( 1994): option[32]=-Xcompiler-option
I/art     ( 1994): option[33]=-Xms64m
I/art     ( 1994): option[34]=-Xcompiler-option
I/art     ( 1994): option[35]=--runtime-arg
I/art     ( 1994): option[36]=-Xcompiler-option
I/art     ( 1994): option[37]=-Xmx512m
I/art     ( 1994): option[38]=-Xcompiler-option
I/art     ( 1994): option[39]=--compiler-filter=interpret-only
I/art     ( 1994): option[40]=-Duser.language=en
I/art     ( 1994): option[41]=-Duser.region=US
I/art     ( 1994): option[42]=-XX:NativeBridge=libnb.so
I/art     ( 1994): Pruning dalvik-cache since we are relocating an image and will need to recompile
I/art     ( 1994): RelocateImage: /system/bin/patchoat --input-image-location=/system/framework/boot.art --output-image-file=/data/dalvik-cache/x86_64/system@framework@boot.art --input-oat-location=/system/framework/boot.oat --output-oat-file=/data/dalvik-cache/x86_64/system@framework@boot.oat --instruction-set=x86_64 --base-offset-delta=-11153408
I/ServiceManager( 1991): Waiting for service batterystats...
E/sdcard  ( 1997): missing packages.list; retrying
I/ServiceManager( 1991): Waiting for service batterystats...
E/memtrack( 1995): Couldn't load memtrack module (No such file or directory)
E/android.os.Debug( 1995): failed to load memtrack module: -2
I/SamplingProfilerIntegration( 1995): Profiling disabled.
D/Zygote  ( 1995): begin preload
I/Zygote  ( 1995): Preloading classes...
I/art     ( 1995): Explicit concurrent mark sweep GC freed 797(36KB) AllocSpace objects, 0(0B) LOS objects, 95% free, 44KB/1068KB, paused 48us total 1.798ms
I/art     ( 1995): Counter: 1
I/art     ( 1995): Explicit concurrent mark sweep GC freed 559(34KB) AllocSpace objects, 0(0B) LOS objects, 94% free, 64KB/1088KB, paused 26us total 1.200ms
I/art     ( 1995): Explicit concurrent mark sweep GC freed 650(41KB) AllocSpace objects, 0(0B) LOS objects, 93% free, 72KB/1096KB, paused 25us total 1.313ms
I/art     ( 1995): Explicit concurrent mark sweep GC freed 381(22KB) AllocSpace objects, 0(0B) LOS objects, 90% free, 102KB/1126KB, paused 26us total 1.249ms
E/memtrack( 1994): Couldn't load memtrack module (No such file or directory)
E/android.os.Debug( 1994): failed to load memtrack module: -2
I/SamplingProfilerIntegration( 1994): Profiling disabled.
D/Zygote  ( 1994): begin preload
I/Zygote  ( 1994): Preloading classes...
I/art     ( 1994): Explicit concurrent mark sweep GC freed 797(36KB) AllocSpace objects, 0(0B) LOS objects, 95% free, 47KB/1071KB, paused 33us total 1.058ms
I/art     ( 1994): Counter: 1
I/art     ( 1994): Explicit concurrent mark sweep GC freed 553(33KB) AllocSpace objects, 0(0B) LOS objects, 93% free, 67KB/1091KB, paused 13us total 864us
I/art     ( 1994): Explicit concurrent mark sweep GC freed 645(41KB) AllocSpace objects, 0(0B) LOS objects, 93% free, 75KB/1099KB, paused 14us total 998us
I/art     ( 1994): Explicit concurrent mark sweep GC freed 392(23KB) AllocSpace objects, 0(0B) LOS objects, 90% free, 106KB/1130KB, paused 14us total 838us
E/Minikin ( 1994): addFont failed to create font /system/fonts/NotoSansGujarati-Regular.ttf
E/Minikin ( 1995): addFont failed to create font /system/fonts/NotoSansGujarati-Regular.ttf
E/Minikin ( 1994): addFont failed to create font /system/fonts/NotoSansGujarati-Bold.ttf
E/Minikin ( 1994): addFont failed to create font /system/fonts/NotoSansGujaratiUI-Regular.ttf
E/Minikin ( 1995): addFont failed to create font /system/fonts/NotoSansGujarati-Bold.ttf
E/Minikin ( 1994): addFont failed to create font /system/fonts/NotoSansGujaratiUI-Bold.ttf
E/Minikin ( 1995): addFont failed to create font /system/fonts/NotoSansGujaratiUI-Regular.ttf
E/Minikin ( 1994): addFont failed to create font /system/fonts/NotoSansGurmukhi-Regular.ttf
E/Minikin ( 1995): addFont failed to create font /system/fonts/NotoSansGujaratiUI-Bold.ttf
E/Minikin ( 1994): addFont failed to create font /system/fonts/NotoSansGurmukhi-Bold.ttf
E/Minikin ( 1995): addFont failed to create font /system/fonts/NotoSansGurmukhi-Regular.ttf
E/Minikin ( 1994): addFont failed to create font /system/fonts/NotoSansGurmukhiUI-Regular.ttf
E/Minikin ( 1995): addFont failed to create font /system/fonts/NotoSansGurmukhi-Bold.ttf
E/Minikin ( 1994): addFont failed to create font /system/fonts/NotoSansGurmukhiUI-Bold.ttf
E/Minikin ( 1995): addFont failed to create font /system/fonts/NotoSansGurmukhiUI-Regular.ttf
E/Minikin ( 1995): addFont failed to create font /system/fonts/NotoSansGurmukhiUI-Bold.ttf
E/Minikin ( 1994): addFont failed to create font /system/fonts/NotoSansSinhala-Regular.ttf
E/Minikin ( 1995): addFont failed to create font /system/fonts/NotoSansSinhala-Regular.ttf
E/Minikin ( 1994): addFont failed to create font /system/fonts/NotoSansSinhala-Bold.ttf
E/Minikin ( 1995): addFont failed to create font /system/fonts/NotoSansSinhala-Bold.ttf
E/Minikin ( 1994): addFont failed to create font /system/fonts/NotoSansThaana-Regular.ttf
E/Minikin ( 1995): addFont failed to create font /system/fonts/NotoSansThaana-Regular.ttf
E/Minikin ( 1994): addFont failed to create font /system/fonts/NotoSansThaana-Bold.ttf
E/Minikin ( 1995): addFont failed to create font /system/fonts/NotoSansThaana-Bold.ttf
E/Minikin ( 1994): addFont failed to create font /system/fonts/NotoSansCham-Regular.ttf
E/Minikin ( 1995): addFont failed to create font /system/fonts/NotoSansCham-Regular.ttf
E/Minikin ( 1994): addFont failed to create font /system/fonts/NotoSansCham-Bold.ttf
E/Minikin ( 1995): addFont failed to create font /system/fonts/NotoSansCham-Bold.ttf
E/Minikin ( 1994): addFont failed to create font /system/fonts/NotoSansBalinese-Regular.ttf
E/Minikin ( 1995): addFont failed to create font /system/fonts/NotoSansBalinese-Regular.ttf
E/Minikin ( 1994): addFont failed to create font /system/fonts/NotoSansBatak-Regular.ttf
E/Minikin ( 1995): addFont failed to create font /system/fonts/NotoSansBatak-Regular.ttf
E/Minikin ( 1994): addFont failed to create font /system/fonts/NotoSansBuginese-Regular.ttf
E/Minikin ( 1994): addFont failed to create font /system/fonts/NotoSansBuhid-Regular.ttf
E/Minikin ( 1995): addFont failed to create font /system/fonts/NotoSansBuginese-Regular.ttf
E/Minikin ( 1995): addFont failed to create font /system/fonts/NotoSansBuhid-Regular.ttf
E/Minikin ( 1994): addFont failed to create font /system/fonts/NotoSansCanadianAboriginal-Regular.ttf
E/Minikin ( 1994): addFont failed to create font /system/fonts/NotoSansCherokee-Regular.ttf
E/Minikin ( 1995): addFont failed to create font /system/fonts/NotoSansCanadianAboriginal-Regular.ttf
E/Minikin ( 1995): addFont failed to create font /system/fonts/NotoSansCherokee-Regular.ttf
E/Minikin ( 1994): addFont failed to create font /system/fonts/NotoSansCoptic-Regular.ttf
E/Minikin ( 1995): addFont failed to create font /system/fonts/NotoSansCoptic-Regular.ttf
E/Minikin ( 1994): addFont failed to create font /system/fonts/NotoSansGlagolitic-Regular.ttf
E/Minikin ( 1994): addFont failed to create font /system/fonts/NotoSansHanunoo-Regular.ttf
E/Minikin ( 1995): addFont failed to create font /system/fonts/NotoSansGlagolitic-Regular.ttf
E/Minikin ( 1994): addFont failed to create font /system/fonts/NotoSansJavanese-Regular.ttf
E/Minikin ( 1995): addFont failed to create font /system/fonts/NotoSansHanunoo-Regular.ttf
E/Minikin ( 1994): addFont failed to create font /system/fonts/NotoSansKayahLi-Regular.ttf
E/Minikin ( 1995): addFont failed to create font /system/fonts/NotoSansJavanese-Regular.ttf
E/Minikin ( 1994): addFont failed to create font /system/fonts/NotoSansLepcha-Regular.ttf
E/Minikin ( 1995): addFont failed to create font /system/fonts/NotoSansKayahLi-Regular.ttf
E/Minikin ( 1994): addFont failed to create font /system/fonts/NotoSansLimbu-Regular.ttf
E/Minikin ( 1995): addFont failed to create font /system/fonts/NotoSansLepcha-Regular.ttf
E/Minikin ( 1994): addFont failed to create font /system/fonts/NotoSansMeeteiMayek-Regular.ttf
E/Minikin ( 1995): addFont failed to create font /system/fonts/NotoSansLimbu-Regular.ttf
E/Minikin ( 1994): addFont failed to create font /system/fonts/NotoSansOlChiki-Regular.ttf
E/Minikin ( 1995): addFont failed to create font /system/fonts/NotoSansMeeteiMayek-Regular.ttf
E/Minikin ( 1994): addFont failed to create font /system/fonts/NotoSansRejang-Regular.ttf
E/Minikin ( 1995): addFont failed to create font /system/fonts/NotoSansOlChiki-Regular.ttf
E/Minikin ( 1994): addFont failed to create font /system/fonts/NotoSansSaurashtra-Regular.ttf
E/Minikin ( 1995): addFont failed to create font /system/fonts/NotoSansRejang-Regular.ttf
E/Minikin ( 1994): addFont failed to create font /system/fonts/NotoSansSundanese-Regular.ttf
E/Minikin ( 1995): addFont failed to create font /system/fonts/NotoSansSaurashtra-Regular.ttf
E/Minikin ( 1994): addFont failed to create font /system/fonts/NotoSansSylotiNagri-Regular.ttf
E/Minikin ( 1995): addFont failed to create font /system/fonts/NotoSansSundanese-Regular.ttf
E/Minikin ( 1994): addFont failed to create font /system/fonts/NotoSansTagbanwa-Regular.ttf
E/Minikin ( 1995): addFont failed to create font /system/fonts/NotoSansSylotiNagri-Regular.ttf
E/Minikin ( 1995): addFont failed to create font /system/fonts/NotoSansTagbanwa-Regular.ttf
E/Minikin ( 1994): addFont failed to create font /system/fonts/NotoSansTaiTham-Regular.ttf
E/Minikin ( 1994): addFont failed to create font /system/fonts/NotoSansTaiViet-Regular.ttf
E/Minikin ( 1995): addFont failed to create font /system/fonts/NotoSansTaiTham-Regular.ttf
E/Minikin ( 1994): addFont failed to create font /system/fonts/NotoSansTifinagh-Regular.ttf
E/Minikin ( 1995): addFont failed to create font /system/fonts/NotoSansTaiViet-Regular.ttf
E/Minikin ( 1995): addFont failed to create font /system/fonts/NotoSansTifinagh-Regular.ttf
E/Minikin ( 1994): addFont failed to create font /system/fonts/NotoSansYi-Regular.ttf
E/Minikin ( 1994): addFont failed to create font /system/fonts/Lohit-Odia.ttf
E/Minikin ( 1995): addFont failed to create font /system/fonts/NotoSansYi-Regular.ttf
E/Minikin ( 1995): addFont failed to create font /system/fonts/Lohit-Odia.ttf
E/Minikin ( 1994): addFont failed to create font /system/fonts/NotoSansHans-Regular.otf
E/Minikin ( 1995): addFont failed to create font /system/fonts/NotoSansHans-Regular.otf
E/Minikin ( 1994): addFont failed to create font /system/fonts/NotoSansHant-Regular.otf
E/Minikin ( 1995): addFont failed to create font /system/fonts/NotoSansHant-Regular.otf
E/Minikin ( 1994): addFont failed to create font /system/fonts/NotoSansJP-Regular.otf
E/Minikin ( 1994): addFont failed to create font /system/fonts/NotoSansKR-Regular.otf
E/Minikin ( 1995): addFont failed to create font /system/fonts/NotoSansJP-Regular.otf
E/Minikin ( 1995): addFont failed to create font /system/fonts/NotoSansKR-Regular.otf
E/Minikin ( 1994): addFont failed to create font /system/fonts/NotoSansTaiLe-Regular.ttf
E/Minikin ( 1995): addFont failed to create font /system/fonts/NotoSansTaiLe-Regular.ttf
I/art     ( 1994): Explicit concurrent mark sweep GC freed 1798(129KB) AllocSpace objects, 0(0B) LOS objects, 89% free, 117KB/1141KB, paused 23us total 1.186ms
I/art     ( 1995): Explicit concurrent mark sweep GC freed 1798(129KB) AllocSpace objects, 0(0B) LOS objects, 89% free, 113KB/1137KB, paused 42us total 1.617ms
I/art     ( 1994): Explicit concurrent mark sweep GC freed 1933(92KB) AllocSpace objects, 0(0B) LOS objects, 86% free, 161KB/1185KB, paused 22us total 1.567ms
I/art     ( 1995): Explicit concurrent mark sweep GC freed 1933(92KB) AllocSpace objects, 0(0B) LOS objects, 86% free, 154KB/1178KB, paused 41us total 2.062ms
I/art     ( 1994): Explicit concurrent mark sweep GC freed 1977(87KB) AllocSpace objects, 0(0B) LOS objects, 83% free, 198KB/1222KB, paused 23us total 1.538ms
I/art     ( 1995): Explicit concurrent mark sweep GC freed 1977(87KB) AllocSpace objects, 0(0B) LOS objects, 84% free, 189KB/1213KB, paused 25us total 1.674ms
I/art     ( 1994): Explicit concurrent mark sweep GC freed 371(19KB) AllocSpace objects, 0(0B) LOS objects, 81% free, 234KB/1258KB, paused 23us total 1.564ms
I/art     ( 1995): Explicit concurrent mark sweep GC freed 371(19KB) AllocSpace objects, 0(0B) LOS objects, 82% free, 222KB/1246KB, paused 42us total 1.984ms
I/art     ( 1995): Thread[1,tid=1995,WaitingForJniOnLoad,Thread*=0xf3c25800,peer=0x12c31100,"main"] recursive attempt to load library "/system/lib/libmedia_jni.so"
D/MtpDeviceJNI( 1995): register_android_mtp_MtpDevice
I/art     ( 1995): Thread[1,tid=1995,WaitingForJniOnLoad,Thread*=0xf3c25800,peer=0x12c31100,"main"] recursive attempt to load library "/system/lib/libmedia_jni.so"
I/art     ( 1995): Thread[1,tid=1995,WaitingForJniOnLoad,Thread*=0xf3c25800,peer=0x12c31100,"main"] recursive attempt to load library "/system/lib/libmedia_jni.so"
I/art     ( 1995): Explicit concurrent mark sweep GC freed 661(37KB) AllocSpace objects, 0(0B) LOS objects, 80% free, 244KB/1268KB, paused 34us total 1.678ms
I/art     ( 1995): Explicit concurrent mark sweep GC freed 573(29KB) AllocSpace objects, 0(0B) LOS objects, 79% free, 264KB/1288KB, paused 34us total 1.800ms
I/art     ( 1995): Explicit concurrent mark sweep GC freed 459(27KB) AllocSpace objects, 0(0B) LOS objects, 77% free, 303KB/1327KB, paused 25us total 1.172ms
I/art     ( 1995): Explicit concurrent mark sweep GC freed 1788(104KB) AllocSpace objects, 0(0B) LOS objects, 69% free, 453KB/1477KB, paused 27us total 1.884ms
E/EmojiFactory_jni( 1995): Failed to load libemoji.so: dlopen failed: library "libemoji.so" not found
I/art     ( 1995): Explicit concurrent mark sweep GC freed 350(45KB) AllocSpace objects, 0(0B) LOS objects, 57% free, 750KB/1774KB, paused 26us total 1.953ms
I/art     ( 1995): Explicit concurrent mark sweep GC freed 438(30KB) AllocSpace objects, 0(0B) LOS objects, 57% free, 769KB/1793KB, paused 25us total 1.721ms
I/ServiceManager( 1991): Waiting for service batterystats...
I/art     ( 1995): Explicit concurrent mark sweep GC freed 789(49KB) AllocSpace objects, 0(0B) LOS objects, 57% free, 770KB/1794KB, paused 43us total 2.174ms
I/art     ( 1994): Thread[1,tid=1994,WaitingForJniOnLoad,Thread*=0x7fa438095000,peer=0x12c310a0,"main"] recursive attempt to load library "/system/lib64/libmedia_jni.so"
D/MtpDeviceJNI( 1994): register_android_mtp_MtpDevice
I/art     ( 1994): Thread[1,tid=1994,WaitingForJniOnLoad,Thread*=0x7fa438095000,peer=0x12c310a0,"main"] recursive attempt to load library "/system/lib64/libmedia_jni.so"
I/art     ( 1994): Thread[1,tid=1994,WaitingForJniOnLoad,Thread*=0x7fa438095000,peer=0x12c310a0,"main"] recursive attempt to load library "/system/lib64/libmedia_jni.so"
I/art     ( 1994): Explicit concurrent mark sweep GC freed 641(36KB) AllocSpace objects, 0(0B) LOS objects, 80% free, 246KB/1270KB, paused 14us total 1.377ms
I/art     ( 1995): Explicit concurrent mark sweep GC freed 956(105KB) AllocSpace objects, 0(0B) LOS objects, 55% free, 813KB/1837KB, paused 32us total 2.391ms
I/art     ( 1995): Explicit concurrent mark sweep GC freed 597(42KB) AllocSpace objects, 0(0B) LOS objects, 55% free, 820KB/1844KB, paused 29us total 1.705ms
I/art     ( 1994): Explicit concurrent mark sweep GC freed 429(20KB) AllocSpace objects, 0(0B) LOS objects, 78% free, 275KB/1299KB, paused 14us total 1.187ms
I/art     ( 1994): Explicit concurrent mark sweep GC freed 543(30KB) AllocSpace objects, 0(0B) LOS objects, 77% free, 302KB/1326KB, paused 14us total 1.107ms
I/art     ( 1995): Explicit concurrent mark sweep GC freed 265(20KB) AllocSpace objects, 0(0B) LOS objects, 54% free, 848KB/1872KB, paused 27us total 1.491ms
I/art     ( 1994): Explicit concurrent mark sweep GC freed 1868(110KB) AllocSpace objects, 0(0B) LOS objects, 68% free, 467KB/1491KB, paused 16us total 1.274ms
E/EmojiFactory_jni( 1994): Failed to load libemoji.so: dlopen failed: library "libemoji.so" not found
I/art     ( 1994): Explicit concurrent mark sweep GC freed 350(45KB) AllocSpace objects, 0(0B) LOS objects, 57% free, 766KB/1790KB, paused 15us total 1.631ms
I/art     ( 1995): Explicit concurrent mark sweep GC freed 14(640B) AllocSpace objects, 0(0B) LOS objects, 45% free, 1227KB/2MB, paused 28us total 1.802ms
I/art     ( 1994): Explicit concurrent mark sweep GC freed 438(30KB) AllocSpace objects, 0(0B) LOS objects, 56% free, 785KB/1809KB, paused 14us total 1.349ms
I/art     ( 1995): Explicit concurrent mark sweep GC freed 572(33KB) AllocSpace objects, 0(0B) LOS objects, 45% free, 1243KB/2MB, paused 28us total 1.903ms
I/art     ( 1994): Explicit concurrent mark sweep GC freed 789(49KB) AllocSpace objects, 0(0B) LOS objects, 56% free, 786KB/1810KB, paused 14us total 1.291ms
I/art     ( 1995): Explicit concurrent mark sweep GC freed 741(45KB) AllocSpace objects, 0(0B) LOS objects, 45% free, 1246KB/2MB, paused 28us total 1.818ms
I/art     ( 1994): Explicit concurrent mark sweep GC freed 956(105KB) AllocSpace objects, 0(0B) LOS objects, 55% free, 830KB/1854KB, paused 15us total 1.610ms
I/art     ( 1994): Explicit concurrent mark sweep GC freed 597(42KB) AllocSpace objects, 0(0B) LOS objects, 55% free, 837KB/1861KB, paused 14us total 1.243ms
I/art     ( 1994): Explicit concurrent mark sweep GC freed 265(20KB) AllocSpace objects, 0(0B) LOS objects, 54% free, 866KB/1890KB, paused 14us total 1.221ms
I/System  ( 1995): Loaded time zone names for "" in 17ms (16ms in ICU)
I/art     ( 1994): Explicit concurrent mark sweep GC freed 12(576B) AllocSpace objects, 0(0B) LOS objects, 45% free, 1245KB/2MB, paused 17us total 1.528ms
I/art     ( 1994): Explicit concurrent mark sweep GC freed 564(32KB) AllocSpace objects, 0(0B) LOS objects, 44% free, 1261KB/2MB, paused 14us total 1.525ms
I/art     ( 1994): Explicit concurrent mark sweep GC freed 734(45KB) AllocSpace objects, 0(0B) LOS objects, 44% free, 1265KB/2MB, paused 16us total 1.518ms
I/System  ( 1995): Loaded time zone names for "en_US" in 10ms (10ms in ICU)
I/art     ( 1995): Explicit concurrent mark sweep GC freed 2345(178KB) AllocSpace objects, 0(0B) LOS objects, 42% free, 1405KB/2MB, paused 33us total 2.082ms
I/System  ( 1994): Loaded time zone names for "" in 7ms (7ms in ICU)
I/art     ( 1995): Explicit concurrent mark sweep GC freed 136(12KB) AllocSpace objects, 0(0B) LOS objects, 41% free, 1470KB/2MB, paused 28us total 1.796ms
I/art     ( 1995): Explicit concurrent mark sweep GC freed 288(24KB) AllocSpace objects, 0(0B) LOS objects, 40% free, 1516KB/2MB, paused 28us total 1.974ms
I/System  ( 1994): Loaded time zone names for "en_US" in 5ms (5ms in ICU)
I/art     ( 1994): Explicit concurrent mark sweep GC freed 2359(179KB) AllocSpace objects, 0(0B) LOS objects, 41% free, 1423KB/2MB, paused 16us total 1.812ms
I/art     ( 1995): Explicit concurrent mark sweep GC freed 679(47KB) AllocSpace objects, 0(0B) LOS objects, 40% free, 1517KB/2MB, paused 30us total 1.983ms
I/Zygote  ( 1995): ...preloaded 3005 classes in 687ms.
I/art     ( 1995): VMRuntime.preloadDexCaches starting
I/art     ( 1994): Explicit concurrent mark sweep GC freed 136(12KB) AllocSpace objects, 0(0B) LOS objects, 40% free, 1488KB/2MB, paused 16us total 1.761ms
I/art     ( 1994): Explicit concurrent mark sweep GC freed 288(24KB) AllocSpace objects, 0(0B) LOS objects, 39% free, 1541KB/2MB, paused 16us total 1.805ms
I/art     ( 1994): Explicit concurrent mark sweep GC freed 679(47KB) AllocSpace objects, 0(0B) LOS objects, 39% free, 1542KB/2MB, paused 16us total 1.739ms
I/Zygote  ( 1994): ...preloaded 3005 classes in 497ms.
I/art     ( 1994): VMRuntime.preloadDexCaches starting
I/art     ( 1995): VMRuntime.preloadDexCaches strings total=214670 before=39013 after=39013
I/art     ( 1995): VMRuntime.preloadDexCaches types total=18345 before=6389 after=6425
I/art     ( 1995): VMRuntime.preloadDexCaches fields total=85577 before=32264 after=32598
I/art     ( 1995): VMRuntime.preloadDexCaches methods total=151791 before=66839 after=67740
I/art     ( 1995): VMRuntime.preloadDexCaches finished
I/art     ( 1995): Counter: 0
I/art     ( 1995): Counter: 1
I/art     ( 1995): Explicit concurrent mark sweep GC freed 61(15KB) AllocSpace objects, 0(0B) LOS objects, 40% free, 1503KB/2MB, paused 29us total 2.794ms
D/idmap   ( 2275): error: no read access to /vendor/overlay: No such file or directory
I/art     ( 1994): VMRuntime.preloadDexCaches strings total=214670 before=39013 after=39013
I/art     ( 1994): VMRuntime.preloadDexCaches types total=18345 before=6389 after=6425
I/art     ( 1994): VMRuntime.preloadDexCaches fields total=85577 before=32264 after=32598
I/art     ( 1994): VMRuntime.preloadDexCaches methods total=151791 before=66839 after=67740
I/art     ( 1994): VMRuntime.preloadDexCaches finished
I/art     ( 1994): Counter: 0
I/art     ( 1994): Counter: 1
I/art     ( 1994): Explicit concurrent mark sweep GC freed 61(15KB) AllocSpace objects, 0(0B) LOS objects, 40% free, 1528KB/2MB, paused 14us total 2.188ms
D/idmap   ( 2276): error: no read access to /vendor/overlay: No such file or directory
I/Zygote  ( 1995): Preloading resources...
I/Zygote  ( 1994): Preloading resources...
I/art     ( 1994): Explicit concurrent mark sweep GC freed 86(3KB) AllocSpace objects, 0(0B) LOS objects, 39% free, 1577KB/2MB, paused 19us total 1.951ms
I/art     ( 1995): Explicit concurrent mark sweep GC freed 86(3KB) AllocSpace objects, 0(0B) LOS objects, 40% free, 1552KB/2MB, paused 33us total 2.254ms
I/art     ( 1994): Explicit concurrent mark sweep GC freed 89(4KB) AllocSpace objects, 0(0B) LOS objects, 40% free, 1623KB/2MB, paused 17us total 1.652ms
I/art     ( 1995): Explicit concurrent mark sweep GC freed 89(4KB) AllocSpace objects, 0(0B) LOS objects, 39% free, 1598KB/2MB, paused 30us total 1.968ms
I/art     ( 1994): Explicit concurrent mark sweep GC freed 115(5KB) AllocSpace objects, 0(0B) LOS objects, 39% free, 1667KB/2MB, paused 17us total 1.892ms
I/art     ( 1995): Explicit concurrent mark sweep GC freed 122(5KB) AllocSpace objects, 0(0B) LOS objects, 40% free, 1646KB/2MB, paused 31us total 2.135ms
I/art     ( 1994): Explicit concurrent mark sweep GC freed 99(4KB) AllocSpace objects, 0(0B) LOS objects, 39% free, 1713KB/2MB, paused 16us total 1.652ms
I/art     ( 1995): Explicit concurrent mark sweep GC freed 101(4KB) AllocSpace objects, 0(0B) LOS objects, 39% free, 1691KB/2MB, paused 30us total 2.043ms
I/art     ( 1994): Explicit concurrent mark sweep GC freed 94(4KB) AllocSpace objects, 0(0B) LOS objects, 40% free, 1758KB/2MB, paused 15us total 1.654ms
I/art     ( 1995): Explicit concurrent mark sweep GC freed 93(4KB) AllocSpace objects, 0(0B) LOS objects, 39% free, 1736KB/2MB, paused 30us total 1.994ms
I/art     ( 1994): Explicit concurrent mark sweep GC freed 102(4KB) AllocSpace objects, 0(0B) LOS objects, 40% free, 1804KB/2MB, paused 18us total 1.724ms
I/art     ( 1995): Explicit concurrent mark sweep GC freed 103(4KB) AllocSpace objects, 0(0B) LOS objects, 39% free, 1782KB/2MB, paused 30us total 1.974ms
I/art     ( 1994): Explicit concurrent mark sweep GC freed 112(5KB) AllocSpace objects, 0(0B) LOS objects, 40% free, 1849KB/3MB, paused 17us total 1.698ms
I/art     ( 1995): Explicit concurrent mark sweep GC freed 112(5KB) AllocSpace objects, 0(0B) LOS objects, 39% free, 1827KB/2MB, paused 31us total 1.988ms
I/art     ( 1994): Explicit concurrent mark sweep GC freed 118(5KB) AllocSpace objects, 0(0B) LOS objects, 40% free, 1896KB/3MB, paused 16us total 1.701ms
I/art     ( 1995): Explicit concurrent mark sweep GC freed 117(5KB) AllocSpace objects, 0(0B) LOS objects, 40% free, 1874KB/3MB, paused 30us total 1.997ms
I/art     ( 1994): Explicit concurrent mark sweep GC freed 108(5KB) AllocSpace objects, 0(0B) LOS objects, 39% free, 1944KB/3MB, paused 16us total 1.698ms
I/art     ( 1995): Explicit concurrent mark sweep GC freed 108(5KB) AllocSpace objects, 0(0B) LOS objects, 40% free, 1922KB/3MB, paused 31us total 2.033ms
I/art     ( 1994): Explicit concurrent mark sweep GC freed 153(6KB) AllocSpace objects, 0(0B) LOS objects, 39% free, 2020KB/3MB, paused 18us total 1.811ms
I/art     ( 1995): Explicit concurrent mark sweep GC freed 147(6KB) AllocSpace objects, 0(0B) LOS objects, 39% free, 1993KB/3MB, paused 33us total 2.111ms
I/art     ( 1994): Explicit concurrent mark sweep GC freed 138(6KB) AllocSpace objects, 0(0B) LOS objects, 40% free, 2MB/3MB, paused 17us total 1.791ms
I/art     ( 1995): Explicit concurrent mark sweep GC freed 136(5KB) AllocSpace objects, 0(0B) LOS objects, 40% free, 2036KB/3MB, paused 33us total 2.060ms
I/art     ( 1994): Explicit concurrent mark sweep GC freed 84(7KB) AllocSpace objects, 0(0B) LOS objects, 40% free, 2MB/3MB, paused 17us total 1.793ms
I/art     ( 1995): Explicit concurrent mark sweep GC freed 84(7KB) AllocSpace objects, 0(0B) LOS objects, 39% free, 2MB/3MB, paused 31us total 2.059ms
I/art     ( 1994): Explicit concurrent mark sweep GC freed 112(4KB) AllocSpace objects, 0(0B) LOS objects, 39% free, 2MB/3MB, paused 23us total 2.192ms
I/art     ( 1995): Explicit concurrent mark sweep GC freed 112(4KB) AllocSpace objects, 0(0B) LOS objects, 40% free, 2MB/3MB, paused 34us total 2.584ms
I/art     ( 1994): Explicit concurrent mark sweep GC freed 135(5KB) AllocSpace objects, 0(0B) LOS objects, 40% free, 2MB/3MB, paused 24us total 1.991ms
I/art     ( 1995): Explicit concurrent mark sweep GC freed 135(5KB) AllocSpace objects, 0(0B) LOS objects, 39% free, 2MB/3MB, paused 34us total 2.334ms
I/art     ( 1994): Explicit concurrent mark sweep GC freed 62(2752B) AllocSpace objects, 0(0B) LOS objects, 39% free, 2MB/3MB, paused 23us total 1.860ms
I/art     ( 1995): Explicit concurrent mark sweep GC freed 62(2752B) AllocSpace objects, 0(0B) LOS objects, 40% free, 2MB/3MB, paused 52us total 2.712ms
I/art     ( 1994): Explicit concurrent mark sweep GC freed 111(4KB) AllocSpace objects, 0(0B) LOS objects, 39% free, 2MB/4MB, paused 19us total 1.838ms
I/art     ( 1995): Explicit concurrent mark sweep GC freed 111(4KB) AllocSpace objects, 0(0B) LOS objects, 40% free, 2MB/4MB, paused 33us total 2.101ms
I/art     ( 1994): Explicit concurrent mark sweep GC freed 206(9KB) AllocSpace objects, 0(0B) LOS objects, 39% free, 2MB/4MB, paused 24us total 2.063ms
I/art     ( 1995): Explicit concurrent mark sweep GC freed 206(9KB) AllocSpace objects, 0(0B) LOS objects, 39% free, 2MB/4MB, paused 49us total 2.353ms
I/art     ( 1994): Explicit concurrent mark sweep GC freed 370(16KB) AllocSpace objects, 0(0B) LOS objects, 39% free, 2MB/4MB, paused 19us total 2.114ms
I/art     ( 1995): Explicit concurrent mark sweep GC freed 370(16KB) AllocSpace objects, 0(0B) LOS objects, 39% free, 2MB/4MB, paused 33us total 2.212ms
I/art     ( 1994): Explicit concurrent mark sweep GC freed 214(9KB) AllocSpace objects, 0(0B) LOS objects, 39% free, 2MB/4MB, paused 26us total 2.016ms
I/art     ( 1995): Explicit concurrent mark sweep GC freed 214(9KB) AllocSpace objects, 0(0B) LOS objects, 39% free, 2MB/4MB, paused 49us total 2.324ms
I/art     ( 1994): Explicit concurrent mark sweep GC freed 112(6KB) AllocSpace objects, 0(0B) LOS objects, 39% free, 2MB/4MB, paused 25us total 1.967ms
I/art     ( 1995): Explicit concurrent mark sweep GC freed 112(6KB) AllocSpace objects, 0(0B) LOS objects, 39% free, 2MB/4MB, paused 45us total 2.676ms
I/art     ( 1994): Explicit concurrent mark sweep GC freed 113(5KB) AllocSpace objects, 0(0B) LOS objects, 39% free, 2MB/4MB, paused 26us total 2.375ms
I/art     ( 1995): Explicit concurrent mark sweep GC freed 113(5KB) AllocSpace objects, 0(0B) LOS objects, 39% free, 2MB/4MB, paused 37us total 2.690ms
I/art     ( 1994): Explicit concurrent mark sweep GC freed 49(8KB) AllocSpace objects, 0(0B) LOS objects, 39% free, 2MB/4MB, paused 19us total 1.896ms
I/art     ( 1995): Explicit concurrent mark sweep GC freed 49(8KB) AllocSpace objects, 0(0B) LOS objects, 40% free, 2MB/4MB, paused 34us total 2.356ms
I/art     ( 1994): Explicit concurrent mark sweep GC freed 101(4KB) AllocSpace objects, 0(0B) LOS objects, 39% free, 2MB/4MB, paused 25us total 1.909ms
I/art     ( 1995): Explicit concurrent mark sweep GC freed 101(4KB) AllocSpace objects, 0(0B) LOS objects, 40% free, 2MB/4MB, paused 34us total 2.386ms
I/art     ( 1994): Explicit concurrent mark sweep GC freed 105(4KB) AllocSpace objects, 0(0B) LOS objects, 40% free, 2MB/4MB, paused 19us total 2.110ms
I/art     ( 1995): Explicit concurrent mark sweep GC freed 105(4KB) AllocSpace objects, 0(0B) LOS objects, 39% free, 2MB/4MB, paused 46us total 2.342ms
I/art     ( 1994): Explicit concurrent mark sweep GC freed 99(4KB) AllocSpace objects, 0(0B) LOS objects, 39% free, 2MB/4MB, paused 20us total 2.128ms
I/art     ( 1995): Explicit concurrent mark sweep GC freed 99(4KB) AllocSpace objects, 0(0B) LOS objects, 40% free, 2MB/4MB, paused 45us total 2.404ms
I/art     ( 1994): Explicit concurrent mark sweep GC freed 172(7KB) AllocSpace objects, 0(0B) LOS objects, 39% free, 2MB/4MB, paused 20us total 2.332ms
I/art     ( 1995): Explicit concurrent mark sweep GC freed 172(7KB) AllocSpace objects, 0(0B) LOS objects, 39% free, 2MB/4MB, paused 35us total 2.282ms
I/art     ( 1994): Explicit concurrent mark sweep GC freed 417(18KB) AllocSpace objects, 0(0B) LOS objects, 40% free, 3MB/5MB, paused 21us total 2.046ms
I/art     ( 1995): Explicit concurrent mark sweep GC freed 417(18KB) AllocSpace objects, 0(0B) LOS objects, 39% free, 3MB/5MB, paused 47us total 2.728ms
I/art     ( 1994): Explicit concurrent mark sweep GC freed 363(16KB) AllocSpace objects, 0(0B) LOS objects, 40% free, 3MB/5MB, paused 22us total 2.293ms
I/art     ( 1994): Explicit concurrent mark sweep GC freed 174(8KB) AllocSpace objects, 0(0B) LOS objects, 39% free, 3MB/5MB, paused 28us total 2.469ms
I/art     ( 1995): Explicit concurrent mark sweep GC freed 363(16KB) AllocSpace objects, 0(0B) LOS objects, 39% free, 3MB/5MB, paused 39us total 2.849ms
I/art     ( 1994): Explicit concurrent mark sweep GC freed 515(19KB) AllocSpace objects, 0(0B) LOS objects, 39% free, 3MB/5MB, paused 21us total 2.010ms
I/art     ( 1995): Explicit concurrent mark sweep GC freed 174(8KB) AllocSpace objects, 0(0B) LOS objects, 39% free, 3MB/5MB, paused 38us total 2.308ms
I/art     ( 1994): Explicit concurrent mark sweep GC freed 353(14KB) AllocSpace objects, 0(0B) LOS objects, 40% free, 3MB/5MB, paused 28us total 2.061ms
I/art     ( 1995): Explicit concurrent mark sweep GC freed 515(19KB) AllocSpace objects, 0(0B) LOS objects, 40% free, 3MB/5MB, paused 48us total 2.792ms
I/art     ( 1994): Explicit concurrent mark sweep GC freed 1153(40KB) AllocSpace objects, 0(0B) LOS objects, 39% free, 3MB/5MB, paused 21us total 2.338ms
I/art     ( 1994): Explicit concurrent mark sweep GC freed 1499(50KB) AllocSpace objects, 0(0B) LOS objects, 40% free, 3MB/5MB, paused 28us total 2.297ms
I/art     ( 1995): Explicit concurrent mark sweep GC freed 353(14KB) AllocSpace objects, 0(0B) LOS objects, 39% free, 3MB/5MB, paused 50us total 2.798ms
I/art     ( 1994): Explicit concurrent mark sweep GC freed 1381(49KB) AllocSpace objects, 0(0B) LOS objects, 39% free, 3MB/5MB, paused 22us total 2.142ms
I/art     ( 1995): Explicit concurrent mark sweep GC freed 1153(40KB) AllocSpace objects, 0(0B) LOS objects, 40% free, 3MB/5MB, paused 37us total 2.615ms
I/art     ( 1995): Explicit concurrent mark sweep GC freed 1499(50KB) AllocSpace objects, 0(0B) LOS objects, 40% free, 3MB/5MB, paused 50us total 2.823ms
I/art     ( 1994): Explicit concurrent mark sweep GC freed 1453(56KB) AllocSpace objects, 0(0B) LOS objects, 40% free, 3MB/5MB, paused 28us total 2.841ms
I/art     ( 1995): Explicit concurrent mark sweep GC freed 1381(49KB) AllocSpace objects, 0(0B) LOS objects, 39% free, 3MB/5MB, paused 49us total 2.502ms
I/art     ( 1994): Explicit concurrent mark sweep GC freed 603(27KB) AllocSpace objects, 0(0B) LOS objects, 39% free, 3MB/5MB, paused 29us total 2.365ms
I/art     ( 1994): Explicit concurrent mark sweep GC freed 344(20KB) AllocSpace objects, 0(0B) LOS objects, 40% free, 3MB/6MB, paused 28us total 2.444ms
I/art     ( 1995): Explicit concurrent mark sweep GC freed 1453(56KB) AllocSpace objects, 0(0B) LOS objects, 39% free, 3MB/5MB, paused 50us total 3.258ms
I/art     ( 1995): Explicit concurrent mark sweep GC freed 603(27KB) AllocSpace objects, 0(0B) LOS objects, 39% free, 3MB/5MB, paused 51us total 3.055ms
I/art     ( 1994): Explicit concurrent mark sweep GC freed 384(17KB) AllocSpace objects, 0(0B) LOS objects, 40% free, 3MB/6MB, paused 34us total 2.611ms
I/Zygote  ( 1994): ...preloaded 343 resources in 218ms.
I/art     ( 1995): Explicit concurrent mark sweep GC freed 344(20KB) AllocSpace objects, 0(0B) LOS objects, 39% free, 3MB/6MB, paused 41us total 2.811ms
I/art     ( 1994): Explicit concurrent mark sweep GC freed 639(39KB) AllocSpace objects, 0(0B) LOS objects, 40% free, 3MB/6MB, paused 27us total 2.559ms
I/Zygote  ( 1994): ...preloaded 41 resources in 4ms.
I/art     ( 1994): Counter: 0
D/libEGL  ( 1994): loaded /system/lib64/egl/libGLES_mesa.so
I/art     ( 1995): Explicit concurrent mark sweep GC freed 384(17KB) AllocSpace objects, 0(0B) LOS objects, 40% free, 3MB/6MB, paused 50us total 3.391ms
I/Zygote  ( 1995): ...preloaded 343 resources in 231ms.
I/Zygote  ( 1994): Preloading shared libraries...
I/art     ( 1995): Explicit concurrent mark sweep GC freed 639(39KB) AllocSpace objects, 0(0B) LOS objects, 40% free, 3MB/6MB, paused 61us total 2.850ms
D/Zygote  ( 1994): end preload
I/Zygote  ( 1995): ...preloaded 41 resources in 5ms.
I/art     ( 1995): Counter: 0
I/art     ( 1994): Explicit concurrent mark sweep GC freed 450(20KB) AllocSpace objects, 0(0B) LOS objects, 39% free, 3MB/6MB, paused 25us total 2.484ms
D/libEGL  ( 1995): loaded /system/lib/egl/libGLES_mesa.so
I/art     ( 1994): Explicit concurrent mark sweep GC freed 389(16KB) AllocSpace objects, 0(0B) LOS objects, 39% free, 3MB/6MB, paused 27us total 2.287ms
I/art     ( 1994): Explicit concurrent mark sweep GC freed 5(160B) AllocSpace objects, 0(0B) LOS objects, 39% free, 3MB/6MB, paused 22us total 2.253ms
I/Zygote  ( 1995): Preloading shared libraries...
D/Zygote  ( 1995): end preload
I/art     ( 1995): Explicit concurrent mark sweep GC freed 450(20KB) AllocSpace objects, 0(0B) LOS objects, 39% free, 3MB/6MB, paused 43us total 2.801ms
I/Zygote  ( 1994): System server process 2277 has been created
I/Zygote  ( 1994): Accepting command socket connections
I/art     ( 1995): Explicit concurrent mark sweep GC freed 389(16KB) AllocSpace objects, 0(0B) LOS objects, 39% free, 3MB/6MB, paused 43us total 2.748ms
I/art     ( 1995): Explicit concurrent mark sweep GC freed 5(160B) AllocSpace objects, 0(0B) LOS objects, 39% free, 3MB/6MB, paused 41us total 2.575ms
I/Zygote  ( 1995): Accepting command socket connections
I/Zygote  ( 2277): Process: zygote socket opened, supported ABIS: x86,armeabi-v7a,armeabi
I/art     ( 2277): DexFile_isDexOptNeeded file /system/framework/x86_64/services.odex needs to be relocated for /system/framework/services.jar
I/InstallerConnection( 2277): connecting...
I/installd( 1992): new connection
E/installd( 2297): Running /system/bin/patchoat isa=x86_64 in-fd=5 (/system/framework/x86_64/services.odex) out-fd=6 (/data/dalvik-cache/x86_64/system@framework@services.jar@classes.dex)
I/art     ( 2277): DexFile_isDexOptNeeded file /system/framework/x86_64/ethernet-service.odex needs to be relocated for /system/framework/ethernet-service.jar
E/installd( 2300): Running /system/bin/patchoat isa=x86_64 in-fd=5 (/system/framework/x86_64/ethernet-service.odex) out-fd=6 (/data/dalvik-cache/x86_64/system@framework@ethernet-service.jar@classes.dex)
I/art     ( 2277): DexFile_isDexOptNeeded file /system/framework/x86_64/wifi-service.odex needs to be relocated for /system/framework/wifi-service.jar
E/installd( 2301): Running /system/bin/patchoat isa=x86_64 in-fd=5 (/system/framework/x86_64/wifi-service.odex) out-fd=6 (/data/dalvik-cache/x86_64/system@framework@wifi-service.jar@classes.dex)
I/InstallerConnection( 2277): disconnecting...
E/installd( 1992): eof
E/installd( 1992): failed to read size
I/installd( 1992): closing connection
