I/ActivityManager( 2277): START u0 {act=android.intent.action.MAIN cat=[android.intent.category.HOME] flg=0x10000000 cmp=org.zeroxlab.util.tscal/.TSCalibrationStartup} from uid 0 on display 0
V/WindowManager( 2277): addAppToken: AppWindowToken{3d5652f5 token=Token{26ba482c ActivityRecord{140283df u0 org.zeroxlab.util.tscal/.TSCalibrationStartup t1}}} to stack=0 task=1 at 0
I/ActivityManager( 2277): Start proc 2870:org.zeroxlab.util.tscal/1000 for activity org.zeroxlab.util.tscal/.TSCalibrationStartup
I/ActivityManager( 2277): Start proc 2892:com.android.printspooler/u0a45 for service com.android.printspooler/.model.PrintSpoolerService
V/WiredAccessoryManager( 2277): notifyWiredAccessoryChanged: when=0 bits= mask=54
V/WiredAccessoryManager( 2277): newName=h2w newState=0 headsetState=0 prev headsetState=0
E/WiredAccessoryManager( 2277): No state change.
V/WiredAccessoryManager( 2277): init()
I/art     ( 2277): DexFile_isDexOptNeeded file /system/priv-app/TelephonyProvider/x86_64/TelephonyProvider.odex needs to be relocated for /system/priv-app/TelephonyProvider/TelephonyProvider.apk
I/PackageManager( 2277): Running patchoat on: com.android.providers.telephony
E/installd( 2905): Running /system/bin/patchoat isa=x86_64 in-fd=5 (/system/priv-app/TelephonyProvider/x86_64/TelephonyProvider.odex) out-fd=6 (/data/dalvik-cache/x86_64/system@priv-app@TelephonyProvider@TelephonyProvider.apk@classes.dex)
W/InputAttributes( 2798): No editor info for this field. Bug?
I/LatinIME:LogUtils( 2798): Dictionary info: dictionary = PersonalizationDictionary.en_US ; version = 1450262269 ; date = ?
I/LatinIME:LogUtils( 2798): Dictionary info: dictionary = UserHistoryDictionary.en_US ; version = 1450262269 ; date = ?
I/LatinIME:LogUtils( 2798): Dictionary info: dictionary = userunigram.en_US ; version = 1450262269 ; date = ?
I/LatinIME:LogUtils( 2798): Dictionary info: dictionary = contacts.en_US ; version = 1450262269 ; date = ?
I/LatinIME:LogUtils( 2798): Dictionary info: dictionary = ContextualDictionary.en_US ; version = 1450262269 ; date = ?
I/art     ( 2277): DexFile_isDexOptNeeded file /system/priv-app/TeleService/x86_64/TeleService.odex needs to be relocated for /system/priv-app/TeleService/TeleService.apk
I/PackageManager( 2277): Running patchoat on: com.android.phone
E/installd( 2924): Running /system/bin/patchoat isa=x86_64 in-fd=5 (/system/priv-app/TeleService/x86_64/TeleService.odex) out-fd=6 (/data/dalvik-cache/x86_64/system@priv-app@TeleService@TeleService.apk@classes.dex)
I/fsck_msdos( 1983): ** Phase 2 - Check Cluster Chains
I/fsck_msdos( 1983): ** Phase 3 - Checking Directories
I/ActivityThread( 2848): Switching default density from 160 to 240
I/art     ( 2277): DexFile_isDexOptNeeded file /system/app/PrintSpooler/x86_64/PrintSpooler.odex needs to be relocated for /system/app/PrintSpooler/PrintSpooler.apk
I/PackageManager( 2277): Running patchoat on: com.android.printspooler
E/installd( 2928): Running /system/bin/patchoat isa=x86_64 in-fd=5 (/system/app/PrintSpooler/x86_64/PrintSpooler.odex) out-fd=6 (/data/dalvik-cache/x86_64/system@app@PrintSpooler@PrintSpooler.apk@classes.dex)
I/ActivityThread( 2870): Switching default density from 160 to 240
I/fsck_msdos( 1983): ** Phase 4 - Checking for Lost Files
I/fsck_msdos( 1983): 39 files, 1858240 free (1805144 clusters)
I/Vold    ( 1983): Filesystem check completed OK
E/Vold    ( 1983): /dev/block/vold/8:48 failed to mount via VFAT (Device or resource busy)
E/Vold    ( 1983): Volume usb0 found no suitable devices for mounting :(
D/Vold    ( 1983): Volume usb0 state changing 3 (Checking) -> 1 (Idle-Unmounted)
D/MountService( 2277): volume state changed for /storage/usb0 (checking -> unmounted)
E/VoldConnector( 2277): NDC Command {6 volume mount /storage/usb0} took too long (773ms)
E/MountService( 2277): Boot-time mount failed (-1)
D/MountService( 2277): sendStorageIntent Intent { act=android.intent.action.MEDIA_UNMOUNTED dat=file:///storage/usb0 flg=0x4000000 (has extras) } to UserHandle{-1}
E/MountService( 2277): Boot-time mount failed (-1)
W/MountService( 2277): Duplicate state transition (mounted -> mounted) for /storage/emulated/0
D/GpsNetInitiatedHandler( 2277): location enabled :true
D/ActivityThread( 2820): Loading provider com.android.email.provider;com.android.email.notifier: com.android.email.provider.EmailProvider
I/ActivityManager( 2277): Force stopping org.zeroxlab.util.tscal appid=1000 user=0: pkg changed
W/AppWidgetServiceImpl( 2277): Failed to read state: java.io.FileNotFoundException: /data/system/users/0/appwidgets.xml: open failed: ENOENT (No such file or directory)
V/AppWidgetServiceImpl( 2277): Upgrading widget database from 0 to 1
I/ActivityManager( 2277): Killing 2870:org.zeroxlab.util.tscal/1000 (adj 0): stop org.zeroxlab.util.tscal
D/BluetoothManagerService( 2277): Message: 300
D/BluetoothManagerService( 2277): MESSAGE_USER_SWITCHED
I/LatinIME:LogUtils( 2798): Dictionary info: dictionary = PersonalizationDictionary.en_US ; version = 1450262270 ; date = ?
I/ActivityThread( 2892): Switching default density from 160 to 240
I/LatinIME:LogUtils( 2798): Dictionary info: dictionary = PersonalizationDictionary.en_US ; version = 1450262270 ; date = ?
D/PermissionCache( 1984): checking android.permission.HARDWARE_TEST for uid=1000 => granted (32 us)
D/ActivityThread( 2820): Loading provider com.android.email.provider;com.android.email.notifier: com.android.email.provider.EmailProvider
D/ActivityThread( 2820): Loading provider com.android.email.provider;com.android.email.notifier: com.android.email.provider.EmailProvider
I/PrintSpoolerService( 2892): No existing print spooler state.
I/LatinIME:LogUtils( 2798): Dictionary info: dictionary = main:de ; version = 44 ; date = 1393228134
I/LatinIME:LogUtils( 2798): Dictionary info: dictionary = main:fr ; version = 45 ; date = 1400639634
I/LatinIME:LogUtils( 2798): Dictionary info: dictionary = main:es ; version = 49 ; date = 1404131686
I/LatinIME:LogUtils( 2798): Dictionary info: dictionary = main:it ; version = 44 ; date = 1393228135
I/ActivityManager( 2277):   Force finishing activity 3 ActivityRecord{140283df u0 org.zeroxlab.util.tscal/.TSCalibrationStartup t1}
I/ActivityManager( 2277): START u0 {act=android.intent.action.MAIN cat=[android.intent.category.HOME] flg=0x10000000 cmp=com.android.settings/.CryptKeeper} from uid 0 on display 0
V/WindowManager( 2277): addAppToken: AppWindowToken{11954c8c token=Token{32cf5dbf ActivityRecord{345cf7de u0 com.android.settings/.CryptKeeper t2}}} to stack=0 task=2 at 0
W/ActivityManager( 2277): Spurious death for ProcessRecord{22bcb3ea 2870:org.zeroxlab.util.tscal/1000}, curProc for 2870: null
I/InputReader( 2277): Reconfiguring input devices.  changes=0x00000010
D/BlueZ   ( 1991): external/bluetooth/bluez/android/hal-audio.c:audio_set_mic_mute() 
D/ActivityThread( 2820): Loading provider com.android.email.provider;com.android.email.notifier: com.android.email.provider.EmailProvider
I/LatinIME:LogUtils( 2798): Dictionary info: dictionary = main:ru ; version = 50 ; date = 1406597821
D/BackupManagerService( 2277): Received broadcast Intent { act=android.intent.action.PACKAGE_CHANGED dat=package:org.zeroxlab.util.tscal flg=0x4000010 (has extras) }
I/FusedLocation( 2277): engine started (com.android.location.fused)
I/LatinIME:LogUtils( 2798): Dictionary info: dictionary = main:en ; version = 47 ; date = 1402373178
W/ActivityManager( 2277): Unable to start service Intent { act=com.android.mail.action.BACKUP_DATA_CHANGED pkg=com.android.email } U=0: not found
W/ActivityManager( 2277): Unable to start service Intent { act=com.android.mail.action.BACKUP_DATA_CHANGED pkg=com.android.email } U=0: not found
W/ActivityManager( 2277): Unable to start service Intent { cmp=com.android.email/.service.AttachmentService } U=0: not found
W/ActivityManager( 2277): Unable to start service Intent { act=com.android.mail.action.BACKUP_DATA_CHANGED pkg=com.android.email } U=0: not found
W/ActivityManager( 2277): Unable to start service Intent { cmp=com.android.email/.service.AttachmentService } U=0: not found
W/ActivityManager( 2277): Unable to start service Intent { cmp=com.android.email/.service.AttachmentService } U=0: not found
W/ActivityManager( 2277): Unable to start service Intent { act=com.android.mail.action.BACKUP_DATA_CHANGED pkg=com.android.email } U=0: not found
W/ActivityManager( 2277): Unable to start service Intent { act=com.android.mail.action.BACKUP_DATA_CHANGED pkg=com.android.email } U=0: not found
W/ActivityManager( 2277): Unable to start service Intent { act=com.android.mail.action.BACKUP_DATA_CHANGED pkg=com.android.email } U=0: not found
W/ActivityManager( 2277): Unable to start service Intent { act=com.android.mail.action.BACKUP_DATA_CHANGED pkg=com.android.email } U=0: not found
I/LatinIME:LogUtils( 2798): Dictionary info: dictionary = main:en ; version = 47 ; date = 1402373178
I/LatinIME:LogUtils( 2798): Dictionary info: dictionary = main:en ; version = 47 ; date = 1402373178
I/LatinIME:LogUtils( 2798): Dictionary info: dictionary = main:en ; version = 47 ; date = 1402373178
I/Email   ( 2820): Observing account changes for notifications
D/TelephonyProvider( 2848): dbh.onCreate:+ db=SQLiteDatabase: /data/data/com.android.providers.telephony/databases/telephony.db
D/TelephonyProvider( 2848): dbh.createSimInfoTable:+
D/TelephonyProvider( 2848): dbh.createSimInfoTable:-
D/TelephonyProvider( 2848): dbh.createCarriersTable:+
D/TelephonyProvider( 2848): dbh.createCarriersTable:-
D/TelephonyProvider( 2848): No APNs in OEM image = /oem/telephony/apns-conf.xml Load APNs from system image
D/TelephonyProvider( 2848): confFile = /system/etc/apns-conf.xml
I/LatinIME:LogUtils( 2798): Dictionary info: dictionary = main:en ; version = 47 ; date = 1402373178
I/LatinIME:LogUtils( 2798): Dictionary info: dictionary = main:en ; version = 47 ; date = 1402373178
I/LatinIME:LogUtils( 2798): Dictionary info: dictionary = main:en ; version = 47 ; date = 1402373178
I/LatinIME:LogUtils( 2798): Dictionary info: dictionary = main:en ; version = 47 ; date = 1402373178
I/ActivityManager( 2277): Start proc 2953:com.android.externalstorage/u0a6 for broadcast com.android.externalstorage/.MountReceiver
W/ActivityManager( 2277): Unable to start service Intent { cmp=com.android.email/.service.AttachmentService } U=0: not found
I/art     ( 2277): DexFile_isDexOptNeeded file /system/priv-app/ExternalStorageProvider/x86_64/ExternalStorageProvider.odex needs to be relocated for /system/priv-app/ExternalStorageProvider/ExternalStorageProvider.apk
I/PackageManager( 2277): Running patchoat on: com.android.externalstorage
I/Exchange( 2660): EasService.onCreate
E/installd( 2978): Running /system/bin/patchoat isa=x86_64 in-fd=5 (/system/priv-app/ExternalStorageProvider/x86_64/ExternalStorageProvider.odex) out-fd=6 (/data/dalvik-cache/x86_64/system@priv-app@ExternalStorageProvider@ExternalStorageProvider.apk@classes.dex)
I/art     ( 2277): Explicit concurrent mark sweep GC freed 23248(1600KB) AllocSpace objects, 15(234KB) LOS objects, 33% free, 8MB/12MB, paused 351us total 10.189ms
I/ActivityManager( 2277): Start proc 2982:com.android.settings/1000 for activity com.android.settings/.CryptKeeper
W/ActivityManager( 2277): Unable to start service Intent { cmp=com.android.email/.service.AttachmentService } U=0: not found
I/Exchange( 2660): RestartPingTask
I/Exchange( 2660): RestartPingsTask did not start any pings.
I/Exchange( 2660): PSS stopIfIdle
I/Exchange( 2660): PSS has no active accounts; stopping service.
I/Exchange( 2660): onDestroy
I/Exchange( 2660): EasService.onCreate
I/ActivityThread( 2953): Switching default density from 160 to 240
I/Exchange( 2660): RestartPingTask
I/ActivityThread( 2982): Switching default density from 160 to 240
I/Exchange( 2660): RestartPingsTask did not start any pings.
I/Exchange( 2660): PSS stopIfIdle
I/Exchange( 2660): PSS has no active accounts; stopping service.
D/ExternalStorage( 2953): After updating volumes, found 1 active roots
I/Exchange( 2660): onDestroy
D/ExternalStorage( 2953): After updating volumes, found 1 active roots
I/ActivityManager( 2277): Start proc 3008:android.process.media/u0a5 for broadcast com.android.providers.media/.MediaScannerReceiver
D/WifiService( 2277): New client listening to asynchronous messages
I/ActivityManager( 2277): START u0 {act=android.intent.action.MAIN cat=[android.intent.category.HOME] flg=0x10000000 cmp=com.android.provision/.DefaultActivity} from uid 0 on display 0
V/WindowManager( 2277): addAppToken: AppWindowToken{2619d7fe token=Token{387e07b9 ActivityRecord{9f88580 u0 com.android.provision/.DefaultActivity t3}}} to stack=0 task=3 at 0
I/ActivityManager( 2277): Start proc 3032:com.android.provision/u0a46 for activity com.android.provision/.DefaultActivity
I/art     ( 2277): DexFile_isDexOptNeeded file /system/priv-app/DownloadProvider/x86_64/DownloadProvider.odex needs to be relocated for /system/priv-app/DownloadProvider/DownloadProvider.apk
I/PackageManager( 2277): Running patchoat on: com.android.providers.downloads
E/installd( 3045): Running /system/bin/patchoat isa=x86_64 in-fd=5 (/system/priv-app/DownloadProvider/x86_64/DownloadProvider.odex) out-fd=6 (/data/dalvik-cache/x86_64/system@priv-app@DownloadProvider@DownloadProvider.apk@classes.dex)
I/art     ( 2277): DexFile_isDexOptNeeded file /system/app/Provision/x86_64/Provision.odex needs to be relocated for /system/app/Provision/Provision.apk
I/PackageManager( 2277): Running patchoat on: com.android.provision
E/installd( 3055): Running /system/bin/patchoat isa=x86_64 in-fd=5 (/system/app/Provision/x86_64/Provision.odex) out-fd=6 (/data/dalvik-cache/x86_64/system@app@Provision@Provision.apk@classes.dex)
I/ActivityThread( 3008): Switching default density from 160 to 240
D/BluetoothManagerService( 2277): Message: 20
D/BluetoothManagerService( 2277): Added callback: android.bluetooth.IBluetoothManagerCallback$Stub$Proxy@27507e7b:true
D/BluetoothAdapter( 2618): 665407909: getState() :  mService = null. Returning STATE_OFF
D/BluetoothAdapter( 2618): 665407909: getState() :  mService = null. Returning STATE_OFF
D/BluetoothManagerService( 2277): Message: 30
I/ActivityThread( 3032): Switching default density from 160 to 240
D/BluetoothManagerService( 2277): Message: 30
E/BluetoothA2dpSink( 2618): Could not bind to Bluetooth A2DP Service with Intent { act=android.bluetooth.IBluetoothA2dpSink }
D/BluetoothManagerService( 2277): Message: 30
E/BluetoothAvrcpController( 2618): Could not bind to Bluetooth AVRCP Controller Service with Intent { act=android.bluetooth.IBluetoothAvrcpController }
D/BluetoothManagerService( 2277): Message: 30
D/BluetoothManagerService( 2277): Trying to bind to profile: 1, while Bluetooth was disabled
D/BluetoothManagerService( 2277): Message: 30
E/BluetoothHeadsetClient( 2618): Could not bind to Bluetooth Headset Client Service with Intent { act=android.bluetooth.IBluetoothHeadsetClient }
D/BluetoothManagerService( 2277): Message: 30
D/BluetoothMap( 2618): Create BluetoothMap proxy object
D/BluetoothManagerService( 2277): Message: 30
W/BackupManagerService( 2277): dataChanged but no participant pkg='com.android.providers.settings' uid=10046
D/BluetoothManagerService( 2277): Message: 30
W/BackupManagerService( 2277): dataChanged but no participant pkg='com.android.providers.settings' uid=10046
D/ConnectivityService( 2277): listenForNetwork for NetworkRequest [ id=2, legacyType=-1, [] ]
I/ActivityManager( 2277): START u0 {act=android.intent.action.MAIN cat=[android.intent.category.HOME] flg=0x10000000 cmp=com.android.launcher3/.Launcher} from uid 0 on display 0
V/WindowManager( 2277): addAppToken: AppWindowToken{15b52d5e token=Token{a85d699 ActivityRecord{11d4c3e0 u0 com.android.launcher3/.Launcher t4}}} to stack=0 task=4 at 0
I/MediaProvider( 3008): Upgrading media database from version 0 to 800, which will destroy all old data
I/ActivityManager( 2277): Start proc 3058:com.android.launcher3/u0a36 for activity com.android.launcher3/.Launcher
D/MediaProvider( 3008): Adjusting external storage paths to: /storage/emulated/0
I/CameraManagerGlobal( 2618): getCameraService: Reconnecting to camera service
I/art     ( 1994): Explicit concurrent mark sweep GC freed 706(30KB) AllocSpace objects, 0(0B) LOS objects, 39% free, 1950KB/3MB, paused 38us total 3.265ms
I/art     ( 2277): DexFile_isDexOptNeeded file /system/app/Launcher3/x86_64/Launcher3.odex needs to be relocated for /system/app/Launcher3/Launcher3.apk
I/PackageManager( 2277): Running patchoat on: com.android.launcher3
E/installd( 3080): Running /system/bin/patchoat isa=x86_64 in-fd=5 (/system/app/Launcher3/x86_64/Launcher3.odex) out-fd=6 (/data/dalvik-cache/x86_64/system@app@Launcher3@Launcher3.apk@classes.dex)
I/art     ( 1994): Explicit concurrent mark sweep GC freed 5(160B) AllocSpace objects, 0(0B) LOS objects, 39% free, 1950KB/3MB, paused 38us total 3.397ms
E/SQLiteLog( 3008): (1) no such table: album_info
I/art     ( 1994): Explicit concurrent mark sweep GC freed 5(160B) AllocSpace objects, 0(0B) LOS objects, 39% free, 1950KB/3MB, paused 22us total 2.567ms
D/MediaScannerReceiver( 3008): action: android.intent.action.MEDIA_UNMOUNTED path: /storage/usb0
I/ActivityThread( 3058): Switching default density from 160 to 240
I/DownloadManager( 3008): Upgrading downloads database from version 0 to version 109, which will destroy all old data
I/ActivityManager( 2277): Start proc 3085:com.android.gallery3d/u0a32 for broadcast com.android.gallery3d/.app.PackagesMonitor
V/Launcher( 3058): LauncherAppState inited
D/Launcher.Model( 3058): Old launcher provider: content://com.android.launcher2.settings/favorites?notify=true
D/Launcher.Model( 3058): Old launcher provider does not exist.
I/art     ( 2277): DexFile_isDexOptNeeded file /system/app/Gallery2/x86/Gallery2.odex needs to be relocated for /system/app/Gallery2/Gallery2.apk
I/PackageManager( 2277): Running patchoat on: com.android.gallery3d
W/Launcher( 3058): setApplicationContext called twice! old=com.android.launcher3.LauncherApplication@2b5ae43c new=com.android.launcher3.LauncherApplication@2b5ae43c
E/installd( 3111): Running /system/bin/patchoat isa=x86 in-fd=5 (/system/app/Gallery2/x86/Gallery2.odex) out-fd=6 (/data/dalvik-cache/x86/system@app@Gallery2@Gallery2.apk@classes.dex)
W/ResourceType( 3058): Attempt to retrieve bag 0x7f0d0008 which is invalid or in a cycle.
D/Launcher.Model( 3058): 11683562 - loadWorkspace()
D/TelephonyProvider( 2848): dbh.onCreate:- db=SQLiteDatabase: /data/data/com.android.providers.telephony/databases/telephony.db
D/TelephonyProvider( 2848): dbh.onOpen: ok, queried table=siminfo
D/TelephonyProvider( 2848): dbh.onOpen: ok, queried table=carriers
D/GpsLocationProvider( 2277): received SIM realted action: 
D/Launcher.LauncherProvider( 3058): loading default workspace
E/DefaultLayoutParser( 3058): Default layout parser initialized
E/DcSwitchStateMachine-0( 2848): DctController is not ready
I/ActivityThread( 3085): Switching default density from 160 to 240
D/BluetoothAdapter( 2618): 665407909: getState() :  mService = null. Returning STATE_OFF
D/BluetoothAdapter( 2618): 665407909: getState() :  mService = null. Returning STATE_OFF
D/BluetoothAdapter( 2618): 665407909: getState() :  mService = null. Returning STATE_OFF
D/BluetoothAdapter( 2618): 665407909: getState() :  mService = null. Returning STATE_OFF
E/ConnectivityService( 2277): Failed to find Messenger in unregisterNetworkFactory
D/ConnectivityService( 2277): Got NetworkFactory Messenger for Telephony
W/Launcher( 3058): setApplicationContext called twice! old=com.android.launcher3.LauncherApplication@2b5ae43c new=com.android.launcher3.LauncherApplication@2b5ae43c
D/OpenGLRenderer( 3058): Use EGL_SWAP_BEHAVIOR_PRESERVED: true
D/OpenGLRenderer( 2618): Use EGL_SWAP_BEHAVIOR_PRESERVED: true
I/GRALLOC-DRM( 3058): create intel for driver i915
I/GRALLOC-DRM( 2618): create intel for driver i915
D/Atlas   ( 3058): Validating map...
D/Atlas   ( 2618): Validating map...
D/SettingsProvider( 2277): User 0 external modification to /data/data/com.android.providers.settings/databases/settings.db; event=2
D/SettingsProvider( 2277): User 0 updating our caches for /data/data/com.android.providers.settings/databases/settings.db
V/WindowManager( 2277): Based on layer: Adding window Window{67f55a3 u0 com.android.launcher3/com.android.launcher3.Launcher} at 0 of 1
D/PhoneStatusBar( 2618): disable: < EXPAND* icons alerts system_info BACK* HOME* RECENT* clock SEARCH* >
W/BackupManagerService( 2277): dataChanged but no participant pkg='com.android.providers.settings' uid=1001
I/PackageManager( 2277): Replacing preferred activity com.android.mms/.ui.ComposeMessageActivity for user 0:
I/PackageManager( 2277):   Action: "android.intent.action.SENDTO"
I/PackageManager( 2277):   Category: "android.intent.category.DEFAULT"
I/PackageManager( 2277):   Scheme: "sms"
D/Launcher.LauncherProvider( 3058): 11683562 - initializeMaxScreenId(): 3
D/Launcher.Model( 3058): 11683562 -   loadedOldDb: false
I/PackageManager( 2277): Replacing preferred activity com.android.mms/.ui.ComposeMessageActivity for user 0:
I/PackageManager( 2277):   Action: "android.intent.action.SENDTO"
I/PackageManager( 2277):   Category: "android.intent.category.DEFAULT"
I/PackageManager( 2277):   Scheme: "smsto"
I/PackageManager( 2277): Replacing preferred activity com.android.mms/.ui.ComposeMessageActivity for user 0:
I/PackageManager( 2277):   Action: "android.intent.action.SENDTO"
I/PackageManager( 2277):   Category: "android.intent.category.DEFAULT"
I/PackageManager( 2277):   Scheme: "mms"
I/PackageManager( 2277): Replacing preferred activity com.android.mms/.ui.ComposeMessageActivity for user 0:
I/PackageManager( 2277):   Action: "android.intent.action.SENDTO"
I/PackageManager( 2277):   Category: "android.intent.category.DEFAULT"
I/PackageManager( 2277):   Scheme: "mmsto"
D/GpsLocationProvider( 2277): SIM MCC/MNC is still not available
D/BluetoothAdapter( 2618): 665407909: getState() :  mService = null. Returning STATE_OFF
D/BluetoothAdapter( 2618): 665407909: getState() :  mService = null. Returning STATE_OFF
D/BluetoothManagerService( 2277): Message: 20
D/BluetoothManagerService( 2277): Added callback: android.bluetooth.IBluetoothManagerCallback$Stub$Proxy@366ecde7:true
D/BluetoothManagerService( 2277): Message: 30
D/BluetoothManagerService( 2277): Trying to bind to profile: 1, while Bluetooth was disabled
D/PhoneStatusBar( 2618): heads up is enabled
D/StatusBar( 2618): user hasn't seen notification about hidden notifications
D/StatusBar( 2618): insecure lockscreen, skipping notification
I/Telephony( 2848): TtyManager: updateUiTtyMode -1 -> 0
W/BackupManagerService( 2277): dataChanged but no participant pkg='com.android.providers.settings' uid=10013
D/Launcher.Model( 3058): 11683562 - loadWorkspaceScreensDb()
D/Launcher.Model( 3058): 11683562 -   screens: { 0: 3 }
D/Launcher.Model( 3058): 11683562 -   sBgWorkspaceScreens: 3
D/GpsLocationProvider( 2277): received SIM realted action: 
D/GpsLocationProvider( 2277): SIM MCC/MNC is still not available
I/art     ( 2277): Explicit concurrent mark sweep GC freed 9646(561KB) AllocSpace objects, 7(112KB) LOS objects, 33% free, 8MB/12MB, paused 309us total 11.159ms
D/TelephonyDebugService( 2848): TelephonyDebugService()
D/WifiService( 2277): New client listening to asynchronous messages
I/Telephony( 2848): PstnIncomingCallNotifier: Registering: Handler (com.android.internal.telephony.gsm.GSMPhone) {342d2cfc}
I/EGL-DRI2( 3058): DRI2: found extension DRI_Core version 1
I/EGL-DRI2( 3058): DRI2: found extension DRI_DRI2 version 4
I/EGL-DRI2( 3058): DRI2: found extension DRI_TexBuffer version 3
I/EGL-DRI2( 3058): DRI2: found extension DRI2_Flush version 4
I/EGL-DRI2( 3058): DRI2: found extension DRI_IMAGE version 11
I/OpenGLRenderer( 3058): Initialized EGL, version 1.4
W/OpenGLRenderer( 3058): Failed to choose config with EGL_SWAP_BEHAVIOR_PRESERVED, retrying without...
D/OpenGLRenderer( 3058): Enabling debug mode 0
W/Launcher( 3058): setApplicationContext called twice! old=com.android.launcher3.LauncherApplication@2b5ae43c new=com.android.launcher3.LauncherApplication@2b5ae43c
I/ActivityManager( 2277): Start proc 3138:com.android.music/u0a39 for broadcast com.android.music/.MediaButtonIntentReceiver
I/art     ( 2277): DexFile_isDexOptNeeded file /system/app/Music/x86_64/Music.odex needs to be relocated for /system/app/Music/Music.apk
I/PackageManager( 2277): Running patchoat on: com.android.music
E/installd( 3160): Running /system/bin/patchoat isa=x86_64 in-fd=5 (/system/app/Music/x86_64/Music.odex) out-fd=6 (/data/dalvik-cache/x86_64/system@app@Music@Music.apk@classes.dex)
I/ActivityManager( 2277): Displayed com.android.launcher3/.Launcher: +227ms (total +499ms)
I/ActivityThread( 3138): Switching default density from 160 to 240
D/Launcher( 3058): 11683562 - bindAddScreens()
D/Launcher( 3058): 11683562 -   orderedScreenIds: 3
D/Launcher.Workspace( 3058): 11683562 - insertNewWorkspaceScreen(): 3 at index: 0
D/SIP     ( 2848): [SipSharedPreferences] isReceivingCallsEnabled, option not set; use default value, exception: android.provider.Settings$SettingNotFoundException: sip_receive_calls
V/KeyguardServiceDelegate( 2277): *** Keyguard started
W/KeyguardServiceDelegate( 2277): onScreenTurnedOn(): no keyguard service!
D/KbdSensor( 2277): poll_activate: dev=0x7fa438066680 handle=0 enabled=1
D/KbdSensor( 2277): poll_setDelay: dev=0x7fa438066680 delay-ns=66667000
I/EGL-DRI2( 2618): DRI2: found extension DRI_Core version 1
I/EGL-DRI2( 2618): DRI2: found extension DRI_DRI2 version 4
I/EGL-DRI2( 2618): DRI2: found extension DRI_TexBuffer version 3
I/EGL-DRI2( 2618): DRI2: found extension DRI2_Flush version 4
I/EGL-DRI2( 2618): DRI2: found extension DRI_IMAGE version 11
W/ResourceType( 3058): No package identifier when getting value for resource number 0x00000000
W/ResourceType( 3058): No package identifier when getting value for resource number 0x00000000
W/PackageManager( 3058): Failure retrieving resources for com.example.android.rssreader: Resource ID #0x0
W/ResourceType( 3058): No package identifier when getting value for resource number 0x00000000
W/PackageManager( 3058): Failure retrieving resources for com.example.android.rssreader: Resource ID #0x0
W/ResourceType( 3058): No package identifier when getting value for resource number 0x00000000
W/ResourceType( 3058): No package identifier when getting value for resource number 0x00000000
W/PackageManager( 3058): Failure retrieving resources for com.android.speechrecorder: Resource ID #0x0
W/ResourceType( 3058): No package identifier when getting value for resource number 0x00000000
W/PackageManager( 3058): Failure retrieving resources for com.android.speechrecorder: Resource ID #0x0
I/Choreographer( 2618): Skipped 34 frames!  The application may be doing too much work on its main thread.
I/SurfaceFlinger( 1984): Boot is finished (9846 ms)
D/ViewRootImpl( 2618): changeCanvasOpacity: opaque=true
I/EGL-DRI2( 2618): DRI2: found extension DRI_Core version 1
I/EGL-DRI2( 2618): DRI2: found extension DRI_DRI2 version 4
I/EGL-DRI2( 2618): DRI2: found extension DRI_TexBuffer version 3
I/EGL-DRI2( 2618): DRI2: found extension DRI2_Flush version 4
I/EGL-DRI2( 2618): DRI2: found extension DRI_IMAGE version 11
I/OpenGLRenderer( 2618): Initialized EGL, version 1.4
W/OpenGLRenderer( 2618): Failed to choose config with EGL_SWAP_BEHAVIOR_PRESERVED, retrying without...
D/OpenGLRenderer( 2618): Enabling debug mode 0
D/WifiService( 2277): New client listening to asynchronous messages
V/KeyguardUpdateMonitor( 2618): action android.intent.action.SIM_STATE_CHANGED state: NOT_READY slotId: 0 subid: -2
V/KeyguardServiceDelegate( 2277): *** Keyguard connected (yay!)
D/OpenGLRenderer( 2618): setting property extraRasterBucket to 0.95
D/OpenGLRenderer( 2618):     failed
D/OpenGLRenderer( 2618): setting property extraRasterBucket to 0.0
D/OpenGLRenderer( 2618):     failed
D/KeyguardUpdateMonitor( 2618): handleSimStateChange(subId=-2, slotId=0, state=UNKNOWN)
W/KeyguardUpdateMonitor( 2618): invalid subId in handleSimStateChange()
V/KeyguardUpdateMonitor( 2618): onSubscriptionInfoChanged()
V/KeyguardUpdateMonitor( 2618): onSubscriptionInfoChanged: list is null
V/KeyguardServiceDelegate( 2277): **** SHOWN CALLED ****
E/installd( 1992): Unable to unlink boot marker at /data/dalvik-cache/x86_64/.booting, error=No such file or directory
E/ActivityManager( 2277): Unable to mark boot complete for abi: x86_64
E/installd( 1992): Unable to unlink boot marker at /data/dalvik-cache/arm64/.booting, error=No such file or directory
E/ActivityManager( 2277): Unable to mark boot complete for abi: arm64-v8a
E/installd( 1992): Unable to unlink boot marker at /data/dalvik-cache/x86/.booting, error=No such file or directory
E/ActivityManager( 2277): Unable to mark boot complete for abi: x86
E/installd( 1992): Unable to unlink boot marker at /data/dalvik-cache/arm/.booting, error=No such file or directory
E/ActivityManager( 2277): Unable to mark boot complete for abi: armeabi-v7a
I/SystemServiceManager( 2277): Starting phase 1000
D/PhoneStatusBar( 2618): disable: < expand* icons alerts system_info back* home* recent* clock search* >
D/BluetoothManagerService( 2277): Retrieving Bluetooth Adapter name and address...
D/BluetoothManagerService( 2277): getNameAndAddress(): mBluetooth = null mBinding = false
D/BluetoothManagerService( 2277): Message: 200
D/BluetoothManagerService( 2277): MESSAGE_GET_NAME_AND_ADDRESS
D/BluetoothManagerService( 2277): Binding to service to get name and address
I/ActivityManager( 2277): Start proc 3184:com.android.bluetooth/1002 for service com.android.bluetooth/.btservice.AdapterService
I/ActivityManager( 2277): Start proc 3211:com.android.keychain/1000 for service com.android.keychain/.KeyChainService
I/art     ( 2277): DexFile_isDexOptNeeded file /system/app/Bluetooth/x86_64/Bluetooth.odex needs to be relocated for /system/app/Bluetooth/Bluetooth.apk
I/PackageManager( 2277): Running patchoat on: com.android.bluetooth
E/installd( 3225): Running /system/bin/patchoat isa=x86_64 in-fd=5 (/system/app/Bluetooth/x86_64/Bluetooth.odex) out-fd=6 (/data/dalvik-cache/x86_64/system@app@Bluetooth@Bluetooth.apk@classes.dex)
I/ActivityThread( 3184): Switching default density from 160 to 240
W/ResourcesManager( 3184): Asset path '/system/framework/javax.obex.jar' does not exist or contains no resources.
I/ActivityThread( 3211): Switching default density from 160 to 240
I/RecoverySystem( 2277): No recovery log file
I/BootReceiver( 2277): Copying audit failures to DropBox
I/BootReceiver( 2277): Checking for fsck errors
I/ActivityManager( 2277): Start proc 3259:com.android.dialer/u0a4 for broadcast com.android.dialer/.calllog.CallLogReceiver
D/AdapterServiceConfig( 3184): Adding HeadsetService
D/AdapterServiceConfig( 3184): Adding A2dpService
D/AdapterServiceConfig( 3184): Adding HidService
D/AdapterServiceConfig( 3184): Adding HealthService
D/AdapterServiceConfig( 3184): Adding PanService
D/AdapterServiceConfig( 3184): Adding GattService
D/AdapterServiceConfig( 3184): Adding BluetoothMapService
I/art     ( 2277): DexFile_isDexOptNeeded file /system/priv-app/Dialer/x86_64/Dialer.odex needs to be relocated for /system/priv-app/Dialer/Dialer.apk
I/PackageManager( 2277): Running patchoat on: com.android.dialer
E/installd( 3281): Running /system/bin/patchoat isa=x86_64 in-fd=5 (/system/priv-app/Dialer/x86_64/Dialer.odex) out-fd=6 (/data/dalvik-cache/x86_64/system@priv-app@Dialer@Dialer.apk@classes.dex)
D/BlueZ   ( 3184): external/bluetooth/bluez/android/hal-bluetooth.c:open_bluetooth() 
D/BlueZ   ( 3184): external/bluetooth/bluez/android/hal-bluetooth.c:get_bluetooth_interface() 
D/BluetoothManagerService( 2277): Message: 20
D/BluetoothManagerService( 2277): Added callback: android.bluetooth.IBluetoothManagerCallback$Stub$Proxy@be6a01c:true
D/BluetoothAdapterState( 3184): make
D/BlueZ   ( 3184): external/bluetooth/bluez/android/hal-bluetooth.c:init() 
I/BluetoothAdapterState( 3184): Entering OffState
I/bluetoothd( 3293): running (hci0) 
I/bluetoothd( 3283): Bluetooth daemon 5.36
I/bluetoothd( 3283): Starting SDP server
I/bluetoothd( 3283): Bluetooth management interface 1.8 initialized
I/bluetoothd( 3283): Kernel connection control will be used
I/bluetoothd( 3283): Adapter initialized
I/bluetoothd( 3283): IPC: successfully connected (with notifications)
I/BlueZ   ( 3184): IPC connected
I/bluetoothd( 3283): Service ID=1 registered
I/bluetoothd( 3283): Service ID=2 registered
D/BlueZ   ( 3184): external/bluetooth/bluez/android/hal-bluetooth.c:set_os_callouts() callouts: 0x7fa43191a2c0
D/BlueZ   ( 3184): external/bluetooth/bluez/android/hal-bluetooth.c:get_profile_interface() socket
D/BlueZ   ( 3184): external/bluetooth/bluez/android/hal-bluetooth.c:get_profile_interface() map_client
D/BlueZ   ( 3184): external/bluetooth/bluez/android/hal-map-client.c:init() 
I/bluetoothd( 3283): Service ID=11 registered
D/BlueZ   ( 3184): external/bluetooth/bluez/android/hal-bluetooth.c:get_adapter_property() prop: BT_PROPERTY_BDADDR (2)
D/BlueZ   ( 3184): external/bluetooth/bluez/android/hal-bluetooth.c:get_adapter_property() prop: BT_PROPERTY_BDNAME (1)
D/BlueZ   ( 3184): external/bluetooth/bluez/android/hal-bluetooth.c:handle_adapter_props_changed() 
D/BlueZ   ( 3184): external/bluetooth/bluez/android/hal-bluetooth.c:adapter_props_to_hal() prop[0]: type=BT_PROPERTY_BDADDR len=6 val=2c:d0:5a:e8:89:31
D/BluetoothAdapterProperties( 3184): Address is:2C:D0:5A:E8:89:31
D/BlueZ   ( 3184): external/bluetooth/bluez/android/hal-bluetooth.c:handle_adapter_props_changed() 
D/BlueZ   ( 3184): external/bluetooth/bluez/android/hal-bluetooth.c:adapter_props_to_hal() prop[0]: type=BT_PROPERTY_BDNAME len=17 val=CW37S            
D/BluetoothAdapterProperties( 3184): Name is: CW37S            
D/BluetoothManagerService( 2277): Bluetooth Adapter name changed to CW37S            
D/SettingsProvider( 2277): User 0 external modification to /data/data/com.android.providers.settings/databases/settings.db; event=2
D/SettingsProvider( 2277): User 0 updating our caches for /data/data/com.android.providers.settings/databases/settings.db
D/BluetoothManagerService( 2277): Stored Bluetooth name: CW37S            
D/BluetoothManagerService( 2277): BluetoothServiceConnection: com.android.bluetooth.btservice.AdapterService
D/BluetoothManagerService( 2277): Message: 40
D/BluetoothManagerService( 2277): MESSAGE_BLUETOOTH_SERVICE_CONNECTED: 1
I/ActivityThread( 3259): Switching default density from 160 to 240
D/BlueZ   ( 3184): external/bluetooth/bluez/android/hal-bluetooth.c:config_hci_snoop_log() enable 0
D/BluetoothManagerService( 2277): Message: 200
D/BluetoothManagerService( 2277): MESSAGE_GET_NAME_AND_ADDRESS
D/BluetoothManagerService( 2277): Message: 201
D/BluetoothManagerService( 2277): MESSAGE_SAVE_NAME_AND_ADDRESS
D/BluetoothAdapterState( 3184): CURRENT_STATE=OFF, MESSAGE = USER_TURN_ON
D/BluetoothAdapterProperties( 3184): Setting state to 11
I/BluetoothAdapterState( 3184): Bluetooth adapter state changed: 10-> 11
D/BluetoothBondStateMachine( 3184): make
I/BluetoothBondStateMachine( 3184): StableState(): Entering Off State
D/BluetoothAdapterService( 3184): getAdapterService() - returning com.android.bluetooth.btservice.AdapterService@29a5a5c5
D/HeadsetService( 3184): Received start request. Starting profile...
I/BluetoothHeadsetServiceJni( 3184): classInitNative: succeeds
D/ExtensionsFactory( 3259): No custom extensions.
D/HeadsetStateMachine( 3184): make
I/BluetoothAdapterState( 3184): Entering PendingCommandState State: isTurningOn()=true, isTurningOff()=false
D/HeadsetStateMachine( 3184): max_hf_connections = 1
D/BlueZ   ( 3184): external/bluetooth/bluez/android/hal-bluetooth.c:get_profile_interface() handsfree
D/BlueZ   ( 3184): external/bluetooth/bluez/android/hal-handsfree.c:init_real() 
D/WIFI    ( 2277): Registering NetworkFactory
D/WIFI_UT ( 2277): Registering NetworkFactory
D/ConnectivityService( 2277): Got NetworkFactory Messenger for WIFI
D/ConnectivityService( 2277): Got NetworkFactory Messenger for WIFI_UT
D/WIFI    ( 2277): got request NetworkRequest [ id=1, legacyType=-1, [ Capabilities: INTERNET&NOT_RESTRICTED&TRUSTED&NOT_VPN] ] with score 0
D/WIFI_UT ( 2277): got request NetworkRequest [ id=1, legacyType=-1, [ Capabilities: INTERNET&NOT_RESTRICTED&TRUSTED&NOT_VPN] ] with score 0
I/bluetoothd( 3283): Service ID=5 registered
E/bluetoothd( 3283): IPC: command socket connect failed
D/BlueZ   ( 3184): external/bluetooth/bluez/android/hal-bluetooth.c:handle_adapter_props_changed() 
D/BlueZ   ( 3184): external/bluetooth/bluez/android/hal-bluetooth.c:adapter_props_to_hal() prop[0]: type=BT_PROPERTY_UUIDS len=48 val={00001112, 0000113b, 00001200}
D/HeadsetStateMachine( 3184): Enter Disconnected: -2, size: 0
I/ActivityManager( 2277): Start proc 3303:com.android.calendar/u0a22 for broadcast com.android.calendar/.UpgradeReceiver
D/BluetoothAdapterService( 3184): getAdapterService() - returning com.android.bluetooth.btservice.AdapterService@29a5a5c5
D/BluetoothA2dp( 2277): Proxy object connected
D/BluetoothA2dp( 2618): Proxy object connected
D/BluetoothAdapter( 2277): 917478712: getState() :  mService = null. Returning STATE_OFF
D/A2dpService( 3184): Received start request. Starting profile...
I/BluetoothAvrcpServiceJni( 3184): classInitNative: succeeds
D/BlueZ   ( 3184): external/bluetooth/bluez/android/hal-bluetooth.c:get_profile_interface() avrcp
D/BlueZ   ( 3184): external/bluetooth/bluez/android/hal-avrcp.c:init() 
I/bluetoothd( 3283): Service ID=8 registered
D/BlueZ   ( 3184): external/bluetooth/bluez/android/hal-bluetooth.c:handle_adapter_props_changed() 
D/BlueZ   ( 3184): external/bluetooth/bluez/android/hal-bluetooth.c:adapter_props_to_hal() prop[0]: type=BT_PROPERTY_UUIDS len=80 val={0000110e, 0000110c, 00001112, 0000113b, 00001200}
D/BlueZ   ( 3184): external/bluetooth/bluez/android/hal-bluetooth.c:handle_adapter_props_changed() 
D/BlueZ   ( 3184): external/bluetooth/bluez/android/hal-bluetooth.c:adapter_props_to_hal() prop[0]: type=BT_PROPERTY_UUIDS len=80 val={0000110e, 0000110c, 00001112, 0000113b, 00001200}
E/RemoteController( 3184): Cannot set synchronization mode on an unregistered RemoteController
I/BluetoothA2dpServiceJni( 3184): classInitNative: succeeds
D/A2dpStateMachine( 3184): make
D/BlueZ   ( 3184): external/bluetooth/bluez/android/hal-bluetooth.c:get_profile_interface() a2dp
D/BlueZ   ( 3184): external/bluetooth/bluez/android/hal-a2dp.c:init() 
I/bluetoothd( 3283): Service ID=6 registered
D/BlueZ   ( 1991): external/bluetooth/bluez/android/hal-audio.c:ipc_handler() Audio IPC: Connected
I/bluetoothd( 3283): IPC: successfully connected (without notifications)
D/BlueZ   ( 1991): external/bluetooth/bluez/android/hal-audio.c:ipc_open_cmd() 
D/BlueZ   ( 3184): external/bluetooth/bluez/android/hal-bluetooth.c:handle_adapter_props_changed() 
D/BlueZ   ( 3184): external/bluetooth/bluez/android/hal-bluetooth.c:adapter_props_to_hal() prop[0]: type=BT_PROPERTY_UUIDS len=96 val={0000110a, 0000110e, 0000110c, 00001112, 0000113b, 00001200}
D/A2dpStateMachine( 3184): Enter Disconnected: -2
I/BluetoothHidServiceJni( 3184): classInitNative: succeeds
D/BluetoothAdapterService( 3184): getAdapterService() - returning com.android.bluetooth.btservice.AdapterService@29a5a5c5
I/art     ( 2277): DexFile_isDexOptNeeded file /system/app/Calendar/x86_64/Calendar.odex needs to be relocated for /system/app/Calendar/Calendar.apk
I/PackageManager( 2277): Running patchoat on: com.android.calendar
E/installd( 3327): Running /system/bin/patchoat isa=x86_64 in-fd=5 (/system/app/Calendar/x86_64/Calendar.odex) out-fd=6 (/data/dalvik-cache/x86_64/system@app@Calendar@Calendar.apk@classes.dex)
D/BluetoothInputDevice( 2618): Proxy object connected
D/HidService( 3184): Received start request. Starting profile...
D/BlueZ   ( 3184): external/bluetooth/bluez/android/hal-bluetooth.c:get_profile_interface() hidhost
D/BlueZ   ( 3184): external/bluetooth/bluez/android/hal-hidhost.c:init() 
I/bluetoothd( 3283): Service ID=3 registered
I/BluetoothHealthServiceJni( 3184): classInitNative: succeeds
D/BluetoothAdapterService( 3184): getAdapterService() - returning com.android.bluetooth.btservice.AdapterService@29a5a5c5
D/HealthService( 3184): Received start request. Starting profile...
I/ActivityThread( 3303): Switching default density from 160 to 240
D/BlueZ   ( 3184): external/bluetooth/bluez/android/hal-bluetooth.c:get_profile_interface() health
D/BlueZ   ( 3184): external/bluetooth/bluez/android/hal-health.c:init() 
I/bluetoothd( 3283): Service ID=7 registered
I/BluetoothPanServiceJni( 3184): classInitNative(L105): succeeds
D/BluetoothAdapterService( 3184): getAdapterService() - returning com.android.bluetooth.btservice.AdapterService@29a5a5c5
D/BluetoothPan( 2618): BluetoothPAN Proxy object connected
D/PanService( 3184): Received start request. Starting profile...
D/BluetoothPanServiceJni( 3184): initializeNative(L110): pan
D/BlueZ   ( 3184): external/bluetooth/bluez/android/hal-bluetooth.c:get_profile_interface() pan
D/BlueZ   ( 3184): external/bluetooth/bluez/android/hal-pan.c:pan_init() 
D/ExtensionsFactory( 3303): No custom extensions.
I/bluetoothd( 3283): Service ID=4 registered
D/BlueZ   ( 3184): external/bluetooth/bluez/android/hal-bluetooth.c:handle_adapter_props_changed() 
D/BlueZ   ( 3184): external/bluetooth/bluez/android/hal-bluetooth.c:adapter_props_to_hal() prop[0]: type=BT_PROPERTY_UUIDS len=128 val={00001115, 00001116, 0000110a, 0000110e, 0000110c, 00001112, 0000113b, 00001200}
D/BlueZ   ( 3184): external/bluetooth/bluez/android/hal-bluetooth.c:handle_adapter_props_changed() 
D/BlueZ   ( 3184): external/bluetooth/bluez/android/hal-bluetooth.c:adapter_props_to_hal() prop[0]: type=BT_PROPERTY_UUIDS len=128 val={00001115, 00001116, 0000110a, 0000110e, 0000110c, 00001112, 0000113b, 00001200}
I/BtGatt.JNI( 3184): classInitNative(L873): classInitNative: Success!
D/BluetoothAdapterService( 3184): getAdapterService() - returning com.android.bluetooth.btservice.AdapterService@29a5a5c5
D/BtGatt.DebugUtils( 3184): handleDebugAction() action=null
D/BtGatt.GattService( 3184): Received start request. Starting profile...
D/BtGatt.GattService( 3184): start()
D/BlueZ   ( 3184): external/bluetooth/bluez/android/hal-bluetooth.c:get_profile_interface() gatt
D/BlueZ   ( 3184): external/bluetooth/bluez/android/hal-gatt.c:init() 
I/ActivityManager( 2277): Start proc 3336:com.android.providers.calendar/u0a1 for broadcast com.android.providers.calendar/.CalendarReceiver
I/ActivityThread( 3336): Switching default density from 160 to 240
W/ResourcesManager( 3336): Asset path '/system/framework/android.test.runner.jar' does not exist or contains no resources.
I/CalendarDatabaseHelper( 3336): Bootstrapping database
I/CalendarProvider2( 3336): Created com.android.providers.calendar.CalendarAlarmManager@3e32c62f(com.android.providers.calendar.CalendarProvider2@2b5ae43c)
E/ProbeModule( 3361): insmod_by_dep: cannot load module: [crypto-cryptd(__driver-ecb-aes-aesni)]
E/ProbeModule( 3365): insmod_by_dep: cannot load module: [crypto-cryptd(__driver-ecb-aes-aesni)-all]
I/ActivityManager( 2277): Start proc 3374:com.android.managedprovisioning/u0a7 for broadcast com.android.managedprovisioning/.BootReminder
E/ProbeModule( 3373): insmod_by_dep: cannot load module: [crypto-cmac(aes)]
I/ActivityThread( 3374): Switching default density from 160 to 240
E/ProbeModule( 3397): insmod_by_dep: cannot load module: [crypto-cmac(aes)-all]
I/bluetoothd( 3283): gatt: LE: enabled BR/EDR: enabled
I/bluetoothd( 3283): Service ID=9 registered
D/BlueZ   ( 3184): external/bluetooth/bluez/android/hal-bluetooth.c:handle_adapter_props_changed() 
D/BlueZ   ( 3184): external/bluetooth/bluez/android/hal-bluetooth.c:adapter_props_to_hal() prop[0]: type=BT_PROPERTY_UUIDS len=176 val={00001801, 0000180a, 00001800, 00001115, 00001116, 0000110a, 0000110e, 0000110c, 00001112, 0000113b, 00001200}
D/BluetoothAdapterService( 3184): getAdapterService() - returning com.android.bluetooth.btservice.AdapterService@29a5a5c5
D/BlueZ   ( 3184): external/bluetooth/bluez/android/hal-bluetooth.c:handle_adapter_props_changed() 
D/BtGatt.AdvertiseManager( 3184): advertise manager created
D/BlueZ   ( 3184): external/bluetooth/bluez/android/hal-bluetooth.c:adapter_props_to_hal() prop[0]: type=BT_PROPERTY_UUIDS len=176 val={00001801, 0000180a, 00001800, 00001115, 00001116, 0000110a, 0000110e, 0000110c, 00001112, 0000113b, 00001200}
D/BlueZ   ( 3184): external/bluetooth/bluez/android/hal-bluetooth.c:handle_adapter_props_changed() 
D/BlueZ   ( 3184): external/bluetooth/bluez/android/hal-bluetooth.c:adapter_props_to_hal() prop[0]: type=BT_PROPERTY_UUIDS len=176 val={00001801, 0000180a, 00001800, 00001115, 00001116, 0000110a, 0000110e, 0000110c, 00001112, 0000113b, 00001200}
D/BluetoothAdapterService( 3184): getAdapterService() - returning com.android.bluetooth.btservice.AdapterService@29a5a5c5
D/BluetoothMapService( 3184): Received start request. Starting profile...
D/BluetoothMapService( 3184): start()
D/BluetoothMap( 2618): Proxy object connected
D/BluetoothMapEmailSettingsLoader( 3184): Found 0 applications
D/BluetoothMapEmailAppObserver( 3184): createReceiver()
D/BluetoothMapEmailAppObserver( 3184): initObservers()
D/BluetoothMapEmailAppObserver( 3184): getEnabledAccountItems()
D/HeadsetStateMachine( 3184): Proxy object connected
D/HeadsetStateMachine( 3184): Disconnected process message: 10, size: 0
D/HeadsetPhoneState( 3184): sendDeviceStateChanged. mService=0 mSignal=0 mRoam=0 mBatteryCharge=5
D/HeadsetStateMachine( 3184): Disconnected process message: 11, size: 0
D/BluetoothAdapterState( 3184): CURRENT_STATE=PENDING, MESSAGE = STARTED, isTurningOn=true, isTurningOff=false
D/BlueZ   ( 3184): external/bluetooth/bluez/android/hal-bluetooth.c:enable() 
D/BlueZ   ( 3184): external/bluetooth/bluez/android/hal-bluetooth.c:handle_adapter_props_changed() 
D/BlueZ   ( 3184): external/bluetooth/bluez/android/hal-bluetooth.c:adapter_props_to_hal() prop[0]: type=BT_PROPERTY_BDADDR len=6 val=2c:d0:5a:e8:89:31
D/BlueZ   ( 3184): external/bluetooth/bluez/android/hal-bluetooth.c:adapter_props_to_hal() prop[1]: type=BT_PROPERTY_BDNAME len=17 val=CW37S            
D/BlueZ   ( 3184): external/bluetooth/bluez/android/hal-bluetooth.c:adapter_props_to_hal() prop[2]: type=BT_PROPERTY_CLASS_OF_DEVICE len=4 val=000000
D/BlueZ   ( 3184): external/bluetooth/bluez/android/hal-bluetooth.c:adapter_props_to_hal() prop[3]: type=BT_PROPERTY_TYPE_OF_DEVICE len=4 val=BT_DEVICE_DEVTYPE_DUAL
D/BlueZ   ( 3184): external/bluetooth/bluez/android/hal-bluetooth.c:adapter_props_to_hal() prop[4]: type=BT_PROPERTY_ADAPTER_SCAN_MODE len=4 val=BT_SCAN_MODE_NONE
D/BlueZ   ( 3184): external/bluetooth/bluez/android/hal-bluetooth.c:adapter_props_to_hal() prop[5]: type=BT_PROPERTY_ADAPTER_DISCOVERY_TIMEOUT len=4 val=120
D/BlueZ   ( 3184): external/bluetooth/bluez/android/hal-bluetooth.c:adapter_props_to_hal() prop[6]: type=BT_PROPERTY_ADAPTER_BONDED_DEVICES len=0 val={}
D/BlueZ   ( 3184): external/bluetooth/bluez/android/hal-bluetooth.c:adapter_props_to_hal() prop[7]: type=BT_PROPERTY_UUIDS len=176 val={00001801, 0000180a, 00001800, 00001115, 00001116, 0000110a, 0000110e, 0000110c, 00001112, 0000113b, 00001200}
D/BlueZ   ( 3184): external/bluetooth/bluez/android/hal-bluetooth.c:adapter_props_to_hal() prop[8]: type=BT_PROPERTY_LOCAL_LE_FEATURES len=8 val={
D/BlueZ   ( 3184): Privacy supported: FALSE,
D/BlueZ   ( 3184): Num of advertising instances: 0,
D/BlueZ   ( 3184): PRA offloading support: FALSE,
D/BlueZ   ( 3184): Num of offloaded IRKs: 0,
D/BlueZ   ( 3184): Num of offloaded scan filters: 0,
D/BlueZ   ( 3184): Num of offloaded scan results: 0,
D/BlueZ   ( 3184): Activity & energy report support: FALSE
D/BlueZ   ( 3184): }
D/BluetoothAdapterProperties( 3184): Address is:2C:D0:5A:E8:89:31
D/BluetoothAdapterProperties( 3184): Name is: CW37S            
D/BluetoothManagerService( 2277): Bluetooth Adapter name changed to CW37S            
D/BluetoothAdapterProperties( 3184): BT Class:0
E/BluetoothAdapterProperties( 3184): Property change not handled in Java land:5
D/BluetoothManagerService( 2277): Stored Bluetooth name: CW37S            
D/BluetoothAdapterProperties( 3184): Scan Mode:20
D/BluetoothAdapterProperties( 3184): Discoverable Timeout:120
D/BluetoothAdapterProperties( 3184): BT_PROPERTY_LOCAL_LE_FEATURES: update from BT controller mNumOfAdvertisementInstancesSupported = 0 mRpaOffloadSupported = false mNumOfOffloadedIrkSupported = 0 mNumOfOffloadedScanFilterSupported = 0 mOffloadedScanResultStorageBytes= 0 mIsActivityAndEnergyReporting = false
D/BlueZ   ( 3184): external/bluetooth/bluez/android/hal-bluetooth.c:handle_adapter_props_changed() 
D/BlueZ   ( 3184): external/bluetooth/bluez/android/hal-bluetooth.c:adapter_props_to_hal() prop[0]: type=BT_PROPERTY_CLASS_OF_DEVICE len=4 val=0a020c
D/BluetoothAdapterProperties( 3184): BT Class:655884
E/ProbeModule( 3406): insmod_by_dep: cannot load module: [crypto-ecb(aes)]
E/ProbeModule( 3408): insmod_by_dep: cannot load module: [crypto-ecb(aes)-all]
D/BlueZ   ( 3184): external/bluetooth/bluez/android/hal-bluetooth.c:handle_adapter_state_changed() state: BT_STATE_ON
D/BluetoothAdapterState( 3184): CURRENT_STATE=PENDING, MESSAGE = ENABLE_READY, isTurningOn=true, isTurningOff=false
D/BluetoothAdapterProperties( 3184): ScanMode =  20
D/BluetoothAdapterProperties( 3184): State =  11
D/BlueZ   ( 3184): external/bluetooth/bluez/android/hal-bluetooth.c:set_adapter_property() prop: type=BT_PROPERTY_ADAPTER_SCAN_MODE len=4 val=BT_SCAN_MODE_CONNECTABLE
D/BlueZ   ( 3184): external/bluetooth/bluez/android/hal-bluetooth.c:set_adapter_property() prop: type=BT_PROPERTY_ADAPTER_DISCOVERY_TIMEOUT len=4 val=120
D/BluetoothAdapterProperties( 3184): Setting state to 12
D/BlueZ   ( 3184): external/bluetooth/bluez/android/hal-bluetooth.c:handle_adapter_props_changed() 
I/BluetoothAdapterState( 3184): Bluetooth adapter state changed: 11-> 12
