I/SystemServer( 2277): Entered the Android system server!
V/Fingerprint-JNI( 2277): FingerprintManager JNI ready.
D/SensorService( 2277): nuSensorService starting...
D/KbdSensor( 2277): open_kbd_sensor: id=poll
D/KbdSensor( 2277): SensorFd: module=0x7fa436b4f300 dev=0x7fa438066680
I/KbdSensor( 2277): Open AT Translated Set 2 keyboard ok, fd=19
D/KbdSensor( 2277): SensorPollContext: dev=0x7fa438066680 fd=19
D/KbdSensor( 2277): poll_activate: dev=0x7fa438066680 handle=0 enabled=0
D/SensorService( 2277): new thread SensorEventAckReceiver
D/SensorService( 2277): nuSensorService thread starting...
I/SystemServiceManager( 2277): Starting com.android.server.pm.Installer
I/Installer( 2277): Waiting for installd to be ready.
I/InstallerConnection( 2277): connecting...
I/installd( 1992): new connection
I/SystemServiceManager( 2277): Starting com.android.server.am.ActivityManagerService$Lifecycle
I/ActivityManager( 2277): Memory class: 192
I/AppOps  ( 2277): No existing app ops /data/system/appops.xml; starting empty
I/IntentFirewall( 2277): Read new rules (A:0 B:0 S:0)
D/AppOps  ( 2277): AppOpsService published
I/SystemServiceManager( 2277): Starting com.android.server.power.PowerManagerService
I/libsuspend( 2277): Selected early suspend
E/libsuspend( 2277): Error accessing /sys/power/wait_for_fb_sleep: No such file or directory
I/SystemServiceManager( 2277): Starting com.android.server.display.DisplayManagerService
I/SystemServiceManager( 2277): Starting phase 100
I/DisplayManagerService( 2277): Display device added: DisplayDeviceInfo{"Built-in Screen": uniqueId="local:0", 1920 x 1080, 60.000004 fps, supportedRefreshRates [60.000004], density 240, 128.0 x 130.0 dpi, appVsyncOff 0, presDeadline 17666666, touch INTERNAL, rotation 0, type BUILT_IN, state UNKNOWN, FLAG_DEFAULT_DISPLAY, FLAG_ROTATES_WITH_CONTENT, FLAG_SECURE, FLAG_SUPPORTS_PROTECTED_BUFFERS}
I/SystemServer( 2277): Package Manager
W/SELinuxMMAC( 2277): Error opening /data/system/seapp_hash. Assuming first boot.
W/FileUtils( 2277): Failed to chmod(/data/system/packages.list): android.system.ErrnoException: chmod failed: ENOENT (No such file or directory)
W/SystemConfig( 2277): No directory /system/etc/sysconfig, skipping
D/SELinuxMMAC( 2277): Using policy file /system/etc/security/mac_permissions.xml
I/PackageManager( 2277): No settings file; creating initial state
I/art     ( 2277): DexFile_isDexOptNeeded file /system/framework/x86_64/com.android.location.provider.odex needs to be relocated for /system/framework/com.android.location.provider.jar
E/installd( 2317): Running /system/bin/patchoat isa=x86_64 in-fd=5 (/system/framework/x86_64/com.android.location.provider.odex) out-fd=6 (/data/dalvik-cache/x86_64/system@framework@com.android.location.provider.jar@classes.dex)
I/art     ( 2277): DexFile_isDexOptNeeded file /system/framework/x86_64/com.android.future.usb.accessory.odex needs to be relocated for /system/framework/com.android.future.usb.accessory.jar
E/installd( 2318): Running /system/bin/patchoat isa=x86_64 in-fd=5 (/system/framework/x86_64/com.android.future.usb.accessory.odex) out-fd=6 (/data/dalvik-cache/x86_64/system@framework@com.android.future.usb.accessory.jar@classes.dex)
I/art     ( 2277): DexFile_isDexOptNeeded file /system/framework/x86_64/javax.obex.odex needs to be relocated for /system/framework/javax.obex.jar
E/installd( 2319): Running /system/bin/patchoat isa=x86_64 in-fd=5 (/system/framework/x86_64/javax.obex.odex) out-fd=6 (/data/dalvik-cache/x86_64/system@framework@javax.obex.jar@classes.dex)
I/art     ( 2277): DexFile_isDexOptNeeded file /system/framework/x86_64/android.test.runner.odex needs to be relocated for /system/framework/android.test.runner.jar
E/installd( 2320): Running /system/bin/patchoat isa=x86_64 in-fd=5 (/system/framework/x86_64/android.test.runner.odex) out-fd=6 (/data/dalvik-cache/x86_64/system@framework@android.test.runner.jar@classes.dex)
I/art     ( 2277): DexFile_isDexOptNeeded file /system/framework/x86_64/com.android.media.remotedisplay.odex needs to be relocated for /system/framework/com.android.media.remotedisplay.jar
E/installd( 2321): Running /system/bin/patchoat isa=x86_64 in-fd=5 (/system/framework/x86_64/com.android.media.remotedisplay.odex) out-fd=6 (/data/dalvik-cache/x86_64/system@framework@com.android.media.remotedisplay.jar@classes.dex)
I/art     ( 2277): DexFile_isDexOptNeeded file /system/framework/x86_64/com.android.mediadrm.signer.odex needs to be relocated for /system/framework/com.android.mediadrm.signer.jar
E/installd( 2322): Running /system/bin/patchoat isa=x86_64 in-fd=5 (/system/framework/x86_64/com.android.mediadrm.signer.odex) out-fd=6 (/data/dalvik-cache/x86_64/system@framework@com.android.mediadrm.signer.jar@classes.dex)
I/art     ( 2277): DexFile_isDexOptNeeded file /system/framework/x86/com.android.location.provider.odex needs to be relocated for /system/framework/com.android.location.provider.jar
E/installd( 2323): Running /system/bin/patchoat isa=x86 in-fd=5 (/system/framework/x86/com.android.location.provider.odex) out-fd=6 (/data/dalvik-cache/x86/system@framework@com.android.location.provider.jar@classes.dex)
I/art     ( 2277): DexFile_isDexOptNeeded file /system/framework/x86/com.android.future.usb.accessory.odex needs to be relocated for /system/framework/com.android.future.usb.accessory.jar
E/installd( 2324): Running /system/bin/patchoat isa=x86 in-fd=5 (/system/framework/x86/com.android.future.usb.accessory.odex) out-fd=6 (/data/dalvik-cache/x86/system@framework@com.android.future.usb.accessory.jar@classes.dex)
I/art     ( 2277): DexFile_isDexOptNeeded file /system/framework/x86/javax.obex.odex needs to be relocated for /system/framework/javax.obex.jar
E/installd( 2325): Running /system/bin/patchoat isa=x86 in-fd=5 (/system/framework/x86/javax.obex.odex) out-fd=6 (/data/dalvik-cache/x86/system@framework@javax.obex.jar@classes.dex)
I/art     ( 2277): DexFile_isDexOptNeeded file /system/framework/x86/android.test.runner.odex needs to be relocated for /system/framework/android.test.runner.jar
E/installd( 2326): Running /system/bin/patchoat isa=x86 in-fd=5 (/system/framework/x86/android.test.runner.odex) out-fd=6 (/data/dalvik-cache/x86/system@framework@android.test.runner.jar@classes.dex)
I/art     ( 2277): DexFile_isDexOptNeeded file /system/framework/x86/com.android.media.remotedisplay.odex needs to be relocated for /system/framework/com.android.media.remotedisplay.jar
E/installd( 2327): Running /system/bin/patchoat isa=x86 in-fd=5 (/system/framework/x86/com.android.media.remotedisplay.odex) out-fd=6 (/data/dalvik-cache/x86/system@framework@com.android.media.remotedisplay.jar@classes.dex)
I/art     ( 2277): DexFile_isDexOptNeeded file /system/framework/x86/com.android.mediadrm.signer.odex needs to be relocated for /system/framework/com.android.mediadrm.signer.jar
E/installd( 2328): Running /system/bin/patchoat isa=x86 in-fd=5 (/system/framework/x86/com.android.mediadrm.signer.odex) out-fd=6 (/data/dalvik-cache/x86/system@framework@com.android.mediadrm.signer.jar@classes.dex)
I/art     ( 2277): DexFile_isDexOptNeeded file /system/framework/x86_64/am.odex needs to be relocated for /system/framework/am.jar
E/installd( 2329): Running /system/bin/patchoat isa=x86_64 in-fd=5 (/system/framework/x86_64/am.odex) out-fd=6 (/data/dalvik-cache/x86_64/system@framework@am.jar@classes.dex)
I/art     ( 2277): DexFile_isDexOptNeeded file /system/framework/x86_64/appops.odex needs to be relocated for /system/framework/appops.jar
E/installd( 2330): Running /system/bin/patchoat isa=x86_64 in-fd=5 (/system/framework/x86_64/appops.odex) out-fd=6 (/data/dalvik-cache/x86_64/system@framework@appops.jar@classes.dex)
I/art     ( 2277): DexFile_isDexOptNeeded file /system/framework/x86_64/appwidget.odex needs to be relocated for /system/framework/appwidget.jar
E/installd( 2331): Running /system/bin/patchoat isa=x86_64 in-fd=5 (/system/framework/x86_64/appwidget.odex) out-fd=6 (/data/dalvik-cache/x86_64/system@framework@appwidget.jar@classes.dex)
I/art     ( 2277): DexFile_isDexOptNeeded file /system/framework/x86_64/bmgr.odex needs to be relocated for /system/framework/bmgr.jar
E/installd( 2332): Running /system/bin/patchoat isa=x86_64 in-fd=5 (/system/framework/x86_64/bmgr.odex) out-fd=6 (/data/dalvik-cache/x86_64/system@framework@bmgr.jar@classes.dex)
I/art     ( 2277): DexFile_isDexOptNeeded file /system/framework/x86_64/bu.odex needs to be relocated for /system/framework/bu.jar
E/installd( 2333): Running /system/bin/patchoat isa=x86_64 in-fd=5 (/system/framework/x86_64/bu.odex) out-fd=6 (/data/dalvik-cache/x86_64/system@framework@bu.jar@classes.dex)
I/art     ( 2277): DexFile_isDexOptNeeded file /system/framework/x86_64/content.odex needs to be relocated for /system/framework/content.jar
E/installd( 2334): Running /system/bin/patchoat isa=x86_64 in-fd=5 (/system/framework/x86_64/content.odex) out-fd=6 (/data/dalvik-cache/x86_64/system@framework@content.jar@classes.dex)
I/art     ( 2277): DexFile_isDexOptNeeded file /system/framework/x86_64/dpm.odex needs to be relocated for /system/framework/dpm.jar
E/installd( 2335): Running /system/bin/patchoat isa=x86_64 in-fd=5 (/system/framework/x86_64/dpm.odex) out-fd=6 (/data/dalvik-cache/x86_64/system@framework@dpm.jar@classes.dex)
I/art     ( 2277): DexFile_isDexOptNeeded file /system/framework/x86_64/ime.odex needs to be relocated for /system/framework/ime.jar
E/installd( 2336): Running /system/bin/patchoat isa=x86_64 in-fd=5 (/system/framework/x86_64/ime.odex) out-fd=6 (/data/dalvik-cache/x86_64/system@framework@ime.jar@classes.dex)
I/art     ( 2277): DexFile_isDexOptNeeded file /system/framework/x86_64/input.odex needs to be relocated for /system/framework/input.jar
E/installd( 2337): Running /system/bin/patchoat isa=x86_64 in-fd=5 (/system/framework/x86_64/input.odex) out-fd=6 (/data/dalvik-cache/x86_64/system@framework@input.jar@classes.dex)
I/art     ( 2277): DexFile_isDexOptNeeded file /system/framework/x86_64/media_cmd.odex needs to be relocated for /system/framework/media_cmd.jar
E/installd( 2338): Running /system/bin/patchoat isa=x86_64 in-fd=5 (/system/framework/x86_64/media_cmd.odex) out-fd=6 (/data/dalvik-cache/x86_64/system@framework@media_cmd.jar@classes.dex)
I/art     ( 2277): DexFile_isDexOptNeeded file /system/framework/x86_64/monkey.odex needs to be relocated for /system/framework/monkey.jar
E/installd( 2339): Running /system/bin/patchoat isa=x86_64 in-fd=5 (/system/framework/x86_64/monkey.odex) out-fd=6 (/data/dalvik-cache/x86_64/system@framework@monkey.jar@classes.dex)
I/art     ( 2277): DexFile_isDexOptNeeded file /system/framework/x86_64/pm.odex needs to be relocated for /system/framework/pm.jar
E/installd( 2340): Running /system/bin/patchoat isa=x86_64 in-fd=5 (/system/framework/x86_64/pm.odex) out-fd=6 (/data/dalvik-cache/x86_64/system@framework@pm.jar@classes.dex)
I/art     ( 2277): DexFile_isDexOptNeeded file /system/framework/x86_64/requestsync.odex needs to be relocated for /system/framework/requestsync.jar
E/installd( 2341): Running /system/bin/patchoat isa=x86_64 in-fd=5 (/system/framework/x86_64/requestsync.odex) out-fd=6 (/data/dalvik-cache/x86_64/system@framework@requestsync.jar@classes.dex)
I/art     ( 2277): DexFile_isDexOptNeeded file /system/framework/x86_64/settings.odex needs to be relocated for /system/framework/settings.jar
E/installd( 2342): Running /system/bin/patchoat isa=x86_64 in-fd=5 (/system/framework/x86_64/settings.odex) out-fd=6 (/data/dalvik-cache/x86_64/system@framework@settings.jar@classes.dex)
I/art     ( 2277): DexFile_isDexOptNeeded file /system/framework/x86_64/svc.odex needs to be relocated for /system/framework/svc.jar
E/installd( 2343): Running /system/bin/patchoat isa=x86_64 in-fd=5 (/system/framework/x86_64/svc.odex) out-fd=6 (/data/dalvik-cache/x86_64/system@framework@svc.jar@classes.dex)
I/art     ( 2277): DexFile_isDexOptNeeded file /system/framework/x86_64/uiautomator.odex needs to be relocated for /system/framework/uiautomator.jar
E/installd( 2344): Running /system/bin/patchoat isa=x86_64 in-fd=5 (/system/framework/x86_64/uiautomator.odex) out-fd=6 (/data/dalvik-cache/x86_64/system@framework@uiautomator.jar@classes.dex)
I/art     ( 2277): DexFile_isDexOptNeeded file /system/framework/x86_64/wm.odex needs to be relocated for /system/framework/wm.jar
E/installd( 2345): Running /system/bin/patchoat isa=x86_64 in-fd=5 (/system/framework/x86_64/wm.odex) out-fd=6 (/data/dalvik-cache/x86_64/system@framework@wm.jar@classes.dex)
I/art     ( 2277): DexFile_isDexOptNeeded file /system/framework/x86/am.odex needs to be relocated for /system/framework/am.jar
E/installd( 2346): Running /system/bin/patchoat isa=x86 in-fd=5 (/system/framework/x86/am.odex) out-fd=6 (/data/dalvik-cache/x86/system@framework@am.jar@classes.dex)
I/art     ( 2277): DexFile_isDexOptNeeded file /system/framework/x86/appops.odex needs to be relocated for /system/framework/appops.jar
E/installd( 2347): Running /system/bin/patchoat isa=x86 in-fd=5 (/system/framework/x86/appops.odex) out-fd=6 (/data/dalvik-cache/x86/system@framework@appops.jar@classes.dex)
I/art     ( 2277): DexFile_isDexOptNeeded file /system/framework/x86/appwidget.odex needs to be relocated for /system/framework/appwidget.jar
E/installd( 2348): Running /system/bin/patchoat isa=x86 in-fd=5 (/system/framework/x86/appwidget.odex) out-fd=6 (/data/dalvik-cache/x86/system@framework@appwidget.jar@classes.dex)
I/art     ( 2277): DexFile_isDexOptNeeded file /system/framework/x86/bmgr.odex needs to be relocated for /system/framework/bmgr.jar
E/installd( 2349): Running /system/bin/patchoat isa=x86 in-fd=5 (/system/framework/x86/bmgr.odex) out-fd=6 (/data/dalvik-cache/x86/system@framework@bmgr.jar@classes.dex)
I/art     ( 2277): DexFile_isDexOptNeeded file /system/framework/x86/bu.odex needs to be relocated for /system/framework/bu.jar
E/installd( 2350): Running /system/bin/patchoat isa=x86 in-fd=5 (/system/framework/x86/bu.odex) out-fd=6 (/data/dalvik-cache/x86/system@framework@bu.jar@classes.dex)
I/art     ( 2277): DexFile_isDexOptNeeded file /system/framework/x86/content.odex needs to be relocated for /system/framework/content.jar
E/installd( 2351): Running /system/bin/patchoat isa=x86 in-fd=5 (/system/framework/x86/content.odex) out-fd=6 (/data/dalvik-cache/x86/system@framework@content.jar@classes.dex)
I/art     ( 2277): DexFile_isDexOptNeeded file /system/framework/x86/dpm.odex needs to be relocated for /system/framework/dpm.jar
E/installd( 2352): Running /system/bin/patchoat isa=x86 in-fd=5 (/system/framework/x86/dpm.odex) out-fd=6 (/data/dalvik-cache/x86/system@framework@dpm.jar@classes.dex)
I/art     ( 2277): DexFile_isDexOptNeeded file /system/framework/x86/ime.odex needs to be relocated for /system/framework/ime.jar
E/installd( 2353): Running /system/bin/patchoat isa=x86 in-fd=5 (/system/framework/x86/ime.odex) out-fd=6 (/data/dalvik-cache/x86/system@framework@ime.jar@classes.dex)
I/art     ( 2277): DexFile_isDexOptNeeded file /system/framework/x86/input.odex needs to be relocated for /system/framework/input.jar
E/installd( 2354): Running /system/bin/patchoat isa=x86 in-fd=5 (/system/framework/x86/input.odex) out-fd=6 (/data/dalvik-cache/x86/system@framework@input.jar@classes.dex)
I/art     ( 2277): DexFile_isDexOptNeeded file /system/framework/x86/media_cmd.odex needs to be relocated for /system/framework/media_cmd.jar
E/installd( 2355): Running /system/bin/patchoat isa=x86 in-fd=5 (/system/framework/x86/media_cmd.odex) out-fd=6 (/data/dalvik-cache/x86/system@framework@media_cmd.jar@classes.dex)
I/art     ( 2277): DexFile_isDexOptNeeded file /system/framework/x86/monkey.odex needs to be relocated for /system/framework/monkey.jar
E/installd( 2356): Running /system/bin/patchoat isa=x86 in-fd=5 (/system/framework/x86/monkey.odex) out-fd=6 (/data/dalvik-cache/x86/system@framework@monkey.jar@classes.dex)
I/art     ( 2277): DexFile_isDexOptNeeded file /system/framework/x86/pm.odex needs to be relocated for /system/framework/pm.jar
E/installd( 2357): Running /system/bin/patchoat isa=x86 in-fd=5 (/system/framework/x86/pm.odex) out-fd=6 (/data/dalvik-cache/x86/system@framework@pm.jar@classes.dex)
I/art     ( 2277): DexFile_isDexOptNeeded file /system/framework/x86/requestsync.odex needs to be relocated for /system/framework/requestsync.jar
E/installd( 2358): Running /system/bin/patchoat isa=x86 in-fd=5 (/system/framework/x86/requestsync.odex) out-fd=6 (/data/dalvik-cache/x86/system@framework@requestsync.jar@classes.dex)
I/art     ( 2277): DexFile_isDexOptNeeded file /system/framework/x86/settings.odex needs to be relocated for /system/framework/settings.jar
E/installd( 2359): Running /system/bin/patchoat isa=x86 in-fd=5 (/system/framework/x86/settings.odex) out-fd=6 (/data/dalvik-cache/x86/system@framework@settings.jar@classes.dex)
I/art     ( 2277): DexFile_isDexOptNeeded file /system/framework/x86/svc.odex needs to be relocated for /system/framework/svc.jar
E/installd( 2360): Running /system/bin/patchoat isa=x86 in-fd=5 (/system/framework/x86/svc.odex) out-fd=6 (/data/dalvik-cache/x86/system@framework@svc.jar@classes.dex)
I/art     ( 2277): DexFile_isDexOptNeeded file /system/framework/x86/uiautomator.odex needs to be relocated for /system/framework/uiautomator.jar
E/installd( 2361): Running /system/bin/patchoat isa=x86 in-fd=5 (/system/framework/x86/uiautomator.odex) out-fd=6 (/data/dalvik-cache/x86/system@framework@uiautomator.jar@classes.dex)
I/art     ( 2277): DexFile_isDexOptNeeded file /system/framework/x86/wm.odex needs to be relocated for /system/framework/wm.jar
E/installd( 2362): Running /system/bin/patchoat isa=x86 in-fd=5 (/system/framework/x86/wm.odex) out-fd=6 (/data/dalvik-cache/x86/system@framework@wm.jar@classes.dex)
D/PackageManager( 2277): No files in app dir /vendor/overlay
I/PackageManager( 2277): /system/framework/framework-res.apk changed; collecting certs
W/PackageManager( 2277): Failed to parse /system/framework/x86: Missing base APK in /system/framework/x86
W/PackageManager( 2277): Failed to parse /system/framework/x86_64: Missing base APK in /system/framework/x86_64
I/CameraService( 1991): CameraService started (pid=1991)
I/PackageManager( 2277): /system/priv-app/BackupRestoreConfirmation changed; collecting certs
I/art     ( 2277): DexFile_isDexOptNeeded file /system/priv-app/BackupRestoreConfirmation/x86_64/BackupRestoreConfirmation.odex needs to be relocated for /system/priv-app/BackupRestoreConfirmation/BackupRestoreConfirmation.apk
I/PackageManager( 2277): /system/priv-app/CalendarProvider changed; collecting certs
D/Camera_Factory( 1991): CameraFactory::CameraFactory
D/Camera_Factory( 1991): CameraFactory::parseConfig: configFile = /etc/camera.cfg
D/Camera_Factory( 1991): /etc/camera.cfg not found, using camera configuration defaults
I/CameraService( 1991): Loaded "Camera Module" camera module
D/Camera_Factory( 1991): CameraFactory::get_number_of_cameras
D/Camera_Factory( 1991): CameraFactory::getCameraNum: 0
I/AudioPolicyService( 1991): AudioPolicyService CSTOR in new mode
I/PackageManager( 2277): New shared user android.uid.calendar: id=10001
I/AudioPolicyManager( 1991): loadAudioPolicyConfig() loaded /system/etc/audio_policy.conf
E/audio_hw_primary( 1991): Failed to open /system/etc/mixer_paths.xml
I/AudioFlinger( 1991): loadHwModule() Loaded primary audio interface from Grouper audio HW HAL (audio) handle 1
I/AudioFlinger( 1991): HAL output buffer size 512 frames, normal sink buffer size 1024 frames
I/art     ( 2277): DexFile_isDexOptNeeded file /system/priv-app/CalendarProvider/x86_64/CalendarProvider.odex needs to be relocated for /system/priv-app/CalendarProvider/CalendarProvider.apk
I/AudioMixer( 1991): found effect "Multichannel Downmix To Stereo" from The Android Open Source Project
E/MonoPipe( 1991): Failed to fetch local time frequency when constructing a MonoPipe (res = -32).  getNextWriteTimestamp calls will be non-functional
W/PackageParser( 2277): No actions in intent filter at /system/priv-app/Contacts/Contacts.apk Binary XML file line #356
I/PackageManager( 2277): /system/priv-app/Contacts changed; collecting certs
I/PackageManager( 2277): New shared user android.uid.shared: id=10002
I/art     ( 2277): DexFile_isDexOptNeeded file /system/priv-app/Contacts/x86_64/Contacts.odex needs to be relocated for /system/priv-app/Contacts/Contacts.apk
I/PackageManager( 2277): /system/priv-app/ContactsProvider changed; collecting certs
I/art     ( 2277): DexFile_isDexOptNeeded file /system/priv-app/ContactsProvider/x86_64/ContactsProvider.odex needs to be relocated for /system/priv-app/ContactsProvider/ContactsProvider.apk
I/PackageManager( 2277): /system/priv-app/DefaultContainerService changed; collecting certs
I/art     ( 2277): DexFile_isDexOptNeeded file /system/priv-app/DefaultContainerService/x86_64/DefaultContainerService.odex needs to be relocated for /system/priv-app/DefaultContainerService/DefaultContainerService.apk
W/PackageParser( 2277): No actions in intent filter at /system/priv-app/Dialer/Dialer.apk Binary XML file line #166
I/PackageManager( 2277): /system/priv-app/Dialer changed; collecting certs
I/art     ( 2277): DexFile_isDexOptNeeded file /system/priv-app/Dialer/x86_64/Dialer.odex needs to be relocated for /system/priv-app/Dialer/Dialer.apk
I/PackageManager( 2277): /system/priv-app/DownloadProvider changed; collecting certs
I/PackageManager( 2277): New shared user android.media: id=10005
I/art     ( 2277): DexFile_isDexOptNeeded file /system/priv-app/DownloadProvider/x86_64/DownloadProvider.odex needs to be relocated for /system/priv-app/DownloadProvider/DownloadProvider.apk
I/PackageManager( 2277): /system/priv-app/ExternalStorageProvider changed; collecting certs
I/art     ( 2277): DexFile_isDexOptNeeded file /system/priv-app/ExternalStorageProvider/x86_64/ExternalStorageProvider.odex needs to be relocated for /system/priv-app/ExternalStorageProvider/ExternalStorageProvider.apk
I/PackageManager( 2277): /system/priv-app/FusedLocation changed; collecting certs
I/art     ( 2277): DexFile_isDexOptNeeded file /system/priv-app/FusedLocation/x86_64/FusedLocation.odex needs to be relocated for /system/priv-app/FusedLocation/FusedLocation.apk
I/PackageManager( 2277): /system/priv-app/InputDevices changed; collecting certs
I/art     ( 2277): DexFile_isDexOptNeeded file /system/priv-app/InputDevices/x86_64/InputDevices.odex needs to be relocated for /system/priv-app/InputDevices/InputDevices.apk
I/PackageManager( 2277): /system/priv-app/ManagedProvisioning changed; collecting certs
I/art     ( 2277): DexFile_isDexOptNeeded file /system/priv-app/ManagedProvisioning/x86_64/ManagedProvisioning.odex needs to be relocated for /system/priv-app/ManagedProvisioning/ManagedProvisioning.apk
I/PackageManager( 2277): /system/priv-app/MediaProvider changed; collecting certs
I/art     ( 2277): DexFile_isDexOptNeeded file /system/priv-app/MediaProvider/x86_64/MediaProvider.odex needs to be relocated for /system/priv-app/MediaProvider/MediaProvider.apk
I/PackageManager( 2277): /system/priv-app/Mms changed; collecting certs
I/art     ( 2277): DexFile_isDexOptNeeded file /system/priv-app/Mms/x86_64/Mms.odex needs to be relocated for /system/priv-app/Mms/Mms.apk
I/PackageManager( 2277): /system/priv-app/MmsService changed; collecting certs
I/art     ( 2277): DexFile_isDexOptNeeded file /system/priv-app/MmsService/x86_64/MmsService.odex needs to be relocated for /system/priv-app/MmsService/MmsService.apk
I/PackageManager( 2277): /system/priv-app/MusicFX changed; collecting certs
I/art     ( 2277): DexFile_isDexOptNeeded file /system/priv-app/MusicFX/x86_64/MusicFX.odex needs to be relocated for /system/priv-app/MusicFX/MusicFX.apk
I/PackageManager( 2277): /system/priv-app/OneTimeInitializer changed; collecting certs
I/art     ( 2277): DexFile_isDexOptNeeded file /system/priv-app/OneTimeInitializer/x86_64/OneTimeInitializer.odex needs to be relocated for /system/priv-app/OneTimeInitializer/OneTimeInitializer.apk
I/PackageManager( 2277): /system/priv-app/ProxyHandler changed; collecting certs
I/art     ( 2277): DexFile_isDexOptNeeded file /system/priv-app/ProxyHandler/x86_64/ProxyHandler.odex needs to be relocated for /system/priv-app/ProxyHandler/ProxyHandler.apk
I/PackageManager( 2277): /system/priv-app/Settings changed; collecting certs
I/art     ( 2277): DexFile_isDexOptNeeded file /system/priv-app/Settings/x86_64/Settings.odex needs to be relocated for /system/priv-app/Settings/Settings.apk
I/PackageManager( 2277): /system/priv-app/SettingsProvider changed; collecting certs
I/art     ( 2277): DexFile_isDexOptNeeded file /system/priv-app/SettingsProvider/x86_64/SettingsProvider.odex needs to be relocated for /system/priv-app/SettingsProvider/SettingsProvider.apk
I/PackageManager( 2277): /system/priv-app/SharedStorageBackup changed; collecting certs
I/art     ( 2277): DexFile_isDexOptNeeded file /system/priv-app/SharedStorageBackup/x86_64/SharedStorageBackup.odex needs to be relocated for /system/priv-app/SharedStorageBackup/SharedStorageBackup.apk
I/PackageManager( 2277): /system/priv-app/Shell changed; collecting certs
I/art     ( 2277): DexFile_isDexOptNeeded file /system/priv-app/Shell/x86_64/Shell.odex needs to be relocated for /system/priv-app/Shell/Shell.apk
I/PackageManager( 2277): /system/priv-app/SystemUI changed; collecting certs
I/PackageManager( 2277): New shared user android.uid.systemui: id=10013
I/art     ( 2277): DexFile_isDexOptNeeded file /system/priv-app/SystemUI/x86_64/SystemUI.odex needs to be relocated for /system/priv-app/SystemUI/SystemUI.apk
I/PackageManager( 2277): /system/priv-app/TSCalibration2 changed; collecting certs
I/art     ( 2277): DexFile_isDexOptNeeded file /system/priv-app/TSCalibration2/x86_64/TSCalibration2.odex needs to be relocated for /system/priv-app/TSCalibration2/TSCalibration2.apk
W/ResourceType( 2277): Failure getting entry for 0x7f08026f (t=7 e=623) (error -75)
I/PackageManager( 2277): /system/priv-app/TeleService changed; collecting certs
I/art     ( 2277): DexFile_isDexOptNeeded file /system/priv-app/TeleService/x86_64/TeleService.odex needs to be relocated for /system/priv-app/TeleService/TeleService.apk
W/PackageParser( 2277): Unknown element under <intent-filter>: android at /system/priv-app/Telecom/Telecom.apk Binary XML file line #232
I/PackageManager( 2277): /system/priv-app/Telecom changed; collecting certs
I/art     ( 2277): DexFile_isDexOptNeeded file /system/priv-app/Telecom/x86_64/Telecom.odex needs to be relocated for /system/priv-app/Telecom/Telecom.apk
I/PackageManager( 2277): /system/priv-app/TelephonyProvider changed; collecting certs
I/art     ( 2277): DexFile_isDexOptNeeded file /system/priv-app/TelephonyProvider/x86_64/TelephonyProvider.odex needs to be relocated for /system/priv-app/TelephonyProvider/TelephonyProvider.apk
I/PackageManager( 2277): /system/priv-app/VpnDialogs changed; collecting certs
I/art     ( 2277): DexFile_isDexOptNeeded file /system/priv-app/VpnDialogs/x86_64/VpnDialogs.odex needs to be relocated for /system/priv-app/VpnDialogs/VpnDialogs.apk
I/PackageManager( 2277): /system/priv-app/WallpaperCropper changed; collecting certs
I/art     ( 2277): DexFile_isDexOptNeeded file /system/priv-app/WallpaperCropper/x86_64/WallpaperCropper.odex needs to be relocated for /system/priv-app/WallpaperCropper/WallpaperCropper.apk
W/PackageParser( 2277): No actions in intent filter at /system/app/AndroidTerm/AndroidTerm.apk Binary XML file line #149
I/PackageManager( 2277): /system/app/AndroidTerm changed; collecting certs
I/PackageManager( 2277): /system/app/BasicDreams changed; collecting certs
I/art     ( 2277): DexFile_isDexOptNeeded file /system/app/BasicDreams/x86_64/BasicDreams.odex needs to be relocated for /system/app/BasicDreams/BasicDreams.apk
I/PackageManager( 2277): /system/app/BasicSmsReceiver changed; collecting certs
I/art     ( 2277): DexFile_isDexOptNeeded file /system/app/BasicSmsReceiver/x86_64/BasicSmsReceiver.odex needs to be relocated for /system/app/BasicSmsReceiver/BasicSmsReceiver.apk
W/PackageParser( 2277): No actions in intent filter at /system/app/Bluetooth/Bluetooth.apk Binary XML file line #209
I/PackageManager( 2277): /system/app/Bluetooth changed; collecting certs
I/art     ( 2277): DexFile_isDexOptNeeded file /system/app/Bluetooth/x86_64/Bluetooth.odex needs to be relocated for /system/app/Bluetooth/Bluetooth.apk
I/PackageManager( 2277): /system/app/Browser changed; collecting certs
I/art     ( 2277): DexFile_isDexOptNeeded file /system/app/Browser/x86_64/Browser.odex needs to be relocated for /system/app/Browser/Browser.apk
W/PackageParser( 2277): No actions in intent filter at /system/app/CMFileManager/CMFileManager.apk Binary XML file line #166
I/PackageManager( 2277): /system/app/CMFileManager changed; collecting certs
E/sdcard  ( 1997): missing packages.list; retrying
I/art     ( 2277): DexFile_isDexOptNeeded file /system/app/CMFileManager/x86_64/CMFileManager.odex needs to be relocated for /system/app/CMFileManager/CMFileManager.apk
I/PackageManager( 2277): /system/app/Calculator changed; collecting certs
I/art     ( 2277): DexFile_isDexOptNeeded file /system/app/Calculator/x86_64/Calculator.odex needs to be relocated for /system/app/Calculator/Calculator.apk
I/PackageManager( 2277): /system/app/Calendar changed; collecting certs
I/art     ( 2277): DexFile_isDexOptNeeded file /system/app/Calendar/x86_64/Calendar.odex needs to be relocated for /system/app/Calendar/Calendar.apk
I/PackageManager( 2277): /system/app/Camera2 changed; collecting certs
I/art     ( 2277): DexFile_isDexOptNeeded file /system/app/Camera2/x86_64/Camera2.odex needs to be relocated for /system/app/Camera2/Camera2.apk
I/PackageManager( 2277): /system/app/CaptivePortalLogin changed; collecting certs
I/art     ( 2277): DexFile_isDexOptNeeded file /system/app/CaptivePortalLogin/x86_64/CaptivePortalLogin.odex needs to be relocated for /system/app/CaptivePortalLogin/CaptivePortalLogin.apk
I/PackageManager( 2277): /system/app/CertInstaller changed; collecting certs
I/art     ( 2277): DexFile_isDexOptNeeded file /system/app/CertInstaller/x86_64/CertInstaller.odex needs to be relocated for /system/app/CertInstaller/CertInstaller.apk
I/PackageManager( 2277): /system/app/DeskClock changed; collecting certs
I/art     ( 2277): DexFile_isDexOptNeeded file /system/app/DeskClock/x86_64/DeskClock.odex needs to be relocated for /system/app/DeskClock/DeskClock.apk
I/PackageManager( 2277): /system/app/Development changed; collecting certs
I/art     ( 2277): DexFile_isDexOptNeeded file /system/app/Development/x86_64/Development.odex needs to be relocated for /system/app/Development/Development.apk
I/PackageManager( 2277): /system/app/DocumentsUI changed; collecting certs
I/art     ( 2277): DexFile_isDexOptNeeded file /system/app/DocumentsUI/x86_64/DocumentsUI.odex needs to be relocated for /system/app/DocumentsUI/DocumentsUI.apk
I/PackageManager( 2277): /system/app/DownloadProviderUi changed; collecting certs
I/art     ( 2277): DexFile_isDexOptNeeded file /system/app/DownloadProviderUi/x86_64/DownloadProviderUi.odex needs to be relocated for /system/app/DownloadProviderUi/DownloadProviderUi.apk
I/PackageManager( 2277): /system/app/Email changed; collecting certs
I/art     ( 2277): DexFile_isDexOptNeeded file /system/app/Email/x86_64/Email.odex needs to be relocated for /system/app/Email/Email.apk
I/PackageManager( 2277): /system/app/Exchange2 changed; collecting certs
I/art     ( 2277): DexFile_isDexOptNeeded file /system/app/Exchange2/x86_64/Exchange2.odex needs to be relocated for /system/app/Exchange2/Exchange2.apk
I/PackageManager( 2277): /system/app/Galaxy4 changed; collecting certs
W/PackageParser( 2277): Unknown element under <application>: permission at /system/app/Gallery2/Gallery2.apk Binary XML file line #242
W/PackageParser( 2277): Unknown element under <application>: permission at /system/app/Gallery2/Gallery2.apk Binary XML file line #245
I/PackageManager( 2277): /system/app/Gallery2 changed; collecting certs
I/art     ( 2277): DexFile_isDexOptNeeded file /system/app/Gallery2/x86/Gallery2.odex needs to be relocated for /system/app/Gallery2/Gallery2.apk
I/PackageManager( 2277): /system/app/HTMLViewer changed; collecting certs
I/art     ( 2277): DexFile_isDexOptNeeded file /system/app/HTMLViewer/x86_64/HTMLViewer.odex needs to be relocated for /system/app/HTMLViewer/HTMLViewer.apk
I/PackageManager( 2277): /system/app/HoloSpiralWallpaper changed; collecting certs
I/PackageManager( 2277): /system/app/KeyChain changed; collecting certs
I/art     ( 2277): DexFile_isDexOptNeeded file /system/app/KeyChain/x86_64/KeyChain.odex needs to be relocated for /system/app/KeyChain/KeyChain.apk
I/PackageManager( 2277): /system/app/LatinIME changed; collecting certs
I/art     ( 2277): DexFile_isDexOptNeeded file /system/app/LatinIME/x86_64/LatinIME.odex needs to be relocated for /system/app/LatinIME/LatinIME.apk
I/PackageManager( 2277): /system/app/Launcher3 changed; collecting certs
I/art     ( 2277): DexFile_isDexOptNeeded file /system/app/Launcher3/x86_64/Launcher3.odex needs to be relocated for /system/app/Launcher3/Launcher3.apk
I/PackageManager( 2277): /system/app/LiveWallpapers changed; collecting certs
I/art     ( 2277): DexFile_isDexOptNeeded file /system/app/LiveWallpapers/x86_64/LiveWallpapers.odex needs to be relocated for /system/app/LiveWallpapers/LiveWallpapers.apk
I/PackageManager( 2277): /system/app/LiveWallpapersPicker changed; collecting certs
I/art     ( 2277): DexFile_isDexOptNeeded file /system/app/LiveWallpapersPicker/x86_64/LiveWallpapersPicker.odex needs to be relocated for /system/app/LiveWallpapersPicker/LiveWallpapersPicker.apk
I/PackageManager( 2277): /system/app/Music changed; collecting certs
I/art     ( 2277): DexFile_isDexOptNeeded file /system/app/Music/x86_64/Music.odex needs to be relocated for /system/app/Music/Music.apk
I/PackageManager( 2277): /system/app/NotePad changed; collecting certs
I/art     ( 2277): DexFile_isDexOptNeeded file /system/app/NotePad/x86_64/NotePad.odex needs to be relocated for /system/app/NotePad/NotePad.apk
I/PackageManager( 2277): /system/app/PacProcessor changed; collecting certs
I/art     ( 2277): DexFile_isDexOptNeeded file /system/app/PacProcessor/x86_64/PacProcessor.odex needs to be relocated for /system/app/PacProcessor/PacProcessor.apk
I/PackageManager( 2277): /system/app/PackageInstaller changed; collecting certs
I/art     ( 2277): DexFile_isDexOptNeeded file /system/app/PackageInstaller/x86_64/PackageInstaller.odex needs to be relocated for /system/app/PackageInstaller/PackageInstaller.apk
I/PackageManager( 2277): /system/app/PhaseBeam changed; collecting certs
I/PackageManager( 2277): /system/app/PicoTts changed; collecting certs
I/art     ( 2277): DexFile_isDexOptNeeded file /system/app/PicoTts/x86_64/PicoTts.odex needs to be relocated for /system/app/PicoTts/PicoTts.apk
I/PackageManager( 2277): /system/app/PrintSpooler changed; collecting certs
I/art     ( 2277): DexFile_isDexOptNeeded file /system/app/PrintSpooler/x86_64/PrintSpooler.odex needs to be relocated for /system/app/PrintSpooler/PrintSpooler.apk
I/PackageManager( 2277): /system/app/Provision changed; collecting certs
I/art     ( 2277): DexFile_isDexOptNeeded file /system/app/Provision/x86_64/Provision.odex needs to be relocated for /system/app/Provision/Provision.apk
I/PackageManager( 2277): /system/app/QuickSearchBox changed; collecting certs
I/art     ( 2277): DexFile_isDexOptNeeded file /system/app/QuickSearchBox/x86_64/QuickSearchBox.odex needs to be relocated for /system/app/QuickSearchBox/QuickSearchBox.apk
I/PackageManager( 2277): /system/app/RSSReader changed; collecting certs
I/art     ( 2277): DexFile_isDexOptNeeded file /system/app/RSSReader/x86_64/RSSReader.odex needs to be relocated for /system/app/RSSReader/RSSReader.apk
I/PackageManager( 2277): /system/app/SoundRecorder changed; collecting certs
I/art     ( 2277): DexFile_isDexOptNeeded file /system/app/SoundRecorder/x86_64/SoundRecorder.odex needs to be relocated for /system/app/SoundRecorder/SoundRecorder.apk
I/PackageManager( 2277): /system/app/SpeechRecorder changed; collecting certs
I/art     ( 2277): DexFile_isDexOptNeeded file /system/app/SpeechRecorder/x86_64/SpeechRecorder.odex needs to be relocated for /system/app/SpeechRecorder/SpeechRecorder.apk
I/PackageManager( 2277): /system/app/UserDictionaryProvider changed; collecting certs
I/art     ( 2277): DexFile_isDexOptNeeded file /system/app/UserDictionaryProvider/x86_64/UserDictionaryProvider.odex needs to be relocated for /system/app/UserDictionaryProvider/UserDictionaryProvider.apk
I/PackageManager( 2277): /system/app/VisualizationWallpapers changed; collecting certs
I/PackageManager( 2277): /system/app/webview changed; collecting certs
D/PackageManager( 2277): No files in app dir /system/vendor/app
D/PackageManager( 2277): No files in app dir /oem/app
D/PackageManager( 2277): No files in app dir /data/app
D/PackageManager( 2277): No files in app dir /data/app-private
W/PackageManager( 2277): Package com.android.gallery3d desires unavailable shared library com.google.android.media.effects; ignoring!
W/PackageManager( 2277): Package com.android.gallery3d desires unavailable shared library com.google.android.media.effects; ignoring!
I/PackageManager( 2277): Adjusting ABI for : com.android.location.fused to x86_64
I/art     ( 2277): DexFile_isDexOptNeeded file /system/priv-app/FusedLocation/x86_64/FusedLocation.odex needs to be relocated for /system/priv-app/FusedLocation/FusedLocation.apk
I/PackageManager( 2277): Running patchoat on: com.android.location.fused
E/installd( 2368): Running /system/bin/patchoat isa=x86_64 in-fd=5 (/system/priv-app/FusedLocation/x86_64/FusedLocation.odex) out-fd=6 (/data/dalvik-cache/x86_64/system@priv-app@FusedLocation@FusedLocation.apk@classes.dex)
I/PackageManager( 2277): Adjusting ABI for : com.android.inputdevices to x86_64
I/art     ( 2277): DexFile_isDexOptNeeded file /system/priv-app/InputDevices/x86_64/InputDevices.odex needs to be relocated for /system/priv-app/InputDevices/InputDevices.apk
I/PackageManager( 2277): Running patchoat on: com.android.inputdevices
E/installd( 2369): Running /system/bin/patchoat isa=x86_64 in-fd=5 (/system/priv-app/InputDevices/x86_64/InputDevices.odex) out-fd=6 (/data/dalvik-cache/x86_64/system@priv-app@InputDevices@InputDevices.apk@classes.dex)
I/PackageManager( 2277): Adjusting ABI for : com.android.keychain to x86_64
I/art     ( 2277): DexFile_isDexOptNeeded file /system/app/KeyChain/x86_64/KeyChain.odex needs to be relocated for /system/app/KeyChain/KeyChain.apk
I/PackageManager( 2277): Running patchoat on: com.android.keychain
E/installd( 2370): Running /system/bin/patchoat isa=x86_64 in-fd=5 (/system/app/KeyChain/x86_64/KeyChain.odex) out-fd=6 (/data/dalvik-cache/x86_64/system@app@KeyChain@KeyChain.apk@classes.dex)
I/PackageManager( 2277): Adjusting ABI for : com.android.settings to x86_64
I/art     ( 2277): DexFile_isDexOptNeeded file /system/priv-app/Settings/x86_64/Settings.odex needs to be relocated for /system/priv-app/Settings/Settings.apk
I/PackageManager( 2277): Running patchoat on: com.android.settings
E/installd( 2371): Running /system/bin/patchoat isa=x86_64 in-fd=5 (/system/priv-app/Settings/x86_64/Settings.odex) out-fd=6 (/data/dalvik-cache/x86_64/system@priv-app@Settings@Settings.apk@classes.dex)
I/PackageManager( 2277): Adjusting ABI for : com.android.server.telecom to x86_64
I/art     ( 2277): DexFile_isDexOptNeeded file /system/priv-app/Telecom/x86_64/Telecom.odex needs to be relocated for /system/priv-app/Telecom/Telecom.apk
I/PackageManager( 2277): Running patchoat on: com.android.server.telecom
E/installd( 2372): Running /system/bin/patchoat isa=x86_64 in-fd=5 (/system/priv-app/Telecom/x86_64/Telecom.odex) out-fd=6 (/data/dalvik-cache/x86_64/system@priv-app@Telecom@Telecom.apk@classes.dex)
I/PackageManager( 2277): Adjusting ABI for : org.zeroxlab.util.tscal to x86_64
I/art     ( 2277): DexFile_isDexOptNeeded file /system/priv-app/TSCalibration2/x86_64/TSCalibration2.odex needs to be relocated for /system/priv-app/TSCalibration2/TSCalibration2.apk
I/PackageManager( 2277): Running patchoat on: org.zeroxlab.util.tscal
E/installd( 2373): Running /system/bin/patchoat isa=x86_64 in-fd=5 (/system/priv-app/TSCalibration2/x86_64/TSCalibration2.odex) out-fd=6 (/data/dalvik-cache/x86_64/system@priv-app@TSCalibration2@TSCalibration2.apk@classes.dex)
I/PackageManager( 2277): Adjusting ABI for : com.android.providers.settings to x86_64
I/art     ( 2277): DexFile_isDexOptNeeded file /system/priv-app/SettingsProvider/x86_64/SettingsProvider.odex needs to be relocated for /system/priv-app/SettingsProvider/SettingsProvider.apk
I/PackageManager( 2277): Running patchoat on: com.android.providers.settings
E/installd( 2374): Running /system/bin/patchoat isa=x86_64 in-fd=5 (/system/priv-app/SettingsProvider/x86_64/SettingsProvider.odex) out-fd=6 (/data/dalvik-cache/x86_64/system@priv-app@SettingsProvider@SettingsProvider.apk@classes.dex)
I/PackageManager( 2277): Time to scan packages: 1.903 seconds
W/PackageManager( 2277): Unknown permission com.google.android.googleapps.permission.GOOGLE_AUTH in package com.android.providers.calendar
W/PackageManager( 2277): Unknown permission com.google.android.googleapps.permission.GOOGLE_AUTH.cl in package com.android.providers.calendar
W/PackageManager( 2277): Not granting permission android.permission.GLOBAL_SEARCH to package com.android.quicksearchbox (protectionLevel=18 flags=0x8be45)
W/PackageManager( 2277): Not granting permission android.permission.ACCESS_DOWNLOAD_MANAGER to package com.android.browser (protectionLevel=18 flags=0x9be45)
W/PackageManager( 2277): Not granting permission android.permission.SEND_DOWNLOAD_COMPLETED_INTENTS to package com.android.browser (protectionLevel=2 flags=0x9be45)
W/PackageManager( 2277): Not granting permission android.permission.BIND_WALLPAPER to package com.android.camera2 (protectionLevel=18 flags=0x58bc45)
W/PackageManager( 2277): Unknown permission android.permission.INSTALL_DRM in package com.android.mms
W/PackageManager( 2277): Not granting permission android.permission.BIND_APPWIDGET to package com.android.launcher3 (protectionLevel=18 flags=0x483e45)
W/PackageManager( 2277): Unknown permission com.android.launcher.permission.READ_SETTINGS in package com.android.launcher3
W/PackageManager( 2277): Unknown permission com.android.launcher.permission.WRITE_SETTINGS in package com.android.launcher3
W/PackageManager( 2277): Unknown permission com.google.android.googleapps.permission.GOOGLE_AUTH.mail in package com.android.calendar
W/PackageManager( 2277): Unknown permission com.android.launcher.permission.READ_SETTINGS in package com.android.onetimeinitializer
W/PackageManager( 2277): Unknown permission com.android.launcher.permission.WRITE_SETTINGS in package com.android.onetimeinitializer
W/PackageManager( 2277): Not granting permission android.permission.DELETE_PACKAGES to package com.svox.pico (protectionLevel=18 flags=0x8be45)
W/PackageManager( 2277): Unknown permission com.cyanogenmod.filemanager.permissions.READ_THEME in package com.cyanogenmod.filemanager
W/PackageManager( 2277): Unknown permission com.google.android.googleapps.permission.GOOGLE_AUTH in package com.android.settings
W/PackageManager( 2277): Unknown permission com.android.launcher.permission.READ_SETTINGS in package com.android.settings
W/PackageManager( 2277): Unknown permission com.android.launcher.permission.WRITE_SETTINGS in package com.android.settings
W/PackageManager( 2277): Unknown permission com.android.smspush.WAPPUSH_MANAGER_BIND in package com.android.phone
W/PackageManager( 2277): Not granting permission android.permission.DEVICE_POWER to package com.android.deskclock (protectionLevel=2 flags=0x48be45)
W/PackageManager( 2277): Unknown permission com.google.android.gallery3d.permission.GALLERY_PROVIDER in package com.android.bluetooth
W/PackageManager( 2277): Unknown permission com.google.android.googleapps.permission.ACCESS_GOOGLE_PASSWORD in package com.android.development
W/PackageManager( 2277): Unknown permission com.google.android.googleapps.permission.GOOGLE_AUTH in package com.android.development
W/PackageManager( 2277): Unknown permission com.google.android.googleapps.permission.GOOGLE_AUTH.ALL_SERVICES in package com.android.development
W/PackageManager( 2277): Unknown permission com.google.android.googleapps.permission.GOOGLE_AUTH.YouTubeUser in package com.android.development
I/art     ( 2277): Explicit concurrent mark sweep GC freed 25471(1612KB) AllocSpace objects, 13(196KB) LOS objects, 33% free, 4MB/6MB, paused 323us total 6.725ms
I/SystemServer( 2277): User Service
I/lowmemorykiller( 1981): ActivityManager connected
I/SystemServiceManager( 2277): Starting com.android.server.lights.LightsService
D/lights  ( 2277): Detect /sys/class/backlight/intel_backlight/max_brightness
D/lights  ( 2277): Detect /sys/class/backlight/intel_backlight/brightness
I/SystemServiceManager( 2277): Starting com.android.server.BatteryService
I/SystemServiceManager( 2277): Starting com.android.server.usage.UsageStatsService
I/UsageStatsDatabase( 2277): Upgrading from version 0 to 2
I/UsageStatsDatabase( 2277): Deleting all usage stats files
I/UsageStatsService( 2277): User[0] Rollover scheduled @ 2015-12-17 00:00:00(1450310400000)
I/SystemServiceManager( 2277): Starting com.android.server.webkit.WebViewUpdateService
I/SystemServer( 2277): Reading configuration...
I/SystemServer( 2277): Scheduling Policy
I/SystemServiceManager( 2277): Starting com.android.server.telecom.TelecomLoaderService
I/SystemServer( 2277): Telephony Registry
I/SystemServer( 2277): Entropy Mixer
W/EntropyMixer( 2277): No existing entropy file -- first boot?
I/EntropyMixer( 2277): Writing entropy...
I/SystemServer( 2277): Account Manager
I/SystemServer( 2277): Content Manager
I/SystemServer( 2277): System Content Providers
D/SettingsProvider( 2277): User 0 external modification to /data/data/com.android.providers.settings/databases/settings.db; event=2
D/SettingsProvider( 2277): User 0 updating our caches for /data/data/com.android.providers.settings/databases/settings.db
I/SyncManager( 2277): No initial accounts
I/SyncManager( 2277): No initial status
I/SyncManager( 2277): No initial statistics
D/SettingsProvider( 2277): Generated and saved new ANDROID_ID [ad0c4b50f487a65b] for user 0
I/SystemServer( 2277): Vibrator Service
I/SystemServer( 2277): Consumer IR Service
E/ConsumerIrService( 2277): Can't open consumer IR HW Module, error: -2
I/SystemServiceManager( 2277): Starting com.android.server.AlarmManagerService
I/SystemServer( 2277): Init Watchdog
I/SystemServer( 2277): Input Manager
I/InputManager( 2277): Initializing input manager, mUseDevInputEventForAudioJack=true
I/SystemServer( 2277): Window Manager
I/WindowManager( 2277): No existing display settings /data/system/display_settings.xml; starting empty
D/PermissionCache( 1984): checking android.permission.ACCESS_SURFACE_FLINGER for uid=1000 => granted (89 us)
I/InputManager( 2277): Starting input manager
I/SystemServer( 2277): Bluetooth Manager Service
I/EventHub( 2277): New device: id=1, fd=76, path='/dev/input/event14', name='SynPS/2 Synaptics TouchPad', classes=0x14, configuration='/system/usr/idc/SynPS_2_Synaptics_TouchPad.idc', keyLayout='', keyCharacterMap='', builtinKeyboard=false, wakeMechanism=EPOLLWAKEUP, usingClockIoctl=true
E/EventHub( 2277): could not get driver version for /dev/input/mouse0, Not a typewriter
D/BluetoothManagerService( 2277): Loading stored name and address
D/BluetoothManagerService( 2277): Stored bluetooth Name=null,Address=null
I/SystemServer( 2277): Input Method Service
W/InputMethodManagerService( 2277): No IME selected. Choose the most applicable IME.
I/InputMethodManagerService( 2277): Default found, using com.android.inputmethod.latin/.LatinIME
D/SettingsProvider( 2277): User 0 external modification to /data/data/com.android.providers.settings/databases/settings.db; event=2
D/SettingsProvider( 2277): User 0 updating our caches for /data/data/com.android.providers.settings/databases/settings.db
I/SystemServer( 2277): Accessibility Manager
D/EventHub( 2277): No input device configuration file found for device 'Android Power Button'.
I/ActivityManager( 2277): Config changes=1df8 {1.0 ?mcc?mnc en_US ?layoutDir sw720dp w1280dp h720dp 240dpi xlrg long land ?uimode ?night -touch -keyb/h/h -nav/h s.2}
W/EventHub( 2277): Unable to disable kernel key repeat for /dev/input/event13: Function not implemented
I/EventHub( 2277): New device: id=2, fd=78, path='/dev/input/event13', name='Android Power Button', classes=0x1, configuration='', keyLayout='/system/usr/keylayout/Generic.kl', keyCharacterMap='/system/usr/keychars/Generic.kcm', builtinKeyboard=false, wakeMechanism=EPOLLWAKEUP, usingClockIoctl=true
I/EventHub( 2277): ignoring event id /dev/input/event3 driver Power Button
I/ActivityManager( 2277): Config changes=500 {1.0 ?mcc?mnc en_US ?layoutDir sw720dp w1280dp h646dp 240dpi lrg long land ?uimode ?night -touch -keyb/h/h -nav/h s.3}
I/SystemServer( 2277): Mount Service
D/MountService( 2277): got storage path: null description: Internal storage primary: true removable: false emulated: true mtpReserve: 100 allowMassStorage: false maxFileSize: 0
D/MountService( 2277): addVolumeLocked() StorageVolume:
D/MountService( 2277):     mStorageId=65537 mPath=/storage/emulated/0 mDescriptionId=17040805 
D/MountService( 2277):     mPrimary=true mRemovable=false mEmulated=true mMtpReserveSpace=100 
D/MountService( 2277):     mAllowMassStorage=false mMaxFileSize=0 mOwner=UserHandle{0} mUuid=null 
D/MountService( 2277):     mUserLabel=null mState=null 
D/MountService( 2277): got storage path: /storage/sdcard1 description: SD card primary: false removable: true emulated: false mtpReserve: 0 allowMassStorage: false maxFileSize: 4294967296
D/MountService( 2277): addVolumeLocked() StorageVolume:
