12-14 05:08:13.431  1712  1712 I art     : Explicit concurrent mark sweep GC freed 5(160B) AllocSpace objects, 0(0B) LOS objects, 39% free, 1950KB/3MB, paused 22us total 2.502ms
12-14 05:08:13.434  1712  1712 I art     : Explicit concurrent mark sweep GC freed 5(160B) AllocSpace objects, 0(0B) LOS objects, 39% free, 1950KB/3MB, paused 23us total 2.564ms
12-14 05:08:13.444  1978  2239 I art     : Explicit concurrent mark sweep GC freed 11367(710KB) AllocSpace objects, 10(160KB) LOS objects, 33% free, 8MB/12MB, paused 281us total 10.368ms
12-14 05:08:13.444  1978  2239 I art     : DexFile_isDexOptNeeded file /system/priv-app/DownloadProvider/x86_64/DownloadProvider.odex needs to be relocated for /system/priv-app/DownloadProvider/DownloadProvider.apk
12-14 05:08:13.444  1978  2239 I PackageManager: Running patchoat on: com.android.providers.downloads
12-14 05:08:13.445  2816  2816 E installd: Running /system/bin/patchoat isa=x86_64 in-fd=5 (/system/priv-app/DownloadProvider/x86_64/DownloadProvider.odex) out-fd=6 (/data/dalvik-cache/x86_64/system@priv-app@DownloadProvider@DownloadProvider.apk@classes.dex)
12-14 05:08:13.447  2816  2816 W linker  : [vdso]: unused DT entry: type 0x6ffffef5 arg 0xec
12-14 05:08:13.447  2816  2816 E cutils-trace: Error opening trace file: Permission denied (13)
12-14 05:08:13.617  1978  2240 W ActivityManager: Unable to start service Intent { act=com.android.mail.action.BACKUP_DATA_CHANGED pkg=com.android.email } U=0: not found
12-14 05:08:13.618  1978  2239 W ActivityManager: Unable to start service Intent { act=com.android.mail.action.BACKUP_DATA_CHANGED pkg=com.android.email } U=0: not found
12-14 05:08:13.618  2794  2794 I ActivityThread: Switching default density from 160 to 240
12-14 05:08:13.618  1978  2238 W ActivityManager: Unable to start service Intent { act=com.android.mail.action.BACKUP_DATA_CHANGED pkg=com.android.email } U=0: not found
12-14 05:08:13.618  1978  2239 W ActivityManager: Unable to start service Intent { act=com.android.mail.action.BACKUP_DATA_CHANGED pkg=com.android.email } U=0: not found
12-14 05:08:13.618  1978  2240 W ActivityManager: Unable to start service Intent { act=com.android.mail.action.BACKUP_DATA_CHANGED pkg=com.android.email } U=0: not found
12-14 05:08:13.618  1978  2569 W ActivityManager: Unable to start service Intent { act=com.android.mail.action.BACKUP_DATA_CHANGED pkg=com.android.email } U=0: not found
12-14 05:08:13.619  1978  2239 W ActivityManager: Unable to start service Intent { act=com.android.mail.action.BACKUP_DATA_CHANGED pkg=com.android.email } U=0: not found
12-14 05:08:13.637  2593  2766 I EGL-DRI2: DRI2: found extension DRI_Core version 1
12-14 05:08:13.637  2593  2766 I EGL-DRI2: DRI2: found extension DRI_DRI2 version 4
12-14 05:08:13.642  2593  2766 I EGL-DRI2: DRI2: found extension DRI_TexBuffer version 3
12-14 05:08:13.642  2593  2766 I EGL-DRI2: DRI2: found extension DRI2_Flush version 4
12-14 05:08:13.642  2593  2766 I EGL-DRI2: DRI2: found extension DRI_IMAGE version 11
12-14 05:08:13.642  2593  2766 I OpenGLRenderer: Initialized EGL, version 1.4
12-14 05:08:13.642  2593  2766 W OpenGLRenderer: Failed to choose config with EGL_SWAP_BEHAVIOR_PRESERVED, retrying without...
12-14 05:08:13.643  2593  2766 D OpenGLRenderer: Enabling debug mode 0
12-14 05:08:13.669  1978  2011 I ActivityManager: Displayed com.android.launcher3/.Launcher: +1s196ms (total +4s984ms)
12-14 05:08:13.672  1978  2006 V KeyguardServiceDelegate: *** Keyguard started
12-14 05:08:13.672  1978  2006 W KeyguardServiceDelegate: onScreenTurnedOn(): no keyguard service!
12-14 05:08:13.673  1978  2006 D KbdSensor: poll_activate: dev=0x7f9d24466680 handle=0 enabled=1
12-14 05:08:13.673  1978  2006 D KbdSensor: poll_setDelay: dev=0x7f9d24466680 delay-ns=66667000
12-14 05:08:13.691  1978  1978 V KeyguardServiceDelegate: *** Keyguard connected (yay!)
12-14 05:08:13.699  1978  2237 V KeyguardServiceDelegate: **** SHOWN CALLED ****
12-14 05:08:13.699  1701  2819 I SurfaceFlinger: Boot is finished (34605 ms)
12-14 05:08:13.736  2314  2314 D PhoneStatusBar: disable: < expand* icons alerts system_info back* home* recent* clock search* >
12-14 05:08:13.786  2820  2820 W linker  : [vdso]: unused DT entry: type 0x6ffffef5 arg 0x160
12-14 05:08:13.860  2469  2580 I LatinIME:LogUtils: Dictionary info: dictionary = main:en ; version = 47 ; date = 1402373178
12-14 05:08:13.861  2469  2580 I LatinIME:LogUtils: Dictionary info: dictionary = main:en ; version = 47 ; date = 1402373178
12-14 05:08:13.862  2469  2580 I LatinIME:LogUtils: Dictionary info: dictionary = main:en ; version = 47 ; date = 1402373178
12-14 05:08:13.863  2469  2580 I LatinIME:LogUtils: Dictionary info: dictionary = main:en ; version = 47 ; date = 1402373178
12-14 05:08:13.864  2469  2580 I LatinIME:LogUtils: Dictionary info: dictionary = main:en ; version = 47 ; date = 1402373178
12-14 05:08:13.865  2469  2580 I LatinIME:LogUtils: Dictionary info: dictionary = main:en ; version = 47 ; date = 1402373178
12-14 05:08:13.866  2469  2580 I LatinIME:LogUtils: Dictionary info: dictionary = main:en ; version = 47 ; date = 1402373178
12-14 05:08:13.950  2794  2794 I MediaProvider: Upgrading media database from version 0 to 800, which will destroy all old data
12-14 05:08:13.968  2794  2794 D MediaProvider: Adjusting external storage paths to: /storage/emulated/0
12-14 05:08:13.970  1710  1710 E installd: Unable to unlink boot marker at /data/dalvik-cache/x86_64/.booting, error=No such file or directory
12-14 05:08:13.970  1978  2011 E ActivityManager: Unable to mark boot complete for abi: x86_64
12-14 05:08:13.970  1710  1710 E installd: Unable to unlink boot marker at /data/dalvik-cache/arm64/.booting, error=No such file or directory
12-14 05:08:13.970  1978  2011 E ActivityManager: Unable to mark boot complete for abi: arm64-v8a
12-14 05:08:13.970  1710  1710 E installd: Unable to unlink boot marker at /data/dalvik-cache/x86/.booting, error=No such file or directory
12-14 05:08:13.970  1978  2011 E ActivityManager: Unable to mark boot complete for abi: x86
12-14 05:08:13.970  1710  1710 E installd: Unable to unlink boot marker at /data/dalvik-cache/arm/.booting, error=No such file or directory
12-14 05:08:13.970  1978  2011 E ActivityManager: Unable to mark boot complete for abi: armeabi-v7a
12-14 05:08:13.970  1978  2011 I SystemServiceManager: Starting phase 1000
12-14 05:08:13.986  2661  2661 I Exchange: EasService.onCreate
12-14 05:08:14.117  2661  2834 I Exchange: RestartPingTask
12-14 05:08:14.229  1978  2237 W ActivityManager: Unable to start service Intent { cmp=com.android.email/.service.AttachmentService } U=0: not found
12-14 05:08:14.229  1978  2240 W ActivityManager: Unable to start service Intent { cmp=com.android.email/.service.AttachmentService } U=0: not found
12-14 05:08:14.231  2695  2837 I Email   : Observing account changes for notifications
12-14 05:08:14.293  1978  2002 W ActivityManager: Unable to start service Intent { cmp=com.android.email/.service.AttachmentService } U=0: not found
12-14 05:08:14.293  1978  2140 W ActivityManager: Unable to start service Intent { cmp=com.android.email/.service.AttachmentService } U=0: not found
12-14 05:08:14.293  1978  2238 W ActivityManager: Unable to start service Intent { cmp=com.android.email/.service.AttachmentService } U=0: not found
12-14 05:08:14.349  1978  2832 W ActivityManager: Unable to start service Intent { cmp=com.android.email/.service.AttachmentService } U=0: not found
12-14 05:08:14.349  1978  2237 W ActivityManager: Unable to start service Intent { cmp=com.android.email/.service.AttachmentService } U=0: not found
12-14 05:08:14.350  2838  2838 W linker  : [vdso]: unused DT entry: type 0x6ffffef5 arg 0x160
12-14 05:08:14.350  2839  2839 W linker  : [vdso]: unused DT entry: type 0x6ffffef5 arg 0x160
12-14 05:08:14.350  2838  2838 I sh      : WARNING: linker: [vdso]: unused DT entry: type 0x6ffffef5 arg 0x160
12-14 05:08:14.353  2838  2838 I sh      : + hw_sh=/vendor/etc/init.sh 
12-14 05:08:14.353  2838  2838 I sh      : + '[' -e /vendor/etc/init.sh ']'
12-14 05:08:14.353  2838  2838 I sh      : + do_bootcomplete
12-14 05:08:14.353  2838  2838 I sh      : + init_cpu_governor
12-14 05:08:14.353  2838  2838 I sh      : + getprop cpu.governor
12-14 05:08:14.354  2844  2844 W linker  : [vdso]: unused DT entry: type 0x6ffffef5 arg 0x160
12-14 05:08:14.354  2838  2838 I sh      : WARNING: linker: [vdso]: unused DT entry: type 0x6ffffef5 arg 0x160
12-14 05:08:14.354  2838  2838 I sh      : + governor= 
12-14 05:08:14.354  2838  2838 I sh      : + '[' ']'
12-14 05:08:14.355  2838  2838 I sh      : + getprop persist.sys.root_access
12-14 05:08:14.356  2845  2845 W linker  : [vdso]: unused DT entry: type 0x6ffffef5 arg 0x160
12-14 05:08:14.356  2838  2838 I sh      : WARNING: linker: [vdso]: unused DT entry: type 0x6ffffef5 arg 0x160
12-14 05:08:14.356  2838  2838 I sh      : + '[' -z  ']'
12-14 05:08:14.356  2838  2838 I sh      : + setprop persist.sys.root_access 3
12-14 05:08:14.357  2846  2846 W linker  : [vdso]: unused DT entry: type 0x6ffffef5 arg 0x160
12-14 05:08:14.357  2838  2838 I sh      : WARNING: linker: [vdso]: unused DT entry: type 0x6ffffef5 arg 0x160
12-14 05:08:14.600  1978  2238 W ActivityManager: Unable to start service Intent { cmp=com.android.email/.service.AttachmentService } U=0: not found
12-14 05:08:14.601  2661  2661 I Exchange: RestartPingsTask did not start any pings.
12-14 05:08:14.601  2661  2661 I Exchange: PSS stopIfIdle
12-14 05:08:14.601  2661  2661 I Exchange: PSS has no active accounts; stopping service.
12-14 05:08:14.602  2661  2661 I Exchange: onDestroy
12-14 05:08:14.603  2593  2593 W Launcher: setApplicationContext called twice! old=com.android.launcher3.LauncherApplication@1f5f05c4 new=com.android.launcher3.LauncherApplication@1f5f05c4
12-14 05:08:14.603  2502  2848 D SIP     : [SipSharedPreferences] isReceivingCallsEnabled, option not set; use default value, exception: android.provider.Settings$SettingNotFoundException: sip_receive_calls
12-14 05:08:14.603  1978  1978 D BluetoothManagerService: Retrieving Bluetooth Adapter name and address...
12-14 05:08:14.603  1978  1978 D BluetoothManagerService: getNameAndAddress(): mBluetooth = null mBinding = false
12-14 05:08:14.603  1978  2010 D BluetoothManagerService: Message: 200
12-14 05:08:14.603  1978  2010 D BluetoothManagerService: MESSAGE_GET_NAME_AND_ADDRESS
12-14 05:08:14.603  1978  2010 D BluetoothManagerService: Binding to service to get name and address
12-14 05:08:14.604  2661  2661 I Exchange: EasService.onCreate
12-14 05:08:14.608  2838  2838 I sh      : + getprop debug.mesa.driver
12-14 05:08:14.609  2851  2851 W linker  : [vdso]: unused DT entry: type 0x6ffffef5 arg 0x160
12-14 05:08:14.609  2838  2838 I sh      : WARNING: linker: [vdso]: unused DT entry: type 0x6ffffef5 arg 0x160
12-14 05:08:14.609  2838  2838 I sh      : + '['  '=' i965 ']'
12-14 05:08:14.609  2838  2838 I sh      : + lsmod
12-14 05:08:14.610  2838  2838 I sh      : + grep -e brcmfmac
12-14 05:08:14.611  2853  2853 W linker  : [vdso]: unused DT entry: type 0x6ffffef5 arg 0x160
12-14 05:08:14.611  2838  2838 I sh      : WARNING: linker: [vdso]: unused DT entry: type 0x6ffffef5 arg 0x160
12-14 05:08:14.611  2838  2838 I sh      : + grep '\[.*\]' /proc/asound/cards
12-14 05:08:14.611  2838  2838 I sh      : + awk '{print $1}'
12-14 05:08:14.612  2854  2854 W linker  : [vdso]: unused DT entry: type 0x6ffffef5 arg 0x160
12-14 05:08:14.612  2838  2838 I sh      : WARNING: linker: [vdso]: unused DT entry: type 0x6ffffef5 arg 0x160
12-14 05:08:14.613  2855  2855 W linker  : [vdso]: unused DT entry: type 0x6ffffef5 arg 0x160
12-14 05:08:14.613  2838  2838 I sh      : WARNING: linker: [vdso]: unused DT entry: type 0x6ffffef5 arg 0x160
12-14 05:08:14.613  2838  2838 I sh      : + cat /proc/asound/card0/id
12-14 05:08:14.614  2838  2838 I sh      : + f=/system/etc/alsa/HDMI.state 
12-14 05:08:14.614  2838  2838 I sh      : + '[' -e /system/etc/alsa/HDMI.state ']'
12-14 05:08:14.619  1978  2010 I ActivityManager: Start proc 2857:com.android.bluetooth/1002 for service com.android.bluetooth/.btservice.AdapterService
12-14 05:08:14.620  2661  2870 I Exchange: RestartPingTask
12-14 05:08:14.634  2838  2838 I sh      : + alsa_ctl init 0
12-14 05:08:14.635  1978  2850 I ActivityManager: Start proc 2883:com.android.keychain/1000 for service com.android.keychain/.KeyChainService
12-14 05:08:14.635  1978  2239 I art     : DexFile_isDexOptNeeded file /system/app/Bluetooth/x86_64/Bluetooth.odex needs to be relocated for /system/app/Bluetooth/Bluetooth.apk
12-14 05:08:14.635  1978  2239 I PackageManager: Running patchoat on: com.android.bluetooth
12-14 05:08:14.636  2889  2889 E installd: Running /system/bin/patchoat isa=x86_64 in-fd=5 (/system/app/Bluetooth/x86_64/Bluetooth.odex) out-fd=6 (/data/dalvik-cache/x86_64/system@app@Bluetooth@Bluetooth.apk@classes.dex)
12-14 05:08:14.638  2889  2889 W linker  : [vdso]: unused DT entry: type 0x6ffffef5 arg 0xec
12-14 05:08:14.639  2889  2889 E cutils-trace: Error opening trace file: Permission denied (13)
12-14 05:08:14.785  2593  2738 D Launcher.LauncherProvider: 11683562 - initializeMaxScreenId(): 3
12-14 05:08:14.843  2882  2882 W linker  : [vdso]: unused DT entry: type 0x6ffffef5 arg 0xec
12-14 05:08:14.843  2838  2838 I sh      : WARNING: linker: [vdso]: unused DT entry: type 0x6ffffef5 arg 0xec
12-14 05:08:14.888  2593  2738 D Launcher.Model: 11683562 -   loadedOldDb: false
12-14 05:08:15.088  2593  2738 D Launcher.Model: 11683562 - loadWorkspaceScreensDb()
12-14 05:08:15.088  2593  2738 D Launcher.Model: 11683562 -   screens: { 0: 3 }
12-14 05:08:15.088  2593  2738 D Launcher.Model: 11683562 -   sBgWorkspaceScreens: 3
12-14 05:08:15.098  2593  2593 D Launcher: 11683562 - bindAddScreens()
12-14 05:08:15.098  2593  2593 D Launcher: 11683562 -   orderedScreenIds: 3
12-14 05:08:15.098  2593  2593 D Launcher.Workspace: 11683562 - insertNewWorkspaceScreen(): 3 at index: 0
12-14 05:08:15.159  2794  2794 E SQLiteLog: (1) no such table: album_info
12-14 05:08:15.160  2857  2857 I ActivityThread: Switching default density from 160 to 240
12-14 05:08:15.160  2838  2838 I sh      : Found hardware: "HDA-Intel" "Intel Haswell HDMI" "HDA:80862807,80860101,00100000" "0x1558" "0x3537"
12-14 05:08:15.160  2838  2838 I sh      : Hardware is initialized using a generic method
12-14 05:08:15.160  2857  2857 W ResourcesManager: Asset path '/system/framework/javax.obex.jar' does not exist or contains no resources.
12-14 05:08:15.160  2838  2838 I sh      : + alsa_amixer -c 0 set Master on
12-14 05:08:15.161  2661  2661 I Exchange: RestartPingsTask did not start any pings.
12-14 05:08:15.161  2661  2661 I Exchange: PSS stopIfIdle
12-14 05:08:15.161  2661  2661 I Exchange: PSS has no active accounts; stopping service.
12-14 05:08:15.161  1978  2909 I RecoverySystem: No recovery log file
12-14 05:08:15.161  2661  2661 I Exchange: onDestroy
12-14 05:08:15.161  1978  2006 W ProcessCpuTracker: Skipping unknown process pid 2882
12-14 05:08:15.161  2883  2883 I ActivityThread: Switching default density from 160 to 240
12-14 05:08:15.162  2661  2661 I Exchange: EasService.onCreate
12-14 05:08:15.162  2661  2912 I Exchange: RestartPingTask
12-14 05:08:15.177  1978  2832 I ActivityManager: Start proc 2915:com.android.dialer/u0a3 for broadcast com.android.dialer/.calllog.CallLogReceiver
12-14 05:08:15.178  2661  2661 I Exchange: RestartPingsTask did not start any pings.
12-14 05:08:15.178  2661  2661 I Exchange: PSS stopIfIdle
12-14 05:08:15.178  2661  2661 I Exchange: PSS has no active accounts; stopping service.
12-14 05:08:15.178  2661  2661 I Exchange: onDestroy
12-14 05:08:15.185  1978  2836 I art     : DexFile_isDexOptNeeded file /system/priv-app/Dialer/x86_64/Dialer.odex needs to be relocated for /system/priv-app/Dialer/Dialer.apk
12-14 05:08:15.185  1978  2836 I PackageManager: Running patchoat on: com.android.dialer
12-14 05:08:15.185  2938  2938 E installd: Running /system/bin/patchoat isa=x86_64 in-fd=5 (/system/priv-app/Dialer/x86_64/Dialer.odex) out-fd=6 (/data/dalvik-cache/x86_64/system@priv-app@Dialer@Dialer.apk@classes.dex)
12-14 05:08:15.188  2938  2938 W linker  : [vdso]: unused DT entry: type 0x6ffffef5 arg 0xec
12-14 05:08:15.188  2938  2938 E cutils-trace: Error opening trace file: Permission denied (13)
12-14 05:08:15.222  2910  2910 W linker  : [vdso]: unused DT entry: type 0x6ffffef5 arg 0xec
12-14 05:08:15.222  2838  2838 I sh      : WARNING: linker: [vdso]: unused DT entry: type 0x6ffffef5 arg 0xec
12-14 05:08:15.229  2838  2838 I sh      : amixer: Unable to find simple control 'Master',0
12-14 05:08:15.229  2838  2838 I sh      : + alsa_amixer -c 0 set Master 100%
12-14 05:08:15.230  2939  2939 W linker  : [vdso]: unused DT entry: type 0x6ffffef5 arg 0xec
12-14 05:08:15.230  2838  2838 I sh      : WARNING: linker: [vdso]: unused DT entry: type 0x6ffffef5 arg 0xec
12-14 05:08:15.231  2838  2838 I sh      : amixer: Unable to find simple control 'Master',0
12-14 05:08:15.232  2838  2838 I sh      : + alsa_amixer -c 0 set Headphone on
12-14 05:08:15.232  2940  2940 W linker  : [vdso]: unused DT entry: type 0x6ffffef5 arg 0xec
12-14 05:08:15.232  2838  2838 I sh      : WARNING: linker: [vdso]: unused DT entry: type 0x6ffffef5 arg 0xec
12-14 05:08:15.234  2838  2838 I sh      : amixer: Unable to find simple control 'Headphone',0
12-14 05:08:15.234  2838  2838 I sh      : + alsa_amixer -c 0 set Headphone 100%
12-14 05:08:15.235  2941  2941 W linker  : [vdso]: unused DT entry: type 0x6ffffef5 arg 0xec
12-14 05:08:15.235  2838  2838 I sh      : WARNING: linker: [vdso]: unused DT entry: type 0x6ffffef5 arg 0xec
12-14 05:08:15.236  2838  2838 I sh      : amixer: Unable to find simple control 'Headphone',0
12-14 05:08:15.236  2838  2838 I sh      : + alsa_amixer -c 0 set Speaker 100%
12-14 05:08:15.237  2942  2942 W linker  : [vdso]: unused DT entry: type 0x6ffffef5 arg 0xec
12-14 05:08:15.237  2838  2838 I sh      : WARNING: linker: [vdso]: unused DT entry: type 0x6ffffef5 arg 0xec
12-14 05:08:15.239  2838  2838 I sh      : amixer: Unable to find simple control 'Speaker',0
12-14 05:08:15.239  2838  2838 I sh      : + alsa_amixer -c 0 set Capture 100%
12-14 05:08:15.240  2943  2943 W linker  : [vdso]: unused DT entry: type 0x6ffffef5 arg 0xec
12-14 05:08:15.240  2838  2838 I sh      : WARNING: linker: [vdso]: unused DT entry: type 0x6ffffef5 arg 0xec
12-14 05:08:15.241  2838  2838 I sh      : amixer: Unable to find simple control 'Capture',0
12-14 05:08:15.241  2838  2838 I sh      : + alsa_amixer -c 0 set Capture cap
12-14 05:08:15.242  2944  2944 W linker  : [vdso]: unused DT entry: type 0x6ffffef5 arg 0xec
12-14 05:08:15.242  2838  2838 I sh      : WARNING: linker: [vdso]: unused DT entry: type 0x6ffffef5 arg 0xec
12-14 05:08:15.243  2838  2838 I sh      : amixer: Unable to find simple control 'Capture',0
12-14 05:08:15.243  2838  2838 I sh      : + alsa_amixer -c 0 set PCM 100 unmute
12-14 05:08:15.243  2945  2945 W linker  : [vdso]: unused DT entry: type 0x6ffffef5 arg 0xec
12-14 05:08:15.243  2838  2838 I sh      : WARNING: linker: [vdso]: unused DT entry: type 0x6ffffef5 arg 0xec
12-14 05:08:15.244  2838  2838 I sh      : amixer: Unable to find simple control 'PCM',0
12-14 05:08:15.244  2838  2838 I sh      : + alsa_amixer -c 0 set SPO unmute
12-14 05:08:15.245  2946  2946 W linker  : [vdso]: unused DT entry: type 0x6ffffef5 arg 0xec
12-14 05:08:15.245  2838  2838 I sh      : WARNING: linker: [vdso]: unused DT entry: type 0x6ffffef5 arg 0xec
12-14 05:08:15.246  2838  2838 I sh      : amixer: Unable to find simple control 'SPO',0
12-14 05:08:15.246  2838  2838 I sh      : + alsa_amixer -c 0 set 'Mic Boost' 3
12-14 05:08:15.247  2947  2947 W linker  : [vdso]: unused DT entry: type 0x6ffffef5 arg 0xec
12-14 05:08:15.247  2838  2838 I sh      : WARNING: linker: [vdso]: unused DT entry: type 0x6ffffef5 arg 0xec
12-14 05:08:15.248  2838  2838 I sh      : amixer: Unable to find simple control 'Mic Boost',0
12-14 05:08:15.248  2838  2838 I sh      : + alsa_amixer -c 0 set 'Internal Mic Boost' 3
12-14 05:08:15.249  2948  2948 W linker  : [vdso]: unused DT entry: type 0x6ffffef5 arg 0xec
12-14 05:08:15.249  2838  2838 I sh      : WARNING: linker: [vdso]: unused DT entry: type 0x6ffffef5 arg 0xec
12-14 05:08:15.250  2838  2838 I sh      : amixer: Unable to find simple control 'Internal Mic Boost',0
12-14 05:08:15.250  2838  2838 I sh      : + cat /proc/asound/card1/id
12-14 05:08:15.251  2838  2838 I sh      : + f=/system/etc/alsa/PCH.state 
12-14 05:08:15.251  2838  2838 I sh      : + '[' -e /system/etc/alsa/PCH.state ']'
12-14 05:08:15.251  2838  2838 I sh      : + alsa_ctl init 1
12-14 05:08:15.251  2950  2950 W linker  : [vdso]: unused DT entry: type 0x6ffffef5 arg 0xec
12-14 05:08:15.251  2838  2838 I sh      : WARNING: linker: [vdso]: unused DT entry: type 0x6ffffef5 arg 0xec
12-14 05:08:15.253  2838  2838 I sh      : Found hardware: "HDA-Intel" "VIA VT1802" "HDA:11068446,15583537,00100000" "0x1558" "0x3537"
12-14 05:08:15.253  2838  2838 I sh      : Hardware is initialized using a generic method
12-14 05:08:15.253  2838  2838 I sh      : + alsa_amixer -c 1 set Master on
12-14 05:08:15.254  2951  2951 W linker  : [vdso]: unused DT entry: type 0x6ffffef5 arg 0xec
12-14 05:08:15.254  2838  2838 I sh      : WARNING: linker: [vdso]: unused DT entry: type 0x6ffffef5 arg 0xec
12-14 05:08:15.256  2838  2838 I sh      : Simple mixer control 'Master',0
12-14 05:08:15.256  2838  2838 I sh      :   Capabilities: pvolume pvolume-joined pswitch pswitch-joined penum
12-14 05:08:15.256  2838  2838 I sh      :   Playback channels: Mono
12-14 05:08:15.256  2838  2838 I sh      :   Limits: Playback 0 - 42
12-14 05:08:15.256  2838  2838 I sh      :   Mono: Playback 28 [67%] [-21.00dB] [on]
12-14 05:08:15.256  2838  2838 I sh      : + alsa_amixer -c 1 set Master 100%
12-14 05:08:15.257  2952  2952 W linker  : [vdso]: unused DT entry: type 0x6ffffef5 arg 0xec
12-14 05:08:15.257  2838  2838 I sh      : WARNING: linker: [vdso]: unused DT entry: type 0x6ffffef5 arg 0xec
12-14 05:08:15.258  2838  2838 I sh      : Simple mixer control 'Master',0
12-14 05:08:15.258  2838  2838 I sh      :   Capabilities: pvolume pvolume-joined pswitch pswitch-joined penum
12-14 05:08:15.258  2838  2838 I sh      :   Playback channels: Mono
12-14 05:08:15.258  2838  2838 I sh      :   Limits: Playback 0 - 42
12-14 05:08:15.258  2838  2838 I sh      :   Mono: Playback 42 [100%] [0.00dB] [on]
12-14 05:08:15.258  2838  2838 I sh      : + alsa_amixer -c 1 set Headphone on
12-14 05:08:15.259  2953  2953 W linker  : [vdso]: unused DT entry: type 0x6ffffef5 arg 0xec
12-14 05:08:15.259  2838  2838 I sh      : WARNING: linker: [vdso]: unused DT entry: type 0x6ffffef5 arg 0xec
12-14 05:08:15.260  2838  2838 I sh      : Simple mixer control 'Headphone',0
12-14 05:08:15.260  2838  2838 I sh      :   Capabilities: pvolume pswitch penum
12-14 05:08:15.260  2838  2838 I sh      :   Playback channels: Front Left - Front Right
12-14 05:08:15.260  2838  2838 I sh      :   Limits: Playback 0 - 42
12-14 05:08:15.260  2838  2838 I sh      :   Mono:
12-14 05:08:15.260  2838  2838 I sh      :   Front Left: Playback 42 [100%] [0.00dB] [on]
12-14 05:08:15.260  2838  2838 I sh      :   Front Right: Playback 42 [100%] [0.00dB] [on]
12-14 05:08:15.260  2838  2838 I sh      : + alsa_amixer -c 1 set Headphone 100%
12-14 05:08:15.261  2954  2954 W linker  : [vdso]: unused DT entry: type 0x6ffffef5 arg 0xec
12-14 05:08:15.261  2838  2838 I sh      : WARNING: linker: [vdso]: unused DT entry: type 0x6ffffef5 arg 0xec
12-14 05:08:15.262  2838  2838 I sh      : Simple mixer control 'Headphone',0
12-14 05:08:15.262  2838  2838 I sh      :   Capabilities: pvolume pswitch penum
12-14 05:08:15.262  2838  2838 I sh      :   Playback channels: Front Left - Front Right
12-14 05:08:15.262  2838  2838 I sh      :   Limits: Playback 0 - 42
12-14 05:08:15.262  2838  2838 I sh      :   Mono:
12-14 05:08:15.262  2838  2838 I sh      :   Front Left: Playback 42 [100%] [0.00dB] [on]
12-14 05:08:15.262  2838  2838 I sh      :   Front Right: Playback 42 [100%] [0.00dB] [on]
12-14 05:08:15.262  2838  2838 I sh      : + alsa_amixer -c 1 set Speaker 100%
12-14 05:08:15.263  2955  2955 W linker  : [vdso]: unused DT entry: type 0x6ffffef5 arg 0xec
12-14 05:08:15.263  2838  2838 I sh      : WARNING: linker: [vdso]: unused DT entry: type 0x6ffffef5 arg 0xec
12-14 05:08:15.264  2838  2838 I sh      : Simple mixer control 'Speaker',0
12-14 05:08:15.264  2838  2838 I sh      :   Capabilities: pvolume pswitch penum
12-14 05:08:15.264  2838  2838 I sh      :   Playback channels: Front Left - Front Right
12-14 05:08:15.264  2838  2838 I sh      :   Limits: Playback 0 - 42
12-14 05:08:15.264  2838  2838 I sh      :   Mono:
12-14 05:08:15.265  2838  2838 I sh      :   Front Left: Playback 42 [100%] [0.00dB] [on]
12-14 05:08:15.265  2838  2838 I sh      :   Front Right: Playback 42 [100%] [0.00dB] [on]
12-14 05:08:15.265  2838  2838 I sh      : + alsa_amixer -c 1 set Capture 100%
12-14 05:08:15.265  2956  2956 W linker  : [vdso]: unused DT entry: type 0x6ffffef5 arg 0xec
12-14 05:08:15.265  2838  2838 I sh      : WARNING: linker: [vdso]: unused DT entry: type 0x6ffffef5 arg 0xec
12-14 05:08:15.267  2838  2838 I sh      : Simple mixer control 'Capture',0
12-14 05:08:15.267  2838  2838 I sh      :   Capabilities: cvolume cswitch penum
12-14 05:08:15.267  2838  2838 I sh      :   Capture channels: Front Left - Front Right
12-14 05:08:15.267  2838  2838 I sh      :   Limits: Capture 0 - 31
12-14 05:08:15.267  2838  2838 I sh      :   Front Left: Capture 31 [100%] [30.00dB] [on]
12-14 05:08:15.267  2838  2838 I sh      :   Front Right: Capture 31 [100%] [30.00dB] [on]
12-14 05:08:15.267  2838  2838 I sh      : + alsa_amixer -c 1 set Capture cap
12-14 05:08:15.267  2957  2957 W linker  : [vdso]: unused DT entry: type 0x6ffffef5 arg 0xec
12-14 05:08:15.267  2838  2838 I sh      : WARNING: linker: [vdso]: unused DT entry: type 0x6ffffef5 arg 0xec
12-14 05:08:15.269  2838  2838 I sh      : Simple mixer control 'Capture',0
12-14 05:08:15.269  2838  2838 I sh      :   Capabilities: cvolume cswitch penum
12-14 05:08:15.269  2838  2838 I sh      :   Capture channels: Front Left - Front Right
12-14 05:08:15.269  2838  2838 I sh      :   Limits: Capture 0 - 31
12-14 05:08:15.269  2838  2838 I sh      :   Front Left: Capture 31 [100%] [30.00dB] [on]
12-14 05:08:15.269  2838  2838 I sh      :   Front Right: Capture 31 [100%] [30.00dB] [on]
12-14 05:08:15.269  2838  2838 I sh      : + alsa_amixer -c 1 set PCM 100 unmute
12-14 05:08:15.269  2958  2958 W linker  : [vdso]: unused DT entry: type 0x6ffffef5 arg 0xec
12-14 05:08:15.269  2838  2838 I sh      : WARNING: linker: [vdso]: unused DT entry: type 0x6ffffef5 arg 0xec
12-14 05:08:15.271  2838  2838 I sh      : amixer: Unable to find simple control 'PCM',0
12-14 05:08:15.271  2838  2838 I sh      : + alsa_amixer -c 1 set SPO unmute
12-14 05:08:15.271  2959  2959 W linker  : [vdso]: unused DT entry: type 0x6ffffef5 arg 0xec
12-14 05:08:15.272  2838  2838 I sh      : WARNING: linker: [vdso]: unused DT entry: type 0x6ffffef5 arg 0xec
12-14 05:08:15.273  2838  2838 I sh      : amixer: Unable to find simple control 'SPO',0
12-14 05:08:15.273  2838  2838 I sh      : + alsa_amixer -c 1 set 'Mic Boost' 3
12-14 05:08:15.273  2960  2960 W linker  : [vdso]: unused DT entry: type 0x6ffffef5 arg 0xec
12-14 05:08:15.273  2838  2838 I sh      : WARNING: linker: [vdso]: unused DT entry: type 0x6ffffef5 arg 0xec
12-14 05:08:15.275  2838  2838 I sh      : Simple mixer control 'Mic Boost',0
12-14 05:08:15.275  2838  2838 I sh      :   Capabilities: volume penum
12-14 05:08:15.275  2838  2838 I sh      :   Playback channels: Front Left - Front Right
12-14 05:08:15.275  2838  2838 I sh      :   Capture channels: Front Left - Front Right
12-14 05:08:15.275  2838  2838 I sh      :   Limits: 0 - 3
12-14 05:08:15.275  2838  2838 I sh      :   Front Left: 3 [100%] [30.75dB]
12-14 05:08:15.275  2838  2838 I sh      :   Front Right: 3 [100%] [30.75dB]
12-14 05:08:15.275  2838  2838 I sh      : + alsa_amixer -c 1 set 'Internal Mic Boost' 3
12-14 05:08:15.275  2961  2961 W linker  : [vdso]: unused DT entry: type 0x6ffffef5 arg 0xec
12-14 05:08:15.275  2838  2838 I sh      : WARNING: linker: [vdso]: unused DT entry: type 0x6ffffef5 arg 0xec
12-14 05:08:15.277  2838  2838 I sh      : Simple mixer control 'Internal Mic Boost',0
12-14 05:08:15.277  2838  2838 I sh      :   Capabilities: volume penum
12-14 05:08:15.277  2838  2838 I sh      :   Playback channels: Front Left - Front Right
12-14 05:08:15.277  2838  2838 I sh      :   Capture channels: Front Left - Front Right
12-14 05:08:15.277  2838  2838 I sh      :   Limits: 0 - 3
12-14 05:08:15.277  2838  2838 I sh      :   Front Left: 3 [100%] [30.75dB]
12-14 05:08:15.277  2838  2838 I sh      :   Front Right: 3 [100%] [30.75dB]
12-14 05:08:15.277  2838  2838 I sh      : + return 0
12-14 05:08:15.386  2593  2738 W ResourceType: No package identifier when getting value for resource number 0x00000000
12-14 05:08:15.386  2593  2738 W ResourceType: No package identifier when getting value for resource number 0x00000000
12-14 05:08:15.386  2593  2738 W PackageManager: Failure retrieving resources for com.example.android.rssreader: Resource ID #0x0
12-14 05:08:15.386  2593  2738 W ResourceType: No package identifier when getting value for resource number 0x00000000
12-14 05:08:15.386  2593  2738 W PackageManager: Failure retrieving resources for com.example.android.rssreader: Resource ID #0x0
12-14 05:08:15.387  2593  2738 W ResourceType: No package identifier when getting value for resource number 0x00000000
12-14 05:08:15.387  2593  2738 W ResourceType: No package identifier when getting value for resource number 0x00000000
12-14 05:08:15.387  2593  2738 W PackageManager: Failure retrieving resources for com.android.speechrecorder: Resource ID #0x0
12-14 05:08:15.387  2593  2738 W ResourceType: No package identifier when getting value for resource number 0x00000000
12-14 05:08:15.387  2593  2738 W PackageManager: Failure retrieving resources for com.android.speechrecorder: Resource ID #0x0
12-14 05:08:15.411  1978  2909 I BootReceiver: Copying audit failures to DropBox
12-14 05:08:15.411  1978  2909 I BootReceiver: Checking for fsck errors
12-14 05:08:15.628  2857  2857 D AdapterServiceConfig: Adding HeadsetService
12-14 05:08:15.629  2857  2857 D AdapterServiceConfig: Adding A2dpService
12-14 05:08:15.629  2857  2857 D AdapterServiceConfig: Adding HidService
12-14 05:08:15.629  2857  2857 D AdapterServiceConfig: Adding HealthService
12-14 05:08:15.629  2857  2857 D AdapterServiceConfig: Adding PanService
12-14 05:08:15.629  2857  2857 D AdapterServiceConfig: Adding GattService
12-14 05:08:15.629  2857  2857 D AdapterServiceConfig: Adding BluetoothMapService
12-14 05:08:15.629  2915  2915 I ActivityThread: Switching default density from 160 to 240
12-14 05:08:15.631  2915  2915 D ExtensionsFactory: No custom extensions.
12-14 05:08:15.631  1978  2089 D WIFI    : Registering NetworkFactory
12-14 05:08:15.631  1978  2089 D WIFI_UT : Registering NetworkFactory
12-14 05:08:15.631  1978  2091 D ConnectivityService: Got NetworkFactory Messenger for WIFI
12-14 05:08:15.631  1978  2091 D ConnectivityService: Got NetworkFactory Messenger for WIFI_UT
12-14 05:08:15.631  1978  2089 D WIFI    : got request NetworkRequest [ id=1, legacyType=-1, [ Capabilities: INTERNET&NOT_RESTRICTED&TRUSTED&NOT_VPN] ] with score 0
12-14 05:08:15.631  1978  2089 D WIFI_UT : got request NetworkRequest [ id=1, legacyType=-1, [ Capabilities: INTERNET&NOT_RESTRICTED&TRUSTED&NOT_VPN] ] with score 0
12-14 05:08:15.646  1978  1978 I ActivityManager: Start proc 2965:com.android.calendar/u0a22 for broadcast com.android.calendar/.UpgradeReceiver
12-14 05:08:15.657  1978  2237 I art     : DexFile_isDexOptNeeded file /system/app/Calendar/x86_64/Calendar.odex needs to be relocated for /system/app/Calendar/Calendar.apk
12-14 05:08:15.657  1978  2237 I PackageManager: Running patchoat on: com.android.calendar
12-14 05:08:15.657  2987  2987 E installd: Running /system/bin/patchoat isa=x86_64 in-fd=5 (/system/app/Calendar/x86_64/Calendar.odex) out-fd=6 (/data/dalvik-cache/x86_64/system@app@Calendar@Calendar.apk@classes.dex)
12-14 05:08:15.659  2987  2987 W linker  : [vdso]: unused DT entry: type 0x6ffffef5 arg 0xec
12-14 05:08:15.660  2987  2987 E cutils-trace: Error opening trace file: Permission denied (13)
12-14 05:08:15.682  2857  2857 D BlueZ   : external/bluetooth/bluez/android/hal-bluetooth.c:open_bluetooth() 
12-14 05:08:15.682  2857  2857 D BlueZ   : external/bluetooth/bluez/android/hal-bluetooth.c:get_bluetooth_interface() 
12-14 05:08:15.684  1978  2010 D BluetoothManagerService: Message: 20
12-14 05:08:15.684  1978  2010 D BluetoothManagerService: Added callback: android.bluetooth.IBluetoothManagerCallback$Stub$Proxy@2076857d:true
12-14 05:08:15.684  2857  2857 D BluetoothAdapterState: make
12-14 05:08:15.684  2857  2857 D BlueZ   : external/bluetooth/bluez/android/hal-bluetooth.c:init() 
12-14 05:08:15.684  2857  2988 I BluetoothAdapterState: Entering OffState
12-14 05:08:15.685  2990  2990 W linker  : [vdso]: unused DT entry: type 0x6ffffef5 arg 0x160
12-14 05:08:15.686  2991  2991 W linker  : [vdso]: unused DT entry: type 0x6ffffef5 arg 0x160
12-14 05:08:15.686  2990  2990 I sh      : WARNING: linker: [vdso]: unused DT entry: type 0x6ffffef5 arg 0x160
12-14 05:08:15.688  2990  2990 I sh      : + hw_sh=/vendor/etc/init.sh 
12-14 05:08:15.688  2990  2990 I sh      : + '[' -e /vendor/etc/init.sh ']'
12-14 05:08:15.688  2990  2990 I sh      : + do_hci
12-14 05:08:15.688  2990  2990 I sh      : + hciconfig
12-14 05:08:15.688  2990  2990 I sh      : + grep ^hci
12-14 05:08:15.688  2990  2990 I sh      : + cut -d: -f1
12-14 05:08:15.689  2996  2996 W linker  : [vdso]: unused DT entry: type 0x6ffffef5 arg 0x160
12-14 05:08:15.689  2990  2990 I sh      : WARNING: linker: [vdso]: unused DT entry: type 0x6ffffef5 arg 0x160
12-14 05:08:15.690  2997  2997 W linker  : [vdso]: unused DT entry: type 0x6ffffef5 arg 0x160
12-14 05:08:15.690  2990  2990 I sh      : WARNING: linker: [vdso]: unused DT entry: type 0x6ffffef5 arg 0x160
12-14 05:08:15.753  2989  2989 W linker  : [vdso]: unused DT entry: type 0x6ffffef5 arg 0x160
12-14 05:08:15.820  2995  2995 W linker  : [vdso]: unused DT entry: type 0x6ffffef5 arg 0x160
12-14 05:08:15.820  2990  2990 I sh      : WARNING: linker: [vdso]: unused DT entry: type 0x6ffffef5 arg 0x160
12-14 05:08:15.821  2990  2990 I sh      : + typeset 'hci=hci0'
12-14 05:08:15.821  2990  2990 I sh      : + getprop init.svc.bluetoothd
12-14 05:08:15.822  2998  2998 W linker  : [vdso]: unused DT entry: type 0x6ffffef5 arg 0x160
12-14 05:08:15.822  2990  2990 I sh      : WARNING: linker: [vdso]: unused DT entry: type 0x6ffffef5 arg 0x160
12-14 05:08:15.823  2990  2990 I sh      : + typeset 'btd=running'
12-14 05:08:15.823  2990  2990 I sh      : + log -t bluetoothd -p i 'running (hci0)'
12-14 05:08:15.824  2999  2999 W linker  : [vdso]: unused DT entry: type 0x6ffffef5 arg 0x160
12-14 05:08:15.824  2990  2990 I sh      : WARNING: linker: [vdso]: unused DT entry: type 0x6ffffef5 arg 0x160
12-14 05:08:15.824  2999  2999 I bluetoothd: running (hci0) 
12-14 05:08:15.824  2990  2990 I sh      : + getprop hal.bluetooth.uart
12-14 05:08:15.826  3000  3000 W linker  : [vdso]: unused DT entry: type 0x6ffffef5 arg 0x160
12-14 05:08:15.826  2990  2990 I sh      : WARNING: linker: [vdso]: unused DT entry: type 0x6ffffef5 arg 0x160
12-14 05:08:15.826  2990  2990 I sh      : + '[' -n  ']'
12-14 05:08:15.826  2990  2990 I sh      : + return 0
12-14 05:08:15.993  2794  2913 I DownloadManager: Upgrading downloads database from version 0 to version 109, which will destroy all old data
12-14 05:08:16.008  2989  2989 W linker  : [vdso]: unused DT entry: type 0x6ffffef5 arg 0x160
12-14 05:08:16.097  2989  2989 I bluetoothd: Bluetooth daemon 5.36
12-14 05:08:16.097  2989  2989 I bluetoothd: Starting SDP server
12-14 05:08:16.100  2989  2989 I bluetoothd: Bluetooth management interface 1.10 initialized
12-14 05:08:16.100  2989  2989 I bluetoothd: Kernel connection control will be used
12-14 05:08:16.154  2965  2965 I ActivityThread: Switching default density from 160 to 240
12-14 05:08:16.158  2965  2965 D ExtensionsFactory: No custom extensions.
12-14 05:08:16.341  1978  2571 I ActivityManager: Start proc 3005:com.android.mms/u0a4 for broadcast com.android.mms/.transaction.MmsSystemEventReceiver
12-14 05:08:16.350  1978  2829 I art     : DexFile_isDexOptNeeded file /system/priv-app/Mms/x86_64/Mms.odex needs to be relocated for /system/priv-app/Mms/Mms.apk
12-14 05:08:16.350  1978  2829 I PackageManager: Running patchoat on: com.android.mms
12-14 05:08:16.350  3027  3027 E installd: Running /system/bin/patchoat isa=x86_64 in-fd=5 (/system/priv-app/Mms/x86_64/Mms.odex) out-fd=6 (/data/dalvik-cache/x86_64/system@priv-app@Mms@Mms.apk@classes.dex)
12-14 05:08:16.353  3027  3027 W linker  : [vdso]: unused DT entry: type 0x6ffffef5 arg 0xec
12-14 05:08:16.353  3027  3027 E cutils-trace: Error opening trace file: Permission denied (13)
12-14 05:08:16.469  3005  3005 I ActivityThread: Switching default density from 160 to 240
12-14 05:08:16.473  1978  2238 D CountryDetector: The first listener is added
12-14 05:08:16.527  3005  3005 V Mms     : mnc/mcc: 
12-14 05:08:16.527  3005  3005 V Mms     : tag: bool value: enabledMMS - true
12-14 05:08:16.527  3005  3005 V Mms     : tag: int value: maxMessageSize - 307200
12-14 05:08:16.527  3005  3005 V Mms     : tag: int value: maxImageHeight - 480
12-14 05:08:16.527  3005  3005 V Mms     : tag: int value: maxImageWidth - 640
12-14 05:08:16.527  3005  3005 V Mms     : tag: int value: defaultSMSMessagesPerThread - 10000
12-14 05:08:16.527  3005  3005 V Mms     : tag: int value: defaultMMSMessagesPerThread - 1000
12-14 05:08:16.527  3005  3005 V Mms     : tag: int value: minMessageCountPerThread - 10
12-14 05:08:16.527  3005  3005 V Mms     : tag: int value: maxMessageCountPerThread - 5000
12-14 05:08:16.527  3005  3005 V Mms     : tag: string value: uaProfUrl - http://www.google.com/oha/rdf/ua-profile-kila.xml
12-14 05:08:16.527  3005  3005 V Mms     : tag: int value: recipientLimit - -1
12-14 05:08:16.527  3005  3005 V Mms     : tag: bool value: enableMultipartSMS - true
12-14 05:08:16.527  3005  3005 V Mms     : tag: int value: smsToMmsTextThreshold - -1
12-14 05:08:16.527  3005  3005 V Mms     : tag: bool value: enableSlideDuration - true
12-14 05:08:16.527  3005  3005 V Mms     : tag: int value: maxMessageTextSize - -1
12-14 05:08:16.531  3005  3041 D ConnectivityManager: getMobileDataEnabled()+ subId=-1
12-14 05:08:16.531  2502  2692 D PhoneInterfaceManager: [PhoneIntfMgr] getDataEnabled: subId=-1 phoneId=-1
12-14 05:08:16.531  2502  2692 E PhoneInterfaceManager: [PhoneIntfMgr] getDataEnabled: no phone subId=-1 retVal=false
12-14 05:08:16.531  3005  3041 D ConnectivityManager: getMobileDataEnabled()- subId=-1 retVal=false
12-14 05:08:16.532  3005  3040 D Mms     : cancelNotification
12-14 05:08:16.549  3005  3041 D ConnectivityManager: getMobileDataEnabled()+ subId=-1
12-14 05:08:16.549  2502  3039 D PhoneInterfaceManager: [PhoneIntfMgr] getDataEnabled: subId=-1 phoneId=-1
12-14 05:08:16.549  2502  3039 E PhoneInterfaceManager: [PhoneIntfMgr] getDataEnabled: no phone subId=-1 retVal=false
12-14 05:08:16.549  3005  3041 D ConnectivityManager: getMobileDataEnabled()- subId=-1 retVal=false
12-14 05:08:16.565  1978  2836 I ActivityManager: Start proc 3043:com.android.managedprovisioning/u0a5 for broadcast com.android.managedprovisioning/.BootReminder
12-14 05:08:16.566  2502  2522 D MmsSmsDatabaseHelper: [MmsSmsDb] tableName: threads hasAutoIncrement: CREATE TABLE threads (_id INTEGER PRIMARY KEY AUTOINCREMENT,date INTEGER DEFAULT 0,message_count INTEGER DEFAULT 0,recipient_ids TEXT,snippet TEXT,snippet_cs INTEGER DEFAULT 0,read INTEGER DEFAULT 1,archived INTEGER DEFAULT 0,type INTEGER DEFAULT 0,error INTEGER DEFAULT 0,has_attachment INTEGER DEFAULT 0) result: true
12-14 05:08:16.566  2502  2522 D MmsSmsDatabaseHelper: [MmsSmsDb] tableName: canonical_addresses hasAutoIncrement: CREATE TABLE canonical_addresses (_id INTEGER PRIMARY KEY AUTOINCREMENT,address TEXT) result: true
12-14 05:08:16.566  2502  2522 D MmsSmsDatabaseHelper: [MmsSmsDb] tableName: part hasAutoIncrement: CREATE TABLE part (_id INTEGER PRIMARY KEY AUTOINCREMENT,mid INTEGER,seq INTEGER DEFAULT 0,ct TEXT,name TEXT,chset INTEGER,cd TEXT,fn TEXT,cid TEXT,cl TEXT,ctt_s INTEGER,ctt_t TEXT,_data TEXT,text TEXT) result: true
12-14 05:08:16.566  2502  2522 D MmsSmsDatabaseHelper: [MmsSmsDb] tableName: pdu hasAutoIncrement: CREATE TABLE pdu (_id INTEGER PRIMARY KEY AUTOINCREMENT,thread_id INTEGER,date INTEGER,date_sent INTEGER DEFAULT 0,msg_box INTEGER,read INTEGER DEFAULT 0,m_id TEXT,sub TEXT,sub_cs INTEGER,ct_t TEXT,ct_l TEXT,exp INTEGER,m_cls TEXT,m_type INTEGER,v INTEGER,m_size INTEGER,pri INTEGER,rr INTEGER,rpt_a INTEGER,resp_st INTEGER,st INTEGER,tr_id TEXT,retr_st INTEGER,retr_txt TEXT,retr_txt_cs INTEGER,read_status INTEGER,ct_cls INTEGER,resp_txt TEXT,d_tm INTEGER,d_rpt INTEGER,locked INTEGER DEFAULT 0,sub_id INTEGER DEFAULT -1, seen INTEGER DEFAULT 0,creator TEXT,text_only INTEGER DEFAULT 0) result: true
12-14 05:08:16.566  2502  2522 D MmsSmsDatabaseHelper: [getWritableDatabase] hasAutoIncrementThreads: true hasAutoIncrementAddresses: true hasAutoIncrementPart: true hasAutoIncrementPdu: true
12-14 05:08:16.571  3005  3042 D Mms     : cancelNotification
12-14 05:08:16.575  3043  3043 I ActivityThread: Switching default density from 160 to 240
12-14 05:08:16.690  1978  2140 I art     : Explicit concurrent mark sweep GC freed 10558(671KB) AllocSpace objects, 5(80KB) LOS objects, 33% free, 8MB/12MB, paused 253us total 9.709ms
12-14 05:08:16.706  1978  2239 I ActivityManager: Start proc 3070:com.android.onetimeinitializer/u0a11 for broadcast com.android.onetimeinitializer/.OneTimeInitializerReceiver
12-14 05:08:16.715  1978  2831 I art     : DexFile_isDexOptNeeded file /system/priv-app/OneTimeInitializer/x86_64/OneTimeInitializer.odex needs to be relocated for /system/priv-app/OneTimeInitializer/OneTimeInitializer.apk
12-14 05:08:16.715  1978  2831 I PackageManager: Running patchoat on: com.android.onetimeinitializer
12-14 05:08:16.715  3092  3092 E installd: Running /system/bin/patchoat isa=x86_64 in-fd=5 (/system/priv-app/OneTimeInitializer/x86_64/OneTimeInitializer.odex) out-fd=6 (/data/dalvik-cache/x86_64/system@priv-app@OneTimeInitializer@OneTimeInitializer.apk@classes.dex)
12-14 05:08:16.718  3092  3092 W linker  : [vdso]: unused DT entry: type 0x6ffffef5 arg 0xec
12-14 05:08:16.718  3092  3092 E cutils-trace: Error opening trace file: Permission denied (13)
12-14 05:08:16.804  3070  3070 I ActivityThread: Switching default density from 160 to 240
12-14 05:08:16.805  3070  3070 V OneTimeInitializerRece: OneTimeInitializerReceiver.onReceive
12-14 05:08:16.806  3070  3093 I OneTimeInitializerServ: Updating to version 1.
12-14 05:08:16.821  1978  2001 I ActivityManager: Start proc 3095:com.android.providers.calendar/u0a12 for broadcast com.android.providers.calendar/.CalendarReceiver
12-14 05:08:16.821  3070  3093 E ActivityThread: Failed to find provider info for com.android.launcher2.settings
12-14 05:08:16.831  3095  3095 I ActivityThread: Switching default density from 160 to 240
12-14 05:08:16.831  3095  3095 W ResourcesManager: Asset path '/system/framework/android.test.runner.jar' does not exist or contains no resources.
12-14 05:08:16.913  2794  3067 I MediaProvider: Upgrading media database from version 0 to 800, which will destroy all old data
12-14 05:08:16.926  2794  3067 D MediaProvider: Adjusting external storage paths to: /storage/emulated/0
12-14 05:08:16.989  2794  3067 E SQLiteLog: (1) no such table: files
12-14 05:08:17.230  3095  3095 I CalendarDatabaseHelper: Bootstrapping database
12-14 05:08:17.260  1709  2096 E MetadataRetrieverClient: failed to extract an album art
12-14 05:08:17.406  1709  2079 E MetadataRetrieverClient: failed to extract an album art
12-14 05:08:17.415  3095  3095 I CalendarProvider2: Created com.android.providers.calendar.CalendarAlarmManager@39e3d8d7(com.android.providers.calendar.CalendarProvider2@1f5f05c4)
12-14 05:08:17.507  1978  2832 I ActivityManager: Start proc 3120:com.android.deskclock/u0a19 for broadcast com.android.deskclock/.AlarmInitReceiver
12-14 05:08:17.540  1978  2569 I art     : DexFile_isDexOptNeeded file /system/app/DeskClock/x86_64/DeskClock.odex needs to be relocated for /system/app/DeskClock/DeskClock.apk
12-14 05:08:17.540  1978  2569 I PackageManager: Running patchoat on: com.android.deskclock
12-14 05:08:17.541  3142  3142 E installd: Running /system/bin/patchoat isa=x86_64 in-fd=5 (/system/app/DeskClock/x86_64/DeskClock.odex) out-fd=6 (/data/dalvik-cache/x86_64/system@app@DeskClock@DeskClock.apk@classes.dex)
12-14 05:08:17.543  3142  3142 W linker  : [vdso]: unused DT entry: type 0x6ffffef5 arg 0xec
12-14 05:08:17.544  3142  3142 E cutils-trace: Error opening trace file: Permission denied (13)
12-14 05:08:17.605  1978  2010 D BluetoothManagerService: Message: 100
12-14 05:08:17.605  1978  2010 E BluetoothManagerService: MESSAGE_TIMEOUT_BIND
12-14 05:08:17.757  2695  3119 I Email   : Onetime initialization: 1
12-14 05:08:17.757  2695  3119 I Email   : Onetime initialization: 2
12-14 05:08:17.757  3120  3120 I ActivityThread: Switching default density from 160 to 240
12-14 05:08:17.757  2695  3119 I Email   : Onetime initialization: completed.
12-14 05:08:17.758  2661  2661 I Exchange: EasService.onCreate
12-14 05:08:17.759  2661  3143 I Exchange: RestartPingTask
12-14 05:08:17.759  3120  3120 V AlarmClock: AlarmInitReceiver android.intent.action.BOOT_COMPLETED
12-14 05:08:17.760  2661  2661 I Exchange: RestartPingsTask did not start any pings.
12-14 05:08:17.760  2661  2661 I Exchange: PSS stopIfIdle
12-14 05:08:17.760  2661  2661 I Exchange: PSS has no active accounts; stopping service.
12-14 05:08:17.810  1978  2002 W BackupManagerService: dataChanged but no participant pkg='com.android.providers.settings' uid=10006
12-14 05:08:17.810  2695  2695 E ActivityThread: Service com.android.email.service.EmailBroadcastProcessorService has leaked ServiceConnection com.android.emailcommon.service.ServiceProxy$ProxyConnection@2c5a61a8 that was originally bound here
12-14 05:08:17.810  2695  2695 E ActivityThread: android.app.ServiceConnectionLeaked: Service com.android.email.service.EmailBroadcastProcessorService has leaked ServiceConnection com.android.emailcommon.service.ServiceProxy$ProxyConnection@2c5a61a8 that was originally bound here
12-14 05:08:17.810  2695  2695 E ActivityThread: 	at android.app.LoadedApk$ServiceDispatcher.<init>(LoadedApk.java:1077)
12-14 05:08:17.810  2695  2695 E ActivityThread: 	at android.app.LoadedApk.getServiceDispatcher(LoadedApk.java:971)
12-14 05:08:17.810  2695  2695 E ActivityThread: 	at android.app.ContextImpl.bindServiceCommon(ContextImpl.java:1774)
12-14 05:08:17.810  2695  2695 E ActivityThread: 	at android.app.ContextImpl.bindService(ContextImpl.java:1757)
12-14 05:08:17.810  2695  2695 E ActivityThread: 	at android.content.ContextWrapper.bindService(ContextWrapper.java:539)
12-14 05:08:17.810  2695  2695 E ActivityThread: 	at com.android.emailcommon.service.ServiceProxy.setTask(ServiceProxy.java:181)
12-14 05:08:17.810  2695  2695 E ActivityThread: 	at com.android.emailcommon.service.ServiceProxy.test(ServiceProxy.java:224)
12-14 05:08:17.810  2695  2695 E ActivityThread: 	at com.android.email.service.EmailServiceUtils.isServiceAvailable(EmailServiceUtils.java:160)
12-14 05:08:17.810  2695  2695 E ActivityThread: 	at com.android.email.provider.AccountReconciler.reconcileAccountsInternal(AccountReconciler.java:171)
12-14 05:08:17.810  2695  2695 E ActivityThread: 	at com.android.email.provider.AccountReconciler.reconcileAccounts(AccountReconciler.java:115)
12-14 05:08:17.810  2695  2695 E ActivityThread: 	at com.android.email.service.EmailBroadcastProcessorService.reconcileAndStartServices(EmailBroadcastProcessorService.java:305)
12-14 05:08:17.810  2695  2695 E ActivityThread: 	at com.android.email.service.EmailBroadcastProcessorService.onBootCompleted(EmailBroadcastProcessorService.java:295)
12-14 05:08:17.810  2695  2695 E ActivityThread: 	at com.android.email.service.EmailBroadcastProcessorService.onHandleIntent(EmailBroadcastProcessorService.java:130)
12-14 05:08:17.810  2695  2695 E ActivityThread: 	at android.app.IntentService$ServiceHandler.handleMessage(IntentService.java:65)
12-14 05:08:17.810  2695  2695 E ActivityThread: 	at android.os.Handler.dispatchMessage(Handler.java:102)
12-14 05:08:17.810  2695  2695 E ActivityThread: 	at android.os.Looper.loop(Looper.java:135)
12-14 05:08:17.810  2695  2695 E ActivityThread: 	at android.os.HandlerThread.run(HandlerThread.java:61)
12-14 05:08:17.811  3120  3145 V AlarmClock: AlarmInitReceiver - Reset timers and clear stopwatch data
12-14 05:08:17.811  2661  2661 I Exchange: onDestroy
12-14 05:08:17.811  3120  3145 V AlarmClock: AlarmInitReceiver - resetting volume button default
12-14 05:08:17.985  2794  3067 W MediaScanner: Error opening directory '/oem/media/', skipping: No such file or directory.
12-14 05:08:18.039  3120  3145 I AlarmClock: Alarms Table created
12-14 05:08:18.039  3120  3145 I AlarmClock: Instance table created
12-14 05:08:18.039  3120  3145 I AlarmClock: Cities table created
12-14 05:08:18.039  3120  3145 I AlarmClock: Inserting default alarms
12-14 05:08:18.092  1709  2079 E MetadataRetrieverClient: failed to extract an album art
12-14 05:08:18.098  1709  2096 E MetadataRetrieverClient: failed to extract an album art
12-14 05:08:18.152  3120  3145 V AlarmClock: AlarmInitReceiver finished
