12-14 05:08:06.657  2294  2294 E installd: Running /system/bin/patchoat isa=x86_64 in-fd=5 (/system/app/UserDictionaryProvider/x86_64/UserDictionaryProvider.odex) out-fd=6 (/data/dalvik-cache/x86_64/system@app@UserDictionaryProvider@UserDictionaryProvider.apk@classes.dex)
12-14 05:08:06.660  2294  2294 W linker  : [vdso]: unused DT entry: type 0x6ffffef5 arg 0xec
12-14 05:08:06.660  2294  2294 E cutils-trace: Error opening trace file: Permission denied (13)
12-14 05:08:06.663  2288  2288 V WebViewFactory: RelroFileCreator (64bit = true),  32-bit lib: /system/app/webview/lib/x86/libwebviewchromium.so, 64-bit lib: /system/app/webview/lib/x86_64/libwebviewchromium.so
12-14 05:08:06.710  1978  2241 D UsbHostManager: Added device UsbDevice[mName=/dev/bus/usb/003/002,mVendorId=3034,mProductId=34595,mClass=224,mSubclass=1,mProtocol=1,mManufacturerName=Realtek,mProductName=RT Bluetooth Radio,mSerialNumber=00e04c000001,mConfigurations=[
12-14 05:08:06.710  1978  2241 D UsbHostManager: UsbConfiguration[mId=1,mName=null,mAttributes=128,mMaxPower=250,mInterfaces=[
12-14 05:08:06.710  1978  2241 D UsbHostManager: UsbInterface[mId=0,mAlternateSetting=0,mName=Bluetooth Radio,mClass=224,mSubclass=1,mProtocol=1,mEndpoints=[
12-14 05:08:06.710  1978  2241 D UsbHostManager: UsbEndpoint[mAddress=129,mAttributes=3,mMaxPacketSize=16,mInterval=1]
12-14 05:08:06.710  1978  2241 D UsbHostManager: UsbEndpoint[mAddress=2,mAttributes=2,mMaxPacketSize=64,mInterval=0]
12-14 05:08:06.710  1978  2241 D UsbHostManager: UsbEndpoint[mAddress=130,mAttributes=2,mMaxPacketSize=64,mInterval=0]]
12-14 05:08:06.710  1978  2241 D UsbHostManager: UsbInterface[mId=1,mAlternateSetting=0,mName=Bluetooth Radio,mClass=224,mSubclass=1,mProtocol=1,mEndpoints=[
12-14 05:08:06.710  1978  2241 D UsbHostManager: UsbEndpoint[mAddress=3,mAttributes=1,mMaxPacketSize=0,mInterval=1]
12-14 05:08:06.710  1978  2241 D UsbHostManager: UsbEndpoint[mAddress=131,mAttributes=1,mMaxPacketSize=0,mInterval=1]]
12-14 05:08:06.710  1978  2241 D UsbHostManager: UsbInterface[mId=1,mAlternateSetting=1,mName=Bluetooth Radio,mClass=224,mSubclass=1,mProtocol=1,mEndpoints=[
12-14 05:08:06.710  1978  2241 D UsbHostManager: UsbEndpoint[mAddress=3,mAttributes=1,mMaxPacketSize=9,mInterval=1]
12-14 05:08:06.710  1978  2241 D UsbHostManager: UsbEndpoint[mAddress=131,mAttributes=1,mMaxPacketSize=9,mInterval=1]]
12-14 05:08:06.710  1978  2241 D UsbHostManager: UsbInterface[mId=1,mAlternateSetting=2,mName=Bluetooth Radio,mClass=224,mSubclass=1,mProtocol=1,mEndpoints=[
12-14 05:08:06.710  1978  2241 D UsbHostManager: UsbEndpoint[mAddress=3,mAttributes=1,mMaxPacketSize=17,mInterval=1]
12-14 05:08:06.710  1978  2241 D UsbHostManager: UsbEndpoint[mAddress=131,mAttributes=1,mMaxPacketSize=17,mInterval=1]]
12-14 05:08:06.710  1978  2241 D UsbHostManager: UsbInterface[mId=1,mAlternateSetting=3,mName=Bluetooth Radio,mClass=224,mSubclass=1,mProtocol=1,mEndpoints=[
12-14 05:08:06.710  1978  2241 D UsbHostManager: UsbEndpoint[mAddress=3,mAttributes=1,mMaxPacketSize=25,mInterval=1]
12-14 05:08:06.710  1978  2241 D UsbHostManager: UsbEndpoint[mAddress=131,mAttributes=1,mMaxPacketSize=25,mInterval=1]]
12-14 05:08:06.710  1978  2241 D UsbHostManager: UsbInterface[mId=1,mAlternateSetting=4,mName=Bluetooth Radio,mClass=224,mSubclass=1,mProtocol=1,mEndpoints=[
12-14 05:08:06.710  1978  2241 D UsbHostManager: UsbEndpoint[mAddress=3,mAttributes=1,mMaxPacketSize=33,mInterval=1]
12-14 05:08:06.710  1978  2241 D UsbHostManager: UsbEndpoint[mAddress=131,mAttributes=1,mMaxPacketSize=33,mInterval=1]]
12-14 05:08:06.710  1978  2241 D UsbHostManager: UsbInterface[mId=1,mAlternateSetting=5,mName=Bluetooth Radio,mClass=224,mSubclass=1,mProtocol=1,mEndpoints=[
12-14 05:08:06.710  1978  2241 D UsbHostManager: UsbEndpoint[mAddress=3,mAttributes=1,mMaxPacketSize=49,mInterval=1]
12-14 05:08:06.710  1978  2241 D UsbHostManager: UsbEndpoint[mAddress=131,mAttributes=1,mMaxPacketSize=49,mInterval=1]]]]
12-14 05:08:06.711  1978  2241 W ContextImpl: Calling a method in the system process without a qualified user: android.app.ContextImpl.sendBroadcast:1327 com.android.server.usb.UsbSettingsManager.deviceAttached:741 com.android.server.usb.UsbHostManager.endUsbDeviceAdded:224 com.android.server.usb.UsbHostManager.monitorUsbHostBus:-2 com.android.server.usb.UsbHostManager.access$000:42 
12-14 05:08:06.817  2258  2258 I ActivityThread: Switching default density from 160 to 240
12-14 05:08:06.832  1978  2006 I ActivityManager: Start proc 2314:com.android.systemui/u0a7 for service com.android.systemui/.SystemUIService
12-14 05:08:06.833  1978  2081 E MountService: Boot-time mount failed (-1)
12-14 05:08:06.833  1978  2081 W MountService: Duplicate state transition (mounted -> mounted) for /storage/emulated/0
12-14 05:08:06.833  1978  1978 I Telecom : TelecomGlobals: CallsManager initialized
12-14 05:08:06.833  1978  1978 W ContextImpl: Calling a method in the system process without a qualified user: android.app.ContextImpl.startService:1692 android.content.ContextWrapper.startService:516 com.android.server.telecom.BluetoothPhoneService.start:440 com.android.server.telecom.TelecomGlobals.initialize:93 com.android.server.telecom.TelecomService.onCreate:164 
12-14 05:08:06.834  1978  1978 D BluetoothManagerService: Trying to bind to profile: 1, while Bluetooth was disabled
12-14 05:08:06.834  1978  2010 D BluetoothManagerService: Message: 30
12-14 05:08:06.835  1712  1712 I art     : Explicit concurrent mark sweep GC freed 706(30KB) AllocSpace objects, 0(0B) LOS objects, 39% free, 1950KB/3MB, paused 24us total 3.338ms
12-14 05:08:06.837  1712  1712 I art     : Explicit concurrent mark sweep GC freed 5(160B) AllocSpace objects, 0(0B) LOS objects, 39% free, 1950KB/3MB, paused 23us total 2.334ms
12-14 05:08:06.839  1978  2001 I art     : DexFile_isDexOptNeeded file /system/priv-app/SystemUI/x86_64/SystemUI.odex needs to be relocated for /system/priv-app/SystemUI/SystemUI.apk
12-14 05:08:06.839  1978  2001 I PackageManager: Running patchoat on: com.android.systemui
12-14 05:08:06.840  2336  2336 E installd: Running /system/bin/patchoat isa=x86_64 in-fd=5 (/system/priv-app/SystemUI/x86_64/SystemUI.odex) out-fd=6 (/data/dalvik-cache/x86_64/system@priv-app@SystemUI@SystemUI.apk@classes.dex)
12-14 05:08:06.840  1712  1712 I art     : Explicit concurrent mark sweep GC freed 5(160B) AllocSpace objects, 0(0B) LOS objects, 39% free, 1950KB/3MB, paused 22us total 2.357ms
12-14 05:08:06.842  2336  2336 W linker  : [vdso]: unused DT entry: type 0x6ffffef5 arg 0xec
12-14 05:08:06.842  2336  2336 E cutils-trace: Error opening trace file: Permission denied (13)
12-14 05:08:07.217  1978  2006 D NetworkManagementService: not enabling bandwidth control
12-14 05:08:07.218  2338  2338 W linker  : [vdso]: unused DT entry: type 0x6ffffef5 arg 0x160
12-14 05:08:07.218  1704  1932 I iptables: WARNING: linker: [vdso]: unused DT entry: type 0x6ffffef5 arg 0x160
12-14 05:08:07.219  2339  2339 W linker  : [vdso]: unused DT entry: type 0x6ffffef5 arg 0x160
12-14 05:08:07.219  1704  1932 I ip6tables: WARNING: linker: [vdso]: unused DT entry: type 0x6ffffef5 arg 0x160
12-14 05:08:07.220  2340  2340 W linker  : [vdso]: unused DT entry: type 0x6ffffef5 arg 0x160
12-14 05:08:07.220  1704  1932 I iptables: WARNING: linker: [vdso]: unused DT entry: type 0x6ffffef5 arg 0x160
12-14 05:08:07.221  2341  2341 W linker  : [vdso]: unused DT entry: type 0x6ffffef5 arg 0x160
12-14 05:08:07.221  1704  1932 I ip6tables: WARNING: linker: [vdso]: unused DT entry: type 0x6ffffef5 arg 0x160
12-14 05:08:07.222  2342  2342 W linker  : [vdso]: unused DT entry: type 0x6ffffef5 arg 0x160
12-14 05:08:07.222  1704  1932 I iptables: WARNING: linker: [vdso]: unused DT entry: type 0x6ffffef5 arg 0x160
12-14 05:08:07.223  2343  2343 W linker  : [vdso]: unused DT entry: type 0x6ffffef5 arg 0x160
12-14 05:08:07.223  1704  1932 I ip6tables: WARNING: linker: [vdso]: unused DT entry: type 0x6ffffef5 arg 0x160
12-14 05:08:07.223  1978  2006 W NetworkStats: bandwidth controls disabled, unable to track stats
12-14 05:08:07.223  1978  2006 W NetworkPolicy: bandwidth controls disabled, unable to enforce policy
12-14 05:08:07.551  2314  2314 I ActivityThread: Switching default density from 160 to 240
12-14 05:08:07.551  2344  2344 W linker  : [vdso]: unused DT entry: type 0x6ffffef5 arg 0x160
12-14 05:08:07.551  1704  1932 I iptables: WARNING: linker: [vdso]: unused DT entry: type 0x6ffffef5 arg 0x160
12-14 05:08:07.552  2345  2345 W linker  : [vdso]: unused DT entry: type 0x6ffffef5 arg 0x160
12-14 05:08:07.552  1704  1932 I ip6tables: WARNING: linker: [vdso]: unused DT entry: type 0x6ffffef5 arg 0x160
12-14 05:08:07.553  2346  2346 W linker  : [vdso]: unused DT entry: type 0x6ffffef5 arg 0x160
12-14 05:08:07.553  1704  1932 I iptables: WARNING: linker: [vdso]: unused DT entry: type 0x6ffffef5 arg 0x160
12-14 05:08:07.553  2314  2314 V SystemUIService: Starting SystemUI services.
12-14 05:08:07.554  2347  2347 W linker  : [vdso]: unused DT entry: type 0x6ffffef5 arg 0x160
12-14 05:08:07.554  1704  1932 I ip6tables: WARNING: linker: [vdso]: unused DT entry: type 0x6ffffef5 arg 0x160
12-14 05:08:07.554  2348  2348 W linker  : [vdso]: unused DT entry: type 0x6ffffef5 arg 0x160
12-14 05:08:07.554  1704  1932 I iptables: WARNING: linker: [vdso]: unused DT entry: type 0x6ffffef5 arg 0x160
12-14 05:08:07.555  2349  2349 W linker  : [vdso]: unused DT entry: type 0x6ffffef5 arg 0x160
12-14 05:08:07.555  1704  1932 I ip6tables: WARNING: linker: [vdso]: unused DT entry: type 0x6ffffef5 arg 0x160
12-14 05:08:07.556  1978  2006 D PermissionMonitor: Monitoring
12-14 05:08:07.556  1978  2006 D PermissionMonitor: Users: 1, Apps: 57
12-14 05:08:07.557  1978  2006 I SystemServiceManager: Starting phase 600
12-14 05:08:07.557  1978  2095 D BluetoothManagerService: Trying to bind to profile: 1, while Bluetooth was disabled
12-14 05:08:07.557  1978  2010 D BluetoothManagerService: Message: 30
12-14 05:08:07.557  1978  2010 D BluetoothManagerService: Message: 30
12-14 05:08:07.557  1978  2239 V FingerprintService: startListening(android.service.fingerprint.IFingerprintServiceReceiver$Stub$Proxy@2b500096)
12-14 05:08:07.557  1978  2006 I BackupManagerService: Backup enabled => false
12-14 05:08:07.557  1978  2006 I BackupManagerService: Opting out of backup
12-14 05:08:07.558  1978  1978 D ZenLog  : downtime: Autotrigger skipped: not in downtime
12-14 05:08:07.559  1978  2006 E InputMethodManagerService: Ignoring setImeWindowStatus due to an invalid token. uid:1000 token:null
12-14 05:08:07.560  1978  2006 W InputMethodManagerService: Reset the default IME as "Resource" is ready here.
12-14 05:08:07.560  1978  2006 I InputMethodManagerService: Selected default: com.android.inputmethod.latin/.LatinIME
12-14 05:08:07.609  2314  2314 D VolumeUI: Registering volume controller
12-14 05:08:07.616  1978  2002 I StatusBarManagerService: registerStatusBar bar=com.android.internal.statusbar.IStatusBar$Stub$Proxy@1740cee7
12-14 05:08:07.683  1709  2360 E WVMExtractor: Failed to open libwvm.so: dlopen failed: library "libwvm.so" not found
12-14 05:08:07.685  1709  2096 D NuPlayerDriver: start(0xf584edc0)
12-14 05:08:07.685  1709  2359 I GenericSource: start
12-14 05:08:07.841  1709  1709 D NuPlayerDriver: start(0xf584eca0)
12-14 05:08:07.841  1709  2390 I GenericSource: start
12-14 05:08:07.846  1709  2362 W OMXNodeInstance: [e:google.mpeg4.decoder] component does not support metadata mode; using fallback
12-14 05:08:07.846  1709  2362 W OMXNodeInstance: [f:google.h263.decoder] component does not support metadata mode; using fallback
12-14 05:08:07.855  1709  2362 W OMXNodeInstance: [10:google.h264.decoder] component does not support metadata mode; using fallback
12-14 05:08:07.870  1709  2362 D SoftHEVC: Number of CPU cores: 8
12-14 05:08:07.870  1709  2362 D SoftHEVC: Initializing decoder
12-14 05:08:07.870  1709  2362 D SoftHEVC: Set number of cores to 4
12-14 05:08:07.870  1709  2362 D SoftHEVC: Ittiam decoder version number: @(#)Id:HEVCDEC_production Ver:04.01 Released by ITTIAM Build: Dec  8 2015 @ 05:11:58
12-14 05:08:07.870  1709  2362 W OMXNodeInstance: [11:google.hevc.decoder] component does not support metadata mode; using fallback
12-14 05:08:07.870  1709  2362 D SoftHEVC: Freeing codec memory
12-14 05:08:07.871  1709  2362 D SoftHEVC: Number of CPU cores: 8
12-14 05:08:07.871  1709  2362 D SoftHEVC: Initializing decoder
12-14 05:08:07.871  1709  2362 D SoftHEVC: Set number of cores to 4
12-14 05:08:07.871  1709  2362 D SoftHEVC: Ittiam decoder version number: @(#)Id:HEVCDEC_production Ver:04.01 Released by ITTIAM Build: Dec  8 2015 @ 05:11:58
12-14 05:08:07.871  1709  2362 D SoftHEVC: In SoftHEVC::~SoftHEVC
12-14 05:08:07.871  1709  2362 D SoftHEVC: Freeing codec memory
12-14 05:08:07.882  1709  2362 W OMXNodeInstance: [12:google.vp8.decoder] component does not support metadata mode; using fallback
12-14 05:08:07.883  1709  2362 W OMXNodeInstance: [13:google.vp9.decoder] component does not support metadata mode; using fallback
12-14 05:08:07.893  1709  2362 I SoftMPEG4Encoder: Construct SoftMPEG4Encoder
12-14 05:08:07.893  1709  2362 W ACodec  : do not know color format 0x7f000789 = 2130708361
12-14 05:08:07.901  1709  2362 I SoftAVCEncoder: Construct SoftAVCEncoder
12-14 05:08:07.901  1709  2362 W ACodec  : do not know color format 0x7f000789 = 2130708361
12-14 05:08:07.902  1709  2362 I SoftMPEG4Encoder: Construct SoftMPEG4Encoder
12-14 05:08:07.902  1709  2362 W ACodec  : do not know color format 0x7f000789 = 2130708361
12-14 05:08:07.914  1709  2362 W ACodec  : do not know color format 0x7f000789 = 2130708361
12-14 05:08:07.918  1709  1709 D NuPlayerDriver: reset(0xf584eca0)
12-14 05:08:07.918  1709  2390 D NuPlayerDriver: notifyResetComplete(0xf584eca0)
12-14 05:08:07.919  1709  2096 D NuPlayerDriver: reset(0xf584edc0)
12-14 05:08:07.919  1709  2359 D NuPlayerDriver: notifyResetComplete(0xf584edc0)
12-14 05:08:07.937  1709  1709 D NuPlayerDriver: start(0xf584eca0)
12-14 05:08:07.937  1709  2421 I GenericSource: start
12-14 05:08:07.937  1709  2079 D NuPlayerDriver: start(0xf502f1c0)
12-14 05:08:07.937  1709  2419 I GenericSource: start
12-14 05:08:07.940  1709  2079 D NuPlayerDriver: reset(0xf502f1c0)
12-14 05:08:07.940  1709  1709 D NuPlayerDriver: reset(0xf584eca0)
12-14 05:08:07.940  1709  2419 D NuPlayerDriver: notifyResetComplete(0xf502f1c0)
12-14 05:08:07.941  1709  2421 D NuPlayerDriver: notifyResetComplete(0xf584eca0)
12-14 05:08:07.945  1709  2096 D NuPlayerDriver: start(0xf584edc0)
12-14 05:08:07.945  1709  2433 I GenericSource: start
12-14 05:08:07.949  1709  2096 D NuPlayerDriver: reset(0xf584edc0)
12-14 05:08:07.949  1709  2433 D NuPlayerDriver: notifyResetComplete(0xf584edc0)
12-14 05:08:07.950  1709  2079 D NuPlayerDriver: start(0xf502f1c0)
12-14 05:08:07.950  1709  2435 I GenericSource: start
12-14 05:08:07.952  1709  2079 D NuPlayerDriver: reset(0xf502f1c0)
12-14 05:08:07.952  1709  2435 D NuPlayerDriver: notifyResetComplete(0xf502f1c0)
12-14 05:08:07.977  2244  2244 I art     : System.exit called, status: 0
12-14 05:08:07.977  2244  2244 I AndroidRuntime: VM exiting with result code 0, cleanup skipped.
12-14 05:08:08.004  1709  1709 D NuPlayerDriver: start(0xf584eca0)
12-14 05:08:08.005  1709  2448 I GenericSource: start
12-14 05:08:08.008  1709  1709 D NuPlayerDriver: reset(0xf584eca0)
12-14 05:08:08.008  1709  2448 D NuPlayerDriver: notifyResetComplete(0xf584eca0)
12-14 05:08:08.029  1709  2096 D NuPlayerDriver: start(0xf584edc0)
12-14 05:08:08.029  1709  2455 I GenericSource: start
12-14 05:08:08.033  1709  2096 D NuPlayerDriver: reset(0xf584edc0)
12-14 05:08:08.033  1709  2455 D NuPlayerDriver: notifyResetComplete(0xf584edc0)
12-14 05:08:08.057  1709  2079 D NuPlayerDriver: start(0xf502f1c0)
12-14 05:08:08.057  1709  2462 I GenericSource: start
12-14 05:08:08.062  1709  2079 D NuPlayerDriver: reset(0xf502f1c0)
12-14 05:08:08.062  1709  2462 D NuPlayerDriver: notifyResetComplete(0xf502f1c0)
12-14 05:08:08.208  1978  2006 I ActivityManager: Start proc 2469:com.android.inputmethod.latin/u0a49 for service com.android.inputmethod.latin/.LatinIME
12-14 05:08:08.208  1978  2006 V InputMethodManagerService: Adding window token: android.os.Binder@28d9527e
12-14 05:08:08.209  1978  1978 W InputMethodManagerService: Illegal subtype state: old subtype = null, new subtype = android.view.inputmethod.InputMethodSubtype@c9194f98
12-14 05:08:08.222  1978  2001 I art     : DexFile_isDexOptNeeded file /system/app/LatinIME/x86_64/LatinIME.odex needs to be relocated for /system/app/LatinIME/LatinIME.apk
12-14 05:08:08.222  1978  2001 I PackageManager: Running patchoat on: com.android.inputmethod.latin
12-14 05:08:08.223  2491  2491 E installd: Running /system/bin/patchoat isa=x86_64 in-fd=5 (/system/app/LatinIME/x86_64/LatinIME.odex) out-fd=6 (/data/dalvik-cache/x86_64/system@app@LatinIME@LatinIME.apk@classes.dex)
12-14 05:08:08.225  2491  2491 W linker  : [vdso]: unused DT entry: type 0x6ffffef5 arg 0xec
12-14 05:08:08.226  2491  2491 E cutils-trace: Error opening trace file: Permission denied (13)
12-14 05:08:08.268  1978  2006 D gps_serial: GPS dev open_gps
12-14 05:08:08.268  1978  2006 D gps_serial: GPS dev get_hardware_interface
12-14 05:08:08.379  2288  2288 I art     : System.exit called, status: 0
12-14 05:08:08.379  2288  2288 I AndroidRuntime: VM exiting with result code 0, cleanup skipped.
12-14 05:08:08.537  2258  2312 I ContactLocale: AddressBook Labels [en-US]: [, A, B, C, D, E, F, G, H, I, J, K, L, M, N, O, P, Q, R, S, T, U, V, W, X, Y, Z, , , , , , , , , , , , , , , , , , , , , , , , , , , , , , , , , , , , , , , , , , , , , , , , , , , , , , , , , , , , , , , , , , , , , , , , , , , , , , , , , , , , , , , , , , , , , , , , , , , , , , , , , , , , , , , , , , , , , , , , , , , , , , , , , , , , , , , , , , , , , , , , , , , , , , , , , , , , , , , , , , , , , , , , , , , , , , , , , , , , , , , , , , , , #, ]
12-14 05:08:08.635  1978  2006 D GpsLocationProvider: Reset GPS properties, previous size = 0
12-14 05:08:08.635  1978  2006 D GpsLocationProvider: GpsParamsResource: SUPL_HOST=supl.google.com
12-14 05:08:08.635  1978  2006 D GpsLocationProvider: GpsParamsResource: SUPL_PORT=7275
12-14 05:08:08.636  1978  2006 D GpsLocationProvider: GpsParamsResource: NTP_SERVER=north-america.pool.ntp.org
12-14 05:08:08.636  1978  2006 D GpsLocationProvider: GpsParamsResource: SUPL_VER=0x20000
12-14 05:08:08.636  1978  2006 D GpsLocationProvider: GpsParamsResource: SUPL_MODE=1
12-14 05:08:08.636  2469  2469 I ActivityThread: Switching default density from 160 to 240
12-14 05:08:08.651  1978  2090 D WifiService: New client listening to asynchronous messages
12-14 05:08:08.653  1978  2010 D BluetoothManagerService: Message: 20
12-14 05:08:08.653  1978  2010 D BluetoothManagerService: Added callback: android.bluetooth.IBluetoothManagerCallback$Stub$Proxy@acbb83a:true
12-14 05:08:08.654  2314  2314 D BluetoothAdapter: 318585997: getState() :  mService = null. Returning STATE_OFF
12-14 05:08:08.654  2314  2493 D BluetoothAdapter: 318585997: getState() :  mService = null. Returning STATE_OFF
12-14 05:08:08.654  1978  2010 D BluetoothManagerService: Message: 30
12-14 05:08:08.655  1978  2010 D BluetoothManagerService: Message: 30
12-14 05:08:08.655  2314  2314 E BluetoothA2dpSink: Could not bind to Bluetooth A2DP Service with Intent { act=android.bluetooth.IBluetoothA2dpSink }
12-14 05:08:08.655  1978  2010 D BluetoothManagerService: Message: 30
12-14 05:08:08.655  2314  2314 E BluetoothAvrcpController: Could not bind to Bluetooth AVRCP Controller Service with Intent { act=android.bluetooth.IBluetoothAvrcpController }
12-14 05:08:08.655  1978  2010 D BluetoothManagerService: Message: 30
12-14 05:08:08.655  1978  2002 D BluetoothManagerService: Trying to bind to profile: 1, while Bluetooth was disabled
12-14 05:08:08.656  1978  2010 D BluetoothManagerService: Message: 30
12-14 05:08:08.656  2314  2314 E BluetoothHeadsetClient: Could not bind to Bluetooth Headset Client Service with Intent { act=android.bluetooth.IBluetoothHeadsetClient }
12-14 05:08:08.656  1978  2010 D BluetoothManagerService: Message: 30
12-14 05:08:08.656  2314  2314 D BluetoothMap: Create BluetoothMap proxy object
12-14 05:08:08.656  1978  2010 D BluetoothManagerService: Message: 30
12-14 05:08:08.657  1978  2010 D BluetoothManagerService: Message: 30
12-14 05:08:08.658  1978  2238 D ConnectivityService: listenForNetwork for NetworkRequest [ id=2, legacyType=-1, [] ]
12-14 05:08:08.660  2314  2314 I CameraManagerGlobal: getCameraService: Reconnecting to camera service
12-14 05:08:08.663  1978  2006 D GpsLocationProvider: GPS properties reloaded, size = 8
12-14 05:08:08.663  1978  2006 E GpsLocationProvider: no AGPS interface in set_agps_server
12-14 05:08:08.663  1978  2006 E GpsLocationProvider: no GPS configuration interface in configuraiton_update
12-14 05:08:08.663  1978  2006 D GpsLocationProvider: final config = #Mon Dec 14 05:08:08 GMT+00:00 2015
12-14 05:08:08.663  1978  2006 D GpsLocationProvider: SUPL_VER=0x20000
12-14 05:08:08.663  1978  2006 D GpsLocationProvider: SUPL_HOST=supl.google.com
12-14 05:08:08.663  1978  2006 D GpsLocationProvider: XTRA_SERVER_3=http\://xtra3.gpsonextra.net/xtra.bin
12-14 05:08:08.663  1978  2006 D GpsLocationProvider: XTRA_SERVER_1=http\://xtra1.gpsonextra.net/xtra.bin
12-14 05:08:08.663  1978  2006 D GpsLocationProvider: SUPL_PORT=7275
12-14 05:08:08.663  1978  2006 D GpsLocationProvider: XTRA_SERVER_2=http\://xtra2.gpsonextra.net/xtra.bin
12-14 05:08:08.663  1978  2006 D GpsLocationProvider: NTP_SERVER=north-america.pool.ntp.org
12-14 05:08:08.663  1978  2006 D GpsLocationProvider: SUPL_MODE=1
12-14 05:08:08.666  1978  2006 W LocationManagerService: no network location provider found
12-14 05:08:08.666  1978  2006 E LocationManagerService: no geocoder provider found
12-14 05:08:08.666  1978  2006 E FlpHardwareProvider: Error hw_get_module 'flp': -2
12-14 05:08:08.666  1978  2006 E LocationManagerService: FLP HAL not supported
12-14 05:08:08.666  2314  2498 D BluetoothAdapter: 318585997: getState() :  mService = null. Returning STATE_OFF
12-14 05:08:08.666  2314  2498 D BluetoothAdapter: 318585997: getState() :  mService = null. Returning STATE_OFF
12-14 05:08:08.667  2314  2498 D BluetoothAdapter: 318585997: getState() :  mService = null. Returning STATE_OFF
12-14 05:08:08.667  2314  2498 D BluetoothAdapter: 318585997: getState() :  mService = null. Returning STATE_OFF
12-14 05:08:08.667  1978  2006 E LocationManagerService: Unable to bind FLP Geofence proxy.
12-14 05:08:08.667  1978  2006 E ActivityRecognitionHardware: Error hw_get_module: -2
12-14 05:08:08.667  1978  2006 E LocationManagerService: Hardware Activity-Recognition not supported.
12-14 05:08:08.667  1978  1978 W ResourcesManager: Asset path '/system/framework/com.android.location.provider.jar' does not exist or contains no resources.
12-14 05:08:08.668  1978  2005 D gps_serial: serial_gps_init
12-14 05:08:08.668  1978  2005 D gps_serial: gps_state_init
12-14 05:08:08.668  1978  2005 D gps_serial: no kernel-provided gps device name
12-14 05:08:08.668  1978  2005 W GpsLocationProvider: Failed to enable location provider
12-14 05:08:08.668  1978  2006 I CommonTimeManagementService: No common time service detected on this platform.  Common time services will be unavailable.
12-14 05:08:08.668  1978  2075 I InputReader: Reconfiguring input devices.  changes=0x00000020
12-14 05:08:08.668  1978  2006 I MmsServiceBroker: Delay connecting to MmsService until an API is called
12-14 05:08:08.668  1978  1978 V WiredAccessoryManager: notifyWiredAccessoryChanged: when=0 bits= mask=54
12-14 05:08:08.668  1978  2006 W VoiceInteractionManagerService: no available voice interaction services found for user 0
12-14 05:08:08.668  1978  1978 V WiredAccessoryManager: newName=h2w newState=0 headsetState=0 prev headsetState=0
12-14 05:08:08.668  1978  1978 E WiredAccessoryManager: No state change.
12-14 05:08:08.668  1978  1978 V WiredAccessoryManager: init()
12-14 05:08:08.668  1978  2006 W VoiceInteractionManagerService: no available voice recognition services found for user 0
12-14 05:08:08.668  1978  1978 I FusedLocation: engine started (com.android.location.fused)
12-14 05:08:08.669  1978  2075 I InputReader: Reconfiguring input devices.  changes=0x00000010
12-14 05:08:08.675  2314  2501 D OpenGLRenderer: Use EGL_SWAP_BEHAVIOR_PRESERVED: true
12-14 05:08:08.675  2314  2314 I GRALLOC-DRM: create intel for driver i915
12-14 05:08:08.676  2314  2314 D Atlas   : Validating map...
12-14 05:08:08.677  2314  2314 D PhoneStatusBar: disable: < EXPAND* icons alerts system_info BACK* HOME* RECENT* clock SEARCH* >
12-14 05:08:08.684  1978  2006 I ActivityManager: Start proc 2502:com.android.phone/1001 for added application com.android.phone
12-14 05:08:08.684  1978  2006 I ActivityManager: START u0 {act=android.intent.action.MAIN cat=[android.intent.category.HOME] flg=0x10000000 cmp=org.zeroxlab.util.tscal/.TSCalibrationStartup} from uid 0 on display 0
12-14 05:08:08.685  1978  2006 V WindowManager: addAppToken: AppWindowToken{cf82447 token=Token{1cfa2386 ActivityRecord{999ac61 u0 org.zeroxlab.util.tscal/.TSCalibrationStartup t1}}} to stack=0 task=1 at 0
12-14 05:08:08.701  1978  2006 I ActivityManager: Start proc 2524:org.zeroxlab.util.tscal/1000 for activity org.zeroxlab.util.tscal/.TSCalibrationStartup
12-14 05:08:08.716  1978  2005 I ActivityManager: Start proc 2546:com.android.printspooler/u0a30 for service com.android.printspooler/.model.PrintSpoolerService
12-14 05:08:08.717  1978  2140 I art     : DexFile_isDexOptNeeded file /system/priv-app/TelephonyProvider/x86_64/TelephonyProvider.odex needs to be relocated for /system/priv-app/TelephonyProvider/TelephonyProvider.apk
12-14 05:08:08.717  1978  2140 I PackageManager: Running patchoat on: com.android.providers.telephony
12-14 05:08:08.717  2552  2552 E installd: Running /system/bin/patchoat isa=x86_64 in-fd=5 (/system/priv-app/TelephonyProvider/x86_64/TelephonyProvider.odex) out-fd=6 (/data/dalvik-cache/x86_64/system@priv-app@TelephonyProvider@TelephonyProvider.apk@classes.dex)
12-14 05:08:08.720  2552  2552 W linker  : [vdso]: unused DT entry: type 0x6ffffef5 arg 0xec
12-14 05:08:08.720  2552  2552 E cutils-trace: Error opening trace file: Permission denied (13)
12-14 05:08:08.764  2469  2469 I LatinIME: Hardware accelerated drawing: true
12-14 05:08:08.868  1978  2140 I art     : DexFile_isDexOptNeeded file /system/priv-app/TeleService/x86_64/TeleService.odex needs to be relocated for /system/priv-app/TeleService/TeleService.apk
12-14 05:08:08.868  1978  2140 I PackageManager: Running patchoat on: com.android.phone
12-14 05:08:08.869  2572  2572 E installd: Running /system/bin/patchoat isa=x86_64 in-fd=5 (/system/priv-app/TeleService/x86_64/TeleService.odex) out-fd=6 (/data/dalvik-cache/x86_64/system@priv-app@TeleService@TeleService.apk@classes.dex)
12-14 05:08:08.871  2572  2572 W linker  : [vdso]: unused DT entry: type 0x6ffffef5 arg 0xec
12-14 05:08:08.872  2572  2572 E cutils-trace: Error opening trace file: Permission denied (13)
12-14 05:08:09.002  2502  2502 I ActivityThread: Switching default density from 160 to 240
12-14 05:08:09.007  1978  2002 I art     : DexFile_isDexOptNeeded file /system/app/PrintSpooler/x86_64/PrintSpooler.odex needs to be relocated for /system/app/PrintSpooler/PrintSpooler.apk
12-14 05:08:09.007  1978  2002 I PackageManager: Running patchoat on: com.android.printspooler
12-14 05:08:09.008  2573  2573 E installd: Running /system/bin/patchoat isa=x86_64 in-fd=5 (/system/app/PrintSpooler/x86_64/PrintSpooler.odex) out-fd=6 (/data/dalvik-cache/x86_64/system@app@PrintSpooler@PrintSpooler.apk@classes.dex)
12-14 05:08:09.008  2524  2524 I ActivityThread: Switching default density from 160 to 240
12-14 05:08:09.010  2573  2573 W linker  : [vdso]: unused DT entry: type 0x6ffffef5 arg 0xec
12-14 05:08:09.011  2573  2573 E cutils-trace: Error opening trace file: Permission denied (13)
12-14 05:08:09.127  1978  1978 D GpsNetInitiatedHandler: location enabled :true
12-14 05:08:09.128  2469  2469 W InputAttributes: No editor info for this field. Bug?
12-14 05:08:09.128  2546  2546 I ActivityThread: Switching default density from 160 to 240
12-14 05:08:09.130  2546  2546 I PrintSpoolerService: No existing print spooler state.
12-14 05:08:09.133  2314  2314 D BluetoothAdapter: 318585997: getState() :  mService = null. Returning STATE_OFF
12-14 05:08:09.133  2314  2314 D BluetoothAdapter: 318585997: getState() :  mService = null. Returning STATE_OFF
12-14 05:08:09.134  2314  2314 D PhoneStatusBar: heads up is enabled
12-14 05:08:09.135  2314  2314 D StatusBar: user hasn't seen notification about hidden notifications
12-14 05:08:09.135  2314  2314 D StatusBar: insecure lockscreen, skipping notification
12-14 05:08:09.156  2469  2578 I LatinIME:LogUtils: Dictionary info: dictionary = contacts.en_US ; version = 1450069689 ; date = ?
12-14 05:08:09.156  2469  2575 I LatinIME:LogUtils: Dictionary info: dictionary = UserHistoryDictionary.en_US ; version = 1450069689 ; date = ?
12-14 05:08:09.156  2469  2576 I LatinIME:LogUtils: Dictionary info: dictionary = PersonalizationDictionary.en_US ; version = 1450069689 ; date = ?
12-14 05:08:09.156  2469  2579 I LatinIME:LogUtils: Dictionary info: dictionary = ContextualDictionary.en_US ; version = 1450069689 ; date = ?
12-14 05:08:09.156  2469  2577 I LatinIME:LogUtils: Dictionary info: dictionary = userunigram.en_US ; version = 1450069689 ; date = ?
12-14 05:08:09.156  2469  2576 I LatinIME:LogUtils: Dictionary info: dictionary = PersonalizationDictionary.en_US ; version = 1450069689 ; date = ?
12-14 05:08:09.157  2469  2576 I LatinIME:LogUtils: Dictionary info: dictionary = PersonalizationDictionary.en_US ; version = 1450069689 ; date = ?
12-14 05:08:09.196  2583  2583 W linker  : [vdso]: unused DT entry: type 0x6ffffef5 arg 0x160
12-14 05:08:09.436  1978  2237 I ActivityManager: Force stopping org.zeroxlab.util.tscal appid=1000 user=0: pkg changed
12-14 05:08:09.436  1978  2237 I ActivityManager: Killing 2524:org.zeroxlab.util.tscal/1000 (adj 0): stop org.zeroxlab.util.tscal
12-14 05:08:09.449  1978  2237 I ActivityManager:   Force finishing activity 3 ActivityRecord{999ac61 u0 org.zeroxlab.util.tscal/.TSCalibrationStartup t1}
12-14 05:08:09.450  1978  2237 I ActivityManager: START u0 {act=android.intent.action.MAIN cat=[android.intent.category.HOME] flg=0x10000000 cmp=com.android.settings/.CryptKeeper} from uid 0 on display 0
12-14 05:08:09.451  1978  2237 V WindowManager: addAppToken: AppWindowToken{28434579 token=Token{12392240 ActivityRecord{1fb2e9c3 u0 com.android.settings/.CryptKeeper t2}}} to stack=0 task=2 at 0
12-14 05:08:09.451  1978  2002 W ActivityManager: Spurious death for ProcessRecord{37d05f1f 2524:org.zeroxlab.util.tscal/1000}, curProc for 2524: null
12-14 05:08:09.452  1978  2075 I InputReader: Reconfiguring input devices.  changes=0x00000010
12-14 05:08:09.502  1978  2238 W BackupManagerService: dataChanged but no participant pkg='com.android.providers.settings' uid=10007
12-14 05:08:09.738  2314  2314 I EGL-DRI2: DRI2: found extension DRI_Core version 1
12-14 05:08:09.738  2314  2314 I EGL-DRI2: DRI2: found extension DRI_DRI2 version 4
12-14 05:08:09.741  2314  2314 I EGL-DRI2: DRI2: found extension DRI_TexBuffer version 3
12-14 05:08:09.741  2314  2314 I EGL-DRI2: DRI2: found extension DRI2_Flush version 4
12-14 05:08:09.741  2314  2314 I EGL-DRI2: DRI2: found extension DRI_IMAGE version 11
12-14 05:08:09.742  1978  2237 I art     : Explicit concurrent mark sweep GC freed 17974(1208KB) AllocSpace objects, 9(138KB) LOS objects, 33% free, 8MB/12MB, paused 481us total 10.212ms
12-14 05:08:09.768  2314  2314 I Choreographer: Skipped 129 frames!  The application may be doing too much work on its main thread.
12-14 05:08:09.769  2314  2314 D ViewRootImpl: changeCanvasOpacity: opaque=true
12-14 05:08:09.803  2314  2501 I EGL-DRI2: DRI2: found extension DRI_Core version 1
12-14 05:08:09.803  2314  2501 I EGL-DRI2: DRI2: found extension DRI_DRI2 version 4
12-14 05:08:09.806  2314  2501 I EGL-DRI2: DRI2: found extension DRI_TexBuffer version 3
12-14 05:08:09.806  2314  2501 I EGL-DRI2: DRI2: found extension DRI2_Flush version 4
12-14 05:08:09.806  2314  2501 I EGL-DRI2: DRI2: found extension DRI_IMAGE version 11
12-14 05:08:09.806  2314  2501 I OpenGLRenderer: Initialized EGL, version 1.4
12-14 05:08:09.806  2314  2501 W OpenGLRenderer: Failed to choose config with EGL_SWAP_BEHAVIOR_PRESERVED, retrying without...
12-14 05:08:09.808  2314  2501 D OpenGLRenderer: Enabling debug mode 0
12-14 05:08:09.817  1978  2090 D WifiService: New client listening to asynchronous messages
12-14 05:08:09.882  2314  2314 D OpenGLRenderer: setting property extraRasterBucket to 0.95
12-14 05:08:09.882  2314  2314 D OpenGLRenderer:     failed
12-14 05:08:09.882  2314  2314 D OpenGLRenderer: setting property extraRasterBucket to 0.0
12-14 05:08:09.882  2314  2314 D OpenGLRenderer:     failed
12-14 05:08:09.893  1978  1978 W AppWidgetServiceImpl: Failed to read state: java.io.FileNotFoundException: /data/system/users/0/appwidgets.xml: open failed: ENOENT (No such file or directory)
12-14 05:08:09.893  1978  1978 V AppWidgetServiceImpl: Upgrading widget database from 0 to 1
12-14 05:08:09.893  1978  2010 D BluetoothManagerService: Message: 300
12-14 05:08:09.893  1978  2010 D BluetoothManagerService: MESSAGE_USER_SWITCHED
12-14 05:08:09.893  1701  1944 D PermissionCache: checking android.permission.HARDWARE_TEST for uid=1000 => granted (21 us)
12-14 05:08:09.894  1709  2079 D BlueZ   : external/bluetooth/bluez/android/hal-audio.c:audio_set_mic_mute() 
12-14 05:08:09.967  1978  1978 D BackupManagerService: Received broadcast Intent { act=android.intent.action.PACKAGE_CHANGED dat=package:org.zeroxlab.util.tscal flg=0x4000010 (has extras) }
12-14 05:08:09.991  1978  2239 I ActivityManager: Start proc 2593:com.android.launcher3/u0a27 for broadcast com.android.launcher3/.PackageChangedReceiver
12-14 05:08:09.995  1978  2238 I art     : DexFile_isDexOptNeeded file /system/app/Launcher3/x86_64/Launcher3.odex needs to be relocated for /system/app/Launcher3/Launcher3.apk
12-14 05:08:09.995  1978  2238 I PackageManager: Running patchoat on: com.android.launcher3
12-14 05:08:09.995  2615  2615 E installd: Running /system/bin/patchoat isa=x86_64 in-fd=5 (/system/app/Launcher3/x86_64/Launcher3.odex) out-fd=6 (/data/dalvik-cache/x86_64/system@app@Launcher3@Launcher3.apk@classes.dex)
12-14 05:08:09.998  2615  2615 W linker  : [vdso]: unused DT entry: type 0x6ffffef5 arg 0xec
12-14 05:08:09.998  2615  2615 E cutils-trace: Error opening trace file: Permission denied (13)
12-14 05:08:10.418  1978  2238 I ActivityManager: Start proc 2616:com.android.settings/1000 for activity com.android.settings/.CryptKeeper
12-14 05:08:10.419  2593  2593 I ActivityThread: Switching default density from 160 to 240
12-14 05:08:10.427  2616  2616 I ActivityThread: Switching default density from 160 to 240
12-14 05:08:10.462  2258  2312 D ContactDirectoryManager: Found com.android.exchange.directory.provider
12-14 05:08:10.467  1978  2238 I ActivityManager: START u0 {act=android.intent.action.MAIN cat=[android.intent.category.HOME] flg=0x10000000 cmp=com.android.provision/.DefaultActivity} from uid 0 on display 0
12-14 05:08:10.468  1978  2238 V WindowManager: addAppToken: AppWindowToken{2f2bc389 token=Token{313b8e90 ActivityRecord{3ae51553 u0 com.android.provision/.DefaultActivity t3}}} to stack=0 task=3 at 0
12-14 05:08:10.483  1978  2238 I ActivityManager: Start proc 2639:com.android.provision/u0a39 for activity com.android.provision/.DefaultActivity
12-14 05:08:10.499  2502  2502 D TelephonyProvider: dbh.onCreate:+ db=SQLiteDatabase: /data/data/com.android.providers.telephony/databases/telephony.db
12-14 05:08:10.499  2502  2502 D TelephonyProvider: dbh.createSimInfoTable:+
12-14 05:08:10.499  2502  2502 D TelephonyProvider: dbh.createSimInfoTable:-
12-14 05:08:10.499  2502  2502 D TelephonyProvider: dbh.createCarriersTable:+
12-14 05:08:10.499  2502  2502 D TelephonyProvider: dbh.createCarriersTable:-
12-14 05:08:10.499  1978  2571 I ActivityManager: Start proc 2661:com.android.exchange/u0a28 for content provider com.android.exchange/.provider.ExchangeDirectoryProvider
12-14 05:08:10.499  2502  2502 D TelephonyProvider: No APNs in OEM image = /oem/telephony/apns-conf.xml Load APNs from system image
12-14 05:08:10.499  2502  2502 D TelephonyProvider: confFile = /system/etc/apns-conf.xml
12-14 05:08:10.500  1978  2002 I art     : DexFile_isDexOptNeeded file /system/app/Provision/x86_64/Provision.odex needs to be relocated for /system/app/Provision/Provision.apk
12-14 05:08:10.500  1978  2002 I PackageManager: Running patchoat on: com.android.provision
12-14 05:08:10.500  2667  2667 E installd: Running /system/bin/patchoat isa=x86_64 in-fd=5 (/system/app/Provision/x86_64/Provision.odex) out-fd=6 (/data/dalvik-cache/x86_64/system@app@Provision@Provision.apk@classes.dex)
12-14 05:08:10.503  2667  2667 W linker  : [vdso]: unused DT entry: type 0x6ffffef5 arg 0xec
12-14 05:08:10.503  2667  2667 E cutils-trace: Error opening trace file: Permission denied (13)
12-14 05:08:10.568  1978  2239 I art     : DexFile_isDexOptNeeded file /system/app/Exchange2/x86_64/Exchange2.odex needs to be relocated for /system/app/Exchange2/Exchange2.apk
12-14 05:08:10.568  1978  2239 I PackageManager: Running patchoat on: com.android.exchange
12-14 05:08:10.569  2684  2684 E installd: Running /system/bin/patchoat isa=x86_64 in-fd=5 (/system/app/Exchange2/x86_64/Exchange2.odex) out-fd=6 (/data/dalvik-cache/x86_64/system@app@Exchange2@Exchange2.apk@classes.dex)
12-14 05:08:10.569  2639  2639 I ActivityThread: Switching default density from 160 to 240
12-14 05:08:10.571  2684  2684 W linker  : [vdso]: unused DT entry: type 0x6ffffef5 arg 0xec
12-14 05:08:10.572  2684  2684 E cutils-trace: Error opening trace file: Permission denied (13)
12-14 05:08:10.853  2502  2502 D TelephonyProvider: dbh.onCreate:- db=SQLiteDatabase: /data/data/com.android.providers.telephony/databases/telephony.db
12-14 05:08:11.109  2502  2502 D TelephonyProvider: dbh.onOpen: ok, queried table=siminfo
12-14 05:08:11.109  2502  2502 D TelephonyProvider: dbh.onOpen: ok, queried table=carriers
12-14 05:08:11.279  1978  2005 D GpsLocationProvider: received SIM realted action: 
12-14 05:08:11.279  2314  2314 V KeyguardUpdateMonitor: action android.intent.action.SIM_STATE_CHANGED state: NOT_READY slotId: 0 subid: -2
12-14 05:08:11.280  1978  2005 D GpsLocationProvider: SIM MCC/MNC is still not available
12-14 05:08:11.280  2314  2314 D KeyguardUpdateMonitor: handleSimStateChange(subId=-2, slotId=0, state=UNKNOWN)
12-14 05:08:11.280  2661  2661 I ActivityThread: Switching default density from 160 to 240
12-14 05:08:11.280  2314  2314 W KeyguardUpdateMonitor: invalid subId in handleSimStateChange()
12-14 05:08:11.280  2502  2693 E DcSwitchStateMachine-0: DctController is not ready
12-14 05:08:11.281  1978  2091 E ConnectivityService: Failed to find Messenger in unregisterNetworkFactory
12-14 05:08:11.281  1978  2091 D ConnectivityService: Got NetworkFactory Messenger for Telephony
12-14 05:08:11.298  1978  2001 I ActivityManager: Start proc 2695:com.android.email/u0a17 for content provider com.android.email/.provider.EmailProvider
12-14 05:08:11.299  2258  2312 I ContactDirectoryManager: deleted 0 stale rows which don't have any relevant directory
12-14 05:08:11.307  1978  2569 I art     : DexFile_isDexOptNeeded file /system/app/Email/x86_64/Email.odex needs to be relocated for /system/app/Email/Email.apk
12-14 05:08:11.307  1978  2569 I PackageManager: Running patchoat on: com.android.email
12-14 05:08:11.307  2717  2717 E installd: Running /system/bin/patchoat isa=x86_64 in-fd=5 (/system/app/Email/x86_64/Email.odex) out-fd=6 (/data/dalvik-cache/x86_64/system@app@Email@Email.apk@classes.dex)
12-14 05:08:11.309  2717  2717 W linker  : [vdso]: unused DT entry: type 0x6ffffef5 arg 0xec
12-14 05:08:11.310  2717  2717 E cutils-trace: Error opening trace file: Permission denied (13)
12-14 05:08:11.752  2258  2312 I ContactDirectoryManager: Discovered 0 contact directories in 1862ms
12-14 05:08:11.753  1978  2002 W BackupManagerService: dataChanged but no participant pkg='com.android.providers.settings' uid=10039
12-14 05:08:11.753  1978  1978 I ValidateNoPeople: mEvictionCount: 0
12-14 05:08:11.754  2258  2312 I ContactsProvider: Upgrading aggregation algorithm
12-14 05:08:11.754  2258  2312 I ContactAggregator: Marked all visible contacts for aggregation: 0 raw contacts, 0 ms
12-14 05:08:11.815  2695  2695 I ActivityThread: Switching default density from 160 to 240
12-14 05:08:11.821  2695  2722 D ActivityThread: Loading provider com.android.email.provider;com.android.email.notifier: com.android.email.provider.EmailProvider
12-14 05:08:11.822  2695  2725 D ActivityThread: Loading provider com.android.email.provider;com.android.email.notifier: com.android.email.provider.EmailProvider
12-14 05:08:11.822  2695  2723 D ActivityThread: Loading provider com.android.email.provider;com.android.email.notifier: com.android.email.provider.EmailProvider
12-14 05:08:11.823  2695  2727 D ActivityThread: Loading provider com.android.email.provider;com.android.email.notifier: com.android.email.provider.EmailProvider
12-14 05:08:11.823  2695  2695 D ActivityThread: Loading provider com.android.email.provider;com.android.email.notifier: com.android.email.provider.EmailProvider
12-14 05:08:11.823  2695  2729 D ActivityThread: Loading provider com.android.email.provider;com.android.email.notifier: com.android.email.provider.EmailProvider
12-14 05:08:11.824  2695  2730 D ActivityThread: Loading provider com.android.email.provider;com.android.email.notifier: com.android.email.provider.EmailProvider
12-14 05:08:11.888  2469  2580 I LatinIME:LogUtils: Dictionary info: dictionary = main:de ; version = 44 ; date = 1393228134
12-14 05:08:11.988  2469  2580 I LatinIME:LogUtils: Dictionary info: dictionary = main:fr ; version = 45 ; date = 1400639634
12-14 05:08:12.043  2469  2580 I LatinIME:LogUtils: Dictionary info: dictionary = main:es ; version = 49 ; date = 1404131686
12-14 05:08:12.078  2469  2580 I LatinIME:LogUtils: Dictionary info: dictionary = main:it ; version = 44 ; date = 1393228135
12-14 05:08:12.131  1978  2140 W BackupManagerService: dataChanged but no participant pkg='com.android.providers.settings' uid=1001
12-14 05:08:12.132  1978  2569 I PackageManager: Replacing preferred activity com.android.mms/.ui.ComposeMessageActivity for user 0:
12-14 05:08:12.132  1978  2569 I PackageManager:   Action: "android.intent.action.SENDTO"
12-14 05:08:12.132  1978  2569 I PackageManager:   Category: "android.intent.category.DEFAULT"
12-14 05:08:12.132  1978  2569 I PackageManager:   Scheme: "sms"
12-14 05:08:12.132  1978  2239 I PackageManager: Replacing preferred activity com.android.mms/.ui.ComposeMessageActivity for user 0:
12-14 05:08:12.132  1978  2239 I PackageManager:   Action: "android.intent.action.SENDTO"
12-14 05:08:12.132  1978  2239 I PackageManager:   Category: "android.intent.category.DEFAULT"
12-14 05:08:12.132  1978  2239 I PackageManager:   Scheme: "smsto"
12-14 05:08:12.133  1978  2571 I PackageManager: Replacing preferred activity com.android.mms/.ui.ComposeMessageActivity for user 0:
12-14 05:08:12.133  1978  2571 I PackageManager:   Action: "android.intent.action.SENDTO"
12-14 05:08:12.133  1978  2571 I PackageManager:   Category: "android.intent.category.DEFAULT"
12-14 05:08:12.133  1978  2571 I PackageManager:   Scheme: "mms"
12-14 05:08:12.133  1978  2237 I PackageManager: Replacing preferred activity com.android.mms/.ui.ComposeMessageActivity for user 0:
12-14 05:08:12.133  1978  2237 I PackageManager:   Action: "android.intent.action.SENDTO"
12-14 05:08:12.133  1978  2237 I PackageManager:   Category: "android.intent.category.DEFAULT"
12-14 05:08:12.133  1978  2237 I PackageManager:   Scheme: "mmsto"
12-14 05:08:12.138  1978  2010 D BluetoothManagerService: Message: 20
12-14 05:08:12.138  1978  2010 D BluetoothManagerService: Added callback: android.bluetooth.IBluetoothManagerCallback$Stub$Proxy@34a2b58f:true
12-14 05:08:12.139  1978  2010 D BluetoothManagerService: Message: 30
12-14 05:08:12.139  1978  2569 D BluetoothManagerService: Trying to bind to profile: 1, while Bluetooth was disabled
12-14 05:08:12.141  2502  2502 I Telephony: TtyManager: updateUiTtyMode -1 -> 0
12-14 05:08:12.142  2469  2580 I LatinIME:LogUtils: Dictionary info: dictionary = main:ru ; version = 50 ; date = 1406597821
12-14 05:08:12.143  1978  2006 D GpsLocationProvider: received SIM realted action: 
12-14 05:08:12.143  2314  2314 V KeyguardUpdateMonitor: onSubscriptionInfoChanged()
12-14 05:08:12.143  2314  2314 V KeyguardUpdateMonitor: onSubscriptionInfoChanged: list is null
12-14 05:08:12.143  1978  2006 D GpsLocationProvider: SIM MCC/MNC is still not available
12-14 05:08:12.152  2502  2502 D TelephonyDebugService: TelephonyDebugService()
12-14 05:08:12.190  2469  2580 I LatinIME:LogUtils: Dictionary info: dictionary = main:en ; version = 47 ; date = 1402373178
12-14 05:08:12.257  2258  2312 I ContactsProvider: Aggregation algorithm upgraded for 0 raw contacts in 503ms
12-14 05:08:12.264  2258  2312 I ContactsFTS: Rebuild contact search index in 5ms, 0 contacts
12-14 05:08:12.311  1978  2090 D WifiService: New client listening to asynchronous messages
12-14 05:08:12.331  1978  2238 W BackupManagerService: dataChanged but no participant pkg='com.android.providers.settings' uid=10039
12-14 05:08:12.399  2502  2502 I Telephony: PstnIncomingCallNotifier: Registering: Handler (com.android.internal.telephony.gsm.GSMPhone) {11318316}
12-14 05:08:12.472  1978  2002 I ActivityManager: START u0 {act=android.intent.action.MAIN cat=[android.intent.category.HOME] flg=0x10000000 cmp=com.android.launcher3/.Launcher} from uid 0 on display 0
12-14 05:08:12.473  1978  2002 V WindowManager: addAppToken: AppWindowToken{3862207f token=Token{1cca0d9e ActivityRecord{ddd0fd9 u0 com.android.launcher3/.Launcher t4}}} to stack=0 task=4 at 0
12-14 05:08:12.663  2593  2593 V Launcher: LauncherAppState inited
12-14 05:08:12.665  2593  2593 D Launcher.Model: Old launcher provider: content://com.android.launcher2.settings/favorites?notify=true
12-14 05:08:12.665  2593  2593 D Launcher.Model: Old launcher provider does not exist.
12-14 05:08:12.666  2593  2593 W Launcher: setApplicationContext called twice! old=com.android.launcher3.LauncherApplication@1f5f05c4 new=com.android.launcher3.LauncherApplication@1f5f05c4
12-14 05:08:12.683  1978  2240 I ActivityManager: Start proc 2740:com.android.gallery3d/u0a38 for broadcast com.android.gallery3d/.app.PackagesMonitor
12-14 05:08:12.683  2593  2593 W Launcher: setApplicationContext called twice! old=com.android.launcher3.LauncherApplication@1f5f05c4 new=com.android.launcher3.LauncherApplication@1f5f05c4
12-14 05:08:12.694  2593  2593 W ResourceType: Attempt to retrieve bag 0x7f0d0008 which is invalid or in a cycle.
12-14 05:08:12.705  1978  2237 I art     : DexFile_isDexOptNeeded file /system/app/Gallery2/x86/Gallery2.odex needs to be relocated for /system/app/Gallery2/Gallery2.apk
12-14 05:08:12.705  1978  2237 I PackageManager: Running patchoat on: com.android.gallery3d
12-14 05:08:12.705  2765  2765 E installd: Running /system/bin/patchoat isa=x86 in-fd=5 (/system/app/Gallery2/x86/Gallery2.odex) out-fd=6 (/data/dalvik-cache/x86/system@app@Gallery2@Gallery2.apk@classes.dex)
12-14 05:08:12.708  2765  2765 W linker  : [vdso]: unused DT entry: type 0x6ffffef5 arg 0xec
12-14 05:08:12.708  2765  2765 E cutils-trace: Error opening trace file: Permission denied (13)
12-14 05:08:12.873  2593  2738 D Launcher.Model: 11683562 - loadWorkspace()
12-14 05:08:13.159  2593  2738 D Launcher.LauncherProvider: loading default workspace
12-14 05:08:13.160  2593  2738 E DefaultLayoutParser: Default layout parser initialized
12-14 05:08:13.160  2740  2740 I ActivityThread: Switching default density from 160 to 240
12-14 05:08:13.162  2593  2593 W Launcher: setApplicationContext called twice! old=com.android.launcher3.LauncherApplication@1f5f05c4 new=com.android.launcher3.LauncherApplication@1f5f05c4
12-14 05:08:13.169  2593  2766 D OpenGLRenderer: Use EGL_SWAP_BEHAVIOR_PRESERVED: true
12-14 05:08:13.169  2593  2593 I GRALLOC-DRM: create intel for driver i915
12-14 05:08:13.170  2593  2593 D Atlas   : Validating map...
12-14 05:08:13.171  1978  2002 V WindowManager: Based on layer: Adding window Window{11cb6eb9 u0 com.android.launcher3/com.android.launcher3.Launcher} at 1 of 6
12-14 05:08:13.182  1978  2240 I ActivityManager: Start proc 2769:com.android.music/u0a32 for broadcast com.android.music/.MediaButtonIntentReceiver
12-14 05:08:13.185  1978  2571 I art     : DexFile_isDexOptNeeded file /system/app/Music/x86_64/Music.odex needs to be relocated for /system/app/Music/Music.apk
12-14 05:08:13.185  1978  2571 I PackageManager: Running patchoat on: com.android.music
12-14 05:08:13.185  2792  2792 E installd: Running /system/bin/patchoat isa=x86_64 in-fd=5 (/system/app/Music/x86_64/Music.odex) out-fd=6 (/data/dalvik-cache/x86_64/system@app@Music@Music.apk@classes.dex)
12-14 05:08:13.187  2792  2792 W linker  : [vdso]: unused DT entry: type 0x6ffffef5 arg 0xec
12-14 05:08:13.188  2792  2792 E cutils-trace: Error opening trace file: Permission denied (13)
12-14 05:08:13.402  2769  2769 I ActivityThread: Switching default density from 160 to 240
12-14 05:08:13.425  1978  2571 I ActivityManager: Start proc 2794:android.process.media/u0a6 for content provider com.android.providers.media/.MediaProvider
12-14 05:08:13.428  1712  1712 I art     : Explicit concurrent mark sweep GC freed 706(30KB) AllocSpace objects, 0(0B) LOS objects, 39% free, 1950KB/3MB, paused 25us total 2.898ms
