12-14 05:24:05.086  1978  2013 I PowerManagerService: Going to sleep due to screen timeout (uid 1000)...
12-14 05:24:05.087  1978  2013 I PowerManagerService: Sleeping (uid 1000)...
12-14 05:24:05.087  1978  1978 D KbdSensor: poll_activate: dev=0x7f9d24466680 handle=0 enabled=0
12-14 05:24:05.088  1978  2089 I WifiNative-HAL: startHal
12-14 05:24:05.088  1978  2089 E wifi    : getStaticLongField sWifiHalHandle 0x7f9d0fbe3410
12-14 05:24:05.088  1709  2096 D BlueZ   : external/bluetooth/bluez/android/hal-audio.c:audio_set_parameters() 
12-14 05:24:05.088  1978  2089 D wifi    : halHandle = 0x0, mVM = 0x7f9d2447c300, mCls = 0x126e
12-14 05:24:05.088  1978  2089 I WifiNative-HAL: Could not start hal
12-14 05:24:05.088  1978  2089 E WifiStateMachine: cancelDelayedScan -> 1
12-14 05:24:05.092  1709  1709 D BlueZ   : external/bluetooth/bluez/android/hal-audio.c:audio_set_parameters() 
12-14 05:24:05.092  1978  2089 I WifiNative-HAL: startHal
12-14 05:24:05.092  1978  2089 E WifiStateMachine: cancelDelayedScan -> 2
12-14 05:24:05.099  1978  2013 I EGL-DRI2: DRI2: found extension DRI_Core version 1
12-14 05:24:05.099  1978  2013 I EGL-DRI2: DRI2: found extension DRI_DRI2 version 4
12-14 05:24:05.110  1978  2013 I EGL-DRI2: DRI2: found extension DRI_TexBuffer version 3
12-14 05:24:05.110  1978  2013 I EGL-DRI2: DRI2: found extension DRI2_Flush version 4
12-14 05:24:05.110  1978  2013 I EGL-DRI2: DRI2: found extension DRI_IMAGE version 11
12-14 05:24:05.120  1701  1944 D PermissionCache: checking android.permission.READ_FRAME_BUFFER for uid=1000 => granted (194 us)
12-14 05:24:05.144  1978  2013 E ColorFade: drawFrame failed: error 1281
12-14 05:24:05.144  1978  2013 E ColorFade: java.lang.Throwable
12-14 05:24:05.144  1978  2013 E ColorFade: 	at com.android.server.display.ColorFade.checkGlErrors(ColorFade.java:683)
12-14 05:24:05.144  1978  2013 E ColorFade: 	at com.android.server.display.ColorFade.checkGlErrors(ColorFade.java:675)
12-14 05:24:05.144  1978  2013 E ColorFade: 	at com.android.server.display.ColorFade.draw(ColorFade.java:383)
12-14 05:24:05.144  1978  2013 E ColorFade: 	at com.android.server.display.ColorFade.prepare(ColorFade.java:186)
12-14 05:24:05.144  1978  2013 E ColorFade: 	at com.android.server.display.DisplayPowerState.prepareColorFade(DisplayPowerState.java:183)
12-14 05:24:05.144  1978  2013 E ColorFade: 	at com.android.server.display.DisplayPowerController.animateScreenStateChange(DisplayPowerController.java:885)
12-14 05:24:05.144  1978  2013 E ColorFade: 	at com.android.server.display.DisplayPowerController.updatePowerState(DisplayPowerController.java:581)
12-14 05:24:05.144  1978  2013 E ColorFade: 	at com.android.server.display.DisplayPowerController.access$400(DisplayPowerController.java:72)
12-14 05:24:05.144  1978  2013 E ColorFade: 	at com.android.server.display.DisplayPowerController$DisplayControllerHandler.handleMessage(DisplayPowerController.java:1160)
12-14 05:24:05.144  1978  2013 E ColorFade: 	at android.os.Handler.dispatchMessage(Handler.java:102)
12-14 05:24:05.144  1978  2013 E ColorFade: 	at android.os.Looper.loop(Looper.java:135)
12-14 05:24:05.144  1978  2013 E ColorFade: 	at android.os.HandlerThread.run(HandlerThread.java:61)
12-14 05:24:05.144  1978  2013 E ColorFade: 	at com.android.server.ServiceThread.run(ServiceThread.java:46)
12-14 05:24:05.146  1978  2013 E ColorFade: drawFrame failed: error 1281
12-14 05:24:05.146  1978  2013 E ColorFade: java.lang.Throwable
12-14 05:24:05.146  1978  2013 E ColorFade: 	at com.android.server.display.ColorFade.checkGlErrors(ColorFade.java:683)
12-14 05:24:05.146  1978  2013 E ColorFade: 	at com.android.server.display.ColorFade.checkGlErrors(ColorFade.java:675)
12-14 05:24:05.146  1978  2013 E ColorFade: 	at com.android.server.display.ColorFade.draw(ColorFade.java:383)
12-14 05:24:05.146  1978  2013 E ColorFade: 	at com.android.server.display.ColorFade.prepare(ColorFade.java:186)
12-14 05:24:05.146  1978  2013 E ColorFade: 	at com.android.server.display.DisplayPowerState.prepareColorFade(DisplayPowerState.java:183)
12-14 05:24:05.146  1978  2013 E ColorFade: 	at com.android.server.display.DisplayPowerController.animateScreenStateChange(DisplayPowerController.java:885)
12-14 05:24:05.146  1978  2013 E ColorFade: 	at com.android.server.display.DisplayPowerController.updatePowerState(DisplayPowerController.java:581)
12-14 05:24:05.146  1978  2013 E ColorFade: 	at com.android.server.display.DisplayPowerController.access$400(DisplayPowerController.java:72)
12-14 05:24:05.146  1978  2013 E ColorFade: 	at com.android.server.display.DisplayPowerController$DisplayControllerHandler.handleMessage(DisplayPowerController.java:1160)
12-14 05:24:05.146  1978  2013 E ColorFade: 	at android.os.Handler.dispatchMessage(Handler.java:102)
12-14 05:24:05.146  1978  2013 E ColorFade: 	at android.os.Looper.loop(Looper.java:135)
12-14 05:24:05.146  1978  2013 E ColorFade: 	at android.os.HandlerThread.run(HandlerThread.java:61)
12-14 05:24:05.146  1978  2013 E ColorFade: 	at com.android.server.ServiceThread.run(ServiceThread.java:46)
12-14 05:24:05.147  1978  2013 E ColorFade: drawFrame failed: error 1281
12-14 05:24:05.147  1978  2013 E ColorFade: java.lang.Throwable
12-14 05:24:05.147  1978  2013 E ColorFade: 	at com.android.server.display.ColorFade.checkGlErrors(ColorFade.java:683)
12-14 05:24:05.147  1978  2013 E ColorFade: 	at com.android.server.display.ColorFade.checkGlErrors(ColorFade.java:675)
12-14 05:24:05.147  1978  2013 E ColorFade: 	at com.android.server.display.ColorFade.draw(ColorFade.java:383)
12-14 05:24:05.147  1978  2013 E ColorFade: 	at com.android.server.display.ColorFade.prepare(ColorFade.java:186)
12-14 05:24:05.147  1978  2013 E ColorFade: 	at com.android.server.display.DisplayPowerState.prepareColorFade(DisplayPowerState.java:183)
12-14 05:24:05.147  1978  2013 E ColorFade: 	at com.android.server.display.DisplayPowerController.animateScreenStateChange(DisplayPowerController.java:885)
12-14 05:24:05.147  1978  2013 E ColorFade: 	at com.android.server.display.DisplayPowerController.updatePowerState(DisplayPowerController.java:581)
12-14 05:24:05.147  1978  2013 E ColorFade: 	at com.android.server.display.DisplayPowerController.access$400(DisplayPowerController.java:72)
12-14 05:24:05.147  1978  2013 E ColorFade: 	at com.android.server.display.DisplayPowerController$DisplayControllerHandler.handleMessage(DisplayPowerController.java:1160)
12-14 05:24:05.147  1978  2013 E ColorFade: 	at android.os.Handler.dispatchMessage(Handler.java:102)
12-14 05:24:05.147  1978  2013 E ColorFade: 	at android.os.Looper.loop(Looper.java:135)
12-14 05:24:05.147  1978  2013 E ColorFade: 	at android.os.HandlerThread.run(HandlerThread.java:61)
12-14 05:24:05.147  1978  2013 E ColorFade: 	at com.android.server.ServiceThread.run(ServiceThread.java:46)
12-14 05:24:05.148  1978  2013 E ColorFade: drawFrame failed: error 1281
12-14 05:24:05.148  1978  2013 E ColorFade: java.lang.Throwable
12-14 05:24:05.148  1978  2013 E ColorFade: 	at com.android.server.display.ColorFade.checkGlErrors(ColorFade.java:683)
12-14 05:24:05.148  1978  2013 E ColorFade: 	at com.android.server.display.ColorFade.checkGlErrors(ColorFade.java:675)
12-14 05:24:05.148  1978  2013 E ColorFade: 	at com.android.server.display.ColorFade.draw(ColorFade.java:383)
12-14 05:24:05.148  1978  2013 E ColorFade: 	at com.android.server.display.DisplayPowerState$4.run(DisplayPowerState.java:329)
12-14 05:24:05.148  1978  2013 E ColorFade: 	at android.view.Choreographer$CallbackRecord.run(Choreographer.java:767)
12-14 05:24:05.148  1978  2013 E ColorFade: 	at android.view.Choreographer.doCallbacks(Choreographer.java:580)
12-14 05:24:05.148  1978  2013 E ColorFade: 	at android.view.Choreographer.doFrame(Choreographer.java:550)
12-14 05:24:05.148  1978  2013 E ColorFade: 	at android.view.Choreographer$FrameDisplayEventReceiver.run(Choreographer.java:753)
12-14 05:24:05.148  1978  2013 E ColorFade: 	at android.os.Handler.handleCallback(Handler.java:739)
12-14 05:24:05.148  1978  2013 E ColorFade: 	at android.os.Handler.dispatchMessage(Handler.java:95)
12-14 05:24:05.148  1978  2013 E ColorFade: 	at android.os.Looper.loop(Looper.java:135)
12-14 05:24:05.148  1978  2013 E ColorFade: 	at android.os.HandlerThread.run(HandlerThread.java:61)
12-14 05:24:05.148  1978  2013 E ColorFade: 	at com.android.server.ServiceThread.run(ServiceThread.java:46)
12-14 05:24:05.164  1978  2013 E ColorFade: drawFrame failed: error 1281
12-14 05:24:05.164  1978  2013 E ColorFade: java.lang.Throwable
12-14 05:24:05.164  1978  2013 E ColorFade: 	at com.android.server.display.ColorFade.checkGlErrors(ColorFade.java:683)
12-14 05:24:05.164  1978  2013 E ColorFade: 	at com.android.server.display.ColorFade.checkGlErrors(ColorFade.java:675)
12-14 05:24:05.164  1978  2013 E ColorFade: 	at com.android.server.display.ColorFade.draw(ColorFade.java:383)
12-14 05:24:05.164  1978  2013 E ColorFade: 	at com.android.server.display.DisplayPowerState$4.run(DisplayPowerState.java:329)
12-14 05:24:05.164  1978  2013 E ColorFade: 	at android.view.Choreographer$CallbackRecord.run(Choreographer.java:767)
12-14 05:24:05.164  1978  2013 E ColorFade: 	at android.view.Choreographer.doCallbacks(Choreographer.java:580)
12-14 05:24:05.164  1978  2013 E ColorFade: 	at android.view.Choreographer.doFrame(Choreographer.java:550)
12-14 05:24:05.164  1978  2013 E ColorFade: 	at android.view.Choreographer$FrameDisplayEventReceiver.run(Choreographer.java:753)
12-14 05:24:05.164  1978  2013 E ColorFade: 	at android.os.Handler.handleCallback(Handler.java:739)
12-14 05:24:05.164  1978  2013 E ColorFade: 	at android.os.Handler.dispatchMessage(Handler.java:95)
12-14 05:24:05.164  1978  2013 E ColorFade: 	at android.os.Looper.loop(Looper.java:135)
12-14 05:24:05.164  1978  2013 E ColorFade: 	at android.os.HandlerThread.run(HandlerThread.java:61)
12-14 05:24:05.164  1978  2013 E ColorFade: 	at com.android.server.ServiceThread.run(ServiceThread.java:46)
12-14 05:24:05.181  1978  2013 E ColorFade: drawFrame failed: error 1281
12-14 05:24:05.181  1978  2013 E ColorFade: java.lang.Throwable
12-14 05:24:05.181  1978  2013 E ColorFade: 	at com.android.server.display.ColorFade.checkGlErrors(ColorFade.java:683)
12-14 05:24:05.181  1978  2013 E ColorFade: 	at com.android.server.display.ColorFade.checkGlErrors(ColorFade.java:675)
12-14 05:24:05.181  1978  2013 E ColorFade: 	at com.android.server.display.ColorFade.draw(ColorFade.java:383)
12-14 05:24:05.181  1978  2013 E ColorFade: 	at com.android.server.display.DisplayPowerState$4.run(DisplayPowerState.java:329)
12-14 05:24:05.181  1978  2013 E ColorFade: 	at android.view.Choreographer$CallbackRecord.run(Choreographer.java:767)
12-14 05:24:05.181  1978  2013 E ColorFade: 	at android.view.Choreographer.doCallbacks(Choreographer.java:580)
12-14 05:24:05.181  1978  2013 E ColorFade: 	at android.view.Choreographer.doFrame(Choreographer.java:550)
12-14 05:24:05.181  1978  2013 E ColorFade: 	at android.view.Choreographer$FrameDisplayEventReceiver.run(Choreographer.java:753)
12-14 05:24:05.181  1978  2013 E ColorFade: 	at android.os.Handler.handleCallback(Handler.java:739)
12-14 05:24:05.181  1978  2013 E ColorFade: 	at android.os.Handler.dispatchMessage(Handler.java:95)
12-14 05:24:05.181  1978  2013 E ColorFade: 	at android.os.Looper.loop(Looper.java:135)
12-14 05:24:05.181  1978  2013 E ColorFade: 	at android.os.HandlerThread.run(HandlerThread.java:61)
12-14 05:24:05.181  1978  2013 E ColorFade: 	at com.android.server.ServiceThread.run(ServiceThread.java:46)
12-14 05:24:05.198  1978  2013 E ColorFade: drawFrame failed: error 1281
12-14 05:24:05.198  1978  2013 E ColorFade: java.lang.Throwable
12-14 05:24:05.198  1978  2013 E ColorFade: 	at com.android.server.display.ColorFade.checkGlErrors(ColorFade.java:683)
12-14 05:24:05.198  1978  2013 E ColorFade: 	at com.android.server.display.ColorFade.checkGlErrors(ColorFade.java:675)
12-14 05:24:05.198  1978  2013 E ColorFade: 	at com.android.server.display.ColorFade.draw(ColorFade.java:383)
12-14 05:24:05.198  1978  2013 E ColorFade: 	at com.android.server.display.DisplayPowerState$4.run(DisplayPowerState.java:329)
12-14 05:24:05.198  1978  2013 E ColorFade: 	at android.view.Choreographer$CallbackRecord.run(Choreographer.java:767)
12-14 05:24:05.198  1978  2013 E ColorFade: 	at android.view.Choreographer.doCallbacks(Choreographer.java:580)
12-14 05:24:05.198  1978  2013 E ColorFade: 	at android.view.Choreographer.doFrame(Choreographer.java:550)
12-14 05:24:05.198  1978  2013 E ColorFade: 	at android.view.Choreographer$FrameDisplayEventReceiver.run(Choreographer.java:753)
12-14 05:24:05.198  1978  2013 E ColorFade: 	at android.os.Handler.handleCallback(Handler.java:739)
12-14 05:24:05.198  1978  2013 E ColorFade: 	at android.os.Handler.dispatchMessage(Handler.java:95)
12-14 05:24:05.198  1978  2013 E ColorFade: 	at android.os.Looper.loop(Looper.java:135)
12-14 05:24:05.198  1978  2013 E ColorFade: 	at android.os.HandlerThread.run(HandlerThread.java:61)
12-14 05:24:05.198  1978  2013 E ColorFade: 	at com.android.server.ServiceThread.run(ServiceThread.java:46)
12-14 05:24:05.214  1978  2013 E ColorFade: drawFrame failed: error 1281
12-14 05:24:05.214  1978  2013 E ColorFade: java.lang.Throwable
12-14 05:24:05.214  1978  2013 E ColorFade: 	at com.android.server.display.ColorFade.checkGlErrors(ColorFade.java:683)
12-14 05:24:05.214  1978  2013 E ColorFade: 	at com.android.server.display.ColorFade.checkGlErrors(ColorFade.java:675)
12-14 05:24:05.214  1978  2013 E ColorFade: 	at com.android.server.display.ColorFade.draw(ColorFade.java:383)
12-14 05:24:05.214  1978  2013 E ColorFade: 	at com.android.server.display.DisplayPowerState$4.run(DisplayPowerState.java:329)
12-14 05:24:05.214  1978  2013 E ColorFade: 	at android.view.Choreographer$CallbackRecord.run(Choreographer.java:767)
12-14 05:24:05.214  1978  2013 E ColorFade: 	at android.view.Choreographer.doCallbacks(Choreographer.java:580)
12-14 05:24:05.214  1978  2013 E ColorFade: 	at android.view.Choreographer.doFrame(Choreographer.java:550)
12-14 05:24:05.214  1978  2013 E ColorFade: 	at android.view.Choreographer$FrameDisplayEventReceiver.run(Choreographer.java:753)
12-14 05:24:05.214  1978  2013 E ColorFade: 	at android.os.Handler.handleCallback(Handler.java:739)
12-14 05:24:05.214  1978  2013 E ColorFade: 	at android.os.Handler.dispatchMessage(Handler.java:95)
12-14 05:24:05.214  1978  2013 E ColorFade: 	at android.os.Looper.loop(Looper.java:135)
12-14 05:24:05.214  1978  2013 E ColorFade: 	at android.os.HandlerThread.run(HandlerThread.java:61)
12-14 05:24:05.214  1978  2013 E ColorFade: 	at com.android.server.ServiceThread.run(ServiceThread.java:46)
12-14 05:24:05.231  1978  2013 E ColorFade: drawFrame failed: error 1281
12-14 05:24:05.231  1978  2013 E ColorFade: java.lang.Throwable
12-14 05:24:05.231  1978  2013 E ColorFade: 	at com.android.server.display.ColorFade.checkGlErrors(ColorFade.java:683)
12-14 05:24:05.231  1978  2013 E ColorFade: 	at com.android.server.display.ColorFade.checkGlErrors(ColorFade.java:675)
12-14 05:24:05.231  1978  2013 E ColorFade: 	at com.android.server.display.ColorFade.draw(ColorFade.java:383)
12-14 05:24:05.231  1978  2013 E ColorFade: 	at com.android.server.display.DisplayPowerState$4.run(DisplayPowerState.java:329)
12-14 05:24:05.231  1978  2013 E ColorFade: 	at android.view.Choreographer$CallbackRecord.run(Choreographer.java:767)
12-14 05:24:05.231  1978  2013 E ColorFade: 	at android.view.Choreographer.doCallbacks(Choreographer.java:580)
12-14 05:24:05.231  1978  2013 E ColorFade: 	at android.view.Choreographer.doFrame(Choreographer.java:550)
12-14 05:24:05.231  1978  2013 E ColorFade: 	at android.view.Choreographer$FrameDisplayEventReceiver.run(Choreographer.java:753)
12-14 05:24:05.231  1978  2013 E ColorFade: 	at android.os.Handler.handleCallback(Handler.java:739)
12-14 05:24:05.231  1978  2013 E ColorFade: 	at android.os.Handler.dispatchMessage(Handler.java:95)
12-14 05:24:05.231  1978  2013 E ColorFade: 	at android.os.Looper.loop(Looper.java:135)
12-14 05:24:05.231  1978  2013 E ColorFade: 	at android.os.HandlerThread.run(HandlerThread.java:61)
12-14 05:24:05.231  1978  2013 E ColorFade: 	at com.android.server.ServiceThread.run(ServiceThread.java:46)
12-14 05:24:05.248  1978  2013 E ColorFade: drawFrame failed: error 1281
12-14 05:24:05.248  1978  2013 E ColorFade: java.lang.Throwable
12-14 05:24:05.248  1978  2013 E ColorFade: 	at com.android.server.display.ColorFade.checkGlErrors(ColorFade.java:683)
12-14 05:24:05.248  1978  2013 E ColorFade: 	at com.android.server.display.ColorFade.checkGlErrors(ColorFade.java:675)
12-14 05:24:05.248  1978  2013 E ColorFade: 	at com.android.server.display.ColorFade.draw(ColorFade.java:383)
12-14 05:24:05.248  1978  2013 E ColorFade: 	at com.android.server.display.DisplayPowerState$4.run(DisplayPowerState.java:329)
12-14 05:24:05.248  1978  2013 E ColorFade: 	at android.view.Choreographer$CallbackRecord.run(Choreographer.java:767)
12-14 05:24:05.248  1978  2013 E ColorFade: 	at android.view.Choreographer.doCallbacks(Choreographer.java:580)
12-14 05:24:05.248  1978  2013 E ColorFade: 	at android.view.Choreographer.doFrame(Choreographer.java:550)
12-14 05:24:05.248  1978  2013 E ColorFade: 	at android.view.Choreographer$FrameDisplayEventReceiver.run(Choreographer.java:753)
12-14 05:24:05.248  1978  2013 E ColorFade: 	at android.os.Handler.handleCallback(Handler.java:739)
12-14 05:24:05.248  1978  2013 E ColorFade: 	at android.os.Handler.dispatchMessage(Handler.java:95)
12-14 05:24:05.248  1978  2013 E ColorFade: 	at android.os.Looper.loop(Looper.java:135)
12-14 05:24:05.248  1978  2013 E ColorFade: 	at android.os.HandlerThread.run(HandlerThread.java:61)
12-14 05:24:05.248  1978  2013 E ColorFade: 	at com.android.server.ServiceThread.run(ServiceThread.java:46)
12-14 05:24:05.264  1978  2013 E ColorFade: drawFrame failed: error 1281
12-14 05:24:05.264  1978  2013 E ColorFade: java.lang.Throwable
12-14 05:24:05.264  1978  2013 E ColorFade: 	at com.android.server.display.ColorFade.checkGlErrors(ColorFade.java:683)
12-14 05:24:05.264  1978  2013 E ColorFade: 	at com.android.server.display.ColorFade.checkGlErrors(ColorFade.java:675)
12-14 05:24:05.264  1978  2013 E ColorFade: 	at com.android.server.display.ColorFade.draw(ColorFade.java:383)
12-14 05:24:05.264  1978  2013 E ColorFade: 	at com.android.server.display.DisplayPowerState$4.run(DisplayPowerState.java:329)
12-14 05:24:05.264  1978  2013 E ColorFade: 	at android.view.Choreographer$CallbackRecord.run(Choreographer.java:767)
12-14 05:24:05.264  1978  2013 E ColorFade: 	at android.view.Choreographer.doCallbacks(Choreographer.java:580)
12-14 05:24:05.264  1978  2013 E ColorFade: 	at android.view.Choreographer.doFrame(Choreographer.java:550)
12-14 05:24:05.264  1978  2013 E ColorFade: 	at android.view.Choreographer$FrameDisplayEventReceiver.run(Choreographer.java:753)
12-14 05:24:05.264  1978  2013 E ColorFade: 	at android.os.Handler.handleCallback(Handler.java:739)
12-14 05:24:05.264  1978  2013 E ColorFade: 	at android.os.Handler.dispatchMessage(Handler.java:95)
12-14 05:24:05.264  1978  2013 E ColorFade: 	at android.os.Looper.loop(Looper.java:135)
12-14 05:24:05.264  1978  2013 E ColorFade: 	at android.os.HandlerThread.run(HandlerThread.java:61)
12-14 05:24:05.264  1978  2013 E ColorFade: 	at com.android.server.ServiceThread.run(ServiceThread.java:46)
12-14 05:24:05.281  1978  2013 E ColorFade: drawFrame failed: error 1281
12-14 05:24:05.281  1978  2013 E ColorFade: java.lang.Throwable
12-14 05:24:05.281  1978  2013 E ColorFade: 	at com.android.server.display.ColorFade.checkGlErrors(ColorFade.java:683)
12-14 05:24:05.281  1978  2013 E ColorFade: 	at com.android.server.display.ColorFade.checkGlErrors(ColorFade.java:675)
12-14 05:24:05.281  1978  2013 E ColorFade: 	at com.android.server.display.ColorFade.draw(ColorFade.java:383)
12-14 05:24:05.281  1978  2013 E ColorFade: 	at com.android.server.display.DisplayPowerState$4.run(DisplayPowerState.java:329)
12-14 05:24:05.281  1978  2013 E ColorFade: 	at android.view.Choreographer$CallbackRecord.run(Choreographer.java:767)
12-14 05:24:05.281  1978  2013 E ColorFade: 	at android.view.Choreographer.doCallbacks(Choreographer.java:580)
12-14 05:24:05.281  1978  2013 E ColorFade: 	at android.view.Choreographer.doFrame(Choreographer.java:550)
12-14 05:24:05.281  1978  2013 E ColorFade: 	at android.view.Choreographer$FrameDisplayEventReceiver.run(Choreographer.java:753)
12-14 05:24:05.281  1978  2013 E ColorFade: 	at android.os.Handler.handleCallback(Handler.java:739)
12-14 05:24:05.281  1978  2013 E ColorFade: 	at android.os.Handler.dispatchMessage(Handler.java:95)
12-14 05:24:05.281  1978  2013 E ColorFade: 	at android.os.Looper.loop(Looper.java:135)
12-14 05:24:05.281  1978  2013 E ColorFade: 	at android.os.HandlerThread.run(HandlerThread.java:61)
12-14 05:24:05.281  1978  2013 E ColorFade: 	at com.android.server.ServiceThread.run(ServiceThread.java:46)
12-14 05:24:05.298  1978  2013 E ColorFade: drawFrame failed: error 1281
12-14 05:24:05.298  1978  2013 E ColorFade: java.lang.Throwable
12-14 05:24:05.298  1978  2013 E ColorFade: 	at com.android.server.display.ColorFade.checkGlErrors(ColorFade.java:683)
12-14 05:24:05.298  1978  2013 E ColorFade: 	at com.android.server.display.ColorFade.checkGlErrors(ColorFade.java:675)
12-14 05:24:05.298  1978  2013 E ColorFade: 	at com.android.server.display.ColorFade.draw(ColorFade.java:383)
12-14 05:24:05.298  1978  2013 E ColorFade: 	at com.android.server.display.DisplayPowerState$4.run(DisplayPowerState.java:329)
12-14 05:24:05.298  1978  2013 E ColorFade: 	at android.view.Choreographer$CallbackRecord.run(Choreographer.java:767)
12-14 05:24:05.298  1978  2013 E ColorFade: 	at android.view.Choreographer.doCallbacks(Choreographer.java:580)
12-14 05:24:05.298  1978  2013 E ColorFade: 	at android.view.Choreographer.doFrame(Choreographer.java:550)
12-14 05:24:05.298  1978  2013 E ColorFade: 	at android.view.Choreographer$FrameDisplayEventReceiver.run(Choreographer.java:753)
12-14 05:24:05.298  1978  2013 E ColorFade: 	at android.os.Handler.handleCallback(Handler.java:739)
12-14 05:24:05.298  1978  2013 E ColorFade: 	at android.os.Handler.dispatchMessage(Handler.java:95)
12-14 05:24:05.298  1978  2013 E ColorFade: 	at android.os.Looper.loop(Looper.java:135)
12-14 05:24:05.298  1978  2013 E ColorFade: 	at android.os.HandlerThread.run(HandlerThread.java:61)
12-14 05:24:05.298  1978  2013 E ColorFade: 	at com.android.server.ServiceThread.run(ServiceThread.java:46)
12-14 05:24:05.314  1978  2013 E ColorFade: drawFrame failed: error 1281
12-14 05:24:05.314  1978  2013 E ColorFade: java.lang.Throwable
12-14 05:24:05.314  1978  2013 E ColorFade: 	at com.android.server.display.ColorFade.checkGlErrors(ColorFade.java:683)
12-14 05:24:05.314  1978  2013 E ColorFade: 	at com.android.server.display.ColorFade.checkGlErrors(ColorFade.java:675)
12-14 05:24:05.314  1978  2013 E ColorFade: 	at com.android.server.display.ColorFade.draw(ColorFade.java:383)
12-14 05:24:05.314  1978  2013 E ColorFade: 	at com.android.server.display.DisplayPowerState$4.run(DisplayPowerState.java:329)
12-14 05:24:05.314  1978  2013 E ColorFade: 	at android.view.Choreographer$CallbackRecord.run(Choreographer.java:767)
12-14 05:24:05.314  1978  2013 E ColorFade: 	at android.view.Choreographer.doCallbacks(Choreographer.java:580)
12-14 05:24:05.314  1978  2013 E ColorFade: 	at android.view.Choreographer.doFrame(Choreographer.java:550)
12-14 05:24:05.314  1978  2013 E ColorFade: 	at android.view.Choreographer$FrameDisplayEventReceiver.run(Choreographer.java:753)
12-14 05:24:05.314  1978  2013 E ColorFade: 	at android.os.Handler.handleCallback(Handler.java:739)
12-14 05:24:05.314  1978  2013 E ColorFade: 	at android.os.Handler.dispatchMessage(Handler.java:95)
12-14 05:24:05.314  1978  2013 E ColorFade: 	at android.os.Looper.loop(Looper.java:135)
12-14 05:24:05.314  1978  2013 E ColorFade: 	at android.os.HandlerThread.run(HandlerThread.java:61)
12-14 05:24:05.314  1978  2013 E ColorFade: 	at com.android.server.ServiceThread.run(ServiceThread.java:46)
12-14 05:24:05.331  1978  2013 E ColorFade: drawFrame failed: error 1281
12-14 05:24:05.331  1978  2013 E ColorFade: java.lang.Throwable
12-14 05:24:05.331  1978  2013 E ColorFade: 	at com.android.server.display.ColorFade.checkGlErrors(ColorFade.java:683)
12-14 05:24:05.331  1978  2013 E ColorFade: 	at com.android.server.display.ColorFade.checkGlErrors(ColorFade.java:675)
12-14 05:24:05.331  1978  2013 E ColorFade: 	at com.android.server.display.ColorFade.draw(ColorFade.java:383)
12-14 05:24:05.331  1978  2013 E ColorFade: 	at com.android.server.display.DisplayPowerState$4.run(DisplayPowerState.java:329)
12-14 05:24:05.331  1978  2013 E ColorFade: 	at android.view.Choreographer$CallbackRecord.run(Choreographer.java:767)
12-14 05:24:05.331  1978  2013 E ColorFade: 	at android.view.Choreographer.doCallbacks(Choreographer.java:580)
12-14 05:24:05.331  1978  2013 E ColorFade: 	at android.view.Choreographer.doFrame(Choreographer.java:550)
12-14 05:24:05.331  1978  2013 E ColorFade: 	at android.view.Choreographer$FrameDisplayEventReceiver.run(Choreographer.java:753)
12-14 05:24:05.331  1978  2013 E ColorFade: 	at android.os.Handler.handleCallback(Handler.java:739)
12-14 05:24:05.331  1978  2013 E ColorFade: 	at android.os.Handler.dispatchMessage(Handler.java:95)
12-14 05:24:05.331  1978  2013 E ColorFade: 	at android.os.Looper.loop(Looper.java:135)
12-14 05:24:05.331  1978  2013 E ColorFade: 	at android.os.HandlerThread.run(HandlerThread.java:61)
12-14 05:24:05.331  1978  2013 E ColorFade: 	at com.android.server.ServiceThread.run(ServiceThread.java:46)
12-14 05:24:05.348  1978  2013 E ColorFade: drawFrame failed: error 1281
12-14 05:24:05.348  1978  2013 E ColorFade: java.lang.Throwable
12-14 05:24:05.348  1978  2013 E ColorFade: 	at com.android.server.display.ColorFade.checkGlErrors(ColorFade.java:683)
12-14 05:24:05.348  1978  2013 E ColorFade: 	at com.android.server.display.ColorFade.checkGlErrors(ColorFade.java:675)
12-14 05:24:05.348  1978  2013 E ColorFade: 	at com.android.server.display.ColorFade.draw(ColorFade.java:383)
12-14 05:24:05.348  1978  2013 E ColorFade: 	at com.android.server.display.DisplayPowerState$4.run(DisplayPowerState.java:329)
12-14 05:24:05.348  1978  2013 E ColorFade: 	at android.view.Choreographer$CallbackRecord.run(Choreographer.java:767)
12-14 05:24:05.348  1978  2013 E ColorFade: 	at android.view.Choreographer.doCallbacks(Choreographer.java:580)
12-14 05:24:05.348  1978  2013 E ColorFade: 	at android.view.Choreographer.doFrame(Choreographer.java:550)
12-14 05:24:05.348  1978  2013 E ColorFade: 	at android.view.Choreographer$FrameDisplayEventReceiver.run(Choreographer.java:753)
12-14 05:24:05.348  1978  2013 E ColorFade: 	at android.os.Handler.handleCallback(Handler.java:739)
12-14 05:24:05.348  1978  2013 E ColorFade: 	at android.os.Handler.dispatchMessage(Handler.java:95)
12-14 05:24:05.348  1978  2013 E ColorFade: 	at android.os.Looper.loop(Looper.java:135)
12-14 05:24:05.348  1978  2013 E ColorFade: 	at android.os.HandlerThread.run(HandlerThread.java:61)
12-14 05:24:05.348  1978  2013 E ColorFade: 	at com.android.server.ServiceThread.run(ServiceThread.java:46)
12-14 05:24:05.364  1978  2013 E ColorFade: drawFrame failed: error 1281
12-14 05:24:05.364  1978  2013 E ColorFade: java.lang.Throwable
12-14 05:24:05.364  1978  2013 E ColorFade: 	at com.android.server.display.ColorFade.checkGlErrors(ColorFade.java:683)
12-14 05:24:05.364  1978  2013 E ColorFade: 	at com.android.server.display.ColorFade.checkGlErrors(ColorFade.java:675)
12-14 05:24:05.364  1978  2013 E ColorFade: 	at com.android.server.display.ColorFade.draw(ColorFade.java:383)
12-14 05:24:05.364  1978  2013 E ColorFade: 	at com.android.server.display.DisplayPowerState$4.run(DisplayPowerState.java:329)
12-14 05:24:05.364  1978  2013 E ColorFade: 	at android.view.Choreographer$CallbackRecord.run(Choreographer.java:767)
12-14 05:24:05.364  1978  2013 E ColorFade: 	at android.view.Choreographer.doCallbacks(Choreographer.java:580)
12-14 05:24:05.364  1978  2013 E ColorFade: 	at android.view.Choreographer.doFrame(Choreographer.java:550)
12-14 05:24:05.364  1978  2013 E ColorFade: 	at android.view.Choreographer$FrameDisplayEventReceiver.run(Choreographer.java:753)
12-14 05:24:05.364  1978  2013 E ColorFade: 	at android.os.Handler.handleCallback(Handler.java:739)
12-14 05:24:05.364  1978  2013 E ColorFade: 	at android.os.Handler.dispatchMessage(Handler.java:95)
12-14 05:24:05.364  1978  2013 E ColorFade: 	at android.os.Looper.loop(Looper.java:135)
12-14 05:24:05.364  1978  2013 E ColorFade: 	at android.os.HandlerThread.run(HandlerThread.java:61)
12-14 05:24:05.364  1978  2013 E ColorFade: 	at com.android.server.ServiceThread.run(ServiceThread.java:46)
12-14 05:24:05.381  1978  2013 E ColorFade: drawFrame failed: error 1281
12-14 05:24:05.381  1978  2013 E ColorFade: java.lang.Throwable
12-14 05:24:05.381  1978  2013 E ColorFade: 	at com.android.server.display.ColorFade.checkGlErrors(ColorFade.java:683)
12-14 05:24:05.381  1978  2013 E ColorFade: 	at com.android.server.display.ColorFade.checkGlErrors(ColorFade.java:675)
12-14 05:24:05.381  1978  2013 E ColorFade: 	at com.android.server.display.ColorFade.draw(ColorFade.java:383)
12-14 05:24:05.381  1978  2013 E ColorFade: 	at com.android.server.display.DisplayPowerState$4.run(DisplayPowerState.java:329)
12-14 05:24:05.381  1978  2013 E ColorFade: 	at android.view.Choreographer$CallbackRecord.run(Choreographer.java:767)
12-14 05:24:05.381  1978  2013 E ColorFade: 	at android.view.Choreographer.doCallbacks(Choreographer.java:580)
12-14 05:24:05.381  1978  2013 E ColorFade: 	at android.view.Choreographer.doFrame(Choreographer.java:550)
12-14 05:24:05.381  1978  2013 E ColorFade: 	at android.view.Choreographer$FrameDisplayEventReceiver.run(Choreographer.java:753)
12-14 05:24:05.381  1978  2013 E ColorFade: 	at android.os.Handler.handleCallback(Handler.java:739)
12-14 05:24:05.381  1978  2013 E ColorFade: 	at android.os.Handler.dispatchMessage(Handler.java:95)
12-14 05:24:05.381  1978  2013 E ColorFade: 	at android.os.Looper.loop(Looper.java:135)
12-14 05:24:05.381  1978  2013 E ColorFade: 	at android.os.HandlerThread.run(HandlerThread.java:61)
12-14 05:24:05.381  1978  2013 E ColorFade: 	at com.android.server.ServiceThread.run(ServiceThread.java:46)
12-14 05:24:05.398  1978  2013 E ColorFade: drawFrame failed: error 1281
12-14 05:24:05.398  1978  2013 E ColorFade: java.lang.Throwable
12-14 05:24:05.398  1978  2013 E ColorFade: 	at com.android.server.display.ColorFade.checkGlErrors(ColorFade.java:683)
12-14 05:24:05.398  1978  2013 E ColorFade: 	at com.android.server.display.ColorFade.checkGlErrors(ColorFade.java:675)
12-14 05:24:05.398  1978  2013 E ColorFade: 	at com.android.server.display.ColorFade.draw(ColorFade.java:383)
12-14 05:24:05.398  1978  2013 E ColorFade: 	at com.android.server.display.DisplayPowerState$4.run(DisplayPowerState.java:329)
12-14 05:24:05.398  1978  2013 E ColorFade: 	at android.view.Choreographer$CallbackRecord.run(Choreographer.java:767)
12-14 05:24:05.398  1978  2013 E ColorFade: 	at android.view.Choreographer.doCallbacks(Choreographer.java:580)
12-14 05:24:05.398  1978  2013 E ColorFade: 	at android.view.Choreographer.doFrame(Choreographer.java:550)
12-14 05:24:05.398  1978  2013 E ColorFade: 	at android.view.Choreographer$FrameDisplayEventReceiver.run(Choreographer.java:753)
12-14 05:24:05.398  1978  2013 E ColorFade: 	at android.os.Handler.handleCallback(Handler.java:739)
12-14 05:24:05.398  1978  2013 E ColorFade: 	at android.os.Handler.dispatchMessage(Handler.java:95)
12-14 05:24:05.398  1978  2013 E ColorFade: 	at android.os.Looper.loop(Looper.java:135)
12-14 05:24:05.398  1978  2013 E ColorFade: 	at android.os.HandlerThread.run(HandlerThread.java:61)
12-14 05:24:05.398  1978  2013 E ColorFade: 	at com.android.server.ServiceThread.run(ServiceThread.java:46)
12-14 05:24:05.414  1978  2013 E ColorFade: drawFrame failed: error 1281
12-14 05:24:05.414  1978  2013 E ColorFade: java.lang.Throwable
12-14 05:24:05.414  1978  2013 E ColorFade: 	at com.android.server.display.ColorFade.checkGlErrors(ColorFade.java:683)
12-14 05:24:05.414  1978  2013 E ColorFade: 	at com.android.server.display.ColorFade.checkGlErrors(ColorFade.java:675)
12-14 05:24:05.414  1978  2013 E ColorFade: 	at com.android.server.display.ColorFade.draw(ColorFade.java:383)
12-14 05:24:05.414  1978  2013 E ColorFade: 	at com.android.server.display.DisplayPowerState$4.run(DisplayPowerState.java:329)
12-14 05:24:05.414  1978  2013 E ColorFade: 	at android.view.Choreographer$CallbackRecord.run(Choreographer.java:767)
12-14 05:24:05.414  1978  2013 E ColorFade: 	at android.view.Choreographer.doCallbacks(Choreographer.java:580)
12-14 05:24:05.414  1978  2013 E ColorFade: 	at android.view.Choreographer.doFrame(Choreographer.java:550)
12-14 05:24:05.414  1978  2013 E ColorFade: 	at android.view.Choreographer$FrameDisplayEventReceiver.run(Choreographer.java:753)
12-14 05:24:05.414  1978  2013 E ColorFade: 	at android.os.Handler.handleCallback(Handler.java:739)
12-14 05:24:05.414  1978  2013 E ColorFade: 	at android.os.Handler.dispatchMessage(Handler.java:95)
12-14 05:24:05.414  1978  2013 E ColorFade: 	at android.os.Looper.loop(Looper.java:135)
12-14 05:24:05.414  1978  2013 E ColorFade: 	at android.os.HandlerThread.run(HandlerThread.java:61)
12-14 05:24:05.414  1978  2013 E ColorFade: 	at com.android.server.ServiceThread.run(ServiceThread.java:46)
12-14 05:24:05.431  1978  2013 E ColorFade: drawFrame failed: error 1281
12-14 05:24:05.431  1978  2013 E ColorFade: java.lang.Throwable
12-14 05:24:05.431  1978  2013 E ColorFade: 	at com.android.server.display.ColorFade.checkGlErrors(ColorFade.java:683)
12-14 05:24:05.431  1978  2013 E ColorFade: 	at com.android.server.display.ColorFade.checkGlErrors(ColorFade.java:675)
12-14 05:24:05.431  1978  2013 E ColorFade: 	at com.android.server.display.ColorFade.draw(ColorFade.java:383)
12-14 05:24:05.431  1978  2013 E ColorFade: 	at com.android.server.display.DisplayPowerState$4.run(DisplayPowerState.java:329)
12-14 05:24:05.431  1978  2013 E ColorFade: 	at android.view.Choreographer$CallbackRecord.run(Choreographer.java:767)
12-14 05:24:05.431  1978  2013 E ColorFade: 	at android.view.Choreographer.doCallbacks(Choreographer.java:580)
12-14 05:24:05.431  1978  2013 E ColorFade: 	at android.view.Choreographer.doFrame(Choreographer.java:550)
12-14 05:24:05.431  1978  2013 E ColorFade: 	at android.view.Choreographer$FrameDisplayEventReceiver.run(Choreographer.java:753)
12-14 05:24:05.431  1978  2013 E ColorFade: 	at android.os.Handler.handleCallback(Handler.java:739)
12-14 05:24:05.431  1978  2013 E ColorFade: 	at android.os.Handler.dispatchMessage(Handler.java:95)
12-14 05:24:05.431  1978  2013 E ColorFade: 	at android.os.Looper.loop(Looper.java:135)
12-14 05:24:05.431  1978  2013 E ColorFade: 	at android.os.HandlerThread.run(HandlerThread.java:61)
12-14 05:24:05.431  1978  2013 E ColorFade: 	at com.android.server.ServiceThread.run(ServiceThread.java:46)
12-14 05:24:05.448  1978  2013 E ColorFade: drawFrame failed: error 1281
12-14 05:24:05.448  1978  2013 E ColorFade: java.lang.Throwable
12-14 05:24:05.448  1978  2013 E ColorFade: 	at com.android.server.display.ColorFade.checkGlErrors(ColorFade.java:683)
12-14 05:24:05.448  1978  2013 E ColorFade: 	at com.android.server.display.ColorFade.checkGlErrors(ColorFade.java:675)
12-14 05:24:05.448  1978  2013 E ColorFade: 	at com.android.server.display.ColorFade.draw(ColorFade.java:383)
12-14 05:24:05.448  1978  2013 E ColorFade: 	at com.android.server.display.DisplayPowerState$4.run(DisplayPowerState.java:329)
12-14 05:24:05.448  1978  2013 E ColorFade: 	at android.view.Choreographer$CallbackRecord.run(Choreographer.java:767)
12-14 05:24:05.448  1978  2013 E ColorFade: 	at android.view.Choreographer.doCallbacks(Choreographer.java:580)
12-14 05:24:05.448  1978  2013 E ColorFade: 	at android.view.Choreographer.doFrame(Choreographer.java:550)
12-14 05:24:05.448  1978  2013 E ColorFade: 	at android.view.Choreographer$FrameDisplayEventReceiver.run(Choreographer.java:753)
12-14 05:24:05.448  1978  2013 E ColorFade: 	at android.os.Handler.handleCallback(Handler.java:739)
12-14 05:24:05.448  1978  2013 E ColorFade: 	at android.os.Handler.dispatchMessage(Handler.java:95)
12-14 05:24:05.448  1978  2013 E ColorFade: 	at android.os.Looper.loop(Looper.java:135)
12-14 05:24:05.448  1978  2013 E ColorFade: 	at android.os.HandlerThread.run(HandlerThread.java:61)
12-14 05:24:05.448  1978  2013 E ColorFade: 	at com.android.server.ServiceThread.run(ServiceThread.java:46)
12-14 05:24:05.464  1978  2013 E ColorFade: drawFrame failed: error 1281
12-14 05:24:05.464  1978  2013 E ColorFade: java.lang.Throwable
12-14 05:24:05.464  1978  2013 E ColorFade: 	at com.android.server.display.ColorFade.checkGlErrors(ColorFade.java:683)
12-14 05:24:05.464  1978  2013 E ColorFade: 	at com.android.server.display.ColorFade.checkGlErrors(ColorFade.java:675)
12-14 05:24:05.464  1978  2013 E ColorFade: 	at com.android.server.display.ColorFade.draw(ColorFade.java:383)
12-14 05:24:05.464  1978  2013 E ColorFade: 	at com.android.server.display.DisplayPowerState$4.run(DisplayPowerState.java:329)
12-14 05:24:05.464  1978  2013 E ColorFade: 	at android.view.Choreographer$CallbackRecord.run(Choreographer.java:767)
12-14 05:24:05.464  1978  2013 E ColorFade: 	at android.view.Choreographer.doCallbacks(Choreographer.java:580)
12-14 05:24:05.464  1978  2013 E ColorFade: 	at android.view.Choreographer.doFrame(Choreographer.java:550)
12-14 05:24:05.464  1978  2013 E ColorFade: 	at android.view.Choreographer$FrameDisplayEventReceiver.run(Choreographer.java:753)
12-14 05:24:05.464  1978  2013 E ColorFade: 	at android.os.Handler.handleCallback(Handler.java:739)
12-14 05:24:05.464  1978  2013 E ColorFade: 	at android.os.Handler.dispatchMessage(Handler.java:95)
12-14 05:24:05.464  1978  2013 E ColorFade: 	at android.os.Looper.loop(Looper.java:135)
12-14 05:24:05.464  1978  2013 E ColorFade: 	at android.os.HandlerThread.run(HandlerThread.java:61)
12-14 05:24:05.464  1978  2013 E ColorFade: 	at com.android.server.ServiceThread.run(ServiceThread.java:46)
12-14 05:24:05.481  1978  2013 E ColorFade: drawFrame failed: error 1281
12-14 05:24:05.481  1978  2013 E ColorFade: java.lang.Throwable
12-14 05:24:05.481  1978  2013 E ColorFade: 	at com.android.server.display.ColorFade.checkGlErrors(ColorFade.java:683)
12-14 05:24:05.481  1978  2013 E ColorFade: 	at com.android.server.display.ColorFade.checkGlErrors(ColorFade.java:675)
12-14 05:24:05.481  1978  2013 E ColorFade: 	at com.android.server.display.ColorFade.draw(ColorFade.java:383)
12-14 05:24:05.481  1978  2013 E ColorFade: 	at com.android.server.display.DisplayPowerState$4.run(DisplayPowerState.java:329)
12-14 05:24:05.481  1978  2013 E ColorFade: 	at android.view.Choreographer$CallbackRecord.run(Choreographer.java:767)
12-14 05:24:05.481  1978  2013 E ColorFade: 	at android.view.Choreographer.doCallbacks(Choreographer.java:580)
12-14 05:24:05.481  1978  2013 E ColorFade: 	at android.view.Choreographer.doFrame(Choreographer.java:550)
12-14 05:24:05.481  1978  2013 E ColorFade: 	at android.view.Choreographer$FrameDisplayEventReceiver.run(Choreographer.java:753)
12-14 05:24:05.481  1978  2013 E ColorFade: 	at android.os.Handler.handleCallback(Handler.java:739)
12-14 05:24:05.481  1978  2013 E ColorFade: 	at android.os.Handler.dispatchMessage(Handler.java:95)
12-14 05:24:05.481  1978  2013 E ColorFade: 	at android.os.Looper.loop(Looper.java:135)
12-14 05:24:05.481  1978  2013 E ColorFade: 	at android.os.HandlerThread.run(HandlerThread.java:61)
12-14 05:24:05.481  1978  2013 E ColorFade: 	at com.android.server.ServiceThread.run(ServiceThread.java:46)
12-14 05:24:05.498  1978  2013 E ColorFade: drawFrame failed: error 1281
12-14 05:24:05.498  1978  2013 E ColorFade: java.lang.Throwable
12-14 05:24:05.498  1978  2013 E ColorFade: 	at com.android.server.display.ColorFade.checkGlErrors(ColorFade.java:683)
12-14 05:24:05.498  1978  2013 E ColorFade: 	at com.android.server.display.ColorFade.checkGlErrors(ColorFade.java:675)
12-14 05:24:05.498  1978  2013 E ColorFade: 	at com.android.server.display.ColorFade.draw(ColorFade.java:383)
12-14 05:24:05.498  1978  2013 E ColorFade: 	at com.android.server.display.DisplayPowerState$4.run(DisplayPowerState.java:329)
12-14 05:24:05.498  1978  2013 E ColorFade: 	at android.view.Choreographer$CallbackRecord.run(Choreographer.java:767)
12-14 05:24:05.498  1978  2013 E ColorFade: 	at android.view.Choreographer.doCallbacks(Choreographer.java:580)
12-14 05:24:05.498  1978  2013 E ColorFade: 	at android.view.Choreographer.doFrame(Choreographer.java:550)
12-14 05:24:05.498  1978  2013 E ColorFade: 	at android.view.Choreographer$FrameDisplayEventReceiver.run(Choreographer.java:753)
12-14 05:24:05.498  1978  2013 E ColorFade: 	at android.os.Handler.handleCallback(Handler.java:739)
12-14 05:24:05.498  1978  2013 E ColorFade: 	at android.os.Handler.dispatchMessage(Handler.java:95)
12-14 05:24:05.498  1978  2013 E ColorFade: 	at android.os.Looper.loop(Looper.java:135)
12-14 05:24:05.498  1978  2013 E ColorFade: 	at android.os.HandlerThread.run(HandlerThread.java:61)
12-14 05:24:05.498  1978  2013 E ColorFade: 	at com.android.server.ServiceThread.run(ServiceThread.java:46)
12-14 05:24:05.514  1978  2013 E ColorFade: drawFrame failed: error 1281
12-14 05:24:05.514  1978  2013 E ColorFade: java.lang.Throwable
12-14 05:24:05.514  1978  2013 E ColorFade: 	at com.android.server.display.ColorFade.checkGlErrors(ColorFade.java:683)
12-14 05:24:05.514  1978  2013 E ColorFade: 	at com.android.server.display.ColorFade.checkGlErrors(ColorFade.java:675)
12-14 05:24:05.514  1978  2013 E ColorFade: 	at com.android.server.display.ColorFade.draw(ColorFade.java:383)
12-14 05:24:05.514  1978  2013 E ColorFade: 	at com.android.server.display.DisplayPowerState$4.run(DisplayPowerState.java:329)
12-14 05:24:05.514  1978  2013 E ColorFade: 	at android.view.Choreographer$CallbackRecord.run(Choreographer.java:767)
12-14 05:24:05.514  1978  2013 E ColorFade: 	at android.view.Choreographer.doCallbacks(Choreographer.java:580)
12-14 05:24:05.514  1978  2013 E ColorFade: 	at android.view.Choreographer.doFrame(Choreographer.java:550)
12-14 05:24:05.514  1978  2013 E ColorFade: 	at android.view.Choreographer$FrameDisplayEventReceiver.run(Choreographer.java:753)
12-14 05:24:05.514  1978  2013 E ColorFade: 	at android.os.Handler.handleCallback(Handler.java:739)
12-14 05:24:05.514  1978  2013 E ColorFade: 	at android.os.Handler.dispatchMessage(Handler.java:95)
12-14 05:24:05.514  1978  2013 E ColorFade: 	at android.os.Looper.loop(Looper.java:135)
12-14 05:24:05.514  1978  2013 E ColorFade: 	at android.os.HandlerThread.run(HandlerThread.java:61)
12-14 05:24:05.514  1978  2013 E ColorFade: 	at com.android.server.ServiceThread.run(ServiceThread.java:46)
12-14 05:24:05.531  1978  2013 E ColorFade: drawFrame failed: error 1281
12-14 05:24:05.531  1978  2013 E ColorFade: java.lang.Throwable
12-14 05:24:05.531  1978  2013 E ColorFade: 	at com.android.server.display.ColorFade.checkGlErrors(ColorFade.java:683)
12-14 05:24:05.531  1978  2013 E ColorFade: 	at com.android.server.display.ColorFade.checkGlErrors(ColorFade.java:675)
12-14 05:24:05.531  1978  2013 E ColorFade: 	at com.android.server.display.ColorFade.draw(ColorFade.java:383)
12-14 05:24:05.531  1978  2013 E ColorFade: 	at com.android.server.display.DisplayPowerState$4.run(DisplayPowerState.java:329)
12-14 05:24:05.531  1978  2013 E ColorFade: 	at android.view.Choreographer$CallbackRecord.run(Choreographer.java:767)
12-14 05:24:05.531  1978  2013 E ColorFade: 	at android.view.Choreographer.doCallbacks(Choreographer.java:580)
12-14 05:24:05.531  1978  2013 E ColorFade: 	at android.view.Choreographer.doFrame(Choreographer.java:550)
12-14 05:24:05.531  1978  2013 E ColorFade: 	at android.view.Choreographer$FrameDisplayEventReceiver.run(Choreographer.java:753)
12-14 05:24:05.531  1978  2013 E ColorFade: 	at android.os.Handler.handleCallback(Handler.java:739)
12-14 05:24:05.531  1978  2013 E ColorFade: 	at android.os.Handler.dispatchMessage(Handler.java:95)
12-14 05:24:05.531  1978  2013 E ColorFade: 	at android.os.Looper.loop(Looper.java:135)
12-14 05:24:05.531  1978  2013 E ColorFade: 	at android.os.HandlerThread.run(HandlerThread.java:61)
12-14 05:24:05.531  1978  2013 E ColorFade: 	at com.android.server.ServiceThread.run(ServiceThread.java:46)
12-14 05:24:05.548  1978  2013 E ColorFade: drawFrame failed: error 1281
12-14 05:24:05.548  1978  2013 E ColorFade: java.lang.Throwable
12-14 05:24:05.548  1978  2013 E ColorFade: 	at com.android.server.display.ColorFade.checkGlErrors(ColorFade.java:683)
12-14 05:24:05.548  1978  2013 E ColorFade: 	at com.android.server.display.ColorFade.checkGlErrors(ColorFade.java:675)
12-14 05:24:05.548  1978  2013 E ColorFade: 	at com.android.server.display.ColorFade.draw(ColorFade.java:383)
12-14 05:24:05.548  1978  2013 E ColorFade: 	at com.android.server.display.DisplayPowerState$4.run(DisplayPowerState.java:329)
12-14 05:24:05.548  1978  2013 E ColorFade: 	at android.view.Choreographer$CallbackRecord.run(Choreographer.java:767)
12-14 05:24:05.548  1978  2013 E ColorFade: 	at android.view.Choreographer.doCallbacks(Choreographer.java:580)
12-14 05:24:05.548  1978  2013 E ColorFade: 	at android.view.Choreographer.doFrame(Choreographer.java:550)
12-14 05:24:05.548  1978  2013 E ColorFade: 	at android.view.Choreographer$FrameDisplayEventReceiver.run(Choreographer.java:753)
12-14 05:24:05.548  1978  2013 E ColorFade: 	at android.os.Handler.handleCallback(Handler.java:739)
12-14 05:24:05.548  1978  2013 E ColorFade: 	at android.os.Handler.dispatchMessage(Handler.java:95)
12-14 05:24:05.548  1978  2013 E ColorFade: 	at android.os.Looper.loop(Looper.java:135)
12-14 05:24:05.548  1978  2013 E ColorFade: 	at android.os.HandlerThread.run(HandlerThread.java:61)
12-14 05:24:05.548  1978  2013 E ColorFade: 	at com.android.server.ServiceThread.run(ServiceThread.java:46)
12-14 05:24:05.700  3437  3437 W linker  : [vdso]: unused DT entry: type 0x6ffffef5 arg 0x160
12-14 05:24:06.749  1978  2114 D LightsService: Excessive delay setting light: 1200ms
12-14 05:24:06.749  1978  2114 I libsuspend: autosuspend_earlysuspend_enable
12-14 05:47:47.036  1978  2114 D libsuspend: autosuspend_earlysuspend_enable done
12-14 05:47:47.036  1978  2114 D PowerManagerService-JNI: Excessive delay in autosuspend_enable() while turning screen off: 1420286ms
12-14 05:47:47.040  3522  3522 W linker  : [vdso]: unused DT entry: type 0x6ffffef5 arg 0x160
12-14 05:47:47.041  1978  2006 W ProcessCpuTracker: Skipping unknown process pid 3522
12-14 05:47:47.042  3120  3120 V AlarmClock: AlarmInitReceiver android.intent.action.TIME_SET
12-14 05:47:47.158  3120  3145 V AlarmClock: AlarmInitReceiver finished
12-14 05:47:48.621  1701  1701 D SurfaceFlinger: Set power mode=0, type=0 flinger=0x7fdc66c62000
12-14 05:47:49.682  3528  3528 W linker  : [vdso]: unused DT entry: type 0x6ffffef5 arg 0x160
12-14 05:47:50.344  3529  3529 W linker  : [vdso]: unused DT entry: type 0x6ffffef5 arg 0x160
12-14 05:47:52.048  3530  3530 W linker  : [vdso]: unused DT entry: type 0x6ffffef5 arg 0x160
12-14 05:47:52.647  3532  3532 W linker  : [vdso]: unused DT entry: type 0x6ffffef5 arg 0x160
12-14 05:47:54.813  1701  1701 D SurfaceFlinger: Set power mode=2, type=0 flinger=0x7fdc66c62000
12-14 05:47:54.814  1701  1948 D GRALLOC-DRM: set master
12-14 05:47:57.056  3533  3533 W linker  : [vdso]: unused DT entry: type 0x6ffffef5 arg 0x160
12-14 05:48:02.064  3534  3534 W linker  : [vdso]: unused DT entry: type 0x6ffffef5 arg 0x160
12-14 05:48:07.072  3535  3535 W linker  : [vdso]: unused DT entry: type 0x6ffffef5 arg 0x160
12-14 05:48:12.080  3536  3536 W linker  : [vdso]: unused DT entry: type 0x6ffffef5 arg 0x160
12-14 05:48:14.690  1978  2075 I PowerManagerService: Waking up from sleep (uid 1000)...
12-14 05:48:14.690  1978  2013 I DisplayPowerController: Blocking screen on until initial contents have been drawn.
12-14 05:48:14.690  1978  2114 I libsuspend: autosuspend_earlysuspend_disable
12-14 05:48:14.690  1978  2114 D libsuspend: autosuspend_earlysuspend_disable done
12-14 05:48:14.698  1978  1978 D KbdSensor: poll_activate: dev=0x7f9d24466680 handle=0 enabled=1
12-14 05:48:14.698  1978  1978 D KbdSensor: poll_setDelay: dev=0x7f9d24466680 delay-ns=66667000
12-14 05:48:14.698  1978  1978 V KeyguardServiceDelegate: onScreenTurnedOn(showListener = com.android.internal.policy.impl.PhoneWindowManager$2@35067645)
12-14 05:48:14.700  1978  2089 I WifiNative-HAL: startHal
12-14 05:48:14.700  1978  2089 E WifiStateMachine: cancelDelayedScan -> 3
12-14 05:48:14.700  1709  1709 D BlueZ   : external/bluetooth/bluez/android/hal-audio.c:audio_set_parameters() 
12-14 05:48:14.700  1978  2001 V KeyguardServiceDelegate: **** SHOWN CALLED ****
12-14 05:48:14.719  1978  2013 I DisplayPowerController: Unblocked screen on after 29 ms
12-14 05:48:14.720  1978  2013 E libEGL  : call to OpenGL ES API with no current context (logged once per thread)
12-14 05:48:16.264  1978  2095 W AudioTrack: AUDIO_OUTPUT_FLAG_FAST denied by client
12-14 05:48:16.264  1978  2237 I ActivityManager: START u0 {act=android.intent.action.MAIN cat=[android.intent.category.LAUNCHER] flg=0x10200000 cmp=com.android.gallery3d/.app.Gallery bnds=[538,566][749,702] (has extras)} from uid 10027 on display 0
12-14 05:48:16.270  1978  2237 V WindowManager: addAppToken: AppWindowToken{232172a8 token=Token{18521acb ActivityRecord{a27919a u0 com.android.gallery3d/.app.Gallery t5}}} to stack=1 task=5 at 0
12-14 05:48:16.274  1978  2831 I ActivityManager: START u0 {act=android.intent.action.MAIN flg=0x10000000 cmp=com.android.gallery3d/.app.GalleryActivity} from uid 10038 on display 0
