12-14 05:07:49.300  1712  1712 I art     : Explicit concurrent mark sweep GC freed 392(23KB) AllocSpace objects, 0(0B) LOS objects, 90% free, 106KB/1130KB, paused 14us total 918us
12-14 05:07:49.301  1713  1713 I art     : Explicit concurrent mark sweep GC freed 381(22KB) AllocSpace objects, 0(0B) LOS objects, 90% free, 102KB/1126KB, paused 25us total 1.069ms
12-14 05:07:49.758  1713  1713 E Minikin : addFont failed to create font /system/fonts/NotoSansGujarati-Regular.ttf
12-14 05:07:49.758  1712  1712 E Minikin : addFont failed to create font /system/fonts/NotoSansGujarati-Regular.ttf
12-14 05:07:49.758  1712  1712 E Minikin : addFont failed to create font /system/fonts/NotoSansGujarati-Bold.ttf
12-14 05:07:49.758  1713  1713 E Minikin : addFont failed to create font /system/fonts/NotoSansGujarati-Bold.ttf
12-14 05:07:49.758  1712  1712 E Minikin : addFont failed to create font /system/fonts/NotoSansGujaratiUI-Regular.ttf
12-14 05:07:49.758  1713  1713 E Minikin : addFont failed to create font /system/fonts/NotoSansGujaratiUI-Regular.ttf
12-14 05:07:49.758  1712  1712 E Minikin : addFont failed to create font /system/fonts/NotoSansGujaratiUI-Bold.ttf
12-14 05:07:49.758  1713  1713 E Minikin : addFont failed to create font /system/fonts/NotoSansGujaratiUI-Bold.ttf
12-14 05:07:49.758  1712  1712 E Minikin : addFont failed to create font /system/fonts/NotoSansGurmukhi-Regular.ttf
12-14 05:07:49.758  1713  1713 E Minikin : addFont failed to create font /system/fonts/NotoSansGurmukhi-Regular.ttf
12-14 05:07:49.758  1712  1712 E Minikin : addFont failed to create font /system/fonts/NotoSansGurmukhi-Bold.ttf
12-14 05:07:49.758  1713  1713 E Minikin : addFont failed to create font /system/fonts/NotoSansGurmukhi-Bold.ttf
12-14 05:07:49.758  1712  1712 E Minikin : addFont failed to create font /system/fonts/NotoSansGurmukhiUI-Regular.ttf
12-14 05:07:49.758  1713  1713 E Minikin : addFont failed to create font /system/fonts/NotoSansGurmukhiUI-Regular.ttf
12-14 05:07:49.758  1712  1712 E Minikin : addFont failed to create font /system/fonts/NotoSansGurmukhiUI-Bold.ttf
12-14 05:07:49.758  1713  1713 E Minikin : addFont failed to create font /system/fonts/NotoSansGurmukhiUI-Bold.ttf
12-14 05:07:49.859  1712  1712 E Minikin : addFont failed to create font /system/fonts/NotoSansSinhala-Regular.ttf
12-14 05:07:49.859  1712  1712 E Minikin : addFont failed to create font /system/fonts/NotoSansSinhala-Bold.ttf
12-14 05:07:49.859  1713  1713 E Minikin : addFont failed to create font /system/fonts/NotoSansSinhala-Regular.ttf
12-14 05:07:49.859  1713  1713 E Minikin : addFont failed to create font /system/fonts/NotoSansSinhala-Bold.ttf
12-14 05:07:49.876  1712  1712 E Minikin : addFont failed to create font /system/fonts/NotoSansThaana-Regular.ttf
12-14 05:07:49.876  1713  1713 E Minikin : addFont failed to create font /system/fonts/NotoSansThaana-Regular.ttf
12-14 05:07:49.876  1712  1712 E Minikin : addFont failed to create font /system/fonts/NotoSansThaana-Bold.ttf
12-14 05:07:49.876  1713  1713 E Minikin : addFont failed to create font /system/fonts/NotoSansThaana-Bold.ttf
12-14 05:07:49.876  1712  1712 E Minikin : addFont failed to create font /system/fonts/NotoSansCham-Regular.ttf
12-14 05:07:49.876  1713  1713 E Minikin : addFont failed to create font /system/fonts/NotoSansCham-Regular.ttf
12-14 05:07:49.876  1712  1712 E Minikin : addFont failed to create font /system/fonts/NotoSansCham-Bold.ttf
12-14 05:07:49.876  1713  1713 E Minikin : addFont failed to create font /system/fonts/NotoSansCham-Bold.ttf
12-14 05:07:49.876  1712  1712 E Minikin : addFont failed to create font /system/fonts/NotoSansBalinese-Regular.ttf
12-14 05:07:49.876  1713  1713 E Minikin : addFont failed to create font /system/fonts/NotoSansBalinese-Regular.ttf
12-14 05:07:49.876  1712  1712 E Minikin : addFont failed to create font /system/fonts/NotoSansBatak-Regular.ttf
12-14 05:07:49.876  1713  1713 E Minikin : addFont failed to create font /system/fonts/NotoSansBatak-Regular.ttf
12-14 05:07:49.876  1712  1712 E Minikin : addFont failed to create font /system/fonts/NotoSansBuginese-Regular.ttf
12-14 05:07:49.876  1713  1713 E Minikin : addFont failed to create font /system/fonts/NotoSansBuginese-Regular.ttf
12-14 05:07:49.876  1712  1712 E Minikin : addFont failed to create font /system/fonts/NotoSansBuhid-Regular.ttf
12-14 05:07:49.876  1713  1713 E Minikin : addFont failed to create font /system/fonts/NotoSansBuhid-Regular.ttf
12-14 05:07:49.876  1712  1712 E Minikin : addFont failed to create font /system/fonts/NotoSansCanadianAboriginal-Regular.ttf
12-14 05:07:49.876  1713  1713 E Minikin : addFont failed to create font /system/fonts/NotoSansCanadianAboriginal-Regular.ttf
12-14 05:07:49.876  1712  1712 E Minikin : addFont failed to create font /system/fonts/NotoSansCherokee-Regular.ttf
12-14 05:07:49.876  1713  1713 E Minikin : addFont failed to create font /system/fonts/NotoSansCherokee-Regular.ttf
12-14 05:07:49.876  1712  1712 E Minikin : addFont failed to create font /system/fonts/NotoSansCoptic-Regular.ttf
12-14 05:07:49.876  1713  1713 E Minikin : addFont failed to create font /system/fonts/NotoSansCoptic-Regular.ttf
12-14 05:07:49.876  1712  1712 E Minikin : addFont failed to create font /system/fonts/NotoSansGlagolitic-Regular.ttf
12-14 05:07:49.876  1713  1713 E Minikin : addFont failed to create font /system/fonts/NotoSansGlagolitic-Regular.ttf
12-14 05:07:49.876  1712  1712 E Minikin : addFont failed to create font /system/fonts/NotoSansHanunoo-Regular.ttf
12-14 05:07:49.876  1713  1713 E Minikin : addFont failed to create font /system/fonts/NotoSansHanunoo-Regular.ttf
12-14 05:07:49.876  1712  1712 E Minikin : addFont failed to create font /system/fonts/NotoSansJavanese-Regular.ttf
12-14 05:07:49.876  1713  1713 E Minikin : addFont failed to create font /system/fonts/NotoSansJavanese-Regular.ttf
12-14 05:07:49.876  1713  1713 E Minikin : addFont failed to create font /system/fonts/NotoSansKayahLi-Regular.ttf
12-14 05:07:49.876  1712  1712 E Minikin : addFont failed to create font /system/fonts/NotoSansKayahLi-Regular.ttf
12-14 05:07:49.876  1713  1713 E Minikin : addFont failed to create font /system/fonts/NotoSansLepcha-Regular.ttf
12-14 05:07:49.876  1712  1712 E Minikin : addFont failed to create font /system/fonts/NotoSansLepcha-Regular.ttf
12-14 05:07:49.876  1713  1713 E Minikin : addFont failed to create font /system/fonts/NotoSansLimbu-Regular.ttf
12-14 05:07:49.876  1712  1712 E Minikin : addFont failed to create font /system/fonts/NotoSansLimbu-Regular.ttf
12-14 05:07:49.876  1713  1713 E Minikin : addFont failed to create font /system/fonts/NotoSansMeeteiMayek-Regular.ttf
12-14 05:07:49.876  1712  1712 E Minikin : addFont failed to create font /system/fonts/NotoSansMeeteiMayek-Regular.ttf
12-14 05:07:49.876  1713  1713 E Minikin : addFont failed to create font /system/fonts/NotoSansOlChiki-Regular.ttf
12-14 05:07:49.876  1712  1712 E Minikin : addFont failed to create font /system/fonts/NotoSansOlChiki-Regular.ttf
12-14 05:07:49.876  1713  1713 E Minikin : addFont failed to create font /system/fonts/NotoSansRejang-Regular.ttf
12-14 05:07:49.876  1712  1712 E Minikin : addFont failed to create font /system/fonts/NotoSansRejang-Regular.ttf
12-14 05:07:49.876  1713  1713 E Minikin : addFont failed to create font /system/fonts/NotoSansSaurashtra-Regular.ttf
12-14 05:07:49.876  1712  1712 E Minikin : addFont failed to create font /system/fonts/NotoSansSaurashtra-Regular.ttf
12-14 05:07:49.876  1713  1713 E Minikin : addFont failed to create font /system/fonts/NotoSansSundanese-Regular.ttf
12-14 05:07:49.876  1712  1712 E Minikin : addFont failed to create font /system/fonts/NotoSansSundanese-Regular.ttf
12-14 05:07:49.876  1713  1713 E Minikin : addFont failed to create font /system/fonts/NotoSansSylotiNagri-Regular.ttf
12-14 05:07:49.876  1713  1713 E Minikin : addFont failed to create font /system/fonts/NotoSansTagbanwa-Regular.ttf
12-14 05:07:49.876  1712  1712 E Minikin : addFont failed to create font /system/fonts/NotoSansSylotiNagri-Regular.ttf
12-14 05:07:49.876  1713  1713 E Minikin : addFont failed to create font /system/fonts/NotoSansTaiTham-Regular.ttf
12-14 05:07:49.876  1712  1712 E Minikin : addFont failed to create font /system/fonts/NotoSansTagbanwa-Regular.ttf
12-14 05:07:49.876  1713  1713 E Minikin : addFont failed to create font /system/fonts/NotoSansTaiViet-Regular.ttf
12-14 05:07:49.876  1712  1712 E Minikin : addFont failed to create font /system/fonts/NotoSansTaiTham-Regular.ttf
12-14 05:07:49.876  1713  1713 E Minikin : addFont failed to create font /system/fonts/NotoSansTifinagh-Regular.ttf
12-14 05:07:49.876  1712  1712 E Minikin : addFont failed to create font /system/fonts/NotoSansTaiViet-Regular.ttf
12-14 05:07:49.876  1713  1713 E Minikin : addFont failed to create font /system/fonts/NotoSansYi-Regular.ttf
12-14 05:07:49.876  1712  1712 E Minikin : addFont failed to create font /system/fonts/NotoSansTifinagh-Regular.ttf
12-14 05:07:49.876  1713  1713 E Minikin : addFont failed to create font /system/fonts/Lohit-Odia.ttf
12-14 05:07:49.876  1712  1712 E Minikin : addFont failed to create font /system/fonts/NotoSansYi-Regular.ttf
12-14 05:07:49.876  1713  1713 E Minikin : addFont failed to create font /system/fonts/NotoSansHans-Regular.otf
12-14 05:07:49.876  1712  1712 E Minikin : addFont failed to create font /system/fonts/Lohit-Odia.ttf
12-14 05:07:49.876  1713  1713 E Minikin : addFont failed to create font /system/fonts/NotoSansHant-Regular.otf
12-14 05:07:49.876  1712  1712 E Minikin : addFont failed to create font /system/fonts/NotoSansHans-Regular.otf
12-14 05:07:49.876  1713  1713 E Minikin : addFont failed to create font /system/fonts/NotoSansJP-Regular.otf
12-14 05:07:49.876  1712  1712 E Minikin : addFont failed to create font /system/fonts/NotoSansHant-Regular.otf
12-14 05:07:49.876  1713  1713 E Minikin : addFont failed to create font /system/fonts/NotoSansKR-Regular.otf
12-14 05:07:49.876  1712  1712 E Minikin : addFont failed to create font /system/fonts/NotoSansJP-Regular.otf
12-14 05:07:49.876  1712  1712 E Minikin : addFont failed to create font /system/fonts/NotoSansKR-Regular.otf
12-14 05:07:49.927  1712  1712 E Minikin : addFont failed to create font /system/fonts/NotoSansTaiLe-Regular.ttf
12-14 05:07:49.927  1713  1713 E Minikin : addFont failed to create font /system/fonts/NotoSansTaiLe-Regular.ttf
12-14 05:07:50.096  1712  1712 I art     : Explicit concurrent mark sweep GC freed 1798(129KB) AllocSpace objects, 0(0B) LOS objects, 89% free, 117KB/1141KB, paused 14us total 1.022ms
12-14 05:07:50.096  1713  1713 I art     : Explicit concurrent mark sweep GC freed 1798(129KB) AllocSpace objects, 0(0B) LOS objects, 89% free, 113KB/1137KB, paused 26us total 1.422ms
12-14 05:07:50.099  1712  1712 I art     : Explicit concurrent mark sweep GC freed 1933(92KB) AllocSpace objects, 0(0B) LOS objects, 86% free, 161KB/1185KB, paused 20us total 1.456ms
12-14 05:07:50.099  1713  1713 I art     : Explicit concurrent mark sweep GC freed 1933(92KB) AllocSpace objects, 0(0B) LOS objects, 86% free, 154KB/1178KB, paused 26us total 1.582ms
12-14 05:07:50.101  1712  1712 I art     : Explicit concurrent mark sweep GC freed 1977(87KB) AllocSpace objects, 0(0B) LOS objects, 83% free, 198KB/1222KB, paused 14us total 1.120ms
12-14 05:07:50.102  1713  1713 I art     : Explicit concurrent mark sweep GC freed 1977(87KB) AllocSpace objects, 0(0B) LOS objects, 84% free, 189KB/1213KB, paused 28us total 1.443ms
12-14 05:07:50.103  1712  1712 I art     : Explicit concurrent mark sweep GC freed 371(19KB) AllocSpace objects, 0(0B) LOS objects, 81% free, 234KB/1258KB, paused 13us total 1.113ms
12-14 05:07:50.104  1713  1713 I art     : Explicit concurrent mark sweep GC freed 371(19KB) AllocSpace objects, 0(0B) LOS objects, 82% free, 222KB/1246KB, paused 26us total 1.466ms
12-14 05:07:50.592  1713  1713 I art     : Thread[1,tid=1713,WaitingForJniOnLoad,Thread*=0xf3c25800,peer=0x12c31160,"main"] recursive attempt to load library "/system/lib/libmedia_jni.so"
12-14 05:07:50.607  1713  1713 D MtpDeviceJNI: register_android_mtp_MtpDevice
12-14 05:07:50.607  1713  1713 I art     : Thread[1,tid=1713,WaitingForJniOnLoad,Thread*=0xf3c25800,peer=0x12c31160,"main"] recursive attempt to load library "/system/lib/libmedia_jni.so"
12-14 05:07:50.607  1713  1713 I art     : Thread[1,tid=1713,WaitingForJniOnLoad,Thread*=0xf3c25800,peer=0x12c31160,"main"] recursive attempt to load library "/system/lib/libmedia_jni.so"
12-14 05:07:50.644  1713  1713 I art     : Explicit concurrent mark sweep GC freed 661(37KB) AllocSpace objects, 0(0B) LOS objects, 80% free, 244KB/1268KB, paused 25us total 1.573ms
12-14 05:07:50.697  1713  1713 I art     : Explicit concurrent mark sweep GC freed 573(29KB) AllocSpace objects, 0(0B) LOS objects, 79% free, 264KB/1288KB, paused 25us total 1.401ms
12-14 05:07:50.699  1713  1713 I art     : Explicit concurrent mark sweep GC freed 459(27KB) AllocSpace objects, 0(0B) LOS objects, 77% free, 303KB/1327KB, paused 24us total 1.120ms
12-14 05:07:50.769  1713  1713 I art     : Explicit concurrent mark sweep GC freed 1788(104KB) AllocSpace objects, 0(0B) LOS objects, 69% free, 453KB/1477KB, paused 25us total 1.491ms
12-14 05:07:50.770  1713  1713 E EmojiFactory_jni: Failed to load libemoji.so: dlopen failed: library "libemoji.so" not found
12-14 05:07:50.774  1713  1713 I art     : Explicit concurrent mark sweep GC freed 350(45KB) AllocSpace objects, 0(0B) LOS objects, 57% free, 750KB/1774KB, paused 27us total 1.876ms
12-14 05:07:50.777  1713  1713 I art     : Explicit concurrent mark sweep GC freed 438(30KB) AllocSpace objects, 0(0B) LOS objects, 57% free, 769KB/1793KB, paused 24us total 1.423ms
12-14 05:07:50.782  1713  1713 I art     : Explicit concurrent mark sweep GC freed 789(49KB) AllocSpace objects, 0(0B) LOS objects, 57% free, 770KB/1794KB, paused 27us total 1.348ms
12-14 05:07:50.832  1713  1713 I art     : Explicit concurrent mark sweep GC freed 956(105KB) AllocSpace objects, 0(0B) LOS objects, 55% free, 813KB/1837KB, paused 27us total 1.979ms
12-14 05:07:50.835  1713  1713 I art     : Explicit concurrent mark sweep GC freed 597(42KB) AllocSpace objects, 0(0B) LOS objects, 55% free, 820KB/1844KB, paused 26us total 1.495ms
12-14 05:07:50.968  1713  1713 I art     : Explicit concurrent mark sweep GC freed 265(20KB) AllocSpace objects, 0(0B) LOS objects, 54% free, 848KB/1872KB, paused 30us total 1.781ms
12-14 05:07:50.979  1712  1712 I art     : Thread[1,tid=1712,WaitingForJniOnLoad,Thread*=0x7f9d24495000,peer=0x12c31100,"main"] recursive attempt to load library "/system/lib64/libmedia_jni.so"
12-14 05:07:50.979  1712  1712 D MtpDeviceJNI: register_android_mtp_MtpDevice
12-14 05:07:50.979  1712  1712 I art     : Thread[1,tid=1712,WaitingForJniOnLoad,Thread*=0x7f9d24495000,peer=0x12c31100,"main"] recursive attempt to load library "/system/lib64/libmedia_jni.so"
12-14 05:07:50.979  1712  1712 I art     : Thread[1,tid=1712,WaitingForJniOnLoad,Thread*=0x7f9d24495000,peer=0x12c31100,"main"] recursive attempt to load library "/system/lib64/libmedia_jni.so"
12-14 05:07:51.000  1713  1713 I art     : Explicit concurrent mark sweep GC freed 11(480B) AllocSpace objects, 0(0B) LOS objects, 45% free, 1227KB/2MB, paused 31us total 2.182ms
12-14 05:07:51.003  1713  1713 I art     : Explicit concurrent mark sweep GC freed 575(33KB) AllocSpace objects, 0(0B) LOS objects, 45% free, 1243KB/2MB, paused 26us total 1.826ms
12-14 05:07:51.007  1713  1713 I art     : Explicit concurrent mark sweep GC freed 741(45KB) AllocSpace objects, 0(0B) LOS objects, 45% free, 1246KB/2MB, paused 28us total 1.973ms
12-14 05:07:51.014  1712  1712 I art     : Explicit concurrent mark sweep GC freed 641(36KB) AllocSpace objects, 0(0B) LOS objects, 80% free, 246KB/1270KB, paused 17us total 1.425ms
12-14 05:07:51.033  1715  1715 E sdcard  : missing packages.list; retrying
12-14 05:07:51.049  1712  1712 I art     : Explicit concurrent mark sweep GC freed 429(20KB) AllocSpace objects, 0(0B) LOS objects, 78% free, 275KB/1299KB, paused 13us total 1.206ms
12-14 05:07:51.052  1712  1712 I art     : Explicit concurrent mark sweep GC freed 543(30KB) AllocSpace objects, 0(0B) LOS objects, 77% free, 302KB/1326KB, paused 12us total 1.015ms
12-14 05:07:51.135  1712  1712 I art     : Explicit concurrent mark sweep GC freed 1868(110KB) AllocSpace objects, 0(0B) LOS objects, 68% free, 467KB/1491KB, paused 13us total 1.144ms
12-14 05:07:51.136  1712  1712 E EmojiFactory_jni: Failed to load libemoji.so: dlopen failed: library "libemoji.so" not found
12-14 05:07:51.139  1712  1712 I art     : Explicit concurrent mark sweep GC freed 350(45KB) AllocSpace objects, 0(0B) LOS objects, 57% free, 766KB/1790KB, paused 13us total 1.589ms
12-14 05:07:51.142  1712  1712 I art     : Explicit concurrent mark sweep GC freed 438(30KB) AllocSpace objects, 0(0B) LOS objects, 56% free, 785KB/1809KB, paused 13us total 1.261ms
12-14 05:07:51.147  1712  1712 I art     : Explicit concurrent mark sweep GC freed 789(49KB) AllocSpace objects, 0(0B) LOS objects, 56% free, 786KB/1810KB, paused 23us total 1.607ms
12-14 05:07:51.155  1712  1712 I art     : Explicit concurrent mark sweep GC freed 956(105KB) AllocSpace objects, 0(0B) LOS objects, 55% free, 830KB/1854KB, paused 23us total 2.163ms
12-14 05:07:51.158  1713  1713 I System  : Loaded time zone names for "" in 133ms (132ms in ICU)
12-14 05:07:51.159  1712  1712 I art     : Explicit concurrent mark sweep GC freed 597(42KB) AllocSpace objects, 0(0B) LOS objects, 55% free, 837KB/1861KB, paused 21us total 1.680ms
12-14 05:07:51.200  1713  1713 I System  : Loaded time zone names for "en_US" in 42ms (41ms in ICU)
12-14 05:07:51.202  1713  1713 I art     : Explicit concurrent mark sweep GC freed 2345(178KB) AllocSpace objects, 0(0B) LOS objects, 42% free, 1405KB/2MB, paused 27us total 2.059ms
12-14 05:07:51.205  1713  1713 I art     : Explicit concurrent mark sweep GC freed 136(12KB) AllocSpace objects, 0(0B) LOS objects, 41% free, 1470KB/2MB, paused 26us total 1.992ms
12-14 05:07:51.208  1713  1713 I art     : Explicit concurrent mark sweep GC freed 288(24KB) AllocSpace objects, 0(0B) LOS objects, 40% free, 1516KB/2MB, paused 26us total 1.870ms
12-14 05:07:51.211  1713  1713 I art     : Explicit concurrent mark sweep GC freed 679(47KB) AllocSpace objects, 0(0B) LOS objects, 40% free, 1517KB/2MB, paused 48us total 2.224ms
12-14 05:07:51.212  1713  1713 I Zygote  : ...preloaded 3005 classes in 2347ms.
12-14 05:07:51.212  1713  1713 I art     : VMRuntime.preloadDexCaches starting
12-14 05:07:51.213  1712  1712 I art     : Explicit concurrent mark sweep GC freed 265(20KB) AllocSpace objects, 0(0B) LOS objects, 54% free, 866KB/1890KB, paused 40us total 1.851ms
12-14 05:07:51.222  1712  1712 I art     : Explicit concurrent mark sweep GC freed 12(576B) AllocSpace objects, 0(0B) LOS objects, 45% free, 1245KB/2MB, paused 23us total 2.162ms
12-14 05:07:51.225  1712  1712 I art     : Explicit concurrent mark sweep GC freed 567(32KB) AllocSpace objects, 0(0B) LOS objects, 44% free, 1261KB/2MB, paused 25us total 2.217ms
12-14 05:07:51.226  1713  1713 I art     : VMRuntime.preloadDexCaches strings total=214670 before=39013 after=39013
12-14 05:07:51.226  1713  1713 I art     : VMRuntime.preloadDexCaches types total=18345 before=6389 after=6425
12-14 05:07:51.226  1713  1713 I art     : VMRuntime.preloadDexCaches fields total=85577 before=32264 after=32598
12-14 05:07:51.226  1713  1713 I art     : VMRuntime.preloadDexCaches methods total=151791 before=66839 after=67740
12-14 05:07:51.226  1713  1713 I art     : VMRuntime.preloadDexCaches finished
12-14 05:07:51.226  1713  1713 I art     : Counter: 0
12-14 05:07:51.226  1713  1713 I art     : Counter: 1
12-14 05:07:51.229  1712  1712 I art     : Explicit concurrent mark sweep GC freed 734(45KB) AllocSpace objects, 0(0B) LOS objects, 44% free, 1265KB/2MB, paused 39us total 2.216ms
12-14 05:07:51.230  1713  1713 I art     : Explicit concurrent mark sweep GC freed 61(15KB) AllocSpace objects, 0(0B) LOS objects, 40% free, 1503KB/2MB, paused 62us total 3.690ms
12-14 05:07:51.237  1712  1712 I System  : Loaded time zone names for "" in 7ms (7ms in ICU)
12-14 05:07:51.241  1712  1712 I System  : Loaded time zone names for "en_US" in 4ms (4ms in ICU)
12-14 05:07:51.243  1712  1712 I art     : Explicit concurrent mark sweep GC freed 2359(179KB) AllocSpace objects, 0(0B) LOS objects, 41% free, 1423KB/2MB, paused 15us total 1.674ms
12-14 05:07:51.245  1712  1712 I art     : Explicit concurrent mark sweep GC freed 136(12KB) AllocSpace objects, 0(0B) LOS objects, 40% free, 1488KB/2MB, paused 14us total 1.490ms
12-14 05:07:51.248  1712  1712 I art     : Explicit concurrent mark sweep GC freed 288(24KB) AllocSpace objects, 0(0B) LOS objects, 39% free, 1541KB/2MB, paused 14us total 1.686ms
12-14 05:07:51.251  1712  1712 I art     : Explicit concurrent mark sweep GC freed 679(47KB) AllocSpace objects, 0(0B) LOS objects, 39% free, 1542KB/2MB, paused 24us total 2.235ms
12-14 05:07:51.251  1712  1712 I Zygote  : ...preloaded 3005 classes in 2457ms.
12-14 05:07:51.251  1712  1712 I art     : VMRuntime.preloadDexCaches starting
12-14 05:07:51.252  1976  1976 W linker  : [vdso]: unused DT entry: type 0x6ffffef5 arg 0x160
12-14 05:07:51.252  1976  1976 D idmap   : error: no read access to /vendor/overlay: No such file or directory
12-14 05:07:51.261  1712  1712 I art     : VMRuntime.preloadDexCaches strings total=214670 before=39013 after=39013
12-14 05:07:51.261  1712  1712 I art     : VMRuntime.preloadDexCaches types total=18345 before=6389 after=6425
12-14 05:07:51.261  1712  1712 I art     : VMRuntime.preloadDexCaches fields total=85577 before=32264 after=32598
12-14 05:07:51.261  1712  1712 I art     : VMRuntime.preloadDexCaches methods total=151791 before=66839 after=67740
12-14 05:07:51.261  1712  1712 I art     : VMRuntime.preloadDexCaches finished
12-14 05:07:51.261  1712  1712 I art     : Counter: 0
12-14 05:07:51.261  1712  1712 I art     : Counter: 1
12-14 05:07:51.263  1712  1712 I art     : Explicit concurrent mark sweep GC freed 61(15KB) AllocSpace objects, 0(0B) LOS objects, 40% free, 1528KB/2MB, paused 15us total 2.164ms
12-14 05:07:51.266  1977  1977 W linker  : [vdso]: unused DT entry: type 0x6ffffef5 arg 0x160
12-14 05:07:51.266  1977  1977 D idmap   : error: no read access to /vendor/overlay: No such file or directory
12-14 05:07:51.342  1713  1713 I Zygote  : Preloading resources...
12-14 05:07:51.342  1712  1712 I Zygote  : Preloading resources...
12-14 05:07:51.425  1712  1712 I art     : Explicit concurrent mark sweep GC freed 86(3KB) AllocSpace objects, 0(0B) LOS objects, 39% free, 1577KB/2MB, paused 17us total 2.278ms
12-14 05:07:51.428  1712  1712 I art     : Explicit concurrent mark sweep GC freed 89(4KB) AllocSpace objects, 0(0B) LOS objects, 40% free, 1623KB/2MB, paused 18us total 1.728ms
12-14 05:07:51.432  1712  1712 I art     : Explicit concurrent mark sweep GC freed 115(5KB) AllocSpace objects, 0(0B) LOS objects, 39% free, 1667KB/2MB, paused 15us total 1.847ms
12-14 05:07:51.434  1712  1712 I art     : Explicit concurrent mark sweep GC freed 99(4KB) AllocSpace objects, 0(0B) LOS objects, 39% free, 1713KB/2MB, paused 14us total 1.506ms
12-14 05:07:51.437  1712  1712 I art     : Explicit concurrent mark sweep GC freed 94(4KB) AllocSpace objects, 0(0B) LOS objects, 40% free, 1758KB/2MB, paused 14us total 1.543ms
12-14 05:07:51.441  1712  1712 I art     : Explicit concurrent mark sweep GC freed 102(4KB) AllocSpace objects, 0(0B) LOS objects, 40% free, 1804KB/2MB, paused 17us total 1.921ms
12-14 05:07:51.443  1712  1712 I art     : Explicit concurrent mark sweep GC freed 112(5KB) AllocSpace objects, 0(0B) LOS objects, 40% free, 1849KB/3MB, paused 15us total 1.440ms
12-14 05:07:51.445  1712  1712 I art     : Explicit concurrent mark sweep GC freed 118(5KB) AllocSpace objects, 0(0B) LOS objects, 40% free, 1896KB/3MB, paused 15us total 1.449ms
12-14 05:07:51.448  1712  1712 I art     : Explicit concurrent mark sweep GC freed 108(5KB) AllocSpace objects, 0(0B) LOS objects, 39% free, 1944KB/3MB, paused 15us total 1.451ms
12-14 05:07:51.474  1713  1713 I art     : Explicit concurrent mark sweep GC freed 86(3KB) AllocSpace objects, 0(0B) LOS objects, 40% free, 1552KB/2MB, paused 30us total 2.244ms
12-14 05:07:51.477  1713  1713 I art     : Explicit concurrent mark sweep GC freed 89(4KB) AllocSpace objects, 0(0B) LOS objects, 39% free, 1598KB/2MB, paused 27us total 1.711ms
12-14 05:07:51.480  1713  1713 I art     : Explicit concurrent mark sweep GC freed 122(5KB) AllocSpace objects, 0(0B) LOS objects, 40% free, 1646KB/2MB, paused 31us total 1.929ms
12-14 05:07:51.483  1713  1713 I art     : Explicit concurrent mark sweep GC freed 101(4KB) AllocSpace objects, 0(0B) LOS objects, 39% free, 1691KB/2MB, paused 29us total 1.846ms
12-14 05:07:51.486  1713  1713 I art     : Explicit concurrent mark sweep GC freed 93(4KB) AllocSpace objects, 0(0B) LOS objects, 39% free, 1736KB/2MB, paused 29us total 1.804ms
12-14 05:07:51.489  1713  1713 I art     : Explicit concurrent mark sweep GC freed 103(4KB) AllocSpace objects, 0(0B) LOS objects, 39% free, 1782KB/2MB, paused 29us total 1.802ms
12-14 05:07:51.491  1713  1713 I art     : Explicit concurrent mark sweep GC freed 112(5KB) AllocSpace objects, 0(0B) LOS objects, 39% free, 1827KB/2MB, paused 28us total 1.701ms
12-14 05:07:51.494  1713  1713 I art     : Explicit concurrent mark sweep GC freed 117(5KB) AllocSpace objects, 0(0B) LOS objects, 40% free, 1874KB/3MB, paused 28us total 1.709ms
12-14 05:07:51.498  1713  1713 I art     : Explicit concurrent mark sweep GC freed 108(5KB) AllocSpace objects, 0(0B) LOS objects, 40% free, 1922KB/3MB, paused 49us total 2.678ms
12-14 05:07:51.499  1712  1712 I art     : Explicit concurrent mark sweep GC freed 153(6KB) AllocSpace objects, 0(0B) LOS objects, 39% free, 2020KB/3MB, paused 28us total 2.585ms
12-14 05:07:51.503  1713  1713 I art     : Explicit concurrent mark sweep GC freed 147(6KB) AllocSpace objects, 0(0B) LOS objects, 39% free, 1993KB/3MB, paused 64us total 2.351ms
12-14 05:07:51.505  1712  1712 I art     : Explicit concurrent mark sweep GC freed 138(6KB) AllocSpace objects, 0(0B) LOS objects, 40% free, 2MB/3MB, paused 29us total 2.520ms
12-14 05:07:51.507  1713  1713 I art     : Explicit concurrent mark sweep GC freed 136(5KB) AllocSpace objects, 0(0B) LOS objects, 40% free, 2036KB/3MB, paused 31us total 2.206ms
12-14 05:07:51.517  1712  1712 I art     : Explicit concurrent mark sweep GC freed 84(7KB) AllocSpace objects, 0(0B) LOS objects, 40% free, 2MB/3MB, paused 22us total 2.232ms
12-14 05:07:51.517  1713  1713 I art     : Explicit concurrent mark sweep GC freed 84(7KB) AllocSpace objects, 0(0B) LOS objects, 39% free, 2MB/3MB, paused 32us total 2.658ms
12-14 05:07:51.525  1712  1712 I art     : Explicit concurrent mark sweep GC freed 112(4KB) AllocSpace objects, 0(0B) LOS objects, 39% free, 2MB/3MB, paused 28us total 2.559ms
12-14 05:07:51.526  1713  1713 I art     : Explicit concurrent mark sweep GC freed 112(4KB) AllocSpace objects, 0(0B) LOS objects, 40% free, 2MB/3MB, paused 56us total 2.960ms
12-14 05:07:51.529  1712  1712 I art     : Explicit concurrent mark sweep GC freed 135(5KB) AllocSpace objects, 0(0B) LOS objects, 40% free, 2MB/3MB, paused 30us total 2.484ms
12-14 05:07:51.530  1713  1713 I art     : Explicit concurrent mark sweep GC freed 135(5KB) AllocSpace objects, 0(0B) LOS objects, 39% free, 2MB/3MB, paused 45us total 2.915ms
12-14 05:07:51.532  1712  1712 I art     : Explicit concurrent mark sweep GC freed 62(2752B) AllocSpace objects, 0(0B) LOS objects, 39% free, 2MB/3MB, paused 29us total 2.439ms
12-14 05:07:51.533  1713  1713 I art     : Explicit concurrent mark sweep GC freed 62(2752B) AllocSpace objects, 0(0B) LOS objects, 40% free, 2MB/3MB, paused 43us total 2.594ms
12-14 05:07:51.537  1712  1712 I art     : Explicit concurrent mark sweep GC freed 111(4KB) AllocSpace objects, 0(0B) LOS objects, 39% free, 2MB/4MB, paused 23us total 1.989ms
12-14 05:07:51.538  1713  1713 I art     : Explicit concurrent mark sweep GC freed 111(4KB) AllocSpace objects, 0(0B) LOS objects, 40% free, 2MB/4MB, paused 45us total 2.183ms
12-14 05:07:51.541  1712  1712 I art     : Explicit concurrent mark sweep GC freed 206(9KB) AllocSpace objects, 0(0B) LOS objects, 39% free, 2MB/4MB, paused 22us total 1.870ms
12-14 05:07:51.542  1713  1713 I art     : Explicit concurrent mark sweep GC freed 206(9KB) AllocSpace objects, 0(0B) LOS objects, 39% free, 2MB/4MB, paused 34us total 2.253ms
12-14 05:07:51.545  1712  1712 I art     : Explicit concurrent mark sweep GC freed 370(16KB) AllocSpace objects, 0(0B) LOS objects, 39% free, 2MB/4MB, paused 21us total 1.961ms
12-14 05:07:51.546  1713  1713 I art     : Explicit concurrent mark sweep GC freed 370(16KB) AllocSpace objects, 0(0B) LOS objects, 39% free, 2MB/4MB, paused 32us total 2.187ms
12-14 05:07:51.557  1712  1712 I art     : Explicit concurrent mark sweep GC freed 214(9KB) AllocSpace objects, 0(0B) LOS objects, 39% free, 2MB/4MB, paused 20us total 2.163ms
12-14 05:07:51.557  1713  1713 I art     : Explicit concurrent mark sweep GC freed 214(9KB) AllocSpace objects, 0(0B) LOS objects, 39% free, 2MB/4MB, paused 43us total 2.299ms
12-14 05:07:51.560  1712  1712 I art     : Explicit concurrent mark sweep GC freed 112(6KB) AllocSpace objects, 0(0B) LOS objects, 39% free, 2MB/4MB, paused 20us total 1.965ms
12-14 05:07:51.561  1713  1713 I art     : Explicit concurrent mark sweep GC freed 112(6KB) AllocSpace objects, 0(0B) LOS objects, 39% free, 2MB/4MB, paused 35us total 2.140ms
12-14 05:07:51.565  1712  1712 I art     : Explicit concurrent mark sweep GC freed 113(5KB) AllocSpace objects, 0(0B) LOS objects, 39% free, 2MB/4MB, paused 18us total 2.128ms
12-14 05:07:51.565  1713  1713 I art     : Explicit concurrent mark sweep GC freed 113(5KB) AllocSpace objects, 0(0B) LOS objects, 39% free, 2MB/4MB, paused 35us total 2.540ms
12-14 05:07:51.567  1712  1712 I art     : Explicit concurrent mark sweep GC freed 49(8KB) AllocSpace objects, 0(0B) LOS objects, 39% free, 2MB/4MB, paused 20us total 1.836ms
12-14 05:07:51.568  1713  1713 I art     : Explicit concurrent mark sweep GC freed 49(8KB) AllocSpace objects, 0(0B) LOS objects, 40% free, 2MB/4MB, paused 33us total 2.333ms
12-14 05:07:51.570  1712  1712 I art     : Explicit concurrent mark sweep GC freed 101(4KB) AllocSpace objects, 0(0B) LOS objects, 39% free, 2MB/4MB, paused 20us total 1.817ms
12-14 05:07:51.572  1713  1713 I art     : Explicit concurrent mark sweep GC freed 101(4KB) AllocSpace objects, 0(0B) LOS objects, 40% free, 2MB/4MB, paused 33us total 2.255ms
12-14 05:07:51.573  1712  1712 I art     : Explicit concurrent mark sweep GC freed 105(4KB) AllocSpace objects, 0(0B) LOS objects, 40% free, 2MB/4MB, paused 20us total 1.829ms
12-14 05:07:51.575  1713  1713 I art     : Explicit concurrent mark sweep GC freed 105(4KB) AllocSpace objects, 0(0B) LOS objects, 39% free, 2MB/4MB, paused 34us total 2.274ms
12-14 05:07:51.576  1712  1712 I art     : Explicit concurrent mark sweep GC freed 99(4KB) AllocSpace objects, 0(0B) LOS objects, 39% free, 2MB/4MB, paused 19us total 1.940ms
12-14 05:07:51.578  1713  1713 I art     : Explicit concurrent mark sweep GC freed 99(4KB) AllocSpace objects, 0(0B) LOS objects, 40% free, 2MB/4MB, paused 34us total 2.273ms
12-14 05:07:51.580  1712  1712 I art     : Explicit concurrent mark sweep GC freed 172(7KB) AllocSpace objects, 0(0B) LOS objects, 39% free, 2MB/4MB, paused 20us total 1.917ms
12-14 05:07:51.583  1713  1713 I art     : Explicit concurrent mark sweep GC freed 172(7KB) AllocSpace objects, 0(0B) LOS objects, 39% free, 2MB/4MB, paused 33us total 2.295ms
12-14 05:07:51.630  1712  1712 I art     : Explicit concurrent mark sweep GC freed 417(18KB) AllocSpace objects, 0(0B) LOS objects, 40% free, 3MB/5MB, paused 32us total 2.729ms
12-14 05:07:51.632  1713  1713 I art     : Explicit concurrent mark sweep GC freed 417(18KB) AllocSpace objects, 0(0B) LOS objects, 39% free, 3MB/5MB, paused 55us total 3.172ms
12-14 05:07:51.638  1712  1712 I art     : Explicit concurrent mark sweep GC freed 363(16KB) AllocSpace objects, 0(0B) LOS objects, 40% free, 3MB/5MB, paused 32us total 2.675ms
12-14 05:07:51.640  1713  1713 I art     : Explicit concurrent mark sweep GC freed 363(16KB) AllocSpace objects, 0(0B) LOS objects, 39% free, 3MB/5MB, paused 54us total 3.096ms
12-14 05:07:51.642  1712  1712 I art     : Explicit concurrent mark sweep GC freed 174(8KB) AllocSpace objects, 0(0B) LOS objects, 39% free, 3MB/5MB, paused 33us total 2.659ms
12-14 05:07:51.645  1713  1713 I art     : Explicit concurrent mark sweep GC freed 174(8KB) AllocSpace objects, 0(0B) LOS objects, 39% free, 3MB/5MB, paused 60us total 3.080ms
12-14 05:07:51.647  1712  1712 I art     : Explicit concurrent mark sweep GC freed 515(19KB) AllocSpace objects, 0(0B) LOS objects, 39% free, 3MB/5MB, paused 33us total 2.733ms
12-14 05:07:51.650  1713  1713 I art     : Explicit concurrent mark sweep GC freed 515(19KB) AllocSpace objects, 0(0B) LOS objects, 40% free, 3MB/5MB, paused 60us total 3.132ms
12-14 05:07:51.651  1712  1712 I art     : Explicit concurrent mark sweep GC freed 353(14KB) AllocSpace objects, 0(0B) LOS objects, 40% free, 3MB/5MB, paused 35us total 2.748ms
12-14 05:07:51.655  1712  1712 I art     : Explicit concurrent mark sweep GC freed 1153(40KB) AllocSpace objects, 0(0B) LOS objects, 39% free, 3MB/5MB, paused 35us total 2.796ms
12-14 05:07:51.655  1713  1713 I art     : Explicit concurrent mark sweep GC freed 353(14KB) AllocSpace objects, 0(0B) LOS objects, 39% free, 3MB/5MB, paused 58us total 3.210ms
12-14 05:07:51.659  1712  1712 I art     : Explicit concurrent mark sweep GC freed 1499(50KB) AllocSpace objects, 0(0B) LOS objects, 40% free, 3MB/5MB, paused 35us total 2.809ms
12-14 05:07:51.660  1713  1713 I art     : Explicit concurrent mark sweep GC freed 1153(40KB) AllocSpace objects, 0(0B) LOS objects, 40% free, 3MB/5MB, paused 56us total 3.237ms
12-14 05:07:51.662  1712  1712 I art     : Explicit concurrent mark sweep GC freed 1381(49KB) AllocSpace objects, 0(0B) LOS objects, 39% free, 3MB/5MB, paused 36us total 2.777ms
12-14 05:07:51.664  1713  1713 I art     : Explicit concurrent mark sweep GC freed 1499(50KB) AllocSpace objects, 0(0B) LOS objects, 40% free, 3MB/5MB, paused 50us total 3.215ms
12-14 05:07:51.667  1713  1713 I art     : Explicit concurrent mark sweep GC freed 1381(49KB) AllocSpace objects, 0(0B) LOS objects, 39% free, 3MB/5MB, paused 35us total 2.177ms
12-14 05:07:51.671  1713  1713 I art     : Explicit concurrent mark sweep GC freed 1453(56KB) AllocSpace objects, 0(0B) LOS objects, 39% free, 3MB/5MB, paused 35us total 2.722ms
12-14 05:07:51.675  1713  1713 I art     : Explicit concurrent mark sweep GC freed 603(27KB) AllocSpace objects, 0(0B) LOS objects, 39% free, 3MB/5MB, paused 34us total 2.183ms
12-14 05:07:51.680  1712  1712 I art     : Explicit concurrent mark sweep GC freed 1453(56KB) AllocSpace objects, 0(0B) LOS objects, 40% free, 3MB/5MB, paused 40us total 3.414ms
12-14 05:07:51.681  1713  1713 I art     : Explicit concurrent mark sweep GC freed 344(20KB) AllocSpace objects, 0(0B) LOS objects, 39% free, 3MB/6MB, paused 58us total 3.399ms
12-14 05:07:51.685  1712  1712 I art     : Explicit concurrent mark sweep GC freed 603(27KB) AllocSpace objects, 0(0B) LOS objects, 39% free, 3MB/5MB, paused 45us total 3.095ms
12-14 05:07:51.691  1712  1712 I art     : Explicit concurrent mark sweep GC freed 344(20KB) AllocSpace objects, 0(0B) LOS objects, 40% free, 3MB/6MB, paused 38us total 2.969ms
12-14 05:07:51.692  1713  1713 I art     : Explicit concurrent mark sweep GC freed 384(17KB) AllocSpace objects, 0(0B) LOS objects, 40% free, 3MB/6MB, paused 59us total 3.493ms
12-14 05:07:51.694  1713  1713 I Zygote  : ...preloaded 343 resources in 352ms.
12-14 05:07:51.698  1713  1713 I art     : Explicit concurrent mark sweep GC freed 639(39KB) AllocSpace objects, 0(0B) LOS objects, 40% free, 3MB/6MB, paused 59us total 3.281ms
12-14 05:07:51.699  1712  1712 I art     : Explicit concurrent mark sweep GC freed 384(17KB) AllocSpace objects, 0(0B) LOS objects, 40% free, 3MB/6MB, paused 37us total 3.059ms
12-14 05:07:51.700  1713  1713 I Zygote  : ...preloaded 41 resources in 6ms.
12-14 05:07:51.700  1713  1713 I art     : Counter: 0
12-14 05:07:51.701  1712  1712 I Zygote  : ...preloaded 343 resources in 359ms.
12-14 05:07:51.703  1712  1712 I art     : Explicit concurrent mark sweep GC freed 639(39KB) AllocSpace objects, 0(0B) LOS objects, 40% free, 3MB/6MB, paused 21us total 2.068ms
12-14 05:07:51.705  1712  1712 I Zygote  : ...preloaded 41 resources in 4ms.
12-14 05:07:51.705  1712  1712 I art     : Counter: 0
12-14 05:07:51.705  1712  1712 D libEGL  : loaded /system/lib64/egl/libGLES_mesa.so
12-14 05:07:51.713  1712  1712 I Zygote  : Preloading shared libraries...
12-14 05:07:51.857  1712  1712 D Zygote  : end preload
12-14 05:07:51.860  1712  1712 I art     : Explicit concurrent mark sweep GC freed 450(20KB) AllocSpace objects, 0(0B) LOS objects, 39% free, 3MB/6MB, paused 22us total 2.637ms
12-14 05:07:51.862  1712  1712 I art     : Explicit concurrent mark sweep GC freed 389(16KB) AllocSpace objects, 0(0B) LOS objects, 39% free, 3MB/6MB, paused 19us total 1.773ms
12-14 05:07:51.864  1712  1712 I art     : Explicit concurrent mark sweep GC freed 5(160B) AllocSpace objects, 0(0B) LOS objects, 39% free, 3MB/6MB, paused 19us total 1.803ms
12-14 05:07:51.883  1712  1712 I Zygote  : System server process 1978 has been created
12-14 05:07:51.883  1712  1712 I Zygote  : Accepting command socket connections
12-14 05:07:51.943  1713  1713 D libEGL  : loaded /system/lib/egl/libGLES_mesa.so
12-14 05:07:51.962  1713  1713 I Zygote  : Preloading shared libraries...
12-14 05:07:52.014  1713  1713 D Zygote  : end preload
12-14 05:07:52.017  1713  1713 I art     : Explicit concurrent mark sweep GC freed 450(20KB) AllocSpace objects, 0(0B) LOS objects, 39% free, 3MB/6MB, paused 36us total 3.083ms
12-14 05:07:52.020  1713  1713 I art     : Explicit concurrent mark sweep GC freed 389(16KB) AllocSpace objects, 0(0B) LOS objects, 39% free, 3MB/6MB, paused 35us total 2.320ms
12-14 05:07:52.022  1713  1713 I art     : Explicit concurrent mark sweep GC freed 5(160B) AllocSpace objects, 0(0B) LOS objects, 39% free, 3MB/6MB, paused 34us total 2.150ms
12-14 05:07:52.022  1713  1713 I Zygote  : Accepting command socket connections
12-14 05:07:52.029  1978  1978 I Zygote  : Process: zygote socket opened, supported ABIS: x86,armeabi-v7a,armeabi
12-14 05:07:52.066  1978  1978 I art     : DexFile_isDexOptNeeded file /system/framework/x86_64/services.odex needs to be relocated for /system/framework/services.jar
--------- beginning of system
12-14 05:07:52.066  1978  1978 I InstallerConnection: connecting...
12-14 05:07:52.066  1710  1710 I installd: new connection
12-14 05:07:52.066  1998  1998 E installd: Running /system/bin/patchoat isa=x86_64 in-fd=5 (/system/framework/x86_64/services.odex) out-fd=6 (/data/dalvik-cache/x86_64/system@framework@services.jar@classes.dex)
12-14 05:07:52.069  1998  1998 W linker  : [vdso]: unused DT entry: type 0x6ffffef5 arg 0xec
12-14 05:07:52.069  1998  1998 E cutils-trace: Error opening trace file: Permission denied (13)
12-14 05:07:52.442  1978  1978 I art     : DexFile_isDexOptNeeded file /system/framework/x86_64/ethernet-service.odex needs to be relocated for /system/framework/ethernet-service.jar
12-14 05:07:52.443  1999  1999 E installd: Running /system/bin/patchoat isa=x86_64 in-fd=5 (/system/framework/x86_64/ethernet-service.odex) out-fd=6 (/data/dalvik-cache/x86_64/system@framework@ethernet-service.jar@classes.dex)
12-14 05:07:52.445  1999  1999 W linker  : [vdso]: unused DT entry: type 0x6ffffef5 arg 0xec
12-14 05:07:52.446  1999  1999 E cutils-trace: Error opening trace file: Permission denied (13)
12-14 05:07:52.503  1978  1978 I art     : DexFile_isDexOptNeeded file /system/framework/x86_64/wifi-service.odex needs to be relocated for /system/framework/wifi-service.jar
12-14 05:07:52.503  2000  2000 E installd: Running /system/bin/patchoat isa=x86_64 in-fd=5 (/system/framework/x86_64/wifi-service.odex) out-fd=6 (/data/dalvik-cache/x86_64/system@framework@wifi-service.jar@classes.dex)
12-14 05:07:52.506  2000  2000 W linker  : [vdso]: unused DT entry: type 0x6ffffef5 arg 0xec
12-14 05:07:52.506  2000  2000 E cutils-trace: Error opening trace file: Permission denied (13)
12-14 05:07:52.649  1978  1978 I InstallerConnection: disconnecting...
12-14 05:07:52.649  1710  1710 E installd: eof
12-14 05:07:52.649  1710  1710 E installd: failed to read size
12-14 05:07:52.649  1710  1710 I installd: closing connection
12-14 05:07:52.651  1978  1978 I SystemServer: Entered the Android system server!
12-14 05:07:52.781  1978  1978 V Fingerprint-JNI: FingerprintManager JNI ready.
12-14 05:07:52.781  1978  1978 D SensorService: nuSensorService starting...
12-14 05:07:52.793  1978  1978 D KbdSensor: open_kbd_sensor: id=poll
12-14 05:07:52.793  1978  1978 D KbdSensor: SensorFd: module=0x7f9d22d2d300 dev=0x7f9d24466680
12-14 05:07:52.891  1978  1978 I KbdSensor: Open AT Translated Set 2 keyboard ok, fd=19
12-14 05:07:52.891  1978  1978 D KbdSensor: SensorPollContext: dev=0x7f9d24466680 fd=19
12-14 05:07:52.891  1978  1978 D KbdSensor: poll_activate: dev=0x7f9d24466680 handle=0 enabled=0
12-14 05:07:52.891  1978  2004 D SensorService: nuSensorService thread starting...
12-14 05:07:52.891  1978  2003 D SensorService: new thread SensorEventAckReceiver
12-14 05:07:52.909  1978  1978 I SystemServiceManager: Starting com.android.server.pm.Installer
12-14 05:07:52.909  1978  1978 I Installer: Waiting for installd to be ready.
12-14 05:07:52.909  1978  1978 I InstallerConnection: connecting...
12-14 05:07:52.909  1710  1710 I installd: new connection
12-14 05:07:52.909  1978  1978 I SystemServiceManager: Starting com.android.server.am.ActivityManagerService$Lifecycle
12-14 05:07:52.912  1978  1978 I ActivityManager: Memory class: 192
12-14 05:07:52.915  1978  1978 I AppOps  : No existing app ops /data/system/appops.xml; starting empty
12-14 05:07:52.920  1978  1978 I IntentFirewall: Read new rules (A:0 B:0 S:0)
12-14 05:07:52.944  1978  1978 D AppOps  : AppOpsService published
12-14 05:07:52.944  1978  1978 I SystemServiceManager: Starting com.android.server.power.PowerManagerService
12-14 05:07:52.945  1978  1978 I libsuspend: Selected early suspend
12-14 05:07:52.945  1978  1978 E libsuspend: Error accessing /sys/power/wait_for_fb_sleep: No such file or directory
12-14 05:07:52.946  1978  1978 I SystemServiceManager: Starting com.android.server.display.DisplayManagerService
12-14 05:07:52.946  1978  2014 E BatteryStatsService: Failed to open /sys/kernel/wakeup_reasons/last_resume_reason
12-14 05:07:52.947  1978  1978 I SystemServiceManager: Starting phase 100
12-14 05:07:52.954  1978  2011 I DisplayManagerService: Display device added: DisplayDeviceInfo{"Built-in Screen": uniqueId="local:0", 1920 x 1080, 60.000004 fps, supportedRefreshRates [60.000004], density 240, 128.0 x 130.0 dpi, appVsyncOff 0, presDeadline 17666666, touch INTERNAL, rotation 0, type BUILT_IN, state UNKNOWN, FLAG_DEFAULT_DISPLAY, FLAG_ROTATES_WITH_CONTENT, FLAG_SECURE, FLAG_SUPPORTS_PROTECTED_BUFFERS}
12-14 05:07:52.954  1978  1978 I SystemServer: Package Manager
12-14 05:07:52.955  1978  1978 W SELinuxMMAC: Error opening /data/system/seapp_hash. Assuming first boot.
12-14 05:07:52.956  1978  1978 W FileUtils: Failed to chmod(/data/system/packages.list): android.system.ErrnoException: chmod failed: ENOENT (No such file or directory)
12-14 05:07:52.956  1978  1978 W SystemConfig: No directory /system/etc/sysconfig, skipping
12-14 05:07:53.024  1978  1978 D SELinuxMMAC: Using policy file /system/etc/security/mac_permissions.xml
12-14 05:07:53.033  1978  1978 I PackageManager: No settings file; creating initial state
12-14 05:07:53.058  1978  1978 I art     : DexFile_isDexOptNeeded file /system/framework/x86_64/com.android.location.provider.odex needs to be relocated for /system/framework/com.android.location.provider.jar
12-14 05:07:53.058  2016  2016 E installd: Running /system/bin/patchoat isa=x86_64 in-fd=5 (/system/framework/x86_64/com.android.location.provider.odex) out-fd=6 (/data/dalvik-cache/x86_64/system@framework@com.android.location.provider.jar@classes.dex)
12-14 05:07:53.061  2016  2016 W linker  : [vdso]: unused DT entry: type 0x6ffffef5 arg 0xec
12-14 05:07:53.061  2016  2016 E cutils-trace: Error opening trace file: Permission denied (13)
12-14 05:07:53.096  1978  1978 I art     : DexFile_isDexOptNeeded file /system/framework/x86_64/com.android.future.usb.accessory.odex needs to be relocated for /system/framework/com.android.future.usb.accessory.jar
12-14 05:07:53.096  2017  2017 E installd: Running /system/bin/patchoat isa=x86_64 in-fd=5 (/system/framework/x86_64/com.android.future.usb.accessory.odex) out-fd=6 (/data/dalvik-cache/x86_64/system@framework@com.android.future.usb.accessory.jar@classes.dex)
12-14 05:07:53.099  2017  2017 W linker  : [vdso]: unused DT entry: type 0x6ffffef5 arg 0xec
12-14 05:07:53.100  2017  2017 E cutils-trace: Error opening trace file: Permission denied (13)
12-14 05:07:53.139  1978  1978 I art     : DexFile_isDexOptNeeded file /system/framework/x86_64/javax.obex.odex needs to be relocated for /system/framework/javax.obex.jar
12-14 05:07:53.140  2018  2018 E installd: Running /system/bin/patchoat isa=x86_64 in-fd=5 (/system/framework/x86_64/javax.obex.odex) out-fd=6 (/data/dalvik-cache/x86_64/system@framework@javax.obex.jar@classes.dex)
12-14 05:07:53.142  2018  2018 W linker  : [vdso]: unused DT entry: type 0x6ffffef5 arg 0xec
12-14 05:07:53.143  2018  2018 E cutils-trace: Error opening trace file: Permission denied (13)
12-14 05:07:53.198  1978  1978 I art     : DexFile_isDexOptNeeded file /system/framework/x86_64/android.test.runner.odex needs to be relocated for /system/framework/android.test.runner.jar
12-14 05:07:53.199  2019  2019 E installd: Running /system/bin/patchoat isa=x86_64 in-fd=5 (/system/framework/x86_64/android.test.runner.odex) out-fd=6 (/data/dalvik-cache/x86_64/system@framework@android.test.runner.jar@classes.dex)
12-14 05:07:53.201  2019  2019 W linker  : [vdso]: unused DT entry: type 0x6ffffef5 arg 0xec
12-14 05:07:53.202  2019  2019 E cutils-trace: Error opening trace file: Permission denied (13)
12-14 05:07:53.264  1978  1978 I art     : DexFile_isDexOptNeeded file /system/framework/x86_64/com.android.media.remotedisplay.odex needs to be relocated for /system/framework/com.android.media.remotedisplay.jar
12-14 05:07:53.264  2020  2020 E installd: Running /system/bin/patchoat isa=x86_64 in-fd=5 (/system/framework/x86_64/com.android.media.remotedisplay.odex) out-fd=6 (/data/dalvik-cache/x86_64/system@framework@com.android.media.remotedisplay.jar@classes.dex)
12-14 05:07:53.267  2020  2020 W linker  : [vdso]: unused DT entry: type 0x6ffffef5 arg 0xec
12-14 05:07:53.267  2020  2020 E cutils-trace: Error opening trace file: Permission denied (13)
12-14 05:07:53.283  1978  1978 I art     : DexFile_isDexOptNeeded file /system/framework/x86_64/com.android.mediadrm.signer.odex needs to be relocated for /system/framework/com.android.mediadrm.signer.jar
12-14 05:07:53.283  2021  2021 E installd: Running /system/bin/patchoat isa=x86_64 in-fd=5 (/system/framework/x86_64/com.android.mediadrm.signer.odex) out-fd=6 (/data/dalvik-cache/x86_64/system@framework@com.android.mediadrm.signer.jar@classes.dex)
12-14 05:07:53.286  2021  2021 W linker  : [vdso]: unused DT entry: type 0x6ffffef5 arg 0xec
12-14 05:07:53.286  2021  2021 E cutils-trace: Error opening trace file: Permission denied (13)
12-14 05:07:53.313  1978  1978 I art     : DexFile_isDexOptNeeded file /system/framework/x86/com.android.location.provider.odex needs to be relocated for /system/framework/com.android.location.provider.jar
12-14 05:07:53.313  2022  2022 E installd: Running /system/bin/patchoat isa=x86 in-fd=5 (/system/framework/x86/com.android.location.provider.odex) out-fd=6 (/data/dalvik-cache/x86/system@framework@com.android.location.provider.jar@classes.dex)
12-14 05:07:53.316  2022  2022 W linker  : [vdso]: unused DT entry: type 0x6ffffef5 arg 0xec
12-14 05:07:53.316  2022  2022 E cutils-trace: Error opening trace file: Permission denied (13)
12-14 05:07:53.343  1978  1978 I art     : DexFile_isDexOptNeeded file /system/framework/x86/com.android.future.usb.accessory.odex needs to be relocated for /system/framework/com.android.future.usb.accessory.jar
12-14 05:07:53.343  2023  2023 E installd: Running /system/bin/patchoat isa=x86 in-fd=5 (/system/framework/x86/com.android.future.usb.accessory.odex) out-fd=6 (/data/dalvik-cache/x86/system@framework@com.android.future.usb.accessory.jar@classes.dex)
12-14 05:07:53.346  2023  2023 W linker  : [vdso]: unused DT entry: type 0x6ffffef5 arg 0xec
12-14 05:07:53.346  2023  2023 E cutils-trace: Error opening trace file: Permission denied (13)
12-14 05:07:53.395  1978  1978 I art     : DexFile_isDexOptNeeded file /system/framework/x86/javax.obex.odex needs to be relocated for /system/framework/javax.obex.jar
12-14 05:07:53.395  2024  2024 E installd: Running /system/bin/patchoat isa=x86 in-fd=5 (/system/framework/x86/javax.obex.odex) out-fd=6 (/data/dalvik-cache/x86/system@framework@javax.obex.jar@classes.dex)
12-14 05:07:53.398  2024  2024 W linker  : [vdso]: unused DT entry: type 0x6ffffef5 arg 0xec
12-14 05:07:53.398  2024  2024 E cutils-trace: Error opening trace file: Permission denied (13)
12-14 05:07:53.450  1978  1978 I art     : DexFile_isDexOptNeeded file /system/framework/x86/android.test.runner.odex needs to be relocated for /system/framework/android.test.runner.jar
