12-15 16:13:56.693  2075  2096 I ActivityManager: Process com.tencent.mobileqq (pid 3638) has died
12-15 16:13:56.831  2075  3809 D NetworkMonitor/NetworkAgentInfo [WIFI () - 100]: EvaluatingState{ when=-5ms what=532486 arg1=3 target=com.android.internal.util.StateMachine$SmHandler }
12-15 16:13:56.831  2075  3809 D NetworkMonitor/NetworkAgentInfo [WIFI () - 100]: Checking http://connectivitycheck.android.com/generate_204 on "OS-4308A"
12-15 16:13:56.992  4125  4125 I dex2oat : /system/bin/dex2oat --runtime-arg -classpath --runtime-arg  --instruction-set=x86_64 --instruction-set-features=default --runtime-arg -Xrelocate --boot-image=/system/framework/boot.art --dex-file=/data/data/com.google.android.gms/app_fb/f.apk --oat-fd=22 --oat-location=/data/data/com.google.android.gms/app_fb/f.dex --runtime-arg -Xms64m --runtime-arg -Xmx512m
12-15 16:13:56.999  4125  4125 I dex2oat : dex2oat took 7.080ms (threads: 8) arena alloc=239KB java alloc=19KB native alloc=2MB free=5MB
12-15 16:13:57.001  3927  3948 I GRALLOC-DRM: create intel for driver i915
12-15 16:13:57.001  3927  3948 I EGL-DRI2: DRI2: found extension DRI_Core version 1
12-15 16:13:57.001  3927  3948 I EGL-DRI2: DRI2: found extension DRI_DRI2 version 4
12-15 16:13:57.004  3927  3948 I EGL-DRI2: DRI2: found extension DRI_TexBuffer version 3
12-15 16:13:57.004  3927  3948 I EGL-DRI2: DRI2: found extension DRI2_Flush version 4
12-15 16:13:57.004  3927  3948 I EGL-DRI2: DRI2: found extension DRI_IMAGE version 11
12-15 16:13:57.025  2621  3856 I CheckinRequestBuilder: Classify the device as Tablet.
12-15 16:13:57.027  2621  3856 I EventLogService: Opted in for usage reporting
12-15 16:13:57.382  2209  2209 W ResourceType: No package identifier when getting value for resource number 0x00000000
12-15 16:13:57.382  2209  2209 W PackageManager: Failure retrieving resources for com.tencent.mobileqq: Resource ID #0x0
--------- beginning of crash
12-15 16:14:00.724  1795  1795 F libc    : Fatal signal 11 (SIGSEGV), code 1, fault addr 0x3ad43f190 in tid 1795 (surfaceflinger)
12-15 16:14:00.824  1801  1801 I DEBUG   : *** *** *** *** *** *** *** *** *** *** *** *** *** *** *** ***
12-15 16:14:00.825  1801  1801 I DEBUG   : Build fingerprint: 'Android-x86/android_x86_64/x86_64:5.1.1/LMY48W/cwhuang10070310:userdebug/test-keys'
12-15 16:14:00.825  1801  1801 I DEBUG   : Revision: '0'
12-15 16:14:00.825  1801  1801 I DEBUG   : ABI: 'x86_64'
12-15 16:14:00.825  1801  1801 I DEBUG   : pid: 1795, tid: 1795, name: surfaceflinger  >>> /system/bin/surfaceflinger <<<
12-15 16:14:00.825  1801  1801 I DEBUG   : signal 11 (SIGSEGV), code 1 (SEGV_MAPERR), fault addr 0x3ad43f190
12-15 16:14:00.825  2075  2163 W NativeCrashListener: Couldn't find ProcessRecord for pid 1795
12-15 16:14:00.828  1801  1801 I DEBUG   :     rax 0000000000000703  rbx 00007f0ead43fcc0  rcx a1df99f3e9011d79  rdx a1df99f3e9011d79
12-15 16:14:00.828  1801  1801 E DEBUG   : AM write failure (32 / Broken pipe)
12-15 16:14:00.828  1801  1801 I DEBUG   :     rsi 00007f0ead43fcc0  rdi 00000003ad43f180
12-15 16:14:00.828  1801  1801 I DEBUG   :     r8  0000000000000000  r9  0000000000000050  r10 0000000000000000  r11 0000000000000246
12-15 16:14:00.828  1801  1801 I DEBUG   :     r12 00007f0eaf2f0cd8  r13 00007f0eaf2f1924  r14 00007f0ead43fd80  r15 00000000ffffffff
12-15 16:14:00.828  1801  1801 I DEBUG   :     cs  0000000000000033  ss  000000000000002b
12-15 16:14:00.828  1801  1801 I DEBUG   :     rip 00007f0eaeae3112  rbp 0000000000000703  rsp 00007fffa17aed30  eflags 0000000000010202
12-15 16:14:00.828  1801  1801 I DEBUG   : 
12-15 16:14:00.828  1801  1801 I DEBUG   : backtrace:
12-15 16:14:00.828  1801  1801 I DEBUG   :     #00 pc 0000000000003112  /system/lib64/libgralloc_drm.so (gralloc_drm_handle_unregister+98)
12-15 16:14:00.828  1801  1801 I DEBUG   :     #01 pc 000000000000acb6  /system/lib64/libui.so (android::GraphicBufferMapper::unregisterBuffer(native_handle const*)+38)
12-15 16:14:00.828  1801  1801 I DEBUG   :     #02 pc 000000000000930f  /system/lib64/libui.so (android::GraphicBuffer::free_handle()+143)
12-15 16:14:00.828  1801  1801 I DEBUG   :     #03 pc 000000000000936d  /system/lib64/libui.so (android::GraphicBuffer::~GraphicBuffer()+29)
12-15 16:14:00.828  1801  1801 I DEBUG   :     #04 pc 00000000000093a8  /system/lib64/libui.so (android::GraphicBuffer::~GraphicBuffer()+8)
12-15 16:14:00.828  1801  1801 I DEBUG   :     #05 pc 0000000000015261  /system/lib64/libutils.so (android::RefBase::decStrong(void const*) const+129)
12-15 16:14:00.828  1801  1801 I DEBUG   :     #06 pc 000000000005f8e7  /system/lib64/libgui.so (android::Surface::freeAllBuffers()+39)
12-15 16:14:00.828  1801  1801 I DEBUG   :     #07 pc 0000000000060130  /system/lib64/libgui.so (android::Surface::dispatchDisconnect(__va_list_tag*)+96)
12-15 16:14:00.828  1801  1801 I DEBUG   :     #08 pc 00000000000604c1  /system/lib64/libgui.so (android::Surface::hook_perform(ANativeWindow*, int, ...)+305)
12-15 16:14:00.828  1801  1801 I DEBUG   :     #09 pc 00000000000345f1  /system/lib64/libsurfaceflinger.so
12-15 16:14:00.828  1801  1801 I DEBUG   :     #10 pc 00000000000364a1  /system/lib64/libsurfaceflinger.so
12-15 16:14:00.828  1801  1801 I DEBUG   :     #11 pc 0000000000028d5c  /system/lib64/libsurfaceflinger.so
12-15 16:14:00.828  1801  1801 I DEBUG   :     #12 pc 000000000001c6ee  /system/lib64/libutils.so (android::Looper::pollInner(int)+334)
12-15 16:14:00.828  1801  1801 I DEBUG   :     #13 pc 000000000001ca0d  /system/lib64/libutils.so (android::Looper::pollOnce(int, int*, int*, void**)+61)
12-15 16:14:00.828  1801  1801 I DEBUG   :     #14 pc 0000000000029321  /system/lib64/libsurfaceflinger.so
12-15 16:14:00.828  1801  1801 I DEBUG   :     #15 pc 000000000002c8b7  /system/lib64/libsurfaceflinger.so (android::SurfaceFlinger::run()+23)
12-15 16:14:00.828  1801  1801 I DEBUG   :     #16 pc 0000000000001066  /system/bin/surfaceflinger
12-15 16:14:00.828  1801  1801 I DEBUG   :     #17 pc 000000000001a6bc  /system/lib64/libc.so (__libc_init+92)
12-15 16:14:00.828  1801  1801 I DEBUG   :     #18 pc 0000000000001151  /system/bin/surfaceflinger
12-15 16:14:00.828  1801  1801 I DEBUG   :     #19 pc 0000000000000000  <unknown>
12-15 16:14:00.849  1801  1801 I DEBUG   : 
12-15 16:14:00.849  1801  1801 I DEBUG   : Tombstone written to: /data/tombstones/tombstone_04
12-15 16:14:00.849  2075  2101 I BootReceiver: Copying /data/tombstones/tombstone_04 to DropBox (SYSTEM_TOMBSTONE)
12-15 16:14:00.850  1793  1793 I ServiceManager: service 'SurfaceFlinger' died
12-15 16:14:00.850  2428  4124 W SurfaceComposerClient: ComposerService remote (surfaceflinger) died [0x7f145891f920]
12-15 16:14:00.850  2209  4061 W SurfaceComposerClient: ComposerService remote (surfaceflinger) died [0x7f1458ad77e0]
12-15 16:14:00.850  2075  2075 V ActivityManager: Display changed displayId=0
12-15 16:14:00.850  2075  2103 I ActivityManager: Config changes=480 {1.0 ?mcc?mnc zh_CN ?layoutDir sw720dp w1280dp h646dp 240dpi lrg long land -touch qwerty/v/v -nav/h s.7}
12-15 16:14:00.850  2075  4062 W SurfaceComposerClient: ComposerService remote (surfaceflinger) died [0x7f1451857880]
12-15 16:14:00.850  2075  2118 I InputReader: Reconfiguring input devices.  changes=0x00000004
12-15 16:14:00.850  2075  2118 I InputReader: Device reconfigured: id=6, name='ETPS/2 Elantech Touchpad', size 1920x1080, orientation 0, mode 4, display id 0
12-15 16:14:00.851  2075  2103 I ServiceManager: Waiting for service SurfaceFlinger...
12-15 16:14:01.113  2075  2124 E OpenGLRenderer: Display event receiver pipe was closed or an error occurred.  events=0x9
12-15 16:14:01.113  2075  2107 E DisplayEventReceiver: Display event receiver pipe was closed or an error occurred.  events=0x9
12-15 16:14:01.113  2075  2105 E DisplayEventReceiver: Display event receiver pipe was closed or an error occurred.  events=0x9
12-15 16:14:01.113  2428  2531 E OpenGLRenderer: Display event receiver pipe was closed or an error occurred.  events=0x9
12-15 16:14:01.113  2209  2620 E OpenGLRenderer: Display event receiver pipe was closed or an error occurred.  events=0x9
12-15 16:14:01.113  2075  2105 E DisplayEventReceiver: Display event receiver pipe was closed or an error occurred.  events=0x9
12-15 16:14:01.121  4159  4159 I Netd    : Netd 1.0 starting
12-15 16:14:01.121  4159  4159 E Netd    : Failed to open /proc/sys/net/ipv6/conf/default/accept_ra_rt_table: No such file or directory
12-15 16:14:01.121  4159  4159 E Netd    : Failed to open /proc/sys/net/ipv6/conf/eth0/accept_ra_rt_table: No such file or directory
12-15 16:14:01.121  4159  4159 E Netd    : Failed to open /proc/sys/net/ipv6/conf/ip6tnl0/accept_ra_rt_table: No such file or directory
12-15 16:14:01.121  4159  4159 E Netd    : Failed to open /proc/sys/net/ipv6/conf/lo/accept_ra_rt_table: No such file or directory
12-15 16:14:01.121  4159  4159 E Netd    : Failed to open /proc/sys/net/ipv6/conf/sit0/accept_ra_rt_table: No such file or directory
12-15 16:14:01.121  4159  4159 E Netd    : Failed to open /proc/sys/net/ipv6/conf/wlan0/accept_ra_rt_table: No such file or directory
12-15 16:14:01.132  4157  4157 I SurfaceFlinger: SurfaceFlinger is starting
12-15 16:14:01.132  4157  4157 I SurfaceFlinger: SurfaceFlinger's main thread ready to run. Initializing graphics H/W...
12-15 16:14:01.133  4157  4157 D libEGL  : loaded /system/lib64/egl/libGLES_mesa.so
12-15 16:14:01.133  1793  1793 I ServiceManager: service 'media.audio_flinger' died
12-15 16:14:01.133  1793  1793 I ServiceManager: service 'media.player' died
12-15 16:14:01.133  1793  1793 I ServiceManager: service 'media.audio_policy' died
12-15 16:14:01.133  1793  1793 I ServiceManager: service 'media.camera' died
12-15 16:14:01.133  1793  1793 I ServiceManager: service 'media.sound_trigger_hw' died
12-15 16:14:01.140  4157  4157 I GRALLOC-DRM: create intel for driver i915
12-15 16:14:01.140  4157  4157 I EGL-DRI2: DRI2: found extension DRI_Core version 1
12-15 16:14:01.140  4157  4157 I EGL-DRI2: DRI2: found extension DRI_DRI2 version 4
12-15 16:14:01.144  4157  4157 I EGL-DRI2: DRI2: found extension DRI_TexBuffer version 3
12-15 16:14:01.144  4157  4157 I EGL-DRI2: DRI2: found extension DRI2_Flush version 4
12-15 16:14:01.144  4157  4157 I EGL-DRI2: DRI2: found extension DRI_IMAGE version 11
12-15 16:14:01.144  4157  4157 D GRALLOC-KMS: supported drm planes and formats
12-15 16:14:01.144  4157  4157 D GRALLOC-KMS: plane id 21
12-15 16:14:01.144  4157  4157 D GRALLOC-KMS:     format XB24
12-15 16:14:01.144  4157  4157 D GRALLOC-KMS:     format XR24
12-15 16:14:01.144  4157  4157 D GRALLOC-KMS:     format YUYV
12-15 16:14:01.144  4157  4157 D GRALLOC-KMS:     format YVYU
12-15 16:14:01.144  4157  4157 D GRALLOC-KMS:     format UYVY
12-15 16:14:01.144  4157  4157 D GRALLOC-KMS:     format VYUY
12-15 16:14:01.144  4157  4157 D GRALLOC-KMS: plane id 25
12-15 16:14:01.144  4157  4157 D GRALLOC-KMS:     format XB24
12-15 16:14:01.144  4157  4157 D GRALLOC-KMS:     format XR24
12-15 16:14:01.144  4157  4157 D GRALLOC-KMS:     format YUYV
12-15 16:14:01.144  4157  4157 D GRALLOC-KMS:     format YVYU
12-15 16:14:01.144  4157  4157 D GRALLOC-KMS:     format UYVY
12-15 16:14:01.144  4157  4157 D GRALLOC-KMS:     format VYUY
12-15 16:14:01.144  4157  4157 D GRALLOC-KMS: plane id 29
12-15 16:14:01.144  4157  4157 D GRALLOC-KMS:     format XB24
12-15 16:14:01.144  4157  4157 D GRALLOC-KMS:     format XR24
12-15 16:14:01.144  4157  4157 D GRALLOC-KMS:     format YUYV
12-15 16:14:01.144  4157  4157 D GRALLOC-KMS:     format YVYU
12-15 16:14:01.144  4157  4157 D GRALLOC-KMS:     format UYVY
12-15 16:14:01.144  4157  4157 D GRALLOC-KMS:     format VYUY
12-15 16:14:01.150  4158  4158 D AndroidRuntime: >>>>>> START com.android.internal.os.ZygoteInit uid 0 <<<<<<
12-15 16:14:01.150  4158  4158 D AndroidRuntime: CheckJNI is OFF
12-15 16:14:01.150  4158  4158 I art     : option[0]=-Xzygote
12-15 16:14:01.150  4158  4158 I art     : option[1]=-Xstacktracefile:/data/anr/traces.txt
12-15 16:14:01.150  4158  4158 I art     : option[2]=exit
12-15 16:14:01.150  4158  4158 I art     : option[3]=vfprintf
12-15 16:14:01.150  4158  4158 I art     : option[4]=sensitiveThread
12-15 16:14:01.150  4158  4158 I art     : option[5]=-verbose:gc
12-15 16:14:01.150  4158  4158 I art     : option[6]=-Xms16m
12-15 16:14:01.150  4158  4158 I art     : option[7]=-Xmx512m
12-15 16:14:01.150  4158  4158 I art     : option[8]=-XX:mainThreadStackSize=24K
12-15 16:14:01.150  4158  4158 I art     : option[9]=-XX:HeapGrowthLimit=192m
12-15 16:14:01.150  4158  4158 I art     : option[10]=-XX:HeapMinFree=512k
12-15 16:14:01.150  4158  4158 I art     : option[11]=-XX:HeapMaxFree=8m
12-15 16:14:01.150  4158  4158 I art     : option[12]=-XX:HeapTargetUtilization=0.75
12-15 16:14:01.150  4158  4158 I art     : option[13]=-Xgenregmap
12-15 16:14:01.150  4158  4158 I art     : option[14]=-Xgc:precise
12-15 16:14:01.150  4158  4158 I art     : option[15]=-agentlib:jdwp=transport=dt_android_adb,suspend=n,server=y
12-15 16:14:01.150  4158  4158 I art     : option[16]=-Xlockprofthreshold:500
12-15 16:14:01.150  4158  4158 I art     : option[17]=-Ximage-compiler-option
12-15 16:14:01.150  4158  4158 I art     : option[18]=--runtime-arg
12-15 16:14:01.150  4158  4158 I art     : option[19]=-Ximage-compiler-option
12-15 16:14:01.150  4158  4158 I art     : option[20]=-Xms64m
12-15 16:14:01.150  4158  4158 I art     : option[21]=-Ximage-compiler-option
12-15 16:14:01.150  4158  4158 I art     : option[22]=--runtime-arg
12-15 16:14:01.150  4158  4158 I art     : option[23]=-Ximage-compiler-option
12-15 16:14:01.150  4158  4158 I art     : option[24]=-Xmx64m
12-15 16:14:01.150  4158  4158 I art     : option[25]=-Ximage-compiler-option
12-15 16:14:01.150  4158  4158 I art     : option[26]=--image-classes=/system/etc/preloaded-classes
12-15 16:14:01.150  4158  4158 I art     : option[27]=-Xcompiler-option
12-15 16:14:01.150  4158  4158 I art     : option[28]=--runtime-arg
12-15 16:14:01.150  4158  4158 I art     : option[29]=-Xcompiler-option
12-15 16:14:01.150  4158  4158 I art     : option[30]=-Xms64m
12-15 16:14:01.150  4158  4158 I art     : option[31]=-Xcompiler-option
12-15 16:14:01.150  4158  4158 I art     : option[32]=--runtime-arg
12-15 16:14:01.150  4158  4158 I art     : option[33]=-Xcompiler-option
12-15 16:14:01.150  4158  4158 I art     : option[34]=-Xmx512m
12-15 16:14:01.150  4158  4158 I art     : option[35]=-Duser.language=zh
12-15 16:14:01.150  4158  4158 I art     : option[36]=-Duser.region=CN
12-15 16:14:01.150  4158  4158 I art     : option[37]=-XX:NativeBridge=libnb.so
12-15 16:14:01.152  4163  4163 I mediaserver: ServiceManager: 0xf58356a0
12-15 16:14:01.152  4163  4163 I AudioFlinger: Using default 3000 mSec as standby time.
12-15 16:14:01.152  4163  4163 I CameraService: CameraService started (pid=4163)
12-15 16:14:01.152  4163  4163 D Camera_Factory: CameraFactory::CameraFactory
12-15 16:14:01.152  4163  4163 D Camera_Factory: CameraFactory::parseConfig: configFile = /etc/camera.cfg
12-15 16:14:01.152  4163  4163 D Camera_Factory: /etc/camera.cfg not found, using camera configuration defaults
12-15 16:14:01.152  4163  4163 I CameraService: Loaded "Camera Module" camera module
12-15 16:14:01.152  4163  4163 D Camera_Factory: CameraFactory::get_number_of_cameras
12-15 16:14:01.152  4163  4163 D Camera_Factory: CameraFactory::getCameraNum: 0
12-15 16:14:01.152  4163  4163 I AudioPolicyService: AudioPolicyService CSTOR in new mode
12-15 16:14:01.152  4163  4163 I AudioPolicyManager: loadAudioPolicyConfig() loaded /system/etc/audio_policy.conf
12-15 16:14:01.152  4163  4163 E audio_hw_primary: Failed to open /system/etc/mixer_paths.xml
12-15 16:14:01.152  4163  4163 I AudioFlinger: loadHwModule() Loaded primary audio interface from Grouper audio HW HAL (audio) handle 1
12-15 16:14:01.152  4163  4163 I AudioFlinger: HAL output buffer size 512 frames, normal sink buffer size 1024 frames
12-15 16:14:01.153  4163  4163 I AudioMixer: found effect "Multichannel Downmix To Stereo" from The Android Open Source Project
12-15 16:14:01.153  4163  4163 E MonoPipe: Failed to fetch local time frequency when constructing a MonoPipe (res = -32).  getNextWriteTimestamp calls will be non-functional
12-15 16:14:01.153  4163  4163 W AudioFlinger: Policy SCHED_FIFO priority 3 is unavailable for pid 4163 tid 4206; error -2147483646
12-15 16:14:01.153  4163  4163 I AudioFlinger: Using module 1 has the primary audio interface
12-15 16:14:01.153  4163  4207 I AudioFlinger: AudioFlinger's thread 0xf58bd000 ready to run
12-15 16:14:01.153  4163  4207 E AudioFlinger: no wake lock to update!
12-15 16:14:01.153  4163  4209 I AudioFlinger: AudioFlinger's thread 0xf594f000 ready to run
12-15 16:14:01.153  4163  4163 D BlueZ   : external/bluetooth/bluez/android/hal-audio.c:audio_open() 
12-15 16:14:01.153  4163  4163 D BlueZ   : external/bluetooth/bluez/android/hal-audio.c:audio_ipc_init() 
12-15 16:14:01.153  4163  4210 D BlueZ   : external/bluetooth/bluez/android/hal-audio.c:ipc_handler() 
12-15 16:14:01.153  4163  4210 D BlueZ   : external/bluetooth/bluez/android/hal-audio.c:ipc_handler() Waiting for connection ...
12-15 16:14:01.153  4163  4163 E BlueZ   : APTX: failed to open library libbt-aptx.so (dlopen failed: library "libbt-aptx.so" not found)
12-15 16:14:01.153  4163  4163 D BlueZ   : external/bluetooth/bluez/android/hal-audio.c:audio_init_check() 
12-15 16:14:01.153  4163  4163 D BlueZ   : external/bluetooth/bluez/android/hal-audio.c:audio_set_master_volume() 
12-15 16:14:01.153  4163  4163 D BlueZ   : external/bluetooth/bluez/android/hal-audio.c:set_master_mute() 
12-15 16:14:01.153  4163  4163 I AudioFlinger: loadHwModule() Loaded a2dp audio interface from A2DP Bluez HW HAL (audio) handle 4
12-15 16:14:01.153  4163  4163 I AudioFlinger: loadHwModule() Loaded usb audio interface from USB audio HW HAL (audio) handle 5
12-15 16:14:01.153  4163  4163 E SoundTriggerHwService: couldn't load sound trigger module sound_trigger.primary (No such file or directory)
12-15 16:14:01.173  4158  4158 E memtrack: Couldn't load memtrack module (No such file or directory)
12-15 16:14:01.173  4158  4158 E android.os.Debug: failed to load memtrack module: -2
12-15 16:14:01.174  4158  4158 I SamplingProfilerIntegration: Profiling disabled.
12-15 16:14:01.174  4158  4158 D Zygote  : begin preload
12-15 16:14:01.174  4158  4158 I Zygote  : Preloading classes...
12-15 16:14:01.175  4158  4158 I art     : Explicit concurrent mark sweep GC freed 797(36KB) AllocSpace objects, 0(0B) LOS objects, 95% free, 47KB/1071KB, paused 23us total 1.110ms
12-15 16:14:01.175  4158  4158 I art     : Counter: 1
12-15 16:14:01.177  4158  4158 I art     : Explicit concurrent mark sweep GC freed 553(33KB) AllocSpace objects, 0(0B) LOS objects, 93% free, 67KB/1091KB, paused 12us total 888us
12-15 16:14:01.182  4158  4158 I art     : Explicit concurrent mark sweep GC freed 645(41KB) AllocSpace objects, 0(0B) LOS objects, 93% free, 75KB/1099KB, paused 23us total 1.046ms
12-15 16:14:01.194  4158  4158 I art     : Explicit concurrent mark sweep GC freed 415(24KB) AllocSpace objects, 0(0B) LOS objects, 89% free, 115KB/1139KB, paused 27us total 922us
12-15 16:14:01.196  4158  4158 E Minikin : addFont failed to create font /system/fonts/NotoSansGujarati-Regular.ttf
12-15 16:14:01.196  4158  4158 E Minikin : addFont failed to create font /system/fonts/NotoSansGujarati-Bold.ttf
12-15 16:14:01.196  4158  4158 E Minikin : addFont failed to create font /system/fonts/NotoSansGujaratiUI-Regular.ttf
12-15 16:14:01.196  4158  4158 E Minikin : addFont failed to create font /system/fonts/NotoSansGujaratiUI-Bold.ttf
12-15 16:14:01.196  4158  4158 E Minikin : addFont failed to create font /system/fonts/NotoSansGurmukhi-Regular.ttf
12-15 16:14:01.196  4158  4158 E Minikin : addFont failed to create font /system/fonts/NotoSansGurmukhi-Bold.ttf
12-15 16:14:01.196  4158  4158 E Minikin : addFont failed to create font /system/fonts/NotoSansGurmukhiUI-Regular.ttf
12-15 16:14:01.196  4158  4158 E Minikin : addFont failed to create font /system/fonts/NotoSansGurmukhiUI-Bold.ttf
12-15 16:14:01.197  4158  4158 E Minikin : addFont failed to create font /system/fonts/NotoSansSinhala-Regular.ttf
12-15 16:14:01.197  4158  4158 E Minikin : addFont failed to create font /system/fonts/NotoSansSinhala-Bold.ttf
12-15 16:14:01.197  4158  4158 E Minikin : addFont failed to create font /system/fonts/NotoSansThaana-Regular.ttf
12-15 16:14:01.197  4158  4158 E Minikin : addFont failed to create font /system/fonts/NotoSansThaana-Bold.ttf
12-15 16:14:01.197  4158  4158 E Minikin : addFont failed to create font /system/fonts/NotoSansCham-Regular.ttf
12-15 16:14:01.197  4158  4158 E Minikin : addFont failed to create font /system/fonts/NotoSansCham-Bold.ttf
12-15 16:14:01.197  4158  4158 E Minikin : addFont failed to create font /system/fonts/NotoSansBalinese-Regular.ttf
12-15 16:14:01.197  4158  4158 E Minikin : addFont failed to create font /system/fonts/NotoSansBatak-Regular.ttf
12-15 16:14:01.197  4158  4158 E Minikin : addFont failed to create font /system/fonts/NotoSansBuginese-Regular.ttf
12-15 16:14:01.197  4158  4158 E Minikin : addFont failed to create font /system/fonts/NotoSansBuhid-Regular.ttf
12-15 16:14:01.197  4158  4158 E Minikin : addFont failed to create font /system/fonts/NotoSansCanadianAboriginal-Regular.ttf
12-15 16:14:01.197  4158  4158 E Minikin : addFont failed to create font /system/fonts/NotoSansCherokee-Regular.ttf
12-15 16:14:01.197  4158  4158 E Minikin : addFont failed to create font /system/fonts/NotoSansCoptic-Regular.ttf
12-15 16:14:01.197  4158  4158 E Minikin : addFont failed to create font /system/fonts/NotoSansGlagolitic-Regular.ttf
12-15 16:14:01.197  4158  4158 E Minikin : addFont failed to create font /system/fonts/NotoSansHanunoo-Regular.ttf
12-15 16:14:01.197  4158  4158 E Minikin : addFont failed to create font /system/fonts/NotoSansJavanese-Regular.ttf
12-15 16:14:01.197  4158  4158 E Minikin : addFont failed to create font /system/fonts/NotoSansKayahLi-Regular.ttf
12-15 16:14:01.197  4158  4158 E Minikin : addFont failed to create font /system/fonts/NotoSansLepcha-Regular.ttf
12-15 16:14:01.197  4158  4158 E Minikin : addFont failed to create font /system/fonts/NotoSansLimbu-Regular.ttf
12-15 16:14:01.197  4158  4158 E Minikin : addFont failed to create font /system/fonts/NotoSansMeeteiMayek-Regular.ttf
12-15 16:14:01.197  4158  4158 E Minikin : addFont failed to create font /system/fonts/NotoSansOlChiki-Regular.ttf
12-15 16:14:01.197  4158  4158 E Minikin : addFont failed to create font /system/fonts/NotoSansRejang-Regular.ttf
12-15 16:14:01.197  4158  4158 E Minikin : addFont failed to create font /system/fonts/NotoSansSaurashtra-Regular.ttf
12-15 16:14:01.197  4158  4158 E Minikin : addFont failed to create font /system/fonts/NotoSansSundanese-Regular.ttf
12-15 16:14:01.197  4158  4158 E Minikin : addFont failed to create font /system/fonts/NotoSansSylotiNagri-Regular.ttf
12-15 16:14:01.197  4158  4158 E Minikin : addFont failed to create font /system/fonts/NotoSansTagbanwa-Regular.ttf
12-15 16:14:01.197  4158  4158 E Minikin : addFont failed to create font /system/fonts/NotoSansTaiTham-Regular.ttf
12-15 16:14:01.197  4158  4158 E Minikin : addFont failed to create font /system/fonts/NotoSansTaiViet-Regular.ttf
12-15 16:14:01.197  4158  4158 E Minikin : addFont failed to create font /system/fonts/NotoSansTifinagh-Regular.ttf
12-15 16:14:01.197  4158  4158 E Minikin : addFont failed to create font /system/fonts/NotoSansYi-Regular.ttf
12-15 16:14:01.197  4158  4158 E Minikin : addFont failed to create font /system/fonts/Lohit-Odia.ttf
12-15 16:14:01.197  4158  4158 E Minikin : addFont failed to create font /system/fonts/NotoSansHans-Regular.otf
12-15 16:14:01.197  4158  4158 E Minikin : addFont failed to create font /system/fonts/NotoSansHant-Regular.otf
12-15 16:14:01.197  4158  4158 E Minikin : addFont failed to create font /system/fonts/NotoSansJP-Regular.otf
12-15 16:14:01.197  4158  4158 E Minikin : addFont failed to create font /system/fonts/NotoSansKR-Regular.otf
12-15 16:14:01.197  4158  4158 E Minikin : addFont failed to create font /system/fonts/NotoSansTaiLe-Regular.ttf
12-15 16:14:01.201  4158  4158 I art     : Explicit concurrent mark sweep GC freed 1808(129KB) AllocSpace objects, 0(0B) LOS objects, 89% free, 126KB/1150KB, paused 13us total 878us
12-15 16:14:01.203  4158  4158 I art     : Explicit concurrent mark sweep GC freed 1933(92KB) AllocSpace objects, 0(0B) LOS objects, 85% free, 170KB/1194KB, paused 13us total 1.159ms
12-15 16:14:01.205  4158  4158 I art     : Explicit concurrent mark sweep GC freed 1977(87KB) AllocSpace objects, 0(0B) LOS objects, 83% free, 207KB/1231KB, paused 13us total 1.118ms
12-15 16:14:01.207  4158  4158 I art     : Explicit concurrent mark sweep GC freed 371(19KB) AllocSpace objects, 0(0B) LOS objects, 80% free, 243KB/1267KB, paused 23us total 1.121ms
12-15 16:14:01.213  4158  4158 I art     : Thread[1,tid=4158,WaitingForJniOnLoad,Thread*=0x7f5fde495000,peer=0x12c31100,"main"] recursive attempt to load library "/system/lib64/libmedia_jni.so"
12-15 16:14:01.213  4158  4158 D MtpDeviceJNI: register_android_mtp_MtpDevice
12-15 16:14:01.213  4158  4158 I art     : Thread[1,tid=4158,WaitingForJniOnLoad,Thread*=0x7f5fde495000,peer=0x12c31100,"main"] recursive attempt to load library "/system/lib64/libmedia_jni.so"
12-15 16:14:01.213  4158  4158 I art     : Thread[1,tid=4158,WaitingForJniOnLoad,Thread*=0x7f5fde495000,peer=0x12c31100,"main"] recursive attempt to load library "/system/lib64/libmedia_jni.so"
12-15 16:14:01.216  4158  4158 I art     : Explicit concurrent mark sweep GC freed 641(36KB) AllocSpace objects, 0(0B) LOS objects, 80% free, 255KB/1279KB, paused 13us total 1.259ms
12-15 16:14:01.219  4158  4158 I art     : Explicit concurrent mark sweep GC freed 429(20KB) AllocSpace objects, 0(0B) LOS objects, 78% free, 283KB/1307KB, paused 12us total 1.211ms
12-15 16:14:01.220  4159  4159 V NatController: runCmd(/system/bin/iptables -F natctrl_FORWARD) res=0
12-15 16:14:01.221  4159  4159 V NatController: runCmd(/system/bin/iptables -A natctrl_FORWARD -j DROP) res=0
12-15 16:14:01.221  4159  4159 V NatController: runCmd(/system/bin/iptables -t nat -F natctrl_nat_POSTROUTING) res=0
12-15 16:14:01.222  4159  4159 V NatController: runCmd(/system/bin/iptables -F natctrl_tether_counters) res=0
12-15 16:14:01.222  4159  4159 V NatController: runCmd(/system/bin/iptables -X natctrl_tether_counters) res=0
12-15 16:14:01.222  4158  4158 I art     : Explicit concurrent mark sweep GC freed 543(30KB) AllocSpace objects, 0(0B) LOS objects, 76% free, 311KB/1335KB, paused 13us total 1.130ms
12-15 16:14:01.223  4159  4159 V NatController: runCmd(/system/bin/iptables -N natctrl_tether_counters) res=0
12-15 16:14:01.224  4159  4159 V NatController: runCmd(/system/bin/iptables -t mangle -A natctrl_mangle_FORWARD -p tcp --tcp-flags SYN SYN -j TCPMSS --clamp-mss-to-pmtu) res=0
12-15 16:14:01.228  4158  4158 I art     : Explicit concurrent mark sweep GC freed 1868(110KB) AllocSpace objects, 0(0B) LOS objects, 68% free, 476KB/1500KB, paused 14us total 1.174ms
12-15 16:14:01.228  4158  4158 E EmojiFactory_jni: Failed to load libemoji.so: dlopen failed: library "libemoji.so" not found
12-15 16:14:01.232  4158  4158 I art     : Explicit concurrent mark sweep GC freed 350(45KB) AllocSpace objects, 0(0B) LOS objects, 56% free, 775KB/1799KB, paused 15us total 1.573ms
12-15 16:14:01.235  4158  4158 I art     : Explicit concurrent mark sweep GC freed 438(30KB) AllocSpace objects, 0(0B) LOS objects, 56% free, 793KB/1817KB, paused 13us total 1.303ms
12-15 16:14:01.239  4158  4158 I art     : Explicit concurrent mark sweep GC freed 789(49KB) AllocSpace objects, 0(0B) LOS objects, 56% free, 795KB/1819KB, paused 13us total 1.305ms
12-15 16:14:01.245  4158  4158 I art     : Explicit concurrent mark sweep GC freed 956(105KB) AllocSpace objects, 0(0B) LOS objects, 54% free, 839KB/1863KB, paused 13us total 1.722ms
12-15 16:14:01.247  4158  4158 I art     : Explicit concurrent mark sweep GC freed 597(42KB) AllocSpace objects, 0(0B) LOS objects, 54% free, 846KB/1870KB, paused 13us total 1.348ms
12-15 16:14:01.251  4158  4158 I art     : Explicit concurrent mark sweep GC freed 265(20KB) AllocSpace objects, 0(0B) LOS objects, 53% free, 874KB/1898KB, paused 13us total 1.346ms
12-15 16:14:01.254  4159  4159 I iptables: iptables: Invalid argument. Run `dmesg' for more information.
12-15 16:14:01.254  4159  4159 I iptables: iptables terminated by exit(1)
12-15 16:14:01.254  4159  4159 E BandwidthController: runIptablesCmd(): res=1 status=256 failed /system/bin/iptables -A bw_INPUT -m owner --socket-exists
12-15 16:14:01.255  4159  4159 I ip6tables: ip6tables: Invalid argument. Run `dmesg' for more information.
12-15 16:14:01.255  4159  4159 I ip6tables: ip6tables terminated by exit(1)
12-15 16:14:01.255  4159  4159 E BandwidthController: runIptablesCmd(): res=1 status=256 failed /system/bin/ip6tables -A bw_INPUT -m owner --socket-exists
12-15 16:14:01.258  4158  4158 I art     : Explicit concurrent mark sweep GC freed 11(496B) AllocSpace objects, 0(0B) LOS objects, 44% free, 1253KB/2MB, paused 14us total 1.488ms
12-15 16:14:01.260  4158  4158 I art     : Explicit concurrent mark sweep GC freed 568(32KB) AllocSpace objects, 0(0B) LOS objects, 44% free, 1270KB/2MB, paused 14us total 1.499ms
12-15 16:14:01.262  4383  4383 E ProbeModule: insmod_by_dep: cannot load module: [net-pf-16-proto-5]
12-15 16:14:01.262  4159  4159 E Netd    : Unable to create netlink socket: Protocol not supported
12-15 16:14:01.262  4159  4159 E Netd    : Unable to open quota2 logging socket
12-15 16:14:01.262  4159  4159 D MDnsDS  : MDnsSdListener::Hander starting up
12-15 16:14:01.262  4159  4385 D MDnsDS  : MDnsSdListener starting to monitor
12-15 16:14:01.262  4159  4385 D MDnsDS  : Going to poll with pollCount 1
12-15 16:14:01.263  4158  4158 I art     : Explicit concurrent mark sweep GC freed 734(45KB) AllocSpace objects, 0(0B) LOS objects, 44% free, 1273KB/2MB, paused 14us total 1.597ms
12-15 16:14:01.269  4158  4158 I System  : Loaded time zone names for "" in 6ms (6ms in ICU)
12-15 16:14:01.273  4158  4158 I System  : Loaded time zone names for "en_US" in 4ms (3ms in ICU)
12-15 16:14:01.277  4158  4158 I System  : Loaded time zone names for "zh_CN" in 4ms (4ms in ICU)
12-15 16:14:01.279  4158  4158 I art     : Explicit concurrent mark sweep GC freed 4042(239KB) AllocSpace objects, 0(0B) LOS objects, 41% free, 1469KB/2MB, paused 16us total 1.674ms
12-15 16:14:01.281  4158  4158 I art     : Explicit concurrent mark sweep GC freed 136(12KB) AllocSpace objects, 0(0B) LOS objects, 40% free, 1534KB/2MB, paused 13us total 1.463ms
12-15 16:14:01.284  4158  4158 I art     : Explicit concurrent mark sweep GC freed 288(24KB) AllocSpace objects, 0(0B) LOS objects, 39% free, 1586KB/2MB, paused 13us total 1.593ms
12-15 16:14:01.286  4158  4158 I art     : Explicit concurrent mark sweep GC freed 679(47KB) AllocSpace objects, 0(0B) LOS objects, 39% free, 1587KB/2MB, paused 12us total 1.488ms
12-15 16:14:01.286  4158  4158 I Zygote  : ...preloaded 3005 classes in 112ms.
12-15 16:14:01.286  4158  4158 I art     : VMRuntime.preloadDexCaches starting
12-15 16:14:01.294  4158  4158 I art     : VMRuntime.preloadDexCaches strings total=214641 before=38996 after=38996
12-15 16:14:01.294  4158  4158 I art     : VMRuntime.preloadDexCaches types total=18345 before=6389 after=6425
12-15 16:14:01.294  4158  4158 I art     : VMRuntime.preloadDexCaches fields total=85569 before=32261 after=32595
12-15 16:14:01.294  4158  4158 I art     : VMRuntime.preloadDexCaches methods total=151780 before=66835 after=67736
12-15 16:14:01.294  4158  4158 I art     : VMRuntime.preloadDexCaches finished
12-15 16:14:01.294  4158  4158 I art     : Counter: 0
12-15 16:14:01.294  4158  4158 I art     : Counter: 1
12-15 16:14:01.297  4158  4158 I art     : Explicit concurrent mark sweep GC freed 61(15KB) AllocSpace objects, 0(0B) LOS objects, 40% free, 1573KB/2MB, paused 13us total 2.313ms
12-15 16:14:01.300  4389  4389 D idmap   : error: no read access to /vendor/overlay: No such file or directory
12-15 16:14:01.301  4158  4158 I Zygote  : Preloading resources...
12-15 16:14:01.303  4158  4158 I art     : Explicit concurrent mark sweep GC freed 86(3KB) AllocSpace objects, 0(0B) LOS objects, 40% free, 1622KB/2MB, paused 20us total 1.742ms
12-15 16:14:01.305  4158  4158 I art     : Explicit concurrent mark sweep GC freed 89(4KB) AllocSpace objects, 0(0B) LOS objects, 39% free, 1668KB/2MB, paused 13us total 1.432ms
12-15 16:14:01.307  4158  4158 I art     : Explicit concurrent mark sweep GC freed 115(5KB) AllocSpace objects, 0(0B) LOS objects, 39% free, 1712KB/2MB, paused 14us total 1.412ms
12-15 16:14:01.309  4158  4158 I art     : Explicit concurrent mark sweep GC freed 99(4KB) AllocSpace objects, 0(0B) LOS objects, 39% free, 1758KB/2MB, paused 15us total 1.391ms
12-15 16:14:01.311  4158  4158 I art     : Explicit concurrent mark sweep GC freed 94(4KB) AllocSpace objects, 0(0B) LOS objects, 39% free, 1803KB/2MB, paused 14us total 1.433ms
12-15 16:14:01.313  4158  4158 I art     : Explicit concurrent mark sweep GC freed 102(4KB) AllocSpace objects, 0(0B) LOS objects, 39% free, 1849KB/3MB, paused 14us total 1.467ms
12-15 16:14:01.316  4158  4158 I art     : Explicit concurrent mark sweep GC freed 112(5KB) AllocSpace objects, 0(0B) LOS objects, 39% free, 1894KB/3MB, paused 15us total 1.408ms
12-15 16:14:01.318  4158  4158 I art     : Explicit concurrent mark sweep GC freed 118(5KB) AllocSpace objects, 0(0B) LOS objects, 39% free, 1941KB/3MB, paused 14us total 1.415ms
12-15 16:14:01.320  4158  4158 I art     : Explicit concurrent mark sweep GC freed 108(5KB) AllocSpace objects, 0(0B) LOS objects, 39% free, 1990KB/3MB, paused 15us total 1.483ms
12-15 16:14:01.322  4158  4158 I art     : Explicit concurrent mark sweep GC freed 153(6KB) AllocSpace objects, 0(0B) LOS objects, 40% free, 2MB/3MB, paused 15us total 1.516ms
12-15 16:14:01.325  4158  4158 I art     : Explicit concurrent mark sweep GC freed 138(6KB) AllocSpace objects, 0(0B) LOS objects, 39% free, 2MB/3MB, paused 14us total 1.445ms
12-15 16:14:01.327  4158  4158 I art     : Explicit concurrent mark sweep GC freed 84(7KB) AllocSpace objects, 0(0B) LOS objects, 39% free, 2MB/3MB, paused 15us total 1.570ms
12-15 16:14:01.329  4158  4158 I art     : Explicit concurrent mark sweep GC freed 112(4KB) AllocSpace objects, 0(0B) LOS objects, 40% free, 2MB/3MB, paused 15us total 1.509ms
12-15 16:14:01.331  4158  4158 I art     : Explicit concurrent mark sweep GC freed 135(5KB) AllocSpace objects, 0(0B) LOS objects, 39% free, 2MB/3MB, paused 15us total 1.519ms
12-15 16:14:01.333  4158  4158 I art     : Explicit concurrent mark sweep GC freed 62(2752B) AllocSpace objects, 0(0B) LOS objects, 39% free, 2MB/3MB, paused 15us total 1.509ms
12-15 16:14:01.336  4158  4158 I art     : Explicit concurrent mark sweep GC freed 111(4KB) AllocSpace objects, 0(0B) LOS objects, 40% free, 2MB/4MB, paused 15us total 1.535ms
12-15 16:14:01.339  4158  4158 I art     : Explicit concurrent mark sweep GC freed 206(9KB) AllocSpace objects, 0(0B) LOS objects, 40% free, 2MB/4MB, paused 15us total 1.539ms
12-15 16:14:01.341  4158  4158 I art     : Explicit concurrent mark sweep GC freed 370(16KB) AllocSpace objects, 0(0B) LOS objects, 40% free, 2MB/4MB, paused 16us total 1.600ms
12-15 16:14:01.344  4158  4158 I art     : Explicit concurrent mark sweep GC freed 214(9KB) AllocSpace objects, 0(0B) LOS objects, 39% free, 2MB/4MB, paused 16us total 1.615ms
12-15 16:14:01.346  4158  4158 I art     : Explicit concurrent mark sweep GC freed 112(6KB) AllocSpace objects, 0(0B) LOS objects, 39% free, 2MB/4MB, paused 16us total 1.528ms
12-15 16:14:01.348  4158  4158 I art     : Explicit concurrent mark sweep GC freed 113(5KB) AllocSpace objects, 0(0B) LOS objects, 39% free, 2MB/4MB, paused 15us total 1.520ms
12-15 16:14:01.350  4158  4158 I art     : Explicit concurrent mark sweep GC freed 49(8KB) AllocSpace objects, 0(0B) LOS objects, 40% free, 2MB/4MB, paused 18us total 1.643ms
12-15 16:14:01.352  4158  4158 I art     : Explicit concurrent mark sweep GC freed 101(4KB) AllocSpace objects, 0(0B) LOS objects, 39% free, 2MB/4MB, paused 16us total 1.620ms
12-15 16:14:01.355  4158  4158 I art     : Explicit concurrent mark sweep GC freed 105(4KB) AllocSpace objects, 0(0B) LOS objects, 39% free, 2MB/4MB, paused 16us total 1.561ms
12-15 16:14:01.357  4158  4158 I art     : Explicit concurrent mark sweep GC freed 99(4KB) AllocSpace objects, 0(0B) LOS objects, 40% free, 2MB/4MB, paused 17us total 1.581ms
12-15 16:14:01.360  4158  4158 I art     : Explicit concurrent mark sweep GC freed 172(7KB) AllocSpace objects, 0(0B) LOS objects, 40% free, 3MB/5MB, paused 17us total 1.649ms
12-15 16:14:01.364  4158  4158 I art     : Explicit concurrent mark sweep GC freed 417(18KB) AllocSpace objects, 0(0B) LOS objects, 39% free, 3MB/5MB, paused 18us total 1.735ms
12-15 16:14:01.368  4158  4158 I art     : Explicit concurrent mark sweep GC freed 363(16KB) AllocSpace objects, 0(0B) LOS objects, 39% free, 3MB/5MB, paused 18us total 1.737ms
12-15 16:14:01.371  4158  4158 I art     : Explicit concurrent mark sweep GC freed 174(8KB) AllocSpace objects, 0(0B) LOS objects, 40% free, 3MB/5MB, paused 18us total 1.774ms
12-15 16:14:01.374  4158  4158 I art     : Explicit concurrent mark sweep GC freed 515(19KB) AllocSpace objects, 0(0B) LOS objects, 40% free, 3MB/5MB, paused 20us total 1.831ms
12-15 16:14:01.376  4158  4158 I art     : Explicit concurrent mark sweep GC freed 353(14KB) AllocSpace objects, 0(0B) LOS objects, 39% free, 3MB/5MB, paused 18us total 1.796ms
12-15 16:14:01.378  4158  4158 I art     : Explicit concurrent mark sweep GC freed 1153(40KB) AllocSpace objects, 0(0B) LOS objects, 39% free, 3MB/5MB, paused 17us total 1.680ms
12-15 16:14:01.381  4158  4158 I art     : Explicit concurrent mark sweep GC freed 1499(50KB) AllocSpace objects, 0(0B) LOS objects, 39% free, 3MB/5MB, paused 17us total 1.797ms
12-15 16:14:01.383  4158  4158 I art     : Explicit concurrent mark sweep GC freed 1381(49KB) AllocSpace objects, 0(0B) LOS objects, 39% free, 3MB/5MB, paused 18us total 1.784ms
12-15 16:14:01.387  4158  4158 I art     : Explicit concurrent mark sweep GC freed 1453(56KB) AllocSpace objects, 0(0B) LOS objects, 39% free, 3MB/6MB, paused 21us total 2.180ms
12-15 16:14:01.388  1792  1792 I lowmemorykiller: ActivityManager disconnected
12-15 16:14:01.388  1792  1792 I lowmemorykiller: Closing Activity Manager data connection
12-15 16:14:01.388  1805  1805 E installd: eof
12-15 16:14:01.388  1805  1805 E installd: failed to read size
12-15 16:14:01.388  1805  1805 I installd: closing connection
12-15 16:14:01.390  4158  4158 I art     : Explicit concurrent mark sweep GC freed 603(27KB) AllocSpace objects, 0(0B) LOS objects, 39% free, 3MB/6MB, paused 19us total 2.048ms
12-15 16:14:01.393  4158  4158 I art     : Explicit concurrent mark sweep GC freed 344(20KB) AllocSpace objects, 0(0B) LOS objects, 39% free, 3MB/6MB, paused 19us total 1.845ms
12-15 16:14:01.397  4158  4158 I art     : Explicit concurrent mark sweep GC freed 384(17KB) AllocSpace objects, 0(0B) LOS objects, 39% free, 3MB/6MB, paused 41us total 1.958ms
12-15 16:14:01.398  4158  4158 I Zygote  : ...preloaded 343 resources in 98ms.
12-15 16:14:01.400  1793  1793 I ServiceManager: service 'device_policy' died
12-15 16:14:01.400  4158  4158 I art     : Explicit concurrent mark sweep GC freed 639(39KB) AllocSpace objects, 0(0B) LOS objects, 39% free, 3MB/6MB, paused 21us total 1.945ms
12-15 16:14:01.400  4163  4163 W AudioFlinger: power manager service died !!!
12-15 16:14:01.400  1793  1793 I ServiceManager: service 'statusbar' died
12-15 16:14:01.400  1793  1793 I ServiceManager: service 'clipboard' died
12-15 16:14:01.400  1793  1793 I ServiceManager: service 'network_management' died
12-15 16:14:01.400  1793  1793 I ServiceManager: service 'textservices' died
12-15 16:14:01.400  1793  1793 I ServiceManager: service 'network_score' died
12-15 16:14:01.400  1793  1793 I ServiceManager: service 'netstats' died
12-15 16:14:01.400  1793  1793 I ServiceManager: service 'netpolicy' died
12-15 16:14:01.401  1793  1793 I ServiceManager: service 'notification' died
12-15 16:14:01.401  1793  1793 I ServiceManager: service 'devicestoragemonitor' died
12-15 16:14:01.401  1793  1793 I ServiceManager: service 'location' died
12-15 16:14:01.401  1793  1793 I ServiceManager: service 'country_detector' died
12-15 16:14:01.401  1793  1793 I ServiceManager: service 'search' died
12-15 16:14:01.401  1793  1793 I ServiceManager: service 'dropbox' died
12-15 16:14:01.401  1793  1793 I ServiceManager: service 'wallpaper' died
12-15 16:14:01.401  1793  1793 I ServiceManager: service 'audio' died
12-15 16:14:01.401  1793  1793 I ServiceManager: service 'DockObserver' died
12-15 16:14:01.401  1793  1793 I ServiceManager: service 'usb' died
12-15 16:14:01.401  1793  1793 I ServiceManager: service 'serial' died
12-15 16:14:01.401  1793  1793 I ServiceManager: service 'uimode' died
12-15 16:14:01.401  1793  1793 I ServiceManager: service 'jobscheduler' died
12-15 16:14:01.401  1793  1793 I ServiceManager: service 'backup' died
12-15 16:14:01.401  1793  1793 I ServiceManager: service 'appwidget' died
12-15 16:14:01.401  1793  1793 I ServiceManager: service 'voiceinteraction' died
12-15 16:14:01.401  1793  1793 I ServiceManager: service 'diskstats' died
12-15 16:14:01.401  1793  1793 I ServiceManager: service 'samplingprofiler' died
12-15 16:14:01.401  1793  1793 I ServiceManager: service 'commontime_management' died
12-15 16:14:01.401  1793  1793 I ServiceManager: service 'dreams' died
12-15 16:14:01.401  1793  1793 I ServiceManager: service 'assetatlas' died
12-15 16:14:01.401  1793  1793 I ServiceManager: service 'print' died
12-15 16:14:01.401  1793  1793 I ServiceManager: service 'restrictions' died
12-15 16:14:01.401  1793  1793 I ServiceManager: service 'media_session' died
12-15 16:14:01.401  1793  1793 I ServiceManager: service 'media_router' died
12-15 16:14:01.401  1793  1793 I ServiceManager: service 'trust' died
12-15 16:14:01.401  1793  1793 I ServiceManager: service 'wifip2p' died
12-15 16:14:01.401  1793  1793 I ServiceManager: service 'wifi' died
12-15 16:14:01.401  1793  1793 I ServiceManager: service 'rttmanager' died
12-15 16:14:01.401  1793  1793 I ServiceManager: service 'wifiscanner' died
12-15 16:14:01.401  1793  1793 I ServiceManager: service 'ethernet' died
12-15 16:14:01.401  1793  1793 I ServiceManager: service 'connectivity' died
12-15 16:14:01.401  1793  1793 I ServiceManager: service 'servicediscovery' died
12-15 16:14:01.401  1793  1793 I ServiceManager: service 'updatelock' died
12-15 16:14:01.401  1793  1793 I ServiceManager: service 'fingerprint' died
12-15 16:14:01.401  1793  1793 I ServiceManager: service 'launcherapps' died
12-15 16:14:01.401  1793  1793 I ServiceManager: service 'media_projection' died
12-15 16:14:01.401  1793  1793 I ServiceManager: service 'imms' died
12-15 16:14:01.401  1793  1793 I ServiceManager: service 'sensorservice' died
12-15 16:14:01.401  1793  1793 I ServiceManager: service 'package' died
12-15 16:14:01.401  1793  1793 I ServiceManager: service 'user' died
12-15 16:14:01.401  1793  1793 I ServiceManager: service 'activity' died
12-15 16:14:01.401  1793  1793 I ServiceManager: service 'procstats' died
12-15 16:14:01.401  1793  1793 I ServiceManager: service 'meminfo' died
12-15 16:14:01.401  1793  1793 I ServiceManager: service 'gfxinfo' died
12-15 16:14:01.401  1793  1793 I ServiceManager: service 'dbinfo' died
12-15 16:14:01.401  1793  1793 I ServiceManager: service 'cpuinfo' died
12-15 16:14:01.401  1793  1793 I ServiceManager: service 'permission' died
12-15 16:14:01.401  1793  1793 I ServiceManager: service 'hardware' died
12-15 16:14:01.401  1793  1793 I ServiceManager: service 'battery' died
12-15 16:14:01.401  1793  1793 I ServiceManager: service 'usagestats' died
12-15 16:14:01.401  1793  1793 I ServiceManager: service 'webviewupdate' died
12-15 16:14:01.401  1793  1793 I ServiceManager: service 'scheduling_policy' died
12-15 16:14:01.401  1793  1793 I ServiceManager: service 'telephony.registry' died
12-15 16:14:01.401  1793  1793 I ServiceManager: service 'entropy' died
12-15 16:14:01.401  1793  1793 I ServiceManager: service 'account' died
12-15 16:14:01.401  1793  1793 I ServiceManager: service 'content' died
12-15 16:14:01.401  1793  1793 I ServiceManager: service 'vibrator' died
12-15 16:14:01.401  1793  1793 I ServiceManager: service 'consumer_ir' died
12-15 16:14:01.401  1793  1793 I ServiceManager: service 'alarm' died
12-15 16:14:01.401  1793  1793 I ServiceManager: service 'window' died
12-15 16:14:01.401  1793  1793 I ServiceManager: service 'input' died
12-15 16:14:01.401  1793  1793 I ServiceManager: service 'bluetooth_manager' died
12-15 16:14:01.401  1793  1793 I ServiceManager: service 'input_method' died
12-15 16:14:01.401  1793  1793 I ServiceManager: service 'accessibility' died
12-15 16:14:01.401  1793  1793 I ServiceManager: service 'mount' died
12-15 16:14:01.401  1793  1793 I ServiceManager: service 'lock_settings' died
12-15 16:14:01.401  1793  1793 I ServiceManager: service 'telecom' died
12-15 16:14:01.401  1793  1793 I ServiceManager: service 'batterystats' died
12-15 16:14:01.401  1793  1793 I ServiceManager: service 'appops' died
12-15 16:14:01.401  1793  1793 I ServiceManager: service 'power' died
12-15 16:14:01.401  1793  1793 I ServiceManager: service 'display' died
12-15 16:14:01.401  1793  1793 I ServiceManager: service 'iphonesubinfo' died
12-15 16:14:01.401  1793  1793 I ServiceManager: service 'isms' died
12-15 16:14:01.401  1793  1793 I ServiceManager: service 'simphonebook' died
12-15 16:14:01.401  1793  1793 I ServiceManager: service 'phone' died
12-15 16:14:01.401  1793  1793 I ServiceManager: service 'sip' died
12-15 16:14:01.401  1793  1793 I ServiceManager: service 'isub' died
12-15 16:14:01.402  4158  4158 I Zygote  : ...preloaded 41 resources in 3ms.
12-15 16:14:01.402  4158  4158 I art     : Counter: 0
12-15 16:14:01.402  4158  4158 D libEGL  : loaded /system/lib64/egl/libGLES_mesa.so
12-15 16:14:01.409  4158  4158 I Zygote  : Preloading shared libraries...
12-15 16:14:01.410  4158  4158 D Zygote  : end preload
12-15 16:14:01.412  4158  4158 I art     : Explicit concurrent mark sweep GC freed 450(20KB) AllocSpace objects, 0(0B) LOS objects, 39% free, 3MB/6MB, paused 32us total 2.124ms
12-15 16:14:01.414  4158  4158 I art     : Explicit concurrent mark sweep GC freed 389(16KB) AllocSpace objects, 0(0B) LOS objects, 39% free, 3MB/6MB, paused 18us total 1.808ms
12-15 16:14:01.416  4158  4158 I art     : Explicit concurrent mark sweep GC freed 5(160B) AllocSpace objects, 0(0B) LOS objects, 39% free, 3MB/6MB, paused 18us total 1.792ms
12-15 16:14:01.435  4158  4158 I Zygote  : System server process 4390 has been created
12-15 16:14:01.436  4158  4158 I Zygote  : Accepting command socket connections
12-15 16:14:01.448  4390  4390 I Zygote  : Process: zygote socket opened, supported ABIS: x86,armeabi-v7a,armeabi
12-15 16:14:01.449  4390  4390 I InstallerConnection: disconnecting...
12-15 16:14:01.450  4390  4390 I SystemServer: Entered the Android system server!
12-15 16:14:01.455  4390  4390 V Fingerprint-JNI: FingerprintManager JNI ready.
12-15 16:14:01.455  4390  4390 D SensorService: nuSensorService starting...
12-15 16:14:01.455  4390  4390 D KbdSensor: open_kbd_sensor: id=poll
12-15 16:14:01.455  4390  4390 D KbdSensor: SensorFd: module=0x7f5fd7c5f300 dev=0x7f5fde466680
12-15 16:14:01.532  4390  4390 I KbdSensor: Open AT Translated Set 2 keyboard ok, fd=19
12-15 16:14:01.532  4390  4390 D KbdSensor: SensorPollContext: dev=0x7f5fde466680 fd=19
12-15 16:14:01.532  4390  4390 D KbdSensor: poll_activate: dev=0x7f5fde466680 handle=0 enabled=0
12-15 16:14:01.533  4390  4412 D SensorService: new thread SensorEventAckReceiver
12-15 16:14:01.533  4390  4413 D SensorService: nuSensorService thread starting...
12-15 16:14:01.533  4390  4390 I SystemServiceManager: Starting com.android.server.pm.Installer
12-15 16:14:01.533  4390  4390 I Installer: Waiting for installd to be ready.
12-15 16:14:01.533  4390  4390 I InstallerConnection: connecting...
12-15 16:14:01.533  1805  1805 I installd: new connection
12-15 16:14:01.533  4390  4390 I SystemServiceManager: Starting com.android.server.am.ActivityManagerService$Lifecycle
12-15 16:14:01.536  4390  4390 I ActivityManager: Memory class: 192
12-15 16:14:01.544  4390  4390 I IntentFirewall: Read new rules (A:0 B:0 S:0)
12-15 16:14:01.547  4390  4390 D AppOps  : AppOpsService published
12-15 16:14:01.547  4390  4390 I SystemServiceManager: Starting com.android.server.power.PowerManagerService
12-15 16:14:01.547  4390  4390 I libsuspend: Selected early suspend
12-15 16:14:01.547  4390  4390 E libsuspend: Error accessing /sys/power/wait_for_fb_sleep: No such file or directory
12-15 16:14:01.548  4390  4390 I SystemServiceManager: Starting com.android.server.display.DisplayManagerService
12-15 16:14:01.549  4390  4390 I SystemServiceManager: Starting phase 100
12-15 16:14:01.549  4390  4420 I ServiceManager: Waiting for service SurfaceFlinger...
12-15 16:14:01.867  4157  4157 I GRALLOC-KMS: there is one mode on connector 0x33: 1920x1080
12-15 16:14:01.867  4157  4157 I GRALLOC-KMS: Established mode:
12-15 16:14:01.867  4157  4157 I GRALLOC-KMS: clock: 143000, hdisplay: 1920, hsync_start: 1968, hsync_end: 2000, htotal: 2080, hskew: 0
12-15 16:14:01.867  4157  4157 I GRALLOC-KMS: vdisplay: 1080, vsync_start: 1082, vsync_end: 1087, vtotal: 1144, vscan: 0, vrefresh: 60
12-15 16:14:01.867  4157  4157 I GRALLOC-KMS: flags: 10, type: 72, name 1920x1080
12-15 16:14:01.867  4157  4157 I GRALLOC-KMS: the best mode is 1920x1080
