12-15 16:13:09.054  2542  2542 E GCM     : Missing checkin config file
12-15 16:13:09.054  2542  2542 W GCM     : GCM FAILED TO INITIALIZE - missing checkin
12-15 16:13:09.056  2542  2986 D GCM     : GcmService start Intent { act=android.intent.action.BOOT_COMPLETED flg=0x8000010 cmp=com.google.android.gms/.gcm.GcmService (has extras) } android.intent.action.BOOT_COMPLETED
12-15 16:13:09.057  2542  2542 I ConfigService: onCreate
12-15 16:13:09.059  2621  2621 D ChimeraCfgMgr: Loading module com.google.android.gms.kids from APK com.google.android.gms
12-15 16:13:09.059  2075  2487 I art     : Explicit concurrent mark sweep GC freed 14047(750KB) AllocSpace objects, 5(80KB) LOS objects, 33% free, 10MB/15MB, paused 910us total 12.552ms
12-15 16:13:09.064  2621  2621 D SystemUpdateService: onDestroy
12-15 16:13:09.064  2542  2542 V GLSActivity: AuthDelegateWrapperCreated with selected intent: Intent { cmp=com.google.android.gms/.auth.DefaultAuthDelegateService }
12-15 16:13:09.064  2621  2621 I ConfigFetchService: service connected
12-15 16:13:09.065  2621  2993 W Kids    : [AbstractKidsOperation] Invalid device state 3
12-15 16:13:09.066  2621  2621 D ConfigFetchService: ConfigApi connection successful.
12-15 16:13:09.066  2621  2993 I Kids    : [KidAccountFixer] No network connection
12-15 16:13:09.068  2341  2341 I GCoreUlr: DispatchingService.onCreate()
12-15 16:13:09.086  2621  2726 I art     : Explicit concurrent mark sweep GC freed 37522(2MB) AllocSpace objects, 26(416KB) LOS objects, 39% free, 5MB/9MB, paused 230us total 8.410ms
12-15 16:13:09.091  2075  2236 I ActivityManager: Start proc 3000:com.google.android.onetimeinitializer/u0a9 for broadcast com.google.android.onetimeinitializer/.OneTimeInitializerReceiver
12-15 16:13:09.092  2341  2997 I GCoreUlr: WorldUpdater received intent Intent { act=com.google.android.location.reporting.ACTION_UPDATE_WORLD cmp=com.google.android.gms/com.google.android.location.reporting.service.DispatchingService (has extras) } with receiverAction android.intent.action.BOOT_COMPLETED
12-15 16:13:09.095  3000  3000 I ActivityThread: Switching default density from 160 to 240
12-15 16:13:09.097  2341  2997 I GCoreUlr: WorldUpdater:android.intent.action.BOOT_COMPLETED: Ensuring that reporting is stopped because of reasons: (no Google accounts)
12-15 16:13:09.098  2341  2997 I GCoreUlr: Unbound from all location providers
12-15 16:13:09.099  2341  2341 I GCoreUlr: DispatchingService.onDestroy()
12-15 16:13:09.099  2341  2341 I GCoreUlr: Stopping handler for UlrDispSvcFast
12-15 16:13:09.099  2341  2341 I GCoreUlr: Unbound from all location providers
12-15 16:13:09.100  3000  3000 V OneTimeInitializerReceiver: OneTimeInitializerReceiver.onReceive
12-15 16:13:09.100  3000  3023 V OneTimeService: OneTimeService.onHandleIntent
12-15 16:13:09.102  2075  2236 I ActivityManager: Delay finish: com.google.android.partnersetup/.GooglePartnerSetup
12-15 16:13:09.103  2075  2457 I ActivityManager: Resuming delayed broadcast
12-15 16:13:09.104  2075  2457 I ActivityManager: Delay finish: com.google.android.partnersetup/.RlzPingBroadcastReceiver
12-15 16:13:09.106  2075  2338 I ActivityManager: Resuming delayed broadcast
12-15 16:13:09.121  2075  2338 I ActivityManager: Start proc 3032:com.android.managedprovisioning/u0a11 for broadcast com.android.managedprovisioning/.BootReminder
12-15 16:13:09.124  2808  3031 I RlzPingService: Setting next ping for 1450698423747
12-15 16:13:09.125  3032  3032 I ActivityThread: Switching default density from 160 to 240
12-15 16:13:09.251  2075  2487 I ActivityManager: Start proc 3059:com.android.mms/u0a12 for broadcast com.android.mms/.transaction.MmsSystemEventReceiver
12-15 16:13:09.253  1810  1810 I art     : Explicit concurrent mark sweep GC freed 706(30KB) AllocSpace objects, 0(0B) LOS objects, 39% free, 1950KB/3MB, paused 23us total 2.481ms
12-15 16:13:09.253  2881  3058 E SQLiteLog: (283) recovered 58 frames from WAL file /data/data/com.android.providers.media/databases/internal.db-wal
12-15 16:13:09.255  3059  3059 I ActivityThread: Switching default density from 160 to 240
12-15 16:13:09.256  1810  1810 I art     : Explicit concurrent mark sweep GC freed 5(160B) AllocSpace objects, 0(0B) LOS objects, 39% free, 1950KB/3MB, paused 20us total 2.412ms
12-15 16:13:09.258  1810  1810 I art     : Explicit concurrent mark sweep GC freed 5(160B) AllocSpace objects, 0(0B) LOS objects, 39% free, 1950KB/3MB, paused 30us total 2.285ms
12-15 16:13:09.262  2881  3058 W MediaScanner: Error opening directory '/oem/media/', skipping: No such file or directory.
12-15 16:13:09.262  2075  2487 D CountryDetector: The first listener is added
12-15 16:13:09.267  3059  3059 V Mms     : mnc/mcc: 
12-15 16:13:09.267  3059  3059 V Mms     : tag: bool value: enabledMMS - true
12-15 16:13:09.267  3059  3059 V Mms     : tag: int value: maxMessageSize - 307200
12-15 16:13:09.267  3059  3059 V Mms     : tag: int value: maxImageHeight - 480
12-15 16:13:09.267  3059  3059 V Mms     : tag: int value: maxImageWidth - 640
12-15 16:13:09.267  3059  3059 V Mms     : tag: int value: defaultSMSMessagesPerThread - 10000
12-15 16:13:09.267  3059  3059 V Mms     : tag: int value: defaultMMSMessagesPerThread - 1000
12-15 16:13:09.267  3059  3059 V Mms     : tag: int value: minMessageCountPerThread - 10
12-15 16:13:09.267  3059  3059 V Mms     : tag: int value: maxMessageCountPerThread - 5000
12-15 16:13:09.267  3059  3059 V Mms     : tag: string value: uaProfUrl - http://www.google.com/oha/rdf/ua-profile-kila.xml
12-15 16:13:09.267  3059  3059 V Mms     : tag: int value: recipientLimit - -1
12-15 16:13:09.267  3059  3059 V Mms     : tag: bool value: enableMultipartSMS - true
12-15 16:13:09.267  3059  3059 V Mms     : tag: int value: smsToMmsTextThreshold - -1
12-15 16:13:09.267  3059  3059 V Mms     : tag: bool value: enableSlideDuration - true
12-15 16:13:09.267  3059  3059 V Mms     : tag: int value: maxMessageTextSize - -1
12-15 16:13:09.270  3059  3088 W art     : No such thread id for suspend: 21
12-15 16:13:09.275  3059  3094 D ConnectivityManager: getMobileDataEnabled()+ subId=-1
12-15 16:13:09.275  2392  3092 D PhoneInterfaceManager: [PhoneIntfMgr] getDataEnabled: subId=-1 phoneId=-1
12-15 16:13:09.275  2392  3092 E PhoneInterfaceManager: [PhoneIntfMgr] getDataEnabled: no phone subId=-1 retVal=false
12-15 16:13:09.275  3059  3094 D ConnectivityManager: getMobileDataEnabled()- subId=-1 retVal=false
12-15 16:13:09.290  2075  2338 I ActivityManager: Start proc 3096:com.android.vending/u0a14 for broadcast com.android.vending/com.google.android.finsky.receivers.BootCompletedReceiver
12-15 16:13:09.291  3059  3094 D ConnectivityManager: getMobileDataEnabled()+ subId=-1
12-15 16:13:09.291  2392  2412 D MmsSmsDatabaseHelper: [MmsSmsDb] tableName: threads hasAutoIncrement: CREATE TABLE threads (_id INTEGER PRIMARY KEY AUTOINCREMENT,date INTEGER DEFAULT 0,message_count INTEGER DEFAULT 0,recipient_ids TEXT,snippet TEXT,snippet_cs INTEGER DEFAULT 0,read INTEGER DEFAULT 1,archived INTEGER DEFAULT 0,type INTEGER DEFAULT 0,error INTEGER DEFAULT 0,has_attachment INTEGER DEFAULT 0) result: true
12-15 16:13:09.291  2392  2412 D MmsSmsDatabaseHelper: [MmsSmsDb] tableName: canonical_addresses hasAutoIncrement: CREATE TABLE canonical_addresses (_id INTEGER PRIMARY KEY AUTOINCREMENT,address TEXT) result: true
12-15 16:13:09.291  2392  2415 D PhoneInterfaceManager: [PhoneIntfMgr] getDataEnabled: subId=-1 phoneId=-1
12-15 16:13:09.291  2392  2415 E PhoneInterfaceManager: [PhoneIntfMgr] getDataEnabled: no phone subId=-1 retVal=false
12-15 16:13:09.291  3059  3094 D ConnectivityManager: getMobileDataEnabled()- subId=-1 retVal=false
12-15 16:13:09.291  2392  2412 D MmsSmsDatabaseHelper: [MmsSmsDb] tableName: part hasAutoIncrement: CREATE TABLE part (_id INTEGER PRIMARY KEY AUTOINCREMENT,mid INTEGER,seq INTEGER DEFAULT 0,ct TEXT,name TEXT,chset INTEGER,cd TEXT,fn TEXT,cid TEXT,cl TEXT,ctt_s INTEGER,ctt_t TEXT,_data TEXT,text TEXT) result: true
12-15 16:13:09.291  3059  3093 D Mms     : cancelNotification
12-15 16:13:09.291  2392  2412 D MmsSmsDatabaseHelper: [MmsSmsDb] tableName: pdu hasAutoIncrement: CREATE TABLE pdu (_id INTEGER PRIMARY KEY AUTOINCREMENT,thread_id INTEGER,date INTEGER,date_sent INTEGER DEFAULT 0,msg_box INTEGER,read INTEGER DEFAULT 0,m_id TEXT,sub TEXT,sub_cs INTEGER,ct_t TEXT,ct_l TEXT,exp INTEGER,m_cls TEXT,m_type INTEGER,v INTEGER,m_size INTEGER,pri INTEGER,rr INTEGER,rpt_a INTEGER,resp_st INTEGER,st INTEGER,tr_id TEXT,retr_st INTEGER,retr_txt TEXT,retr_txt_cs INTEGER,read_status INTEGER,ct_cls INTEGER,resp_txt TEXT,d_tm INTEGER,d_rpt INTEGER,locked INTEGER DEFAULT 0,sub_id INTEGER DEFAULT -1, seen INTEGER DEFAULT 0,creator TEXT,text_only INTEGER DEFAULT 0) result: true
12-15 16:13:09.291  2392  2412 D MmsSmsDatabaseHelper: [getWritableDatabase] hasAutoIncrementThreads: true hasAutoIncrementAddresses: true hasAutoIncrementPart: true hasAutoIncrementPdu: true
12-15 16:13:09.294  3096  3096 I ActivityThread: Switching default density from 160 to 240
12-15 16:13:09.294  3059  3095 D Mms     : cancelNotification
12-15 16:13:09.295  2881  3058 W MediaScanner: Error opening directory '/storage/sdcard1/', skipping: Permission denied.
12-15 16:13:09.295  2881  3058 W MediaScanner: Error opening directory '/storage/usb0/', skipping: Permission denied.
12-15 16:13:09.295  2881  3058 W MediaScanner: Error opening directory '/storage/usb1/', skipping: Permission denied.
12-15 16:13:09.295  2881  3058 W MediaScanner: Error opening directory '/storage/usb2/', skipping: Permission denied.
12-15 16:13:09.295  2881  3058 W MediaScanner: Error opening directory '/storage/usb3/', skipping: Permission denied.
12-15 16:13:09.297  2881  3058 V MediaScanner: pruneDeadThumbnailFiles... android.database.sqlite.SQLiteCursor@399baaf9
12-15 16:13:09.297  2881  3058 V MediaScanner: /pruneDeadThumbnailFiles... android.database.sqlite.SQLiteCursor@399baaf9
12-15 16:13:09.327  3096  3096 W Finsky  : [1] FinskyApp.getCurrentAccount: No account configured on this device.
12-15 16:13:09.331  3096  3096 W Finsky  : [1] FinskyApp.getCurrentAccount: No account configured on this device.
12-15 16:13:09.334  3096  3096 D Finsky  : [1] FinskyApp.onCreate: Initializing network with DFE https://android.clients.google.com/fdfe/
12-15 16:13:09.335  3096  3096 W Finsky  : [1] FinskyApp.getCurrentAccount: No account configured on this device.
12-15 16:13:09.345  3096  3096 W Finsky  : [1] FinskyApp.getCurrentAccount: No account configured on this device.
12-15 16:13:09.345  3096  3096 W Finsky  : [1] FinskyApp.getCurrentAccount: No account configured on this device.
12-15 16:13:09.346  3096  3096 W Finsky  : [1] FinskyApp.getCurrentAccount: No account configured on this device.
12-15 16:13:09.346  3096  3096 W Finsky  : [1] FinskyApp.getCurrentAccount: No account configured on this device.
12-15 16:13:09.348  3096  3096 W Finsky  : [1] FinskyApp.getCurrentAccount: No account configured on this device.
12-15 16:13:09.348  3096  3096 W Finsky  : [1] FinskyApp.getCurrentAccount: No account configured on this device.
12-15 16:13:09.348  3096  3096 W Finsky  : [1] FinskyApp.getCurrentAccount: No account configured on this device.
12-15 16:13:09.348  3096  3096 W Finsky  : [1] FinskyApp.getCurrentAccount: No account configured on this device.
12-15 16:13:09.348  3096  3096 W Finsky  : [1] FinskyApp.getCurrentAccount: No account configured on this device.
12-15 16:13:09.348  3096  3096 W Finsky  : [1] FinskyApp.getCurrentAccount: No account configured on this device.
12-15 16:13:09.348  3096  3096 W Finsky  : [1] FinskyApp.getCurrentAccount: No account configured on this device.
12-15 16:13:09.349  3096  3096 W Finsky  : [1] FinskyApp.getCurrentAccount: No account configured on this device.
12-15 16:13:09.349  3096  3096 W Finsky  : [1] FinskyApp.getCurrentAccount: No account configured on this device.
12-15 16:13:09.349  3096  3096 W Finsky  : [1] FinskyApp.getCurrentAccount: No account configured on this device.
12-15 16:13:09.349  3096  3096 W Finsky  : [1] FinskyApp.getCurrentAccount: No account configured on this device.
12-15 16:13:09.349  3096  3096 W Finsky  : [1] FinskyApp.getCurrentAccount: No account configured on this device.
12-15 16:13:09.350  3096  3096 D Finsky  : [1] DailyHygiene.goMakeHygieneIfDirty: No need to run daily hygiene.
12-15 16:13:09.354  3096  3096 W Settings: Setting download_manager_max_bytes_over_mobile has moved from android.provider.Settings.Secure to android.provider.Settings.Global.
12-15 16:13:09.354  3096  3096 W Settings: Setting download_manager_recommended_max_bytes_over_mobile has moved from android.provider.Settings.Secure to android.provider.Settings.Global.
12-15 16:13:09.357  3096  3096 W Finsky  : [1] FinskyApp.getCurrentAccount: No account configured on this device.
12-15 16:13:09.357  3096  3096 W Finsky  : [1] FinskyApp.getCurrentAccount: No account configured on this device.
12-15 16:13:09.357  3096  3096 W Finsky  : [1] FinskyApp.getDfeApi: No account configured on this device.
12-15 16:13:09.373  2075  2331 I ActivityManager: Start proc 3138:com.android.settings/1000 for broadcast com.android.settings/.sim.SimBootReceiver
12-15 16:13:09.374  3096  3154 D Ads     : Skipping gmscore version check
12-15 16:13:09.375  3096  3096 D Finsky  : [1] GmsCoreHelper.cleanupNlp: result=false type=4
12-15 16:13:09.378  3138  3138 I ActivityThread: Switching default density from 160 to 240
12-15 16:13:09.379  3096  3096 D Finsky  : [1] RestoreTracker.stopServiceIfDone: Restore complete with 0 success and 0 failed.
12-15 16:13:09.379  2621  2641 E JavaBinder: *** Uncaught remote exception!  (Exceptions are not yet supported across processes.)
12-15 16:13:09.379  2621  2641 E JavaBinder: java.lang.RuntimeException: android.os.RemoteException
12-15 16:13:09.379  2621  2641 E JavaBinder: 	at android.os.Parcel.writeException(Parcel.java:1446)
12-15 16:13:09.379  2621  2641 E JavaBinder: 	at android.os.Binder.execTransact(Binder.java:452)
12-15 16:13:09.379  2621  2641 E JavaBinder: Caused by: android.os.RemoteException
12-15 16:13:09.379  2621  2641 E JavaBinder: 	at com.google.android.gms.ads.identifier.service.b.a(SourceFile:77)
12-15 16:13:09.379  2621  2641 E JavaBinder: 	at com.google.android.gms.ads.identifier.a.e.onTransact(SourceFile:63)
12-15 16:13:09.379  2621  2641 E JavaBinder: 	at android.os.Binder.execTransact(Binder.java:446)
12-15 16:13:09.380  3096  3096 W Finsky  : [1] FinskyApp.getCurrentAccount: No account configured on this device.
12-15 16:13:09.404  2075  2096 I ActivityManager: Start proc 3163:com.android.calendar/u0a27 for broadcast com.android.calendar/.alerts.AlertReceiver
12-15 16:13:09.409  3163  3163 I ActivityThread: Switching default density from 160 to 240
12-15 16:13:09.418  3163  3163 D ExtensionsFactory: No custom extensions.
12-15 16:13:09.419  3163  3163 D AlertReceiver: onReceive: a=android.intent.action.BOOT_COMPLETED Intent { act=android.intent.action.BOOT_COMPLETED flg=0x8000010 cmp=com.android.calendar/.alerts.AlertReceiver (has extras) }
12-15 16:13:09.421  3163  3189 D AlertService: 0 Action = android.intent.action.BOOT_COMPLETED
12-15 16:13:09.435  2075  2488 I ActivityManager: Start proc 3191:com.google.android.configupdater/u0a31 for broadcast com.google.android.configupdater/.CertPin.CertPinUpdateRequestReceiver
12-15 16:13:09.436  3163  3189 D AlertService: Scheduling next alarm with AlarmScheduler. sEventReminderReceived: null
12-15 16:13:09.438  3163  3189 D AlarmScheduler: No events found starting within 1 week.
12-15 16:13:09.450  2075  2304 I art     : Explicit concurrent mark sweep GC freed 8679(445KB) AllocSpace objects, 1(16KB) LOS objects, 33% free, 10MB/15MB, paused 275us total 10.526ms
12-15 16:13:09.451  3191  3191 I ActivityThread: Switching default density from 160 to 240
12-15 16:13:09.463  3191  3191 E UpdateRequestReceiver: ignoring update request
12-15 16:13:09.463  3191  3191 E UpdateRequestReceiver: ignoring update request
12-15 16:13:09.464  3191  3191 E UpdateRequestReceiver: ignoring update request
12-15 16:13:09.465  3191  3191 E UpdateRequestReceiver: ignoring update request
12-15 16:13:09.465  3191  3191 E UpdateRequestReceiver: ignoring update request
12-15 16:13:09.466  3191  3191 E UpdateRequestReceiver: ignoring update request
12-15 16:13:09.481  2075  2512 I ActivityManager: Start proc 3229:com.android.deskclock/u0a32 for broadcast com.android.deskclock/.AlarmInitReceiver
12-15 16:13:09.486  3229  3229 I ActivityThread: Switching default density from 160 to 240
12-15 16:13:09.492  3229  3229 V AlarmClock: AlarmInitReceiver android.intent.action.BOOT_COMPLETED
12-15 16:13:09.494  3229  3252 V AlarmClock: AlarmInitReceiver - Reset timers and clear stopwatch data
12-15 16:13:09.498  3229  3252 V AlarmClock: AlarmInitReceiver finished
12-15 16:13:09.514  2075  2095 I ActivityManager: Start proc 3254:com.android.email/u0a35 for broadcast com.android.email/.service.EmailBroadcastReceiver
12-15 16:13:09.519  3254  3254 I ActivityThread: Switching default density from 160 to 240
12-15 16:13:09.557  2075  2512 I ActivityManager: Start proc 3277:com.android.exchange/u0a36 for service com.android.exchange/.service.EasService
12-15 16:13:09.559  3254  3292 D ActivityThread: Loading provider com.android.email.provider;com.android.email.notifier: com.android.email.provider.EmailProvider
12-15 16:13:09.559  3254  3298 D ActivityThread: Loading provider com.android.email.provider;com.android.email.notifier: com.android.email.provider.EmailProvider
12-15 16:13:09.560  3254  3303 D ActivityThread: Loading provider com.android.email.provider;com.android.email.notifier: com.android.email.provider.EmailProvider
12-15 16:13:09.561  3254  3306 D ActivityThread: Loading provider com.android.email.provider;com.android.email.notifier: com.android.email.provider.EmailProvider
12-15 16:13:09.562  3277  3277 I ActivityThread: Switching default density from 160 to 240
12-15 16:13:09.580  2075  2095 I ActivityManager: Start proc 3312:com.google.android.gm/u0a39 for broadcast com.google.android.gm/.GoogleMailDeviceStartupReceiver
12-15 16:13:09.580  2075  2488 W ActivityManager: Unable to start service Intent { cmp=com.android.email/.service.AttachmentService } U=0: not found
12-15 16:13:09.580  2075  2304 W ActivityManager: Unable to start service Intent { cmp=com.android.email/.service.AttachmentService } U=0: not found
12-15 16:13:09.580  2075  2096 W ActivityManager: Unable to start service Intent { cmp=com.android.email/.service.AttachmentService } U=0: not found
12-15 16:13:09.581  2075  2338 W ActivityManager: Unable to start service Intent { cmp=com.android.email/.service.AttachmentService } U=0: not found
12-15 16:13:09.581  2075  2487 W ActivityManager: Unable to start service Intent { cmp=com.android.email/.service.AttachmentService } U=0: not found
12-15 16:13:09.582  3277  3277 I Exchange: EasService.onCreate
12-15 16:13:09.582  3254  3330 I Email   : Observing account changes for notifications
12-15 16:13:09.584  3277  3336 I Exchange: RestartPingTask
12-15 16:13:09.585  3312  3312 I ActivityThread: Switching default density from 160 to 240
12-15 16:13:09.585  3277  3277 I Exchange: RestartPingsTask did not start any pings.
12-15 16:13:09.585  3277  3277 I Exchange: PSS stopIfIdle
12-15 16:13:09.585  3277  3277 I Exchange: PSS has no active accounts; stopping service.
12-15 16:13:09.587  3254  3254 E ActivityThread: Service com.android.email.service.EmailBroadcastProcessorService has leaked ServiceConnection com.android.emailcommon.service.ServiceProxy$ProxyConnection@7f6a21c that was originally bound here
12-15 16:13:09.587  3254  3254 E ActivityThread: android.app.ServiceConnectionLeaked: Service com.android.email.service.EmailBroadcastProcessorService has leaked ServiceConnection com.android.emailcommon.service.ServiceProxy$ProxyConnection@7f6a21c that was originally bound here
12-15 16:13:09.587  3254  3254 E ActivityThread: 	at android.app.LoadedApk$ServiceDispatcher.<init>(LoadedApk.java:1077)
12-15 16:13:09.587  3254  3254 E ActivityThread: 	at android.app.LoadedApk.getServiceDispatcher(LoadedApk.java:971)
12-15 16:13:09.587  3254  3254 E ActivityThread: 	at android.app.ContextImpl.bindServiceCommon(ContextImpl.java:1774)
12-15 16:13:09.587  3254  3254 E ActivityThread: 	at android.app.ContextImpl.bindService(ContextImpl.java:1757)
12-15 16:13:09.587  3254  3254 E ActivityThread: 	at android.content.ContextWrapper.bindService(ContextWrapper.java:539)
12-15 16:13:09.587  3254  3254 E ActivityThread: 	at com.android.emailcommon.service.ServiceProxy.setTask(ServiceProxy.java:181)
12-15 16:13:09.587  3254  3254 E ActivityThread: 	at com.android.emailcommon.service.ServiceProxy.test(ServiceProxy.java:224)
12-15 16:13:09.587  3254  3254 E ActivityThread: 	at com.android.email.service.EmailServiceUtils.isServiceAvailable(EmailServiceUtils.java:160)
12-15 16:13:09.587  3254  3254 E ActivityThread: 	at com.android.email.provider.AccountReconciler.reconcileAccountsInternal(AccountReconciler.java:171)
12-15 16:13:09.587  3254  3254 E ActivityThread: 	at com.android.email.provider.AccountReconciler.reconcileAccounts(AccountReconciler.java:115)
12-15 16:13:09.587  3254  3254 E ActivityThread: 	at com.android.email.service.EmailBroadcastProcessorService.reconcileAndStartServices(EmailBroadcastProcessorService.java:305)
12-15 16:13:09.587  3254  3254 E ActivityThread: 	at com.android.email.service.EmailBroadcastProcessorService.onBootCompleted(EmailBroadcastProcessorService.java:295)
12-15 16:13:09.587  3254  3254 E ActivityThread: 	at com.android.email.service.EmailBroadcastProcessorService.onHandleIntent(EmailBroadcastProcessorService.java:130)
12-15 16:13:09.587  3254  3254 E ActivityThread: 	at android.app.IntentService$ServiceHandler.handleMessage(IntentService.java:65)
12-15 16:13:09.587  3254  3254 E ActivityThread: 	at android.os.Handler.dispatchMessage(Handler.java:102)
12-15 16:13:09.587  3254  3254 E ActivityThread: 	at android.os.Looper.loop(Looper.java:135)
12-15 16:13:09.587  3254  3254 E ActivityThread: 	at android.os.HandlerThread.run(HandlerThread.java:61)
12-15 16:13:09.590  3254  3303 E EmailServiceProxy: RuntimeException when trying to unbind from service
12-15 16:13:09.590  3254  3303 E EmailServiceProxy: java.lang.IllegalArgumentException: Service not registered: com.android.emailcommon.service.ServiceProxy$ProxyConnection@7f6a21c
12-15 16:13:09.590  3254  3303 E EmailServiceProxy: 	at android.app.LoadedApk.forgetServiceDispatcher(LoadedApk.java:1029)
12-15 16:13:09.590  3254  3303 E EmailServiceProxy: 	at android.app.ContextImpl.unbindService(ContextImpl.java:1808)
12-15 16:13:09.590  3254  3303 E EmailServiceProxy: 	at android.content.ContextWrapper.unbindService(ContextWrapper.java:551)
12-15 16:13:09.590  3254  3303 E EmailServiceProxy: 	at com.android.emailcommon.service.ServiceProxy$ProxyConnection$1.doInBackground(ServiceProxy.java:124)
12-15 16:13:09.590  3254  3303 E EmailServiceProxy: 	at com.android.emailcommon.service.ServiceProxy$ProxyConnection$1.doInBackground(ServiceProxy.java:111)
12-15 16:13:09.590  3254  3303 E EmailServiceProxy: 	at android.os.AsyncTask$2.call(AsyncTask.java:292)
12-15 16:13:09.590  3254  3303 E EmailServiceProxy: 	at java.util.concurrent.FutureTask.run(FutureTask.java:237)
12-15 16:13:09.590  3254  3303 E EmailServiceProxy: 	at android.os.AsyncTask$SerialExecutor$1.run(AsyncTask.java:231)
12-15 16:13:09.590  3254  3303 E EmailServiceProxy: 	at java.util.concurrent.ThreadPoolExecutor.runWorker(ThreadPoolExecutor.java:1112)
12-15 16:13:09.590  3254  3303 E EmailServiceProxy: 	at java.util.concurrent.ThreadPoolExecutor$Worker.run(ThreadPoolExecutor.java:587)
12-15 16:13:09.590  3254  3303 E EmailServiceProxy: 	at java.lang.Thread.run(Thread.java:818)
12-15 16:13:09.590  3277  3277 I Exchange: onDestroy
12-15 16:13:09.613  3312  3342 D ActivityThread: Loading provider com.google.android.gmail.provider;com.android.mail.notifier;com.google.android.gm.email.provider;com.google.android.gm.email.notifier: com.android.email.provider.EmailProvider
12-15 16:13:09.616  3312  3341 I Gmail   : getAccountsCursor
12-15 16:13:09.617  2542  2542 V GLSActivity: AuthDelegateWrapperCreated with selected intent: Intent { cmp=com.google.android.gms/.auth.DefaultAuthDelegateService }
12-15 16:13:09.633  2075  2236 W ActivityManager: Unable to start service Intent { cmp=com.google.android.gm/com.android.email.service.AttachmentService } U=0: not found
12-15 16:13:09.633  3312  3347 I Gmail   : Observing account changes for notifications
12-15 16:13:09.635  2075  2488 W ActivityManager: Unable to start service Intent { act=com.google.android.gm.email.EXCHANGE_INTENT pkg=com.google.android.gm.exchange } U=0: not found
12-15 16:13:09.637  3312  3312 W GAV2    : Thread[main,5,main]: Need to call initialize() and be in fallback mode to start dispatch.
12-15 16:13:09.642  2075  2236 W ActivityManager: Unable to start service Intent { act=com.google.android.gm.email.EXCHANGE_INTENT pkg=com.google.android.gm.exchange } U=0: not found
12-15 16:13:09.644  3312  3352 E Gmail   : Error finding the version of the Email provider.....
12-15 16:13:09.644  3312  3352 E Gmail   : android.content.pm.PackageManager$NameNotFoundException: com.google.android.email
12-15 16:13:09.644  3312  3352 E Gmail   : 	at android.app.ApplicationPackageManager.getPackageInfo(ApplicationPackageManager.java:114)
12-15 16:13:09.644  3312  3352 E Gmail   : 	at com.google.android.gm.EmailMigrationService.a(SourceFile:1280)
12-15 16:13:09.644  3312  3352 E Gmail   : 	at com.google.android.gm.EmailMigrationService.onHandleIntent(SourceFile:219)
12-15 16:13:09.644  3312  3352 E Gmail   : 	at android.app.IntentService$ServiceHandler.handleMessage(IntentService.java:65)
12-15 16:13:09.644  3312  3352 E Gmail   : 	at android.os.Handler.dispatchMessage(Handler.java:102)
12-15 16:13:09.644  3312  3352 E Gmail   : 	at android.os.Looper.loop(Looper.java:135)
12-15 16:13:09.644  3312  3352 E Gmail   : 	at android.os.HandlerThread.run(HandlerThread.java:61)
12-15 16:13:09.644  3312  3352 W EmailMigration: We do not support migrating this version of the Email provider.
12-15 16:13:09.645  3312  3354 I Gmail   : getAccountsCursor
12-15 16:13:09.645  2542  2542 V GLSActivity: AuthDelegateWrapperCreated with selected intent: Intent { cmp=com.google.android.gms/.auth.DefaultAuthDelegateService }
12-15 16:13:09.646  2542  2542 V GLSActivity: AuthDelegateWrapperCreated with selected intent: Intent { cmp=com.google.android.gms/.auth.DefaultAuthDelegateService }
12-15 16:13:09.647  2272  2272 I SystemBroadcastReceiver: Boot has been completed
12-15 16:13:09.647  2075  2487 W ActivityManager: Unable to start service Intent { act=com.google.android.gm.email.EXCHANGE_INTENT pkg=com.google.android.gm.exchange } U=0: not found
12-15 16:13:09.647  2272  2272 I LauncherIconVisibilityManager: Activity has already been disabled: ComponentInfo{com.android.inputmethod.latin/com.android.inputmethod.latin.setup.SetupActivity}
12-15 16:13:09.648  2075  2457 W ActivityManager: Unable to start service Intent { act=com.google.android.gm.email.EXCHANGE_INTENT pkg=com.google.android.gm.exchange } U=0: not found
12-15 16:13:09.649  2542  2542 V GLSActivity: AuthDelegateWrapperCreated with selected intent: Intent { cmp=com.google.android.gms/.auth.DefaultAuthDelegateService }
12-15 16:13:09.649  3312  3312 E ActivityThread: Service com.android.email.service.EmailBroadcastProcessorService has leaked ServiceConnection com.android.emailcommon.service.am@38a317a1 that was originally bound here
12-15 16:13:09.649  3312  3312 E ActivityThread: android.app.ServiceConnectionLeaked: Service com.android.email.service.EmailBroadcastProcessorService has leaked ServiceConnection com.android.emailcommon.service.am@38a317a1 that was originally bound here
12-15 16:13:09.649  3312  3312 E ActivityThread: 	at android.app.LoadedApk$ServiceDispatcher.<init>(LoadedApk.java:1077)
12-15 16:13:09.649  3312  3312 E ActivityThread: 	at android.app.LoadedApk.getServiceDispatcher(LoadedApk.java:971)
12-15 16:13:09.649  3312  3312 E ActivityThread: 	at android.app.ContextImpl.bindServiceCommon(ContextImpl.java:1774)
12-15 16:13:09.649  3312  3312 E ActivityThread: 	at android.app.ContextImpl.bindService(ContextImpl.java:1757)
12-15 16:13:09.649  3312  3312 E ActivityThread: 	at android.content.ContextWrapper.bindService(ContextWrapper.java:539)
12-15 16:13:09.649  3312  3312 E ActivityThread: 	at com.android.emailcommon.service.ak.a(SourceFile:181)
12-15 16:13:09.649  3312  3312 E ActivityThread: 	at com.android.emailcommon.service.ak.e(SourceFile:222)
12-15 16:13:09.649  3312  3312 E ActivityThread: 	at com.android.email.service.m.c(SourceFile:158)
12-15 16:13:09.649  3312  3312 E ActivityThread: 	at com.android.email.provider.b.a(SourceFile:201)
12-15 16:13:09.649  3312  3312 E ActivityThread: 	at com.android.email.provider.b.a(SourceFile:145)
12-15 16:13:09.649  3312  3312 E ActivityThread: 	at com.android.email.service.EmailBroadcastProcessorService.c(SourceFile:349)
12-15 16:13:09.649  3312  3312 E ActivityThread: 	at com.android.email.service.EmailBroadcastProcessorService.onHandleIntent(SourceFile:1334)
12-15 16:13:09.649  3312  3312 E ActivityThread: 	at android.app.IntentService$ServiceHandler.handleMessage(IntentService.java:65)
12-15 16:13:09.649  3312  3312 E ActivityThread: 	at android.os.Handler.dispatchMessage(Handler.java:102)
12-15 16:13:09.649  3312  3312 E ActivityThread: 	at android.os.Looper.loop(Looper.java:135)
12-15 16:13:09.649  3312  3312 E ActivityThread: 	at android.os.HandlerThread.run(HandlerThread.java:61)
12-15 16:13:09.664  2075  2095 I ActivityManager: Start proc 3361:com.google.android.youtube/u0a59 for broadcast com.google.android.youtube/com.google.android.libraries.youtube.upload.service.UploadService$BootReceiver
12-15 16:13:09.664  2075  2096 W ActivityManager: Unbind failed: could not find connection for android.os.BinderProxy@68181a8
12-15 16:13:09.665  3312  3375 I Gmail   : getAccountsCursor
12-15 16:13:09.665  2542  2542 V GLSActivity: AuthDelegateWrapperCreated with selected intent: Intent { cmp=com.google.android.gms/.auth.DefaultAuthDelegateService }
12-15 16:13:09.665  3312  3379 I Gmail   : getAccountsCursor
12-15 16:13:09.666  2542  2542 V GLSActivity: AuthDelegateWrapperCreated with selected intent: Intent { cmp=com.google.android.gms/.auth.DefaultAuthDelegateService }
12-15 16:13:09.668  3361  3361 I ActivityThread: Switching default density from 160 to 240
12-15 16:13:09.691  2075  2338 W ActivityManager: getRunningAppProcesses: caller 10059 does not hold REAL_GET_TASKS; limiting output
12-15 16:13:09.698  3361  3386 W ResourcesManager: Asset path '/system/framework/com.android.media.remotedisplay.jar' does not exist or contains no resources.
12-15 16:13:09.698  3361  3386 W ResourcesManager: Asset path '/system/framework/com.android.location.provider.jar' does not exist or contains no resources.
12-15 16:13:09.704  3361  3386 V JNIHelp : Registering com/google/android/gms/org/conscrypt/NativeCrypto's 240 native methods...
12-15 16:13:09.713  3361  3386 I ProviderInstaller: Installed default security provider GmsCore_OpenSSL
12-15 16:13:09.732  3361  3361 E YouTube MDX: Bogus value in shared preferences for key MdxServerSelection value , returning default value.
12-15 16:13:09.748  3401  3401 I dex2oat : /system/bin/dex2oat --runtime-arg -classpath --runtime-arg  --instruction-set=x86_64 --instruction-set-features=default --runtime-arg -Xrelocate --boot-image=/system/framework/boot.art --dex-file=/data/data/com.google.android.youtube/cache/ads1602432097.jar --oat-fd=29 --oat-location=/data/data/com.google.android.youtube/cache/ads1602432097.dex --runtime-arg -Xms64m --runtime-arg -Xmx512m
12-15 16:13:09.753  1794  1831 E Vold    : Failed to find mounted volume for /storage/usb0/Android/data/com.google.android.youtube/cache/
12-15 16:13:09.753  3361  3361 W ContextImpl: Failed to ensure directory: /storage/usb0/Android/data/com.google.android.youtube/cache
12-15 16:13:09.753  1794  1831 E Vold    : Failed to find mounted volume for /storage/usb1/Android/data/com.google.android.youtube/cache/
12-15 16:13:09.753  3361  3361 W ContextImpl: Failed to ensure directory: /storage/usb1/Android/data/com.google.android.youtube/cache
12-15 16:13:09.753  1794  1831 E Vold    : Failed to find mounted volume for /storage/usb2/Android/data/com.google.android.youtube/cache/
12-15 16:13:09.753  3361  3361 W ContextImpl: Failed to ensure directory: /storage/usb2/Android/data/com.google.android.youtube/cache
12-15 16:13:09.754  1794  1831 E Vold    : Failed to find mounted volume for /storage/usb3/Android/data/com.google.android.youtube/cache/
12-15 16:13:09.754  3361  3361 W ContextImpl: Failed to ensure directory: /storage/usb3/Android/data/com.google.android.youtube/cache
12-15 16:13:09.754  1794  1831 E Vold    : Failed to find mounted volume for /storage/sdcard1/Android/data/com.google.android.youtube/cache/
12-15 16:13:09.754  3361  3361 W ContextImpl: Failed to ensure directory: /storage/sdcard1/Android/data/com.google.android.youtube/cache
12-15 16:13:09.760  3401  3401 I dex2oat : dex2oat took 11.980ms (threads: 8) arena alloc=276KB java alloc=12KB native alloc=2MB free=5MB
12-15 16:13:09.780  1794  1831 E Vold    : Failed to find mounted volume for /storage/usb0/Android/data/com.google.android.youtube/cache/
12-15 16:13:09.780  3361  3361 W ContextImpl: Failed to ensure directory: /storage/usb0/Android/data/com.google.android.youtube/cache
12-15 16:13:09.780  1794  1831 E Vold    : Failed to find mounted volume for /storage/usb1/Android/data/com.google.android.youtube/cache/
12-15 16:13:09.780  3361  3361 W ContextImpl: Failed to ensure directory: /storage/usb1/Android/data/com.google.android.youtube/cache
12-15 16:13:09.780  1794  1831 E Vold    : Failed to find mounted volume for /storage/usb2/Android/data/com.google.android.youtube/cache/
12-15 16:13:09.780  3361  3361 W ContextImpl: Failed to ensure directory: /storage/usb2/Android/data/com.google.android.youtube/cache
12-15 16:13:09.781  1794  1831 E Vold    : Failed to find mounted volume for /storage/usb3/Android/data/com.google.android.youtube/cache/
12-15 16:13:09.781  3361  3361 W ContextImpl: Failed to ensure directory: /storage/usb3/Android/data/com.google.android.youtube/cache
12-15 16:13:09.781  1794  1831 E Vold    : Failed to find mounted volume for /storage/sdcard1/Android/data/com.google.android.youtube/cache/
12-15 16:13:09.781  3361  3361 W ContextImpl: Failed to ensure directory: /storage/sdcard1/Android/data/com.google.android.youtube/cache
12-15 16:13:09.781  1794  1831 E Vold    : Failed to find mounted volume for /storage/usb0/Android/data/com.google.android.youtube/files/
12-15 16:13:09.781  3361  3361 W ContextImpl: Failed to ensure directory: /storage/usb0/Android/data/com.google.android.youtube/files
12-15 16:13:09.782  1794  1831 E Vold    : Failed to find mounted volume for /storage/usb1/Android/data/com.google.android.youtube/files/
12-15 16:13:09.782  3361  3361 W ContextImpl: Failed to ensure directory: /storage/usb1/Android/data/com.google.android.youtube/files
12-15 16:13:09.782  1794  1831 E Vold    : Failed to find mounted volume for /storage/usb2/Android/data/com.google.android.youtube/files/
12-15 16:13:09.782  3361  3361 W ContextImpl: Failed to ensure directory: /storage/usb2/Android/data/com.google.android.youtube/files
12-15 16:13:09.782  1794  1831 E Vold    : Failed to find mounted volume for /storage/usb3/Android/data/com.google.android.youtube/files/
12-15 16:13:09.782  3361  3361 W ContextImpl: Failed to ensure directory: /storage/usb3/Android/data/com.google.android.youtube/files
12-15 16:13:09.782  1794  1831 E Vold    : Failed to find mounted volume for /storage/sdcard1/Android/data/com.google.android.youtube/files/
12-15 16:13:09.782  3361  3361 W ContextImpl: Failed to ensure directory: /storage/sdcard1/Android/data/com.google.android.youtube/files
12-15 16:13:09.782  1794  1831 E Vold    : Failed to find mounted volume for /storage/usb0/Android/data/com.google.android.youtube/files/
12-15 16:13:09.782  3361  3361 W ContextImpl: Failed to ensure directory: /storage/usb0/Android/data/com.google.android.youtube/files
12-15 16:13:09.783  1794  1831 E Vold    : Failed to find mounted volume for /storage/usb1/Android/data/com.google.android.youtube/files/
12-15 16:13:09.783  3361  3361 W ContextImpl: Failed to ensure directory: /storage/usb1/Android/data/com.google.android.youtube/files
12-15 16:13:09.783  1794  1831 E Vold    : Failed to find mounted volume for /storage/usb2/Android/data/com.google.android.youtube/files/
12-15 16:13:09.783  3361  3361 W ContextImpl: Failed to ensure directory: /storage/usb2/Android/data/com.google.android.youtube/files
12-15 16:13:09.783  1794  1831 E Vold    : Failed to find mounted volume for /storage/usb3/Android/data/com.google.android.youtube/files/
12-15 16:13:09.783  3361  3361 W ContextImpl: Failed to ensure directory: /storage/usb3/Android/data/com.google.android.youtube/files
12-15 16:13:09.783  1794  1831 E Vold    : Failed to find mounted volume for /storage/sdcard1/Android/data/com.google.android.youtube/files/
12-15 16:13:09.783  3361  3361 W ContextImpl: Failed to ensure directory: /storage/sdcard1/Android/data/com.google.android.youtube/files
12-15 16:13:09.784  3361  3361 W InstanceID/Rpc: Found 10007
12-15 16:13:09.802  1794  1831 E Vold    : Failed to find mounted volume for /storage/usb0/Android/data/com.google.android.youtube/cache/
12-15 16:13:09.802  3361  3361 W ContextImpl: Failed to ensure directory: /storage/usb0/Android/data/com.google.android.youtube/cache
12-15 16:13:09.802  1794  1831 E Vold    : Failed to find mounted volume for /storage/usb1/Android/data/com.google.android.youtube/cache/
12-15 16:13:09.803  3361  3361 W ContextImpl: Failed to ensure directory: /storage/usb1/Android/data/com.google.android.youtube/cache
12-15 16:13:09.803  1794  1831 E Vold    : Failed to find mounted volume for /storage/usb2/Android/data/com.google.android.youtube/cache/
12-15 16:13:09.803  3361  3361 W ContextImpl: Failed to ensure directory: /storage/usb2/Android/data/com.google.android.youtube/cache
12-15 16:13:09.803  1794  1831 E Vold    : Failed to find mounted volume for /storage/usb3/Android/data/com.google.android.youtube/cache/
12-15 16:13:09.803  3361  3361 W ContextImpl: Failed to ensure directory: /storage/usb3/Android/data/com.google.android.youtube/cache
12-15 16:13:09.803  1794  1831 E Vold    : Failed to find mounted volume for /storage/sdcard1/Android/data/com.google.android.youtube/cache/
12-15 16:13:09.803  3361  3361 W ContextImpl: Failed to ensure directory: /storage/sdcard1/Android/data/com.google.android.youtube/cache
12-15 16:13:09.804  2692  2752 W beacon  :  doUpload network is disabled!
12-15 16:13:09.806  2075  2487 W ActivityManager: getRunningAppProcesses: caller 10066 does not hold REAL_GET_TASKS; limiting output
12-15 16:13:09.806  2075  2457 W ActivityManager: getRunningAppProcesses: caller 10066 does not hold REAL_GET_TASKS; limiting output
12-15 16:13:09.807  2692  2753 W beacon  :  doUpload network is disabled!
12-15 16:13:09.807  2075  2457 W ActivityManager: getRunningAppProcesses: caller 10066 does not hold REAL_GET_TASKS; limiting output
12-15 16:13:09.808  2075  2487 W ActivityManager: getRunningAppProcesses: caller 10066 does not hold REAL_GET_TASKS; limiting output
12-15 16:13:09.808  2075  2512 W ActivityManager: getRunningAppProcesses: caller 10066 does not hold REAL_GET_TASKS; limiting output
12-15 16:13:09.809  2621  2642 E JavaBinder: *** Uncaught remote exception!  (Exceptions are not yet supported across processes.)
12-15 16:13:09.809  2621  2642 E JavaBinder: java.lang.RuntimeException: android.os.RemoteException
12-15 16:13:09.809  2621  2642 E JavaBinder: 	at android.os.Parcel.writeException(Parcel.java:1446)
12-15 16:13:09.809  2621  2642 E JavaBinder: 	at android.os.Binder.execTransact(Binder.java:452)
12-15 16:13:09.809  2621  2642 E JavaBinder: Caused by: android.os.RemoteException
12-15 16:13:09.809  2621  2642 E JavaBinder: 	at com.google.android.gms.ads.identifier.service.b.a(SourceFile:77)
12-15 16:13:09.809  2621  2642 E JavaBinder: 	at com.google.android.gms.ads.identifier.a.e.onTransact(SourceFile:63)
12-15 16:13:09.809  2621  2642 E JavaBinder: 	at android.os.Binder.execTransact(Binder.java:446)
12-15 16:13:09.812  2621  2725 E JavaBinder: *** Uncaught remote exception!  (Exceptions are not yet supported across processes.)
12-15 16:13:09.812  2621  2725 E JavaBinder: java.lang.RuntimeException: android.os.RemoteException
12-15 16:13:09.812  2621  2725 E JavaBinder: 	at android.os.Parcel.writeException(Parcel.java:1446)
12-15 16:13:09.812  2621  2725 E JavaBinder: 	at android.os.Binder.execTransact(Binder.java:452)
12-15 16:13:09.812  2621  2725 E JavaBinder: Caused by: android.os.RemoteException
12-15 16:13:09.812  2621  2725 E JavaBinder: 	at com.google.android.gms.ads.identifier.service.b.a(SourceFile:77)
12-15 16:13:09.812  2621  2725 E JavaBinder: 	at com.google.android.gms.ads.identifier.a.e.onTransact(SourceFile:63)
12-15 16:13:09.812  2621  2725 E JavaBinder: 	at android.os.Binder.execTransact(Binder.java:446)
12-15 16:13:09.830  2075  2338 W ActivityManager: getRunningAppProcesses: caller 10066 does not hold REAL_GET_TASKS; limiting output
12-15 16:13:09.835  3452  3452 D houdini : [3452] Initialize library(version: 5.2.2_y.47738 RELEASE)... successfully.
12-15 16:13:09.836  2075  2488 I ActivityManager: Start proc 3452:com.microsoft.office.excel/u0a61 for broadcast com.microsoft.office.excel/com.microsoft.office.notification.NotificationReceiver
12-15 16:13:09.836  2075  2236 W ActivityManager: getRunningAppProcesses: caller 10059 does not hold REAL_GET_TASKS; limiting output
12-15 16:13:09.836  2075  2512 I ActivityManager: Killing 2765:com.tencent.mobileqq/u0a66 (adj 15): empty #17
12-15 16:13:09.837  2075  2095 W ActivityManager: getRunningAppProcesses: caller 10066 does not hold REAL_GET_TASKS; limiting output
12-15 16:13:09.837  2621  2642 E JavaBinder: *** Uncaught remote exception!  (Exceptions are not yet supported across processes.)
12-15 16:13:09.837  2621  2642 E JavaBinder: java.lang.RuntimeException: android.os.RemoteException
12-15 16:13:09.837  2621  2642 E JavaBinder: 	at android.os.Parcel.writeException(Parcel.java:1446)
12-15 16:13:09.837  2621  2642 E JavaBinder: 	at android.os.Binder.execTransact(Binder.java:452)
12-15 16:13:09.837  2621  2642 E JavaBinder: Caused by: android.os.RemoteException
12-15 16:13:09.837  2621  2642 E JavaBinder: 	at com.google.android.gms.ads.identifier.service.b.a(SourceFile:77)
12-15 16:13:09.837  2621  2642 E JavaBinder: 	at com.google.android.gms.ads.identifier.a.e.onTransact(SourceFile:63)
12-15 16:13:09.837  2621  2642 E JavaBinder: 	at android.os.Binder.execTransact(Binder.java:446)
12-15 16:13:09.863  2075  2488 W ActivityManager: getRunningAppProcesses: caller 10059 does not hold REAL_GET_TASKS; limiting output
12-15 16:13:09.864  3452  3452 I ActivityThread: Switching default density from 160 to 240
12-15 16:13:09.864  2621  2725 E JavaBinder: *** Uncaught remote exception!  (Exceptions are not yet supported across processes.)
12-15 16:13:09.864  2621  2725 E JavaBinder: java.lang.RuntimeException: android.os.RemoteException
12-15 16:13:09.864  2621  2725 E JavaBinder: 	at android.os.Parcel.writeException(Parcel.java:1446)
12-15 16:13:09.864  2621  2725 E JavaBinder: 	at android.os.Binder.execTransact(Binder.java:452)
12-15 16:13:09.864  2621  2725 E JavaBinder: Caused by: android.os.RemoteException
12-15 16:13:09.864  2621  2725 E JavaBinder: 	at com.google.android.gms.ads.identifier.service.b.a(SourceFile:77)
12-15 16:13:09.864  2621  2725 E JavaBinder: 	at com.google.android.gms.ads.identifier.a.e.onTransact(SourceFile:63)
12-15 16:13:09.864  2621  2725 E JavaBinder: 	at android.os.Binder.execTransact(Binder.java:446)
12-15 16:13:09.880  2906  2906 I CalendarProvider2: Sending notification intent: Intent { act=android.intent.action.PROVIDER_CHANGED dat=content://com.android.calendar }
12-15 16:13:09.881  2906  2906 W ContentResolver: Failed to get type for: content://com.android.calendar (Unknown URL content://com.android.calendar)
12-15 16:13:09.881  2075  2331 I ActivityManager: Killing 2834:com.android.keychain/1000 (adj 15): empty #17
12-15 16:13:09.884  3452  3452 I MAMComponents: Not initializing MAM classes because the MDM package is not installed.
12-15 16:13:09.885  3452  3452 I MultiDex: VM with version 2.1.0 has multidex support
12-15 16:13:09.886  3452  3452 I MultiDex: install
12-15 16:13:09.886  3452  3452 I MultiDex: VM has multidex support, MultiDex support library is disabled.
12-15 16:13:09.903  2075  2304 I art     : Explicit concurrent mark sweep GC freed 19112(1034KB) AllocSpace objects, 0(0B) LOS objects, 33% free, 10MB/15MB, paused 196us total 11.873ms
12-15 16:13:09.906  2075  2338 W ActivityManager: getRunningAppProcesses: caller 10061 does not hold REAL_GET_TASKS; limiting output
12-15 16:13:09.909  3452  3452 I AMEnrollmentStatusCache: No MAM enrollment status found.
12-15 16:13:09.909  3452  3452 I NotificationReceiver: onReceive. Timestamp - Tue Dec 15 16:13:09 GMT+08:00 2015
12-15 16:13:09.909  3452  3452 I NotificationReceiver: Intent received - android.intent.action.BOOT_COMPLETED
12-15 16:13:09.909  3452  3452 I NotificationReceiver: NotificationFeature is disabled. Returning from onReceive
12-15 16:13:09.925  3478  3478 D houdini : [3478] Initialize library(version: 5.2.2_y.47738 RELEASE)... successfully.
12-15 16:13:09.925  2075  2236 I ActivityManager: Start proc 3478:com.microsoft.office.powerpoint/u0a61 for broadcast com.microsoft.office.powerpoint/com.microsoft.office.notification.NotificationReceiver
12-15 16:13:09.925  2075  2236 I ActivityManager: Killing 2859:com.android.dialer/u0a4 (adj 15): empty #17
12-15 16:13:09.929  1811  1811 I art     : Explicit concurrent mark sweep GC freed 709(30KB) AllocSpace objects, 0(0B) LOS objects, 40% free, 1904KB/3MB, paused 44us total 3.682ms
12-15 16:13:09.932  1811  1811 I art     : Explicit concurrent mark sweep GC freed 5(160B) AllocSpace objects, 0(0B) LOS objects, 40% free, 1904KB/3MB, paused 41us total 3.061ms
12-15 16:13:09.935  1811  1811 I art     : Explicit concurrent mark sweep GC freed 5(160B) AllocSpace objects, 0(0B) LOS objects, 40% free, 1904KB/3MB, paused 40us total 2.933ms
12-15 16:13:09.940  3478  3478 I ActivityThread: Switching default density from 160 to 240
12-15 16:13:09.960  3478  3478 I MAMComponents: Not initializing MAM classes because the MDM package is not installed.
12-15 16:13:09.962  3478  3478 I MultiDex: VM with version 2.1.0 has multidex support
12-15 16:13:09.962  3478  3478 I MultiDex: install
12-15 16:13:09.962  3478  3478 I MultiDex: VM has multidex support, MultiDex support library is disabled.
12-15 16:13:09.969  2075  2304 W ActivityManager: getRunningAppProcesses: caller 10061 does not hold REAL_GET_TASKS; limiting output
12-15 16:13:09.972  3478  3478 I AMEnrollmentStatusCache: No MAM enrollment status found.
12-15 16:13:09.972  3478  3478 I NotificationReceiver: onReceive. Timestamp - Tue Dec 15 16:13:09 GMT+08:00 2015
12-15 16:13:09.972  3478  3478 I NotificationReceiver: Intent received - android.intent.action.BOOT_COMPLETED
12-15 16:13:09.972  3478  3478 I NotificationReceiver: NotificationFeature is disabled. Returning from onReceive
12-15 16:13:09.988  3501  3501 D houdini : [3501] Initialize library(version: 5.2.2_y.47738 RELEASE)... successfully.
12-15 16:13:09.988  2075  2095 I ActivityManager: Start proc 3501:com.microsoft.office.word/u0a61 for broadcast com.microsoft.office.word/com.microsoft.office.notification.NotificationReceiver
12-15 16:13:09.988  2075  2095 I ActivityManager: Killing 3000:com.google.android.onetimeinitializer/u0a9 (adj 15): empty #17
12-15 16:13:10.003  3501  3501 I ActivityThread: Switching default density from 160 to 240
12-15 16:13:10.019  3501  3501 I MAMComponents: Not initializing MAM classes because the MDM package is not installed.
12-15 16:13:10.020  3501  3501 I MultiDex: VM with version 2.1.0 has multidex support
12-15 16:13:10.020  3501  3501 I MultiDex: install
12-15 16:13:10.020  3501  3501 I MultiDex: VM has multidex support, MultiDex support library is disabled.
12-15 16:13:10.028  2075  2338 W ActivityManager: getRunningAppProcesses: caller 10061 does not hold REAL_GET_TASKS; limiting output
12-15 16:13:10.030  3501  3501 I AMEnrollmentStatusCache: No MAM enrollment status found.
12-15 16:13:10.031  3501  3501 I NotificationReceiver: onReceive. Timestamp - Tue Dec 15 16:13:10 GMT+08:00 2015
12-15 16:13:10.031  3501  3501 I NotificationReceiver: Intent received - android.intent.action.BOOT_COMPLETED
12-15 16:13:10.031  3501  3501 I NotificationReceiver: NotificationFeature is disabled. Returning from onReceive
12-15 16:13:10.047  3524  3524 D houdini : [3524] Initialize library(version: 5.2.2_y.47738 RELEASE)... successfully.
12-15 16:13:10.047  2075  2512 I ActivityManager: Start proc 3524:com.microsoft.office.BootBroadCastReceiver/u0a61 for broadcast com.microsoft.office.word/com.microsoft.office.preinstallservice.BootBroadCastReceiver
12-15 16:13:10.047  2075  2512 I ActivityManager: Killing 2808:com.google.android.partnersetup/u0a10 (adj 15): empty #17
12-15 16:13:10.075  3524  3524 I ActivityThread: Switching default density from 160 to 240
12-15 16:13:10.078  3524  3524 I MAMComponents: Not initializing MAM classes because the MDM package is not installed.
12-15 16:13:10.079  3524  3524 I MultiDex: VM with version 2.1.0 has multidex support
12-15 16:13:10.079  3524  3524 I MultiDex: install
12-15 16:13:10.079  3524  3524 I MultiDex: VM has multidex support, MultiDex support library is disabled.
