12-15 16:13:08.144  2075  2075 W ContextImpl: Calling a method in the system process without a qualified user: android.app.ContextImpl.startService:1692 android.content.ContextWrapper.startService:516 com.android.server.telecom.BluetoothPhoneService.start:440 com.android.server.telecom.TelecomGlobals.initialize:93 com.android.server.telecom.TelecomService.onCreate:164 
12-15 16:13:08.145  2075  2075 D ZenLog  : downtime: Autotrigger skipped: not in downtime
12-15 16:13:08.145  2075  2075 D GpsNetInitiatedHandler: location enabled :true
12-15 16:13:08.145  2075  2075 V WiredAccessoryManager: notifyWiredAccessoryChanged: when=0 bits= mask=54
12-15 16:13:08.145  2075  2075 V WiredAccessoryManager: newName=h2w newState=0 headsetState=0 prev headsetState=0
12-15 16:13:08.145  2075  2075 E WiredAccessoryManager: No state change.
12-15 16:13:08.145  2075  2075 V WiredAccessoryManager: init()
12-15 16:13:08.147  1810  1810 I art     : Explicit concurrent mark sweep GC freed 5(160B) AllocSpace objects, 0(0B) LOS objects, 39% free, 1950KB/3MB, paused 34us total 3.559ms
12-15 16:13:08.148  2075  2075 W ResourcesManager: Asset path '/system/framework/com.google.android.media.effects.jar' does not exist or contains no resources.
12-15 16:13:08.149  2209  2209 W ResourceType: No package identifier when getting value for resource number 0x00000000
12-15 16:13:08.149  2209  2209 W PackageManager: Failure retrieving resources for com.microsoft.office.word: Resource ID #0x0
12-15 16:13:08.151  2075  2104 D BluetoothManagerService: Message: 300
12-15 16:13:08.151  2075  2104 D BluetoothManagerService: MESSAGE_USER_SWITCHED
12-15 16:13:08.152  1795  1833 D PermissionCache: checking android.permission.HARDWARE_TEST for uid=1000 => granted (38 us)
12-15 16:13:08.152  1804  2133 D BlueZ   : external/bluetooth/bluez/android/hal-audio.c:audio_set_mic_mute() 
12-15 16:13:08.153  2428  2428 D Launcher.Model: Old launcher provider: content://com.android.launcher2.settings/favorites?notify=true
12-15 16:13:08.153  2428  2428 D Launcher.Model: Old launcher provider does not exist.
12-15 16:13:08.154  2075  2075 V BackupManagerService: Connected to transport ComponentInfo{android/com.android.internal.backup.LocalTransportService}
12-15 16:13:08.154  2075  2075 V BackupManagerService: Registering transport android/com.android.internal.backup.LocalTransportService::android/com.android.internal.backup.LocalTransport = android.app.backup.BackupTransport$TransportImpl@311ce3e1
12-15 16:13:08.155  2428  2428 W Launcher: setApplicationContext called twice! old=com.android.launcher3.LauncherApplication@25e3f18e new=com.android.launcher3.LauncherApplication@25e3f18e
12-15 16:13:08.158  2209  2209 W ResourceType: No package identifier when getting value for resource number 0x00000000
12-15 16:13:08.158  2209  2209 W PackageManager: Failure retrieving resources for com.microsoft.office.powerpoint: Resource ID #0x0
12-15 16:13:08.158  2075  2075 D WifiScanningService: SCAN_AVAILABLE : 3
12-15 16:13:08.158  2075  2075 D RttService: SCAN_AVAILABLE : 3
12-15 16:13:08.158  2075  2156 D WifiScanningService: DefaultState got{ when=0 what=160006 target=com.android.internal.util.StateMachine$SmHandler }
12-15 16:13:08.158  2075  2157 D RttService: DefaultState got{ when=0 what=160512 target=com.android.internal.util.StateMachine$SmHandler }
12-15 16:13:08.158  2075  2156 I WifiNative-HAL: startHal
12-15 16:13:08.158  2075  2156 E WifiScanningService: could not start HAL
12-15 16:13:08.158  2075  2075 D BluetoothManagerService: Trying to bind to profile: 1, while Bluetooth was disabled
12-15 16:13:08.158  2075  2104 D BluetoothManagerService: Message: 30
12-15 16:13:08.165  2209  2209 W ResourceType: No package identifier when getting value for resource number 0x00000000
12-15 16:13:08.165  2209  2209 W PackageManager: Failure retrieving resources for com.microsoft.office.excel: Resource ID #0x0
12-15 16:13:08.169  2272  2482 I LatinIME:LogUtils: Dictionary info: dictionary = PersonalizationDictionary.en_US ; version = 1450167188 ; date = ?
12-15 16:13:08.169  2272  2482 I LatinIME:LogUtils: Dictionary info: dictionary = PersonalizationDictionary.en_US ; version = 1450167188 ; date = ?
12-15 16:13:08.173  2209  2209 W ResourceType: No package identifier when getting value for resource number 0x00000000
12-15 16:13:08.173  2209  2209 W PackageManager: Failure retrieving resources for com.android.providers.downloads.ui: Resource ID #0x0
12-15 16:13:08.173  2428  2428 W ResourceType: Attempt to retrieve bag 0x7f0d0008 which is invalid or in a cycle.
12-15 16:13:08.174  2341  2341 I art     : Rejecting re-init on previously-failed class java.lang.Class<com.google.android.gms.common.h.c>
12-15 16:13:08.174  2341  2341 I art     : Rejecting re-init on previously-failed class java.lang.Class<com.google.android.gms.common.h.c>
12-15 16:13:08.176  2272  2525 I LatinIME:LogUtils: Dictionary info: dictionary = main:en ; version = 47 ; date = 1402373178
12-15 16:13:08.181  2209  2209 W ResourceType: No package identifier when getting value for resource number 0x00000000
12-15 16:13:08.181  2209  2209 W PackageManager: Failure retrieving resources for com.android.settings: Resource ID #0x0
12-15 16:13:08.187  2428  2513 D Launcher.Model: 11683562 - loadWorkspace()
12-15 16:13:08.188  2428  2513 D Launcher.Model: 11683562 -   loadedOldDb: false
12-15 16:13:08.189  2341  2341 I MultiDex: VM with version 2.1.0 has multidex support
12-15 16:13:08.189  2341  2341 I MultiDex: install
12-15 16:13:08.189  2341  2341 I MultiDex: VM has multidex support, MultiDex support library is disabled.
12-15 16:13:08.190  2428  2513 W Launcher: setApplicationContext called twice! old=com.android.launcher3.LauncherApplication@25e3f18e new=com.android.launcher3.LauncherApplication@25e3f18e
12-15 16:13:08.191  2209  2209 W ResourceType: No package identifier when getting value for resource number 0x00000000
12-15 16:13:08.191  2209  2209 W PackageManager: Failure retrieving resources for com.tencent.mobileqq: Resource ID #0x0
12-15 16:13:08.193  2428  2531 D OpenGLRenderer: Use EGL_SWAP_BEHAVIOR_PRESERVED: true
12-15 16:13:08.194  2428  2428 I GRALLOC-DRM: create intel for driver i915
12-15 16:13:08.194  2428  2428 D Atlas   : Validating map...
12-15 16:13:08.196  2075  2236 V WindowManager: Based on layer: Adding window Window{5a641aa u0 com.android.launcher3/com.android.launcher3.Launcher} at 0 of 2
12-15 16:13:08.196  2392  2392 D TelephonyProvider: dbh.onOpen: ok, queried table=siminfo
12-15 16:13:08.196  2392  2392 D TelephonyProvider: dbh.onOpen: ok, queried table=carriers
12-15 16:13:08.204  2490  2517 I ContactLocale: AddressBook Labels [zh-CN]: [, A, B, C, D, E, F, G, H, I, J, K, L, M, N, O, P, Q, R, S, T, U, V, W, X, Y, Z, , , , , , , , , , , , , , , , , , , , , , , , , , , , , , , , , , , , , , , , , , , , , , , , , , , , , , , , , , , , , , , , , , , , , , , , , , , , , , , , , , , , , , , , , , , , , , , , , , , , , , , , , , , , , , , , , , , , , , , , , , , , , , , , , , , , , , , , , , , , , , , , , , , , , , , , , , , , , , , , , , , , , , , , , , , , , , , , , , , , , , , , , , , , #, ]
12-15 16:13:08.204  2428  2513 D Launcher.Model: 11683562 - loadWorkspaceScreensDb()
12-15 16:13:08.204  2209  2209 W ResourceType: No package identifier when getting value for resource number 0x00000000
12-15 16:13:08.204  2209  2209 W PackageManager: Failure retrieving resources for com.android.browser: Resource ID #0x0
12-15 16:13:08.205  2428  2513 D Launcher.Model: 11683562 -   screens: { 0: 3 }
12-15 16:13:08.205  2428  2513 D Launcher.Model: 11683562 -   sBgWorkspaceScreens: 3
12-15 16:13:08.207  2075  2099 D GpsLocationProvider: received SIM realted action: 
12-15 16:13:08.208  2075  2099 D GpsLocationProvider: SIM MCC/MNC is still not available
12-15 16:13:08.208  2392  2538 E DcSwitchStateMachine-0: DctController is not ready
12-15 16:13:08.208  2075  2146 E ConnectivityService: Failed to find Messenger in unregisterNetworkFactory
12-15 16:13:08.209  2075  2146 D ConnectivityService: Got NetworkFactory Messenger for Telephony
12-15 16:13:08.213  2075  2145 D WifiController: DEFERRED_TOGGLE handled
12-15 16:13:08.214  2075  2144 D WifiConfigStore: Loading config and enabling all networks 
12-15 16:13:08.215  2075  2144 E WifiConfigStore: Error parsing configuration: java.io.FileNotFoundException: /data/misc/wifi/ipconfig.txt: open failed: ENOENT (No such file or directory)
12-15 16:13:08.217  2209  2209 W ResourceType: No package identifier when getting value for resource number 0x00000000
12-15 16:13:08.217  2209  2209 W PackageManager: Failure retrieving resources for com.cyanogenmod.filemanager: Resource ID #0x0
12-15 16:13:08.228  2428  2531 I EGL-DRI2: DRI2: found extension DRI_Core version 1
12-15 16:13:08.228  2428  2531 I EGL-DRI2: DRI2: found extension DRI_DRI2 version 4
12-15 16:13:08.231  2075  2096 I ActivityManager: Start proc 2542:com.google.process.gapps/u0a7 for content provider com.google.android.gsf/.gservices.GservicesProvider
12-15 16:13:08.232  2428  2531 I EGL-DRI2: DRI2: found extension DRI_TexBuffer version 3
12-15 16:13:08.232  2428  2531 I EGL-DRI2: DRI2: found extension DRI2_Flush version 4
12-15 16:13:08.232  2428  2531 I EGL-DRI2: DRI2: found extension DRI_IMAGE version 11
12-15 16:13:08.232  2428  2531 I OpenGLRenderer: Initialized EGL, version 1.4
12-15 16:13:08.232  2428  2531 W OpenGLRenderer: Failed to choose config with EGL_SWAP_BEHAVIOR_PRESERVED, retrying without...
12-15 16:13:08.233  2428  2531 D OpenGLRenderer: Enabling debug mode 0
12-15 16:13:08.234  2075  2104 D BluetoothManagerService: Message: 20
12-15 16:13:08.234  2075  2104 D BluetoothManagerService: Added callback: android.bluetooth.IBluetoothManagerCallback$Stub$Proxy@14157068:true
12-15 16:13:08.234  2075  2104 D BluetoothManagerService: Message: 30
12-15 16:13:08.234  2075  2095 D BluetoothManagerService: Trying to bind to profile: 1, while Bluetooth was disabled
12-15 16:13:08.235  2542  2542 I ActivityThread: Switching default density from 160 to 240
12-15 16:13:08.238  2392  2392 I Telephony: TtyManager: updateUiTtyMode -1 -> 0
12-15 16:13:08.239  2075  2075 D GpsLocationProvider: received SIM realted action: 
12-15 16:13:08.239  2075  2075 D GpsLocationProvider: SIM MCC/MNC is still not available
12-15 16:13:08.241  2542  2542 I GservicesProvider: Gservices pushing to system: true; secure/global: true
12-15 16:13:08.248  2075  2105 I ActivityManager: Displayed com.android.launcher3/.Launcher: +164ms
12-15 16:13:08.250  2428  2428 D Launcher: 11683562 - bindAddScreens()
12-15 16:13:08.250  2428  2428 D Launcher: 11683562 -   orderedScreenIds: 3
12-15 16:13:08.250  2428  2428 D Launcher.Workspace: 11683562 - insertNewWorkspaceScreen(): 3 at index: 0
12-15 16:13:08.253  2392  2392 D TelephonyDebugService: TelephonyDebugService()
12-15 16:13:08.256  2075  2145 D WifiService: New client listening to asynchronous messages
12-15 16:13:08.262  2392  2392 I Telephony: PstnIncomingCallNotifier: Registering: Handler (com.android.internal.telephony.gsm.GSMPhone) {9c42b49}
12-15 16:13:08.262  2209  2209 D VolumeUI: Registering volume controller
12-15 16:13:08.268  2341  2341 V JNIHelp : Registering com/google/android/gms/org/conscrypt/NativeCrypto's 240 native methods...
12-15 16:13:08.268  2209  2209 V KeyguardUpdateMonitor: action android.intent.action.SIM_STATE_CHANGED state: NOT_READY slotId: 0 subid: -2
12-15 16:13:08.270  2075  2488 I StatusBarManagerService: registerStatusBar bar=com.android.internal.statusbar.IStatusBar$Stub$Proxy@89339e5
12-15 16:13:08.278  1805  1805 E installd: Unable to unlink boot marker at /data/dalvik-cache/arm64/.booting, error=No such file or directory
12-15 16:13:08.278  2075  2100 E ActivityManager: Unable to mark boot complete for abi: arm64-v8a
12-15 16:13:08.279  1805  1805 E installd: Unable to unlink boot marker at /data/dalvik-cache/arm/.booting, error=No such file or directory
12-15 16:13:08.279  2075  2100 E ActivityManager: Unable to mark boot complete for abi: armeabi-v7a
12-15 16:13:08.279  2075  2100 I SystemServiceManager: Starting phase 1000
12-15 16:13:08.280  2075  2100 V KeyguardServiceDelegate: *** Keyguard started
12-15 16:13:08.280  2075  2100 W KeyguardServiceDelegate: onScreenTurnedOn(): no keyguard service!
12-15 16:13:08.280  2075  2100 D KbdSensor: poll_activate: dev=0x7f1458866680 handle=0 enabled=1
12-15 16:13:08.280  2075  2100 D KbdSensor: poll_setDelay: dev=0x7f1458866680 delay-ns=66667000
12-15 16:13:08.282  2341  2341 I ProviderInstaller: Installed default security provider GmsCore_OpenSSL
12-15 16:13:08.282  2574  2574 I sh      : + hw_sh=/vendor/etc/init.sh 
12-15 16:13:08.282  2574  2574 I sh      : + '[' -e /vendor/etc/init.sh ']'
12-15 16:13:08.282  2574  2574 I sh      : + do_bootcomplete
12-15 16:13:08.282  2574  2574 I sh      : + init_cpu_governor
12-15 16:13:08.282  2574  2574 I sh      : + getprop cpu.governor
12-15 16:13:08.284  2574  2574 I sh      : + governor= 
12-15 16:13:08.284  2574  2574 I sh      : + '[' ']'
12-15 16:13:08.284  2574  2574 I sh      : + getprop persist.sys.root_access
12-15 16:13:08.285  2574  2574 I sh      : + '[' -z 3 ']'
12-15 16:13:08.285  2574  2574 I sh      : + getprop debug.mesa.driver
12-15 16:13:08.287  2574  2574 I sh      : + '['  '=' i965 ']'
12-15 16:13:08.287  2574  2574 I sh      : + lsmod
12-15 16:13:08.287  2574  2574 I sh      : + grep -e brcmfmac
12-15 16:13:08.288  2574  2574 I sh      : + grep '\[.*\]' /proc/asound/cards
12-15 16:13:08.288  2574  2574 I sh      : + awk '{print $1}'
12-15 16:13:08.290  2574  2574 I sh      : + cat /proc/asound/card0/id
12-15 16:13:08.290  2574  2574 I sh      : + f=/system/etc/alsa/HDMI.state 
12-15 16:13:08.290  2574  2574 I sh      : + '[' -e /system/etc/alsa/HDMI.state ']'
12-15 16:13:08.291  2574  2574 I sh      : + alsa_ctl init 0
12-15 16:13:08.293  2341  2580 D NativeLibraryUtils: Install completed successfully. count=0 extracted=0
12-15 16:13:08.297  2574  2574 I sh      : Found hardware: "HDA-Intel" "Intel Haswell HDMI" "HDA:80862807,80860101,00100000" "0x1462" "0x111d"
12-15 16:13:08.297  2574  2574 I sh      : Hardware is initialized using a generic method
12-15 16:13:08.297  2574  2574 I sh      : + alsa_amixer -c 0 set Master on
12-15 16:13:08.300  2574  2574 I sh      : amixer: Unable to find simple control 'Master',0
12-15 16:13:08.300  2574  2574 I sh      : + alsa_amixer -c 0 set Master 100%
12-15 16:13:08.302  2574  2574 I sh      : amixer: Unable to find simple control 'Master',0
12-15 16:13:08.302  2574  2574 I sh      : + alsa_amixer -c 0 set Headphone on
12-15 16:13:08.303  2574  2574 I sh      : amixer: Unable to find simple control 'Headphone',0
12-15 16:13:08.304  2574  2574 I sh      : + alsa_amixer -c 0 set Headphone 100%
12-15 16:13:08.305  2574  2574 I sh      : amixer: Unable to find simple control 'Headphone',0
12-15 16:13:08.306  2574  2574 I sh      : + alsa_amixer -c 0 set Speaker 100%
12-15 16:13:08.307  2574  2574 I sh      : amixer: Unable to find simple control 'Speaker',0
12-15 16:13:08.307  2574  2574 I sh      : + alsa_amixer -c 0 set Capture 100%
12-15 16:13:08.309  2574  2574 I sh      : amixer: Unable to find simple control 'Capture',0
12-15 16:13:08.310  2574  2574 I sh      : + alsa_amixer -c 0 set Capture cap
12-15 16:13:08.312  2574  2574 I sh      : amixer: Unable to find simple control 'Capture',0
12-15 16:13:08.312  2574  2574 I sh      : + alsa_amixer -c 0 set PCM 100 unmute
12-15 16:13:08.313  2075  2075 V BackupManagerService: Connected to transport ComponentInfo{com.google.android.gms/com.google.android.gms.backup.BackupTransportService}
12-15 16:13:08.314  2075  2075 V BackupManagerService: Registering transport com.google.android.gms/.backup.BackupTransportService::com.google.android.gms/.backup.BackupTransportService = com.android.internal.backup.IBackupTransport$Stub$Proxy@2cbd12d1
12-15 16:13:08.315  2574  2574 I sh      : amixer: Unable to find simple control 'PCM',0
12-15 16:13:08.315  2574  2574 I sh      : + alsa_amixer -c 0 set 'Mic Boost' 3
12-15 16:13:08.318  2574  2574 I sh      : amixer: Unable to find simple control 'Mic Boost',0
12-15 16:13:08.318  2574  2574 I sh      : + alsa_amixer -c 0 set 'Internal Mic Boost' 3
12-15 16:13:08.319  2542  2542 W ResourcesManager: Asset path '/system/framework/com.android.media.remotedisplay.jar' does not exist or contains no resources.
12-15 16:13:08.319  2542  2542 W ResourcesManager: Asset path '/system/framework/com.android.location.provider.jar' does not exist or contains no resources.
12-15 16:13:08.320  2574  2574 I sh      : amixer: Unable to find simple control 'Internal Mic Boost',0
12-15 16:13:08.321  2574  2574 I sh      : + cat /proc/asound/card1/id
12-15 16:13:08.321  2574  2574 I sh      : + f=/system/etc/alsa/PCH.state 
12-15 16:13:08.321  2574  2574 I sh      : + '[' -e /system/etc/alsa/PCH.state ']'
12-15 16:13:08.321  2574  2574 I sh      : + alsa_ctl init 1
12-15 16:13:08.321  2428  2513 W ResourceType: No package identifier when getting value for resource number 0x00000000
12-15 16:13:08.321  2428  2513 W ResourceType: No package identifier when getting value for resource number 0x00000000
12-15 16:13:08.321  2428  2513 W PackageManager: Failure retrieving resources for com.example.android.rssreader: Resource ID #0x0
12-15 16:13:08.321  2428  2513 W ResourceType: No package identifier when getting value for resource number 0x00000000
12-15 16:13:08.321  2428  2513 W PackageManager: Failure retrieving resources for com.example.android.rssreader: Resource ID #0x0
12-15 16:13:08.322  2542  2542 I art     : Rejecting re-init on previously-failed class java.lang.Class<com.google.android.gms.common.h.c>
12-15 16:13:08.322  2542  2542 I art     : Rejecting re-init on previously-failed class java.lang.Class<com.google.android.gms.common.h.c>
12-15 16:13:08.323  2574  2574 I sh      : Found hardware: "HDA-Intel" "Realtek ALC892" "HDA:10ec0892,1462111d,00100302" "0x1462" "0x111d"
12-15 16:13:08.323  2574  2574 I sh      : Hardware is initialized using a generic method
12-15 16:13:08.323  2542  2542 I MultiDex: VM with version 2.1.0 has multidex support
12-15 16:13:08.323  2542  2542 I MultiDex: install
12-15 16:13:08.323  2542  2542 I MultiDex: VM has multidex support, MultiDex support library is disabled.
12-15 16:13:08.324  2075  2145 D WifiService: New client listening to asynchronous messages
12-15 16:13:08.325  2428  2428 W ResourcesManager: Asset path '/system/framework/com.google.android.media.effects.jar' does not exist or contains no resources.
12-15 16:13:08.326  2542  2542 V JNIHelp : Registering com/google/android/gms/org/conscrypt/NativeCrypto's 240 native methods...
12-15 16:13:08.328  2075  2104 D BluetoothManagerService: Message: 20
12-15 16:13:08.328  2075  2104 D BluetoothManagerService: Added callback: android.bluetooth.IBluetoothManagerCallback$Stub$Proxy@318403e6:true
12-15 16:13:08.328  2209  2209 D BluetoothAdapter: 345455442: getState() :  mService = null. Returning STATE_OFF
12-15 16:13:08.328  2209  2607 D BluetoothAdapter: 345455442: getState() :  mService = null. Returning STATE_OFF
12-15 16:13:08.328  2075  2104 D BluetoothManagerService: Message: 30
12-15 16:13:08.329  2075  2104 D BluetoothManagerService: Message: 30
12-15 16:13:08.329  2209  2209 E BluetoothA2dpSink: Could not bind to Bluetooth A2DP Service with Intent { act=android.bluetooth.IBluetoothA2dpSink }
12-15 16:13:08.329  2075  2104 D BluetoothManagerService: Message: 30
12-15 16:13:08.329  2209  2209 E BluetoothAvrcpController: Could not bind to Bluetooth AVRCP Controller Service with Intent { act=android.bluetooth.IBluetoothAvrcpController }
12-15 16:13:08.329  2075  2104 D BluetoothManagerService: Message: 30
12-15 16:13:08.329  2075  2331 D BluetoothManagerService: Trying to bind to profile: 1, while Bluetooth was disabled
12-15 16:13:08.330  2075  2104 D BluetoothManagerService: Message: 30
12-15 16:13:08.330  2209  2209 E BluetoothHeadsetClient: Could not bind to Bluetooth Headset Client Service with Intent { act=android.bluetooth.IBluetoothHeadsetClient }
12-15 16:13:08.330  2075  2104 D BluetoothManagerService: Message: 30
12-15 16:13:08.330  2209  2209 D BluetoothMap: Create BluetoothMap proxy object
12-15 16:13:08.330  2075  2104 D BluetoothManagerService: Message: 30
12-15 16:13:08.331  2075  2104 D BluetoothManagerService: Message: 30
12-15 16:13:08.332  2075  2487 D ConnectivityService: listenForNetwork for NetworkRequest [ id=2, legacyType=-1, [] ]
12-15 16:13:08.332  2542  2542 I ProviderInstaller: Installed default security provider GmsCore_OpenSSL
12-15 16:13:08.334  2542  2613 I Backup  : [BackupTransportMigratorService] Starting migration...
12-15 16:13:08.334  2209  2209 I CameraManagerGlobal: getCameraService: Reconnecting to camera service
12-15 16:13:08.335  2542  2613 W Backup  : [LegacyBackupAccountManager] No google accounts found!
12-15 16:13:08.339  2542  2612 D NativeLibraryUtils: Install completed successfully. count=0 extracted=0
12-15 16:13:08.340  2209  2616 D BluetoothAdapter: 345455442: getState() :  mService = null. Returning STATE_OFF
12-15 16:13:08.340  2209  2616 D BluetoothAdapter: 345455442: getState() :  mService = null. Returning STATE_OFF
12-15 16:13:08.340  2209  2616 D BluetoothAdapter: 345455442: getState() :  mService = null. Returning STATE_OFF
12-15 16:13:08.340  2209  2616 D BluetoothAdapter: 345455442: getState() :  mService = null. Returning STATE_OFF
12-15 16:13:08.342  2209  2620 D OpenGLRenderer: Use EGL_SWAP_BEHAVIOR_PRESERVED: true
12-15 16:13:08.342  2209  2209 I GRALLOC-DRM: create intel for driver i915
12-15 16:13:08.342  2209  2209 D Atlas   : Validating map...
12-15 16:13:08.344  2209  2209 D PhoneStatusBar: disable: < expand icons alerts system_info back home recent clock search >
12-15 16:13:08.354  2075  2331 I art     : Explicit concurrent mark sweep GC freed 13013(719KB) AllocSpace objects, 8(132KB) LOS objects, 33% free, 9MB/14MB, paused 250us total 12.919ms
12-15 16:13:08.358  2075  2512 I ActivityManager: Start proc 2621:com.google.android.gms/u0a7 for service com.google.android.gms/.usagereporting.service.UsageReportingService
12-15 16:13:08.364  2209  2209 D BluetoothAdapter: 345455442: getState() :  mService = null. Returning STATE_OFF
12-15 16:13:08.364  2209  2209 D BluetoothAdapter: 345455442: getState() :  mService = null. Returning STATE_OFF
12-15 16:13:08.364  2621  2621 I ActivityThread: Switching default density from 160 to 240
12-15 16:13:08.365  2621  2621 W ResourcesManager: Asset path '/system/framework/com.android.media.remotedisplay.jar' does not exist or contains no resources.
12-15 16:13:08.365  2621  2621 W ResourcesManager: Asset path '/system/framework/com.android.location.provider.jar' does not exist or contains no resources.
12-15 16:13:08.365  2209  2209 D PhoneStatusBar: heads up is enabled
12-15 16:13:08.369  2621  2621 I art     : Rejecting re-init on previously-failed class java.lang.Class<com.google.android.gms.common.h.c>
12-15 16:13:08.369  2621  2621 I art     : Rejecting re-init on previously-failed class java.lang.Class<com.google.android.gms.common.h.c>
12-15 16:13:08.370  2621  2621 I MultiDex: VM with version 2.1.0 has multidex support
12-15 16:13:08.370  2621  2621 I MultiDex: install
12-15 16:13:08.370  2621  2621 I MultiDex: VM has multidex support, MultiDex support library is disabled.
12-15 16:13:08.375  2341  2371 V GmsNetworkLocationProvi: onSetRequest: ProviderRequestUnbundled, reportLocation is true and interval is 86400000
12-15 16:13:08.380  2341  2341 W GmsBackupAccountManager: Backup account not found in gmscore.
12-15 16:13:08.381  2341  2374 W GmsBackupAccountManager: Backup account not found in gmscore.
12-15 16:13:08.381  2542  2613 I Backup  : [BackupTransportMigratorService] Successfully migrated to use GMS BackupTransportService!
12-15 16:13:08.396  2341  2341 V GmsNetworkLocationProvi: DISABLE
12-15 16:13:08.397  2075  2104 D BluetoothManagerService: Message: 20
12-15 16:13:08.397  2075  2104 D BluetoothManagerService: Added callback: android.bluetooth.IBluetoothManagerCallback$Stub$Proxy@35a24a3a:true
12-15 16:13:08.397  2341  2341 V GmsNetworkLocationProvi: ENABLE
12-15 16:13:08.398  2341  2341 V GmsNetworkLocationProvi: SET-REQUEST
12-15 16:13:08.398  2341  2341 V GmsNetworkLocationProvi: in Handler: ProviderRequestUnbundled, reportLocation is true and interval is 86400000
12-15 16:13:08.399  2341  2341 D GeofencerStateMachine: Creating GeofencerStateMachine
12-15 16:13:08.400  2621  2621 V JNIHelp : Registering com/google/android/gms/org/conscrypt/NativeCrypto's 240 native methods...
12-15 16:13:08.400  2075  2145 D WifiService: New client listening to asynchronous messages
12-15 16:13:08.403  2341  2341 I art     : Rejecting re-init on previously-failed class java.lang.Class<com.google.android.gms.common.util.bl>
12-15 16:13:08.403  2341  2341 I art     : Rejecting re-init on previously-failed class java.lang.Class<com.google.android.gms.common.util.bl>
12-15 16:13:08.405  2621  2621 I ProviderInstaller: Installed default security provider GmsCore_OpenSSL
12-15 16:13:08.414  2621  2662 D NativeLibraryUtils: Install completed successfully. count=0 extracted=0
12-15 16:13:08.420  2341  2661 W Settings: Setting airplane_mode_on has moved from android.provider.Settings.System to android.provider.Settings.Global, returning read-only value.
12-15 16:13:08.437  2075  2096 I ActivityManager: Start proc 2667:com.google.android.gms.wearable/u0a7 for service com.google.android.gms/.wearable.service.WearableService
12-15 16:13:08.441  2667  2667 I ActivityThread: Switching default density from 160 to 240
12-15 16:13:08.442  2667  2667 W ResourcesManager: Asset path '/system/framework/com.android.media.remotedisplay.jar' does not exist or contains no resources.
12-15 16:13:08.442  2667  2667 W ResourcesManager: Asset path '/system/framework/com.android.location.provider.jar' does not exist or contains no resources.
12-15 16:13:08.443  2341  2341 I GCoreUlr: Starting service, intent=Intent { act=com.google.android.location.reporting.ACTION_UPDATE_WORLD cmp=com.google.android.gms/com.google.android.location.reporting.service.DispatchingService (has extras) }, extras=Bundle[{receiverAction=android.location.PROVIDERS_CHANGED}]
12-15 16:13:08.447  2341  2341 V GeofencerHelper: Initializing geofence's system cache.
12-15 16:13:08.448  2667  2667 I art     : Rejecting re-init on previously-failed class java.lang.Class<com.google.android.gms.common.h.c>
12-15 16:13:08.448  2667  2667 I art     : Rejecting re-init on previously-failed class java.lang.Class<com.google.android.gms.common.h.c>
12-15 16:13:08.448  2667  2667 I MultiDex: VM with version 2.1.0 has multidex support
12-15 16:13:08.448  2667  2667 I MultiDex: install
12-15 16:13:08.448  2667  2667 I MultiDex: VM has multidex support, MultiDex support library is disabled.
12-15 16:13:08.450  2209  2209 I EGL-DRI2: DRI2: found extension DRI_Core version 1
12-15 16:13:08.450  2209  2209 I EGL-DRI2: DRI2: found extension DRI_DRI2 version 4
12-15 16:13:08.450  2341  2656 D GeofenceStateCache: Recovered 0 geofences.
12-15 16:13:08.453  2209  2209 I EGL-DRI2: DRI2: found extension DRI_TexBuffer version 3
12-15 16:13:08.453  2209  2209 I EGL-DRI2: DRI2: found extension DRI2_Flush version 4
12-15 16:13:08.453  2209  2209 I EGL-DRI2: DRI2: found extension DRI_IMAGE version 11
12-15 16:13:08.461  2692  2692 D houdini : [2692] Initialize library(version: 5.2.2_y.47738 RELEASE)... successfully.
12-15 16:13:08.462  2075  2075 I ActivityManager: Start proc 2692:com.tencent.mobileqq:MSF/u0a66 for broadcast com.tencent.mobileqq/.msf.core.NetConnInfoCenter
12-15 16:13:08.464  2667  2667 V JNIHelp : Registering com/google/android/gms/org/conscrypt/NativeCrypto's 240 native methods...
12-15 16:13:08.465  2341  2341 I GCoreUlr: DispatchingService.onCreate()
12-15 16:13:08.470  2667  2667 I ProviderInstaller: Installed default security provider GmsCore_OpenSSL
12-15 16:13:08.475  2692  2692 I ActivityThread: Switching default density from 160 to 240
12-15 16:13:08.475  2574  2574 I sh      : + alsa_amixer -c 1 set Master on
12-15 16:13:08.475  2692  2692 W ResourcesManager: Asset path '/system/framework/com.google.android.media.effects.jar' does not exist or contains no resources.
12-15 16:13:08.477  2209  2209 D KeyguardUpdateMonitor: handleSimStateChange(subId=-2, slotId=0, state=UNKNOWN)
12-15 16:13:08.477  2209  2209 W KeyguardUpdateMonitor: invalid subId in handleSimStateChange()
12-15 16:13:08.477  2209  2209 V KeyguardUpdateMonitor: onSubscriptionInfoChanged()
12-15 16:13:08.477  2209  2209 V KeyguardUpdateMonitor: onSubscriptionInfoChanged: list is null
12-15 16:13:08.477  2574  2574 I sh      : Simple mixer control 'Master',0
12-15 16:13:08.477  2574  2574 I sh      :   Capabilities: pvolume pvolume-joined pswitch pswitch-joined penum
12-15 16:13:08.477  2574  2574 I sh      :   Playback channels: Mono
12-15 16:13:08.477  2574  2574 I sh      :   Limits: Playback 0 - 64
12-15 16:13:08.477  2574  2574 I sh      :   Mono: Playback 44 [69%] [-20.00dB] [on]
12-15 16:13:08.478  2667  2667 D WearableService: callingUid 10007, callindPid: 2667
12-15 16:13:08.478  2574  2574 I sh      : + alsa_amixer -c 1 set Master 100%
12-15 16:13:08.480  2667  2718 D NativeLibraryUtils: Install completed successfully. count=0 extracted=0
12-15 16:13:08.480  2341  2661 W Settings: Setting airplane_mode_on has moved from android.provider.Settings.System to android.provider.Settings.Global, returning read-only value.
12-15 16:13:08.480  2209  2209 D ViewRootImpl: changeCanvasOpacity: opaque=true
12-15 16:13:08.481  2574  2574 I sh      : Simple mixer control 'Master',0
12-15 16:13:08.481  2574  2574 I sh      :   Capabilities: pvolume pvolume-joined pswitch pswitch-joined penum
12-15 16:13:08.481  2574  2574 I sh      :   Playback channels: Mono
12-15 16:13:08.481  2574  2574 I sh      :   Limits: Playback 0 - 64
12-15 16:13:08.481  2574  2574 I sh      :   Mono: Playback 64 [100%] [0.00dB] [on]
12-15 16:13:08.481  2574  2574 I sh      : + alsa_amixer -c 1 set Headphone on
12-15 16:13:08.483  2574  2574 I sh      : Simple mixer control 'Headphone',0
12-15 16:13:08.483  2574  2574 I sh      :   Capabilities: pvolume pswitch penum
12-15 16:13:08.483  2574  2574 I sh      :   Playback channels: Front Left - Front Right
12-15 16:13:08.483  2574  2574 I sh      :   Limits: Playback 0 - 64
12-15 16:13:08.483  2574  2574 I sh      :   Mono:
12-15 16:13:08.483  2574  2574 I sh      :   Front Left: Playback 64 [100%] [0.00dB] [on]
12-15 16:13:08.483  2574  2574 I sh      :   Front Right: Playback 64 [100%] [0.00dB] [on]
12-15 16:13:08.483  2574  2574 I sh      : + alsa_amixer -c 1 set Headphone 100%
12-15 16:13:08.485  2574  2574 I sh      : Simple mixer control 'Headphone',0
12-15 16:13:08.485  2574  2574 I sh      :   Capabilities: pvolume pswitch penum
12-15 16:13:08.485  2574  2574 I sh      :   Playback channels: Front Left - Front Right
12-15 16:13:08.485  2574  2574 I sh      :   Limits: Playback 0 - 64
12-15 16:13:08.485  2574  2574 I sh      :   Mono:
12-15 16:13:08.485  2574  2574 I sh      :   Front Left: Playback 64 [100%] [0.00dB] [on]
12-15 16:13:08.485  2574  2574 I sh      :   Front Right: Playback 64 [100%] [0.00dB] [on]
12-15 16:13:08.485  2574  2574 I sh      : + alsa_amixer -c 1 set Speaker 100%
12-15 16:13:08.487  2574  2574 I sh      : Simple mixer control 'Speaker',0
12-15 16:13:08.487  2574  2574 I sh      :   Capabilities: pvolume pswitch penum
12-15 16:13:08.487  2574  2574 I sh      :   Playback channels: Front Left - Front Right
12-15 16:13:08.487  2574  2574 I sh      :   Limits: Playback 0 - 64
12-15 16:13:08.487  2574  2574 I sh      :   Mono:
12-15 16:13:08.487  2574  2574 I sh      :   Front Left: Playback 64 [100%] [0.00dB] [on]
12-15 16:13:08.487  2574  2574 I sh      :   Front Right: Playback 64 [100%] [0.00dB] [on]
12-15 16:13:08.487  2574  2574 I sh      : + alsa_amixer -c 1 set Capture 100%
12-15 16:13:08.489  2574  2574 I sh      : Simple mixer control 'Capture',0
12-15 16:13:08.489  2574  2574 I sh      :   Capabilities: cvolume cswitch penum
12-15 16:13:08.489  2574  2574 I sh      :   Capture channels: Front Left - Front Right
12-15 16:13:08.489  2574  2574 I sh      :   Limits: Capture 0 - 46
12-15 16:13:08.489  2574  2574 I sh      :   Front Left: Capture 46 [100%] [30.00dB] [on]
12-15 16:13:08.489  2574  2574 I sh      :   Front Right: Capture 46 [100%] [30.00dB] [on]
12-15 16:13:08.489  2574  2574 I sh      : + alsa_amixer -c 1 set Capture cap
12-15 16:13:08.491  2574  2574 I sh      : Simple mixer control 'Capture',0
12-15 16:13:08.491  2574  2574 I sh      :   Capabilities: cvolume cswitch penum
12-15 16:13:08.491  2574  2574 I sh      :   Capture channels: Front Left - Front Right
12-15 16:13:08.491  2574  2574 I sh      :   Limits: Capture 0 - 46
12-15 16:13:08.491  2574  2574 I sh      :   Front Left: Capture 46 [100%] [30.00dB] [on]
12-15 16:13:08.491  2574  2574 I sh      :   Front Right: Capture 46 [100%] [30.00dB] [on]
12-15 16:13:08.491  2574  2574 I sh      : + alsa_amixer -c 1 set PCM 100 unmute
12-15 16:13:08.493  2075  2331 I art     : Explicit concurrent mark sweep GC freed 5606(284KB) AllocSpace objects, 0(0B) LOS objects, 33% free, 10MB/15MB, paused 314us total 10.987ms
12-15 16:13:08.493  2574  2574 I sh      : amixer: Unable to find simple control 'PCM',0
12-15 16:13:08.493  2574  2574 I sh      : + alsa_amixer -c 1 set 'Mic Boost' 3
12-15 16:13:08.496  2574  2574 I sh      : Simple mixer control 'Mic Boost',0
12-15 16:13:08.496  2574  2574 I sh      :   Capabilities: volume penum
12-15 16:13:08.496  2574  2574 I sh      :   Playback channels: Front Left - Front Right
12-15 16:13:08.496  2574  2574 I sh      :   Capture channels: Front Left - Front Right
12-15 16:13:08.496  2574  2574 I sh      :   Limits: 0 - 3
12-15 16:13:08.496  2574  2574 I sh      :   Front Left: 3 [100%] [30.00dB]
12-15 16:13:08.496  2574  2574 I sh      :   Front Right: 3 [100%] [30.00dB]
12-15 16:13:08.496  2574  2574 I sh      : + alsa_amixer -c 1 set 'Internal Mic Boost' 3
12-15 16:13:08.497  2075  2095 D WifiService: acquireWifiLockLocked: WifiLock{NlpWifiLock type=2 binder=android.os.BinderProxy@c769b7f}
12-15 16:13:08.498  2574  2574 I sh      : amixer: Unable to find simple control 'Internal Mic Boost',0
12-15 16:13:08.498  2574  2574 I sh      : + return 0
12-15 16:13:08.500  2075  2488 W ActivityManager: getRunningAppProcesses: caller 10066 does not hold REAL_GET_TASKS; limiting output
12-15 16:13:08.500  2341  2722 I GCoreUlr: WorldUpdater received intent Intent { act=com.google.android.location.reporting.ACTION_UPDATE_WORLD cmp=com.google.android.gms/com.google.android.location.reporting.service.DispatchingService (has extras) } with receiverAction android.location.PROVIDERS_CHANGED
12-15 16:13:08.505  2341  2722 I GCoreUlr: WorldUpdater:android.location.PROVIDERS_CHANGED: Ensuring that reporting is stopped because of reasons: (no Google accounts)
12-15 16:13:08.505  2341  2722 I GCoreUlr: Unbound from all location providers
12-15 16:13:08.507  2341  2341 I GCoreUlr: DispatchingService.onDestroy()
12-15 16:13:08.507  2341  2341 I GCoreUlr: Stopping handler for UlrDispSvcFast
12-15 16:13:08.507  2341  2341 I GCoreUlr: Unbound from all location providers
12-15 16:13:08.511  2209  2620 I EGL-DRI2: DRI2: found extension DRI_Core version 1
12-15 16:13:08.511  2209  2620 I EGL-DRI2: DRI2: found extension DRI_DRI2 version 4
12-15 16:13:08.515  2209  2620 I EGL-DRI2: DRI2: found extension DRI_TexBuffer version 3
12-15 16:13:08.515  2209  2620 I EGL-DRI2: DRI2: found extension DRI2_Flush version 4
12-15 16:13:08.515  2209  2620 I EGL-DRI2: DRI2: found extension DRI_IMAGE version 11
12-15 16:13:08.515  2692  2692 D BaseApplicationImpl: [E]com.tencent.mobileqq:MSF, inject NotVerifyDex Success, cost:12
12-15 16:13:08.515  2209  2620 I OpenGLRenderer: Initialized EGL, version 1.4
12-15 16:13:08.515  2209  2620 W OpenGLRenderer: Failed to choose config with EGL_SWAP_BEHAVIOR_PRESERVED, retrying without...
12-15 16:13:08.515  2341  2341 E GmsWearableLS: GoogleApiClient connection failed: ConnectionResult{statusCode=API_UNAVAILABLE, resolution=null, message=null}
12-15 16:13:08.516  2209  2620 D OpenGLRenderer: Enabling debug mode 0
12-15 16:13:08.517  2692  2692 D BaseApplicationImpl: [E]injectPatchDex false
12-15 16:13:08.520  2075  2331 W ActivityManager: getRunningAppProcesses: caller 10066 does not hold REAL_GET_TASKS; limiting output
12-15 16:13:08.522  2075  2488 W ActivityManager: getRunningAppProcesses: caller 10066 does not hold REAL_GET_TASKS; limiting output
12-15 16:13:08.524  2692  2692 D MSF.D.MonitorSocket: [E]monitor_config not found, disable monitor socket
12-15 16:13:08.525  2075  2145 D WifiService: New client listening to asynchronous messages
12-15 16:13:08.526  2075  2075 V KeyguardServiceDelegate: *** Keyguard connected (yay!)
12-15 16:13:08.534  2075  2236 W ActivityManager: getRunningAppProcesses: caller 10066 does not hold REAL_GET_TASKS; limiting output
12-15 16:13:08.534  2692  2742 D appMemory: QLog init retry 
12-15 16:13:08.538  2692  2692 D MSF.S.MsfService: [E]serivce onCreate
12-15 16:13:08.538  2692  2692 D MSF.C.MsfCore: [E]MsfCore init begin.
12-15 16:13:08.539  2209  2209 D OpenGLRenderer: setting property extraRasterBucket to 0.95
12-15 16:13:08.539  2209  2209 D OpenGLRenderer:     failed
12-15 16:13:08.539  2209  2209 D OpenGLRenderer: setting property extraRasterBucket to 0.0
12-15 16:13:08.539  2209  2209 D OpenGLRenderer:     failed
12-15 16:13:08.549  2692  2692 D MSF.C.Util: [E]save imei:529796114349470,with order:1
12-15 16:13:08.557  2075  2487 V KeyguardServiceDelegate: **** SHOWN CALLED ****
12-15 16:13:08.565  2692  2692 D houdini : [2692] Added shared library /data/data/com.tencent.mobileqq/txlib/libmsfbootV2.so for ClassLoader by Native Bridge.
12-15 16:13:08.592  2692  2692 D houdini : [2692] Added shared library /data/app/com.tencent.mobileqq-1/lib/arm/libNativeRQD.so for ClassLoader by Native Bridge.
12-15 16:13:08.593  2692  2692 E art     : No implementation found for java.lang.String com.tencent.feedback.eup.jni.NativeExceptionUpload.registNativeExceptionHandler2(java.lang.String, java.lang.String, int, int) (tried Java_com_tencent_feedback_eup_jni_NativeExceptionUpload_registNativeExceptionHandler2 and Java_com_tencent_feedback_eup_jni_NativeExceptionUpload_registNativeExceptionHandler2__Ljava_lang_String_2Ljava_lang_String_2II)
12-15 16:13:08.594  2692  2692 I native_eup: Java_com_tencent_feedback_eup_jni_NativeExceptionUpload_registNativeExceptionHandler start
12-15 16:13:08.594  2692  2692 I native_eup: found native exception upload!
12-15 16:13:08.595  2692  2692 I native_eup: found native exception handler!
12-15 16:13:08.595  2692  2692 I native_eup: regist handler start procType 1 , level 22 , tombDir:/data/data/com.tencent.mobileqq/app_tombs
12-15 16:13:08.595  2692  2692 I native_eup: registSignal start
12-15 16:13:08.595  2692  2692 I native_eup: registSignal end
12-15 16:13:08.595  2692  2692 I native_eup: regist handler end
12-15 16:13:08.595  2692  2692 I native_eup: Java_com_tencent_feedback_eup_jni_NativeExceptionUpload_registNativeExceptionHandler end
12-15 16:13:08.595  2692  2692 I native_eup: NativeRQDVersion:NRQD_1.7.4.1
12-15 16:13:08.595  2692  2692 I native_eup: Java_com_tencent_feedback_eup_jni_NativeExceptionUpload_enableHandler start
12-15 16:13:08.596  2692  2692 I native_eup: Java_com_tencent_feedback_eup_jni_NativeExceptionUpload_enableHandler end
12-15 16:13:08.596  2692  2692 I native_eup: setLogMode 3 current 4
12-15 16:13:08.608  2075  2145 D WifiService: New client listening to asynchronous messages
12-15 16:13:08.644  2692  2692 D houdini : [2692] Added shared library /data/data/com.tencent.mobileqq/txlib/libwtecdh.so for ClassLoader by Native Bridge.
12-15 16:13:08.675  2075  2338 W ActivityManager: getRunningAppProcesses: caller 10066 does not hold REAL_GET_TASKS; limiting output
12-15 16:13:08.676  2692  2692 D MSF.C.TokenChecker: [E]msf init ct
12-15 16:13:08.691  2765  2765 D houdini : [2765] Initialize library(version: 5.2.2_y.47738 RELEASE)... successfully.
12-15 16:13:08.691  2075  2487 I ActivityManager: Start proc 2765:com.tencent.mobileqq/u0a66 for content provider com.tencent.mobileqq/com.tencent.mqq.shared_file_accessor.ContentProviderImpl
12-15 16:13:08.692  2692  2692 D MsfAliveMonitor: [E]onEventBegin: service
12-15 16:13:08.692  2692  2692 D MsfAliveMonitor: [E]onEventBegin: service
12-15 16:13:08.697  2765  2765 I ActivityThread: Switching default density from 160 to 240
12-15 16:13:08.698  2765  2765 W ResourcesManager: Asset path '/system/framework/com.google.android.media.effects.jar' does not exist or contains no resources.
12-15 16:13:08.701  2692  2692 D houdini : [2692] Added shared library /data/data/com.tencent.mobileqq/txlib/libcodecwrapperV2.so for ClassLoader by Native Bridge.
12-15 16:13:08.701  2692  2692 D MSF.C.CodecWarpper: [E]set so version to 600
12-15 16:13:08.701  2075  2096 W ActivityManager: getRunningAppProcesses: caller 10066 does not hold REAL_GET_TASKS; limiting output
12-15 16:13:08.702  2765  2765 D BaseApplicationImpl: [E]com.tencent.mobileqq, inject NotVerifyDex Success, cost:1
12-15 16:13:08.702  2765  2765 D BaseApplicationImpl: [E]injectPatchDex false
12-15 16:13:08.703  2075  2095 W ActivityManager: getRunningAppProcesses: caller 10066 does not hold REAL_GET_TASKS; limiting output
12-15 16:13:08.703  2692  2692 D MSF.C.NetConnTag: [E]noTry loadTestServerConfig by release
12-15 16:13:08.706  2075  2304 W ActivityManager: getRunningAppProcesses: caller 10066 does not hold REAL_GET_TASKS; limiting output
12-15 16:13:08.712  2075  2488 W ActivityManager: getRunningAppProcesses: caller 10066 does not hold REAL_GET_TASKS; limiting output
12-15 16:13:08.713  2692  2692 D MSF.C.ConfigManager: [E]StandbyMode whitelist not be found.
12-15 16:13:08.718  2765  2765 E DexLoadOat: [E]Success
12-15 16:13:08.736  2765  2765 D MSF.D.MonitorSocket: [E]monitor_config not found, disable monitor socket
12-15 16:13:08.750  2692  2692 D MSF.C.MsfCore: [E]MsfCore init finished.
12-15 16:13:08.752  2692  2692 D MSF.S.MsfService: [E]serivce onStart
12-15 16:13:08.771  2075  2487 I ActivityManager: Start proc 2808:com.google.android.partnersetup/u0a10 for broadcast com.google.android.partnersetup/.PhoneStateReceiver
12-15 16:13:08.775  2808  2808 I ActivityThread: Switching default density from 160 to 240
12-15 16:13:08.782  2392  2830 D SIP     : [SipSharedPreferences] isReceivingCallsEnabled, option not set; use default value, exception: android.provider.Settings$SettingNotFoundException: sip_receive_calls
12-15 16:13:08.798  2075  2832 I ActivityManager: Start proc 2834:com.android.keychain/1000 for service com.android.keychain/.KeyChainService
12-15 16:13:08.799  2075  2848 I RecoverySystem: No recovery log file
12-15 16:13:08.803  2075  2848 I BootReceiver: Copying audit failures to DropBox
12-15 16:13:08.803  2075  2848 I BootReceiver: Checking for fsck errors
12-15 16:13:08.805  2075  2512 W ActivityManager: getRunningAppProcesses: caller 10066 does not hold REAL_GET_TASKS; limiting output
12-15 16:13:08.815  2075  2331 I ActivityManager: Start proc 2859:com.android.dialer/u0a4 for broadcast com.android.dialer/.calllog.CallLogReceiver
12-15 16:13:08.831  2075  2848 I ActivityManager: Start proc 2881:android.process.media/u0a5 for content provider com.android.providers.downloads/.DownloadProvider
12-15 16:13:08.833  2859  2859 I ActivityThread: Switching default density from 160 to 240
12-15 16:13:08.833  2834  2834 I ActivityThread: Switching default density from 160 to 240
12-15 16:13:08.836  2881  2881 I ActivityThread: Switching default density from 160 to 240
12-15 16:13:08.844  2859  2859 D ExtensionsFactory: No custom extensions.
12-15 16:13:08.847  2075  2144 D WIFI    : Registering NetworkFactory
12-15 16:13:08.847  2075  2144 D WIFI_UT : Registering NetworkFactory
12-15 16:13:08.847  2075  2146 D ConnectivityService: Got NetworkFactory Messenger for WIFI
12-15 16:13:08.847  2075  2146 D ConnectivityService: Got NetworkFactory Messenger for WIFI_UT
12-15 16:13:08.847  2075  2144 D WIFI    : got request NetworkRequest [ id=1, legacyType=-1, [ Capabilities: INTERNET&NOT_RESTRICTED&TRUSTED&NOT_VPN] ] with score 0
12-15 16:13:08.847  2075  2144 D WIFI_UT : got request NetworkRequest [ id=1, legacyType=-1, [ Capabilities: INTERNET&NOT_RESTRICTED&TRUSTED&NOT_VPN] ] with score 0
12-15 16:13:08.863  2075  2075 I ActivityManager: Start proc 2906:com.android.providers.calendar/u0a1 for broadcast com.android.providers.calendar/.CalendarReceiver
12-15 16:13:08.866  2881  2881 E SQLiteLog: (283) recovered 22 frames from WAL file /data/data/com.android.providers.media/databases/external.db-wal
12-15 16:13:08.867  2906  2906 I ActivityThread: Switching default density from 160 to 240
12-15 16:13:08.867  2906  2906 W ResourcesManager: Asset path '/system/framework/android.test.runner.jar' does not exist or contains no resources.
12-15 16:13:08.878  2906  2906 I CalendarProvider2: Created com.android.providers.calendar.CalendarAlarmManager@1c14d89(com.android.providers.calendar.CalendarProvider2@25e3f18e)
12-15 16:13:08.892  2542  2542 I art     : Explicit concurrent mark sweep GC freed 26339(1531KB) AllocSpace objects, 2(32KB) LOS objects, 24% free, 4MB/5MB, paused 46us total 6.666ms
12-15 16:13:08.894  2542  2542 V GLSActivity: AuthDelegateWrapperCreated with selected intent: Intent { cmp=com.google.android.gms/.auth.DefaultAuthDelegateService }
12-15 16:13:08.895  2621  2621 V GmsCoreStatsServiceLauncher: Received broadcast intent Intent { act=android.intent.action.BOOT_COMPLETED flg=0x8000010 cmp=com.google.android.gms/.common.stats.GmsCoreStatsServiceLauncher (has extras) }
12-15 16:13:08.900  2542  2542 D PersistentNotificationBroadcastReceiver: Received intent: Intent { act=android.intent.action.BOOT_COMPLETED flg=0x8000010 cmp=com.google.android.gms/.common.notification.PersistentNotificationBroadcastReceiver (has extras) }
12-15 16:13:08.908  2542  2943 E SQLiteLog: (283) recovered 2 frames from WAL file /data/data/com.google.android.gms/databases/playlog.db-wal
12-15 16:13:08.914  2341  2341 E GmsWearableLS: GoogleApiClient connection failed: ConnectionResult{statusCode=API_UNAVAILABLE, resolution=null, message=null}
12-15 16:13:08.919  2542  2951 D GetCommittedConfigurationOperation: no corresponding serverToken: com.google.android.gms.playlog.uploader
12-15 16:13:08.920  2542  2943 I Scheduler: Use legacy PeriodicScheduler
12-15 16:13:08.923  2542  2943 W InstanceID/Rpc: Found 10007
12-15 16:13:09.023  2621  2621 W InstanceID/Rpc: Found 10007
12-15 16:13:09.028  2621  2947 D FileApkUtils: Spent 7ms computing apk sha1.
12-15 16:13:09.029  2621  2947 D FileApkUtils: Module already staged or being staged:chimera-modules/MapsModule.apk
12-15 16:13:09.032  2621  2947 D DexOptUtils: Module /data/data/com.google.android.gms/app_chimera/chimera-module-root/module-13de3980f029dc34d7f6bdadf7b693ead0480f20/MapsModule.apk is already optimized. Bailing.
12-15 16:13:09.032  2621  2947 D FileApkUtils: Keeping up-to-date module: module-13de3980f029dc34d7f6bdadf7b693ead0480f20
12-15 16:13:09.032  2621  2954 D GCM     : COMPAT: Multi user ser=0 current=0
12-15 16:13:09.034  2621  2959 I CheckinService: Disabling old GoogleServicesFramework version
12-15 16:13:09.034  2542  2542 D GCM     : COMPAT: Multi user ser=0 current=0
12-15 16:13:09.035  2621  2621 D SystemUpdateService: onCreate
12-15 16:13:09.035  2621  2947 D GmsModuleFndr: Beginning GMS chimera module scan
12-15 16:13:09.036  2621  2621 D SystemUpdateService: onStartCommand: intent: Intent { cmp=com.google.android.gms/.update.SystemUpdateService (has extras) }
12-15 16:13:09.036  2621  2954 W BaseAppContext: Using Auth Proxy for data requests.
12-15 16:13:09.037  2621  2961 I CheckinService: Checking schedule, now: 1450167189037 next: 30000
12-15 16:13:09.037  2621  2961 I CheckinService: active receiver: enabled
12-15 16:13:09.037  2621  2965 I SystemUpdateService: cancelUpdate (empty URL)
12-15 16:13:09.037  2621  2965 I SystemUpdateService: active receiver: disabled
12-15 16:13:09.040  2621  2947 D GmsModuleFndr: Module pkg com.google.android.play.games not installed, skipping
12-15 16:13:09.040  2621  2947 D ChimeraCfgMgr: Beginning module configuration check
12-15 16:13:09.040  2621  2954 I GLSUser : [ChannelManager] Attempting to channel bind connection HttpClient.
12-15 16:13:09.040  2621  2947 D ChimeraCfgMgr: Module APKs unchanged, check complete
12-15 16:13:09.042  2621  2621 I ConfigFetchService: onStartCommand Intent { cmp=com.google.android.gms/.config.ConfigFetchService (has extras) }
12-15 16:13:09.042  2621  2954 I GLSUser : [ChannelManager] Checking whether channelId is enabled. isEnabledGmsCore? false, isEnabledSdk? true, isAtLeastKitKat? true
12-15 16:13:09.043  2621  2970 V AuthZen : Handling intent: android.intent.action.BOOT_COMPLETED
12-15 16:13:09.043  2621  2970 D AuthZenEventHandler: Handling event: android.intent.action.BOOT_COMPLETED
12-15 16:13:09.047  2621  2621 D ChimeraCfgMgr: Loading module com.google.android.gms.kids from APK com.google.android.gms
12-15 16:13:09.047  2621  2954 I GCoreUlr: Starting service, intent=Intent { act=com.google.android.location.reporting.ACTION_UPDATE_WORLD cmp=com.google.android.gms/com.google.android.location.reporting.service.DispatchingService (has extras) }, extras=Bundle[{receiverAction=android.intent.action.BOOT_COMPLETED}]
12-15 16:13:09.047  2621  2970 W BaseAppContext: Using Auth Proxy for data requests.
12-15 16:13:09.049  2621  2970 D AuthZenTransactionCache: Initialized cache in: /data/data/com.google.android.gms/files
12-15 16:13:09.049  2621  2970 D AuthZenTransactionCache: Clearing transaction cache
