12-15 16:14:03.386  4390  4440 I EventHub: New device: id=14, fd=101, path='/dev/input/event9', name='HDA Intel HDMI HDMI/DP,pcm=3', classes=0x80, configuration='', keyLayout='', keyCharacterMap='', builtinKeyboard=false, wakeMechanism=EPOLLWAKEUP, usingClockIoctl=true
12-15 16:14:03.387  4390  4440 I InputReader: Device added: id=-1, name='Virtual', sources=0x00000301
12-15 16:14:03.387  4390  4440 I InputReader: Device added: id=14, name='HDA Intel HDMI HDMI/DP,pcm=3', sources=0x80000000
12-15 16:14:03.387  4390  4440 I InputReader: Device added: id=13, name='HDA Intel HDMI HDMI/DP,pcm=7', sources=0x80000000
12-15 16:14:03.387  4390  4440 I InputReader: Device added: id=12, name='HDA Intel HDMI HDMI/DP,pcm=8', sources=0x80000000
12-15 16:14:03.388  4390  4440 I InputReader: Device added: id=11, name='Logitech USB Optical Mouse', sources=0x00002002
12-15 16:14:03.388  4390  4440 I InputReader: Device added: id=10, name='HDA Intel PCH Mic', sources=0x80000000
12-15 16:14:03.388  4390  4440 I InputReader: Device added: id=9, name='HDA Intel PCH Headphone', sources=0x80000000
12-15 16:14:03.388  4390  4440 I InputReader: Device added: id=8, name='MSI WMI hotkeys', sources=0x00000101
12-15 16:14:03.388  4390  4440 I InputReader: Device added: id=7, name='AT Translated Set 2 keyboard', sources=0x00000101
12-15 16:14:03.389  4390  4440 I InputReader:   Touch device 'ETPS/2 Elantech Touchpad' could not query the properties of its associated display.  The device will be inoperable until the display size becomes available.
12-15 16:14:03.389  4390  4440 I InputReader: Device added: id=6, name='ETPS/2 Elantech Touchpad', sources=0x00002002
12-15 16:14:03.389  4390  4440 I InputReader: Device added: id=4, name='Lid Switch', sources=0x80000000
12-15 16:14:03.389  4390  4440 I InputReader: Device added: id=3, name='Video Bus', sources=0x00000101
12-15 16:14:03.389  4390  4440 I InputReader: Device added: id=2, name='Video Bus', sources=0x00000101
12-15 16:14:03.389  4390  4440 I InputReader: Device added: id=1, name='Android Power Button', sources=0x00000101
12-15 16:14:03.389  4390  4440 I InputReader: Reconfiguring input devices.  changes=0x00000004
12-15 16:14:03.389  4390  4440 I InputReader: Device reconfigured: id=6, name='ETPS/2 Elantech Touchpad', size 1920x1080, orientation 0, mode 4, display id 0
12-15 16:14:03.389  4390  4439 I ActivityManager: Config changes=30 {1.0 ?mcc?mnc zh_CN ?layoutDir sw720dp w1280dp h646dp 240dpi lrg long land ?uimode ?night -touch qwerty/v/v -nav/h s.4}
12-15 16:14:03.578  1805  1805 E installd: DexInv: --- END '/system/app/HoloSpiralWallpaper/HoloSpiralWallpaper.apk' --- status=0x0100, process failed
12-15 16:14:03.578  4390  4390 I PackageManager: Running dexopt on: /system/app/Galaxy4/Galaxy4.apk pkg=com.android.galaxy4 isa=x86 vmSafeMode=false
12-15 16:14:03.582  4453  4453 I dex2oat : /system/bin/dex2oat --zip-fd=5 --zip-location=/system/app/Galaxy4/Galaxy4.apk --oat-fd=6 --oat-location=/data/dalvik-cache/x86/system@app@Galaxy4@Galaxy4.apk@classes.dex --instruction-set=x86 --instruction-set-features=default --runtime-arg -Xms64m --runtime-arg -Xmx512m --swap-fd=15
12-15 16:14:03.584  4453  4453 E dex2oat : Failed to open dex from file descriptor for zip file '/system/app/Galaxy4/Galaxy4.apk': Entry not found
12-15 16:14:03.786  1805  1805 E installd: DexInv: --- END '/system/app/Galaxy4/Galaxy4.apk' --- status=0x0100, process failed
12-15 16:14:03.786  4390  4390 I PackageManager: Running dexopt on: /system/app/VisualizationWallpapers/VisualizationWallpapers.apk pkg=com.android.musicvis isa=x86 vmSafeMode=false
12-15 16:14:03.790  4455  4455 I dex2oat : /system/bin/dex2oat --zip-fd=5 --zip-location=/system/app/VisualizationWallpapers/VisualizationWallpapers.apk --oat-fd=6 --oat-location=/data/dalvik-cache/x86/system@app@VisualizationWallpapers@VisualizationWallpapers.apk@classes.dex --instruction-set=x86 --instruction-set-features=default --runtime-arg -Xms64m --runtime-arg -Xmx512m --swap-fd=16
12-15 16:14:03.791  4455  4455 E dex2oat : Failed to open dex from file descriptor for zip file '/system/app/VisualizationWallpapers/VisualizationWallpapers.apk': Entry not found
12-15 16:14:03.994  1805  1805 E installd: DexInv: --- END '/system/app/VisualizationWallpapers/VisualizationWallpapers.apk' --- status=0x0100, process failed
12-15 16:14:03.994  4390  4390 I SystemServer: LockSettingsService
12-15 16:14:03.995  4390  4390 I SystemServiceManager: Starting com.android.server.devicepolicy.DevicePolicyManagerService$Lifecycle
12-15 16:14:03.995  4390  4390 I SystemServer: Status Bar
12-15 16:14:03.996  4390  4390 I SystemServer: Clipboard Service
12-15 16:14:03.996  4390  4390 I SystemServer: NetworkManagement Service
12-15 16:14:03.998  4390  4390 I SystemServer: Text Service Manager Service
12-15 16:14:03.999  4390  4390 I SystemServer: Network Score Service
12-15 16:14:03.999  4390  4390 I SystemServer: NetworkStats Service
12-15 16:14:04.000  4390  4390 I SystemServer: NetworkPolicy Service
12-15 16:14:04.001  4390  4390 I SystemServiceManager: Starting com.android.server.wifi.p2p.WifiP2pService
12-15 16:14:04.004  4390  4390 I WifiP2pService: Registering wifip2p
12-15 16:14:04.004  4390  4390 I SystemServiceManager: Starting com.android.server.wifi.WifiService
12-15 16:14:04.024  4390  4390 E WifiConfigStore: associatedPartialScanPeriodMilli set to 20000
12-15 16:14:04.026  4390  4390 D WifiController: isAirplaneModeOn = false, isWifiEnabled = true, isScanningAvailable = true
12-15 16:14:04.026  4390  4390 I WifiService: Registering wifi
12-15 16:14:04.027  4390  4390 I SystemServiceManager: Starting com.android.server.wifi.WifiScanningService
12-15 16:14:04.027  4390  4390 I WifiScanningService: Creating wifiscanner
12-15 16:14:04.027  4390  4390 I WifiScanningService: Starting wifiscanner
12-15 16:14:04.027  4390  4390 I SystemServiceManager: Starting com.android.server.wifi.RttService
12-15 16:14:04.027  4390  4390 I RttService: Creating rttmanager
12-15 16:14:04.027  4390  4390 I RttService: Starting rttmanager
12-15 16:14:04.027  4390  4390 I SystemServiceManager: Starting com.android.server.ethernet.EthernetService
12-15 16:14:04.028  4390  4390 I EthernetServiceImpl: Creating EthernetConfigStore
12-15 16:14:04.028  4390  4390 E IpConfigStore: Error parsing configuration: java.io.FileNotFoundException: /data/misc/ethernet/ipconfig.txt: open failed: ENOENT (No such file or directory)
12-15 16:14:04.028  4390  4390 W EthernetConfigStore: No Ethernet configuration found. Using default.
12-15 16:14:04.028  4390  4390 I EthernetServiceImpl: Read stored IP configuration: IP assignment: DHCP
12-15 16:14:04.028  4390  4390 I EthernetServiceImpl: Proxy settings: NONE
12-15 16:14:04.028  4390  4390 I EthernetService: Registering service ethernet
12-15 16:14:04.028  4390  4390 I SystemServer: Connectivity Service
12-15 16:14:04.029  4390  4390 D ConnectivityService: ConnectivityService starting up
12-15 16:14:04.029  4390  4390 D ConnectivityService: wifiOnly=false
12-15 16:14:04.029  4390  4390 E ConnectivityService: Ignoring protectedNetwork 14
12-15 16:14:04.029  4390  4390 E ConnectivityService: Ignoring protectedNetwork 15
12-15 16:14:04.031  4390  4390 I SystemServer: Network Service Discovery Service
12-15 16:14:04.031  4390  4390 D NsdService: Network service discovery enabled true
12-15 16:14:04.032  4390  4390 I SystemServer: UpdateLock Service
12-15 16:14:04.039  4390  4390 I SystemServiceManager: Starting com.android.server.notification.NotificationManagerService
12-15 16:14:04.042  4390  4390 D ZenLog  : set_zen_mode: off,setting
12-15 16:14:04.042  4390  4390 I SystemServiceManager: Starting com.android.server.storage.DeviceStorageMonitorService
12-15 16:14:04.042  4390  4390 I SystemServer: Location Manager
12-15 16:14:04.043  4390  4390 I SystemServer: Country Detector
12-15 16:14:04.043  4390  4390 I SystemServer: Search Service
12-15 16:14:04.044  4390  4390 I SystemServer: DropBox Service
12-15 16:14:04.044  4390  4390 I SystemServer: Wallpaper Service
12-15 16:14:04.045  4390  4390 I SystemServer: Audio Service
12-15 16:14:04.046  4390  4390 W TelecomManager: Telecom Service not found.
12-15 16:14:04.047  4163  4211 D BlueZ   : external/bluetooth/bluez/android/hal-audio.c:audio_set_mic_mute() 
12-15 16:14:04.049  4390  4390 I SystemServiceManager: Starting com.android.server.DockObserver
12-15 16:14:04.049  4390  4390 W DockObserver: This kernel does not have dock station support
12-15 16:14:04.049  4390  4390 I SystemServer: Wired Accessory Manager
12-15 16:14:04.049  4390  4390 W WiredAccessoryManager: This kernel does not have usb audio support
12-15 16:14:04.049  4390  4390 W WiredAccessoryManager: This kernel does not have HDMI audio support
12-15 16:14:04.049  4390  4390 I SystemServiceManager: Starting com.android.server.usb.UsbService$Lifecycle
12-15 16:14:04.050  4390  4390 I SystemServer: Serial Service
12-15 16:14:04.050  4390  4390 I SystemServiceManager: Starting com.android.server.twilight.TwilightService
12-15 16:14:04.050  4390  4390 I SystemServiceManager: Starting com.android.server.UiModeManagerService
12-15 16:14:04.051  4390  4390 I SystemServiceManager: Starting com.android.server.job.JobSchedulerService
12-15 16:14:04.053  4390  4390 I SystemServiceManager: Starting com.android.server.backup.BackupManagerService$Lifecycle
12-15 16:14:04.053  4390  4390 I SystemServiceManager: Starting com.android.server.appwidget.AppWidgetService
12-15 16:14:04.054  4390  4390 I SystemServiceManager: Starting com.android.server.voiceinteraction.VoiceInteractionManagerService
12-15 16:14:04.054  4390  4390 W SoundTriggerHelper: listModules status=0, # of modules=0
12-15 16:14:04.054  4390  4390 I SystemServer: DiskStats Service
12-15 16:14:04.054  4390  4390 I SystemServer: SamplingProfiler Service
12-15 16:14:04.056  4390  4390 I SystemServer: NetworkTimeUpdateService
12-15 16:14:04.056  4390  4390 I SystemServer: CommonTimeManagementService
12-15 16:14:04.057  4390  4390 I SystemServer: CertBlacklister
12-15 16:14:04.057  4390  4390 I SystemServiceManager: Starting com.android.server.dreams.DreamManagerService
12-15 16:14:04.057  4390  4390 I SystemServer: Assets Atlas Service
12-15 16:14:04.058  4390  4390 I SystemServiceManager: Starting com.android.server.print.PrintManagerService
12-15 16:14:04.059  4390  4472 D AssetAtlas: Loaded configuration: SliceMinArea (768x768) flags=0x2 count=446
12-15 16:14:04.059  4390  4390 I SystemServiceManager: Starting com.android.server.restrictions.RestrictionsManagerService
12-15 16:14:04.059  4390  4390 I SystemServiceManager: Starting com.android.server.media.MediaSessionService
12-15 16:14:04.060  4390  4390 I SystemServer: Media Router Service
12-15 16:14:04.061  4390  4390 I SystemServiceManager: Starting com.android.server.trust.TrustManagerService
12-15 16:14:04.061  4390  4390 I SystemServiceManager: Starting com.android.server.fingerprint.FingerprintService
12-15 16:14:04.061  4390  4390 V Fingerprint-JNI: nativeInit()
12-15 16:14:04.061  4390  4390 V Fingerprint-JNI: nativeOpenHal()
12-15 16:14:04.061  4390  4390 E Fingerprint-JNI: Can't open fingerprint HW Module, error: -2
12-15 16:14:04.061  4390  4390 I SystemServer: BackgroundDexOptService
12-15 16:14:04.062  4390  4390 I SystemServiceManager: Starting com.android.server.pm.LauncherAppsService
12-15 16:14:04.062  4390  4390 I SystemServiceManager: Starting com.android.server.media.projection.MediaProjectionManagerService
12-15 16:14:04.063  4390  4390 I WindowManager: SAFE MODE not enabled
12-15 16:14:04.063  4390  4390 I SystemServiceManager: Starting com.android.server.MmsServiceBroker
12-15 16:14:04.064  4390  4390 E SQLiteLog: (283) recovered 17 frames from WAL file /data/system/locksettings.db-wal
12-15 16:14:04.065  4390  4472 D AssetAtlas: Rendered atlas in 4.78ms (2.21+2.57ms)
12-15 16:14:04.065  4390  4390 E LockSettingsStorage: Cannot read file java.io.FileNotFoundException: /data/system/password.key: open failed: ENOENT (No such file or directory)
12-15 16:14:04.065  4390  4390 E LockSettingsStorage: Cannot read file java.io.FileNotFoundException: /data/system/gesture.key: open failed: ENOENT (No such file or directory)
12-15 16:14:04.065  4390  4390 I SystemServiceManager: Starting phase 480
12-15 16:14:04.067  4390  4390 I SystemServiceManager: Starting phase 500
12-15 16:14:04.067  4390  4390 I WifiService: WifiService starting up with Wi-Fi enabled
12-15 16:14:04.068  4390  4390 D WifiService: setWifiEnabled: true pid=4390, uid=1000
12-15 16:14:04.068  4390  4390 E WifiService: Invoking mWifiStateMachine.setWifiEnabled
12-15 16:14:04.068  4390  4462 D WifiController: WifiController msg { when=0 what=155656 target=com.android.internal.util.StateMachine$SmHandler } deferred for 500ms
12-15 16:14:04.069  4390  4462 D WifiService: New client listening to asynchronous messages
12-15 16:14:04.069  4390  4390 I WifiScanningService: Registering wifiscanner
12-15 16:14:04.070  4390  4390 D WifiScanningService: New client, channel: null messenger: null
12-15 16:14:04.070  4390  4390 I RttService: Registering rttmanager
12-15 16:14:04.070  4390  4475 D WifiChangeStateMachine: Entering IdleState
12-15 16:14:04.070  4390  4475 D WifiScanningService: DefaultState
12-15 16:14:04.071  4390  4390 I EthernetServiceImpl: Starting Ethernet service
12-15 16:14:04.072  4390  4390 D Ethernet: Registering NetworkFactory
12-15 16:14:04.072  4390  4463 D ConnectivityService: Got NetworkFactory Messenger for Ethernet
12-15 16:14:04.072  4390  4477 D Ethernet: got request NetworkRequest [ id=1, legacyType=-1, [ Capabilities: INTERNET&NOT_RESTRICTED&TRUSTED&NOT_VPN] ] with score 0
12-15 16:14:04.072  4390  4390 D EthernetNetworkFactory: Started tracking interface eth0
12-15 16:14:04.073  4159  4388 D CommandListener: Setting iface cfg
12-15 16:14:04.073  4159  4388 D CommandListener: Trying to bring up eth0
12-15 16:14:04.073  4390  4390 I ActivityManager: Config changes=200 {1.0 ?mcc?mnc zh_CN ?layoutDir sw720dp w1280dp h646dp 240dpi lrg long land -touch qwerty/v/v -nav/h s.5}
12-15 16:14:04.074  4390  4390 V BackupManagerService: No ancestral data
12-15 16:14:04.074  4390  4390 D BackupManagerService: Now staging backup of com.android.browser
12-15 16:14:04.076  4390  4390 D BackupManagerService: Now staging backup of com.android.vending
12-15 16:14:04.078  4390  4390 D BackupManagerService: Now staging backup of android
12-15 16:14:04.079  4390  4390 D BackupManagerService: Now staging backup of com.google.android.gm
12-15 16:14:04.080  4390  4390 D BackupManagerService: Now staging backup of com.android.calendar
12-15 16:14:04.082  4390  4390 D BackupManagerService: Now staging backup of com.android.providers.settings
12-15 16:14:04.083  4390  4390 D BackupManagerService: Now staging backup of com.android.sharedstoragebackup
12-15 16:14:04.084  4390  4390 D BackupManagerService: Now staging backup of com.android.dialer
12-15 16:14:04.086  4390  4390 D BackupManagerService: Now staging backup of com.android.providers.userdictionary
12-15 16:14:04.087  4390  4390 V BackupManagerService: Starting with transport android/com.android.internal.backup.LocalTransport
12-15 16:14:04.087  4390  4390 V BackupManagerService: Found transports: 2
12-15 16:14:04.087  4390  4390 I BackupManagerService: Binding to transport host ComponentInfo{android/com.android.internal.backup.LocalTransportService}
12-15 16:14:04.088  4390  4390 I BackupManagerService: Binding to transport host ComponentInfo{com.google.android.gms/com.google.android.gms.backup.BackupTransportService}
12-15 16:14:04.088  4390  4390 I BackupManagerService: Found stale backup journal, scheduling
12-15 16:14:04.094  4390  4390 I AppOps  : Pruning old package media/1013: new uid=-1
12-15 16:14:04.094  4390  4390 I ActivityManager: System now ready
12-15 16:14:04.095  4390  4390 I SystemServer: Making services ready
12-15 16:14:04.095  4390  4390 I SystemServiceManager: Starting phase 550
12-15 16:14:04.095  4390  4390 I SystemServer: WebViewFactory preparation
12-15 16:14:04.096  4390  4481 D UsbHostManager: Added device UsbDevice[mName=/dev/bus/usb/004/003,mVendorId=6000,mProductId=65280,mClass=0,mSubclass=0,mProtocol=0,mManufacturerName=null,mProductName=null,mSerialNumber=null,mConfigurations=[
12-15 16:14:04.096  4390  4481 D UsbHostManager: UsbConfiguration[mId=1,mName=null,mAttributes=160,mMaxPower=1,mInterfaces=[
12-15 16:14:04.096  4390  4481 D UsbHostManager: UsbInterface[mId=0,mAlternateSetting=0,mName=null,mClass=3,mSubclass=0,mProtocol=0,mEndpoints=[
12-15 16:14:04.096  4390  4481 D UsbHostManager: UsbEndpoint[mAddress=129,mAttributes=3,mMaxPacketSize=8,mInterval=10]]]]
12-15 16:14:04.096  4390  4481 W ContextImpl: Calling a method in the system process without a qualified user: android.app.ContextImpl.sendBroadcast:1327 com.android.server.usb.UsbSettingsManager.deviceAttached:741 com.android.server.usb.UsbHostManager.endUsbDeviceAdded:224 com.android.server.usb.UsbHostManager.monitorUsbHostBus:-2 com.android.server.usb.UsbHostManager.access$000:42 
12-15 16:14:04.105  4390  4390 I Zygote  : Process: zygote socket opened, supported ABIS: x86_64,arm64-v8a
12-15 16:14:04.116  4390  4390 I Zygote  : Process: zygote socket opened, supported ABIS: x86,armeabi-v7a,armeabi
12-15 16:14:04.131  4390  4390 I ActivityManager: Start proc 4483:WebViewLoader-x86/1037 [android.webkit.WebViewFactory$RelroFileCreator] for 
12-15 16:14:04.134  4483  4483 V WebViewFactory: RelroFileCreator (64bit = false),  32-bit lib: /system/app/webview/lib/x86/libwebviewchromium.so, 64-bit lib: /system/app/webview/lib/x86_64/libwebviewchromium.so
12-15 16:14:04.134  1811  1811 I art     : Explicit concurrent mark sweep GC freed 708(30KB) AllocSpace objects, 0(0B) LOS objects, 39% free, 1917KB/3MB, paused 41us total 3.217ms
12-15 16:14:04.137  1811  1811 I art     : Explicit concurrent mark sweep GC freed 5(160B) AllocSpace objects, 0(0B) LOS objects, 39% free, 1917KB/3MB, paused 34us total 2.856ms
12-15 16:14:04.139  4483  4483 I art     : System.exit called, status: 0
12-15 16:14:04.139  4483  4483 I AndroidRuntime: VM exiting with result code 0, cleanup skipped.
12-15 16:14:04.140  1811  1811 I art     : Explicit concurrent mark sweep GC freed 5(160B) AllocSpace objects, 0(0B) LOS objects, 39% free, 1917KB/3MB, paused 35us total 2.693ms
12-15 16:14:04.146  4390  4390 I ActivityManager: Start proc 4506:WebViewLoader-x86_64/1037 [android.webkit.WebViewFactory$RelroFileCreator] for 
12-15 16:14:04.146  4390  4481 D UsbHostManager: Added device UsbDevice[mName=/dev/bus/usb/003/003,mVendorId=32903,mProductId=2012,mClass=224,mSubclass=1,mProtocol=1,mManufacturerName=null,mProductName=null,mSerialNumber=null,mConfigurations=[
12-15 16:14:04.146  4390  4481 D UsbHostManager: UsbConfiguration[mId=1,mName=null,mAttributes=224,mMaxPower=50,mInterfaces=[
12-15 16:14:04.146  4390  4481 D UsbHostManager: UsbInterface[mId=0,mAlternateSetting=0,mName=null,mClass=224,mSubclass=1,mProtocol=1,mEndpoints=[
12-15 16:14:04.146  4390  4481 D UsbHostManager: UsbEndpoint[mAddress=129,mAttributes=3,mMaxPacketSize=64,mInterval=1]
12-15 16:14:04.146  4390  4481 D UsbHostManager: UsbEndpoint[mAddress=2,mAttributes=2,mMaxPacketSize=64,mInterval=1]
12-15 16:14:04.146  4390  4481 D UsbHostManager: UsbEndpoint[mAddress=130,mAttributes=2,mMaxPacketSize=64,mInterval=1]]
12-15 16:14:04.146  4390  4481 D UsbHostManager: UsbInterface[mId=1,mAlternateSetting=0,mName=null,mClass=224,mSubclass=1,mProtocol=1,mEndpoints=[
12-15 16:14:04.146  4390  4481 D UsbHostManager: UsbEndpoint[mAddress=3,mAttributes=1,mMaxPacketSize=0,mInterval=1]
12-15 16:14:04.146  4390  4481 D UsbHostManager: UsbEndpoint[mAddress=131,mAttributes=1,mMaxPacketSize=0,mInterval=1]]
12-15 16:14:04.146  4390  4481 D UsbHostManager: UsbInterface[mId=1,mAlternateSetting=1,mName=null,mClass=224,mSubclass=1,mProtocol=1,mEndpoints=[
12-15 16:14:04.146  4390  4481 D UsbHostManager: UsbEndpoint[mAddress=3,mAttributes=1,mMaxPacketSize=9,mInterval=1]
12-15 16:14:04.146  4390  4481 D UsbHostManager: UsbEndpoint[mAddress=131,mAttributes=1,mMaxPacketSize=9,mInterval=1]]
12-15 16:14:04.146  4390  4481 D UsbHostManager: UsbInterface[mId=1,mAlternateSetting=2,mName=null,mClass=224,mSubclass=1,mProtocol=1,mEndpoints=[
12-15 16:14:04.146  4390  4481 D UsbHostManager: UsbEndpoint[mAddress=3,mAttributes=1,mMaxPacketSize=17,mInterval=1]
12-15 16:14:04.146  4390  4481 D UsbHostManager: UsbEndpoint[mAddress=131,mAttributes=1,mMaxPacketSize=17,mInterval=1]]
12-15 16:14:04.146  4390  4481 D UsbHostManager: UsbInterface[mId=1,mAlternateSetting=3,mName=null,mClass=224,mSubclass=1,mProtocol=1,mEndpoints=[
12-15 16:14:04.146  4390  4481 D UsbHostManager: UsbEndpoint[mAddress=3,mAttributes=1,mMaxPacketSize=25,mInterval=1]
12-15 16:14:04.146  4390  4481 D UsbHostManager: UsbEndpoint[mAddress=131,mAttributes=1,mMaxPacketSize=25,mInterval=1]]
12-15 16:14:04.146  4390  4481 D UsbHostManager: UsbInterface[mId=1,mAlternateSetting=4,mName=null,mClass=224,mSubclass=1,mProtocol=1,mEndpoints=[
12-15 16:14:04.146  4390  4481 D UsbHostManager: UsbEndpoint[mAddress=3,mAttributes=1,mMaxPacketSize=33,mInterval=1]
12-15 16:14:04.146  4390  4481 D UsbHostManager: UsbEndpoint[mAddress=131,mAttributes=1,mMaxPacketSize=33,mInterval=1]]
12-15 16:14:04.146  4390  4481 D UsbHostManager: UsbInterface[mId=1,mAlternateSetting=5,mName=null,mClass=224,mSubclass=1,mProtocol=1,mEndpoints=[
12-15 16:14:04.146  4390  4481 D UsbHostManager: UsbEndpoint[mAddress=3,mAttributes=1,mMaxPacketSize=49,mInterval=1]
12-15 16:14:04.146  4390  4481 D UsbHostManager: UsbEndpoint[mAddress=131,mAttributes=1,mMaxPacketSize=49,mInterval=1]]]]
12-15 16:14:04.147  4390  4481 W ContextImpl: Calling a method in the system process without a qualified user: android.app.ContextImpl.sendBroadcast:1327 com.android.server.usb.UsbSettingsManager.deviceAttached:741 com.android.server.usb.UsbHostManager.endUsbDeviceAdded:224 com.android.server.usb.UsbHostManager.monitorUsbHostBus:-2 com.android.server.usb.UsbHostManager.access$000:42 
12-15 16:14:04.148  4506  4506 V WebViewFactory: RelroFileCreator (64bit = true),  32-bit lib: /system/app/webview/lib/x86/libwebviewchromium.so, 64-bit lib: /system/app/webview/lib/x86_64/libwebviewchromium.so
12-15 16:14:04.154  4506  4506 I art     : System.exit called, status: 0
12-15 16:14:04.154  4506  4506 I AndroidRuntime: VM exiting with result code 0, cleanup skipped.
12-15 16:14:04.162  4390  4390 I ActivityManager: Start proc 4529:com.android.systemui/u0a18 for service com.android.systemui/.SystemUIService
12-15 16:14:04.162  4390  4390 D NetworkManagementService: not enabling bandwidth control
12-15 16:14:04.163  4390  4441 E MountService: Boot-time mount failed (-1)
12-15 16:14:04.163  4390  4441 W MountService: Duplicate state transition (mounted -> mounted) for /storage/emulated/0
12-15 16:14:04.166  4529  4529 I ActivityThread: Switching default density from 160 to 240
12-15 16:14:04.168  4390  4390 W NetworkStats: bandwidth controls disabled, unable to track stats
12-15 16:14:04.168  4390  4390 W NetworkPolicy: bandwidth controls disabled, unable to enforce policy
12-15 16:14:04.168  4529  4529 V SystemUIService: Starting SystemUI services.
12-15 16:14:04.172  4390  4411 V FingerprintService: startListening(android.service.fingerprint.IFingerprintServiceReceiver$Stub$Proxy@2ff6addb)
12-15 16:14:04.172  4390  4390 D PermissionMonitor: Monitoring
12-15 16:14:04.173  4390  4390 D PermissionMonitor: Users: 1, Apps: 66
12-15 16:14:04.174  4390  4390 I SystemServiceManager: Starting phase 600
12-15 16:14:04.174  4390  4419 D BluetoothManagerService: Message: 20
12-15 16:14:04.174  4390  4419 D BluetoothManagerService: Added callback: android.bluetooth.BluetoothAdapter$1@131e1baf:true
12-15 16:14:04.174  4390  4467 D BluetoothManagerService: Trying to bind to profile: 1, while Bluetooth was disabled
12-15 16:14:04.174  4390  4419 D BluetoothManagerService: Message: 30
12-15 16:14:04.174  4390  4419 D BluetoothManagerService: Message: 30
12-15 16:14:04.174  4163  4567 E WVMExtractor: Failed to open libwvm.so: dlopen failed: library "libwvm.so" not found
12-15 16:14:04.174  4390  4390 I BackupManagerService: Backup enabled => false
12-15 16:14:04.174  4390  4390 I BackupManagerService: Opting out of backup
12-15 16:14:04.175  4390  4390 E InputMethodManagerService: Ignoring setImeWindowStatus due to an invalid token. uid:1000 token:null
12-15 16:14:04.175  4163  4468 D NuPlayerDriver: start(0xf584ef40)
12-15 16:14:04.175  4163  4566 I GenericSource: start
12-15 16:14:04.179  4163  4211 D NuPlayerDriver: start(0xf5028040)
12-15 16:14:04.179  4163  4574 I GenericSource: start
12-15 16:14:04.181  4163  4577 W OMXNodeInstance: [e:google.mpeg4.decoder] component does not support metadata mode; using fallback
12-15 16:14:04.181  4163  4577 W OMXNodeInstance: [f:google.h263.decoder] component does not support metadata mode; using fallback
12-15 16:14:04.181  4163  4577 W OMXNodeInstance: [10:google.h264.decoder] component does not support metadata mode; using fallback
12-15 16:14:04.181  4163  4577 D SoftHEVC: Number of CPU cores: 8
12-15 16:14:04.181  4163  4577 D SoftHEVC: Initializing decoder
12-15 16:14:04.181  4163  4577 D SoftHEVC: Set number of cores to 4
12-15 16:14:04.181  4163  4577 D SoftHEVC: Ittiam decoder version number: @(#)Id:HEVCDEC_production Ver:04.01 Released by ITTIAM Build: Oct  6 2015 @ 23:17:19
12-15 16:14:04.181  4163  4577 W OMXNodeInstance: [11:google.hevc.decoder] component does not support metadata mode; using fallback
12-15 16:14:04.181  4163  4577 D SoftHEVC: Freeing codec memory
12-15 16:14:04.182  4163  4577 D SoftHEVC: Number of CPU cores: 8
12-15 16:14:04.182  4163  4577 D SoftHEVC: Initializing decoder
12-15 16:14:04.182  4163  4577 D SoftHEVC: Set number of cores to 4
12-15 16:14:04.182  4163  4577 D SoftHEVC: Ittiam decoder version number: @(#)Id:HEVCDEC_production Ver:04.01 Released by ITTIAM Build: Oct  6 2015 @ 23:17:19
12-15 16:14:04.182  4163  4577 D SoftHEVC: In SoftHEVC::~SoftHEVC
12-15 16:14:04.182  4163  4577 D SoftHEVC: Freeing codec memory
12-15 16:14:04.182  4163  4577 W OMXNodeInstance: [12:google.vp8.decoder] component does not support metadata mode; using fallback
12-15 16:14:04.182  4163  4577 W OMXNodeInstance: [13:google.vp9.decoder] component does not support metadata mode; using fallback
12-15 16:14:04.183  4163  4577 I SoftMPEG4Encoder: Construct SoftMPEG4Encoder
12-15 16:14:04.183  4163  4577 W ACodec  : do not know color format 0x7f000789 = 2130708361
12-15 16:14:04.183  4163  4577 I SoftAVCEncoder: Construct SoftAVCEncoder
12-15 16:14:04.183  4163  4577 W ACodec  : do not know color format 0x7f000789 = 2130708361
12-15 16:14:04.183  4163  4577 I SoftMPEG4Encoder: Construct SoftMPEG4Encoder
12-15 16:14:04.183  4163  4577 W ACodec  : do not know color format 0x7f000789 = 2130708361
12-15 16:14:04.183  4163  4577 W ACodec  : do not know color format 0x7f000789 = 2130708361
12-15 16:14:04.186  4163  4211 D NuPlayerDriver: reset(0xf5028040)
12-15 16:14:04.186  4163  4574 D NuPlayerDriver: notifyResetComplete(0xf5028040)
12-15 16:14:04.187  4163  4468 D NuPlayerDriver: reset(0xf584ef40)
12-15 16:14:04.187  4163  4566 D NuPlayerDriver: notifyResetComplete(0xf584ef40)
12-15 16:14:04.190  4163  4469 D NuPlayerDriver: start(0xf50281c0)
12-15 16:14:04.190  4163  4635 I GenericSource: start
12-15 16:14:04.190  4163  4163 D NuPlayerDriver: start(0xf584eca0)
12-15 16:14:04.190  4163  4633 I GenericSource: start
12-15 16:14:04.191  4390  4390 I ActivityManager: Start proc 4647:com.android.inputmethod.latin/u0a43 for service com.android.inputmethod.latin/.LatinIME
12-15 16:14:04.191  4390  4390 V InputMethodManagerService: Adding window token: android.os.Binder@17011fa
12-15 16:14:04.192  4390  4390 D gps_serial: GPS dev open_gps
12-15 16:14:04.192  4390  4390 D gps_serial: GPS dev get_hardware_interface
12-15 16:14:04.193  4163  4163 D NuPlayerDriver: reset(0xf584eca0)
12-15 16:14:04.194  4390  4390 D GpsLocationProvider: Reset GPS properties, previous size = 0
12-15 16:14:04.194  4390  4390 D GpsLocationProvider: GpsParamsResource: SUPL_HOST=supl.google.com
12-15 16:14:04.194  4390  4390 D GpsLocationProvider: GpsParamsResource: SUPL_PORT=7275
12-15 16:14:04.194  4390  4390 D GpsLocationProvider: GpsParamsResource: NTP_SERVER=north-america.pool.ntp.org
12-15 16:14:04.194  4390  4390 D GpsLocationProvider: GpsParamsResource: SUPL_VER=0x20000
12-15 16:14:04.194  4390  4390 D GpsLocationProvider: GpsParamsResource: SUPL_MODE=1
12-15 16:14:04.194  4390  4390 D GpsLocationProvider: GPS properties reloaded, size = 8
12-15 16:14:04.194  4390  4390 E GpsLocationProvider: no AGPS interface in set_agps_server
12-15 16:14:04.194  4163  4633 D NuPlayerDriver: notifyResetComplete(0xf584eca0)
12-15 16:14:04.194  4163  4469 D NuPlayerDriver: reset(0xf50281c0)
12-15 16:14:04.194  4390  4390 E GpsLocationProvider: no GPS configuration interface in configuraiton_update
12-15 16:14:04.194  4390  4390 D GpsLocationProvider: final config = #Tue Dec 15 16:14:04 GMT+08:00 2015
12-15 16:14:04.194  4390  4390 D GpsLocationProvider: SUPL_VER=0x20000
12-15 16:14:04.194  4390  4390 D GpsLocationProvider: SUPL_HOST=supl.google.com
12-15 16:14:04.194  4390  4390 D GpsLocationProvider: XTRA_SERVER_3=http\://xtra3.gpsonextra.net/xtra.bin
12-15 16:14:04.194  4390  4390 D GpsLocationProvider: XTRA_SERVER_1=http\://xtra1.gpsonextra.net/xtra.bin
12-15 16:14:04.194  4390  4390 D GpsLocationProvider: SUPL_PORT=7275
12-15 16:14:04.194  4390  4390 D GpsLocationProvider: XTRA_SERVER_2=http\://xtra2.gpsonextra.net/xtra.bin
12-15 16:14:04.194  4390  4390 D GpsLocationProvider: NTP_SERVER=north-america.pool.ntp.org
12-15 16:14:04.194  4390  4390 D GpsLocationProvider: SUPL_MODE=1
12-15 16:14:04.195  4163  4635 D NuPlayerDriver: notifyResetComplete(0xf50281c0)
12-15 16:14:04.197  4390  4390 E FlpHardwareProvider: Error hw_get_module 'flp': -2
12-15 16:14:04.197  4390  4390 E LocationManagerService: FLP HAL not supported
12-15 16:14:04.198  4390  4390 E ActivityRecognitionHardware: Error hw_get_module: -2
12-15 16:14:04.198  4390  4390 E LocationManagerService: Hardware Activity-Recognition not supported.
12-15 16:14:04.198  4647  4647 I ActivityThread: Switching default density from 160 to 240
12-15 16:14:04.198  4529  4529 W ResourceType: No package identifier when getting value for resource number 0x00000000
12-15 16:14:04.198  4529  4529 W PackageManager: Failure retrieving resources for com.tencent.mobileqq: Resource ID #0x0
12-15 16:14:04.199  4163  4211 D NuPlayerDriver: start(0xf50280a0)
12-15 16:14:04.199  4163  4662 I GenericSource: start
12-15 16:14:04.200  4163  4468 D NuPlayerDriver: start(0xf584ef40)
12-15 16:14:04.200  4163  4664 I GenericSource: start
12-15 16:14:04.201  4163  4211 D NuPlayerDriver: reset(0xf50280a0)
12-15 16:14:04.201  4163  4662 D NuPlayerDriver: notifyResetComplete(0xf50280a0)
12-15 16:14:04.203  4163  4468 D NuPlayerDriver: reset(0xf584ef40)
12-15 16:14:04.203  4163  4664 D NuPlayerDriver: notifyResetComplete(0xf584ef40)
12-15 16:14:04.207  4163  4163 D NuPlayerDriver: start(0xf584eca0)
12-15 16:14:04.207  4163  4683 I GenericSource: start
12-15 16:14:04.210  4163  4163 D NuPlayerDriver: reset(0xf584eca0)
12-15 16:14:04.211  4163  4683 D NuPlayerDriver: notifyResetComplete(0xf584eca0)
12-15 16:14:04.214  4390  4415 I ActivityManager: Start proc 4692:com.google.android.gms.persistent/u0a7 for broadcast com.google.android.gms/com.google.android.location.internal.NlpNetworkProviderSettingsUpdateReceiver
12-15 16:14:04.214  4390  4414 D gps_serial: serial_gps_init
12-15 16:14:04.214  4390  4414 D gps_serial: gps_state_init
12-15 16:14:04.214  4390  4414 D gps_serial: no kernel-provided gps device name
12-15 16:14:04.214  4390  4414 W GpsLocationProvider: Failed to enable location provider
12-15 16:14:04.215  4163  4469 D NuPlayerDriver: start(0xf50281c0)
12-15 16:14:04.215  4163  4690 I GenericSource: start
12-15 16:14:04.217  4163  4469 D NuPlayerDriver: reset(0xf50281c0)
12-15 16:14:04.218  4163  4690 D NuPlayerDriver: notifyResetComplete(0xf50281c0)
12-15 16:14:04.223  4163  4211 D NuPlayerDriver: start(0xf50280a0)
12-15 16:14:04.223  4163  4720 I GenericSource: start
12-15 16:14:04.225  4390  4390 I CommonTimeManagementService: No common time service detected on this platform.  Common time services will be unavailable.
12-15 16:14:04.225  4390  4440 I InputReader: Reconfiguring input devices.  changes=0x00000020
12-15 16:14:04.225  4390  4390 I MmsServiceBroker: Delay connecting to MmsService until an API is called
12-15 16:14:04.225  4390  4390 W VoiceInteractionManagerService: no available voice interaction services found for user 0
12-15 16:14:04.225  4390  4390 W VoiceInteractionManagerService: no available voice recognition services found for user 0
12-15 16:14:04.226  4390  4440 I InputReader: Reconfiguring input devices.  changes=0x00000010
12-15 16:14:04.227  4692  4692 I ActivityThread: Switching default density from 160 to 240
12-15 16:14:04.227  4647  4647 I LatinIME: Hardware accelerated drawing: true
12-15 16:14:04.228  4692  4692 W ResourcesManager: Asset path '/system/framework/com.android.media.remotedisplay.jar' does not exist or contains no resources.
12-15 16:14:04.228  4692  4692 W ResourcesManager: Asset path '/system/framework/com.android.location.provider.jar' does not exist or contains no resources.
12-15 16:14:04.231  4163  4211 D NuPlayerDriver: reset(0xf50280a0)
12-15 16:14:04.232  4163  4720 D NuPlayerDriver: notifyResetComplete(0xf50280a0)
12-15 16:14:04.234  4692  4692 I art     : Rejecting re-init on previously-failed class java.lang.Class<com.google.android.gms.common.h.c>
12-15 16:14:04.234  4692  4692 I art     : Rejecting re-init on previously-failed class java.lang.Class<com.google.android.gms.common.h.c>
12-15 16:14:04.234  4692  4692 I MultiDex: VM with version 2.1.0 has multidex support
12-15 16:14:04.234  4692  4692 I MultiDex: install
12-15 16:14:04.234  4692  4692 I MultiDex: VM has multidex support, MultiDex support library is disabled.
12-15 16:14:04.235  4529  4529 W ResourceType: No package identifier when getting value for resource number 0x00000000
12-15 16:14:04.235  4529  4529 W PackageManager: Failure retrieving resources for com.android.quicksearchbox: Resource ID #0x0
12-15 16:14:04.236  4390  4481 D UsbHostManager: Added device UsbDevice[mName=/dev/bus/usb/001/003,mVendorId=3034,mProductId=297,mClass=255,mSubclass=255,mProtocol=255,mManufacturerName=Generic,mProductName=USB2.0-CRW,mSerialNumber=20100201396000000,mConfigurations=[
12-15 16:14:04.236  4390  4481 D UsbHostManager: UsbConfiguration[mId=1,mName=CARD READER,mAttributes=160,mMaxPower=250,mInterfaces=[
12-15 16:14:04.236  4390  4481 D UsbHostManager: UsbInterface[mId=0,mAlternateSetting=0,mName=Bulk-In, Bulk-Out, Interface,mClass=255,mSubclass=6,mProtocol=80,mEndpoints=[
12-15 16:14:04.236  4390  4481 D UsbHostManager: UsbEndpoint[mAddress=1,mAttributes=2,mMaxPacketSize=512,mInterval=0]
12-15 16:14:04.236  4390  4481 D UsbHostManager: UsbEndpoint[mAddress=130,mAttributes=2,mMaxPacketSize=512,mInterval=0]
12-15 16:14:04.236  4390  4481 D UsbHostManager: UsbEndpoint[mAddress=131,mAttributes=3,mMaxPacketSize=3,mInterval=10]]]]
12-15 16:14:04.236  4390  4481 W ContextImpl: Calling a method in the system process without a qualified user: android.app.ContextImpl.sendBroadcast:1327 com.android.server.usb.UsbSettingsManager.deviceAttached:741 com.android.server.usb.UsbHostManager.endUsbDeviceAdded:224 com.android.server.usb.UsbHostManager.monitorUsbHostBus:-2 com.android.server.usb.UsbHostManager.access$000:42 
12-15 16:14:04.236  4390  4390 I ActivityManager: Start proc 4729:com.android.phone/1001 for added application com.android.phone
12-15 16:14:04.236  4390  4390 I ActivityManager: START u0 {act=android.intent.action.MAIN cat=[android.intent.category.HOME] flg=0x10000000 cmp=com.android.launcher3/.Launcher} from uid 0 on display 0
12-15 16:14:04.237  4390  4390 V WindowManager: addAppToken: AppWindowToken{1cdc5670 token=Token{39ae90b3 ActivityRecord{38860e22 u0 com.android.launcher3/.Launcher t109}}} to stack=0 task=109 at 0
12-15 16:14:04.252  4390  4390 I ActivityManager: Start proc 4752:com.android.launcher3/u0a44 for activity com.android.launcher3/.Launcher
12-15 16:14:04.268  4390  4414 I ActivityManager: Start proc 4775:com.android.printspooler/u0a53 for service com.android.printspooler/.model.PrintSpoolerService
12-15 16:14:04.269  4390  4390 I ActivityThread: Switching default density from 160 to 240
12-15 16:14:04.269  4390  4390 V ActivityManager: Display changed displayId=0
12-15 16:14:04.269  4390  4390 V ActivityManager: Display changed displayId=0
12-15 16:14:04.270  4647  4647 W InputAttributes: No editor info for this field. Bug?
12-15 16:14:04.270  4390  4481 D UsbHostManager: Added device UsbDevice[mName=/dev/bus/usb/001/002,mVendorId=1133,mProductId=49242,mClass=0,mSubclass=0,mProtocol=0,mManufacturerName=Logitech,mProductName=USB Optical Mouse,mSerialNumber=null,mConfigurations=[
12-15 16:14:04.270  4390  4481 D UsbHostManager: UsbConfiguration[mId=1,mName=null,mAttributes=160,mMaxPower=50,mInterfaces=[
12-15 16:14:04.270  4390  4481 D UsbHostManager: UsbInterface[mId=0,mAlternateSetting=0,mName=null,mClass=3,mSubclass=1,mProtocol=2,mEndpoints=[
12-15 16:14:04.270  4390  4481 D UsbHostManager: UsbEndpoint[mAddress=129,mAttributes=3,mMaxPacketSize=4,mInterval=10]]]]
12-15 16:14:04.271  4390  4481 W ContextImpl: Calling a method in the system process without a qualified user: android.app.ContextImpl.sendBroadcast:1327 com.android.server.usb.UsbSettingsManager.deviceAttached:741 com.android.server.usb.UsbHostManager.endUsbDeviceAdded:224 com.android.server.usb.UsbHostManager.monitorUsbHostBus:-2 com.android.server.usb.UsbHostManager.access$000:42 
12-15 16:14:04.272  4729  4729 I ActivityThread: Switching default density from 160 to 240
12-15 16:14:04.273  4390  4390 D WifiScanningService: SCAN_AVAILABLE : 1
12-15 16:14:04.273  4390  4390 D RttService: SCAN_AVAILABLE : 1
12-15 16:14:04.273  4390  4475 D WifiScanningService: DefaultState got{ when=0 what=160007 target=com.android.internal.util.StateMachine$SmHandler }
12-15 16:14:04.273  4390  4476 D RttService: DefaultState got{ when=0 what=160513 target=com.android.internal.util.StateMachine$SmHandler }
12-15 16:14:04.274  4647  4800 I LatinIME:LogUtils: Dictionary info: dictionary = UserHistoryDictionary.en_US ; version = 1450094784 ; date = 1450160762
12-15 16:14:04.274  4647  4801 I LatinIME:LogUtils: Dictionary info: dictionary = PersonalizationDictionary.en_US ; version = 1450167244 ; date = ?
12-15 16:14:04.274  4752  4752 I ActivityThread: Switching default density from 160 to 240
12-15 16:14:04.274  4529  4529 W ResourceType: No package identifier when getting value for resource number 0x00000000
12-15 16:14:04.274  4529  4529 W PackageManager: Failure retrieving resources for com.microsoft.office.word: Resource ID #0x0
12-15 16:14:04.274  4647  4802 I LatinIME:LogUtils: Dictionary info: dictionary = userunigram.en_US ; version = 1450167244 ; date = ?
12-15 16:14:04.274  4647  4803 I LatinIME:LogUtils: Dictionary info: dictionary = contacts.en_US ; version = 1450167244 ; date = ?
12-15 16:14:04.274  4647  4804 I LatinIME:LogUtils: Dictionary info: dictionary = ContextualDictionary.en_US ; version = 1450167244 ; date = ?
12-15 16:14:04.278  4752  4752 D Launcher.LauncherProvider: 11683562 - initializeMaxScreenId(): 3
12-15 16:14:04.290  4390  4719 I ActivityManager: Start proc 4807:com.google.process.gapps/u0a7 for content provider com.google.android.gsf/.gservices.GservicesProvider
12-15 16:14:04.291  4775  4775 I ActivityThread: Switching default density from 160 to 240
12-15 16:14:04.292  4775  4775 I PrintSpoolerService: No existing print spooler state.
12-15 16:14:04.292  4158  4158 I art     : Explicit concurrent mark sweep GC freed 709(30KB) AllocSpace objects, 0(0B) LOS objects, 39% free, 1950KB/3MB, paused 25us total 2.760ms
12-15 16:14:04.295  4158  4158 I art     : Explicit concurrent mark sweep GC freed 5(160B) AllocSpace objects, 0(0B) LOS objects, 39% free, 1950KB/3MB, paused 26us total 2.687ms
12-15 16:14:04.297  4158  4158 I art     : Explicit concurrent mark sweep GC freed 5(160B) AllocSpace objects, 0(0B) LOS objects, 39% free, 1950KB/3MB, paused 19us total 2.170ms
12-15 16:14:04.312  4390  4410 I ActivityManager: Start proc 4832:android.process.acore/u0a2 for content provider com.android.providers.userdictionary/.UserDictionaryProvider
12-15 16:14:04.313  4752  4752 V Launcher: LauncherAppState inited
12-15 16:14:04.314  4807  4807 I ActivityThread: Switching default density from 160 to 240
12-15 16:14:04.314  4752  4752 D Launcher.Model: Old launcher provider: content://com.android.launcher2.settings/favorites?notify=true
12-15 16:14:04.314  4752  4752 D Launcher.Model: Old launcher provider does not exist.
12-15 16:14:04.316  4807  4807 I GservicesProvider: Gservices pushing to system: true; secure/global: true
12-15 16:14:04.319  4832  4832 I ActivityThread: Switching default density from 160 to 240
12-15 16:14:04.321  4529  4529 W ResourceType: No package identifier when getting value for resource number 0x00000000
12-15 16:14:04.321  4529  4529 W PackageManager: Failure retrieving resources for com.microsoft.office.powerpoint: Resource ID #0x0
12-15 16:14:04.323  4692  4692 V JNIHelp : Registering com/google/android/gms/org/conscrypt/NativeCrypto's 240 native methods...
12-15 16:14:04.324  4752  4752 W Launcher: setApplicationContext called twice! old=com.android.launcher3.LauncherApplication@12324e33 new=com.android.launcher3.LauncherApplication@12324e33
12-15 16:14:04.324  4390  4390 I Telecom : TelecomGlobals: TelecomGlobals initializing
12-15 16:14:04.326  4390  4390 D BluetoothManagerService: Trying to bind to profile: 1, while Bluetooth was disabled
12-15 16:14:04.326  4390  4419 D BluetoothManagerService: Message: 30
12-15 16:14:04.327  4729  4729 D TelephonyProvider: dbh.onOpen: ok, queried table=siminfo
12-15 16:14:04.327  4729  4729 D TelephonyProvider: dbh.onOpen: ok, queried table=carriers
12-15 16:14:04.330  4529  4529 W ResourceType: No package identifier when getting value for resource number 0x00000000
12-15 16:14:04.330  4529  4529 W PackageManager: Failure retrieving resources for com.microsoft.office.excel: Resource ID #0x0
12-15 16:14:04.331  4692  4692 I ProviderInstaller: Installed default security provider GmsCore_OpenSSL
12-15 16:14:04.333  4832  4864 I ContactLocale: AddressBook Labels [zh-CN]: [, A, B, C, D, E, F, G, H, I, J, K, L, M, N, O, P, Q, R, S, T, U, V, W, X, Y, Z, , , , , , , , , , , , , , , , , , , , , , , , , , , , , , , , , , , , , , , , , , , , , , , , , , , , , , , , , , , , , , , , , , , , , , , , , , , , , , , , , , , , , , , , , , , , , , , , , , , , , , , , , , , , , , , , , , , , , , , , , , , , , , , , , , , , , , , , , , , , , , , , , , , , , , , , , , , , , , , , , , , , , , , , , , , , , , , , , , , , , , , , , , , , #, ]
12-15 16:14:04.334  4647  4801 I LatinIME:LogUtils: Dictionary info: dictionary = PersonalizationDictionary.en_US ; version = 1450167244 ; date = ?
12-15 16:14:04.334  4647  4801 I LatinIME:LogUtils: Dictionary info: dictionary = PersonalizationDictionary.en_US ; version = 1450167244 ; date = ?
12-15 16:14:04.335  4390  4390 I Telecom : TelecomGlobals: CallsManager initialized
12-15 16:14:04.335  4390  4390 W ContextImpl: Calling a method in the system process without a qualified user: android.app.ContextImpl.startService:1692 android.content.ContextWrapper.startService:516 com.android.server.telecom.BluetoothPhoneService.start:440 com.android.server.telecom.TelecomGlobals.initialize:93 com.android.server.telecom.TelecomService.onCreate:164 
12-15 16:14:04.336  4390  4390 D ZenLog  : downtime: Autotrigger skipped: not in downtime
12-15 16:14:04.337  4390  4390 D GpsNetInitiatedHandler: location enabled :true
12-15 16:14:04.337  4390  4390 V WiredAccessoryManager: notifyWiredAccessoryChanged: when=0 bits= mask=54
12-15 16:14:04.337  4390  4390 V WiredAccessoryManager: newName=h2w newState=0 headsetState=0 prev headsetState=0
12-15 16:14:04.337  4390  4390 E WiredAccessoryManager: No state change.
12-15 16:14:04.337  4390  4390 V WiredAccessoryManager: init()
12-15 16:14:04.337  4647  4872 I LatinIME:LogUtils: Dictionary info: dictionary = main:en ; version = 47 ; date = 1402373178
12-15 16:14:04.338  4390  4419 D BluetoothManagerService: Message: 300
12-15 16:14:04.338  4390  4419 D BluetoothManagerService: MESSAGE_USER_SWITCHED
12-15 16:14:04.340  4529  4529 W ResourceType: No package identifier when getting value for resource number 0x00000000
12-15 16:14:04.340  4529  4529 W PackageManager: Failure retrieving resources for com.android.providers.downloads.ui: Resource ID #0x0
12-15 16:14:04.342  4157  4171 D PermissionCache: checking android.permission.HARDWARE_TEST for uid=1000 => granted (30 us)
12-15 16:14:04.345  4163  4468 D BlueZ   : external/bluetooth/bluez/android/hal-audio.c:audio_set_mic_mute() 
12-15 16:14:04.345  4692  4876 D NativeLibraryUtils: Install completed successfully. count=0 extracted=0
12-15 16:14:04.351  4529  4529 W ResourceType: No package identifier when getting value for resource number 0x00000000
12-15 16:14:04.351  4529  4529 W PackageManager: Failure retrieving resources for com.android.settings: Resource ID #0x0
12-15 16:14:04.351  4390  4390 V BackupManagerService: Connected to transport ComponentInfo{android/com.android.internal.backup.LocalTransportService}
12-15 16:14:04.351  4390  4390 V BackupManagerService: Registering transport android/com.android.internal.backup.LocalTransportService::android/com.android.internal.backup.LocalTransport = android.app.backup.BackupTransport$TransportImpl@3632e34c
12-15 16:14:04.354  4752  4752 W ResourceType: Attempt to retrieve bag 0x7f0d0008 which is invalid or in a cycle.
12-15 16:14:04.355  4807  4807 W ResourcesManager: Asset path '/system/framework/com.android.media.remotedisplay.jar' does not exist or contains no resources.
12-15 16:14:04.355  4807  4807 W ResourcesManager: Asset path '/system/framework/com.android.location.provider.jar' does not exist or contains no resources.
12-15 16:14:04.360  4807  4807 I art     : Rejecting re-init on previously-failed class java.lang.Class<com.google.android.gms.common.h.c>
12-15 16:14:04.361  4807  4807 I art     : Rejecting re-init on previously-failed class java.lang.Class<com.google.android.gms.common.h.c>
12-15 16:14:04.362  4807  4807 I MultiDex: VM with version 2.1.0 has multidex support
12-15 16:14:04.362  4807  4807 I MultiDex: install
12-15 16:14:04.362  4807  4807 I MultiDex: VM has multidex support, MultiDex support library is disabled.
12-15 16:14:04.364  4729  4894 E DcSwitchStateMachine-0: DctController is not ready
12-15 16:14:04.364  4529  4529 W ResourceType: No package identifier when getting value for resource number 0x00000000
12-15 16:14:04.364  4529  4529 W PackageManager: Failure retrieving resources for com.android.browser: Resource ID #0x0
12-15 16:14:04.365  4390  4463 E ConnectivityService: Failed to find Messenger in unregisterNetworkFactory
12-15 16:14:04.366  4390  4463 D ConnectivityService: Got NetworkFactory Messenger for Telephony
12-15 16:14:04.367  4807  4807 V JNIHelp : Registering com/google/android/gms/org/conscrypt/NativeCrypto's 240 native methods...
12-15 16:14:04.367  4390  4390 D BluetoothManagerService: Trying to bind to profile: 1, while Bluetooth was disabled
12-15 16:14:04.367  4390  4419 D BluetoothManagerService: Message: 30
12-15 16:14:04.368  4390  4414 D GpsLocationProvider: received SIM realted action: 
12-15 16:14:04.368  4390  4390 V BackupManagerService: Connected to transport ComponentInfo{com.google.android.gms/com.google.android.gms.backup.BackupTransportService}
12-15 16:14:04.368  4390  4390 V BackupManagerService: Registering transport com.google.android.gms/.backup.BackupTransportService::com.google.android.gms/.backup.BackupTransportService = com.android.internal.backup.IBackupTransport$Stub$Proxy@122d0c75
12-15 16:14:04.368  4390  4414 D GpsLocationProvider: SIM MCC/MNC is still not available
12-15 16:14:04.369  4752  4848 D Launcher.Model: 11683562 - loadWorkspace()
12-15 16:14:04.369  4752  4848 D Launcher.Model: 11683562 -   loadedOldDb: false
12-15 16:14:04.370  4752  4848 W Launcher: setApplicationContext called twice! old=com.android.launcher3.LauncherApplication@12324e33 new=com.android.launcher3.LauncherApplication@12324e33
12-15 16:14:04.372  4752  4899 D OpenGLRenderer: Use EGL_SWAP_BEHAVIOR_PRESERVED: true
12-15 16:14:04.373  4752  4752 I GRALLOC-DRM: create intel for driver i915
12-15 16:14:04.373  4752  4752 D Atlas   : Validating map...
12-15 16:14:04.374  4390  4419 D BluetoothManagerService: Message: 20
12-15 16:14:04.374  4390  4419 D BluetoothManagerService: Added callback: android.bluetooth.IBluetoothManagerCallback$Stub$Proxy@3eb9926b:true
12-15 16:14:04.374  4390  4774 V WindowManager: Based on layer: Adding window Window{296221c8 u0 com.android.launcher3/com.android.launcher3.Launcher} at 0 of 2
12-15 16:14:04.375  4390  4419 D BluetoothManagerService: Message: 30
12-15 16:14:04.375  4390  4751 D BluetoothManagerService: Trying to bind to profile: 1, while Bluetooth was disabled
12-15 16:14:04.376  4807  4807 I ProviderInstaller: Installed default security provider GmsCore_OpenSSL
12-15 16:14:04.379  4729  4729 I Telephony: TtyManager: updateUiTtyMode -1 -> 0
12-15 16:14:04.381  4807  4903 I Backup  : [BackupTransportMigratorService] Starting migration...
12-15 16:14:04.383  4807  4903 W Backup  : [LegacyBackupAccountManager] No google accounts found!
12-15 16:14:04.384  4529  4529 W ResourceType: No package identifier when getting value for resource number 0x00000000
