01-06 03:26:16.941 10287 10287 F art     : art/runtime/runtime.cc:289]   native: #00 pc 000139a0  /android/system/lib/libc.so (???)
01-06 03:26:16.941 10287 10287 F art     : art/runtime/runtime.cc:289]   (no managed stack frames)
01-06 03:26:16.941 10287 10287 F art     : art/runtime/runtime.cc:289] 
01-06 03:26:16.941 10287 10287 F art     : art/runtime/runtime.cc:289] "Signal Catcher" prio=5 tid=9 WaitingInMainSignalCatcherLoop
01-06 03:26:16.941 10287 10287 F art     : art/runtime/runtime.cc:289]   | group="" sCount=0 dsCount=0 obj=0x12c000a0 self=0xf3c33400
01-06 03:26:16.941 10287 10287 F art     : art/runtime/runtime.cc:289]   | sysTid=10300 nice=0 cgrp=default sched=3/0 handle=0xf3c54000
01-06 03:26:16.941 10287 10287 F art     : art/runtime/runtime.cc:289]   | state=S schedstat=( 692979 0 1 ) utm=0 stm=0 core=2 HZ=100
01-06 03:26:16.941 10287 10287 F art     : art/runtime/runtime.cc:289]   | stack=0xf24b9000-0xf24bb000 stackSize=1012KB
01-06 03:26:16.941 10287 10287 F art     : art/runtime/runtime.cc:289]   | held mutexes=
01-06 03:26:16.941 10287 10287 F art     : art/runtime/runtime.cc:289]   kernel: do_futex+0xdb/0x86c
01-06 03:26:16.941 10287 10287 F art     : art/runtime/runtime.cc:289]   kernel: recalc_sigpending+0x12/0x41
01-06 03:26:16.941 10287 10287 F art     : art/runtime/runtime.cc:289]   kernel: do_sigtimedwait+0xea/0x1c1
01-06 03:26:16.941 10287 10287 F art     : art/runtime/runtime.cc:289]   kernel: compat_SyS_rt_sigtimedwait+0x78/0xb5
01-06 03:26:16.941 10287 10287 F art     : art/runtime/runtime.cc:289]   kernel: compat_SyS_futex+0xb1/0x12a
01-06 03:26:16.941 10287 10287 F art     : art/runtime/runtime.cc:289]   kernel: SyS_prctl+0xe5/0x36d
01-06 03:26:16.941 10287 10287 F art     : art/runtime/runtime.cc:289]   kernel: do_syscall_32_irqs_off+0x4c/0x86
01-06 03:26:16.941 10287 10287 F art     : art/runtime/runtime.cc:289]   kernel: entry_INT80_compat+0x2a/0x40
01-06 03:26:16.941 10287 10287 F art     : art/runtime/runtime.cc:289]   native: #00 pc 0007bfab  /android/system/lib/libc.so (???)
01-06 03:26:16.941 10287 10287 F art     : art/runtime/runtime.cc:289]   native: #01 pc 0002581c  /android/system/lib/libc.so (???)
01-06 03:26:16.941 10287 10287 F art     : art/runtime/runtime.cc:289]   native: #02 pc 003d164b  /android/system/lib/libart.so (???)
01-06 03:26:16.941 10287 10287 F art     : art/runtime/runtime.cc:289]   native: #03 pc 003d5d99  /android/system/lib/libart.so (???)
01-06 03:26:16.941 10287 10287 F art     : art/runtime/runtime.cc:289]   native: #04 pc 00022168  /android/system/lib/libc.so (???)
01-06 03:26:16.941 10287 10287 F art     : art/runtime/runtime.cc:289]   native: #05 pc 0001cc69  /android/system/lib/libc.so (???)
01-06 03:26:16.941 10287 10287 F art     : art/runtime/runtime.cc:289]   native: #06 pc 000137c6  /android/system/lib/libc.so (???)
01-06 03:26:16.941 10287 10287 F art     : art/runtime/runtime.cc:289]   (no managed stack frames)
01-06 03:26:16.941 10287 10287 F art     : art/runtime/runtime.cc:289] 
01-06 03:26:16.941 10287 10287 F art     : art/runtime/runtime.cc:289] "JDWP" prio=5 tid=10 WaitingInMainDebuggerLoop
01-06 03:26:16.941 10287 10287 F art     : art/runtime/runtime.cc:289]   | group="" sCount=0 dsCount=0 obj=0x12c050a0 self=0xedc3e400
01-06 03:26:16.941 10287 10287 F art     : art/runtime/runtime.cc:289]   | sysTid=10301 nice=0 cgrp=default sched=3/0 handle=0xf3c54500
01-06 03:26:16.941 10287 10287 F art     : art/runtime/runtime.cc:289]   | state=S schedstat=( 749385 0 2 ) utm=0 stm=0 core=6 HZ=100
01-06 03:26:16.941 10287 10287 F art     : art/runtime/runtime.cc:289]   | stack=0xee259000-0xee25b000 stackSize=1012KB
01-06 03:26:16.941 10287 10287 F art     : art/runtime/runtime.cc:289]   | held mutexes=
01-06 03:26:16.941 10287 10287 F art     : art/runtime/runtime.cc:289]   kernel: get_page_from_freelist+0x4fc/0x711
01-06 03:26:16.941 10287 10287 F art     : art/runtime/runtime.cc:289]   kernel: unix_stream_read_generic+0x2b1/0x70e
01-06 03:26:16.941 10287 10287 F art     : art/runtime/runtime.cc:289]   kernel: autoremove_wake_function+0x0/0x2a
01-06 03:26:16.941 10287 10287 F art     : art/runtime/runtime.cc:289]   kernel: unix_stream_recvmsg+0x3a/0x3f
01-06 03:26:16.941 10287 10287 F art     : art/runtime/runtime.cc:289]   kernel: unix_stream_read_actor+0x0/0x1c
01-06 03:26:16.941 10287 10287 F art     : art/runtime/runtime.cc:289]   kernel: ___sys_recvmsg+0xc8/0x165
01-06 03:26:16.941 10287 10287 F art     : art/runtime/runtime.cc:289]   kernel: SyS_sendto+0xd8/0xec
01-06 03:26:16.941 10287 10287 F art     : art/runtime/runtime.cc:289]   kernel: __fget+0x6b/0x75
01-06 03:26:16.941 10287 10287 F art     : art/runtime/runtime.cc:289]   kernel: __sys_recvmsg+0x39/0x5a
01-06 03:26:16.941 10287 10287 F art     : art/runtime/runtime.cc:289]   kernel: compat_SyS_socketcall+0x152/0x18f
01-06 03:26:16.941 10287 10287 F art     : art/runtime/runtime.cc:289]   kernel: do_syscall_32_irqs_off+0x4c/0x86
01-06 03:26:16.941 10287 10287 F art     : art/runtime/runtime.cc:289]   kernel: entry_INT80_compat+0x2a/0x40
01-06 03:26:16.941 10287 10287 F art     : art/runtime/runtime.cc:289]   native: #00 pc 0007af41  /android/system/lib/libc.so (???)
01-06 03:26:16.941 10287 10287 F art     : art/runtime/runtime.cc:289]   native: #01 pc 004a5b60  /android/system/lib/libart.so (???)
01-06 03:26:16.941 10287 10287 F art     : art/runtime/runtime.cc:289]   native: #02 pc 002b7817  /android/system/lib/libart.so (???)
01-06 03:26:16.941 10287 10287 F art     : art/runtime/runtime.cc:289]   native: #03 pc 002b9f09  /android/system/lib/libart.so (???)
01-06 03:26:16.941 10287 10287 F art     : art/runtime/runtime.cc:289]   native: #04 pc 00022168  /android/system/lib/libc.so (???)
01-06 03:26:16.941 10287 10287 F art     : art/runtime/runtime.cc:289]   native: #05 pc 0001cc69  /android/system/lib/libc.so (???)
01-06 03:26:16.941 10287 10287 F art     : art/runtime/runtime.cc:289]   native: #06 pc 000137c6  /android/system/lib/libc.so (???)
01-06 03:26:16.941 10287 10287 F art     : art/runtime/runtime.cc:289]   (no managed stack frames)
01-06 03:26:16.941 10287 10287 F art     : art/runtime/runtime.cc:289] 
01-06 03:26:16.941 10287 10287 F art     : art/runtime/runtime.cc:289] "ReferenceQueueDaemon" prio=5 tid=11 Waiting
01-06 03:26:16.941 10287 10287 F art     : art/runtime/runtime.cc:289]   | group="" sCount=0 dsCount=0 obj=0x12c070a0 self=0xf3c25c00
01-06 03:26:16.941 10287 10287 F art     : art/runtime/runtime.cc:289]   | sysTid=10302 nice=0 cgrp=default sched=3/0 handle=0xf3c54780
01-06 03:26:16.941 10287 10287 F art     : art/runtime/runtime.cc:289]   | state=S schedstat=( 645030 0 1 ) utm=0 stm=0 core=7 HZ=100
01-06 03:26:16.941 10287 10287 F art     : art/runtime/runtime.cc:289]   | stack=0xee155000-0xee157000 stackSize=1036KB
01-06 03:26:16.941 10287 10287 F art     : art/runtime/runtime.cc:289]   | held mutexes=
01-06 03:26:16.941 10287 10287 F art     : art/runtime/runtime.cc:289]   kernel: futex_wait_queue_me+0xb8/0xf9
01-06 03:26:16.941 10287 10287 F art     : art/runtime/runtime.cc:289]   kernel: futex_wait+0xeb/0x1f0
01-06 03:26:16.941 10287 10287 F art     : art/runtime/runtime.cc:289]   kernel: get_user_pages_fast+0xc0/0x140
01-06 03:26:16.941 10287 10287 F art     : art/runtime/runtime.cc:289]   kernel: ttwu_stat+0x87/0xb9
01-06 03:26:16.941 10287 10287 F art     : art/runtime/runtime.cc:289]   kernel: get_futex_key+0x1ad/0x1c6
01-06 03:26:16.941 10287 10287 F art     : art/runtime/runtime.cc:289]   kernel: do_futex+0xb2/0x86c
01-06 03:26:16.941 10287 10287 F art     : art/runtime/runtime.cc:289]   kernel: handle_mm_fault+0x3bd/0xe32
01-06 03:26:16.941 10287 10287 F art     : art/runtime/runtime.cc:289]   kernel: cap_safe_nice+0x69/0x6e
01-06 03:26:16.941 10287 10287 F art     : art/runtime/runtime.cc:289]   kernel: compat_SyS_futex+0xb1/0x12a
01-06 03:26:16.941 10287 10287 F art     : art/runtime/runtime.cc:289]   kernel: __do_page_fault+0x2c6/0x35c
01-06 03:26:16.941 10287 10287 F art     : art/runtime/runtime.cc:289]   kernel: do_syscall_32_irqs_off+0x4c/0x86
01-06 03:26:16.941 10287 10287 F art     : art/runtime/runtime.cc:289]   kernel: entry_INT80_compat+0x2a/0x40
01-06 03:26:16.941 10287 10287 F art     : art/runtime/runtime.cc:289]   native: #00 pc 000139a0  /android/system/lib/libc.so (???)
01-06 03:26:16.941 10287 10287 F art     : art/runtime/runtime.cc:289]   at java.lang.Object.wait!(Native method)
01-06 03:26:16.941 10287 10287 F art     : art/runtime/runtime.cc:289]   - waiting on <0x3db6cf45> (a java.lang.Class<java.lang.ref.ReferenceQueue>)
01-06 03:26:16.941 10287 10287 F art     : art/runtime/runtime.cc:289]   at java.lang.Daemons$ReferenceQueueDaemon.run(Daemons.java:134)
01-06 03:26:16.941 10287 10287 F art     : art/runtime/runtime.cc:289]   - locked <0x3db6cf45> (a java.lang.Class<java.lang.ref.ReferenceQueue>)
01-06 03:26:16.941 10287 10287 F art     : art/runtime/runtime.cc:289]   at java.lang.Thread.run(Thread.java:818)
01-06 03:26:16.941 10287 10287 F art     : art/runtime/runtime.cc:289] 
01-06 03:26:16.941 10287 10287 F art     : art/runtime/runtime.cc:289] "FinalizerDaemon" prio=5 tid=12 Waiting
01-06 03:26:16.941 10287 10287 F art     : art/runtime/runtime.cc:289]   | group="" sCount=0 dsCount=0 obj=0x12c07100 self=0xf3c26000
01-06 03:26:16.941 10287 10287 F art     : art/runtime/runtime.cc:289]   | sysTid=10303 nice=0 cgrp=default sched=3/0 handle=0xf3c54a00
01-06 03:26:16.941 10287 10287 F art     : art/runtime/runtime.cc:289]   | state=S schedstat=( 833291 0 2 ) utm=0 stm=0 core=2 HZ=100
01-06 03:26:16.941 10287 10287 F art     : art/runtime/runtime.cc:289]   | stack=0xedafe000-0xedb00000 stackSize=1036KB
01-06 03:26:16.941 10287 10287 F art     : art/runtime/runtime.cc:289]   | held mutexes=
01-06 03:26:16.941 10287 10287 F art     : art/runtime/runtime.cc:289]   kernel: futex_wait_queue_me+0xb8/0xf9
01-06 03:26:16.941 10287 10287 F art     : art/runtime/runtime.cc:289]   kernel: futex_wait+0xeb/0x1f0
01-06 03:26:16.941 10287 10287 F art     : art/runtime/runtime.cc:289]   kernel: get_user_pages_fast+0xc0/0x140
01-06 03:26:16.941 10287 10287 F art     : art/runtime/runtime.cc:289]   kernel: get_futex_key+0x1ad/0x1c6
01-06 03:26:16.941 10287 10287 F art     : art/runtime/runtime.cc:289]   kernel: do_futex+0xb2/0x86c
01-06 03:26:16.941 10287 10287 F art     : art/runtime/runtime.cc:289]   kernel: page_add_new_anon_rmap+0x3d/0x73
01-06 03:26:16.941 10287 10287 F art     : art/runtime/runtime.cc:289]   kernel: handle_mm_fault+0x3bd/0xe32
01-06 03:26:16.941 10287 10287 F art     : art/runtime/runtime.cc:289]   kernel: compat_SyS_futex+0xb1/0x12a
01-06 03:26:16.941 10287 10287 F art     : art/runtime/runtime.cc:289]   kernel: __do_page_fault+0x2c6/0x35c
01-06 03:26:16.941 10287 10287 F art     : art/runtime/runtime.cc:289]   at java.lang.ref.ReferenceQueue.remove(ReferenceQueue.java:72)
01-06 03:26:16.941 10287 10287 F art     : art/runtime/runtime.cc:289]   at java.lang.Thread.run(Thread.java:818)
01-06 03:26:16.941 10287 10287 F art     : art/runtime/runtime.cc:289] 
01-06 03:26:16.941 10287 10287 F art     : art/runtime/runtime.cc:289]   | sysTid=10304 nice=0 cgrp=default sched=3/0 handle=0xf3c54c80
01-06 03:26:16.941 10287 10287 F art     : art/runtime/runtime.cc:289]   | state=S schedstat=( 585060 0 1 ) utm=0 stm=0 core=7 HZ=100
01-06 03:26:16.941 10287 10287 F art     : art/runtime/runtime.cc:289]   | held mutexes=
01-06 03:26:16.941 10287 10287 F art     : art/runtime/runtime.cc:289]   kernel: futex_wait_queue_me+0xb8/0xf9
01-06 03:26:16.941 10287 10287 F art     : art/runtime/runtime.cc:289]   kernel: get_user_pages_fast+0xc0/0x140
01-06 03:26:16.941 10287 10287 F art     : art/runtime/runtime.cc:289]   kernel: get_futex_key+0x1ad/0x1c6
01-06 03:26:16.941 10287 10287 F art     : art/runtime/runtime.cc:289]   kernel: do_futex+0xb2/0x86c
01-06 03:26:16.941 10287 10287 F art     : art/runtime/runtime.cc:289]   kernel: cap_safe_nice+0x69/0x6e
01-06 03:26:16.941 10287 10287 F art     : art/runtime/runtime.cc:289]   kernel: compat_SyS_futex+0xb1/0x12a
01-06 03:26:16.941 10287 10287 F art     : art/runtime/runtime.cc:289]   kernel: do_syscall_32_irqs_off+0x4c/0x86
01-06 03:26:16.941 10287 10287 F art     : art/runtime/runtime.cc:289]   native: #00 pc 000139a0  /android/system/lib/libc.so (???)
01-06 03:26:16.941 10287 10287 F art     : art/runtime/runtime.cc:289]   kernel: binder_ioctl+0x151/0x46f
01-06 03:26:16.941 10287 10287 F art     : art/runtime/runtime.cc:289]   kernel: security_task_prctl+0x44/0x64
01-06 03:26:16.941 10287 10287 F art     : art/runtime/runtime.cc:289]   kernel: do_syscall_32_irqs_off+0x4c/0x86
01-06 03:26:16.941 10287 10287 F art     : art/runtime/runtime.cc:289]   kernel: entry_INT80_compat+0x2a/0x40
01-06 03:26:16.941 10287 10287 F art     : art/runtime/runtime.cc:289]   native: #01 pc 000bafea  /android/system/lib/libc.so (???)
01-06 03:26:16.941 10287 10287 F art     : art/runtime/runtime.cc:289]   native: #03 pc 000261e2  /android/system/lib/libbinder.so (???)
01-06 03:26:16.941 10287 10287 F art     : art/runtime/runtime.cc:289]   native: #04 pc 0002629f  /android/system/lib/libbinder.so (???)
01-06 03:26:16.941 10287 10287 F art     : art/runtime/runtime.cc:289]   native: #05 pc 0002fa7e  /android/system/lib/libbinder.so (???)
01-06 03:26:16.941 10287 10287 F art     : art/runtime/runtime.cc:289]   native: #06 pc 00017ee4  /android/system/lib/libutils.so (???)
01-06 03:26:16.941 10287 10287 F art     : art/runtime/runtime.cc:289]   native: #08 pc 000174f2  /android/system/lib/libutils.so (???)
01-06 03:26:16.941 10287 10287 F libc    : Fatal signal 6 (SIGABRT), code -6 in tid 10287 (urf:dservice_v1)
01-06 03:26:16.991  1872  1872 I DEBUG   : *** *** *** *** *** *** *** *** *** *** *** *** *** *** *** ***
01-06 03:26:16.991  1872  1872 I DEBUG   : Build fingerprint: 'Android-x86/android_x86_64/x86_64:5.1.1/LMY48Z/01050708:eng/test-keys'
01-06 03:26:16.992  1872  1872 I DEBUG   : Revision: '0'
01-06 03:26:16.992  1872  1872 I DEBUG   : ABI: 'x86'
01-06 03:26:16.992  1872  1872 I DEBUG   : pid: 10287, tid: 10287, name: urf:dservice_v1  >>> com.kiloo.subwaysurf:dservice_v1 <<<
01-06 03:26:16.992  1872  1872 I DEBUG   : signal 6 (SIGABRT), code -6 (SI_TKILL), fault addr --------
01-06 03:26:16.994  1872  1872 I DEBUG   : Abort message: 'art/runtime/check_jni.cc:65] JNI DETECTED ERROR IN APPLICATION: GetStringUTFChars received null jstring'
01-06 03:26:16.994  1872  1872 I DEBUG   :     eax 00000000  ebx 0000282f  ecx 0000282f  edx 00000006
01-06 03:26:16.994  1872  1872 I DEBUG   :     esi f77cec48  edi 0000000b
01-06 03:26:16.994  1872  1872 I DEBUG   :     xcs 00000023  xds 0000002b  xes 0000002b  xfs 00000007  xss 0000002b
01-06 03:26:16.994  1872  1872 I DEBUG   :     eip f755bd26  ebp 0000282f  esp ffbbc620  flags 00200286
01-06 03:26:16.994  1872  1872 I DEBUG   : 
01-06 03:26:16.994  1872  1872 I DEBUG   : backtrace:
01-06 03:26:16.994  1872  1872 I DEBUG   :     #00 pc 0007ad26  /system/lib/libc.so (tgkill+22)
01-06 03:26:16.994  1872  1872 I DEBUG   :     #01 pc 00023125  /system/lib/libc.so (pthread_kill+117)
01-06 03:26:16.994  1872  1872 I DEBUG   :     #02 pc 00024d1a  /system/lib/libc.so (raise+42)
01-06 03:26:16.994  1872  1872 I DEBUG   :     #03 pc 0001c4c4  /system/lib/libc.so (abort+84)
01-06 03:26:16.994  1872  1872 I DEBUG   :     #04 pc 003c9396  /system/lib/libart.so (art::Runtime::Abort()+342)
01-06 03:26:16.994  1872  1872 I DEBUG   :     #05 pc 000dba64  /system/lib/libart.so (art::LogMessage::~LogMessage()+2756)
01-06 03:26:16.994  1872  1872 I DEBUG   :     #06 pc 000f97c4  /system/lib/libart.so (art::JniAbort(char const*, char const*)+2468)
01-06 03:26:16.994  1872  1872 I DEBUG   :     #07 pc 000f9fa2  /system/lib/libart.so (art::JniAbortF(char const*, char const*, ...)+98)
01-06 03:26:16.994  1872  1872 I DEBUG   :     #08 pc 000fd550  /system/lib/libart.so (art::ScopedCheck::CheckInstance(art::ScopedCheck::InstanceKind, _jobject*)+640)
01-06 03:26:16.994  1872  1872 I DEBUG   :     #09 pc 000fe5a0  /system/lib/libart.so (_ZN3art11ScopedCheck5CheckEbPKcz.constprop.109+1216)
01-06 03:26:16.994  1872  1872 I DEBUG   :     #10 pc 00104b91  /system/lib/libart.so (art::CheckJNI::GetStringUTFChars(_JNIEnv*, _jstring*, unsigned char*)+113)
01-06 03:26:16.994  1872  1872 I DEBUG   :     #11 pc 0022e19a  /android/system/lib/arm/libhoudini.so
01-06 03:26:16.994  1872  1872 I DEBUG   :     #12 pc 0021e884  /android/system/lib/arm/libhoudini.so
01-06 03:26:16.994  1872  1872 I DEBUG   :     #13 pc 0026a004  /android/system/lib/arm/libhoudini.so
01-06 03:26:16.994  1872  1872 I DEBUG   :     #14 pc 007fb4c7  [stack]
01-06 03:26:17.032  1872  1872 I DEBUG   : 
01-06 03:26:17.032  1872  1872 I DEBUG   : Tombstone written to: /data/tombstones/tombstone_04
01-06 03:26:17.032  2149  2176 I BootReceiver: Copying /data/tombstones/tombstone_04 to DropBox (SYSTEM_TOMBSTONE)
01-06 03:26:17.032  1865  1865 E lowmemorykiller: Error writing /proc/10287/oom_score_adj; errno=22
01-06 03:26:17.039  1865  1865 E lowmemorykiller: Error writing /proc/10287/oom_score_adj; errno=22
01-06 03:26:17.042  1880  1880 I Zygote  : Process 10287 exited due to signal (6)
01-06 03:26:17.042  2149  8057 I ActivityManager: Process com.kiloo.subwaysurf:dservice_v1 (pid 10287) has died
01-06 03:26:17.069  2149  3972 I EGL-DRI2: DRI2: found extension DRI_Core version 1
01-06 03:26:17.069  2149  3972 I EGL-DRI2: DRI2: found extension DRI_DRI2 version 4
01-06 03:26:17.081  2149  3972 I EGL-DRI2: DRI2: found extension DRI_TexBuffer version 3
01-06 03:26:17.081  2149  3972 I EGL-DRI2: DRI2: found extension DRI2_Flush version 4
01-06 03:26:17.081  2149  3972 I EGL-DRI2: DRI2: found extension DRI_IMAGE version 11
01-06 03:26:17.081  2149  3972 I OpenGLRenderer: Initialized EGL, version 1.4
01-06 03:26:17.127  8729  8729 W System.err: android.content.pm.PackageManager$NameNotFoundException
01-06 03:26:17.127  8729  8729 W System.err: 	at android.app.ApplicationPackageManager.getApplicationInfo(ApplicationPackageManager.java:281)
01-06 03:26:17.127  8729  8729 W System.err: 	at com.duoku.platform.single.l.g.a(Unknown Source)
01-06 03:26:17.127  8729  8729 W System.err: 	at com.duoku.platform.single.gameplus.broadcast.GPNotificaionReceiver.onReceive(Unknown Source)
01-06 03:26:17.127  8729  8729 W System.err: 	at android.app.ActivityThread.handleReceiver(ActivityThread.java:2609)
01-06 03:26:17.127  8729  8729 W System.err: 	at android.app.ActivityThread.access$1700(ActivityThread.java:151)
01-06 03:26:17.127  8729  8729 W System.err: 	at android.app.ActivityThread$H.handleMessage(ActivityThread.java:1380)
01-06 03:26:17.127  8729  8729 W System.err: 	at android.os.Handler.dispatchMessage(Handler.java:102)
01-06 03:26:17.127  8729  8729 W System.err: 	at android.os.Looper.loop(Looper.java:135)
01-06 03:26:17.127  8729  8729 W System.err: 	at android.app.ActivityThread.main(ActivityThread.java:5254)
01-06 03:26:17.127  8729  8729 W System.err: 	at java.lang.reflect.Method.invoke(Native Method)
01-06 03:26:17.127  8729  8729 W System.err: 	at java.lang.reflect.Method.invoke(Method.java:372)
01-06 03:26:17.127  8729  8729 W System.err: 	at com.android.internal.os.ZygoteInit$MethodAndArgsCaller.run(ZygoteInit.java:903)
01-06 03:26:17.127  8729  8729 W System.err: 	at com.android.internal.os.ZygoteInit.main(ZygoteInit.java:698)
01-06 03:26:17.142  2149  3128 I ActivityManager: Start proc 10322:com.estrongs.android.pop/u0a117 for broadcast com.estrongs.android.pop/.app.InstallMonitorReceiver
01-06 03:26:17.144  1880  1880 I art     : Explicit concurrent mark sweep GC freed 709(30KB) AllocSpace objects, 0(0B) LOS objects, 40% free, 1904KB/3MB, paused 31us total 2.365ms
01-06 03:26:17.146 10322 10322 I ActivityThread: Switching default density from 160 to 240
01-06 03:26:17.146  1880  1880 I art     : Explicit concurrent mark sweep GC freed 5(160B) AllocSpace objects, 0(0B) LOS objects, 40% free, 1904KB/3MB, paused 37us total 2.392ms
01-06 03:26:17.149  1880  1880 I art     : Explicit concurrent mark sweep GC freed 5(160B) AllocSpace objects, 0(0B) LOS objects, 40% free, 1904KB/3MB, paused 36us total 2.363ms
01-06 03:26:17.156  2149  2169 W ActivityManager: getTasks: caller 10115 does not hold REAL_GET_TASKS; limiting output
01-06 03:26:17.162  2149  4763 W ActivityManager: getTasks: caller 10117 does not hold REAL_GET_TASKS; limiting output
01-06 03:26:17.163  2149  3044 I ActivityManager: START u0 {flg=0x10800000 cmp=com.estrongs.android.pop/.app.InstallMonitorActivity (has extras)} from uid 10117 on display 0
01-06 03:26:17.168  2149  3044 V WindowManager: addAppToken: AppWindowToken{1ad7776c token=Token{1325e81f ActivityRecord{26e7afbe u0 com.estrongs.android.pop/.app.InstallMonitorActivity t1081}}} to stack=1 task=1081 at 0
01-06 03:26:17.199  2149  2204 D WifiService: New client listening to asynchronous messages
01-06 03:26:17.200  2149  9351 W ActivityManager: getRunningAppProcesses: caller 10117 does not hold REAL_GET_TASKS; limiting output
01-06 03:26:17.200  2149  2394 W ActivityManager: getRunningAppProcesses: caller 10117 does not hold REAL_GET_TASKS; limiting output
01-06 03:26:17.202  2149  4763 W ActivityManager: getRunningAppProcesses: caller 10117 does not hold REAL_GET_TASKS; limiting output
01-06 03:26:17.205  2149  2179 D BluetoothManagerService: Message: 20
01-06 03:26:17.205  2149  2179 D BluetoothManagerService: Added callback: android.bluetooth.IBluetoothManagerCallback$Stub$Proxy@b846bb1:true
01-06 03:26:17.206  2149  8057 D BluetoothManagerService: checkIfCallerIsForegroundUser: valid=true callingUser=0 parentUser=-10000 foregroundUser=0
01-06 03:26:17.209  2149  8057 W ActivityManager: getRunningAppProcesses: caller 10117 does not hold REAL_GET_TASKS; limiting output
01-06 03:26:17.245  2149  2394 W ActivityManager: getRunningAppProcesses: caller 10117 does not hold REAL_GET_TASKS; limiting output
01-06 03:26:17.371  2149  3128 W ActivityManager: getRunningAppProcesses: caller 10117 does not hold REAL_GET_TASKS; limiting output
01-06 03:26:17.545 10361 10361 W linker  : [vdso]: unused DT entry: type 0x6ffffef5 arg 0x160
01-06 03:26:17.927  2149  2169 W ActivityManager: getRunningAppProcesses: caller 10114 does not hold REAL_GET_TASKS; limiting output
01-06 03:26:18.157  2149  2295 W ActivityManager: getTasks: caller 10115 does not hold REAL_GET_TASKS; limiting output
01-06 03:26:19.160  2149  9351 W ActivityManager: getTasks: caller 10115 does not hold REAL_GET_TASKS; limiting output
01-06 03:26:19.444  2149  2209 W AudioTrack: AUDIO_OUTPUT_FLAG_FAST denied by client
01-06 03:26:19.454  2149  3972 D OpenGLRenderer: endAllStagingAnimators on 0x7f3138ad9800 (RippleDrawable) with handle 0x7f313d011820
01-06 03:26:19.456  1876  2146 D audio_hw_primary: found out /dev/snd/pcmC0D0p
01-06 03:26:19.456  2149  3042 W InputMethodManagerService: Window already focused, ignoring focus gain of: com.android.internal.view.IInputMethodClient$Stub$Proxy@1fc311ed attribute=null, token = android.os.BinderProxy@14e28b49
01-06 03:26:20.163  2149  9351 W ActivityManager: getTasks: caller 10115 does not hold REAL_GET_TASKS; limiting output
01-06 03:26:20.443  2149  2295 I ActivityManager: START u0 {act=android.intent.action.MAIN cat=[android.intent.category.LAUNCHER] flg=0x10000000 pkg=com.halfbrick.fruitninja cmp=com.halfbrick.fruitninja/com.idsky.android.impl.ui.IdskySplashActivity} from uid 10045 on display 0
01-06 03:26:20.444  2149  2209 W AudioTrack: AUDIO_OUTPUT_FLAG_FAST denied by client
01-06 03:26:20.452  2149  2295 V WindowManager: addAppToken: AppWindowToken{1dd2e070 token=Token{25a102b3 ActivityRecord{3fd30822 u0 com.halfbrick.fruitninja/com.idsky.android.impl.ui.IdskySplashActivity t1082}}} to stack=1 task=1082 at 0
01-06 03:26:20.471  2149  2180 V WindowManager: Adding window Window{2e7991a5 u0 Starting com.halfbrick.fruitninja} at 6 of 11 (after Window{2e5bbc4e u0 com.android.packageinstaller/com.android.packageinstaller.InstallAppProgress})
01-06 03:26:20.514  2149  3128 I ActivityManager: Start proc 10366:com.halfbrick.fruitninja/u0a118 for activity com.halfbrick.fruitninja/com.idsky.android.impl.ui.IdskySplashActivity
01-06 03:26:20.539 10366 10366 I ActivityThread: Switching default density from 160 to 240
01-06 03:26:20.546 10366 10366 D SkynetApi: onApplicationCreate
01-06 03:26:20.546 10366 10366 W System.err: java.lang.ClassNotFoundException: com.skynet.android.uc.UC
01-06 03:26:20.547 10366 10366 W System.err: 	at java.lang.Class.classForName(Native Method)
01-06 03:26:20.547 10366 10366 W System.err: 	at java.lang.Class.forName(Class.java:309)
01-06 03:26:20.547 10366 10366 W System.err: 	at java.lang.Class.forName(Class.java:273)
01-06 03:26:20.547 10366 10366 W System.err: 	at com.skynet.android.Skynet.invoke(SourceFile:4060)
01-06 03:26:20.547 10366 10366 W System.err: 	at com.skynet.android.Skynet.onApplicationCreate(SourceFile:3542)
01-06 03:26:20.547 10366 10366 W System.err: 	at com.halfbrick.mortar.MortarApplication.onCreate(MortarApplication.java:29)
01-06 03:26:20.547 10366 10366 W System.err: 	at android.app.Instrumentation.callApplicationOnCreate(Instrumentation.java:1012)
01-06 03:26:20.547 10366 10366 W System.err: 	at android.app.ActivityThread.handleBindApplication(ActivityThread.java:4553)
01-06 03:26:20.547 10366 10366 W System.err: 	at android.app.ActivityThread.access$1500(ActivityThread.java:151)
01-06 03:26:20.547 10366 10366 W System.err: 	at android.app.ActivityThread$H.handleMessage(ActivityThread.java:1364)
01-06 03:26:20.547 10366 10366 W System.err: 	at android.os.Handler.dispatchMessage(Handler.java:102)
01-06 03:26:20.547 10366 10366 W System.err: 	at android.os.Looper.loop(Looper.java:135)
01-06 03:26:20.547 10366 10366 W System.err: 	at android.app.ActivityThread.main(ActivityThread.java:5254)
01-06 03:26:20.547 10366 10366 W System.err: 	at java.lang.reflect.Method.invoke(Native Method)
01-06 03:26:20.547 10366 10366 W System.err: 	at java.lang.reflect.Method.invoke(Method.java:372)
01-06 03:26:20.547 10366 10366 W System.err: 	at com.android.internal.os.ZygoteInit$MethodAndArgsCaller.run(ZygoteInit.java:903)
01-06 03:26:20.547 10366 10366 W System.err: 	at com.android.internal.os.ZygoteInit.main(ZygoteInit.java:698)
01-06 03:26:20.547 10366 10366 W System.err: Caused by: java.lang.ClassNotFoundException: Didn't find class "com.skynet.android.uc.UC" on path: DexPathList[[zip file "/data/app/com.halfbrick.fruitninja-1/base.apk"],nativeLibraryDirectories=[/data/app/com.halfbrick.fruitninja-1/lib/x86, /vendor/lib, /system/lib]]
01-06 03:26:20.547 10366 10366 W System.err: 	at dalvik.system.BaseDexClassLoader.findClass(BaseDexClassLoader.java:56)
01-06 03:26:20.547 10366 10366 W System.err: 	at java.lang.ClassLoader.loadClass(ClassLoader.java:511)
01-06 03:26:20.547 10366 10366 W System.err: 	at java.lang.ClassLoader.loadClass(ClassLoader.java:469)
01-06 03:26:20.547 10366 10366 W System.err: 	... 17 more
01-06 03:26:20.547 10366 10366 W System.err: 	Suppressed: java.lang.ClassNotFoundException: com.skynet.android.uc.UC
01-06 03:26:20.547 10366 10366 W System.err: 		at java.lang.Class.classForName(Native Method)
01-06 03:26:20.547 10366 10366 W System.err: 		at java.lang.BootClassLoader.findClass(ClassLoader.java:781)
01-06 03:26:20.547 10366 10366 W System.err: 		at java.lang.BootClassLoader.loadClass(ClassLoader.java:841)
01-06 03:26:20.547 10366 10366 W System.err: 		at java.lang.ClassLoader.loadClass(ClassLoader.java:504)
01-06 03:26:20.547 10366 10366 W System.err: 		... 18 more
01-06 03:26:20.547 10366 10366 W System.err: 	Caused by: java.lang.NoClassDefFoundError: Class not found using the boot class loader; no stack available
01-06 03:26:20.548 10366 10366 W System.err: java.lang.ClassNotFoundException: com.gionee.game.offlinesdk.GamePlatform
01-06 03:26:20.548 10366 10366 W System.err: 	at java.lang.Class.classForName(Native Method)
01-06 03:26:20.548 10366 10366 W System.err: 	at java.lang.Class.forName(Class.java:309)
01-06 03:26:20.548 10366 10366 W System.err: 	at com.skynet.android.amigo.Amigo.isEnable(SourceFile:27)
01-06 03:26:20.548 10366 10366 W System.err: 	at com.skynet.android.amigo.Amigo.onApplicationCreate(SourceFile:17)
01-06 03:26:20.549 10366 10366 W System.err: 	at java.lang.reflect.Method.invoke(Native Method)
01-06 03:26:20.549 10366 10366 W System.err: 	at java.lang.reflect.Method.invoke(Method.java:372)
01-06 03:26:20.549 10366 10366 W System.err: 	at com.skynet.android.Skynet.invoke(SourceFile:4068)
01-06 03:26:20.549 10366 10366 W System.err: 	at com.skynet.android.Skynet.onApplicationCreate(SourceFile:3544)
01-06 03:26:20.549 10366 10366 W System.err: 	at com.halfbrick.mortar.MortarApplication.onCreate(MortarApplication.java:29)
01-06 03:26:20.549 10366 10366 W System.err: 	at android.app.Instrumentation.callApplicationOnCreate(Instrumentation.java:1012)
01-06 03:26:20.549 10366 10366 W System.err: 	at android.app.ActivityThread.handleBindApplication(ActivityThread.java:4553)
01-06 03:26:20.549 10366 10366 W System.err: 	at android.app.ActivityThread.access$1500(ActivityThread.java:151)
01-06 03:26:20.549 10366 10366 W System.err: 	at android.app.ActivityThread$H.handleMessage(ActivityThread.java:1364)
01-06 03:26:20.549 10366 10366 W System.err: 	at android.os.Handler.dispatchMessage(Handler.java:102)
01-06 03:26:20.549 10366 10366 W System.err: 	at android.os.Looper.loop(Looper.java:135)
01-06 03:26:20.549 10366 10366 W System.err: 	at android.app.ActivityThread.main(ActivityThread.java:5254)
01-06 03:26:20.549 10366 10366 W System.err: 	at java.lang.reflect.Method.invoke(Native Method)
01-06 03:26:20.549 10366 10366 W System.err: 	at java.lang.reflect.Method.invoke(Method.java:372)
01-06 03:26:20.549 10366 10366 W System.err: 	at com.android.internal.os.ZygoteInit$MethodAndArgsCaller.run(ZygoteInit.java:903)
01-06 03:26:20.549 10366 10366 W System.err: 	at com.android.internal.os.ZygoteInit.main(ZygoteInit.java:698)
01-06 03:26:20.549 10366 10366 W System.err: Caused by: java.lang.ClassNotFoundException: Didn't find class "com.gionee.game.offlinesdk.GamePlatform" on path: DexPathList[[zip file "/data/app/com.halfbrick.fruitninja-1/base.apk"],nativeLibraryDirectories=[/data/app/com.halfbrick.fruitninja-1/lib/x86, /vendor/lib, /system/lib]]
01-06 03:26:20.549 10366 10366 W System.err: 	at dalvik.system.BaseDexClassLoader.findClass(BaseDexClassLoader.java:56)
01-06 03:26:20.549 10366 10366 W System.err: 	at java.lang.ClassLoader.loadClass(ClassLoader.java:511)
01-06 03:26:20.549 10366 10366 W System.err: 	at java.lang.ClassLoader.loadClass(ClassLoader.java:469)
01-06 03:26:20.549 10366 10366 W System.err: 	... 20 more
01-06 03:26:20.549 10366 10366 W System.err: 	Suppressed: java.lang.ClassNotFoundException: com.gionee.game.offlinesdk.GamePlatform
01-06 03:26:20.549 10366 10366 W System.err: 		at java.lang.Class.classForName(Native Method)
01-06 03:26:20.549 10366 10366 W System.err: 		at java.lang.BootClassLoader.findClass(ClassLoader.java:781)
01-06 03:26:20.549 10366 10366 W System.err: 		at java.lang.BootClassLoader.loadClass(ClassLoader.java:841)
01-06 03:26:20.549 10366 10366 W System.err: 		at java.lang.ClassLoader.loadClass(ClassLoader.java:504)
01-06 03:26:20.549 10366 10366 W System.err: 		... 21 more
01-06 03:26:20.549 10366 10366 W System.err: 	Caused by: java.lang.NoClassDefFoundError: Class not found using the boot class loader; no stack available
01-06 03:26:20.549  2149  9351 W ActivityManager: getRunningAppProcesses: caller 10118 does not hold REAL_GET_TASKS; limiting output
01-06 03:26:20.550  3754  3777 D OpenGLRenderer: endAllStagingAnimators on 0x7f314836d800 (RippleDrawable) with handle 0x7f3148081ec0
01-06 03:26:20.554 10366 10366 E art     : dlopen("/data/app/com.halfbrick.fruitninja-1/lib/x86/libmegjb.so", RTLD_LAZY) failed: dlopen failed: "/data/app/com.halfbrick.fruitninja-1/lib/x86/libmegjb.so" has unexpected e_machine: 40
01-06 03:26:20.554 10366 10366 W IdskyConfig: megjb.so not found!
01-06 03:26:20.554 10366 10366 I idskyApi: onApplicationCreateidskyApi
01-06 03:26:20.555 10366 10366 I PaymentPlugin: onApplicationCreate  PaymentPlugin
01-06 03:26:20.559 10366 10366 I art     : Rejecting re-init on previously-failed class java.lang.Class<com.idsky.android.cu.b>
01-06 03:26:20.559 10366 10366 I art     : Rejecting re-init on previously-failed class java.lang.Class<com.idsky.android.cu.b>
01-06 03:26:20.560 10366 10366 I cc      : Cu onApplicationCreate Start
01-06 03:26:20.560  2149  8057 W ActivityManager: getRunningAppProcesses: caller 10118 does not hold REAL_GET_TASKS; limiting output
01-06 03:26:20.561 10366 10366 I unipaysdk: pid:10366 process:com.halfbrick.fruitninja
01-06 03:26:20.561 10366 10366 E unipaysdk: unipaysdk:targetSdkVersion
01-06 03:26:20.564 10366 10366 E unipaysdk: unipaysdk:rc(0/1), s(true)
01-06 03:26:20.564 10366 10366 E unipaysdk: unipaysdk:abi(x86)
01-06 03:26:20.564 10366 10366 E unipaysdk: unipaysdk:cpu_abi:x86
01-06 03:26:20.576 10366 10366 E unipaysdk: unipaysdk:abi(x86)
01-06 03:26:20.592 10366 10366 E unipaysdk: unipaysdk:result.1: 1
01-06 03:26:20.593 10366 10366 I cc      : Cu onApplicationCreate finish
01-06 03:26:20.593 10366 10366 W System.err: java.lang.ClassNotFoundException: com.idsky.android.cu.net.UnicomOnlinePlugin
01-06 03:26:20.593 10366 10366 W System.err: 	at java.lang.Class.classForName(Native Method)
01-06 03:26:20.593 10366 10366 W System.err: 	at java.lang.Class.forName(Class.java:309)
01-06 03:26:20.593 10366 10366 W System.err: 	at java.lang.Class.forName(Class.java:273)
01-06 03:26:20.593 10366 10366 W System.err: 	at com.idsky.android.frame.PaymentPlugin.onApplicationCreate(SourceFile:131)
01-06 03:26:20.593 10366 10366 W System.err: 	at java.lang.reflect.Method.invoke(Native Method)
01-06 03:26:20.593 10366 10366 W System.err: 	at java.lang.reflect.Method.invoke(Method.java:372)
01-06 03:26:20.593 10366 10366 W System.err: 	at com.idsky.android.Idsky.onApplicationCreate(SourceFile:1411)
01-06 03:26:20.593 10366 10366 W System.err: 	at java.lang.reflect.Method.invoke(Native Method)
01-06 03:26:20.593 10366 10366 W System.err: 	at java.lang.reflect.Method.invoke(Method.java:372)
01-06 03:26:20.593 10366 10366 W System.err: 	at com.skynet.android.Skynet.invoke(SourceFile:4068)
01-06 03:26:20.593 10366 10366 W System.err: 	at com.skynet.android.Skynet.onApplicationCreate(SourceFile:3547)
01-06 03:26:20.593 10366 10366 W System.err: 	at com.halfbrick.mortar.MortarApplication.onCreate(MortarApplication.java:29)
01-06 03:26:20.593 10366 10366 W System.err: 	at android.app.Instrumentation.callApplicationOnCreate(Instrumentation.java:1012)
01-06 03:26:20.593 10366 10366 W System.err: 	at android.app.ActivityThread.handleBindApplication(ActivityThread.java:4553)
01-06 03:26:20.593 10366 10366 W System.err: 	at android.app.ActivityThread.access$1500(ActivityThread.java:151)
01-06 03:26:20.593 10366 10366 W System.err: 	at android.app.ActivityThread$H.handleMessage(ActivityThread.java:1364)
01-06 03:26:20.593 10366 10366 W System.err: 	at android.os.Handler.dispatchMessage(Handler.java:102)
01-06 03:26:20.593 10366 10366 W System.err: 	at android.os.Looper.loop(Looper.java:135)
01-06 03:26:20.593 10366 10366 W System.err: 	at android.app.ActivityThread.main(ActivityThread.java:5254)
01-06 03:26:20.593 10366 10366 W System.err: 	at java.lang.reflect.Method.invoke(Native Method)
01-06 03:26:20.593 10366 10366 W System.err: 	at java.lang.reflect.Method.invoke(Method.java:372)
01-06 03:26:20.593 10366 10366 W System.err: 	at com.android.internal.os.ZygoteInit$MethodAndArgsCaller.run(ZygoteInit.java:903)
01-06 03:26:20.593 10366 10366 W System.err: 	at com.android.internal.os.ZygoteInit.main(ZygoteInit.java:698)
01-06 03:26:20.593 10366 10366 W System.err: Caused by: java.lang.ClassNotFoundException: Didn't find class "com.idsky.android.cu.net.UnicomOnlinePlugin" on path: DexPathList[[zip file "/data/app/com.halfbrick.fruitninja-1/base.apk"],nativeLibraryDirectories=[/data/app/com.halfbrick.fruitninja-1/lib/x86, /vendor/lib, /system/lib]]
01-06 03:26:20.593 10366 10366 W System.err: 	at dalvik.system.BaseDexClassLoader.findClass(BaseDexClassLoader.java:56)
01-06 03:26:20.593 10366 10366 W System.err: 	at java.lang.ClassLoader.loadClass(ClassLoader.java:511)
01-06 03:26:20.593 10366 10366 W System.err: 	at java.lang.ClassLoader.loadClass(ClassLoader.java:469)
01-06 03:26:20.593 10366 10366 W System.err: 	... 23 more
01-06 03:26:20.593 10366 10366 W System.err: 	Suppressed: java.lang.ClassNotFoundException: com.idsky.android.cu.net.UnicomOnlinePlugin
01-06 03:26:20.593 10366 10366 W System.err: 		at java.lang.Class.classForName(Native Method)
01-06 03:26:20.593 10366 10366 W System.err: 		at java.lang.BootClassLoader.findClass(ClassLoader.java:781)
01-06 03:26:20.593 10366 10366 W System.err: 		at java.lang.BootClassLoader.loadClass(ClassLoader.java:841)
01-06 03:26:20.593 10366 10366 W System.err: 		at java.lang.ClassLoader.loadClass(ClassLoader.java:504)
01-06 03:26:20.593 10366 10366 W System.err: 		... 24 more
01-06 03:26:20.593 10366 10366 W System.err: 	Caused by: java.lang.NoClassDefFoundError: Class not found using the boot class loader; no stack available
01-06 03:26:20.597 10394 10394 W linker  : [vdso]: unused DT entry: type 0x6ffffef5 arg 0x160
01-06 03:26:20.599 10366 10366 I art     : Rejecting re-init on previously-failed class java.lang.Class<com.idsky.android.cm.c>
01-06 03:26:20.599 10366 10366 I art     : Rejecting re-init on previously-failed class java.lang.Class<com.idsky.android.cm.c>
01-06 03:26:20.600 10366 10366 I art     : Rejecting re-init on previously-failed class java.lang.Class<com.idsky.android.cm.b>
01-06 03:26:20.600 10366 10366 I art     : Rejecting re-init on previously-failed class java.lang.Class<com.idsky.android.cm.b>
01-06 03:26:20.600 10366 10366 E art     : dlopen("/data/app/com.halfbrick.fruitninja-1/lib/x86/libmegjb.so", RTLD_LAZY) failed: dlopen failed: "/data/app/com.halfbrick.fruitninja-1/lib/x86/libmegjb.so" has unexpected e_machine: 40
01-06 03:26:20.601 10394 10394 W linker  : [vdso]: unused DT entry: type 0x6ffffef5 arg 0x160
01-06 03:26:20.602 10366 10366 I art     : Rejecting re-init on previously-failed class java.lang.Class<com.idsky.android.mm.h>
01-06 03:26:20.602 10366 10366 I art     : Rejecting re-init on previously-failed class java.lang.Class<com.idsky.android.mm.h>
01-06 03:26:20.604 10366 10366 I art     : Rejecting re-init on previously-failed class java.lang.Class<com.idsky.android.mm.e>
01-06 03:26:20.604 10366 10366 I art     : Rejecting re-init on previously-failed class java.lang.Class<com.idsky.android.mm.e>
01-06 03:26:20.604 10366 10366 I SmsMmPlugin: MM  install start
01-06 03:26:20.604 10366 10366 W System.err: java.lang.ClassNotFoundException: com.secneo.mmb.DexHelper
01-06 03:26:20.604 10366 10366 W System.err: 	at java.lang.Class.classForName(Native Method)
01-06 03:26:20.604 10366 10366 W System.err: 	at java.lang.Class.forName(Class.java:309)
01-06 03:26:20.604 10366 10366 W System.err: 	at java.lang.Class.forName(Class.java:273)
01-06 03:26:20.604 10366 10366 W System.err: 	at com.idsky.android.mm.SmsMmPlugin.onApplicationCreate(SourceFile:99)
01-06 03:26:20.604 10366 10366 W System.err: 	at java.lang.reflect.Method.invoke(Native Method)
01-06 03:26:20.604 10366 10366 W System.err: 	at java.lang.reflect.Method.invoke(Method.java:372)
01-06 03:26:20.604 10366 10366 W System.err: 	at com.idsky.android.frame.PaymentPlugin.onApplicationCreate(SourceFile:152)
01-06 03:26:20.604 10366 10366 W System.err: 	at java.lang.reflect.Method.invoke(Native Method)
01-06 03:26:20.604 10366 10366 W System.err: 	at java.lang.reflect.Method.invoke(Method.java:372)
01-06 03:26:20.604 10366 10366 W System.err: 	at com.idsky.android.Idsky.onApplicationCreate(SourceFile:1411)
01-06 03:26:20.604 10366 10366 W System.err: 	at java.lang.reflect.Method.invoke(Native Method)
01-06 03:26:20.604 10366 10366 W System.err: 	at java.lang.reflect.Method.invoke(Method.java:372)
01-06 03:26:20.604 10366 10366 W System.err: 	at com.skynet.android.Skynet.invoke(SourceFile:4068)
01-06 03:26:20.604 10366 10366 W System.err: 	at com.skynet.android.Skynet.onApplicationCreate(SourceFile:3547)
01-06 03:26:20.604 10366 10366 W System.err: 	at com.halfbrick.mortar.MortarApplication.onCreate(MortarApplication.java:29)
01-06 03:26:20.604 10366 10366 W System.err: 	at android.app.Instrumentation.callApplicationOnCreate(Instrumentation.java:1012)
01-06 03:26:20.604 10366 10366 W System.err: 	at android.app.ActivityThread.handleBindApplication(ActivityThread.java:4553)
01-06 03:26:20.604 10366 10366 W System.err: 	at android.app.ActivityThread.access$1500(ActivityThread.java:151)
01-06 03:26:20.604 10366 10366 W System.err: 	at android.app.ActivityThread$H.handleMessage(ActivityThread.java:1364)
01-06 03:26:20.604 10366 10366 W System.err: 	at android.os.Handler.dispatchMessage(Handler.java:102)
01-06 03:26:20.605 10366 10366 W System.err: 	at android.os.Looper.loop(Looper.java:135)
01-06 03:26:20.605 10366 10366 W System.err: 	at android.app.ActivityThread.main(ActivityThread.java:5254)
01-06 03:26:20.605 10366 10366 W System.err: 	at java.lang.reflect.Method.invoke(Native Method)
01-06 03:26:20.605 10366 10366 W System.err: 	at java.lang.reflect.Method.invoke(Method.java:372)
01-06 03:26:20.605 10366 10366 W System.err: 	at com.android.internal.os.ZygoteInit$MethodAndArgsCaller.run(ZygoteInit.java:903)
01-06 03:26:20.605 10366 10366 W System.err: 	at com.android.internal.os.ZygoteInit.main(ZygoteInit.java:698)
01-06 03:26:20.605 10366 10366 W System.err: Caused by: java.lang.ClassNotFoundException: Didn't find class "com.secneo.mmb.DexHelper" on path: DexPathList[[zip file "/data/app/com.halfbrick.fruitninja-1/base.apk"],nativeLibraryDirectories=[/data/app/com.halfbrick.fruitninja-1/lib/x86, /vendor/lib, /system/lib]]
01-06 03:26:20.605 10366 10366 W System.err: 	at dalvik.system.BaseDexClassLoader.findClass(BaseDexClassLoader.java:56)
01-06 03:26:20.605 10366 10366 W System.err: 	at java.lang.ClassLoader.loadClass(ClassLoader.java:511)
01-06 03:26:20.605 10366 10366 W System.err: 	at java.lang.ClassLoader.loadClass(ClassLoader.java:469)
01-06 03:26:20.605 10366 10366 W System.err: 	... 26 more
01-06 03:26:20.605 10366 10366 W System.err: 	Suppressed: java.lang.ClassNotFoundException: com.secneo.mmb.DexHelper
01-06 03:26:20.605 10366 10366 W System.err: 		at java.lang.Class.classForName(Native Method)
01-06 03:26:20.605 10366 10366 W System.err: 		at java.lang.BootClassLoader.findClass(ClassLoader.java:781)
01-06 03:26:20.605 10366 10366 W System.err: 		at java.lang.BootClassLoader.loadClass(ClassLoader.java:841)
01-06 03:26:20.605 10366 10366 W System.err: 		at java.lang.ClassLoader.loadClass(ClassLoader.java:504)
01-06 03:26:20.605 10366 10366 W System.err: 		... 27 more
01-06 03:26:20.605 10366 10366 W System.err: 	Caused by: java.lang.NoClassDefFoundError: Class not found using the boot class loader; no stack available
01-06 03:26:20.605 10366 10366 W System.err: java.lang.ClassNotFoundException: com.secneo.mmb.Helper
01-06 03:26:20.605 10366 10366 W System.err: 	at java.lang.Class.classForName(Native Method)
01-06 03:26:20.605 10366 10366 W System.err: 	at java.lang.Class.forName(Class.java:309)
01-06 03:26:20.605 10366 10366 W System.err: 	at java.lang.Class.forName(Class.java:273)
01-06 03:26:20.605 10366 10366 W System.err: 	at com.idsky.android.mm.SmsMmPlugin.onApplicationCreate(SourceFile:104)
01-06 03:26:20.605 10366 10366 W System.err: 	at java.lang.reflect.Method.invoke(Native Method)
01-06 03:26:20.605 10366 10366 W System.err: 	at java.lang.reflect.Method.invoke(Method.java:372)
01-06 03:26:20.605 10366 10366 W System.err: 	at com.idsky.android.frame.PaymentPlugin.onApplicationCreate(SourceFile:152)
01-06 03:26:20.606 10366 10366 W System.err: 	at java.lang.reflect.Method.invoke(Native Method)
01-06 03:26:20.606 10366 10366 W System.err: 	at java.lang.reflect.Method.invoke(Method.java:372)
01-06 03:26:20.606 10366 10366 W System.err: 	at com.idsky.android.Idsky.onApplicationCreate(SourceFile:1411)
01-06 03:26:20.606 10366 10366 W System.err: 	at java.lang.reflect.Method.invoke(Native Method)
01-06 03:26:20.606 10366 10366 W System.err: 	at java.lang.reflect.Method.invoke(Method.java:372)
01-06 03:26:20.606 10366 10366 W System.err: 	at com.skynet.android.Skynet.invoke(SourceFile:4068)
01-06 03:26:20.606 10366 10366 W System.err: 	at com.skynet.android.Skynet.onApplicationCreate(SourceFile:3547)
01-06 03:26:20.606 10366 10366 W System.err: 	at com.halfbrick.mortar.MortarApplication.onCreate(MortarApplication.java:29)
01-06 03:26:20.606 10366 10366 W System.err: 	at android.app.Instrumentation.callApplicationOnCreate(Instrumentation.java:1012)
01-06 03:26:20.606 10366 10366 W System.err: 	at android.app.ActivityThread.handleBindApplication(ActivityThread.java:4553)
01-06 03:26:20.606 10366 10366 W System.err: 	at android.app.ActivityThread.access$1500(ActivityThread.java:151)
01-06 03:26:20.606 10366 10366 W System.err: 	at android.app.ActivityThread$H.handleMessage(ActivityThread.java:1364)
01-06 03:26:20.606 10366 10366 W System.err: 	at android.os.Handler.dispatchMessage(Handler.java:102)
01-06 03:26:20.606 10366 10366 W System.err: 	at android.os.Looper.loop(Looper.java:135)
01-06 03:26:20.606 10366 10366 W System.err: 	at android.app.ActivityThread.main(ActivityThread.java:5254)
01-06 03:26:20.606 10366 10366 W System.err: 	at java.lang.reflect.Method.invoke(Native Method)
01-06 03:26:20.606 10366 10366 W System.err: 	at java.lang.reflect.Method.invoke(Method.java:372)
01-06 03:26:20.606 10366 10366 W System.err: 	at com.android.internal.os.ZygoteInit$MethodAndArgsCaller.run(ZygoteInit.java:903)
01-06 03:26:20.606 10366 10366 W System.err: 	at com.android.internal.os.ZygoteInit.main(ZygoteInit.java:698)
01-06 03:26:20.606 10366 10366 W System.err: Caused by: java.lang.ClassNotFoundException: Didn't find class "com.secneo.mmb.Helper" on path: DexPathList[[zip file "/data/app/com.halfbrick.fruitninja-1/base.apk"],nativeLibraryDirectories=[/data/app/com.halfbrick.fruitninja-1/lib/x86, /vendor/lib, /system/lib]]
01-06 03:26:20.606 10366 10366 W System.err: 	at dalvik.system.BaseDexClassLoader.findClass(BaseDexClassLoader.java:56)
01-06 03:26:20.606 10366 10366 W System.err: 	at java.lang.ClassLoader.loadClass(ClassLoader.java:511)
01-06 03:26:20.606 10366 10366 W System.err: 	at java.lang.ClassLoader.loadClass(ClassLoader.java:469)
01-06 03:26:20.606 10366 10366 W System.err: 	... 26 more
01-06 03:26:20.606 10366 10366 W System.err: 	Suppressed: java.lang.ClassNotFoundException: com.secneo.mmb.Helper
01-06 03:26:20.606 10366 10366 W System.err: 		at java.lang.Class.classForName(Native Method)
01-06 03:26:20.606 10366 10366 W System.err: 		at java.lang.BootClassLoader.findClass(ClassLoader.java:781)
01-06 03:26:20.606 10366 10366 W System.err: 		at java.lang.BootClassLoader.loadClass(ClassLoader.java:841)
01-06 03:26:20.606 10366 10366 W System.err: 		at java.lang.ClassLoader.loadClass(ClassLoader.java:504)
01-06 03:26:20.606 10366 10366 W System.err: 		... 27 more
01-06 03:26:20.606 10366 10366 W System.err: 	Caused by: java.lang.NoClassDefFoundError: Class not found using the boot class loader; no stack available
01-06 03:26:20.607 10366 10366 W System.err: java.lang.ClassNotFoundException: com.secneo.wrapper.DexHelper
01-06 03:26:20.607 10366 10366 W System.err: 	at java.lang.Class.classForName(Native Method)
01-06 03:26:20.607 10366 10366 W System.err: 	at java.lang.Class.forName(Class.java:309)
01-06 03:26:20.607 10366 10366 W System.err: 	at java.lang.Class.forName(Class.java:273)
01-06 03:26:20.607 10366 10366 W System.err: 	at com.idsky.android.mm.SmsMmPlugin.onApplicationCreate(SourceFile:109)
01-06 03:26:20.607 10366 10366 W System.err: 	at java.lang.reflect.Method.invoke(Native Method)
01-06 03:26:20.607 10366 10366 W System.err: 	at java.lang.reflect.Method.invoke(Method.java:372)
01-06 03:26:20.607 10366 10366 W System.err: 	at com.idsky.android.frame.PaymentPlugin.onApplicationCreate(SourceFile:152)
01-06 03:26:20.607 10366 10366 W System.err: 	at java.lang.reflect.Method.invoke(Native Method)
01-06 03:26:20.607 10366 10366 W System.err: 	at java.lang.reflect.Method.invoke(Method.java:372)
01-06 03:26:20.607 10366 10366 W System.err: 	at com.idsky.android.Idsky.onApplicationCreate(SourceFile:1411)
01-06 03:26:20.607 10366 10366 W System.err: 	at java.lang.reflect.Method.invoke(Native Method)
01-06 03:26:20.607 10366 10366 W System.err: 	at java.lang.reflect.Method.invoke(Method.java:372)
01-06 03:26:20.607 10366 10366 W System.err: 	at com.skynet.android.Skynet.invoke(SourceFile:4068)
01-06 03:26:20.607 10366 10366 W System.err: 	at com.skynet.android.Skynet.onApplicationCreate(SourceFile:3547)
01-06 03:26:20.607 10366 10366 W System.err: 	at com.halfbrick.mortar.MortarApplication.onCreate(MortarApplication.java:29)
01-06 03:26:20.607 10366 10366 W System.err: 	at android.app.Instrumentation.callApplicationOnCreate(Instrumentation.java:1012)
01-06 03:26:20.607 10366 10366 W System.err: 	at android.app.ActivityThread.handleBindApplication(ActivityThread.java:4553)
01-06 03:26:20.607 10366 10366 W System.err: 	at android.app.ActivityThread.access$1500(ActivityThread.java:151)
01-06 03:26:20.607 10366 10366 W System.err: 	at android.app.ActivityThread$H.handleMessage(ActivityThread.java:1364)
01-06 03:26:20.607 10366 10366 W System.err: 	at android.os.Handler.dispatchMessage(Handler.java:102)
01-06 03:26:20.607 10366 10366 W System.err: 	at android.os.Looper.loop(Looper.java:135)
01-06 03:26:20.607 10366 10366 W System.err: 	at android.app.ActivityThread.main(ActivityThread.java:5254)
01-06 03:26:20.607 10366 10366 W System.err: 	at java.lang.reflect.Method.invoke(Native Method)
01-06 03:26:20.607 10366 10366 W System.err: 	at java.lang.reflect.Method.invoke(Method.java:372)
