01-06 03:26:20.608 10366 10366 W System.err: 	at com.android.internal.os.ZygoteInit$MethodAndArgsCaller.run(ZygoteInit.java:903)
01-06 03:26:20.608 10366 10366 W System.err: 	at com.android.internal.os.ZygoteInit.main(ZygoteInit.java:698)
01-06 03:26:20.608 10366 10366 W System.err: Caused by: java.lang.ClassNotFoundException: Didn't find class "com.secneo.wrapper.DexHelper" on path: DexPathList[[zip file "/data/app/com.halfbrick.fruitninja-1/base.apk"],nativeLibraryDirectories=[/data/app/com.halfbrick.fruitninja-1/lib/x86, /vendor/lib, /system/lib]]
01-06 03:26:20.608 10366 10366 W System.err: 	at dalvik.system.BaseDexClassLoader.findClass(BaseDexClassLoader.java:56)
01-06 03:26:20.608 10366 10366 W System.err: 	at java.lang.ClassLoader.loadClass(ClassLoader.java:511)
01-06 03:26:20.608 10366 10366 W System.err: 	at java.lang.ClassLoader.loadClass(ClassLoader.java:469)
01-06 03:26:20.608 10366 10366 W System.err: 	... 26 more
01-06 03:26:20.608 10366 10366 W System.err: 	Suppressed: java.lang.ClassNotFoundException: com.secneo.wrapper.DexHelper
01-06 03:26:20.608 10366 10366 W System.err: 		at java.lang.Class.classForName(Native Method)
01-06 03:26:20.608 10366 10366 W System.err: 		at java.lang.BootClassLoader.findClass(ClassLoader.java:781)
01-06 03:26:20.608 10366 10366 W System.err: 		at java.lang.BootClassLoader.loadClass(ClassLoader.java:841)
01-06 03:26:20.608 10366 10366 W System.err: 		at java.lang.ClassLoader.loadClass(ClassLoader.java:504)
01-06 03:26:20.608 10366 10366 W System.err: 		... 27 more
01-06 03:26:20.608 10366 10366 W System.err: 	Caused by: java.lang.NoClassDefFoundError: Class not found using the boot class loader; no stack available
01-06 03:26:20.608 10366 10366 I SmsMmPlugin: MM Helper install 
01-06 03:26:20.608 10366 10366 E sdk     : DexInstall begin
01-06 03:26:20.609 10366 10366 E sdk     : DexInstall 11111
01-06 03:26:20.609 10366 10366 E sdk     : installSecondarDexs
01-06 03:26:20.609 10366 10366 E sdk     : v19 install
01-06 03:26:20.609 10366 10366 W System  : ClassLoader referenced unknown path: /data/data/com.halfbrick.fruitninja/.cache/classes.jar
01-06 03:26:20.609 10366 10366 E sdk     : DexInstall 22222
01-06 03:26:20.609 10366 10366 I SmsMmPlugin: MM Helper install end  
01-06 03:26:20.611  2149  2190 I InputDispatcher: Dropping event because there is no touchable window at (1168, 916).
01-06 03:26:20.616 10366 10366 I idsyconfig: found another way to go to happiness or hell
01-06 03:26:20.619  2149  2190 I InputDispatcher: Dropping event because there is no touchable window at (1167, 916).
01-06 03:26:20.619 10366 10366 I RSA     : idskyver.txt={"sdk_version":"pay-3.2.1.27"}
01-06 03:26:20.621 10366 10366 I DES     : idsky_config={"game_type":"2","is_carrier_version":"false","default_p_list":"0107","pay":"","count_url":"http://sdklog.uu.cc/","weixin_app_id":"wxa0b628feaef486cb","game_id":"10234"}
01-06 03:26:20.622  2149  8057 I ActivityManager: START u0 {flg=0x10000000 cmp=com.halfbrick.fruitninja/com.halfbrick.mortar.MortarGameActivity} from uid 10118 on display 0
01-06 03:26:20.622 10397 10397 W linker  : [vdso]: unused DT entry: type 0x6ffffef5 arg 0xec
01-06 03:26:20.623 10397 10397 E cutils-trace: Error opening trace file: Permission denied (13)
01-06 03:26:20.623 10397 10397 I dex2oat : /system/bin/dex2oat --runtime-arg -classpath --runtime-arg  --instruction-set=x86 --instruction-set-features=default --runtime-arg -Xrelocate --boot-image=/system/framework/boot.art --dex-file=/data/data/com.halfbrick.fruitninja/.ucache/classez.jar --oat-fd=17 --oat-location=/data/data/com.halfbrick.fruitninja/.ucache/classez.dex --runtime-arg -Xms64m --runtime-arg -Xmx512m --compiler-filter=interpret-only
01-06 03:26:20.626  2149  2190 I InputDispatcher: Dropping event because there is no touchable window at (1167, 915).
01-06 03:26:20.634  2149  2190 I InputDispatcher: Dropping event because there is no touchable window at (1166, 915).
01-06 03:26:20.642  2149  2190 I InputDispatcher: Dropping event because there is no touchable window at (1164, 914).
01-06 03:26:20.650  2149  2190 I InputDispatcher: Dropping event because there is no touchable window at (1163, 913).
01-06 03:26:20.658  2149  2190 I InputDispatcher: Dropping event because there is no touchable window at (1161, 912).
01-06 03:26:20.663  2149  8057 V WindowManager: addAppToken: AppWindowToken{61f9559 token=Token{105745a0 ActivityRecord{1c6ffea3 u0 com.halfbrick.fruitninja/com.halfbrick.mortar.MortarGameActivity t1082}}} to stack=1 task=1082 at 1
01-06 03:26:20.663  2149  8057 V WindowManager: Based on layer: Adding window Window{2e7991a5 u0 Starting com.halfbrick.fruitninja} at 6 of 11
01-06 03:26:20.666  2149  2190 I InputDispatcher: Dropping event because there is no touchable window at (1160, 912).
01-06 03:26:20.674  2149  2190 I InputDispatcher: Dropping event because there is no touchable window at (1159, 911).
01-06 03:26:20.683  2149  2190 I InputDispatcher: Dropping event because there is no touchable window at (1156, 911).
01-06 03:26:20.689 10366 10366 D MTA_Fruitninja: [main(1): MortarGameActivity.java:368] - isDebugMode:false
01-06 03:26:20.690  2149  2190 I InputDispatcher: Dropping event because there is no touchable window at (1155, 911).
01-06 03:26:20.699  2149  2190 I InputDispatcher: Dropping event because there is no touchable window at (1154, 911).
01-06 03:26:20.706  2149  2190 I InputDispatcher: Dropping event because there is no touchable window at (1154, 910).
01-06 03:26:20.709 10366 10366 D OpenUDID: 0 services matches OpenUDID
01-06 03:26:20.709 10366 10366 D OpenUDID: Generating openUDID
01-06 03:26:20.709 10366 10366 D OpenUDID: OpenUDID: 9b5af3ec87373915
01-06 03:26:20.715  2149  2190 I InputDispatcher: Dropping event because there is no touchable window at (1153, 910).
01-06 03:26:20.722  2149  2190 I InputDispatcher: Dropping event because there is no touchable window at (1152, 910).
01-06 03:26:20.730  2149  2190 I InputDispatcher: Dropping event because there is no touchable window at (1151, 909).
01-06 03:26:20.738 10366 10366 I Version SDK: 22
01-06 03:26:20.738 10366 10366 I Setting : fullscreen
01-06 03:26:20.738 10366 10366 I JNI     : Trying to load libsmsiap.so
01-06 03:26:20.738 10366 10366 E JNI     : WARNING: Could not load libsmsiap.so
01-06 03:26:20.738 10366 10366 E JNI     : Reason: dalvik.system.PathClassLoader[DexPathList[[zip file "/data/app/com.halfbrick.fruitninja-1/base.apk"],nativeLibraryDirectories=[/data/app/com.halfbrick.fruitninja-1/lib/x86, /vendor/lib, /system/lib]]] couldn't find "libsmsiap.so"
01-06 03:26:20.738 10366 10366 I JNI     : Trying to load libsmsprotocol.so
01-06 03:26:20.738 10366 10366 E JNI     : WARNING: Could not load libsmsprotocol.so
01-06 03:26:20.738 10366 10366 E JNI     : Reason: dalvik.system.PathClassLoader[DexPathList[[zip file "/data/app/com.halfbrick.fruitninja-1/base.apk"],nativeLibraryDirectories=[/data/app/com.halfbrick.fruitninja-1/lib/x86, /vendor/lib, /system/lib]]] couldn't find "libsmsprotocol.so"
01-06 03:26:20.738 10366 10366 I JNI     : Trying to load libImmEmulatorJ.so
01-06 03:26:20.738  2149  2190 I InputDispatcher: Dropping event because there is no touchable window at (1150, 909).
01-06 03:26:20.738 10366 10366 E JNI     : WARNING: Could not load libImmEmulatorJ.so
01-06 03:26:20.738 10366 10366 E JNI     : Reason: dalvik.system.PathClassLoader[DexPathList[[zip file "/data/app/com.halfbrick.fruitninja-1/base.apk"],nativeLibraryDirectories=[/data/app/com.halfbrick.fruitninja-1/lib/x86, /vendor/lib, /system/lib]]] couldn't find "libImmEmulatorJ.so"
01-06 03:26:20.738 10366 10366 I JNI     : Trying to load libmortargame.so
01-06 03:26:20.739 10366 10366 E JNI     : WARNING: Could not load libmortargame.so
01-06 03:26:20.739 10366 10366 E JNI     : Reason: dalvik.system.PathClassLoader[DexPathList[[zip file "/data/app/com.halfbrick.fruitninja-1/base.apk"],nativeLibraryDirectories=[/data/app/com.halfbrick.fruitninja-1/lib/x86, /vendor/lib, /system/lib]]] couldn't find "libmortargame.so"
01-06 03:26:20.739 10366 10366 V halfbrick.Mortar: Loading native lib, result: true
01-06 03:26:20.739 10366 10366 E art     : No implementation found for int com.halfbrick.mortar.NativeGameLib.native_GLESVersion() (tried Java_com_halfbrick_mortar_NativeGameLib_native_1GLESVersion and Java_com_halfbrick_mortar_NativeGameLib_native_1GLESVersion__)
01-06 03:26:20.739 10366 10366 D AndroidRuntime: Shutting down VM
01-06 03:26:20.739 10366 10366 E AndroidRuntime: FATAL EXCEPTION: main
01-06 03:26:20.739 10366 10366 E AndroidRuntime: Process: com.halfbrick.fruitninja, PID: 10366
01-06 03:26:20.739 10366 10366 E AndroidRuntime: java.lang.UnsatisfiedLinkError: No implementation found for int com.halfbrick.mortar.NativeGameLib.native_GLESVersion() (tried Java_com_halfbrick_mortar_NativeGameLib_native_1GLESVersion and Java_com_halfbrick_mortar_NativeGameLib_native_1GLESVersion__)
01-06 03:26:20.739 10366 10366 E AndroidRuntime: 	at com.halfbrick.mortar.NativeGameLib.native_GLESVersion(Native Method)
01-06 03:26:20.739 10366 10366 E AndroidRuntime: 	at com.halfbrick.mortar.NativeGameLib.GLESVersion(NativeGameLib.java:161)
01-06 03:26:20.739 10366 10366 E AndroidRuntime: 	at com.halfbrick.mortar.MortarGameView.init(MortarGameView.java:213)
01-06 03:26:20.739 10366 10366 E AndroidRuntime: 	at com.halfbrick.mortar.MortarGameView.<init>(MortarGameView.java:95)
01-06 03:26:20.739 10366 10366 E AndroidRuntime: 	at com.halfbrick.mortar.MortarGameView.InternalConstruct(MortarGameView.java:84)
01-06 03:26:20.739 10366 10366 E AndroidRuntime: 	at com.halfbrick.mortar.MortarGameView.Construct(MortarGameView.java:62)
01-06 03:26:20.739 10366 10366 E AndroidRuntime: 	at com.halfbrick.mortar.MortarGameActivity.onCreate(MortarGameActivity.java:533)
01-06 03:26:20.739 10366 10366 E AndroidRuntime: 	at android.app.Activity.performCreate(Activity.java:5990)
01-06 03:26:20.739 10366 10366 E AndroidRuntime: 	at android.app.Instrumentation.callActivityOnCreate(Instrumentation.java:1106)
01-06 03:26:20.739 10366 10366 E AndroidRuntime: 	at android.app.ActivityThread.performLaunchActivity(ActivityThread.java:2278)
01-06 03:26:20.739 10366 10366 E AndroidRuntime: 	at android.app.ActivityThread.handleLaunchActivity(ActivityThread.java:2387)
01-06 03:26:20.739 10366 10366 E AndroidRuntime: 	at android.app.ActivityThread.access$800(ActivityThread.java:151)
01-06 03:26:20.739 10366 10366 E AndroidRuntime: 	at android.app.ActivityThread$H.handleMessage(ActivityThread.java:1303)
01-06 03:26:20.739 10366 10366 E AndroidRuntime: 	at android.os.Handler.dispatchMessage(Handler.java:102)
01-06 03:26:20.739 10366 10366 E AndroidRuntime: 	at android.os.Looper.loop(Looper.java:135)
01-06 03:26:20.739 10366 10366 E AndroidRuntime: 	at android.app.ActivityThread.main(ActivityThread.java:5254)
01-06 03:26:20.739 10366 10366 E AndroidRuntime: 	at java.lang.reflect.Method.invoke(Native Method)
01-06 03:26:20.739 10366 10366 E AndroidRuntime: 	at java.lang.reflect.Method.invoke(Method.java:372)
01-06 03:26:20.739 10366 10366 E AndroidRuntime: 	at com.android.internal.os.ZygoteInit$MethodAndArgsCaller.run(ZygoteInit.java:903)
01-06 03:26:20.739 10366 10366 E AndroidRuntime: 	at com.android.internal.os.ZygoteInit.main(ZygoteInit.java:698)
01-06 03:26:20.739  2149  2394 W ActivityManager:   Force finishing activity 1 com.halfbrick.fruitninja/com.halfbrick.mortar.MortarGameActivity
01-06 03:26:20.746  2149  2190 I InputDispatcher: Dropping event because there is no touchable window at (1149, 909).
01-06 03:26:20.755  2149  2190 I InputDispatcher: Dropping event because there is no touchable window at (1147, 908).
01-06 03:26:20.763  2149  2190 I InputDispatcher: Dropping event because there is no touchable window at (1145, 908).
01-06 03:26:20.771  2149  2190 I InputDispatcher: Dropping event because there is no touchable window at (1142, 907).
01-06 03:26:20.779  2149  2190 I InputDispatcher: Dropping event because there is no touchable window at (1139, 907).
01-06 03:26:20.787  2149  2190 I InputDispatcher: Dropping event because there is no touchable window at (1137, 907).
01-06 03:26:20.790 10397 10397 I dex2oat : dex2oat took 166.603ms (threads: 8) arena alloc=0B java alloc=2MB native alloc=600KB free=7MB
01-06 03:26:20.795  2149  2190 I InputDispatcher: Dropping event because there is no touchable window at (1136, 907).
01-06 03:26:20.803  2149  2190 I InputDispatcher: Dropping event because there is no touchable window at (1135, 907).
01-06 03:26:20.809 10366 10392 E unipaysdk_2.3.0: UnipaySDK ERR:724  none error
01-06 03:26:20.811  2149  2190 I InputDispatcher: Dropping event because there is no touchable window at (1134, 907).
01-06 03:26:20.827  2149  2190 I InputDispatcher: Dropping event because there is no touchable window at (1133, 907).
01-06 03:26:20.859  2149  2190 I InputDispatcher: Dropping event because there is no touchable window at (1133, 906).
01-06 03:26:20.867  2149  2190 I InputDispatcher: Dropping event because there is no touchable window at (1132, 906).
01-06 03:26:20.883  2149  2190 I InputDispatcher: Dropping event because there is no touchable window at (1131, 906).
01-06 03:26:20.891  2149  2190 I InputDispatcher: Dropping event because there is no touchable window at (1130, 906).
01-06 03:26:20.899  2149  2190 I InputDispatcher: Dropping event because there is no touchable window at (1129, 906).
01-06 03:26:20.923  2149  2190 I InputDispatcher: Dropping event because there is no touchable window at (1128, 905).
01-06 03:26:20.931  2149  2190 I InputDispatcher: Dropping event because there is no touchable window at (1127, 905).
01-06 03:26:21.040  2149  2394 I WindowManager: Screenshot max retries 4 of Token{105745a0 ActivityRecord{1c6ffea3 u0 com.halfbrick.fruitninja/com.halfbrick.mortar.MortarGameActivity t1082 f}} appWin=Window{2e7991a5 u0 Starting com.halfbrick.fruitninja} drawState=4
01-06 03:26:21.051  2149  2190 I InputDispatcher: Dropping event because there is no touchable window at (1126, 905).
01-06 03:26:21.059  2149  2190 I InputDispatcher: Dropping event because there is no touchable window at (1125, 905).
01-06 03:26:21.075  2149  2190 I InputDispatcher: Dropping event because there is no touchable window at (1124, 905).
01-06 03:26:21.083  2149  2190 I InputDispatcher: Dropping event because there is no touchable window at (1124, 904).
01-06 03:26:21.104  2149  3972 I EGL-DRI2: DRI2: found extension DRI_Core version 1
01-06 03:26:21.104  2149  3972 I EGL-DRI2: DRI2: found extension DRI_DRI2 version 4
01-06 03:26:21.117  2149  3972 I EGL-DRI2: DRI2: found extension DRI_TexBuffer version 3
01-06 03:26:21.117  2149  3972 I EGL-DRI2: DRI2: found extension DRI2_Flush version 4
01-06 03:26:21.117  2149  3972 I EGL-DRI2: DRI2: found extension DRI_IMAGE version 11
01-06 03:26:21.117  2149  3972 I OpenGLRenderer: Initialized EGL, version 1.4
01-06 03:26:21.120  2149  2204 D WifiService: New client listening to asynchronous messages
01-06 03:26:21.165  2149  2377 W ActivityManager: getTasks: caller 10115 does not hold REAL_GET_TASKS; limiting output
01-06 03:26:21.249 10414 10414 W linker  : [vdso]: unused DT entry: type 0x6ffffef5 arg 0x160
01-06 03:26:21.257 10416 10416 W linker  : [vdso]: unused DT entry: type 0x6ffffef5 arg 0x160
01-06 03:26:21.265  2149  2295 W ActivityManager: getRunningAppProcesses: caller 10118 does not hold REAL_GET_TASKS; limiting output
01-06 03:26:21.541  2149  2175 W ActivityManager: Activity pause timeout for ActivityRecord{1c6ffea3 u0 com.halfbrick.fruitninja/com.halfbrick.mortar.MortarGameActivity t1082 f}
01-06 03:26:21.551 10423 10423 W linker  : [vdso]: unused DT entry: type 0x6ffffef5 arg 0x160
01-06 03:26:21.556 10424 10424 W linker  : [vdso]: unused DT entry: type 0x6ffffef5 arg 0x160
01-06 03:26:21.560 10425 10425 W linker  : [vdso]: unused DT entry: type 0x6ffffef5 arg 0x160
01-06 03:26:21.564 10426 10426 W linker  : [vdso]: unused DT entry: type 0x6ffffef5 arg 0x160
01-06 03:26:21.669 10428 10428 W linker  : [vdso]: unused DT entry: type 0x6ffffef5 arg 0x160
01-06 03:26:21.674 10429 10429 W linker  : [vdso]: unused DT entry: type 0x6ffffef5 arg 0x160
01-06 03:26:21.677 10430 10430 W linker  : [vdso]: unused DT entry: type 0x6ffffef5 arg 0x160
01-06 03:26:21.713 10431 10431 W linker  : [vdso]: unused DT entry: type 0x6ffffef5 arg 0x160
01-06 03:26:21.716 10432 10432 W linker  : [vdso]: unused DT entry: type 0x6ffffef5 arg 0x160
01-06 03:26:21.717 10433 10433 W linker  : [vdso]: unused DT entry: type 0x6ffffef5 arg 0x160
01-06 03:26:21.726  2149  2295 W BackupManagerService: dataChanged but no participant pkg='com.android.providers.settings' uid=10118
01-06 03:26:22.167  2149  8057 W ActivityManager: getTasks: caller 10115 does not hold REAL_GET_TASKS; limiting output
01-06 03:26:22.551  2267  2267 W ResourceType: No package identifier when getting value for resource number 0x00000000
01-06 03:26:22.551  2267  2267 W PackageManager: Failure retrieving resources for com.cyanogenmod.filemanager: Resource ID #0x0
01-06 03:26:22.733 10434 10434 W linker  : [vdso]: unused DT entry: type 0x6ffffef5 arg 0x160
01-06 03:26:23.170  2149  3042 W ActivityManager: getTasks: caller 10115 does not hold REAL_GET_TASKS; limiting output
01-06 03:26:24.173  2149  3044 W ActivityManager: getTasks: caller 10115 does not hold REAL_GET_TASKS; limiting output
01-06 03:26:25.176  2149  3128 W ActivityManager: getTasks: caller 10115 does not hold REAL_GET_TASKS; limiting output
01-06 03:26:26.179  2149  3044 W ActivityManager: getTasks: caller 10115 does not hold REAL_GET_TASKS; limiting output
01-06 03:26:27.181  2149  2169 W ActivityManager: getTasks: caller 10115 does not hold REAL_GET_TASKS; limiting output
01-06 03:26:27.746 10435 10435 W linker  : [vdso]: unused DT entry: type 0x6ffffef5 arg 0x160
01-06 03:26:28.184  2149  3042 W ActivityManager: getTasks: caller 10115 does not hold REAL_GET_TASKS; limiting output
01-06 03:26:29.187  2149  3128 W ActivityManager: getTasks: caller 10115 does not hold REAL_GET_TASKS; limiting output
01-06 03:26:30.189  2149  4763 W ActivityManager: getTasks: caller 10115 does not hold REAL_GET_TASKS; limiting output
01-06 03:26:31.190  2149  2169 W ActivityManager: getTasks: caller 10115 does not hold REAL_GET_TASKS; limiting output
01-06 03:26:31.599  2149  2175 W ActivityManager: Activity destroy timeout for ActivityRecord{3fd30822 u0 com.halfbrick.fruitninja/com.idsky.android.impl.ui.IdskySplashActivity t1082 f}
01-06 03:26:31.599  2149  2175 W ActivityManager: Activity destroy timeout for ActivityRecord{1c6ffea3 u0 com.halfbrick.fruitninja/com.halfbrick.mortar.MortarGameActivity t1082 f}
01-06 03:26:32.193  2149  3042 W ActivityManager: getTasks: caller 10115 does not hold REAL_GET_TASKS; limiting output
01-06 03:26:32.755 10436 10436 W linker  : [vdso]: unused DT entry: type 0x6ffffef5 arg 0x160
01-06 03:26:33.196  2149  3128 W ActivityManager: getTasks: caller 10115 does not hold REAL_GET_TASKS; limiting output
01-06 03:26:34.199  2149  4763 W ActivityManager: getTasks: caller 10115 does not hold REAL_GET_TASKS; limiting output
01-06 03:26:35.100  2149  2220 D TaskPersister: removeObsoleteFile: deleting file=1082_task.xml
01-06 03:26:35.201  2149  3044 W ActivityManager: getTasks: caller 10115 does not hold REAL_GET_TASKS; limiting output
01-06 03:26:36.204  2149  2169 W ActivityManager: getTasks: caller 10115 does not hold REAL_GET_TASKS; limiting output
01-06 03:26:37.207  2149  3128 W ActivityManager: getTasks: caller 10115 does not hold REAL_GET_TASKS; limiting output
01-06 03:26:37.766 10437 10437 W linker  : [vdso]: unused DT entry: type 0x6ffffef5 arg 0x160
01-06 03:26:38.210  2149  4763 W ActivityManager: getTasks: caller 10115 does not hold REAL_GET_TASKS; limiting output
01-06 03:26:39.212  2149  3044 W ActivityManager: getTasks: caller 10115 does not hold REAL_GET_TASKS; limiting output
01-06 03:26:40.215  2149  3042 W ActivityManager: getTasks: caller 10115 does not hold REAL_GET_TASKS; limiting output
01-06 03:26:41.218  2149  3128 W ActivityManager: getTasks: caller 10115 does not hold REAL_GET_TASKS; limiting output
01-06 03:26:42.221  2149  4763 W ActivityManager: getTasks: caller 10115 does not hold REAL_GET_TASKS; limiting output
01-06 03:26:42.778 10438 10438 W linker  : [vdso]: unused DT entry: type 0x6ffffef5 arg 0x160
01-06 03:26:43.224  2149  3044 W ActivityManager: getTasks: caller 10115 does not hold REAL_GET_TASKS; limiting output
01-06 03:26:44.226  2149  2169 W ActivityManager: getTasks: caller 10115 does not hold REAL_GET_TASKS; limiting output
01-06 03:26:45.229  2149  3042 W ActivityManager: getTasks: caller 10115 does not hold REAL_GET_TASKS; limiting output
01-06 03:26:46.231  2149  3128 W ActivityManager: getTasks: caller 10115 does not hold REAL_GET_TASKS; limiting output
01-06 03:26:47.233  2149  4763 W ActivityManager: getTasks: caller 10115 does not hold REAL_GET_TASKS; limiting output
01-06 03:26:47.787 10439 10439 W linker  : [vdso]: unused DT entry: type 0x6ffffef5 arg 0x160
01-06 03:26:48.236  2149  3044 W ActivityManager: getTasks: caller 10115 does not hold REAL_GET_TASKS; limiting output
01-06 03:26:49.239  2149  2169 W ActivityManager: getTasks: caller 10115 does not hold REAL_GET_TASKS; limiting output
01-06 03:26:50.242  2149  3042 W ActivityManager: getTasks: caller 10115 does not hold REAL_GET_TASKS; limiting output
01-06 03:26:52.798 10440 10440 W linker  : [vdso]: unused DT entry: type 0x6ffffef5 arg 0x160
01-06 03:26:54.102  2149  3128 W ActivityManager: getTasks: caller 10115 does not hold REAL_GET_TASKS; limiting output
01-06 03:26:55.105  2149  4763 W ActivityManager: getTasks: caller 10115 does not hold REAL_GET_TASKS; limiting output
01-06 03:26:56.108  2149  3044 W ActivityManager: getTasks: caller 10115 does not hold REAL_GET_TASKS; limiting output
01-06 03:26:57.111  2149  2169 W ActivityManager: getTasks: caller 10115 does not hold REAL_GET_TASKS; limiting output
01-06 03:26:57.809 10441 10441 W linker  : [vdso]: unused DT entry: type 0x6ffffef5 arg 0x160
01-06 03:26:58.113  2149  3042 W ActivityManager: getTasks: caller 10115 does not hold REAL_GET_TASKS; limiting output
01-06 03:26:59.116  2149  3128 W ActivityManager: getTasks: caller 10115 does not hold REAL_GET_TASKS; limiting output
01-06 03:27:00.118  2149  2377 W ActivityManager: getTasks: caller 10115 does not hold REAL_GET_TASKS; limiting output
01-06 03:27:01.120  2149  3044 W ActivityManager: getTasks: caller 10115 does not hold REAL_GET_TASKS; limiting output
01-06 03:27:02.121  2149  2169 W ActivityManager: getTasks: caller 10115 does not hold REAL_GET_TASKS; limiting output
01-06 03:27:02.819 10442 10442 W linker  : [vdso]: unused DT entry: type 0x6ffffef5 arg 0x160
01-06 03:27:03.124  2149  9351 W ActivityManager: getTasks: caller 10115 does not hold REAL_GET_TASKS; limiting output
01-06 03:27:04.125  2149  3128 W ActivityManager: getTasks: caller 10115 does not hold REAL_GET_TASKS; limiting output
01-06 03:27:05.127  2149  2377 W ActivityManager: getTasks: caller 10115 does not hold REAL_GET_TASKS; limiting output
01-06 03:27:06.130  2149  3044 W ActivityManager: getTasks: caller 10115 does not hold REAL_GET_TASKS; limiting output
01-06 03:27:07.132  2149  2169 W ActivityManager: getTasks: caller 10115 does not hold REAL_GET_TASKS; limiting output
01-06 03:27:07.200  2149  2174 I UsageStatsService: User[0] Flushing usage stats to disk
01-06 03:27:07.826 10443 10443 W linker  : [vdso]: unused DT entry: type 0x6ffffef5 arg 0x160
01-06 03:27:08.135  2149  9351 W ActivityManager: getTasks: caller 10115 does not hold REAL_GET_TASKS; limiting output
01-06 03:27:09.093  8360  8399 D ++++++++: IsGetNotificationTimeOut = 3497093 dis = 28800000
01-06 03:27:09.138  2149  3128 W ActivityManager: getTasks: caller 10115 does not hold REAL_GET_TASKS; limiting output
01-06 03:27:10.141  2149  2377 W ActivityManager: getTasks: caller 10115 does not hold REAL_GET_TASKS; limiting output
01-06 03:27:11.143  2149  3044 W ActivityManager: getTasks: caller 10115 does not hold REAL_GET_TASKS; limiting output
01-06 03:27:12.145  2149  2169 W ActivityManager: getTasks: caller 10115 does not hold REAL_GET_TASKS; limiting output
01-06 03:27:12.837 10444 10444 W linker  : [vdso]: unused DT entry: type 0x6ffffef5 arg 0x160
01-06 03:27:13.147  2149  9351 W ActivityManager: getTasks: caller 10115 does not hold REAL_GET_TASKS; limiting output
01-06 03:27:14.150  2149  3128 W ActivityManager: getTasks: caller 10115 does not hold REAL_GET_TASKS; limiting output
01-06 03:27:15.151  2149  2377 W ActivityManager: getTasks: caller 10115 does not hold REAL_GET_TASKS; limiting output
01-06 03:27:16.153  2149  3044 W ActivityManager: getTasks: caller 10115 does not hold REAL_GET_TASKS; limiting output
01-06 03:27:17.155  2149  2169 W ActivityManager: getTasks: caller 10115 does not hold REAL_GET_TASKS; limiting output
01-06 03:27:17.846 10445 10445 W linker  : [vdso]: unused DT entry: type 0x6ffffef5 arg 0x160
01-06 03:27:18.157  2149  9351 W ActivityManager: getTasks: caller 10115 does not hold REAL_GET_TASKS; limiting output
01-06 03:27:19.160  2149  3128 W ActivityManager: getTasks: caller 10115 does not hold REAL_GET_TASKS; limiting output
01-06 03:27:20.162  2149  4763 W ActivityManager: getTasks: caller 10115 does not hold REAL_GET_TASKS; limiting output
01-06 03:27:21.165  2149  2170 W ActivityManager: getTasks: caller 10115 does not hold REAL_GET_TASKS; limiting output
01-06 03:27:22.168  2149  2295 W ActivityManager: getTasks: caller 10115 does not hold REAL_GET_TASKS; limiting output
01-06 03:27:22.854 10446 10446 W linker  : [vdso]: unused DT entry: type 0x6ffffef5 arg 0x160
01-06 03:27:23.171  2149  3042 W ActivityManager: getTasks: caller 10115 does not hold REAL_GET_TASKS; limiting output
01-06 03:27:24.173  2149  8057 W ActivityManager: getTasks: caller 10115 does not hold REAL_GET_TASKS; limiting output
01-06 03:27:25.175  2149  4763 W ActivityManager: getTasks: caller 10115 does not hold REAL_GET_TASKS; limiting output
01-06 03:27:26.178  2149  2170 W ActivityManager: getTasks: caller 10115 does not hold REAL_GET_TASKS; limiting output
01-06 03:27:27.181  2149  2295 W ActivityManager: getTasks: caller 10115 does not hold REAL_GET_TASKS; limiting output
01-06 03:27:27.866 10447 10447 W linker  : [vdso]: unused DT entry: type 0x6ffffef5 arg 0x160
01-06 03:27:28.184  2149  3042 W ActivityManager: getTasks: caller 10115 does not hold REAL_GET_TASKS; limiting output
01-06 03:27:29.187  2149  8057 W ActivityManager: getTasks: caller 10115 does not hold REAL_GET_TASKS; limiting output
01-06 03:27:30.190  2149  4763 W ActivityManager: getTasks: caller 10115 does not hold REAL_GET_TASKS; limiting output
01-06 03:27:31.193  2149  2170 W ActivityManager: getTasks: caller 10115 does not hold REAL_GET_TASKS; limiting output
01-06 03:27:31.876 10448 10448 W linker  : [vdso]: unused DT entry: type 0x6ffffef5 arg 0x160
01-06 03:27:32.196  2149  2295 W ActivityManager: getTasks: caller 10115 does not hold REAL_GET_TASKS; limiting output
01-06 03:27:33.199  2149  3042 W ActivityManager: getTasks: caller 10115 does not hold REAL_GET_TASKS; limiting output
01-06 03:27:34.201  2149  8057 W ActivityManager: getTasks: caller 10115 does not hold REAL_GET_TASKS; limiting output
01-06 03:27:35.204  2149  4763 W ActivityManager: getTasks: caller 10115 does not hold REAL_GET_TASKS; limiting output
01-06 03:27:36.206  2149  2170 W ActivityManager: getTasks: caller 10115 does not hold REAL_GET_TASKS; limiting output
01-06 03:27:36.887 10449 10449 W linker  : [vdso]: unused DT entry: type 0x6ffffef5 arg 0x160
01-06 03:27:37.208  2149  2295 W ActivityManager: getTasks: caller 10115 does not hold REAL_GET_TASKS; limiting output
01-06 03:27:38.210  2149  3042 W ActivityManager: getTasks: caller 10115 does not hold REAL_GET_TASKS; limiting output
01-06 03:27:39.213  2149  8057 W ActivityManager: getTasks: caller 10115 does not hold REAL_GET_TASKS; limiting output
01-06 03:27:40.216  2149  4763 W ActivityManager: getTasks: caller 10115 does not hold REAL_GET_TASKS; limiting output
01-06 03:27:41.219  2149  2170 W ActivityManager: getTasks: caller 10115 does not hold REAL_GET_TASKS; limiting output
01-06 03:27:41.898 10450 10450 W linker  : [vdso]: unused DT entry: type 0x6ffffef5 arg 0x160
01-06 03:27:42.222  2149  2295 W ActivityManager: getTasks: caller 10115 does not hold REAL_GET_TASKS; limiting output
01-06 03:27:43.224  2149  3042 W ActivityManager: getTasks: caller 10115 does not hold REAL_GET_TASKS; limiting output
01-06 03:27:44.226  2149  8057 W ActivityManager: getTasks: caller 10115 does not hold REAL_GET_TASKS; limiting output
01-06 03:27:45.229  2149  4763 W ActivityManager: getTasks: caller 10115 does not hold REAL_GET_TASKS; limiting output
01-06 03:27:46.231  2149  2170 W ActivityManager: getTasks: caller 10115 does not hold REAL_GET_TASKS; limiting output
01-06 03:27:46.910 10451 10451 W linker  : [vdso]: unused DT entry: type 0x6ffffef5 arg 0x160
01-06 03:27:47.233  2149  2295 W ActivityManager: getTasks: caller 10115 does not hold REAL_GET_TASKS; limiting output
01-06 03:27:47.615  8489  8489 E LbsUtils: error com.baidu.pushservice.clt
01-06 03:27:47.672  8489  9297 I socket  : msgid:5
01-06 03:27:48.236  2149  9351 W ActivityManager: getTasks: caller 10115 does not hold REAL_GET_TASKS; limiting output
01-06 03:27:49.238  2149  3128 W ActivityManager: getTasks: caller 10115 does not hold REAL_GET_TASKS; limiting output
01-06 03:27:50.240  2149  2377 W ActivityManager: getTasks: caller 10115 does not hold REAL_GET_TASKS; limiting output
01-06 03:27:51.916 10454 10454 W linker  : [vdso]: unused DT entry: type 0x6ffffef5 arg 0x160
01-06 03:27:54.102  2149  3044 W ActivityManager: getTasks: caller 10115 does not hold REAL_GET_TASKS; limiting output
01-06 03:27:55.104  2149  2169 W ActivityManager: getTasks: caller 10115 does not hold REAL_GET_TASKS; limiting output
01-06 03:27:56.106  2149  9351 W ActivityManager: getTasks: caller 10115 does not hold REAL_GET_TASKS; limiting output
01-06 03:27:56.923 10455 10455 W linker  : [vdso]: unused DT entry: type 0x6ffffef5 arg 0x160
01-06 03:27:57.109  2149  3128 W ActivityManager: getTasks: caller 10115 does not hold REAL_GET_TASKS; limiting output
01-06 03:27:58.111  2149  2377 W ActivityManager: getTasks: caller 10115 does not hold REAL_GET_TASKS; limiting output
01-06 03:27:59.114  2149  3044 W ActivityManager: getTasks: caller 10115 does not hold REAL_GET_TASKS; limiting output
01-06 03:28:00.117  2149  2295 W ActivityManager: getTasks: caller 10115 does not hold REAL_GET_TASKS; limiting output
01-06 03:28:01.120  2149  9351 W ActivityManager: getTasks: caller 10115 does not hold REAL_GET_TASKS; limiting output
01-06 03:28:01.932 10456 10456 W linker  : [vdso]: unused DT entry: type 0x6ffffef5 arg 0x160
01-06 03:28:02.122  2149  3128 W ActivityManager: getTasks: caller 10115 does not hold REAL_GET_TASKS; limiting output
01-06 03:28:03.125  2149  2377 W ActivityManager: getTasks: caller 10115 does not hold REAL_GET_TASKS; limiting output
01-06 03:28:04.126  2149  3044 W ActivityManager: getTasks: caller 10115 does not hold REAL_GET_TASKS; limiting output
01-06 03:28:05.128  2149  2295 W ActivityManager: getTasks: caller 10115 does not hold REAL_GET_TASKS; limiting output
01-06 03:28:06.131  2149  9351 W ActivityManager: getTasks: caller 10115 does not hold REAL_GET_TASKS; limiting output
01-06 03:28:06.944 10457 10457 W linker  : [vdso]: unused DT entry: type 0x6ffffef5 arg 0x160
01-06 03:28:07.133  2149  3128 W ActivityManager: getTasks: caller 10115 does not hold REAL_GET_TASKS; limiting output
01-06 03:28:08.136  2149  2377 W ActivityManager: getTasks: caller 10115 does not hold REAL_GET_TASKS; limiting output
01-06 03:28:09.139  2149  3044 W ActivityManager: getTasks: caller 10115 does not hold REAL_GET_TASKS; limiting output
01-06 03:28:10.142  2149  2295 W ActivityManager: getTasks: caller 10115 does not hold REAL_GET_TASKS; limiting output
01-06 03:28:11.145  2149  9351 W ActivityManager: getTasks: caller 10115 does not hold REAL_GET_TASKS; limiting output
01-06 03:28:11.955 10458 10458 W linker  : [vdso]: unused DT entry: type 0x6ffffef5 arg 0x160
01-06 03:28:12.148  2149  3128 W ActivityManager: getTasks: caller 10115 does not hold REAL_GET_TASKS; limiting output
01-06 03:28:13.151  2149  2377 W ActivityManager: getTasks: caller 10115 does not hold REAL_GET_TASKS; limiting output
01-06 03:28:14.152  2149  3044 W ActivityManager: getTasks: caller 10115 does not hold REAL_GET_TASKS; limiting output
01-06 03:28:15.154  2149  2295 W ActivityManager: getTasks: caller 10115 does not hold REAL_GET_TASKS; limiting output
01-06 03:28:16.157  2149  9351 W ActivityManager: getTasks: caller 10115 does not hold REAL_GET_TASKS; limiting output
01-06 03:28:16.965 10459 10459 W linker  : [vdso]: unused DT entry: type 0x6ffffef5 arg 0x160
01-06 03:28:17.160  2149  3128 W ActivityManager: getTasks: caller 10115 does not hold REAL_GET_TASKS; limiting output
01-06 03:28:18.163  2149  2377 W ActivityManager: getTasks: caller 10115 does not hold REAL_GET_TASKS; limiting output
01-06 03:28:19.166  2149  3044 W ActivityManager: getTasks: caller 10115 does not hold REAL_GET_TASKS; limiting output
01-06 03:28:20.168  2149  2169 W ActivityManager: getTasks: caller 10115 does not hold REAL_GET_TASKS; limiting output
01-06 03:28:21.171  2149  3042 W ActivityManager: getTasks: caller 10115 does not hold REAL_GET_TASKS; limiting output
01-06 03:28:21.977 10460 10460 W linker  : [vdso]: unused DT entry: type 0x6ffffef5 arg 0x160
01-06 03:28:22.173  2149  8057 W ActivityManager: getTasks: caller 10115 does not hold REAL_GET_TASKS; limiting output
01-06 03:28:23.176  2149  4763 W ActivityManager: getTasks: caller 10115 does not hold REAL_GET_TASKS; limiting output
01-06 03:28:24.179  2149  2170 W ActivityManager: getTasks: caller 10115 does not hold REAL_GET_TASKS; limiting output
01-06 03:28:25.182  2149  2169 W ActivityManager: getTasks: caller 10115 does not hold REAL_GET_TASKS; limiting output
01-06 03:28:26.185  2149  3042 W ActivityManager: getTasks: caller 10115 does not hold REAL_GET_TASKS; limiting output
01-06 03:28:26.988 10461 10461 W linker  : [vdso]: unused DT entry: type 0x6ffffef5 arg 0x160
01-06 03:28:27.188  2149  8057 W ActivityManager: getTasks: caller 10115 does not hold REAL_GET_TASKS; limiting output
01-06 03:28:28.191  2149  4763 W ActivityManager: getTasks: caller 10115 does not hold REAL_GET_TASKS; limiting output
01-06 03:28:29.193  2149  9351 W ActivityManager: getTasks: caller 10115 does not hold REAL_GET_TASKS; limiting output
01-06 03:28:30.196  2149  3044 W ActivityManager: getTasks: caller 10115 does not hold REAL_GET_TASKS; limiting output
01-06 03:28:30.436  2149  2209 W AudioTrack: AUDIO_OUTPUT_FLAG_FAST denied by client
01-06 03:28:30.447 10366 10366 I Process : Sending signal. PID: 10366 SIG: 9
01-06 03:28:30.449  1876  2146 D audio_hw_primary: found out /dev/snd/pcmC0D0p
01-06 03:28:30.457  2149  2204 D WifiService: Client connection lost with reason: 4
01-06 03:28:30.457  2149  3128 I ActivityManager: Process com.halfbrick.fruitninja (pid 10366) has died
01-06 03:28:30.464  2149  3972 D OpenGLRenderer: endAllStagingAnimators on 0x7f3138adf800 (RippleDrawable) with handle 0x7f313893d980
01-06 03:28:31.198  2149  3128 W ActivityManager: getTasks: caller 10115 does not hold REAL_GET_TASKS; limiting output
01-06 03:28:31.589  2149  2209 W AudioTrack: AUDIO_OUTPUT_FLAG_FAST denied by client
01-06 03:28:31.599  2149  2377 I ActivityManager: START u0 {act=com.android.systemui.recents.SHOW_RECENTS flg=0x10804000 cmp=com.android.systemui/.recents.RecentsActivity} from uid 10000 on display 0
01-06 03:28:32.000 10465 10465 W linker  : [vdso]: unused DT entry: type 0x6ffffef5 arg 0x160
01-06 03:28:32.201  2149  2170 W ActivityManager: getTasks: caller 10115 does not hold REAL_GET_TASKS; limiting output
01-06 03:28:32.356  2149  2209 W AudioTrack: AUDIO_OUTPUT_FLAG_FAST denied by client
01-06 03:28:32.387  2149  2190 I InputDispatcher: Dropping event because there is no touchable window at (973, 474).
01-06 03:28:32.400  9354  9354 I Term    : Bound to TermService
01-06 03:28:32.400  9354  9354 I TermService: Activity binding to service
01-06 03:28:33.204  2149  8057 W ActivityManager: getTasks: caller 10115 does not hold REAL_GET_TASKS; limiting output
01-06 03:28:33.367  2267  2267 W ResourceType: No package identifier when getting value for resource number 0x00000000
01-06 03:28:33.367  2267  2267 W PackageManager: Failure retrieving resources for com.cyanogenmod.filemanager: Resource ID #0x0
01-06 03:28:34.206  2149  2295 W ActivityManager: getTasks: caller 10115 does not hold REAL_GET_TASKS; limiting output
01-06 03:28:35.208  2149  2377 W ActivityManager: getTasks: caller 10115 does not hold REAL_GET_TASKS; limiting output
01-06 03:28:36.211  2149  4763 W ActivityManager: getTasks: caller 10115 does not hold REAL_GET_TASKS; limiting output
01-06 03:28:37.012 10472 10472 W linker  : [vdso]: unused DT entry: type 0x6ffffef5 arg 0x160
01-06 03:28:37.213  2149  2394 W ActivityManager: getTasks: caller 10115 does not hold REAL_GET_TASKS; limiting output
01-06 03:28:38.216  2149  3042 W ActivityManager: getTasks: caller 10115 does not hold REAL_GET_TASKS; limiting output
01-06 03:28:39.219  2149  3044 W ActivityManager: getTasks: caller 10115 does not hold REAL_GET_TASKS; limiting output
01-06 03:28:40.222  2149  2169 W ActivityManager: getTasks: caller 10115 does not hold REAL_GET_TASKS; limiting output
01-06 03:28:41.225  2149  2394 W ActivityManager: getTasks: caller 10115 does not hold REAL_GET_TASKS; limiting output
01-06 03:28:42.020 10473 10473 W linker  : [vdso]: unused DT entry: type 0x6ffffef5 arg 0x160
01-06 03:28:42.227  2149  3044 W ActivityManager: getTasks: caller 10115 does not hold REAL_GET_TASKS; limiting output
01-06 03:28:43.230  2149  2394 W ActivityManager: getTasks: caller 10115 does not hold REAL_GET_TASKS; limiting output
01-06 03:28:44.233  2149  3044 W ActivityManager: getTasks: caller 10115 does not hold REAL_GET_TASKS; limiting output
01-06 03:28:45.235  2149  3044 W ActivityManager: getTasks: caller 10115 does not hold REAL_GET_TASKS; limiting output
01-06 03:28:46.237  2149  4763 W ActivityManager: getTasks: caller 10115 does not hold REAL_GET_TASKS; limiting output
01-06 03:28:47.031 10474 10474 W linker  : [vdso]: unused DT entry: type 0x6ffffef5 arg 0x160
01-06 03:28:47.239  2149  2170 W ActivityManager: getTasks: caller 10115 does not hold REAL_GET_TASKS; limiting output
01-06 03:28:48.241  2149  9351 W ActivityManager: getTasks: caller 10115 does not hold REAL_GET_TASKS; limiting output
01-06 03:28:49.244  2149  3042 W ActivityManager: getTasks: caller 10115 does not hold REAL_GET_TASKS; limiting output
01-06 03:28:50.246  2149  8057 W ActivityManager: getTasks: caller 10115 does not hold REAL_GET_TASKS; limiting output
01-06 03:28:51.063 10475 10475 W linker  : [vdso]: unused DT entry: type 0x6ffffef5 arg 0x160
