--------- beginning of main
12-14 03:14:21.932  1688  1688 I lowmemorykiller: Using in-kernel low memory killer interface
12-14 03:14:21.936  1696  1696 E ProbeModule: insmod_by_dep: cannot load module: [net-pf-16-proto-9]
--------- beginning of system
12-14 03:14:22.069  1690  1690 I Vold    : Vold 2.1 (the revenge) firing up
12-14 03:14:22.069  1690  1690 E DirectVolume: Vold managed volumes must have auto mount point; ignoring /storage/usb0
12-14 03:14:22.069  1690  1690 D Vold    : Volume usb0 state changing -1 (Initializing) -> 0 (No-Media)
12-14 03:14:22.069  1690  1690 E DirectVolume: Vold managed volumes must have auto mount point; ignoring /storage/usb1
12-14 03:14:22.069  1690  1690 D Vold    : Volume usb1 state changing -1 (Initializing) -> 0 (No-Media)
12-14 03:14:22.069  1690  1690 E DirectVolume: Vold managed volumes must have auto mount point; ignoring /storage/usb2
12-14 03:14:22.069  1690  1690 D Vold    : Volume usb2 state changing -1 (Initializing) -> 0 (No-Media)
12-14 03:14:22.069  1690  1690 E DirectVolume: Vold managed volumes must have auto mount point; ignoring /storage/usb3
12-14 03:14:22.069  1690  1690 D Vold    : Volume usb3 state changing -1 (Initializing) -> 0 (No-Media)
12-14 03:14:22.107  1691  1691 I SurfaceFlinger: SurfaceFlinger is starting
12-14 03:14:22.107  1691  1691 I SurfaceFlinger: SurfaceFlinger's main thread ready to run. Initializing graphics H/W...
12-14 03:14:22.137  1691  1691 D libEGL  : loaded /system/lib64/egl/libGLES_mesa.so
12-14 03:14:22.168  1691  1691 I GRALLOC-DRM: create intel for driver i915
12-14 03:14:22.342  1691  1691 I EGL-DRI2: DRI2: found extension DRI_Core version 1
12-14 03:14:22.342  1691  1691 I EGL-DRI2: DRI2: found extension DRI_DRI2 version 4
12-14 03:14:22.415  1691  1691 I EGL-DRI2: DRI2: found extension DRI_TexBuffer version 3
12-14 03:14:22.415  1691  1691 I EGL-DRI2: DRI2: found extension DRI2_Flush version 4
12-14 03:14:22.415  1691  1691 I EGL-DRI2: DRI2: found extension DRI_IMAGE version 11
12-14 03:14:22.415  1691  1691 D GRALLOC-KMS: supported drm planes and formats
12-14 03:14:22.415  1691  1691 D GRALLOC-KMS: plane id 21
12-14 03:14:22.415  1691  1691 D GRALLOC-KMS:     format XB24
12-14 03:14:22.415  1691  1691 D GRALLOC-KMS:     format XR24
12-14 03:14:22.415  1691  1691 D GRALLOC-KMS:     format YUYV
12-14 03:14:22.415  1691  1691 D GRALLOC-KMS:     format YVYU
12-14 03:14:22.415  1691  1691 D GRALLOC-KMS:     format UYVY
12-14 03:14:22.415  1691  1691 D GRALLOC-KMS:     format VYUY
12-14 03:14:22.415  1691  1691 D GRALLOC-KMS: plane id 25
12-14 03:14:22.415  1691  1691 D GRALLOC-KMS:     format XB24
12-14 03:14:22.415  1691  1691 D GRALLOC-KMS:     format XR24
12-14 03:14:22.415  1691  1691 D GRALLOC-KMS:     format YUYV
12-14 03:14:22.415  1691  1691 D GRALLOC-KMS:     format YVYU
12-14 03:14:22.415  1691  1691 D GRALLOC-KMS:     format UYVY
12-14 03:14:22.415  1691  1691 D GRALLOC-KMS:     format VYUY
12-14 03:14:22.415  1691  1691 D GRALLOC-KMS: plane id 29
12-14 03:14:22.415  1691  1691 D GRALLOC-KMS:     format XB24
12-14 03:14:22.415  1691  1691 D GRALLOC-KMS:     format XR24
12-14 03:14:22.415  1691  1691 D GRALLOC-KMS:     format YUYV
12-14 03:14:22.415  1691  1691 D GRALLOC-KMS:     format YVYU
12-14 03:14:22.415  1691  1691 D GRALLOC-KMS:     format UYVY
12-14 03:14:22.415  1691  1691 D GRALLOC-KMS:     format VYUY
12-14 03:14:22.418  1691  1691 I GRALLOC-KMS: there are 2 modes on connector 0x21, type 14
12-14 03:14:22.418  1691  1691 I GRALLOC-KMS:   1920x1080
12-14 03:14:22.418  1691  1691 I GRALLOC-KMS:   1920x1080
12-14 03:14:22.418  1691  1691 I GRALLOC-KMS: Established mode:
12-14 03:14:22.418  1691  1691 I GRALLOC-KMS: clock: 140490, hdisplay: 1920, hsync_start: 1972, hsync_end: 2007, htotal: 2094, hskew: 0
12-14 03:14:22.418  1691  1691 I GRALLOC-KMS: vdisplay: 1080, vsync_start: 1083, vsync_end: 1089, vtotal: 1118, vscan: 0, vrefresh: 60
12-14 03:14:22.418  1691  1691 I GRALLOC-KMS: flags: 9, type: 72, name 1920x1080
12-14 03:14:22.418  1691  1691 I GRALLOC-KMS: the best mode is 1920x1080
12-14 03:14:22.419  1691  1691 D GRALLOC-KMS: will use flip for fb posting
12-14 03:14:22.419  1691  1691 I GRALLOC-MOD: mode.hdisplay 1920
12-14 03:14:22.419  1691  1691 I GRALLOC-MOD: mode.vdisplay 1080
12-14 03:14:22.419  1691  1691 I GRALLOC-MOD: mode.vrefresh 60.000000
12-14 03:14:22.419  1691  1691 I GRALLOC-MOD: format 0x5
12-14 03:14:22.419  1691  1691 I GRALLOC-MOD: xdpi 128.000000
12-14 03:14:22.419  1691  1691 I GRALLOC-MOD: ydpi 130.000000
12-14 03:14:22.420  1691  1691 I GRALLOC-MOD: mode.hdisplay 1920
12-14 03:14:22.420  1691  1691 I GRALLOC-MOD: mode.vdisplay 1080
12-14 03:14:22.420  1691  1691 I GRALLOC-MOD: mode.vrefresh 60.000000
12-14 03:14:22.420  1691  1691 I GRALLOC-MOD: format 0x5
12-14 03:14:22.420  1691  1691 I GRALLOC-MOD: xdpi 128.000000
12-14 03:14:22.420  1691  1691 I GRALLOC-MOD: ydpi 130.000000
12-14 03:14:22.420  1691  1691 W hwcomposer: getting VSYNC period from fb HAL: 16666667
12-14 03:14:22.420  1691  1691 D hwcomposer: Intel hwcomposer module
12-14 03:14:22.420  1691  1691 I SurfaceFlinger: Using composer version 1.0
12-14 03:14:22.420  1691  1691 W SurfaceFlinger: no suitable EGLConfig found, trying a simpler query
12-14 03:14:22.420  1691  1691 I SurfaceFlinger: EGL information:
12-14 03:14:22.420  1691  1691 I SurfaceFlinger: vendor    : Android
12-14 03:14:22.420  1691  1691 I SurfaceFlinger: version   : 1.4 Android META-EGL
12-14 03:14:22.420  1691  1691 I SurfaceFlinger: extensions: EGL_KHR_get_all_proc_addresses EGL_ANDROID_presentation_time EGL_KHR_image_base EGL_KHR_gl_texture_2D_image EGL_KHR_gl_texture_cubemap_image EGL_KHR_gl_renderbuffer_image EGL_KHR_fence_sync EGL_KHR_create_context EGL_EXT_create_context_robustness EGL_ANDROID_image_native_buffer EGL_KHR_wait_sync 
12-14 03:14:22.420  1691  1691 I SurfaceFlinger: Client API: OpenGL_ES
12-14 03:14:22.420  1691  1691 I SurfaceFlinger: EGLSurface: 8-8-8-8, config=0x7fd93597a040
12-14 03:14:22.544  1707  1707 I Netd    : Netd 1.0 starting
12-14 03:14:22.686  1719  1719 I powerbtn: open event3(Power Button) ok
12-14 03:14:22.702  1707  1707 E Netd    : Failed to open /proc/sys/net/ipv6/conf/default/accept_ra_rt_table: No such file or directory
12-14 03:14:22.702  1707  1707 E Netd    : Failed to open /proc/sys/net/ipv6/conf/eth0/accept_ra_rt_table: No such file or directory
12-14 03:14:22.702  1707  1707 E Netd    : Failed to open /proc/sys/net/ipv6/conf/ip6tnl0/accept_ra_rt_table: No such file or directory
12-14 03:14:22.702  1707  1707 E Netd    : Failed to open /proc/sys/net/ipv6/conf/lo/accept_ra_rt_table: No such file or directory
12-14 03:14:22.702  1707  1707 E Netd    : Failed to open /proc/sys/net/ipv6/conf/sit0/accept_ra_rt_table: No such file or directory
12-14 03:14:22.702  1707  1707 E Netd    : Failed to open /proc/sys/net/ipv6/conf/wlan0/accept_ra_rt_table: No such file or directory
12-14 03:14:22.712  1719  1719 I powerbtn: open event0(Power Button) ok
12-14 03:14:22.717  1711  1711 I         : debuggerd: Oct  6 2015 23:16:39
12-14 03:14:22.883  1716  1716 I keystore: SELinux: Keystore SELinux is disabled.
12-14 03:14:23.121  1715  1715 I installd: installd firing up
12-14 03:14:23.299  1691  1691 I SurfaceFlinger: OpenGL ES informations:
12-14 03:14:23.299  1691  1691 I SurfaceFlinger: vendor    : Intel Open Source Technology Center
12-14 03:14:23.299  1691  1691 I SurfaceFlinger: renderer  : Mesa DRI Intel(R) Haswell Mobile 
12-14 03:14:23.299  1691  1691 I SurfaceFlinger: version   : OpenGL ES 3.0 Mesa 11.0.2 (git-68868dc)
12-14 03:14:23.299  1691  1691 I SurfaceFlinger: extensions: GL_EXT_blend_minmax GL_EXT_multi_draw_arrays GL_EXT_texture_filter_anisotropic GL_EXT_texture_compression_dxt1 GL_EXT_texture_format_BGRA8888 GL_OES_compressed_ETC1_RGB8_texture GL_OES_depth24 GL_OES_element_index_uint GL_OES_fbo_render_mipmap GL_OES_mapbuffer GL_OES_rgb8_rgba8 GL_OES_standard_derivatives GL_OES_stencil8 GL_OES_texture_3D GL_OES_texture_float GL_OES_texture_float_linear GL_OES_texture_half_float GL_OES_texture_half_float_linear GL_OES_texture_npot GL_OES_EGL_image GL_OES_depth_texture GL_OES_packed_depth_stencil GL_EXT_texture_type_2_10_10_10_REV GL_OES_get_program_binary GL_APPLE_texture_max_level GL_EXT_discard_framebuffer GL_EXT_read_format_bgra GL_NV_fbo_color_attachments GL_OES_EGL_image_external GL_OES_EGL_sync GL_OES_vertex_array_object GL_ANGLE_texture_compression_dxt3 GL_ANGLE_texture_compression_dxt5 GL_EXT_texture_rg GL_EXT_unpack_subimage GL_NV_draw_buffers GL_NV_read_buffer GL_NV_read_depth GL_NV_read_depth_stencil GL_NV_read_stencil GL_EXT_draw_buffers GL_EXT_map_bu
12-14 03:14:23.299  1691  1691 I SurfaceFlinger: GL_MAX_TEXTURE_SIZE = 8192
12-14 03:14:23.299  1691  1691 I SurfaceFlinger: GL_MAX_VIEWPORT_DIMS = 16384
12-14 03:14:23.299  1691  1691 D SurfaceFlinger: Open /dev/tty0 OK
12-14 03:14:23.304  1691  1691 D SurfaceFlinger: Set power mode=2, type=0 flinger=0x7fd935862000
12-14 03:14:23.366  1707  1707 V NatController: runCmd(/system/bin/iptables -F natctrl_FORWARD) res=0
12-14 03:14:23.367  1707  1707 V NatController: runCmd(/system/bin/iptables -A natctrl_FORWARD -j DROP) res=0
12-14 03:14:23.368  1707  1707 V NatController: runCmd(/system/bin/iptables -t nat -F natctrl_nat_POSTROUTING) res=0
12-14 03:14:23.368  1707  1707 V NatController: runCmd(/system/bin/iptables -F natctrl_tether_counters) res=1
12-14 03:14:23.369  1707  1707 V NatController: runCmd(/system/bin/iptables -X natctrl_tether_counters) res=1
12-14 03:14:23.370  1707  1707 V NatController: runCmd(/system/bin/iptables -N natctrl_tether_counters) res=0
12-14 03:14:23.371  1707  1707 V NatController: runCmd(/system/bin/iptables -t mangle -A natctrl_mangle_FORWARD -p tcp --tcp-flags SYN SYN -j TCPMSS --clamp-mss-to-pmtu) res=0
12-14 03:14:23.409  1707  1707 I iptables: iptables: Invalid argument. Run `dmesg' for more information.
12-14 03:14:23.409  1707  1707 I iptables: iptables terminated by exit(1)
12-14 03:14:23.409  1707  1707 E BandwidthController: runIptablesCmd(): res=1 status=256 failed /system/bin/iptables -A bw_INPUT -m owner --socket-exists
12-14 03:14:23.410  1707  1707 I ip6tables: ip6tables: Invalid argument. Run `dmesg' for more information.
12-14 03:14:23.410  1707  1707 I ip6tables: ip6tables terminated by exit(1)
12-14 03:14:23.410  1707  1707 E BandwidthController: runIptablesCmd(): res=1 status=256 failed /system/bin/ip6tables -A bw_INPUT -m owner --socket-exists
12-14 03:14:23.449  1691  1691 D SurfaceFlinger: shader cache generated - 24 shaders in 102.055695 ms
12-14 03:14:24.191  1944  1944 E ProbeModule: insmod_by_dep: cannot load module: [net-pf-16-proto-5]
12-14 03:14:24.192  1707  1707 E Netd    : Unable to create netlink socket: Protocol not supported
12-14 03:14:24.192  1707  1707 E Netd    : Unable to open quota2 logging socket
12-14 03:14:24.192  1707  1707 D MDnsDS  : MDnsSdListener::Hander starting up
12-14 03:14:24.192  1707  1948 D MDnsDS  : MDnsSdListener starting to monitor
12-14 03:14:24.192  1707  1948 D MDnsDS  : Going to poll with pollCount 1
12-14 03:14:24.290  1691  1699 I SurfaceFlinger: auto set density to 240
12-14 03:14:24.291  1796  1938 D libEGL  : loaded /system/lib64/egl/libGLES_mesa.so
12-14 03:14:24.303  1796  1938 I GRALLOC-DRM: create intel for driver i915
12-14 03:14:24.303  1796  1938 I EGL-DRI2: DRI2: found extension DRI_Core version 1
12-14 03:14:24.303  1796  1938 I EGL-DRI2: DRI2: found extension DRI_DRI2 version 4
12-14 03:14:24.306  1796  1938 I EGL-DRI2: DRI2: found extension DRI_TexBuffer version 3
12-14 03:14:24.306  1796  1938 I EGL-DRI2: DRI2: found extension DRI2_Flush version 4
12-14 03:14:24.306  1796  1938 I EGL-DRI2: DRI2: found extension DRI_IMAGE version 11
12-14 03:14:24.745  1710  1710 I         : debuggerd: Oct  6 2015 23:16:39
12-14 03:14:24.908  1953  1953 I houdini : houdini enabled 
12-14 03:14:25.128  1955  1955 I houdini : houdini64 enabled 
12-14 03:14:25.614  1717  1717 D AndroidRuntime: >>>>>> START com.android.internal.os.ZygoteInit uid 0 <<<<<<
12-14 03:14:25.803  1717  1717 D AndroidRuntime: CheckJNI is OFF
12-14 03:14:25.901  1717  1717 I art     : option[0]=-Xzygote
12-14 03:14:25.901  1717  1717 I art     : option[1]=-Xstacktracefile:/data/anr/traces.txt
12-14 03:14:25.901  1717  1717 I art     : option[2]=exit
12-14 03:14:25.901  1717  1717 I art     : option[3]=vfprintf
12-14 03:14:25.901  1717  1717 I art     : option[4]=sensitiveThread
12-14 03:14:25.901  1717  1717 I art     : option[5]=-verbose:gc
12-14 03:14:25.901  1717  1717 I art     : option[6]=-Xms16m
12-14 03:14:25.901  1717  1717 I art     : option[7]=-Xmx512m
12-14 03:14:25.901  1717  1717 I art     : option[8]=-XX:mainThreadStackSize=24K
12-14 03:14:25.901  1717  1717 I art     : option[9]=-XX:HeapGrowthLimit=192m
12-14 03:14:25.901  1717  1717 I art     : option[10]=-XX:HeapMinFree=512k
12-14 03:14:25.901  1717  1717 I art     : option[11]=-XX:HeapMaxFree=8m
12-14 03:14:25.901  1717  1717 I art     : option[12]=-XX:HeapTargetUtilization=0.75
12-14 03:14:25.901  1717  1717 I art     : option[13]=-Xgenregmap
12-14 03:14:25.901  1717  1717 I art     : option[14]=-Xgc:precise
12-14 03:14:25.901  1717  1717 I art     : option[15]=-agentlib:jdwp=transport=dt_android_adb,suspend=n,server=y
12-14 03:14:25.901  1717  1717 I art     : option[16]=-Xlockprofthreshold:500
12-14 03:14:25.901  1717  1717 I art     : option[17]=-Ximage-compiler-option
12-14 03:14:25.901  1717  1717 I art     : option[18]=--runtime-arg
12-14 03:14:25.901  1717  1717 I art     : option[19]=-Ximage-compiler-option
12-14 03:14:25.901  1717  1717 I art     : option[20]=-Xms64m
12-14 03:14:25.901  1717  1717 I art     : option[21]=-Ximage-compiler-option
12-14 03:14:25.901  1717  1717 I art     : option[22]=--runtime-arg
12-14 03:14:25.901  1717  1717 I art     : option[23]=-Ximage-compiler-option
12-14 03:14:25.901  1717  1717 I art     : option[24]=-Xmx64m
12-14 03:14:25.901  1717  1717 I art     : option[25]=-Ximage-compiler-option
12-14 03:14:25.901  1717  1717 I art     : option[26]=--image-classes=/system/etc/preloaded-classes
12-14 03:14:25.901  1717  1717 I art     : option[27]=-Xcompiler-option
12-14 03:14:25.901  1717  1717 I art     : option[28]=--runtime-arg
12-14 03:14:25.901  1717  1717 I art     : option[29]=-Xcompiler-option
12-14 03:14:25.901  1717  1717 I art     : option[30]=-Xms64m
12-14 03:14:25.901  1717  1717 I art     : option[31]=-Xcompiler-option
12-14 03:14:25.901  1717  1717 I art     : option[32]=--runtime-arg
12-14 03:14:25.901  1717  1717 I art     : option[33]=-Xcompiler-option
12-14 03:14:25.901  1717  1717 I art     : option[34]=-Xmx512m
12-14 03:14:25.901  1717  1717 I art     : option[35]=-Duser.language=en
12-14 03:14:25.901  1717  1717 I art     : option[36]=-Duser.region=US
12-14 03:14:25.901  1717  1717 I art     : option[37]=-XX:NativeBridge=libnb.so
12-14 03:14:27.499  1714  1714 I mediaserver: ServiceManager: 0xf58356a0
12-14 03:14:27.499  1714  1714 I AudioFlinger: Using default 3000 mSec as standby time.
12-14 03:14:27.499  1714  1714 I ServiceManager: Waiting for service batterystats...
12-14 03:14:28.302  1690  1697 D Vold    : Volume usb0 state changing 0 (No-Media) -> 2 (Pending)
12-14 03:14:28.302  1690  1697 D Vold    : Volume usb0 state changing 2 (Pending) -> 1 (Idle-Unmounted)
12-14 03:14:28.500  1714  1714 I ServiceManager: Waiting for service batterystats...
12-14 03:14:29.144  1718  1718 D AndroidRuntime: >>>>>> START com.android.internal.os.ZygoteInit uid 0 <<<<<<
12-14 03:14:29.445  1718  1718 D AndroidRuntime: CheckJNI is OFF
12-14 03:14:29.500  1714  1714 I ServiceManager: Waiting for service batterystats...
12-14 03:14:29.566  1718  1718 I art     : option[0]=-Xzygote
12-14 03:14:29.566  1718  1718 I art     : option[1]=-Xstacktracefile:/data/anr/traces.txt
12-14 03:14:29.566  1718  1718 I art     : option[2]=exit
12-14 03:14:29.566  1718  1718 I art     : option[3]=vfprintf
12-14 03:14:29.566  1718  1718 I art     : option[4]=sensitiveThread
12-14 03:14:29.566  1718  1718 I art     : option[5]=-verbose:gc
12-14 03:14:29.566  1718  1718 I art     : option[6]=-Xms16m
12-14 03:14:29.566  1718  1718 I art     : option[7]=-Xmx512m
12-14 03:14:29.566  1718  1718 I art     : option[8]=-XX:mainThreadStackSize=24K
12-14 03:14:29.566  1718  1718 I art     : option[9]=-XX:HeapGrowthLimit=192m
12-14 03:14:29.566  1718  1718 I art     : option[10]=-XX:HeapMinFree=512k
12-14 03:14:29.566  1718  1718 I art     : option[11]=-XX:HeapMaxFree=8m
12-14 03:14:29.566  1718  1718 I art     : option[12]=-XX:HeapTargetUtilization=0.75
12-14 03:14:29.566  1718  1718 I art     : option[13]=-Xgenregmap
12-14 03:14:29.566  1718  1718 I art     : option[14]=-Xgc:precise
12-14 03:14:29.566  1718  1718 I art     : option[15]=-agentlib:jdwp=transport=dt_android_adb,suspend=n,server=y
12-14 03:14:29.566  1718  1718 I art     : option[16]=-Xlockprofthreshold:500
12-14 03:14:29.566  1718  1718 I art     : option[17]=-Ximage-compiler-option
12-14 03:14:29.566  1718  1718 I art     : option[18]=--runtime-arg
12-14 03:14:29.566  1718  1718 I art     : option[19]=-Ximage-compiler-option
12-14 03:14:29.566  1718  1718 I art     : option[20]=-Xms64m
12-14 03:14:29.566  1718  1718 I art     : option[21]=-Ximage-compiler-option
12-14 03:14:29.566  1718  1718 I art     : option[22]=--runtime-arg
12-14 03:14:29.566  1718  1718 I art     : option[23]=-Ximage-compiler-option
12-14 03:14:29.566  1718  1718 I art     : option[24]=-Xmx64m
12-14 03:14:29.566  1718  1718 I art     : option[25]=-Ximage-compiler-option
12-14 03:14:29.566  1718  1718 I art     : option[26]=--image-classes=/system/etc/preloaded-classes
12-14 03:14:29.566  1718  1718 I art     : option[27]=-Xcompiler-option
12-14 03:14:29.566  1718  1718 I art     : option[28]=--runtime-arg
12-14 03:14:29.566  1718  1718 I art     : option[29]=-Xcompiler-option
12-14 03:14:29.566  1718  1718 I art     : option[30]=-Xms64m
12-14 03:14:29.566  1718  1718 I art     : option[31]=-Xcompiler-option
12-14 03:14:29.566  1718  1718 I art     : option[32]=--runtime-arg
12-14 03:14:29.566  1718  1718 I art     : option[33]=-Xcompiler-option
12-14 03:14:29.566  1718  1718 I art     : option[34]=-Xmx512m
12-14 03:14:29.566  1718  1718 I art     : option[35]=-Duser.language=en
12-14 03:14:29.566  1718  1718 I art     : option[36]=-Duser.region=US
12-14 03:14:29.566  1718  1718 I art     : option[37]=-XX:NativeBridge=libnb.so
12-14 03:14:30.500  1714  1714 I ServiceManager: Waiting for service batterystats...
12-14 03:14:31.500  1714  1714 I ServiceManager: Waiting for service batterystats...
12-14 03:14:32.182  1717  1717 E memtrack: Couldn't load memtrack module (No such file or directory)
12-14 03:14:32.182  1717  1717 E android.os.Debug: failed to load memtrack module: -2
12-14 03:14:32.384  1717  1717 I SamplingProfilerIntegration: Profiling disabled.
12-14 03:14:32.401  1717  1717 D Zygote  : begin preload
12-14 03:14:32.434  1717  1717 I Zygote  : Preloading classes...
12-14 03:14:32.515  1714  1714 I CameraService: CameraService started (pid=1714)
12-14 03:14:32.535  1714  1714 D Camera_Factory: CameraFactory::CameraFactory
12-14 03:14:32.535  1714  1714 D Camera_Factory: CameraFactory::parseConfig: configFile = /etc/camera.cfg
12-14 03:14:32.535  1714  1714 D Camera_Factory: /etc/camera.cfg not found, using camera configuration defaults
12-14 03:14:32.535  1714  1714 I CameraService: Loaded "Camera Module" camera module
12-14 03:14:32.535  1714  1714 D Camera_Factory: CameraFactory::get_number_of_cameras
12-14 03:14:32.535  1714  1714 D Camera_Factory: CameraFactory::getCameraNum: 0
12-14 03:14:32.544  1714  1714 I AudioPolicyService: AudioPolicyService CSTOR in new mode
12-14 03:14:32.550  1714  1714 I AudioPolicyManager: loadAudioPolicyConfig() loaded /system/etc/audio_policy.conf
12-14 03:14:32.559  1714  1714 E audio_hw_primary: Failed to open /system/etc/mixer_paths.xml
12-14 03:14:32.559  1714  1714 I AudioFlinger: loadHwModule() Loaded primary audio interface from Grouper audio HW HAL (audio) handle 1
12-14 03:14:32.559  1714  1714 I AudioFlinger: HAL output buffer size 512 frames, normal sink buffer size 1024 frames
12-14 03:14:32.594  1714  1714 I AudioMixer: found effect "Multichannel Downmix To Stereo" from The Android Open Source Project
12-14 03:14:32.594  1714  1714 E MonoPipe: Failed to fetch local time frequency when constructing a MonoPipe (res = -32).  getNextWriteTimestamp calls will be non-functional
12-14 03:14:32.695  1717  1717 I art     : Explicit concurrent mark sweep GC freed 797(36KB) AllocSpace objects, 0(0B) LOS objects, 95% free, 47KB/1071KB, paused 48us total 260.803ms
12-14 03:14:32.894  1717  1717 I art     : Counter: 1
12-14 03:14:33.028  1717  1717 I art     : Explicit concurrent mark sweep GC freed 553(33KB) AllocSpace objects, 0(0B) LOS objects, 93% free, 67KB/1091KB, paused 28us total 1.785ms
12-14 03:14:33.236  1717  1717 I art     : Explicit concurrent mark sweep GC freed 645(41KB) AllocSpace objects, 0(0B) LOS objects, 93% free, 75KB/1099KB, paused 28us total 2.058ms
12-14 03:14:34.306  1717  1717 I art     : Explicit concurrent mark sweep GC freed 392(23KB) AllocSpace objects, 0(0B) LOS objects, 90% free, 106KB/1130KB, paused 30us total 1.789ms
12-14 03:14:34.730  1718  1718 E memtrack: Couldn't load memtrack module (No such file or directory)
12-14 03:14:34.730  1718  1718 E android.os.Debug: failed to load memtrack module: -2
12-14 03:14:34.944  1718  1718 I SamplingProfilerIntegration: Profiling disabled.
12-14 03:14:34.965  1718  1718 D Zygote  : begin preload
12-14 03:14:35.014  1718  1718 I Zygote  : Preloading classes...
12-14 03:14:35.101  1718  1718 I art     : Explicit concurrent mark sweep GC freed 797(36KB) AllocSpace objects, 0(0B) LOS objects, 95% free, 44KB/1068KB, paused 118us total 86.338ms
12-14 03:14:35.198  1717  1717 E Minikin : addFont failed to create font /system/fonts/NotoSansGujarati-Regular.ttf
12-14 03:14:35.198  1717  1717 E Minikin : addFont failed to create font /system/fonts/NotoSansGujarati-Bold.ttf
12-14 03:14:35.198  1717  1717 E Minikin : addFont failed to create font /system/fonts/NotoSansGujaratiUI-Regular.ttf
12-14 03:14:35.198  1717  1717 E Minikin : addFont failed to create font /system/fonts/NotoSansGujaratiUI-Bold.ttf
12-14 03:14:35.198  1717  1717 E Minikin : addFont failed to create font /system/fonts/NotoSansGurmukhi-Regular.ttf
12-14 03:14:35.198  1717  1717 E Minikin : addFont failed to create font /system/fonts/NotoSansGurmukhi-Bold.ttf
12-14 03:14:35.198  1717  1717 E Minikin : addFont failed to create font /system/fonts/NotoSansGurmukhiUI-Regular.ttf
12-14 03:14:35.198  1717  1717 E Minikin : addFont failed to create font /system/fonts/NotoSansGurmukhiUI-Bold.ttf
12-14 03:14:35.264  1718  1718 I art     : Counter: 1
12-14 03:14:35.308  1718  1718 I art     : Explicit concurrent mark sweep GC freed 559(34KB) AllocSpace objects, 0(0B) LOS objects, 94% free, 65KB/1089KB, paused 44us total 1.902ms
12-14 03:14:35.371  1717  1717 E Minikin : addFont failed to create font /system/fonts/NotoSansSinhala-Regular.ttf
12-14 03:14:35.371  1717  1717 E Minikin : addFont failed to create font /system/fonts/NotoSansSinhala-Bold.ttf
12-14 03:14:35.377  1717  1717 E Minikin : addFont failed to create font /system/fonts/NotoSansThaana-Regular.ttf
12-14 03:14:35.377  1717  1717 E Minikin : addFont failed to create font /system/fonts/NotoSansThaana-Bold.ttf
12-14 03:14:35.377  1717  1717 E Minikin : addFont failed to create font /system/fonts/NotoSansCham-Regular.ttf
12-14 03:14:35.377  1717  1717 E Minikin : addFont failed to create font /system/fonts/NotoSansCham-Bold.ttf
12-14 03:14:35.377  1717  1717 E Minikin : addFont failed to create font /system/fonts/NotoSansBalinese-Regular.ttf
12-14 03:14:35.377  1717  1717 E Minikin : addFont failed to create font /system/fonts/NotoSansBatak-Regular.ttf
12-14 03:14:35.377  1717  1717 E Minikin : addFont failed to create font /system/fonts/NotoSansBuginese-Regular.ttf
12-14 03:14:35.377  1717  1717 E Minikin : addFont failed to create font /system/fonts/NotoSansBuhid-Regular.ttf
12-14 03:14:35.377  1717  1717 E Minikin : addFont failed to create font /system/fonts/NotoSansCanadianAboriginal-Regular.ttf
12-14 03:14:35.377  1717  1717 E Minikin : addFont failed to create font /system/fonts/NotoSansCherokee-Regular.ttf
12-14 03:14:35.377  1717  1717 E Minikin : addFont failed to create font /system/fonts/NotoSansCoptic-Regular.ttf
12-14 03:14:35.377  1717  1717 E Minikin : addFont failed to create font /system/fonts/NotoSansGlagolitic-Regular.ttf
12-14 03:14:35.377  1717  1717 E Minikin : addFont failed to create font /system/fonts/NotoSansHanunoo-Regular.ttf
12-14 03:14:35.377  1717  1717 E Minikin : addFont failed to create font /system/fonts/NotoSansJavanese-Regular.ttf
12-14 03:14:35.377  1717  1717 E Minikin : addFont failed to create font /system/fonts/NotoSansKayahLi-Regular.ttf
12-14 03:14:35.377  1717  1717 E Minikin : addFont failed to create font /system/fonts/NotoSansLepcha-Regular.ttf
12-14 03:14:35.377  1717  1717 E Minikin : addFont failed to create font /system/fonts/NotoSansLimbu-Regular.ttf
12-14 03:14:35.377  1717  1717 E Minikin : addFont failed to create font /system/fonts/NotoSansMeeteiMayek-Regular.ttf
12-14 03:14:35.377  1717  1717 E Minikin : addFont failed to create font /system/fonts/NotoSansOlChiki-Regular.ttf
12-14 03:14:35.377  1717  1717 E Minikin : addFont failed to create font /system/fonts/NotoSansRejang-Regular.ttf
12-14 03:14:35.377  1717  1717 E Minikin : addFont failed to create font /system/fonts/NotoSansSaurashtra-Regular.ttf
12-14 03:14:35.377  1717  1717 E Minikin : addFont failed to create font /system/fonts/NotoSansSundanese-Regular.ttf
12-14 03:14:35.377  1717  1717 E Minikin : addFont failed to create font /system/fonts/NotoSansSylotiNagri-Regular.ttf
12-14 03:14:35.377  1717  1717 E Minikin : addFont failed to create font /system/fonts/NotoSansTagbanwa-Regular.ttf
12-14 03:14:35.377  1717  1717 E Minikin : addFont failed to create font /system/fonts/NotoSansTaiTham-Regular.ttf
12-14 03:14:35.377  1717  1717 E Minikin : addFont failed to create font /system/fonts/NotoSansTaiViet-Regular.ttf
12-14 03:14:35.377  1717  1717 E Minikin : addFont failed to create font /system/fonts/NotoSansTifinagh-Regular.ttf
12-14 03:14:35.377  1717  1717 E Minikin : addFont failed to create font /system/fonts/NotoSansYi-Regular.ttf
12-14 03:14:35.377  1717  1717 E Minikin : addFont failed to create font /system/fonts/Lohit-Odia.ttf
12-14 03:14:35.377  1717  1717 E Minikin : addFont failed to create font /system/fonts/NotoSansHans-Regular.otf
12-14 03:14:35.377  1717  1717 E Minikin : addFont failed to create font /system/fonts/NotoSansHant-Regular.otf
12-14 03:14:35.377  1717  1717 E Minikin : addFont failed to create font /system/fonts/NotoSansJP-Regular.otf
12-14 03:14:35.377  1717  1717 E Minikin : addFont failed to create font /system/fonts/NotoSansKR-Regular.otf
12-14 03:14:35.470  1717  1717 E Minikin : addFont failed to create font /system/fonts/NotoSansTaiLe-Regular.ttf
12-14 03:14:35.506  1718  1718 I art     : Explicit concurrent mark sweep GC freed 650(41KB) AllocSpace objects, 0(0B) LOS objects, 93% free, 72KB/1096KB, paused 25us total 1.591ms
12-14 03:14:35.919  1718  1718 I art     : Explicit concurrent mark sweep GC freed 381(22KB) AllocSpace objects, 0(0B) LOS objects, 90% free, 102KB/1126KB, paused 28us total 1.403ms
12-14 03:14:36.036  1717  1717 I art     : Explicit concurrent mark sweep GC freed 1798(129KB) AllocSpace objects, 0(0B) LOS objects, 89% free, 117KB/1141KB, paused 21us total 1.306ms
12-14 03:14:36.120  1718  1718 E Minikin : addFont failed to create font /system/fonts/NotoSansGujarati-Regular.ttf
12-14 03:14:36.120  1718  1718 E Minikin : addFont failed to create font /system/fonts/NotoSansGujarati-Bold.ttf
12-14 03:14:36.120  1718  1718 E Minikin : addFont failed to create font /system/fonts/NotoSansGujaratiUI-Regular.ttf
12-14 03:14:36.120  1718  1718 E Minikin : addFont failed to create font /system/fonts/NotoSansGujaratiUI-Bold.ttf
12-14 03:14:36.120  1718  1718 E Minikin : addFont failed to create font /system/fonts/NotoSansGurmukhi-Regular.ttf
12-14 03:14:36.120  1718  1718 E Minikin : addFont failed to create font /system/fonts/NotoSansGurmukhi-Bold.ttf
12-14 03:14:36.120  1718  1718 E Minikin : addFont failed to create font /system/fonts/NotoSansGurmukhiUI-Regular.ttf
12-14 03:14:36.121  1718  1718 E Minikin : addFont failed to create font /system/fonts/NotoSansGurmukhiUI-Bold.ttf
12-14 03:14:36.121  1718  1718 E Minikin : addFont failed to create font /system/fonts/NotoSansSinhala-Regular.ttf
12-14 03:14:36.121  1718  1718 E Minikin : addFont failed to create font /system/fonts/NotoSansSinhala-Bold.ttf
12-14 03:14:36.121  1718  1718 E Minikin : addFont failed to create font /system/fonts/NotoSansThaana-Regular.ttf
12-14 03:14:36.121  1718  1718 E Minikin : addFont failed to create font /system/fonts/NotoSansThaana-Bold.ttf
12-14 03:14:36.121  1718  1718 E Minikin : addFont failed to create font /system/fonts/NotoSansCham-Regular.ttf
12-14 03:14:36.121  1718  1718 E Minikin : addFont failed to create font /system/fonts/NotoSansCham-Bold.ttf
12-14 03:14:36.121  1718  1718 E Minikin : addFont failed to create font /system/fonts/NotoSansBalinese-Regular.ttf
12-14 03:14:36.121  1718  1718 E Minikin : addFont failed to create font /system/fonts/NotoSansBatak-Regular.ttf
12-14 03:14:36.121  1718  1718 E Minikin : addFont failed to create font /system/fonts/NotoSansBuginese-Regular.ttf
12-14 03:14:36.121  1718  1718 E Minikin : addFont failed to create font /system/fonts/NotoSansBuhid-Regular.ttf
12-14 03:14:36.121  1718  1718 E Minikin : addFont failed to create font /system/fonts/NotoSansCanadianAboriginal-Regular.ttf
12-14 03:14:36.121  1718  1718 E Minikin : addFont failed to create font /system/fonts/NotoSansCherokee-Regular.ttf
12-14 03:14:36.121  1718  1718 E Minikin : addFont failed to create font /system/fonts/NotoSansCoptic-Regular.ttf
12-14 03:14:36.121  1718  1718 E Minikin : addFont failed to create font /system/fonts/NotoSansGlagolitic-Regular.ttf
12-14 03:14:36.121  1718  1718 E Minikin : addFont failed to create font /system/fonts/NotoSansHanunoo-Regular.ttf
12-14 03:14:36.121  1718  1718 E Minikin : addFont failed to create font /system/fonts/NotoSansJavanese-Regular.ttf
12-14 03:14:36.121  1718  1718 E Minikin : addFont failed to create font /system/fonts/NotoSansKayahLi-Regular.ttf
12-14 03:14:36.121  1718  1718 E Minikin : addFont failed to create font /system/fonts/NotoSansLepcha-Regular.ttf
12-14 03:14:36.121  1718  1718 E Minikin : addFont failed to create font /system/fonts/NotoSansLimbu-Regular.ttf
12-14 03:14:36.121  1718  1718 E Minikin : addFont failed to create font /system/fonts/NotoSansMeeteiMayek-Regular.ttf
12-14 03:14:36.121  1718  1718 E Minikin : addFont failed to create font /system/fonts/NotoSansOlChiki-Regular.ttf
12-14 03:14:36.121  1718  1718 E Minikin : addFont failed to create font /system/fonts/NotoSansRejang-Regular.ttf
12-14 03:14:36.121  1718  1718 E Minikin : addFont failed to create font /system/fonts/NotoSansSaurashtra-Regular.ttf
12-14 03:14:36.122  1718  1718 E Minikin : addFont failed to create font /system/fonts/NotoSansSundanese-Regular.ttf
12-14 03:14:36.122  1718  1718 E Minikin : addFont failed to create font /system/fonts/NotoSansSylotiNagri-Regular.ttf
12-14 03:14:36.122  1718  1718 E Minikin : addFont failed to create font /system/fonts/NotoSansTagbanwa-Regular.ttf
12-14 03:14:36.122  1718  1718 E Minikin : addFont failed to create font /system/fonts/NotoSansTaiTham-Regular.ttf
12-14 03:14:36.122  1718  1718 E Minikin : addFont failed to create font /system/fonts/NotoSansTaiViet-Regular.ttf
12-14 03:14:36.122  1718  1718 E Minikin : addFont failed to create font /system/fonts/NotoSansTifinagh-Regular.ttf
12-14 03:14:36.122  1718  1718 E Minikin : addFont failed to create font /system/fonts/NotoSansYi-Regular.ttf
12-14 03:14:36.122  1718  1718 E Minikin : addFont failed to create font /system/fonts/Lohit-Odia.ttf
12-14 03:14:36.122  1718  1718 E Minikin : addFont failed to create font /system/fonts/NotoSansHans-Regular.otf
12-14 03:14:36.122  1718  1718 E Minikin : addFont failed to create font /system/fonts/NotoSansHant-Regular.otf
12-14 03:14:36.122  1718  1718 E Minikin : addFont failed to create font /system/fonts/NotoSansJP-Regular.otf
12-14 03:14:36.122  1718  1718 E Minikin : addFont failed to create font /system/fonts/NotoSansKR-Regular.otf
12-14 03:14:36.122  1718  1718 E Minikin : addFont failed to create font /system/fonts/NotoSansTaiLe-Regular.ttf
12-14 03:14:36.129  1718  1718 I art     : Explicit concurrent mark sweep GC freed 1798(129KB) AllocSpace objects, 0(0B) LOS objects, 89% free, 114KB/1138KB, paused 27us total 1.493ms
12-14 03:14:36.194  1717  1717 I art     : Explicit concurrent mark sweep GC freed 1933(92KB) AllocSpace objects, 0(0B) LOS objects, 86% free, 162KB/1186KB, paused 14us total 1.257ms
12-14 03:14:36.196  1717  1717 I art     : Explicit concurrent mark sweep GC freed 1977(87KB) AllocSpace objects, 0(0B) LOS objects, 83% free, 198KB/1222KB, paused 12us total 1.021ms
12-14 03:14:36.207  1717  1717 I art     : Explicit concurrent mark sweep GC freed 371(19KB) AllocSpace objects, 0(0B) LOS objects, 81% free, 234KB/1258KB, paused 20us total 1.612ms
12-14 03:14:36.303  1718  1718 I art     : Explicit concurrent mark sweep GC freed 1933(92KB) AllocSpace objects, 0(0B) LOS objects, 86% free, 154KB/1178KB, paused 27us total 1.696ms
12-14 03:14:36.305  1718  1718 I art     : Explicit concurrent mark sweep GC freed 1977(87KB) AllocSpace objects, 0(0B) LOS objects, 84% free, 189KB/1213KB, paused 26us total 1.416ms
12-14 03:14:36.334  1718  1718 I art     : Explicit concurrent mark sweep GC freed 371(19KB) AllocSpace objects, 0(0B) LOS objects, 82% free, 222KB/1246KB, paused 27us total 1.875ms
12-14 03:14:36.875  1718  1718 I art     : Thread[1,tid=1718,WaitingForJniOnLoad,Thread*=0xf3c25800,peer=0x12c31160,"main"] recursive attempt to load library "/system/lib/libmedia_jni.so"
12-14 03:14:36.882  1718  1718 D MtpDeviceJNI: register_android_mtp_MtpDevice
12-14 03:14:36.882  1718  1718 I art     : Thread[1,tid=1718,WaitingForJniOnLoad,Thread*=0xf3c25800,peer=0x12c31160,"main"] recursive attempt to load library "/system/lib/libmedia_jni.so"
12-14 03:14:36.882  1718  1718 I art     : Thread[1,tid=1718,WaitingForJniOnLoad,Thread*=0xf3c25800,peer=0x12c31160,"main"] recursive attempt to load library "/system/lib/libmedia_jni.so"
12-14 03:14:36.999  1718  1718 I art     : Explicit concurrent mark sweep GC freed 661(37KB) AllocSpace objects, 0(0B) LOS objects, 80% free, 244KB/1268KB, paused 33us total 2.139ms
12-14 03:14:37.213  1717  1717 I art     : Thread[1,tid=1717,WaitingForJniOnLoad,Thread*=0x7f36d0095000,peer=0x12c31100,"main"] recursive attempt to load library "/system/lib64/libmedia_jni.so"
12-14 03:14:37.214  1717  1717 D MtpDeviceJNI: register_android_mtp_MtpDevice
12-14 03:14:37.214  1717  1717 I art     : Thread[1,tid=1717,WaitingForJniOnLoad,Thread*=0x7f36d0095000,peer=0x12c31100,"main"] recursive attempt to load library "/system/lib64/libmedia_jni.so"
12-14 03:14:37.214  1717  1717 I art     : Thread[1,tid=1717,WaitingForJniOnLoad,Thread*=0x7f36d0095000,peer=0x12c31100,"main"] recursive attempt to load library "/system/lib64/libmedia_jni.so"
12-14 03:14:37.273  1718  1718 I art     : Explicit concurrent mark sweep GC freed 578(29KB) AllocSpace objects, 0(0B) LOS objects, 79% free, 264KB/1288KB, paused 36us total 2.096ms
12-14 03:14:37.313  1718  1718 I art     : Explicit concurrent mark sweep GC freed 454(27KB) AllocSpace objects, 0(0B) LOS objects, 77% free, 303KB/1327KB, paused 30us total 1.611ms
12-14 03:14:37.322  1717  1717 I art     : Explicit concurrent mark sweep GC freed 641(36KB) AllocSpace objects, 0(0B) LOS objects, 80% free, 247KB/1271KB, paused 16us total 1.625ms
12-14 03:14:37.413  1718  1718 I art     : Explicit concurrent mark sweep GC freed 1788(104KB) AllocSpace objects, 0(0B) LOS objects, 69% free, 453KB/1477KB, paused 25us total 1.503ms
12-14 03:14:37.486  1718  1718 E EmojiFactory_jni: Failed to load libemoji.so: dlopen failed: library "libemoji.so" not found
12-14 03:14:37.510  1717  1717 I art     : Explicit concurrent mark sweep GC freed 429(20KB) AllocSpace objects, 0(0B) LOS objects, 78% free, 275KB/1299KB, paused 19us total 1.625ms
12-14 03:14:37.570  1718  1718 I art     : Explicit concurrent mark sweep GC freed 350(45KB) AllocSpace objects, 0(0B) LOS objects, 57% free, 750KB/1774KB, paused 25us total 1.836ms
12-14 03:14:37.595  1718  1718 I art     : Explicit concurrent mark sweep GC freed 438(30KB) AllocSpace objects, 0(0B) LOS objects, 57% free, 768KB/1792KB, paused 25us total 1.652ms
12-14 03:14:37.613  1717  1717 I art     : Explicit concurrent mark sweep GC freed 543(30KB) AllocSpace objects, 0(0B) LOS objects, 77% free, 302KB/1326KB, paused 14us total 1.584ms
12-14 03:14:37.732  1717  1717 I art     : Explicit concurrent mark sweep GC freed 1868(110KB) AllocSpace objects, 0(0B) LOS objects, 68% free, 467KB/1491KB, paused 31us total 2.650ms
12-14 03:14:37.769  1718  1718 I art     : Explicit concurrent mark sweep GC freed 789(49KB) AllocSpace objects, 0(0B) LOS objects, 57% free, 770KB/1794KB, paused 34us total 1.978ms
12-14 03:14:37.813  1717  1717 E EmojiFactory_jni: Failed to load libemoji.so: dlopen failed: library "libemoji.so" not found
12-14 03:14:37.896  1717  1717 I art     : Explicit concurrent mark sweep GC freed 350(45KB) AllocSpace objects, 0(0B) LOS objects, 57% free, 766KB/1790KB, paused 19us total 2.047ms
12-14 03:14:37.938  1718  1718 I art     : Explicit concurrent mark sweep GC freed 956(105KB) AllocSpace objects, 0(0B) LOS objects, 55% free, 813KB/1837KB, paused 30us total 2.237ms
12-14 03:14:37.943  1717  1717 I art     : Explicit concurrent mark sweep GC freed 438(30KB) AllocSpace objects, 0(0B) LOS objects, 56% free, 784KB/1808KB, paused 17us total 1.626ms
12-14 03:14:38.074  1717  1717 I art     : Explicit concurrent mark sweep GC freed 789(49KB) AllocSpace objects, 0(0B) LOS objects, 56% free, 786KB/1810KB, paused 25us total 2.302ms
12-14 03:14:38.098  1718  1718 I art     : Explicit concurrent mark sweep GC freed 597(42KB) AllocSpace objects, 0(0B) LOS objects, 55% free, 819KB/1843KB, paused 41us total 2.531ms
12-14 03:14:38.178  1717  1717 I art     : Explicit concurrent mark sweep GC freed 956(105KB) AllocSpace objects, 0(0B) LOS objects, 55% free, 830KB/1854KB, paused 14us total 1.527ms
12-14 03:14:38.353  1718  1718 I art     : Explicit concurrent mark sweep GC freed 265(20KB) AllocSpace objects, 0(0B) LOS objects, 54% free, 848KB/1872KB, paused 30us total 1.886ms
12-14 03:14:38.383  1717  1717 I art     : Explicit concurrent mark sweep GC freed 597(42KB) AllocSpace objects, 0(0B) LOS objects, 55% free, 837KB/1861KB, paused 14us total 1.637ms
12-14 03:14:38.569  1717  1717 I art     : Explicit concurrent mark sweep GC freed 265(20KB) AllocSpace objects, 0(0B) LOS objects, 54% free, 865KB/1889KB, paused 23us total 2.026ms
12-14 03:14:38.576  1718  1718 I art     : Explicit concurrent mark sweep GC freed 12(576B) AllocSpace objects, 0(0B) LOS objects, 45% free, 1227KB/2MB, paused 53us total 3.381ms
12-14 03:14:38.580  1718  1718 I art     : Explicit concurrent mark sweep GC freed 574(33KB) AllocSpace objects, 0(0B) LOS objects, 45% free, 1243KB/2MB, paused 38us total 2.408ms
12-14 03:14:38.584  1718  1718 I art     : Explicit concurrent mark sweep GC freed 741(45KB) AllocSpace objects, 0(0B) LOS objects, 45% free, 1246KB/2MB, paused 37us total 2.297ms
12-14 03:14:38.809  1718  1718 I System  : Loaded time zone names for "" in 198ms (197ms in ICU)
12-14 03:14:38.811  1717  1717 I art     : Explicit concurrent mark sweep GC freed 22(896B) AllocSpace objects, 0(0B) LOS objects, 45% free, 1244KB/2MB, paused 18us total 1.958ms
12-14 03:14:38.815  1717  1717 I art     : Explicit concurrent mark sweep GC freed 565(32KB) AllocSpace objects, 0(0B) LOS objects, 44% free, 1261KB/2MB, paused 20us total 2.088ms
12-14 03:14:38.818  1717  1717 I art     : Explicit concurrent mark sweep GC freed 734(45KB) AllocSpace objects, 0(0B) LOS objects, 44% free, 1265KB/2MB, paused 17us total 1.750ms
12-14 03:14:38.825  1717  1717 I System  : Loaded time zone names for "" in 7ms (6ms in ICU)
12-14 03:14:38.863  1717  1717 I System  : Loaded time zone names for "en_US" in 38ms (38ms in ICU)
12-14 03:14:38.864  1718  1718 I System  : Loaded time zone names for "en_US" in 55ms (54ms in ICU)
12-14 03:14:38.866  1717  1717 I art     : Explicit concurrent mark sweep GC freed 2359(179KB) AllocSpace objects, 0(0B) LOS objects, 41% free, 1423KB/2MB, paused 16us total 1.975ms
12-14 03:14:38.867  1718  1718 I art     : Explicit concurrent mark sweep GC freed 2345(178KB) AllocSpace objects, 0(0B) LOS objects, 42% free, 1405KB/2MB, paused 29us total 2.267ms
12-14 03:14:38.868  1717  1717 I art     : Explicit concurrent mark sweep GC freed 136(12KB) AllocSpace objects, 0(0B) LOS objects, 40% free, 1488KB/2MB, paused 16us total 1.770ms
12-14 03:14:38.870  1718  1718 I art     : Explicit concurrent mark sweep GC freed 136(12KB) AllocSpace objects, 0(0B) LOS objects, 41% free, 1470KB/2MB, paused 26us total 2.010ms
12-14 03:14:38.910  1717  1717 I art     : Explicit concurrent mark sweep GC freed 288(24KB) AllocSpace objects, 0(0B) LOS objects, 39% free, 1540KB/2MB, paused 15us total 1.986ms
12-14 03:14:38.935  1717  1717 I art     : Explicit concurrent mark sweep GC freed 679(47KB) AllocSpace objects, 0(0B) LOS objects, 39% free, 1542KB/2MB, paused 16us total 1.926ms
12-14 03:14:38.935  1717  1717 I Zygote  : ...preloaded 3005 classes in 6501ms.
12-14 03:14:38.935  1717  1717 I art     : VMRuntime.preloadDexCaches starting
12-14 03:14:38.945  1718  1718 I art     : Explicit concurrent mark sweep GC freed 288(24KB) AllocSpace objects, 0(0B) LOS objects, 40% free, 1515KB/2MB, paused 33us total 2.751ms
12-14 03:14:38.954  1718  1718 I art     : Explicit concurrent mark sweep GC freed 679(47KB) AllocSpace objects, 0(0B) LOS objects, 40% free, 1517KB/2MB, paused 34us total 2.261ms
12-14 03:14:38.954  1718  1718 I Zygote  : ...preloaded 3005 classes in 3940ms.
12-14 03:14:38.954  1718  1718 I art     : VMRuntime.preloadDexCaches starting
12-14 03:14:39.012  1717  1717 I art     : VMRuntime.preloadDexCaches strings total=214641 before=38996 after=38996
12-14 03:14:39.012  1717  1717 I art     : VMRuntime.preloadDexCaches types total=18345 before=6389 after=6425
12-14 03:14:39.012  1717  1717 I art     : VMRuntime.preloadDexCaches fields total=85569 before=32261 after=32595
12-14 03:14:39.012  1717  1717 I art     : VMRuntime.preloadDexCaches methods total=151780 before=66835 after=67736
12-14 03:14:39.012  1717  1717 I art     : VMRuntime.preloadDexCaches finished
12-14 03:14:39.012  1718  1718 I art     : VMRuntime.preloadDexCaches strings total=214641 before=38996 after=38996
12-14 03:14:39.012  1718  1718 I art     : VMRuntime.preloadDexCaches types total=18345 before=6389 after=6425
12-14 03:14:39.012  1717  1717 I art     : Counter: 0
12-14 03:14:39.012  1718  1718 I art     : VMRuntime.preloadDexCaches fields total=85569 before=32261 after=32595
12-14 03:14:39.012  1717  1717 I art     : Counter: 1
12-14 03:14:39.012  1718  1718 I art     : VMRuntime.preloadDexCaches methods total=151780 before=66835 after=67736
12-14 03:14:39.013  1718  1718 I art     : VMRuntime.preloadDexCaches finished
12-14 03:14:39.013  1718  1718 I art     : Counter: 0
12-14 03:14:39.013  1718  1718 I art     : Counter: 1
12-14 03:14:39.016  1717  1717 I art     : Explicit concurrent mark sweep GC freed 61(15KB) AllocSpace objects, 0(0B) LOS objects, 40% free, 1528KB/2MB, paused 25us total 3.155ms
12-14 03:14:39.016  1718  1718 I art     : Explicit concurrent mark sweep GC freed 61(15KB) AllocSpace objects, 0(0B) LOS objects, 40% free, 1503KB/2MB, paused 28us total 3.665ms
12-14 03:14:39.084  1981  1981 D idmap   : error: no read access to /vendor/overlay: No such file or directory
12-14 03:14:39.084  1982  1982 D idmap   : error: no read access to /vendor/overlay: No such file or directory
12-14 03:14:39.194  1717  1717 I Zygote  : Preloading resources...
12-14 03:14:39.222  1718  1718 I Zygote  : Preloading resources...
12-14 03:14:39.327  1718  1718 I art     : Explicit concurrent mark sweep GC freed 86(3KB) AllocSpace objects, 0(0B) LOS objects, 39% free, 1551KB/2MB, paused 31us total 2.458ms
12-14 03:14:39.330  1718  1718 I art     : Explicit concurrent mark sweep GC freed 89(4KB) AllocSpace objects, 0(0B) LOS objects, 40% free, 1598KB/2MB, paused 29us total 1.808ms
12-14 03:14:39.352  1718  1718 I art     : Explicit concurrent mark sweep GC freed 122(5KB) AllocSpace objects, 0(0B) LOS objects, 39% free, 1646KB/2MB, paused 29us total 2.194ms
12-14 03:14:39.354  1718  1718 I art     : Explicit concurrent mark sweep GC freed 101(4KB) AllocSpace objects, 0(0B) LOS objects, 39% free, 1691KB/2MB, paused 27us total 1.694ms
12-14 03:14:39.357  1718  1718 I art     : Explicit concurrent mark sweep GC freed 93(4KB) AllocSpace objects, 0(0B) LOS objects, 40% free, 1735KB/2MB, paused 28us total 1.740ms
12-14 03:14:39.362  1718  1718 I art     : Explicit concurrent mark sweep GC freed 103(4KB) AllocSpace objects, 0(0B) LOS objects, 39% free, 1782KB/2MB, paused 30us total 2.294ms
12-14 03:14:39.364  1718  1718 I art     : Explicit concurrent mark sweep GC freed 112(5KB) AllocSpace objects, 0(0B) LOS objects, 39% free, 1827KB/2MB, paused 28us total 1.725ms
12-14 03:14:39.367  1718  1718 I art     : Explicit concurrent mark sweep GC freed 117(5KB) AllocSpace objects, 0(0B) LOS objects, 39% free, 1874KB/3MB, paused 28us total 1.731ms
12-14 03:14:39.370  1718  1718 I art     : Explicit concurrent mark sweep GC freed 108(5KB) AllocSpace objects, 0(0B) LOS objects, 39% free, 1922KB/3MB, paused 28us total 1.724ms
12-14 03:14:39.372  1717  1717 I art     : Explicit concurrent mark sweep GC freed 86(3KB) AllocSpace objects, 0(0B) LOS objects, 40% free, 1577KB/2MB, paused 16us total 1.872ms
12-14 03:14:39.375  1717  1717 I art     : Explicit concurrent mark sweep GC freed 89(4KB) AllocSpace objects, 0(0B) LOS objects, 39% free, 1623KB/2MB, paused 14us total 1.486ms
12-14 03:14:39.377  1717  1717 I art     : Explicit concurrent mark sweep GC freed 115(5KB) AllocSpace objects, 0(0B) LOS objects, 39% free, 1667KB/2MB, paused 25us total 1.557ms
12-14 03:14:39.380  1717  1717 I art     : Explicit concurrent mark sweep GC freed 99(4KB) AllocSpace objects, 0(0B) LOS objects, 39% free, 1713KB/2MB, paused 28us total 2.190ms
12-14 03:14:39.381  1718  1718 I art     : Explicit concurrent mark sweep GC freed 147(6KB) AllocSpace objects, 0(0B) LOS objects, 40% free, 1993KB/3MB, paused 50us total 2.820ms
12-14 03:14:39.383  1717  1717 I art     : Explicit concurrent mark sweep GC freed 94(4KB) AllocSpace objects, 0(0B) LOS objects, 39% free, 1757KB/2MB, paused 15us total 1.945ms
12-14 03:14:39.385  1717  1717 I art     : Explicit concurrent mark sweep GC freed 102(4KB) AllocSpace objects, 0(0B) LOS objects, 39% free, 1803KB/2MB, paused 15us total 1.532ms
12-14 03:14:39.387  1717  1717 I art     : Explicit concurrent mark sweep GC freed 112(5KB) AllocSpace objects, 0(0B) LOS objects, 39% free, 1849KB/3MB, paused 17us total 1.489ms
12-14 03:14:39.390  1717  1717 I art     : Explicit concurrent mark sweep GC freed 118(5KB) AllocSpace objects, 0(0B) LOS objects, 39% free, 1896KB/3MB, paused 15us total 1.499ms
12-14 03:14:39.392  1717  1717 I art     : Explicit concurrent mark sweep GC freed 108(5KB) AllocSpace objects, 0(0B) LOS objects, 39% free, 1944KB/3MB, paused 16us total 1.489ms
12-14 03:14:39.394  1717  1717 I art     : Explicit concurrent mark sweep GC freed 153(6KB) AllocSpace objects, 0(0B) LOS objects, 40% free, 2020KB/3MB, paused 25us total 1.611ms
12-14 03:14:39.398  1718  1718 I art     : Explicit concurrent mark sweep GC freed 136(5KB) AllocSpace objects, 0(0B) LOS objects, 39% free, 2036KB/3MB, paused 70us total 3.244ms
12-14 03:14:39.399  1717  1717 I art     : Explicit concurrent mark sweep GC freed 138(6KB) AllocSpace objects, 0(0B) LOS objects, 39% free, 2MB/3MB, paused 21us total 3.037ms
12-14 03:14:39.402  1718  1718 I art     : Explicit concurrent mark sweep GC freed 84(7KB) AllocSpace objects, 0(0B) LOS objects, 40% free, 2MB/3MB, paused 52us total 2.935ms
12-14 03:14:39.402  1717  1717 I art     : Explicit concurrent mark sweep GC freed 84(7KB) AllocSpace objects, 0(0B) LOS objects, 39% free, 2MB/3MB, paused 35us total 2.574ms
12-14 03:14:39.426  1717  1717 I art     : Explicit concurrent mark sweep GC freed 112(4KB) AllocSpace objects, 0(0B) LOS objects, 40% free, 2MB/3MB, paused 18us total 2.129ms
12-14 03:14:39.426  1718  1718 I art     : Explicit concurrent mark sweep GC freed 112(4KB) AllocSpace objects, 0(0B) LOS objects, 39% free, 2MB/3MB, paused 32us total 2.233ms
12-14 03:14:39.430  1717  1717 I art     : Explicit concurrent mark sweep GC freed 135(5KB) AllocSpace objects, 0(0B) LOS objects, 39% free, 2MB/3MB, paused 29us total 2.471ms
12-14 03:14:39.430  1718  1718 I art     : Explicit concurrent mark sweep GC freed 135(5KB) AllocSpace objects, 0(0B) LOS objects, 40% free, 2MB/3MB, paused 48us total 2.920ms
12-14 03:14:39.433  1717  1717 I art     : Explicit concurrent mark sweep GC freed 62(2752B) AllocSpace objects, 0(0B) LOS objects, 39% free, 2MB/3MB, paused 29us total 2.410ms
12-14 03:14:39.434  1718  1718 I art     : Explicit concurrent mark sweep GC freed 62(2752B) AllocSpace objects, 0(0B) LOS objects, 39% free, 2MB/3MB, paused 31us total 2.648ms
12-14 03:14:39.441  1717  1717 I art     : Explicit concurrent mark sweep GC freed 111(4KB) AllocSpace objects, 0(0B) LOS objects, 40% free, 2MB/4MB, paused 19us total 2.100ms
