12-16 02:43:24.628  2166  2186 W ActivityManager: getRunningAppProcesses: caller 10054 does not hold REAL_GET_TASKS; limiting output
12-16 02:43:24.652  4886  4886 W linker  : [vdso]: unused DT entry: type 0x6ffffef5 arg 0x160
12-16 02:43:29.664  4887  4887 W linker  : [vdso]: unused DT entry: type 0x6ffffef5 arg 0x160
12-16 02:43:34.675  4888  4888 W linker  : [vdso]: unused DT entry: type 0x6ffffef5 arg 0x160
12-16 02:43:38.281  1890  2131 D DirectVolume: Volume usb1 /mnt/media_rw/usb1 partition 8:33 removed
12-16 02:43:38.281  1890  2131 D Vold    : Volume usb1 state changing 4 (Mounted) -> 5 (Unmounting)
12-16 02:43:38.281  2166  2193 D MountService: volume state changed for /storage/usb1 (mounted -> unmounted)
12-16 02:43:38.281  2166  2193 D MountService: sendStorageIntent Intent { act=android.intent.action.MEDIA_UNMOUNTED dat=file:///storage/usb1 flg=0x4000000 (has extras) } to UserHandle{-1}
12-16 02:43:38.281  2166  2193 D MountService: volume state changed for /storage/usb1 (unmounted -> bad_removal)
12-16 02:43:38.282  2166  2193 D MountService: sendStorageIntent Intent { act=android.intent.action.MEDIA_BAD_REMOVAL dat=file:///storage/usb1 flg=0x4000000 (has extras) } to UserHandle{-1}
12-16 02:43:38.282  2166  2193 D MountService: sendStorageIntent Intent { act=android.intent.action.MEDIA_EJECT dat=file:///storage/usb1 flg=0x4000000 (has extras) } to UserHandle{-1}
12-16 02:43:38.282  3229  3229 D ExternalStorage: After updating volumes, found 1 active roots
12-16 02:43:38.282  2597  2597 D MediaProvider: deleting all entries for storage StorageVolume:
12-16 02:43:38.282  2597  2597 D MediaProvider:     mStorageId=262145 mPath=/storage/usb1 mDescriptionId=17040807 
12-16 02:43:38.282  2597  2597 D MediaProvider:     mPrimary=false mRemovable=true mEmulated=false mMtpReserveSpace=0 
12-16 02:43:38.282  2597  2597 D MediaProvider:     mAllowMassStorage=false mMaxFileSize=4294967296 mOwner=null 
12-16 02:43:38.282  2597  2597 D MediaProvider:     mUuid=1D05-3C3E mUserLabel=UUI mState=bad_removal 
12-16 02:43:38.282  2166  2166 I ValidateNoPeople: skipping global notification
12-16 02:43:38.610  2597  2597 D MediaScannerReceiver: action: android.intent.action.MEDIA_UNMOUNTED path: /storage/usb1
12-16 02:43:38.627  2166  3065 I ActivityManager: Start proc 4889:com.tencent.mm/u0a55 for broadcast com.tencent.mm/.booter.MountReceiver
12-16 02:43:38.631  4889  4889 W libnb   : Native bridge is disabled
12-16 02:43:38.642  4889  4889 I ActivityThread: Switching default density from 160 to 240
12-16 02:43:38.648  2166  2186 W ActivityManager: getRunningAppProcesses: caller 10055 does not hold REAL_GET_TASKS; limiting output
12-16 02:43:38.674  4889  4889 E art     : dlopen("/data/data/com.tencent.mm/app_recover_lib/libstlport_shared.so", RTLD_LAZY) failed: dlopen failed: "/data/data/com.tencent.mm/app_recover_lib/libstlport_shared.so" has unexpected e_machine: 40
12-16 02:43:38.674  4889  4889 E art     : dlopen("/data/app/com.tencent.mm-2/lib/arm/libstlport_shared.so", RTLD_LAZY) failed: dlopen failed: "/data/app/com.tencent.mm-2/lib/arm/libstlport_shared.so" has unexpected e_machine: 40
12-16 02:43:38.681  4889  4889 E art     : dlopen("/data/data/com.tencent.mm/app_recover_lib/libstlport_shared.so", RTLD_LAZY) failed: dlopen failed: "/data/data/com.tencent.mm/app_recover_lib/libstlport_shared.so" has unexpected e_machine: 40
12-16 02:43:38.681  4889  4889 D AndroidRuntime: Shutting down VM
12-16 02:43:38.682  4889  4889 I Process : Sending signal. PID: 4889 SIG: 9
12-16 02:43:38.690  2166  2186 I ActivityManager: Process com.tencent.mm (pid 4889) has died
12-16 02:43:38.706  2166  2187 I ActivityManager: Start proc 4918:com.tencent.mm/u0a55 for broadcast com.tencent.mm/.booter.MountReceiver
12-16 02:43:38.709  4918  4918 W libnb   : Native bridge is disabled
12-16 02:43:38.713  4918  4918 I ActivityThread: Switching default density from 160 to 240
12-16 02:43:38.715  2166  2315 W ActivityManager: getRunningAppProcesses: caller 10055 does not hold REAL_GET_TASKS; limiting output
12-16 02:43:38.730  4918  4918 E art     : dlopen("/data/data/com.tencent.mm/app_recover_lib/libstlport_shared.so", RTLD_LAZY) failed: dlopen failed: "/data/data/com.tencent.mm/app_recover_lib/libstlport_shared.so" has unexpected e_machine: 40
12-16 02:43:38.730  4918  4918 E art     : dlopen("/data/app/com.tencent.mm-2/lib/arm/libstlport_shared.so", RTLD_LAZY) failed: dlopen failed: "/data/app/com.tencent.mm-2/lib/arm/libstlport_shared.so" has unexpected e_machine: 40
12-16 02:43:38.737  4918  4918 E art     : dlopen("/data/data/com.tencent.mm/app_recover_lib/libstlport_shared.so", RTLD_LAZY) failed: dlopen failed: "/data/data/com.tencent.mm/app_recover_lib/libstlport_shared.so" has unexpected e_machine: 40
12-16 02:43:38.737  4918  4918 D AndroidRuntime: Shutting down VM
12-16 02:43:38.738  4918  4918 I Process : Sending signal. PID: 4918 SIG: 9
12-16 02:43:38.753  2166  2315 I ActivityManager: Process com.tencent.mm (pid 4918) has died
12-16 02:43:38.769  2166  2593 I ActivityManager: Start proc 4946:com.tencent.mm/u0a55 for broadcast com.tencent.mm/.booter.MountReceiver
12-16 02:43:38.773  4946  4946 W libnb   : Native bridge is disabled
12-16 02:43:38.777  4946  4946 I ActivityThread: Switching default density from 160 to 240
12-16 02:43:38.779  2166  3065 W ActivityManager: getRunningAppProcesses: caller 10055 does not hold REAL_GET_TASKS; limiting output
12-16 02:43:38.795  4946  4946 E art     : dlopen("/data/data/com.tencent.mm/app_recover_lib/libstlport_shared.so", RTLD_LAZY) failed: dlopen failed: "/data/data/com.tencent.mm/app_recover_lib/libstlport_shared.so" has unexpected e_machine: 40
12-16 02:43:38.795  4946  4946 E art     : dlopen("/data/app/com.tencent.mm-2/lib/arm/libstlport_shared.so", RTLD_LAZY) failed: dlopen failed: "/data/app/com.tencent.mm-2/lib/arm/libstlport_shared.so" has unexpected e_machine: 40
12-16 02:43:38.801  4946  4946 E art     : dlopen("/data/data/com.tencent.mm/app_recover_lib/libstlport_shared.so", RTLD_LAZY) failed: dlopen failed: "/data/data/com.tencent.mm/app_recover_lib/libstlport_shared.so" has unexpected e_machine: 40
12-16 02:43:38.801  4946  4946 D AndroidRuntime: Shutting down VM
12-16 02:43:38.802  4946  4946 I Process : Sending signal. PID: 4946 SIG: 9
12-16 02:43:38.817  2166  3065 I ActivityManager: Process com.tencent.mm (pid 4946) has died
12-16 02:43:38.832  2166  2470 I ActivityManager: Start proc 4975:com.tencent.mm/u0a55 for broadcast com.tencent.mm/.booter.MountReceiver
12-16 02:43:38.837  4975  4975 W libnb   : Native bridge is disabled
12-16 02:43:38.842  4975  4975 I ActivityThread: Switching default density from 160 to 240
12-16 02:43:38.844  2166  2186 W ActivityManager: getRunningAppProcesses: caller 10055 does not hold REAL_GET_TASKS; limiting output
12-16 02:43:38.860  4975  4975 E art     : dlopen("/data/data/com.tencent.mm/app_recover_lib/libstlport_shared.so", RTLD_LAZY) failed: dlopen failed: "/data/data/com.tencent.mm/app_recover_lib/libstlport_shared.so" has unexpected e_machine: 40
12-16 02:43:38.860  4975  4975 E art     : dlopen("/data/app/com.tencent.mm-2/lib/arm/libstlport_shared.so", RTLD_LAZY) failed: dlopen failed: "/data/app/com.tencent.mm-2/lib/arm/libstlport_shared.so" has unexpected e_machine: 40
12-16 02:43:38.871  4975  4975 E art     : dlopen("/data/data/com.tencent.mm/app_recover_lib/libstlport_shared.so", RTLD_LAZY) failed: dlopen failed: "/data/data/com.tencent.mm/app_recover_lib/libstlport_shared.so" has unexpected e_machine: 40
12-16 02:43:38.871  4975  4975 D AndroidRuntime: Shutting down VM
12-16 02:43:38.872  4975  4975 I Process : Sending signal. PID: 4975 SIG: 9
12-16 02:43:38.882  2166  2589 I ActivityManager: Process com.tencent.mm (pid 4975) has died
12-16 02:43:38.898  2166  2187 I ActivityManager: Start proc 5003:com.tencent.mm/u0a55 for broadcast com.tencent.mm/.booter.MountReceiver
12-16 02:43:38.902  5003  5003 W libnb   : Native bridge is disabled
12-16 02:43:38.906  5003  5003 I ActivityThread: Switching default density from 160 to 240
12-16 02:43:38.908  2166  2470 W ActivityManager: getRunningAppProcesses: caller 10055 does not hold REAL_GET_TASKS; limiting output
12-16 02:43:38.924  5003  5003 E art     : dlopen("/data/data/com.tencent.mm/app_recover_lib/libstlport_shared.so", RTLD_LAZY) failed: dlopen failed: "/data/data/com.tencent.mm/app_recover_lib/libstlport_shared.so" has unexpected e_machine: 40
12-16 02:43:38.924  5003  5003 E art     : dlopen("/data/app/com.tencent.mm-2/lib/arm/libstlport_shared.so", RTLD_LAZY) failed: dlopen failed: "/data/app/com.tencent.mm-2/lib/arm/libstlport_shared.so" has unexpected e_machine: 40
12-16 02:43:38.930  5003  5003 E art     : dlopen("/data/data/com.tencent.mm/app_recover_lib/libstlport_shared.so", RTLD_LAZY) failed: dlopen failed: "/data/data/com.tencent.mm/app_recover_lib/libstlport_shared.so" has unexpected e_machine: 40
12-16 02:43:38.930  5003  5003 D AndroidRuntime: Shutting down VM
12-16 02:43:38.931  5003  5003 I Process : Sending signal. PID: 5003 SIG: 9
12-16 02:43:38.940  2166  2470 I ActivityManager: Process com.tencent.mm (pid 5003) has died
12-16 02:43:40.286  1890  2131 I Vold    : /mnt/secure/asec sucessfully unmounted
12-16 02:43:40.286  1890  2131 W Vold    : Failed to unmount /storage/usb1 (Device or resource busy, retries 9, action 0)
12-16 02:43:40.288  5031  5031 W linker  : [vdso]: unused DT entry: type 0x6ffffef5 arg 0x160
12-16 02:43:40.290  1890  2131 E ProcessKiller: Process /system/bin/sh (1892) has cwd within /storage/usb1
12-16 02:43:41.306  1890  2131 W Vold    : Failed to unmount /storage/usb1 (Device or resource busy, retries 8, action 0)
12-16 02:43:41.312  1890  2131 E ProcessKiller: Process /system/bin/sh (1892) has cwd within /storage/usb1
12-16 02:43:42.327  1890  2131 W Vold    : Failed to unmount /storage/usb1 (Device or resource busy, retries 7, action 0)
12-16 02:43:42.333  1890  2131 E ProcessKiller: Process /system/bin/sh (1892) has cwd within /storage/usb1
12-16 02:43:43.347  1890  2131 W Vold    : Failed to unmount /storage/usb1 (Device or resource busy, retries 6, action 0)
12-16 02:43:43.354  1890  2131 E ProcessKiller: Process /system/bin/sh (1892) has cwd within /storage/usb1
12-16 02:43:44.368  1890  2131 W Vold    : Failed to unmount /storage/usb1 (Device or resource busy, retries 5, action 0)
12-16 02:43:44.375  1890  2131 E ProcessKiller: Process /system/bin/sh (1892) has cwd within /storage/usb1
12-16 02:43:45.299  5032  5032 W linker  : [vdso]: unused DT entry: type 0x6ffffef5 arg 0x160
12-16 02:43:45.390  1890  2131 W Vold    : Failed to unmount /storage/usb1 (Device or resource busy, retries 4, action 0)
12-16 02:43:45.396  1890  2131 E ProcessKiller: Process /system/bin/sh (1892) has cwd within /storage/usb1
12-16 02:43:46.411  1890  2131 W Vold    : Failed to unmount /storage/usb1 (Device or resource busy, retries 3, action 0)
12-16 02:43:46.417  1890  2131 E ProcessKiller: Process /system/bin/sh (1892) has cwd within /storage/usb1
12-16 02:43:47.432  1890  2131 W Vold    : Failed to unmount /storage/usb1 (Device or resource busy, retries 2, action 1)
12-16 02:43:47.438  1890  2131 E ProcessKiller: Process /system/bin/sh (1892) has cwd within /storage/usb1
12-16 02:43:47.438  1890  2131 W ProcessKiller: Sending SIGHUP to process 1892
12-16 02:43:48.453  1890  2131 W Vold    : Failed to unmount /storage/usb1 (Device or resource busy, retries 1, action 2)
12-16 02:43:48.459  1890  2131 E ProcessKiller: Process /system/bin/sh (1892) has cwd within /storage/usb1
12-16 02:43:48.459  1890  2131 E ProcessKiller: Sending SIGKILL to process 1892
12-16 02:43:48.459  5033  5033 W linker  : [vdso]: unused DT entry: type 0x6ffffef5 arg 0x160
12-16 02:43:48.461  5034  5034 W linker  : [vdso]: unused DT entry: type 0x6ffffef5 arg 0x160
12-16 02:43:48.462  5036  5036 W linker  : [vdso]: unused DT entry: type 0x6ffffef5 arg 0x160
12-16 02:43:49.489  1890  2131 I Vold    : /storage/usb1 sucessfully unmounted
12-16 02:43:49.498  1890  2131 I Vold    : /mnt/media_rw/usb1 sucessfully unmounted
12-16 02:43:49.498  1890  2131 I Vold    : /mnt/media_rw/usb1 unmounted successfully
12-16 02:43:49.498  1890  2131 D Vold    : Volume usb1 state changing 5 (Unmounting) -> 1 (Idle-Unmounted)
12-16 02:43:49.498  1890  2131 D DirectVolume: Crisis averted
12-16 02:43:49.498  1890  2131 D DirectVolume: Volume usb1 /mnt/media_rw/usb1 disk 8:32 removed
12-16 02:43:49.498  1890  2131 D Vold    : Volume usb1 state changing 1 (Idle-Unmounted) -> 0 (No-Media)
12-16 02:43:50.496  5037  5037 W linker  : [vdso]: unused DT entry: type 0x6ffffef5 arg 0x160
12-16 02:43:54.628  2166  2315 W ActivityManager: getRunningAppProcesses: caller 10054 does not hold REAL_GET_TASKS; limiting output
12-16 02:43:55.508  5038  5038 W linker  : [vdso]: unused DT entry: type 0x6ffffef5 arg 0x160
12-16 02:44:00.519  5039  5039 W linker  : [vdso]: unused DT entry: type 0x6ffffef5 arg 0x160
12-16 02:44:05.530  5040  5040 W linker  : [vdso]: unused DT entry: type 0x6ffffef5 arg 0x160
12-16 02:44:10.541  5041  5041 W linker  : [vdso]: unused DT entry: type 0x6ffffef5 arg 0x160
12-16 02:44:15.553  5042  5042 W linker  : [vdso]: unused DT entry: type 0x6ffffef5 arg 0x160
12-16 02:44:17.071  2166  2238 D UsbHostManager: Added device UsbDevice[mName=/dev/bus/usb/001/006,mVendorId=8053,mProductId=2327,mClass=0,mSubclass=0,mProtocol=0,mManufacturerName=innostor,mProductName=USB 3.0,mSerialNumber=201207221945,mConfigurations=[
12-16 02:44:17.071  2166  2238 D UsbHostManager: UsbConfiguration[mId=1,mName=null,mAttributes=128,mMaxPower=100,mInterfaces=[
12-16 02:44:17.071  2166  2238 D UsbHostManager: UsbInterface[mId=0,mAlternateSetting=0,mName=null,mClass=8,mSubclass=6,mProtocol=80,mEndpoints=[
12-16 02:44:17.071  2166  2238 D UsbHostManager: UsbEndpoint[mAddress=2,mAttributes=2,mMaxPacketSize=512,mInterval=0]
12-16 02:44:17.071  2166  2238 D UsbHostManager: UsbEndpoint[mAddress=129,mAttributes=2,mMaxPacketSize=512,mInterval=0]]]]
12-16 02:44:17.072  2166  2238 W ContextImpl: Calling a method in the system process without a qualified user: android.app.ContextImpl.sendBroadcast:1327 com.android.server.usb.UsbSettingsManager.deviceAttached:741 com.android.server.usb.UsbHostManager.endUsbDeviceAdded:224 com.android.server.usb.UsbHostManager.monitorUsbHostBus:-2 com.android.server.usb.UsbHostManager.access$000:42 
12-16 02:44:18.477  1890  2131 E NetlinkEvent: NetlinkEvent::FindParam(): Parameter 'NPARTS' not found
12-16 02:44:18.477  1890  2131 W DirectVolume: Kernel block uevent missing 'NPARTS'
12-16 02:44:18.477  1890  2131 D Vold    : Volume usb1 state changing 0 (No-Media) -> 2 (Pending)
12-16 02:44:18.477  1890  2131 E NetlinkEvent: NetlinkEvent::FindParam(): Parameter 'PARTN' not found
12-16 02:44:18.477  1890  2131 W DirectVolume: Kernel block uevent missing 'PARTN'
12-16 02:44:18.477  1890  2131 D Vold    : Volume usb1 state changing 2 (Pending) -> 1 (Idle-Unmounted)
12-16 02:44:18.478  1890  2132 I Vold    : /dev/block/vold/8:36 being considered for volume usb1
12-16 02:44:18.478  1890  2132 D Vold    : Volume usb1 state changing 1 (Idle-Unmounted) -> 3 (Checking)
12-16 02:44:18.478  1890  2132 D Vold    : Trying to get filesystem type for /dev/block/vold/8:36 
12-16 02:44:18.478  2166  2193 D MountService: volume state changed for /storage/usb1 (bad_removal -> checking)
12-16 02:44:18.478  2166  2193 D MountService: sendStorageIntent Intent { act=android.intent.action.MEDIA_CHECKING dat=file:///storage/usb1 flg=0x4000000 (has extras) } to UserHandle{-1}
12-16 02:44:18.479  2166  2166 I ValidateNoPeople: skipping global notification
12-16 02:44:18.554  1890  2132 D Vold    : Found vfat filesystem on /dev/block/vold/8:36
12-16 02:44:18.555  5051  5051 W linker  : [vdso]: unused DT entry: type 0x6ffffef5 arg 0x160
12-16 02:44:18.555  1890  2132 I fsck_msdos: WARNING: linker: [vdso]: unused DT entry: type 0x6ffffef5 arg 0x160
12-16 02:44:18.556  1890  2132 I fsck_msdos: ** /dev/block/vold/8:36
12-16 02:44:18.562  1890  2132 I fsck_msdos: Primary/Backup bootblock miscompare
12-16 02:44:18.562  1890  2132 I fsck_msdos: Primary:
12-16 02:44:18.562  1890  2132 I fsck_msdos: 00 02 10 00 01 02 00 00 00 00 f8 00 00 3f 00 ff 00 00 01 00 00 00 7f 46 07 00 e9 00 00 00 00 00 00 02 00 00 00 01 00 06 00 00 00 00 00 00 00 00 00 00 00 00 00 80 01 29 15 53 fe b4 55 62 75 6e 74 75 20 31 34 2e 30 46 41 54 33 32 20 20 20 
12-16 02:44:18.562  1890  2132 I fsck_msdos: Backup:
12-16 02:44:18.562  1890  2132 I fsck_msdos: 00 02 10 00 01 02 00 00 00 00 f8 00 00 3f 00 ff 00 00 01 00 00 00 7f 46 07 00 e9 00 00 00 00 00 00 02 00 00 00 01 00 06 00 00 00 00 00 00 00 00 00 00 00 00 00 80 01 29 15 53 fe b4 4e 4f 20 4e 41 4d 45 20 20 20 20 46 41 54 33 32 20 20 20 
12-16 02:44:18.562  1890  2132 I fsck_msdos: ** Phase 1 - Read FAT (compare skipped)
12-16 02:44:18.562  1890  2132 I fsck_msdos: Attempting to allocate 29824 KB for FAT
12-16 02:44:19.409  1890  2132 I fsck_msdos: ** Phase 2 - Check Cluster Chains
12-16 02:44:19.432  1890  2132 I fsck_msdos: ** Phase 3 - Checking Directories
12-16 02:44:20.307  1890  2132 I fsck_msdos: ** Phase 4 - Checking for Lost Files
12-16 02:44:20.317  1890  2132 I fsck_msdos: Free space in FSInfo block (5056174) not correct (4960946)
12-16 02:44:20.317  1890  2132 I fsck_msdos: FIXED
12-16 02:44:20.317  1890  2132 I fsck_msdos: Next free cluster in FSInfo block (41775) not free
12-16 02:44:20.317  1890  2132 I fsck_msdos: FIXED
12-16 02:44:20.317  1890  2132 I fsck_msdos: 12735 files, 1938832 free (4960946 clusters)
12-16 02:44:20.324  1890  2132 I Vold    : Filesystem check completed OK
12-16 02:44:20.328  5052  5052 W linker  : [vdso]: unused DT entry: type 0x6ffffef5 arg 0x160
12-16 02:44:20.329  5052  5052 W linker  : [vdso]: unused DT entry: type 0x6ffffef5 arg 0x160
12-16 02:44:20.336  1890  2132 D Vold    : blkid identified as /dev/block/vold/8:36: LABEL="FENGJY" UUID="B4FE-5315" TYPE="vfat" 
12-16 02:44:20.338  1890  2132 D Vold    : Volume usb1 state changing 3 (Checking) -> 4 (Mounted)
12-16 02:44:20.338  2166  2193 D MountService: volume state changed for /storage/usb1 (checking -> mounted)
12-16 02:44:20.338  2166  5049 E VoldConnector: NDC Command {71 volume mount /storage/usb1} took too long (1861ms)
12-16 02:44:20.338  2166  2193 D MountService: sendStorageIntent Intent { act=android.intent.action.MEDIA_MOUNTED dat=file:///storage/usb1 flg=0x4000000 (has extras) } to UserHandle{-1}
12-16 02:44:20.339  5053  5053 W linker  : [vdso]: unused DT entry: type 0x6ffffef5 arg 0x160
12-16 02:44:20.340  3229  3229 D ExternalStorage: After updating volumes, found 2 active roots
12-16 02:44:20.341  2597  2597 D MediaScannerReceiver: action: android.intent.action.MEDIA_MOUNTED path: /storage/usb1
12-16 02:44:20.345  5054  5054 W linker  : [vdso]: unused DT entry: type 0x6ffffef5 arg 0x160
12-16 02:44:20.469  5059  5059 W libnb   : Native bridge is disabled
12-16 02:44:20.470  2166  2570 I ActivityManager: Start proc 5059:com.tencent.mm/u0a55 for broadcast com.tencent.mm/.booter.MountReceiver
12-16 02:44:20.480  2597  5057 W MediaScanner: Error opening directory '/storage/sdcard1/', skipping: Permission denied.
12-16 02:44:20.480  2597  5057 W MediaScanner: Error opening directory '/storage/usb0/', skipping: Permission denied.
12-16 02:44:20.486  5059  5059 I ActivityThread: Switching default density from 160 to 240
12-16 02:44:20.494  2166  2186 W ActivityManager: getRunningAppProcesses: caller 10055 does not hold REAL_GET_TASKS; limiting output
12-16 02:44:20.533  5059  5059 E art     : dlopen("/data/data/com.tencent.mm/app_recover_lib/libstlport_shared.so", RTLD_LAZY) failed: dlopen failed: "/data/data/com.tencent.mm/app_recover_lib/libstlport_shared.so" has unexpected e_machine: 40
12-16 02:44:20.533  5059  5059 E art     : dlopen("/data/app/com.tencent.mm-2/lib/arm/libstlport_shared.so", RTLD_LAZY) failed: dlopen failed: "/data/app/com.tencent.mm-2/lib/arm/libstlport_shared.so" has unexpected e_machine: 40
12-16 02:44:20.542  5059  5059 E art     : dlopen("/data/data/com.tencent.mm/app_recover_lib/libstlport_shared.so", RTLD_LAZY) failed: dlopen failed: "/data/data/com.tencent.mm/app_recover_lib/libstlport_shared.so" has unexpected e_machine: 40
12-16 02:44:20.543  5059  5059 D AndroidRuntime: Shutting down VM
12-16 02:44:20.544  5059  5059 I Process : Sending signal. PID: 5059 SIG: 9
12-16 02:44:20.552  2166  2186 I ActivityManager: Process com.tencent.mm (pid 5059) has died
12-16 02:44:20.566  2166  2589 I ActivityManager: Start proc 5088:com.tencent.mm/u0a55 for broadcast com.tencent.mm/.booter.MountReceiver
12-16 02:44:20.569  5088  5088 W libnb   : Native bridge is disabled
12-16 02:44:20.573  5088  5088 I ActivityThread: Switching default density from 160 to 240
12-16 02:44:20.575  2166  2315 W ActivityManager: getRunningAppProcesses: caller 10055 does not hold REAL_GET_TASKS; limiting output
12-16 02:44:20.590  5088  5088 E art     : dlopen("/data/data/com.tencent.mm/app_recover_lib/libstlport_shared.so", RTLD_LAZY) failed: dlopen failed: "/data/data/com.tencent.mm/app_recover_lib/libstlport_shared.so" has unexpected e_machine: 40
12-16 02:44:20.590  5088  5088 E art     : dlopen("/data/app/com.tencent.mm-2/lib/arm/libstlport_shared.so", RTLD_LAZY) failed: dlopen failed: "/data/app/com.tencent.mm-2/lib/arm/libstlport_shared.so" has unexpected e_machine: 40
12-16 02:44:20.597  5088  5088 E art     : dlopen("/data/data/com.tencent.mm/app_recover_lib/libstlport_shared.so", RTLD_LAZY) failed: dlopen failed: "/data/data/com.tencent.mm/app_recover_lib/libstlport_shared.so" has unexpected e_machine: 40
12-16 02:44:20.597  5088  5088 D AndroidRuntime: Shutting down VM
12-16 02:44:20.598  5088  5088 I Process : Sending signal. PID: 5088 SIG: 9
12-16 02:44:20.606  2166  2315 I ActivityManager: Process com.tencent.mm (pid 5088) has died
12-16 02:44:21.078  2597  5057 W MediaScanner: Error opening directory '/storage/usb1/.android_secure/', skipping: Permission denied.
12-16 02:44:24.628  2166  3065 W ActivityManager: getRunningAppProcesses: caller 10054 does not hold REAL_GET_TASKS; limiting output
12-16 02:44:25.357  5117  5117 W linker  : [vdso]: unused DT entry: type 0x6ffffef5 arg 0x160
12-16 02:44:30.369  5118  5118 W linker  : [vdso]: unused DT entry: type 0x6ffffef5 arg 0x160
12-16 02:44:31.438  5119  5119 W linker  : [vdso]: unused DT entry: type 0x6ffffef5 arg 0x160
12-16 02:44:35.355  2166  2191 I ActivityManager: Waited long enough for: ServiceRecord{3f4cc7d8 u0 com.android.providers.media/.MediaScannerService}
12-16 02:44:35.382  5120  5120 W linker  : [vdso]: unused DT entry: type 0x6ffffef5 arg 0x160
12-16 02:44:38.833  1891  1891 D SurfaceFlinger: Set power mode=2, type=0 flinger=0x7f1b31862000
12-16 02:44:38.833  1891  2137 D GRALLOC-DRM: set master
12-16 02:44:40.393  5121  5121 W linker  : [vdso]: unused DT entry: type 0x6ffffef5 arg 0x160
12-16 02:44:45.033  1891  1891 D SurfaceFlinger: Set power mode=0, type=0 flinger=0x7f1b31862000
12-16 02:44:45.034  2457  2457 D InputEventConsistencyVerifier: KeyEvent: ACTION_DOWN but key is already down and this event is not a key repeat.
12-16 02:44:45.034  2457  2457 D InputEventConsistencyVerifier:   in android.view.ViewRootImpl@1705b1bc
12-16 02:44:45.034  2457  2457 D InputEventConsistencyVerifier:   0: sent at 1000427000000, KeyEvent { action=ACTION_DOWN, keyCode=KEYCODE_F1, scanCode=59, metaState=META_ALT_ON|META_ALT_LEFT_ON|META_CTRL_ON|META_CTRL_LEFT_ON, flags=0x8, repeatCount=0, eventTime=1000427, downTime=1000427, deviceId=15, source=0x101 }
12-16 02:44:45.034  2457  2457 D InputEventConsistencyVerifier:   -- recent events --
12-16 02:44:45.034  2457  2457 D InputEventConsistencyVerifier:   1: sent at 1000403000000, KeyEvent { action=ACTION_DOWN, keyCode=KEYCODE_ALT_LEFT, scanCode=56, metaState=META_ALT_ON|META_ALT_LEFT_ON|META_CTRL_ON|META_CTRL_LEFT_ON, flags=0x8, repeatCount=33, eventTime=1000403, downTime=998283, deviceId=15, source=0x101 }
12-16 02:44:45.034  2457  2457 D InputEventConsistencyVerifier:   2: sent at 1000352000000, KeyEvent { action=ACTION_DOWN, keyCode=KEYCODE_ALT_LEFT, scanCode=56, metaState=META_ALT_ON|META_ALT_LEFT_ON|META_CTRL_ON|META_CTRL_LEFT_ON, flags=0x8, repeatCount=32, eventTime=1000352, downTime=998283, deviceId=15, source=0x101 }
12-16 02:44:45.034  2457  2457 D InputEventConsistencyVerifier:   3: sent at 1000301000000, KeyEvent { action=ACTION_DOWN, keyCode=KEYCODE_ALT_LEFT, scanCode=56, metaState=META_ALT_ON|META_ALT_LEFT_ON|META_CTRL_ON|META_CTRL_LEFT_ON, flags=0x8, repeatCount=31, eventTime=1000301, downTime=998283, deviceId=15, source=0x101 }
12-16 02:44:45.034  2457  2457 D InputEventConsistencyVerifier:   4: sent at 1000251000000, KeyEvent { action=ACTION_DOWN, keyCode=KEYCODE_ALT_LEFT, scanCode=56, metaState=META_ALT_ON|META_ALT_LEFT_ON|META_CTRL_ON|META_CTRL_LEFT_ON, flags=0x8, repeatCount=30, eventTime=1000251, downTime=998283, deviceId=15, source=0x101 }
12-16 02:44:45.034  2457  2457 D InputEventConsistencyVerifier:   5: sent at 1000200000000, KeyEvent { action=ACTION_DOWN, keyCode=KEYCODE_ALT_LEFT, scanCode=56, metaState=META_ALT_ON|META_ALT_LEFT_ON|META_CTRL_ON|META_CTRL_LEFT_ON, flags=0x8, repeatCount=29, eventTime=1000200, downTime=998283, deviceId=15, source=0x101 }
12-16 02:44:45.405  5122  5122 W linker  : [vdso]: unused DT entry: type 0x6ffffef5 arg 0x160
12-16 02:44:50.417  5124  5124 W linker  : [vdso]: unused DT entry: type 0x6ffffef5 arg 0x160
12-16 02:44:54.628  2166  2186 W ActivityManager: getRunningAppProcesses: caller 10054 does not hold REAL_GET_TASKS; limiting output
12-16 02:44:55.429  5126  5126 W linker  : [vdso]: unused DT entry: type 0x6ffffef5 arg 0x160
12-16 02:44:58.520  2597  5057 E MediaScannerJNI: An error occurred while scanning file '/storage/usb1/iTOP-4412开发板视频教程及其相关/08-Linux驱动教程2015/视频01_内核开发基础/视频01-内核开发基础.avi'.
12-16 02:44:58.554  2597  5057 E MediaScannerJNI: An error occurred while scanning file '/storage/usb1/iTOP-4412开发板视频教程及其相关/08-Linux驱动教程2015/视频02-DriverModule_01/DriverModule_01_01.avi'.
12-16 02:44:58.586  2597  5057 E MediaScannerJNI: An error occurred while scanning file '/storage/usb1/iTOP-4412开发板视频教程及其相关/08-Linux驱动教程2015/视频02-DriverModule_01/DriverModule_01_02.avi'.
12-16 02:44:58.607  2597  5057 E MediaScannerJNI: An error occurred while scanning file '/storage/usb1/iTOP-4412开发板视频教程及其相关/08-Linux驱动教程2015/视频02-DriverModule_01/Vim编辑器显示中文字符.avi'.
12-16 02:44:58.627  2597  5057 E MediaScannerJNI: An error occurred while scanning file '/storage/usb1/iTOP-4412开发板视频教程及其相关/08-Linux驱动教程2015/视频02-DriverModule_01/无法卸载模块的解决办法.avi'.
12-16 02:44:58.652  2597  5057 E MediaScannerJNI: An error occurred while scanning file '/storage/usb1/iTOP-4412开发板视频教程及其相关/08-Linux驱动教程2015/视频03_Menuconfig_Kconfig/03_Menuconfig_Kconfig.avi'.
12-16 02:44:58.675  2597  5057 E MediaScannerJNI: An error occurred while scanning file '/storage/usb1/iTOP-4412开发板视频教程及其相关/08-Linux驱动教程2015/视频04_Makefile编译/视频04_Makefile编译.avi'.
12-16 02:44:58.701  2597  5057 E MediaScannerJNI: An error occurred while scanning file '/storage/usb1/iTOP-4412开发板视频教程及其相关/08-Linux驱动教程2015/视频05_总线_设备_驱动注册流程详解/视频05_总线_设备_驱动注册流程详解.avi'.
12-16 02:44:58.723  2597  5057 E MediaScannerJNI: An error occurred while scanning file '/storage/usb1/iTOP-4412开发板视频教程及其相关/08-Linux驱动教程2015/视频06_设备注册/视频06_设备注册.avi'.
12-16 02:44:58.745  2597  5057 E MediaScannerJNI: An error occurred while scanning file '/storage/usb1/iTOP-4412开发板视频教程及其相关/08-Linux驱动教程2015/视频07_驱动注册/视频07_驱动注册.avi'.
12-16 02:44:58.769  2597  5057 E MediaScannerJNI: An error occurred while scanning file '/storage/usb1/iTOP-4412开发板视频教程及其相关/08-Linux驱动教程2015/视频08_生成设备节点/视频08_生成设备节点.avi'.
12-16 02:44:58.794  2597  5057 E MediaScannerJNI: An error occurred while scanning file '/storage/usb1/iTOP-4412开发板视频教程及其相关/08-Linux驱动教程2015/视频09-编写简单应用调用驱动/视频09-编写简单应用调用驱动.avi'.
12-16 02:44:58.816  2597  5057 E MediaScannerJNI: An error occurred while scanning file '/storage/usb1/iTOP-4412开发板视频教程及其相关/08-Linux驱动教程2015/视频10_驱动工程师硬件知识_基础概念/10_驱动工程师硬件知识_基础概念.avi'.
12-16 02:44:58.839  2597  5057 E MediaScannerJNI: An error occurred while scanning file '/storage/usb1/iTOP-4412开发板视频教程及其相关/08-Linux驱动教程2015/视频11_驱动工程师硬件知识_原理图的使用/视频11_驱动工程师硬件知识_原理图的使用.avi'.
12-16 02:44:58.862  2597  5057 E MediaScannerJNI: An error occurred while scanning file '/storage/usb1/iTOP-4412开发板视频教程及其相关/08-Linux驱动教程2015/视频12_物理地址虚拟地址/视频12_物理地址虚拟地址.avi'.
12-16 02:44:58.888  2597  5057 E MediaScannerJNI: An error occurred while scanning file '/storage/usb1/iTOP-4412开发板视频教程及其相关/08-Linux驱动教程2015/视频13_GPIO初始化/视频13_GPIO初始化.avi'.
12-16 02:44:58.917  2597  5057 E MediaScannerJNI: An error occurred while scanning file '/storage/usb1/iTOP-4412开发板视频教程及其相关/08-Linux驱动教程2015/视频14_LED驱动一/视频14_LEDS驱动一.avi'.
12-16 02:44:58.959  2597  5057 E MediaScannerJNI: An error occurred while scanning file '/storage/usb1/iTOP-4412开发板视频教程及其相关/08-Linux驱动教程2015/视频15_LEDS驱动二/视频15_LEDS驱动二.avi'.
12-16 02:44:59.002  2597  5057 E MediaScannerJNI: An error occurred while scanning file '/storage/usb1/iTOP-4412开发板视频教程及其相关/08-Linux驱动教程2015/视频16_驱动模块传参数/视频16_驱动模块传参数.avi'.
12-16 02:44:59.033  1891  1891 D SurfaceFlinger: Set power mode=2, type=0 flinger=0x7f1b31862000
12-16 02:44:59.033  1891  2137 D GRALLOC-DRM: set master
12-16 02:44:59.037  2597  5057 E MediaScannerJNI: An error occurred while scanning file '/storage/usb1/iTOP-4412开发板视频教程及其相关/08-Linux驱动教程2015/视频17_静态申请字符类设备号/视频17_静态申请字符类设备号.avi'.
12-16 02:44:59.071  2597  5057 E MediaScannerJNI: An error occurred while scanning file '/storage/usb1/iTOP-4412开发板视频教程及其相关/08-Linux驱动教程2015/视频18_动态申请字符类设备号/视频18_动态申请字符类设备号.avi'.
12-16 02:44:59.104  2597  5057 E MediaScannerJNI: An error occurred while scanning file '/storage/usb1/iTOP-4412开发板视频教程及其相关/08-Linux驱动教程2015/视频19_注册字符类设备/视频19_注册字符类设备.avi'.
12-16 02:44:59.139  2597  5057 E MediaScannerJNI: An error occurred while scanning file '/storage/usb1/iTOP-4412开发板视频教程及其相关/08-Linux驱动教程2015/视频20_生成字符类设备节点/视频20_生成字符类设备节点.avi'.
12-16 02:44:59.174  2597  5057 E MediaScannerJNI: An error occurred while scanning file '/storage/usb1/iTOP-4412开发板视频教程及其相关/08-Linux驱动教程2015/视频21_字符驱动/视频21_字符驱动.avi'.
12-16 02:44:59.216  2597  5057 E MediaScannerJNI: An error occurred while scanning file '/storage/usb1/iTOP-4412开发板视频教程及其相关/08-Linux驱动教程2015/视频22_字符类GPIOS/视频22_字符类GPIOS.avi'.
12-16 02:44:59.260  2597  5057 E MediaScannerJNI: An error occurred while scanning file '/storage/usb1/iTOP-4412开发板视频教程及其相关/08-Linux驱动教程2015/视频23_proc文件系统/视频23_proc文件系统.avi'.
12-16 02:44:59.288  2597  5057 E MediaScannerJNI: An error occurred while scanning file '/storage/usb1/iTOP-4412开发板视频教程及其相关/08-Linux驱动教程2015/视频24_中断的基础知识/视频24_中断的基础知识.avi'.
12-16 02:44:59.316  2597  5057 E MediaScannerJNI: An error occurred while scanning file '/storage/usb1/iTOP-4412开发板视频教程及其相关/08-Linux驱动教程2015/视频25_中断之独立按键/视频25_中断之独立按键.avi'.
12-16 02:44:59.389  2597  5057 W MediaScanner: Error opening directory '/storage/usb2/', skipping: Permission denied.
12-16 02:44:59.389  2597  5057 W MediaScanner: Error opening directory '/storage/usb3/', skipping: Permission denied.
12-16 02:45:00.424  1899  1899 E MetadataRetrieverClient: failed to extract an album art
12-16 02:45:00.430  1899  1899 E MetadataRetrieverClient: failed to extract an album art
12-16 02:45:00.441  5127  5127 W linker  : [vdso]: unused DT entry: type 0x6ffffef5 arg 0x160
12-16 02:45:00.752  2597  5057 V MediaScanner: pruneDeadThumbnailFiles... android.database.sqlite.SQLiteCursor@3eaf7fb9
12-16 02:45:00.752  2597  5057 V MediaScanner: /pruneDeadThumbnailFiles... android.database.sqlite.SQLiteCursor@3eaf7fb9
12-16 02:45:00.799  2166  2315 I ActivityManager: Start proc 5128:com.tencent.mm/u0a55 for broadcast com.tencent.mm/.booter.MountReceiver
12-16 02:45:00.801  5128  5128 W libnb   : Native bridge is disabled
12-16 02:45:00.819  5128  5128 I ActivityThread: Switching default density from 160 to 240
12-16 02:45:00.827  2166  2186 W ActivityManager: getRunningAppProcesses: caller 10055 does not hold REAL_GET_TASKS; limiting output
12-16 02:45:00.868  5128  5128 E art     : dlopen("/data/data/com.tencent.mm/app_recover_lib/libstlport_shared.so", RTLD_LAZY) failed: dlopen failed: "/data/data/com.tencent.mm/app_recover_lib/libstlport_shared.so" has unexpected e_machine: 40
12-16 02:45:00.868  5128  5128 E art     : dlopen("/data/app/com.tencent.mm-2/lib/arm/libstlport_shared.so", RTLD_LAZY) failed: dlopen failed: "/data/app/com.tencent.mm-2/lib/arm/libstlport_shared.so" has unexpected e_machine: 40
12-16 02:45:00.876  5128  5128 E art     : dlopen("/data/data/com.tencent.mm/app_recover_lib/libstlport_shared.so", RTLD_LAZY) failed: dlopen failed: "/data/data/com.tencent.mm/app_recover_lib/libstlport_shared.so" has unexpected e_machine: 40
12-16 02:45:00.877  5128  5128 D AndroidRuntime: Shutting down VM
12-16 02:45:00.878  5128  5128 I Process : Sending signal. PID: 5128 SIG: 9
12-16 02:45:00.886  2166  2187 I ActivityManager: Process com.tencent.mm (pid 5128) has died
12-16 02:45:03.015  2166  3310 I EGL-DRI2: DRI2: found extension DRI_Core version 1
12-16 02:45:03.015  2166  3310 I EGL-DRI2: DRI2: found extension DRI_DRI2 version 4
12-16 02:45:03.021  2166  3310 I EGL-DRI2: DRI2: found extension DRI_TexBuffer version 3
12-16 02:45:03.021  2166  3310 I EGL-DRI2: DRI2: found extension DRI2_Flush version 4
12-16 02:45:03.021  2166  3310 I EGL-DRI2: DRI2: found extension DRI_IMAGE version 11
12-16 02:45:03.021  2166  3310 I OpenGLRenderer: Initialized EGL, version 1.4
12-16 02:45:03.024  2282  2282 D PhoneStatusBar: disable: < EXPAND* icons alerts system_info back home recent clock search >
12-16 02:45:05.453  5160  5160 W linker  : [vdso]: unused DT entry: type 0x6ffffef5 arg 0x160
12-16 02:45:07.650  2166  2224 W AudioTrack: AUDIO_OUTPUT_FLAG_FAST denied by client
12-16 02:45:07.655  2166  2194 D ShutdownThread: Notifying thread to start shutdown longPressBehavior=1
12-16 02:45:07.655  2166  2315 W InputMethodManagerService: Window already focused, ignoring focus gain of: com.android.internal.view.IInputMethodClient$Stub$Proxy@3b1ce75 attribute=null, token = android.os.BinderProxy@aaf7d
12-16 02:45:07.662  1899  2163 D audio_hw_primary: found out /dev/snd/pcmC0D0p
12-16 02:45:07.666  2282  2282 D PhoneStatusBar: disable: < expand* icons alerts system_info back home recent clock search >
12-16 02:45:07.666  2166  5162 I ShutdownThread: Sending shutdown broadcast...
12-16 02:45:07.666  2166  2166 W SyncManager: Writing sync state before shutdown...
12-16 02:45:07.674  2166  3310 I EGL-DRI2: DRI2: found extension DRI_Core version 1
12-16 02:45:07.674  2166  3310 I EGL-DRI2: DRI2: found extension DRI_DRI2 version 4
12-16 02:45:07.677  2166  3310 I EGL-DRI2: DRI2: found extension DRI_TexBuffer version 3
12-16 02:45:07.677  2166  3310 I EGL-DRI2: DRI2: found extension DRI2_Flush version 4
12-16 02:45:07.677  2166  3310 I EGL-DRI2: DRI2: found extension DRI_IMAGE version 11
12-16 02:45:07.677  2166  3310 I OpenGLRenderer: Initialized EGL, version 1.4
12-16 02:45:07.701  2166  2166 I EntropyMixer: Writing entropy...
12-16 02:45:07.740  2166  5162 I ShutdownThread: Shutting down activity manager...
12-16 02:45:07.741  2166  5162 W AppOps  : Writing app ops before shutdown...
12-16 02:45:07.759  2166  5162 I UsageStatsService: User[0] Flushing usage stats to disk
12-16 02:45:07.810  2166  5162 W BatteryStats: Writing battery stats before shutdown...
12-16 02:45:07.823  2166  5162 W ProcessStatsService: Writing process stats before shutdown...
12-16 02:45:07.825  2166  5162 I ProcessStatsService: Prepared write state in 2ms
12-16 02:45:07.852  2166  5162 I ShutdownThread: Shutting down package manager...
12-16 02:45:07.870  2435  2765 V PhoneInterfaceManager: [PhoneIntfMgr] 1 Phones are shutdown.
12-16 02:45:07.870  2166  5166 I ShutdownThread: Waiting for NFC, Bluetooth and Radio...
12-16 02:45:07.870  2166  5166 I ShutdownThread: NFC, Radio and Bluetooth shutdown complete.
12-16 02:45:07.871  2166  5162 I ShutdownThread: Shutting down MountService
12-16 02:45:07.871  2166  5162 I MountService: Shutting down
12-16 02:45:07.871  2166  5162 I MountService: Unmount completed: /storage/usb3, result code: 0
12-16 02:45:07.871  2166  5162 I MountService: Unmount completed: /storage/usb2, result code: 0
12-16 02:45:07.871  2166  5162 I MountService: Unmount completed: /storage/sdcard1, result code: 0
12-16 02:45:07.872  2166  5162 I MountService: Unmount completed: /storage/usb0, result code: 0
12-16 02:45:07.872  2166  2207 I PackageManager: Updating external media status from unmounted to unmounted
12-16 02:45:07.952  2166  2207 I art     : Explicit concurrent mark sweep GC freed 27797(1807KB) AllocSpace objects, 25(3MB) LOS objects, 33% free, 13MB/19MB, paused 437us total 9.628ms
12-16 02:45:07.952  2166  2207 I PackageManager: Updating external media status from unmounted to unmounted
12-16 02:45:07.952  1890  2132 D Vold    : Volume usb1 state changing 4 (Mounted) -> 5 (Unmounting)
12-16 02:45:07.952  2166  2193 D MountService: sendStorageIntent Intent { act=android.intent.action.MEDIA_EJECT dat=file:///storage/usb1 flg=0x4000000 (has extras) } to UserHandle{-1}
12-16 02:45:07.953  2597  2597 D MediaProvider: deleting all entries for storage StorageVolume:
12-16 02:45:07.953  2597  2597 D MediaProvider:     mStorageId=262145 mPath=/storage/usb1 mDescriptionId=17040807 
12-16 02:45:07.953  2597  2597 D MediaProvider:     mPrimary=false mRemovable=true mEmulated=false mMtpReserveSpace=0 
12-16 02:45:07.953  2597  2597 D MediaProvider:     mAllowMassStorage=false mMaxFileSize=4294967296 mOwner=null 
12-16 02:45:07.953  2597  2597 D MediaProvider:     mUuid=B4FE-5315 mUserLabel=FENGJY mState=mounted 
12-16 02:45:07.967  2166  2186 I ActivityManager: Start proc 5167:com.tencent.mm/u0a55 for broadcast com.tencent.mm/.booter.MountReceiver
12-16 02:45:07.972  5167  5167 W libnb   : Native bridge is disabled
12-16 02:45:07.977  5167  5167 I ActivityThread: Switching default density from 160 to 240
12-16 02:45:07.979  2166  2570 W ActivityManager: getRunningAppProcesses: caller 10055 does not hold REAL_GET_TASKS; limiting output
12-16 02:45:07.996  5167  5167 E art     : dlopen("/data/data/com.tencent.mm/app_recover_lib/libstlport_shared.so", RTLD_LAZY) failed: dlopen failed: "/data/data/com.tencent.mm/app_recover_lib/libstlport_shared.so" has unexpected e_machine: 40
12-16 02:45:07.996  5167  5167 E art     : dlopen("/data/app/com.tencent.mm-2/lib/arm/libstlport_shared.so", RTLD_LAZY) failed: dlopen failed: "/data/app/com.tencent.mm-2/lib/arm/libstlport_shared.so" has unexpected e_machine: 40
12-16 02:45:08.004  5167  5167 E art     : dlopen("/data/data/com.tencent.mm/app_recover_lib/libstlport_shared.so", RTLD_LAZY) failed: dlopen failed: "/data/data/com.tencent.mm/app_recover_lib/libstlport_shared.so" has unexpected e_machine: 40
12-16 02:45:08.004  5167  5167 D AndroidRuntime: Shutting down VM
12-16 02:45:08.006  5167  5167 I Process : Sending signal. PID: 5167 SIG: 9
12-16 02:45:08.019  2166  3065 I ActivityManager: Process com.tencent.mm (pid 5167) has died
12-16 02:45:08.033  2166  2470 I ActivityManager: Start proc 5196:com.tencent.mm/u0a55 for broadcast com.tencent.mm/.booter.MountReceiver
12-16 02:45:08.033  5196  5196 W libnb   : Native bridge is disabled
12-16 02:45:08.037  5196  5196 I ActivityThread: Switching default density from 160 to 240
12-16 02:45:08.040  2166  2589 W ActivityManager: getRunningAppProcesses: caller 10055 does not hold REAL_GET_TASKS; limiting output
12-16 02:45:08.055  5196  5196 E art     : dlopen("/data/data/com.tencent.mm/app_recover_lib/libstlport_shared.so", RTLD_LAZY) failed: dlopen failed: "/data/data/com.tencent.mm/app_recover_lib/libstlport_shared.so" has unexpected e_machine: 40
12-16 02:45:08.055  5196  5196 E art     : dlopen("/data/app/com.tencent.mm-2/lib/arm/libstlport_shared.so", RTLD_LAZY) failed: dlopen failed: "/data/app/com.tencent.mm-2/lib/arm/libstlport_shared.so" has unexpected e_machine: 40
12-16 02:45:08.062  5196  5196 E art     : dlopen("/data/data/com.tencent.mm/app_recover_lib/libstlport_shared.so", RTLD_LAZY) failed: dlopen failed: "/data/data/com.tencent.mm/app_recover_lib/libstlport_shared.so" has unexpected e_machine: 40
12-16 02:45:08.062  5196  5196 D AndroidRuntime: Shutting down VM
12-16 02:45:08.063  5196  5196 I Process : Sending signal. PID: 5196 SIG: 9
12-16 02:45:08.078  2166  2589 I ActivityManager: Process com.tencent.mm (pid 5196) has died
12-16 02:45:08.553  5226  5226 W libnb   : Native bridge is disabled
12-16 02:45:08.555  2166  2187 I ActivityManager: Start proc 5226:com.tencent.mm/u0a55 for broadcast com.tencent.mm/.booter.MountReceiver
12-16 02:45:08.565  1903  1903 I art     : Explicit concurrent mark sweep GC freed 709(30KB) AllocSpace objects, 0(0B) LOS objects, 40% free, 1904KB/3MB, paused 142us total 9.500ms
12-16 02:45:08.570  5226  5226 I ActivityThread: Switching default density from 160 to 240
12-16 02:45:08.574  1903  1903 I art     : Explicit concurrent mark sweep GC freed 5(160B) AllocSpace objects, 0(0B) LOS objects, 40% free, 1904KB/3MB, paused 136us total 9.135ms
12-16 02:45:08.579  2166  2593 W ActivityManager: getRunningAppProcesses: caller 10055 does not hold REAL_GET_TASKS; limiting output
12-16 02:45:08.582  1903  1903 I art     : Explicit concurrent mark sweep GC freed 5(160B) AllocSpace objects, 0(0B) LOS objects, 40% free, 1904KB/3MB, paused 94us total 8.143ms
12-16 02:45:08.614  5226  5226 E art     : dlopen("/data/data/com.tencent.mm/app_recover_lib/libstlport_shared.so", RTLD_LAZY) failed: dlopen failed: "/data/data/com.tencent.mm/app_recover_lib/libstlport_shared.so" has unexpected e_machine: 40
12-16 02:45:08.615  5226  5226 E art     : dlopen("/data/app/com.tencent.mm-2/lib/arm/libstlport_shared.so", RTLD_LAZY) failed: dlopen failed: "/data/app/com.tencent.mm-2/lib/arm/libstlport_shared.so" has unexpected e_machine: 40
12-16 02:45:08.624  5226  5226 E art     : dlopen("/data/data/com.tencent.mm/app_recover_lib/libstlport_shared.so", RTLD_LAZY) failed: dlopen failed: "/data/data/com.tencent.mm/app_recover_lib/libstlport_shared.so" has unexpected e_machine: 40
12-16 02:45:08.624  5226  5226 D AndroidRuntime: Shutting down VM
12-16 02:45:08.625  5226  5226 I Process : Sending signal. PID: 5226 SIG: 9
12-16 02:45:08.633  2166  2187 I ActivityManager: Process com.tencent.mm (pid 5226) has died
12-16 02:45:09.960  5255  5255 W linker  : [vdso]: unused DT entry: type 0x6ffffef5 arg 0x160
12-16 02:45:09.961  1890  2132 I Vold    : /mnt/secure/asec sucessfully unmounted
12-16 02:45:09.980  1890  2132 I Vold    : /storage/usb1 sucessfully unmounted
12-16 02:45:10.704  1890  2132 I Vold    : /mnt/media_rw/usb1 sucessfully unmounted
12-16 02:45:10.704  1890  2132 I Vold    : /mnt/media_rw/usb1 unmounted successfully
12-16 02:45:10.704  1890  2132 D Vold    : Volume usb1 state changing 5 (Unmounting) -> 1 (Idle-Unmounted)
12-16 02:45:10.704  2166  2193 D MountService: volume state changed for /storage/usb1 (mounted -> unmounted)
12-16 02:45:10.704  2166  2207 E VoldConnector: NDC Command {74 volume unmount /storage/usb1 force} took too long (2752ms)
12-16 02:45:10.704  2166  2207 I MountService: Unmount completed: /storage/usb1, result code: 0
12-16 02:45:10.704  2166  2193 D MountService: sendStorageIntent Intent { act=android.intent.action.MEDIA_UNMOUNTED dat=file:///storage/usb1 flg=0x4000000 (has extras) } to UserHandle{-1}
12-16 02:45:10.705  3229  3229 D ExternalStorage: After updating volumes, found 1 active roots
12-16 02:45:10.706  2597  2597 D MediaScannerReceiver: action: android.intent.action.MEDIA_UNMOUNTED path: /storage/usb1
12-16 02:45:10.715  2166  2207 I art     : Explicit concurrent mark sweep GC freed 7267(376KB) AllocSpace objects, 0(0B) LOS objects, 33% free, 12MB/19MB, paused 295us total 10.749ms
12-16 02:45:10.715  2166  2207 I PackageManager: Updating external media status from unmounted to unmounted
12-16 02:45:10.715  2166  2207 I MountService: Unmount completed: /storage/emulated/0, result code: -1
12-16 02:45:10.715  2166  2207 W ShutdownThread: Result code 0 from MountService.shutdown
12-16 02:45:10.715  2166  5162 W AppOps  : Bad call: specified package null under uid 1000 but it is really -1
12-16 02:45:10.715  2166  5162 W VibratorService: Would be an error: vibrate from uid 1000
12-16 02:45:10.715  2166  2166 W AppOps  : Bad call: specified package null under uid 1000 but it is really -1
12-16 02:45:10.721  2166  2470 I ActivityManager: Start proc 5256:com.tencent.mm/u0a55 for broadcast com.tencent.mm/.booter.MountReceiver
12-16 02:45:10.725  5256  5256 W libnb   : Native bridge is disabled
12-16 02:45:10.730  5256  5256 I ActivityThread: Switching default density from 160 to 240
12-16 02:45:10.732  2166  2186 W ActivityManager: getRunningAppProcesses: caller 10055 does not hold REAL_GET_TASKS; limiting output
12-16 02:45:10.748  5256  5256 E art     : dlopen("/data/data/com.tencent.mm/app_recover_lib/libstlport_shared.so", RTLD_LAZY) failed: dlopen failed: "/data/data/com.tencent.mm/app_recover_lib/libstlport_shared.so" has unexpected e_machine: 40
12-16 02:45:10.748  5256  5256 E art     : dlopen("/data/app/com.tencent.mm-2/lib/arm/libstlport_shared.so", RTLD_LAZY) failed: dlopen failed: "/data/app/com.tencent.mm-2/lib/arm/libstlport_shared.so" has unexpected e_machine: 40
12-16 02:45:10.754  5256  5256 E art     : dlopen("/data/data/com.tencent.mm/app_recover_lib/libstlport_shared.so", RTLD_LAZY) failed: dlopen failed: "/data/data/com.tencent.mm/app_recover_lib/libstlport_shared.so" has unexpected e_machine: 40
12-16 02:45:10.754  5256  5256 D AndroidRuntime: Shutting down VM
12-16 02:45:10.755  5256  5256 I Process : Sending signal. PID: 5256 SIG: 9
12-16 02:45:10.762  2166  2589 I ActivityManager: Process com.tencent.mm (pid 5256) has died
12-16 02:45:11.215  2166  5162 I ShutdownThread: Performing low-level shutdown...
--------- beginning of main
12-16 02:50:11.249     0  1910 W linker  : [vdso]: unused DT entry: type 0x6ffffef5 arg 0x160
12-16 02:50:11.251     0  1927 W linker  : [vdso]: unused DT entry: type 0x6ffffef5 arg 0x160
12-16 02:50:11.252     0  1929 W linker  : [vdso]: unused DT entry: type 0x6ffffef5 arg 0x160
12-16 02:50:11.352     0  1922 W linker  : [vdso]: unused DT entry: type 0x6ffffef5 arg 0x160
12-16 02:50:11.352     0  1922 I powerbtn: open event2(Power Button) ok
12-16 02:50:11.363     0  1922 I powerbtn: open event1(Power Button) ok
12-16 02:50:11.455     0  1907 W linker  : [vdso]: unused DT entry: type 0x6ffffef5 arg 0x160
12-16 02:50:11.985     0  1917 W linker  : [vdso]: unused DT entry: type 0x6ffffef5 arg 0xec
12-16 02:50:12.100     0  1911 W linker  : [vdso]: unused DT entry: type 0x6ffffef5 arg 0x160
12-16 02:50:12.102     0  1923 W linker  : [vdso]: unused DT entry: type 0x6ffffef5 arg 0x160
12-16 02:50:12.207     0  1917 I mediaserver: ServiceManager: 0xf5c356a0
12-16 02:50:12.207     0  1917 I AudioFlinger: Using default 3000 mSec as standby time.
12-16 02:50:12.207     0  1917 I ServiceManager: Waiting for service batterystats...
12-16 02:50:12.367     0  1918 W linker  : [vdso]: unused DT entry: type 0x6ffffef5 arg 0x160
12-16 02:50:12.368     0  1918 I installd: installd firing up
12-16 02:50:12.475     0  1912 W linker  : [vdso]: unused DT entry: type 0x6ffffef5 arg 0x160
12-16 02:50:12.476     0  1912 I Netd    : Netd 1.0 starting
12-16 02:50:12.477     0  1912 E Netd    : Failed to open /proc/sys/net/ipv6/conf/default/accept_ra_rt_table: No such file or directory
12-16 02:50:12.477     0  1912 E Netd    : Failed to open /proc/sys/net/ipv6/conf/eth0/accept_ra_rt_table: No such file or directory
12-16 02:50:12.477     0  1912 E Netd    : Failed to open /proc/sys/net/ipv6/conf/ip6tnl0/accept_ra_rt_table: No such file or directory
12-16 02:50:12.477     0  1912 E Netd    : Failed to open /proc/sys/net/ipv6/conf/lo/accept_ra_rt_table: No such file or directory
12-16 02:50:12.477     0  1912 E Netd    : Failed to open /proc/sys/net/ipv6/conf/sit0/accept_ra_rt_table: No such file or directory
12-16 02:50:12.513     0  1916 W linker  : [vdso]: unused DT entry: type 0x6ffffef5 arg 0xec
12-16 02:50:12.534     0  1913 W linker  : [vdso]: unused DT entry: type 0x6ffffef5 arg 0xec
12-16 02:50:12.535     0  1913 I         : debuggerd: Dec  8 2015 05:11:25
12-16 02:50:12.551     0  1933 W linker  : [vdso]: unused DT entry: type 0x6ffffef5 arg 0x160
12-16 02:50:13.043     0  1935 W linker  : [vdso]: unused DT entry: type 0x6ffffef5 arg 0x160
12-16 02:50:13.046     0  1936 W linker  : [vdso]: unused DT entry: type 0x6ffffef5 arg 0x160
12-16 02:50:13.049     0  1937 W linker  : [vdso]: unused DT entry: type 0x6ffffef5 arg 0x160
12-16 02:50:13.051     0  1938 W linker  : [vdso]: unused DT entry: type 0x6ffffef5 arg 0x160
12-16 02:50:13.053     0  1939 W linker  : [vdso]: unused DT entry: type 0x6ffffef5 arg 0x160
12-16 02:50:13.055     0  1940 W linker  : [vdso]: unused DT entry: type 0x6ffffef5 arg 0x160
12-16 02:50:13.055     0  1912 I iptables: WARNING: linker: [vdso]: unused DT entry: type 0x6ffffef5 arg 0x160
12-16 02:50:13.056     0  1941 W linker  : [vdso]: unused DT entry: type 0x6ffffef5 arg 0x160
12-16 02:50:13.056     0  1912 I ip6tables: WARNING: linker: [vdso]: unused DT entry: type 0x6ffffef5 arg 0x160
12-16 02:50:13.057     0  1942 W linker  : [vdso]: unused DT entry: type 0x6ffffef5 arg 0x160
12-16 02:50:13.057     0  1912 I iptables: WARNING: linker: [vdso]: unused DT entry: type 0x6ffffef5 arg 0x160
12-16 02:50:13.057     0  1943 W linker  : [vdso]: unused DT entry: type 0x6ffffef5 arg 0x160
12-16 02:50:13.057     0  1912 I ip6tables: WARNING: linker: [vdso]: unused DT entry: type 0x6ffffef5 arg 0x160
12-16 02:50:13.058     0  1944 W linker  : [vdso]: unused DT entry: type 0x6ffffef5 arg 0x160
12-16 02:50:13.058     0  1945 W linker  : [vdso]: unused DT entry: type 0x6ffffef5 arg 0x160
12-16 02:50:13.059     0  1946 W linker  : [vdso]: unused DT entry: type 0x6ffffef5 arg 0x160
