12-16 02:50:43.130  2482  2688 D MmsSmsDatabaseHelper: [MmsSmsDb] tableName: part hasAutoIncrement: CREATE TABLE part (_id INTEGER PRIMARY KEY AUTOINCREMENT,mid INTEGER,seq INTEGER DEFAULT 0,ct TEXT,name TEXT,chset INTEGER,cd TEXT,fn TEXT,cid TEXT,cl TEXT,ctt_s INTEGER,ctt_t TEXT,_data TEXT,text TEXT) result: true
12-16 02:50:43.130  2482  2688 D MmsSmsDatabaseHelper: [MmsSmsDb] tableName: pdu hasAutoIncrement: CREATE TABLE pdu (_id INTEGER PRIMARY KEY AUTOINCREMENT,thread_id INTEGER,date INTEGER,date_sent INTEGER DEFAULT 0,msg_box INTEGER,read INTEGER DEFAULT 0,m_id TEXT,sub TEXT,sub_cs INTEGER,ct_t TEXT,ct_l TEXT,exp INTEGER,m_cls TEXT,m_type INTEGER,v INTEGER,m_size INTEGER,pri INTEGER,rr INTEGER,rpt_a INTEGER,resp_st INTEGER,st INTEGER,tr_id TEXT,retr_st INTEGER,retr_txt TEXT,retr_txt_cs INTEGER,read_status INTEGER,ct_cls INTEGER,resp_txt TEXT,d_tm INTEGER,d_rpt INTEGER,locked INTEGER DEFAULT 0,sub_id INTEGER DEFAULT -1, seen INTEGER DEFAULT 0,creator TEXT,text_only INTEGER DEFAULT 0) result: true
12-16 02:50:43.130  2482  2688 D MmsSmsDatabaseHelper: [getWritableDatabase] hasAutoIncrementThreads: true hasAutoIncrementAddresses: true hasAutoIncrementPart: true hasAutoIncrementPdu: true
12-16 02:50:43.131  3050  3312 D Mms     : cancelNotification
12-16 02:50:43.132  1920  1920 I art     : Explicit concurrent mark sweep GC freed 706(30KB) AllocSpace objects, 0(0B) LOS objects, 39% free, 1950KB/3MB, paused 20us total 2.049ms
12-16 02:50:43.133  3315  3315 I ActivityThread: Switching default density from 160 to 240
12-16 02:50:43.133  3050  3314 D Mms     : cancelNotification
12-16 02:50:43.134  1920  1920 I art     : Explicit concurrent mark sweep GC freed 5(160B) AllocSpace objects, 0(0B) LOS objects, 39% free, 1950KB/3MB, paused 19us total 1.941ms
12-16 02:50:43.135  1920  1920 I art     : Explicit concurrent mark sweep GC freed 5(160B) AllocSpace objects, 0(0B) LOS objects, 39% free, 1950KB/3MB, paused 16us total 1.848ms
12-16 02:50:43.194  2183  3243 I BootReceiver: Copying /data/tombstones/tombstone_03 to DropBox (SYSTEM_TOMBSTONE)
12-16 02:50:43.416  3213  3213 D AdapterServiceConfig: Adding HeadsetService
12-16 02:50:43.416  3213  3213 D AdapterServiceConfig: Adding A2dpService
12-16 02:50:43.416  3213  3213 D AdapterServiceConfig: Adding HidService
12-16 02:50:43.417  3213  3213 D AdapterServiceConfig: Adding HealthService
12-16 02:50:43.417  3213  3213 D AdapterServiceConfig: Adding PanService
12-16 02:50:43.417  3213  3213 D AdapterServiceConfig: Adding GattService
12-16 02:50:43.417  3213  3213 D AdapterServiceConfig: Adding BluetoothMapService
12-16 02:50:43.430  3213  3213 D BlueZ   : external/bluetooth/bluez/android/hal-bluetooth.c:open_bluetooth() 
12-16 02:50:43.430  3213  3213 D BlueZ   : external/bluetooth/bluez/android/hal-bluetooth.c:get_bluetooth_interface() 
12-16 02:50:43.433  2183  2213 D BluetoothManagerService: Message: 20
12-16 02:50:43.433  2183  2213 D BluetoothManagerService: Added callback: android.bluetooth.IBluetoothManagerCallback$Stub$Proxy@3369a7a6:true
12-16 02:50:43.433  3213  3213 D BluetoothAdapterState: make
12-16 02:50:43.434  3213  3213 D BlueZ   : external/bluetooth/bluez/android/hal-bluetooth.c:init() 
12-16 02:50:43.435  3213  3337 I BluetoothAdapterState: Entering OffState
12-16 02:50:43.436  3339  3339 W linker  : [vdso]: unused DT entry: type 0x6ffffef5 arg 0x160
12-16 02:50:43.437  3340  3340 W linker  : [vdso]: unused DT entry: type 0x6ffffef5 arg 0x160
12-16 02:50:43.438  3339  3339 I sh      : WARNING: linker: [vdso]: unused DT entry: type 0x6ffffef5 arg 0x160
12-16 02:50:43.445  3339  3339 I sh      : + hw_sh=/vendor/etc/init.sh 
12-16 02:50:43.445  3339  3339 I sh      : + '[' -e /vendor/etc/init.sh ']'
12-16 02:50:43.445  3339  3339 I sh      : + do_hci
12-16 02:50:43.445  3339  3339 I sh      : + hciconfig
12-16 02:50:43.445  3339  3339 I sh      : + grep ^hci
12-16 02:50:43.445  3339  3339 I sh      : + cut -d: -f1
12-16 02:50:43.447  3346  3346 W linker  : [vdso]: unused DT entry: type 0x6ffffef5 arg 0x160
12-16 02:50:43.447  3339  3339 I sh      : WARNING: linker: [vdso]: unused DT entry: type 0x6ffffef5 arg 0x160
12-16 02:50:43.449  3345  3345 W linker  : [vdso]: unused DT entry: type 0x6ffffef5 arg 0x160
12-16 02:50:43.449  3339  3339 I sh      : WARNING: linker: [vdso]: unused DT entry: type 0x6ffffef5 arg 0x160
12-16 02:50:43.450  2883  3006 D MSF.C.NetConnTag: [E]pa ok: 34868
12-16 02:50:43.450  2883  3006 D MSF.C.NetConnTag: [E]netSend ssoSeq:34868 uin:0 cmd:1352667419 34994
12-16 02:50:43.485  2883  3220 D MSF.C.NetConnTag: [E]netRecv ssoSeq:34868 uin:0 cmd:1352667419 34934
12-16 02:50:43.639  2316  2316 D PhoneStatusBar: disable: < expand icons* alerts system_info* back home recent clock search >
12-16 02:50:43.663  2183  2516 W InputMethodManagerService: Window already focused, ignoring focus gain of: com.android.internal.view.IInputMethodClient$Stub$Proxy@1c17b594 attribute=null, token = android.os.BinderProxy@3aac0cda
12-16 02:50:43.672  3338  3338 W linker  : [vdso]: unused DT entry: type 0x6ffffef5 arg 0x160
12-16 02:50:43.719  3344  3344 W linker  : [vdso]: unused DT entry: type 0x6ffffef5 arg 0x160
12-16 02:50:43.719  3339  3339 I sh      : WARNING: linker: [vdso]: unused DT entry: type 0x6ffffef5 arg 0x160
12-16 02:50:43.720  3339  3339 I sh      : + typeset 'hci='
12-16 02:50:43.721  3339  3339 I sh      : + getprop init.svc.bluetoothd
12-16 02:50:43.724  3347  3347 W linker  : [vdso]: unused DT entry: type 0x6ffffef5 arg 0x160
12-16 02:50:43.724  3339  3339 I sh      : WARNING: linker: [vdso]: unused DT entry: type 0x6ffffef5 arg 0x160
12-16 02:50:43.725  3339  3339 I sh      : + typeset 'btd=running'
12-16 02:50:43.725  3339  3339 I sh      : + log -t bluetoothd -p i 'running ()'
12-16 02:50:43.729  3348  3348 W linker  : [vdso]: unused DT entry: type 0x6ffffef5 arg 0x160
12-16 02:50:43.729  3339  3339 I sh      : WARNING: linker: [vdso]: unused DT entry: type 0x6ffffef5 arg 0x160
12-16 02:50:43.730  3348  3348 I bluetoothd: running () 
12-16 02:50:43.730  3315  3315 V OneTimeInitializerRece: OneTimeInitializerReceiver.onReceive
12-16 02:50:43.731  3339  3339 I sh      : + getprop hal.bluetooth.uart
12-16 02:50:43.734  3349  3349 W linker  : [vdso]: unused DT entry: type 0x6ffffef5 arg 0x160
12-16 02:50:43.734  3339  3339 I sh      : WARNING: linker: [vdso]: unused DT entry: type 0x6ffffef5 arg 0x160
12-16 02:50:43.735  3339  3339 I sh      : + '[' -n  ']'
12-16 02:50:43.736  3339  3339 I sh      : + return 0
12-16 02:50:43.759  2183  2519 I ActivityManager: Start proc 3353:com.android.settings/1000 for broadcast com.android.settings/.sim.SimBootReceiver
12-16 02:50:43.777  3353  3353 I ActivityThread: Switching default density from 160 to 240
12-16 02:50:44.204  2183  2670 D NetworkMonitor/NetworkAgentInfo [Ethernet () - 100]: Probably not a portal: exception java.net.SocketTimeoutException: failed to connect to connectivitycheck.android.com/216.58.221.78 (port 80) after 10000ms
12-16 02:50:44.260  2316  2316 D PhoneStatusBar: disable: < expand ICONS* alerts SYSTEM_INFO* back home recent clock search >
12-16 02:50:44.284  3338  3338 W linker  : [vdso]: unused DT entry: type 0x6ffffef5 arg 0x160
12-16 02:50:44.382  2382  2382 I SystemBroadcastReceiver: Boot has been completed
12-16 02:50:44.382  2382  2382 I LauncherIconVisibilityManager: Activity has already been disabled: ComponentInfo{com.android.inputmethod.latin/com.android.inputmethod.latin.setup.SetupActivity}
12-16 02:50:44.387  3338  3338 I bluetoothd: Bluetooth daemon 5.36
12-16 02:50:44.387  3338  3338 I bluetoothd: Starting SDP server
12-16 02:50:44.389  3338  3338 I bluetoothd: Bluetooth management interface 1.10 initialized
12-16 02:50:44.389  3338  3338 I bluetoothd: Kernel connection control will be used
12-16 02:50:44.407  2183  2517 I ActivityManager: Start proc 3378:com.android.email/u0a36 for broadcast com.android.email/.service.EmailBroadcastReceiver
12-16 02:50:44.420  3378  3378 I ActivityThread: Switching default density from 160 to 240
12-16 02:50:44.420  2183  2213 D BluetoothManagerService: Message: 100
12-16 02:50:44.420  2183  2213 E BluetoothManagerService: MESSAGE_TIMEOUT_BIND
12-16 02:50:44.890  2183  2222 I ActivityManager: Start proc 3401:com.android.exchange/u0a24 for service com.android.exchange/.service.EasService
12-16 02:50:44.909  3401  3401 I ActivityThread: Switching default density from 160 to 240
12-16 02:50:45.400  3378  3423 D ActivityThread: Loading provider com.android.email.provider;com.android.email.notifier: com.android.email.provider.EmailProvider
12-16 02:50:45.404  3378  3426 D ActivityThread: Loading provider com.android.email.provider;com.android.email.notifier: com.android.email.provider.EmailProvider
12-16 02:50:45.406  3378  3428 D ActivityThread: Loading provider com.android.email.provider;com.android.email.notifier: com.android.email.provider.EmailProvider
12-16 02:50:45.407  3378  3430 D ActivityThread: Loading provider com.android.email.provider;com.android.email.notifier: com.android.email.provider.EmailProvider
12-16 02:50:45.409  3378  3432 D ActivityThread: Loading provider com.android.email.provider;com.android.email.notifier: com.android.email.provider.EmailProvider
12-16 02:50:45.420  3378  3424 D ActivityThread: Loading provider com.android.email.provider;com.android.email.notifier: com.android.email.provider.EmailProvider
12-16 02:50:45.668  3028  3198 V xiaomi  : [Thread:61] connected to 42.62.94.2:5222 in 5073
12-16 02:50:45.668  2183  2519 W ActivityManager: getRunningAppProcesses: caller 10053 does not hold REAL_GET_TASKS; limiting output
12-16 02:50:45.669  2183  2204 W ActivityManager: Unable to start service Intent { cmp=com.android.email/.service.AttachmentService } U=0: not found
12-16 02:50:45.669  2183  2556 W ActivityManager: Unable to start service Intent { cmp=com.android.email/.service.AttachmentService } U=0: not found
12-16 02:50:45.670  2183  2204 W ActivityManager: Unable to start service Intent { cmp=com.android.email/.service.AttachmentService } U=0: not found
12-16 02:50:45.670  2183  2590 W ActivityManager: Unable to start service Intent { cmp=com.android.email/.service.AttachmentService } U=0: not found
12-16 02:50:45.670  2183  2519 W ActivityManager: Unable to start service Intent { cmp=com.android.email/.service.AttachmentService } U=0: not found
12-16 02:50:45.672  3378  3436 I Email   : Observing account changes for notifications
12-16 02:50:45.672  3028  3435 V xiaomi  : [Thread:65] setChallenge hash = 71f0b52e
12-16 02:50:45.672  3028  3435 V xiaomi  : [Thread:65] update the connection status. connecting -> connected : ERROR_OK 
12-16 02:50:45.672  2183  2205 W ActivityManager: Unable to start service Intent { cmp=com.android.email/.service.AttachmentService } U=0: not found
12-16 02:50:45.673  2183  2222 W ActivityManager: Unable to start service Intent { cmp=com.android.email/.service.AttachmentService } U=0: not found
12-16 02:50:45.673  3028  3198 V xiaomi  : [Thread:61] JOB: bind the client. 5, 51365648725@xiaomi.com/anyH1g25
12-16 02:50:45.673  3028  3198 V xiaomi  : [Thread:61] update the client 5 status. unbind->binding unknown ERROR_OK null null
12-16 02:50:45.675  3028  3198 V xiaomi  : [Thread:61] SMACK: bind id=Sr8OK-0
12-16 02:50:45.686  3028  3198 V xiaomi  : [Thread:61] try send mi push message. packagename:cn.wps.moffice_eng action:Subscription
12-16 02:50:45.687  3028  3198 V xiaomi  : [Thread:61] update the client 5 status. binding->binded OPEN ERROR_OK null null
12-16 02:50:45.687  3028  3198 V xiaomi  : [Thread:61] SMACK: channel bind succeeded, chid=5
12-16 02:50:45.735  3028  3198 V xiaomi  : [Thread:61] receive a message, appid=2882303761517132502, msgid= g0Rn1450234240602
12-16 02:50:45.743  3439  3439 W linker  : [vdso]: unused DT entry: type 0x6ffffef5 arg 0x160
12-16 02:50:45.758  3118  3118 D AlertReceiver: onReceive: a=android.intent.action.BOOT_COMPLETED Intent { act=android.intent.action.BOOT_COMPLETED flg=0x8000010 cmp=com.android.calendar/.alerts.AlertReceiver (has extras) }
12-16 02:50:45.760  3146  3146 V AlarmClock: AlarmInitReceiver android.intent.action.BOOT_COMPLETED
12-16 02:50:46.036  3146  3208 V AlarmClock: AlarmInitReceiver - Reset timers and clear stopwatch data
12-16 02:50:46.054  3146  3208 V AlarmClock: AlarmInitReceiver finished
12-16 02:50:46.075  2183  2556 I ActivityManager: Start proc 3444:com.tencent.mm:exdevice/u0a55 for broadcast com.tencent.mm/.booter.MMReceivers$ExdeviceProcessReceiver
12-16 02:50:46.080  3444  3444 W libnb   : Native bridge is disabled
12-16 02:50:46.096  3444  3444 I ActivityThread: Switching default density from 160 to 240
12-16 02:50:46.103  2183  2222 W ActivityManager: getRunningAppProcesses: caller 10055 does not hold REAL_GET_TASKS; limiting output
12-16 02:50:46.133  3444  3444 E art     : dlopen("/data/data/com.tencent.mm/app_recover_lib/libstlport_shared.so", RTLD_LAZY) failed: dlopen failed: "/data/data/com.tencent.mm/app_recover_lib/libstlport_shared.so" has unexpected e_machine: 40
12-16 02:50:46.133  3444  3444 E art     : dlopen("/data/app/com.tencent.mm-2/lib/arm/libstlport_shared.so", RTLD_LAZY) failed: dlopen failed: "/data/app/com.tencent.mm-2/lib/arm/libstlport_shared.so" has unexpected e_machine: 40
12-16 02:50:46.142  3444  3444 E art     : dlopen("/data/data/com.tencent.mm/app_recover_lib/libstlport_shared.so", RTLD_LAZY) failed: dlopen failed: "/data/data/com.tencent.mm/app_recover_lib/libstlport_shared.so" has unexpected e_machine: 40
12-16 02:50:46.143  3444  3444 D AndroidRuntime: Shutting down VM
12-16 02:50:46.144  3444  3444 I Process : Sending signal. PID: 3444 SIG: 9
12-16 02:50:46.151  2183  2205 I ActivityManager: Process com.tencent.mm:exdevice (pid 3444) has died
12-16 02:50:46.165  2183  2209 I ActivityManager: Start proc 3472:com.tencent.mm:push/u0a55 for broadcast com.tencent.mm/.booter.MMReceivers$BootReceiver
12-16 02:50:46.168  3472  3472 W libnb   : Native bridge is disabled
12-16 02:50:46.172  3472  3472 I ActivityThread: Switching default density from 160 to 240
12-16 02:50:46.174  2183  2222 W ActivityManager: getRunningAppProcesses: caller 10055 does not hold REAL_GET_TASKS; limiting output
12-16 02:50:46.185  3472  3472 E art     : dlopen("/data/data/com.tencent.mm/app_recover_lib/libstlport_shared.so", RTLD_LAZY) failed: dlopen failed: "/data/data/com.tencent.mm/app_recover_lib/libstlport_shared.so" has unexpected e_machine: 40
12-16 02:50:46.185  3472  3472 E art     : dlopen("/data/app/com.tencent.mm-2/lib/arm/libstlport_shared.so", RTLD_LAZY) failed: dlopen failed: "/data/app/com.tencent.mm-2/lib/arm/libstlport_shared.so" has unexpected e_machine: 40
12-16 02:50:46.192  3472  3472 E art     : dlopen("/data/data/com.tencent.mm/app_recover_lib/libstlport_shared.so", RTLD_LAZY) failed: dlopen failed: "/data/data/com.tencent.mm/app_recover_lib/libstlport_shared.so" has unexpected e_machine: 40
12-16 02:50:46.192  3472  3472 D AndroidRuntime: Shutting down VM
12-16 02:50:46.192  3472  3472 I Process : Sending signal. PID: 3472 SIG: 9
12-16 02:50:46.201  2183  2556 I ActivityManager: Process com.tencent.mm:push (pid 3472) has died
12-16 02:50:46.201  2183  2516 I ActivityManager: Delay finish: cn.wps.moffice_eng/cn.wps.moffice.common.readlater.push.MonitorServiceReceiver
12-16 02:50:46.538  2183  2205 I ActivityManager: Resuming delayed broadcast
12-16 02:50:46.563  3500  3500 W libnb   : Native bridge is disabled
12-16 02:50:46.565  2183  2205 I ActivityManager: Start proc 3500:com.tencent.mm/u0a55 for broadcast com.tencent.mm/.booter.MountReceiver
12-16 02:50:46.580  3500  3500 I ActivityThread: Switching default density from 160 to 240
12-16 02:50:46.588  2183  2590 W ActivityManager: getRunningAppProcesses: caller 10055 does not hold REAL_GET_TASKS; limiting output
12-16 02:50:46.631  3500  3500 E art     : dlopen("/data/data/com.tencent.mm/app_recover_lib/libstlport_shared.so", RTLD_LAZY) failed: dlopen failed: "/data/data/com.tencent.mm/app_recover_lib/libstlport_shared.so" has unexpected e_machine: 40
12-16 02:50:46.631  3500  3500 E art     : dlopen("/data/app/com.tencent.mm-2/lib/arm/libstlport_shared.so", RTLD_LAZY) failed: dlopen failed: "/data/app/com.tencent.mm-2/lib/arm/libstlport_shared.so" has unexpected e_machine: 40
12-16 02:50:46.640  3500  3500 E art     : dlopen("/data/data/com.tencent.mm/app_recover_lib/libstlport_shared.so", RTLD_LAZY) failed: dlopen failed: "/data/data/com.tencent.mm/app_recover_lib/libstlport_shared.so" has unexpected e_machine: 40
12-16 02:50:46.640  3500  3500 D AndroidRuntime: Shutting down VM
12-16 02:50:46.641  3500  3500 I Process : Sending signal. PID: 3500 SIG: 9
12-16 02:50:46.650  2183  2516 I ActivityManager: Process com.tencent.mm (pid 3500) has died
12-16 02:50:46.650  2183  2204 I ActivityManager: Delay finish: com.tencent.mobileqq/.msf.core.NetConnInfoCenter
12-16 02:50:46.824  2183  2517 I ActivityManager: Resuming delayed broadcast
12-16 02:50:46.826  2183  2516 I ActivityManager: Delay finish: com.android.mms/.transaction.SmsReceiver
12-16 02:50:46.828  3050  3050 V Mms     : onStart: #1 mResultCode: -1 = Activity.RESULT_OK
12-16 02:50:46.835  2183  2517 I ActivityManager: Resuming delayed broadcast
12-16 02:50:46.935  3378  3378 E ActivityThread: Service com.android.email.service.EmailBroadcastProcessorService has leaked ServiceConnection com.android.emailcommon.service.ServiceProxy$ProxyConnection@30a4914d that was originally bound here
12-16 02:50:46.935  3378  3378 E ActivityThread: android.app.ServiceConnectionLeaked: Service com.android.email.service.EmailBroadcastProcessorService has leaked ServiceConnection com.android.emailcommon.service.ServiceProxy$ProxyConnection@30a4914d that was originally bound here
12-16 02:50:46.935  3378  3378 E ActivityThread: 	at android.app.LoadedApk$ServiceDispatcher.<init>(LoadedApk.java:1077)
12-16 02:50:46.935  3378  3378 E ActivityThread: 	at android.app.LoadedApk.getServiceDispatcher(LoadedApk.java:971)
12-16 02:50:46.935  3378  3378 E ActivityThread: 	at android.app.ContextImpl.bindServiceCommon(ContextImpl.java:1774)
12-16 02:50:46.935  3378  3378 E ActivityThread: 	at android.app.ContextImpl.bindService(ContextImpl.java:1757)
12-16 02:50:46.935  3378  3378 E ActivityThread: 	at android.content.ContextWrapper.bindService(ContextWrapper.java:539)
12-16 02:50:46.935  3378  3378 E ActivityThread: 	at com.android.emailcommon.service.ServiceProxy.setTask(ServiceProxy.java:181)
12-16 02:50:46.935  3378  3378 E ActivityThread: 	at com.android.emailcommon.service.ServiceProxy.test(ServiceProxy.java:224)
12-16 02:50:46.935  3378  3378 E ActivityThread: 	at com.android.email.service.EmailServiceUtils.isServiceAvailable(EmailServiceUtils.java:160)
12-16 02:50:46.935  3378  3378 E ActivityThread: 	at com.android.email.provider.AccountReconciler.reconcileAccountsInternal(AccountReconciler.java:171)
12-16 02:50:46.935  3378  3378 E ActivityThread: 	at com.android.email.provider.AccountReconciler.reconcileAccounts(AccountReconciler.java:115)
12-16 02:50:46.935  3378  3378 E ActivityThread: 	at com.android.email.service.EmailBroadcastProcessorService.reconcileAndStartServices(EmailBroadcastProcessorService.java:305)
12-16 02:50:46.935  3378  3378 E ActivityThread: 	at com.android.email.service.EmailBroadcastProcessorService.onBootCompleted(EmailBroadcastProcessorService.java:295)
12-16 02:50:46.935  3378  3378 E ActivityThread: 	at com.android.email.service.EmailBroadcastProcessorService.onHandleIntent(EmailBroadcastProcessorService.java:130)
12-16 02:50:46.935  3378  3378 E ActivityThread: 	at android.app.IntentService$ServiceHandler.handleMessage(IntentService.java:65)
12-16 02:50:46.935  3378  3378 E ActivityThread: 	at android.os.Handler.dispatchMessage(Handler.java:102)
12-16 02:50:46.935  3378  3378 E ActivityThread: 	at android.os.Looper.loop(Looper.java:135)
12-16 02:50:46.935  3378  3378 E ActivityThread: 	at android.os.HandlerThread.run(HandlerThread.java:61)
12-16 02:50:46.944  3401  3401 I Exchange: EasService.onCreate
12-16 02:50:46.955  3401  3531 I Exchange: RestartPingTask
12-16 02:50:46.956  3118  3441 D AlertService: 0 Action = android.intent.action.BOOT_COMPLETED
12-16 02:50:46.958  3118  3441 D AlertService: Scheduling next alarm with AlarmScheduler. sEventReminderReceived: null
12-16 02:50:46.961  3118  3118 D AlertReceiver: onReceive: a=android.intent.action.PROVIDER_CHANGED Intent { act=android.intent.action.PROVIDER_CHANGED dat=content://com.android.calendar flg=0x10 cmp=com.android.calendar/.alerts.AlertReceiver }
12-16 02:50:46.961  3401  3401 I Exchange: RestartPingsTask did not start any pings.
12-16 02:50:46.961  3401  3401 I Exchange: PSS stopIfIdle
12-16 02:50:46.961  3401  3401 I Exchange: PSS has no active accounts; stopping service.
12-16 02:50:46.966  3401  3401 I Exchange: onDestroy
12-16 02:50:46.969  2183  2205 I ActivityManager: Delay finish: cn.wps.moffice_eng/cn.wps.moffice.MiPushMessageReceiver
12-16 02:50:46.970  2934  3538 V xiaomi  : [Thread:58] receive an intent from server, action=com.xiaomi.mipush.RECEIVE_MESSAGE
12-16 02:50:46.973  3118  3441 D AlarmScheduler: No events found starting within 1 week.
12-16 02:50:46.973  3118  3441 D AlertService: 0 Action = android.intent.action.PROVIDER_CHANGED
12-16 02:50:46.974  2934  3538 V xiaomi  : [Thread:58] processing a message, action=Subscription
12-16 02:50:47.030  2183  2516 I ActivityManager: Resuming delayed broadcast
12-16 02:50:48.205  2316  2815 D BluetoothAdapter: 910508406: getState() :  mService = null. Returning STATE_OFF
12-16 02:50:48.205  2316  2815 D BluetoothAdapter: 910508406: getState() :  mService = null. Returning STATE_OFF
12-16 02:50:48.209  2316  2815 D BluetoothAdapter: 910508406: getState() :  mService = null. Returning STATE_OFF
12-16 02:50:48.209  2316  2815 D BluetoothAdapter: 910508406: getState() :  mService = null. Returning STATE_OFF
12-16 02:50:48.565  2183  2257 W AudioTrack: AUDIO_OUTPUT_FLAG_FAST denied by client
12-16 02:50:48.832  1917  2223 E cutils-trace: Error opening trace file: Permission denied (13)
12-16 02:50:48.833  1917  2180 D audio_hw_primary: found out /dev/snd/pcmC0D0p
12-16 02:50:49.209  2183  2670 D NetworkMonitor/NetworkAgentInfo [Ethernet () - 100]: EvaluatingState{ when=-6ms what=532486 arg1=2 target=com.android.internal.util.StateMachine$SmHandler }
12-16 02:50:49.209  2183  2670 D NetworkMonitor/NetworkAgentInfo [Ethernet () - 100]: Checking http://connectivitycheck.android.com/generate_204 on f8:32:e4:a0:24:6d
12-16 02:50:49.359  3338  3338 I bluetoothd: Stopping SDP server
12-16 02:50:49.359  3338  3338 I bluetoothd: Exit
12-16 02:50:49.361  3542  3542 W linker  : [vdso]: unused DT entry: type 0x6ffffef5 arg 0x160
12-16 02:50:49.363  3543  3543 W linker  : [vdso]: unused DT entry: type 0x6ffffef5 arg 0x160
12-16 02:50:49.363  3542  3542 I sh      : WARNING: linker: [vdso]: unused DT entry: type 0x6ffffef5 arg 0x160
12-16 02:50:49.370  3542  3542 I sh      : + hw_sh=/vendor/etc/init.sh 
12-16 02:50:49.370  3542  3542 I sh      : + '[' -e /vendor/etc/init.sh ']'
12-16 02:50:49.370  3542  3542 I sh      : + do_hci
12-16 02:50:49.370  3542  3542 I sh      : + hciconfig
12-16 02:50:49.370  3542  3542 I sh      : + grep ^hci
12-16 02:50:49.370  3542  3542 I sh      : + cut -d: -f1
12-16 02:50:49.371  3547  3547 W linker  : [vdso]: unused DT entry: type 0x6ffffef5 arg 0x160
12-16 02:50:49.371  3542  3542 I sh      : WARNING: linker: [vdso]: unused DT entry: type 0x6ffffef5 arg 0x160
12-16 02:50:49.372  3549  3549 W linker  : [vdso]: unused DT entry: type 0x6ffffef5 arg 0x160
12-16 02:50:49.372  3542  3542 I sh      : WARNING: linker: [vdso]: unused DT entry: type 0x6ffffef5 arg 0x160
12-16 02:50:49.374  3548  3548 W linker  : [vdso]: unused DT entry: type 0x6ffffef5 arg 0x160
12-16 02:50:49.374  3542  3542 I sh      : WARNING: linker: [vdso]: unused DT entry: type 0x6ffffef5 arg 0x160
12-16 02:50:49.375  3542  3542 I sh      : + typeset 'hci='
12-16 02:50:49.375  3542  3542 I sh      : + getprop init.svc.bluetoothd
12-16 02:50:49.378  3550  3550 W linker  : [vdso]: unused DT entry: type 0x6ffffef5 arg 0x160
12-16 02:50:49.378  3542  3542 I sh      : WARNING: linker: [vdso]: unused DT entry: type 0x6ffffef5 arg 0x160
12-16 02:50:49.379  3542  3542 I sh      : + typeset 'btd=stopped'
12-16 02:50:49.379  3542  3542 I sh      : + log -t bluetoothd -p i 'stopped ()'
12-16 02:50:49.380  3551  3551 W linker  : [vdso]: unused DT entry: type 0x6ffffef5 arg 0x160
12-16 02:50:49.380  3542  3542 I sh      : WARNING: linker: [vdso]: unused DT entry: type 0x6ffffef5 arg 0x160
12-16 02:50:49.381  3551  3551 I bluetoothd: stopped () 
12-16 02:50:49.381  3542  3542 I sh      : + getprop hal.bluetooth.uart
12-16 02:50:49.383  2183  2209 W ProcessCpuTracker: Skipping unknown process pid 3551
12-16 02:50:49.383  3552  3552 W linker  : [vdso]: unused DT entry: type 0x6ffffef5 arg 0x160
12-16 02:50:49.383  3542  3542 I sh      : WARNING: linker: [vdso]: unused DT entry: type 0x6ffffef5 arg 0x160
12-16 02:50:49.383  3542  3542 I sh      : + '[' -n  ']'
12-16 02:50:49.383  3542  3542 I sh      : + return 0
12-16 02:50:49.384  2183  2519 I ActivityManager: Delay finish: com.android.providers.calendar/.CalendarProviderBroadcastReceiver
12-16 02:50:49.385  3168  3553 E SQLiteLog: (284) automatic index on view_events(_id)
12-16 02:50:49.387  2183  2204 I ActivityManager: Resuming delayed broadcast
12-16 02:50:50.346  2183  2209 I ActivityManager: Waited long enough for: ServiceRecord{1fa7ca44 u0 com.android.providers.media/.MediaScannerService}
12-16 02:50:50.391  3554  3554 W linker  : [vdso]: unused DT entry: type 0x6ffffef5 arg 0x160
12-16 02:50:50.862  2183  2209 I ActivityManager: Waited long enough for: ServiceRecord{6c765e3 u0 com.tencent.mobileqq/.msf.service.MsfService}
12-16 02:50:50.942  2183  2209 I ActivityManager: Waited long enough for: ServiceRecord{1483bbe0 u0 com.android.music/.MediaPlaybackService}
12-16 02:50:51.974  3118  3441 I GlobalDismissManager: no sender configured
12-16 02:50:51.974  3118  3441 D AlertService: Beginning updateAlertNotification
12-16 02:50:51.979  3118  3441 D AlertService: No fired or scheduled alerts
12-16 02:50:51.982  3118  3441 D AlertService: Scheduling next alarm with AlarmScheduler. sEventReminderReceived: null
12-16 02:50:52.201  2183  2222 I art     : Explicit concurrent mark sweep GC freed 10945(591KB) AllocSpace objects, 11(1746KB) LOS objects, 33% free, 9MB/13MB, paused 288us total 218.175ms
12-16 02:50:52.202  3118  3441 D AlarmScheduler: No events found starting within 1 week.
12-16 02:50:53.445  3213  3213 E BlueZ   : bluetoothd connect timeout
12-16 02:50:53.445  3213  3213 E BluetoothServiceJni: Error while setting the callbacks: 1
12-16 02:50:53.446  2183  2183 D BluetoothManagerService: BluetoothServiceConnection: com.android.bluetooth.btservice.AdapterService
12-16 02:50:53.446  2183  2213 D BluetoothManagerService: Message: 40
12-16 02:50:53.446  2183  2213 D BluetoothManagerService: MESSAGE_BLUETOOTH_SERVICE_CONNECTED: 1
12-16 02:50:53.448  2183  2213 E BluetoothManagerService: IBluetooth.configHciSnoopLog return false
12-16 02:50:53.448  2183  2213 D BluetoothManagerService: Message: 200
12-16 02:50:53.448  2183  2213 D BluetoothManagerService: MESSAGE_GET_NAME_AND_ADDRESS
12-16 02:50:53.448  2183  2213 D BluetoothManagerService: Message: 201
12-16 02:50:53.448  2183  2213 D BluetoothManagerService: MESSAGE_SAVE_NAME_AND_ADDRESS
12-16 02:50:53.448  3213  3337 D BluetoothAdapterState: CURRENT_STATE=OFF, MESSAGE = USER_TURN_ON
12-16 02:50:53.448  3213  3337 D BluetoothAdapterProperties: Setting state to 11
12-16 02:50:53.448  3213  3337 I BluetoothAdapterState: Bluetooth adapter state changed: 10-> 11
12-16 02:50:53.449  3213  3337 D BluetoothBondStateMachine: make
12-16 02:50:53.450  3213  3556 I BluetoothBondStateMachine: StableState(): Entering Off State
12-16 02:50:53.454  3213  3337 I BluetoothAdapterState: Entering PendingCommandState State: isTurningOn()=true, isTurningOff()=false
12-16 02:50:53.458  3213  3213 D BluetoothAdapterService: getAdapterService() - returning com.android.bluetooth.btservice.AdapterService@321be7b5
12-16 02:50:53.458  3213  3213 D HeadsetService: Received start request. Starting profile...
12-16 02:50:53.459  3213  3213 I BluetoothHeadsetServiceJni: classInitNative: succeeds
12-16 02:50:53.459  3213  3213 D HeadsetStateMachine: make
12-16 02:50:53.463  3213  3213 D HeadsetStateMachine: max_hf_connections = 1
12-16 02:50:53.463  3213  3213 E BluetoothHeadsetServiceJni: Bluetooth module is not loaded
12-16 02:50:53.464  3213  3557 D HeadsetStateMachine: Enter Disconnected: -2, size: 0
12-16 02:50:53.465  3213  3213 D BluetoothAdapterService: getAdapterService() - returning com.android.bluetooth.btservice.AdapterService@321be7b5
12-16 02:50:53.465  2183  2183 D BluetoothA2dp: Proxy object connected
12-16 02:50:53.466  2316  2316 D BluetoothA2dp: Proxy object connected
12-16 02:50:53.466  3213  3213 D A2dpService: Received start request. Starting profile...
12-16 02:50:53.466  2183  2183 D BluetoothAdapter: 647049879: getState() :  mService = null. Returning STATE_OFF
12-16 02:50:53.466  3213  3213 I BluetoothAvrcpServiceJni: classInitNative: succeeds
12-16 02:50:53.466  3213  3213 E BluetoothAvrcpServiceJni: Bluetooth module is not loaded
12-16 02:50:53.466  2316  2815 D BluetoothAdapter: 910508406: getState() :  mService = null. Returning STATE_OFF
12-16 02:50:53.466  2316  2815 D BluetoothAdapter: 910508406: getState() :  mService = null. Returning STATE_OFF
12-16 02:50:53.466  2316  2815 D BluetoothAdapter: 910508406: getState() :  mService = null. Returning STATE_OFF
12-16 02:50:53.466  2316  2815 D BluetoothAdapter: 910508406: getState() :  mService = null. Returning STATE_OFF
12-16 02:50:53.471  3213  3213 E RemoteController: Cannot set synchronization mode on an unregistered RemoteController
12-16 02:50:53.471  3213  3213 I BluetoothA2dpServiceJni: classInitNative: succeeds
12-16 02:50:53.471  3213  3213 D A2dpStateMachine: make
12-16 02:50:53.472  3213  3213 E BluetoothA2dpServiceJni: Bluetooth module is not loaded
12-16 02:50:53.472  3213  3559 D A2dpStateMachine: Enter Disconnected: -2
12-16 02:50:53.473  3213  3213 I BluetoothHidServiceJni: classInitNative: succeeds
12-16 02:50:53.487  3213  3213 D BluetoothAdapterService: getAdapterService() - returning com.android.bluetooth.btservice.AdapterService@321be7b5
12-16 02:50:53.487  2316  2316 D BluetoothInputDevice: Proxy object connected
12-16 02:50:53.487  3213  3213 D HidService: Received start request. Starting profile...
12-16 02:50:53.487  3213  3213 E BluetoothHidServiceJni: Bluetooth module is not loaded
12-16 02:50:53.488  2316  2815 D BluetoothAdapter: 910508406: getState() :  mService = null. Returning STATE_OFF
12-16 02:50:53.488  2316  2815 D BluetoothAdapter: 910508406: getState() :  mService = null. Returning STATE_OFF
12-16 02:50:53.488  3213  3213 I BluetoothHealthServiceJni: classInitNative: succeeds
12-16 02:50:53.488  2316  2815 D BluetoothAdapter: 910508406: getState() :  mService = null. Returning STATE_OFF
12-16 02:50:53.488  2316  2815 D BluetoothAdapter: 910508406: getState() :  mService = null. Returning STATE_OFF
12-16 02:50:53.488  3213  3213 D BluetoothAdapterService: getAdapterService() - returning com.android.bluetooth.btservice.AdapterService@321be7b5
12-16 02:50:53.488  3213  3213 D HealthService: Received start request. Starting profile...
12-16 02:50:53.489  3213  3213 E BluetoothHealthServiceJni: Bluetooth module is not loaded
12-16 02:50:53.489  3213  3213 I BluetoothPanServiceJni: classInitNative(L105): succeeds
12-16 02:50:53.491  3213  3213 D BluetoothAdapterService: getAdapterService() - returning com.android.bluetooth.btservice.AdapterService@321be7b5
12-16 02:50:53.491  2316  2316 D BluetoothPan: BluetoothPAN Proxy object connected
12-16 02:50:53.492  3213  3213 D PanService: Received start request. Starting profile...
12-16 02:50:53.492  3213  3213 D BluetoothPanServiceJni: initializeNative(L110): pan
12-16 02:50:53.492  3213  3213 E BluetoothPanServiceJni: ## ERROR : initializeNative(L115): Bluetooth module is not loaded##
12-16 02:50:53.492  2316  2815 D BluetoothAdapter: 910508406: getState() :  mService = null. Returning STATE_OFF
12-16 02:50:53.492  2316  2815 D BluetoothAdapter: 910508406: getState() :  mService = null. Returning STATE_OFF
12-16 02:50:53.492  2316  2815 D BluetoothAdapter: 910508406: getState() :  mService = null. Returning STATE_OFF
12-16 02:50:53.492  2316  2815 D BluetoothAdapter: 910508406: getState() :  mService = null. Returning STATE_OFF
12-16 02:50:53.493  3213  3213 I BtGatt.JNI: classInitNative(L873): classInitNative: Success!
12-16 02:50:53.508  3213  3213 D BluetoothAdapterService: getAdapterService() - returning com.android.bluetooth.btservice.AdapterService@321be7b5
12-16 02:50:53.508  3213  3213 D BtGatt.DebugUtils: handleDebugAction() action=null
12-16 02:50:53.508  3213  3213 D BtGatt.GattService: Received start request. Starting profile...
12-16 02:50:53.508  3213  3213 D BtGatt.GattService: start()
12-16 02:50:53.508  3213  3213 E BtGatt.JNI: ERROR: initializeNative(L883): Bluetooth module is not loaded##
12-16 02:50:53.508  3213  3213 D BluetoothAdapterService: getAdapterService() - returning com.android.bluetooth.btservice.AdapterService@321be7b5
12-16 02:50:53.509  3213  3213 D BtGatt.AdvertiseManager: advertise manager created
12-16 02:50:53.514  3213  3213 D BluetoothAdapterService: getAdapterService() - returning com.android.bluetooth.btservice.AdapterService@321be7b5
12-16 02:50:53.514  2316  2316 D BluetoothMap: Proxy object connected
12-16 02:50:53.514  3213  3213 D BluetoothMapService: Received start request. Starting profile...
12-16 02:50:53.514  3213  3213 D BluetoothMapService: start()
12-16 02:50:53.514  2316  2815 D BluetoothAdapter: 910508406: getState() :  mService = null. Returning STATE_OFF
12-16 02:50:53.514  2316  2815 D BluetoothAdapter: 910508406: getState() :  mService = null. Returning STATE_OFF
12-16 02:50:53.515  2316  2815 D BluetoothAdapter: 910508406: getState() :  mService = null. Returning STATE_OFF
12-16 02:50:53.515  2316  2815 D BluetoothAdapter: 910508406: getState() :  mService = null. Returning STATE_OFF
12-16 02:50:53.516  3213  3213 D BluetoothMapEmailSettingsLoader: Found 0 applications
12-16 02:50:53.516  3213  3213 D BluetoothMapEmailAppObserver: createReceiver()
12-16 02:50:53.516  3213  3213 D BluetoothMapEmailAppObserver: initObservers()
12-16 02:50:53.516  3213  3213 D BluetoothMapEmailAppObserver: getEnabledAccountItems()
12-16 02:50:53.519  3213  3213 D HeadsetStateMachine: Proxy object connected
12-16 02:50:53.520  3213  3557 D HeadsetStateMachine: Disconnected process message: 10, size: 0
12-16 02:50:53.520  3213  3337 D BluetoothAdapterState: CURRENT_STATE=PENDING, MESSAGE = STARTED, isTurningOn=true, isTurningOff=false
12-16 02:50:53.520  3213  3337 E BluetoothAdapterState: Error while turning Bluetooth On
12-16 02:50:53.520  3213  3337 D BluetoothAdapterProperties: Setting state to 10
12-16 02:50:53.520  3213  3337 I BluetoothAdapterState: Bluetooth adapter state changed: 11-> 10
12-16 02:50:53.520  3213  3337 I BluetoothAdapterState: Entering OffState
12-16 02:50:53.989  2183  2257 W AudioTrack: AUDIO_OUTPUT_FLAG_FAST denied by client
12-16 02:50:53.989  2183  2516 D WifiService: setWifiEnabled: true pid=2316, uid=10012
12-16 02:50:53.989  2183  2516 E WifiService: Invoking mWifiStateMachine.setWifiEnabled
12-16 02:50:54.002  1917  2180 D audio_hw_primary: found out /dev/snd/pcmC0D0p
12-16 02:50:54.358  3028  3028 V xiaomi  : [Thread:1] Service called on timer
12-16 02:50:54.566  2183  2209 I ActivityManager: Waited long enough for: ServiceRecord{230f12b1 u0 cn.wps.moffice_eng/cn.wps.moffice.service.MOfficeSyncService}
12-16 02:50:54.611  2183  2209 I ActivityManager: Waited long enough for: ServiceRecord{2b031396 u0 cn.wps.moffice_eng/com.xiaomi.push.service.XMPushService}
12-16 02:50:55.164  2183  2257 W AudioTrack: AUDIO_OUTPUT_FLAG_FAST denied by client
12-16 02:50:55.165  2183  2517 D WifiService: setWifiEnabled: true pid=2316, uid=10012
12-16 02:50:55.165  2183  2517 E WifiService: Invoking mWifiStateMachine.setWifiEnabled
12-16 02:50:55.231  2183  2251 I WifiHW  : got module path auto
12-16 02:50:55.231  2183  2251 E WifiStateMachine: Failed to load driver
12-16 02:50:56.134  3569  3569 W linker  : [vdso]: unused DT entry: type 0x6ffffef5 arg 0x160
12-16 02:50:56.454  2183  2213 E BluetoothManagerService: waitForOnOff time out
12-16 02:50:56.455  2183  2213 D BluetoothManagerService: Retrying name/address remote retrieval and save.....Retry count =1
12-16 02:50:56.456  3213  3337 D BluetoothAdapterState: CURRENT_STATE=OFF, MESSAGE = USER_TURN_OFF
12-16 02:50:56.956  2183  2213 D BluetoothManagerService: Message: 201
12-16 02:50:56.957  2183  2213 D BluetoothManagerService: MESSAGE_SAVE_NAME_AND_ADDRESS
12-16 02:50:56.957  3213  3337 D BluetoothAdapterState: CURRENT_STATE=OFF, MESSAGE = USER_TURN_ON
12-16 02:50:56.957  3213  3337 D BluetoothAdapterProperties: Setting state to 11
12-16 02:50:56.957  3213  3337 I BluetoothAdapterState: Bluetooth adapter state changed: 10-> 11
12-16 02:50:56.957  3213  3337 D BluetoothBondStateMachine: make
12-16 02:50:56.958  3213  3337 I BluetoothAdapterState: Entering PendingCommandState State: isTurningOn()=true, isTurningOff()=false
12-16 02:50:56.958  3213  3571 I BluetoothBondStateMachine: StableState(): Entering Off State
12-16 02:50:56.958  3213  3337 D BluetoothAdapterState: CURRENT_STATE=PENDING, MESSAGE = STARTED, isTurningOn=true, isTurningOff=false
12-16 02:50:56.958  3213  3337 E BluetoothAdapterState: Error while turning Bluetooth On
12-16 02:50:56.958  3213  3337 D BluetoothAdapterProperties: Setting state to 10
12-16 02:50:56.958  3213  3337 I BluetoothAdapterState: Bluetooth adapter state changed: 11-> 10
12-16 02:50:56.958  3213  3337 I BluetoothAdapterState: Entering OffState
12-16 02:50:59.213  2183  2670 D NetworkMonitor/NetworkAgentInfo [Ethernet () - 100]: Probably not a portal: exception java.net.SocketTimeoutException: failed to connect to connectivitycheck.android.com/216.58.221.78 (port 80) after 10000ms
12-16 02:50:59.392  2183  2183 I art     : Explicit concurrent mark sweep GC freed 3747(171KB) AllocSpace objects, 0(0B) LOS objects, 33% free, 9MB/13MB, paused 630us total 28.556ms
12-16 02:50:59.964  2183  2213 E BluetoothManagerService: waitForOnOff time out
12-16 02:50:59.964  2183  2213 D BluetoothManagerService: Retrying name/address remote retrieval and save.....Retry count =2
12-16 02:50:59.965  3213  3337 D BluetoothAdapterState: CURRENT_STATE=OFF, MESSAGE = USER_TURN_OFF
12-16 02:51:00.382  2183  2257 W AudioTrack: AUDIO_OUTPUT_FLAG_FAST denied by client
12-16 02:51:00.392  2183  2222 I ActivityManager: START u0 {act=android.settings.WIFI_SETTINGS flg=0x14000000 cmp=android/com.android.internal.app.ResolverActivity} from uid 10012 on display 0
12-16 02:51:00.392  2183  2222 V WindowManager: addAppToken: AppWindowToken{2d9b9a08 token=Token{1108c3ab ActivityRecord{211dd1fa u0 android/com.android.internal.app.ResolverActivity t7}}} to stack=1 task=7 at 0
12-16 02:51:00.394  1917  2180 D audio_hw_primary: found out /dev/snd/pcmC0D0p
12-16 02:51:00.418  2183  2205 I ActivityManager: Start proc 3574:system:ui/1000 for activity android/com.android.internal.app.ResolverActivity
12-16 02:51:00.432  3574  3574 I ActivityThread: Switching default density from 160 to 240
12-16 02:51:00.465  2183  2213 D BluetoothManagerService: Message: 201
12-16 02:51:00.465  2183  2213 D BluetoothManagerService: MESSAGE_SAVE_NAME_AND_ADDRESS
12-16 02:51:00.466  3213  3337 D BluetoothAdapterState: CURRENT_STATE=OFF, MESSAGE = USER_TURN_ON
12-16 02:51:00.466  3213  3337 D BluetoothAdapterProperties: Setting state to 11
12-16 02:51:00.466  3213  3337 I BluetoothAdapterState: Bluetooth adapter state changed: 10-> 11
12-16 02:51:00.466  3213  3337 D BluetoothBondStateMachine: make
12-16 02:51:00.467  3213  3596 I BluetoothBondStateMachine: StableState(): Entering Off State
12-16 02:51:00.467  3213  3337 I BluetoothAdapterState: Entering PendingCommandState State: isTurningOn()=true, isTurningOff()=false
12-16 02:51:00.467  3213  3337 D BluetoothAdapterState: CURRENT_STATE=PENDING, MESSAGE = STARTED, isTurningOn=true, isTurningOff=false
12-16 02:51:00.467  3213  3337 E BluetoothAdapterState: Error while turning Bluetooth On
12-16 02:51:00.467  3213  3337 D BluetoothAdapterProperties: Setting state to 10
12-16 02:51:00.467  3213  3337 I BluetoothAdapterState: Bluetooth adapter state changed: 11-> 10
12-16 02:51:00.467  3213  3337 I BluetoothAdapterState: Entering OffState
12-16 02:51:00.478  2183  2204 V WindowManager: Adding window Window{217f7d9 u0 android/com.android.internal.app.ResolverActivity} at 2 of 7 (after Window{31c8150b u0 com.android.launcher3/com.android.launcher3.Launcher})
12-16 02:51:00.513  3574  3574 I GRALLOC-DRM: create intel for driver i915
12-16 02:51:00.523  2183  2214 I ActivityManager: Displayed android/com.android.internal.app.ResolverActivity: +130ms
12-16 02:51:00.972  2316  2316 D PhoneStatusBar: disable: < expand icons* alerts system_info* back home recent clock search >
12-16 02:51:01.148  3602  3602 W linker  : [vdso]: unused DT entry: type 0x6ffffef5 arg 0x160
12-16 02:51:01.958  2183  2209 I ActivityManager: Waited long enough for: ServiceRecord{3bedbd53 u0 com.android.calendar/.alerts.InitAlarmsService}
12-16 02:51:03.472  2183  2213 E BluetoothManagerService: waitForOnOff time out
12-16 02:51:03.473  2183  2213 D BluetoothManagerService: Retrying name/address remote retrieval and save.....Retry count =3
12-16 02:51:03.473  3213  3337 D BluetoothAdapterState: CURRENT_STATE=OFF, MESSAGE = USER_TURN_OFF
12-16 02:51:03.503  3574  3574 I Choreographer: Skipped 66 frames!  The application may be doing too much work on its main thread.
12-16 02:51:03.569  2183  2257 W AudioTrack: AUDIO_OUTPUT_FLAG_FAST denied by client
12-16 02:51:03.581  1917  2180 D audio_hw_primary: found out /dev/snd/pcmC0D0p
12-16 02:51:03.668  1909  2152 D PermissionCache: checking android.permission.READ_FRAME_BUFFER for uid=1000 => granted (40 us)
12-16 02:51:03.688  2183  2517 I ActivityManager: Killing 2762:com.android.externalstorage/u0a1 (adj 15): empty #17
12-16 02:51:03.702  2183  2590 W ActivityManager: Finishing task with all activities already finished
12-16 02:51:03.702  2183  2590 W ActivityManager: Duplicate finish request for ActivityRecord{211dd1fa u0 android/com.android.internal.app.ResolverActivity t7 f}
12-16 02:51:03.973  2183  2213 D BluetoothManagerService: Message: 201
12-16 02:51:03.973  2183  2213 D BluetoothManagerService: MESSAGE_SAVE_NAME_AND_ADDRESS
12-16 02:51:03.973  3213  3337 D BluetoothAdapterState: CURRENT_STATE=OFF, MESSAGE = USER_TURN_ON
12-16 02:51:03.973  3213  3337 D BluetoothAdapterProperties: Setting state to 11
12-16 02:51:03.973  3213  3337 I BluetoothAdapterState: Bluetooth adapter state changed: 10-> 11
12-16 02:51:03.974  3213  3337 D BluetoothBondStateMachine: make
12-16 02:51:03.974  3213  3337 I BluetoothAdapterState: Entering PendingCommandState State: isTurningOn()=true, isTurningOff()=false
12-16 02:51:03.974  3213  3605 I BluetoothBondStateMachine: StableState(): Entering Off State
12-16 02:51:03.974  3213  3337 D BluetoothAdapterState: CURRENT_STATE=PENDING, MESSAGE = STARTED, isTurningOn=true, isTurningOff=false
12-16 02:51:03.974  3213  3337 E BluetoothAdapterState: Error while turning Bluetooth On
12-16 02:51:03.974  3213  3337 D BluetoothAdapterProperties: Setting state to 10
12-16 02:51:03.974  3213  3337 I BluetoothAdapterState: Bluetooth adapter state changed: 11-> 10
12-16 02:51:03.974  3213  3337 I BluetoothAdapterState: Entering OffState
12-16 02:51:04.217  2183  2670 D NetworkMonitor/NetworkAgentInfo [Ethernet () - 100]: EvaluatingState{ when=-5ms what=532486 arg1=3 target=com.android.internal.util.StateMachine$SmHandler }
12-16 02:51:04.217  2183  2670 D NetworkMonitor/NetworkAgentInfo [Ethernet () - 100]: Checking http://connectivitycheck.android.com/generate_204 on f8:32:e4:a0:24:6d
12-16 02:51:06.161  3609  3609 W linker  : [vdso]: unused DT entry: type 0x6ffffef5 arg 0x160
12-16 02:51:06.979  2183  2213 E BluetoothManagerService: waitForOnOff time out
12-16 02:51:06.980  2183  2213 W BluetoothManagerService: Maximum name/address remote retrieval retry exceeded
12-16 02:51:06.980  3213  3337 D BluetoothAdapterState: CURRENT_STATE=OFF, MESSAGE = USER_TURN_OFF
12-16 02:51:06.980  2183  2213 D BluetoothManagerService: unbindAndFinish(): android.bluetooth.IBluetooth$Stub$Proxy@3301fa76 mBinding = false
12-16 02:51:06.980  2183  2213 D BluetoothManagerService: Sending unbind request.
12-16 02:51:06.980  3213  3213 I art     : System.exit called, status: 0
12-16 02:51:06.980  3213  3213 I AndroidRuntime: VM exiting with result code 0, cleanup skipped.
12-16 02:51:06.982  2316  2316 D BluetoothA2dp: Proxy object disconnected
12-16 02:51:06.982  2183  2183 D BluetoothA2dp: Proxy object disconnected
12-16 02:51:06.982  2316  2316 D BluetoothInputDevice: Proxy object disconnected
12-16 02:51:06.982  2316  2316 D BluetoothPan: BluetoothPAN Proxy object disconnected
12-16 02:51:06.982  2316  2316 D BluetoothMap: Proxy object disconnected
12-16 02:51:06.989  2183  2519 I ActivityManager: Process com.android.bluetooth (pid 3213) has died
12-16 02:51:06.990  2183  2519 W ActivityManager: Scheduling restart of crashed service com.android.bluetooth/.hdp.HealthService in 1000ms
12-16 02:51:06.990  2183  2519 W ActivityManager: Scheduling restart of crashed service com.android.bluetooth/.a2dp.A2dpService in 1000ms
12-16 02:51:06.990  2183  2519 W ActivityManager: Scheduling restart of crashed service com.android.bluetooth/.map.BluetoothMapService in 1000ms
12-16 02:51:06.990  2183  2519 W ActivityManager: Scheduling restart of crashed service com.android.bluetooth/.pan.PanService in 1000ms
12-16 02:51:06.990  2183  2519 W ActivityManager: Scheduling restart of crashed service com.android.bluetooth/.hid.HidService in 1000ms
12-16 02:51:06.990  2183  2519 W ActivityManager: Scheduling restart of crashed service com.android.bluetooth/.gatt.GattService in 1000ms
12-16 02:51:06.990  2183  2519 W ActivityManager: Scheduling restart of crashed service com.android.bluetooth/.hfp.HeadsetService in 1000ms
12-16 02:51:07.852  2183  2257 W AudioTrack: AUDIO_OUTPUT_FLAG_FAST denied by client
12-16 02:51:07.862  1917  2180 D audio_hw_primary: found out /dev/snd/pcmC0D0p
12-16 02:51:08.603  2183  2590 W ActivityManager: getRunningAppProcesses: caller 10054 does not hold REAL_GET_TASKS; limiting output
12-16 02:51:09.366  3028  3198 V xiaomi  : [Thread:61] JOB: check the ping-pong.
12-16 02:51:10.869  2183  2257 W AudioTrack: AUDIO_OUTPUT_FLAG_FAST denied by client
12-16 02:51:10.869  2183  2205 I ActivityManager: START u0 {act=android.intent.action.MAIN cat=[android.intent.category.LAUNCHER] flg=0x10200000 cmp=com.cyanogenmod.filemanager/.activities.NavigationActivity (has extras)} from uid 10052 on display 0
12-16 02:51:10.870  2183  2205 V WindowManager: addAppToken: AppWindowToken{36f6e54d token=Token{1b02cce4 ActivityRecord{3f6bc877 u0 com.cyanogenmod.filemanager/.activities.NavigationActivity t8}}} to stack=1 task=8 at 0
12-16 02:51:10.873  2183  2214 V WindowManager: Adding window Window{35c8d47c u0 Starting com.cyanogenmod.filemanager} at 2 of 7 (after Window{31c8150b u0 com.android.launcher3/com.android.launcher3.Launcher})
12-16 02:51:10.898  2183  2590 I ActivityManager: Start proc 3614:com.cyanogenmod.filemanager/u0a34 for activity com.cyanogenmod.filemanager/.activities.NavigationActivity
12-16 02:51:10.914  3614  3614 I ActivityThread: Switching default density from 160 to 240
12-16 02:51:11.051  2183  2229 I InputDispatcher: Dropping event because there is no touchable window at (1097, 332).
12-16 02:51:11.059  2183  2229 I InputDispatcher: Dropping event because there is no touchable window at (1097, 333).
12-16 02:51:11.067  2183  2229 I InputDispatcher: Dropping event because there is no touchable window at (1097, 336).
12-16 02:51:11.075  2183  2229 I InputDispatcher: Dropping event because there is no touchable window at (1097, 339).
12-16 02:51:11.083  2183  2229 I InputDispatcher: Dropping event because there is no touchable window at (1097, 343).
12-16 02:51:11.091  2183  2229 I InputDispatcher: Dropping event because there is no touchable window at (1097, 346).
12-16 02:51:11.099  2183  2229 I InputDispatcher: Dropping event because there is no touchable window at (1096, 351).
12-16 02:51:11.107  2183  2229 I InputDispatcher: Dropping event because there is no touchable window at (1095, 354).
12-16 02:51:11.115  2183  2229 I InputDispatcher: Dropping event because there is no touchable window at (1095, 356).
12-16 02:51:11.123  2183  2229 I InputDispatcher: Dropping event because there is no touchable window at (1094, 359).
12-16 02:51:11.131  2183  2229 I InputDispatcher: Dropping event because there is no touchable window at (1094, 361).
12-16 02:51:11.139  2183  2229 I InputDispatcher: Dropping event because there is no touchable window at (1093, 363).
12-16 02:51:11.147  2183  2229 I InputDispatcher: Dropping event because there is no touchable window at (1093, 365).
12-16 02:51:11.155  2183  2229 I InputDispatcher: Dropping event because there is no touchable window at (1092, 369).
12-16 02:51:11.163  2183  2229 I InputDispatcher: Dropping event because there is no touchable window at (1091, 373).
12-16 02:51:11.171  2183  2229 I InputDispatcher: Dropping event because there is no touchable window at (1089, 376).
12-16 02:51:11.174  3636  3636 W linker  : [vdso]: unused DT entry: type 0x6ffffef5 arg 0x160
12-16 02:51:11.179  2183  2229 I InputDispatcher: Dropping event because there is no touchable window at (1086, 379).
