12-16 02:50:27.574  2183  2183 W PackageManager: Unknown permission com.android.vending.BILLING in package com.tencent.mm
12-16 02:50:27.574  2183  2183 W PackageManager: Unknown permission android.permission.USE_FINGERPRINT in package com.tencent.mm
12-16 02:50:27.574  2183  2183 W PackageManager: Unknown permission com.google.android.c2dm.permission.RECEIVE in package com.tencent.mm
12-16 02:50:27.575  2183  2183 W PackageManager: Not granting permission android.permission.BIND_WALLPAPER to package com.android.camera2 (protectionLevel=18 flags=0x58bc45)
12-16 02:50:27.575  2183  2183 W PackageManager: Unknown permission android.permission.INSTALL_DRM in package com.android.mms
12-16 02:50:27.575  2183  2183 W PackageManager: Not granting permission android.permission.BIND_APPWIDGET to package com.android.launcher3 (protectionLevel=18 flags=0x483e45)
12-16 02:50:27.575  2183  2183 W PackageManager: Unknown permission com.android.launcher.permission.READ_SETTINGS in package com.android.launcher3
12-16 02:50:27.575  2183  2183 W PackageManager: Unknown permission com.android.launcher.permission.WRITE_SETTINGS in package com.android.launcher3
12-16 02:50:27.575  2183  2183 W PackageManager: Unknown permission com.google.android.googleapps.permission.GOOGLE_AUTH.mail in package com.android.calendar
12-16 02:50:27.575  2183  2183 W PackageManager: Unknown permission com.android.launcher.permission.READ_SETTINGS in package com.android.onetimeinitializer
12-16 02:50:27.575  2183  2183 W PackageManager: Unknown permission com.android.launcher.permission.WRITE_SETTINGS in package com.android.onetimeinitializer
12-16 02:50:27.575  2183  2183 W PackageManager: Not granting permission android.permission.CHANGE_CONFIGURATION to package com.tencent.mobileqq (protectionLevel=50 flags=0x83e44)
12-16 02:50:27.575  2183  2183 W PackageManager: Unknown permission com.android.launcher.permission.READ_SETTINGS in package com.tencent.mobileqq
12-16 02:50:27.575  2183  2183 W PackageManager: Unknown permission com.tencent.permission.VIRUS_SCAN in package com.tencent.mobileqq
12-16 02:50:27.575  2183  2183 W PackageManager: Not granting permission android.permission.READ_LOGS to package com.tencent.mobileqq (protectionLevel=50 flags=0x83e44)
12-16 02:50:27.575  2183  2183 W PackageManager: Unknown permission android.permission.WRITE_OWNER_DATA in package com.tencent.mobileqq
12-16 02:50:27.575  2183  2183 W PackageManager: Unknown permission android.permission.SYSTEM_OVERLAY_WINDOW in package com.tencent.mobileqq
12-16 02:50:27.575  2183  2183 W PackageManager: Not granting permission android.permission.INTERACT_ACROSS_USERS to package com.tencent.mobileqq (protectionLevel=50 flags=0x83e44)
12-16 02:50:27.575  2183  2183 W PackageManager: Unknown permission com.android.launcher.permission.WRITE_SETTINGS in package com.tencent.mobileqq
12-16 02:50:27.575  2183  2183 W PackageManager: Not granting permission com.android.launcher3.permission.WRITE_SETTINGS to package com.tencent.mobileqq (protectionLevel=18 flags=0x83e44)
12-16 02:50:27.575  2183  2183 W PackageManager: Unknown permission com.google.android.launcher.permission.READ_SETTINGS in package com.tencent.mobileqq
12-16 02:50:27.575  2183  2183 W PackageManager: Unknown permission com.bbk.launcher2.permission.READ_SETTINGS in package com.tencent.mobileqq
12-16 02:50:27.575  2183  2183 W PackageManager: Unknown permission com.huaqin.launcherEx.permission.READ_SETTINGS in package com.tencent.mobileqq
12-16 02:50:27.575  2183  2183 W PackageManager: Unknown permission com.htc.launcher.settings in package com.tencent.mobileqq
12-16 02:50:27.575  2183  2183 W PackageManager: Unknown permission com.htc.launcher.permission.READ_SETTINGS in package com.tencent.mobileqq
12-16 02:50:27.575  2183  2183 W PackageManager: Unknown permission com.htc.launcher.permission.WRITE_SETTINGS in package com.tencent.mobileqq
12-16 02:50:27.575  2183  2183 W PackageManager: Unknown permission com.huawei.launcher3.permission.READ_SETTINGS in package com.tencent.mobileqq
12-16 02:50:27.575  2183  2183 W PackageManager: Unknown permission com.huawei.android.launcher.permission.READ_SETTINGS in package com.tencent.mobileqq
12-16 02:50:27.575  2183  2183 W PackageManager: Unknown permission com.sonyericsson.home.permission.BROADCAST_BADGE in package com.tencent.mobileqq
12-16 02:50:27.575  2183  2183 W PackageManager: Unknown permission com.sec.android.provider.badge.permission.READ in package com.tencent.mobileqq
12-16 02:50:27.575  2183  2183 W PackageManager: Unknown permission com.sec.android.provider.badge.permission.WRITE in package com.tencent.mobileqq
12-16 02:50:27.575  2183  2183 W PackageManager: Unknown permission com.lenovo.launcher.permission.BADGE_READ in package com.tencent.mobileqq
12-16 02:50:27.575  2183  2183 W PackageManager: Unknown permission com.lenovo.launcher.permission.BADGE_WRITE in package com.tencent.mobileqq
12-16 02:50:27.575  2183  2183 W PackageManager: Unknown permission com.huawei.android.launcher.permission.CHANGE_BADGE in package com.tencent.mobileqq
12-16 02:50:27.575  2183  2183 W PackageManager: Unknown permission com.huawei.authentication.HW_ACCESS_AUTH_SERVICE in package com.tencent.mobileqq
12-16 02:50:27.575  2183  2183 W PackageManager: Not granting permission android.permission.DELETE_PACKAGES to package com.svox.pico (protectionLevel=18 flags=0x8be45)
12-16 02:50:27.575  2183  2183 W PackageManager: Unknown permission com.cyanogenmod.filemanager.permissions.READ_THEME in package com.cyanogenmod.filemanager
12-16 02:50:27.575  2183  2183 W PackageManager: Unknown permission com.google.android.googleapps.permission.GOOGLE_AUTH in package com.android.settings
12-16 02:50:27.575  2183  2183 W PackageManager: Unknown permission com.android.launcher.permission.READ_SETTINGS in package com.android.settings
12-16 02:50:27.575  2183  2183 W PackageManager: Unknown permission com.android.launcher.permission.WRITE_SETTINGS in package com.android.settings
12-16 02:50:27.575  2183  2183 W PackageManager: Unknown permission com.android.smspush.WAPPUSH_MANAGER_BIND in package com.android.phone
12-16 02:50:27.576  2183  2183 W PackageManager: Not granting permission android.permission.DEVICE_POWER to package com.android.deskclock (protectionLevel=2 flags=0x48be45)
12-16 02:50:27.576  2183  2183 W PackageManager: Unknown permission com.google.android.gallery3d.permission.GALLERY_PROVIDER in package com.android.bluetooth
12-16 02:50:27.576  2183  2183 W PackageManager: Unknown permission com.google.android.googleapps.permission.ACCESS_GOOGLE_PASSWORD in package com.android.development
12-16 02:50:27.576  2183  2183 W PackageManager: Unknown permission com.google.android.googleapps.permission.GOOGLE_AUTH in package com.android.development
12-16 02:50:27.576  2183  2183 W PackageManager: Unknown permission com.google.android.googleapps.permission.GOOGLE_AUTH.ALL_SERVICES in package com.android.development
12-16 02:50:27.576  2183  2183 W PackageManager: Unknown permission com.google.android.googleapps.permission.GOOGLE_AUTH.YouTubeUser in package com.android.development
12-16 02:50:27.576  2183  2183 W PackageManager: Unknown permission com.xiaomi.permission.AUTH_SERVICE in package cn.wps.moffice_eng
12-16 02:50:27.845  2183  2183 I art     : Explicit concurrent mark sweep GC freed 16110(1044KB) AllocSpace objects, 2(32KB) LOS objects, 33% free, 5MB/7MB, paused 525us total 16.887ms
12-16 02:50:27.845  2183  2183 I SystemServer: User Service
12-16 02:50:27.867  1906  1906 I lowmemorykiller: ActivityManager connected
12-16 02:50:27.868  2183  2183 I SystemServiceManager: Starting com.android.server.lights.LightsService
12-16 02:50:27.886  2183  2183 E lights  : Unable to detect max_brightness. Try to set backlight.max_brightness_file
12-16 02:50:27.886  2183  2183 I SystemServiceManager: Starting com.android.server.BatteryService
12-16 02:50:27.894  2183  2183 I SystemServiceManager: Starting com.android.server.usage.UsageStatsService
12-16 02:50:27.922  2183  2183 I SystemServiceManager: Starting com.android.server.webkit.WebViewUpdateService
12-16 02:50:27.932  2183  2183 I SystemServer: Reading configuration...
12-16 02:50:27.932  2183  2183 I SystemServer: Scheduling Policy
12-16 02:50:27.933  2183  2183 I SystemServiceManager: Starting com.android.server.telecom.TelecomLoaderService
12-16 02:50:27.937  2183  2183 I SystemServer: Telephony Registry
12-16 02:50:27.951  2183  2183 I SystemServer: Entropy Mixer
12-16 02:50:27.953  2183  2183 I EntropyMixer: Writing entropy...
12-16 02:50:28.060  2183  2183 I SystemServer: Account Manager
12-16 02:50:28.081  2183  2183 I SystemServer: Content Manager
12-16 02:50:28.106  2183  2183 I SystemServer: System Content Providers
12-16 02:50:28.273  2183  2183 I SystemServer: Vibrator Service
12-16 02:50:28.274  2183  2183 I SystemServer: Consumer IR Service
12-16 02:50:28.274  2183  2183 E ConsumerIrService: Can't open consumer IR HW Module, error: -2
12-16 02:50:28.279  2183  2183 I SystemServiceManager: Starting com.android.server.AlarmManagerService
12-16 02:50:28.280  1917  1917 I AudioFlinger: Using module 1 has the primary audio interface
12-16 02:50:28.280  1917  2223 I AudioFlinger: AudioFlinger's thread 0xf5ca4000 ready to run
12-16 02:50:28.282  1917  2224 I AudioFlinger: AudioFlinger's thread 0xf5d38000 ready to run
12-16 02:50:28.283  2183  2183 I SystemServer: Init Watchdog
12-16 02:50:28.283  2183  2183 I SystemServer: Input Manager
12-16 02:50:28.302  1917  1917 D BlueZ   : external/bluetooth/bluez/android/hal-audio.c:audio_open() 
12-16 02:50:28.302  1917  1917 D BlueZ   : external/bluetooth/bluez/android/hal-audio.c:audio_ipc_init() 
12-16 02:50:28.302  1917  2226 D BlueZ   : external/bluetooth/bluez/android/hal-audio.c:ipc_handler() 
12-16 02:50:28.302  1917  2226 D BlueZ   : external/bluetooth/bluez/android/hal-audio.c:ipc_handler() Waiting for connection ...
12-16 02:50:28.302  1917  1917 E BlueZ   : APTX: failed to open library libbt-aptx.so (dlopen failed: library "libbt-aptx.so" not found)
12-16 02:50:28.302  1917  1917 D BlueZ   : external/bluetooth/bluez/android/hal-audio.c:audio_init_check() 
12-16 02:50:28.302  1917  1917 D BlueZ   : external/bluetooth/bluez/android/hal-audio.c:audio_set_master_volume() 
12-16 02:50:28.302  1917  1917 D BlueZ   : external/bluetooth/bluez/android/hal-audio.c:set_master_mute() 
12-16 02:50:28.302  1917  1917 I AudioFlinger: loadHwModule() Loaded a2dp audio interface from A2DP Bluez HW HAL (audio) handle 4
12-16 02:50:28.303  1917  1917 I AudioFlinger: loadHwModule() Loaded usb audio interface from USB audio HW HAL (audio) handle 5
12-16 02:50:28.303  1917  1917 E SoundTriggerHwService: couldn't load sound trigger module sound_trigger.primary (No such file or directory)
12-16 02:50:28.317  2183  2183 I InputManager: Initializing input manager, mUseDevInputEventForAudioJack=true
12-16 02:50:28.357  2183  2183 I SystemServer: Window Manager
12-16 02:50:28.408  2183  2214 I WindowManager: No existing display settings /data/system/display_settings.xml; starting empty
12-16 02:50:28.425  1909  2228 D PermissionCache: checking android.permission.ACCESS_SURFACE_FLINGER for uid=1000 => granted (10374 us)
12-16 02:50:28.492  2183  2183 I InputManager: Starting input manager
12-16 02:50:28.493  2183  2183 I SystemServer: Bluetooth Manager Service
12-16 02:50:28.496  2183  2230 D EventHub: No input device configuration file found for device 'Android Power Button'.
12-16 02:50:28.507  2183  2230 W EventHub: Unable to disable kernel key repeat for /dev/input/event17: Function not implemented
12-16 02:50:28.507  2183  2230 I EventHub: New device: id=1, fd=75, path='/dev/input/event17', name='Android Power Button', classes=0x1, configuration='', keyLayout='/system/usr/keylayout/Generic.kl', keyCharacterMap='/system/usr/keychars/Generic.kcm', builtinKeyboard=false, wakeMechanism=EPOLLWAKEUP, usingClockIoctl=true
12-16 02:50:28.507  2183  2230 I EventHub: ignoring event id /dev/input/event2 driver Power Button
12-16 02:50:28.513  2183  2230 D EventHub: No input device configuration file found for device 'Sleep Button'.
12-16 02:50:28.515  2183  2230 W EventHub: Unable to disable kernel key repeat for /dev/input/event0: Function not implemented
12-16 02:50:28.515  2183  2230 I EventHub: New device: id=2, fd=76, path='/dev/input/event0', name='Sleep Button', classes=0x1, configuration='', keyLayout='/system/usr/keylayout/Generic.kl', keyCharacterMap='/system/usr/keychars/Generic.kcm', builtinKeyboard=false, wakeMechanism=EPOLLWAKEUP, usingClockIoctl=true
12-16 02:50:28.515  2183  2230 I EventHub: ignoring event id /dev/input/event1 driver Power Button
12-16 02:50:28.522  2183  2230 D EventHub: No input device configuration file found for device 'Video Bus'.
12-16 02:50:28.524  2183  2230 W EventHub: Unable to disable kernel key repeat for /dev/input/event6: Function not implemented
12-16 02:50:28.524  2183  2230 I EventHub: New device: id=3, fd=77, path='/dev/input/event6', name='Video Bus', classes=0x1, configuration='', keyLayout='/system/usr/keylayout/Generic.kl', keyCharacterMap='/system/usr/keychars/Generic.kcm', builtinKeyboard=false, wakeMechanism=EPOLLWAKEUP, usingClockIoctl=true
12-16 02:50:28.524  2183  2230 D EventHub: No input device configuration file found for device 'PC Speaker'.
12-16 02:50:28.532  2183  2183 D BluetoothManagerService: Loading stored name and address
12-16 02:50:28.532  2183  2183 D BluetoothManagerService: Stored bluetooth Name=null,Address=null
12-16 02:50:28.532  2183  2183 I SystemServer: Input Method Service
12-16 02:50:28.539  2183  2230 D EventHub: No input device configuration file found for device 'Eee PC WMI hotkeys'.
12-16 02:50:28.541  2183  2230 I EventHub: New device: id=5, fd=78, path='/dev/input/event16', name='Eee PC WMI hotkeys', classes=0x1, configuration='', keyLayout='/system/usr/keylayout/Generic.kl', keyCharacterMap='/system/usr/keychars/Generic.kcm', builtinKeyboard=false, wakeMechanism=EPOLLWAKEUP, usingClockIoctl=true
12-16 02:50:28.546  2183  2183 W InputMethodManagerService: Couldn't create dir.: /data/system/inputmethod
12-16 02:50:28.591  2183  2230 E EventHub: could not get driver version for /dev/input/mice, Not a typewriter
12-16 02:50:28.602  2183  2230 D EventHub: No input device configuration file found for device 'HDA Intel PCH HDMI/DP,pcm=8'.
12-16 02:50:28.602  2183  2230 I EventHub: New device: id=6, fd=79, path='/dev/input/event15', name='HDA Intel PCH HDMI/DP,pcm=8', classes=0x80, configuration='', keyLayout='', keyCharacterMap='', builtinKeyboard=false, wakeMechanism=EPOLLWAKEUP, usingClockIoctl=true
12-16 02:50:28.602  2183  2230 D EventHub: No input device configuration file found for device 'HDA Intel PCH HDMI/DP,pcm=7'.
12-16 02:50:28.602  2183  2230 I EventHub: New device: id=7, fd=81, path='/dev/input/event14', name='HDA Intel PCH HDMI/DP,pcm=7', classes=0x80, configuration='', keyLayout='', keyCharacterMap='', builtinKeyboard=false, wakeMechanism=EPOLLWAKEUP, usingClockIoctl=true
12-16 02:50:28.602  2183  2230 D EventHub: No input device configuration file found for device 'HDA Intel PCH HDMI/DP,pcm=3'.
12-16 02:50:28.602  2183  2230 I EventHub: New device: id=8, fd=82, path='/dev/input/event13', name='HDA Intel PCH HDMI/DP,pcm=3', classes=0x80, configuration='', keyLayout='', keyCharacterMap='', builtinKeyboard=false, wakeMechanism=EPOLLWAKEUP, usingClockIoctl=true
12-16 02:50:28.602  2183  2230 D EventHub: No input device configuration file found for device 'HDA Intel PCH Front Headphone'.
12-16 02:50:28.602  2183  2230 I EventHub: New device: id=9, fd=83, path='/dev/input/event12', name='HDA Intel PCH Front Headphone', classes=0x80, configuration='', keyLayout='', keyCharacterMap='', builtinKeyboard=false, wakeMechanism=EPOLLWAKEUP, usingClockIoctl=true
12-16 02:50:28.602  2183  2230 D EventHub: No input device configuration file found for device 'HDA Intel PCH Line Out'.
12-16 02:50:28.602  2183  2230 I EventHub: New device: id=10, fd=84, path='/dev/input/event11', name='HDA Intel PCH Line Out', classes=0x80, configuration='', keyLayout='', keyCharacterMap='', builtinKeyboard=false, wakeMechanism=EPOLLWAKEUP, usingClockIoctl=true
12-16 02:50:28.602  2183  2230 D EventHub: No input device configuration file found for device 'HDA Intel PCH Line'.
12-16 02:50:28.602  2183  2230 I EventHub: New device: id=11, fd=85, path='/dev/input/event10', name='HDA Intel PCH Line', classes=0x80, configuration='', keyLayout='', keyCharacterMap='', builtinKeyboard=false, wakeMechanism=EPOLLWAKEUP, usingClockIoctl=true
12-16 02:50:28.602  2183  2230 D EventHub: No input device configuration file found for device 'HDA Intel PCH Rear Mic'.
12-16 02:50:28.602  2183  2230 I EventHub: New device: id=12, fd=86, path='/dev/input/event9', name='HDA Intel PCH Rear Mic', classes=0x80, configuration='', keyLayout='', keyCharacterMap='', builtinKeyboard=false, wakeMechanism=EPOLLWAKEUP, usingClockIoctl=true
12-16 02:50:28.602  2183  2230 D EventHub: No input device configuration file found for device 'HDA Intel PCH Front Mic'.
12-16 02:50:28.602  2183  2230 I EventHub: New device: id=13, fd=87, path='/dev/input/event8', name='HDA Intel PCH Front Mic', classes=0x80, configuration='', keyLayout='', keyCharacterMap='', builtinKeyboard=false, wakeMechanism=EPOLLWAKEUP, usingClockIoctl=true
12-16 02:50:28.602  2183  2230 D EventHub: No input device configuration file found for device 'SONiX USB Keyboard'.
12-16 02:50:28.605  2183  2230 W EventHub: Unable to disable kernel key repeat for /dev/input/event5: Function not implemented
12-16 02:50:28.605  2183  2230 I EventHub: New device: id=14, fd=88, path='/dev/input/event5', name='SONiX USB Keyboard', classes=0x80000121, configuration='', keyLayout='/system/usr/keylayout/Generic.kl', keyCharacterMap='/system/usr/keychars/Generic.kcm', builtinKeyboard=false, wakeMechanism=EPOLLWAKEUP, usingClockIoctl=true
12-16 02:50:28.605  2183  2230 D EventHub: No input device configuration file found for device 'SONiX USB Keyboard'.
12-16 02:50:28.607  2183  2230 I EventHub: New device: id=15, fd=89, path='/dev/input/event4', name='SONiX USB Keyboard', classes=0x80000003, configuration='', keyLayout='/system/usr/keylayout/Generic.kl', keyCharacterMap='/system/usr/keychars/Generic.kcm', builtinKeyboard=false, wakeMechanism=EPOLLWAKEUP, usingClockIoctl=true
12-16 02:50:28.625  2183  2183 I SystemServer: Accessibility Manager
12-16 02:50:28.633  2183  2183 I ActivityManager: Config changes=1df8 {1.0 ?mcc?mnc en_US ?layoutDir sw720dp w1280dp h720dp 240dpi xlrg long land ?uimode ?night -touch -keyb/v/h -nav/h s.2}
12-16 02:50:28.644  2183  2208 I UsageStatsService: User[0] Rollover scheduled @ 2015-12-17 00:00:00(1450310400000)
12-16 02:50:28.657  2183  2230 E EventHub: could not get driver version for /dev/input/mouse0, Not a typewriter
12-16 02:50:28.670  2183  2183 I ActivityManager: Config changes=500 {1.0 ?mcc?mnc en_US ?layoutDir sw720dp w1280dp h646dp 240dpi lrg long land ?uimode ?night -touch -keyb/v/h -nav/h s.3}
12-16 02:50:28.679  2183  2183 I SystemServer: Mount Service
12-16 02:50:28.680  2183  2183 D MountService: got storage path: null description: Internal storage primary: true removable: false emulated: true mtpReserve: 100 allowMassStorage: false maxFileSize: 0
12-16 02:50:28.681  2183  2183 D MountService: addVolumeLocked() StorageVolume:
12-16 02:50:28.681  2183  2183 D MountService:     mStorageId=65537 mPath=/storage/emulated/0 mDescriptionId=17040805 
12-16 02:50:28.681  2183  2183 D MountService:     mPrimary=true mRemovable=false mEmulated=true mMtpReserveSpace=100 
12-16 02:50:28.681  2183  2183 D MountService:     mAllowMassStorage=false mMaxFileSize=0 mOwner=UserHandle{0} mUuid=null 
12-16 02:50:28.681  2183  2183 D MountService:     mUserLabel=null mState=null 
12-16 02:50:28.681  2183  2183 D MountService: got storage path: /storage/sdcard1 description: SD card primary: false removable: true emulated: false mtpReserve: 0 allowMassStorage: false maxFileSize: 4294967296
12-16 02:50:28.681  2183  2183 D MountService: addVolumeLocked() StorageVolume:
12-16 02:50:28.681  2183  2183 D MountService:     mStorageId=0 mPath=/storage/sdcard1 mDescriptionId=17040806 mPrimary=false 
12-16 02:50:28.681  2183  2183 D MountService:     mRemovable=true mEmulated=false mMtpReserveSpace=0 mAllowMassStorage=false 
12-16 02:50:28.681  2183  2183 D MountService:     mMaxFileSize=4294967296 mOwner=null mUuid=null mUserLabel=null mState=null 
12-16 02:50:28.681  2183  2183 D MountService: got storage path: /storage/usb0 description: USB storage primary: false removable: true emulated: false mtpReserve: 0 allowMassStorage: false maxFileSize: 4294967296
12-16 02:50:28.681  2183  2183 D MountService: addVolumeLocked() StorageVolume:
12-16 02:50:28.681  2183  2183 D MountService:     mStorageId=0 mPath=/storage/usb0 mDescriptionId=17040807 mPrimary=false 
12-16 02:50:28.681  2183  2183 D MountService:     mRemovable=true mEmulated=false mMtpReserveSpace=0 mAllowMassStorage=false 
12-16 02:50:28.681  2183  2183 D MountService:     mMaxFileSize=4294967296 mOwner=null mUuid=null mUserLabel=null mState=null 
12-16 02:50:28.681  2183  2183 D MountService: got storage path: /storage/usb1 description: USB storage primary: false removable: true emulated: false mtpReserve: 0 allowMassStorage: false maxFileSize: 4294967296
12-16 02:50:28.681  2183  2183 D MountService: addVolumeLocked() StorageVolume:
12-16 02:50:28.681  2183  2183 D MountService:     mStorageId=0 mPath=/storage/usb1 mDescriptionId=17040807 mPrimary=false 
12-16 02:50:28.681  2183  2183 D MountService:     mRemovable=true mEmulated=false mMtpReserveSpace=0 mAllowMassStorage=false 
12-16 02:50:28.681  2183  2183 D MountService:     mMaxFileSize=4294967296 mOwner=null mUuid=null mUserLabel=null mState=null 
12-16 02:50:28.681  2183  2183 D MountService: got storage path: /storage/usb2 description: USB storage primary: false removable: true emulated: false mtpReserve: 0 allowMassStorage: false maxFileSize: 4294967296
12-16 02:50:28.681  2183  2183 D MountService: addVolumeLocked() StorageVolume:
12-16 02:50:28.681  2183  2183 D MountService:     mStorageId=0 mPath=/storage/usb2 mDescriptionId=17040807 mPrimary=false 
12-16 02:50:28.681  2183  2183 D MountService:     mRemovable=true mEmulated=false mMtpReserveSpace=0 mAllowMassStorage=false 
12-16 02:50:28.681  2183  2183 D MountService:     mMaxFileSize=4294967296 mOwner=null mUuid=null mUserLabel=null mState=null 
12-16 02:50:28.681  2183  2183 D MountService: got storage path: /storage/usb3 description: USB storage primary: false removable: true emulated: false mtpReserve: 0 allowMassStorage: false maxFileSize: 4294967296
12-16 02:50:28.681  2183  2183 D MountService: addVolumeLocked() StorageVolume:
12-16 02:50:28.681  2183  2183 D MountService:     mStorageId=0 mPath=/storage/usb3 mDescriptionId=17040807 mPrimary=false 
12-16 02:50:28.681  2183  2183 D MountService:     mRemovable=true mEmulated=false mMtpReserveSpace=0 mAllowMassStorage=false 
12-16 02:50:28.681  2183  2183 D MountService:     mMaxFileSize=4294967296 mOwner=null mUuid=null mUserLabel=null mState=null 
12-16 02:50:28.684  2183  2183 I PackageManager: Running dexopt on: /system/app/webview/webview.apk pkg=com.android.webview isa=x86_64 vmSafeMode=false
12-16 02:50:28.686  2183  2233 E MountService: Error processing initial volume state
12-16 02:50:28.686  2183  2233 E MountService: java.lang.Exception: Unexpected state 2
12-16 02:50:28.686  2183  2233 E MountService: 	at com.android.server.MountService$3.run(MountService.java:835)
12-16 02:50:28.701  2183  2233 I PackageManager: No secure containers found
12-16 02:50:28.701  2183  2233 W PackageManager: Unknown permission com.google.android.googleapps.permission.GOOGLE_AUTH in package com.android.providers.calendar
12-16 02:50:28.701  2183  2233 W PackageManager: Unknown permission com.google.android.googleapps.permission.GOOGLE_AUTH.cl in package com.android.providers.calendar
12-16 02:50:28.701  2183  2233 W PackageManager: Not granting permission android.permission.GLOBAL_SEARCH to package com.android.quicksearchbox (protectionLevel=18 flags=0x8be45)
12-16 02:50:28.701  2183  2233 W PackageManager: Not granting permission android.permission.ACCESS_DOWNLOAD_MANAGER to package com.android.browser (protectionLevel=18 flags=0x9be45)
12-16 02:50:28.702  2183  2233 W PackageManager: Not granting permission android.permission.SEND_DOWNLOAD_COMPLETED_INTENTS to package com.android.browser (protectionLevel=2 flags=0x9be45)
12-16 02:50:28.702  2183  2233 W PackageManager: Unknown permission com.tencent.mm.plugin.permission.SEND in package com.tencent.mm
12-16 02:50:28.702  2183  2233 W PackageManager: Unknown permission com.huawei.authentication.HW_ACCESS_AUTH_SERVICE in package com.tencent.mm
12-16 02:50:28.702  2183  2233 W PackageManager: Unknown permission com.android.launcher.permission.READ_SETTINGS in package com.tencent.mm
12-16 02:50:28.702  2183  2233 W PackageManager: Unknown permission com.tencent.mm.location.permission.SEND_VIEW in package com.tencent.mm
12-16 02:50:28.702  2183  2233 W PackageManager: Unknown permission com.huawei.android.launcher.permission.CHANGE_BADGE in package com.tencent.mm
12-16 02:50:28.702  2183  2233 W PackageManager: Unknown permission android.permission.WRITE_APP_BADGE in package com.tencent.mm
12-16 02:50:28.702  2183  2233 W PackageManager: Unknown permission com.android.vending.BILLING in package com.tencent.mm
12-16 02:50:28.702  2183  2233 W PackageManager: Unknown permission android.permission.USE_FINGERPRINT in package com.tencent.mm
12-16 02:50:28.702  2183  2233 W PackageManager: Unknown permission com.google.android.c2dm.permission.RECEIVE in package com.tencent.mm
12-16 02:50:28.702  2183  2233 W PackageManager: Not granting permission android.permission.BIND_WALLPAPER to package com.android.camera2 (protectionLevel=18 flags=0x58bc45)
12-16 02:50:28.702  2183  2233 W PackageManager: Unknown permission android.permission.INSTALL_DRM in package com.android.mms
12-16 02:50:28.702  2183  2233 W PackageManager: Not granting permission android.permission.BIND_APPWIDGET to package com.android.launcher3 (protectionLevel=18 flags=0x483e45)
12-16 02:50:28.702  2183  2233 W PackageManager: Unknown permission com.android.launcher.permission.READ_SETTINGS in package com.android.launcher3
12-16 02:50:28.702  2183  2233 W PackageManager: Unknown permission com.android.launcher.permission.WRITE_SETTINGS in package com.android.launcher3
12-16 02:50:28.702  2183  2233 W PackageManager: Unknown permission com.google.android.googleapps.permission.GOOGLE_AUTH.mail in package com.android.calendar
12-16 02:50:28.702  2183  2233 W PackageManager: Unknown permission com.android.launcher.permission.READ_SETTINGS in package com.android.onetimeinitializer
12-16 02:50:28.702  2183  2233 W PackageManager: Unknown permission com.android.launcher.permission.WRITE_SETTINGS in package com.android.onetimeinitializer
12-16 02:50:28.702  2183  2233 W PackageManager: Not granting permission android.permission.CHANGE_CONFIGURATION to package com.tencent.mobileqq (protectionLevel=50 flags=0x83e44)
12-16 02:50:28.702  2183  2233 W PackageManager: Unknown permission com.android.launcher.permission.READ_SETTINGS in package com.tencent.mobileqq
12-16 02:50:28.702  2183  2233 W PackageManager: Unknown permission com.tencent.permission.VIRUS_SCAN in package com.tencent.mobileqq
12-16 02:50:28.702  2183  2233 W PackageManager: Not granting permission android.permission.READ_LOGS to package com.tencent.mobileqq (protectionLevel=50 flags=0x83e44)
12-16 02:50:28.702  2183  2233 W PackageManager: Unknown permission android.permission.WRITE_OWNER_DATA in package com.tencent.mobileqq
12-16 02:50:28.702  2183  2233 W PackageManager: Unknown permission android.permission.SYSTEM_OVERLAY_WINDOW in package com.tencent.mobileqq
12-16 02:50:28.702  2183  2233 W PackageManager: Not granting permission android.permission.INTERACT_ACROSS_USERS to package com.tencent.mobileqq (protectionLevel=50 flags=0x83e44)
12-16 02:50:28.702  2183  2233 W PackageManager: Unknown permission com.android.launcher.permission.WRITE_SETTINGS in package com.tencent.mobileqq
12-16 02:50:28.702  2183  2233 W PackageManager: Not granting permission com.android.launcher3.permission.WRITE_SETTINGS to package com.tencent.mobileqq (protectionLevel=18 flags=0x83e44)
12-16 02:50:28.702  2183  2233 W PackageManager: Unknown permission com.google.android.launcher.permission.READ_SETTINGS in package com.tencent.mobileqq
12-16 02:50:28.702  2183  2233 W PackageManager: Unknown permission com.bbk.launcher2.permission.READ_SETTINGS in package com.tencent.mobileqq
12-16 02:50:28.702  2183  2233 W PackageManager: Unknown permission com.huaqin.launcherEx.permission.READ_SETTINGS in package com.tencent.mobileqq
12-16 02:50:28.702  2183  2233 W PackageManager: Unknown permission com.htc.launcher.settings in package com.tencent.mobileqq
12-16 02:50:28.702  2183  2233 W PackageManager: Unknown permission com.htc.launcher.permission.READ_SETTINGS in package com.tencent.mobileqq
12-16 02:50:28.702  2183  2233 W PackageManager: Unknown permission com.htc.launcher.permission.WRITE_SETTINGS in package com.tencent.mobileqq
12-16 02:50:28.702  2183  2233 W PackageManager: Unknown permission com.huawei.launcher3.permission.READ_SETTINGS in package com.tencent.mobileqq
12-16 02:50:28.702  2183  2233 W PackageManager: Unknown permission com.huawei.android.launcher.permission.READ_SETTINGS in package com.tencent.mobileqq
12-16 02:50:28.702  2183  2233 W PackageManager: Unknown permission com.sonyericsson.home.permission.BROADCAST_BADGE in package com.tencent.mobileqq
12-16 02:50:28.702  2183  2233 W PackageManager: Unknown permission com.sec.android.provider.badge.permission.READ in package com.tencent.mobileqq
12-16 02:50:28.702  2183  2233 W PackageManager: Unknown permission com.sec.android.provider.badge.permission.WRITE in package com.tencent.mobileqq
12-16 02:50:28.702  2183  2233 W PackageManager: Unknown permission com.lenovo.launcher.permission.BADGE_READ in package com.tencent.mobileqq
12-16 02:50:28.702  2183  2233 W PackageManager: Unknown permission com.lenovo.launcher.permission.BADGE_WRITE in package com.tencent.mobileqq
12-16 02:50:28.702  2183  2233 W PackageManager: Unknown permission com.huawei.android.launcher.permission.CHANGE_BADGE in package com.tencent.mobileqq
12-16 02:50:28.702  2183  2233 W PackageManager: Unknown permission com.huawei.authentication.HW_ACCESS_AUTH_SERVICE in package com.tencent.mobileqq
12-16 02:50:28.703  2183  2233 W PackageManager: Not granting permission android.permission.DELETE_PACKAGES to package com.svox.pico (protectionLevel=18 flags=0x8be45)
12-16 02:50:28.703  2183  2233 W PackageManager: Unknown permission com.cyanogenmod.filemanager.permissions.READ_THEME in package com.cyanogenmod.filemanager
12-16 02:50:28.703  2183  2233 W PackageManager: Unknown permission com.google.android.googleapps.permission.GOOGLE_AUTH in package com.android.settings
12-16 02:50:28.703  2183  2233 W PackageManager: Unknown permission com.android.launcher.permission.READ_SETTINGS in package com.android.settings
12-16 02:50:28.703  2183  2233 W PackageManager: Unknown permission com.android.launcher.permission.WRITE_SETTINGS in package com.android.settings
12-16 02:50:28.703  2183  2233 W PackageManager: Unknown permission com.android.smspush.WAPPUSH_MANAGER_BIND in package com.android.phone
12-16 02:50:28.703  2183  2233 W PackageManager: Not granting permission android.permission.DEVICE_POWER to package com.android.deskclock (protectionLevel=2 flags=0x48be45)
12-16 02:50:28.703  2183  2233 W PackageManager: Unknown permission com.google.android.gallery3d.permission.GALLERY_PROVIDER in package com.android.bluetooth
12-16 02:50:28.703  2183  2233 W PackageManager: Unknown permission com.google.android.googleapps.permission.ACCESS_GOOGLE_PASSWORD in package com.android.development
12-16 02:50:28.703  2183  2233 W PackageManager: Unknown permission com.google.android.googleapps.permission.GOOGLE_AUTH in package com.android.development
12-16 02:50:28.703  2183  2233 W PackageManager: Unknown permission com.google.android.googleapps.permission.GOOGLE_AUTH.ALL_SERVICES in package com.android.development
12-16 02:50:28.703  2183  2233 W PackageManager: Unknown permission com.google.android.googleapps.permission.GOOGLE_AUTH.YouTubeUser in package com.android.development
12-16 02:50:28.703  2183  2233 W PackageManager: Unknown permission com.xiaomi.permission.AUTH_SERVICE in package cn.wps.moffice_eng
12-16 02:50:28.720  2183  2230 D EventHub: No input device configuration file found for device 'USB Optical Mouse'.
12-16 02:50:28.720  2183  2230 I EventHub: New device: id=16, fd=90, path='/dev/input/event3', name='USB Optical Mouse', classes=0x80000008, configuration='', keyLayout='', keyCharacterMap='', builtinKeyboard=false, wakeMechanism=EPOLLWAKEUP, usingClockIoctl=true
12-16 02:50:28.797  2183  2230 I InputReader: Device added: id=-1, name='Virtual', sources=0x00000301
12-16 02:50:29.067  2234  2234 W linker  : [vdso]: unused DT entry: type 0x6ffffef5 arg 0xec
12-16 02:50:29.070  2234  2234 E cutils-trace: Error opening trace file: Permission denied (13)
12-16 02:50:29.070  2234  2234 I dex2oat : /system/bin/dex2oat --zip-fd=5 --zip-location=/system/app/webview/webview.apk --oat-fd=6 --oat-location=/data/dalvik-cache/x86_64/system@app@webview@webview.apk@classes.dex --instruction-set=x86_64 --instruction-set-features=default --runtime-arg -Xms64m --runtime-arg -Xmx512m --compiler-filter=interpret-only --swap-fd=7
12-16 02:50:29.098  2183  2230 I InputReader: Device added: id=16, name='USB Optical Mouse', sources=0x00002002
12-16 02:50:29.098  2183  2230 I InputReader: Device added: id=15, name='SONiX USB Keyboard', sources=0x00000101
12-16 02:50:29.099  2183  2230 I InputReader: Device added: id=14, name='SONiX USB Keyboard', sources=0x01000311
12-16 02:50:29.099  2183  2230 I InputReader: Device added: id=13, name='HDA Intel PCH Front Mic', sources=0x80000000
12-16 02:50:29.099  2183  2230 I InputReader: Device added: id=12, name='HDA Intel PCH Rear Mic', sources=0x80000000
12-16 02:50:29.099  2183  2230 I InputReader: Device added: id=11, name='HDA Intel PCH Line', sources=0x80000000
12-16 02:50:29.099  2183  2230 I InputReader: Device added: id=10, name='HDA Intel PCH Line Out', sources=0x80000000
12-16 02:50:29.099  2183  2230 I InputReader: Device added: id=9, name='HDA Intel PCH Front Headphone', sources=0x80000000
12-16 02:50:29.099  2183  2230 I InputReader: Device added: id=8, name='HDA Intel PCH HDMI/DP,pcm=3', sources=0x80000000
12-16 02:50:29.099  2183  2230 I InputReader: Device added: id=7, name='HDA Intel PCH HDMI/DP,pcm=7', sources=0x80000000
12-16 02:50:29.099  2183  2230 I InputReader: Device added: id=6, name='HDA Intel PCH HDMI/DP,pcm=8', sources=0x80000000
12-16 02:50:29.099  2183  2230 I InputReader: Device added: id=5, name='Eee PC WMI hotkeys', sources=0x00000101
12-16 02:50:29.099  2183  2230 I InputReader: Device added: id=3, name='Video Bus', sources=0x00000101
12-16 02:50:29.099  2183  2230 I InputReader: Device added: id=2, name='Sleep Button', sources=0x00000101
12-16 02:50:29.099  2183  2230 I InputReader: Device added: id=1, name='Android Power Button', sources=0x00000101
12-16 02:50:29.100  2183  2230 I InputReader: Reconfiguring input devices.  changes=0x00000004
12-16 02:50:29.100  2183  2229 I ActivityManager: Config changes=70 {1.0 ?mcc?mnc en_US ?layoutDir sw720dp w1280dp h646dp 240dpi lrg long land ?uimode ?night -touch qwerty/v/v dpad/v s.4}
12-16 02:50:29.163  2234  2234 I dex2oat : Decided to run without swap.
12-16 02:50:29.223  2183  2202 I art     : Background sticky concurrent mark sweep GC freed 18879(1494KB) AllocSpace objects, 9(144KB) LOS objects, 17% free, 6MB/7MB, paused 1.919ms total 424.413ms
12-16 02:50:29.238  2183  2236 D OpenGLRenderer: Use EGL_SWAP_BEHAVIOR_PRESERVED: true
12-16 02:50:29.308  2183  2236 I GRALLOC-DRM: create intel for driver i915
12-16 02:50:29.309  2183  2236 I EGL-DRI2: DRI2: found extension DRI_Core version 1
12-16 02:50:29.309  2183  2236 I EGL-DRI2: DRI2: found extension DRI_DRI2 version 4
12-16 02:50:29.315  2183  2236 I EGL-DRI2: DRI2: found extension DRI_TexBuffer version 3
12-16 02:50:29.315  2183  2236 I EGL-DRI2: DRI2: found extension DRI2_Flush version 4
12-16 02:50:29.315  2183  2236 I EGL-DRI2: DRI2: found extension DRI_IMAGE version 11
12-16 02:50:29.315  2183  2236 I OpenGLRenderer: Initialized EGL, version 1.4
12-16 02:50:29.315  2183  2236 W OpenGLRenderer: Failed to choose config with EGL_SWAP_BEHAVIOR_PRESERVED, retrying without...
12-16 02:50:29.317  2183  2236 D OpenGLRenderer: Enabling debug mode 0
12-16 02:50:29.350  1909  2152 I SurfaceFlinger: Boot is finished (15702 ms)
12-16 02:50:29.494  2234  2234 I dex2oat : dex2oat took 409.297ms (threads: 8) arena alloc=0B java alloc=1503KB native alloc=471KB free=7MB
12-16 02:50:29.528  2183  2183 I SystemServer: LockSettingsService
12-16 02:50:29.538  2183  2183 I SystemServiceManager: Starting com.android.server.devicepolicy.DevicePolicyManagerService$Lifecycle
12-16 02:50:29.548  2183  2183 I SystemServer: Status Bar
12-16 02:50:29.558  2183  2183 I SystemServer: Clipboard Service
12-16 02:50:29.560  2183  2183 I SystemServer: NetworkManagement Service
12-16 02:50:29.564  2183  2183 I SystemServer: Text Service Manager Service
12-16 02:50:29.578  2183  2183 I SystemServer: Network Score Service
12-16 02:50:29.579  2183  2183 I SystemServer: NetworkStats Service
12-16 02:50:29.599  2183  2183 I SystemServer: NetworkPolicy Service
12-16 02:50:29.615  2183  2183 I SystemServiceManager: Starting com.android.server.wifi.p2p.WifiP2pService
12-16 02:50:29.683  2183  2183 I WifiP2pService: Registering wifip2p
12-16 02:50:29.684  2183  2183 I SystemServiceManager: Starting com.android.server.wifi.WifiService
12-16 02:50:29.741  2183  2183 E WifiConfigStore: associatedPartialScanPeriodMilli set to 20000
12-16 02:50:29.748  2183  2183 D WifiController: isAirplaneModeOn = false, isWifiEnabled = false, isScanningAvailable = false
12-16 02:50:29.749  2183  2183 I WifiService: Registering wifi
12-16 02:50:29.749  2183  2183 I SystemServiceManager: Starting com.android.server.wifi.WifiScanningService
12-16 02:50:29.749  2183  2183 I WifiScanningService: Creating wifiscanner
12-16 02:50:29.749  2183  2183 I WifiScanningService: Starting wifiscanner
12-16 02:50:29.750  2183  2183 I SystemServiceManager: Starting com.android.server.wifi.RttService
12-16 02:50:29.750  2183  2183 I RttService: Creating rttmanager
12-16 02:50:29.750  2183  2183 I RttService: Starting rttmanager
12-16 02:50:29.751  2183  2183 I SystemServiceManager: Starting com.android.server.ethernet.EthernetService
12-16 02:50:29.751  2183  2183 I EthernetServiceImpl: Creating EthernetConfigStore
12-16 02:50:29.759  2183  2183 E IpConfigStore: Error parsing configuration: java.io.FileNotFoundException: /data/misc/ethernet/ipconfig.txt: open failed: ENOENT (No such file or directory)
12-16 02:50:29.759  2183  2183 W EthernetConfigStore: No Ethernet configuration found. Using default.
12-16 02:50:29.760  2183  2183 I EthernetServiceImpl: Read stored IP configuration: IP assignment: DHCP
12-16 02:50:29.760  2183  2183 I EthernetServiceImpl: Proxy settings: NONE
12-16 02:50:29.760  2183  2183 I EthernetService: Registering service ethernet
12-16 02:50:29.760  2183  2183 I SystemServer: Connectivity Service
12-16 02:50:29.762  2183  2183 D ConnectivityService: ConnectivityService starting up
12-16 02:50:29.764  2183  2183 D ConnectivityService: wifiOnly=false
12-16 02:50:29.765  2183  2183 E ConnectivityService: Ignoring protectedNetwork 14
12-16 02:50:29.765  2183  2183 E ConnectivityService: Ignoring protectedNetwork 15
12-16 02:50:29.794  2183  2183 I SystemServer: Network Service Discovery Service
12-16 02:50:29.797  2183  2183 D NsdService: Network service discovery enabled true
12-16 02:50:29.798  2183  2183 I SystemServer: UpdateLock Service
12-16 02:50:30.048  2183  2183 I SystemServiceManager: Starting com.android.server.notification.NotificationManagerService
12-16 02:50:30.074  2183  2183 D ZenLog  : set_zen_mode: off,setting
12-16 02:50:30.075  2183  2183 I SystemServiceManager: Starting com.android.server.storage.DeviceStorageMonitorService
12-16 02:50:30.077  2183  2183 I SystemServer: Location Manager
12-16 02:50:30.084  2183  2183 I SystemServer: Country Detector
12-16 02:50:30.085  2183  2183 I SystemServer: Search Service
12-16 02:50:30.087  2183  2183 I SystemServer: DropBox Service
12-16 02:50:30.088  2183  2183 I SystemServer: Wallpaper Service
12-16 02:50:30.090  2183  2183 I SystemServer: Audio Service
12-16 02:50:30.100  2183  2183 W TelecomManager: Telecom Service not found.
12-16 02:50:30.101  1917  1917 D BlueZ   : external/bluetooth/bluez/android/hal-audio.c:audio_set_mic_mute() 
12-16 02:50:30.124  2183  2183 I SystemServiceManager: Starting com.android.server.DockObserver
12-16 02:50:30.124  2183  2183 W DockObserver: This kernel does not have dock station support
12-16 02:50:30.124  2183  2183 I SystemServer: Wired Accessory Manager
12-16 02:50:30.125  2183  2183 W WiredAccessoryManager: This kernel does not have usb audio support
12-16 02:50:30.126  2183  2183 W WiredAccessoryManager: This kernel does not have HDMI audio support
12-16 02:50:30.126  2183  2183 I SystemServiceManager: Starting com.android.server.usb.UsbService$Lifecycle
12-16 02:50:30.137  2183  2183 I SystemServer: Serial Service
12-16 02:50:30.137  2183  2183 I SystemServiceManager: Starting com.android.server.twilight.TwilightService
12-16 02:50:30.139  2183  2183 I SystemServiceManager: Starting com.android.server.UiModeManagerService
12-16 02:50:30.141  2183  2183 I SystemServiceManager: Starting com.android.server.job.JobSchedulerService
12-16 02:50:30.145  2183  2183 I SystemServiceManager: Starting com.android.server.backup.BackupManagerService$Lifecycle
12-16 02:50:30.147  2183  2183 I SystemServiceManager: Starting com.android.server.appwidget.AppWidgetService
12-16 02:50:30.149  2183  2183 I SystemServiceManager: Starting com.android.server.voiceinteraction.VoiceInteractionManagerService
12-16 02:50:30.151  2183  2183 W SoundTriggerHelper: listModules status=0, # of modules=0
12-16 02:50:30.151  2183  2183 I SystemServer: DiskStats Service
12-16 02:50:30.151  2183  2183 I SystemServer: SamplingProfiler Service
12-16 02:50:30.220  2183  2183 I SystemServer: NetworkTimeUpdateService
12-16 02:50:30.221  2183  2183 I SystemServer: CommonTimeManagementService
12-16 02:50:30.222  2183  2183 I SystemServer: CertBlacklister
12-16 02:50:30.222  2183  2183 I SystemServiceManager: Starting com.android.server.dreams.DreamManagerService
12-16 02:50:30.224  2183  2183 I SystemServer: Assets Atlas Service
12-16 02:50:30.226  2183  2183 I SystemServiceManager: Starting com.android.server.print.PrintManagerService
12-16 02:50:30.228  2183  2260 D AssetAtlas: Loaded configuration: SliceMinArea (768x768) flags=0x2 count=446
12-16 02:50:30.246  2183  2260 D AssetAtlas: Rendered atlas in 12.18ms (4.11+8.07ms)
12-16 02:50:30.262  2183  2183 I SystemServiceManager: Starting com.android.server.restrictions.RestrictionsManagerService
12-16 02:50:30.263  2183  2183 I SystemServiceManager: Starting com.android.server.media.MediaSessionService
12-16 02:50:30.266  2183  2183 I SystemServer: Media Router Service
12-16 02:50:30.267  2183  2183 I SystemServiceManager: Starting com.android.server.trust.TrustManagerService
12-16 02:50:30.268  2183  2183 I SystemServiceManager: Starting com.android.server.fingerprint.FingerprintService
12-16 02:50:30.269  2183  2183 V Fingerprint-JNI: nativeInit()
12-16 02:50:30.269  2183  2183 V Fingerprint-JNI: nativeOpenHal()
12-16 02:50:30.269  2183  2183 E Fingerprint-JNI: Can't open fingerprint HW Module, error: -2
12-16 02:50:30.269  2183  2183 I SystemServer: BackgroundDexOptService
12-16 02:50:30.271  2183  2183 I SystemServiceManager: Starting com.android.server.pm.LauncherAppsService
12-16 02:50:30.272  2183  2183 I SystemServiceManager: Starting com.android.server.media.projection.MediaProjectionManagerService
12-16 02:50:30.277  2183  2183 I WindowManager: SAFE MODE not enabled
12-16 02:50:30.278  2183  2183 I SystemServiceManager: Starting com.android.server.MmsServiceBroker
12-16 02:50:30.327  2183  2183 E SQLiteLog: (283) recovered 16 frames from WAL file /data/system/locksettings.db-wal
12-16 02:50:30.330  2183  2183 E LockSettingsStorage: Cannot read file java.io.FileNotFoundException: /data/system/password.key: open failed: ENOENT (No such file or directory)
12-16 02:50:30.330  2183  2183 E LockSettingsStorage: Cannot read file java.io.FileNotFoundException: /data/system/gesture.key: open failed: ENOENT (No such file or directory)
12-16 02:50:30.330  2183  2183 I SystemServiceManager: Starting phase 480
12-16 02:50:30.341  2183  2183 I SystemServiceManager: Starting phase 500
12-16 02:50:30.341  2183  2183 I WifiService: WifiService starting up with Wi-Fi disabled
12-16 02:50:30.346  2183  2252 D WifiService: New client listening to asynchronous messages
12-16 02:50:30.347  2183  2183 I WifiScanningService: Registering wifiscanner
12-16 02:50:30.350  2183  2183 D WifiScanningService: New client, channel: null messenger: null
12-16 02:50:30.350  2183  2183 I RttService: Registering rttmanager
12-16 02:50:30.350  2183  2263 D WifiChangeStateMachine: Entering IdleState
12-16 02:50:30.351  2183  2263 D WifiScanningService: DefaultState
12-16 02:50:30.352  2183  2183 I EthernetServiceImpl: Starting Ethernet service
12-16 02:50:30.355  2183  2183 D Ethernet: Registering NetworkFactory
12-16 02:50:30.355  2183  2253 D ConnectivityService: Got NetworkFactory Messenger for Ethernet
12-16 02:50:30.356  2183  2265 D Ethernet: got request NetworkRequest [ id=1, legacyType=-1, [ Capabilities: INTERNET&NOT_RESTRICTED&TRUSTED&NOT_VPN] ] with score 0
12-16 02:50:30.375  2183  2183 D EthernetNetworkFactory: Started tracking interface eth0
12-16 02:50:30.376  1912  2143 D CommandListener: Setting iface cfg
12-16 02:50:30.376  1912  2143 D CommandListener: Trying to bring up eth0
12-16 02:50:30.431  2183  2183 I ActivityManager: Config changes=200 {1.0 ?mcc?mnc en_US ?layoutDir sw720dp w1280dp h646dp 240dpi lrg long land -touch qwerty/v/v dpad/v s.5}
12-16 02:50:30.445  2183  2183 V BackupManagerService: No ancestral data
12-16 02:50:30.451  2183  2183 D BackupManagerService: Now staging backup of com.android.browser
12-16 02:50:30.519  2183  2183 D BackupManagerService: Now staging backup of android
12-16 02:50:30.569  2183  2183 D BackupManagerService: Now staging backup of com.android.calendar
12-16 02:50:30.619  2183  2183 D BackupManagerService: Now staging backup of com.android.providers.settings
12-16 02:50:30.669  2183  2183 D BackupManagerService: Now staging backup of com.android.sharedstoragebackup
12-16 02:50:30.719  2183  2183 D BackupManagerService: Now staging backup of com.android.dialer
12-16 02:50:30.769  2183  2183 D BackupManagerService: Now staging backup of com.android.providers.userdictionary
12-16 02:50:30.819  2183  2183 V BackupManagerService: Starting with transport android/com.android.internal.backup.LocalTransport
12-16 02:50:30.819  2183  2183 V BackupManagerService: Found transports: 1
12-16 02:50:30.819  2183  2183 I BackupManagerService: Binding to transport host ComponentInfo{android/com.android.internal.backup.LocalTransportService}
12-16 02:50:30.821  2183  2183 I BackupManagerService: Found stale backup journal, scheduling
12-16 02:50:30.955  2183  2183 I AppOps  : Pruning old package media/1013: new uid=-1
12-16 02:50:30.955  2183  2183 I ActivityManager: System now ready
12-16 02:50:30.956  2183  2183 I SystemServer: Making services ready
12-16 02:50:30.956  2183  2183 I SystemServiceManager: Starting phase 550
12-16 02:50:30.958  2183  2183 I SystemServer: WebViewFactory preparation
12-16 02:50:30.960  2183  2270 D UsbHostManager: Added device UsbDevice[mName=/dev/bus/usb/001/006,mVendorId=8053,mProductId=2327,mClass=0,mSubclass=0,mProtocol=0,mManufacturerName=innostor,mProductName=USB 3.0,mSerialNumber=201207221945,mConfigurations=[
12-16 02:50:30.960  2183  2270 D UsbHostManager: UsbConfiguration[mId=1,mName=null,mAttributes=128,mMaxPower=100,mInterfaces=[
12-16 02:50:30.960  2183  2270 D UsbHostManager: UsbInterface[mId=0,mAlternateSetting=0,mName=null,mClass=8,mSubclass=6,mProtocol=80,mEndpoints=[
12-16 02:50:30.960  2183  2270 D UsbHostManager: UsbEndpoint[mAddress=2,mAttributes=2,mMaxPacketSize=512,mInterval=0]
12-16 02:50:30.960  2183  2270 D UsbHostManager: UsbEndpoint[mAddress=129,mAttributes=2,mMaxPacketSize=512,mInterval=0]]]]
12-16 02:50:30.962  2269  2269 W linker  : [vdso]: unused DT entry: type 0x6ffffef5 arg 0x160
12-16 02:50:30.969  2183  2183 I Zygote  : Process: zygote socket opened, supported ABIS: x86_64,arm64-v8a
12-16 02:50:30.980  2183  2183 I Zygote  : Process: zygote socket opened, supported ABIS: x86,armeabi-v7a,armeabi
12-16 02:50:30.996  2183  2270 W ContextImpl: Calling a method in the system process without a qualified user: android.app.ContextImpl.sendBroadcast:1327 com.android.server.usb.UsbSettingsManager.deviceAttached:741 com.android.server.usb.UsbHostManager.endUsbDeviceAdded:224 com.android.server.usb.UsbHostManager.monitorUsbHostBus:-2 com.android.server.usb.UsbHostManager.access$000:42 
12-16 02:50:31.024  2183  2183 I ActivityManager: Start proc 2272:WebViewLoader-x86/1037 [android.webkit.WebViewFactory$RelroFileCreator] for 
12-16 02:50:31.045  2183  2183 I ActivityManager: Start proc 2292:WebViewLoader-x86_64/1037 [android.webkit.WebViewFactory$RelroFileCreator] for 
