12-29 07:03:52.863  2169  2320 W ActivityManager: getTasks: caller 10076 does not hold REAL_GET_TASKS; limiting output
12-29 07:03:53.094 10278 10278 I GcnBroadcastReceiver: onReceive start ... action=null
12-29 07:03:53.094 10278 10278 I GcnBroadcastReceiver: is_open=true,service_type=gcn,sender_id=502050078214,loop_period=300000,push_url=http://gcn.happyelements.cn/apis/l
12-29 07:03:53.094 10278 10278 I GcnBroadcastReceiver: gameUserId=f7265993dcee5ca7,gspAppId=7800105600,gspAppKey=d2516d2ecf89cebde3f13cbfe2e55770
12-29 07:03:53.095 10278 10278 I NotificationService: onStartCommand start,flags=0,startId=8,isStart=true
12-29 07:03:53.866  2169 14271 W ActivityManager: getTasks: caller 10076 does not hold REAL_GET_TASKS; limiting output
12-29 07:03:53.883 11557 11557 W linker  : [vdso]: unused DT entry: type 0x6ffffef5 arg 0x160
12-29 07:03:54.869  2169  2478 W ActivityManager: getTasks: caller 10076 does not hold REAL_GET_TASKS; limiting output
12-29 07:03:55.802 11558 11558 W linker  : [vdso]: unused DT entry: type 0x6ffffef5 arg 0x160
12-29 07:03:55.872  2169 13566 W ActivityManager: getTasks: caller 10076 does not hold REAL_GET_TASKS; limiting output
12-29 07:03:56.875  2169 20952 W ActivityManager: getTasks: caller 10076 does not hold REAL_GET_TASKS; limiting output
12-29 07:03:57.878  2169  3736 W ActivityManager: getTasks: caller 10076 does not hold REAL_GET_TASKS; limiting output
12-29 07:03:58.881  2169 13566 W ActivityManager: getTasks: caller 10076 does not hold REAL_GET_TASKS; limiting output
12-29 07:03:59.884  2169 20952 W ActivityManager: getTasks: caller 10076 does not hold REAL_GET_TASKS; limiting output
12-29 07:04:00.809 11559 11559 W linker  : [vdso]: unused DT entry: type 0x6ffffef5 arg 0x160
12-29 07:04:00.887  2169  2478 W ActivityManager: getTasks: caller 10076 does not hold REAL_GET_TASKS; limiting output
12-29 07:04:01.889  2169  3018 W ActivityManager: getTasks: caller 10076 does not hold REAL_GET_TASKS; limiting output
12-29 07:04:02.892  2169  2478 W ActivityManager: getTasks: caller 10076 does not hold REAL_GET_TASKS; limiting output
12-29 07:04:03.895  2169  2188 W ActivityManager: getTasks: caller 10076 does not hold REAL_GET_TASKS; limiting output
12-29 07:04:04.112  2169  2245 W AudioTrack: AUDIO_OUTPUT_FLAG_FAST denied by client
12-29 07:04:04.113  2169  2218 I ActivityManager: START u0 {act=android.intent.action.MAIN cat=[android.intent.category.HOME] flg=0x10200000 cmp=com.android.launcher3/.Launcher} from uid 1000 on display 0
12-29 07:04:04.125  1907  2166 D audio_hw_primary: found out /dev/snd/pcmC0D0p
12-29 07:04:04.205  2479  2668 V RenderScript: 0x7ffa0fe33000 Launching thread(s), CPUs 8
12-29 07:04:04.899  2169  3018 W ActivityManager: getTasks: caller 10076 does not hold REAL_GET_TASKS; limiting output
12-29 07:04:05.133  2299  2299 W ResourceType: No package identifier when getting value for resource number 0x00000000
12-29 07:04:05.133  2299  2299 W PackageManager: Failure retrieving resources for jackpal.androidterm: Resource ID #0x0
12-29 07:04:05.821 11570 11570 W linker  : [vdso]: unused DT entry: type 0x6ffffef5 arg 0x160
12-29 07:04:05.902  2169  2189 W ActivityManager: getTasks: caller 10076 does not hold REAL_GET_TASKS; limiting output
12-29 07:04:06.905  2169  2320 W ActivityManager: getTasks: caller 10076 does not hold REAL_GET_TASKS; limiting output
12-29 07:04:07.487  8682  8711 D ++++++++: IsGetNotificationTimeOut = 4406487 dis = 28800000
12-29 07:04:07.908  2169  2188 W ActivityManager: getTasks: caller 10076 does not hold REAL_GET_TASKS; limiting output
12-29 07:04:08.910  2169 13566 W ActivityManager: getTasks: caller 10076 does not hold REAL_GET_TASKS; limiting output
12-29 07:04:09.913  2169 13566 W ActivityManager: getTasks: caller 10076 does not hold REAL_GET_TASKS; limiting output
12-29 07:04:10.080  2169 20952 I ActivityManager: START u0 {act=android.intent.action.MAIN flg=0x10000000 cmp=com.wandoujia.phoenix2/com.wandoujia.jupiter.activity.HomeActivity bnds=[538,158][749,294] (has extras)} from uid 10036 on display 0
12-29 07:04:10.080  2169  2245 W AudioTrack: AUDIO_OUTPUT_FLAG_FAST denied by client
12-29 07:04:10.089  2169 20952 V WindowManager: addAppToken: AppWindowToken{144498d6 token=Token{1a7a64f1 ActivityRecord{993b498 u0 com.wandoujia.phoenix2/com.wandoujia.jupiter.activity.HomeActivity t282}}} to stack=1 task=282 at 0
12-29 07:04:10.090  2169  2198 V WindowManager: Adding window Window{17dfc129 u0 Starting com.wandoujia.phoenix2} at 7 of 12 (after Window{3c397b68 u0 jackpal.androidterm/jackpal.androidterm.Term})
12-29 07:04:10.093  1907  2166 D audio_hw_primary: found out /dev/snd/pcmC0D0p
12-29 07:04:10.121  2169 13566 I ActivityManager: Config changes=480 {1.0 ?mcc?mnc zh_CN ldltr sw720dp w720dp h1206dp 240dpi lrg long port -touch qwerty/v/v -nav/h s.47}
12-29 07:04:10.123  9209  9209 D GeckoApplication: onConfigurationChanged: zh_CN, background: false
12-29 07:04:10.123  9209  9209 D GeckoLocales: No selected locale. No correction needed.
12-29 07:04:10.143  2169  2169 V ActivityManager: Display changed displayId=0
12-29 07:04:10.169  2169  2219 I InputReader: Reconfiguring input devices.  changes=0x00000004
12-29 07:04:10.226 10470 11579 D OpenGLRenderer: Use EGL_SWAP_BEHAVIOR_PRESERVED: true
12-29 07:04:10.226  2169 20953 V WindowManager: Adding window Window{122973c8 u0 com.wandoujia.phoenix2/com.wandoujia.jupiter.activity.HomeActivity} at 7 of 14 (before Window{17dfc129 u0 Starting com.wandoujia.phoenix2})
12-29 07:04:10.250 10470 11579 I GRALLOC-DRM: create intel for driver i915
12-29 07:04:10.250 10470 11579 I EGL-DRI2: DRI2: found extension DRI_Core version 1
12-29 07:04:10.250 10470 11579 I EGL-DRI2: DRI2: found extension DRI_DRI2 version 4
12-29 07:04:10.253 10470 11579 I EGL-DRI2: DRI2: found extension DRI_TexBuffer version 3
12-29 07:04:10.253 10470 11579 I EGL-DRI2: DRI2: found extension DRI2_Flush version 4
12-29 07:04:10.253 10470 11579 I EGL-DRI2: DRI2: found extension DRI_IMAGE version 11
12-29 07:04:10.253 10470 11579 I OpenGLRenderer: Initialized EGL, version 1.4
12-29 07:04:10.253 10470 11579 W OpenGLRenderer: Failed to choose config with EGL_SWAP_BEHAVIOR_PRESERVED, retrying without...
12-29 07:04:10.256 10470 11579 D OpenGLRenderer: Enabling debug mode 0
12-29 07:04:10.304  2169  2198 V WindowManager: Layouts looping: On entry to LockedInner, mPendingLayoutChanges = 0x1
12-29 07:04:10.304  2169  2198 V WindowManager: Layouts looping: loop number 4, mPendingLayoutChanges = 0x0
12-29 07:04:10.304  2169  2198 V WindowManager: Layouts looping: after finishPostLayoutPolicyLw, mPendingLayoutChanges = 0x0
12-29 07:04:10.304  2169  2198 V WindowManager: Layouts looping: mLayoutNeeded, mPendingLayoutChanges = 0x1
12-29 07:04:10.304  2169  2198 V WindowManager: Layouts looping: On entry to LockedInner, mPendingLayoutChanges = 0x1
12-29 07:04:10.304  2169  2198 V WindowManager: Layouts looping: loop number 5, mPendingLayoutChanges = 0x0
12-29 07:04:10.304  2169  2198 V WindowManager: Layouts looping: after finishPostLayoutPolicyLw, mPendingLayoutChanges = 0x0
12-29 07:04:10.304  2169  2198 V WindowManager: Layouts looping: mLayoutNeeded, mPendingLayoutChanges = 0x1
12-29 07:04:10.304  2169  2198 E WindowManager: Performed 6 layouts in a row. Skipping
12-29 07:04:10.312  2169  2198 I ActivityManager: Displayed com.wandoujia.phoenix2/com.wandoujia.jupiter.activity.HomeActivity: +222ms
12-29 07:04:10.353  2169 20953 I WindowManager: Screen frozen for +264ms due to Window{17dfc129 u0 Starting com.wandoujia.phoenix2}
12-29 07:04:10.832 11614 11614 W linker  : [vdso]: unused DT entry: type 0x6ffffef5 arg 0x160
12-29 07:04:10.915  2169  3042 W ActivityManager: getTasks: caller 10076 does not hold REAL_GET_TASKS; limiting output
12-29 07:04:11.918  2169  2189 W ActivityManager: getTasks: caller 10076 does not hold REAL_GET_TASKS; limiting output
12-29 07:04:12.371  2169  2198 I art     : Explicit concurrent mark sweep GC freed 15545(929KB) AllocSpace objects, 6(96KB) LOS objects, 33% free, 18MB/27MB, paused 508us total 14.606ms
12-29 07:04:12.920  2169  3018 W ActivityManager: getTasks: caller 10076 does not hold REAL_GET_TASKS; limiting output
12-29 07:04:13.923  2169  2501 W ActivityManager: getTasks: caller 10076 does not hold REAL_GET_TASKS; limiting output
12-29 07:04:14.926  2169  3736 W ActivityManager: getTasks: caller 10076 does not hold REAL_GET_TASKS; limiting output
12-29 07:04:15.720  2169  2478 I ActivityManager: START u0 {flg=0x10000000 cmp=com.wandoujia.phoenix2/com.wandoujia.jupiter.search.activity.SearchQueryHistoryActivity (has extras)} from uid 10054 on display 0
12-29 07:04:15.720  2169  2245 W AudioTrack: AUDIO_OUTPUT_FLAG_FAST denied by client
12-29 07:04:15.732  1907  2166 D audio_hw_primary: found out /dev/snd/pcmC0D0p
12-29 07:04:15.746  2169  2478 V WindowManager: addAppToken: AppWindowToken{2bf8f3e0 token=Token{1a6e7de3 ActivityRecord{1aa9b212 u0 com.wandoujia.phoenix2/com.wandoujia.jupiter.search.activity.SearchQueryHistoryActivity t282}}} to stack=1 task=282 at 1
12-29 07:04:15.773  2169  3018 V WindowManager: Adding window Window{336cdd5e u0 com.wandoujia.phoenix2/com.wandoujia.jupiter.search.activity.SearchQueryHistoryActivity} at 8 of 13 (after Window{122973c8 u0 com.wandoujia.phoenix2/com.wandoujia.jupiter.activity.HomeActivity})
12-29 07:04:15.833  2169  2198 I ActivityManager: Displayed com.wandoujia.phoenix2/com.wandoujia.jupiter.search.activity.SearchQueryHistoryActivity: +86ms
12-29 07:04:15.841 11621 11621 W linker  : [vdso]: unused DT entry: type 0x6ffffef5 arg 0x160
12-29 07:04:15.928  2169  2188 W ActivityManager: getTasks: caller 10076 does not hold REAL_GET_TASKS; limiting output
12-29 07:04:16.931  2169  3018 W ActivityManager: getTasks: caller 10076 does not hold REAL_GET_TASKS; limiting output
12-29 07:04:17.934  2169  2188 W ActivityManager: getTasks: caller 10076 does not hold REAL_GET_TASKS; limiting output
12-29 07:04:18.144  2169 14271 V WindowManager: Adding window Window{1f213a36 u0 PopupWindow:32679207} at 9 of 14 (after Window{336cdd5e u0 com.wandoujia.phoenix2/com.wandoujia.jupiter.search.activity.SearchQueryHistoryActivity})
12-29 07:04:18.907  2169 15111 V WindowManager: Adding window Window{1ca11510 u0 PopupWindow:32679207} at 10 of 15 (after Window{1f213a36 u0 PopupWindow:32679207 EXITING})
12-29 07:04:18.936  2169 20953 W ActivityManager: getTasks: caller 10076 does not hold REAL_GET_TASKS; limiting output
12-29 07:04:19.540  2169  7590 V WindowManager: Adding window Window{2cb95a0e u0 PopupWindow:32679207} at 10 of 15 (after Window{1ca11510 u0 PopupWindow:32679207 EXITING})
12-29 07:04:19.938  2169 14271 W ActivityManager: getTasks: caller 10076 does not hold REAL_GET_TASKS; limiting output
12-29 07:04:20.250  2169 20952 V WindowManager: Adding window Window{22b5091a u0 PopupWindow:32679207} at 10 of 15 (after Window{2cb95a0e u0 PopupWindow:32679207 EXITING})
12-29 07:04:20.561  2169  2478 V WindowManager: Adding window Window{2e0a7628 u0 PopupWindow:32679207} at 10 of 15 (after Window{22b5091a u0 PopupWindow:32679207 EXITING})
12-29 07:04:20.852 11629 11629 W linker  : [vdso]: unused DT entry: type 0x6ffffef5 arg 0x160
12-29 07:04:20.940  2169  2478 W ActivityManager: getTasks: caller 10076 does not hold REAL_GET_TASKS; limiting output
12-29 07:04:21.942  2169  7590 W ActivityManager: getTasks: caller 10076 does not hold REAL_GET_TASKS; limiting output
12-29 07:04:22.946  2169 20953 W ActivityManager: getTasks: caller 10076 does not hold REAL_GET_TASKS; limiting output
12-29 07:04:23.948  2169  7590 W ActivityManager: getTasks: caller 10076 does not hold REAL_GET_TASKS; limiting output
12-29 07:04:24.951  2169  2189 W ActivityManager: getTasks: caller 10076 does not hold REAL_GET_TASKS; limiting output
12-29 07:04:25.865 11630 11630 W linker  : [vdso]: unused DT entry: type 0x6ffffef5 arg 0x160
12-29 07:04:25.953  2169  7588 W ActivityManager: getTasks: caller 10076 does not hold REAL_GET_TASKS; limiting output
12-29 07:04:26.956  2169  3018 W ActivityManager: getTasks: caller 10076 does not hold REAL_GET_TASKS; limiting output
12-29 07:04:27.960  2169 15111 W ActivityManager: getTasks: caller 10076 does not hold REAL_GET_TASKS; limiting output
12-29 07:04:28.962  2169  3736 W ActivityManager: getTasks: caller 10076 does not hold REAL_GET_TASKS; limiting output
12-29 07:04:29.964  2169  2189 W ActivityManager: getTasks: caller 10076 does not hold REAL_GET_TASKS; limiting output
12-29 07:04:30.874 11631 11631 W linker  : [vdso]: unused DT entry: type 0x6ffffef5 arg 0x160
12-29 07:04:30.967  2169  3042 W ActivityManager: getTasks: caller 10076 does not hold REAL_GET_TASKS; limiting output
12-29 07:04:31.775  2169  2245 W AudioTrack: AUDIO_OUTPUT_FLAG_FAST denied by client
12-29 07:04:31.776  2169  7590 I ActivityManager: START u0 {act=android.intent.action.VIEW dat=wdj://search/result/Microsoft Word pkg=com.wandoujia.phoenix2 cmp=com.wandoujia.phoenix2/com.wandoujia.jupiter.search.activity.SearchHomeActivity (has extras)} from uid 10054 on display 0
12-29 07:04:31.781  2169  7590 V WindowManager: addAppToken: AppWindowToken{14b71227 token=Token{168a9ce6 ActivityRecord{1564af41 u0 com.wandoujia.phoenix2/com.wandoujia.jupiter.search.activity.SearchHomeActivity t282}}} to stack=1 task=282 at 2
12-29 07:04:31.788  1907  2166 D audio_hw_primary: found out /dev/snd/pcmC0D0p
12-29 07:04:31.790  2169 20953 I ActivityManager: START u0 {flg=0x10010000 cmp=com.wandoujia.phoenix2/com.wandoujia.jupiter.app.activity.DownloadInjectorDialogActivity (has extras)} from uid 10054 on display 0
12-29 07:04:31.790  2169 20953 V WindowManager: addAppToken: AppWindowToken{1ad3a172 token=Token{3e8bfe7d ActivityRecord{aa4ccd4 u0 com.wandoujia.phoenix2/com.wandoujia.jupiter.app.activity.DownloadInjectorDialogActivity t283}}} to stack=1 task=283 at 0
12-29 07:04:31.797  2169  2188 V WindowManager: Adding window Window{31ebe240 u0 com.wandoujia.phoenix2/com.wandoujia.jupiter.search.activity.SearchHomeActivity} at 10 of 15 (after Window{2e0a7628 u0 PopupWindow:32679207 EXITING})
12-29 07:04:31.805  2169 15111 V WindowManager: Adding window Window{203662be u0 com.wandoujia.phoenix2/com.wandoujia.jupiter.app.activity.DownloadInjectorDialogActivity} at 11 of 16 (after Window{31ebe240 u0 com.wandoujia.phoenix2/com.wandoujia.jupiter.search.activity.SearchHomeActivity})
12-29 07:04:31.860  2169  2198 I ActivityManager: Displayed com.wandoujia.phoenix2/com.wandoujia.jupiter.search.activity.SearchHomeActivity: +70ms
12-29 07:04:31.860  2169  2198 I ActivityManager: Displayed com.wandoujia.phoenix2/com.wandoujia.jupiter.app.activity.DownloadInjectorDialogActivity: +70ms
12-29 07:04:31.970  2169  2320 W ActivityManager: getTasks: caller 10076 does not hold REAL_GET_TASKS; limiting output
12-29 07:04:32.113  1896  1896 W SurfaceFlinger: couldn't log to binary event log: overflow.
12-29 07:04:32.973  2169 20953 W ActivityManager: getTasks: caller 10076 does not hold REAL_GET_TASKS; limiting output
12-29 07:04:33.976  2169 15111 W ActivityManager: getTasks: caller 10076 does not hold REAL_GET_TASKS; limiting output
12-29 07:04:34.979  2169  3736 W ActivityManager: getTasks: caller 10076 does not hold REAL_GET_TASKS; limiting output
12-29 07:04:35.812  2169  2256 D TaskPersister: removeObsoleteFile: deleting file=282_task.xml
12-29 07:04:35.886 11634 11634 W linker  : [vdso]: unused DT entry: type 0x6ffffef5 arg 0x160
12-29 07:04:35.982  2169 15111 W ActivityManager: getTasks: caller 10076 does not hold REAL_GET_TASKS; limiting output
12-29 07:04:36.984  2169  7588 W ActivityManager: getTasks: caller 10076 does not hold REAL_GET_TASKS; limiting output
12-29 07:04:37.986  2169 15111 W ActivityManager: getTasks: caller 10076 does not hold REAL_GET_TASKS; limiting output
12-29 07:04:38.988  2169 20953 W ActivityManager: getTasks: caller 10076 does not hold REAL_GET_TASKS; limiting output
12-29 07:04:39.991  2169 14271 W ActivityManager: getTasks: caller 10076 does not hold REAL_GET_TASKS; limiting output
12-29 07:04:40.224  2169  2245 W AudioTrack: AUDIO_OUTPUT_FLAG_FAST denied by client
12-29 07:04:40.236  1907  2166 D audio_hw_primary: found out /dev/snd/pcmC0D0p
12-29 07:04:40.242  2169  2189 W ActivityManager: Finishing task with all activities already finished
12-29 07:04:40.242  2169  2189 W ActivityManager: Duplicate finish request for ActivityRecord{aa4ccd4 u0 com.wandoujia.phoenix2/com.wandoujia.jupiter.app.activity.DownloadInjectorDialogActivity t283 f}
12-29 07:04:40.512  1896  1896 W SurfaceFlinger: couldn't log to binary event log: overflow.
12-29 07:04:40.897 11638 11638 W linker  : [vdso]: unused DT entry: type 0x6ffffef5 arg 0x160
12-29 07:04:40.993  2169  2189 W ActivityManager: getTasks: caller 10076 does not hold REAL_GET_TASKS; limiting output
12-29 07:04:41.995  2169 14271 W ActivityManager: getTasks: caller 10076 does not hold REAL_GET_TASKS; limiting output
12-29 07:04:42.996  2169  2501 W ActivityManager: getTasks: caller 10076 does not hold REAL_GET_TASKS; limiting output
12-29 07:04:43.773  2169  2256 D TaskPersister: removeObsoleteFile: deleting file=283_task.xml
12-29 07:04:43.773  2169  2256 D TaskPersister: removeObsoleteFile: deleting file=283_task_thumbnail.png
12-29 07:04:43.999  2169  7590 W ActivityManager: getTasks: caller 10076 does not hold REAL_GET_TASKS; limiting output
12-29 07:04:45.001  2169  3736 W ActivityManager: getTasks: caller 10076 does not hold REAL_GET_TASKS; limiting output
12-29 07:04:45.905 11639 11639 W linker  : [vdso]: unused DT entry: type 0x6ffffef5 arg 0x160
12-29 07:04:46.004  2169  7588 W ActivityManager: getTasks: caller 10076 does not hold REAL_GET_TASKS; limiting output
12-29 07:04:49.861  2169  7588 W ActivityManager: getTasks: caller 10076 does not hold REAL_GET_TASKS; limiting output
12-29 07:04:50.258 11648 11648 W linker  : [vdso]: unused DT entry: type 0x6ffffef5 arg 0x160
12-29 07:04:50.259 11653 11653 W linker  : [vdso]: unused DT entry: type 0x6ffffef5 arg 0x160
12-29 07:04:50.260 11654 11654 W linker  : [vdso]: unused DT entry: type 0x6ffffef5 arg 0x160
12-29 07:04:50.284 11649 11649 W linker  : [vdso]: unused DT entry: type 0x6ffffef5 arg 0x160
12-29 07:04:50.286 11649 11649 D AndroidRuntime: >>>>>> START com.android.internal.os.RuntimeInit uid 0 <<<<<<
12-29 07:04:50.286 11649 11649 D AndroidRuntime: CheckJNI is OFF
12-29 07:04:50.287 11654 11654 W linker  : [vdso]: unused DT entry: type 0x6ffffef5 arg 0x160
12-29 07:04:50.289 11654 11654 D AndroidRuntime: >>>>>> START com.android.internal.os.RuntimeInit uid 0 <<<<<<
12-29 07:04:50.289 11654 11654 D AndroidRuntime: CheckJNI is OFF
12-29 07:04:50.369 11649 11649 W         : Failed to bind-mount /system/lib64/x86_64/cpuinfo as /proc/cpuinfo: No such file or directory
12-29 07:04:50.369 11649 11649 E         : Cannot create code cache directory ./code_cache: Read-only file system.
12-29 07:04:50.369 11654 11654 W         : Failed to bind-mount /system/lib64/x86_64/cpuinfo as /proc/cpuinfo: No such file or directory
12-29 07:04:50.369 11654 11654 E         : Cannot create code cache directory ./code_cache: Read-only file system.
12-29 07:04:50.388 11649 11649 E memtrack: Couldn't load memtrack module (No such file or directory)
12-29 07:04:50.388 11649 11649 E android.os.Debug: failed to load memtrack module: -2
12-29 07:04:50.388 11654 11654 E memtrack: Couldn't load memtrack module (No such file or directory)
12-29 07:04:50.388 11654 11654 E android.os.Debug: failed to load memtrack module: -2
12-29 07:04:50.399 11649 11649 D AndroidRuntime: Calling main entry com.android.commands.am.Am
12-29 07:04:50.399 11654 11654 D AndroidRuntime: Calling main entry com.android.commands.pm.Pm
12-29 07:04:50.417  2169  2203 I ActivityManager: Start proc 11687:com.android.defcontainer/u0a3 for service com.android.defcontainer/.DefaultContainerService
12-29 07:04:50.423 11687 11687 I ActivityThread: Switching default density from 160 to 240
12-29 07:04:50.437 11687 11722 D DefContainer: Copying /storage/emulated/0/wandoujia/app/microsoft_word_1451372680224.apk to base.apk
12-29 07:04:50.682 11649 11649 D AndroidRuntime: Shutting down VM
12-29 07:04:50.713 27843 27874 I EGL-DRI2: DRI2: found extension DRI_Core version 1
12-29 07:04:50.713 27843 27874 I EGL-DRI2: DRI2: found extension DRI_DRI2 version 4
12-29 07:04:50.716 27843 27874 I EGL-DRI2: DRI2: found extension DRI_TexBuffer version 3
12-29 07:04:50.716 27843 27874 I EGL-DRI2: DRI2: found extension DRI2_Flush version 4
12-29 07:04:50.716 27843 27874 I EGL-DRI2: DRI2: found extension DRI_IMAGE version 11
12-29 07:04:50.716 27843 27874 I OpenGLRenderer: Initialized EGL, version 1.4
12-29 07:04:50.863  2169  2188 W ActivityManager: getTasks: caller 10076 does not hold REAL_GET_TASKS; limiting output
12-29 07:04:50.911 11725 11725 W linker  : [vdso]: unused DT entry: type 0x6ffffef5 arg 0x160
12-29 07:04:51.696  2169  2203 D PackageManager: Renaming /data/app/vmdl46663781.tmp to /data/app/com.microsoft.office.word-1
12-29 07:04:51.696  2169  2203 I PackageManager: New shared user com.microsoft.office: id=10069
12-29 07:04:51.820  2169  2203 I PackageManager: Running dexopt on: /data/app/com.microsoft.office.word-1/base.apk pkg=com.microsoft.office.word isa=x86 vmSafeMode=false
12-29 07:04:51.822 11726 11726 W linker  : [vdso]: unused DT entry: type 0x6ffffef5 arg 0xec
12-29 07:04:51.823 11726 11726 E cutils-trace: Error opening trace file: Permission denied (13)
12-29 07:04:51.823 11726 11726 I dex2oat : /system/bin/dex2oat --zip-fd=5 --zip-location=/data/app/com.microsoft.office.word-1/base.apk --oat-fd=6 --oat-location=/data/dalvik-cache/x86/data@app@com.microsoft.office.word-1@base.apk@classes.dex --instruction-set=x86 --instruction-set-features=default --runtime-arg -Xms64m --runtime-arg -Xmx512m --swap-fd=13
12-29 07:04:51.865  2169  3018 W ActivityManager: getTasks: caller 10076 does not hold REAL_GET_TASKS; limiting output
12-29 07:04:51.920 11726 11726 I dex2oat : Decided to run without swap.
12-29 07:04:52.701 11726 11726 I dex2oat : dex2oat took 877.664ms (threads: 8) arena alloc=477KB java alloc=11MB native alloc=20MB free=7MB
12-29 07:04:52.806  2169  2203 W PackageManager: Unknown permission com.android.vending.CHECK_LICENSE in package com.microsoft.office.word
12-29 07:04:52.908  2169  2189 W ActivityManager: getTasks: caller 10076 does not hold REAL_GET_TASKS; limiting output
12-29 07:04:52.908  2169  2203 W Settings: Setting install_non_market_apps has moved from android.provider.Settings.Global to android.provider.Settings.Secure, returning read-only value.
12-29 07:04:52.909 11404 11404 I DataModelCenter: SyncBroadcastReceiver->onChange
12-29 07:04:52.909 11948 11948 I plugin  : com.microsoft.office.word install
12-29 07:04:52.909  2169  2193 W BroadcastQueue: Unable to launch app com.carrot.iceworld/10071 for broadcast Intent { act=android.intent.action.PACKAGE_ADDED dat=package:com.microsoft.office.word flg=0x4000010 (has extras) }: process is bad
12-29 07:04:52.913  2169  2219 I InputReader: Reconfiguring input devices.  changes=0x00000010
12-29 07:04:52.925  2169 15111 I ActivityManager: Start proc 11758:com.android.musicfx/u0a9 for broadcast com.android.musicfx/.Compatibility$Receiver
12-29 07:04:52.939 11758 11758 I ActivityThread: Switching default density from 160 to 240
12-29 07:04:52.969  2169  2203 I art     : Explicit concurrent mark sweep GC freed 109187(5MB) AllocSpace objects, 12(3MB) LOS objects, 33% free, 16MB/25MB, paused 1.534ms total 60.579ms
12-29 07:04:52.970  2169  2320 I ActivityManager: Start proc 11799:com.android.gallery3d/u0a32 for broadcast com.android.gallery3d/.app.PackagesMonitor
12-29 07:04:52.973 11654 11654 I art     : System.exit called, status: 0
12-29 07:04:52.973 11654 11654 I AndroidRuntime: VM exiting with result code 0.
12-29 07:04:52.982  2169  2192 W VoiceInteractionManagerService: no available voice recognition services found for user 0
12-29 07:04:52.987 11799 11799 I ActivityThread: Switching default density from 160 to 240
12-29 07:04:53.023  2169  2478 I ActivityManager: Start proc 11823:com.svox.pico/u0a44 for broadcast com.svox.pico/.VoiceDataInstallerReceiver
12-29 07:04:53.034 11823 11823 I ActivityThread: Switching default density from 160 to 240
12-29 07:04:53.063 11844 11844 D houdini : [11844] Initialize library(version: 5.2.2_y.47738 RELEASE)... successfully.
12-29 07:04:53.063  2169  3736 I ActivityManager: Start proc 11844:com.tencent.mobileqq:web/u0a52 for broadcast com.tencent.mobileqq/com.tencent.open.business.base.appreport.AppReportReceiver
12-29 07:04:53.078 11844 11844 I ActivityThread: Switching default density from 160 to 240
12-29 07:04:53.104  2169  7588 W ActivityManager: getRunningAppProcesses: caller 10052 does not hold REAL_GET_TASKS; limiting output
12-29 07:04:53.105 11844 11844 D BaseApplicationImpl: [E]com.tencent.mobileqq:web, inject NotVerifyDex Success, cost:1
12-29 07:04:53.106 11844 11844 D BaseApplicationImpl: [E]injectPatchDex false
12-29 07:04:53.107  2169 20952 W ActivityManager: getRunningAppProcesses: caller 10052 does not hold REAL_GET_TASKS; limiting output
12-29 07:04:53.107  2169  2189 W ActivityManager: getRunningAppProcesses: caller 10052 does not hold REAL_GET_TASKS; limiting output
12-29 07:04:53.110 11844 11844 E DexLoadOat: [E]Success
12-29 07:04:53.111 11844 11844 D MSF.D.MonitorSocket: [E]monitor_config not found, disable monitor socket
12-29 07:04:53.114 11844 11868 D mqq     : [E]doInit begin withcom.tencent.mobileqq:web
12-29 07:04:53.114 11844 11868 W System.err: java.io.FileNotFoundException: /data/data/com.tencent.mobileqq/files/Properties: open failed: ENOENT (No such file or directory)
12-29 07:04:53.114 11844 11868 W System.err: 	at libcore.io.IoBridge.open(IoBridge.java:456)
12-29 07:04:53.114 11844 11868 W System.err: 	at java.io.FileInputStream.<init>(FileInputStream.java:76)
12-29 07:04:53.114 11844 11868 W System.err: 	at android.app.ContextImpl.openFileInput(ContextImpl.java:961)
12-29 07:04:53.114 11844 11868 W System.err: 	at android.content.ContextWrapper.openFileInput(ContextWrapper.java:176)
12-29 07:04:53.114 11844 11868 W System.err: 	at mqq.app.MobileQQ.loadProperites(MobileQQ.java:213)
12-29 07:04:53.114 11844 11868 W System.err: 	at mqq.app.MobileQQ.doInit(MobileQQ.java:154)
12-29 07:04:53.114 11844 11868 W System.err: 	at com.tencent.mobileqq.startup.step.NewRuntime.a(ProGuard:14)
12-29 07:04:53.114 11844 11868 W System.err: 	at com.tencent.mobileqq.startup.step.Step.c(ProGuard:107)
12-29 07:04:53.114 11844 11868 W System.err: 	at com.tencent.mobileqq.startup.step.Step.run(ProGuard:84)
12-29 07:04:53.114 11844 11868 W System.err: 	at com.tencent.mobileqq.app.Job.run(ProGuard:126)
12-29 07:04:53.114 11844 11868 W System.err: 	at java.util.concurrent.ThreadPoolExecutor.runWorker(ThreadPoolExecutor.java:1112)
12-29 07:04:53.114 11844 11868 W System.err: 	at java.util.concurrent.ThreadPoolExecutor$Worker.run(ThreadPoolExecutor.java:587)
12-29 07:04:53.114 11844 11868 W System.err: 	at java.lang.Thread.run(Thread.java:818)
12-29 07:04:53.114 11844 11868 W System.err: Caused by: android.system.ErrnoException: open failed: ENOENT (No such file or directory)
12-29 07:04:53.114 11844 11868 W System.err: 	at libcore.io.Posix.open(Native Method)
12-29 07:04:53.114 11844 11868 W System.err: 	at libcore.io.BlockGuardOs.open(BlockGuardOs.java:186)
12-29 07:04:53.114 11844 11868 W System.err: 	at libcore.io.IoBridge.open(IoBridge.java:442)
12-29 07:04:53.114 11844 11868 W System.err: 	... 12 more
12-29 07:04:53.115  2169  2169 D BackupManagerService: Received broadcast Intent { act=android.intent.action.PACKAGE_ADDED dat=package:com.microsoft.office.word flg=0x4000010 (has extras) }
12-29 07:04:53.117  2479  2479 I Launcher: Deferring update until onResume
12-29 07:04:53.118 11844 11844 W ResourceType: For resource 0x7f0b0330, entry index(816) is beyond type entryCount(816)
12-29 07:04:53.118 11844 11844 W ResourceType: Failure getting entry for 0x7f0b0330 (t=10 e=816) (error -75)
12-29 07:04:53.134 11870 11870 D houdini : [11870] Initialize library(version: 5.2.2_y.47738 RELEASE)... successfully.
12-29 07:04:53.134  2169 15111 I ActivityManager: Start proc 11870:com.tencent.mobileqq/u0a52 for content provider com.tencent.mobileqq/com.tencent.mqq.shared_file_accessor.ContentProviderImpl
12-29 07:04:53.150  2169  3042 I ActivityManager: Start proc 11891:com.tencent.mobileqq:MSF/u0a52 for service com.tencent.mobileqq/.msf.service.MsfService
12-29 07:04:53.150 11844 11868 D MSF.D.Proxy: [E]start service finish
12-29 07:04:53.151 11844 11868 D MSF.D.Proxy: [E]threadID:2947, threadName: GlobalPool-L bind com.tencent.mobileqq.msf.service.MsfService service finished true
12-29 07:04:53.151 11844 11868 D mqq     : [E]doinit last == null goto to sharedPreferences....
12-29 07:04:53.152 11844 11868 D MobileQQ: [E]createNewRuntimefalsefalse5null
12-29 07:04:53.152 11870 11870 I ActivityThread: Switching default density from 160 to 240
12-29 07:04:53.153 11844 11868 D MSF.D.Proxy: [E]start service finish
12-29 07:04:53.153 11844 11868 D MSF.D.Proxy: [E]threadID:2947, threadName: GlobalPool-L bind com.tencent.mobileqq.msf.service.MsfService service finished true
12-29 07:04:53.153 11844 11868 D MobileQQ: [E]CNR account == null
12-29 07:04:53.154  1911  1911 I art     : Explicit concurrent mark sweep GC freed 709(30KB) AllocSpace objects, 0(0B) LOS objects, 40% free, 1904KB/3MB, paused 50us total 3.972ms
12-29 07:04:53.155 11891 11891 D houdini : [11891] Initialize library(version: 5.2.2_y.47738 RELEASE)... successfully.
12-29 07:04:53.156 11844 11868 D mqq     : [E]doInit finished
12-29 07:04:53.158  1911  1911 I art     : Explicit concurrent mark sweep GC freed 5(160B) AllocSpace objects, 0(0B) LOS objects, 40% free, 1904KB/3MB, paused 48us total 3.526ms
12-29 07:04:53.161  2169  2189 W ActivityManager: getRunningAppProcesses: caller 10052 does not hold REAL_GET_TASKS; limiting output
12-29 07:04:53.161  1911  1911 I art     : Explicit concurrent mark sweep GC freed 5(160B) AllocSpace objects, 0(0B) LOS objects, 40% free, 1904KB/3MB, paused 66us total 3.368ms
12-29 07:04:53.162 11870 11870 D BaseApplicationImpl: [E]com.tencent.mobileqq, inject NotVerifyDex Success, cost:1
12-29 07:04:53.162 11891 11891 I ActivityThread: Switching default density from 160 to 240
12-29 07:04:53.163 11870 11870 D BaseApplicationImpl: [E]injectPatchDex false
12-29 07:04:53.163  2169  3018 W ActivityManager: getRunningAppProcesses: caller 10052 does not hold REAL_GET_TASKS; limiting output
12-29 07:04:53.164  2169  7588 W ActivityManager: getRunningAppProcesses: caller 10052 does not hold REAL_GET_TASKS; limiting output
12-29 07:04:53.165 11870 11870 E DexLoadOat: [E]Success
12-29 07:04:53.167 11870 11870 D MSF.D.MonitorSocket: [E]monitor_config not found, disable monitor socket
12-29 07:04:53.172  2169 13566 W ActivityManager: getRunningAppProcesses: caller 10052 does not hold REAL_GET_TASKS; limiting output
12-29 07:04:53.173 11891 11891 D BaseApplicationImpl: [E]com.tencent.mobileqq:MSF, inject NotVerifyDex Success, cost:0
12-29 07:04:53.173 11891 11891 D BaseApplicationImpl: [E]injectPatchDex false
12-29 07:04:53.174  2169  2320 W ActivityManager: getRunningAppProcesses: caller 10052 does not hold REAL_GET_TASKS; limiting output
12-29 07:04:53.174  2169 20952 W ActivityManager: getRunningAppProcesses: caller 10052 does not hold REAL_GET_TASKS; limiting output
12-29 07:04:53.175 11891 11891 D MSF.D.MonitorSocket: [E]monitor_config not found, disable monitor socket
12-29 07:04:53.178 11891 11891 D MSF.S.MsfService: [E]serivce onCreate
12-29 07:04:53.178 11891 11891 D MSF.C.MsfCore: [E]MsfCore init begin.
12-29 07:04:53.178  2169  3736 W ActivityManager: getRunningAppProcesses: caller 10052 does not hold REAL_GET_TASKS; limiting output
12-29 07:04:53.178 11891 11943 D appMemory: QLog init retry 
12-29 07:04:53.181 11891 11891 D MSF.C.Util: [E]save imei:615768994286425,with order:1
12-29 07:04:53.189 11891 11947 D MSF.C.NetworkTraffic: [E]reportRDM for *0000 param_reportTime:19116085
12-29 07:04:53.189 11891 11947 D MSF.C.NetworkTraffic: [E]reportRDM for *0000 param_NetworkInfo:0
12-29 07:04:53.189 11891 11947 D MSF.C.NetworkTraffic: [E]reportRDM for *0000 param_FailCode:900
12-29 07:04:53.189 11891 11947 D MSF.C.NetworkTraffic: [E]reportRDM for *0000 param_XGSystemFlow:0
12-29 07:04:53.189 11891 11947 D MSF.C.NetworkTraffic: [E]reportRDM for *0000 param_LastMonthWIFISystemFlow:0
12-29 07:04:53.189 11891 11947 D MSF.C.NetworkTraffic: [E]reportRDM for *0000 param_LastMonthXGSystemFlow:0
12-29 07:04:53.189 11891 11947 D MSF.C.NetworkTraffic: [E]reportRDM for *0000 param_SsoServerIp::
12-29 07:04:53.189 11891 11947 D MSF.C.NetworkTraffic: [E]reportRDM for *0000 param_GatewayrIp:
12-29 07:04:53.189 11891 11947 D MSF.C.NetworkTraffic: [E]reportRDM for *0000 param_NetworkOperator:
12-29 07:04:53.189 11891 11947 D MSF.C.NetworkTraffic: [E]reportRDM for *0000 param_MonthXGSystemFlow:0
12-29 07:04:53.189 11891 11947 D MSF.C.NetworkTraffic: [E]reportRDM for *0000 param_MonthWIFISystemFlow:0
12-29 07:04:53.189 11891 11947 D MSF.C.NetworkTraffic: [E]reportRDM for *0000 param_WIFISystemFlow:0
12-29 07:04:53.203  2479  2479 I Launcher: Deferring update until onResume
12-29 07:04:53.210 11891 11891 D houdini : [11891] Added shared library /data/app/com.tencent.mobileqq-1/lib/arm/libNativeRQD.so for ClassLoader by Native Bridge.
12-29 07:04:53.211  2169  2320 W ActivityManager: getRunningAppProcesses: caller 10052 does not hold REAL_GET_TASKS; limiting output
12-29 07:04:53.211 11891 11891 E art     : No implementation found for java.lang.String com.tencent.feedback.eup.jni.NativeExceptionUpload.registNativeExceptionHandler2(java.lang.String, java.lang.String, int, int) (tried Java_com_tencent_feedback_eup_jni_NativeExceptionUpload_registNativeExceptionHandler2 and Java_com_tencent_feedback_eup_jni_NativeExceptionUpload_registNativeExceptionHandler2__Ljava_lang_String_2Ljava_lang_String_2II)
12-29 07:04:53.212 11891 11891 I native_eup: Java_com_tencent_feedback_eup_jni_NativeExceptionUpload_registNativeExceptionHandler start
12-29 07:04:53.212 11891 11891 I native_eup: found native exception upload!
12-29 07:04:53.212 11891 11891 I native_eup: found native exception handler!
12-29 07:04:53.212 11891 11891 I native_eup: regist handler start procType 1 , level 22 , tombDir:/data/data/com.tencent.mobileqq/app_tombs
12-29 07:04:53.212 11891 11891 I native_eup: registSignal start
12-29 07:04:53.212 11891 11891 I native_eup: registSignal end
12-29 07:04:53.212 11891 11891 I native_eup: regist handler end
12-29 07:04:53.212 11891 11891 I native_eup: Java_com_tencent_feedback_eup_jni_NativeExceptionUpload_registNativeExceptionHandler end
12-29 07:04:53.212 11891 11891 I native_eup: NativeRQDVersion:NRQD_1.7.4.1
12-29 07:04:53.212 11891 11891 I native_eup: Java_com_tencent_feedback_eup_jni_NativeExceptionUpload_enableHandler start
12-29 07:04:53.213 11891 11891 I native_eup: Java_com_tencent_feedback_eup_jni_NativeExceptionUpload_enableHandler end
12-29 07:04:53.213 11891 11891 I native_eup: setLogMode 3 current 4
12-29 07:04:53.215  2169  2240 D WifiService: New client listening to asynchronous messages
12-29 07:04:53.222  2169  3042 W ActivityManager: getRunningAppProcesses: caller 10052 does not hold REAL_GET_TASKS; limiting output
12-29 07:04:53.288 11891 11891 D MSF.C.TokenChecker: [E]msf init ct
12-29 07:04:53.429 11891 11891 D MsfAliveMonitor: [E]onEventBegin: service
12-29 07:04:53.429 11891 11891 D MsfAliveMonitor: [E]onEventBegin: service
12-29 07:04:53.447  2169 20952 I ActivityManager: Start proc 12013:com.tencent.reading/u0a61 for broadcast com.tencent.reading/.download.DownloadPackageReceiver
12-29 07:04:53.448 11891 11891 D MSF.C.NetConnInfoCenter: [E]currentAPN:. received networkInfo: CONNECTED :[type: Ethernet[], state: CONNECTED/CONNECTED, reason: (unspecified), extra: f8:32:e4:a0:25:09, roaming: false, failover: false, isAvailable: true, isConnectedToProvisioningNetwork: false]. extra NetworkInfo: null
12-29 07:04:53.449 11891 11891 D MSF.C.CodecWarpper: [E]set so version to 600
12-29 07:04:53.451 11891 11891 D MSF.C.NetConnTag: [E]noTry loadTestServerConfig by release
12-29 07:04:53.461 12030 12030 W linker  : [vdso]: unused DT entry: type 0x6ffffef5 arg 0x160
12-29 07:04:53.462  2169  2188 W ActivityManager: getRunningAppProcesses: caller 10052 does not hold REAL_GET_TASKS; limiting output
12-29 07:04:53.464 11891 11891 D MSF.C.ConfigManager: [E]StandbyMode whitelist not be found.
12-29 07:04:53.464 12013 12013 I ActivityThread: Switching default density from 160 to 240
12-29 07:04:53.472  2169  3018 W ActivityManager: getRunningAppProcesses: caller 10061 does not hold REAL_GET_TASKS; limiting output
12-29 07:04:53.473 11891 11891 D MSF.C.MsfCore: [E]MsfCore init finished.
12-29 07:04:53.477 12013 12013 E debug_tag: debug flag = false
12-29 07:04:53.485 11891 11891 D MSF.S.MsfService: [E]serivce onBind by :com.tencent.mobileqq:web
12-29 07:04:53.487 11891 11891 D MSF.S.MsfService: [E]serivce onStart
12-29 07:04:53.487 11891 11891 D MSF.S.MsfService: [E]serivce onStart
12-29 07:04:53.491 12013 12013 I com.tencent.oma.a.a.a: Running in positive mode
12-29 07:04:53.491 12013 12013 I com.tencent.oma.a.a.a: Get appkey APY4F3D84HP7 from wdk
12-29 07:04:53.491 12013 12013 I com.tencent.oma.a.a.a: Using guid domain name : guid.qq.com
12-29 07:04:53.493 11844 11863 D MSF.D.QLogImpl: [E]set UIN_REPORTLOG_LEVEL 1
12-29 07:04:53.524 11844 11864 D MSF.D.QLogImpl: [E]set UIN_REPORTLOG_LEVEL 1
12-29 07:04:53.705  1895  1923 E Vold    : Failed to find mounted volume for /storage/usb0/Android/data/com.tencent.reading/files/
12-29 07:04:53.705 12013 12072 W ContextImpl: Failed to ensure directory: /storage/usb0/Android/data/com.tencent.reading/files
12-29 07:04:53.706  1895  1923 E Vold    : Failed to find mounted volume for /storage/usb1/Android/data/com.tencent.reading/files/
12-29 07:04:53.706 12013 12072 W ContextImpl: Failed to ensure directory: /storage/usb1/Android/data/com.tencent.reading/files
12-29 07:04:53.707  1895  1923 E Vold    : Failed to find mounted volume for /storage/usb2/Android/data/com.tencent.reading/files/
12-29 07:04:53.707 12013 12072 W ContextImpl: Failed to ensure directory: /storage/usb2/Android/data/com.tencent.reading/files
12-29 07:04:53.708  1895  1923 E Vold    : Failed to find mounted volume for /storage/usb3/Android/data/com.tencent.reading/files/
12-29 07:04:53.708 12013 12072 W ContextImpl: Failed to ensure directory: /storage/usb3/Android/data/com.tencent.reading/files
12-29 07:04:53.709  1895  1923 E Vold    : Failed to find mounted volume for /storage/sdcard1/Android/data/com.tencent.reading/files/
12-29 07:04:53.709 12013 12072 W ContextImpl: Failed to ensure directory: /storage/sdcard1/Android/data/com.tencent.reading/files
12-29 07:04:53.710  1895  1923 E Vold    : Failed to find mounted volume for /storage/usb0/Android/data/com.tencent.reading/files/
12-29 07:04:53.710 12013 12013 W ContextImpl: Failed to ensure directory: /storage/usb0/Android/data/com.tencent.reading/files
12-29 07:04:53.711  1895  1923 E Vold    : Failed to find mounted volume for /storage/usb1/Android/data/com.tencent.reading/files/
12-29 07:04:53.711 12013 12013 W ContextImpl: Failed to ensure directory: /storage/usb1/Android/data/com.tencent.reading/files
12-29 07:04:53.712  1895  1923 E Vold    : Failed to find mounted volume for /storage/usb2/Android/data/com.tencent.reading/files/
12-29 07:04:53.712 12013 12013 W ContextImpl: Failed to ensure directory: /storage/usb2/Android/data/com.tencent.reading/files
12-29 07:04:53.713  1895  1923 E Vold    : Failed to find mounted volume for /storage/usb3/Android/data/com.tencent.reading/files/
12-29 07:04:53.713 12013 12013 W ContextImpl: Failed to ensure directory: /storage/usb3/Android/data/com.tencent.reading/files
12-29 07:04:53.714  1895  1923 E Vold    : Failed to find mounted volume for /storage/sdcard1/Android/data/com.tencent.reading/files/
12-29 07:04:53.714 12013 12013 W ContextImpl: Failed to ensure directory: /storage/sdcard1/Android/data/com.tencent.reading/files
12-29 07:04:53.718  1895  1923 E Vold    : Failed to find mounted volume for /storage/usb0/Android/data/com.tencent.reading/files/
12-29 07:04:53.718 12013 12013 W ContextImpl: Failed to ensure directory: /storage/usb0/Android/data/com.tencent.reading/files
12-29 07:04:53.719  1895  1923 E Vold    : Failed to find mounted volume for /storage/usb1/Android/data/com.tencent.reading/files/
12-29 07:04:53.719 12013 12013 W ContextImpl: Failed to ensure directory: /storage/usb1/Android/data/com.tencent.reading/files
12-29 07:04:53.719  1895  1923 E Vold    : Failed to find mounted volume for /storage/usb2/Android/data/com.tencent.reading/files/
12-29 07:04:53.720 12013 12013 W ContextImpl: Failed to ensure directory: /storage/usb2/Android/data/com.tencent.reading/files
12-29 07:04:53.720  1895  1923 E Vold    : Failed to find mounted volume for /storage/usb3/Android/data/com.tencent.reading/files/
12-29 07:04:53.721 12013 12013 W ContextImpl: Failed to ensure directory: /storage/usb3/Android/data/com.tencent.reading/files
12-29 07:04:53.721  1895  1923 E Vold    : Failed to find mounted volume for /storage/sdcard1/Android/data/com.tencent.reading/files/
12-29 07:04:53.721 12013 12013 W ContextImpl: Failed to ensure directory: /storage/sdcard1/Android/data/com.tencent.reading/files
12-29 07:04:53.730  2169  7590 W BackupManagerService: dataChanged but no participant pkg='com.android.providers.settings' uid=10061
12-29 07:04:53.752  2169  2240 D WifiService: New client listening to asynchronous messages
12-29 07:04:53.752 12013 12084 W System.err: java.io.FileNotFoundException: channel.ini
12-29 07:04:53.752 12013 12084 W System.err: 	at android.content.res.AssetManager.openAsset(Native Method)
12-29 07:04:53.752 12013 12084 W System.err: 	at android.content.res.AssetManager.open(AssetManager.java:313)
12-29 07:04:53.752 12013 12084 W System.err: 	at android.content.res.AssetManager.open(AssetManager.java:287)
12-29 07:04:53.752 12013 12084 W System.err: 	at com.tencent.reading.utils.ap.b(FileUtil.java:891)
12-29 07:04:53.752 12013 12084 W System.err: 	at com.tencent.reading.utils.cs.a(TempManager.java:83)
12-29 07:04:53.752 12013 12084 W System.err: 	at com.tencent.reading.utils.bs.i(MobileUtil.java:989)
12-29 07:04:53.752 12013 12084 W System.err: 	at com.tencent.reading.command.a.b(BaseHttpRequest.java:281)
12-29 07:04:53.752 12013 12084 W System.err: 	at com.tencent.reading.command.e.b(HttpDataRequest.java:151)
12-29 07:04:53.752 12013 12084 W System.err: 	at com.tencent.reading.http.a.b.a(HttpUrlEngine.java:162)
12-29 07:04:53.752 12013 12084 W System.err: 	at com.tencent.reading.command.e.f(HttpDataRequest.java:230)
12-29 07:04:53.752 12013 12084 W System.err: 	at com.tencent.reading.job.jobqueue.d.a(Job.java:79)
12-29 07:04:53.752 12013 12084 W System.err: 	at com.tencent.reading.job.jobqueue.e.a(JobHolder.java:70)
12-29 07:04:53.752 12013 12084 W System.err: 	at com.tencent.reading.job.jobqueue.executor.JobConsumerExecutor$JobConsumer.run(JobConsumerExecutor.java:221)
12-29 07:04:53.752 12013 12084 W System.err: 	at java.lang.Thread.run(Thread.java:818)
12-29 07:04:53.816  2169  2478 I ActivityManager: Start proc 12114:com.rovio.baba.kunlun.wdj/u0a60 for broadcast com.rovio.baba.kunlun.wdj/com.kunlun.platform.android.KunlunReceiver
12-29 07:04:53.825 12114 12114 I ActivityThread: Switching default density from 160 to 240
12-29 07:04:53.829 12114 12114 V PluginFrameworkInitor: need install plugins:[]
12-29 07:04:53.829 12114 12114 I System.out: start plugin is = mario-sdk-plugin
12-29 07:04:53.829 12114 12114 V ContextClassLoaderUtility: doing inject, paths:[/data/data/com.rovio.baba.kunlun.wdj/files/plugins/mario-sdk-plugin.apk]
12-29 07:04:53.843 12140 12140 W linker  : [vdso]: unused DT entry: type 0x6ffffef5 arg 0x160
12-29 07:04:53.846 12144 12144 W linker  : [vdso]: unused DT entry: type 0x6ffffef5 arg 0x160
12-29 07:04:53.846 12114 12142 W System.err: java.io.FileNotFoundException: /data/local/tmp/.wdj_config/.udid: open failed: ENOENT (No such file or directory)
12-29 07:04:53.846 12114 12142 W System.err: 	at libcore.io.IoBridge.open(IoBridge.java:456)
12-29 07:04:53.846 12114 12142 W System.err: 	at java.io.FileOutputStream.<init>(FileOutputStream.java:87)
12-29 07:04:53.846 12114 12142 W System.err: 	at java.io.FileOutputStream.<init>(FileOutputStream.java:72)
12-29 07:04:53.846 12114 12142 W System.err: 	at java.io.FileWriter.<init>(FileWriter.java:42)
12-29 07:04:53.846 12114 12142 W System.err: 	at o.vi.run(:257)
12-29 07:04:53.846 12114 12142 W System.err: 	at java.lang.Thread.run(Thread.java:818)
12-29 07:04:53.846 12114 12142 W System.err: Caused by: android.system.ErrnoException: open failed: ENOENT (No such file or directory)
12-29 07:04:53.846 12114 12142 W System.err: 	at libcore.io.Posix.open(Native Method)
12-29 07:04:53.846 12114 12142 W System.err: 	at libcore.io.BlockGuardOs.open(BlockGuardOs.java:186)
12-29 07:04:53.846 12114 12142 W System.err: 	at libcore.io.IoBridge.open(IoBridge.java:442)
12-29 07:04:53.846 12114 12142 W System.err: 	... 5 more
12-29 07:04:53.858 12114 12149 D account : cost time = 2
12-29 07:04:53.862  2169  3042 W ActivityManager: getRunningAppProcesses: caller 10060 does not hold REAL_GET_TASKS; limiting output
12-29 07:04:53.863 12114 12114 I Wandoujia-PaySdk_GameApi: init,100029127
12-29 07:04:53.863 12114 12114 D Wandoujia-PaySdk_LocalStorage: LocalStorage init, id: 100029127
12-29 07:04:53.863 12114 12114 D LocalStorage: New LocalStorage -- AppID: 100029127
12-29 07:04:53.864 12114 12114 D account : sdk get default auth
12-29 07:04:53.868 12114 12158 D HTTP    : http://mario.sdk.wandoujia.com/api/v1/game/app/get?content=%7B%22uid%22%3A%22%22%2C%22udid%22%3A%22ec08a023f8264a6bb502341cf19b4e8a8acc6d34%22%2C%22gameVersionName%22%3A%222.4.1%22%2C%22gameVersionCode%22%3A%22440%22%2C%22sdkVersion%22%3A%224.0.0%22%2C%22appkey%22%3A100029127%2C%22sdkBaseVersion%22%3A%224.0.0.0%22%7D&sign=a994d4b53013496f2ad04f5131f34e01
12-29 07:04:53.868  2169 13566 W ActivityManager: getRunningAppProcesses: caller 10060 does not hold REAL_GET_TASKS; limiting output
12-29 07:04:53.869 12114 12157 D HTTP    : http://mario.sdk.wandoujia.com/api/v1/game/profile?content=%7B%22ffFunctionOptions%22%3A%7B%22needHasScreenshot%22%3Atrue%7D%2C%22appkey%22%3A100029127%2C%22gameVersionCode%22%3A%22440%22%2C%22gameVersionName%22%3A%222.4.1%22%2C%22sdkVersion%22%3A%224.0.0%22%2C%22udid%22%3A%22ec08a023f8264a6bb502341cf19b4e8a8acc6d34%22%7D&sign=287f32d9de6ef97fc708217d2cf08693
12-29 07:04:53.910  2169  2501 W ActivityManager: getTasks: caller 10076 does not hold REAL_GET_TASKS; limiting output
12-29 07:04:53.948  2169 20953 W BackupManagerService: dataChanged but no participant pkg='com.android.providers.settings' uid=10061
12-29 07:04:54.006 12114 12114 F libc    : Fatal signal 11 (SIGSEGV), code 2, fault addr 0xf3670000 in tid 12114 (baba.kunlun.wdj)
12-29 07:04:54.006 12114 12114 I libc    : Suppressing debuggerd output because prctl(PR_GET_DUMPABLE)==0
12-29 07:04:54.029  1911  1911 I Zygote  : Process 12114 exited due to signal (11)
12-29 07:04:54.032  2169  2501 I ActivityManager: Process com.rovio.baba.kunlun.wdj (pid 12114) has died
12-29 07:04:54.032  2169  2501 W ActivityManager: Canceling start item Intent { act=com.wandoujia.mariosdk.plugin.apk.push cmp=com.rovio.baba.kunlun.wdj/com.wandoujia.mariosdk.plugin.api.WandouPluginService } in service ComponentInfo{com.rovio.baba.kunlun.wdj/com.wandoujia.mariosdk.plugin.api.WandouPluginService}
12-29 07:04:54.032  2169  2501 W ActivityManager: Canceling start item Intent { cmp=com.rovio.baba.kunlun.wdj/com.wandoujia.mariosdk.plugin.api.WandouPluginService } in service ComponentInfo{com.rovio.baba.kunlun.wdj/com.wandoujia.mariosdk.plugin.api.WandouPluginService}
12-29 07:04:54.032  2169  2501 W ActivityManager: Scheduling restart of crashed service com.rovio.baba.kunlun.wdj/com.wandoujia.mariosdk.plugin.api.WandouPluginService in 5065984ms
12-29 07:04:54.262  2169 14271 I ActivityManager: Start proc 12177:com.youku.phone/u0a73 for broadcast com.youku.phone/.PackageChangeReceiver
12-29 07:04:54.279 12177 12177 I ActivityThread: Switching default density from 160 to 240
12-29 07:04:54.288 12177 12177 I MultiDex: VM with version 2.1.0 has multidex support
12-29 07:04:54.288 12177 12177 I MultiDex: install
12-29 07:04:54.289 12177 12177 I MultiDex: VM has multidex support, MultiDex support library is disabled.
12-29 07:04:54.306  2169 13566 W ActivityManager: getRunningAppProcesses: caller 10073 does not hold REAL_GET_TASKS; limiting output
12-29 07:04:54.315 12177 12177 D AndroidRuntime: Shutting down VM
12-29 07:04:54.316 12177 12177 E AndroidRuntime: FATAL EXCEPTION: main
12-29 07:04:54.316 12177 12177 E AndroidRuntime: Process: com.youku.phone, PID: 12177
12-29 07:04:54.316 12177 12177 E AndroidRuntime: java.lang.UnsatisfiedLinkError: dalvik.system.PathClassLoader[DexPathList[[zip file "/data/app/com.youku.phone-1/base.apk"],nativeLibraryDirectories=[/data/app/com.youku.phone-1/lib/x86, /vendor/lib, /system/lib]]] couldn't find "libluajava.so"
12-29 07:04:54.316 12177 12177 E AndroidRuntime: 	at java.lang.Runtime.loadLibrary(Runtime.java:366)
12-29 07:04:54.316 12177 12177 E AndroidRuntime: 	at java.lang.System.loadLibrary(System.java:988)
12-29 07:04:54.316 12177 12177 E AndroidRuntime: 	at com.luajava.LuaState.<clinit>(LuaState.java:92)
12-29 07:04:54.316 12177 12177 E AndroidRuntime: 	at com.luajava.LuaStateFactory.newLuaState(LuaStateFactory.java:59)
12-29 07:04:54.316 12177 12177 E AndroidRuntime: 	at com.decapi.DecAPI.<clinit>(DecAPI.java:30)
12-29 07:04:54.316 12177 12177 E AndroidRuntime: 	at com.youku.phone.Youku.onCreate(Youku.java:197)
12-29 07:04:54.316 12177 12177 E AndroidRuntime: 	at android.app.Instrumentation.callApplicationOnCreate(Instrumentation.java:1012)
