12-16 02:52:48.651  4488  4488 W linker  : [vdso]: unused DT entry: type 0x6ffffef5 arg 0x160
12-16 02:52:48.667  4489  4489 W linker  : [vdso]: unused DT entry: type 0x6ffffef5 arg 0x160
12-16 02:52:48.672  4490  4490 W linker  : [vdso]: unused DT entry: type 0x6ffffef5 arg 0x160
12-16 02:52:48.675  4491  4491 W linker  : [vdso]: unused DT entry: type 0x6ffffef5 arg 0x160
12-16 02:52:50.085  2183  2257 W AudioTrack: AUDIO_OUTPUT_FLAG_FAST denied by client
12-16 02:52:50.087  4493  4493 W linker  : [vdso]: unused DT entry: type 0x6ffffef5 arg 0x160
12-16 02:52:50.092  4494  4494 W linker  : [vdso]: unused DT entry: type 0x6ffffef5 arg 0x160
12-16 02:52:50.097  4495  4495 W linker  : [vdso]: unused DT entry: type 0x6ffffef5 arg 0x160
12-16 02:52:50.100  4496  4496 W linker  : [vdso]: unused DT entry: type 0x6ffffef5 arg 0x160
12-16 02:52:50.209  4497  4497 W linker  : [vdso]: unused DT entry: type 0x6ffffef5 arg 0x160
12-16 02:52:50.214  4498  4498 W linker  : [vdso]: unused DT entry: type 0x6ffffef5 arg 0x160
12-16 02:52:50.217  4499  4499 W linker  : [vdso]: unused DT entry: type 0x6ffffef5 arg 0x160
12-16 02:52:50.262  4500  4500 W linker  : [vdso]: unused DT entry: type 0x6ffffef5 arg 0x160
12-16 02:52:50.264  4501  4501 W linker  : [vdso]: unused DT entry: type 0x6ffffef5 arg 0x160
12-16 02:52:50.265  4502  4502 W linker  : [vdso]: unused DT entry: type 0x6ffffef5 arg 0x160
12-16 02:52:50.412  2183  2257 W AudioTrack: AUDIO_OUTPUT_FLAG_FAST denied by client
12-16 02:52:50.415  4504  4504 W linker  : [vdso]: unused DT entry: type 0x6ffffef5 arg 0x160
12-16 02:52:50.419  4505  4505 W linker  : [vdso]: unused DT entry: type 0x6ffffef5 arg 0x160
12-16 02:52:50.423  4506  4506 W linker  : [vdso]: unused DT entry: type 0x6ffffef5 arg 0x160
12-16 02:52:50.427  4507  4507 W linker  : [vdso]: unused DT entry: type 0x6ffffef5 arg 0x160
12-16 02:52:50.543  4508  4508 W linker  : [vdso]: unused DT entry: type 0x6ffffef5 arg 0x160
12-16 02:52:50.548  4509  4509 W linker  : [vdso]: unused DT entry: type 0x6ffffef5 arg 0x160
12-16 02:52:50.551  4510  4510 W linker  : [vdso]: unused DT entry: type 0x6ffffef5 arg 0x160
12-16 02:52:50.569  4511  4511 W linker  : [vdso]: unused DT entry: type 0x6ffffef5 arg 0x160
12-16 02:52:50.574  4512  4512 W linker  : [vdso]: unused DT entry: type 0x6ffffef5 arg 0x160
12-16 02:52:50.577  4513  4513 W linker  : [vdso]: unused DT entry: type 0x6ffffef5 arg 0x160
12-16 02:52:50.753  4514  4514 W linker  : [vdso]: unused DT entry: type 0x6ffffef5 arg 0x160
12-16 02:52:52.796  2183  2257 W AudioTrack: AUDIO_OUTPUT_FLAG_FAST denied by client
12-16 02:52:52.799  4516  4516 W linker  : [vdso]: unused DT entry: type 0x6ffffef5 arg 0x160
12-16 02:52:52.804  4517  4517 W linker  : [vdso]: unused DT entry: type 0x6ffffef5 arg 0x160
12-16 02:52:52.807  4518  4518 W linker  : [vdso]: unused DT entry: type 0x6ffffef5 arg 0x160
12-16 02:52:52.808  4519  4519 W linker  : [vdso]: unused DT entry: type 0x6ffffef5 arg 0x160
12-16 02:52:52.926  4520  4520 W linker  : [vdso]: unused DT entry: type 0x6ffffef5 arg 0x160
12-16 02:52:52.931  4521  4521 W linker  : [vdso]: unused DT entry: type 0x6ffffef5 arg 0x160
12-16 02:52:52.934  4522  4522 W linker  : [vdso]: unused DT entry: type 0x6ffffef5 arg 0x160
12-16 02:52:52.975  4523  4523 W linker  : [vdso]: unused DT entry: type 0x6ffffef5 arg 0x160
12-16 02:52:52.977  4524  4524 W linker  : [vdso]: unused DT entry: type 0x6ffffef5 arg 0x160
12-16 02:52:52.979  4525  4525 W linker  : [vdso]: unused DT entry: type 0x6ffffef5 arg 0x160
12-16 02:52:55.766  4526  4526 W linker  : [vdso]: unused DT entry: type 0x6ffffef5 arg 0x160
12-16 02:52:57.165  2183  2257 W AudioTrack: AUDIO_OUTPUT_FLAG_FAST denied by client
12-16 02:52:57.178  1917  2180 D audio_hw_primary: found out /dev/snd/pcmC0D0p
12-16 02:52:58.221  2183  2257 W AudioTrack: AUDIO_OUTPUT_FLAG_FAST denied by client
12-16 02:52:58.224  4529  4529 W linker  : [vdso]: unused DT entry: type 0x6ffffef5 arg 0x160
12-16 02:52:58.227  4530  4530 W linker  : [vdso]: unused DT entry: type 0x6ffffef5 arg 0x160
12-16 02:52:58.229  4531  4531 W linker  : [vdso]: unused DT entry: type 0x6ffffef5 arg 0x160
12-16 02:52:58.233  4532  4532 W linker  : [vdso]: unused DT entry: type 0x6ffffef5 arg 0x160
12-16 02:52:58.238  4533  4533 W linker  : [vdso]: unused DT entry: type 0x6ffffef5 arg 0x160
12-16 02:52:58.243  4534  4534 W linker  : [vdso]: unused DT entry: type 0x6ffffef5 arg 0x160
12-16 02:52:58.246  4535  4535 W linker  : [vdso]: unused DT entry: type 0x6ffffef5 arg 0x160
12-16 02:52:58.358  4536  4536 W linker  : [vdso]: unused DT entry: type 0x6ffffef5 arg 0x160
12-16 02:52:58.362  4537  4537 W linker  : [vdso]: unused DT entry: type 0x6ffffef5 arg 0x160
12-16 02:52:58.365  4538  4538 W linker  : [vdso]: unused DT entry: type 0x6ffffef5 arg 0x160
12-16 02:52:58.410  4539  4539 W linker  : [vdso]: unused DT entry: type 0x6ffffef5 arg 0x160
12-16 02:52:58.412  4540  4540 W linker  : [vdso]: unused DT entry: type 0x6ffffef5 arg 0x160
12-16 02:52:58.414  4541  4541 W linker  : [vdso]: unused DT entry: type 0x6ffffef5 arg 0x160
12-16 02:52:59.469  2183  2257 W AudioTrack: AUDIO_OUTPUT_FLAG_FAST denied by client
12-16 02:53:00.556  2183  2257 W AudioTrack: AUDIO_OUTPUT_FLAG_FAST denied by client
12-16 02:53:00.775  4544  4544 W linker  : [vdso]: unused DT entry: type 0x6ffffef5 arg 0x160
12-16 02:53:02.397  2183  2257 W AudioTrack: AUDIO_OUTPUT_FLAG_FAST denied by client
12-16 02:53:02.399  4546  4546 W linker  : [vdso]: unused DT entry: type 0x6ffffef5 arg 0x160
12-16 02:53:02.404  4547  4547 W linker  : [vdso]: unused DT entry: type 0x6ffffef5 arg 0x160
12-16 02:53:02.407  4548  4548 W linker  : [vdso]: unused DT entry: type 0x6ffffef5 arg 0x160
12-16 02:53:02.407  4549  4549 W linker  : [vdso]: unused DT entry: type 0x6ffffef5 arg 0x160
12-16 02:53:02.525  4550  4550 W linker  : [vdso]: unused DT entry: type 0x6ffffef5 arg 0x160
12-16 02:53:02.530  4551  4551 W linker  : [vdso]: unused DT entry: type 0x6ffffef5 arg 0x160
12-16 02:53:02.533  4552  4552 W linker  : [vdso]: unused DT entry: type 0x6ffffef5 arg 0x160
12-16 02:53:02.550  4553  4553 W linker  : [vdso]: unused DT entry: type 0x6ffffef5 arg 0x160
12-16 02:53:02.555  4554  4554 W linker  : [vdso]: unused DT entry: type 0x6ffffef5 arg 0x160
12-16 02:53:02.558  4555  4555 W linker  : [vdso]: unused DT entry: type 0x6ffffef5 arg 0x160
12-16 02:53:05.189  2183  2257 W AudioTrack: AUDIO_OUTPUT_FLAG_FAST denied by client
12-16 02:53:05.787  4557  4557 W linker  : [vdso]: unused DT entry: type 0x6ffffef5 arg 0x160
12-16 02:53:08.603  2183  2205 W ActivityManager: getRunningAppProcesses: caller 10054 does not hold REAL_GET_TASKS; limiting output
12-16 02:53:08.773  2183  2257 W AudioTrack: AUDIO_OUTPUT_FLAG_FAST denied by client
12-16 02:53:08.786  1917  2180 D audio_hw_primary: found out /dev/snd/pcmC0D0p
12-16 02:53:10.397  2183  2257 W AudioTrack: AUDIO_OUTPUT_FLAG_FAST denied by client
12-16 02:53:10.399  4560  4560 W linker  : [vdso]: unused DT entry: type 0x6ffffef5 arg 0x160
12-16 02:53:10.402  4561  4561 W linker  : [vdso]: unused DT entry: type 0x6ffffef5 arg 0x160
12-16 02:53:10.405  4562  4562 W linker  : [vdso]: unused DT entry: type 0x6ffffef5 arg 0x160
12-16 02:53:10.409  4563  4563 W linker  : [vdso]: unused DT entry: type 0x6ffffef5 arg 0x160
12-16 02:53:10.414  4564  4564 W linker  : [vdso]: unused DT entry: type 0x6ffffef5 arg 0x160
12-16 02:53:10.419  4565  4565 W linker  : [vdso]: unused DT entry: type 0x6ffffef5 arg 0x160
12-16 02:53:10.422  4566  4566 W linker  : [vdso]: unused DT entry: type 0x6ffffef5 arg 0x160
12-16 02:53:10.543  4567  4567 W linker  : [vdso]: unused DT entry: type 0x6ffffef5 arg 0x160
12-16 02:53:10.548  4568  4568 W linker  : [vdso]: unused DT entry: type 0x6ffffef5 arg 0x160
12-16 02:53:10.551  4569  4569 W linker  : [vdso]: unused DT entry: type 0x6ffffef5 arg 0x160
12-16 02:53:10.591  4570  4570 W linker  : [vdso]: unused DT entry: type 0x6ffffef5 arg 0x160
12-16 02:53:10.593  4571  4571 W linker  : [vdso]: unused DT entry: type 0x6ffffef5 arg 0x160
12-16 02:53:10.594  4572  4572 W linker  : [vdso]: unused DT entry: type 0x6ffffef5 arg 0x160
12-16 02:53:10.798  4573  4573 W linker  : [vdso]: unused DT entry: type 0x6ffffef5 arg 0x160
12-16 02:53:12.277  2183  2257 W AudioTrack: AUDIO_OUTPUT_FLAG_FAST denied by client
12-16 02:53:13.623  2183  2257 W AudioTrack: AUDIO_OUTPUT_FLAG_FAST denied by client
12-16 02:53:13.625  4576  4576 W linker  : [vdso]: unused DT entry: type 0x6ffffef5 arg 0x160
12-16 02:53:13.628  4577  4577 W linker  : [vdso]: unused DT entry: type 0x6ffffef5 arg 0x160
12-16 02:53:13.631  4578  4578 W linker  : [vdso]: unused DT entry: type 0x6ffffef5 arg 0x160
12-16 02:53:13.733  3614  3868 W NavigationActivity: Ignoring '/storage/sdcard1' with state of 'unmounted'
12-16 02:53:13.733  3614  3868 W NavigationActivity: Ignoring '/storage/usb0' with state of 'unmounted'
12-16 02:53:13.733  3614  3868 W NavigationActivity: Ignoring '/storage/usb2' with state of 'unmounted'
12-16 02:53:13.733  3614  3868 W NavigationActivity: Ignoring '/storage/usb3' with state of 'unmounted'
12-16 02:53:14.669  2183  2257 W AudioTrack: AUDIO_OUTPUT_FLAG_FAST denied by client
12-16 02:53:14.671  4580  4580 W linker  : [vdso]: unused DT entry: type 0x6ffffef5 arg 0x160
12-16 02:53:14.674  4581  4581 W linker  : [vdso]: unused DT entry: type 0x6ffffef5 arg 0x160
12-16 02:53:14.677  4582  4582 W linker  : [vdso]: unused DT entry: type 0x6ffffef5 arg 0x160
12-16 02:53:14.780  3614  3874 W NavigationActivity: Ignoring '/storage/sdcard1' with state of 'unmounted'
12-16 02:53:14.780  3614  3874 W NavigationActivity: Ignoring '/storage/usb0' with state of 'unmounted'
12-16 02:53:14.780  3614  3874 W NavigationActivity: Ignoring '/storage/usb2' with state of 'unmounted'
12-16 02:53:14.780  3614  3874 W NavigationActivity: Ignoring '/storage/usb3' with state of 'unmounted'
12-16 02:53:15.437  2183  2257 W AudioTrack: AUDIO_OUTPUT_FLAG_FAST denied by client
12-16 02:53:15.438  1908  2149 E Vold    : Failed to find mounted volume for /storage/usb0/Android/data/com.cyanogenmod.filemanager/files/
12-16 02:53:15.438  3614  3614 W ContextImpl: Failed to ensure directory: /storage/usb0/Android/data/com.cyanogenmod.filemanager/files
12-16 02:53:15.439  1908  2149 E cutils  : Failed to fstatat(/storage/usb1): Transport endpoint is not connected
12-16 02:53:15.439  1908  2149 W Vold    : Returning OperationFailed - no handler for errno 107
12-16 02:53:15.439  3614  3614 W ContextImpl: Failed to ensure directory: /storage/usb1/Android/data/com.cyanogenmod.filemanager/files
12-16 02:53:15.440  1908  2149 E Vold    : Failed to find mounted volume for /storage/usb2/Android/data/com.cyanogenmod.filemanager/files/
12-16 02:53:15.440  1908  2149 W Vold    : Returning OperationFailed - no handler for errno 107
12-16 02:53:15.440  3614  3614 W ContextImpl: Failed to ensure directory: /storage/usb2/Android/data/com.cyanogenmod.filemanager/files
12-16 02:53:15.441  1908  2149 E Vold    : Failed to find mounted volume for /storage/usb3/Android/data/com.cyanogenmod.filemanager/files/
12-16 02:53:15.441  1908  2149 W Vold    : Returning OperationFailed - no handler for errno 107
12-16 02:53:15.442  3614  3614 W ContextImpl: Failed to ensure directory: /storage/usb3/Android/data/com.cyanogenmod.filemanager/files
12-16 02:53:15.442  1908  2149 E Vold    : Failed to find mounted volume for /storage/sdcard1/Android/data/com.cyanogenmod.filemanager/files/
12-16 02:53:15.442  1908  2149 W Vold    : Returning OperationFailed - no handler for errno 107
12-16 02:53:15.443  3614  3614 W ContextImpl: Failed to ensure directory: /storage/sdcard1/Android/data/com.cyanogenmod.filemanager/files
12-16 02:53:15.472  1908  2149 E Vold    : Failed to find mounted volume for /storage/usb0/Android/data/com.cyanogenmod.filemanager/files/
12-16 02:53:15.472  1908  2149 W Vold    : Returning OperationFailed - no handler for errno 107
12-16 02:53:15.473  3614  3881 W ContextImpl: Failed to ensure directory: /storage/usb0/Android/data/com.cyanogenmod.filemanager/files
12-16 02:53:15.474  1908  2149 E cutils  : Failed to fstatat(/storage/usb1): Transport endpoint is not connected
12-16 02:53:15.474  1908  2149 W Vold    : Returning OperationFailed - no handler for errno 107
12-16 02:53:15.474  3614  3881 W ContextImpl: Failed to ensure directory: /storage/usb1/Android/data/com.cyanogenmod.filemanager/files
12-16 02:53:15.475  1908  2149 E Vold    : Failed to find mounted volume for /storage/usb2/Android/data/com.cyanogenmod.filemanager/files/
12-16 02:53:15.475  1908  2149 W Vold    : Returning OperationFailed - no handler for errno 107
12-16 02:53:15.475  3614  3881 W ContextImpl: Failed to ensure directory: /storage/usb2/Android/data/com.cyanogenmod.filemanager/files
12-16 02:53:15.476  1908  2149 E Vold    : Failed to find mounted volume for /storage/usb3/Android/data/com.cyanogenmod.filemanager/files/
12-16 02:53:15.476  1908  2149 W Vold    : Returning OperationFailed - no handler for errno 107
12-16 02:53:15.477  3614  3881 W ContextImpl: Failed to ensure directory: /storage/usb3/Android/data/com.cyanogenmod.filemanager/files
12-16 02:53:15.477  1908  2149 E Vold    : Failed to find mounted volume for /storage/sdcard1/Android/data/com.cyanogenmod.filemanager/files/
12-16 02:53:15.477  1908  2149 W Vold    : Returning OperationFailed - no handler for errno 107
12-16 02:53:15.478  3614  3881 W ContextImpl: Failed to ensure directory: /storage/sdcard1/Android/data/com.cyanogenmod.filemanager/files
12-16 02:53:15.490  2183  2556 I ActivityManager: START u0 {flg=0x10000000 cmp=com.cyanogenmod.filemanager/.console.secure.SecureStorageKeyPromptDialog$SecureStorageKeyPromptActivity} from uid 10034 on display 0
12-16 02:53:15.494  2183  2556 V WindowManager: addAppToken: AppWindowToken{19aaa34c token=Token{2a9cd77f ActivityRecord{12f1409e u0 com.cyanogenmod.filemanager/.console.secure.SecureStorageKeyPromptDialog$SecureStorageKeyPromptActivity t9}}} to stack=1 task=9 at 1
12-16 02:53:15.524  1908  2149 E Vold    : Failed to find mounted volume for /storage/usb0/Android/data/com.cyanogenmod.filemanager/files/
12-16 02:53:15.524  1908  2149 W Vold    : Returning OperationFailed - no handler for errno 107
12-16 02:53:15.525  3614  3614 W ContextImpl: Failed to ensure directory: /storage/usb0/Android/data/com.cyanogenmod.filemanager/files
12-16 02:53:15.526  1908  2149 E cutils  : Failed to fstatat(/storage/usb1): Transport endpoint is not connected
12-16 02:53:15.526  1908  2149 W Vold    : Returning OperationFailed - no handler for errno 107
12-16 02:53:15.526  3614  3614 W ContextImpl: Failed to ensure directory: /storage/usb1/Android/data/com.cyanogenmod.filemanager/files
12-16 02:53:15.527  1908  2149 E Vold    : Failed to find mounted volume for /storage/usb2/Android/data/com.cyanogenmod.filemanager/files/
12-16 02:53:15.527  1908  2149 W Vold    : Returning OperationFailed - no handler for errno 107
12-16 02:53:15.527  3614  3614 W ContextImpl: Failed to ensure directory: /storage/usb2/Android/data/com.cyanogenmod.filemanager/files
12-16 02:53:15.528  1908  2149 E Vold    : Failed to find mounted volume for /storage/usb3/Android/data/com.cyanogenmod.filemanager/files/
12-16 02:53:15.528  1908  2149 W Vold    : Returning OperationFailed - no handler for errno 107
12-16 02:53:15.528  3614  3614 W ContextImpl: Failed to ensure directory: /storage/usb3/Android/data/com.cyanogenmod.filemanager/files
12-16 02:53:15.529  1908  2149 E Vold    : Failed to find mounted volume for /storage/sdcard1/Android/data/com.cyanogenmod.filemanager/files/
12-16 02:53:15.529  1908  2149 W Vold    : Returning OperationFailed - no handler for errno 107
12-16 02:53:15.530  3614  3614 W ContextImpl: Failed to ensure directory: /storage/sdcard1/Android/data/com.cyanogenmod.filemanager/files
12-16 02:53:15.549  2183  2204 V WindowManager: Adding window Window{2f2cc8aa u0 com.cyanogenmod.filemanager/com.cyanogenmod.filemanager.console.secure.SecureStorageKeyPromptDialog$SecureStorageKeyPromptActivity} at 3 of 8 (after Window{2477ed08 u0 com.cyanogenmod.filemanager/com.cyanogenmod.filemanager.activities.NavigationActivity})
12-16 02:53:15.562  2183  2556 V WindowManager: not Base app: Adding window Window{2d84a838 u0 com.cyanogenmod.filemanager/com.cyanogenmod.filemanager.console.secure.SecureStorageKeyPromptDialog$SecureStorageKeyPromptActivity} at 4 of 9
12-16 02:53:15.691  2183  2214 I ActivityManager: Displayed com.cyanogenmod.filemanager/.console.secure.SecureStorageKeyPromptDialog$SecureStorageKeyPromptActivity: +186ms
12-16 02:53:15.810  4585  4585 W linker  : [vdso]: unused DT entry: type 0x6ffffef5 arg 0x160
12-16 02:53:17.222  3614  3614 W InputEventReceiver: Attempted to finish an input event but the input event receiver has already been disposed.
12-16 02:53:17.224  2183  2204 W ActivityManager: Duplicate finish request for ActivityRecord{12f1409e u0 com.cyanogenmod.filemanager/.console.secure.SecureStorageKeyPromptDialog$SecureStorageKeyPromptActivity t9 f}
12-16 02:53:17.421  1909  1909 W SurfaceFlinger: couldn't log to binary event log: overflow.
12-16 02:53:17.458  4586  4586 W linker  : [vdso]: unused DT entry: type 0x6ffffef5 arg 0x160
12-16 02:53:17.461  4587  4587 W linker  : [vdso]: unused DT entry: type 0x6ffffef5 arg 0x160
12-16 02:53:17.464  4588  4588 W linker  : [vdso]: unused DT entry: type 0x6ffffef5 arg 0x160
12-16 02:53:17.468  4589  4589 W linker  : [vdso]: unused DT entry: type 0x6ffffef5 arg 0x160
12-16 02:53:17.473  4590  4590 W linker  : [vdso]: unused DT entry: type 0x6ffffef5 arg 0x160
12-16 02:53:17.477  4591  4591 W linker  : [vdso]: unused DT entry: type 0x6ffffef5 arg 0x160
12-16 02:53:17.480  4592  4592 W linker  : [vdso]: unused DT entry: type 0x6ffffef5 arg 0x160
12-16 02:53:17.591  4593  4593 W linker  : [vdso]: unused DT entry: type 0x6ffffef5 arg 0x160
12-16 02:53:17.596  4594  4594 W linker  : [vdso]: unused DT entry: type 0x6ffffef5 arg 0x160
12-16 02:53:17.599  4595  4595 W linker  : [vdso]: unused DT entry: type 0x6ffffef5 arg 0x160
12-16 02:53:17.618  4596  4596 W linker  : [vdso]: unused DT entry: type 0x6ffffef5 arg 0x160
12-16 02:53:17.622  4597  4597 W linker  : [vdso]: unused DT entry: type 0x6ffffef5 arg 0x160
12-16 02:53:17.626  4598  4598 W linker  : [vdso]: unused DT entry: type 0x6ffffef5 arg 0x160
12-16 02:53:20.058  1908  2148 D DirectVolume: Volume usb1 /mnt/media_rw/usb1 partition 8:49 removed
12-16 02:53:20.058  1908  2148 D DirectVolume: Volume usb1 /mnt/media_rw/usb1 disk 8:48 removed
12-16 02:53:20.058  1908  2148 D Vold    : Volume usb1 state changing 4 (Mounted) -> 0 (No-Media)
12-16 02:53:20.058  2183  2211 D MountService: volume state changed for /storage/usb1 (mounted -> unmounted)
12-16 02:53:20.058  2183  2211 D MountService: sendStorageIntent Intent { act=android.intent.action.MEDIA_UNMOUNTED dat=file:///storage/usb1 flg=0x4000000 (has extras) } to UserHandle{-1}
12-16 02:53:20.059  2183  2211 D MountService: volume state changed for /storage/usb1 (unmounted -> removed)
12-16 02:53:20.059  2183  2211 D MountService: sendStorageIntent Intent { act=android.intent.action.MEDIA_REMOVED dat=file:///storage/usb1 flg=0x4000000 (has extras) } to UserHandle{-1}
12-16 02:53:20.060  3913  3913 D ExternalStorage: After updating volumes, found 1 active roots
12-16 02:53:20.061  2784  2784 D MediaScannerReceiver: action: android.intent.action.MEDIA_UNMOUNTED path: /storage/usb1
12-16 02:53:20.061  4599  4599 W linker  : [vdso]: unused DT entry: type 0x6ffffef5 arg 0x160
12-16 02:53:20.061  2183  2183 I ValidateNoPeople: skipping global notification
12-16 02:53:20.066  4600  4600 W linker  : [vdso]: unused DT entry: type 0x6ffffef5 arg 0x160
12-16 02:53:20.069  4601  4601 W linker  : [vdso]: unused DT entry: type 0x6ffffef5 arg 0x160
12-16 02:53:20.071  3614  3662 W NavigationActivity: Ignoring '/storage/sdcard1' with state of 'unmounted'
12-16 02:53:20.071  3614  3662 W NavigationActivity: Ignoring '/storage/usb0' with state of 'unmounted'
12-16 02:53:20.071  3614  3662 W NavigationActivity: Ignoring '/storage/usb1' with state of 'removed'
12-16 02:53:20.071  3614  3662 W NavigationActivity: Ignoring '/storage/usb2' with state of 'unmounted'
12-16 02:53:20.071  3614  3662 W NavigationActivity: Ignoring '/storage/usb3' with state of 'unmounted'
12-16 02:53:20.080  4602  4602 W libnb   : Native bridge is disabled
12-16 02:53:20.080  2183  2205 I ActivityManager: Start proc 4602:com.tencent.mm/u0a55 for broadcast com.tencent.mm/.booter.MountReceiver
12-16 02:53:20.084  4602  4602 I ActivityThread: Switching default density from 160 to 240
12-16 02:53:20.086  2183  2222 W ActivityManager: getRunningAppProcesses: caller 10055 does not hold REAL_GET_TASKS; limiting output
12-16 02:53:20.100  2183  2516 I art     : Explicit concurrent mark sweep GC freed 21440(1148KB) AllocSpace objects, 3(48KB) LOS objects, 33% free, 12MB/18MB, paused 238us total 9.034ms
12-16 02:53:20.111  4602  4602 E art     : dlopen("/data/data/com.tencent.mm/app_recover_lib/libstlport_shared.so", RTLD_LAZY) failed: dlopen failed: "/data/data/com.tencent.mm/app_recover_lib/libstlport_shared.so" has unexpected e_machine: 40
12-16 02:53:20.111  4602  4602 E art     : dlopen("/data/app/com.tencent.mm-2/lib/arm/libstlport_shared.so", RTLD_LAZY) failed: dlopen failed: "/data/app/com.tencent.mm-2/lib/arm/libstlport_shared.so" has unexpected e_machine: 40
12-16 02:53:20.118  4602  4602 E art     : dlopen("/data/data/com.tencent.mm/app_recover_lib/libstlport_shared.so", RTLD_LAZY) failed: dlopen failed: "/data/data/com.tencent.mm/app_recover_lib/libstlport_shared.so" has unexpected e_machine: 40
12-16 02:53:20.118  4602  4602 D AndroidRuntime: Shutting down VM
12-16 02:53:20.119  4602  4602 I Process : Sending signal. PID: 4602 SIG: 9
12-16 02:53:20.129  2183  2205 I ActivityManager: Process com.tencent.mm (pid 4602) has died
12-16 02:53:20.140  2183  2516 I ActivityManager: Start proc 4631:com.tencent.mm/u0a55 for broadcast com.tencent.mm/.booter.MountReceiver
12-16 02:53:20.140  4631  4631 W libnb   : Native bridge is disabled
12-16 02:53:20.145  4631  4631 I ActivityThread: Switching default density from 160 to 240
12-16 02:53:20.147  2183  2204 W ActivityManager: getRunningAppProcesses: caller 10055 does not hold REAL_GET_TASKS; limiting output
12-16 02:53:20.162  4631  4631 E art     : dlopen("/data/data/com.tencent.mm/app_recover_lib/libstlport_shared.so", RTLD_LAZY) failed: dlopen failed: "/data/data/com.tencent.mm/app_recover_lib/libstlport_shared.so" has unexpected e_machine: 40
12-16 02:53:20.162  4631  4631 E art     : dlopen("/data/app/com.tencent.mm-2/lib/arm/libstlport_shared.so", RTLD_LAZY) failed: dlopen failed: "/data/app/com.tencent.mm-2/lib/arm/libstlport_shared.so" has unexpected e_machine: 40
12-16 02:53:20.168  4631  4631 E art     : dlopen("/data/data/com.tencent.mm/app_recover_lib/libstlport_shared.so", RTLD_LAZY) failed: dlopen failed: "/data/data/com.tencent.mm/app_recover_lib/libstlport_shared.so" has unexpected e_machine: 40
12-16 02:53:20.168  4631  4631 D AndroidRuntime: Shutting down VM
12-16 02:53:20.169  4631  4631 I Process : Sending signal. PID: 4631 SIG: 9
12-16 02:53:20.177  2183  2556 I ActivityManager: Process com.tencent.mm (pid 4631) has died
12-16 02:53:21.071  4660  4660 W linker  : [vdso]: unused DT entry: type 0x6ffffef5 arg 0x160
12-16 02:53:23.531  2183  2270 D UsbHostManager: Added device UsbDevice[mName=/dev/bus/usb/001/008,mVendorId=0,mProductId=0,mClass=0,mSubclass=0,mProtocol=0,mManufacturerName=NA,mProductName=NA,mSerialNumber=20030572611600028581,mConfigurations=[
12-16 02:53:23.531  2183  2270 D UsbHostManager: UsbConfiguration[mId=1,mName=null,mAttributes=128,mMaxPower=100,mInterfaces=[
12-16 02:53:23.531  2183  2270 D UsbHostManager: UsbInterface[mId=0,mAlternateSetting=0,mName=null,mClass=8,mSubclass=6,mProtocol=80,mEndpoints=[
12-16 02:53:23.531  2183  2270 D UsbHostManager: UsbEndpoint[mAddress=129,mAttributes=2,mMaxPacketSize=512,mInterval=0]
12-16 02:53:23.531  2183  2270 D UsbHostManager: UsbEndpoint[mAddress=2,mAttributes=2,mMaxPacketSize=512,mInterval=1]]]]
12-16 02:53:23.532  2183  2270 W ContextImpl: Calling a method in the system process without a qualified user: android.app.ContextImpl.sendBroadcast:1327 com.android.server.usb.UsbSettingsManager.deviceAttached:741 com.android.server.usb.UsbHostManager.endUsbDeviceAdded:224 com.android.server.usb.UsbHostManager.monitorUsbHostBus:-2 com.android.server.usb.UsbHostManager.access$000:42 
12-16 02:53:24.542  1908  2148 E NetlinkEvent: NetlinkEvent::FindParam(): Parameter 'NPARTS' not found
12-16 02:53:24.542  1908  2148 W DirectVolume: Kernel block uevent missing 'NPARTS'
12-16 02:53:24.542  1908  2148 D Vold    : Volume usb1 state changing 0 (No-Media) -> 2 (Pending)
12-16 02:53:24.543  1908  2148 E NetlinkEvent: NetlinkEvent::FindParam(): Parameter 'PARTN' not found
12-16 02:53:24.543  1908  2148 W DirectVolume: Kernel block uevent missing 'PARTN'
12-16 02:53:24.543  1908  2148 D Vold    : Volume usb1 state changing 2 (Pending) -> 1 (Idle-Unmounted)
12-16 02:53:24.543  2183  2211 D MountService: volume state changed for /storage/usb1 (removed -> unmounted)
12-16 02:53:24.543  2183  2211 D MountService: sendStorageIntent Intent { act=android.intent.action.MEDIA_UNMOUNTED dat=file:///storage/usb1 flg=0x4000000 (has extras) } to UserHandle{-1}
12-16 02:53:24.545  1908  2149 W Vold    : Volume is idle but appears to be mounted - fixing
12-16 02:53:24.545  1908  2149 D Vold    : Volume usb1 state changing 1 (Idle-Unmounted) -> 4 (Mounted)
12-16 02:53:24.545  3913  3913 D ExternalStorage: After updating volumes, found 1 active roots
12-16 02:53:24.545  2183  2211 D MountService: volume state changed for /storage/usb1 (unmounted -> mounted)
12-16 02:53:24.545  2183  2211 D MountService: sendStorageIntent Intent { act=android.intent.action.MEDIA_MOUNTED dat=file:///storage/usb1 flg=0x4000000 (has extras) } to UserHandle{-1}
12-16 02:53:24.546  2784  2784 D MediaScannerReceiver: action: android.intent.action.MEDIA_UNMOUNTED path: /storage/usb1
12-16 02:53:24.546  4669  4669 W linker  : [vdso]: unused DT entry: type 0x6ffffef5 arg 0x160
12-16 02:53:24.551  4670  4670 W linker  : [vdso]: unused DT entry: type 0x6ffffef5 arg 0x160
12-16 02:53:24.554  4671  4671 W linker  : [vdso]: unused DT entry: type 0x6ffffef5 arg 0x160
12-16 02:53:24.557  3614  3668 W NavigationActivity: Ignoring '/storage/sdcard1' with state of 'unmounted'
12-16 02:53:24.557  3614  3668 W NavigationActivity: Ignoring '/storage/usb0' with state of 'unmounted'
12-16 02:53:24.557  3614  3668 W NavigationActivity: Ignoring '/storage/usb2' with state of 'unmounted'
12-16 02:53:24.557  3614  3668 W NavigationActivity: Ignoring '/storage/usb3' with state of 'unmounted'
12-16 02:53:24.560  4672  4672 W linker  : [vdso]: unused DT entry: type 0x6ffffef5 arg 0x160
12-16 02:53:24.563  4673  4673 W linker  : [vdso]: unused DT entry: type 0x6ffffef5 arg 0x160
12-16 02:53:24.564  4674  4674 W linker  : [vdso]: unused DT entry: type 0x6ffffef5 arg 0x160
12-16 02:53:24.564  4675  4675 W libnb   : Native bridge is disabled
12-16 02:53:24.565  2183  2204 I ActivityManager: Start proc 4675:com.tencent.mm/u0a55 for broadcast com.tencent.mm/.booter.MountReceiver
12-16 02:53:24.568  4675  4675 I ActivityThread: Switching default density from 160 to 240
12-16 02:53:24.570  2183  2590 W ActivityManager: getRunningAppProcesses: caller 10055 does not hold REAL_GET_TASKS; limiting output
12-16 02:53:24.587  4675  4675 E art     : dlopen("/data/data/com.tencent.mm/app_recover_lib/libstlport_shared.so", RTLD_LAZY) failed: dlopen failed: "/data/data/com.tencent.mm/app_recover_lib/libstlport_shared.so" has unexpected e_machine: 40
12-16 02:53:24.587  4675  4675 E art     : dlopen("/data/app/com.tencent.mm-2/lib/arm/libstlport_shared.so", RTLD_LAZY) failed: dlopen failed: "/data/app/com.tencent.mm-2/lib/arm/libstlport_shared.so" has unexpected e_machine: 40
12-16 02:53:24.594  4675  4675 E art     : dlopen("/data/data/com.tencent.mm/app_recover_lib/libstlport_shared.so", RTLD_LAZY) failed: dlopen failed: "/data/data/com.tencent.mm/app_recover_lib/libstlport_shared.so" has unexpected e_machine: 40
12-16 02:53:24.594  4675  4675 D AndroidRuntime: Shutting down VM
12-16 02:53:24.595  4675  4675 I Process : Sending signal. PID: 4675 SIG: 9
12-16 02:53:24.601  2183  2516 I ActivityManager: Process com.tencent.mm (pid 4675) has died
12-16 02:53:24.602  3913  3913 D ExternalStorage: After updating volumes, found 2 active roots
12-16 02:53:24.603  2784  2784 D MediaScannerReceiver: action: android.intent.action.MEDIA_MOUNTED path: /storage/usb1
12-16 02:53:24.722  4707  4707 W libnb   : Native bridge is disabled
12-16 02:53:24.723  2183  2556 I ActivityManager: Start proc 4707:com.tencent.mm/u0a55 for broadcast com.tencent.mm/.booter.MountReceiver
12-16 02:53:24.730  4707  4707 I ActivityThread: Switching default density from 160 to 240
12-16 02:53:24.733  2183  2222 W ActivityManager: getRunningAppProcesses: caller 10055 does not hold REAL_GET_TASKS; limiting output
12-16 02:53:24.747  2784  4704 W MediaScanner: Error opening directory '/storage/sdcard1/', skipping: Permission denied.
12-16 02:53:24.747  2784  4704 W MediaScanner: Error opening directory '/storage/usb0/', skipping: Permission denied.
12-16 02:53:24.747  2784  4704 W MediaScanner: Error opening directory '/storage/usb1/', skipping: Transport endpoint is not connected.
12-16 02:53:24.747  2784  4704 W MediaScanner: Error opening directory '/storage/usb2/', skipping: Permission denied.
12-16 02:53:24.747  2784  4704 W MediaScanner: Error opening directory '/storage/usb3/', skipping: Permission denied.
12-16 02:53:24.747  2784  4704 V MediaScanner: pruneDeadThumbnailFiles... android.database.sqlite.SQLiteCursor@85ab511
12-16 02:53:24.748  2784  4704 V MediaScanner: /pruneDeadThumbnailFiles... android.database.sqlite.SQLiteCursor@85ab511
12-16 02:53:24.750  4707  4707 E art     : dlopen("/data/data/com.tencent.mm/app_recover_lib/libstlport_shared.so", RTLD_LAZY) failed: dlopen failed: "/data/data/com.tencent.mm/app_recover_lib/libstlport_shared.so" has unexpected e_machine: 40
12-16 02:53:24.750  4707  4707 E art     : dlopen("/data/app/com.tencent.mm-2/lib/arm/libstlport_shared.so", RTLD_LAZY) failed: dlopen failed: "/data/app/com.tencent.mm-2/lib/arm/libstlport_shared.so" has unexpected e_machine: 40
12-16 02:53:24.757  4707  4707 E art     : dlopen("/data/data/com.tencent.mm/app_recover_lib/libstlport_shared.so", RTLD_LAZY) failed: dlopen failed: "/data/data/com.tencent.mm/app_recover_lib/libstlport_shared.so" has unexpected e_machine: 40
12-16 02:53:24.757  4707  4707 D AndroidRuntime: Shutting down VM
12-16 02:53:24.758  4707  4707 I Process : Sending signal. PID: 4707 SIG: 9
12-16 02:53:24.766  2183  2222 I ActivityManager: Process com.tencent.mm (pid 4707) has died
12-16 02:53:24.777  2183  2516 I ActivityManager: Start proc 4735:com.tencent.mm/u0a55 for broadcast com.tencent.mm/.booter.MountReceiver
12-16 02:53:24.779  4735  4735 W libnb   : Native bridge is disabled
12-16 02:53:24.784  4735  4735 I ActivityThread: Switching default density from 160 to 240
12-16 02:53:24.786  2183  2204 W ActivityManager: getRunningAppProcesses: caller 10055 does not hold REAL_GET_TASKS; limiting output
12-16 02:53:24.801  4735  4735 E art     : dlopen("/data/data/com.tencent.mm/app_recover_lib/libstlport_shared.so", RTLD_LAZY) failed: dlopen failed: "/data/data/com.tencent.mm/app_recover_lib/libstlport_shared.so" has unexpected e_machine: 40
12-16 02:53:24.802  4735  4735 E art     : dlopen("/data/app/com.tencent.mm-2/lib/arm/libstlport_shared.so", RTLD_LAZY) failed: dlopen failed: "/data/app/com.tencent.mm-2/lib/arm/libstlport_shared.so" has unexpected e_machine: 40
12-16 02:53:24.808  4735  4735 E art     : dlopen("/data/data/com.tencent.mm/app_recover_lib/libstlport_shared.so", RTLD_LAZY) failed: dlopen failed: "/data/data/com.tencent.mm/app_recover_lib/libstlport_shared.so" has unexpected e_machine: 40
12-16 02:53:24.808  4735  4735 D AndroidRuntime: Shutting down VM
12-16 02:53:24.809  4735  4735 I Process : Sending signal. PID: 4735 SIG: 9
12-16 02:53:24.820  2183  2519 I ActivityManager: Process com.tencent.mm (pid 4735) has died
12-16 02:53:24.834  4763  4763 W libnb   : Native bridge is disabled
12-16 02:53:24.835  2183  2590 I ActivityManager: Start proc 4763:com.tencent.mm/u0a55 for broadcast com.tencent.mm/.booter.MountReceiver
12-16 02:53:24.837  1921  1921 I art     : Explicit concurrent mark sweep GC freed 709(30KB) AllocSpace objects, 0(0B) LOS objects, 40% free, 1904KB/3MB, paused 31us total 2.203ms
12-16 02:53:24.839  4763  4763 I ActivityThread: Switching default density from 160 to 240
12-16 02:53:24.840  1921  1921 I art     : Explicit concurrent mark sweep GC freed 5(160B) AllocSpace objects, 0(0B) LOS objects, 40% free, 1904KB/3MB, paused 33us total 2.343ms
12-16 02:53:24.841  2183  2517 W ActivityManager: getRunningAppProcesses: caller 10055 does not hold REAL_GET_TASKS; limiting output
12-16 02:53:24.842  1921  1921 I art     : Explicit concurrent mark sweep GC freed 5(160B) AllocSpace objects, 0(0B) LOS objects, 40% free, 1904KB/3MB, paused 30us total 2.120ms
12-16 02:53:24.856  4763  4763 E art     : dlopen("/data/data/com.tencent.mm/app_recover_lib/libstlport_shared.so", RTLD_LAZY) failed: dlopen failed: "/data/data/com.tencent.mm/app_recover_lib/libstlport_shared.so" has unexpected e_machine: 40
12-16 02:53:24.856  4763  4763 E art     : dlopen("/data/app/com.tencent.mm-2/lib/arm/libstlport_shared.so", RTLD_LAZY) failed: dlopen failed: "/data/app/com.tencent.mm-2/lib/arm/libstlport_shared.so" has unexpected e_machine: 40
12-16 02:53:24.862  4763  4763 E art     : dlopen("/data/data/com.tencent.mm/app_recover_lib/libstlport_shared.so", RTLD_LAZY) failed: dlopen failed: "/data/data/com.tencent.mm/app_recover_lib/libstlport_shared.so" has unexpected e_machine: 40
12-16 02:53:24.862  4763  4763 D AndroidRuntime: Shutting down VM
12-16 02:53:24.863  4763  4763 I Process : Sending signal. PID: 4763 SIG: 9
12-16 02:53:24.871  2183  2516 I ActivityManager: Process com.tencent.mm (pid 4763) has died
12-16 02:53:25.550  4791  4791 W linker  : [vdso]: unused DT entry: type 0x6ffffef5 arg 0x160
12-16 02:53:26.477  2183  2257 W AudioTrack: AUDIO_OUTPUT_FLAG_FAST denied by client
12-16 02:53:26.489  1917  2180 D audio_hw_primary: found out /dev/snd/pcmC0D0p
12-16 02:53:27.706  2183  2257 W AudioTrack: AUDIO_OUTPUT_FLAG_FAST denied by client
12-16 02:53:27.708  4794  4794 W linker  : [vdso]: unused DT entry: type 0x6ffffef5 arg 0x160
12-16 02:53:27.711  4795  4795 W linker  : [vdso]: unused DT entry: type 0x6ffffef5 arg 0x160
12-16 02:53:27.714  4796  4796 W linker  : [vdso]: unused DT entry: type 0x6ffffef5 arg 0x160
12-16 02:53:27.817  3614  3795 W NavigationActivity: Ignoring '/storage/sdcard1' with state of 'unmounted'
12-16 02:53:27.817  3614  3795 W NavigationActivity: Ignoring '/storage/usb0' with state of 'unmounted'
12-16 02:53:27.817  3614  3795 W NavigationActivity: Ignoring '/storage/usb2' with state of 'unmounted'
12-16 02:53:27.817  3614  3795 W NavigationActivity: Ignoring '/storage/usb3' with state of 'unmounted'
12-16 02:53:28.405  2183  2257 W AudioTrack: AUDIO_OUTPUT_FLAG_FAST denied by client
12-16 02:53:28.407  4798  4798 W linker  : [vdso]: unused DT entry: type 0x6ffffef5 arg 0x160
12-16 02:53:28.409  4799  4799 W linker  : [vdso]: unused DT entry: type 0x6ffffef5 arg 0x160
12-16 02:53:28.412  4800  4800 W linker  : [vdso]: unused DT entry: type 0x6ffffef5 arg 0x160
12-16 02:53:28.515  3614  3800 W NavigationActivity: Ignoring '/storage/sdcard1' with state of 'unmounted'
12-16 02:53:28.515  3614  3800 W NavigationActivity: Ignoring '/storage/usb0' with state of 'unmounted'
12-16 02:53:28.515  3614  3800 W NavigationActivity: Ignoring '/storage/usb2' with state of 'unmounted'
12-16 02:53:28.515  3614  3800 W NavigationActivity: Ignoring '/storage/usb3' with state of 'unmounted'
12-16 02:53:30.562  4801  4801 W linker  : [vdso]: unused DT entry: type 0x6ffffef5 arg 0x160
12-16 02:53:30.685  2183  2257 W AudioTrack: AUDIO_OUTPUT_FLAG_FAST denied by client
12-16 02:53:34.539  1909  1909 D SurfaceFlinger: Set power mode=0, type=0 flinger=0x7fed68862000
12-16 02:53:35.573  4803  4803 W linker  : [vdso]: unused DT entry: type 0x6ffffef5 arg 0x160
12-16 02:53:38.603  2183  2519 W ActivityManager: getRunningAppProcesses: caller 10054 does not hold REAL_GET_TASKS; limiting output
12-16 02:53:40.585  4804  4804 W linker  : [vdso]: unused DT entry: type 0x6ffffef5 arg 0x160
12-16 02:53:45.596  4805  4805 W linker  : [vdso]: unused DT entry: type 0x6ffffef5 arg 0x160
12-16 02:53:50.608  4807  4807 W linker  : [vdso]: unused DT entry: type 0x6ffffef5 arg 0x160
12-16 02:53:50.683  1909  1909 D SurfaceFlinger: Set power mode=2, type=0 flinger=0x7fed68862000
12-16 02:53:50.683  1909  2154 D GRALLOC-DRM: set master
12-16 02:53:53.493  2183  2257 W AudioTrack: AUDIO_OUTPUT_FLAG_FAST denied by client
12-16 02:53:53.506  1917  2180 D audio_hw_primary: found out /dev/snd/pcmC0D0p
12-16 02:53:54.773  2183  2257 W AudioTrack: AUDIO_OUTPUT_FLAG_FAST denied by client
12-16 02:53:54.775  4810  4810 W linker  : [vdso]: unused DT entry: type 0x6ffffef5 arg 0x160
12-16 02:53:54.778  4811  4811 W linker  : [vdso]: unused DT entry: type 0x6ffffef5 arg 0x160
12-16 02:53:54.781  4812  4812 W linker  : [vdso]: unused DT entry: type 0x6ffffef5 arg 0x160
12-16 02:53:54.884  3614  3868 W NavigationActivity: Ignoring '/storage/sdcard1' with state of 'unmounted'
12-16 02:53:54.884  3614  3868 W NavigationActivity: Ignoring '/storage/usb0' with state of 'unmounted'
12-16 02:53:54.884  3614  3868 W NavigationActivity: Ignoring '/storage/usb2' with state of 'unmounted'
12-16 02:53:54.884  3614  3868 W NavigationActivity: Ignoring '/storage/usb3' with state of 'unmounted'
12-16 02:53:55.221  2183  2257 W AudioTrack: AUDIO_OUTPUT_FLAG_FAST denied by client
12-16 02:53:55.223  4814  4814 W linker  : [vdso]: unused DT entry: type 0x6ffffef5 arg 0x160
12-16 02:53:55.225  4815  4815 W linker  : [vdso]: unused DT entry: type 0x6ffffef5 arg 0x160
12-16 02:53:55.228  4816  4816 W linker  : [vdso]: unused DT entry: type 0x6ffffef5 arg 0x160
12-16 02:53:55.331  3614  3874 W NavigationActivity: Ignoring '/storage/sdcard1' with state of 'unmounted'
12-16 02:53:55.331  3614  3874 W NavigationActivity: Ignoring '/storage/usb0' with state of 'unmounted'
12-16 02:53:55.331  3614  3874 W NavigationActivity: Ignoring '/storage/usb2' with state of 'unmounted'
12-16 02:53:55.331  3614  3874 W NavigationActivity: Ignoring '/storage/usb3' with state of 'unmounted'
12-16 02:53:55.617  4817  4817 W linker  : [vdso]: unused DT entry: type 0x6ffffef5 arg 0x160
12-16 02:53:55.685  2183  2257 W AudioTrack: AUDIO_OUTPUT_FLAG_FAST denied by client
12-16 02:53:55.687  4819  4819 W linker  : [vdso]: unused DT entry: type 0x6ffffef5 arg 0x160
12-16 02:53:55.689  4820  4820 W linker  : [vdso]: unused DT entry: type 0x6ffffef5 arg 0x160
12-16 02:53:55.692  4821  4821 W linker  : [vdso]: unused DT entry: type 0x6ffffef5 arg 0x160
12-16 02:53:55.795  3614  3881 W NavigationActivity: Ignoring '/storage/sdcard1' with state of 'unmounted'
12-16 02:53:55.795  3614  3881 W NavigationActivity: Ignoring '/storage/usb0' with state of 'unmounted'
12-16 02:53:55.795  3614  3881 W NavigationActivity: Ignoring '/storage/usb2' with state of 'unmounted'
12-16 02:53:55.795  3614  3881 W NavigationActivity: Ignoring '/storage/usb3' with state of 'unmounted'
12-16 02:53:57.124  2183  2222 I ActivityManager: START u0 {cmp=com.cyanogenmod.filemanager/.activities.preferences.SettingsPreferences} from uid 10034 on display 0
12-16 02:53:57.125  2183  2257 W AudioTrack: AUDIO_OUTPUT_FLAG_FAST denied by client
12-16 02:53:57.126  2183  2222 V WindowManager: addAppToken: AppWindowToken{28984bd3 token=Token{3a341c2 ActivityRecord{2a6fae0d u0 com.cyanogenmod.filemanager/.activities.preferences.SettingsPreferences t9}}} to stack=1 task=9 at 1
12-16 02:53:57.171  3614  3614 W Resources: Converting to string: TypedValue{t=0x10/d=0x1 a=-1}
12-16 02:53:57.171  3614  3614 W Resources: Converting to string: TypedValue{t=0x10/d=0x5f a=-1}
12-16 02:53:57.172  3614  3614 W Resources: Converting to string: TypedValue{t=0x10/d=0x0 a=-1}
12-16 02:53:57.178  2183  2556 V WindowManager: Adding window Window{2ffb003c u0 com.cyanogenmod.filemanager/com.cyanogenmod.filemanager.activities.preferences.SettingsPreferences} at 3 of 8 (after Window{2477ed08 u0 com.cyanogenmod.filemanager/com.cyanogenmod.filemanager.activities.NavigationActivity})
12-16 02:53:57.262  2183  2214 I ActivityManager: Displayed com.cyanogenmod.filemanager/.activities.preferences.SettingsPreferences: +113ms
12-16 02:53:57.304  3614  3651 D OpenGLRenderer: endAllStagingAnimators on 0x7fddbabd0c00 (RippleDrawable) with handle 0x7fddb9a5a820
12-16 02:53:59.077  2183  2257 W AudioTrack: AUDIO_OUTPUT_FLAG_FAST denied by client
12-16 02:53:59.094  3614  3614 W Resources: Converting to string: TypedValue{t=0x10/d=0x2 a=-1}
12-16 02:54:00.332  2183  2257 W AudioTrack: AUDIO_OUTPUT_FLAG_FAST denied by client
12-16 02:54:00.345  1908  2149 E Vold    : Failed to find mounted volume for /storage/usb0/Android/data/com.cyanogenmod.filemanager/files/
12-16 02:54:00.345  1908  2149 W Vold    : Returning OperationFailed - no handler for errno 107
12-16 02:54:00.345  3614  3614 W ContextImpl: Failed to ensure directory: /storage/usb0/Android/data/com.cyanogenmod.filemanager/files
12-16 02:54:00.346  1908  2149 E cutils  : Failed to fstatat(/storage/usb1): Transport endpoint is not connected
12-16 02:54:00.346  1908  2149 W Vold    : Returning OperationFailed - no handler for errno 107
12-16 02:54:00.346  3614  3614 W ContextImpl: Failed to ensure directory: /storage/usb1/Android/data/com.cyanogenmod.filemanager/files
12-16 02:54:00.347  1908  2149 E Vold    : Failed to find mounted volume for /storage/usb2/Android/data/com.cyanogenmod.filemanager/files/
12-16 02:54:00.347  1908  2149 W Vold    : Returning OperationFailed - no handler for errno 107
12-16 02:54:00.348  3614  3614 W ContextImpl: Failed to ensure directory: /storage/usb2/Android/data/com.cyanogenmod.filemanager/files
12-16 02:54:00.348  1908  2149 E Vold    : Failed to find mounted volume for /storage/usb3/Android/data/com.cyanogenmod.filemanager/files/
12-16 02:54:00.348  1908  2149 W Vold    : Returning OperationFailed - no handler for errno 107
12-16 02:54:00.349  3614  3614 W ContextImpl: Failed to ensure directory: /storage/usb3/Android/data/com.cyanogenmod.filemanager/files
12-16 02:54:00.349  1908  2149 E Vold    : Failed to find mounted volume for /storage/sdcard1/Android/data/com.cyanogenmod.filemanager/files/
12-16 02:54:00.349  1908  2149 W Vold    : Returning OperationFailed - no handler for errno 107
12-16 02:54:00.350  3614  3614 W ContextImpl: Failed to ensure directory: /storage/sdcard1/Android/data/com.cyanogenmod.filemanager/files
12-16 02:54:00.354  1908  2149 E Vold    : Failed to find mounted volume for /storage/usb0/Android/data/com.cyanogenmod.filemanager/files/
12-16 02:54:00.354  1908  2149 W Vold    : Returning OperationFailed - no handler for errno 107
12-16 02:54:00.354  3614  3614 W ContextImpl: Failed to ensure directory: /storage/usb0/Android/data/com.cyanogenmod.filemanager/files
12-16 02:54:00.355  1908  2149 E cutils  : Failed to fstatat(/storage/usb1): Transport endpoint is not connected
12-16 02:54:00.355  1908  2149 W Vold    : Returning OperationFailed - no handler for errno 107
12-16 02:54:00.356  3614  3614 W ContextImpl: Failed to ensure directory: /storage/usb1/Android/data/com.cyanogenmod.filemanager/files
12-16 02:54:00.356  1908  2149 E Vold    : Failed to find mounted volume for /storage/usb2/Android/data/com.cyanogenmod.filemanager/files/
12-16 02:54:00.356  1908  2149 W Vold    : Returning OperationFailed - no handler for errno 107
12-16 02:54:00.357  3614  3614 W ContextImpl: Failed to ensure directory: /storage/usb2/Android/data/com.cyanogenmod.filemanager/files
12-16 02:54:00.357  1908  2149 E Vold    : Failed to find mounted volume for /storage/usb3/Android/data/com.cyanogenmod.filemanager/files/
12-16 02:54:00.357  1908  2149 W Vold    : Returning OperationFailed - no handler for errno 107
12-16 02:54:00.358  3614  3614 W ContextImpl: Failed to ensure directory: /storage/usb3/Android/data/com.cyanogenmod.filemanager/files
12-16 02:54:00.358  1908  2149 E Vold    : Failed to find mounted volume for /storage/sdcard1/Android/data/com.cyanogenmod.filemanager/files/
12-16 02:54:00.358  1908  2149 W Vold    : Returning OperationFailed - no handler for errno 107
12-16 02:54:00.359  3614  3614 W ContextImpl: Failed to ensure directory: /storage/sdcard1/Android/data/com.cyanogenmod.filemanager/files
12-16 02:54:00.626  4825  4825 W linker  : [vdso]: unused DT entry: type 0x6ffffef5 arg 0x160
12-16 02:54:02.315  3614  3887 W NavigationActivity: Ignoring '/storage/sdcard1' with state of 'unmounted'
12-16 02:54:02.315  3614  3887 W NavigationActivity: Ignoring '/storage/usb0' with state of 'unmounted'
12-16 02:54:02.315  3614  3887 W NavigationActivity: Ignoring '/storage/usb2' with state of 'unmounted'
12-16 02:54:02.315  3614  3887 W NavigationActivity: Ignoring '/storage/usb3' with state of 'unmounted'
12-16 02:54:02.320  4826  4826 W linker  : [vdso]: unused DT entry: type 0x6ffffef5 arg 0x160
12-16 02:54:02.325  4827  4827 W linker  : [vdso]: unused DT entry: type 0x6ffffef5 arg 0x160
12-16 02:54:02.328  4828  4828 W linker  : [vdso]: unused DT entry: type 0x6ffffef5 arg 0x160
12-16 02:54:02.331  4829  4829 W linker  : [vdso]: unused DT entry: type 0x6ffffef5 arg 0x160
12-16 02:54:02.442  4830  4830 W linker  : [vdso]: unused DT entry: type 0x6ffffef5 arg 0x160
12-16 02:54:02.447  4831  4831 W linker  : [vdso]: unused DT entry: type 0x6ffffef5 arg 0x160
12-16 02:54:02.450  4832  4832 W linker  : [vdso]: unused DT entry: type 0x6ffffef5 arg 0x160
12-16 02:54:02.466  4833  4833 W linker  : [vdso]: unused DT entry: type 0x6ffffef5 arg 0x160
12-16 02:54:02.471  4834  4834 W linker  : [vdso]: unused DT entry: type 0x6ffffef5 arg 0x160
12-16 02:54:02.474  4835  4835 W linker  : [vdso]: unused DT entry: type 0x6ffffef5 arg 0x160
12-16 02:54:02.655  1909  1909 W SurfaceFlinger: couldn't log to binary event log: overflow.
12-16 02:54:05.638  4836  4836 W linker  : [vdso]: unused DT entry: type 0x6ffffef5 arg 0x160
12-16 02:54:05.951  2183  2212 D Atlas   : Validating map...
12-16 02:54:05.972  2183  2236 I EGL-DRI2: DRI2: found extension DRI_Core version 1
12-16 02:54:05.972  2183  2236 I EGL-DRI2: DRI2: found extension DRI_DRI2 version 4
12-16 02:54:05.976  2183  2236 I EGL-DRI2: DRI2: found extension DRI_TexBuffer version 3
12-16 02:54:05.976  2183  2236 I EGL-DRI2: DRI2: found extension DRI2_Flush version 4
12-16 02:54:05.976  2183  2236 I EGL-DRI2: DRI2: found extension DRI_IMAGE version 11
12-16 02:54:05.976  2183  2236 I OpenGLRenderer: Initialized EGL, version 1.4
12-16 02:54:05.979  2316  2316 D PhoneStatusBar: disable: < EXPAND* icons alerts system_info back home recent clock search >
12-16 02:54:07.109  2183  2257 W AudioTrack: AUDIO_OUTPUT_FLAG_FAST denied by client
12-16 02:54:07.121  2183  2212 D ShutdownThread: Notifying thread to start shutdown longPressBehavior=1
12-16 02:54:07.121  2183  2590 W InputMethodManagerService: Window already focused, ignoring focus gain of: com.android.internal.view.IInputMethodClient$Stub$Proxy@3b58562a attribute=null, token = android.os.BinderProxy@312682ab
12-16 02:54:07.123  1917  2180 D audio_hw_primary: found out /dev/snd/pcmC0D0p
12-16 02:54:07.132  2316  2316 D PhoneStatusBar: disable: < expand* icons alerts system_info back home recent clock search >
12-16 02:54:07.133  2183  4840 I ShutdownThread: Sending shutdown broadcast...
12-16 02:54:07.133  2183  2183 W SyncManager: Writing sync state before shutdown...
12-16 02:54:07.139  2183  2236 I EGL-DRI2: DRI2: found extension DRI_Core version 1
12-16 02:54:07.139  2183  2236 I EGL-DRI2: DRI2: found extension DRI_DRI2 version 4
12-16 02:54:07.142  2183  2236 I EGL-DRI2: DRI2: found extension DRI_TexBuffer version 3
12-16 02:54:07.142  2183  2236 I EGL-DRI2: DRI2: found extension DRI2_Flush version 4
12-16 02:54:07.142  2183  2236 I EGL-DRI2: DRI2: found extension DRI_IMAGE version 11
12-16 02:54:07.142  2183  2236 I OpenGLRenderer: Initialized EGL, version 1.4
12-16 02:54:07.167  2183  2183 I EntropyMixer: Writing entropy...
12-16 02:54:07.205  2183  4840 I ShutdownThread: Shutting down activity manager...
12-16 02:54:07.225  2183  4840 W AppOps  : Writing app ops before shutdown...
12-16 02:54:07.242  2183  4840 I UsageStatsService: User[0] Flushing usage stats to disk
12-16 02:54:07.305  2183  4840 W BatteryStats: Writing battery stats before shutdown...
12-16 02:54:07.319  2183  4840 W ProcessStatsService: Writing process stats before shutdown...
12-16 02:54:07.320  2183  4840 I ProcessStatsService: Prepared write state in 1ms
12-16 02:54:07.351  2183  4840 I ShutdownThread: Shutting down package manager...
12-16 02:54:07.377  2482  3086 V PhoneInterfaceManager: [PhoneIntfMgr] 1 Phones are shutdown.
12-16 02:54:07.378  2183  4844 I ShutdownThread: Waiting for NFC, Bluetooth and Radio...
12-16 02:54:07.378  2183  4844 I ShutdownThread: NFC, Radio and Bluetooth shutdown complete.
12-16 02:54:07.378  2183  4840 I ShutdownThread: Shutting down MountService
12-16 02:54:07.378  2183  4840 I MountService: Shutting down
12-16 02:54:07.378  2183  4840 I MountService: Unmount completed: /storage/usb3, result code: 0
12-16 02:54:07.378  2183  4840 I MountService: Unmount completed: /storage/usb2, result code: 0
12-16 02:54:07.379  2183  4840 I MountService: Unmount completed: /storage/sdcard1, result code: 0
