01-06 06:01:31.194  2149  2169 W ActivityManager: getTasks: caller 10115 does not hold REAL_GET_TASKS; limiting output
01-06 06:01:32.197  2149 17057 W ActivityManager: getTasks: caller 10115 does not hold REAL_GET_TASKS; limiting output
01-06 06:01:33.150  2149  2209 W AudioTrack: AUDIO_OUTPUT_FLAG_FAST denied by client
01-06 06:01:33.163  1876  2146 D audio_hw_primary: found out /dev/snd/pcmC0D0p
01-06 06:01:33.164  2267  2267 W ResourceType: No package identifier when getting value for resource number 0x00000000
01-06 06:01:33.164  2267  2267 W PackageManager: Failure retrieving resources for jackpal.androidterm: Resource ID #0x0
01-06 06:01:33.167  2149  3042 I ActivityManager: START u0 {act=com.android.systemui.recents.SHOW_RECENTS flg=0x10804000 cmp=com.android.systemui/.recents.RecentsActivity} from uid 10000 on display 0
01-06 06:01:33.199  2149 17057 W ActivityManager: getTasks: caller 10115 does not hold REAL_GET_TASKS; limiting output
01-06 06:01:33.229  9354  9354 W IInputConnectionWrapper: showStatusIcon on inactive InputConnection
01-06 06:01:34.073  2149  2295 W ActivityManager: getRunningAppProcesses: caller 10121 does not hold REAL_GET_TASKS; limiting output
01-06 06:01:34.181  2267  2267 W ResourceType: No package identifier when getting value for resource number 0x00000000
01-06 06:01:34.181  2267  2267 W PackageManager: Failure retrieving resources for jackpal.androidterm: Resource ID #0x0
01-06 06:01:34.202  2149  2377 W ActivityManager: getTasks: caller 10115 does not hold REAL_GET_TASKS; limiting output
01-06 06:01:34.704 17714 17714 W linker  : [vdso]: unused DT entry: type 0x6ffffef5 arg 0x160
01-06 06:01:35.205  2149  3044 W ActivityManager: getTasks: caller 10115 does not hold REAL_GET_TASKS; limiting output
01-06 06:01:35.864  2149  2394 I ActivityManager: Killing 14254:com.android.gallery3d/u0a24 (adj 15): empty #17
01-06 06:01:35.891  2149  2394 I ActivityManager: Killing 9508:com.cyanogenmod.filemanager/u0a27 (adj 9): remove task
01-06 06:01:35.891  2149  2394 I libprocessgroup: Killing pid 16133 in uid 10027 as part of process group 9508
01-06 06:01:35.891  2149  2394 I libprocessgroup: Killing pid 16147 in uid 10027 as part of process group 9508
01-06 06:01:35.892  2149  2394 I libprocessgroup: Killing pid 16133 in uid 10027 as part of process group 9508
01-06 06:01:35.910  2149  2190 W InputDispatcher: channel '6a6e91e com.cyanogenmod.filemanager/com.cyanogenmod.filemanager.activities.NavigationActivity (server)' ~ Consumer closed input channel or an error occurred.  events=0x9
01-06 06:01:35.910  2149  2190 E InputDispatcher: channel '6a6e91e com.cyanogenmod.filemanager/com.cyanogenmod.filemanager.activities.NavigationActivity (server)' ~ Channel is unrecoverably broken and will be disposed!
01-06 06:01:35.910  2149  2295 I WindowState: WIN DEATH: Window{6a6e91e u0 com.cyanogenmod.filemanager/com.cyanogenmod.filemanager.activities.NavigationActivity}
01-06 06:01:35.910  2149  2295 W InputDispatcher: Attempted to unregister already unregistered input channel '6a6e91e com.cyanogenmod.filemanager/com.cyanogenmod.filemanager.activities.NavigationActivity (server)'
01-06 06:01:36.013  2149  2220 D TaskPersister: removeObsoleteFile: deleting file=1079_task.xml
01-06 06:01:36.013  2149  2220 D TaskPersister: removeObsoleteFile: deleting file=1079_task_thumbnail.png
01-06 06:01:36.207  2149  4763 W ActivityManager: getTasks: caller 10115 does not hold REAL_GET_TASKS; limiting output
01-06 06:01:37.210  2149  3042 W ActivityManager: getTasks: caller 10115 does not hold REAL_GET_TASKS; limiting output
01-06 06:01:37.847  2149  2209 W AudioTrack: AUDIO_OUTPUT_FLAG_FAST denied by client
01-06 06:01:37.860  1876  2146 D audio_hw_primary: found out /dev/snd/pcmC0D0p
01-06 06:01:38.113  2149 15843 I ActivityManager: START u0 {act=android.intent.action.MAIN cat=[android.intent.category.HOME] flg=0x10200000 cmp=com.android.launcher3/.Launcher} from uid 10000 on display 0
01-06 06:01:38.213  2149  2169 W ActivityManager: getTasks: caller 10115 does not hold REAL_GET_TASKS; limiting output
01-06 06:01:38.696  2349  2609 W OpenGLRenderer: Incorrectly called buildLayer on View: ShortcutAndWidgetContainer, destroying layer...
01-06 06:01:38.918 17718 17718 W linker  : [vdso]: unused DT entry: type 0x6ffffef5 arg 0x160
01-06 06:01:39.216  2149  9351 W ActivityManager: getTasks: caller 10115 does not hold REAL_GET_TASKS; limiting output
01-06 06:01:40.219  2149  8057 W ActivityManager: getTasks: caller 10115 does not hold REAL_GET_TASKS; limiting output
01-06 06:01:41.222  2149  2170 W ActivityManager: getTasks: caller 10115 does not hold REAL_GET_TASKS; limiting output
01-06 06:01:42.225  2149  2394 W ActivityManager: getTasks: caller 10115 does not hold REAL_GET_TASKS; limiting output
01-06 06:01:42.947  2149  2295 I ActivityManager: START u0 {act=android.intent.action.MAIN flg=0x10000000 cmp=com.wandoujia.phoenix2/com.wandoujia.jupiter.activity.HomeActivity bnds=[538,158][749,294] (has extras)} from uid 10033 on display 0
01-06 06:01:42.947  2149  2209 W AudioTrack: AUDIO_OUTPUT_FLAG_FAST denied by client
01-06 06:01:42.961  1876  2146 D audio_hw_primary: found out /dev/snd/pcmC0D0p
01-06 06:01:42.969  2149  2295 V WindowManager: addAppToken: AppWindowToken{1e9ed54 token=Token{145264a7 ActivityRecord{220da966 u0 com.wandoujia.phoenix2/com.wandoujia.jupiter.activity.HomeActivity t1109}}} to stack=1 task=1109 at 0
01-06 06:01:42.972  2149  2180 V WindowManager: Adding window Window{1e95419f u0 Starting com.wandoujia.phoenix2} at 5 of 10 (after Window{14aecc22 u0 jackpal.androidterm/jackpal.androidterm.Term})
01-06 06:01:43.007  2149  2170 I ActivityManager: Config changes=480 {1.0 ?mcc?mnc zh_CN ldltr sw720dp w720dp h1206dp 240dpi lrg long port -touch qwerty/v/v -nav/h s.35}
01-06 06:01:43.011 16415 16415 D GeckoApplication: onConfigurationChanged: zh_CN, background: false
01-06 06:01:43.012 16415 16415 D GeckoLocales: No selected locale. No correction needed.
01-06 06:01:43.030  2149  2149 V ActivityManager: Display changed displayId=0
01-06 06:01:43.052  2149  2191 I InputReader: Reconfiguring input devices.  changes=0x00000004
01-06 06:01:43.115  2149  8057 I art     : Explicit concurrent mark sweep GC freed 87549(4MB) AllocSpace objects, 16(1868KB) LOS objects, 33% free, 20MB/30MB, paused 1.081ms total 47.577ms
01-06 06:01:43.162 17124 17729 D OpenGLRenderer: Use EGL_SWAP_BEHAVIOR_PRESERVED: true
01-06 06:01:43.163  2149 15843 V WindowManager: Adding window Window{39c7c597 u0 com.wandoujia.phoenix2/com.wandoujia.jupiter.activity.HomeActivity} at 5 of 12 (before Window{1e95419f u0 Starting com.wandoujia.phoenix2})
01-06 06:01:43.196 17124 17729 I GRALLOC-DRM: create intel for driver i915
01-06 06:01:43.197 17124 17729 I EGL-DRI2: DRI2: found extension DRI_Core version 1
01-06 06:01:43.197 17124 17729 I EGL-DRI2: DRI2: found extension DRI_DRI2 version 4
01-06 06:01:43.200 17124 17729 I EGL-DRI2: DRI2: found extension DRI_TexBuffer version 3
01-06 06:01:43.200 17124 17729 I EGL-DRI2: DRI2: found extension DRI2_Flush version 4
01-06 06:01:43.200 17124 17729 I EGL-DRI2: DRI2: found extension DRI_IMAGE version 11
01-06 06:01:43.200 17124 17729 I OpenGLRenderer: Initialized EGL, version 1.4
01-06 06:01:43.200 17124 17729 W OpenGLRenderer: Failed to choose config with EGL_SWAP_BEHAVIOR_PRESERVED, retrying without...
01-06 06:01:43.201 17124 17729 D OpenGLRenderer: Enabling debug mode 0
01-06 06:01:43.227  2149  3044 W ActivityManager: getTasks: caller 10115 does not hold REAL_GET_TASKS; limiting output
01-06 06:01:43.237  2349  2349 W IInputConnectionWrapper: showStatusIcon on inactive InputConnection
01-06 06:01:43.247 17124 17180 W GAv4    : Error getting advertiser id: com.google.android.gms.common.GooglePlayServicesNotAvailableException
01-06 06:01:43.283  2149  2180 V WindowManager: Layouts looping: On entry to LockedInner, mPendingLayoutChanges = 0x1
01-06 06:01:43.283  2149  2180 V WindowManager: Layouts looping: loop number 4, mPendingLayoutChanges = 0x0
01-06 06:01:43.283  2149  2180 V WindowManager: Layouts looping: after finishPostLayoutPolicyLw, mPendingLayoutChanges = 0x0
01-06 06:01:43.283  2149  2180 V WindowManager: Layouts looping: mLayoutNeeded, mPendingLayoutChanges = 0x1
01-06 06:01:43.283  2149  2180 V WindowManager: Layouts looping: On entry to LockedInner, mPendingLayoutChanges = 0x1
01-06 06:01:43.283  2149  2180 V WindowManager: Layouts looping: loop number 5, mPendingLayoutChanges = 0x0
01-06 06:01:43.283  2149  2180 V WindowManager: Layouts looping: after finishPostLayoutPolicyLw, mPendingLayoutChanges = 0x0
01-06 06:01:43.283  2149  2180 V WindowManager: Layouts looping: mLayoutNeeded, mPendingLayoutChanges = 0x1
01-06 06:01:43.283  2149  2180 E WindowManager: Performed 6 layouts in a row. Skipping
01-06 06:01:43.300  2149  2180 I ActivityManager: Displayed com.wandoujia.phoenix2/com.wandoujia.jupiter.activity.HomeActivity: +327ms
01-06 06:01:43.329  2149  2180 I WindowManager: Screen frozen for +356ms due to Window{1e95419f u0 Starting com.wandoujia.phoenix2}
01-06 06:01:43.352  2149  3042 W ActivityManager: getRunningAppProcesses: caller 10120 does not hold REAL_GET_TASKS; limiting output
01-06 06:01:43.931 17759 17759 W linker  : [vdso]: unused DT entry: type 0x6ffffef5 arg 0x160
01-06 06:01:44.228  2149  2295 W ActivityManager: getTasks: caller 10115 does not hold REAL_GET_TASKS; limiting output
01-06 06:01:45.231  2149  2377 W ActivityManager: getTasks: caller 10115 does not hold REAL_GET_TASKS; limiting output
01-06 06:01:45.375  2149  2180 I art     : Explicit concurrent mark sweep GC freed 7837(372KB) AllocSpace objects, 8(7MB) LOS objects, 33% free, 12MB/19MB, paused 704us total 32.930ms
01-06 06:01:46.234  2149  2295 W ActivityManager: getTasks: caller 10115 does not hold REAL_GET_TASKS; limiting output
01-06 06:01:47.182  2149  2209 W AudioTrack: AUDIO_OUTPUT_FLAG_FAST denied by client
01-06 06:01:47.182  2149  2170 I ActivityManager: START u0 {flg=0x10000000 cmp=com.wandoujia.phoenix2/com.wandoujia.jupiter.search.activity.SearchQueryHistoryActivity (has extras)} from uid 10124 on display 0
01-06 06:01:47.191  2149  2170 V WindowManager: addAppToken: AppWindowToken{30ae6ab token=Token{1d16a0fa ActivityRecord{3cd4a725 u0 com.wandoujia.phoenix2/com.wandoujia.jupiter.search.activity.SearchQueryHistoryActivity t1109}}} to stack=1 task=1109 at 1
01-06 06:01:47.194  1876  2146 D audio_hw_primary: found out /dev/snd/pcmC0D0p
01-06 06:01:47.202  2149  2394 V WindowManager: Adding window Window{304d90a1 u0 com.wandoujia.phoenix2/com.wandoujia.jupiter.search.activity.SearchQueryHistoryActivity} at 6 of 11 (after Window{39c7c597 u0 com.wandoujia.phoenix2/com.wandoujia.jupiter.activity.HomeActivity})
01-06 06:01:47.237  2149 15843 W ActivityManager: getTasks: caller 10115 does not hold REAL_GET_TASKS; limiting output
01-06 06:01:47.238  2149  2180 I ActivityManager: Displayed com.wandoujia.phoenix2/com.wandoujia.jupiter.search.activity.SearchQueryHistoryActivity: +47ms
01-06 06:01:48.239  2149  3042 W ActivityManager: getTasks: caller 10115 does not hold REAL_GET_TASKS; limiting output
01-06 06:01:48.539  2149  2209 W AudioTrack: AUDIO_OUTPUT_FLAG_FAST denied by client
01-06 06:01:48.629 17124 17124 D InputEventConsistencyVerifier: KeyEvent: ACTION_UP but key was not down.
01-06 06:01:48.629 17124 17124 D InputEventConsistencyVerifier:   in com.wandoujia.ripple_framework.view.RecyclerViewAutoLoadingLayout{3554ce8c V..D.... ........ 0,136-1080,1848 #7f0c0357 app:id/loadable_recycler_view}
01-06 06:01:48.629 17124 17124 D InputEventConsistencyVerifier:   0: sent at 13907766000000, KeyEvent { action=ACTION_UP, keyCode=KEYCODE_NUMPAD_2, scanCode=80, metaState=0, flags=0x8, repeatCount=0, eventTime=13907766, downTime=13907670, deviceId=16, source=0x101 }
01-06 06:01:48.630 17124 17124 D InputEventConsistencyVerifier: KeyEvent: ACTION_UP but key was not down.
01-06 06:01:48.630 17124 17124 D InputEventConsistencyVerifier:   in com.wandoujia.ripple_framework.view.RecyclerViewAutoLoadingLayout{3554ce8c V..D.... ........ 0,136-1080,1848 #7f0c0357 app:id/loadable_recycler_view}
01-06 06:01:48.630 17124 17124 D InputEventConsistencyVerifier:   0: sent at 13907766000000, KeyEvent { action=ACTION_UP, keyCode=KEYCODE_DPAD_DOWN, scanCode=80, metaState=0, flags=0x8, repeatCount=0, eventTime=13907766, downTime=13907670, deviceId=16, source=0x101 }
01-06 06:01:48.630 17124 17124 D InputEventConsistencyVerifier:   -- recent events --
01-06 06:01:48.630 17124 17124 D InputEventConsistencyVerifier:   1: sent at 13907766000000, (unhandled) KeyEvent { action=ACTION_UP, keyCode=KEYCODE_NUMPAD_2, scanCode=80, metaState=0, flags=0x80000008, repeatCount=0, eventTime=13907766, downTime=13907670, deviceId=16, source=0x101 }
01-06 06:01:48.940 17767 17767 W linker  : [vdso]: unused DT entry: type 0x6ffffef5 arg 0x160
01-06 06:01:49.241  2149  4763 W ActivityManager: getTasks: caller 10115 does not hold REAL_GET_TASKS; limiting output
01-06 06:01:50.244  2149  2377 W ActivityManager: getTasks: caller 10115 does not hold REAL_GET_TASKS; limiting output
01-06 06:01:53.176  1867  2115 E Vold    : Failed to find mounted volume for /storage/usb1/Android/data/com.wandoujia.phoenix2/cache/
01-06 06:01:53.176 17235 17235 W ContextImpl: Failed to ensure directory: /storage/usb1/Android/data/com.wandoujia.phoenix2/cache
01-06 06:01:53.177  1867  2115 E Vold    : Failed to find mounted volume for /storage/usb2/Android/data/com.wandoujia.phoenix2/cache/
01-06 06:01:53.177 17235 17235 W ContextImpl: Failed to ensure directory: /storage/usb2/Android/data/com.wandoujia.phoenix2/cache
01-06 06:01:53.178  1867  2115 E Vold    : Failed to find mounted volume for /storage/usb3/Android/data/com.wandoujia.phoenix2/cache/
01-06 06:01:53.178 17235 17235 W ContextImpl: Failed to ensure directory: /storage/usb3/Android/data/com.wandoujia.phoenix2/cache
01-06 06:01:53.179  1867  2115 E Vold    : Failed to find mounted volume for /storage/sdcard1/Android/data/com.wandoujia.phoenix2/cache/
01-06 06:01:53.179 17235 17235 W ContextImpl: Failed to ensure directory: /storage/sdcard1/Android/data/com.wandoujia.phoenix2/cache
01-06 06:01:53.952 17770 17770 W linker  : [vdso]: unused DT entry: type 0x6ffffef5 arg 0x160
01-06 06:01:54.102  2149  3044 W ActivityManager: getTasks: caller 10115 does not hold REAL_GET_TASKS; limiting output
01-06 06:01:54.811  2149  9351 V WindowManager: Adding window Window{2e76d09b u0 PopupWindow:33c4d433} at 7 of 12 (after Window{304d90a1 u0 com.wandoujia.phoenix2/com.wandoujia.jupiter.search.activity.SearchQueryHistoryActivity})
01-06 06:01:55.104  2149 15843 W ActivityManager: getTasks: caller 10115 does not hold REAL_GET_TASKS; limiting output
01-06 06:01:55.184  2149  3042 V WindowManager: Adding window Window{1ac8b04d u0 PopupWindow:33c4d433} at 8 of 13 (after Window{2e76d09b u0 PopupWindow:33c4d433 EXITING})
01-06 06:01:55.970  2149  4763 V WindowManager: Adding window Window{34f4b813 u0 PopupWindow:33c4d433} at 8 of 13 (after Window{1ac8b04d u0 PopupWindow:33c4d433 EXITING})
01-06 06:01:56.106  2149  9351 W ActivityManager: getTasks: caller 10115 does not hold REAL_GET_TASKS; limiting output
01-06 06:01:56.254  2149 17057 V WindowManager: Adding window Window{24fd0449 u0 PopupWindow:33c4d433} at 8 of 13 (after Window{34f4b813 u0 PopupWindow:33c4d433 EXITING})
01-06 06:01:56.646  2303 17779 I LatinIME:LogUtils: Dictionary info: dictionary = spellcheck_userunigram.en_US ; version = 1452060116 ; date = ?
01-06 06:01:56.648  2303 17780 I LatinIME:LogUtils: Dictionary info: dictionary = spellcheck_contacts.en_US ; version = 1452060116 ; date = ?
01-06 06:01:56.650  2303  2605 I LatinIME:LogUtils: Dictionary info: dictionary = main:en ; version = 47 ; date = 1402373178
01-06 06:01:56.660  2303 17780 I LatinIME:LogUtils: Dictionary info: dictionary = spellcheck_contacts.en_US ; version = 1452060116 ; date = 1452060116
01-06 06:01:57.109  2149  9351 W ActivityManager: getTasks: caller 10115 does not hold REAL_GET_TASKS; limiting output
01-06 06:01:58.112  2149  3042 W ActivityManager: getTasks: caller 10115 does not hold REAL_GET_TASKS; limiting output
01-06 06:01:58.963 17783 17783 W linker  : [vdso]: unused DT entry: type 0x6ffffef5 arg 0x160
01-06 06:01:59.115  2149  3044 W ActivityManager: getTasks: caller 10115 does not hold REAL_GET_TASKS; limiting output
01-06 06:02:00.118  2149  3042 W ActivityManager: getTasks: caller 10115 does not hold REAL_GET_TASKS; limiting output
01-06 06:02:01.120  2149  2394 W ActivityManager: getTasks: caller 10115 does not hold REAL_GET_TASKS; limiting output
01-06 06:02:01.130  2149  9351 I ActivityManager: START u0 {act=android.intent.action.VIEW dat=wdj://search/result cmp=com.wandoujia.phoenix2/com.wandoujia.jupiter.search.activity.SearchHomeActivity (has extras)} from uid 10124 on display 0
01-06 06:02:01.131  2149  2209 W AudioTrack: AUDIO_OUTPUT_FLAG_FAST denied by client
01-06 06:02:01.132  2149  9351 V WindowManager: addAppToken: AppWindowToken{34b2cb7c token=Token{3c68c26f ActivityRecord{307f414e u0 com.wandoujia.phoenix2/com.wandoujia.jupiter.search.activity.SearchHomeActivity t1109}}} to stack=1 task=1109 at 2
01-06 06:02:01.143  1876  2146 D audio_hw_primary: found out /dev/snd/pcmC0D0p
01-06 06:02:01.210  2149  8057 V WindowManager: Adding window Window{3c12245a u0 com.wandoujia.phoenix2/com.wandoujia.jupiter.search.activity.SearchHomeActivity} at 7 of 12 (after Window{304d90a1 u0 com.wandoujia.phoenix2/com.wandoujia.jupiter.search.activity.SearchQueryHistoryActivity})
01-06 06:02:01.278  2149  2180 I ActivityManager: Displayed com.wandoujia.phoenix2/com.wandoujia.jupiter.search.activity.SearchHomeActivity: +142ms
01-06 06:02:01.286 17124 17729 D OpenGLRenderer: endAllStagingAnimators on 0xdaae1380 (RippleDrawable) with handle 0xdb5469d0
01-06 06:02:01.296  1868  1868 W SurfaceFlinger: couldn't log to binary event log: overflow.
01-06 06:02:02.122  2149  2295 W ActivityManager: getTasks: caller 10115 does not hold REAL_GET_TASKS; limiting output
01-06 06:02:03.124  2149  8057 W ActivityManager: getTasks: caller 10115 does not hold REAL_GET_TASKS; limiting output
01-06 06:02:03.975 17797 17797 W linker  : [vdso]: unused DT entry: type 0x6ffffef5 arg 0x160
01-06 06:02:04.073  2149  2169 W ActivityManager: getRunningAppProcesses: caller 10121 does not hold REAL_GET_TASKS; limiting output
01-06 06:02:04.127  2149  2170 W ActivityManager: getTasks: caller 10115 does not hold REAL_GET_TASKS; limiting output
01-06 06:02:05.130  2149 15843 W ActivityManager: getTasks: caller 10115 does not hold REAL_GET_TASKS; limiting output
01-06 06:02:06.133  2149  2377 W ActivityManager: getTasks: caller 10115 does not hold REAL_GET_TASKS; limiting output
01-06 06:02:07.136  2149  9351 W ActivityManager: getTasks: caller 10115 does not hold REAL_GET_TASKS; limiting output
01-06 06:02:07.719  2149  2209 W AudioTrack: AUDIO_OUTPUT_FLAG_FAST denied by client
01-06 06:02:07.731  1876  2146 D audio_hw_primary: found out /dev/snd/pcmC0D0p
01-06 06:02:07.745  2149  3042 I ActivityManager: START u0 {flg=0x10010000 cmp=com.wandoujia.phoenix2/com.wandoujia.jupiter.app.activity.DownloadInjectorDialogActivity (has extras)} from uid 10124 on display 0
01-06 06:02:07.752  2149  3042 V WindowManager: addAppToken: AppWindowToken{32d09067 token=Token{19be2c26 ActivityRecord{327bf381 u0 com.wandoujia.phoenix2/com.wandoujia.jupiter.app.activity.DownloadInjectorDialogActivity t1110}}} to stack=1 task=1110 at 0
01-06 06:02:07.822  2149  3128 V WindowManager: Adding window Window{117346bd u0 com.wandoujia.phoenix2/com.wandoujia.jupiter.app.activity.DownloadInjectorDialogActivity} at 7 of 12 (after Window{3c12245a u0 com.wandoujia.phoenix2/com.wandoujia.jupiter.search.activity.SearchHomeActivity})
01-06 06:02:07.867  2149  2180 I ActivityManager: Displayed com.wandoujia.phoenix2/com.wandoujia.jupiter.app.activity.DownloadInjectorDialogActivity: +69ms
01-06 06:02:08.139  2149 15843 W ActivityManager: getTasks: caller 10115 does not hold REAL_GET_TASKS; limiting output
01-06 06:02:08.987 17800 17800 W linker  : [vdso]: unused DT entry: type 0x6ffffef5 arg 0x160
01-06 06:02:09.141  2149  2170 W ActivityManager: getTasks: caller 10115 does not hold REAL_GET_TASKS; limiting output
01-06 06:02:10.144  2149  2295 W ActivityManager: getTasks: caller 10115 does not hold REAL_GET_TASKS; limiting output
01-06 06:02:11.147  2149  2295 W ActivityManager: getTasks: caller 10115 does not hold REAL_GET_TASKS; limiting output
01-06 06:02:11.265  2149  2220 D TaskPersister: removeObsoleteFile: deleting file=1109_task.xml
01-06 06:02:12.149  2149  4763 W ActivityManager: getTasks: caller 10115 does not hold REAL_GET_TASKS; limiting output
01-06 06:02:13.151  2149 17056 W ActivityManager: getTasks: caller 10115 does not hold REAL_GET_TASKS; limiting output
01-06 06:02:13.352  2149  8057 W ActivityManager: getRunningAppProcesses: caller 10120 does not hold REAL_GET_TASKS; limiting output
01-06 06:02:13.926  2149  2209 W AudioTrack: AUDIO_OUTPUT_FLAG_FAST denied by client
01-06 06:02:13.939  1876  2146 D audio_hw_primary: found out /dev/snd/pcmC0D0p
01-06 06:02:13.953  2149  8057 W ActivityManager: Finishing task with all activities already finished
01-06 06:02:13.953  2149  8057 W ActivityManager: Duplicate finish request for ActivityRecord{327bf381 u0 com.wandoujia.phoenix2/com.wandoujia.jupiter.app.activity.DownloadInjectorDialogActivity t1110 f}
01-06 06:02:13.996 17803 17803 W linker  : [vdso]: unused DT entry: type 0x6ffffef5 arg 0x160
01-06 06:02:14.154  2149  2394 W ActivityManager: getTasks: caller 10115 does not hold REAL_GET_TASKS; limiting output
01-06 06:02:14.246  1868  1868 W SurfaceFlinger: couldn't log to binary event log: overflow.
01-06 06:02:14.946 17124 17172 W PackageParser: Unknown element under <manifest>: meta-data at /storage/emulated/0/wandoujia/app/2048益智_1452060133928.apk Binary XML file line #16
01-06 06:02:15.010 17813 17813 W linker  : [vdso]: unused DT entry: type 0x6ffffef5 arg 0x160
01-06 06:02:15.011 17813 17813 D AndroidRuntime: >>>>>> START com.android.internal.os.RuntimeInit uid 0 <<<<<<
01-06 06:02:15.012 17813 17813 D AndroidRuntime: CheckJNI is ON
01-06 06:02:15.024 17813 17813 W         : Failed to bind-mount /system/lib64/x86_64/cpuinfo as /proc/cpuinfo: No such file or directory
01-06 06:02:15.024 17813 17813 E         : Cannot create code cache directory ./code_cache: Read-only file system.
01-06 06:02:15.030 17813 17813 E memtrack: Couldn't load memtrack module (No such file or directory)
01-06 06:02:15.030 17813 17813 E android.os.Debug: failed to load memtrack module: -2
01-06 06:02:15.034 17813 17813 D AndroidRuntime: Calling main entry com.android.commands.am.Am
01-06 06:02:15.035  2149  4763 I ActivityManager: START u0 {flg=0x10000000 cmp=com.android.settings/.cyanogenmod.superuser.RequestActivity (has extras)} from uid 0 on display 0
01-06 06:02:15.036  2149  4763 V WindowManager: addAppToken: AppWindowToken{1bffead6 token=Token{1da7bef1 ActivityRecord{36163698 u0 com.android.settings/.cyanogenmod.superuser.RequestActivity t1111}}} to stack=1 task=1111 at 0
01-06 06:02:15.046 17813 17813 D AndroidRuntime: Shutting down VM
01-06 06:02:15.059  2149  2377 I ActivityManager: Start proc 17829:com.android.settings:superuser/1000 for activity com.android.settings/.cyanogenmod.superuser.RequestActivity
01-06 06:02:15.070 17829 17829 I ActivityThread: Switching default density from 160 to 240
01-06 06:02:15.072  2149  3042 I ActivityManager: START u0 {flg=0x10800000 cmp=com.android.settings/.cyanogenmod.superuser.MultitaskSuRequestActivity (has extras)} from uid 1000 on display 0
01-06 06:02:15.072  2149  3042 V WindowManager: addAppToken: AppWindowToken{de8592d token=Token{a842444 ActivityRecord{1d086157 u0 com.android.settings/.cyanogenmod.superuser.MultitaskSuRequestActivity t1111}}} to stack=1 task=1111 at 1
01-06 06:02:15.124 17829 17852 D OpenGLRenderer: Use EGL_SWAP_BEHAVIOR_PRESERVED: true
01-06 06:02:15.125 17829 17829 I GRALLOC-DRM: create intel for driver i915
01-06 06:02:15.125 17829 17829 D Atlas   : Validating map...
01-06 06:02:15.126  2149  8057 V WindowManager: Based on layer: Adding window Window{1b697eae u0 com.android.settings/com.android.settings.cyanogenmod.superuser.MultitaskSuRequestActivity} at 7 of 13
01-06 06:02:15.156  2149 17056 W ActivityManager: getTasks: caller 10115 does not hold REAL_GET_TASKS; limiting output
01-06 06:02:15.167 17829 17852 I EGL-DRI2: DRI2: found extension DRI_Core version 1
01-06 06:02:15.167 17829 17852 I EGL-DRI2: DRI2: found extension DRI_DRI2 version 4
01-06 06:02:15.178 17829 17852 I EGL-DRI2: DRI2: found extension DRI_TexBuffer version 3
01-06 06:02:15.178 17829 17852 I EGL-DRI2: DRI2: found extension DRI2_Flush version 4
01-06 06:02:15.178 17829 17852 I EGL-DRI2: DRI2: found extension DRI_IMAGE version 11
01-06 06:02:15.178 17829 17852 I OpenGLRenderer: Initialized EGL, version 1.4
01-06 06:02:15.178 17829 17852 W OpenGLRenderer: Failed to choose config with EGL_SWAP_BEHAVIOR_PRESERVED, retrying without...
01-06 06:02:15.182 17829 17852 D OpenGLRenderer: Enabling debug mode 0
01-06 06:02:15.188 17124 17124 W IInputConnectionWrapper: showStatusIcon on inactive InputConnection
01-06 06:02:15.252  2149  2180 I ActivityManager: Displayed com.android.settings/.cyanogenmod.superuser.MultitaskSuRequestActivity: +179ms (total +206ms)
01-06 06:02:16.076  2267  2267 W ResourceType: No package identifier when getting value for resource number 0x00000000
01-06 06:02:16.076  2267  2267 W PackageManager: Failure retrieving resources for com.wandoujia.phoenix2: Resource ID #0x0
01-06 06:02:16.158  2149  8057 W ActivityManager: getTasks: caller 10115 does not hold REAL_GET_TASKS; limiting output
01-06 06:02:17.160  2149 17057 W ActivityManager: getTasks: caller 10115 does not hold REAL_GET_TASKS; limiting output
01-06 06:02:18.162  2149  2377 W ActivityManager: getTasks: caller 10115 does not hold REAL_GET_TASKS; limiting output
01-06 06:02:18.554  2149  2220 D TaskPersister: removeObsoleteFile: deleting file=1110_task.xml
01-06 06:02:18.554  2149  2220 D TaskPersister: removeObsoleteFile: deleting file=1110_task_thumbnail.png
01-06 06:02:18.554  2149  2220 D TaskPersister: removeObsoleteFile: deleting file=1078_task_thumbnail.png
01-06 06:02:19.007 17853 17853 W linker  : [vdso]: unused DT entry: type 0x6ffffef5 arg 0x160
01-06 06:02:19.164  2149 17056 W ActivityManager: getTasks: caller 10115 does not hold REAL_GET_TASKS; limiting output
01-06 06:02:19.264  2149  2209 W AudioTrack: AUDIO_OUTPUT_FLAG_FAST denied by client
01-06 06:02:19.276  1876  2146 D audio_hw_primary: found out /dev/snd/pcmC0D0p
01-06 06:02:20.167  2149  4763 W ActivityManager: getTasks: caller 10115 does not hold REAL_GET_TASKS; limiting output
01-06 06:02:20.590  2149  2209 W AudioTrack: AUDIO_OUTPUT_FLAG_FAST denied by client
01-06 06:02:20.593 17812 17812 W linker  : [vdso]: unused DT entry: type 0x6ffffef5 arg 0x160
01-06 06:02:20.598 17859 17859 W linker  : [vdso]: unused DT entry: type 0x6ffffef5 arg 0x160
01-06 06:02:20.614 17860 17860 W linker  : [vdso]: unused DT entry: type 0x6ffffef5 arg 0x160
01-06 06:02:20.622 17856 17856 W linker  : [vdso]: unused DT entry: type 0x6ffffef5 arg 0x160
01-06 06:02:20.624 17856 17856 D AndroidRuntime: >>>>>> START com.android.internal.os.RuntimeInit uid 0 <<<<<<
01-06 06:02:20.624 17856 17856 D AndroidRuntime: CheckJNI is ON
01-06 06:02:20.637 17856 17856 W         : Failed to bind-mount /system/lib64/x86_64/cpuinfo as /proc/cpuinfo: No such file or directory
01-06 06:02:20.637 17856 17856 E         : Cannot create code cache directory ./code_cache: Read-only file system.
01-06 06:02:20.641 17860 17860 W linker  : [vdso]: unused DT entry: type 0x6ffffef5 arg 0x160
01-06 06:02:20.643 17860 17860 D AndroidRuntime: >>>>>> START com.android.internal.os.RuntimeInit uid 0 <<<<<<
01-06 06:02:20.643 17860 17860 D AndroidRuntime: CheckJNI is ON
01-06 06:02:20.644 17856 17856 E memtrack: Couldn't load memtrack module (No such file or directory)
01-06 06:02:20.644 17856 17856 E android.os.Debug: failed to load memtrack module: -2
01-06 06:02:20.648 17856 17856 D AndroidRuntime: Calling main entry com.android.commands.am.Am
01-06 06:02:20.668  2149  2175 I ActivityManager: Start proc 17876:com.android.settings/1000 for broadcast com.android.settings/.cyanogenmod.superuser.SuReceiver
01-06 06:02:20.672  1879  1879 I art     : Explicit concurrent mark sweep GC freed 709(30KB) AllocSpace objects, 0(0B) LOS objects, 39% free, 1950KB/3MB, paused 36us total 4.065ms
01-06 06:02:20.675  1879  1879 I art     : Explicit concurrent mark sweep GC freed 5(160B) AllocSpace objects, 0(0B) LOS objects, 39% free, 1950KB/3MB, paused 26us total 3.341ms
01-06 06:02:20.678  1879  1879 I art     : Explicit concurrent mark sweep GC freed 5(160B) AllocSpace objects, 0(0B) LOS objects, 39% free, 1950KB/3MB, paused 33us total 2.905ms
01-06 06:02:20.679 17876 17876 I ActivityThread: Switching default density from 160 to 240
01-06 06:02:20.681 17860 17860 W         : Failed to bind-mount /system/lib64/x86_64/cpuinfo as /proc/cpuinfo: No such file or directory
01-06 06:02:20.681 17860 17860 E         : Cannot create code cache directory ./code_cache: Read-only file system.
01-06 06:02:20.687 17860 17860 E memtrack: Couldn't load memtrack module (No such file or directory)
01-06 06:02:20.687 17860 17860 E android.os.Debug: failed to load memtrack module: -2
01-06 06:02:20.692 17860 17860 D AndroidRuntime: Calling main entry com.android.commands.pm.Pm
01-06 06:02:20.697  3816  4880 D DefContainer: Copying /storage/emulated/0/wandoujia/app/2048益智_1452060133928.apk to base.apk
01-06 06:02:20.701  2149  2184 W PackageParser: Unknown element under <manifest>: meta-data at /data/app/vmdl158491661.tmp/base.apk Binary XML file line #16
01-06 06:02:20.745  2149  2184 D PackageManager: Renaming /data/app/vmdl158491661.tmp to /data/app/com.digiplex.game-1
01-06 06:02:20.774  2149  2184 I PackageManager: Running dexopt on: /data/app/com.digiplex.game-1/base.apk pkg=com.digiplex.game isa=x86_64 vmSafeMode=false
01-06 06:02:20.783 17914 17914 W linker  : [vdso]: unused DT entry: type 0x6ffffef5 arg 0xec
01-06 06:02:20.784 17914 17914 E cutils-trace: Error opening trace file: Permission denied (13)
01-06 06:02:20.784 17914 17914 I dex2oat : /system/bin/dex2oat --zip-fd=5 --zip-location=/data/app/com.digiplex.game-1/base.apk --oat-fd=6 --oat-location=/data/dalvik-cache/x86_64/data@app@com.digiplex.game-1@base.apk@classes.dex --instruction-set=x86_64 --instruction-set-features=default --runtime-arg -Xms64m --runtime-arg -Xmx512m --compiler-filter=interpret-only --swap-fd=7
01-06 06:02:20.815 17856 17856 D AndroidRuntime: Shutting down VM
01-06 06:02:20.815 17876 17916 D OpenGLRenderer: Use EGL_SWAP_BEHAVIOR_PRESERVED: true
01-06 06:02:20.816 17876 17876 I GRALLOC-DRM: create intel for driver i915
01-06 06:02:20.816 17876 17876 D Atlas   : Validating map...
01-06 06:02:20.846 17914 17914 I dex2oat : Decided to run without swap.
01-06 06:02:20.847 17876 17916 I EGL-DRI2: DRI2: found extension DRI_Core version 1
01-06 06:02:20.847 17876 17916 I EGL-DRI2: DRI2: found extension DRI_DRI2 version 4
01-06 06:02:20.850 17876 17916 I EGL-DRI2: DRI2: found extension DRI_TexBuffer version 3
01-06 06:02:20.850 17876 17916 I EGL-DRI2: DRI2: found extension DRI2_Flush version 4
01-06 06:02:20.850 17876 17916 I EGL-DRI2: DRI2: found extension DRI_IMAGE version 11
01-06 06:02:20.850 17876 17916 I OpenGLRenderer: Initialized EGL, version 1.4
01-06 06:02:20.850 17876 17916 W OpenGLRenderer: Failed to choose config with EGL_SWAP_BEHAVIOR_PRESERVED, retrying without...
01-06 06:02:20.851 17876 17916 D OpenGLRenderer: Enabling debug mode 0
01-06 06:02:21.029  1868  1868 W SurfaceFlinger: couldn't log to binary event log: overflow.
01-06 06:02:21.109 17914 17914 I dex2oat : dex2oat took 324.878ms (threads: 8) arena alloc=0B java alloc=6MB native alloc=784KB free=7MB
01-06 06:02:21.257  2149  8057 W ActivityManager: getTasks: caller 10115 does not hold REAL_GET_TASKS; limiting output
01-06 06:02:21.257  2149  2184 V BackupManagerService: restoreAtInstall pkg=com.digiplex.game token=11 restoreSet=0
01-06 06:02:21.257  2149  2184 V BackupManagerService: Finishing install immediately
01-06 06:02:21.257  2149  2184 W Settings: Setting install_non_market_apps has moved from android.provider.Settings.Global to android.provider.Settings.Secure, returning read-only value.
01-06 06:02:21.259  9248  9248 I plugin  : com.digiplex.game install
01-06 06:02:21.259  2149  2175 W BroadcastQueue: Unable to launch app com.kiloo.subwaysurf/10115 for broadcast Intent { act=android.intent.action.PACKAGE_ADDED dat=package:com.digiplex.game flg=0x4000010 (has extras) }: process is bad
01-06 06:02:21.262  2149  2191 I InputReader: Reconfiguring input devices.  changes=0x00000010
01-06 06:02:21.283  2149  4763 I ActivityManager: Start proc 17929:com.svox.pico/u0a18 for broadcast com.svox.pico/.VoiceDataInstallerReceiver
01-06 06:02:21.299 17929 17929 I ActivityThread: Switching default density from 160 to 240
01-06 06:02:21.310  2149  2184 I art     : Explicit concurrent mark sweep GC freed 34950(2MB) AllocSpace objects, 12(360KB) LOS objects, 33% free, 16MB/24MB, paused 1.366ms total 52.774ms
01-06 06:02:21.311 17860 17860 I art     : System.exit called, status: 0
01-06 06:02:21.311 17860 17860 I AndroidRuntime: VM exiting with result code 0.
01-06 06:02:21.326  2149  2149 D BackupManagerService: Received broadcast Intent { act=android.intent.action.PACKAGE_ADDED dat=package:com.digiplex.game flg=0x4000010 (has extras) }
01-06 06:02:21.333  2149  2377 I ActivityManager: Start proc 17953:com.android.gallery3d/u0a24 for broadcast com.android.gallery3d/.app.PackagesMonitor
01-06 06:02:21.334  2149  2174 W VoiceInteractionManagerService: no available voice recognition services found for user 0
01-06 06:02:21.355 17953 17953 I ActivityThread: Switching default density from 160 to 240
01-06 06:02:21.368  2349  2349 I Launcher: Deferring update until onResume
01-06 06:02:21.369 14378 14378 W System.err: android.content.pm.PackageManager$NameNotFoundException
01-06 06:02:21.369 14378 14378 W System.err: 	at android.app.ApplicationPackageManager.getApplicationInfo(ApplicationPackageManager.java:281)
01-06 06:02:21.369 14378 14378 W System.err: 	at com.duoku.platform.single.l.g.a(Unknown Source)
01-06 06:02:21.369 14378 14378 W System.err: 	at com.duoku.platform.single.gameplus.broadcast.GPNotificaionReceiver.onReceive(Unknown Source)
01-06 06:02:21.369 14378 14378 W System.err: 	at android.app.ActivityThread.handleReceiver(ActivityThread.java:2609)
01-06 06:02:21.369 14378 14378 W System.err: 	at android.app.ActivityThread.access$1700(ActivityThread.java:151)
01-06 06:02:21.369 14378 14378 W System.err: 	at android.app.ActivityThread$H.handleMessage(ActivityThread.java:1380)
01-06 06:02:21.369 14378 14378 W System.err: 	at android.os.Handler.dispatchMessage(Handler.java:102)
01-06 06:02:21.369 14378 14378 W System.err: 	at android.os.Looper.loop(Looper.java:135)
01-06 06:02:21.369 14378 14378 W System.err: 	at android.app.ActivityThread.main(ActivityThread.java:5254)
01-06 06:02:21.369 14378 14378 W System.err: 	at java.lang.reflect.Method.invoke(Native Method)
01-06 06:02:21.369 14378 14378 W System.err: 	at java.lang.reflect.Method.invoke(Method.java:372)
01-06 06:02:21.369 14378 14378 W System.err: 	at com.android.internal.os.ZygoteInit$MethodAndArgsCaller.run(ZygoteInit.java:903)
01-06 06:02:21.369 14378 14378 W System.err: 	at com.android.internal.os.ZygoteInit.main(ZygoteInit.java:698)
01-06 06:02:21.371  2149 17057 W ActivityManager: getTasks: caller 10117 does not hold REAL_GET_TASKS; limiting output
01-06 06:02:21.372  2149  2377 I ActivityManager: START u0 {flg=0x10800000 cmp=com.estrongs.android.pop/.app.InstallMonitorActivity (has extras)} from uid 10117 on display 0
01-06 06:02:21.374  2149  2377 V WindowManager: addAppToken: AppWindowToken{26f05846 token=Token{18e8bc21 ActivityRecord{16d52a88 u0 com.estrongs.android.pop/.app.InstallMonitorActivity t1112}}} to stack=1 task=1112 at 0
01-06 06:02:21.390  2149  8057 W ActivityManager: getRunningAppProcesses: caller 10117 does not hold REAL_GET_TASKS; limiting output
01-06 06:02:21.391  2149  2377 W ActivityManager: getRunningAppProcesses: caller 10117 does not hold REAL_GET_TASKS; limiting output
01-06 06:02:21.454  2349  2349 I Launcher: Deferring update until onResume
01-06 06:02:21.493  2149  2169 W InputMethodManagerService: Window already focused, ignoring focus gain of: com.android.internal.view.IInputMethodClient$Stub$Proxy@1b5f1a07 attribute=null, token = android.os.BinderProxy@8089c05
01-06 06:02:21.494  2149  8057 W ActivityManager: getRunningAppProcesses: caller 10117 does not hold REAL_GET_TASKS; limiting output
01-06 06:02:21.501 10668 10668 W System.err: android.content.pm.PackageManager$NameNotFoundException
01-06 06:02:21.501 10668 10668 W System.err: 	at android.app.ApplicationPackageManager.getApplicationInfo(ApplicationPackageManager.java:281)
01-06 06:02:21.501 10668 10668 W System.err: 	at com.duoku.platform.single.l.g.a(Unknown Source)
01-06 06:02:21.501 10668 10668 W System.err: 	at com.duoku.platform.single.gameplus.broadcast.GPNotificaionReceiver.onReceive(Unknown Source)
01-06 06:02:21.501 10668 10668 W System.err: 	at android.app.ActivityThread.handleReceiver(ActivityThread.java:2609)
01-06 06:02:21.501 10668 10668 W System.err: 	at android.app.ActivityThread.access$1700(ActivityThread.java:151)
01-06 06:02:21.501 10668 10668 W System.err: 	at android.app.ActivityThread$H.handleMessage(ActivityThread.java:1380)
01-06 06:02:21.501 10668 10668 W System.err: 	at android.os.Handler.dispatchMessage(Handler.java:102)
01-06 06:02:21.501 10668 10668 W System.err: 	at android.os.Looper.loop(Looper.java:135)
01-06 06:02:21.501 10668 10668 W System.err: 	at android.app.ActivityThread.main(ActivityThread.java:5254)
01-06 06:02:21.501 10668 10668 W System.err: 	at java.lang.reflect.Method.invoke(Native Method)
01-06 06:02:21.501 10668 10668 W System.err: 	at java.lang.reflect.Method.invoke(Method.java:372)
01-06 06:02:21.501 10668 10668 W System.err: 	at com.android.internal.os.ZygoteInit$MethodAndArgsCaller.run(ZygoteInit.java:903)
01-06 06:02:21.501 10668 10668 W System.err: 	at com.android.internal.os.ZygoteInit.main(ZygoteInit.java:698)
01-06 06:02:21.520  2149 15843 I ActivityManager: Killing 14570:sogou.mobile.explorer.hotwords/u0a123 (adj 15): empty #17
01-06 06:02:21.560  2149  9351 I ActivityManager: Start proc 17985:com.halfbrick.fruitninja:egameCore/u0a118 for service com.halfbrick.fruitninja/cn.egame.terminal.sdk.EgameCoreService
01-06 06:02:21.562  2349  2369 E DatabaseUtils: Writing exception to parcel
01-06 06:02:21.562  2349  2369 E DatabaseUtils: java.lang.SecurityException: Permission Denial: writing com.android.launcher3.LauncherProvider uri content://com.android.launcher3.settings/favorites/10?notify=true from pid=17124, uid=10124 requires com.android.launcher3.permission.WRITE_SETTINGS, or grantUriPermission()
01-06 06:02:21.562  2349  2369 E DatabaseUtils: 	at android.content.ContentProvider.enforceWritePermissionInner(ContentProvider.java:604)
01-06 06:02:21.562  2349  2369 E DatabaseUtils: 	at android.content.ContentProvider$Transport.enforceWritePermission(ContentProvider.java:461)
01-06 06:02:21.562  2349  2369 E DatabaseUtils: 	at android.content.ContentProvider$Transport.update(ContentProvider.java:323)
01-06 06:02:21.562  2349  2369 E DatabaseUtils: 	at android.content.ContentProviderNative.onTransact(ContentProviderNative.java:222)
01-06 06:02:21.562  2349  2369 E DatabaseUtils: 	at android.os.Binder.execTransact(Binder.java:446)
01-06 06:02:21.584  2149  3044 I ActivityManager: Start proc 18007:sogou.mobile.explorer.hotwords/u0a123 for broadcast com.sohu.inputmethod.sogou/sogou.mobile.explorer.hotwords.browser.SogouBrowserInstallReceiver
01-06 06:02:21.587 17985 17985 I ActivityThread: Switching default density from 160 to 240
01-06 06:02:21.592 17985 17985 D SkynetApi: onApplicationCreate
01-06 06:02:21.593 17985 17985 W System.err: java.lang.ClassNotFoundException: com.skynet.android.uc.UC
01-06 06:02:21.593 17985 17985 W System.err: 	at java.lang.Class.classForName(Native Method)
01-06 06:02:21.593 17985 17985 W System.err: 	at java.lang.Class.forName(Class.java:309)
01-06 06:02:21.593 17985 17985 W System.err: 	at java.lang.Class.forName(Class.java:273)
01-06 06:02:21.593 17985 17985 W System.err: 	at com.skynet.android.Skynet.invoke(SourceFile:4060)
01-06 06:02:21.593 17985 17985 W System.err: 	at com.skynet.android.Skynet.onApplicationCreate(SourceFile:3542)
01-06 06:02:21.593 17985 17985 W System.err: 	at com.halfbrick.mortar.MortarApplication.onCreate(MortarApplication.java:29)
01-06 06:02:21.593 17985 17985 W System.err: 	at android.app.Instrumentation.callApplicationOnCreate(Instrumentation.java:1012)
01-06 06:02:21.593 17985 17985 W System.err: 	at android.app.ActivityThread.handleBindApplication(ActivityThread.java:4553)
01-06 06:02:21.593 17985 17985 W System.err: 	at android.app.ActivityThread.access$1500(ActivityThread.java:151)
01-06 06:02:21.593 17985 17985 W System.err: 	at android.app.ActivityThread$H.handleMessage(ActivityThread.java:1364)
01-06 06:02:21.593 17985 17985 W System.err: 	at android.os.Handler.dispatchMessage(Handler.java:102)
01-06 06:02:21.593 17985 17985 W System.err: 	at android.os.Looper.loop(Looper.java:135)
01-06 06:02:21.593 17985 17985 W System.err: 	at android.app.ActivityThread.main(ActivityThread.java:5254)
01-06 06:02:21.593 17985 17985 W System.err: 	at java.lang.reflect.Method.invoke(Native Method)
01-06 06:02:21.593 17985 17985 W System.err: 	at java.lang.reflect.Method.invoke(Method.java:372)
01-06 06:02:21.593 17985 17985 W System.err: 	at com.android.internal.os.ZygoteInit$MethodAndArgsCaller.run(ZygoteInit.java:903)
01-06 06:02:21.593 17985 17985 W System.err: 	at com.android.internal.os.ZygoteInit.main(ZygoteInit.java:698)
01-06 06:02:21.593 17985 17985 W System.err: Caused by: java.lang.ClassNotFoundException: Didn't find class "com.skynet.android.uc.UC" on path: DexPathList[[zip file "/data/app/com.halfbrick.fruitninja-1/base.apk"],nativeLibraryDirectories=[/data/app/com.halfbrick.fruitninja-1/lib/x86, /vendor/lib, /system/lib]]
01-06 06:02:21.593 17985 17985 W System.err: 	at dalvik.system.BaseDexClassLoader.findClass(BaseDexClassLoader.java:56)
01-06 06:02:21.593 17985 17985 W System.err: 	at java.lang.ClassLoader.loadClass(ClassLoader.java:511)
01-06 06:02:21.593 17985 17985 W System.err: 	at java.lang.ClassLoader.loadClass(ClassLoader.java:469)
01-06 06:02:21.593 17985 17985 W System.err: 	... 17 more
01-06 06:02:21.593 17985 17985 W System.err: 	Suppressed: java.lang.ClassNotFoundException: com.skynet.android.uc.UC
01-06 06:02:21.593 17985 17985 W System.err: 		at java.lang.Class.classForName(Native Method)
01-06 06:02:21.593 17985 17985 W System.err: 		at java.lang.BootClassLoader.findClass(ClassLoader.java:781)
01-06 06:02:21.593 17985 17985 W System.err: 		at java.lang.BootClassLoader.loadClass(ClassLoader.java:841)
01-06 06:02:21.593 17985 17985 W System.err: 		at java.lang.ClassLoader.loadClass(ClassLoader.java:504)
01-06 06:02:21.593 17985 17985 W System.err: 		... 18 more
01-06 06:02:21.593 17985 17985 W System.err: 	Caused by: java.lang.NoClassDefFoundError: Class not found using the boot class loader; no stack available
01-06 06:02:21.594 17985 17985 W System.err: java.lang.ClassNotFoundException: com.gionee.game.offlinesdk.GamePlatform
01-06 06:02:21.594 17985 17985 W System.err: 	at java.lang.Class.classForName(Native Method)
01-06 06:02:21.594 17985 17985 W System.err: 	at java.lang.Class.forName(Class.java:309)
01-06 06:02:21.594 17985 17985 W System.err: 	at com.skynet.android.amigo.Amigo.isEnable(SourceFile:27)
01-06 06:02:21.594 17985 17985 W System.err: 	at com.skynet.android.amigo.Amigo.onApplicationCreate(SourceFile:17)
01-06 06:02:21.594 17985 17985 W System.err: 	at java.lang.reflect.Method.invoke(Native Method)
01-06 06:02:21.594 17985 17985 W System.err: 	at java.lang.reflect.Method.invoke(Method.java:372)
01-06 06:02:21.594 17985 17985 W System.err: 	at com.skynet.android.Skynet.invoke(SourceFile:4068)
01-06 06:02:21.594 17985 17985 W System.err: 	at com.skynet.android.Skynet.onApplicationCreate(SourceFile:3544)
01-06 06:02:21.594 17985 17985 W System.err: 	at com.halfbrick.mortar.MortarApplication.onCreate(MortarApplication.java:29)
01-06 06:02:21.594 17985 17985 W System.err: 	at android.app.Instrumentation.callApplicationOnCreate(Instrumentation.java:1012)
01-06 06:02:21.594 17985 17985 W System.err: 	at android.app.ActivityThread.handleBindApplication(ActivityThread.java:4553)
01-06 06:02:21.594 17985 17985 W System.err: 	at android.app.ActivityThread.access$1500(ActivityThread.java:151)
01-06 06:02:21.594 17985 17985 W System.err: 	at android.app.ActivityThread$H.handleMessage(ActivityThread.java:1364)
01-06 06:02:21.594 17985 17985 W System.err: 	at android.os.Handler.dispatchMessage(Handler.java:102)
01-06 06:02:21.594 17985 17985 W System.err: 	at android.os.Looper.loop(Looper.java:135)
01-06 06:02:21.594 17985 17985 W System.err: 	at android.app.ActivityThread.main(ActivityThread.java:5254)
01-06 06:02:21.594 17985 17985 W System.err: 	at java.lang.reflect.Method.invoke(Native Method)
01-06 06:02:21.594 17985 17985 W System.err: 	at java.lang.reflect.Method.invoke(Method.java:372)
01-06 06:02:21.594 17985 17985 W System.err: 	at com.android.internal.os.ZygoteInit$MethodAndArgsCaller.run(ZygoteInit.java:903)
01-06 06:02:21.594 17985 17985 W System.err: 	at com.android.internal.os.ZygoteInit.main(ZygoteInit.java:698)
01-06 06:02:21.594 17985 17985 W System.err: Caused by: java.lang.ClassNotFoundException: Didn't find class "com.gionee.game.offlinesdk.GamePlatform" on path: DexPathList[[zip file "/data/app/com.halfbrick.fruitninja-1/base.apk"],nativeLibraryDirectories=[/data/app/com.halfbrick.fruitninja-1/lib/x86, /vendor/lib, /system/lib]]
01-06 06:02:21.595 17985 17985 W System.err: 	at dalvik.system.BaseDexClassLoader.findClass(BaseDexClassLoader.java:56)
01-06 06:02:21.595 17985 17985 W System.err: 	at java.lang.ClassLoader.loadClass(ClassLoader.java:511)
01-06 06:02:21.595 17985 17985 W System.err: 	at java.lang.ClassLoader.loadClass(ClassLoader.java:469)
01-06 06:02:21.595 17985 17985 W System.err: 	... 20 more
01-06 06:02:21.595 17985 17985 W System.err: 	Suppressed: java.lang.ClassNotFoundException: com.gionee.game.offlinesdk.GamePlatform
01-06 06:02:21.595 17985 17985 W System.err: 		at java.lang.Class.classForName(Native Method)
01-06 06:02:21.595 17985 17985 W System.err: 		at java.lang.BootClassLoader.findClass(ClassLoader.java:781)
01-06 06:02:21.595 17985 17985 W System.err: 		at java.lang.BootClassLoader.loadClass(ClassLoader.java:841)
01-06 06:02:21.595 17985 17985 W System.err: 		at java.lang.ClassLoader.loadClass(ClassLoader.java:504)
01-06 06:02:21.595 17985 17985 W System.err: 		... 21 more
01-06 06:02:21.595 17985 17985 W System.err: 	Caused by: java.lang.NoClassDefFoundError: Class not found using the boot class loader; no stack available
01-06 06:02:21.595  2149  3044 W ActivityManager: getRunningAppProcesses: caller 10118 does not hold REAL_GET_TASKS; limiting output
01-06 06:02:21.596 17985 17985 D AndroidRuntime: Shutting down VM
01-06 06:02:21.596 17985 17985 E AndroidRuntime: FATAL EXCEPTION: main
01-06 06:02:21.596 17985 17985 E AndroidRuntime: Process: com.halfbrick.fruitninja:egameCore, PID: 17985
01-06 06:02:21.596 17985 17985 E AndroidRuntime: java.lang.UnsatisfiedLinkError: dalvik.system.PathClassLoader[DexPathList[[zip file "/data/app/com.halfbrick.fruitninja-1/base.apk"],nativeLibraryDirectories=[/data/app/com.halfbrick.fruitninja-1/lib/x86, /vendor/lib, /system/lib]]] couldn't find "libegamepay_dr2.so"
01-06 06:02:21.596 17985 17985 E AndroidRuntime: 	at java.lang.Runtime.loadLibrary(Runtime.java:366)
01-06 06:02:21.596 17985 17985 E AndroidRuntime: 	at java.lang.System.loadLibrary(System.java:988)
01-06 06:02:21.596 17985 17985 E AndroidRuntime: 	at cn.egame.terminal.sdk.jni.EgamePayProtocol.<clinit>(EgamePayProtocol.java:25)
01-06 06:02:21.596 17985 17985 E AndroidRuntime: 	at cn.egame.terminal.sdk.jni.EgamePayProtocol.initCore(Native Method)
01-06 06:02:21.596 17985 17985 E AndroidRuntime: 	at cn.egame.terminal.sdk.EgameCoreService.onCreate(EgameCoreService.java:74)
01-06 06:02:21.596 17985 17985 E AndroidRuntime: 	at android.app.ActivityThread.handleCreateService(ActivityThread.java:2761)
01-06 06:02:21.596 17985 17985 E AndroidRuntime: 	at android.app.ActivityThread.access$1800(ActivityThread.java:151)
01-06 06:02:21.596 17985 17985 E AndroidRuntime: 	at android.app.ActivityThread$H.handleMessage(ActivityThread.java:1386)
01-06 06:02:21.596 17985 17985 E AndroidRuntime: 	at android.os.Handler.dispatchMessage(Handler.java:102)
01-06 06:02:21.596 17985 17985 E AndroidRuntime: 	at android.os.Looper.loop(Looper.java:135)
01-06 06:02:21.596 17985 17985 E AndroidRuntime: 	at android.app.ActivityThread.main(ActivityThread.java:5254)
01-06 06:02:21.596 17985 17985 E AndroidRuntime: 	at java.lang.reflect.Method.invoke(Native Method)
01-06 06:02:21.596 17985 17985 E AndroidRuntime: 	at java.lang.reflect.Method.invoke(Method.java:372)
01-06 06:02:21.596 17985 17985 E AndroidRuntime: 	at com.android.internal.os.ZygoteInit$MethodAndArgsCaller.run(ZygoteInit.java:903)
01-06 06:02:21.596 17985 17985 E AndroidRuntime: 	at com.android.internal.os.ZygoteInit.main(ZygoteInit.java:698)
01-06 06:02:21.607 18007 18007 I ActivityThread: Switching default density from 160 to 240
01-06 06:02:21.615  2149  3128 W ActivityManager: getRunningAppProcesses: caller 10123 does not hold REAL_GET_TASKS; limiting output
01-06 06:02:21.622  2149  2377 I ActivityManager: Killing 16415:org.mozilla.firefox/u0a119 (adj 15): empty #17
