12-14 08:51:44.828  1691  1691 E Minikin : addFont failed to create font /system/fonts/NotoSansGujarati-Bold.ttf
12-14 08:51:44.828  1690  1690 E Minikin : addFont failed to create font /system/fonts/NotoSansGujaratiUI-Bold.ttf
12-14 08:51:44.828  1691  1691 E Minikin : addFont failed to create font /system/fonts/NotoSansGujaratiUI-Regular.ttf
12-14 08:51:44.828  1691  1691 E Minikin : addFont failed to create font /system/fonts/NotoSansGujaratiUI-Bold.ttf
12-14 08:51:44.828  1690  1690 E Minikin : addFont failed to create font /system/fonts/NotoSansGurmukhi-Regular.ttf
12-14 08:51:44.828  1691  1691 E Minikin : addFont failed to create font /system/fonts/NotoSansGurmukhi-Regular.ttf
12-14 08:51:44.828  1690  1690 E Minikin : addFont failed to create font /system/fonts/NotoSansGurmukhi-Bold.ttf
12-14 08:51:44.828  1691  1691 E Minikin : addFont failed to create font /system/fonts/NotoSansGurmukhi-Bold.ttf
12-14 08:51:44.828  1691  1691 E Minikin : addFont failed to create font /system/fonts/NotoSansGurmukhiUI-Regular.ttf
12-14 08:51:44.828  1690  1690 E Minikin : addFont failed to create font /system/fonts/NotoSansGurmukhiUI-Regular.ttf
12-14 08:51:44.828  1691  1691 E Minikin : addFont failed to create font /system/fonts/NotoSansGurmukhiUI-Bold.ttf
12-14 08:51:44.828  1690  1690 E Minikin : addFont failed to create font /system/fonts/NotoSansGurmukhiUI-Bold.ttf
12-14 08:51:44.836  1690  1690 E Minikin : addFont failed to create font /system/fonts/NotoSansSinhala-Regular.ttf
12-14 08:51:44.836  1690  1690 E Minikin : addFont failed to create font /system/fonts/NotoSansSinhala-Bold.ttf
12-14 08:51:44.836  1691  1691 E Minikin : addFont failed to create font /system/fonts/NotoSansSinhala-Regular.ttf
12-14 08:51:44.836  1691  1691 E Minikin : addFont failed to create font /system/fonts/NotoSansSinhala-Bold.ttf
12-14 08:51:44.840  1691  1691 E Minikin : addFont failed to create font /system/fonts/NotoSansThaana-Regular.ttf
12-14 08:51:44.840  1690  1690 E Minikin : addFont failed to create font /system/fonts/NotoSansThaana-Regular.ttf
12-14 08:51:44.840  1691  1691 E Minikin : addFont failed to create font /system/fonts/NotoSansThaana-Bold.ttf
12-14 08:51:44.840  1690  1690 E Minikin : addFont failed to create font /system/fonts/NotoSansThaana-Bold.ttf
12-14 08:51:44.840  1691  1691 E Minikin : addFont failed to create font /system/fonts/NotoSansCham-Regular.ttf
12-14 08:51:44.840  1690  1690 E Minikin : addFont failed to create font /system/fonts/NotoSansCham-Regular.ttf
12-14 08:51:44.840  1691  1691 E Minikin : addFont failed to create font /system/fonts/NotoSansCham-Bold.ttf
12-14 08:51:44.840  1690  1690 E Minikin : addFont failed to create font /system/fonts/NotoSansCham-Bold.ttf
12-14 08:51:44.840  1691  1691 E Minikin : addFont failed to create font /system/fonts/NotoSansBalinese-Regular.ttf
12-14 08:51:44.840  1690  1690 E Minikin : addFont failed to create font /system/fonts/NotoSansBalinese-Regular.ttf
12-14 08:51:44.840  1691  1691 E Minikin : addFont failed to create font /system/fonts/NotoSansBatak-Regular.ttf
12-14 08:51:44.840  1690  1690 E Minikin : addFont failed to create font /system/fonts/NotoSansBatak-Regular.ttf
12-14 08:51:44.840  1691  1691 E Minikin : addFont failed to create font /system/fonts/NotoSansBuginese-Regular.ttf
12-14 08:51:44.840  1690  1690 E Minikin : addFont failed to create font /system/fonts/NotoSansBuginese-Regular.ttf
12-14 08:51:44.840  1691  1691 E Minikin : addFont failed to create font /system/fonts/NotoSansBuhid-Regular.ttf
12-14 08:51:44.840  1690  1690 E Minikin : addFont failed to create font /system/fonts/NotoSansBuhid-Regular.ttf
12-14 08:51:44.840  1691  1691 E Minikin : addFont failed to create font /system/fonts/NotoSansCanadianAboriginal-Regular.ttf
12-14 08:51:44.840  1691  1691 E Minikin : addFont failed to create font /system/fonts/NotoSansCherokee-Regular.ttf
12-14 08:51:44.840  1690  1690 E Minikin : addFont failed to create font /system/fonts/NotoSansCanadianAboriginal-Regular.ttf
12-14 08:51:44.840  1691  1691 E Minikin : addFont failed to create font /system/fonts/NotoSansCoptic-Regular.ttf
12-14 08:51:44.840  1690  1690 E Minikin : addFont failed to create font /system/fonts/NotoSansCherokee-Regular.ttf
12-14 08:51:44.840  1691  1691 E Minikin : addFont failed to create font /system/fonts/NotoSansGlagolitic-Regular.ttf
12-14 08:51:44.840  1690  1690 E Minikin : addFont failed to create font /system/fonts/NotoSansCoptic-Regular.ttf
12-14 08:51:44.840  1691  1691 E Minikin : addFont failed to create font /system/fonts/NotoSansHanunoo-Regular.ttf
12-14 08:51:44.840  1690  1690 E Minikin : addFont failed to create font /system/fonts/NotoSansGlagolitic-Regular.ttf
12-14 08:51:44.840  1691  1691 E Minikin : addFont failed to create font /system/fonts/NotoSansJavanese-Regular.ttf
12-14 08:51:44.840  1691  1691 E Minikin : addFont failed to create font /system/fonts/NotoSansKayahLi-Regular.ttf
12-14 08:51:44.840  1690  1690 E Minikin : addFont failed to create font /system/fonts/NotoSansHanunoo-Regular.ttf
12-14 08:51:44.841  1691  1691 E Minikin : addFont failed to create font /system/fonts/NotoSansLepcha-Regular.ttf
12-14 08:51:44.841  1690  1690 E Minikin : addFont failed to create font /system/fonts/NotoSansJavanese-Regular.ttf
12-14 08:51:44.841  1691  1691 E Minikin : addFont failed to create font /system/fonts/NotoSansLimbu-Regular.ttf
12-14 08:51:44.841  1690  1690 E Minikin : addFont failed to create font /system/fonts/NotoSansKayahLi-Regular.ttf
12-14 08:51:44.841  1691  1691 E Minikin : addFont failed to create font /system/fonts/NotoSansMeeteiMayek-Regular.ttf
12-14 08:51:44.841  1690  1690 E Minikin : addFont failed to create font /system/fonts/NotoSansLepcha-Regular.ttf
12-14 08:51:44.841  1691  1691 E Minikin : addFont failed to create font /system/fonts/NotoSansOlChiki-Regular.ttf
12-14 08:51:44.841  1691  1691 E Minikin : addFont failed to create font /system/fonts/NotoSansRejang-Regular.ttf
12-14 08:51:44.841  1690  1690 E Minikin : addFont failed to create font /system/fonts/NotoSansLimbu-Regular.ttf
12-14 08:51:44.841  1691  1691 E Minikin : addFont failed to create font /system/fonts/NotoSansSaurashtra-Regular.ttf
12-14 08:51:44.841  1690  1690 E Minikin : addFont failed to create font /system/fonts/NotoSansMeeteiMayek-Regular.ttf
12-14 08:51:44.841  1691  1691 E Minikin : addFont failed to create font /system/fonts/NotoSansSundanese-Regular.ttf
12-14 08:51:44.841  1690  1690 E Minikin : addFont failed to create font /system/fonts/NotoSansOlChiki-Regular.ttf
12-14 08:51:44.841  1691  1691 E Minikin : addFont failed to create font /system/fonts/NotoSansSylotiNagri-Regular.ttf
12-14 08:51:44.841  1691  1691 E Minikin : addFont failed to create font /system/fonts/NotoSansTagbanwa-Regular.ttf
12-14 08:51:44.841  1690  1690 E Minikin : addFont failed to create font /system/fonts/NotoSansRejang-Regular.ttf
12-14 08:51:44.841  1691  1691 E Minikin : addFont failed to create font /system/fonts/NotoSansTaiTham-Regular.ttf
12-14 08:51:44.841  1690  1690 E Minikin : addFont failed to create font /system/fonts/NotoSansSaurashtra-Regular.ttf
12-14 08:51:44.841  1691  1691 E Minikin : addFont failed to create font /system/fonts/NotoSansTaiViet-Regular.ttf
12-14 08:51:44.841  1690  1690 E Minikin : addFont failed to create font /system/fonts/NotoSansSundanese-Regular.ttf
12-14 08:51:44.841  1691  1691 E Minikin : addFont failed to create font /system/fonts/NotoSansTifinagh-Regular.ttf
12-14 08:51:44.841  1690  1690 E Minikin : addFont failed to create font /system/fonts/NotoSansSylotiNagri-Regular.ttf
12-14 08:51:44.841  1691  1691 E Minikin : addFont failed to create font /system/fonts/NotoSansYi-Regular.ttf
12-14 08:51:44.841  1690  1690 E Minikin : addFont failed to create font /system/fonts/NotoSansTagbanwa-Regular.ttf
12-14 08:51:44.841  1690  1690 E Minikin : addFont failed to create font /system/fonts/NotoSansTaiTham-Regular.ttf
12-14 08:51:44.841  1691  1691 E Minikin : addFont failed to create font /system/fonts/Lohit-Odia.ttf
12-14 08:51:44.841  1690  1690 E Minikin : addFont failed to create font /system/fonts/NotoSansTaiViet-Regular.ttf
12-14 08:51:44.841  1691  1691 E Minikin : addFont failed to create font /system/fonts/NotoSansHans-Regular.otf
12-14 08:51:44.841  1690  1690 E Minikin : addFont failed to create font /system/fonts/NotoSansTifinagh-Regular.ttf
12-14 08:51:44.841  1691  1691 E Minikin : addFont failed to create font /system/fonts/NotoSansHant-Regular.otf
12-14 08:51:44.841  1690  1690 E Minikin : addFont failed to create font /system/fonts/NotoSansYi-Regular.ttf
12-14 08:51:44.841  1690  1690 E Minikin : addFont failed to create font /system/fonts/Lohit-Odia.ttf
12-14 08:51:44.841  1691  1691 E Minikin : addFont failed to create font /system/fonts/NotoSansJP-Regular.otf
12-14 08:51:44.841  1691  1691 E Minikin : addFont failed to create font /system/fonts/NotoSansKR-Regular.otf
12-14 08:51:44.841  1690  1690 E Minikin : addFont failed to create font /system/fonts/NotoSansHans-Regular.otf
12-14 08:51:44.841  1690  1690 E Minikin : addFont failed to create font /system/fonts/NotoSansHant-Regular.otf
12-14 08:51:44.841  1690  1690 E Minikin : addFont failed to create font /system/fonts/NotoSansJP-Regular.otf
12-14 08:51:44.841  1690  1690 E Minikin : addFont failed to create font /system/fonts/NotoSansKR-Regular.otf
12-14 08:51:44.845  1690  1690 E Minikin : addFont failed to create font /system/fonts/NotoSansTaiLe-Regular.ttf
12-14 08:51:44.845  1691  1691 E Minikin : addFont failed to create font /system/fonts/NotoSansTaiLe-Regular.ttf
12-14 08:51:44.864  1690  1690 I art     : Explicit concurrent mark sweep GC freed 1798(129KB) AllocSpace objects, 0(0B) LOS objects, 89% free, 117KB/1141KB, paused 32us total 1.697ms
12-14 08:51:44.864  1691  1691 I art     : Explicit concurrent mark sweep GC freed 1798(129KB) AllocSpace objects, 0(0B) LOS objects, 89% free, 113KB/1137KB, paused 48us total 2.163ms
12-14 08:51:44.873  1690  1690 I art     : Explicit concurrent mark sweep GC freed 1933(92KB) AllocSpace objects, 0(0B) LOS objects, 86% free, 161KB/1185KB, paused 35us total 2.007ms
12-14 08:51:44.875  1691  1691 I art     : Explicit concurrent mark sweep GC freed 1933(92KB) AllocSpace objects, 0(0B) LOS objects, 86% free, 154KB/1178KB, paused 47us total 2.470ms
12-14 08:51:44.876  1690  1690 I art     : Explicit concurrent mark sweep GC freed 1977(87KB) AllocSpace objects, 0(0B) LOS objects, 83% free, 198KB/1222KB, paused 33us total 1.914ms
12-14 08:51:44.879  1691  1691 I art     : Explicit concurrent mark sweep GC freed 1977(87KB) AllocSpace objects, 0(0B) LOS objects, 84% free, 189KB/1213KB, paused 49us total 2.500ms
12-14 08:51:44.880  1690  1690 I art     : Explicit concurrent mark sweep GC freed 371(19KB) AllocSpace objects, 0(0B) LOS objects, 81% free, 234KB/1258KB, paused 29us total 1.957ms
12-14 08:51:44.883  1691  1691 I art     : Explicit concurrent mark sweep GC freed 371(19KB) AllocSpace objects, 0(0B) LOS objects, 82% free, 222KB/1246KB, paused 45us total 2.315ms
12-14 08:51:44.903  1691  1691 I art     : Thread[1,tid=1691,WaitingForJniOnLoad,Thread*=0xf3c25800,peer=0x12c31160,"main"] recursive attempt to load library "/system/lib/libmedia_jni.so"
12-14 08:51:44.903  1691  1691 D MtpDeviceJNI: register_android_mtp_MtpDevice
12-14 08:51:44.904  1691  1691 I art     : Thread[1,tid=1691,WaitingForJniOnLoad,Thread*=0xf3c25800,peer=0x12c31160,"main"] recursive attempt to load library "/system/lib/libmedia_jni.so"
12-14 08:51:44.904  1691  1691 I art     : Thread[1,tid=1691,WaitingForJniOnLoad,Thread*=0xf3c25800,peer=0x12c31160,"main"] recursive attempt to load library "/system/lib/libmedia_jni.so"
12-14 08:51:44.908  1690  1690 I art     : Thread[1,tid=1690,WaitingForJniOnLoad,Thread*=0x7f2d38c95000,peer=0x12c31100,"main"] recursive attempt to load library "/system/lib64/libmedia_jni.so"
12-14 08:51:44.908  1690  1690 D MtpDeviceJNI: register_android_mtp_MtpDevice
12-14 08:51:44.908  1690  1690 I art     : Thread[1,tid=1690,WaitingForJniOnLoad,Thread*=0x7f2d38c95000,peer=0x12c31100,"main"] recursive attempt to load library "/system/lib64/libmedia_jni.so"
12-14 08:51:44.908  1690  1690 I art     : Thread[1,tid=1690,WaitingForJniOnLoad,Thread*=0x7f2d38c95000,peer=0x12c31100,"main"] recursive attempt to load library "/system/lib64/libmedia_jni.so"
12-14 08:51:44.912  1691  1691 I art     : Explicit concurrent mark sweep GC freed 661(37KB) AllocSpace objects, 0(0B) LOS objects, 80% free, 244KB/1268KB, paused 47us total 2.512ms
12-14 08:51:44.915  1690  1690 I art     : Explicit concurrent mark sweep GC freed 641(36KB) AllocSpace objects, 0(0B) LOS objects, 80% free, 246KB/1270KB, paused 29us total 2.086ms
12-14 08:51:44.924  1690  1690 I art     : Explicit concurrent mark sweep GC freed 429(20KB) AllocSpace objects, 0(0B) LOS objects, 78% free, 275KB/1299KB, paused 26us total 1.890ms
12-14 08:51:44.925  1691  1691 I art     : Explicit concurrent mark sweep GC freed 573(29KB) AllocSpace objects, 0(0B) LOS objects, 79% free, 264KB/1288KB, paused 46us total 2.331ms
12-14 08:51:44.931  1691  1691 I art     : Explicit concurrent mark sweep GC freed 459(27KB) AllocSpace objects, 0(0B) LOS objects, 77% free, 303KB/1327KB, paused 44us total 1.820ms
12-14 08:51:44.933  1690  1690 I art     : Explicit concurrent mark sweep GC freed 543(30KB) AllocSpace objects, 0(0B) LOS objects, 77% free, 302KB/1326KB, paused 30us total 1.909ms
12-14 08:51:44.943  1691  1691 I art     : Explicit concurrent mark sweep GC freed 1788(104KB) AllocSpace objects, 0(0B) LOS objects, 69% free, 453KB/1477KB, paused 45us total 2.170ms
12-14 08:51:44.945  1690  1690 I art     : Explicit concurrent mark sweep GC freed 1868(110KB) AllocSpace objects, 0(0B) LOS objects, 68% free, 467KB/1491KB, paused 26us total 1.715ms
12-14 08:51:44.946  1691  1691 E EmojiFactory_jni: Failed to load libemoji.so: dlopen failed: library "libemoji.so" not found
12-14 08:51:44.949  1690  1690 E EmojiFactory_jni: Failed to load libemoji.so: dlopen failed: library "libemoji.so" not found
12-14 08:51:44.954  1691  1691 I art     : Explicit concurrent mark sweep GC freed 350(45KB) AllocSpace objects, 0(0B) LOS objects, 57% free, 750KB/1774KB, paused 38us total 2.704ms
12-14 08:51:44.956  1690  1690 I art     : Explicit concurrent mark sweep GC freed 350(45KB) AllocSpace objects, 0(0B) LOS objects, 57% free, 766KB/1790KB, paused 40us total 2.875ms
12-14 08:51:44.959  1691  1691 I art     : Explicit concurrent mark sweep GC freed 438(30KB) AllocSpace objects, 0(0B) LOS objects, 57% free, 768KB/1792KB, paused 39us total 2.035ms
12-14 08:51:44.961  1690  1690 I art     : Explicit concurrent mark sweep GC freed 438(30KB) AllocSpace objects, 0(0B) LOS objects, 56% free, 785KB/1809KB, paused 25us total 1.781ms
12-14 08:51:44.969  1691  1691 I art     : Explicit concurrent mark sweep GC freed 789(49KB) AllocSpace objects, 0(0B) LOS objects, 57% free, 770KB/1794KB, paused 38us total 1.865ms
12-14 08:51:44.970  1690  1690 I art     : Explicit concurrent mark sweep GC freed 789(49KB) AllocSpace objects, 0(0B) LOS objects, 56% free, 786KB/1810KB, paused 26us total 1.611ms
12-14 08:51:44.980  1690  1690 I art     : Explicit concurrent mark sweep GC freed 956(105KB) AllocSpace objects, 0(0B) LOS objects, 55% free, 830KB/1854KB, paused 28us total 1.959ms
12-14 08:51:44.981  1691  1691 I art     : Explicit concurrent mark sweep GC freed 956(105KB) AllocSpace objects, 0(0B) LOS objects, 55% free, 813KB/1837KB, paused 45us total 2.279ms
12-14 08:51:44.989  1690  1690 I art     : Explicit concurrent mark sweep GC freed 597(42KB) AllocSpace objects, 0(0B) LOS objects, 55% free, 837KB/1861KB, paused 23us total 1.603ms
12-14 08:51:44.990  1691  1691 I art     : Explicit concurrent mark sweep GC freed 597(42KB) AllocSpace objects, 0(0B) LOS objects, 55% free, 820KB/1844KB, paused 53us total 1.934ms
12-14 08:51:44.998  1690  1690 I art     : Explicit concurrent mark sweep GC freed 265(20KB) AllocSpace objects, 0(0B) LOS objects, 54% free, 866KB/1890KB, paused 33us total 2.049ms
12-14 08:51:45.001  1691  1691 I art     : Explicit concurrent mark sweep GC freed 265(20KB) AllocSpace objects, 0(0B) LOS objects, 54% free, 848KB/1872KB, paused 37us total 1.772ms
12-14 08:51:45.013  1690  1690 I art     : Explicit concurrent mark sweep GC freed 22(896B) AllocSpace objects, 0(0B) LOS objects, 45% free, 1245KB/2MB, paused 26us total 2.119ms
12-14 08:51:45.016  1691  1691 I art     : Explicit concurrent mark sweep GC freed 14(640B) AllocSpace objects, 0(0B) LOS objects, 45% free, 1227KB/2MB, paused 40us total 2.103ms
12-14 08:51:45.016  1690  1690 I art     : Explicit concurrent mark sweep GC freed 565(32KB) AllocSpace objects, 0(0B) LOS objects, 44% free, 1261KB/2MB, paused 26us total 2.001ms
12-14 08:51:45.020  1691  1691 I art     : Explicit concurrent mark sweep GC freed 572(33KB) AllocSpace objects, 0(0B) LOS objects, 45% free, 1243KB/2MB, paused 42us total 2.245ms
12-14 08:51:45.020  1690  1690 I art     : Explicit concurrent mark sweep GC freed 734(45KB) AllocSpace objects, 0(0B) LOS objects, 44% free, 1265KB/2MB, paused 28us total 1.891ms
12-14 08:51:45.024  1691  1691 I art     : Explicit concurrent mark sweep GC freed 741(45KB) AllocSpace objects, 0(0B) LOS objects, 45% free, 1246KB/2MB, paused 38us total 2.213ms
12-14 08:51:45.032  1690  1690 I System  : Loaded time zone names for "" in 11ms (11ms in ICU)
12-14 08:51:45.035  1691  1691 I System  : Loaded time zone names for "" in 11ms (10ms in ICU)
12-14 08:51:45.039  1690  1690 I System  : Loaded time zone names for "en_US" in 7ms (7ms in ICU)
12-14 08:51:45.041  1690  1690 I art     : Explicit concurrent mark sweep GC freed 2359(179KB) AllocSpace objects, 0(0B) LOS objects, 41% free, 1423KB/2MB, paused 31us total 2.102ms
12-14 08:51:45.043  1691  1691 I System  : Loaded time zone names for "en_US" in 8ms (7ms in ICU)
12-14 08:51:45.044  1690  1690 I art     : Explicit concurrent mark sweep GC freed 136(12KB) AllocSpace objects, 0(0B) LOS objects, 40% free, 1488KB/2MB, paused 29us total 2.218ms
12-14 08:51:45.045  1691  1691 I art     : Explicit concurrent mark sweep GC freed 2345(178KB) AllocSpace objects, 0(0B) LOS objects, 42% free, 1405KB/2MB, paused 46us total 2.555ms
12-14 08:51:45.049  1690  1690 I art     : Explicit concurrent mark sweep GC freed 288(24KB) AllocSpace objects, 0(0B) LOS objects, 39% free, 1540KB/2MB, paused 28us total 2.182ms
12-14 08:51:45.049  1691  1691 I art     : Explicit concurrent mark sweep GC freed 136(12KB) AllocSpace objects, 0(0B) LOS objects, 41% free, 1470KB/2MB, paused 42us total 2.288ms
12-14 08:51:45.053  1690  1690 I art     : Explicit concurrent mark sweep GC freed 679(47KB) AllocSpace objects, 0(0B) LOS objects, 39% free, 1542KB/2MB, paused 32us total 2.077ms
12-14 08:51:45.053  1690  1690 I Zygote  : ...preloaded 3005 classes in 312ms.
12-14 08:51:45.053  1690  1690 I art     : VMRuntime.preloadDexCaches starting
12-14 08:51:45.054  1691  1691 I art     : Explicit concurrent mark sweep GC freed 288(24KB) AllocSpace objects, 0(0B) LOS objects, 40% free, 1515KB/2MB, paused 43us total 2.517ms
12-14 08:51:45.059  1691  1691 I art     : Explicit concurrent mark sweep GC freed 679(47KB) AllocSpace objects, 0(0B) LOS objects, 40% free, 1517KB/2MB, paused 40us total 2.332ms
12-14 08:51:45.059  1691  1691 I Zygote  : ...preloaded 3005 classes in 319ms.
12-14 08:51:45.059  1691  1691 I art     : VMRuntime.preloadDexCaches starting
12-14 08:51:45.067  1690  1690 I art     : VMRuntime.preloadDexCaches strings total=214670 before=39013 after=39013
12-14 08:51:45.067  1690  1690 I art     : VMRuntime.preloadDexCaches types total=18345 before=6389 after=6425
12-14 08:51:45.067  1690  1690 I art     : VMRuntime.preloadDexCaches fields total=85577 before=32264 after=32598
12-14 08:51:45.067  1690  1690 I art     : VMRuntime.preloadDexCaches methods total=151791 before=66839 after=67740
12-14 08:51:45.067  1690  1690 I art     : VMRuntime.preloadDexCaches finished
12-14 08:51:45.067  1690  1690 I art     : Counter: 0
12-14 08:51:45.067  1690  1690 I art     : Counter: 1
12-14 08:51:45.070  1690  1690 I art     : Explicit concurrent mark sweep GC freed 61(15KB) AllocSpace objects, 0(0B) LOS objects, 40% free, 1528KB/2MB, paused 22us total 2.600ms
12-14 08:51:45.072  1691  1691 I art     : VMRuntime.preloadDexCaches strings total=214670 before=39013 after=39013
12-14 08:51:45.072  1691  1691 I art     : VMRuntime.preloadDexCaches types total=18345 before=6389 after=6425
12-14 08:51:45.072  1691  1691 I art     : VMRuntime.preloadDexCaches fields total=85577 before=32264 after=32598
12-14 08:51:45.072  1691  1691 I art     : VMRuntime.preloadDexCaches methods total=151791 before=66839 after=67740
12-14 08:51:45.072  1691  1691 I art     : VMRuntime.preloadDexCaches finished
12-14 08:51:45.072  1691  1691 I art     : Counter: 0
12-14 08:51:45.072  1691  1691 I art     : Counter: 1
12-14 08:51:45.075  1946  1946 W linker  : [vdso]: unused DT entry: type 0x6ffffef5 arg 0x160
12-14 08:51:45.075  1946  1946 D idmap   : error: no read access to /vendor/overlay: No such file or directory
12-14 08:51:45.075  1691  1691 I art     : Explicit concurrent mark sweep GC freed 61(15KB) AllocSpace objects, 0(0B) LOS objects, 40% free, 1503KB/2MB, paused 36us total 2.965ms
12-14 08:51:45.079  1947  1947 W linker  : [vdso]: unused DT entry: type 0x6ffffef5 arg 0x160
12-14 08:51:45.079  1947  1947 D idmap   : error: no read access to /vendor/overlay: No such file or directory
12-14 08:51:45.088  1690  1690 I Zygote  : Preloading resources...
12-14 08:51:45.089  1691  1691 I Zygote  : Preloading resources...
12-14 08:51:45.096  1690  1690 I art     : Explicit concurrent mark sweep GC freed 86(3KB) AllocSpace objects, 0(0B) LOS objects, 39% free, 1577KB/2MB, paused 25us total 2.259ms
12-14 08:51:45.096  1691  1691 I art     : Explicit concurrent mark sweep GC freed 86(3KB) AllocSpace objects, 0(0B) LOS objects, 39% free, 1551KB/2MB, paused 43us total 2.570ms
12-14 08:51:45.099  1690  1690 I art     : Explicit concurrent mark sweep GC freed 89(4KB) AllocSpace objects, 0(0B) LOS objects, 39% free, 1623KB/2MB, paused 23us total 1.947ms
12-14 08:51:45.100  1691  1691 I art     : Explicit concurrent mark sweep GC freed 89(4KB) AllocSpace objects, 0(0B) LOS objects, 39% free, 1598KB/2MB, paused 40us total 2.235ms
12-14 08:51:45.104  1690  1690 I art     : Explicit concurrent mark sweep GC freed 115(5KB) AllocSpace objects, 0(0B) LOS objects, 40% free, 1667KB/2MB, paused 27us total 1.972ms
12-14 08:51:45.104  1691  1691 I art     : Explicit concurrent mark sweep GC freed 122(5KB) AllocSpace objects, 0(0B) LOS objects, 39% free, 1646KB/2MB, paused 43us total 2.263ms
12-14 08:51:45.107  1690  1690 I art     : Explicit concurrent mark sweep GC freed 99(4KB) AllocSpace objects, 0(0B) LOS objects, 40% free, 1713KB/2MB, paused 30us total 2.112ms
12-14 08:51:45.108  1691  1691 I art     : Explicit concurrent mark sweep GC freed 101(4KB) AllocSpace objects, 0(0B) LOS objects, 40% free, 1691KB/2MB, paused 40us total 2.361ms
12-14 08:51:45.110  1690  1690 I art     : Explicit concurrent mark sweep GC freed 94(4KB) AllocSpace objects, 0(0B) LOS objects, 39% free, 1757KB/2MB, paused 25us total 1.987ms
12-14 08:51:45.111  1691  1691 I art     : Explicit concurrent mark sweep GC freed 93(4KB) AllocSpace objects, 0(0B) LOS objects, 39% free, 1735KB/2MB, paused 40us total 2.278ms
12-14 08:51:45.115  1690  1690 I art     : Explicit concurrent mark sweep GC freed 102(4KB) AllocSpace objects, 0(0B) LOS objects, 39% free, 1804KB/2MB, paused 29us total 2.211ms
12-14 08:51:45.115  1691  1691 I art     : Explicit concurrent mark sweep GC freed 103(4KB) AllocSpace objects, 0(0B) LOS objects, 40% free, 1782KB/2MB, paused 42us total 2.446ms
12-14 08:51:45.119  1690  1690 I art     : Explicit concurrent mark sweep GC freed 112(5KB) AllocSpace objects, 0(0B) LOS objects, 39% free, 1849KB/3MB, paused 27us total 2.037ms
12-14 08:51:45.119  1691  1691 I art     : Explicit concurrent mark sweep GC freed 112(5KB) AllocSpace objects, 0(0B) LOS objects, 40% free, 1827KB/2MB, paused 44us total 2.301ms
12-14 08:51:45.122  1690  1690 I art     : Explicit concurrent mark sweep GC freed 118(5KB) AllocSpace objects, 0(0B) LOS objects, 39% free, 1896KB/3MB, paused 26us total 2.017ms
12-14 08:51:45.123  1691  1691 I art     : Explicit concurrent mark sweep GC freed 117(5KB) AllocSpace objects, 0(0B) LOS objects, 39% free, 1874KB/3MB, paused 42us total 2.325ms
12-14 08:51:45.126  1690  1690 I art     : Explicit concurrent mark sweep GC freed 108(5KB) AllocSpace objects, 0(0B) LOS objects, 40% free, 1944KB/3MB, paused 27us total 2.068ms
12-14 08:51:45.127  1691  1691 I art     : Explicit concurrent mark sweep GC freed 108(5KB) AllocSpace objects, 0(0B) LOS objects, 39% free, 1922KB/3MB, paused 39us total 2.348ms
12-14 08:51:45.131  1690  1690 I art     : Explicit concurrent mark sweep GC freed 153(6KB) AllocSpace objects, 0(0B) LOS objects, 39% free, 2020KB/3MB, paused 26us total 2.118ms
12-14 08:51:45.132  1691  1691 I art     : Explicit concurrent mark sweep GC freed 147(6KB) AllocSpace objects, 0(0B) LOS objects, 39% free, 1993KB/3MB, paused 41us total 2.388ms
12-14 08:51:45.135  1690  1690 I art     : Explicit concurrent mark sweep GC freed 138(6KB) AllocSpace objects, 0(0B) LOS objects, 39% free, 2MB/3MB, paused 25us total 2.060ms
12-14 08:51:45.136  1691  1691 I art     : Explicit concurrent mark sweep GC freed 136(5KB) AllocSpace objects, 0(0B) LOS objects, 39% free, 2036KB/3MB, paused 41us total 2.341ms
12-14 08:51:45.139  1690  1690 I art     : Explicit concurrent mark sweep GC freed 84(7KB) AllocSpace objects, 0(0B) LOS objects, 39% free, 2MB/3MB, paused 26us total 2.059ms
12-14 08:51:45.139  1691  1691 I art     : Explicit concurrent mark sweep GC freed 84(7KB) AllocSpace objects, 0(0B) LOS objects, 39% free, 2MB/3MB, paused 41us total 2.344ms
12-14 08:51:45.143  1690  1690 I art     : Explicit concurrent mark sweep GC freed 112(4KB) AllocSpace objects, 0(0B) LOS objects, 39% free, 2MB/3MB, paused 25us total 2.090ms
12-14 08:51:45.143  1691  1691 I art     : Explicit concurrent mark sweep GC freed 112(4KB) AllocSpace objects, 0(0B) LOS objects, 39% free, 2MB/3MB, paused 41us total 2.419ms
12-14 08:51:45.147  1690  1690 I art     : Explicit concurrent mark sweep GC freed 135(5KB) AllocSpace objects, 0(0B) LOS objects, 39% free, 2MB/3MB, paused 26us total 2.088ms
12-14 08:51:45.147  1691  1691 I art     : Explicit concurrent mark sweep GC freed 135(5KB) AllocSpace objects, 0(0B) LOS objects, 39% free, 2MB/3MB, paused 41us total 2.389ms
12-14 08:51:45.149  1690  1690 I art     : Explicit concurrent mark sweep GC freed 62(2752B) AllocSpace objects, 0(0B) LOS objects, 40% free, 2MB/3MB, paused 27us total 2.067ms
12-14 08:51:45.150  1691  1691 I art     : Explicit concurrent mark sweep GC freed 62(2752B) AllocSpace objects, 0(0B) LOS objects, 39% free, 2MB/3MB, paused 42us total 2.378ms
12-14 08:51:45.155  1690  1690 I art     : Explicit concurrent mark sweep GC freed 111(4KB) AllocSpace objects, 0(0B) LOS objects, 39% free, 2MB/4MB, paused 27us total 2.104ms
12-14 08:51:45.155  1691  1691 I art     : Explicit concurrent mark sweep GC freed 111(4KB) AllocSpace objects, 0(0B) LOS objects, 39% free, 2MB/4MB, paused 43us total 2.433ms
12-14 08:51:45.159  1690  1690 I art     : Explicit concurrent mark sweep GC freed 206(9KB) AllocSpace objects, 0(0B) LOS objects, 39% free, 2MB/4MB, paused 26us total 2.154ms
12-14 08:51:45.160  1691  1691 I art     : Explicit concurrent mark sweep GC freed 206(9KB) AllocSpace objects, 0(0B) LOS objects, 39% free, 2MB/4MB, paused 43us total 2.469ms
12-14 08:51:45.164  1690  1690 I art     : Explicit concurrent mark sweep GC freed 370(16KB) AllocSpace objects, 0(0B) LOS objects, 39% free, 2MB/4MB, paused 27us total 2.157ms
12-14 08:51:45.165  1691  1691 I art     : Explicit concurrent mark sweep GC freed 370(16KB) AllocSpace objects, 0(0B) LOS objects, 40% free, 2MB/4MB, paused 42us total 2.450ms
12-14 08:51:45.169  1690  1690 I art     : Explicit concurrent mark sweep GC freed 214(9KB) AllocSpace objects, 0(0B) LOS objects, 40% free, 2MB/4MB, paused 28us total 2.171ms
12-14 08:51:45.169  1691  1691 I art     : Explicit concurrent mark sweep GC freed 214(9KB) AllocSpace objects, 0(0B) LOS objects, 39% free, 2MB/4MB, paused 46us total 2.457ms
12-14 08:51:45.172  1690  1690 I art     : Explicit concurrent mark sweep GC freed 112(6KB) AllocSpace objects, 0(0B) LOS objects, 40% free, 2MB/4MB, paused 30us total 2.172ms
12-14 08:51:45.173  1691  1691 I art     : Explicit concurrent mark sweep GC freed 112(6KB) AllocSpace objects, 0(0B) LOS objects, 39% free, 2MB/4MB, paused 44us total 2.450ms
12-14 08:51:45.176  1690  1690 I art     : Explicit concurrent mark sweep GC freed 113(5KB) AllocSpace objects, 0(0B) LOS objects, 40% free, 2MB/4MB, paused 26us total 2.154ms
12-14 08:51:45.177  1691  1691 I art     : Explicit concurrent mark sweep GC freed 113(5KB) AllocSpace objects, 0(0B) LOS objects, 40% free, 2MB/4MB, paused 44us total 2.455ms
12-14 08:51:45.179  1690  1690 I art     : Explicit concurrent mark sweep GC freed 49(8KB) AllocSpace objects, 0(0B) LOS objects, 39% free, 2MB/4MB, paused 26us total 2.147ms
12-14 08:51:45.180  1691  1691 I art     : Explicit concurrent mark sweep GC freed 49(8KB) AllocSpace objects, 0(0B) LOS objects, 39% free, 2MB/4MB, paused 42us total 2.448ms
12-14 08:51:45.183  1690  1690 I art     : Explicit concurrent mark sweep GC freed 101(4KB) AllocSpace objects, 0(0B) LOS objects, 40% free, 2MB/4MB, paused 26us total 2.172ms
12-14 08:51:45.184  1691  1691 I art     : Explicit concurrent mark sweep GC freed 101(4KB) AllocSpace objects, 0(0B) LOS objects, 39% free, 2MB/4MB, paused 42us total 2.476ms
12-14 08:51:45.187  1690  1690 I art     : Explicit concurrent mark sweep GC freed 105(4KB) AllocSpace objects, 0(0B) LOS objects, 39% free, 2MB/4MB, paused 27us total 2.183ms
12-14 08:51:45.188  1691  1691 I art     : Explicit concurrent mark sweep GC freed 105(4KB) AllocSpace objects, 0(0B) LOS objects, 39% free, 2MB/4MB, paused 43us total 2.495ms
12-14 08:51:45.190  1690  1690 I art     : Explicit concurrent mark sweep GC freed 99(4KB) AllocSpace objects, 0(0B) LOS objects, 39% free, 2MB/4MB, paused 29us total 2.197ms
12-14 08:51:45.191  1691  1691 I art     : Explicit concurrent mark sweep GC freed 99(4KB) AllocSpace objects, 0(0B) LOS objects, 39% free, 2MB/4MB, paused 42us total 2.499ms
12-14 08:51:45.195  1690  1690 I art     : Explicit concurrent mark sweep GC freed 172(7KB) AllocSpace objects, 0(0B) LOS objects, 39% free, 2MB/4MB, paused 28us total 2.344ms
12-14 08:51:45.197  1691  1691 I art     : Explicit concurrent mark sweep GC freed 172(7KB) AllocSpace objects, 0(0B) LOS objects, 40% free, 2MB/4MB, paused 45us total 2.540ms
12-14 08:51:45.203  1690  1690 I art     : Explicit concurrent mark sweep GC freed 417(18KB) AllocSpace objects, 0(0B) LOS objects, 39% free, 3MB/5MB, paused 28us total 2.276ms
12-14 08:51:45.206  1691  1691 I art     : Explicit concurrent mark sweep GC freed 417(18KB) AllocSpace objects, 0(0B) LOS objects, 39% free, 3MB/5MB, paused 47us total 2.576ms
12-14 08:51:45.209  1690  1690 I art     : Explicit concurrent mark sweep GC freed 363(16KB) AllocSpace objects, 0(0B) LOS objects, 39% free, 3MB/5MB, paused 29us total 2.289ms
12-14 08:51:45.213  1691  1691 I art     : Explicit concurrent mark sweep GC freed 363(16KB) AllocSpace objects, 0(0B) LOS objects, 39% free, 3MB/5MB, paused 48us total 2.920ms
12-14 08:51:45.214  1690  1690 I art     : Explicit concurrent mark sweep GC freed 174(8KB) AllocSpace objects, 0(0B) LOS objects, 39% free, 3MB/5MB, paused 30us total 2.468ms
12-14 08:51:45.218  1690  1690 I art     : Explicit concurrent mark sweep GC freed 515(19KB) AllocSpace objects, 0(0B) LOS objects, 39% free, 3MB/5MB, paused 29us total 2.337ms
12-14 08:51:45.218  1691  1691 I art     : Explicit concurrent mark sweep GC freed 174(8KB) AllocSpace objects, 0(0B) LOS objects, 40% free, 3MB/5MB, paused 46us total 2.656ms
12-14 08:51:45.222  1690  1690 I art     : Explicit concurrent mark sweep GC freed 353(14KB) AllocSpace objects, 0(0B) LOS objects, 39% free, 3MB/5MB, paused 30us total 2.329ms
12-14 08:51:45.222  1691  1691 I art     : Explicit concurrent mark sweep GC freed 515(19KB) AllocSpace objects, 0(0B) LOS objects, 39% free, 3MB/5MB, paused 46us total 2.724ms
12-14 08:51:45.225  1690  1690 I art     : Explicit concurrent mark sweep GC freed 1153(40KB) AllocSpace objects, 0(0B) LOS objects, 40% free, 3MB/5MB, paused 29us total 2.346ms
12-14 08:51:45.227  1691  1691 I art     : Explicit concurrent mark sweep GC freed 353(14KB) AllocSpace objects, 0(0B) LOS objects, 40% free, 3MB/5MB, paused 46us total 2.706ms
12-14 08:51:45.228  1690  1690 I art     : Explicit concurrent mark sweep GC freed 1499(50KB) AllocSpace objects, 0(0B) LOS objects, 39% free, 3MB/5MB, paused 29us total 2.388ms
12-14 08:51:45.230  1691  1691 I art     : Explicit concurrent mark sweep GC freed 1153(40KB) AllocSpace objects, 0(0B) LOS objects, 39% free, 3MB/5MB, paused 47us total 2.688ms
12-14 08:51:45.231  1690  1690 I art     : Explicit concurrent mark sweep GC freed 1381(49KB) AllocSpace objects, 0(0B) LOS objects, 40% free, 3MB/5MB, paused 30us total 2.382ms
12-14 08:51:45.234  1691  1691 I art     : Explicit concurrent mark sweep GC freed 1499(50KB) AllocSpace objects, 0(0B) LOS objects, 39% free, 3MB/5MB, paused 46us total 2.716ms
12-14 08:51:45.237  1691  1691 I art     : Explicit concurrent mark sweep GC freed 1381(49KB) AllocSpace objects, 0(0B) LOS objects, 40% free, 3MB/5MB, paused 45us total 2.698ms
12-14 08:51:45.238  1690  1690 I art     : Explicit concurrent mark sweep GC freed 1453(56KB) AllocSpace objects, 0(0B) LOS objects, 39% free, 3MB/5MB, paused 29us total 2.787ms
12-14 08:51:45.242  1690  1690 I art     : Explicit concurrent mark sweep GC freed 603(27KB) AllocSpace objects, 0(0B) LOS objects, 40% free, 3MB/5MB, paused 29us total 2.481ms
12-14 08:51:45.244  1691  1691 I art     : Explicit concurrent mark sweep GC freed 1453(56KB) AllocSpace objects, 0(0B) LOS objects, 40% free, 3MB/5MB, paused 45us total 3.162ms
12-14 08:51:45.246  1690  1690 I art     : Explicit concurrent mark sweep GC freed 344(20KB) AllocSpace objects, 0(0B) LOS objects, 39% free, 3MB/6MB, paused 29us total 2.463ms
12-14 08:51:45.249  1691  1691 I art     : Explicit concurrent mark sweep GC freed 603(27KB) AllocSpace objects, 0(0B) LOS objects, 40% free, 3MB/5MB, paused 47us total 2.780ms
12-14 08:51:45.254  1690  1690 I art     : Explicit concurrent mark sweep GC freed 384(17KB) AllocSpace objects, 0(0B) LOS objects, 39% free, 3MB/6MB, paused 32us total 2.519ms
12-14 08:51:45.254  1691  1691 I art     : Explicit concurrent mark sweep GC freed 344(20KB) AllocSpace objects, 0(0B) LOS objects, 40% free, 3MB/6MB, paused 53us total 2.799ms
12-14 08:51:45.256  1690  1690 I Zygote  : ...preloaded 343 resources in 167ms.
12-14 08:51:45.258  1690  1690 I art     : Explicit concurrent mark sweep GC freed 639(39KB) AllocSpace objects, 0(0B) LOS objects, 39% free, 3MB/6MB, paused 31us total 2.510ms
12-14 08:51:45.260  1690  1690 I Zygote  : ...preloaded 41 resources in 5ms.
12-14 08:51:45.260  1690  1690 I art     : Counter: 0
12-14 08:51:45.260  1690  1690 D libEGL  : loaded /system/lib64/egl/libGLES_mesa.so
12-14 08:51:45.263  1691  1691 I art     : Explicit concurrent mark sweep GC freed 384(17KB) AllocSpace objects, 0(0B) LOS objects, 39% free, 3MB/6MB, paused 48us total 2.802ms
12-14 08:51:45.265  1691  1691 I Zygote  : ...preloaded 343 resources in 176ms.
12-14 08:51:45.267  1691  1691 I art     : Explicit concurrent mark sweep GC freed 639(39KB) AllocSpace objects, 0(0B) LOS objects, 39% free, 3MB/6MB, paused 47us total 2.769ms
12-14 08:51:45.270  1691  1691 I Zygote  : ...preloaded 41 resources in 5ms.
12-14 08:51:45.270  1691  1691 I art     : Counter: 0
12-14 08:51:45.270  1690  1690 I Zygote  : Preloading shared libraries...
12-14 08:51:45.274  1690  1690 D Zygote  : end preload
12-14 08:51:45.274  1691  1691 D libEGL  : loaded /system/lib/egl/libGLES_mesa.so
12-14 08:51:45.277  1690  1690 I art     : Explicit concurrent mark sweep GC freed 450(20KB) AllocSpace objects, 0(0B) LOS objects, 40% free, 3MB/6MB, paused 43us total 3.176ms
12-14 08:51:45.280  1690  1690 I art     : Explicit concurrent mark sweep GC freed 389(16KB) AllocSpace objects, 0(0B) LOS objects, 40% free, 3MB/6MB, paused 39us total 3.326ms
12-14 08:51:45.284  1690  1690 I art     : Explicit concurrent mark sweep GC freed 5(160B) AllocSpace objects, 0(0B) LOS objects, 40% free, 3MB/6MB, paused 39us total 3.257ms
12-14 08:51:45.289  1691  1691 I Zygote  : Preloading shared libraries...
12-14 08:51:45.293  1691  1691 D Zygote  : end preload
12-14 08:51:45.296  1691  1691 I art     : Explicit concurrent mark sweep GC freed 450(20KB) AllocSpace objects, 0(0B) LOS objects, 40% free, 3MB/6MB, paused 85us total 3.556ms
12-14 08:51:45.300  1691  1691 I art     : Explicit concurrent mark sweep GC freed 389(16KB) AllocSpace objects, 0(0B) LOS objects, 40% free, 3MB/6MB, paused 62us total 3.830ms
12-14 08:51:45.304  1691  1691 I art     : Explicit concurrent mark sweep GC freed 5(160B) AllocSpace objects, 0(0B) LOS objects, 40% free, 3MB/6MB, paused 72us total 3.707ms
12-14 08:51:45.304  1691  1691 I Zygote  : Accepting command socket connections
12-14 08:51:45.308  1690  1690 I Zygote  : System server process 1948 has been created
12-14 08:51:45.308  1690  1690 I Zygote  : Accepting command socket connections
12-14 08:51:45.321  1948  1948 I Zygote  : Process: zygote socket opened, supported ABIS: x86,armeabi-v7a,armeabi
12-14 08:51:45.324  1948  1948 I InstallerConnection: disconnecting...
12-14 08:51:45.336  1948  1948 I SystemServer: Entered the Android system server!
12-14 08:51:45.358  1948  1948 V Fingerprint-JNI: FingerprintManager JNI ready.
12-14 08:51:45.358  1948  1948 D SensorService: nuSensorService starting...
12-14 08:51:45.359  1948  1948 D KbdSensor: open_kbd_sensor: id=poll
12-14 08:51:45.359  1948  1948 D KbdSensor: SensorFd: module=0x7f2d32229300 dev=0x7f2d38c66680
12-14 08:51:45.436  1687  1687 I ServiceManager: Waiting for service batterystats...
12-14 08:51:45.460  1948  1948 I KbdSensor: Open AT Translated Set 2 keyboard ok, fd=19
12-14 08:51:45.460  1948  1948 D KbdSensor: SensorPollContext: dev=0x7f2d38c66680 fd=19
12-14 08:51:45.460  1948  1948 D KbdSensor: poll_activate: dev=0x7f2d38c66680 handle=0 enabled=0
12-14 08:51:45.460  1948  1967 D SensorService: nuSensorService thread starting...
12-14 08:51:45.461  1948  1966 D SensorService: new thread SensorEventAckReceiver
12-14 08:51:45.465  1948  1948 I SystemServiceManager: Starting com.android.server.pm.Installer
12-14 08:51:45.468  1948  1948 I Installer: Waiting for installd to be ready.
12-14 08:51:45.468  1948  1948 I InstallerConnection: connecting...
12-14 08:51:45.468  1688  1688 I installd: new connection
12-14 08:51:45.468  1948  1948 I SystemServiceManager: Starting com.android.server.am.ActivityManagerService$Lifecycle
12-14 08:51:45.479  1948  1948 I ActivityManager: Memory class: 192
12-14 08:51:45.514  1948  1948 I IntentFirewall: Read new rules (A:0 B:0 S:0)
12-14 08:51:45.519  1948  1948 D AppOps  : AppOpsService published
12-14 08:51:45.519  1948  1948 I SystemServiceManager: Starting com.android.server.power.PowerManagerService
12-14 08:51:45.522  1948  1948 I libsuspend: Selected early suspend
12-14 08:51:45.522  1948  1948 E libsuspend: Error accessing /sys/power/wait_for_fb_sleep: No such file or directory
12-14 08:51:45.524  1948  1948 I SystemServiceManager: Starting com.android.server.display.DisplayManagerService
12-14 08:51:45.525  1948  1977 E BatteryStatsService: Failed to open /sys/kernel/wakeup_reasons/last_resume_reason
12-14 08:51:45.527  1948  1948 I SystemServiceManager: Starting phase 100
12-14 08:51:45.530  1948  1974 I DisplayManagerService: Display device added: DisplayDeviceInfo{"Built-in Screen": uniqueId="local:0", 1600 x 900, 60.000004 fps, supportedRefreshRates [60.000004], density 160, 131.0 x 134.0 dpi, appVsyncOff 0, presDeadline 17666666, touch INTERNAL, rotation 0, type BUILT_IN, state UNKNOWN, FLAG_DEFAULT_DISPLAY, FLAG_ROTATES_WITH_CONTENT, FLAG_SECURE, FLAG_SUPPORTS_PROTECTED_BUFFERS}
12-14 08:51:45.530  1948  1948 I SystemServer: Package Manager
12-14 08:51:45.539  1948  1948 W SystemConfig: No directory /system/etc/sysconfig, skipping
12-14 08:51:45.561  1948  1948 D SELinuxMMAC: Using policy file /system/etc/security/mac_permissions.xml
12-14 08:51:45.602  1948  1948 D PackageManager: No files in app dir /vendor/overlay
12-14 08:51:45.632  1948  1948 W PackageManager: Failed to parse /system/framework/x86: Missing base APK in /system/framework/x86
12-14 08:51:45.632  1948  1948 W PackageManager: Failed to parse /system/framework/x86_64: Missing base APK in /system/framework/x86_64
12-14 08:51:45.651  1948  1948 W PackageParser: No actions in intent filter at /system/priv-app/Contacts/Contacts.apk Binary XML file line #356
12-14 08:51:45.684  1948  1948 W PackageParser: No actions in intent filter at /system/priv-app/Dialer/Dialer.apk Binary XML file line #166
12-14 08:51:45.884  1948  1948 W ResourceType: Failure getting entry for 0x7f08026f (t=7 e=623) (error -75)
12-14 08:51:45.892  1948  1948 W PackageParser: Unknown element under <intent-filter>: android at /system/priv-app/Telecom/Telecom.apk Binary XML file line #232
12-14 08:51:45.910  1948  1948 W PackageParser: No actions in intent filter at /system/app/AndroidTerm/AndroidTerm.apk Binary XML file line #149
12-14 08:51:45.921  1948  1948 W PackageParser: No actions in intent filter at /system/app/Bluetooth/Bluetooth.apk Binary XML file line #209
12-14 08:51:45.943  1948  1948 W PackageParser: No actions in intent filter at /system/app/CMFileManager/CMFileManager.apk Binary XML file line #166
12-14 08:51:46.042  1948  1948 W PackageParser: Unknown element under <application>: permission at /system/app/Gallery2/Gallery2.apk Binary XML file line #242
12-14 08:51:46.042  1948  1948 W PackageParser: Unknown element under <application>: permission at /system/app/Gallery2/Gallery2.apk Binary XML file line #245
12-14 08:51:46.145  1948  1948 D PackageManager: No files in app dir /system/vendor/app
12-14 08:51:46.145  1948  1948 D PackageManager: No files in app dir /oem/app
12-14 08:51:46.326  1948  1948 D PackageManager: No files in app dir /data/app-private
12-14 08:51:46.326  1948  1948 W PackageManager: Package com.android.gallery3d desires unavailable shared library com.google.android.media.effects; ignoring!
12-14 08:51:46.326  1948  1948 W PackageManager: Package com.android.gallery3d desires unavailable shared library com.google.android.media.effects; ignoring!
12-14 08:51:46.326  1948  1948 I PackageManager: Adjusting ABI for : com.android.keychain to x86_64
12-14 08:51:46.326  1948  1948 I PackageManager: Adjusting ABI for : org.zeroxlab.util.tscal to x86_64
12-14 08:51:46.326  1948  1948 I PackageManager: Adjusting ABI for : com.android.settings to x86_64
12-14 08:51:46.326  1948  1948 I PackageManager: Adjusting ABI for : com.android.location.fused to x86_64
12-14 08:51:46.326  1948  1948 I PackageManager: Adjusting ABI for : com.android.server.telecom to x86_64
12-14 08:51:46.326  1948  1948 I PackageManager: Adjusting ABI for : com.android.inputdevices to x86_64
12-14 08:51:46.327  1948  1948 I PackageManager: Adjusting ABI for : com.android.providers.settings to x86_64
12-14 08:51:46.327  1948  1948 I PackageManager: Time to scan packages: 0.755 seconds
12-14 08:51:46.327  1948  1948 W PackageManager: Unknown permission com.google.android.googleapps.permission.GOOGLE_AUTH in package com.android.providers.calendar
12-14 08:51:46.327  1948  1948 W PackageManager: Unknown permission com.google.android.googleapps.permission.GOOGLE_AUTH.cl in package com.android.providers.calendar
12-14 08:51:46.327  1948  1948 W PackageManager: Not granting permission android.permission.GLOBAL_SEARCH to package com.android.quicksearchbox (protectionLevel=18 flags=0x8be45)
12-14 08:51:46.327  1948  1948 W PackageManager: Not granting permission android.permission.ACCESS_DOWNLOAD_MANAGER to package com.android.browser (protectionLevel=18 flags=0x9be45)
12-14 08:51:46.327  1948  1948 W PackageManager: Not granting permission android.permission.SEND_DOWNLOAD_COMPLETED_INTENTS to package com.android.browser (protectionLevel=2 flags=0x9be45)
12-14 08:51:46.327  1948  1948 W PackageManager: Not granting permission android.permission.BIND_WALLPAPER to package com.android.camera2 (protectionLevel=18 flags=0x58bc45)
12-14 08:51:46.327  1948  1948 W PackageManager: Unknown permission android.permission.INSTALL_DRM in package com.android.mms
12-14 08:51:46.327  1948  1948 W PackageManager: Not granting permission android.permission.BIND_APPWIDGET to package com.android.launcher3 (protectionLevel=18 flags=0x483e45)
12-14 08:51:46.327  1948  1948 W PackageManager: Unknown permission com.android.launcher.permission.READ_SETTINGS in package com.android.launcher3
12-14 08:51:46.327  1948  1948 W PackageManager: Unknown permission com.android.launcher.permission.WRITE_SETTINGS in package com.android.launcher3
12-14 08:51:46.328  1948  1948 W PackageManager: Unknown permission com.google.android.googleapps.permission.GOOGLE_AUTH.mail in package com.android.calendar
12-14 08:51:46.328  1948  1948 W PackageManager: Unknown permission com.android.launcher.permission.READ_SETTINGS in package com.android.onetimeinitializer
12-14 08:51:46.328  1948  1948 W PackageManager: Unknown permission com.android.launcher.permission.WRITE_SETTINGS in package com.android.onetimeinitializer
12-14 08:51:46.328  1948  1948 W PackageManager: Not granting permission android.permission.DELETE_PACKAGES to package com.svox.pico (protectionLevel=18 flags=0x8be45)
12-14 08:51:46.328  1948  1948 W PackageManager: Unknown permission com.cyanogenmod.filemanager.permissions.READ_THEME in package com.cyanogenmod.filemanager
12-14 08:51:46.328  1948  1948 W PackageManager: Unknown permission com.google.android.googleapps.permission.GOOGLE_AUTH in package com.android.settings
12-14 08:51:46.328  1948  1948 W PackageManager: Unknown permission com.android.launcher.permission.READ_SETTINGS in package com.android.settings
12-14 08:51:46.328  1948  1948 W PackageManager: Unknown permission com.android.launcher.permission.WRITE_SETTINGS in package com.android.settings
12-14 08:51:46.328  1948  1948 W PackageManager: Unknown permission com.android.smspush.WAPPUSH_MANAGER_BIND in package com.android.phone
12-14 08:51:46.328  1948  1948 W PackageManager: Not granting permission android.permission.DEVICE_POWER to package com.android.deskclock (protectionLevel=2 flags=0x48be45)
12-14 08:51:46.328  1948  1948 W PackageManager: Unknown permission com.google.android.gallery3d.permission.GALLERY_PROVIDER in package com.android.bluetooth
12-14 08:51:46.328  1948  1948 W PackageManager: Unknown permission com.google.android.googleapps.permission.ACCESS_GOOGLE_PASSWORD in package com.android.development
12-14 08:51:46.328  1948  1948 W PackageManager: Unknown permission com.google.android.googleapps.permission.GOOGLE_AUTH in package com.android.development
12-14 08:51:46.328  1948  1948 W PackageManager: Unknown permission com.google.android.googleapps.permission.GOOGLE_AUTH.ALL_SERVICES in package com.android.development
12-14 08:51:46.328  1948  1948 W PackageManager: Unknown permission com.google.android.googleapps.permission.GOOGLE_AUTH.YouTubeUser in package com.android.development
12-14 08:51:46.370  1948  1948 I art     : Explicit concurrent mark sweep GC freed 15067(907KB) AllocSpace objects, 2(32KB) LOS objects, 33% free, 4MB/6MB, paused 174us total 9.050ms
12-14 08:51:46.371  1948  1948 I SystemServer: User Service
12-14 08:51:46.374  1676  1676 I lowmemorykiller: ActivityManager connected
12-14 08:51:46.375  1948  1948 I SystemServiceManager: Starting com.android.server.lights.LightsService
12-14 08:51:46.377  1948  1948 D lights  : Detect /sys/class/backlight/intel_backlight/max_brightness
12-14 08:51:46.377  1948  1948 D lights  : Detect /sys/class/backlight/intel_backlight/brightness
12-14 08:51:46.377  1948  1948 I SystemServiceManager: Starting com.android.server.BatteryService
12-14 08:51:46.386  1948  1948 I SystemServiceManager: Starting com.android.server.usage.UsageStatsService
12-14 08:51:46.388  1948  1948 I SystemServiceManager: Starting com.android.server.webkit.WebViewUpdateService
12-14 08:51:46.390  1948  1948 I SystemServer: Reading configuration...
12-14 08:51:46.390  1948  1948 I SystemServer: Scheduling Policy
12-14 08:51:46.391  1948  1948 I SystemServiceManager: Starting com.android.server.telecom.TelecomLoaderService
12-14 08:51:46.391  1948  1948 I SystemServer: Telephony Registry
12-14 08:51:46.394  1948  1948 I SystemServer: Entropy Mixer
12-14 08:51:46.395  1948  1948 I EntropyMixer: Writing entropy...
12-14 08:51:46.417  1948  1948 I SystemServer: Account Manager
12-14 08:51:46.420  1948  1948 I SystemServer: Content Manager
12-14 08:51:46.422  1948  1948 I SystemServer: System Content Providers
12-14 08:51:46.434  1948  1948 I SystemServer: Vibrator Service
12-14 08:51:46.435  1948  1948 I SystemServer: Consumer IR Service
12-14 08:51:46.435  1948  1948 E ConsumerIrService: Can't open consumer IR HW Module, error: -2
12-14 08:51:46.435  1948  1948 I SystemServiceManager: Starting com.android.server.AlarmManagerService
12-14 08:51:46.437  1687  1687 I CameraService: CameraService started (pid=1687)
12-14 08:51:46.438  1687  1687 D Camera_Factory: CameraFactory::CameraFactory
12-14 08:51:46.438  1687  1687 D Camera_Factory: CameraFactory::parseConfig: configFile = /etc/camera.cfg
