12-14 08:51:48.223  1948  2429 I ActivityManager: Start proc 2431:com.android.keychain/1000 for service com.android.keychain/.KeyChainService
12-14 08:51:48.228  1948  2440 I RecoverySystem: No recovery log file
12-14 08:51:48.239  1948  2440 I BootReceiver: Copying audit failures to DropBox
12-14 08:51:48.239  1948  2440 I BootReceiver: Checking for fsck errors
12-14 08:51:48.246  1948  2177 I ActivityManager: Start proc 2451:com.android.dialer/u0a4 for broadcast com.android.dialer/.calllog.CallLogReceiver
12-14 08:51:48.264  2451  2451 D ExtensionsFactory: No custom extensions.
12-14 08:51:48.268  1948  1999 D WIFI    : Registering NetworkFactory
12-14 08:51:48.268  1948  1999 D WIFI_UT : Registering NetworkFactory
12-14 08:51:48.268  1948  2001 D ConnectivityService: Got NetworkFactory Messenger for WIFI
12-14 08:51:48.268  1948  2001 D ConnectivityService: Got NetworkFactory Messenger for WIFI_UT
12-14 08:51:48.268  1948  1999 D WIFI    : got request NetworkRequest [ id=1, legacyType=-1, [ Capabilities: INTERNET&NOT_RESTRICTED&TRUSTED&NOT_VPN] ] with score 0
12-14 08:51:48.268  1948  1999 D WIFI_UT : got request NetworkRequest [ id=1, legacyType=-1, [ Capabilities: INTERNET&NOT_RESTRICTED&TRUSTED&NOT_VPN] ] with score 0
12-14 08:51:48.286  1948  1948 I ActivityManager: Start proc 2472:com.android.providers.calendar/u0a1 for broadcast com.android.providers.calendar/.CalendarReceiver
12-14 08:51:48.294  2472  2472 W ResourcesManager: Asset path '/system/framework/android.test.runner.jar' does not exist or contains no resources.
12-14 08:51:48.307  2472  2472 I CalendarProvider2: Created com.android.providers.calendar.CalendarAlarmManager@38b5c319(com.android.providers.calendar.CalendarProvider2@52bdfde)
12-14 08:51:48.323  1948  2212 I art     : Explicit concurrent mark sweep GC freed 8365(505KB) AllocSpace objects, 4(64KB) LOS objects, 33% free, 8MB/12MB, paused 300us total 14.011ms
12-14 08:51:48.343  1948  2212 I ActivityManager: Start proc 2495:com.android.managedprovisioning/u0a7 for broadcast com.android.managedprovisioning/.BootReminder
12-14 08:51:48.475  1948  2326 I ActivityManager: Start proc 2516:com.android.mms/u0a8 for broadcast com.android.mms/.transaction.MmsSystemEventReceiver
12-14 08:51:48.478  2355  2515 E SQLiteLog: (283) recovered 26 frames from WAL file /data/user/0/com.android.providers.media/databases/internal.db-wal
12-14 08:51:48.490  1948  2264 D CountryDetector: The first listener is added
12-14 08:51:48.492  2355  2515 W MediaScanner: Error opening directory '/oem/media/', skipping: No such file or directory.
12-14 08:51:48.496  2516  2516 V Mms     : mnc/mcc: 
12-14 08:51:48.496  2516  2516 V Mms     : tag: bool value: enabledMMS - true
12-14 08:51:48.496  2516  2516 V Mms     : tag: int value: maxMessageSize - 307200
12-14 08:51:48.496  2516  2516 V Mms     : tag: int value: maxImageHeight - 480
12-14 08:51:48.496  2516  2516 V Mms     : tag: int value: maxImageWidth - 640
12-14 08:51:48.496  2516  2516 V Mms     : tag: int value: defaultSMSMessagesPerThread - 10000
12-14 08:51:48.496  2516  2516 V Mms     : tag: int value: defaultMMSMessagesPerThread - 1000
12-14 08:51:48.496  2516  2516 V Mms     : tag: int value: minMessageCountPerThread - 10
12-14 08:51:48.496  2516  2516 V Mms     : tag: int value: maxMessageCountPerThread - 5000
12-14 08:51:48.496  2516  2516 V Mms     : tag: string value: uaProfUrl - http://www.google.com/oha/rdf/ua-profile-kila.xml
12-14 08:51:48.496  2516  2516 V Mms     : tag: int value: recipientLimit - -1
12-14 08:51:48.496  2516  2516 V Mms     : tag: bool value: enableMultipartSMS - true
12-14 08:51:48.496  2516  2516 V Mms     : tag: int value: smsToMmsTextThreshold - -1
12-14 08:51:48.496  2516  2516 V Mms     : tag: bool value: enableSlideDuration - true
12-14 08:51:48.496  2516  2516 V Mms     : tag: int value: maxMessageTextSize - -1
12-14 08:51:48.513  2516  2546 D ConnectivityManager: getMobileDataEnabled()+ subId=-1
12-14 08:51:48.513  2178  2542 D PhoneInterfaceManager: [PhoneIntfMgr] getDataEnabled: subId=-1 phoneId=-1
12-14 08:51:48.513  2178  2542 E PhoneInterfaceManager: [PhoneIntfMgr] getDataEnabled: no phone subId=-1 retVal=false
12-14 08:51:48.513  2516  2546 D ConnectivityManager: getMobileDataEnabled()- subId=-1 retVal=false
12-14 08:51:48.524  1948  1964 I ActivityManager: Start proc 2548:com.android.onetimeinitializer/u0a10 for broadcast com.android.onetimeinitializer/.OneTimeInitializerReceiver
12-14 08:51:48.524  2516  2545 D Mms     : cancelNotification
12-14 08:51:48.525  2516  2546 D ConnectivityManager: getMobileDataEnabled()+ subId=-1
12-14 08:51:48.525  2178  2543 D MmsSmsDatabaseHelper: [MmsSmsDb] tableName: threads hasAutoIncrement: CREATE TABLE threads (_id INTEGER PRIMARY KEY AUTOINCREMENT,date INTEGER DEFAULT 0,message_count INTEGER DEFAULT 0,recipient_ids TEXT,snippet TEXT,snippet_cs INTEGER DEFAULT 0,read INTEGER DEFAULT 1,archived INTEGER DEFAULT 0,type INTEGER DEFAULT 0,error INTEGER DEFAULT 0,has_attachment INTEGER DEFAULT 0) result: true
12-14 08:51:48.526  2178  2543 D MmsSmsDatabaseHelper: [MmsSmsDb] tableName: canonical_addresses hasAutoIncrement: CREATE TABLE canonical_addresses (_id INTEGER PRIMARY KEY AUTOINCREMENT,address TEXT) result: true
12-14 08:51:48.526  2178  2208 D PhoneInterfaceManager: [PhoneIntfMgr] getDataEnabled: subId=-1 phoneId=-1
12-14 08:51:48.526  2178  2208 E PhoneInterfaceManager: [PhoneIntfMgr] getDataEnabled: no phone subId=-1 retVal=false
12-14 08:51:48.526  2516  2546 D ConnectivityManager: getMobileDataEnabled()- subId=-1 retVal=false
12-14 08:51:48.526  2178  2543 D MmsSmsDatabaseHelper: [MmsSmsDb] tableName: part hasAutoIncrement: CREATE TABLE part (_id INTEGER PRIMARY KEY AUTOINCREMENT,mid INTEGER,seq INTEGER DEFAULT 0,ct TEXT,name TEXT,chset INTEGER,cd TEXT,fn TEXT,cid TEXT,cl TEXT,ctt_s INTEGER,ctt_t TEXT,_data TEXT,text TEXT) result: true
12-14 08:51:48.526  2178  2543 D MmsSmsDatabaseHelper: [MmsSmsDb] tableName: pdu hasAutoIncrement: CREATE TABLE pdu (_id INTEGER PRIMARY KEY AUTOINCREMENT,thread_id INTEGER,date INTEGER,date_sent INTEGER DEFAULT 0,msg_box INTEGER,read INTEGER DEFAULT 0,m_id TEXT,sub TEXT,sub_cs INTEGER,ct_t TEXT,ct_l TEXT,exp INTEGER,m_cls TEXT,m_type INTEGER,v INTEGER,m_size INTEGER,pri INTEGER,rr INTEGER,rpt_a INTEGER,resp_st INTEGER,st INTEGER,tr_id TEXT,retr_st INTEGER,retr_txt TEXT,retr_txt_cs INTEGER,read_status INTEGER,ct_cls INTEGER,resp_txt TEXT,d_tm INTEGER,d_rpt INTEGER,locked INTEGER DEFAULT 0,sub_id INTEGER DEFAULT -1, seen INTEGER DEFAULT 0,creator TEXT,text_only INTEGER DEFAULT 0) result: true
12-14 08:51:48.526  2178  2543 D MmsSmsDatabaseHelper: [getWritableDatabase] hasAutoIncrementThreads: true hasAutoIncrementAddresses: true hasAutoIncrementPart: true hasAutoIncrementPdu: true
12-14 08:51:48.530  2548  2548 V OneTimeInitializerRece: OneTimeInitializerReceiver.onReceive
12-14 08:51:48.534  2355  2515 W MediaScanner: Error opening directory '/storage/sdcard1/', skipping: Permission denied.
12-14 08:51:48.534  2355  2515 W MediaScanner: Error opening directory '/storage/usb0/', skipping: Permission denied.
12-14 08:51:48.534  2355  2515 W MediaScanner: Error opening directory '/storage/usb1/', skipping: Permission denied.
12-14 08:51:48.534  2355  2515 W MediaScanner: Error opening directory '/storage/usb2/', skipping: Permission denied.
12-14 08:51:48.534  2355  2515 W MediaScanner: Error opening directory '/storage/usb3/', skipping: Permission denied.
12-14 08:51:48.534  2355  2515 V MediaScanner: pruneDeadThumbnailFiles... android.database.sqlite.SQLiteCursor@6a0a489
12-14 08:51:48.535  2355  2515 V MediaScanner: /pruneDeadThumbnailFiles... android.database.sqlite.SQLiteCursor@6a0a489
12-14 08:51:48.547  1948  2212 I ActivityManager: Start proc 2568:com.android.settings/1000 for broadcast com.android.settings/.sim.SimBootReceiver
12-14 08:51:48.549  2516  2547 D Mms     : cancelNotification
12-14 08:51:48.585  1948  2326 I ActivityManager: Start proc 2586:com.android.calendar/u0a22 for broadcast com.android.calendar/.alerts.AlertReceiver
12-14 08:51:48.605  2586  2586 D ExtensionsFactory: No custom extensions.
12-14 08:51:48.606  2586  2586 D AlertReceiver: onReceive: a=android.intent.action.BOOT_COMPLETED Intent { act=android.intent.action.BOOT_COMPLETED flg=0x8000010 cmp=com.android.calendar/.alerts.AlertReceiver (has extras) }
12-14 08:51:48.609  2586  2586 D AlertUtils: Flushing old alerts from shared prefs table
12-14 08:51:48.610  2586  2608 D AlertService: 0 Action = android.intent.action.BOOT_COMPLETED
12-14 08:51:48.625  1948  2212 I ActivityManager: Start proc 2610:com.android.deskclock/u0a26 for broadcast com.android.deskclock/.AlarmInitReceiver
12-14 08:51:48.625  2586  2608 D AlertService: Scheduling next alarm with AlarmScheduler. sEventReminderReceived: null
12-14 08:51:48.629  2586  2608 D AlarmScheduler: No events found starting within 1 week.
12-14 08:51:48.640  2610  2610 V AlarmClock: AlarmInitReceiver android.intent.action.BOOT_COMPLETED
12-14 08:51:48.652  2610  2630 V AlarmClock: AlarmInitReceiver - Reset timers and clear stopwatch data
12-14 08:51:48.664  2610  2630 V AlarmClock: AlarmInitReceiver finished
12-14 08:51:48.682  1948  1964 I ActivityManager: Start proc 2632:com.android.email/u0a29 for broadcast com.android.email/.service.EmailBroadcastReceiver
12-14 08:51:48.686  1690  1690 I art     : Explicit concurrent mark sweep GC freed 706(30KB) AllocSpace objects, 0(0B) LOS objects, 39% free, 1950KB/3MB, paused 69us total 4.257ms
12-14 08:51:48.690  1690  1690 I art     : Explicit concurrent mark sweep GC freed 5(160B) AllocSpace objects, 0(0B) LOS objects, 39% free, 1950KB/3MB, paused 43us total 3.802ms
12-14 08:51:48.694  1690  1690 I art     : Explicit concurrent mark sweep GC freed 5(160B) AllocSpace objects, 0(0B) LOS objects, 39% free, 1950KB/3MB, paused 39us total 3.635ms
12-14 08:51:48.736  1948  1965 I ActivityManager: Start proc 2651:com.android.exchange/u0a30 for service com.android.exchange/.service.EasService
12-14 08:51:48.738  2632  2657 D ActivityThread: Loading provider com.android.email.provider;com.android.email.notifier: com.android.email.provider.EmailProvider
12-14 08:51:48.740  2632  2658 D ActivityThread: Loading provider com.android.email.provider;com.android.email.notifier: com.android.email.provider.EmailProvider
12-14 08:51:48.749  2119  2119 I SystemBroadcastReceiver: Boot has been completed
12-14 08:51:48.749  2119  2119 I LauncherIconVisibilityManager: Activity has already been disabled: ComponentInfo{com.android.inputmethod.latin/com.android.inputmethod.latin.setup.SetupActivity}
12-14 08:51:48.767  1948  2212 I ActivityManager: Start proc 2678:com.example.junzhen.systemrecovery/u0a55 for broadcast com.example.junzhen.systemrecovery/.BootBroadcastReceiver
12-14 08:51:48.767  1948  1965 W ActivityManager: Unable to start service Intent { cmp=com.android.email/.service.AttachmentService } U=0: not found
12-14 08:51:48.767  1948  2264 W ActivityManager: Unable to start service Intent { cmp=com.android.email/.service.AttachmentService } U=0: not found
12-14 08:51:48.767  1948  2326 W ActivityManager: Unable to start service Intent { cmp=com.android.email/.service.AttachmentService } U=0: not found
12-14 08:51:48.769  2632  2684 I Email   : Observing account changes for notifications
12-14 08:51:48.769  2651  2651 I Exchange: EasService.onCreate
12-14 08:51:48.770  2678  2678 I art     : Not late-enabling -Xcheck:jni (already on)
12-14 08:51:48.772  2651  2690 I Exchange: RestartPingTask
12-14 08:51:48.772  2632  2632 E ActivityThread: Service com.android.email.service.EmailBroadcastProcessorService has leaked ServiceConnection com.android.emailcommon.service.ServiceProxy$ProxyConnection@23f10f66 that was originally bound here
12-14 08:51:48.772  2632  2632 E ActivityThread: android.app.ServiceConnectionLeaked: Service com.android.email.service.EmailBroadcastProcessorService has leaked ServiceConnection com.android.emailcommon.service.ServiceProxy$ProxyConnection@23f10f66 that was originally bound here
12-14 08:51:48.772  2632  2632 E ActivityThread: 	at android.app.LoadedApk$ServiceDispatcher.<init>(LoadedApk.java:1077)
12-14 08:51:48.772  2632  2632 E ActivityThread: 	at android.app.LoadedApk.getServiceDispatcher(LoadedApk.java:971)
12-14 08:51:48.772  2632  2632 E ActivityThread: 	at android.app.ContextImpl.bindServiceCommon(ContextImpl.java:1774)
12-14 08:51:48.772  2632  2632 E ActivityThread: 	at android.app.ContextImpl.bindService(ContextImpl.java:1757)
12-14 08:51:48.772  2632  2632 E ActivityThread: 	at android.content.ContextWrapper.bindService(ContextWrapper.java:539)
12-14 08:51:48.772  2632  2632 E ActivityThread: 	at com.android.emailcommon.service.ServiceProxy.setTask(ServiceProxy.java:181)
12-14 08:51:48.772  2632  2632 E ActivityThread: 	at com.android.emailcommon.service.ServiceProxy.test(ServiceProxy.java:224)
12-14 08:51:48.772  2632  2632 E ActivityThread: 	at com.android.email.service.EmailServiceUtils.isServiceAvailable(EmailServiceUtils.java:160)
12-14 08:51:48.772  2632  2632 E ActivityThread: 	at com.android.email.provider.AccountReconciler.reconcileAccountsInternal(AccountReconciler.java:171)
12-14 08:51:48.772  2632  2632 E ActivityThread: 	at com.android.email.provider.AccountReconciler.reconcileAccounts(AccountReconciler.java:115)
12-14 08:51:48.772  2632  2632 E ActivityThread: 	at com.android.email.service.EmailBroadcastProcessorService.reconcileAndStartServices(EmailBroadcastProcessorService.java:305)
12-14 08:51:48.772  2632  2632 E ActivityThread: 	at com.android.email.service.EmailBroadcastProcessorService.onBootCompleted(EmailBroadcastProcessorService.java:295)
12-14 08:51:48.772  2632  2632 E ActivityThread: 	at com.android.email.service.EmailBroadcastProcessorService.onHandleIntent(EmailBroadcastProcessorService.java:130)
12-14 08:51:48.772  2632  2632 E ActivityThread: 	at android.app.IntentService$ServiceHandler.handleMessage(IntentService.java:65)
12-14 08:51:48.772  2632  2632 E ActivityThread: 	at android.os.Handler.dispatchMessage(Handler.java:102)
12-14 08:51:48.772  2632  2632 E ActivityThread: 	at android.os.Looper.loop(Looper.java:135)
12-14 08:51:48.772  2632  2632 E ActivityThread: 	at android.os.HandlerThread.run(HandlerThread.java:61)
12-14 08:51:48.774  2651  2651 I Exchange: RestartPingsTask did not start any pings.
12-14 08:51:48.774  2651  2651 I Exchange: PSS stopIfIdle
12-14 08:51:48.774  2651  2651 I Exchange: PSS has no active accounts; stopping service.
12-14 08:51:48.778  2651  2651 I Exchange: onDestroy
12-14 08:51:48.784  1948  2081 I ActivityManager: START u0 {flg=0x10000000 cmp=com.example.junzhen.systemrecovery/.MainActivity} from uid 10055 on display 0
12-14 08:51:48.785  1948  2081 V WindowManager: addAppToken: AppWindowToken{21d1d2ae token=Token{34637f29 ActivityRecord{1474b0 u0 com.example.junzhen.systemrecovery/.MainActivity t31}}} to stack=1 task=31 at 0
12-14 08:51:48.787  1948  1974 V WindowManager: Adding window Window{271aea61 u0 Starting com.example.junzhen.systemrecovery} at 2 of 7 (after Window{1df67e86 u0 com.android.launcher3/com.android.launcher3.Launcher})
12-14 08:51:48.795  2516  2516 V Mms     : onStart: #1 mResultCode: -1 = Activity.RESULT_OK
12-14 08:51:48.799  2678  2701 D OpenGLRenderer: Use EGL_SWAP_BEHAVIOR_PRESERVED: true
12-14 08:51:48.800  2678  2678 I GRALLOC-DRM: create intel for driver i915
12-14 08:51:48.800  2678  2678 D Atlas   : Validating map...
12-14 08:51:48.801  1948  2212 V WindowManager: Adding window Window{f500be3 u0 com.example.junzhen.systemrecovery/com.example.junzhen.systemrecovery.MainActivity} at 2 of 8 (before Window{271aea61 u0 Starting com.example.junzhen.systemrecovery})
12-14 08:51:48.852  2678  2701 I EGL-DRI2: DRI2: found extension DRI_Core version 1
12-14 08:51:48.852  2678  2701 I EGL-DRI2: DRI2: found extension DRI_DRI2 version 4
12-14 08:51:48.857  2678  2701 I EGL-DRI2: DRI2: found extension DRI_TexBuffer version 3
12-14 08:51:48.857  2678  2701 I EGL-DRI2: DRI2: found extension DRI2_Flush version 4
12-14 08:51:48.857  2678  2701 I EGL-DRI2: DRI2: found extension DRI_IMAGE version 11
12-14 08:51:48.857  2678  2701 I OpenGLRenderer: Initialized EGL, version 1.4
12-14 08:51:48.857  2678  2701 W OpenGLRenderer: Failed to choose config with EGL_SWAP_BEHAVIOR_PRESERVED, retrying without...
12-14 08:51:48.859  2678  2701 D OpenGLRenderer: Enabling debug mode 0
12-14 08:51:48.895  1948  1974 I ActivityManager: Displayed com.example.junzhen.systemrecovery/.MainActivity: +109ms
12-14 08:51:49.231  2705  2705 W linker  : [vdso]: unused DT entry: type 0x6ffffef5 arg 0x160
12-14 08:51:49.237  2704  2704 W linker  : [vdso]: unused DT entry: type 0x6ffffef5 arg 0x160
12-14 08:51:49.312  2472  2472 I CalendarProvider2: Sending notification intent: Intent { act=android.intent.action.PROVIDER_CHANGED dat=content://com.android.calendar }
12-14 08:51:49.313  2472  2472 W ContentResolver: Failed to get type for: content://com.android.calendar (Unknown URL content://com.android.calendar)
12-14 08:51:49.314  2586  2586 D AlertReceiver: onReceive: a=android.intent.action.PROVIDER_CHANGED Intent { act=android.intent.action.PROVIDER_CHANGED dat=content://com.android.calendar flg=0x10 cmp=com.android.calendar/.alerts.AlertReceiver }
12-14 08:51:49.316  2586  2707 D AlertService: 0 Action = android.intent.action.PROVIDER_CHANGED
12-14 08:51:52.295  1948  2016 D TaskPersister: removeObsoleteFile: deleting file=22_task.xml
12-14 08:51:52.295  1948  2016 D TaskPersister: removeObsoleteFile: deleting file=22_task_thumbnail.png
12-14 08:51:53.328  2472  2715 E SQLiteLog: (284) automatic index on view_events(_id)
12-14 08:51:54.249  2716  2716 W linker  : [vdso]: unused DT entry: type 0x6ffffef5 arg 0x160
12-14 08:51:54.317  2586  2707 I GlobalDismissManager: no sender configured
12-14 08:51:54.317  2586  2707 D AlertService: Beginning updateAlertNotification
12-14 08:51:54.321  2586  2707 D AlertService: No fired or scheduled alerts
12-14 08:51:54.324  2586  2707 D AlertService: Scheduling next alarm with AlarmScheduler. sEventReminderReceived: null
12-14 08:51:54.327  2586  2707 D AlarmScheduler: No events found starting within 1 week.
12-14 08:51:56.186  1679  1679 D SurfaceFlinger: Set power mode=2, type=0 flinger=0x7fb91f062000
12-14 08:51:56.186  1679  1819 D GRALLOC-DRM: set master
12-14 08:51:56.208  1948  2212 I art     : Explicit concurrent mark sweep GC freed 7315(364KB) AllocSpace objects, 1(16KB) LOS objects, 33% free, 8MB/12MB, paused 370us total 20.299ms
12-14 08:51:56.387  2678  2678 D InputEventConsistencyVerifier: KeyEvent: ACTION_UP but key was not down.
12-14 08:51:56.387  2678  2678 D InputEventConsistencyVerifier:   in android.view.ViewRootImpl@388604a8
12-14 08:51:56.387  2678  2678 D InputEventConsistencyVerifier:   0: sent at 27343000000, KeyEvent { action=ACTION_UP, keyCode=KEYCODE_ALT_LEFT, scanCode=56, metaState=0, flags=0x8, repeatCount=0, eventTime=27343, downTime=27142, deviceId=9, source=0x101 }
12-14 08:51:56.387  2678  2678 D InputEventConsistencyVerifier:   -- recent events --
12-14 08:51:56.387  2678  2678 D InputEventConsistencyVerifier:   1: sent at 27213000000, KeyEvent { action=ACTION_UP, keyCode=KEYCODE_F7, scanCode=65, metaState=META_ALT_ON|META_ALT_LEFT_ON, flags=0x8, repeatCount=0, eventTime=27213, downTime=27142, deviceId=9, source=0x101 }
12-14 08:51:56.387  2678  2678 D InputEventConsistencyVerifier:   2: sent at 27142000000, KeyEvent { action=ACTION_DOWN, keyCode=KEYCODE_F7, scanCode=65, metaState=META_ALT_ON|META_ALT_LEFT_ON, flags=0x8, repeatCount=0, eventTime=27142, downTime=27142, deviceId=9, source=0x101 }
12-14 08:51:59.260  2719  2719 W linker  : [vdso]: unused DT entry: type 0x6ffffef5 arg 0x160
12-14 08:51:59.955  1948  2005 W AudioTrack: AUDIO_OUTPUT_FLAG_FAST denied by client
12-14 08:51:59.955  1948  1990 I ActivityManager: START u0 {act=android.intent.action.MAIN cat=[android.intent.category.HOME] flg=0x10200000 cmp=com.android.launcher3/.Launcher} from uid 1000 on display 0
12-14 08:51:59.956  1679  1719 D PermissionCache: checking android.permission.READ_FRAME_BUFFER for uid=1000 => granted (33 us)
12-14 08:52:00.220  1687  1986 E cutils-trace: Error opening trace file: Permission denied (13)
12-14 08:52:00.221  1687  1985 D audio_hw_primary: found out /dev/snd/pcmC0D0p
12-14 08:52:00.543  2215  2346 W OpenGLRenderer: Incorrectly called buildLayer on View: ShortcutAndWidgetContainer, destroying layer...
12-14 08:52:00.966  2056  2056 W ResourceType: No package identifier when getting value for resource number 0x00000000
12-14 08:52:00.966  2056  2056 W PackageManager: Failure retrieving resources for com.example.junzhen.systemrecovery: Resource ID #0x0
12-14 08:52:02.505  1948  1969 I ActivityManager: Waited long enough for: ServiceRecord{3e24e347 u0 com.android.music/.MediaPlaybackService}
12-14 08:52:02.853  1948  2005 W AudioTrack: AUDIO_OUTPUT_FLAG_FAST denied by client
12-14 08:52:03.626  1948  1969 I ActivityManager: Waited long enough for: ServiceRecord{5eef8b2 u0 com.android.calendar/.alerts.InitAlarmsService}
12-14 08:52:04.270  2723  2723 W linker  : [vdso]: unused DT entry: type 0x6ffffef5 arg 0x160
12-14 08:52:06.194  1948  2005 W AudioTrack: AUDIO_OUTPUT_FLAG_FAST denied by client
12-14 08:52:06.195  1948  2326 I ActivityManager: START u0 {act=android.intent.action.MAIN cat=[android.intent.category.LAUNCHER] flg=0x10200000 cmp=com.android.settings/.Settings bnds=[642,480][800,605] (has extras)} from uid 10036 on display 0
12-14 08:52:06.198  1948  2326 V WindowManager: addAppToken: AppWindowToken{8fac83c token=Token{3893ba2f ActivityRecord{28a0400e u0 com.android.settings/.Settings t32}}} to stack=1 task=32 at 0
12-14 08:52:06.204  1948  1974 V WindowManager: Adding window Window{246a5c7d u0 Starting com.android.settings} at 3 of 8 (after Window{f500be3 u0 com.example.junzhen.systemrecovery/com.example.junzhen.systemrecovery.MainActivity})
12-14 08:52:06.206  1687  1985 D audio_hw_primary: found out /dev/snd/pcmC0D0p
12-14 08:52:06.234  2568  2726 I IndexDatabaseHelper: Using schema version: 115
12-14 08:52:06.235  2568  2726 I IndexDatabaseHelper: Index is fine
12-14 08:52:06.236  2568  2726 D Index   : Locale 'en_US' is already indexed
12-14 08:52:06.240  2568  2727 D OpenGLRenderer: Use EGL_SWAP_BEHAVIOR_PRESERVED: true
12-14 08:52:06.241  2568  2568 I GRALLOC-DRM: create intel for driver i915
12-14 08:52:06.241  2568  2568 D Atlas   : Validating map...
12-14 08:52:06.243  1948  2081 V WindowManager: Adding window Window{1d265170 u0 com.android.settings/com.android.settings.Settings} at 3 of 9 (before Window{246a5c7d u0 Starting com.android.settings})
12-14 08:52:06.271  2568  2568 D DashboardSummary: rebuildUI took: 25 ms
12-14 08:52:06.295  2568  2727 I EGL-DRI2: DRI2: found extension DRI_Core version 1
12-14 08:52:06.295  2568  2727 I EGL-DRI2: DRI2: found extension DRI_DRI2 version 4
12-14 08:52:06.302  2568  2727 I EGL-DRI2: DRI2: found extension DRI_TexBuffer version 3
12-14 08:52:06.302  2568  2727 I EGL-DRI2: DRI2: found extension DRI2_Flush version 4
12-14 08:52:06.302  2568  2727 I EGL-DRI2: DRI2: found extension DRI_IMAGE version 11
12-14 08:52:06.302  2568  2727 I OpenGLRenderer: Initialized EGL, version 1.4
12-14 08:52:06.302  2568  2727 W OpenGLRenderer: Failed to choose config with EGL_SWAP_BEHAVIOR_PRESERVED, retrying without...
12-14 08:52:06.304  2568  2727 D OpenGLRenderer: Enabling debug mode 0
12-14 08:52:06.351  1948  1974 I ActivityManager: Displayed com.android.settings/.Settings: +150ms
12-14 08:52:07.362  1679  1679 D SurfaceFlinger: Set power mode=0, type=0 flinger=0x7fb91f062000
12-14 08:52:09.264  2731  2731 W linker  : [vdso]: unused DT entry: type 0x6ffffef5 arg 0x160
12-14 08:52:09.281  2732  2732 W linker  : [vdso]: unused DT entry: type 0x6ffffef5 arg 0x160
12-14 08:52:10.708  1948  2016 D TaskPersister: removeObsoleteFile: deleting file=25_task.xml
12-14 08:52:10.708  1948  2016 D TaskPersister: removeObsoleteFile: deleting file=29_task.xml
12-14 08:52:10.708  1948  2016 D TaskPersister: removeObsoleteFile: deleting file=29_task.xml.bak
12-14 08:52:10.708  1948  2016 D TaskPersister: removeObsoleteFile: deleting file=25_task_thumbnail.png
12-14 08:52:10.709  1948  2016 D TaskPersister: removeObsoleteFile: deleting file=29_task_thumbnail.png
12-14 08:52:14.293  2733  2733 W linker  : [vdso]: unused DT entry: type 0x6ffffef5 arg 0x160
12-14 08:52:18.626  2586  2616 D InitAlarmsService: Clearing and rescheduling alarms.
12-14 08:52:19.305  2734  2734 W linker  : [vdso]: unused DT entry: type 0x6ffffef5 arg 0x160
12-14 08:52:24.316  2736  2736 W linker  : [vdso]: unused DT entry: type 0x6ffffef5 arg 0x160
12-14 08:52:29.328  2737  2737 W linker  : [vdso]: unused DT entry: type 0x6ffffef5 arg 0x160
12-14 08:52:34.336  2738  2738 W linker  : [vdso]: unused DT entry: type 0x6ffffef5 arg 0x160
12-14 08:52:39.348  2739  2739 W linker  : [vdso]: unused DT entry: type 0x6ffffef5 arg 0x160
12-14 08:52:41.795  2740  2740 W linker  : [vdso]: unused DT entry: type 0x6ffffef5 arg 0x160
12-14 08:52:44.360  2741  2741 W linker  : [vdso]: unused DT entry: type 0x6ffffef5 arg 0x160
12-14 08:52:47.621  1948  1964 I MediaFocusControl:  AudioFocus  abandonAudioFocus() from android.media.AudioManager@3e02748ccom.android.music.MediaPlaybackService$3@16d677d5
12-14 08:52:47.643  1948  1969 I ActivityManager: Start proc 2742:com.android.musicfx/u0a9 for broadcast com.android.musicfx/.ControlPanelReceiver
12-14 08:52:47.660  2742  2742 V MusicFXControlPanelReceiver: onReceive
12-14 08:52:47.660  2742  2742 V MusicFXControlPanelReceiver: Action: android.media.action.CLOSE_AUDIO_EFFECT_CONTROL_SESSION
12-14 08:52:47.660  2742  2742 V MusicFXControlPanelReceiver: Package name: com.android.music
12-14 08:52:47.660  2742  2742 V MusicFXControlPanelReceiver: Audio session: 6
12-14 08:52:47.660  2742  2742 V MusicFXControlPanelEffect: closeSession(android.app.ReceiverRestrictedContext@b74221d, com.android.music, 6)
12-14 08:52:49.372  2760  2760 W linker  : [vdso]: unused DT entry: type 0x6ffffef5 arg 0x160
12-14 08:52:54.384  2761  2761 W linker  : [vdso]: unused DT entry: type 0x6ffffef5 arg 0x160
12-14 08:52:59.396  2762  2762 W linker  : [vdso]: unused DT entry: type 0x6ffffef5 arg 0x160
12-14 08:53:02.142  1679  1679 D SurfaceFlinger: Set power mode=2, type=0 flinger=0x7fb91f062000
12-14 08:53:02.143  1679  1819 D GRALLOC-DRM: set master
12-14 08:53:02.808  1948  1990 I InputDispatcher: Dropping event because there is no touchable window at (268, 1000).
12-14 08:53:04.204  2056  2056 W ResourceType: No package identifier when getting value for resource number 0x00000000
12-14 08:53:04.204  2056  2056 W PackageManager: Failure retrieving resources for com.android.settings: Resource ID #0x0
12-14 08:53:04.207  1948  2326 I ActivityManager: START u0 {act=com.android.systemui.recents.SHOW_RECENTS flg=0x10804000 cmp=com.android.systemui/.recents.RecentsActivity} from uid 10013 on display 0
12-14 08:53:04.214  1948  2326 V WindowManager: addAppToken: AppWindowToken{daede88 token=Token{29044a2b ActivityRecord{2e51627a u0 com.android.systemui/.recents.RecentsActivity t33}}} to stack=0 task=33 at 0
12-14 08:53:04.226  2056  2056 D OpenGLRenderer: setting property ambientRatio to 1.5
12-14 08:53:04.226  2056  2056 D OpenGLRenderer: ambientRatio = 1.50
12-14 08:53:04.231  1948  1965 V WindowManager: Adding window Window{202a5b15 u0 com.android.systemui/com.android.systemui.recents.RecentsActivity} at 4 of 9 (after Window{1df67e86 u0 com.android.launcher3/com.android.launcher3.Launcher})
12-14 08:53:04.270  2056  2056 D InputEventConsistencyVerifier: KeyEvent: ACTION_UP but key was not down.
12-14 08:53:04.270  2056  2056 D InputEventConsistencyVerifier:   in android.view.ViewRootImpl@6c2c26b
12-14 08:53:04.270  2056  2056 D InputEventConsistencyVerifier:   0: sent at 95225000000, KeyEvent { action=ACTION_UP, keyCode=KEYCODE_ALT_LEFT, scanCode=56, metaState=0, flags=0x8, repeatCount=0, eventTime=95225, downTime=95156, deviceId=9, source=0x101 }
12-14 08:53:04.270  2056  2056 W ViewRootImpl: Cancelling event due to no window focus: KeyEvent { action=ACTION_UP, keyCode=KEYCODE_ALT_LEFT, scanCode=56, metaState=0, flags=0x80000028, repeatCount=0, eventTime=95225, downTime=95156, deviceId=9, source=0x101 }
12-14 08:53:04.270  2056  2056 W ViewRootImpl: Cancelling event due to no window focus: KeyEvent { action=ACTION_UP, keyCode=KEYCODE_ALT_LEFT, scanCode=56, metaState=0, flags=0x80000028, repeatCount=0, eventTime=95225, downTime=95156, deviceId=9, source=0x101 }
12-14 08:53:04.270  2056  2056 W ViewRootImpl: Cancelling event due to no window focus: KeyEvent { action=ACTION_UP, keyCode=KEYCODE_ALT_LEFT, scanCode=56, metaState=0, flags=0x80000028, repeatCount=0, eventTime=95225, downTime=95156, deviceId=9, source=0x101 }
12-14 08:53:04.270  2056  2056 W ViewRootImpl: Cancelling event due to no window focus: KeyEvent { action=ACTION_UP, keyCode=KEYCODE_ALT_LEFT, scanCode=56, metaState=0, flags=0x80000028, repeatCount=0, eventTime=95225, downTime=95156, deviceId=9, source=0x101 }
12-14 08:53:04.270  2056  2056 W ViewRootImpl: Cancelling event due to no window focus: KeyEvent { action=ACTION_UP, keyCode=KEYCODE_ALT_LEFT, scanCode=56, metaState=0, flags=0x80000028, repeatCount=0, eventTime=95225, downTime=95156, deviceId=9, source=0x101 }
12-14 08:53:04.270  2056  2056 W ViewRootImpl: Cancelling event due to no window focus: KeyEvent { action=ACTION_UP, keyCode=KEYCODE_ALT_LEFT, scanCode=56, metaState=0, flags=0x80000028, repeatCount=0, eventTime=95225, downTime=95156, deviceId=9, source=0x101 }
12-14 08:53:04.270  2056  2056 W ViewRootImpl: Cancelling event due to no window focus: KeyEvent { action=ACTION_UP, keyCode=KEYCODE_ALT_LEFT, scanCode=56, metaState=0, flags=0x80000028, repeatCount=0, eventTime=95225, downTime=95156, deviceId=9, source=0x101 }
12-14 08:53:04.270  2056  2056 W ViewRootImpl: Cancelling event due to no window focus: KeyEvent { action=ACTION_UP, keyCode=KEYCODE_ALT_LEFT, scanCode=56, metaState=0, flags=0x80000028, repeatCount=0, eventTime=95225, downTime=95156, deviceId=9, source=0x101 }
12-14 08:53:04.270  2056  2056 W ViewRootImpl: Cancelling event due to no window focus: KeyEvent { action=ACTION_UP, keyCode=KEYCODE_ALT_LEFT, scanCode=56, metaState=0, flags=0x80000028, repeatCount=0, eventTime=95225, downTime=95156, deviceId=9, source=0x101 }
12-14 08:53:04.296  1948  1974 I ActivityManager: Displayed com.android.systemui/.recents.RecentsActivity: +76ms
12-14 08:53:04.296  2056  2056 D InputEventConsistencyVerifier: KeyEvent: ACTION_UP but key was not down.
12-14 08:53:04.296  2056  2056 D InputEventConsistencyVerifier:   in android.view.ViewRootImpl@6c2c26b
12-14 08:53:04.296  2056  2056 D InputEventConsistencyVerifier:   0: sent at 95250000000, KeyEvent { action=ACTION_UP, keyCode=KEYCODE_TAB, scanCode=15, metaState=0, flags=0x8, repeatCount=0, eventTime=95250, downTime=95156, deviceId=9, source=0x101 }
12-14 08:53:04.296  2056  2056 D InputEventConsistencyVerifier:   -- recent events --
12-14 08:53:04.296  2056  2056 D InputEventConsistencyVerifier:   1: sent at 95225000000, KeyEvent { action=ACTION_UP, keyCode=KEYCODE_ALT_LEFT, scanCode=56, metaState=0, flags=0x80000008, repeatCount=0, eventTime=95225, downTime=95156, deviceId=9, source=0x101 }
12-14 08:53:04.405  2766  2766 W linker  : [vdso]: unused DT entry: type 0x6ffffef5 arg 0x160
12-14 08:53:05.316  2056  2056 W ResourceType: No package identifier when getting value for resource number 0x00000000
12-14 08:53:05.316  2056  2056 W PackageManager: Failure retrieving resources for com.android.settings: Resource ID #0x0
12-14 08:53:06.396  1679  1679 D SurfaceFlinger: Set power mode=0, type=0 flinger=0x7fb91f062000
12-14 08:53:09.416  2767  2767 W linker  : [vdso]: unused DT entry: type 0x6ffffef5 arg 0x160
12-14 08:53:14.428  2768  2768 W linker  : [vdso]: unused DT entry: type 0x6ffffef5 arg 0x160
12-14 08:53:14.878  2769  2769 W linker  : [vdso]: unused DT entry: type 0x6ffffef5 arg 0x160
12-14 08:53:19.437  2770  2770 W linker  : [vdso]: unused DT entry: type 0x6ffffef5 arg 0x160
12-14 08:53:22.219  1679  1679 D SurfaceFlinger: Set power mode=2, type=0 flinger=0x7fb91f062000
12-14 08:53:22.219  1679  1819 D GRALLOC-DRM: set master
12-14 08:53:23.088  2056  2056 V DeadZone: consuming errant click: (1094.1426,10.423889)
12-14 08:53:23.137  1948  1990 I InputDispatcher: Dropping event because there is no touchable window at (942, 905).
12-14 08:53:24.448  2771  2771 W linker  : [vdso]: unused DT entry: type 0x6ffffef5 arg 0x160
12-14 08:53:24.958  1948  1990 I ActivityManager: START u0 {act=android.intent.action.MAIN cat=[android.intent.category.HOME] flg=0x10200000 cmp=com.android.launcher3/.Launcher} from uid 1000 on display 0
12-14 08:53:24.959  1948  2005 W AudioTrack: AUDIO_OUTPUT_FLAG_FAST denied by client
12-14 08:53:24.971  1687  1985 D audio_hw_primary: found out /dev/snd/pcmC0D0p
12-14 08:53:25.560  2215  2346 W OpenGLRenderer: Incorrectly called buildLayer on View: ShortcutAndWidgetContainer, destroying layer...
12-14 08:53:25.988  2056  2056 W ResourceType: No package identifier when getting value for resource number 0x00000000
12-14 08:53:25.988  2056  2056 W PackageManager: Failure retrieving resources for com.example.junzhen.systemrecovery: Resource ID #0x0
12-14 08:53:26.541  1948  2005 W AudioTrack: AUDIO_OUTPUT_FLAG_FAST denied by client
12-14 08:53:28.878  1948  2005 W AudioTrack: AUDIO_OUTPUT_FLAG_FAST denied by client
12-14 08:53:28.878  1948  1964 I ActivityManager: START u0 {act=android.intent.action.MAIN cat=[android.intent.category.LAUNCHER] flg=0x10200000 cmp=com.cyanogenmod.filemanager/.activities.NavigationActivity (has extras)} from uid 10036 on display 0
12-14 08:53:28.880  1948  1964 V WindowManager: addAppToken: AppWindowToken{3642eb93 token=Token{3a598882 ActivityRecord{340bd7cd u0 com.cyanogenmod.filemanager/.activities.NavigationActivity t34}}} to stack=1 task=34 at 0
12-14 08:53:28.883  1948  1974 V WindowManager: Adding window Window{6cba5da u0 Starting com.cyanogenmod.filemanager} at 5 of 10 (after Window{f500be3 u0 com.example.junzhen.systemrecovery/com.example.junzhen.systemrecovery.MainActivity})
12-14 08:53:28.904  1948  2212 I ActivityManager: Start proc 2776:com.cyanogenmod.filemanager/u0a20 for activity com.cyanogenmod.filemanager/.activities.NavigationActivity
12-14 08:53:28.955  1678  1708 E Vold    : Failed to find mounted volume for /storage/usb0/Android/data/com.cyanogenmod.filemanager/files/
12-14 08:53:28.955  2776  2776 W ContextImpl: Failed to ensure directory: /storage/usb0/Android/data/com.cyanogenmod.filemanager/files
12-14 08:53:28.956  1678  1708 E Vold    : Failed to find mounted volume for /storage/usb1/Android/data/com.cyanogenmod.filemanager/files/
12-14 08:53:28.956  2776  2776 W ContextImpl: Failed to ensure directory: /storage/usb1/Android/data/com.cyanogenmod.filemanager/files
12-14 08:53:28.956  1678  1708 E Vold    : Failed to find mounted volume for /storage/usb2/Android/data/com.cyanogenmod.filemanager/files/
12-14 08:53:28.957  2776  2776 W ContextImpl: Failed to ensure directory: /storage/usb2/Android/data/com.cyanogenmod.filemanager/files
12-14 08:53:28.957  1678  1708 E Vold    : Failed to find mounted volume for /storage/usb3/Android/data/com.cyanogenmod.filemanager/files/
12-14 08:53:28.957  2776  2776 W ContextImpl: Failed to ensure directory: /storage/usb3/Android/data/com.cyanogenmod.filemanager/files
12-14 08:53:28.958  1678  1708 E Vold    : Failed to find mounted volume for /storage/sdcard1/Android/data/com.cyanogenmod.filemanager/files/
12-14 08:53:28.958  2776  2776 W ContextImpl: Failed to ensure directory: /storage/sdcard1/Android/data/com.cyanogenmod.filemanager/files
12-14 08:53:28.964  2796  2796 W linker  : [vdso]: unused DT entry: type 0x6ffffef5 arg 0x160
12-14 08:53:29.017  2799  2799 W linker  : [vdso]: unused DT entry: type 0x6ffffef5 arg 0x160
12-14 08:53:29.019  2800  2800 W linker  : [vdso]: unused DT entry: type 0x6ffffef5 arg 0x160
12-14 08:53:29.020  2801  2801 W linker  : [vdso]: unused DT entry: type 0x6ffffef5 arg 0x160
12-14 08:53:29.023  2802  2802 W linker  : [vdso]: unused DT entry: type 0x6ffffef5 arg 0x160
12-14 08:53:29.025  2803  2803 W linker  : [vdso]: unused DT entry: type 0x6ffffef5 arg 0x160
12-14 08:53:29.027  2804  2804 W linker  : [vdso]: unused DT entry: type 0x6ffffef5 arg 0x160
12-14 08:53:29.063  2776  2776 V NFC     : this device does not have NFC support
12-14 08:53:29.076  2776  2805 W NavigationActivity: Ignoring '/storage/sdcard1' with state of 'unmounted'
12-14 08:53:29.076  2776  2805 W NavigationActivity: Ignoring '/storage/usb0' with state of 'removed'
12-14 08:53:29.076  2776  2805 W NavigationActivity: Ignoring '/storage/usb1' with state of 'removed'
12-14 08:53:29.076  2776  2805 W NavigationActivity: Ignoring '/storage/usb2' with state of 'removed'
12-14 08:53:29.076  2776  2805 W NavigationActivity: Ignoring '/storage/usb3' with state of 'removed'
12-14 08:53:29.088  2776  2806 D OpenGLRenderer: Use EGL_SWAP_BEHAVIOR_PRESERVED: true
12-14 08:53:29.089  2776  2776 I GRALLOC-DRM: create intel for driver i915
12-14 08:53:29.089  2776  2776 D Atlas   : Validating map...
12-14 08:53:29.091  1948  2231 V WindowManager: Adding window Window{15c9398a u0 com.cyanogenmod.filemanager/com.cyanogenmod.filemanager.activities.NavigationActivity} at 5 of 11 (before Window{6cba5da u0 Starting com.cyanogenmod.filemanager})
12-14 08:53:29.092  2776  2807 V MimeTypeIndexService: onHandleIntent(Intent { act=com.cyanogenmod.filemanager.ACTION_START_INDEX cmp=com.cyanogenmod.filemanager/.service.MimeTypeIndexService (has extras) })
12-14 08:53:29.092  2776  2807 D MimeTypeIndexService: Action: com.cyanogenmod.filemanager.ACTION_START_INDEX
12-14 08:53:29.092  2776  2807 V MimeTypeIndexService: performIndexAction(/storage/emulated/0)
12-14 08:53:29.092  2776  2807 I MimeTypeIndexService: Starting mime type usage indexing on '/storage/emulated/0'
12-14 08:53:29.098  2808  2808 W linker  : [vdso]: unused DT entry: type 0x6ffffef5 arg 0x160
12-14 08:53:29.100  2776  2807 D MimeTypeIndexService: TEXT = 819739
12-14 08:53:29.100  2776  2807 D MimeTypeIndexService: NONE = 6532703693
12-14 08:53:29.150  2812  2812 W linker  : [vdso]: unused DT entry: type 0x6ffffef5 arg 0x160
12-14 08:53:29.152  2813  2813 W linker  : [vdso]: unused DT entry: type 0x6ffffef5 arg 0x160
12-14 08:53:29.154  2814  2814 W linker  : [vdso]: unused DT entry: type 0x6ffffef5 arg 0x160
12-14 08:53:29.156  2815  2815 W linker  : [vdso]: unused DT entry: type 0x6ffffef5 arg 0x160
12-14 08:53:29.159  2816  2816 W linker  : [vdso]: unused DT entry: type 0x6ffffef5 arg 0x160
12-14 08:53:29.161  2817  2817 W linker  : [vdso]: unused DT entry: type 0x6ffffef5 arg 0x160
12-14 08:53:29.179  2776  2806 I EGL-DRI2: DRI2: found extension DRI_Core version 1
12-14 08:53:29.179  2776  2806 I EGL-DRI2: DRI2: found extension DRI_DRI2 version 4
12-14 08:53:29.181  2776  2807 V MimeTypeIndexService: onHandleIntent(Intent { act=com.cyanogenmod.filemanager.ACTION_START_INDEX cmp=com.cyanogenmod.filemanager/.service.MimeTypeIndexService (has extras) })
12-14 08:53:29.181  2776  2807 D MimeTypeIndexService: Action: com.cyanogenmod.filemanager.ACTION_START_INDEX
12-14 08:53:29.181  2776  2807 V MimeTypeIndexService: performIndexAction(/system)
12-14 08:53:29.181  2776  2807 I MimeTypeIndexService: Starting mime type usage indexing on '/system'
12-14 08:53:29.185  2776  2806 I EGL-DRI2: DRI2: found extension DRI_TexBuffer version 3
12-14 08:53:29.185  2776  2806 I EGL-DRI2: DRI2: found extension DRI2_Flush version 4
12-14 08:53:29.185  2776  2806 I EGL-DRI2: DRI2: found extension DRI_IMAGE version 11
12-14 08:53:29.185  2776  2806 I OpenGLRenderer: Initialized EGL, version 1.4
12-14 08:53:29.185  2776  2806 W OpenGLRenderer: Failed to choose config with EGL_SWAP_BEHAVIOR_PRESERVED, retrying without...
12-14 08:53:29.187  2776  2806 D OpenGLRenderer: Enabling debug mode 0
12-14 08:53:29.194  2819  2819 W linker  : [vdso]: unused DT entry: type 0x6ffffef5 arg 0x160
12-14 08:53:29.197  2820  2820 W linker  : [vdso]: unused DT entry: type 0x6ffffef5 arg 0x160
12-14 08:53:29.201  2821  2821 W linker  : [vdso]: unused DT entry: type 0x6ffffef5 arg 0x160
12-14 08:53:29.203  2822  2822 W linker  : [vdso]: unused DT entry: type 0x6ffffef5 arg 0x160
12-14 08:53:29.214  1948  1974 I ActivityManager: Displayed com.cyanogenmod.filemanager/.activities.NavigationActivity: +330ms
12-14 08:53:29.217  2824  2824 W linker  : [vdso]: unused DT entry: type 0x6ffffef5 arg 0x160
12-14 08:53:29.218  2776  2776 W InputMethodManager: Ignoring onBind: cur seq=10, given seq=9
12-14 08:53:29.220  2825  2825 W linker  : [vdso]: unused DT entry: type 0x6ffffef5 arg 0x160
12-14 08:53:29.222  2826  2826 W linker  : [vdso]: unused DT entry: type 0x6ffffef5 arg 0x160
12-14 08:53:29.267  2828  2828 W linker  : [vdso]: unused DT entry: type 0x6ffffef5 arg 0x160
12-14 08:53:29.269  2829  2829 W linker  : [vdso]: unused DT entry: type 0x6ffffef5 arg 0x160
12-14 08:53:29.270  2830  2830 W linker  : [vdso]: unused DT entry: type 0x6ffffef5 arg 0x160
12-14 08:53:29.310  2776  2807 D MimeTypeIndexService: AUDIO = 1065141
12-14 08:53:29.310  2776  2807 D MimeTypeIndexService: EXEC = 8400
12-14 08:53:29.310  2776  2807 D MimeTypeIndexService: TEXT = 926168
12-14 08:53:29.310  2776  2807 D MimeTypeIndexService: BINARY = 500926726
12-14 08:53:29.310  2776  2807 D MimeTypeIndexService: FONT = 19580216
12-14 08:53:29.310  2776  2807 D MimeTypeIndexService: COMPRESS = 2136830
12-14 08:53:29.310  2776  2807 D MimeTypeIndexService: APP = 98312624
12-14 08:53:29.310  2776  2807 D MimeTypeIndexService: NONE = 743602579
12-14 08:53:29.458  2831  2831 W linker  : [vdso]: unused DT entry: type 0x6ffffef5 arg 0x160
12-14 08:53:31.516  1948  2005 W AudioTrack: AUDIO_OUTPUT_FLAG_FAST denied by client
12-14 08:53:32.391  1948  2016 D TaskPersister: removeObsoleteFile: deleting file=20_task.xml
12-14 08:53:33.677  1948  2005 W AudioTrack: AUDIO_OUTPUT_FLAG_FAST denied by client
12-14 08:53:33.679  2834  2834 W linker  : [vdso]: unused DT entry: type 0x6ffffef5 arg 0x160
12-14 08:53:33.681  2835  2835 W linker  : [vdso]: unused DT entry: type 0x6ffffef5 arg 0x160
12-14 08:53:33.683  2836  2836 W linker  : [vdso]: unused DT entry: type 0x6ffffef5 arg 0x160
12-14 08:53:33.686  2838  2838 W linker  : [vdso]: unused DT entry: type 0x6ffffef5 arg 0x160
12-14 08:53:33.690  2839  2839 W linker  : [vdso]: unused DT entry: type 0x6ffffef5 arg 0x160
12-14 08:53:33.693  2840  2840 W linker  : [vdso]: unused DT entry: type 0x6ffffef5 arg 0x160
12-14 08:53:33.696  2841  2841 W linker  : [vdso]: unused DT entry: type 0x6ffffef5 arg 0x160
12-14 08:53:33.713  2844  2844 W linker  : [vdso]: unused DT entry: type 0x6ffffef5 arg 0x160
12-14 08:53:33.716  2845  2845 W linker  : [vdso]: unused DT entry: type 0x6ffffef5 arg 0x160
12-14 08:53:33.718  2846  2846 W linker  : [vdso]: unused DT entry: type 0x6ffffef5 arg 0x160
12-14 08:53:33.765  2847  2847 W linker  : [vdso]: unused DT entry: type 0x6ffffef5 arg 0x160
12-14 08:53:33.767  2848  2848 W linker  : [vdso]: unused DT entry: type 0x6ffffef5 arg 0x160
12-14 08:53:33.769  2849  2849 W linker  : [vdso]: unused DT entry: type 0x6ffffef5 arg 0x160
12-14 08:53:34.468  2850  2850 W linker  : [vdso]: unused DT entry: type 0x6ffffef5 arg 0x160
12-14 08:53:35.458  1948  2005 W AudioTrack: AUDIO_OUTPUT_FLAG_FAST denied by client
12-14 08:53:39.476  2852  2852 W linker  : [vdso]: unused DT entry: type 0x6ffffef5 arg 0x160
12-14 08:53:44.487  2853  2853 W linker  : [vdso]: unused DT entry: type 0x6ffffef5 arg 0x160
12-14 08:53:47.564  1678  1708 E Vold    : Failed to find mounted volume for /storage/usb0/Android/data/com.cyanogenmod.filemanager/cache/
12-14 08:53:47.564  2776  2855 W ContextImpl: Failed to ensure directory: /storage/usb0/Android/data/com.cyanogenmod.filemanager/cache
12-14 08:53:47.565  1678  1708 E Vold    : Failed to find mounted volume for /storage/usb1/Android/data/com.cyanogenmod.filemanager/cache/
12-14 08:53:47.565  2776  2855 W ContextImpl: Failed to ensure directory: /storage/usb1/Android/data/com.cyanogenmod.filemanager/cache
12-14 08:53:47.566  1678  1708 E Vold    : Failed to find mounted volume for /storage/usb2/Android/data/com.cyanogenmod.filemanager/cache/
12-14 08:53:47.566  2776  2855 W ContextImpl: Failed to ensure directory: /storage/usb2/Android/data/com.cyanogenmod.filemanager/cache
12-14 08:53:47.566  1678  1708 E Vold    : Failed to find mounted volume for /storage/usb3/Android/data/com.cyanogenmod.filemanager/cache/
12-14 08:53:47.567  2776  2855 W ContextImpl: Failed to ensure directory: /storage/usb3/Android/data/com.cyanogenmod.filemanager/cache
12-14 08:53:47.567  1678  1708 E Vold    : Failed to find mounted volume for /storage/sdcard1/Android/data/com.cyanogenmod.filemanager/cache/
12-14 08:53:47.567  2776  2855 W ContextImpl: Failed to ensure directory: /storage/sdcard1/Android/data/com.cyanogenmod.filemanager/cache
12-14 08:53:49.434  1948  2017 D UsbHostManager: Added device UsbDevice[mName=/dev/bus/usb/004/002,mVendorId=2385,mProductId=5734,mClass=0,mSubclass=0,mProtocol=0,mManufacturerName=Kingston,mProductName=DataTraveler 3.0,mSerialNumber=0014780DE1B7BE40B7706E9B,mConfigurations=[
12-14 08:53:49.434  1948  2017 D UsbHostManager: UsbConfiguration[mId=1,mName=null,mAttributes=128,mMaxPower=63,mInterfaces=[
12-14 08:53:49.434  1948  2017 D UsbHostManager: UsbInterface[mId=0,mAlternateSetting=0,mName=null,mClass=8,mSubclass=6,mProtocol=80,mEndpoints=[
12-14 08:53:49.434  1948  2017 D UsbHostManager: UsbEndpoint[mAddress=129,mAttributes=2,mMaxPacketSize=1024,mInterval=0]
12-14 08:53:49.434  1948  2017 D UsbHostManager: UsbEndpoint[mAddress=2,mAttributes=2,mMaxPacketSize=1024,mInterval=0]]]]
12-14 08:53:49.435  1948  2017 W ContextImpl: Calling a method in the system process without a qualified user: android.app.ContextImpl.sendBroadcast:1327 com.android.server.usb.UsbSettingsManager.deviceAttached:741 com.android.server.usb.UsbHostManager.endUsbDeviceAdded:224 com.android.server.usb.UsbHostManager.monitorUsbHostBus:-2 com.android.server.usb.UsbHostManager.access$000:42 
12-14 08:53:49.439  2858  2858 W linker  : [vdso]: unused DT entry: type 0x6ffffef5 arg 0x160
12-14 08:53:50.866  1678  1707 E NetlinkEvent: NetlinkEvent::FindParam(): Parameter 'NPARTS' not found
12-14 08:53:50.866  1678  1707 W DirectVolume: Kernel block uevent missing 'NPARTS'
12-14 08:53:50.866  1678  1707 D Vold    : Volume usb0 state changing 0 (No-Media) -> 2 (Pending)
12-14 08:53:50.866  1678  1707 E NetlinkEvent: NetlinkEvent::FindParam(): Parameter 'PARTN' not found
12-14 08:53:50.866  1678  1707 W DirectVolume: Kernel block uevent missing 'PARTN'
12-14 08:53:50.866  1678  1707 D Vold    : Volume usb0 state changing 2 (Pending) -> 1 (Idle-Unmounted)
12-14 08:53:50.866  1948  1971 D MountService: volume state changed for /storage/usb0 (removed -> unmounted)
12-14 08:53:50.867  1948  1971 D MountService: sendStorageIntent Intent { act=android.intent.action.MEDIA_UNMOUNTED dat=file:///storage/usb0 flg=0x4000000 (has extras) } to UserHandle{-1}
12-14 08:53:50.869  1678  1708 I Vold    : /dev/block/vold/8:17 being considered for volume usb0
12-14 08:53:50.869  1678  1708 D Vold    : Volume usb0 state changing 1 (Idle-Unmounted) -> 3 (Checking)
12-14 08:53:50.869  1678  1708 D Vold    : Trying to get filesystem type for /dev/block/vold/8:17 
12-14 08:53:50.869  1948  1971 D MountService: volume state changed for /storage/usb0 (unmounted -> checking)
12-14 08:53:50.870  1948  1971 D MountService: sendStorageIntent Intent { act=android.intent.action.MEDIA_CHECKING dat=file:///storage/usb0 flg=0x4000000 (has extras) } to UserHandle{-1}
12-14 08:53:50.870  2865  2865 W linker  : [vdso]: unused DT entry: type 0x6ffffef5 arg 0x160
12-14 08:53:50.874  2866  2866 W linker  : [vdso]: unused DT entry: type 0x6ffffef5 arg 0x160
12-14 08:53:50.877  2867  2867 W linker  : [vdso]: unused DT entry: type 0x6ffffef5 arg 0x160
12-14 08:53:50.877  1678  1708 D Vold    : Found vfat filesystem on /dev/block/vold/8:17
12-14 08:53:50.879  2868  2868 W linker  : [vdso]: unused DT entry: type 0x6ffffef5 arg 0x160
12-14 08:53:50.879  1678  1708 I fsck_msdos: WARNING: linker: [vdso]: unused DT entry: type 0x6ffffef5 arg 0x160
12-14 08:53:50.879  2776  2805 W NavigationActivity: Ignoring '/storage/sdcard1' with state of 'unmounted'
12-14 08:53:50.879  2776  2805 W NavigationActivity: Ignoring '/storage/usb0' with state of 'checking'
12-14 08:53:50.879  2776  2805 W NavigationActivity: Ignoring '/storage/usb1' with state of 'removed'
12-14 08:53:50.879  2776  2805 W NavigationActivity: Ignoring '/storage/usb2' with state of 'removed'
12-14 08:53:50.879  2776  2805 W NavigationActivity: Ignoring '/storage/usb3' with state of 'removed'
12-14 08:53:50.880  1678  1708 I fsck_msdos: ** /dev/block/vold/8:17
12-14 08:53:50.885  1678  1708 I fsck_msdos: ** Phase 1 - Read and Compare FATs
12-14 08:53:50.885  1678  1708 I fsck_msdos: Attempting to allocate 120 KB for FAT
12-14 08:53:50.890  1948  1969 I ActivityManager: Start proc 2869:com.android.externalstorage/u0a6 for broadcast com.android.externalstorage/.MountReceiver
12-14 08:53:50.893  1948  1948 I ValidateNoPeople: skipping global notification
12-14 08:53:50.895  1678  1708 I fsck_msdos: Attempting to allocate 120 KB for FAT
12-14 08:53:50.898  1678  1708 I fsck_msdos: ** Phase 2 - Check Cluster Chains
12-14 08:53:50.899  1678  1708 I fsck_msdos: ** Phase 3 - Checking Directories
12-14 08:53:50.899  1678  1708 I fsck_msdos: ** Phase 4 - Checking for Lost Files
12-14 08:53:50.899  1678  1708 I fsck_msdos: 11 files, 2768 free (346 clusters)
12-14 08:53:50.901  1678  1708 I Vold    : Filesystem check completed OK
