01-07 05:33:03.999  6011  6114 I GAV3    : Thread[GAThread,5,main]: No campaign data found.
01-07 05:33:04.140  2145  2216 W AudioTrack: AUDIO_OUTPUT_FLAG_FAST denied by client
01-07 05:33:04.237  6175  6175 W linker  : [vdso]: unused DT entry: type 0x6ffffef5 arg 0x160
01-07 05:33:05.308  2145  2216 W AudioTrack: AUDIO_OUTPUT_FLAG_FAST denied by client
01-07 05:33:05.308  2145  2492 I ActivityManager: START u0 {cmp=cn.wps.moffice_eng/cn.wps.moffice.main.local.home.newfiles.NewFileActivity (has extras)} from uid 10059 on display 0
01-07 05:33:05.313  2145  2492 V WindowManager: addAppToken: AppWindowToken{3524c3d1 token=Token{3c2c2f8 ActivityRecord{36803a5b u0 cn.wps.moffice_eng/cn.wps.moffice.main.local.home.newfiles.NewFileActivity t38}}} to stack=1 task=38 at 1
01-07 05:33:05.413  2145  2188 I InputDispatcher: Dropping event because there is no touchable window at (1819, 781).
01-07 05:33:05.413  2145  2188 I InputDispatcher: Dropping event because there is no touchable window at (1819, 780).
01-07 05:33:05.413  2145  2188 I InputDispatcher: Dropping event because there is no touchable window at (1818, 780).
01-07 05:33:05.413  2145  2188 I InputDispatcher: Dropping event because there is no touchable window at (1817, 778).
01-07 05:33:05.413  2145  2188 I InputDispatcher: Dropping event because there is no touchable window at (1816, 777).
01-07 05:33:05.419  2145  2188 I InputDispatcher: Dropping event because there is no touchable window at (1816, 776).
01-07 05:33:05.427  2145  2188 I InputDispatcher: Dropping event because there is no touchable window at (1816, 775).
01-07 05:33:05.435  2145  2188 I InputDispatcher: Dropping event because there is no touchable window at (1815, 775).
01-07 05:33:05.443  2145  2188 I InputDispatcher: Dropping event because there is no touchable window at (1815, 774).
01-07 05:33:05.445  2145  2547 V WindowManager: Adding window Window{9fe2137 u0 cn.wps.moffice_eng/cn.wps.moffice.main.local.home.newfiles.NewFileActivity} at 8 of 13 (after Window{395670ae u0 cn.wps.moffice_eng/cn.wps.moffice.main.local.home.PadHomeActivity})
01-07 05:33:05.459  2145  2188 I InputDispatcher: Dropping event because there is no touchable window at (1814, 774).
01-07 05:33:05.467  2145  2188 I InputDispatcher: Dropping event because there is no touchable window at (1814, 773).
01-07 05:33:05.498  2145  2175 I ActivityManager: Displayed cn.wps.moffice_eng/cn.wps.moffice.main.local.home.newfiles.NewFileActivity: +95ms
01-07 05:33:07.556  2145  2216 W AudioTrack: AUDIO_OUTPUT_FLAG_FAST denied by client
01-07 05:33:07.596  2145  3554 W ActivityManager: getRunningAppProcesses: caller 10059 does not hold REAL_GET_TASKS; limiting output
01-07 05:33:07.600  2145  2492 I ActivityManager: START u0 {cmp=cn.wps.moffice_eng/cn.wps.moffice.writer.multiactivity.Writer1 (has extras)} from uid 10059 on display 0
01-07 05:33:07.605  2145  2492 V WindowManager: addAppToken: AppWindowToken{1b4a002f token=Token{2cbde0e ActivityRecord{37db1c09 u0 cn.wps.moffice_eng/cn.wps.moffice.writer.multiactivity.Writer1 t39}}} to stack=1 task=39 at 0
01-07 05:33:07.620  2145  2685 V WindowManager: not Base app: Adding window Window{5106fc5 u0 cn.wps.moffice_eng/cn.wps.moffice.main.local.home.newfiles.NewFileActivity} at 9 of 14
01-07 05:33:07.711  6214  6214 W libnb   : Native bridge is disabled
01-07 05:33:07.713  2145  2492 I ActivityManager: Start proc 6214:cn.wps.moffice_eng:writer1/u0a59 for activity cn.wps.moffice_eng/cn.wps.moffice.writer.multiactivity.Writer1
01-07 05:33:07.729  6214  6214 I ActivityThread: Switching default density from 160 to 240
01-07 05:33:07.763  2145  2164 W ActivityManager: getRunningAppProcesses: caller 10059 does not hold REAL_GET_TASKS; limiting output
01-07 05:33:07.767  1878  1905 E Vold    : Failed to find mounted volume for /storage/usb1/Android/data/cn.wps.moffice_eng/cache/
01-07 05:33:07.767  6214  6214 W ContextImpl: Failed to ensure directory: /storage/usb1/Android/data/cn.wps.moffice_eng/cache
01-07 05:33:07.767  1878  1905 E Vold    : Failed to find mounted volume for /storage/usb2/Android/data/cn.wps.moffice_eng/cache/
01-07 05:33:07.767  6214  6214 W ContextImpl: Failed to ensure directory: /storage/usb2/Android/data/cn.wps.moffice_eng/cache
01-07 05:33:07.767  1878  1905 E Vold    : Failed to find mounted volume for /storage/usb3/Android/data/cn.wps.moffice_eng/cache/
01-07 05:33:07.767  6214  6214 W ContextImpl: Failed to ensure directory: /storage/usb3/Android/data/cn.wps.moffice_eng/cache
01-07 05:33:07.767  1878  1905 E Vold    : Failed to find mounted volume for /storage/sdcard1/Android/data/cn.wps.moffice_eng/cache/
01-07 05:33:07.767  6214  6214 W ContextImpl: Failed to ensure directory: /storage/sdcard1/Android/data/cn.wps.moffice_eng/cache
01-07 05:33:07.768  1878  1905 E Vold    : Failed to find mounted volume for /storage/usb1/Android/data/cn.wps.moffice_eng/cache/
01-07 05:33:07.768  6214  6214 W ContextImpl: Failed to ensure directory: /storage/usb1/Android/data/cn.wps.moffice_eng/cache
01-07 05:33:07.768  1878  1905 E Vold    : Failed to find mounted volume for /storage/usb2/Android/data/cn.wps.moffice_eng/cache/
01-07 05:33:07.768  6214  6214 W ContextImpl: Failed to ensure directory: /storage/usb2/Android/data/cn.wps.moffice_eng/cache
01-07 05:33:07.768  1878  1905 E Vold    : Failed to find mounted volume for /storage/usb3/Android/data/cn.wps.moffice_eng/cache/
01-07 05:33:07.768  6214  6214 W ContextImpl: Failed to ensure directory: /storage/usb3/Android/data/cn.wps.moffice_eng/cache
01-07 05:33:07.769  1878  1905 E Vold    : Failed to find mounted volume for /storage/sdcard1/Android/data/cn.wps.moffice_eng/cache/
01-07 05:33:07.769  6214  6214 W ContextImpl: Failed to ensure directory: /storage/sdcard1/Android/data/cn.wps.moffice_eng/cache
01-07 05:33:07.800  6214  6242 D OpenGLRenderer: Use EGL_SWAP_BEHAVIOR_PRESERVED: true
01-07 05:33:07.800  2145  2164 V WindowManager: Adding window Window{2d41531f u0 cn.wps.moffice_eng/cn.wps.moffice.writer.multiactivity.Writer1} at 10 of 15 (after Window{5106fc5 u0 cn.wps.moffice_eng})
01-07 05:33:07.803  2145  2492 V WindowManager: Adding window Window{1cb48717 u0 cn.wps.moffice_eng/cn.wps.moffice.writer.multiactivity.Writer1} at 10 of 16 (before Window{2d41531f u0 cn.wps.moffice_eng/cn.wps.moffice.writer.multiactivity.Writer1})
01-07 05:33:07.812  6214  6244 I System.out: Mismatch in chpFtc with stringCount
01-07 05:33:07.813  6214  6243 W System.err: java.io.IOException: File not exists: /storage/emulated/0/Fonts/.wps-fonts.db
01-07 05:33:07.813  6214  6243 W System.err: 	at cvf.a(Unknown Source)
01-07 05:33:07.813  6214  6243 W System.err: 	at cuv.C(Unknown Source)
01-07 05:33:07.813  6214  6243 W System.err: 	at cuv.aLh(Unknown Source)
01-07 05:33:07.813  6214  6243 W System.err: 	at amb.JA(Unknown Source)
01-07 05:33:07.813  6214  6243 W System.err: 	at gsg.run(Unknown Source)
01-07 05:33:07.819  6214  6242 I GRALLOC-DRM: create intel for driver i915
01-07 05:33:07.819  6214  6242 I EGL-DRI2: DRI2: found extension DRI_Core version 1
01-07 05:33:07.819  6214  6242 I EGL-DRI2: DRI2: found extension DRI_DRI2 version 4
01-07 05:33:07.821  6214  6243 E art     : dlopen("/data/app/cn.wps.moffice_eng-1/lib/arm/libfreetype-jni.so", RTLD_LAZY) failed: dlopen failed: "/data/app/cn.wps.moffice_eng-1/lib/arm/libfreetype-jni.so" has unexpected e_machine: 40
01-07 05:33:07.823  6214  6242 I EGL-DRI2: DRI2: found extension DRI_TexBuffer version 3
01-07 05:33:07.823  6214  6242 I EGL-DRI2: DRI2: found extension DRI2_Flush version 4
01-07 05:33:07.823  6214  6242 I EGL-DRI2: DRI2: found extension DRI_IMAGE version 11
01-07 05:33:07.823  6214  6242 I OpenGLRenderer: Initialized EGL, version 1.4
01-07 05:33:07.823  6214  6242 W OpenGLRenderer: Failed to choose config with EGL_SWAP_BEHAVIOR_PRESERVED, retrying without...
01-07 05:33:07.824  6214  6242 D OpenGLRenderer: Enabling debug mode 0
01-07 05:33:07.882  2145  3552 V WindowManager: Adding window Window{3d243f70 u0 SurfaceView} at 10 of 17 (before Window{1cb48717 u0 cn.wps.moffice_eng/cn.wps.moffice.writer.multiactivity.Writer1})
01-07 05:33:07.922  6214  6232 I art     : Background sticky concurrent mark sweep GC freed 5715(379KB) AllocSpace objects, 1(16KB) LOS objects, 0% free, 10MB/10MB, paused 28.594ms total 44.429ms
01-07 05:33:08.044  2145  2175 I ActivityManager: Displayed cn.wps.moffice_eng/cn.wps.moffice.writer.multiactivity.Writer1: +358ms
01-07 05:33:08.103  6214  6214 V NFC     : this device does not have NFC support
01-07 05:33:08.115  2145  2211 D WifiService: New client listening to asynchronous messages
01-07 05:33:08.125  6214  6214 W InputMethodManager: Ignoring onBind: cur seq=110, given seq=109
01-07 05:33:08.702  2145  2189 I InputReader: Reconfiguring input devices.  changes=0x00000010
01-07 05:33:08.702  2145  2145 D BackupManagerService: Received broadcast Intent { act=android.intent.action.PACKAGE_CHANGED dat=package:cn.wps.moffice_eng flg=0x4000010 (has extras) }
01-07 05:33:08.713  2272  2272 W ResourceType: No package identifier when getting value for resource number 0x00000000
01-07 05:33:08.714  2272  2272 W PackageManager: Failure retrieving resources for cn.wps.moffice_eng: Resource ID #0x0
01-07 05:33:08.832  2421  2421 W Launcher: setApplicationContext called twice! old=com.android.launcher3.LauncherApplication@13ef5714 new=com.android.launcher3.LauncherApplication@13ef5714
01-07 05:33:08.840  2421  2421 I Launcher: Deferring update until onResume
01-07 05:33:08.987  2421  2421 I Launcher: Deferring update until onResume
01-07 05:33:08.999  2145  2678 W ActivityManager: Unable to start service Intent { act=com.google.android.gms.analytics.service.START cmp=com.google.android.gms/.analytics.service.AnalyticsService (has extras) } U=0: not found
01-07 05:33:08.999  6011  6173 W GAV3    : Thread[Service Reconnect,5,main]: Service unavailable (code=1), using local store.
01-07 05:33:09.249  6260  6260 W linker  : [vdso]: unused DT entry: type 0x6ffffef5 arg 0x160
01-07 05:33:09.437  6084  6111 D com.xiaomi.common.Network: Http POST Response Code: 200
01-07 05:33:09.614  6084  6111 V xiaomi  : [Thread:230] JOB: do reconnect..
01-07 05:33:09.616  6084  6111 V xiaomi  : [Thread:230] update the connection status. disconnected -> connecting : ERROR_OK 
01-07 05:33:09.617  2145  2685 W ActivityManager: getRunningAppProcesses: caller 10059 does not hold REAL_GET_TASKS; limiting output
01-07 05:33:09.618  6084  6111 V xiaomi  : [Thread:230] begin to connect to 42.62.94.2
01-07 05:33:09.633  6084  6261 V xiaomi  : [Thread:238] get bucket:    isp: Ethernet- hosts:{"app.chat.xiaomi.net":["42.62.94.2:5222","114.54.23.2:80","111.206.200.2:5222","120.134.33.29:5222"],"resolver.msg.xiaomi.net":["42.62.94.234:5222","42.62.94.234:80","120.134.33.157:5222","120.134.33.157:80"]}
01-07 05:33:09.634  2145  2164 W ActivityManager: getRunningAppProcesses: caller 10059 does not hold REAL_GET_TASKS; limiting output
01-07 05:33:10.644  2145  3551 W InputMethodManagerService: Ignoring showInputMethodPickerFromClient of uid 10010: com.android.internal.view.IInputMethodClient$Stub$Proxy@3e8435d0
01-07 05:33:10.646  2145  2216 W AudioTrack: AUDIO_OUTPUT_FLAG_FAST denied by client
01-07 05:33:10.651  2145  2145 D Atlas   : Validating map...
01-07 05:33:10.669  2145  2198 I EGL-DRI2: DRI2: found extension DRI_Core version 1
01-07 05:33:10.669  2145  2198 I EGL-DRI2: DRI2: found extension DRI_DRI2 version 4
01-07 05:33:10.673  2145  2198 I EGL-DRI2: DRI2: found extension DRI_TexBuffer version 3
01-07 05:33:10.673  2145  2198 I EGL-DRI2: DRI2: found extension DRI2_Flush version 4
01-07 05:33:10.673  2145  2198 I EGL-DRI2: DRI2: found extension DRI_IMAGE version 11
01-07 05:33:10.673  2145  2198 I OpenGLRenderer: Initialized EGL, version 1.4
01-07 05:33:11.852  2145  2216 W AudioTrack: AUDIO_OUTPUT_FLAG_FAST denied by client
01-07 05:33:11.951  2145  2165 W InputMethodManagerService: Window already focused, ignoring focus gain of: com.android.internal.view.IInputMethodClient$Stub$Proxy@38c436ad attribute=null, token = android.os.BinderProxy@9520f96
01-07 05:33:11.961  2145  2685 V InputMethodManagerService: Adding window token: android.os.Binder@109a90a9
01-07 05:33:11.961  2316  2543 I LatinIME:LogUtils: Dictionary info: dictionary = PersonalizationDictionary.en_US ; version = 1452143935 ; date = 1452144791
01-07 05:33:12.002  2145  2492 V WindowManager: not Base app: Adding window Window{3b3915cf u0 com.sohu.inputmethod.sogou/com.sohu.inputmethod.settings.guide.SettingGuideActivity} at 4 of 17
01-07 05:33:12.080  4823  4823 E art     : dlopen("/data/data/com.sohu.inputmethod.sogou/files/.dict/sogouime", RTLD_LAZY) failed: dlopen failed: "/data/data/com.sohu.inputmethod.sogou/files/.dict/sogouime" has unexpected e_machine: 40
01-07 05:33:12.081  4823  4823 E art     : No implementation found for boolean com.sohu.inputmethod.engine.IMEInterface.native_setup(android.content.Context) (tried Java_com_sohu_inputmethod_engine_IMEInterface_native_1setup and Java_com_sohu_inputmethod_engine_IMEInterface_native_1setup__Landroid_content_Context_2)
01-07 05:33:12.081  4823  4823 D AndroidRuntime: Shutting down VM
01-07 05:33:12.088  4823  4838 E art     : No implementation found for void com.sohu.inputmethod.engine.IMEInterface.native_finalize() (tried Java_com_sohu_inputmethod_engine_IMEInterface_native_1finalize and Java_com_sohu_inputmethod_engine_IMEInterface_native_1finalize__)
01-07 05:33:12.088  4823  4838 E System  : Uncaught exception thrown by finalizer
01-07 05:33:12.088  4823  4838 E System  : java.lang.UnsatisfiedLinkError: No implementation found for void com.sohu.inputmethod.engine.IMEInterface.native_finalize() (tried Java_com_sohu_inputmethod_engine_IMEInterface_native_1finalize and Java_com_sohu_inputmethod_engine_IMEInterface_native_1finalize__)
01-07 05:33:12.088  4823  4838 E System  : 	at com.sohu.inputmethod.engine.IMEInterface.native_finalize(Native Method)
01-07 05:33:12.088  4823  4838 E System  : 	at com.sohu.inputmethod.engine.IMEInterface.finalize(SogouSource:1966)
01-07 05:33:12.088  4823  4838 E System  : 	at java.lang.Daemons$FinalizerDaemon.doFinalize(Daemons.java:191)
01-07 05:33:12.088  4823  4838 E System  : 	at java.lang.Daemons$FinalizerDaemon.run(Daemons.java:174)
01-07 05:33:12.088  4823  4838 E System  : 	at java.lang.Thread.run(Thread.java:818)
01-07 05:33:12.153  4823  4823 E art     : No implementation found for boolean com.sohu.inputmethod.engine.IMEInterface.native_setup(android.content.Context) (tried Java_com_sohu_inputmethod_engine_IMEInterface_native_1setup and Java_com_sohu_inputmethod_engine_IMEInterface_native_1setup__Landroid_content_Context_2)
01-07 05:33:12.157  4823  4838 E art     : No implementation found for void com.sohu.inputmethod.engine.IMEInterface.native_finalize() (tried Java_com_sohu_inputmethod_engine_IMEInterface_native_1finalize and Java_com_sohu_inputmethod_engine_IMEInterface_native_1finalize__)
01-07 05:33:12.157  4823  4838 E System  : Uncaught exception thrown by finalizer
01-07 05:33:12.157  4823  4838 E System  : java.lang.UnsatisfiedLinkError: No implementation found for void com.sohu.inputmethod.engine.IMEInterface.native_finalize() (tried Java_com_sohu_inputmethod_engine_IMEInterface_native_1finalize and Java_com_sohu_inputmethod_engine_IMEInterface_native_1finalize__)
01-07 05:33:12.157  4823  4838 E System  : 	at com.sohu.inputmethod.engine.IMEInterface.native_finalize(Native Method)
01-07 05:33:12.157  4823  4838 E System  : 	at com.sohu.inputmethod.engine.IMEInterface.finalize(SogouSource:1966)
01-07 05:33:12.157  4823  4838 E System  : 	at java.lang.Daemons$FinalizerDaemon.doFinalize(Daemons.java:191)
01-07 05:33:12.157  4823  4838 E System  : 	at java.lang.Daemons$FinalizerDaemon.run(Daemons.java:174)
01-07 05:33:12.157  4823  4838 E System  : 	at java.lang.Thread.run(Thread.java:818)
01-07 05:33:12.640  2145  3554 W ActivityManager: getRunningAppProcesses: caller 10053 does not hold REAL_GET_TASKS; limiting output
01-07 05:33:13.220  2145  2678 V WindowManager: Adding window Window{bdb3feb u0 PopupWindow:37f0adc1} at 12 of 17 (after Window{1cb48717 u0 cn.wps.moffice_eng/cn.wps.moffice.writer.multiactivity.Writer1})
01-07 05:33:14.629  6084  6111 V xiaomi  : [Thread:230] connected to 42.62.94.2 in 5011
01-07 05:33:14.629  2145  3554 W ActivityManager: getRunningAppProcesses: caller 10059 does not hold REAL_GET_TASKS; limiting output
01-07 05:33:14.633  6084  6271 V xiaomi  : [Thread:239] setChallenge hash = 2a74eb59
01-07 05:33:14.633  6084  6271 V xiaomi  : [Thread:239] update the connection status. connecting -> connected : ERROR_OK 
01-07 05:33:14.634  6084  6111 V xiaomi  : [Thread:230] JOB: bind the client. 5, 51426811099@xiaomi.com/anseQKGe
01-07 05:33:14.634  6084  6111 V xiaomi  : [Thread:230] update the client 5 status. unbind->binding unknown ERROR_OK null null
01-07 05:33:14.635  6084  6111 V xiaomi  : [Thread:230] SMACK: bind id=4B8CS-0
01-07 05:33:14.641  6084  6111 V xiaomi  : [Thread:230] try send mi push message. packagename:cn.wps.moffice_eng action:Registration
01-07 05:33:14.641  6084  6111 V xiaomi  : [Thread:230] update the client 5 status. binding->binded OPEN ERROR_OK null null
01-07 05:33:14.641  6084  6111 V xiaomi  : [Thread:230] SMACK: channel bind succeeded, chid=5
01-07 05:33:14.710  6084  6111 V xiaomi  : [Thread:230] receive a message, appid=2882303761517132502, msgid= YOdF1452144778297
01-07 05:33:14.743  6011  6273 V xiaomi  : [Thread:341] receive an intent from server, action=com.xiaomi.mipush.RECEIVE_MESSAGE
01-07 05:33:14.745  6011  6273 V xiaomi  : [Thread:341] processing a message, action=Registration
01-07 05:33:14.808  6084  6111 V xiaomi  : [Thread:230] try send mi push message. packagename:cn.wps.moffice_eng action:Subscription
01-07 05:33:14.808  6084  6111 V xiaomi  : [Thread:230] try send mi push message. packagename:cn.wps.moffice_eng action:Subscription
01-07 05:33:14.809  6084  6111 V xiaomi  : [Thread:230] try send mi push message. packagename:cn.wps.moffice_eng action:Subscription
01-07 05:33:14.809  6084  6111 V xiaomi  : [Thread:230] try send mi push message. packagename:cn.wps.moffice_eng action:Subscription
01-07 05:33:14.809  6084  6111 V xiaomi  : [Thread:230] try send mi push message. packagename:cn.wps.moffice_eng action:Subscription
01-07 05:33:14.810  6084  6111 V xiaomi  : [Thread:230] try send mi push message. packagename:cn.wps.moffice_eng action:Subscription
01-07 05:33:14.811  6084  6111 V xiaomi  : [Thread:230] try send mi push message. packagename:cn.wps.moffice_eng action:Subscription
01-07 05:33:14.836  6084  6111 V xiaomi  : [Thread:230] receive a message, appid=2882303761517132502, msgid= dj1B1452144778298
01-07 05:33:14.837  6084  6111 V xiaomi  : [Thread:230] receive a message, appid=2882303761517132502, msgid= VfUc1452144778302
01-07 05:33:14.839  6011  6275 V xiaomi  : [Thread:342] receive an intent from server, action=com.xiaomi.mipush.RECEIVE_MESSAGE
01-07 05:33:14.840  6011  6275 V xiaomi  : [Thread:342] processing a message, action=Subscription
01-07 05:33:14.840  6084  6111 V xiaomi  : [Thread:230] receive a message, appid=2882303761517132502, msgid= a1yj1452144778301
01-07 05:33:14.841  6084  6111 V xiaomi  : [Thread:230] receive a message, appid=2882303761517132502, msgid= 1X8K1452144778299
01-07 05:33:14.842  6084  6111 V xiaomi  : [Thread:230] receive a message, appid=2882303761517132502, msgid= ustw1452144778303
01-07 05:33:14.843  6084  6111 V xiaomi  : [Thread:230] receive a message, appid=2882303761517132502, msgid= MDf41452144778300
01-07 05:33:14.847  6084  6111 V xiaomi  : [Thread:230] receive a message, appid=2882303761517132502, msgid= cABM1452144783445
01-07 05:33:14.875  6011  6275 V xiaomi  : [Thread:342] receive an intent from server, action=com.xiaomi.mipush.RECEIVE_MESSAGE
01-07 05:33:14.875  6011  6275 V xiaomi  : [Thread:342] processing a message, action=Subscription
01-07 05:33:14.932  6011  6275 V xiaomi  : [Thread:342] receive an intent from server, action=com.xiaomi.mipush.RECEIVE_MESSAGE
01-07 05:33:14.932  6011  6275 V xiaomi  : [Thread:342] processing a message, action=Subscription
01-07 05:33:14.953  6276  6276 W linker  : [vdso]: unused DT entry: type 0x6ffffef5 arg 0x160
01-07 05:33:14.958  6011  6275 V xiaomi  : [Thread:342] receive an intent from server, action=com.xiaomi.mipush.RECEIVE_MESSAGE
01-07 05:33:14.959  6011  6275 V xiaomi  : [Thread:342] processing a message, action=Subscription
01-07 05:33:14.984  6011  6275 V xiaomi  : [Thread:342] receive an intent from server, action=com.xiaomi.mipush.RECEIVE_MESSAGE
01-07 05:33:14.984  6011  6275 V xiaomi  : [Thread:342] processing a message, action=Subscription
01-07 05:33:15.009  6011  6275 V xiaomi  : [Thread:342] receive an intent from server, action=com.xiaomi.mipush.RECEIVE_MESSAGE
01-07 05:33:15.009  6011  6275 V xiaomi  : [Thread:342] processing a message, action=Subscription
01-07 05:33:15.034  6011  6275 V xiaomi  : [Thread:342] receive an intent from server, action=com.xiaomi.mipush.RECEIVE_MESSAGE
01-07 05:33:15.035  6011  6275 V xiaomi  : [Thread:342] processing a message, action=Subscription
01-07 05:33:18.977  2145  2188 I InputDispatcher: Application is not responding: AppWindowToken{1b4a002f token=Token{2cbde0e ActivityRecord{37db1c09 u0 cn.wps.moffice_eng/cn.wps.moffice.writer.multiactivity.Writer1 t39}}} - Window{1cb48717 u0 cn.wps.moffice_eng/cn.wps.moffice.writer.multiactivity.Writer1}.  It has been 5006.3ms since event, 5006.0ms since wait started.  Reason: Waiting to send key event because the focused window has not finished processing all of the input events that were previously delivered to it.  Outbound queue length: 0.  Wait queue length: 1.
01-07 05:33:18.979  2145  2188 I WindowManager: Input event dispatching timed out sending to cn.wps.moffice_eng/cn.wps.moffice.writer.multiactivity.Writer1.  Reason: Waiting to send key event because the focused window has not finished processing all of the input events that were previously delivered to it.  Outbound queue length: 0.  Wait queue length: 1.
01-07 05:33:18.983  2145  2170 I Process : Sending signal. PID: 6214 SIG: 3
01-07 05:33:18.983  6214  6227 I art     : Thread[9,tid=6227,WaitingInMainSignalCatcherLoop,Thread*=0xf3c32c00,peer=0x12c000a0,"Signal Catcher"]: reacting to signal 3
01-07 05:33:19.060  6214  6227 I art     : Wrote stack traces to '/data/anr/traces.txt'
01-07 05:33:19.060  2145  2170 I Process : Sending signal. PID: 2145 SIG: 3
01-07 05:33:19.061  2145  2158 I art     : Thread[9,tid=2158,WaitingInMainSignalCatcherLoop,Thread*=0x7f42310a1000,peer=0x12c020a0,"Signal Catcher"]: reacting to signal 3
01-07 05:33:19.261  2145  2170 I Process : Sending signal. PID: 2272 SIG: 3
01-07 05:33:19.261  2272  2285 I art     : Thread[9,tid=2285,WaitingInMainSignalCatcherLoop,Thread*=0x7f42310a0000,peer=0x12c000a0,"Signal Catcher"]: reacting to signal 3
01-07 05:33:19.277  2145  2158 I art     : Wrote stack traces to '/data/anr/traces.txt'
01-07 05:33:19.352  2272  2285 I art     : Wrote stack traces to '/data/anr/traces.txt'
01-07 05:33:19.966  6277  6277 W linker  : [vdso]: unused DT entry: type 0x6ffffef5 arg 0x160
01-07 05:33:20.768  2145  2170 I art     : Explicit concurrent mark sweep GC freed 8579(405KB) AllocSpace objects, 1(36KB) LOS objects, 33% free, 20MB/30MB, paused 239us total 8.692ms
01-07 05:33:21.275  2145  2170 E ActivityManager: ANR in cn.wps.moffice_eng:writer1 (cn.wps.moffice_eng/cn.wps.moffice.writer.multiactivity.Writer1)
01-07 05:33:21.275  2145  2170 E ActivityManager: PID: 6214
01-07 05:33:21.275  2145  2170 E ActivityManager: Reason: Input dispatching timed out (Waiting to send key event because the focused window has not finished processing all of the input events that were previously delivered to it.  Outbound queue length: 0.  Wait queue length: 1.)
01-07 05:33:21.275  2145  2170 E ActivityManager: Load: 0.73 / 0.52 / 0.37
01-07 05:33:21.275  2145  2170 E ActivityManager: CPU usage from 3314ms to -2291ms ago:
01-07 05:33:21.275  2145  2170 E ActivityManager:   3.5% 2145/system_server: 1% user + 2.5% kernel / faults: 1182 minor 6 major
01-07 05:33:21.275  2145  2170 E ActivityManager:   1% 2272/com.android.systemui: 0.5% user + 0.5% kernel / faults: 491 minor
01-07 05:33:21.275  2145  2170 E ActivityManager:   0.8% 6214/cn.wps.moffice_eng:writer1: 0.7% user + 0.1% kernel / faults: 275 minor 3 major
01-07 05:33:21.275  2145  2170 E ActivityManager:   0% 1887/debuggerd64: 0% user + 0% kernel / faults: 326 minor
01-07 05:33:21.275  2145  2170 E ActivityManager:   0.5% 1879/surfaceflinger: 0.3% user + 0.1% kernel / faults: 19 minor
01-07 05:33:21.275  2145  2170 E ActivityManager:   0.1% 7/rcu_preempt: 0% user + 0.1% kernel
01-07 05:33:21.275  2145  2170 E ActivityManager:   0.1% 1874/logd: 0.1% user + 0% kernel
01-07 05:33:21.275  2145  2170 E ActivityManager:   0% 4232/kworker/0:0: 0% user + 0% kernel
01-07 05:33:21.275  2145  2170 E ActivityManager: 1.2% TOTAL: 0.4% user + 0.3% kernel + 0.4% iowait
01-07 05:33:21.275  2145  2170 E ActivityManager: CPU usage from 1786ms to 2288ms later:
01-07 05:33:21.275  2145  2170 E ActivityManager: 0% TOTAL: 0% user + 0% kernel
01-07 05:33:21.285  2145  2170 W ViewRootImpl: Dropping event due to no window focus: KeyEvent { action=ACTION_DOWN, keyCode=KEYCODE_I, scanCode=23, metaState=0, flags=0x8, repeatCount=0, eventTime=890959, downTime=890959, deviceId=16, source=0x101 }
01-07 05:33:21.285  2145  2170 W ViewRootImpl: Cancelling event due to no window focus: KeyEvent { action=ACTION_UP, keyCode=KEYCODE_I, scanCode=23, metaState=0, flags=0x28, repeatCount=0, eventTime=891079, downTime=890959, deviceId=16, source=0x101 }
01-07 05:33:21.285  2145  2170 W ViewRootImpl: Cancelling event due to no window focus: KeyEvent { action=ACTION_UP, keyCode=KEYCODE_I, scanCode=23, metaState=0, flags=0x28, repeatCount=0, eventTime=891079, downTime=890959, deviceId=16, source=0x101 }
01-07 05:33:21.285  2145  2170 W ViewRootImpl: Cancelling event due to no window focus: KeyEvent { action=ACTION_UP, keyCode=KEYCODE_I, scanCode=23, metaState=0, flags=0x28, repeatCount=0, eventTime=891079, downTime=890959, deviceId=16, source=0x101 }
01-07 05:33:21.285  2145  2170 W ViewRootImpl: Cancelling event due to no window focus: KeyEvent { action=ACTION_UP, keyCode=KEYCODE_I, scanCode=23, metaState=0, flags=0x28, repeatCount=0, eventTime=891079, downTime=890959, deviceId=16, source=0x101 }
01-07 05:33:21.285  2145  2170 W ViewRootImpl: Cancelling event due to no window focus: KeyEvent { action=ACTION_UP, keyCode=KEYCODE_I, scanCode=23, metaState=0, flags=0x28, repeatCount=0, eventTime=891079, downTime=890959, deviceId=16, source=0x101 }
01-07 05:33:21.285  2145  2170 W ViewRootImpl: Cancelling event due to no window focus: KeyEvent { action=ACTION_UP, keyCode=KEYCODE_I, scanCode=23, metaState=0, flags=0x28, repeatCount=0, eventTime=891079, downTime=890959, deviceId=16, source=0x101 }
01-07 05:33:21.285  2145  2170 W ViewRootImpl: Dropping event due to no window focus: KeyEvent { action=ACTION_DOWN, keyCode=KEYCODE_H, scanCode=35, metaState=0, flags=0x8, repeatCount=0, eventTime=891199, downTime=891199, deviceId=16, source=0x101 }
01-07 05:33:21.285  2145  2170 W ViewRootImpl: Cancelling event due to no window focus: KeyEvent { action=ACTION_UP, keyCode=KEYCODE_H, scanCode=35, metaState=0, flags=0x28, repeatCount=0, eventTime=891359, downTime=891199, deviceId=16, source=0x101 }
01-07 05:33:21.285  2145  2170 W ViewRootImpl: Cancelling event due to no window focus: KeyEvent { action=ACTION_UP, keyCode=KEYCODE_H, scanCode=35, metaState=0, flags=0x28, repeatCount=0, eventTime=891359, downTime=891199, deviceId=16, source=0x101 }
01-07 05:33:21.285  2145  2170 W ViewRootImpl: Cancelling event due to no window focus: KeyEvent { action=ACTION_UP, keyCode=KEYCODE_H, scanCode=35, metaState=0, flags=0x28, repeatCount=0, eventTime=891359, downTime=891199, deviceId=16, source=0x101 }
01-07 05:33:21.285  2145  2170 W ViewRootImpl: Cancelling event due to no window focus: KeyEvent { action=ACTION_UP, keyCode=KEYCODE_H, scanCode=35, metaState=0, flags=0x28, repeatCount=0, eventTime=891359, downTime=891199, deviceId=16, source=0x101 }
01-07 05:33:21.285  2145  2170 W ViewRootImpl: Cancelling event due to no window focus: KeyEvent { action=ACTION_UP, keyCode=KEYCODE_H, scanCode=35, metaState=0, flags=0x28, repeatCount=0, eventTime=891359, downTime=891199, deviceId=16, source=0x101 }
01-07 05:33:21.286  2145  2170 W ViewRootImpl: Cancelling event due to no window focus: KeyEvent { action=ACTION_UP, keyCode=KEYCODE_H, scanCode=35, metaState=0, flags=0x28, repeatCount=0, eventTime=891359, downTime=891199, deviceId=16, source=0x101 }
01-07 05:33:21.286  2145  2170 W ViewRootImpl: Dropping event due to no window focus: KeyEvent { action=ACTION_DOWN, keyCode=KEYCODE_A, scanCode=30, metaState=0, flags=0x8, repeatCount=0, eventTime=891447, downTime=891447, deviceId=16, source=0x101 }
01-07 05:33:21.286  2145  2170 W ViewRootImpl: Dropping event due to no window focus: KeyEvent { action=ACTION_DOWN, keyCode=KEYCODE_O, scanCode=24, metaState=0, flags=0x8, repeatCount=0, eventTime=891519, downTime=891519, deviceId=16, source=0x101 }
01-07 05:33:21.286  2145  2170 W ViewRootImpl: Cancelling event due to no window focus: KeyEvent { action=ACTION_UP, keyCode=KEYCODE_A, scanCode=30, metaState=0, flags=0x28, repeatCount=0, eventTime=891623, downTime=891519, deviceId=16, source=0x101 }
01-07 05:33:21.286  2145  2170 W ViewRootImpl: Cancelling event due to no window focus: KeyEvent { action=ACTION_UP, keyCode=KEYCODE_A, scanCode=30, metaState=0, flags=0x28, repeatCount=0, eventTime=891623, downTime=891519, deviceId=16, source=0x101 }
01-07 05:33:21.286  2145  2170 W ViewRootImpl: Cancelling event due to no window focus: KeyEvent { action=ACTION_UP, keyCode=KEYCODE_A, scanCode=30, metaState=0, flags=0x28, repeatCount=0, eventTime=891623, downTime=891519, deviceId=16, source=0x101 }
01-07 05:33:21.286  2145  2170 W ViewRootImpl: Cancelling event due to no window focus: KeyEvent { action=ACTION_UP, keyCode=KEYCODE_A, scanCode=30, metaState=0, flags=0x28, repeatCount=0, eventTime=891623, downTime=891519, deviceId=16, source=0x101 }
01-07 05:33:21.286  2145  2170 W ViewRootImpl: Cancelling event due to no window focus: KeyEvent { action=ACTION_UP, keyCode=KEYCODE_A, scanCode=30, metaState=0, flags=0x28, repeatCount=0, eventTime=891623, downTime=891519, deviceId=16, source=0x101 }
01-07 05:33:21.286  2145  2170 W ViewRootImpl: Cancelling event due to no window focus: KeyEvent { action=ACTION_UP, keyCode=KEYCODE_A, scanCode=30, metaState=0, flags=0x28, repeatCount=0, eventTime=891623, downTime=891519, deviceId=16, source=0x101 }
01-07 05:33:21.286  2145  2170 W ViewRootImpl: Cancelling event due to no window focus: KeyEvent { action=ACTION_UP, keyCode=KEYCODE_O, scanCode=24, metaState=0, flags=0x28, repeatCount=0, eventTime=891663, downTime=891519, deviceId=16, source=0x101 }
01-07 05:33:21.286  2145  2170 W ViewRootImpl: Cancelling event due to no window focus: KeyEvent { action=ACTION_UP, keyCode=KEYCODE_O, scanCode=24, metaState=0, flags=0x28, repeatCount=0, eventTime=891663, downTime=891519, deviceId=16, source=0x101 }
01-07 05:33:21.286  2145  2170 W ViewRootImpl: Cancelling event due to no window focus: KeyEvent { action=ACTION_UP, keyCode=KEYCODE_O, scanCode=24, metaState=0, flags=0x28, repeatCount=0, eventTime=891663, downTime=891519, deviceId=16, source=0x101 }
01-07 05:33:21.286  2145  2170 W ViewRootImpl: Cancelling event due to no window focus: KeyEvent { action=ACTION_UP, keyCode=KEYCODE_O, scanCode=24, metaState=0, flags=0x28, repeatCount=0, eventTime=891663, downTime=891519, deviceId=16, source=0x101 }
01-07 05:33:21.286  2145  2170 W ViewRootImpl: Cancelling event due to no window focus: KeyEvent { action=ACTION_UP, keyCode=KEYCODE_O, scanCode=24, metaState=0, flags=0x28, repeatCount=0, eventTime=891663, downTime=891519, deviceId=16, source=0x101 }
01-07 05:33:21.286  2145  2170 W ViewRootImpl: Cancelling event due to no window focus: KeyEvent { action=ACTION_UP, keyCode=KEYCODE_O, scanCode=24, metaState=0, flags=0x28, repeatCount=0, eventTime=891663, downTime=891519, deviceId=16, source=0x101 }
01-07 05:33:21.286  2145  2170 W ViewRootImpl: Dropping event due to no window focus: KeyEvent { action=ACTION_DOWN, keyCode=KEYCODE_SPACE, scanCode=57, metaState=0, flags=0x8, repeatCount=0, eventTime=892039, downTime=892039, deviceId=16, source=0x101 }
01-07 05:33:21.286  2145  2170 W ViewRootImpl: Cancelling event due to no window focus: KeyEvent { action=ACTION_UP, keyCode=KEYCODE_SPACE, scanCode=57, metaState=0, flags=0x28, repeatCount=0, eventTime=892127, downTime=892039, deviceId=16, source=0x101 }
01-07 05:33:21.286  2145  2170 W ViewRootImpl: Cancelling event due to no window focus: KeyEvent { action=ACTION_UP, keyCode=KEYCODE_SPACE, scanCode=57, metaState=0, flags=0x28, repeatCount=0, eventTime=892127, downTime=892039, deviceId=16, source=0x101 }
01-07 05:33:21.286  2145  2170 W ViewRootImpl: Cancelling event due to no window focus: KeyEvent { action=ACTION_UP, keyCode=KEYCODE_SPACE, scanCode=57, metaState=0, flags=0x28, repeatCount=0, eventTime=892127, downTime=892039, deviceId=16, source=0x101 }
01-07 05:33:21.286  2145  2170 W ViewRootImpl: Cancelling event due to no window focus: KeyEvent { action=ACTION_UP, keyCode=KEYCODE_SPACE, scanCode=57, metaState=0, flags=0x28, repeatCount=0, eventTime=892127, downTime=892039, deviceId=16, source=0x101 }
01-07 05:33:21.286  2145  2170 W ViewRootImpl: Cancelling event due to no window focus: KeyEvent { action=ACTION_UP, keyCode=KEYCODE_SPACE, scanCode=57, metaState=0, flags=0x28, repeatCount=0, eventTime=892127, downTime=892039, deviceId=16, source=0x101 }
01-07 05:33:21.286  2145  2170 W ViewRootImpl: Cancelling event due to no window focus: KeyEvent { action=ACTION_UP, keyCode=KEYCODE_SPACE, scanCode=57, metaState=0, flags=0x28, repeatCount=0, eventTime=892127, downTime=892039, deviceId=16, source=0x101 }
01-07 05:33:21.286  2145  2170 W ViewRootImpl: Dropping event due to no window focus: KeyEvent { action=ACTION_DOWN, keyCode=KEYCODE_N, scanCode=49, metaState=0, flags=0x8, repeatCount=0, eventTime=893087, downTime=893087, deviceId=16, source=0x101 }
01-07 05:33:21.286  2145  2170 W ViewRootImpl: Cancelling event due to no window focus: KeyEvent { action=ACTION_UP, keyCode=KEYCODE_N, scanCode=49, metaState=0, flags=0x28, repeatCount=0, eventTime=893223, downTime=893087, deviceId=16, source=0x101 }
01-07 05:33:21.286  2145  2170 W ViewRootImpl: Cancelling event due to no window focus: KeyEvent { action=ACTION_UP, keyCode=KEYCODE_N, scanCode=49, metaState=0, flags=0x28, repeatCount=0, eventTime=893223, downTime=893087, deviceId=16, source=0x101 }
01-07 05:33:21.286  2145  2170 W ViewRootImpl: Cancelling event due to no window focus: KeyEvent { action=ACTION_UP, keyCode=KEYCODE_N, scanCode=49, metaState=0, flags=0x28, repeatCount=0, eventTime=893223, downTime=893087, deviceId=16, source=0x101 }
01-07 05:33:21.286  2145  2170 W ViewRootImpl: Cancelling event due to no window focus: KeyEvent { action=ACTION_UP, keyCode=KEYCODE_N, scanCode=49, metaState=0, flags=0x28, repeatCount=0, eventTime=893223, downTime=893087, deviceId=16, source=0x101 }
01-07 05:33:21.286  2145  2170 W ViewRootImpl: Cancelling event due to no window focus: KeyEvent { action=ACTION_UP, keyCode=KEYCODE_N, scanCode=49, metaState=0, flags=0x28, repeatCount=0, eventTime=893223, downTime=893087, deviceId=16, source=0x101 }
01-07 05:33:21.286  2145  2170 W ViewRootImpl: Cancelling event due to no window focus: KeyEvent { action=ACTION_UP, keyCode=KEYCODE_N, scanCode=49, metaState=0, flags=0x28, repeatCount=0, eventTime=893223, downTime=893087, deviceId=16, source=0x101 }
01-07 05:33:21.286  2145  2170 W ViewRootImpl: Dropping event due to no window focus: KeyEvent { action=ACTION_DOWN, keyCode=KEYCODE_I, scanCode=23, metaState=0, flags=0x8, repeatCount=0, eventTime=893303, downTime=893303, deviceId=16, source=0x101 }
01-07 05:33:21.286  2145  2170 W ViewRootImpl: Cancelling event due to no window focus: KeyEvent { action=ACTION_UP, keyCode=KEYCODE_I, scanCode=23, metaState=0, flags=0x28, repeatCount=0, eventTime=893447, downTime=893303, deviceId=16, source=0x101 }
01-07 05:33:21.286  2145  2170 W ViewRootImpl: Cancelling event due to no window focus: KeyEvent { action=ACTION_UP, keyCode=KEYCODE_I, scanCode=23, metaState=0, flags=0x28, repeatCount=0, eventTime=893447, downTime=893303, deviceId=16, source=0x101 }
01-07 05:33:21.286  2145  2170 W ViewRootImpl: Cancelling event due to no window focus: KeyEvent { action=ACTION_UP, keyCode=KEYCODE_I, scanCode=23, metaState=0, flags=0x28, repeatCount=0, eventTime=893447, downTime=893303, deviceId=16, source=0x101 }
01-07 05:33:21.286  2145  2170 W ViewRootImpl: Cancelling event due to no window focus: KeyEvent { action=ACTION_UP, keyCode=KEYCODE_I, scanCode=23, metaState=0, flags=0x28, repeatCount=0, eventTime=893447, downTime=893303, deviceId=16, source=0x101 }
01-07 05:33:21.286  2145  2170 W ViewRootImpl: Cancelling event due to no window focus: KeyEvent { action=ACTION_UP, keyCode=KEYCODE_I, scanCode=23, metaState=0, flags=0x28, repeatCount=0, eventTime=893447, downTime=893303, deviceId=16, source=0x101 }
01-07 05:33:21.286  2145  2170 W ViewRootImpl: Cancelling event due to no window focus: KeyEvent { action=ACTION_UP, keyCode=KEYCODE_I, scanCode=23, metaState=0, flags=0x28, repeatCount=0, eventTime=893447, downTime=893303, deviceId=16, source=0x101 }
01-07 05:33:21.286  2145  2170 W ViewRootImpl: Dropping event due to no window focus: KeyEvent { action=ACTION_DOWN, keyCode=KEYCODE_ENTER, scanCode=28, metaState=0, flags=0x8, repeatCount=0, eventTime=893759, downTime=893759, deviceId=16, source=0x101 }
01-07 05:33:21.286  2145  2170 W ViewRootImpl: Cancelling event due to no window focus: KeyEvent { action=ACTION_UP, keyCode=KEYCODE_ENTER, scanCode=28, metaState=0, flags=0x28, repeatCount=0, eventTime=893831, downTime=893759, deviceId=16, source=0x101 }
01-07 05:33:21.286  2145  2170 W ViewRootImpl: Cancelling event due to no window focus: KeyEvent { action=ACTION_UP, keyCode=KEYCODE_ENTER, scanCode=28, metaState=0, flags=0x28, repeatCount=0, eventTime=893831, downTime=893759, deviceId=16, source=0x101 }
01-07 05:33:21.286  2145  2170 W ViewRootImpl: Cancelling event due to no window focus: KeyEvent { action=ACTION_UP, keyCode=KEYCODE_ENTER, scanCode=28, metaState=0, flags=0x28, repeatCount=0, eventTime=893831, downTime=893759, deviceId=16, source=0x101 }
01-07 05:33:21.286  2145  2170 W ViewRootImpl: Cancelling event due to no window focus: KeyEvent { action=ACTION_UP, keyCode=KEYCODE_ENTER, scanCode=28, metaState=0, flags=0x28, repeatCount=0, eventTime=893831, downTime=893759, deviceId=16, source=0x101 }
01-07 05:33:21.286  2145  2170 W ViewRootImpl: Cancelling event due to no window focus: KeyEvent { action=ACTION_UP, keyCode=KEYCODE_ENTER, scanCode=28, metaState=0, flags=0x28, repeatCount=0, eventTime=893831, downTime=893759, deviceId=16, source=0x101 }
01-07 05:33:21.286  2145  2170 W ViewRootImpl: Cancelling event due to no window focus: KeyEvent { action=ACTION_UP, keyCode=KEYCODE_ENTER, scanCode=28, metaState=0, flags=0x28, repeatCount=0, eventTime=893831, downTime=893759, deviceId=16, source=0x101 }
01-07 05:33:21.286  2145  2170 W ViewRootImpl: Dropping event due to no window focus: KeyEvent { action=ACTION_DOWN, keyCode=KEYCODE_N, scanCode=49, metaState=0, flags=0x8, repeatCount=0, eventTime=895879, downTime=895879, deviceId=16, source=0x101 }
01-07 05:33:21.286  2145  2170 W ViewRootImpl: Cancelling event due to no window focus: KeyEvent { action=ACTION_UP, keyCode=KEYCODE_N, scanCode=49, metaState=0, flags=0x28, repeatCount=0, eventTime=896007, downTime=895879, deviceId=16, source=0x101 }
01-07 05:33:21.286  2145  2170 W ViewRootImpl: Cancelling event due to no window focus: KeyEvent { action=ACTION_UP, keyCode=KEYCODE_N, scanCode=49, metaState=0, flags=0x28, repeatCount=0, eventTime=896007, downTime=895879, deviceId=16, source=0x101 }
01-07 05:33:21.286  2145  2170 W ViewRootImpl: Cancelling event due to no window focus: KeyEvent { action=ACTION_UP, keyCode=KEYCODE_N, scanCode=49, metaState=0, flags=0x28, repeatCount=0, eventTime=896007, downTime=895879, deviceId=16, source=0x101 }
01-07 05:33:21.286  2145  2170 W ViewRootImpl: Cancelling event due to no window focus: KeyEvent { action=ACTION_UP, keyCode=KEYCODE_N, scanCode=49, metaState=0, flags=0x28, repeatCount=0, eventTime=896007, downTime=895879, deviceId=16, source=0x101 }
01-07 05:33:21.286  2145  2170 W ViewRootImpl: Cancelling event due to no window focus: KeyEvent { action=ACTION_UP, keyCode=KEYCODE_N, scanCode=49, metaState=0, flags=0x28, repeatCount=0, eventTime=896007, downTime=895879, deviceId=16, source=0x101 }
01-07 05:33:21.286  2145  2170 W ViewRootImpl: Cancelling event due to no window focus: KeyEvent { action=ACTION_UP, keyCode=KEYCODE_N, scanCode=49, metaState=0, flags=0x28, repeatCount=0, eventTime=896007, downTime=895879, deviceId=16, source=0x101 }
01-07 05:33:21.286  2145  2170 W ViewRootImpl: Dropping event due to no window focus: KeyEvent { action=ACTION_DOWN, keyCode=KEYCODE_I, scanCode=23, metaState=0, flags=0x8, repeatCount=0, eventTime=896063, downTime=896063, deviceId=16, source=0x101 }
01-07 05:33:21.286  2145  2170 W ViewRootImpl: Cancelling event due to no window focus: KeyEvent { action=ACTION_UP, keyCode=KEYCODE_I, scanCode=23, metaState=0, flags=0x28, repeatCount=0, eventTime=896215, downTime=896063, deviceId=16, source=0x101 }
01-07 05:33:21.286  2145  2170 W ViewRootImpl: Cancelling event due to no window focus: KeyEvent { action=ACTION_UP, keyCode=KEYCODE_I, scanCode=23, metaState=0, flags=0x28, repeatCount=0, eventTime=896215, downTime=896063, deviceId=16, source=0x101 }
01-07 05:33:21.286  2145  2170 W ViewRootImpl: Cancelling event due to no window focus: KeyEvent { action=ACTION_UP, keyCode=KEYCODE_I, scanCode=23, metaState=0, flags=0x28, repeatCount=0, eventTime=896215, downTime=896063, deviceId=16, source=0x101 }
01-07 05:33:21.286  2145  2170 W ViewRootImpl: Cancelling event due to no window focus: KeyEvent { action=ACTION_UP, keyCode=KEYCODE_I, scanCode=23, metaState=0, flags=0x28, repeatCount=0, eventTime=896215, downTime=896063, deviceId=16, source=0x101 }
01-07 05:33:21.286  2145  2170 W ViewRootImpl: Cancelling event due to no window focus: KeyEvent { action=ACTION_UP, keyCode=KEYCODE_I, scanCode=23, metaState=0, flags=0x28, repeatCount=0, eventTime=896215, downTime=896063, deviceId=16, source=0x101 }
01-07 05:33:21.286  2145  2170 W ViewRootImpl: Cancelling event due to no window focus: KeyEvent { action=ACTION_UP, keyCode=KEYCODE_I, scanCode=23, metaState=0, flags=0x28, repeatCount=0, eventTime=896215, downTime=896063, deviceId=16, source=0x101 }
01-07 05:33:21.286  2145  2170 W ViewRootImpl: Dropping event due to no window focus: KeyEvent { action=ACTION_DOWN, keyCode=KEYCODE_CTRL_LEFT, scanCode=29, metaState=META_CTRL_ON|META_CTRL_LEFT_ON, flags=0x8, repeatCount=0, eventTime=897407, downTime=897407, deviceId=16, source=0x101 }
01-07 05:33:21.286  2145  2170 W ViewRootImpl: Cancelling event due to no window focus: KeyEvent { action=ACTION_UP, keyCode=KEYCODE_CTRL_LEFT, scanCode=29, metaState=META_CTRL_ON|META_CTRL_LEFT_ON, flags=0x28, repeatCount=0, eventTime=898235, downTime=897407, deviceId=16, source=0x101 }
01-07 05:33:21.286  2145  2170 W ViewRootImpl: Cancelling event due to no window focus: KeyEvent { action=ACTION_UP, keyCode=KEYCODE_CTRL_LEFT, scanCode=29, metaState=META_CTRL_ON|META_CTRL_LEFT_ON, flags=0x28, repeatCount=0, eventTime=898235, downTime=897407, deviceId=16, source=0x101 }
01-07 05:33:21.286  2145  2170 W ViewRootImpl: Cancelling event due to no window focus: KeyEvent { action=ACTION_UP, keyCode=KEYCODE_CTRL_LEFT, scanCode=29, metaState=META_CTRL_ON|META_CTRL_LEFT_ON, flags=0x28, repeatCount=0, eventTime=898235, downTime=897407, deviceId=16, source=0x101 }
01-07 05:33:21.286  2145  2170 W ViewRootImpl: Cancelling event due to no window focus: KeyEvent { action=ACTION_UP, keyCode=KEYCODE_CTRL_LEFT, scanCode=29, metaState=META_CTRL_ON|META_CTRL_LEFT_ON, flags=0x28, repeatCount=0, eventTime=898235, downTime=897407, deviceId=16, source=0x101 }
01-07 05:33:21.286  2145  2170 W ViewRootImpl: Cancelling event due to no window focus: KeyEvent { action=ACTION_UP, keyCode=KEYCODE_CTRL_LEFT, scanCode=29, metaState=META_CTRL_ON|META_CTRL_LEFT_ON, flags=0x28, repeatCount=0, eventTime=898235, downTime=897407, deviceId=16, source=0x101 }
01-07 05:33:21.286  2145  2170 W ViewRootImpl: Cancelling event due to no window focus: KeyEvent { action=ACTION_UP, keyCode=KEYCODE_CTRL_LEFT, scanCode=29, metaState=META_CTRL_ON|META_CTRL_LEFT_ON, flags=0x28, repeatCount=0, eventTime=898235, downTime=897407, deviceId=16, source=0x101 }
01-07 05:33:21.286  2145  2170 W ViewRootImpl: Cancelling event due to no window focus: KeyEvent { action=ACTION_UP, keyCode=KEYCODE_SPACE, scanCode=57, metaState=META_CTRL_ON|META_CTRL_LEFT_ON, flags=0x28, repeatCount=0, eventTime=897575, downTime=897479, deviceId=16, source=0x101 }
01-07 05:33:21.286  2145  2170 W ViewRootImpl: Cancelling event due to no window focus: KeyEvent { action=ACTION_UP, keyCode=KEYCODE_SPACE, scanCode=57, metaState=META_CTRL_ON|META_CTRL_LEFT_ON, flags=0x28, repeatCount=0, eventTime=897575, downTime=897479, deviceId=16, source=0x101 }
01-07 05:33:21.286  2145  2170 W ViewRootImpl: Cancelling event due to no window focus: KeyEvent { action=ACTION_UP, keyCode=KEYCODE_SPACE, scanCode=57, metaState=META_CTRL_ON|META_CTRL_LEFT_ON, flags=0x28, repeatCount=0, eventTime=897575, downTime=897479, deviceId=16, source=0x101 }
01-07 05:33:21.286  2145  2170 W ViewRootImpl: Cancelling event due to no window focus: KeyEvent { action=ACTION_UP, keyCode=KEYCODE_SPACE, scanCode=57, metaState=META_CTRL_ON|META_CTRL_LEFT_ON, flags=0x28, repeatCount=0, eventTime=897575, downTime=897479, deviceId=16, source=0x101 }
01-07 05:33:21.286  2145  2170 W ViewRootImpl: Cancelling event due to no window focus: KeyEvent { action=ACTION_UP, keyCode=KEYCODE_SPACE, scanCode=57, metaState=META_CTRL_ON|META_CTRL_LEFT_ON, flags=0x28, repeatCount=0, eventTime=897575, downTime=897479, deviceId=16, source=0x101 }
01-07 05:33:21.286  2145  2170 W ViewRootImpl: Cancelling event due to no window focus: KeyEvent { action=ACTION_UP, keyCode=KEYCODE_SPACE, scanCode=57, metaState=META_CTRL_ON|META_CTRL_LEFT_ON, flags=0x28, repeatCount=0, eventTime=897575, downTime=897479, deviceId=16, source=0x101 }
01-07 05:33:21.286  2145  2170 W ViewRootImpl: Cancelling event due to no window focus: KeyEvent { action=ACTION_UP, keyCode=KEYCODE_CTRL_LEFT, scanCode=29, metaState=0, flags=0x28, repeatCount=0, eventTime=897599, downTime=897479, deviceId=16, source=0x101 }
01-07 05:33:21.286  2145  2170 W ViewRootImpl: Cancelling event due to no window focus: KeyEvent { action=ACTION_UP, keyCode=KEYCODE_CTRL_LEFT, scanCode=29, metaState=0, flags=0x28, repeatCount=0, eventTime=897599, downTime=897479, deviceId=16, source=0x101 }
01-07 05:33:21.286  2145  2170 W ViewRootImpl: Cancelling event due to no window focus: KeyEvent { action=ACTION_UP, keyCode=KEYCODE_CTRL_LEFT, scanCode=29, metaState=0, flags=0x28, repeatCount=0, eventTime=897599, downTime=897479, deviceId=16, source=0x101 }
01-07 05:33:21.286  2145  2170 W ViewRootImpl: Cancelling event due to no window focus: KeyEvent { action=ACTION_UP, keyCode=KEYCODE_CTRL_LEFT, scanCode=29, metaState=0, flags=0x28, repeatCount=0, eventTime=897599, downTime=897479, deviceId=16, source=0x101 }
01-07 05:33:21.286  2145  2170 W ViewRootImpl: Cancelling event due to no window focus: KeyEvent { action=ACTION_UP, keyCode=KEYCODE_CTRL_LEFT, scanCode=29, metaState=0, flags=0x28, repeatCount=0, eventTime=897599, downTime=897479, deviceId=16, source=0x101 }
01-07 05:33:21.286  2145  2170 W ViewRootImpl: Cancelling event due to no window focus: KeyEvent { action=ACTION_UP, keyCode=KEYCODE_CTRL_LEFT, scanCode=29, metaState=0, flags=0x28, repeatCount=0, eventTime=897599, downTime=897479, deviceId=16, source=0x101 }
01-07 05:33:21.320  2145  2198 I EGL-DRI2: DRI2: found extension DRI_Core version 1
01-07 05:33:21.321  2145  2198 I EGL-DRI2: DRI2: found extension DRI_DRI2 version 4
01-07 05:33:21.326  2145  2198 I EGL-DRI2: DRI2: found extension DRI_TexBuffer version 3
01-07 05:33:21.326  2145  2198 I EGL-DRI2: DRI2: found extension DRI2_Flush version 4
01-07 05:33:21.326  2145  2198 I EGL-DRI2: DRI2: found extension DRI_IMAGE version 11
01-07 05:33:21.326  2145  2198 I OpenGLRenderer: Initialized EGL, version 1.4
01-07 05:33:23.055  6084  6084 V xiaomi  : [Thread:1] Service called on timer
01-07 05:33:24.977  6281  6281 W linker  : [vdso]: unused DT entry: type 0x6ffffef5 arg 0x160
01-07 05:33:26.026  2145  2216 W AudioTrack: AUDIO_OUTPUT_FLAG_FAST denied by client
01-07 05:33:26.038  2145  2198 D OpenGLRenderer: endAllStagingAnimators on 0x7f422a0fb000 (RippleDrawable) with handle 0x7f4216067960
01-07 05:33:26.039  1890  2142 D audio_hw_primary: found out /dev/snd/pcmC0D0p
01-07 05:33:26.040  2145  3553 W InputMethodManagerService: Window already focused, ignoring focus gain of: com.android.internal.view.IInputMethodClient$Stub$Proxy@2097d0ee attribute=android.view.inputmethod.EditorInfo@2860a98f, token = android.os.BinderProxy@9520f96
01-07 05:33:26.043  2145  2188 I InputDispatcher: Window 'Window{1cb48717 u0 cn.wps.moffice_eng/cn.wps.moffice.writer.multiactivity.Writer1}' spent 12175.9ms processing the last input event: KeyEvent(deviceId=16, source=0x00000101, action=0, flags=0x00000008, keyCode=42, scanCode=49, metaState=0x00000000, repeatCount=0), policyFlags=0x62000001
