12-14 03:15:25.199  3404  3716 I GeckoHealth: firefox :: HealthReportBroadcastService :: Registering HealthReportUploadService.
12-14 03:15:25.200  3404  3716 I GeckoHealth: firefox :: BackgroundService :: Setting inexact repeating alarm for interval 3600000
12-14 03:15:25.201  3404  3716 I GeckoHealth: firefox :: HealthReportBroadcastService :: Registering HealthReportPruneService.
12-14 03:15:25.201  3404  3716 I GeckoHealth: firefox :: BackgroundService :: Setting inexact repeating alarm for interval 86400000
12-14 03:15:25.236  3598  3598 D MusicLifecycle: com.google.android.music.store.MediaStoreImportService$Receiver generated event: Broadcast received with context android.app.ReceiverRestrictedContext@2a216f5a and intent Intent { act=android.intent.action.MEDIA_SCANNER_STARTED dat=file:///system/media flg=0x10 cmp=com.google.android.music/.store.MediaStoreImportService$Receiver }
12-14 03:15:25.236  3598  3598 D MusicLifecycle: com.google.android.music.store.MediaStoreImportService$Receiver generated event: Broadcast received with context android.app.ReceiverRestrictedContext@2a216f5a and intent Intent { act=android.intent.action.MEDIA_SCANNER_FINISHED dat=file:///system/media flg=0x10 cmp=com.google.android.music/.store.MediaStoreImportService$Receiver }
12-14 03:15:25.236  3598  3598 D MusicLifecycle: com.google.android.music.store.MediaStoreImportService$Receiver generated event: Broadcast received with context android.app.ReceiverRestrictedContext@2a216f5a and intent Intent { act=android.intent.action.MEDIA_SCANNER_STARTED dat=file:///storage/emulated/0 flg=0x10 cmp=com.google.android.music/.store.MediaStoreImportService$Receiver }
12-14 03:15:25.237  3598  3598 D MusicLifecycle: com.google.android.music.store.MediaStoreImportService$Receiver generated event: Broadcast received with context android.app.ReceiverRestrictedContext@2a216f5a and intent Intent { act=android.intent.action.MEDIA_SCANNER_FINISHED dat=file:///storage/emulated/0 flg=0x10 cmp=com.google.android.music/.store.MediaStoreImportService$Receiver }
12-14 03:15:25.270  2543  2886 E Icing   : Loading extension /data/data/com.google.android.gms/files/libAppDataSearchExt_x86_64.so failed
12-14 03:15:25.353  3598  3721 I MediaStoreImporter: Update: incremental Added music: 0 Updated music: 0 Deleted music: 0 Created playlists: 0 Updated playlists: 0 Deleted playlists: 0 Inserted playlist items: 0 Deleted playlist items: 0 Removed orphaned playlist items: 0
12-14 03:15:25.353  3598  3598 D MusicLifecycle: com.google.android.music.wear.WearBroadcastReceiver generated event: Broadcast received with context android.app.ReceiverRestrictedContext@2a216f5a and intent Intent { act=com.google.android.music.IMPORT_COMPLETE flg=0x10 cmp=com.google.android.music/.wear.WearBroadcastReceiver }
12-14 03:15:25.378  3644  3644 I CalendarProvider2: Sending notification intent: Intent { act=android.intent.action.PROVIDER_CHANGED dat=content://com.android.calendar }
12-14 03:15:25.378  3644  3644 W ContentResolver: Failed to get type for: content://com.android.calendar (Unknown URL content://com.android.calendar)
12-14 03:15:25.414  3092  3092 D AlertReceiver: onReceive: a=android.intent.action.PROVIDER_CHANGED Intent { act=android.intent.action.PROVIDER_CHANGED dat=content://com.android.calendar flg=0x10 cmp=com.android.calendar/.alerts.AlertReceiver }
12-14 03:15:25.430  3598  3598 D MusicLifecycle: com.google.android.music.wear.WearMetadataSyncService generated event: Service created
12-14 03:15:25.431  3598  3598 D MusicLifecycle: com.google.android.music.wear.WearMetadataSyncService generated event: Service started with intent Intent { cmp=com.google.android.music/.wear.WearMetadataSyncService }
12-14 03:15:25.432  1983  2434 I ActivityManager: Killing 2860:com.google.android.onetimeinitializer/u0a9 (adj 15): empty #17
12-14 03:15:25.466  3598  3721 I MediaStoreImporter: Update: incremental Added music: 0 Updated music: 0 Deleted music: 0 Created playlists: 0 Updated playlists: 0 Deleted playlists: 0 Inserted playlist items: 0 Deleted playlist items: 0 Removed orphaned playlist items: 0
12-14 03:15:25.479  3598  3598 D MusicLifecycle: com.google.android.music.wear.WearBroadcastReceiver generated event: Broadcast received with context android.app.ReceiverRestrictedContext@2a216f5a and intent Intent { act=com.google.android.music.IMPORT_COMPLETE flg=0x10 cmp=com.google.android.music/.wear.WearBroadcastReceiver }
12-14 03:15:25.480  3598  3598 D MusicLifecycle: com.google.android.music.store.MediaStoreImportService generated event: Service destroyed
12-14 03:15:25.482  3598  3598 D MusicLifecycle: com.google.android.music.wear.WearMetadataSyncService generated event: Service started with intent Intent { cmp=com.google.android.music/.wear.WearMetadataSyncService }
12-14 03:15:25.493  3598  3598 E GmsUtils: Failed to connect to Google API client: ConnectionResult{statusCode=API_UNAVAILABLE, resolution=null}
12-14 03:15:25.493  3598  3726 E GmsUtils: Failed to connect to Google API client: ConnectionResult{statusCode=API_UNAVAILABLE, resolution=null}
12-14 03:15:25.493  3598  3598 E GmsUtils: Failed to connect to Google API client: ConnectionResult{statusCode=API_UNAVAILABLE, resolution=null}
12-14 03:15:25.533  3598  3726 E GmsUtils: Failed to connect to Google API client: ConnectionResult{statusCode=API_UNAVAILABLE, resolution=null}
12-14 03:15:25.534  3598  3598 D MusicLifecycle: com.google.android.music.wear.WearMetadataSyncService generated event: Service destroyed
12-14 03:15:25.534  1983  2859 I ActivityManager: Killing 2898:com.android.managedprovisioning/u0a11 (adj 15): empty #17
12-14 03:15:25.572  2543  2886 I Icing   : updateResources: need to parse f{com.google.android.gms}
12-14 03:15:25.670  2543  2886 I Icing   : Internal init done: storage state 0
12-14 03:15:25.671  2543  2886 I Icing   : Post-init done
12-14 03:15:25.671  2543  2886 I Icing   : updateResources: need to parse f{com.google.android.gms}
12-14 03:15:25.688  1983  2054 W AudioTrack: AUDIO_OUTPUT_FLAG_FAST denied by client
12-14 03:15:25.893  2543  2847 I CheckinService: Done disabling old GoogleServicesFramework version
12-14 03:15:25.939  1983  2054 W AudioTrack: AUDIO_OUTPUT_FLAG_FAST denied by client
12-14 03:15:26.166  1983  2054 W AudioTrack: AUDIO_OUTPUT_FLAG_FAST denied by client
12-14 03:15:26.743  1983  2054 W AudioTrack: AUDIO_OUTPUT_FLAG_FAST denied by client
12-14 03:15:27.864  1983  2003 I ActivityManager: Killing 3061:com.android.settings/1000 (adj 15): empty #17
12-14 03:15:28.984  1983  2008 I ActivityManager: Start proc 3736:com.baidu.netdisk/u0a63 for service com.baidu.netdisk/.service.NetdiskService
12-14 03:15:28.990  3736  3736 I ActivityThread: Switching default density from 160 to 240
12-14 03:15:28.991  3736  3736 W ResourcesManager: Asset path '/system/framework/android.test.runner.jar' does not exist or contains no resources.
12-14 03:15:28.993  3736  3736 I MultiDex: VM with version 2.1.0 has multidex support
12-14 03:15:28.993  3736  3736 I MultiDex: install
12-14 03:15:28.993  3736  3736 I MultiDex: VM has multidex support, MultiDex support library is disabled.
12-14 03:15:28.995  3736  3736 D ActivityThread: Loading provider com.baidu.netdisk.account: com.baidu.netdisk.account.storage.AccountProvider
12-14 03:15:29.024  3598  3598 D MusicLifecycle: com.google.android.music.leanback.AutoCacheSchedulingService$EnablingReceiver generated event: Broadcast received with context android.app.ReceiverRestrictedContext@2a216f5a and intent Intent { act=com.google.android.music.START_DOWNLOAD_SCHEDULING flg=0x10 cmp=com.google.android.music/.leanback.AutoCacheSchedulingService$EnablingReceiver }
12-14 03:15:29.025  3598  3598 D MusicLifecycle: com.google.android.music.leanback.AutoCacheSchedulingService generated event: Service created
12-14 03:15:29.026  3598  3598 D MusicLifecycle: com.google.android.music.leanback.AutoCacheSchedulingService generated event: Service started with intent Intent { act=com.google.android.music.leanback.APP_IN_USE cmp=com.google.android.music/.leanback.AutoCacheSchedulingService (has extras) }
12-14 03:15:29.026  3598  3598 D MusicLifecycle: com.google.android.music.wear.WearBroadcastReceiver generated event: Broadcast received with context android.app.ReceiverRestrictedContext@2a216f5a and intent Intent { act=com.google.android.music.START_DOWNLOAD_SCHEDULING flg=0x10 cmp=com.google.android.music/.wear.WearBroadcastReceiver }
12-14 03:15:29.027  3598  3598 D MusicLifecycle: com.google.android.music.download.TrackDownloadQueueService generated event: Service created
12-14 03:15:29.028  3598  3598 D MusicLifecycle: com.google.android.music.download.cache.TrackCacheService generated event: Service created
12-14 03:15:29.028  3598  3598 D MusicLifecycle: com.google.android.music.wear.WearMetadataSyncService generated event: Service created
12-14 03:15:29.028  3598  3598 D MusicLifecycle: com.google.android.music.wear.WearMetadataSyncService generated event: Service started with intent Intent { cmp=com.google.android.music/.wear.WearMetadataSyncService }
12-14 03:15:29.068  3598  3598 E GmsUtils: Failed to connect to Google API client: ConnectionResult{statusCode=API_UNAVAILABLE, resolution=null}
12-14 03:15:29.068  3598  3762 E GmsUtils: Failed to connect to Google API client: ConnectionResult{statusCode=API_UNAVAILABLE, resolution=null}
12-14 03:15:29.068  3598  3598 D MusicLifecycle: com.google.android.music.wear.WearMetadataSyncService generated event: Service destroyed
12-14 03:15:29.078  3598  3758 I MusicLeanback: Conditions not met for autocaching. okToAttempt=false
12-14 03:15:29.078  3598  3758 I MusicLeanback: Stop autocaching.
12-14 03:15:29.079  3598  3598 D MusicLifecycle: com.google.android.music.download.cache.TrackCacheService generated event: Service destroyed
12-14 03:15:29.079  3598  3598 D MusicLifecycle: com.google.android.music.download.TrackDownloadQueueService generated event: Service destroyed
12-14 03:15:29.194  1983  2003 I ActivityManager: Start proc 3769:com.baidu.netdisk:bdservice_v1/u0a63 for service com.baidu.netdisk/com.baidu.android.pushservice.PushService
12-14 03:15:29.194  3736  3736 V CommonParams: cast to int com.baidu.android.pushservice.PushSettings.debug_mode Exception. 
12-14 03:15:29.200  3769  3769 I ActivityThread: Switching default density from 160 to 240
12-14 03:15:29.200  3769  3769 W ResourcesManager: Asset path '/system/framework/android.test.runner.jar' does not exist or contains no resources.
12-14 03:15:29.202  1983  2003 W ActivityManager: getRunningAppProcesses: caller 10063 does not hold REAL_GET_TASKS; limiting output
12-14 03:15:29.203  3769  3769 I MultiDex: VM with version 2.1.0 has multidex support
12-14 03:15:29.203  3769  3769 I MultiDex: install
12-14 03:15:29.203  3769  3769 I MultiDex: VM has multidex support, MultiDex support library is disabled.
12-14 03:15:29.205  3769  3769 V CommonParams: cast to int com.baidu.android.pushservice.PushSettings.debug_mode Exception. 
12-14 03:15:29.206  3769  3769 E BaiduAppSSOJni: Native library not found! Please copy libbdpush_V2_4.so into your project!
12-14 03:15:29.206  3769  3769 E art     : No implementation found for byte[] com.baidu.android.pushservice.jni.BaiduAppSSOJni.getKey(java.lang.String) (tried Java_com_baidu_android_pushservice_jni_BaiduAppSSOJni_getKey and Java_com_baidu_android_pushservice_jni_BaiduAppSSOJni_getKey__Ljava_lang_String_2)
12-14 03:15:29.206  3769  3769 E BaiduAppSSOJni: error = No implementation found for byte[] com.baidu.android.pushservice.jni.BaiduAppSSOJni.getKey(java.lang.String) (tried Java_com_baidu_android_pushservice_jni_BaiduAppSSOJni_getKey and Java_com_baidu_android_pushservice_jni_BaiduAppSSOJni_getKey__Ljava_lang_String_2)
12-14 03:15:29.208  3769  3769 E socket  : Native library not found! Please copy libbdpush_V2_4.so into your project!
12-14 03:15:29.209  2311  2311 W Launcher: setApplicationContext called twice! old=com.android.launcher3.LauncherApplication@e2145eb new=com.android.launcher3.LauncherApplication@e2145eb
12-14 03:15:29.210  2311  2311 W Launcher: setApplicationContext called twice! old=com.android.launcher3.LauncherApplication@e2145eb new=com.android.launcher3.LauncherApplication@e2145eb
12-14 03:15:29.217  3736  3736 D AndroidRuntime: Shutting down VM
12-14 03:15:29.217  3736  3736 E AndroidRuntime: FATAL EXCEPTION: main
12-14 03:15:29.217  3736  3736 E AndroidRuntime: Process: com.baidu.netdisk, PID: 3736
12-14 03:15:29.217  3736  3736 E AndroidRuntime: java.lang.UnsatisfiedLinkError: dalvik.system.PathClassLoader[DexPathList[[zip file "/system/framework/android.test.runner.jar", zip file "/data/app/com.baidu.netdisk-1/base.apk"],nativeLibraryDirectories=[/data/app/com.baidu.netdisk-1/lib/x86, /vendor/lib, /system/lib]]] couldn't find "libBaiduMapSDK_v3_2_0_15.so"
12-14 03:15:29.217  3736  3736 E AndroidRuntime: 	at java.lang.Runtime.loadLibrary(Runtime.java:366)
12-14 03:15:29.217  3736  3736 E AndroidRuntime: 	at java.lang.System.loadLibrary(System.java:988)
12-14 03:15:29.217  3736  3736 E AndroidRuntime: 	at com.baidu.mapapi.a.<clinit>(Unknown Source)
12-14 03:15:29.217  3736  3736 E AndroidRuntime: 	at com.baidu.mapapi.SDKInitializer.initialize(Unknown Source)
12-14 03:15:29.217  3736  3736 E AndroidRuntime: 	at com.baidu.mapapi.SDKInitializer.initialize(Unknown Source)
12-14 03:15:29.217  3736  3736 E AndroidRuntime: 	at com.baidu.netdisk.NetDiskApplication.onCreate(SourceFile:234)
12-14 03:15:29.217  3736  3736 E AndroidRuntime: 	at android.app.Instrumentation.callApplicationOnCreate(Instrumentation.java:1012)
12-14 03:15:29.217  3736  3736 E AndroidRuntime: 	at android.app.ActivityThread.handleBindApplication(ActivityThread.java:4553)
12-14 03:15:29.217  3736  3736 E AndroidRuntime: 	at android.app.ActivityThread.access$1500(ActivityThread.java:151)
12-14 03:15:29.217  3736  3736 E AndroidRuntime: 	at android.app.ActivityThread$H.handleMessage(ActivityThread.java:1364)
12-14 03:15:29.217  3736  3736 E AndroidRuntime: 	at android.os.Handler.dispatchMessage(Handler.java:102)
12-14 03:15:29.217  3736  3736 E AndroidRuntime: 	at android.os.Looper.loop(Looper.java:135)
12-14 03:15:29.217  3736  3736 E AndroidRuntime: 	at android.app.ActivityThread.main(ActivityThread.java:5254)
12-14 03:15:29.217  3736  3736 E AndroidRuntime: 	at java.lang.reflect.Method.invoke(Native Method)
12-14 03:15:29.217  3736  3736 E AndroidRuntime: 	at java.lang.reflect.Method.invoke(Method.java:372)
12-14 03:15:29.217  3736  3736 E AndroidRuntime: 	at com.android.internal.os.ZygoteInit$MethodAndArgsCaller.run(ZygoteInit.java:903)
12-14 03:15:29.217  3736  3736 E AndroidRuntime: 	at com.android.internal.os.ZygoteInit.main(ZygoteInit.java:698)
12-14 03:15:29.218  1983  2008 W ResourcesManager: Asset path '/system/framework/android.test.runner.jar' does not exist or contains no resources.
12-14 03:15:29.220  3769  3769 E art     : No implementation found for byte[] com.baidu.android.pushservice.jni.BaiduAppSSOJni.getKey(java.lang.String) (tried Java_com_baidu_android_pushservice_jni_BaiduAppSSOJni_getKey and Java_com_baidu_android_pushservice_jni_BaiduAppSSOJni_getKey__Ljava_lang_String_2)
12-14 03:15:29.220  3769  3769 E BaiduAppSSOJni: error = No implementation found for byte[] com.baidu.android.pushservice.jni.BaiduAppSSOJni.getKey(java.lang.String) (tried Java_com_baidu_android_pushservice_jni_BaiduAppSSOJni_getKey and Java_com_baidu_android_pushservice_jni_BaiduAppSSOJni_getKey__Ljava_lang_String_2)
12-14 03:15:29.222  3769  3769 E art     : No implementation found for byte[] com.baidu.android.pushservice.jni.BaiduAppSSOJni.getKey(java.lang.String) (tried Java_com_baidu_android_pushservice_jni_BaiduAppSSOJni_getKey and Java_com_baidu_android_pushservice_jni_BaiduAppSSOJni_getKey__Ljava_lang_String_2)
12-14 03:15:29.222  3769  3769 E BaiduAppSSOJni: error = No implementation found for byte[] com.baidu.android.pushservice.jni.BaiduAppSSOJni.getKey(java.lang.String) (tried Java_com_baidu_android_pushservice_jni_BaiduAppSSOJni_getKey and Java_com_baidu_android_pushservice_jni_BaiduAppSSOJni_getKey__Ljava_lang_String_2)
12-14 03:15:29.223  3769  3769 E art     : No implementation found for byte[] com.baidu.android.pushservice.jni.BaiduAppSSOJni.getKey(java.lang.String) (tried Java_com_baidu_android_pushservice_jni_BaiduAppSSOJni_getKey and Java_com_baidu_android_pushservice_jni_BaiduAppSSOJni_getKey__Ljava_lang_String_2)
12-14 03:15:29.223  3769  3769 E BaiduAppSSOJni: error = No implementation found for byte[] com.baidu.android.pushservice.jni.BaiduAppSSOJni.getKey(java.lang.String) (tried Java_com_baidu_android_pushservice_jni_BaiduAppSSOJni_getKey and Java_com_baidu_android_pushservice_jni_BaiduAppSSOJni_getKey__Ljava_lang_String_2)
12-14 03:15:29.223  3769  3769 I Process : Sending signal. PID: 3769 SIG: 9
12-14 03:15:29.241  1983  2333 I ActivityManager: Process com.baidu.netdisk:bdservice_v1 (pid 3769) has died
12-14 03:15:29.249  1983  2035 I EGL-DRI2: DRI2: found extension DRI_Core version 1
12-14 03:15:29.249  1983  2035 I EGL-DRI2: DRI2: found extension DRI_DRI2 version 4
12-14 03:15:29.252  1983  2035 I EGL-DRI2: DRI2: found extension DRI_TexBuffer version 3
12-14 03:15:29.252  1983  2035 I EGL-DRI2: DRI2: found extension DRI2_Flush version 4
12-14 03:15:29.252  1983  2035 I EGL-DRI2: DRI2: found extension DRI_IMAGE version 11
12-14 03:15:29.252  1983  2035 I OpenGLRenderer: Initialized EGL, version 1.4
12-14 03:15:29.336  3092  3640 I GlobalDismissManager: no sender configured
12-14 03:15:29.336  3092  3640 D AlertService: Beginning updateAlertNotification
12-14 03:15:29.338  3092  3640 D AlertService: No fired or scheduled alerts
12-14 03:15:29.339  3092  3640 D AlertService: Scheduling next alarm with AlarmScheduler. sEventReminderReceived: null
12-14 03:15:29.340  3092  3640 D AlarmScheduler: No events found starting within 1 week.
12-14 03:15:29.340  3092  3640 D AlertService: 0 Action = android.intent.action.PROVIDER_CHANGED
12-14 03:15:30.206  1983  2028 I ActivityManager: START u0 {act=android.intent.action.MAIN cat=[android.intent.category.HOME] flg=0x10200000 cmp=com.android.launcher3/.Launcher} from uid 1000 on display 0
12-14 03:15:30.206  1983  2054 W AudioTrack: AUDIO_OUTPUT_FLAG_FAST denied by client
12-14 03:15:30.206  1691  2508 D PermissionCache: checking android.permission.READ_FRAME_BUFFER for uid=1000 => granted (23 us)
12-14 03:15:30.217  1714  1973 D audio_hw_primary: found out /dev/snd/pcmC1D0p
12-14 03:15:30.219  3404  3812 D GeckoHardwareUtils: HardwareUtils already inited.
12-14 03:15:30.814  2311  2483 W OpenGLRenderer: Incorrectly called buildLayer on View: ShortcutAndWidgetContainer, destroying layer...
12-14 03:15:31.218  2116  2116 W ResourceType: No package identifier when getting value for resource number 0x00000000
12-14 03:15:31.218  2116  2116 W PackageManager: Failure retrieving resources for com.cyanogenmod.filemanager: Resource ID #0x0
12-14 03:15:31.376  2543  3810 I art     : Explicit concurrent mark sweep GC freed 23345(1683KB) AllocSpace objects, 20(320KB) LOS objects, 24% free, 6MB/8MB, paused 113us total 14.838ms
12-14 03:15:31.903  1983  2054 W AudioTrack: AUDIO_OUTPUT_FLAG_FAST denied by client
12-14 03:15:31.914  3736  3736 I Process : Sending signal. PID: 3736 SIG: 9
12-14 03:15:31.924  1983  2035 D OpenGLRenderer: endAllStagingAnimators on 0x7f36bbfc8800 (RippleDrawable) with handle 0x7f36b2d2b6e0
12-14 03:15:31.939  1983  2064 I ActivityManager: Process com.baidu.netdisk (pid 3736) has died
12-14 03:15:31.939  1983  2064 W ActivityManager: Service crashed 2 times, stopping: ServiceRecord{c10e39c u0 com.baidu.netdisk/.service.NetdiskService}
12-14 03:15:33.220  1983  2432 I art     : Explicit concurrent mark sweep GC freed 9133(468KB) AllocSpace objects, 2(32KB) LOS objects, 33% free, 12MB/18MB, paused 399us total 17.012ms
12-14 03:15:33.506  1983  2054 W AudioTrack: AUDIO_OUTPUT_FLAG_FAST denied by client
12-14 03:15:34.104  2615  2636 I art     : Explicit concurrent mark sweep GC freed 7795(539KB) AllocSpace objects, 0(0B) LOS objects, 24% free, 2MB/3MB, paused 39us total 3.849ms
12-14 03:15:34.340  3092  3640 I GlobalDismissManager: no sender configured
12-14 03:15:34.340  3092  3640 D AlertService: Beginning updateAlertNotification
12-14 03:15:34.342  3092  3640 D AlertService: No fired or scheduled alerts
12-14 03:15:34.343  3092  3640 D AlertService: Scheduling next alarm with AlarmScheduler. sEventReminderReceived: null
12-14 03:15:34.344  3092  3640 D AlarmScheduler: No events found starting within 1 week.
12-14 03:15:35.131  2311  2311 D Launcher.Workspace: 11683562 - addExtraEmptyScreenOnDrag()
12-14 03:15:35.131  2311  2311 D Launcher.Workspace: 11683562 - insertNewWorkspaceScreen(): -201 at index: 1
12-14 03:15:36.814  1983  2064 I ActivityManager: START u0 {act=android.intent.action.DELETE dat=package:com.baidu.netdisk flg=0x10800000 cmp=com.android.packageinstaller/.UninstallerActivity (has extras)} from uid 10044 on display 0
12-14 03:15:36.816  1983  2064 V WindowManager: addAppToken: AppWindowToken{31e7c98 token=Token{db6567b ActivityRecord{1fadae0a u0 com.android.packageinstaller/.UninstallerActivity t19}}} to stack=1 task=19 at 0
12-14 03:15:36.817  2311  2311 D Launcher.Workspace: 11683562 - removeExtraEmptyScreen()
12-14 03:15:36.817  2311  2311 D Launcher.Workspace: 11683562 - convertFinalScreenToEmptyScreenIfNecessary()
12-14 03:15:36.817  2311  2311 D Launcher.Workspace: 11683562 - fadeAndRemoveEmptyScreen()
12-14 03:15:36.835  1983  2432 I ActivityManager: Start proc 3818:com.android.packageinstaller/u0a50 for activity com.android.packageinstaller/.UninstallerActivity
12-14 03:15:36.839  3818  3818 I ActivityThread: Switching default density from 160 to 240
12-14 03:15:36.898  3818  3840 D OpenGLRenderer: Use EGL_SWAP_BEHAVIOR_PRESERVED: true
12-14 03:15:36.898  3818  3818 I GRALLOC-DRM: create intel for driver i915
12-14 03:15:36.899  3818  3818 D Atlas   : Validating map...
12-14 03:15:36.900  1983  2859 V WindowManager: Adding window Window{291072d u0 com.android.packageinstaller/com.android.packageinstaller.UninstallerActivity} at 3 of 8 (after Window{378976ce u0 com.cyanogenmod.filemanager/com.cyanogenmod.filemanager.activities.NavigationActivity})
12-14 03:15:36.900  1983  2333 V WindowManager: Adding window Window{42319f3 u0 com.android.packageinstaller/com.android.packageinstaller.UninstallerActivity} at 3 of 9 (before Window{291072d u0 com.android.packageinstaller/com.android.packageinstaller.UninstallerActivity})
12-14 03:15:36.933  3818  3840 I EGL-DRI2: DRI2: found extension DRI_Core version 1
12-14 03:15:36.933  3818  3840 I EGL-DRI2: DRI2: found extension DRI_DRI2 version 4
12-14 03:15:36.937  3818  3840 I EGL-DRI2: DRI2: found extension DRI_TexBuffer version 3
12-14 03:15:36.937  3818  3840 I EGL-DRI2: DRI2: found extension DRI2_Flush version 4
12-14 03:15:36.937  3818  3840 I EGL-DRI2: DRI2: found extension DRI_IMAGE version 11
12-14 03:15:36.937  3818  3840 I OpenGLRenderer: Initialized EGL, version 1.4
12-14 03:15:36.937  3818  3840 W OpenGLRenderer: Failed to choose config with EGL_SWAP_BEHAVIOR_PRESERVED, retrying without...
12-14 03:15:36.938  3818  3840 D OpenGLRenderer: Enabling debug mode 0
12-14 03:15:36.966  1983  2013 I ActivityManager: Displayed com.android.packageinstaller/.UninstallerActivity: +149ms
12-14 03:15:37.066  2311  2311 D Launcher.Workspace: 11683562 - stripEmptyScreens()
12-14 03:15:37.166  2311  2311 D Launcher.Workspace: 11683562 - stripEmptyScreens()
12-14 03:15:38.065  2615  2636 I art     : Explicit concurrent mark sweep GC freed 4407(442KB) AllocSpace objects, 0(0B) LOS objects, 25% free, 2MB/3MB, paused 36us total 3.554ms
12-14 03:15:38.520  1983  2310 I art     : Explicit concurrent mark sweep GC freed 9806(581KB) AllocSpace objects, 7(112KB) LOS objects, 33% free, 11MB/17MB, paused 389us total 13.577ms
12-14 03:15:38.679  3092  3133 D InitAlarmsService: Clearing and rescheduling alarms.
12-14 03:15:38.680  1983  2859 I ActivityManager: Killing 2670:com.google.android.partnersetup/u0a10 (adj 15): empty #17
12-14 03:15:38.990  1983  2054 W AudioTrack: AUDIO_OUTPUT_FLAG_FAST denied by client
12-14 03:15:38.998  1983  2333 I ActivityManager: START u0 {act=android.intent.action.VIEW cmp=com.android.packageinstaller/.UninstallAppProgress (has extras)} from uid 10050 on display 0
12-14 03:15:38.999  1983  2333 V WindowManager: addAppToken: AppWindowToken{c4b624f token=Token{68af4ae ActivityRecord{35a3e929 u0 com.android.packageinstaller/.UninstallAppProgress t19}}} to stack=1 task=19 at 1
12-14 03:15:39.003  1714  1973 D audio_hw_primary: found out /dev/snd/pcmC1D0p
12-14 03:15:39.007  3818  3840 D OpenGLRenderer: endAllStagingAnimators on 0x7f36c549ac00 (RippleDrawable) with handle 0x7f36c92d4520
12-14 03:15:39.011  1983  2008 I ActivityManager: Force stopping com.baidu.netdisk appid=10063 user=-1: uninstall pkg
12-14 03:15:39.012  1983  2004 V WindowManager: Adding window Window{be8eee5 u0 com.android.packageinstaller/com.android.packageinstaller.UninstallAppProgress} at 5 of 10 (after Window{291072d u0 com.android.packageinstaller/com.android.packageinstaller.UninstallerActivity EXITING})
12-14 03:15:39.039  1983  2013 I ActivityManager: Displayed com.android.packageinstaller/.UninstallAppProgress: +31ms
12-14 03:15:39.096  1983  2017 I ActivityManager: Force stopping com.baidu.netdisk appid=10063 user=0: pkg removed
12-14 03:15:39.101  1983  2029 I InputReader: Reconfiguring input devices.  changes=0x00000010
12-14 03:15:39.102  2359  3846 D VoicemailCleanupService: Cleaning up data for package: com.baidu.netdisk
12-14 03:15:39.103  2924  2924 I art     : Explicit concurrent mark sweep GC freed 1371(77KB) AllocSpace objects, 0(0B) LOS objects, 24% free, 2MB/2MB, paused 38us total 6.606ms
12-14 03:15:39.106  2288  2288 I art     : Explicit concurrent mark sweep GC freed 11610(753KB) AllocSpace objects, 2(32KB) LOS objects, 39% free, 3MB/5MB, paused 171us total 9.438ms
12-14 03:15:39.107  2204  2490 I LatinIME:LogUtils: Dictionary info: dictionary = main:en ; version = 47 ; date = 1402373178
12-14 03:15:39.109  1983  2434 I PackageManager: Replacing preferred activity com.android.mms/.ui.ComposeMessageActivity for user 0:
12-14 03:15:39.109  1983  2434 I PackageManager:   Action: "android.intent.action.SENDTO"
12-14 03:15:39.109  1983  2434 I PackageManager:   Category: "android.intent.category.DEFAULT"
12-14 03:15:39.109  1983  2434 I PackageManager:   Scheme: "sms"
12-14 03:15:39.110  1983  2004 I PackageManager: Replacing preferred activity com.android.mms/.ui.ComposeMessageActivity for user 0:
12-14 03:15:39.110  1983  2004 I PackageManager:   Action: "android.intent.action.SENDTO"
12-14 03:15:39.110  1983  2004 I PackageManager:   Category: "android.intent.category.DEFAULT"
12-14 03:15:39.110  1983  2004 I PackageManager:   Scheme: "smsto"
12-14 03:15:39.110  1983  2064 I PackageManager: Replacing preferred activity com.android.mms/.ui.ComposeMessageActivity for user 0:
12-14 03:15:39.110  1983  2064 I PackageManager:   Action: "android.intent.action.SENDTO"
12-14 03:15:39.110  1983  2064 I PackageManager:   Category: "android.intent.category.DEFAULT"
12-14 03:15:39.110  1983  2064 I PackageManager:   Scheme: "mms"
12-14 03:15:39.110  1983  2310 I PackageManager: Replacing preferred activity com.android.mms/.ui.ComposeMessageActivity for user 0:
12-14 03:15:39.110  1983  2310 I PackageManager:   Action: "android.intent.action.SENDTO"
12-14 03:15:39.110  1983  2310 I PackageManager:   Category: "android.intent.category.DEFAULT"
12-14 03:15:39.110  1983  2310 I PackageManager:   Scheme: "mmsto"
12-14 03:15:39.116  1983  2017 I art     : Explicit concurrent mark sweep GC freed 6731(535KB) AllocSpace objects, 3(48KB) LOS objects, 33% free, 11MB/17MB, paused 368us total 18.279ms
12-14 03:15:39.121  1983  1983 D JobSchedulerService: Receieved: android.intent.action.PACKAGE_REMOVED
12-14 03:15:39.121  1983  1983 D BackupManagerService: Received broadcast Intent { act=android.intent.action.PACKAGE_REMOVED dat=package:com.baidu.netdisk flg=0x4000010 (has extras) }
12-14 03:15:39.137  1983  2017 I ActivityManager: Start proc 3850:com.android.defcontainer/u0a3 for service com.android.defcontainer/.DefaultContainerService
12-14 03:15:39.137  2311  2311 I Launcher: Deferring update until onResume
12-14 03:15:39.137  2450  2450 E NetworkScheduler.SchedulerReceiver: Invalid parameter app
12-14 03:15:39.137  2450  2450 E NetworkScheduler.SchedulerReceiver: Invalid package name : Perhaps you didn't include a PendingIntent in the extras?
12-14 03:15:39.141  2311  2414 W ResourcesManager: Asset path '/system/framework/com.google.android.media.effects.jar' does not exist or contains no resources.
12-14 03:15:39.147  3850  3850 I ActivityThread: Switching default density from 160 to 240
12-14 03:15:39.149  2543  3873 D PackageBroadcastService: Received broadcast action=android.intent.action.PACKAGE_REMOVED and uri=com.baidu.netdisk
12-14 03:15:39.149  2543  3873 D AccountUtils: Clearing selected account for com.baidu.netdisk
12-14 03:15:39.215  2311  2311 D Launcher.Workspace: 11683562 - stripEmptyScreens()
12-14 03:15:39.215  2311  2311 D Launcher.Workspace: 11683562 - stripEmptyScreens()
12-14 03:15:39.252  2543  3873 I LocationSettingsChecker: Removing dialog suppression flag for package com.baidu.netdisk
12-14 03:15:39.261  2543  3879 I GMPM-SVC: App measurement is starting up
12-14 03:15:39.261  2543  3879 E GMPM-SVC: AppMeasurementService not registered/enabled
12-14 03:15:39.261  2543  3879 E GMPM-SVC: Uploading is not possible. App measurement disabled
12-14 03:15:39.316  1983  2472 I ActivityManager: Killing 3120:com.google.android.configupdater/u0a31 (adj 15): empty #17
12-14 03:15:39.404  2543  2543 I ConfigFetchService: onStartCommand Intent { act=android.intent.action.PACKAGE_REMOVED dat=package:com.baidu.netdisk cmp=com.google.android.gms/.config.ConfigFetchService (has extras) }
12-14 03:15:39.406  2543  3885 W BaseAppContext: Using Auth Proxy for data requests.
12-14 03:15:39.406  2543  3885 W BaseAppContext: Using Auth Proxy for data requests.
12-14 03:15:39.511  2543  3883 I art     : Explicit concurrent mark sweep GC freed 11792(685KB) AllocSpace objects, 4(64KB) LOS objects, 24% free, 6MB/8MB, paused 374us total 55.952ms
12-14 03:15:39.513  1983  2432 D ConnectivityService: listenForNetwork for NetworkRequest [ id=3, legacyType=-1, [ Capabilities: INTERNET&NOT_RESTRICTED&TRUSTED&NOT_VPN] ]
12-14 03:15:39.566  2543  2886 I Icing   : doRemovePackageData com.baidu.netdisk
12-14 03:15:39.566  2543  2543 D ChimeraCfgMgr: Loading module com.google.android.gms.games from APK com.google.android.gms
12-14 03:15:39.584  1983  2003 I ActivityManager: Start proc 3890:com.android.musicfx/u0a13 for broadcast com.android.musicfx/.Compatibility$Receiver
12-14 03:15:39.587  2543  3888 I PeopleContactsSync: CP2 sync disabled
12-14 03:15:39.588  3890  3890 I ActivityThread: Switching default density from 160 to 240
12-14 03:15:39.631  1983  2434 I ActivityManager: Start proc 3915:com.android.keychain/1000 for broadcast com.android.keychain/.KeyChainBroadcastReceiver
12-14 03:15:39.636  3915  3915 I ActivityThread: Switching default density from 160 to 240
12-14 03:15:39.637  3915  3915 W ContextImpl: Calling a method in the system process without a qualified user: android.app.ContextImpl.startService:1692 android.content.ContextWrapper.startService:516 android.content.ContextWrapper.startService:516 com.android.keychain.KeyChainBroadcastReceiver.onReceive:12 android.app.ActivityThread.handleReceiver:2609 
12-14 03:15:39.638  2311  2311 W Launcher: setApplicationContext called twice! old=com.android.launcher3.LauncherApplication@e2145eb new=com.android.launcher3.LauncherApplication@e2145eb
12-14 03:15:39.654  1983  1983 I ActivityManager: Start proc 3940:com.android.documentsui/u0a34 for broadcast com.android.documentsui/.PackageReceiver
12-14 03:15:39.658  3940  3940 I ActivityThread: Switching default density from 160 to 240
12-14 03:15:39.738  1983  2310 I ActivityManager: Start proc 3963:com.android.externalstorage/u0a6 for content provider com.android.externalstorage/.ExternalStorageProvider
12-14 03:15:39.742  3963  3963 I ActivityThread: Switching default density from 160 to 240
12-14 03:15:39.743  3963  3963 D ExternalStorage: After updating volumes, found 2 active roots
12-14 03:15:39.746  3940  3962 D Documents: Update found 7 roots in 25ms
12-14 03:15:39.830  2543  3883 W DriveInitializer: Awaiting to be initialized
12-14 03:15:39.830  2543  3985 W DriveInitializer: Background init thread started
12-14 03:15:40.712  1983  2434 I ActivityManager: Killing 3158:com.android.deskclock/u0a32 (adj 15): empty #17
12-14 03:15:40.756  2543  3884 D GOOGLEHELP_CompatibleDatabase: Open SQLiteDatabase: /data/data/com.google.android.gms/databases/metrics.db, release reference: 1
12-14 03:15:40.756  2543  3884 D GOOGLEHELP_CompatibleDatabase: Acquire reference of SQLiteDatabase: /data/data/com.google.android.gms/databases/metrics.db: 2
12-14 03:15:40.756  2543  3884 D gH_MetricsDatabase: 0 metrics were deleted when clearing package com.baidu.netdisk.
12-14 03:15:40.756  2543  3884 D GOOGLEHELP_CompatibleDatabase: Release reference of SQLiteDatabase: /data/data/com.google.android.gms/databases/metrics.db: 1
12-14 03:15:40.756  1983  2333 I ActivityManager: Killing 3292:com.google.android.youtube/u0a59 (adj 15): empty #17
12-14 03:15:40.783  1983  2333 I ActivityManager: Killing 3206:com.android.exchange/u0a36 (adj 15): empty #18
12-14 03:15:40.810  1983  2064 I ActivityManager: Killing 2924:com.android.mms/u0a12 (adj 15): empty #17
12-14 03:15:40.829  1983  2434 D CountryDetector: No listener is left
12-14 03:15:40.837  3940  3987 D Documents: Update found 7 roots in 27ms
12-14 03:15:40.877  2543  3985 W art     : Long monitor contention event with owner method=void android.database.sqlite.SQLiteConnection.nativeExecute(long, long) from SQLiteConnection.java:4294967294 waiters=0 for 1.046s
12-14 03:15:41.088  1690  1698 E Vold    : Failed to find mounted volume for /storage/usb1/Android/data/com.google.android.gms/files/
12-14 03:15:41.088  2543  3985 W ContextImpl: Failed to ensure directory: /storage/usb1/Android/data/com.google.android.gms/files
12-14 03:15:41.088  1690  1698 E Vold    : Failed to find mounted volume for /storage/usb2/Android/data/com.google.android.gms/files/
12-14 03:15:41.088  2543  3985 W ContextImpl: Failed to ensure directory: /storage/usb2/Android/data/com.google.android.gms/files
12-14 03:15:41.089  1690  1698 E Vold    : Failed to find mounted volume for /storage/usb3/Android/data/com.google.android.gms/files/
12-14 03:15:41.089  2543  3985 W ContextImpl: Failed to ensure directory: /storage/usb3/Android/data/com.google.android.gms/files
12-14 03:15:41.089  1690  1698 E Vold    : Failed to find mounted volume for /storage/sdcard1/Android/data/com.google.android.gms/files/
12-14 03:15:41.089  2543  3985 W ContextImpl: Failed to ensure directory: /storage/sdcard1/Android/data/com.google.android.gms/files
12-14 03:15:41.114  2543  3985 W DriveInitializer: Background init thread ended
12-14 03:15:41.265  2543  3884 D GOOGLEHELP_CompatibleDatabase: Open SQLiteDatabase: /data/data/com.google.android.gms/databases/help_responses.db, release reference: 1
12-14 03:15:41.265  2543  3884 D GOOGLEHELP_CompatibleDatabase: Acquire reference of SQLiteDatabase: /data/data/com.google.android.gms/databases/help_responses.db: 2
12-14 03:15:41.265  2543  3884 D GOOGLEHELP_CompatibleDatabase: Release reference of SQLiteDatabase: /data/data/com.google.android.gms/databases/help_responses.db: 1
12-14 03:15:41.405  1983  2054 W AudioTrack: AUDIO_OUTPUT_FLAG_FAST denied by client
12-14 03:15:41.642  2543  3884 D GOOGLEHELP_CompatibleDatabase: Open SQLiteDatabase: /data/data/com.google.android.gms/databases/auto_complete_suggestions.db, release reference: 1
12-14 03:15:41.642  2543  3884 D GOOGLEHELP_CompatibleDatabase: Acquire reference of SQLiteDatabase: /data/data/com.google.android.gms/databases/auto_complete_suggestions.db: 2
12-14 03:15:41.642  2543  3884 D GOOGLEHELP_CompatibleDatabase: Release reference of SQLiteDatabase: /data/data/com.google.android.gms/databases/auto_complete_suggestions.db: 1
12-14 03:15:41.642  2543  3884 D GOOGLEHELP_CompatibleDatabase: Close SQLiteDatabase: /data/data/com.google.android.gms/databases/metrics.db, release reference: 0
12-14 03:15:41.642  2543  3884 D GOOGLEHELP_CompatibleDatabase: Close SQLiteDatabase: /data/data/com.google.android.gms/databases/help_responses.db, release reference: 0
12-14 03:15:41.642  2543  3884 D GOOGLEHELP_CompatibleDatabase: Close SQLiteDatabase: /data/data/com.google.android.gms/databases/auto_complete_suggestions.db, release reference: 0
12-14 03:15:42.638  1983  1983 I ActivityManager: Killing 3644:com.android.providers.calendar/u0a1 (adj 15): empty #17
12-14 03:15:43.696  1983  2008 I ActivityManager: Start proc 4000:com.android.providers.calendar/u0a1 for broadcast com.android.providers.calendar/.CalendarProviderBroadcastReceiver
12-14 03:15:43.700  4000  4000 I ActivityThread: Switching default density from 160 to 240
12-14 03:15:43.700  4000  4000 W ResourcesManager: Asset path '/system/framework/android.test.runner.jar' does not exist or contains no resources.
12-14 03:15:43.704  4000  4000 I CalendarProvider2: Created com.android.providers.calendar.CalendarAlarmManager@1b99f53a(com.android.providers.calendar.CalendarProvider2@e2145eb)
12-14 03:15:43.706  4000  4023 E SQLiteLog: (284) automatic index on view_events(_id)
12-14 03:15:43.937  1983  2472 I art     : Explicit concurrent mark sweep GC freed 15390(824KB) AllocSpace objects, 4(64KB) LOS objects, 33% free, 13MB/20MB, paused 468us total 16.609ms
12-14 03:15:44.210  2543  3810 I iu.UploadsManager: End new media; added: 50, uploading: 0, time: 13993 ms
12-14 03:15:44.211  1983  2434 I ActivityManager: Killing 3183:com.android.email/u0a35 (adj 15): empty #17
12-14 03:15:44.586  2450  2450 I ConfigService: onDestroy
12-14 03:15:44.707  4000  4000 I CalendarProvider2: Sending notification intent: Intent { act=android.intent.action.PROVIDER_CHANGED dat=content://com.android.calendar }
12-14 03:15:44.707  4000  4000 W ContentResolver: Failed to get type for: content://com.android.calendar (Unknown URL content://com.android.calendar)
12-14 03:15:44.707  3092  3092 D AlertReceiver: onReceive: a=android.intent.action.PROVIDER_CHANGED Intent { act=android.intent.action.PROVIDER_CHANGED dat=content://com.android.calendar flg=0x10 cmp=com.android.calendar/.alerts.AlertReceiver }
12-14 03:15:44.708  3092  4024 D AlertService: 0 Action = android.intent.action.PROVIDER_CHANGED
12-14 03:15:45.550  1983  2003 I ActivityManager: START u0 {act=com.android.systemui.recents.SHOW_RECENTS flg=0x10804000 cmp=com.android.systemui/.recents.RecentsActivity} from uid 10018 on display 0
12-14 03:15:45.551  1983  2003 V WindowManager: addAppToken: AppWindowToken{1e5f057e token=Token{e0d7b39 ActivityRecord{32179700 u0 com.android.systemui/.recents.RecentsActivity t20}}} to stack=0 task=20 at 0
12-14 03:15:45.556  2116  2116 D OpenGLRenderer: setting property ambientRatio to 1.5
12-14 03:15:45.556  2116  2116 D OpenGLRenderer: ambientRatio = 1.50
12-14 03:15:45.559  1983  2472 V WindowManager: Adding window Window{13d58973 u0 com.android.systemui/com.android.systemui.recents.RecentsActivity} at 3 of 8 (after Window{17138837 u0 com.android.launcher3/com.android.launcher3.Launcher})
12-14 03:15:45.590  1983  2013 I ActivityManager: Displayed com.android.systemui/.recents.RecentsActivity: +38ms
12-14 03:15:48.847  1983  2054 W AudioTrack: AUDIO_OUTPUT_FLAG_FAST denied by client
12-14 03:15:48.851  1983  2434 I ActivityManager: START u0 {act=android.intent.action.VIEW dat=file:///storage/usb0/QQbrowserx86.apk typ=application/vnd.android.package-archive flg=0x17000000 cmp=com.android.packageinstaller/.PackageInstallerActivity} from uid 10025 on display 0
12-14 03:15:48.851  1983  2434 V WindowManager: addAppToken: AppWindowToken{3a6b3eb token=Token{33385b3a ActivityRecord{65be265 u0 com.android.packageinstaller/.PackageInstallerActivity t21}}} to stack=1 task=21 at 0
12-14 03:15:48.859  1714  1973 D audio_hw_primary: found out /dev/snd/pcmC1D0p
12-14 03:15:48.930  3818  3818 I AppSecurityPermissions: Ignoring unknown permission:com.tencent.mtt.broadcast
12-14 03:15:48.931  3818  3818 I AppSecurityPermissions: Ignoring unknown permission:com.android.launcher.permission.READ_SETTINGS
12-14 03:15:48.931  3818  3818 I AppSecurityPermissions: Ignoring unknown permission:com.android.launcher.permission.WRITE_SETTINGS
12-14 03:15:48.931  3818  3818 I AppSecurityPermissions: Ignoring unknown permission:com.google.android.launcher.permission.READ_SETTINGS
12-14 03:15:48.931  3818  3818 I AppSecurityPermissions: Ignoring unknown permission:com.google.android.launcher.permission.WRITE_SETTINGS
12-14 03:15:48.931  3818  3818 I AppSecurityPermissions: Ignoring unknown permission:com.htc.launcher.permission.READ_SETTINGS
12-14 03:15:48.931  3818  3818 I AppSecurityPermissions: Ignoring unknown permission:com.htc.launcher.permission.WRITE_SETTINGS
12-14 03:15:48.932  3818  3818 I AppSecurityPermissions: Ignoring unknown permission:com.nd.android.launcher.permission.READ_SETTINGS
12-14 03:15:48.932  3818  3818 I AppSecurityPermissions: Ignoring unknown permission:com.nd.android.launcher.permission.WRITE_SETTINGS
12-14 03:15:48.932  3818  3818 I AppSecurityPermissions: Ignoring unknown permission:com.lge.launcher.permission.READ_SETTINGS
12-14 03:15:48.932  3818  3818 I AppSecurityPermissions: Ignoring unknown permission:com.lge.launcher.permission.WRITE_SETTINGS
12-14 03:15:48.932  3818  3818 I AppSecurityPermissions: Ignoring unknown permission:com.fede.launcher.permission.READ_SETTINGS
12-14 03:15:48.932  3818  3818 I AppSecurityPermissions: Ignoring unknown permission:com.fede.launcher.permission.WRITE_SETTINGS
12-14 03:15:48.932  3818  3818 I AppSecurityPermissions: Ignoring unknown permission:org.adw.launcher.permission.READ_SETTINGS
12-14 03:15:48.932  3818  3818 I AppSecurityPermissions: Ignoring unknown permission:org.adw.launcher.permission.WRITE_SETTINGS
12-14 03:15:48.932  3818  3818 I AppSecurityPermissions: Ignoring unknown permission:org.adwfreak.launcher.permission.READ_SETTINGS
12-14 03:15:48.932  3818  3818 I AppSecurityPermissions: Ignoring unknown permission:org.adwfreak.launcher.permission.WRITE_SETTINGS
12-14 03:15:48.932  3818  3818 I AppSecurityPermissions: Ignoring unknown permission:org.adw.launcher_donut.permission.READ_SETTINGS
12-14 03:15:48.932  3818  3818 I AppSecurityPermissions: Ignoring unknown permission:org.adw.launcher_donut.permission.WRITE_SETTINGS
12-14 03:15:48.932  3818  3818 I AppSecurityPermissions: Ignoring unknown permission:com.tencent.qqlauncher.permission.READ_SETTINGS
12-14 03:15:48.932  3818  3818 I AppSecurityPermissions: Ignoring unknown permission:com.tencent.qqlauncher.permission.WRITE_SETTINGS
12-14 03:15:48.932  3818  3818 I AppSecurityPermissions: Ignoring unknown permission:com.android.mylauncher.permission.READ_SETTINGS
12-14 03:15:48.933  3818  3818 I AppSecurityPermissions: Ignoring unknown permission:com.android.mylauncher.permission.WRITE_SETTINGS
12-14 03:15:48.933  3818  3818 I AppSecurityPermissions: Ignoring unknown permission:com.huawei.launcher2.permission.READ_SETTINGS
12-14 03:15:48.933  3818  3818 I AppSecurityPermissions: Ignoring unknown permission:com.huawei.launcher2.permission.WRITE_SETTINGS
12-14 03:15:48.933  3818  3818 I AppSecurityPermissions: Ignoring unknown permission:com.huawei.launcher3.permission.READ_SETTINGS
12-14 03:15:48.933  3818  3818 I AppSecurityPermissions: Ignoring unknown permission:com.huawei.launcher3.permission.WRITE_SETTINGS
12-14 03:15:48.933  3818  3818 I AppSecurityPermissions: Ignoring unknown permission:net.qihoo.launcher.permission.READ_SETTINGS
12-14 03:15:48.933  3818  3818 I AppSecurityPermissions: Ignoring unknown permission:net.qihoo.launcher.permission.WRITE_SETTINGS
12-14 03:15:48.933  3818  3818 I AppSecurityPermissions: Ignoring unknown permission:com.dianxinos.dxhome.permission.READ_SETTINGS
12-14 03:15:48.933  3818  3818 I AppSecurityPermissions: Ignoring unknown permission:com.dianxinos.dxhome.permission.WRITE_SETTINGS
12-14 03:15:48.933  3818  3818 I AppSecurityPermissions: Ignoring unknown permission:com.huawei.android.launcher.permission.READ_SETTINGS
12-14 03:15:48.933  3818  3818 I AppSecurityPermissions: Ignoring unknown permission:com.huawei.android.launcher.permission.WRITE_SETTINGS
12-14 03:15:48.933  3818  3818 I AppSecurityPermissions: Ignoring unknown permission:com.qihoo360.launcher.permission.READ_SETTINGS
12-14 03:15:48.933  3818  3818 I AppSecurityPermissions: Ignoring unknown permission:com.qihoo360.launcher.permission.WRITE_SETTINGS
12-14 03:15:48.933  3818  3818 I AppSecurityPermissions: Ignoring unknown permission:com.oppo.launcher.permission.READ_SETTINGS
12-14 03:15:48.933  3818  3818 I AppSecurityPermissions: Ignoring unknown permission:com.oppo.launcher.permission.WRITE_SETTINGS
12-14 03:15:48.933  3818  3818 I AppSecurityPermissions: Ignoring unknown permission:com.ztemt.launcher.permission.READ_SETTINGS
12-14 03:15:48.933  3818  3818 I AppSecurityPermissions: Ignoring unknown permission:com.ztemt.launcher.permission.WRITE_SETTINGS
12-14 03:15:48.933  3818  3818 I AppSecurityPermissions: Ignoring unknown permission:com.lenovo.launcher.permission.READ_SETTINGS
12-14 03:15:48.933  3818  3818 I AppSecurityPermissions: Ignoring unknown permission:com.lenovo.launcher.permission.WRITE_SETTINGS
12-14 03:15:48.933  3818  3818 I AppSecurityPermissions: Ignoring unknown permission:com.moxiu.launcher.permission.READ_SETTINGS
12-14 03:15:48.934  3818  3818 I AppSecurityPermissions: Ignoring unknown permission:com.moxiu.launcher.permission.WRITE_SETTINGS
12-14 03:15:48.934  3818  3818 I AppSecurityPermissions: Ignoring unknown permission:com.iLoong.permission.READ_SETTINGS
12-14 03:15:48.934  3818  3818 I AppSecurityPermissions: Ignoring unknown permission:com.iLoong.permission.WRITE_SETTINGS
12-14 03:15:48.934  3818  3818 I AppSecurityPermissions: Ignoring unknown permission:telecom.mdesk.permission.READ_SETTINGS
12-14 03:15:48.934  3818  3818 I AppSecurityPermissions: Ignoring unknown permission:telecom.mdesk.permission.WRITE_SETTINGS
12-14 03:15:48.934  3818  3818 I AppSecurityPermissions: Ignoring unknown permission:com.tencent.tmsecurelite.permission.ACCESS_SERVICE
12-14 03:15:48.935  3818  3818 I AppSecurityPermissions: Ignoring unknown permission:com.android.ContactWidget.permission.READ_SETTINGS
12-14 03:15:48.935  3818  3818 I AppSecurityPermissions: Ignoring unknown permission:com.android.ContactWidget.permission.WRITE_SETTINGS
12-14 03:15:48.935  3818  3818 I AppSecurityPermissions: Ignoring unknown permission:com.lenovo.launcher.permission.BADGE_READ
12-14 03:15:48.935  3818  3818 I AppSecurityPermissions: Ignoring unknown permission:com.lenovo.launcher.permission.BADGE_WRITE
12-14 03:15:48.935  3818  3818 I AppSecurityPermissions: Ignoring unknown permission:com.huawei.android.launcher.permission.CHANGE_BADGE
12-14 03:15:48.949  1983  2859 V WindowManager: Adding window Window{c2d3fe1 u0 com.android.packageinstaller/com.android.packageinstaller.PackageInstallerActivity} at 4 of 9 (after Window{378976ce u0 com.cyanogenmod.filemanager/com.cyanogenmod.filemanager.activities.NavigationActivity})
12-14 03:15:49.019  3818  3840 V RenderScript: 0x7f36bd364000 Launching thread(s), CPUs 8
12-14 03:15:49.028  1983  2013 I ActivityManager: Displayed com.android.packageinstaller/.PackageInstallerActivity: +170ms
12-14 03:15:49.708  3092  4024 I GlobalDismissManager: no sender configured
12-14 03:15:49.708  3092  4024 D AlertService: Beginning updateAlertNotification
12-14 03:15:49.710  3092  4024 D AlertService: No fired or scheduled alerts
12-14 03:15:49.711  3092  4024 D AlertService: Scheduling next alarm with AlarmScheduler. sEventReminderReceived: null
12-14 03:15:49.712  3092  4024 D AlarmScheduler: No events found starting within 1 week.
12-14 03:15:49.860  2116  2116 W ResourceType: No package identifier when getting value for resource number 0x00000000
12-14 03:15:49.860  2116  2116 W PackageManager: Failure retrieving resources for com.cyanogenmod.filemanager: Resource ID #0x0
12-14 03:15:50.583  1983  2069 D TaskPersister: removeObsoleteFile: deleting file=19_task_thumbnail.png
12-14 03:15:51.247  1983  2054 W AudioTrack: AUDIO_OUTPUT_FLAG_FAST denied by client
12-14 03:15:51.764  1983  2054 W AudioTrack: AUDIO_OUTPUT_FLAG_FAST denied by client
12-14 03:15:52.257  1983  2054 W AudioTrack: AUDIO_OUTPUT_FLAG_FAST denied by client
12-14 03:15:52.257  1983  2859 I ActivityManager: START u0 {dat=file:///storage/usb0/QQbrowserx86.apk cmp=com.android.packageinstaller/.InstallAppProgress (has extras)} from uid 10050 on display 0
12-14 03:15:52.257  1983  2859 V WindowManager: addAppToken: AppWindowToken{25eb1792 token=Token{55cf91d ActivityRecord{2ec88df4 u0 com.android.packageinstaller/.InstallAppProgress t21}}} to stack=1 task=21 at 1
12-14 03:15:52.270  1983  2434 V WindowManager: Adding window Window{3c232ed5 u0 com.android.packageinstaller/com.android.packageinstaller.InstallAppProgress} at 5 of 10 (after Window{c2d3fe1 u0 com.android.packageinstaller/com.android.packageinstaller.PackageInstallerActivity})
12-14 03:15:52.303  1983  2013 I ActivityManager: Displayed com.android.packageinstaller/.InstallAppProgress: +39ms
12-14 03:15:52.338  3818  3840 D OpenGLRenderer: endAllStagingAnimators on 0x7f36c57c8800 (RippleDrawable) with handle 0x7f36bcc0d2a0
12-14 03:15:52.566  2961  2961 D Finsky  : [1] PackageVerificationReceiver.onReceive: Skipping verification because network inactive
