12-14 03:14:49.296  1983  2032 W PackageManager: Unknown permission android.permission.OBSERVE_GRANT_REVOKE_PERMISSIONS in package com.google.android.gms
12-14 03:14:49.296  1983  2032 W PackageManager: Unknown permission com.google.android.apps.enterprise.dmagent.permission.AutoSyncPermission in package com.google.android.gms
12-14 03:14:49.296  1983  2032 W PackageManager: Unknown permission com.google.android.googlequicksearchbox.permission.PAUSE_HOTWORD in package com.google.android.gms
12-14 03:14:49.296  1983  2032 W PackageManager: Unknown permission com.google.android.hangouts.START_HANGOUT in package com.google.android.gms
12-14 03:14:49.296  1983  2032 W PackageManager: Unknown permission com.google.android.wearable.READ_SETTINGS in package com.google.android.gms
12-14 03:14:49.296  1983  2032 W PackageManager: Unknown permission android.permission.INTENT_FILTER_VERIFICATION_AGENT in package com.google.android.gms
12-14 03:14:49.296  1983  2032 W PackageManager: Unknown permission android.permission.LOCAL_MAC_ADDRESS in package com.google.android.gms
12-14 03:14:49.296  1983  2032 W PackageManager: Unknown permission android.permission.CHANGE_DEVICE_IDLE_TEMP_WHITELIST in package com.google.android.gms
12-14 03:14:49.296  1983  2032 W PackageManager: Unknown permission android.permission.NOTIFY_PENDING_SYSTEM_UPDATE in package com.google.android.gms
12-14 03:14:49.296  1983  2032 W PackageManager: Unknown permission com.google.android.launcher.permission.RECEIVE_LAUNCH_BROADCASTS in package com.google.android.gms
12-14 03:14:49.296  1983  2032 W PackageManager: Not granting permission android.permission.MANAGE_DOCUMENTS to package com.google.android.gms (protectionLevel=2 flags=0xc0483e45)
12-14 03:14:49.296  1983  2032 W PackageManager: Unknown permission com.android.launcher.permission.PRELOAD_WORKSPACE in package com.google.android.partnersetup
12-14 03:14:49.296  1983  2032 W PackageManager: Not granting permission android.permission.DELETE_PACKAGES to package com.svox.pico (protectionLevel=18 flags=0x8be45)
12-14 03:14:49.296  1983  2032 W PackageManager: Unknown permission com.cyanogenmod.filemanager.permissions.READ_THEME in package com.cyanogenmod.filemanager
12-14 03:14:49.296  1983  2032 W PackageManager: Not granting permission android.permission.CONTROL_KEYGUARD to package com.google.android.gsf.login (protectionLevel=2 flags=0x4048be45)
12-14 03:14:49.296  1983  2032 W PackageManager: Unknown permission com.android.vending.billing.IBillingAccountService.BIND2 in package com.google.android.gsf.login
12-14 03:14:49.296  1983  2032 W PackageManager: Unknown permission com.android.launcher.permission.READ_SETTINGS in package com.android.settings
12-14 03:14:49.296  1983  2032 W PackageManager: Unknown permission com.android.launcher.permission.WRITE_SETTINGS in package com.android.settings
12-14 03:14:49.296  1983  2032 W PackageManager: Unknown permission com.android.smspush.WAPPUSH_MANAGER_BIND in package com.android.phone
12-14 03:14:49.296  1983  2032 W PackageManager: Not granting permission android.permission.DEVICE_POWER to package com.android.deskclock (protectionLevel=2 flags=0x48be45)
12-14 03:14:49.296  1983  2032 W PackageManager: Not granting permission android.permission.MOUNT_UNMOUNT_FILESYSTEMS to package com.baidu.netdisk (protectionLevel=18 flags=0x183e44)
12-14 03:14:49.296  1983  2032 W PackageManager: Unknown permission com.baidu.permission.SHARE in package com.baidu.netdisk
12-14 03:14:49.296  1983  2032 W PackageManager: Not granting permission android.permission.READ_LOGS to package com.baidu.netdisk (protectionLevel=50 flags=0x183e44)
12-14 03:14:49.296  1983  2032 W PackageManager: Not granting permission android.permission.SET_ACTIVITY_WATCHER to package com.baidu.netdisk (protectionLevel=2 flags=0x183e44)
12-14 03:14:49.296  1983  2032 W PackageManager: Not granting permission android.permission.ACCESS_DOWNLOAD_MANAGER to package com.baidu.netdisk (protectionLevel=18 flags=0x183e44)
12-14 03:14:49.296  1983  2032 W PackageManager: Unknown permission android.hardware.sensor.accelerometer in package com.baidu.netdisk
12-14 03:14:49.296  1983  2032 W PackageManager: Unknown permission com.android.launcher.permission.READ_SETTINGS in package com.baidu.netdisk
12-14 03:14:49.296  1983  2032 W PackageManager: Unknown permission com.android.launcher.permission.WRITE_SETTINGS in package com.baidu.netdisk
12-14 03:14:49.296  1983  2032 W PackageManager: Not granting permission android.permission.BROADCAST_PACKAGE_REMOVED to package com.baidu.netdisk (protectionLevel=2 flags=0x183e44)
12-14 03:14:49.296  1983  2032 W PackageManager: Unknown permission com.google.android.gallery3d.permission.GALLERY_PROVIDER in package com.android.bluetooth
12-14 03:14:49.427  2033  2033 I dex2oat : /system/bin/dex2oat --zip-fd=5 --zip-location=/system/app/VisualizationWallpapers/VisualizationWallpapers.apk --oat-fd=6 --oat-location=/data/dalvik-cache/x86/system@app@VisualizationWallpapers@VisualizationWallpapers.apk@classes.dex --instruction-set=x86 --instruction-set-features=default --runtime-arg -Xms64m --runtime-arg -Xmx512m --swap-fd=7
12-14 03:14:49.464  2033  2033 E dex2oat : Failed to open dex from file descriptor for zip file '/system/app/VisualizationWallpapers/VisualizationWallpapers.apk': Entry not found
12-14 03:14:49.527  1983  2002 I art     : Background sticky concurrent mark sweep GC freed 17559(1384KB) AllocSpace objects, 9(144KB) LOS objects, 19% free, 6MB/8MB, paused 5.038ms total 140.914ms
12-14 03:14:49.534  1983  2035 D OpenGLRenderer: Use EGL_SWAP_BEHAVIOR_PRESERVED: true
12-14 03:14:49.691  1715  1715 E installd: DexInv: --- END '/system/app/VisualizationWallpapers/VisualizationWallpapers.apk' --- status=0x0100, process failed
12-14 03:14:49.691  1983  1983 I PackageManager: Running dexopt on: /system/app/Galaxy4/Galaxy4.apk pkg=com.android.galaxy4 isa=x86 vmSafeMode=false
12-14 03:14:49.707  2036  2036 I dex2oat : /system/bin/dex2oat --zip-fd=5 --zip-location=/system/app/Galaxy4/Galaxy4.apk --oat-fd=6 --oat-location=/data/dalvik-cache/x86/system@app@Galaxy4@Galaxy4.apk@classes.dex --instruction-set=x86 --instruction-set-features=default --runtime-arg -Xms64m --runtime-arg -Xmx512m --swap-fd=10
12-14 03:14:49.708  2036  2036 E dex2oat : Failed to open dex from file descriptor for zip file '/system/app/Galaxy4/Galaxy4.apk': Entry not found
12-14 03:14:49.732  1983  2035 I GRALLOC-DRM: create intel for driver i915
12-14 03:14:49.732  1983  2035 I EGL-DRI2: DRI2: found extension DRI_Core version 1
12-14 03:14:49.732  1983  2035 I EGL-DRI2: DRI2: found extension DRI_DRI2 version 4
12-14 03:14:49.735  1983  2035 I EGL-DRI2: DRI2: found extension DRI_TexBuffer version 3
12-14 03:14:49.735  1983  2035 I EGL-DRI2: DRI2: found extension DRI2_Flush version 4
12-14 03:14:49.735  1983  2035 I EGL-DRI2: DRI2: found extension DRI_IMAGE version 11
12-14 03:14:49.735  1983  2035 I OpenGLRenderer: Initialized EGL, version 1.4
12-14 03:14:49.736  1983  2035 W OpenGLRenderer: Failed to choose config with EGL_SWAP_BEHAVIOR_PRESERVED, retrying without...
12-14 03:14:49.737  1983  2035 D OpenGLRenderer: Enabling debug mode 0
12-14 03:14:49.757  1691  1699 I SurfaceFlinger: Boot is finished (27649 ms)
12-14 03:14:49.982  1715  1715 E installd: DexInv: --- END '/system/app/Galaxy4/Galaxy4.apk' --- status=0x0100, process failed
12-14 03:14:49.982  1983  1983 I PackageManager: Running dexopt on: /system/app/HoloSpiralWallpaper/HoloSpiralWallpaper.apk pkg=com.android.wallpaper.holospiral isa=x86 vmSafeMode=false
12-14 03:14:49.987  2040  2040 I dex2oat : /system/bin/dex2oat --zip-fd=5 --zip-location=/system/app/HoloSpiralWallpaper/HoloSpiralWallpaper.apk --oat-fd=6 --oat-location=/data/dalvik-cache/x86/system@app@HoloSpiralWallpaper@HoloSpiralWallpaper.apk@classes.dex --instruction-set=x86 --instruction-set-features=default --runtime-arg -Xms64m --runtime-arg -Xmx512m --swap-fd=11
12-14 03:14:49.988  2040  2040 E dex2oat : Failed to open dex from file descriptor for zip file '/system/app/HoloSpiralWallpaper/HoloSpiralWallpaper.apk': Entry not found
12-14 03:14:50.215  1715  1715 E installd: DexInv: --- END '/system/app/HoloSpiralWallpaper/HoloSpiralWallpaper.apk' --- status=0x0100, process failed
12-14 03:14:50.215  1983  1983 I PackageManager: Running dexopt on: /system/app/PhaseBeam/PhaseBeam.apk pkg=com.android.phasebeam isa=x86 vmSafeMode=false
12-14 03:14:50.220  2042  2042 I dex2oat : /system/bin/dex2oat --zip-fd=5 --zip-location=/system/app/PhaseBeam/PhaseBeam.apk --oat-fd=6 --oat-location=/data/dalvik-cache/x86/system@app@PhaseBeam@PhaseBeam.apk@classes.dex --instruction-set=x86 --instruction-set-features=default --runtime-arg -Xms64m --runtime-arg -Xmx512m --swap-fd=12
12-14 03:14:50.221  2042  2042 E dex2oat : Failed to open dex from file descriptor for zip file '/system/app/PhaseBeam/PhaseBeam.apk': Entry not found
12-14 03:14:50.437  1715  1715 E installd: DexInv: --- END '/system/app/PhaseBeam/PhaseBeam.apk' --- status=0x0100, process failed
12-14 03:14:50.437  1983  1983 I SystemServer: LockSettingsService
12-14 03:14:50.451  1983  1983 I SystemServiceManager: Starting com.android.server.devicepolicy.DevicePolicyManagerService$Lifecycle
12-14 03:14:50.465  1983  1983 I SystemServer: Status Bar
12-14 03:14:50.469  1983  1983 I SystemServer: Clipboard Service
12-14 03:14:50.470  1983  1983 I SystemServer: NetworkManagement Service
12-14 03:14:50.471  1983  1983 I SystemServer: Text Service Manager Service
12-14 03:14:50.483  1983  1983 I SystemServer: Network Score Service
12-14 03:14:50.493  1983  1983 I SystemServer: NetworkStats Service
12-14 03:14:50.529  1983  1983 I SystemServer: NetworkPolicy Service
12-14 03:14:50.556  1983  1983 I SystemServiceManager: Starting com.android.server.wifi.p2p.WifiP2pService
12-14 03:14:50.622  1983  1983 I WifiP2pService: Registering wifip2p
12-14 03:14:50.622  1983  1983 I SystemServiceManager: Starting com.android.server.wifi.WifiService
12-14 03:14:50.654  1983  1983 E WifiConfigStore: associatedPartialScanPeriodMilli set to 20000
12-14 03:14:50.658  1983  1983 D WifiController: isAirplaneModeOn = false, isWifiEnabled = true, isScanningAvailable = true
12-14 03:14:50.659  1983  1983 I WifiService: Registering wifi
12-14 03:14:50.659  1983  1983 I SystemServiceManager: Starting com.android.server.wifi.WifiScanningService
12-14 03:14:50.659  1983  1983 I WifiScanningService: Creating wifiscanner
12-14 03:14:50.659  1983  1983 I WifiScanningService: Starting wifiscanner
12-14 03:14:50.659  1983  1983 I SystemServiceManager: Starting com.android.server.wifi.RttService
12-14 03:14:50.659  1983  1983 I RttService: Creating rttmanager
12-14 03:14:50.659  1983  1983 I RttService: Starting rttmanager
12-14 03:14:50.660  1983  1983 I SystemServiceManager: Starting com.android.server.ethernet.EthernetService
12-14 03:14:50.660  1983  1983 I EthernetServiceImpl: Creating EthernetConfigStore
12-14 03:14:50.672  1983  1983 E IpConfigStore: Error parsing configuration: java.io.FileNotFoundException: /data/misc/ethernet/ipconfig.txt: open failed: ENOENT (No such file or directory)
12-14 03:14:50.672  1983  1983 W EthernetConfigStore: No Ethernet configuration found. Using default.
12-14 03:14:50.672  1983  1983 I EthernetServiceImpl: Read stored IP configuration: IP assignment: DHCP
12-14 03:14:50.672  1983  1983 I EthernetServiceImpl: Proxy settings: NONE
12-14 03:14:50.672  1983  1983 I EthernetService: Registering service ethernet
12-14 03:14:50.672  1983  1983 I SystemServer: Connectivity Service
12-14 03:14:50.673  1983  1983 D ConnectivityService: ConnectivityService starting up
12-14 03:14:50.674  1983  1983 D ConnectivityService: wifiOnly=false
12-14 03:14:50.674  1983  1983 E ConnectivityService: Ignoring protectedNetwork 14
12-14 03:14:50.674  1983  1983 E ConnectivityService: Ignoring protectedNetwork 15
12-14 03:14:50.708  1983  1983 I SystemServer: Network Service Discovery Service
12-14 03:14:50.722  1983  1983 D NsdService: Network service discovery enabled true
12-14 03:14:50.722  1983  1983 I SystemServer: UpdateLock Service
12-14 03:14:50.965  1983  1983 I SystemServiceManager: Starting com.android.server.notification.NotificationManagerService
12-14 03:14:50.985  1983  1983 D ZenLog  : set_zen_mode: off,setting
12-14 03:14:50.985  1983  1983 I SystemServiceManager: Starting com.android.server.storage.DeviceStorageMonitorService
12-14 03:14:50.986  1983  1983 I SystemServer: Location Manager
12-14 03:14:50.992  1983  1983 I SystemServer: Country Detector
12-14 03:14:50.993  1983  1983 I SystemServer: Search Service
12-14 03:14:50.993  1983  1983 I SystemServer: DropBox Service
12-14 03:14:50.994  1983  1983 I SystemServer: Wallpaper Service
12-14 03:14:51.004  1983  1983 I SystemServer: Audio Service
12-14 03:14:51.012  1983  1983 W TelecomManager: Telecom Service not found.
12-14 03:14:51.013  1714  1714 D BlueZ   : external/bluetooth/bluez/android/hal-audio.c:audio_set_mic_mute() 
12-14 03:14:51.036  1983  1983 I SystemServiceManager: Starting com.android.server.DockObserver
12-14 03:14:51.036  1983  1983 W DockObserver: This kernel does not have dock station support
12-14 03:14:51.036  1983  1983 I SystemServer: Wired Accessory Manager
12-14 03:14:51.037  1983  1983 W WiredAccessoryManager: This kernel does not have usb audio support
12-14 03:14:51.037  1983  1983 W WiredAccessoryManager: This kernel does not have HDMI audio support
12-14 03:14:51.037  1983  1983 I SystemServiceManager: Starting com.android.server.usb.UsbService$Lifecycle
12-14 03:14:51.047  1983  1983 I SystemServer: Serial Service
12-14 03:14:51.047  1983  1983 I SystemServiceManager: Starting com.android.server.twilight.TwilightService
12-14 03:14:51.048  1983  1983 I SystemServiceManager: Starting com.android.server.UiModeManagerService
12-14 03:14:51.049  1983  1983 I SystemServiceManager: Starting com.android.server.job.JobSchedulerService
12-14 03:14:51.066  1983  1983 I SystemServiceManager: Starting com.android.server.backup.BackupManagerService$Lifecycle
12-14 03:14:51.067  1983  1983 I SystemServiceManager: Starting com.android.server.appwidget.AppWidgetService
12-14 03:14:51.067  1983  1983 I SystemServiceManager: Starting com.android.server.voiceinteraction.VoiceInteractionManagerService
12-14 03:14:51.068  1983  1983 W SoundTriggerHelper: listModules status=0, # of modules=0
12-14 03:14:51.068  1983  1983 I SystemServer: DiskStats Service
12-14 03:14:51.068  1983  1983 I SystemServer: SamplingProfiler Service
12-14 03:14:51.110  1983  1983 I SystemServer: NetworkTimeUpdateService
12-14 03:14:51.111  1983  1983 I SystemServer: CommonTimeManagementService
12-14 03:14:51.111  1983  1983 I SystemServer: CertBlacklister
12-14 03:14:51.112  1983  1983 I SystemServiceManager: Starting com.android.server.dreams.DreamManagerService
12-14 03:14:51.112  1983  1983 I SystemServer: Assets Atlas Service
12-14 03:14:51.113  1983  1983 I SystemServiceManager: Starting com.android.server.print.PrintManagerService
12-14 03:14:51.124  1983  2057 D AssetAtlas: Loaded configuration: SliceMinArea (768x768) flags=0x2 count=446
12-14 03:14:51.129  1983  2057 D AssetAtlas: Rendered atlas in 4.37ms (1.70+2.67ms)
12-14 03:14:51.145  1983  1983 I SystemServiceManager: Starting com.android.server.restrictions.RestrictionsManagerService
12-14 03:14:51.145  1983  1983 I SystemServiceManager: Starting com.android.server.media.MediaSessionService
12-14 03:14:51.159  1983  1983 I SystemServer: Media Router Service
12-14 03:14:51.159  1983  1983 I SystemServiceManager: Starting com.android.server.trust.TrustManagerService
12-14 03:14:51.160  1983  1983 I SystemServiceManager: Starting com.android.server.fingerprint.FingerprintService
12-14 03:14:51.160  1983  1983 V Fingerprint-JNI: nativeInit()
12-14 03:14:51.160  1983  1983 V Fingerprint-JNI: nativeOpenHal()
12-14 03:14:51.160  1983  1983 E Fingerprint-JNI: Can't open fingerprint HW Module, error: -2
12-14 03:14:51.160  1983  1983 I SystemServer: BackgroundDexOptService
12-14 03:14:51.161  1983  1983 I SystemServiceManager: Starting com.android.server.pm.LauncherAppsService
12-14 03:14:51.161  1983  1983 I SystemServiceManager: Starting com.android.server.media.projection.MediaProjectionManagerService
12-14 03:14:51.189  1983  1983 I WindowManager: SAFE MODE not enabled
12-14 03:14:51.189  1983  1983 I SystemServiceManager: Starting com.android.server.MmsServiceBroker
12-14 03:14:51.214  1983  1983 E SQLiteLog: (283) recovered 16 frames from WAL file /data/system/locksettings.db-wal
12-14 03:14:51.215  1983  1983 E LockSettingsStorage: Cannot read file java.io.FileNotFoundException: /data/system/password.key: open failed: ENOENT (No such file or directory)
12-14 03:14:51.216  1983  1983 E LockSettingsStorage: Cannot read file java.io.FileNotFoundException: /data/system/gesture.key: open failed: ENOENT (No such file or directory)
12-14 03:14:51.216  1983  1983 I SystemServiceManager: Starting phase 480
12-14 03:14:51.233  1983  1983 I SystemServiceManager: Starting phase 500
12-14 03:14:51.233  1983  1983 I WifiService: WifiService starting up with Wi-Fi enabled
12-14 03:14:51.233  1983  1983 D WifiService: setWifiEnabled: true pid=1983, uid=1000
12-14 03:14:51.233  1983  1983 E WifiService: Invoking mWifiStateMachine.setWifiEnabled
12-14 03:14:51.233  1983  2049 D WifiController: WifiController msg { when=0 what=155656 target=com.android.internal.util.StateMachine$SmHandler } deferred for 500ms
12-14 03:14:51.234  1983  2048 E WifiStateMachine: Failed to reload STA firmware java.lang.IllegalArgumentException: command '1 softap fwreload wlan0 STA' failed with '501 1 SoftAP command has failed'
12-14 03:14:51.234  1707  1951 D CommandListener: Setting iface cfg
12-14 03:14:51.234  1707  1951 D CommandListener: Trying to bring down wlan0
12-14 03:14:51.234  1707  1951 D CommandListener: Clearing all IP addresses on wlan0
12-14 03:14:51.234  1983  2048 E WifiMonitor: killSupplicant p2pfalse init.svc.wpa_supplicant=unknown init.svc.p2p_supplicant=unknown
12-14 03:14:51.234  1983  2049 D WifiService: New client listening to asynchronous messages
12-14 03:14:51.235  1983  1983 I WifiScanningService: Registering wifiscanner
12-14 03:14:51.236  1983  1983 D WifiScanningService: New client, channel: null messenger: null
12-14 03:14:51.236  1983  1983 I RttService: Registering rttmanager
12-14 03:14:51.236  1983  2060 D WifiChangeStateMachine: Entering IdleState
12-14 03:14:51.236  1983  2060 D WifiScanningService: DefaultState
12-14 03:14:51.236  1983  1983 I EthernetServiceImpl: Starting Ethernet service
12-14 03:14:51.237  1983  1983 D Ethernet: Registering NetworkFactory
12-14 03:14:51.237  1983  2050 D ConnectivityService: Got NetworkFactory Messenger for Ethernet
12-14 03:14:51.237  1983  2062 D Ethernet: got request NetworkRequest [ id=1, legacyType=-1, [ Capabilities: INTERNET&NOT_RESTRICTED&TRUSTED&NOT_VPN] ] with score 0
12-14 03:14:51.237  1983  1983 D EthernetNetworkFactory: Started tracking interface eth0
12-14 03:14:51.238  1707  1951 D CommandListener: Setting iface cfg
12-14 03:14:51.238  1707  1951 D CommandListener: Trying to bring up eth0
12-14 03:14:51.438  2063  2063 I wpa_supplicant: Successfully initialized wpa_supplicant
12-14 03:14:51.449  2063  2063 I wpa_supplicant: rfkill: Cannot open RFKILL control device
12-14 03:14:51.463  1983  2048 D WifiMonitor: startMonitoring(wlan0) with mConnected = false
12-14 03:14:51.739  1983  2049 D WifiController: DEFERRED_TOGGLE handled
12-14 03:14:51.843  1983  1983 I ActivityManager: Config changes=200 {1.0 ?mcc?mnc en_US ?layoutDir sw720dp w1280dp h646dp 240dpi lrg long land -touch qwerty/v/v -nav/h s.5}
12-14 03:14:51.858  1983  1983 V BackupManagerService: No ancestral data
12-14 03:14:51.882  1983  1983 D BackupManagerService: Now staging backup of com.android.browser
12-14 03:14:51.886  1983  2048 D WifiConfigStore: Loading config and enabling all networks 
12-14 03:14:51.886  1983  2048 E WifiConfigStore: Error parsing configuration: java.io.FileNotFoundException: /data/misc/wifi/ipconfig.txt: open failed: ENOENT (No such file or directory)
12-14 03:14:51.886  1983  2048 E WifiConfigStore: readNetworkHistory: No config file, revert to defaultjava.io.FileNotFoundException: /data/misc/wifi/networkHistory.txt: open failed: ENOENT (No such file or directory)
12-14 03:14:51.886  1983  2048 E WifiConfigStore: --- Begin wpa_supplicant.conf Contents ---
12-14 03:14:51.886  1983  2048 E WifiConfigStore: ctrl_interface=wlan0
12-14 03:14:51.886  1983  2048 E WifiConfigStore: update_config=1
12-14 03:14:51.886  1983  2048 E WifiConfigStore: eapol_version=1
12-14 03:14:51.886  1983  2048 E WifiConfigStore: ap_scan=1
12-14 03:14:51.886  1983  2048 E WifiConfigStore: fast_reauth=1
12-14 03:14:51.886  1983  2048 E WifiConfigStore: --- End wpa_supplicant.conf Contents ---
12-14 03:14:51.887  1983  2048 D WifiNative-HAL: Setting external_sim to 1
12-14 03:14:51.887  1983  2048 D WifiStateMachine: Setting OUI to DA-A1-19
12-14 03:14:51.887  1983  2048 I WifiNative-HAL: startHal
12-14 03:14:51.887  1983  2048 E wifi    : getStaticLongField sWifiHalHandle 0x7f36b9fff430
12-14 03:14:51.887  1983  2048 D wifi    : halHandle = 0x0, mVM = 0x7f36d007c300, mCls = 0x100b62
12-14 03:14:51.887  1983  2048 I WifiNative-HAL: Could not start hal
12-14 03:14:51.888  1983  2048 I WifiNative-HAL: startHal
12-14 03:14:51.888  1983  2048 E WifiStateMachine: cancelDelayedScan -> 1
12-14 03:14:51.888  1983  2048 D WifiConfigStore: Loading config and enabling all networks 
12-14 03:14:51.888  1983  2048 E WifiConfigStore: Error parsing configuration: java.io.FileNotFoundException: /data/misc/wifi/ipconfig.txt: open failed: ENOENT (No such file or directory)
12-14 03:14:51.888  1983  2048 E WifiConfigStore: readNetworkHistory: No config file, revert to defaultjava.io.FileNotFoundException: /data/misc/wifi/networkHistory.txt: open failed: ENOENT (No such file or directory)
12-14 03:14:51.888  1983  2048 E WifiConfigStore: --- Begin wpa_supplicant.conf Contents ---
12-14 03:14:51.888  1983  2048 E WifiConfigStore: ctrl_interface=wlan0
12-14 03:14:51.888  1983  2048 E WifiConfigStore: update_config=1
12-14 03:14:51.888  1983  2048 E WifiConfigStore: eapol_version=1
12-14 03:14:51.888  1983  2048 E WifiConfigStore: ap_scan=1
12-14 03:14:51.888  1983  2048 E WifiConfigStore: fast_reauth=1
12-14 03:14:51.888  1983  2048 E WifiConfigStore: --- End wpa_supplicant.conf Contents ---
12-14 03:14:51.889  1983  2048 E native  : do suspend false
12-14 03:14:52.141  1983  2002 I art     : Background sticky concurrent mark sweep GC freed 38387(2MB) AllocSpace objects, 9(144KB) LOS objects, 20% free, 8MB/10MB, paused 380us total 255.305ms
12-14 03:14:52.202  1983  1983 D BackupManagerService: Now staging backup of com.android.vending
12-14 03:14:52.246  1983  1983 D BackupManagerService: Now staging backup of android
12-14 03:14:52.302  1983  1983 D BackupManagerService: Now staging backup of com.google.android.gm
12-14 03:14:52.346  1983  1983 D BackupManagerService: Now staging backup of com.android.calendar
12-14 03:14:52.391  1983  1983 D BackupManagerService: Now staging backup of com.android.providers.settings
12-14 03:14:52.446  1983  1983 D BackupManagerService: Now staging backup of com.android.sharedstoragebackup
12-14 03:14:52.490  1983  1983 D BackupManagerService: Now staging backup of com.android.dialer
12-14 03:14:52.535  1983  1983 D BackupManagerService: Now staging backup of com.android.providers.userdictionary
12-14 03:14:52.579  1983  1983 V BackupManagerService: Starting with transport android/com.android.internal.backup.LocalTransport
12-14 03:14:52.579  1983  1983 V BackupManagerService: Found transports: 2
12-14 03:14:52.579  1983  1983 I BackupManagerService: Binding to transport host ComponentInfo{android/com.android.internal.backup.LocalTransportService}
12-14 03:14:52.581  1983  1983 I BackupManagerService: Binding to transport host ComponentInfo{com.google.android.gms/com.google.android.gms.backup.BackupTransportService}
12-14 03:14:52.581  1983  1983 I BackupManagerService: Found stale backup journal, scheduling
12-14 03:14:52.710  1983  1983 I ActivityManager: System now ready
12-14 03:14:52.711  1983  1983 I SystemServer: Making services ready
12-14 03:14:52.711  1983  1983 I SystemServiceManager: Starting phase 550
12-14 03:14:52.711  1983  1983 I SystemServer: WebViewFactory preparation
12-14 03:14:52.722  1983  1983 I Zygote  : Process: zygote socket opened, supported ABIS: x86_64,arm64-v8a
12-14 03:14:52.732  1983  1983 I Zygote  : Process: zygote socket opened, supported ABIS: x86,armeabi-v7a,armeabi
12-14 03:14:52.756  1983  1983 I ActivityManager: Start proc 2072:WebViewLoader-x86/1037 [android.webkit.WebViewFactory$RelroFileCreator] for 
12-14 03:14:52.772  1983  1983 I ActivityManager: Start proc 2092:WebViewLoader-x86_64/1037 [android.webkit.WebViewFactory$RelroFileCreator] for 
12-14 03:14:52.774  2092  2092 V WebViewFactory: RelroFileCreator (64bit = true),  32-bit lib: /system/app/webview/lib/x86/libwebviewchromium.so, 64-bit lib: /system/app/webview/lib/x86_64/libwebviewchromium.so
12-14 03:14:52.778  2072  2072 V WebViewFactory: RelroFileCreator (64bit = false),  32-bit lib: /system/app/webview/lib/x86/libwebviewchromium.so, 64-bit lib: /system/app/webview/lib/x86_64/libwebviewchromium.so
12-14 03:14:52.787  1983  1983 I ActivityManager: Start proc 2116:com.android.systemui/u0a18 for service com.android.systemui/.SystemUIService
12-14 03:14:52.787  1983  1983 D NetworkManagementService: not enabling bandwidth control
12-14 03:14:52.787  1690  1698 I Vold    : /dev/block/vold/8:49 being considered for volume usb0
12-14 03:14:52.787  1690  1698 D Vold    : Volume usb0 state changing 1 (Idle-Unmounted) -> 3 (Checking)
12-14 03:14:52.787  1690  1698 D Vold    : Trying to get filesystem type for /dev/block/vold/8:49 
12-14 03:14:52.787  1983  2010 D MountService: volume state changed for /storage/usb0 (unmounted -> checking)
12-14 03:14:52.787  1983  2010 D MountService: sendStorageIntent Intent { act=android.intent.action.MEDIA_CHECKING dat=file:///storage/usb0 flg=0x4000000 (has extras) } to UserHandle{-1}
12-14 03:14:52.818  1983  2070 D UsbHostManager: Added device UsbDevice[mName=/dev/bus/usb/002/002,mVendorId=8053,mProductId=2327,mClass=0,mSubclass=0,mProtocol=0,mManufacturerName=innostor,mProductName=USB 3.0,mSerialNumber=201207221826,mConfigurations=[
12-14 03:14:52.818  1983  2070 D UsbHostManager: UsbConfiguration[mId=1,mName=null,mAttributes=128,mMaxPower=38,mInterfaces=[
12-14 03:14:52.818  1983  2070 D UsbHostManager: UsbInterface[mId=0,mAlternateSetting=0,mName=null,mClass=8,mSubclass=6,mProtocol=80,mEndpoints=[
12-14 03:14:52.818  1983  2070 D UsbHostManager: UsbEndpoint[mAddress=2,mAttributes=2,mMaxPacketSize=1024,mInterval=0]
12-14 03:14:52.818  1983  2070 D UsbHostManager: UsbEndpoint[mAddress=129,mAttributes=2,mMaxPacketSize=1024,mInterval=0]]]]
12-14 03:14:52.859  1690  1698 D Vold    : Found vfat filesystem on /dev/block/vold/8:49
12-14 03:14:52.874  1983  2048 D WIFI    : Registering NetworkFactory
12-14 03:14:52.874  1983  2048 D WIFI_UT : Registering NetworkFactory
12-14 03:14:52.874  1983  2048 I WifiNative-HAL: startHal
12-14 03:14:52.874  1983  2050 D ConnectivityService: Got NetworkFactory Messenger for WIFI
12-14 03:14:52.874  1983  2050 D ConnectivityService: Got NetworkFactory Messenger for WIFI_UT
12-14 03:14:52.880  1983  2048 D WIFI    : got request NetworkRequest [ id=1, legacyType=-1, [ Capabilities: INTERNET&NOT_RESTRICTED&TRUSTED&NOT_VPN] ] with score 0
12-14 03:14:52.880  1983  2048 D WIFI_UT : got request NetworkRequest [ id=1, legacyType=-1, [ Capabilities: INTERNET&NOT_RESTRICTED&TRUSTED&NOT_VPN] ] with score 0
12-14 03:14:52.881  2116  2116 I ActivityThread: Switching default density from 160 to 240
12-14 03:14:52.935  1983  1983 W NetworkStats: bandwidth controls disabled, unable to track stats
12-14 03:14:52.935  1983  1983 W NetworkPolicy: bandwidth controls disabled, unable to enforce policy
12-14 03:14:52.940  1983  1983 D PermissionMonitor: Monitoring
12-14 03:14:52.940  1983  1983 D PermissionMonitor: Users: 1, Apps: 66
12-14 03:14:52.941  1983  1983 I SystemServiceManager: Starting phase 600
12-14 03:14:52.941  1983  2012 D BluetoothManagerService: Message: 20
12-14 03:14:52.941  1983  2012 D BluetoothManagerService: Added callback: android.bluetooth.BluetoothAdapter$1@12956535:true
12-14 03:14:52.941  1983  1983 I BackupManagerService: Backup enabled => false
12-14 03:14:52.942  1983  1983 I BackupManagerService: Opting out of backup
12-14 03:14:52.963  1983  2070 W ContextImpl: Calling a method in the system process without a qualified user: android.app.ContextImpl.sendBroadcast:1327 com.android.server.usb.UsbSettingsManager.deviceAttached:741 com.android.server.usb.UsbHostManager.endUsbDeviceAdded:224 com.android.server.usb.UsbHostManager.monitorUsbHostBus:-2 com.android.server.usb.UsbHostManager.access$000:42 
12-14 03:14:52.966  1983  2070 D UsbHostManager: Added device UsbDevice[mName=/dev/bus/usb/001/002,mVendorId=3034,mProductId=34595,mClass=224,mSubclass=1,mProtocol=1,mManufacturerName=Realtek,mProductName=RT Bluetooth Radio,mSerialNumber=00e04c000001,mConfigurations=[
12-14 03:14:52.966  1983  2070 D UsbHostManager: UsbConfiguration[mId=1,mName=null,mAttributes=128,mMaxPower=250,mInterfaces=[
12-14 03:14:52.966  1983  2070 D UsbHostManager: UsbInterface[mId=0,mAlternateSetting=0,mName=Bluetooth Radio,mClass=224,mSubclass=1,mProtocol=1,mEndpoints=[
12-14 03:14:52.966  1983  2070 D UsbHostManager: UsbEndpoint[mAddress=129,mAttributes=3,mMaxPacketSize=16,mInterval=1]
12-14 03:14:52.966  1983  2070 D UsbHostManager: UsbEndpoint[mAddress=2,mAttributes=2,mMaxPacketSize=64,mInterval=0]
12-14 03:14:52.966  1983  2070 D UsbHostManager: UsbEndpoint[mAddress=130,mAttributes=2,mMaxPacketSize=64,mInterval=0]]
12-14 03:14:52.966  1983  2070 D UsbHostManager: UsbInterface[mId=1,mAlternateSetting=0,mName=Bluetooth Radio,mClass=224,mSubclass=1,mProtocol=1,mEndpoints=[
12-14 03:14:52.966  1983  2070 D UsbHostManager: UsbEndpoint[mAddress=3,mAttributes=1,mMaxPacketSize=0,mInterval=1]
12-14 03:14:52.966  1983  2070 D UsbHostManager: UsbEndpoint[mAddress=131,mAttributes=1,mMaxPacketSize=0,mInterval=1]]
12-14 03:14:52.966  1983  2070 D UsbHostManager: UsbInterface[mId=1,mAlternateSetting=1,mName=Bluetooth Radio,mClass=224,mSubclass=1,mProtocol=1,mEndpoints=[
12-14 03:14:52.966  1983  2070 D UsbHostManager: UsbEndpoint[mAddress=3,mAttributes=1,mMaxPacketSize=9,mInterval=1]
12-14 03:14:52.966  1983  2070 D UsbHostManager: UsbEndpoint[mAddress=131,mAttributes=1,mMaxPacketSize=9,mInterval=1]]
12-14 03:14:52.966  1983  2070 D UsbHostManager: UsbInterface[mId=1,mAlternateSetting=2,mName=Bluetooth Radio,mClass=224,mSubclass=1,mProtocol=1,mEndpoints=[
12-14 03:14:52.966  1983  2070 D UsbHostManager: UsbEndpoint[mAddress=3,mAttributes=1,mMaxPacketSize=17,mInterval=1]
12-14 03:14:52.966  1983  2070 D UsbHostManager: UsbEndpoint[mAddress=131,mAttributes=1,mMaxPacketSize=17,mInterval=1]]
12-14 03:14:52.966  1983  2070 D UsbHostManager: UsbInterface[mId=1,mAlternateSetting=3,mName=Bluetooth Radio,mClass=224,mSubclass=1,mProtocol=1,mEndpoints=[
12-14 03:14:52.966  1983  2070 D UsbHostManager: UsbEndpoint[mAddress=3,mAttributes=1,mMaxPacketSize=25,mInterval=1]
12-14 03:14:52.966  1983  2070 D UsbHostManager: UsbEndpoint[mAddress=131,mAttributes=1,mMaxPacketSize=25,mInterval=1]]
12-14 03:14:52.966  1983  2070 D UsbHostManager: UsbInterface[mId=1,mAlternateSetting=4,mName=Bluetooth Radio,mClass=224,mSubclass=1,mProtocol=1,mEndpoints=[
12-14 03:14:52.966  1983  2070 D UsbHostManager: UsbEndpoint[mAddress=3,mAttributes=1,mMaxPacketSize=33,mInterval=1]
12-14 03:14:52.966  1983  2070 D UsbHostManager: UsbEndpoint[mAddress=131,mAttributes=1,mMaxPacketSize=33,mInterval=1]]
12-14 03:14:52.966  1983  2070 D UsbHostManager: UsbInterface[mId=1,mAlternateSetting=5,mName=Bluetooth Radio,mClass=224,mSubclass=1,mProtocol=1,mEndpoints=[
12-14 03:14:52.966  1983  2070 D UsbHostManager: UsbEndpoint[mAddress=3,mAttributes=1,mMaxPacketSize=49,mInterval=1]
12-14 03:14:52.966  1983  2070 D UsbHostManager: UsbEndpoint[mAddress=131,mAttributes=1,mMaxPacketSize=49,mInterval=1]]]]
12-14 03:14:52.966  1983  2070 W ContextImpl: Calling a method in the system process without a qualified user: android.app.ContextImpl.sendBroadcast:1327 com.android.server.usb.UsbSettingsManager.deviceAttached:741 com.android.server.usb.UsbHostManager.endUsbDeviceAdded:224 com.android.server.usb.UsbHostManager.monitorUsbHostBus:-2 com.android.server.usb.UsbHostManager.access$000:42 
12-14 03:14:52.981  1690  1698 I fsck_msdos: ** /dev/block/vold/8:49
12-14 03:14:52.981  1690  1698 I fsck_msdos: ** Phase 1 - Read FAT (compare skipped)
12-14 03:14:52.981  1690  1698 I fsck_msdos: Attempting to allocate 7448 KB for FAT
12-14 03:14:53.055  1983  2012 D BluetoothManagerService: Message: 30
12-14 03:14:53.055  1983  2054 D BluetoothManagerService: Trying to bind to profile: 1, while Bluetooth was disabled
12-14 03:14:53.055  1983  2012 D BluetoothManagerService: Message: 30
12-14 03:14:53.058  1690  1698 I fsck_msdos: ** Phase 2 - Check Cluster Chains
12-14 03:14:53.063  1690  1698 I fsck_msdos: ** Phase 3 - Checking Directories
12-14 03:14:53.141  1714  2156 E WVMExtractor: Failed to open libwvm.so: dlopen failed: library "libwvm.so" not found
12-14 03:14:53.174  1714  2055 D NuPlayerDriver: start(0xf584edc0)
12-14 03:14:53.174  1714  2155 I GenericSource: start
12-14 03:14:53.270  1714  2158 W OMXNodeInstance: [e:google.mpeg4.decoder] component does not support metadata mode; using fallback
12-14 03:14:53.270  1714  2158 W OMXNodeInstance: [f:google.h263.decoder] component does not support metadata mode; using fallback
12-14 03:14:53.281  1714  2158 W OMXNodeInstance: [10:google.h264.decoder] component does not support metadata mode; using fallback
12-14 03:14:53.289  1714  2158 D SoftHEVC: Number of CPU cores: 8
12-14 03:14:53.289  1714  2158 D SoftHEVC: Initializing decoder
12-14 03:14:53.289  1714  2158 D SoftHEVC: Set number of cores to 4
12-14 03:14:53.289  1714  2158 D SoftHEVC: Ittiam decoder version number: @(#)Id:HEVCDEC_production Ver:04.01 Released by ITTIAM Build: Oct  6 2015 @ 23:17:19
12-14 03:14:53.289  1714  2158 W OMXNodeInstance: [11:google.hevc.decoder] component does not support metadata mode; using fallback
12-14 03:14:53.289  1714  2158 D SoftHEVC: Freeing codec memory
12-14 03:14:53.290  1714  2158 D SoftHEVC: Number of CPU cores: 8
12-14 03:14:53.290  1714  2158 D SoftHEVC: Initializing decoder
12-14 03:14:53.290  1714  2158 D SoftHEVC: Set number of cores to 4
12-14 03:14:53.290  1714  2158 D SoftHEVC: Ittiam decoder version number: @(#)Id:HEVCDEC_production Ver:04.01 Released by ITTIAM Build: Oct  6 2015 @ 23:17:19
12-14 03:14:53.290  1714  2158 D SoftHEVC: In SoftHEVC::~SoftHEVC
12-14 03:14:53.290  1714  2158 D SoftHEVC: Freeing codec memory
12-14 03:14:53.318  1983  1983 E InputMethodManagerService: Ignoring setImeWindowStatus due to an invalid token. uid:1000 token:null
12-14 03:14:53.324  1714  2158 W OMXNodeInstance: [12:google.vp8.decoder] component does not support metadata mode; using fallback
12-14 03:14:53.324  1714  2158 W OMXNodeInstance: [13:google.vp9.decoder] component does not support metadata mode; using fallback
12-14 03:14:53.325  1714  2158 I SoftMPEG4Encoder: Construct SoftMPEG4Encoder
12-14 03:14:53.325  1714  2158 W ACodec  : do not know color format 0x7f000789 = 2130708361
12-14 03:14:53.326  1714  2158 I SoftAVCEncoder: Construct SoftAVCEncoder
12-14 03:14:53.326  1714  2158 W ACodec  : do not know color format 0x7f000789 = 2130708361
12-14 03:14:53.327  1714  2158 I SoftMPEG4Encoder: Construct SoftMPEG4Encoder
12-14 03:14:53.327  1714  2158 W ACodec  : do not know color format 0x7f000789 = 2130708361
12-14 03:14:53.335  1983  1983 I ActivityManager: Start proc 2204:com.android.inputmethod.latin/u0a43 for service com.android.inputmethod.latin/.LatinIME
12-14 03:14:53.335  1983  1983 V InputMethodManagerService: Adding window token: android.os.Binder@2b72dfcc
12-14 03:14:53.339  2204  2204 I ActivityThread: Switching default density from 160 to 240
12-14 03:14:53.340  1714  2158 W ACodec  : do not know color format 0x7f000789 = 2130708361
12-14 03:14:53.342  1714  2055 D NuPlayerDriver: reset(0xf584edc0)
12-14 03:14:53.343  1714  2155 D NuPlayerDriver: notifyResetComplete(0xf584edc0)
12-14 03:14:53.360  1714  1714 D NuPlayerDriver: start(0xf584eca0)
12-14 03:14:53.360  1714  2230 I GenericSource: start
12-14 03:14:53.362  1714  1714 D NuPlayerDriver: reset(0xf584eca0)
12-14 03:14:53.363  1714  2230 D NuPlayerDriver: notifyResetComplete(0xf584eca0)
12-14 03:14:53.368  1714  2027 D NuPlayerDriver: start(0xf502f1c0)
12-14 03:14:53.368  1714  2237 I GenericSource: start
12-14 03:14:53.371  1714  2027 D NuPlayerDriver: reset(0xf502f1c0)
12-14 03:14:53.371  1714  2237 D NuPlayerDriver: notifyResetComplete(0xf502f1c0)
12-14 03:14:53.384  1714  2055 D NuPlayerDriver: start(0xf584edc0)
12-14 03:14:53.384  1714  2244 I GenericSource: start
12-14 03:14:53.387  1714  2055 D NuPlayerDriver: reset(0xf584edc0)
12-14 03:14:53.388  1714  2244 D NuPlayerDriver: notifyResetComplete(0xf584edc0)
12-14 03:14:53.392  1714  1714 D NuPlayerDriver: start(0xf584eca0)
12-14 03:14:53.392  1714  2251 I GenericSource: start
12-14 03:14:53.395  1714  1714 D NuPlayerDriver: reset(0xf584eca0)
12-14 03:14:53.395  1714  2251 D NuPlayerDriver: notifyResetComplete(0xf584eca0)
12-14 03:14:53.439  1714  2027 D NuPlayerDriver: start(0xf502f1c0)
12-14 03:14:53.439  1714  2258 I GenericSource: start
12-14 03:14:53.442  1714  2027 D NuPlayerDriver: reset(0xf502f1c0)
12-14 03:14:53.443  1714  2258 D NuPlayerDriver: notifyResetComplete(0xf502f1c0)
12-14 03:14:53.465  1983  1983 D gps_serial: GPS dev open_gps
12-14 03:14:53.465  1983  1983 D gps_serial: GPS dev get_hardware_interface
12-14 03:14:53.466  1983  1983 D GpsLocationProvider: Reset GPS properties, previous size = 0
12-14 03:14:53.466  1983  1983 D GpsLocationProvider: GpsParamsResource: SUPL_HOST=supl.google.com
12-14 03:14:53.466  1983  1983 D GpsLocationProvider: GpsParamsResource: SUPL_PORT=7275
12-14 03:14:53.466  1983  1983 D GpsLocationProvider: GpsParamsResource: NTP_SERVER=north-america.pool.ntp.org
12-14 03:14:53.466  1983  1983 D GpsLocationProvider: GpsParamsResource: SUPL_VER=0x20000
12-14 03:14:53.466  1983  1983 D GpsLocationProvider: GpsParamsResource: SUPL_MODE=1
12-14 03:14:53.497  1983  1983 D GpsLocationProvider: GPS properties reloaded, size = 8
12-14 03:14:53.497  1983  1983 E GpsLocationProvider: no AGPS interface in set_agps_server
12-14 03:14:53.497  1983  1983 E GpsLocationProvider: no GPS configuration interface in configuraiton_update
12-14 03:14:53.497  1983  1983 D GpsLocationProvider: final config = #Mon Dec 14 03:14:53 EST 2015
12-14 03:14:53.497  1983  1983 D GpsLocationProvider: SUPL_VER=0x20000
12-14 03:14:53.497  1983  1983 D GpsLocationProvider: SUPL_HOST=supl.google.com
12-14 03:14:53.497  1983  1983 D GpsLocationProvider: XTRA_SERVER_3=http\://xtra3.gpsonextra.net/xtra.bin
12-14 03:14:53.497  1983  1983 D GpsLocationProvider: XTRA_SERVER_1=http\://xtra1.gpsonextra.net/xtra.bin
12-14 03:14:53.497  1983  1983 D GpsLocationProvider: SUPL_PORT=7275
12-14 03:14:53.497  1983  1983 D GpsLocationProvider: XTRA_SERVER_2=http\://xtra2.gpsonextra.net/xtra.bin
12-14 03:14:53.497  1983  1983 D GpsLocationProvider: NTP_SERVER=north-america.pool.ntp.org
12-14 03:14:53.497  1983  1983 D GpsLocationProvider: SUPL_MODE=1
12-14 03:14:53.501  1983  1983 E FlpHardwareProvider: Error hw_get_module 'flp': -2
12-14 03:14:53.501  1983  1983 E LocationManagerService: FLP HAL not supported
12-14 03:14:53.502  1983  1983 E ActivityRecognitionHardware: Error hw_get_module: -2
12-14 03:14:53.502  1983  1983 E LocationManagerService: Hardware Activity-Recognition not supported.
12-14 03:14:53.503  1983  2007 D gps_serial: serial_gps_init
12-14 03:14:53.503  1983  2007 D gps_serial: gps_state_init
12-14 03:14:53.503  1983  2007 D gps_serial: no kernel-provided gps device name
12-14 03:14:53.503  1983  2007 W GpsLocationProvider: Failed to enable location provider
12-14 03:14:53.519  1983  2008 I ActivityManager: Start proc 2265:com.google.android.gms.persistent/u0a7 for broadcast com.google.android.gms/com.google.android.location.internal.NlpNetworkProviderSettingsUpdateReceiver
12-14 03:14:53.519  1983  1983 I CommonTimeManagementService: No common time service detected on this platform.  Common time services will be unavailable.
12-14 03:14:53.520  1983  2029 I InputReader: Reconfiguring input devices.  changes=0x00000020
12-14 03:14:53.520  1983  1983 I MmsServiceBroker: Delay connecting to MmsService until an API is called
12-14 03:14:53.520  1983  1983 W VoiceInteractionManagerService: no available voice interaction services found for user 0
12-14 03:14:53.520  1983  1983 W VoiceInteractionManagerService: no available voice recognition services found for user 0
12-14 03:14:53.520  1983  2029 I InputReader: Reconfiguring input devices.  changes=0x00000010
12-14 03:14:53.535  1983  1983 I ActivityManager: Start proc 2288:com.android.phone/1001 for added application com.android.phone
12-14 03:14:53.546  1983  1983 I ActivityManager: START u0 {act=android.intent.action.MAIN cat=[android.intent.category.HOME] flg=0x10000000 cmp=com.android.launcher3/.Launcher} from uid 0 on display 0
12-14 03:14:53.548  1983  1983 V WindowManager: addAppToken: AppWindowToken{3694fb08 token=Token{207708ab ActivityRecord{df60afa u0 com.android.launcher3/.Launcher t17}}} to stack=0 task=17 at 0
12-14 03:14:53.563  1983  1983 I ActivityManager: Start proc 2311:com.android.launcher3/u0a44 for activity com.android.launcher3/.Launcher
12-14 03:14:53.578  1983  2007 I ActivityManager: Start proc 2334:com.android.printspooler/u0a53 for service com.android.printspooler/.model.PrintSpoolerService
12-14 03:14:53.579  1983  1983 I ActivityThread: Switching default density from 160 to 240
12-14 03:14:53.579  1983  1983 V ActivityManager: Display changed displayId=0
12-14 03:14:53.579  1983  1983 V ActivityManager: Display changed displayId=0
12-14 03:14:53.582  2265  2265 I ActivityThread: Switching default density from 160 to 240
12-14 03:14:53.582  2288  2288 I ActivityThread: Switching default density from 160 to 240
12-14 03:14:53.584  2265  2265 W ResourcesManager: Asset path '/system/framework/com.android.media.remotedisplay.jar' does not exist or contains no resources.
12-14 03:14:53.584  2265  2265 W ResourcesManager: Asset path '/system/framework/com.android.location.provider.jar' does not exist or contains no resources.
12-14 03:14:53.585  2311  2311 I ActivityThread: Switching default density from 160 to 240
12-14 03:14:53.586  2334  2334 I ActivityThread: Switching default density from 160 to 240
12-14 03:14:53.625  1690  1698 I fsck_msdos: ** Phase 4 - Checking for Lost Files
12-14 03:14:53.626  1690  1698 I fsck_msdos: Lost cluster chain at cluster 143780
12-14 03:14:53.626  1690  1698 I fsck_msdos: 2 Cluster(s) lost
12-14 03:14:53.626  1690  1698 I fsck_msdos: FIXED
12-14 03:14:53.628  1690  1698 I fsck_msdos: Next free cluster in FSInfo block (158469) not free
12-14 03:14:53.628  1690  1698 I fsck_msdos: FIXED
12-14 03:14:53.629  1690  1698 I fsck_msdos: 3559 files, 1417536 free (1748234 clusters)
12-14 03:14:53.639  1690  1698 I fsck_msdos: ***** FILE SYSTEM WAS MODIFIED *****
12-14 03:14:53.639  1690  1698 I fsck_msdos: fsck_msdos terminated by exit(4)
12-14 03:14:53.640  1690  1698 W Vold    : Filesystem modified - rechecking (pass 2)
12-14 03:14:53.865  1983  1983 D WifiScanningService: SCAN_AVAILABLE : 1
12-14 03:14:53.865  1983  1983 D RttService: SCAN_AVAILABLE : 1
12-14 03:14:53.865  1983  2061 D RttService: DefaultState got{ when=0 what=160513 target=com.android.internal.util.StateMachine$SmHandler }
12-14 03:14:53.865  1983  2060 D WifiScanningService: DefaultState got{ when=0 what=160007 target=com.android.internal.util.StateMachine$SmHandler }
12-14 03:14:53.865  1983  1983 D WifiScanningService: SCAN_AVAILABLE : 3
12-14 03:14:53.865  1983  1983 D RttService: SCAN_AVAILABLE : 3
12-14 03:14:53.865  1983  2061 D RttService: DefaultState got{ when=0 what=160512 target=com.android.internal.util.StateMachine$SmHandler }
12-14 03:14:53.866  1983  2060 D WifiScanningService: DefaultState got{ when=0 what=160006 target=com.android.internal.util.StateMachine$SmHandler }
12-14 03:14:53.866  1983  2060 I WifiNative-HAL: startHal
12-14 03:14:53.866  1983  2060 E WifiScanningService: could not start HAL
12-14 03:14:53.867  1983  1983 I Choreographer: Skipped 76 frames!  The application may be doing too much work on its main thread.
12-14 03:14:53.867  1983  2002 I art     : Background partial concurrent mark sweep GC freed 18242(1392KB) AllocSpace objects, 14(224KB) LOS objects, 33% free, 9MB/13MB, paused 855us total 348.305ms
12-14 03:14:53.969  2072  2072 I art     : System.exit called, status: 0
12-14 03:14:53.969  2072  2072 I AndroidRuntime: VM exiting with result code 0, cleanup skipped.
12-14 03:14:54.034  1983  1983 I Telecom : TelecomGlobals: TelecomGlobals initializing
12-14 03:14:54.050  1983  2358 I ActivityManager: Start proc 2359:android.process.acore/u0a2 for content provider com.android.providers.contacts/.CallLogProvider
12-14 03:14:54.053  1717  1717 I art     : Explicit concurrent mark sweep GC freed 706(30KB) AllocSpace objects, 0(0B) LOS objects, 39% free, 1950KB/3MB, paused 23us total 2.549ms
12-14 03:14:54.055  2359  2359 I ActivityThread: Switching default density from 160 to 240
12-14 03:14:54.055  1717  1717 I art     : Explicit concurrent mark sweep GC freed 5(160B) AllocSpace objects, 0(0B) LOS objects, 39% free, 1950KB/3MB, paused 22us total 2.370ms
12-14 03:14:54.058  1717  1717 I art     : Explicit concurrent mark sweep GC freed 5(160B) AllocSpace objects, 0(0B) LOS objects, 39% free, 1950KB/3MB, paused 27us total 2.383ms
12-14 03:14:54.090  1983  1983 D BluetoothManagerService: Trying to bind to profile: 1, while Bluetooth was disabled
12-14 03:14:54.090  1983  2012 D BluetoothManagerService: Message: 30
12-14 03:14:54.092  1983  1983 I Telecom : TelecomGlobals: CallsManager initialized
12-14 03:14:54.092  1983  1983 W ContextImpl: Calling a method in the system process without a qualified user: android.app.ContextImpl.startService:1692 android.content.ContextWrapper.startService:516 com.android.server.telecom.BluetoothPhoneService.start:440 com.android.server.telecom.TelecomGlobals.initialize:93 com.android.server.telecom.TelecomService.onCreate:164 
12-14 03:14:54.092  1983  1983 D ZenLog  : downtime: Autotrigger skipped: not in downtime
12-14 03:14:54.093  1983  1983 D GpsNetInitiatedHandler: location enabled :true
12-14 03:14:54.093  1983  1983 V WiredAccessoryManager: notifyWiredAccessoryChanged: when=0 bits= mask=54
12-14 03:14:54.093  1983  1983 V WiredAccessoryManager: newName=h2w newState=0 headsetState=0 prev headsetState=0
12-14 03:14:54.093  1983  1983 E WiredAccessoryManager: No state change.
12-14 03:14:54.093  1983  1983 V WiredAccessoryManager: init()
12-14 03:14:54.096  1983  1983 W ResourcesManager: Asset path '/system/framework/com.google.android.media.effects.jar' does not exist or contains no resources.
12-14 03:14:54.126  1983  2012 D BluetoothManagerService: Message: 300
12-14 03:14:54.126  1983  2012 D BluetoothManagerService: MESSAGE_USER_SWITCHED
12-14 03:14:54.127  1691  1699 D PermissionCache: checking android.permission.HARDWARE_TEST for uid=1000 => granted (53 us)
12-14 03:14:54.127  1714  2027 D BlueZ   : external/bluetooth/bluez/android/hal-audio.c:audio_set_mic_mute() 
12-14 03:14:54.129  1983  1983 V BackupManagerService: Connected to transport ComponentInfo{android/com.android.internal.backup.LocalTransportService}
12-14 03:14:54.129  1983  1983 V BackupManagerService: Registering transport android/com.android.internal.backup.LocalTransportService::android/com.android.internal.backup.LocalTransport = android.app.backup.BackupTransport$TransportImpl@3966b25b
12-14 03:14:54.195  2092  2092 I art     : System.exit called, status: 0
12-14 03:14:54.195  2092  2092 I AndroidRuntime: VM exiting with result code 0, cleanup skipped.
12-14 03:14:54.209  1983  1983 D BluetoothManagerService: Trying to bind to profile: 1, while Bluetooth was disabled
12-14 03:14:54.209  1983  2012 D BluetoothManagerService: Message: 30
12-14 03:14:54.274  1690  1698 D Vold    : blkid identified as /dev/block/vold/8:49: LABEL="IR3_CPRA_X6" UUID="12E8-1A44" TYPE="vfat" 
12-14 03:14:54.274  1690  1698 D Vold    : Volume usb0 state changing 3 (Checking) -> 4 (Mounted)
12-14 03:14:54.275  1983  2010 D MountService: volume state changed for /storage/usb0 (checking -> mounted)
12-14 03:14:54.275  1983  2010 D MountService: sendStorageIntent Intent { act=android.intent.action.MEDIA_MOUNTED dat=file:///storage/usb0 flg=0x4000000 (has extras) } to UserHandle{-1}
12-14 03:14:54.275  1983  2030 E VoldConnector: NDC Command {5 volume mount /storage/usb0} took too long (1488ms)
12-14 03:14:54.275  1983  2030 E MountService: Boot-time mount failed (-1)
12-14 03:14:54.275  1983  2030 W MountService: Duplicate state transition (mounted -> mounted) for /storage/emulated/0
12-14 03:14:54.580  2116  2116 V SystemUIService: Starting SystemUI services.
12-14 03:14:54.754  1983  2004 V FingerprintService: startListening(android.service.fingerprint.IFingerprintServiceReceiver$Stub$Proxy@280308ca)
12-14 03:14:54.792  2204  2204 I LatinIME: Hardware accelerated drawing: true
12-14 03:14:55.091  2311  2311 D Launcher.LauncherProvider: 11683562 - initializeMaxScreenId(): 3
12-14 03:14:55.091  2311  2311 V Launcher: LauncherAppState inited
12-14 03:14:55.149  2334  2334 I PrintSpoolerService: No existing print spooler state.
