12-14 03:15:56.723  4391  4391 I Zygote  : Process: zygote socket opened, supported ABIS: x86,armeabi-v7a,armeabi
12-14 03:15:56.724  4391  4391 I InstallerConnection: disconnecting...
12-14 03:15:56.725  4391  4391 I SystemServer: Entered the Android system server!
12-14 03:15:56.751  4391  4391 V Fingerprint-JNI: FingerprintManager JNI ready.
12-14 03:15:56.751  4391  4391 D SensorService: nuSensorService starting...
12-14 03:15:56.751  4391  4391 D KbdSensor: open_kbd_sensor: id=poll
12-14 03:15:56.751  4391  4391 D KbdSensor: SensorFd: module=0x7f248a72d300 dev=0x7f248bc66680
12-14 03:15:56.831  4391  4391 I KbdSensor: Open AT Translated Set 2 keyboard ok, fd=19
12-14 03:15:56.831  4391  4391 D KbdSensor: SensorPollContext: dev=0x7f248bc66680 fd=19
12-14 03:15:56.831  4391  4391 D KbdSensor: poll_activate: dev=0x7f248bc66680 handle=0 enabled=0
12-14 03:15:56.831  1689  1689 E ServiceManager: add_service('sensorservice',23) uid=1000 - ALREADY REGISTERED, OVERRIDE
12-14 03:15:56.831  1689  1689 I ServiceManager: service 'sensorservice' died
12-14 03:15:56.831  4391  4414 D SensorService: new thread SensorEventAckReceiver
12-14 03:15:56.831  4391  4391 E JavaBinder: !!! FAILED BINDER TRANSACTION !!!
12-14 03:15:56.832  4391  4415 D SensorService: nuSensorService thread starting...
12-14 03:15:56.832  4391  4391 E DisplayManager: Could not get display information from display manager.
12-14 03:15:56.832  4391  4391 E DisplayManager: android.os.TransactionTooLargeException
12-14 03:15:56.832  4391  4391 E DisplayManager: 	at android.os.BinderProxy.transactNative(Native Method)
12-14 03:15:56.832  4391  4391 E DisplayManager: 	at android.os.BinderProxy.transact(Binder.java:496)
12-14 03:15:56.832  4391  4391 E DisplayManager: 	at android.hardware.display.IDisplayManager$Stub$Proxy.getDisplayInfo(IDisplayManager.java:254)
12-14 03:15:56.832  4391  4391 E DisplayManager: 	at android.hardware.display.DisplayManagerGlobal.getDisplayInfo(DisplayManagerGlobal.java:119)
12-14 03:15:56.832  4391  4391 E DisplayManager: 	at android.hardware.display.DisplayManagerGlobal.getCompatibleDisplay(DisplayManagerGlobal.java:178)
12-14 03:15:56.832  4391  4391 E DisplayManager: 	at android.app.ResourcesManager.getDisplayMetricsLocked(ResourcesManager.java:96)
12-14 03:15:56.832  4391  4391 E DisplayManager: 	at android.app.ResourcesManager.getDisplayMetricsLocked(ResourcesManager.java:74)
12-14 03:15:56.832  4391  4391 E DisplayManager: 	at android.app.ContextImpl.createSystemContext(ContextImpl.java:2238)
12-14 03:15:56.832  4391  4391 E DisplayManager: 	at android.app.ActivityThread.getSystemContext(ActivityThread.java:1826)
12-14 03:15:56.832  4391  4391 E DisplayManager: 	at android.app.ActivityThread.attach(ActivityThread.java:5123)
12-14 03:15:56.832  4391  4391 E DisplayManager: 	at android.app.ActivityThread.systemMain(ActivityThread.java:5174)
12-14 03:15:56.832  4391  4391 E DisplayManager: 	at com.android.server.SystemServer.createSystemContext(SystemServer.java:296)
12-14 03:15:56.832  4391  4391 E DisplayManager: 	at com.android.server.SystemServer.run(SystemServer.java:246)
12-14 03:15:56.832  4391  4391 E DisplayManager: 	at com.android.server.SystemServer.main(SystemServer.java:170)
12-14 03:15:56.832  4391  4391 E DisplayManager: 	at java.lang.reflect.Method.invoke(Native Method)
12-14 03:15:56.832  4391  4391 E DisplayManager: 	at java.lang.reflect.Method.invoke(Method.java:372)
12-14 03:15:56.832  4391  4391 E DisplayManager: 	at com.android.internal.os.ZygoteInit$MethodAndArgsCaller.run(ZygoteInit.java:903)
12-14 03:15:56.832  4391  4391 E DisplayManager: 	at com.android.internal.os.ZygoteInit.main(ZygoteInit.java:698)
12-14 03:15:56.832  4391  4391 I SystemServiceManager: Starting com.android.server.pm.Installer
12-14 03:15:56.832  4391  4391 I Installer: Waiting for installd to be ready.
12-14 03:15:56.832  4391  4391 I InstallerConnection: connecting...
12-14 03:15:57.578  1689  1689 I ServiceManager: service 'SurfaceFlinger' died
12-14 03:15:57.578  1689  1689 I ServiceManager: service 'isms' died
12-14 03:15:57.578  1689  1689 I ServiceManager: service 'simphonebook' died
12-14 03:15:57.578  1689  1689 I ServiceManager: service 'iphonesubinfo' died
12-14 03:15:57.578  1689  1689 I ServiceManager: service 'phone' died
12-14 03:15:57.578  1689  1689 I ServiceManager: service 'sip' died
12-14 03:15:57.578  1689  1689 I ServiceManager: service 'isub' died
12-14 03:15:57.580  4159  4159 I GRALLOC-DRM: create intel for driver i915
12-14 03:15:57.585  4159  4159 I EGL-DRI2: DRI2: found extension DRI_Core version 1
12-14 03:15:57.585  4159  4159 I EGL-DRI2: DRI2: found extension DRI_DRI2 version 4
12-14 03:15:57.590  4159  4159 I EGL-DRI2: DRI2: found extension DRI_TexBuffer version 3
12-14 03:15:57.590  4159  4159 I EGL-DRI2: DRI2: found extension DRI2_Flush version 4
12-14 03:15:57.590  4159  4159 I EGL-DRI2: DRI2: found extension DRI_IMAGE version 11
12-14 03:15:57.590  4159  4159 D GRALLOC-KMS: supported drm planes and formats
12-14 03:15:57.590  4159  4159 D GRALLOC-KMS: plane id 21
12-14 03:15:57.590  4159  4159 D GRALLOC-KMS:     format XB24
12-14 03:15:57.590  4159  4159 D GRALLOC-KMS:     format XR24
12-14 03:15:57.590  4159  4159 D GRALLOC-KMS:     format YUYV
12-14 03:15:57.590  4159  4159 D GRALLOC-KMS:     format YVYU
12-14 03:15:57.590  4159  4159 D GRALLOC-KMS:     format UYVY
12-14 03:15:57.590  4159  4159 D GRALLOC-KMS:     format VYUY
12-14 03:15:57.590  4159  4159 D GRALLOC-KMS: plane id 25
12-14 03:15:57.590  4159  4159 D GRALLOC-KMS:     format XB24
12-14 03:15:57.590  4159  4159 D GRALLOC-KMS:     format XR24
12-14 03:15:57.590  4159  4159 D GRALLOC-KMS:     format YUYV
12-14 03:15:57.590  4159  4159 D GRALLOC-KMS:     format YVYU
12-14 03:15:57.590  4159  4159 D GRALLOC-KMS:     format UYVY
12-14 03:15:57.590  4159  4159 D GRALLOC-KMS:     format VYUY
12-14 03:15:57.590  4159  4159 D GRALLOC-KMS: plane id 29
12-14 03:15:57.590  4159  4159 D GRALLOC-KMS:     format XB24
12-14 03:15:57.590  4159  4159 D GRALLOC-KMS:     format XR24
12-14 03:15:57.590  4159  4159 D GRALLOC-KMS:     format YUYV
12-14 03:15:57.590  4159  4159 D GRALLOC-KMS:     format YVYU
12-14 03:15:57.590  4159  4159 D GRALLOC-KMS:     format UYVY
12-14 03:15:57.590  4159  4159 D GRALLOC-KMS:     format VYUY
12-14 03:15:57.789  1688  1688 I lowmemorykiller: ActivityManager disconnected
12-14 03:15:57.789  1688  1688 I lowmemorykiller: Closing Activity Manager data connection
12-14 03:15:57.790  1715  1715 E installd: eof
12-14 03:15:57.790  1715  1715 E installd: failed to read size
12-14 03:15:57.790  1715  1715 I installd: closing connection
12-14 03:15:57.790  1715  1715 I installd: new connection
12-14 03:15:57.790  4391  4391 I SystemServiceManager: Starting com.android.server.am.ActivityManagerService$Lifecycle
12-14 03:15:57.795  4391  4391 I ActivityManager: Memory class: 192
12-14 03:15:57.804  4391  4391 I IntentFirewall: Read new rules (A:0 B:0 S:0)
12-14 03:15:57.806  1689  1689 E ServiceManager: add_service('batterystats',3) uid=1000 - ALREADY REGISTERED, OVERRIDE
12-14 03:15:57.806  1689  1689 I ServiceManager: service 'batterystats' died
12-14 03:15:57.806  1689  1689 E ServiceManager: add_service('appops',8) uid=1000 - ALREADY REGISTERED, OVERRIDE
12-14 03:15:57.806  1689  1689 I ServiceManager: service 'appops' died
12-14 03:15:57.806  4391  4391 D AppOps  : AppOpsService published
12-14 03:15:57.806  4391  4391 I SystemServiceManager: Starting com.android.server.power.PowerManagerService
12-14 03:15:57.807  4391  4391 I libsuspend: Selected early suspend
12-14 03:15:57.807  4391  4391 E libsuspend: Error accessing /sys/power/wait_for_fb_sleep: No such file or directory
12-14 03:15:57.807  1689  1689 E ServiceManager: add_service('power',9) uid=1000 - ALREADY REGISTERED, OVERRIDE
12-14 03:15:57.807  1689  1689 I ServiceManager: service 'power' died
12-14 03:15:57.807  1689  1689 I ServiceManager: service 'user' died
12-14 03:15:57.807  4164  4164 W AudioFlinger: power manager service died !!!
12-14 03:15:57.807  1689  1689 I ServiceManager: service 'activity' died
12-14 03:15:57.807  1689  1689 I ServiceManager: service 'procstats' died
12-14 03:15:57.808  1689  1689 I ServiceManager: service 'meminfo' died
12-14 03:15:57.808  1689  1689 I ServiceManager: service 'gfxinfo' died
12-14 03:15:57.808  1689  1689 I ServiceManager: service 'dbinfo' died
12-14 03:15:57.808  1689  1689 I ServiceManager: service 'cpuinfo' died
12-14 03:15:57.808  1689  1689 I ServiceManager: service 'permission' died
12-14 03:15:57.808  1689  1689 I ServiceManager: service 'hardware' died
12-14 03:15:57.808  1689  1689 I ServiceManager: service 'battery' died
12-14 03:15:57.808  1689  1689 I ServiceManager: service 'usagestats' died
12-14 03:15:57.808  1689  1689 I ServiceManager: service 'device_policy' died
12-14 03:15:57.808  1689  1689 I ServiceManager: service 'webviewupdate' died
12-14 03:15:57.808  1689  1689 I ServiceManager: service 'scheduling_policy' died
12-14 03:15:57.808  1689  1689 I ServiceManager: service 'telephony.registry' died
12-14 03:15:57.808  1689  1689 I ServiceManager: service 'entropy' died
12-14 03:15:57.808  1689  1689 I ServiceManager: service 'account' died
12-14 03:15:57.808  1689  1689 I ServiceManager: service 'content' died
12-14 03:15:57.808  1689  1689 I ServiceManager: service 'consumer_ir' died
12-14 03:15:57.808  1689  1689 I ServiceManager: service 'vibrator' died
12-14 03:15:57.808  1689  1689 I ServiceManager: service 'alarm' died
12-14 03:15:57.808  1689  1689 I ServiceManager: service 'window' died
12-14 03:15:57.808  1689  1689 I ServiceManager: service 'input' died
12-14 03:15:57.808  1689  1689 I ServiceManager: service 'display' died
12-14 03:15:57.808  1689  1689 I ServiceManager: service 'bluetooth_manager' died
12-14 03:15:57.808  1689  1689 I ServiceManager: service 'input_method' died
12-14 03:15:57.808  1689  1689 I ServiceManager: service 'accessibility' died
12-14 03:15:57.808  1689  1689 I ServiceManager: service 'statusbar' died
12-14 03:15:57.808  1689  1689 I ServiceManager: service 'clipboard' died
12-14 03:15:57.808  1689  1689 I ServiceManager: service 'mount' died
12-14 03:15:57.808  1689  1689 I ServiceManager: service 'lock_settings' died
12-14 03:15:57.808  1689  1689 I ServiceManager: service 'network_management' died
12-14 03:15:57.808  1689  1689 I ServiceManager: service 'textservices' died
12-14 03:15:57.808  1689  1689 I ServiceManager: service 'network_score' died
12-14 03:15:57.808  1689  1689 I ServiceManager: service 'netstats' died
12-14 03:15:57.808  1689  1689 I ServiceManager: service 'netpolicy' died
12-14 03:15:57.808  1689  1689 I ServiceManager: service 'wifip2p' died
12-14 03:15:57.808  1689  1689 I ServiceManager: service 'wifi' died
12-14 03:15:57.808  1689  1689 I ServiceManager: service 'rttmanager' died
12-14 03:15:57.808  1689  1689 I ServiceManager: service 'wifiscanner' died
12-14 03:15:57.808  1689  1689 I ServiceManager: service 'ethernet' died
12-14 03:15:57.808  1689  1689 I ServiceManager: service 'connectivity' died
12-14 03:15:57.808  1689  1689 I ServiceManager: service 'servicediscovery' died
12-14 03:15:57.808  1689  1689 I ServiceManager: service 'updatelock' died
12-14 03:15:57.808  1689  1689 I ServiceManager: service 'notification' died
12-14 03:15:57.808  1689  1689 I ServiceManager: service 'devicestoragemonitor' died
12-14 03:15:57.808  1689  1689 I ServiceManager: service 'location' died
12-14 03:15:57.808  1689  1689 I ServiceManager: service 'country_detector' died
12-14 03:15:57.808  1689  1689 I ServiceManager: service 'search' died
12-14 03:15:57.808  1689  1689 I ServiceManager: service 'dropbox' died
12-14 03:15:57.808  1689  1689 I ServiceManager: service 'wallpaper' died
12-14 03:15:57.808  1689  1689 I ServiceManager: service 'audio' died
12-14 03:15:57.808  1689  1689 I ServiceManager: service 'DockObserver' died
12-14 03:15:57.808  1689  1689 I ServiceManager: service 'usb' died
12-14 03:15:57.808  1689  1689 I ServiceManager: service 'serial' died
12-14 03:15:57.808  1689  1689 I ServiceManager: service 'uimode' died
12-14 03:15:57.808  1689  1689 I ServiceManager: service 'jobscheduler' died
12-14 03:15:57.808  1689  1689 I ServiceManager: service 'backup' died
12-14 03:15:57.808  1689  1689 I ServiceManager: service 'appwidget' died
12-14 03:15:57.808  1689  1689 I ServiceManager: service 'voiceinteraction' died
12-14 03:15:57.808  1689  1689 I ServiceManager: service 'diskstats' died
12-14 03:15:57.808  1689  1689 I ServiceManager: service 'samplingprofiler' died
12-14 03:15:57.808  1689  1689 I ServiceManager: service 'commontime_management' died
12-14 03:15:57.808  1689  1689 I ServiceManager: service 'dreams' died
12-14 03:15:57.808  1689  1689 I ServiceManager: service 'assetatlas' died
12-14 03:15:57.808  1689  1689 I ServiceManager: service 'print' died
12-14 03:15:57.808  1689  1689 I ServiceManager: service 'restrictions' died
12-14 03:15:57.808  1689  1689 I ServiceManager: service 'media_session' died
12-14 03:15:57.808  1689  1689 I ServiceManager: service 'media_router' died
12-14 03:15:57.808  1689  1689 I ServiceManager: service 'trust' died
12-14 03:15:57.808  1689  1689 I ServiceManager: service 'fingerprint' died
12-14 03:15:57.808  1689  1689 I ServiceManager: service 'launcherapps' died
12-14 03:15:57.808  1689  1689 I ServiceManager: service 'media_projection' died
12-14 03:15:57.808  1689  1689 I ServiceManager: service 'imms' died
12-14 03:15:57.808  1689  1689 I ServiceManager: service 'package' died
12-14 03:15:57.808  1689  1689 I ServiceManager: service 'telecom' died
12-14 03:15:57.808  4391  4391 I SystemServiceManager: Starting com.android.server.display.DisplayManagerService
12-14 03:15:57.809  4391  4422 I ServiceManager: Waiting for service SurfaceFlinger...
12-14 03:15:57.809  4391  4391 I SystemServiceManager: Starting phase 100
12-14 03:15:58.348  4159  4159 I GRALLOC-KMS: there are 2 modes on connector 0x21, type 14
12-14 03:15:58.348  4159  4159 I GRALLOC-KMS:   1920x1080
12-14 03:15:58.348  4159  4159 I GRALLOC-KMS:   1920x1080
12-14 03:15:58.348  4159  4159 I GRALLOC-KMS: Established mode:
12-14 03:15:58.348  4159  4159 I GRALLOC-KMS: clock: 140490, hdisplay: 1920, hsync_start: 1972, hsync_end: 2007, htotal: 2094, hskew: 0
12-14 03:15:58.348  4159  4159 I GRALLOC-KMS: vdisplay: 1080, vsync_start: 1083, vsync_end: 1089, vtotal: 1118, vscan: 0, vrefresh: 60
12-14 03:15:58.348  4159  4159 I GRALLOC-KMS: flags: 9, type: 72, name 1920x1080
12-14 03:15:58.348  4159  4159 I GRALLOC-KMS: the best mode is 1920x1080
12-14 03:15:58.350  4159  4159 D GRALLOC-KMS: will use flip for fb posting
12-14 03:15:58.350  4159  4159 I GRALLOC-MOD: mode.hdisplay 1920
12-14 03:15:58.350  4159  4159 I GRALLOC-MOD: mode.vdisplay 1080
12-14 03:15:58.350  4159  4159 I GRALLOC-MOD: mode.vrefresh 60.000000
12-14 03:15:58.350  4159  4159 I GRALLOC-MOD: format 0x5
12-14 03:15:58.350  4159  4159 I GRALLOC-MOD: xdpi 128.000000
12-14 03:15:58.350  4159  4159 I GRALLOC-MOD: ydpi 130.000000
12-14 03:15:58.351  4159  4159 I GRALLOC-MOD: mode.hdisplay 1920
12-14 03:15:58.351  4159  4159 I GRALLOC-MOD: mode.vdisplay 1080
12-14 03:15:58.351  4159  4159 I GRALLOC-MOD: mode.vrefresh 60.000000
12-14 03:15:58.351  4159  4159 I GRALLOC-MOD: format 0x5
12-14 03:15:58.351  4159  4159 I GRALLOC-MOD: xdpi 128.000000
12-14 03:15:58.351  4159  4159 I GRALLOC-MOD: ydpi 130.000000
12-14 03:15:58.351  4159  4159 W hwcomposer: getting VSYNC period from fb HAL: 16666667
12-14 03:15:58.351  4159  4159 D hwcomposer: Intel hwcomposer module
12-14 03:15:58.351  4159  4159 I SurfaceFlinger: Using composer version 1.0
12-14 03:15:58.351  4159  4159 W SurfaceFlinger: no suitable EGLConfig found, trying a simpler query
12-14 03:15:58.351  4159  4159 I SurfaceFlinger: EGL information:
12-14 03:15:58.351  4159  4159 I SurfaceFlinger: vendor    : Android
12-14 03:15:58.351  4159  4159 I SurfaceFlinger: version   : 1.4 Android META-EGL
12-14 03:15:58.351  4159  4159 I SurfaceFlinger: extensions: EGL_KHR_get_all_proc_addresses EGL_ANDROID_presentation_time EGL_KHR_image_base EGL_KHR_gl_texture_2D_image EGL_KHR_gl_texture_cubemap_image EGL_KHR_gl_renderbuffer_image EGL_KHR_fence_sync EGL_KHR_create_context EGL_EXT_create_context_robustness EGL_ANDROID_image_native_buffer EGL_KHR_wait_sync 
12-14 03:15:58.351  4159  4159 I SurfaceFlinger: Client API: OpenGL_ES
12-14 03:15:58.351  4159  4159 I SurfaceFlinger: EGLSurface: 8-8-8-8, config=0x7f63d857a040
12-14 03:15:58.354  4159  4159 I SurfaceFlinger: OpenGL ES informations:
12-14 03:15:58.354  4159  4159 I SurfaceFlinger: vendor    : Intel Open Source Technology Center
12-14 03:15:58.354  4159  4159 I SurfaceFlinger: renderer  : Mesa DRI Intel(R) Haswell Mobile 
12-14 03:15:58.354  4159  4159 I SurfaceFlinger: version   : OpenGL ES 3.0 Mesa 11.0.2 (git-68868dc)
12-14 03:15:58.354  4159  4159 I SurfaceFlinger: extensions: GL_EXT_blend_minmax GL_EXT_multi_draw_arrays GL_EXT_texture_filter_anisotropic GL_EXT_texture_compression_dxt1 GL_EXT_texture_format_BGRA8888 GL_OES_compressed_ETC1_RGB8_texture GL_OES_depth24 GL_OES_element_index_uint GL_OES_fbo_render_mipmap GL_OES_mapbuffer GL_OES_rgb8_rgba8 GL_OES_standard_derivatives GL_OES_stencil8 GL_OES_texture_3D GL_OES_texture_float GL_OES_texture_float_linear GL_OES_texture_half_float GL_OES_texture_half_float_linear GL_OES_texture_npot GL_OES_EGL_image GL_OES_depth_texture GL_OES_packed_depth_stencil GL_EXT_texture_type_2_10_10_10_REV GL_OES_get_program_binary GL_APPLE_texture_max_level GL_EXT_discard_framebuffer GL_EXT_read_format_bgra GL_NV_fbo_color_attachments GL_OES_EGL_image_external GL_OES_EGL_sync GL_OES_vertex_array_object GL_ANGLE_texture_compression_dxt3 GL_ANGLE_texture_compression_dxt5 GL_EXT_texture_rg GL_EXT_unpack_subimage GL_NV_draw_buffers GL_NV_read_buffer GL_NV_read_depth GL_NV_read_depth_stencil GL_NV_read_stencil GL_EXT_draw_buffers GL_EXT_map_bu
12-14 03:15:58.354  4159  4159 I SurfaceFlinger: GL_MAX_TEXTURE_SIZE = 8192
12-14 03:15:58.354  4159  4159 I SurfaceFlinger: GL_MAX_VIEWPORT_DIMS = 16384
12-14 03:15:58.354  4159  4159 D SurfaceFlinger: Open /dev/tty0 OK
12-14 03:15:58.571  4159  4159 D SurfaceFlinger: Set power mode=2, type=0 flinger=0x7f63d8462000
12-14 03:15:58.582  4159  4160 I SurfaceFlinger: auto set density to 240
12-14 03:15:58.618  4159  4159 D SurfaceFlinger: shader cache generated - 24 shaders in 37.568001 ms
12-14 03:15:58.635  4433  4436 D libEGL  : loaded /system/lib64/egl/libGLES_mesa.so
12-14 03:15:58.642  4433  4436 I GRALLOC-DRM: create intel for driver i915
12-14 03:15:58.643  4433  4436 I EGL-DRI2: DRI2: found extension DRI_Core version 1
12-14 03:15:58.643  4433  4436 I EGL-DRI2: DRI2: found extension DRI_DRI2 version 4
12-14 03:15:58.647  4433  4436 I EGL-DRI2: DRI2: found extension DRI_TexBuffer version 3
12-14 03:15:58.647  4433  4436 I EGL-DRI2: DRI2: found extension DRI2_Flush version 4
12-14 03:15:58.647  4433  4436 I EGL-DRI2: DRI2: found extension DRI_IMAGE version 11
12-14 03:15:58.810  4391  4391 W art     : Long monitor contention event with owner method=long android.view.DisplayEventReceiver.nativeInit(android.view.DisplayEventReceiver, android.os.MessageQueue) from DisplayEventReceiver.java:4294967294 waiters=0 for 1.001s
12-14 03:15:58.810  4391  4422 I DisplayManagerService: Display device added: DisplayDeviceInfo{"Built-in Screen": uniqueId="local:0", 1920 x 1080, 60.000004 fps, supportedRefreshRates [60.000004], density 240, 128.0 x 130.0 dpi, appVsyncOff 0, presDeadline 17666666, touch INTERNAL, rotation 0, type BUILT_IN, state UNKNOWN, FLAG_DEFAULT_DISPLAY, FLAG_ROTATES_WITH_CONTENT, FLAG_SECURE, FLAG_SUPPORTS_PROTECTED_BUFFERS}
12-14 03:15:58.810  4391  4391 I SystemServer: Package Manager
12-14 03:15:58.842  4391  4391 E DisplayManager: Could not get display information from display manager.
12-14 03:15:58.842  4391  4391 E DisplayManager: android.os.DeadObjectException
12-14 03:15:58.842  4391  4391 E DisplayManager: 	at android.os.BinderProxy.transactNative(Native Method)
12-14 03:15:58.842  4391  4391 E DisplayManager: 	at android.os.BinderProxy.transact(Binder.java:496)
12-14 03:15:58.842  4391  4391 E DisplayManager: 	at android.hardware.display.IDisplayManager$Stub$Proxy.getDisplayInfo(IDisplayManager.java:254)
12-14 03:15:58.842  4391  4391 E DisplayManager: 	at android.hardware.display.DisplayManagerGlobal.getDisplayInfo(DisplayManagerGlobal.java:119)
12-14 03:15:58.842  4391  4391 E DisplayManager: 	at android.hardware.display.DisplayManagerGlobal.getCompatibleDisplay(DisplayManagerGlobal.java:178)
12-14 03:15:58.842  4391  4391 E DisplayManager: 	at android.hardware.display.DisplayManager.getOrCreateDisplayLocked(DisplayManager.java:326)
12-14 03:15:58.842  4391  4391 E DisplayManager: 	at android.hardware.display.DisplayManager.getDisplay(DisplayManager.java:254)
12-14 03:15:58.842  4391  4391 E DisplayManager: 	at com.android.server.pm.PackageManagerService.getDefaultDisplayMetrics(PackageManagerService.java:1284)
12-14 03:15:58.842  4391  4391 E DisplayManager: 	at com.android.server.pm.PackageManagerService.<init>(PackageManagerService.java:1343)
12-14 03:15:58.842  4391  4391 E DisplayManager: 	at com.android.server.pm.PackageManagerService.main(PackageManagerService.java:1253)
12-14 03:15:58.842  4391  4391 E DisplayManager: 	at com.android.server.SystemServer.startBootstrapServices(SystemServer.java:349)
12-14 03:15:58.842  4391  4391 E DisplayManager: 	at com.android.server.SystemServer.run(SystemServer.java:254)
12-14 03:15:58.842  4391  4391 E DisplayManager: 	at com.android.server.SystemServer.main(SystemServer.java:170)
12-14 03:15:58.842  4391  4391 E DisplayManager: 	at java.lang.reflect.Method.invoke(Native Method)
12-14 03:15:58.842  4391  4391 E DisplayManager: 	at java.lang.reflect.Method.invoke(Method.java:372)
12-14 03:15:58.842  4391  4391 E DisplayManager: 	at com.android.internal.os.ZygoteInit$MethodAndArgsCaller.run(ZygoteInit.java:903)
12-14 03:15:58.842  4391  4391 E DisplayManager: 	at com.android.internal.os.ZygoteInit.main(ZygoteInit.java:698)
12-14 03:15:58.842  4391  4391 E System  : ******************************************
12-14 03:15:58.842  4391  4391 E System  : ************ Failure starting system services
12-14 03:15:58.842  4391  4391 E System  : java.lang.NullPointerException: Attempt to invoke virtual method 'void android.view.Display.getMetrics(android.util.DisplayMetrics)' on a null object reference
12-14 03:15:58.842  4391  4391 E System  : 	at com.android.server.pm.PackageManagerService.getDefaultDisplayMetrics(PackageManagerService.java:1284)
12-14 03:15:58.842  4391  4391 E System  : 	at com.android.server.pm.PackageManagerService.<init>(PackageManagerService.java:1343)
12-14 03:15:58.842  4391  4391 E System  : 	at com.android.server.pm.PackageManagerService.main(PackageManagerService.java:1253)
12-14 03:15:58.842  4391  4391 E System  : 	at com.android.server.SystemServer.startBootstrapServices(SystemServer.java:349)
12-14 03:15:58.842  4391  4391 E System  : 	at com.android.server.SystemServer.run(SystemServer.java:254)
12-14 03:15:58.842  4391  4391 E System  : 	at com.android.server.SystemServer.main(SystemServer.java:170)
12-14 03:15:58.842  4391  4391 E System  : 	at java.lang.reflect.Method.invoke(Native Method)
12-14 03:15:58.842  4391  4391 E System  : 	at java.lang.reflect.Method.invoke(Method.java:372)
12-14 03:15:58.842  4391  4391 E System  : 	at com.android.internal.os.ZygoteInit$MethodAndArgsCaller.run(ZygoteInit.java:903)
12-14 03:15:58.842  4391  4391 E System  : 	at com.android.internal.os.ZygoteInit.main(ZygoteInit.java:698)
12-14 03:15:58.842  4391  4391 D AndroidRuntime: Shutting down VM
12-14 03:15:58.842  4391  4391 E AndroidRuntime: *** FATAL EXCEPTION IN SYSTEM PROCESS: main
12-14 03:15:58.842  4391  4391 E AndroidRuntime: java.lang.NullPointerException: Attempt to invoke virtual method 'void android.view.Display.getMetrics(android.util.DisplayMetrics)' on a null object reference
12-14 03:15:58.842  4391  4391 E AndroidRuntime: 	at com.android.server.pm.PackageManagerService.getDefaultDisplayMetrics(PackageManagerService.java:1284)
12-14 03:15:58.842  4391  4391 E AndroidRuntime: 	at com.android.server.pm.PackageManagerService.<init>(PackageManagerService.java:1343)
12-14 03:15:58.842  4391  4391 E AndroidRuntime: 	at com.android.server.pm.PackageManagerService.main(PackageManagerService.java:1253)
12-14 03:15:58.842  4391  4391 E AndroidRuntime: 	at com.android.server.SystemServer.startBootstrapServices(SystemServer.java:349)
12-14 03:15:58.842  4391  4391 E AndroidRuntime: 	at com.android.server.SystemServer.run(SystemServer.java:254)
12-14 03:15:58.842  4391  4391 E AndroidRuntime: 	at com.android.server.SystemServer.main(SystemServer.java:170)
12-14 03:15:58.842  4391  4391 E AndroidRuntime: 	at java.lang.reflect.Method.invoke(Native Method)
12-14 03:15:58.842  4391  4391 E AndroidRuntime: 	at java.lang.reflect.Method.invoke(Method.java:372)
12-14 03:15:58.842  4391  4391 E AndroidRuntime: 	at com.android.internal.os.ZygoteInit$MethodAndArgsCaller.run(ZygoteInit.java:903)
12-14 03:15:58.842  4391  4391 E AndroidRuntime: 	at com.android.internal.os.ZygoteInit.main(ZygoteInit.java:698)
12-14 03:15:58.842  4391  4391 E AndroidRuntime: Error reporting crash
12-14 03:15:58.842  4391  4391 E AndroidRuntime: java.lang.NullPointerException: Attempt to invoke interface method 'void android.app.IActivityManager.handleApplicationCrash(android.os.IBinder, android.app.ApplicationErrorReport$CrashInfo)' on a null object reference
12-14 03:15:58.842  4391  4391 E AndroidRuntime: 	at com.android.internal.os.RuntimeInit$UncaughtHandler.uncaughtException(RuntimeInit.java:89)
12-14 03:15:58.842  4391  4391 E AndroidRuntime: 	at java.lang.ThreadGroup.uncaughtException(ThreadGroup.java:693)
12-14 03:15:58.842  4391  4391 E AndroidRuntime: 	at java.lang.ThreadGroup.uncaughtException(ThreadGroup.java:690)
12-14 03:15:58.842  4391  4391 I Process : Sending signal. PID: 4391 SIG: 9
12-14 03:15:58.845  1689  1689 I ServiceManager: service 'display' died
12-14 03:15:58.845  1689  1689 I ServiceManager: service 'sensorservice' died
12-14 03:15:58.845  1689  1689 I ServiceManager: service 'batterystats' died
12-14 03:15:58.845  1689  1689 I ServiceManager: service 'appops' died
12-14 03:15:58.845  1689  1689 I ServiceManager: service 'power' died
12-14 03:15:58.869  1715  1715 E installd: eof
12-14 03:15:58.869  1715  1715 E installd: failed to read size
12-14 03:15:58.869  1715  1715 I installd: closing connection
12-14 03:15:58.869  4163  4163 E Zygote  : Exit zygote because system server (-1887694742) has terminated
12-14 03:15:58.888  1689  1689 I ServiceManager: service 'media.audio_flinger' died
12-14 03:15:58.888  1689  1689 I ServiceManager: service 'media.player' died
12-14 03:15:58.888  1689  1689 I ServiceManager: service 'media.audio_policy' died
12-14 03:15:58.888  1689  1689 I ServiceManager: service 'media.camera' died
12-14 03:15:58.888  1689  1689 I ServiceManager: service 'media.sound_trigger_hw' died
12-14 03:16:00.892  4437  4437 I Netd    : Netd 1.0 starting
12-14 03:16:00.892  4437  4437 E Netd    : Failed to open /proc/sys/net/ipv6/conf/default/accept_ra_rt_table: No such file or directory
12-14 03:16:00.892  4437  4437 E Netd    : Failed to open /proc/sys/net/ipv6/conf/eth0/accept_ra_rt_table: No such file or directory
12-14 03:16:00.892  4437  4437 E Netd    : Failed to open /proc/sys/net/ipv6/conf/ip6tnl0/accept_ra_rt_table: No such file or directory
12-14 03:16:00.892  4437  4437 E Netd    : Failed to open /proc/sys/net/ipv6/conf/lo/accept_ra_rt_table: No such file or directory
12-14 03:16:00.892  4437  4437 E Netd    : Failed to open /proc/sys/net/ipv6/conf/sit0/accept_ra_rt_table: No such file or directory
12-14 03:16:00.892  4437  4437 E Netd    : Failed to open /proc/sys/net/ipv6/conf/wlan0/accept_ra_rt_table: No such file or directory
12-14 03:16:00.921  4438  4438 I mediaserver: ServiceManager: 0xf58356a0
12-14 03:16:00.921  4438  4438 I AudioFlinger: Using default 3000 mSec as standby time.
12-14 03:16:00.921  4438  4438 I ServiceManager: Waiting for service batterystats...
12-14 03:16:00.936  4439  4439 D AndroidRuntime: >>>>>> START com.android.internal.os.ZygoteInit uid 0 <<<<<<
12-14 03:16:00.937  4439  4439 D AndroidRuntime: CheckJNI is OFF
12-14 03:16:00.937  4439  4439 I art     : option[0]=-Xzygote
12-14 03:16:00.937  4439  4439 I art     : option[1]=-Xstacktracefile:/data/anr/traces.txt
12-14 03:16:00.937  4439  4439 I art     : option[2]=exit
12-14 03:16:00.937  4439  4439 I art     : option[3]=vfprintf
12-14 03:16:00.937  4439  4439 I art     : option[4]=sensitiveThread
12-14 03:16:00.937  4439  4439 I art     : option[5]=-verbose:gc
12-14 03:16:00.937  4439  4439 I art     : option[6]=-Xms16m
12-14 03:16:00.937  4439  4439 I art     : option[7]=-Xmx512m
12-14 03:16:00.937  4439  4439 I art     : option[8]=-XX:mainThreadStackSize=24K
12-14 03:16:00.937  4439  4439 I art     : option[9]=-XX:HeapGrowthLimit=192m
12-14 03:16:00.937  4439  4439 I art     : option[10]=-XX:HeapMinFree=512k
12-14 03:16:00.937  4439  4439 I art     : option[11]=-XX:HeapMaxFree=8m
12-14 03:16:00.937  4439  4439 I art     : option[12]=-XX:HeapTargetUtilization=0.75
12-14 03:16:00.937  4439  4439 I art     : option[13]=-Xgenregmap
12-14 03:16:00.937  4439  4439 I art     : option[14]=-Xgc:precise
12-14 03:16:00.937  4439  4439 I art     : option[15]=-agentlib:jdwp=transport=dt_android_adb,suspend=n,server=y
12-14 03:16:00.937  4439  4439 I art     : option[16]=-Xlockprofthreshold:500
12-14 03:16:00.937  4439  4439 I art     : option[17]=-Ximage-compiler-option
12-14 03:16:00.937  4439  4439 I art     : option[18]=--runtime-arg
12-14 03:16:00.937  4439  4439 I art     : option[19]=-Ximage-compiler-option
12-14 03:16:00.937  4439  4439 I art     : option[20]=-Xms64m
12-14 03:16:00.937  4439  4439 I art     : option[21]=-Ximage-compiler-option
12-14 03:16:00.937  4439  4439 I art     : option[22]=--runtime-arg
12-14 03:16:00.937  4439  4439 I art     : option[23]=-Ximage-compiler-option
12-14 03:16:00.937  4439  4439 I art     : option[24]=-Xmx64m
12-14 03:16:00.937  4439  4439 I art     : option[25]=-Ximage-compiler-option
12-14 03:16:00.937  4439  4439 I art     : option[26]=--image-classes=/system/etc/preloaded-classes
12-14 03:16:00.937  4439  4439 I art     : option[27]=-Xcompiler-option
12-14 03:16:00.937  4439  4439 I art     : option[28]=--runtime-arg
12-14 03:16:00.937  4439  4439 I art     : option[29]=-Xcompiler-option
12-14 03:16:00.937  4439  4439 I art     : option[30]=-Xms64m
12-14 03:16:00.937  4439  4439 I art     : option[31]=-Xcompiler-option
12-14 03:16:00.937  4439  4439 I art     : option[32]=--runtime-arg
12-14 03:16:00.937  4439  4439 I art     : option[33]=-Xcompiler-option
12-14 03:16:00.937  4439  4439 I art     : option[34]=-Xmx512m
12-14 03:16:00.937  4439  4439 I art     : option[35]=-Duser.language=en
12-14 03:16:00.937  4439  4439 I art     : option[36]=-Duser.region=US
12-14 03:16:00.937  4439  4439 I art     : option[37]=-XX:NativeBridge=libnb.so
12-14 03:16:00.937  4439  4439 W art     : Incomplete boot detected. Pruning dalvik cache
12-14 03:16:00.992  4437  4437 V NatController: runCmd(/system/bin/iptables -F natctrl_FORWARD) res=0
12-14 03:16:00.993  4437  4437 V NatController: runCmd(/system/bin/iptables -A natctrl_FORWARD -j DROP) res=0
12-14 03:16:00.994  4437  4437 V NatController: runCmd(/system/bin/iptables -t nat -F natctrl_nat_POSTROUTING) res=0
12-14 03:16:00.994  4437  4437 V NatController: runCmd(/system/bin/iptables -F natctrl_tether_counters) res=0
12-14 03:16:00.996  4437  4437 V NatController: runCmd(/system/bin/iptables -X natctrl_tether_counters) res=0
12-14 03:16:00.997  4437  4437 V NatController: runCmd(/system/bin/iptables -N natctrl_tether_counters) res=0
12-14 03:16:00.998  4437  4437 V NatController: runCmd(/system/bin/iptables -t mangle -A natctrl_mangle_FORWARD -p tcp --tcp-flags SYN SYN -j TCPMSS --clamp-mss-to-pmtu) res=0
12-14 03:16:01.015  4439  4439 I art     : Pruning dalvik-cache since we are relocating an image and will need to recompile
12-14 03:16:01.015  4439  4439 I art     : RelocateImage: /system/bin/patchoat --input-image-location=/system/framework/boot.art --output-image-file=/data/dalvik-cache/x86_64/system@framework@boot.art --input-oat-location=/system/framework/boot.oat --output-oat-file=/data/dalvik-cache/x86_64/system@framework@boot.oat --instruction-set=x86_64 --base-offset-delta=16531456
12-14 03:16:01.036  4437  4437 I iptables: iptables: Invalid argument. Run `dmesg' for more information.
12-14 03:16:01.036  4437  4437 I iptables: iptables terminated by exit(1)
12-14 03:16:01.036  4437  4437 E BandwidthController: runIptablesCmd(): res=1 status=256 failed /system/bin/iptables -A bw_INPUT -m owner --socket-exists
12-14 03:16:01.037  4437  4437 I ip6tables: ip6tables: Invalid argument. Run `dmesg' for more information.
12-14 03:16:01.037  4437  4437 I ip6tables: ip6tables terminated by exit(1)
12-14 03:16:01.037  4437  4437 E BandwidthController: runIptablesCmd(): res=1 status=256 failed /system/bin/ip6tables -A bw_INPUT -m owner --socket-exists
12-14 03:16:01.045  4646  4646 E ProbeModule: insmod_by_dep: cannot load module: [net-pf-16-proto-5]
12-14 03:16:01.045  4437  4437 E Netd    : Unable to create netlink socket: Protocol not supported
12-14 03:16:01.045  4437  4437 E Netd    : Unable to open quota2 logging socket
12-14 03:16:01.045  4437  4437 D MDnsDS  : MDnsSdListener::Hander starting up
12-14 03:16:01.045  4437  4648 D MDnsDS  : MDnsSdListener starting to monitor
12-14 03:16:01.045  4437  4648 D MDnsDS  : Going to poll with pollCount 1
12-14 03:16:01.921  4438  4438 I ServiceManager: Waiting for service batterystats...
12-14 03:16:02.921  4438  4438 I ServiceManager: Waiting for service batterystats...
12-14 03:16:03.446  4439  4439 E memtrack: Couldn't load memtrack module (No such file or directory)
12-14 03:16:03.446  4439  4439 E android.os.Debug: failed to load memtrack module: -2
12-14 03:16:03.447  4439  4439 I SamplingProfilerIntegration: Profiling disabled.
12-14 03:16:03.447  4439  4439 D Zygote  : begin preload
12-14 03:16:03.447  4439  4439 I Zygote  : Preloading classes...
12-14 03:16:03.448  4439  4439 I art     : Explicit concurrent mark sweep GC freed 797(36KB) AllocSpace objects, 0(0B) LOS objects, 95% free, 47KB/1071KB, paused 13us total 1.048ms
12-14 03:16:03.448  4439  4439 I art     : Counter: 1
12-14 03:16:03.450  4439  4439 I art     : Explicit concurrent mark sweep GC freed 553(33KB) AllocSpace objects, 0(0B) LOS objects, 93% free, 67KB/1091KB, paused 12us total 848us
12-14 03:16:03.454  4439  4439 I art     : Explicit concurrent mark sweep GC freed 645(41KB) AllocSpace objects, 0(0B) LOS objects, 93% free, 75KB/1099KB, paused 13us total 930us
12-14 03:16:03.463  4439  4439 I art     : Explicit concurrent mark sweep GC freed 392(23KB) AllocSpace objects, 0(0B) LOS objects, 90% free, 106KB/1130KB, paused 12us total 768us
12-14 03:16:03.465  4439  4439 E Minikin : addFont failed to create font /system/fonts/NotoSansGujarati-Regular.ttf
12-14 03:16:03.465  4439  4439 E Minikin : addFont failed to create font /system/fonts/NotoSansGujarati-Bold.ttf
12-14 03:16:03.465  4439  4439 E Minikin : addFont failed to create font /system/fonts/NotoSansGujaratiUI-Regular.ttf
12-14 03:16:03.465  4439  4439 E Minikin : addFont failed to create font /system/fonts/NotoSansGujaratiUI-Bold.ttf
12-14 03:16:03.465  4439  4439 E Minikin : addFont failed to create font /system/fonts/NotoSansGurmukhi-Regular.ttf
12-14 03:16:03.465  4439  4439 E Minikin : addFont failed to create font /system/fonts/NotoSansGurmukhi-Bold.ttf
12-14 03:16:03.465  4439  4439 E Minikin : addFont failed to create font /system/fonts/NotoSansGurmukhiUI-Regular.ttf
12-14 03:16:03.465  4439  4439 E Minikin : addFont failed to create font /system/fonts/NotoSansGurmukhiUI-Bold.ttf
12-14 03:16:03.466  4439  4439 E Minikin : addFont failed to create font /system/fonts/NotoSansSinhala-Regular.ttf
12-14 03:16:03.466  4439  4439 E Minikin : addFont failed to create font /system/fonts/NotoSansSinhala-Bold.ttf
12-14 03:16:03.466  4439  4439 E Minikin : addFont failed to create font /system/fonts/NotoSansThaana-Regular.ttf
12-14 03:16:03.466  4439  4439 E Minikin : addFont failed to create font /system/fonts/NotoSansThaana-Bold.ttf
12-14 03:16:03.466  4439  4439 E Minikin : addFont failed to create font /system/fonts/NotoSansCham-Regular.ttf
12-14 03:16:03.466  4439  4439 E Minikin : addFont failed to create font /system/fonts/NotoSansCham-Bold.ttf
12-14 03:16:03.466  4439  4439 E Minikin : addFont failed to create font /system/fonts/NotoSansBalinese-Regular.ttf
12-14 03:16:03.466  4439  4439 E Minikin : addFont failed to create font /system/fonts/NotoSansBatak-Regular.ttf
12-14 03:16:03.466  4439  4439 E Minikin : addFont failed to create font /system/fonts/NotoSansBuginese-Regular.ttf
12-14 03:16:03.466  4439  4439 E Minikin : addFont failed to create font /system/fonts/NotoSansBuhid-Regular.ttf
12-14 03:16:03.466  4439  4439 E Minikin : addFont failed to create font /system/fonts/NotoSansCanadianAboriginal-Regular.ttf
12-14 03:16:03.466  4439  4439 E Minikin : addFont failed to create font /system/fonts/NotoSansCherokee-Regular.ttf
12-14 03:16:03.466  4439  4439 E Minikin : addFont failed to create font /system/fonts/NotoSansCoptic-Regular.ttf
12-14 03:16:03.466  4439  4439 E Minikin : addFont failed to create font /system/fonts/NotoSansGlagolitic-Regular.ttf
12-14 03:16:03.466  4439  4439 E Minikin : addFont failed to create font /system/fonts/NotoSansHanunoo-Regular.ttf
12-14 03:16:03.466  4439  4439 E Minikin : addFont failed to create font /system/fonts/NotoSansJavanese-Regular.ttf
12-14 03:16:03.466  4439  4439 E Minikin : addFont failed to create font /system/fonts/NotoSansKayahLi-Regular.ttf
12-14 03:16:03.466  4439  4439 E Minikin : addFont failed to create font /system/fonts/NotoSansLepcha-Regular.ttf
12-14 03:16:03.466  4439  4439 E Minikin : addFont failed to create font /system/fonts/NotoSansLimbu-Regular.ttf
12-14 03:16:03.466  4439  4439 E Minikin : addFont failed to create font /system/fonts/NotoSansMeeteiMayek-Regular.ttf
12-14 03:16:03.466  4439  4439 E Minikin : addFont failed to create font /system/fonts/NotoSansOlChiki-Regular.ttf
12-14 03:16:03.466  4439  4439 E Minikin : addFont failed to create font /system/fonts/NotoSansRejang-Regular.ttf
12-14 03:16:03.466  4439  4439 E Minikin : addFont failed to create font /system/fonts/NotoSansSaurashtra-Regular.ttf
12-14 03:16:03.466  4439  4439 E Minikin : addFont failed to create font /system/fonts/NotoSansSundanese-Regular.ttf
12-14 03:16:03.466  4439  4439 E Minikin : addFont failed to create font /system/fonts/NotoSansSylotiNagri-Regular.ttf
12-14 03:16:03.466  4439  4439 E Minikin : addFont failed to create font /system/fonts/NotoSansTagbanwa-Regular.ttf
12-14 03:16:03.466  4439  4439 E Minikin : addFont failed to create font /system/fonts/NotoSansTaiTham-Regular.ttf
12-14 03:16:03.466  4439  4439 E Minikin : addFont failed to create font /system/fonts/NotoSansTaiViet-Regular.ttf
12-14 03:16:03.466  4439  4439 E Minikin : addFont failed to create font /system/fonts/NotoSansTifinagh-Regular.ttf
12-14 03:16:03.466  4439  4439 E Minikin : addFont failed to create font /system/fonts/NotoSansYi-Regular.ttf
12-14 03:16:03.466  4439  4439 E Minikin : addFont failed to create font /system/fonts/Lohit-Odia.ttf
12-14 03:16:03.466  4439  4439 E Minikin : addFont failed to create font /system/fonts/NotoSansHans-Regular.otf
12-14 03:16:03.466  4439  4439 E Minikin : addFont failed to create font /system/fonts/NotoSansHant-Regular.otf
12-14 03:16:03.466  4439  4439 E Minikin : addFont failed to create font /system/fonts/NotoSansJP-Regular.otf
12-14 03:16:03.466  4439  4439 E Minikin : addFont failed to create font /system/fonts/NotoSansKR-Regular.otf
12-14 03:16:03.466  4439  4439 E Minikin : addFont failed to create font /system/fonts/NotoSansTaiLe-Regular.ttf
12-14 03:16:03.470  4439  4439 I art     : Explicit concurrent mark sweep GC freed 1798(129KB) AllocSpace objects, 0(0B) LOS objects, 89% free, 117KB/1141KB, paused 13us total 884us
12-14 03:16:03.472  4439  4439 I art     : Explicit concurrent mark sweep GC freed 1933(92KB) AllocSpace objects, 0(0B) LOS objects, 86% free, 162KB/1186KB, paused 13us total 1.109ms
12-14 03:16:03.474  4439  4439 I art     : Explicit concurrent mark sweep GC freed 1977(87KB) AllocSpace objects, 0(0B) LOS objects, 83% free, 198KB/1222KB, paused 12us total 1.023ms
12-14 03:16:03.476  4439  4439 I art     : Explicit concurrent mark sweep GC freed 371(19KB) AllocSpace objects, 0(0B) LOS objects, 81% free, 234KB/1258KB, paused 12us total 1.034ms
12-14 03:16:03.481  4439  4439 I art     : Thread[1,tid=4439,WaitingForJniOnLoad,Thread*=0x7fc689895000,peer=0x12c31100,"main"] recursive attempt to load library "/system/lib64/libmedia_jni.so"
12-14 03:16:03.481  4439  4439 D MtpDeviceJNI: register_android_mtp_MtpDevice
12-14 03:16:03.481  4439  4439 I art     : Thread[1,tid=4439,WaitingForJniOnLoad,Thread*=0x7fc689895000,peer=0x12c31100,"main"] recursive attempt to load library "/system/lib64/libmedia_jni.so"
12-14 03:16:03.481  4439  4439 I art     : Thread[1,tid=4439,WaitingForJniOnLoad,Thread*=0x7fc689895000,peer=0x12c31100,"main"] recursive attempt to load library "/system/lib64/libmedia_jni.so"
12-14 03:16:03.484  4439  4439 I art     : Explicit concurrent mark sweep GC freed 641(36KB) AllocSpace objects, 0(0B) LOS objects, 80% free, 247KB/1271KB, paused 13us total 1.196ms
12-14 03:16:03.487  4439  4439 I art     : Explicit concurrent mark sweep GC freed 429(20KB) AllocSpace objects, 0(0B) LOS objects, 78% free, 275KB/1299KB, paused 13us total 1.109ms
12-14 03:16:03.490  4439  4439 I art     : Explicit concurrent mark sweep GC freed 543(30KB) AllocSpace objects, 0(0B) LOS objects, 77% free, 302KB/1326KB, paused 13us total 1.064ms
12-14 03:16:03.495  4439  4439 I art     : Explicit concurrent mark sweep GC freed 1868(110KB) AllocSpace objects, 0(0B) LOS objects, 68% free, 467KB/1491KB, paused 13us total 1.122ms
12-14 03:16:03.496  4439  4439 E EmojiFactory_jni: Failed to load libemoji.so: dlopen failed: library "libemoji.so" not found
12-14 03:16:03.499  4439  4439 I art     : Explicit concurrent mark sweep GC freed 350(45KB) AllocSpace objects, 0(0B) LOS objects, 57% free, 766KB/1790KB, paused 13us total 1.531ms
12-14 03:16:03.502  4439  4439 I art     : Explicit concurrent mark sweep GC freed 438(30KB) AllocSpace objects, 0(0B) LOS objects, 56% free, 784KB/1808KB, paused 13us total 1.271ms
12-14 03:16:03.506  4439  4439 I art     : Explicit concurrent mark sweep GC freed 789(49KB) AllocSpace objects, 0(0B) LOS objects, 56% free, 786KB/1810KB, paused 13us total 1.113ms
12-14 03:16:03.512  4439  4439 I art     : Explicit concurrent mark sweep GC freed 956(105KB) AllocSpace objects, 0(0B) LOS objects, 55% free, 830KB/1854KB, paused 14us total 1.475ms
12-14 03:16:03.514  4439  4439 I art     : Explicit concurrent mark sweep GC freed 597(42KB) AllocSpace objects, 0(0B) LOS objects, 55% free, 837KB/1861KB, paused 34us total 1.315ms
12-14 03:16:03.518  4439  4439 I art     : Explicit concurrent mark sweep GC freed 265(20KB) AllocSpace objects, 0(0B) LOS objects, 54% free, 865KB/1889KB, paused 13us total 1.160ms
12-14 03:16:03.524  4439  4439 I art     : Explicit concurrent mark sweep GC freed 12(576B) AllocSpace objects, 0(0B) LOS objects, 45% free, 1245KB/2MB, paused 14us total 1.473ms
12-14 03:16:03.526  4439  4439 I art     : Explicit concurrent mark sweep GC freed 564(32KB) AllocSpace objects, 0(0B) LOS objects, 44% free, 1261KB/2MB, paused 14us total 1.486ms
12-14 03:16:03.529  4439  4439 I art     : Explicit concurrent mark sweep GC freed 734(45KB) AllocSpace objects, 0(0B) LOS objects, 44% free, 1265KB/2MB, paused 14us total 1.413ms
12-14 03:16:03.536  4439  4439 I System  : Loaded time zone names for "" in 7ms (7ms in ICU)
12-14 03:16:03.540  4439  4439 I System  : Loaded time zone names for "en_US" in 4ms (4ms in ICU)
12-14 03:16:03.542  4439  4439 I art     : Explicit concurrent mark sweep GC freed 2359(179KB) AllocSpace objects, 0(0B) LOS objects, 41% free, 1423KB/2MB, paused 14us total 1.712ms
12-14 03:16:03.544  4439  4439 I art     : Explicit concurrent mark sweep GC freed 136(12KB) AllocSpace objects, 0(0B) LOS objects, 40% free, 1488KB/2MB, paused 14us total 1.496ms
12-14 03:16:03.546  4439  4439 I art     : Explicit concurrent mark sweep GC freed 288(24KB) AllocSpace objects, 0(0B) LOS objects, 39% free, 1540KB/2MB, paused 14us total 1.642ms
12-14 03:16:03.549  4439  4439 I art     : Explicit concurrent mark sweep GC freed 679(47KB) AllocSpace objects, 0(0B) LOS objects, 39% free, 1542KB/2MB, paused 14us total 1.568ms
12-14 03:16:03.549  4439  4439 I Zygote  : ...preloaded 3005 classes in 101ms.
12-14 03:16:03.549  4439  4439 I art     : VMRuntime.preloadDexCaches starting
12-14 03:16:03.557  4439  4439 I art     : VMRuntime.preloadDexCaches strings total=214641 before=38996 after=38996
12-14 03:16:03.557  4439  4439 I art     : VMRuntime.preloadDexCaches types total=18345 before=6389 after=6425
12-14 03:16:03.557  4439  4439 I art     : VMRuntime.preloadDexCaches fields total=85569 before=32261 after=32595
12-14 03:16:03.557  4439  4439 I art     : VMRuntime.preloadDexCaches methods total=151780 before=66835 after=67736
12-14 03:16:03.557  4439  4439 I art     : VMRuntime.preloadDexCaches finished
12-14 03:16:03.557  4439  4439 I art     : Counter: 0
12-14 03:16:03.557  4439  4439 I art     : Counter: 1
12-14 03:16:03.560  4439  4439 I art     : Explicit concurrent mark sweep GC freed 61(15KB) AllocSpace objects, 0(0B) LOS objects, 40% free, 1528KB/2MB, paused 15us total 2.220ms
12-14 03:16:03.563  4658  4658 D idmap   : error: no read access to /vendor/overlay: No such file or directory
12-14 03:16:03.564  4439  4439 I Zygote  : Preloading resources...
12-14 03:16:03.566  4439  4439 I art     : Explicit concurrent mark sweep GC freed 86(3KB) AllocSpace objects, 0(0B) LOS objects, 40% free, 1577KB/2MB, paused 17us total 1.844ms
12-14 03:16:03.568  4439  4439 I art     : Explicit concurrent mark sweep GC freed 89(4KB) AllocSpace objects, 0(0B) LOS objects, 39% free, 1623KB/2MB, paused 14us total 1.476ms
12-14 03:16:03.571  4439  4439 I art     : Explicit concurrent mark sweep GC freed 115(5KB) AllocSpace objects, 0(0B) LOS objects, 39% free, 1667KB/2MB, paused 15us total 1.481ms
12-14 03:16:03.573  4439  4439 I art     : Explicit concurrent mark sweep GC freed 99(4KB) AllocSpace objects, 0(0B) LOS objects, 39% free, 1712KB/2MB, paused 15us total 1.498ms
12-14 03:16:03.575  4439  4439 I art     : Explicit concurrent mark sweep GC freed 94(4KB) AllocSpace objects, 0(0B) LOS objects, 39% free, 1757KB/2MB, paused 27us total 1.532ms
12-14 03:16:03.577  4439  4439 I art     : Explicit concurrent mark sweep GC freed 102(4KB) AllocSpace objects, 0(0B) LOS objects, 39% free, 1803KB/2MB, paused 17us total 1.501ms
12-14 03:16:03.580  4439  4439 I art     : Explicit concurrent mark sweep GC freed 112(5KB) AllocSpace objects, 0(0B) LOS objects, 39% free, 1848KB/3MB, paused 16us total 1.497ms
12-14 03:16:03.582  4439  4439 I art     : Explicit concurrent mark sweep GC freed 118(5KB) AllocSpace objects, 0(0B) LOS objects, 39% free, 1896KB/3MB, paused 15us total 1.536ms
12-14 03:16:03.584  4439  4439 I art     : Explicit concurrent mark sweep GC freed 108(5KB) AllocSpace objects, 0(0B) LOS objects, 39% free, 1944KB/3MB, paused 16us total 1.781ms
12-14 03:16:03.587  4439  4439 I art     : Explicit concurrent mark sweep GC freed 153(6KB) AllocSpace objects, 0(0B) LOS objects, 40% free, 2020KB/3MB, paused 16us total 1.623ms
12-14 03:16:03.589  4439  4439 I art     : Explicit concurrent mark sweep GC freed 138(6KB) AllocSpace objects, 0(0B) LOS objects, 39% free, 2MB/3MB, paused 16us total 1.549ms
12-14 03:16:03.591  4439  4439 I art     : Explicit concurrent mark sweep GC freed 84(7KB) AllocSpace objects, 0(0B) LOS objects, 39% free, 2MB/3MB, paused 15us total 1.565ms
12-14 03:16:03.594  4439  4439 I art     : Explicit concurrent mark sweep GC freed 112(4KB) AllocSpace objects, 0(0B) LOS objects, 40% free, 2MB/3MB, paused 20us total 1.600ms
12-14 03:16:03.596  4439  4439 I art     : Explicit concurrent mark sweep GC freed 135(5KB) AllocSpace objects, 0(0B) LOS objects, 39% free, 2MB/3MB, paused 16us total 1.596ms
12-14 03:16:03.599  4439  4439 I art     : Explicit concurrent mark sweep GC freed 62(2752B) AllocSpace objects, 0(0B) LOS objects, 39% free, 2MB/3MB, paused 18us total 1.964ms
12-14 03:16:03.602  4439  4439 I art     : Explicit concurrent mark sweep GC freed 111(4KB) AllocSpace objects, 0(0B) LOS objects, 40% free, 2MB/4MB, paused 17us total 1.627ms
12-14 03:16:03.605  4439  4439 I art     : Explicit concurrent mark sweep GC freed 206(9KB) AllocSpace objects, 0(0B) LOS objects, 40% free, 2MB/4MB, paused 16us total 1.634ms
12-14 03:16:03.608  4439  4439 I art     : Explicit concurrent mark sweep GC freed 370(16KB) AllocSpace objects, 0(0B) LOS objects, 40% free, 2MB/4MB, paused 17us total 1.643ms
12-14 03:16:03.610  4439  4439 I art     : Explicit concurrent mark sweep GC freed 214(9KB) AllocSpace objects, 0(0B) LOS objects, 39% free, 2MB/4MB, paused 17us total 1.629ms
12-14 03:16:03.612  4439  4439 I art     : Explicit concurrent mark sweep GC freed 112(6KB) AllocSpace objects, 0(0B) LOS objects, 39% free, 2MB/4MB, paused 17us total 1.631ms
12-14 03:16:03.615  4439  4439 I art     : Explicit concurrent mark sweep GC freed 113(5KB) AllocSpace objects, 0(0B) LOS objects, 39% free, 2MB/4MB, paused 18us total 1.648ms
