12-14 03:14:39.441  1718  1718 I art     : Explicit concurrent mark sweep GC freed 111(4KB) AllocSpace objects, 0(0B) LOS objects, 39% free, 2MB/4MB, paused 32us total 2.186ms
12-14 03:14:39.446  1717  1717 I art     : Explicit concurrent mark sweep GC freed 206(9KB) AllocSpace objects, 0(0B) LOS objects, 40% free, 2MB/4MB, paused 29us total 2.552ms
12-14 03:14:39.446  1718  1718 I art     : Explicit concurrent mark sweep GC freed 206(9KB) AllocSpace objects, 0(0B) LOS objects, 40% free, 2MB/4MB, paused 50us total 2.920ms
12-14 03:14:39.450  1717  1717 I art     : Explicit concurrent mark sweep GC freed 370(16KB) AllocSpace objects, 0(0B) LOS objects, 40% free, 2MB/4MB, paused 30us total 2.498ms
12-14 03:14:39.451  1718  1718 I art     : Explicit concurrent mark sweep GC freed 370(16KB) AllocSpace objects, 0(0B) LOS objects, 39% free, 2MB/4MB, paused 31us total 2.660ms
12-14 03:14:39.461  1717  1717 I art     : Explicit concurrent mark sweep GC freed 214(9KB) AllocSpace objects, 0(0B) LOS objects, 39% free, 2MB/4MB, paused 18us total 2.065ms
12-14 03:14:39.461  1718  1718 I art     : Explicit concurrent mark sweep GC freed 214(9KB) AllocSpace objects, 0(0B) LOS objects, 40% free, 2MB/4MB, paused 34us total 2.529ms
12-14 03:14:39.464  1717  1717 I art     : Explicit concurrent mark sweep GC freed 112(6KB) AllocSpace objects, 0(0B) LOS objects, 39% free, 2MB/4MB, paused 20us total 1.824ms
12-14 03:14:39.464  1718  1718 I art     : Explicit concurrent mark sweep GC freed 112(6KB) AllocSpace objects, 0(0B) LOS objects, 40% free, 2MB/4MB, paused 32us total 2.264ms
12-14 03:14:39.479  1717  1717 I art     : Explicit concurrent mark sweep GC freed 113(5KB) AllocSpace objects, 0(0B) LOS objects, 39% free, 2MB/4MB, paused 20us total 2.423ms
12-14 03:14:39.479  1718  1718 I art     : Explicit concurrent mark sweep GC freed 113(5KB) AllocSpace objects, 0(0B) LOS objects, 39% free, 2MB/4MB, paused 44us total 2.658ms
12-14 03:14:39.482  1717  1717 I art     : Explicit concurrent mark sweep GC freed 49(8KB) AllocSpace objects, 0(0B) LOS objects, 40% free, 2MB/4MB, paused 24us total 2.528ms
12-14 03:14:39.483  1718  1718 I art     : Explicit concurrent mark sweep GC freed 49(8KB) AllocSpace objects, 0(0B) LOS objects, 39% free, 2MB/4MB, paused 34us total 3.068ms
12-14 03:14:39.486  1717  1717 I art     : Explicit concurrent mark sweep GC freed 101(4KB) AllocSpace objects, 0(0B) LOS objects, 39% free, 2MB/4MB, paused 20us total 2.048ms
12-14 03:14:39.486  1718  1718 I art     : Explicit concurrent mark sweep GC freed 101(4KB) AllocSpace objects, 0(0B) LOS objects, 39% free, 2MB/4MB, paused 35us total 2.138ms
12-14 03:14:39.488  1717  1717 I art     : Explicit concurrent mark sweep GC freed 105(4KB) AllocSpace objects, 0(0B) LOS objects, 39% free, 2MB/4MB, paused 18us total 1.833ms
12-14 03:14:39.489  1718  1718 I art     : Explicit concurrent mark sweep GC freed 105(4KB) AllocSpace objects, 0(0B) LOS objects, 40% free, 2MB/4MB, paused 35us total 2.209ms
12-14 03:14:39.491  1717  1717 I art     : Explicit concurrent mark sweep GC freed 99(4KB) AllocSpace objects, 0(0B) LOS objects, 40% free, 2MB/4MB, paused 20us total 1.843ms
12-14 03:14:39.492  1718  1718 I art     : Explicit concurrent mark sweep GC freed 99(4KB) AllocSpace objects, 0(0B) LOS objects, 39% free, 2MB/4MB, paused 33us total 2.162ms
12-14 03:14:39.494  1717  1717 I art     : Explicit concurrent mark sweep GC freed 172(7KB) AllocSpace objects, 0(0B) LOS objects, 40% free, 2MB/4MB, paused 19us total 1.884ms
12-14 03:14:39.496  1718  1718 I art     : Explicit concurrent mark sweep GC freed 172(7KB) AllocSpace objects, 0(0B) LOS objects, 39% free, 2MB/4MB, paused 34us total 2.303ms
12-14 03:14:39.550  1717  1717 I art     : Explicit concurrent mark sweep GC freed 417(18KB) AllocSpace objects, 0(0B) LOS objects, 39% free, 3MB/5MB, paused 32us total 2.738ms
12-14 03:14:39.551  1718  1718 I art     : Explicit concurrent mark sweep GC freed 417(18KB) AllocSpace objects, 0(0B) LOS objects, 40% free, 3MB/5MB, paused 56us total 3.155ms
12-14 03:14:39.556  1717  1717 I art     : Explicit concurrent mark sweep GC freed 363(16KB) AllocSpace objects, 0(0B) LOS objects, 39% free, 3MB/5MB, paused 34us total 2.666ms
12-14 03:14:39.558  1718  1718 I art     : Explicit concurrent mark sweep GC freed 363(16KB) AllocSpace objects, 0(0B) LOS objects, 40% free, 3MB/5MB, paused 56us total 3.108ms
12-14 03:14:39.560  1717  1717 I art     : Explicit concurrent mark sweep GC freed 174(8KB) AllocSpace objects, 0(0B) LOS objects, 40% free, 3MB/5MB, paused 33us total 2.656ms
12-14 03:14:39.563  1718  1718 I art     : Explicit concurrent mark sweep GC freed 174(8KB) AllocSpace objects, 0(0B) LOS objects, 39% free, 3MB/5MB, paused 60us total 3.351ms
12-14 03:14:39.565  1717  1717 I art     : Explicit concurrent mark sweep GC freed 515(19KB) AllocSpace objects, 0(0B) LOS objects, 40% free, 3MB/5MB, paused 39us total 3.311ms
12-14 03:14:39.568  1718  1718 I art     : Explicit concurrent mark sweep GC freed 515(19KB) AllocSpace objects, 0(0B) LOS objects, 39% free, 3MB/5MB, paused 61us total 3.572ms
12-14 03:14:39.569  1717  1717 I art     : Explicit concurrent mark sweep GC freed 353(14KB) AllocSpace objects, 0(0B) LOS objects, 39% free, 3MB/5MB, paused 32us total 2.782ms
12-14 03:14:39.573  1718  1718 I art     : Explicit concurrent mark sweep GC freed 353(14KB) AllocSpace objects, 0(0B) LOS objects, 39% free, 3MB/5MB, paused 56us total 3.171ms
12-14 03:14:39.573  1717  1717 I art     : Explicit concurrent mark sweep GC freed 1153(40KB) AllocSpace objects, 0(0B) LOS objects, 39% free, 3MB/5MB, paused 32us total 2.785ms
12-14 03:14:39.577  1717  1717 I art     : Explicit concurrent mark sweep GC freed 1499(50KB) AllocSpace objects, 0(0B) LOS objects, 39% free, 3MB/5MB, paused 33us total 2.833ms
12-14 03:14:39.577  1718  1718 I art     : Explicit concurrent mark sweep GC freed 1153(40KB) AllocSpace objects, 0(0B) LOS objects, 39% free, 3MB/5MB, paused 71us total 3.264ms
12-14 03:14:39.580  1717  1717 I art     : Explicit concurrent mark sweep GC freed 1381(49KB) AllocSpace objects, 0(0B) LOS objects, 39% free, 3MB/5MB, paused 33us total 2.768ms
12-14 03:14:39.581  1718  1718 I art     : Explicit concurrent mark sweep GC freed 1499(50KB) AllocSpace objects, 0(0B) LOS objects, 39% free, 3MB/5MB, paused 53us total 3.230ms
12-14 03:14:39.584  1718  1718 I art     : Explicit concurrent mark sweep GC freed 1381(49KB) AllocSpace objects, 0(0B) LOS objects, 39% free, 3MB/5MB, paused 33us total 2.122ms
12-14 03:14:39.650  1718  1718 I art     : Explicit concurrent mark sweep GC freed 1453(56KB) AllocSpace objects, 0(0B) LOS objects, 39% free, 3MB/5MB, paused 38us total 3.908ms
12-14 03:14:39.656  1717  1717 I art     : Explicit concurrent mark sweep GC freed 1453(56KB) AllocSpace objects, 0(0B) LOS objects, 39% free, 3MB/5MB, paused 38us total 4.410ms
12-14 03:14:39.656  1718  1718 I art     : Explicit concurrent mark sweep GC freed 603(27KB) AllocSpace objects, 0(0B) LOS objects, 39% free, 3MB/5MB, paused 71us total 4.447ms
12-14 03:14:39.661  1717  1717 I art     : Explicit concurrent mark sweep GC freed 603(27KB) AllocSpace objects, 0(0B) LOS objects, 39% free, 3MB/5MB, paused 39us total 3.423ms
12-14 03:14:39.663  1718  1718 I art     : Explicit concurrent mark sweep GC freed 344(20KB) AllocSpace objects, 0(0B) LOS objects, 39% free, 3MB/6MB, paused 65us total 3.848ms
12-14 03:14:39.666  1717  1717 I art     : Explicit concurrent mark sweep GC freed 344(20KB) AllocSpace objects, 0(0B) LOS objects, 39% free, 3MB/6MB, paused 33us total 2.866ms
12-14 03:14:39.671  1718  1718 I art     : Explicit concurrent mark sweep GC freed 384(17KB) AllocSpace objects, 0(0B) LOS objects, 39% free, 3MB/6MB, paused 63us total 3.318ms
12-14 03:14:39.673  1718  1718 I Zygote  : ...preloaded 343 resources in 452ms.
12-14 03:14:39.674  1717  1717 I art     : Explicit concurrent mark sweep GC freed 384(17KB) AllocSpace objects, 0(0B) LOS objects, 39% free, 3MB/6MB, paused 35us total 2.965ms
12-14 03:14:39.675  1717  1717 I Zygote  : ...preloaded 343 resources in 481ms.
12-14 03:14:39.677  1718  1718 I art     : Explicit concurrent mark sweep GC freed 639(39KB) AllocSpace objects, 0(0B) LOS objects, 39% free, 3MB/6MB, paused 63us total 3.462ms
12-14 03:14:39.678  1717  1717 I art     : Explicit concurrent mark sweep GC freed 639(39KB) AllocSpace objects, 0(0B) LOS objects, 39% free, 3MB/6MB, paused 36us total 3.085ms
12-14 03:14:39.678  1718  1718 I Zygote  : ...preloaded 41 resources in 5ms.
12-14 03:14:39.678  1718  1718 I art     : Counter: 0
12-14 03:14:39.679  1717  1717 I Zygote  : ...preloaded 41 resources in 4ms.
12-14 03:14:39.679  1717  1717 I art     : Counter: 0
12-14 03:14:39.680  1717  1717 D libEGL  : loaded /system/lib64/egl/libGLES_mesa.so
12-14 03:14:39.688  1717  1717 I Zygote  : Preloading shared libraries...
12-14 03:14:39.873  1717  1717 D Zygote  : end preload
12-14 03:14:39.875  1717  1717 I art     : Explicit concurrent mark sweep GC freed 450(20KB) AllocSpace objects, 0(0B) LOS objects, 39% free, 3MB/6MB, paused 21us total 2.557ms
12-14 03:14:39.878  1717  1717 I art     : Explicit concurrent mark sweep GC freed 389(16KB) AllocSpace objects, 0(0B) LOS objects, 39% free, 3MB/6MB, paused 20us total 1.936ms
12-14 03:14:39.880  1717  1717 I art     : Explicit concurrent mark sweep GC freed 5(160B) AllocSpace objects, 0(0B) LOS objects, 39% free, 3MB/6MB, paused 20us total 1.863ms
12-14 03:14:39.882  1718  1718 D libEGL  : loaded /system/lib/egl/libGLES_mesa.so
12-14 03:14:39.901  1717  1717 I Zygote  : System server process 1983 has been created
12-14 03:14:39.902  1717  1717 I Zygote  : Accepting command socket connections
12-14 03:14:39.909  1718  1718 I Zygote  : Preloading shared libraries...
12-14 03:14:39.988  1718  1718 D Zygote  : end preload
12-14 03:14:39.991  1718  1718 I art     : Explicit concurrent mark sweep GC freed 450(20KB) AllocSpace objects, 0(0B) LOS objects, 39% free, 3MB/6MB, paused 36us total 2.862ms
12-14 03:14:39.993  1718  1718 I art     : Explicit concurrent mark sweep GC freed 389(16KB) AllocSpace objects, 0(0B) LOS objects, 39% free, 3MB/6MB, paused 35us total 2.143ms
12-14 03:14:39.996  1718  1718 I art     : Explicit concurrent mark sweep GC freed 5(160B) AllocSpace objects, 0(0B) LOS objects, 39% free, 3MB/6MB, paused 34us total 2.264ms
12-14 03:14:39.996  1718  1718 I Zygote  : Accepting command socket connections
12-14 03:14:40.004  1983  1983 I Zygote  : Process: zygote socket opened, supported ABIS: x86,armeabi-v7a,armeabi
12-14 03:14:40.094  1983  1983 I InstallerConnection: disconnecting...
12-14 03:14:40.330  1983  1983 I SystemServer: Entered the Android system server!
12-14 03:14:40.431  1983  1983 V Fingerprint-JNI: FingerprintManager JNI ready.
12-14 03:14:40.431  1983  1983 D SensorService: nuSensorService starting...
12-14 03:14:40.445  1983  1983 D KbdSensor: open_kbd_sensor: id=poll
12-14 03:14:40.445  1983  1983 D KbdSensor: SensorFd: module=0x7f36ce94f300 dev=0x7f36d0066680
12-14 03:14:40.517  1983  1983 I KbdSensor: Open AT Translated Set 2 keyboard ok, fd=19
12-14 03:14:40.517  1983  1983 D KbdSensor: SensorPollContext: dev=0x7f36d0066680 fd=19
12-14 03:14:40.517  1983  1983 D KbdSensor: poll_activate: dev=0x7f36d0066680 handle=0 enabled=0
12-14 03:14:40.517  1983  2005 D SensorService: new thread SensorEventAckReceiver
12-14 03:14:40.518  1983  2006 D SensorService: nuSensorService thread starting...
12-14 03:14:40.612  1983  1983 I SystemServiceManager: Starting com.android.server.pm.Installer
12-14 03:14:40.666  1983  1983 I Installer: Waiting for installd to be ready.
12-14 03:14:40.666  1983  1983 I InstallerConnection: connecting...
12-14 03:14:40.667  1715  1715 I installd: new connection
12-14 03:14:40.667  1983  1983 I SystemServiceManager: Starting com.android.server.am.ActivityManagerService$Lifecycle
12-14 03:14:40.769  1983  1983 I ActivityManager: Memory class: 192
12-14 03:14:40.913  1983  1983 I IntentFirewall: Read new rules (A:0 B:0 S:0)
12-14 03:14:40.948  1983  1983 D AppOps  : AppOpsService published
12-14 03:14:40.948  1983  1983 I SystemServiceManager: Starting com.android.server.power.PowerManagerService
12-14 03:14:41.029  1983  1983 I libsuspend: Selected early suspend
12-14 03:14:41.029  1983  1983 E libsuspend: Error accessing /sys/power/wait_for_fb_sleep: No such file or directory
12-14 03:14:41.052  1983  1983 I SystemServiceManager: Starting com.android.server.display.DisplayManagerService
12-14 03:14:41.058  1983  1983 I SystemServiceManager: Starting phase 100
12-14 03:14:41.059  1983  2013 I DisplayManagerService: Display device added: DisplayDeviceInfo{"Built-in Screen": uniqueId="local:0", 1920 x 1080, 60.000004 fps, supportedRefreshRates [60.000004], density 240, 128.0 x 130.0 dpi, appVsyncOff 0, presDeadline 17666666, touch INTERNAL, rotation 0, type BUILT_IN, state UNKNOWN, FLAG_DEFAULT_DISPLAY, FLAG_ROTATES_WITH_CONTENT, FLAG_SECURE, FLAG_SUPPORTS_PROTECTED_BUFFERS}
12-14 03:14:41.060  1983  1983 I SystemServer: Package Manager
12-14 03:14:41.192  1983  1983 W SystemConfig: No directory /system/etc/sysconfig, skipping
12-14 03:14:41.366  1983  1983 D SELinuxMMAC: Using policy file /system/etc/security/mac_permissions.xml
12-14 03:14:41.804  1983  1983 D PackageManager: No files in app dir /vendor/overlay
12-14 03:14:42.007  1983  1983 W PackageManager: Failed to parse /system/framework/x86: Missing base APK in /system/framework/x86
12-14 03:14:42.007  1983  1983 W PackageManager: Failed to parse /system/framework/x86_64: Missing base APK in /system/framework/x86_64
12-14 03:14:42.162  1983  2002 I art     : Background sticky concurrent mark sweep GC freed 24386(2MB) AllocSpace objects, 36(576KB) LOS objects, 43% free, 3MB/6MB, paused 201us total 113.357ms
12-14 03:14:42.221  1983  1983 W PackageParser: No actions in intent filter at /system/priv-app/Contacts/Contacts.apk Binary XML file line #356
12-14 03:14:42.362  1983  1983 W PackageParser: No actions in intent filter at /system/priv-app/Dialer/Dialer.apk Binary XML file line #166
12-14 03:14:42.673  1983  1983 W Resources: Converting to boolean: TypedValue{t=0x3/d=0x333f "true" a=2 r=0x7f120a3e}
12-14 03:14:43.896  1983  1983 W PackageParser: No actions in intent filter at /system/priv-app/SetupWizard/SetupWizard.apk Binary XML file line #170
12-14 03:14:43.896  1983  1983 W PackageParser: No actions in intent filter at /system/priv-app/SetupWizard/SetupWizard.apk Binary XML file line #347
12-14 03:14:44.118  1983  1983 W ResourceType: Failure getting entry for 0x7f08026f (t=7 e=623) (error -75)
12-14 03:14:44.165  1983  1983 W PackageParser: Unknown element under <intent-filter>: android at /system/priv-app/Telecom/Telecom.apk Binary XML file line #232
12-14 03:14:44.298  1983  1983 W PackageParser: No actions in intent filter at /system/app/AndroidTerm/AndroidTerm.apk Binary XML file line #149
12-14 03:14:44.372  1983  1983 W PackageParser: No actions in intent filter at /system/app/Bluetooth/Bluetooth.apk Binary XML file line #209
12-14 03:14:44.496  1983  1983 W PackageParser: No actions in intent filter at /system/app/CMFileManager/CMFileManager.apk Binary XML file line #166
12-14 03:14:45.145  1983  1983 W PackageParser: Unknown element under <application>: permission at /system/app/Gallery2/Gallery2.apk Binary XML file line #242
12-14 03:14:45.145  1983  1983 W PackageParser: Unknown element under <application>: permission at /system/app/Gallery2/Gallery2.apk Binary XML file line #245
12-14 03:14:46.510  1983  1983 D PackageManager: No files in app dir /system/vendor/app
12-14 03:14:46.510  1983  1983 D PackageManager: No files in app dir /oem/app
12-14 03:14:47.326  1983  1983 W PackageManager: Package org.mozilla.firefox has activity org.mozilla.firefox.App with priority > 0, forcing to 0
12-14 03:14:47.798  1983  1983 D PackageManager: No files in app dir /data/app-private
12-14 03:14:47.798  1983  1983 W PackageManager: Package com.google.android.gms desires unavailable shared library com.google.android.ble; ignoring!
12-14 03:14:47.798  1983  1983 I PackageManager: Adjusting ABI for : com.google.android.syncadapters.contacts to x86_64
12-14 03:14:47.798  1983  1983 I PackageManager: Adjusting ABI for : com.google.android.gsf to x86_64
12-14 03:14:47.798  1983  1983 I PackageManager: Adjusting ABI for : com.google.android.gsf.login to x86_64
12-14 03:14:47.798  1983  1983 I PackageManager: Adjusting ABI for : com.google.android.backuptransport to x86_64
12-14 03:14:47.798  1983  1983 I PackageManager: Adjusting ABI for : com.android.keychain to x86_64
12-14 03:14:47.798  1983  1983 I PackageManager: Adjusting ABI for : com.android.settings to x86_64
12-14 03:14:47.798  1983  1983 I PackageManager: Adjusting ABI for : com.android.location.fused to x86_64
12-14 03:14:47.798  1983  1983 I PackageManager: Adjusting ABI for : com.android.server.telecom to x86_64
12-14 03:14:47.798  1983  1983 I PackageManager: Adjusting ABI for : org.zeroxlab.util.tscal to x86_64
12-14 03:14:47.798  1983  1983 I PackageManager: Adjusting ABI for : com.android.providers.settings to x86_64
12-14 03:14:47.798  1983  1983 I PackageManager: Adjusting ABI for : com.android.inputdevices to x86_64
12-14 03:14:47.799  1983  1983 I PackageManager: Time to scan packages: 6.263 seconds
12-14 03:14:47.799  1983  1983 W PackageManager: Not granting permission android.permission.MANAGE_DOCUMENTS to package com.google.android.youtube (protectionLevel=2 flags=0x583e45)
12-14 03:14:47.799  1983  1983 W PackageManager: Unknown permission com.android.launcher.permission.READ_SETTINGS in package com.google.android.onetimeinitializer
12-14 03:14:47.799  1983  1983 W PackageManager: Unknown permission com.android.launcher.permission.WRITE_SETTINGS in package com.google.android.onetimeinitializer
12-14 03:14:47.799  1983  1983 W PackageManager: Unknown permission com.google.android.launcher.permission.READ_SETTINGS in package com.google.android.onetimeinitializer
12-14 03:14:47.799  1983  1983 W PackageManager: Unknown permission com.google.android.launcher.permission.WRITE_SETTINGS in package com.google.android.onetimeinitializer
12-14 03:14:47.799  1983  1983 W PackageManager: Not granting permission android.permission.GLOBAL_SEARCH to package com.android.quicksearchbox (protectionLevel=18 flags=0x8be45)
12-14 03:14:47.799  1983  1983 W PackageManager: Not granting permission android.permission.ACCESS_DOWNLOAD_MANAGER to package com.android.browser (protectionLevel=18 flags=0x9be45)
12-14 03:14:47.799  1983  1983 W PackageManager: Not granting permission android.permission.SEND_DOWNLOAD_COMPLETED_INTENTS to package com.android.browser (protectionLevel=2 flags=0x9be45)
12-14 03:14:47.799  1983  1983 W PackageManager: Not granting permission android.permission.SEND_DOWNLOAD_COMPLETED_INTENTS to package com.android.vending (protectionLevel=2 flags=0x400abe45)
12-14 03:14:47.799  1983  1983 W PackageManager: Unknown permission android.permission.SEND_SMS_NO_CONFIRMATION in package com.android.vending
12-14 03:14:47.799  1983  1983 W PackageManager: Unknown permission android.permission.USE_FINGERPRINT in package com.android.vending
12-14 03:14:47.799  1983  1983 W PackageManager: Unknown permission android.permission.GET_PACKAGE_IMPORTANCE in package com.android.vending
12-14 03:14:47.799  1983  1983 W PackageManager: Unknown permission android.permission.GET_ACCOUNTS_PRIVILEGED in package com.android.vending
12-14 03:14:47.799  1983  1983 W PackageManager: Unknown permission android.permission.INSTALL_GRANT_RUNTIME_PERMISSIONS in package com.android.vending
12-14 03:14:47.799  1983  1983 W PackageManager: Unknown permission android.permission.GRANT_RUNTIME_PERMISSIONS in package com.android.vending
12-14 03:14:47.799  1983  1983 W PackageManager: Unknown permission android.permission.REVOKE_RUNTIME_PERMISSIONS in package com.android.vending
12-14 03:14:47.799  1983  1983 W PackageManager: Not granting permission android.permission.BIND_WALLPAPER to package com.android.camera2 (protectionLevel=18 flags=0x58bc45)
12-14 03:14:47.799  1983  1983 W PackageManager: Unknown permission android.permission.INSTALL_DRM in package com.android.mms
12-14 03:14:47.799  1983  1983 W PackageManager: Not granting permission android.permission.BIND_APPWIDGET to package com.android.launcher3 (protectionLevel=18 flags=0x483e45)
12-14 03:14:47.799  1983  1983 W PackageManager: Unknown permission com.android.launcher.permission.READ_SETTINGS in package com.android.launcher3
12-14 03:14:47.799  1983  1983 W PackageManager: Unknown permission com.android.launcher.permission.WRITE_SETTINGS in package com.android.launcher3
12-14 03:14:47.799  1983  1983 W PackageManager: Unknown permission com.google.android.calendar.permission.READ_OOBE in package com.google.android.gm
12-14 03:14:47.799  1983  1983 W PackageManager: Unknown permission com.google.android.voicesearch.AUDIO_FILE_ACCESS in package com.google.android.gm
12-14 03:14:47.799  1983  1983 W PackageManager: Unknown permission com.google.android.email.permission.READ_ATTACHMENT in package com.google.android.gm
12-14 03:14:47.799  1983  1983 W PackageManager: Unknown permission com.google.android.email.permission.ACCESS_PROVIDER in package com.google.android.gm
12-14 03:14:47.799  1983  1983 W PackageManager: Unknown permission android.permission.READ_OWNER_DATA in package com.google.android.setupwizard
12-14 03:14:47.799  1983  1983 W PackageManager: Unknown permission android.permission.WRITE_OWNER_DATA in package com.google.android.setupwizard
12-14 03:14:47.799  1983  1983 W PackageManager: Unknown permission com.google.android.apps.now.OPT_IN_WIZARD in package com.google.android.setupwizard
12-14 03:14:47.799  1983  1983 W PackageManager: Unknown permission com.google.android.gms.permission.CONTACTS_SYNC_DELEGATION in package com.google.android.syncadapters.contacts
12-14 03:14:47.799  1983  1983 W PackageManager: Unknown permission com.chrome.permission.DEVICE_EXTRAS in package com.android.chrome
12-14 03:14:47.799  1983  1983 W PackageManager: Unknown permission com.sec.enterprise.knox.MDM_CONTENT_PROVIDER in package com.android.chrome
12-14 03:14:47.799  1983  1983 W PackageManager: Unknown permission android.permission.OBSERVE_GRANT_REVOKE_PERMISSIONS in package com.google.android.gms
12-14 03:14:47.799  1983  1983 W PackageManager: Unknown permission com.google.android.apps.enterprise.dmagent.permission.AutoSyncPermission in package com.google.android.gms
12-14 03:14:47.799  1983  1983 W PackageManager: Unknown permission com.google.android.googlequicksearchbox.permission.PAUSE_HOTWORD in package com.google.android.gms
12-14 03:14:47.799  1983  1983 W PackageManager: Unknown permission com.google.android.hangouts.START_HANGOUT in package com.google.android.gms
12-14 03:14:47.799  1983  1983 W PackageManager: Unknown permission com.google.android.wearable.READ_SETTINGS in package com.google.android.gms
12-14 03:14:47.799  1983  1983 W PackageManager: Unknown permission android.permission.INTENT_FILTER_VERIFICATION_AGENT in package com.google.android.gms
12-14 03:14:47.799  1983  1983 W PackageManager: Unknown permission android.permission.LOCAL_MAC_ADDRESS in package com.google.android.gms
12-14 03:14:47.799  1983  1983 W PackageManager: Unknown permission android.permission.CHANGE_DEVICE_IDLE_TEMP_WHITELIST in package com.google.android.gms
12-14 03:14:47.799  1983  1983 W PackageManager: Unknown permission android.permission.NOTIFY_PENDING_SYSTEM_UPDATE in package com.google.android.gms
12-14 03:14:47.799  1983  1983 W PackageManager: Unknown permission com.google.android.launcher.permission.RECEIVE_LAUNCH_BROADCASTS in package com.google.android.gms
12-14 03:14:47.799  1983  1983 W PackageManager: Not granting permission android.permission.MANAGE_DOCUMENTS to package com.google.android.gms (protectionLevel=2 flags=0xc0483e45)
12-14 03:14:47.799  1983  1983 W PackageManager: Unknown permission com.android.launcher.permission.PRELOAD_WORKSPACE in package com.google.android.partnersetup
12-14 03:14:47.799  1983  1983 W PackageManager: Not granting permission android.permission.DELETE_PACKAGES to package com.svox.pico (protectionLevel=18 flags=0x8be45)
12-14 03:14:47.799  1983  1983 W PackageManager: Unknown permission com.cyanogenmod.filemanager.permissions.READ_THEME in package com.cyanogenmod.filemanager
12-14 03:14:47.799  1983  1983 W PackageManager: Not granting permission android.permission.CONTROL_KEYGUARD to package com.google.android.gsf.login (protectionLevel=2 flags=0x4048be45)
12-14 03:14:47.799  1983  1983 W PackageManager: Unknown permission com.android.vending.billing.IBillingAccountService.BIND2 in package com.google.android.gsf.login
12-14 03:14:47.799  1983  1983 W PackageManager: Unknown permission com.android.launcher.permission.READ_SETTINGS in package com.android.settings
12-14 03:14:47.799  1983  1983 W PackageManager: Unknown permission com.android.launcher.permission.WRITE_SETTINGS in package com.android.settings
12-14 03:14:47.799  1983  1983 W PackageManager: Unknown permission com.android.smspush.WAPPUSH_MANAGER_BIND in package com.android.phone
12-14 03:14:47.799  1983  1983 W PackageManager: Not granting permission android.permission.DEVICE_POWER to package com.android.deskclock (protectionLevel=2 flags=0x48be45)
12-14 03:14:47.799  1983  1983 W PackageManager: Not granting permission android.permission.MOUNT_UNMOUNT_FILESYSTEMS to package com.baidu.netdisk (protectionLevel=18 flags=0x183e44)
12-14 03:14:47.799  1983  1983 W PackageManager: Unknown permission com.baidu.permission.SHARE in package com.baidu.netdisk
12-14 03:14:47.799  1983  1983 W PackageManager: Not granting permission android.permission.READ_LOGS to package com.baidu.netdisk (protectionLevel=50 flags=0x183e44)
12-14 03:14:47.799  1983  1983 W PackageManager: Not granting permission android.permission.SET_ACTIVITY_WATCHER to package com.baidu.netdisk (protectionLevel=2 flags=0x183e44)
12-14 03:14:47.799  1983  1983 W PackageManager: Not granting permission android.permission.ACCESS_DOWNLOAD_MANAGER to package com.baidu.netdisk (protectionLevel=18 flags=0x183e44)
12-14 03:14:47.799  1983  1983 W PackageManager: Unknown permission android.hardware.sensor.accelerometer in package com.baidu.netdisk
12-14 03:14:47.799  1983  1983 W PackageManager: Unknown permission com.android.launcher.permission.READ_SETTINGS in package com.baidu.netdisk
12-14 03:14:47.799  1983  1983 W PackageManager: Unknown permission com.android.launcher.permission.WRITE_SETTINGS in package com.baidu.netdisk
12-14 03:14:47.799  1983  1983 W PackageManager: Not granting permission android.permission.BROADCAST_PACKAGE_REMOVED to package com.baidu.netdisk (protectionLevel=2 flags=0x183e44)
12-14 03:14:47.799  1983  1983 W PackageManager: Unknown permission com.google.android.gallery3d.permission.GALLERY_PROVIDER in package com.android.bluetooth
12-14 03:14:47.986  1983  1983 I art     : Explicit concurrent mark sweep GC freed 3740(299KB) AllocSpace objects, 2(32KB) LOS objects, 33% free, 5MB/8MB, paused 266us total 5.761ms
12-14 03:14:47.987  1983  1983 I SystemServer: User Service
12-14 03:14:48.028  1688  1688 I lowmemorykiller: ActivityManager connected
12-14 03:14:48.028  1983  1983 I SystemServiceManager: Starting com.android.server.lights.LightsService
12-14 03:14:48.063  1983  1983 D lights  : Detect /sys/class/backlight/intel_backlight/max_brightness
12-14 03:14:48.063  1983  1983 D lights  : Detect /sys/class/backlight/intel_backlight/brightness
12-14 03:14:48.063  1983  1983 I SystemServiceManager: Starting com.android.server.BatteryService
12-14 03:14:48.065  1983  1983 I SystemServiceManager: Starting com.android.server.usage.UsageStatsService
12-14 03:14:48.184  1983  1983 I UsageStatsService: User[0] Rollover scheduled @ 2015-12-14 19:00:00(1450137600000)
12-14 03:14:48.185  1983  1983 I SystemServiceManager: Starting com.android.server.webkit.WebViewUpdateService
12-14 03:14:48.217  1983  1983 I SystemServer: Reading configuration...
12-14 03:14:48.217  1983  1983 I SystemServer: Scheduling Policy
12-14 03:14:48.217  1983  1983 I SystemServiceManager: Starting com.android.server.telecom.TelecomLoaderService
12-14 03:14:48.222  1983  1983 I SystemServer: Telephony Registry
12-14 03:14:48.252  1983  1983 I SystemServer: Entropy Mixer
12-14 03:14:48.252  1983  1983 I EntropyMixer: Writing entropy...
12-14 03:14:48.330  1983  1983 I SystemServer: Account Manager
12-14 03:14:48.368  1983  1983 I SystemServer: Content Manager
12-14 03:14:48.390  1983  1983 I SystemServer: System Content Providers
12-14 03:14:48.556  1983  1983 I SystemServer: Vibrator Service
12-14 03:14:48.556  1983  1983 I SystemServer: Consumer IR Service
12-14 03:14:48.556  1983  1983 E ConsumerIrService: Can't open consumer IR HW Module, error: -2
12-14 03:14:48.562  1983  1983 I SystemServiceManager: Starting com.android.server.AlarmManagerService
12-14 03:14:48.566  1983  1983 D AlarmManagerService: Kernel timezone updated to 300 minutes west of GMT
12-14 03:14:48.567  1983  1983 I SystemServer: Init Watchdog
12-14 03:14:48.567  1983  1983 I SystemServer: Input Manager
12-14 03:14:48.567  1983  1983 I InputManager: Initializing input manager, mUseDevInputEventForAudioJack=true
12-14 03:14:48.597  1714  1714 I AudioFlinger: Using module 1 has the primary audio interface
12-14 03:14:48.597  1714  2024 I AudioFlinger: AudioFlinger's thread 0xf58ce000 ready to run
12-14 03:14:48.598  1714  2025 I AudioFlinger: AudioFlinger's thread 0xf5964000 ready to run
12-14 03:14:48.607  1983  1983 I SystemServer: Window Manager
12-14 03:14:48.629  1714  1714 D BlueZ   : external/bluetooth/bluez/android/hal-audio.c:audio_open() 
12-14 03:14:48.629  1714  1714 D BlueZ   : external/bluetooth/bluez/android/hal-audio.c:audio_ipc_init() 
12-14 03:14:48.629  1714  2026 D BlueZ   : external/bluetooth/bluez/android/hal-audio.c:ipc_handler() 
12-14 03:14:48.629  1714  2026 D BlueZ   : external/bluetooth/bluez/android/hal-audio.c:ipc_handler() Waiting for connection ...
12-14 03:14:48.629  1714  1714 E BlueZ   : APTX: failed to open library libbt-aptx.so (dlopen failed: library "libbt-aptx.so" not found)
12-14 03:14:48.629  1714  1714 D BlueZ   : external/bluetooth/bluez/android/hal-audio.c:audio_init_check() 
12-14 03:14:48.629  1714  1714 D BlueZ   : external/bluetooth/bluez/android/hal-audio.c:audio_set_master_volume() 
12-14 03:14:48.629  1714  1714 D BlueZ   : external/bluetooth/bluez/android/hal-audio.c:set_master_mute() 
12-14 03:14:48.629  1714  1714 I AudioFlinger: loadHwModule() Loaded a2dp audio interface from A2DP Bluez HW HAL (audio) handle 4
12-14 03:14:48.641  1714  1714 I AudioFlinger: loadHwModule() Loaded usb audio interface from USB audio HW HAL (audio) handle 5
12-14 03:14:48.642  1714  1714 E SoundTriggerHwService: couldn't load sound trigger module sound_trigger.primary (No such file or directory)
12-14 03:14:48.739  1983  2013 I WindowManager: No existing display settings /data/system/display_settings.xml; starting empty
12-14 03:14:48.760  1691  1699 D PermissionCache: checking android.permission.ACCESS_SURFACE_FLINGER for uid=1000 => granted (10535 us)
12-14 03:14:48.913  1983  1983 I InputManager: Starting input manager
12-14 03:14:48.913  1983  1983 I SystemServer: Bluetooth Manager Service
12-14 03:14:48.952  1983  1983 D BluetoothManagerService: Loading stored name and address
12-14 03:14:48.952  1983  1983 D BluetoothManagerService: Stored bluetooth Name=CW37S            ,Address=2C:D0:5A:E8:89:31
12-14 03:14:48.952  1983  1983 I SystemServer: Input Method Service
12-14 03:14:48.965  1983  1983 W InputMethodManagerService: Couldn't create dir.: /data/system/inputmethod
12-14 03:14:49.032  1983  1983 I SystemServer: Accessibility Manager
12-14 03:14:49.044  1983  2029 D EventHub: No input device configuration file found for device 'Android Power Button'.
12-14 03:14:49.069  1983  2029 W EventHub: Unable to disable kernel key repeat for /dev/input/event14: Function not implemented
12-14 03:14:49.069  1983  2029 I EventHub: New device: id=1, fd=76, path='/dev/input/event14', name='Android Power Button', classes=0x1, configuration='', keyLayout='/system/usr/keylayout/Generic.kl', keyCharacterMap='/system/usr/keychars/Generic.kcm', builtinKeyboard=false, wakeMechanism=EPOLLWAKEUP, usingClockIoctl=true
12-14 03:14:49.069  1983  2029 I EventHub: ignoring event id /dev/input/event3 driver Power Button
12-14 03:14:49.073  1983  2029 D EventHub: No input device configuration file found for device 'Sleep Button'.
12-14 03:14:49.074  1983  2029 W EventHub: Unable to disable kernel key repeat for /dev/input/event1: Function not implemented
12-14 03:14:49.074  1983  2029 I EventHub: New device: id=2, fd=78, path='/dev/input/event1', name='Sleep Button', classes=0x1, configuration='', keyLayout='/system/usr/keylayout/Generic.kl', keyCharacterMap='/system/usr/keychars/Generic.kcm', builtinKeyboard=false, wakeMechanism=EPOLLWAKEUP, usingClockIoctl=true
12-14 03:14:49.074  1983  2029 D EventHub: No input device configuration file found for device 'Lid Switch'.
12-14 03:14:49.074  1983  2029 I EventHub: New device: id=3, fd=79, path='/dev/input/event2', name='Lid Switch', classes=0x80, configuration='', keyLayout='', keyCharacterMap='', builtinKeyboard=false, wakeMechanism=EPOLLWAKEUP, usingClockIoctl=true
12-14 03:14:49.074  1983  2029 I EventHub: ignoring event id /dev/input/event0 driver Power Button
12-14 03:14:49.079  1983  2029 D EventHub: No input device configuration file found for device 'Video Bus'.
12-14 03:14:49.080  1983  2029 W EventHub: Unable to disable kernel key repeat for /dev/input/event6: Function not implemented
12-14 03:14:49.080  1983  2029 I EventHub: New device: id=4, fd=80, path='/dev/input/event6', name='Video Bus', classes=0x1, configuration='', keyLayout='/system/usr/keylayout/Generic.kl', keyCharacterMap='/system/usr/keychars/Generic.kcm', builtinKeyboard=false, wakeMechanism=EPOLLWAKEUP, usingClockIoctl=true
12-14 03:14:49.080  1983  2029 D EventHub: No input device configuration file found for device 'Video Bus'.
12-14 03:14:49.081  1983  2029 W EventHub: Unable to disable kernel key repeat for /dev/input/event5: Function not implemented
12-14 03:14:49.081  1983  2029 I EventHub: New device: id=5, fd=81, path='/dev/input/event5', name='Video Bus', classes=0x1, configuration='', keyLayout='/system/usr/keylayout/Generic.kl', keyCharacterMap='/system/usr/keychars/Generic.kcm', builtinKeyboard=false, wakeMechanism=EPOLLWAKEUP, usingClockIoctl=true
12-14 03:14:49.081  1983  2029 D EventHub: No input device configuration file found for device 'PC Speaker'.
12-14 03:14:49.088  1983  2029 E EventHub: could not get driver version for /dev/input/mouse0, Not a typewriter
12-14 03:14:49.113  1983  1983 I ActivityManager: Config changes=1df8 {1.0 ?mcc?mnc en_US ?layoutDir sw720dp w1280dp h720dp 240dpi xlrg long land ?uimode ?night -touch -keyb/v/h -nav/h s.2}
12-14 03:14:49.125  1983  2029 I EventHub: New device: id=7, fd=82, path='/dev/input/event13', name='SynPS/2 Synaptics TouchPad', classes=0x14, configuration='/system/usr/idc/SynPS_2_Synaptics_TouchPad.idc', keyLayout='', keyCharacterMap='', builtinKeyboard=false, wakeMechanism=EPOLLWAKEUP, usingClockIoctl=true
12-14 03:14:49.125  1983  2029 D EventHub: No input device configuration file found for device 'AT Translated Set 2 keyboard'.
12-14 03:14:49.126  1983  2029 I EventHub: New device: id=8, fd=83, path='/dev/input/event4', name='AT Translated Set 2 keyboard', classes=0x3, configuration='', keyLayout='/system/usr/keylayout/Generic.kl', keyCharacterMap='/system/usr/keychars/Generic.kcm', builtinKeyboard=false, wakeMechanism=EPOLLWAKEUP, usingClockIoctl=true
12-14 03:14:49.126  1983  2029 E EventHub: could not get driver version for /dev/input/mice, Not a typewriter
12-14 03:14:49.131  1983  1983 I ActivityManager: Config changes=500 {1.0 ?mcc?mnc en_US ?layoutDir sw720dp w1280dp h646dp 240dpi lrg long land ?uimode ?night -touch -keyb/v/h -nav/h s.3}
12-14 03:14:49.131  1983  1983 I SystemServer: Mount Service
12-14 03:14:49.133  1983  2029 D EventHub: No input device configuration file found for device 'HDA Intel PCH Front Headphone'.
12-14 03:14:49.133  1983  2029 I EventHub: New device: id=9, fd=84, path='/dev/input/event8', name='HDA Intel PCH Front Headphone', classes=0x80, configuration='', keyLayout='', keyCharacterMap='', builtinKeyboard=false, wakeMechanism=EPOLLWAKEUP, usingClockIoctl=true
12-14 03:14:49.133  1983  2029 D EventHub: No input device configuration file found for device 'HDA Intel PCH Mic'.
12-14 03:14:49.133  1983  2029 I EventHub: New device: id=10, fd=85, path='/dev/input/event7', name='HDA Intel PCH Mic', classes=0x80, configuration='', keyLayout='', keyCharacterMap='', builtinKeyboard=false, wakeMechanism=EPOLLWAKEUP, usingClockIoctl=true
12-14 03:14:49.133  1983  2029 D EventHub: No input device configuration file found for device 'HDA Intel HDMI HDMI/DP,pcm=8'.
12-14 03:14:49.133  1983  2029 I EventHub: New device: id=11, fd=86, path='/dev/input/event11', name='HDA Intel HDMI HDMI/DP,pcm=8', classes=0x80, configuration='', keyLayout='', keyCharacterMap='', builtinKeyboard=false, wakeMechanism=EPOLLWAKEUP, usingClockIoctl=true
12-14 03:14:49.133  1983  2029 D EventHub: No input device configuration file found for device 'HDA Intel HDMI HDMI/DP,pcm=7'.
12-14 03:14:49.133  1983  2029 I EventHub: New device: id=12, fd=87, path='/dev/input/event10', name='HDA Intel HDMI HDMI/DP,pcm=7', classes=0x80, configuration='', keyLayout='', keyCharacterMap='', builtinKeyboard=false, wakeMechanism=EPOLLWAKEUP, usingClockIoctl=true
12-14 03:14:49.133  1983  2029 D EventHub: No input device configuration file found for device 'HDA Intel HDMI HDMI/DP,pcm=3'.
12-14 03:14:49.133  1983  2029 I EventHub: New device: id=13, fd=88, path='/dev/input/event9', name='HDA Intel HDMI HDMI/DP,pcm=3', classes=0x80, configuration='', keyLayout='', keyCharacterMap='', builtinKeyboard=false, wakeMechanism=EPOLLWAKEUP, usingClockIoctl=true
12-14 03:14:49.138  1983  1983 D MountService: got storage path: null description: Internal storage primary: true removable: false emulated: true mtpReserve: 100 allowMassStorage: false maxFileSize: 0
12-14 03:14:49.139  1983  1983 D MountService: addVolumeLocked() StorageVolume:
12-14 03:14:49.139  1983  1983 D MountService:     mStorageId=65537 mPath=/storage/emulated/0 mDescriptionId=17040805 
12-14 03:14:49.139  1983  1983 D MountService:     mPrimary=true mRemovable=false mEmulated=true mMtpReserveSpace=100 
12-14 03:14:49.139  1983  1983 D MountService:     mAllowMassStorage=false mMaxFileSize=0 mOwner=UserHandle{0} mUuid=null 
12-14 03:14:49.139  1983  1983 D MountService:     mUserLabel=null mState=null 
12-14 03:14:49.139  1983  1983 D MountService: got storage path: /storage/sdcard1 description: SD card primary: false removable: true emulated: false mtpReserve: 0 allowMassStorage: false maxFileSize: 4294967296
12-14 03:14:49.139  1983  1983 D MountService: addVolumeLocked() StorageVolume:
12-14 03:14:49.139  1983  1983 D MountService:     mStorageId=0 mPath=/storage/sdcard1 mDescriptionId=17040806 mPrimary=false 
12-14 03:14:49.139  1983  1983 D MountService:     mRemovable=true mEmulated=false mMtpReserveSpace=0 mAllowMassStorage=false 
12-14 03:14:49.139  1983  1983 D MountService:     mMaxFileSize=4294967296 mOwner=null mUuid=null mUserLabel=null mState=null 
12-14 03:14:49.139  1983  1983 D MountService: got storage path: /storage/usb0 description: USB storage primary: false removable: true emulated: false mtpReserve: 0 allowMassStorage: false maxFileSize: 4294967296
12-14 03:14:49.139  1983  1983 D MountService: addVolumeLocked() StorageVolume:
12-14 03:14:49.139  1983  1983 D MountService:     mStorageId=0 mPath=/storage/usb0 mDescriptionId=17040807 mPrimary=false 
12-14 03:14:49.139  1983  1983 D MountService:     mRemovable=true mEmulated=false mMtpReserveSpace=0 mAllowMassStorage=false 
12-14 03:14:49.139  1983  1983 D MountService:     mMaxFileSize=4294967296 mOwner=null mUuid=null mUserLabel=null mState=null 
12-14 03:14:49.139  1983  1983 D MountService: got storage path: /storage/usb1 description: USB storage primary: false removable: true emulated: false mtpReserve: 0 allowMassStorage: false maxFileSize: 4294967296
12-14 03:14:49.139  1983  1983 D MountService: addVolumeLocked() StorageVolume:
12-14 03:14:49.139  1983  1983 D MountService:     mStorageId=0 mPath=/storage/usb1 mDescriptionId=17040807 mPrimary=false 
12-14 03:14:49.139  1983  1983 D MountService:     mRemovable=true mEmulated=false mMtpReserveSpace=0 mAllowMassStorage=false 
12-14 03:14:49.139  1983  1983 D MountService:     mMaxFileSize=4294967296 mOwner=null mUuid=null mUserLabel=null mState=null 
12-14 03:14:49.139  1983  1983 D MountService: got storage path: /storage/usb2 description: USB storage primary: false removable: true emulated: false mtpReserve: 0 allowMassStorage: false maxFileSize: 4294967296
12-14 03:14:49.139  1983  1983 D MountService: addVolumeLocked() StorageVolume:
12-14 03:14:49.139  1983  1983 D MountService:     mStorageId=0 mPath=/storage/usb2 mDescriptionId=17040807 mPrimary=false 
12-14 03:14:49.139  1983  1983 D MountService:     mRemovable=true mEmulated=false mMtpReserveSpace=0 mAllowMassStorage=false 
12-14 03:14:49.139  1983  1983 D MountService:     mMaxFileSize=4294967296 mOwner=null mUuid=null mUserLabel=null mState=null 
12-14 03:14:49.139  1983  1983 D MountService: got storage path: /storage/usb3 description: USB storage primary: false removable: true emulated: false mtpReserve: 0 allowMassStorage: false maxFileSize: 4294967296
12-14 03:14:49.139  1983  1983 D MountService: addVolumeLocked() StorageVolume:
12-14 03:14:49.139  1983  1983 D MountService:     mStorageId=0 mPath=/storage/usb3 mDescriptionId=17040807 mPrimary=false 
12-14 03:14:49.139  1983  1983 D MountService:     mRemovable=true mEmulated=false mMtpReserveSpace=0 mAllowMassStorage=false 
12-14 03:14:49.139  1983  1983 D MountService:     mMaxFileSize=4294967296 mOwner=null mUuid=null mUserLabel=null mState=null 
12-14 03:14:49.140  1983  1983 I PackageManager: Running dexopt on: /system/app/VisualizationWallpapers/VisualizationWallpapers.apk pkg=com.android.musicvis isa=x86 vmSafeMode=false
12-14 03:14:49.140  1983  2032 W MountService: Duplicate state transition (unmounted -> unmounted) for /storage/usb0
12-14 03:14:49.140  1983  2032 D MountService: volume state changed for /storage/usb1 (unmounted -> removed)
12-14 03:14:49.140  1983  2032 D MountService: volume state changed for /storage/usb2 (unmounted -> removed)
12-14 03:14:49.140  1983  2032 D MountService: volume state changed for /storage/usb3 (unmounted -> removed)
12-14 03:14:49.271  1983  2029 I InputReader: Device added: id=-1, name='Virtual', sources=0x00000301
12-14 03:14:49.272  1983  2029 I InputReader: Device added: id=13, name='HDA Intel HDMI HDMI/DP,pcm=3', sources=0x80000000
12-14 03:14:49.272  1983  2029 I InputReader: Device added: id=12, name='HDA Intel HDMI HDMI/DP,pcm=7', sources=0x80000000
12-14 03:14:49.272  1983  2029 I InputReader: Device added: id=11, name='HDA Intel HDMI HDMI/DP,pcm=8', sources=0x80000000
12-14 03:14:49.272  1983  2029 I InputReader: Device added: id=10, name='HDA Intel PCH Mic', sources=0x80000000
12-14 03:14:49.272  1983  2029 I InputReader: Device added: id=9, name='HDA Intel PCH Front Headphone', sources=0x80000000
12-14 03:14:49.272  1983  2029 I InputReader: Device added: id=8, name='AT Translated Set 2 keyboard', sources=0x00000101
12-14 03:14:49.280  1983  2029 I InputReader:   Touch device 'SynPS/2 Synaptics TouchPad' could not query the properties of its associated display.  The device will be inoperable until the display size becomes available.
12-14 03:14:49.280  1983  2029 I InputReader: Device added: id=7, name='SynPS/2 Synaptics TouchPad', sources=0x00002002
12-14 03:14:49.280  1983  2029 I InputReader: Device added: id=5, name='Video Bus', sources=0x00000101
12-14 03:14:49.280  1983  2029 I InputReader: Device added: id=4, name='Video Bus', sources=0x00000101
12-14 03:14:49.280  1983  2029 I InputReader: Device added: id=3, name='Lid Switch', sources=0x80000000
12-14 03:14:49.280  1983  2029 I InputReader: Device added: id=2, name='Sleep Button', sources=0x00000101
12-14 03:14:49.280  1983  2029 I InputReader: Device added: id=1, name='Android Power Button', sources=0x00000101
12-14 03:14:49.280  1983  2029 I InputReader: Reconfiguring input devices.  changes=0x00000004
12-14 03:14:49.288  1983  2029 I InputReader: Device reconfigured: id=7, name='SynPS/2 Synaptics TouchPad', size 1920x1080, orientation 0, mode 4, display id 0
12-14 03:14:49.288  1983  2028 I ActivityManager: Config changes=30 {1.0 ?mcc?mnc en_US ?layoutDir sw720dp w1280dp h646dp 240dpi lrg long land ?uimode ?night -touch qwerty/v/v -nav/h s.4}
12-14 03:14:49.295  1983  2032 I PackageManager: No secure containers found
12-14 03:14:49.295  1983  2032 W PackageManager: Not granting permission android.permission.MANAGE_DOCUMENTS to package com.google.android.youtube (protectionLevel=2 flags=0x583e45)
12-14 03:14:49.295  1983  2032 W PackageManager: Unknown permission com.android.launcher.permission.READ_SETTINGS in package com.google.android.onetimeinitializer
12-14 03:14:49.295  1983  2032 W PackageManager: Unknown permission com.android.launcher.permission.WRITE_SETTINGS in package com.google.android.onetimeinitializer
12-14 03:14:49.295  1983  2032 W PackageManager: Unknown permission com.google.android.launcher.permission.READ_SETTINGS in package com.google.android.onetimeinitializer
12-14 03:14:49.295  1983  2032 W PackageManager: Unknown permission com.google.android.launcher.permission.WRITE_SETTINGS in package com.google.android.onetimeinitializer
12-14 03:14:49.295  1983  2032 W PackageManager: Not granting permission android.permission.GLOBAL_SEARCH to package com.android.quicksearchbox (protectionLevel=18 flags=0x8be45)
12-14 03:14:49.295  1983  2032 W PackageManager: Not granting permission android.permission.ACCESS_DOWNLOAD_MANAGER to package com.android.browser (protectionLevel=18 flags=0x9be45)
12-14 03:14:49.295  1983  2032 W PackageManager: Not granting permission android.permission.SEND_DOWNLOAD_COMPLETED_INTENTS to package com.android.browser (protectionLevel=2 flags=0x9be45)
12-14 03:14:49.295  1983  2032 W PackageManager: Not granting permission android.permission.SEND_DOWNLOAD_COMPLETED_INTENTS to package com.android.vending (protectionLevel=2 flags=0x400abe45)
12-14 03:14:49.295  1983  2032 W PackageManager: Unknown permission android.permission.SEND_SMS_NO_CONFIRMATION in package com.android.vending
12-14 03:14:49.295  1983  2032 W PackageManager: Unknown permission android.permission.USE_FINGERPRINT in package com.android.vending
12-14 03:14:49.295  1983  2032 W PackageManager: Unknown permission android.permission.GET_PACKAGE_IMPORTANCE in package com.android.vending
12-14 03:14:49.295  1983  2032 W PackageManager: Unknown permission android.permission.GET_ACCOUNTS_PRIVILEGED in package com.android.vending
12-14 03:14:49.295  1983  2032 W PackageManager: Unknown permission android.permission.INSTALL_GRANT_RUNTIME_PERMISSIONS in package com.android.vending
12-14 03:14:49.295  1983  2032 W PackageManager: Unknown permission android.permission.GRANT_RUNTIME_PERMISSIONS in package com.android.vending
12-14 03:14:49.295  1983  2032 W PackageManager: Unknown permission android.permission.REVOKE_RUNTIME_PERMISSIONS in package com.android.vending
12-14 03:14:49.295  1983  2032 W PackageManager: Not granting permission android.permission.BIND_WALLPAPER to package com.android.camera2 (protectionLevel=18 flags=0x58bc45)
12-14 03:14:49.295  1983  2032 W PackageManager: Unknown permission android.permission.INSTALL_DRM in package com.android.mms
12-14 03:14:49.295  1983  2032 W PackageManager: Not granting permission android.permission.BIND_APPWIDGET to package com.android.launcher3 (protectionLevel=18 flags=0x483e45)
12-14 03:14:49.295  1983  2032 W PackageManager: Unknown permission com.android.launcher.permission.READ_SETTINGS in package com.android.launcher3
12-14 03:14:49.295  1983  2032 W PackageManager: Unknown permission com.android.launcher.permission.WRITE_SETTINGS in package com.android.launcher3
12-14 03:14:49.295  1983  2032 W PackageManager: Unknown permission com.google.android.calendar.permission.READ_OOBE in package com.google.android.gm
12-14 03:14:49.295  1983  2032 W PackageManager: Unknown permission com.google.android.voicesearch.AUDIO_FILE_ACCESS in package com.google.android.gm
12-14 03:14:49.295  1983  2032 W PackageManager: Unknown permission com.google.android.email.permission.READ_ATTACHMENT in package com.google.android.gm
12-14 03:14:49.295  1983  2032 W PackageManager: Unknown permission com.google.android.email.permission.ACCESS_PROVIDER in package com.google.android.gm
12-14 03:14:49.295  1983  2032 W PackageManager: Unknown permission android.permission.READ_OWNER_DATA in package com.google.android.setupwizard
12-14 03:14:49.295  1983  2032 W PackageManager: Unknown permission android.permission.WRITE_OWNER_DATA in package com.google.android.setupwizard
12-14 03:14:49.295  1983  2032 W PackageManager: Unknown permission com.google.android.apps.now.OPT_IN_WIZARD in package com.google.android.setupwizard
12-14 03:14:49.295  1983  2032 W PackageManager: Unknown permission com.google.android.gms.permission.CONTACTS_SYNC_DELEGATION in package com.google.android.syncadapters.contacts
12-14 03:14:49.296  1983  2032 W PackageManager: Unknown permission com.chrome.permission.DEVICE_EXTRAS in package com.android.chrome
12-14 03:14:49.296  1983  2032 W PackageManager: Unknown permission com.sec.enterprise.knox.MDM_CONTENT_PROVIDER in package com.android.chrome
