12-14 15:47:23.480  2074  2165 D UsbHostManager: UsbInterface[mId=1,mAlternateSetting=2,mName=null,mClass=224,mSubclass=1,mProtocol=1,mEndpoints=[
12-14 15:47:23.480  2074  2165 D UsbHostManager: UsbEndpoint[mAddress=3,mAttributes=1,mMaxPacketSize=17,mInterval=1]
12-14 15:47:23.480  2074  2165 D UsbHostManager: UsbEndpoint[mAddress=131,mAttributes=1,mMaxPacketSize=17,mInterval=1]]
12-14 15:47:23.480  2074  2165 D UsbHostManager: UsbInterface[mId=1,mAlternateSetting=3,mName=null,mClass=224,mSubclass=1,mProtocol=1,mEndpoints=[
12-14 15:47:23.480  2074  2165 D UsbHostManager: UsbEndpoint[mAddress=3,mAttributes=1,mMaxPacketSize=25,mInterval=1]
12-14 15:47:23.480  2074  2165 D UsbHostManager: UsbEndpoint[mAddress=131,mAttributes=1,mMaxPacketSize=25,mInterval=1]]
12-14 15:47:23.480  2074  2165 D UsbHostManager: UsbInterface[mId=1,mAlternateSetting=4,mName=null,mClass=224,mSubclass=1,mProtocol=1,mEndpoints=[
12-14 15:47:23.480  2074  2165 D UsbHostManager: UsbEndpoint[mAddress=3,mAttributes=1,mMaxPacketSize=33,mInterval=1]
12-14 15:47:23.480  2074  2165 D UsbHostManager: UsbEndpoint[mAddress=131,mAttributes=1,mMaxPacketSize=33,mInterval=1]]
12-14 15:47:23.480  2074  2165 D UsbHostManager: UsbInterface[mId=1,mAlternateSetting=5,mName=null,mClass=224,mSubclass=1,mProtocol=1,mEndpoints=[
12-14 15:47:23.480  2074  2165 D UsbHostManager: UsbEndpoint[mAddress=3,mAttributes=1,mMaxPacketSize=49,mInterval=1]
12-14 15:47:23.480  2074  2165 D UsbHostManager: UsbEndpoint[mAddress=131,mAttributes=1,mMaxPacketSize=49,mInterval=1]]]]
12-14 15:47:23.480  2074  2165 W ContextImpl: Calling a method in the system process without a qualified user: android.app.ContextImpl.sendBroadcast:1327 com.android.server.usb.UsbSettingsManager.deviceAttached:741 com.android.server.usb.UsbHostManager.endUsbDeviceAdded:224 com.android.server.usb.UsbHostManager.monitorUsbHostBus:-2 com.android.server.usb.UsbHostManager.access$000:42 
12-14 15:47:23.482  2074  2117 I InputDispatcher: Dropped event because input dispatch is disabled.
12-14 15:47:23.484  2168  2168 V WebViewFactory: RelroFileCreator (64bit = false),  32-bit lib: /system/app/webview/lib/x86/libwebviewchromium.so, 64-bit lib: /system/app/webview/lib/x86_64/libwebviewchromium.so
12-14 15:47:23.495  2074  2074 I ActivityManager: Start proc 2190:WebViewLoader-x86_64/1037 [android.webkit.WebViewFactory$RelroFileCreator] for 
12-14 15:47:23.498  2190  2190 V WebViewFactory: RelroFileCreator (64bit = true),  32-bit lib: /system/app/webview/lib/x86/libwebviewchromium.so, 64-bit lib: /system/app/webview/lib/x86_64/libwebviewchromium.so
12-14 15:47:23.499  2168  2168 I art     : System.exit called, status: 0
12-14 15:47:23.499  2168  2168 I AndroidRuntime: VM exiting with result code 0, cleanup skipped.
12-14 15:47:23.510  2074  2074 I ActivityManager: Start proc 2213:com.android.systemui/u0a18 for service com.android.systemui/.SystemUIService
12-14 15:47:23.510  2074  2074 D NetworkManagementService: not enabling bandwidth control
12-14 15:47:23.510  2074  2120 E MountService: Boot-time mount failed (-1)
12-14 15:47:23.510  2074  2120 W MountService: Duplicate state transition (mounted -> mounted) for /storage/emulated/0
12-14 15:47:23.511  2074  2165 D UsbHostManager: Added device UsbDevice[mName=/dev/bus/usb/001/003,mVendorId=3034,mProductId=297,mClass=255,mSubclass=255,mProtocol=255,mManufacturerName=Generic,mProductName=USB2.0-CRW,mSerialNumber=20100201396000000,mConfigurations=[
12-14 15:47:23.511  2074  2165 D UsbHostManager: UsbConfiguration[mId=1,mName=CARD READER,mAttributes=160,mMaxPower=250,mInterfaces=[
12-14 15:47:23.511  2074  2165 D UsbHostManager: UsbInterface[mId=0,mAlternateSetting=0,mName=Bulk-In, Bulk-Out, Interface,mClass=255,mSubclass=6,mProtocol=80,mEndpoints=[
12-14 15:47:23.511  2074  2165 D UsbHostManager: UsbEndpoint[mAddress=1,mAttributes=2,mMaxPacketSize=512,mInterval=0]
12-14 15:47:23.511  2074  2165 D UsbHostManager: UsbEndpoint[mAddress=130,mAttributes=2,mMaxPacketSize=512,mInterval=0]
12-14 15:47:23.511  2074  2165 D UsbHostManager: UsbEndpoint[mAddress=131,mAttributes=3,mMaxPacketSize=3,mInterval=10]]]]
12-14 15:47:23.511  2074  2165 W ContextImpl: Calling a method in the system process without a qualified user: android.app.ContextImpl.sendBroadcast:1327 com.android.server.usb.UsbSettingsManager.deviceAttached:741 com.android.server.usb.UsbHostManager.endUsbDeviceAdded:224 com.android.server.usb.UsbHostManager.monitorUsbHostBus:-2 com.android.server.usb.UsbHostManager.access$000:42 
12-14 15:47:23.513  2074  2165 D UsbHostManager: Added device UsbDevice[mName=/dev/bus/usb/001/002,mVendorId=1133,mProductId=49242,mClass=0,mSubclass=0,mProtocol=0,mManufacturerName=Logitech,mProductName=USB Optical Mouse,mSerialNumber=null,mConfigurations=[
12-14 15:47:23.513  2074  2165 D UsbHostManager: UsbConfiguration[mId=1,mName=null,mAttributes=160,mMaxPower=50,mInterfaces=[
12-14 15:47:23.513  2074  2165 D UsbHostManager: UsbInterface[mId=0,mAlternateSetting=0,mName=null,mClass=3,mSubclass=1,mProtocol=2,mEndpoints=[
12-14 15:47:23.513  2074  2165 D UsbHostManager: UsbEndpoint[mAddress=129,mAttributes=3,mMaxPacketSize=4,mInterval=10]]]]
12-14 15:47:23.513  2074  2165 W ContextImpl: Calling a method in the system process without a qualified user: android.app.ContextImpl.sendBroadcast:1327 com.android.server.usb.UsbSettingsManager.deviceAttached:741 com.android.server.usb.UsbHostManager.endUsbDeviceAdded:224 com.android.server.usb.UsbHostManager.monitorUsbHostBus:-2 com.android.server.usb.UsbHostManager.access$000:42 
12-14 15:47:23.514  2213  2213 I ActivityThread: Switching default density from 160 to 240
12-14 15:47:23.523  2074  2074 W NetworkStats: bandwidth controls disabled, unable to track stats
12-14 15:47:23.523  2074  2074 W NetworkPolicy: bandwidth controls disabled, unable to enforce policy
12-14 15:47:23.524  2190  2190 I art     : System.exit called, status: 0
12-14 15:47:23.524  2190  2190 I AndroidRuntime: VM exiting with result code 0, cleanup skipped.
12-14 15:47:23.524  2235  2235 I wpa_supplicant: Successfully initialized wpa_supplicant
12-14 15:47:23.527  2213  2213 V SystemUIService: Starting SystemUI services.
12-14 15:47:23.527  2074  2074 D PermissionMonitor: Monitoring
12-14 15:47:23.528  2074  2074 D PermissionMonitor: Users: 1, Apps: 67
12-14 15:47:23.529  2074  2074 I SystemServiceManager: Starting phase 600
12-14 15:47:23.529  2074  2103 D BluetoothManagerService: Message: 20
12-14 15:47:23.529  2074  2103 D BluetoothManagerService: Added callback: android.bluetooth.BluetoothAdapter$1@f6c54d6:true
12-14 15:47:23.529  2074  2074 I BackupManagerService: Backup enabled => false
12-14 15:47:23.529  2074  2103 D BluetoothManagerService: Message: 30
12-14 15:47:23.529  2074  2149 D BluetoothManagerService: Trying to bind to profile: 1, while Bluetooth was disabled
12-14 15:47:23.529  2074  2074 I BackupManagerService: Opting out of backup
12-14 15:47:23.529  2074  2103 D BluetoothManagerService: Message: 30
12-14 15:47:23.530  2235  2235 I wpa_supplicant: rfkill: Cannot open RFKILL control device
12-14 15:47:23.544  2074  2099 I ActivityManager: Start proc 2251:com.tencent.mm/u0a64 for broadcast com.tencent.mm/.booter.BluetoothReceiver
12-14 15:47:23.546  2074  2074 E InputMethodManagerService: Ignoring setImeWindowStatus due to an invalid token. uid:1000 token:null
12-14 15:47:23.547  2074  2236 V FingerprintService: startListening(android.service.fingerprint.IFingerprintServiceReceiver$Stub$Proxy@2dbe051a)
12-14 15:47:23.550  1808  2279 E WVMExtractor: Failed to open libwvm.so: dlopen failed: library "libwvm.so" not found
12-14 15:47:23.552  1808  2131 D NuPlayerDriver: start(0xf502f1c0)
12-14 15:47:23.552  1808  2280 I GenericSource: start
12-14 15:47:23.553  1808  1808 D NuPlayerDriver: start(0xf584eca0)
12-14 15:47:23.553  1808  2276 I GenericSource: start
12-14 15:47:23.561  2074  2074 I ActivityManager: Start proc 2311:com.android.inputmethod.latin/u0a43 for service com.android.inputmethod.latin/.LatinIME
12-14 15:47:23.562  2074  2074 V InputMethodManagerService: Adding window token: android.os.Binder@2405e8d4
12-14 15:47:23.563  2251  2251 I ActivityThread: Switching default density from 160 to 240
12-14 15:47:23.564  2074  2074 D gps_serial: GPS dev open_gps
12-14 15:47:23.564  2074  2074 D gps_serial: GPS dev get_hardware_interface
12-14 15:47:23.565  2074  2074 D GpsLocationProvider: Reset GPS properties, previous size = 0
12-14 15:47:23.565  2074  2074 D GpsLocationProvider: GpsParamsResource: SUPL_HOST=supl.google.com
12-14 15:47:23.565  2074  2074 D GpsLocationProvider: GpsParamsResource: SUPL_PORT=7275
12-14 15:47:23.565  2074  2074 D GpsLocationProvider: GpsParamsResource: NTP_SERVER=north-america.pool.ntp.org
12-14 15:47:23.565  2074  2074 D GpsLocationProvider: GpsParamsResource: SUPL_VER=0x20000
12-14 15:47:23.565  2074  2074 D GpsLocationProvider: GpsParamsResource: SUPL_MODE=1
12-14 15:47:23.565  1808  2283 W OMXNodeInstance: [e:google.mpeg4.decoder] component does not support metadata mode; using fallback
12-14 15:47:23.565  2074  2074 D GpsLocationProvider: GPS properties reloaded, size = 8
12-14 15:47:23.565  2074  2074 E GpsLocationProvider: no AGPS interface in set_agps_server
12-14 15:47:23.566  1808  2283 W OMXNodeInstance: [f:google.h263.decoder] component does not support metadata mode; using fallback
12-14 15:47:23.566  2074  2074 E GpsLocationProvider: no GPS configuration interface in configuraiton_update
12-14 15:47:23.566  2074  2074 D GpsLocationProvider: final config = #Mon Dec 14 15:47:23 GMT+08:00 2015
12-14 15:47:23.566  2074  2074 D GpsLocationProvider: SUPL_VER=0x20000
12-14 15:47:23.566  2074  2074 D GpsLocationProvider: SUPL_HOST=supl.google.com
12-14 15:47:23.566  2074  2074 D GpsLocationProvider: XTRA_SERVER_3=http\://xtra3.gpsonextra.net/xtra.bin
12-14 15:47:23.566  2074  2074 D GpsLocationProvider: XTRA_SERVER_1=http\://xtra1.gpsonextra.net/xtra.bin
12-14 15:47:23.566  2074  2074 D GpsLocationProvider: SUPL_PORT=7275
12-14 15:47:23.566  2074  2074 D GpsLocationProvider: XTRA_SERVER_2=http\://xtra2.gpsonextra.net/xtra.bin
12-14 15:47:23.566  2074  2074 D GpsLocationProvider: NTP_SERVER=north-america.pool.ntp.org
12-14 15:47:23.566  2074  2074 D GpsLocationProvider: SUPL_MODE=1
12-14 15:47:23.566  2311  2311 I ActivityThread: Switching default density from 160 to 240
12-14 15:47:23.567  1808  2283 W OMXNodeInstance: [10:google.h264.decoder] component does not support metadata mode; using fallback
12-14 15:47:23.569  1808  2283 D SoftHEVC: Number of CPU cores: 8
12-14 15:47:23.569  1808  2283 D SoftHEVC: Initializing decoder
12-14 15:47:23.569  1808  2283 D SoftHEVC: Set number of cores to 4
12-14 15:47:23.569  1808  2283 D SoftHEVC: Ittiam decoder version number: @(#)Id:HEVCDEC_production Ver:04.01 Released by ITTIAM Build: Oct  6 2015 @ 23:17:19
12-14 15:47:23.569  1808  2283 W OMXNodeInstance: [11:google.hevc.decoder] component does not support metadata mode; using fallback
12-14 15:47:23.569  1808  2283 D SoftHEVC: Freeing codec memory
12-14 15:47:23.569  1808  2283 D SoftHEVC: Number of CPU cores: 8
12-14 15:47:23.569  1808  2283 D SoftHEVC: Initializing decoder
12-14 15:47:23.569  1808  2283 D SoftHEVC: Set number of cores to 4
12-14 15:47:23.569  1808  2283 D SoftHEVC: Ittiam decoder version number: @(#)Id:HEVCDEC_production Ver:04.01 Released by ITTIAM Build: Oct  6 2015 @ 23:17:19
12-14 15:47:23.569  1808  2283 D SoftHEVC: In SoftHEVC::~SoftHEVC
12-14 15:47:23.569  1808  2283 D SoftHEVC: Freeing codec memory
12-14 15:47:23.569  2074  2074 E FlpHardwareProvider: Error hw_get_module 'flp': -2
12-14 15:47:23.569  2074  2074 E LocationManagerService: FLP HAL not supported
12-14 15:47:23.570  2074  2074 E ActivityRecognitionHardware: Error hw_get_module: -2
12-14 15:47:23.570  2074  2074 E LocationManagerService: Hardware Activity-Recognition not supported.
12-14 15:47:23.570  2074  2098 D gps_serial: serial_gps_init
12-14 15:47:23.570  2074  2098 D gps_serial: gps_state_init
12-14 15:47:23.570  2074  2098 D gps_serial: no kernel-provided gps device name
12-14 15:47:23.570  2074  2098 W GpsLocationProvider: Failed to enable location provider
12-14 15:47:23.571  2074  2074 I CommonTimeManagementService: No common time service detected on this platform.  Common time services will be unavailable.
12-14 15:47:23.571  2074  2118 I InputReader: Reconfiguring input devices.  changes=0x00000020
12-14 15:47:23.571  2074  2074 I MmsServiceBroker: Delay connecting to MmsService until an API is called
12-14 15:47:23.571  2074  2074 W VoiceInteractionManagerService: no available voice interaction services found for user 0
12-14 15:47:23.571  2074  2074 W VoiceInteractionManagerService: no available voice recognition services found for user 0
12-14 15:47:23.571  1808  2283 W OMXNodeInstance: [12:google.vp8.decoder] component does not support metadata mode; using fallback
12-14 15:47:23.572  2074  2118 I InputReader: Reconfiguring input devices.  changes=0x00000010
12-14 15:47:23.572  1808  2283 W OMXNodeInstance: [13:google.vp9.decoder] component does not support metadata mode; using fallback
12-14 15:47:23.573  1808  2283 I SoftMPEG4Encoder: Construct SoftMPEG4Encoder
12-14 15:47:23.573  1808  2283 W ACodec  : do not know color format 0x7f000789 = 2130708361
12-14 15:47:23.575  1808  2283 I SoftAVCEncoder: Construct SoftAVCEncoder
12-14 15:47:23.575  1808  2283 W ACodec  : do not know color format 0x7f000789 = 2130708361
12-14 15:47:23.575  1808  2283 I SoftMPEG4Encoder: Construct SoftMPEG4Encoder
12-14 15:47:23.575  1808  2283 W ACodec  : do not know color format 0x7f000789 = 2130708361
12-14 15:47:23.577  1808  2283 W ACodec  : do not know color format 0x7f000789 = 2130708361
12-14 15:47:23.581  1808  1808 D NuPlayerDriver: reset(0xf584eca0)
12-14 15:47:23.581  1808  2276 D NuPlayerDriver: notifyResetComplete(0xf584eca0)
12-14 15:47:23.581  1808  2131 D NuPlayerDriver: reset(0xf502f1c0)
12-14 15:47:23.583  1808  2280 D NuPlayerDriver: notifyResetComplete(0xf502f1c0)
12-14 15:47:23.586  1808  2150 D NuPlayerDriver: start(0xf584edc0)
12-14 15:47:23.586  1808  2365 I GenericSource: start
12-14 15:47:23.586  2074  2074 I ActivityManager: Start proc 2367:com.android.phone/1001 for added application com.android.phone
12-14 15:47:23.588  2074  2074 I ActivityManager: START u0 {act=android.intent.action.MAIN cat=[android.intent.category.HOME] flg=0x10000000 cmp=com.android.launcher3/.Launcher} from uid 0 on display 0
12-14 15:47:23.589  1808  2151 D NuPlayerDriver: start(0xf502f340)
12-14 15:47:23.589  1808  2378 I GenericSource: start
12-14 15:47:23.589  2074  2074 V WindowManager: addAppToken: AppWindowToken{2a235fbc token=Token{c29ffaf ActivityRecord{e362b8e u0 com.android.launcher3/.Launcher t58}}} to stack=0 task=58 at 0
12-14 15:47:23.589  1808  2150 D NuPlayerDriver: reset(0xf584edc0)
12-14 15:47:23.590  1808  2365 D NuPlayerDriver: notifyResetComplete(0xf584edc0)
12-14 15:47:23.592  1808  2151 D NuPlayerDriver: reset(0xf502f340)
12-14 15:47:23.592  1808  2378 D NuPlayerDriver: notifyResetComplete(0xf502f340)
12-14 15:47:23.595  1808  1808 D NuPlayerDriver: start(0xf584eca0)
12-14 15:47:23.595  1808  2401 I GenericSource: start
12-14 15:47:23.595  2074  2286 W ActivityManager: getRunningAppProcesses: caller 10064 does not hold REAL_GET_TASKS; limiting output
12-14 15:47:23.596  1808  2131 D NuPlayerDriver: start(0xf502f1c0)
12-14 15:47:23.596  1808  2403 I GenericSource: start
12-14 15:47:23.598  1808  1808 D NuPlayerDriver: reset(0xf584eca0)
12-14 15:47:23.599  1808  2401 D NuPlayerDriver: notifyResetComplete(0xf584eca0)
12-14 15:47:23.599  1808  2131 D NuPlayerDriver: reset(0xf502f1c0)
12-14 15:47:23.599  1808  2403 D NuPlayerDriver: notifyResetComplete(0xf502f1c0)
12-14 15:47:23.602  1808  2150 D NuPlayerDriver: start(0xf584edc0)
12-14 15:47:23.602  1808  2416 I GenericSource: start
12-14 15:47:23.604  2074  2074 I ActivityManager: Start proc 2421:com.android.launcher3/u0a44 for activity com.android.launcher3/.Launcher
12-14 15:47:23.605  1808  2150 D NuPlayerDriver: reset(0xf584edc0)
12-14 15:47:23.605  1808  2416 D NuPlayerDriver: notifyResetComplete(0xf584edc0)
12-14 15:47:23.609  1808  2151 D NuPlayerDriver: start(0xf502f340)
12-14 15:47:23.609  1808  2443 I GenericSource: start
12-14 15:47:23.612  1808  2151 D NuPlayerDriver: reset(0xf502f340)
12-14 15:47:23.612  1808  2443 D NuPlayerDriver: notifyResetComplete(0xf502f340)
12-14 15:47:23.617  1808  1808 D NuPlayerDriver: start(0xf584eca0)
12-14 15:47:23.617  1808  2453 I GenericSource: start
12-14 15:47:23.619  2074  2098 I ActivityManager: Start proc 2460:com.android.printspooler/u0a53 for service com.android.printspooler/.model.PrintSpoolerService
12-14 15:47:23.620  1808  1808 D NuPlayerDriver: reset(0xf584eca0)
12-14 15:47:23.621  1808  2453 D NuPlayerDriver: notifyResetComplete(0xf584eca0)
12-14 15:47:23.621  2074  2074 I ActivityThread: Switching default density from 160 to 240
12-14 15:47:23.621  2074  2074 V ActivityManager: Display changed displayId=0
12-14 15:47:23.621  2074  2074 V ActivityManager: Display changed displayId=0
12-14 15:47:23.623  2074  2143 D WifiMonitor: startMonitoring(wlan0) with mConnected = false
12-14 15:47:23.623  2367  2367 I ActivityThread: Switching default density from 160 to 240
12-14 15:47:23.623  2074  2074 D WifiScanningService: SCAN_AVAILABLE : 1
12-14 15:47:23.623  2074  2074 D RttService: SCAN_AVAILABLE : 1
12-14 15:47:23.623  2074  2156 D WifiScanningService: DefaultState got{ when=0 what=160007 target=com.android.internal.util.StateMachine$SmHandler }
12-14 15:47:23.623  2074  2157 D RttService: DefaultState got{ when=0 what=160513 target=com.android.internal.util.StateMachine$SmHandler }
12-14 15:47:23.624  2074  2143 D WifiConfigStore: Loading config and enabling all networks 
12-14 15:47:23.625  2460  2460 I ActivityThread: Switching default density from 160 to 240
12-14 15:47:23.625  2074  2143 E WifiConfigStore: Error parsing configuration: java.io.FileNotFoundException: /data/misc/wifi/ipconfig.txt: open failed: ENOENT (No such file or directory)
12-14 15:47:23.625  2421  2421 I ActivityThread: Switching default density from 160 to 240
12-14 15:47:23.626  2074  2143 D WifiNative-HAL: Setting external_sim to 1
12-14 15:47:23.626  2074  2143 D WifiStateMachine: Setting OUI to DA-A1-19
12-14 15:47:23.626  2074  2143 I WifiNative-HAL: startHal
12-14 15:47:23.626  2074  2143 E wifi    : getStaticLongField sWifiHalHandle 0x7f178b8fe430
12-14 15:47:23.626  2074  2143 D wifi    : halHandle = 0x0, mVM = 0x7f17a187c300, mCls = 0x100d46
12-14 15:47:23.626  2074  2143 I WifiNative-HAL: Could not start hal
12-14 15:47:23.626  2074  2143 I WifiNative-HAL: startHal
12-14 15:47:23.626  2074  2143 E WifiStateMachine: cancelDelayedScan -> 1
12-14 15:47:23.627  2074  2143 E native  : do suspend false
12-14 15:47:23.635  2460  2460 I PrintSpoolerService: No existing print spooler state.
12-14 15:47:23.637  2074  2074 I Telecom : TelecomGlobals: TelecomGlobals initializing
12-14 15:47:23.639  2311  2311 I LatinIME: Hardware accelerated drawing: true
12-14 15:47:23.644  2421  2421 D Launcher.LauncherProvider: 11683562 - initializeMaxScreenId(): 4
12-14 15:47:23.655  2213  2213 W ResourceType: No package identifier when getting value for resource number 0x00000000
12-14 15:47:23.655  2213  2213 W PackageManager: Failure retrieving resources for com.android.browser: Resource ID #0x0
12-14 15:47:23.662  2074  2483 I ActivityManager: Start proc 2486:android.process.acore/u0a2 for content provider com.android.providers.contacts/.CallLogProvider
12-14 15:47:23.662  2074  2074 D BluetoothManagerService: Trying to bind to profile: 1, while Bluetooth was disabled
12-14 15:47:23.662  2421  2421 V Launcher: LauncherAppState inited
12-14 15:47:23.663  2074  2103 D BluetoothManagerService: Message: 30
12-14 15:47:23.663  2311  2311 W InputAttributes: No editor info for this field. Bug?
12-14 15:47:23.666  2074  2074 I Telecom : TelecomGlobals: CallsManager initialized
12-14 15:47:23.666  1811  1811 I art     : Explicit concurrent mark sweep GC freed 706(30KB) AllocSpace objects, 0(0B) LOS objects, 39% free, 1950KB/3MB, paused 23us total 3.767ms
12-14 15:47:23.666  2074  2074 W ContextImpl: Calling a method in the system process without a qualified user: android.app.ContextImpl.startService:1692 android.content.ContextWrapper.startService:516 com.android.server.telecom.BluetoothPhoneService.start:440 com.android.server.telecom.TelecomGlobals.initialize:93 com.android.server.telecom.TelecomService.onCreate:164 
12-14 15:47:23.667  2074  2074 D ZenLog  : downtime: Autotrigger skipped: not in downtime
12-14 15:47:23.667  2074  2074 D GpsNetInitiatedHandler: location enabled :true
12-14 15:47:23.667  2074  2074 V WiredAccessoryManager: notifyWiredAccessoryChanged: when=0 bits= mask=54
12-14 15:47:23.667  2074  2074 V WiredAccessoryManager: newName=h2w newState=0 headsetState=0 prev headsetState=0
12-14 15:47:23.667  2074  2074 E WiredAccessoryManager: No state change.
12-14 15:47:23.667  2074  2074 V WiredAccessoryManager: init()
12-14 15:47:23.667  2486  2486 I ActivityThread: Switching default density from 160 to 240
12-14 15:47:23.668  1811  1811 I art     : Explicit concurrent mark sweep GC freed 5(160B) AllocSpace objects, 0(0B) LOS objects, 39% free, 1950KB/3MB, paused 20us total 2.474ms
12-14 15:47:23.671  2421  2421 D Launcher.Model: Old launcher provider: content://com.android.launcher2.settings/favorites?notify=true
12-14 15:47:23.671  2421  2421 D Launcher.Model: Old launcher provider does not exist.
12-14 15:47:23.672  2213  2213 W ResourceType: No package identifier when getting value for resource number 0x00000000
12-14 15:47:23.672  2074  2074 W ResourcesManager: Asset path '/system/framework/com.google.android.media.effects.jar' does not exist or contains no resources.
12-14 15:47:23.672  2213  2213 W PackageManager: Failure retrieving resources for com.microsoft.office.word: Resource ID #0x0
12-14 15:47:23.673  1811  1811 I art     : Explicit concurrent mark sweep GC freed 5(160B) AllocSpace objects, 0(0B) LOS objects, 39% free, 1950KB/3MB, paused 34us total 3.279ms
12-14 15:47:23.674  2311  2511 I LatinIME:LogUtils: Dictionary info: dictionary = PersonalizationDictionary.en_US ; version = 1450079243 ; date = ?
12-14 15:47:23.674  2311  2513 I LatinIME:LogUtils: Dictionary info: dictionary = userunigram.en_US ; version = 1450079243 ; date = ?
12-14 15:47:23.674  2311  2510 I LatinIME:LogUtils: Dictionary info: dictionary = UserHistoryDictionary.en_US ; version = 1450094784 ; date = 1450098386
12-14 15:47:23.674  2311  2515 I LatinIME:LogUtils: Dictionary info: dictionary = contacts.en_US ; version = 1450079243 ; date = ?
12-14 15:47:23.674  2311  2516 I LatinIME:LogUtils: Dictionary info: dictionary = ContextualDictionary.en_US ; version = 1450079243 ; date = ?
12-14 15:47:23.677  2421  2421 W Launcher: setApplicationContext called twice! old=com.android.launcher3.LauncherApplication@1e3d79d9 new=com.android.launcher3.LauncherApplication@1e3d79d9
12-14 15:47:23.677  2251  2251 W         : Zip: didn't find signature at start of lfh, offset=21817497
12-14 15:47:23.677  2251  2251 W zipro   : Error iteration over /data/app/com.tencent.mm-1/base.apk: Invalid offset
12-14 15:47:23.683  2074  2103 D BluetoothManagerService: Message: 300
12-14 15:47:23.683  2074  2103 D BluetoothManagerService: MESSAGE_USER_SWITCHED
12-14 15:47:23.683  1797  2119 D PermissionCache: checking android.permission.HARDWARE_TEST for uid=1000 => granted (31 us)
12-14 15:47:23.683  1808  2131 D BlueZ   : external/bluetooth/bluez/android/hal-audio.c:audio_set_mic_mute() 
12-14 15:47:23.685  2213  2213 W ResourceType: No package identifier when getting value for resource number 0x00000000
12-14 15:47:23.685  2213  2213 W PackageManager: Failure retrieving resources for com.microsoft.office.powerpoint: Resource ID #0x0
12-14 15:47:23.686  2074  2074 V BackupManagerService: Connected to transport ComponentInfo{android/com.android.internal.backup.LocalTransportService}
12-14 15:47:23.686  2074  2074 V BackupManagerService: Registering transport android/com.android.internal.backup.LocalTransportService::android/com.android.internal.backup.LocalTransport = android.app.backup.BackupTransport$TransportImpl@1df2e8e3
12-14 15:47:23.687  2074  2074 D WifiScanningService: SCAN_AVAILABLE : 3
12-14 15:47:23.687  2074  2156 D WifiScanningService: DefaultState got{ when=0 what=160006 target=com.android.internal.util.StateMachine$SmHandler }
12-14 15:47:23.687  2074  2156 I WifiNative-HAL: startHal
12-14 15:47:23.687  2074  2156 E WifiScanningService: could not start HAL
12-14 15:47:23.687  2074  2074 D RttService: SCAN_AVAILABLE : 3
12-14 15:47:23.687  2074  2157 D RttService: DefaultState got{ when=0 what=160512 target=com.android.internal.util.StateMachine$SmHandler }
12-14 15:47:23.695  2213  2213 W ResourceType: No package identifier when getting value for resource number 0x00000000
12-14 15:47:23.695  2213  2213 W PackageManager: Failure retrieving resources for com.microsoft.office.excel: Resource ID #0x0
12-14 15:47:23.695  2074  2074 D BluetoothManagerService: Trying to bind to profile: 1, while Bluetooth was disabled
12-14 15:47:23.695  2074  2103 D BluetoothManagerService: Message: 30
12-14 15:47:23.697  2421  2421 W ResourceType: Attempt to retrieve bag 0x7f0d0008 which is invalid or in a cycle.
12-14 15:47:23.699  2311  2511 I LatinIME:LogUtils: Dictionary info: dictionary = PersonalizationDictionary.en_US ; version = 1450079243 ; date = ?
12-14 15:47:23.699  2311  2511 I LatinIME:LogUtils: Dictionary info: dictionary = PersonalizationDictionary.en_US ; version = 1450079243 ; date = ?
12-14 15:47:23.705  2311  2532 I LatinIME:LogUtils: Dictionary info: dictionary = main:en ; version = 47 ; date = 1402373178
12-14 15:47:23.706  2251  2251 E art     : dlopen("/data/data/com.tencent.mm/app_recover_lib/libstlport_shared.so", RTLD_LAZY) failed: dlopen failed: "/data/data/com.tencent.mm/app_recover_lib/libstlport_shared.so" is 32-bit instead of 64-bit
12-14 15:47:23.706  2367  2367 D TelephonyProvider: dbh.onOpen: ok, queried table=siminfo
12-14 15:47:23.706  2367  2367 D TelephonyProvider: dbh.onOpen: ok, queried table=carriers
12-14 15:47:23.712  2421  2508 D Launcher.Model: 11683562 - loadWorkspace()
12-14 15:47:23.712  2421  2508 D Launcher.Model: 11683562 -   loadedOldDb: false
12-14 15:47:23.713  2421  2508 W Launcher: setApplicationContext called twice! old=com.android.launcher3.LauncherApplication@1e3d79d9 new=com.android.launcher3.LauncherApplication@1e3d79d9
12-14 15:47:23.714  2213  2213 W ResourceType: No package identifier when getting value for resource number 0x00000000
12-14 15:47:23.714  2213  2213 W PackageManager: Failure retrieving resources for cn.wps.moffice_eng: Resource ID #0x0
12-14 15:47:23.715  2421  2539 D OpenGLRenderer: Use EGL_SWAP_BEHAVIOR_PRESERVED: true
12-14 15:47:23.718  2421  2421 I GRALLOC-DRM: create intel for driver i915
12-14 15:47:23.719  2421  2421 D Atlas   : Validating map...
12-14 15:47:23.719  2251  2251 E art     : dlopen("/data/data/com.tencent.mm/app_recover_lib/libstlport_shared.so", RTLD_LAZY) failed: dlopen failed: "/data/data/com.tencent.mm/app_recover_lib/libstlport_shared.so" is 32-bit instead of 64-bit
12-14 15:47:23.720  2251  2251 D AndroidRuntime: Shutting down VM
12-14 15:47:23.720  2074  2410 V WindowManager: Based on layer: Adding window Window{3715af2a u0 com.android.launcher3/com.android.launcher3.Launcher} at 0 of 2
12-14 15:47:23.721  2486  2524 I ContactLocale: AddressBook Labels [zh-CN]: [, A, B, C, D, E, F, G, H, I, J, K, L, M, N, O, P, Q, R, S, T, U, V, W, X, Y, Z, , , , , , , , , , , , , , , , , , , , , , , , , , , , , , , , , , , , , , , , , , , , , , , , , , , , , , , , , , , , , , , , , , , , , , , , , , , , , , , , , , , , , , , , , , , , , , , , , , , , , , , , , , , , , , , , , , , , , , , , , , , , , , , , , , , , , , , , , , , , , , , , , , , , , , , , , , , , , , , , , , , , , , , , , , , , , , , , , , , , , , , , , , , , #, ]
12-14 15:47:23.722  2074  2144 D WifiController: DEFERRED_TOGGLE handled
12-14 15:47:23.724  2213  2213 W ResourceType: No package identifier when getting value for resource number 0x00000000
12-14 15:47:23.724  2213  2213 W PackageManager: Failure retrieving resources for com.android.settings: Resource ID #0x0
12-14 15:47:23.734  2421  2508 D Launcher.Model: 11683562 - loadWorkspaceScreensDb()
12-14 15:47:23.734  2421  2508 D Launcher.Model: 11683562 -   screens: { 0: 3 }, { 1: 4 }
12-14 15:47:23.734  2421  2508 D Launcher.Model: 11683562 -   sBgWorkspaceScreens: 3, 4
12-14 15:47:23.736  2074  2287 I ActivityManager: Start proc 2544:com.tencent.mm:cuploader/u0a64 for service com.tencent.mm/.crash.CrashUploaderService
12-14 15:47:23.736  2074  2143 D WifiConfigStore: Loading config and enabling all networks 
12-14 15:47:23.736  2251  2251 I Process : Sending signal. PID: 2251 SIG: 9
12-14 15:47:23.736  2074  2098 D GpsLocationProvider: received SIM realted action: 
12-14 15:47:23.737  2074  2143 E WifiConfigStore: Error parsing configuration: java.io.FileNotFoundException: /data/misc/wifi/ipconfig.txt: open failed: ENOENT (No such file or directory)
12-14 15:47:23.738  2367  2557 E DcSwitchStateMachine-0: DctController is not ready
12-14 15:47:23.738  2074  2145 E ConnectivityService: Failed to find Messenger in unregisterNetworkFactory
12-14 15:47:23.739  2074  2145 D ConnectivityService: Got NetworkFactory Messenger for Telephony
12-14 15:47:23.740  2074  2098 D GpsLocationProvider: SIM MCC/MNC is still not available
12-14 15:47:23.742  2544  2544 I ActivityThread: Switching default density from 160 to 240
12-14 15:47:23.744  2213  2213 W ResourceType: No package identifier when getting value for resource number 0x00000000
12-14 15:47:23.744  2074  2095 W ActivityManager: getRunningAppProcesses: caller 10064 does not hold REAL_GET_TASKS; limiting output
12-14 15:47:23.744  2213  2213 W PackageManager: Failure retrieving resources for com.cyanogenmod.filemanager: Resource ID #0x0
12-14 15:47:23.745  2544  2544 W         : Zip: didn't find signature at start of lfh, offset=21817497
12-14 15:47:23.745  2544  2544 W zipro   : Error iteration over /data/app/com.tencent.mm-1/base.apk: Invalid offset
12-14 15:47:23.749  2421  2539 I EGL-DRI2: DRI2: found extension DRI_Core version 1
12-14 15:47:23.749  2421  2539 I EGL-DRI2: DRI2: found extension DRI_DRI2 version 4
12-14 15:47:23.754  2421  2539 I EGL-DRI2: DRI2: found extension DRI_TexBuffer version 3
12-14 15:47:23.754  2074  2103 D BluetoothManagerService: Message: 20
12-14 15:47:23.754  2421  2539 I EGL-DRI2: DRI2: found extension DRI2_Flush version 4
12-14 15:47:23.754  2421  2539 I EGL-DRI2: DRI2: found extension DRI_IMAGE version 11
12-14 15:47:23.754  2074  2103 D BluetoothManagerService: Added callback: android.bluetooth.IBluetoothManagerCallback$Stub$Proxy@2ab50801:true
12-14 15:47:23.754  2421  2539 I OpenGLRenderer: Initialized EGL, version 1.4
12-14 15:47:23.754  2421  2539 W OpenGLRenderer: Failed to choose config with EGL_SWAP_BEHAVIOR_PRESERVED, retrying without...
12-14 15:47:23.755  2421  2539 D OpenGLRenderer: Enabling debug mode 0
12-14 15:47:23.757  2074  2103 D BluetoothManagerService: Message: 30
12-14 15:47:23.758  2074  2094 D BluetoothManagerService: Trying to bind to profile: 1, while Bluetooth was disabled
12-14 15:47:23.758  2074  2094 I ActivityManager: Process com.tencent.mm (pid 2251) has died
12-14 15:47:23.773  2421  2421 D Launcher: 11683562 - bindAddScreens()
12-14 15:47:23.773  2421  2421 D Launcher: 11683562 -   orderedScreenIds: 3, 4
12-14 15:47:23.773  2421  2421 D Launcher.Workspace: 11683562 - insertNewWorkspaceScreen(): 3 at index: 0
12-14 15:47:23.775  2074  2099 I ActivityManager: Start proc 2577:com.google.android.gms.persistent/u0a7 for broadcast com.google.android.gms/com.google.android.location.internal.NlpNetworkProviderSettingsUpdateReceiver
12-14 15:47:23.776  2074  2104 I ActivityManager: Displayed com.android.launcher3/.Launcher: +186ms
12-14 15:47:23.776  2213  2213 D VolumeUI: Registering volume controller
12-14 15:47:23.776  2367  2367 I Telephony: TtyManager: updateUiTtyMode -1 -> 0
12-14 15:47:23.777  2421  2421 D Launcher.Workspace: 11683562 - insertNewWorkspaceScreen(): 4 at index: 1
12-14 15:47:23.777  2074  2074 D GpsLocationProvider: received SIM realted action: 
12-14 15:47:23.778  2074  2074 D GpsLocationProvider: SIM MCC/MNC is still not available
12-14 15:47:23.785  2213  2213 V KeyguardUpdateMonitor: action android.intent.action.SIM_STATE_CHANGED state: NOT_READY slotId: 0 subid: -2
12-14 15:47:23.786  2577  2577 I ActivityThread: Switching default density from 160 to 240
12-14 15:47:23.788  2577  2577 W ResourcesManager: Asset path '/system/framework/com.android.media.remotedisplay.jar' does not exist or contains no resources.
12-14 15:47:23.788  2577  2577 W ResourcesManager: Asset path '/system/framework/com.android.location.provider.jar' does not exist or contains no resources.
12-14 15:47:23.788  2074  2286 I StatusBarManagerService: registerStatusBar bar=com.android.internal.statusbar.IStatusBar$Stub$Proxy@14cd265c
12-14 15:47:23.792  2367  2367 D TelephonyDebugService: TelephonyDebugService()
12-14 15:47:23.794  2074  2144 D WifiService: New client listening to asynchronous messages
12-14 15:47:23.801  1809  1809 E installd: Unable to unlink boot marker at /data/dalvik-cache/arm64/.booting, error=No such file or directory
12-14 15:47:23.801  2074  2099 E ActivityManager: Unable to mark boot complete for abi: arm64-v8a
12-14 15:47:23.801  1809  1809 E installd: Unable to unlink boot marker at /data/dalvik-cache/arm/.booting, error=No such file or directory
12-14 15:47:23.801  2074  2099 E ActivityManager: Unable to mark boot complete for abi: armeabi-v7a
12-14 15:47:23.801  2074  2099 I SystemServiceManager: Starting phase 1000
12-14 15:47:23.805  2604  2604 I sh      : + hw_sh=/vendor/etc/init.sh 
12-14 15:47:23.805  2604  2604 I sh      : + '[' -e /vendor/etc/init.sh ']'
12-14 15:47:23.805  2604  2604 I sh      : + do_bootcomplete
12-14 15:47:23.805  2604  2604 I sh      : + init_cpu_governor
12-14 15:47:23.805  2604  2604 I sh      : + getprop cpu.governor
12-14 15:47:23.806  2604  2604 I sh      : + governor= 
12-14 15:47:23.806  2604  2604 I sh      : + '[' ']'
12-14 15:47:23.806  2604  2604 I sh      : + getprop persist.sys.root_access
12-14 15:47:23.808  2604  2604 I sh      : + '[' -z 3 ']'
12-14 15:47:23.808  2604  2604 I sh      : + getprop debug.mesa.driver
12-14 15:47:23.809  2604  2604 I sh      : + '['  '=' i965 ']'
12-14 15:47:23.809  2604  2604 I sh      : + lsmod
12-14 15:47:23.809  2604  2604 I sh      : + grep -e brcmfmac
12-14 15:47:23.809  2074  2452 I art     : Explicit concurrent mark sweep GC freed 16785(920KB) AllocSpace objects, 5(80KB) LOS objects, 33% free, 10MB/15MB, paused 596us total 14.955ms
12-14 15:47:23.811  2604  2604 I sh      : + grep '\[.*\]' /proc/asound/cards
12-14 15:47:23.811  2604  2604 I sh      : + awk '{print $1}'
12-14 15:47:23.812  2604  2604 I sh      : + cat /proc/asound/card0/id
12-14 15:47:23.812  2604  2604 I sh      : + f=/system/etc/alsa/HDMI.state 
12-14 15:47:23.812  2604  2604 I sh      : + '[' -e /system/etc/alsa/HDMI.state ']'
12-14 15:47:23.813  2604  2604 I sh      : + alsa_ctl init 0
12-14 15:47:23.818  2577  2577 I art     : Rejecting re-init on previously-failed class java.lang.Class<com.google.android.gms.common.h.c>
12-14 15:47:23.819  2577  2577 I art     : Rejecting re-init on previously-failed class java.lang.Class<com.google.android.gms.common.h.c>
12-14 15:47:23.821  2604  2604 I sh      : Found hardware: "HDA-Intel" "Intel Haswell HDMI" "HDA:80862807,80860101,00100000" "0x1462" "0x111d"
12-14 15:47:23.821  2604  2604 I sh      : Hardware is initialized using a generic method
12-14 15:47:23.821  2604  2604 I sh      : + alsa_amixer -c 0 set Master on
12-14 15:47:23.825  2604  2604 I sh      : amixer: Unable to find simple control 'Master',0
12-14 15:47:23.825  2604  2604 I sh      : + alsa_amixer -c 0 set Master 100%
12-14 15:47:23.826  2604  2604 I sh      : amixer: Unable to find simple control 'Master',0
12-14 15:47:23.827  2604  2604 I sh      : + alsa_amixer -c 0 set Headphone on
12-14 15:47:23.828  2604  2604 I sh      : amixer: Unable to find simple control 'Headphone',0
12-14 15:47:23.828  2604  2604 I sh      : + alsa_amixer -c 0 set Headphone 100%
12-14 15:47:23.831  2604  2604 I sh      : amixer: Unable to find simple control 'Headphone',0
12-14 15:47:23.831  2577  2577 I MultiDex: VM with version 2.1.0 has multidex support
12-14 15:47:23.831  2577  2577 I MultiDex: install
12-14 15:47:23.831  2577  2577 I MultiDex: VM has multidex support, MultiDex support library is disabled.
12-14 15:47:23.831  2604  2604 I sh      : + alsa_amixer -c 0 set Speaker 100%
12-14 15:47:23.835  2604  2604 I sh      : amixer: Unable to find simple control 'Speaker',0
12-14 15:47:23.835  2604  2604 I sh      : + alsa_amixer -c 0 set Capture 100%
12-14 15:47:23.837  2604  2604 I sh      : amixer: Unable to find simple control 'Capture',0
12-14 15:47:23.837  2604  2604 I sh      : + alsa_amixer -c 0 set Capture cap
12-14 15:47:23.838  2604  2604 I sh      : amixer: Unable to find simple control 'Capture',0
12-14 15:47:23.839  2604  2604 I sh      : + alsa_amixer -c 0 set PCM 100 unmute
12-14 15:47:23.841  2604  2604 I sh      : amixer: Unable to find simple control 'PCM',0
12-14 15:47:23.841  2604  2604 I sh      : + alsa_amixer -c 0 set 'Mic Boost' 3
12-14 15:47:23.842  2421  2508 W ResourceType: No package identifier when getting value for resource number 0x00000000
12-14 15:47:23.842  2421  2508 W ResourceType: No package identifier when getting value for resource number 0x00000000
12-14 15:47:23.842  2421  2508 W PackageManager: Failure retrieving resources for com.example.android.rssreader: Resource ID #0x0
12-14 15:47:23.842  2421  2508 W ResourceType: No package identifier when getting value for resource number 0x00000000
12-14 15:47:23.842  2421  2508 W PackageManager: Failure retrieving resources for com.example.android.rssreader: Resource ID #0x0
12-14 15:47:23.842  2604  2604 I sh      : amixer: Unable to find simple control 'Mic Boost',0
12-14 15:47:23.843  2604  2604 I sh      : + alsa_amixer -c 0 set 'Internal Mic Boost' 3
12-14 15:47:23.844  2604  2604 I sh      : amixer: Unable to find simple control 'Internal Mic Boost',0
12-14 15:47:23.844  2604  2604 I sh      : + cat /proc/asound/card1/id
12-14 15:47:23.845  2604  2604 I sh      : + f=/system/etc/alsa/PCH.state 
12-14 15:47:23.845  2604  2604 I sh      : + '[' -e /system/etc/alsa/PCH.state ']'
12-14 15:47:23.845  2604  2604 I sh      : + alsa_ctl init 1
12-14 15:47:23.847  2604  2604 I sh      : Found hardware: "HDA-Intel" "Realtek ALC892" "HDA:10ec0892,1462111d,00100302" "0x1462" "0x111d"
12-14 15:47:23.847  2604  2604 I sh      : Hardware is initialized using a generic method
12-14 15:47:23.854  2421  2421 W ResourcesManager: Asset path '/system/framework/com.google.android.media.effects.jar' does not exist or contains no resources.
12-14 15:47:23.999  2604  2604 I sh      : + alsa_amixer -c 1 set Master on
12-14 15:47:24.001  2604  2604 I sh      : Simple mixer control 'Master',0
12-14 15:47:24.001  2604  2604 I sh      :   Capabilities: pvolume pvolume-joined pswitch pswitch-joined penum
12-14 15:47:24.001  2604  2604 I sh      :   Playback channels: Mono
12-14 15:47:24.001  2604  2604 I sh      :   Limits: Playback 0 - 64
12-14 15:47:24.001  2604  2604 I sh      :   Mono: Playback 44 [69%] [-20.00dB] [on]
12-14 15:47:24.002  2604  2604 I sh      : + alsa_amixer -c 1 set Master 100%
12-14 15:47:24.003  2604  2604 I sh      : Simple mixer control 'Master',0
12-14 15:47:24.003  2604  2604 I sh      :   Capabilities: pvolume pvolume-joined pswitch pswitch-joined penum
12-14 15:47:24.003  2604  2604 I sh      :   Playback channels: Mono
12-14 15:47:24.003  2604  2604 I sh      :   Limits: Playback 0 - 64
12-14 15:47:24.003  2604  2604 I sh      :   Mono: Playback 64 [100%] [0.00dB] [on]
12-14 15:47:24.004  2604  2604 I sh      : + alsa_amixer -c 1 set Headphone on
12-14 15:47:24.005  2604  2604 I sh      : Simple mixer control 'Headphone',0
12-14 15:47:24.005  2604  2604 I sh      :   Capabilities: pvolume pswitch penum
12-14 15:47:24.005  2604  2604 I sh      :   Playback channels: Front Left - Front Right
12-14 15:47:24.005  2604  2604 I sh      :   Limits: Playback 0 - 64
12-14 15:47:24.005  2604  2604 I sh      :   Mono:
12-14 15:47:24.005  2604  2604 I sh      :   Front Left: Playback 64 [100%] [0.00dB] [on]
12-14 15:47:24.005  2604  2604 I sh      :   Front Right: Playback 64 [100%] [0.00dB] [on]
12-14 15:47:24.005  2604  2604 I sh      : + alsa_amixer -c 1 set Headphone 100%
12-14 15:47:24.007  2604  2604 I sh      : Simple mixer control 'Headphone',0
12-14 15:47:24.007  2604  2604 I sh      :   Capabilities: pvolume pswitch penum
12-14 15:47:24.007  2604  2604 I sh      :   Playback channels: Front Left - Front Right
12-14 15:47:24.007  2604  2604 I sh      :   Limits: Playback 0 - 64
12-14 15:47:24.007  2604  2604 I sh      :   Mono:
12-14 15:47:24.007  2604  2604 I sh      :   Front Left: Playback 64 [100%] [0.00dB] [on]
12-14 15:47:24.007  2604  2604 I sh      :   Front Right: Playback 64 [100%] [0.00dB] [on]
12-14 15:47:24.007  2604  2604 I sh      : + alsa_amixer -c 1 set Speaker 100%
12-14 15:47:24.009  2604  2604 I sh      : Simple mixer control 'Speaker',0
12-14 15:47:24.009  2604  2604 I sh      :   Capabilities: pvolume pswitch penum
12-14 15:47:24.009  2604  2604 I sh      :   Playback channels: Front Left - Front Right
12-14 15:47:24.009  2604  2604 I sh      :   Limits: Playback 0 - 64
12-14 15:47:24.009  2604  2604 I sh      :   Mono:
12-14 15:47:24.009  2604  2604 I sh      :   Front Left: Playback 64 [100%] [0.00dB] [on]
12-14 15:47:24.009  2604  2604 I sh      :   Front Right: Playback 64 [100%] [0.00dB] [on]
12-14 15:47:24.009  2604  2604 I sh      : + alsa_amixer -c 1 set Capture 100%
12-14 15:47:24.011  2604  2604 I sh      : Simple mixer control 'Capture',0
12-14 15:47:24.011  2604  2604 I sh      :   Capabilities: cvolume cswitch penum
12-14 15:47:24.011  2604  2604 I sh      :   Capture channels: Front Left - Front Right
12-14 15:47:24.011  2604  2604 I sh      :   Limits: Capture 0 - 46
12-14 15:47:24.011  2604  2604 I sh      :   Front Left: Capture 46 [100%] [30.00dB] [on]
12-14 15:47:24.011  2604  2604 I sh      :   Front Right: Capture 46 [100%] [30.00dB] [on]
12-14 15:47:24.011  2604  2604 I sh      : + alsa_amixer -c 1 set Capture cap
12-14 15:47:24.013  2604  2604 I sh      : Simple mixer control 'Capture',0
12-14 15:47:24.013  2604  2604 I sh      :   Capabilities: cvolume cswitch penum
12-14 15:47:24.013  2604  2604 I sh      :   Capture channels: Front Left - Front Right
12-14 15:47:24.013  2604  2604 I sh      :   Limits: Capture 0 - 46
12-14 15:47:24.013  2604  2604 I sh      :   Front Left: Capture 46 [100%] [30.00dB] [on]
12-14 15:47:24.013  2604  2604 I sh      :   Front Right: Capture 46 [100%] [30.00dB] [on]
12-14 15:47:24.013  2604  2604 I sh      : + alsa_amixer -c 1 set PCM 100 unmute
12-14 15:47:24.015  2604  2604 I sh      : amixer: Unable to find simple control 'PCM',0
12-14 15:47:24.015  2604  2604 I sh      : + alsa_amixer -c 1 set 'Mic Boost' 3
12-14 15:47:24.017  2604  2604 I sh      : Simple mixer control 'Mic Boost',0
12-14 15:47:24.017  2604  2604 I sh      :   Capabilities: volume penum
12-14 15:47:24.017  2604  2604 I sh      :   Playback channels: Front Left - Front Right
12-14 15:47:24.017  2604  2604 I sh      :   Capture channels: Front Left - Front Right
12-14 15:47:24.017  2604  2604 I sh      :   Limits: 0 - 3
12-14 15:47:24.017  2604  2604 I sh      :   Front Left: 3 [100%] [30.00dB]
12-14 15:47:24.017  2604  2604 I sh      :   Front Right: 3 [100%] [30.00dB]
12-14 15:47:24.017  2604  2604 I sh      : + alsa_amixer -c 1 set 'Internal Mic Boost' 3
12-14 15:47:24.018  2604  2604 I sh      : amixer: Unable to find simple control 'Internal Mic Boost',0
12-14 15:47:24.019  2604  2604 I sh      : + return 0
12-14 15:47:24.019  2074  2452 W art     : Long monitor contention event with owner method=void com.android.server.am.ActivityManagerService.finishBooting() from ActivityManagerService.java:6199 waiters=0 for 210ms
12-14 15:47:24.019  2074  2236 W art     : Long monitor contention event with owner method=void com.android.server.am.ActivityManagerService.finishBooting() from ActivityManagerService.java:6199 waiters=1 for 210ms
12-14 15:47:24.019  2074  2286 W art     : Long monitor contention event with owner method=void com.android.server.am.ActivityManagerService.finishBooting() from ActivityManagerService.java:6199 waiters=2 for 176ms
12-14 15:47:24.020  2074  2099 V KeyguardServiceDelegate: *** Keyguard started
12-14 15:47:24.020  2074  2099 W KeyguardServiceDelegate: onScreenTurnedOn(): no keyguard service!
12-14 15:47:24.020  2074  2099 D KbdSensor: poll_activate: dev=0x7f17a1866680 handle=0 enabled=1
12-14 15:47:24.020  2074  2099 D KbdSensor: poll_setDelay: dev=0x7f17a1866680 delay-ns=66667000
12-14 15:47:24.025  2367  2367 I Telephony: PstnIncomingCallNotifier: Registering: Handler (com.android.internal.telephony.gsm.GSMPhone) {3a72b8e0}
12-14 15:47:24.040  2074  2452 I ActivityManager: Start proc 2642:com.google.process.gapps/u0a7 for content provider com.google.android.gsf/.gservices.GservicesProvider
12-14 15:47:24.044  2642  2642 I ActivityThread: Switching default density from 160 to 240
12-14 15:47:24.050  2642  2642 I GservicesProvider: Gservices pushing to system: true; secure/global: true
12-14 15:47:24.060  2074  2144 D WifiService: New client listening to asynchronous messages
12-14 15:47:24.062  2074  2103 D BluetoothManagerService: Message: 20
12-14 15:47:24.062  2074  2103 D BluetoothManagerService: Added callback: android.bluetooth.IBluetoothManagerCallback$Stub$Proxy@b4326cb:true
12-14 15:47:24.063  2213  2213 D BluetoothAdapter: 790002244: getState() :  mService = null. Returning STATE_OFF
12-14 15:47:24.063  2213  2664 D BluetoothAdapter: 790002244: getState() :  mService = null. Returning STATE_OFF
12-14 15:47:24.063  2074  2103 D BluetoothManagerService: Message: 30
12-14 15:47:24.063  2074  2103 D BluetoothManagerService: Message: 30
12-14 15:47:24.063  2213  2213 E BluetoothA2dpSink: Could not bind to Bluetooth A2DP Service with Intent { act=android.bluetooth.IBluetoothA2dpSink }
12-14 15:47:24.063  2074  2103 D BluetoothManagerService: Message: 30
12-14 15:47:24.063  2213  2213 E BluetoothAvrcpController: Could not bind to Bluetooth AVRCP Controller Service with Intent { act=android.bluetooth.IBluetoothAvrcpController }
12-14 15:47:24.064  2074  2103 D BluetoothManagerService: Message: 30
12-14 15:47:24.064  2074  2287 D BluetoothManagerService: Trying to bind to profile: 1, while Bluetooth was disabled
12-14 15:47:24.064  2074  2103 D BluetoothManagerService: Message: 30
12-14 15:47:24.064  2213  2213 E BluetoothHeadsetClient: Could not bind to Bluetooth Headset Client Service with Intent { act=android.bluetooth.IBluetoothHeadsetClient }
12-14 15:47:24.064  2074  2103 D BluetoothManagerService: Message: 30
12-14 15:47:24.065  2213  2213 D BluetoothMap: Create BluetoothMap proxy object
12-14 15:47:24.065  2074  2103 D BluetoothManagerService: Message: 30
12-14 15:47:24.066  2074  2103 D BluetoothManagerService: Message: 30
12-14 15:47:24.067  2074  2095 D ConnectivityService: listenForNetwork for NetworkRequest [ id=2, legacyType=-1, [] ]
12-14 15:47:24.069  2213  2213 I CameraManagerGlobal: getCameraService: Reconnecting to camera service
12-14 15:47:24.071  2577  2577 V JNIHelp : Registering com/google/android/gms/org/conscrypt/NativeCrypto's 240 native methods...
12-14 15:47:24.075  2213  2672 D BluetoothAdapter: 790002244: getState() :  mService = null. Returning STATE_OFF
12-14 15:47:24.075  2213  2672 D BluetoothAdapter: 790002244: getState() :  mService = null. Returning STATE_OFF
12-14 15:47:24.075  2213  2672 D BluetoothAdapter: 790002244: getState() :  mService = null. Returning STATE_OFF
12-14 15:47:24.075  2213  2672 D BluetoothAdapter: 790002244: getState() :  mService = null. Returning STATE_OFF
12-14 15:47:24.077  2213  2675 D OpenGLRenderer: Use EGL_SWAP_BEHAVIOR_PRESERVED: true
12-14 15:47:24.077  2213  2213 I GRALLOC-DRM: create intel for driver i915
12-14 15:47:24.077  2213  2213 D Atlas   : Validating map...
12-14 15:47:24.078  2213  2213 D PhoneStatusBar: disable: < expand icons alerts system_info back home recent clock search >
12-14 15:47:24.081  2213  2213 D BluetoothAdapter: 790002244: getState() :  mService = null. Returning STATE_OFF
12-14 15:47:24.081  2213  2213 D BluetoothAdapter: 790002244: getState() :  mService = null. Returning STATE_OFF
12-14 15:47:24.083  2213  2213 D PhoneStatusBar: heads up is enabled
12-14 15:47:24.084  2213  2213 D ViewRootImpl: changeCanvasOpacity: opaque=true
12-14 15:47:24.085  2577  2577 I ProviderInstaller: Installed default security provider GmsCore_OpenSSL
12-14 15:47:24.094  2577  2676 D NativeLibraryUtils: Install completed successfully. count=0 extracted=0
12-14 15:47:24.100  2213  2675 I EGL-DRI2: DRI2: found extension DRI_Core version 1
12-14 15:47:24.100  2213  2675 I EGL-DRI2: DRI2: found extension DRI_DRI2 version 4
12-14 15:47:24.103  2213  2675 I EGL-DRI2: DRI2: found extension DRI_TexBuffer version 3
12-14 15:47:24.103  2213  2675 I EGL-DRI2: DRI2: found extension DRI2_Flush version 4
12-14 15:47:24.103  2213  2675 I EGL-DRI2: DRI2: found extension DRI_IMAGE version 11
12-14 15:47:24.103  2213  2675 I OpenGLRenderer: Initialized EGL, version 1.4
12-14 15:47:24.103  2213  2675 W OpenGLRenderer: Failed to choose config with EGL_SWAP_BEHAVIOR_PRESERVED, retrying without...
12-14 15:47:24.104  2213  2675 D OpenGLRenderer: Enabling debug mode 0
