12-14 15:47:27.984  2074  2145 D ConnectivityService: notifyType IP_CHANGED for NetworkAgentInfo [WIFI () - 100]
12-14 15:47:27.984  2074  2145 D ConnectivityService: notifyType PRECHECK for NetworkAgentInfo [WIFI () - 100]
12-14 15:47:27.985  2074  2145 D ConnectivityService: rematching NetworkAgentInfo [WIFI () - 100]
12-14 15:47:27.985  2074  2145 D ConnectivityService:    accepting network in place of null
12-14 15:47:27.985  2074  3561 D NetworkMonitor/NetworkAgentInfo [WIFI () - 100]: DefaultState{ when=0 what=532481 target=com.android.internal.util.StateMachine$SmHandler }
12-14 15:47:27.985  2074  3561 D NetworkMonitor/NetworkAgentInfo [WIFI () - 100]: Connected
12-14 15:47:27.985  2074  3561 D NetworkMonitor/NetworkAgentInfo [WIFI () - 100]: EvaluatingState{ when=0 what=532486 arg1=1 target=com.android.internal.util.StateMachine$SmHandler }
12-14 15:47:27.985  2074  3561 D NetworkMonitor/NetworkAgentInfo [WIFI () - 100]: Checking http://connectivitycheck.android.com/generate_204 on "OS-4308A"
12-14 15:47:27.985  2074  2145 D ConnectivityService: Switching to new default network: NetworkAgentInfo{ ni{[type: WIFI[], state: CONNECTED/CONNECTED, reason: (unspecified), extra: "OS-4308A", roaming: false, failover: false, isAvailable: true, isConnectedToProvisioningNetwork: false]}  network{100}  lp{{InterfaceName: wlan0 LinkAddresses: [fe80::eab1:fcff:fea6:4802/64,192.168.1.65/24,]  Routes: [fe80::/64 -> :: wlan0,192.168.1.0/24 -> 0.0.0.0 wlan0,0.0.0.0/0 -> 192.168.1.1 wlan0,] DnsAddresses: [166.111.8.28,166.111.8.29,] Domains:  MTU: 0 TcpBufferSizes: 524288,1048576,2097152,262144,524288,1048576}}  nc{[ Transports: WIFI Capabilities: INTERNET&NOT_RESTRICTED&TRUSTED&NOT_VPN LinkUpBandwidth>=1048576Kbps LinkDnBandwidth>=1048576Kbps]}  Score{17}  everValidated{false}  lastValidated{false}  created{true}  explicitlySelected{false} }
12-14 15:47:27.985  2074  2145 D ConnectivityService: Setting tx/rx TCP buffers to 524288,1048576,2097152,262144,524288,1048576
12-14 15:47:27.989  3856  3856 I sh      : + hw_sh=/vendor/etc/init.sh 
12-14 15:47:27.989  3856  3856 I sh      : + '[' -e /vendor/etc/init.sh ']'
12-14 15:47:27.989  3856  3856 I sh      : + '[' -n 2 ']'
12-14 15:47:27.989  3856  3856 I sh      : + do_netconsole
12-14 15:47:27.989  3856  3856 I sh      : + getprop dhcp.eth0.gateway
12-14 15:47:27.990  3856  3856 I sh      : + modprobe netconsole 'netconsole=@/,@/'
12-14 15:47:27.991  2074  2287 W ActivityManager: getRunningAppProcesses: caller 10047 does not hold REAL_GET_TASKS; limiting output
12-14 15:47:27.991  3829  3829 I MusicStore: Database version: 121
12-14 15:47:28.012  1796  1832 E Vold    : Failed to find mounted volume for /storage/usb0/Android/data/com.google.android.music/files/
12-14 15:47:28.013  3829  3829 W ContextImpl: Failed to ensure directory: /storage/usb0/Android/data/com.google.android.music/files
12-14 15:47:28.013  1796  1832 E Vold    : Failed to find mounted volume for /storage/usb1/Android/data/com.google.android.music/files/
12-14 15:47:28.013  3829  3829 W ContextImpl: Failed to ensure directory: /storage/usb1/Android/data/com.google.android.music/files
12-14 15:47:28.013  1796  1832 E Vold    : Failed to find mounted volume for /storage/usb2/Android/data/com.google.android.music/files/
12-14 15:47:28.013  3829  3829 W ContextImpl: Failed to ensure directory: /storage/usb2/Android/data/com.google.android.music/files
12-14 15:47:28.013  1796  1832 E Vold    : Failed to find mounted volume for /storage/usb3/Android/data/com.google.android.music/files/
12-14 15:47:28.014  3829  3829 W ContextImpl: Failed to ensure directory: /storage/usb3/Android/data/com.google.android.music/files
12-14 15:47:28.014  1796  1832 E Vold    : Failed to find mounted volume for /storage/sdcard1/Android/data/com.google.android.music/files/
12-14 15:47:28.014  3829  3829 W ContextImpl: Failed to ensure directory: /storage/sdcard1/Android/data/com.google.android.music/files
12-14 15:47:28.017  3864  3864 E ProbeModule: insmod: Failed to insmod [/system/lib/modules/4.0.9-android-x86_64+/kernel/drivers/net/netconsole.ko] with args [netconsole=@/,@/] error: Operation not permitted ret: -1
12-14 15:47:28.017  3856  3856 I sh      : + return 0
12-14 15:47:28.018  2074  2145 D ConnectivityService: notifyType AVAILABLE for NetworkAgentInfo [WIFI () - 100]
12-14 15:47:28.018  2074  2145 D CSLegacyTypeTracker: Sending connected broadcast for type 1 NetworkAgentInfo [WIFI () - 100] isDefaultNetwork=true
12-14 15:47:28.018  2074  2145 D ConnectivityService: sendStickyBroadcast: action=android.net.conn.CONNECTIVITY_CHANGE_IMMEDIATE
12-14 15:47:28.018  2213  2670 D ConnectivityManager.CallbackHandler: CM callback handler got msg 524290
12-14 15:47:28.018  2074  2145 D ConnectivityService: sendStickyBroadcast: action=android.net.conn.CONNECTIVITY_CHANGE
12-14 15:47:28.018  2074  2103 D Tethering: MasterInitialState.processMessage what=3
12-14 15:47:28.019  2367  2564 D PhoneInterfaceManager: [PhoneIntfMgr] getDataEnabled: subId=-1 phoneId=-1
12-14 15:47:28.019  2367  2564 E PhoneInterfaceManager: [PhoneIntfMgr] getDataEnabled: no phone subId=-1 retVal=false
12-14 15:47:28.019  2074  2098 D TelephonyManager: getDataEnabled: retVal=false
12-14 15:47:28.020  2074  2098 E GpsLocationProvider: No APN found to select.
12-14 15:47:28.022  1796  1832 E Vold    : Failed to find mounted volume for /storage/usb0/Android/data/com.google.android.music/files/
12-14 15:47:28.022  3829  3829 W ContextImpl: Failed to ensure directory: /storage/usb0/Android/data/com.google.android.music/files
12-14 15:47:28.022  1796  1832 E Vold    : Failed to find mounted volume for /storage/usb1/Android/data/com.google.android.music/files/
12-14 15:47:28.022  3829  3829 W ContextImpl: Failed to ensure directory: /storage/usb1/Android/data/com.google.android.music/files
12-14 15:47:28.022  1796  1832 E Vold    : Failed to find mounted volume for /storage/usb2/Android/data/com.google.android.music/files/
12-14 15:47:28.022  3829  3829 W ContextImpl: Failed to ensure directory: /storage/usb2/Android/data/com.google.android.music/files
12-14 15:47:28.022  1796  1832 E Vold    : Failed to find mounted volume for /storage/usb3/Android/data/com.google.android.music/files/
12-14 15:47:28.023  3829  3829 W ContextImpl: Failed to ensure directory: /storage/usb3/Android/data/com.google.android.music/files
12-14 15:47:28.023  1796  1832 E Vold    : Failed to find mounted volume for /storage/sdcard1/Android/data/com.google.android.music/files/
12-14 15:47:28.023  3829  3829 W ContextImpl: Failed to ensure directory: /storage/sdcard1/Android/data/com.google.android.music/files
12-14 15:47:28.023  1796  1832 E Vold    : Failed to find mounted volume for /storage/usb0/Android/data/com.google.android.music/files/
12-14 15:47:28.023  3829  3829 W ContextImpl: Failed to ensure directory: /storage/usb0/Android/data/com.google.android.music/files
12-14 15:47:28.023  1796  1832 E Vold    : Failed to find mounted volume for /storage/usb1/Android/data/com.google.android.music/files/
12-14 15:47:28.023  3829  3829 W ContextImpl: Failed to ensure directory: /storage/usb1/Android/data/com.google.android.music/files
12-14 15:47:28.024  1796  1832 E Vold    : Failed to find mounted volume for /storage/usb2/Android/data/com.google.android.music/files/
12-14 15:47:28.024  3829  3829 W ContextImpl: Failed to ensure directory: /storage/usb2/Android/data/com.google.android.music/files
12-14 15:47:28.024  1796  1832 E Vold    : Failed to find mounted volume for /storage/usb3/Android/data/com.google.android.music/files/
12-14 15:47:28.024  3829  3829 W ContextImpl: Failed to ensure directory: /storage/usb3/Android/data/com.google.android.music/files
12-14 15:47:28.024  1796  1832 E Vold    : Failed to find mounted volume for /storage/sdcard1/Android/data/com.google.android.music/files/
12-14 15:47:28.024  3829  3829 W ContextImpl: Failed to ensure directory: /storage/sdcard1/Android/data/com.google.android.music/files
12-14 15:47:28.027  3829  3829 D MusicLifecycle: com.google.android.music.MusicApplication generated event: Application created
12-14 15:47:28.032  3829  3829 W ResourcesManager: Asset path '/system/framework/com.android.media.remotedisplay.jar' does not exist or contains no resources.
12-14 15:47:28.032  3829  3829 W ResourcesManager: Asset path '/system/framework/com.android.location.provider.jar' does not exist or contains no resources.
12-14 15:47:28.038  3829  3829 V JNIHelp : Registering com/google/android/gms/org/conscrypt/NativeCrypto's 240 native methods...
12-14 15:47:28.044  3829  3829 I ProviderInstaller: Installed default security provider GmsCore_OpenSSL
12-14 15:47:28.044  3829  3829 D AndroidMusic: GMSCore installation verified
12-14 15:47:28.046  3829  3829 I ConfigStore: Config Database version: 1
12-14 15:47:28.046  2074  3872 D GpsLocationProvider: NTP server returned: 1450079294513 (Mon Dec 14 15:48:14 GMT+08:00 2015) reference: 18749 certainty: 9 system time offset: 46467
12-14 15:47:28.060  3829  3829 I MediaRouter: Found default route: MediaRouter.RouteInfo{ uniqueId=android/.support.v7.media.SystemMediaRouteProvider:DEFAULT_ROUTE, name=, description=null, iconUri=null, enabled=true, connecting=false, connectionState=0, canDisconnect=false, playbackType=0, playbackStream=3, volumeHandling=1, volume=11, volumeMax=15, presentationDisplayId=-1, extras=null, settingsIntent=null, providerPackageName=android }
12-14 15:47:28.061  3829  3829 D MusicLifecycle: com.google.android.music.store.MediaStoreImportService$Receiver generated event: Broadcast received with context android.app.ReceiverRestrictedContext@23aae2c3 and intent Intent { act=android.intent.action.MEDIA_SCANNER_STARTED dat=file:///system/media flg=0x10 cmp=com.google.android.music/.store.MediaStoreImportService$Receiver }
12-14 15:47:28.061  2074  3037 W BroadcastQueue: Unable to launch app com.tencent.mobileqq/10063 for broadcast Intent { act=android.intent.action.MEDIA_SCANNER_STARTED dat=file:///system/media flg=0x10 }: process is bad
12-14 15:47:28.061  3829  3829 D MusicLifecycle: com.google.android.music.net.NetworkMonitor generated event: Service created
12-14 15:47:28.061  3829  3829 I NetworkMonitor: type=WIFI subType= reason=null isConnected=true
12-14 15:47:28.076  2074  2099 I ActivityManager: Start proc 3878:com.tencent.mm/u0a64 for broadcast com.tencent.mm/.booter.MountReceiver
12-14 15:47:28.081  3829  3829 D MusicLifecycle: com.google.android.music.preferences.MusicPreferenceService$MusicPreferenceServiceBinder generated event: Service created
12-14 15:47:28.082  3829  3829 D MusicLifecycle: com.google.android.music.download.cache.StorageMigrationService generated event: Service created
12-14 15:47:28.082  3878  3878 I ActivityThread: Switching default density from 160 to 240
12-14 15:47:28.083  3829  3829 D MusicLifecycle: com.google.android.music.download.artwork.ArtDownloadService generated event: Service created
12-14 15:47:28.085  2074  3037 W ActivityManager: getRunningAppProcesses: caller 10064 does not hold REAL_GET_TASKS; limiting output
12-14 15:47:28.085  3829  3829 D MusicLifecycle: com.google.android.music.net.NetworkMonitor$2 generated event: Broadcast received with context com.google.android.music.net.NetworkMonitor@6c26679 and intent Intent { act=android.net.conn.CONNECTIVITY_CHANGE flg=0x4000010 (has extras) }
12-14 15:47:28.085  3829  3829 I NetworkMonitor: type=WIFI subType= reason=null isConnected=true
12-14 15:47:28.086  3829  3829 D MusicLifecycle: com.google.android.music.download.ArtDownloadQueueService generated event: Service created
12-14 15:47:28.088  3829  3829 I GHttpClientFactory: Using our fixed implementation of GMSCore's GoogleHttpClient
12-14 15:47:28.089  3829  3829 I GoogleURLConnFactory: Using platform SSLCertificateSocketFactory
12-14 15:47:28.090  3878  3878 W         : Zip: didn't find signature at start of lfh, offset=21817497
12-14 15:47:28.090  3878  3878 W zipro   : Error iteration over /data/app/com.tencent.mm-1/base.apk: Invalid offset
12-14 15:47:28.091  3829  3829 D MusicLifecycle: com.google.android.music.download.cache.ArtCacheService generated event: Service created
12-14 15:47:28.092  3829  3829 D MusicLifecycle: com.google.android.music.download.cache.StorageMigrationService generated event: Service destroyed
12-14 15:47:28.092  2074  3040 I ActivityManager: Killing 3142:com.android.vending/u0a14 (adj 15): empty #17
12-14 15:47:28.093  2689  2762 E JavaBinder: *** Uncaught remote exception!  (Exceptions are not yet supported across processes.)
12-14 15:47:28.093  2689  2762 E JavaBinder: java.lang.RuntimeException: android.os.RemoteException
12-14 15:47:28.093  2689  2762 E JavaBinder: 	at android.os.Parcel.writeException(Parcel.java:1446)
12-14 15:47:28.093  2689  2762 E JavaBinder: 	at android.os.Binder.execTransact(Binder.java:452)
12-14 15:47:28.093  2689  2762 E JavaBinder: Caused by: android.os.RemoteException
12-14 15:47:28.093  2689  2762 E JavaBinder: 	at com.google.android.gms.ads.identifier.service.b.a(SourceFile:77)
12-14 15:47:28.093  2689  2762 E JavaBinder: 	at com.google.android.gms.ads.identifier.a.e.onTransact(SourceFile:63)
12-14 15:47:28.093  2689  2762 E JavaBinder: 	at android.os.Binder.execTransact(Binder.java:446)
12-14 15:47:28.106  3878  3878 E art     : dlopen("/data/data/com.tencent.mm/app_recover_lib/libstlport_shared.so", RTLD_LAZY) failed: dlopen failed: "/data/data/com.tencent.mm/app_recover_lib/libstlport_shared.so" is 32-bit instead of 64-bit
12-14 15:47:28.113  3878  3878 E art     : dlopen("/data/data/com.tencent.mm/app_recover_lib/libstlport_shared.so", RTLD_LAZY) failed: dlopen failed: "/data/data/com.tencent.mm/app_recover_lib/libstlport_shared.so" is 32-bit instead of 64-bit
12-14 15:47:28.113  3878  3878 D AndroidRuntime: Shutting down VM
12-14 15:47:28.114  3878  3878 I Process : Sending signal. PID: 3878 SIG: 9
12-14 15:47:28.128  2074  2452 I ActivityManager: Process com.tencent.mm (pid 3878) has died
12-14 15:47:28.129  3829  3829 D MusicLifecycle: com.google.android.music.store.MediaStoreImportService$Receiver generated event: Broadcast received with context android.app.ReceiverRestrictedContext@23aae2c3 and intent Intent { act=android.intent.action.MEDIA_SCANNER_FINISHED dat=file:///system/media flg=0x10 cmp=com.google.android.music/.store.MediaStoreImportService$Receiver }
12-14 15:47:28.129  2074  2094 W BroadcastQueue: Unable to launch app com.tencent.mobileqq/10063 for broadcast Intent { act=android.intent.action.MEDIA_SCANNER_FINISHED dat=file:///system/media flg=0x10 }: process is bad
12-14 15:47:28.144  2074  2099 I ActivityManager: Start proc 3912:com.tencent.mm/u0a64 for broadcast com.tencent.mm/.booter.MountReceiver
12-14 15:47:28.150  3912  3912 I ActivityThread: Switching default density from 160 to 240
12-14 15:47:28.153  2074  2236 W ActivityManager: getRunningAppProcesses: caller 10064 does not hold REAL_GET_TASKS; limiting output
12-14 15:47:28.157  3912  3912 W         : Zip: didn't find signature at start of lfh, offset=21817497
12-14 15:47:28.157  3912  3912 W zipro   : Error iteration over /data/app/com.tencent.mm-1/base.apk: Invalid offset
12-14 15:47:28.165  3912  3912 E art     : dlopen("/data/data/com.tencent.mm/app_recover_lib/libstlport_shared.so", RTLD_LAZY) failed: dlopen failed: "/data/data/com.tencent.mm/app_recover_lib/libstlport_shared.so" is 32-bit instead of 64-bit
12-14 15:47:28.172  3912  3912 E art     : dlopen("/data/data/com.tencent.mm/app_recover_lib/libstlport_shared.so", RTLD_LAZY) failed: dlopen failed: "/data/data/com.tencent.mm/app_recover_lib/libstlport_shared.so" is 32-bit instead of 64-bit
12-14 15:47:28.172  3912  3912 D AndroidRuntime: Shutting down VM
12-14 15:47:28.173  3912  3912 I Process : Sending signal. PID: 3912 SIG: 9
12-14 15:47:28.185  2074  3037 I ActivityManager: Process com.tencent.mm (pid 3912) has died
12-14 15:47:28.186  3829  3829 D MusicLifecycle: com.google.android.music.store.MediaStoreImportService$Receiver generated event: Broadcast received with context android.app.ReceiverRestrictedContext@23aae2c3 and intent Intent { act=android.intent.action.MEDIA_SCANNER_STARTED dat=file:///storage/emulated/0 flg=0x10 cmp=com.google.android.music/.store.MediaStoreImportService$Receiver }
12-14 15:47:28.187  2074  2410 W BroadcastQueue: Unable to launch app com.tencent.mobileqq/10063 for broadcast Intent { act=android.intent.action.MEDIA_SCANNER_STARTED dat=file:///storage/emulated/0 flg=0x10 }: process is bad
12-14 15:47:28.187  3829  3829 D MusicLifecycle: com.google.android.music.store.MediaStoreImportService generated event: Service created
12-14 15:47:28.202  2074  2099 I ActivityManager: Start proc 3941:com.tencent.mm/u0a64 for broadcast com.tencent.mm/.booter.MountReceiver
12-14 15:47:28.202  3829  3829 D MusicLifecycle: com.google.android.music.store.MediaStoreImportService generated event: Service destroyed
12-14 15:47:28.219  2074  3040 I art     : Explicit concurrent mark sweep GC freed 30943(1723KB) AllocSpace objects, 2(32KB) LOS objects, 33% free, 10MB/16MB, paused 298us total 13.035ms
12-14 15:47:28.220  3941  3941 I ActivityThread: Switching default density from 160 to 240
12-14 15:47:28.222  2074  3040 W ActivityManager: getRunningAppProcesses: caller 10064 does not hold REAL_GET_TASKS; limiting output
12-14 15:47:28.226  3941  3941 W         : Zip: didn't find signature at start of lfh, offset=21817497
12-14 15:47:28.226  3941  3941 W zipro   : Error iteration over /data/app/com.tencent.mm-1/base.apk: Invalid offset
12-14 15:47:28.234  3941  3941 E art     : dlopen("/data/data/com.tencent.mm/app_recover_lib/libstlport_shared.so", RTLD_LAZY) failed: dlopen failed: "/data/data/com.tencent.mm/app_recover_lib/libstlport_shared.so" is 32-bit instead of 64-bit
12-14 15:47:28.241  3941  3941 E art     : dlopen("/data/data/com.tencent.mm/app_recover_lib/libstlport_shared.so", RTLD_LAZY) failed: dlopen failed: "/data/data/com.tencent.mm/app_recover_lib/libstlport_shared.so" is 32-bit instead of 64-bit
12-14 15:47:28.241  3941  3941 D AndroidRuntime: Shutting down VM
12-14 15:47:28.242  3941  3941 I Process : Sending signal. PID: 3941 SIG: 9
12-14 15:47:28.257  2074  2094 I ActivityManager: Process com.tencent.mm (pid 3941) has died
12-14 15:47:28.273  2074  2099 I ActivityManager: Start proc 3970:com.android.mms/u0a12 for broadcast com.android.mms/.transaction.SmsReceiver
12-14 15:47:28.275  1811  1811 I art     : Explicit concurrent mark sweep GC freed 706(30KB) AllocSpace objects, 0(0B) LOS objects, 39% free, 1950KB/3MB, paused 21us total 2.488ms
12-14 15:47:28.277  3970  3970 I ActivityThread: Switching default density from 160 to 240
12-14 15:47:28.278  1811  1811 I art     : Explicit concurrent mark sweep GC freed 5(160B) AllocSpace objects, 0(0B) LOS objects, 39% free, 1950KB/3MB, paused 21us total 2.297ms
12-14 15:47:28.279  2074  3037 D CountryDetector: The first listener is added
12-14 15:47:28.280  1811  1811 I art     : Explicit concurrent mark sweep GC freed 5(160B) AllocSpace objects, 0(0B) LOS objects, 39% free, 1950KB/3MB, paused 20us total 2.353ms
12-14 15:47:28.281  3970  3970 V Mms     : mnc/mcc: 
12-14 15:47:28.281  3970  3970 V Mms     : tag: bool value: enabledMMS - true
12-14 15:47:28.281  3970  3970 V Mms     : tag: int value: maxMessageSize - 307200
12-14 15:47:28.281  3970  3970 V Mms     : tag: int value: maxImageHeight - 480
12-14 15:47:28.281  3970  3970 V Mms     : tag: int value: maxImageWidth - 640
12-14 15:47:28.281  3970  3970 V Mms     : tag: int value: defaultSMSMessagesPerThread - 10000
12-14 15:47:28.281  3970  3970 V Mms     : tag: int value: defaultMMSMessagesPerThread - 1000
12-14 15:47:28.281  3970  3970 V Mms     : tag: int value: minMessageCountPerThread - 10
12-14 15:47:28.281  3970  3970 V Mms     : tag: int value: maxMessageCountPerThread - 5000
12-14 15:47:28.281  3970  3970 V Mms     : tag: string value: uaProfUrl - http://www.google.com/oha/rdf/ua-profile-kila.xml
12-14 15:47:28.281  3970  3970 V Mms     : tag: int value: recipientLimit - -1
12-14 15:47:28.281  3970  3970 V Mms     : tag: bool value: enableMultipartSMS - true
12-14 15:47:28.281  3970  3970 V Mms     : tag: int value: smsToMmsTextThreshold - -1
12-14 15:47:28.281  3970  3970 V Mms     : tag: bool value: enableSlideDuration - true
12-14 15:47:28.281  3970  3970 V Mms     : tag: int value: maxMessageTextSize - -1
12-14 15:47:28.284  3829  3829 D MusicLifecycle: com.google.android.music.store.MediaStoreImportService$Receiver generated event: Broadcast received with context android.app.ReceiverRestrictedContext@23aae2c3 and intent Intent { act=android.intent.action.MEDIA_SCANNER_FINISHED dat=file:///storage/emulated/0 flg=0x10 cmp=com.google.android.music/.store.MediaStoreImportService$Receiver }
12-14 15:47:28.285  3829  3829 D MusicLifecycle: com.google.android.music.store.MediaStoreImportService generated event: Service created
12-14 15:47:28.285  3970  3970 V Mms     : onStart: #1 mResultCode: -1 = Activity.RESULT_OK
12-14 15:47:28.285  2074  2095 W BroadcastQueue: Unable to launch app com.tencent.mobileqq/10063 for broadcast Intent { act=android.intent.action.MEDIA_SCANNER_FINISHED dat=file:///storage/emulated/0 flg=0x10 }: process is bad
12-14 15:47:28.286  3970  4002 D ConnectivityManager: getMobileDataEnabled()+ subId=-1
12-14 15:47:28.286  3970  3970 D ConnectivityManager: getMobileDataEnabled()+ subId=-1
12-14 15:47:28.286  2367  2590 D PhoneInterfaceManager: [PhoneIntfMgr] getDataEnabled: subId=-1 phoneId=-1
12-14 15:47:28.286  2367  2590 E PhoneInterfaceManager: [PhoneIntfMgr] getDataEnabled: no phone subId=-1 retVal=false
12-14 15:47:28.286  2367  2394 D PhoneInterfaceManager: [PhoneIntfMgr] getDataEnabled: subId=-1 phoneId=-1
12-14 15:47:28.286  3970  4002 D ConnectivityManager: getMobileDataEnabled()- subId=-1 retVal=false
12-14 15:47:28.286  2367  2394 E PhoneInterfaceManager: [PhoneIntfMgr] getDataEnabled: no phone subId=-1 retVal=false
12-14 15:47:28.286  3970  3970 D ConnectivityManager: getMobileDataEnabled()- subId=-1 retVal=false
12-14 15:47:28.301  2074  2099 I ActivityManager: Start proc 4005:com.tencent.mm/u0a64 for broadcast com.tencent.mm/.booter.MountReceiver
12-14 15:47:28.318  2074  2410 I ActivityManager: Start proc 4027:android.process.media/u0a5 for content provider com.android.providers.media/.MediaProvider
12-14 15:47:28.319  4005  4005 I ActivityThread: Switching default density from 160 to 240
12-14 15:47:28.321  2074  2236 W ActivityManager: getRunningAppProcesses: caller 10064 does not hold REAL_GET_TASKS; limiting output
12-14 15:47:28.322  4027  4027 I ActivityThread: Switching default density from 160 to 240
12-14 15:47:28.326  4005  4005 W         : Zip: didn't find signature at start of lfh, offset=21817497
12-14 15:47:28.326  4005  4005 W zipro   : Error iteration over /data/app/com.tencent.mm-1/base.apk: Invalid offset
12-14 15:47:28.327  4027  4027 E SQLiteLog: (283) recovered 34 frames from WAL file /data/user/0/com.android.providers.media/databases/external.db-wal
12-14 15:47:28.334  4005  4005 E art     : dlopen("/data/data/com.tencent.mm/app_recover_lib/libstlport_shared.so", RTLD_LAZY) failed: dlopen failed: "/data/data/com.tencent.mm/app_recover_lib/libstlport_shared.so" is 32-bit instead of 64-bit
12-14 15:47:28.338  3829  4003 I MediaStoreImporter: Update: incremental Added music: 0 Updated music: 0 Deleted music: 0 Created playlists: 0 Updated playlists: 0 Deleted playlists: 0 Inserted playlist items: 0 Deleted playlist items: 0 Removed orphaned playlist items: 0
12-14 15:47:28.338  3829  3829 D MusicLifecycle: com.google.android.music.store.MediaStoreImportService generated event: Service destroyed
12-14 15:47:28.339  2074  2286 I ActivityManager: Killing 3184:com.android.settings/1000 (adj 15): empty #17
12-14 15:47:28.341  4005  4005 E art     : dlopen("/data/data/com.tencent.mm/app_recover_lib/libstlport_shared.so", RTLD_LAZY) failed: dlopen failed: "/data/data/com.tencent.mm/app_recover_lib/libstlport_shared.so" is 32-bit instead of 64-bit
12-14 15:47:28.341  4005  4005 D AndroidRuntime: Shutting down VM
12-14 15:47:28.365  4005  4005 I Process : Sending signal. PID: 4005 SIG: 9
12-14 15:47:28.381  2074  3040 I ActivityManager: Process com.tencent.mm (pid 4005) has died
12-14 15:47:28.389  3210  3210 D AlertReceiver: onReceive: a=android.intent.action.PROVIDER_CHANGED Intent { act=android.intent.action.PROVIDER_CHANGED dat=content://com.android.calendar flg=0x10 cmp=com.android.calendar/.alerts.AlertReceiver }
12-14 15:47:28.390  3210  4061 D AlertService: 0 Action = android.intent.action.PROVIDER_CHANGED
12-14 15:47:28.392  3783  3783 V xiaomi  : [Thread:1] network changed, [type: WIFI[], state: CONNECTED/CONNECTED, reason: (unspecified), extra: "OS-4308A", roaming: false, failover: false, isAvailable: true, isConnectedToProvisioningNetwork: false]
12-14 15:47:28.392  3783  3827 V xiaomi  : [Thread:51] JOB: do reconnect..
12-14 15:47:28.396  2689  4069 I CheckinService: Checking schedule, now: 1450079248396 next: 30000
12-14 15:47:28.396  2689  4069 I CheckinService: active receiver: enabled
12-14 15:47:28.396  2689  4069 I CheckinService: Preparing to send checkin request
12-14 15:47:28.396  2689  4069 I EventLogService: Accumulating logs since 1450078849225
12-14 15:47:28.397  3783  3827 V xiaomi  : [Thread:51] update the connection status. disconnected -> connecting : ERROR_OK 
12-14 15:47:28.398  2074  2452 W ActivityManager: getRunningAppProcesses: caller 10062 does not hold REAL_GET_TASKS; limiting output
12-14 15:47:28.399  2642  2642 E GCM     : Missing checkin config file
12-14 15:47:28.399  2689  4069 I EventLogService: Opted in for usage reporting
12-14 15:47:28.399  2642  2642 W GCM     : GCM FAILED TO INITIALIZE - missing checkin
12-14 15:47:28.401  1796  1832 E Vold    : Failed to find mounted volume for /storage/usb0/Android/data/cn.wps.moffice_eng/files/
12-14 15:47:28.401  2689  2689 E MDM     : [1] SitrepService.a: No Google accounts; deferring server state update.
12-14 15:47:28.401  3783  4074 W ContextImpl: Failed to ensure directory: /storage/usb0/Android/data/cn.wps.moffice_eng/files
12-14 15:47:28.401  2074  2144 D WifiService: New client listening to asynchronous messages
12-14 15:47:28.401  1796  1832 E Vold    : Failed to find mounted volume for /storage/usb1/Android/data/cn.wps.moffice_eng/files/
12-14 15:47:28.401  3783  4074 W ContextImpl: Failed to ensure directory: /storage/usb1/Android/data/cn.wps.moffice_eng/files
12-14 15:47:28.401  1796  1832 E Vold    : Failed to find mounted volume for /storage/usb2/Android/data/cn.wps.moffice_eng/files/
12-14 15:47:28.401  3783  4074 W ContextImpl: Failed to ensure directory: /storage/usb2/Android/data/cn.wps.moffice_eng/files
12-14 15:47:28.402  1796  1832 E Vold    : Failed to find mounted volume for /storage/usb3/Android/data/cn.wps.moffice_eng/files/
12-14 15:47:28.402  3783  4074 W ContextImpl: Failed to ensure directory: /storage/usb3/Android/data/cn.wps.moffice_eng/files
12-14 15:47:28.402  1796  1832 E Vold    : Failed to find mounted volume for /storage/sdcard1/Android/data/cn.wps.moffice_eng/files/
12-14 15:47:28.402  3783  4074 W ContextImpl: Failed to ensure directory: /storage/sdcard1/Android/data/cn.wps.moffice_eng/files
12-14 15:47:28.404  2689  4079 I iu.SyncManager: SYNC; picasa accounts
12-14 15:47:28.404  2689  4069 I CheckinRequestBuilder: Checkin reason type: 12 attempt count: 1
12-14 15:47:28.405  3783  3827 V xiaomi  : [Thread:51] begin to connect to 42.62.94.2:5222
12-14 15:47:28.405  2074  2144 D WifiService: New client listening to asynchronous messages
12-14 15:47:28.406  2689  4069 E ActivityThread: Failed to find provider info for com.google.android.wearable.settings
12-14 15:47:28.406  2689  2689 D NetworkLogImpl: Loaded NetworkSpeedPredictor
12-14 15:47:28.407  2689  2689 I iu.Environment: update connectivity state; isNetworkMetered? false, isRoaming? false, isBackgroundDataAllowed? true*
12-14 15:47:28.408  2689  2689 D ChimeraCfgMgr: Loading module com.google.android.gms.kids from APK com.google.android.gms
12-14 15:47:28.408  2689  2689 D ChimeraCfgMgr: Loading module com.google.android.gms.kids from APK com.google.android.gms
12-14 15:47:28.409  3970  3970 D ConnectivityManager: getMobileDataEnabled()+ subId=-1
12-14 15:47:28.409  2367  2590 D PhoneInterfaceManager: [PhoneIntfMgr] getDataEnabled: subId=-1 phoneId=-1
12-14 15:47:28.409  2367  2590 E PhoneInterfaceManager: [PhoneIntfMgr] getDataEnabled: no phone subId=-1 retVal=false
12-14 15:47:28.409  3970  3970 D ConnectivityManager: getMobileDataEnabled()- subId=-1 retVal=false
12-14 15:47:28.409  2074  2094 W BroadcastQueue: Unable to launch app com.tencent.mobileqq/10063 for broadcast Intent { act=android.net.conn.CONNECTIVITY_CHANGE flg=0x4000010 (has extras) }: process is bad
12-14 15:47:28.411  2689  4079 I iu.UploadsManager: num queued entries: 0
12-14 15:47:28.411  2689  4079 I iu.UploadsManager: num updated entries: 0
12-14 15:47:28.411  2689  4079 I iu.SyncManager: NEXT; no task
12-14 15:47:28.425  2074  2099 I ActivityManager: Start proc 4083:com.tencent.mm:push/u0a64 for broadcast com.tencent.mm/.booter.MMReceivers$ConnectionReceiver
12-14 15:47:28.426  2642  2642 V GLSActivity: AuthDelegateWrapperCreated with selected intent: Intent { cmp=com.google.android.gms/.auth.DefaultAuthDelegateService }
12-14 15:47:28.427  2642  2642 V GLSActivity: AuthDelegateWrapperCreated with selected intent: Intent { cmp=com.google.android.gms/.auth.DefaultAuthDelegateService }
12-14 15:47:28.429  4083  4083 I ActivityThread: Switching default density from 160 to 240
12-14 15:47:28.433  2074  2287 W ActivityManager: getRunningAppProcesses: caller 10064 does not hold REAL_GET_TASKS; limiting output
12-14 15:47:28.434  4083  4083 W         : Zip: didn't find signature at start of lfh, offset=21817497
12-14 15:47:28.434  4083  4083 W zipro   : Error iteration over /data/app/com.tencent.mm-1/base.apk: Invalid offset
12-14 15:47:28.442  4083  4083 E art     : dlopen("/data/data/com.tencent.mm/app_recover_lib/libstlport_shared.so", RTLD_LAZY) failed: dlopen failed: "/data/data/com.tencent.mm/app_recover_lib/libstlport_shared.so" is 32-bit instead of 64-bit
12-14 15:47:28.449  4083  4083 E art     : dlopen("/data/data/com.tencent.mm/app_recover_lib/libstlport_shared.so", RTLD_LAZY) failed: dlopen failed: "/data/data/com.tencent.mm/app_recover_lib/libstlport_shared.so" is 32-bit instead of 64-bit
12-14 15:47:28.449  4083  4083 D AndroidRuntime: Shutting down VM
12-14 15:47:28.453  2074  3037 I ActivityManager: Start proc 4112:com.google.android.gms.unstable/u0a7 for service com.google.android.gms/.droidguard.DroidGuardService
12-14 15:47:28.453  4083  4083 I Process : Sending signal. PID: 4083 SIG: 9
12-14 15:47:28.457  4112  4112 I ActivityThread: Switching default density from 160 to 240
12-14 15:47:28.458  4112  4112 W ResourcesManager: Asset path '/system/framework/com.android.media.remotedisplay.jar' does not exist or contains no resources.
12-14 15:47:28.458  4112  4112 W ResourcesManager: Asset path '/system/framework/com.android.location.provider.jar' does not exist or contains no resources.
12-14 15:47:28.462  4112  4112 I art     : Rejecting re-init on previously-failed class java.lang.Class<com.google.android.gms.common.h.c>
12-14 15:47:28.463  4112  4112 I art     : Rejecting re-init on previously-failed class java.lang.Class<com.google.android.gms.common.h.c>
12-14 15:47:28.463  4112  4112 I MultiDex: VM with version 2.1.0 has multidex support
12-14 15:47:28.463  4112  4112 I MultiDex: install
12-14 15:47:28.463  4112  4112 I MultiDex: VM has multidex support, MultiDex support library is disabled.
12-14 15:47:28.466  4112  4112 V JNIHelp : Registering com/google/android/gms/org/conscrypt/NativeCrypto's 240 native methods...
12-14 15:47:28.468  2074  2095 I ActivityManager: Process com.tencent.mm:push (pid 4083) has died
12-14 15:47:28.469  3829  3829 D MusicLifecycle: com.google.android.music.wear.WearBroadcastReceiver generated event: Broadcast received with context android.app.ReceiverRestrictedContext@23aae2c3 and intent Intent { act=com.google.android.music.IMPORT_COMPLETE flg=0x10 cmp=com.google.android.music/.wear.WearBroadcastReceiver }
12-14 15:47:28.470  3970  3970 V Mms     : onStart: #1 mResultCode: -1 = Activity.RESULT_OK
12-14 15:47:28.473  4112  4112 I ProviderInstaller: Installed default security provider GmsCore_OpenSSL
12-14 15:47:28.476  3829  3829 D MusicLifecycle: com.google.android.music.wear.WearMetadataSyncService generated event: Service created
12-14 15:47:28.476  2642  4140 D GCM     : GcmService start Intent { act=com.google.android.gms.INITIALIZE flg=0x10 pkg=com.google.android.gms cmp=com.google.android.gms/.gcm.GcmService } com.google.android.gms.INITIALIZE
12-14 15:47:28.476  3829  3829 D MusicLifecycle: com.google.android.music.wear.WearMetadataSyncService generated event: Service started with intent Intent { cmp=com.google.android.music/.wear.WearMetadataSyncService }
12-14 15:47:28.479  3829  3829 E GmsUtils: Failed to connect to Google API client: ConnectionResult{statusCode=API_UNAVAILABLE, resolution=null}
12-14 15:47:28.479  3829  4139 E GmsUtils: Failed to connect to Google API client: ConnectionResult{statusCode=API_UNAVAILABLE, resolution=null}
12-14 15:47:28.480  3829  3829 D MusicLifecycle: com.google.android.music.wear.WearMetadataSyncService generated event: Service destroyed
12-14 15:47:28.480  4112  4137 D NativeLibraryUtils: Install completed successfully. count=0 extracted=0
12-14 15:47:28.492  2642  2642 D AuthorizationBluetoothService: Received GmsCore event: Intent { act=com.google.android.gms.INITIALIZE flg=0x10 pkg=com.google.android.gms cmp=com.google.android.gms/.auth.be.proximity.authorization.bt.AuthorizationBluetoothService$AutoStarter }.
12-14 15:47:28.492  2642  2642 E AuthorizationBluetoothService: Proximity feature is not enabled.
12-14 15:47:28.493  2642  2642 V GLSActivity: AuthDelegateWrapperCreated with selected intent: Intent { cmp=com.google.android.gms/.auth.DefaultAuthDelegateService }
12-14 15:47:28.493  2642  2642 V GLSActivity: AuthDelegateWrapperCreated with selected intent: Intent { cmp=com.google.android.gms/.auth.DefaultAuthDelegateService }
12-14 15:47:28.493  2689  2689 V GmsCoreStatsServiceLauncher: Received broadcast intent Intent { act=com.google.android.gms.INITIALIZE flg=0x10 pkg=com.google.android.gms cmp=com.google.android.gms/.common.stats.GmsCoreStatsServiceLauncher }
12-14 15:47:28.495  2577  4144 E MDM     : [111] b.run: Couldn't connect to Google API client: ConnectionResult{statusCode=API_UNAVAILABLE, resolution=null, message=null}
12-14 15:47:28.496  2689  4145 D LocationInitializer: Restart initialization of location
12-14 15:47:28.498  4112  4132 I GoogleURLConnFactory: Using platform SSLCertificateSocketFactory
12-14 15:47:28.499  2577  2711 W GCoreFlp: No location to return for getLastLocation()
12-14 15:47:28.499  2642  4146 W FusedLocationProvider: location=null
12-14 15:47:28.690  2074  2286 I ActivityManager: Killing 2948:com.android.providers.calendar/u0a1 (adj 15): empty #17
12-14 15:47:28.717  2074  3037 I ActivityManager: Killing 3238:com.google.android.configupdater/u0a31 (adj 15): empty #17
12-14 15:47:28.910  2074  2452 I ActivityManager: Start proc 4152:com.android.providers.calendar/u0a1 for content provider com.android.providers.calendar/.CalendarProvider2
12-14 15:47:28.914  4152  4152 I ActivityThread: Switching default density from 160 to 240
12-14 15:47:28.914  4152  4152 W ResourcesManager: Asset path '/system/framework/android.test.runner.jar' does not exist or contains no resources.
12-14 15:47:28.918  4152  4152 I CalendarProvider2: Created com.android.providers.calendar.CalendarAlarmManager@2563ec20(com.android.providers.calendar.CalendarProvider2@1e3d79d9)
12-14 15:47:28.931  2074  3037 I art     : Explicit concurrent mark sweep GC freed 13520(677KB) AllocSpace objects, 1(16KB) LOS objects, 33% free, 10MB/16MB, paused 238us total 10.981ms
12-14 15:47:29.331  2074  2149 W AudioTrack: AUDIO_OUTPUT_FLAG_FAST denied by client
12-14 15:47:29.921  4152  4152 I CalendarProvider2: Sending notification intent: Intent { act=android.intent.action.PROVIDER_CHANGED dat=content://com.android.calendar }
12-14 15:47:29.921  4152  4152 W ContentResolver: Failed to get type for: content://com.android.calendar (Unknown URL content://com.android.calendar)
12-14 15:47:29.921  3210  3210 D AlertReceiver: onReceive: a=android.intent.action.PROVIDER_CHANGED Intent { act=android.intent.action.PROVIDER_CHANGED dat=content://com.android.calendar flg=0x10 cmp=com.android.calendar/.alerts.AlertReceiver }
12-14 15:47:29.921  2074  2286 I ActivityManager: Killing 3274:com.android.deskclock/u0a32 (adj 15): empty #17
12-14 15:47:30.377  2074  2145 D ConnectivityService: updateNetworkScore for NetworkAgentInfo [WIFI () - 100] to 60
12-14 15:47:30.377  2074  2145 D ConnectivityService: rematching NetworkAgentInfo [WIFI () - 100]
12-14 15:47:30.377  2074  2145 D ConnectivityService: Network NetworkAgentInfo [WIFI () - 100] was already satisfying request 1. No change.
12-14 15:47:30.377  2074  2145 D ConnectivityService: notifyType AVAILABLE for NetworkAgentInfo [WIFI () - 100]
12-14 15:47:30.377  2213  2670 D ConnectivityManager.CallbackHandler: CM callback handler got msg 524290
12-14 15:47:31.322  4152  4182 E SQLiteLog: (284) automatic index on view_events(_id)
12-14 15:47:31.481  2074  2149 W AudioTrack: AUDIO_OUTPUT_FLAG_FAST denied by client
12-14 15:47:31.481  2074  2236 I ActivityManager: START u0 {act=android.intent.action.MAIN cat=[android.intent.category.LAUNCHER] flg=0x10200000 cmp=com.tencent.mobileqq/.activity.SplashActivity (has extras)} from uid 10044 on display 0
12-14 15:47:31.482  2074  2236 W ResourcesManager: Asset path '/system/framework/com.google.android.media.effects.jar' does not exist or contains no resources.
12-14 15:47:31.483  2074  2236 V WindowManager: addAppToken: AppWindowToken{d892656 token=Token{21eab871 ActivityRecord{2d0b2618 u0 com.tencent.mobileqq/.activity.SplashActivity t59}}} to stack=1 task=59 at 0
12-14 15:47:31.500  2074  3040 I ActivityManager: Start proc 4184:com.tencent.mobileqq/u0a63 for activity com.tencent.mobileqq/.activity.SplashActivity
12-14 15:47:31.516  1797  1838 D PermissionCache: checking android.permission.READ_FRAME_BUFFER for uid=1000 => granted (80 us)
12-14 15:47:31.545  2074  2074 V ActivityManager: Display changed displayId=0
12-14 15:47:31.549  2074  3037 I ActivityManager: Config changes=480 {1.0 ?mcc?mnc zh_CN ?layoutDir sw720dp w720dp h1206dp 240dpi lrg long port -touch qwerty/v/v -nav/h s.6}
12-14 15:47:31.550  2074  2118 I InputReader: Reconfiguring input devices.  changes=0x00000004
12-14 15:47:31.550  2074  2118 I InputReader: Device reconfigured: id=6, name='ETPS/2 Elantech Touchpad', size 1920x1080, orientation 3, mode 4, display id 0
12-14 15:47:31.569  4184  4184 I ActivityThread: Switching default density from 160 to 240
12-14 15:47:31.570  4184  4184 W ResourcesManager: Asset path '/system/framework/com.google.android.media.effects.jar' does not exist or contains no resources.
12-14 15:47:31.573  2074  2410 W ActivityManager: getRunningAppProcesses: caller 10063 does not hold REAL_GET_TASKS; limiting output
12-14 15:47:31.573  4184  4184 D BaseApplicationImpl: [E]com.tencent.mobileqq, inject NotVerifyDex failed to inject NotVerifyClass, cost:0
12-14 15:47:31.574  4184  4184 D BaseApplicationImpl: [E]injectPatchDex false
12-14 15:47:31.574  4184  4184 D AndroidRuntime: Shutting down VM
12-14 15:47:31.574  4184  4184 E AndroidRuntime: FATAL EXCEPTION: main
12-14 15:47:31.574  4184  4184 E AndroidRuntime: Process: com.tencent.mobileqq, PID: 4184
12-14 15:47:31.574  4184  4184 E AndroidRuntime: java.lang.NoClassDefFoundError: Failed resolution of: Lcom/tencent/mobileqq/hotpatch/NotVerifyClass;
12-14 15:47:31.574  4184  4184 E AndroidRuntime: 	at com.tencent.mobileqq.app.FontSettingManager.<clinit>(ProGuard)
12-14 15:47:31.574  4184  4184 E AndroidRuntime: 	at com.tencent.common.app.BaseApplicationImpl.attachBaseContext(ProGuard:368)
12-14 15:47:31.574  4184  4184 E AndroidRuntime: 	at android.app.Application.attach(Application.java:181)
12-14 15:47:31.574  4184  4184 E AndroidRuntime: 	at android.app.Instrumentation.newApplication(Instrumentation.java:996)
12-14 15:47:31.574  4184  4184 E AndroidRuntime: 	at android.app.Instrumentation.newApplication(Instrumentation.java:980)
12-14 15:47:31.574  4184  4184 E AndroidRuntime: 	at android.app.LoadedApk.makeApplication(LoadedApk.java:558)
12-14 15:47:31.574  4184  4184 E AndroidRuntime: 	at android.app.ActivityThread.handleBindApplication(ActivityThread.java:4526)
12-14 15:47:31.574  4184  4184 E AndroidRuntime: 	at android.app.ActivityThread.access$1500(ActivityThread.java:151)
12-14 15:47:31.574  4184  4184 E AndroidRuntime: 	at android.app.ActivityThread$H.handleMessage(ActivityThread.java:1364)
12-14 15:47:31.574  4184  4184 E AndroidRuntime: 	at android.os.Handler.dispatchMessage(Handler.java:102)
12-14 15:47:31.574  4184  4184 E AndroidRuntime: 	at android.os.Looper.loop(Looper.java:135)
12-14 15:47:31.574  4184  4184 E AndroidRuntime: 	at android.app.ActivityThread.main(ActivityThread.java:5254)
12-14 15:47:31.574  4184  4184 E AndroidRuntime: 	at java.lang.reflect.Method.invoke(Native Method)
12-14 15:47:31.574  4184  4184 E AndroidRuntime: 	at java.lang.reflect.Method.invoke(Method.java:372)
12-14 15:47:31.574  4184  4184 E AndroidRuntime: 	at com.android.internal.os.ZygoteInit$MethodAndArgsCaller.run(ZygoteInit.java:903)
12-14 15:47:31.574  4184  4184 E AndroidRuntime: 	at com.android.internal.os.ZygoteInit.main(ZygoteInit.java:698)
12-14 15:47:31.574  4184  4184 E AndroidRuntime: Caused by: java.lang.ClassNotFoundException: Didn't find class "com.tencent.mobileqq.hotpatch.NotVerifyClass" on path: DexPathList[[zip file "/system/framework/com.google.android.media.effects.jar", zip file "/data/app/com.tencent.mobileqq-1/base.apk"],nativeLibraryDirectories=[/vendor/lib64, /system/lib64]]
12-14 15:47:31.574  4184  4184 E AndroidRuntime: 	at dalvik.system.BaseDexClassLoader.findClass(BaseDexClassLoader.java:56)
12-14 15:47:31.574  4184  4184 E AndroidRuntime: 	at java.lang.ClassLoader.loadClass(ClassLoader.java:511)
12-14 15:47:31.574  4184  4184 E AndroidRuntime: 	at java.lang.ClassLoader.loadClass(ClassLoader.java:469)
12-14 15:47:31.574  4184  4184 E AndroidRuntime: 	... 16 more
12-14 15:47:31.574  4184  4184 E AndroidRuntime: 	Suppressed: java.lang.ClassNotFoundException: com.tencent.mobileqq.hotpatch.NotVerifyClass
12-14 15:47:31.574  4184  4184 E AndroidRuntime: 		at java.lang.Class.classForName(Native Method)
12-14 15:47:31.574  4184  4184 E AndroidRuntime: 		at java.lang.BootClassLoader.findClass(ClassLoader.java:781)
12-14 15:47:31.574  4184  4184 E AndroidRuntime: 		at java.lang.BootClassLoader.loadClass(ClassLoader.java:841)
12-14 15:47:31.574  4184  4184 E AndroidRuntime: 		at java.lang.ClassLoader.loadClass(ClassLoader.java:504)
12-14 15:47:31.574  4184  4184 E AndroidRuntime: 		... 17 more
12-14 15:47:31.574  4184  4184 E AndroidRuntime: 	Caused by: java.lang.NoClassDefFoundError: Class not found using the boot class loader; no stack available
12-14 15:47:31.574  2074  2236 W ActivityManager:   Force finishing activity 1 com.tencent.mobileqq/.activity.SplashActivity
12-14 15:47:31.601  2074  2125 I EGL-DRI2: DRI2: found extension DRI_Core version 1
12-14 15:47:31.601  2074  2125 I EGL-DRI2: DRI2: found extension DRI_DRI2 version 4
12-14 15:47:31.605  2074  2125 I EGL-DRI2: DRI2: found extension DRI_TexBuffer version 3
12-14 15:47:31.605  2074  2125 I EGL-DRI2: DRI2: found extension DRI2_Flush version 4
12-14 15:47:31.605  2074  2125 I EGL-DRI2: DRI2: found extension DRI_IMAGE version 11
12-14 15:47:31.605  2074  2125 I OpenGLRenderer: Initialized EGL, version 1.4
12-14 15:47:31.697  2074  2104 I WindowManager: Screen frozen for +193ms due to Window{6199c05 u0 NavigationBar}
12-14 15:47:32.069  2074  3039 W ActivityManager: Unable to start service Intent { act=com.google.android.gms.analytics.service.START cmp=com.google.android.gms/.analytics.service.AnalyticsService (has extras) } U=0: not found
12-14 15:47:32.069  3357  3395 W GAV2    : Thread[GAThread,5,main]: Service unavailable (code=1), will retry.
12-14 15:47:32.070  3357  3395 I GAV2    : Thread[GAThread,5,main]: No campaign data found.
12-14 15:47:32.074  2074  2099 W ActivityManager: Activity pause timeout for ActivityRecord{2d0b2618 u0 com.tencent.mobileqq/.activity.SplashActivity t59 f}
12-14 15:47:32.084  2421  2421 W Launcher: setApplicationContext called twice! old=com.android.launcher3.LauncherApplication@1e3d79d9 new=com.android.launcher3.LauncherApplication@1e3d79d9
12-14 15:47:32.086  2421  2421 W ResourceType: Attempt to retrieve bag 0x7f0d0008 which is invalid or in a cycle.
12-14 15:47:32.089  2421  2421 D Launcher: 11683562 - bindAddScreens()
12-14 15:47:32.089  2421  2421 D Launcher: 11683562 -   orderedScreenIds: 3, 4
12-14 15:47:32.089  2421  2421 D Launcher.Workspace: 11683562 - insertNewWorkspaceScreen(): 3 at index: 0
12-14 15:47:32.090  2421  2421 D Launcher.Workspace: 11683562 - insertNewWorkspaceScreen(): 4 at index: 1
12-14 15:47:32.097  2074  3037 V WindowManager: Based on layer: Adding window Window{232f878c u0 com.android.launcher3/com.android.launcher3.Launcher} at 1 of 7
12-14 15:47:32.156  2074  2410 I ActivityManager: Killing 3322:com.android.exchange/u0a36 (adj 15): empty #17
12-14 15:47:33.062  3829  3829 D MusicLifecycle: com.google.android.music.leanback.AutoCacheSchedulingService$EnablingReceiver generated event: Broadcast received with context android.app.ReceiverRestrictedContext@23aae2c3 and intent Intent { act=com.google.android.music.START_DOWNLOAD_SCHEDULING flg=0x10 cmp=com.google.android.music/.leanback.AutoCacheSchedulingService$EnablingReceiver }
12-14 15:47:33.064  3829  3829 D MusicLifecycle: com.google.android.music.leanback.AutoCacheSchedulingService generated event: Service created
12-14 15:47:33.065  3829  3829 D MusicLifecycle: com.google.android.music.leanback.AutoCacheSchedulingService generated event: Service started with intent Intent { act=com.google.android.music.leanback.APP_IN_USE cmp=com.google.android.music/.leanback.AutoCacheSchedulingService (has extras) }
12-14 15:47:33.065  3829  3829 D MusicLifecycle: com.google.android.music.wear.WearBroadcastReceiver generated event: Broadcast received with context android.app.ReceiverRestrictedContext@23aae2c3 and intent Intent { act=com.google.android.music.START_DOWNLOAD_SCHEDULING flg=0x10 cmp=com.google.android.music/.wear.WearBroadcastReceiver }
12-14 15:47:33.066  3829  3829 D MusicLifecycle: com.google.android.music.download.TrackDownloadQueueService generated event: Service created
12-14 15:47:33.067  3829  3829 D MusicLifecycle: com.google.android.music.download.cache.TrackCacheService generated event: Service created
12-14 15:47:33.067  3829  4217 I MusicLeanback: Conditions not met for autocaching. okToAttempt=false
12-14 15:47:33.067  3829  4217 I MusicLeanback: Stop autocaching.
12-14 15:47:33.068  3829  3829 D MusicLifecycle: com.google.android.music.wear.WearMetadataSyncService generated event: Service created
12-14 15:47:33.068  3829  3829 D MusicLifecycle: com.google.android.music.wear.WearMetadataSyncService generated event: Service started with intent Intent { cmp=com.google.android.music/.wear.WearMetadataSyncService }
12-14 15:47:33.069  3829  3829 E GmsUtils: Failed to connect to Google API client: ConnectionResult{statusCode=API_UNAVAILABLE, resolution=null}
12-14 15:47:33.069  3829  3829 D MusicLifecycle: com.google.android.music.download.cache.TrackCacheService generated event: Service destroyed
12-14 15:47:33.069  3829  3829 D MusicLifecycle: com.google.android.music.download.TrackDownloadQueueService generated event: Service destroyed
12-14 15:47:33.069  3829  4221 E GmsUtils: Failed to connect to Google API client: ConnectionResult{statusCode=API_UNAVAILABLE, resolution=null}
12-14 15:47:33.069  3829  3829 D MusicLifecycle: com.google.android.music.wear.WearMetadataSyncService generated event: Service destroyed
12-14 15:47:33.077  2213  2213 W ResourceType: No package identifier when getting value for resource number 0x00000000
12-14 15:47:33.077  2213  2213 W PackageManager: Failure retrieving resources for com.tencent.mobileqq: Resource ID #0x0
12-14 15:47:33.390  3210  4061 I GlobalDismissManager: no sender configured
12-14 15:47:33.390  3210  4061 D AlertService: Beginning updateAlertNotification
12-14 15:47:33.392  3210  4061 D AlertService: No fired or scheduled alerts
12-14 15:47:33.393  3210  4061 D AlertService: Scheduling next alarm with AlarmScheduler. sEventReminderReceived: null
12-14 15:47:33.395  3210  4061 D AlarmScheduler: No events found starting within 1 week.
12-14 15:47:33.395  3210  4061 D AlertService: 0 Action = android.intent.action.PROVIDER_CHANGED
12-14 15:47:33.430  3783  3827 V xiaomi  : [Thread:51] connected to 42.62.94.2:5222 in 5024
12-14 15:47:33.430  2074  2286 W ActivityManager: getRunningAppProcesses: caller 10062 does not hold REAL_GET_TASKS; limiting output
12-14 15:47:33.436  3783  4224 V xiaomi  : [Thread:55] setChallenge hash = 8fde99ea
12-14 15:47:33.436  3783  4224 V xiaomi  : [Thread:55] update the connection status. connecting -> connected : ERROR_OK 
12-14 15:47:33.437  3783  3827 V xiaomi  : [Thread:51] JOB: bind the client. 5, 51361026709@xiaomi.com/anAvhjDg
12-14 15:47:33.437  3783  3827 V xiaomi  : [Thread:51] update the client 5 status. unbind->binding unknown ERROR_OK null null
12-14 15:47:33.439  3783  3827 V xiaomi  : [Thread:51] SMACK: bind id=ca0PU-0
12-14 15:47:33.451  3783  3827 V xiaomi  : [Thread:51] update the client 5 status. binding->binded OPEN ERROR_OK null null
