12-14 15:47:22.269  2074  2122 W PackageManager: Unknown permission android.permission.LOCAL_MAC_ADDRESS in package com.google.android.gms
12-14 15:47:22.269  2074  2122 W PackageManager: Unknown permission android.permission.CHANGE_DEVICE_IDLE_TEMP_WHITELIST in package com.google.android.gms
12-14 15:47:22.269  2074  2122 W PackageManager: Unknown permission android.permission.NOTIFY_PENDING_SYSTEM_UPDATE in package com.google.android.gms
12-14 15:47:22.269  2074  2122 W PackageManager: Unknown permission com.google.android.launcher.permission.RECEIVE_LAUNCH_BROADCASTS in package com.google.android.gms
12-14 15:47:22.269  2074  2122 W PackageManager: Not granting permission android.permission.MANAGE_DOCUMENTS to package com.google.android.gms (protectionLevel=2 flags=0xc0483e45)
12-14 15:47:22.269  2074  2122 W PackageManager: Unknown permission com.android.launcher.permission.PRELOAD_WORKSPACE in package com.google.android.partnersetup
12-14 15:47:22.269  2074  2122 W PackageManager: Not granting permission android.permission.CHANGE_CONFIGURATION to package com.tencent.mobileqq (protectionLevel=50 flags=0x83e44)
12-14 15:47:22.269  2074  2122 W PackageManager: Unknown permission com.android.launcher.permission.READ_SETTINGS in package com.tencent.mobileqq
12-14 15:47:22.269  2074  2122 W PackageManager: Unknown permission com.tencent.permission.VIRUS_SCAN in package com.tencent.mobileqq
12-14 15:47:22.269  2074  2122 W PackageManager: Not granting permission android.permission.READ_LOGS to package com.tencent.mobileqq (protectionLevel=50 flags=0x83e44)
12-14 15:47:22.269  2074  2122 W PackageManager: Unknown permission android.permission.WRITE_OWNER_DATA in package com.tencent.mobileqq
12-14 15:47:22.269  2074  2122 W PackageManager: Unknown permission android.permission.SYSTEM_OVERLAY_WINDOW in package com.tencent.mobileqq
12-14 15:47:22.269  2074  2122 W PackageManager: Not granting permission android.permission.INTERACT_ACROSS_USERS to package com.tencent.mobileqq (protectionLevel=50 flags=0x83e44)
12-14 15:47:22.269  2074  2122 W PackageManager: Unknown permission com.android.launcher.permission.WRITE_SETTINGS in package com.tencent.mobileqq
12-14 15:47:22.269  2074  2122 W PackageManager: Not granting permission com.android.launcher3.permission.WRITE_SETTINGS to package com.tencent.mobileqq (protectionLevel=18 flags=0x83e44)
12-14 15:47:22.269  2074  2122 W PackageManager: Unknown permission com.google.android.launcher.permission.READ_SETTINGS in package com.tencent.mobileqq
12-14 15:47:22.269  2074  2122 W PackageManager: Unknown permission com.bbk.launcher2.permission.READ_SETTINGS in package com.tencent.mobileqq
12-14 15:47:22.269  2074  2122 W PackageManager: Unknown permission com.huaqin.launcherEx.permission.READ_SETTINGS in package com.tencent.mobileqq
12-14 15:47:22.269  2074  2122 W PackageManager: Unknown permission com.htc.launcher.settings in package com.tencent.mobileqq
12-14 15:47:22.269  2074  2122 W PackageManager: Unknown permission com.htc.launcher.permission.READ_SETTINGS in package com.tencent.mobileqq
12-14 15:47:22.269  2074  2122 W PackageManager: Unknown permission com.htc.launcher.permission.WRITE_SETTINGS in package com.tencent.mobileqq
12-14 15:47:22.269  2074  2122 W PackageManager: Unknown permission com.huawei.launcher3.permission.READ_SETTINGS in package com.tencent.mobileqq
12-14 15:47:22.269  2074  2122 W PackageManager: Unknown permission com.huawei.android.launcher.permission.READ_SETTINGS in package com.tencent.mobileqq
12-14 15:47:22.269  2074  2122 W PackageManager: Unknown permission com.sonyericsson.home.permission.BROADCAST_BADGE in package com.tencent.mobileqq
12-14 15:47:22.269  2074  2122 W PackageManager: Unknown permission com.sec.android.provider.badge.permission.READ in package com.tencent.mobileqq
12-14 15:47:22.269  2074  2122 W PackageManager: Unknown permission com.sec.android.provider.badge.permission.WRITE in package com.tencent.mobileqq
12-14 15:47:22.269  2074  2122 W PackageManager: Unknown permission com.lenovo.launcher.permission.BADGE_READ in package com.tencent.mobileqq
12-14 15:47:22.269  2074  2122 W PackageManager: Unknown permission com.lenovo.launcher.permission.BADGE_WRITE in package com.tencent.mobileqq
12-14 15:47:22.269  2074  2122 W PackageManager: Unknown permission com.huawei.android.launcher.permission.CHANGE_BADGE in package com.tencent.mobileqq
12-14 15:47:22.269  2074  2122 W PackageManager: Unknown permission com.huawei.authentication.HW_ACCESS_AUTH_SERVICE in package com.tencent.mobileqq
12-14 15:47:22.269  2074  2122 W PackageManager: Not granting permission android.permission.DELETE_PACKAGES to package com.svox.pico (protectionLevel=18 flags=0x8be45)
12-14 15:47:22.269  2074  2122 W PackageManager: Unknown permission com.cyanogenmod.filemanager.permissions.READ_THEME in package com.cyanogenmod.filemanager
12-14 15:47:22.269  2074  2122 W PackageManager: Not granting permission android.permission.CONTROL_KEYGUARD to package com.google.android.gsf.login (protectionLevel=2 flags=0x4048be45)
12-14 15:47:22.269  2074  2122 W PackageManager: Unknown permission com.android.vending.billing.IBillingAccountService.BIND2 in package com.google.android.gsf.login
12-14 15:47:22.269  2074  2122 W PackageManager: Unknown permission com.android.chrome.TOS_ACKED in package com.google.android.gsf.login
12-14 15:47:22.269  2074  2122 W PackageManager: Unknown permission com.android.launcher.permission.READ_SETTINGS in package com.android.settings
12-14 15:47:22.269  2074  2122 W PackageManager: Unknown permission com.android.launcher.permission.WRITE_SETTINGS in package com.android.settings
12-14 15:47:22.269  2074  2122 W PackageManager: Unknown permission com.android.smspush.WAPPUSH_MANAGER_BIND in package com.android.phone
12-14 15:47:22.269  2074  2122 W PackageManager: Not granting permission android.permission.DEVICE_POWER to package com.android.deskclock (protectionLevel=2 flags=0x48be45)
12-14 15:47:22.269  2074  2122 W PackageManager: Unknown permission com.google.android.gallery3d.permission.GALLERY_PROVIDER in package com.android.bluetooth
12-14 15:47:22.269  2074  2122 W PackageManager: Unknown permission com.xiaomi.permission.AUTH_SERVICE in package cn.wps.moffice_eng
12-14 15:47:22.269  2074  2122 W PackageManager: Unknown permission com.android.launcher.permission.READ_SETTINGS in package cn.wps.moffice_eng
12-14 15:47:22.269  2074  2122 W PackageManager: Unknown permission com.google.android.launcher.permission.READ_SETTINGS in package cn.wps.moffice_eng
12-14 15:47:22.269  2074  2122 W PackageManager: Unknown permission com.miui.miuilite.launcher.permission.READ_SETTINGS in package cn.wps.moffice_eng
12-14 15:47:22.269  2074  2122 W PackageManager: Unknown permission com.lenovo.launcher.permission.READ_SETTINGS in package cn.wps.moffice_eng
12-14 15:47:22.269  2074  2122 W PackageManager: Unknown permission org.adw.launcher.permission.READ_SETTINGS in package cn.wps.moffice_eng
12-14 15:47:22.269  2074  2122 W PackageManager: Unknown permission com.qihoo360.launcher.permission.READ_SETTINGS in package cn.wps.moffice_eng
12-14 15:47:22.269  2074  2122 W PackageManager: Unknown permission com.lge.launcher.permission.READ_SETTINGS in package cn.wps.moffice_eng
12-14 15:47:22.269  2074  2122 W PackageManager: Unknown permission net.qihoo.launcher.permission.READ_SETTINGS in package cn.wps.moffice_eng
12-14 15:47:22.269  2074  2122 W PackageManager: Unknown permission org.adwfreak.launcher.permission.READ_SETTINGS in package cn.wps.moffice_eng
12-14 15:47:22.269  2074  2122 W PackageManager: Unknown permission com.huawei.launcher3.permission.READ_SETTINGS in package cn.wps.moffice_eng
12-14 15:47:22.269  2074  2122 W PackageManager: Unknown permission com.huawei.android.launcher.permission.READ_SETTINGS in package cn.wps.moffice_eng
12-14 15:47:22.269  2074  2122 W PackageManager: Unknown permission com.fede.launcher.permission.READ_SETTINGS in package cn.wps.moffice_eng
12-14 15:47:22.269  2074  2122 W PackageManager: Unknown permission com.sec.android.app.twlauncher.settings.READ_SETTINGS in package cn.wps.moffice_eng
12-14 15:47:22.269  2074  2122 W PackageManager: Unknown permission com.anddoes.launcher.permission.READ_SETTINGS in package cn.wps.moffice_eng
12-14 15:47:22.269  2074  2122 W PackageManager: Unknown permission com.tencent.qlauncher.permission.READ_SETTINGS in package cn.wps.moffice_eng
12-14 15:47:22.269  2074  2122 W PackageManager: Unknown permission com.aliyun.homeshell.permission.READ_SETTINGS in package cn.wps.moffice_eng
12-14 15:47:22.269  2074  2122 W PackageManager: Unknown permission com.teslacoilsw.launcher.permission.READ_SETTINGS in package cn.wps.moffice_eng
12-14 15:47:22.269  2074  2122 W PackageManager: Unknown permission com.htc.launcher.permission.READ_SETTINGS in package cn.wps.moffice_eng
12-14 15:47:22.269  2074  2122 W PackageManager: Unknown permission cn.nubia.launcher.permission.READ_SETTINGS in package cn.wps.moffice_eng
12-14 15:47:22.277  2074  2118 D EventHub: No input device configuration file found for device 'Video Bus'.
12-14 15:47:22.278  2074  2118 W EventHub: Unable to disable kernel key repeat for /dev/input/event6: Function not implemented
12-14 15:47:22.278  2074  2118 I EventHub: New device: id=2, fd=83, path='/dev/input/event6', name='Video Bus', classes=0x1, configuration='', keyLayout='/system/usr/keylayout/Generic.kl', keyCharacterMap='/system/usr/keychars/Generic.kcm', builtinKeyboard=false, wakeMechanism=EPOLLWAKEUP, usingClockIoctl=true
12-14 15:47:22.278  2074  2118 D EventHub: No input device configuration file found for device 'Video Bus'.
12-14 15:47:22.279  2074  2118 W EventHub: Unable to disable kernel key repeat for /dev/input/event5: Function not implemented
12-14 15:47:22.279  2074  2118 I EventHub: New device: id=3, fd=82, path='/dev/input/event5', name='Video Bus', classes=0x1, configuration='', keyLayout='/system/usr/keylayout/Generic.kl', keyCharacterMap='/system/usr/keychars/Generic.kcm', builtinKeyboard=false, wakeMechanism=EPOLLWAKEUP, usingClockIoctl=true
12-14 15:47:22.279  2074  2118 D EventHub: No input device configuration file found for device 'Lid Switch'.
12-14 15:47:22.279  2074  2118 I EventHub: New device: id=4, fd=84, path='/dev/input/event0', name='Lid Switch', classes=0x80, configuration='', keyLayout='', keyCharacterMap='', builtinKeyboard=false, wakeMechanism=EPOLLWAKEUP, usingClockIoctl=true
12-14 15:47:22.279  2074  2118 D EventHub: No input device configuration file found for device 'PC Speaker'.
12-14 15:47:22.281  2123  2123 I dex2oat : /system/bin/dex2oat --zip-fd=5 --zip-location=/system/app/Galaxy4/Galaxy4.apk --oat-fd=6 --oat-location=/data/dalvik-cache/x86/system@app@Galaxy4@Galaxy4.apk@classes.dex --instruction-set=x86 --instruction-set-features=default --runtime-arg -Xms64m --runtime-arg -Xmx512m --swap-fd=7
12-14 15:47:22.284  2123  2123 E dex2oat : Failed to open dex from file descriptor for zip file '/system/app/Galaxy4/Galaxy4.apk': Entry not found
12-14 15:47:22.286  2074  2125 D OpenGLRenderer: Use EGL_SWAP_BEHAVIOR_PRESERVED: true
12-14 15:47:22.304  2074  2118 E EventHub: could not get driver version for /dev/input/mouse1, Not a typewriter
12-14 15:47:22.315  2074  2125 I GRALLOC-DRM: create intel for driver i915
12-14 15:47:22.316  2074  2125 I EGL-DRI2: DRI2: found extension DRI_Core version 1
12-14 15:47:22.316  2074  2125 I EGL-DRI2: DRI2: found extension DRI_DRI2 version 4
12-14 15:47:22.319  2074  2125 I EGL-DRI2: DRI2: found extension DRI_TexBuffer version 3
12-14 15:47:22.319  2074  2125 I EGL-DRI2: DRI2: found extension DRI2_Flush version 4
12-14 15:47:22.319  2074  2125 I EGL-DRI2: DRI2: found extension DRI_IMAGE version 11
12-14 15:47:22.319  2074  2125 I OpenGLRenderer: Initialized EGL, version 1.4
12-14 15:47:22.319  2074  2125 W OpenGLRenderer: Failed to choose config with EGL_SWAP_BEHAVIOR_PRESERVED, retrying without...
12-14 15:47:22.320  2074  2125 D OpenGLRenderer: Enabling debug mode 0
12-14 15:47:22.325  2074  2118 I EventHub: New device: id=6, fd=93, path='/dev/input/event14', name='ETPS/2 Elantech Touchpad', classes=0x14, configuration='/system/usr/idc/ETPS_2_Elantech_Touchpad.idc', keyLayout='', keyCharacterMap='', builtinKeyboard=false, wakeMechanism=EPOLLWAKEUP, usingClockIoctl=true
12-14 15:47:22.325  2074  2118 D EventHub: No input device configuration file found for device 'AT Translated Set 2 keyboard'.
12-14 15:47:22.326  2074  2118 I EventHub: New device: id=7, fd=94, path='/dev/input/event3', name='AT Translated Set 2 keyboard', classes=0x3, configuration='', keyLayout='/system/usr/keylayout/Generic.kl', keyCharacterMap='/system/usr/keychars/Generic.kcm', builtinKeyboard=false, wakeMechanism=EPOLLWAKEUP, usingClockIoctl=true
12-14 15:47:22.327  2074  2118 D EventHub: No input device configuration file found for device 'MSI WMI hotkeys'.
12-14 15:47:22.327  2074  2118 W EventHub: Unable to disable kernel key repeat for /dev/input/event13: Function not implemented
12-14 15:47:22.327  2074  2118 I EventHub: New device: id=8, fd=95, path='/dev/input/event13', name='MSI WMI hotkeys', classes=0x1, configuration='', keyLayout='/system/usr/keylayout/Generic.kl', keyCharacterMap='/system/usr/keychars/Generic.kcm', builtinKeyboard=false, wakeMechanism=EPOLLWAKEUP, usingClockIoctl=true
12-14 15:47:22.340  1797  1840 I SurfaceFlinger: Boot is finished (3017 ms)
12-14 15:47:22.378  2074  2118 E EventHub: could not get driver version for /dev/input/mice, Not a typewriter
12-14 15:47:22.390  2074  2118 D EventHub: No input device configuration file found for device 'HDA Intel PCH Headphone'.
12-14 15:47:22.390  2074  2118 I EventHub: New device: id=9, fd=96, path='/dev/input/event11', name='HDA Intel PCH Headphone', classes=0x80, configuration='', keyLayout='', keyCharacterMap='', builtinKeyboard=false, wakeMechanism=EPOLLWAKEUP, usingClockIoctl=true
12-14 15:47:22.390  2074  2118 D EventHub: No input device configuration file found for device 'HDA Intel PCH Mic'.
12-14 15:47:22.390  2074  2118 I EventHub: New device: id=10, fd=97, path='/dev/input/event10', name='HDA Intel PCH Mic', classes=0x80, configuration='', keyLayout='', keyCharacterMap='', builtinKeyboard=false, wakeMechanism=EPOLLWAKEUP, usingClockIoctl=true
12-14 15:47:22.405  1808  1808 I AudioFlinger: Using module 1 has the primary audio interface
12-14 15:47:22.405  1808  2128 I AudioFlinger: AudioFlinger's thread 0xf58bd000 ready to run
12-14 15:47:22.405  1808  2129 I AudioFlinger: AudioFlinger's thread 0xf5951000 ready to run
12-14 15:47:22.406  1808  1808 D BlueZ   : external/bluetooth/bluez/android/hal-audio.c:audio_open() 
12-14 15:47:22.406  1808  1808 D BlueZ   : external/bluetooth/bluez/android/hal-audio.c:audio_ipc_init() 
12-14 15:47:22.406  1808  2130 D BlueZ   : external/bluetooth/bluez/android/hal-audio.c:ipc_handler() 
12-14 15:47:22.406  1808  2130 D BlueZ   : external/bluetooth/bluez/android/hal-audio.c:ipc_handler() Waiting for connection ...
12-14 15:47:22.406  1808  1808 E BlueZ   : APTX: failed to open library libbt-aptx.so (dlopen failed: library "libbt-aptx.so" not found)
12-14 15:47:22.406  1808  1808 D BlueZ   : external/bluetooth/bluez/android/hal-audio.c:audio_init_check() 
12-14 15:47:22.406  1808  1808 D BlueZ   : external/bluetooth/bluez/android/hal-audio.c:audio_set_master_volume() 
12-14 15:47:22.406  1808  1808 D BlueZ   : external/bluetooth/bluez/android/hal-audio.c:set_master_mute() 
12-14 15:47:22.406  1808  1808 I AudioFlinger: loadHwModule() Loaded a2dp audio interface from A2DP Bluez HW HAL (audio) handle 4
12-14 15:47:22.407  1808  1808 I AudioFlinger: loadHwModule() Loaded usb audio interface from USB audio HW HAL (audio) handle 5
12-14 15:47:22.407  1808  1808 E SoundTriggerHwService: couldn't load sound trigger module sound_trigger.primary (No such file or directory)
12-14 15:47:22.441  2074  2118 E EventHub: could not get driver version for /dev/input/mouse0, Not a typewriter
12-14 15:47:22.486  1809  1809 E installd: DexInv: --- END '/system/app/Galaxy4/Galaxy4.apk' --- status=0x0100, process failed
12-14 15:47:22.486  2074  2074 I PackageManager: Running dexopt on: /system/app/HoloSpiralWallpaper/HoloSpiralWallpaper.apk pkg=com.android.wallpaper.holospiral isa=x86 vmSafeMode=false
12-14 15:47:22.491  2132  2132 I dex2oat : /system/bin/dex2oat --zip-fd=5 --zip-location=/system/app/HoloSpiralWallpaper/HoloSpiralWallpaper.apk --oat-fd=6 --oat-location=/data/dalvik-cache/x86/system@app@HoloSpiralWallpaper@HoloSpiralWallpaper.apk@classes.dex --instruction-set=x86 --instruction-set-features=default --runtime-arg -Xms64m --runtime-arg -Xmx512m --swap-fd=10
12-14 15:47:22.492  2132  2132 E dex2oat : Failed to open dex from file descriptor for zip file '/system/app/HoloSpiralWallpaper/HoloSpiralWallpaper.apk': Entry not found
12-14 15:47:22.506  2074  2118 D EventHub: No input device configuration file found for device 'Logitech USB Optical Mouse'.
12-14 15:47:22.506  2074  2118 I EventHub: New device: id=11, fd=98, path='/dev/input/event4', name='Logitech USB Optical Mouse', classes=0x80000008, configuration='', keyLayout='', keyCharacterMap='', builtinKeyboard=false, wakeMechanism=EPOLLWAKEUP, usingClockIoctl=true
12-14 15:47:22.506  2074  2118 D EventHub: No input device configuration file found for device 'HDA Intel HDMI HDMI/DP,pcm=8'.
12-14 15:47:22.506  2074  2118 I EventHub: New device: id=12, fd=99, path='/dev/input/event9', name='HDA Intel HDMI HDMI/DP,pcm=8', classes=0x80, configuration='', keyLayout='', keyCharacterMap='', builtinKeyboard=false, wakeMechanism=EPOLLWAKEUP, usingClockIoctl=true
12-14 15:47:22.506  2074  2118 D EventHub: No input device configuration file found for device 'HDA Intel HDMI HDMI/DP,pcm=7'.
12-14 15:47:22.506  2074  2118 I EventHub: New device: id=13, fd=100, path='/dev/input/event8', name='HDA Intel HDMI HDMI/DP,pcm=7', classes=0x80, configuration='', keyLayout='', keyCharacterMap='', builtinKeyboard=false, wakeMechanism=EPOLLWAKEUP, usingClockIoctl=true
12-14 15:47:22.506  2074  2118 D EventHub: No input device configuration file found for device 'HDA Intel HDMI HDMI/DP,pcm=3'.
12-14 15:47:22.506  2074  2118 I EventHub: New device: id=14, fd=101, path='/dev/input/event7', name='HDA Intel HDMI HDMI/DP,pcm=3', classes=0x80, configuration='', keyLayout='', keyCharacterMap='', builtinKeyboard=false, wakeMechanism=EPOLLWAKEUP, usingClockIoctl=true
12-14 15:47:22.507  2074  2118 I InputReader: Device added: id=-1, name='Virtual', sources=0x00000301
12-14 15:47:22.508  2074  2118 I InputReader: Device added: id=14, name='HDA Intel HDMI HDMI/DP,pcm=3', sources=0x80000000
12-14 15:47:22.508  2074  2118 I InputReader: Device added: id=13, name='HDA Intel HDMI HDMI/DP,pcm=7', sources=0x80000000
12-14 15:47:22.508  2074  2118 I InputReader: Device added: id=12, name='HDA Intel HDMI HDMI/DP,pcm=8', sources=0x80000000
12-14 15:47:22.509  2074  2118 I InputReader: Device added: id=11, name='Logitech USB Optical Mouse', sources=0x00002002
12-14 15:47:22.509  2074  2118 I InputReader: Device added: id=10, name='HDA Intel PCH Mic', sources=0x80000000
12-14 15:47:22.509  2074  2118 I InputReader: Device added: id=9, name='HDA Intel PCH Headphone', sources=0x80000000
12-14 15:47:22.509  2074  2118 I InputReader: Device added: id=8, name='MSI WMI hotkeys', sources=0x00000101
12-14 15:47:22.509  2074  2118 I InputReader: Device added: id=7, name='AT Translated Set 2 keyboard', sources=0x00000101
12-14 15:47:22.509  2074  2118 I InputReader:   Touch device 'ETPS/2 Elantech Touchpad' could not query the properties of its associated display.  The device will be inoperable until the display size becomes available.
12-14 15:47:22.509  2074  2118 I InputReader: Device added: id=6, name='ETPS/2 Elantech Touchpad', sources=0x00002002
12-14 15:47:22.509  2074  2118 I InputReader: Device added: id=4, name='Lid Switch', sources=0x80000000
12-14 15:47:22.509  2074  2118 I InputReader: Device added: id=3, name='Video Bus', sources=0x00000101
12-14 15:47:22.509  2074  2118 I InputReader: Device added: id=2, name='Video Bus', sources=0x00000101
12-14 15:47:22.509  2074  2118 I InputReader: Device added: id=1, name='Android Power Button', sources=0x00000101
12-14 15:47:22.509  2074  2118 I InputReader: Reconfiguring input devices.  changes=0x00000004
12-14 15:47:22.509  2074  2118 I InputReader: Device reconfigured: id=6, name='ETPS/2 Elantech Touchpad', size 1920x1080, orientation 0, mode 4, display id 0
12-14 15:47:22.509  2074  2117 I ActivityManager: Config changes=30 {1.0 ?mcc?mnc zh_CN ?layoutDir sw720dp w1280dp h646dp 240dpi lrg long land ?uimode ?night -touch qwerty/v/v -nav/h s.4}
12-14 15:47:22.514  2074  2117 I InputDispatcher: Dropped event because input dispatch is disabled.
12-14 15:47:22.522  2074  2117 I InputDispatcher: Dropped event because input dispatch is disabled.
12-14 15:47:22.530  2074  2117 I InputDispatcher: Dropped event because input dispatch is disabled.
12-14 15:47:22.538  2074  2117 I InputDispatcher: Dropped event because input dispatch is disabled.
12-14 15:47:22.546  2074  2117 I InputDispatcher: Dropped event because input dispatch is disabled.
12-14 15:47:22.554  2074  2117 I InputDispatcher: Dropped event because input dispatch is disabled.
12-14 15:47:22.562  2074  2117 I InputDispatcher: Dropped event because input dispatch is disabled.
12-14 15:47:22.570  2074  2117 I InputDispatcher: Dropped event because input dispatch is disabled.
12-14 15:47:22.578  2074  2117 I InputDispatcher: Dropped event because input dispatch is disabled.
12-14 15:47:22.586  2074  2117 I InputDispatcher: Dropped event because input dispatch is disabled.
12-14 15:47:22.594  2074  2117 I InputDispatcher: Dropped event because input dispatch is disabled.
12-14 15:47:22.602  2074  2117 I InputDispatcher: Dropped event because input dispatch is disabled.
12-14 15:47:22.610  2074  2117 I InputDispatcher: Dropped event because input dispatch is disabled.
12-14 15:47:22.618  2074  2117 I InputDispatcher: Dropped event because input dispatch is disabled.
12-14 15:47:22.626  2074  2117 I InputDispatcher: Dropped event because input dispatch is disabled.
12-14 15:47:22.634  2074  2117 I InputDispatcher: Dropped event because input dispatch is disabled.
12-14 15:47:22.642  2074  2117 I InputDispatcher: Dropped event because input dispatch is disabled.
12-14 15:47:22.650  2074  2117 I InputDispatcher: Dropped event because input dispatch is disabled.
12-14 15:47:22.658  2074  2117 I InputDispatcher: Dropped event because input dispatch is disabled.
12-14 15:47:22.666  2074  2117 I InputDispatcher: Dropped event because input dispatch is disabled.
12-14 15:47:22.674  2074  2117 I InputDispatcher: Dropped event because input dispatch is disabled.
12-14 15:47:22.682  2074  2117 I InputDispatcher: Dropped event because input dispatch is disabled.
12-14 15:47:22.690  2074  2117 I InputDispatcher: Dropped event because input dispatch is disabled.
12-14 15:47:22.694  1809  1809 E installd: DexInv: --- END '/system/app/HoloSpiralWallpaper/HoloSpiralWallpaper.apk' --- status=0x0100, process failed
12-14 15:47:22.694  2074  2074 I PackageManager: Running dexopt on: /system/app/VisualizationWallpapers/VisualizationWallpapers.apk pkg=com.android.musicvis isa=x86 vmSafeMode=false
12-14 15:47:22.698  2074  2117 I InputDispatcher: Dropped event because input dispatch is disabled.
12-14 15:47:22.699  2134  2134 I dex2oat : /system/bin/dex2oat --zip-fd=5 --zip-location=/system/app/VisualizationWallpapers/VisualizationWallpapers.apk --oat-fd=6 --oat-location=/data/dalvik-cache/x86/system@app@VisualizationWallpapers@VisualizationWallpapers.apk@classes.dex --instruction-set=x86 --instruction-set-features=default --runtime-arg -Xms64m --runtime-arg -Xmx512m --swap-fd=11
12-14 15:47:22.700  2134  2134 E dex2oat : Failed to open dex from file descriptor for zip file '/system/app/VisualizationWallpapers/VisualizationWallpapers.apk': Entry not found
12-14 15:47:22.706  2074  2117 I InputDispatcher: Dropped event because input dispatch is disabled.
12-14 15:47:22.714  2074  2117 I InputDispatcher: Dropped event because input dispatch is disabled.
12-14 15:47:22.722  2074  2117 I InputDispatcher: Dropped event because input dispatch is disabled.
12-14 15:47:22.730  2074  2117 I InputDispatcher: Dropped event because input dispatch is disabled.
12-14 15:47:22.738  2074  2117 I InputDispatcher: Dropped event because input dispatch is disabled.
12-14 15:47:22.746  2074  2117 I InputDispatcher: Dropped event because input dispatch is disabled.
12-14 15:47:22.754  2074  2117 I InputDispatcher: Dropped event because input dispatch is disabled.
12-14 15:47:22.762  2074  2117 I InputDispatcher: Dropped event because input dispatch is disabled.
12-14 15:47:22.770  2074  2117 I InputDispatcher: Dropped event because input dispatch is disabled.
12-14 15:47:22.778  2074  2117 I InputDispatcher: Dropped event because input dispatch is disabled.
12-14 15:47:22.786  2074  2117 I InputDispatcher: Dropped event because input dispatch is disabled.
12-14 15:47:22.794  2074  2117 I InputDispatcher: Dropped event because input dispatch is disabled.
12-14 15:47:22.802  2074  2117 I InputDispatcher: Dropped event because input dispatch is disabled.
12-14 15:47:22.810  2074  2117 I InputDispatcher: Dropped event because input dispatch is disabled.
12-14 15:47:22.818  2074  2117 I InputDispatcher: Dropped event because input dispatch is disabled.
12-14 15:47:22.826  2074  2117 I InputDispatcher: Dropped event because input dispatch is disabled.
12-14 15:47:22.834  2074  2117 I InputDispatcher: Dropped event because input dispatch is disabled.
12-14 15:47:22.842  2074  2117 I InputDispatcher: Dropped event because input dispatch is disabled.
12-14 15:47:22.850  2074  2117 I InputDispatcher: Dropped event because input dispatch is disabled.
12-14 15:47:22.858  2074  2117 I InputDispatcher: Dropped event because input dispatch is disabled.
12-14 15:47:22.866  2074  2117 I InputDispatcher: Dropped event because input dispatch is disabled.
12-14 15:47:22.874  2074  2117 I InputDispatcher: Dropped event because input dispatch is disabled.
12-14 15:47:22.882  2074  2117 I InputDispatcher: Dropped event because input dispatch is disabled.
12-14 15:47:22.890  2074  2117 I InputDispatcher: Dropped event because input dispatch is disabled.
12-14 15:47:22.898  2074  2117 I InputDispatcher: Dropped event because input dispatch is disabled.
12-14 15:47:22.903  1809  1809 E installd: DexInv: --- END '/system/app/VisualizationWallpapers/VisualizationWallpapers.apk' --- status=0x0100, process failed
12-14 15:47:22.903  2074  2074 I PackageManager: Running dexopt on: /system/app/PhaseBeam/PhaseBeam.apk pkg=com.android.phasebeam isa=x86 vmSafeMode=false
12-14 15:47:22.906  2074  2117 I InputDispatcher: Dropped event because input dispatch is disabled.
12-14 15:47:22.907  2136  2136 I dex2oat : /system/bin/dex2oat --zip-fd=5 --zip-location=/system/app/PhaseBeam/PhaseBeam.apk --oat-fd=6 --oat-location=/data/dalvik-cache/x86/system@app@PhaseBeam@PhaseBeam.apk@classes.dex --instruction-set=x86 --instruction-set-features=default --runtime-arg -Xms64m --runtime-arg -Xmx512m --swap-fd=12
12-14 15:47:22.909  2136  2136 E dex2oat : Failed to open dex from file descriptor for zip file '/system/app/PhaseBeam/PhaseBeam.apk': Entry not found
12-14 15:47:22.914  2074  2117 I InputDispatcher: Dropped event because input dispatch is disabled.
12-14 15:47:22.922  2074  2117 I InputDispatcher: Dropped event because input dispatch is disabled.
12-14 15:47:22.930  2074  2117 I InputDispatcher: Dropped event because input dispatch is disabled.
12-14 15:47:22.938  2074  2117 I InputDispatcher: Dropped event because input dispatch is disabled.
12-14 15:47:22.946  2074  2117 I InputDispatcher: Dropped event because input dispatch is disabled.
12-14 15:47:22.954  2074  2117 I InputDispatcher: Dropped event because input dispatch is disabled.
12-14 15:47:22.962  2074  2117 I InputDispatcher: Dropped event because input dispatch is disabled.
12-14 15:47:22.970  2074  2117 I InputDispatcher: Dropped event because input dispatch is disabled.
12-14 15:47:22.978  2074  2117 I InputDispatcher: Dropped event because input dispatch is disabled.
12-14 15:47:22.986  2074  2117 I InputDispatcher: Dropped event because input dispatch is disabled.
12-14 15:47:22.994  2074  2117 I InputDispatcher: Dropped event because input dispatch is disabled.
12-14 15:47:23.002  2074  2117 I InputDispatcher: Dropped event because input dispatch is disabled.
12-14 15:47:23.010  2074  2117 I InputDispatcher: Dropped event because input dispatch is disabled.
12-14 15:47:23.018  2074  2117 I InputDispatcher: Dropped event because input dispatch is disabled.
12-14 15:47:23.026  2074  2117 I InputDispatcher: Dropped event because input dispatch is disabled.
12-14 15:47:23.034  2074  2117 I InputDispatcher: Dropped event because input dispatch is disabled.
12-14 15:47:23.042  2074  2117 I InputDispatcher: Dropped event because input dispatch is disabled.
12-14 15:47:23.050  2074  2117 I InputDispatcher: Dropped event because input dispatch is disabled.
12-14 15:47:23.058  2074  2117 I InputDispatcher: Dropped event because input dispatch is disabled.
12-14 15:47:23.066  2074  2117 I InputDispatcher: Dropped event because input dispatch is disabled.
12-14 15:47:23.074  2074  2117 I InputDispatcher: Dropped event because input dispatch is disabled.
12-14 15:47:23.082  2074  2117 I InputDispatcher: Dropped event because input dispatch is disabled.
12-14 15:47:23.090  2074  2117 I InputDispatcher: Dropped event because input dispatch is disabled.
12-14 15:47:23.098  2074  2117 I InputDispatcher: Dropped event because input dispatch is disabled.
12-14 15:47:23.106  2074  2117 I InputDispatcher: Dropped event because input dispatch is disabled.
12-14 15:47:23.111  1809  1809 E installd: DexInv: --- END '/system/app/PhaseBeam/PhaseBeam.apk' --- status=0x0100, process failed
12-14 15:47:23.111  2074  2074 I SystemServer: LockSettingsService
12-14 15:47:23.112  2074  2074 I SystemServiceManager: Starting com.android.server.devicepolicy.DevicePolicyManagerService$Lifecycle
12-14 15:47:23.113  2074  2074 I SystemServer: Status Bar
12-14 15:47:23.114  2074  2117 I InputDispatcher: Dropped event because input dispatch is disabled.
12-14 15:47:23.114  2074  2074 I SystemServer: Clipboard Service
12-14 15:47:23.115  2074  2074 I SystemServer: NetworkManagement Service
12-14 15:47:23.116  2074  2074 I SystemServer: Text Service Manager Service
12-14 15:47:23.117  2074  2074 I SystemServer: Network Score Service
12-14 15:47:23.118  2074  2074 I SystemServer: NetworkStats Service
12-14 15:47:23.120  2074  2074 I SystemServer: NetworkPolicy Service
12-14 15:47:23.122  2074  2117 I InputDispatcher: Dropped event because input dispatch is disabled.
12-14 15:47:23.123  2074  2074 I SystemServiceManager: Starting com.android.server.wifi.p2p.WifiP2pService
12-14 15:47:23.130  2074  2074 I WifiP2pService: Registering wifip2p
12-14 15:47:23.130  2074  2117 I InputDispatcher: Dropped event because input dispatch is disabled.
12-14 15:47:23.130  2074  2074 I SystemServiceManager: Starting com.android.server.wifi.WifiService
12-14 15:47:23.138  2074  2117 I InputDispatcher: Dropped event because input dispatch is disabled.
12-14 15:47:23.146  2074  2117 I InputDispatcher: Dropped event because input dispatch is disabled.
12-14 15:47:23.154  2074  2117 I InputDispatcher: Dropped event because input dispatch is disabled.
12-14 15:47:23.155  2074  2074 E WifiConfigStore: associatedPartialScanPeriodMilli set to 20000
12-14 15:47:23.159  2074  2074 D WifiController: isAirplaneModeOn = false, isWifiEnabled = true, isScanningAvailable = true
12-14 15:47:23.159  2074  2074 I WifiService: Registering wifi
12-14 15:47:23.159  2074  2074 I SystemServiceManager: Starting com.android.server.wifi.WifiScanningService
12-14 15:47:23.159  2074  2074 I WifiScanningService: Creating wifiscanner
12-14 15:47:23.159  2074  2074 I WifiScanningService: Starting wifiscanner
12-14 15:47:23.160  2074  2074 I SystemServiceManager: Starting com.android.server.wifi.RttService
12-14 15:47:23.160  2074  2074 I RttService: Creating rttmanager
12-14 15:47:23.160  2074  2074 I RttService: Starting rttmanager
12-14 15:47:23.160  2074  2074 I SystemServiceManager: Starting com.android.server.ethernet.EthernetService
12-14 15:47:23.160  2074  2074 I EthernetServiceImpl: Creating EthernetConfigStore
12-14 15:47:23.161  2074  2074 E IpConfigStore: Error parsing configuration: java.io.FileNotFoundException: /data/misc/ethernet/ipconfig.txt: open failed: ENOENT (No such file or directory)
12-14 15:47:23.161  2074  2074 W EthernetConfigStore: No Ethernet configuration found. Using default.
12-14 15:47:23.161  2074  2074 I EthernetServiceImpl: Read stored IP configuration: IP assignment: DHCP
12-14 15:47:23.161  2074  2074 I EthernetServiceImpl: Proxy settings: NONE
12-14 15:47:23.161  2074  2074 I EthernetService: Registering service ethernet
12-14 15:47:23.161  2074  2074 I SystemServer: Connectivity Service
12-14 15:47:23.162  2074  2074 D ConnectivityService: ConnectivityService starting up
12-14 15:47:23.162  2074  2117 I InputDispatcher: Dropped event because input dispatch is disabled.
12-14 15:47:23.162  2074  2074 D ConnectivityService: wifiOnly=false
12-14 15:47:23.162  2074  2074 E ConnectivityService: Ignoring protectedNetwork 14
12-14 15:47:23.162  2074  2074 E ConnectivityService: Ignoring protectedNetwork 15
12-14 15:47:23.165  2074  2074 I SystemServer: Network Service Discovery Service
12-14 15:47:23.166  2074  2074 D NsdService: Network service discovery enabled true
12-14 15:47:23.167  2074  2074 I SystemServer: UpdateLock Service
12-14 15:47:23.170  2074  2117 I InputDispatcher: Dropped event because input dispatch is disabled.
12-14 15:47:23.177  2074  2074 I SystemServiceManager: Starting com.android.server.notification.NotificationManagerService
12-14 15:47:23.178  2074  2117 I InputDispatcher: Dropped event because input dispatch is disabled.
12-14 15:47:23.183  2074  2074 D ZenLog  : set_zen_mode: off,setting
12-14 15:47:23.183  2074  2074 I SystemServiceManager: Starting com.android.server.storage.DeviceStorageMonitorService
12-14 15:47:23.184  2074  2074 I SystemServer: Location Manager
12-14 15:47:23.185  2074  2074 I SystemServer: Country Detector
12-14 15:47:23.185  2074  2074 I SystemServer: Search Service
12-14 15:47:23.186  2074  2074 I SystemServer: DropBox Service
12-14 15:47:23.186  2074  2117 I InputDispatcher: Dropped event because input dispatch is disabled.
12-14 15:47:23.186  2074  2074 I SystemServer: Wallpaper Service
12-14 15:47:23.187  2074  2074 I SystemServer: Audio Service
12-14 15:47:23.189  2074  2074 W TelecomManager: Telecom Service not found.
12-14 15:47:23.190  1808  2131 D BlueZ   : external/bluetooth/bluez/android/hal-audio.c:audio_set_mic_mute() 
12-14 15:47:23.192  2074  2074 I SystemServiceManager: Starting com.android.server.DockObserver
12-14 15:47:23.193  2074  2074 W DockObserver: This kernel does not have dock station support
12-14 15:47:23.193  2074  2074 I SystemServer: Wired Accessory Manager
12-14 15:47:23.193  2074  2074 W WiredAccessoryManager: This kernel does not have usb audio support
12-14 15:47:23.193  2074  2074 W WiredAccessoryManager: This kernel does not have HDMI audio support
12-14 15:47:23.193  2074  2074 I SystemServiceManager: Starting com.android.server.usb.UsbService$Lifecycle
12-14 15:47:23.194  2074  2074 I SystemServer: Serial Service
12-14 15:47:23.194  2074  2074 I SystemServiceManager: Starting com.android.server.twilight.TwilightService
12-14 15:47:23.194  2074  2117 I InputDispatcher: Dropped event because input dispatch is disabled.
12-14 15:47:23.195  2074  2074 I SystemServiceManager: Starting com.android.server.UiModeManagerService
12-14 15:47:23.195  2074  2074 I SystemServiceManager: Starting com.android.server.job.JobSchedulerService
12-14 15:47:23.196  2074  2074 I SystemServiceManager: Starting com.android.server.backup.BackupManagerService$Lifecycle
12-14 15:47:23.197  2074  2074 I SystemServiceManager: Starting com.android.server.appwidget.AppWidgetService
12-14 15:47:23.197  2074  2074 I SystemServiceManager: Starting com.android.server.voiceinteraction.VoiceInteractionManagerService
12-14 15:47:23.198  2074  2074 W SoundTriggerHelper: listModules status=0, # of modules=0
12-14 15:47:23.198  2074  2074 I SystemServer: DiskStats Service
12-14 15:47:23.198  2074  2074 I SystemServer: SamplingProfiler Service
12-14 15:47:23.200  2074  2074 I SystemServer: NetworkTimeUpdateService
12-14 15:47:23.200  2074  2074 I SystemServer: CommonTimeManagementService
12-14 15:47:23.201  2074  2074 I SystemServer: CertBlacklister
12-14 15:47:23.201  2074  2074 I SystemServiceManager: Starting com.android.server.dreams.DreamManagerService
12-14 15:47:23.202  2074  2074 I SystemServer: Assets Atlas Service
12-14 15:47:23.202  2074  2117 I InputDispatcher: Dropped event because input dispatch is disabled.
12-14 15:47:23.203  2074  2074 I SystemServiceManager: Starting com.android.server.print.PrintManagerService
12-14 15:47:23.203  2074  2153 D AssetAtlas: Loaded configuration: SliceMinArea (768x768) flags=0x2 count=446
12-14 15:47:23.204  2074  2074 I SystemServiceManager: Starting com.android.server.restrictions.RestrictionsManagerService
12-14 15:47:23.204  2074  2074 I SystemServiceManager: Starting com.android.server.media.MediaSessionService
12-14 15:47:23.205  2074  2074 I SystemServer: Media Router Service
12-14 15:47:23.206  2074  2074 I SystemServiceManager: Starting com.android.server.trust.TrustManagerService
12-14 15:47:23.206  2074  2074 I SystemServiceManager: Starting com.android.server.fingerprint.FingerprintService
12-14 15:47:23.206  2074  2074 V Fingerprint-JNI: nativeInit()
12-14 15:47:23.206  2074  2074 V Fingerprint-JNI: nativeOpenHal()
12-14 15:47:23.206  2074  2074 E Fingerprint-JNI: Can't open fingerprint HW Module, error: -2
12-14 15:47:23.206  2074  2074 I SystemServer: BackgroundDexOptService
12-14 15:47:23.207  2074  2074 I SystemServiceManager: Starting com.android.server.pm.LauncherAppsService
12-14 15:47:23.207  2074  2074 I SystemServiceManager: Starting com.android.server.media.projection.MediaProjectionManagerService
12-14 15:47:23.208  2074  2153 D AssetAtlas: Rendered atlas in 3.77ms (1.28+2.49ms)
12-14 15:47:23.209  2074  2074 I WindowManager: SAFE MODE not enabled
12-14 15:47:23.209  2074  2074 I SystemServiceManager: Starting com.android.server.MmsServiceBroker
12-14 15:47:23.210  2074  2117 I InputDispatcher: Dropped event because input dispatch is disabled.
12-14 15:47:23.211  2074  2074 E SQLiteLog: (283) recovered 17 frames from WAL file /data/system/locksettings.db-wal
12-14 15:47:23.212  2074  2074 E LockSettingsStorage: Cannot read file java.io.FileNotFoundException: /data/system/password.key: open failed: ENOENT (No such file or directory)
12-14 15:47:23.212  2074  2074 E LockSettingsStorage: Cannot read file java.io.FileNotFoundException: /data/system/gesture.key: open failed: ENOENT (No such file or directory)
12-14 15:47:23.212  2074  2074 I SystemServiceManager: Starting phase 480
12-14 15:47:23.216  2074  2074 I SystemServiceManager: Starting phase 500
12-14 15:47:23.216  2074  2074 I WifiService: WifiService starting up with Wi-Fi enabled
12-14 15:47:23.216  2074  2074 D WifiService: setWifiEnabled: true pid=2074, uid=1000
12-14 15:47:23.216  2074  2074 E WifiService: Invoking mWifiStateMachine.setWifiEnabled
12-14 15:47:23.217  2074  2144 D WifiController: WifiController msg { when=0 what=155656 target=com.android.internal.util.StateMachine$SmHandler } deferred for 500ms
12-14 15:47:23.218  2074  2144 D WifiService: New client listening to asynchronous messages
12-14 15:47:23.218  2074  2117 I InputDispatcher: Dropped event because input dispatch is disabled.
12-14 15:47:23.218  2074  2074 I WifiScanningService: Registering wifiscanner
12-14 15:47:23.219  2074  2074 D WifiScanningService: New client, channel: null messenger: null
12-14 15:47:23.219  2074  2074 I RttService: Registering rttmanager
12-14 15:47:23.219  2074  2156 D WifiChangeStateMachine: Entering IdleState
12-14 15:47:23.219  2074  2156 D WifiScanningService: DefaultState
12-14 15:47:23.220  2074  2074 I EthernetServiceImpl: Starting Ethernet service
12-14 15:47:23.221  2074  2074 D Ethernet: Registering NetworkFactory
12-14 15:47:23.221  2074  2145 D ConnectivityService: Got NetworkFactory Messenger for Ethernet
12-14 15:47:23.221  2074  2158 D Ethernet: got request NetworkRequest [ id=1, legacyType=-1, [ Capabilities: INTERNET&NOT_RESTRICTED&TRUSTED&NOT_VPN] ] with score 0
12-14 15:47:23.221  2074  2074 D EthernetNetworkFactory: Started tracking interface eth0
12-14 15:47:23.222  1800  2060 D CommandListener: Setting iface cfg
12-14 15:47:23.222  1800  2060 D CommandListener: Trying to bring up eth0
12-14 15:47:23.226  2074  2117 I InputDispatcher: Dropped event because input dispatch is disabled.
12-14 15:47:23.234  2074  2117 I InputDispatcher: Dropped event because input dispatch is disabled.
12-14 15:47:23.242  2074  2117 I InputDispatcher: Dropped event because input dispatch is disabled.
12-14 15:47:23.250  2074  2117 I InputDispatcher: Dropped event because input dispatch is disabled.
12-14 15:47:23.258  2074  2117 I InputDispatcher: Dropped event because input dispatch is disabled.
12-14 15:47:23.266  2074  2117 I InputDispatcher: Dropped event because input dispatch is disabled.
12-14 15:47:23.274  2074  2117 I InputDispatcher: Dropped event because input dispatch is disabled.
12-14 15:47:23.282  2074  2117 I InputDispatcher: Dropped event because input dispatch is disabled.
12-14 15:47:23.290  2074  2117 I InputDispatcher: Dropped event because input dispatch is disabled.
12-14 15:47:23.298  2074  2117 I InputDispatcher: Dropped event because input dispatch is disabled.
12-14 15:47:23.306  2074  2117 I InputDispatcher: Dropped event because input dispatch is disabled.
12-14 15:47:23.314  2074  2117 I InputDispatcher: Dropped event because input dispatch is disabled.
12-14 15:47:23.322  2074  2117 I InputDispatcher: Dropped event because input dispatch is disabled.
12-14 15:47:23.330  2074  2117 I InputDispatcher: Dropped event because input dispatch is disabled.
12-14 15:47:23.338  2074  2117 I InputDispatcher: Dropped event because input dispatch is disabled.
12-14 15:47:23.346  2074  2117 I InputDispatcher: Dropped event because input dispatch is disabled.
12-14 15:47:23.354  2074  2117 I InputDispatcher: Dropped event because input dispatch is disabled.
12-14 15:47:23.362  2074  2117 I InputDispatcher: Dropped event because input dispatch is disabled.
12-14 15:47:23.370  2074  2117 I InputDispatcher: Dropped event because input dispatch is disabled.
12-14 15:47:23.378  2074  2117 I InputDispatcher: Dropped event because input dispatch is disabled.
12-14 15:47:23.386  2074  2117 I InputDispatcher: Dropped event because input dispatch is disabled.
12-14 15:47:23.394  2074  2117 I InputDispatcher: Dropped event because input dispatch is disabled.
12-14 15:47:23.402  2074  2117 I InputDispatcher: Dropped event because input dispatch is disabled.
12-14 15:47:23.410  2074  2117 I InputDispatcher: Dropped event because input dispatch is disabled.
12-14 15:47:23.410  2074  2143 E WifiStateMachine: Failed to reload STA firmware java.lang.IllegalArgumentException: command '4 softap fwreload wlan0 STA' failed with '501 4 SoftAP command has failed'
12-14 15:47:23.411  1800  2060 D CommandListener: Setting iface cfg
12-14 15:47:23.411  1800  2060 D CommandListener: Trying to bring down wlan0
12-14 15:47:23.411  1800  2060 D CommandListener: Clearing all IP addresses on wlan0
12-14 15:47:23.411  2074  2074 I ActivityManager: Config changes=200 {1.0 ?mcc?mnc zh_CN ?layoutDir sw720dp w1280dp h646dp 240dpi lrg long land -touch qwerty/v/v -nav/h s.5}
12-14 15:47:23.411  2074  2143 E WifiMonitor: killSupplicant p2pfalse init.svc.wpa_supplicant=unknown init.svc.p2p_supplicant=unknown
12-14 15:47:23.413  2074  2074 V BackupManagerService: No ancestral data
12-14 15:47:23.413  2074  2074 D BackupManagerService: Now staging backup of com.android.browser
12-14 15:47:23.416  2074  2074 D BackupManagerService: Now staging backup of com.android.vending
12-14 15:47:23.417  2074  2074 D BackupManagerService: Now staging backup of android
12-14 15:47:23.418  2074  2117 I InputDispatcher: Dropped event because input dispatch is disabled.
12-14 15:47:23.418  2074  2074 D BackupManagerService: Now staging backup of com.google.android.gm
12-14 15:47:23.420  2074  2074 D BackupManagerService: Now staging backup of com.android.calendar
12-14 15:47:23.421  2074  2074 D BackupManagerService: Now staging backup of com.android.providers.settings
12-14 15:47:23.422  2074  2074 D BackupManagerService: Now staging backup of com.android.sharedstoragebackup
12-14 15:47:23.423  2074  2074 D BackupManagerService: Now staging backup of com.android.dialer
12-14 15:47:23.424  2074  2074 D BackupManagerService: Now staging backup of com.android.providers.userdictionary
12-14 15:47:23.426  2074  2074 V BackupManagerService: Starting with transport android/com.android.internal.backup.LocalTransport
12-14 15:47:23.426  2074  2074 V BackupManagerService: Found transports: 2
12-14 15:47:23.426  2074  2074 I BackupManagerService: Binding to transport host ComponentInfo{android/com.android.internal.backup.LocalTransportService}
12-14 15:47:23.426  2074  2117 I InputDispatcher: Dropped event because input dispatch is disabled.
12-14 15:47:23.426  2074  2074 I BackupManagerService: Binding to transport host ComponentInfo{com.google.android.gms/com.google.android.gms.backup.BackupTransportService}
12-14 15:47:23.427  2074  2074 I BackupManagerService: Found stale backup journal, scheduling
12-14 15:47:23.434  2074  2117 I InputDispatcher: Dropped event because input dispatch is disabled.
12-14 15:47:23.435  2074  2074 I AppOps  : Pruning old package media/1013: new uid=-1
12-14 15:47:23.435  2074  2074 I ActivityManager: System now ready
12-14 15:47:23.435  2074  2074 I SystemServer: Making services ready
12-14 15:47:23.435  2074  2074 I SystemServiceManager: Starting phase 550
12-14 15:47:23.436  2074  2074 I SystemServer: WebViewFactory preparation
12-14 15:47:23.436  2074  2165 D UsbHostManager: Added device UsbDevice[mName=/dev/bus/usb/004/003,mVendorId=6000,mProductId=65280,mClass=0,mSubclass=0,mProtocol=0,mManufacturerName=null,mProductName=null,mSerialNumber=null,mConfigurations=[
12-14 15:47:23.436  2074  2165 D UsbHostManager: UsbConfiguration[mId=1,mName=null,mAttributes=160,mMaxPower=1,mInterfaces=[
12-14 15:47:23.436  2074  2165 D UsbHostManager: UsbInterface[mId=0,mAlternateSetting=0,mName=null,mClass=3,mSubclass=0,mProtocol=0,mEndpoints=[
12-14 15:47:23.436  2074  2165 D UsbHostManager: UsbEndpoint[mAddress=129,mAttributes=3,mMaxPacketSize=8,mInterval=10]]]]
12-14 15:47:23.438  2074  2165 W ContextImpl: Calling a method in the system process without a qualified user: android.app.ContextImpl.sendBroadcast:1327 com.android.server.usb.UsbSettingsManager.deviceAttached:741 com.android.server.usb.UsbHostManager.endUsbDeviceAdded:224 com.android.server.usb.UsbHostManager.monitorUsbHostBus:-2 com.android.server.usb.UsbHostManager.access$000:42 
12-14 15:47:23.442  2074  2117 I InputDispatcher: Dropped event because input dispatch is disabled.
12-14 15:47:23.446  2074  2074 I Zygote  : Process: zygote socket opened, supported ABIS: x86_64,arm64-v8a
12-14 15:47:23.450  2074  2117 I InputDispatcher: Dropped event because input dispatch is disabled.
12-14 15:47:23.456  2074  2074 I Zygote  : Process: zygote socket opened, supported ABIS: x86,armeabi-v7a,armeabi
12-14 15:47:23.458  2074  2117 I InputDispatcher: Dropped event because input dispatch is disabled.
12-14 15:47:23.466  2074  2117 I InputDispatcher: Dropped event because input dispatch is disabled.
12-14 15:47:23.474  2074  2117 I InputDispatcher: Dropped event because input dispatch is disabled.
12-14 15:47:23.480  2074  2074 I ActivityManager: Start proc 2168:WebViewLoader-x86/1037 [android.webkit.WebViewFactory$RelroFileCreator] for 
12-14 15:47:23.480  2074  2165 D UsbHostManager: Added device UsbDevice[mName=/dev/bus/usb/003/003,mVendorId=32903,mProductId=2012,mClass=224,mSubclass=1,mProtocol=1,mManufacturerName=null,mProductName=null,mSerialNumber=null,mConfigurations=[
12-14 15:47:23.480  2074  2165 D UsbHostManager: UsbConfiguration[mId=1,mName=null,mAttributes=224,mMaxPower=50,mInterfaces=[
12-14 15:47:23.480  2074  2165 D UsbHostManager: UsbInterface[mId=0,mAlternateSetting=0,mName=null,mClass=224,mSubclass=1,mProtocol=1,mEndpoints=[
12-14 15:47:23.480  2074  2165 D UsbHostManager: UsbEndpoint[mAddress=129,mAttributes=3,mMaxPacketSize=64,mInterval=1]
12-14 15:47:23.480  2074  2165 D UsbHostManager: UsbEndpoint[mAddress=2,mAttributes=2,mMaxPacketSize=64,mInterval=1]
12-14 15:47:23.480  2074  2165 D UsbHostManager: UsbEndpoint[mAddress=130,mAttributes=2,mMaxPacketSize=64,mInterval=1]]
12-14 15:47:23.480  2074  2165 D UsbHostManager: UsbInterface[mId=1,mAlternateSetting=0,mName=null,mClass=224,mSubclass=1,mProtocol=1,mEndpoints=[
12-14 15:47:23.480  2074  2165 D UsbHostManager: UsbEndpoint[mAddress=3,mAttributes=1,mMaxPacketSize=0,mInterval=1]
12-14 15:47:23.480  2074  2165 D UsbHostManager: UsbEndpoint[mAddress=131,mAttributes=1,mMaxPacketSize=0,mInterval=1]]
12-14 15:47:23.480  2074  2165 D UsbHostManager: UsbInterface[mId=1,mAlternateSetting=1,mName=null,mClass=224,mSubclass=1,mProtocol=1,mEndpoints=[
12-14 15:47:23.480  2074  2165 D UsbHostManager: UsbEndpoint[mAddress=3,mAttributes=1,mMaxPacketSize=9,mInterval=1]
12-14 15:47:23.480  2074  2165 D UsbHostManager: UsbEndpoint[mAddress=131,mAttributes=1,mMaxPacketSize=9,mInterval=1]]
