01-06 03:12:06.924  8566  8566 F art     : art/runtime/runtime.cc:289]   | sysTid=8574 nice=0 cgrp=default sched=3/0 handle=0xf3c51d00
01-06 03:12:06.924  8566  8566 F art     : art/runtime/runtime.cc:289]   | state=S schedstat=( 671869 0 4 ) utm=0 stm=0 core=0 HZ=100
01-06 03:12:06.924  8566  8566 F art     : art/runtime/runtime.cc:289]   | stack=0xf28b7000-0xf28b9000 stackSize=1020KB
01-06 03:12:06.924  8566  8566 F art     : art/runtime/runtime.cc:289]   | held mutexes=
01-06 03:12:06.924  8566  8566 F art     : art/runtime/runtime.cc:289]   kernel: futex_wait_queue_me+0xb8/0xf9
01-06 03:12:06.924  8566  8566 F art     : art/runtime/runtime.cc:289]   kernel: futex_wait+0xeb/0x1f0
01-06 03:12:06.924  8566  8566 F art     : art/runtime/runtime.cc:289]   kernel: get_user_pages_fast+0xc0/0x140
01-06 03:12:06.924  8566  8566 F art     : art/runtime/runtime.cc:289]   kernel: ttwu_stat+0x87/0xb9
01-06 03:12:06.924  8566  8566 F art     : art/runtime/runtime.cc:289]   kernel: get_futex_key+0x1ad/0x1c6
01-06 03:12:06.924  8566  8566 F art     : art/runtime/runtime.cc:289]   kernel: do_futex+0xb2/0x86c
01-06 03:12:06.924  8566  8566 F art     : art/runtime/runtime.cc:289]   kernel: handle_mm_fault+0xde3/0xe32
01-06 03:12:06.924  8566  8566 F art     : art/runtime/runtime.cc:289]   kernel: rcu_is_watching+0xc/0x1c
01-06 03:12:06.924  8566  8566 F art     : art/runtime/runtime.cc:289]   kernel: compat_SyS_futex+0xb1/0x12a
01-06 03:12:06.924  8566  8566 F art     : art/runtime/runtime.cc:289]   kernel: SyS_prctl+0xe5/0x36d
01-06 03:12:06.924  8566  8566 F art     : art/runtime/runtime.cc:289]   kernel: do_syscall_32_irqs_off+0x4c/0x86
01-06 03:12:06.924  8566  8566 F art     : art/runtime/runtime.cc:289]   kernel: entry_INT80_compat+0x2a/0x40
01-06 03:12:06.924  8566  8566 F art     : art/runtime/runtime.cc:289]   native: #00 pc 000139a0  /android/system/lib/libc.so (???)
01-06 03:12:06.924  8566  8566 F art     : art/runtime/runtime.cc:289]   (no managed stack frames)
01-06 03:12:06.924  8566  8566 F art     : art/runtime/runtime.cc:289] 
01-06 03:12:06.924  8566  8566 F art     : art/runtime/runtime.cc:289] "Heap thread pool worker thread 2" prio=5 tid=4 Native (still starting up)
01-06 03:12:06.924  8566  8566 F art     : art/runtime/runtime.cc:289]   | group="" sCount=0 dsCount=0 obj=0x0 self=0xedc3b400
01-06 03:12:06.924  8566  8566 F art     : art/runtime/runtime.cc:289]   | sysTid=8573 nice=0 cgrp=default sched=3/0 handle=0xf3c51a80
01-06 03:12:06.924  8566  8566 F art     : art/runtime/runtime.cc:289]   | state=S schedstat=( 607791 92185 4 ) utm=0 stm=0 core=4 HZ=100
01-06 03:12:06.924  8566  8566 F art     : art/runtime/runtime.cc:289]   | stack=0xf29b7000-0xf29b9000 stackSize=1020KB
01-06 03:12:06.924  8566  8566 F art     : art/runtime/runtime.cc:289]   | held mutexes=
01-06 03:12:06.924  8566  8566 F art     : art/runtime/runtime.cc:289]   kernel: futex_wait_queue_me+0xb8/0xf9
01-06 03:12:06.924  8566  8566 F art     : art/runtime/runtime.cc:289]   kernel: futex_wait+0xeb/0x1f0
01-06 03:12:06.924  8566  8566 F art     : art/runtime/runtime.cc:289]   kernel: get_user_pages_fast+0xc0/0x140
01-06 03:12:06.924  8566  8566 F art     : art/runtime/runtime.cc:289]   kernel: ttwu_stat+0x87/0xb9
01-06 03:12:06.924  8566  8566 F art     : art/runtime/runtime.cc:289]   kernel: get_futex_key+0x1ad/0x1c6
01-06 03:12:06.924  8566  8566 F art     : art/runtime/runtime.cc:289]   kernel: do_futex+0xb2/0x86c
01-06 03:12:06.924  8566  8566 F art     : art/runtime/runtime.cc:289]   kernel: blk_finish_plug+0x1a/0x27
01-06 03:12:06.924  8566  8566 F art     : art/runtime/runtime.cc:289]   kernel: rcu_is_watching+0xc/0x1c
01-06 03:12:06.924  8566  8566 F art     : art/runtime/runtime.cc:289]   kernel: compat_SyS_futex+0xb1/0x12a
01-06 03:12:06.924  8566  8566 F art     : art/runtime/runtime.cc:289]   kernel: SyS_prctl+0xe5/0x36d
01-06 03:12:06.924  8566  8566 F art     : art/runtime/runtime.cc:289]   kernel: do_syscall_32_irqs_off+0x4c/0x86
01-06 03:12:06.924  8566  8566 F art     : art/runtime/runtime.cc:289]   kernel: entry_INT80_compat+0x2a/0x40
01-06 03:12:06.924  8566  8566 F art     : art/runtime/runtime.cc:289]   native: #00 pc 000139a0  /android/system/lib/libc.so (???)
01-06 03:12:06.924  8566  8566 F art     : art/runtime/runtime.cc:289]   (no managed stack frames)
01-06 03:12:06.924  8566  8566 F art     : art/runtime/runtime.cc:289] 
01-06 03:12:06.924  8566  8566 F art     : art/runtime/runtime.cc:289] "Heap thread pool worker thread 1" prio=5 tid=5 Native (still starting up)
01-06 03:12:06.924  8566  8566 F art     : art/runtime/runtime.cc:289]   | group="" sCount=0 dsCount=0 obj=0x0 self=0xf3c26c00
01-06 03:12:06.924  8566  8566 F art     : art/runtime/runtime.cc:289]   | sysTid=8572 nice=0 cgrp=default sched=3/0 handle=0xf3c51800
01-06 03:12:06.924  8566  8566 F art     : art/runtime/runtime.cc:289]   | state=S schedstat=( 677360 139520 5 ) utm=0 stm=0 core=7 HZ=100
01-06 03:12:06.924  8566  8566 F art     : art/runtime/runtime.cc:289]   | stack=0xf2ab7000-0xf2ab9000 stackSize=1020KB
01-06 03:12:06.924  8566  8566 F art     : art/runtime/runtime.cc:289]   | held mutexes=
01-06 03:12:06.924  8566  8566 F art     : art/runtime/runtime.cc:289]   kernel: futex_wait_queue_me+0xb8/0xf9
01-06 03:12:06.924  8566  8566 F art     : art/runtime/runtime.cc:289]   kernel: futex_wait+0xeb/0x1f0
01-06 03:12:06.924  8566  8566 F art     : art/runtime/runtime.cc:289]   kernel: get_user_pages_fast+0xc0/0x140
01-06 03:12:06.924  8566  8566 F art     : art/runtime/runtime.cc:289]   kernel: ttwu_stat+0x87/0xb9
01-06 03:12:06.924  8566  8566 F art     : art/runtime/runtime.cc:289]   kernel: get_futex_key+0x1ad/0x1c6
01-06 03:12:06.924  8566  8566 F art     : art/runtime/runtime.cc:289]   kernel: do_futex+0xb2/0x86c
01-06 03:12:06.924  8566  8566 F art     : art/runtime/runtime.cc:289]   kernel: handle_mm_fault+0xde3/0xe32
01-06 03:12:06.924  8566  8566 F art     : art/runtime/runtime.cc:289]   kernel: rcu_is_watching+0xc/0x1c
01-06 03:12:06.924  8566  8566 F art     : art/runtime/runtime.cc:289]   kernel: compat_SyS_futex+0xb1/0x12a
01-06 03:12:06.924  8566  8566 F art     : art/runtime/runtime.cc:289]   kernel: SyS_prctl+0xe5/0x36d
01-06 03:12:06.924  8566  8566 F art     : art/runtime/runtime.cc:289]   kernel: do_syscall_32_irqs_off+0x4c/0x86
01-06 03:12:06.924  8566  8566 F art     : art/runtime/runtime.cc:289]   kernel: entry_INT80_compat+0x2a/0x40
01-06 03:12:06.924  8566  8566 F art     : art/runtime/runtime.cc:289]   native: #00 pc 000139a0  /android/system/lib/libc.so (???)
01-06 03:12:06.924  8566  8566 F art     : art/runtime/runtime.cc:289]   (no managed stack frames)
01-06 03:12:06.924  8566  8566 F art     : art/runtime/runtime.cc:289] 
01-06 03:12:06.924  8566  8566 F art     : art/runtime/runtime.cc:289] "Heap thread pool worker thread 4" prio=5 tid=6 Native (still starting up)
01-06 03:12:06.924  8566  8566 F art     : art/runtime/runtime.cc:289]   | group="" sCount=0 dsCount=0 obj=0x0 self=0xedc3c400
01-06 03:12:06.924  8566  8566 F art     : art/runtime/runtime.cc:289]   | sysTid=8576 nice=0 cgrp=default sched=3/0 handle=0xf3c51f80
01-06 03:12:06.924  8566  8566 F art     : art/runtime/runtime.cc:289]   | state=S schedstat=( 618649 0 4 ) utm=0 stm=0 core=0 HZ=100
01-06 03:12:06.924  8566  8566 F art     : art/runtime/runtime.cc:289]   | stack=0xf27b7000-0xf27b9000 stackSize=1020KB
01-06 03:12:06.924  8566  8566 F art     : art/runtime/runtime.cc:289]   | held mutexes=
01-06 03:12:06.924  8566  8566 F art     : art/runtime/runtime.cc:289]   kernel: futex_wait_queue_me+0xb8/0xf9
01-06 03:12:06.924  8566  8566 F art     : art/runtime/runtime.cc:289]   kernel: futex_wait+0xeb/0x1f0
01-06 03:12:06.924  8566  8566 F art     : art/runtime/runtime.cc:289]   kernel: get_user_pages_fast+0xc0/0x140
01-06 03:12:06.924  8566  8566 F art     : art/runtime/runtime.cc:289]   kernel: get_futex_key+0x1ad/0x1c6
01-06 03:12:06.924  8566  8566 F art     : art/runtime/runtime.cc:289]   kernel: do_futex+0xb2/0x86c
01-06 03:12:06.924  8566  8566 F art     : art/runtime/runtime.cc:289]   kernel: blk_finish_plug+0x1a/0x27
01-06 03:12:06.924  8566  8566 F art     : art/runtime/runtime.cc:289]   kernel: rcu_is_watching+0xc/0x1c
01-06 03:12:06.924  8566  8566 F art     : art/runtime/runtime.cc:289]   kernel: compat_SyS_futex+0xb1/0x12a
01-06 03:12:06.924  8566  8566 F art     : art/runtime/runtime.cc:289]   kernel: SyS_prctl+0xe5/0x36d
01-06 03:12:06.924  8566  8566 F art     : art/runtime/runtime.cc:289]   kernel: do_syscall_32_irqs_off+0x4c/0x86
01-06 03:12:06.924  8566  8566 F art     : art/runtime/runtime.cc:289]   kernel: entry_INT80_compat+0x2a/0x40
01-06 03:12:06.924  8566  8566 F art     : art/runtime/runtime.cc:289]   native: #00 pc 000139a0  /android/system/lib/libc.so (???)
01-06 03:12:06.924  8566  8566 F art     : art/runtime/runtime.cc:289]   (no managed stack frames)
01-06 03:12:06.924  8566  8566 F art     : art/runtime/runtime.cc:289] 
01-06 03:12:06.925  8566  8566 F art     : art/runtime/runtime.cc:289] "Heap thread pool worker thread 5" prio=5 tid=7 Native (still starting up)
01-06 03:12:06.925  8566  8566 F art     : art/runtime/runtime.cc:289]   | group="" sCount=0 dsCount=0 obj=0x0 self=0xf3c32000
01-06 03:12:06.925  8566  8566 F art     : art/runtime/runtime.cc:289]   | sysTid=8577 nice=0 cgrp=default sched=3/0 handle=0xf3c53b00
01-06 03:12:06.925  8566  8566 F art     : art/runtime/runtime.cc:289]   | state=S schedstat=( 663622 0 3 ) utm=0 stm=0 core=1 HZ=100
01-06 03:12:06.925  8566  8566 F art     : art/runtime/runtime.cc:289]   | stack=0xf26b7000-0xf26b9000 stackSize=1020KB
01-06 03:12:06.925  8566  8566 F art     : art/runtime/runtime.cc:289]   | held mutexes=
01-06 03:12:06.925  8566  8566 F art     : art/runtime/runtime.cc:289]   kernel: futex_wait_queue_me+0xb8/0xf9
01-06 03:12:06.925  8566  8566 F art     : art/runtime/runtime.cc:289]   kernel: futex_wait+0xeb/0x1f0
01-06 03:12:06.925  8566  8566 F art     : art/runtime/runtime.cc:289]   kernel: get_user_pages_fast+0xc0/0x140
01-06 03:12:06.925  8566  8566 F art     : art/runtime/runtime.cc:289]   kernel: ttwu_stat+0x87/0xb9
01-06 03:12:06.925  8566  8566 F art     : art/runtime/runtime.cc:289]   kernel: get_futex_key+0x1ad/0x1c6
01-06 03:12:06.925  8566  8566 F art     : art/runtime/runtime.cc:289]   kernel: do_futex+0xb2/0x86c
01-06 03:12:06.925  8566  8566 F art     : art/runtime/runtime.cc:289]   kernel: handle_mm_fault+0xde3/0xe32
01-06 03:12:06.925  8566  8566 F art     : art/runtime/runtime.cc:289]   kernel: rcu_is_watching+0xc/0x1c
01-06 03:12:06.925  8566  8566 F art     : art/runtime/runtime.cc:289]   kernel: compat_SyS_futex+0xb1/0x12a
01-06 03:12:06.925  8566  8566 F art     : art/runtime/runtime.cc:289]   kernel: SyS_prctl+0xe5/0x36d
01-06 03:12:06.925  8566  8566 F art     : art/runtime/runtime.cc:289]   kernel: do_syscall_32_irqs_off+0x4c/0x86
01-06 03:12:06.925  8566  8566 F art     : art/runtime/runtime.cc:289]   kernel: entry_INT80_compat+0x2a/0x40
01-06 03:12:06.925  8566  8566 F art     : art/runtime/runtime.cc:289]   native: #00 pc 000139a0  /android/system/lib/libc.so (???)
01-06 03:12:06.925  8566  8566 F art     : art/runtime/runtime.cc:289]   (no managed stack frames)
01-06 03:12:06.925  8566  8566 F art     : art/runtime/runtime.cc:289] 
01-06 03:12:06.925  8566  8566 F art     : art/runtime/runtime.cc:289] "Heap thread pool worker thread 6" prio=5 tid=8 Native (still starting up)
01-06 03:12:06.925  8566  8566 F art     : art/runtime/runtime.cc:289]   | group="" sCount=0 dsCount=0 obj=0x0 self=0xedc3d400
01-06 03:12:06.925  8566  8566 F art     : art/runtime/runtime.cc:289]   | sysTid=8578 nice=0 cgrp=default sched=3/0 handle=0xf3c53d80
01-06 03:12:06.925  8566  8566 F art     : art/runtime/runtime.cc:289]   | state=S schedstat=( 584470 0 3 ) utm=0 stm=0 core=4 HZ=100
01-06 03:12:06.925  8566  8566 F art     : art/runtime/runtime.cc:289]   | stack=0xf25b7000-0xf25b9000 stackSize=1020KB
01-06 03:12:06.925  8566  8566 F art     : art/runtime/runtime.cc:289]   | held mutexes=
01-06 03:12:06.925  8566  8566 F art     : art/runtime/runtime.cc:289]   kernel: futex_wait_queue_me+0xb8/0xf9
01-06 03:12:06.925  8566  8566 F art     : art/runtime/runtime.cc:289]   kernel: futex_wait+0xeb/0x1f0
01-06 03:12:06.925  8566  8566 F art     : art/runtime/runtime.cc:289]   kernel: get_user_pages_fast+0xc0/0x140
01-06 03:12:06.925  8566  8566 F art     : art/runtime/runtime.cc:289]   kernel: ttwu_stat+0x87/0xb9
01-06 03:12:06.925  8566  8566 F art     : art/runtime/runtime.cc:289]   kernel: get_futex_key+0x1ad/0x1c6
01-06 03:12:06.925  8566  8566 F art     : art/runtime/runtime.cc:289]   kernel: do_futex+0xb2/0x86c
01-06 03:12:06.925  8566  8566 F art     : art/runtime/runtime.cc:289]   kernel: blk_finish_plug+0x1a/0x27
01-06 03:12:06.925  8566  8566 F art     : art/runtime/runtime.cc:289]   kernel: rcu_is_watching+0xc/0x1c
01-06 03:12:06.925  8566  8566 F art     : art/runtime/runtime.cc:289]   kernel: compat_SyS_futex+0xb1/0x12a
01-06 03:12:06.925  8566  8566 F art     : art/runtime/runtime.cc:289]   kernel: SyS_prctl+0xe5/0x36d
01-06 03:12:06.925  8566  8566 F art     : art/runtime/runtime.cc:289]   kernel: do_syscall_32_irqs_off+0x4c/0x86
01-06 03:12:06.925  8566  8566 F art     : art/runtime/runtime.cc:289]   kernel: entry_INT80_compat+0x2a/0x40
01-06 03:12:06.925  8566  8566 F art     : art/runtime/runtime.cc:289]   native: #00 pc 000139a0  /android/system/lib/libc.so (???)
01-06 03:12:06.925  8566  8566 F art     : art/runtime/runtime.cc:289]   (no managed stack frames)
01-06 03:12:06.925  8566  8566 F art     : art/runtime/runtime.cc:289] 
01-06 03:12:06.925  8566  8566 F art     : art/runtime/runtime.cc:289] "Signal Catcher" prio=5 tid=9 WaitingInMainSignalCatcherLoop
01-06 03:12:06.925  8566  8566 F art     : art/runtime/runtime.cc:289]   | group="" sCount=0 dsCount=0 obj=0x12c000a0 self=0xf3c33000
01-06 03:12:06.925  8566  8566 F art     : art/runtime/runtime.cc:289]   | sysTid=8579 nice=0 cgrp=default sched=3/0 handle=0xf3c54000
01-06 03:12:06.925  8566  8566 F art     : art/runtime/runtime.cc:289]   | state=S schedstat=( 501298 0 1 ) utm=0 stm=0 core=3 HZ=100
01-06 03:12:06.925  8566  8566 F art     : art/runtime/runtime.cc:289]   | stack=0xf24b9000-0xf24bb000 stackSize=1012KB
01-06 03:12:06.925  8566  8566 F art     : art/runtime/runtime.cc:289]   | held mutexes=
01-06 03:12:06.925  8566  8566 F art     : art/runtime/runtime.cc:289]   kernel: do_futex+0xdb/0x86c
01-06 03:12:06.925  8566  8566 F art     : art/runtime/runtime.cc:289]   kernel: recalc_sigpending+0x12/0x41
01-06 03:12:06.925  8566  8566 F art     : art/runtime/runtime.cc:289]   kernel: do_sigtimedwait+0xea/0x1c1
01-06 03:12:06.925  8566  8566 F art     : art/runtime/runtime.cc:289]   kernel: compat_SyS_rt_sigtimedwait+0x78/0xb5
01-06 03:12:06.925  8566  8566 F art     : art/runtime/runtime.cc:289]   kernel: compat_SyS_futex+0xb1/0x12a
01-06 03:12:06.925  8566  8566 F art     : art/runtime/runtime.cc:289]   kernel: SyS_prctl+0xe5/0x36d
01-06 03:12:06.925  8566  8566 F art     : art/runtime/runtime.cc:289]   kernel: do_syscall_32_irqs_off+0x4c/0x86
01-06 03:12:06.925  8566  8566 F art     : art/runtime/runtime.cc:289]   kernel: entry_INT80_compat+0x2a/0x40
01-06 03:12:06.925  8566  8566 F art     : art/runtime/runtime.cc:289]   native: #00 pc 0007bfab  /android/system/lib/libc.so (???)
01-06 03:12:06.925  8566  8566 F art     : art/runtime/runtime.cc:289]   native: #01 pc 0002581c  /android/system/lib/libc.so (???)
01-06 03:12:06.925  8566  8566 F art     : art/runtime/runtime.cc:289]   native: #02 pc 003d164b  /android/system/lib/libart.so (???)
01-06 03:12:06.925  8566  8566 F art     : art/runtime/runtime.cc:289]   native: #03 pc 003d5d99  /android/system/lib/libart.so (???)
01-06 03:12:06.925  8566  8566 F art     : art/runtime/runtime.cc:289]   native: #04 pc 00022168  /android/system/lib/libc.so (???)
01-06 03:12:06.925  8566  8566 F art     : art/runtime/runtime.cc:289]   native: #05 pc 0001cc69  /android/system/lib/libc.so (???)
01-06 03:12:06.925  8566  8566 F art     : art/runtime/runtime.cc:289]   native: #06 pc 000137c6  /android/system/lib/libc.so (???)
01-06 03:12:06.925  8566  8566 F art     : art/runtime/runtime.cc:289]   (no managed stack frames)
01-06 03:12:06.925  8566  8566 F art     : art/runtime/runtime.cc:289] 
01-06 03:12:06.925  8566  8566 F art     : art/runtime/runtime.cc:289] "JDWP" prio=5 tid=10 WaitingInMainDebuggerLoop
01-06 03:12:06.925  8566  8566 F art     : art/runtime/runtime.cc:289]   | group="" sCount=0 dsCount=0 obj=0x12c050a0 self=0xedc3e400
01-06 03:12:06.925  8566  8566 F art     : art/runtime/runtime.cc:289]   | sysTid=8580 nice=0 cgrp=default sched=3/0 handle=0xf3c54500
01-06 03:12:06.925  8566  8566 F art     : art/runtime/runtime.cc:289]   | state=S schedstat=( 434769 0 2 ) utm=0 stm=0 core=7 HZ=100
01-06 03:12:06.925  8566  8566 F art     : art/runtime/runtime.cc:289]   | stack=0xee259000-0xee25b000 stackSize=1012KB
01-06 03:12:06.925  8566  8566 F art     : art/runtime/runtime.cc:289]   | held mutexes=
01-06 03:12:06.925  8566  8566 F art     : art/runtime/runtime.cc:289]   kernel: get_page_from_freelist+0x4fc/0x711
01-06 03:12:06.925  8566  8566 F art     : art/runtime/runtime.cc:289]   kernel: unix_stream_read_generic+0x2b1/0x70e
01-06 03:12:06.925  8566  8566 F art     : art/runtime/runtime.cc:289]   kernel: autoremove_wake_function+0x0/0x2a
01-06 03:12:06.925  8566  8566 F art     : art/runtime/runtime.cc:289]   kernel: unix_stream_recvmsg+0x3a/0x3f
01-06 03:12:06.925  8566  8566 F art     : art/runtime/runtime.cc:289]   kernel: unix_stream_read_actor+0x0/0x1c
01-06 03:12:06.925  8566  8566 F art     : art/runtime/runtime.cc:289]   kernel: ___sys_recvmsg+0xc8/0x165
01-06 03:12:06.925  8566  8566 F art     : art/runtime/runtime.cc:289]   kernel: SyS_sendto+0xd8/0xec
01-06 03:12:06.925  8566  8566 F art     : art/runtime/runtime.cc:289]   kernel: __fget+0x6b/0x75
01-06 03:12:06.925  8566  8566 F art     : art/runtime/runtime.cc:289]   kernel: __sys_recvmsg+0x39/0x5a
01-06 03:12:06.925  8566  8566 F art     : art/runtime/runtime.cc:289]   kernel: compat_SyS_socketcall+0x152/0x18f
01-06 03:12:06.925  8566  8566 F art     : art/runtime/runtime.cc:289]   kernel: do_syscall_32_irqs_off+0x4c/0x86
01-06 03:12:06.925  8566  8566 F art     : art/runtime/runtime.cc:289]   kernel: entry_INT80_compat+0x2a/0x40
01-06 03:12:06.925  8566  8566 F art     : art/runtime/runtime.cc:289]   native: #00 pc 0007af41  /android/system/lib/libc.so (???)
01-06 03:12:06.925  8566  8566 F art     : art/runtime/runtime.cc:289]   native: #01 pc 004a5b60  /android/system/lib/libart.so (???)
01-06 03:12:06.925  8566  8566 F art     : art/runtime/runtime.cc:289]   native: #02 pc 002b7817  /android/system/lib/libart.so (???)
01-06 03:12:06.925  8566  8566 F art     : art/runtime/runtime.cc:289]   native: #03 pc 002b9f09  /android/system/lib/libart.so (???)
01-06 03:12:06.925  8566  8566 F art     : art/runtime/runtime.cc:289]   native: #04 pc 00022168  /android/system/lib/libc.so (???)
01-06 03:12:06.925  8566  8566 F art     : art/runtime/runtime.cc:289]   native: #05 pc 0001cc69  /android/system/lib/libc.so (???)
01-06 03:12:06.925  8566  8566 F art     : art/runtime/runtime.cc:289]   native: #06 pc 000137c6  /android/system/lib/libc.so (???)
01-06 03:12:06.925  8566  8566 F art     : art/runtime/runtime.cc:289]   (no managed stack frames)
01-06 03:12:06.925  8566  8566 F art     : art/runtime/runtime.cc:289] 
01-06 03:12:06.925  8566  8566 F art     : art/runtime/runtime.cc:289] "ReferenceQueueDaemon" prio=5 tid=11 Waiting
01-06 03:12:06.925  8566  8566 F art     : art/runtime/runtime.cc:289]   | group="" sCount=0 dsCount=0 obj=0x12c070a0 self=0xf3c30800
01-06 03:12:06.925  8566  8566 F art     : art/runtime/runtime.cc:289]   | sysTid=8581 nice=0 cgrp=default sched=3/0 handle=0xf3c54780
01-06 03:12:06.925  8566  8566 F art     : art/runtime/runtime.cc:289]   | state=S schedstat=( 443520 0 1 ) utm=0 stm=0 core=0 HZ=100
01-06 03:12:06.925  8566  8566 F art     : art/runtime/runtime.cc:289]   | stack=0xee155000-0xee157000 stackSize=1036KB
01-06 03:12:06.925  8566  8566 F art     : art/runtime/runtime.cc:289]   | held mutexes=
01-06 03:12:06.925  8566  8566 F art     : art/runtime/runtime.cc:289]   kernel: futex_wait_queue_me+0xb8/0xf9
01-06 03:12:06.925  8566  8566 F art     : art/runtime/runtime.cc:289]   kernel: futex_wait+0xeb/0x1f0
01-06 03:12:06.925  8566  8566 F art     : art/runtime/runtime.cc:289]   kernel: get_user_pages_fast+0xc0/0x140
01-06 03:12:06.925  8566  8566 F art     : art/runtime/runtime.cc:289]   kernel: ttwu_stat+0x87/0xb9
01-06 03:12:06.925  8566  8566 F art     : art/runtime/runtime.cc:289]   kernel: get_futex_key+0x1ad/0x1c6
01-06 03:12:06.925  8566  8566 F art     : art/runtime/runtime.cc:289]   kernel: do_futex+0xb2/0x86c
01-06 03:12:06.925  8566  8566 F art     : art/runtime/runtime.cc:289]   kernel: handle_mm_fault+0x3bd/0xe32
01-06 03:12:06.925  8566  8566 F art     : art/runtime/runtime.cc:289]   kernel: cap_safe_nice+0x69/0x6e
01-06 03:12:06.925  8566  8566 F art     : art/runtime/runtime.cc:289]   kernel: compat_SyS_futex+0xb1/0x12a
01-06 03:12:06.925  8566  8566 F art     : art/runtime/runtime.cc:289]   kernel: __do_page_fault+0x2c6/0x35c
01-06 03:12:06.925  8566  8566 F art     : art/runtime/runtime.cc:289]   kernel: do_syscall_32_irqs_off+0x4c/0x86
01-06 03:12:06.925  8566  8566 F art     : art/runtime/runtime.cc:289]   kernel: entry_INT80_compat+0x2a/0x40
01-06 03:12:06.925  8566  8566 F art     : art/runtime/runtime.cc:289]   native: #00 pc 000139a0  /android/system/lib/libc.so (???)
01-06 03:12:06.925  8566  8566 F art     : art/runtime/runtime.cc:289]   at java.lang.Object.wait!(Native method)
01-06 03:12:06.925  8566  8566 F art     : art/runtime/runtime.cc:289]   - waiting on <0x3db6cf45> (a java.lang.Class<java.lang.ref.ReferenceQueue>)
01-06 03:12:06.925  8566  8566 F art     : art/runtime/runtime.cc:289]   at java.lang.Daemons$ReferenceQueueDaemon.run(Daemons.java:134)
01-06 03:12:06.925  8566  8566 F art     : art/runtime/runtime.cc:289]   - locked <0x3db6cf45> (a java.lang.Class<java.lang.ref.ReferenceQueue>)
01-06 03:12:06.925  8566  8566 F art     : art/runtime/runtime.cc:289]   at java.lang.Thread.run(Thread.java:818)
01-06 03:12:06.925  8566  8566 F art     : art/runtime/runtime.cc:289] 
01-06 03:12:06.925  8566  8566 F art     : art/runtime/runtime.cc:289] "FinalizerDaemon" prio=5 tid=12 Waiting
01-06 03:12:06.925  8566  8566 F art     : art/runtime/runtime.cc:289]   | group="" sCount=0 dsCount=0 obj=0x12c07100 self=0xf3c30c00
01-06 03:12:06.925  8566  8566 F art     : art/runtime/runtime.cc:289]   | sysTid=8582 nice=0 cgrp=default sched=3/0 handle=0xf3c54a00
01-06 03:12:06.925  8566  8566 F art     : art/runtime/runtime.cc:289]   | state=S schedstat=( 550581 0 3 ) utm=0 stm=0 core=3 HZ=100
01-06 03:12:06.925  8566  8566 F art     : art/runtime/runtime.cc:289]   | stack=0xedafe000-0xedb00000 stackSize=1036KB
01-06 03:12:06.925  8566  8566 F art     : art/runtime/runtime.cc:289]   | held mutexes=
01-06 03:12:06.925  8566  8566 F art     : art/runtime/runtime.cc:289]   kernel: futex_wait_queue_me+0xb8/0xf9
01-06 03:12:06.925  8566  8566 F art     : art/runtime/runtime.cc:289]   kernel: futex_wait+0xeb/0x1f0
01-06 03:12:06.925  8566  8566 F art     : art/runtime/runtime.cc:289]   kernel: get_user_pages_fast+0xc0/0x140
01-06 03:12:06.925  8566  8566 F art     : art/runtime/runtime.cc:289]   kernel: get_futex_key+0x1ad/0x1c6
01-06 03:12:06.925  8566  8566 F art     : art/runtime/runtime.cc:289]   kernel: do_futex+0xb2/0x86c
01-06 03:12:06.925  8566  8566 F art     : art/runtime/runtime.cc:289]   kernel: page_add_new_anon_rmap+0x3d/0x73
01-06 03:12:06.925  8566  8566 F art     : art/runtime/runtime.cc:289]   kernel: handle_mm_fault+0x3bd/0xe32
01-06 03:12:06.925  8566  8566 F art     : art/runtime/runtime.cc:289]   kernel: compat_SyS_futex+0xb1/0x12a
01-06 03:12:06.925  8566  8566 F art     : art/runtime/runtime.cc:289]   kernel: __do_page_fault+0x2c6/0x35c
01-06 03:12:06.925  8566  8566 F art     : art/runtime/runtime.cc:289]   kernel: do_syscall_32_irqs_off+0x4c/0x86
01-06 03:12:06.925  8566  8566 F art     : art/runtime/runtime.cc:289]   kernel: entry_INT80_compat+0x2a/0x40
01-06 03:12:06.925  8566  8566 F art     : art/runtime/runtime.cc:289]   native: #00 pc 000139a0  /android/system/lib/libc.so (???)
01-06 03:12:06.925  8566  8566 F art     : art/runtime/runtime.cc:289]   at java.lang.Object.wait!(Native method)
01-06 03:12:06.925  8566  8566 F art     : art/runtime/runtime.cc:289]   - waiting on <0x0e5b769a> (a java.lang.ref.ReferenceQueue)
01-06 03:12:06.925  8566  8566 F art     : art/runtime/runtime.cc:289]   at java.lang.Object.wait(Object.java:422)
01-06 03:12:06.925  8566  8566 F art     : art/runtime/runtime.cc:289]   at java.lang.ref.ReferenceQueue.remove(ReferenceQueue.java:101)
01-06 03:12:06.925  8566  8566 F art     : art/runtime/runtime.cc:289]   - locked <0x0e5b769a> (a java.lang.ref.ReferenceQueue)
01-06 03:12:06.925  8566  8566 F art     : art/runtime/runtime.cc:289]   at java.lang.ref.ReferenceQueue.remove(ReferenceQueue.java:72)
01-06 03:12:06.925  8566  8566 F art     : art/runtime/runtime.cc:289]   at java.lang.Daemons$FinalizerDaemon.run(Daemons.java:174)
01-06 03:12:06.925  8566  8566 F art     : art/runtime/runtime.cc:289]   at java.lang.Thread.run(Thread.java:818)
01-06 03:12:06.925  8566  8566 F art     : art/runtime/runtime.cc:289] 
01-06 03:12:06.925  8566  8566 F art     : art/runtime/runtime.cc:289] "FinalizerWatchdogDaemon" prio=5 tid=13 Waiting
01-06 03:12:06.925  8566  8566 F art     : art/runtime/runtime.cc:289]   | group="" sCount=0 dsCount=0 obj=0x12c07160 self=0xf3c31000
01-06 03:12:06.925  8566  8566 F art     : art/runtime/runtime.cc:289]   | sysTid=8583 nice=0 cgrp=default sched=3/0 handle=0xf3c54c80
01-06 03:12:06.925  8566  8566 F art     : art/runtime/runtime.cc:289]   | state=S schedstat=( 391841 0 1 ) utm=0 stm=0 core=0 HZ=100
01-06 03:12:06.925  8566  8566 F art     : art/runtime/runtime.cc:289]   | stack=0xed9fa000-0xed9fc000 stackSize=1036KB
01-06 03:12:06.925  8566  8566 F art     : art/runtime/runtime.cc:289]   | held mutexes=
01-06 03:12:06.925  8566  8566 F art     : art/runtime/runtime.cc:289]   kernel: futex_wait_queue_me+0xb8/0xf9
01-06 03:12:06.925  8566  8566 F art     : art/runtime/runtime.cc:289]   kernel: futex_wait+0xeb/0x1f0
01-06 03:12:06.925  8566  8566 F art     : art/runtime/runtime.cc:289]   kernel: get_user_pages_fast+0xc0/0x140
01-06 03:12:06.925  8566  8566 F art     : art/runtime/runtime.cc:289]   kernel: ttwu_stat+0x87/0xb9
01-06 03:12:06.925  8566  8566 F art     : art/runtime/runtime.cc:289]   kernel: get_futex_key+0x1ad/0x1c6
01-06 03:12:06.925  8566  8566 F art     : art/runtime/runtime.cc:289]   kernel: do_futex+0xb2/0x86c
01-06 03:12:06.925  8566  8566 F art     : art/runtime/runtime.cc:289]   kernel: do_syscall_32_irqs_off+0x4c/0x86
01-06 03:12:06.925  8566  8566 F art     : art/runtime/runtime.cc:289]   at java.lang.Object.wait!(Native method)
01-06 03:12:06.925  8566  8566 F art     : art/runtime/runtime.cc:289]   - waiting on <0x3e2c5fa8> (a java.lang.Daemons$GCDaemon)
01-06 03:12:06.925  8566  8566 F art     : art/runtime/runtime.cc:289]   - locked <0x3e2c5fa8> (a java.lang.Daemons$GCDaemon)
01-06 03:12:06.925  8566  8566 F art     : art/runtime/runtime.cc:289]   at java.lang.Thread.run(Thread.java:818)
01-06 03:12:06.925  8566  8566 F art     : art/runtime/runtime.cc:289] "Binder_1" prio=5 tid=16 Native
01-06 03:12:06.925  8566  8566 F art     : art/runtime/runtime.cc:289]   | group="" sCount=0 dsCount=0 obj=0x12c410a0 self=0xedc3f400
01-06 03:12:06.925  8566  8566 F art     : art/runtime/runtime.cc:289]   | state=S schedstat=( 1041788 0 5 ) utm=0 stm=0 core=7 HZ=100
01-06 03:12:06.925  8566  8566 F art     : art/runtime/runtime.cc:289]   | held mutexes=
01-06 03:12:06.925  8566  8566 F art     : art/runtime/runtime.cc:289]   kernel: binder_thread_read+0x304/0xcb4
01-06 03:12:06.925  8566  8566 F art     : art/runtime/runtime.cc:289]   kernel: put_prev_entity+0x32/0x52b
01-06 03:12:06.925  8566  8566 F art     : art/runtime/runtime.cc:289]   kernel: binder_ioctl_write_read+0x11c/0x22f
01-06 03:12:06.925  8566  8566 F art     : art/runtime/runtime.cc:289]   kernel: binder_ioctl+0x151/0x46f
01-06 03:12:06.925  8566  8566 F libc    : Fatal signal 6 (SIGABRT), code -6 in tid 8566 (urf:dservice_v1)
01-06 03:12:06.931  2349  2349 I Launcher: Deferring update until onResume
01-06 03:12:06.931  2349  2349 I Launcher: Deferring update until onResume
01-06 03:12:06.931  2349  2349 I Launcher: Deferring update until onResume
01-06 03:12:06.975  1872  1872 I DEBUG   : *** *** *** *** *** *** *** *** *** *** *** *** *** *** *** ***
01-06 03:12:06.975  1872  1872 I DEBUG   : Build fingerprint: 'Android-x86/android_x86_64/x86_64:5.1.1/LMY48Z/01050708:eng/test-keys'
01-06 03:12:06.975  1872  1872 I DEBUG   : Revision: '0'
01-06 03:12:06.975  1872  1872 I DEBUG   : ABI: 'x86'
01-06 03:12:06.975  1872  1872 I DEBUG   : pid: 8566, tid: 8566, name: urf:dservice_v1  >>> com.kiloo.subwaysurf:dservice_v1 <<<
01-06 03:12:06.975  1872  1872 I DEBUG   : signal 6 (SIGABRT), code -6 (SI_TKILL), fault addr --------
01-06 03:12:06.991  1872  1872 I DEBUG   : Abort message: 'art/runtime/check_jni.cc:65] JNI DETECTED ERROR IN APPLICATION: GetStringUTFChars received null jstring'
01-06 03:12:06.992  1872  1872 I DEBUG   :     eax 00000000  ebx 00002176  ecx 00002176  edx 00000006
01-06 03:12:06.992  1872  1872 I DEBUG   :     esi f77cec48  edi 0000000b
01-06 03:12:06.992  1872  1872 I DEBUG   :     xcs 00000023  xds 0000002b  xes 0000002b  xfs 00000007  xss 0000002b
01-06 03:12:06.992  1872  1872 I DEBUG   :     eip f755bd26  ebp 00002176  esp ffbbc620  flags 00200286
01-06 03:12:06.992  1872  1872 I DEBUG   : 
01-06 03:12:06.992  1872  1872 I DEBUG   : backtrace:
01-06 03:12:06.992  1872  1872 I DEBUG   :     #00 pc 0007ad26  /system/lib/libc.so (tgkill+22)
01-06 03:12:06.992  1872  1872 I DEBUG   :     #01 pc 00023125  /system/lib/libc.so (pthread_kill+117)
01-06 03:12:06.992  1872  1872 I DEBUG   :     #02 pc 00024d1a  /system/lib/libc.so (raise+42)
01-06 03:12:06.992  1872  1872 I DEBUG   :     #03 pc 0001c4c4  /system/lib/libc.so (abort+84)
01-06 03:12:06.992  1872  1872 I DEBUG   :     #04 pc 003c9396  /system/lib/libart.so (art::Runtime::Abort()+342)
01-06 03:12:06.992  1872  1872 I DEBUG   :     #05 pc 000dba64  /system/lib/libart.so (art::LogMessage::~LogMessage()+2756)
01-06 03:12:06.992  1872  1872 I DEBUG   :     #06 pc 000f97c4  /system/lib/libart.so (art::JniAbort(char const*, char const*)+2468)
01-06 03:12:06.992  1872  1872 I DEBUG   :     #07 pc 000f9fa2  /system/lib/libart.so (art::JniAbortF(char const*, char const*, ...)+98)
01-06 03:12:06.992  1872  1872 I DEBUG   :     #08 pc 000fd550  /system/lib/libart.so (art::ScopedCheck::CheckInstance(art::ScopedCheck::InstanceKind, _jobject*)+640)
01-06 03:12:06.992  1872  1872 I DEBUG   :     #09 pc 000fe5a0  /system/lib/libart.so (_ZN3art11ScopedCheck5CheckEbPKcz.constprop.109+1216)
01-06 03:12:06.992  1872  1872 I DEBUG   :     #10 pc 00104b91  /system/lib/libart.so (art::CheckJNI::GetStringUTFChars(_JNIEnv*, _jstring*, unsigned char*)+113)
01-06 03:12:06.992  1872  1872 I DEBUG   :     #11 pc 0022e19a  /android/system/lib/arm/libhoudini.so
01-06 03:12:06.992  1872  1872 I DEBUG   :     #12 pc 0021e884  /android/system/lib/arm/libhoudini.so
01-06 03:12:06.992  1872  1872 I DEBUG   :     #13 pc 0026a004  /android/system/lib/arm/libhoudini.so
01-06 03:12:06.992  1872  1872 I DEBUG   :     #14 pc 007fb4c7  [stack]
01-06 03:12:07.051  1872  1872 I DEBUG   : 
01-06 03:12:07.051  1872  1872 I DEBUG   : Tombstone written to: /data/tombstones/tombstone_01
01-06 03:12:07.051  2149  2176 I BootReceiver: Copying /data/tombstones/tombstone_01 to DropBox (SYSTEM_TOMBSTONE)
01-06 03:12:07.052  1865  1865 E lowmemorykiller: Error writing /proc/8566/oom_score_adj; errno=22
01-06 03:12:07.055  1865  1865 E lowmemorykiller: Error writing /proc/8566/oom_score_adj; errno=22
01-06 03:12:07.055  1865  1865 E lowmemorykiller: Error writing /proc/8566/oom_score_adj; errno=22
01-06 03:12:07.060  1880  1880 I Zygote  : Process 8566 exited due to signal (6)
01-06 03:12:07.070  8600  8600 I art     : Not late-enabling -Xcheck:jni (already on)
01-06 03:12:07.071  2149  8057 I ActivityManager: Start proc 8600:com.popcap.pvz2cthdbddk/u0a59 for broadcast com.popcap.pvz2cthdbddk/com.duoku.platform.single.receiver.DKSingleAppReceiver
01-06 03:12:07.071  8600  8600 D houdini : [8600] Initialize library(version: 5.2.2_y.47738 RELEASE)... successfully.
01-06 03:12:07.071  2149  3128 I ActivityManager: Process com.kiloo.subwaysurf:dservice_v1 (pid 8566) has died
01-06 03:12:07.093  2149  3972 I EGL-DRI2: DRI2: found extension DRI_Core version 1
01-06 03:12:07.093  2149  3972 I EGL-DRI2: DRI2: found extension DRI_DRI2 version 4
01-06 03:12:07.099  8600  8600 I ActivityThread: Switching default density from 160 to 240
01-06 03:12:07.107  2149  3972 I EGL-DRI2: DRI2: found extension DRI_TexBuffer version 3
01-06 03:12:07.107  2149  3972 I EGL-DRI2: DRI2: found extension DRI2_Flush version 4
01-06 03:12:07.107  2149  3972 I EGL-DRI2: DRI2: found extension DRI_IMAGE version 11
01-06 03:12:07.108  2149  3972 I OpenGLRenderer: Initialized EGL, version 1.4
01-06 03:12:07.147  8600  8600 D houdini : [8600] Added shared library /data/app/com.popcap.pvz2cthdbddk-1/lib/arm/libDexHelper.so for ClassLoader by Native Bridge.
01-06 03:12:07.150  8626  8626 W linker  : [vdso]: unused DT entry: type 0x6ffffef5 arg 0x160
01-06 03:12:07.173  8600  8600 E art     : dlopen("/data/data/com.popcap.pvz2cthdbddk/.cache/libDexHelper-x86.so", RTLD_LAZY) failed: dlopen failed: library "/data/data/com.popcap.pvz2cthdbddk/.cache/libDexHelper-x86.so" not found
01-06 03:12:07.173  8600  8600 E sdk     : DexInstall begin
01-06 03:12:07.173  8600  8600 E sdk     : DexInstall 11111
01-06 03:12:07.173  8600  8600 E sdk     : installSecondarDexs
01-06 03:12:07.173  8600  8600 E sdk     : v19 install
01-06 03:12:07.173  8600  8600 W System  : ClassLoader referenced unknown path: /data/data/com.popcap.pvz2cthdbddk/.cache/classes.jar
01-06 03:12:07.173  8600  8600 E sdk     : DexInstall 22222
01-06 03:12:07.180  8627  8627 W linker  : [vdso]: unused DT entry: type 0x6ffffef5 arg 0xec
01-06 03:12:07.180  8627  8627 E cutils-trace: Error opening trace file: Permission denied (13)
01-06 03:12:07.180  8627  8627 I dex2oat : /system/bin/dex2oat --runtime-arg -classpath --runtime-arg  --instruction-set=x86 --instruction-set-features=default --runtime-arg -Xrelocate --boot-image=/system/framework/boot.art --dex-file=/data/data/com.popcap.pvz2cthdbddk/app_push_lib/plugin-deploy.jar --oat-fd=24 --oat-location=/data/data/com.popcap.pvz2cthdbddk/app_push_dex/plugin-deploy.dex --runtime-arg -Xms64m --runtime-arg -Xmx512m --compiler-filter=interpret-only
01-06 03:12:07.256  8627  8627 I dex2oat : dex2oat took 75.929ms (threads: 8) arena alloc=0B java alloc=664KB native alloc=404KB free=7MB
01-06 03:12:07.261  8600  8600 D houdini : [8600] Added shared library /data/app/com.popcap.pvz2cthdbddk-1/lib/arm/libmegjb.so for ClassLoader by Native Bridge.
01-06 03:12:07.283  8600  8600 D houdini : [8600] Added shared library /data/data/com.popcap.pvz2cthdbddk/files/libmegbpp_02.02.16_01.so for ClassLoader by Native Bridge.
01-06 03:12:07.433  8647  8647 W linker  : [vdso]: unused DT entry: type 0x6ffffef5 arg 0xec
01-06 03:12:07.434  8647  8647 E cutils-trace: Error opening trace file: Permission denied (13)
01-06 03:12:07.434  8647  8647 I dex2oat : /system/bin/dex2oat --runtime-arg -classpath --runtime-arg  --instruction-set=x86 --instruction-set-features=default --runtime-arg -Xrelocate --boot-image=/system/framework/boot.art --dex-file=/data/data/com.popcap.pvz2cthdbddk/appsdk0_.dex --oat-fd=32 --oat-location=/data/data/com.popcap.pvz2cthdbddk/files/appsdk0_.dex --runtime-arg -Xms64m --runtime-arg -Xmx512m --compiler-filter=interpret-only
01-06 03:12:07.531  8647  8647 I dex2oat : dex2oat took 97.757ms (threads: 8) arena alloc=0B java alloc=2MB native alloc=492KB free=7MB
01-06 03:12:07.590  2149  3044 W ActivityManager: getRunningAppProcesses: caller 10059 does not hold REAL_GET_TASKS; limiting output
01-06 03:12:07.590  8600  8600 I unipaysdk: pid:8600 process:com.popcap.pvz2cthdbddk
01-06 03:12:07.590  8600  8600 I unipaysdk: pid:8360 process:com.popcap.pvz2cthdbddk:remote
01-06 03:12:07.592  8600  8600 E unipaysdk: unipaysdk:rc(0/1), s(true)
01-06 03:12:07.592  8600  8600 E unipaysdk: unipaysdk:abi(armeabi-v7a)
01-06 03:12:07.592  8600  8600 E unipaysdk: unipaysdk:cpu_abi:armeabi-v7a
01-06 03:12:07.596  8600  8600 D houdini : [8600] Added shared library /data/data/com.popcap.pvz2cthdbddk/.ulibs/decrypt.so for ClassLoader by Native Bridge.
01-06 03:12:07.597  8600  8600 E unipaysdk: unipaysdk:abi(armeabi-v7a)
01-06 03:12:07.597  8600  8600 D houdini : [8600] Added shared library /data/data/com.popcap.pvz2cthdbddk/.ulibs/libunicomsdk.so for ClassLoader by Native Bridge.
01-06 03:12:07.597  8600  8600 E unipaysdk: unipaysdk:result.1: 1
01-06 03:12:07.600  8661  8661 W linker  : [vdso]: unused DT entry: type 0x6ffffef5 arg 0x160
01-06 03:12:07.602  8661  8661 W linker  : [vdso]: unused DT entry: type 0x6ffffef5 arg 0x160
01-06 03:12:07.604  8600  8660 I System  : Failed to destroy process 8661
01-06 03:12:07.604  8600  8660 I System  : android.system.ErrnoException: kill failed: ESRCH (No such process)
01-06 03:12:07.604  8600  8660 I System  : 	at libcore.io.Posix.kill(Native Method)
01-06 03:12:07.604  8600  8660 I System  : 	at libcore.io.ForwardingOs.kill(ForwardingOs.java:101)
01-06 03:12:07.604  8600  8660 I System  : 	at java.lang.ProcessManager$ProcessImpl.destroy(ProcessManager.java:260)
01-06 03:12:07.604  8600  8660 I System  : 	at com.unicom.dcLoader.DynProcessUtil.getChildProcessId(Unknown Source)
01-06 03:12:07.604  8600  8660 I System  : 	at com.unicom.dcLoader.DynProcessUtil.getProcessIdList(Unknown Source)
01-06 03:12:07.604  8600  8660 I System  : 	at com.unicom.dcLoader.Utils.g(Unknown Source)
01-06 03:12:07.604  8600  8660 I System  : 	at com.unicom.dcLoader.Utils.a(Unknown Source)
01-06 03:12:07.604  8600  8660 I System  : 	at com.unicom.dcLoader.Utils$2.run(Unknown Source)
01-06 03:12:07.611  8663  8663 W linker  : [vdso]: unused DT entry: type 0x6ffffef5 arg 0xec
01-06 03:12:07.612  8663  8663 E cutils-trace: Error opening trace file: Permission denied (13)
01-06 03:12:07.612  8663  8663 I dex2oat : /system/bin/dex2oat --runtime-arg -classpath --runtime-arg  --instruction-set=x86 --instruction-set-features=default --runtime-arg -Xrelocate --boot-image=/system/framework/boot.art --dex-file=/data/data/com.popcap.pvz2cthdbddk/.ucache/classez.jar --oat-fd=21 --oat-location=/data/data/com.popcap.pvz2cthdbddk/.ucache/classez.dex --runtime-arg -Xms64m --runtime-arg -Xmx512m --compiler-filter=interpret-only
01-06 03:12:07.616  2149  2170 I ActivityManager: Start proc 8665:com.happyelements.AndroidAnimal/u0a114 for broadcast com.happyelements.AndroidAnimal/com.duoku.platform.single.receiver.DKSingleAppReceiver
01-06 03:12:07.620  8665  8665 D houdini : [8665] Initialize library(version: 5.2.2_y.47738 RELEASE)... successfully.
01-06 03:12:07.625  8665  8665 I ActivityThread: Switching default density from 160 to 240
01-06 03:12:07.630  8665  8665 D houdini : [8665] Added shared library /data/app/com.happyelements.AndroidAnimal-1/lib/arm/libmem.so for ClassLoader by Native Bridge.
01-06 03:12:07.631  8665  8665 I MultiDex: VM with version 2.1.0 has multidex support
01-06 03:12:07.631  8665  8665 I MultiDex: install
01-06 03:12:07.631  8665  8665 I MultiDex: VM has multidex support, MultiDex support library is disabled.
01-06 03:12:07.631  8665  8665 I MainAppContext: MainApplication attachBaseContext begin
01-06 03:12:07.631  8665  8665 I MainAppContext: MainApplication initJavaCrashHandler... 0
01-06 03:12:07.632  2149  2204 D WifiService: New client listening to asynchronous messages
01-06 03:12:07.635  8690  8690 W linker  : [vdso]: unused DT entry: type 0x6ffffef5 arg 0x160
01-06 03:12:07.637  8665  8665 W Settings: Setting android_id has moved from android.provider.Settings.System to android.provider.Settings.Secure, returning read-only value.
01-06 03:12:07.639  8665  8665 I MainAppContext: MainApplication MetaInfo init... 8
01-06 03:12:07.639  8665  8665 I com.happyelements.android.ApplicationHelper: extracting StartupConfig.plist
01-06 03:12:07.666  8665  8665 I MainAppContext: MainApplication init StartupConfig 27
01-06 03:12:07.765  8663  8663 I dex2oat : dex2oat took 152.976ms (threads: 8) arena alloc=0B java alloc=2MB native alloc=594KB free=7MB
01-06 03:12:07.785  8600  8660 E unipaysdk_2.3.0: UnipaySDK ERR:724  none error
01-06 03:12:07.793  8600  8600 D houdini : [8600] Added shared library /data/data/com.popcap.pvz2cthdbddk/cache/libunicom.so for ClassLoader by Native Bridge.
01-06 03:12:07.812  8600  8600 I hashcode: hashcode = 6272
01-06 03:12:07.837  8600  8701 W System.err: java.net.UnknownHostException: Unable to resolve host "unipayupg.wostore.cn": No address associated with hostname
01-06 03:12:07.837  8600  8701 W System.err: 	at java.net.InetAddress.lookupHostByName(InetAddress.java:457)
01-06 03:12:07.837  8600  8701 W System.err: 	at java.net.InetAddress.getAllByNameImpl(InetAddress.java:252)
01-06 03:12:07.837  8600  8701 W System.err: 	at java.net.InetAddress.getAllByName(InetAddress.java:215)
01-06 03:12:07.837  8600  8701 W System.err: 	at org.apache.http.impl.conn.DefaultClientConnectionOperator.openConnection(DefaultClientConnectionOperator.java:142)
01-06 03:12:07.837  8600  8701 W System.err: 	at org.apache.http.impl.conn.AbstractPoolEntry.open(AbstractPoolEntry.java:169)
01-06 03:12:07.837  8600  8701 W System.err: 	at org.apache.http.impl.conn.AbstractPooledConnAdapter.open(AbstractPooledConnAdapter.java:124)
01-06 03:12:07.837  8600  8701 W System.err: 	at org.apache.http.impl.client.DefaultRequestDirector.execute(DefaultRequestDirector.java:365)
01-06 03:12:07.837  8600  8701 W System.err: 	at org.apache.http.impl.client.AbstractHttpClient.execute(AbstractHttpClient.java:560)
01-06 03:12:07.837  8600  8701 W System.err: 	at org.apache.http.impl.client.AbstractHttpClient.execute(AbstractHttpClient.java:492)
01-06 03:12:07.837  8600  8701 W System.err: 	at org.apache.http.impl.client.AbstractHttpClient.execute(AbstractHttpClient.java:470)
01-06 03:12:07.837  8600  8701 W System.err: 	at com.unipay.net.HttpNet.b(Unknown Source)
01-06 03:12:07.837  8600  8701 W System.err: 	at com.unipay.net.AsyncMultimode$3.run(Unknown Source)
01-06 03:12:07.837  8600  8701 W System.err: Caused by: android.system.GaiException: android_getaddrinfo failed: EAI_NODATA (No address associated with hostname)
01-06 03:12:07.837  8600  8701 W System.err: 	at libcore.io.Posix.android_getaddrinfo(Native Method)
01-06 03:12:07.837  8600  8701 W System.err: 	at libcore.io.ForwardingOs.android_getaddrinfo(ForwardingOs.java:55)
01-06 03:12:07.837  8600  8701 W System.err: 	at java.net.InetAddress.lookupHostByName(InetAddress.java:438)
01-06 03:12:07.837  8600  8701 W System.err: 	... 11 more
01-06 03:12:07.840  2149  2204 D WifiService: New client listening to asynchronous messages
01-06 03:12:07.933  8707  8707 D houdini : [8707] Initialize library(version: 5.2.2_y.47738 RELEASE)... successfully.
01-06 03:12:07.934  2149  3128 I ActivityManager: Start proc 8707:com.happyelements.AndroidAnimal:egameCore/u0a114 for service com.happyelements.AndroidAnimal/cn.egame.terminal.sdk.EgameCoreService
01-06 03:12:07.960  8729  8729 D houdini : [8729] Initialize library(version: 5.2.2_y.47738 RELEASE)... successfully.
01-06 03:12:07.960  2149  3044 I ActivityManager: Start proc 8729:com.kiloo.subwaysurf/u0a115 for broadcast com.kiloo.subwaysurf/com.duoku.platform.single.receiver.DKSingleAppReceiver
01-06 03:12:07.964  8707  8707 I ActivityThread: Switching default density from 160 to 240
01-06 03:12:07.978  8729  8729 I ActivityThread: Switching default density from 160 to 240
01-06 03:12:07.979  8707  8707 D houdini : [8707] Added shared library /data/app/com.happyelements.AndroidAnimal-1/lib/arm/libmem.so for ClassLoader by Native Bridge.
01-06 03:12:07.980  8707  8707 I MultiDex: VM with version 2.1.0 has multidex support
01-06 03:12:07.980  8707  8707 I MultiDex: install
01-06 03:12:07.980  8707  8707 I MultiDex: VM has multidex support, MultiDex support library is disabled.
01-06 03:12:07.981  8707  8707 I MainAppContext: MainApplication attachBaseContext begin
01-06 03:12:07.982  8707  8707 I MainAppContext: MainApplication initJavaCrashHandler... 1
01-06 03:12:07.983  8729  8729 D SkynetApi: onApplicationCreate
01-06 03:12:07.983  8729  8729 W System.err: java.lang.ClassNotFoundException: com.skynet.android.uc.UC
01-06 03:12:07.983  8729  8729 W System.err: 	at java.lang.Class.classForName(Native Method)
01-06 03:12:07.983  8729  8729 W System.err: 	at java.lang.Class.forName(Class.java:309)
01-06 03:12:07.983  8729  8729 W System.err: 	at java.lang.Class.forName(Class.java:273)
01-06 03:12:07.983  8729  8729 W System.err: 	at com.skynet.android.Skynet.invoke(SourceFile:4209)
01-06 03:12:07.983  8729  8729 W System.err: 	at com.skynet.android.Skynet.onApplicationCreate(SourceFile:3691)
01-06 03:12:07.983  8729  8729 W System.err: 	at com.kiloo.subwaysurf.BaiDuApplication.onCreate(BaiDuApplication.java:11)
01-06 03:12:07.983  8729  8729 W System.err: 	at android.app.Instrumentation.callApplicationOnCreate(Instrumentation.java:1012)
01-06 03:12:07.983  8729  8729 W System.err: 	at android.app.ActivityThread.handleBindApplication(ActivityThread.java:4553)
01-06 03:12:07.983  8729  8729 W System.err: 	at android.app.ActivityThread.access$1500(ActivityThread.java:151)
01-06 03:12:07.983  8729  8729 W System.err: 	at android.app.ActivityThread$H.handleMessage(ActivityThread.java:1364)
01-06 03:12:07.983  8729  8729 W System.err: 	at android.os.Handler.dispatchMessage(Handler.java:102)
01-06 03:12:07.983  8729  8729 W System.err: 	at android.os.Looper.loop(Looper.java:135)
01-06 03:12:07.983  8729  8729 W System.err: 	at android.app.ActivityThread.main(ActivityThread.java:5254)
01-06 03:12:07.984  8729  8729 W System.err: 	at java.lang.reflect.Method.invoke(Native Method)
01-06 03:12:07.984  8729  8729 W System.err: 	at java.lang.reflect.Method.invoke(Method.java:372)
01-06 03:12:07.984  8729  8729 W System.err: 	at com.android.internal.os.ZygoteInit$MethodAndArgsCaller.run(ZygoteInit.java:903)
01-06 03:12:07.984  8729  8729 W System.err: 	at com.android.internal.os.ZygoteInit.main(ZygoteInit.java:698)
01-06 03:12:07.984  8729  8729 W System.err: Caused by: java.lang.ClassNotFoundException: Didn't find class "com.skynet.android.uc.UC" on path: DexPathList[[zip file "/data/app/com.kiloo.subwaysurf-1/base.apk"],nativeLibraryDirectories=[/data/app/com.kiloo.subwaysurf-1/lib/arm, /vendor/lib, /system/lib]]
01-06 03:12:07.984  8729  8729 W System.err: 	at dalvik.system.BaseDexClassLoader.findClass(BaseDexClassLoader.java:56)
01-06 03:12:07.984  8729  8729 W System.err: 	at java.lang.ClassLoader.loadClass(ClassLoader.java:511)
01-06 03:12:07.984  8729  8729 W System.err: 	at java.lang.ClassLoader.loadClass(ClassLoader.java:469)
01-06 03:12:07.984  8729  8729 W System.err: 	... 17 more
01-06 03:12:07.984  8729  8729 W System.err: 	Suppressed: java.lang.ClassNotFoundException: com.skynet.android.uc.UC
01-06 03:12:07.984  8729  8729 W System.err: 		at java.lang.Class.classForName(Native Method)
01-06 03:12:07.984  8729  8729 W System.err: 		at java.lang.BootClassLoader.findClass(ClassLoader.java:781)
01-06 03:12:07.984  8729  8729 W System.err: 		at java.lang.BootClassLoader.loadClass(ClassLoader.java:841)
01-06 03:12:07.984  8729  8729 W System.err: 		at java.lang.ClassLoader.loadClass(ClassLoader.java:504)
01-06 03:12:07.984  8729  8729 W System.err: 		... 18 more
01-06 03:12:07.984  8729  8729 W System.err: 	Caused by: java.lang.NoClassDefFoundError: Class not found using the boot class loader; no stack available
01-06 03:12:07.985  8729  8729 W System.err: java.lang.ClassNotFoundException: com.gionee.game.offlinesdk.GamePlatform
01-06 03:12:07.985  8729  8729 W System.err: 	at java.lang.Class.classForName(Native Method)
01-06 03:12:07.985  8729  8729 W System.err: 	at java.lang.Class.forName(Class.java:309)
01-06 03:12:07.985  8729  8729 W System.err: 	at com.skynet.android.amigo.Amigo.isEnable(SourceFile:27)
01-06 03:12:07.985  8729  8729 W System.err: 	at com.skynet.android.amigo.Amigo.onApplicationCreate(SourceFile:17)
01-06 03:12:07.985  8729  8729 W System.err: 	at java.lang.reflect.Method.invoke(Native Method)
01-06 03:12:07.985  8729  8729 W System.err: 	at java.lang.reflect.Method.invoke(Method.java:372)
01-06 03:12:07.985  8729  8729 W System.err: 	at com.skynet.android.Skynet.invoke(SourceFile:4217)
01-06 03:12:07.985  8729  8729 W System.err: 	at com.skynet.android.Skynet.onApplicationCreate(SourceFile:3693)
01-06 03:12:07.985  8729  8729 W System.err: 	at com.kiloo.subwaysurf.BaiDuApplication.onCreate(BaiDuApplication.java:11)
01-06 03:12:07.985  2149  2204 D WifiService: New client listening to asynchronous messages
01-06 03:12:07.985  8729  8729 W System.err: 	at android.app.Instrumentation.callApplicationOnCreate(Instrumentation.java:1012)
01-06 03:12:07.985  8729  8729 W System.err: 	at android.app.ActivityThread.handleBindApplication(ActivityThread.java:4553)
01-06 03:12:07.985  8729  8729 W System.err: 	at android.app.ActivityThread.access$1500(ActivityThread.java:151)
01-06 03:12:07.985  8729  8729 W System.err: 	at android.app.ActivityThread$H.handleMessage(ActivityThread.java:1364)
01-06 03:12:07.985  8729  8729 W System.err: 	at android.os.Handler.dispatchMessage(Handler.java:102)
