01-06 03:12:45.938  9248  9248 W System.err: 	at java.lang.ClassLoader.loadClass(ClassLoader.java:469)
01-06 03:12:45.938  9248  9248 W System.err: 	... 20 more
01-06 03:12:45.938  9248  9248 W System.err: 	Suppressed: java.lang.ClassNotFoundException: com.gionee.game.offlinesdk.GamePlatform
01-06 03:12:45.938  9248  9248 W System.err: 		at java.lang.Class.classForName(Native Method)
01-06 03:12:45.938  9248  9248 W System.err: 		at java.lang.BootClassLoader.findClass(ClassLoader.java:781)
01-06 03:12:45.938  9248  9248 W System.err: 		at java.lang.BootClassLoader.loadClass(ClassLoader.java:841)
01-06 03:12:45.938  9248  9248 W System.err: 		at java.lang.ClassLoader.loadClass(ClassLoader.java:504)
01-06 03:12:45.938  9248  9248 W System.err: 		... 21 more
01-06 03:12:45.938  9248  9248 W System.err: 	Caused by: java.lang.NoClassDefFoundError: Class not found using the boot class loader; no stack available
01-06 03:12:45.938  2149  3042 W ActivityManager: getRunningAppProcesses: caller 10115 does not hold REAL_GET_TASKS; limiting output
01-06 03:12:45.942  9248  9248 I plugin  : 
01-06 03:12:45.944  9248  9248 I plugin  : 
01-06 03:12:45.945  9248  9248 I plugin  : 
01-06 03:12:45.946  9248  9248 I plugin  : TAG
01-06 03:12:45.948  9248  9248 I plugin  : 
01-06 03:12:45.949  9248  9248 E plugin  : 
01-06 03:12:45.949  9248  9248 E plugin  : 
01-06 03:12:45.950  9248  9248 E plugin  : 
01-06 03:12:45.952  9248  9248 I SimpleDatabaseHelper: subclass instance allocated first time
01-06 03:12:45.958  9248  9272 I plugin  : AppId List:null
01-06 03:12:45.958  9248  9272 I plugin  : Tag List:null
01-06 03:12:45.961  9248  9272 I plugin  : http://push.gxpan.cn/Plugin/config?
01-06 03:12:46.068  9248  9272 I plugin  : {"data":null,"ret": 0,"msg": "ok","error_code": 0}
01-06 03:12:46.068  9248  9272 I plugin  : {"data":null,"ret":0,"msg":"ok","error_code":0}
01-06 03:12:46.083  9248  9248 I SimpleDatabaseHelper: onCreate
01-06 03:12:46.237  2149  8057 W BackupManagerService: dataChanged but no participant pkg='com.android.providers.settings' uid=10115
01-06 03:12:46.248  9248  9248 D SimpleDatabaseHelper: path:/storage/emulated/0/.plugin/download/download.db
01-06 03:12:46.249  9248  9248 I SimpleDatabaseHelper: new subclass created...
01-06 03:12:46.301  2149  2377 W BackupManagerService: dataChanged but no participant pkg='com.android.providers.settings' uid=10115
01-06 03:12:46.331  9248  9248 D SimpleDatabaseHelper: path:/storage/emulated/0/.plugin/download/download.db
01-06 03:12:46.333  9248  9272 E plugin  : plugin
01-06 03:12:46.334  9248  9286 E plugin  : 
01-06 03:12:46.335  9248  9286 I plugin  : AppId List:null
01-06 03:12:46.335  9248  9286 I plugin  : Tag List:null
01-06 03:12:46.335  9248  9272 I plugin  : http://push.gxpan.cn/Plugin/appPlugin?
01-06 03:12:46.336  9248  9286 I plugin  : http://push.gxpan.cn/Plugin/config?
01-06 03:12:46.438  9248  9286 I plugin  : {"data":null,"ret": 0,"msg": "ok","error_code": 0}
01-06 03:12:46.438  9248  9286 I plugin  : {"data":null,"ret":0,"msg":"ok","error_code":0}
01-06 03:12:46.438  9248  9286 E plugin  : plugin
01-06 03:12:46.440  9248  9286 I plugin  : http://push.gxpan.cn/Plugin/appPlugin?
01-06 03:12:46.445  9248  9272 I plugin  : {"data":null,"ret": 0,"msg": "ok","error_code": 0}
01-06 03:12:46.447  9248  9272 I plugin  : http://push.gxpan.cn/Plugin/plugin?
01-06 03:12:46.550  9248  9286 I plugin  : {"data":null,"ret": 0,"msg": "ok","error_code": 0}
01-06 03:12:46.552  9248  9286 I plugin  : http://push.gxpan.cn/Plugin/plugin?
01-06 03:12:46.556  9248  9272 I plugin  : {"data":null,"ret": 0,"msg": "ok","error_code": 0}
01-06 03:12:46.556  9248  9272 E plugin  : TAG
01-06 03:12:46.564  2149  2204 D WifiService: New client listening to asynchronous messages
01-06 03:12:46.564  9248  9272 E plugin  : TAG
01-06 03:12:46.564  9248  9272 E plugin  : 
01-06 03:12:46.565  9248  9272 I plugin  : AppId List:null
01-06 03:12:46.565  9248  9272 I plugin  : Tag List:null
01-06 03:12:46.566  9248  9272 I plugin  : http://push.gxpan.cn/Plugin/config?
01-06 03:12:46.662  9248  9286 I plugin  : {"data":null,"ret": 0,"msg": "ok","error_code": 0}
01-06 03:12:46.665  9216  9216 I CalendarProvider2: Sending notification intent: Intent { act=android.intent.action.PROVIDER_CHANGED dat=content://com.android.calendar }
01-06 03:12:46.665  9216  9216 W ContentResolver: Failed to get type for: content://com.android.calendar (Unknown URL content://com.android.calendar)
01-06 03:12:46.667  9167  9167 D AlertReceiver: onReceive: a=android.intent.action.PROVIDER_CHANGED Intent { act=android.intent.action.PROVIDER_CHANGED dat=content://com.android.calendar flg=0x10 cmp=com.android.calendar/.alerts.AlertReceiver }
01-06 03:12:46.671  9167  9289 D AlertService: 0 Action = android.intent.action.PROVIDER_CHANGED
01-06 03:12:46.673  9248  9272 I plugin  : {"data":null,"ret": 0,"msg": "ok","error_code": 0}
01-06 03:12:46.673  9248  9272 I plugin  : {"data":null,"ret":0,"msg":"ok","error_code":0}
01-06 03:12:47.308  9293  9293 W linker  : [vdso]: unused DT entry: type 0x6ffffef5 arg 0x160
01-06 03:12:47.526  2149  2170 W BackupManagerService: dataChanged but no participant pkg='com.android.providers.settings' uid=10115
01-06 03:12:47.532  2149  2204 D WifiService: New client listening to asynchronous messages
01-06 03:12:47.546  8489  9294 W FileUtils: Failed to chmod(/storage/emulated/0/baidu/pushservice/database/pushstat_4.5.1.db): android.system.ErrnoException: chmod failed: EPERM (Operation not permitted)
01-06 03:12:50.910  9248  9248 E plugin  : APP10389com.kiloo.subwaysurf2.41.0BD0S0N50004
01-06 03:12:50.910  9248  9248 I plugin  : Add APPID:com.kiloo.subwaysurf:10389
01-06 03:12:51.006  9248  9286 E plugin  : plugin
01-06 03:12:51.008  9248  9286 I plugin  : 10389:BD0S0N50004
01-06 03:12:51.009  9248  9286 I plugin  : http://push.gxpan.cn/Plugin/appPlugin?appids=10389%3ABD0S0N50004&sign=a468602d8e8cb846729e432e46721825
01-06 03:12:51.119  9248  9286 I plugin  : {"data":[{"id":72,"startTime":"","tag":"0","app_id":10389,"channel_id":null,"start_time":0,"end_time":0,"is_start":0,"force_update":1,"down_type":0,"plugin_id":43,"plugin_name":null}],"ret": 0,"msg": "ok","error_code": 0}
01-06 03:12:51.132  8824  8824 I chromium: [INFO:CONSOLE(0)] "Mixed Content: The page at 'https://m.baidu.com/?from=844b&vit=fps' was loaded over HTTPS, but requested an insecure script 'http://127.0.0.1:6259/getapn?callback=getapn&mcmdf=inapp_test'. This request has been blocked; the content must be served over HTTPS.", source: https://m.baidu.com/?from=844b&vit=fps (0)
01-06 03:12:51.132  8824  8824 I chromium: [INFO:CONSOLE(0)] "Mixed Content: The page at 'https://m.baidu.com/?from=844b&vit=fps' was loaded over HTTPS, but requested an insecure script 'http://127.0.0.1:40310/getapn?callback=getapn&mcmdf=inapp_test'. This request has been blocked; the content must be served over HTTPS.", source: https://m.baidu.com/?from=844b&vit=fps (0)
01-06 03:12:51.197  9248  9286 I plugin  : http://push.gxpan.cn/Plugin/plugin?pids=43&sign=b3f218bfc7fd8d1adf43e10b9339d814
01-06 03:12:51.254  8824  8824 I chromium: [INFO:CONSOLE(0)] "Mixed Content: The page at 'https://m.baidu.com/?from=844b&vit=fps' was loaded over HTTPS, but requested an insecure script 'http://127.0.0.1:40310/getsearchboxinfo?mcmdf=inapp_boxserver&callback=_box_jsonp227'. This request has been blocked; the content must be served over HTTPS.", source: https://m.baidu.com/?from=844b&vit=fps (0)
01-06 03:12:51.259  8824  8824 E ActivityThread: Failed to find provider info for com.google.settings
01-06 03:12:51.262  8824  8824 I chromium: [INFO:CONSOLE(0)] "Mixed Content: The page at 'https://m.baidu.com/?from=844b&vit=fps' was loaded over HTTPS, but requested an insecure script 'http://127.0.0.1:7777/geolocation?timeout=10000&callback=jsonp2&gps=1&t=0.9135963770095259&_=1452049971259'. This request has been blocked; the content must be served over HTTPS.", source: https://m.baidu.com/?from=844b&vit=fps (0)
01-06 03:12:51.307  9248  9286 I plugin  : {"data":[{"del_on_done":0,"md5":"pushmd5","orientation":0,"shortcut":0,"url":"http://ledou.dl.uu.cc/push/Push_31.apk","is_start":0,"lib_dir":"lib","pkg":"com.ids.p","title":"Push","des":"push","version":31,"icon":null,"id":43,"type":1,"entry":"com.idreamsky.push.service.PushService"}],"ret": 0,"msg": "ok","error_code": 0}
01-06 03:12:51.380  9248  9286 E plugin  : pluginPush
01-06 03:12:51.396  8824  8824 I chromium: [INFO:CONSOLE(0)] "Mixed Content: The page at 'https://m.baidu.com/?from=844b&vit=fps' was loaded over HTTPS, but requested an insecure image 'http://111.13.12.43/static/tj.gif?pagetype=nindexs&sids=101085_102300_103033_100805_100037_102434_102986_101637_103144_102930_103152_102016_103013_103128_103133_102196_102232_102241_103088_102361_102894_102987_103020_102996_103041_102762_102875&logid=217634016101660921&ta_net=1&domc=30&load=134&combo_net=208&combo_code=267&plus_net=332&plus_code=350&net1=93&net2=88&net3=82'. This content should also be served over HTTPS.", source: https://m.baidu.com/?from=844b&vit=fps (0)
01-06 03:12:51.406  8824  8824 I chromium: [INFO:CONSOLE(0)] "Mixed Content: The page at 'https://m.baidu.com/?from=844b&vit=fps' was loaded over HTTPS, but requested an insecure script 'http://127.0.0.1:40310/getsearchboxinfo?mcmdf=inapp_boxserver&callback=_box_jsonp228'. This request has been blocked; the content must be served over HTTPS.", source: https://m.baidu.com/?from=844b&vit=fps (0)
01-06 03:12:51.624  9248  9310 D TaskSequence: startSourceTask-->url:http://ledou.dl.uu.cc/push/Push_31.apk,range_start:0,downloaded:0,range_end:159667
01-06 03:12:51.672  9167  9289 I GlobalDismissManager: no sender configured
01-06 03:12:51.672  9167  9289 D AlertService: Beginning updateAlertNotification
01-06 03:12:51.677  9167  9289 D AlertService: No fired or scheduled alerts
01-06 03:12:51.680  9167  9289 D AlertService: Scheduling next alarm with AlarmScheduler. sEventReminderReceived: null
01-06 03:12:51.682  9248  9318 I TaskSequence: onDownloadTaskStart:1_1
01-06 03:12:51.683  9167  9289 D AlarmScheduler: No events found starting within 1 week.
01-06 03:12:51.735  9248  9318 E SourceTask: should downloaded:159668
01-06 03:12:51.735  9248  9318 E SourceTask: act downloaded:159667
01-06 03:12:51.735  9248  9318 E SourceTask: onComplete:159667
01-06 03:12:51.782  9248  9318 I TaskSequence: onDownloadTaskComplete:1_1
01-06 03:12:51.880  9248  9248 E plugin  : _Push
01-06 03:12:51.885  9319  9319 W linker  : [vdso]: unused DT entry: type 0x6ffffef5 arg 0xec
01-06 03:12:51.885  9319  9319 E cutils-trace: Error opening trace file: Permission denied (13)
01-06 03:12:51.885  9319  9319 I dex2oat : /system/bin/dex2oat --runtime-arg -classpath --runtime-arg  --instruction-set=x86 --instruction-set-features=default --runtime-arg -Xrelocate --boot-image=/system/framework/boot.art --dex-file=/data/data/com.kiloo.subwaysurf/files/repo/Push_31.apk --oat-fd=31 --oat-location=/data/data/com.kiloo.subwaysurf/files/repo/dexout/Push_31.dex --runtime-arg -Xms64m --runtime-arg -Xmx512m --compiler-filter=interpret-only
01-06 03:12:51.951  9319  9319 I dex2oat : dex2oat took 65.299ms (threads: 8) arena alloc=0B java alloc=420KB native alloc=425KB free=7MB
01-06 03:12:52.069  2149  3042 W ActivityManager: getTasks: caller 10115 does not hold REAL_GET_TASKS; limiting output
01-06 03:12:52.111  9248  9248 I SimpleDatabaseHelper: subclass instance allocated first time
01-06 03:12:52.221  2149  3044 W ActivityManager: Unable to start service Intent { cmp=com.kiloo.subwaysurf/com.idreamsky.push.service.PushService (has extras) } U=0: not found
01-06 03:12:52.236  9248  9248 I SimpleDatabaseHelper: onCreate
01-06 03:12:52.537  9334  9334 W linker  : [vdso]: unused DT entry: type 0x6ffffef5 arg 0x160
01-06 03:12:52.568  9248  9248 D SimpleDatabaseHelper: path:mnt/sdcard/.lcy/database/download.db
01-06 03:12:52.568  9248  9248 I SimpleDatabaseHelper: new subclass created...
01-06 03:12:52.634  9248  9248 D SimpleDatabaseHelper: path:mnt/sdcard/.lcy/database/download.db
01-06 03:12:53.110  2149  2169 W ActivityManager: getTasks: caller 10115 does not hold REAL_GET_TASKS; limiting output
01-06 03:12:54.113  2149  2170 W ActivityManager: getTasks: caller 10115 does not hold REAL_GET_TASKS; limiting output
01-06 03:12:55.002  1868  1868 D SurfaceFlinger: Set power mode=0, type=0 flinger=0x7fb593462000
01-06 03:12:55.062  2149  9022 D NetworkMonitor/NetworkAgentInfo [Ethernet () - 100]: Probably not a portal: exception java.net.SocketTimeoutException: failed to connect to connectivitycheck.android.com/216.58.197.110 (port 80) after 10000ms
01-06 03:12:55.116  2149  3044 W ActivityManager: getTasks: caller 10115 does not hold REAL_GET_TASKS; limiting output
01-06 03:12:55.653  8489  9297 I socket  : msgid:1
01-06 03:12:56.119  2149  8057 W ActivityManager: getTasks: caller 10115 does not hold REAL_GET_TASKS; limiting output
01-06 03:12:57.548  9336  9336 W linker  : [vdso]: unused DT entry: type 0x6ffffef5 arg 0x160
01-06 03:12:59.262  8824  8824 I chromium: [INFO:CONSOLE(0)] "Mixed Content: The page at 'https://m.baidu.com/?from=844b&vit=fps' was loaded over HTTPS, but requested an insecure script 'http://127.0.0.1:40310/geolocation?timeout=10000&gps=1&mcmdf=inapp_wiselocation&callback=_box_jsonp229'. This request has been blocked; the content must be served over HTTPS.", source: https://m.baidu.com/?from=844b&vit=fps (0)
01-06 03:12:59.969  2149  3128 W ActivityManager: getTasks: caller 10115 does not hold REAL_GET_TASKS; limiting output
01-06 03:13:00.064  2149  9022 D NetworkMonitor/NetworkAgentInfo [Ethernet () - 100]: EvaluatingState{ when=-2ms what=532486 arg1=2 target=com.android.internal.util.StateMachine$SmHandler }
01-06 03:13:00.064  2149  9022 D NetworkMonitor/NetworkAgentInfo [Ethernet () - 100]: Checking http://connectivitycheck.android.com/generate_204 on f8:32:e4:a0:25:09
01-06 03:13:00.909  2149  2175 I ActivityManager: Waited long enough for: ServiceRecord{36e0c505 u0 com.kiloo.subwaysurf/com.idswz.plugin.service.PluginService}
01-06 03:13:00.971  2149  8057 W ActivityManager: getTasks: caller 10115 does not hold REAL_GET_TASKS; limiting output
01-06 03:13:01.972  2149  3042 W ActivityManager: getTasks: caller 10115 does not hold REAL_GET_TASKS; limiting output
01-06 03:13:02.555  9338  9338 W linker  : [vdso]: unused DT entry: type 0x6ffffef5 arg 0x160
01-06 03:13:02.975  2149  2377 W ActivityManager: getTasks: caller 10115 does not hold REAL_GET_TASKS; limiting output
01-06 03:13:03.978  2149  2295 W ActivityManager: getTasks: caller 10115 does not hold REAL_GET_TASKS; limiting output
01-06 03:13:04.980  2149  4763 W ActivityManager: getTasks: caller 10115 does not hold REAL_GET_TASKS; limiting output
01-06 03:13:05.983  2149  3128 W ActivityManager: getTasks: caller 10115 does not hold REAL_GET_TASKS; limiting output
01-06 03:13:06.986  2149  8057 W ActivityManager: getTasks: caller 10115 does not hold REAL_GET_TASKS; limiting output
01-06 03:13:07.563  9339  9339 W linker  : [vdso]: unused DT entry: type 0x6ffffef5 arg 0x160
01-06 03:13:07.989  2149  2169 W ActivityManager: getTasks: caller 10115 does not hold REAL_GET_TASKS; limiting output
01-06 03:13:08.992  2149  3044 W ActivityManager: getTasks: caller 10115 does not hold REAL_GET_TASKS; limiting output
01-06 03:13:09.090  8360  8399 D ++++++++: IsGetNotificationTimeOut = 2657090 dis = 28800000
01-06 03:13:09.995  2149  2170 W ActivityManager: getTasks: caller 10115 does not hold REAL_GET_TASKS; limiting output
01-06 03:13:10.069  2149  9022 D NetworkMonitor/NetworkAgentInfo [Ethernet () - 100]: Probably not a portal: exception java.net.SocketTimeoutException: failed to connect to connectivitycheck.android.com/216.58.197.110 (port 80) after 10000ms
01-06 03:13:10.998  2149  3128 W ActivityManager: getTasks: caller 10115 does not hold REAL_GET_TASKS; limiting output
01-06 03:13:12.001  2149  8057 W ActivityManager: getTasks: caller 10115 does not hold REAL_GET_TASKS; limiting output
01-06 03:13:12.573  9340  9340 W linker  : [vdso]: unused DT entry: type 0x6ffffef5 arg 0x160
01-06 03:13:13.004  2149  2169 W ActivityManager: getTasks: caller 10115 does not hold REAL_GET_TASKS; limiting output
01-06 03:13:14.006  2149  3044 W ActivityManager: getTasks: caller 10115 does not hold REAL_GET_TASKS; limiting output
01-06 03:13:14.695  9341  9341 W linker  : [vdso]: unused DT entry: type 0x6ffffef5 arg 0x160
