01-06 05:37:02.431 16782 16782 D houdini : [16782] Added shared library /data/app/com.tencent.mm-1/lib/arm/libtencentloc.so for ClassLoader by Native Bridge.
01-06 05:37:02.435  2149  2180 I WindowManager: Screen frozen for +567ms due to Window{38addb41 u0 Starting com.happyelements.AndroidAnimal}
01-06 05:37:02.435 16834 16834 W linker  : [vdso]: unused DT entry: type 0x6ffffef5 arg 0x160
01-06 05:37:02.438 16835 16835 W linker  : [vdso]: unused DT entry: type 0x6ffffef5 arg 0x160
01-06 05:37:02.439 16782 16782 D houdini : [16782] Added shared library /data/app/com.tencent.mm-1/lib/arm/libwechatsight_v7a.so for ClassLoader by Native Bridge.
01-06 05:37:02.445 16520 16773 I log_service: [init_crash_reporter|INFO]:Current Working Directory: /data/data/com.happyelements.AndroidAnimal/errorlogs/
01-06 05:37:02.445 16520 16773 I log_service: 
01-06 05:37:02.445 16520 16773 I log_service: [init_crash_reporter|INFO]:==========Google breakpad exception handler initialized==========
01-06 05:37:02.446 16520 16773 I log_service: [HeThreadPool|INFO]:create thread pool 1
01-06 05:37:02.446 16520 16773 I log_service: [HeDCLog|INFO]:create he_dc_log instance
01-06 05:37:02.447 16520 16773 D cocos2d-x debug info: 
01-06 05:37:02.447 16520 16773 D cocos2d-x debug info: <dict>
01-06 05:37:02.447 16520 16773 D cocos2d-x debug info: 	cocos2d.x.version: cocos2d-x 2.2.6
01-06 05:37:02.447 16520 16773 D cocos2d-x debug info: 	cocos2d.x.compiled_with_profiler: false
01-06 05:37:02.447 16520 16773 D cocos2d-x debug info: 	cocos2d.x.compiled_with_gl_state_cache: true
01-06 05:37:02.447 16520 16773 D cocos2d-x debug info: 	gl.vendor: Intel Open Source Technology Center
01-06 05:37:02.447 16520 16773 D cocos2d-x debug info: 	gl.renderer: Mesa DRI Intel(R) Skylake DT  GT2 
01-06 05:37:02.447 16520 16773 D cocos2d-x debug info: 	gl.version: OpenGL ES 3.0 Mesa 11.0.7 (git-3cff491)
01-06 05:37:02.447 16520 16773 D cocos2d-x debug info: 	gl.max_texture_size: 8192
01-06 05:37:02.447 16520 16773 D cocos2d-x debug info: 	gl.max_texture_units: 96
01-06 05:37:02.447 16520 16773 D cocos2d-x debug info: 	gl.supports_PVRTC: false
01-06 05:37:02.447 16520 16773 D cocos2d-x debug info: 	gl.supports_S3TC: true
01-06 05:37:02.447 16520 16773 D cocos2d-x debug info: 	gl.supports_NPOT: true
01-06 05:37:02.447 16520 16773 D cocos2d-x debug info: 	gl.supports_BGRA8888: false
01-06 05:37:02.447 16520 16773 D cocos2d-x debug info: 	gl.supports_discard_framebuffer: true
01-06 05:37:02.447 16520 16773 D cocos2d-x debug info: 	gl.supports_vertex_array_object: true
01-06 05:37:02.447 16520 16773 D cocos2d-x debug info: </dict>
01-06 05:37:02.449 16520 16773 I log_service: [HeThreadPool|INFO]:create thread pool 2
01-06 05:37:02.450 16520 16773 I log_service: [HeThreadPool|INFO]:create thread pool 3
01-06 05:37:02.450 16520 16773 I log_service: [ResManager|INFO]:create res mgr instance
01-06 05:37:02.473 16782 16782 I art     : Rejecting re-init on previously-failed class java.lang.Class<com.tencent.mm.plugin.location_google.GoogleMapView>
01-06 05:37:02.473 16782 16782 I art     : Rejecting re-init on previously-failed class java.lang.Class<com.tencent.mm.plugin.location_google.GoogleMapView>
01-06 05:37:02.473 16782 16782 I art     : Rejecting re-init on previously-failed class java.lang.Class<com.tencent.mm.plugin.location_google.GoogleProxyUI>
01-06 05:37:02.473 16782 16782 I art     : Rejecting re-init on previously-failed class java.lang.Class<com.tencent.mm.plugin.location_google.GoogleProxyUI>
01-06 05:37:02.475 16520 16773 I log_service: [startGame|INFO]:device lang: zh_CN
01-06 05:37:02.475 16520 16773 I log_service: [startGame|INFO]:device resolution 1920 1008
01-06 05:37:02.479 16520 16773 I log_service: [matchLang|INFO]:match lang: zh_CN
01-06 05:37:02.480 16520 16773 I log_service: [matchResolution|INFO]:match resolution: 720.1280
01-06 05:37:02.500 16520 16773 I log_service: [setCurConfig|INFO]:static config loaded, version: d22451e1ed79522b08c7d801f490aaf2
01-06 05:37:02.565 16520 16804 E com.happyelements.gsp.android.config.GspConfigParseHelper: xiaomiValue  at xiaomi of type java.lang.String cannot be converted to JSONObject
01-06 05:37:02.566 16520 16520 I com.happyelements.android.gsp.GspProxy: init gsp module NOTIFICATION success
01-06 05:37:02.566 16520 16520 E com.happyelements.android.gsp.GspProxy: init gsp module PAYMENT fail MODULE_ERROR module PAYMENT not load at this app, please check module settings
01-06 05:37:02.566 16520 16520 I com.happyelements.android.gsp.GspProxy: init gsp module DC success
01-06 05:37:02.567 16520 16520 I com.happyelements.android.gsp.GspProxy: init gsp module CUSTOMERSUPPORT success
01-06 05:37:02.567 16520 16520 I NotificationService: onStartCommand start,flags=0,startId=1,isStart=false
01-06 05:37:02.567 16520 16847 I NotificationService: >>>>gameUserId is null...
01-06 05:37:02.582 16520 16773 D com.happyelements.android.LuaHelper: initLuaEnv successfully
01-06 05:37:02.604 16520 16773 D cocos2d-x debug info: [LUA-print] jit.off
01-06 05:37:02.622 16520 16773 I com.happyelements.android.gsp.GspProxy: Get Instance-----
01-06 05:37:02.631 16520 16773 I MainActivity: ~Cocos2dxRenderer.nativeInit
01-06 05:37:02.632 16520 16773 I MainActivity: onSurfaceChanged
01-06 05:37:02.755 16520 16779 I MID     : read mid from Settings.System
01-06 05:37:02.773 16849 16849 W linker  : [vdso]: unused DT entry: type 0x6ffffef5 arg 0x160
01-06 05:37:02.787 16851 16851 W linker  : [vdso]: unused DT entry: type 0x6ffffef5 arg 0x160
01-06 05:37:02.795  2149  2295 W ActivityManager: getRunningAppProcesses: caller 10114 does not hold REAL_GET_TASKS; limiting output
01-06 05:37:02.940  2267  2267 W ResourceType: No package identifier when getting value for resource number 0x00000000
01-06 05:37:02.941  2267  2267 W PackageManager: Failure retrieving resources for com.cyanogenmod.filemanager: Resource ID #0x0
01-06 05:37:03.071 16520 16520 V MicroMsg.SDK.WXApiImplV10.ActivityLifecycleCb: WXStat trigger onForeground
01-06 05:37:03.121  2149  9351 W ActivityManager: getTasks: caller 10115 does not hold REAL_GET_TASKS; limiting output
01-06 05:37:03.152 16858 16858 W linker  : [vdso]: unused DT entry: type 0x6ffffef5 arg 0x160
01-06 05:37:03.804  2327  2655 E PhoneInterfaceManager: [PhoneIntfMgr] checkCarrierPrivilegesForPackage: No UICC
01-06 05:37:03.805  2327  2655 E DatabaseUtils: Writing exception to parcel
01-06 05:37:03.805  2327  2655 E DatabaseUtils: java.lang.SecurityException: No permission to write APN settings
01-06 05:37:03.805  2327  2655 E DatabaseUtils: 	at com.android.providers.telephony.TelephonyProvider.checkPermission(TelephonyProvider.java:1180)
01-06 05:37:03.805  2327  2655 E DatabaseUtils: 	at com.android.providers.telephony.TelephonyProvider.query(TelephonyProvider.java:764)
01-06 05:37:03.805  2327  2655 E DatabaseUtils: 	at android.content.ContentProvider.query(ContentProvider.java:966)
01-06 05:37:03.805  2327  2655 E DatabaseUtils: 	at android.content.ContentProvider$Transport.query(ContentProvider.java:211)
01-06 05:37:03.805  2327  2655 E DatabaseUtils: 	at android.content.ContentProviderNative.onTransact(ContentProviderNative.java:112)
01-06 05:37:03.805  2327  2655 E DatabaseUtils: 	at android.os.Binder.execTransact(Binder.java:446)
01-06 05:37:03.854 16520 16520 D houdini : [16520] Added shared library /data/app/com.happyelements.AndroidAnimal-2/lib/arm/libbdpush_V2_3.so for ClassLoader by Native Bridge.
01-06 05:37:04.073  2149  3128 W ActivityManager: getRunningAppProcesses: caller 10121 does not hold REAL_GET_TASKS; limiting output
01-06 05:37:04.124  2149  2377 W ActivityManager: getTasks: caller 10115 does not hold REAL_GET_TASKS; limiting output
01-06 05:37:04.157  2149  3128 W BackupManagerService: dataChanged but no participant pkg='com.android.providers.settings' uid=10114
01-06 05:37:04.159 16520 16520 W ContextImpl: Implicit intents with startService are not safe: Intent { act=com.baidu.platform.gameplus.service } android.content.ContextWrapper.startService:516 com.duoku.platform.single.gameplus.app.a.b:-1 com.duoku.platform.single.gameplus.app.GamePlusAPI.init:-1 
01-06 05:37:04.160 16520 16520 W ContextImpl: Implicit intents with startService are not safe: Intent { act=com.baidu.platform.gameplus.service } android.content.ContextWrapper.bindService:539 com.duoku.platform.single.gameplus.app.a.b:-1 com.duoku.platform.single.gameplus.app.GamePlusAPI.init:-1 
01-06 05:37:04.163  2149  2174 D gps_serial: set_position_mode: mode=0 recurrence=0 min_interval=1000 preferred_accuracy=0 preferred_time=0
01-06 05:37:04.163  2149  2174 D gps_serial: serial_gps_start: called
01-06 05:37:04.163  2149  2174 D gps_serial: gps_state_start: could not send CMD_START command: ret=-1: Bad file number
01-06 05:37:04.171 16520 16520 D DUOKUProxy: {"function_code":5001}
01-06 05:37:04.456  2149  2180 I art     : Explicit concurrent mark sweep GC freed 19263(850KB) AllocSpace objects, 3(1579KB) LOS objects, 33% free, 16MB/24MB, paused 389us total 10.614ms
01-06 05:37:04.658  2149  2169 V WindowManager: not Base app: Adding window Window{28ee11c9 u0 com.happyelements.AndroidAnimal/com.happyelements.hellolua.MainActivity} at 9 of 15
01-06 05:37:05.100  8489  8489 E bind_error: RegistrationService   submitApiProcessor  
01-06 05:37:05.126  2149  3128 W ActivityManager: getTasks: caller 10115 does not hold REAL_GET_TASKS; limiting output
01-06 05:37:05.696  2149  9351 W BackupManagerService: dataChanged but no participant pkg='com.android.providers.settings' uid=10115
01-06 05:37:05.697  8489 16880 I System.out: encode =  1
01-06 05:37:05.702 16320 16890 W SharedPreferencesImpl: Attempt to read preferences file /data/data/com.halfbrick.fruitninja/shared_prefs/com.halfbrick.fruitninja.push_sync.xml without permission
01-06 05:37:05.702 16463 16892 W SharedPreferencesImpl: Attempt to read preferences file /data/data/com.halfbrick.fruitninja/shared_prefs/com.halfbrick.fruitninja.push_sync.xml without permission
01-06 05:37:05.703 16320 16893 W SharedPreferencesImpl: Attempt to read preferences file /data/data/com.happyelements.AndroidAnimal/shared_prefs/com.happyelements.AndroidAnimal.push_sync.xml without permission
01-06 05:37:05.703 16463 16895 W SharedPreferencesImpl: Attempt to read preferences file /data/data/com.halfbrick.fruitninja/shared_prefs/com.halfbrick.fruitninja.push_sync.xml without permission
01-06 05:37:05.704 16362 16896 W SharedPreferencesImpl: Attempt to read preferences file /data/data/com.happyelements.AndroidAnimal/shared_prefs/com.happyelements.AndroidAnimal.push_sync.xml without permission
01-06 05:37:05.704 16463 16897 W SharedPreferencesImpl: Attempt to read preferences file /data/data/com.halfbrick.fruitninja/shared_prefs/com.halfbrick.fruitninja.push_sync.xml without permission
01-06 05:37:05.705 16362 16898 W SharedPreferencesImpl: Attempt to read preferences file /data/data/com.happyelements.AndroidAnimal/shared_prefs/com.happyelements.AndroidAnimal.push_sync.xml without permission
01-06 05:37:05.705 16463 16899 W SharedPreferencesImpl: Attempt to read preferences file /data/data/com.halfbrick.fruitninja/shared_prefs/com.halfbrick.fruitninja.push_sync.xml without permission
01-06 05:37:05.706 16362 16900 W SharedPreferencesImpl: Attempt to read preferences file /data/data/com.happyelements.AndroidAnimal/shared_prefs/com.happyelements.AndroidAnimal.push_sync.xml without permission
01-06 05:37:05.706 16362 16901 W SharedPreferencesImpl: Attempt to read preferences file /data/data/com.happyelements.AndroidAnimal/shared_prefs/com.happyelements.AndroidAnimal.push_sync.xml without permission
01-06 05:37:05.706  2149  8057 I ActivityManager: Killing 14129:android.process.media/u0a6 (adj 15): empty #17
01-06 05:37:05.799  8489 16880 W FileUtils: Failed to chmod(/storage/emulated/0/baidu/pushservice/database/pushstat_4.5.1.db): android.system.ErrnoException: chmod failed: EPERM (Operation not permitted)
01-06 05:37:05.883  8489 16880 W FileUtils: Failed to chmod(/storage/emulated/0/baidu/pushservice/database/pushstat_4.5.1.db): android.system.ErrnoException: chmod failed: EPERM (Operation not permitted)
01-06 05:37:06.050  8489  8489 E bind_error: RegistrationService   submitApiProcessor  
01-06 05:37:06.051  2327  2347 E PhoneInterfaceManager: [PhoneIntfMgr] checkCarrierPrivilegesForPackage: No UICC
01-06 05:37:06.051  2327  2347 E DatabaseUtils: Writing exception to parcel
01-06 05:37:06.051  2327  2347 E DatabaseUtils: java.lang.SecurityException: No permission to write APN settings
01-06 05:37:06.051  2327  2347 E DatabaseUtils: 	at com.android.providers.telephony.TelephonyProvider.checkPermission(TelephonyProvider.java:1180)
01-06 05:37:06.051  2327  2347 E DatabaseUtils: 	at com.android.providers.telephony.TelephonyProvider.query(TelephonyProvider.java:764)
01-06 05:37:06.051  2327  2347 E DatabaseUtils: 	at android.content.ContentProvider.query(ContentProvider.java:966)
01-06 05:37:06.051  2327  2347 E DatabaseUtils: 	at android.content.ContentProvider$Transport.query(ContentProvider.java:211)
01-06 05:37:06.051  2327  2347 E DatabaseUtils: 	at android.content.ContentProviderNative.onTransact(ContentProviderNative.java:112)
01-06 05:37:06.051  2327  2347 E DatabaseUtils: 	at android.os.Binder.execTransact(Binder.java:446)
01-06 05:37:06.127  2149  2169 W ActivityManager: getTasks: caller 10115 does not hold REAL_GET_TASKS; limiting output
01-06 05:37:07.128  2149  4763 W ActivityManager: getTasks: caller 10115 does not hold REAL_GET_TASKS; limiting output
01-06 05:37:07.719 15894 15919 V xiaomi  : [Thread:905] get bucket:    isp: Ethernet- hosts:{"app.chat.xiaomi.net":["42.62.94.2:5222","114.54.23.2:80","111.206.200.2:5222","120.134.33.29:5222"],"f3.mi-stat.gslb.mi-idc.com":["223.202.68.47:80","42.62.48.182:80"],"resolver.msg.xiaomi.net":["42.62.94.234:5222","42.62.94.234:80","120.134.33.157:5222","120.134.33.157:80"]}
01-06 05:37:07.719  2149  9351 W ActivityManager: getRunningAppProcesses: caller 10126 does not hold REAL_GET_TASKS; limiting output
01-06 05:37:08.129  2149  2169 W ActivityManager: getTasks: caller 10115 does not hold REAL_GET_TASKS; limiting output
01-06 05:37:08.701 16909 16909 W linker  : [vdso]: unused DT entry: type 0x6ffffef5 arg 0x160
01-06 05:37:09.116  8360  8399 D ++++++++: IsGetNotificationTimeOut = 11297116 dis = 28800000
01-06 05:37:09.131  2149  3128 W ActivityManager: getTasks: caller 10115 does not hold REAL_GET_TASKS; limiting output
01-06 05:37:10.132  2149  2170 W ActivityManager: getTasks: caller 10115 does not hold REAL_GET_TASKS; limiting output
01-06 05:37:10.175  2149  3042 V WindowManager: not Base app: Adding window Window{13d0772c u0 com.happyelements.AndroidAnimal/com.happyelements.hellolua.MainActivity} at 10 of 15
01-06 05:37:10.195 16520 16520 D DUOKUProxy: bggameInit success
01-06 05:37:10.218 16520 16520 E libEGL  : call to OpenGL ES API with no current context (logged once per thread)
01-06 05:37:11.133  2149  3044 W ActivityManager: getTasks: caller 10115 does not hold REAL_GET_TASKS; limiting output
01-06 05:37:12.134  2149  3042 W ActivityManager: getTasks: caller 10115 does not hold REAL_GET_TASKS; limiting output
01-06 05:37:12.535  2327  2872 E PhoneInterfaceManager: [PhoneIntfMgr] checkCarrierPrivilegesForPackage: No UICC
01-06 05:37:12.535  2327  2872 E DatabaseUtils: Writing exception to parcel
01-06 05:37:12.535  2327  2872 E DatabaseUtils: java.lang.SecurityException: No permission to write APN settings
01-06 05:37:12.535  2327  2872 E DatabaseUtils: 	at com.android.providers.telephony.TelephonyProvider.checkPermission(TelephonyProvider.java:1180)
01-06 05:37:12.535  2327  2872 E DatabaseUtils: 	at com.android.providers.telephony.TelephonyProvider.query(TelephonyProvider.java:764)
01-06 05:37:12.535  2327  2872 E DatabaseUtils: 	at android.content.ContentProvider.query(ContentProvider.java:966)
01-06 05:37:12.535  2327  2872 E DatabaseUtils: 	at android.content.ContentProvider$Transport.query(ContentProvider.java:211)
01-06 05:37:12.535  2327  2872 E DatabaseUtils: 	at android.content.ContentProviderNative.onTransact(ContentProviderNative.java:112)
01-06 05:37:12.535  2327  2872 E DatabaseUtils: 	at android.os.Binder.execTransact(Binder.java:446)
01-06 05:37:12.541  2327  2348 E PhoneInterfaceManager: [PhoneIntfMgr] checkCarrierPrivilegesForPackage: No UICC
01-06 05:37:12.542  2327  2348 E DatabaseUtils: Writing exception to parcel
01-06 05:37:12.542  2327  2348 E DatabaseUtils: java.lang.SecurityException: No permission to write APN settings
01-06 05:37:12.542  2327  2348 E DatabaseUtils: 	at com.android.providers.telephony.TelephonyProvider.checkPermission(TelephonyProvider.java:1180)
01-06 05:37:12.542  2327  2348 E DatabaseUtils: 	at com.android.providers.telephony.TelephonyProvider.query(TelephonyProvider.java:764)
01-06 05:37:12.542  2327  2348 E DatabaseUtils: 	at android.content.ContentProvider.query(ContentProvider.java:966)
01-06 05:37:12.542  2327  2348 E DatabaseUtils: 	at android.content.ContentProvider$Transport.query(ContentProvider.java:211)
01-06 05:37:12.542  2327  2348 E DatabaseUtils: 	at android.content.ContentProviderNative.onTransact(ContentProviderNative.java:112)
01-06 05:37:12.542  2327  2348 E DatabaseUtils: 	at android.os.Binder.execTransact(Binder.java:446)
01-06 05:37:12.652  2149  2175 I ActivityManager: Waited long enough for: ServiceRecord{1c93e862 u0 com.happyelements.AndroidAnimal/cn.egame.terminal.sdk.EgameCoreService}
01-06 05:37:13.078  2149  2209 W AudioTrack: AUDIO_OUTPUT_FLAG_FAST denied by client
01-06 05:37:13.082  2149  2169 W InputMethodManagerService: Window already focused, ignoring focus gain of: com.android.internal.view.IInputMethodClient$Stub$Proxy@563da18 attribute=null, token = android.os.BinderProxy@1cb0da3b
01-06 05:37:13.092  1876  2146 D audio_hw_primary: found out /dev/snd/pcmC0D0p
01-06 05:37:13.136  2149  2394 W ActivityManager: getTasks: caller 10115 does not hold REAL_GET_TASKS; limiting output
01-06 05:37:13.352  2149  3128 W ActivityManager: getRunningAppProcesses: caller 10120 does not hold REAL_GET_TASKS; limiting output
01-06 05:37:13.426  2149  2175 I ActivityManager: Waited long enough for: ServiceRecord{d17c102 u0 com.halfbrick.fruitninja/cn.egame.terminal.sdk.EgameCoreService}
01-06 05:37:13.711 16926 16926 W linker  : [vdso]: unused DT entry: type 0x6ffffef5 arg 0x160
01-06 05:37:14.138  2149  3044 W ActivityManager: getTasks: caller 10115 does not hold REAL_GET_TASKS; limiting output
01-06 05:37:15.141  2149 15843 W ActivityManager: getTasks: caller 10115 does not hold REAL_GET_TASKS; limiting output
01-06 05:37:16.143  2149  8057 W ActivityManager: getTasks: caller 10115 does not hold REAL_GET_TASKS; limiting output
01-06 05:37:17.146  2149  2394 W ActivityManager: getTasks: caller 10115 does not hold REAL_GET_TASKS; limiting output
01-06 05:37:18.087  2149  2190 I ActivityManager: START u0 {act=android.intent.action.MAIN cat=[android.intent.category.HOME] flg=0x10200000 cmp=com.android.launcher3/.Launcher} from uid 1000 on display 0
01-06 05:37:18.087  2149  2209 W AudioTrack: AUDIO_OUTPUT_FLAG_FAST denied by client
01-06 05:37:18.098  1876  2146 D audio_hw_primary: found out /dev/snd/pcmC0D0p
01-06 05:37:18.104 16520 16520 V MicroMsg.SDK.WXApiImplV10.ActivityLifecycleCb: com.happyelements.hellolua.MainActivity  onActivityPaused
01-06 05:37:18.104 16520 16520 D CMCCDataStatisticsProxy: onActivityPause
01-06 05:37:18.143  2149  2149 V ActivityManager: Display changed displayId=0
01-06 05:37:18.146  2149  8057 I ActivityManager: Config changes=480 {1.0 ?mcc?mnc zh_CN ldltr sw720dp w1280dp h646dp 240dpi lrg long land -touch qwerty/v/v -nav/h s.24}
01-06 05:37:18.148  2149  2191 I InputReader: Reconfiguring input devices.  changes=0x00000004
01-06 05:37:18.150 16415 16415 D GeckoApplication: onConfigurationChanged: zh_CN, background: false
01-06 05:37:18.150 16415 16415 D GeckoLocales: No selected locale. No correction needed.
01-06 05:37:18.168  2149  2170 W ActivityManager: getTasks: caller 10115 does not hold REAL_GET_TASKS; limiting output
01-06 05:37:18.220 16520 16520 W IInputConnectionWrapper: showStatusIcon on inactive InputConnection
01-06 05:37:18.245  2149  2175 I ActivityManager: Killing 16295:com.android.keychain/1000 (adj 15): empty #17
01-06 05:37:18.246  2149  2180 I WindowManager: Screen frozen for +140ms due to Window{3dba7e10 u0 com.android.launcher3/com.android.launcher3.Launcher}
01-06 05:37:18.302 16520 16520 D CMCCDataStatisticsProxy: onActivityStop
01-06 05:37:18.724 16928 16928 W linker  : [vdso]: unused DT entry: type 0x6ffffef5 arg 0x160
01-06 05:37:18.747  2349  2609 W OpenGLRenderer: Incorrectly called buildLayer on View: ShortcutAndWidgetContainer, destroying layer...
01-06 05:37:18.905 16520 16520 V MicroMsg.SDK.WXApiImplV10.ActivityLifecycleCb: WXStat trigger onBackground
01-06 05:37:19.171  2149  2170 W ActivityManager: getTasks: caller 10115 does not hold REAL_GET_TASKS; limiting output
01-06 05:37:20.064  2149  8057 I ActivityManager: START u0 {act=phoenix.intent.action.FROM_GAME_SHORTCUT dat=shortcut://game flg=0x10000000 cmp=com.wandoujia.phoenix2/com.wandoujia.launcher.launcher.activity.GameLauncherActivity bnds=[960,158][1171,294] (has extras)} from uid 10033 on display 0
01-06 05:37:20.064  2149  2209 W AudioTrack: AUDIO_OUTPUT_FLAG_FAST denied by client
01-06 05:37:20.072  2149  8057 V WindowManager: addAppToken: AppWindowToken{32a428a9 token=Token{28afd430 ActivityRecord{284e6d73 u0 com.wandoujia.phoenix2/com.wandoujia.launcher.launcher.activity.GameLauncherActivity t1107}}} to stack=1 task=1107 at 0
01-06 05:37:20.112  2149  3128 I ActivityManager: Config changes=480 {1.0 ?mcc?mnc zh_CN ldltr sw720dp w720dp h1206dp 240dpi lrg long port -touch qwerty/v/v -nav/h s.25}
01-06 05:37:20.114 16415 16415 D GeckoApplication: onConfigurationChanged: zh_CN, background: false
01-06 05:37:20.114 16415 16415 D GeckoLocales: No selected locale. No correction needed.
01-06 05:37:20.120  2149  2149 V ActivityManager: Display changed displayId=0
01-06 05:37:20.132  2149  2191 I InputReader: Reconfiguring input devices.  changes=0x00000004
01-06 05:37:20.158  2349  2349 W Launcher: setApplicationContext called twice! old=com.android.launcher3.LauncherApplication@95c0a33 new=com.android.launcher3.LauncherApplication@95c0a33
01-06 05:37:20.165  2349  2349 W ResourceType: Attempt to retrieve bag 0x7f0d0008 which is invalid or in a cycle.
01-06 05:37:20.172 14896 16934 D OpenGLRenderer: Use EGL_SWAP_BEHAVIOR_PRESERVED: true
01-06 05:37:20.172  2149  4763 W ActivityManager: getTasks: caller 10115 does not hold REAL_GET_TASKS; limiting output
01-06 05:37:20.173  2149  2377 V WindowManager: Adding window Window{3c1ca506 u0 com.wandoujia.phoenix2/com.wandoujia.launcher.launcher.activity.GameLauncherActivity} at 8 of 14 (after Window{13d0772c u0 com.happyelements.AndroidAnimal/com.happyelements.hellolua.MainActivity})
01-06 05:37:20.184  2149  2377 V WindowManager: not Base app: Adding window Window{30ad61f4 u0 com.wandoujia.phoenix2/com.wandoujia.launcher.launcher.activity.GameLauncherActivity} at 9 of 15
01-06 05:37:20.209  2349  2349 D Launcher: 11683562 - bindAddScreens()
01-06 05:37:20.209  2349  2349 D Launcher: 11683562 -   orderedScreenIds: 3, 4
01-06 05:37:20.209  2349  2349 D Launcher.Workspace: 11683562 - insertNewWorkspaceScreen(): 3 at index: 0
01-06 05:37:20.209  2349  2349 D Launcher.Workspace: 11683562 - insertNewWorkspaceScreen(): 4 at index: 1
01-06 05:37:20.280 14896 16934 I GRALLOC-DRM: create intel for driver i915
01-06 05:37:20.280 14896 16934 I EGL-DRI2: DRI2: found extension DRI_Core version 1
01-06 05:37:20.280 14896 16934 I EGL-DRI2: DRI2: found extension DRI_DRI2 version 4
01-06 05:37:20.285 14896 16934 I EGL-DRI2: DRI2: found extension DRI_TexBuffer version 3
01-06 05:37:20.285 14896 16934 I EGL-DRI2: DRI2: found extension DRI2_Flush version 4
01-06 05:37:20.285 14896 16934 I EGL-DRI2: DRI2: found extension DRI_IMAGE version 11
01-06 05:37:20.285 14896 16934 I OpenGLRenderer: Initialized EGL, version 1.4
01-06 05:37:20.285 14896 16934 W OpenGLRenderer: Failed to choose config with EGL_SWAP_BEHAVIOR_PRESERVED, retrying without...
01-06 05:37:20.286 14896 16934 D OpenGLRenderer: Enabling debug mode 0
01-06 05:37:20.292  2149  8057 V WindowManager: Adding window Window{fb8e19 u0 com.android.launcher3/com.android.launcher3.Launcher} at 2 of 16 (before Window{250d7ac6 u0 com.sohu.inputmethod.sogou/com.sohu.inputmethod.settings.guide.SettingGuideActivity})
01-06 05:37:20.354  2349  2349 I Launcher: Deferring update until onResume
01-06 05:37:20.354  2349  2349 I Launcher: Deferring update until onResume
01-06 05:37:20.359  2149  2180 I ActivityManager: Displayed com.wandoujia.phoenix2/com.wandoujia.launcher.launcher.activity.GameLauncherActivity: +286ms
01-06 05:37:20.502  2149  2180 I WindowManager: Screen frozen for +429ms due to Window{157105d1 u0 com.android.systemui.ImageWallpaper}
01-06 05:37:21.174  2149 15843 W ActivityManager: getTasks: caller 10115 does not hold REAL_GET_TASKS; limiting output
01-06 05:37:22.176  2149  2295 W ActivityManager: getTasks: caller 10115 does not hold REAL_GET_TASKS; limiting output
01-06 05:37:22.564  2149  2180 I art     : Explicit concurrent mark sweep GC freed 18947(1032KB) AllocSpace objects, 9(1678KB) LOS objects, 33% free, 16MB/24MB, paused 725us total 35.338ms
01-06 05:37:23.178  2149  9351 W ActivityManager: getTasks: caller 10115 does not hold REAL_GET_TASKS; limiting output
01-06 05:37:23.736 16949 16949 W linker  : [vdso]: unused DT entry: type 0x6ffffef5 arg 0x160
01-06 05:37:24.180  2149  2295 W ActivityManager: getTasks: caller 10115 does not hold REAL_GET_TASKS; limiting output
01-06 05:37:25.183  2149  4763 W ActivityManager: getTasks: caller 10115 does not hold REAL_GET_TASKS; limiting output
01-06 05:37:26.187  2149  3044 W ActivityManager: getTasks: caller 10115 does not hold REAL_GET_TASKS; limiting output
01-06 05:37:27.191  2149  2377 W ActivityManager: getTasks: caller 10115 does not hold REAL_GET_TASKS; limiting output
01-06 05:37:27.531  2149  2209 W AudioTrack: AUDIO_OUTPUT_FLAG_FAST denied by client
01-06 05:37:27.543  1876  2146 D audio_hw_primary: found out /dev/snd/pcmC0D0p
01-06 05:37:27.552  2349  2349 W IInputConnectionWrapper: showStatusIcon on inactive InputConnection
01-06 05:37:28.194  2149  8057 W ActivityManager: getTasks: caller 10115 does not hold REAL_GET_TASKS; limiting output
01-06 05:37:28.693 16649 16759 W System.err: org.apache.http.conn.ConnectTimeoutException: Connect to /140.206.176.31:80 timed out
01-06 05:37:28.693 16649 16759 W System.err: 	at org.apache.http.conn.scheme.PlainSocketFactory.connectSocket(PlainSocketFactory.java:126)
01-06 05:37:28.693 16649 16759 W System.err: 	at org.apache.http.impl.conn.DefaultClientConnectionOperator.openConnection(DefaultClientConnectionOperator.java:149)
01-06 05:37:28.693 16649 16759 W System.err: 	at org.apache.http.impl.conn.AbstractPoolEntry.open(AbstractPoolEntry.java:169)
01-06 05:37:28.693 16649 16759 W System.err: 	at org.apache.http.impl.conn.AbstractPooledConnAdapter.open(AbstractPooledConnAdapter.java:124)
01-06 05:37:28.693 16649 16759 W System.err: 	at org.apache.http.impl.client.DefaultRequestDirector.execute(DefaultRequestDirector.java:365)
01-06 05:37:28.693 16649 16759 W System.err: 	at org.apache.http.impl.client.AbstractHttpClient.execute(AbstractHttpClient.java:560)
01-06 05:37:28.693 16649 16759 W System.err: 	at org.apache.http.impl.client.AbstractHttpClient.execute(AbstractHttpClient.java:492)
01-06 05:37:28.693 16649 16759 W System.err: 	at org.apache.http.impl.client.AbstractHttpClient.execute(AbstractHttpClient.java:470)
01-06 05:37:28.693 16649 16759 W System.err: 	at com.unipay.net.HttpNet.b(Unknown Source)
01-06 05:37:28.693 16649 16759 W System.err: 	at com.unipay.net.AsyncMultimode$3.run(Unknown Source)
01-06 05:37:28.749 16952 16952 W linker  : [vdso]: unused DT entry: type 0x6ffffef5 arg 0x160
01-06 05:37:29.198  2149  3042 W ActivityManager: getTasks: caller 10115 does not hold REAL_GET_TASKS; limiting output
01-06 05:37:30.074  2149  2175 W ActivityManager: Launch timeout has expired, giving up wake lock!
01-06 05:37:30.201  2149  2170 W ActivityManager: getTasks: caller 10115 does not hold REAL_GET_TASKS; limiting output
01-06 05:37:31.204  2149  2377 W ActivityManager: getTasks: caller 10115 does not hold REAL_GET_TASKS; limiting output
01-06 05:37:32.207  2149  2295 W ActivityManager: getTasks: caller 10115 does not hold REAL_GET_TASKS; limiting output
01-06 05:37:33.210  2149  4763 W ActivityManager: getTasks: caller 10115 does not hold REAL_GET_TASKS; limiting output
01-06 05:37:33.762 16954 16954 W linker  : [vdso]: unused DT entry: type 0x6ffffef5 arg 0x160
01-06 05:37:34.073  2149  2394 W ActivityManager: getRunningAppProcesses: caller 10121 does not hold REAL_GET_TASKS; limiting output
01-06 05:37:34.212  2149  3042 W ActivityManager: getTasks: caller 10115 does not hold REAL_GET_TASKS; limiting output
01-06 05:37:35.214  2149  3044 W ActivityManager: getTasks: caller 10115 does not hold REAL_GET_TASKS; limiting output
01-06 05:37:36.218  2149  2377 W ActivityManager: getTasks: caller 10115 does not hold REAL_GET_TASKS; limiting output
01-06 05:37:37.221  2149  2295 W ActivityManager: getTasks: caller 10115 does not hold REAL_GET_TASKS; limiting output
01-06 05:37:38.223  2149  4763 W ActivityManager: getTasks: caller 10115 does not hold REAL_GET_TASKS; limiting output
01-06 05:37:38.775 16955 16955 W linker  : [vdso]: unused DT entry: type 0x6ffffef5 arg 0x160
01-06 05:37:39.226  2149  3044 W ActivityManager: getTasks: caller 10115 does not hold REAL_GET_TASKS; limiting output
01-06 05:37:40.229  2149  2377 W ActivityManager: getTasks: caller 10115 does not hold REAL_GET_TASKS; limiting output
01-06 05:37:41.232  2149  2295 W ActivityManager: getTasks: caller 10115 does not hold REAL_GET_TASKS; limiting output
01-06 05:37:42.235  2149  4763 W ActivityManager: getTasks: caller 10115 does not hold REAL_GET_TASKS; limiting output
01-06 05:37:43.238  2149  2169 W ActivityManager: getTasks: caller 10115 does not hold REAL_GET_TASKS; limiting output
01-06 05:37:43.352  2149  2377 W ActivityManager: getRunningAppProcesses: caller 10120 does not hold REAL_GET_TASKS; limiting output
01-06 05:37:43.789 16958 16958 W linker  : [vdso]: unused DT entry: type 0x6ffffef5 arg 0x160
01-06 05:37:44.240  2149  8057 W ActivityManager: getTasks: caller 10115 does not hold REAL_GET_TASKS; limiting output
01-06 05:37:45.243  2149  3042 W ActivityManager: getTasks: caller 10115 does not hold REAL_GET_TASKS; limiting output
01-06 05:37:46.246  2149  2170 W ActivityManager: getTasks: caller 10115 does not hold REAL_GET_TASKS; limiting output
01-06 05:37:46.614  2149  2209 W AudioTrack: AUDIO_OUTPUT_FLAG_FAST denied by client
01-06 05:37:46.614  2149 15843 W ActivityManager: getRunningAppProcesses: caller 10124 does not hold REAL_GET_TASKS; limiting output
01-06 05:37:46.626  1876  2146 D audio_hw_primary: found out /dev/snd/pcmC0D0p
01-06 05:37:47.161  2149  4763 I ActivityManager: START u0 {act=android.intent.action.MAIN cat=[android.intent.category.LAUNCHER] flg=0x10200000 pkg=com.happyelements.AndroidAnimal cmp=com.happyelements.AndroidAnimal/com.happyelements.hellolua.MainActivity} from uid 10124 on display 0
01-06 05:37:47.215 16520 16520 D MainActivity: onNewIntentnull
01-06 05:37:47.216 16520 16520 V MicroMsg.SDK.WXApiImplV10.ActivityLifecycleCb: com.happyelements.hellolua.MainActivity  onActivityResumed
01-06 05:37:47.216 16520 16520 D CMCCDataStatisticsProxy: onActivityResume
01-06 05:37:47.249  2149  2295 W ActivityManager: getTasks: caller 10115 does not hold REAL_GET_TASKS; limiting output
01-06 05:37:47.273 16520 16773 I MainActivity: onSurfaceChanged
01-06 05:37:47.278 16520 16773 I MainActivity: onSurfaceChanged
01-06 05:37:47.330 16520 16773 I MainActivity: onSurfaceChanged
01-06 05:37:47.335 16520 16520 D GLSurfaceView: HideSoftInput
01-06 05:37:48.016 16520 16520 V MicroMsg.SDK.WXApiImplV10.ActivityLifecycleCb: WXStat trigger onForeground
01-06 05:37:48.214  2267  2267 W ResourceType: No package identifier when getting value for resource number 0x00000000
01-06 05:37:48.214  2267  2267 W PackageManager: Failure retrieving resources for com.wandoujia.phoenix2: Resource ID #0x0
01-06 05:37:48.252  2149  2170 W ActivityManager: getTasks: caller 10115 does not hold REAL_GET_TASKS; limiting output
01-06 05:37:48.802 16961 16961 W linker  : [vdso]: unused DT entry: type 0x6ffffef5 arg 0x160
01-06 05:37:49.255  2149  3128 W ActivityManager: getTasks: caller 10115 does not hold REAL_GET_TASKS; limiting output
01-06 05:37:50.258  2149  2394 W ActivityManager: getTasks: caller 10115 does not hold REAL_GET_TASKS; limiting output
01-06 05:37:53.815 16962 16962 W linker  : [vdso]: unused DT entry: type 0x6ffffef5 arg 0x160
01-06 05:37:54.102  2149  3128 W ActivityManager: getTasks: caller 10115 does not hold REAL_GET_TASKS; limiting output
01-06 05:37:55.104  2149  3042 W ActivityManager: getTasks: caller 10115 does not hold REAL_GET_TASKS; limiting output
01-06 05:37:56.107  2149  2170 W ActivityManager: getTasks: caller 10115 does not hold REAL_GET_TASKS; limiting output
01-06 05:37:57.110  2149  3044 W ActivityManager: getTasks: caller 10115 does not hold REAL_GET_TASKS; limiting output
01-06 05:37:58.112  2149  8057 W ActivityManager: getTasks: caller 10115 does not hold REAL_GET_TASKS; limiting output
01-06 05:37:58.436  2149  2187 W ActivityManager: Unable to start service Intent { act=APP_CHANGE_ACTION flg=0x4 cmp=com.wandoujia.phoenix2/com.wandoujia.base.services.AlarmService (has extras) } U=0: not found
01-06 05:37:58.828 16963 16963 W linker  : [vdso]: unused DT entry: type 0x6ffffef5 arg 0x160
01-06 05:37:59.115  2149 15843 W ActivityManager: getTasks: caller 10115 does not hold REAL_GET_TASKS; limiting output
01-06 05:38:00.118  2149  2295 W ActivityManager: getTasks: caller 10115 does not hold REAL_GET_TASKS; limiting output
01-06 05:38:01.121  2149  4763 W ActivityManager: getTasks: caller 10115 does not hold REAL_GET_TASKS; limiting output
01-06 05:38:02.124  2149  3128 W ActivityManager: getTasks: caller 10115 does not hold REAL_GET_TASKS; limiting output
01-06 05:38:03.127  2149  9351 W ActivityManager: getTasks: caller 10115 does not hold REAL_GET_TASKS; limiting output
01-06 05:38:03.494  2149  2209 W AudioTrack: AUDIO_OUTPUT_FLAG_FAST denied by client
01-06 05:38:03.495  2149  2190 I ActivityManager: START u0 {act=android.intent.action.MAIN cat=[android.intent.category.HOME] flg=0x10200000 cmp=com.android.launcher3/.Launcher} from uid 1000 on display 0
01-06 05:38:03.506  1876  2146 D audio_hw_primary: found out /dev/snd/pcmC0D0p
01-06 05:38:03.521 16520 16520 V MicroMsg.SDK.WXApiImplV10.ActivityLifecycleCb: com.happyelements.hellolua.MainActivity  onActivityPaused
01-06 05:38:03.522 16520 16520 D CMCCDataStatisticsProxy: onActivityPause
01-06 05:38:03.564  2149  2149 V ActivityManager: Display changed displayId=0
01-06 05:38:03.579  2149 15843 I ActivityManager: Config changes=480 {1.0 ?mcc?mnc zh_CN ldltr sw720dp w1280dp h646dp 240dpi lrg long land -touch qwerty/v/v -nav/h s.26}
01-06 05:38:03.582  2149  2191 I InputReader: Reconfiguring input devices.  changes=0x00000004
01-06 05:38:03.586 16415 16415 D GeckoApplication: onConfigurationChanged: zh_CN, background: false
01-06 05:38:03.586 16415 16415 D GeckoLocales: No selected locale. No correction needed.
01-06 05:38:03.607  2349  2349 W Launcher: setApplicationContext called twice! old=com.android.launcher3.LauncherApplication@95c0a33 new=com.android.launcher3.LauncherApplication@95c0a33
01-06 05:38:03.616  2349  2349 W ResourceType: Attempt to retrieve bag 0x7f0d0008 which is invalid or in a cycle.
01-06 05:38:03.640  2349  2349 D Launcher: 11683562 - bindAddScreens()
01-06 05:38:03.640  2349  2349 D Launcher: 11683562 -   orderedScreenIds: 3, 4
01-06 05:38:03.640  2349  2349 D Launcher.Workspace: 11683562 - insertNewWorkspaceScreen(): 3 at index: 0
01-06 05:38:03.641  2349  2349 D Launcher.Workspace: 11683562 - insertNewWorkspaceScreen(): 4 at index: 1
01-06 05:38:03.663  2149  2180 I WindowManager: Screen frozen for +139ms due to Window{3d573ce5 u0 NavigationBar}
01-06 05:38:03.713  2149  4763 V WindowManager: Adding window Window{3aa2baf2 u0 com.android.launcher3/com.android.launcher3.Launcher} at 9 of 14 (after Window{24224dca u0 com.android.systemui/com.android.systemui.recents.RecentsActivity})
01-06 05:38:03.754 16520 16520 D CMCCDataStatisticsProxy: onActivityStop
01-06 05:38:03.754 16520 16520 W IInputConnectionWrapper: showStatusIcon on inactive InputConnection
01-06 05:38:03.835 16967 16967 W linker  : [vdso]: unused DT entry: type 0x6ffffef5 arg 0x160
01-06 05:38:04.073  2149  2394 W ActivityManager: getRunningAppProcesses: caller 10121 does not hold REAL_GET_TASKS; limiting output
01-06 05:38:04.130  2149  2295 W ActivityManager: getTasks: caller 10115 does not hold REAL_GET_TASKS; limiting output
01-06 05:38:04.322 16520 16520 V MicroMsg.SDK.WXApiImplV10.ActivityLifecycleCb: WXStat trigger onBackground
01-06 05:38:05.132  2149 15843 W ActivityManager: getTasks: caller 10115 does not hold REAL_GET_TASKS; limiting output
01-06 05:38:05.746  2149  2180 I art     : Explicit concurrent mark sweep GC freed 11662(618KB) AllocSpace objects, 7(1646KB) LOS objects, 33% free, 17MB/26MB, paused 802us total 33.624ms
01-06 05:38:06.135  2149  9351 W ActivityManager: getTasks: caller 10115 does not hold REAL_GET_TASKS; limiting output
01-06 05:38:06.847  2149  2377 I ActivityManager: START u0 {act=phoenix.intent.action.FROM_GAME_SHORTCUT dat=shortcut://game flg=0x10000000 cmp=com.wandoujia.phoenix2/com.wandoujia.launcher.launcher.activity.GameLauncherActivity bnds=[960,158][1171,294] (has extras)} from uid 10033 on display 0
01-06 05:38:06.848  2149  2209 W AudioTrack: AUDIO_OUTPUT_FLAG_FAST denied by client
01-06 05:38:06.859  1876  2146 D audio_hw_primary: found out /dev/snd/pcmC0D0p
01-06 05:38:06.929  2149  2295 I ActivityManager: Config changes=480 {1.0 ?mcc?mnc zh_CN ldltr sw720dp w720dp h1206dp 240dpi lrg long port -touch qwerty/v/v -nav/h s.27}
01-06 05:38:06.930  2149  2149 V ActivityManager: Display changed displayId=0
01-06 05:38:06.933 16415 16415 D GeckoApplication: onConfigurationChanged: zh_CN, background: false
01-06 05:38:06.933 16415 16415 D GeckoLocales: No selected locale. No correction needed.
01-06 05:38:06.933  2149  2191 I InputReader: Reconfiguring input devices.  changes=0x00000004
01-06 05:38:06.991  2349  2349 W Launcher: setApplicationContext called twice! old=com.android.launcher3.LauncherApplication@95c0a33 new=com.android.launcher3.LauncherApplication@95c0a33
01-06 05:38:06.997  2349  2349 W ResourceType: Attempt to retrieve bag 0x7f0d0008 which is invalid or in a cycle.
01-06 05:38:07.017  2349  2349 D Launcher: 11683562 - bindAddScreens()
01-06 05:38:07.017  2349  2349 D Launcher: 11683562 -   orderedScreenIds: 3, 4
01-06 05:38:07.017  2349  2349 D Launcher.Workspace: 11683562 - insertNewWorkspaceScreen(): 3 at index: 0
01-06 05:38:07.017  2349  2349 D Launcher.Workspace: 11683562 - insertNewWorkspaceScreen(): 4 at index: 1
01-06 05:38:07.041  2149  2377 V WindowManager: Adding window Window{1096d697 u0 com.android.launcher3/com.android.launcher3.Launcher} at 2 of 15 (before Window{250d7ac6 u0 com.sohu.inputmethod.sogou/com.sohu.inputmethod.settings.guide.SettingGuideActivity})
01-06 05:38:07.073  2349  2349 W IInputConnectionWrapper: showStatusIcon on inactive InputConnection
01-06 05:38:07.102  2349  2349 I Launcher: Deferring update until onResume
01-06 05:38:07.102  2349  2349 I Launcher: Deferring update until onResume
01-06 05:38:07.138  2149  4763 W ActivityManager: getTasks: caller 10115 does not hold REAL_GET_TASKS; limiting output
01-06 05:38:07.229  2149  2180 I WindowManager: Screen frozen for +354ms due to Window{157105d1 u0 com.android.systemui.ImageWallpaper}
01-06 05:38:08.139  2149  3128 W ActivityManager: getTasks: caller 10115 does not hold REAL_GET_TASKS; limiting output
01-06 05:38:08.846 16973 16973 W linker  : [vdso]: unused DT entry: type 0x6ffffef5 arg 0x160
01-06 05:38:09.142  2149  3042 W ActivityManager: getTasks: caller 10115 does not hold REAL_GET_TASKS; limiting output
01-06 05:38:09.319  2149  2180 I art     : Explicit concurrent mark sweep GC freed 7507(388KB) AllocSpace objects, 6(1630KB) LOS objects, 33% free, 15MB/23MB, paused 902us total 34.631ms
01-06 05:38:10.144  2149  2377 W ActivityManager: getTasks: caller 10115 does not hold REAL_GET_TASKS; limiting output
01-06 05:38:11.147  2149  4763 W ActivityManager: getTasks: caller 10115 does not hold REAL_GET_TASKS; limiting output
01-06 05:38:12.150  2149  2170 W ActivityManager: getTasks: caller 10115 does not hold REAL_GET_TASKS; limiting output
01-06 05:38:12.647  2149  2295 W ActivityManager: getRunningAppProcesses: caller 10124 does not hold REAL_GET_TASKS; limiting output
01-06 05:38:12.648  2149  2209 W AudioTrack: AUDIO_OUTPUT_FLAG_FAST denied by client
01-06 05:38:12.660  1876  2146 D audio_hw_primary: found out /dev/snd/pcmC0D0p
01-06 05:38:13.153  2149  4763 W ActivityManager: getTasks: caller 10115 does not hold REAL_GET_TASKS; limiting output
01-06 05:38:13.164  2149  2170 I ActivityManager: START u0 {act=android.intent.action.MAIN cat=[android.intent.category.LAUNCHER] flg=0x10200000 pkg=com.happyelements.AndroidAnimal cmp=com.happyelements.AndroidAnimal/com.happyelements.hellolua.MainActivity} from uid 10124 on display 0
01-06 05:38:13.233 16520 16520 D MainActivity: onNewIntentnull
01-06 05:38:13.233 16520 16520 V MicroMsg.SDK.WXApiImplV10.ActivityLifecycleCb: com.happyelements.hellolua.MainActivity  onActivityResumed
01-06 05:38:13.233 16520 16520 D CMCCDataStatisticsProxy: onActivityResume
01-06 05:38:13.266 16520 16773 I MainActivity: onSurfaceChanged
01-06 05:38:13.272 16520 16773 I MainActivity: onSurfaceChanged
01-06 05:38:13.319 16520 16773 I MainActivity: onSurfaceChanged
01-06 05:38:13.325 16520 16520 D GLSurfaceView: HideSoftInput
01-06 05:38:13.352  2149  2295 W ActivityManager: getRunningAppProcesses: caller 10120 does not hold REAL_GET_TASKS; limiting output
01-06 05:38:13.859 16975 16975 W linker  : [vdso]: unused DT entry: type 0x6ffffef5 arg 0x160
01-06 05:38:14.033 16520 16520 V MicroMsg.SDK.WXApiImplV10.ActivityLifecycleCb: WXStat trigger onForeground
01-06 05:38:14.156  2149  3042 W ActivityManager: getTasks: caller 10115 does not hold REAL_GET_TASKS; limiting output
01-06 05:38:14.215  2267  2267 W ResourceType: No package identifier when getting value for resource number 0x00000000
01-06 05:38:14.215  2267  2267 W PackageManager: Failure retrieving resources for com.wandoujia.phoenix2: Resource ID #0x0
01-06 05:38:15.158  2149  2170 W ActivityManager: getTasks: caller 10115 does not hold REAL_GET_TASKS; limiting output
01-06 05:38:16.161  2149  2377 W ActivityManager: getTasks: caller 10115 does not hold REAL_GET_TASKS; limiting output
01-06 05:38:17.164  2149  3128 W ActivityManager: getTasks: caller 10115 does not hold REAL_GET_TASKS; limiting output
01-06 05:38:18.167  2149  2170 W ActivityManager: getTasks: caller 10115 does not hold REAL_GET_TASKS; limiting output
01-06 05:38:18.872 16976 16976 W linker  : [vdso]: unused DT entry: type 0x6ffffef5 arg 0x160
01-06 05:38:19.170  2149 15843 W ActivityManager: getTasks: caller 10115 does not hold REAL_GET_TASKS; limiting output
01-06 05:38:20.172  2149  2394 W ActivityManager: getTasks: caller 10115 does not hold REAL_GET_TASKS; limiting output
01-06 05:38:21.175  2149  2295 W ActivityManager: getTasks: caller 10115 does not hold REAL_GET_TASKS; limiting output
01-06 05:38:21.813  2267  2267 V DeadZone: consuming errant click: (573.2466,11.793213)
01-06 05:38:22.178  2149  2170 W ActivityManager: getTasks: caller 10115 does not hold REAL_GET_TASKS; limiting output
01-06 05:38:22.687  2149  2209 W AudioTrack: AUDIO_OUTPUT_FLAG_FAST denied by client
01-06 05:38:22.687  2149  2190 I ActivityManager: START u0 {act=android.intent.action.MAIN cat=[android.intent.category.HOME] flg=0x10200000 cmp=com.android.launcher3/.Launcher} from uid 1000 on display 0
01-06 05:38:22.699  1876  2146 D audio_hw_primary: found out /dev/snd/pcmC0D0p
01-06 05:38:22.704 16520 16520 V MicroMsg.SDK.WXApiImplV10.ActivityLifecycleCb: com.happyelements.hellolua.MainActivity  onActivityPaused
01-06 05:38:22.704 16520 16520 D CMCCDataStatisticsProxy: onActivityPause
01-06 05:38:22.750  2149  2149 V ActivityManager: Display changed displayId=0
01-06 05:38:22.762  2149  2394 I ActivityManager: Config changes=480 {1.0 ?mcc?mnc zh_CN ldltr sw720dp w1280dp h646dp 240dpi lrg long land -touch qwerty/v/v -nav/h s.28}
01-06 05:38:22.766  2149  2191 I InputReader: Reconfiguring input devices.  changes=0x00000004
01-06 05:38:22.766 16415 16415 D GeckoApplication: onConfigurationChanged: zh_CN, background: false
01-06 05:38:22.766 16415 16415 D GeckoLocales: No selected locale. No correction needed.
01-06 05:38:22.796  2349  2349 W Launcher: setApplicationContext called twice! old=com.android.launcher3.LauncherApplication@95c0a33 new=com.android.launcher3.LauncherApplication@95c0a33
01-06 05:38:22.804  2349  2349 W ResourceType: Attempt to retrieve bag 0x7f0d0008 which is invalid or in a cycle.
01-06 05:38:22.829  2349  2349 D Launcher: 11683562 - bindAddScreens()
01-06 05:38:22.829  2349  2349 D Launcher: 11683562 -   orderedScreenIds: 3, 4
01-06 05:38:22.829  2349  2349 D Launcher.Workspace: 11683562 - insertNewWorkspaceScreen(): 3 at index: 0
01-06 05:38:22.829  2349  2349 D Launcher.Workspace: 11683562 - insertNewWorkspaceScreen(): 4 at index: 1
01-06 05:38:22.850  2149  2180 I WindowManager: Screen frozen for +144ms due to Window{3d573ce5 u0 NavigationBar}
01-06 05:38:22.922  2149  8057 V WindowManager: Adding window Window{1dd1144c u0 com.android.launcher3/com.android.launcher3.Launcher} at 9 of 14 (after Window{24224dca u0 com.android.systemui/com.android.systemui.recents.RecentsActivity})
01-06 05:38:22.959 16520 16520 D CMCCDataStatisticsProxy: onActivityStop
01-06 05:38:22.960 16520 16520 W IInputConnectionWrapper: showStatusIcon on inactive InputConnection
01-06 05:38:23.180  2149  2394 W ActivityManager: getTasks: caller 10115 does not hold REAL_GET_TASKS; limiting output
01-06 05:38:23.505 16520 16520 V MicroMsg.SDK.WXApiImplV10.ActivityLifecycleCb: WXStat trigger onBackground
01-06 05:38:23.884 16980 16980 W linker  : [vdso]: unused DT entry: type 0x6ffffef5 arg 0x160
01-06 05:38:24.182  2149  2170 W ActivityManager: getTasks: caller 10115 does not hold REAL_GET_TASKS; limiting output
01-06 05:38:24.954  2149  2180 I art     : Explicit concurrent mark sweep GC freed 8589(433KB) AllocSpace objects, 5(80KB) LOS objects, 33% free, 18MB/28MB, paused 1.055ms total 33.314ms
01-06 05:38:25.184  2149  2169 W ActivityManager: getTasks: caller 10115 does not hold REAL_GET_TASKS; limiting output
01-06 05:38:26.187  2149  2377 W ActivityManager: getTasks: caller 10115 does not hold REAL_GET_TASKS; limiting output
01-06 05:38:27.189  2149  3128 W ActivityManager: getTasks: caller 10115 does not hold REAL_GET_TASKS; limiting output
01-06 05:38:28.192  2149  9351 W ActivityManager: getTasks: caller 10115 does not hold REAL_GET_TASKS; limiting output
01-06 05:38:28.398  2149  2209 W AudioTrack: AUDIO_OUTPUT_FLAG_FAST denied by client
01-06 05:38:28.410  1876  2146 D audio_hw_primary: found out /dev/snd/pcmC0D0p
01-06 05:38:28.415  2149  3128 I ActivityManager: START u0 {act=com.android.systemui.recents.SHOW_RECENTS flg=0x10804000 cmp=com.android.systemui/.recents.RecentsActivity} from uid 10000 on display 0
01-06 05:38:28.473  2149  2169 W InputMethodManagerService: Starting input on non-focused client com.android.internal.view.IInputMethodClient$Stub$Proxy@1a889a7f (uid=10033 pid=2349)
01-06 05:38:28.897 16982 16982 W linker  : [vdso]: unused DT entry: type 0x6ffffef5 arg 0x160
01-06 05:38:29.195  2149 15843 W ActivityManager: getTasks: caller 10115 does not hold REAL_GET_TASKS; limiting output
01-06 05:38:30.198  2149  2170 W ActivityManager: getTasks: caller 10115 does not hold REAL_GET_TASKS; limiting output
01-06 05:38:31.201  2149  4763 W ActivityManager: getTasks: caller 10115 does not hold REAL_GET_TASKS; limiting output
01-06 05:38:31.709  2149  2209 W AudioTrack: AUDIO_OUTPUT_FLAG_FAST denied by client
01-06 05:38:31.721  1876  2146 D audio_hw_primary: found out /dev/snd/pcmC0D0p
01-06 05:38:31.777  2149  2149 V ActivityManager: Display changed displayId=0
01-06 05:38:31.779  2149  3044 I ActivityManager: Config changes=480 {1.0 ?mcc?mnc zh_CN ldltr sw720dp w720dp h1206dp 240dpi lrg long port -touch qwerty/v/v -nav/h s.29}
01-06 05:38:31.781 16415 16415 D GeckoApplication: onConfigurationChanged: zh_CN, background: false
01-06 05:38:31.782 16415 16415 D GeckoLocales: No selected locale. No correction needed.
01-06 05:38:31.801  2149  2191 I InputReader: Reconfiguring input devices.  changes=0x00000004
01-06 05:38:31.824 16520 16520 V MicroMsg.SDK.WXApiImplV10.ActivityLifecycleCb: com.happyelements.hellolua.MainActivity  onActivityResumed
01-06 05:38:31.824 16520 16520 D CMCCDataStatisticsProxy: onActivityResume
01-06 05:38:31.857 16520 16773 I MainActivity: onSurfaceChanged
01-06 05:38:31.862 16520 16773 I MainActivity: onSurfaceChanged
01-06 05:38:31.914 16520 16773 I MainActivity: onSurfaceChanged
01-06 05:38:31.921 16520 16520 D GLSurfaceView: HideSoftInput
01-06 05:38:31.948  2149  2180 I WindowManager: Screen frozen for +211ms due to Window{3d573ce5 u0 NavigationBar}
01-06 05:38:32.143  2267  2267 W IInputConnectionWrapper: showStatusIcon on inactive InputConnection
01-06 05:38:32.204  2149  8057 W ActivityManager: getTasks: caller 10115 does not hold REAL_GET_TASKS; limiting output
01-06 05:38:32.625 16520 16520 V MicroMsg.SDK.WXApiImplV10.ActivityLifecycleCb: WXStat trigger onForeground
