01-06 05:36:57.705 16573 16573 F art     : art/runtime/runtime.cc:289]   kernel: SyS_prctl+0xe5/0x36d
01-06 05:36:57.705 16573 16573 F art     : art/runtime/runtime.cc:289]   kernel: do_syscall_32_irqs_off+0x4c/0x86
01-06 05:36:57.705 16573 16573 F art     : art/runtime/runtime.cc:289]   kernel: entry_INT80_compat+0x2a/0x40
01-06 05:36:57.705 16573 16573 F art     : art/runtime/runtime.cc:289]   native: #00 pc 0007bfab  /android/system/lib/libc.so (???)
01-06 05:36:57.705 16573 16573 F art     : art/runtime/runtime.cc:289]   native: #01 pc 0002581c  /android/system/lib/libc.so (???)
01-06 05:36:57.705 16573 16573 F art     : art/runtime/runtime.cc:289]   native: #02 pc 003d164b  /android/system/lib/libart.so (???)
01-06 05:36:57.705 16573 16573 F art     : art/runtime/runtime.cc:289]   native: #03 pc 003d5d99  /android/system/lib/libart.so (???)
01-06 05:36:57.705 16573 16573 F art     : art/runtime/runtime.cc:289]   native: #04 pc 00022168  /android/system/lib/libc.so (???)
01-06 05:36:57.705 16573 16573 F art     : art/runtime/runtime.cc:289]   native: #05 pc 0001cc69  /android/system/lib/libc.so (???)
01-06 05:36:57.705 16573 16573 F art     : art/runtime/runtime.cc:289]   native: #06 pc 000137c6  /android/system/lib/libc.so (???)
01-06 05:36:57.705 16573 16573 F art     : art/runtime/runtime.cc:289]   (no managed stack frames)
01-06 05:36:57.705 16573 16573 F art     : art/runtime/runtime.cc:289] 
01-06 05:36:57.705 16573 16573 F art     : art/runtime/runtime.cc:289] "JDWP" prio=5 tid=10 WaitingInMainDebuggerLoop
01-06 05:36:57.705 16573 16573 F art     : art/runtime/runtime.cc:289]   | group="" sCount=0 dsCount=0 obj=0x12c050a0 self=0xedc3e400
01-06 05:36:57.705 16573 16573 F art     : art/runtime/runtime.cc:289]   | sysTid=16587 nice=0 cgrp=default sched=3/0 handle=0xf3c54500
01-06 05:36:57.705 16573 16573 F art     : art/runtime/runtime.cc:289]   | state=S schedstat=( 171068 0 2 ) utm=0 stm=0 core=7 HZ=100
01-06 05:36:57.705 16573 16573 F art     : art/runtime/runtime.cc:289]   | stack=0xee259000-0xee25b000 stackSize=1012KB
01-06 05:36:57.705 16573 16573 F art     : art/runtime/runtime.cc:289]   | held mutexes=
01-06 05:36:57.705 16573 16573 F art     : art/runtime/runtime.cc:289]   kernel: get_page_from_freelist+0x4fc/0x711
01-06 05:36:57.705 16573 16573 F art     : art/runtime/runtime.cc:289]   kernel: unix_stream_read_generic+0x2b1/0x70e
01-06 05:36:57.705 16573 16573 F art     : art/runtime/runtime.cc:289]   kernel: autoremove_wake_function+0x0/0x2a
01-06 05:36:57.705 16573 16573 F art     : art/runtime/runtime.cc:289]   kernel: unix_stream_recvmsg+0x3a/0x3f
01-06 05:36:57.705 16573 16573 F art     : art/runtime/runtime.cc:289]   kernel: unix_stream_read_actor+0x0/0x1c
01-06 05:36:57.705 16573 16573 F art     : art/runtime/runtime.cc:289]   kernel: ___sys_recvmsg+0xc8/0x165
01-06 05:36:57.705 16573 16573 F art     : art/runtime/runtime.cc:289]   kernel: SyS_sendto+0xd8/0xec
01-06 05:36:57.705 16573 16573 F art     : art/runtime/runtime.cc:289]   kernel: __fget+0x6b/0x75
01-06 05:36:57.705 16573 16573 F art     : art/runtime/runtime.cc:289]   kernel: __sys_recvmsg+0x39/0x5a
01-06 05:36:57.705 16573 16573 F art     : art/runtime/runtime.cc:289]   kernel: compat_SyS_socketcall+0x152/0x18f
01-06 05:36:57.705 16573 16573 F art     : art/runtime/runtime.cc:289]   kernel: do_syscall_32_irqs_off+0x4c/0x86
01-06 05:36:57.705 16573 16573 F art     : art/runtime/runtime.cc:289]   kernel: entry_INT80_compat+0x2a/0x40
01-06 05:36:57.705 16573 16573 F art     : art/runtime/runtime.cc:289]   native: #00 pc 0007af41  /android/system/lib/libc.so (???)
01-06 05:36:57.705 16573 16573 F art     : art/runtime/runtime.cc:289]   native: #01 pc 004a5b60  /android/system/lib/libart.so (???)
01-06 05:36:57.705 16573 16573 F art     : art/runtime/runtime.cc:289]   native: #02 pc 002b7817  /android/system/lib/libart.so (???)
01-06 05:36:57.705 16573 16573 F art     : art/runtime/runtime.cc:289]   native: #03 pc 002b9f09  /android/system/lib/libart.so (???)
01-06 05:36:57.705 16573 16573 F art     : art/runtime/runtime.cc:289]   native: #04 pc 00022168  /android/system/lib/libc.so (???)
01-06 05:36:57.705 16573 16573 F art     : art/runtime/runtime.cc:289]   native: #05 pc 0001cc69  /android/system/lib/libc.so (???)
01-06 05:36:57.705 16573 16573 F art     : art/runtime/runtime.cc:289]   native: #06 pc 000137c6  /android/system/lib/libc.so (???)
01-06 05:36:57.705 16573 16573 F art     : art/runtime/runtime.cc:289]   (no managed stack frames)
01-06 05:36:57.705 16573 16573 F art     : art/runtime/runtime.cc:289] 
01-06 05:36:57.705 16573 16573 F art     : art/runtime/runtime.cc:289] "ReferenceQueueDaemon" prio=5 tid=11 Waiting
01-06 05:36:57.705 16573 16573 F art     : art/runtime/runtime.cc:289]   | group="" sCount=0 dsCount=0 obj=0x12c070a0 self=0xf3c26400
01-06 05:36:57.705 16573 16573 F art     : art/runtime/runtime.cc:289]   | sysTid=16588 nice=0 cgrp=default sched=3/0 handle=0xf3c54780
01-06 05:36:57.705 16573 16573 F art     : art/runtime/runtime.cc:289]   | state=S schedstat=( 149875 0 1 ) utm=0 stm=0 core=3 HZ=100
01-06 05:36:57.705 16573 16573 F art     : art/runtime/runtime.cc:289]   | stack=0xee155000-0xee157000 stackSize=1036KB
01-06 05:36:57.705 16573 16573 F art     : art/runtime/runtime.cc:289]   | held mutexes=
01-06 05:36:57.705 16573 16573 F art     : art/runtime/runtime.cc:289]   kernel: futex_wait_queue_me+0xb8/0xf9
01-06 05:36:57.705 16573 16573 F art     : art/runtime/runtime.cc:289]   kernel: futex_wait+0xeb/0x1f0
01-06 05:36:57.705 16573 16573 F art     : art/runtime/runtime.cc:289]   kernel: get_user_pages_fast+0xc0/0x140
01-06 05:36:57.705 16573 16573 F art     : art/runtime/runtime.cc:289]   kernel: ttwu_stat+0x87/0xb9
01-06 05:36:57.705 16573 16573 F art     : art/runtime/runtime.cc:289]   kernel: get_futex_key+0x1ad/0x1c6
01-06 05:36:57.705 16573 16573 F art     : art/runtime/runtime.cc:289]   kernel: do_futex+0xb2/0x86c
01-06 05:36:57.705 16573 16573 F art     : art/runtime/runtime.cc:289]   kernel: handle_mm_fault+0x3bd/0xe32
01-06 05:36:57.705 16573 16573 F art     : art/runtime/runtime.cc:289]   kernel: cap_safe_nice+0x69/0x6e
01-06 05:36:57.705 16573 16573 F art     : art/runtime/runtime.cc:289]   kernel: compat_SyS_futex+0xb1/0x12a
01-06 05:36:57.705 16573 16573 F art     : art/runtime/runtime.cc:289]   kernel: __do_page_fault+0x2c6/0x35c
01-06 05:36:57.705 16573 16573 F art     : art/runtime/runtime.cc:289]   kernel: do_syscall_32_irqs_off+0x4c/0x86
01-06 05:36:57.705 16573 16573 F art     : art/runtime/runtime.cc:289]   kernel: entry_INT80_compat+0x2a/0x40
01-06 05:36:57.705 16573 16573 F art     : art/runtime/runtime.cc:289]   native: #00 pc 000139a0  /android/system/lib/libc.so (???)
01-06 05:36:57.705 16573 16573 F art     : art/runtime/runtime.cc:289]   at java.lang.Object.wait!(Native method)
01-06 05:36:57.705 16573 16573 F art     : art/runtime/runtime.cc:289]   - waiting on <0x3db6cf45> (a java.lang.Class<java.lang.ref.ReferenceQueue>)
01-06 05:36:57.705 16573 16573 F art     : art/runtime/runtime.cc:289]   at java.lang.Daemons$ReferenceQueueDaemon.run(Daemons.java:134)
01-06 05:36:57.705 16573 16573 F art     : art/runtime/runtime.cc:289]   - locked <0x3db6cf45> (a java.lang.Class<java.lang.ref.ReferenceQueue>)
01-06 05:36:57.705 16573 16573 F art     : art/runtime/runtime.cc:289]   at java.lang.Thread.run(Thread.java:818)
01-06 05:36:57.705 16573 16573 F art     : art/runtime/runtime.cc:289] 
01-06 05:36:57.705 16573 16573 F art     : art/runtime/runtime.cc:289] "FinalizerDaemon" prio=5 tid=12 Waiting
01-06 05:36:57.705 16573 16573 F art     : art/runtime/runtime.cc:289]   | group="" sCount=0 dsCount=0 obj=0x12c07100 self=0xf3c26800
01-06 05:36:57.705 16573 16573 F art     : art/runtime/runtime.cc:289]   | sysTid=16589 nice=0 cgrp=default sched=3/0 handle=0xf3c54a00
01-06 05:36:57.705 16573 16573 F art     : art/runtime/runtime.cc:289]   | state=S schedstat=( 219088 0 2 ) utm=0 stm=0 core=7 HZ=100
01-06 05:36:57.705 16573 16573 F art     : art/runtime/runtime.cc:289]   | stack=0xedafe000-0xedb00000 stackSize=1036KB
01-06 05:36:57.705 16573 16573 F art     : art/runtime/runtime.cc:289]   kernel: hrtimer_wakeup+0x0/0x1c
01-06 05:36:57.705 16573 16573 F art     : art/runtime/runtime.cc:289] 
01-06 05:36:57.705 16573 16573 F libc    : Fatal signal 6 (SIGABRT), code -6 in tid 16573 (urf:dservice_v1)
01-06 05:36:57.717 16605 16605 W linker  : [vdso]: unused DT entry: type 0x6ffffef5 arg 0xec
01-06 05:36:57.717 16605 16605 E cutils-trace: Error opening trace file: Permission denied (13)
01-06 05:36:57.717 16605 16605 I dex2oat : /system/bin/dex2oat --runtime-arg -classpath --runtime-arg  --instruction-set=x86 --instruction-set-features=default --runtime-arg -Xrelocate --boot-image=/system/framework/boot.art --dex-file=/data/data/com.happyelements.AndroidAnimal/files/egame_psh_temp.jar --oat-fd=32 --oat-location=/data/data/com.happyelements.AndroidAnimal/egame/egame_psh_temp.dex --runtime-arg -Xms64m --runtime-arg -Xmx512m --compiler-filter=interpret-only
01-06 05:36:57.753 16605 16605 I dex2oat : dex2oat took 35.682ms (threads: 8) arena alloc=0B java alloc=83KB native alloc=286KB free=7MB
01-06 05:36:57.755 16551 16551 D houdini : [16551] Added shared library /data/data/com.happyelements.AndroidAnimal/egame/EPSH_123/libs/armeabi-v7a/libepsh_private_ar1.so for ClassLoader by Native Bridge.
01-06 05:36:57.756  1872  1872 I DEBUG   : *** *** *** *** *** *** *** *** *** *** *** *** *** *** *** ***
01-06 05:36:57.756  1872  1872 I DEBUG   : Build fingerprint: 'Android-x86/android_x86_64/x86_64:5.1.1/LMY48Z/01050708:eng/test-keys'
01-06 05:36:57.756  1872  1872 I DEBUG   : Revision: '0'
01-06 05:36:57.756  1872  1872 I DEBUG   : ABI: 'x86'
01-06 05:36:57.756  1872  1872 I DEBUG   : pid: 16573, tid: 16573, name: urf:dservice_v1  >>> com.kiloo.subwaysurf:dservice_v1 <<<
01-06 05:36:57.756  1872  1872 I DEBUG   : signal 6 (SIGABRT), code -6 (SI_TKILL), fault addr --------
01-06 05:36:57.757 16551 16551 D cca     : init log event
01-06 05:36:57.757  1872  1872 I DEBUG   : Abort message: 'art/runtime/check_jni.cc:65] JNI DETECTED ERROR IN APPLICATION: GetStringUTFChars received null jstring'
01-06 05:36:57.757  1872  1872 I DEBUG   :     eax 00000000  ebx 000040bd  ecx 000040bd  edx 00000006
01-06 05:36:57.757  1872  1872 I DEBUG   :     esi f77cec48  edi 0000000b
01-06 05:36:57.757  1872  1872 I DEBUG   :     xcs 00000023  xds 0000002b  xes 0000002b  xfs 00000007  xss 0000002b
01-06 05:36:57.757  1872  1872 I DEBUG   :     eip f755bd26  ebp 000040bd  esp ffbbc620  flags 00200286
01-06 05:36:57.757  1872  1872 I DEBUG   : 
01-06 05:36:57.757  1872  1872 I DEBUG   : backtrace:
01-06 05:36:57.757  1872  1872 I DEBUG   :     #00 pc 0007ad26  /system/lib/libc.so (tgkill+22)
01-06 05:36:57.757  1872  1872 I DEBUG   :     #01 pc 00023125  /system/lib/libc.so (pthread_kill+117)
01-06 05:36:57.757  1872  1872 I DEBUG   :     #02 pc 00024d1a  /system/lib/libc.so (raise+42)
01-06 05:36:57.757  1872  1872 I DEBUG   :     #03 pc 0001c4c4  /system/lib/libc.so (abort+84)
01-06 05:36:57.757  1872  1872 I DEBUG   :     #04 pc 003c9396  /system/lib/libart.so (art::Runtime::Abort()+342)
01-06 05:36:57.757  1872  1872 I DEBUG   :     #05 pc 000dba64  /system/lib/libart.so (art::LogMessage::~LogMessage()+2756)
01-06 05:36:57.757  1872  1872 I DEBUG   :     #06 pc 000f97c4  /system/lib/libart.so (art::JniAbort(char const*, char const*)+2468)
01-06 05:36:57.757  1872  1872 I DEBUG   :     #07 pc 000f9fa2  /system/lib/libart.so (art::JniAbortF(char const*, char const*, ...)+98)
01-06 05:36:57.757  1872  1872 I DEBUG   :     #08 pc 000fd550  /system/lib/libart.so (art::ScopedCheck::CheckInstance(art::ScopedCheck::InstanceKind, _jobject*)+640)
01-06 05:36:57.757  1872  1872 I DEBUG   :     #09 pc 000fe5a0  /system/lib/libart.so (_ZN3art11ScopedCheck5CheckEbPKcz.constprop.109+1216)
01-06 05:36:57.757  1872  1872 I DEBUG   :     #10 pc 00104b91  /system/lib/libart.so (art::CheckJNI::GetStringUTFChars(_JNIEnv*, _jstring*, unsigned char*)+113)
01-06 05:36:57.757  1872  1872 I DEBUG   :     #11 pc 0022e19a  /android/system/lib/arm/libhoudini.so
01-06 05:36:57.757  1872  1872 I DEBUG   :     #12 pc 0021e884  /android/system/lib/arm/libhoudini.so
01-06 05:36:57.757  1872  1872 I DEBUG   :     #13 pc 0026a004  /android/system/lib/arm/libhoudini.so
01-06 05:36:57.757  1872  1872 I DEBUG   :     #14 pc 007fb4c7  [stack]
01-06 05:36:57.777  1872  1872 I DEBUG   : 
01-06 05:36:57.777  1872  1872 I DEBUG   : Tombstone written to: /data/tombstones/tombstone_04
01-06 05:36:57.777  2149  2176 I BootReceiver: Copying /data/tombstones/tombstone_04 to DropBox (SYSTEM_TOMBSTONE)
01-06 05:36:57.777  2149 16622 W ActivityManager: Process com.kiloo.subwaysurf has crashed too many times: killing!
01-06 05:36:57.777  2149 16622 I ActivityManager: Killing 16573:com.kiloo.subwaysurf:dservice_v1/u0a115 (adj 0): crash
01-06 05:36:57.789  1880  1880 I Zygote  : Process 16573 exited due to signal (6)
01-06 05:36:57.791  2149  9351 W ActivityManager: Spurious death for ProcessRecord{32196d29 16573:com.kiloo.subwaysurf:dservice_v1/u0a115}, curProc for 16573: null
01-06 05:36:57.806  2149  3044 I ActivityManager: Start proc 16625:com.svox.pico/u0a18 for broadcast com.svox.pico/.VoiceDataInstallerReceiver
01-06 05:36:57.814 16625 16625 I ActivityThread: Switching default density from 160 to 240
01-06 05:36:57.832  2149  3128 I ActivityManager: Start proc 16649:com.popcap.pvz2cthdbddk/u0a59 for broadcast com.popcap.pvz2cthdbddk/com.duoku.platform.single.receiver.DKSingleAppReceiver
01-06 05:36:57.833 16649 16649 I art     : Not late-enabling -Xcheck:jni (already on)
01-06 05:36:57.833 16649 16649 D houdini : [16649] Initialize library(version: 5.2.2_y.47738 RELEASE)... successfully.
01-06 05:36:57.840 16649 16649 I ActivityThread: Switching default density from 160 to 240
01-06 05:36:57.844  2149  3042 I ActivityManager: Killing 16065:com.android.exchange/u0a47 (adj 15): empty #17
01-06 05:36:57.872 16649 16649 D houdini : [16649] Added shared library /data/app/com.popcap.pvz2cthdbddk-1/lib/arm/libDexHelper.so for ClassLoader by Native Bridge.
01-06 05:36:57.875 16673 16673 W linker  : [vdso]: unused DT entry: type 0x6ffffef5 arg 0x160
01-06 05:36:57.899 16649 16649 E art     : dlopen("/data/data/com.popcap.pvz2cthdbddk/.cache/libDexHelper-x86.so", RTLD_LAZY) failed: dlopen failed: library "/data/data/com.popcap.pvz2cthdbddk/.cache/libDexHelper-x86.so" not found
01-06 05:36:57.899 16649 16649 E sdk     : DexInstall begin
01-06 05:36:57.899 16649 16649 E sdk     : DexInstall 11111
01-06 05:36:57.899 16649 16649 E sdk     : installSecondarDexs
01-06 05:36:57.899 16649 16649 E sdk     : v19 install
01-06 05:36:57.899 16649 16649 W System  : ClassLoader referenced unknown path: /data/data/com.popcap.pvz2cthdbddk/.cache/classes.jar
01-06 05:36:57.899 16649 16649 E sdk     : DexInstall 22222
01-06 05:36:57.906 16675 16675 W linker  : [vdso]: unused DT entry: type 0x6ffffef5 arg 0xec
01-06 05:36:57.907 16675 16675 E cutils-trace: Error opening trace file: Permission denied (13)
01-06 05:36:57.907 16675 16675 I dex2oat : /system/bin/dex2oat --runtime-arg -classpath --runtime-arg  --instruction-set=x86 --instruction-set-features=default --runtime-arg -Xrelocate --boot-image=/system/framework/boot.art --dex-file=/data/data/com.popcap.pvz2cthdbddk/app_push_lib/plugin-deploy.jar --oat-fd=24 --oat-location=/data/data/com.popcap.pvz2cthdbddk/app_push_dex/plugin-deploy.dex --runtime-arg -Xms64m --runtime-arg -Xmx512m --compiler-filter=interpret-only
01-06 05:36:58.004 16675 16675 I dex2oat : dex2oat took 97.423ms (threads: 8) arena alloc=0B java alloc=665KB native alloc=405KB free=7MB
01-06 05:36:58.007 16649 16649 D houdini : [16649] Added shared library /data/app/com.popcap.pvz2cthdbddk-1/lib/arm/libmegjb.so for ClassLoader by Native Bridge.
01-06 05:36:58.028 16649 16649 D houdini : [16649] Added shared library /data/data/com.popcap.pvz2cthdbddk/files/libmegbpp_02.02.16_01.so for ClassLoader by Native Bridge.
01-06 05:36:58.111  2149  9351 W ActivityManager: getTasks: caller 10115 does not hold REAL_GET_TASKS; limiting output
01-06 05:36:58.140 16695 16695 W linker  : [vdso]: unused DT entry: type 0x6ffffef5 arg 0x160
01-06 05:36:58.187 16696 16696 W linker  : [vdso]: unused DT entry: type 0x6ffffef5 arg 0xec
01-06 05:36:58.188 16696 16696 E cutils-trace: Error opening trace file: Permission denied (13)
01-06 05:36:58.188 16696 16696 I dex2oat : /system/bin/dex2oat --runtime-arg -classpath --runtime-arg  --instruction-set=x86 --instruction-set-features=default --runtime-arg -Xrelocate --boot-image=/system/framework/boot.art --dex-file=/data/data/com.popcap.pvz2cthdbddk/appsdk0_.dex --oat-fd=32 --oat-location=/data/data/com.popcap.pvz2cthdbddk/files/appsdk0_.dex --runtime-arg -Xms64m --runtime-arg -Xmx512m --compiler-filter=interpret-only
01-06 05:36:58.286 16696 16696 I dex2oat : dex2oat took 98.339ms (threads: 8) arena alloc=0B java alloc=2MB native alloc=498KB free=7MB
01-06 05:36:58.324  2149  9351 W ActivityManager: getRunningAppProcesses: caller 10059 does not hold REAL_GET_TASKS; limiting output
01-06 05:36:58.324 16649 16649 I unipaysdk: pid:16649 process:com.popcap.pvz2cthdbddk
01-06 05:36:58.324 16649 16649 I unipaysdk: pid:16320 process:com.popcap.pvz2cthdbddk:bdservice_v1
01-06 05:36:58.324 16649 16649 I unipaysdk: pid:8360 process:com.popcap.pvz2cthdbddk:remote
01-06 05:36:58.328 16649 16649 E unipaysdk: unipaysdk:rc(0/1), s(true)
01-06 05:36:58.328 16649 16649 E unipaysdk: unipaysdk:abi(armeabi-v7a)
01-06 05:36:58.328 16649 16649 E unipaysdk: unipaysdk:cpu_abi:armeabi-v7a
01-06 05:36:58.332 16649 16649 D houdini : [16649] Added shared library /data/data/com.popcap.pvz2cthdbddk/.ulibs/decrypt.so for ClassLoader by Native Bridge.
01-06 05:36:58.332 16649 16649 E unipaysdk: unipaysdk:abi(armeabi-v7a)
01-06 05:36:58.333 16649 16649 D houdini : [16649] Added shared library /data/data/com.popcap.pvz2cthdbddk/.ulibs/libunicomsdk.so for ClassLoader by Native Bridge.
01-06 05:36:58.333 16649 16649 E unipaysdk: unipaysdk:result.1: 1
01-06 05:36:58.336 16709 16709 W linker  : [vdso]: unused DT entry: type 0x6ffffef5 arg 0x160
01-06 05:36:58.337 14378 14378 W System.err: android.content.pm.PackageManager$NameNotFoundException
01-06 05:36:58.337 16709 16709 W linker  : [vdso]: unused DT entry: type 0x6ffffef5 arg 0x160
01-06 05:36:58.337 14378 14378 W System.err: 	at android.app.ApplicationPackageManager.getApplicationInfo(ApplicationPackageManager.java:281)
01-06 05:36:58.337 14378 14378 W System.err: 	at com.duoku.platform.single.l.g.a(Unknown Source)
01-06 05:36:58.337 14378 14378 W System.err: 	at com.duoku.platform.single.gameplus.broadcast.GPNotificaionReceiver.onReceive(Unknown Source)
01-06 05:36:58.337 14378 14378 W System.err: 	at android.app.ActivityThread.handleReceiver(ActivityThread.java:2609)
01-06 05:36:58.337 14378 14378 W System.err: 	at android.app.ActivityThread.access$1700(ActivityThread.java:151)
01-06 05:36:58.337 14378 14378 W System.err: 	at android.app.ActivityThread$H.handleMessage(ActivityThread.java:1380)
01-06 05:36:58.337 14378 14378 W System.err: 	at android.os.Handler.dispatchMessage(Handler.java:102)
01-06 05:36:58.337 14378 14378 W System.err: 	at android.os.Looper.loop(Looper.java:135)
01-06 05:36:58.337 14378 14378 W System.err: 	at android.app.ActivityThread.main(ActivityThread.java:5254)
01-06 05:36:58.337 14378 14378 W System.err: 	at java.lang.reflect.Method.invoke(Native Method)
01-06 05:36:58.337 14378 14378 W System.err: 	at java.lang.reflect.Method.invoke(Method.java:372)
01-06 05:36:58.337 14378 14378 W System.err: 	at com.android.internal.os.ZygoteInit$MethodAndArgsCaller.run(ZygoteInit.java:903)
01-06 05:36:58.337 14378 14378 W System.err: 	at com.android.internal.os.ZygoteInit.main(ZygoteInit.java:698)
01-06 05:36:58.338  2149  2169 W ActivityManager: getTasks: caller 10117 does not hold REAL_GET_TASKS; limiting output
01-06 05:36:58.338  2149  9351 I ActivityManager: START u0 {flg=0x10800000 cmp=com.estrongs.android.pop/.app.InstallMonitorActivity (has extras)} from uid 10117 on display 0
01-06 05:36:58.339  2149  9351 V WindowManager: addAppToken: AppWindowToken{2e3621ba token=Token{3432b2e5 ActivityRecord{c2d71dc u0 com.estrongs.android.pop/.app.InstallMonitorActivity t1105}}} to stack=1 task=1105 at 0
01-06 05:36:58.346 16712 16712 W linker  : [vdso]: unused DT entry: type 0x6ffffef5 arg 0xec
01-06 05:36:58.346  2149  2209 W AudioTrack: AUDIO_OUTPUT_FLAG_FAST denied by client
01-06 05:36:58.346 16712 16712 E cutils-trace: Error opening trace file: Permission denied (13)
01-06 05:36:58.346 16712 16712 I dex2oat : /system/bin/dex2oat --runtime-arg -classpath --runtime-arg  --instruction-set=x86 --instruction-set-features=default --runtime-arg -Xrelocate --boot-image=/system/framework/boot.art --dex-file=/data/data/com.popcap.pvz2cthdbddk/.ucache/classez.jar --oat-fd=21 --oat-location=/data/data/com.popcap.pvz2cthdbddk/.ucache/classez.dex --runtime-arg -Xms64m --runtime-arg -Xmx512m --compiler-filter=interpret-only
01-06 05:36:58.359  2149  9351 W ActivityManager: getRunningAppProcesses: caller 10117 does not hold REAL_GET_TASKS; limiting output
01-06 05:36:58.360  2149  4763 W ActivityManager: getRunningAppProcesses: caller 10117 does not hold REAL_GET_TASKS; limiting output
01-06 05:36:58.369 16393 16393 I Process : Sending signal. PID: 16393 SIG: 9
01-06 05:36:58.378  2149  3972 D OpenGLRenderer: endAllStagingAnimators on 0x7f313a256800 (RippleDrawable) with handle 0x7f314bd2fb60
01-06 05:36:58.380  2149  8057 I ActivityManager: Process com.halfbrick.fruitninja:egameCore (pid 16393) has died
01-06 05:36:58.380  2149  8057 W ActivityManager: Scheduling restart of crashed service com.halfbrick.fruitninja/cn.egame.terminal.sdk.EgameCoreService in 2572ms
01-06 05:36:58.385  2149  2169 W ActivityManager: getRunningAppProcesses: caller 10117 does not hold REAL_GET_TASKS; limiting output
01-06 05:36:58.387 10668 10668 W System.err: android.content.pm.PackageManager$NameNotFoundException
01-06 05:36:58.387 10668 10668 W System.err: 	at android.app.ApplicationPackageManager.getApplicationInfo(ApplicationPackageManager.java:281)
01-06 05:36:58.387 10668 10668 W System.err: 	at com.duoku.platform.single.l.g.a(Unknown Source)
01-06 05:36:58.387 10668 10668 W System.err: 	at com.duoku.platform.single.gameplus.broadcast.GPNotificaionReceiver.onReceive(Unknown Source)
01-06 05:36:58.387 10668 10668 W System.err: 	at android.app.ActivityThread.handleReceiver(ActivityThread.java:2609)
01-06 05:36:58.387 10668 10668 W System.err: 	at android.app.ActivityThread.access$1700(ActivityThread.java:151)
01-06 05:36:58.387 10668 10668 W System.err: 	at android.app.ActivityThread$H.handleMessage(ActivityThread.java:1380)
01-06 05:36:58.387 10668 10668 W System.err: 	at android.os.Handler.dispatchMessage(Handler.java:102)
01-06 05:36:58.387 10668 10668 W System.err: 	at android.os.Looper.loop(Looper.java:135)
01-06 05:36:58.387 10668 10668 W System.err: 	at android.app.ActivityThread.main(ActivityThread.java:5254)
01-06 05:36:58.387 10668 10668 W System.err: 	at java.lang.reflect.Method.invoke(Native Method)
01-06 05:36:58.387 10668 10668 W System.err: 	at java.lang.reflect.Method.invoke(Method.java:372)
01-06 05:36:58.387 10668 10668 W System.err: 	at com.android.internal.os.ZygoteInit$MethodAndArgsCaller.run(ZygoteInit.java:903)
01-06 05:36:58.387 10668 10668 W System.err: 	at com.android.internal.os.ZygoteInit.main(ZygoteInit.java:698)
01-06 05:36:58.397  2149  2377 I ActivityManager: Killing 9167:com.android.calendar/u0a28 (adj 15): empty #17
01-06 05:36:58.425  2149  2169 I ActivityManager: Start proc 16729:com.halfbrick.fruitninja:egameCore/u0a118 for service com.halfbrick.fruitninja/cn.egame.terminal.sdk.EgameCoreService
01-06 05:36:58.427 16729 16729 I ActivityThread: Switching default density from 160 to 240
01-06 05:36:58.427  2149  3044 W BroadcastQueue: Unable to launch app com.kiloo.subwaysurf/10115 for broadcast Intent { act=android.intent.action.PACKAGE_REPLACED dat=package:com.happyelements.AndroidAnimal flg=0x4000010 (has extras) }: process is bad
01-06 05:36:58.429  2349  2349 W Launcher: setApplicationContext called twice! old=com.android.launcher3.LauncherApplication@95c0a33 new=com.android.launcher3.LauncherApplication@95c0a33
01-06 05:36:58.430 14378 14378 W System.err: android.content.pm.PackageManager$NameNotFoundException
01-06 05:36:58.430 14378 14378 W System.err: 	at android.app.ApplicationPackageManager.getApplicationInfo(ApplicationPackageManager.java:281)
01-06 05:36:58.431 14378 14378 W System.err: 	at com.duoku.platform.single.l.g.a(Unknown Source)
01-06 05:36:58.431 14378 14378 W System.err: 	at com.duoku.platform.single.gameplus.broadcast.GPNotificaionReceiver.onReceive(Unknown Source)
01-06 05:36:58.431 14378 14378 W System.err: 	at android.app.ActivityThread.handleReceiver(ActivityThread.java:2609)
01-06 05:36:58.431 14378 14378 W System.err: 	at android.app.ActivityThread.access$1700(ActivityThread.java:151)
01-06 05:36:58.431 14378 14378 W System.err: 	at android.app.ActivityThread$H.handleMessage(ActivityThread.java:1380)
01-06 05:36:58.431 14378 14378 W System.err: 	at android.os.Handler.dispatchMessage(Handler.java:102)
01-06 05:36:58.431 14378 14378 W System.err: 	at android.os.Looper.loop(Looper.java:135)
01-06 05:36:58.431 14378 14378 W System.err: 	at android.app.ActivityThread.main(ActivityThread.java:5254)
01-06 05:36:58.431 14378 14378 W System.err: 	at java.lang.reflect.Method.invoke(Native Method)
01-06 05:36:58.431 14378 14378 W System.err: 	at java.lang.reflect.Method.invoke(Method.java:372)
01-06 05:36:58.431 14378 14378 W System.err: 	at com.android.internal.os.ZygoteInit$MethodAndArgsCaller.run(ZygoteInit.java:903)
01-06 05:36:58.431 14378 14378 W System.err: 	at com.android.internal.os.ZygoteInit.main(ZygoteInit.java:698)
01-06 05:36:58.431 16729 16729 D SkynetApi: onApplicationCreate
01-06 05:36:58.431 16729 16729 W System.err: java.lang.ClassNotFoundException: com.skynet.android.uc.UC
01-06 05:36:58.431 16729 16729 W System.err: 	at java.lang.Class.classForName(Native Method)
01-06 05:36:58.431 16729 16729 W System.err: 	at java.lang.Class.forName(Class.java:309)
01-06 05:36:58.431 16729 16729 W System.err: 	at java.lang.Class.forName(Class.java:273)
01-06 05:36:58.431 16729 16729 W System.err: 	at com.skynet.android.Skynet.invoke(SourceFile:4060)
01-06 05:36:58.431 16729 16729 W System.err: 	at com.skynet.android.Skynet.onApplicationCreate(SourceFile:3542)
01-06 05:36:58.431 16729 16729 W System.err: 	at com.halfbrick.mortar.MortarApplication.onCreate(MortarApplication.java:29)
01-06 05:36:58.431 16729 16729 W System.err: 	at android.app.Instrumentation.callApplicationOnCreate(Instrumentation.java:1012)
01-06 05:36:58.431 16729 16729 W System.err: 	at android.app.ActivityThread.handleBindApplication(ActivityThread.java:4553)
01-06 05:36:58.431 16729 16729 W System.err: 	at android.app.ActivityThread.access$1500(ActivityThread.java:151)
01-06 05:36:58.431 16729 16729 W System.err: 	at android.app.ActivityThread$H.handleMessage(ActivityThread.java:1364)
01-06 05:36:58.431 16729 16729 W System.err: 	at android.os.Handler.dispatchMessage(Handler.java:102)
01-06 05:36:58.431 16729 16729 W System.err: 	at android.os.Looper.loop(Looper.java:135)
01-06 05:36:58.431 16729 16729 W System.err: 	at android.app.ActivityThread.main(ActivityThread.java:5254)
01-06 05:36:58.431 16729 16729 W System.err: 	at java.lang.reflect.Method.invoke(Native Method)
01-06 05:36:58.431 16729 16729 W System.err: 	at java.lang.reflect.Method.invoke(Method.java:372)
01-06 05:36:58.431 16729 16729 W System.err: 	at com.android.internal.os.ZygoteInit$MethodAndArgsCaller.run(ZygoteInit.java:903)
01-06 05:36:58.431 16729 16729 W System.err: 	at com.android.internal.os.ZygoteInit.main(ZygoteInit.java:698)
01-06 05:36:58.431 16729 16729 W System.err: Caused by: java.lang.ClassNotFoundException: Didn't find class "com.skynet.android.uc.UC" on path: DexPathList[[zip file "/data/app/com.halfbrick.fruitninja-1/base.apk"],nativeLibraryDirectories=[/data/app/com.halfbrick.fruitninja-1/lib/x86, /vendor/lib, /system/lib]]
01-06 05:36:58.431 16729 16729 W System.err: 	at dalvik.system.BaseDexClassLoader.findClass(BaseDexClassLoader.java:56)
01-06 05:36:58.431 16729 16729 W System.err: 	at java.lang.ClassLoader.loadClass(ClassLoader.java:511)
01-06 05:36:58.431 16729 16729 W System.err: 	at java.lang.ClassLoader.loadClass(ClassLoader.java:469)
01-06 05:36:58.431 16729 16729 W System.err: 	... 17 more
01-06 05:36:58.431 16729 16729 W System.err: 	Suppressed: java.lang.ClassNotFoundException: com.skynet.android.uc.UC
01-06 05:36:58.431 16729 16729 W System.err: 		at java.lang.Class.classForName(Native Method)
01-06 05:36:58.431 16729 16729 W System.err: 		at java.lang.BootClassLoader.findClass(ClassLoader.java:781)
01-06 05:36:58.431 16729 16729 W System.err: 		at java.lang.BootClassLoader.loadClass(ClassLoader.java:841)
01-06 05:36:58.431 16729 16729 W System.err: 		at java.lang.ClassLoader.loadClass(ClassLoader.java:504)
01-06 05:36:58.431 16729 16729 W System.err: 		... 18 more
01-06 05:36:58.431 16729 16729 W System.err: 	Caused by: java.lang.NoClassDefFoundError: Class not found using the boot class loader; no stack available
01-06 05:36:58.432 10668 10668 W System.err: android.content.pm.PackageManager$NameNotFoundException
01-06 05:36:58.432 10668 10668 W System.err: 	at android.app.ApplicationPackageManager.getApplicationInfo(ApplicationPackageManager.java:281)
01-06 05:36:58.432 10668 10668 W System.err: 	at com.duoku.platform.single.l.g.a(Unknown Source)
01-06 05:36:58.432 10668 10668 W System.err: 	at com.duoku.platform.single.gameplus.broadcast.GPNotificaionReceiver.onReceive(Unknown Source)
01-06 05:36:58.432 10668 10668 W System.err: 	at android.app.ActivityThread.handleReceiver(ActivityThread.java:2609)
01-06 05:36:58.432 10668 10668 W System.err: 	at android.app.ActivityThread.access$1700(ActivityThread.java:151)
01-06 05:36:58.432 10668 10668 W System.err: 	at android.app.ActivityThread$H.handleMessage(ActivityThread.java:1380)
01-06 05:36:58.432 10668 10668 W System.err: 	at android.os.Handler.dispatchMessage(Handler.java:102)
01-06 05:36:58.432 10668 10668 W System.err: 	at android.os.Looper.loop(Looper.java:135)
01-06 05:36:58.432 10668 10668 W System.err: 	at android.app.ActivityThread.main(ActivityThread.java:5254)
01-06 05:36:58.432 16729 16729 W System.err: java.lang.ClassNotFoundException: com.gionee.game.offlinesdk.GamePlatform
01-06 05:36:58.432 10668 10668 W System.err: 	at java.lang.reflect.Method.invoke(Native Method)
01-06 05:36:58.432 10668 10668 W System.err: 	at java.lang.reflect.Method.invoke(Method.java:372)
01-06 05:36:58.432 10668 10668 W System.err: 	at com.android.internal.os.ZygoteInit$MethodAndArgsCaller.run(ZygoteInit.java:903)
01-06 05:36:58.432 10668 10668 W System.err: 	at com.android.internal.os.ZygoteInit.main(ZygoteInit.java:698)
01-06 05:36:58.432 16729 16729 W System.err: 	at java.lang.Class.classForName(Native Method)
01-06 05:36:58.432 16729 16729 W System.err: 	at java.lang.Class.forName(Class.java:309)
01-06 05:36:58.432 16729 16729 W System.err: 	at com.skynet.android.amigo.Amigo.isEnable(SourceFile:27)
01-06 05:36:58.432 16729 16729 W System.err: 	at com.skynet.android.amigo.Amigo.onApplicationCreate(SourceFile:17)
01-06 05:36:58.432 16729 16729 W System.err: 	at java.lang.reflect.Method.invoke(Native Method)
01-06 05:36:58.432 16729 16729 W System.err: 	at java.lang.reflect.Method.invoke(Method.java:372)
01-06 05:36:58.432 16729 16729 W System.err: 	at com.skynet.android.Skynet.invoke(SourceFile:4068)
01-06 05:36:58.432 16729 16729 W System.err: 	at com.skynet.android.Skynet.onApplicationCreate(SourceFile:3544)
01-06 05:36:58.432 16729 16729 W System.err: 	at com.halfbrick.mortar.MortarApplication.onCreate(MortarApplication.java:29)
01-06 05:36:58.432 16729 16729 W System.err: 	at android.app.Instrumentation.callApplicationOnCreate(Instrumentation.java:1012)
01-06 05:36:58.432 16729 16729 W System.err: 	at android.app.ActivityThread.handleBindApplication(ActivityThread.java:4553)
01-06 05:36:58.432 16729 16729 W System.err: 	at android.app.ActivityThread.access$1500(ActivityThread.java:151)
01-06 05:36:58.432 16729 16729 W System.err: 	at android.app.ActivityThread$H.handleMessage(ActivityThread.java:1364)
01-06 05:36:58.432 16729 16729 W System.err: 	at android.os.Handler.dispatchMessage(Handler.java:102)
01-06 05:36:58.432 16729 16729 W System.err: 	at android.os.Looper.loop(Looper.java:135)
01-06 05:36:58.432 16729 16729 W System.err: 	at android.app.ActivityThread.main(ActivityThread.java:5254)
01-06 05:36:58.432 16729 16729 W System.err: 	at java.lang.reflect.Method.invoke(Native Method)
01-06 05:36:58.432 16729 16729 W System.err: 	at java.lang.reflect.Method.invoke(Method.java:372)
01-06 05:36:58.432 16729 16729 W System.err: 	at com.android.internal.os.ZygoteInit$MethodAndArgsCaller.run(ZygoteInit.java:903)
01-06 05:36:58.432 16729 16729 W System.err: 	at com.android.internal.os.ZygoteInit.main(ZygoteInit.java:698)
01-06 05:36:58.432 16729 16729 W System.err: Caused by: java.lang.ClassNotFoundException: Didn't find class "com.gionee.game.offlinesdk.GamePlatform" on path: DexPathList[[zip file "/data/app/com.halfbrick.fruitninja-1/base.apk"],nativeLibraryDirectories=[/data/app/com.halfbrick.fruitninja-1/lib/x86, /vendor/lib, /system/lib]]
01-06 05:36:58.432 16729 16729 W System.err: 	at dalvik.system.BaseDexClassLoader.findClass(BaseDexClassLoader.java:56)
01-06 05:36:58.432 16729 16729 W System.err: 	at java.lang.ClassLoader.loadClass(ClassLoader.java:511)
01-06 05:36:58.432 16729 16729 W System.err: 	at java.lang.ClassLoader.loadClass(ClassLoader.java:469)
01-06 05:36:58.432 16729 16729 W System.err: 	... 20 more
01-06 05:36:58.432 16729 16729 W System.err: 	Suppressed: java.lang.ClassNotFoundException: com.gionee.game.offlinesdk.GamePlatform
01-06 05:36:58.432 16729 16729 W System.err: 		at java.lang.Class.classForName(Native Method)
01-06 05:36:58.432 16729 16729 W System.err: 		at java.lang.BootClassLoader.findClass(ClassLoader.java:781)
01-06 05:36:58.432 16729 16729 W System.err: 		at java.lang.BootClassLoader.loadClass(ClassLoader.java:841)
01-06 05:36:58.432 16729 16729 W System.err: 		at java.lang.ClassLoader.loadClass(ClassLoader.java:504)
01-06 05:36:58.432 16729 16729 W System.err: 		... 21 more
01-06 05:36:58.432 16729 16729 W System.err: 	Caused by: java.lang.NoClassDefFoundError: Class not found using the boot class loader; no stack available
01-06 05:36:58.432  2149  2394 W ActivityManager: getRunningAppProcesses: caller 10118 does not hold REAL_GET_TASKS; limiting output
01-06 05:36:58.433 16729 16729 D AndroidRuntime: Shutting down VM
01-06 05:36:58.433 16729 16729 E AndroidRuntime: FATAL EXCEPTION: main
01-06 05:36:58.433 16729 16729 E AndroidRuntime: Process: com.halfbrick.fruitninja:egameCore, PID: 16729
01-06 05:36:58.433 16729 16729 E AndroidRuntime: java.lang.UnsatisfiedLinkError: dalvik.system.PathClassLoader[DexPathList[[zip file "/data/app/com.halfbrick.fruitninja-1/base.apk"],nativeLibraryDirectories=[/data/app/com.halfbrick.fruitninja-1/lib/x86, /vendor/lib, /system/lib]]] couldn't find "libegamepay_dr2.so"
01-06 05:36:58.433 16729 16729 E AndroidRuntime: 	at java.lang.Runtime.loadLibrary(Runtime.java:366)
01-06 05:36:58.433 16729 16729 E AndroidRuntime: 	at java.lang.System.loadLibrary(System.java:988)
01-06 05:36:58.433 16729 16729 E AndroidRuntime: 	at cn.egame.terminal.sdk.jni.EgamePayProtocol.<clinit>(EgamePayProtocol.java:25)
01-06 05:36:58.433 16729 16729 E AndroidRuntime: 	at cn.egame.terminal.sdk.jni.EgamePayProtocol.initCore(Native Method)
01-06 05:36:58.433 16729 16729 E AndroidRuntime: 	at cn.egame.terminal.sdk.EgameCoreService.onCreate(EgameCoreService.java:74)
01-06 05:36:58.433 16729 16729 E AndroidRuntime: 	at android.app.ActivityThread.handleCreateService(ActivityThread.java:2761)
01-06 05:36:58.433 16729 16729 E AndroidRuntime: 	at android.app.ActivityThread.access$1800(ActivityThread.java:151)
01-06 05:36:58.433 16729 16729 E AndroidRuntime: 	at android.app.ActivityThread$H.handleMessage(ActivityThread.java:1386)
01-06 05:36:58.433 16729 16729 E AndroidRuntime: 	at android.os.Handler.dispatchMessage(Handler.java:102)
01-06 05:36:58.433 16729 16729 E AndroidRuntime: 	at android.os.Looper.loop(Looper.java:135)
01-06 05:36:58.433 16729 16729 E AndroidRuntime: 	at android.app.ActivityThread.main(ActivityThread.java:5254)
01-06 05:36:58.433 16729 16729 E AndroidRuntime: 	at java.lang.reflect.Method.invoke(Native Method)
01-06 05:36:58.433 16729 16729 E AndroidRuntime: 	at java.lang.reflect.Method.invoke(Method.java:372)
01-06 05:36:58.433 16729 16729 E AndroidRuntime: 	at com.android.internal.os.ZygoteInit$MethodAndArgsCaller.run(ZygoteInit.java:903)
01-06 05:36:58.433 16729 16729 E AndroidRuntime: 	at com.android.internal.os.ZygoteInit.main(ZygoteInit.java:698)
01-06 05:36:58.433 16415 16415 I FxAccounts: firefox :: FxAccountUpgradeReceiver :: Upgrade broadcast received.
01-06 05:36:58.433 16415 16753 I FxAccounts: firefox :: FxAccountUpgradeReceiver :: Trying to unpickle any pickled Firefox Account.
01-06 05:36:58.434 16415 16753 I FxAccounts: firefox :: FxAccountUpgradeReceiver :: Trying to advance 0 existing Firefox Accounts from the Doghouse to Separated (if necessary).
01-06 05:36:58.435 16415 16415 I FxAccounts: firefox :: UpgradeReceiver :: No Sync Accounts found; not upgrading anything.
01-06 05:36:58.560 16712 16712 I dex2oat : dex2oat took 213.197ms (threads: 8) arena alloc=0B java alloc=2MB native alloc=597KB free=7MB
01-06 05:36:58.571 16649 16708 E unipaysdk_2.3.0: UnipaySDK ERR:724  none error
01-06 05:36:58.579 16649 16649 D houdini : [16649] Added shared library /data/data/com.popcap.pvz2cthdbddk/cache/libunicom.so for ClassLoader by Native Bridge.
01-06 05:36:58.599 16649 16649 I hashcode: hashcode = 6272
01-06 05:36:58.623  2149  2204 D WifiService: New client listening to asynchronous messages
01-06 05:36:58.697  2149  8057 W ActivityManager: getRunningAppProcesses: caller 10117 does not hold REAL_GET_TASKS; limiting output
01-06 05:36:58.766  2149  3044 W ActivityManager: getRunningAppProcesses: caller 10114 does not hold REAL_GET_TASKS; limiting output
01-06 05:36:59.112  2149  3128 W ActivityManager: getTasks: caller 10115 does not hold REAL_GET_TASKS; limiting output
01-06 05:36:59.246 16551 16762 D cca     : server_available_log=true
01-06 05:36:59.569  2149  2209 W AudioTrack: AUDIO_OUTPUT_FLAG_FAST denied by client
01-06 05:36:59.580 16729 16729 I Process : Sending signal. PID: 16729 SIG: 9
01-06 05:36:59.584  2149  3972 D OpenGLRenderer: endAllStagingAnimators on 0x7f313a25f400 (RippleDrawable) with handle 0x7f31481fcb20
01-06 05:36:59.591  2149  3042 I ActivityManager: Process com.halfbrick.fruitninja:egameCore (pid 16729) has died
01-06 05:36:59.591  2149  3042 W ActivityManager: Service crashed 2 times, stopping: ServiceRecord{d17c102 u0 com.halfbrick.fruitninja/cn.egame.terminal.sdk.EgameCoreService}
01-06 05:37:00.113  2149  3044 W ActivityManager: getTasks: caller 10115 does not hold REAL_GET_TASKS; limiting output
01-06 05:37:00.214  2149  2209 W AudioTrack: AUDIO_OUTPUT_FLAG_FAST denied by client
01-06 05:37:00.245  2149  3972 D OpenGLRenderer: endAllStagingAnimators on 0x7f3138ad9800 (RippleDrawable) with handle 0x7f3138ab18c0
01-06 05:37:00.247  2149  2377 W InputMethodManagerService: Window already focused, ignoring focus gain of: com.android.internal.view.IInputMethodClient$Stub$Proxy@3fe0b409 attribute=null, token = android.os.BinderProxy@17ab8694
01-06 05:37:01.116  2149  2394 W ActivityManager: getTasks: caller 10115 does not hold REAL_GET_TASKS; limiting output
01-06 05:37:01.814  2149  2170 I ActivityManager: START u0 {act=android.intent.action.MAIN cat=[android.intent.category.LAUNCHER] flg=0x10000000 pkg=com.happyelements.AndroidAnimal cmp=com.happyelements.AndroidAnimal/com.happyelements.hellolua.MainActivity} from uid 10045 on display 0
01-06 05:37:01.814  2149  2209 W AudioTrack: AUDIO_OUTPUT_FLAG_FAST denied by client
01-06 05:37:01.820  2149  2170 V WindowManager: addAppToken: AppWindowToken{3d7f0e3c token=Token{3305582f ActivityRecord{317d960e u0 com.happyelements.AndroidAnimal/com.happyelements.hellolua.MainActivity t1106}}} to stack=1 task=1106 at 0
01-06 05:37:01.837  2149  2180 V WindowManager: Adding window Window{38addb41 u0 Starting com.happyelements.AndroidAnimal} at 7 of 12 (after Window{181953d u0 com.android.packageinstaller/com.android.packageinstaller.InstallAppProgress})
01-06 05:37:01.913  2149  9351 I ActivityManager: Config changes=480 {1.0 ?mcc?mnc zh_CN ldltr sw720dp w720dp h1206dp 240dpi lrg long port -touch qwerty/v/v -nav/h s.23}
01-06 05:37:01.918 16415 16415 D GeckoApplication: onConfigurationChanged: zh_CN, background: false
01-06 05:37:01.922 16415 16415 D GeckoSharedPrefs: Current version = 1, prefs version = 1
01-06 05:37:01.922 16415 16415 D GeckoLocales: No selected locale. No correction needed.
01-06 05:37:01.929  1868  1868 E SurfaceFlinger: rejecting buffer: bufWidth=1920, bufHeight=1008, front.active.{w=1, h=1}
01-06 05:37:01.933  2149  2149 V ActivityManager: Display changed displayId=0
01-06 05:37:01.934  2149  2191 I InputReader: Reconfiguring input devices.  changes=0x00000004
01-06 05:37:01.950  3754  3777 D OpenGLRenderer: endAllStagingAnimators on 0x7f3148373400 (RippleDrawable) with handle 0x7f314812b540
01-06 05:37:01.958 16520 16520 I com.happyelements.android.ApplicationHelper: extracting so file
01-06 05:37:02.067 16520 16520 I com.happyelements.android.ApplicationHelper: extracting apk_uuid
01-06 05:37:02.068 16520 16520 I com.happyelements.android.ApplicationHelper: First deploy, extracting bundle
01-06 05:37:02.068 16520 16520 I com.happyelements.android.ApplicationHelper: apkPath is /data/app/com.happyelements.AndroidAnimal-2/base.apk
01-06 05:37:02.119  2149  3042 W ActivityManager: getTasks: caller 10115 does not hold REAL_GET_TASKS; limiting output
01-06 05:37:02.158 16520 16520 D houdini : [16520] Added shared library /data/data/com.happyelements.AndroidAnimal/external_lib/libhegame.so for ClassLoader by Native Bridge.
01-06 05:37:02.158 16520 16520 I log_service: [Java_com_happyelements_android_ApplicationHelper_registerAssetsManager|INFO]:registerAssetsManager success
01-06 05:37:02.171 16520 16520 D Cocos2dxActivity: model=H170-PRO
01-06 05:37:02.171 16520 16520 D Cocos2dxActivity: product=android_x86_64
01-06 05:37:02.171 16520 16520 D Cocos2dxActivity: isEmulator=false
01-06 05:37:02.208 16520 16520 I com.happyelements.android.gsp.GspProxy: Get Instance-----
01-06 05:37:02.208 16520 16520 I com.happyelements.android.gsp.GspProxy: init gsp Begin.platform:CUCM
01-06 05:37:02.211 16780 16780 W linker  : [vdso]: unused DT entry: type 0x6ffffef5 arg 0x160
01-06 05:37:02.212 16520 16520 W Settings: Setting android_id has moved from android.provider.Settings.System to android.provider.Settings.Secure, returning read-only value.
01-06 05:37:02.221  2149  2175 I ActivityManager: Start proc 16782:com.tencent.mm/u0a125 for broadcast com.tencent.mm/.plugin.base.stub.WXEntryActivity$EntryReceiver
01-06 05:37:02.222 16782 16782 D houdini : [16782] Initialize library(version: 5.2.2_y.47738 RELEASE)... successfully.
01-06 05:37:02.226 16782 16782 I ActivityThread: Switching default density from 160 to 240
01-06 05:37:02.228  2149  2169 W ActivityManager: getRunningAppProcesses: caller 10125 does not hold REAL_GET_TASKS; limiting output
01-06 05:37:02.251 16520 16520 I GSP_LOADER: find module config: NOTIFICATION
01-06 05:37:02.251 16520 16520 I GSP_LOADER: find module config: CUSTOMERSUPPORT
01-06 05:37:02.251 16520 16520 I GSP_LOADER: find module config: DC
01-06 05:37:02.268 16520 16808 D OpenGLRenderer: Use EGL_SWAP_BEHAVIOR_PRESERVED: true
01-06 05:37:02.269  2149  2169 V WindowManager: Adding window Window{3534e8ca u0 com.happyelements.AndroidAnimal/com.happyelements.hellolua.MainActivity} at 7 of 13 (before Window{38addb41 u0 Starting com.happyelements.AndroidAnimal})
01-06 05:37:02.270 16520 16520 V MicroMsg.SDK.WXApiImplV10.ActivityLifecycleCb: com.happyelements.hellolua.MainActivity  onActivityResumed
01-06 05:37:02.270 16520 16520 D CMCCDataStatisticsProxy: onActivityResume
01-06 05:37:02.272 16520 16520 D houdini : [16520] Added shared library /data/app/com.happyelements.AndroidAnimal-2/lib/arm/libiconv.so for ClassLoader by Native Bridge.
01-06 05:37:02.272  2149  8057 V WindowManager: Adding window Window{1e6d1558 u0 com.happyelements.AndroidAnimal/com.happyelements.hellolua.MainActivity} at 7 of 14 (before Window{3534e8ca u0 com.happyelements.AndroidAnimal/com.happyelements.hellolua.MainActivity})
01-06 05:37:02.284 16782 16782 D houdini : [16782] Added shared library /data/app/com.tencent.mm-1/lib/arm/libstlport_shared.so for ClassLoader by Native Bridge.
01-06 05:37:02.285 16782 16782 E ActivityThread: Failed to find provider info for com.tencent.mm.coolassist.debugprovider
01-06 05:37:02.287 16782 16782 D houdini : [16782] Added shared library /data/app/com.tencent.mm-1/lib/arm/libwechatxlog.so for ClassLoader by Native Bridge.
01-06 05:37:02.287 16782 16782 W MicroMsg.xlogger: JNI_Xlog_onCreate
01-06 05:37:02.296 16782 16782 D houdini : [16782] Added shared library /data/app/com.tencent.mm-1/lib/arm/libwechatCrashForJni.so for ClassLoader by Native Bridge.
01-06 05:37:02.296 16782 16782 W jni crash monitor: JNI_OnLoad
01-06 05:37:02.300 16782 16782 D houdini : [16782] Added shared library /data/app/com.tencent.mm-1/lib/arm/libwechatmm.so for ClassLoader by Native Bridge.
01-06 05:37:02.310  2149  2179 D BluetoothManagerService: Message: 20
01-06 05:37:02.310  2149  2179 D BluetoothManagerService: Added callback: android.bluetooth.IBluetoothManagerCallback$Stub$Proxy@30016ced:true
01-06 05:37:02.313 16520 16808 I GRALLOC-DRM: create intel for driver i915
01-06 05:37:02.314 16520 16808 I EGL-DRI2: DRI2: found extension DRI_Core version 1
01-06 05:37:02.314 16520 16808 I EGL-DRI2: DRI2: found extension DRI_DRI2 version 4
01-06 05:37:02.317 16520 16808 I EGL-DRI2: DRI2: found extension DRI_TexBuffer version 3
01-06 05:37:02.317 16520 16808 I EGL-DRI2: DRI2: found extension DRI2_Flush version 4
01-06 05:37:02.317 16520 16808 I EGL-DRI2: DRI2: found extension DRI_IMAGE version 11
01-06 05:37:02.317 16520 16808 I OpenGLRenderer: Initialized EGL, version 1.4
01-06 05:37:02.317 16520 16808 W OpenGLRenderer: Failed to choose config with EGL_SWAP_BEHAVIOR_PRESERVED, retrying without...
01-06 05:37:02.318 16520 16808 D OpenGLRenderer: Enabling debug mode 0
01-06 05:37:02.322  2149 15843 W ActivityManager: getTasks: caller 10125 does not hold REAL_GET_TASKS; limiting output
01-06 05:37:02.330  2149  8057 V WindowManager: Adding window Window{27f255b3 u0 SurfaceView} at 7 of 15 (before Window{1e6d1558 u0 com.happyelements.AndroidAnimal/com.happyelements.hellolua.MainActivity})
01-06 05:37:02.353 16520 16520 D GLSurfaceView: HideSoftInput
01-06 05:37:02.353  3754  3754 W IInputConnectionWrapper: showStatusIcon on inactive InputConnection
01-06 05:37:02.353 16520 16773 I MainActivity: onSurfaceCreated
01-06 05:37:02.353 16520 16773 I MainActivity: Cocos2dxRenderer.nativeInit
01-06 05:37:02.364 16831 16831 W linker  : [vdso]: unused DT entry: type 0x6ffffef5 arg 0x160
01-06 05:37:02.366 16520 16773 I log_service: [initProxy|INFO]:Proxy set to :0
01-06 05:37:02.366 16520 16773 I log_service: [init|INFO]:HeResFileLocator init
01-06 05:37:02.384  2149  2180 V WindowManager: Layouts looping: On entry to LockedInner, mPendingLayoutChanges = 0x1
01-06 05:37:02.384  2149  2180 V WindowManager: Layouts looping: loop number 4, mPendingLayoutChanges = 0x0
01-06 05:37:02.384  2149  2180 V WindowManager: Layouts looping: after finishPostLayoutPolicyLw, mPendingLayoutChanges = 0x0
01-06 05:37:02.384  2149  2180 V WindowManager: Layouts looping: mLayoutNeeded, mPendingLayoutChanges = 0x1
01-06 05:37:02.384  2149  2180 V WindowManager: Layouts looping: On entry to LockedInner, mPendingLayoutChanges = 0x1
01-06 05:37:02.384  2149  2180 V WindowManager: Layouts looping: loop number 5, mPendingLayoutChanges = 0x0
01-06 05:37:02.384  2149  2180 V WindowManager: Layouts looping: after finishPostLayoutPolicyLw, mPendingLayoutChanges = 0x0
01-06 05:37:02.384  2149  2180 V WindowManager: Layouts looping: mLayoutNeeded, mPendingLayoutChanges = 0x1
01-06 05:37:02.384  2149  2180 E WindowManager: Performed 6 layouts in a row. Skipping
01-06 05:37:02.399  2149  2180 I ActivityManager: Displayed com.happyelements.AndroidAnimal/com.happyelements.hellolua.MainActivity: +531ms (total +4s48ms)
01-06 05:37:02.418 16520 16773 W log_service: [get_last_start_up_time|WARNING]:Can't open start up time mark file /data/data/com.happyelements.AndroidAnimal/files/__start_time, it's ok if it's the first time launch
01-06 05:37:02.418 16520 16773 W log_service: 
01-06 05:37:02.421 16782 16782 D houdini : [16782] Added shared library /data/app/com.tencent.mm-1/lib/arm/libkkdb.so for ClassLoader by Native Bridge.
01-06 05:37:02.423 16782 16782 D houdini : [16782] Added shared library /data/app/com.tencent.mm-1/lib/arm/libMMProtocalJni.so for ClassLoader by Native Bridge.
01-06 05:37:02.423 16782 16782 D houdini : [16782] Added shared library /data/app/com.tencent.mm-1/lib/arm/libwechatvoicereco.so for ClassLoader by Native Bridge.
01-06 05:37:02.424 16782 16782 D houdini : [16782] Added shared library /data/app/com.tencent.mm-1/lib/arm/libwechatcommon.so for ClassLoader by Native Bridge.
01-06 05:37:02.426 16782 16782 D houdini : [16782] Added shared library /data/app/com.tencent.mm-1/lib/arm/libFFmpeg.so for ClassLoader by Native Bridge.
01-06 05:37:02.430 16782 16782 D houdini : [16782] Added shared library /data/app/com.tencent.mm-1/lib/arm/libwechatpack.so for ClassLoader by Native Bridge.
