01-06 05:38:33.205  2149  3128 W ActivityManager: getTasks: caller 10115 does not hold REAL_GET_TASKS; limiting output
01-06 05:38:33.910 16986 16986 W linker  : [vdso]: unused DT entry: type 0x6ffffef5 arg 0x160
01-06 05:38:34.037  2149  2180 I art     : Explicit concurrent mark sweep GC freed 7959(357KB) AllocSpace objects, 4(3MB) LOS objects, 33% free, 16MB/24MB, paused 695us total 34.025ms
01-06 05:38:34.073  2149  8057 W ActivityManager: getRunningAppProcesses: caller 10121 does not hold REAL_GET_TASKS; limiting output
01-06 05:38:34.208  2149  4763 W ActivityManager: getTasks: caller 10115 does not hold REAL_GET_TASKS; limiting output
01-06 05:38:34.750  2149  2209 W AudioTrack: AUDIO_OUTPUT_FLAG_FAST denied by client
01-06 05:38:34.751  2149  2190 I ActivityManager: START u0 {act=android.intent.action.MAIN cat=[android.intent.category.HOME] flg=0x10200000 cmp=com.android.launcher3/.Launcher} from uid 1000 on display 0
01-06 05:38:34.771 16520 16520 V MicroMsg.SDK.WXApiImplV10.ActivityLifecycleCb: com.happyelements.hellolua.MainActivity  onActivityPaused
01-06 05:38:34.771 16520 16520 D CMCCDataStatisticsProxy: onActivityPause
01-06 05:38:34.815  2149  2149 V ActivityManager: Display changed displayId=0
01-06 05:38:34.829  2149  3044 I ActivityManager: Config changes=480 {1.0 ?mcc?mnc zh_CN ldltr sw720dp w1280dp h646dp 240dpi lrg long land -touch qwerty/v/v -nav/h s.30}
01-06 05:38:34.831  2149  2191 I InputReader: Reconfiguring input devices.  changes=0x00000004
01-06 05:38:34.834 16415 16415 D GeckoApplication: onConfigurationChanged: zh_CN, background: false
01-06 05:38:34.834 16415 16415 D GeckoLocales: No selected locale. No correction needed.
01-06 05:38:34.914 16520 16520 W IInputConnectionWrapper: showStatusIcon on inactive InputConnection
01-06 05:38:34.935 16520 16520 D CMCCDataStatisticsProxy: onActivityStop
01-06 05:38:35.112  2149  2180 I WindowManager: Screen frozen for +339ms due to Window{157105d1 u0 com.android.systemui.ImageWallpaper}
01-06 05:38:35.210  2149  2377 W ActivityManager: getTasks: caller 10115 does not hold REAL_GET_TASKS; limiting output
01-06 05:38:35.400  2349  2609 W OpenGLRenderer: Incorrectly called buildLayer on View: ShortcutAndWidgetContainer, destroying layer...
01-06 05:38:35.572 16520 16520 V MicroMsg.SDK.WXApiImplV10.ActivityLifecycleCb: WXStat trigger onBackground
01-06 05:38:36.212  2149  2377 W ActivityManager: getTasks: caller 10115 does not hold REAL_GET_TASKS; limiting output
01-06 05:38:37.078  2149  2209 W AudioTrack: AUDIO_OUTPUT_FLAG_FAST denied by client
01-06 05:38:37.082  2149 15843 I ActivityManager: START u0 {act=com.android.systemui.recents.SHOW_RECENTS flg=0x10804000 cmp=com.android.systemui/.recents.RecentsActivity} from uid 10000 on display 0
01-06 05:38:37.139  2149  8057 W InputMethodManagerService: Starting input on non-focused client com.android.internal.view.IInputMethodClient$Stub$Proxy@1a889a7f (uid=10033 pid=2349)
01-06 05:38:37.215  2149  3042 W ActivityManager: getTasks: caller 10115 does not hold REAL_GET_TASKS; limiting output
01-06 05:38:38.218  2149  3128 W ActivityManager: getTasks: caller 10115 does not hold REAL_GET_TASKS; limiting output
01-06 05:38:38.822  2149  2209 W AudioTrack: AUDIO_OUTPUT_FLAG_FAST denied by client
01-06 05:38:38.883  9354  9354 I Term    : Bound to TermService
01-06 05:38:38.883  9354  9354 I TermService: Activity binding to service
01-06 05:38:38.922 16995 16995 W linker  : [vdso]: unused DT entry: type 0x6ffffef5 arg 0x160
01-06 05:38:39.221  2149  3128 W ActivityManager: getTasks: caller 10115 does not hold REAL_GET_TASKS; limiting output
01-06 05:38:40.224  2149  2170 W ActivityManager: getTasks: caller 10115 does not hold REAL_GET_TASKS; limiting output
01-06 05:38:41.178  2149  2180 I art     : Explicit concurrent mark sweep GC freed 8274(378KB) AllocSpace objects, 4(341KB) LOS objects, 33% free, 17MB/26MB, paused 270us total 10.452ms
01-06 05:38:41.227  2149  3128 W ActivityManager: getTasks: caller 10115 does not hold REAL_GET_TASKS; limiting output
01-06 05:38:42.230  2149  2295 W ActivityManager: getTasks: caller 10115 does not hold REAL_GET_TASKS; limiting output
01-06 05:38:43.232  2149  2295 W ActivityManager: getTasks: caller 10115 does not hold REAL_GET_TASKS; limiting output
01-06 05:38:43.352  2149 15843 W ActivityManager: getRunningAppProcesses: caller 10120 does not hold REAL_GET_TASKS; limiting output
01-06 05:38:43.931 16997 16997 W linker  : [vdso]: unused DT entry: type 0x6ffffef5 arg 0x160
01-06 05:38:44.234  2149  3128 W ActivityManager: getTasks: caller 10115 does not hold REAL_GET_TASKS; limiting output
01-06 05:38:45.237  2149  2377 W ActivityManager: getTasks: caller 10115 does not hold REAL_GET_TASKS; limiting output
01-06 05:38:46.240  2149  3042 W ActivityManager: getTasks: caller 10115 does not hold REAL_GET_TASKS; limiting output
01-06 05:38:47.244  2149  2169 W ActivityManager: getTasks: caller 10115 does not hold REAL_GET_TASKS; limiting output
01-06 05:38:48.246  2149  3128 W ActivityManager: getTasks: caller 10115 does not hold REAL_GET_TASKS; limiting output
01-06 05:38:48.939 16998 16998 W linker  : [vdso]: unused DT entry: type 0x6ffffef5 arg 0x160
01-06 05:38:49.249  2149  4763 W ActivityManager: getTasks: caller 10115 does not hold REAL_GET_TASKS; limiting output
01-06 05:38:50.251  2149  3042 W ActivityManager: getTasks: caller 10115 does not hold REAL_GET_TASKS; limiting output
01-06 05:38:53.950 16999 16999 W linker  : [vdso]: unused DT entry: type 0x6ffffef5 arg 0x160
01-06 05:38:54.098  2149  2377 W ActivityManager: getTasks: caller 10115 does not hold REAL_GET_TASKS; limiting output
01-06 05:38:55.099  2149  2170 W ActivityManager: getTasks: caller 10115 does not hold REAL_GET_TASKS; limiting output
01-06 05:38:56.102  2149  3044 W ActivityManager: getTasks: caller 10115 does not hold REAL_GET_TASKS; limiting output
01-06 05:38:57.103  2149  2394 W ActivityManager: getTasks: caller 10115 does not hold REAL_GET_TASKS; limiting output
01-06 05:38:58.105  2149  3128 W ActivityManager: getTasks: caller 10115 does not hold REAL_GET_TASKS; limiting output
01-06 05:38:58.960 17000 17000 W linker  : [vdso]: unused DT entry: type 0x6ffffef5 arg 0x160
01-06 05:38:59.108  2149  3128 W ActivityManager: getTasks: caller 10115 does not hold REAL_GET_TASKS; limiting output
01-06 05:39:00.111  2149 15843 W ActivityManager: getTasks: caller 10115 does not hold REAL_GET_TASKS; limiting output
01-06 05:39:00.377 17001 17001 W linker  : [vdso]: unused DT entry: type 0x6ffffef5 arg 0x160
