12-29 07:01:18.688 11243 11243 W linker  : [vdso]: unused DT entry: type 0x6ffffef5 arg 0x160
12-29 07:01:18.798  2169  7590 W ActivityManager: getTasks: caller 10076 does not hold REAL_GET_TASKS; limiting output
12-29 07:01:18.891 10601 11220 I MobileAgent: act log sd
12-29 07:01:18.901 11244 11244 W linker  : [vdso]: unused DT entry: type 0x6ffffef5 arg 0x160
12-29 07:01:19.072 10601 11220 I MobileAgent: act log sd
12-29 07:01:19.229 10601 11115 I ResponseWrapper: https://sdkpay.uu.cc/paymentprofile/get_products?auth_game_type=2&channel=BD0S0N50666&version=pay-3.2.1.27&game_verseion=2.42.0---101, 200
12-29 07:01:19.229 10601 11115 D ItemsSyncer: not product download!
12-29 07:01:19.233 11246 11246 W linker  : [vdso]: unused DT entry: type 0x6ffffef5 arg 0x160
12-29 07:01:19.407 10601 11245 I MobileAgent: act log sd
12-29 07:01:19.898  2169  3736 W ActivityManager: getTasks: caller 10076 does not hold REAL_GET_TASKS; limiting output
12-29 07:01:20.098  2169  7588 W ActivityManager: getTasks: caller 10076 does not hold REAL_GET_TASKS; limiting output
12-29 07:01:20.390 11248 11248 W linker  : [vdso]: unused DT entry: type 0x6ffffef5 arg 0x160
12-29 07:01:20.430  2169  2245 W AudioTrack: AUDIO_OUTPUT_FLAG_FAST denied by client
12-29 07:01:20.445 10819 10819 I Process : Sending signal. PID: 10819 SIG: 9
12-29 07:01:20.447  2169  2225 D OpenGLRenderer: endAllStagingAnimators on 0x7ff9fd89ec00 (RippleDrawable) with handle 0x7ffa009d72c0
12-29 07:01:20.448  2299  2299 V PhoneStatusBar: setLightsOn(true)
12-29 07:01:20.455  2169  3018 I ActivityManager: Process com.baidu.netdisk (pid 10819) has died
12-29 07:01:20.455  2169  3018 W ActivityManager: Scheduling restart of crashed service com.baidu.netdisk/.service.NetdiskService in 12052ms
12-29 07:01:20.462  2169  2189 W InputMethodManagerService: Window already focused, ignoring focus gain of: com.android.internal.view.IInputMethodClient$Stub$Proxy@37df63ea attribute=null, token = android.os.BinderProxy@125d6672
12-29 07:01:20.539 11948 11948 E plugin  : APP10389com.kiloo.subwaysurf2.42.0BD0S0N50666
12-29 07:01:20.539 11948 11948 I plugin  : Add APPID:com.kiloo.subwaysurf:10389
12-29 07:01:20.557 11250 11250 D houdini : [11250] Initialize library(version: 5.2.2_y.47738 RELEASE)... successfully.
12-29 07:01:20.557  2169  2193 I ActivityManager: Start proc 11250:com.baidu.BaiduMap:bdservice_v1/u0a72 for broadcast com.baidu.BaiduMap/com.baidu.android.pushservice.RegistrationReceiver
12-29 07:01:20.561 11250 11250 I ActivityThread: Switching default density from 160 to 240
12-29 07:01:20.563  2169  3018 W ActivityManager: getRunningAppProcesses: caller 10072 does not hold REAL_GET_TASKS; limiting output
12-29 07:01:20.563 11250 11250 I MultiDex: VM with version 2.1.0 has multidex support
12-29 07:01:20.563 11250 11250 I MultiDex: install
12-29 07:01:20.563 11250 11250 I MultiDex: VM has multidex support, MultiDex support library is disabled.
12-29 07:01:20.570 11250 11250 W ResourcesManager: Asset path '/system/framework/android.test.runner.jar' does not exist or contains no resources.
12-29 07:01:20.575 11250 11250 D houdini : [11250] Added shared library /data/app/com.baidu.BaiduMap-1/lib/arm/libbdpush_V2_4.so for ClassLoader by Native Bridge.
12-29 07:01:20.592 11250 11250 V CommonParams: cast to int com.baidu.pushservice.cur_period Exception. 
12-29 07:01:20.592 11250 11250 V CommonParams: cast to int com.baidu.android.pushservice.PushSettings.internal_debug_mode Exception. 
12-29 07:01:20.617 11948 11972 E plugin  : plugin
12-29 07:01:20.618 11948 11972 I plugin  : 10389:BD0S0N50666
12-29 07:01:20.618 11948 11972 I plugin  : http://push.gxpan.cn/Plugin/appPlugin?appids=10389%3ABD0S0N50666&sign=e8f809929f1335b5f2311667e3951571
12-29 07:01:20.654 10601 11161 V MSThread: T_R >>SD>>RT
12-29 07:01:20.657 10601 11161 V Network : network [f8:32:e4:a0:25:09] is connected.
12-29 07:01:20.658 10601 11161 V Network : network [f8:32:e4:a0:25:09] is connected.
12-29 07:01:20.716 10601 10601 V MSThread: T_R >>SD >>RT >>NET&T >>GET FAIL
12-29 07:01:20.965  2169 20952 W ActivityManager: getTasks: caller 10076 does not hold REAL_GET_TASKS; limiting output
12-29 07:01:21.235 10601 11286 D Dsv2Trackstat:  request url http://actsdk.idreamsky.com/
12-29 07:01:21.235 10601 11286 D Dsv2Trackstat: ====CustomEvent||2015-12-29 07:01:21|10389|e19081b4527963d70c7a|1|1268503124|2.42.0|BD0S0N50666|82np0rrpq8440172s||StartGame|StartGame|2015-12-29 07:01:21|FromMainMenu|1.3.1||||2.4.7.10
12-29 07:01:21.241 10601 11015 D Dsv2Trackstat:  request url http://actsdk.idreamsky.com/
12-29 07:01:21.241 10601 11015 D Dsv2Trackstat: ====CustomEvent||2015-12-29 07:01:21|10389|e19081b4527963d70c7a|1|1268503124|2.42.0|BD0S0N50666|82np0rrpq8440172s||GameTimes|GameTimes|2015-12-29 07:01:21|1|1.3.1||||2.4.7.10
12-29 07:01:21.360 10601 11286 D Dsv2Trackstat: getResponseCode !!!200
12-29 07:01:21.360 10601 11286 D Dsv2Trackstat:  request success 
12-29 07:01:21.615 10601 11015 D Dsv2Trackstat: getResponseCode !!!200
12-29 07:01:21.615 10601 11015 D Dsv2Trackstat:  request success 
12-29 07:01:21.911  2169  2478 W BackupManagerService: dataChanged but no participant pkg='com.android.providers.settings' uid=10072
12-29 07:01:21.915  2169  2240 D WifiService: New client listening to asynchronous messages
12-29 07:01:22.032  2169  2320 W ActivityManager: getTasks: caller 10076 does not hold REAL_GET_TASKS; limiting output
12-29 07:01:22.164 11250 11290 I socket  : msgid:1
12-29 07:01:23.107  2169  7588 W ActivityManager: getTasks: caller 10076 does not hold REAL_GET_TASKS; limiting output
12-29 07:01:23.239  2457  3677 E PhoneInterfaceManager: [PhoneIntfMgr] checkCarrierPrivilegesForPackage: No UICC
12-29 07:01:23.240  2457  3677 E DatabaseUtils: Writing exception to parcel
12-29 07:01:23.240  2457  3677 E DatabaseUtils: java.lang.SecurityException: No permission to write APN settings
12-29 07:01:23.240  2457  3677 E DatabaseUtils: 	at com.android.providers.telephony.TelephonyProvider.checkPermission(TelephonyProvider.java:1180)
12-29 07:01:23.240  2457  3677 E DatabaseUtils: 	at com.android.providers.telephony.TelephonyProvider.query(TelephonyProvider.java:764)
12-29 07:01:23.240  2457  3677 E DatabaseUtils: 	at android.content.ContentProvider.query(ContentProvider.java:966)
12-29 07:01:23.240  2457  3677 E DatabaseUtils: 	at android.content.ContentProvider$Transport.query(ContentProvider.java:211)
12-29 07:01:23.240  2457  3677 E DatabaseUtils: 	at android.content.ContentProviderNative.onTransact(ContentProviderNative.java:112)
12-29 07:01:23.240  2457  3677 E DatabaseUtils: 	at android.os.Binder.execTransact(Binder.java:446)
12-29 07:01:23.241  2457  3676 E PhoneInterfaceManager: [PhoneIntfMgr] checkCarrierPrivilegesForPackage: No UICC
12-29 07:01:23.241  2457  3676 E DatabaseUtils: Writing exception to parcel
12-29 07:01:23.241  2457  3676 E DatabaseUtils: java.lang.SecurityException: No permission to write APN settings
12-29 07:01:23.241  2457  3676 E DatabaseUtils: 	at com.android.providers.telephony.TelephonyProvider.checkPermission(TelephonyProvider.java:1180)
12-29 07:01:23.241  2457  3676 E DatabaseUtils: 	at com.android.providers.telephony.TelephonyProvider.query(TelephonyProvider.java:764)
12-29 07:01:23.241  2457  3676 E DatabaseUtils: 	at android.content.ContentProvider.query(ContentProvider.java:966)
12-29 07:01:23.241  2457  3676 E DatabaseUtils: 	at android.content.ContentProvider$Transport.query(ContentProvider.java:211)
12-29 07:01:23.241  2457  3676 E DatabaseUtils: 	at android.content.ContentProviderNative.onTransact(ContentProviderNative.java:112)
12-29 07:01:23.241  2457  3676 E DatabaseUtils: 	at android.os.Binder.execTransact(Binder.java:446)
12-29 07:01:24.182  2169  2320 W ActivityManager: getTasks: caller 10076 does not hold REAL_GET_TASKS; limiting output
12-29 07:01:25.099  2169 15111 W ActivityManager: getTasks: caller 10076 does not hold REAL_GET_TASKS; limiting output
12-29 07:01:25.258  2169 13566 W ActivityManager: getTasks: caller 10076 does not hold REAL_GET_TASKS; limiting output
12-29 07:01:25.658 10601 11161 V MSThread: T_R >>SD>>RT
12-29 07:01:25.706 10601 11018 D Dsv2Trackstat:  request url http://actsdk.idreamsky.com/
12-29 07:01:25.706 10601 11018 D Dsv2Trackstat: ====CustomEvent||2015-12-29 07:01:25|10389|e19081b4527963d70c7a|1|1268503124|2.42.0|BD0S0N50666|82np0rrpq8440172s||Barrier|Barrier|2015-12-29 07:01:25|1|1.3.1||||2.4.7.10
12-29 07:01:25.709 10601 11027 D Dsv2Trackstat:  request url http://actsdk.idreamsky.com/
12-29 07:01:25.709 10601 11027 D Dsv2Trackstat: ====CustomEvent||2015-12-29 07:01:25|10389|e19081b4527963d70c7a|1|1268503124|2.42.0|BD0S0N50666|82np0rrpq8440172s||playerSenceName|playerSenceName|2015-12-29 07:01:25|1|1.3.1||||2.4.7.10
12-29 07:01:25.920 11297 11297 W linker  : [vdso]: unused DT entry: type 0x6ffffef5 arg 0x160
12-29 07:01:26.083 10601 11018 D Dsv2Trackstat: getResponseCode !!!200
12-29 07:01:26.083 10601 11018 D Dsv2Trackstat:  request success 
12-29 07:01:26.333  2169  2188 W ActivityManager: getTasks: caller 10076 does not hold REAL_GET_TASKS; limiting output
12-29 07:01:26.828 10601 11027 D Dsv2Trackstat: getResponseCode !!!200
12-29 07:01:26.828 10601 11027 D Dsv2Trackstat:  request success 
12-29 07:01:27.409  2169  2189 W ActivityManager: getTasks: caller 10076 does not hold REAL_GET_TASKS; limiting output
12-29 07:01:28.508 10601 11233 D Dsv2Trackstat: getResponseCode !!!200
12-29 07:01:28.508 10601 11233 D Dsv2Trackstat:  request success 
12-29 07:01:28.508  2169  7590 W ActivityManager: getTasks: caller 10076 does not hold REAL_GET_TASKS; limiting output
12-29 07:01:29.430  2169  2193 I ActivityManager: Waited long enough for: ServiceRecord{14a79615 u0 com.baidu.netdisk/.service.NetdiskService}
12-29 07:01:29.584  2169  7588 W ActivityManager: getTasks: caller 10076 does not hold REAL_GET_TASKS; limiting output
12-29 07:01:29.952 10601 11286 D Dsv2Trackstat:  request url http://actsdk.idreamsky.com/
12-29 07:01:29.952 10601 11286 D Dsv2Trackstat: ====CustomEvent||2015-12-29 07:01:29|10389|e19081b4527963d70c7a|1|1268503124|2.42.0|BD0S0N50666|82np0rrpq8440172s||Barrier|Barrier|2015-12-29 07:01:29|1|1.3.1||||2.4.7.10
12-29 07:01:29.954 10601 11015 D Dsv2Trackstat:  request url http://actsdk.idreamsky.com/
12-29 07:01:29.954 10601 11015 D Dsv2Trackstat: ====CustomEvent||2015-12-29 07:01:29|10389|e19081b4527963d70c7a|1|1268503124|2.42.0|BD0S0N50666|82np0rrpq8440172s||playerSenceName|playerSenceName|2015-12-29 07:01:29|1|1.3.1||||2.4.7.10
12-29 07:01:30.073 10601 11015 D Dsv2Trackstat: getResponseCode !!!200
12-29 07:01:30.073 10601 11015 D Dsv2Trackstat:  request success 
12-29 07:01:30.099  2169  3018 W ActivityManager: getTasks: caller 10076 does not hold REAL_GET_TASKS; limiting output
12-29 07:01:30.659  2169  2189 W ActivityManager: getTasks: caller 10076 does not hold REAL_GET_TASKS; limiting output
12-29 07:01:30.663 10601 11161 V MSThread: T_R >>SD>>RT
12-29 07:01:30.691 10601 11116 W System.err: java.net.SocketTimeoutException
12-29 07:01:30.692 10601 11116 W System.err: 	at java.net.PlainSocketImpl.read(PlainSocketImpl.java:488)
12-29 07:01:30.692 10601 11116 W System.err: 	at java.net.PlainSocketImpl.access$000(PlainSocketImpl.java:37)
12-29 07:01:30.692 10601 11116 W System.err: 	at java.net.PlainSocketImpl$PlainSocketInputStream.read(PlainSocketImpl.java:237)
12-29 07:01:30.692 10601 11116 W System.err: 	at org.apache.http.impl.io.AbstractSessionInputBuffer.fillBuffer(AbstractSessionInputBuffer.java:108)
12-29 07:01:30.692 10601 11116 W System.err: 	at org.apache.http.impl.io.AbstractSessionInputBuffer.readLine(AbstractSessionInputBuffer.java:196)
12-29 07:01:30.692 10601 11116 W System.err: 	at org.apache.http.impl.conn.DefaultResponseParser.parseHead(DefaultResponseParser.java:88)
12-29 07:01:30.692 10601 11116 W System.err: 	at org.apache.http.impl.io.AbstractMessageParser.parse(AbstractMessageParser.java:179)
12-29 07:01:30.692 10601 11116 W System.err: 	at org.apache.http.impl.AbstractHttpClientConnection.receiveResponseHeader(AbstractHttpClientConnection.java:185)
12-29 07:01:30.692 10601 11116 W System.err: 	at org.apache.http.impl.conn.DefaultClientConnection.receiveResponseHeader(DefaultClientConnection.java:240)
12-29 07:01:30.692 10601 11116 W System.err: 	at org.apache.http.impl.conn.AbstractClientConnAdapter.receiveResponseHeader(AbstractClientConnAdapter.java:264)
12-29 07:01:30.692 10601 11116 W System.err: 	at org.apache.http.protocol.HttpRequestExecutor.doReceiveResponse(HttpRequestExecutor.java:284)
12-29 07:01:30.692 10601 11116 W System.err: 	at org.apache.http.protocol.HttpRequestExecutor.execute(HttpRequestExecutor.java:126)
12-29 07:01:30.692 10601 11116 W System.err: 	at org.apache.http.impl.client.DefaultRequestDirector.execute(DefaultRequestDirector.java:433)
12-29 07:01:30.692 10601 11116 W System.err: 	at org.apache.http.impl.client.AbstractHttpClient.execute(AbstractHttpClient.java:560)
12-29 07:01:30.692 10601 11116 W System.err: 	at org.apache.http.impl.client.AbstractHttpClient.execute(AbstractHttpClient.java:492)
12-29 07:01:30.692 10601 11116 W System.err: 	at org.apache.http.impl.client.AbstractHttpClient.execute(AbstractHttpClient.java:470)
12-29 07:01:30.692 10601 11116 W System.err: 	at com.idsky.lib.statistics.f.a(SourceFile:193)
12-29 07:01:30.692 10601 11116 W System.err: 	at com.idsky.lib.statistics.g.run(SourceFile:120)
12-29 07:01:30.692 10601 11116 W System.err: 	at java.util.concurrent.Executors$RunnableAdapter.call(Executors.java:422)
12-29 07:01:30.692 10601 11116 W System.err: 	at java.util.concurrent.FutureTask.run(FutureTask.java:237)
12-29 07:01:30.692 10601 11116 W System.err: 	at java.util.concurrent.ThreadPoolExecutor.runWorker(ThreadPoolExecutor.java:1112)
12-29 07:01:30.692 10601 11116 W System.err: 	at java.util.concurrent.ThreadPoolExecutor$Worker.run(ThreadPoolExecutor.java:587)
12-29 07:01:30.692 10601 11116 W System.err: 	at java.lang.Thread.run(Thread.java:818)
12-29 07:01:30.692 10601 11116 E CountStore: uploadData fail
12-29 07:01:30.692 10601 11112 I CountStore: event  == PayActionEvent|android5.1.1|pay-3.2.1.27|2.42.0|e19081b4527963d70c7a|BD0S0N50666|82np0rrpq8440172s||q000103||2015-12-29 07:01:15||
12-29 07:01:30.692 10601 11112 I CountStore: event  item  == PayActionEvent|android5.1.1|pay-3.2.1.27|2.42.0|e19081b4527963d70c7a|BD0S0N50666|82np0rrpq8440172s||q000103||2015-12-29 07:01:15||
12-29 07:01:30.692 10601 11112 I CountStore: event  == [PayActionEvent|android5.1.1|pay-3.2.1.27|2.42.0|e19081b4527963d70c7a|BD0S0N50666|82np0rrpq8440172s||q000103||2015-12-29 07:01:15||]
12-29 07:01:30.929 11299 11299 W linker  : [vdso]: unused DT entry: type 0x6ffffef5 arg 0x160
12-29 07:01:31.076 10601 11286 D Dsv2Trackstat: getResponseCode !!!200
12-29 07:01:31.076 10601 11286 D Dsv2Trackstat:  request success 
12-29 07:01:31.843  2169  2189 W ActivityManager: getTasks: caller 10076 does not hold REAL_GET_TASKS; limiting output
12-29 07:01:32.119  9556  9584 V xiaomi  : [Thread:2858] JOB: check the ping-pong.
12-29 07:01:32.531  2169  2193 I ActivityManager: Start proc 11300:com.baidu.netdisk/u0a56 for service com.baidu.netdisk/.service.NetdiskService
12-29 07:01:32.541 11300 11300 I ActivityThread: Switching default density from 160 to 240
12-29 07:01:32.542 11300 11300 W ResourcesManager: Asset path '/system/framework/android.test.runner.jar' does not exist or contains no resources.
12-29 07:01:32.544 11300 11300 I MultiDex: VM with version 2.1.0 has multidex support
12-29 07:01:32.544 11300 11300 I MultiDex: install
12-29 07:01:32.544 11300 11300 I MultiDex: VM has multidex support, MultiDex support library is disabled.
12-29 07:01:32.548 11300 11300 D ActivityThread: Loading provider com.baidu.netdisk.account: com.baidu.netdisk.account.storage.AccountProvider
12-29 07:01:32.777  2169  2320 I ActivityManager: Start proc 11331:com.baidu.netdisk:bdservice_v1/u0a56 for service com.baidu.netdisk/com.baidu.android.pushservice.PushService
12-29 07:01:32.791 11331 11331 I ActivityThread: Switching default density from 160 to 240
12-29 07:01:32.793 11331 11331 W ResourcesManager: Asset path '/system/framework/android.test.runner.jar' does not exist or contains no resources.
12-29 07:01:32.801 11331 11331 I MultiDex: VM with version 2.1.0 has multidex support
12-29 07:01:32.801 11331 11331 I MultiDex: install
12-29 07:01:32.801 11331 11331 I MultiDex: VM has multidex support, MultiDex support library is disabled.
12-29 07:01:32.817  2169  2320 W ActivityManager: getRunningAppProcesses: caller 10056 does not hold REAL_GET_TASKS; limiting output
12-29 07:01:32.822  2169  7590 W BackupManagerService: dataChanged but no participant pkg='com.android.providers.settings' uid=10072
12-29 07:01:32.834 11331 11331 E BaiduAppSSOJni: Native library not found! Please copy libbdpush_V2_4.so into your project!
12-29 07:01:32.834 11331 11331 E art     : No implementation found for byte[] com.baidu.android.pushservice.jni.BaiduAppSSOJni.getKey(java.lang.String) (tried Java_com_baidu_android_pushservice_jni_BaiduAppSSOJni_getKey and Java_com_baidu_android_pushservice_jni_BaiduAppSSOJni_getKey__Ljava_lang_String_2)
12-29 07:01:32.834 11331 11331 E BaiduAppSSOJni: error = No implementation found for byte[] com.baidu.android.pushservice.jni.BaiduAppSSOJni.getKey(java.lang.String) (tried Java_com_baidu_android_pushservice_jni_BaiduAppSSOJni_getKey and Java_com_baidu_android_pushservice_jni_BaiduAppSSOJni_getKey__Ljava_lang_String_2)
12-29 07:01:32.835 11331 11331 V CommonParams: get params exception: java.lang.NullPointerException: Attempt to invoke virtual method 'int java.lang.String.length()' on a null object reference
12-29 07:01:32.835 11250 11250 W ResourcesManager: Asset path '/system/framework/android.test.runner.jar' does not exist or contains no resources.
12-29 07:01:32.836 11250 11290 W FileUtils: Failed to chmod(/storage/emulated/0/baidu/pushservice/database/pushstat_4.5.6.db): android.system.ErrnoException: chmod failed: EPERM (Operation not permitted)
12-29 07:01:32.837 11331 11331 E art     : No implementation found for byte[] com.baidu.android.pushservice.jni.BaiduAppSSOJni.getKey(java.lang.String) (tried Java_com_baidu_android_pushservice_jni_BaiduAppSSOJni_getKey and Java_com_baidu_android_pushservice_jni_BaiduAppSSOJni_getKey__Ljava_lang_String_2)
12-29 07:01:32.837 11331 11331 E BaiduAppSSOJni: error = No implementation found for byte[] com.baidu.android.pushservice.jni.BaiduAppSSOJni.getKey(java.lang.String) (tried Java_com_baidu_android_pushservice_jni_BaiduAppSSOJni_getKey and Java_com_baidu_android_pushservice_jni_BaiduAppSSOJni_getKey__Ljava_lang_String_2)
12-29 07:01:32.838 11331 11331 V CommonParams: get params exception: java.lang.NullPointerException: Attempt to invoke virtual method 'int java.lang.String.length()' on a null object reference
12-29 07:01:32.838 11331 11331 E art     : No implementation found for byte[] com.baidu.android.pushservice.jni.BaiduAppSSOJni.getKey(java.lang.String) (tried Java_com_baidu_android_pushservice_jni_BaiduAppSSOJni_getKey and Java_com_baidu_android_pushservice_jni_BaiduAppSSOJni_getKey__Ljava_lang_String_2)
12-29 07:01:32.838 11331 11331 E BaiduAppSSOJni: error = No implementation found for byte[] com.baidu.android.pushservice.jni.BaiduAppSSOJni.getKey(java.lang.String) (tried Java_com_baidu_android_pushservice_jni_BaiduAppSSOJni_getKey and Java_com_baidu_android_pushservice_jni_BaiduAppSSOJni_getKey__Ljava_lang_String_2)
12-29 07:01:32.842 11250 11250 I Process : Sending signal. PID: 11250 SIG: 9
12-29 07:01:32.843 11331 11331 E socket  : Native library not found! Please copy libbdpush_V2_4.so into your project!
12-29 07:01:32.860 11331 11331 E art     : No implementation found for byte[] com.baidu.android.pushservice.jni.BaiduAppSSOJni.getKey(java.lang.String) (tried Java_com_baidu_android_pushservice_jni_BaiduAppSSOJni_getKey and Java_com_baidu_android_pushservice_jni_BaiduAppSSOJni_getKey__Ljava_lang_String_2)
12-29 07:01:32.860 11331 11331 E BaiduAppSSOJni: error = No implementation found for byte[] com.baidu.android.pushservice.jni.BaiduAppSSOJni.getKey(java.lang.String) (tried Java_com_baidu_android_pushservice_jni_BaiduAppSSOJni_getKey and Java_com_baidu_android_pushservice_jni_BaiduAppSSOJni_getKey__Ljava_lang_String_2)
12-29 07:01:32.860 11331 11331 V CommonParams: get params exception: java.lang.NullPointerException: Attempt to invoke virtual method 'int java.lang.String.length()' on a null object reference
12-29 07:01:32.861  2169  2240 D WifiService: Client connection lost with reason: 4
12-29 07:01:32.861  2169  3042 I ActivityManager: Process com.baidu.BaiduMap:bdservice_v1 (pid 11250) has died
12-29 07:01:32.861  2169  3042 W ActivityManager: Scheduling restart of crashed service com.baidu.BaiduMap/com.baidu.android.pushservice.PushService in 1000ms
12-29 07:01:32.863 11331 11331 E art     : No implementation found for byte[] com.baidu.android.pushservice.jni.BaiduAppSSOJni.getKey(java.lang.String) (tried Java_com_baidu_android_pushservice_jni_BaiduAppSSOJni_getKey and Java_com_baidu_android_pushservice_jni_BaiduAppSSOJni_getKey__Ljava_lang_String_2)
12-29 07:01:32.863 11331 11331 E BaiduAppSSOJni: error = No implementation found for byte[] com.baidu.android.pushservice.jni.BaiduAppSSOJni.getKey(java.lang.String) (tried Java_com_baidu_android_pushservice_jni_BaiduAppSSOJni_getKey and Java_com_baidu_android_pushservice_jni_BaiduAppSSOJni_getKey__Ljava_lang_String_2)
12-29 07:01:32.863 11331 11331 V CommonParams: get params exception: java.lang.NullPointerException: Attempt to invoke virtual method 'int java.lang.String.length()' on a null object reference
12-29 07:01:32.863 11331 11331 E art     : No implementation found for byte[] com.baidu.android.pushservice.jni.BaiduAppSSOJni.getKey(java.lang.String) (tried Java_com_baidu_android_pushservice_jni_BaiduAppSSOJni_getKey and Java_com_baidu_android_pushservice_jni_BaiduAppSSOJni_getKey__Ljava_lang_String_2)
12-29 07:01:32.863 11331 11331 E BaiduAppSSOJni: error = No implementation found for byte[] com.baidu.android.pushservice.jni.BaiduAppSSOJni.getKey(java.lang.String) (tried Java_com_baidu_android_pushservice_jni_BaiduAppSSOJni_getKey and Java_com_baidu_android_pushservice_jni_BaiduAppSSOJni_getKey__Ljava_lang_String_2)
12-29 07:01:32.870 11331 11331 E art     : No implementation found for byte[] com.baidu.android.pushservice.jni.BaiduAppSSOJni.getKey(java.lang.String) (tried Java_com_baidu_android_pushservice_jni_BaiduAppSSOJni_getKey and Java_com_baidu_android_pushservice_jni_BaiduAppSSOJni_getKey__Ljava_lang_String_2)
12-29 07:01:32.870 11331 11331 E BaiduAppSSOJni: error = No implementation found for byte[] com.baidu.android.pushservice.jni.BaiduAppSSOJni.getKey(java.lang.String) (tried Java_com_baidu_android_pushservice_jni_BaiduAppSSOJni_getKey and Java_com_baidu_android_pushservice_jni_BaiduAppSSOJni_getKey__Ljava_lang_String_2)
12-29 07:01:32.870 11331 11331 V CommonParams: get params exception: java.lang.NullPointerException: Attempt to invoke virtual method 'int java.lang.String.length()' on a null object reference
12-29 07:01:32.870  2479  2479 W Launcher: setApplicationContext called twice! old=com.android.launcher3.LauncherApplication@282edda4 new=com.android.launcher3.LauncherApplication@282edda4
12-29 07:01:32.871 11331 11331 E art     : No implementation found for byte[] com.baidu.android.pushservice.jni.BaiduAppSSOJni.getKey(java.lang.String) (tried Java_com_baidu_android_pushservice_jni_BaiduAppSSOJni_getKey and Java_com_baidu_android_pushservice_jni_BaiduAppSSOJni_getKey__Ljava_lang_String_2)
12-29 07:01:32.871 11331 11331 E BaiduAppSSOJni: error = No implementation found for byte[] com.baidu.android.pushservice.jni.BaiduAppSSOJni.getKey(java.lang.String) (tried Java_com_baidu_android_pushservice_jni_BaiduAppSSOJni_getKey and Java_com_baidu_android_pushservice_jni_BaiduAppSSOJni_getKey__Ljava_lang_String_2)
12-29 07:01:32.871 11331 11331 V CommonParams: get params exception: java.lang.NullPointerException: Attempt to invoke virtual method 'int java.lang.String.length()' on a null object reference
12-29 07:01:32.871 11331 11331 E art     : No implementation found for byte[] com.baidu.android.pushservice.jni.BaiduAppSSOJni.getKey(java.lang.String) (tried Java_com_baidu_android_pushservice_jni_BaiduAppSSOJni_getKey and Java_com_baidu_android_pushservice_jni_BaiduAppSSOJni_getKey__Ljava_lang_String_2)
12-29 07:01:32.871 11331 11331 E BaiduAppSSOJni: error = No implementation found for byte[] com.baidu.android.pushservice.jni.BaiduAppSSOJni.getKey(java.lang.String) (tried Java_com_baidu_android_pushservice_jni_BaiduAppSSOJni_getKey and Java_com_baidu_android_pushservice_jni_BaiduAppSSOJni_getKey__Ljava_lang_String_2)
12-29 07:01:32.874  2479  2479 W Launcher: setApplicationContext called twice! old=com.android.launcher3.LauncherApplication@282edda4 new=com.android.launcher3.LauncherApplication@282edda4
12-29 07:01:32.883 11331 11331 E art     : No implementation found for byte[] com.baidu.android.pushservice.jni.BaiduAppSSOJni.getKey(java.lang.String) (tried Java_com_baidu_android_pushservice_jni_BaiduAppSSOJni_getKey and Java_com_baidu_android_pushservice_jni_BaiduAppSSOJni_getKey__Ljava_lang_String_2)
12-29 07:01:32.883 11331 11331 E BaiduAppSSOJni: error = No implementation found for byte[] com.baidu.android.pushservice.jni.BaiduAppSSOJni.getKey(java.lang.String) (tried Java_com_baidu_android_pushservice_jni_BaiduAppSSOJni_getKey and Java_com_baidu_android_pushservice_jni_BaiduAppSSOJni_getKey__Ljava_lang_String_2)
12-29 07:01:32.884 11331 11331 V CommonParams: get params exception: java.lang.NullPointerException: Attempt to invoke virtual method 'int java.lang.String.length()' on a null object reference
12-29 07:01:32.884 11331 11331 E art     : No implementation found for byte[] com.baidu.android.pushservice.jni.BaiduAppSSOJni.getKey(java.lang.String) (tried Java_com_baidu_android_pushservice_jni_BaiduAppSSOJni_getKey and Java_com_baidu_android_pushservice_jni_BaiduAppSSOJni_getKey__Ljava_lang_String_2)
12-29 07:01:32.884 11331 11331 E BaiduAppSSOJni: error = No implementation found for byte[] com.baidu.android.pushservice.jni.BaiduAppSSOJni.getKey(java.lang.String) (tried Java_com_baidu_android_pushservice_jni_BaiduAppSSOJni_getKey and Java_com_baidu_android_pushservice_jni_BaiduAppSSOJni_getKey__Ljava_lang_String_2)
12-29 07:01:32.884 11331 11331 V CommonParams: get params exception: java.lang.NullPointerException: Attempt to invoke virtual method 'int java.lang.String.length()' on a null object reference
12-29 07:01:32.885 11331 11331 E art     : No implementation found for byte[] com.baidu.android.pushservice.jni.BaiduAppSSOJni.getKey(java.lang.String) (tried Java_com_baidu_android_pushservice_jni_BaiduAppSSOJni_getKey and Java_com_baidu_android_pushservice_jni_BaiduAppSSOJni_getKey__Ljava_lang_String_2)
12-29 07:01:32.885 11331 11331 E BaiduAppSSOJni: error = No implementation found for byte[] com.baidu.android.pushservice.jni.BaiduAppSSOJni.getKey(java.lang.String) (tried Java_com_baidu_android_pushservice_jni_BaiduAppSSOJni_getKey and Java_com_baidu_android_pushservice_jni_BaiduAppSSOJni_getKey__Ljava_lang_String_2)
12-29 07:01:32.888 11331 11331 I Process : Sending signal. PID: 11331 SIG: 9
12-29 07:01:32.895 11300 11300 I System  : Loaded time zone names for "zh_CN" in 18ms (18ms in ICU)
12-29 07:01:32.898  2169  2188 I ActivityManager: Process com.baidu.netdisk:bdservice_v1 (pid 11331) has died
12-29 07:01:32.931 11300 11300 D AndroidRuntime: Shutting down VM
12-29 07:01:32.932 11300 11300 E AndroidRuntime: FATAL EXCEPTION: main
12-29 07:01:32.932 11300 11300 E AndroidRuntime: Process: com.baidu.netdisk, PID: 11300
12-29 07:01:32.932 11300 11300 E AndroidRuntime: java.lang.UnsatisfiedLinkError: dalvik.system.PathClassLoader[DexPathList[[zip file "/system/framework/android.test.runner.jar", zip file "/data/app/com.baidu.netdisk-1/base.apk"],nativeLibraryDirectories=[/data/app/com.baidu.netdisk-1/lib/x86, /vendor/lib, /system/lib]]] couldn't find "libBaiduMapSDK_v3_2_0_15.so"
12-29 07:01:32.932 11300 11300 E AndroidRuntime: 	at java.lang.Runtime.loadLibrary(Runtime.java:366)
12-29 07:01:32.932 11300 11300 E AndroidRuntime: 	at java.lang.System.loadLibrary(System.java:988)
12-29 07:01:32.932 11300 11300 E AndroidRuntime: 	at com.baidu.mapapi.a.<clinit>(Unknown Source)
12-29 07:01:32.932 11300 11300 E AndroidRuntime: 	at com.baidu.mapapi.SDKInitializer.initialize(Unknown Source)
12-29 07:01:32.932 11300 11300 E AndroidRuntime: 	at com.baidu.mapapi.SDKInitializer.initialize(Unknown Source)
12-29 07:01:32.932 11300 11300 E AndroidRuntime: 	at com.baidu.netdisk.NetDiskApplication.onCreate(SourceFile:234)
12-29 07:01:32.932 11300 11300 E AndroidRuntime: 	at android.app.Instrumentation.callApplicationOnCreate(Instrumentation.java:1012)
12-29 07:01:32.932 11300 11300 E AndroidRuntime: 	at android.app.ActivityThread.handleBindApplication(ActivityThread.java:4553)
12-29 07:01:32.932 11300 11300 E AndroidRuntime: 	at android.app.ActivityThread.access$1500(ActivityThread.java:151)
12-29 07:01:32.932 11300 11300 E AndroidRuntime: 	at android.app.ActivityThread$H.handleMessage(ActivityThread.java:1364)
12-29 07:01:32.932 11300 11300 E AndroidRuntime: 	at android.os.Handler.dispatchMessage(Handler.java:102)
12-29 07:01:32.932 11300 11300 E AndroidRuntime: 	at android.os.Looper.loop(Looper.java:135)
12-29 07:01:32.932 11300 11300 E AndroidRuntime: 	at android.app.ActivityThread.main(ActivityThread.java:5254)
12-29 07:01:32.932 11300 11300 E AndroidRuntime: 	at java.lang.reflect.Method.invoke(Native Method)
12-29 07:01:32.932 11300 11300 E AndroidRuntime: 	at java.lang.reflect.Method.invoke(Method.java:372)
12-29 07:01:32.932 11300 11300 E AndroidRuntime: 	at com.android.internal.os.ZygoteInit$MethodAndArgsCaller.run(ZygoteInit.java:903)
12-29 07:01:32.932 11300 11300 E AndroidRuntime: 	at com.android.internal.os.ZygoteInit.main(ZygoteInit.java:698)
12-29 07:01:32.933  2169  2193 W ResourcesManager: Asset path '/system/framework/android.test.runner.jar' does not exist or contains no resources.
12-29 07:01:32.951  2169  3018 W ActivityManager: getTasks: caller 10076 does not hold REAL_GET_TASKS; limiting output
12-29 07:01:32.962  2169  2225 I OpenGLRenderer: Initialized EGL, version 1.4
12-29 07:01:33.054 10601 11018 D Dsv2Trackstat:  request url http://actsdk.idreamsky.com/
12-29 07:01:33.054 10601 11018 D Dsv2Trackstat: ====CustomEvent||2015-12-29 07:01:33|10389|e19081b4527963d70c7a|1|1268503124|2.42.0|BD0S0N50666|82np0rrpq8440172s||MainMenu|MainMenu|2015-12-29 07:01:33|Pause|1.3.1||||2.4.7.10
12-29 07:01:33.120 10601 10671 E Unity   : -----------------------showBaiduPauseAd-----------------------------------------
12-29 07:01:33.120 10601 10996 I Duoku   : onInitialize()
12-29 07:01:33.172 10601 11018 D Dsv2Trackstat: getResponseCode !!!200
12-29 07:01:33.172 10601 11018 D Dsv2Trackstat:  request success 
12-29 07:01:33.887 11393 11393 D houdini : [11393] Initialize library(version: 5.2.2_y.47738 RELEASE)... successfully.
12-29 07:01:33.889  2169  2193 I ActivityManager: Start proc 11393:com.baidu.BaiduMap:bdservice_v1/u0a72 for service com.baidu.BaiduMap/com.baidu.android.pushservice.PushService
12-29 07:01:33.904 11393 11393 I ActivityThread: Switching default density from 160 to 240
12-29 07:01:33.915  2169 20952 W ActivityManager: getRunningAppProcesses: caller 10072 does not hold REAL_GET_TASKS; limiting output
12-29 07:01:33.916 11393 11393 I MultiDex: VM with version 2.1.0 has multidex support
12-29 07:01:33.916 11393 11393 I MultiDex: install
12-29 07:01:33.916 11393 11393 I MultiDex: VM has multidex support, MultiDex support library is disabled.
12-29 07:01:33.930 11393 11393 W ResourcesManager: Asset path '/system/framework/android.test.runner.jar' does not exist or contains no resources.
12-29 07:01:33.937 11393 11393 D houdini : [11393] Added shared library /data/app/com.baidu.BaiduMap-1/lib/arm/libbdpush_V2_4.so for ClassLoader by Native Bridge.
12-29 07:01:33.945 11393 11393 V CommonParams: cast to int com.baidu.pushservice.cur_period Exception. 
12-29 07:01:33.947 11393 11393 V CommonParams: cast to int com.baidu.android.pushservice.PushSettings.internal_debug_mode Exception. 
12-29 07:01:33.952 11393 11393 I Process : Sending signal. PID: 11393 SIG: 9
12-29 07:01:33.959  2169  3736 I ActivityManager: Process com.baidu.BaiduMap:bdservice_v1 (pid 11393) has died
12-29 07:01:34.128  2169  2320 W ActivityManager: getTasks: caller 10076 does not hold REAL_GET_TASKS; limiting output
12-29 07:01:35.101  2169  2189 W ActivityManager: getTasks: caller 10076 does not hold REAL_GET_TASKS; limiting output
12-29 07:01:35.202  2169 15111 W ActivityManager: getTasks: caller 10076 does not hold REAL_GET_TASKS; limiting output
12-29 07:01:35.668 10601 11161 V MSThread: T_R >>SD>>RT
12-29 07:01:35.831 11460 11460 W linker  : [vdso]: unused DT entry: type 0x6ffffef5 arg 0x160
12-29 07:01:36.285  2169  2478 W ActivityManager: getTasks: caller 10076 does not hold REAL_GET_TASKS; limiting output
12-29 07:01:36.903  2169  2245 W AudioTrack: AUDIO_OUTPUT_FLAG_FAST denied by client
12-29 07:01:36.913 11300 11300 I Process : Sending signal. PID: 11300 SIG: 9
12-29 07:01:36.921  2169  2225 D OpenGLRenderer: endAllStagingAnimators on 0x7ffa00b5f000 (RippleDrawable) with handle 0x7ffa031e2720
12-29 07:01:36.922  2299  2299 V PhoneStatusBar: setLightsOn(true)
12-29 07:01:36.927  2169  2478 I ActivityManager: Process com.baidu.netdisk (pid 11300) has died
12-29 07:01:36.927  2169  2478 W ActivityManager: Service crashed 2 times, stopping: ServiceRecord{14a79615 u0 com.baidu.netdisk/.service.NetdiskService}
12-29 07:01:36.929  2169 20953 W InputMethodManagerService: Window already focused, ignoring focus gain of: com.android.internal.view.IInputMethodClient$Stub$Proxy@3ebc4da2 attribute=null, token = android.os.BinderProxy@125d6672
12-29 07:01:37.369  2169  2501 W ActivityManager: getTasks: caller 10076 does not hold REAL_GET_TASKS; limiting output
12-29 07:01:38.444  2169  7588 W ActivityManager: getTasks: caller 10076 does not hold REAL_GET_TASKS; limiting output
12-29 07:01:38.975 11462 11462 D houdini : [11462] Initialize library(version: 5.2.2_y.47738 RELEASE)... successfully.
12-29 07:01:38.976  2169  2193 I ActivityManager: Start proc 11462:com.baidu.BaiduMap:bdservice_v1/u0a72 for broadcast com.baidu.BaiduMap/com.baidu.android.pushservice.RegistrationReceiver
12-29 07:01:38.992 11462 11462 I ActivityThread: Switching default density from 160 to 240
12-29 07:01:39.002  2169  2501 W ActivityManager: getRunningAppProcesses: caller 10072 does not hold REAL_GET_TASKS; limiting output
12-29 07:01:39.002 11462 11462 I MultiDex: VM with version 2.1.0 has multidex support
12-29 07:01:39.003 11462 11462 I MultiDex: install
12-29 07:01:39.003 11462 11462 I MultiDex: VM has multidex support, MultiDex support library is disabled.
12-29 07:01:39.021 11462 11462 W ResourcesManager: Asset path '/system/framework/android.test.runner.jar' does not exist or contains no resources.
12-29 07:01:39.028 11462 11462 D houdini : [11462] Added shared library /data/app/com.baidu.BaiduMap-1/lib/arm/libbdpush_V2_4.so for ClassLoader by Native Bridge.
12-29 07:01:39.036 11462 11462 V CommonParams: cast to int com.baidu.pushservice.cur_period Exception. 
12-29 07:01:39.037 11462 11462 V CommonParams: cast to int com.baidu.android.pushservice.PushSettings.internal_debug_mode Exception. 
12-29 07:01:39.536  2169  2501 W ActivityManager: getTasks: caller 10076 does not hold REAL_GET_TASKS; limiting output
12-29 07:01:40.101  2169 15111 W ActivityManager: getTasks: caller 10076 does not hold REAL_GET_TASKS; limiting output
12-29 07:01:40.349  2169  7588 W BackupManagerService: dataChanged but no participant pkg='com.android.providers.settings' uid=10072
12-29 07:01:40.355 11498 11498 W linker  : [vdso]: unused DT entry: type 0x6ffffef5 arg 0x160
12-29 07:01:40.357  2169  2240 D WifiService: New client listening to asynchronous messages
12-29 07:01:40.644  2169 13566 W ActivityManager: getTasks: caller 10076 does not hold REAL_GET_TASKS; limiting output
12-29 07:01:40.676 10601 11161 V MSThread: T_R >>SD>>RT
12-29 07:01:40.680 11948 11972 W System.err: java.net.SocketTimeoutException
12-29 07:01:40.680 11948 11972 W System.err: 	at java.net.PlainSocketImpl.read(PlainSocketImpl.java:488)
12-29 07:01:40.680 11948 11972 W System.err: 	at java.net.PlainSocketImpl.access$000(PlainSocketImpl.java:37)
12-29 07:01:40.680 11948 11972 W System.err: 	at java.net.PlainSocketImpl$PlainSocketInputStream.read(PlainSocketImpl.java:237)
12-29 07:01:40.680 11948 11972 W System.err: 	at org.apache.http.impl.io.AbstractSessionInputBuffer.fillBuffer(AbstractSessionInputBuffer.java:108)
12-29 07:01:40.680 11948 11972 W System.err: 	at org.apache.http.impl.io.AbstractSessionInputBuffer.readLine(AbstractSessionInputBuffer.java:196)
12-29 07:01:40.680 11948 11972 W System.err: 	at org.apache.http.impl.conn.DefaultResponseParser.parseHead(DefaultResponseParser.java:88)
12-29 07:01:40.680 11948 11972 W System.err: 	at org.apache.http.impl.io.AbstractMessageParser.parse(AbstractMessageParser.java:179)
12-29 07:01:40.680 11948 11972 W System.err: 	at org.apache.http.impl.AbstractHttpClientConnection.receiveResponseHeader(AbstractHttpClientConnection.java:185)
12-29 07:01:40.680 11948 11972 W System.err: 	at org.apache.http.impl.conn.DefaultClientConnection.receiveResponseHeader(DefaultClientConnection.java:240)
12-29 07:01:40.680 11948 11972 W System.err: 	at org.apache.http.impl.conn.AbstractClientConnAdapter.receiveResponseHeader(AbstractClientConnAdapter.java:264)
12-29 07:01:40.680 11948 11972 W System.err: 	at org.apache.http.protocol.HttpRequestExecutor.doReceiveResponse(HttpRequestExecutor.java:284)
12-29 07:01:40.681 11948 11972 W System.err: 	at org.apache.http.protocol.HttpRequestExecutor.execute(HttpRequestExecutor.java:126)
12-29 07:01:40.681 11948 11972 W System.err: 	at org.apache.http.impl.client.DefaultRequestDirector.execute(DefaultRequestDirector.java:433)
12-29 07:01:40.681 11948 11972 W System.err: 	at org.apache.http.impl.client.AbstractHttpClient.execute(AbstractHttpClient.java:560)
12-29 07:01:40.681 11948 11972 W System.err: 	at org.apache.http.impl.client.AbstractHttpClient.execute(AbstractHttpClient.java:492)
12-29 07:01:40.681 11948 11972 W System.err: 	at org.apache.http.impl.client.AbstractHttpClient.execute(AbstractHttpClient.java:470)
12-29 07:01:40.681 11948 11972 W System.err: 	at com.idswz.plugin.d.b.b(SourceFile:135)
12-29 07:01:40.681 11948 11972 W System.err: 	at com.idswz.plugin.d.d.a(SourceFile:38)
12-29 07:01:40.681 11948 11972 W System.err: 	at com.idswz.plugin.service.l.run(SourceFile:261)
12-29 07:01:40.681 11948 11972 W System.err: 	at java.util.concurrent.ThreadPoolExecutor.runWorker(ThreadPoolExecutor.java:1112)
12-29 07:01:40.681 11948 11972 W System.err: 	at java.util.concurrent.ThreadPoolExecutor$Worker.run(ThreadPoolExecutor.java:587)
12-29 07:01:40.681 11948 11972 W System.err: 	at java.lang.Thread.run(Thread.java:818)
12-29 07:01:41.202 10601 10694 W System.err: org.apache.http.conn.ConnectTimeoutException: Connect to /140.206.176.31:80 timed out
12-29 07:01:41.202 10601 10694 W System.err: 	at org.apache.http.conn.scheme.PlainSocketFactory.connectSocket(PlainSocketFactory.java:126)
12-29 07:01:41.202 10601 10694 W System.err: 	at org.apache.http.impl.conn.DefaultClientConnectionOperator.openConnection(DefaultClientConnectionOperator.java:149)
12-29 07:01:41.202 10601 10694 W System.err: 	at org.apache.http.impl.conn.AbstractPoolEntry.open(AbstractPoolEntry.java:169)
12-29 07:01:41.202 10601 10694 W System.err: 	at org.apache.http.impl.conn.AbstractPooledConnAdapter.open(AbstractPooledConnAdapter.java:124)
12-29 07:01:41.202 10601 10694 W System.err: 	at org.apache.http.impl.client.DefaultRequestDirector.execute(DefaultRequestDirector.java:365)
12-29 07:01:41.202 10601 10694 W System.err: 	at org.apache.http.impl.client.AbstractHttpClient.execute(AbstractHttpClient.java:560)
12-29 07:01:41.202 10601 10694 W System.err: 	at org.apache.http.impl.client.AbstractHttpClient.execute(AbstractHttpClient.java:492)
12-29 07:01:41.202 10601 10694 W System.err: 	at org.apache.http.impl.client.AbstractHttpClient.execute(AbstractHttpClient.java:470)
12-29 07:01:41.202 10601 10694 W System.err: 	at com.unipay.net.HttpNet.b(Unknown Source)
12-29 07:01:41.202 10601 10694 W System.err: 	at com.unipay.net.AsyncMultimode$3.run(Unknown Source)
12-29 07:01:41.617 11462 11499 I socket  : msgid:1
12-29 07:01:41.720  2169  2189 W ActivityManager: getTasks: caller 10076 does not hold REAL_GET_TASKS; limiting output
12-29 07:01:41.778 10601 10671 I Unity   : PauseUI   screenname:ReturnTopMenuFromGame
12-29 07:01:41.778 10601 10671 I Unity   :  
12-29 07:01:41.778 10601 10671 I Unity   : (Filename: ./artifacts/generated/common/runtime/UnityEngineDebugBindings.gen.cpp Line: 64)
12-29 07:01:41.778 10601 10671 I Unity   : 
12-29 07:01:42.895  2169  3018 W ActivityManager: getTasks: caller 10076 does not hold REAL_GET_TASKS; limiting output
12-29 07:01:43.971  2169  2501 W ActivityManager: getTasks: caller 10076 does not hold REAL_GET_TASKS; limiting output
12-29 07:01:45.054  2169  2478 W ActivityManager: getTasks: caller 10076 does not hold REAL_GET_TASKS; limiting output
12-29 07:01:45.102  2169  2320 W ActivityManager: getTasks: caller 10076 does not hold REAL_GET_TASKS; limiting output
12-29 07:01:45.364 11502 11502 W linker  : [vdso]: unused DT entry: type 0x6ffffef5 arg 0x160
12-29 07:01:45.425 10601 10601 D leaderboard: init UserPlugin take time:0
12-29 07:01:45.425 10601 10601 D LinkPayPlugin: ===>payment.jar isEnabled = true
12-29 07:01:45.426 10601 11026 D PaymentPlugin: getPredictPaymentId
12-29 07:01:45.426 10601 11026 I MethodsSyncer: local=107, server=1effcbf2bfbfdff, supported=20000107, returned=20000107
12-29 07:01:45.426 10601 11026 W Settings: Setting airplane_mode_on has moved from android.provider.Settings.System to android.provider.Settings.Global, returning read-only value.
12-29 07:01:45.426 10601 11026 I MethodsSyncer: method [pay_cm] filtered by SimFilter
12-29 07:01:45.426 10601 11026 W Settings: Setting airplane_mode_on has moved from android.provider.Settings.System to android.provider.Settings.Global, returning read-only value.
12-29 07:01:45.427 10601 11026 I MethodsSyncer: method [pay_sms_mm] filtered by SimFilter
12-29 07:01:45.427 10601 11026 W Settings: Setting airplane_mode_on has moved from android.provider.Settings.System to android.provider.Settings.Global, returning read-only value.
12-29 07:01:45.427 10601 11026 I MethodsSyncer: method [pay_cu] filtered by SimFilter
12-29 07:01:45.427 10601 11026 W Settings: Setting airplane_mode_on has moved from android.provider.Settings.System to android.provider.Settings.Global, returning read-only value.
12-29 07:01:45.427 10601 11026 I MethodsSyncer: method [pay_ct] filtered by SimFilter
12-29 07:01:45.427 10601 11026 E ExistenceFilter: found no config key [baidu_pay]
12-29 07:01:45.427 10601 11026 I MethodsSyncer: method [baidu_pay] filtered by ExistenceFilter
12-29 07:01:45.427 10601 11026 D PaymentPlugin: getSupportedMethods is 0
12-29 07:01:45.427 10601 11026 E Unity   : getPredictPayment onFail:{"error_code":"404","error_msg":"payment not found"}
12-29 07:01:45.553 10601 11027 D Dsv2Trackstat:  request url http://actsdk.idreamsky.com/
12-29 07:01:45.553 10601 11027 D Dsv2Trackstat: ====CustomEvent||2015-12-29 07:01:45|10389|e19081b4527963d70c7a|1|1268503124|2.42.0|BD0S0N50666|82np0rrpq8440172s||timePlayInGame|timePlayInGame|2015-12-29 07:01:45|30-60|1.3.1||||2.4.7.10
12-29 07:01:45.554 10601 11233 D Dsv2Trackstat:  request url http://actsdk.idreamsky.com/
12-29 07:01:45.554 10601 11233 D Dsv2Trackstat: ====RoundFlow||2015-12-29 07:01:45|10389|e19081b4527963d70c7a|1|1268503124|2.42.0|BD0S0N50666|82np0rrpq8440172s||1|0|45|12|0|0|0|1.3.1||||2.4.7.10
12-29 07:01:45.670 10601 11027 D Dsv2Trackstat: getResponseCode !!!200
12-29 07:01:45.671 10601 11027 D Dsv2Trackstat:  request success 
12-29 07:01:45.671 10601 11233 D Dsv2Trackstat: getResponseCode !!!200
12-29 07:01:45.671 10601 11233 D Dsv2Trackstat:  request success 
12-29 07:01:45.684 10601 11161 V MSThread: T_R >>SD>>RT
12-29 07:01:46.180  2169 20952 W ActivityManager: getTasks: caller 10076 does not hold REAL_GET_TASKS; limiting output
12-29 07:01:49.863  2169 20953 W ActivityManager: getTasks: caller 10076 does not hold REAL_GET_TASKS; limiting output
12-29 07:01:50.102  2169  2501 W ActivityManager: getTasks: caller 10076 does not hold REAL_GET_TASKS; limiting output
12-29 07:01:50.376 11514 11514 W linker  : [vdso]: unused DT entry: type 0x6ffffef5 arg 0x160
12-29 07:01:50.685 10601 11161 V MSThread: T_R >>SD>>RT
12-29 07:01:50.964  2169  7590 W ActivityManager: getTasks: caller 10076 does not hold REAL_GET_TASKS; limiting output
12-29 07:01:52.063  2169 13566 W ActivityManager: getTasks: caller 10076 does not hold REAL_GET_TASKS; limiting output
12-29 07:01:53.094 10278 10278 I GcnBroadcastReceiver: onReceive start ... action=null
12-29 07:01:53.094 10278 10278 I GcnBroadcastReceiver: is_open=true,service_type=gcn,sender_id=502050078214,loop_period=300000,push_url=http://gcn.happyelements.cn/apis/l
12-29 07:01:53.094 10278 10278 I GcnBroadcastReceiver: gameUserId=f7265993dcee5ca7,gspAppId=7800105600,gspAppKey=d2516d2ecf89cebde3f13cbfe2e55770
12-29 07:01:53.095 10278 10278 I NotificationService: onStartCommand start,flags=0,startId=6,isStart=true
12-29 07:01:53.139  2169  3736 W ActivityManager: getTasks: caller 10076 does not hold REAL_GET_TASKS; limiting output
12-29 07:01:54.010  2169  2193 I ActivityManager: Waited long enough for: ServiceRecord{3a4f61f0 u0 com.baidu.BaiduMap/com.baidu.android.pushservice.PushService}
12-29 07:01:54.214  2169  2320 W ActivityManager: getTasks: caller 10076 does not hold REAL_GET_TASKS; limiting output
12-29 07:01:55.103  2169 20953 W ActivityManager: getTasks: caller 10076 does not hold REAL_GET_TASKS; limiting output
12-29 07:01:55.289  2169  7590 W ActivityManager: getTasks: caller 10076 does not hold REAL_GET_TASKS; limiting output
12-29 07:01:55.388 11515 11515 W linker  : [vdso]: unused DT entry: type 0x6ffffef5 arg 0x160
12-29 07:01:55.691 10601 11161 V MSThread: T_R >>SD>>RT
12-29 07:01:56.364  2169  2501 W ActivityManager: getTasks: caller 10076 does not hold REAL_GET_TASKS; limiting output
12-29 07:01:57.439  2169  7588 W ActivityManager: getTasks: caller 10076 does not hold REAL_GET_TASKS; limiting output
12-29 07:01:58.515  2169  3736 W ActivityManager: getTasks: caller 10076 does not hold REAL_GET_TASKS; limiting output
12-29 07:01:59.582  2169 14271 W ActivityManager: getTasks: caller 10076 does not hold REAL_GET_TASKS; limiting output
12-29 07:02:00.103  2169 20953 W ActivityManager: getTasks: caller 10076 does not hold REAL_GET_TASKS; limiting output
12-29 07:02:00.401 11516 11516 W linker  : [vdso]: unused DT entry: type 0x6ffffef5 arg 0x160
12-29 07:02:00.665  2169  2188 W ActivityManager: getTasks: caller 10076 does not hold REAL_GET_TASKS; limiting output
12-29 07:02:00.698 10601 11161 V MSThread: T_R >>SD>>RT
12-29 07:02:01.740  2169  2188 W ActivityManager: getTasks: caller 10076 does not hold REAL_GET_TASKS; limiting output
12-29 07:02:02.874  2169 15111 W ActivityManager: getTasks: caller 10076 does not hold REAL_GET_TASKS; limiting output
12-29 07:02:03.805 10601 11015 D Dsv2Trackstat:  request url http://actsdk.idreamsky.com/
12-29 07:02:03.805 10601 11015 D Dsv2Trackstat: ====MoneyFlow||2015-12-29 07:02:03||10389|e19081b4527963d70c7a|1|1268503124|2.42.0|BD0S0N50666|82np0rrpq8440172s||1|0|0|8|0|0|2|1.3.1||||2.4.7.10
12-29 07:02:03.950  2169  2320 W ActivityManager: getTasks: caller 10076 does not hold REAL_GET_TASKS; limiting output
12-29 07:02:04.928 10601 11015 D Dsv2Trackstat: getResponseCode !!!200
12-29 07:02:04.928 10601 11015 D Dsv2Trackstat:  request success 
12-29 07:02:05.050  2169  7590 W ActivityManager: getTasks: caller 10076 does not hold REAL_GET_TASKS; limiting output
12-29 07:02:05.104  2169  2501 W ActivityManager: getTasks: caller 10076 does not hold REAL_GET_TASKS; limiting output
12-29 07:02:05.415 11518 11518 W linker  : [vdso]: unused DT entry: type 0x6ffffef5 arg 0x160
12-29 07:02:05.683 10278 10415 I NotificationService: receiveNotification start...
12-29 07:02:05.683 10278 10415 D NotificationService: paraStr={u=f7265993dcee5ca7, a=7800105600, s=ea9e84e9c7, t=1451372525}
12-29 07:02:05.703 10601 11161 V MSThread: T_R >>SD>>RT
12-29 07:02:06.133  2169 20953 W ActivityManager: getTasks: caller 10076 does not hold REAL_GET_TASKS; limiting output
12-29 07:02:07.266  2169 13566 W ActivityManager: getTasks: caller 10076 does not hold REAL_GET_TASKS; limiting output
12-29 07:02:07.487  8682  8711 D ++++++++: IsGetNotificationTimeOut = 4286487 dis = 28800000
12-29 07:02:08.342  2169  2189 W ActivityManager: getTasks: caller 10076 does not hold REAL_GET_TASKS; limiting output
12-29 07:02:09.417  2169  3042 W ActivityManager: getTasks: caller 10076 does not hold REAL_GET_TASKS; limiting output
12-29 07:02:10.104  2169 14271 W ActivityManager: getTasks: caller 10076 does not hold REAL_GET_TASKS; limiting output
12-29 07:02:10.426 11520 11520 W linker  : [vdso]: unused DT entry: type 0x6ffffef5 arg 0x160
12-29 07:02:10.484  2169  7590 W ActivityManager: getTasks: caller 10076 does not hold REAL_GET_TASKS; limiting output
12-29 07:02:10.710 10601 11161 V MSThread: T_R >>SD>>RT
12-29 07:02:11.568  2169  7590 W ActivityManager: getTasks: caller 10076 does not hold REAL_GET_TASKS; limiting output
12-29 07:02:11.671 10601 10671 I Unity   : Now is Show Home Ad
12-29 07:02:11.671 10601 10671 I Unity   :  
12-29 07:02:11.671 10601 10671 I Unity   : (Filename: ./artifacts/generated/common/runtime/UnityEngineDebugBindings.gen.cpp Line: 64)
12-29 07:02:11.671 10601 10671 I Unity   : 
