12-29 07:01:12.480 10713 10713 W System.err: 	at android.app.Instrumentation.callApplicationOnCreate(Instrumentation.java:1012)
12-29 07:01:12.480 10713 10713 W System.err: 	at android.app.ActivityThread.handleBindApplication(ActivityThread.java:4553)
12-29 07:01:12.480 10713 10713 W System.err: 	at android.app.ActivityThread.access$1500(ActivityThread.java:151)
12-29 07:01:12.480 10713 10713 W System.err: 	at android.app.ActivityThread$H.handleMessage(ActivityThread.java:1364)
12-29 07:01:12.480 10713 10713 W System.err: 	at android.os.Handler.dispatchMessage(Handler.java:102)
12-29 07:01:12.480 10713 10713 W System.err: 	at android.os.Looper.loop(Looper.java:135)
12-29 07:01:12.480 10713 10713 W System.err: 	at android.app.ActivityThread.main(ActivityThread.java:5254)
12-29 07:01:12.480 10713 10713 W System.err: 	at java.lang.reflect.Method.invoke(Native Method)
12-29 07:01:12.480 10713 10713 W System.err: 	at java.lang.reflect.Method.invoke(Method.java:372)
12-29 07:01:12.480 10713 10713 W System.err: 	at com.android.internal.os.ZygoteInit$MethodAndArgsCaller.run(ZygoteInit.java:903)
12-29 07:01:12.480 10713 10713 W System.err: 	at com.android.internal.os.ZygoteInit.main(ZygoteInit.java:698)
12-29 07:01:12.480 10713 10713 W System.err: Caused by: java.lang.ClassNotFoundException: Didn't find class "com.skynet.android.uc.UC" on path: DexPathList[[zip file "/data/app/com.kiloo.subwaysurf-1/base.apk"],nativeLibraryDirectories=[/data/app/com.kiloo.subwaysurf-1/lib/arm, /vendor/lib, /system/lib]]
12-29 07:01:12.481 10713 10713 W System.err: 	at dalvik.system.BaseDexClassLoader.findClass(BaseDexClassLoader.java:56)
12-29 07:01:12.481 10713 10713 W System.err: 	at java.lang.ClassLoader.loadClass(ClassLoader.java:511)
12-29 07:01:12.481 10713 10713 W System.err: 	at java.lang.ClassLoader.loadClass(ClassLoader.java:469)
12-29 07:01:12.481 10713 10713 W System.err: 	... 17 more
12-29 07:01:12.481 10713 10713 W System.err: 	Suppressed: java.lang.ClassNotFoundException: com.skynet.android.uc.UC
12-29 07:01:12.481 10713 10713 W System.err: 		at java.lang.Class.classForName(Native Method)
12-29 07:01:12.481 10713 10713 W System.err: 		at java.lang.BootClassLoader.findClass(ClassLoader.java:781)
12-29 07:01:12.481 10713 10713 W System.err: 		at java.lang.BootClassLoader.loadClass(ClassLoader.java:841)
12-29 07:01:12.481 10713 10713 W System.err: 		at java.lang.ClassLoader.loadClass(ClassLoader.java:504)
12-29 07:01:12.481 10713 10713 W System.err: 		... 18 more
12-29 07:01:12.481 10713 10713 W System.err: 	Caused by: java.lang.NoClassDefFoundError: Class not found using the boot class loader; no stack available
12-29 07:01:12.481 10713 10713 W System.err: java.lang.ClassNotFoundException: com.skynet.android.amigo.Amigo
12-29 07:01:12.481 10713 10713 W System.err: 	at java.lang.Class.classForName(Native Method)
12-29 07:01:12.481 10713 10713 W System.err: 	at java.lang.Class.forName(Class.java:309)
12-29 07:01:12.481 10713 10713 W System.err: 	at java.lang.Class.forName(Class.java:273)
12-29 07:01:12.481 10713 10713 W System.err: 	at com.skynet.android.Skynet.invoke(SourceFile:4209)
12-29 07:01:12.481 10713 10713 W System.err: 	at com.skynet.android.Skynet.onApplicationCreate(SourceFile:3693)
12-29 07:01:12.481 10713 10713 W System.err: 	at com.kiloo.subwaysurf.BaiDuApplication.onCreate(BaiDuApplication.java:11)
12-29 07:01:12.481 10713 10713 W System.err: 	at android.app.Instrumentation.callApplicationOnCreate(Instrumentation.java:1012)
12-29 07:01:12.481 10713 10713 W System.err: 	at android.app.ActivityThread.handleBindApplication(ActivityThread.java:4553)
12-29 07:01:12.481 10713 10713 W System.err: 	at android.app.ActivityThread.access$1500(ActivityThread.java:151)
12-29 07:01:12.481 10713 10713 W System.err: 	at android.app.ActivityThread$H.handleMessage(ActivityThread.java:1364)
12-29 07:01:12.481 10713 10713 W System.err: 	at android.os.Handler.dispatchMessage(Handler.java:102)
12-29 07:01:12.481 10713 10713 W System.err: 	at android.os.Looper.loop(Looper.java:135)
12-29 07:01:12.481 10713 10713 W System.err: 	at android.app.ActivityThread.main(ActivityThread.java:5254)
12-29 07:01:12.481 10713 10713 W System.err: 	at java.lang.reflect.Method.invoke(Native Method)
12-29 07:01:12.481 10713 10713 W System.err: 	at java.lang.reflect.Method.invoke(Method.java:372)
12-29 07:01:12.481 10713 10713 W System.err: 	at com.android.internal.os.ZygoteInit$MethodAndArgsCaller.run(ZygoteInit.java:903)
12-29 07:01:12.482 10713 10713 W System.err: 	at com.android.internal.os.ZygoteInit.main(ZygoteInit.java:698)
12-29 07:01:12.482 10713 10713 W System.err: Caused by: java.lang.ClassNotFoundException: Didn't find class "com.skynet.android.amigo.Amigo" on path: DexPathList[[zip file "/data/app/com.kiloo.subwaysurf-1/base.apk"],nativeLibraryDirectories=[/data/app/com.kiloo.subwaysurf-1/lib/arm, /vendor/lib, /system/lib]]
12-29 07:01:12.482 10713 10713 W System.err: 	at dalvik.system.BaseDexClassLoader.findClass(BaseDexClassLoader.java:56)
12-29 07:01:12.482 10713 10713 W System.err: 	at java.lang.ClassLoader.loadClass(ClassLoader.java:511)
12-29 07:01:12.482 10713 10713 W System.err: 	at java.lang.ClassLoader.loadClass(ClassLoader.java:469)
12-29 07:01:12.482 10713 10713 W System.err: 	... 17 more
12-29 07:01:12.482 10713 10713 W System.err: 	Suppressed: java.lang.ClassNotFoundException: com.skynet.android.amigo.Amigo
12-29 07:01:12.482 10713 10713 W System.err: 		at java.lang.Class.classForName(Native Method)
12-29 07:01:12.482 10713 10713 W System.err: 		at java.lang.BootClassLoader.findClass(ClassLoader.java:781)
12-29 07:01:12.482 10713 10713 W System.err: 		at java.lang.BootClassLoader.loadClass(ClassLoader.java:841)
12-29 07:01:12.482 10713 10713 W System.err: 		at java.lang.ClassLoader.loadClass(ClassLoader.java:504)
12-29 07:01:12.482 10713 10713 W System.err: 		... 18 more
12-29 07:01:12.482 10713 10713 W System.err: 	Caused by: java.lang.NoClassDefFoundError: Class not found using the boot class loader; no stack available
12-29 07:01:12.482  2169 14271 W ActivityManager: getRunningAppProcesses: caller 10076 does not hold REAL_GET_TASKS; limiting output
12-29 07:01:12.493  2169  2192 D gps_serial: set_position_mode: mode=0 recurrence=0 min_interval=1000 preferred_accuracy=0 preferred_time=0
12-29 07:01:12.493  2169  2192 D gps_serial: serial_gps_start: called
12-29 07:01:12.493  2169  2192 D gps_serial: gps_state_start: could not send CMD_START command: ret=-1: Bad file number
12-29 07:01:12.512  2299  2299 V PhoneStatusBar: setLightsOn(true)
12-29 07:01:12.535 10713 10713 W ResourcesManager: Asset path '/system/framework/android.test.runner.jar' does not exist or contains no resources.
12-29 07:01:12.548  2169  3736 I ActivityManager: Killing 7833:com.android.externalstorage/u0a6 (adj 15): empty for 2555s
12-29 07:01:12.722  2457  2669 E PhoneInterfaceManager: [PhoneIntfMgr] checkCarrierPrivilegesForPackage: No UICC
12-29 07:01:12.722  2457  2669 E DatabaseUtils: Writing exception to parcel
12-29 07:01:12.722  2457  2669 E DatabaseUtils: java.lang.SecurityException: No permission to write APN settings
12-29 07:01:12.722  2457  2669 E DatabaseUtils: 	at com.android.providers.telephony.TelephonyProvider.checkPermission(TelephonyProvider.java:1180)
12-29 07:01:12.722  2457  2669 E DatabaseUtils: 	at com.android.providers.telephony.TelephonyProvider.query(TelephonyProvider.java:764)
12-29 07:01:12.722  2457  2669 E DatabaseUtils: 	at android.content.ContentProvider.query(ContentProvider.java:966)
12-29 07:01:12.722  2457  2669 E DatabaseUtils: 	at android.content.ContentProvider$Transport.query(ContentProvider.java:211)
12-29 07:01:12.722  2457  2669 E DatabaseUtils: 	at android.content.ContentProviderNative.onTransact(ContentProviderNative.java:112)
12-29 07:01:12.722  2457  2669 E DatabaseUtils: 	at android.os.Binder.execTransact(Binder.java:446)
12-29 07:01:12.768  2169  2478 D KbdSensor: poll_activate: dev=0x7ffa17066680 handle=0 enabled=0
12-29 07:01:12.772 10601 10671 D Unity   : GL_EXT_blend_minmax GL_EXT_multi_draw_arrays GL_EXT_texture_filter_anisotropic GL_EXT_texture_compression_dxt1 GL_EXT_texture_format_BGRA8888 GL_OES_compressed_ETC1_RGB8_texture GL_OES_depth24 GL_OES_element_index_uint GL_OES_fbo_render_mipmap GL_OES_mapbuffer GL_OES_rgb8_rgba8 GL_OES_standard_derivatives GL_OES_stencil8 GL_OES_texture_3D GL_OES_texture_float GL_OES_texture_float_linear GL_OES_texture_half_float GL_OES_texture_half_float_linear GL_OES_texture_npot GL_OES_EGL_image GL_OES_depth_texture GL_OES_packed_depth_stencil GL_EXT_texture_type_2_10_10_10_REV GL_OES_get_program_binary GL_APPLE_texture_max_level GL_EXT_discard_framebuffer GL_EXT_read_format_bgra GL_NV_fbo_color_attachments GL_OES_EGL_image_external GL_OES_EGL_sync GL_OES_vertex_array_object GL_ANGLE_texture_compression_dxt3 GL_ANGLE_texture_compression_dxt5 GL_EXT_texture_rg GL_EXT_unpack_subimage GL_NV_draw_buffers GL_NV_read_buffer GL_NV_read_depth GL_NV_read_depth_stencil GL_NV_read_stencil GL_EXT_draw_buffers GL_EXT_map_buffer_range G
12-29 07:01:12.772 10601 10671 D Unity   : L_OES_depth_texture_cube_map GL_OES_surfaceless_context GL_EXT_color_buffer_float GL_EXT_separate_shader_objects GL_EXT_shader_integer_mix GL_KHR_context_flush_control 
12-29 07:01:12.833 10601 10671 W libc    : pthread_create sched_setscheduler call failed: Operation not permitted
12-29 07:01:12.835 10601 10671 W libc    : pthread_create sched_setscheduler call failed: Operation not permitted
12-29 07:01:12.912  2457  3676 E PhoneInterfaceManager: [PhoneIntfMgr] checkCarrierPrivilegesForPackage: No UICC
12-29 07:01:12.912  2457  3676 E DatabaseUtils: Writing exception to parcel
12-29 07:01:12.912  2457  3676 E DatabaseUtils: java.lang.SecurityException: No permission to write APN settings
12-29 07:01:12.912  2457  3676 E DatabaseUtils: 	at com.android.providers.telephony.TelephonyProvider.checkPermission(TelephonyProvider.java:1180)
12-29 07:01:12.912  2457  3676 E DatabaseUtils: 	at com.android.providers.telephony.TelephonyProvider.query(TelephonyProvider.java:764)
12-29 07:01:12.912  2457  3676 E DatabaseUtils: 	at android.content.ContentProvider.query(ContentProvider.java:966)
12-29 07:01:12.912  2457  3676 E DatabaseUtils: 	at android.content.ContentProvider$Transport.query(ContentProvider.java:211)
12-29 07:01:12.912  2457  3676 E DatabaseUtils: 	at android.content.ContentProviderNative.onTransact(ContentProviderNative.java:112)
12-29 07:01:12.912  2457  3676 E DatabaseUtils: 	at android.os.Binder.execTransact(Binder.java:446)
12-29 07:01:13.010  2169  7588 D KbdSensor: poll_activate: dev=0x7ffa17066680 handle=0 enabled=1
12-29 07:01:13.010  2169  7588 D KbdSensor: poll_setDelay: dev=0x7ffa17066680 delay-ns=1000000
12-29 07:01:13.010  2169  3042 D KbdSensor: poll_setDelay: dev=0x7ffa17066680 delay-ns=20000000
12-29 07:01:13.131  2169  2478 W ActivityManager: getTasks: caller 10076 does not hold REAL_GET_TASKS; limiting output
12-29 07:01:13.537 10601 10671 I Unity   : HouseKeeper - start
12-29 07:01:13.537 10601 10671 I Unity   :  
12-29 07:01:13.537 10601 10671 I Unity   : (Filename: ./artifacts/generated/common/runtime/UnityEngineDebugBindings.gen.cpp Line: 64)
12-29 07:01:13.537 10601 10671 I Unity   : 
12-29 07:01:13.656 10601 10671 W Unity   : Strings not loaded. Loading default language. Tried to get string: INFO_TRICKY_HAT
12-29 07:01:13.656 10601 10671 W Unity   :  
12-29 07:01:13.656 10601 10671 W Unity   : (Filename: ./artifacts/generated/common/runtime/UnityEngineDebugBindings.gen.cpp Line: 64)
12-29 07:01:13.656 10601 10671 W Unity   : 
12-29 07:01:13.961  2169  2193 W BroadcastQueue: Unable to launch app com.carrot.iceworld/10071 for broadcast Intent { act=com.baidu.android.pushservice.action.BIND_SYNC flg=0x30 (has extras) }: process is bad
12-29 07:01:13.975 32005 10794 I System.out: encode =  1
12-29 07:01:13.976  2169  7590 I ActivityManager: Start proc 10798:com.baidu.netdisk:bdservice_v1/u0a56 for broadcast com.baidu.netdisk/com.baidu.android.pushservice.RegistrationReceiver
12-29 07:01:13.984 10798 10798 I ActivityThread: Switching default density from 160 to 240
12-29 07:01:13.984 10798 10798 W ResourcesManager: Asset path '/system/framework/android.test.runner.jar' does not exist or contains no resources.
12-29 07:01:13.986 10798 10798 I MultiDex: VM with version 2.1.0 has multidex support
12-29 07:01:13.986 10798 10798 I MultiDex: install
12-29 07:01:13.986 10798 10798 I MultiDex: VM has multidex support, MultiDex support library is disabled.
12-29 07:01:14.000  2169  7590 I ActivityManager: Start proc 10819:com.baidu.netdisk/u0a56 for content provider com.baidu.netdisk/.provider.FileSystemProvider
12-29 07:01:14.007 10819 10819 I ActivityThread: Switching default density from 160 to 240
12-29 07:01:14.007 10819 10819 W ResourcesManager: Asset path '/system/framework/android.test.runner.jar' does not exist or contains no resources.
12-29 07:01:14.009 10819 10819 I MultiDex: VM with version 2.1.0 has multidex support
12-29 07:01:14.009 10819 10819 I MultiDex: install
12-29 07:01:14.009 10819 10819 I MultiDex: VM has multidex support, MultiDex support library is disabled.
12-29 07:01:14.011 10819 10819 D ActivityThread: Loading provider com.baidu.netdisk.account: com.baidu.netdisk.account.storage.AccountProvider
12-29 07:01:14.129 32005 10794 W FileUtils: Failed to chmod(/storage/emulated/0/baidu/pushservice/database/pushstat_4.5.6.db): android.system.ErrnoException: chmod failed: EPERM (Operation not permitted)
12-29 07:01:14.197  2169 20953 W ActivityManager: getTasks: caller 10076 does not hold REAL_GET_TASKS; limiting output
12-29 07:01:14.286 32005 10794 W FileUtils: Failed to chmod(/storage/emulated/0/baidu/pushservice/database/pushstat_4.5.6.db): android.system.ErrnoException: chmod failed: EPERM (Operation not permitted)
12-29 07:01:14.377  2169  3018 I art     : Explicit concurrent mark sweep GC freed 29528(1657KB) AllocSpace objects, 16(1790KB) LOS objects, 33% free, 20MB/30MB, paused 463us total 11.181ms
12-29 07:01:14.395 10843 10843 I art     : Late-enabling -Xcheck:jni
12-29 07:01:14.395  2169  7588 I ActivityManager: Start proc 10843:com.popcap.pvz2bddk:bdservice_v1/u0a74 for broadcast com.popcap.pvz2bddk/com.baidu.android.pushservice.RegistrationReceiver
12-29 07:01:14.395  2169  7588 I ActivityManager: Killing 7882:com.estrongs.android.pop/u0a57 (adj 15): empty for 2556s
12-29 07:01:14.396 10843 10843 D houdini : [10843] Initialize library(version: 5.2.2_y.47738 RELEASE)... successfully.
12-29 07:01:14.398  1911  1911 I art     : Explicit concurrent mark sweep GC freed 713(30KB) AllocSpace objects, 0(0B) LOS objects, 40% free, 1904KB/3MB, paused 33us total 2.936ms
12-29 07:01:14.401  1911  1911 I art     : Explicit concurrent mark sweep GC freed 5(160B) AllocSpace objects, 0(0B) LOS objects, 40% free, 1904KB/3MB, paused 30us total 2.487ms
12-29 07:01:14.403  1911  1911 I art     : Explicit concurrent mark sweep GC freed 5(160B) AllocSpace objects, 0(0B) LOS objects, 40% free, 1904KB/3MB, paused 30us total 2.160ms
12-29 07:01:14.413  2169  7588 I ActivityManager: Killing 32273:android.process.media/u0a5 (adj 15): empty for 2557s
12-29 07:01:14.427 10843 10843 I ActivityThread: Switching default density from 160 to 240
12-29 07:01:14.436 10868 10868 W linker  : [vdso]: unused DT entry: type 0x6ffffef5 arg 0xec
12-29 07:01:14.436 10868 10868 E cutils-trace: Error opening trace file: Permission denied (13)
12-29 07:01:14.436 10868 10868 I dex2oat : /system/bin/dex2oat --runtime-arg -classpath --runtime-arg  --instruction-set=x86 --instruction-set-features=default --runtime-arg -Xrelocate --boot-image=/system/framework/boot.art --dex-file=/data/data/com.popcap.pvz2bddk/app_push_lib/plugin-deploy.jar --oat-fd=18 --oat-location=/data/data/com.popcap.pvz2bddk/app_push_dex/plugin-deploy.dex --runtime-arg -Xms64m --runtime-arg -Xmx512m
12-29 07:01:14.449 10798 10798 E BaiduAppSSOJni: Native library not found! Please copy libbdpush_V2_4.so into your project!
12-29 07:01:14.449 10798 10798 E art     : No implementation found for byte[] com.baidu.android.pushservice.jni.BaiduAppSSOJni.getKey(java.lang.String) (tried Java_com_baidu_android_pushservice_jni_BaiduAppSSOJni_getKey and Java_com_baidu_android_pushservice_jni_BaiduAppSSOJni_getKey__Ljava_lang_String_2)
12-29 07:01:14.449 10798 10798 E BaiduAppSSOJni: error = No implementation found for byte[] com.baidu.android.pushservice.jni.BaiduAppSSOJni.getKey(java.lang.String) (tried Java_com_baidu_android_pushservice_jni_BaiduAppSSOJni_getKey and Java_com_baidu_android_pushservice_jni_BaiduAppSSOJni_getKey__Ljava_lang_String_2)
12-29 07:01:14.449 10798 10798 V CommonParams: get params exception: java.lang.NullPointerException: Attempt to invoke virtual method 'int java.lang.String.length()' on a null object reference
12-29 07:01:14.450 10798 10798 E art     : No implementation found for byte[] com.baidu.android.pushservice.jni.BaiduAppSSOJni.getKey(java.lang.String) (tried Java_com_baidu_android_pushservice_jni_BaiduAppSSOJni_getKey and Java_com_baidu_android_pushservice_jni_BaiduAppSSOJni_getKey__Ljava_lang_String_2)
12-29 07:01:14.450 10798 10798 E BaiduAppSSOJni: error = No implementation found for byte[] com.baidu.android.pushservice.jni.BaiduAppSSOJni.getKey(java.lang.String) (tried Java_com_baidu_android_pushservice_jni_BaiduAppSSOJni_getKey and Java_com_baidu_android_pushservice_jni_BaiduAppSSOJni_getKey__Ljava_lang_String_2)
12-29 07:01:14.450 10798 10798 V CommonParams: get params exception: java.lang.NullPointerException: Attempt to invoke virtual method 'int java.lang.String.length()' on a null object reference
12-29 07:01:14.450 10798 10798 E art     : No implementation found for byte[] com.baidu.android.pushservice.jni.BaiduAppSSOJni.getKey(java.lang.String) (tried Java_com_baidu_android_pushservice_jni_BaiduAppSSOJni_getKey and Java_com_baidu_android_pushservice_jni_BaiduAppSSOJni_getKey__Ljava_lang_String_2)
12-29 07:01:14.450 10798 10798 E BaiduAppSSOJni: error = No implementation found for byte[] com.baidu.android.pushservice.jni.BaiduAppSSOJni.getKey(java.lang.String) (tried Java_com_baidu_android_pushservice_jni_BaiduAppSSOJni_getKey and Java_com_baidu_android_pushservice_jni_BaiduAppSSOJni_getKey__Ljava_lang_String_2)
12-29 07:01:14.450 10798 10798 E socket  : Native library not found! Please copy libbdpush_V2_4.so into your project!
12-29 07:01:14.451  2169  2320 W ActivityManager: getRunningAppProcesses: caller 10056 does not hold REAL_GET_TASKS; limiting output
12-29 07:01:14.453 10798 10798 E art     : No implementation found for byte[] com.baidu.android.pushservice.jni.BaiduAppSSOJni.getKey(java.lang.String) (tried Java_com_baidu_android_pushservice_jni_BaiduAppSSOJni_getKey and Java_com_baidu_android_pushservice_jni_BaiduAppSSOJni_getKey__Ljava_lang_String_2)
12-29 07:01:14.453 10798 10798 E BaiduAppSSOJni: error = No implementation found for byte[] com.baidu.android.pushservice.jni.BaiduAppSSOJni.getKey(java.lang.String) (tried Java_com_baidu_android_pushservice_jni_BaiduAppSSOJni_getKey and Java_com_baidu_android_pushservice_jni_BaiduAppSSOJni_getKey__Ljava_lang_String_2)
12-29 07:01:14.453 10798 10798 V CommonParams: get params exception: java.lang.NullPointerException: Attempt to invoke virtual method 'int java.lang.String.length()' on a null object reference
12-29 07:01:14.454 10798 10798 E art     : No implementation found for byte[] com.baidu.android.pushservice.jni.BaiduAppSSOJni.getKey(java.lang.String) (tried Java_com_baidu_android_pushservice_jni_BaiduAppSSOJni_getKey and Java_com_baidu_android_pushservice_jni_BaiduAppSSOJni_getKey__Ljava_lang_String_2)
12-29 07:01:14.454 10798 10798 E BaiduAppSSOJni: error = No implementation found for byte[] com.baidu.android.pushservice.jni.BaiduAppSSOJni.getKey(java.lang.String) (tried Java_com_baidu_android_pushservice_jni_BaiduAppSSOJni_getKey and Java_com_baidu_android_pushservice_jni_BaiduAppSSOJni_getKey__Ljava_lang_String_2)
12-29 07:01:14.454 10798 10798 V CommonParams: get params exception: java.lang.NullPointerException: Attempt to invoke virtual method 'int java.lang.String.length()' on a null object reference
12-29 07:01:14.454 10798 10798 E art     : No implementation found for byte[] com.baidu.android.pushservice.jni.BaiduAppSSOJni.getKey(java.lang.String) (tried Java_com_baidu_android_pushservice_jni_BaiduAppSSOJni_getKey and Java_com_baidu_android_pushservice_jni_BaiduAppSSOJni_getKey__Ljava_lang_String_2)
12-29 07:01:14.454 10798 10798 E BaiduAppSSOJni: error = No implementation found for byte[] com.baidu.android.pushservice.jni.BaiduAppSSOJni.getKey(java.lang.String) (tried Java_com_baidu_android_pushservice_jni_BaiduAppSSOJni_getKey and Java_com_baidu_android_pushservice_jni_BaiduAppSSOJni_getKey__Ljava_lang_String_2)
12-29 07:01:14.456 10798 10798 E art     : No implementation found for byte[] com.baidu.android.pushservice.jni.BaiduAppSSOJni.getKey(java.lang.String) (tried Java_com_baidu_android_pushservice_jni_BaiduAppSSOJni_getKey and Java_com_baidu_android_pushservice_jni_BaiduAppSSOJni_getKey__Ljava_lang_String_2)
12-29 07:01:14.456 10798 10798 E BaiduAppSSOJni: error = No implementation found for byte[] com.baidu.android.pushservice.jni.BaiduAppSSOJni.getKey(java.lang.String) (tried Java_com_baidu_android_pushservice_jni_BaiduAppSSOJni_getKey and Java_com_baidu_android_pushservice_jni_BaiduAppSSOJni_getKey__Ljava_lang_String_2)
12-29 07:01:14.456 10798 10798 V CommonParams: get params exception: java.lang.NullPointerException: Attempt to invoke virtual method 'int java.lang.String.length()' on a null object reference
12-29 07:01:14.457 10798 10798 E art     : No implementation found for byte[] com.baidu.android.pushservice.jni.BaiduAppSSOJni.getKey(java.lang.String) (tried Java_com_baidu_android_pushservice_jni_BaiduAppSSOJni_getKey and Java_com_baidu_android_pushservice_jni_BaiduAppSSOJni_getKey__Ljava_lang_String_2)
12-29 07:01:14.457 10798 10798 E BaiduAppSSOJni: error = No implementation found for byte[] com.baidu.android.pushservice.jni.BaiduAppSSOJni.getKey(java.lang.String) (tried Java_com_baidu_android_pushservice_jni_BaiduAppSSOJni_getKey and Java_com_baidu_android_pushservice_jni_BaiduAppSSOJni_getKey__Ljava_lang_String_2)
12-29 07:01:14.457 10798 10798 V CommonParams: get params exception: java.lang.NullPointerException: Attempt to invoke virtual method 'int java.lang.String.length()' on a null object reference
12-29 07:01:14.457 10798 10798 E art     : No implementation found for byte[] com.baidu.android.pushservice.jni.BaiduAppSSOJni.getKey(java.lang.String) (tried Java_com_baidu_android_pushservice_jni_BaiduAppSSOJni_getKey and Java_com_baidu_android_pushservice_jni_BaiduAppSSOJni_getKey__Ljava_lang_String_2)
12-29 07:01:14.457 10798 10798 E BaiduAppSSOJni: error = No implementation found for byte[] com.baidu.android.pushservice.jni.BaiduAppSSOJni.getKey(java.lang.String) (tried Java_com_baidu_android_pushservice_jni_BaiduAppSSOJni_getKey and Java_com_baidu_android_pushservice_jni_BaiduAppSSOJni_getKey__Ljava_lang_String_2)
12-29 07:01:14.459 10798 10798 E art     : No implementation found for byte[] com.baidu.android.pushservice.jni.BaiduAppSSOJni.getKey(java.lang.String) (tried Java_com_baidu_android_pushservice_jni_BaiduAppSSOJni_getKey and Java_com_baidu_android_pushservice_jni_BaiduAppSSOJni_getKey__Ljava_lang_String_2)
12-29 07:01:14.459 10798 10798 E BaiduAppSSOJni: error = No implementation found for byte[] com.baidu.android.pushservice.jni.BaiduAppSSOJni.getKey(java.lang.String) (tried Java_com_baidu_android_pushservice_jni_BaiduAppSSOJni_getKey and Java_com_baidu_android_pushservice_jni_BaiduAppSSOJni_getKey__Ljava_lang_String_2)
12-29 07:01:14.459 10798 10798 V CommonParams: get params exception: java.lang.NullPointerException: Attempt to invoke virtual method 'int java.lang.String.length()' on a null object reference
12-29 07:01:14.461 10798 10798 E art     : No implementation found for byte[] com.baidu.android.pushservice.jni.BaiduAppSSOJni.getKey(java.lang.String) (tried Java_com_baidu_android_pushservice_jni_BaiduAppSSOJni_getKey and Java_com_baidu_android_pushservice_jni_BaiduAppSSOJni_getKey__Ljava_lang_String_2)
12-29 07:01:14.461 10798 10798 E BaiduAppSSOJni: error = No implementation found for byte[] com.baidu.android.pushservice.jni.BaiduAppSSOJni.getKey(java.lang.String) (tried Java_com_baidu_android_pushservice_jni_BaiduAppSSOJni_getKey and Java_com_baidu_android_pushservice_jni_BaiduAppSSOJni_getKey__Ljava_lang_String_2)
12-29 07:01:14.461 10798 10798 V CommonParams: get params exception: java.lang.NullPointerException: Attempt to invoke virtual method 'int java.lang.String.length()' on a null object reference
12-29 07:01:14.461 10798 10798 E art     : No implementation found for byte[] com.baidu.android.pushservice.jni.BaiduAppSSOJni.getKey(java.lang.String) (tried Java_com_baidu_android_pushservice_jni_BaiduAppSSOJni_getKey and Java_com_baidu_android_pushservice_jni_BaiduAppSSOJni_getKey__Ljava_lang_String_2)
12-29 07:01:14.461 10798 10798 E BaiduAppSSOJni: error = No implementation found for byte[] com.baidu.android.pushservice.jni.BaiduAppSSOJni.getKey(java.lang.String) (tried Java_com_baidu_android_pushservice_jni_BaiduAppSSOJni_getKey and Java_com_baidu_android_pushservice_jni_BaiduAppSSOJni_getKey__Ljava_lang_String_2)
12-29 07:01:14.462 10798 10798 I Process : Sending signal. PID: 10798 SIG: 9
12-29 07:01:14.473  2169  2188 I ActivityManager: Process com.baidu.netdisk:bdservice_v1 (pid 10798) has died
12-29 07:01:14.483 10819 10819 I System  : Loaded time zone names for "zh_CN" in 11ms (11ms in ICU)
12-29 07:01:14.506 10819 10819 D AndroidRuntime: Shutting down VM
12-29 07:01:14.506 10819 10819 E AndroidRuntime: FATAL EXCEPTION: main
12-29 07:01:14.506 10819 10819 E AndroidRuntime: Process: com.baidu.netdisk, PID: 10819
12-29 07:01:14.506 10819 10819 E AndroidRuntime: java.lang.UnsatisfiedLinkError: dalvik.system.PathClassLoader[DexPathList[[zip file "/system/framework/android.test.runner.jar", zip file "/data/app/com.baidu.netdisk-1/base.apk"],nativeLibraryDirectories=[/data/app/com.baidu.netdisk-1/lib/x86, /vendor/lib, /system/lib]]] couldn't find "libBaiduMapSDK_v3_2_0_15.so"
12-29 07:01:14.506 10819 10819 E AndroidRuntime: 	at java.lang.Runtime.loadLibrary(Runtime.java:366)
12-29 07:01:14.506 10819 10819 E AndroidRuntime: 	at java.lang.System.loadLibrary(System.java:988)
12-29 07:01:14.506 10819 10819 E AndroidRuntime: 	at com.baidu.mapapi.a.<clinit>(Unknown Source)
12-29 07:01:14.506 10819 10819 E AndroidRuntime: 	at com.baidu.mapapi.SDKInitializer.initialize(Unknown Source)
12-29 07:01:14.506 10819 10819 E AndroidRuntime: 	at com.baidu.mapapi.SDKInitializer.initialize(Unknown Source)
12-29 07:01:14.506 10819 10819 E AndroidRuntime: 	at com.baidu.netdisk.NetDiskApplication.onCreate(SourceFile:234)
12-29 07:01:14.506 10819 10819 E AndroidRuntime: 	at android.app.Instrumentation.callApplicationOnCreate(Instrumentation.java:1012)
12-29 07:01:14.506 10819 10819 E AndroidRuntime: 	at android.app.ActivityThread.handleBindApplication(ActivityThread.java:4553)
12-29 07:01:14.506 10819 10819 E AndroidRuntime: 	at android.app.ActivityThread.access$1500(ActivityThread.java:151)
12-29 07:01:14.506 10819 10819 E AndroidRuntime: 	at android.app.ActivityThread$H.handleMessage(ActivityThread.java:1364)
12-29 07:01:14.506 10819 10819 E AndroidRuntime: 	at android.os.Handler.dispatchMessage(Handler.java:102)
12-29 07:01:14.506 10819 10819 E AndroidRuntime: 	at android.os.Looper.loop(Looper.java:135)
12-29 07:01:14.506 10819 10819 E AndroidRuntime: 	at android.app.ActivityThread.main(ActivityThread.java:5254)
12-29 07:01:14.506 10819 10819 E AndroidRuntime: 	at java.lang.reflect.Method.invoke(Native Method)
12-29 07:01:14.506 10819 10819 E AndroidRuntime: 	at java.lang.reflect.Method.invoke(Method.java:372)
12-29 07:01:14.506 10819 10819 E AndroidRuntime: 	at com.android.internal.os.ZygoteInit$MethodAndArgsCaller.run(ZygoteInit.java:903)
12-29 07:01:14.506 10819 10819 E AndroidRuntime: 	at com.android.internal.os.ZygoteInit.main(ZygoteInit.java:698)
12-29 07:01:14.507  2169  2193 W ResourcesManager: Asset path '/system/framework/android.test.runner.jar' does not exist or contains no resources.
12-29 07:01:14.530  2169  2225 I OpenGLRenderer: Initialized EGL, version 1.4
12-29 07:01:14.620  2169  3736 W BackupManagerService: dataChanged but no participant pkg='com.android.providers.settings' uid=10072
12-29 07:01:14.622 32005 32042 W FileUtils: Failed to chmod(/storage/emulated/0/baidu/pushservice/database/pushstat_4.5.6.db): android.system.ErrnoException: chmod failed: EPERM (Operation not permitted)
12-29 07:01:14.623 32005 32005 W ResourcesManager: Asset path '/system/framework/android.test.runner.jar' does not exist or contains no resources.
12-29 07:01:14.624 32005 32005 I Process : Sending signal. PID: 32005 SIG: 9
12-29 07:01:14.634 10868 10868 I dex2oat : dex2oat took 197.593ms (threads: 8) arena alloc=245KB java alloc=662KB native alloc=4MB free=3MB
12-29 07:01:14.663 10843 10843 D houdini : [10843] Added shared library /data/app/com.popcap.pvz2bddk-1/lib/arm/libmegjb.so for ClassLoader by Native Bridge.
12-29 07:01:14.667 10843 10843 D 9528    : -------------------v.2 false
12-29 07:01:14.671 10843 10843 I xyf     : cpu_abi:armeabi-v7a
12-29 07:01:14.673  2169 13566 I ActivityManager: Process com.baidu.BaiduMap:bdservice_v1 (pid 32005) has died
12-29 07:01:14.673  2169  2240 D WifiService: Client connection lost with reason: 4
12-29 07:01:14.673  2169 13566 W ActivityManager: Scheduling restart of crashed service com.baidu.BaiduMap/com.baidu.android.pushservice.PushService in 1000ms
12-29 07:01:14.675 10843 10843 D houdini : [10843] Added shared library /data/data/com.popcap.pvz2bddk/.ulibs/decrypt.so for ClassLoader by Native Bridge.
12-29 07:01:14.675 10843 10843 V xyf     : ABI:armeabi-v7a
12-29 07:01:14.675 10843 10843 D houdini : [10843] Added shared library /data/data/com.popcap.pvz2bddk/.ulibs/libunicomsdk.so for ClassLoader by Native Bridge.
12-29 07:01:14.678 10843 10843 D ClientManager: client older: -1 cur: 492
12-29 07:01:14.678 10928 10928 W linker  : [vdso]: unused DT entry: type 0x6ffffef5 arg 0x160
12-29 07:01:14.680 10928 10928 W linker  : [vdso]: unused DT entry: type 0x6ffffef5 arg 0x160
12-29 07:01:14.681 10843 10843 W ResourcesManager: Asset path '/system/framework/android.test.runner.jar' does not exist or contains no resources.
12-29 07:01:14.683 10843 10926 I xyf     : begin
12-29 07:01:14.686 10843 10926 I xyf     : normal
12-29 07:01:14.688 10843 10843 W ResourcesManager: Asset path '/system/framework/android.test.runner.jar' does not exist or contains no resources.
12-29 07:01:14.691 10936 10936 W linker  : [vdso]: unused DT entry: type 0x6ffffef5 arg 0xec
12-29 07:01:14.691 10936 10936 E cutils-trace: Error opening trace file: Permission denied (13)
12-29 07:01:14.691 10936 10936 I dex2oat : /system/bin/dex2oat --runtime-arg -classpath --runtime-arg  --instruction-set=x86 --instruction-set-features=default --runtime-arg -Xrelocate --boot-image=/system/framework/boot.art --dex-file=/data/data/com.popcap.pvz2bddk/.ucache/classez.jar --oat-fd=17 --oat-location=/data/data/com.popcap.pvz2bddk/.ucache/classez.dex --runtime-arg -Xms64m --runtime-arg -Xmx512m
12-29 07:01:14.813 10601 10671 W Unity   : [DeviceUtility] DeviceUtility should be initialized before use, doing it lazily.
12-29 07:01:14.813 10601 10671 W Unity   :  
12-29 07:01:14.813 10601 10671 W Unity   : (Filename: ./artifacts/generated/common/runtime/UnityEngineDebugBindings.gen.cpp Line: 64)
12-29 07:01:14.813 10601 10671 W Unity   : 
12-29 07:01:14.813 10945 10945 I art     : Late-enabling -Xcheck:jni
12-29 07:01:14.814 10945 10945 D houdini : [10945] Initialize library(version: 5.2.2_y.47738 RELEASE)... successfully.
12-29 07:01:14.814  2169  7588 I ActivityManager: Start proc 10945:com.popcap.pvz2cthdbddk:bdservice_v1/u0a75 for broadcast com.popcap.pvz2cthdbddk/com.baidu.android.pushservice.RegistrationReceiver
12-29 07:01:14.831 10945 10945 I ActivityThread: Switching default density from 160 to 240
12-29 07:01:14.835 10945 10945 D houdini : [10945] Added shared library /data/app/com.popcap.pvz2cthdbddk-1/lib/arm/libDexHelper.so for ClassLoader by Native Bridge.
12-29 07:01:14.842 10975 10975 W linker  : [vdso]: unused DT entry: type 0x6ffffef5 arg 0x160
12-29 07:01:14.901 10945 10945 E art     : dlopen("/data/data/com.popcap.pvz2cthdbddk/.cache/libDexHelper-x86.so", RTLD_LAZY) failed: dlopen failed: library "/data/data/com.popcap.pvz2cthdbddk/.cache/libDexHelper-x86.so" not found
12-29 07:01:14.901 10945 10945 E sdk     : DexInstall begin
12-29 07:01:14.901 10945 10945 E sdk     : DexInstall 11111
12-29 07:01:14.901 10945 10945 E sdk     : installSecondarDexs
12-29 07:01:14.901 10945 10945 E sdk     : v19 install
12-29 07:01:14.901 10945 10945 W System  : ClassLoader referenced unknown path: /data/data/com.popcap.pvz2cthdbddk/.cache/classes.jar
12-29 07:01:14.901 10945 10945 E sdk     : DexInstall 22222
12-29 07:01:14.909 10981 10981 W linker  : [vdso]: unused DT entry: type 0x6ffffef5 arg 0xec
12-29 07:01:14.910 10981 10981 E cutils-trace: Error opening trace file: Permission denied (13)
12-29 07:01:14.910 10981 10981 I dex2oat : /system/bin/dex2oat --runtime-arg -classpath --runtime-arg  --instruction-set=x86 --instruction-set-features=default --runtime-arg -Xrelocate --boot-image=/system/framework/boot.art --dex-file=/data/data/com.popcap.pvz2cthdbddk/app_push_lib/plugin-deploy.jar --oat-fd=24 --oat-location=/data/data/com.popcap.pvz2cthdbddk/app_push_dex/plugin-deploy.dex --runtime-arg -Xms64m --runtime-arg -Xmx512m
12-29 07:01:14.975 10936 10936 I dex2oat : dex2oat took 283.680ms (threads: 8) arena alloc=106KB java alloc=2MB native alloc=6MB free=5MB
12-29 07:01:14.976  2169  2198 I art     : Explicit concurrent mark sweep GC freed 8602(489KB) AllocSpace objects, 5(5MB) LOS objects, 33% free, 15MB/23MB, paused 4.294ms total 18.792ms
12-29 07:01:14.977 10843 10926 E xyf     : kill thread is cancel
12-29 07:01:14.979 10843 10843 D houdini : [10843] Added shared library /data/data/com.popcap.pvz2bddk/cache/libunicom.so for ClassLoader by Native Bridge.
12-29 07:01:14.980  1895  1923 E Vold    : Failed to find mounted volume for /storage/usb0/Android/data/com.popcap.pvz2bddk/cache/
12-29 07:01:14.984 10843 10843 W ContextImpl: Failed to ensure directory: /storage/usb0/Android/data/com.popcap.pvz2bddk/cache
12-29 07:01:14.984  1895  1923 E Vold    : Failed to find mounted volume for /storage/usb1/Android/data/com.popcap.pvz2bddk/cache/
12-29 07:01:14.984 10843 10843 W ContextImpl: Failed to ensure directory: /storage/usb1/Android/data/com.popcap.pvz2bddk/cache
12-29 07:01:14.984  1895  1923 E Vold    : Failed to find mounted volume for /storage/usb2/Android/data/com.popcap.pvz2bddk/cache/
12-29 07:01:14.985 10843 10843 W ContextImpl: Failed to ensure directory: /storage/usb2/Android/data/com.popcap.pvz2bddk/cache
12-29 07:01:14.985  1895  1923 E Vold    : Failed to find mounted volume for /storage/usb3/Android/data/com.popcap.pvz2bddk/cache/
12-29 07:01:14.985 10843 10843 W ContextImpl: Failed to ensure directory: /storage/usb3/Android/data/com.popcap.pvz2bddk/cache
12-29 07:01:14.985  1895  1923 E Vold    : Failed to find mounted volume for /storage/sdcard1/Android/data/com.popcap.pvz2bddk/cache/
12-29 07:01:14.985 10843 10843 W ContextImpl: Failed to ensure directory: /storage/sdcard1/Android/data/com.popcap.pvz2bddk/cache
12-29 07:01:14.986  1895  1923 E Vold    : Failed to find mounted volume for /storage/usb0/Android/data/com.popcap.pvz2bddk/cache/
12-29 07:01:14.986 10843 10843 W ContextImpl: Failed to ensure directory: /storage/usb0/Android/data/com.popcap.pvz2bddk/cache
12-29 07:01:14.986  1895  1923 E Vold    : Failed to find mounted volume for /storage/usb1/Android/data/com.popcap.pvz2bddk/cache/
12-29 07:01:14.986 10843 10843 W ContextImpl: Failed to ensure directory: /storage/usb1/Android/data/com.popcap.pvz2bddk/cache
12-29 07:01:14.987  1895  1923 E Vold    : Failed to find mounted volume for /storage/usb2/Android/data/com.popcap.pvz2bddk/cache/
12-29 07:01:14.987 10843 10843 W ContextImpl: Failed to ensure directory: /storage/usb2/Android/data/com.popcap.pvz2bddk/cache
12-29 07:01:14.987  1895  1923 E Vold    : Failed to find mounted volume for /storage/usb3/Android/data/com.popcap.pvz2bddk/cache/
12-29 07:01:14.987 10843 10843 W ContextImpl: Failed to ensure directory: /storage/usb3/Android/data/com.popcap.pvz2bddk/cache
12-29 07:01:14.988  1895  1923 E Vold    : Failed to find mounted volume for /storage/sdcard1/Android/data/com.popcap.pvz2bddk/cache/
12-29 07:01:14.988 10843 10843 W ContextImpl: Failed to ensure directory: /storage/sdcard1/Android/data/com.popcap.pvz2bddk/cache
12-29 07:01:14.993  1895  1923 E Vold    : Failed to find mounted volume for /storage/usb0/Android/data/com.popcap.pvz2bddk/cache/
12-29 07:01:14.994 10843 10843 W ContextImpl: Failed to ensure directory: /storage/usb0/Android/data/com.popcap.pvz2bddk/cache
12-29 07:01:14.994  1895  1923 E Vold    : Failed to find mounted volume for /storage/usb1/Android/data/com.popcap.pvz2bddk/cache/
12-29 07:01:14.996 10843 10843 W ContextImpl: Failed to ensure directory: /storage/usb1/Android/data/com.popcap.pvz2bddk/cache
12-29 07:01:14.996  1895  1923 E Vold    : Failed to find mounted volume for /storage/usb2/Android/data/com.popcap.pvz2bddk/cache/
12-29 07:01:14.999 10843 10843 W ContextImpl: Failed to ensure directory: /storage/usb2/Android/data/com.popcap.pvz2bddk/cache
12-29 07:01:14.999  1895  1923 E Vold    : Failed to find mounted volume for /storage/usb3/Android/data/com.popcap.pvz2bddk/cache/
12-29 07:01:14.999 10843 10843 W ContextImpl: Failed to ensure directory: /storage/usb3/Android/data/com.popcap.pvz2bddk/cache
12-29 07:01:14.999  1895  1923 E Vold    : Failed to find mounted volume for /storage/sdcard1/Android/data/com.popcap.pvz2bddk/cache/
12-29 07:01:14.999 10843 10843 W ContextImpl: Failed to ensure directory: /storage/sdcard1/Android/data/com.popcap.pvz2bddk/cache
12-29 07:01:15.003 10843 10843 I hashcode: hashcode = 5504
12-29 07:01:15.012  1895  1923 E Vold    : Failed to find mounted volume for /storage/usb0/Android/data/com.popcap.pvz2bddk/cache/
12-29 07:01:15.012 10843 10843 W ContextImpl: Failed to ensure directory: /storage/usb0/Android/data/com.popcap.pvz2bddk/cache
12-29 07:01:15.012  1895  1923 E Vold    : Failed to find mounted volume for /storage/usb1/Android/data/com.popcap.pvz2bddk/cache/
12-29 07:01:15.012 10843 10843 W ContextImpl: Failed to ensure directory: /storage/usb1/Android/data/com.popcap.pvz2bddk/cache
12-29 07:01:15.013  1895  1923 E Vold    : Failed to find mounted volume for /storage/usb2/Android/data/com.popcap.pvz2bddk/cache/
12-29 07:01:15.013 10843 10843 W ContextImpl: Failed to ensure directory: /storage/usb2/Android/data/com.popcap.pvz2bddk/cache
12-29 07:01:15.013  1895  1923 E Vold    : Failed to find mounted volume for /storage/usb3/Android/data/com.popcap.pvz2bddk/cache/
12-29 07:01:15.013 10843 10843 W ContextImpl: Failed to ensure directory: /storage/usb3/Android/data/com.popcap.pvz2bddk/cache
12-29 07:01:15.013  1895  1923 E Vold    : Failed to find mounted volume for /storage/sdcard1/Android/data/com.popcap.pvz2bddk/cache/
12-29 07:01:15.013 10843 10843 W ContextImpl: Failed to ensure directory: /storage/sdcard1/Android/data/com.popcap.pvz2bddk/cache
12-29 07:01:15.015  2169  2240 D WifiService: New client listening to asynchronous messages
12-29 07:01:15.015 10843 10992 I unipaysdk: unipaysdk-2.1.1L2111B0806 channelId:00012449
12-29 07:01:15.019 10843 10843 I unipaysdk: unipaysdk-2.1.1L2111B0806 channelId:00012449
12-29 07:01:15.054 10601 10671 I Unity   : HouseKeeper - End
12-29 07:01:15.054 10601 10671 I Unity   :  
12-29 07:01:15.054 10601 10671 I Unity   : (Filename: ./artifacts/generated/common/runtime/UnityEngineDebugBindings.gen.cpp Line: 64)
12-29 07:01:15.054 10601 10671 I Unity   : 
12-29 07:01:15.069 10601 10671 I Unity   : SkyNet.Init: Init
12-29 07:01:15.069 10601 10671 I Unity   :  
12-29 07:01:15.069 10601 10671 I Unity   : (Filename: ./artifacts/generated/common/runtime/UnityEngineDebugBindings.gen.cpp Line: 64)
12-29 07:01:15.069 10601 10671 I Unity   : 
12-29 07:01:15.074 10601 10671 I Unity   : getFeedbackConfig 1.4.1:
12-29 07:01:15.074 10601 10671 I Unity   :  
12-29 07:01:15.074 10601 10671 I Unity   : (Filename: ./artifacts/generated/common/runtime/UnityEngineDebugBindings.gen.cpp Line: 64)
12-29 07:01:15.074 10601 10671 I Unity   : 
12-29 07:01:15.074 10601 10671 I Unity   : getFeedbackConfig 1.4.2 : 
12-29 07:01:15.074 10601 10671 I Unity   :  
12-29 07:01:15.074 10601 10671 I Unity   : (Filename: ./artifacts/generated/common/runtime/UnityEngineDebugBindings.gen.cpp Line: 64)
12-29 07:01:15.074 10601 10671 I Unity   : 
12-29 07:01:15.075 10601 10671 I Unity   : getFeedbackConfig 1.4.3 : 
12-29 07:01:15.075 10601 10671 I Unity   :  
12-29 07:01:15.075 10601 10671 I Unity   : (Filename: ./artifacts/generated/common/runtime/UnityEngineDebugBindings.gen.cpp Line: 64)
12-29 07:01:15.075 10601 10671 I Unity   : 
12-29 07:01:15.077 10601 10671 E Unity   : hasCheatedSoftware
12-29 07:01:15.078 10601 10996 W System.err: android.content.pm.PackageManager$NameNotFoundException: com.skynet.config
12-29 07:01:15.078 10601 10996 W System.err: 	at android.app.ApplicationPackageManager.getPackageInfo(ApplicationPackageManager.java:114)
12-29 07:01:15.078 10601 10996 W System.err: 	at com.s1.lib.d.b.c(SourceFile:857)
12-29 07:01:15.078 10601 10996 W System.err: 	at com.s1.lib.config.a.c(SourceFile:709)
12-29 07:01:15.078 10601 10996 W System.err: 	at com.skynet.android.Skynet$1.run(SourceFile:193)
12-29 07:01:15.078 10601 10996 W System.err: 	at android.os.Handler.handleCallback(Handler.java:739)
12-29 07:01:15.078 10601 10996 W System.err: 	at android.os.Handler.dispatchMessage(Handler.java:95)
12-29 07:01:15.078 10601 10996 W System.err: 	at android.os.Looper.loop(Looper.java:135)
12-29 07:01:15.078 10601 10996 W System.err: 	at android.os.HandlerThread.run(HandlerThread.java:61)
12-29 07:01:15.078 10601 10996 I Skynet  : found another way to go to happiness or hell
12-29 07:01:15.078 10601 10996 I Skynet  : pf=1
12-29 07:01:15.078 10601 10996 I Skynet  : gt=2
12-29 07:01:15.079 10981 10981 I dex2oat : dex2oat took 169.089ms (threads: 8) arena alloc=854KB java alloc=672KB native alloc=4MB free=3MB
12-29 07:01:15.081 10945 10945 D houdini : [10945] Added shared library /data/app/com.popcap.pvz2cthdbddk-1/lib/arm/libmegjb.so for ClassLoader by Native Bridge.
12-29 07:01:15.083 10601 10996 I DES     : plugins.xml: <?xml version="1.0.0" encoding="utf-8"?>
12-29 07:01:15.083 10601 10996 I DES     : <plugins>
12-29 07:01:15.083 10601 10996 I DES     : 
12-29 07:01:15.083 10601 10996 I DES     :     <plugin
12-29 07:01:15.083 10601 10996 I DES     :         name="skynet_base"
12-29 07:01:15.083 10601 10996 I DES     :         class="com.skynet.android.impl.SkynetPlugin"
12-29 07:01:15.083 10601 10996 I DES     :         description=""
12-29 07:01:15.083 10601 10996 I DES     :         required="true"
12-29 07:01:15.083 10601 10996 I DES     :         version="1.0.0" />
12-29 07:01:15.083 10601 10996 I DES     : 
12-29 07:01:15.083 10601 10996 I DES     :     <plugin
12-29 07:01:15.083 10601 10996 I DES     :         name="user"
12-29 07:01:15.083 10601 10996 I DES     :         class="com.skynet.android.user.frame.UserPlugin"
12-29 07:01:15.083 10601 10996 I DES     :         description=""
12-29 07:01:15.083 10601 10996 I DES     :         required="true"
12-29 07:01:15.083 10601 10996 I DES     :         version="1.0.0" />
12-29 07:01:15.083 10601 10996 I DES     : 
12-29 07:01:15.083 10601 10996 I DES     :     <plugin
12-29 07:01:15.083 10601 10996 I DES     :         name="norm"
12-29 07:01:15.083 10601 10996 I DES     :         class="com.skynet.android.game.GamePlugin"
12-29 07:01:15.083 10601 10996 I DES     :         description=""
12-29 07:01:15.083 10601 10996 I DES     :         version="1.0.0" />
12-29 07:01:15.083 10601 10996 I DES     : 
12-29 07:01:15.083 10601 10996 I DES     :     <plugin
12-29 07:01:15.083 10601 10996 I DES     :         name="user_qihoo_sns"
12-29 07:01:15.083 10601 10996 I DES     :         class="com.skynet.android.qihoo.QihooPlugin"
12-29 07:01:15.083 10601 10996 I DES     :         description="360_SNS_SDK"
12-29 07:01:15.083 10601 10996 I DES     :         interfaces="OnAppInitListener"
12-29 07:01:15.083 10601 10996 I DES     :         version="1.0.0" />
12-29 07:01:15.083 10601 10996 I DES     : 
12-29 07:01:15.083 10601 10996 I DES     :     <plugin
12-29 07:01:15.083 10601 10996 I DES     :         name="sns"
12-29 07:01:15.083 10601 10996 I DES     :         class="com.skynet.android.sns.SnsPlugin"
12-29 07:01:15.083 10601 10996 I DES     :         description=""
12-29 07:01:15.083 10601 10996 I DES     :         version="1.0.0" />
12-29 07:01:15.083 10601 10996 I DES     : 
12-29 07:01:15.083 10601 10996 I DES     :     <plugin
12-29 07:01:15.083 10601 10996 I DES     :         name="user_ledou"
12-29 07:01:15.083 10601 10996 I DES     :         class="com.skynet.android.user.ledou.LedouPlugin"
12-29 07:01:15.083 10601 10996 I DES     :         description=""
12-29 07:01:15.083 10601 10996 I DES     :         version="1.0.0" />
12-29 07:01:15.083 10601 10996 I DES     : 
12-29 07:01:15.083 10601 10996 I DES     :     <plugin
12-29 07:01:15.083 10601 10996 I DES     :         name="user_qq"
12-29 07:01:15.083 10601 10996 I DES     :         class="com.skynet.android.user.qq.QQPlugin"
12-29 07:01:15.083 10601 10996 I DES     :         description="QQ"
12-29 07:01:15.083 10601 10996 I DES     :         version="1.0.0" />
12-29 07:01:15.083 10601 10996 I DES     : 
12-29 07:01:15.083 10601 10996 I DES     :     <plugin
12-29 07:01:15.083 10601 10996 I DES     :         name="user_sina"
12-29 07:01:15.083 10601 10996 I DES     :         class="com.skynet.android.user.sina.SinaPlugin"
12-29 07:01:15.083 10601 10996 I DES     :         description=""
12-29 07:01:15.083 10601 10996 I DES     :         version="1.0.0" /> 
12-29 07:01:15.083 10601 10996 I DES     : 
12-29 07:01:15.083 10601 10996 I DES     :     <plugin
12-29 07:01:15.083 10601 10996 I DES     :         name="notice"
12-29 07:01:15.083 10601 10996 I DES     :         class="com.skynet.android.notice.NoticePlugin"
12-29 07:01:15.083 10601 10996 I DES     :         description=""
12-29 07:01:15.083 10601 10996 I DES     :         version="1.0.0" /> 
12-29 07:01:15.083 10601 10996 I DES     : 
12-29 07:01:15.083 10601 10996 I DES     :     <plugin
12-29 07:01:15.083 10601 10996 I DES     :         name="activity"
12-29 07:01:15.083 10601 10996 I DES     :         class="com.skynet.android.activity.impl.ActivityPlugin"
12-29 07:01:15.083 10601 10996 I DES     :         description=""
12-29 07:01:15.083 10601 10996 I DES     :         interfaces="OnLoginListener"
12-29 07:01:15.083 10601 10996 I DES     :         version="1.0.0" /> 
12-29 07:01:15.083 10601 10996 I DES     : 
12-29 07:01:15.083 10601 10996 I DES     :     <plugin
12-29 07:01:15.083 10601 10996 I DES     :         name="weixin"
12-29 07:01:15.083 10601 10996 I DES     :         class="com.skynet.android.weixin.WeixinPlugin"
12-29 07:01:15.083 10601 10996 I DES     :         description="" 
12-29 07:01:15.083 10601 10996 I DES     :         version="1.0.0"/>
12-29 07:01:15.083 10601 10996 I DES     : 		
12-29 07:01:15.083 10601 10996 I DES     :     <plugin
12-29 07:01:15.083 10601 10996 I DES     :         name="user_tencent"
12-29 07:01:15.083 10601 10996 I DES     :         class="com.skynet.android.user.tencent.TencentUserPlugin"
12-29 07:01:15.083 10601 10996 I DES     :         description=""
12-29 07:01:15.083 10601 10996 I DES     :         version="1.0.0" />  
12-29 07:01:15.083 10601 10996 I DES     :  
12-29 07:01:15.083 10601 10996 I DES     :     <plugin
12-29 07:01:15.083 10601 10996 I DES     :         name="qihoo_data_push"
12-29 07:01:15.083 10601 10996 I DES     :         class="com.skynet.android.qihoo.dataPush.QihooDataPushPlugin"
12-29 07:01:15.083 10601 10996 I DES     :         description="360_PUSH"
12-29 07:01:15.083 10601 10996 I DES     :         interfaces="OnAppInitListener"
12-29 07:01:15.083 10601 10996 I DES     :         version="1.0.0" /> 
12-29 07:01:15.083 10601 10996 I DES     : 		
12-29 07:01:15.083 10601 10996 I DES     : 	<plugin
12-29 07:01:15.083 10601 10996 I DES     :         name="activity_h5"
12-29 07:01:15.083 10601 10996 I DES     :         class="com.skynet.android.activity.v3.SkynetActivityPlugin"
12-29 07:01:15.083 10601 10996 I DES     :         description="" 
12-29 07:01:15.083 10601 10996 I DES     :         interfaces="OnLoginListener"
12-29 07:01:15.083 10601 10996 I DES     :         version="1.0.0" /> 
12-29 07:01:15.083 10601 10996 I DES     : 	 
12-29 07:01:15.083 10601 10996 I DES     : 	<plugin
12-29 07:01:15.083 10601 10996 I DES     :         name="pay_ledou"
12-29 07:01:15.083 10601 10996 I DES     :         class="com.skynet.android.payment.ledou.LedouPaymentPlugin" 
12-29 07:01:15.083 10601 10996 I DES     :         description="SDK" 
12-29 07:01:15.083 10601 10996 I DES     :         version="1.0.0" />  
12-29 07:01:15.083 10601 10996 I DES     :         
12-29 07:01:15.083 10601 10996 I DES     :     <plugin
12-29 07:01:15.083 10601 10996 I DES     :         name="pay_qihoo"
12-29 07:01:15.083 10601 10996 I DES     :         class="com.skynet.android.payment.qihoopay.QihooPayPlugin"
12-29 07:01:15.083 10601 10996 I DES     :         description="360"
12-29 07:01:15.083 10601 10996 I DES     :         version="1.0.0" />  
12-29 07:01:15.083 10601 10996 I DES     :    
12-29 07:01:15.083 10601 10996 I DES     : 	<plugin 
12-29 07:01:15.083 10601 10996 I DES     : 		name="forum" 
