12-29 07:01:15.083 10601 10996 I DES     : 		class="com.idreamsky.plugin.forum.ForumPlugin" 
12-29 07:01:15.083 10601 10996 I DES     : 		description="" 
12-29 07:01:15.083 10601 10996 I DES     : 		version="1.0" 
12-29 07:01:15.083 10601 10996 I DES     : 		versionCode="1"/>
12-29 07:01:15.083 10601 10996 I DES     : 		
12-29 07:01:15.083 10601 10996 I DES     : 	<plugin 
12-29 07:01:15.083 10601 10996 I DES     : 		name="xiaomi" 
12-29 07:01:15.083 10601 10996 I DES     : 		class="com.skynet.android.xiaomi.Xiaomi" 
12-29 07:01:15.083 10601 10996 I DES     : 		description=""  
12-29 07:01:15.083 10601 10996 I DES     : 		version="1.0" 
12-29 07:01:15.083 10601 10996 I DES     : 		versionCode="1"/>
12-29 07:01:15.083 10601 10996 I DES     : 		
12-29 07:01:15.083 10601 10996 I DES     : 	<plugin 
12-29 07:01:15.083 10601 10996 I DES     : 		name="xiaomi_pay" 
12-29 07:01:15.083 10601 10996 I DES     : 		class="com.skynet.android.xiaomi.MiPay" 
12-29 07:01:15.083 10601 10996 I DES     : 		description=""  
12-29 07:01:15.083 10601 10996 I DES     : 		version="1.0" 
12-29 07:01:15.083 10601 10996 I DES     : 		versionCode="1"/>
12-29 07:01:15.083 10601 10996 I DES     : 		
12-29 07:01:15.083 10601 10996 I DES     : 	<plugin 
12-29 07:01:15.083 10601 10996 I DES     : 		name="operating" 
12-29 07:01:15.083 10601 10996 I DES     : 		class="com.skynet.android.activitiesbox.OperatingPlugin" 
12-29 07:01:15.083 10601 10996 I DES     : 		description="operating"  
12-29 07:01:15.083 10601 10996 I DES     : 		version="1.0" 
12-29 07:01:15.083 10601 10996 I DES     : 		versionCode="1"/>
12-29 07:01:15.083 10601 10996 I DES     :    
12-29 07:01:15.083 10601 10996 I DES     : 	<plugin
12-29 07:01:15.083 10601 10996 I DES     :         name="sina"
12-29 07:01:15.083 10601 10996 I DES     :         class="com.skynet.android.sina.Sina"
12-29 07:01:15.083 10601 10996 I DES     :         description=""
12-29 07:01:15.083 10601 10996 I DES     :         version="1.0.0" />  
12-29 07:01:15.083 10601 10996 I DES     : 		
12-29 07:01:15.083 10601 10996 I DES     : 	<plugin
12-29 07:01:15.083 10601 10996 I DES     : 		name="uc"
12-29 07:01:15.083 10601 10996 I DES     : 		class="com.skynet.android.uc.UC"
12-29 07:01:15.083 10601 10996 I DES     : 		description="UC"
12-29 07:01:15.083 10601 10996 I DES     : 		version="1.0.0" />  
12-29 07:01:15.083 10601 10996 I DES     : 	
12-29 07:01:15.083 10601 10996 I DES     : 	<plugin
12-29 07:01:15.083 10601 10996 I DES     : 		name="uc_pay"
12-29 07:01:15.083 10601 10996 I DES     : 		class="com.skynet.android.uc.UCPay"
12-29 07:01:15.083 10601 10996 I DES     : 		description="UC_Pay"
12-29 07:01:15.083 10601 10996 I DES     : 		version="1.0.0" />
12-29 07:01:15.083 10601 10996 I DES     : 		
12-29 07:01:15.083 10601 10996 I DES     : 	<plugin
12-29 07:01:15.083 10601 10996 I DES     : 		name="amigo_pay"
12-29 07:01:15.083 10601 10996 I DES     : 		class="com.skynet.android.amigo.AmigoPay"
12-29 07:01:15.083 10601 10996 I DES     : 		description="Amigo_Pay"
12-29 07:01:15.083 10601 10996 I DES     : 		version="1.0.0" />
12-29 07:01:15.083 10601 10996 I DES     : 		
12-29 07:01:15.083 10601 10996 I DES     :     <plugin
12-29 07:01:15.083 10601 10996 I DES     : 		name="amigo"
12-29 07:01:15.083 10601 10996 I DES     : 		class="com.skynet.android.amigo.Amigo"
12-29 07:01:15.083 10601 10996 I DES     : 		description="Amigo"
12-29 07:01:15.083 10601 10996 I DES     : 		version="1.0.0" />  
12-29 07:01:15.083 10601 10996 I DES     : 		
12-29 07:01:15.083 10601 10996 I DES     :     <plugin
12-29 07:01:15.083 10601 10996 I DES     : 		name="ftn
12-29 07:01:15.085  2169  7590 W ActivityManager: getRunningAppProcesses: caller 10075 does not hold REAL_GET_TASKS; limiting output
12-29 07:01:15.085 10945 10945 I unipaysdk: pid:10945 process:com.popcap.pvz2cthdbddk:bdservice_v1
12-29 07:01:15.086 10601 10996 I PluginManager: supported plugins:
12-29 07:01:15.086 10601 10996 I PluginManager: [
12-29 07:01:15.086 10601 10996 I PluginManager: SDK 1.0.0
12-29 07:01:15.086 10601 10996 I PluginManager:  1.0.0
12-29 07:01:15.086 10601 10996 I PluginManager: lbs 1.0.0
12-29 07:01:15.086 10601 10996 I PluginManager:  1.0.0
12-29 07:01:15.086 10601 10996 I PluginManager:  1.0.0
12-29 07:01:15.086 10601 10996 I PluginManager:  1.0.0
12-29 07:01:15.086 10601 10996 I PluginManager:  1.0.0
12-29 07:01:15.086 10601 10996 I PluginManager:  1.0.0
12-29 07:01:15.086 10601 10996 I PluginManager: operating 1.0
12-29 07:01:15.086 10601 10996 I PluginManager:  1.0.0
12-29 07:01:15.086 10601 10996 I PluginManager: baidu 1.0.0
12-29 07:01:15.086 10601 10996 I PluginManager:  1.0.0
12-29 07:01:15.086 10601 10996 I PluginManager:  1.0.0
12-29 07:01:15.086 10601 10996 I PluginManager: baidu pay 1.0.0
12-29 07:01:15.086 10601 10996 I PluginManager:  1.0.0
12-29 07:01:15.086 10601 10996 I PluginManager:  1.0.0
12-29 07:01:15.086 10601 10996 I PluginManager: ]
12-29 07:01:15.087 10945 10945 D ClientManager: client older: -1 cur: 730
12-29 07:01:15.089 10945 10945 W ResourcesManager: Asset path '/system/framework/android.test.runner.jar' does not exist or contains no resources.
12-29 07:01:15.091 10945 10945 E ClientManager: GetClients:
12-29 07:01:15.091 10945 10945 E ClientManager: java.lang.NullPointerException: Attempt to get length of null array
12-29 07:01:15.091 10945 10945 E ClientManager: 	at javax.crypto.Cipher.doFinal(Cipher.java:1340)
12-29 07:01:15.091 10945 10945 E ClientManager: 	at com.baidu.frontia.base.util.AESUtil.decrypt(SourceFile:85)
12-29 07:01:15.091 10945 10945 E ClientManager: 	at com.baidu.android.pushservice.b.b.a(Unknown Source)
12-29 07:01:15.091 10945 10945 E ClientManager: 	at com.baidu.android.pushservice.b.b.b(Unknown Source)
12-29 07:01:15.091 10945 10945 E ClientManager: 	at com.baidu.android.pushservice.b.b.<init>(Unknown Source)
12-29 07:01:15.091 10945 10945 E ClientManager: 	at com.baidu.android.pushservice.b.b.a(Unknown Source)
12-29 07:01:15.091 10945 10945 E ClientManager: 	at com.baidu.android.pushservice.internal.RegistrationReceiver.a(Unknown Source)
12-29 07:01:15.091 10945 10945 E ClientManager: 	at com.baidu.android.pushservice.internal.RegistrationReceiver.onReceive(Unknown Source)
12-29 07:01:15.091 10945 10945 E ClientManager: 	at com.baidu.android.pushservice.apiproxy.BridgeReceiver.RegistrationReceiverOnReceive(Unknown Source)
12-29 07:01:15.091 10945 10945 E ClientManager: 	at com.baidu.android.pushservice.RegistrationReceiver$1.run(Unknown Source)
12-29 07:01:15.091 10945 10945 E ClientManager: 	at com.baidu.android.pushservice.LoadExecutor.excuteMethod(Unknown Source)
12-29 07:01:15.091 10945 10945 E ClientManager: 	at com.baidu.android.pushservice.RegistrationReceiver.onReceive(Unknown Source)
12-29 07:01:15.091 10945 10945 E ClientManager: 	at android.app.ActivityThread.handleReceiver(ActivityThread.java:2609)
12-29 07:01:15.091 10945 10945 E ClientManager: 	at android.app.ActivityThread.access$1700(ActivityThread.java:151)
12-29 07:01:15.091 10945 10945 E ClientManager: 	at android.app.ActivityThread$H.handleMessage(ActivityThread.java:1380)
12-29 07:01:15.091 10945 10945 E ClientManager: 	at android.os.Handler.dispatchMessage(Handler.java:102)
12-29 07:01:15.091 10945 10945 E ClientManager: 	at android.os.Looper.loop(Looper.java:135)
12-29 07:01:15.091 10945 10945 E ClientManager: 	at android.app.ActivityThread.main(ActivityThread.java:5254)
12-29 07:01:15.091 10945 10945 E ClientManager: 	at java.lang.reflect.Method.invoke(Native Method)
12-29 07:01:15.091 10945 10945 E ClientManager: 	at java.lang.reflect.Method.invoke(Method.java:372)
12-29 07:01:15.091 10945 10945 E ClientManager: 	at com.android.internal.os.ZygoteInit$MethodAndArgsCaller.run(ZygoteInit.java:903)
12-29 07:01:15.091 10945 10945 E ClientManager: 	at com.android.internal.os.ZygoteInit.main(ZygoteInit.java:698)
12-29 07:01:15.091 10601 10996 I DsTrackstat: initDebugConfig=-1, openLog=false
12-29 07:01:15.091 10601 11007 D BaseRequest: https://in1.feed.uu.cc:443/sdk_init_info?consumer_key=e19081b4527963d70c7a&cgi_name=%5B%22activity%2Fget_active_list%22%5D
12-29 07:01:15.091 10601 11007 D BaseRequest: a_meta:
12-29 07:01:15.091 10601 11007 D BaseRequest: p_meta:
12-29 07:01:15.093 10945 10945 E ClientManager: GetClients:
12-29 07:01:15.093 10945 10945 E ClientManager: java.lang.NullPointerException: Attempt to get length of null array
12-29 07:01:15.093 10945 10945 E ClientManager: 	at javax.crypto.Cipher.doFinal(Cipher.java:1340)
12-29 07:01:15.093 10945 10945 E ClientManager: 	at com.baidu.frontia.base.util.AESUtil.decrypt(SourceFile:85)
12-29 07:01:15.093 10945 10945 E ClientManager: 	at com.baidu.android.pushservice.b.b.a(Unknown Source)
12-29 07:01:15.093 10945 10945 E ClientManager: 	at com.baidu.android.pushservice.b.b.c(Unknown Source)
12-29 07:01:15.093 10945 10945 E ClientManager: 	at com.baidu.android.pushservice.b.b.<init>(Unknown Source)
12-29 07:01:15.093 10945 10945 E ClientManager: 	at com.baidu.android.pushservice.b.b.a(Unknown Source)
12-29 07:01:15.093 10945 10945 E ClientManager: 	at com.baidu.android.pushservice.internal.RegistrationReceiver.a(Unknown Source)
12-29 07:01:15.093 10945 10945 E ClientManager: 	at com.baidu.android.pushservice.internal.RegistrationReceiver.onReceive(Unknown Source)
12-29 07:01:15.093 10945 10945 E ClientManager: 	at com.baidu.android.pushservice.apiproxy.BridgeReceiver.RegistrationReceiverOnReceive(Unknown Source)
12-29 07:01:15.093 10945 10945 E ClientManager: 	at com.baidu.android.pushservice.RegistrationReceiver$1.run(Unknown Source)
12-29 07:01:15.093 10945 10945 E ClientManager: 	at com.baidu.android.pushservice.LoadExecutor.excuteMethod(Unknown Source)
12-29 07:01:15.093 10945 10945 E ClientManager: 	at com.baidu.android.pushservice.RegistrationReceiver.onReceive(Unknown Source)
12-29 07:01:15.093 10945 10945 E ClientManager: 	at android.app.ActivityThread.handleReceiver(ActivityThread.java:2609)
12-29 07:01:15.093 10945 10945 E ClientManager: 	at android.app.ActivityThread.access$1700(ActivityThread.java:151)
12-29 07:01:15.093 10945 10945 E ClientManager: 	at android.app.ActivityThread$H.handleMessage(ActivityThread.java:1380)
12-29 07:01:15.093 10945 10945 E ClientManager: 	at android.os.Handler.dispatchMessage(Handler.java:102)
12-29 07:01:15.093 10945 10945 E ClientManager: 	at android.os.Looper.loop(Looper.java:135)
12-29 07:01:15.093 10945 10945 E ClientManager: 	at android.app.ActivityThread.main(ActivityThread.java:5254)
12-29 07:01:15.093 10945 10945 E ClientManager: 	at java.lang.reflect.Method.invoke(Native Method)
12-29 07:01:15.093 10945 10945 E ClientManager: 	at java.lang.reflect.Method.invoke(Method.java:372)
12-29 07:01:15.093 10945 10945 E ClientManager: 	at com.android.internal.os.ZygoteInit$MethodAndArgsCaller.run(ZygoteInit.java:903)
12-29 07:01:15.093 10945 10945 E ClientManager: 	at com.android.internal.os.ZygoteInit.main(ZygoteInit.java:698)
12-29 07:01:15.093 10601 10996 I SkynetDlog: init
12-29 07:01:15.095 10601 10996 I Dsv2Trackstat: localFile=false
12-29 07:01:15.095 10601 10996 I Dsv2Trackstat: initDebugConfig=-1, openLog=true
12-29 07:01:15.096 10601 11015 D Dsv2Trackstat:  request url http://actsdk.idreamsky.com/
12-29 07:01:15.096 10601 11015 D Dsv2Trackstat: ====DeviceStart|2015-12-29 07:01:15|10389|e19081b4527963d70c7a|1|2.42.0|BD0S0N50666|82np0rrpq8440172s|5.1.1|H170-PRO|00|4|1080|1848|1.5|1500.0|15940|||1.3.1|unknown|unknown|unknown|f7265993dcee5ca7||zh_CN||Android-x86|2.4.7.10
12-29 07:01:15.096 10601 10996 I SkynetPlugin: onInitialize()
12-29 07:01:15.097  2169 20952 W ActivityManager: getTasks: caller 10076 does not hold REAL_GET_TASKS; limiting output
12-29 07:01:15.097 10601 11017 I SkynetDlog: onPlayerLogin
12-29 07:01:15.097 10601 11018 D Dsv2Trackstat:  request url http://actsdk.idreamsky.com/
12-29 07:01:15.097 10601 11018 D Dsv2Trackstat: ====PlayerLogin||2015-12-29 07:01:15|10389|e19081b4527963d70c7a|1|1268503124|2.42.0|BD0S0N50666|82np0rrpq8440172s||0|0|5.1.1|H170-PRO|00|4|1080|1848|1.5|1500.0|15940|||unknown|unknown|unknown|f7265993dcee5ca7|1.3.1|||||zh_CN||Android-x86|2.4.7.10
12-29 07:01:15.098 10601 10996 E PluginEntry: class [com.skynet.android.qihoo.QihooPlugin] not found
12-29 07:01:15.098 10601 10996 E PluginEntry: class [com.skynet.android.qihoo.dataPush.QihooDataPushPlugin] not found
12-29 07:01:15.099 10601 10996 I UserPlugin: onInitialize()
12-29 07:01:15.100  2169 13566 W SensorService: sensor 00000000 already enabled in connection 0x7ffa0fe313c0 (ignoring)
12-29 07:01:15.100  2169 13566 D KbdSensor: poll_activate: dev=0x7ffa17066680 handle=0 enabled=1
12-29 07:01:15.100  2169 13566 D KbdSensor: poll_setDelay: dev=0x7ffa17066680 delay-ns=1000000
12-29 07:01:15.100  2169 20952 D KbdSensor: poll_setDelay: dev=0x7ffa17066680 delay-ns=20000000
12-29 07:01:15.100 10601 10996 I User_MethodsSyncer: u_list=f
12-29 07:01:15.100 10601 10996 E PluginEntry: class [com.skynet.android.user.ledou.LedouPlugin] not found
12-29 07:01:15.100 10601 10996 I User_MethodsSyncer: u_list=f
12-29 07:01:15.100 10601 10996 E PluginEntry: class [com.skynet.android.user.qq.QQPlugin] not found
12-29 07:01:15.100 10601 10996 I User_MethodsSyncer: u_list=f
12-29 07:01:15.100 10601 10996 I User_MethodsSyncer: u_list=f
12-29 07:01:15.100 10601 10996 I User_MethodsSyncer: u_list=f
12-29 07:01:15.100 10601 10996 I User_MethodsSyncer: u_list=f
12-29 07:01:15.100 10601 10996 I User_MethodsSyncer: u_list=f
12-29 07:01:15.101 10601 10996 I UserPlugin: reset login
12-29 07:01:15.102 10601 10996 I AppBlackListChecker: server config apk blackList == []
12-29 07:01:15.103 10601 10671 W ContextImpl: Implicit intents with startService are not safe: Intent { act=com.android.vending.billing.MarketBillingService.BIND } android.content.ContextWrapper.bindService:539 android.content.ContextWrapper.bindService:539 com.kiloo.subwaysurf.BillingService.bindToMarketBillingService:468 
12-29 07:01:15.103  2169  7588 W ActivityManager: Unable to start service Intent { act=com.android.vending.billing.MarketBillingService.BIND } U=0: not found
12-29 07:01:15.103 10601 10671 E BillingService: AndroidBilling: Could not bind to service.
12-29 07:01:15.104 10601 11023 D BaseRequest: http://v1-feed.idreamsky.com/app/init
12-29 07:01:15.104 10601 11023 D BaseRequest: User-Agent:SkyNet/2.0(android:5.1.1;channel:BD0S0N50666;udid:82np0rrpq8440172s;app_version:2.42.0;package:com.kiloo.subwaysurf;sdk_version:2.4.7.10;game_version:v2.42.0_s2.4.7.10;sim_type:-1;platform:1;network_type:wifi;imei:unknown;device_brand:Android-x86;device_model:H170-PRO;resolution:1080X1848;lang:zh_CN;cpu_freq:4200000;game_name:%E5%9C%B0%E9%93%81%E8%B7%91%E9%85%B7;encoded:true)
12-29 07:01:15.104 10601 11023 D BaseRequest: params:{"nudid":"82np0rrpq8440172s","appkey":"e19081b4527963d70c7a","udid":"00000000-02e7-16f6-0033-c5870033c587","sign":"952f6e9586887fcd3cb1ed7f24eb919e"}
12-29 07:01:15.111 10601 10671 D InAppBillingManager: AndroidBilling: No Billing Support Yet!
12-29 07:01:15.112 10601 10671 I Unity   : Restore transactions response: False
12-29 07:01:15.112 10601 10671 I Unity   :  
12-29 07:01:15.112 10601 10671 I Unity   : (Filename: ./artifacts/generated/common/runtime/UnityEngineDebugBindings.gen.cpp Line: 64)
12-29 07:01:15.112 10601 10671 I Unity   : 
12-29 07:01:15.117 10601 10996 I Skynet  : SDK_VERSION=2.4.7.10
12-29 07:01:15.117 10601 10996 D leaderboard: init UserPlugin take time:0
12-29 07:01:15.117 10601 10996 I LedouPaymentPlugin: onInitialize()
12-29 07:01:15.117 10601 10601 I UserPlugin: set login in process true
12-29 07:01:15.117 10601 10996 D LinkPayPlugin: ===>payment.jar isEnabled = true
12-29 07:01:15.117 10601 10601 I RequestCache: key:account/basic_info
12-29 07:01:15.117 10601 10601 I RequestCache: content:{"game":{"id":"10389","name":""},"player":{"avatar_url":"","current_device_udid":"82np0rrpq8440172s","has_password":false,"id":"1268503124","nickname":"player1268503124","phone":"","sso_player_id":""}}_T_em_pCa_che_86400000_T_em_pCa_che_1451308378798
12-29 07:01:15.117 10601 10601 D RequestCache: last_cache_time: 1451308378798 now_time: 1451372475117 time_interval: 64096319 cache_time: 86400000
12-29 07:01:15.119 10601 10601 I UserPlugin: set login in process false
12-29 07:01:15.119 10601 10601 I UserPlugin: onPlayerLoginTack playerId:1268503124 gameId:10389
12-29 07:01:15.120 10601 11027 D Dsv2Trackstat:  request url http://actsdk.idreamsky.com/
12-29 07:01:15.120 10601 11027 D Dsv2Trackstat: ====PlayerLogin||2015-12-29 07:01:15|10389|e19081b4527963d70c7a|1|1268503124|2.42.0|BD0S0N50666|82np0rrpq8440172s||0|0|5.1.1|H170-PRO|00|4|1080|1848|1.5|1500.0|15940|||unknown|unknown|unknown|f7265993dcee5ca7|1.3.1|||||zh_CN||Android-x86|2.4.7.10
12-29 07:01:15.120 10601 10601 I LBS     : onInitialize()
12-29 07:01:15.120 10601 10601 I SkynetActivityPlugin: onInitialize()
12-29 07:01:15.121 10601 10601 I ActivityPlugin: onInitialize()
12-29 07:01:15.121 10601 10601 I RequestCache: key:skynet_plugin_game_config
12-29 07:01:15.121 10601 10601 I RequestCache: content:{"sdk_switcher":{"agsdk_notice_lock":0,"duoku_api_switcher":0}}_T_em_pCa_che_43200000_T_em_pCa_che_1451308379399
12-29 07:01:15.121 10601 11026 I IdskyCache: User-Agent:SkyNet/2.0(android:5.1.1;channel:BD0S0N50666;udid:82np0rrpq8440172s;app_version:2.42.0;package:com.kiloo.subwaysurf;sdk_version:pay-3.2.1.27;network_type:wifi;imei:unknown;device_brand:Android-x86;device_model:H170-PRO;resolution:1080X1848;lang:zh_CN;cpu_freq:4200000;game_name:%E5%9C%B0%E9%93%81%E8%B7%91%E9%85%B7;encoded:true;local_time:20151229070115+0000)
12-29 07:01:15.121 10601 10601 D RequestCache: last_cache_time: 1451308379399 now_time: 1451372475121 time_interval: 64095722 cache_time: 43200000
12-29 07:01:15.121 10601 10601 W System.err: org.json.JSONException: End of input at character 0 of 
12-29 07:01:15.121 10601 10601 W System.err: 	at org.json.JSONTokener.syntaxError(JSONTokener.java:450)
12-29 07:01:15.121 10601 10601 W System.err: 	at org.json.JSONTokener.nextValue(JSONTokener.java:97)
12-29 07:01:15.121 10601 10601 W System.err: 	at org.json.JSONObject.<init>(JSONObject.java:156)
12-29 07:01:15.121 10601 10601 W System.err: 	at org.json.JSONObject.<init>(JSONObject.java:173)
12-29 07:01:15.121 10601 10601 W System.err: 	at com.s1.lib.internal.n.b(SourceFile:144)
12-29 07:01:15.121 10601 10601 W System.err: 	at com.skynet.android.impl.SkynetPlugin.getGameConfig(SourceFile:141)
12-29 07:01:15.121 10601 10601 W System.err: 	at com.skynet.android.lbs.LBS.onUserLoggedIn(SourceFile:65)
12-29 07:01:15.121 10601 10601 W System.err: 	at com.skynet.android.user.frame.UserPlugin.invokeLoginDependedPlugins(SourceFile:1004)
12-29 07:01:15.121 10601 10601 W System.err: 	at com.skynet.android.user.frame.UserPlugin.onBackgroundLoginFinished(SourceFile:982)
12-29 07:01:15.121 10601 10601 W System.err: 	at com.skynet.android.user.frame.UserPlugin.access$1700(SourceFile:87)
12-29 07:01:15.121 10601 10601 W System.err: 	at com.skynet.android.user.frame.ag.a(SourceFile:955)
12-29 07:01:15.121 10601 10601 W System.err: 	at com.skynet.android.user.frame.UserPlugin.getAccountInfo(SourceFile:1533)
12-29 07:01:15.121 10601 10601 W System.err: 	at com.skynet.android.user.frame.UserPlugin.getAccountInfo(SourceFile:1637)
12-29 07:01:15.121 10601 10601 W System.err: 	at com.skynet.android.user.frame.UserPlugin.backgroundLogin(SourceFile:719)
12-29 07:01:15.121 10601 10601 W System.err: 	at com.skynet.android.user.frame.UserPlugin.access$1100(SourceFile:87)
12-29 07:01:15.121 10601 10601 W System.err: 	at com.skynet.android.user.frame.br.run(SourceFile:662)
12-29 07:01:15.121 10601 10601 W System.err: 	at android.os.Handler.handleCallback(Handler.java:739)
12-29 07:01:15.121 10601 10601 W System.err: 	at android.os.Handler.dispatchMessage(Handler.java:95)
12-29 07:01:15.121 10601 11026 W System.err: 	at android.content.pm.PackageManager$NameNotFoundException: com.skynet.config
12-29 07:01:15.121 10601 10601 W System.err: android.os.Looper.loop(Looper.java:135)
12-29 07:01:15.121 10601 10601 W System.err: 	at android.app.ActivityThread.main(ActivityThread.java:5254)
12-29 07:01:15.121 10601 10601 W System.err: 	at java.lang.reflect.Method.invoke(Native Method)
12-29 07:01:15.121 10601 10601 W System.err: 	at java.lang.reflect.Method.invoke(Method.java:372)
12-29 07:01:15.121 10601 10601 W System.err: 	at 	at com.android.internal.os.ZygoteInit$MethodAndArgsCaller.run(ZygoteInit.java:903)
12-29 07:01:15.121 10601 11026 W System.err: 	at android.app.ApplicationPackageManager.getPackageInfo(ApplicationPackageManager.java:114)
12-29 07:01:15.121 10601 10601 W System.err: 	at com.android.internal.os.ZygoteInit.main(ZygoteInit.java:698)
12-29 07:01:15.121 10601 11026 W System.err: com.idsky.lib.utils.b.c(SourceFile:991)
12-29 07:01:15.121 10601 11026 W System.err: 	at com.idsky.lib.config.a.a(SourceFile:186)
12-29 07:01:15.121 10601 11026 W System.err: 	at com.idsky.android.Idsky$1.run(SourceFile:120)
12-29 07:01:15.121 10601 11026 W System.err: 	at android.os.Handler.handleCallback(Handler.java:739)
12-29 07:01:15.121 10601 11026 W System.err: 	at android.os.Handler.dispatchMessage(Handler.java:95)
12-29 07:01:15.121 10601 11026 W System.err: 	at android.os.Looper.loop(Looper.java:135)
12-29 07:01:15.121 10601 11026 W System.err: 	at android.os.HandlerThread.run(HandlerThread.java:61)
12-29 07:01:15.121 10601 11026 I idsyconfig: pf=1
12-29 07:01:15.121 10601 10601 I RequestCache: key:v2/sdk_activity
12-29 07:01:15.121 10601 10601 I RequestCache: content:{"activity_id":"","content":"","leaderboard_url":"","name":"","phone_number":"","update_info":2}_T_em_pCa_che_86400000_T_em_pCa_che_1451308379205
12-29 07:01:15.121 10601 10601 D RequestCache: last_cache_time: 1451308379205 now_time: 1451372475121 time_interval: 64095916 cache_time: 86400000
12-29 07:01:15.121 10601 10601 D ActivityPlugin: sdk_activity:{"activity_id":"","content":"","leaderboard_url":"","name":"","phone_number":"","update_info":2}
12-29 07:01:15.122 10601 11028 D BaseRequest: KEY=8b61acd14a5811186163&d0c2c7b27bcedd5382043c9dd506a50f
12-29 07:01:15.122 10601 11028 D BaseRequest: SBS=GET&https%3A%2F%2Fin1.feed.uu.cc%3A443%2Fgame_config&oauth_consumer_key%3De19081b4527963d70c7a%26oauth_nonce%3D-7980974142997056384%26oauth_signature_method%3DHMAC-SHA1%26oauth_timestamp%3D1451372475%26oauth_token%3D3408b7feac1563d12d92ebe2fa9bcd43056813550%26oauth_version%3D1.0
12-29 07:01:15.122 10601 11028 D BaseRequest: KEY=8b61acd14a5811186163&d0c2c7b27bcedd5382043c9dd506a50f
12-29 07:01:15.122 10601 11028 D BaseRequest: SBS=GET&https%3A%2F%2Fin1.feed.uu.cc%3A443%2Fgame_config&channel_id%3DBD0S0N50666%26consumer_key%3De19081b4527963d70c7a%26nudid%3D82np0rrpq8440172s%26oauth_consumer_key%3De19081b4527963d70c7a%26oauth_nonce%3D-7980974142997056384%26oauth_signature_method%3DHMAC-SHA1%26oauth_timestamp%3D1451372475%26oauth_token%3D3408b7feac1563d12d92ebe2fa9bcd43056813550%26oauth_version%3D1.0%26source_type%3D2%26udid%3D00000000-02e7-16f6-0033-c5870033c587
12-29 07:01:15.122 10601 11028 D BaseRequest: https://in1.feed.uu.cc:443/game_config?source_type=2&channel_id=BD0S0N50666&consumer_key=e19081b4527963d70c7a&udid=00000000-02e7-16f6-0033-c5870033c587&nudid=82np0rrpq8440172s
12-29 07:01:15.122 10601 11028 D BaseRequest: a_meta:pk=com.kiloo.subwaysurf;ic=BD0S0N50666;gv=2.42.0;sv=2.4.7.10
12-29 07:01:15.122 10601 11028 D BaseRequest: p_meta:
12-29 07:01:15.122 10601 11028 D BaseRequest: Authorization:OAuth oauth_consumer_key="e19081b4527963d70c7a", oauth_token="3408b7feac1563d12d92ebe2fa9bcd43056813550", oauth_signature_method="HMAC-SHA1", oauth_signature="62%2FZY6XfDmJ%2Byods0%2FW40GKqMdg%3D", oauth_timestamp="1451372475", oauth_nonce="-7980974142997056384", oauth_version="1.0", oauth_signature_v2="6OlCS87MirgYCSGD7x%2BsrfMP2hU%3D"
12-29 07:01:15.122 10601 11028 D BaseRequest: User-Agent:SkyNet/2.0(android:5.1.1;channel:BD0S0N50666;udid:82np0rrpq8440172s;app_version:2.42.0;package:com.kiloo.subwaysurf;sdk_version:2.4.7.10;game_version:v2.42.0_s2.4.7.10;sim_type:-1;platform:1;network_type:wifi;imei:unknown;device_brand:Android-x86;device_model:H170-PRO;resolution:1080X1848;lang:zh_CN;cpu_freq:4200000;game_name:%E5%9C%B0%E9%93%81%E8%B7%91%E9%85%B7;encoded:true)
12-29 07:01:15.127 10601 10601 I SkynetApi: onSnsInviterInfo:null
12-29 07:01:15.128 10601 11026 I DES     : plugins.xml: <?xml version="1.0.0" encoding="utf-8"?>
12-29 07:01:15.128 10601 11026 I DES     : <plugins>
12-29 07:01:15.128 10601 11026 I DES     :     
12-29 07:01:15.128 10601 11026 I DES     :     <plugin
12-29 07:01:15.128 10601 11026 I DES     :         name="standard"
12-29 07:01:15.128 10601 11026 I DES     :         class="com.idsky.android.standard.StandardPlugin"
12-29 07:01:15.128 10601 11026 I DES     :         description=""
12-29 07:01:15.128 10601 11026 I DES     :         version="1.0.0" />
12-29 07:01:15.128 10601 11026 I DES     : 
12-29 07:01:15.128 10601 11026 I DES     :     <plugin
12-29 07:01:15.128 10601 11026 I DES     :         name="payment"
12-29 07:01:15.128 10601 11026 I DES     :         class="com.idsky.android.frame.PaymentPlugin"
12-29 07:01:15.128 10601 11026 I DES     :         description=""
12-29 07:01:15.128 10601 11026 I DES     :         interfaces="OnAppInitListener"
12-29 07:01:15.128 10601 11026 I DES     :         required="true"
12-29 07:01:15.128 10601 11026 I DES     :         version="1.0.0" />
12-29 07:01:15.128 10601 11026 I DES     : 
12-29 07:01:15.128 10601 11026 I DES     :     <plugin
12-29 07:01:15.128 10601 11026 I DES     :         name="pay_redeem"
12-29 07:01:15.128 10601 11026 I DES     :         class="com.idsky.android.redeem.RedeemPlugin"
12-29 07:01:15.128 10601 11026 I DES     :         description=""
12-29 07:01:15.128 10601 11026 I DES     :         version="1.0.0" />
12-29 07:01:15.128 10601 11026 I DES     : 
12-29 07:01:15.128 10601 11026 I DES     :     <plugin
12-29 07:01:15.128 10601 11026 I DES     :         name="pay_cm"
12-29 07:01:15.128 10601 11026 I DES     :         class="com.idsky.android.cm.CmccPlugin"
12-29 07:01:15.128 10601 11026 I DES     :         description="SDK"
12-29 07:01:15.128 10601 11026 I DES     :         interfaces="OnAppInitListener"
12-29 07:01:15.128 10601 11026 I DES     :         version="1.0.0" />
12-29 07:01:15.128 10601 11026 I DES     : 
12-29 07:01:15.128 10601 11026 I DES     :     <plugin
12-29 07:01:15.128 10601 11026 I DES     :         name="pay_mm"
12-29 07:01:15.128 10601 11026 I DES     :         class="com.idsky.android.mm.MMPlugin"
12-29 07:01:15.128 10601 11026 I DES     :         description="MM "
12-29 07:01:15.128 10601 11026 I DES     :         interfaces="OnAppInitListener"
12-29 07:01:15.128 10601 11026 I DES     :         version="1.0.0" />
12-29 07:01:15.128 10601 11026 I DES     : 
12-29 07:01:15.128 10601 11026 I DES     :     <plugin
12-29 07:01:15.128 10601 11026 I DES     :         name="pay_sms_mm"
12-29 07:01:15.128 10601 11026 I DES     :         class="com.idsky.android.mm.SmsMmPlugin"
12-29 07:01:15.128 10601 11026 I DES     :         description="MM "
12-29 07:01:15.128 10601 11026 I DES     :         interfaces="OnAppInitListener,OnPauseListener,OnResumeListener"
12-29 07:01:15.128 10601 11026 I DES     :         needProductTypeFilter="true"
12-29 07:01:15.128 10601 11026 I DES     :         showIfPayListAllowed="true"
12-29 07:01:15.128 10601 11026 I DES     :         supportedProductType="1,4"
12-29 07:01:15.128 10601 11026 I DES     :         version="1.0.0" />
12-29 07:01:15.128 10601 11026 I DES     : 
12-29 07:01:15.128 10601 11026 I DES     :   
12-29 07:01:15.128 10601 11026 I DES     :     <plugin
12-29 07:01:15.128 10601 11026 I DES     :         name="pay_cu"
12-29 07:01:15.128 10601 11026 I DES     :         class="com.idsky.android.cu.UnicomPlugin"
12-29 07:01:15.128 10601 11026 I DES     :         description="SDK"
12-29 07:01:15.128 10601 11026 I DES     :         interfaces="OnAppInitListener"
12-29 07:01:15.128 10601 11026 I DES     :         version="1.0.0" />
12-29 07:01:15.128 10601 11026 I DES     : 
12-29 07:01:15.128 10601 11026 I DES     :     <plugin
12-29 07:01:15.128 10601 11026 I DES     :         name="pay_wogame"
12-29 07:01:15.128 10601 11026 I DES     :         class="com.idsky.android.wogame.WoGamePlugin"
12-29 07:01:15.128 10601 11026 I DES     :         description=""
12-29 07:01:15.128 10601 11026 I DES     :         version="1.0.0" />
12-29 07:01:15.128 10601 11026 I DES     : 
12-29 07:01:15.128 10601 11026 I DES     :     <plugin
12-29 07:01:15.128 10601 11026 I DES     :         name="pay_ct"
12-29 07:01:15.128 10601 11026 I DES     :         class="com.idsky.android.ct.TelecomPlugin"
12-29 07:01:15.128 10601 11026 I DES     :         description=""
12-29 07:01:15.128 10601 11026 I DES     :         interfaces="OnAppInitListener,OnPauseListener,OnResumeListener"
12-29 07:01:15.128 10601 11026 I DES     :         version="1.0.0" />
12-29 07:01:15.128 10601 11026 I DES     : 
12-29 07:01:15.128 10601 11026 I DES     :     <plugin
12-29 07:01:15.128 10601 11026 I DES     :         name="pay_ct_pub"
12-29 07:01:15.128 10601 11026 I DES     :         class="com.idsky.android.ct.published.TelecomPlugin"
12-29 07:01:15.128 10601 11026 I DES     :         description=""
12-29 07:01:15.128 10601 11026 I DES     :         version="1.0.0" />
12-29 07:01:15.128 10601 11026 I DES     : 
12-29 07:01:15.128 10601 11026 I DES     :     <plugin
12-29 07:01:15.128 10601 11026 I DES     :         name="pay_cte"
12-29 07:01:15.128 10601 11026 I DES     :         class="com.idsky.android.cte.CtePayPlugin"
12-29 07:01:15.128 10601 11026 I DES     :         description=""
12-29 07:01:15.128 10601 11026 I DES     :         version="1.0.0" />
12-29 07:01:15.128 10601 11026 I DES     : 
12-29 07:01:15.128 10601 11026 I DES     :     <plugin
12-29 07:01:15.128 10601 11026 I DES     :         name="pay_cte_sms"
12-29 07:01:15.128 10601 11026 I DES     :         class="com.idsky.android.cte.sms.SmsCtePlugin"
12-29 07:01:15.128 10601 11026 I DES     :         description=""
12-29 07:01:15.128 10601 11026 I DES     :         version="1.0.0" />
12-29 07:01:15.128 10601 11026 I DES     : 
12-29 07:01:15.128 10601 11026 I DES     :     <plugin
12-29 07:01:15.128 10601 11026 I DES     :         name="pay_alipay"
12-29 07:01:15.128 10601 11026 I DES     :         class="com.idsky.android.alipay.AlipayPlugin"
12-29 07:01:15.128 10601 11026 I DES     :         description=""
12-29 07:01:15.128 10601 11026 I DES     :         version="1.0.0" />
12-29 07:01:15.128 10601 11026 I DES     : 
12-29 07:01:15.128 10601 11026 I DES     : 
12-29 07:01:15.128 10601 11026 I DES     :     <plugin
12-29 07:01:15.128 10601 11026 I DES     :         name="pay_tencent_sms"
12-29 07:01:15.128 10601 11026 I DES     :         class="com.idsky.android.tencent_sms.TencentSmsPlugin"
12-29 07:01:15.128 10601 11026 I DES     :         description=""
12-29 07:01:15.128 10601 11026 I DES     :         interfaces="OnAppInitListener"
12-29 07:01:15.128 10601 11026 I DES     :         version="1.0.0" />
12-29 07:01:15.128 10601 11026 I DES     : 
12-29 07:01:15.128 10601 11026 I DES     :     <plugin
12-29 07:01:15.128 10601 11026 I DES     :         name="pay_cm_online"
12-29 07:01:15.128 10601 11026 I DES     :         class="com.idsky.android.cm_online.CmccPlugin"
12-29 07:01:15.128 10601 11026 I DES     :         description=""
12-29 07:01:15.128 10601 11026 I DES     :         interfaces="OnAppInitListener"
12-29 07:01:15.128 10601 11026 I DES     :         version="1.0.0" />
12-29 07:01:15.128 10601 11026 I DES     : 
12-29 07:01:15.128 10601 11026 I DES     :     <plugin
12-29 07:01:15.128 10601 11026 I DES     :         name="pay_hfsw"
12-29 07:01:15.128 10601 11026 I DES     :         class="com.idsky.android.hfb.HfswSmsPlugin"
12-29 07:01:15.128 10601 11026 I DES     :         description=""
12-29 07:01:15.128 10601 11026 I DES     :         interfaces="OnAppInitListener"
12-29 07:01:15.128 10601 11026 I DES     :         version="1.0.0" />
12-29 07:01:15.128 10601 11026 I DES     : 
12-29 07:01:15.128 10601 11026 I DES     :     <plugin
12-29 07:01:15.128 10601 11026 I DES     :         name="pay_wechat"
12-29 07:01:15.128 10601 11026 I DES     :         class="com.idsky.android.wechat.WechatPayPlugin"
12-29 07:01:15.128 10601 11026 I DES     :         description=""
12-29 07:01:15.128 10601 11026 I DES     :         version="1.0.0" />
12-29 07:01:15.128 10601 11026 I DES     : 
12-29 07:01:15.128 10601 11026 I DES     : 
12-29 07:01:15.128 10601 11026 I DES     :     <plugin
12-29 07:01:15.128 10601 11026 I DES     :         name="pay_cu_ol"
12-29 07:01:15.128 10601 11026 I DES     :         class="com.idsky.android.cu.ol.UnicomOnlinePlugin"
12-29 07:01:15.128 10601 11026 I DES     :         description=""
12-29 07:01:15.128 10601 11026 I DES     :         interfaces="OnAppInitListener"
12-29 07:01:15.128 10601 11026 I DES     :         version="1.0.0" />
12-29 07:01:15.128 10601 11026 I DES     : 
12-29 07:01:15.128 10601 11026 I DES     : 
12-29 07:01:15.128 10601 11026 I DES     :     <plugin
12-29 07:01:15.128 10601 11026 I DES     :         name="pay_baidu_sms"
12-29 07:01:15.128 10601 11026 I DES     :         class="com.idsky.android.baidu.sms.BaiduSmsPlugin"
12-29 07:01:15.128 10601 11026 I DES     :         description="Mdo"
12-29 07:01:15.128 10601 11026 I DES     :         version="1.0.0" />
12-29 07:01:15.128 10601 11026 I DES     : 
12-29 07:01:15.128 10601 11026 I DES     :     <plugin
12-29 07:01:15.128 10601 11026 I DES     :         name="pay_woplus"
12-29 07:01:15.128 10601 11026 I DES     :         class="com.idsky.android.woplus.WoPlusPlugin"
12-29 07:01:15.128 10601 11026 I DES     :         description=""
12-29 07:01:15.128 10601 11026 I DES     :         version="1.0.0" />
12-29 07:01:15.128 10601 11026 I DES     : 
12-29 07:01:15.128 10601 11026 I DES     :     <plugin
12-29 07:01:15.128 10601 11026 I DES     :         name="pay_yeepay"
12-29 07:01:15.128 10601 11026 I DES     :         class="com.idsky.android.yeep
12-29 07:01:15.133 10601 11026 I art     : Rejecting re-init on previously-failed class java.lang.Class<com.idsky.android.ct.acy.b>
12-29 07:01:15.133 10601 11026 I PluginManager: supported plugins:
12-29 07:01:15.133 10601 11026 I PluginManager: [
12-29 07:01:15.133 10601 11026 I PluginManager:  1.0.0
12-29 07:01:15.133 10601 11026 I PluginManager:  1.0.0
12-29 07:01:15.133 10601 11026 I PluginManager:  1.0.0
12-29 07:01:15.133 10601 11026 I PluginManager: SDK 1.0.0
12-29 07:01:15.133 10601 11026 I PluginManager: SDK 1.0.0
12-29 07:01:15.133 10601 11026 I PluginManager:  1.0.0
12-29 07:01:15.133 10601 11026 I PluginManager:  1.0.0
12-29 07:01:15.133 10601 11026 I PluginManager:  1.0.0
12-29 07:01:15.133 10601 11026 I PluginManager: MM  1.0.0
12-29 07:01:15.133 10601 11026 I PluginManager:  1.0.0
12-29 07:01:15.133 10601 11026 I PluginManager:  1.0.0
12-29 07:01:15.133 10601 11026 I PluginManager:  1.0.0
12-29 07:01:15.133 10601 11026 I PluginManager:  1.0.0
12-29 07:01:15.133 10601 11026 I PluginManager: ]
12-29 07:01:15.134 10601 10601 D LinkPayPlugin: ===>payment.jar isEnabled = true
12-29 07:01:15.134 10601 10601 I idskyApi: setAccountInfo in threadmain
12-29 07:01:15.134 10601 10601 I idskyApi: setAccountInfo in get cache
12-29 07:01:15.134 10601 10601 I idskyApi: setAccountInfo in put token
12-29 07:01:15.134 10601 10601 I idskyApi: setAccountInfo in put secret
12-29 07:01:15.134 10601 10601 I idskyApi: setAccountInfo in put user_id
12-29 07:01:15.134 10601 10601 I idskyApi: setAccountInfo in put game_id
12-29 07:01:15.134 10601 10601 I idskyApi: setAccountInfo in put _token_ready
12-29 07:01:15.134 10601 10601 I idskyApi: setAccountInfo in commit
12-29 07:01:15.135 10601 11026 I TelecomPlugin: onInitialize()
12-29 07:01:15.135 10601 11026 I UnicomPlugin: onInitialize()
12-29 07:01:15.136 10601 11026 I CmccPlugin: onInitialize()
12-29 07:01:15.136 10601 11026 E PluginEntry: enter dex loader pay_cm_mp],com.idsky.android.cm.mp
12-29 07:01:15.136 10601 11026 E PluginEntry: class [com.idsky.android.cm.mp.CMMpPlugin] not found
12-29 07:01:15.136 10601 11026 E PluginEntry: could not init plugin entry[pay_cm_mp]
12-29 07:01:15.136 10601 11026 E PluginEntry: error in getInstance(): Attempt to invoke virtual method 'java.lang.reflect.Method java.lang.Class.getDeclaredMethod(java.lang.String, java.lang.Class[])' on a null object reference
12-29 07:01:15.136 10601 11026 I PaymentPlugin: onInitialize()
12-29 07:01:15.153 10601 11026 I DES     : idsky/resouce/idsky_plugins_config.xml:<?xml version="1.0" encoding="utf-8"?>
12-29 07:01:15.153 10601 11026 I DES     : <methods>
12-29 07:01:15.153 10601 11026 I DES     : 
12-29 07:01:15.153 10601 11026 I DES     :     <method
12-29 07:01:15.153 10601 11026 I DES     :         description=""
12-29 07:01:15.153 10601 11026 I DES     :         flag="0x00000001"
12-29 07:01:15.153 10601 11026 I DES     :         iconNormal="cmcc_btn_normal.png"
12-29 07:01:15.153 10601 11026 I DES     :         iconOnClick="cmcc_btn_down.png"
12-29 07:01:15.153 10601 11026 I DES     :         limitDay="50"
12-29 07:01:15.153 10601 11026 I DES     :         limitMonth="100"
12-29 07:01:15.153 10601 11026 I DES     :         methodId="26"
12-29 07:01:15.153 10601 11026 I DES     :         methodLabelStringId="pay_cm"
12-29 07:01:15.153 10601 11026 I DES     :         needCreateOrderAfterPaid="true"
12-29 07:01:15.153 10601 11026 I DES     :         needNetworkFilter="false"
12-29 07:01:15.153 10601 11026 I DES     :         needSelfFilter="true"
12-29 07:01:15.153 10601 11026 I DES     :         needSmsFilter="true"
12-29 07:01:15.153 10601 11026 I DES     :         needSimFilter="true"
12-29 07:01:15.153 10601 11026 I DES     :         payConfigKey="cm"
12-29 07:01:15.153 10601 11026 I DES     :         pluginName="pay_cm"
12-29 07:01:15.153 10601 11026 I DES     :         priority="10"
12-29 07:01:15.153 10601 11026 I DES     : 		isEnabled="true"
12-29 07:01:15.153 10601 11026 I DES     :         supportedSimType="1"
12-29 07:01:15.153 10601 11026 I DES     :         showIfPayListAllowed="true"
12-29 07:01:15.153 10601 11026 I DES     :         needProductStopFilter="true"
12-29 07:01:15.153 10601 11026 I DES     :         needPriceFilter="false"
12-29 07:01:15.153 10601 11026 I DES     :         testLimitDay="0.03"
12-29 07:01:15.153 10601 11026 I DES     :         testLimitMonth="0.05" />
12-29 07:01:15.153 10601 11026 I DES     : 
12-29 07:01:15.153 10601 11026 I DES     :     <method
12-29 07:01:15.153 10601 11026 I DES     :         description="MM"
12-29 07:01:15.153 10601 11026 I DES     :         flag="0x00000100"
12-29 07:01:15.153 10601 11026 I DES     :         iconNormal="cmcc_btn_normal.png"
12-29 07:01:15.153 10601 11026 I DES     :         iconOnClick="cmcc_btn_down.png"
12-29 07:01:15.153 10601 11026 I DES     :         limitDay="50"
12-29 07:01:15.153 10601 11026 I DES     :         limitMonth="100"
12-29 07:01:15.153 10601 11026 I DES     :         methodId="37"
12-29 07:01:15.153 10601 11026 I DES     :         methodLabelStringId="pay_sms_mm"
12-29 07:01:15.153 10601 11026 I DES     :         needCreateOrderAfterPaid="true"
12-29 07:01:15.153 10601 11026 I DES     :         needInitedFilter="true"
12-29 07:01:15.153 10601 11026 I DES     :         needSelfFilter="true"
12-29 07:01:15.153 10601 11026 I DES     :         needSimFilter="true"
12-29 07:01:15.153 10601 11026 I DES     :         needSmsFilter="true"
12-29 07:01:15.153 10601 11026 I DES     :         payConfigKey="mm"
12-29 07:01:15.153 10601 11026 I DES     :         pluginName="pay_sms_mm"
12-29 07:01:15.153 10601 11026 I DES     :         priority="9"
12-29 07:01:15.153 10601 11026 I DES     : 		isEnabled="true"
12-29 07:01:15.153 10601 11026 I DES     :         supportedSimType="1"
12-29 07:01:15.153 10601 11026 I DES     :         showIfPayListAllowed="true"
12-29 07:01:15.153 10601 11026 I DES     :         needProductStopFilter="true"
12-29 07:01:15.153 10601 11026 I DES     :         needPriceFilter="false"
12-29 07:01:15.153 10601 11026 I DES     :         testLimitDay="0.03"
12-29 07:01:15.153 10601 11026 I DES     :         testLimitMonth="0.05" />
12-29 07:01:15.153 10601 11026 I DES     : 
12-29 07:01:15.153 10601 11026 I DES     :     <method
12-29 07:01:15.153 10601 11026 I DES     :         description="MM"
12-29 07:01:15.153 10601 11026 I DES     :         flag="0x00000008"
12-29 07:01:15.153 10601 11026 I DES     :         iconNormal="cmcc_btn_normal.png"
12-29 07:01:15.153 10601 11026 I DES     :         iconOnClick="cmcc_btn_down.png"
12-29 07:01:15.153 10601 11026 I DES     :         limitDay="50"
12-29 07:01:15.153 10601 11026 I DES     :         limitMonth="100"
12-29 07:01:15.153 10601 11026 I DES     :         methodId="16"
12-29 07:01:15.153 10601 11026 I DES     :         methodLabelStringId="pay_mm"
12-29 07:01:15.153 10601 11026 I DES     :         needCreateOrderAfterPaid="true"
12-29 07:01:15.153 10601 11026 I DES     :         needSimFilter="true"
12-29 07:01:15.153 10601 11026 I DES     :         payConfigKey="mm"
12-29 07:01:15.153 10601 11026 I DES     :         pluginName="pay_mm"
12-29 07:01:15.153 10601 11026 I DES     :         priority="8"
12-29 07:01:15.153 10601 11026 I DES     : 		isEnabled="false"
12-29 07:01:15.153 10601 11026 I DES     :         supportedSimType="1"
12-29 07:01:15.153 10601 11026 I DES     :         showIfPayListAllowed="true"
12-29 07:01:15.153 10601 11026 I DES     :         needProductStopFilter="true"
12-29 07:01:15.153 10601 11026 I DES     :         needPriceFilter="false"
12-29 07:01:15.153 10601 11026 I DES     :         testLimitDay="0.03"
12-29 07:01:15.153 10601 11026 I DES     :         testLimitMonth="0.05" />
12-29 07:01:15.153 10601 11026 I DES     : 
12-29 07:01:15.153 10601 11026 I DES     :     <method
12-29 07:01:15.153 10601 11026 I DES     :         description=""
12-29 07:01:15.153 10601 11026 I DES     :         flag="0x00000002"
12-29 07:01:15.153 10601 11026 I DES     :         iconNormal="unicom_btn_normal.png"
12-29 07:01:15.153 10601 11026 I DES     :         iconOnClick="unicom_btn_down.png"
12-29 07:01:15.153 10601 11026 I DES     :         limitDay="50"
12-29 07:01:15.153 10601 11026 I DES     :         limitMonth="100"
12-29 07:01:15.153 10601 11026 I DES     :         methodId="32"
12-29 07:01:15.153 10601 11026 I DES     :         methodLabelStringId="pay_cu"
12-29 07:01:15.153 10601 11026 I DES     :         needCreateOrderAfterPaid="true"
12-29 07:01:15.153 10601 11026 I DES     :         needSimFilter="true"
12-29 07:01:15.153 10601 11026 I DES     :         needSmsFilter="true"
12-29 07:01:15.153 10601 11026 I DES     :         payConfigKey="cu"
12-29 07:01:15.153 10601 11026 I DES     :         pluginName="pay_cu"
12-29 07:01:15.153 10601 11026 I DES     :         priority="10"
12-29 07:01:15.153 10601 11026 I DES     : 		isEnabled="true"
12-29 07:01:15.153 10601 11026 I DES     :         supportedSimType="2"
12-29 07:01:15.153 10601 11026 I DES     :         showIfPayListAllowed="true"
12-29 07:01:15.153 10601 11026 I DES     :         needProductStopFilter="true"
12-29 07:01:15.153 10601 11026 I DES     :         needPriceFilter="false"
12-29 07:01:15.153 10601 11026 I DES     :         testLimitDay="0.03"
12-29 07:01:15.153 10601 11026 I DES     :         testLimitMonth="0.05" />
12-29 07:01:15.153 10601 11026 I DES     : 
12-29 07:01:15.153 10601 11026 I DES     :     <method
12-29 07:01:15.153 10601 11026 I DES     :         description=""
12-29 07:01:15.153 10601 11026 I DES     :         flag="0x00000010"
12-29 07:01:15.153 10601 11026 I DES     :         iconNormal="unicom_btn_normal.png"
12-29 07:01:15.153 10601 11026 I DES     :         iconOnClick="unicom_btn_down.png"
12-29 07:01:15.153 10601 11026 I DES     :         limitDay="50"
12-29 07:01:15.153 10601 11026 I DES     :         limitMonth="100"
12-29 07:01:15.153 10601 11026 I DES     :         methodId="34"
12-29 07:01:15.153 10601 11026 I DES     :         methodLabelStringId="pay_wogame"
12-29 07:01:15.153 10601 11026 I DES     :         needCreateOrderAfterPaid="true"
12-29 07:01:15.153 10601 11026 I DES     :         needSimFilter="true"
12-29 07:01:15.153 10601 11026 I DES     :         needSmsFilter="true"
12-29 07:01:15.153 10601 11026 I DES     :         payConfigKey="wg"
12-29 07:01:15.153 10601 11026 I DES     :         pluginName="pay_wogame"
12-29 07:01:15.153 10601 11026 I DES     :         priority="9"
12-29 07:01:15.153 10601 11026 I DES     : 		isEnabled="false"
12-29 07:01:15.153 10601 11026 I DES     :         supportedSimType="2"
12-29 07:01:15.153 10601 11026 I DES     :         testLimitDay="0.03"
12-29 07:01:15.153 10601 11026 I DES     :         showIfPayListAllowed="true"
12-29 07:01:15.153 10601 11026 I DES     :         needProductStopFilter="true"
12-29 07:01:15.153 10601 11026 I DES     :         needPriceFilter="false"
12-29 07:01:15.153 10601 11026 I DES     :         testLimitMonth="0.05" />
12-29 07:01:15.153 10601 11026 I DES     : 
12-29 07:01:15.153 10601 11026 I DES     :     <method
12-29 07:01:15.153 10601 11026 I DES     :         description=""
12-29 07:01:15.153 10601 11026 I DES     :         flag="0x00000004"
12-29 07:01:15.153 10601 11026 I DES     :         iconNormal="telecom_btn_normal.png"
12-29 07:01:15.153 10601 11026 I DES     :         iconOnClick="telecom_btn_down.png"
12-29 07:01:15.153 10601 11026 I DES     :         limitDay="50"
12-29 07:01:15.153 10601 11026 I DES     :         limitMonth="100"
12-29 07:01:15.153 10601 11026 I DES     :         methodId="7"
12-29 07:01:15.153 10601 11026 I DES     :         methodLabelStringId="pay_ct"
12-29 07:01:15.153 10601 11026 I DES     :         needCreateOrderAfterPaid="true"
12-29 07:01:15.153 10601 11026 I DES     :         needSimFilter="true"
12-29 07:01:15.153 10601 11026 I DES     :         needSmsFilter="true"
12-29 07:01:15.153 10601 11026 I DES     :         payConfigKey="ct_pub"
12-29 07:01:15.153 10601 11026 I DES     :         pluginName="pay_ct"
12-29 07:01:15.153 10601 11026 I DES     :         priority="10"
12-29 07:01:15.153 10601 11026 I DES     : 		isEnabled="true"
12-29 07:01:15.153 10601 11026 I DES     :         supportedSimType="3"
12-29 07:01:15.153 10601 11026 I DES     :         testLimitDay="0.03"
12-29 07:01:15.153 10601 11026 I DES     :       
12-29 07:01:15.158 10601 11026 I CmccPlugin: isEnabled=true
12-29 07:01:15.158 10601 11026 D MethodsSyncer: pay_cmis enable
12-29 07:01:15.165 10601 11026 D CmChannel: 12185043
12-29 07:01:15.165 10601 11026 D SmsMmPlugin: load mm_sms 3.1 ok
12-29 07:01:15.165 10601 11026 D MethodsSyncer: pay_sms_mmis enable
12-29 07:01:15.190 10601 11026 E PluginEntry: enter dex loader pay_mm],com.idsky.android.mm
12-29 07:01:15.190 10601 11026 E PluginEntry: class [com.idsky.android.mm.MMPlugin] not found
12-29 07:01:15.190 10601 11026 E PluginEntry: could not init plugin entry[pay_mm]
12-29 07:01:15.190 10601 11026 E PluginEntry: error in getInstance(): Attempt to invoke virtual method 'java.lang.reflect.Method java.lang.Class.getDeclaredMethod(java.lang.String, java.lang.Class[])' on a null object reference
12-29 07:01:15.190 10601 11026 D MethodsSyncer: pay_cuis enable
12-29 07:01:15.190 10601 11026 E PluginEntry: enter dex loader pay_wogame],com.idsky.android.wogame
12-29 07:01:15.190 10601 11026 E PluginEntry: class [com.idsky.android.wogame.WoGamePlugin] not found
12-29 07:01:15.190 10601 11026 E PluginEntry: could not init plugin entry[pay_wogame]
12-29 07:01:15.190 10601 11026 E PluginEntry: error in getInstance(): Attempt to invoke virtual method 'java.lang.reflect.Method java.lang.Class.getDeclaredMethod(java.lang.String, java.lang.Class[])' on a null object reference
12-29 07:01:15.190 10601 11026 D MethodsSyncer: pay_ctis enable
12-29 07:01:15.191 10601 11026 I TelecomPlugin: ct channel id:null
12-29 07:01:15.191 10601 11026 E PluginEntry: enter dex loader pay_ct_pub],com.idsky.android.ct.published
12-29 07:01:15.191 10601 11026 E PluginEntry: class [com.idsky.android.ct.published.TelecomPlugin] not found
12-29 07:01:15.191 10601 11026 E PluginEntry: could not init plugin entry[pay_ct_pub]
12-29 07:01:15.191 10601 11026 E PluginEntry: error in getInstance(): Attempt to invoke virtual method 'java.lang.reflect.Method java.lang.Class.getDeclaredMethod(java.lang.String, java.lang.Class[])' on a null object reference
12-29 07:01:15.191 10601 11026 E PluginEntry: enter dex loader pay_cte_sms],com.idsky.android.cte.sms
12-29 07:01:15.191 10601 11026 E PluginEntry: class [com.idsky.android.cte.sms.SmsCtePlugin] not found
12-29 07:01:15.191 10601 11026 E PluginEntry: could not init plugin entry[pay_cte_sms]
12-29 07:01:15.191 10601 11026 E PluginEntry: error in getInstance(): Attempt to invoke virtual method 'java.lang.reflect.Method java.lang.Class.getDeclaredMethod(java.lang.String, java.lang.Class[])' on a null object reference
12-29 07:01:15.191 10601 11026 E PluginEntry: enter dex loader pay_cte],com.idsky.android.cte
12-29 07:01:15.191 10601 11026 E PluginEntry: class [com.idsky.android.cte.CtePayPlugin] not found
12-29 07:01:15.191 10601 11026 E PluginEntry: could not init plugin entry[pay_cte]
12-29 07:01:15.191 10601 11026 E PluginEntry: error in getInstance(): Attempt to invoke virtual method 'java.lang.reflect.Method java.lang.Class.getDeclaredMethod(java.lang.String, java.lang.Class[])' on a null object reference
12-29 07:01:15.191 10601 11026 E PluginEntry: enter dex loader pay_tencent_sms],com.idsky.android.tencent_sms
12-29 07:01:15.191 10601 11026 E PluginEntry: class [com.idsky.android.tencent_sms.TencentSmsPlugin] not found
12-29 07:01:15.191 10601 11026 E PluginEntry: could not init plugin entry[pay_tencent_sms]
