12-29 07:01:15.191 10601 11026 E PluginEntry: error in getInstance(): Attempt to invoke virtual method 'java.lang.reflect.Method java.lang.Class.getDeclaredMethod(java.lang.String, java.lang.Class[])' on a null object reference
12-29 07:01:15.191 10601 11026 E PluginEntry: enter dex loader pay_cm_online],com.idsky.android.cm_online
12-29 07:01:15.191 10601 11026 E PluginEntry: class [com.idsky.android.cm_online.CmccPlugin] not found
12-29 07:01:15.191 10601 11026 E PluginEntry: could not init plugin entry[pay_cm_online]
12-29 07:01:15.191 10601 11026 E PluginEntry: error in getInstance(): Attempt to invoke virtual method 'java.lang.reflect.Method java.lang.Class.getDeclaredMethod(java.lang.String, java.lang.Class[])' on a null object reference
12-29 07:01:15.191 10601 11026 D leaderboard: init UserPlugin take time:0
12-29 07:01:15.191 10601 11026 E PluginEntry: enter dex loader pay_hfsw],com.idsky.android.hfb
12-29 07:01:15.191 10601 11026 E PluginEntry: class [com.idsky.android.hfb.HfswSmsPlugin] not found
12-29 07:01:15.191 10601 11026 E PluginEntry: could not init plugin entry[pay_hfsw]
12-29 07:01:15.191 10601 11026 E PluginEntry: error in getInstance(): Attempt to invoke virtual method 'java.lang.reflect.Method java.lang.Class.getDeclaredMethod(java.lang.String, java.lang.Class[])' on a null object reference
12-29 07:01:15.191 10601 11026 E PluginEntry: enter dex loader pay_baidu_sms],com.idsky.android.baidu.sms
12-29 07:01:15.191 10601 11026 E PluginEntry: class [com.idsky.android.baidu.sms.BaiduSmsPlugin] not found
12-29 07:01:15.191 10601 11026 E PluginEntry: could not init plugin entry[pay_baidu_sms]
12-29 07:01:15.191 10601 11026 E PluginEntry: error in getInstance(): Attempt to invoke virtual method 'java.lang.reflect.Method java.lang.Class.getDeclaredMethod(java.lang.String, java.lang.Class[])' on a null object reference
12-29 07:01:15.191 10601 11026 E PluginEntry: enter dex loader pay_woplus],com.idsky.android.woplus
12-29 07:01:15.191 10601 11026 E PluginEntry: class [com.idsky.android.woplus.WoPlusPlugin] not found
12-29 07:01:15.192 10601 11026 E PluginEntry: could not init plugin entry[pay_woplus]
12-29 07:01:15.192 10601 11026 E PluginEntry: error in getInstance(): Attempt to invoke virtual method 'java.lang.reflect.Method java.lang.Class.getDeclaredMethod(java.lang.String, java.lang.Class[])' on a null object reference
12-29 07:01:15.192 10601 11026 E PluginEntry: enter dex loader pay_upmp],com.idsky.android.upmp
12-29 07:01:15.192 10601 11026 E PluginEntry: class [com.idsky.android.upmp.UpmpPlugin] not found
12-29 07:01:15.192 10601 11026 E PluginEntry: could not init plugin entry[pay_upmp]
12-29 07:01:15.192 10601 11026 E PluginEntry: error in getInstance(): Attempt to invoke virtual method 'java.lang.reflect.Method java.lang.Class.getDeclaredMethod(java.lang.String, java.lang.Class[])' on a null object reference
12-29 07:01:15.192 10601 11026 E PluginEntry: enter dex loader pay_yeepay],com.idsky.android.yeepay
12-29 07:01:15.192 10601 11026 E PluginEntry: class [com.idsky.android.yeepay.YeepayChargePlugin] not found
12-29 07:01:15.192 10601 11026 E PluginEntry: could not init plugin entry[pay_yeepay]
12-29 07:01:15.192 10601 11026 E PluginEntry: error in getInstance(): Attempt to invoke virtual method 'java.lang.reflect.Method java.lang.Class.getDeclaredMethod(java.lang.String, java.lang.Class[])' on a null object reference
12-29 07:01:15.192 10601 11026 E PluginEntry: enter dex loader pay_ylpay],com.idsky.android.ylpay
12-29 07:01:15.192 10601 11026 E PluginEntry: class [com.idsky.android.ylpay.YlpayChargePlugin] not found
12-29 07:01:15.192 10601 11026 E PluginEntry: could not init plugin entry[pay_ylpay]
12-29 07:01:15.192 10601 11026 E PluginEntry: error in getInstance(): Attempt to invoke virtual method 'java.lang.reflect.Method java.lang.Class.getDeclaredMethod(java.lang.String, java.lang.Class[])' on a null object reference
12-29 07:01:15.192 10601 11026 E PluginEntry: enter dex loader pay_tenpay],com.idsky.android.tenpay
12-29 07:01:15.192 10601 11026 E PluginEntry: class [com.idsky.android.tenpay.TenpayChargePlugin] not found
12-29 07:01:15.192 10601 11026 E PluginEntry: could not init plugin entry[pay_tenpay]
12-29 07:01:15.192 10601 11026 E PluginEntry: error in getInstance(): Attempt to invoke virtual method 'java.lang.reflect.Method java.lang.Class.getDeclaredMethod(java.lang.String, java.lang.Class[])' on a null object reference
12-29 07:01:15.192 10601 11026 E PluginEntry: enter dex loader pay_cu_net],com.idsky.android.cu.net
12-29 07:01:15.192 10601 11026 E PluginEntry: class [com.idsky.android.cu.net.UnicomOnlinePlugin] not found
12-29 07:01:15.192 10601 11026 E PluginEntry: could not init plugin entry[pay_cu_net]
12-29 07:01:15.192 10601 11026 E PluginEntry: error in getInstance(): Attempt to invoke virtual method 'java.lang.reflect.Method java.lang.Class.getDeclaredMethod(java.lang.String, java.lang.Class[])' on a null object reference
12-29 07:01:15.192 10601 11026 E PluginEntry: enter dex loader pay_ct_net],com.idsky.android.ct.net
12-29 07:01:15.192 10601 11026 E PluginEntry: class [com.idsky.android.ct.net.TelecomPlugin] not found
12-29 07:01:15.192 10601 11026 E PluginEntry: could not init plugin entry[pay_ct_net]
12-29 07:01:15.192 10601 11026 E PluginEntry: error in getInstance(): Attempt to invoke virtual method 'java.lang.reflect.Method java.lang.Class.getDeclaredMethod(java.lang.String, java.lang.Class[])' on a null object reference
12-29 07:01:15.192 10601 11026 E PluginEntry: enter dex loader pay_cm_yy_jd],com.idsky.android.cm.yy.jd
12-29 07:01:15.192 10601 11026 E PluginEntry: class [com.idsky.android.cm.yy.jd.CmYyJdPlugin] not found
12-29 07:01:15.192 10601 11026 E PluginEntry: could not init plugin entry[pay_cm_yy_jd]
12-29 07:01:15.192 10601 11026 E PluginEntry: error in getInstance(): Attempt to invoke virtual method 'java.lang.reflect.Method java.lang.Class.getDeclaredMethod(java.lang.String, java.lang.Class[])' on a null object reference
12-29 07:01:15.192 10601 11026 E PluginEntry: enter dex loader pay_cm_mp],com.idsky.android.cm.mp
12-29 07:01:15.192 10601 11026 E PluginEntry: class [com.idsky.android.cm.mp.CMMpPlugin] not found
12-29 07:01:15.192 10601 11026 E PluginEntry: could not init plugin entry[pay_cm_mp]
12-29 07:01:15.192 10601 11026 E PluginEntry: error in getInstance(): Attempt to invoke virtual method 'java.lang.reflect.Method java.lang.Class.getDeclaredMethod(java.lang.String, java.lang.Class[])' on a null object reference
12-29 07:01:15.192 10601 11026 E PluginEntry: enter dex loader pay_19pay],com.idsky.android.charge19pay
12-29 07:01:15.192 10601 11026 E PluginEntry: class [com.idsky.android.charge19pay.Charge19PayPlugin] not found
12-29 07:01:15.192 10601 11026 E PluginEntry: could not init plugin entry[pay_19pay]
12-29 07:01:15.192 10601 11026 E PluginEntry: error in getInstance(): Attempt to invoke virtual method 'java.lang.reflect.Method java.lang.Class.getDeclaredMethod(java.lang.String, java.lang.Class[])' on a null object reference
12-29 07:01:15.192 10601 11026 E PluginEntry: enter dex loader pay_cm_read_sms],com.idsky.android.cm.read
12-29 07:01:15.192 10601 11026 E PluginEntry: class [com.idsky.android.cm.read.SmsCmReadPlugin] not found
12-29 07:01:15.192 10601 11026 E PluginEntry: could not init plugin entry[pay_cm_read_sms]
12-29 07:01:15.192 10601 11026 E PluginEntry: error in getInstance(): Attempt to invoke virtual method 'java.lang.reflect.Method java.lang.Class.getDeclaredMethod(java.lang.String, java.lang.Class[])' on a null object reference
12-29 07:01:15.193 10601 11026 E PluginEntry: enter dex loader pay_ldb],com.idsky.android.ldb
12-29 07:01:15.193 10601 11026 E PluginEntry: class [com.idsky.android.ldb.LdbPlugin] not found
12-29 07:01:15.193 10601 11026 E PluginEntry: could not init plugin entry[pay_ldb]
12-29 07:01:15.193 10601 11026 E PluginEntry: error in getInstance(): Attempt to invoke virtual method 'java.lang.reflect.Method java.lang.Class.getDeclaredMethod(java.lang.String, java.lang.Class[])' on a null object reference
12-29 07:01:15.193 10601 11026 E PluginEntry: enter dex loader pay_cm_net],com.idsky.android.cm.net
12-29 07:01:15.193 10601 11026 E PluginEntry: class [com.idsky.android.cm.net.CmccNetPlugin] not found
12-29 07:01:15.193 10601 11026 E PluginEntry: could not init plugin entry[pay_cm_net]
12-29 07:01:15.193 10601 11026 E PluginEntry: error in getInstance(): Attempt to invoke virtual method 'java.lang.reflect.Method java.lang.Class.getDeclaredMethod(java.lang.String, java.lang.Class[])' on a null object reference
12-29 07:01:15.193 10601 11026 E PluginEntry: enter dex loader pay_ldmember],com.idsky.android.ldmember
12-29 07:01:15.193 10601 11026 E PluginEntry: class [com.idsky.android.ldmember.LdMemberPlugin] not found
12-29 07:01:15.193 10601 11026 E PluginEntry: could not init plugin entry[pay_ldmember]
12-29 07:01:15.193 10601 11026 E PluginEntry: error in getInstance(): Attempt to invoke virtual method 'java.lang.reflect.Method java.lang.Class.getDeclaredMethod(java.lang.String, java.lang.Class[])' on a null object reference
12-29 07:01:15.193 10601 11026 E PluginEntry: enter dex loader pay_cm_dmjd],com.idsky.android.cm.dmjd
12-29 07:01:15.193 10601 11026 E PluginEntry: class [com.idsky.android.cm.dmjd.CmDmjdPlugin] not found
12-29 07:01:15.193 10601 11026 E PluginEntry: could not init plugin entry[pay_cm_dmjd]
12-29 07:01:15.193 10601 11026 E PluginEntry: error in getInstance(): Attempt to invoke virtual method 'java.lang.reflect.Method java.lang.Class.getDeclaredMethod(java.lang.String, java.lang.Class[])' on a null object reference
12-29 07:01:15.193 10601 11026 E PluginEntry: enter dex loader pay_mqq],com.idsky.android.mqqpay
12-29 07:01:15.193 10601 11026 E PluginEntry: class [com.idsky.android.mqqpay.MqqPayPlugin] not found
12-29 07:01:15.193 10601 11026 E PluginEntry: could not init plugin entry[pay_mqq]
12-29 07:01:15.193 10601 11026 E PluginEntry: error in getInstance(): Attempt to invoke virtual method 'java.lang.reflect.Method java.lang.Class.getDeclaredMethod(java.lang.String, java.lang.Class[])' on a null object reference
12-29 07:01:15.193 10601 11026 E PluginEntry: enter dex loader pay_upmp_fast],com.idsky.android.upmp.fast
12-29 07:01:15.193 10601 11026 E PluginEntry: class [com.idsky.android.upmp.fast.UnionFastPayPlugin] not found
12-29 07:01:15.193 10601 11026 E PluginEntry: could not init plugin entry[pay_upmp_fast]
12-29 07:01:15.193 10601 11026 E PluginEntry: error in getInstance(): Attempt to invoke virtual method 'java.lang.reflect.Method java.lang.Class.getDeclaredMethod(java.lang.String, java.lang.Class[])' on a null object reference
12-29 07:01:15.193 10601 11026 E PluginEntry: enter dex loader pay_upmp_wechat],com.idsky.android.upmp.wechat
12-29 07:01:15.193 10601 11026 E PluginEntry: class [com.idsky.android.upmp.wechat.UpmpWechatPayPlugin] not found
12-29 07:01:15.193 10601 11026 E PluginEntry: could not init plugin entry[pay_upmp_wechat]
12-29 07:01:15.193 10601 11026 E PluginEntry: error in getInstance(): Attempt to invoke virtual method 'java.lang.reflect.Method java.lang.Class.getDeclaredMethod(java.lang.String, java.lang.Class[])' on a null object reference
12-29 07:01:15.193 10601 11026 D MethodsSyncer: is enable supported_p_list = 107
12-29 07:01:15.194 10601 11034 I MethodsSyncer: assign priority 9 to method [pay_cm]
12-29 07:01:15.194 10601 11034 I MethodsSyncer: assign priority 10 to method [pay_sms_mm]
12-29 07:01:15.194 10601 11034 I MethodsSyncer: assign priority 8 to method [pay_mm]
12-29 07:01:15.194 10601 11034 I MethodsSyncer: assign priority 10 to method [pay_cu]
12-29 07:01:15.194 10601 11034 I MethodsSyncer: assign priority 9 to method [pay_wogame]
12-29 07:01:15.194 10601 11034 I MethodsSyncer: assign priority 10 to method [pay_ct]
12-29 07:01:15.194 10601 11034 I MethodsSyncer: assign priority 9 to method [pay_ct_pub]
12-29 07:01:15.194 10601 11034 I MethodsSyncer: assign priority 8 to method [pay_cte_sms]
12-29 07:01:15.194 10601 11034 I MethodsSyncer: assign priority 5 to method [pay_cte]
12-29 07:01:15.194 10601 11034 I MethodsSyncer: assign priority 2 to method [pay_alipay]
12-29 07:01:15.194 10601 11034 I MethodsSyncer: assign priority 2 to method [pay_tencent_sms]
12-29 07:01:15.194 10601 11034 I MethodsSyncer: assign priority 2 to method [pay_cm_online]
12-29 07:01:15.194 10601 11034 I MethodsSyncer: assign priority 1 to method [pay_redeem]
12-29 07:01:15.194 10601 11034 I MethodsSyncer: assign priority 1 to method [pay_wechat]
12-29 07:01:15.194 10601 11034 I MethodsSyncer: assign priority 4 to method [pay_hfsw]
12-29 07:01:15.194 10601 11034 I MethodsSyncer: assign priority 2 to method [pay_baidu_sms]
12-29 07:01:15.194 10601 11034 I MethodsSyncer: assign priority 7 to method [pay_woplus]
12-29 07:01:15.194 10601 11034 I MethodsSyncer: assign priority 2 to method [pay_upmp]
12-29 07:01:15.194 10601 11034 I MethodsSyncer: assign priority 2 to method [pay_yeepay]
12-29 07:01:15.194 10601 11034 I MethodsSyncer: assign priority 2 to method [pay_ylpay]
12-29 07:01:15.194 10601 11034 I MethodsSyncer: assign priority 2 to method [pay_tenpay]
12-29 07:01:15.194 10601 11034 I MethodsSyncer: assign priority 6 to method [pay_ct_adm_sms]
12-29 07:01:15.194 10601 11034 I MethodsSyncer: assign priority 6 to method [pay_cu_net]
12-29 07:01:15.194 10601 11034 I MethodsSyncer: assign priority 7 to method [pay_ct_net]
12-29 07:01:15.194 10601 11034 I MethodsSyncer: assign priority 2 to method [pay_cm_yy_jd]
12-29 07:01:15.194 10601 11034 I MethodsSyncer: assign priority 6 to method [pay_cm_mp]
12-29 07:01:15.194 10601 11034 I MethodsSyncer: assign priority 2 to method [pay_19pay]
12-29 07:01:15.194 10601 11034 I MethodsSyncer: assign priority 0 to method [pay_cm_read_sms]
12-29 07:01:15.194 10601 11034 I MethodsSyncer: assign priority 2 to method [pay_ldb]
12-29 07:01:15.194 10601 11034 I MethodsSyncer: assign priority 5 to method [pay_ct_tykj_sms]
12-29 07:01:15.194 10601 11034 I MethodsSyncer: assign priority 2 to method [pay_alipay_nopwd]
12-29 07:01:15.194 10601 11034 I MethodsSyncer: assign priority 7 to method [pay_cm_net]
12-29 07:01:15.194 10601 11034 I MethodsSyncer: assign priority 2 to method [pay_ldmember]
12-29 07:01:15.194 10601 11034 I MethodsSyncer: assign priority 2 to method [pay_cm_dmjd]
12-29 07:01:15.194 10601 11034 I MethodsSyncer: assign priority 2 to method [pay_mqq]
12-29 07:01:15.194 10601 11034 I MethodsSyncer: assign priority 2 to method [pay_upmp_fast]
12-29 07:01:15.194 10601 11034 I MethodsSyncer: assign priority 2 to method [pay_upmp_wechat]
12-29 07:01:15.194 10601 11034 I MethodsSyncer: assign priority 2 to method [pay_ct_acy]
12-29 07:01:15.194 10601 11034 W Settings: Setting airplane_mode_on has moved from android.provider.Settings.System to android.provider.Settings.Global, returning read-only value.
12-29 07:01:15.195 10601 11026 I SimpleDatabaseHelper: subclass instance allocated first time
12-29 07:01:15.197 10601 11034 I CmccPlugin: onInitialize()
12-29 07:01:15.197 10713 11036 D ClientManager: client older: 89 cur: 89
12-29 07:01:15.198 10601 11035 I MethodsSyncer: reassign limit, day=106.0, month=206.0, method=pay_cte_sms
12-29 07:01:15.198 10601 11035 I MethodsSyncer: reassign limit, day=50.0, month=100.0, method=pay_cm_online
12-29 07:01:15.198 10601 11035 I MethodsSyncer: reassign limit, day=100.0, month=1000.0, method=pay_alipay_nopwd
12-29 07:01:15.198 10601 11035 I MethodsSyncer: reassign limit, day=106.0, month=206.0, method=pay_ct_pub
12-29 07:01:15.198 10601 11035 I MethodsSyncer: reassign limit, day=106.0, month=300.0, method=pay_ct
12-29 07:01:15.198 10601 11035 I MethodsSyncer: reassign limit, day=100.0, month=300.0, method=pay_ct_tykj_sms
12-29 07:01:15.198 10601 11035 I MethodsSyncer: reassign limit, day=50.0, month=100.0, method=pay_hfsw
12-29 07:01:15.198 10601 11035 I MethodsSyncer: reassign limit, day=106.0, month=1000.0, method=pay_cm
12-29 07:01:15.198 10601 11035 I MethodsSyncer: reassign limit, day=50.0, month=80.0, method=pay_baidu_sms
12-29 07:01:15.198 10601 11035 I MethodsSyncer: reassign limit, day=200.0, month=500.0, method=pay_sms_mm
12-29 07:01:15.198 10601 11035 I MethodsSyncer: reassign limit, day=200.0, month=300.0, method=pay_tencent_sms
12-29 07:01:15.198 10601 11035 I MethodsSyncer: reassign limit, day=100.0, month=300.0, method=pay_cm_mp
12-29 07:01:15.198 10601 11035 I MethodsSyncer: reassign limit, day=300.0, month=500.0, method=pay_cu
12-29 07:01:15.198 10601 11035 I MethodsSyncer: p_limit update checked in less than 7 days
12-29 07:01:15.202 10713 10713 W ResourcesManager: Asset path '/system/framework/android.test.runner.jar' does not exist or contains no resources.
12-29 07:01:15.205 10601 11034 D CmChannel: 12185043
12-29 07:01:15.206 10601 11034 D BaseRequest: https://sdkpay.uu.cc/get_paymentid_list?auth_game_type=2&app_key=e19081b4527963d70c7a&latest_sdk=pay-3.2.1.27&nudid=82np0rrpq8440172s&p_list=107&sim=4&o_channel=12185043&sw_by_pri=1&channel_id=BD0S0N50666&udid=00000000-02e7-16f6-0033-c5870033c587&cli_ver=pay-3.2.1.27&pay=4
12-29 07:01:15.206 10601 11034 D BaseRequest: a_meta:pk=com.kiloo.subwaysurf;ic=BD0S0N50666;gv=2.42.0;sv=pay-3.2.1.27
12-29 07:01:15.206 10601 11034 D BaseRequest: p_meta:occm=12185043;vmm=3.1.7;vcm=20143;ocsms_mm=2200131784;vcu=2.3.0;vct=4.1.5
12-29 07:01:15.206 10601 11034 D BaseRequest: User-Agent:SkyNet/2.0(android:5.1.1;channel:BD0S0N50666;udid:82np0rrpq8440172s;app_version:2.42.0;package:com.kiloo.subwaysurf;sdk_version:pay-3.2.1.27;network_type:wifi;imei:unknown;device_brand:Android-x86;device_model:H170-PRO;resolution:1080X1848;lang:zh_CN;cpu_freq:4200000;game_name:%E5%9C%B0%E9%93%81%E8%B7%91%E9%85%B7;encoded:true;local_time:20151229070115+0000)
12-29 07:01:15.206 10945 10945 W ResourcesManager: Asset path '/system/framework/android.test.runner.jar' does not exist or contains no resources.
12-29 07:01:15.218 10601 11018 D Dsv2Trackstat: getResponseCode !!!200
12-29 07:01:15.218 10601 11015 D Dsv2Trackstat: getResponseCode !!!200
12-29 07:01:15.218 10601 11015 D Dsv2Trackstat:  request success 
12-29 07:01:15.218 10601 11018 D Dsv2Trackstat:  request success 
12-29 07:01:15.247 10601 11027 D Dsv2Trackstat: getResponseCode !!!200
12-29 07:01:15.247 10601 11027 D Dsv2Trackstat:  request success 
12-29 07:01:15.307 10601 10601 W ResourcesManager: Asset path '/system/framework/android.test.runner.jar' does not exist or contains no resources.
12-29 07:01:15.324 11059 11059 D houdini : [11059] Initialize library(version: 5.2.2_y.47738 RELEASE)... successfully.
12-29 07:01:15.324  2169 20952 I ActivityManager: Start proc 11059:com.baidu.BaiduMap:bdservice_v1/u0a72 for service com.baidu.BaiduMap/com.baidu.android.pushservice.PushService
12-29 07:01:15.324  2169  2320 W ActivityManager: getTasks: caller 10076 does not hold REAL_GET_TASKS; limiting output
12-29 07:01:15.326  2457  2476 E PhoneInterfaceManager: [PhoneIntfMgr] checkCarrierPrivilegesForPackage: No UICC
12-29 07:01:15.326  2457  2476 E DatabaseUtils: Writing exception to parcel
12-29 07:01:15.326  2457  2476 E DatabaseUtils: java.lang.SecurityException: No permission to write APN settings
12-29 07:01:15.326  2457  2476 E DatabaseUtils: 	at com.android.providers.telephony.TelephonyProvider.checkPermission(TelephonyProvider.java:1180)
12-29 07:01:15.326  2457  2476 E DatabaseUtils: 	at com.android.providers.telephony.TelephonyProvider.query(TelephonyProvider.java:764)
12-29 07:01:15.326  2457  2476 E DatabaseUtils: 	at android.content.ContentProvider.query(ContentProvider.java:966)
12-29 07:01:15.326  2457  2476 E DatabaseUtils: 	at android.content.ContentProvider$Transport.query(ContentProvider.java:211)
12-29 07:01:15.326  2457  2476 E DatabaseUtils: 	at android.content.ContentProviderNative.onTransact(ContentProviderNative.java:112)
12-29 07:01:15.326  2457  2476 E DatabaseUtils: 	at android.os.Binder.execTransact(Binder.java:446)
12-29 07:01:15.326  2479  2479 W Launcher: setApplicationContext called twice! old=com.android.launcher3.LauncherApplication@282edda4 new=com.android.launcher3.LauncherApplication@282edda4
12-29 07:01:15.327  2479  2479 W Launcher: setApplicationContext called twice! old=com.android.launcher3.LauncherApplication@282edda4 new=com.android.launcher3.LauncherApplication@282edda4
12-29 07:01:15.328 10601 10601 E plugin  : onReceive
12-29 07:01:15.329 11059 11059 I ActivityThread: Switching default density from 160 to 240
12-29 07:01:15.332  2169 20952 W ActivityManager: getRunningAppProcesses: caller 10072 does not hold REAL_GET_TASKS; limiting output
12-29 07:01:15.332 11059 11059 I MultiDex: VM with version 2.1.0 has multidex support
12-29 07:01:15.332 11059 11059 I MultiDex: install
12-29 07:01:15.332 11059 11059 I MultiDex: VM has multidex support, MultiDex support library is disabled.
12-29 07:01:15.340 11059 11059 W ResourcesManager: Asset path '/system/framework/android.test.runner.jar' does not exist or contains no resources.
12-29 07:01:15.354 10601 10671 I Unity   : button start 0.5 
12-29 07:01:15.354 10601 10671 I Unity   :  
12-29 07:01:15.354 10601 10671 I Unity   : (Filename: ./artifacts/generated/common/runtime/UnityEngineDebugBindings.gen.cpp Line: 64)
12-29 07:01:15.354 10601 10671 I Unity   : 
12-29 07:01:15.354 10601 10671 I Unity   : button start 0.6
12-29 07:01:15.354 10601 10671 I Unity   :  
12-29 07:01:15.354 10601 10671 I Unity   : (Filename: ./artifacts/generated/common/runtime/UnityEngineDebugBindings.gen.cpp Line: 64)
12-29 07:01:15.354 10601 10671 I Unity   : 
12-29 07:01:15.380 10601 11023 I ResponseWrapper: http://v1-feed.idreamsky.com/app/init---{"result":{"pf":1,"debug":false,"sdcard":true,"fake":false,"down_url":"http:\/\/app.uu.cc\/ledou_game\/BD0S0N50666\/SubwaySurf-Free-88_v2.41.0_s2.4.7.8_p3.2.1.23_baidu_BD0S0N50666_ZC.apk"}}
12-29 07:01:15.380 10601 11023 I ResponseWrapper: , 200
12-29 07:01:15.380 10601 10601 I Environment: [pf=1, fake=false, down_url=http://app.uu.cc/ledou_game/BD0S0N50666/SubwaySurf-Free-88_v2.41.0_s2.4.7.8_p3.2.1.23_baidu_BD0S0N50666_ZC.apk]
12-29 07:01:15.381  2169 15111 W BackupManagerService: dataChanged but no participant pkg='com.android.providers.settings' uid=10076
12-29 07:01:15.383 11090 11090 W linker  : [vdso]: unused DT entry: type 0x6ffffef5 arg 0x160
12-29 07:01:15.383 11059 11059 D houdini : [11059] Added shared library /data/app/com.baidu.BaiduMap-1/lib/arm/libbdpush_V2_4.so for ClassLoader by Native Bridge.
12-29 07:01:15.465 10601 11026 D SimpleDatabaseHelper: path:/data/data/com.kiloo.subwaysurf/databases/skynetpayV3
12-29 07:01:15.466 10601 11093 D BaseRequest: https://sdkpay.uu.cc/config/config_sms_limit?auth_game_type=2&latest_sdk=pay-3.2.1.27&nudid=82np0rrpq8440172s&appkey=e19081b4527963d70c7a&version=1&udid=00000000-02e7-16f6-0033-c5870033c587&cli_ver=pay-3.2.1.27&channel=BD0S0N50666
12-29 07:01:15.466 10601 11093 D BaseRequest: a_meta:pk=com.kiloo.subwaysurf;ic=BD0S0N50666;gv=2.42.0;sv=pay-3.2.1.27
12-29 07:01:15.466 10601 11093 D BaseRequest: p_meta:occm=12185043;vmm=3.1.7;vcm=20143;ocsms_mm=2200131784;vcu=2.3.0;vct=4.1.5
12-29 07:01:15.466 10601 11093 D BaseRequest: User-Agent:SkyNet/2.0(android:5.1.1;channel:BD0S0N50666;udid:82np0rrpq8440172s;app_version:2.42.0;package:com.kiloo.subwaysurf;sdk_version:pay-3.2.1.27;network_type:wifi;imei:unknown;device_brand:Android-x86;device_model:H170-PRO;resolution:1080X1848;lang:zh_CN;cpu_freq:4200000;game_name:%E5%9C%B0%E9%93%81%E8%B7%91%E9%85%B7;encoded:true;local_time:20151229070115+0000)
12-29 07:01:15.466 10601 11026 D ItemsSyncer: read products for local
12-29 07:01:15.523 10601 11080 E plugin  : NetworkIsConnected
12-29 07:01:15.523 10601 11080 E plugin  : app!=null
12-29 07:01:15.523 10601 11080 E plugin  : AppId10389
12-29 07:01:15.523 10601 11080 E plugin  : channelId->BD0S0N50666
12-29 07:01:15.526 11059 11059 V CommonParams: cast to int com.baidu.pushservice.cur_period Exception. 
12-29 07:01:15.527 11059 11059 V CommonParams: cast to int com.baidu.android.pushservice.PushSettings.internal_debug_mode Exception. 
12-29 07:01:15.536 10601 11026 I RSA     : products.txt={"result":[{"product":{"id":"1013","name":"3000","identifier":"com.kiloo.subwaysurfers.coinstier1","description":"23,000","icon":"http://img.idreamsky.com/files/products/52130ec4-4534-437d-8fef-06c77cacec17.png","price":"2","type":"1","maxperplayer":"0","duration":"0","created":"1376979475","updated":"1436001158"},"isOwned":false,"isActive":false,"activeDelay":24,"payConfig":{"cu":{},"cm":{},"mm":{"appId":"300002932641","appKey":"9573ABB7354DF0AF","payCode":"1","isRepeat":true},"ct_pub":{"ctCode":"418","isRepeat":true}}},{"product":{"id":"1015","name":"15000","identifier":"com.kiloo.subwaysurfers.coinstier2","description":"815,000","icon":"http://img.idreamsky.com/files/products/52130f21-c45c-4885-989d-043a7cacec17.png","price":"8","type":"1","maxperplayer":"0","duration":"0","created":"1376980769","updated":"1436001143"},"isOwned":false,"isActive":false,"activeDelay":24,"payConfig":{"cu":{"cuCode":"001","isRepeat":true},"cm":{"cmCode":"001","useSms":true,"isRepeat":true},"mm":{"appId":"300002932641","appKey":"9573ABB7354DF0AF","payCode":"30000293264102","isRepeat":true},"ct_pub":{"ctCode":"419","isRepeat":true},"baidu_pay":{"isRepeat":true,"baidu_charging_point_code":"8000"}}},{"product":{"id":"1017","name":"38000","identifier":"com.kiloo.subwaysurfers.coinstier3","description":"1838,000","icon":"http://img.idreamsky.com/files/products/521d6f56-3380-4cdf-a40b-7d297cacec17.png","price":"18","type":"1","maxperplayer":"0","duration":"0","created":"1377660758","updated":"1436001127"},"isOwned":false,"isActive":false,"activeDelay":24,"payConfig":{"cu":{"cuCode":"002","isRepeat":true},"cm":{"cmCode":"002","useSms":true,"isRepeat":true},"mm":{"appId":"300002932641","appKey":"9573ABB7354DF0AF","payCode":"30000293264103","isRepeat":true},"ct_pub":{"ctCode":"420","isRepeat":true},"baidu_pay":{"isRepeat":true,"baidu_charging_point_code":"8001"}}},{"product":{"id":"1021","name":"1","identifier":"com.kiloo.subwaysurfers.keystier1","description":"21","icon":"http://img.idreamsky.com/files/products/521d6feb-6e64-4403-8782-109e7cacec17.png","price":"2","type":"1","maxperplayer":"0","duration":"0","created":"1377660907","updated":"1378132547"},"isOwned":false,"isActive":false,"activeDelay":24,"payConfig":{"cu":{},"cm":{},"mm":{},"ct_pub":{"ctCode":"413","isRepeat":true}}},{"product":{"id":"1023","name":"8","identifier":"com.kiloo.subwaysurfers.keystier2","description":"88","icon":"http://img.idreamsky.com/files/products/521d7015-e398-44eb-9ae0-15107cacec17.png","price":"8","type":"1","maxperplayer":"0","duration":"0","created":"1377660949","updated":"1378132579"},"isOwned":false,"isActive":false,"activeDelay":24,"payConfig":{"cu":{"cuCode":"004","isRepeat":true},"cm":{"cmCode":"004","useSms":true,"isRepeat":true},"mm":{"appId":"300002932641","appKey":"9573ABB7354DF0AF","payCode":"30000293264111","isRepeat":true},"ct_pub":{"ctCode":"414","isRepeat":true},"baidu_pay":{"isRepeat":true,"baidu_charging_point_code":"8002"}}},{"product":{"id":"1025","name":"20","identifier":"com.kiloo.subwaysurfers.keystier3","description":"1820","icon":"http://img.idreamsky.com/files/products/521d7041-94a0-46be-9d7e-14417cacec17.png","price":"18","type":"1","maxperplayer":"0","duration":"0","created":"1377660993","updated":"1378132738"},"isOwned":false,"isActive":false,"activeDelay":24,"payConfig":{"cu":{"cuCode":"005","isRepeat":true},"cm":{"cmCode":"005","useSms":true,"isRepeat":true},"mm":{"appId":"300002932641","appKey":"9573ABB7354DF0AF","payCode":"30000293264110","isRepeat":true},"ct_pub":{"ctCode":"415","isRepeat":true},"baidu_pay":{"isRepeat":true,"baidu_charging_point_code":"8003"}}},{"product":{"id":"1029","name":"10","identifier":"com.kiloo.subwaysurfers.hoverboard10","description":"210","icon":"http://img.idreamsky.com/file
12-29 07:01:15.544 11059 11059 W ResourcesManager: Asset path '/system/framework/android.test.runner.jar' does not exist or contains no resources.
12-29 07:01:15.547 10601 11026 I GivensSyncer: givens checked in less than a day
12-29 07:01:15.548 10601 11104 D PaymentPlugin: 
12-29 07:01:15.548 10601 11026 E PluginEntry: enter dex loader pay_tencent_sms],com.idsky.android.tencent_sms
12-29 07:01:15.548 10601 11026 E PluginEntry: class [com.idsky.android.tencent_sms.TencentSmsPlugin] not found
12-29 07:01:15.548 10601 11026 E PluginEntry: could not init plugin entry[pay_tencent_sms]
12-29 07:01:15.548 10601 11026 E PluginEntry: error in getInstance(): Attempt to invoke virtual method 'java.lang.reflect.Method java.lang.Class.getDeclaredMethod(java.lang.String, java.lang.Class[])' on a null object reference
12-29 07:01:15.548 10601 11026 E PluginEntry: enter dex loader pay_cm_online],com.idsky.android.cm_online
12-29 07:01:15.548 10601 11026 E PluginEntry: class [com.idsky.android.cm_online.CmccPlugin] not found
12-29 07:01:15.548 10601 11026 E PluginEntry: could not init plugin entry[pay_cm_online]
12-29 07:01:15.548 10601 11026 E PluginEntry: error in getInstance(): Attempt to invoke virtual method 'java.lang.reflect.Method java.lang.Class.getDeclaredMethod(java.lang.String, java.lang.Class[])' on a null object reference
12-29 07:01:15.548 10601 11026 I SmsMmPlugin: onInitialize()
12-29 07:01:15.548 10601 11102 I ItemsSyncer: p_compat apk not loaded, try times = 1
12-29 07:01:15.548 10601 11102 I ItemsSyncer: current pid: 10601
12-29 07:01:15.548 10601 11026 E PluginEntry: enter dex loader pay_cu_ol],com.idsky.android.cu.ol
12-29 07:01:15.548 10601 11026 E PluginEntry: class [com.idsky.android.cu.ol.UnicomOnlinePlugin] not found
12-29 07:01:15.548 10601 11026 E PluginEntry: could not init plugin entry[pay_cu_ol]
12-29 07:01:15.548 10601 11026 E PluginEntry: error in getInstance(): Attempt to invoke virtual method 'java.lang.reflect.Method java.lang.Class.getDeclaredMethod(java.lang.String, java.lang.Class[])' on a null object reference
12-29 07:01:15.548 10601 11026 E PluginEntry: enter dex loader pay_cm_net],com.idsky.android.cm.net
12-29 07:01:15.548 10601 11026 E PluginEntry: class [com.idsky.android.cm.net.CmccNetPlugin] not found
12-29 07:01:15.548 10601 11026 E PluginEntry: could not init plugin entry[pay_cm_net]
12-29 07:01:15.548 10601 11026 E PluginEntry: error in getInstance(): Attempt to invoke virtual method 'java.lang.reflect.Method java.lang.Class.getDeclaredMethod(java.lang.String, java.lang.Class[])' on a null object reference
12-29 07:01:15.548 10601 11026 E PluginEntry: enter dex loader pay_mm],com.idsky.android.mm
12-29 07:01:15.548 10601 11026 E PluginEntry: class [com.idsky.android.mm.MMPlugin] not found
12-29 07:01:15.548 10601 11026 E PluginEntry: could not init plugin entry[pay_mm]
12-29 07:01:15.548 10601 11026 E PluginEntry: error in getInstance(): Attempt to invoke virtual method 'java.lang.reflect.Method java.lang.Class.getDeclaredMethod(java.lang.String, java.lang.Class[])' on a null object reference
12-29 07:01:15.548 10601 11026 E PluginEntry: enter dex loader pay_cu_net],com.idsky.android.cu.net
12-29 07:01:15.548 10601 11026 E PluginEntry: class [com.idsky.android.cu.net.UnicomOnlinePlugin] not found
12-29 07:01:15.548 10601 11026 E PluginEntry: could not init plugin entry[pay_cu_net]
12-29 07:01:15.548 10601 11026 E PluginEntry: error in getInstance(): Attempt to invoke virtual method 'java.lang.reflect.Method java.lang.Class.getDeclaredMethod(java.lang.String, java.lang.Class[])' on a null object reference
12-29 07:01:15.548 10601 11026 E PluginEntry: enter dex loader pay_hfsw],com.idsky.android.hfb
12-29 07:01:15.548 10601 11026 E PluginEntry: class [com.idsky.android.hfb.HfswSmsPlugin] not found
12-29 07:01:15.548 10601 11026 E PluginEntry: could not init plugin entry[pay_hfsw]
12-29 07:01:15.548 10601 11026 E PluginEntry: error in getInstance(): Attempt to invoke virtual method 'java.lang.reflect.Method java.lang.Class.getDeclaredMethod(java.lang.String, java.lang.Class[])' on a null object reference
12-29 07:01:15.548 10601 11026 I idsky   : SDK_VERSION=pay-3.2.1.27
12-29 07:01:15.548 10601 10601 W Settings: Setting airplane_mode_on has moved from android.provider.Settings.System to android.provider.Settings.Global, returning read-only value.
12-29 07:01:15.549 10601 10601 W Settings: Setting airplane_mode_on has moved from android.provider.Settings.System to android.provider.Settings.Global, returning read-only value.
12-29 07:01:15.549 10601 10601 D TelecomPlugin: init thread:1
12-29 07:01:15.549 10601 10601 I TelecomPlugin: try to use ct 4.1 init SDK
12-29 07:01:15.550 10601 11026 I CountStore: context is not empty
12-29 07:01:15.559 10601 10601 D TelecomPlugin: init ct 4.1  ok
12-29 07:01:15.560 10601 11104 I PaymentPlugin: serverPluginConfig = []
12-29 07:01:15.560 10601 11104 D PaymentPlugin: dyload take:12
12-29 07:01:15.560 10601 10601 W Settings: Setting airplane_mode_on has moved from android.provider.Settings.System to android.provider.Settings.Global, returning read-only value.
12-29 07:01:15.561 10601 10601 W Settings: Setting airplane_mode_on has moved from android.provider.Settings.System to android.provider.Settings.Global, returning read-only value.
12-29 07:01:15.561 10601 10601 D UnicomPlugin: cu version is 2.0+
12-29 07:01:15.561 10601 10601 I CmccPlugin: isEnabled=true
12-29 07:01:15.561 10601 10601 I CmccPlugin: init cm begin
12-29 07:01:15.561 10601 11103 D BaseRequest: https://sdkpay.uu.cc/get_method_data?channel_id=BD0S0N50666&app_key=e19081b4527963d70c7a&sign=596ca865ae0b8ff1e7fd8bcdd6d45d8a&game_verseion=2.42.0&version=pay-3.2.1.27
12-29 07:01:15.561 10601 11103 D BaseRequest: a_meta:pk=com.kiloo.subwaysurf;ic=BD0S0N50666;gv=2.42.0;sv=pay-3.2.1.27
12-29 07:01:15.561 10601 11103 D BaseRequest: p_meta:occm=12185043;vmm=3.1.7;vcm=20143;ocsms_mm=2200131784;vcu=2.3.0;vct=4.1.5
12-29 07:01:15.561 10601 11103 D BaseRequest: User-Agent:SkyNet/2.0(android:5.1.1;channel:BD0S0N50666;udid:82np0rrpq8440172s;app_version:2.42.0;package:com.kiloo.subwaysurf;sdk_version:pay-3.2.1.27;network_type:wifi;imei:unknown;device_brand:Android-x86;device_model:H170-PRO;resolution:1080X1848;lang:zh_CN;cpu_freq:4200000;game_name:%E5%9C%B0%E9%93%81%E8%B7%91%E9%85%B7;encoded:true;local_time:20151229070115+0000)
12-29 07:01:15.563 10601 11026 I CountStore: local eventlength 417
12-29 07:01:15.563 10601 11026 I CountStore: countUrl == http://sdklog.uu.cc/
12-29 07:01:15.563 10601 11026 I CountStore:  upload Event == PayActionEvent|android5.1.1|pay-3.2.1.27|2.42.0|e19081b4527963d70c7a|BD0S0N50666|82np0rrpq8440172s|1268503124|s000339||2015-12-29 02:37:16||
12-29 07:01:15.563 10601 11026 I CountStore: PayActionEvent|android5.1.1|pay-3.2.1.27|2.42.0|e19081b4527963d70c7a|BD0S0N50666|82np0rrpq8440172s||q000103||2015-12-29 02:36:47||
12-29 07:01:15.563 10601 11026 I CountStore: PayActionEvent|android5.1.1|pay-3.2.1.27|2.42.0|e19081b4527963d70c7a|BD0S0N50666|82np0rrpq8440172s|1268503124|s000325||2015-12-29 02:36:49||
12-29 07:01:15.563 10601 11026 I CountStore:     
12-29 07:01:15.563 11105 11105 W linker  : [vdso]: unused DT entry: type 0x6ffffef5 arg 0x160
12-29 07:01:15.564 10601 11026 I CountStore: add =PayActionEvent|android5.1.1|pay-3.2.1.27|2.42.0|e19081b4527963d70c7a|BD0S0N50666|82np0rrpq8440172s||q000103||2015-12-29 07:01:15||
12-29 07:01:15.564 10601 11026 I CountStore: sb =PayActionEvent|android5.1.1|pay-3.2.1.27|2.42.0|e19081b4527963d70c7a|BD0S0N50666|82np0rrpq8440172s||q000103||2015-12-29 07:01:15||
12-29 07:01:15.565 11105 11105 W linker  : [vdso]: unused DT entry: type 0x6ffffef5 arg 0x160
12-29 07:01:15.565 10601 11106 D houdini : [11106] Added shared library /data/app/com.kiloo.subwaysurf-1/lib/arm/libegamepay_dr2.so for ClassLoader by Native Bridge.
12-29 07:01:15.567 10601 10601 I System.out: Cur dpi=====1.0
12-29 07:01:15.567 10601 11102 I ItemsSyncer: candidate process info: u0_a76    10601 1911  1997888 231792 00000000 00000000 S com.kiloo.subwaysurf
12-29 07:01:15.567 10601 11102 I ItemsSyncer: candidate process info: u0_a76    10624 10601 1764616 26492 00000000 00000000 S com.kiloo.subwaysurf
12-29 07:01:15.567 10601 11102 I ItemsSyncer: candidate process info: u0_a76    11105 10601 12304  1868  00000000 5bcc9107 R ps
12-29 07:01:15.567 10601 11102 I ItemsSyncer: get child pids:[10624, 11105]
12-29 07:01:15.568 10601 11026 I PaymentPlugin: onUserLogin
12-29 07:01:15.568 10601 11108 D BaseRequest: https://sdkpay.uu.cc/dynamic_lib_list?appkey=e19081b4527963d70c7a&channel=BD0S0N50666&version=pay-3.2.1.27&game_verseion=2.42.0
12-29 07:01:15.568 10601 11108 D BaseRequest: a_meta:pk=com.kiloo.subwaysurf;ic=BD0S0N50666;gv=2.42.0;sv=pay-3.2.1.27
12-29 07:01:15.568 10601 11108 D BaseRequest: p_meta:occm=12185043;vmm=3.1.7;vcm=20143;ocsms_mm=2200131784;vcu=2.3.0;vct=4.1.5
12-29 07:01:15.568 10601 11108 D BaseRequest: User-Agent:SkyNet/2.0(android:5.1.1;channel:BD0S0N50666;udid:82np0rrpq8440172s;app_version:2.42.0;package:com.kiloo.subwaysurf;sdk_version:pay-3.2.1.27;network_type:wifi;imei:unknown;device_brand:Android-x86;device_model:H170-PRO;resolution:1080X1848;lang:zh_CN;cpu_freq:4200000;game_name:%E5%9C%B0%E9%93%81%E8%B7%91%E9%85%B7;encoded:true;local_time:20151229070115+0000)
12-29 07:01:15.568 10601 11110 I HttpClientHelper: POST URL===> http://sdklog.uu.cc/
12-29 07:01:15.568 10601 11111 D ItemsSyncer: begin to load---try times = 1
12-29 07:01:15.568 10601 11026 D LedouUserMaturity: from server get user ledou maturity info
12-29 07:01:15.569 10601 11112 I CountStore: countUrl == http://sdklog.uu.cc/
12-29 07:01:15.569 10601 11112 I CountStore:  upload Event == PayActionEvent|android5.1.1|pay-3.2.1.27|2.42.0|e19081b4527963d70c7a|BD0S0N50666|82np0rrpq8440172s||q000103||2015-12-29 07:01:15||
12-29 07:01:15.569 10601 11026 I ProductStopCache: params = {auth_game_type=2, game_version=2.42.0, game_id=10389, channel=BD0S0N50666, version=pay-3.2.1.27}
12-29 07:01:15.569 10601 11114 D BaseRequest: https://sdkpay.uu.cc/paymentprofile/statistic?auth_game_type=2&udid=00000000-02e7-16f6-0033-c5870033c587&nudid=82np0rrpq8440172s&duration=7776000&player_id=1268503124
12-29 07:01:15.569 10601 11114 D BaseRequest: a_meta:pk=com.kiloo.subwaysurf;ic=BD0S0N50666;gv=2.42.0;sv=pay-3.2.1.27
12-29 07:01:15.569 10601 11114 D BaseRequest: p_meta:occm=12185043;vmm=3.1.7;vcm=20143;ocsms_mm=2200131784;vcu=2.3.0;vct=4.1.5
12-29 07:01:15.570 10601 11115 D BaseRequest: KEY=8b61acd14a5811186163&d0c2c7b27bcedd5382043c9dd506a50f
12-29 07:01:15.570 10601 11115 D BaseRequest: SBS=GET&https%3A%2F%2Fsdkpay.uu.cc%2Fpaymentprofile%2Fget_products&oauth_consumer_key%3De19081b4527963d70c7a%26oauth_nonce%3D-4377999270012858342%26oauth_signature_method%3DHMAC-SHA1%26oauth_timestamp%3D1451372475%26oauth_token%3D3408b7feac1563d12d92ebe2fa9bcd43056813550%26oauth_version%3D1.0
12-29 07:01:15.570 10601 11115 D BaseRequest: KEY=8b61acd14a5811186163&d0c2c7b27bcedd5382043c9dd506a50f
12-29 07:01:15.570 10601 11115 D BaseRequest: SBS=GET&https%3A%2F%2Fsdkpay.uu.cc%2Fpaymentprofile%2Fget_products&auth_game_type%3D2%26channel%3DBD0S0N50666%26game_verseion%3D2.42.0%26oauth_consumer_key%3De19081b4527963d70c7a%26oauth_nonce%3D-4377999270012858342%26oauth_signature_method%3DHMAC-SHA1%26oauth_timestamp%3D1451372475%26oauth_token%3D3408b7feac1563d12d92ebe2fa9bcd43056813550%26oauth_version%3D1.0%26version%3Dpay-3.2.1.27
12-29 07:01:15.570 10601 11115 D BaseRequest: https://sdkpay.uu.cc/paymentprofile/get_products?auth_game_type=2&channel=BD0S0N50666&version=pay-3.2.1.27&game_verseion=2.42.0
12-29 07:01:15.570 10601 11115 D BaseRequest: a_meta:pk=com.kiloo.subwaysurf;ic=BD0S0N50666;gv=2.42.0;sv=pay-3.2.1.27
12-29 07:01:15.570 10601 11115 D BaseRequest: p_meta:occm=12185043;vmm=3.1.7;vcm=20143;ocsms_mm=2200131784;vcu=2.3.0;vct=4.1.5
12-29 07:01:15.570 10601 11115 D BaseRequest: Authorization:OAuth oauth_consumer_key="e19081b4527963d70c7a", oauth_token="3408b7feac1563d12d92ebe2fa9bcd43056813550", oauth_signature_method="HMAC-SHA1", oauth_signature="2Wt2yQRtsd6K05Y6dqASzNwact8%3D", oauth_timestamp="1451372475", oauth_nonce="-4377999270012858342", oauth_version="1.0", oauth_signature_v2="BxN5mdb6ar6v6eFJ9xeJ151p3ns%3D"
12-29 07:01:15.570 10601 11115 D BaseRequest: User-Agent:SkyNet/2.0(android:5.1.1;channel:BD0S0N50666;udid:82np0rrpq8440172s;app_version:2.42.0;package:com.kiloo.subwaysurf;sdk_version:pay-3.2.1.27;network_type:wifi;imei:unknown;device_brand:Android-x86;device_model:H170-PRO;resolution:1080X1848;lang:zh_CN;cpu_freq:4200000;game_name:%E5%9C%B0%E9%93%81%E8%B7%91%E9%85%B7;encoded:true;local_time:20151229070115+0000)
12-29 07:01:15.570 10601 11116 I HttpClientHelper: POST URL===> http://sdklog.uu.cc/
12-29 07:01:15.571 10601 11117 D BaseRequest: KEY=8b61acd14a5811186163&d0c2c7b27bcedd5382043c9dd506a50f
12-29 07:01:15.571 10601 11117 D BaseRequest: SBS=GET&https%3A%2F%2Fsdkpay.uu.cc%2Fchargepoint_shutdata&oauth_consumer_key%3De19081b4527963d70c7a%26oauth_nonce%3D-7184652871136793106%26oauth_signature_method%3DHMAC-SHA1%26oauth_timestamp%3D1451372475%26oauth_token%3D3408b7feac1563d12d92ebe2fa9bcd43056813550%26oauth_version%3D1.0
12-29 07:01:15.571 10601 11117 D BaseRequest: KEY=8b61acd14a5811186163&d0c2c7b27bcedd5382043c9dd506a50f
12-29 07:01:15.572 10601 11117 D BaseRequest: SBS=GET&https%3A%2F%2Fsdkpay.uu.cc%2Fchargepoint_shutdata&auth_game_type%3D2%26channel%3DBD0S0N50666%26game_id%3D10389%26game_version%3D2.42.0%26oauth_consumer_key%3De19081b4527963d70c7a%26oauth_nonce%3D-7184652871136793106%26oauth_signature_method%3DHMAC-SHA1%26oauth_timestamp%3D1451372475%26oauth_token%3D3408b7feac1563d12d92ebe2fa9bcd43056813550%26oauth_version%3D1.0%26version%3Dpay-3.2.1.27
12-29 07:01:15.572 10601 11117 D BaseRequest: https://sdkpay.uu.cc/chargepoint_shutdata?auth_game_type=2&game_version=2.42.0&game_id=10389&channel=BD0S0N50666&version=pay-3.2.1.27
12-29 07:01:15.572 10601 11117 D BaseRequest: a_meta:pk=com.kiloo.subwaysurf;ic=BD0S0N50666;gv=2.42.0;sv=pay-3.2.1.27
12-29 07:01:15.572 10601 11117 D BaseRequest: p_meta:occm=12185043;vmm=3.1.7;vcm=20143;ocsms_mm=2200131784;vcu=2.3.0;vct=4.1.5
12-29 07:01:15.572 10601 11117 D BaseRequest: Authorization:OAuth oauth_consumer_key="e19081b4527963d70c7a", oauth_token="3408b7feac1563d12d92ebe2fa9bcd43056813550", oauth_signature_method="HMAC-SHA1", oauth_signature="Ig6TNRmw8TwHCVe8megmbyYA%2Fpw%3D", oauth_timestamp="1451372475", oauth_nonce="-7184652871136793106", oauth_version="1.0", oauth_signature_v2="LQQNHEl8OwLKTwlmuIyDT8U5%2B34%3D"
12-29 07:01:15.572 10601 11117 D BaseRequest: User-Agent:SkyNet/2.0(android:5.1.1;channel:BD0S0N50666;udid:82np0rrpq8440172s;app_version:2.42.0;package:com.kiloo.subwaysurf;sdk_version:pay-3.2.1.27;network_type:wifi;imei:unknown;device_brand:Android-x86;device_model:H170-PRO;resolution:1080X1848;lang:zh_CN;cpu_freq:4200000;game_name:%E5%9C%B0%E9%93%81%E8%B7%91%E9%85%B7;encoded:true;local_time:20151229070115+0000)
12-29 07:01:15.573 10601 11119 I OfflineSupport: After request launched, there are 0 orders
12-29 07:01:15.574 10601 11026 I idskyApi: setAccountInfo end
12-29 07:01:15.574 10601 11026 I MethodsSyncer: assign priority 9 to method [pay_cm]
12-29 07:01:15.574 10601 11026 I MethodsSyncer: assign priority 10 to method [pay_sms_mm]
12-29 07:01:15.574 10601 11026 I MethodsSyncer: assign priority 8 to method [pay_mm]
12-29 07:01:15.574 10601 11026 I MethodsSyncer: assign priority 10 to method [pay_cu]
12-29 07:01:15.574 10601 11026 I MethodsSyncer: assign priority 9 to method [pay_wogame]
12-29 07:01:15.574 10601 11026 I MethodsSyncer: assign priority 10 to method [pay_ct]
12-29 07:01:15.574 10601 11026 I MethodsSyncer: assign priority 9 to method [pay_ct_pub]
12-29 07:01:15.574 10601 11026 I MethodsSyncer: assign priority 8 to method [pay_cte_sms]
12-29 07:01:15.574 10601 11026 I MethodsSyncer: assign priority 5 to method [pay_cte]
12-29 07:01:15.574 10601 11026 I MethodsSyncer: assign priority 2 to method [pay_alipay]
12-29 07:01:15.574 10601 11026 I MethodsSyncer: assign priority 2 to method [pay_tencent_sms]
12-29 07:01:15.574 10601 11026 I MethodsSyncer: assign priority 2 to method [pay_cm_online]
12-29 07:01:15.574 10601 11026 I MethodsSyncer: assign priority 1 to method [pay_redeem]
12-29 07:01:15.574 10601 11026 I MethodsSyncer: assign priority 1 to method [pay_wechat]
12-29 07:01:15.574 10601 11026 I MethodsSyncer: assign priority 4 to method [pay_hfsw]
12-29 07:01:15.574 10601 11026 I MethodsSyncer: assign priority 2 to method [pay_baidu_sms]
12-29 07:01:15.574 10601 11026 I MethodsSyncer: assign priority 7 to method [pay_woplus]
12-29 07:01:15.574 10601 11026 I MethodsSyncer: assign priority 2 to method [pay_upmp]
12-29 07:01:15.574 10601 11026 I MethodsSyncer: assign priority 2 to method [pay_yeepay]
12-29 07:01:15.574 10601 11026 I MethodsSyncer: assign priority 2 to method [pay_ylpay]
12-29 07:01:15.574 10601 11026 I MethodsSyncer: assign priority 2 to method [pay_tenpay]
12-29 07:01:15.574 10601 11026 I MethodsSyncer: assign priority 6 to method [pay_ct_adm_sms]
12-29 07:01:15.574 10601 11026 I MethodsSyncer: assign priority 6 to method [pay_cu_net]
12-29 07:01:15.574 10601 11026 I MethodsSyncer: assign priority 7 to method [pay_ct_net]
12-29 07:01:15.574 10601 11026 I MethodsSyncer: assign priority 2 to method [pay_cm_yy_jd]
12-29 07:01:15.574 10601 11026 I MethodsSyncer: assign priority 6 to method [pay_cm_mp]
12-29 07:01:15.574 10601 11026 I MethodsSyncer: assign priority 2 to method [pay_19pay]
12-29 07:01:15.574 10601 11026 I MethodsSyncer: assign priority 0 to method [pay_cm_read_sms]
12-29 07:01:15.574 10601 11026 I MethodsSyncer: assign priority 2 to method [pay_ldb]
12-29 07:01:15.574 10601 11026 I MethodsSyncer: assign priority 5 to method [pay_ct_tykj_sms]
12-29 07:01:15.574 10601 11026 I MethodsSyncer: assign priority 2 to method [pay_alipay_nopwd]
12-29 07:01:15.574 10601 11026 I MethodsSyncer: assign priority 7 to method [pay_cm_net]
12-29 07:01:15.574 10601 11026 I MethodsSyncer: assign priority 2 to method [pay_ldmember]
12-29 07:01:15.574 10601 11026 I MethodsSyncer: assign priority 2 to method [pay_cm_dmjd]
12-29 07:01:15.574 10601 11026 I MethodsSyncer: assign priority 2 to method [pay_mqq]
12-29 07:01:15.574 10601 11026 I MethodsSyncer: assign priority 2 to method [pay_upmp_fast]
12-29 07:01:15.574 10601 11026 I MethodsSyncer: assign priority 2 to method [pay_upmp_wechat]
12-29 07:01:15.574 10601 11026 I MethodsSyncer: assign priority 2 to method [pay_ct_acy]
12-29 07:01:15.574 10601 11026 I MethodsSyncer: assign priority 2 to method [baidu_pay]
12-29 07:01:15.575 10601 11026 I MethodsSyncer: reassign limit, day=106.0, month=206.0, method=pay_cte_sms
12-29 07:01:15.575 10601 11026 I MethodsSyncer: reassign limit, day=50.0, month=100.0, method=pay_cm_online
12-29 07:01:15.575 10601 11026 I MethodsSyncer: reassign limit, day=100.0, month=1000.0, method=pay_alipay_nopwd
12-29 07:01:15.575 10601 11026 I MethodsSyncer: reassign limit, day=106.0, month=206.0, method=pay_ct_pub
12-29 07:01:15.575 10601 11026 I MethodsSyncer: reassign limit, day=106.0, month=300.0, method=pay_ct
12-29 07:01:15.575 10601 11026 I MethodsSyncer: reassign limit, day=100.0, month=300.0, method=pay_ct_tykj_sms
12-29 07:01:15.575 10601 11026 I MethodsSyncer: reassign limit, day=50.0, month=100.0, method=pay_hfsw
12-29 07:01:15.575 10601 11026 I MethodsSyncer: reassign limit, day=106.0, month=1000.0, method=pay_cm
12-29 07:01:15.575 10601 11026 I MethodsSyncer: reassign limit, day=50.0, month=80.0, method=pay_baidu_sms
12-29 07:01:15.575 10601 11026 I MethodsSyncer: reassign limit, day=200.0, month=500.0, method=pay_sms_mm
12-29 07:01:15.575 10601 11026 I MethodsSyncer: reassign limit, day=200.0, month=300.0, method=pay_tencent_sms
12-29 07:01:15.575 10601 11026 I MethodsSyncer: reassign limit, day=100.0, month=300.0, method=pay_cm_mp
12-29 07:01:15.575 10601 11026 I MethodsSyncer: reassign limit, day=300.0, month=500.0, method=pay_cu
12-29 07:01:15.575 10601 11026 D PaymentPlugin: baidu_pay
12-29 07:01:15.589 11120 11120 W linker  : [vdso]: unused DT entry: type 0x6ffffef5 arg 0xec
12-29 07:01:15.589 11120 11120 E cutils-trace: Error opening trace file: Permission denied (13)
12-29 07:01:15.589 11120 11120 I dex2oat : /system/bin/dex2oat --runtime-arg -classpath --runtime-arg  --instruction-set=x86 --instruction-set-features=default --runtime-arg -Xrelocate --boot-image=/system/framework/boot.art --dex-file=/data/data/com.kiloo.subwaysurf/files/egame_temp.jar --oat-fd=180 --oat-location=/data/data/com.kiloo.subwaysurf/egame/egame_temp.dex --runtime-arg -Xms64m --runtime-arg -Xmx512m
12-29 07:01:15.595 10601 10601 V GameSDK : LOGIN>>RULE>>3
12-29 07:01:15.595 10601 10601 V GameSDK : LOGIN>>RULE>>3
12-29 07:01:15.595 10601 11131 V Network : network [f8:32:e4:a0:25:09] is connected.
12-29 07:01:15.595 10601 11132 V Network : network [f8:32:e4:a0:25:09] is connected.
12-29 07:01:15.599 10601 11111 D ItemsSyncer: end loading, but we dont known whether is ok---try times = 1
12-29 07:01:15.599 10601 11111 W System.err: java.io.FileNotFoundException: /data/data/com.kiloo.subwaysurf/files/products: open failed: ENOENT (No such file or directory)
12-29 07:01:15.599 10601 11111 W System.err: 	at libcore.io.IoBridge.open(IoBridge.java:456)
12-29 07:01:15.599 10601 11111 W System.err: 	at java.io.FileInputStream.<init>(FileInputStream.java:76)
12-29 07:01:15.599 10601 11111 W System.err: 	at android.app.ContextImpl.openFileInput(ContextImpl.java:961)
12-29 07:01:15.599 10601 11111 W System.err: 	at android.content.ContextWrapper.openFileInput(ContextWrapper.java:176)
12-29 07:01:15.599 10601 11111 W System.err: 	at com.idreamsky.gamecenter.resource.ProductCompat.checkProducts(ProductCompat.java:31)
12-29 07:01:15.599 10601 11111 W System.err: 	at java.lang.reflect.Method.invoke(Native Method)
12-29 07:01:15.599 10601 11111 W System.err: 	at java.lang.reflect.Method.invoke(Method.java:372)
12-29 07:01:15.599 10601 11111 W System.err: 	at com.idsky.android.frame.g.run(SourceFile:179)
