12-14 08:12:31.720  1832  1832 I art     : Explicit concurrent mark sweep GC freed 706(30KB) AllocSpace objects, 0(0B) LOS objects, 39% free, 1950KB/3MB, paused 24us total 2.368ms
12-14 08:12:31.721  2996  2996 I ActivityThread: Switching default density from 160 to 240
12-14 08:12:31.722  1832  1832 I art     : Explicit concurrent mark sweep GC freed 5(160B) AllocSpace objects, 0(0B) LOS objects, 39% free, 1950KB/3MB, paused 24us total 2.313ms
12-14 08:12:31.725  1832  1832 I art     : Explicit concurrent mark sweep GC freed 5(160B) AllocSpace objects, 0(0B) LOS objects, 39% free, 1950KB/3MB, paused 23us total 2.247ms
12-14 08:12:31.729  2805  2995 W MediaScanner: Error opening directory '/oem/media/', skipping: No such file or directory.
12-14 08:12:31.729  2084  2105 D CountryDetector: The first listener is added
12-14 08:12:31.733  2996  2996 V Mms     : mnc/mcc: 
12-14 08:12:31.734  2996  2996 V Mms     : tag: bool value: enabledMMS - true
12-14 08:12:31.734  2996  2996 V Mms     : tag: int value: maxMessageSize - 307200
12-14 08:12:31.734  2996  2996 V Mms     : tag: int value: maxImageHeight - 480
12-14 08:12:31.734  2996  2996 V Mms     : tag: int value: maxImageWidth - 640
12-14 08:12:31.734  2996  2996 V Mms     : tag: int value: defaultSMSMessagesPerThread - 10000
12-14 08:12:31.734  2996  2996 V Mms     : tag: int value: defaultMMSMessagesPerThread - 1000
12-14 08:12:31.734  2996  2996 V Mms     : tag: int value: minMessageCountPerThread - 10
12-14 08:12:31.734  2996  2996 V Mms     : tag: int value: maxMessageCountPerThread - 5000
12-14 08:12:31.734  2996  2996 V Mms     : tag: string value: uaProfUrl - http://www.google.com/oha/rdf/ua-profile-kila.xml
12-14 08:12:31.734  2996  2996 V Mms     : tag: int value: recipientLimit - -1
12-14 08:12:31.734  2996  2996 V Mms     : tag: bool value: enableMultipartSMS - true
12-14 08:12:31.734  2996  2996 V Mms     : tag: int value: smsToMmsTextThreshold - -1
12-14 08:12:31.734  2996  2996 V Mms     : tag: bool value: enableSlideDuration - true
12-14 08:12:31.734  2996  2996 V Mms     : tag: int value: maxMessageTextSize - -1
12-14 08:12:31.741  2996  3032 D Mms     : cancelNotification
12-14 08:12:31.742  2996  3033 D ConnectivityManager: getMobileDataEnabled()+ subId=-1
12-14 08:12:31.742  2385  3028 D PhoneInterfaceManager: [PhoneIntfMgr] getDataEnabled: subId=-1 phoneId=-1
12-14 08:12:31.742  2385  3028 E PhoneInterfaceManager: [PhoneIntfMgr] getDataEnabled: no phone subId=-1 retVal=false
12-14 08:12:31.742  2996  3033 D ConnectivityManager: getMobileDataEnabled()- subId=-1 retVal=false
12-14 08:12:31.746  2805  2995 D MediaProvider: object removed 6999
12-14 08:12:31.748  2805  2995 D MediaProvider: object removed 7000
12-14 08:12:31.748  2805  2995 D MediaProvider: object removed 7001
12-14 08:12:31.748  2805  2995 D MediaProvider: object removed 7002
12-14 08:12:31.748  2805  2995 D MediaProvider: object removed 7003
12-14 08:12:31.748  2805  2995 D MediaProvider: object removed 7004
12-14 08:12:31.748  2805  2995 D MediaProvider: object removed 7005
12-14 08:12:31.748  2805  2995 D MediaProvider: object removed 7006
12-14 08:12:31.748  2805  2995 D MediaProvider: object removed 7007
12-14 08:12:31.748  2805  2995 D MediaProvider: object removed 7008
12-14 08:12:31.748  2805  2995 D MediaProvider: object removed 7009
12-14 08:12:31.748  2805  2995 D MediaProvider: object removed 7010
12-14 08:12:31.748  2805  2995 D MediaProvider: object removed 7011
12-14 08:12:31.749  2805  2995 D MediaProvider: object removed 7012
12-14 08:12:31.749  2805  2995 D MediaProvider: object removed 7013
12-14 08:12:31.749  2805  2995 D MediaProvider: object removed 7014
12-14 08:12:31.749  2805  2995 D MediaProvider: object removed 7015
12-14 08:12:31.749  2805  2995 D MediaProvider: object removed 7016
12-14 08:12:31.749  2805  2995 D MediaProvider: object removed 7017
12-14 08:12:31.749  2805  2995 D MediaProvider: object removed 7018
12-14 08:12:31.749  2805  2995 D MediaProvider: object removed 7019
12-14 08:12:31.749  2805  2995 D MediaProvider: object removed 7020
12-14 08:12:31.749  2805  2995 D MediaProvider: object removed 7021
12-14 08:12:31.749  2805  2995 D MediaProvider: object removed 7022
12-14 08:12:31.749  2805  2995 D MediaProvider: object removed 7023
12-14 08:12:31.749  2805  2995 D MediaProvider: object removed 7024
12-14 08:12:31.749  2805  2995 D MediaProvider: object removed 7025
12-14 08:12:31.749  2805  2995 D MediaProvider: object removed 7026
12-14 08:12:31.749  2805  2995 D MediaProvider: object removed 7027
12-14 08:12:31.749  2805  2995 D MediaProvider: object removed 7028
12-14 08:12:31.749  2805  2995 D MediaProvider: object removed 7029
12-14 08:12:31.749  2805  2995 D MediaProvider: object removed 7030
12-14 08:12:31.749  2805  2995 D MediaProvider: object removed 7031
12-14 08:12:31.749  2805  2995 D MediaProvider: object removed 7032
12-14 08:12:31.749  2805  2995 D MediaProvider: object removed 7033
12-14 08:12:31.749  2805  2995 D MediaProvider: object removed 7034
12-14 08:12:31.749  2805  2995 D MediaProvider: object removed 7035
12-14 08:12:31.749  2805  2995 D MediaProvider: object removed 7036
12-14 08:12:31.749  2805  2995 D MediaProvider: object removed 7037
12-14 08:12:31.749  2805  2995 D MediaProvider: object removed 7038
12-14 08:12:31.749  2805  2995 D MediaProvider: object removed 7039
12-14 08:12:31.749  2805  2995 D MediaProvider: object removed 7040
12-14 08:12:31.750  2805  2995 D MediaProvider: object removed 7041
12-14 08:12:31.750  2805  2995 D MediaProvider: object removed 7042
12-14 08:12:31.750  2805  2995 D MediaProvider: object removed 7043
12-14 08:12:31.750  2805  2995 D MediaProvider: object removed 7044
12-14 08:12:31.750  2805  2995 D MediaProvider: object removed 7045
12-14 08:12:31.750  2805  2995 D MediaProvider: object removed 7046
12-14 08:12:31.750  2805  2995 D MediaProvider: object removed 7047
12-14 08:12:31.750  2805  2995 D MediaProvider: object removed 7048
12-14 08:12:31.750  2805  2995 D MediaProvider: object removed 7049
12-14 08:12:31.750  2805  2995 D MediaProvider: object removed 7050
12-14 08:12:31.750  2805  2995 D MediaProvider: object removed 7051
12-14 08:12:31.750  2805  2995 D MediaProvider: object removed 7052
12-14 08:12:31.750  2805  2995 D MediaProvider: object removed 7053
12-14 08:12:31.750  2805  2995 D MediaProvider: object removed 7054
12-14 08:12:31.750  2805  2995 D MediaProvider: object removed 7055
12-14 08:12:31.750  2805  2995 D MediaProvider: object removed 7056
12-14 08:12:31.750  2805  2995 D MediaProvider: object removed 7057
12-14 08:12:31.750  2805  2995 D MediaProvider: object removed 7058
12-14 08:12:31.750  2805  2995 D MediaProvider: object removed 7059
12-14 08:12:31.750  2805  2995 D MediaProvider: object removed 7060
12-14 08:12:31.750  2805  2995 D MediaProvider: object removed 7061
12-14 08:12:31.750  2805  2995 D MediaProvider: object removed 7062
12-14 08:12:31.750  2805  2995 D MediaProvider: object removed 7063
12-14 08:12:31.751  2805  2995 D MediaProvider: object removed 7064
12-14 08:12:31.751  2805  2995 D MediaProvider: object removed 7065
12-14 08:12:31.751  2805  2995 D MediaProvider: object removed 7066
12-14 08:12:31.751  2805  2995 D MediaProvider: object removed 7067
12-14 08:12:31.751  2805  2995 D MediaProvider: object removed 7068
12-14 08:12:31.751  2805  2995 D MediaProvider: object removed 7069
12-14 08:12:31.751  2805  2995 D MediaProvider: object removed 7070
12-14 08:12:31.751  2805  2995 D MediaProvider: object removed 7071
12-14 08:12:31.751  2805  2995 D MediaProvider: object removed 7072
12-14 08:12:31.751  2805  2995 D MediaProvider: object removed 7073
12-14 08:12:31.751  2805  2995 D MediaProvider: object removed 7074
12-14 08:12:31.751  2805  2995 D MediaProvider: object removed 7075
12-14 08:12:31.751  2805  2995 D MediaProvider: object removed 7076
12-14 08:12:31.751  2805  2995 D MediaProvider: object removed 7077
12-14 08:12:31.751  2805  2995 D MediaProvider: object removed 7078
12-14 08:12:31.751  2805  2995 D MediaProvider: object removed 7079
12-14 08:12:31.751  2805  2995 D MediaProvider: object removed 7080
12-14 08:12:31.751  2805  2995 D MediaProvider: object removed 7081
12-14 08:12:31.751  2805  2995 D MediaProvider: object removed 7082
12-14 08:12:31.751  2805  2995 D MediaProvider: object removed 7083
12-14 08:12:31.751  2805  2995 D MediaProvider: object removed 7084
12-14 08:12:31.751  2805  2995 D MediaProvider: object removed 7085
12-14 08:12:31.751  2805  2995 D MediaProvider: object removed 7086
12-14 08:12:31.751  2805  2995 D MediaProvider: object removed 7087
12-14 08:12:31.751  2805  2995 D MediaProvider: object removed 7088
12-14 08:12:31.751  2805  2995 D MediaProvider: object removed 7089
12-14 08:12:31.751  2805  2995 D MediaProvider: object removed 7090
12-14 08:12:31.751  2805  2995 D MediaProvider: object removed 7091
12-14 08:12:31.751  2805  2995 D MediaProvider: object removed 7092
12-14 08:12:31.751  2805  2995 D MediaProvider: object removed 7093
12-14 08:12:31.751  2805  2995 D MediaProvider: object removed 7094
12-14 08:12:31.751  2805  2995 D MediaProvider: object removed 7095
12-14 08:12:31.752  2805  2995 D MediaProvider: object removed 7096
12-14 08:12:31.752  2805  2995 D MediaProvider: object removed 7097
12-14 08:12:31.752  2805  2995 D MediaProvider: object removed 7098
12-14 08:12:31.752  2805  2995 D MediaProvider: object removed 7099
12-14 08:12:31.757  2084  2497 I ActivityManager: Start proc 3034:com.android.vending/u0a14 for broadcast com.android.vending/com.google.android.finsky.receivers.BootCompletedReceiver
12-14 08:12:31.757  2996  3033 D ConnectivityManager: getMobileDataEnabled()+ subId=-1
12-14 08:12:31.757  2385  2410 D PhoneInterfaceManager: [PhoneIntfMgr] getDataEnabled: subId=-1 phoneId=-1
12-14 08:12:31.758  2385  2410 E PhoneInterfaceManager: [PhoneIntfMgr] getDataEnabled: no phone subId=-1 retVal=false
12-14 08:12:31.758  2996  3033 D ConnectivityManager: getMobileDataEnabled()- subId=-1 retVal=false
12-14 08:12:31.759  2805  2995 D MediaProvider: object removed 7100
12-14 08:12:31.759  2805  2995 D MediaProvider: object removed 7101
12-14 08:12:31.759  2805  2995 D MediaProvider: object removed 7102
12-14 08:12:31.759  2805  2995 D MediaProvider: object removed 7103
12-14 08:12:31.759  2805  2995 D MediaProvider: object removed 7104
12-14 08:12:31.759  2805  2995 D MediaProvider: object removed 7105
12-14 08:12:31.759  2805  2995 D MediaProvider: object removed 7106
12-14 08:12:31.759  2805  2995 D MediaProvider: object removed 7107
12-14 08:12:31.759  2805  2995 D MediaProvider: object removed 7108
12-14 08:12:31.759  2805  2995 D MediaProvider: object removed 7109
12-14 08:12:31.759  2805  2995 D MediaProvider: object removed 7110
12-14 08:12:31.760  2805  2995 D MediaProvider: object removed 7111
12-14 08:12:31.760  2805  2995 D MediaProvider: object removed 7112
12-14 08:12:31.760  2805  2995 D MediaProvider: object removed 7113
12-14 08:12:31.760  2805  2995 D MediaProvider: object removed 7114
12-14 08:12:31.760  2805  2995 D MediaProvider: object removed 7115
12-14 08:12:31.760  2805  2995 D MediaProvider: object removed 7116
12-14 08:12:31.760  2805  2995 D MediaProvider: object removed 7117
12-14 08:12:31.760  2805  2995 D MediaProvider: object removed 7118
12-14 08:12:31.760  2805  2995 D MediaProvider: object removed 7119
12-14 08:12:31.760  2805  2995 D MediaProvider: object removed 7120
12-14 08:12:31.760  2805  2995 D MediaProvider: object removed 7121
12-14 08:12:31.760  2805  2995 D MediaProvider: object removed 7122
12-14 08:12:31.760  2805  2995 D MediaProvider: object removed 7123
12-14 08:12:31.760  2805  2995 D MediaProvider: object removed 7124
12-14 08:12:31.760  2805  2995 D MediaProvider: object removed 7125
12-14 08:12:31.760  2805  2995 D MediaProvider: object removed 7126
12-14 08:12:31.760  2805  2995 D MediaProvider: object removed 7127
12-14 08:12:31.760  2805  2995 D MediaProvider: object removed 7128
12-14 08:12:31.760  2805  2995 D MediaProvider: object removed 7129
12-14 08:12:31.760  2805  2995 D MediaProvider: object removed 7130
12-14 08:12:31.760  2805  2995 D MediaProvider: object removed 7131
12-14 08:12:31.760  2805  2995 D MediaProvider: object removed 7132
12-14 08:12:31.760  2805  2995 D MediaProvider: object removed 7133
12-14 08:12:31.760  2805  2995 D MediaProvider: object removed 7134
12-14 08:12:31.760  2805  2995 D MediaProvider: object removed 7135
12-14 08:12:31.760  2805  2995 D MediaProvider: object removed 7136
12-14 08:12:31.760  2805  2995 D MediaProvider: object removed 7137
12-14 08:12:31.760  2805  2995 D MediaProvider: object removed 7138
12-14 08:12:31.760  2805  2995 D MediaProvider: object removed 7139
12-14 08:12:31.760  2805  2995 D MediaProvider: object removed 7140
12-14 08:12:31.760  2805  2995 D MediaProvider: object removed 7141
12-14 08:12:31.760  2805  2995 D MediaProvider: object removed 7142
12-14 08:12:31.760  2805  2995 D MediaProvider: object removed 7143
12-14 08:12:31.760  2805  2995 D MediaProvider: object removed 7144
12-14 08:12:31.760  2805  2995 D MediaProvider: object removed 7145
12-14 08:12:31.760  2805  2995 D MediaProvider: object removed 7146
12-14 08:12:31.760  2805  2995 D MediaProvider: object removed 7147
12-14 08:12:31.760  2805  2995 D MediaProvider: object removed 7148
12-14 08:12:31.760  2805  2995 D MediaProvider: object removed 7149
12-14 08:12:31.760  2805  2995 D MediaProvider: object removed 7150
12-14 08:12:31.760  2805  2995 D MediaProvider: object removed 7151
12-14 08:12:31.760  2805  2995 D MediaProvider: object removed 7152
12-14 08:12:31.760  2805  2995 D MediaProvider: object removed 7153
12-14 08:12:31.761  2805  2995 D MediaProvider: object removed 7154
12-14 08:12:31.761  2805  2995 D MediaProvider: object removed 7155
12-14 08:12:31.761  2805  2995 D MediaProvider: object removed 7156
12-14 08:12:31.761  2805  2995 D MediaProvider: object removed 7157
12-14 08:12:31.761  2805  2995 D MediaProvider: object removed 7158
12-14 08:12:31.761  2805  2995 D MediaProvider: object removed 7159
12-14 08:12:31.761  2805  2995 D MediaProvider: object removed 7160
12-14 08:12:31.761  2805  2995 D MediaProvider: object removed 7161
12-14 08:12:31.761  2805  2995 D MediaProvider: object removed 7162
12-14 08:12:31.761  2805  2995 D MediaProvider: object removed 7163
12-14 08:12:31.761  2805  2995 D MediaProvider: object removed 7164
12-14 08:12:31.761  2805  2995 D MediaProvider: object removed 7165
12-14 08:12:31.761  2805  2995 D MediaProvider: object removed 7166
12-14 08:12:31.761  2805  2995 D MediaProvider: object removed 7167
12-14 08:12:31.761  2805  2995 D MediaProvider: object removed 7168
12-14 08:12:31.761  2805  2995 D MediaProvider: object removed 7169
12-14 08:12:31.761  2805  2995 D MediaProvider: object removed 7170
12-14 08:12:31.761  2805  2995 D MediaProvider: object removed 7171
12-14 08:12:31.761  2805  2995 D MediaProvider: object removed 7172
12-14 08:12:31.761  2805  2995 D MediaProvider: object removed 7173
12-14 08:12:31.761  2805  2995 D MediaProvider: object removed 7174
12-14 08:12:31.761  2805  2995 D MediaProvider: object removed 7175
12-14 08:12:31.761  2805  2995 D MediaProvider: object removed 7176
12-14 08:12:31.761  2805  2995 D MediaProvider: object removed 7177
12-14 08:12:31.761  2805  2995 D MediaProvider: object removed 7178
12-14 08:12:31.761  2805  2995 D MediaProvider: object removed 7179
12-14 08:12:31.761  2805  2995 D MediaProvider: object removed 7180
12-14 08:12:31.761  2805  2995 D MediaProvider: object removed 7181
12-14 08:12:31.761  2805  2995 D MediaProvider: object removed 7182
12-14 08:12:31.761  2805  2995 D MediaProvider: object removed 7183
12-14 08:12:31.761  2805  2995 D MediaProvider: object removed 7184
12-14 08:12:31.761  2805  2995 D MediaProvider: object removed 7185
12-14 08:12:31.761  2805  2995 D MediaProvider: object removed 7186
12-14 08:12:31.761  2805  2995 D MediaProvider: object removed 7187
12-14 08:12:31.761  2805  2995 D MediaProvider: object removed 7188
12-14 08:12:31.761  2805  2995 D MediaProvider: object removed 7189
12-14 08:12:31.761  2805  2995 D MediaProvider: object removed 7190
12-14 08:12:31.761  2805  2995 D MediaProvider: object removed 7191
12-14 08:12:31.761  2805  2995 D MediaProvider: object removed 7192
12-14 08:12:31.761  2805  2995 D MediaProvider: object removed 7193
12-14 08:12:31.761  2805  2995 D MediaProvider: object removed 7194
12-14 08:12:31.761  2805  2995 D MediaProvider: object removed 7195
12-14 08:12:31.762  2805  2995 D MediaProvider: object removed 7196
12-14 08:12:31.762  2805  2995 D MediaProvider: object removed 7197
12-14 08:12:31.762  2805  2995 D MediaProvider: object removed 7198
12-14 08:12:31.762  2805  2995 D MediaProvider: object removed 7199
12-14 08:12:31.762  2805  2995 D MediaProvider: object removed 7200
12-14 08:12:31.762  3034  3034 I ActivityThread: Switching default density from 160 to 240
12-14 08:12:31.763  2643  3023 I iu.UploadsManager: #reloadSettings(); account: -1; IU: disabled; IS: disabled; IS account: -1; photoWiFi: true; videoWiFi: true; roam: false; battery: true; size: FULL; maxMobile: 157286400
12-14 08:12:31.766  2805  2995 D MediaProvider: object removed 7201
12-14 08:12:31.766  2805  2995 D MediaProvider: object removed 7202
12-14 08:12:31.766  2805  2995 D MediaProvider: object removed 7203
12-14 08:12:31.766  2805  2995 D MediaProvider: object removed 7204
12-14 08:12:31.766  2805  2995 D MediaProvider: object removed 7205
12-14 08:12:31.766  2805  2995 D MediaProvider: object removed 7206
12-14 08:12:31.766  2805  2995 D MediaProvider: object removed 7207
12-14 08:12:31.766  2805  2995 D MediaProvider: object removed 7208
12-14 08:12:31.766  2805  2995 D MediaProvider: object removed 7209
12-14 08:12:31.766  2805  2995 D MediaProvider: object removed 7210
12-14 08:12:31.766  2805  2995 D MediaProvider: object removed 7211
12-14 08:12:31.766  2805  2995 D MediaProvider: object removed 7212
12-14 08:12:31.766  2805  2995 D MediaProvider: object removed 7213
12-14 08:12:31.766  2805  2995 D MediaProvider: object removed 7214
12-14 08:12:31.766  2805  2995 D MediaProvider: object removed 7215
12-14 08:12:31.766  2805  2995 D MediaProvider: object removed 7216
12-14 08:12:31.766  2805  2995 D MediaProvider: object removed 7217
12-14 08:12:31.766  2805  2995 D MediaProvider: object removed 7218
12-14 08:12:31.766  2805  2995 D MediaProvider: object removed 7219
12-14 08:12:31.766  2805  2995 D MediaProvider: object removed 7220
12-14 08:12:31.766  2805  2995 D MediaProvider: object removed 7221
12-14 08:12:31.766  2805  2995 D MediaProvider: object removed 7222
12-14 08:12:31.766  2805  2995 D MediaProvider: object removed 7223
12-14 08:12:31.766  2805  2995 D MediaProvider: object removed 7224
12-14 08:12:31.766  2805  2995 D MediaProvider: object removed 7225
12-14 08:12:31.766  2805  2995 D MediaProvider: object removed 7226
12-14 08:12:31.766  2805  2995 D MediaProvider: object removed 7227
12-14 08:12:31.766  2805  2995 D MediaProvider: object removed 7228
12-14 08:12:31.766  2805  2995 D MediaProvider: object removed 7229
12-14 08:12:31.766  2805  2995 D MediaProvider: object removed 7230
12-14 08:12:31.766  2805  2995 D MediaProvider: object removed 7231
12-14 08:12:31.766  2805  2995 D MediaProvider: object removed 7232
12-14 08:12:31.766  2805  2995 D MediaProvider: object removed 7233
12-14 08:12:31.766  2805  2995 D MediaProvider: object removed 7234
12-14 08:12:31.767  2805  2995 D MediaProvider: object removed 7235
12-14 08:12:31.767  2805  2995 D MediaProvider: object removed 7236
12-14 08:12:31.767  2805  2995 D MediaProvider: object removed 7237
12-14 08:12:31.768  2805  2995 D MediaProvider: object removed 7238
12-14 08:12:31.768  2805  2995 D MediaProvider: object removed 7239
12-14 08:12:31.768  2805  2995 D MediaProvider: object removed 7240
12-14 08:12:31.768  2805  2995 D MediaProvider: object removed 7241
12-14 08:12:31.768  2805  2995 D MediaProvider: object removed 7242
12-14 08:12:31.768  2805  2995 D MediaProvider: object removed 7243
12-14 08:12:31.768  2805  2995 D MediaProvider: object removed 7244
12-14 08:12:31.768  2805  2995 D MediaProvider: object removed 7245
12-14 08:12:31.768  2805  2995 D MediaProvider: object removed 7246
12-14 08:12:31.768  2805  2995 D MediaProvider: object removed 7247
12-14 08:12:31.768  2805  2995 D MediaProvider: object removed 7248
12-14 08:12:31.768  2805  2995 D MediaProvider: object removed 7249
12-14 08:12:31.769  2805  2995 D MediaProvider: object removed 7250
12-14 08:12:31.769  2805  2995 D MediaProvider: object removed 7251
12-14 08:12:31.769  2805  2995 D MediaProvider: object removed 7252
12-14 08:12:31.769  2805  2995 D MediaProvider: object removed 7253
12-14 08:12:31.769  2805  2995 D MediaProvider: object removed 7254
12-14 08:12:31.769  2805  2995 D MediaProvider: object removed 7255
12-14 08:12:31.769  2805  2995 D MediaProvider: object removed 7256
12-14 08:12:31.769  2805  2995 D MediaProvider: object removed 7257
12-14 08:12:31.769  2805  2995 D MediaProvider: object removed 7258
12-14 08:12:31.769  2805  2995 D MediaProvider: object removed 7259
12-14 08:12:31.769  2805  2995 D MediaProvider: object removed 7260
12-14 08:12:31.769  2805  2995 D MediaProvider: object removed 7261
12-14 08:12:31.769  2805  2995 D MediaProvider: object removed 7262
12-14 08:12:31.769  2805  2995 D MediaProvider: object removed 7263
12-14 08:12:31.769  2805  2995 D MediaProvider: object removed 7264
12-14 08:12:31.769  2805  2995 D MediaProvider: object removed 7265
12-14 08:12:31.769  2805  2995 D MediaProvider: object removed 7266
12-14 08:12:31.769  2805  2995 D MediaProvider: object removed 7267
12-14 08:12:31.769  2805  2995 D MediaProvider: object removed 7268
12-14 08:12:31.769  2805  2995 D MediaProvider: object removed 7269
12-14 08:12:31.769  2805  2995 D MediaProvider: object removed 7270
12-14 08:12:31.769  2805  2995 D MediaProvider: object removed 7271
12-14 08:12:31.769  2805  2995 D MediaProvider: object removed 7272
12-14 08:12:31.769  2805  2995 D MediaProvider: object removed 7273
12-14 08:12:31.769  2805  2995 D MediaProvider: object removed 7274
12-14 08:12:31.769  2805  2995 D MediaProvider: object removed 7275
12-14 08:12:31.769  2805  2995 D MediaProvider: object removed 7276
12-14 08:12:31.770  2805  2995 D MediaProvider: object removed 7277
12-14 08:12:31.770  2805  2995 D MediaProvider: object removed 7278
12-14 08:12:31.770  2805  2995 D MediaProvider: object removed 7279
12-14 08:12:31.770  2805  2995 D MediaProvider: object removed 7280
12-14 08:12:31.770  2805  2995 D MediaProvider: object removed 7281
12-14 08:12:31.770  2805  2995 D MediaProvider: object removed 7282
12-14 08:12:31.770  2805  2995 D MediaProvider: object removed 7283
12-14 08:12:31.770  2805  2995 D MediaProvider: object removed 7284
12-14 08:12:31.770  2805  2995 D MediaProvider: object removed 7285
12-14 08:12:31.770  2805  2995 D MediaProvider: object removed 7286
12-14 08:12:31.770  2805  2995 D MediaProvider: object removed 7287
12-14 08:12:31.770  2805  2995 D MediaProvider: object removed 7288
12-14 08:12:31.770  2805  2995 D MediaProvider: object removed 7289
12-14 08:12:31.770  2805  2995 D MediaProvider: object removed 7290
12-14 08:12:31.770  2805  2995 D MediaProvider: object removed 7291
12-14 08:12:31.770  2805  2995 D MediaProvider: object removed 7292
12-14 08:12:31.770  2805  2995 D MediaProvider: object removed 7293
12-14 08:12:31.770  2805  2995 D MediaProvider: object removed 7294
12-14 08:12:31.771  2084  2497 I art     : Explicit concurrent mark sweep GC freed 10311(511KB) AllocSpace objects, 2(32KB) LOS objects, 33% free, 9MB/14MB, paused 371us total 11.743ms
12-14 08:12:31.771  2385  2581 D MmsSmsDatabaseHelper: [MmsSmsDb] tableName: threads hasAutoIncrement: CREATE TABLE threads (_id INTEGER PRIMARY KEY AUTOINCREMENT,date INTEGER DEFAULT 0,message_count INTEGER DEFAULT 0,recipient_ids TEXT,snippet TEXT,snippet_cs INTEGER DEFAULT 0,read INTEGER DEFAULT 1,archived INTEGER DEFAULT 0,type INTEGER DEFAULT 0,error INTEGER DEFAULT 0,has_attachment INTEGER DEFAULT 0) result: true
12-14 08:12:31.771  2385  2581 D MmsSmsDatabaseHelper: [MmsSmsDb] tableName: canonical_addresses hasAutoIncrement: CREATE TABLE canonical_addresses (_id INTEGER PRIMARY KEY AUTOINCREMENT,address TEXT) result: true
12-14 08:12:31.772  2805  2995 D MediaProvider: object removed 7295
12-14 08:12:31.772  2385  2581 D MmsSmsDatabaseHelper: [MmsSmsDb] tableName: part hasAutoIncrement: CREATE TABLE part (_id INTEGER PRIMARY KEY AUTOINCREMENT,mid INTEGER,seq INTEGER DEFAULT 0,ct TEXT,name TEXT,chset INTEGER,cd TEXT,fn TEXT,cid TEXT,cl TEXT,ctt_s INTEGER,ctt_t TEXT,_data TEXT,text TEXT) result: true
12-14 08:12:31.772  2805  2995 D MediaProvider: object removed 7296
12-14 08:12:31.772  2805  2995 D MediaProvider: object removed 7297
12-14 08:12:31.772  2805  2995 D MediaProvider: object removed 7298
12-14 08:12:31.772  2385  2581 D MmsSmsDatabaseHelper: [MmsSmsDb] tableName: pdu hasAutoIncrement: CREATE TABLE pdu (_id INTEGER PRIMARY KEY AUTOINCREMENT,thread_id INTEGER,date INTEGER,date_sent INTEGER DEFAULT 0,msg_box INTEGER,read INTEGER DEFAULT 0,m_id TEXT,sub TEXT,sub_cs INTEGER,ct_t TEXT,ct_l TEXT,exp INTEGER,m_cls TEXT,m_type INTEGER,v INTEGER,m_size INTEGER,pri INTEGER,rr INTEGER,rpt_a INTEGER,resp_st INTEGER,st INTEGER,tr_id TEXT,retr_st INTEGER,retr_txt TEXT,retr_txt_cs INTEGER,read_status INTEGER,ct_cls INTEGER,resp_txt TEXT,d_tm INTEGER,d_rpt INTEGER,locked INTEGER DEFAULT 0,sub_id INTEGER DEFAULT -1, seen INTEGER DEFAULT 0,creator TEXT,text_only INTEGER DEFAULT 0) result: true
12-14 08:12:31.772  2385  2581 D MmsSmsDatabaseHelper: [getWritableDatabase] hasAutoIncrementThreads: true hasAutoIncrementAddresses: true hasAutoIncrementPart: true hasAutoIncrementPdu: true
12-14 08:12:31.772  2805  2995 D MediaProvider: object removed 7299
12-14 08:12:31.772  2805  2995 D MediaProvider: object removed 7300
12-14 08:12:31.772  2805  2995 D MediaProvider: object removed 7301
12-14 08:12:31.774  2996  3047 D Mms     : cancelNotification
12-14 08:12:31.794  2805  2995 D MediaProvider: object removed 7302
12-14 08:12:31.794  2805  2995 D MediaProvider: object removed 7303
12-14 08:12:31.794  2805  2995 D MediaProvider: object removed 7304
12-14 08:12:31.795  2805  2995 D MediaProvider: object removed 7305
12-14 08:12:31.795  2805  2995 D MediaProvider: object removed 7306
12-14 08:12:31.796  2805  2995 D MediaProvider: object removed 7307
12-14 08:12:31.796  2805  2995 D MediaProvider: object removed 7308
12-14 08:12:31.796  2805  2995 D MediaProvider: object removed 7309
12-14 08:12:31.796  2805  2995 D MediaProvider: object removed 7310
12-14 08:12:31.796  2805  2995 D MediaProvider: object removed 7311
12-14 08:12:31.796  2805  2995 D MediaProvider: object removed 7312
12-14 08:12:31.796  2805  2995 D MediaProvider: object removed 7313
12-14 08:12:31.797  2805  2995 D MediaProvider: object removed 7314
12-14 08:12:31.797  2805  2995 D MediaProvider: object removed 7315
12-14 08:12:31.797  2805  2995 D MediaProvider: object removed 7316
12-14 08:12:31.797  2805  2995 D MediaProvider: object removed 7317
12-14 08:12:31.797  2805  2995 D MediaProvider: object removed 7318
12-14 08:12:31.798  2805  2995 D MediaProvider: object removed 7319
12-14 08:12:31.798  2805  2995 D MediaProvider: object removed 7320
12-14 08:12:31.798  2805  2995 D MediaProvider: object removed 7321
12-14 08:12:31.798  2805  2995 D MediaProvider: object removed 7322
12-14 08:12:31.798  2805  2995 D MediaProvider: object removed 7323
12-14 08:12:31.798  2805  2995 D MediaProvider: object removed 7324
12-14 08:12:31.798  2805  2995 D MediaProvider: object removed 7325
12-14 08:12:31.798  2805  2995 D MediaProvider: object removed 7326
12-14 08:12:31.798  2805  2995 D MediaProvider: object removed 7327
12-14 08:12:31.798  2805  2995 D MediaProvider: object removed 7328
12-14 08:12:31.798  2805  2995 D MediaProvider: object removed 7329
12-14 08:12:31.798  2805  2995 D MediaProvider: object removed 7330
12-14 08:12:31.798  2805  2995 D MediaProvider: object removed 7331
12-14 08:12:31.798  2805  2995 D MediaProvider: object removed 7332
12-14 08:12:31.798  2805  2995 D MediaProvider: object removed 7333
12-14 08:12:31.798  2805  2995 D MediaProvider: object removed 7334
12-14 08:12:31.798  2805  2995 D MediaProvider: object removed 7335
12-14 08:12:31.798  2805  2995 D MediaProvider: object removed 7336
12-14 08:12:31.798  2805  2995 D MediaProvider: object removed 7337
12-14 08:12:31.799  2805  2995 D MediaProvider: object removed 7338
12-14 08:12:31.799  2805  2995 D MediaProvider: object removed 7339
12-14 08:12:31.799  2805  2995 D MediaProvider: object removed 7340
12-14 08:12:31.799  2805  2995 D MediaProvider: object removed 7341
12-14 08:12:31.799  2805  2995 D MediaProvider: object removed 7342
12-14 08:12:31.799  2805  2995 D MediaProvider: object removed 7343
12-14 08:12:31.799  2805  2995 D MediaProvider: object removed 7344
12-14 08:12:31.799  2805  2995 D MediaProvider: object removed 7345
12-14 08:12:31.799  2805  2995 D MediaProvider: object removed 7346
12-14 08:12:31.799  2805  2995 D MediaProvider: object removed 7347
12-14 08:12:31.799  2805  2995 D MediaProvider: object removed 7348
12-14 08:12:31.799  2805  2995 D MediaProvider: object removed 7349
12-14 08:12:31.799  2805  2995 D MediaProvider: object removed 7350
12-14 08:12:31.799  2805  2995 D MediaProvider: object removed 7351
12-14 08:12:31.799  2805  2995 D MediaProvider: object removed 7352
12-14 08:12:31.799  2805  2995 D MediaProvider: object removed 7353
12-14 08:12:31.799  2805  2995 D MediaProvider: object removed 7354
12-14 08:12:31.799  2805  2995 D MediaProvider: object removed 7355
12-14 08:12:31.799  2805  2995 D MediaProvider: object removed 7356
12-14 08:12:31.799  2805  2995 D MediaProvider: object removed 7357
12-14 08:12:31.799  2805  2995 D MediaProvider: object removed 7358
12-14 08:12:31.799  2805  2995 D MediaProvider: object removed 7359
12-14 08:12:31.799  2805  2995 D MediaProvider: object removed 7360
12-14 08:12:31.799  2805  2995 D MediaProvider: object removed 7361
12-14 08:12:31.799  2805  2995 D MediaProvider: object removed 7362
12-14 08:12:31.799  2805  2995 D MediaProvider: object removed 7363
12-14 08:12:31.799  2805  2995 D MediaProvider: object removed 7364
12-14 08:12:31.799  2805  2995 D MediaProvider: object removed 7365
12-14 08:12:31.799  2805  2995 D MediaProvider: object removed 7366
12-14 08:12:31.799  2805  2995 D MediaProvider: object removed 7367
12-14 08:12:31.799  2805  2995 D MediaProvider: object removed 7368
12-14 08:12:31.799  2805  2995 D MediaProvider: object removed 7369
12-14 08:12:31.799  2805  2995 D MediaProvider: object removed 7370
12-14 08:12:31.799  2805  2995 D MediaProvider: object removed 7371
12-14 08:12:31.799  2805  2995 D MediaProvider: object removed 7372
12-14 08:12:31.799  2805  2995 D MediaProvider: object removed 7373
12-14 08:12:31.799  2805  2995 D MediaProvider: object removed 7374
12-14 08:12:31.799  2805  2995 D MediaProvider: object removed 7375
12-14 08:12:31.799  2805  2995 D MediaProvider: object removed 7376
12-14 08:12:31.799  2805  2995 D MediaProvider: object removed 7377
12-14 08:12:31.799  2805  2995 D MediaProvider: object removed 7378
12-14 08:12:31.799  2805  2995 D MediaProvider: object removed 7379
12-14 08:12:31.799  2805  2995 D MediaProvider: object removed 7380
12-14 08:12:31.799  2805  2995 D MediaProvider: object removed 7381
12-14 08:12:31.799  2805  2995 D MediaProvider: object removed 7382
12-14 08:12:31.799  2805  2995 D MediaProvider: object removed 7383
12-14 08:12:31.799  2805  2995 D MediaProvider: object removed 7384
12-14 08:12:31.799  2805  2995 D MediaProvider: object removed 7385
12-14 08:12:31.799  2805  2995 D MediaProvider: object removed 7386
12-14 08:12:31.799  2805  2995 D MediaProvider: object removed 7387
12-14 08:12:31.800  2805  2995 D MediaProvider: object removed 7388
12-14 08:12:31.800  2805  2995 D MediaProvider: object removed 7389
12-14 08:12:31.800  2805  2995 D MediaProvider: object removed 7390
12-14 08:12:31.800  2805  2995 D MediaProvider: object removed 7391
12-14 08:12:31.800  2805  2995 D MediaProvider: object removed 7392
12-14 08:12:31.800  2805  2995 D MediaProvider: object removed 7393
12-14 08:12:31.800  2805  2995 D MediaProvider: object removed 7394
12-14 08:12:31.800  2805  2995 D MediaProvider: object removed 7395
12-14 08:12:31.800  2805  2995 D MediaProvider: object removed 7396
12-14 08:12:31.800  2805  2995 D MediaProvider: object removed 7397
12-14 08:12:31.800  2805  2995 D MediaProvider: object removed 7398
12-14 08:12:31.800  2805  2995 D MediaProvider: object removed 7399
12-14 08:12:31.800  2805  2995 D MediaProvider: object removed 7400
12-14 08:12:31.800  2805  2995 D MediaProvider: object removed 7401
12-14 08:12:31.800  2805  2995 D MediaProvider: object removed 7402
12-14 08:12:31.807  2805  2995 D MediaProvider: object removed 7403
12-14 08:12:31.807  2805  2995 D MediaProvider: object removed 7404
12-14 08:12:31.807  2805  2995 D MediaProvider: object removed 7405
12-14 08:12:31.807  2805  2995 D MediaProvider: object removed 7406
12-14 08:12:31.807  2805  2995 D MediaProvider: object removed 7407
12-14 08:12:31.807  2805  2995 D MediaProvider: object removed 7408
12-14 08:12:31.807  2805  2995 D MediaProvider: object removed 7409
12-14 08:12:31.807  2805  2995 D MediaProvider: object removed 7410
12-14 08:12:31.807  2805  2995 D MediaProvider: object removed 7411
12-14 08:12:31.808  2805  2995 D MediaProvider: object removed 7412
12-14 08:12:31.808  2805  2995 D MediaProvider: object removed 7413
12-14 08:12:31.808  2805  2995 D MediaProvider: object removed 7414
12-14 08:12:31.808  2805  2995 D MediaProvider: object removed 7415
12-14 08:12:31.808  2805  2995 D MediaProvider: object removed 7416
12-14 08:12:31.808  2805  2995 D MediaProvider: object removed 7417
12-14 08:12:31.808  2805  2995 D MediaProvider: object removed 7418
12-14 08:12:31.808  2805  2995 D MediaProvider: object removed 7419
12-14 08:12:31.808  2805  2995 D MediaProvider: object removed 7420
12-14 08:12:31.808  2805  2995 D MediaProvider: object removed 7421
12-14 08:12:31.808  2805  2995 D MediaProvider: object removed 7422
12-14 08:12:31.808  2805  2995 D MediaProvider: object removed 7423
12-14 08:12:31.808  2805  2995 D MediaProvider: object removed 7424
12-14 08:12:31.808  2805  2995 D MediaProvider: object removed 7425
12-14 08:12:31.808  2805  2995 D MediaProvider: object removed 7426
12-14 08:12:31.808  2805  2995 D MediaProvider: object removed 7427
12-14 08:12:31.808  2805  2995 D MediaProvider: object removed 7428
12-14 08:12:31.808  2805  2995 D MediaProvider: object removed 7429
12-14 08:12:31.808  2805  2995 D MediaProvider: object removed 7430
12-14 08:12:31.808  2805  2995 D MediaProvider: object removed 7431
12-14 08:12:31.808  2805  2995 D MediaProvider: object removed 7432
12-14 08:12:31.808  2805  2995 D MediaProvider: object removed 7433
12-14 08:12:31.808  2805  2995 D MediaProvider: object removed 7434
12-14 08:12:31.808  2805  2995 D MediaProvider: object removed 7435
12-14 08:12:31.808  2805  2995 D MediaProvider: object removed 7436
12-14 08:12:31.808  2805  2995 D MediaProvider: object removed 7437
12-14 08:12:31.808  2805  2995 D MediaProvider: object removed 7438
12-14 08:12:31.808  2805  2995 D MediaProvider: object removed 7439
12-14 08:12:31.808  2805  2995 D MediaProvider: object removed 7440
12-14 08:12:31.808  2805  2995 D MediaProvider: object removed 7441
12-14 08:12:31.808  2805  2995 D MediaProvider: object removed 7442
12-14 08:12:31.808  2805  2995 D MediaProvider: object removed 7443
12-14 08:12:31.808  2805  2995 D MediaProvider: object removed 7444
12-14 08:12:31.808  2805  2995 D MediaProvider: object removed 7445
12-14 08:12:31.808  2805  2995 D MediaProvider: object removed 7446
12-14 08:12:31.808  2805  2995 D MediaProvider: object removed 7447
12-14 08:12:31.808  2805  2995 D MediaProvider: object removed 7448
12-14 08:12:31.808  2805  2995 D MediaProvider: object removed 7449
12-14 08:12:31.808  2805  2995 D MediaProvider: object removed 7450
12-14 08:12:31.808  2805  2995 D MediaProvider: object removed 7451
12-14 08:12:31.808  2805  2995 D MediaProvider: object removed 7452
12-14 08:12:31.808  2805  2995 D MediaProvider: object removed 7453
12-14 08:12:31.808  2805  2995 D MediaProvider: object removed 7454
12-14 08:12:31.808  2805  2995 D MediaProvider: object removed 7455
12-14 08:12:31.808  2805  2995 D MediaProvider: object removed 7456
12-14 08:12:31.808  2805  2995 D MediaProvider: object removed 7457
12-14 08:12:31.808  2805  2995 D MediaProvider: object removed 7458
12-14 08:12:31.808  2805  2995 D MediaProvider: object removed 7459
12-14 08:12:31.808  2805  2995 D MediaProvider: object removed 7460
12-14 08:12:31.808  2805  2995 D MediaProvider: object removed 7461
12-14 08:12:31.808  2805  2995 D MediaProvider: object removed 7462
12-14 08:12:31.808  2805  2995 D MediaProvider: object removed 7463
12-14 08:12:31.808  2805  2995 D MediaProvider: object removed 7464
12-14 08:12:31.808  2805  2995 D MediaProvider: object removed 7465
12-14 08:12:31.808  2805  2995 D MediaProvider: object removed 7466
12-14 08:12:31.808  2805  2995 D MediaProvider: object removed 7467
12-14 08:12:31.808  2805  2995 D MediaProvider: object removed 7468
12-14 08:12:31.808  2805  2995 D MediaProvider: object removed 7469
12-14 08:12:31.809  2805  2995 D MediaProvider: object removed 7470
12-14 08:12:31.809  2805  2995 D MediaProvider: object removed 7471
12-14 08:12:31.809  2805  2995 D MediaProvider: object removed 7472
12-14 08:12:31.809  2805  2995 D MediaProvider: object removed 7473
12-14 08:12:31.809  2805  2995 D MediaProvider: object removed 7474
12-14 08:12:31.809  2805  2995 D MediaProvider: object removed 7475
12-14 08:12:31.809  2805  2995 D MediaProvider: object removed 7476
12-14 08:12:31.809  2805  2995 D MediaProvider: object removed 7477
12-14 08:12:31.809  2805  2995 D MediaProvider: object removed 7478
12-14 08:12:31.809  2805  2995 D MediaProvider: object removed 7479
12-14 08:12:31.809  2805  2995 D MediaProvider: object removed 7480
12-14 08:12:31.809  2805  2995 D MediaProvider: object removed 7481
12-14 08:12:31.809  2805  2995 D MediaProvider: object removed 7482
12-14 08:12:31.809  2805  2995 D MediaProvider: object removed 7483
12-14 08:12:31.809  2805  2995 D MediaProvider: object removed 7484
12-14 08:12:31.809  2805  2995 D MediaProvider: object removed 7485
12-14 08:12:31.809  2805  2995 D MediaProvider: object removed 7486
12-14 08:12:31.809  2805  2995 D MediaProvider: object removed 7487
12-14 08:12:31.809  2805  2995 D MediaProvider: object removed 7488
12-14 08:12:31.809  2805  2995 D MediaProvider: object removed 7489
12-14 08:12:31.809  2805  2995 D MediaProvider: object removed 7490
12-14 08:12:31.809  2805  2995 D MediaProvider: object removed 7491
12-14 08:12:31.809  2805  2995 D MediaProvider: object removed 7492
12-14 08:12:31.809  2805  2995 D MediaProvider: object removed 7493
12-14 08:12:31.809  2805  2995 D MediaProvider: object removed 7494
12-14 08:12:31.809  2805  2995 D MediaProvider: object removed 7495
12-14 08:12:31.809  2805  2995 D MediaProvider: object removed 7496
12-14 08:12:31.809  2805  2995 D MediaProvider: object removed 7497
12-14 08:12:31.809  2805  2995 D MediaProvider: object removed 7498
12-14 08:12:31.809  2805  2995 D MediaProvider: object removed 7499
12-14 08:12:31.809  2805  2995 D MediaProvider: object removed 7500
12-14 08:12:31.809  2805  2995 D MediaProvider: object removed 7501
12-14 08:12:31.809  2805  2995 D MediaProvider: object removed 7502
12-14 08:12:31.809  2805  2995 D MediaProvider: object removed 7503
12-14 08:12:31.826  3034  3034 W Finsky  : [1] FinskyApp.getCurrentAccount: No account configured on this device.
12-14 08:12:31.830  2805  2995 D MediaProvider: object removed 7504
12-14 08:12:31.830  2805  2995 D MediaProvider: object removed 7505
12-14 08:12:31.830  2805  2995 D MediaProvider: object removed 7506
12-14 08:12:31.830  2805  2995 D MediaProvider: object removed 7507
12-14 08:12:31.830  2805  2995 D MediaProvider: object removed 7508
12-14 08:12:31.830  2805  2995 D MediaProvider: object removed 7509
12-14 08:12:31.830  2805  2995 D MediaProvider: object removed 7510
12-14 08:12:31.830  2805  2995 D MediaProvider: object removed 7511
12-14 08:12:31.830  2805  2995 D MediaProvider: object removed 7512
12-14 08:12:31.830  2805  2995 D MediaProvider: object removed 7513
12-14 08:12:31.830  2805  2995 D MediaProvider: object removed 7514
12-14 08:12:31.830  2805  2995 D MediaProvider: object removed 7515
12-14 08:12:31.830  2805  2995 D MediaProvider: object removed 7516
12-14 08:12:31.830  2805  2995 D MediaProvider: object removed 7517
12-14 08:12:31.830  2805  2995 D MediaProvider: object removed 7518
12-14 08:12:31.830  2805  2995 D MediaProvider: object removed 7519
12-14 08:12:31.830  2805  2995 D MediaProvider: object removed 7520
12-14 08:12:31.830  2805  2995 D MediaProvider: object removed 7521
12-14 08:12:31.830  2805  2995 D MediaProvider: object removed 7522
12-14 08:12:31.830  2805  2995 D MediaProvider: object removed 7523
12-14 08:12:31.830  2805  2995 D MediaProvider: object removed 7524
12-14 08:12:31.831  2805  2995 D MediaProvider: object removed 7525
12-14 08:12:31.831  2805  2995 D MediaProvider: object removed 7526
12-14 08:12:31.831  2805  2995 D MediaProvider: object removed 7527
12-14 08:12:31.831  2805  2995 D MediaProvider: object removed 7528
12-14 08:12:31.831  2805  2995 D MediaProvider: object removed 7529
12-14 08:12:31.831  2805  2995 D MediaProvider: object removed 7530
12-14 08:12:31.831  2805  2995 D MediaProvider: object removed 7531
12-14 08:12:31.831  2805  2995 D MediaProvider: object removed 7532
12-14 08:12:31.831  2805  2995 D MediaProvider: object removed 7533
12-14 08:12:31.831  2805  2995 D MediaProvider: object removed 7534
12-14 08:12:31.831  2805  2995 D MediaProvider: object removed 7535
12-14 08:12:31.831  2805  2995 D MediaProvider: object removed 7536
12-14 08:12:31.831  2805  2995 D MediaProvider: object removed 7537
12-14 08:12:31.831  2805  2995 D MediaProvider: object removed 7538
12-14 08:12:31.831  2805  2995 D MediaProvider: object removed 7539
12-14 08:12:31.831  2805  2995 D MediaProvider: object removed 7540
12-14 08:12:31.831  2805  2995 D MediaProvider: object removed 7541
12-14 08:12:31.831  2805  2995 D MediaProvider: object removed 7542
12-14 08:12:31.831  2805  2995 D MediaProvider: object removed 7543
12-14 08:12:31.831  2805  2995 D MediaProvider: object removed 7544
12-14 08:12:31.831  2805  2995 D MediaProvider: object removed 7545
12-14 08:12:31.831  2805  2995 D MediaProvider: object removed 7546
12-14 08:12:31.831  2805  2995 D MediaProvider: object removed 7547
12-14 08:12:31.831  2805  2995 D MediaProvider: object removed 7548
12-14 08:12:31.831  2805  2995 D MediaProvider: object removed 7549
12-14 08:12:31.831  2805  2995 D MediaProvider: object removed 7550
12-14 08:12:31.831  2805  2995 D MediaProvider: object removed 7551
12-14 08:12:31.831  2805  2995 D MediaProvider: object removed 7552
12-14 08:12:31.831  2805  2995 D MediaProvider: object removed 7553
12-14 08:12:31.831  2805  2995 D MediaProvider: object removed 7554
12-14 08:12:31.831  2805  2995 D MediaProvider: object removed 7555
12-14 08:12:31.831  2805  2995 D MediaProvider: object removed 7556
12-14 08:12:31.831  2805  2995 D MediaProvider: object removed 7557
12-14 08:12:31.831  2805  2995 D MediaProvider: object removed 7558
12-14 08:12:31.831  2805  2995 D MediaProvider: object removed 7559
12-14 08:12:31.831  2805  2995 D MediaProvider: object removed 7560
12-14 08:12:31.831  2805  2995 D MediaProvider: object removed 7561
12-14 08:12:31.831  2805  2995 D MediaProvider: object removed 7562
12-14 08:12:31.831  2805  2995 D MediaProvider: object removed 7563
12-14 08:12:31.831  2805  2995 D MediaProvider: object removed 7564
12-14 08:12:31.831  2805  2995 D MediaProvider: object removed 7565
12-14 08:12:31.831  2805  2995 D MediaProvider: object removed 7566
12-14 08:12:31.831  2805  2995 D MediaProvider: object removed 7567
12-14 08:12:31.831  2805  2995 D MediaProvider: object removed 7568
12-14 08:12:31.831  2805  2995 D MediaProvider: object removed 7569
12-14 08:12:31.831  2805  2995 D MediaProvider: object removed 7570
12-14 08:12:31.831  2805  2995 D MediaProvider: object removed 7571
12-14 08:12:31.831  2805  2995 D MediaProvider: object removed 7572
12-14 08:12:31.832  2805  2995 D MediaProvider: object removed 7573
12-14 08:12:31.832  2805  2995 D MediaProvider: object removed 7574
12-14 08:12:31.832  2805  2995 D MediaProvider: object removed 7575
12-14 08:12:31.832  2805  2995 D MediaProvider: object removed 7576
12-14 08:12:31.832  2805  2995 D MediaProvider: object removed 7577
12-14 08:12:31.832  2805  2995 D MediaProvider: object removed 7578
12-14 08:12:31.832  2805  2995 D MediaProvider: object removed 7579
12-14 08:12:31.832  2805  2995 D MediaProvider: object removed 7580
12-14 08:12:31.832  2805  2995 D MediaProvider: object removed 7581
12-14 08:12:31.832  2805  2995 D MediaProvider: object removed 7582
12-14 08:12:31.832  2805  2995 D MediaProvider: object removed 7583
12-14 08:12:31.832  2805  2995 D MediaProvider: object removed 7584
12-14 08:12:31.832  2805  2995 D MediaProvider: object removed 7585
12-14 08:12:31.832  2805  2995 D MediaProvider: object removed 7586
12-14 08:12:31.832  2805  2995 D MediaProvider: object removed 7587
12-14 08:12:31.832  2805  2995 D MediaProvider: object removed 7588
12-14 08:12:31.832  2805  2995 D MediaProvider: object removed 7589
12-14 08:12:31.832  2805  2995 D MediaProvider: object removed 7590
12-14 08:12:31.832  2805  2995 D MediaProvider: object removed 7591
12-14 08:12:31.832  2805  2995 D MediaProvider: object removed 7592
12-14 08:12:31.832  2805  2995 D MediaProvider: object removed 7593
12-14 08:12:31.832  2805  2995 D MediaProvider: object removed 7594
12-14 08:12:31.832  2805  2995 D MediaProvider: object removed 7595
12-14 08:12:31.832  2805  2995 D MediaProvider: object removed 7596
12-14 08:12:31.832  2805  2995 D MediaProvider: object removed 7597
12-14 08:12:31.832  2805  2995 D MediaProvider: object removed 7598
12-14 08:12:31.832  2805  2995 D MediaProvider: object removed 7599
12-14 08:12:31.834  2805  2995 D MediaProvider: object removed 7600
12-14 08:12:31.834  2805  2995 D MediaProvider: object removed 7601
12-14 08:12:31.834  2805  2995 D MediaProvider: object removed 7602
12-14 08:12:31.834  2805  2995 D MediaProvider: object removed 7603
12-14 08:12:31.834  2805  2995 D MediaProvider: object removed 7604
12-14 08:12:31.834  3034  3034 W Finsky  : [1] FinskyApp.getCurrentAccount: No account configured on this device.
12-14 08:12:31.842  3034  3034 D Finsky  : [1] FinskyApp.onCreate: Initializing network with DFE https://android.clients.google.com/fdfe/
12-14 08:12:31.842  3034  3034 W Finsky  : [1] FinskyApp.getCurrentAccount: No account configured on this device.
12-14 08:12:31.843  2805  2995 D MediaProvider: object removed 7605
12-14 08:12:31.843  2805  2995 D MediaProvider: object removed 7606
12-14 08:12:31.843  2805  2995 D MediaProvider: object removed 7607
12-14 08:12:31.843  2805  2995 D MediaProvider: object removed 7608
12-14 08:12:31.843  2805  2995 D MediaProvider: object removed 7609
12-14 08:12:31.843  2805  2995 D MediaProvider: object removed 7610
12-14 08:12:31.843  2805  2995 D MediaProvider: object removed 7611
12-14 08:12:31.843  2805  2995 D MediaProvider: object removed 7612
12-14 08:12:31.843  2805  2995 D MediaProvider: object removed 7613
12-14 08:12:31.843  2805  2995 D MediaProvider: object removed 7614
12-14 08:12:31.843  2805  2995 D MediaProvider: object removed 7615
12-14 08:12:31.843  2805  2995 D MediaProvider: object removed 7616
12-14 08:12:31.843  2805  2995 D MediaProvider: object removed 7617
12-14 08:12:31.843  2805  2995 D MediaProvider: object removed 7618
12-14 08:12:31.843  2805  2995 D MediaProvider: object removed 7619
12-14 08:12:31.843  2805  2995 D MediaProvider: object removed 7620
12-14 08:12:31.843  2805  2995 D MediaProvider: object removed 7621
12-14 08:12:31.843  2805  2995 D MediaProvider: object removed 7622
12-14 08:12:31.844  2805  2995 D MediaProvider: object removed 7623
12-14 08:12:31.844  2805  2995 D MediaProvider: object removed 7624
12-14 08:12:31.844  2805  2995 D MediaProvider: object removed 7625
12-14 08:12:31.844  2805  2995 D MediaProvider: object removed 7626
12-14 08:12:31.844  2805  2995 D MediaProvider: object removed 7627
12-14 08:12:31.844  2805  2995 D MediaProvider: object removed 7628
12-14 08:12:31.844  2805  2995 D MediaProvider: object removed 7629
12-14 08:12:31.844  2805  2995 D MediaProvider: object removed 7630
12-14 08:12:31.844  2805  2995 D MediaProvider: object removed 7631
12-14 08:12:31.844  2805  2995 D MediaProvider: object removed 7632
12-14 08:12:31.844  2805  2995 D MediaProvider: object removed 7633
12-14 08:12:31.844  2805  2995 D MediaProvider: object removed 7634
12-14 08:12:31.844  2805  2995 D MediaProvider: object removed 7635
12-14 08:12:31.844  2805  2995 D MediaProvider: object removed 7636
12-14 08:12:31.844  2805  2995 D MediaProvider: object removed 7637
12-14 08:12:31.844  2805  2995 D MediaProvider: object removed 7638
12-14 08:12:31.844  2805  2995 D MediaProvider: object removed 7639
12-14 08:12:31.844  2805  2995 D MediaProvider: object removed 7640
12-14 08:12:31.844  2805  2995 D MediaProvider: object removed 7641
12-14 08:12:31.844  2805  2995 D MediaProvider: object removed 7642
12-14 08:12:31.844  2805  2995 D MediaProvider: object removed 7643
12-14 08:12:31.844  2805  2995 D MediaProvider: object removed 7644
