12-14 08:12:32.214  2805  2995 D MediaProvider: object removed 10437
12-14 08:12:32.214  2805  2995 D MediaProvider: object removed 10438
12-14 08:12:32.214  2805  2995 D MediaProvider: object removed 10439
12-14 08:12:32.214  2805  2995 D MediaProvider: object removed 10440
12-14 08:12:32.214  2805  2995 D MediaProvider: object removed 10441
12-14 08:12:32.214  2805  2995 D MediaProvider: object removed 10442
12-14 08:12:32.214  2805  2995 D MediaProvider: object removed 10443
12-14 08:12:32.214  2805  2995 D MediaProvider: object removed 10444
12-14 08:12:32.214  2805  2995 D MediaProvider: object removed 10445
12-14 08:12:32.214  2805  2995 D MediaProvider: object removed 10446
12-14 08:12:32.214  2805  2995 D MediaProvider: object removed 10447
12-14 08:12:32.214  2805  2995 D MediaProvider: object removed 10448
12-14 08:12:32.214  2805  2995 D MediaProvider: object removed 10449
12-14 08:12:32.214  2805  2995 D MediaProvider: object removed 10450
12-14 08:12:32.214  2805  2995 D MediaProvider: object removed 10451
12-14 08:12:32.214  2805  2995 D MediaProvider: object removed 10452
12-14 08:12:32.214  2805  2995 D MediaProvider: object removed 10453
12-14 08:12:32.214  2805  2995 D MediaProvider: object removed 10454
12-14 08:12:32.214  2805  2995 D MediaProvider: object removed 10455
12-14 08:12:32.214  2805  2995 D MediaProvider: object removed 10456
12-14 08:12:32.214  2805  2995 D MediaProvider: object removed 10457
12-14 08:12:32.214  2805  2995 D MediaProvider: object removed 10458
12-14 08:12:32.214  2805  2995 D MediaProvider: object removed 10459
12-14 08:12:32.214  2805  2995 D MediaProvider: object removed 10460
12-14 08:12:32.214  2805  2995 D MediaProvider: object removed 10461
12-14 08:12:32.214  2805  2995 D MediaProvider: object removed 10462
12-14 08:12:32.214  2805  2995 D MediaProvider: object removed 10463
12-14 08:12:32.214  2805  2995 D MediaProvider: object removed 10464
12-14 08:12:32.214  2805  2995 D MediaProvider: object removed 10465
12-14 08:12:32.214  2805  2995 D MediaProvider: object removed 10466
12-14 08:12:32.214  2805  2995 D MediaProvider: object removed 10467
12-14 08:12:32.214  2805  2995 D MediaProvider: object removed 10468
12-14 08:12:32.214  2805  2995 D MediaProvider: object removed 10469
12-14 08:12:32.214  2805  2995 D MediaProvider: object removed 10470
12-14 08:12:32.214  2805  2995 D MediaProvider: object removed 10471
12-14 08:12:32.214  2805  2995 D MediaProvider: object removed 10472
12-14 08:12:32.214  2805  2995 D MediaProvider: object removed 10473
12-14 08:12:32.214  2805  2995 D MediaProvider: object removed 10474
12-14 08:12:32.214  2805  2995 D MediaProvider: object removed 10475
12-14 08:12:32.214  2805  2995 D MediaProvider: object removed 10476
12-14 08:12:32.214  2805  2995 D MediaProvider: object removed 10477
12-14 08:12:32.214  2805  2995 D MediaProvider: object removed 10478
12-14 08:12:32.214  2805  2995 D MediaProvider: object removed 10479
12-14 08:12:32.214  2805  2995 D MediaProvider: object removed 10480
12-14 08:12:32.214  2805  2995 D MediaProvider: object removed 10481
12-14 08:12:32.214  2805  2995 D MediaProvider: object removed 10482
12-14 08:12:32.214  2805  2995 D MediaProvider: object removed 10483
12-14 08:12:32.214  2805  2995 D MediaProvider: object removed 10484
12-14 08:12:32.214  2805  2995 D MediaProvider: object removed 10485
12-14 08:12:32.223  3194  3194 E ActivityThread: Service com.android.email.service.EmailBroadcastProcessorService has leaked ServiceConnection com.android.emailcommon.service.ServiceProxy$ProxyConnection@1bafa61a that was originally bound here
12-14 08:12:32.223  3194  3194 E ActivityThread: android.app.ServiceConnectionLeaked: Service com.android.email.service.EmailBroadcastProcessorService has leaked ServiceConnection com.android.emailcommon.service.ServiceProxy$ProxyConnection@1bafa61a that was originally bound here
12-14 08:12:32.223  3194  3194 E ActivityThread: 	at android.app.LoadedApk$ServiceDispatcher.<init>(LoadedApk.java:1077)
12-14 08:12:32.223  3194  3194 E ActivityThread: 	at android.app.LoadedApk.getServiceDispatcher(LoadedApk.java:971)
12-14 08:12:32.223  3194  3194 E ActivityThread: 	at android.app.ContextImpl.bindServiceCommon(ContextImpl.java:1774)
12-14 08:12:32.223  3194  3194 E ActivityThread: 	at android.app.ContextImpl.bindService(ContextImpl.java:1757)
12-14 08:12:32.223  3194  3194 E ActivityThread: 	at android.content.ContextWrapper.bindService(ContextWrapper.java:539)
12-14 08:12:32.223  3194  3194 E ActivityThread: 	at com.android.emailcommon.service.ServiceProxy.setTask(ServiceProxy.java:181)
12-14 08:12:32.223  3194  3194 E ActivityThread: 	at com.android.emailcommon.service.ServiceProxy.test(ServiceProxy.java:224)
12-14 08:12:32.223  3194  3194 E ActivityThread: 	at com.android.email.service.EmailServiceUtils.isServiceAvailable(EmailServiceUtils.java:160)
12-14 08:12:32.223  3194  3194 E ActivityThread: 	at com.android.email.provider.AccountReconciler.reconcileAccountsInternal(AccountReconciler.java:171)
12-14 08:12:32.223  3194  3194 E ActivityThread: 	at com.android.email.provider.AccountReconciler.reconcileAccounts(AccountReconciler.java:115)
12-14 08:12:32.223  3194  3194 E ActivityThread: 	at com.android.email.service.EmailBroadcastProcessorService.reconcileAndStartServices(EmailBroadcastProcessorService.java:305)
12-14 08:12:32.223  3194  3194 E ActivityThread: 	at com.android.email.service.EmailBroadcastProcessorService.onBootCompleted(EmailBroadcastProcessorService.java:295)
12-14 08:12:32.223  3194  3194 E ActivityThread: 	at com.android.email.service.EmailBroadcastProcessorService.onHandleIntent(EmailBroadcastProcessorService.java:130)
12-14 08:12:32.223  3194  3194 E ActivityThread: 	at android.app.IntentService$ServiceHandler.handleMessage(IntentService.java:65)
12-14 08:12:32.223  3194  3194 E ActivityThread: 	at android.os.Handler.dispatchMessage(Handler.java:102)
12-14 08:12:32.223  3194  3194 E ActivityThread: 	at android.os.Looper.loop(Looper.java:135)
12-14 08:12:32.223  3194  3194 E ActivityThread: 	at android.os.HandlerThread.run(HandlerThread.java:61)
12-14 08:12:32.224  3194  3243 E EmailServiceProxy: RuntimeException when trying to unbind from service
12-14 08:12:32.224  3194  3243 E EmailServiceProxy: java.lang.IllegalArgumentException: Service not registered: com.android.emailcommon.service.ServiceProxy$ProxyConnection@1bafa61a
12-14 08:12:32.224  3194  3243 E EmailServiceProxy: 	at android.app.LoadedApk.forgetServiceDispatcher(LoadedApk.java:1029)
12-14 08:12:32.224  3194  3243 E EmailServiceProxy: 	at android.app.ContextImpl.unbindService(ContextImpl.java:1808)
12-14 08:12:32.224  3194  3243 E EmailServiceProxy: 	at android.content.ContextWrapper.unbindService(ContextWrapper.java:551)
12-14 08:12:32.224  3194  3243 E EmailServiceProxy: 	at com.android.emailcommon.service.ServiceProxy$ProxyConnection$1.doInBackground(ServiceProxy.java:124)
12-14 08:12:32.224  3194  3243 E EmailServiceProxy: 	at com.android.emailcommon.service.ServiceProxy$ProxyConnection$1.doInBackground(ServiceProxy.java:111)
12-14 08:12:32.224  3194  3243 E EmailServiceProxy: 	at android.os.AsyncTask$2.call(AsyncTask.java:292)
12-14 08:12:32.224  3194  3243 E EmailServiceProxy: 	at java.util.concurrent.FutureTask.run(FutureTask.java:237)
12-14 08:12:32.224  3194  3243 E EmailServiceProxy: 	at android.os.AsyncTask$SerialExecutor$1.run(AsyncTask.java:231)
12-14 08:12:32.224  3194  3243 E EmailServiceProxy: 	at java.util.concurrent.ThreadPoolExecutor.runWorker(ThreadPoolExecutor.java:1112)
12-14 08:12:32.224  3194  3243 E EmailServiceProxy: 	at java.util.concurrent.ThreadPoolExecutor$Worker.run(ThreadPoolExecutor.java:587)
12-14 08:12:32.224  3194  3243 E EmailServiceProxy: 	at java.lang.Thread.run(Thread.java:818)
12-14 08:12:32.238  2643  3023 I iu.UploadsManager: End new media; added: 10, uploading: 0, time: 475 ms
12-14 08:12:32.243  2805  2995 W MediaScanner: Error opening directory '/storage/sdcard1/', skipping: Permission denied.
12-14 08:12:32.243  2805  2995 W MediaScanner: Error opening directory '/storage/usb0/', skipping: Permission denied.
12-14 08:12:32.243  2805  2995 W MediaScanner: Error opening directory '/storage/usb1/', skipping: Permission denied.
12-14 08:12:32.243  2805  2995 W MediaScanner: Error opening directory '/storage/usb2/', skipping: Permission denied.
12-14 08:12:32.243  2805  2995 W MediaScanner: Error opening directory '/storage/usb3/', skipping: Permission denied.
12-14 08:12:32.243  3253  3284 D ActivityThread: Loading provider com.google.android.gmail.provider;com.android.mail.notifier;com.google.android.gm.email.provider;com.google.android.gm.email.notifier: com.android.email.provider.EmailProvider
12-14 08:12:32.247  3253  3283 I Gmail   : getAccountsCursor
12-14 08:12:32.248  2542  2542 V GLSActivity: AuthDelegateWrapperCreated with selected intent: Intent { cmp=com.google.android.gms/.auth.DefaultAuthDelegateService }
12-14 08:12:32.248  2805  2995 V MediaScanner: pruneDeadThumbnailFiles... android.database.sqlite.SQLiteCursor@2e25e799
12-14 08:12:32.248  2805  2995 V MediaScanner: /pruneDeadThumbnailFiles... android.database.sqlite.SQLiteCursor@2e25e799
12-14 08:12:32.276  3253  3253 W GAV2    : Thread[main,5,main]: Need to call initialize() and be in fallback mode to start dispatch.
12-14 08:12:32.278  2084  2104 W ActivityManager: Unable to start service Intent { cmp=com.google.android.gm/com.android.email.service.AttachmentService } U=0: not found
12-14 08:12:32.279  3253  3291 I Gmail   : Observing account changes for notifications
12-14 08:12:32.280  2084  2105 W ActivityManager: Unable to start service Intent { act=com.google.android.gm.email.EXCHANGE_INTENT pkg=com.google.android.gm.exchange } U=0: not found
12-14 08:12:32.281  2084  2453 W ActivityManager: Unable to start service Intent { act=com.google.android.gm.email.EXCHANGE_INTENT pkg=com.google.android.gm.exchange } U=0: not found
12-14 08:12:32.284  3253  3295 E Gmail   : Error finding the version of the Email provider.....
12-14 08:12:32.284  3253  3295 E Gmail   : android.content.pm.PackageManager$NameNotFoundException: com.google.android.email
12-14 08:12:32.284  3253  3295 E Gmail   : 	at android.app.ApplicationPackageManager.getPackageInfo(ApplicationPackageManager.java:114)
12-14 08:12:32.284  3253  3295 E Gmail   : 	at com.google.android.gm.EmailMigrationService.a(SourceFile:1280)
12-14 08:12:32.284  3253  3295 E Gmail   : 	at com.google.android.gm.EmailMigrationService.onHandleIntent(SourceFile:219)
12-14 08:12:32.284  3253  3295 E Gmail   : 	at android.app.IntentService$ServiceHandler.handleMessage(IntentService.java:65)
12-14 08:12:32.284  3253  3295 E Gmail   : 	at android.os.Handler.dispatchMessage(Handler.java:102)
12-14 08:12:32.284  3253  3295 E Gmail   : 	at android.os.Looper.loop(Looper.java:135)
12-14 08:12:32.284  3253  3295 E Gmail   : 	at android.os.HandlerThread.run(HandlerThread.java:61)
12-14 08:12:32.284  3253  3295 W EmailMigration: We do not support migrating this version of the Email provider.
12-14 08:12:32.284  3253  3297 I Gmail   : getAccountsCursor
12-14 08:12:32.285  2542  2542 V GLSActivity: AuthDelegateWrapperCreated with selected intent: Intent { cmp=com.google.android.gms/.auth.DefaultAuthDelegateService }
12-14 08:12:32.285  2542  2542 V GLSActivity: AuthDelegateWrapperCreated with selected intent: Intent { cmp=com.google.android.gms/.auth.DefaultAuthDelegateService }
12-14 08:12:32.286  2293  2293 I SystemBroadcastReceiver: Boot has been completed
12-14 08:12:32.286  2084  2423 W ActivityManager: Unable to start service Intent { act=com.google.android.gm.email.EXCHANGE_INTENT pkg=com.google.android.gm.exchange } U=0: not found
12-14 08:12:32.287  2293  2293 I LauncherIconVisibilityManager: Activity has already been disabled: ComponentInfo{com.android.inputmethod.latin/com.android.inputmethod.latin.setup.SetupActivity}
12-14 08:12:32.287  2084  2242 W ActivityManager: Unable to start service Intent { act=com.google.android.gm.email.EXCHANGE_INTENT pkg=com.google.android.gm.exchange } U=0: not found
12-14 08:12:32.288  2542  2542 V GLSActivity: AuthDelegateWrapperCreated with selected intent: Intent { cmp=com.google.android.gms/.auth.DefaultAuthDelegateService }
12-14 08:12:32.288  3253  3253 E ActivityThread: Service com.android.email.service.EmailBroadcastProcessorService has leaked ServiceConnection com.android.emailcommon.service.am@2081d54b that was originally bound here
12-14 08:12:32.288  3253  3253 E ActivityThread: android.app.ServiceConnectionLeaked: Service com.android.email.service.EmailBroadcastProcessorService has leaked ServiceConnection com.android.emailcommon.service.am@2081d54b that was originally bound here
12-14 08:12:32.288  3253  3253 E ActivityThread: 	at android.app.LoadedApk$ServiceDispatcher.<init>(LoadedApk.java:1077)
12-14 08:12:32.288  3253  3253 E ActivityThread: 	at android.app.LoadedApk.getServiceDispatcher(LoadedApk.java:971)
12-14 08:12:32.288  3253  3253 E ActivityThread: 	at android.app.ContextImpl.bindServiceCommon(ContextImpl.java:1774)
12-14 08:12:32.288  3253  3253 E ActivityThread: 	at android.app.ContextImpl.bindService(ContextImpl.java:1757)
12-14 08:12:32.288  3253  3253 E ActivityThread: 	at android.content.ContextWrapper.bindService(ContextWrapper.java:539)
12-14 08:12:32.288  3253  3253 E ActivityThread: 	at com.android.emailcommon.service.ak.a(SourceFile:181)
12-14 08:12:32.288  3253  3253 E ActivityThread: 	at com.android.emailcommon.service.ak.e(SourceFile:222)
12-14 08:12:32.288  3253  3253 E ActivityThread: 	at com.android.email.service.m.c(SourceFile:158)
12-14 08:12:32.288  3253  3253 E ActivityThread: 	at com.android.email.provider.b.a(SourceFile:201)
12-14 08:12:32.288  3253  3253 E ActivityThread: 	at com.android.email.provider.b.a(SourceFile:145)
12-14 08:12:32.288  3253  3253 E ActivityThread: 	at com.android.email.service.EmailBroadcastProcessorService.c(SourceFile:349)
12-14 08:12:32.288  3253  3253 E ActivityThread: 	at com.android.email.service.EmailBroadcastProcessorService.onHandleIntent(SourceFile:1334)
12-14 08:12:32.288  3253  3253 E ActivityThread: 	at android.app.IntentService$ServiceHandler.handleMessage(IntentService.java:65)
12-14 08:12:32.288  3253  3253 E ActivityThread: 	at android.os.Handler.dispatchMessage(Handler.java:102)
12-14 08:12:32.288  3253  3253 E ActivityThread: 	at android.os.Looper.loop(Looper.java:135)
12-14 08:12:32.288  3253  3253 E ActivityThread: 	at android.os.HandlerThread.run(HandlerThread.java:61)
12-14 08:12:32.303  2084  2242 I ActivityManager: Start proc 3304:com.google.android.youtube/u0a59 for broadcast com.google.android.youtube/com.google.android.libraries.youtube.upload.service.UploadService$BootReceiver
12-14 08:12:32.303  2084  2422 W ActivityManager: Unbind failed: could not find connection for android.os.BinderProxy@34931cdd
12-14 08:12:32.304  3253  3317 I Gmail   : getAccountsCursor
12-14 08:12:32.305  2542  2542 V GLSActivity: AuthDelegateWrapperCreated with selected intent: Intent { cmp=com.google.android.gms/.auth.DefaultAuthDelegateService }
12-14 08:12:32.305  3253  3320 I Gmail   : getAccountsCursor
12-14 08:12:32.305  2542  2542 V GLSActivity: AuthDelegateWrapperCreated with selected intent: Intent { cmp=com.google.android.gms/.auth.DefaultAuthDelegateService }
12-14 08:12:32.307  3304  3304 I ActivityThread: Switching default density from 160 to 240
12-14 08:12:32.331  2084  2242 W ActivityManager: getRunningAppProcesses: caller 10059 does not hold REAL_GET_TASKS; limiting output
12-14 08:12:32.337  3304  3328 W ResourcesManager: Asset path '/system/framework/com.android.media.remotedisplay.jar' does not exist or contains no resources.
12-14 08:12:32.337  3304  3328 W ResourcesManager: Asset path '/system/framework/com.android.location.provider.jar' does not exist or contains no resources.
12-14 08:12:32.343  3304  3328 V JNIHelp : Registering com/google/android/gms/org/conscrypt/NativeCrypto's 240 native methods...
12-14 08:12:32.349  3304  3328 I ProviderInstaller: Installed default security provider GmsCore_OpenSSL
12-14 08:12:32.368  2856  2856 I CalendarProvider2: Sending notification intent: Intent { act=android.intent.action.PROVIDER_CHANGED dat=content://com.android.calendar }
12-14 08:12:32.368  2856  2856 W ContentResolver: Failed to get type for: content://com.android.calendar (Unknown URL content://com.android.calendar)
12-14 08:12:32.371  3304  3304 E YouTube MDX: Bogus value in shared preferences for key MdxServerSelection value , returning default value.
12-14 08:12:32.386  3343  3343 I dex2oat : /system/bin/dex2oat --runtime-arg -classpath --runtime-arg  --instruction-set=x86_64 --instruction-set-features=default --runtime-arg -Xrelocate --boot-image=/system/framework/boot.art --dex-file=/data/data/com.google.android.youtube/cache/ads-1935552513.jar --oat-fd=29 --oat-location=/data/data/com.google.android.youtube/cache/ads-1935552513.dex --runtime-arg -Xms64m --runtime-arg -Xmx512m
12-14 08:12:32.398  3343  3343 I dex2oat : dex2oat took 12.058ms (threads: 8) arena alloc=197KB java alloc=12KB native alloc=2MB free=5MB
12-14 08:12:32.449  2084  3082 W ActivityManager: getRunningAppProcesses: caller 10059 does not hold REAL_GET_TASKS; limiting output
12-14 08:12:32.655  1812  1843 I fsck_msdos: ** Phase 4 - Checking for Lost Files
12-14 08:12:32.659  1812  1843 I fsck_msdos: 3536 files, 3061560 free (2862542 clusters)
12-14 08:12:32.663  1812  1843 I Vold    : Filesystem check completed OK
12-14 08:12:32.680  1812  1843 D Vold    : blkid identified as /dev/block/vold/8:49: LABEL="UUI" UUID="1D05-3C3E" TYPE="vfat" 
12-14 08:12:32.683  1812  1843 D Vold    : Volume usb0 state changing 3 (Checking) -> 4 (Mounted)
12-14 08:12:32.683  1812  1843 E cutils  : Failed to mkdirat(/storage/usb0/Android): Read-only file system
12-14 08:12:32.683  1812  1843 W Vold    : Returning OperationFailed - no handler for errno 30
12-14 08:12:32.683  2084  2111 D MountService: volume state changed for /storage/usb0 (checking -> mounted)
12-14 08:12:32.683  2084  2130 E VoldConnector: NDC Command {5 volume mount /storage/usb0} took too long (2204ms)
12-14 08:12:32.683  2084  2111 D MountService: sendStorageIntent Intent { act=android.intent.action.MEDIA_MOUNTED dat=file:///storage/usb0 flg=0x4000000 (has extras) } to UserHandle{-1}
12-14 08:12:32.683  3304  3304 W ContextImpl: Failed to ensure directory: /storage/usb0/Android/data/com.google.android.youtube/cache
12-14 08:12:32.683  2084  2130 E MountService: Boot-time mount failed (-1)
12-14 08:12:32.683  2084  2130 W MountService: Duplicate state transition (mounted -> mounted) for /storage/emulated/0
12-14 08:12:32.683  1812  1843 E Vold    : Failed to find mounted volume for /storage/usb1/Android/data/com.google.android.youtube/cache/
12-14 08:12:32.683  3304  3304 W ContextImpl: Failed to ensure directory: /storage/usb1/Android/data/com.google.android.youtube/cache
12-14 08:12:32.684  1812  1843 E Vold    : Failed to find mounted volume for /storage/usb2/Android/data/com.google.android.youtube/cache/
12-14 08:12:32.684  3304  3304 W ContextImpl: Failed to ensure directory: /storage/usb2/Android/data/com.google.android.youtube/cache
12-14 08:12:32.684  1812  1843 E Vold    : Failed to find mounted volume for /storage/usb3/Android/data/com.google.android.youtube/cache/
12-14 08:12:32.684  3304  3304 W ContextImpl: Failed to ensure directory: /storage/usb3/Android/data/com.google.android.youtube/cache
12-14 08:12:32.684  1812  1843 E Vold    : Failed to find mounted volume for /storage/sdcard1/Android/data/com.google.android.youtube/cache/
12-14 08:12:32.684  3304  3304 W ContextImpl: Failed to ensure directory: /storage/sdcard1/Android/data/com.google.android.youtube/cache
12-14 08:12:32.750  1812  1843 E Vold    : Failed to find mounted volume for /storage/usb1/Android/data/com.google.android.youtube/cache/
12-14 08:12:32.750  3304  3304 W ContextImpl: Failed to ensure directory: /storage/usb1/Android/data/com.google.android.youtube/cache
12-14 08:12:32.750  1812  1843 E Vold    : Failed to find mounted volume for /storage/usb2/Android/data/com.google.android.youtube/cache/
12-14 08:12:32.751  3304  3304 W ContextImpl: Failed to ensure directory: /storage/usb2/Android/data/com.google.android.youtube/cache
12-14 08:12:32.751  1812  1843 E Vold    : Failed to find mounted volume for /storage/usb3/Android/data/com.google.android.youtube/cache/
12-14 08:12:32.751  3304  3304 W ContextImpl: Failed to ensure directory: /storage/usb3/Android/data/com.google.android.youtube/cache
12-14 08:12:32.751  1812  1843 E Vold    : Failed to find mounted volume for /storage/sdcard1/Android/data/com.google.android.youtube/cache/
12-14 08:12:32.751  3304  3304 W ContextImpl: Failed to ensure directory: /storage/sdcard1/Android/data/com.google.android.youtube/cache
12-14 08:12:32.768  1812  1843 E Vold    : Failed to find mounted volume for /storage/usb1/Android/data/com.google.android.youtube/files/
12-14 08:12:32.768  3304  3304 W ContextImpl: Failed to ensure directory: /storage/usb1/Android/data/com.google.android.youtube/files
12-14 08:12:32.769  1812  1843 E Vold    : Failed to find mounted volume for /storage/usb2/Android/data/com.google.android.youtube/files/
12-14 08:12:32.769  3304  3304 W ContextImpl: Failed to ensure directory: /storage/usb2/Android/data/com.google.android.youtube/files
12-14 08:12:32.769  1812  1843 E Vold    : Failed to find mounted volume for /storage/usb3/Android/data/com.google.android.youtube/files/
12-14 08:12:32.769  3304  3304 W ContextImpl: Failed to ensure directory: /storage/usb3/Android/data/com.google.android.youtube/files
12-14 08:12:32.769  1812  1843 E Vold    : Failed to find mounted volume for /storage/sdcard1/Android/data/com.google.android.youtube/files/
12-14 08:12:32.769  3304  3304 W ContextImpl: Failed to ensure directory: /storage/sdcard1/Android/data/com.google.android.youtube/files
12-14 08:12:32.770  1812  1843 E Vold    : Failed to find mounted volume for /storage/usb1/Android/data/com.google.android.youtube/files/
12-14 08:12:32.770  3304  3304 W ContextImpl: Failed to ensure directory: /storage/usb1/Android/data/com.google.android.youtube/files
12-14 08:12:32.770  1812  1843 E Vold    : Failed to find mounted volume for /storage/usb2/Android/data/com.google.android.youtube/files/
12-14 08:12:32.770  3304  3304 W ContextImpl: Failed to ensure directory: /storage/usb2/Android/data/com.google.android.youtube/files
12-14 08:12:32.770  1812  1843 E Vold    : Failed to find mounted volume for /storage/usb3/Android/data/com.google.android.youtube/files/
12-14 08:12:32.771  3304  3304 W ContextImpl: Failed to ensure directory: /storage/usb3/Android/data/com.google.android.youtube/files
12-14 08:12:32.771  1812  1843 E Vold    : Failed to find mounted volume for /storage/sdcard1/Android/data/com.google.android.youtube/files/
12-14 08:12:32.771  3304  3304 W ContextImpl: Failed to ensure directory: /storage/sdcard1/Android/data/com.google.android.youtube/files
12-14 08:12:32.772  3304  3304 W InstanceID/Rpc: Found 10007
12-14 08:12:32.774  1812  1843 E Vold    : Failed to find mounted volume for /storage/usb1/Android/data/com.google.android.youtube/cache/
12-14 08:12:32.774  3304  3304 W ContextImpl: Failed to ensure directory: /storage/usb1/Android/data/com.google.android.youtube/cache
12-14 08:12:32.775  1812  1843 E Vold    : Failed to find mounted volume for /storage/usb2/Android/data/com.google.android.youtube/cache/
12-14 08:12:32.775  3304  3304 W ContextImpl: Failed to ensure directory: /storage/usb2/Android/data/com.google.android.youtube/cache
12-14 08:12:32.775  1812  1843 E Vold    : Failed to find mounted volume for /storage/usb3/Android/data/com.google.android.youtube/cache/
12-14 08:12:32.775  3304  3304 W ContextImpl: Failed to ensure directory: /storage/usb3/Android/data/com.google.android.youtube/cache
12-14 08:12:32.775  1812  1843 E Vold    : Failed to find mounted volume for /storage/sdcard1/Android/data/com.google.android.youtube/cache/
12-14 08:12:32.775  3304  3304 W ContextImpl: Failed to ensure directory: /storage/sdcard1/Android/data/com.google.android.youtube/cache
12-14 08:12:32.781  2643  2663 E JavaBinder: *** Uncaught remote exception!  (Exceptions are not yet supported across processes.)
12-14 08:12:32.781  2643  2663 E JavaBinder: java.lang.RuntimeException: android.os.RemoteException
12-14 08:12:32.781  2643  2663 E JavaBinder: 	at android.os.Parcel.writeException(Parcel.java:1446)
12-14 08:12:32.781  2643  2663 E JavaBinder: 	at android.os.Binder.execTransact(Binder.java:452)
12-14 08:12:32.781  2643  2663 E JavaBinder: Caused by: android.os.RemoteException
12-14 08:12:32.781  2643  2663 E JavaBinder: 	at com.google.android.gms.ads.identifier.service.b.a(SourceFile:77)
12-14 08:12:32.781  2643  2663 E JavaBinder: 	at com.google.android.gms.ads.identifier.a.e.onTransact(SourceFile:63)
12-14 08:12:32.781  2643  2663 E JavaBinder: 	at android.os.Binder.execTransact(Binder.java:446)
12-14 08:12:32.782  2643  2743 E JavaBinder: *** Uncaught remote exception!  (Exceptions are not yet supported across processes.)
12-14 08:12:32.782  2643  2743 E JavaBinder: java.lang.RuntimeException: android.os.RemoteException
12-14 08:12:32.782  2643  2743 E JavaBinder: 	at android.os.Parcel.writeException(Parcel.java:1446)
12-14 08:12:32.782  2643  2743 E JavaBinder: 	at android.os.Binder.execTransact(Binder.java:452)
12-14 08:12:32.782  2643  2743 E JavaBinder: Caused by: android.os.RemoteException
12-14 08:12:32.782  2643  2743 E JavaBinder: 	at com.google.android.gms.ads.identifier.service.b.a(SourceFile:77)
12-14 08:12:32.782  2643  2743 E JavaBinder: 	at com.google.android.gms.ads.identifier.a.e.onTransact(SourceFile:63)
12-14 08:12:32.782  2643  2743 E JavaBinder: 	at android.os.Binder.execTransact(Binder.java:446)
12-14 08:12:32.784  2643  2663 E JavaBinder: *** Uncaught remote exception!  (Exceptions are not yet supported across processes.)
12-14 08:12:32.784  2643  2663 E JavaBinder: java.lang.RuntimeException: android.os.RemoteException
12-14 08:12:32.784  2643  2663 E JavaBinder: 	at android.os.Parcel.writeException(Parcel.java:1446)
12-14 08:12:32.784  2643  2663 E JavaBinder: 	at android.os.Binder.execTransact(Binder.java:452)
12-14 08:12:32.784  2643  2663 E JavaBinder: Caused by: android.os.RemoteException
12-14 08:12:32.784  2643  2663 E JavaBinder: 	at com.google.android.gms.ads.identifier.service.b.a(SourceFile:77)
12-14 08:12:32.784  2643  2663 E JavaBinder: 	at com.google.android.gms.ads.identifier.a.e.onTransact(SourceFile:63)
12-14 08:12:32.784  2643  2663 E JavaBinder: 	at android.os.Binder.execTransact(Binder.java:446)
12-14 08:12:32.784  2084  2497 W ActivityManager: getRunningAppProcesses: caller 10059 does not hold REAL_GET_TASKS; limiting output
12-14 08:12:32.785  2643  2743 E JavaBinder: *** Uncaught remote exception!  (Exceptions are not yet supported across processes.)
12-14 08:12:32.785  2643  2743 E JavaBinder: java.lang.RuntimeException: android.os.RemoteException
12-14 08:12:32.785  2643  2743 E JavaBinder: 	at android.os.Parcel.writeException(Parcel.java:1446)
12-14 08:12:32.785  2643  2743 E JavaBinder: 	at android.os.Binder.execTransact(Binder.java:452)
12-14 08:12:32.785  2643  2743 E JavaBinder: Caused by: android.os.RemoteException
12-14 08:12:32.785  2643  2743 E JavaBinder: 	at com.google.android.gms.ads.identifier.service.b.a(SourceFile:77)
12-14 08:12:32.785  2643  2743 E JavaBinder: 	at com.google.android.gms.ads.identifier.a.e.onTransact(SourceFile:63)
12-14 08:12:32.785  2643  2743 E JavaBinder: 	at android.os.Binder.execTransact(Binder.java:446)
12-14 08:12:32.806  3399  3399 W libnb   : Native bridge is disabled
12-14 08:12:32.806  2084  2242 I ActivityManager: Start proc 3399:com.microsoft.office.excel/u0a61 for broadcast com.microsoft.office.excel/com.microsoft.office.notification.NotificationReceiver
12-14 08:12:32.815  3399  3399 I ActivityThread: Switching default density from 160 to 240
12-14 08:12:32.835  3399  3399 I MAMComponents: Not initializing MAM classes because the MDM package is not installed.
12-14 08:12:32.838  3399  3399 I MultiDex: VM with version 2.1.0 has multidex support
12-14 08:12:32.838  3399  3399 I MultiDex: install
12-14 08:12:32.838  3399  3399 I MultiDex: VM has multidex support, MultiDex support library is disabled.
12-14 08:12:32.847  2084  2242 W ActivityManager: getRunningAppProcesses: caller 10061 does not hold REAL_GET_TASKS; limiting output
12-14 08:12:32.851  3399  3399 I AMEnrollmentStatusCache: No MAM enrollment status found.
12-14 08:12:32.851  3399  3399 I NotificationReceiver: onReceive. Timestamp - Mon Dec 14 08:12:32 GMT-05:00 2015
12-14 08:12:32.851  3399  3399 I NotificationReceiver: Intent received - android.intent.action.BOOT_COMPLETED
12-14 08:12:32.851  3399  3399 I NotificationReceiver: NotificationFeature is disabled. Returning from onReceive
12-14 08:12:32.866  3422  3422 W libnb   : Native bridge is disabled
12-14 08:12:32.867  2084  3082 I ActivityManager: Start proc 3422:com.microsoft.office.word/u0a61 for broadcast com.microsoft.office.word/com.microsoft.office.notification.NotificationReceiver
12-14 08:12:32.867  2084  3082 I ActivityManager: Killing 2770:com.android.keychain/1000 (adj 15): empty #17
12-14 08:12:32.881  3422  3422 I ActivityThread: Switching default density from 160 to 240
12-14 08:12:32.897  3422  3422 I MAMComponents: Not initializing MAM classes because the MDM package is not installed.
12-14 08:12:32.898  3422  3422 I MultiDex: VM with version 2.1.0 has multidex support
12-14 08:12:32.898  3422  3422 I MultiDex: install
12-14 08:12:32.898  3422  3422 I MultiDex: VM has multidex support, MultiDex support library is disabled.
12-14 08:12:32.906  2084  2347 W ActivityManager: getRunningAppProcesses: caller 10061 does not hold REAL_GET_TASKS; limiting output
12-14 08:12:32.908  3422  3422 I AMEnrollmentStatusCache: No MAM enrollment status found.
12-14 08:12:32.909  3422  3422 I NotificationReceiver: onReceive. Timestamp - Mon Dec 14 08:12:32 GMT-05:00 2015
12-14 08:12:32.909  3422  3422 I NotificationReceiver: Intent received - android.intent.action.BOOT_COMPLETED
12-14 08:12:32.909  3422  3422 I NotificationReceiver: NotificationFeature is disabled. Returning from onReceive
12-14 08:12:32.924  3445  3445 W libnb   : Native bridge is disabled
12-14 08:12:32.925  2084  3082 I ActivityManager: Start proc 3445:com.microsoft.office.BootBroadCastReceiver/u0a61 for broadcast com.microsoft.office.word/com.microsoft.office.preinstallservice.BootBroadCastReceiver
12-14 08:12:32.925  2084  3082 I ActivityManager: Killing 2827:com.android.dialer/u0a4 (adj 15): empty #17
12-14 08:12:32.940  3445  3445 I ActivityThread: Switching default density from 160 to 240
12-14 08:12:32.943  3445  3445 I MAMComponents: Not initializing MAM classes because the MDM package is not installed.
12-14 08:12:32.943  3445  3445 I MultiDex: VM with version 2.1.0 has multidex support
12-14 08:12:32.943  3445  3445 I MultiDex: install
12-14 08:12:32.943  3445  3445 I MultiDex: VM has multidex support, MultiDex support library is disabled.
12-14 08:12:32.944  2084  2104 W ActivityManager: getRunningAppProcesses: caller 10061 does not hold REAL_GET_TASKS; limiting output
12-14 08:12:32.944  3445  3445 I AMEnrollmentStatusCache: No MAM enrollment status found.
12-14 08:12:32.944  3445  3445 I PreInstallService.Boot: received android.intent.action.BOOT_COMPLETED BootBroadCastReceiver
12-14 08:12:32.945  2084  2423 I ActivityManager: Killing 2937:com.google.android.onetimeinitializer/u0a9 (adj 15): empty #17
12-14 08:12:32.959  2542  3468 D GCM     : GcmService start Intent { act=com.google.android.gms.INITIALIZE flg=0x10 pkg=com.google.android.gms cmp=com.google.android.gms/.gcm.GcmService } com.google.android.gms.INITIALIZE
12-14 08:12:32.959  2542  2542 D AuthorizationBluetoothService: Received GmsCore event: Intent { act=com.google.android.gms.INITIALIZE flg=0x10 pkg=com.google.android.gms cmp=com.google.android.gms/.auth.be.proximity.authorization.bt.AuthorizationBluetoothService$AutoStarter }.
12-14 08:12:32.959  2542  2542 E AuthorizationBluetoothService: Proximity feature is not enabled.
12-14 08:12:32.960  2542  2542 V GLSActivity: AuthDelegateWrapperCreated with selected intent: Intent { cmp=com.google.android.gms/.auth.DefaultAuthDelegateService }
12-14 08:12:32.960  2542  2542 V GLSActivity: AuthDelegateWrapperCreated with selected intent: Intent { cmp=com.google.android.gms/.auth.DefaultAuthDelegateService }
12-14 08:12:32.961  2643  2643 V GmsCoreStatsServiceLauncher: Received broadcast intent Intent { act=com.google.android.gms.INITIALIZE flg=0x10 pkg=com.google.android.gms cmp=com.google.android.gms/.common.stats.GmsCoreStatsServiceLauncher }
12-14 08:12:32.962  2352  3470 E MDM     : [75] b.run: Couldn't connect to Google API client: ConnectionResult{statusCode=API_UNAVAILABLE, resolution=null, message=null}
12-14 08:12:32.963  2643  3471 D LocationInitializer: Restart initialization of location
12-14 08:12:32.963  2542  3472 D GCM     : GcmService start Intent { act=com.google.android.gms.INITIALIZE flg=0x10 pkg=com.google.android.gms cmp=com.google.android.gms/.gcm.GcmService } com.google.android.gms.INITIALIZE
12-14 08:12:32.964  2542  2542 D AuthorizationBluetoothService: Received GmsCore event: Intent { act=com.google.android.gms.INITIALIZE flg=0x10 pkg=com.google.android.gms cmp=com.google.android.gms/.auth.be.proximity.authorization.bt.AuthorizationBluetoothService$AutoStarter }.
12-14 08:12:32.964  2542  2542 E AuthorizationBluetoothService: Proximity feature is not enabled.
12-14 08:12:32.964  2542  2542 V GLSActivity: AuthDelegateWrapperCreated with selected intent: Intent { cmp=com.google.android.gms/.auth.DefaultAuthDelegateService }
12-14 08:12:32.965  2643  2643 V GmsCoreStatsServiceLauncher: Received broadcast intent Intent { act=com.google.android.gms.INITIALIZE flg=0x10 pkg=com.google.android.gms cmp=com.google.android.gms/.common.stats.GmsCoreStatsServiceLauncher }
12-14 08:12:32.966  2352  2665 W GCoreFlp: No location to return for getLastLocation()
12-14 08:12:32.966  2542  3473 W FusedLocationProvider: location=null
12-14 08:12:32.966  2352  3475 E MDM     : [76] b.run: Couldn't connect to Google API client: ConnectionResult{statusCode=API_UNAVAILABLE, resolution=null, message=null}
12-14 08:12:32.967  2643  3476 D LocationInitializer: Restart initialization of location
12-14 08:12:32.967  2542  3477 D GCM     : GcmService start Intent { act=com.google.android.gms.INITIALIZE flg=0x10 pkg=com.google.android.gms cmp=com.google.android.gms/.gcm.GcmService } com.google.android.gms.INITIALIZE
12-14 08:12:32.968  2542  2542 D AuthorizationBluetoothService: Received GmsCore event: Intent { act=com.google.android.gms.INITIALIZE flg=0x10 pkg=com.google.android.gms cmp=com.google.android.gms/.auth.be.proximity.authorization.bt.AuthorizationBluetoothService$AutoStarter }.
12-14 08:12:32.968  2542  2542 E AuthorizationBluetoothService: Proximity feature is not enabled.
12-14 08:12:32.969  2542  2542 V GLSActivity: AuthDelegateWrapperCreated with selected intent: Intent { cmp=com.google.android.gms/.auth.DefaultAuthDelegateService }
12-14 08:12:32.969  2643  2643 V GmsCoreStatsServiceLauncher: Received broadcast intent Intent { act=com.google.android.gms.INITIALIZE flg=0x10 pkg=com.google.android.gms cmp=com.google.android.gms/.common.stats.GmsCoreStatsServiceLauncher }
12-14 08:12:32.970  2352  2665 W GCoreFlp: No location to return for getLastLocation()
12-14 08:12:32.970  2542  3478 W FusedLocationProvider: location=null
12-14 08:12:32.971  2352  3480 E MDM     : [77] b.run: Couldn't connect to Google API client: ConnectionResult{statusCode=API_UNAVAILABLE, resolution=null, message=null}
12-14 08:12:32.971  2352  2352 I GCoreUlr: Starting service, intent=Intent { act=com.google.android.location.reporting.ACTION_UPDATE_WORLD cmp=com.google.android.gms/com.google.android.location.reporting.service.DispatchingService (has extras) }, extras=Bundle[{receiverAction=com.google.android.location.internal.server.ACTION_RESTARTED}]
12-14 08:12:32.971  2643  3481 D LocationInitializer: Restart initialization of location
12-14 08:12:32.972  2352  2352 I GCoreUlr: DispatchingService.onCreate()
12-14 08:12:32.986  3484  3484 W libnb   : Native bridge is disabled
12-14 08:12:32.987  2084  2422 I ActivityManager: Start proc 3484:cn.wps.moffice_eng/u0a62 for broadcast cn.wps.moffice_eng/cn.wps.moffice.service.receivers.MonitorServiceReceiver
12-14 08:12:32.988  2352  2665 W GCoreFlp: No location to return for getLastLocation()
12-14 08:12:32.988  2542  3482 W FusedLocationProvider: location=null
12-14 08:12:32.989  2352  3483 I GCoreUlr: WorldUpdater received intent Intent { act=com.google.android.location.reporting.ACTION_UPDATE_WORLD cmp=com.google.android.gms/com.google.android.location.reporting.service.DispatchingService (has extras) } with receiverAction com.google.android.location.internal.server.ACTION_RESTARTED
12-14 08:12:32.990  1833  1833 I art     : Explicit concurrent mark sweep GC freed 709(30KB) AllocSpace objects, 0(0B) LOS objects, 40% free, 1904KB/3MB, paused 42us total 3.029ms
12-14 08:12:32.991  3484  3484 I ActivityThread: Switching default density from 160 to 240
12-14 08:12:32.993  1833  1833 I art     : Explicit concurrent mark sweep GC freed 5(160B) AllocSpace objects, 0(0B) LOS objects, 40% free, 1904KB/3MB, paused 37us total 2.782ms
12-14 08:12:32.996  1833  1833 I art     : Explicit concurrent mark sweep GC freed 5(160B) AllocSpace objects, 0(0B) LOS objects, 40% free, 1904KB/3MB, paused 34us total 2.593ms
12-14 08:12:33.004  2084  2497 I art     : Explicit concurrent mark sweep GC freed 20012(1051KB) AllocSpace objects, 0(0B) LOS objects, 33% free, 10MB/15MB, paused 348us total 14.993ms
12-14 08:12:33.013  2542  2564 I art     : Explicit concurrent mark sweep GC freed 8289(407KB) AllocSpace objects, 0(0B) LOS objects, 40% free, 5MB/9MB, paused 183us total 5.818ms
12-14 08:12:33.014  2352  3483 I GCoreUlr: WorldUpdater:com.google.android.location.internal.server.ACTION_RESTARTED: Ensuring that reporting is stopped because of reasons: (no Google accounts)
12-14 08:12:33.014  2352  3483 I GCoreUlr: Unbound from all location providers
12-14 08:12:33.015  2352  2352 I GCoreUlr: DispatchingService.onDestroy()
12-14 08:12:33.015  2352  2352 I GCoreUlr: Stopping handler for UlrDispSvcFast
12-14 08:12:33.016  2352  2352 I GCoreUlr: Unbound from all location providers
12-14 08:12:33.022  2084  2242 W ActivityManager: getRunningAppProcesses: caller 10062 does not hold REAL_GET_TASKS; limiting output
12-14 08:12:33.809  1812  1843 E Vold    : Failed to find mounted volume for /storage/usb1/Android/data/cn.wps.moffice_eng/cache/
12-14 08:12:33.809  3484  3484 W ContextImpl: Failed to ensure directory: /storage/usb1/Android/data/cn.wps.moffice_eng/cache
12-14 08:12:33.810  1812  1843 E Vold    : Failed to find mounted volume for /storage/usb2/Android/data/cn.wps.moffice_eng/cache/
12-14 08:12:33.810  3484  3484 W ContextImpl: Failed to ensure directory: /storage/usb2/Android/data/cn.wps.moffice_eng/cache
12-14 08:12:33.810  1812  1843 E Vold    : Failed to find mounted volume for /storage/usb3/Android/data/cn.wps.moffice_eng/cache/
12-14 08:12:33.810  3484  3484 W ContextImpl: Failed to ensure directory: /storage/usb3/Android/data/cn.wps.moffice_eng/cache
12-14 08:12:33.811  1812  1843 E Vold    : Failed to find mounted volume for /storage/sdcard1/Android/data/cn.wps.moffice_eng/cache/
12-14 08:12:33.811  3484  3484 W ContextImpl: Failed to ensure directory: /storage/sdcard1/Android/data/cn.wps.moffice_eng/cache
12-14 08:12:33.811  1812  1843 E Vold    : Failed to find mounted volume for /storage/usb1/Android/data/cn.wps.moffice_eng/cache/
12-14 08:12:33.811  3484  3484 W ContextImpl: Failed to ensure directory: /storage/usb1/Android/data/cn.wps.moffice_eng/cache
12-14 08:12:33.812  1812  1843 E Vold    : Failed to find mounted volume for /storage/usb2/Android/data/cn.wps.moffice_eng/cache/
12-14 08:12:33.812  3484  3484 W ContextImpl: Failed to ensure directory: /storage/usb2/Android/data/cn.wps.moffice_eng/cache
12-14 08:12:33.812  1812  1843 E Vold    : Failed to find mounted volume for /storage/usb3/Android/data/cn.wps.moffice_eng/cache/
12-14 08:12:33.812  3484  3484 W ContextImpl: Failed to ensure directory: /storage/usb3/Android/data/cn.wps.moffice_eng/cache
12-14 08:12:33.812  1812  1843 E Vold    : Failed to find mounted volume for /storage/sdcard1/Android/data/cn.wps.moffice_eng/cache/
12-14 08:12:33.812  3484  3484 W ContextImpl: Failed to ensure directory: /storage/sdcard1/Android/data/cn.wps.moffice_eng/cache
12-14 08:12:33.834  2084  2154 I WifiNative-HAL: startHal
12-14 08:12:33.838  2084  2242 D WifiService: releaseWifiLockLocked: WifiLock{NlpWifiLock type=2 binder=android.os.BinderProxy@3084e45a}
12-14 08:12:33.889  3484  3511 W System.err: java.net.UnknownHostException: Unable to resolve host "uid.ksosoft.com": No address associated with hostname
12-14 08:12:33.889  3484  3511 W System.err: 	at java.net.InetAddress.lookupHostByName(InetAddress.java:457)
12-14 08:12:33.889  3484  3511 W System.err: 	at java.net.InetAddress.getAllByNameImpl(InetAddress.java:252)
12-14 08:12:33.889  3484  3511 W System.err: 	at java.net.InetAddress.getAllByName(InetAddress.java:215)
12-14 08:12:33.889  3484  3511 W System.err: 	at org.apache.http.impl.conn.DefaultClientConnectionOperator.openConnection(DefaultClientConnectionOperator.java:142)
12-14 08:12:33.889  3484  3511 W System.err: 	at org.apache.http.impl.conn.AbstractPoolEntry.open(AbstractPoolEntry.java:169)
12-14 08:12:33.889  3484  3511 W System.err: 	at org.apache.http.impl.conn.AbstractPooledConnAdapter.open(AbstractPooledConnAdapter.java:124)
12-14 08:12:33.889  3484  3511 W System.err: 	at org.apache.http.impl.client.DefaultRequestDirector.execute(DefaultRequestDirector.java:365)
12-14 08:12:33.889  3484  3511 W System.err: 	at org.apache.http.impl.client.AbstractHttpClient.execute(AbstractHttpClient.java:560)
12-14 08:12:33.889  3484  3511 W System.err: 	at org.apache.http.impl.client.AbstractHttpClient.execute(AbstractHttpClient.java:492)
12-14 08:12:33.889  3484  3511 W System.err: 	at org.apache.http.impl.client.AbstractHttpClient.execute(AbstractHttpClient.java:470)
12-14 08:12:33.889  3484  3511 W System.err: 	at qjw.af(Unknown Source)
12-14 08:12:33.889  3484  3511 W System.err: 	at qjw.ae(Unknown Source)
12-14 08:12:33.889  3484  3511 W System.err: 	at qjl.<init>(Unknown Source)
12-14 08:12:33.889  3484  3511 W System.err: 	at qjm.ef(Unknown Source)
12-14 08:12:33.889  3484  3511 W System.err: 	at qjr$2.<init>(Unknown Source)
12-14 08:12:33.889  3484  3511 W System.err: 	at qjr.a(Unknown Source)
12-14 08:12:33.889  3484  3511 W System.err: 	at cgw.apY(Unknown Source)
12-14 08:12:33.889  3484  3511 W System.err: 	at cgw.aqc(Unknown Source)
12-14 08:12:33.889  3484  3511 W System.err: 	at cgw$1.run(Unknown Source)
12-14 08:12:33.889  3484  3511 W System.err: 	at java.util.concurrent.ThreadPoolExecutor.runWorker(ThreadPoolExecutor.java:1112)
12-14 08:12:33.889  3484  3511 W System.err: 	at java.util.concurrent.ThreadPoolExecutor$Worker.run(ThreadPoolExecutor.java:587)
12-14 08:12:33.889  3484  3511 W System.err: 	at java.lang.Thread.run(Thread.java:818)
12-14 08:12:33.889  3484  3511 W System.err: Caused by: android.system.GaiException: android_getaddrinfo failed: EAI_NODATA (No address associated with hostname)
12-14 08:12:33.889  3484  3511 W System.err: 	at libcore.io.Posix.android_getaddrinfo(Native Method)
12-14 08:12:33.889  3484  3511 W System.err: 	at libcore.io.ForwardingOs.android_getaddrinfo(ForwardingOs.java:55)
12-14 08:12:33.889  3484  3511 W System.err: 	at java.net.InetAddress.lookupHostByName(InetAddress.java:438)
12-14 08:12:33.889  3484  3511 W System.err: 	... 21 more
12-14 08:12:33.898  3518  3518 W libnb   : Native bridge is disabled
12-14 08:12:33.898  2084  3082 I ActivityManager: Start proc 3518:cn.wps.moffice_eng:pushservice/u0a62 for service cn.wps.moffice_eng/cn.wps.moffice.service.MOfficeSyncService
12-14 08:12:33.899  2084  2242 I ActivityManager: Killing 2716:com.google.android.partnersetup/u0a10 (adj 15): empty #17
12-14 08:12:33.913  3518  3518 I ActivityThread: Switching default density from 160 to 240
12-14 08:12:33.929  2084  2347 W ActivityManager: getRunningAppProcesses: caller 10062 does not hold REAL_GET_TASKS; limiting output
12-14 08:12:33.933  1812  1843 E Vold    : Failed to find mounted volume for /storage/usb1/Android/data/cn.wps.moffice_eng/cache/
12-14 08:12:33.933  3518  3518 W ContextImpl: Failed to ensure directory: /storage/usb1/Android/data/cn.wps.moffice_eng/cache
12-14 08:12:33.933  1812  1843 E Vold    : Failed to find mounted volume for /storage/usb2/Android/data/cn.wps.moffice_eng/cache/
12-14 08:12:33.934  3518  3518 W ContextImpl: Failed to ensure directory: /storage/usb2/Android/data/cn.wps.moffice_eng/cache
12-14 08:12:33.934  1812  1843 E Vold    : Failed to find mounted volume for /storage/usb3/Android/data/cn.wps.moffice_eng/cache/
12-14 08:12:33.934  3518  3518 W ContextImpl: Failed to ensure directory: /storage/usb3/Android/data/cn.wps.moffice_eng/cache
12-14 08:12:33.934  1812  1843 E Vold    : Failed to find mounted volume for /storage/sdcard1/Android/data/cn.wps.moffice_eng/cache/
12-14 08:12:33.934  3518  3518 W ContextImpl: Failed to ensure directory: /storage/sdcard1/Android/data/cn.wps.moffice_eng/cache
12-14 08:12:33.934  1812  1843 E Vold    : Failed to find mounted volume for /storage/usb1/Android/data/cn.wps.moffice_eng/cache/
12-14 08:12:33.934  3518  3518 W ContextImpl: Failed to ensure directory: /storage/usb1/Android/data/cn.wps.moffice_eng/cache
12-14 08:12:33.935  1812  1843 E Vold    : Failed to find mounted volume for /storage/usb2/Android/data/cn.wps.moffice_eng/cache/
12-14 08:12:33.935  3518  3518 W ContextImpl: Failed to ensure directory: /storage/usb2/Android/data/cn.wps.moffice_eng/cache
12-14 08:12:33.935  1812  1843 E Vold    : Failed to find mounted volume for /storage/usb3/Android/data/cn.wps.moffice_eng/cache/
12-14 08:12:33.935  3518  3518 W ContextImpl: Failed to ensure directory: /storage/usb3/Android/data/cn.wps.moffice_eng/cache
12-14 08:12:33.935  1812  1843 E Vold    : Failed to find mounted volume for /storage/sdcard1/Android/data/cn.wps.moffice_eng/cache/
12-14 08:12:33.935  3518  3518 W ContextImpl: Failed to ensure directory: /storage/sdcard1/Android/data/cn.wps.moffice_eng/cache
12-14 08:12:33.946  2542  3556 D GCM     : GcmService start Intent { act=com.google.android.checkin.CHECKIN_COMPLETE flg=0x10 cmp=com.google.android.gms/.gcm.GcmService (has extras) } com.google.android.checkin.CHECKIN_COMPLETE
12-14 08:12:33.947  2643  2643 D ChimeraCfgMgr: Loading module com.google.android.gms.kids from APK com.google.android.gms
12-14 08:12:33.947  2643  2643 D ChimeraCfgMgr: Loading module com.google.android.gms.kids from APK com.google.android.gms
12-14 08:12:33.948  2643  3557 I Kids    : [KidAccountFixer] No network connection
12-14 08:12:33.950  2352  2665 W GCoreFlp: No location to return for getLastLocation()
12-14 08:12:33.950  2542  3558 W FusedLocationProvider: location=null
12-14 08:12:33.978  2084  2104 I ActivityManager: Start proc 3561:com.google.android.music:main/u0a47 for broadcast com.google.android.music/.store.MediaStoreImportService$Receiver
12-14 08:12:33.983  3561  3561 I ActivityThread: Switching default density from 160 to 240
12-14 08:12:34.000  3561  3561 I MultiDex: VM with version 2.1.0 has multidex support
12-14 08:12:34.000  3561  3561 I MultiDex: install
12-14 08:12:34.000  3561  3561 I MultiDex: VM has multidex support, MultiDex support library is disabled.
12-14 08:12:34.020  2084  3082 W ActivityManager: getRunningAppProcesses: caller 10047 does not hold REAL_GET_TASKS; limiting output
12-14 08:12:34.020  3561  3561 I MusicStore: Database version: 121
12-14 08:12:34.045  1812  1843 E Vold    : Failed to find mounted volume for /storage/usb1/Android/data/com.google.android.music/files/
12-14 08:12:34.045  3561  3561 W ContextImpl: Failed to ensure directory: /storage/usb1/Android/data/com.google.android.music/files
12-14 08:12:34.045  1812  1843 E Vold    : Failed to find mounted volume for /storage/usb2/Android/data/com.google.android.music/files/
12-14 08:12:34.045  3561  3561 W ContextImpl: Failed to ensure directory: /storage/usb2/Android/data/com.google.android.music/files
12-14 08:12:34.045  1812  1843 E Vold    : Failed to find mounted volume for /storage/usb3/Android/data/com.google.android.music/files/
12-14 08:12:34.046  3561  3561 W ContextImpl: Failed to ensure directory: /storage/usb3/Android/data/com.google.android.music/files
12-14 08:12:34.046  1812  1843 E Vold    : Failed to find mounted volume for /storage/sdcard1/Android/data/com.google.android.music/files/
12-14 08:12:34.046  3561  3561 W ContextImpl: Failed to ensure directory: /storage/sdcard1/Android/data/com.google.android.music/files
12-14 08:12:34.059  1812  1843 E Vold    : Failed to find mounted volume for /storage/usb1/Android/data/com.google.android.music/files/
12-14 08:12:34.059  3561  3561 W ContextImpl: Failed to ensure directory: /storage/usb1/Android/data/com.google.android.music/files
12-14 08:12:34.059  1812  1843 E Vold    : Failed to find mounted volume for /storage/usb2/Android/data/com.google.android.music/files/
12-14 08:12:34.059  3561  3561 W ContextImpl: Failed to ensure directory: /storage/usb2/Android/data/com.google.android.music/files
12-14 08:12:34.059  1812  1843 E Vold    : Failed to find mounted volume for /storage/usb3/Android/data/com.google.android.music/files/
12-14 08:12:34.059  3561  3561 W ContextImpl: Failed to ensure directory: /storage/usb3/Android/data/com.google.android.music/files
