12-14 08:12:31.953  2805  2995 D MediaProvider: object removed 8316
12-14 08:12:31.953  2805  2995 D MediaProvider: object removed 8317
12-14 08:12:31.953  2805  2995 D MediaProvider: object removed 8318
12-14 08:12:31.953  2805  2995 D MediaProvider: object removed 8319
12-14 08:12:31.953  2805  2995 D MediaProvider: object removed 8320
12-14 08:12:31.953  2805  2995 D MediaProvider: object removed 8321
12-14 08:12:31.953  2805  2995 D MediaProvider: object removed 8322
12-14 08:12:31.953  2805  2995 D MediaProvider: object removed 8323
12-14 08:12:31.953  2805  2995 D MediaProvider: object removed 8324
12-14 08:12:31.953  2805  2995 D MediaProvider: object removed 8325
12-14 08:12:31.953  2805  2995 D MediaProvider: object removed 8326
12-14 08:12:31.953  2805  2995 D MediaProvider: object removed 8327
12-14 08:12:31.953  2805  2995 D MediaProvider: object removed 8328
12-14 08:12:31.953  2805  2995 D MediaProvider: object removed 8329
12-14 08:12:31.953  2805  2995 D MediaProvider: object removed 8330
12-14 08:12:31.953  2805  2995 D MediaProvider: object removed 8331
12-14 08:12:31.953  2805  2995 D MediaProvider: object removed 8332
12-14 08:12:31.953  2805  2995 D MediaProvider: object removed 8333
12-14 08:12:31.953  2805  2995 D MediaProvider: object removed 8334
12-14 08:12:31.953  2805  2995 D MediaProvider: object removed 8335
12-14 08:12:31.953  2805  2995 D MediaProvider: object removed 8336
12-14 08:12:31.953  2805  2995 D MediaProvider: object removed 8337
12-14 08:12:31.954  2805  2995 D MediaProvider: object removed 8338
12-14 08:12:31.954  2805  2995 D MediaProvider: object removed 8339
12-14 08:12:31.954  2805  2995 D MediaProvider: object removed 8340
12-14 08:12:31.954  2805  2995 D MediaProvider: object removed 8341
12-14 08:12:31.954  2805  2995 D MediaProvider: object removed 8342
12-14 08:12:31.954  2805  2995 D MediaProvider: object removed 8343
12-14 08:12:31.954  2805  2995 D MediaProvider: object removed 8344
12-14 08:12:31.954  2805  2995 D MediaProvider: object removed 8345
12-14 08:12:31.954  2805  2995 D MediaProvider: object removed 8346
12-14 08:12:31.954  2805  2995 D MediaProvider: object removed 8347
12-14 08:12:31.954  2805  2995 D MediaProvider: object removed 8348
12-14 08:12:31.954  2805  2995 D MediaProvider: object removed 8349
12-14 08:12:31.954  2805  2995 D MediaProvider: object removed 8350
12-14 08:12:31.954  2805  2995 D MediaProvider: object removed 8351
12-14 08:12:31.954  2805  2995 D MediaProvider: object removed 8352
12-14 08:12:31.954  2805  2995 D MediaProvider: object removed 8353
12-14 08:12:31.954  2805  2995 D MediaProvider: object removed 8354
12-14 08:12:31.954  2805  2995 D MediaProvider: object removed 8355
12-14 08:12:31.954  2805  2995 D MediaProvider: object removed 8356
12-14 08:12:31.954  2805  2995 D MediaProvider: object removed 8357
12-14 08:12:31.954  2805  2995 D MediaProvider: object removed 8358
12-14 08:12:31.954  2805  2995 D MediaProvider: object removed 8359
12-14 08:12:31.954  2805  2995 D MediaProvider: object removed 8360
12-14 08:12:31.954  2805  2995 D MediaProvider: object removed 8361
12-14 08:12:31.954  2805  2995 D MediaProvider: object removed 8362
12-14 08:12:31.954  2805  2995 D MediaProvider: object removed 8363
12-14 08:12:31.954  2805  2995 D MediaProvider: object removed 8364
12-14 08:12:31.954  2805  2995 D MediaProvider: object removed 8365
12-14 08:12:31.954  2805  2995 D MediaProvider: object removed 8366
12-14 08:12:31.954  2805  2995 D MediaProvider: object removed 8367
12-14 08:12:31.954  2805  2995 D MediaProvider: object removed 8368
12-14 08:12:31.954  2805  2995 D MediaProvider: object removed 8369
12-14 08:12:31.954  2805  2995 D MediaProvider: object removed 8370
12-14 08:12:31.954  2805  2995 D MediaProvider: object removed 8371
12-14 08:12:31.954  2805  2995 D MediaProvider: object removed 8372
12-14 08:12:31.954  2805  2995 D MediaProvider: object removed 8373
12-14 08:12:31.954  2805  2995 D MediaProvider: object removed 8374
12-14 08:12:31.954  2805  2995 D MediaProvider: object removed 8375
12-14 08:12:31.954  2805  2995 D MediaProvider: object removed 8376
12-14 08:12:31.954  2805  2995 D MediaProvider: object removed 8377
12-14 08:12:31.954  2805  2995 D MediaProvider: object removed 8378
12-14 08:12:31.954  2805  2995 D MediaProvider: object removed 8379
12-14 08:12:31.954  2805  2995 D MediaProvider: object removed 8380
12-14 08:12:31.954  2805  2995 D MediaProvider: object removed 8381
12-14 08:12:31.954  2805  2995 D MediaProvider: object removed 8382
12-14 08:12:31.954  2805  2995 D MediaProvider: object removed 8383
12-14 08:12:31.954  2805  2995 D MediaProvider: object removed 8384
12-14 08:12:31.954  2805  2995 D MediaProvider: object removed 8385
12-14 08:12:31.954  2805  2995 D MediaProvider: object removed 8386
12-14 08:12:31.954  2805  2995 D MediaProvider: object removed 8387
12-14 08:12:31.954  2805  2995 D MediaProvider: object removed 8388
12-14 08:12:31.954  2805  2995 D MediaProvider: object removed 8389
12-14 08:12:31.954  2805  2995 D MediaProvider: object removed 8390
12-14 08:12:31.954  2805  2995 D MediaProvider: object removed 8391
12-14 08:12:31.954  2805  2995 D MediaProvider: object removed 8392
12-14 08:12:31.954  2805  2995 D MediaProvider: object removed 8393
12-14 08:12:31.954  2805  2995 D MediaProvider: object removed 8394
12-14 08:12:31.954  2805  2995 D MediaProvider: object removed 8395
12-14 08:12:31.954  2805  2995 D MediaProvider: object removed 8396
12-14 08:12:31.954  2805  2995 D MediaProvider: object removed 8397
12-14 08:12:31.954  2805  2995 D MediaProvider: object removed 8398
12-14 08:12:31.954  2805  2995 D MediaProvider: object removed 8399
12-14 08:12:31.954  2805  2995 D MediaProvider: object removed 8400
12-14 08:12:31.954  2805  2995 D MediaProvider: object removed 8401
12-14 08:12:31.954  2805  2995 D MediaProvider: object removed 8402
12-14 08:12:31.954  2805  2995 D MediaProvider: object removed 8403
12-14 08:12:31.954  2805  2995 D MediaProvider: object removed 8404
12-14 08:12:31.954  2805  2995 D MediaProvider: object removed 8405
12-14 08:12:31.954  2805  2995 D MediaProvider: object removed 8406
12-14 08:12:31.954  2805  2995 D MediaProvider: object removed 8407
12-14 08:12:31.955  2805  2995 D MediaProvider: object removed 8408
12-14 08:12:31.955  2805  2995 D MediaProvider: object removed 8409
12-14 08:12:31.955  2805  2995 D MediaProvider: object removed 8410
12-14 08:12:31.955  2805  2995 D MediaProvider: object removed 8411
12-14 08:12:31.955  2805  2995 D MediaProvider: object removed 8412
12-14 08:12:31.968  3106  3106 D ExtensionsFactory: No custom extensions.
12-14 08:12:31.971  3106  3106 D AlertReceiver: onReceive: a=android.intent.action.BOOT_COMPLETED Intent { act=android.intent.action.BOOT_COMPLETED flg=0x8000010 cmp=com.android.calendar/.alerts.AlertReceiver (has extras) }
12-14 08:12:31.974  2805  2995 D MediaProvider: object removed 8413
12-14 08:12:31.974  2805  2995 D MediaProvider: object removed 8414
12-14 08:12:31.974  2805  2995 D MediaProvider: object removed 8415
12-14 08:12:31.974  2805  2995 D MediaProvider: object removed 8416
12-14 08:12:31.974  2805  2995 D MediaProvider: object removed 8417
12-14 08:12:31.974  2805  2995 D MediaProvider: object removed 8418
12-14 08:12:31.974  2805  2995 D MediaProvider: object removed 8419
12-14 08:12:31.975  2805  2995 D MediaProvider: object removed 8420
12-14 08:12:31.975  3106  3132 D AlertService: 0 Action = android.intent.action.BOOT_COMPLETED
12-14 08:12:31.975  2805  2995 D MediaProvider: object removed 8421
12-14 08:12:31.975  2805  2995 D MediaProvider: object removed 8422
12-14 08:12:31.975  2805  2995 D MediaProvider: object removed 8423
12-14 08:12:31.975  2805  2995 D MediaProvider: object removed 8424
12-14 08:12:31.975  2805  2995 D MediaProvider: object removed 8425
12-14 08:12:31.975  2805  2995 D MediaProvider: object removed 8426
12-14 08:12:31.975  2805  2995 D MediaProvider: object removed 8427
12-14 08:12:31.975  2805  2995 D MediaProvider: object removed 8428
12-14 08:12:31.975  2805  2995 D MediaProvider: object removed 8429
12-14 08:12:31.975  2805  2995 D MediaProvider: object removed 8430
12-14 08:12:31.975  2805  2995 D MediaProvider: object removed 8431
12-14 08:12:31.975  2805  2995 D MediaProvider: object removed 8432
12-14 08:12:31.975  2805  2995 D MediaProvider: object removed 8433
12-14 08:12:31.975  2805  2995 D MediaProvider: object removed 8434
12-14 08:12:31.975  2805  2995 D MediaProvider: object removed 8435
12-14 08:12:31.975  2805  2995 D MediaProvider: object removed 8436
12-14 08:12:31.975  2805  2995 D MediaProvider: object removed 8437
12-14 08:12:31.975  2805  2995 D MediaProvider: object removed 8438
12-14 08:12:31.975  2805  2995 D MediaProvider: object removed 8439
12-14 08:12:31.975  2805  2995 D MediaProvider: object removed 8440
12-14 08:12:31.975  2805  2995 D MediaProvider: object removed 8441
12-14 08:12:31.975  2805  2995 D MediaProvider: object removed 8442
12-14 08:12:31.975  2805  2995 D MediaProvider: object removed 8443
12-14 08:12:31.975  2805  2995 D MediaProvider: object removed 8444
12-14 08:12:31.975  2805  2995 D MediaProvider: object removed 8445
12-14 08:12:31.975  2805  2995 D MediaProvider: object removed 8446
12-14 08:12:31.975  2805  2995 D MediaProvider: object removed 8447
12-14 08:12:31.975  2805  2995 D MediaProvider: object removed 8448
12-14 08:12:31.975  2805  2995 D MediaProvider: object removed 8449
12-14 08:12:31.975  2805  2995 D MediaProvider: object removed 8450
12-14 08:12:31.975  2805  2995 D MediaProvider: object removed 8451
12-14 08:12:31.975  2805  2995 D MediaProvider: object removed 8452
12-14 08:12:31.975  2805  2995 D MediaProvider: object removed 8453
12-14 08:12:31.975  2805  2995 D MediaProvider: object removed 8454
12-14 08:12:31.975  2805  2995 D MediaProvider: object removed 8455
12-14 08:12:31.975  2805  2995 D MediaProvider: object removed 8456
12-14 08:12:31.975  2805  2995 D MediaProvider: object removed 8457
12-14 08:12:31.975  2805  2995 D MediaProvider: object removed 8458
12-14 08:12:31.975  2805  2995 D MediaProvider: object removed 8459
12-14 08:12:31.975  2805  2995 D MediaProvider: object removed 8460
12-14 08:12:31.975  2805  2995 D MediaProvider: object removed 8461
12-14 08:12:31.975  2805  2995 D MediaProvider: object removed 8462
12-14 08:12:31.975  2805  2995 D MediaProvider: object removed 8463
12-14 08:12:31.975  2805  2995 D MediaProvider: object removed 8464
12-14 08:12:31.975  2805  2995 D MediaProvider: object removed 8465
12-14 08:12:31.975  2805  2995 D MediaProvider: object removed 8466
12-14 08:12:31.975  2805  2995 D MediaProvider: object removed 8467
12-14 08:12:31.975  2805  2995 D MediaProvider: object removed 8468
12-14 08:12:31.975  2805  2995 D MediaProvider: object removed 8469
12-14 08:12:31.975  2805  2995 D MediaProvider: object removed 8470
12-14 08:12:31.975  2805  2995 D MediaProvider: object removed 8471
12-14 08:12:31.975  2805  2995 D MediaProvider: object removed 8472
12-14 08:12:31.975  2805  2995 D MediaProvider: object removed 8473
12-14 08:12:31.975  2805  2995 D MediaProvider: object removed 8474
12-14 08:12:31.975  2805  2995 D MediaProvider: object removed 8475
12-14 08:12:31.975  2805  2995 D MediaProvider: object removed 8476
12-14 08:12:31.975  2805  2995 D MediaProvider: object removed 8477
12-14 08:12:31.976  2805  2995 D MediaProvider: object removed 8478
12-14 08:12:31.976  2805  2995 D MediaProvider: object removed 8479
12-14 08:12:31.976  2805  2995 D MediaProvider: object removed 8480
12-14 08:12:31.976  2805  2995 D MediaProvider: object removed 8481
12-14 08:12:31.976  2805  2995 D MediaProvider: object removed 8482
12-14 08:12:31.976  2805  2995 D MediaProvider: object removed 8483
12-14 08:12:31.976  2805  2995 D MediaProvider: object removed 8484
12-14 08:12:31.976  2805  2995 D MediaProvider: object removed 8485
12-14 08:12:31.976  2805  2995 D MediaProvider: object removed 8486
12-14 08:12:31.976  2805  2995 D MediaProvider: object removed 8487
12-14 08:12:31.976  2805  2995 D MediaProvider: object removed 8488
12-14 08:12:31.976  2805  2995 D MediaProvider: object removed 8489
12-14 08:12:31.976  2805  2995 D MediaProvider: object removed 8490
12-14 08:12:31.976  2805  2995 D MediaProvider: object removed 8491
12-14 08:12:31.976  2805  2995 D MediaProvider: object removed 8492
12-14 08:12:31.976  2805  2995 D MediaProvider: object removed 8493
12-14 08:12:31.976  2805  2995 D MediaProvider: object removed 8494
12-14 08:12:31.976  2805  2995 D MediaProvider: object removed 8495
12-14 08:12:31.976  2805  2995 D MediaProvider: object removed 8496
12-14 08:12:31.976  2805  2995 D MediaProvider: object removed 8497
12-14 08:12:31.976  2805  2995 D MediaProvider: object removed 8498
12-14 08:12:31.976  2805  2995 D MediaProvider: object removed 8499
12-14 08:12:31.976  2805  2995 D MediaProvider: object removed 8500
12-14 08:12:31.976  2805  2995 D MediaProvider: object removed 8501
12-14 08:12:31.976  2805  2995 D MediaProvider: object removed 8502
12-14 08:12:31.976  2805  2995 D MediaProvider: object removed 8503
12-14 08:12:31.976  2805  2995 D MediaProvider: object removed 8504
12-14 08:12:31.976  2805  2995 D MediaProvider: object removed 8505
12-14 08:12:31.976  2805  2995 D MediaProvider: object removed 8506
12-14 08:12:31.976  2805  2995 D MediaProvider: object removed 8507
12-14 08:12:31.976  2805  2995 D MediaProvider: object removed 8508
12-14 08:12:31.976  2805  2995 D MediaProvider: object removed 8509
12-14 08:12:31.976  2805  2995 D MediaProvider: object removed 8510
12-14 08:12:31.976  2805  2995 D MediaProvider: object removed 8511
12-14 08:12:31.976  2805  2995 D MediaProvider: object removed 8512
12-14 08:12:31.976  2805  2995 D MediaProvider: object removed 8513
12-14 08:12:31.983  2805  2995 D MediaProvider: object removed 8514
12-14 08:12:31.983  2805  2995 D MediaProvider: object removed 8515
12-14 08:12:31.983  2805  2995 D MediaProvider: object removed 8516
12-14 08:12:31.983  2805  2995 D MediaProvider: object removed 8517
12-14 08:12:31.983  2805  2995 D MediaProvider: object removed 8518
12-14 08:12:31.983  2805  2995 D MediaProvider: object removed 8519
12-14 08:12:31.983  2805  2995 D MediaProvider: object removed 8520
12-14 08:12:31.983  2805  2995 D MediaProvider: object removed 8521
12-14 08:12:31.983  2805  2995 D MediaProvider: object removed 8522
12-14 08:12:31.983  2805  2995 D MediaProvider: object removed 8523
12-14 08:12:31.983  2805  2995 D MediaProvider: object removed 8524
12-14 08:12:31.983  2805  2995 D MediaProvider: object removed 8525
12-14 08:12:31.983  2805  2995 D MediaProvider: object removed 8526
12-14 08:12:31.983  2805  2995 D MediaProvider: object removed 8527
12-14 08:12:31.983  2805  2995 D MediaProvider: object removed 8528
12-14 08:12:31.983  2805  2995 D MediaProvider: object removed 8529
12-14 08:12:31.983  2805  2995 D MediaProvider: object removed 8530
12-14 08:12:31.983  2805  2995 D MediaProvider: object removed 8531
12-14 08:12:31.983  2805  2995 D MediaProvider: object removed 8532
12-14 08:12:31.983  2805  2995 D MediaProvider: object removed 8533
12-14 08:12:31.983  2805  2995 D MediaProvider: object removed 8534
12-14 08:12:31.983  2805  2995 D MediaProvider: object removed 8535
12-14 08:12:31.983  2805  2995 D MediaProvider: object removed 8536
12-14 08:12:31.983  2805  2995 D MediaProvider: object removed 8537
12-14 08:12:31.983  2805  2995 D MediaProvider: object removed 8538
12-14 08:12:31.983  2805  2995 D MediaProvider: object removed 8539
12-14 08:12:31.983  2805  2995 D MediaProvider: object removed 8540
12-14 08:12:31.983  2805  2995 D MediaProvider: object removed 8541
12-14 08:12:31.983  2805  2995 D MediaProvider: object removed 8542
12-14 08:12:31.983  2805  2995 D MediaProvider: object removed 8543
12-14 08:12:31.983  2805  2995 D MediaProvider: object removed 8544
12-14 08:12:31.983  2805  2995 D MediaProvider: object removed 8545
12-14 08:12:31.983  2805  2995 D MediaProvider: object removed 8546
12-14 08:12:31.983  2805  2995 D MediaProvider: object removed 8547
12-14 08:12:31.983  2805  2995 D MediaProvider: object removed 8548
12-14 08:12:31.983  2805  2995 D MediaProvider: object removed 8549
12-14 08:12:31.983  2805  2995 D MediaProvider: object removed 8550
12-14 08:12:31.983  2805  2995 D MediaProvider: object removed 8551
12-14 08:12:31.983  2805  2995 D MediaProvider: object removed 8552
12-14 08:12:31.983  2805  2995 D MediaProvider: object removed 8553
12-14 08:12:31.983  2805  2995 D MediaProvider: object removed 8554
12-14 08:12:31.983  2805  2995 D MediaProvider: object removed 8555
12-14 08:12:31.983  2805  2995 D MediaProvider: object removed 8556
12-14 08:12:31.983  2805  2995 D MediaProvider: object removed 8557
12-14 08:12:31.983  2805  2995 D MediaProvider: object removed 8558
12-14 08:12:31.984  2805  2995 D MediaProvider: object removed 8559
12-14 08:12:31.984  2805  2995 D MediaProvider: object removed 8560
12-14 08:12:31.984  2805  2995 D MediaProvider: object removed 8561
12-14 08:12:31.984  2805  2995 D MediaProvider: object removed 8562
12-14 08:12:31.984  2805  2995 D MediaProvider: object removed 8563
12-14 08:12:31.984  2805  2995 D MediaProvider: object removed 8564
12-14 08:12:31.984  2805  2995 D MediaProvider: object removed 8565
12-14 08:12:31.984  2805  2995 D MediaProvider: object removed 8566
12-14 08:12:31.984  2805  2995 D MediaProvider: object removed 8567
12-14 08:12:31.984  2805  2995 D MediaProvider: object removed 8568
12-14 08:12:31.984  2805  2995 D MediaProvider: object removed 8569
12-14 08:12:31.984  2805  2995 D MediaProvider: object removed 8570
12-14 08:12:31.984  2805  2995 D MediaProvider: object removed 8571
12-14 08:12:31.984  2805  2995 D MediaProvider: object removed 8572
12-14 08:12:31.984  2805  2995 D MediaProvider: object removed 8573
12-14 08:12:31.984  2805  2995 D MediaProvider: object removed 8574
12-14 08:12:31.984  2805  2995 D MediaProvider: object removed 8575
12-14 08:12:31.984  2805  2995 D MediaProvider: object removed 8576
12-14 08:12:31.984  2805  2995 D MediaProvider: object removed 8577
12-14 08:12:31.984  2805  2995 D MediaProvider: object removed 8578
12-14 08:12:31.984  2805  2995 D MediaProvider: object removed 8579
12-14 08:12:31.984  2805  2995 D MediaProvider: object removed 8580
12-14 08:12:31.984  2805  2995 D MediaProvider: object removed 8581
12-14 08:12:31.984  2805  2995 D MediaProvider: object removed 8582
12-14 08:12:31.984  2805  2995 D MediaProvider: object removed 8583
12-14 08:12:31.984  2805  2995 D MediaProvider: object removed 8584
12-14 08:12:31.984  2805  2995 D MediaProvider: object removed 8585
12-14 08:12:31.984  2805  2995 D MediaProvider: object removed 8586
12-14 08:12:31.984  2805  2995 D MediaProvider: object removed 8587
12-14 08:12:31.984  2805  2995 D MediaProvider: object removed 8588
12-14 08:12:31.984  2805  2995 D MediaProvider: object removed 8589
12-14 08:12:31.984  2805  2995 D MediaProvider: object removed 8590
12-14 08:12:31.984  2805  2995 D MediaProvider: object removed 8591
12-14 08:12:31.984  2805  2995 D MediaProvider: object removed 8592
12-14 08:12:31.984  2805  2995 D MediaProvider: object removed 8593
12-14 08:12:31.984  2805  2995 D MediaProvider: object removed 8594
12-14 08:12:31.984  2805  2995 D MediaProvider: object removed 8595
12-14 08:12:31.984  2805  2995 D MediaProvider: object removed 8596
12-14 08:12:31.984  2805  2995 D MediaProvider: object removed 8597
12-14 08:12:31.984  2805  2995 D MediaProvider: object removed 8598
12-14 08:12:31.984  2805  2995 D MediaProvider: object removed 8599
12-14 08:12:31.984  2805  2995 D MediaProvider: object removed 8600
12-14 08:12:31.984  2805  2995 D MediaProvider: object removed 8601
12-14 08:12:31.984  2805  2995 D MediaProvider: object removed 8602
12-14 08:12:31.984  2805  2995 D MediaProvider: object removed 8603
12-14 08:12:31.984  2805  2995 D MediaProvider: object removed 8604
12-14 08:12:31.984  2805  2995 D MediaProvider: object removed 8605
12-14 08:12:31.984  2805  2995 D MediaProvider: object removed 8606
12-14 08:12:31.984  2805  2995 D MediaProvider: object removed 8607
12-14 08:12:31.984  2805  2995 D MediaProvider: object removed 8608
12-14 08:12:31.984  2805  2995 D MediaProvider: object removed 8609
12-14 08:12:31.984  2805  2995 D MediaProvider: object removed 8610
12-14 08:12:31.984  2805  2995 D MediaProvider: object removed 8611
12-14 08:12:31.984  2805  2995 D MediaProvider: object removed 8612
12-14 08:12:31.984  2805  2995 D MediaProvider: object removed 8613
12-14 08:12:31.984  2805  2995 D MediaProvider: object removed 8614
12-14 08:12:31.987  2084  2347 I ActivityManager: Start proc 3134:com.google.android.configupdater/u0a31 for broadcast com.google.android.configupdater/.CertPin.CertPinUpdateRequestReceiver
12-14 08:12:31.987  3106  3132 D AlertService: Scheduling next alarm with AlarmScheduler. sEventReminderReceived: null
12-14 08:12:31.990  3134  3134 I ActivityThread: Switching default density from 160 to 240
12-14 08:12:31.991  3106  3132 D AlarmScheduler: No events found starting within 1 week.
12-14 08:12:31.999  2805  2995 D MediaProvider: object removed 8615
12-14 08:12:31.999  2805  2995 D MediaProvider: object removed 8616
12-14 08:12:31.999  2805  2995 D MediaProvider: object removed 8617
12-14 08:12:32.000  2805  2995 D MediaProvider: object removed 8618
12-14 08:12:32.000  2805  2995 D MediaProvider: object removed 8619
12-14 08:12:32.000  2805  2995 D MediaProvider: object removed 8620
12-14 08:12:32.000  2805  2995 D MediaProvider: object removed 8621
12-14 08:12:32.000  2805  2995 D MediaProvider: object removed 8622
12-14 08:12:32.000  2805  2995 D MediaProvider: object removed 8623
12-14 08:12:32.000  2805  2995 D MediaProvider: object removed 8624
12-14 08:12:32.000  2805  2995 D MediaProvider: object removed 8625
12-14 08:12:32.000  2805  2995 D MediaProvider: object removed 8626
12-14 08:12:32.000  2805  2995 D MediaProvider: object removed 8627
12-14 08:12:32.000  2805  2995 D MediaProvider: object removed 8628
12-14 08:12:32.000  2805  2995 D MediaProvider: object removed 8629
12-14 08:12:32.000  2805  2995 D MediaProvider: object removed 8630
12-14 08:12:32.000  2805  2995 D MediaProvider: object removed 8631
12-14 08:12:32.000  2805  2995 D MediaProvider: object removed 8632
12-14 08:12:32.000  2805  2995 D MediaProvider: object removed 8633
12-14 08:12:32.000  2805  2995 D MediaProvider: object removed 8634
12-14 08:12:32.000  2805  2995 D MediaProvider: object removed 8635
12-14 08:12:32.000  2805  2995 D MediaProvider: object removed 8636
12-14 08:12:32.000  2805  2995 D MediaProvider: object removed 8637
12-14 08:12:32.000  2805  2995 D MediaProvider: object removed 8638
12-14 08:12:32.000  2805  2995 D MediaProvider: object removed 8639
12-14 08:12:32.000  2805  2995 D MediaProvider: object removed 8640
12-14 08:12:32.000  2805  2995 D MediaProvider: object removed 8641
12-14 08:12:32.000  2805  2995 D MediaProvider: object removed 8642
12-14 08:12:32.000  2805  2995 D MediaProvider: object removed 8643
12-14 08:12:32.000  2805  2995 D MediaProvider: object removed 8644
12-14 08:12:32.000  2805  2995 D MediaProvider: object removed 8645
12-14 08:12:32.000  2805  2995 D MediaProvider: object removed 8646
12-14 08:12:32.000  2805  2995 D MediaProvider: object removed 8647
12-14 08:12:32.000  2805  2995 D MediaProvider: object removed 8648
12-14 08:12:32.000  2805  2995 D MediaProvider: object removed 8649
12-14 08:12:32.000  2805  2995 D MediaProvider: object removed 8650
12-14 08:12:32.000  2805  2995 D MediaProvider: object removed 8651
12-14 08:12:32.000  2805  2995 D MediaProvider: object removed 8652
12-14 08:12:32.000  2805  2995 D MediaProvider: object removed 8653
12-14 08:12:32.000  2805  2995 D MediaProvider: object removed 8654
12-14 08:12:32.000  2805  2995 D MediaProvider: object removed 8655
12-14 08:12:32.000  2805  2995 D MediaProvider: object removed 8656
12-14 08:12:32.000  2805  2995 D MediaProvider: object removed 8657
12-14 08:12:32.000  2805  2995 D MediaProvider: object removed 8658
12-14 08:12:32.000  2805  2995 D MediaProvider: object removed 8659
12-14 08:12:32.000  2805  2995 D MediaProvider: object removed 8660
12-14 08:12:32.000  2805  2995 D MediaProvider: object removed 8661
12-14 08:12:32.000  2805  2995 D MediaProvider: object removed 8662
12-14 08:12:32.000  2805  2995 D MediaProvider: object removed 8663
12-14 08:12:32.000  2805  2995 D MediaProvider: object removed 8664
12-14 08:12:32.000  2805  2995 D MediaProvider: object removed 8665
12-14 08:12:32.000  2805  2995 D MediaProvider: object removed 8666
12-14 08:12:32.000  2805  2995 D MediaProvider: object removed 8667
12-14 08:12:32.000  2805  2995 D MediaProvider: object removed 8668
12-14 08:12:32.000  2805  2995 D MediaProvider: object removed 8669
12-14 08:12:32.000  2805  2995 D MediaProvider: object removed 8670
12-14 08:12:32.000  2805  2995 D MediaProvider: object removed 8671
12-14 08:12:32.001  2805  2995 D MediaProvider: object removed 8672
12-14 08:12:32.001  2805  2995 D MediaProvider: object removed 8673
12-14 08:12:32.001  2805  2995 D MediaProvider: object removed 8674
12-14 08:12:32.001  2805  2995 D MediaProvider: object removed 8675
12-14 08:12:32.001  2805  2995 D MediaProvider: object removed 8676
12-14 08:12:32.001  2805  2995 D MediaProvider: object removed 8677
12-14 08:12:32.001  2805  2995 D MediaProvider: object removed 8678
12-14 08:12:32.001  2805  2995 D MediaProvider: object removed 8679
12-14 08:12:32.001  2805  2995 D MediaProvider: object removed 8680
12-14 08:12:32.001  2805  2995 D MediaProvider: object removed 8681
12-14 08:12:32.001  2805  2995 D MediaProvider: object removed 8682
12-14 08:12:32.001  2805  2995 D MediaProvider: object removed 8683
12-14 08:12:32.001  2805  2995 D MediaProvider: object removed 8684
12-14 08:12:32.001  2805  2995 D MediaProvider: object removed 8685
12-14 08:12:32.001  2805  2995 D MediaProvider: object removed 8686
12-14 08:12:32.001  2805  2995 D MediaProvider: object removed 8687
12-14 08:12:32.001  2805  2995 D MediaProvider: object removed 8688
12-14 08:12:32.001  2805  2995 D MediaProvider: object removed 8689
12-14 08:12:32.001  2805  2995 D MediaProvider: object removed 8690
12-14 08:12:32.001  2805  2995 D MediaProvider: object removed 8691
12-14 08:12:32.001  2805  2995 D MediaProvider: object removed 8692
12-14 08:12:32.001  2805  2995 D MediaProvider: object removed 8693
12-14 08:12:32.001  2805  2995 D MediaProvider: object removed 8694
12-14 08:12:32.001  2805  2995 D MediaProvider: object removed 8695
12-14 08:12:32.001  2805  2995 D MediaProvider: object removed 8696
12-14 08:12:32.001  2805  2995 D MediaProvider: object removed 8697
12-14 08:12:32.001  2805  2995 D MediaProvider: object removed 8698
12-14 08:12:32.001  2805  2995 D MediaProvider: object removed 8699
12-14 08:12:32.001  2805  2995 D MediaProvider: object removed 8700
12-14 08:12:32.001  2805  2995 D MediaProvider: object removed 8701
12-14 08:12:32.001  2805  2995 D MediaProvider: object removed 8702
12-14 08:12:32.001  2805  2995 D MediaProvider: object removed 8703
12-14 08:12:32.001  2805  2995 D MediaProvider: object removed 8704
12-14 08:12:32.001  2805  2995 D MediaProvider: object removed 8705
12-14 08:12:32.001  2805  2995 D MediaProvider: object removed 8706
12-14 08:12:32.001  2805  2995 D MediaProvider: object removed 8707
12-14 08:12:32.001  2805  2995 D MediaProvider: object removed 8708
12-14 08:12:32.001  2805  2995 D MediaProvider: object removed 8709
12-14 08:12:32.001  2805  2995 D MediaProvider: object removed 8710
12-14 08:12:32.001  2805  2995 D MediaProvider: object removed 8711
12-14 08:12:32.001  2805  2995 D MediaProvider: object removed 8712
12-14 08:12:32.001  2805  2995 D MediaProvider: object removed 8713
12-14 08:12:32.001  2805  2995 D MediaProvider: object removed 8714
12-14 08:12:32.001  2805  2995 D MediaProvider: object removed 8715
12-14 08:12:32.021  3134  3134 E UpdateRequestReceiver: ignoring update request
12-14 08:12:32.022  3134  3134 E UpdateRequestReceiver: ignoring update request
12-14 08:12:32.022  3134  3134 E UpdateRequestReceiver: ignoring update request
12-14 08:12:32.023  3134  3134 E UpdateRequestReceiver: ignoring update request
12-14 08:12:32.023  3134  3134 E UpdateRequestReceiver: ignoring update request
12-14 08:12:32.024  3134  3134 E UpdateRequestReceiver: ignoring update request
12-14 08:12:32.026  2805  2995 D MediaProvider: object removed 8716
12-14 08:12:32.026  2805  2995 D MediaProvider: object removed 8717
12-14 08:12:32.026  2805  2995 D MediaProvider: object removed 8718
12-14 08:12:32.026  2805  2995 D MediaProvider: object removed 8719
12-14 08:12:32.026  2805  2995 D MediaProvider: object removed 8720
12-14 08:12:32.027  2805  2995 D MediaProvider: object removed 8721
12-14 08:12:32.027  2805  2995 D MediaProvider: object removed 8722
12-14 08:12:32.027  2805  2995 D MediaProvider: object removed 8723
12-14 08:12:32.027  2805  2995 D MediaProvider: object removed 8724
12-14 08:12:32.027  2805  2995 D MediaProvider: object removed 8725
12-14 08:12:32.027  2805  2995 D MediaProvider: object removed 8726
12-14 08:12:32.027  2805  2995 D MediaProvider: object removed 8727
12-14 08:12:32.027  2805  2995 D MediaProvider: object removed 8728
12-14 08:12:32.027  2805  2995 D MediaProvider: object removed 8729
12-14 08:12:32.027  2805  2995 D MediaProvider: object removed 8730
12-14 08:12:32.027  2805  2995 D MediaProvider: object removed 8731
12-14 08:12:32.027  2805  2995 D MediaProvider: object removed 8732
12-14 08:12:32.027  2805  2995 D MediaProvider: object removed 8733
12-14 08:12:32.027  2805  2995 D MediaProvider: object removed 8734
12-14 08:12:32.027  2805  2995 D MediaProvider: object removed 8735
12-14 08:12:32.027  2805  2995 D MediaProvider: object removed 8736
12-14 08:12:32.027  2805  2995 D MediaProvider: object removed 8737
12-14 08:12:32.027  2805  2995 D MediaProvider: object removed 8738
12-14 08:12:32.027  2805  2995 D MediaProvider: object removed 8739
12-14 08:12:32.027  2805  2995 D MediaProvider: object removed 8740
12-14 08:12:32.027  2805  2995 D MediaProvider: object removed 8741
12-14 08:12:32.027  2805  2995 D MediaProvider: object removed 8742
12-14 08:12:32.027  2805  2995 D MediaProvider: object removed 8743
12-14 08:12:32.027  2805  2995 D MediaProvider: object removed 8744
12-14 08:12:32.027  2805  2995 D MediaProvider: object removed 8745
12-14 08:12:32.027  2805  2995 D MediaProvider: object removed 8746
12-14 08:12:32.027  2805  2995 D MediaProvider: object removed 8747
12-14 08:12:32.027  2805  2995 D MediaProvider: object removed 8748
12-14 08:12:32.027  2805  2995 D MediaProvider: object removed 8749
12-14 08:12:32.027  2805  2995 D MediaProvider: object removed 8750
12-14 08:12:32.027  2805  2995 D MediaProvider: object removed 8751
12-14 08:12:32.027  2805  2995 D MediaProvider: object removed 8752
12-14 08:12:32.027  2805  2995 D MediaProvider: object removed 8753
12-14 08:12:32.027  2805  2995 D MediaProvider: object removed 8754
12-14 08:12:32.027  2805  2995 D MediaProvider: object removed 8755
12-14 08:12:32.027  2805  2995 D MediaProvider: object removed 8756
12-14 08:12:32.027  2805  2995 D MediaProvider: object removed 8757
12-14 08:12:32.027  2805  2995 D MediaProvider: object removed 8758
12-14 08:12:32.027  2805  2995 D MediaProvider: object removed 8759
12-14 08:12:32.027  2805  2995 D MediaProvider: object removed 8760
12-14 08:12:32.027  2805  2995 D MediaProvider: object removed 8761
12-14 08:12:32.027  2805  2995 D MediaProvider: object removed 8762
12-14 08:12:32.027  2805  2995 D MediaProvider: object removed 8763
12-14 08:12:32.027  2805  2995 D MediaProvider: object removed 8764
12-14 08:12:32.027  2805  2995 D MediaProvider: object removed 8765
12-14 08:12:32.027  2805  2995 D MediaProvider: object removed 8766
12-14 08:12:32.027  2805  2995 D MediaProvider: object removed 8767
12-14 08:12:32.027  2805  2995 D MediaProvider: object removed 8768
12-14 08:12:32.027  2805  2995 D MediaProvider: object removed 8769
12-14 08:12:32.027  2805  2995 D MediaProvider: object removed 8770
12-14 08:12:32.027  2805  2995 D MediaProvider: object removed 8771
12-14 08:12:32.027  2805  2995 D MediaProvider: object removed 8772
12-14 08:12:32.027  2805  2995 D MediaProvider: object removed 8773
12-14 08:12:32.027  2805  2995 D MediaProvider: object removed 8774
12-14 08:12:32.027  2805  2995 D MediaProvider: object removed 8775
12-14 08:12:32.027  2805  2995 D MediaProvider: object removed 8776
12-14 08:12:32.027  2805  2995 D MediaProvider: object removed 8777
12-14 08:12:32.027  2805  2995 D MediaProvider: object removed 8778
12-14 08:12:32.027  2805  2995 D MediaProvider: object removed 8779
12-14 08:12:32.027  2805  2995 D MediaProvider: object removed 8780
12-14 08:12:32.027  2805  2995 D MediaProvider: object removed 8781
12-14 08:12:32.028  2805  2995 D MediaProvider: object removed 8782
12-14 08:12:32.028  2805  2995 D MediaProvider: object removed 8783
12-14 08:12:32.028  2805  2995 D MediaProvider: object removed 8784
12-14 08:12:32.028  2805  2995 D MediaProvider: object removed 8785
12-14 08:12:32.028  2805  2995 D MediaProvider: object removed 8786
12-14 08:12:32.028  2805  2995 D MediaProvider: object removed 8787
12-14 08:12:32.028  2805  2995 D MediaProvider: object removed 8788
12-14 08:12:32.028  2805  2995 D MediaProvider: object removed 8789
12-14 08:12:32.028  2805  2995 D MediaProvider: object removed 8790
12-14 08:12:32.028  2805  2995 D MediaProvider: object removed 8791
12-14 08:12:32.028  2805  2995 D MediaProvider: object removed 8792
12-14 08:12:32.028  2805  2995 D MediaProvider: object removed 8793
12-14 08:12:32.028  2805  2995 D MediaProvider: object removed 8794
12-14 08:12:32.028  2805  2995 D MediaProvider: object removed 8795
12-14 08:12:32.028  2805  2995 D MediaProvider: object removed 8796
12-14 08:12:32.028  2805  2995 D MediaProvider: object removed 8797
12-14 08:12:32.028  2805  2995 D MediaProvider: object removed 8798
12-14 08:12:32.028  2805  2995 D MediaProvider: object removed 8799
12-14 08:12:32.028  2805  2995 D MediaProvider: object removed 8800
12-14 08:12:32.028  2805  2995 D MediaProvider: object removed 8801
12-14 08:12:32.028  2805  2995 D MediaProvider: object removed 8802
12-14 08:12:32.028  2805  2995 D MediaProvider: object removed 8803
12-14 08:12:32.028  2805  2995 D MediaProvider: object removed 8804
12-14 08:12:32.028  2805  2995 D MediaProvider: object removed 8805
12-14 08:12:32.028  2805  2995 D MediaProvider: object removed 8806
12-14 08:12:32.028  2805  2995 D MediaProvider: object removed 8807
12-14 08:12:32.028  2805  2995 D MediaProvider: object removed 8808
12-14 08:12:32.028  2805  2995 D MediaProvider: object removed 8809
12-14 08:12:32.028  2805  2995 D MediaProvider: object removed 8810
12-14 08:12:32.028  2805  2995 D MediaProvider: object removed 8811
12-14 08:12:32.028  2805  2995 D MediaProvider: object removed 8812
12-14 08:12:32.028  2805  2995 D MediaProvider: object removed 8813
12-14 08:12:32.028  2805  2995 D MediaProvider: object removed 8814
12-14 08:12:32.028  2805  2995 D MediaProvider: object removed 8815
12-14 08:12:32.028  2805  2995 D MediaProvider: object removed 8816
12-14 08:12:32.036  2805  2995 D MediaProvider: object removed 8817
12-14 08:12:32.036  2805  2995 D MediaProvider: object removed 8818
12-14 08:12:32.036  2805  2995 D MediaProvider: object removed 8819
12-14 08:12:32.036  2805  2995 D MediaProvider: object removed 8820
12-14 08:12:32.036  2805  2995 D MediaProvider: object removed 8821
12-14 08:12:32.036  2805  2995 D MediaProvider: object removed 8822
12-14 08:12:32.036  2805  2995 D MediaProvider: object removed 8823
12-14 08:12:32.036  2805  2995 D MediaProvider: object removed 8824
12-14 08:12:32.036  2805  2995 D MediaProvider: object removed 8825
12-14 08:12:32.036  2805  2995 D MediaProvider: object removed 8826
12-14 08:12:32.036  2805  2995 D MediaProvider: object removed 8827
12-14 08:12:32.036  2805  2995 D MediaProvider: object removed 8828
12-14 08:12:32.036  2805  2995 D MediaProvider: object removed 8829
12-14 08:12:32.036  2805  2995 D MediaProvider: object removed 8830
12-14 08:12:32.036  2805  2995 D MediaProvider: object removed 8831
12-14 08:12:32.037  2805  2995 D MediaProvider: object removed 8832
12-14 08:12:32.037  2805  2995 D MediaProvider: object removed 8833
12-14 08:12:32.037  2805  2995 D MediaProvider: object removed 8834
12-14 08:12:32.037  2805  2995 D MediaProvider: object removed 8835
12-14 08:12:32.037  2805  2995 D MediaProvider: object removed 8836
12-14 08:12:32.037  2805  2995 D MediaProvider: object removed 8837
12-14 08:12:32.037  2805  2995 D MediaProvider: object removed 8838
12-14 08:12:32.037  2805  2995 D MediaProvider: object removed 8839
12-14 08:12:32.037  2805  2995 D MediaProvider: object removed 8840
12-14 08:12:32.037  2805  2995 D MediaProvider: object removed 8841
12-14 08:12:32.037  2805  2995 D MediaProvider: object removed 8842
12-14 08:12:32.037  2805  2995 D MediaProvider: object removed 8843
12-14 08:12:32.037  2805  2995 D MediaProvider: object removed 8844
12-14 08:12:32.037  2805  2995 D MediaProvider: object removed 8845
12-14 08:12:32.037  2805  2995 D MediaProvider: object removed 8846
12-14 08:12:32.037  2805  2995 D MediaProvider: object removed 8847
12-14 08:12:32.037  2805  2995 D MediaProvider: object removed 8848
12-14 08:12:32.037  2805  2995 D MediaProvider: object removed 8849
12-14 08:12:32.037  2805  2995 D MediaProvider: object removed 8850
12-14 08:12:32.037  2805  2995 D MediaProvider: object removed 8851
12-14 08:12:32.037  2805  2995 D MediaProvider: object removed 8852
12-14 08:12:32.037  2805  2995 D MediaProvider: object removed 8853
12-14 08:12:32.037  2805  2995 D MediaProvider: object removed 8854
12-14 08:12:32.037  2805  2995 D MediaProvider: object removed 8855
12-14 08:12:32.037  2805  2995 D MediaProvider: object removed 8856
12-14 08:12:32.037  2805  2995 D MediaProvider: object removed 8857
12-14 08:12:32.037  2805  2995 D MediaProvider: object removed 8858
12-14 08:12:32.037  2805  2995 D MediaProvider: object removed 8859
12-14 08:12:32.037  2805  2995 D MediaProvider: object removed 8860
12-14 08:12:32.037  2805  2995 D MediaProvider: object removed 8861
12-14 08:12:32.037  2805  2995 D MediaProvider: object removed 8862
12-14 08:12:32.037  2805  2995 D MediaProvider: object removed 8863
12-14 08:12:32.037  2805  2995 D MediaProvider: object removed 8864
12-14 08:12:32.037  2805  2995 D MediaProvider: object removed 8865
12-14 08:12:32.037  2805  2995 D MediaProvider: object removed 8866
12-14 08:12:32.037  2805  2995 D MediaProvider: object removed 8867
12-14 08:12:32.037  2805  2995 D MediaProvider: object removed 8868
12-14 08:12:32.037  2805  2995 D MediaProvider: object removed 8869
12-14 08:12:32.037  2805  2995 D MediaProvider: object removed 8870
12-14 08:12:32.037  2805  2995 D MediaProvider: object removed 8871
12-14 08:12:32.037  2805  2995 D MediaProvider: object removed 8872
12-14 08:12:32.037  2805  2995 D MediaProvider: object removed 8873
12-14 08:12:32.037  2805  2995 D MediaProvider: object removed 8874
12-14 08:12:32.037  2805  2995 D MediaProvider: object removed 8875
12-14 08:12:32.037  2805  2995 D MediaProvider: object removed 8876
12-14 08:12:32.037  2805  2995 D MediaProvider: object removed 8877
12-14 08:12:32.037  2805  2995 D MediaProvider: object removed 8878
12-14 08:12:32.037  2805  2995 D MediaProvider: object removed 8879
12-14 08:12:32.037  2805  2995 D MediaProvider: object removed 8880
12-14 08:12:32.037  2805  2995 D MediaProvider: object removed 8881
12-14 08:12:32.037  2805  2995 D MediaProvider: object removed 8882
12-14 08:12:32.037  2805  2995 D MediaProvider: object removed 8883
12-14 08:12:32.037  2805  2995 D MediaProvider: object removed 8884
12-14 08:12:32.037  2805  2995 D MediaProvider: object removed 8885
12-14 08:12:32.037  2805  2995 D MediaProvider: object removed 8886
12-14 08:12:32.037  2805  2995 D MediaProvider: object removed 8887
12-14 08:12:32.037  2805  2995 D MediaProvider: object removed 8888
12-14 08:12:32.037  2805  2995 D MediaProvider: object removed 8889
12-14 08:12:32.037  2805  2995 D MediaProvider: object removed 8890
12-14 08:12:32.037  2805  2995 D MediaProvider: object removed 8891
12-14 08:12:32.037  2805  2995 D MediaProvider: object removed 8892
12-14 08:12:32.037  2805  2995 D MediaProvider: object removed 8893
12-14 08:12:32.038  2805  2995 D MediaProvider: object removed 8894
12-14 08:12:32.038  2805  2995 D MediaProvider: object removed 8895
12-14 08:12:32.038  2805  2995 D MediaProvider: object removed 8896
12-14 08:12:32.038  2805  2995 D MediaProvider: object removed 8897
12-14 08:12:32.038  2805  2995 D MediaProvider: object removed 8898
12-14 08:12:32.038  2805  2995 D MediaProvider: object removed 8899
12-14 08:12:32.038  2805  2995 D MediaProvider: object removed 8900
12-14 08:12:32.038  2805  2995 D MediaProvider: object removed 8901
12-14 08:12:32.038  2805  2995 D MediaProvider: object removed 8902
12-14 08:12:32.038  2805  2995 D MediaProvider: object removed 8903
12-14 08:12:32.038  2805  2995 D MediaProvider: object removed 8904
12-14 08:12:32.038  2805  2995 D MediaProvider: object removed 8905
12-14 08:12:32.038  2805  2995 D MediaProvider: object removed 8906
12-14 08:12:32.038  2805  2995 D MediaProvider: object removed 8907
12-14 08:12:32.038  2805  2995 D MediaProvider: object removed 8908
12-14 08:12:32.038  2805  2995 D MediaProvider: object removed 8909
12-14 08:12:32.038  2805  2995 D MediaProvider: object removed 8910
12-14 08:12:32.038  2805  2995 D MediaProvider: object removed 8911
12-14 08:12:32.038  2805  2995 D MediaProvider: object removed 8912
12-14 08:12:32.038  2805  2995 D MediaProvider: object removed 8913
12-14 08:12:32.038  2805  2995 D MediaProvider: object removed 8914
12-14 08:12:32.038  2805  2995 D MediaProvider: object removed 8915
12-14 08:12:32.038  2805  2995 D MediaProvider: object removed 8916
12-14 08:12:32.038  2805  2995 D MediaProvider: object removed 8917
12-14 08:12:32.039  2084  3082 I ActivityManager: Start proc 3169:com.android.deskclock/u0a32 for broadcast com.android.deskclock/.AlarmInitReceiver
12-14 08:12:32.043  3169  3169 I ActivityThread: Switching default density from 160 to 240
12-14 08:12:32.052  2805  2995 D MediaProvider: object removed 8918
12-14 08:12:32.052  2805  2995 D MediaProvider: object removed 8919
12-14 08:12:32.052  2805  2995 D MediaProvider: object removed 8920
12-14 08:12:32.052  2805  2995 D MediaProvider: object removed 8921
12-14 08:12:32.052  2805  2995 D MediaProvider: object removed 8922
12-14 08:12:32.052  2805  2995 D MediaProvider: object removed 8923
12-14 08:12:32.052  2805  2995 D MediaProvider: object removed 8924
12-14 08:12:32.052  2805  2995 D MediaProvider: object removed 8925
12-14 08:12:32.052  2805  2995 D MediaProvider: object removed 8926
12-14 08:12:32.052  2805  2995 D MediaProvider: object removed 8927
12-14 08:12:32.052  2805  2995 D MediaProvider: object removed 8928
12-14 08:12:32.052  2805  2995 D MediaProvider: object removed 8929
12-14 08:12:32.052  2805  2995 D MediaProvider: object removed 8930
12-14 08:12:32.052  2805  2995 D MediaProvider: object removed 8931
12-14 08:12:32.052  2805  2995 D MediaProvider: object removed 8932
12-14 08:12:32.052  2805  2995 D MediaProvider: object removed 8933
12-14 08:12:32.052  2805  2995 D MediaProvider: object removed 8934
12-14 08:12:32.052  2805  2995 D MediaProvider: object removed 8935
12-14 08:12:32.052  2805  2995 D MediaProvider: object removed 8936
12-14 08:12:32.052  2805  2995 D MediaProvider: object removed 8937
12-14 08:12:32.052  2805  2995 D MediaProvider: object removed 8938
12-14 08:12:32.052  2805  2995 D MediaProvider: object removed 8939
12-14 08:12:32.052  2805  2995 D MediaProvider: object removed 8940
12-14 08:12:32.052  2805  2995 D MediaProvider: object removed 8941
12-14 08:12:32.052  2805  2995 D MediaProvider: object removed 8942
12-14 08:12:32.052  2805  2995 D MediaProvider: object removed 8943
12-14 08:12:32.052  2805  2995 D MediaProvider: object removed 8944
12-14 08:12:32.052  2805  2995 D MediaProvider: object removed 8945
12-14 08:12:32.052  2805  2995 D MediaProvider: object removed 8946
12-14 08:12:32.052  2805  2995 D MediaProvider: object removed 8947
12-14 08:12:32.052  2805  2995 D MediaProvider: object removed 8948
12-14 08:12:32.052  2805  2995 D MediaProvider: object removed 8949
12-14 08:12:32.052  2805  2995 D MediaProvider: object removed 8950
12-14 08:12:32.052  2805  2995 D MediaProvider: object removed 8951
12-14 08:12:32.052  2805  2995 D MediaProvider: object removed 8952
12-14 08:12:32.052  2805  2995 D MediaProvider: object removed 8953
12-14 08:12:32.052  2805  2995 D MediaProvider: object removed 8954
12-14 08:12:32.052  2805  2995 D MediaProvider: object removed 8955
12-14 08:12:32.052  2805  2995 D MediaProvider: object removed 8956
12-14 08:12:32.052  2805  2995 D MediaProvider: object removed 8957
12-14 08:12:32.052  2805  2995 D MediaProvider: object removed 8958
12-14 08:12:32.052  2805  2995 D MediaProvider: object removed 8959
12-14 08:12:32.052  2805  2995 D MediaProvider: object removed 8960
12-14 08:12:32.052  2805  2995 D MediaProvider: object removed 8961
12-14 08:12:32.052  2805  2995 D MediaProvider: object removed 8962
12-14 08:12:32.052  2805  2995 D MediaProvider: object removed 8963
12-14 08:12:32.053  2805  2995 D MediaProvider: object removed 8964
12-14 08:12:32.053  2805  2995 D MediaProvider: object removed 8965
12-14 08:12:32.053  2805  2995 D MediaProvider: object removed 8966
12-14 08:12:32.053  2805  2995 D MediaProvider: object removed 8967
12-14 08:12:32.053  2805  2995 D MediaProvider: object removed 8968
12-14 08:12:32.053  2805  2995 D MediaProvider: object removed 8969
12-14 08:12:32.053  2805  2995 D MediaProvider: object removed 8970
12-14 08:12:32.053  2805  2995 D MediaProvider: object removed 8971
12-14 08:12:32.053  2805  2995 D MediaProvider: object removed 8972
12-14 08:12:32.053  2805  2995 D MediaProvider: object removed 8973
12-14 08:12:32.053  2805  2995 D MediaProvider: object removed 8974
12-14 08:12:32.053  2805  2995 D MediaProvider: object removed 8975
12-14 08:12:32.053  2805  2995 D MediaProvider: object removed 8976
12-14 08:12:32.053  2805  2995 D MediaProvider: object removed 8977
12-14 08:12:32.053  2805  2995 D MediaProvider: object removed 8978
12-14 08:12:32.053  2805  2995 D MediaProvider: object removed 8979
12-14 08:12:32.053  2805  2995 D MediaProvider: object removed 8980
12-14 08:12:32.053  2805  2995 D MediaProvider: object removed 8981
12-14 08:12:32.053  2805  2995 D MediaProvider: object removed 8982
12-14 08:12:32.053  2805  2995 D MediaProvider: object removed 8983
12-14 08:12:32.053  2805  2995 D MediaProvider: object removed 8984
12-14 08:12:32.053  2805  2995 D MediaProvider: object removed 8985
12-14 08:12:32.053  2805  2995 D MediaProvider: object removed 8986
12-14 08:12:32.053  2805  2995 D MediaProvider: object removed 8987
12-14 08:12:32.053  2805  2995 D MediaProvider: object removed 8988
12-14 08:12:32.053  2805  2995 D MediaProvider: object removed 8989
12-14 08:12:32.053  2805  2995 D MediaProvider: object removed 8990
12-14 08:12:32.053  2805  2995 D MediaProvider: object removed 8991
12-14 08:12:32.053  2805  2995 D MediaProvider: object removed 8992
12-14 08:12:32.053  2805  2995 D MediaProvider: object removed 8993
12-14 08:12:32.053  2805  2995 D MediaProvider: object removed 8994
12-14 08:12:32.053  2805  2995 D MediaProvider: object removed 8995
12-14 08:12:32.053  2805  2995 D MediaProvider: object removed 8996
12-14 08:12:32.053  2805  2995 D MediaProvider: object removed 8997
12-14 08:12:32.053  2805  2995 D MediaProvider: object removed 8998
12-14 08:12:32.053  2805  2995 D MediaProvider: object removed 8999
12-14 08:12:32.053  2805  2995 D MediaProvider: object removed 9000
12-14 08:12:32.053  2805  2995 D MediaProvider: object removed 9001
12-14 08:12:32.053  2805  2995 D MediaProvider: object removed 9002
12-14 08:12:32.053  2805  2995 D MediaProvider: object removed 9003
12-14 08:12:32.053  2805  2995 D MediaProvider: object removed 9004
12-14 08:12:32.053  2805  2995 D MediaProvider: object removed 9005
12-14 08:12:32.053  2805  2995 D MediaProvider: object removed 9006
12-14 08:12:32.053  2805  2995 D MediaProvider: object removed 9007
12-14 08:12:32.053  2805  2995 D MediaProvider: object removed 9008
12-14 08:12:32.053  2805  2995 D MediaProvider: object removed 9009
12-14 08:12:32.053  2805  2995 D MediaProvider: object removed 9010
12-14 08:12:32.053  2805  2995 D MediaProvider: object removed 9011
12-14 08:12:32.053  2805  2995 D MediaProvider: object removed 9012
12-14 08:12:32.053  2805  2995 D MediaProvider: object removed 9013
12-14 08:12:32.053  2805  2995 D MediaProvider: object removed 9014
12-14 08:12:32.053  2805  2995 D MediaProvider: object removed 9015
12-14 08:12:32.053  2805  2995 D MediaProvider: object removed 9016
12-14 08:12:32.053  2805  2995 D MediaProvider: object removed 9017
12-14 08:12:32.053  2805  2995 D MediaProvider: object removed 9018
12-14 08:12:32.058  3169  3169 V AlarmClock: AlarmInitReceiver android.intent.action.BOOT_COMPLETED
12-14 08:12:32.059  2805  2995 D MediaProvider: object removed 9019
12-14 08:12:32.059  2805  2995 D MediaProvider: object removed 9020
12-14 08:12:32.059  2805  2995 D MediaProvider: object removed 9021
12-14 08:12:32.059  2805  2995 D MediaProvider: object removed 9022
12-14 08:12:32.059  2805  2995 D MediaProvider: object removed 9023
12-14 08:12:32.059  2805  2995 D MediaProvider: object removed 9024
12-14 08:12:32.059  2805  2995 D MediaProvider: object removed 9025
