12-14 08:12:31.844  2805  2995 D MediaProvider: object removed 7645
12-14 08:12:31.844  2805  2995 D MediaProvider: object removed 7646
12-14 08:12:31.844  2805  2995 D MediaProvider: object removed 7647
12-14 08:12:31.844  2805  2995 D MediaProvider: object removed 7648
12-14 08:12:31.844  2805  2995 D MediaProvider: object removed 7649
12-14 08:12:31.844  2805  2995 D MediaProvider: object removed 7650
12-14 08:12:31.844  2805  2995 D MediaProvider: object removed 7651
12-14 08:12:31.844  2805  2995 D MediaProvider: object removed 7652
12-14 08:12:31.844  2805  2995 D MediaProvider: object removed 7653
12-14 08:12:31.844  2805  2995 D MediaProvider: object removed 7654
12-14 08:12:31.844  2805  2995 D MediaProvider: object removed 7655
12-14 08:12:31.844  2805  2995 D MediaProvider: object removed 7656
12-14 08:12:31.844  2805  2995 D MediaProvider: object removed 7657
12-14 08:12:31.844  2805  2995 D MediaProvider: object removed 7658
12-14 08:12:31.844  2805  2995 D MediaProvider: object removed 7659
12-14 08:12:31.844  2805  2995 D MediaProvider: object removed 7660
12-14 08:12:31.844  2805  2995 D MediaProvider: object removed 7661
12-14 08:12:31.844  2805  2995 D MediaProvider: object removed 7662
12-14 08:12:31.844  2805  2995 D MediaProvider: object removed 7663
12-14 08:12:31.844  2805  2995 D MediaProvider: object removed 7664
12-14 08:12:31.844  2805  2995 D MediaProvider: object removed 7665
12-14 08:12:31.844  2805  2995 D MediaProvider: object removed 7666
12-14 08:12:31.844  2805  2995 D MediaProvider: object removed 7667
12-14 08:12:31.844  2805  2995 D MediaProvider: object removed 7668
12-14 08:12:31.844  2805  2995 D MediaProvider: object removed 7669
12-14 08:12:31.844  2805  2995 D MediaProvider: object removed 7670
12-14 08:12:31.844  2805  2995 D MediaProvider: object removed 7671
12-14 08:12:31.844  2805  2995 D MediaProvider: object removed 7672
12-14 08:12:31.845  2805  2995 D MediaProvider: object removed 7673
12-14 08:12:31.845  2805  2995 D MediaProvider: object removed 7674
12-14 08:12:31.845  2805  2995 D MediaProvider: object removed 7675
12-14 08:12:31.845  2805  2995 D MediaProvider: object removed 7676
12-14 08:12:31.845  2805  2995 D MediaProvider: object removed 7677
12-14 08:12:31.845  2805  2995 D MediaProvider: object removed 7678
12-14 08:12:31.845  2805  2995 D MediaProvider: object removed 7679
12-14 08:12:31.845  2805  2995 D MediaProvider: object removed 7680
12-14 08:12:31.845  2805  2995 D MediaProvider: object removed 7681
12-14 08:12:31.845  2805  2995 D MediaProvider: object removed 7682
12-14 08:12:31.845  2805  2995 D MediaProvider: object removed 7683
12-14 08:12:31.845  2805  2995 D MediaProvider: object removed 7684
12-14 08:12:31.845  2805  2995 D MediaProvider: object removed 7685
12-14 08:12:31.845  2805  2995 D MediaProvider: object removed 7686
12-14 08:12:31.845  2805  2995 D MediaProvider: object removed 7687
12-14 08:12:31.845  2805  2995 D MediaProvider: object removed 7688
12-14 08:12:31.845  2805  2995 D MediaProvider: object removed 7689
12-14 08:12:31.845  2805  2995 D MediaProvider: object removed 7690
12-14 08:12:31.845  2805  2995 D MediaProvider: object removed 7691
12-14 08:12:31.845  2805  2995 D MediaProvider: object removed 7692
12-14 08:12:31.845  2805  2995 D MediaProvider: object removed 7693
12-14 08:12:31.845  2805  2995 D MediaProvider: object removed 7694
12-14 08:12:31.845  2805  2995 D MediaProvider: object removed 7695
12-14 08:12:31.845  2805  2995 D MediaProvider: object removed 7696
12-14 08:12:31.845  2805  2995 D MediaProvider: object removed 7697
12-14 08:12:31.845  2805  2995 D MediaProvider: object removed 7698
12-14 08:12:31.845  2805  2995 D MediaProvider: object removed 7699
12-14 08:12:31.845  2805  2995 D MediaProvider: object removed 7700
12-14 08:12:31.845  2805  2995 D MediaProvider: object removed 7701
12-14 08:12:31.845  2805  2995 D MediaProvider: object removed 7702
12-14 08:12:31.845  2805  2995 D MediaProvider: object removed 7703
12-14 08:12:31.845  2805  2995 D MediaProvider: object removed 7704
12-14 08:12:31.845  2805  2995 D MediaProvider: object removed 7705
12-14 08:12:31.854  3034  3034 W Finsky  : [1] FinskyApp.getCurrentAccount: No account configured on this device.
12-14 08:12:31.854  3034  3034 W Finsky  : [1] FinskyApp.getCurrentAccount: No account configured on this device.
12-14 08:12:31.855  3034  3034 W Finsky  : [1] FinskyApp.getCurrentAccount: No account configured on this device.
12-14 08:12:31.855  3034  3034 W Finsky  : [1] FinskyApp.getCurrentAccount: No account configured on this device.
12-14 08:12:31.859  3034  3034 W Finsky  : [1] FinskyApp.getCurrentAccount: No account configured on this device.
12-14 08:12:31.859  3034  3034 W Finsky  : [1] FinskyApp.getCurrentAccount: No account configured on this device.
12-14 08:12:31.859  3034  3034 W Finsky  : [1] FinskyApp.getCurrentAccount: No account configured on this device.
12-14 08:12:31.859  3034  3034 W Finsky  : [1] FinskyApp.getCurrentAccount: No account configured on this device.
12-14 08:12:31.860  3034  3034 W Finsky  : [1] FinskyApp.getCurrentAccount: No account configured on this device.
12-14 08:12:31.860  3034  3034 W Finsky  : [1] FinskyApp.getCurrentAccount: No account configured on this device.
12-14 08:12:31.860  3034  3034 W Finsky  : [1] FinskyApp.getCurrentAccount: No account configured on this device.
12-14 08:12:31.860  3034  3034 W Finsky  : [1] FinskyApp.getCurrentAccount: No account configured on this device.
12-14 08:12:31.860  3034  3034 W Finsky  : [1] FinskyApp.getCurrentAccount: No account configured on this device.
12-14 08:12:31.860  3034  3034 W Finsky  : [1] FinskyApp.getCurrentAccount: No account configured on this device.
12-14 08:12:31.860  3034  3034 W Finsky  : [1] FinskyApp.getCurrentAccount: No account configured on this device.
12-14 08:12:31.860  3034  3034 W Finsky  : [1] FinskyApp.getCurrentAccount: No account configured on this device.
12-14 08:12:31.863  2805  2995 D MediaProvider: object removed 7706
12-14 08:12:31.863  2805  2995 D MediaProvider: object removed 7707
12-14 08:12:31.863  2805  2995 D MediaProvider: object removed 7708
12-14 08:12:31.863  2805  2995 D MediaProvider: object removed 7709
12-14 08:12:31.863  2805  2995 D MediaProvider: object removed 7710
12-14 08:12:31.863  2805  2995 D MediaProvider: object removed 7711
12-14 08:12:31.863  2805  2995 D MediaProvider: object removed 7712
12-14 08:12:31.863  2805  2995 D MediaProvider: object removed 7713
12-14 08:12:31.863  2805  2995 D MediaProvider: object removed 7714
12-14 08:12:31.863  3034  3034 D Finsky  : [1] DailyHygiene.goMakeHygieneIfDirty: No need to run daily hygiene.
12-14 08:12:31.864  2805  2995 D MediaProvider: object removed 7715
12-14 08:12:31.864  2805  2995 D MediaProvider: object removed 7716
12-14 08:12:31.864  2805  2995 D MediaProvider: object removed 7717
12-14 08:12:31.864  2805  2995 D MediaProvider: object removed 7718
12-14 08:12:31.864  2805  2995 D MediaProvider: object removed 7719
12-14 08:12:31.864  2805  2995 D MediaProvider: object removed 7720
12-14 08:12:31.864  2805  2995 D MediaProvider: object removed 7721
12-14 08:12:31.864  2805  2995 D MediaProvider: object removed 7722
12-14 08:12:31.864  2805  2995 D MediaProvider: object removed 7723
12-14 08:12:31.864  2805  2995 D MediaProvider: object removed 7724
12-14 08:12:31.864  2805  2995 D MediaProvider: object removed 7725
12-14 08:12:31.864  2805  2995 D MediaProvider: object removed 7726
12-14 08:12:31.864  2805  2995 D MediaProvider: object removed 7727
12-14 08:12:31.864  2805  2995 D MediaProvider: object removed 7728
12-14 08:12:31.864  2805  2995 D MediaProvider: object removed 7729
12-14 08:12:31.864  2805  2995 D MediaProvider: object removed 7730
12-14 08:12:31.864  2805  2995 D MediaProvider: object removed 7731
12-14 08:12:31.864  2805  2995 D MediaProvider: object removed 7732
12-14 08:12:31.864  2805  2995 D MediaProvider: object removed 7733
12-14 08:12:31.864  2805  2995 D MediaProvider: object removed 7734
12-14 08:12:31.864  2805  2995 D MediaProvider: object removed 7735
12-14 08:12:31.864  2805  2995 D MediaProvider: object removed 7736
12-14 08:12:31.864  2805  2995 D MediaProvider: object removed 7737
12-14 08:12:31.864  2805  2995 D MediaProvider: object removed 7738
12-14 08:12:31.864  2805  2995 D MediaProvider: object removed 7739
12-14 08:12:31.864  2805  2995 D MediaProvider: object removed 7740
12-14 08:12:31.864  2805  2995 D MediaProvider: object removed 7741
12-14 08:12:31.864  2805  2995 D MediaProvider: object removed 7742
12-14 08:12:31.864  2805  2995 D MediaProvider: object removed 7743
12-14 08:12:31.864  2805  2995 D MediaProvider: object removed 7744
12-14 08:12:31.864  2805  2995 D MediaProvider: object removed 7745
12-14 08:12:31.864  2805  2995 D MediaProvider: object removed 7746
12-14 08:12:31.864  2805  2995 D MediaProvider: object removed 7747
12-14 08:12:31.864  2805  2995 D MediaProvider: object removed 7748
12-14 08:12:31.864  2805  2995 D MediaProvider: object removed 7749
12-14 08:12:31.864  2805  2995 D MediaProvider: object removed 7750
12-14 08:12:31.865  2805  2995 D MediaProvider: object removed 7751
12-14 08:12:31.865  2805  2995 D MediaProvider: object removed 7752
12-14 08:12:31.865  2805  2995 D MediaProvider: object removed 7753
12-14 08:12:31.865  2805  2995 D MediaProvider: object removed 7754
12-14 08:12:31.865  2805  2995 D MediaProvider: object removed 7755
12-14 08:12:31.865  2805  2995 D MediaProvider: object removed 7756
12-14 08:12:31.865  2805  2995 D MediaProvider: object removed 7757
12-14 08:12:31.865  2805  2995 D MediaProvider: object removed 7758
12-14 08:12:31.865  2805  2995 D MediaProvider: object removed 7759
12-14 08:12:31.865  2805  2995 D MediaProvider: object removed 7760
12-14 08:12:31.865  2805  2995 D MediaProvider: object removed 7761
12-14 08:12:31.865  2805  2995 D MediaProvider: object removed 7762
12-14 08:12:31.865  2805  2995 D MediaProvider: object removed 7763
12-14 08:12:31.866  2805  2995 D MediaProvider: object removed 7764
12-14 08:12:31.866  2805  2995 D MediaProvider: object removed 7765
12-14 08:12:31.866  2805  2995 D MediaProvider: object removed 7766
12-14 08:12:31.866  2805  2995 D MediaProvider: object removed 7767
12-14 08:12:31.866  2805  2995 D MediaProvider: object removed 7768
12-14 08:12:31.866  2805  2995 D MediaProvider: object removed 7769
12-14 08:12:31.866  2805  2995 D MediaProvider: object removed 7770
12-14 08:12:31.866  2805  2995 D MediaProvider: object removed 7771
12-14 08:12:31.866  2805  2995 D MediaProvider: object removed 7772
12-14 08:12:31.866  2805  2995 D MediaProvider: object removed 7773
12-14 08:12:31.866  2805  2995 D MediaProvider: object removed 7774
12-14 08:12:31.866  2805  2995 D MediaProvider: object removed 7775
12-14 08:12:31.866  2805  2995 D MediaProvider: object removed 7776
12-14 08:12:31.866  2805  2995 D MediaProvider: object removed 7777
12-14 08:12:31.866  2805  2995 D MediaProvider: object removed 7778
12-14 08:12:31.866  2805  2995 D MediaProvider: object removed 7779
12-14 08:12:31.866  2805  2995 D MediaProvider: object removed 7780
12-14 08:12:31.866  2805  2995 D MediaProvider: object removed 7781
12-14 08:12:31.866  2805  2995 D MediaProvider: object removed 7782
12-14 08:12:31.866  2805  2995 D MediaProvider: object removed 7783
12-14 08:12:31.866  2805  2995 D MediaProvider: object removed 7784
12-14 08:12:31.866  2805  2995 D MediaProvider: object removed 7785
12-14 08:12:31.866  2805  2995 D MediaProvider: object removed 7786
12-14 08:12:31.866  2805  2995 D MediaProvider: object removed 7787
12-14 08:12:31.866  2805  2995 D MediaProvider: object removed 7788
12-14 08:12:31.866  2805  2995 D MediaProvider: object removed 7789
12-14 08:12:31.866  2805  2995 D MediaProvider: object removed 7790
12-14 08:12:31.866  2805  2995 D MediaProvider: object removed 7791
12-14 08:12:31.866  2805  2995 D MediaProvider: object removed 7792
12-14 08:12:31.866  2805  2995 D MediaProvider: object removed 7793
12-14 08:12:31.866  2805  2995 D MediaProvider: object removed 7794
12-14 08:12:31.866  2805  2995 D MediaProvider: object removed 7795
12-14 08:12:31.866  2805  2995 D MediaProvider: object removed 7796
12-14 08:12:31.866  2805  2995 D MediaProvider: object removed 7797
12-14 08:12:31.866  2805  2995 D MediaProvider: object removed 7798
12-14 08:12:31.866  2805  2995 D MediaProvider: object removed 7799
12-14 08:12:31.866  2805  2995 D MediaProvider: object removed 7800
12-14 08:12:31.866  2805  2995 D MediaProvider: object removed 7801
12-14 08:12:31.866  2805  2995 D MediaProvider: object removed 7802
12-14 08:12:31.866  2805  2995 D MediaProvider: object removed 7803
12-14 08:12:31.866  2805  2995 D MediaProvider: object removed 7804
12-14 08:12:31.866  2805  2995 D MediaProvider: object removed 7805
12-14 08:12:31.866  2805  2995 D MediaProvider: object removed 7806
12-14 08:12:31.870  3034  3034 W Settings: Setting download_manager_max_bytes_over_mobile has moved from android.provider.Settings.Secure to android.provider.Settings.Global.
12-14 08:12:31.870  3034  3034 W Settings: Setting download_manager_recommended_max_bytes_over_mobile has moved from android.provider.Settings.Secure to android.provider.Settings.Global.
12-14 08:12:31.879  3034  3034 W Finsky  : [1] FinskyApp.getCurrentAccount: No account configured on this device.
12-14 08:12:31.879  3034  3034 W Finsky  : [1] FinskyApp.getCurrentAccount: No account configured on this device.
12-14 08:12:31.879  3034  3034 W Finsky  : [1] FinskyApp.getDfeApi: No account configured on this device.
12-14 08:12:31.880  3034  3081 D Ads     : Skipping gmscore version check
12-14 08:12:31.884  2805  2995 D MediaProvider: object removed 7807
12-14 08:12:31.884  2805  2995 D MediaProvider: object removed 7808
12-14 08:12:31.884  2805  2995 D MediaProvider: object removed 7809
12-14 08:12:31.884  2805  2995 D MediaProvider: object removed 7810
12-14 08:12:31.884  2805  2995 D MediaProvider: object removed 7811
12-14 08:12:31.884  2805  2995 D MediaProvider: object removed 7812
12-14 08:12:31.884  2805  2995 D MediaProvider: object removed 7813
12-14 08:12:31.884  2805  2995 D MediaProvider: object removed 7814
12-14 08:12:31.884  2805  2995 D MediaProvider: object removed 7815
12-14 08:12:31.884  2805  2995 D MediaProvider: object removed 7816
12-14 08:12:31.884  2805  2995 D MediaProvider: object removed 7817
12-14 08:12:31.884  2805  2995 D MediaProvider: object removed 7818
12-14 08:12:31.884  2805  2995 D MediaProvider: object removed 7819
12-14 08:12:31.884  2805  2995 D MediaProvider: object removed 7820
12-14 08:12:31.884  2805  2995 D MediaProvider: object removed 7821
12-14 08:12:31.884  2805  2995 D MediaProvider: object removed 7822
12-14 08:12:31.884  2805  2995 D MediaProvider: object removed 7823
12-14 08:12:31.884  2805  2995 D MediaProvider: object removed 7824
12-14 08:12:31.884  2805  2995 D MediaProvider: object removed 7825
12-14 08:12:31.884  2805  2995 D MediaProvider: object removed 7826
12-14 08:12:31.884  2805  2995 D MediaProvider: object removed 7827
12-14 08:12:31.884  2805  2995 D MediaProvider: object removed 7828
12-14 08:12:31.884  2805  2995 D MediaProvider: object removed 7829
12-14 08:12:31.884  2805  2995 D MediaProvider: object removed 7830
12-14 08:12:31.884  2805  2995 D MediaProvider: object removed 7831
12-14 08:12:31.884  2805  2995 D MediaProvider: object removed 7832
12-14 08:12:31.884  2805  2995 D MediaProvider: object removed 7833
12-14 08:12:31.884  2805  2995 D MediaProvider: object removed 7834
12-14 08:12:31.884  2805  2995 D MediaProvider: object removed 7835
12-14 08:12:31.884  2805  2995 D MediaProvider: object removed 7836
12-14 08:12:31.884  2805  2995 D MediaProvider: object removed 7837
12-14 08:12:31.884  2805  2995 D MediaProvider: object removed 7838
12-14 08:12:31.884  2805  2995 D MediaProvider: object removed 7839
12-14 08:12:31.884  2805  2995 D MediaProvider: object removed 7840
12-14 08:12:31.884  2805  2995 D MediaProvider: object removed 7841
12-14 08:12:31.884  2805  2995 D MediaProvider: object removed 7842
12-14 08:12:31.884  2805  2995 D MediaProvider: object removed 7843
12-14 08:12:31.884  2805  2995 D MediaProvider: object removed 7844
12-14 08:12:31.884  2805  2995 D MediaProvider: object removed 7845
12-14 08:12:31.884  2805  2995 D MediaProvider: object removed 7846
12-14 08:12:31.884  2805  2995 D MediaProvider: object removed 7847
12-14 08:12:31.884  2805  2995 D MediaProvider: object removed 7848
12-14 08:12:31.884  2805  2995 D MediaProvider: object removed 7849
12-14 08:12:31.884  2805  2995 D MediaProvider: object removed 7850
12-14 08:12:31.885  2805  2995 D MediaProvider: object removed 7851
12-14 08:12:31.885  2805  2995 D MediaProvider: object removed 7852
12-14 08:12:31.885  2805  2995 D MediaProvider: object removed 7853
12-14 08:12:31.885  2805  2995 D MediaProvider: object removed 7854
12-14 08:12:31.885  2805  2995 D MediaProvider: object removed 7855
12-14 08:12:31.885  2805  2995 D MediaProvider: object removed 7856
12-14 08:12:31.885  2805  2995 D MediaProvider: object removed 7857
12-14 08:12:31.885  2805  2995 D MediaProvider: object removed 7858
12-14 08:12:31.885  2805  2995 D MediaProvider: object removed 7859
12-14 08:12:31.885  2805  2995 D MediaProvider: object removed 7860
12-14 08:12:31.885  2805  2995 D MediaProvider: object removed 7861
12-14 08:12:31.885  2805  2995 D MediaProvider: object removed 7862
12-14 08:12:31.885  2805  2995 D MediaProvider: object removed 7863
12-14 08:12:31.885  2805  2995 D MediaProvider: object removed 7864
12-14 08:12:31.885  2805  2995 D MediaProvider: object removed 7865
12-14 08:12:31.885  2805  2995 D MediaProvider: object removed 7866
12-14 08:12:31.885  2805  2995 D MediaProvider: object removed 7867
12-14 08:12:31.885  2805  2995 D MediaProvider: object removed 7868
12-14 08:12:31.885  2805  2995 D MediaProvider: object removed 7869
12-14 08:12:31.885  2805  2995 D MediaProvider: object removed 7870
12-14 08:12:31.885  2805  2995 D MediaProvider: object removed 7871
12-14 08:12:31.885  2805  2995 D MediaProvider: object removed 7872
12-14 08:12:31.885  2805  2995 D MediaProvider: object removed 7873
12-14 08:12:31.885  2805  2995 D MediaProvider: object removed 7874
12-14 08:12:31.885  2805  2995 D MediaProvider: object removed 7875
12-14 08:12:31.885  2805  2995 D MediaProvider: object removed 7876
12-14 08:12:31.885  2805  2995 D MediaProvider: object removed 7877
12-14 08:12:31.885  2805  2995 D MediaProvider: object removed 7878
12-14 08:12:31.885  2805  2995 D MediaProvider: object removed 7879
12-14 08:12:31.885  2805  2995 D MediaProvider: object removed 7880
12-14 08:12:31.885  2805  2995 D MediaProvider: object removed 7881
12-14 08:12:31.885  2805  2995 D MediaProvider: object removed 7882
12-14 08:12:31.885  2805  2995 D MediaProvider: object removed 7883
12-14 08:12:31.885  2805  2995 D MediaProvider: object removed 7884
12-14 08:12:31.885  2805  2995 D MediaProvider: object removed 7885
12-14 08:12:31.885  2805  2995 D MediaProvider: object removed 7886
12-14 08:12:31.885  2805  2995 D MediaProvider: object removed 7887
12-14 08:12:31.885  2805  2995 D MediaProvider: object removed 7888
12-14 08:12:31.885  2805  2995 D MediaProvider: object removed 7889
12-14 08:12:31.885  2805  2995 D MediaProvider: object removed 7890
12-14 08:12:31.885  2805  2995 D MediaProvider: object removed 7891
12-14 08:12:31.885  2805  2995 D MediaProvider: object removed 7892
12-14 08:12:31.885  2805  2995 D MediaProvider: object removed 7893
12-14 08:12:31.885  2805  2995 D MediaProvider: object removed 7894
12-14 08:12:31.885  2805  2995 D MediaProvider: object removed 7895
12-14 08:12:31.885  2805  2995 D MediaProvider: object removed 7896
12-14 08:12:31.885  2805  2995 D MediaProvider: object removed 7897
12-14 08:12:31.885  2805  2995 D MediaProvider: object removed 7898
12-14 08:12:31.886  2805  2995 D MediaProvider: object removed 7899
12-14 08:12:31.886  2805  2995 D MediaProvider: object removed 7900
12-14 08:12:31.886  2805  2995 D MediaProvider: object removed 7901
12-14 08:12:31.886  2805  2995 D MediaProvider: object removed 7902
12-14 08:12:31.886  2805  2995 D MediaProvider: object removed 7903
12-14 08:12:31.886  2805  2995 D MediaProvider: object removed 7904
12-14 08:12:31.886  2805  2995 D MediaProvider: object removed 7905
12-14 08:12:31.886  2805  2995 D MediaProvider: object removed 7906
12-14 08:12:31.886  2805  2995 D MediaProvider: object removed 7907
12-14 08:12:31.893  2805  2995 D MediaProvider: object removed 7908
12-14 08:12:31.893  2805  2995 D MediaProvider: object removed 7909
12-14 08:12:31.893  2805  2995 D MediaProvider: object removed 7910
12-14 08:12:31.893  2805  2995 D MediaProvider: object removed 7911
12-14 08:12:31.893  2805  2995 D MediaProvider: object removed 7912
12-14 08:12:31.893  2805  2995 D MediaProvider: object removed 7913
12-14 08:12:31.893  2805  2995 D MediaProvider: object removed 7914
12-14 08:12:31.893  2805  2995 D MediaProvider: object removed 7915
12-14 08:12:31.893  2805  2995 D MediaProvider: object removed 7916
12-14 08:12:31.893  2805  2995 D MediaProvider: object removed 7917
12-14 08:12:31.893  2805  2995 D MediaProvider: object removed 7918
12-14 08:12:31.893  2805  2995 D MediaProvider: object removed 7919
12-14 08:12:31.893  2805  2995 D MediaProvider: object removed 7920
12-14 08:12:31.893  2805  2995 D MediaProvider: object removed 7921
12-14 08:12:31.893  2805  2995 D MediaProvider: object removed 7922
12-14 08:12:31.893  2805  2995 D MediaProvider: object removed 7923
12-14 08:12:31.893  2805  2995 D MediaProvider: object removed 7924
12-14 08:12:31.893  2805  2995 D MediaProvider: object removed 7925
12-14 08:12:31.893  2805  2995 D MediaProvider: object removed 7926
12-14 08:12:31.893  2805  2995 D MediaProvider: object removed 7927
12-14 08:12:31.893  2805  2995 D MediaProvider: object removed 7928
12-14 08:12:31.893  2805  2995 D MediaProvider: object removed 7929
12-14 08:12:31.893  2805  2995 D MediaProvider: object removed 7930
12-14 08:12:31.893  2805  2995 D MediaProvider: object removed 7931
12-14 08:12:31.893  2805  2995 D MediaProvider: object removed 7932
12-14 08:12:31.894  2805  2995 D MediaProvider: object removed 7933
12-14 08:12:31.894  2805  2995 D MediaProvider: object removed 7934
12-14 08:12:31.894  2805  2995 D MediaProvider: object removed 7935
12-14 08:12:31.894  2805  2995 D MediaProvider: object removed 7936
12-14 08:12:31.894  2805  2995 D MediaProvider: object removed 7937
12-14 08:12:31.894  2805  2995 D MediaProvider: object removed 7938
12-14 08:12:31.894  2805  2995 D MediaProvider: object removed 7939
12-14 08:12:31.894  2805  2995 D MediaProvider: object removed 7940
12-14 08:12:31.894  2805  2995 D MediaProvider: object removed 7941
12-14 08:12:31.894  2805  2995 D MediaProvider: object removed 7942
12-14 08:12:31.894  2805  2995 D MediaProvider: object removed 7943
12-14 08:12:31.894  2805  2995 D MediaProvider: object removed 7944
12-14 08:12:31.894  2805  2995 D MediaProvider: object removed 7945
12-14 08:12:31.894  2805  2995 D MediaProvider: object removed 7946
12-14 08:12:31.894  2805  2995 D MediaProvider: object removed 7947
12-14 08:12:31.894  2805  2995 D MediaProvider: object removed 7948
12-14 08:12:31.894  2805  2995 D MediaProvider: object removed 7949
12-14 08:12:31.894  2805  2995 D MediaProvider: object removed 7950
12-14 08:12:31.894  2805  2995 D MediaProvider: object removed 7951
12-14 08:12:31.894  2805  2995 D MediaProvider: object removed 7952
12-14 08:12:31.894  2805  2995 D MediaProvider: object removed 7953
12-14 08:12:31.894  2805  2995 D MediaProvider: object removed 7954
12-14 08:12:31.894  2805  2995 D MediaProvider: object removed 7955
12-14 08:12:31.894  2805  2995 D MediaProvider: object removed 7956
12-14 08:12:31.894  2805  2995 D MediaProvider: object removed 7957
12-14 08:12:31.894  2805  2995 D MediaProvider: object removed 7958
12-14 08:12:31.894  2805  2995 D MediaProvider: object removed 7959
12-14 08:12:31.894  2805  2995 D MediaProvider: object removed 7960
12-14 08:12:31.894  2805  2995 D MediaProvider: object removed 7961
12-14 08:12:31.894  2805  2995 D MediaProvider: object removed 7962
12-14 08:12:31.894  2805  2995 D MediaProvider: object removed 7963
12-14 08:12:31.894  2805  2995 D MediaProvider: object removed 7964
12-14 08:12:31.894  2805  2995 D MediaProvider: object removed 7965
12-14 08:12:31.894  2805  2995 D MediaProvider: object removed 7966
12-14 08:12:31.894  2805  2995 D MediaProvider: object removed 7967
12-14 08:12:31.894  2805  2995 D MediaProvider: object removed 7968
12-14 08:12:31.894  2805  2995 D MediaProvider: object removed 7969
12-14 08:12:31.894  2805  2995 D MediaProvider: object removed 7970
12-14 08:12:31.894  2805  2995 D MediaProvider: object removed 7971
12-14 08:12:31.894  2805  2995 D MediaProvider: object removed 7972
12-14 08:12:31.894  2805  2995 D MediaProvider: object removed 7973
12-14 08:12:31.894  2805  2995 D MediaProvider: object removed 7974
12-14 08:12:31.894  2805  2995 D MediaProvider: object removed 7975
12-14 08:12:31.894  2805  2995 D MediaProvider: object removed 7976
12-14 08:12:31.895  2805  2995 D MediaProvider: object removed 7977
12-14 08:12:31.895  2805  2995 D MediaProvider: object removed 7978
12-14 08:12:31.895  2805  2995 D MediaProvider: object removed 7979
12-14 08:12:31.895  2805  2995 D MediaProvider: object removed 7980
12-14 08:12:31.895  2805  2995 D MediaProvider: object removed 7981
12-14 08:12:31.895  2805  2995 D MediaProvider: object removed 7982
12-14 08:12:31.895  2805  2995 D MediaProvider: object removed 7983
12-14 08:12:31.895  2805  2995 D MediaProvider: object removed 7984
12-14 08:12:31.895  2805  2995 D MediaProvider: object removed 7985
12-14 08:12:31.895  2805  2995 D MediaProvider: object removed 7986
12-14 08:12:31.895  2805  2995 D MediaProvider: object removed 7987
12-14 08:12:31.895  2805  2995 D MediaProvider: object removed 7988
12-14 08:12:31.895  2805  2995 D MediaProvider: object removed 7989
12-14 08:12:31.895  2805  2995 D MediaProvider: object removed 7990
12-14 08:12:31.895  2805  2995 D MediaProvider: object removed 7991
12-14 08:12:31.895  2805  2995 D MediaProvider: object removed 7992
12-14 08:12:31.895  2805  2995 D MediaProvider: object removed 7993
12-14 08:12:31.895  2805  2995 D MediaProvider: object removed 7994
12-14 08:12:31.895  2805  2995 D MediaProvider: object removed 7995
12-14 08:12:31.895  2805  2995 D MediaProvider: object removed 7996
12-14 08:12:31.895  2805  2995 D MediaProvider: object removed 7997
12-14 08:12:31.895  2805  2995 D MediaProvider: object removed 7998
12-14 08:12:31.895  2805  2995 D MediaProvider: object removed 7999
12-14 08:12:31.895  2805  2995 D MediaProvider: object removed 8000
12-14 08:12:31.895  2805  2995 D MediaProvider: object removed 8001
12-14 08:12:31.895  2805  2995 D MediaProvider: object removed 8002
12-14 08:12:31.895  2805  2995 D MediaProvider: object removed 8003
12-14 08:12:31.895  2084  2422 I ActivityManager: Start proc 3083:com.android.settings/1000 for broadcast com.android.settings/.sim.SimBootReceiver
12-14 08:12:31.895  2805  2995 D MediaProvider: object removed 8004
12-14 08:12:31.895  2805  2995 D MediaProvider: object removed 8005
12-14 08:12:31.895  2805  2995 D MediaProvider: object removed 8006
12-14 08:12:31.895  2805  2995 D MediaProvider: object removed 8007
12-14 08:12:31.895  2805  2995 D MediaProvider: object removed 8008
12-14 08:12:31.897  3034  3034 D Finsky  : [1] GmsCoreHelper.cleanupNlp: result=false type=4
12-14 08:12:31.899  3083  3083 I ActivityThread: Switching default density from 160 to 240
12-14 08:12:31.901  3034  3034 D Finsky  : [1] RestoreTracker.stopServiceIfDone: Restore complete with 0 success and 0 failed.
12-14 08:12:31.901  2643  2743 E JavaBinder: *** Uncaught remote exception!  (Exceptions are not yet supported across processes.)
12-14 08:12:31.901  2643  2743 E JavaBinder: java.lang.RuntimeException: android.os.RemoteException
12-14 08:12:31.901  2643  2743 E JavaBinder: 	at android.os.Parcel.writeException(Parcel.java:1446)
12-14 08:12:31.901  2643  2743 E JavaBinder: 	at android.os.Binder.execTransact(Binder.java:452)
12-14 08:12:31.901  2643  2743 E JavaBinder: Caused by: android.os.RemoteException
12-14 08:12:31.901  2643  2743 E JavaBinder: 	at com.google.android.gms.ads.identifier.service.b.a(SourceFile:77)
12-14 08:12:31.901  2643  2743 E JavaBinder: 	at com.google.android.gms.ads.identifier.a.e.onTransact(SourceFile:63)
12-14 08:12:31.901  2643  2743 E JavaBinder: 	at android.os.Binder.execTransact(Binder.java:446)
12-14 08:12:31.902  3034  3034 W Finsky  : [1] FinskyApp.getCurrentAccount: No account configured on this device.
12-14 08:12:31.912  2805  2995 D MediaProvider: object removed 8009
12-14 08:12:31.912  2805  2995 D MediaProvider: object removed 8010
12-14 08:12:31.912  2805  2995 D MediaProvider: object removed 8011
12-14 08:12:31.912  2805  2995 D MediaProvider: object removed 8012
12-14 08:12:31.913  2805  2995 D MediaProvider: object removed 8013
12-14 08:12:31.913  2805  2995 D MediaProvider: object removed 8014
12-14 08:12:31.913  2805  2995 D MediaProvider: object removed 8015
12-14 08:12:31.913  2805  2995 D MediaProvider: object removed 8016
12-14 08:12:31.913  2805  2995 D MediaProvider: object removed 8017
12-14 08:12:31.913  2805  2995 D MediaProvider: object removed 8018
12-14 08:12:31.913  2805  2995 D MediaProvider: object removed 8019
12-14 08:12:31.913  2805  2995 D MediaProvider: object removed 8020
12-14 08:12:31.913  2805  2995 D MediaProvider: object removed 8021
12-14 08:12:31.913  2805  2995 D MediaProvider: object removed 8022
12-14 08:12:31.913  2805  2995 D MediaProvider: object removed 8023
12-14 08:12:31.913  2805  2995 D MediaProvider: object removed 8024
12-14 08:12:31.913  2805  2995 D MediaProvider: object removed 8025
12-14 08:12:31.913  2805  2995 D MediaProvider: object removed 8026
12-14 08:12:31.913  2805  2995 D MediaProvider: object removed 8027
12-14 08:12:31.913  2805  2995 D MediaProvider: object removed 8028
12-14 08:12:31.913  2805  2995 D MediaProvider: object removed 8029
12-14 08:12:31.913  2805  2995 D MediaProvider: object removed 8030
12-14 08:12:31.913  2805  2995 D MediaProvider: object removed 8031
12-14 08:12:31.913  2805  2995 D MediaProvider: object removed 8032
12-14 08:12:31.913  2805  2995 D MediaProvider: object removed 8033
12-14 08:12:31.913  2805  2995 D MediaProvider: object removed 8034
12-14 08:12:31.913  2805  2995 D MediaProvider: object removed 8035
12-14 08:12:31.913  2805  2995 D MediaProvider: object removed 8036
12-14 08:12:31.913  2805  2995 D MediaProvider: object removed 8037
12-14 08:12:31.913  2805  2995 D MediaProvider: object removed 8038
12-14 08:12:31.913  2805  2995 D MediaProvider: object removed 8039
12-14 08:12:31.913  2805  2995 D MediaProvider: object removed 8040
12-14 08:12:31.913  2805  2995 D MediaProvider: object removed 8041
12-14 08:12:31.913  2805  2995 D MediaProvider: object removed 8042
12-14 08:12:31.913  2805  2995 D MediaProvider: object removed 8043
12-14 08:12:31.913  2805  2995 D MediaProvider: object removed 8044
12-14 08:12:31.913  2805  2995 D MediaProvider: object removed 8045
12-14 08:12:31.913  2805  2995 D MediaProvider: object removed 8046
12-14 08:12:31.913  2805  2995 D MediaProvider: object removed 8047
12-14 08:12:31.913  2805  2995 D MediaProvider: object removed 8048
12-14 08:12:31.913  2805  2995 D MediaProvider: object removed 8049
12-14 08:12:31.913  2805  2995 D MediaProvider: object removed 8050
12-14 08:12:31.913  2805  2995 D MediaProvider: object removed 8051
12-14 08:12:31.913  2805  2995 D MediaProvider: object removed 8052
12-14 08:12:31.913  2805  2995 D MediaProvider: object removed 8053
12-14 08:12:31.913  2805  2995 D MediaProvider: object removed 8054
12-14 08:12:31.913  2805  2995 D MediaProvider: object removed 8055
12-14 08:12:31.913  2805  2995 D MediaProvider: object removed 8056
12-14 08:12:31.913  2805  2995 D MediaProvider: object removed 8057
12-14 08:12:31.913  2805  2995 D MediaProvider: object removed 8058
12-14 08:12:31.913  2805  2995 D MediaProvider: object removed 8059
12-14 08:12:31.913  2805  2995 D MediaProvider: object removed 8060
12-14 08:12:31.915  2805  2995 D MediaProvider: object removed 8061
12-14 08:12:31.915  2805  2995 D MediaProvider: object removed 8062
12-14 08:12:31.915  2805  2995 D MediaProvider: object removed 8063
12-14 08:12:31.915  2805  2995 D MediaProvider: object removed 8064
12-14 08:12:31.915  2805  2995 D MediaProvider: object removed 8065
12-14 08:12:31.915  2805  2995 D MediaProvider: object removed 8066
12-14 08:12:31.915  2805  2995 D MediaProvider: object removed 8067
12-14 08:12:31.915  2805  2995 D MediaProvider: object removed 8068
12-14 08:12:31.915  2805  2995 D MediaProvider: object removed 8069
12-14 08:12:31.915  2805  2995 D MediaProvider: object removed 8070
12-14 08:12:31.915  2805  2995 D MediaProvider: object removed 8071
12-14 08:12:31.915  2805  2995 D MediaProvider: object removed 8072
12-14 08:12:31.915  2805  2995 D MediaProvider: object removed 8073
12-14 08:12:31.915  2805  2995 D MediaProvider: object removed 8074
12-14 08:12:31.915  2805  2995 D MediaProvider: object removed 8075
12-14 08:12:31.915  2805  2995 D MediaProvider: object removed 8076
12-14 08:12:31.915  2805  2995 D MediaProvider: object removed 8077
12-14 08:12:31.915  2805  2995 D MediaProvider: object removed 8078
12-14 08:12:31.915  2805  2995 D MediaProvider: object removed 8079
12-14 08:12:31.915  2805  2995 D MediaProvider: object removed 8080
12-14 08:12:31.915  2805  2995 D MediaProvider: object removed 8081
12-14 08:12:31.915  2805  2995 D MediaProvider: object removed 8082
12-14 08:12:31.915  2805  2995 D MediaProvider: object removed 8083
12-14 08:12:31.915  2805  2995 D MediaProvider: object removed 8084
12-14 08:12:31.915  2805  2995 D MediaProvider: object removed 8085
12-14 08:12:31.915  2805  2995 D MediaProvider: object removed 8086
12-14 08:12:31.915  2805  2995 D MediaProvider: object removed 8087
12-14 08:12:31.915  2805  2995 D MediaProvider: object removed 8088
12-14 08:12:31.915  2805  2995 D MediaProvider: object removed 8089
12-14 08:12:31.915  2805  2995 D MediaProvider: object removed 8090
12-14 08:12:31.915  2805  2995 D MediaProvider: object removed 8091
12-14 08:12:31.915  2805  2995 D MediaProvider: object removed 8092
12-14 08:12:31.915  2805  2995 D MediaProvider: object removed 8093
12-14 08:12:31.915  2805  2995 D MediaProvider: object removed 8094
12-14 08:12:31.915  2805  2995 D MediaProvider: object removed 8095
12-14 08:12:31.915  2805  2995 D MediaProvider: object removed 8096
12-14 08:12:31.916  2805  2995 D MediaProvider: object removed 8097
12-14 08:12:31.916  2805  2995 D MediaProvider: object removed 8098
12-14 08:12:31.916  2805  2995 D MediaProvider: object removed 8099
12-14 08:12:31.916  2805  2995 D MediaProvider: object removed 8100
12-14 08:12:31.916  2805  2995 D MediaProvider: object removed 8101
12-14 08:12:31.916  2805  2995 D MediaProvider: object removed 8102
12-14 08:12:31.916  2805  2995 D MediaProvider: object removed 8103
12-14 08:12:31.916  2805  2995 D MediaProvider: object removed 8104
12-14 08:12:31.916  2805  2995 D MediaProvider: object removed 8105
12-14 08:12:31.916  2805  2995 D MediaProvider: object removed 8106
12-14 08:12:31.916  2805  2995 D MediaProvider: object removed 8107
12-14 08:12:31.916  2805  2995 D MediaProvider: object removed 8108
12-14 08:12:31.916  2805  2995 D MediaProvider: object removed 8109
12-14 08:12:31.934  2805  2995 D MediaProvider: object removed 8110
12-14 08:12:31.934  2805  2995 D MediaProvider: object removed 8111
12-14 08:12:31.934  2805  2995 D MediaProvider: object removed 8112
12-14 08:12:31.934  2805  2995 D MediaProvider: object removed 8113
12-14 08:12:31.934  2805  2995 D MediaProvider: object removed 8114
12-14 08:12:31.934  2805  2995 D MediaProvider: object removed 8115
12-14 08:12:31.934  2805  2995 D MediaProvider: object removed 8116
12-14 08:12:31.934  2805  2995 D MediaProvider: object removed 8117
12-14 08:12:31.934  2805  2995 D MediaProvider: object removed 8118
12-14 08:12:31.934  2805  2995 D MediaProvider: object removed 8119
12-14 08:12:31.934  2805  2995 D MediaProvider: object removed 8120
12-14 08:12:31.934  2805  2995 D MediaProvider: object removed 8121
12-14 08:12:31.934  2805  2995 D MediaProvider: object removed 8122
12-14 08:12:31.934  2805  2995 D MediaProvider: object removed 8123
12-14 08:12:31.934  2805  2995 D MediaProvider: object removed 8124
12-14 08:12:31.934  2805  2995 D MediaProvider: object removed 8125
12-14 08:12:31.934  2805  2995 D MediaProvider: object removed 8126
12-14 08:12:31.934  2805  2995 D MediaProvider: object removed 8127
12-14 08:12:31.934  2805  2995 D MediaProvider: object removed 8128
12-14 08:12:31.934  2805  2995 D MediaProvider: object removed 8129
12-14 08:12:31.934  2805  2995 D MediaProvider: object removed 8130
12-14 08:12:31.934  2805  2995 D MediaProvider: object removed 8131
12-14 08:12:31.935  2805  2995 D MediaProvider: object removed 8132
12-14 08:12:31.935  2805  2995 D MediaProvider: object removed 8133
12-14 08:12:31.935  2805  2995 D MediaProvider: object removed 8134
12-14 08:12:31.935  2805  2995 D MediaProvider: object removed 8135
12-14 08:12:31.935  2805  2995 D MediaProvider: object removed 8136
12-14 08:12:31.935  2805  2995 D MediaProvider: object removed 8137
12-14 08:12:31.935  2805  2995 D MediaProvider: object removed 8138
12-14 08:12:31.935  2805  2995 D MediaProvider: object removed 8139
12-14 08:12:31.935  2805  2995 D MediaProvider: object removed 8140
12-14 08:12:31.935  2805  2995 D MediaProvider: object removed 8141
12-14 08:12:31.935  2805  2995 D MediaProvider: object removed 8142
12-14 08:12:31.935  2805  2995 D MediaProvider: object removed 8143
12-14 08:12:31.935  2805  2995 D MediaProvider: object removed 8144
12-14 08:12:31.935  2805  2995 D MediaProvider: object removed 8145
12-14 08:12:31.935  2805  2995 D MediaProvider: object removed 8146
12-14 08:12:31.935  2805  2995 D MediaProvider: object removed 8147
12-14 08:12:31.935  2805  2995 D MediaProvider: object removed 8148
12-14 08:12:31.935  2805  2995 D MediaProvider: object removed 8149
12-14 08:12:31.935  2805  2995 D MediaProvider: object removed 8150
12-14 08:12:31.935  2805  2995 D MediaProvider: object removed 8151
12-14 08:12:31.935  2805  2995 D MediaProvider: object removed 8152
12-14 08:12:31.935  2805  2995 D MediaProvider: object removed 8153
12-14 08:12:31.935  2805  2995 D MediaProvider: object removed 8154
12-14 08:12:31.935  2805  2995 D MediaProvider: object removed 8155
12-14 08:12:31.935  2805  2995 D MediaProvider: object removed 8156
12-14 08:12:31.935  2805  2995 D MediaProvider: object removed 8157
12-14 08:12:31.935  2805  2995 D MediaProvider: object removed 8158
12-14 08:12:31.935  2805  2995 D MediaProvider: object removed 8159
12-14 08:12:31.935  2805  2995 D MediaProvider: object removed 8160
12-14 08:12:31.935  2805  2995 D MediaProvider: object removed 8161
12-14 08:12:31.935  2805  2995 D MediaProvider: object removed 8162
12-14 08:12:31.935  2805  2995 D MediaProvider: object removed 8163
12-14 08:12:31.935  2805  2995 D MediaProvider: object removed 8164
12-14 08:12:31.935  2805  2995 D MediaProvider: object removed 8165
12-14 08:12:31.935  2805  2995 D MediaProvider: object removed 8166
12-14 08:12:31.935  2805  2995 D MediaProvider: object removed 8167
12-14 08:12:31.935  2805  2995 D MediaProvider: object removed 8168
12-14 08:12:31.935  2805  2995 D MediaProvider: object removed 8169
12-14 08:12:31.935  2805  2995 D MediaProvider: object removed 8170
12-14 08:12:31.935  2805  2995 D MediaProvider: object removed 8171
12-14 08:12:31.935  2805  2995 D MediaProvider: object removed 8172
12-14 08:12:31.935  2805  2995 D MediaProvider: object removed 8173
12-14 08:12:31.935  2805  2995 D MediaProvider: object removed 8174
12-14 08:12:31.935  2805  2995 D MediaProvider: object removed 8175
12-14 08:12:31.935  2805  2995 D MediaProvider: object removed 8176
12-14 08:12:31.935  2805  2995 D MediaProvider: object removed 8177
12-14 08:12:31.935  2805  2995 D MediaProvider: object removed 8178
12-14 08:12:31.935  2805  2995 D MediaProvider: object removed 8179
12-14 08:12:31.935  2805  2995 D MediaProvider: object removed 8180
12-14 08:12:31.935  2805  2995 D MediaProvider: object removed 8181
12-14 08:12:31.935  2805  2995 D MediaProvider: object removed 8182
12-14 08:12:31.935  2805  2995 D MediaProvider: object removed 8183
12-14 08:12:31.935  2805  2995 D MediaProvider: object removed 8184
12-14 08:12:31.935  2805  2995 D MediaProvider: object removed 8185
12-14 08:12:31.935  2805  2995 D MediaProvider: object removed 8186
12-14 08:12:31.935  2805  2995 D MediaProvider: object removed 8187
12-14 08:12:31.935  2805  2995 D MediaProvider: object removed 8188
12-14 08:12:31.935  2805  2995 D MediaProvider: object removed 8189
12-14 08:12:31.935  2805  2995 D MediaProvider: object removed 8190
12-14 08:12:31.935  2805  2995 D MediaProvider: object removed 8191
12-14 08:12:31.935  2805  2995 D MediaProvider: object removed 8192
12-14 08:12:31.935  2805  2995 D MediaProvider: object removed 8193
12-14 08:12:31.935  2805  2995 D MediaProvider: object removed 8194
12-14 08:12:31.936  2805  2995 D MediaProvider: object removed 8195
12-14 08:12:31.936  2805  2995 D MediaProvider: object removed 8196
12-14 08:12:31.936  2805  2995 D MediaProvider: object removed 8197
12-14 08:12:31.936  2805  2995 D MediaProvider: object removed 8198
12-14 08:12:31.936  2805  2995 D MediaProvider: object removed 8199
12-14 08:12:31.936  2805  2995 D MediaProvider: object removed 8200
12-14 08:12:31.936  2805  2995 D MediaProvider: object removed 8201
12-14 08:12:31.936  2805  2995 D MediaProvider: object removed 8202
12-14 08:12:31.936  2805  2995 D MediaProvider: object removed 8203
12-14 08:12:31.936  2805  2995 D MediaProvider: object removed 8204
12-14 08:12:31.936  2805  2995 D MediaProvider: object removed 8205
12-14 08:12:31.936  2805  2995 D MediaProvider: object removed 8206
12-14 08:12:31.936  2805  2995 D MediaProvider: object removed 8207
12-14 08:12:31.936  2805  2995 D MediaProvider: object removed 8208
12-14 08:12:31.936  2805  2995 D MediaProvider: object removed 8209
12-14 08:12:31.936  2805  2995 D MediaProvider: object removed 8210
12-14 08:12:31.940  2084  2242 I ActivityManager: Start proc 3106:com.android.calendar/u0a27 for broadcast com.android.calendar/.alerts.AlertReceiver
12-14 08:12:31.943  2805  2995 D MediaProvider: object removed 8211
12-14 08:12:31.943  2805  2995 D MediaProvider: object removed 8212
12-14 08:12:31.943  2805  2995 D MediaProvider: object removed 8213
12-14 08:12:31.943  2805  2995 D MediaProvider: object removed 8214
12-14 08:12:31.943  2805  2995 D MediaProvider: object removed 8215
12-14 08:12:31.943  2805  2995 D MediaProvider: object removed 8216
12-14 08:12:31.943  2805  2995 D MediaProvider: object removed 8217
12-14 08:12:31.943  2805  2995 D MediaProvider: object removed 8218
12-14 08:12:31.943  2805  2995 D MediaProvider: object removed 8219
12-14 08:12:31.944  2805  2995 D MediaProvider: object removed 8220
12-14 08:12:31.944  2805  2995 D MediaProvider: object removed 8221
12-14 08:12:31.944  2805  2995 D MediaProvider: object removed 8222
12-14 08:12:31.944  2805  2995 D MediaProvider: object removed 8223
12-14 08:12:31.944  2805  2995 D MediaProvider: object removed 8224
12-14 08:12:31.944  2805  2995 D MediaProvider: object removed 8225
12-14 08:12:31.944  2805  2995 D MediaProvider: object removed 8226
12-14 08:12:31.944  2805  2995 D MediaProvider: object removed 8227
12-14 08:12:31.944  2805  2995 D MediaProvider: object removed 8228
12-14 08:12:31.944  2805  2995 D MediaProvider: object removed 8229
12-14 08:12:31.944  2805  2995 D MediaProvider: object removed 8230
12-14 08:12:31.944  2805  2995 D MediaProvider: object removed 8231
12-14 08:12:31.944  2805  2995 D MediaProvider: object removed 8232
12-14 08:12:31.944  2805  2995 D MediaProvider: object removed 8233
12-14 08:12:31.944  2805  2995 D MediaProvider: object removed 8234
12-14 08:12:31.944  2805  2995 D MediaProvider: object removed 8235
12-14 08:12:31.944  2805  2995 D MediaProvider: object removed 8236
12-14 08:12:31.944  2805  2995 D MediaProvider: object removed 8237
12-14 08:12:31.944  2805  2995 D MediaProvider: object removed 8238
12-14 08:12:31.944  2805  2995 D MediaProvider: object removed 8239
12-14 08:12:31.944  2805  2995 D MediaProvider: object removed 8240
12-14 08:12:31.944  2805  2995 D MediaProvider: object removed 8241
12-14 08:12:31.944  2805  2995 D MediaProvider: object removed 8242
12-14 08:12:31.944  2805  2995 D MediaProvider: object removed 8243
12-14 08:12:31.944  2805  2995 D MediaProvider: object removed 8244
12-14 08:12:31.944  2805  2995 D MediaProvider: object removed 8245
12-14 08:12:31.944  2805  2995 D MediaProvider: object removed 8246
12-14 08:12:31.944  2805  2995 D MediaProvider: object removed 8247
12-14 08:12:31.944  3106  3106 I ActivityThread: Switching default density from 160 to 240
12-14 08:12:31.944  2805  2995 D MediaProvider: object removed 8248
12-14 08:12:31.944  2805  2995 D MediaProvider: object removed 8249
12-14 08:12:31.944  2805  2995 D MediaProvider: object removed 8250
12-14 08:12:31.944  2805  2995 D MediaProvider: object removed 8251
12-14 08:12:31.944  2805  2995 D MediaProvider: object removed 8252
12-14 08:12:31.944  2805  2995 D MediaProvider: object removed 8253
12-14 08:12:31.944  2805  2995 D MediaProvider: object removed 8254
12-14 08:12:31.944  2805  2995 D MediaProvider: object removed 8255
12-14 08:12:31.944  2805  2995 D MediaProvider: object removed 8256
12-14 08:12:31.944  2805  2995 D MediaProvider: object removed 8257
12-14 08:12:31.944  2805  2995 D MediaProvider: object removed 8258
12-14 08:12:31.944  2805  2995 D MediaProvider: object removed 8259
12-14 08:12:31.944  2805  2995 D MediaProvider: object removed 8260
12-14 08:12:31.944  2805  2995 D MediaProvider: object removed 8261
12-14 08:12:31.944  2805  2995 D MediaProvider: object removed 8262
12-14 08:12:31.944  2805  2995 D MediaProvider: object removed 8263
12-14 08:12:31.945  2805  2995 D MediaProvider: object removed 8264
12-14 08:12:31.945  2805  2995 D MediaProvider: object removed 8265
12-14 08:12:31.945  2805  2995 D MediaProvider: object removed 8266
12-14 08:12:31.945  2805  2995 D MediaProvider: object removed 8267
12-14 08:12:31.945  2805  2995 D MediaProvider: object removed 8268
12-14 08:12:31.945  2805  2995 D MediaProvider: object removed 8269
12-14 08:12:31.945  2805  2995 D MediaProvider: object removed 8270
12-14 08:12:31.945  2805  2995 D MediaProvider: object removed 8271
12-14 08:12:31.945  2805  2995 D MediaProvider: object removed 8272
12-14 08:12:31.945  2805  2995 D MediaProvider: object removed 8273
12-14 08:12:31.945  2805  2995 D MediaProvider: object removed 8274
12-14 08:12:31.945  2805  2995 D MediaProvider: object removed 8275
12-14 08:12:31.945  2805  2995 D MediaProvider: object removed 8276
12-14 08:12:31.945  2805  2995 D MediaProvider: object removed 8277
12-14 08:12:31.945  2805  2995 D MediaProvider: object removed 8278
12-14 08:12:31.945  2805  2995 D MediaProvider: object removed 8279
12-14 08:12:31.945  2805  2995 D MediaProvider: object removed 8280
12-14 08:12:31.945  2805  2995 D MediaProvider: object removed 8281
12-14 08:12:31.945  2805  2995 D MediaProvider: object removed 8282
12-14 08:12:31.945  2805  2995 D MediaProvider: object removed 8283
12-14 08:12:31.945  2805  2995 D MediaProvider: object removed 8284
12-14 08:12:31.945  2805  2995 D MediaProvider: object removed 8285
12-14 08:12:31.945  2805  2995 D MediaProvider: object removed 8286
12-14 08:12:31.945  2805  2995 D MediaProvider: object removed 8287
12-14 08:12:31.945  2805  2995 D MediaProvider: object removed 8288
12-14 08:12:31.945  2805  2995 D MediaProvider: object removed 8289
12-14 08:12:31.945  2805  2995 D MediaProvider: object removed 8290
12-14 08:12:31.945  2805  2995 D MediaProvider: object removed 8291
12-14 08:12:31.945  2805  2995 D MediaProvider: object removed 8292
12-14 08:12:31.945  2805  2995 D MediaProvider: object removed 8293
12-14 08:12:31.945  2805  2995 D MediaProvider: object removed 8294
12-14 08:12:31.945  2805  2995 D MediaProvider: object removed 8295
12-14 08:12:31.945  2805  2995 D MediaProvider: object removed 8296
12-14 08:12:31.945  2805  2995 D MediaProvider: object removed 8297
12-14 08:12:31.945  2805  2995 D MediaProvider: object removed 8298
12-14 08:12:31.945  2805  2995 D MediaProvider: object removed 8299
12-14 08:12:31.945  2805  2995 D MediaProvider: object removed 8300
12-14 08:12:31.945  2805  2995 D MediaProvider: object removed 8301
12-14 08:12:31.945  2805  2995 D MediaProvider: object removed 8302
12-14 08:12:31.945  2805  2995 D MediaProvider: object removed 8303
12-14 08:12:31.945  2805  2995 D MediaProvider: object removed 8304
12-14 08:12:31.945  2805  2995 D MediaProvider: object removed 8305
12-14 08:12:31.945  2805  2995 D MediaProvider: object removed 8306
12-14 08:12:31.945  2805  2995 D MediaProvider: object removed 8307
12-14 08:12:31.945  2805  2995 D MediaProvider: object removed 8308
12-14 08:12:31.945  2805  2995 D MediaProvider: object removed 8309
12-14 08:12:31.945  2805  2995 D MediaProvider: object removed 8310
12-14 08:12:31.945  2805  2995 D MediaProvider: object removed 8311
12-14 08:12:31.953  2805  2995 D MediaProvider: object removed 8312
12-14 08:12:31.953  2805  2995 D MediaProvider: object removed 8313
12-14 08:12:31.953  2805  2995 D MediaProvider: object removed 8314
12-14 08:12:31.953  2805  2995 D MediaProvider: object removed 8315
