01-07 03:08:16.550  4656  4656 W System.err: 	at android.app.ActivityThread.access$1700(ActivityThread.java:151)
01-07 03:08:16.550  4656  4656 W System.err: 	at android.app.ActivityThread$H.handleMessage(ActivityThread.java:1380)
01-07 03:08:16.550  4656  4656 W System.err: 	at android.os.Handler.dispatchMessage(Handler.java:102)
01-07 03:08:16.550  4656  4656 W System.err: 	at android.os.Looper.loop(Looper.java:135)
01-07 03:08:16.550  4656  4656 W System.err: 	at android.app.ActivityThread.main(ActivityThread.java:5254)
01-07 03:08:16.550  4656  4656 W System.err: 	at java.lang.reflect.Method.invoke(Native Method)
01-07 03:08:16.550  4656  4656 W System.err: 	at java.lang.reflect.Method.invoke(Method.java:372)
01-07 03:08:16.550  4656  4656 W System.err: 	at com.android.internal.os.ZygoteInit$MethodAndArgsCaller.run(ZygoteInit.java:903)
01-07 03:08:16.550  4656  4656 W System.err: 	at com.android.internal.os.ZygoteInit.main(ZygoteInit.java:698)
01-07 03:08:16.552  4685  4685 W linker  : [vdso]: unused DT entry: type 0x6ffffef5 arg 0xec
01-07 03:08:16.553  4685  4685 E cutils-trace: Error opening trace file: Permission denied (13)
01-07 03:08:16.553  4685  4685 I dex2oat : /system/bin/dex2oat --runtime-arg -classpath --runtime-arg  --instruction-set=x86 --instruction-set-features=default --runtime-arg -Xrelocate --boot-image=/system/framework/boot.art --dex-file=/data/data/com.halfbrick.fruitninja/.ucache/classez.jar --oat-fd=14 --oat-location=/data/data/com.halfbrick.fruitninja/.ucache/classez.dex --runtime-arg -Xms64m --runtime-arg -Xmx512m
01-07 03:08:16.828  4685  4685 I dex2oat : dex2oat took 274.307ms (threads: 8) arena alloc=97KB java alloc=2MB native alloc=7MB free=8MB
01-07 03:08:16.836  4656  4680 E unipaysdk_2.3.0: UnipaySDK ERR:724  none error
01-07 03:08:16.869  4656  4656 I hashcode: hashcode = 7680
01-07 03:08:16.906  2146  2212 D WifiService: New client listening to asynchronous messages
01-07 03:08:17.154  2146  2302 I ActivityManager: Start proc 4701:com.halfbrick.fruitninja:egameCore/u0a52 for service com.halfbrick.fruitninja/cn.egame.terminal.sdk.EgameCoreService
01-07 03:08:17.155  4656  4656 E unipaysdk: unipaysdk:service onCreate:com.halfbrick.fruitninja
01-07 03:08:17.155  2404  2404 W Launcher: setApplicationContext called twice! old=com.android.launcher3.LauncherApplication@29ade369 new=com.android.launcher3.LauncherApplication@29ade369
01-07 03:08:17.157  2404  2404 W Launcher: setApplicationContext called twice! old=com.android.launcher3.LauncherApplication@29ade369 new=com.android.launcher3.LauncherApplication@29ade369
01-07 03:08:17.171  4701  4701 I ActivityThread: Switching default density from 160 to 240
01-07 03:08:17.177  4701  4701 D SkynetApi: onApplicationCreate
01-07 03:08:17.178  4701  4701 W System.err: java.lang.ClassNotFoundException: com.skynet.android.uc.UC
01-07 03:08:17.178  4701  4701 W System.err: 	at java.lang.Class.classForName(Native Method)
01-07 03:08:17.178  4701  4701 W System.err: 	at java.lang.Class.forName(Class.java:309)
01-07 03:08:17.178  4701  4701 W System.err: 	at java.lang.Class.forName(Class.java:273)
01-07 03:08:17.178  4701  4701 W System.err: 	at com.skynet.android.Skynet.invoke(SourceFile:4060)
01-07 03:08:17.178  4701  4701 W System.err: 	at com.skynet.android.Skynet.onApplicationCreate(SourceFile:3542)
01-07 03:08:17.178  4701  4701 W System.err: 	at com.halfbrick.mortar.MortarApplication.onCreate(MortarApplication.java:29)
01-07 03:08:17.178  4701  4701 W System.err: 	at android.app.Instrumentation.callApplicationOnCreate(Instrumentation.java:1012)
01-07 03:08:17.178  4701  4701 W System.err: 	at android.app.ActivityThread.handleBindApplication(ActivityThread.java:4553)
01-07 03:08:17.178  4701  4701 W System.err: 	at android.app.ActivityThread.access$1500(ActivityThread.java:151)
01-07 03:08:17.178  4701  4701 W System.err: 	at android.app.ActivityThread$H.handleMessage(ActivityThread.java:1364)
01-07 03:08:17.178  4701  4701 W System.err: 	at android.os.Handler.dispatchMessage(Handler.java:102)
01-07 03:08:17.178  4701  4701 W System.err: 	at android.os.Looper.loop(Looper.java:135)
01-07 03:08:17.178  4701  4701 W System.err: 	at android.app.ActivityThread.main(ActivityThread.java:5254)
01-07 03:08:17.178  4701  4701 W System.err: 	at java.lang.reflect.Method.invoke(Native Method)
01-07 03:08:17.178  4701  4701 W System.err: 	at java.lang.reflect.Method.invoke(Method.java:372)
01-07 03:08:17.178  4701  4701 W System.err: 	at com.android.internal.os.ZygoteInit$MethodAndArgsCaller.run(ZygoteInit.java:903)
01-07 03:08:17.178  4701  4701 W System.err: 	at com.android.internal.os.ZygoteInit.main(ZygoteInit.java:698)
01-07 03:08:17.178  4701  4701 W System.err: Caused by: java.lang.ClassNotFoundException: Didn't find class "com.skynet.android.uc.UC" on path: DexPathList[[zip file "/data/app/com.halfbrick.fruitninja-1/base.apk"],nativeLibraryDirectories=[/data/app/com.halfbrick.fruitninja-1/lib/x86, /vendor/lib, /system/lib]]
01-07 03:08:17.178  4701  4701 W System.err: 	at dalvik.system.BaseDexClassLoader.findClass(BaseDexClassLoader.java:56)
01-07 03:08:17.178  4701  4701 W System.err: 	at java.lang.ClassLoader.loadClass(ClassLoader.java:511)
01-07 03:08:17.178  4701  4701 W System.err: 	at java.lang.ClassLoader.loadClass(ClassLoader.java:469)
01-07 03:08:17.178  4701  4701 W System.err: 	... 17 more
01-07 03:08:17.178  4701  4701 W System.err: 	Suppressed: java.lang.ClassNotFoundException: com.skynet.android.uc.UC
01-07 03:08:17.178  4701  4701 W System.err: 		at java.lang.Class.classForName(Native Method)
01-07 03:08:17.178  4701  4701 W System.err: 		at java.lang.BootClassLoader.findClass(ClassLoader.java:781)
01-07 03:08:17.178  4701  4701 W System.err: 		at java.lang.BootClassLoader.loadClass(ClassLoader.java:841)
01-07 03:08:17.178  4701  4701 W System.err: 		at java.lang.ClassLoader.loadClass(ClassLoader.java:504)
01-07 03:08:17.178  4701  4701 W System.err: 		... 18 more
01-07 03:08:17.178  4701  4701 W System.err: 	Caused by: java.lang.NoClassDefFoundError: Class not found using the boot class loader; no stack available
01-07 03:08:17.180  4701  4701 W System.err: java.lang.ClassNotFoundException: com.gionee.game.offlinesdk.GamePlatform
01-07 03:08:17.180  4701  4701 W System.err: 	at java.lang.Class.classForName(Native Method)
01-07 03:08:17.180  4701  4701 W System.err: 	at java.lang.Class.forName(Class.java:309)
01-07 03:08:17.180  4701  4701 W System.err: 	at com.skynet.android.amigo.Amigo.isEnable(SourceFile:27)
01-07 03:08:17.180  4701  4701 W System.err: 	at com.skynet.android.amigo.Amigo.onApplicationCreate(SourceFile:17)
01-07 03:08:17.180  4701  4701 W System.err: 	at java.lang.reflect.Method.invoke(Native Method)
01-07 03:08:17.180  4701  4701 W System.err: 	at java.lang.reflect.Method.invoke(Method.java:372)
01-07 03:08:17.180  4701  4701 W System.err: 	at com.skynet.android.Skynet.invoke(SourceFile:4068)
01-07 03:08:17.180  4701  4701 W System.err: 	at com.skynet.android.Skynet.onApplicationCreate(SourceFile:3544)
01-07 03:08:17.180  4701  4701 W System.err: 	at com.halfbrick.mortar.MortarApplication.onCreate(MortarApplication.java:29)
01-07 03:08:17.180  4701  4701 W System.err: 	at android.app.Instrumentation.callApplicationOnCreate(Instrumentation.java:1012)
01-07 03:08:17.180  4701  4701 W System.err: 	at android.app.ActivityThread.handleBindApplication(ActivityThread.java:4553)
01-07 03:08:17.180  4701  4701 W System.err: 	at android.app.ActivityThread.access$1500(ActivityThread.java:151)
01-07 03:08:17.180  4701  4701 W System.err: 	at android.app.ActivityThread$H.handleMessage(ActivityThread.java:1364)
01-07 03:08:17.180  4701  4701 W System.err: 	at android.os.Handler.dispatchMessage(Handler.java:102)
01-07 03:08:17.180  4701  4701 W System.err: 	at android.os.Looper.loop(Looper.java:135)
01-07 03:08:17.180  4701  4701 W System.err: 	at android.app.ActivityThread.main(ActivityThread.java:5254)
01-07 03:08:17.180  4701  4701 W System.err: 	at java.lang.reflect.Method.invoke(Native Method)
01-07 03:08:17.180  4701  4701 W System.err: 	at java.lang.reflect.Method.invoke(Method.java:372)
01-07 03:08:17.180  4701  4701 W System.err: 	at com.android.internal.os.ZygoteInit$MethodAndArgsCaller.run(ZygoteInit.java:903)
01-07 03:08:17.180  4701  4701 W System.err: 	at com.android.internal.os.ZygoteInit.main(ZygoteInit.java:698)
01-07 03:08:17.180  4701  4701 W System.err: Caused by: java.lang.ClassNotFoundException: Didn't find class "com.gionee.game.offlinesdk.GamePlatform" on path: DexPathList[[zip file "/data/app/com.halfbrick.fruitninja-1/base.apk"],nativeLibraryDirectories=[/data/app/com.halfbrick.fruitninja-1/lib/x86, /vendor/lib, /system/lib]]
01-07 03:08:17.180  4701  4701 W System.err: 	at dalvik.system.BaseDexClassLoader.findClass(BaseDexClassLoader.java:56)
01-07 03:08:17.180  4701  4701 W System.err: 	at java.lang.ClassLoader.loadClass(ClassLoader.java:511)
01-07 03:08:17.180  4701  4701 W System.err: 	at java.lang.ClassLoader.loadClass(ClassLoader.java:469)
01-07 03:08:17.180  4701  4701 W System.err: 	... 20 more
01-07 03:08:17.180  4701  4701 W System.err: 	Suppressed: java.lang.ClassNotFoundException: com.gionee.game.offlinesdk.GamePlatform
01-07 03:08:17.180  4701  4701 W System.err: 		at java.lang.Class.classForName(Native Method)
01-07 03:08:17.180  4701  4701 W System.err: 		at java.lang.BootClassLoader.findClass(ClassLoader.java:781)
01-07 03:08:17.180  4701  4701 W System.err: 		at java.lang.BootClassLoader.loadClass(ClassLoader.java:841)
01-07 03:08:17.180  4701  4701 W System.err: 		at java.lang.ClassLoader.loadClass(ClassLoader.java:504)
01-07 03:08:17.180  4701  4701 W System.err: 		... 21 more
01-07 03:08:17.180  4701  4701 W System.err: 	Caused by: java.lang.NoClassDefFoundError: Class not found using the boot class loader; no stack available
01-07 03:08:17.181  2146  2931 W ActivityManager: getRunningAppProcesses: caller 10052 does not hold REAL_GET_TASKS; limiting output
01-07 03:08:17.181  4701  4701 D AndroidRuntime: Shutting down VM
01-07 03:08:17.182  4701  4701 E AndroidRuntime: FATAL EXCEPTION: main
01-07 03:08:17.182  4701  4701 E AndroidRuntime: Process: com.halfbrick.fruitninja:egameCore, PID: 4701
01-07 03:08:17.182  4701  4701 E AndroidRuntime: java.lang.UnsatisfiedLinkError: dalvik.system.PathClassLoader[DexPathList[[zip file "/data/app/com.halfbrick.fruitninja-1/base.apk"],nativeLibraryDirectories=[/data/app/com.halfbrick.fruitninja-1/lib/x86, /vendor/lib, /system/lib]]] couldn't find "libegamepay_dr2.so"
01-07 03:08:17.182  4701  4701 E AndroidRuntime: 	at java.lang.Runtime.loadLibrary(Runtime.java:366)
01-07 03:08:17.182  4701  4701 E AndroidRuntime: 	at java.lang.System.loadLibrary(System.java:988)
01-07 03:08:17.182  4701  4701 E AndroidRuntime: 	at cn.egame.terminal.sdk.jni.EgamePayProtocol.<clinit>(EgamePayProtocol.java:25)
01-07 03:08:17.182  4701  4701 E AndroidRuntime: 	at cn.egame.terminal.sdk.EgameCoreService.onCreate(EgameCoreService.java:74)
01-07 03:08:17.182  4701  4701 E AndroidRuntime: 	at android.app.ActivityThread.handleCreateService(ActivityThread.java:2761)
01-07 03:08:17.182  4701  4701 E AndroidRuntime: 	at android.app.ActivityThread.access$1800(ActivityThread.java:151)
01-07 03:08:17.182  4701  4701 E AndroidRuntime: 	at android.app.ActivityThread$H.handleMessage(ActivityThread.java:1386)
01-07 03:08:17.182  4701  4701 E AndroidRuntime: 	at android.os.Handler.dispatchMessage(Handler.java:102)
01-07 03:08:17.182  4701  4701 E AndroidRuntime: 	at android.os.Looper.loop(Looper.java:135)
01-07 03:08:17.182  4701  4701 E AndroidRuntime: 	at android.app.ActivityThread.main(ActivityThread.java:5254)
01-07 03:08:17.182  4701  4701 E AndroidRuntime: 	at java.lang.reflect.Method.invoke(Native Method)
01-07 03:08:17.182  4701  4701 E AndroidRuntime: 	at java.lang.reflect.Method.invoke(Method.java:372)
01-07 03:08:17.182  4701  4701 E AndroidRuntime: 	at com.android.internal.os.ZygoteInit$MethodAndArgsCaller.run(ZygoteInit.java:903)
01-07 03:08:17.182  4701  4701 E AndroidRuntime: 	at com.android.internal.os.ZygoteInit.main(ZygoteInit.java:698)
01-07 03:08:20.108  4732  4732 W linker  : [vdso]: unused DT entry: type 0x6ffffef5 arg 0x160
01-07 03:08:22.660  2146  2217 W AudioTrack: AUDIO_OUTPUT_FLAG_FAST denied by client
01-07 03:08:22.662  4701  4701 I Process : Sending signal. PID: 4701 SIG: 9
01-07 03:08:22.668  2146  2197 D OpenGLRenderer: endAllStagingAnimators on 0x7f78068fb400 (RippleDrawable) with handle 0x7f77f6cda720
01-07 03:08:22.672  1886  2143 D audio_hw_primary: found out /dev/snd/pcmC0D0p
01-07 03:08:22.676  2146  2302 I ActivityManager: Process com.halfbrick.fruitninja:egameCore (pid 4701) has died
01-07 03:08:22.676  2146  2302 W ActivityManager: Scheduling restart of crashed service com.halfbrick.fruitninja/cn.egame.terminal.sdk.EgameCoreService in 11014ms
01-07 03:08:23.340  2146  2217 W AudioTrack: AUDIO_OUTPUT_FLAG_FAST denied by client
01-07 03:08:23.345  4511  4511 I Process : Sending signal. PID: 4511 SIG: 9
01-07 03:08:23.347  2146  2197 D OpenGLRenderer: endAllStagingAnimators on 0x7f78068f0c00 (RippleDrawable) with handle 0x7f77f850b820
01-07 03:08:23.349  2146  2166 W InputMethodManagerService: Window already focused, ignoring focus gain of: com.android.internal.view.IInputMethodClient$Stub$Proxy@1e54b7d3 attribute=android.view.inputmethod.EditorInfo@3a46bf10, token = android.os.BinderProxy@3e5c67a2
01-07 03:08:23.354  2146  2167 I ActivityManager: Process com.baidu.netdisk (pid 4511) has died
01-07 03:08:23.354  2146  2167 W ActivityManager: Scheduling restart of crashed service com.baidu.netdisk/.service.NetdiskService in 20336ms
01-07 03:08:25.117  4735  4735 W linker  : [vdso]: unused DT entry: type 0x6ffffef5 arg 0x160
01-07 03:08:25.811  2146  2302 I ActivityManager: START u0 {act=android.intent.action.MAIN cat=[android.intent.category.LAUNCHER] flg=0x10000000 pkg=com.kiloo.subwaysurf cmp=com.kiloo.subwaysurf/com.idsky.android.impl.ui.IdskySplashActivity} from uid 10039 on display 0
01-07 03:08:25.812  2146  2217 W AudioTrack: AUDIO_OUTPUT_FLAG_FAST denied by client
01-07 03:08:25.814  2146  2302 V WindowManager: addAppToken: AppWindowToken{1a28fe2f token=Token{11f0140e ActivityRecord{34b66a09 u0 com.kiloo.subwaysurf/com.idsky.android.impl.ui.IdskySplashActivity t19}}} to stack=1 task=19 at 0
01-07 03:08:25.837  2146  2176 V WindowManager: Adding window Window{117b6028 u0 Starting com.kiloo.subwaysurf} at 6 of 11 (after Window{3e37ac33 u0 com.android.packageinstaller/com.android.packageinstaller.InstallAppProgress})
01-07 03:08:25.872  4738  4738 W libnb   : Native bridge is disabled
01-07 03:08:25.875  2146  2534 I ActivityManager: Start proc 4738:com.kiloo.subwaysurf/u0a53 for activity com.kiloo.subwaysurf/com.idsky.android.impl.ui.IdskySplashActivity
01-07 03:08:25.890  2274  2274 V PhoneStatusBar: setLightsOn(true)
01-07 03:08:25.892  4738  4738 I ActivityThread: Switching default density from 160 to 240
01-07 03:08:25.896  3405  3427 D OpenGLRenderer: endAllStagingAnimators on 0x7f77fa6a3400 (RippleDrawable) with handle 0x7f77fa4fd880
01-07 03:08:25.898  4738  4738 D SkynetApi: onApplicationCreate
01-07 03:08:25.899  4738  4738 W System.err: java.lang.ClassNotFoundException: com.skynet.android.uc.UC
01-07 03:08:25.899  4738  4738 W System.err: 	at java.lang.Class.classForName(Native Method)
01-07 03:08:25.899  4738  4738 W System.err: 	at java.lang.Class.forName(Class.java:309)
01-07 03:08:25.899  4738  4738 W System.err: 	at java.lang.Class.forName(Class.java:273)
01-07 03:08:25.899  4738  4738 W System.err: 	at com.skynet.android.Skynet.invoke(SourceFile:4209)
01-07 03:08:25.899  4738  4738 W System.err: 	at com.skynet.android.Skynet.onApplicationCreate(SourceFile:3691)
01-07 03:08:25.899  4738  4738 W System.err: 	at com.kiloo.subwaysurf.BaiDuApplication.onCreate(BaiDuApplication.java:11)
01-07 03:08:25.899  4738  4738 W System.err: 	at android.app.Instrumentation.callApplicationOnCreate(Instrumentation.java:1012)
01-07 03:08:25.899  4738  4738 W System.err: 	at android.app.ActivityThread.handleBindApplication(ActivityThread.java:4553)
01-07 03:08:25.899  4738  4738 W System.err: 	at android.app.ActivityThread.access$1500(ActivityThread.java:151)
01-07 03:08:25.899  4738  4738 W System.err: 	at android.app.ActivityThread$H.handleMessage(ActivityThread.java:1364)
01-07 03:08:25.899  4738  4738 W System.err: 	at android.os.Handler.dispatchMessage(Handler.java:102)
01-07 03:08:25.899  4738  4738 W System.err: 	at android.os.Looper.loop(Looper.java:135)
01-07 03:08:25.899  4738  4738 W System.err: 	at android.app.ActivityThread.main(ActivityThread.java:5254)
01-07 03:08:25.899  4738  4738 W System.err: 	at java.lang.reflect.Method.invoke(Native Method)
01-07 03:08:25.899  4738  4738 W System.err: 	at java.lang.reflect.Method.invoke(Method.java:372)
01-07 03:08:25.899  4738  4738 W System.err: 	at com.android.internal.os.ZygoteInit$MethodAndArgsCaller.run(ZygoteInit.java:903)
01-07 03:08:25.899  4738  4738 W System.err: 	at com.android.internal.os.ZygoteInit.main(ZygoteInit.java:698)
01-07 03:08:25.899  4738  4738 W System.err: Caused by: java.lang.ClassNotFoundException: Didn't find class "com.skynet.android.uc.UC" on path: DexPathList[[zip file "/data/app/com.kiloo.subwaysurf-1/base.apk"],nativeLibraryDirectories=[/data/app/com.kiloo.subwaysurf-1/lib/arm, /vendor/lib, /system/lib]]
01-07 03:08:25.900  4738  4738 W System.err: 	at dalvik.system.BaseDexClassLoader.findClass(BaseDexClassLoader.java:56)
01-07 03:08:25.900  4738  4738 W System.err: 	at java.lang.ClassLoader.loadClass(ClassLoader.java:511)
01-07 03:08:25.900  4738  4738 W System.err: 	at java.lang.ClassLoader.loadClass(ClassLoader.java:469)
01-07 03:08:25.900  4738  4738 W System.err: 	... 17 more
01-07 03:08:25.900  4738  4738 W System.err: 	Suppressed: java.lang.ClassNotFoundException: com.skynet.android.uc.UC
01-07 03:08:25.900  4738  4738 W System.err: 		at java.lang.Class.classForName(Native Method)
01-07 03:08:25.900  4738  4738 W System.err: 		at java.lang.BootClassLoader.findClass(ClassLoader.java:781)
01-07 03:08:25.900  4738  4738 W System.err: 		at java.lang.BootClassLoader.loadClass(ClassLoader.java:841)
01-07 03:08:25.900  4738  4738 W System.err: 		at java.lang.ClassLoader.loadClass(ClassLoader.java:504)
01-07 03:08:25.900  4738  4738 W System.err: 		... 18 more
01-07 03:08:25.900  4738  4738 W System.err: 	Caused by: java.lang.NoClassDefFoundError: Class not found using the boot class loader; no stack available
01-07 03:08:25.901  4738  4738 W System.err: java.lang.ClassNotFoundException: com.gionee.game.offlinesdk.GamePlatform
01-07 03:08:25.902  4738  4738 W System.err: 	at java.lang.Class.classForName(Native Method)
01-07 03:08:25.902  4738  4738 W System.err: 	at java.lang.Class.forName(Class.java:309)
01-07 03:08:25.902  4738  4738 W System.err: 	at com.skynet.android.amigo.Amigo.isEnable(SourceFile:27)
01-07 03:08:25.902  4738  4738 W System.err: 	at com.skynet.android.amigo.Amigo.onApplicationCreate(SourceFile:17)
01-07 03:08:25.902  4738  4738 W System.err: 	at java.lang.reflect.Method.invoke(Native Method)
01-07 03:08:25.902  4738  4738 W System.err: 	at java.lang.reflect.Method.invoke(Method.java:372)
01-07 03:08:25.902  4738  4738 W System.err: 	at com.skynet.android.Skynet.invoke(SourceFile:4217)
01-07 03:08:25.902  4738  4738 W System.err: 	at com.skynet.android.Skynet.onApplicationCreate(SourceFile:3693)
01-07 03:08:25.902  4738  4738 W System.err: 	at com.kiloo.subwaysurf.BaiDuApplication.onCreate(BaiDuApplication.java:11)
01-07 03:08:25.902  4738  4738 W System.err: 	at android.app.Instrumentation.callApplicationOnCreate(Instrumentation.java:1012)
01-07 03:08:25.902  4738  4738 W System.err: 	at android.app.ActivityThread.handleBindApplication(ActivityThread.java:4553)
01-07 03:08:25.902  4738  4738 W System.err: 	at android.app.ActivityThread.access$1500(ActivityThread.java:151)
01-07 03:08:25.902  4738  4738 W System.err: 	at android.app.ActivityThread$H.handleMessage(ActivityThread.java:1364)
01-07 03:08:25.902  4738  4738 W System.err: 	at android.os.Handler.dispatchMessage(Handler.java:102)
01-07 03:08:25.902  4738  4738 W System.err: 	at android.os.Looper.loop(Looper.java:135)
01-07 03:08:25.902  4738  4738 W System.err: 	at android.app.ActivityThread.main(ActivityThread.java:5254)
01-07 03:08:25.902  4738  4738 W System.err: 	at java.lang.reflect.Method.invoke(Native Method)
01-07 03:08:25.902  4738  4738 W System.err: 	at java.lang.reflect.Method.invoke(Method.java:372)
01-07 03:08:25.902  4738  4738 W System.err: 	at com.android.internal.os.ZygoteInit$MethodAndArgsCaller.run(ZygoteInit.java:903)
01-07 03:08:25.902  4738  4738 W System.err: 	at com.android.internal.os.ZygoteInit.main(ZygoteInit.java:698)
01-07 03:08:25.902  4738  4738 W System.err: Caused by: java.lang.ClassNotFoundException: Didn't find class "com.gionee.game.offlinesdk.GamePlatform" on path: DexPathList[[zip file "/data/app/com.kiloo.subwaysurf-1/base.apk"],nativeLibraryDirectories=[/data/app/com.kiloo.subwaysurf-1/lib/arm, /vendor/lib, /system/lib]]
01-07 03:08:25.902  4738  4738 W System.err: 	at dalvik.system.BaseDexClassLoader.findClass(BaseDexClassLoader.java:56)
01-07 03:08:25.902  4738  4738 W System.err: 	at java.lang.ClassLoader.loadClass(ClassLoader.java:511)
01-07 03:08:25.902  4738  4738 W System.err: 	at java.lang.ClassLoader.loadClass(ClassLoader.java:469)
01-07 03:08:25.902  4738  4738 W System.err: 	... 20 more
01-07 03:08:25.902  4738  4738 W System.err: 	Suppressed: java.lang.ClassNotFoundException: com.gionee.game.offlinesdk.GamePlatform
01-07 03:08:25.902  4738  4738 W System.err: 		at java.lang.Class.classForName(Native Method)
01-07 03:08:25.902  4738  4738 W System.err: 		at java.lang.BootClassLoader.findClass(ClassLoader.java:781)
01-07 03:08:25.902  4738  4738 W System.err: 		at java.lang.BootClassLoader.loadClass(ClassLoader.java:841)
01-07 03:08:25.902  4738  4738 W System.err: 		at java.lang.ClassLoader.loadClass(ClassLoader.java:504)
01-07 03:08:25.902  4738  4738 W System.err: 		... 21 more
01-07 03:08:25.902  4738  4738 W System.err: 	Caused by: java.lang.NoClassDefFoundError: Class not found using the boot class loader; no stack available
01-07 03:08:25.903  2146  2535 W ActivityManager: getRunningAppProcesses: caller 10053 does not hold REAL_GET_TASKS; limiting output
01-07 03:08:25.908  4738  4738 E art     : dlopen("/data/app/com.kiloo.subwaysurf-1/lib/arm/libmegjb.so", RTLD_LAZY) failed: dlopen failed: "/data/app/com.kiloo.subwaysurf-1/lib/arm/libmegjb.so" has unexpected e_machine: 40
01-07 03:08:25.908  4738  4738 W IdskyConfig: megjb.so not found!
01-07 03:08:25.908  4738  4738 I idskyApi: onApplicationCreateidskyApi
01-07 03:08:25.908  4738  4738 I PaymentPlugin: onApplicationCreate  PaymentPlugin
01-07 03:08:25.912  4738  4738 I art     : Rejecting re-init on previously-failed class java.lang.Class<com.idsky.android.cu.b>
01-07 03:08:25.912  4738  4738 I art     : Rejecting re-init on previously-failed class java.lang.Class<com.idsky.android.cu.b>
01-07 03:08:25.913  4738  4738 I cc      : Cu onApplicationCreate Start
01-07 03:08:25.914  2146  2302 W ActivityManager: getRunningAppProcesses: caller 10053 does not hold REAL_GET_TASKS; limiting output
01-07 03:08:25.914  4738  4738 I unipaysdk: pid:4738 process:com.kiloo.subwaysurf
01-07 03:08:25.925  4738  4738 E unipaysdk: unipaysdk:rc(0/1), s(true)
01-07 03:08:25.925  4738  4738 E unipaysdk: unipaysdk:abi(x86)
01-07 03:08:25.925  4738  4738 E unipaysdk: unipaysdk:cpu_abi:x86
01-07 03:08:25.936  4738  4738 E unipaysdk: unipaysdk:abi(x86)
01-07 03:08:25.969  4738  4738 E unipaysdk: unipaysdk:result.1: 1
01-07 03:08:25.971  4738  4738 I cc      : Cu onApplicationCreate finish
01-07 03:08:25.971  4738  4738 W System.err: java.lang.ClassNotFoundException: com.idsky.android.cu.net.UnicomOnlinePlugin
01-07 03:08:25.971  4738  4738 W System.err: 	at java.lang.Class.classForName(Native Method)
01-07 03:08:25.971  4738  4738 W System.err: 	at java.lang.Class.forName(Class.java:309)
01-07 03:08:25.971  4738  4738 W System.err: 	at java.lang.Class.forName(Class.java:273)
01-07 03:08:25.971  4738  4738 W System.err: 	at com.idsky.android.frame.PaymentPlugin.onApplicationCreate(SourceFile:131)
01-07 03:08:25.971  4738  4738 W System.err: 	at java.lang.reflect.Method.invoke(Native Method)
01-07 03:08:25.971  4738  4738 W System.err: 	at java.lang.reflect.Method.invoke(Method.java:372)
01-07 03:08:25.971  4738  4738 W System.err: 	at com.idsky.android.Idsky.onApplicationCreate(SourceFile:1411)
01-07 03:08:25.971  4738  4738 W System.err: 	at java.lang.reflect.Method.invoke(Native Method)
01-07 03:08:25.971  4738  4738 W System.err: 	at java.lang.reflect.Method.invoke(Method.java:372)
01-07 03:08:25.971  4738  4738 W System.err: 	at com.skynet.android.Skynet.invoke(SourceFile:4217)
01-07 03:08:25.971  4738  4738 W System.err: 	at com.skynet.android.Skynet.onApplicationCreate(SourceFile:3696)
01-07 03:08:25.971  4738  4738 W System.err: 	at com.kiloo.subwaysurf.BaiDuApplication.onCreate(BaiDuApplication.java:11)
01-07 03:08:25.973  4738  4738 W System.err: 	at android.app.Instrumentation.callApplicationOnCreate(Instrumentation.java:1012)
01-07 03:08:25.973  4738  4738 W System.err: 	at android.app.ActivityThread.handleBindApplication(ActivityThread.java:4553)
01-07 03:08:25.973  4738  4738 W System.err: 	at android.app.ActivityThread.access$1500(ActivityThread.java:151)
01-07 03:08:25.973  4738  4738 W System.err: 	at android.app.ActivityThread$H.handleMessage(ActivityThread.java:1364)
01-07 03:08:25.973  4738  4738 W System.err: 	at android.os.Handler.dispatchMessage(Handler.java:102)
01-07 03:08:25.973  4738  4738 W System.err: 	at android.os.Looper.loop(Looper.java:135)
01-07 03:08:25.974  4738  4738 W System.err: 	at android.app.ActivityThread.main(ActivityThread.java:5254)
01-07 03:08:25.974  4738  4738 W System.err: 	at java.lang.reflect.Method.invoke(Native Method)
01-07 03:08:25.974  4738  4738 W System.err: 	at java.lang.reflect.Method.invoke(Method.java:372)
01-07 03:08:25.974  4738  4738 W System.err: 	at com.android.internal.os.ZygoteInit$MethodAndArgsCaller.run(ZygoteInit.java:903)
01-07 03:08:25.974  4738  4738 W System.err: 	at com.android.internal.os.ZygoteInit.main(ZygoteInit.java:698)
01-07 03:08:25.974  4738  4738 W System.err: Caused by: java.lang.ClassNotFoundException: Didn't find class "com.idsky.android.cu.net.UnicomOnlinePlugin" on path: DexPathList[[zip file "/data/app/com.kiloo.subwaysurf-1/base.apk"],nativeLibraryDirectories=[/data/app/com.kiloo.subwaysurf-1/lib/arm, /vendor/lib, /system/lib]]
01-07 03:08:25.974  4738  4738 W System.err: 	at dalvik.system.BaseDexClassLoader.findClass(BaseDexClassLoader.java:56)
01-07 03:08:25.974  4738  4738 W System.err: 	at java.lang.ClassLoader.loadClass(ClassLoader.java:511)
01-07 03:08:25.974  4738  4738 W System.err: 	at java.lang.ClassLoader.loadClass(ClassLoader.java:469)
01-07 03:08:25.974  4738  4738 W System.err: 	... 23 more
01-07 03:08:25.974  4738  4738 W System.err: 	Suppressed: java.lang.ClassNotFoundException: com.idsky.android.cu.net.UnicomOnlinePlugin
01-07 03:08:25.974  4738  4738 W System.err: 		at java.lang.Class.classForName(Native Method)
01-07 03:08:25.974  4738  4738 W System.err: 		at java.lang.BootClassLoader.findClass(ClassLoader.java:781)
01-07 03:08:25.974  4738  4738 W System.err: 		at java.lang.BootClassLoader.loadClass(ClassLoader.java:841)
01-07 03:08:25.974  4738  4738 W System.err: 		at java.lang.ClassLoader.loadClass(ClassLoader.java:504)
01-07 03:08:25.974  4738  4738 W System.err: 		... 24 more
01-07 03:08:25.974  4738  4738 W System.err: 	Caused by: java.lang.NoClassDefFoundError: Class not found using the boot class loader; no stack available
01-07 03:08:25.976  4769  4769 W linker  : [vdso]: unused DT entry: type 0x6ffffef5 arg 0x160
01-07 03:08:25.979  4738  4738 I art     : Rejecting re-init on previously-failed class java.lang.Class<com.idsky.android.cm.c>
01-07 03:08:25.979  4738  4738 I art     : Rejecting re-init on previously-failed class java.lang.Class<com.idsky.android.cm.c>
01-07 03:08:25.981  4769  4769 W linker  : [vdso]: unused DT entry: type 0x6ffffef5 arg 0x160
01-07 03:08:25.981  4738  4738 I art     : Rejecting re-init on previously-failed class java.lang.Class<com.idsky.android.cm.b>
01-07 03:08:25.982  4738  4738 I art     : Rejecting re-init on previously-failed class java.lang.Class<com.idsky.android.cm.b>
01-07 03:08:25.982  4738  4738 E art     : dlopen("/data/app/com.kiloo.subwaysurf-1/lib/arm/libmegjb.so", RTLD_LAZY) failed: dlopen failed: "/data/app/com.kiloo.subwaysurf-1/lib/arm/libmegjb.so" has unexpected e_machine: 40
01-07 03:08:25.985  4738  4738 I art     : Rejecting re-init on previously-failed class java.lang.Class<com.idsky.android.mm.h>
01-07 03:08:25.985  4738  4738 I art     : Rejecting re-init on previously-failed class java.lang.Class<com.idsky.android.mm.h>
01-07 03:08:25.986  4738  4738 I art     : Rejecting re-init on previously-failed class java.lang.Class<com.idsky.android.mm.e>
01-07 03:08:25.986  4738  4738 I art     : Rejecting re-init on previously-failed class java.lang.Class<com.idsky.android.mm.e>
01-07 03:08:25.987  4738  4738 I SmsMmPlugin: MM  install start
01-07 03:08:25.987  4738  4738 W System.err: java.lang.ClassNotFoundException: com.secneo.mmb.DexHelper
01-07 03:08:25.987  4738  4738 W System.err: 	at java.lang.Class.classForName(Native Method)
01-07 03:08:25.987  4738  4738 W System.err: 	at java.lang.Class.forName(Class.java:309)
01-07 03:08:25.987  4738  4738 W System.err: 	at java.lang.Class.forName(Class.java:273)
01-07 03:08:25.987  4738  4738 W System.err: 	at com.idsky.android.mm.SmsMmPlugin.onApplicationCreate(SourceFile:99)
01-07 03:08:25.987  4738  4738 W System.err: 	at java.lang.reflect.Method.invoke(Native Method)
01-07 03:08:25.987  4738  4738 W System.err: 	at java.lang.reflect.Method.invoke(Method.java:372)
01-07 03:08:25.987  4738  4738 W System.err: 	at com.idsky.android.frame.PaymentPlugin.onApplicationCreate(SourceFile:152)
01-07 03:08:25.987  4738  4738 W System.err: 	at java.lang.reflect.Method.invoke(Native Method)
01-07 03:08:25.987  4738  4738 W System.err: 	at java.lang.reflect.Method.invoke(Method.java:372)
01-07 03:08:25.987  4738  4738 W System.err: 	at com.idsky.android.Idsky.onApplicationCreate(SourceFile:1411)
01-07 03:08:25.987  4738  4738 W System.err: 	at java.lang.reflect.Method.invoke(Native Method)
01-07 03:08:25.987  4738  4738 W System.err: 	at java.lang.reflect.Method.invoke(Method.java:372)
01-07 03:08:25.987  4738  4738 W System.err: 	at com.skynet.android.Skynet.invoke(SourceFile:4217)
01-07 03:08:25.987  4738  4738 W System.err: 	at com.skynet.android.Skynet.onApplicationCreate(SourceFile:3696)
01-07 03:08:25.987  4738  4738 W System.err: 	at com.kiloo.subwaysurf.BaiDuApplication.onCreate(BaiDuApplication.java:11)
01-07 03:08:25.987  4738  4738 W System.err: 	at android.app.Instrumentation.callApplicationOnCreate(Instrumentation.java:1012)
01-07 03:08:25.987  4738  4738 W System.err: 	at android.app.ActivityThread.handleBindApplication(ActivityThread.java:4553)
01-07 03:08:25.987  4738  4738 W System.err: 	at android.app.ActivityThread.access$1500(ActivityThread.java:151)
01-07 03:08:25.987  4738  4738 W System.err: 	at android.app.ActivityThread$H.handleMessage(ActivityThread.java:1364)
01-07 03:08:25.987  4738  4738 W System.err: 	at android.os.Handler.dispatchMessage(Handler.java:102)
01-07 03:08:25.987  4738  4738 W System.err: 	at android.os.Looper.loop(Looper.java:135)
01-07 03:08:25.987  4738  4738 W System.err: 	at android.app.ActivityThread.main(ActivityThread.java:5254)
01-07 03:08:25.988  4738  4738 W System.err: 	at java.lang.reflect.Method.invoke(Native Method)
01-07 03:08:25.988  4738  4738 W System.err: 	at java.lang.reflect.Method.invoke(Method.java:372)
01-07 03:08:25.988  4738  4738 W System.err: 	at com.android.internal.os.ZygoteInit$MethodAndArgsCaller.run(ZygoteInit.java:903)
01-07 03:08:25.988  4738  4738 W System.err: 	at com.android.internal.os.ZygoteInit.main(ZygoteInit.java:698)
01-07 03:08:25.988  4738  4738 W System.err: Caused by: java.lang.ClassNotFoundException: Didn't find class "com.secneo.mmb.DexHelper" on path: DexPathList[[zip file "/data/app/com.kiloo.subwaysurf-1/base.apk"],nativeLibraryDirectories=[/data/app/com.kiloo.subwaysurf-1/lib/arm, /vendor/lib, /system/lib]]
01-07 03:08:25.988  4738  4738 W System.err: 	at dalvik.system.BaseDexClassLoader.findClass(BaseDexClassLoader.java:56)
01-07 03:08:25.988  4738  4738 W System.err: 	at java.lang.ClassLoader.loadClass(ClassLoader.java:511)
01-07 03:08:25.988  4738  4738 W System.err: 	at java.lang.ClassLoader.loadClass(ClassLoader.java:469)
01-07 03:08:25.988  4738  4738 W System.err: 	... 26 more
01-07 03:08:25.988  4738  4738 W System.err: 	Suppressed: java.lang.ClassNotFoundException: com.secneo.mmb.DexHelper
01-07 03:08:25.988  4738  4738 W System.err: 		at java.lang.Class.classForName(Native Method)
01-07 03:08:25.988  4738  4738 W System.err: 		at java.lang.BootClassLoader.findClass(ClassLoader.java:781)
01-07 03:08:25.988  4738  4738 W System.err: 		at java.lang.BootClassLoader.loadClass(ClassLoader.java:841)
01-07 03:08:25.988  4738  4738 W System.err: 		at java.lang.ClassLoader.loadClass(ClassLoader.java:504)
01-07 03:08:25.988  4738  4738 W System.err: 		... 27 more
01-07 03:08:25.988  4738  4738 W System.err: 	Caused by: java.lang.NoClassDefFoundError: Class not found using the boot class loader; no stack available
01-07 03:08:25.988  4738  4738 W System.err: java.lang.ClassNotFoundException: com.secneo.mmb.Helper
01-07 03:08:25.988  4738  4738 W System.err: 	at java.lang.Class.classForName(Native Method)
01-07 03:08:25.988  4738  4738 W System.err: 	at java.lang.Class.forName(Class.java:309)
01-07 03:08:25.988  4738  4738 W System.err: 	at java.lang.Class.forName(Class.java:273)
01-07 03:08:25.988  4738  4738 W System.err: 	at com.idsky.android.mm.SmsMmPlugin.onApplicationCreate(SourceFile:104)
01-07 03:08:25.988  4738  4738 W System.err: 	at java.lang.reflect.Method.invoke(Native Method)
01-07 03:08:25.988  4738  4738 W System.err: 	at java.lang.reflect.Method.invoke(Method.java:372)
01-07 03:08:25.988  4738  4738 W System.err: 	at com.idsky.android.frame.PaymentPlugin.onApplicationCreate(SourceFile:152)
01-07 03:08:25.988  4738  4738 W System.err: 	at java.lang.reflect.Method.invoke(Native Method)
01-07 03:08:25.988  4738  4738 W System.err: 	at java.lang.reflect.Method.invoke(Method.java:372)
01-07 03:08:25.988  4738  4738 W System.err: 	at com.idsky.android.Idsky.onApplicationCreate(SourceFile:1411)
01-07 03:08:25.988  4738  4738 W System.err: 	at java.lang.reflect.Method.invoke(Native Method)
01-07 03:08:25.988  4738  4738 W System.err: 	at java.lang.reflect.Method.invoke(Method.java:372)
01-07 03:08:25.988  4738  4738 W System.err: 	at com.skynet.android.Skynet.invoke(SourceFile:4217)
01-07 03:08:25.988  4738  4738 W System.err: 	at com.skynet.android.Skynet.onApplicationCreate(SourceFile:3696)
01-07 03:08:25.988  4738  4738 W System.err: 	at com.kiloo.subwaysurf.BaiDuApplication.onCreate(BaiDuApplication.java:11)
01-07 03:08:25.988  4738  4738 W System.err: 	at android.app.Instrumentation.callApplicationOnCreate(Instrumentation.java:1012)
01-07 03:08:25.988  4738  4738 W System.err: 	at android.app.ActivityThread.handleBindApplication(ActivityThread.java:4553)
01-07 03:08:25.988  4738  4738 W System.err: 	at android.app.ActivityThread.access$1500(ActivityThread.java:151)
01-07 03:08:25.988  4738  4738 W System.err: 	at android.app.ActivityThread$H.handleMessage(ActivityThread.java:1364)
01-07 03:08:25.988  4738  4738 W System.err: 	at android.os.Handler.dispatchMessage(Handler.java:102)
01-07 03:08:25.988  4738  4738 W System.err: 	at android.os.Looper.loop(Looper.java:135)
01-07 03:08:25.988  4738  4738 W System.err: 	at android.app.ActivityThread.main(ActivityThread.java:5254)
01-07 03:08:25.988  4738  4738 W System.err: 	at java.lang.reflect.Method.invoke(Native Method)
01-07 03:08:25.988  4738  4738 W System.err: 	at java.lang.reflect.Method.invoke(Method.java:372)
01-07 03:08:25.988  4738  4738 W System.err: 	at com.android.internal.os.ZygoteInit$MethodAndArgsCaller.run(ZygoteInit.java:903)
01-07 03:08:25.988  4738  4738 W System.err: 	at com.android.internal.os.ZygoteInit.main(ZygoteInit.java:698)
01-07 03:08:25.988  4738  4738 W System.err: Caused by: java.lang.ClassNotFoundException: Didn't find class "com.secneo.mmb.Helper" on path: DexPathList[[zip file "/data/app/com.kiloo.subwaysurf-1/base.apk"],nativeLibraryDirectories=[/data/app/com.kiloo.subwaysurf-1/lib/arm, /vendor/lib, /system/lib]]
01-07 03:08:25.989  4738  4738 W System.err: 	at dalvik.system.BaseDexClassLoader.findClass(BaseDexClassLoader.java:56)
01-07 03:08:25.989  4738  4738 W System.err: 	at java.lang.ClassLoader.loadClass(ClassLoader.java:511)
01-07 03:08:25.989  4738  4738 W System.err: 	at java.lang.ClassLoader.loadClass(ClassLoader.java:469)
01-07 03:08:25.989  4738  4738 W System.err: 	... 26 more
01-07 03:08:25.989  4738  4738 W System.err: 	Suppressed: java.lang.ClassNotFoundException: com.secneo.mmb.Helper
01-07 03:08:25.989  4738  4738 W System.err: 		at java.lang.Class.classForName(Native Method)
01-07 03:08:25.989  4738  4738 W System.err: 		at java.lang.BootClassLoader.findClass(ClassLoader.java:781)
01-07 03:08:25.989  4738  4738 W System.err: 		at java.lang.BootClassLoader.loadClass(ClassLoader.java:841)
01-07 03:08:25.989  4738  4738 W System.err: 		at java.lang.ClassLoader.loadClass(ClassLoader.java:504)
01-07 03:08:25.989  4738  4738 W System.err: 		... 27 more
01-07 03:08:25.989  4738  4738 W System.err: 	Caused by: java.lang.NoClassDefFoundError: Class not found using the boot class loader; no stack available
01-07 03:08:25.989  4738  4738 W System.err: java.lang.ClassNotFoundException: com.secneo.wrapper.DexHelper
01-07 03:08:25.989  4738  4738 W System.err: 	at java.lang.Class.classForName(Native Method)
01-07 03:08:25.989  4738  4738 W System.err: 	at java.lang.Class.forName(Class.java:309)
01-07 03:08:25.989  4738  4738 W System.err: 	at java.lang.Class.forName(Class.java:273)
01-07 03:08:25.989  4738  4738 W System.err: 	at com.idsky.android.mm.SmsMmPlugin.onApplicationCreate(SourceFile:109)
01-07 03:08:25.989  4738  4738 W System.err: 	at java.lang.reflect.Method.invoke(Native Method)
01-07 03:08:25.989  4738  4738 W System.err: 	at java.lang.reflect.Method.invoke(Method.java:372)
01-07 03:08:25.989  4738  4738 W System.err: 	at com.idsky.android.frame.PaymentPlugin.onApplicationCreate(SourceFile:152)
01-07 03:08:25.989  4738  4738 W System.err: 	at java.lang.reflect.Method.invoke(Native Method)
01-07 03:08:25.989  4738  4738 W System.err: 	at java.lang.reflect.Method.invoke(Method.java:372)
01-07 03:08:25.989  4738  4738 W System.err: 	at com.idsky.android.Idsky.onApplicationCreate(SourceFile:1411)
01-07 03:08:25.989  4738  4738 W System.err: 	at java.lang.reflect.Method.invoke(Native Method)
01-07 03:08:25.989  4738  4738 W System.err: 	at java.lang.reflect.Method.invoke(Method.java:372)
01-07 03:08:25.989  4738  4738 W System.err: 	at com.skynet.android.Skynet.invoke(SourceFile:4217)
01-07 03:08:25.989  4738  4738 W System.err: 	at com.skynet.android.Skynet.onApplicationCreate(SourceFile:3696)
01-07 03:08:25.989  4738  4738 W System.err: 	at com.kiloo.subwaysurf.BaiDuApplication.onCreate(BaiDuApplication.java:11)
01-07 03:08:25.989  4738  4738 W System.err: 	at android.app.Instrumentation.callApplicationOnCreate(Instrumentation.java:1012)
01-07 03:08:25.989  4738  4738 W System.err: 	at android.app.ActivityThread.handleBindApplication(ActivityThread.java:4553)
01-07 03:08:25.989  4738  4738 W System.err: 	at android.app.ActivityThread.access$1500(ActivityThread.java:151)
01-07 03:08:25.989  4738  4738 W System.err: 	at android.app.ActivityThread$H.handleMessage(ActivityThread.java:1364)
01-07 03:08:25.989  4738  4738 W System.err: 	at android.os.Handler.dispatchMessage(Handler.java:102)
01-07 03:08:25.989  4738  4738 W System.err: 	at android.os.Looper.loop(Looper.java:135)
01-07 03:08:25.989  4738  4738 W System.err: 	at android.app.ActivityThread.main(ActivityThread.java:5254)
01-07 03:08:25.989  4738  4738 W System.err: 	at java.lang.reflect.Method.invoke(Native Method)
01-07 03:08:25.989  4738  4738 W System.err: 	at java.lang.reflect.Method.invoke(Method.java:372)
01-07 03:08:25.989  4738  4738 W System.err: 	at com.android.internal.os.ZygoteInit$MethodAndArgsCaller.run(ZygoteInit.java:903)
01-07 03:08:25.989  4738  4738 W System.err: 	at com.android.internal.os.ZygoteInit.main(ZygoteInit.java:698)
01-07 03:08:25.989  4738  4738 W System.err: Caused by: java.lang.ClassNotFoundException: Didn't find class "com.secneo.wrapper.DexHelper" on path: DexPathList[[zip file "/data/app/com.kiloo.subwaysurf-1/base.apk"],nativeLibraryDirectories=[/data/app/com.kiloo.subwaysurf-1/lib/arm, /vendor/lib, /system/lib]]
01-07 03:08:25.989  4738  4738 W System.err: 	at dalvik.system.BaseDexClassLoader.findClass(BaseDexClassLoader.java:56)
01-07 03:08:25.989  4738  4738 W System.err: 	at java.lang.ClassLoader.loadClass(ClassLoader.java:511)
01-07 03:08:25.989  4738  4738 W System.err: 	at java.lang.ClassLoader.loadClass(ClassLoader.java:469)
01-07 03:08:25.989  4738  4738 W System.err: 	... 26 more
01-07 03:08:25.989  4738  4738 W System.err: 	Suppressed: java.lang.ClassNotFoundException: com.secneo.wrapper.DexHelper
01-07 03:08:25.990  4738  4738 W System.err: 		at java.lang.Class.classForName(Native Method)
01-07 03:08:25.990  4738  4738 W System.err: 		at java.lang.BootClassLoader.findClass(ClassLoader.java:781)
01-07 03:08:25.990  4738  4738 W System.err: 		at java.lang.BootClassLoader.loadClass(ClassLoader.java:841)
01-07 03:08:25.990  4738  4738 W System.err: 		at java.lang.ClassLoader.loadClass(ClassLoader.java:504)
01-07 03:08:25.990  4738  4738 W System.err: 		... 27 more
01-07 03:08:25.990  4738  4738 W System.err: 	Caused by: java.lang.NoClassDefFoundError: Class not found using the boot class loader; no stack available
01-07 03:08:25.990  4738  4738 W System.err: java.lang.ClassNotFoundException: com.secneo.wrapper.Helper
01-07 03:08:25.990  4738  4738 W System.err: 	at java.lang.Class.classForName(Native Method)
01-07 03:08:25.990  4738  4738 W System.err: 	at java.lang.Class.forName(Class.java:309)
01-07 03:08:25.990  4738  4738 W System.err: 	at java.lang.Class.forName(Class.java:273)
01-07 03:08:25.990  4738  4738 W System.err: 	at com.idsky.android.mm.SmsMmPlugin.onApplicationCreate(SourceFile:114)
01-07 03:08:25.990  4738  4738 W System.err: 	at java.lang.reflect.Method.invoke(Native Method)
01-07 03:08:25.990  4738  4738 W System.err: 	at java.lang.reflect.Method.invoke(Method.java:372)
01-07 03:08:25.990  4738  4738 W System.err: 	at com.idsky.android.frame.PaymentPlugin.onApplicationCreate(SourceFile:152)
01-07 03:08:25.990  4738  4738 W System.err: 	at java.lang.reflect.Method.invoke(Native Method)
01-07 03:08:25.990  4738  4738 W System.err: 	at java.lang.reflect.Method.invoke(Method.java:372)
01-07 03:08:25.990  4738  4738 W System.err: 	at com.idsky.android.Idsky.onApplicationCreate(SourceFile:1411)
01-07 03:08:25.990  4738  4738 W System.err: 	at java.lang.reflect.Method.invoke(Native Method)
01-07 03:08:25.990  4738  4738 W System.err: 	at java.lang.reflect.Method.invoke(Method.java:372)
01-07 03:08:25.990  4738  4738 W System.err: 	at com.skynet.android.Skynet.invoke(SourceFile:4217)
01-07 03:08:25.990  4738  4738 W System.err: 	at com.skynet.android.Skynet.onApplicationCreate(SourceFile:3696)
01-07 03:08:25.990  4738  4738 W System.err: 	at com.kiloo.subwaysurf.BaiDuApplication.onCreate(BaiDuApplication.java:11)
01-07 03:08:25.990  4738  4738 W System.err: 	at android.app.Instrumentation.callApplicationOnCreate(Instrumentation.java:1012)
01-07 03:08:25.990  4738  4738 W System.err: 	at android.app.ActivityThread.handleBindApplication(ActivityThread.java:4553)
01-07 03:08:25.990  4738  4738 W System.err: 	at android.app.ActivityThread.access$1500(ActivityThread.java:151)
01-07 03:08:25.990  4738  4738 W System.err: 	at android.app.ActivityThread$H.handleMessage(ActivityThread.java:1364)
01-07 03:08:25.990  4738  4738 W System.err: 	at android.os.Handler.dispatchMessage(Handler.java:102)
01-07 03:08:25.990  4738  4738 W System.err: 	at android.os.Looper.loop(Looper.java:135)
01-07 03:08:25.990  4738  4738 W System.err: 	at android.app.ActivityThread.main(ActivityThread.java:5254)
01-07 03:08:25.990  4738  4738 W System.err: 	at java.lang.reflect.Method.invoke(Native Method)
01-07 03:08:25.990  4738  4738 W System.err: 	at java.lang.reflect.Method.invoke(Method.java:372)
01-07 03:08:25.990  4738  4738 W System.err: 	at com.android.internal.os.ZygoteInit$MethodAndArgsCaller.run(ZygoteInit.java:903)
01-07 03:08:25.990  4738  4738 W System.err: 	at com.android.internal.os.ZygoteInit.main(ZygoteInit.java:698)
01-07 03:08:25.990  4738  4738 W System.err: Caused by: java.lang.ClassNotFoundException: Didn't find class "com.secneo.wrapper.Helper" on path: DexPathList[[zip file "/data/app/com.kiloo.subwaysurf-1/base.apk"],nativeLibraryDirectories=[/data/app/com.kiloo.subwaysurf-1/lib/arm, /vendor/lib, /system/lib]]
01-07 03:08:25.990  4738  4738 W System.err: 	at dalvik.system.BaseDexClassLoader.findClass(BaseDexClassLoader.java:56)
01-07 03:08:25.990  4738  4738 W System.err: 	at java.lang.ClassLoader.loadClass(ClassLoader.java:511)
01-07 03:08:25.990  4738  4738 W System.err: 	at java.lang.ClassLoader.loadClass(ClassLoader.java:469)
01-07 03:08:25.990  4738  4738 W System.err: 	... 26 more
01-07 03:08:25.990  4738  4738 W System.err: 	Suppressed: java.lang.ClassNotFoundException: com.secneo.wrapper.Helper
01-07 03:08:25.991  4738  4738 W System.err: 		at java.lang.Class.classForName(Native Method)
01-07 03:08:25.991  4738  4738 W System.err: 		at java.lang.BootClassLoader.findClass(ClassLoader.java:781)
01-07 03:08:25.991  4738  4738 W System.err: 		at java.lang.BootClassLoader.loadClass(ClassLoader.java:841)
01-07 03:08:25.991  4738  4738 W System.err: 		at java.lang.ClassLoader.loadClass(ClassLoader.java:504)
01-07 03:08:25.991  4738  4738 W System.err: 		... 27 more
01-07 03:08:25.991  4738  4738 W System.err: 	Caused by: java.lang.NoClassDefFoundError: Class not found using the boot class loader; no stack available
01-07 03:08:26.004  2146  2932 I ActivityManager: START u0 {flg=0x10000000 cmp=com.kiloo.subwaysurf/.RRAndroidPluginActivity} from uid 10053 on display 0
01-07 03:08:26.007  4771  4771 W linker  : [vdso]: unused DT entry: type 0x6ffffef5 arg 0xec
01-07 03:08:26.008  4771  4771 E cutils-trace: Error opening trace file: Permission denied (13)
01-07 03:08:26.008  4771  4771 I dex2oat : /system/bin/dex2oat --runtime-arg -classpath --runtime-arg  --instruction-set=x86 --instruction-set-features=default --runtime-arg -Xrelocate --boot-image=/system/framework/boot.art --dex-file=/data/data/com.kiloo.subwaysurf/.ucache/classez.jar --oat-fd=14 --oat-location=/data/data/com.kiloo.subwaysurf/.ucache/classez.dex --runtime-arg -Xms64m --runtime-arg -Xmx512m
01-07 03:08:26.044  2146  2932 V WindowManager: addAppToken: AppWindowToken{c49ac6c token=Token{38dbd11f ActivityRecord{258f9cbe u0 com.kiloo.subwaysurf/.RRAndroidPluginActivity t19}}} to stack=1 task=19 at 1
01-07 03:08:26.078  2146  2932 V WindowManager: Based on layer: Adding window Window{117b6028 u0 Starting com.kiloo.subwaysurf} at 6 of 11
01-07 03:08:26.099  2274  2274 V PhoneStatusBar: setLightsOn(true)
01-07 03:08:26.252  4771  4771 I dex2oat : dex2oat took 244.045ms (threads: 8) arena alloc=149KB java alloc=2MB native alloc=7MB free=8MB
01-07 03:08:26.254  4738  4767 E unipaysdk_2.3.0: UnipaySDK ERR:724  none error
01-07 03:08:26.298  2146  2188 I InputDispatcher: Dropping event because there is no touchable window at (1180, 919).
01-07 03:08:26.306  2146  2188 I InputDispatcher: Dropping event because there is no touchable window at (1183, 917).
01-07 03:08:26.312  2146  2548 D KbdSensor: poll_activate: dev=0x7f780d866680 handle=0 enabled=1
01-07 03:08:26.312  2146  2548 D KbdSensor: poll_setDelay: dev=0x7f780d866680 delay-ns=66667000
01-07 03:08:26.378  2146  2548 I ActivityManager: Config changes=480 {1.0 ?mcc?mnc zh_CN ldltr sw720dp w720dp h1206dp 240dpi lrg long port -touch qwerty/v/v -nav/h s.9}
01-07 03:08:26.379  2146  2146 V ActivityManager: Display changed displayId=0
01-07 03:08:26.380  2146  2189 I InputReader: Reconfiguring input devices.  changes=0x00000004
01-07 03:08:26.411  2274  4781 E ActivityThread: Failed to find provider info for com.android.contacts
01-07 03:08:26.424  4738  4738 I hashcode: hashcode = 7296
01-07 03:08:26.458  2146  2212 D WifiService: New client listening to asynchronous messages
01-07 03:08:26.570  1878  1903 E Vold    : Failed to find mounted volume for /storage/usb1/Android/obb/com.kiloo.subwaysurf/
01-07 03:08:26.571  4738  4738 W ContextImpl: Failed to ensure directory: /storage/usb1/Android/obb/com.kiloo.subwaysurf
01-07 03:08:26.571  1878  1903 E Vold    : Failed to find mounted volume for /storage/usb2/Android/obb/com.kiloo.subwaysurf/
01-07 03:08:26.572  4738  4738 W ContextImpl: Failed to ensure directory: /storage/usb2/Android/obb/com.kiloo.subwaysurf
01-07 03:08:26.572  1878  1903 E Vold    : Failed to find mounted volume for /storage/usb3/Android/obb/com.kiloo.subwaysurf/
01-07 03:08:26.573  4738  4738 W ContextImpl: Failed to ensure directory: /storage/usb3/Android/obb/com.kiloo.subwaysurf
01-07 03:08:26.573  1878  1903 E Vold    : Failed to find mounted volume for /storage/sdcard1/Android/obb/com.kiloo.subwaysurf/
01-07 03:08:26.574  4738  4738 W ContextImpl: Failed to ensure directory: /storage/sdcard1/Android/obb/com.kiloo.subwaysurf
01-07 03:08:26.575  1878  1903 E Vold    : Failed to find mounted volume for /storage/usb1/Android/data/com.kiloo.subwaysurf/files/
