01-07 03:08:26.576  4738  4738 W ContextImpl: Failed to ensure directory: /storage/usb1/Android/data/com.kiloo.subwaysurf/files
01-07 03:08:26.576  1878  1903 E Vold    : Failed to find mounted volume for /storage/usb2/Android/data/com.kiloo.subwaysurf/files/
01-07 03:08:26.576  4738  4738 W ContextImpl: Failed to ensure directory: /storage/usb2/Android/data/com.kiloo.subwaysurf/files
01-07 03:08:26.577  1878  1903 E Vold    : Failed to find mounted volume for /storage/usb3/Android/data/com.kiloo.subwaysurf/files/
01-07 03:08:26.577  4738  4738 W ContextImpl: Failed to ensure directory: /storage/usb3/Android/data/com.kiloo.subwaysurf/files
01-07 03:08:26.578  1878  1903 E Vold    : Failed to find mounted volume for /storage/sdcard1/Android/data/com.kiloo.subwaysurf/files/
01-07 03:08:26.578  4738  4738 W ContextImpl: Failed to ensure directory: /storage/sdcard1/Android/data/com.kiloo.subwaysurf/files
01-07 03:08:26.578  4738  4738 D AndroidRuntime: Shutting down VM
01-07 03:08:26.578  4738  4738 E AndroidRuntime: FATAL EXCEPTION: main
01-07 03:08:26.578  4738  4738 E AndroidRuntime: Process: com.kiloo.subwaysurf, PID: 4738
01-07 03:08:26.578  4738  4738 E AndroidRuntime: java.lang.RuntimeException: Unable to start activity ComponentInfo{com.kiloo.subwaysurf/com.kiloo.subwaysurf.RRAndroidPluginActivity}: java.lang.IllegalArgumentException: Unable to load native library: /data/app/com.kiloo.subwaysurf-1/lib/arm/libmain.so
01-07 03:08:26.578  4738  4738 E AndroidRuntime: 	at android.app.ActivityThread.performLaunchActivity(ActivityThread.java:2325)
01-07 03:08:26.578  4738  4738 E AndroidRuntime: 	at android.app.ActivityThread.handleLaunchActivity(ActivityThread.java:2387)
01-07 03:08:26.578  4738  4738 E AndroidRuntime: 	at android.app.ActivityThread.access$800(ActivityThread.java:151)
01-07 03:08:26.578  4738  4738 E AndroidRuntime: 	at android.app.ActivityThread$H.handleMessage(ActivityThread.java:1303)
01-07 03:08:26.578  4738  4738 E AndroidRuntime: 	at android.os.Handler.dispatchMessage(Handler.java:102)
01-07 03:08:26.578  4738  4738 E AndroidRuntime: 	at android.os.Looper.loop(Looper.java:135)
01-07 03:08:26.578  4738  4738 E AndroidRuntime: 	at android.app.ActivityThread.main(ActivityThread.java:5254)
01-07 03:08:26.578  4738  4738 E AndroidRuntime: 	at java.lang.reflect.Method.invoke(Native Method)
01-07 03:08:26.578  4738  4738 E AndroidRuntime: 	at java.lang.reflect.Method.invoke(Method.java:372)
01-07 03:08:26.578  4738  4738 E AndroidRuntime: 	at com.android.internal.os.ZygoteInit$MethodAndArgsCaller.run(ZygoteInit.java:903)
01-07 03:08:26.578  4738  4738 E AndroidRuntime: 	at com.android.internal.os.ZygoteInit.main(ZygoteInit.java:698)
01-07 03:08:26.578  4738  4738 E AndroidRuntime: Caused by: java.lang.IllegalArgumentException: Unable to load native library: /data/app/com.kiloo.subwaysurf-1/lib/arm/libmain.so
01-07 03:08:26.578  4738  4738 E AndroidRuntime: 	at android.app.NativeActivity.onCreate(NativeActivity.java:182)
01-07 03:08:26.578  4738  4738 E AndroidRuntime: 	at com.unity3d.player.UnityPlayerNativeActivity.onCreate(Unknown Source)
01-07 03:08:26.578  4738  4738 E AndroidRuntime: 	at com.kiloo.subwaysurf.RRAndroidPluginActivity.onCreate(RRAndroidPluginActivity.java:107)
01-07 03:08:26.578  4738  4738 E AndroidRuntime: 	at android.app.Activity.performCreate(Activity.java:5990)
01-07 03:08:26.578  4738  4738 E AndroidRuntime: 	at android.app.Instrumentation.callActivityOnCreate(Instrumentation.java:1106)
01-07 03:08:26.578  4738  4738 E AndroidRuntime: 	at android.app.ActivityThread.performLaunchActivity(ActivityThread.java:2278)
01-07 03:08:26.578  4738  4738 E AndroidRuntime: 	... 10 more
01-07 03:08:26.584  2146  2167 W ActivityManager:   Force finishing activity 1 com.kiloo.subwaysurf/.RRAndroidPluginActivity
01-07 03:08:26.595  2146  2176 D KbdSensor: poll_activate: dev=0x7f780d866680 handle=0 enabled=0
01-07 03:08:26.685  2146  2176 I ActivityManager: Config changes=480 {1.0 ?mcc?mnc zh_CN ldltr sw720dp w1280dp h646dp 240dpi lrg long land -touch qwerty/v/v -nav/h s.10}
01-07 03:08:26.695  2146  2146 V ActivityManager: Display changed displayId=0
01-07 03:08:26.696  2146  2189 I InputReader: Reconfiguring input devices.  changes=0x00000004
01-07 03:08:26.710  2274  4790 E ActivityThread: Failed to find provider info for com.android.contacts
01-07 03:08:26.747  2146  2197 I EGL-DRI2: DRI2: found extension DRI_Core version 1
01-07 03:08:26.747  2146  2197 I EGL-DRI2: DRI2: found extension DRI_DRI2 version 4
01-07 03:08:26.759  2146  2197 I EGL-DRI2: DRI2: found extension DRI_TexBuffer version 3
01-07 03:08:26.759  2146  2197 I EGL-DRI2: DRI2: found extension DRI2_Flush version 4
01-07 03:08:26.759  2146  2197 I EGL-DRI2: DRI2: found extension DRI_IMAGE version 11
01-07 03:08:26.759  2146  2197 I OpenGLRenderer: Initialized EGL, version 1.4
01-07 03:08:26.828  2146  2176 I WindowManager: Screen frozen for +515ms due to Window{2247089c u0 Application Error: com.kiloo.subwaysurf}
01-07 03:08:27.186  2146  2171 W ActivityManager: Activity pause timeout for ActivityRecord{258f9cbe u0 com.kiloo.subwaysurf/.RRAndroidPluginActivity t19 f}
01-07 03:08:27.221  4796  4796 W linker  : [vdso]: unused DT entry: type 0x6ffffef5 arg 0x160
01-07 03:08:27.226  4797  4797 W linker  : [vdso]: unused DT entry: type 0x6ffffef5 arg 0x160
01-07 03:08:27.231  4798  4798 W linker  : [vdso]: unused DT entry: type 0x6ffffef5 arg 0x160
01-07 03:08:27.234  4799  4799 W linker  : [vdso]: unused DT entry: type 0x6ffffef5 arg 0x160
01-07 03:08:27.338  4801  4801 W linker  : [vdso]: unused DT entry: type 0x6ffffef5 arg 0x160
01-07 03:08:27.342  4802  4802 W linker  : [vdso]: unused DT entry: type 0x6ffffef5 arg 0x160
01-07 03:08:27.345  4803  4803 W linker  : [vdso]: unused DT entry: type 0x6ffffef5 arg 0x160
01-07 03:08:27.377  4804  4804 W linker  : [vdso]: unused DT entry: type 0x6ffffef5 arg 0x160
01-07 03:08:27.379  4805  4805 W linker  : [vdso]: unused DT entry: type 0x6ffffef5 arg 0x160
01-07 03:08:27.381  4806  4806 W linker  : [vdso]: unused DT entry: type 0x6ffffef5 arg 0x160
01-07 03:08:28.197  2274  2274 W ResourceType: No package identifier when getting value for resource number 0x00000000
01-07 03:08:28.197  2274  2274 W PackageManager: Failure retrieving resources for com.cyanogenmod.filemanager: Resource ID #0x0
01-07 03:08:28.913  2146  2176 I art     : Explicit concurrent mark sweep GC freed 22197(1323KB) AllocSpace objects, 6(93KB) LOS objects, 33% free, 15MB/22MB, paused 377us total 11.869ms
01-07 03:08:30.125  4807  4807 W linker  : [vdso]: unused DT entry: type 0x6ffffef5 arg 0x160
01-07 03:08:30.148  2146  2217 W AudioTrack: AUDIO_OUTPUT_FLAG_FAST denied by client
01-07 03:08:30.160  1886  2143 D audio_hw_primary: found out /dev/snd/pcmC0D0p
01-07 03:08:30.162  4738  4738 I Process : Sending signal. PID: 4738 SIG: 9
01-07 03:08:30.178  2146  2197 D OpenGLRenderer: endAllStagingAnimators on 0x7f77f6f20400 (RippleDrawable) with handle 0x7f77f6cdac00
01-07 03:08:30.180  2146  2212 D WifiService: Client connection lost with reason: 4
01-07 03:08:30.184  2146  4789 I ActivityManager: Process com.kiloo.subwaysurf (pid 4738) has died
01-07 03:08:30.184  3405  3405 W IInputConnectionWrapper: showStatusIcon on inactive InputConnection
01-07 03:08:30.923  2146  2229 D TaskPersister: removeObsoleteFile: deleting file=19_task.xml
01-07 03:08:31.134  2146  2171 I ActivityManager: Waited long enough for: ServiceRecord{e6edf80 u0 com.baidu.netdisk/.service.NetdiskService}
01-07 03:08:32.044  2146  2171 I ActivityManager: Waited long enough for: ServiceRecord{15d5dc8 u0 com.halfbrick.fruitninja/com.unicom.wostore.unipay.paysecurity.SecurityServiceFramework}
01-07 03:08:32.154  2146  2171 I ActivityManager: Waited long enough for: ServiceRecord{21ce8e74 u0 com.halfbrick.fruitninja/cn.egame.terminal.sdk.EgameCoreService}
01-07 03:08:32.516  2146  2217 W AudioTrack: AUDIO_OUTPUT_FLAG_FAST denied by client
01-07 03:08:32.531  2146  2534 I ActivityManager: START u0 {act=com.android.systemui.recents.SHOW_RECENTS flg=0x10804000 cmp=com.android.systemui/.recents.RecentsActivity} from uid 10010 on display 0
01-07 03:08:32.620  2146  4789 W InputMethodManagerService: Starting input on non-focused client com.android.internal.view.IInputMethodClient$Stub$Proxy@36df5af6 (uid=10017 pid=3180)
01-07 03:08:33.388  2146  2217 W AudioTrack: AUDIO_OUTPUT_FLAG_FAST denied by client
01-07 03:08:33.464  3009  3009 I Term    : Bound to TermService
01-07 03:08:33.464  3009  3009 I TermService: Activity binding to service
01-07 03:08:33.717  2146  2171 I ActivityManager: Start proc 4816:com.halfbrick.fruitninja:egameCore/u0a52 for service com.halfbrick.fruitninja/cn.egame.terminal.sdk.EgameCoreService
01-07 03:08:33.726  1890  1890 I art     : Explicit concurrent mark sweep GC freed 709(30KB) AllocSpace objects, 0(0B) LOS objects, 40% free, 1904KB/3MB, paused 153us total 9.188ms
01-07 03:08:33.730  4816  4816 I ActivityThread: Switching default density from 160 to 240
01-07 03:08:33.736  1890  1890 I art     : Explicit concurrent mark sweep GC freed 5(160B) AllocSpace objects, 0(0B) LOS objects, 40% free, 1904KB/3MB, paused 133us total 9.544ms
01-07 03:08:33.737  4816  4816 D SkynetApi: onApplicationCreate
01-07 03:08:33.737  4816  4816 W System.err: java.lang.ClassNotFoundException: com.skynet.android.uc.UC
01-07 03:08:33.737  4816  4816 W System.err: 	at java.lang.Class.classForName(Native Method)
01-07 03:08:33.737  4816  4816 W System.err: 	at java.lang.Class.forName(Class.java:309)
01-07 03:08:33.738  4816  4816 W System.err: 	at java.lang.Class.forName(Class.java:273)
01-07 03:08:33.738  4816  4816 W System.err: 	at com.skynet.android.Skynet.invoke(SourceFile:4060)
01-07 03:08:33.738  4816  4816 W System.err: 	at com.skynet.android.Skynet.onApplicationCreate(SourceFile:3542)
01-07 03:08:33.738  4816  4816 W System.err: 	at com.halfbrick.mortar.MortarApplication.onCreate(MortarApplication.java:29)
01-07 03:08:33.738  4816  4816 W System.err: 	at android.app.Instrumentation.callApplicationOnCreate(Instrumentation.java:1012)
01-07 03:08:33.738  4816  4816 W System.err: 	at android.app.ActivityThread.handleBindApplication(ActivityThread.java:4553)
01-07 03:08:33.738  4816  4816 W System.err: 	at android.app.ActivityThread.access$1500(ActivityThread.java:151)
01-07 03:08:33.738  4816  4816 W System.err: 	at android.app.ActivityThread$H.handleMessage(ActivityThread.java:1364)
01-07 03:08:33.738  4816  4816 W System.err: 	at android.os.Handler.dispatchMessage(Handler.java:102)
01-07 03:08:33.738  4816  4816 W System.err: 	at android.os.Looper.loop(Looper.java:135)
01-07 03:08:33.738  4816  4816 W System.err: 	at android.app.ActivityThread.main(ActivityThread.java:5254)
01-07 03:08:33.738  4816  4816 W System.err: 	at java.lang.reflect.Method.invoke(Native Method)
01-07 03:08:33.738  4816  4816 W System.err: 	at java.lang.reflect.Method.invoke(Method.java:372)
01-07 03:08:33.738  4816  4816 W System.err: 	at com.android.internal.os.ZygoteInit$MethodAndArgsCaller.run(ZygoteInit.java:903)
01-07 03:08:33.738  4816  4816 W System.err: 	at com.android.internal.os.ZygoteInit.main(ZygoteInit.java:698)
01-07 03:08:33.738  4816  4816 W System.err: Caused by: java.lang.ClassNotFoundException: Didn't find class "com.skynet.android.uc.UC" on path: DexPathList[[zip file "/data/app/com.halfbrick.fruitninja-1/base.apk"],nativeLibraryDirectories=[/data/app/com.halfbrick.fruitninja-1/lib/x86, /vendor/lib, /system/lib]]
01-07 03:08:33.738  4816  4816 W System.err: 	at dalvik.system.BaseDexClassLoader.findClass(BaseDexClassLoader.java:56)
01-07 03:08:33.738  4816  4816 W System.err: 	at java.lang.ClassLoader.loadClass(ClassLoader.java:511)
01-07 03:08:33.738  4816  4816 W System.err: 	at java.lang.ClassLoader.loadClass(ClassLoader.java:469)
01-07 03:08:33.738  4816  4816 W System.err: 	... 17 more
01-07 03:08:33.738  4816  4816 W System.err: 	Suppressed: java.lang.ClassNotFoundException: com.skynet.android.uc.UC
01-07 03:08:33.738  4816  4816 W System.err: 		at java.lang.Class.classForName(Native Method)
01-07 03:08:33.738  4816  4816 W System.err: 		at java.lang.BootClassLoader.findClass(ClassLoader.java:781)
01-07 03:08:33.738  4816  4816 W System.err: 		at java.lang.BootClassLoader.loadClass(ClassLoader.java:841)
01-07 03:08:33.738  4816  4816 W System.err: 		at java.lang.ClassLoader.loadClass(ClassLoader.java:504)
01-07 03:08:33.738  4816  4816 W System.err: 		... 18 more
01-07 03:08:33.738  4816  4816 W System.err: 	Caused by: java.lang.NoClassDefFoundError: Class not found using the boot class loader; no stack available
01-07 03:08:33.739  4816  4816 W System.err: java.lang.ClassNotFoundException: com.gionee.game.offlinesdk.GamePlatform
01-07 03:08:33.739  4816  4816 W System.err: 	at java.lang.Class.classForName(Native Method)
01-07 03:08:33.739  4816  4816 W System.err: 	at java.lang.Class.forName(Class.java:309)
01-07 03:08:33.739  4816  4816 W System.err: 	at com.skynet.android.amigo.Amigo.isEnable(SourceFile:27)
01-07 03:08:33.739  4816  4816 W System.err: 	at com.skynet.android.amigo.Amigo.onApplicationCreate(SourceFile:17)
01-07 03:08:33.739  4816  4816 W System.err: 	at java.lang.reflect.Method.invoke(Native Method)
01-07 03:08:33.739  4816  4816 W System.err: 	at java.lang.reflect.Method.invoke(Method.java:372)
01-07 03:08:33.739  4816  4816 W System.err: 	at com.skynet.android.Skynet.invoke(SourceFile:4068)
01-07 03:08:33.739  4816  4816 W System.err: 	at com.skynet.android.Skynet.onApplicationCreate(SourceFile:3544)
01-07 03:08:33.739  4816  4816 W System.err: 	at com.halfbrick.mortar.MortarApplication.onCreate(MortarApplication.java:29)
01-07 03:08:33.739  4816  4816 W System.err: 	at android.app.Instrumentation.callApplicationOnCreate(Instrumentation.java:1012)
01-07 03:08:33.739  4816  4816 W System.err: 	at android.app.ActivityThread.handleBindApplication(ActivityThread.java:4553)
01-07 03:08:33.739  4816  4816 W System.err: 	at android.app.ActivityThread.access$1500(ActivityThread.java:151)
01-07 03:08:33.739  4816  4816 W System.err: 	at android.app.ActivityThread$H.handleMessage(ActivityThread.java:1364)
01-07 03:08:33.739  4816  4816 W System.err: 	at android.os.Handler.dispatchMessage(Handler.java:102)
01-07 03:08:33.739  4816  4816 W System.err: 	at android.os.Looper.loop(Looper.java:135)
01-07 03:08:33.739  4816  4816 W System.err: 	at android.app.ActivityThread.main(ActivityThread.java:5254)
01-07 03:08:33.739  4816  4816 W System.err: 	at java.lang.reflect.Method.invoke(Native Method)
01-07 03:08:33.739  4816  4816 W System.err: 	at java.lang.reflect.Method.invoke(Method.java:372)
01-07 03:08:33.739  4816  4816 W System.err: 	at com.android.internal.os.ZygoteInit$MethodAndArgsCaller.run(ZygoteInit.java:903)
01-07 03:08:33.739  4816  4816 W System.err: 	at com.android.internal.os.ZygoteInit.main(ZygoteInit.java:698)
01-07 03:08:33.739  4816  4816 W System.err: Caused by: java.lang.ClassNotFoundException: Didn't find class "com.gionee.game.offlinesdk.GamePlatform" on path: DexPathList[[zip file "/data/app/com.halfbrick.fruitninja-1/base.apk"],nativeLibraryDirectories=[/data/app/com.halfbrick.fruitninja-1/lib/x86, /vendor/lib, /system/lib]]
01-07 03:08:33.739  4816  4816 W System.err: 	at dalvik.system.BaseDexClassLoader.findClass(BaseDexClassLoader.java:56)
01-07 03:08:33.739  4816  4816 W System.err: 	at java.lang.ClassLoader.loadClass(ClassLoader.java:511)
01-07 03:08:33.739  4816  4816 W System.err: 	at java.lang.ClassLoader.loadClass(ClassLoader.java:469)
01-07 03:08:33.739  4816  4816 W System.err: 	... 20 more
01-07 03:08:33.739  4816  4816 W System.err: 	Suppressed: java.lang.ClassNotFoundException: com.gionee.game.offlinesdk.GamePlatform
01-07 03:08:33.739  4816  4816 W System.err: 		at java.lang.Class.classForName(Native Method)
01-07 03:08:33.739  4816  4816 W System.err: 		at java.lang.BootClassLoader.findClass(ClassLoader.java:781)
01-07 03:08:33.739  4816  4816 W System.err: 		at java.lang.BootClassLoader.loadClass(ClassLoader.java:841)
01-07 03:08:33.739  4816  4816 W System.err: 		at java.lang.ClassLoader.loadClass(ClassLoader.java:504)
01-07 03:08:33.739  4816  4816 W System.err: 		... 21 more
01-07 03:08:33.739  4816  4816 W System.err: 	Caused by: java.lang.NoClassDefFoundError: Class not found using the boot class loader; no stack available
01-07 03:08:33.739  2146  4789 W ActivityManager: getRunningAppProcesses: caller 10052 does not hold REAL_GET_TASKS; limiting output
01-07 03:08:33.740  4816  4816 D AndroidRuntime: Shutting down VM
01-07 03:08:33.740  4816  4816 E AndroidRuntime: FATAL EXCEPTION: main
01-07 03:08:33.740  4816  4816 E AndroidRuntime: Process: com.halfbrick.fruitninja:egameCore, PID: 4816
01-07 03:08:33.740  4816  4816 E AndroidRuntime: java.lang.UnsatisfiedLinkError: dalvik.system.PathClassLoader[DexPathList[[zip file "/data/app/com.halfbrick.fruitninja-1/base.apk"],nativeLibraryDirectories=[/data/app/com.halfbrick.fruitninja-1/lib/x86, /vendor/lib, /system/lib]]] couldn't find "libegamepay_dr2.so"
01-07 03:08:33.740  4816  4816 E AndroidRuntime: 	at java.lang.Runtime.loadLibrary(Runtime.java:366)
01-07 03:08:33.740  4816  4816 E AndroidRuntime: 	at java.lang.System.loadLibrary(System.java:988)
01-07 03:08:33.740  4816  4816 E AndroidRuntime: 	at cn.egame.terminal.sdk.jni.EgamePayProtocol.<clinit>(EgamePayProtocol.java:25)
01-07 03:08:33.740  4816  4816 E AndroidRuntime: 	at cn.egame.terminal.sdk.EgameCoreService.onCreate(EgameCoreService.java:74)
01-07 03:08:33.740  4816  4816 E AndroidRuntime: 	at android.app.ActivityThread.handleCreateService(ActivityThread.java:2761)
01-07 03:08:33.740  4816  4816 E AndroidRuntime: 	at android.app.ActivityThread.access$1800(ActivityThread.java:151)
01-07 03:08:33.740  4816  4816 E AndroidRuntime: 	at android.app.ActivityThread$H.handleMessage(ActivityThread.java:1386)
01-07 03:08:33.740  4816  4816 E AndroidRuntime: 	at android.os.Handler.dispatchMessage(Handler.java:102)
01-07 03:08:33.740  4816  4816 E AndroidRuntime: 	at android.os.Looper.loop(Looper.java:135)
01-07 03:08:33.740  4816  4816 E AndroidRuntime: 	at android.app.ActivityThread.main(ActivityThread.java:5254)
01-07 03:08:33.740  4816  4816 E AndroidRuntime: 	at java.lang.reflect.Method.invoke(Native Method)
01-07 03:08:33.740  4816  4816 E AndroidRuntime: 	at java.lang.reflect.Method.invoke(Method.java:372)
01-07 03:08:33.740  4816  4816 E AndroidRuntime: 	at com.android.internal.os.ZygoteInit$MethodAndArgsCaller.run(ZygoteInit.java:903)
01-07 03:08:33.740  4816  4816 E AndroidRuntime: 	at com.android.internal.os.ZygoteInit.main(ZygoteInit.java:698)
01-07 03:08:33.743  1890  1890 I art     : Explicit concurrent mark sweep GC freed 5(160B) AllocSpace objects, 0(0B) LOS objects, 40% free, 1904KB/3MB, paused 70us total 6.694ms
01-07 03:08:33.798  2146  2197 I EGL-DRI2: DRI2: found extension DRI_Core version 1
01-07 03:08:33.798  2146  2197 I EGL-DRI2: DRI2: found extension DRI_DRI2 version 4
01-07 03:08:33.809  2146  2197 I EGL-DRI2: DRI2: found extension DRI_TexBuffer version 3
01-07 03:08:33.809  2146  2197 I EGL-DRI2: DRI2: found extension DRI2_Flush version 4
01-07 03:08:33.809  2146  2197 I EGL-DRI2: DRI2: found extension DRI_IMAGE version 11
01-07 03:08:33.809  2146  2197 I OpenGLRenderer: Initialized EGL, version 1.4
01-07 03:08:34.416  2274  2274 W ResourceType: No package identifier when getting value for resource number 0x00000000
01-07 03:08:34.416  2274  2274 W PackageManager: Failure retrieving resources for com.cyanogenmod.filemanager: Resource ID #0x0
01-07 03:08:35.133  4840  4840 W linker  : [vdso]: unused DT entry: type 0x6ffffef5 arg 0x160
01-07 03:08:35.756  2146  2217 W AudioTrack: AUDIO_OUTPUT_FLAG_FAST denied by client
01-07 03:08:35.762  4816  4816 I Process : Sending signal. PID: 4816 SIG: 9
01-07 03:08:35.764  2146  2197 D OpenGLRenderer: endAllStagingAnimators on 0x7f77f6f27c00 (RippleDrawable) with handle 0x7f77f280d5c0
01-07 03:08:35.766  2146  2548 W InputMethodManagerService: Window already focused, ignoring focus gain of: com.android.internal.view.IInputMethodClient$Stub$Proxy@3dc4aa32 attribute=null, token = android.os.BinderProxy@344b8b7
01-07 03:08:35.774  2146  2932 I ActivityManager: Process com.halfbrick.fruitninja:egameCore (pid 4816) has died
01-07 03:08:35.774  2146  2932 W ActivityManager: Service crashed 2 times, stopping: ServiceRecord{21ce8e74 u0 com.halfbrick.fruitninja/cn.egame.terminal.sdk.EgameCoreService}
01-07 03:08:40.145  4842  4842 W linker  : [vdso]: unused DT entry: type 0x6ffffef5 arg 0x160
01-07 03:08:43.713  2146  2171 I ActivityManager: Start proc 4843:com.baidu.netdisk/u0a50 for service com.baidu.netdisk/.service.NetdiskService
01-07 03:08:43.722  4843  4843 I ActivityThread: Switching default density from 160 to 240
01-07 03:08:43.722  4843  4843 W ResourcesManager: Asset path '/system/framework/android.test.runner.jar' does not exist or contains no resources.
01-07 03:08:43.724  4843  4843 I MultiDex: VM with version 2.1.0 has multidex support
01-07 03:08:43.724  4843  4843 I MultiDex: install
01-07 03:08:43.724  4843  4843 I MultiDex: VM has multidex support, MultiDex support library is disabled.
01-07 03:08:43.726  4843  4843 D ActivityThread: Loading provider com.baidu.netdisk.account: com.baidu.netdisk.account.storage.AccountProvider
01-07 03:08:43.840  2146  2534 I ActivityManager: Start proc 4877:com.baidu.netdisk:bdservice_v1/u0a50 for service com.baidu.netdisk/com.baidu.android.pushservice.PushService
01-07 03:08:43.841  4843  4843 V CommonParams: cast to int com.baidu.android.pushservice.PushSettings.debug_mode Exception. 
01-07 03:08:43.846  2146  2534 W ActivityManager: getRunningAppProcesses: caller 10050 does not hold REAL_GET_TASKS; limiting output
01-07 03:08:43.852  4877  4877 I ActivityThread: Switching default density from 160 to 240
01-07 03:08:43.853  4877  4877 W ResourcesManager: Asset path '/system/framework/android.test.runner.jar' does not exist or contains no resources.
01-07 03:08:43.855  4877  4877 I MultiDex: VM with version 2.1.0 has multidex support
01-07 03:08:43.855  4877  4877 I MultiDex: install
01-07 03:08:43.855  4877  4877 I MultiDex: VM has multidex support, MultiDex support library is disabled.
01-07 03:08:43.857  4877  4877 V CommonParams: cast to int com.baidu.android.pushservice.PushSettings.debug_mode Exception. 
01-07 03:08:43.857  2404  2404 W Launcher: setApplicationContext called twice! old=com.android.launcher3.LauncherApplication@29ade369 new=com.android.launcher3.LauncherApplication@29ade369
01-07 03:08:43.857  2404  2404 W Launcher: setApplicationContext called twice! old=com.android.launcher3.LauncherApplication@29ade369 new=com.android.launcher3.LauncherApplication@29ade369
01-07 03:08:43.860  4877  4877 E BaiduAppSSOJni: Native library not found! Please copy libbdpush_V2_4.so into your project!
01-07 03:08:43.861  4877  4877 E art     : No implementation found for byte[] com.baidu.android.pushservice.jni.BaiduAppSSOJni.getKey(java.lang.String) (tried Java_com_baidu_android_pushservice_jni_BaiduAppSSOJni_getKey and Java_com_baidu_android_pushservice_jni_BaiduAppSSOJni_getKey__Ljava_lang_String_2)
01-07 03:08:43.861  4877  4877 E BaiduAppSSOJni: error = No implementation found for byte[] com.baidu.android.pushservice.jni.BaiduAppSSOJni.getKey(java.lang.String) (tried Java_com_baidu_android_pushservice_jni_BaiduAppSSOJni_getKey and Java_com_baidu_android_pushservice_jni_BaiduAppSSOJni_getKey__Ljava_lang_String_2)
01-07 03:08:43.862  4877  4877 E socket  : Native library not found! Please copy libbdpush_V2_4.so into your project!
01-07 03:08:43.864  4843  4843 I System  : Loaded time zone names for "zh_CN" in 6ms (6ms in ICU)
01-07 03:08:43.865  4877  4877 E art     : No implementation found for byte[] com.baidu.android.pushservice.jni.BaiduAppSSOJni.getKey(java.lang.String) (tried Java_com_baidu_android_pushservice_jni_BaiduAppSSOJni_getKey and Java_com_baidu_android_pushservice_jni_BaiduAppSSOJni_getKey__Ljava_lang_String_2)
01-07 03:08:43.865  4877  4877 E BaiduAppSSOJni: error = No implementation found for byte[] com.baidu.android.pushservice.jni.BaiduAppSSOJni.getKey(java.lang.String) (tried Java_com_baidu_android_pushservice_jni_BaiduAppSSOJni_getKey and Java_com_baidu_android_pushservice_jni_BaiduAppSSOJni_getKey__Ljava_lang_String_2)
01-07 03:08:43.868  4877  4877 E art     : No implementation found for byte[] com.baidu.android.pushservice.jni.BaiduAppSSOJni.getKey(java.lang.String) (tried Java_com_baidu_android_pushservice_jni_BaiduAppSSOJni_getKey and Java_com_baidu_android_pushservice_jni_BaiduAppSSOJni_getKey__Ljava_lang_String_2)
01-07 03:08:43.868  4877  4877 E BaiduAppSSOJni: error = No implementation found for byte[] com.baidu.android.pushservice.jni.BaiduAppSSOJni.getKey(java.lang.String) (tried Java_com_baidu_android_pushservice_jni_BaiduAppSSOJni_getKey and Java_com_baidu_android_pushservice_jni_BaiduAppSSOJni_getKey__Ljava_lang_String_2)
01-07 03:08:43.870  4877  4877 E art     : No implementation found for byte[] com.baidu.android.pushservice.jni.BaiduAppSSOJni.getKey(java.lang.String) (tried Java_com_baidu_android_pushservice_jni_BaiduAppSSOJni_getKey and Java_com_baidu_android_pushservice_jni_BaiduAppSSOJni_getKey__Ljava_lang_String_2)
01-07 03:08:43.870  4877  4877 E BaiduAppSSOJni: error = No implementation found for byte[] com.baidu.android.pushservice.jni.BaiduAppSSOJni.getKey(java.lang.String) (tried Java_com_baidu_android_pushservice_jni_BaiduAppSSOJni_getKey and Java_com_baidu_android_pushservice_jni_BaiduAppSSOJni_getKey__Ljava_lang_String_2)
01-07 03:08:43.871  4877  4877 I Process : Sending signal. PID: 4877 SIG: 9
01-07 03:08:43.886  2146  2534 I ActivityManager: Process com.baidu.netdisk:bdservice_v1 (pid 4877) has died
01-07 03:08:43.893  4843  4843 D AndroidRuntime: Shutting down VM
01-07 03:08:43.893  4843  4843 E AndroidRuntime: FATAL EXCEPTION: main
01-07 03:08:43.893  4843  4843 E AndroidRuntime: Process: com.baidu.netdisk, PID: 4843
01-07 03:08:43.893  4843  4843 E AndroidRuntime: java.lang.UnsatisfiedLinkError: dalvik.system.PathClassLoader[DexPathList[[zip file "/system/framework/android.test.runner.jar", zip file "/data/app/com.baidu.netdisk-1/base.apk"],nativeLibraryDirectories=[/data/app/com.baidu.netdisk-1/lib/x86, /vendor/lib, /system/lib]]] couldn't find "libBaiduMapSDK_v3_2_0_15.so"
01-07 03:08:43.893  4843  4843 E AndroidRuntime: 	at java.lang.Runtime.loadLibrary(Runtime.java:366)
01-07 03:08:43.893  4843  4843 E AndroidRuntime: 	at java.lang.System.loadLibrary(System.java:988)
01-07 03:08:43.893  4843  4843 E AndroidRuntime: 	at com.baidu.mapapi.a.<clinit>(Unknown Source)
01-07 03:08:43.893  4843  4843 E AndroidRuntime: 	at com.baidu.mapapi.SDKInitializer.initialize(Unknown Source)
01-07 03:08:43.893  4843  4843 E AndroidRuntime: 	at com.baidu.mapapi.SDKInitializer.initialize(Unknown Source)
01-07 03:08:43.893  4843  4843 E AndroidRuntime: 	at com.baidu.netdisk.NetDiskApplication.onCreate(SourceFile:234)
01-07 03:08:43.893  4843  4843 E AndroidRuntime: 	at android.app.Instrumentation.callApplicationOnCreate(Instrumentation.java:1012)
01-07 03:08:43.893  4843  4843 E AndroidRuntime: 	at android.app.ActivityThread.handleBindApplication(ActivityThread.java:4553)
01-07 03:08:43.893  4843  4843 E AndroidRuntime: 	at android.app.ActivityThread.access$1500(ActivityThread.java:151)
01-07 03:08:43.893  4843  4843 E AndroidRuntime: 	at android.app.ActivityThread$H.handleMessage(ActivityThread.java:1364)
01-07 03:08:43.893  4843  4843 E AndroidRuntime: 	at android.os.Handler.dispatchMessage(Handler.java:102)
01-07 03:08:43.893  4843  4843 E AndroidRuntime: 	at android.os.Looper.loop(Looper.java:135)
01-07 03:08:43.893  4843  4843 E AndroidRuntime: 	at android.app.ActivityThread.main(ActivityThread.java:5254)
01-07 03:08:43.893  4843  4843 E AndroidRuntime: 	at java.lang.reflect.Method.invoke(Native Method)
01-07 03:08:43.893  4843  4843 E AndroidRuntime: 	at java.lang.reflect.Method.invoke(Method.java:372)
01-07 03:08:43.893  4843  4843 E AndroidRuntime: 	at com.android.internal.os.ZygoteInit$MethodAndArgsCaller.run(ZygoteInit.java:903)
01-07 03:08:43.893  4843  4843 E AndroidRuntime: 	at com.android.internal.os.ZygoteInit.main(ZygoteInit.java:698)
01-07 03:08:43.895  2146  2171 W ResourcesManager: Asset path '/system/framework/android.test.runner.jar' does not exist or contains no resources.
01-07 03:08:43.937  2146  2197 I EGL-DRI2: DRI2: found extension DRI_Core version 1
01-07 03:08:43.937  2146  2197 I EGL-DRI2: DRI2: found extension DRI_DRI2 version 4
01-07 03:08:43.949  2146  2197 I EGL-DRI2: DRI2: found extension DRI_TexBuffer version 3
01-07 03:08:43.949  2146  2197 I EGL-DRI2: DRI2: found extension DRI2_Flush version 4
01-07 03:08:43.949  2146  2197 I EGL-DRI2: DRI2: found extension DRI_IMAGE version 11
01-07 03:08:43.949  2146  2197 I OpenGLRenderer: Initialized EGL, version 1.4
01-07 03:08:45.019  2146  2217 W AudioTrack: AUDIO_OUTPUT_FLAG_FAST denied by client
01-07 03:08:45.028  4843  4843 I Process : Sending signal. PID: 4843 SIG: 9
01-07 03:08:45.029  2146  2197 D OpenGLRenderer: endAllStagingAnimators on 0x7f77f6fd1400 (RippleDrawable) with handle 0x7f77f8215380
01-07 03:08:45.029  2146  2934 W InputMethodManagerService: Window already focused, ignoring focus gain of: com.android.internal.view.IInputMethodClient$Stub$Proxy@604b15c attribute=null, token = android.os.BinderProxy@344b8b7
01-07 03:08:45.030  1886  2143 D audio_hw_primary: found out /dev/snd/pcmC0D0p
01-07 03:08:45.035  2146  2932 I ActivityManager: Process com.baidu.netdisk (pid 4843) has died
01-07 03:08:45.035  2146  2932 W ActivityManager: Service crashed 2 times, stopping: ServiceRecord{e6edf80 u0 com.baidu.netdisk/.service.NetdiskService}
01-07 03:08:45.156  4955  4955 W linker  : [vdso]: unused DT entry: type 0x6ffffef5 arg 0x160
01-07 03:08:47.340  4656  4728 W System.err: org.apache.http.conn.ConnectTimeoutException: Connect to /140.206.176.31:80 timed out
01-07 03:08:47.340  4656  4728 W System.err: 	at org.apache.http.conn.scheme.PlainSocketFactory.connectSocket(PlainSocketFactory.java:126)
01-07 03:08:47.340  4656  4728 W System.err: 	at org.apache.http.impl.conn.DefaultClientConnectionOperator.openConnection(DefaultClientConnectionOperator.java:149)
01-07 03:08:47.340  4656  4728 W System.err: 	at org.apache.http.impl.conn.AbstractPoolEntry.open(AbstractPoolEntry.java:169)
01-07 03:08:47.340  4656  4728 W System.err: 	at org.apache.http.impl.conn.AbstractPooledConnAdapter.open(AbstractPooledConnAdapter.java:124)
01-07 03:08:47.341  4656  4728 W System.err: 	at org.apache.http.impl.client.DefaultRequestDirector.execute(DefaultRequestDirector.java:365)
01-07 03:08:47.341  4656  4728 W System.err: 	at org.apache.http.impl.client.AbstractHttpClient.execute(AbstractHttpClient.java:560)
01-07 03:08:47.341  4656  4728 W System.err: 	at org.apache.http.impl.client.AbstractHttpClient.execute(AbstractHttpClient.java:492)
01-07 03:08:47.341  4656  4728 W System.err: 	at org.apache.http.impl.client.AbstractHttpClient.execute(AbstractHttpClient.java:470)
01-07 03:08:47.341  4656  4728 W System.err: 	at com.unipay.net.HttpNet.b(Unknown Source)
01-07 03:08:47.341  4656  4728 W System.err: 	at com.unipay.net.AsyncMultimode$3.run(Unknown Source)
01-07 03:08:50.168  4956  4956 W linker  : [vdso]: unused DT entry: type 0x6ffffef5 arg 0x160
01-07 03:08:50.727  4957  4957 W linker  : [vdso]: unused DT entry: type 0x6ffffef5 arg 0x160
