01-06 06:34:30.923  2149  3044 W ActivityManager: getTasks: caller 10115 does not hold REAL_GET_TASKS; limiting output
01-06 06:34:31.845 20150 20150 W linker  : [vdso]: unused DT entry: type 0x6ffffef5 arg 0x160
01-06 06:34:31.926  2149 15843 W ActivityManager: getTasks: caller 10115 does not hold REAL_GET_TASKS; limiting output
01-06 06:34:32.711  2149  2209 W AudioTrack: AUDIO_OUTPUT_FLAG_FAST denied by client
01-06 06:34:32.711  2149  2190 I ActivityManager: START u0 {act=android.intent.action.MAIN cat=[android.intent.category.HOME] flg=0x10200000 cmp=com.android.launcher3/.Launcher} from uid 1000 on display 0
01-06 06:34:32.723  1876  2146 D audio_hw_primary: found out /dev/snd/pcmC0D0p
01-06 06:34:32.795  9354  9354 W IInputConnectionWrapper: showStatusIcon on inactive InputConnection
01-06 06:34:32.929  2149 15843 W ActivityManager: getTasks: caller 10115 does not hold REAL_GET_TASKS; limiting output
01-06 06:34:33.738  2267  2267 W ResourceType: No package identifier when getting value for resource number 0x00000000
01-06 06:34:33.738  2267  2267 W PackageManager: Failure retrieving resources for jackpal.androidterm: Resource ID #0x0
01-06 06:34:33.932  2149  2169 W ActivityManager: getTasks: caller 10115 does not hold REAL_GET_TASKS; limiting output
01-06 06:34:34.073  2149  2394 W ActivityManager: getRunningAppProcesses: caller 10121 does not hold REAL_GET_TASKS; limiting output
01-06 06:34:34.087  2149  2209 W AudioTrack: AUDIO_OUTPUT_FLAG_FAST denied by client
01-06 06:34:34.935  2149  2170 W ActivityManager: getTasks: caller 10115 does not hold REAL_GET_TASKS; limiting output
01-06 06:34:35.214  2149  9351 I ActivityManager: START u0 {act=android.intent.action.MAIN cat=[android.intent.category.LAUNCHER] flg=0x10200000 cmp=com.kiloo.subwaysurf/com.idsky.android.impl.ui.IdskySplashActivity (has extras)} from uid 10033 on display 0
01-06 06:34:35.215  2149  2209 W AudioTrack: AUDIO_OUTPUT_FLAG_FAST denied by client
01-06 06:34:35.217  2149  9351 V WindowManager: addAppToken: AppWindowToken{9ec9848 token=Token{12a1d2eb ActivityRecord{8c0963a u0 com.kiloo.subwaysurf/com.idsky.android.impl.ui.IdskySplashActivity t1120}}} to stack=1 task=1120 at 0
01-06 06:34:35.220  2149  2180 V WindowManager: Adding window Window{1327201d u0 Starting com.kiloo.subwaysurf} at 5 of 10 (after Window{14aecc22 u0 jackpal.androidterm/jackpal.androidterm.Term})
01-06 06:34:35.235  2149  2295 I ActivityManager: Start proc 20155:com.kiloo.subwaysurf/u0a115 for activity com.kiloo.subwaysurf/com.idsky.android.impl.ui.IdskySplashActivity
01-06 06:34:35.235 20155 20155 D houdini : [20155] Initialize library(version: 5.2.2_y.47738 RELEASE)... successfully.
01-06 06:34:35.250 20155 20155 I ActivityThread: Switching default density from 160 to 240
01-06 06:34:35.252 20155 20155 D SkynetApi: onApplicationCreate
01-06 06:34:35.253 20155 20155 W System.err: java.lang.ClassNotFoundException: com.skynet.android.uc.UC
01-06 06:34:35.253 20155 20155 W System.err: 	at java.lang.Class.classForName(Native Method)
01-06 06:34:35.253 20155 20155 W System.err: 	at java.lang.Class.forName(Class.java:309)
01-06 06:34:35.253 20155 20155 W System.err: 	at java.lang.Class.forName(Class.java:273)
01-06 06:34:35.253 20155 20155 W System.err: 	at com.skynet.android.Skynet.invoke(SourceFile:4209)
01-06 06:34:35.253 20155 20155 W System.err: 	at com.skynet.android.Skynet.onApplicationCreate(SourceFile:3691)
01-06 06:34:35.253 20155 20155 W System.err: 	at com.kiloo.subwaysurf.BaiDuApplication.onCreate(BaiDuApplication.java:11)
01-06 06:34:35.253 20155 20155 W System.err: 	at android.app.Instrumentation.callApplicationOnCreate(Instrumentation.java:1012)
01-06 06:34:35.253 20155 20155 W System.err: 	at android.app.ActivityThread.handleBindApplication(ActivityThread.java:4553)
01-06 06:34:35.253 20155 20155 W System.err: 	at android.app.ActivityThread.access$1500(ActivityThread.java:151)
01-06 06:34:35.253 20155 20155 W System.err: 	at android.app.ActivityThread$H.handleMessage(ActivityThread.java:1364)
01-06 06:34:35.253 20155 20155 W System.err: 	at android.os.Handler.dispatchMessage(Handler.java:102)
01-06 06:34:35.253 20155 20155 W System.err: 	at android.os.Looper.loop(Looper.java:135)
01-06 06:34:35.253 20155 20155 W System.err: 	at android.app.ActivityThread.main(ActivityThread.java:5254)
01-06 06:34:35.253 20155 20155 W System.err: 	at java.lang.reflect.Method.invoke(Native Method)
01-06 06:34:35.253 20155 20155 W System.err: 	at java.lang.reflect.Method.invoke(Method.java:372)
01-06 06:34:35.253 20155 20155 W System.err: 	at com.android.internal.os.ZygoteInit$MethodAndArgsCaller.run(ZygoteInit.java:903)
01-06 06:34:35.253 20155 20155 W System.err: 	at com.android.internal.os.ZygoteInit.main(ZygoteInit.java:698)
01-06 06:34:35.253 20155 20155 W System.err: Caused by: java.lang.ClassNotFoundException: Didn't find class "com.skynet.android.uc.UC" on path: DexPathList[[zip file "/data/app/com.kiloo.subwaysurf-1/base.apk"],nativeLibraryDirectories=[/data/app/com.kiloo.subwaysurf-1/lib/arm, /vendor/lib, /system/lib]]
01-06 06:34:35.253 20155 20155 W System.err: 	at dalvik.system.BaseDexClassLoader.findClass(BaseDexClassLoader.java:56)
01-06 06:34:35.253 20155 20155 W System.err: 	at java.lang.ClassLoader.loadClass(ClassLoader.java:511)
01-06 06:34:35.253 20155 20155 W System.err: 	at java.lang.ClassLoader.loadClass(ClassLoader.java:469)
01-06 06:34:35.253 20155 20155 W System.err: 	... 17 more
01-06 06:34:35.253 20155 20155 W System.err: 	Suppressed: java.lang.ClassNotFoundException: com.skynet.android.uc.UC
01-06 06:34:35.253 20155 20155 W System.err: 		at java.lang.Class.classForName(Native Method)
01-06 06:34:35.253 20155 20155 W System.err: 		at java.lang.BootClassLoader.findClass(ClassLoader.java:781)
01-06 06:34:35.253 20155 20155 W System.err: 		at java.lang.BootClassLoader.loadClass(ClassLoader.java:841)
01-06 06:34:35.253 20155 20155 W System.err: 		at java.lang.ClassLoader.loadClass(ClassLoader.java:504)
01-06 06:34:35.253 20155 20155 W System.err: 		... 18 more
01-06 06:34:35.253 20155 20155 W System.err: 	Caused by: java.lang.NoClassDefFoundError: Class not found using the boot class loader; no stack available
01-06 06:34:35.254 20155 20155 W System.err: java.lang.ClassNotFoundException: com.gionee.game.offlinesdk.GamePlatform
01-06 06:34:35.254 20155 20155 W System.err: 	at java.lang.Class.classForName(Native Method)
01-06 06:34:35.254 20155 20155 W System.err: 	at java.lang.Class.forName(Class.java:309)
01-06 06:34:35.254 20155 20155 W System.err: 	at com.skynet.android.amigo.Amigo.isEnable(SourceFile:27)
01-06 06:34:35.254 20155 20155 W System.err: 	at com.skynet.android.amigo.Amigo.onApplicationCreate(SourceFile:17)
01-06 06:34:35.254 20155 20155 W System.err: 	at java.lang.reflect.Method.invoke(Native Method)
01-06 06:34:35.254 20155 20155 W System.err: 	at java.lang.reflect.Method.invoke(Method.java:372)
01-06 06:34:35.254 20155 20155 W System.err: 	at com.skynet.android.Skynet.invoke(SourceFile:4217)
01-06 06:34:35.254 20155 20155 W System.err: 	at com.skynet.android.Skynet.onApplicationCreate(SourceFile:3693)
01-06 06:34:35.254 20155 20155 W System.err: 	at com.kiloo.subwaysurf.BaiDuApplication.onCreate(BaiDuApplication.java:11)
01-06 06:34:35.254 20155 20155 W System.err: 	at android.app.Instrumentation.callApplicationOnCreate(Instrumentation.java:1012)
01-06 06:34:35.254 20155 20155 W System.err: 	at android.app.ActivityThread.handleBindApplication(ActivityThread.java:4553)
01-06 06:34:35.254 20155 20155 W System.err: 	at android.app.ActivityThread.access$1500(ActivityThread.java:151)
01-06 06:34:35.254 20155 20155 W System.err: 	at android.app.ActivityThread$H.handleMessage(ActivityThread.java:1364)
01-06 06:34:35.254 20155 20155 W System.err: 	at android.os.Handler.dispatchMessage(Handler.java:102)
01-06 06:34:35.254 20155 20155 W System.err: 	at android.os.Looper.loop(Looper.java:135)
01-06 06:34:35.254 20155 20155 W System.err: 	at android.app.ActivityThread.main(ActivityThread.java:5254)
01-06 06:34:35.254 20155 20155 W System.err: 	at java.lang.reflect.Method.invoke(Native Method)
01-06 06:34:35.254 20155 20155 W System.err: 	at java.lang.reflect.Method.invoke(Method.java:372)
01-06 06:34:35.254 20155 20155 W System.err: 	at com.android.internal.os.ZygoteInit$MethodAndArgsCaller.run(ZygoteInit.java:903)
01-06 06:34:35.254 20155 20155 W System.err: 	at com.android.internal.os.ZygoteInit.main(ZygoteInit.java:698)
01-06 06:34:35.254 20155 20155 W System.err: Caused by: java.lang.ClassNotFoundException: Didn't find class "com.gionee.game.offlinesdk.GamePlatform" on path: DexPathList[[zip file "/data/app/com.kiloo.subwaysurf-1/base.apk"],nativeLibraryDirectories=[/data/app/com.kiloo.subwaysurf-1/lib/arm, /vendor/lib, /system/lib]]
01-06 06:34:35.254 20155 20155 W System.err: 	at dalvik.system.BaseDexClassLoader.findClass(BaseDexClassLoader.java:56)
01-06 06:34:35.254 20155 20155 W System.err: 	at java.lang.ClassLoader.loadClass(ClassLoader.java:511)
01-06 06:34:35.254 20155 20155 W System.err: 	at java.lang.ClassLoader.loadClass(ClassLoader.java:469)
01-06 06:34:35.254 20155 20155 W System.err: 	... 20 more
01-06 06:34:35.254 20155 20155 W System.err: 	Suppressed: java.lang.ClassNotFoundException: com.gionee.game.offlinesdk.GamePlatform
01-06 06:34:35.254 20155 20155 W System.err: 		at java.lang.Class.classForName(Native Method)
01-06 06:34:35.254 20155 20155 W System.err: 		at java.lang.BootClassLoader.findClass(ClassLoader.java:781)
01-06 06:34:35.254 20155 20155 W System.err: 		at java.lang.BootClassLoader.loadClass(ClassLoader.java:841)
01-06 06:34:35.254 20155 20155 W System.err: 		at java.lang.ClassLoader.loadClass(ClassLoader.java:504)
01-06 06:34:35.254 20155 20155 W System.err: 		... 21 more
01-06 06:34:35.254 20155 20155 W System.err: 	Caused by: java.lang.NoClassDefFoundError: Class not found using the boot class loader; no stack available
01-06 06:34:35.254  2149  2170 W ActivityManager: getRunningAppProcesses: caller 10115 does not hold REAL_GET_TASKS; limiting output
01-06 06:34:35.275  2267  2267 V PhoneStatusBar: setLightsOn(true)
01-06 06:34:35.346 20155 20155 D houdini : [20155] Added shared library /data/app/com.kiloo.subwaysurf-1/lib/arm/libmegjb.so for ClassLoader by Native Bridge.
01-06 06:34:35.367 20155 20155 D houdini : [20155] Added shared library /data/data/com.kiloo.subwaysurf/files/libmegbpp_02.02.16_01.so for ClassLoader by Native Bridge.
01-06 06:34:35.453  2149  2190 I InputDispatcher: Dropping event because there is no touchable window at (548, 131).
01-06 06:34:35.544 20189 20189 W linker  : [vdso]: unused DT entry: type 0x6ffffef5 arg 0xec
01-06 06:34:35.545 20189 20189 E cutils-trace: Error opening trace file: Permission denied (13)
01-06 06:34:35.545 20189 20189 I dex2oat : /system/bin/dex2oat --runtime-arg -classpath --runtime-arg  --instruction-set=x86 --instruction-set-features=default --runtime-arg -Xrelocate --boot-image=/system/framework/boot.art --dex-file=/data/data/com.kiloo.subwaysurf/appsdk0_.dex --oat-fd=28 --oat-location=/data/data/com.kiloo.subwaysurf/files/appsdk0_.dex --runtime-arg -Xms64m --runtime-arg -Xmx512m --compiler-filter=interpret-only
01-06 06:34:35.628 20189 20189 I dex2oat : dex2oat took 83.265ms (threads: 8) arena alloc=0B java alloc=2MB native alloc=476KB free=7MB
01-06 06:34:35.686 20155 20155 E art     : ----- class 'Lcom/ir/gc/CustomContentProvider;' cl=0x12d67fa0 -----
01-06 06:34:35.686 20155 20155 E art     :   objectSize=412 (412 from super)
01-06 06:34:35.686 20155 20155 E art     :   access=0x0000.0001
01-06 06:34:35.686 20155 20155 E art     :   super='java.lang.Class<java.lang.Object>' (cl=0x0)
01-06 06:34:35.686 20155 20155 E art     :   vtable (0 entries, 11 in super):
01-06 06:34:35.686 20155 20155 E art     :   direct methods (23 entries):
01-06 06:34:35.686 20155 20155 E art     :      0: void com.ir.gc.CustomContentProvider.<init>()
01-06 06:34:35.686 20155 20155 E art     :      1: java.lang.String com.ir.gc.CustomContentProvider.GetInfoA(android.content.Context, java.lang.String)
01-06 06:34:35.686 20155 20155 E art     :      2: byte[] com.ir.gc.CustomContentProvider.GetInfoB(android.content.Context)
01-06 06:34:35.686 20155 20155 E art     :      3: java.lang.String com.ir.gc.CustomContentProvider.GetNormalBillingReq(android.content.Context, java.lang.String, java.lang.String)
01-06 06:34:35.686 20155 20155 E art     :      4: java.lang.String com.ir.gc.CustomContentProvider.GetSecureBillingRequest(android.content.Context, java.lang.String, java.lang.String)
01-06 06:34:35.686 20155 20155 E art     :      5: java.lang.String com.ir.gc.CustomContentProvider.GetSecureSessionRequest(android.content.Context, java.lang.String, java.lang.String, java.lang.String)
01-06 06:34:35.686 20155 20155 E art     :      6: java.lang.String com.ir.gc.CustomContentProvider.getAgentVersion()
01-06 06:34:35.686 20155 20155 E art     :      7: java.lang.String com.ir.gc.CustomContentProvider.getAppid(android.content.Context)
01-06 06:34:35.686 20155 20155 E art     :      8: java.lang.String com.ir.gc.CustomContentProvider.getContentValue(android.content.Context, java.lang.String, java.lang.String)
01-06 06:34:35.686 20155 20155 E art     :      9: java.lang.String com.ir.gc.CustomContentProvider.getPublicKey(android.content.Context)
01-06 06:34:35.686 20155 20155 E art     :     10: java.lang.String com.ir.gc.CustomContentProvider.nGetContentValue(java.lang.String, java.lang.String, java.lang.String, java.lang.String)
01-06 06:34:35.686 20155 20155 E art     :     11: int com.ir.gc.CustomContentProvider.nSetContentValue(java.lang.String, java.lang.String, java.lang.String, java.lang.String, java.lang.String)
01-06 06:34:35.686 20155 20155 E art     :     12: java.lang.String com.ir.gc.CustomContentProvider.ngetInfoA(java.lang.String, java.lang.String)
01-06 06:34:35.686 20155 20155 E art     :     13: byte[] com.ir.gc.CustomContentProvider.ngetInfoB()
01-06 06:34:35.686 20155 20155 E art     :     14: java.lang.String com.ir.gc.CustomContentProvider.ngetNormalBillingRequest(java.lang.String, java.lang.String, java.lang.String)
01-06 06:34:35.686 20155 20155 E art     :     15: java.lang.String com.ir.gc.CustomContentProvider.ngetSecureBillingRequest(java.lang.String, java.lang.String, java.lang.String)
01-06 06:34:35.686 20155 20155 E art     :     16: java.lang.String com.ir.gc.CustomContentProvider.ngetSecureSessionRequest(java.lang.String, java.lang.String, java.lang.String, java.lang.String)
01-06 06:34:35.686 20155 20155 E art     :     17: java.lang.String com.ir.gc.CustomContentProvider.ngetVersion(int)
01-06 06:34:35.686 20155 20155 E art     :     18: boolean com.ir.gc.CustomContentProvider.nupgradeAgent(java.lang.String)
01-06 06:34:35.686 20155 20155 E art     :     19: boolean com.ir.gc.CustomContentProvider.nupgradeSDK(java.lang.String, java.lang.String)
01-06 06:34:35.686 20155 20155 E art     :     20: int com.ir.gc.CustomContentProvider.setContentValue(android.content.Context, java.lang.String, java.lang.String, java.lang.String)
01-06 06:34:35.686 20155 20155 E art     :     21: boolean com.ir.gc.CustomContentProvider.updateSecureAgent(java.lang.String)
01-06 06:34:35.686 20155 20155 E art     :     22: boolean com.ir.gc.CustomContentProvider.upgradeSDK(android.content.Context, java.lang.String)
01-06 06:34:35.686 20155 20155 E art     : Failed to register native method com.ir.gc.CustomContentProvider.ngetBLD([B)Ljava/lang/String; in /data/data/com.kiloo.subwaysurf/appsdk0_.dex
01-06 06:34:35.686 20155 20155 I idsyconfig: load megjb ok
01-06 06:34:35.686 20155 20155 I idskyApi: onApplicationCreateidskyApi
01-06 06:34:35.687 20155 20155 I PaymentPlugin: onApplicationCreate  PaymentPlugin
01-06 06:34:35.689 20155 20155 I cc      : Cu onApplicationCreate Start
01-06 06:34:35.690  2149  8057 W ActivityManager: getRunningAppProcesses: caller 10115 does not hold REAL_GET_TASKS; limiting output
01-06 06:34:35.690 20155 20155 I unipaysdk: pid:20155 process:com.kiloo.subwaysurf
01-06 06:34:35.690 20155 20155 I unipaysdk: pid:20098 process:com.kiloo.subwaysurf:bdservice_v1
01-06 06:34:35.690 20155 20155 I unipaysdk: pid:20034 process:com.kiloo.subwaysurf:pluginservice
01-06 06:34:35.690 20155 20155 I unipaysdk: pid:20006 process:com.kiloo.subwaysurf:CollService
01-06 06:34:35.690 20155 20155 I unipaysdk: pid:19981 process:com.kiloo.subwaysurf:DRService
01-06 06:34:35.690 20155 20155 I unipaysdk: pid:19957 process:com.baidu.platform.gameplus.service
01-06 06:34:35.694 20155 20155 E unipaysdk: unipaysdk:rc(0/1), s(true)
01-06 06:34:35.694 20155 20155 E unipaysdk: unipaysdk:abi(armeabi-v7a)
01-06 06:34:35.694 20155 20155 E unipaysdk: unipaysdk:cpu_abi:armeabi-v7a
01-06 06:34:35.699 20155 20155 D houdini : [20155] Added shared library /data/data/com.kiloo.subwaysurf/.ulibs/decrypt.so for ClassLoader by Native Bridge.
01-06 06:34:35.699 20155 20155 E unipaysdk: unipaysdk:abi(armeabi-v7a)
01-06 06:34:35.700 20155 20155 D houdini : [20155] Added shared library /data/data/com.kiloo.subwaysurf/.ulibs/libunicomsdk.so for ClassLoader by Native Bridge.
01-06 06:34:35.700 20155 20155 E unipaysdk: unipaysdk:result.1: 1
01-06 06:34:35.700 20155 20155 I cc      : Cu onApplicationCreate finish
01-06 06:34:35.700 20155 20155 W System.err: java.lang.ClassNotFoundException: com.idsky.android.cu.net.UnicomOnlinePlugin
01-06 06:34:35.701 20155 20155 W System.err: 	at java.lang.Class.classForName(Native Method)
01-06 06:34:35.701 20155 20155 W System.err: 	at java.lang.Class.forName(Class.java:309)
01-06 06:34:35.701 20155 20155 W System.err: 	at java.lang.Class.forName(Class.java:273)
01-06 06:34:35.701 20155 20155 W System.err: 	at com.idsky.android.frame.PaymentPlugin.onApplicationCreate(SourceFile:131)
01-06 06:34:35.701 20155 20155 W System.err: 	at java.lang.reflect.Method.invoke(Native Method)
01-06 06:34:35.701 20155 20155 W System.err: 	at java.lang.reflect.Method.invoke(Method.java:372)
01-06 06:34:35.701 20155 20155 W System.err: 	at com.idsky.android.Idsky.onApplicationCreate(SourceFile:1411)
01-06 06:34:35.701 20155 20155 W System.err: 	at java.lang.reflect.Method.invoke(Native Method)
01-06 06:34:35.701 20155 20155 W System.err: 	at java.lang.reflect.Method.invoke(Method.java:372)
01-06 06:34:35.701 20155 20155 W System.err: 	at com.skynet.android.Skynet.invoke(SourceFile:4217)
01-06 06:34:35.701 20155 20155 W System.err: 	at com.skynet.android.Skynet.onApplicationCreate(SourceFile:3696)
01-06 06:34:35.701 20155 20155 W System.err: 	at com.kiloo.subwaysurf.BaiDuApplication.onCreate(BaiDuApplication.java:11)
01-06 06:34:35.701 20155 20155 W System.err: 	at android.app.Instrumentation.callApplicationOnCreate(Instrumentation.java:1012)
01-06 06:34:35.701 20155 20155 W System.err: 	at android.app.ActivityThread.handleBindApplication(ActivityThread.java:4553)
01-06 06:34:35.701 20155 20155 W System.err: 	at android.app.ActivityThread.access$1500(ActivityThread.java:151)
01-06 06:34:35.701 20155 20155 W System.err: 	at android.app.ActivityThread$H.handleMessage(ActivityThread.java:1364)
01-06 06:34:35.701 20155 20155 W System.err: 	at android.os.Handler.dispatchMessage(Handler.java:102)
01-06 06:34:35.701 20155 20155 W System.err: 	at android.os.Looper.loop(Looper.java:135)
01-06 06:34:35.701 20155 20155 W System.err: 	at android.app.ActivityThread.main(ActivityThread.java:5254)
01-06 06:34:35.701 20155 20155 W System.err: 	at java.lang.reflect.Method.invoke(Native Method)
01-06 06:34:35.701 20155 20155 W System.err: 	at java.lang.reflect.Method.invoke(Method.java:372)
01-06 06:34:35.701 20155 20155 W System.err: 	at com.android.internal.os.ZygoteInit$MethodAndArgsCaller.run(ZygoteInit.java:903)
01-06 06:34:35.701 20155 20155 W System.err: 	at com.android.internal.os.ZygoteInit.main(ZygoteInit.java:698)
01-06 06:34:35.701 20155 20155 W System.err: Caused by: java.lang.ClassNotFoundException: Didn't find class "com.idsky.android.cu.net.UnicomOnlinePlugin" on path: DexPathList[[zip file "/data/app/com.kiloo.subwaysurf-1/base.apk"],nativeLibraryDirectories=[/data/app/com.kiloo.subwaysurf-1/lib/arm, /vendor/lib, /system/lib]]
01-06 06:34:35.701 20155 20155 W System.err: 	at dalvik.system.BaseDexClassLoader.findClass(BaseDexClassLoader.java:56)
01-06 06:34:35.701 20155 20155 W System.err: 	at java.lang.ClassLoader.loadClass(ClassLoader.java:511)
01-06 06:34:35.701 20155 20155 W System.err: 	at java.lang.ClassLoader.loadClass(ClassLoader.java:469)
01-06 06:34:35.701 20155 20155 W System.err: 	... 23 more
01-06 06:34:35.701 20155 20155 W System.err: 	Suppressed: java.lang.ClassNotFoundException: Didn't find class "com.idsky.android.cu.net.UnicomOnlinePlugin" on path: DexPathList[[dex file "/data/data/com.kiloo.subwaysurf/appsdk0_.dex"],nativeLibraryDirectories=[/data/data/com.kiloo.subwaysurf/lib, /vendor/lib, /system/lib]]
01-06 06:34:35.701 20155 20155 W System.err: 		at dalvik.system.BaseDexClassLoader.findClass(BaseDexClassLoader.java:56)
01-06 06:34:35.701 20155 20155 W System.err: 		at java.lang.ClassLoader.loadClass(ClassLoader.java:511)
01-06 06:34:35.701 20155 20155 W System.err: 		at java.lang.ClassLoader.loadClass(ClassLoader.java:504)
01-06 06:34:35.701 20155 20155 W System.err: 		... 24 more
01-06 06:34:35.701 20155 20155 W System.err: 		Suppressed: java.lang.ClassNotFoundException: com.idsky.android.cu.net.UnicomOnlinePlugin
01-06 06:34:35.701 20155 20155 W System.err: 			at java.lang.Class.classForName(Native Method)
01-06 06:34:35.701 20155 20155 W System.err: 			at java.lang.BootClassLoader.findClass(ClassLoader.java:781)
01-06 06:34:35.701 20155 20155 W System.err: 			at java.lang.BootClassLoader.loadClass(ClassLoader.java:841)
01-06 06:34:35.701 20155 20155 W System.err: 			at java.lang.ClassLoader.loadClass(ClassLoader.java:504)
01-06 06:34:35.701 20155 20155 W System.err: 			... 25 more
01-06 06:34:35.701 20155 20155 W System.err: 		Caused by: java.lang.NoClassDefFoundError: Class not found using the boot class loader; no stack available
01-06 06:34:35.703 20204 20204 W linker  : [vdso]: unused DT entry: type 0x6ffffef5 arg 0x160
01-06 06:34:35.704 20204 20204 W linker  : [vdso]: unused DT entry: type 0x6ffffef5 arg 0x160
01-06 06:34:35.706 20155 20155 I SmsMmPlugin: MM  install start
01-06 06:34:35.706 20155 20155 W System.err: java.lang.ClassNotFoundException: com.secneo.mmb.DexHelper
01-06 06:34:35.706 20155 20155 W System.err: 	at java.lang.Class.classForName(Native Method)
01-06 06:34:35.706 20155 20155 W System.err: 	at java.lang.Class.forName(Class.java:309)
01-06 06:34:35.706 20155 20155 W System.err: 	at java.lang.Class.forName(Class.java:273)
01-06 06:34:35.706 20155 20155 W System.err: 	at com.idsky.android.mm.SmsMmPlugin.onApplicationCreate(SourceFile:99)
01-06 06:34:35.706 20155 20155 W System.err: 	at java.lang.reflect.Method.invoke(Native Method)
01-06 06:34:35.706 20155 20155 W System.err: 	at java.lang.reflect.Method.invoke(Method.java:372)
01-06 06:34:35.706 20155 20155 W System.err: 	at com.idsky.android.frame.PaymentPlugin.onApplicationCreate(SourceFile:152)
01-06 06:34:35.706 20155 20155 W System.err: 	at java.lang.reflect.Method.invoke(Native Method)
01-06 06:34:35.706 20155 20155 W System.err: 	at java.lang.reflect.Method.invoke(Method.java:372)
01-06 06:34:35.706 20155 20155 W System.err: 	at com.idsky.android.Idsky.onApplicationCreate(SourceFile:1411)
01-06 06:34:35.706 20155 20155 W System.err: 	at java.lang.reflect.Method.invoke(Native Method)
01-06 06:34:35.706 20155 20155 W System.err: 	at java.lang.reflect.Method.invoke(Method.java:372)
01-06 06:34:35.706 20155 20155 W System.err: 	at com.skynet.android.Skynet.invoke(SourceFile:4217)
01-06 06:34:35.706 20155 20155 W System.err: 	at com.skynet.android.Skynet.onApplicationCreate(SourceFile:3696)
01-06 06:34:35.706 20155 20155 W System.err: 	at com.kiloo.subwaysurf.BaiDuApplication.onCreate(BaiDuApplication.java:11)
01-06 06:34:35.706 20155 20155 W System.err: 	at android.app.Instrumentation.callApplicationOnCreate(Instrumentation.java:1012)
01-06 06:34:35.706 20155 20155 W System.err: 	at android.app.ActivityThread.handleBindApplication(ActivityThread.java:4553)
01-06 06:34:35.706 20155 20155 W System.err: 	at android.app.ActivityThread.access$1500(ActivityThread.java:151)
01-06 06:34:35.706 20155 20155 W System.err: 	at android.app.ActivityThread$H.handleMessage(ActivityThread.java:1364)
01-06 06:34:35.706 20155 20155 W System.err: 	at android.os.Handler.dispatchMessage(Handler.java:102)
01-06 06:34:35.706 20155 20155 W System.err: 	at android.os.Looper.loop(Looper.java:135)
01-06 06:34:35.706 20155 20155 W System.err: 	at android.app.ActivityThread.main(ActivityThread.java:5254)
01-06 06:34:35.706 20155 20155 W System.err: 	at java.lang.reflect.Method.invoke(Native Method)
01-06 06:34:35.706 20155 20155 W System.err: 	at java.lang.reflect.Method.invoke(Method.java:372)
01-06 06:34:35.706 20155 20155 W System.err: 	at com.android.internal.os.ZygoteInit$MethodAndArgsCaller.run(ZygoteInit.java:903)
01-06 06:34:35.706 20155 20155 W System.err: 	at com.android.internal.os.ZygoteInit.main(ZygoteInit.java:698)
01-06 06:34:35.706 20155 20155 W System.err: Caused by: java.lang.ClassNotFoundException: Didn't find class "com.secneo.mmb.DexHelper" on path: DexPathList[[zip file "/data/app/com.kiloo.subwaysurf-1/base.apk"],nativeLibraryDirectories=[/data/app/com.kiloo.subwaysurf-1/lib/arm, /vendor/lib, /system/lib]]
01-06 06:34:35.706 20155 20155 W System.err: 	at dalvik.system.BaseDexClassLoader.findClass(BaseDexClassLoader.java:56)
01-06 06:34:35.706 20155 20155 W System.err: 	at java.lang.ClassLoader.loadClass(ClassLoader.java:511)
01-06 06:34:35.706 20155 20155 W System.err: 	at java.lang.ClassLoader.loadClass(ClassLoader.java:469)
01-06 06:34:35.706 20155 20155 W System.err: 	... 26 more
01-06 06:34:35.706 20155 20155 W System.err: 	Suppressed: java.lang.ClassNotFoundException: Didn't find class "com.secneo.mmb.DexHelper" on path: DexPathList[[dex file "/data/data/com.kiloo.subwaysurf/appsdk0_.dex"],nativeLibraryDirectories=[/data/data/com.kiloo.subwaysurf/lib, /vendor/lib, /system/lib]]
01-06 06:34:35.706 20155 20155 W System.err: 		at dalvik.system.BaseDexClassLoader.findClass(BaseDexClassLoader.java:56)
01-06 06:34:35.706 20155 20155 W System.err: 		at java.lang.ClassLoader.loadClass(ClassLoader.java:511)
01-06 06:34:35.706 20155 20155 W System.err: 		at java.lang.ClassLoader.loadClass(ClassLoader.java:504)
01-06 06:34:35.706 20155 20155 W System.err: 		... 27 more
01-06 06:34:35.706 20155 20155 W System.err: 		Suppressed: java.lang.ClassNotFoundException: com.secneo.mmb.DexHelper
01-06 06:34:35.706 20155 20155 W System.err: 			at java.lang.Class.classForName(Native Method)
01-06 06:34:35.706 20155 20155 W System.err: 			at java.lang.BootClassLoader.findClass(ClassLoader.java:781)
01-06 06:34:35.706 20155 20155 W System.err: 			at java.lang.BootClassLoader.loadClass(ClassLoader.java:841)
01-06 06:34:35.706 20155 20155 W System.err: 			at java.lang.ClassLoader.loadClass(ClassLoader.java:504)
01-06 06:34:35.706 20155 20155 W System.err: 			... 28 more
01-06 06:34:35.706 20155 20155 W System.err: 		Caused by: java.lang.NoClassDefFoundError: Class not found using the boot class loader; no stack available
01-06 06:34:35.706 20155 20155 W System.err: java.lang.ClassNotFoundException: com.secneo.mmb.Helper
01-06 06:34:35.706 20155 20155 W System.err: 	at java.lang.Class.classForName(Native Method)
01-06 06:34:35.706 20155 20155 W System.err: 	at java.lang.Class.forName(Class.java:309)
01-06 06:34:35.706 20155 20155 W System.err: 	at java.lang.Class.forName(Class.java:273)
01-06 06:34:35.706 20155 20155 W System.err: 	at com.idsky.android.mm.SmsMmPlugin.onApplicationCreate(SourceFile:104)
01-06 06:34:35.706 20155 20155 W System.err: 	at java.lang.reflect.Method.invoke(Native Method)
01-06 06:34:35.706 20155 20155 W System.err: 	at java.lang.reflect.Method.invoke(Method.java:372)
01-06 06:34:35.706 20155 20155 W System.err: 	at com.idsky.android.frame.PaymentPlugin.onApplicationCreate(SourceFile:152)
01-06 06:34:35.706 20155 20155 W System.err: 	at java.lang.reflect.Method.invoke(Native Method)
01-06 06:34:35.706 20155 20155 W System.err: 	at java.lang.reflect.Method.invoke(Method.java:372)
01-06 06:34:35.706 20155 20155 W System.err: 	at com.idsky.android.Idsky.onApplicationCreate(SourceFile:1411)
01-06 06:34:35.706 20155 20155 W System.err: 	at java.lang.reflect.Method.invoke(Native Method)
01-06 06:34:35.706 20155 20155 W System.err: 	at java.lang.reflect.Method.invoke(Method.java:372)
01-06 06:34:35.706 20155 20155 W System.err: 	at com.skynet.android.Skynet.invoke(SourceFile:4217)
01-06 06:34:35.706 20155 20155 W System.err: 	at com.skynet.android.Skynet.onApplicationCreate(SourceFile:3696)
01-06 06:34:35.706 20155 20155 W System.err: 	at com.kiloo.subwaysurf.BaiDuApplication.onCreate(BaiDuApplication.java:11)
01-06 06:34:35.706 20155 20155 W System.err: 	at android.app.Instrumentation.callApplicationOnCreate(Instrumentation.java:1012)
01-06 06:34:35.706 20155 20155 W System.err: 	at android.app.ActivityThread.handleBindApplication(ActivityThread.java:4553)
01-06 06:34:35.706 20155 20155 W System.err: 	at android.app.ActivityThread.access$1500(ActivityThread.java:151)
01-06 06:34:35.706 20155 20155 W System.err: 	at android.app.ActivityThread$H.handleMessage(ActivityThread.java:1364)
01-06 06:34:35.706 20155 20155 W System.err: 	at android.os.Handler.dispatchMessage(Handler.java:102)
01-06 06:34:35.706 20155 20155 W System.err: 	at android.os.Looper.loop(Looper.java:135)
01-06 06:34:35.706 20155 20155 W System.err: 	at android.app.ActivityThread.main(ActivityThread.java:5254)
01-06 06:34:35.706 20155 20155 W System.err: 	at java.lang.reflect.Method.invoke(Native Method)
01-06 06:34:35.706 20155 20155 W System.err: 	at java.lang.reflect.Method.invoke(Method.java:372)
01-06 06:34:35.706 20155 20155 W System.err: 	at com.android.internal.os.ZygoteInit$MethodAndArgsCaller.run(ZygoteInit.java:903)
01-06 06:34:35.706 20155 20155 W System.err: 	at com.android.internal.os.ZygoteInit.main(ZygoteInit.java:698)
01-06 06:34:35.706 20155 20155 W System.err: Caused by: java.lang.ClassNotFoundException: Didn't find class "com.secneo.mmb.Helper" on path: DexPathList[[zip file "/data/app/com.kiloo.subwaysurf-1/base.apk"],nativeLibraryDirectories=[/data/app/com.kiloo.subwaysurf-1/lib/arm, /vendor/lib, /system/lib]]
01-06 06:34:35.706 20155 20155 W System.err: 	at dalvik.system.BaseDexClassLoader.findClass(BaseDexClassLoader.java:56)
01-06 06:34:35.706 20155 20155 W System.err: 	at java.lang.ClassLoader.loadClass(ClassLoader.java:511)
01-06 06:34:35.706 20155 20155 W System.err: 	at java.lang.ClassLoader.loadClass(ClassLoader.java:469)
01-06 06:34:35.706 20155 20155 W System.err: 	... 26 more
01-06 06:34:35.706 20155 20155 W System.err: 	Suppressed: java.lang.ClassNotFoundException: Didn't find class "com.secneo.mmb.Helper" on path: DexPathList[[dex file "/data/data/com.kiloo.subwaysurf/appsdk0_.dex"],nativeLibraryDirectories=[/data/data/com.kiloo.subwaysurf/lib, /vendor/lib, /system/lib]]
01-06 06:34:35.706 20155 20155 W System.err: 		at dalvik.system.BaseDexClassLoader.findClass(BaseDexClassLoader.java:56)
01-06 06:34:35.706 20155 20155 W System.err: 		at java.lang.ClassLoader.loadClass(ClassLoader.java:511)
01-06 06:34:35.706 20155 20155 W System.err: 		at java.lang.ClassLoader.loadClass(ClassLoader.java:504)
01-06 06:34:35.706 20155 20155 W System.err: 		... 27 more
01-06 06:34:35.706 20155 20155 W System.err: 		Suppressed: java.lang.ClassNotFoundException: com.secneo.mmb.Helper
01-06 06:34:35.706 20155 20155 W System.err: 			at java.lang.Class.classForName(Native Method)
01-06 06:34:35.706 20155 20155 W System.err: 			at java.lang.BootClassLoader.findClass(ClassLoader.java:781)
01-06 06:34:35.706 20155 20155 W System.err: 			at java.lang.BootClassLoader.loadClass(ClassLoader.java:841)
01-06 06:34:35.706 20155 20155 W System.err: 			at java.lang.ClassLoader.loadClass(ClassLoader.java:504)
01-06 06:34:35.706 20155 20155 W System.err: 			... 28 more
01-06 06:34:35.706 20155 20155 W System.err: 		Caused by: java.lang.NoClassDefFoundError: Class not found using the boot class loader; no stack available
01-06 06:34:35.706 20155 20202 I System  : Failed to destroy process 20204
01-06 06:34:35.707 20155 20155 W System.err: java.lang.ClassNotFoundException: com.secneo.wrapper.DexHelper
01-06 06:34:35.707 20155 20155 W System.err: 	at java.lang.Class.classForName(Native Method)
01-06 06:34:35.707 20155 20155 W System.err: 	at java.lang.Class.forName(Class.java:309)
01-06 06:34:35.707 20155 20155 W System.err: 	at java.lang.Class.forName(Class.java:273)
01-06 06:34:35.707 20155 20155 W System.err: 	at com.idsky.android.mm.SmsMmPlugin.onApplicationCreate(SourceFile:109)
01-06 06:34:35.707 20155 20155 W System.err: 	at java.lang.reflect.Method.invoke(Native Method)
01-06 06:34:35.707 20155 20155 W System.err: 	at java.lang.reflect.Method.invoke(Method.java:372)
01-06 06:34:35.707 20155 20155 W System.err: 	at com.idsky.android.frame.PaymentPlugin.onApplicationCreate(SourceFile:152)
01-06 06:34:35.707 20155 20155 W System.err: 	at java.lang.reflect.Method.invoke(Native Method)
01-06 06:34:35.707 20155 20155 W System.err: 	at java.lang.reflect.Method.invoke(Method.java:372)
01-06 06:34:35.707 20155 20155 W System.err: 	at com.idsky.android.Idsky.onApplicationCreate(SourceFile:1411)
01-06 06:34:35.707 20155 20155 W System.err: 	at java.lang.reflect.Method.invoke(Native Method)
01-06 06:34:35.707 20155 20155 W System.err: 	at java.lang.reflect.Method.invoke(Method.java:372)
01-06 06:34:35.707 20155 20155 W System.err: 	at com.skynet.android.Skynet.invoke(SourceFile:4217)
01-06 06:34:35.707 20155 20155 W System.err: 	at com.skynet.android.Skynet.onApplicationCreate(SourceFile:3696)
01-06 06:34:35.707 20155 20155 W System.err: 	at com.kiloo.subwaysurf.BaiDuApplication.onCreate(BaiDuApplication.java:11)
01-06 06:34:35.707 20155 20155 W System.err: 	at android.app.Instrumentation.callApplicationOnCreate(Instrumentation.java:1012)
01-06 06:34:35.707 20155 20155 W System.err: 	at android.app.ActivityThread.handleBindApplication(ActivityThread.java:4553)
01-06 06:34:35.707 20155 20155 W System.err: 	at android.app.ActivityThread.access$1500(ActivityThread.java:151)
01-06 06:34:35.707 20155 20155 W System.err: 	at android.app.ActivityThread$H.handleMessage(ActivityThread.java:1364)
01-06 06:34:35.707 20155 20155 W System.err: 	at android.os.Handler.dispatchMessage(Handler.java:102)
01-06 06:34:35.707 20155 20155 W System.err: 	at android.os.Looper.loop(Looper.java:135)
01-06 06:34:35.707 20155 20155 W System.err: 	at android.app.ActivityThread.main(ActivityThread.java:5254)
01-06 06:34:35.707 20155 20155 W System.err: 	at java.lang.reflect.Method.invoke(Native Method)
01-06 06:34:35.707 20155 20155 W System.err: 	at java.lang.reflect.Method.invoke(Method.java:372)
01-06 06:34:35.707 20155 20155 W System.err: 	at com.android.internal.os.ZygoteInit$MethodAndArgsCaller.run(ZygoteInit.java:903)
01-06 06:34:35.707 20155 20155 W System.err: 	at com.android.internal.os.ZygoteInit.main(ZygoteInit.java:698)
01-06 06:34:35.707 20155 20155 W System.err: Caused by: java.lang.ClassNotFoundException: Didn't find class "com.secneo.wrapper.DexHelper" on path: DexPathList[[zip file "/data/app/com.kiloo.subwaysurf-1/base.apk"],nativeLibraryDirectories=[/data/app/com.kiloo.subwaysurf-1/lib/arm, /vendor/lib, /system/lib]]
01-06 06:34:35.707 20155 20155 W System.err: 	at dalvik.system.BaseDexClassLoader.findClass(BaseDexClassLoader.java:56)
01-06 06:34:35.707 20155 20155 W System.err: 	at java.lang.ClassLoader.loadClass(ClassLoader.java:511)
01-06 06:34:35.707 20155 20155 W System.err: 	at java.lang.ClassLoader.loadClass(ClassLoader.java:469)
01-06 06:34:35.707 20155 20155 W System.err: 	... 26 more
01-06 06:34:35.707 20155 20155 W System.err: 	Suppressed: java.lang.ClassNotFoundException: Didn't find class "com.secneo.wrapper.DexHelper" on path: DexPathList[[dex file "/data/data/com.kiloo.subwaysurf/appsdk0_.dex"],nativeLibraryDirectories=[/data/data/com.kiloo.subwaysurf/lib, /vendor/lib, /system/lib]]
01-06 06:34:35.707 20155 20155 W System.err: 		at dalvik.system.BaseDexClassLoader.findClass(BaseDexClassLoader.java:56)
01-06 06:34:35.707 20155 20155 W System.err: 		at java.lang.ClassLoader.loadClass(ClassLoader.java:511)
01-06 06:34:35.707 20155 20155 W System.err: 		at java.lang.ClassLoader.loadClass(ClassLoader.java:504)
01-06 06:34:35.707 20155 20155 W System.err: 		... 27 more
01-06 06:34:35.707 20155 20155 W System.err: 		Suppressed: java.lang.ClassNotFoundException: com.secneo.wrapper.DexHelper
01-06 06:34:35.707 20155 20155 W System.err: 			at java.lang.Class.classForName(Native Method)
01-06 06:34:35.707 20155 20155 W System.err: 			at java.lang.BootClassLoader.findClass(ClassLoader.java:781)
01-06 06:34:35.707 20155 20155 W System.err: 			at java.lang.BootClassLoader.loadClass(ClassLoader.java:841)
01-06 06:34:35.707 20155 20155 W System.err: 			at java.lang.ClassLoader.loadClass(ClassLoader.java:504)
01-06 06:34:35.707 20155 20155 W System.err: 			... 28 more
01-06 06:34:35.707 20155 20155 W System.err: 		Caused by: java.lang.NoClassDefFoundError: Class not found using the boot class loader; no stack available
01-06 06:34:35.707 20155 20155 W System.err: java.lang.ClassNotFoundException: com.secneo.wrapper.Helper
01-06 06:34:35.707 20155 20155 W System.err: 	at java.lang.Class.classForName(Native Method)
01-06 06:34:35.707 20155 20155 W System.err: 	at java.lang.Class.forName(Class.java:309)
01-06 06:34:35.707 20155 20155 W System.err: 	at java.lang.Class.forName(Class.java:273)
01-06 06:34:35.707 20155 20155 W System.err: 	at com.idsky.android.mm.SmsMmPlugin.onApplicationCreate(SourceFile:114)
01-06 06:34:35.707 20155 20155 W System.err: 	at java.lang.reflect.Method.invoke(Native Method)
01-06 06:34:35.707 20155 20155 W System.err: 	at java.lang.reflect.Method.invoke(Method.java:372)
01-06 06:34:35.707 20155 20155 W System.err: 	at com.idsky.android.frame.PaymentPlugin.onApplicationCreate(SourceFile:152)
01-06 06:34:35.707 20155 20155 W System.err: 	at java.lang.reflect.Method.invoke(Native Method)
01-06 06:34:35.707 20155 20155 W System.err: 	at java.lang.reflect.Method.invoke(Method.java:372)
01-06 06:34:35.707 20155 20155 W System.err: 	at com.idsky.android.Idsky.onApplicationCreate(SourceFile:1411)
01-06 06:34:35.707 20155 20155 W System.err: 	at java.lang.reflect.Method.invoke(Native Method)
01-06 06:34:35.707 20155 20155 W System.err: 	at java.lang.reflect.Method.invoke(Method.java:372)
01-06 06:34:35.707 20155 20155 W System.err: 	at com.skynet.android.Skynet.invoke(SourceFile:4217)
01-06 06:34:35.707 20155 20155 W System.err: 	at com.skynet.android.Skynet.onApplicationCreate(SourceFile:3696)
01-06 06:34:35.707 20155 20155 W System.err: 	at com.kiloo.subwaysurf.BaiDuApplication.onCreate(BaiDuApplication.java:11)
01-06 06:34:35.707 20155 20155 W System.err: 	at android.app.Instrumentation.callApplicationOnCreate(Instrumentation.java:1012)
01-06 06:34:35.707 20155 20155 W System.err: 	at android.app.ActivityThread.handleBindApplication(ActivityThread.java:4553)
01-06 06:34:35.707 20155 20155 W System.err: 	at android.app.ActivityThread.access$1500(ActivityThread.java:151)
01-06 06:34:35.707 20155 20155 W System.err: 	at android.app.ActivityThread$H.handleMessage(ActivityThread.java:1364)
01-06 06:34:35.707 20155 20155 W System.err: 	at android.os.Handler.dispatchMessage(Handler.java:102)
01-06 06:34:35.707 20155 20155 W System.err: 	at android.os.Looper.loop(Looper.java:135)
01-06 06:34:35.707 20155 20155 W System.err: 	at android.app.ActivityThread.main(ActivityThread.java:5254)
01-06 06:34:35.707 20155 20155 W System.err: 	at java.lang.reflect.Method.invoke(Native Method)
01-06 06:34:35.707 20155 20155 W System.err: 	at java.lang.reflect.Method.invoke(Method.java:372)
01-06 06:34:35.707 20155 20155 W System.err: 	at com.android.internal.os.ZygoteInit$MethodAndArgsCaller.run(ZygoteInit.java:903)
01-06 06:34:35.707 20155 20155 W System.err: 	at com.android.internal.os.ZygoteInit.main(ZygoteInit.java:698)
01-06 06:34:35.707 20155 20155 W System.err: Caused by: java.lang.ClassNotFoundException: Didn't find class "com.secneo.wrapper.Helper" on path: DexPathList[[zip file "/data/app/com.kiloo.subwaysurf-1/base.apk"],nativeLibraryDirectories=[/data/app/com.kiloo.subwaysurf-1/lib/arm, /vendor/lib, /system/lib]]
01-06 06:34:35.707 20155 20155 W System.err: 	at dalvik.system.BaseDexClassLoader.findClass(BaseDexClassLoader.java:56)
01-06 06:34:35.707 20155 20155 W System.err: 	at java.lang.ClassLoader.loadClass(ClassLoader.java:511)
01-06 06:34:35.707 20155 20155 W System.err: 	at java.lang.ClassLoader.loadClass(ClassLoader.java:469)
01-06 06:34:35.707 20155 20155 W System.err: 	... 26 more
01-06 06:34:35.707 20155 20155 W System.err: 	Suppressed: java.lang.ClassNotFoundException: Didn't find class "com.secneo.wrapper.Helper" on path: DexPathList[[dex file "/data/data/com.kiloo.subwaysurf/appsdk0_.dex"],nativeLibraryDirectories=[/data/data/com.kiloo.subwaysurf/lib, /vendor/lib, /system/lib]]
01-06 06:34:35.707 20155 20155 W System.err: 		at dalvik.system.BaseDexClassLoader.findClass(BaseDexClassLoader.java:56)
01-06 06:34:35.707 20155 20155 W System.err: 		at java.lang.ClassLoader.loadClass(ClassLoader.java:511)
01-06 06:34:35.707 20155 20155 W System.err: 		at java.lang.ClassLoader.loadClass(ClassLoader.java:504)
01-06 06:34:35.707 20155 20155 W System.err: 		... 27 more
01-06 06:34:35.707 20155 20155 W System.err: 		Suppressed: java.lang.ClassNotFoundException: com.secneo.wrapper.Helper
01-06 06:34:35.707 20155 20155 W System.err: 			at java.lang.Class.classForName(Native Method)
01-06 06:34:35.707 20155 20155 W System.err: 			at java.lang.BootClassLoader.findClass(ClassLoader.java:781)
01-06 06:34:35.707 20155 20155 W System.err: 			at java.lang.BootClassLoader.loadClass(ClassLoader.java:841)
01-06 06:34:35.707 20155 20155 W System.err: 			at java.lang.ClassLoader.loadClass(ClassLoader.java:504)
01-06 06:34:35.707 20155 20155 W System.err: 			... 28 more
01-06 06:34:35.707 20155 20155 W System.err: 		Caused by: java.lang.NoClassDefFoundError: Class not found using the boot class loader; no stack available
01-06 06:34:35.708 20155 20202 I System  : android.system.ErrnoException: kill failed: ESRCH (No such process)
01-06 06:34:35.708 20155 20202 I System  : 	at libcore.io.Posix.kill(Native Method)
01-06 06:34:35.708 20155 20202 I System  : 	at libcore.io.ForwardingOs.kill(ForwardingOs.java:101)
01-06 06:34:35.708 20155 20202 I System  : 	at java.lang.ProcessManager$ProcessImpl.destroy(ProcessManager.java:260)
01-06 06:34:35.708 20155 20202 I System  : 	at com.unicom.dcLoader.DynProcessUtil.getChildProcessId(Unknown Source)
01-06 06:34:35.708 20155 20202 I System  : 	at com.unicom.dcLoader.DynProcessUtil.getProcessIdList(Unknown Source)
01-06 06:34:35.708 20155 20202 I System  : 	at com.unicom.dcLoader.Utils.g(Unknown Source)
01-06 06:34:35.708 20155 20202 I System  : 	at com.unicom.dcLoader.Utils.a(Unknown Source)
01-06 06:34:35.708 20155 20202 I System  : 	at com.unicom.dcLoader.Utils$2.run(Unknown Source)
01-06 06:34:35.708 20155 20155 I idsyconfig: found another way to go to happiness or hell
01-06 06:34:35.711 20155 20155 I RSA     : idskyver.txt={"sdk_version":"pay-3.2.1.27"}
01-06 06:34:35.712 20155 20155 I DES     : idsky_config={"game_type":"2","is_carrier_version":"false","default_p_list":"10107","pay":"","count_url":"http://sdklog.uu.cc/","wechat_partnerid":"1218827101","weixin_app_id":"wx13c597a9742e1d4e","game_id":"10389","cm_skin":"1","mm_sms_skin":1}
01-06 06:34:35.713  2149  3044 I ActivityManager: START u0 {flg=0x10000000 cmp=com.kiloo.subwaysurf/.RRAndroidPluginActivity} from uid 10115 on display 0
01-06 06:34:35.715 20206 20206 W linker  : [vdso]: unused DT entry: type 0x6ffffef5 arg 0xec
01-06 06:34:35.716 20206 20206 E cutils-trace: Error opening trace file: Permission denied (13)
01-06 06:34:35.716 20206 20206 I dex2oat : /system/bin/dex2oat --runtime-arg -classpath --runtime-arg  --instruction-set=x86 --instruction-set-features=default --runtime-arg -Xrelocate --boot-image=/system/framework/boot.art --dex-file=/data/data/com.kiloo.subwaysurf/.ucache/classez.jar --oat-fd=28 --oat-location=/data/data/com.kiloo.subwaysurf/.ucache/classez.dex --runtime-arg -Xms64m --runtime-arg -Xmx512m --compiler-filter=interpret-only
01-06 06:34:35.721  2149  3044 V WindowManager: addAppToken: AppWindowToken{28b01ea token=Token{62b35d5 ActivityRecord{2db6a8c u0 com.kiloo.subwaysurf/.RRAndroidPluginActivity t1120}}} to stack=1 task=1120 at 1
01-06 06:34:35.721  2149  3044 V WindowManager: Based on layer: Adding window Window{1327201d u0 Starting com.kiloo.subwaysurf} at 5 of 10
01-06 06:34:35.721  2267  2267 V PhoneStatusBar: setLightsOn(true)
01-06 06:34:35.721  2149  4763 D KbdSensor: poll_activate: dev=0x7f3152c66680 handle=0 enabled=1
01-06 06:34:35.721  2149  4763 D KbdSensor: poll_setDelay: dev=0x7f3152c66680 delay-ns=66667000
01-06 06:34:35.746  2149  4763 I ActivityManager: Config changes=480 {1.0 ?mcc?mnc zh_CN ldltr sw720dp w720dp h1206dp 240dpi lrg long port -touch qwerty/v/v -nav/h s.47}
01-06 06:34:35.747  2149  2149 V ActivityManager: Display changed displayId=0
01-06 06:34:35.748  2149  2191 I InputReader: Reconfiguring input devices.  changes=0x00000004
01-06 06:34:35.752 20071 20071 D GeckoApplication: onConfigurationChanged: zh_CN, background: false
01-06 06:34:35.753 20071 20071 D GeckoSharedPrefs: Current version = 1, prefs version = 1
01-06 06:34:35.753 20071 20071 D GeckoLocales: No selected locale. No correction needed.
01-06 06:34:35.767  1867  2115 E Vold    : Failed to find mounted volume for /storage/usb0/Android/obb/com.kiloo.subwaysurf/
01-06 06:34:35.767 20155 20155 W ContextImpl: Failed to ensure directory: /storage/usb0/Android/obb/com.kiloo.subwaysurf
01-06 06:34:35.767  1867  2115 E Vold    : Failed to find mounted volume for /storage/usb1/Android/obb/com.kiloo.subwaysurf/
01-06 06:34:35.767 20155 20155 W ContextImpl: Failed to ensure directory: /storage/usb1/Android/obb/com.kiloo.subwaysurf
01-06 06:34:35.767  1867  2115 E Vold    : Failed to find mounted volume for /storage/usb2/Android/obb/com.kiloo.subwaysurf/
01-06 06:34:35.767 20155 20155 W ContextImpl: Failed to ensure directory: /storage/usb2/Android/obb/com.kiloo.subwaysurf
01-06 06:34:35.768  1867  2115 E Vold    : Failed to find mounted volume for /storage/usb3/Android/obb/com.kiloo.subwaysurf/
01-06 06:34:35.768 20155 20155 W ContextImpl: Failed to ensure directory: /storage/usb3/Android/obb/com.kiloo.subwaysurf
01-06 06:34:35.768  1867  2115 E Vold    : Failed to find mounted volume for /storage/sdcard1/Android/obb/com.kiloo.subwaysurf/
01-06 06:34:35.768 20155 20155 W ContextImpl: Failed to ensure directory: /storage/sdcard1/Android/obb/com.kiloo.subwaysurf
01-06 06:34:35.768  1867  2115 E Vold    : Failed to find mounted volume for /storage/usb0/Android/data/com.kiloo.subwaysurf/files/
01-06 06:34:35.768 20155 20155 W ContextImpl: Failed to ensure directory: /storage/usb0/Android/data/com.kiloo.subwaysurf/files
01-06 06:34:35.768  1867  2115 E Vold    : Failed to find mounted volume for /storage/usb1/Android/data/com.kiloo.subwaysurf/files/
01-06 06:34:35.768 20155 20155 W ContextImpl: Failed to ensure directory: /storage/usb1/Android/data/com.kiloo.subwaysurf/files
01-06 06:34:35.769  1867  2115 E Vold    : Failed to find mounted volume for /storage/usb2/Android/data/com.kiloo.subwaysurf/files/
01-06 06:34:35.769 20155 20155 W ContextImpl: Failed to ensure directory: /storage/usb2/Android/data/com.kiloo.subwaysurf/files
01-06 06:34:35.769  1867  2115 E Vold    : Failed to find mounted volume for /storage/usb3/Android/data/com.kiloo.subwaysurf/files/
01-06 06:34:35.769 20155 20155 W ContextImpl: Failed to ensure directory: /storage/usb3/Android/data/com.kiloo.subwaysurf/files
01-06 06:34:35.770  1867  2115 E Vold    : Failed to find mounted volume for /storage/sdcard1/Android/data/com.kiloo.subwaysurf/files/
01-06 06:34:35.770 20155 20155 W ContextImpl: Failed to ensure directory: /storage/sdcard1/Android/data/com.kiloo.subwaysurf/files
01-06 06:34:35.770 20155 20155 D houdini : [20155] Added shared library /data/app/com.kiloo.subwaysurf-1/lib/arm/libmain.so for ClassLoader by Native Bridge.
01-06 06:34:35.772 20155 20155 D houdini : [20155] Added shared library /data/app/com.kiloo.subwaysurf-1/lib/arm/libmain.so for ClassLoader by Native Bridge.
01-06 06:34:35.794 20155 20155 W ResourceType: Invalid package identifier when getting bag for resource number 0x00000000
01-06 06:34:35.795 20155 20155 D InAppBillingManager: AndroidBilling: Starting billing service
01-06 06:34:35.796 20155 20155 D InAppBillingManager: AndroidBilling: Billing service started
01-06 06:34:35.796 20155 20155 D RRAndroidPluginActivity: AndroidBilling: onCreate called!
01-06 06:34:35.796 20155 20155 W System.err: java.lang.ClassNotFoundException: com.skynet.android.uc.UC
01-06 06:34:35.796 20155 20155 W System.err: 	at java.lang.Class.classForName(Native Method)
01-06 06:34:35.796 20155 20155 W System.err: 	at java.lang.Class.forName(Class.java:309)
01-06 06:34:35.796 20155 20155 W System.err: 	at java.lang.Class.forName(Class.java:273)
01-06 06:34:35.796 20155 20155 W System.err: 	at com.skynet.android.Skynet.invoke(SourceFile:4209)
01-06 06:34:35.796 20155 20155 W System.err: 	at com.skynet.android.Skynet.onActivityCreate(SourceFile:4190)
01-06 06:34:35.796 20155 20155 W System.err: 	at com.kiloo.subwaysurf.RRAndroidPluginActivity.onCreate(RRAndroidPluginActivity.java:119)
01-06 06:34:35.796 20155 20155 W System.err: 	at android.app.Activity.performCreate(Activity.java:5990)
01-06 06:34:35.796 20155 20155 W System.err: 	at android.app.Instrumentation.callActivityOnCreate(Instrumentation.java:1106)
