01-06 06:34:39.427 20155 20288 I DES     :         description=""
01-06 06:34:39.427 20155 20288 I DES     :         version="1.0.0" /> 
01-06 06:34:39.427 20155 20288 I DES     : 
01-06 06:34:39.427 20155 20288 I DES     :     <plugin
01-06 06:34:39.427 20155 20288 I DES     :         name="activity"
01-06 06:34:39.427 20155 20288 I DES     :         class="com.skynet.android.activity.impl.ActivityPlugin"
01-06 06:34:39.427 20155 20288 I DES     :         description=""
01-06 06:34:39.427 20155 20288 I DES     :         interfaces="OnLoginListener"
01-06 06:34:39.427 20155 20288 I DES     :         version="1.0.0" /> 
01-06 06:34:39.427 20155 20288 I DES     : 
01-06 06:34:39.427 20155 20288 I DES     :     <plugin
01-06 06:34:39.427 20155 20288 I DES     :         name="weixin"
01-06 06:34:39.427 20155 20288 I DES     :         class="com.skynet.android.weixin.WeixinPlugin"
01-06 06:34:39.427 20155 20288 I DES     :         description="" 
01-06 06:34:39.427 20155 20288 I DES     :         version="1.0.0"/>
01-06 06:34:39.427 20155 20288 I DES     : 		
01-06 06:34:39.427 20155 20288 I DES     :     <plugin
01-06 06:34:39.427 20155 20288 I DES     :         name="user_tencent"
01-06 06:34:39.427 20155 20288 I DES     :         class="com.skynet.android.user.tencent.TencentUserPlugin"
01-06 06:34:39.427 20155 20288 I DES     :         description=""
01-06 06:34:39.427 20155 20288 I DES     :         version="1.0.0" />  
01-06 06:34:39.427 20155 20288 I DES     :  
01-06 06:34:39.427 20155 20288 I DES     :     <plugin
01-06 06:34:39.427 20155 20288 I DES     :         name="qihoo_data_push"
01-06 06:34:39.427 20155 20288 I DES     :         class="com.skynet.android.qihoo.dataPush.QihooDataPushPlugin"
01-06 06:34:39.427 20155 20288 I DES     :         description="360_PUSH"
01-06 06:34:39.427 20155 20288 I DES     :         interfaces="OnAppInitListener"
01-06 06:34:39.427 20155 20288 I DES     :         version="1.0.0" /> 
01-06 06:34:39.427 20155 20288 I DES     : 		
01-06 06:34:39.427 20155 20288 I DES     : 	<plugin
01-06 06:34:39.427 20155 20288 I DES     :         name="activity_h5"
01-06 06:34:39.427 20155 20288 I DES     :         class="com.skynet.android.activity.v3.SkynetActivityPlugin"
01-06 06:34:39.427 20155 20288 I DES     :         description="" 
01-06 06:34:39.427 20155 20288 I DES     :         interfaces="OnLoginListener"
01-06 06:34:39.427 20155 20288 I DES     :         version="1.0.0" /> 
01-06 06:34:39.427 20155 20288 I DES     : 	 
01-06 06:34:39.427 20155 20288 I DES     : 	<plugin
01-06 06:34:39.427 20155 20288 I DES     :         name="pay_ledou"
01-06 06:34:39.427 20155 20288 I DES     :         class="com.skynet.android.payment.ledou.LedouPaymentPlugin" 
01-06 06:34:39.427 20155 20288 I DES     :         description="SDK" 
01-06 06:34:39.427 20155 20288 I DES     :         version="1.0.0" />  
01-06 06:34:39.427 20155 20288 I DES     :         
01-06 06:34:39.427 20155 20288 I DES     :     <plugin
01-06 06:34:39.427 20155 20288 I DES     :         name="pay_qihoo"
01-06 06:34:39.427 20155 20288 I DES     :         class="com.skynet.android.payment.qihoopay.QihooPayPlugin"
01-06 06:34:39.427 20155 20288 I DES     :         description="360"
01-06 06:34:39.427 20155 20288 I DES     :         version="1.0.0" />  
01-06 06:34:39.427 20155 20288 I DES     :    
01-06 06:34:39.427 20155 20288 I DES     : 	<plugin 
01-06 06:34:39.427 20155 20288 I DES     : 		name="forum" 
01-06 06:34:39.427 20155 20288 I DES     : 		class="com.idreamsky.plugin.forum.ForumPlugin" 
01-06 06:34:39.427 20155 20288 I DES     : 		description="" 
01-06 06:34:39.427 20155 20288 I DES     : 		version="1.0" 
01-06 06:34:39.427 20155 20288 I DES     : 		versionCode="1"/>
01-06 06:34:39.427 20155 20288 I DES     : 		
01-06 06:34:39.427 20155 20288 I DES     : 	<plugin 
01-06 06:34:39.427 20155 20288 I DES     : 		name="xiaomi" 
01-06 06:34:39.427 20155 20288 I DES     : 		class="com.skynet.android.xiaomi.Xiaomi" 
01-06 06:34:39.427 20155 20288 I DES     : 		description=""  
01-06 06:34:39.427 20155 20288 I DES     : 		version="1.0" 
01-06 06:34:39.427 20155 20288 I DES     : 		versionCode="1"/>
01-06 06:34:39.427 20155 20288 I DES     : 		
01-06 06:34:39.427 20155 20288 I DES     : 	<plugin 
01-06 06:34:39.427 20155 20288 I DES     : 		name="xiaomi_pay" 
01-06 06:34:39.427 20155 20288 I DES     : 		class="com.skynet.android.xiaomi.MiPay" 
01-06 06:34:39.427 20155 20288 I DES     : 		description=""  
01-06 06:34:39.427 20155 20288 I DES     : 		version="1.0" 
01-06 06:34:39.427 20155 20288 I DES     : 		versionCode="1"/>
01-06 06:34:39.427 20155 20288 I DES     : 		
01-06 06:34:39.427 20155 20288 I DES     : 	<plugin 
01-06 06:34:39.427 20155 20288 I DES     : 		name="operating" 
01-06 06:34:39.427 20155 20288 I DES     : 		class="com.skynet.android.activitiesbox.OperatingPlugin" 
01-06 06:34:39.427 20155 20288 I DES     : 		description="operating"  
01-06 06:34:39.427 20155 20288 I DES     : 		version="1.0" 
01-06 06:34:39.427 20155 20288 I DES     : 		versionCode="1"/>
01-06 06:34:39.427 20155 20288 I DES     :    
01-06 06:34:39.427 20155 20288 I DES     : 	<plugin
01-06 06:34:39.427 20155 20288 I DES     :         name="sina"
01-06 06:34:39.427 20155 20288 I DES     :         class="com.skynet.android.sina.Sina"
01-06 06:34:39.427 20155 20288 I DES     :         description=""
01-06 06:34:39.427 20155 20288 I DES     :         version="1.0.0" />  
01-06 06:34:39.427 20155 20288 I DES     : 		
01-06 06:34:39.427 20155 20288 I DES     : 	<plugin
01-06 06:34:39.427 20155 20288 I DES     : 		name="uc"
01-06 06:34:39.427 20155 20288 I DES     : 		class="com.skynet.android.uc.UC"
01-06 06:34:39.427 20155 20288 I DES     : 		description="UC"
01-06 06:34:39.427 20155 20288 I DES     : 		version="1.0.0" />  
01-06 06:34:39.427 20155 20288 I DES     : 	
01-06 06:34:39.427 20155 20288 I DES     : 	<plugin
01-06 06:34:39.427 20155 20288 I DES     : 		name="uc_pay"
01-06 06:34:39.427 20155 20288 I DES     : 		class="com.skynet.android.uc.UCPay"
01-06 06:34:39.427 20155 20288 I DES     : 		description="UC_Pay"
01-06 06:34:39.427 20155 20288 I DES     : 		version="1.0.0" />
01-06 06:34:39.427 20155 20288 I DES     : 		
01-06 06:34:39.427 20155 20288 I DES     : 	<plugin
01-06 06:34:39.427 20155 20288 I DES     : 		name="amigo_pay"
01-06 06:34:39.427 20155 20288 I DES     : 		class="com.skynet.android.amigo.AmigoPay"
01-06 06:34:39.427 20155 20288 I DES     : 		description="Amigo_Pay"
01-06 06:34:39.427 20155 20288 I DES     : 		version="1.0.0" />
01-06 06:34:39.427 20155 20288 I DES     : 		
01-06 06:34:39.427 20155 20288 I DES     :     <plugin
01-06 06:34:39.427 20155 20288 I DES     : 		name="amigo"
01-06 06:34:39.427 20155 20288 I DES     : 		class="com.skynet.android.amigo.Amigo"
01-06 06:34:39.427 20155 20288 I DES     : 		description="Amigo"
01-06 06:34:39.427 20155 20288 I DES     : 		version="1.0.0" />  
01-06 06:34:39.427 20155 20288 I DES     : 		
01-06 06:34:39.427 20155 20288 I DES     :     <plugin
01-06 06:34:39.427 20155 20288 I DES     : 		name="ftn
01-06 06:34:39.428 20155 20288 I art     : Rejecting re-init on previously-failed class java.lang.Class<com.skynet.android.anzhi.AnZhiPay>
01-06 06:34:39.433 20155 20288 I art     : Rejecting re-init on previously-failed class java.lang.Class<com.skynet.android.qihoo.t>
01-06 06:34:39.433 20155 20288 I art     : Rejecting re-init on previously-failed class java.lang.Class<com.skynet.android.qihoo.t>
01-06 06:34:39.433 20155 20288 I art     : Rejecting re-init on previously-failed class java.lang.Class<com.skynet.android.qihoo.t>
01-06 06:34:39.434 20155 20288 I art     : Rejecting re-init on previously-failed class java.lang.Class<com.skynet.android.ffnn.a>
01-06 06:34:39.437 20155 20288 I PluginManager: supported plugins:
01-06 06:34:39.437 20155 20288 I PluginManager: [
01-06 06:34:39.437 20155 20288 I PluginManager: oppo pay 1.0.0
01-06 06:34:39.437 20155 20288 I PluginManager: SDK 1.0.0
01-06 06:34:39.437 20155 20288 I PluginManager:  1.0.0
01-06 06:34:39.437 20155 20288 I PluginManager: lbs 1.0.0
01-06 06:34:39.437 20155 20288 I PluginManager:  1.0.0
01-06 06:34:39.437 20155 20288 I PluginManager: Amigo 1.0.0
01-06 06:34:39.437 20155 20288 I PluginManager:  1.0.0
01-06 06:34:39.437 20155 20288 I PluginManager:  1.0.0
01-06 06:34:39.437 20155 20288 I PluginManager: 4399 1.0.0
01-06 06:34:39.437 20155 20288 I PluginManager:  1.0.0
01-06 06:34:39.437 20155 20288 I PluginManager: 360_SNS_SDK 1.0.0
01-06 06:34:39.437 20155 20288 I PluginManager:  1.0.0
01-06 06:34:39.437 20155 20288 I PluginManager:  1.0
01-06 06:34:39.437 20155 20288 I PluginManager:  1.0.0
01-06 06:34:39.437 20155 20288 I PluginManager: operating 1.0
01-06 06:34:39.437 20155 20288 I PluginManager: 360 1.0.0
01-06 06:34:39.437 20155 20288 I PluginManager: Amigo_Pay 1.0.0
01-06 06:34:39.437 20155 20288 I PluginManager:  1.0.0
01-06 06:34:39.437 20155 20288 I PluginManager: baidu 1.0.0
01-06 06:34:39.437 20155 20288 I PluginManager: oppo 1.0.0
01-06 06:34:39.437 20155 20288 I PluginManager: vivo pay 1.0.0
01-06 06:34:39.437 20155 20288 I PluginManager: msdk 1.0.0
01-06 06:34:39.437 20155 20288 I PluginManager:  1.0.0
01-06 06:34:39.437 20155 20288 I PluginManager:  1.0.0
01-06 06:34:39.437 20155 20288 I PluginManager: baidu pay 1.0.0
01-06 06:34:39.437 20155 20288 I PluginManager:  1.0
01-06 06:34:39.437 20155 20288 I PluginManager:  1.0.0
01-06 06:34:39.437 20155 20288 I PluginManager:  1.0.0
01-06 06:34:39.437 20155 20288 I PluginManager: ]
01-06 06:34:39.440 20155 20288 I DsTrackstat: initDebugConfig=-1, openLog=false
01-06 06:34:39.441 20155 20293 D BaseRequest: https://in1.feed.uu.cc:443/sdk_init_info?consumer_key=e19081b4527963d70c7a&cgi_name=%5B%22activity%2Fget_active_list%22%5D
01-06 06:34:39.441 20155 20293 D BaseRequest: a_meta:
01-06 06:34:39.441 20155 20293 D BaseRequest: p_meta:
01-06 06:34:39.443 20155 20288 I SkynetDlog: init
01-06 06:34:39.445 20155 20288 I Dsv2Trackstat: localFile=false
01-06 06:34:39.445 20155 20288 I Dsv2Trackstat: initDebugConfig=-1, openLog=true
01-06 06:34:39.446 20155 20299 D Dsv2Trackstat:  request url http://actsdk.idreamsky.com/
01-06 06:34:39.446 20155 20299 D Dsv2Trackstat: ====DeviceStart|2016-01-06 06:34:39|10389|e19081b4527963d70c7a|1|2.41.0|BD0S0N50004|7482823pr8sn0o406|5.1.1|H170-PRO|00|4|1080|1848|1.5|1500.0|15940|||1.3.1|unknown|unknown|unknown|9b5af3ec87373915||zh_CN||Android-x86|2.4.7.10
01-06 06:34:39.447  2149  2394 W SensorService: sensor 00000000 already enabled in connection 0x7f313d079800 (ignoring)
01-06 06:34:39.447  2149  2394 D KbdSensor: poll_activate: dev=0x7f3152c66680 handle=0 enabled=1
01-06 06:34:39.447  2149  2394 D KbdSensor: poll_setDelay: dev=0x7f3152c66680 delay-ns=1000000
01-06 06:34:39.447  2149  3128 D KbdSensor: poll_setDelay: dev=0x7f3152c66680 delay-ns=20000000
01-06 06:34:39.447 20155 20288 I SkynetPlugin: onInitialize()
01-06 06:34:39.447  2149  3044 W ActivityManager: getTasks: caller 10115 does not hold REAL_GET_TASKS; limiting output
01-06 06:34:39.448 20155 20301 I SkynetDlog: onPlayerLogin
01-06 06:34:39.448 20155 20302 D Dsv2Trackstat:  request url http://actsdk.idreamsky.com/
01-06 06:34:39.448 20155 20302 D Dsv2Trackstat: ====PlayerLogin||2016-01-06 06:34:39|10389|e19081b4527963d70c7a|1|1279975524|2.41.0|BD0S0N50004|7482823pr8sn0o406||0|0|5.1.1|H170-PRO|00|4|1080|1848|1.5|1500.0|15940|||unknown|unknown|unknown|9b5af3ec87373915|1.3.1|||||zh_CN||Android-x86|2.4.7.10
01-06 06:34:39.449 20155 20288 I QihooPlugin: onInitialize()
01-06 06:34:39.449 20155 20288 E PluginEntry: class [com.skynet.android.qihoo.dataPush.QihooDataPushPlugin] not found
01-06 06:34:39.449 20155 20155 I QihooPlugin: onAppInit
01-06 06:34:39.450 20155 20155 E QihooPlugin: Qihoo sdk not found.
01-06 06:34:39.450 20155 20155 W QihooPlugin: QihooPlugin is unable.
01-06 06:34:39.450 20155 20288 I UserPlugin: onInitialize()
01-06 06:34:39.450 20155 20221 W ContextImpl: Implicit intents with startService are not safe: Intent { act=com.android.vending.billing.MarketBillingService.BIND } android.content.ContextWrapper.bindService:539 android.content.ContextWrapper.bindService:539 com.kiloo.subwaysurf.BillingService.bindToMarketBillingService:468 
01-06 06:34:39.450  2149 17057 W ActivityManager: Unable to start service Intent { act=com.android.vending.billing.MarketBillingService.BIND } U=0: not found
01-06 06:34:39.450 20155 20221 E BillingService: AndroidBilling: Could not bind to service.
01-06 06:34:39.453 20155 20288 I User_MethodsSyncer: u_list=f
01-06 06:34:39.453 20155 20288 E PluginEntry: class [com.skynet.android.user.ledou.LedouPlugin] not found
01-06 06:34:39.453 20155 20288 I User_MethodsSyncer: u_list=f
01-06 06:34:39.453 20155 20288 E PluginEntry: class [com.skynet.android.user.qq.QQPlugin] not found
01-06 06:34:39.454 20155 20288 I User_MethodsSyncer: u_list=f
01-06 06:34:39.454 20155 20288 I User_MethodsSyncer: u_list=f
01-06 06:34:39.454 20155 20288 I User_MethodsSyncer: u_list=f
01-06 06:34:39.454 20155 20288 I User_MethodsSyncer: u_list=f
01-06 06:34:39.454 20155 20288 I User_MethodsSyncer: u_list=f
01-06 06:34:39.454 20155 20288 I UserPlugin: reset login
01-06 06:34:39.454 20155 20155 I UserPlugin: set login in process true
01-06 06:34:39.455 20155 20155 I RequestCache: key:account/basic_info
01-06 06:34:39.455 20155 20155 I RequestCache: content:{"game":{"id":"10389","name":""},"player":{"avatar_url":"","current_device_udid":"7482823pr8sn0o406","has_password":false,"id":"1279975524","nickname":"player1279975524","phone":"","sso_player_id":""}}_T_em_pCa_che_86400000_T_em_pCa_che_1452061930160
01-06 06:34:39.455 20155 20307 D BaseRequest: http://v1-feed.idreamsky.com/app/init
01-06 06:34:39.455 20155 20307 D BaseRequest: User-Agent:SkyNet/2.0(android:5.1.1;channel:BD0S0N50004;udid:7482823pr8sn0o406;app_version:2.41.0;package:com.kiloo.subwaysurf;sdk_version:2.4.7.10;game_version:v2.41.0_s2.4.7.10;sim_type:-1;platform:1;network_type:wifi;imei:unknown;device_brand:Android-x86;device_model:H170-PRO;resolution:1080X1848;lang:zh_CN;cpu_freq:4200000;game_name:%E5%9C%B0%E9%93%81%E8%B7%91%E9%85%B7;encoded:true)
01-06 06:34:39.455 20155 20307 D BaseRequest: params:{"nudid":"7482823pr8sn0o406","appkey":"e19081b4527963d70c7a","udid":"ffffffff-a4b0-226d-0033-c5870033c587","sign":"952f6e9586887fcd3cb1ed7f24eb919e"}
01-06 06:34:39.455 20155 20155 D RequestCache: last_cache_time: 1452061930160 now_time: 1452062079455 time_interval: 149295 cache_time: 86400000
01-06 06:34:39.457 20155 20288 I AppBlackListChecker: server config apk blackList == []
01-06 06:34:39.457 20155 20155 I UserPlugin: set login in process false
01-06 06:34:39.457 20155 20155 I UserPlugin: onPlayerLoginTack playerId:1279975524 gameId:10389
01-06 06:34:39.457 20155 20309 D Dsv2Trackstat:  request url http://actsdk.idreamsky.com/
01-06 06:34:39.457 20155 20155 I LBS     : onInitialize()
01-06 06:34:39.457 20155 20155 I SkynetActivityPlugin: onInitialize()
01-06 06:34:39.457 20155 20309 D Dsv2Trackstat: ====PlayerLogin||2016-01-06 06:34:39|10389|e19081b4527963d70c7a|1|1279975524|2.41.0|BD0S0N50004|7482823pr8sn0o406||0|0|5.1.1|H170-PRO|00|4|1080|1848|1.5|1500.0|15940|||unknown|unknown|unknown|9b5af3ec87373915|1.3.1|||||zh_CN||Android-x86|2.4.7.10
01-06 06:34:39.458 20155 20155 I ActivityPlugin: onInitialize()
01-06 06:34:39.458 20155 20155 I RequestCache: key:v2/sdk_activity
01-06 06:34:39.458 20155 20155 I RequestCache: content:{"activity_id":"","content":"","leaderboard_url":"","name":"","phone_number":"","update_info":2}_T_em_pCa_che_86400000_T_em_pCa_che_1452061931430
01-06 06:34:39.458 20155 20155 D RequestCache: last_cache_time: 1452061931430 now_time: 1452062079458 time_interval: 148028 cache_time: 86400000
01-06 06:34:39.458 20155 20155 D ActivityPlugin: sdk_activity:{"activity_id":"","content":"","leaderboard_url":"","name":"","phone_number":"","update_info":2}
01-06 06:34:39.459 20155 20221 D InAppBillingManager: AndroidBilling: No Billing Support Yet!
01-06 06:34:39.459 20155 20221 I Unity   : Restore transactions response: False
01-06 06:34:39.459 20155 20221 I Unity   :  
01-06 06:34:39.459 20155 20221 I Unity   : (Filename: ./artifacts/AndroidManagedGenerated/UnityEngineDebug.cpp Line: 56)
01-06 06:34:39.459 20155 20221 I Unity   : 
01-06 06:34:39.463 20155 20155 I SkynetApi: onSnsInviterInfo:null
01-06 06:34:39.464 20155 20155 E plugin  : onReceive
01-06 06:34:39.464 10668 10668 E plugin  : onReceive
01-06 06:34:39.465 10668 20315 E plugin  : NetworkIsConnected
01-06 06:34:39.465 10668 20315 E plugin  : app!=null
01-06 06:34:39.465 10668 20315 E plugin  : AppId10234
01-06 06:34:39.465 10668 20315 E plugin  : channelId->BD0S0N50004
01-06 06:34:39.471 20155 20314 E plugin  : NetworkIsConnected
01-06 06:34:39.471 20155 20314 E plugin  : app!=null
01-06 06:34:39.471 20155 20314 E plugin  : AppId10389
01-06 06:34:39.471 20155 20314 E plugin  : channelId->BD0S0N50004
01-06 06:34:39.474 20155 20288 I Skynet  : SDK_VERSION=2.4.7.10
01-06 06:34:39.475 20155 20288 D leaderboard: init UserPlugin take time:1
01-06 06:34:39.475 20155 20288 I LedouPaymentPlugin: onInitialize()
01-06 06:34:39.475 20155 20288 D LinkPayPlugin: ===>payment.jar isEnabled = true
01-06 06:34:39.480 20155 20316 I IdskyCache: User-Agent:SkyNet/2.0(android:5.1.1;channel:BD0S0N50004;udid:7482823pr8sn0o406;app_version:2.41.0;package:com.kiloo.subwaysurf;sdk_version:pay-3.2.1.27;network_type:wifi;imei:unknown;device_brand:Android-x86;device_model:H170-PRO;resolution:1080X1848;lang:zh_CN;cpu_freq:4200000;game_name:%E5%9C%B0%E9%93%81%E8%B7%91%E9%85%B7;encoded:true;local_time:20160106063439+0000)
01-06 06:34:39.480 20155 20316 W System.err: android.content.pm.PackageManager$NameNotFoundException: com.skynet.config
01-06 06:34:39.480 20155 20316 W System.err: 	at android.app.ApplicationPackageManager.getPackageInfo(ApplicationPackageManager.java:114)
01-06 06:34:39.480 20155 20316 W System.err: 	at com.idsky.lib.utils.b.c(SourceFile:991)
01-06 06:34:39.481 20155 20316 W System.err: 	at com.idsky.lib.config.a.a(SourceFile:186)
01-06 06:34:39.481 20155 20316 W System.err: 	at com.idsky.android.Idsky$1.run(SourceFile:120)
01-06 06:34:39.481 20155 20316 W System.err: 	at android.os.Handler.handleCallback(Handler.java:739)
01-06 06:34:39.481 20155 20316 W System.err: 	at android.os.Handler.dispatchMessage(Handler.java:95)
01-06 06:34:39.481 20155 20316 W System.err: 	at android.os.Looper.loop(Looper.java:135)
01-06 06:34:39.481 20155 20316 W System.err: 	at android.os.HandlerThread.run(HandlerThread.java:61)
01-06 06:34:39.481 20155 20316 I idsyconfig: pf=1
01-06 06:34:39.499 20155 20316 I DES     : plugins.xml: <?xml version="1.0.0" encoding="utf-8"?>
01-06 06:34:39.499 20155 20316 I DES     : <plugins>
01-06 06:34:39.499 20155 20316 I DES     :     
01-06 06:34:39.499 20155 20316 I DES     :     <plugin
01-06 06:34:39.499 20155 20316 I DES     :         name="standard"
01-06 06:34:39.499 20155 20316 I DES     :         class="com.idsky.android.standard.StandardPlugin"
01-06 06:34:39.499 20155 20316 I DES     :         description=""
01-06 06:34:39.499 20155 20316 I DES     :         version="1.0.0" />
01-06 06:34:39.499 20155 20316 I DES     : 
01-06 06:34:39.499 20155 20316 I DES     :     <plugin
01-06 06:34:39.499 20155 20316 I DES     :         name="payment"
01-06 06:34:39.499 20155 20316 I DES     :         class="com.idsky.android.frame.PaymentPlugin"
01-06 06:34:39.499 20155 20316 I DES     :         description=""
01-06 06:34:39.499 20155 20316 I DES     :         interfaces="OnAppInitListener"
01-06 06:34:39.499 20155 20316 I DES     :         required="true"
01-06 06:34:39.499 20155 20316 I DES     :         version="1.0.0" />
01-06 06:34:39.499 20155 20316 I DES     : 
01-06 06:34:39.499 20155 20316 I DES     :     <plugin
01-06 06:34:39.499 20155 20316 I DES     :         name="pay_redeem"
01-06 06:34:39.499 20155 20316 I DES     :         class="com.idsky.android.redeem.RedeemPlugin"
01-06 06:34:39.499 20155 20316 I DES     :         description=""
01-06 06:34:39.499 20155 20316 I DES     :         version="1.0.0" />
01-06 06:34:39.499 20155 20316 I DES     : 
01-06 06:34:39.499 20155 20316 I DES     :     <plugin
01-06 06:34:39.499 20155 20316 I DES     :         name="pay_cm"
01-06 06:34:39.499 20155 20316 I DES     :         class="com.idsky.android.cm.CmccPlugin"
01-06 06:34:39.499 20155 20316 I DES     :         description="SDK"
01-06 06:34:39.499 20155 20316 I DES     :         interfaces="OnAppInitListener"
01-06 06:34:39.499 20155 20316 I DES     :         version="1.0.0" />
01-06 06:34:39.499 20155 20316 I DES     : 
01-06 06:34:39.499 20155 20316 I DES     :     <plugin
01-06 06:34:39.499 20155 20316 I DES     :         name="pay_mm"
01-06 06:34:39.499 20155 20316 I DES     :         class="com.idsky.android.mm.MMPlugin"
01-06 06:34:39.499 20155 20316 I DES     :         description="MM "
01-06 06:34:39.499 20155 20316 I DES     :         interfaces="OnAppInitListener"
01-06 06:34:39.499 20155 20316 I DES     :         version="1.0.0" />
01-06 06:34:39.499 20155 20316 I DES     : 
01-06 06:34:39.499 20155 20316 I DES     :     <plugin
01-06 06:34:39.499 20155 20316 I DES     :         name="pay_sms_mm"
01-06 06:34:39.499 20155 20316 I DES     :         class="com.idsky.android.mm.SmsMmPlugin"
01-06 06:34:39.499 20155 20316 I DES     :         description="MM "
01-06 06:34:39.499 20155 20316 I DES     :         interfaces="OnAppInitListener,OnPauseListener,OnResumeListener"
01-06 06:34:39.499 20155 20316 I DES     :         needProductTypeFilter="true"
01-06 06:34:39.499 20155 20316 I DES     :         showIfPayListAllowed="true"
01-06 06:34:39.499 20155 20316 I DES     :         supportedProductType="1,4"
01-06 06:34:39.499 20155 20316 I DES     :         version="1.0.0" />
01-06 06:34:39.499 20155 20316 I DES     : 
01-06 06:34:39.499 20155 20316 I DES     :   
01-06 06:34:39.499 20155 20316 I DES     :     <plugin
01-06 06:34:39.499 20155 20316 I DES     :         name="pay_cu"
01-06 06:34:39.499 20155 20316 I DES     :         class="com.idsky.android.cu.UnicomPlugin"
01-06 06:34:39.499 20155 20316 I DES     :         description="SDK"
01-06 06:34:39.499 20155 20316 I DES     :         interfaces="OnAppInitListener"
01-06 06:34:39.499 20155 20316 I DES     :         version="1.0.0" />
01-06 06:34:39.499 20155 20316 I DES     : 
01-06 06:34:39.499 20155 20316 I DES     :     <plugin
01-06 06:34:39.499 20155 20316 I DES     :         name="pay_wogame"
01-06 06:34:39.499 20155 20316 I DES     :         class="com.idsky.android.wogame.WoGamePlugin"
01-06 06:34:39.499 20155 20316 I DES     :         description=""
01-06 06:34:39.499 20155 20316 I DES     :         version="1.0.0" />
01-06 06:34:39.499 20155 20316 I DES     : 
01-06 06:34:39.499 20155 20316 I DES     :     <plugin
01-06 06:34:39.499 20155 20316 I DES     :         name="pay_ct"
01-06 06:34:39.499 20155 20316 I DES     :         class="com.idsky.android.ct.TelecomPlugin"
01-06 06:34:39.499 20155 20316 I DES     :         description=""
01-06 06:34:39.499 20155 20316 I DES     :         interfaces="OnAppInitListener,OnPauseListener,OnResumeListener"
01-06 06:34:39.499 20155 20316 I DES     :         version="1.0.0" />
01-06 06:34:39.499 20155 20316 I DES     : 
01-06 06:34:39.499 20155 20316 I DES     :     <plugin
01-06 06:34:39.499 20155 20316 I DES     :         name="pay_ct_pub"
01-06 06:34:39.499 20155 20316 I DES     :         class="com.idsky.android.ct.published.TelecomPlugin"
01-06 06:34:39.499 20155 20316 I DES     :         description=""
01-06 06:34:39.499 20155 20316 I DES     :         version="1.0.0" />
01-06 06:34:39.499 20155 20316 I DES     : 
01-06 06:34:39.499 20155 20316 I DES     :     <plugin
01-06 06:34:39.499 20155 20316 I DES     :         name="pay_cte"
01-06 06:34:39.499 20155 20316 I DES     :         class="com.idsky.android.cte.CtePayPlugin"
01-06 06:34:39.499 20155 20316 I DES     :         description=""
01-06 06:34:39.499 20155 20316 I DES     :         version="1.0.0" />
01-06 06:34:39.499 20155 20316 I DES     : 
01-06 06:34:39.499 20155 20316 I DES     :     <plugin
01-06 06:34:39.499 20155 20316 I DES     :         name="pay_cte_sms"
01-06 06:34:39.499 20155 20316 I DES     :         class="com.idsky.android.cte.sms.SmsCtePlugin"
01-06 06:34:39.499 20155 20316 I DES     :         description=""
01-06 06:34:39.499 20155 20316 I DES     :         version="1.0.0" />
01-06 06:34:39.499 20155 20316 I DES     : 
01-06 06:34:39.499 20155 20316 I DES     :     <plugin
01-06 06:34:39.499 20155 20316 I DES     :         name="pay_alipay"
01-06 06:34:39.499 20155 20316 I DES     :         class="com.idsky.android.alipay.AlipayPlugin"
01-06 06:34:39.499 20155 20316 I DES     :         description=""
01-06 06:34:39.499 20155 20316 I DES     :         version="1.0.0" />
01-06 06:34:39.499 20155 20316 I DES     : 
01-06 06:34:39.499 20155 20316 I DES     : 
01-06 06:34:39.499 20155 20316 I DES     :     <plugin
01-06 06:34:39.499 20155 20316 I DES     :         name="pay_tencent_sms"
01-06 06:34:39.499 20155 20316 I DES     :         class="com.idsky.android.tencent_sms.TencentSmsPlugin"
01-06 06:34:39.499 20155 20316 I DES     :         description=""
01-06 06:34:39.499 20155 20316 I DES     :         interfaces="OnAppInitListener"
01-06 06:34:39.499 20155 20316 I DES     :         version="1.0.0" />
01-06 06:34:39.499 20155 20316 I DES     : 
01-06 06:34:39.499 20155 20316 I DES     :     <plugin
01-06 06:34:39.499 20155 20316 I DES     :         name="pay_cm_online"
01-06 06:34:39.499 20155 20316 I DES     :         class="com.idsky.android.cm_online.CmccPlugin"
01-06 06:34:39.499 20155 20316 I DES     :         description=""
01-06 06:34:39.499 20155 20316 I DES     :         interfaces="OnAppInitListener"
01-06 06:34:39.499 20155 20316 I DES     :         version="1.0.0" />
01-06 06:34:39.499 20155 20316 I DES     : 
01-06 06:34:39.499 20155 20316 I DES     :     <plugin
01-06 06:34:39.499 20155 20316 I DES     :         name="pay_hfsw"
01-06 06:34:39.499 20155 20316 I DES     :         class="com.idsky.android.hfb.HfswSmsPlugin"
01-06 06:34:39.499 20155 20316 I DES     :         description=""
01-06 06:34:39.499 20155 20316 I DES     :         interfaces="OnAppInitListener"
01-06 06:34:39.499 20155 20316 I DES     :         version="1.0.0" />
01-06 06:34:39.499 20155 20316 I DES     : 
01-06 06:34:39.499 20155 20316 I DES     :     <plugin
01-06 06:34:39.499 20155 20316 I DES     :         name="pay_wechat"
01-06 06:34:39.499 20155 20316 I DES     :         class="com.idsky.android.wechat.WechatPayPlugin"
01-06 06:34:39.499 20155 20316 I DES     :         description=""
01-06 06:34:39.499 20155 20316 I DES     :         version="1.0.0" />
01-06 06:34:39.499 20155 20316 I DES     : 
01-06 06:34:39.499 20155 20316 I DES     : 
01-06 06:34:39.499 20155 20316 I DES     :     <plugin
01-06 06:34:39.499 20155 20316 I DES     :         name="pay_cu_ol"
01-06 06:34:39.499 20155 20316 I DES     :         class="com.idsky.android.cu.ol.UnicomOnlinePlugin"
01-06 06:34:39.499 20155 20316 I DES     :         description=""
01-06 06:34:39.499 20155 20316 I DES     :         interfaces="OnAppInitListener"
01-06 06:34:39.499 20155 20316 I DES     :         version="1.0.0" />
01-06 06:34:39.499 20155 20316 I DES     : 
01-06 06:34:39.499 20155 20316 I DES     : 
01-06 06:34:39.499 20155 20316 I DES     :     <plugin
01-06 06:34:39.499 20155 20316 I DES     :         name="pay_baidu_sms"
01-06 06:34:39.499 20155 20316 I DES     :         class="com.idsky.android.baidu.sms.BaiduSmsPlugin"
01-06 06:34:39.499 20155 20316 I DES     :         description="Mdo"
01-06 06:34:39.499 20155 20316 I DES     :         version="1.0.0" />
01-06 06:34:39.499 20155 20316 I DES     : 
01-06 06:34:39.499 20155 20316 I DES     :     <plugin
01-06 06:34:39.499 20155 20316 I DES     :         name="pay_woplus"
01-06 06:34:39.499 20155 20316 I DES     :         class="com.idsky.android.woplus.WoPlusPlugin"
01-06 06:34:39.499 20155 20316 I DES     :         description=""
01-06 06:34:39.499 20155 20316 I DES     :         version="1.0.0" />
01-06 06:34:39.499 20155 20316 I DES     : 
01-06 06:34:39.499 20155 20316 I DES     :     <plugin
01-06 06:34:39.499 20155 20316 I DES     :         name="pay_yeepay"
01-06 06:34:39.499 20155 20316 I DES     :         class="com.idsky.android.yeep
01-06 06:34:39.506 20155 20316 I art     : Rejecting re-init on previously-failed class java.lang.Class<com.idsky.android.ct.acy.b>
01-06 06:34:39.507 20155 20316 I PluginManager: supported plugins:
01-06 06:34:39.507 20155 20316 I PluginManager: [
01-06 06:34:39.507 20155 20316 I PluginManager:  1.0.0
01-06 06:34:39.507 20155 20316 I PluginManager:  1.0.0
01-06 06:34:39.507 20155 20316 I PluginManager:  1.0.0
01-06 06:34:39.507 20155 20316 I PluginManager: SDK 1.0.0
01-06 06:34:39.507 20155 20316 I PluginManager: SDK 1.0.0
01-06 06:34:39.507 20155 20316 I PluginManager:  1.0.0
01-06 06:34:39.507 20155 20316 I PluginManager:  1.0.0
01-06 06:34:39.507 20155 20316 I PluginManager:  1.0.0
01-06 06:34:39.507 20155 20316 I PluginManager:  1.0.0
01-06 06:34:39.507 20155 20316 I PluginManager:  1.0.0
01-06 06:34:39.507 20155 20316 I PluginManager: MM  1.0.0
01-06 06:34:39.507 20155 20316 I PluginManager:  1.0.0
01-06 06:34:39.507 20155 20316 I PluginManager:  1.0.0
01-06 06:34:39.507 20155 20316 I PluginManager: Q 1.0.0
01-06 06:34:39.507 20155 20316 I PluginManager:  1.0.0
01-06 06:34:39.507 20155 20316 I PluginManager:  1.0.0
01-06 06:34:39.507 20155 20316 I PluginManager:  1.0.0
01-06 06:34:39.507 20155 20316 I PluginManager: Mdo 1.0.0
01-06 06:34:39.507 20155 20316 I PluginManager:  1.0.0
01-06 06:34:39.507 20155 20316 I PluginManager: ]
01-06 06:34:39.507 20155 20316 I TelecomPlugin: onInitialize()
01-06 06:34:39.507 20155 20155 D LinkPayPlugin: ===>payment.jar isEnabled = true
01-06 06:34:39.507 20155 20316 I UnicomPlugin: onInitialize()
01-06 06:34:39.507 20155 20155 I idskyApi: setAccountInfo in threadmain
01-06 06:34:39.507 20155 20155 I idskyApi: setAccountInfo in get cache
01-06 06:34:39.507 20155 20155 I idskyApi: setAccountInfo in put token
01-06 06:34:39.507 20155 20155 I idskyApi: setAccountInfo in put secret
01-06 06:34:39.507 20155 20155 I idskyApi: setAccountInfo in put user_id
01-06 06:34:39.507 20155 20155 I idskyApi: setAccountInfo in put game_id
01-06 06:34:39.507 20155 20155 I idskyApi: setAccountInfo in put _token_ready
01-06 06:34:39.507 20155 20155 I idskyApi: setAccountInfo in commit
01-06 06:34:39.507 20155 20316 I CmccPlugin: onInitialize()
01-06 06:34:39.507 20155 20316 E PluginEntry: enter dex loader pay_cm_mp],com.idsky.android.cm.mp
01-06 06:34:39.508 20155 20316 E PluginEntry: class [com.idsky.android.cm.mp.CMMpPlugin] not found
01-06 06:34:39.508 20155 20316 E PluginEntry: could not init plugin entry[pay_cm_mp]
01-06 06:34:39.508 20155 20316 E PluginEntry: error in getInstance(): Attempt to invoke virtual method 'java.lang.reflect.Method java.lang.Class.getDeclaredMethod(java.lang.String, java.lang.Class[])' on a null object reference
01-06 06:34:39.508 20155 20316 I PaymentPlugin: onInitialize()
01-06 06:34:39.534 20155 20316 I DES     : idsky/resouce/idsky_plugins_config.xml:<?xml version="1.0" encoding="utf-8"?>
01-06 06:34:39.534 20155 20316 I DES     : <methods>
01-06 06:34:39.534 20155 20316 I DES     : 
01-06 06:34:39.534 20155 20316 I DES     :     <method
01-06 06:34:39.534 20155 20316 I DES     :         description=""
01-06 06:34:39.534 20155 20316 I DES     :         flag="0x00000001"
01-06 06:34:39.534 20155 20316 I DES     :         iconNormal="cmcc_btn_normal.png"
01-06 06:34:39.534 20155 20316 I DES     :         iconOnClick="cmcc_btn_down.png"
01-06 06:34:39.534 20155 20316 I DES     :         limitDay="50"
01-06 06:34:39.534 20155 20316 I DES     :         limitMonth="100"
01-06 06:34:39.534 20155 20316 I DES     :         methodId="26"
01-06 06:34:39.534 20155 20316 I DES     :         methodLabelStringId="pay_cm"
01-06 06:34:39.534 20155 20316 I DES     :         needCreateOrderAfterPaid="true"
01-06 06:34:39.534 20155 20316 I DES     :         needNetworkFilter="false"
01-06 06:34:39.534 20155 20316 I DES     :         needSelfFilter="true"
01-06 06:34:39.534 20155 20316 I DES     :         needSmsFilter="true"
01-06 06:34:39.534 20155 20316 I DES     :         needSimFilter="true"
01-06 06:34:39.534 20155 20316 I DES     :         payConfigKey="cm"
01-06 06:34:39.534 20155 20316 I DES     :         pluginName="pay_cm"
01-06 06:34:39.534 20155 20316 I DES     :         priority="10"
01-06 06:34:39.534 20155 20316 I DES     : 		isEnabled="true"
01-06 06:34:39.534 20155 20316 I DES     :         supportedSimType="1"
01-06 06:34:39.534 20155 20316 I DES     :         showIfPayListAllowed="true"
01-06 06:34:39.534 20155 20316 I DES     :         needProductStopFilter="true"
01-06 06:34:39.534 20155 20316 I DES     :         needPriceFilter="false"
01-06 06:34:39.534 20155 20316 I DES     :         testLimitDay="0.03"
01-06 06:34:39.534 20155 20316 I DES     :         testLimitMonth="0.05" />
01-06 06:34:39.534 20155 20316 I DES     : 
01-06 06:34:39.534 20155 20316 I DES     :     <method
01-06 06:34:39.534 20155 20316 I DES     :         description="MM"
01-06 06:34:39.534 20155 20316 I DES     :         flag="0x00000100"
01-06 06:34:39.534 20155 20316 I DES     :         iconNormal="cmcc_btn_normal.png"
01-06 06:34:39.534 20155 20316 I DES     :         iconOnClick="cmcc_btn_down.png"
01-06 06:34:39.534 20155 20316 I DES     :         limitDay="50"
01-06 06:34:39.534 20155 20316 I DES     :         limitMonth="100"
01-06 06:34:39.534 20155 20316 I DES     :         methodId="37"
01-06 06:34:39.534 20155 20316 I DES     :         methodLabelStringId="pay_sms_mm"
01-06 06:34:39.534 20155 20316 I DES     :         needCreateOrderAfterPaid="true"
01-06 06:34:39.534 20155 20316 I DES     :         needInitedFilter="true"
01-06 06:34:39.534 20155 20316 I DES     :         needSelfFilter="true"
01-06 06:34:39.534 20155 20316 I DES     :         needSimFilter="true"
01-06 06:34:39.534 20155 20316 I DES     :         needSmsFilter="true"
01-06 06:34:39.534 20155 20316 I DES     :         payConfigKey="mm"
01-06 06:34:39.534 20155 20316 I DES     :         pluginName="pay_sms_mm"
01-06 06:34:39.534 20155 20316 I DES     :         priority="9"
01-06 06:34:39.534 20155 20316 I DES     : 		isEnabled="true"
01-06 06:34:39.534 20155 20316 I DES     :         supportedSimType="1"
01-06 06:34:39.534 20155 20316 I DES     :         showIfPayListAllowed="true"
01-06 06:34:39.534 20155 20316 I DES     :         needProductStopFilter="true"
01-06 06:34:39.534 20155 20316 I DES     :         needPriceFilter="false"
01-06 06:34:39.534 20155 20316 I DES     :         testLimitDay="0.03"
01-06 06:34:39.534 20155 20316 I DES     :         testLimitMonth="0.05" />
01-06 06:34:39.534 20155 20316 I DES     : 
01-06 06:34:39.534 20155 20316 I DES     :     <method
01-06 06:34:39.534 20155 20316 I DES     :         description="MM"
01-06 06:34:39.534 20155 20316 I DES     :         flag="0x00000008"
01-06 06:34:39.534 20155 20316 I DES     :         iconNormal="cmcc_btn_normal.png"
01-06 06:34:39.534 20155 20316 I DES     :         iconOnClick="cmcc_btn_down.png"
01-06 06:34:39.534 20155 20316 I DES     :         limitDay="50"
01-06 06:34:39.534 20155 20316 I DES     :         limitMonth="100"
01-06 06:34:39.534 20155 20316 I DES     :         methodId="16"
01-06 06:34:39.534 20155 20316 I DES     :         methodLabelStringId="pay_mm"
01-06 06:34:39.534 20155 20316 I DES     :         needCreateOrderAfterPaid="true"
01-06 06:34:39.534 20155 20316 I DES     :         needSimFilter="true"
01-06 06:34:39.534 20155 20316 I DES     :         payConfigKey="mm"
01-06 06:34:39.534 20155 20316 I DES     :         pluginName="pay_mm"
01-06 06:34:39.534 20155 20316 I DES     :         priority="8"
01-06 06:34:39.534 20155 20316 I DES     : 		isEnabled="false"
01-06 06:34:39.534 20155 20316 I DES     :         supportedSimType="1"
01-06 06:34:39.534 20155 20316 I DES     :         showIfPayListAllowed="true"
01-06 06:34:39.534 20155 20316 I DES     :         needProductStopFilter="true"
01-06 06:34:39.534 20155 20316 I DES     :         needPriceFilter="false"
01-06 06:34:39.534 20155 20316 I DES     :         testLimitDay="0.03"
01-06 06:34:39.534 20155 20316 I DES     :         testLimitMonth="0.05" />
01-06 06:34:39.534 20155 20316 I DES     : 
01-06 06:34:39.534 20155 20316 I DES     :     <method
01-06 06:34:39.534 20155 20316 I DES     :         description=""
01-06 06:34:39.534 20155 20316 I DES     :         flag="0x00000002"
01-06 06:34:39.534 20155 20316 I DES     :         iconNormal="unicom_btn_normal.png"
01-06 06:34:39.534 20155 20316 I DES     :         iconOnClick="unicom_btn_down.png"
01-06 06:34:39.534 20155 20316 I DES     :         limitDay="50"
01-06 06:34:39.534 20155 20316 I DES     :         limitMonth="100"
01-06 06:34:39.534 20155 20316 I DES     :         methodId="32"
01-06 06:34:39.534 20155 20316 I DES     :         methodLabelStringId="pay_cu"
01-06 06:34:39.534 20155 20316 I DES     :         needCreateOrderAfterPaid="true"
01-06 06:34:39.534 20155 20316 I DES     :         needSimFilter="true"
01-06 06:34:39.534 20155 20316 I DES     :         needSmsFilter="true"
01-06 06:34:39.534 20155 20316 I DES     :         payConfigKey="cu"
01-06 06:34:39.534 20155 20316 I DES     :         pluginName="pay_cu"
01-06 06:34:39.534 20155 20316 I DES     :         priority="10"
01-06 06:34:39.534 20155 20316 I DES     : 		isEnabled="true"
01-06 06:34:39.534 20155 20316 I DES     :         supportedSimType="2"
01-06 06:34:39.534 20155 20316 I DES     :         showIfPayListAllowed="true"
01-06 06:34:39.534 20155 20316 I DES     :         needProductStopFilter="true"
01-06 06:34:39.534 20155 20316 I DES     :         needPriceFilter="false"
01-06 06:34:39.534 20155 20316 I DES     :         testLimitDay="0.03"
01-06 06:34:39.534 20155 20316 I DES     :         testLimitMonth="0.05" />
01-06 06:34:39.534 20155 20316 I DES     : 
01-06 06:34:39.534 20155 20316 I DES     :     <method
01-06 06:34:39.534 20155 20316 I DES     :         description=""
01-06 06:34:39.534 20155 20316 I DES     :         flag="0x00000010"
01-06 06:34:39.534 20155 20316 I DES     :         iconNormal="unicom_btn_normal.png"
01-06 06:34:39.534 20155 20316 I DES     :         iconOnClick="unicom_btn_down.png"
01-06 06:34:39.534 20155 20316 I DES     :         limitDay="50"
01-06 06:34:39.534 20155 20316 I DES     :         limitMonth="100"
01-06 06:34:39.534 20155 20316 I DES     :         methodId="34"
01-06 06:34:39.534 20155 20316 I DES     :         methodLabelStringId="pay_wogame"
01-06 06:34:39.534 20155 20316 I DES     :         needCreateOrderAfterPaid="true"
01-06 06:34:39.534 20155 20316 I DES     :         needSimFilter="true"
01-06 06:34:39.534 20155 20316 I DES     :         needSmsFilter="true"
01-06 06:34:39.534 20155 20316 I DES     :         payConfigKey="wg"
01-06 06:34:39.534 20155 20316 I DES     :         pluginName="pay_wogame"
01-06 06:34:39.534 20155 20316 I DES     :         priority="9"
01-06 06:34:39.534 20155 20316 I DES     : 		isEnabled="false"
01-06 06:34:39.534 20155 20316 I DES     :         supportedSimType="2"
01-06 06:34:39.534 20155 20316 I DES     :         testLimitDay="0.03"
01-06 06:34:39.534 20155 20316 I DES     :         showIfPayListAllowed="true"
01-06 06:34:39.534 20155 20316 I DES     :         needProductStopFilter="true"
01-06 06:34:39.534 20155 20316 I DES     :         needPriceFilter="false"
01-06 06:34:39.534 20155 20316 I DES     :         testLimitMonth="0.05" />
01-06 06:34:39.534 20155 20316 I DES     : 
01-06 06:34:39.534 20155 20316 I DES     :     <method
01-06 06:34:39.534 20155 20316 I DES     :         description=""
01-06 06:34:39.534 20155 20316 I DES     :         flag="0x00000004"
01-06 06:34:39.534 20155 20316 I DES     :         iconNormal="telecom_btn_normal.png"
01-06 06:34:39.534 20155 20316 I DES     :         iconOnClick="telecom_btn_down.png"
01-06 06:34:39.534 20155 20316 I DES     :         limitDay="50"
01-06 06:34:39.534 20155 20316 I DES     :         limitMonth="100"
01-06 06:34:39.534 20155 20316 I DES     :         methodId="7"
01-06 06:34:39.534 20155 20316 I DES     :         methodLabelStringId="pay_ct"
01-06 06:34:39.534 20155 20316 I DES     :         needCreateOrderAfterPaid="true"
01-06 06:34:39.534 20155 20316 I DES     :         needSimFilter="true"
01-06 06:34:39.534 20155 20316 I DES     :         needSmsFilter="true"
01-06 06:34:39.534 20155 20316 I DES     :         payConfigKey="ct_pub"
01-06 06:34:39.534 20155 20316 I DES     :         pluginName="pay_ct"
01-06 06:34:39.534 20155 20316 I DES     :         priority="10"
01-06 06:34:39.534 20155 20316 I DES     : 		isEnabled="true"
01-06 06:34:39.534 20155 20316 I DES     :         supportedSimType="3"
01-06 06:34:39.534 20155 20316 I DES     :         testLimitDay="0.03"
01-06 06:34:39.534 20155 20316 I DES     :       
01-06 06:34:39.538 20155 20316 I CmccPlugin: isEnabled=true
01-06 06:34:39.538 20155 20316 D MethodsSyncer: pay_cmis enable
01-06 06:34:39.543 20155 20316 D CmChannel: 12185043
01-06 06:34:39.543 20155 20316 D SmsMmPlugin: load mm_sms 3.1 ok
01-06 06:34:39.543 20155 20316 D MethodsSyncer: pay_sms_mmis enable
01-06 06:34:39.555 20155 20302 D Dsv2Trackstat: getResponseCode !!!200
01-06 06:34:39.556 20155 20302 D Dsv2Trackstat:  request success 
01-06 06:34:39.556 20155 20299 D Dsv2Trackstat: getResponseCode !!!200
01-06 06:34:39.556 20155 20299 D Dsv2Trackstat:  request success 
01-06 06:34:39.563 20155 20316 E PluginEntry: enter dex loader pay_mm],com.idsky.android.mm
01-06 06:34:39.563 20155 20316 E PluginEntry: class [com.idsky.android.mm.MMPlugin] not found
01-06 06:34:39.563 20155 20316 E PluginEntry: could not init plugin entry[pay_mm]
01-06 06:34:39.563 20155 20316 E PluginEntry: error in getInstance(): Attempt to invoke virtual method 'java.lang.reflect.Method java.lang.Class.getDeclaredMethod(java.lang.String, java.lang.Class[])' on a null object reference
01-06 06:34:39.563 20155 20316 D MethodsSyncer: pay_cuis enable
01-06 06:34:39.564 20155 20316 E PluginEntry: enter dex loader pay_wogame],com.idsky.android.wogame
01-06 06:34:39.564 20155 20316 E PluginEntry: class [com.idsky.android.wogame.WoGamePlugin] not found
01-06 06:34:39.564 20155 20316 E PluginEntry: could not init plugin entry[pay_wogame]
01-06 06:34:39.564 20155 20316 E PluginEntry: error in getInstance(): Attempt to invoke virtual method 'java.lang.reflect.Method java.lang.Class.getDeclaredMethod(java.lang.String, java.lang.Class[])' on a null object reference
01-06 06:34:39.564 20155 20316 D MethodsSyncer: pay_ctis enable
01-06 06:34:39.564 20155 20316 I TelecomPlugin: ct channel id:null
01-06 06:34:39.564 20155 20316 E PluginEntry: enter dex loader pay_ct_pub],com.idsky.android.ct.published
01-06 06:34:39.564 20155 20316 E PluginEntry: class [com.idsky.android.ct.published.TelecomPlugin] not found
01-06 06:34:39.564 20155 20316 E PluginEntry: could not init plugin entry[pay_ct_pub]
01-06 06:34:39.564 20155 20316 E PluginEntry: error in getInstance(): Attempt to invoke virtual method 'java.lang.reflect.Method java.lang.Class.getDeclaredMethod(java.lang.String, java.lang.Class[])' on a null object reference
01-06 06:34:39.564 20155 20316 E PluginEntry: enter dex loader pay_cte],com.idsky.android.cte
01-06 06:34:39.564 20155 20316 E PluginEntry: class [com.idsky.android.cte.CtePayPlugin] not found
01-06 06:34:39.564 20155 20316 E PluginEntry: could not init plugin entry[pay_cte]
01-06 06:34:39.564 20155 20316 E PluginEntry: error in getInstance(): Attempt to invoke virtual method 'java.lang.reflect.Method java.lang.Class.getDeclaredMethod(java.lang.String, java.lang.Class[])' on a null object reference
01-06 06:34:39.565 20155 20316 E PluginEntry: enter dex loader pay_cm_online],com.idsky.android.cm_online
01-06 06:34:39.565 20155 20316 E PluginEntry: class [com.idsky.android.cm_online.CmccPlugin] not found
01-06 06:34:39.565 20155 20316 E PluginEntry: could not init plugin entry[pay_cm_online]
01-06 06:34:39.565 20155 20316 E PluginEntry: error in getInstance(): Attempt to invoke virtual method 'java.lang.reflect.Method java.lang.Class.getDeclaredMethod(java.lang.String, java.lang.Class[])' on a null object reference
01-06 06:34:39.565 20155 20316 D leaderboard: init UserPlugin take time:0
01-06 06:34:39.565 20155 20316 D MethodsSyncer: pay_hfswis enable
01-06 06:34:39.565 20155 20316 E PluginEntry: enter dex loader pay_woplus],com.idsky.android.woplus
01-06 06:34:39.565 20155 20316 E PluginEntry: class [com.idsky.android.woplus.WoPlusPlugin] not found
01-06 06:34:39.565 20155 20316 E PluginEntry: could not init plugin entry[pay_woplus]
01-06 06:34:39.565 20155 20316 E PluginEntry: error in getInstance(): Attempt to invoke virtual method 'java.lang.reflect.Method java.lang.Class.getDeclaredMethod(java.lang.String, java.lang.Class[])' on a null object reference
01-06 06:34:39.565 20155 20316 E PluginEntry: enter dex loader pay_upmp],com.idsky.android.upmp
01-06 06:34:39.565 20155 20316 E PluginEntry: class [com.idsky.android.upmp.UpmpPlugin] not found
01-06 06:34:39.565 20155 20316 E PluginEntry: could not init plugin entry[pay_upmp]
01-06 06:34:39.565 20155 20316 E PluginEntry: error in getInstance(): Attempt to invoke virtual method 'java.lang.reflect.Method java.lang.Class.getDeclaredMethod(java.lang.String, java.lang.Class[])' on a null object reference
01-06 06:34:39.565 20155 20316 E PluginEntry: enter dex loader pay_yeepay],com.idsky.android.yeepay
01-06 06:34:39.565 20155 20316 E PluginEntry: class [com.idsky.android.yeepay.YeepayChargePlugin] not found
01-06 06:34:39.566 20155 20316 E PluginEntry: could not init plugin entry[pay_yeepay]
01-06 06:34:39.566 20155 20316 E PluginEntry: error in getInstance(): Attempt to invoke virtual method 'java.lang.reflect.Method java.lang.Class.getDeclaredMethod(java.lang.String, java.lang.Class[])' on a null object reference
01-06 06:34:39.566 20155 20316 E PluginEntry: enter dex loader pay_ylpay],com.idsky.android.ylpay
01-06 06:34:39.566 20155 20316 E PluginEntry: class [com.idsky.android.ylpay.YlpayChargePlugin] not found
01-06 06:34:39.566 20155 20316 E PluginEntry: could not init plugin entry[pay_ylpay]
01-06 06:34:39.566 20155 20316 E PluginEntry: error in getInstance(): Attempt to invoke virtual method 'java.lang.reflect.Method java.lang.Class.getDeclaredMethod(java.lang.String, java.lang.Class[])' on a null object reference
01-06 06:34:39.566 20155 20316 E PluginEntry: enter dex loader pay_tenpay],com.idsky.android.tenpay
01-06 06:34:39.566 20155 20316 E PluginEntry: class [com.idsky.android.tenpay.TenpayChargePlugin] not found
01-06 06:34:39.566 20155 20316 E PluginEntry: could not init plugin entry[pay_tenpay]
01-06 06:34:39.566 20155 20316 E PluginEntry: error in getInstance(): Attempt to invoke virtual method 'java.lang.reflect.Method java.lang.Class.getDeclaredMethod(java.lang.String, java.lang.Class[])' on a null object reference
01-06 06:34:39.566 20155 20309 D Dsv2Trackstat: getResponseCode !!!200
01-06 06:34:39.566 20155 20309 D Dsv2Trackstat:  request success 
01-06 06:34:39.566 20155 20316 E PluginEntry: enter dex loader pay_cu_net],com.idsky.android.cu.net
01-06 06:34:39.566 20155 20316 E PluginEntry: class [com.idsky.android.cu.net.UnicomOnlinePlugin] not found
01-06 06:34:39.566 20155 20316 E PluginEntry: could not init plugin entry[pay_cu_net]
01-06 06:34:39.566 20155 20316 E PluginEntry: error in getInstance(): Attempt to invoke virtual method 'java.lang.reflect.Method java.lang.Class.getDeclaredMethod(java.lang.String, java.lang.Class[])' on a null object reference
01-06 06:34:39.566 20155 20316 E PluginEntry: enter dex loader pay_ct_net],com.idsky.android.ct.net
01-06 06:34:39.566 20155 20316 E PluginEntry: class [com.idsky.android.ct.net.TelecomPlugin] not found
01-06 06:34:39.567 20155 20316 E PluginEntry: could not init plugin entry[pay_ct_net]
01-06 06:34:39.567 20155 20316 E PluginEntry: error in getInstance(): Attempt to invoke virtual method 'java.lang.reflect.Method java.lang.Class.getDeclaredMethod(java.lang.String, java.lang.Class[])' on a null object reference
01-06 06:34:39.567 20155 20316 E PluginEntry: enter dex loader pay_cm_yy_jd],com.idsky.android.cm.yy.jd
01-06 06:34:39.567 20155 20316 E PluginEntry: class [com.idsky.android.cm.yy.jd.CmYyJdPlugin] not found
01-06 06:34:39.567 20155 20316 E PluginEntry: could not init plugin entry[pay_cm_yy_jd]
01-06 06:34:39.567 20155 20316 E PluginEntry: error in getInstance(): Attempt to invoke virtual method 'java.lang.reflect.Method java.lang.Class.getDeclaredMethod(java.lang.String, java.lang.Class[])' on a null object reference
01-06 06:34:39.567 20155 20316 E PluginEntry: enter dex loader pay_cm_mp],com.idsky.android.cm.mp
01-06 06:34:39.567 20155 20316 E PluginEntry: class [com.idsky.android.cm.mp.CMMpPlugin] not found
01-06 06:34:39.567 20155 20316 E PluginEntry: could not init plugin entry[pay_cm_mp]
01-06 06:34:39.567 20155 20316 E PluginEntry: error in getInstance(): Attempt to invoke virtual method 'java.lang.reflect.Method java.lang.Class.getDeclaredMethod(java.lang.String, java.lang.Class[])' on a null object reference
01-06 06:34:39.567 20155 20316 E PluginEntry: enter dex loader pay_19pay],com.idsky.android.charge19pay
01-06 06:34:39.567 20155 20316 E PluginEntry: class [com.idsky.android.charge19pay.Charge19PayPlugin] not found
01-06 06:34:39.567 20155 20316 E PluginEntry: could not init plugin entry[pay_19pay]
01-06 06:34:39.567 20155 20316 E PluginEntry: error in getInstance(): Attempt to invoke virtual method 'java.lang.reflect.Method java.lang.Class.getDeclaredMethod(java.lang.String, java.lang.Class[])' on a null object reference
