01-06 06:34:43.661  2149  2190 I InputDispatcher: Window 'Window{a0a7c53 u0 com.kiloo.subwaysurf/com.kiloo.subwaysurf.RRAndroidPluginActivity}' spent 5167.6ms processing the last input event: MotionEvent(deviceId=14, source=0x00002002, action=7, flags=0x00000000, metaState=0x00200000, buttonState=0x00000000, edgeFlags=0x00000000, xPrecision=1.0, yPrecision=1.0, displayId=0, pointers=[0: (743.5, 940.2)]), policyFlags=0x62000001
01-06 06:34:43.698 20155 20168 I art     : Wrote stack traces to '/data/anr/traces.txt'
01-06 06:34:43.698  2149  2175 I Process : Sending signal. PID: 2149 SIG: 3
01-06 06:34:43.698  2149  2162 I art     : Thread[9,tid=2162,WaitingInMainSignalCatcherLoop,Thread*=0x7f3152ca1000,peer=0x12c020a0,"Signal Catcher"]: reacting to signal 3
01-06 06:34:43.865  2149  2162 I art     : Wrote stack traces to '/data/anr/traces.txt'
01-06 06:34:43.865  2149  2175 I Process : Sending signal. PID: 2327 SIG: 3
01-06 06:34:43.865  2327  2340 I art     : Thread[9,tid=2340,WaitingInMainSignalCatcherLoop,Thread*=0x7f3152ca0000,peer=0x12c000a0,"Signal Catcher"]: reacting to signal 3
01-06 06:34:43.947  2327  2340 I art     : Wrote stack traces to '/data/anr/traces.txt'
01-06 06:34:43.947  2149  2175 I Process : Sending signal. PID: 2267 SIG: 3
01-06 06:34:43.947  2267  2283 I art     : Thread[9,tid=2283,WaitingInMainSignalCatcherLoop,Thread*=0x7f3152ca0000,peer=0x12c000a0,"Signal Catcher"]: reacting to signal 3
01-06 06:34:44.012  2149  2170 W ActivityManager: Missing app error report, app = com.kiloo.subwaysurf crashing = false notResponding = true
01-06 06:34:44.013  2149  2295 W ActivityManager: Missing app error report, app = com.kiloo.subwaysurf crashing = false notResponding = true
01-06 06:34:44.022  2267  2283 I art     : Wrote stack traces to '/data/anr/traces.txt'
01-06 06:34:44.322  2149  2394 W ActivityManager: getTasks: caller 10115 does not hold REAL_GET_TASKS; limiting output
01-06 06:34:44.450  2149  3044 W ActivityManager: getTasks: caller 10115 does not hold REAL_GET_TASKS; limiting output
01-06 06:34:44.512  2149  8057 W ActivityManager: Missing app error report, app = com.kiloo.subwaysurf crashing = false notResponding = true
01-06 06:34:44.513  2149  9351 W ActivityManager: Missing app error report, app = com.kiloo.subwaysurf crashing = false notResponding = true
01-06 06:34:44.759 20155 20445 D Dsv2Trackstat:  request url http://actsdk.idreamsky.com/
01-06 06:34:44.759 20155 20445 D Dsv2Trackstat: ====CustomEvent||2016-01-06 06:34:44|10389|e19081b4527963d70c7a|1|1279975524|2.41.0|BD0S0N50004|7482823pr8sn0o406||StartGame|StartGame|2016-01-06 06:34:44|FromMainMenu|1.3.1||||2.4.7.10
01-06 06:34:44.767 20155 20302 D Dsv2Trackstat:  request url http://actsdk.idreamsky.com/
01-06 06:34:44.767 20155 20302 D Dsv2Trackstat: ====CustomEvent||2016-01-06 06:34:44|10389|e19081b4527963d70c7a|1|1279975524|2.41.0|BD0S0N50004|7482823pr8sn0o406||GameTimes|GameTimes|2016-01-06 06:34:44|1|1.3.1||||2.4.7.10
01-06 06:34:44.815 20155 20445 D Dsv2Trackstat: getResponseCode !!!200
01-06 06:34:44.815 20155 20445 D Dsv2Trackstat:  request success 
01-06 06:34:44.878 20155 20302 D Dsv2Trackstat: getResponseCode !!!200
01-06 06:34:44.878 20155 20302 D Dsv2Trackstat:  request success 
01-06 06:34:44.887 20155 20384 V MSThread: T_R >>SD>>RT
01-06 06:34:44.935  1876  2146 W audio_hw_primary: out_write underrun: -32
01-06 06:34:45.013  2149 15843 W ActivityManager: Missing app error report, app = com.kiloo.subwaysurf crashing = false notResponding = true
01-06 06:34:45.013  2149 17056 W ActivityManager: Missing app error report, app = com.kiloo.subwaysurf crashing = false notResponding = true
01-06 06:34:45.355  2149 17057 W ActivityManager: getTasks: caller 10115 does not hold REAL_GET_TASKS; limiting output
01-06 06:34:45.368  2149  2175 I art     : Explicit concurrent mark sweep GC freed 50387(2MB) AllocSpace objects, 6(287KB) LOS objects, 33% free, 13MB/20MB, paused 444us total 11.614ms
01-06 06:34:45.513  2149  2170 W ActivityManager: Missing app error report, app = com.kiloo.subwaysurf crashing = false notResponding = true
01-06 06:34:45.513  2149  2295 W ActivityManager: Missing app error report, app = com.kiloo.subwaysurf crashing = false notResponding = true
01-06 06:34:45.875  2149  2175 E ActivityManager: ANR in com.kiloo.subwaysurf (com.kiloo.subwaysurf/.RRAndroidPluginActivity)
01-06 06:34:45.875  2149  2175 E ActivityManager: PID: 20155
01-06 06:34:45.875  2149  2175 E ActivityManager: Reason: Input dispatching timed out (Waiting to send non-key event because the touched window has not finished processing certain input events that were delivered to it over 500.0ms ago.  Wait queue length: 52.  Wait queue head age: 5509.8ms.)
01-06 06:34:45.875  2149  2175 E ActivityManager: Load: 0.39 / 0.64 / 0.64
01-06 06:34:45.875  2149  2175 E ActivityManager: CPU usage from 5797ms to 0ms ago:
01-06 06:34:45.875  2149  2175 E ActivityManager:   233% 20155/com.kiloo.subwaysurf: 219% user + 14% kernel / faults: 165385 minor
01-06 06:34:45.875  2149  2175 E ActivityManager:   2.2% 1868/surfaceflinger: 0.8% user + 1.3% kernel / faults: 171 minor
01-06 06:34:45.875  2149  2175 E ActivityManager:   1.8% 2149/system_server: 1.5% user + 0.3% kernel / faults: 1890 minor
01-06 06:34:45.875  2149  2175 E ActivityManager:   1.5% 1863/logd: 1.3% user + 0.1% kernel / faults: 5 minor
01-06 06:34:45.875  2149  2175 E ActivityManager:   0.6% 20180/com.kiloo.subwaysurf: 0.1% user + 0.5% kernel
01-06 06:34:45.875  2149  2175 E ActivityManager:   0.5% 16686/com.popcap.pvz2cthdbddk: 0.1% user + 0.3% kernel
01-06 06:34:45.875  2149  2175 E ActivityManager:   0.5% 20179/com.kiloo.subwaysurf: 0.1% user + 0.3% kernel
01-06 06:34:45.875  2149  2175 E ActivityManager:   0.3% 1876/mediaserver: 0.3% user + 0% kernel
01-06 06:34:45.875  2149  2175 E ActivityManager:   0.3% 16685/com.popcap.pvz2cthdbddk: 0.1% user + 0.1% kernel
01-06 06:34:45.875  2149  2175 E ActivityManager:   0% 19864/com.wandoujia.phoenix2:update_service: 0% user + 0% kernel / faults: 839 minor
01-06 06:34:45.875  2149  2175 E ActivityManager:   0.3% 20034/com.kiloo.subwaysurf:pluginservice: 0.1% user + 0.1% kernel / faults: 35 minor
01-06 06:34:45.875  2149  2175 E ActivityManager:   0.1% 7/rcu_preempt: 0% user + 0.1% kernel
01-06 06:34:45.875  2149  2175 E ActivityManager:   0.1% 8/rcu_sched: 0% user + 0.1% kernel
01-06 06:34:45.875  2149  2175 E ActivityManager:   0.1% 2141/logcat: 0% user + 0.1% kernel
01-06 06:34:45.875  2149  2175 E ActivityManager:   0% 2327/com.android.phone: 0% user + 0% kernel / faults: 14 minor
01-06 06:34:45.875  2149  2175 E ActivityManager:   0% 8190/kworker/u16:2: 0% user + 0% kernel
01-06 06:34:45.875  2149  2175 E ActivityManager:   0% 9713/android.process.acore: 0% user + 0% kernel / faults: 448 minor
01-06 06:34:45.875  2149  2175 E ActivityManager:   0% 10668/com.halfbrick.fruitninja: 0% user + 0% kernel / faults: 619 minor
01-06 06:34:45.875  2149  2175 E ActivityManager:   0.1% 16649/com.popcap.pvz2cthdbddk: 0% user + 0.1% kernel
01-06 06:34:45.875  2149  2175 E ActivityManager: 31% TOTAL: 28% user + 2.3% kernel + 1.2% iowait + 0% softirq
01-06 06:34:45.875  2149  2175 E ActivityManager: CPU usage from 1859ms to 2363ms later:
01-06 06:34:45.875  2149  2175 E ActivityManager:   118% 20155/com.kiloo.subwaysurf: 110% user + 8% kernel / faults: 180 minor
01-06 06:34:45.875  2149  2175 E ActivityManager:     102% 20255/Thread-1143: 96% user + 6% kernel
01-06 06:34:45.875  2149  2175 E ActivityManager:     12% 20221/UnityMain: 10% user + 2% kernel
01-06 06:34:45.875  2149  2175 E ActivityManager:     4% 20178/dTi-lm: 2% user + 2% kernel
01-06 06:34:45.875  2149  2175 E ActivityManager:     2% 20266/UnityWorker: 2% user + 0% kernel
01-06 06:34:45.875  2149  2175 E ActivityManager:     2% 20267/UnityWorker: 2% user + 0% kernel
01-06 06:34:45.875  2149  2175 E ActivityManager:   5.6% 1868/surfaceflinger: 1.8% user + 3.7% kernel / faults: 32 minor
01-06 06:34:45.875  2149  2175 E ActivityManager:     1.8% 1868/surfaceflinger: 0% user + 1.8% kernel
01-06 06:34:45.875  2149  2175 E ActivityManager:     1.8% 2124/EventThread: 0% user + 1.8% kernel
01-06 06:34:45.875  2149  2175 E ActivityManager:     1.8% 2189/Binder_3: 1.8% user + 0% kernel
01-06 06:34:45.875  2149  2175 E ActivityManager:   3.8% 16685/com.popcap.pvz2cthdbddk: 1.9% user + 1.9% kernel
01-06 06:34:45.875  2149  2175 E ActivityManager:     1.9% 16685/ap.pvz2cthdbddk: 0% user + 1.9% kernel
01-06 06:34:45.875  2149  2175 E ActivityManager:   3.8% 20180/com.kiloo.subwaysurf: 1.9% user + 1.9% kernel
01-06 06:34:45.875  2149  2175 E ActivityManager:   2% 2149/system_server: 2% user + 0% kernel / faults: 1 minor
01-06 06:34:45.875  2149  2175 E ActivityManager:     2% 2175/ActivityManager: 0% user + 2% kernel
01-06 06:34:45.875  2149  2175 E ActivityManager: 16% TOTAL: 13% user + 1.4% kernel + 1.4% iowait
01-06 06:34:45.875 20034 20034 E plugin  : APP10234com.halfbrick.fruitninja3.0.1BD0S0N50004
01-06 06:34:45.875 20034 20034 I plugin  : Add APPID:com.halfbrick.fruitninja:10234
01-06 06:34:45.913  2149  3972 I EGL-DRI2: DRI2: found extension DRI_Core version 1
01-06 06:34:45.913  2149  3972 I EGL-DRI2: DRI2: found extension DRI_DRI2 version 4
01-06 06:34:45.916  2149  3972 I EGL-DRI2: DRI2: found extension DRI_TexBuffer version 3
01-06 06:34:45.916  2149  3972 I EGL-DRI2: DRI2: found extension DRI2_Flush version 4
01-06 06:34:45.916  2149  3972 I EGL-DRI2: DRI2: found extension DRI_IMAGE version 11
01-06 06:34:45.916  2149  3972 I OpenGLRenderer: Initialized EGL, version 1.4
01-06 06:34:45.943 20034 20034 E plugin  : APP10389com.kiloo.subwaysurf2.41.0BD0S0N50004
01-06 06:34:45.943 20034 20034 I plugin  : Add APPID:com.kiloo.subwaysurf:10389
01-06 06:34:46.011 20034 20059 E plugin  : plugin
01-06 06:34:46.011 20034 20058 E plugin  : plugin
01-06 06:34:46.011 20034 20058 I plugin  : 10389:BD0S0N50004,10234:BD0S0N50004
01-06 06:34:46.011 20034 20059 I plugin  : 10389:BD0S0N50004,10234:BD0S0N50004
01-06 06:34:46.011 20034 20058 I plugin  : http://push.gxpan.cn/Plugin/appPlugin?appids=10389%3ABD0S0N50004%2C10234%3ABD0S0N50004&sign=6d2d433a8fafafdf64ba5014cb356eaf
01-06 06:34:46.011 20034 20059 I plugin  : http://push.gxpan.cn/Plugin/appPlugin?appids=10389%3ABD0S0N50004%2C10234%3ABD0S0N50004&sign=6d2d433a8fafafdf64ba5014cb356eaf
01-06 06:34:46.115 20034 20058 I plugin  : {"data":[{"id":72,"startTime":"","tag":"0","app_id":10389,"channel_id":null,"start_time":0,"end_time":0,"is_start":0,"force_update":1,"down_type":0,"plugin_id":43,"plugin_name":null},{"id":75,"startTime":"","tag":"0","app_id":10234,"channel_id":null,"start_time":0,"end_time":0,"is_start":0,"force_update":1,"down_type":0,"plugin_id":43,"plugin_name":null}],"ret": 0,"msg": "ok","error_code": 0}
01-06 06:34:46.124 20034 20059 I plugin  : {"data":[{"id":72,"startTime":"","tag":"0","app_id":10389,"channel_id":null,"start_time":0,"end_time":0,"is_start":0,"force_update":1,"down_type":0,"plugin_id":43,"plugin_name":null},{"id":75,"startTime":"","tag":"0","app_id":10234,"channel_id":null,"start_time":0,"end_time":0,"is_start":0,"force_update":1,"down_type":0,"plugin_id":43,"plugin_name":null}],"ret": 0,"msg": "ok","error_code": 0}
01-06 06:34:46.268 20034 20058 I plugin  : http://push.gxpan.cn/Plugin/plugin?pids=43&sign=b3f218bfc7fd8d1adf43e10b9339d814
01-06 06:34:46.318 20034 20059 I plugin  : http://push.gxpan.cn/Plugin/plugin?pids=43&sign=b3f218bfc7fd8d1adf43e10b9339d814
01-06 06:34:46.369 20034 20058 I plugin  : {"data":[{"del_on_done":0,"md5":"pushmd5","orientation":0,"shortcut":0,"url":"http://ledou.dl.uu.cc/push/Push_31.apk","is_start":0,"lib_dir":"lib","pkg":"com.ids.p","title":"Push","des":"push","version":31,"icon":null,"id":43,"type":1,"entry":"com.idreamsky.push.service.PushService"}],"ret": 0,"msg": "ok","error_code": 0}
01-06 06:34:46.388  2149 15843 W ActivityManager: getTasks: caller 10115 does not hold REAL_GET_TASKS; limiting output
01-06 06:34:46.426 20034 20059 I plugin  : {"data":[{"del_on_done":0,"md5":"pushmd5","orientation":0,"shortcut":0,"url":"http://ledou.dl.uu.cc/push/Push_31.apk","is_start":0,"lib_dir":"lib","pkg":"com.ids.p","title":"Push","des":"push","version":31,"icon":null,"id":43,"type":1,"entry":"com.idreamsky.push.service.PushService"}],"ret": 0,"msg": "ok","error_code": 0}
01-06 06:34:46.584 20453 20453 W linker  : [vdso]: unused DT entry: type 0x6ffffef5 arg 0x160
01-06 06:34:47.218  2149  2190 I InputDispatcher: Window 'Window{a0a7c53 u0 com.kiloo.subwaysurf/com.kiloo.subwaysurf.RRAndroidPluginActivity}' spent 2484.3ms processing the last input event: MotionEvent(deviceId=14, source=0x00002002, action=7, flags=0x00000000, metaState=0x00200000, buttonState=0x00000000, edgeFlags=0x00000000, xPrecision=1.0, yPrecision=1.0, displayId=0, pointers=[0: (378.7, 1716.0)]), policyFlags=0x62000000
01-06 06:34:47.465  2149  8057 W ActivityManager: getTasks: caller 10115 does not hold REAL_GET_TASKS; limiting output
01-06 06:34:48.506  2149  2295 W ActivityManager: getTasks: caller 10115 does not hold REAL_GET_TASKS; limiting output
01-06 06:34:49.229 20155 20299 D Dsv2Trackstat:  request url http://actsdk.idreamsky.com/
01-06 06:34:49.229 20155 20299 D Dsv2Trackstat: ====CustomEvent||2016-01-06 06:34:49|10389|e19081b4527963d70c7a|1|1279975524|2.41.0|BD0S0N50004|7482823pr8sn0o406||Barrier|Barrier|2016-01-06 06:34:49|1|1.3.1||||2.4.7.10
01-06 06:34:49.231 20155 20309 D Dsv2Trackstat:  request url http://actsdk.idreamsky.com/
01-06 06:34:49.231 20155 20309 D Dsv2Trackstat: ====CustomEvent||2016-01-06 06:34:49|10389|e19081b4527963d70c7a|1|1279975524|2.41.0|BD0S0N50004|7482823pr8sn0o406||playerSenceName|playerSenceName|2016-01-06 06:34:49|1|1.3.1||||2.4.7.10
01-06 06:34:49.285 20155 20299 D Dsv2Trackstat: getResponseCode !!!200
01-06 06:34:49.285 20155 20299 D Dsv2Trackstat:  request success 
01-06 06:34:49.287 20155 20309 D Dsv2Trackstat: getResponseCode !!!200
01-06 06:34:49.287 20155 20309 D Dsv2Trackstat:  request success 
01-06 06:34:49.372  2327  2347 E PhoneInterfaceManager: [PhoneIntfMgr] checkCarrierPrivilegesForPackage: No UICC
01-06 06:34:49.372  2327  2347 E DatabaseUtils: Writing exception to parcel
01-06 06:34:49.372  2327  2347 E DatabaseUtils: java.lang.SecurityException: No permission to write APN settings
01-06 06:34:49.372  2327  2347 E DatabaseUtils: 	at com.android.providers.telephony.TelephonyProvider.checkPermission(TelephonyProvider.java:1180)
01-06 06:34:49.372  2327  2347 E DatabaseUtils: 	at com.android.providers.telephony.TelephonyProvider.query(TelephonyProvider.java:764)
01-06 06:34:49.372  2327  2347 E DatabaseUtils: 	at android.content.ContentProvider.query(ContentProvider.java:966)
01-06 06:34:49.372  2327  2347 E DatabaseUtils: 	at android.content.ContentProvider$Transport.query(ContentProvider.java:211)
01-06 06:34:49.372  2327  2347 E DatabaseUtils: 	at android.content.ContentProviderNative.onTransact(ContentProviderNative.java:112)
01-06 06:34:49.372  2327  2347 E DatabaseUtils: 	at android.os.Binder.execTransact(Binder.java:446)
01-06 06:34:49.375  2327  2348 E PhoneInterfaceManager: [PhoneIntfMgr] checkCarrierPrivilegesForPackage: No UICC
01-06 06:34:49.375  2327  2348 E DatabaseUtils: Writing exception to parcel
01-06 06:34:49.375  2327  2348 E DatabaseUtils: java.lang.SecurityException: No permission to write APN settings
01-06 06:34:49.375  2327  2348 E DatabaseUtils: 	at com.android.providers.telephony.TelephonyProvider.checkPermission(TelephonyProvider.java:1180)
01-06 06:34:49.375  2327  2348 E DatabaseUtils: 	at com.android.providers.telephony.TelephonyProvider.query(TelephonyProvider.java:764)
01-06 06:34:49.375  2327  2348 E DatabaseUtils: 	at android.content.ContentProvider.query(ContentProvider.java:966)
01-06 06:34:49.375  2327  2348 E DatabaseUtils: 	at android.content.ContentProvider$Transport.query(ContentProvider.java:211)
01-06 06:34:49.375  2327  2348 E DatabaseUtils: 	at android.content.ContentProviderNative.onTransact(ContentProviderNative.java:112)
01-06 06:34:49.375  2327  2348 E DatabaseUtils: 	at android.os.Binder.execTransact(Binder.java:446)
01-06 06:34:49.450  2149 17056 W ActivityManager: getTasks: caller 10115 does not hold REAL_GET_TASKS; limiting output
01-06 06:34:49.548  2149  2169 W ActivityManager: getTasks: caller 10115 does not hold REAL_GET_TASKS; limiting output
01-06 06:34:49.889 20155 20384 V MSThread: T_R >>SD>>RT
01-06 06:34:50.582  2149  2377 W ActivityManager: getTasks: caller 10115 does not hold REAL_GET_TASKS; limiting output
01-06 06:34:51.595 20456 20456 W linker  : [vdso]: unused DT entry: type 0x6ffffef5 arg 0x160
01-06 06:34:51.624  2149  9351 W ActivityManager: getTasks: caller 10115 does not hold REAL_GET_TASKS; limiting output
01-06 06:34:52.665  2149  2169 W ActivityManager: getTasks: caller 10115 does not hold REAL_GET_TASKS; limiting output
01-06 06:34:53.492 20155 20440 D Dsv2Trackstat:  request url http://actsdk.idreamsky.com/
01-06 06:34:53.492 20155 20440 D Dsv2Trackstat: ====CustomEvent||2016-01-06 06:34:53|10389|e19081b4527963d70c7a|1|1279975524|2.41.0|BD0S0N50004|7482823pr8sn0o406||Barrier|Barrier|2016-01-06 06:34:53|1|1.3.1||||2.4.7.10
01-06 06:34:53.494 20155 20445 D Dsv2Trackstat:  request url http://actsdk.idreamsky.com/
01-06 06:34:53.495 20155 20445 D Dsv2Trackstat: ====CustomEvent||2016-01-06 06:34:53|10389|e19081b4527963d70c7a|1|1279975524|2.41.0|BD0S0N50004|7482823pr8sn0o406||playerSenceName|playerSenceName|2016-01-06 06:34:53|1|1.3.1||||2.4.7.10
01-06 06:34:53.549 20155 20440 D Dsv2Trackstat: getResponseCode !!!200
01-06 06:34:53.550 20155 20440 D Dsv2Trackstat:  request success 
01-06 06:34:53.551 20155 20445 D Dsv2Trackstat: getResponseCode !!!200
01-06 06:34:53.551 20155 20445 D Dsv2Trackstat:  request success 
01-06 06:34:53.707  2149  2295 W ActivityManager: getTasks: caller 10115 does not hold REAL_GET_TASKS; limiting output
01-06 06:34:54.451  2149  3042 W ActivityManager: getTasks: caller 10115 does not hold REAL_GET_TASKS; limiting output
01-06 06:34:54.741  2149  3128 W ActivityManager: getTasks: caller 10115 does not hold REAL_GET_TASKS; limiting output
01-06 06:34:54.897 20155 20384 V MSThread: T_R >>SD>>RT
01-06 06:34:55.783  2149 17057 W ActivityManager: getTasks: caller 10115 does not hold REAL_GET_TASKS; limiting output
01-06 06:34:56.278  2149  2209 W AudioTrack: AUDIO_OUTPUT_FLAG_FAST denied by client
01-06 06:34:56.280  2149  2175 W ActivityManager:   Force finishing activity 1 com.kiloo.subwaysurf/.RRAndroidPluginActivity
01-06 06:34:56.299  2149  2175 I ActivityManager: Killing 20155:com.kiloo.subwaysurf/u0a115 (adj 0): user request after error
01-06 06:34:56.301  2149  2175 I libprocessgroup: Killing pid 20179 in uid 10115 as part of process group 20155
01-06 06:34:56.302  2149  2175 I libprocessgroup: Killing pid 20180 in uid 10115 as part of process group 20155
01-06 06:34:56.302  2149  2175 I libprocessgroup: Killing pid 20179 in uid 10115 as part of process group 20155
01-06 06:34:56.302  2149  2175 I libprocessgroup: Killing pid 20180 in uid 10115 as part of process group 20155
01-06 06:34:56.302  2149  2175 I libprocessgroup: Killing pid 20179 in uid 10115 as part of process group 20155
01-06 06:34:56.302  2149  2175 I libprocessgroup: Killing pid 20180 in uid 10115 as part of process group 20155
01-06 06:34:56.303  2149  2175 I libprocessgroup: Killing pid 20179 in uid 10115 as part of process group 20155
01-06 06:34:56.303  2149  2175 I libprocessgroup: Killing pid 20180 in uid 10115 as part of process group 20155
01-06 06:34:56.304  2149  2175 I libprocessgroup: Killing pid 20179 in uid 10115 as part of process group 20155
01-06 06:34:56.304  2149  2175 I libprocessgroup: Killing pid 20180 in uid 10115 as part of process group 20155
01-06 06:34:56.306  2149  2175 I libprocessgroup: Killing pid 20180 in uid 10115 as part of process group 20155
01-06 06:34:56.312 20458 20458 W linker  : [vdso]: unused DT entry: type 0x6ffffef5 arg 0x160
01-06 06:34:56.349  2149  2190 W InputDispatcher: channel 'a0a7c53 com.kiloo.subwaysurf/com.kiloo.subwaysurf.RRAndroidPluginActivity (server)' ~ Consumer closed input channel or an error occurred.  events=0x9
01-06 06:34:56.349  2149  2190 E InputDispatcher: channel 'a0a7c53 com.kiloo.subwaysurf/com.kiloo.subwaysurf.RRAndroidPluginActivity (server)' ~ Channel is unrecoverably broken and will be disposed!
01-06 06:34:56.350  2149  2394 D KbdSensor: poll_activate: dev=0x7f3152c66680 handle=0 enabled=0
01-06 06:34:56.350  2149  2204 D WifiService: Client connection lost with reason: 4
01-06 06:34:56.354  2149  4763 I WindowState: WIN DEATH: Window{a0a7c53 u0 com.kiloo.subwaysurf/com.kiloo.subwaysurf.RRAndroidPluginActivity}
01-06 06:34:56.354  2149  4763 W InputDispatcher: Attempted to unregister already unregistered input channel 'a0a7c53 com.kiloo.subwaysurf/com.kiloo.subwaysurf.RRAndroidPluginActivity (server)'
01-06 06:34:56.354  2149  2174 D gps_serial: serial_gps_stop: called
01-06 06:34:56.354  2149  2174 D gps_serial: gps_state_stop: could not send CMD_STOP command: ret=-1: Bad file number
01-06 06:34:56.355  2149  2377 I WindowState: WIN DEATH: Window{8b68aaf u0 SurfaceView}
01-06 06:34:56.356  2149  3972 D OpenGLRenderer: endAllStagingAnimators on 0x7f3138ada000 (RippleDrawable) with handle 0x7f313d0d60e0
01-06 06:34:56.379  2149  3128 I ActivityManager: Config changes=480 {1.0 ?mcc?mnc zh_CN ldltr sw720dp w1280dp h646dp 240dpi lrg long land -touch qwerty/v/v -nav/h s.48}
01-06 06:34:56.383 20071 20071 D GeckoApplication: onConfigurationChanged: zh_CN, background: false
01-06 06:34:56.384 20071 20071 D GeckoLocales: No selected locale. No correction needed.
01-06 06:34:56.385  2149  2149 V ActivityManager: Display changed displayId=0
01-06 06:34:56.400  2149  2191 I InputReader: Reconfiguring input devices.  changes=0x00000004
01-06 06:34:56.441  2149  8057 W InputMethodManagerService: Got RemoteException sending setActive(false) notification to pid 20155 uid 10115
01-06 06:34:56.562  2149  2180 I WindowManager: Screen frozen for +206ms due to Window{157105d1 u0 com.android.systemui.ImageWallpaper}
01-06 06:34:56.818  2149  2170 W ActivityManager: getTasks: caller 10115 does not hold REAL_GET_TASKS; limiting output
01-06 06:34:57.820  2149  2394 W ActivityManager: getTasks: caller 10115 does not hold REAL_GET_TASKS; limiting output
01-06 06:34:58.610  2149  2180 I art     : Explicit concurrent mark sweep GC freed 23319(1273KB) AllocSpace objects, 8(3MB) LOS objects, 33% free, 14MB/22MB, paused 882us total 34.631ms
01-06 06:34:58.823  2149  9351 W ActivityManager: getTasks: caller 10115 does not hold REAL_GET_TASKS; limiting output
01-06 06:34:59.827  2149 15843 W ActivityManager: getTasks: caller 10115 does not hold REAL_GET_TASKS; limiting output
01-06 06:35:00.829  2149  2394 W ActivityManager: getTasks: caller 10115 does not hold REAL_GET_TASKS; limiting output
01-06 06:35:00.866 15894 15894 V xiaomi  : [Thread:1] Service called on timer
01-06 06:35:01.362 20459 20459 W linker  : [vdso]: unused DT entry: type 0x6ffffef5 arg 0x160
01-06 06:35:01.783  2149  2209 W AudioTrack: AUDIO_OUTPUT_FLAG_FAST denied by client
01-06 06:35:01.795  1876  2146 D audio_hw_primary: found out /dev/snd/pcmC0D0p
01-06 06:35:01.800  2149  3128 I ActivityManager: START u0 {act=com.android.systemui.recents.SHOW_RECENTS flg=0x10804000 cmp=com.android.systemui/.recents.RecentsActivity} from uid 10000 on display 0
01-06 06:35:01.810  2267  2267 W ResourceType: No package identifier when getting value for resource number 0x00000000
01-06 06:35:01.810  2267  2267 W PackageManager: Failure retrieving resources for com.kiloo.subwaysurf: Resource ID #0x0
01-06 06:35:01.832  2149  8057 W ActivityManager: getTasks: caller 10115 does not hold REAL_GET_TASKS; limiting output
01-06 06:35:02.734  2149  2209 W AudioTrack: AUDIO_OUTPUT_FLAG_FAST denied by client
01-06 06:35:02.794  9354  9354 I Term    : Bound to TermService
01-06 06:35:02.794  9354  9354 I TermService: Activity binding to service
01-06 06:35:02.835  2149  2295 W ActivityManager: getTasks: caller 10115 does not hold REAL_GET_TASKS; limiting output
01-06 06:35:03.836  2149  9351 W ActivityManager: getTasks: caller 10115 does not hold REAL_GET_TASKS; limiting output
01-06 06:35:04.073  2149  2169 W ActivityManager: getRunningAppProcesses: caller 10121 does not hold REAL_GET_TASKS; limiting output
01-06 06:35:04.839  2149 15843 W ActivityManager: getTasks: caller 10115 does not hold REAL_GET_TASKS; limiting output
01-06 06:35:05.841  2149  9351 W ActivityManager: getTasks: caller 10115 does not hold REAL_GET_TASKS; limiting output
01-06 06:35:06.373 20467 20467 W linker  : [vdso]: unused DT entry: type 0x6ffffef5 arg 0x160
01-06 06:35:06.844  2149 17057 W ActivityManager: getTasks: caller 10115 does not hold REAL_GET_TASKS; limiting output
01-06 06:35:07.846  2149  2394 W ActivityManager: getTasks: caller 10115 does not hold REAL_GET_TASKS; limiting output
01-06 06:35:08.848  2149  3044 W ActivityManager: getTasks: caller 10115 does not hold REAL_GET_TASKS; limiting output
01-06 06:35:09.126  8360  8399 D ++++++++: IsGetNotificationTimeOut = 14777126 dis = 28800000
01-06 06:35:09.851  2149  8057 W ActivityManager: getTasks: caller 10115 does not hold REAL_GET_TASKS; limiting output
01-06 06:35:10.854  2149  9351 W ActivityManager: getTasks: caller 10115 does not hold REAL_GET_TASKS; limiting output
01-06 06:35:11.381 20468 20468 W linker  : [vdso]: unused DT entry: type 0x6ffffef5 arg 0x160
01-06 06:35:11.857  2149  2394 W ActivityManager: getTasks: caller 10115 does not hold REAL_GET_TASKS; limiting output
01-06 06:35:12.860  2149 17057 W ActivityManager: getTasks: caller 10115 does not hold REAL_GET_TASKS; limiting output
01-06 06:35:13.352  2149  9351 W ActivityManager: getRunningAppProcesses: caller 10120 does not hold REAL_GET_TASKS; limiting output
01-06 06:35:13.863  2149  2169 W ActivityManager: getTasks: caller 10115 does not hold REAL_GET_TASKS; limiting output
01-06 06:35:14.866  2149  3042 W ActivityManager: getTasks: caller 10115 does not hold REAL_GET_TASKS; limiting output
01-06 06:35:15.881 15894 15920 V xiaomi  : [Thread:906] JOB: check the ping-pong.
01-06 06:35:16.394 20470 20470 W linker  : [vdso]: unused DT entry: type 0x6ffffef5 arg 0x160
01-06 06:35:17.884  2149 17056 W ActivityManager: getTasks: caller 10115 does not hold REAL_GET_TASKS; limiting output
01-06 06:35:18.887  2149  9351 W ActivityManager: getTasks: caller 10115 does not hold REAL_GET_TASKS; limiting output
01-06 06:35:19.890  2149  3128 W ActivityManager: getTasks: caller 10115 does not hold REAL_GET_TASKS; limiting output
01-06 06:35:20.893  2149  2169 W ActivityManager: getTasks: caller 10115 does not hold REAL_GET_TASKS; limiting output
01-06 06:35:21.403 20471 20471 W linker  : [vdso]: unused DT entry: type 0x6ffffef5 arg 0x160
01-06 06:35:21.895  2149  2170 W ActivityManager: getTasks: caller 10115 does not hold REAL_GET_TASKS; limiting output
01-06 06:35:22.897  2149  2169 W ActivityManager: getTasks: caller 10115 does not hold REAL_GET_TASKS; limiting output
01-06 06:35:23.009 20472 20472 W linker  : [vdso]: unused DT entry: type 0x6ffffef5 arg 0x16