01-06 06:34:35.796 20155 20155 W System.err: 	at android.app.ActivityThread.performLaunchActivity(ActivityThread.java:2278)
01-06 06:34:35.796 20155 20155 W System.err: 	at android.app.ActivityThread.handleLaunchActivity(ActivityThread.java:2387)
01-06 06:34:35.796 20155 20155 W System.err: 	at android.app.ActivityThread.access$800(ActivityThread.java:151)
01-06 06:34:35.796 20155 20155 W System.err: 	at android.app.ActivityThread$H.handleMessage(ActivityThread.java:1303)
01-06 06:34:35.796 20155 20155 W System.err: 	at android.os.Handler.dispatchMessage(Handler.java:102)
01-06 06:34:35.796 20155 20155 W System.err: 	at android.os.Looper.loop(Looper.java:135)
01-06 06:34:35.796 20155 20155 W System.err: 	at android.app.ActivityThread.main(ActivityThread.java:5254)
01-06 06:34:35.796 20155 20155 W System.err: 	at java.lang.reflect.Method.invoke(Native Method)
01-06 06:34:35.796 20155 20155 W System.err: 	at java.lang.reflect.Method.invoke(Method.java:372)
01-06 06:34:35.796 20155 20155 W System.err: 	at com.android.internal.os.ZygoteInit$MethodAndArgsCaller.run(ZygoteInit.java:903)
01-06 06:34:35.796 20155 20155 W System.err: 	at com.android.internal.os.ZygoteInit.main(ZygoteInit.java:698)
01-06 06:34:35.796 20155 20155 W System.err: Caused by: java.lang.ClassNotFoundException: Didn't find class "com.skynet.android.uc.UC" on path: DexPathList[[zip file "/data/app/com.kiloo.subwaysurf-1/base.apk"],nativeLibraryDirectories=[/data/app/com.kiloo.subwaysurf-1/lib/arm, /vendor/lib, /system/lib]]
01-06 06:34:35.796 20155 20155 W System.err: 	at dalvik.system.BaseDexClassLoader.findClass(BaseDexClassLoader.java:56)
01-06 06:34:35.796 20155 20155 W System.err: 	at java.lang.ClassLoader.loadClass(ClassLoader.java:511)
01-06 06:34:35.796 20155 20155 W System.err: 	at java.lang.ClassLoader.loadClass(ClassLoader.java:469)
01-06 06:34:35.796 20155 20155 W System.err: 	... 19 more
01-06 06:34:35.796 20155 20155 W System.err: 	Suppressed: java.lang.ClassNotFoundException: Didn't find class "com.skynet.android.uc.UC" on path: DexPathList[[dex file "/data/data/com.kiloo.subwaysurf/appsdk0_.dex"],nativeLibraryDirectories=[/data/data/com.kiloo.subwaysurf/lib, /vendor/lib, /system/lib]]
01-06 06:34:35.796 20155 20155 W System.err: 		at dalvik.system.BaseDexClassLoader.findClass(BaseDexClassLoader.java:56)
01-06 06:34:35.796 20155 20155 W System.err: 		at java.lang.ClassLoader.loadClass(ClassLoader.java:511)
01-06 06:34:35.796 20155 20155 W System.err: 		at java.lang.ClassLoader.loadClass(ClassLoader.java:504)
01-06 06:34:35.796 20155 20155 W System.err: 		... 20 more
01-06 06:34:35.796 20155 20155 W System.err: 		Suppressed: java.lang.ClassNotFoundException: com.skynet.android.uc.UC
01-06 06:34:35.796 20155 20155 W System.err: 			at java.lang.Class.classForName(Native Method)
01-06 06:34:35.796 20155 20155 W System.err: 			at java.lang.BootClassLoader.findClass(ClassLoader.java:781)
01-06 06:34:35.796 20155 20155 W System.err: 			at java.lang.BootClassLoader.loadClass(ClassLoader.java:841)
01-06 06:34:35.796 20155 20155 W System.err: 			at java.lang.ClassLoader.loadClass(ClassLoader.java:504)
01-06 06:34:35.796 20155 20155 W System.err: 			... 21 more
01-06 06:34:35.796 20155 20155 W System.err: 		Caused by: java.lang.NoClassDefFoundError: Class not found using the boot class loader; no stack available
01-06 06:34:35.797 20155 20155 D Msdk    : msdk no found.
01-06 06:34:35.817 20155 20224 D OpenGLRenderer: Use EGL_SWAP_BEHAVIOR_PRESERVED: true
01-06 06:34:35.827  2149  2170 I art     : Explicit concurrent mark sweep GC freed 37235(1929KB) AllocSpace objects, 8(128KB) LOS objects, 33% free, 19MB/29MB, paused 310us total 10.060ms
01-06 06:34:35.827  2149  2170 V WindowManager: Adding window Window{37ddbb7 u0 com.kiloo.subwaysurf/com.kiloo.subwaysurf.RRAndroidPluginActivity} at 5 of 11 (before Window{1327201d u0 Starting com.kiloo.subwaysurf})
01-06 06:34:35.830 20155 20228 D statsdk : MoUtil.readBinary
01-06 06:34:35.830 20155 20228 D statsdk : java.io.FileNotFoundException: /data/data/com.kiloo.subwaysurf/files/2cb6687eb5game__local_stat_cache.json: open failed: ENOENT (No such file or directory)
01-06 06:34:35.830 20155 20228 D statsdk : 	at libcore.io.IoBridge.open(IoBridge.java:456)
01-06 06:34:35.830 20155 20228 D statsdk : 	at java.io.FileInputStream.<init>(FileInputStream.java:76)
01-06 06:34:35.830 20155 20228 D statsdk : 	at android.app.ContextImpl.openFileInput(ContextImpl.java:961)
01-06 06:34:35.830 20155 20228 D statsdk : 	at android.content.ContextWrapper.openFileInput(ContextWrapper.java:176)
01-06 06:34:35.830 20155 20228 D statsdk : 	at com.baidu.mtjstatsdk.b.c.b(Unknown Source)
01-06 06:34:35.830 20155 20228 D statsdk : 	at com.baidu.mtjstatsdk.b.c.a(Unknown Source)
01-06 06:34:35.830 20155 20228 D statsdk : 	at com.baidu.mtjstatsdk.b.c.a(Unknown Source)
01-06 06:34:35.830 20155 20228 D statsdk : 	at com.baidu.mtjstatsdk.game.BDGameDataCore.readLogFromFileJSONArray(Unknown Source)
01-06 06:34:35.830 20155 20228 D statsdk : 	at com.baidu.mtjstatsdk.game.BDGameDataCore.readLogFromFileDataCoreHash(Unknown Source)
01-06 06:34:35.830 20155 20228 D statsdk : 	at com.baidu.mtjstatsdk.g.run(Unknown Source)
01-06 06:34:35.830 20155 20228 D statsdk : Caused by: android.system.ErrnoException: open failed: ENOENT (No such file or directory)
01-06 06:34:35.830 20155 20228 D statsdk : 	at libcore.io.Posix.open(Native Method)
01-06 06:34:35.830 20155 20228 D statsdk : 	at libcore.io.BlockGuardOs.open(BlockGuardOs.java:186)
01-06 06:34:35.830 20155 20228 D statsdk : 	at libcore.io.IoBridge.open(IoBridge.java:442)
01-06 06:34:35.830 20155 20228 D statsdk : 	... 9 more
01-06 06:34:35.832 20155 20155 I BDGame  : The telephone number cannot be found.
01-06 06:34:35.832  2149  2204 D WifiService: New client listening to asynchronous messages
01-06 06:34:35.833  2149  2179 D BluetoothManagerService: Message: 20
01-06 06:34:35.833  2149  2179 D BluetoothManagerService: Added callback: android.bluetooth.IBluetoothManagerCallback$Stub$Proxy@30754a8d:true
01-06 06:34:35.835 20155 20230 D statsdk : MoUtil.readBinary
01-06 06:34:35.835 20155 20230 D statsdk : java.io.FileNotFoundException: /data/data/com.kiloo.subwaysurf/files/2cb6687eb5game__local_stat_cache.json: open failed: ENOENT (No such file or directory)
01-06 06:34:35.835 20155 20230 D statsdk : 	at libcore.io.IoBridge.open(IoBridge.java:456)
01-06 06:34:35.835 20155 20230 D statsdk : 	at java.io.FileInputStream.<init>(FileInputStream.java:76)
01-06 06:34:35.835 20155 20230 D statsdk : 	at android.app.ContextImpl.openFileInput(ContextImpl.java:961)
01-06 06:34:35.835 20155 20230 D statsdk : 	at android.content.ContextWrapper.openFileInput(ContextWrapper.java:176)
01-06 06:34:35.835 20155 20230 D statsdk : 	at com.baidu.mtjstatsdk.b.c.b(Unknown Source)
01-06 06:34:35.835 20155 20230 D statsdk : 	at com.baidu.mtjstatsdk.b.c.a(Unknown Source)
01-06 06:34:35.835 20155 20230 D statsdk : 	at com.baidu.mtjstatsdk.b.c.a(Unknown Source)
01-06 06:34:35.835 20155 20230 D statsdk : 	at com.baidu.mtjstatsdk.game.BDGameDataCore.readLogFromFileJSONArray(Unknown Source)
01-06 06:34:35.835 20155 20230 D statsdk : 	at com.baidu.mtjstatsdk.game.BDGameDataCore.getCacheJSONArray(Unknown Source)
01-06 06:34:35.835 20155 20230 D statsdk : 	at com.baidu.mtjstatsdk.game.BDGameDataCore.getCacheLog(Unknown Source)
01-06 06:34:35.835 20155 20230 D statsdk : 	at com.baidu.mtjstatsdk.DataCore.sendLogData(Unknown Source)
01-06 06:34:35.835 20155 20230 D statsdk : 	at com.baidu.mtjstatsdk.i.a(Unknown Source)
01-06 06:34:35.835 20155 20230 D statsdk : 	at com.baidu.mtjstatsdk.k.run(Unknown Source)
01-06 06:34:35.835 20155 20230 D statsdk : 	at android.os.Handler.handleCallback(Handler.java:739)
01-06 06:34:35.835 20155 20230 D statsdk : 	at android.os.Handler.dispatchMessage(Handler.java:95)
01-06 06:34:35.835 20155 20230 D statsdk : 	at android.os.Looper.loop(Looper.java:135)
01-06 06:34:35.835 20155 20230 D statsdk : 	at android.os.HandlerThread.run(HandlerThread.java:61)
01-06 06:34:35.835 20155 20230 D statsdk : Caused by: android.system.ErrnoException: open failed: ENOENT (No such file or directory)
01-06 06:34:35.835 20155 20230 D statsdk : 	at libcore.io.Posix.open(Native Method)
01-06 06:34:35.835 20155 20230 D statsdk : 	at libcore.io.BlockGuardOs.open(BlockGuardOs.java:186)
01-06 06:34:35.835 20155 20230 D statsdk : 	at libcore.io.IoBridge.open(IoBridge.java:442)
01-06 06:34:35.835 20155 20230 D statsdk : 	... 16 more
01-06 06:34:35.835 20155 20155 W System.err: java.lang.ClassNotFoundException: com.xiaomi.gamecenter.sdk.MiCommplatform
01-06 06:34:35.835 20155 20155 W System.err: 	at java.lang.Class.classForName(Native Method)
01-06 06:34:35.835 20155 20155 W System.err: 	at java.lang.Class.forName(Class.java:309)
01-06 06:34:35.835 20155 20155 W System.err: 	at com.skynet.android.xiaomi.Xiaomi.isEnable(SourceFile:50)
01-06 06:34:35.835 20155 20155 W System.err: 	at com.skynet.android.xiaomi.Xiaomi.onCreate(SourceFile:30)
01-06 06:34:35.835 20155 20155 W System.err: 	at java.lang.reflect.Method.invoke(Native Method)
01-06 06:34:35.835 20155 20155 W System.err: 	at java.lang.reflect.Method.invoke(Method.java:372)
01-06 06:34:35.835 20155 20155 W System.err: 	at com.skynet.android.Skynet.invoke(SourceFile:4217)
01-06 06:34:35.835 20155 20155 W System.err: 	at com.skynet.android.Skynet.onActivityCreate(SourceFile:4196)
01-06 06:34:35.835 20155 20155 W System.err: 	at com.kiloo.subwaysurf.RRAndroidPluginActivity.onCreate(RRAndroidPluginActivity.java:119)
01-06 06:34:35.835 20155 20155 W System.err: 	at android.app.Activity.performCreate(Activity.java:5990)
01-06 06:34:35.835 20155 20155 W System.err: 	at android.app.Instrumentation.callActivityOnCreate(Instrumentation.java:1106)
01-06 06:34:35.835 20155 20155 W System.err: 	at android.app.ActivityThread.performLaunchActivity(ActivityThread.java:2278)
01-06 06:34:35.835 20155 20155 W System.err: 	at android.app.ActivityThread.handleLaunchActivity(ActivityThread.java:2387)
01-06 06:34:35.835 20155 20155 W System.err: 	at android.app.ActivityThread.access$800(ActivityThread.java:151)
01-06 06:34:35.835 20155 20155 W System.err: 	at android.app.ActivityThread$H.handleMessage(ActivityThread.java:1303)
01-06 06:34:35.835 20155 20155 W System.err: 	at android.os.Handler.dispatchMessage(Handler.java:102)
01-06 06:34:35.835 20155 20155 W System.err: 	at android.os.Looper.loop(Looper.java:135)
01-06 06:34:35.835 20155 20155 W System.err: 	at android.app.ActivityThread.main(ActivityThread.java:5254)
01-06 06:34:35.835 20155 20155 W System.err: 	at java.lang.reflect.Method.invoke(Native Method)
01-06 06:34:35.835 20155 20155 W System.err: 	at java.lang.reflect.Method.invoke(Method.java:372)
01-06 06:34:35.835 20155 20155 W System.err: 	at com.android.internal.os.ZygoteInit$MethodAndArgsCaller.run(ZygoteInit.java:903)
01-06 06:34:35.835 20155 20155 W System.err: 	at com.android.internal.os.ZygoteInit.main(ZygoteInit.java:698)
01-06 06:34:35.835 20155 20155 W System.err: Caused by: java.lang.ClassNotFoundException: Didn't find class "com.xiaomi.gamecenter.sdk.MiCommplatform" on path: DexPathList[[zip file "/data/app/com.kiloo.subwaysurf-1/base.apk"],nativeLibraryDirectories=[/data/app/com.kiloo.subwaysurf-1/lib/arm, /vendor/lib, /system/lib]]
01-06 06:34:35.835 20155 20155 W System.err: 	at dalvik.system.BaseDexClassLoader.findClass(BaseDexClassLoader.java:56)
01-06 06:34:35.835 20155 20155 W System.err: 	at java.lang.ClassLoader.loadClass(ClassLoader.java:511)
01-06 06:34:35.835 20155 20155 W System.err: 	at java.lang.ClassLoader.loadClass(ClassLoader.java:469)
01-06 06:34:35.835 20155 20155 W System.err: 	... 22 more
01-06 06:34:35.835 20155 20155 W System.err: 	Suppressed: java.lang.ClassNotFoundException: Didn't find class "com.xiaomi.gamecenter.sdk.MiCommplatform" on path: DexPathList[[dex file "/data/data/com.kiloo.subwaysurf/appsdk0_.dex"],nativeLibraryDirectories=[/data/data/com.kiloo.subwaysurf/lib, /vendor/lib, /system/lib]]
01-06 06:34:35.835 20155 20155 W System.err: 		at dalvik.system.BaseDexClassLoader.findClass(BaseDexClassLoader.java:56)
01-06 06:34:35.835 20155 20155 W System.err: 		at java.lang.ClassLoader.loadClass(ClassLoader.java:511)
01-06 06:34:35.835 20155 20155 W System.err: 		at java.lang.ClassLoader.loadClass(ClassLoader.java:504)
01-06 06:34:35.835 20155 20155 W System.err: 		... 23 more
01-06 06:34:35.835 20155 20155 W System.err: 		Suppressed: java.lang.ClassNotFoundException: com.xiaomi.gamecenter.sdk.MiCommplatform
01-06 06:34:35.835 20155 20155 W System.err: 			at java.lang.Class.classForName(Native Method)
01-06 06:34:35.835 20155 20155 W System.err: 			at java.lang.BootClassLoader.findClass(ClassLoader.java:781)
01-06 06:34:35.835 20155 20155 W System.err: 			at java.lang.BootClassLoader.loadClass(ClassLoader.java:841)
01-06 06:34:35.835 20155 20155 W System.err: 			at java.lang.ClassLoader.loadClass(ClassLoader.java:504)
01-06 06:34:35.835 20155 20155 W System.err: 			... 24 more
01-06 06:34:35.835 20155 20155 W System.err: 		Caused by: java.lang.NoClassDefFoundError: Class not found using the boot class loader; no stack available
01-06 06:34:35.835 20155 20155 W System.err: java.lang.ClassNotFoundException: cn.m4399.operate.SingleOperateCenter
01-06 06:34:35.835 20155 20155 W System.err: 	at java.lang.Class.classForName(Native Method)
01-06 06:34:35.835 20155 20155 W System.err: 	at java.lang.Class.forName(Class.java:309)
01-06 06:34:35.835 20155 20155 W System.err: 	at com.skynet.android.ffnn.Ftnn.isEnabled(SourceFile:29)
01-06 06:34:35.835 20155 20155 W System.err: 	at com.skynet.android.ffnn.Ftnn.onCreate(SourceFile:18)
01-06 06:34:35.835 20155 20155 W System.err: 	at java.lang.reflect.Method.invoke(Native Method)
01-06 06:34:35.835 20155 20155 W System.err: 	at java.lang.reflect.Method.invoke(Method.java:372)
01-06 06:34:35.835 20155 20155 W System.err: 	at com.skynet.android.Skynet.invoke(SourceFile:4217)
01-06 06:34:35.835 20155 20155 W System.err: 	at com.skynet.android.Skynet.onActivityCreate(SourceFile:4198)
01-06 06:34:35.835 20155 20155 W System.err: 	at com.kiloo.subwaysurf.RRAndroidPluginActivity.onCreate(RRAndroidPluginActivity.java:119)
01-06 06:34:35.835 20155 20155 W System.err: 	at android.app.Activity.performCreate(Activity.java:5990)
01-06 06:34:35.835 20155 20155 W System.err: 	at android.app.Instrumentation.callActivityOnCreate(Instrumentation.java:1106)
01-06 06:34:35.835 20155 20155 W System.err: 	at android.app.ActivityThread.performLaunchActivity(ActivityThread.java:2278)
01-06 06:34:35.835 20155 20155 W System.err: 	at android.app.ActivityThread.handleLaunchActivity(ActivityThread.java:2387)
01-06 06:34:35.836 20155 20155 W System.err: 	at android.app.ActivityThread.access$800(ActivityThread.java:151)
01-06 06:34:35.836 20155 20155 W System.err: 	at android.app.ActivityThread$H.handleMessage(ActivityThread.java:1303)
01-06 06:34:35.836 20155 20155 W System.err: 	at android.os.Handler.dispatchMessage(Handler.java:102)
01-06 06:34:35.836 20155 20155 W System.err: 	at android.os.Looper.loop(Looper.java:135)
01-06 06:34:35.836 20155 20155 W System.err: 	at android.app.ActivityThread.main(ActivityThread.java:5254)
01-06 06:34:35.836 20155 20155 W System.err: 	at java.lang.reflect.Method.invoke(Native Method)
01-06 06:34:35.836 20155 20155 W System.err: 	at java.lang.reflect.Method.invoke(Method.java:372)
01-06 06:34:35.836 20155 20155 W System.err: 	at com.android.internal.os.ZygoteInit$MethodAndArgsCaller.run(ZygoteInit.java:903)
01-06 06:34:35.836 20155 20155 W System.err: 	at com.android.internal.os.ZygoteInit.main(ZygoteInit.java:698)
01-06 06:34:35.836 20155 20155 W System.err: Caused by: java.lang.ClassNotFoundException: Didn't find class "cn.m4399.operate.SingleOperateCenter" on path: DexPathList[[zip file "/data/app/com.kiloo.subwaysurf-1/base.apk"],nativeLibraryDirectories=[/data/app/com.kiloo.subwaysurf-1/lib/arm, /vendor/lib, /system/lib]]
01-06 06:34:35.836 20155 20155 W System.err: 	at dalvik.system.BaseDexClassLoader.findClass(BaseDexClassLoader.java:56)
01-06 06:34:35.836 20155 20155 W System.err: 	at java.lang.ClassLoader.loadClass(ClassLoader.java:511)
01-06 06:34:35.836 20155 20155 W System.err: 	at java.lang.ClassLoader.loadClass(ClassLoader.java:469)
01-06 06:34:35.836 20155 20155 W System.err: 	... 22 more
01-06 06:34:35.836 20155 20155 W System.err: 	Suppressed: java.lang.ClassNotFoundException: Didn't find class "cn.m4399.operate.SingleOperateCenter" on path: DexPathList[[dex file "/data/data/com.kiloo.subwaysurf/appsdk0_.dex"],nativeLibraryDirectories=[/data/data/com.kiloo.subwaysurf/lib, /vendor/lib, /system/lib]]
01-06 06:34:35.836 20155 20155 W System.err: 		at dalvik.system.BaseDexClassLoader.findClass(BaseDexClassLoader.java:56)
01-06 06:34:35.836 20155 20155 W System.err: 		at java.lang.ClassLoader.loadClass(ClassLoader.java:511)
01-06 06:34:35.836 20155 20155 W System.err: 		at java.lang.ClassLoader.loadClass(ClassLoader.java:504)
01-06 06:34:35.836 20155 20155 W System.err: 		... 23 more
01-06 06:34:35.836 20155 20155 W System.err: 		Suppressed: java.lang.ClassNotFoundException: cn.m4399.operate.SingleOperateCenter
01-06 06:34:35.836 20155 20155 W System.err: 			at java.lang.Class.classForName(Native Method)
01-06 06:34:35.836 20155 20155 W System.err: 			at java.lang.BootClassLoader.findClass(ClassLoader.java:781)
01-06 06:34:35.836 20155 20155 W System.err: 			at java.lang.BootClassLoader.loadClass(ClassLoader.java:841)
01-06 06:34:35.836 20155 20155 W System.err: 			at java.lang.ClassLoader.loadClass(ClassLoader.java:504)
01-06 06:34:35.836 20155 20155 W System.err: 			... 24 more
01-06 06:34:35.836 20155 20155 W System.err: 		Caused by: java.lang.NoClassDefFoundError: Class not found using the boot class loader; no stack available
01-06 06:34:35.836  2327  2655 E PhoneInterfaceManager: [PhoneIntfMgr] checkCarrierPrivilegesForPackage: No UICC
01-06 06:34:35.836  2327  2655 E DatabaseUtils: Writing exception to parcel
01-06 06:34:35.836  2327  2655 E DatabaseUtils: java.lang.SecurityException: No permission to write APN settings
01-06 06:34:35.836  2327  2655 E DatabaseUtils: 	at com.android.providers.telephony.TelephonyProvider.checkPermission(TelephonyProvider.java:1180)
01-06 06:34:35.836  2327  2655 E DatabaseUtils: 	at com.android.providers.telephony.TelephonyProvider.query(TelephonyProvider.java:764)
01-06 06:34:35.836  2327  2655 E DatabaseUtils: 	at android.content.ContentProvider.query(ContentProvider.java:966)
01-06 06:34:35.836  2327  2655 E DatabaseUtils: 	at android.content.ContentProvider$Transport.query(ContentProvider.java:211)
01-06 06:34:35.836  2327  2655 E DatabaseUtils: 	at android.content.ContentProviderNative.onTransact(ContentProviderNative.java:112)
01-06 06:34:35.836  2327  2655 E DatabaseUtils: 	at android.os.Binder.execTransact(Binder.java:446)
01-06 06:34:35.836 20155 20155 I art     : Rejecting re-init on previously-failed class java.lang.Class<com.skynet.android.anzhi.a>
01-06 06:34:35.837 20155 20155 W System.err: java.lang.reflect.InvocationTargetException
01-06 06:34:35.837 20155 20155 W System.err: 	at java.lang.reflect.Method.invoke(Native Method)
01-06 06:34:35.837 20155 20155 W System.err: 	at java.lang.reflect.Method.invoke(Method.java:372)
01-06 06:34:35.837 20155 20155 W System.err: 	at com.skynet.android.Skynet.invoke(SourceFile:4217)
01-06 06:34:35.837 20155 20155 W System.err: 	at com.skynet.android.Skynet.onActivityCreate(SourceFile:4202)
01-06 06:34:35.837 20155 20155 W System.err: 	at com.kiloo.subwaysurf.RRAndroidPluginActivity.onCreate(RRAndroidPluginActivity.java:119)
01-06 06:34:35.837 20155 20155 W System.err: 	at android.app.Activity.performCreate(Activity.java:5990)
01-06 06:34:35.837 20155 20155 W System.err: 	at android.app.Instrumentation.callActivityOnCreate(Instrumentation.java:1106)
01-06 06:34:35.837 20155 20155 W System.err: 	at android.app.ActivityThread.performLaunchActivity(ActivityThread.java:2278)
01-06 06:34:35.837 20155 20155 W System.err: 	at android.app.ActivityThread.handleLaunchActivity(ActivityThread.java:2387)
01-06 06:34:35.837 20155 20155 W System.err: 	at android.app.ActivityThread.access$800(ActivityThread.java:151)
01-06 06:34:35.837 20155 20155 W System.err: 	at android.app.ActivityThread$H.handleMessage(ActivityThread.java:1303)
01-06 06:34:35.837 20155 20155 W System.err: 	at android.os.Handler.dispatchMessage(Handler.java:102)
01-06 06:34:35.837 20155 20155 W System.err: 	at android.os.Looper.loop(Looper.java:135)
01-06 06:34:35.837 20155 20155 W System.err: 	at android.app.ActivityThread.main(ActivityThread.java:5254)
01-06 06:34:35.837 20155 20155 W System.err: 	at java.lang.reflect.Method.invoke(Native Method)
01-06 06:34:35.837 20155 20155 W System.err: 	at java.lang.reflect.Method.invoke(Method.java:372)
01-06 06:34:35.837 20155 20155 W System.err: 	at com.android.internal.os.ZygoteInit$MethodAndArgsCaller.run(ZygoteInit.java:903)
01-06 06:34:35.837 20155 20155 W System.err: 	at com.android.internal.os.ZygoteInit.main(ZygoteInit.java:698)
01-06 06:34:35.837 20155 20155 W System.err: Caused by: java.lang.NoClassDefFoundError: com.skynet.android.anzhi.a
01-06 06:34:35.837 20155 20155 W System.err: 	at com.skynet.android.anzhi.AnZhiPay.<clinit>(SourceFile:41)
01-06 06:34:35.837 20155 20155 W System.err: 	at com.skynet.android.anzhi.AnZhi.onCreate(SourceFile:11)
01-06 06:34:35.837 20155 20155 W System.err: 	... 18 more
01-06 06:34:35.837 20155 20155 I SkynetApi: onResume:com.kiloo.subwaysurf.RRAndroidPluginActivity@458d01c
01-06 06:34:35.837 20155 20155 D Msdk    : msdk no found.
01-06 06:34:35.837 20155 20155 W System.err: java.lang.ClassNotFoundException: com.skynet.android.uc.UC
01-06 06:34:35.837 20155 20155 W System.err: 	at java.lang.Class.classForName(Native Method)
01-06 06:34:35.837 20155 20155 W System.err: 	at java.lang.Class.forName(Class.java:309)
01-06 06:34:35.837 20155 20155 W System.err: 	at java.lang.Class.forName(Class.java:273)
01-06 06:34:35.837 20155 20155 W System.err: 	at com.skynet.android.Skynet.invoke(SourceFile:4209)
01-06 06:34:35.837 20155 20155 W System.err: 	at com.skynet.android.Skynet.onResume(SourceFile:4286)
01-06 06:34:35.837 20155 20155 W System.err: 	at com.kiloo.subwaysurf.RRAndroidPluginActivity.onResume(RRAndroidPluginActivity.java:2184)
01-06 06:34:35.837 20155 20155 W System.err: 	at android.app.Instrumentation.callActivityOnResume(Instrumentation.java:1257)
01-06 06:34:35.837 20155 20155 W System.err: 	at android.app.Activity.performResume(Activity.java:6076)
01-06 06:34:35.837 20155 20155 W System.err: 	at android.app.ActivityThread.performResumeActivity(ActivityThread.java:2975)
01-06 06:34:35.837 20155 20155 W System.err: 	at android.app.ActivityThread.handleResumeActivity(ActivityThread.java:3017)
01-06 06:34:35.837 20155 20155 W System.err: 	at android.app.ActivityThread.handleLaunchActivity(ActivityThread.java:2392)
01-06 06:34:35.837 20155 20155 W System.err: 	at android.app.ActivityThread.access$800(ActivityThread.java:151)
01-06 06:34:35.837 20155 20155 W System.err: 	at android.app.ActivityThread$H.handleMessage(ActivityThread.java:1303)
01-06 06:34:35.837 20155 20155 W System.err: 	at android.os.Handler.dispatchMessage(Handler.java:102)
01-06 06:34:35.837 20155 20155 W System.err: 	at android.os.Looper.loop(Looper.java:135)
01-06 06:34:35.837 20155 20155 W System.err: 	at android.app.ActivityThread.main(ActivityThread.java:5254)
01-06 06:34:35.837 20155 20155 W System.err: 	at java.lang.reflect.Method.invoke(Native Method)
01-06 06:34:35.837 20155 20155 W System.err: 	at java.lang.reflect.Method.invoke(Method.java:372)
01-06 06:34:35.837 20155 20155 W System.err: 	at com.android.internal.os.ZygoteInit$MethodAndArgsCaller.run(ZygoteInit.java:903)
01-06 06:34:35.837 20155 20155 W System.err: 	at com.android.internal.os.ZygoteInit.main(ZygoteInit.java:698)
01-06 06:34:35.837 20155 20155 W System.err: Caused by: java.lang.ClassNotFoundException: Didn't find class "com.skynet.android.uc.UC" on path: DexPathList[[zip file "/data/app/com.kiloo.subwaysurf-1/base.apk"],nativeLibraryDirectories=[/data/app/com.kiloo.subwaysurf-1/lib/arm, /vendor/lib, /system/lib]]
01-06 06:34:35.837 20155 20155 W System.err: 	at dalvik.system.BaseDexClassLoader.findClass(BaseDexClassLoader.java:56)
01-06 06:34:35.837 20155 20155 W System.err: 	at java.lang.ClassLoader.loadClass(ClassLoader.java:511)
01-06 06:34:35.837 20155 20155 W System.err: 	at java.lang.ClassLoader.loadClass(ClassLoader.java:469)
01-06 06:34:35.837 20155 20155 W System.err: 	... 20 more
01-06 06:34:35.837 20155 20155 W System.err: 	Suppressed: java.lang.ClassNotFoundException: Didn't find class "com.skynet.android.uc.UC" on path: DexPathList[[dex file "/data/data/com.kiloo.subwaysurf/appsdk0_.dex"],nativeLibraryDirectories=[/data/data/com.kiloo.subwaysurf/lib, /vendor/lib, /system/lib]]
01-06 06:34:35.837 20155 20155 W System.err: 		at dalvik.system.BaseDexClassLoader.findClass(BaseDexClassLoader.java:56)
01-06 06:34:35.837 20155 20155 W System.err: 		at java.lang.ClassLoader.loadClass(ClassLoader.java:511)
01-06 06:34:35.837 20155 20155 W System.err: 		at java.lang.ClassLoader.loadClass(ClassLoader.java:504)
01-06 06:34:35.837 20155 20155 W System.err: 		... 21 more
01-06 06:34:35.837 20155 20155 W System.err: 		Suppressed: java.lang.ClassNotFoundException: com.skynet.android.uc.UC
01-06 06:34:35.837 20155 20155 W System.err: 			at java.lang.Class.classForName(Native Method)
01-06 06:34:35.837 20155 20155 W System.err: 			at java.lang.BootClassLoader.findClass(ClassLoader.java:781)
01-06 06:34:35.837 20155 20155 W System.err: 			at java.lang.BootClassLoader.loadClass(ClassLoader.java:841)
01-06 06:34:35.837 20155 20238 D statsdk : MoUtil.readBinary
01-06 06:34:35.837 20155 20238 D statsdk : java.io.FileNotFoundException: /data/data/com.kiloo.subwaysurf/files/8BrG2pHOGTwTQlwcluXLSjkDgame__local_stat_cache.json: open failed: ENOENT (No such file or directory)
01-06 06:34:35.837 20155 20238 D statsdk : 	at libcore.io.IoBridge.open(IoBridge.java:456)
01-06 06:34:35.837 20155 20238 D statsdk : 	at java.io.FileInputStream.<init>(FileInputStream.java:76)
01-06 06:34:35.837 20155 20238 D statsdk : 	at android.app.ContextImpl.openFileInput(ContextImpl.java:961)
01-06 06:34:35.837 20155 20238 D statsdk : 	at android.content.ContextWrapper.openFileInput(ContextWrapper.java:176)
01-06 06:34:35.837 20155 20238 D statsdk : 	at com.baidu.mtjstatsdk.b.c.b(Unknown Source)
01-06 06:34:35.837 20155 20238 D statsdk : 	at com.baidu.mtjstatsdk.b.c.a(Unknown Source)
01-06 06:34:35.837 20155 20238 D statsdk : 	at com.baidu.mtjstatsdk.b.c.a(Unknown Source)
01-06 06:34:35.837 20155 20238 D statsdk : 	at com.baidu.mtjstatsdk.game.BDGameDataCore.readLogFromFileJSONArray(Unknown Source)
01-06 06:34:35.837 20155 20238 D statsdk : 	at com.baidu.mtjstatsdk.game.BDGameDataCore.readLogFromFileDataCoreHash(Unknown Source)
01-06 06:34:35.837 20155 20238 D statsdk : 	at com.baidu.mtjstatsdk.g.run(Unknown Source)
01-06 06:34:35.837 20155 20238 D statsdk : Caused by: android.system.ErrnoException: open failed: ENOENT (No such file or directory)
01-06 06:34:35.837 20155 20238 D statsdk : 	at libcore.io.Posix.open(Native Method)
01-06 06:34:35.837 20155 20238 D statsdk : 	at libcore.io.BlockGuardOs.open(BlockGuardOs.java:186)
01-06 06:34:35.837 20155 20238 D statsdk : 	at libcore.io.IoBridge.open(IoBridge.java:442)
01-06 06:34:35.837 20155 20238 D statsdk : 	... 9 more
01-06 06:34:35.837 20155 20155 W System.err: 			at java.lang.ClassLoader.loadClass(ClassLoader.java:504)
01-06 06:34:35.837 20155 20155 W System.err: 			... 22 more
01-06 06:34:35.837 20155 20155 W System.err: 		Caused by: java.lang.NoClassDefFoundError: Class not found using the boot class loader; no stack available
01-06 06:34:35.838  2149  2295 V WindowManager: Adding window Window{a0a7c53 u0 com.kiloo.subwaysurf/com.kiloo.subwaysurf.RRAndroidPluginActivity} at 5 of 12 (before Window{37ddbb7 u0 com.kiloo.subwaysurf/com.kiloo.subwaysurf.RRAndroidPluginActivity})
01-06 06:34:35.846 20155 20224 I GRALLOC-DRM: create intel for driver i915
01-06 06:34:35.847 20155 20224 I EGL-DRI2: DRI2: found extension DRI_Core version 1
01-06 06:34:35.847 20155 20224 I EGL-DRI2: DRI2: found extension DRI_DRI2 version 4
01-06 06:34:35.850 20155 20224 I EGL-DRI2: DRI2: found extension DRI_TexBuffer version 3
01-06 06:34:35.850 20155 20224 I EGL-DRI2: DRI2: found extension DRI2_Flush version 4
01-06 06:34:35.850 20155 20224 I EGL-DRI2: DRI2: found extension DRI_IMAGE version 11
01-06 06:34:35.850 20155 20224 I OpenGLRenderer: Initialized EGL, version 1.4
01-06 06:34:35.850 20155 20224 W OpenGLRenderer: Failed to choose config with EGL_SWAP_BEHAVIOR_PRESERVED, retrying without...
01-06 06:34:35.851 20155 20224 D OpenGLRenderer: Enabling debug mode 0
01-06 06:34:35.858  2149  2377 V WindowManager: Adding window Window{8b68aaf u0 SurfaceView} at 5 of 14 (before Window{a0a7c53 u0 com.kiloo.subwaysurf/com.kiloo.subwaysurf.RRAndroidPluginActivity})
01-06 06:34:35.860  2349  2349 W IInputConnectionWrapper: showStatusIcon on inactive InputConnection
01-06 06:34:35.864 20206 20206 I dex2oat : dex2oat took 148.752ms (threads: 8) arena alloc=0B java alloc=2MB native alloc=600KB free=7MB
01-06 06:34:35.872 20155 20202 E unipaysdk_2.3.0: UnipaySDK ERR:724  none error
01-06 06:34:35.895  2149  2180 V WindowManager: Layouts looping: On entry to LockedInner, mPendingLayoutChanges = 0x1
01-06 06:34:35.895  2149  2180 V WindowManager: Layouts looping: loop number 4, mPendingLayoutChanges = 0x0
01-06 06:34:35.895  2149  2180 V WindowManager: Layouts looping: after finishPostLayoutPolicyLw, mPendingLayoutChanges = 0x0
01-06 06:34:35.895  2149  2180 V WindowManager: Layouts looping: mLayoutNeeded, mPendingLayoutChanges = 0x1
01-06 06:34:35.895  2149  2180 V WindowManager: Layouts looping: On entry to LockedInner, mPendingLayoutChanges = 0x1
01-06 06:34:35.895  2149  2180 V WindowManager: Layouts looping: loop number 5, mPendingLayoutChanges = 0x0
01-06 06:34:35.895  2149  2180 V WindowManager: Layouts looping: after finishPostLayoutPolicyLw, mPendingLayoutChanges = 0x0
01-06 06:34:35.895  2149  2180 V WindowManager: Layouts looping: mLayoutNeeded, mPendingLayoutChanges = 0x1
01-06 06:34:35.896  2149  2180 E WindowManager: Performed 6 layouts in a row. Skipping
01-06 06:34:35.896  2149  2180 I ActivityManager: Displayed com.kiloo.subwaysurf/.RRAndroidPluginActivity: +175ms (total +676ms)
01-06 06:34:35.896 20155 20155 D houdini : [20155] Added shared library /data/data/com.kiloo.subwaysurf/cache/libunicom.so for ClassLoader by Native Bridge.
01-06 06:34:35.901 20155 20155 I hashcode: hashcode = 7296
01-06 06:34:35.937  2149  2377 W ActivityManager: getTasks: caller 10115 does not hold REAL_GET_TASKS; limiting output
01-06 06:34:35.962  2149  2180 I WindowManager: Screen frozen for +241ms due to Window{3d573ce5 u0 NavigationBar}
01-06 06:34:36.064 20155 20230 D statsdk : MoUtil.readBinary
01-06 06:34:36.064 20155 20230 D statsdk : java.io.FileNotFoundException: /data/data/com.kiloo.subwaysurf/files/8BrG2pHOGTwTQlwcluXLSjkDgame__local_stat_cache.json: open failed: ENOENT (No such file or directory)
01-06 06:34:36.064 20155 20230 D statsdk : 	at libcore.io.IoBridge.open(IoBridge.java:456)
01-06 06:34:36.064 20155 20230 D statsdk : 	at java.io.FileInputStream.<init>(FileInputStream.java:76)
01-06 06:34:36.064 20155 20230 D statsdk : 	at android.app.ContextImpl.openFileInput(ContextImpl.java:961)
01-06 06:34:36.064 20155 20230 D statsdk : 	at android.content.ContextWrapper.openFileInput(ContextWrapper.java:176)
01-06 06:34:36.064 20155 20230 D statsdk : 	at com.baidu.mtjstatsdk.b.c.b(Unknown Source)
01-06 06:34:36.064 20155 20230 D statsdk : 	at com.baidu.mtjstatsdk.b.c.a(Unknown Source)
01-06 06:34:36.064 20155 20230 D statsdk : 	at com.baidu.mtjstatsdk.b.c.a(Unknown Source)
01-06 06:34:36.064 20155 20230 D statsdk : 	at com.baidu.mtjstatsdk.game.BDGameDataCore.readLogFromFileJSONArray(Unknown Source)
01-06 06:34:36.064 20155 20230 D statsdk : 	at com.baidu.mtjstatsdk.game.BDGameDataCore.getCacheJSONArray(Unknown Source)
01-06 06:34:36.064 20155 20230 D statsdk : 	at com.baidu.mtjstatsdk.game.BDGameDataCore.getCacheLog(Unknown Source)
01-06 06:34:36.064 20155 20230 D statsdk : 	at com.baidu.mtjstatsdk.DataCore.sendLogData(Unknown Source)
01-06 06:34:36.064 20155 20230 D statsdk : 	at com.baidu.mtjstatsdk.i.a(Unknown Source)
01-06 06:34:36.064 20155 20230 D statsdk : 	at com.baidu.mtjstatsdk.k.run(Unknown Source)
01-06 06:34:36.064 20155 20230 D statsdk : 	at android.os.Handler.handleCallback(Handler.java:739)
01-06 06:34:36.064 20155 20230 D statsdk : 	at android.os.Handler.dispatchMessage(Handler.java:95)
01-06 06:34:36.064 20155 20230 D statsdk : 	at android.os.Looper.loop(Looper.java:135)
01-06 06:34:36.064 20155 20230 D statsdk : 	at android.os.HandlerThread.run(HandlerThread.java:61)
01-06 06:34:36.064 20155 20230 D statsdk : Caused by: android.system.ErrnoException: open failed: ENOENT (No such file or directory)
01-06 06:34:36.064 20155 20230 D statsdk : 	at libcore.io.Posix.open(Native Method)
01-06 06:34:36.064 20155 20230 D statsdk : 	at libcore.io.BlockGuardOs.open(BlockGuardOs.java:186)
01-06 06:34:36.064 20155 20230 D statsdk : 	at libcore.io.IoBridge.open(IoBridge.java:442)
01-06 06:34:36.064 20155 20230 D statsdk : 	... 16 more
01-06 06:34:36.858 20245 20245 W linker  : [vdso]: unused DT entry: type 0x6ffffef5 arg 0x160
01-06 06:34:36.987  2149  9351 W ActivityManager: getTasks: caller 10115 does not hold REAL_GET_TASKS; limiting output
01-06 06:34:37.341 20155 20155 I BDGame  : The telephone number cannot be found.
01-06 06:34:37.342  2327  2347 E PhoneInterfaceManager: [PhoneIntfMgr] checkCarrierPrivilegesForPackage: No UICC
01-06 06:34:37.342  2327  2347 E DatabaseUtils: Writing exception to parcel
01-06 06:34:37.342  2327  2347 E DatabaseUtils: java.lang.SecurityException: No permission to write APN settings
01-06 06:34:37.342  2327  2347 E DatabaseUtils: 	at com.android.providers.telephony.TelephonyProvider.checkPermission(TelephonyProvider.java:1180)
01-06 06:34:37.342  2327  2347 E DatabaseUtils: 	at com.android.providers.telephony.TelephonyProvider.query(TelephonyProvider.java:764)
01-06 06:34:37.342  2327  2347 E DatabaseUtils: 	at android.content.ContentProvider.query(ContentProvider.java:966)
01-06 06:34:37.342  2327  2347 E DatabaseUtils: 	at android.content.ContentProvider$Transport.query(ContentProvider.java:211)
01-06 06:34:37.342  2327  2347 E DatabaseUtils: 	at android.content.ContentProviderNative.onTransact(ContentProviderNative.java:112)
01-06 06:34:37.342  2327  2347 E DatabaseUtils: 	at android.os.Binder.execTransact(Binder.java:446)
01-06 06:34:37.343 20155 20155 I BDGame  : queryMobilePayChannel operator = 
01-06 06:34:37.373  2327  2872 E PhoneInterfaceManager: [PhoneIntfMgr] checkCarrierPrivilegesForPackage: No UICC
01-06 06:34:37.373  2327  2872 E DatabaseUtils: Writing exception to parcel
01-06 06:34:37.373  2327  2872 E DatabaseUtils: java.lang.SecurityException: No permission to write APN settings
01-06 06:34:37.373  2327  2872 E DatabaseUtils: 	at com.android.providers.telephony.TelephonyProvider.checkPermission(TelephonyProvider.java:1180)
01-06 06:34:37.373  2327  2872 E DatabaseUtils: 	at com.android.providers.telephony.TelephonyProvider.query(TelephonyProvider.java:764)
01-06 06:34:37.373  2327  2872 E DatabaseUtils: 	at android.content.ContentProvider.query(ContentProvider.java:966)
01-06 06:34:37.373  2327  2872 E DatabaseUtils: 	at android.content.ContentProvider$Transport.query(ContentProvider.java:211)
01-06 06:34:37.373  2327  2872 E DatabaseUtils: 	at android.content.ContentProviderNative.onTransact(ContentProviderNative.java:112)
01-06 06:34:37.373  2327  2872 E DatabaseUtils: 	at android.os.Binder.execTransact(Binder.java:446)
01-06 06:34:37.376 20155 20155 D houdini : [20155] Added shared library /data/app/com.kiloo.subwaysurf-1/lib/arm/libbdpush_V2_3.so for ClassLoader by Native Bridge.
01-06 06:34:37.408  2149  2174 D gps_serial: set_position_mode: mode=0 recurrence=0 min_interval=1000 preferred_accuracy=0 preferred_time=0
01-06 06:34:37.408  2149  2174 D gps_serial: serial_gps_start: called
01-06 06:34:37.408  2149  2174 D gps_serial: gps_state_start: could not send CMD_START command: ret=-1: Bad file number
01-06 06:34:37.428 20098 20098 E bind_error: RegistrationService   submitApiProcessor  
01-06 06:34:37.430  2327  2860 E PhoneInterfaceManager: [PhoneIntfMgr] checkCarrierPrivilegesForPackage: No UICC
01-06 06:34:37.431  2327  2860 E DatabaseUtils: Writing exception to parcel
01-06 06:34:37.431  2327  2860 E DatabaseUtils: java.lang.SecurityException: No permission to write APN settings
01-06 06:34:37.431  2327  2860 E DatabaseUtils: 	at com.android.providers.telephony.TelephonyProvider.checkPermission(TelephonyProvider.java:1180)
01-06 06:34:37.431  2327  2860 E DatabaseUtils: 	at com.android.providers.telephony.TelephonyProvider.query(TelephonyProvider.java:764)
01-06 06:34:37.431  2327  2860 E DatabaseUtils: 	at android.content.ContentProvider.query(ContentProvider.java:966)
01-06 06:34:37.431  2327  2860 E DatabaseUtils: 	at android.content.ContentProvider$Transport.query(ContentProvider.java:211)
01-06 06:34:37.431  2327  2860 E DatabaseUtils: 	at android.content.ContentProviderNative.onTransact(ContentProviderNative.java:112)
01-06 06:34:37.431  2327  2860 E DatabaseUtils: 	at android.os.Binder.execTransact(Binder.java:446)
01-06 06:34:37.466  2149 17057 D KbdSensor: poll_activate: dev=0x7f3152c66680 handle=0 enabled=0
01-06 06:34:37.472 20155 20221 D Unity   : GL_EXT_blend_minmax GL_EXT_multi_draw_arrays GL_EXT_texture_filter_anisotropic GL_EXT_texture_compression_dxt1 GL_EXT_texture_format_BGRA8888 GL_OES_compressed_ETC1_RGB8_texture GL_OES_depth24 GL_OES_element_index_uint GL_OES_fbo_render_mipmap GL_OES_mapbuffer GL_OES_rgb8_rgba8 GL_OES_standard_derivatives GL_OES_stencil8 GL_OES_texture_3D GL_OES_texture_float GL_OES_texture_float_linear GL_OES_texture_half_float GL_OES_texture_half_float_linear GL_OES_texture_npot GL_OES_EGL_image GL_OES_depth_texture GL_OES_packed_depth_stencil GL_EXT_texture_type_2_10_10_10_REV GL_OES_get_program_binary GL_APPLE_texture_max_level GL_EXT_discard_framebuffer GL_EXT_read_format_bgra GL_NV_fbo_color_attachments GL_OES_EGL_image_external GL_OES_EGL_sync GL_OES_vertex_array_object GL_ANGLE_texture_compression_dxt3 GL_ANGLE_texture_compression_dxt5 GL_EXT_texture_rg GL_EXT_unpack_subimage GL_NV_draw_buffers GL_NV_read_buffer GL_NV_read_depth GL_NV_read_depth_stencil GL_NV_read_stencil GL_EXT_draw_buffers GL_EXT_map_buffer_range G
01-06 06:34:37.472 20155 20221 D Unity   : L_OES_depth_texture_cube_map GL_OES_surfaceless_context GL_EXT_color_buffer_float GL_EXT_separate_shader_objects GL_EXT_shader_integer_mix GL_KHR_context_flush_control 
01-06 06:34:37.496 20155 20221 W libc    : pthread_create sched_setscheduler call failed: Operation not permitted
01-06 06:34:37.535 20155 20221 E Unity   : Unable to find type [UnityEngine.dll]UnityEngine.ResourceRequest
01-06 06:34:37.535 20155 20221 E Unity   :  
01-06 06:34:37.535 20155 20221 E Unity   : (Filename:  Line: 34)
01-06 06:34:37.535 20155 20221 E Unity   : 
01-06 06:34:37.536 20155 20221 E Unity   : Unable to find type [UnityEngine.dll]UnityEngine.AnimationInfo
01-06 06:34:37.536 20155 20221 E Unity   :  
01-06 06:34:37.536 20155 20221 E Unity   : (Filename:  Line: 34)
01-06 06:34:37.536 20155 20221 E Unity   : 
01-06 06:34:37.565  2327  2872 E PhoneInterfaceManager: [PhoneIntfMgr] checkCarrierPrivilegesForPackage: No UICC
01-06 06:34:37.565  2327  2872 E DatabaseUtils: Writing exception to parcel
01-06 06:34:37.565  2327  2872 E DatabaseUtils: java.lang.SecurityException: No permission to write APN settings
01-06 06:34:37.565  2327  2872 E DatabaseUtils: 	at com.android.providers.telephony.TelephonyProvider.checkPermission(TelephonyProvider.java:1180)
01-06 06:34:37.565  2327  2872 E DatabaseUtils: 	at com.android.providers.telephony.TelephonyProvider.query(TelephonyProvider.java:764)
01-06 06:34:37.565  2327  2872 E DatabaseUtils: 	at android.content.ContentProvider.query(ContentProvider.java:966)
01-06 06:34:37.565  2327  2872 E DatabaseUtils: 	at android.content.ContentProvider$Transport.query(ContentProvider.java:211)
01-06 06:34:37.565  2327  2872 E DatabaseUtils: 	at android.content.ContentProviderNative.onTransact(ContentProviderNative.java:112)
01-06 06:34:37.565  2327  2872 E DatabaseUtils: 	at android.os.Binder.execTransact(Binder.java:446)
01-06 06:34:37.644  2149  8057 D KbdSensor: poll_activate: dev=0x7f3152c66680 handle=0 enabled=1
01-06 06:34:37.644  2149  8057 D KbdSensor: poll_setDelay: dev=0x7f3152c66680 delay-ns=1000000
01-06 06:34:37.644  2149 17057 D KbdSensor: poll_setDelay: dev=0x7f3152c66680 delay-ns=20000000
01-06 06:34:37.713  2327  2860 E PhoneInterfaceManager: [PhoneIntfMgr] checkCarrierPrivilegesForPackage: No UICC
01-06 06:34:37.713  2327  2860 E DatabaseUtils: Writing exception to parcel
01-06 06:34:37.713  2327  2860 E DatabaseUtils: java.lang.SecurityException: No permission to write APN settings
01-06 06:34:37.713  2327  2860 E DatabaseUtils: 	at com.android.providers.telephony.TelephonyProvider.checkPermission(TelephonyProvider.java:1180)
01-06 06:34:37.713  2327  2860 E DatabaseUtils: 	at com.android.providers.telephony.TelephonyProvider.query(TelephonyProvider.java:764)
01-06 06:34:37.713  2327  2860 E DatabaseUtils: 	at android.content.ContentProvider.query(ContentProvider.java:966)
01-06 06:34:37.713  2327  2860 E DatabaseUtils: 	at android.content.ContentProvider$Transport.query(ContentProvider.java:211)
01-06 06:34:37.713  2327  2860 E DatabaseUtils: 	at android.content.ContentProviderNative.onTransact(ContentProviderNative.java:112)
01-06 06:34:37.713  2327  2860 E DatabaseUtils: 	at android.os.Binder.execTransact(Binder.java:446)
01-06 06:34:38.005  2149  2180 I art     : Explicit concurrent mark sweep GC freed 7194(401KB) AllocSpace objects, 7(6MB) LOS objects, 33% free, 13MB/19MB, paused 315us total 10.073ms
01-06 06:34:38.020  2149  8057 W ActivityManager: getTasks: caller 10115 does not hold REAL_GET_TASKS; limiting output
01-06 06:34:38.089 20155 20221 I Unity   : HouseKeeper - start
01-06 06:34:38.089 20155 20221 I Unity   :  
01-06 06:34:38.089 20155 20221 I Unity   : (Filename: ./artifacts/AndroidManagedGenerated/UnityEngineDebug.cpp Line: 56)
01-06 06:34:38.089 20155 20221 I Unity   : 
01-06 06:34:38.161 20155 20221 W Unity   : Strings not loaded. Loading default language. Tried to get string: INFO_TRICKY_HAT
01-06 06:34:38.161 20155 20221 W Unity   :  
01-06 06:34:38.161 20155 20221 W Unity   : (Filename: ./artifacts/AndroidManagedGenerated/UnityEngineDebug.cpp Line: 56)
01-06 06:34:38.161 20155 20221 W Unity   : 
01-06 06:34:39.054  2149  9351 W ActivityManager: getTasks: caller 10115 does not hold REAL_GET_TASKS; limiting output
01-06 06:34:39.173 20155 20221 W Unity   : [DeviceUtility] DeviceUtility should be initialized before use, doing it lazily.
01-06 06:34:39.173 20155 20221 W Unity   :  
01-06 06:34:39.173 20155 20221 W Unity   : (Filename: ./artifacts/AndroidManagedGenerated/UnityEngineDebug.cpp Line: 56)
01-06 06:34:39.173 20155 20221 W Unity   : 
01-06 06:34:39.229 20155 20221 E Unity   : GetTrimmedGPUName:mesadriintelrskylakedtgt2
01-06 06:34:39.229 20155 20221 E Unity   :  
01-06 06:34:39.229 20155 20221 E Unity   : (Filename: ./artifacts/AndroidManagedGenerated/UnityEngineDebug.cpp Line: 56)
01-06 06:34:39.229 20155 20221 E Unity   : 
01-06 06:34:39.406 20155 20221 I Unity   : HouseKeeper - End
01-06 06:34:39.406 20155 20221 I Unity   :  
01-06 06:34:39.406 20155 20221 I Unity   : (Filename: ./artifacts/AndroidManagedGenerated/UnityEngineDebug.cpp Line: 56)
01-06 06:34:39.406 20155 20221 I Unity   : 
01-06 06:34:39.411 20155 20221 I Unity   : SkyNet.Init: Init
01-06 06:34:39.411 20155 20221 I Unity   :  
01-06 06:34:39.411 20155 20221 I Unity   : (Filename: ./artifacts/AndroidManagedGenerated/UnityEngineDebug.cpp Line: 56)
01-06 06:34:39.411 20155 20221 I Unity   : 
01-06 06:34:39.416 20155 20221 I Unity   : getFeedbackConfig 1.4.1:
01-06 06:34:39.416 20155 20221 I Unity   :  
01-06 06:34:39.416 20155 20221 I Unity   : (Filename: ./artifacts/AndroidManagedGenerated/UnityEngineDebug.cpp Line: 56)
01-06 06:34:39.416 20155 20221 I Unity   : 
01-06 06:34:39.416 20155 20221 I Unity   : getFeedbackConfig 1.4.2 : 
01-06 06:34:39.416 20155 20221 I Unity   :  
01-06 06:34:39.416 20155 20221 I Unity   : (Filename: ./artifacts/AndroidManagedGenerated/UnityEngineDebug.cpp Line: 56)
01-06 06:34:39.416 20155 20221 I Unity   : 
01-06 06:34:39.416 20155 20221 I Unity   : getFeedbackConfig 1.4.3 : 
01-06 06:34:39.416 20155 20221 I Unity   :  
01-06 06:34:39.416 20155 20221 I Unity   : (Filename: ./artifacts/AndroidManagedGenerated/UnityEngineDebug.cpp Line: 56)
01-06 06:34:39.416 20155 20221 I Unity   : 
01-06 06:34:39.418 20155 20221 E Unity   : hasCheatedSoftware
01-06 06:34:39.419 20155 20288 W System.err: android.content.pm.PackageManager$NameNotFoundException: com.skynet.config
01-06 06:34:39.419 20155 20288 W System.err: 	at android.app.ApplicationPackageManager.getPackageInfo(ApplicationPackageManager.java:114)
01-06 06:34:39.419 20155 20288 W System.err: 	at com.s1.lib.d.b.c(SourceFile:857)
01-06 06:34:39.419 20155 20288 W System.err: 	at com.s1.lib.config.a.c(SourceFile:709)
01-06 06:34:39.419 20155 20288 W System.err: 	at com.skynet.android.Skynet$1.run(SourceFile:193)
01-06 06:34:39.419 20155 20288 W System.err: 	at android.os.Handler.handleCallback(Handler.java:739)
01-06 06:34:39.419 20155 20288 W System.err: 	at android.os.Handler.dispatchMessage(Handler.java:95)
01-06 06:34:39.419 20155 20288 W System.err: 	at android.os.Looper.loop(Looper.java:135)
01-06 06:34:39.419 20155 20288 W System.err: 	at android.os.HandlerThread.run(HandlerThread.java:61)
01-06 06:34:39.420 20155 20288 I Skynet  : found another way to go to happiness or hell
01-06 06:34:39.420 20155 20288 I Skynet  : pf=1
01-06 06:34:39.420 20155 20288 I Skynet  : gt=2
01-06 06:34:39.427 20155 20288 I DES     : plugins.xml: <?xml version="1.0.0" encoding="utf-8"?>
01-06 06:34:39.427 20155 20288 I DES     : <plugins>
01-06 06:34:39.427 20155 20288 I DES     : 
01-06 06:34:39.427 20155 20288 I DES     :     <plugin
01-06 06:34:39.427 20155 20288 I DES     :         name="skynet_base"
01-06 06:34:39.427 20155 20288 I DES     :         class="com.skynet.android.impl.SkynetPlugin"
01-06 06:34:39.427 20155 20288 I DES     :         description=""
01-06 06:34:39.427 20155 20288 I DES     :         required="true"
01-06 06:34:39.427 20155 20288 I DES     :         version="1.0.0" />
01-06 06:34:39.427 20155 20288 I DES     : 
01-06 06:34:39.427 20155 20288 I DES     :     <plugin
01-06 06:34:39.427 20155 20288 I DES     :         name="user"
01-06 06:34:39.427 20155 20288 I DES     :         class="com.skynet.android.user.frame.UserPlugin"
01-06 06:34:39.427 20155 20288 I DES     :         description=""
01-06 06:34:39.427 20155 20288 I DES     :         required="true"
01-06 06:34:39.427 20155 20288 I DES     :         version="1.0.0" />
01-06 06:34:39.427 20155 20288 I DES     : 
01-06 06:34:39.427 20155 20288 I DES     :     <plugin
01-06 06:34:39.427 20155 20288 I DES     :         name="norm"
01-06 06:34:39.427 20155 20288 I DES     :         class="com.skynet.android.game.GamePlugin"
01-06 06:34:39.427 20155 20288 I DES     :         description=""
01-06 06:34:39.427 20155 20288 I DES     :         version="1.0.0" />
01-06 06:34:39.427 20155 20288 I DES     : 
01-06 06:34:39.427 20155 20288 I DES     :     <plugin
01-06 06:34:39.427 20155 20288 I DES     :         name="user_qihoo_sns"
01-06 06:34:39.427 20155 20288 I DES     :         class="com.skynet.android.qihoo.QihooPlugin"
01-06 06:34:39.427 20155 20288 I DES     :         description="360_SNS_SDK"
01-06 06:34:39.427 20155 20288 I DES     :         interfaces="OnAppInitListener"
01-06 06:34:39.427 20155 20288 I DES     :         version="1.0.0" />
01-06 06:34:39.427 20155 20288 I DES     : 
01-06 06:34:39.427 20155 20288 I DES     :     <plugin
01-06 06:34:39.427 20155 20288 I DES     :         name="sns"
01-06 06:34:39.427 20155 20288 I DES     :         class="com.skynet.android.sns.SnsPlugin"
01-06 06:34:39.427 20155 20288 I DES     :         description=""
01-06 06:34:39.427 20155 20288 I DES     :         version="1.0.0" />
01-06 06:34:39.427 20155 20288 I DES     : 
01-06 06:34:39.427 20155 20288 I DES     :     <plugin
01-06 06:34:39.427 20155 20288 I DES     :         name="user_ledou"
01-06 06:34:39.427 20155 20288 I DES     :         class="com.skynet.android.user.ledou.LedouPlugin"
01-06 06:34:39.427 20155 20288 I DES     :         description=""
01-06 06:34:39.427 20155 20288 I DES     :         version="1.0.0" />
01-06 06:34:39.427 20155 20288 I DES     : 
01-06 06:34:39.427 20155 20288 I DES     :     <plugin
01-06 06:34:39.427 20155 20288 I DES     :         name="user_qq"
01-06 06:34:39.427 20155 20288 I DES     :         class="com.skynet.android.user.qq.QQPlugin"
01-06 06:34:39.427 20155 20288 I DES     :         description="QQ"
01-06 06:34:39.427 20155 20288 I DES     :         version="1.0.0" />
01-06 06:34:39.427 20155 20288 I DES     : 
01-06 06:34:39.427 20155 20288 I DES     :     <plugin
01-06 06:34:39.427 20155 20288 I DES     :         name="user_sina"
01-06 06:34:39.427 20155 20288 I DES     :         class="com.skynet.android.user.sina.SinaPlugin"
01-06 06:34:39.427 20155 20288 I DES     :         description=""
01-06 06:34:39.427 20155 20288 I DES     :         version="1.0.0" /> 
01-06 06:34:39.427 20155 20288 I DES     : 
01-06 06:34:39.427 20155 20288 I DES     :     <plugin
01-06 06:34:39.427 20155 20288 I DES     :         name="notice"
01-06 06:34:39.427 20155 20288 I DES     :         class="com.skynet.android.notice.NoticePlugin"
