01-12 03:05:57.228  5299  5299 W System.err: 		at java.lang.Class.classForName(Native Method)
01-12 03:05:57.228  5299  5299 W System.err: 		at java.lang.BootClassLoader.findClass(ClassLoader.java:781)
01-12 03:05:57.228  5299  5299 W System.err: 		at java.lang.BootClassLoader.loadClass(ClassLoader.java:841)
01-12 03:05:57.228  5299  5299 W System.err: 		at java.lang.ClassLoader.loadClass(ClassLoader.java:504)
01-12 03:05:57.228  5299  5299 W System.err: 		... 27 more
01-12 03:05:57.228  5299  5299 W System.err: 	Caused by: java.lang.NoClassDefFoundError: Class not found using the boot class loader; no stack available
01-12 03:05:57.228  5299  5299 W System.err: java.lang.ClassNotFoundException: com.secneo.wrapper.DexHelper
01-12 03:05:57.228  5299  5299 W System.err: 	at java.lang.Class.classForName(Native Method)
01-12 03:05:57.228  5299  5299 W System.err: 	at java.lang.Class.forName(Class.java:309)
01-12 03:05:57.228  5299  5299 W System.err: 	at java.lang.Class.forName(Class.java:273)
01-12 03:05:57.228  5299  5299 W System.err: 	at com.idsky.android.mm.SmsMmPlugin.onApplicationCreate(SourceFile:109)
01-12 03:05:57.228  5299  5299 W System.err: 	at java.lang.reflect.Method.invoke(Native Method)
01-12 03:05:57.228  5299  5299 W System.err: 	at java.lang.reflect.Method.invoke(Method.java:372)
01-12 03:05:57.228  5299  5299 W System.err: 	at com.idsky.android.frame.PaymentPlugin.onApplicationCreate(SourceFile:152)
01-12 03:05:57.228  5299  5299 W System.err: 	at java.lang.reflect.Method.invoke(Native Method)
01-12 03:05:57.228  5299  5299 W System.err: 	at java.lang.reflect.Method.invoke(Method.java:372)
01-12 03:05:57.228  5299  5299 W System.err: 	at com.idsky.android.Idsky.onApplicationCreate(SourceFile:1411)
01-12 03:05:57.228  5299  5299 W System.err: 	at java.lang.reflect.Method.invoke(Native Method)
01-12 03:05:57.228  5299  5299 W System.err: 	at java.lang.reflect.Method.invoke(Method.java:372)
01-12 03:05:57.228  5299  5299 W System.err: 	at com.skynet.android.Skynet.invoke(SourceFile:4068)
01-12 03:05:57.228  5299  5299 W System.err: 	at com.skynet.android.Skynet.onApplicationCreate(SourceFile:3547)
01-12 03:05:57.228  5299  5299 W System.err: 	at com.halfbrick.mortar.MortarApplication.onCreate(MortarApplication.java:29)
01-12 03:05:57.228  5299  5299 W System.err: 	at android.app.Instrumentation.callApplicationOnCreate(Instrumentation.java:1012)
01-12 03:05:57.228  5299  5299 W System.err: 	at android.app.ActivityThread.handleBindApplication(ActivityThread.java:4553)
01-12 03:05:57.228  5299  5299 W System.err: 	at android.app.ActivityThread.access$1500(ActivityThread.java:151)
01-12 03:05:57.228  5299  5299 W System.err: 	at android.app.ActivityThread$H.handleMessage(ActivityThread.java:1364)
01-12 03:05:57.228  5299  5299 W System.err: 	at android.os.Handler.dispatchMessage(Handler.java:102)
01-12 03:05:57.228  5299  5299 W System.err: 	at android.os.Looper.loop(Looper.java:135)
01-12 03:05:57.228  5299  5299 W System.err: 	at android.app.ActivityThread.main(ActivityThread.java:5254)
01-12 03:05:57.228  5299  5299 W System.err: 	at java.lang.reflect.Method.invoke(Native Method)
01-12 03:05:57.228  5299  5299 W System.err: 	at java.lang.reflect.Method.invoke(Method.java:372)
01-12 03:05:57.228  5299  5299 W System.err: 	at com.android.internal.os.ZygoteInit$MethodAndArgsCaller.run(ZygoteInit.java:903)
01-12 03:05:57.228  5299  5299 W System.err: 	at com.android.internal.os.ZygoteInit.main(ZygoteInit.java:698)
01-12 03:05:57.228  5299  5299 W System.err: Caused by: java.lang.ClassNotFoundException: Didn't find class "com.secneo.wrapper.DexHelper" on path: DexPathList[[zip file "/data/app/com.halfbrick.fruitninja-1/base.apk"],nativeLibraryDirectories=[/data/app/com.halfbrick.fruitninja-1/lib/x86, /vendor/lib, /system/lib]]
01-12 03:05:57.228  5299  5299 W System.err: 	at dalvik.system.BaseDexClassLoader.findClass(BaseDexClassLoader.java:56)
01-12 03:05:57.228  5299  5299 W System.err: 	at java.lang.ClassLoader.loadClass(ClassLoader.java:511)
01-12 03:05:57.228  5299  5299 W System.err: 	at java.lang.ClassLoader.loadClass(ClassLoader.java:469)
01-12 03:05:57.228  5299  5299 W System.err: 	... 26 more
01-12 03:05:57.228  5299  5299 W System.err: 	Suppressed: java.lang.ClassNotFoundException: com.secneo.wrapper.DexHelper
01-12 03:05:57.228  5299  5299 W System.err: 		at java.lang.Class.classForName(Native Method)
01-12 03:05:57.228  5299  5299 W System.err: 		at java.lang.BootClassLoader.findClass(ClassLoader.java:781)
01-12 03:05:57.228  5299  5299 W System.err: 		at java.lang.BootClassLoader.loadClass(ClassLoader.java:841)
01-12 03:05:57.228  5299  5299 W System.err: 		at java.lang.ClassLoader.loadClass(ClassLoader.java:504)
01-12 03:05:57.228  5299  5299 W System.err: 		... 27 more
01-12 03:05:57.228  5299  5299 W System.err: 	Caused by: java.lang.NoClassDefFoundError: Class not found using the boot class loader; no stack available
01-12 03:05:57.228  5299  5299 I SmsMmPlugin: MM Helper install 
01-12 03:05:57.228  5299  5299 E sdk     : DexInstall begin
01-12 03:05:57.229  5299  5299 E sdk     : DexInstall 11111
01-12 03:05:57.229  5299  5299 E sdk     : installSecondarDexs
01-12 03:05:57.229  5299  5299 E sdk     : v19 install
01-12 03:05:57.229  5299  5299 W System  : ClassLoader referenced unknown path: /data/data/com.halfbrick.fruitninja/.cache/classes.jar
01-12 03:05:57.229  5299  5299 E sdk     : DexInstall 22222
01-12 03:05:57.229  5299  5299 I SmsMmPlugin: MM Helper install end  
01-12 03:05:57.229  2167  4278 W ActivityManager: getRunningAppProcesses: caller 10063 does not hold REAL_GET_TASKS; limiting output
01-12 03:05:57.231  5333  5333 E BaiduAppSSOJni: Native library not found! Please copy libbdpush_V2_4.so into your project!
01-12 03:05:57.231  5333  5333 E art     : No implementation found for byte[] com.baidu.android.pushservice.jni.BaiduAppSSOJni.getKey(java.lang.String) (tried Java_com_baidu_android_pushservice_jni_BaiduAppSSOJni_getKey and Java_com_baidu_android_pushservice_jni_BaiduAppSSOJni_getKey__Ljava_lang_String_2)
01-12 03:05:57.231  5333  5333 E BaiduAppSSOJni: error = No implementation found for byte[] com.baidu.android.pushservice.jni.BaiduAppSSOJni.getKey(java.lang.String) (tried Java_com_baidu_android_pushservice_jni_BaiduAppSSOJni_getKey and Java_com_baidu_android_pushservice_jni_BaiduAppSSOJni_getKey__Ljava_lang_String_2)
01-12 03:05:57.234  5333  5333 E socket  : Native library not found! Please copy libbdpush_V2_4.so into your project!
01-12 03:05:57.238  5333  5333 E art     : No implementation found for byte[] com.baidu.android.pushservice.jni.BaiduAppSSOJni.getKey(java.lang.String) (tried Java_com_baidu_android_pushservice_jni_BaiduAppSSOJni_getKey and Java_com_baidu_android_pushservice_jni_BaiduAppSSOJni_getKey__Ljava_lang_String_2)
01-12 03:05:57.238  5333  5333 E BaiduAppSSOJni: error = No implementation found for byte[] com.baidu.android.pushservice.jni.BaiduAppSSOJni.getKey(java.lang.String) (tried Java_com_baidu_android_pushservice_jni_BaiduAppSSOJni_getKey and Java_com_baidu_android_pushservice_jni_BaiduAppSSOJni_getKey__Ljava_lang_String_2)
01-12 03:05:57.238  5381  5381 W linker  : [vdso]: unused DT entry: type 0x6ffffef5 arg 0xec
01-12 03:05:57.238  5381  5381 E cutils-trace: Error opening trace file: Permission denied (13)
01-12 03:05:57.238  5381  5381 I dex2oat : /system/bin/dex2oat --runtime-arg -classpath --runtime-arg  --instruction-set=x86 --instruction-set-features=default --runtime-arg -Xrelocate --boot-image=/system/framework/boot.art --dex-file=/data/data/com.halfbrick.fruitninja/.ucache/classez.jar --oat-fd=14 --oat-location=/data/data/com.halfbrick.fruitninja/.ucache/classez.dex --runtime-arg -Xms64m --runtime-arg -Xmx512m
01-12 03:05:57.239  5333  5333 E art     : No implementation found for byte[] com.baidu.android.pushservice.jni.BaiduAppSSOJni.getKey(java.lang.String) (tried Java_com_baidu_android_pushservice_jni_BaiduAppSSOJni_getKey and Java_com_baidu_android_pushservice_jni_BaiduAppSSOJni_getKey__Ljava_lang_String_2)
01-12 03:05:57.239  5333  5333 E BaiduAppSSOJni: error = No implementation found for byte[] com.baidu.android.pushservice.jni.BaiduAppSSOJni.getKey(java.lang.String) (tried Java_com_baidu_android_pushservice_jni_BaiduAppSSOJni_getKey and Java_com_baidu_android_pushservice_jni_BaiduAppSSOJni_getKey__Ljava_lang_String_2)
01-12 03:05:57.241  5333  5333 E art     : No implementation found for byte[] com.baidu.android.pushservice.jni.BaiduAppSSOJni.getKey(java.lang.String) (tried Java_com_baidu_android_pushservice_jni_BaiduAppSSOJni_getKey and Java_com_baidu_android_pushservice_jni_BaiduAppSSOJni_getKey__Ljava_lang_String_2)
01-12 03:05:57.241  5333  5333 E BaiduAppSSOJni: error = No implementation found for byte[] com.baidu.android.pushservice.jni.BaiduAppSSOJni.getKey(java.lang.String) (tried Java_com_baidu_android_pushservice_jni_BaiduAppSSOJni_getKey and Java_com_baidu_android_pushservice_jni_BaiduAppSSOJni_getKey__Ljava_lang_String_2)
01-12 03:05:57.242  5333  5333 I Process : Sending signal. PID: 5333 SIG: 9
01-12 03:05:57.247  2167  4268 I ActivityManager: Process com.baidu.netdisk:bdservice_v1 (pid 5333) has died
01-12 03:05:57.265  5299  5299 I idsyconfig: found another way to go to happiness or hell
01-12 03:05:57.266  5299  5299 I RSA     : idskyver.txt={"sdk_version":"pay-3.2.1.27"}
01-12 03:05:57.267  5299  5299 I DES     : idsky_config={"game_type":"2","is_carrier_version":"false","default_p_list":"0107","pay":"","count_url":"http://sdklog.uu.cc/","weixin_app_id":"wxa0b628feaef486cb","game_id":"10234"}
01-12 03:05:57.268  2167  2494 I ActivityManager: START u0 {flg=0x10000000 cmp=com.halfbrick.fruitninja/com.halfbrick.mortar.MortarGameActivity} from uid 10065 on display 0
01-12 03:05:57.307  2167  2207 I InputDispatcher: Dropping event because there is no touchable window at (1167, 927).
01-12 03:05:57.320  2167  2494 V WindowManager: addAppToken: AppWindowToken{1d5dc383 token=Token{389a0a32 ActivityRecord{12bb923d u0 com.halfbrick.fruitninja/com.halfbrick.mortar.MortarGameActivity t75}}} to stack=1 task=75 at 1
01-12 03:05:57.320  2167  2494 V WindowManager: Based on layer: Adding window Window{2078d22a u0 Starting com.halfbrick.fruitninja} at 6 of 12
01-12 03:05:57.323  2167  2207 I InputDispatcher: Dropping event because there is no touchable window at (1167, 928).
01-12 03:05:57.331  2167  2207 I InputDispatcher: Dropping event because there is no touchable window at (1166, 928).
01-12 03:05:57.336  5299  5299 D MTA_Fruitninja: [main(1): MortarGameActivity.java:368] - isDebugMode:false
01-12 03:05:57.339  2167  2207 I InputDispatcher: Dropping event because there is no touchable window at (1166, 929).
01-12 03:05:57.347  2488  2488 W Launcher: setApplicationContext called twice! old=com.android.launcher3.LauncherApplication@22561be new=com.android.launcher3.LauncherApplication@22561be
01-12 03:05:57.355  2167  2207 I InputDispatcher: Dropping event because there is no touchable window at (1166, 930).
01-12 03:05:57.355  2488  2488 W Launcher: setApplicationContext called twice! old=com.android.launcher3.LauncherApplication@22561be new=com.android.launcher3.LauncherApplication@22561be
01-12 03:05:57.363  2167  2207 I InputDispatcher: Dropping event because there is no touchable window at (1165, 930).
01-12 03:05:57.371  2167  2207 I InputDispatcher: Dropping event because there is no touchable window at (1165, 931).
01-12 03:05:57.379  2167  2207 I InputDispatcher: Dropping event because there is no touchable window at (1164, 932).
01-12 03:05:57.403  5277  5277 D AndroidRuntime: Shutting down VM
01-12 03:05:57.403  5277  5277 E AndroidRuntime: FATAL EXCEPTION: main
01-12 03:05:57.403  5277  5277 E AndroidRuntime: Process: com.baidu.netdisk, PID: 5277
01-12 03:05:57.403  5277  5277 E AndroidRuntime: java.lang.UnsatisfiedLinkError: dalvik.system.PathClassLoader[DexPathList[[zip file "/system/framework/android.test.runner.jar", zip file "/data/app/com.baidu.netdisk-1/base.apk"],nativeLibraryDirectories=[/data/app/com.baidu.netdisk-1/lib/x86, /vendor/lib, /system/lib]]] couldn't find "libBaiduMapSDK_v3_2_0_15.so"
01-12 03:05:57.403  5277  5277 E AndroidRuntime: 	at java.lang.Runtime.loadLibrary(Runtime.java:366)
01-12 03:05:57.403  5277  5277 E AndroidRuntime: 	at java.lang.System.loadLibrary(System.java:988)
01-12 03:05:57.403  5277  5277 E AndroidRuntime: 	at com.baidu.mapapi.a.<clinit>(Unknown Source)
01-12 03:05:57.403  5277  5277 E AndroidRuntime: 	at com.baidu.mapapi.SDKInitializer.initialize(Unknown Source)
01-12 03:05:57.403  5277  5277 E AndroidRuntime: 	at com.baidu.mapapi.SDKInitializer.initialize(Unknown Source)
01-12 03:05:57.403  5277  5277 E AndroidRuntime: 	at com.baidu.netdisk.NetDiskApplication.onCreate(SourceFile:234)
01-12 03:05:57.403  5277  5277 E AndroidRuntime: 	at android.app.Instrumentation.callApplicationOnCreate(Instrumentation.java:1012)
01-12 03:05:57.403  5277  5277 E AndroidRuntime: 	at android.app.ActivityThread.handleBindApplication(ActivityThread.java:4553)
01-12 03:05:57.403  5277  5277 E AndroidRuntime: 	at android.app.ActivityThread.access$1500(ActivityThread.java:151)
01-12 03:05:57.403  5277  5277 E AndroidRuntime: 	at android.app.ActivityThread$H.handleMessage(ActivityThread.java:1364)
01-12 03:05:57.403  5277  5277 E AndroidRuntime: 	at android.os.Handler.dispatchMessage(Handler.java:102)
01-12 03:05:57.403  5277  5277 E AndroidRuntime: 	at android.os.Looper.loop(Looper.java:135)
01-12 03:05:57.403  5277  5277 E AndroidRuntime: 	at android.app.ActivityThread.main(ActivityThread.java:5254)
01-12 03:05:57.403  5277  5277 E AndroidRuntime: 	at java.lang.reflect.Method.invoke(Native Method)
01-12 03:05:57.403  5277  5277 E AndroidRuntime: 	at java.lang.reflect.Method.invoke(Method.java:372)
01-12 03:05:57.403  5277  5277 E AndroidRuntime: 	at com.android.internal.os.ZygoteInit$MethodAndArgsCaller.run(ZygoteInit.java:903)
01-12 03:05:57.403  5277  5277 E AndroidRuntime: 	at com.android.internal.os.ZygoteInit.main(ZygoteInit.java:698)
01-12 03:05:57.404  5277  5277 I Process : Sending signal. PID: 5277 SIG: 9
01-12 03:05:57.411  2167  2207 I InputDispatcher: Dropping event because there is no touchable window at (1164, 933).
01-12 03:05:57.418  5299  5299 D OpenUDID: 0 services matches OpenUDID
01-12 03:05:57.418  5299  5299 D OpenUDID: Generating openUDID
01-12 03:05:57.418  5299  5299 D OpenUDID: OpenUDID: d2a84b3141900652
01-12 03:05:57.435  2167  2207 I InputDispatcher: Dropping event because there is no touchable window at (1163, 933).
01-12 03:05:57.436  2167  4268 W ActivityManager: getTasks: caller 10062 does not hold REAL_GET_TASKS; limiting output
01-12 03:05:57.516  2167  4278 I ActivityManager: Process com.baidu.netdisk (pid 5277) has died
01-12 03:05:57.516  2167  4278 W ActivityManager: Service crashed 2 times, stopping: ServiceRecord{12d1200f u0 com.baidu.netdisk/.service.NetdiskService}
01-12 03:05:57.617  5299  5299 I Version SDK: 22
01-12 03:05:57.617  5299  5299 I Setting : fullscreen
01-12 03:05:57.618  5299  5299 I JNI     : Trying to load libsmsiap.so
01-12 03:05:57.619  5299  5299 E JNI     : WARNING: Could not load libsmsiap.so
01-12 03:05:57.619  5299  5299 E JNI     : Reason: dalvik.system.PathClassLoader[DexPathList[[zip file "/data/app/com.halfbrick.fruitninja-1/base.apk"],nativeLibraryDirectories=[/data/app/com.halfbrick.fruitninja-1/lib/x86, /vendor/lib, /system/lib]]] couldn't find "libsmsiap.so"
01-12 03:05:57.619  5299  5299 I JNI     : Trying to load libsmsprotocol.so
01-12 03:05:57.619  5299  5299 E JNI     : WARNING: Could not load libsmsprotocol.so
01-12 03:05:57.619  5299  5299 E JNI     : Reason: dalvik.system.PathClassLoader[DexPathList[[zip file "/data/app/com.halfbrick.fruitninja-1/base.apk"],nativeLibraryDirectories=[/data/app/com.halfbrick.fruitninja-1/lib/x86, /vendor/lib, /system/lib]]] couldn't find "libsmsprotocol.so"
01-12 03:05:57.619  5299  5299 I JNI     : Trying to load libImmEmulatorJ.so
01-12 03:05:57.619  5299  5299 E JNI     : WARNING: Could not load libImmEmulatorJ.so
01-12 03:05:57.619  5299  5299 E JNI     : Reason: dalvik.system.PathClassLoader[DexPathList[[zip file "/data/app/com.halfbrick.fruitninja-1/base.apk"],nativeLibraryDirectories=[/data/app/com.halfbrick.fruitninja-1/lib/x86, /vendor/lib, /system/lib]]] couldn't find "libImmEmulatorJ.so"
01-12 03:05:57.619  5299  5299 I JNI     : Trying to load libmortargame.so
01-12 03:05:57.619  5299  5299 E JNI     : WARNING: Could not load libmortargame.so
01-12 03:05:57.619  5299  5299 E JNI     : Reason: dalvik.system.PathClassLoader[DexPathList[[zip file "/data/app/com.halfbrick.fruitninja-1/base.apk"],nativeLibraryDirectories=[/data/app/com.halfbrick.fruitninja-1/lib/x86, /vendor/lib, /system/lib]]] couldn't find "libmortargame.so"
01-12 03:05:57.619  5299  5299 V halfbrick.Mortar: Loading native lib, result: true
01-12 03:05:57.620  5299  5299 E art     : No implementation found for int com.halfbrick.mortar.NativeGameLib.native_GLESVersion() (tried Java_com_halfbrick_mortar_NativeGameLib_native_1GLESVersion and Java_com_halfbrick_mortar_NativeGameLib_native_1GLESVersion__)
01-12 03:05:57.620  5299  5299 D AndroidRuntime: Shutting down VM
01-12 03:05:57.621  5299  5299 E AndroidRuntime: FATAL EXCEPTION: main
01-12 03:05:57.621  5299  5299 E AndroidRuntime: Process: com.halfbrick.fruitninja, PID: 5299
01-12 03:05:57.621  5299  5299 E AndroidRuntime: java.lang.UnsatisfiedLinkError: No implementation found for int com.halfbrick.mortar.NativeGameLib.native_GLESVersion() (tried Java_com_halfbrick_mortar_NativeGameLib_native_1GLESVersion and Java_com_halfbrick_mortar_NativeGameLib_native_1GLESVersion__)
01-12 03:05:57.621  5299  5299 E AndroidRuntime: 	at com.halfbrick.mortar.NativeGameLib.native_GLESVersion(Native Method)
01-12 03:05:57.621  5299  5299 E AndroidRuntime: 	at com.halfbrick.mortar.NativeGameLib.GLESVersion(NativeGameLib.java:161)
01-12 03:05:57.621  5299  5299 E AndroidRuntime: 	at com.halfbrick.mortar.MortarGameView.init(MortarGameView.java:213)
01-12 03:05:57.621  5299  5299 E AndroidRuntime: 	at com.halfbrick.mortar.MortarGameView.<init>(MortarGameView.java:95)
01-12 03:05:57.621  5299  5299 E AndroidRuntime: 	at com.halfbrick.mortar.MortarGameView.InternalConstruct(MortarGameView.java:84)
01-12 03:05:57.621  5299  5299 E AndroidRuntime: 	at com.halfbrick.mortar.MortarGameView.Construct(MortarGameView.java:62)
01-12 03:05:57.621  5299  5299 E AndroidRuntime: 	at com.halfbrick.mortar.MortarGameActivity.onCreate(MortarGameActivity.java:533)
01-12 03:05:57.621  5299  5299 E AndroidRuntime: 	at android.app.Activity.performCreate(Activity.java:5990)
01-12 03:05:57.621  5299  5299 E AndroidRuntime: 	at android.app.Instrumentation.callActivityOnCreate(Instrumentation.java:1106)
01-12 03:05:57.621  5299  5299 E AndroidRuntime: 	at android.app.ActivityThread.performLaunchActivity(ActivityThread.java:2278)
01-12 03:05:57.621  5299  5299 E AndroidRuntime: 	at android.app.ActivityThread.handleLaunchActivity(ActivityThread.java:2387)
01-12 03:05:57.621  5299  5299 E AndroidRuntime: 	at android.app.ActivityThread.access$800(ActivityThread.java:151)
01-12 03:05:57.621  5299  5299 E AndroidRuntime: 	at android.app.ActivityThread$H.handleMessage(ActivityThread.java:1303)
01-12 03:05:57.621  5299  5299 E AndroidRuntime: 	at android.os.Handler.dispatchMessage(Handler.java:102)
01-12 03:05:57.621  5299  5299 E AndroidRuntime: 	at android.os.Looper.loop(Looper.java:135)
01-12 03:05:57.621  5299  5299 E AndroidRuntime: 	at android.app.ActivityThread.main(ActivityThread.java:5254)
01-12 03:05:57.621  5299  5299 E AndroidRuntime: 	at java.lang.reflect.Method.invoke(Native Method)
01-12 03:05:57.621  5299  5299 E AndroidRuntime: 	at java.lang.reflect.Method.invoke(Method.java:372)
01-12 03:05:57.621  5299  5299 E AndroidRuntime: 	at com.android.internal.os.ZygoteInit$MethodAndArgsCaller.run(ZygoteInit.java:903)
01-12 03:05:57.621  5299  5299 E AndroidRuntime: 	at com.android.internal.os.ZygoteInit.main(ZygoteInit.java:698)
01-12 03:05:57.621  2167  4268 W ActivityManager:   Force finishing activity 1 com.halfbrick.fruitninja/com.halfbrick.mortar.MortarGameActivity
01-12 03:05:57.834  5381  5381 I dex2oat : dex2oat took 595.671ms (threads: 8) arena alloc=140KB java alloc=2MB native alloc=7MB free=8MB
01-12 03:05:57.869  5299  5362 E unipaysdk_2.3.0: UnipaySDK ERR:724  none error
01-12 03:05:57.922  2167  4268 I WindowManager: Screenshot max retries 4 of Token{389a0a32 ActivityRecord{12bb923d u0 com.halfbrick.fruitninja/com.halfbrick.mortar.MortarGameActivity t75 f}} appWin=Window{2078d22a u0 Starting com.halfbrick.fruitninja} drawState=4
01-12 03:05:57.923  5299  5299 I Process : Sending signal. PID: 5299 SIG: 9
01-12 03:05:57.974  2167  4270 I ActivityManager: Process com.halfbrick.fruitninja (pid 5299) has died
01-12 03:05:57.975  2167  2197 E WindowState: getStack: Window{2078d22a u0 Starting com.halfbrick.fruitninja} couldn't find taskId=75 Callers=com.android.server.wm.WindowState.getDisplayContent:782 com.android.server.wm.WindowState.getWindowList:1354 com.android.server.wm.WindowManagerService.removeWindowInnerLocked:2774 com.android.server.wm.WindowManagerService.removeWindowLocked:2675 
01-12 03:05:57.976  2167  2197 E WindowState: getStack: Window{2078d22a u0 Starting com.halfbrick.fruitninja} couldn't find taskId=75 Callers=com.android.server.wm.WindowState.getDisplayContent:782 com.android.server.wm.WindowManagerService.removeWindowInnerLocked:2779 com.android.server.wm.WindowManagerService.removeWindowLocked:2675 com.android.server.wm.WindowManagerService.removeWindow:2597 
01-12 03:05:57.979  2167  2207 I InputDispatcher: Dropping event because there is no touchable window at (1163, 934).
01-12 03:05:57.987  5411  5411 W linker  : [vdso]: unused DT entry: type 0x6ffffef5 arg 0x160
01-12 03:05:57.992  5412  5412 W linker  : [vdso]: unused DT entry: type 0x6ffffef5 arg 0x160
01-12 03:05:57.997  5413  5413 W linker  : [vdso]: unused DT entry: type 0x6ffffef5 arg 0x160
01-12 03:05:58.001  5414  5414 W linker  : [vdso]: unused DT entry: type 0x6ffffef5 arg 0x160
01-12 03:05:58.003  2167  2207 I InputDispatcher: Dropping event because there is no touchable window at (1162, 934).
01-12 03:05:58.117  5416  5416 W linker  : [vdso]: unused DT entry: type 0x6ffffef5 arg 0x160
01-12 03:05:58.122  5417  5417 W linker  : [vdso]: unused DT entry: type 0x6ffffef5 arg 0x160
01-12 03:05:58.125  5418  5418 W linker  : [vdso]: unused DT entry: type 0x6ffffef5 arg 0x160
01-12 03:05:58.162  5419  5419 W linker  : [vdso]: unused DT entry: type 0x6ffffef5 arg 0x160
01-12 03:05:58.164  5420  5420 W linker  : [vdso]: unused DT entry: type 0x6ffffef5 arg 0x160
01-12 03:05:58.165  5421  5421 W linker  : [vdso]: unused DT entry: type 0x6ffffef5 arg 0x160
01-12 03:05:58.437  2167  2188 W ActivityManager: getTasks: caller 10062 does not hold REAL_GET_TASKS; limiting output
01-12 03:05:59.125  2167  2240 W AudioTrack: AUDIO_OUTPUT_FLAG_FAST denied by client
01-12 03:05:59.133  2296  2296 W ResourceType: No package identifier when getting value for resource number 0x00000000
01-12 03:05:59.133  2296  2296 W PackageManager: Failure retrieving resources for com.cyanogenmod.filemanager: Resource ID #0x0
01-12 03:05:59.135  2167  2188 I ActivityManager: START u0 {act=com.android.systemui.recents.SHOW_RECENTS flg=0x10804000 cmp=com.android.systemui/.recents.RecentsActivity} from uid 10011 on display 0
01-12 03:05:59.162  2167  2510 W InputMethodManagerService: Starting input on non-focused client com.android.internal.view.IInputMethodClient$Stub$Proxy@d67bf4c (uid=10018 pid=4514)
01-12 03:05:59.438  2167  4270 W ActivityManager: getTasks: caller 10062 does not hold REAL_GET_TASKS; limiting output
01-12 03:05:59.857  5423  5423 W linker  : [vdso]: unused DT entry: type 0x6ffffef5 arg 0x160
01-12 03:05:59.940  2167  2240 W AudioTrack: AUDIO_OUTPUT_FLAG_FAST denied by client
01-12 03:05:59.972  2296  5133 W art     : No such thread id for suspend: 40
01-12 03:05:59.989  4397  4397 I Term    : Bound to TermService
01-12 03:05:59.989  4397  4397 I TermService: Activity binding to service
01-12 03:05:59.990  2336  2336 I LatinIME: Starting input. Cursor position = -1,-1
01-12 03:06:00.009  2336  2336 I InputAttributes: InputType.TYPE_NULL is specified
01-12 03:06:00.440  2167  4268 W ActivityManager: getTasks: caller 10062 does not hold REAL_GET_TASKS; limiting output
01-12 03:06:00.954  2296  2296 W ResourceType: No package identifier when getting value for resource number 0x00000000
01-12 03:06:00.954  2296  2296 W PackageManager: Failure retrieving resources for com.cyanogenmod.filemanager: Resource ID #0x0
01-12 03:06:01.442  2167  2187 W ActivityManager: getTasks: caller 10062 does not hold REAL_GET_TASKS; limiting output
01-12 03:06:02.231  2719  2719 W ResourcesManager: Asset path '/system/framework/android.test.runner.jar' does not exist or contains no resources.
01-12 03:06:02.444  2167  2494 W ActivityManager: getTasks: caller 10062 does not hold REAL_GET_TASKS; limiting output
01-12 03:06:02.587  2167  4278 W ActivityManager: getRunningAppProcesses: caller 10061 does not hold REAL_GET_TASKS; limiting output
01-12 03:06:03.446  2167  4279 W ActivityManager: getTasks: caller 10062 does not hold REAL_GET_TASKS; limiting output
01-12 03:06:04.350  2167  4270 W BackupManagerService: dataChanged but no participant pkg='com.android.providers.settings' uid=10062
01-12 03:06:04.355  5435  5435 W linker  : [vdso]: unused DT entry: type 0x6ffffef5 arg 0x160
01-12 03:06:04.448  2167  2510 W ActivityManager: getTasks: caller 10062 does not hold REAL_GET_TASKS; limiting output
01-12 03:06:05.451  2167  4278 W ActivityManager: getTasks: caller 10062 does not hold REAL_GET_TASKS; limiting output
01-12 03:06:06.454  2167  4271 W ActivityManager: getTasks: caller 10062 does not hold REAL_GET_TASKS; limiting output
01-12 03:06:07.456  2167  2494 W ActivityManager: getTasks: caller 10062 does not hold REAL_GET_TASKS; limiting output
01-12 03:06:08.336  5438  5438 W linker  : [vdso]: unused DT entry: type 0x6ffffef5 arg 0x160
