01-06 03:39:05.302  2349  2535 D Launcher.Model: 11683562 - loadWorkspaceScreensDb()
01-06 03:39:05.302  2349  2535 D Launcher.Model: 11683562 -   screens: { 0: 3 }
01-06 03:39:05.303  2349  2535 D Launcher.LauncherProvider: 11683562 - generateNewScreenId(): 4
01-06 03:39:05.323 12362 12362 W IInputConnectionWrapper: showStatusIcon on inactive InputConnection
01-06 03:39:05.329  2149  2180 I WindowManager: Screen frozen for +128ms due to Window{6606a62 u0 StatusBar}
01-06 03:39:05.385  2149  2170 W BackupManagerService: dataChanged but no participant pkg='com.android.launcher3' uid=10033
01-06 03:39:05.385  2349  2535 D Launcher.Model: 11683562 - updateWorkspaceScreenOrder()
01-06 03:39:05.385  2349  2535 D Launcher.Model: 11683562 -   screens: 3, 4
01-06 03:39:05.386  2149  3044 W BackupManagerService: dataChanged but no participant pkg='com.android.launcher3' uid=10033
01-06 03:39:05.386  2149  2190 I InputDispatcher: Dropping event because there is no touchable window at (566, 1881).
01-06 03:39:05.386  2149  2190 I InputDispatcher: Dropping event because there is no touchable window at (566, 1880).
01-06 03:39:05.387  2149  8057 W BackupManagerService: dataChanged but no participant pkg='com.android.launcher3' uid=10033
01-06 03:39:05.387  2149  2377 W BackupManagerService: dataChanged but no participant pkg='com.android.launcher3' uid=10033
01-06 03:39:05.425  2349  2349 D Launcher: 11683562 - bindAddScreens()
01-06 03:39:05.426  2349  2349 D Launcher: 11683562 -   orderedScreenIds: 4
01-06 03:39:05.426  2349  2349 D Launcher.Workspace: 11683562 - insertNewWorkspaceScreen(): 4 at index: 1
01-06 03:39:05.428  2349  2349 D Launcher.Workspace: 11683562 - removeExtraEmptyScreen()
01-06 03:39:05.428  2349  2349 D Launcher.Workspace: 11683562 - convertFinalScreenToEmptyScreenIfNecessary()
01-06 03:39:05.565  2149  2169 W ActivityManager: getTasks: caller 10115 does not hold REAL_GET_TASKS; limiting output
01-06 03:39:05.816  2349  2609 W OpenGLRenderer: Incorrectly called buildLayer on View: ShortcutAndWidgetContainer, destroying layer...
01-06 03:39:06.567  2149  2377 W ActivityManager: getTasks: caller 10115 does not hold REAL_GET_TASKS; limiting output
01-06 03:39:07.223 12439 12439 W linker  : [vdso]: unused DT entry: type 0x6ffffef5 arg 0x160
01-06 03:39:07.418  2149  2180 I art     : Explicit concurrent mark sweep GC freed 8757(550KB) AllocSpace objects, 6(3MB) LOS objects, 33% free, 15MB/22MB, paused 862us total 32.051ms
01-06 03:39:07.436  2149  2209 W AudioTrack: AUDIO_OUTPUT_FLAG_FAST denied by client
01-06 03:39:07.447  2149  4763 I ActivityManager: START u0 {act=com.android.systemui.recents.SHOW_RECENTS flg=0x10804000 cmp=com.android.systemui/.recents.RecentsActivity} from uid 10000 on display 0
01-06 03:39:07.475  2149  8057 W InputMethodManagerService: Starting input on non-focused client com.android.internal.view.IInputMethodClient$Stub$Proxy@1a889a7f (uid=10033 pid=2349)
01-06 03:39:07.570  2149  2170 W ActivityManager: getTasks: caller 10115 does not hold REAL_GET_TASKS; limiting output
01-06 03:39:08.388  2149  2209 W AudioTrack: AUDIO_OUTPUT_FLAG_FAST denied by client
01-06 03:39:08.411  2149  2190 I InputDispatcher: Dropping event because there is no touchable window at (949, 350).
01-06 03:39:08.450  9354  9354 I Term    : Bound to TermService
01-06 03:39:08.450  9354  9354 I TermService: Activity binding to service
01-06 03:39:08.573  2149  9351 W ActivityManager: getTasks: caller 10115 does not hold REAL_GET_TASKS; limiting output
01-06 03:39:09.094  8360  8399 D ++++++++: IsGetNotificationTimeOut = 4217094 dis = 28800000
01-06 03:39:09.576  2149  3128 W ActivityManager: getTasks: caller 10115 does not hold REAL_GET_TASKS; limiting output
01-06 03:39:10.579  2149  3044 W ActivityManager: getTasks: caller 10115 does not hold REAL_GET_TASKS; limiting output
01-06 03:39:11.582  2149  3042 W ActivityManager: getTasks: caller 10115 does not hold REAL_GET_TASKS; limiting output
01-06 03:39:12.236 12447 12447 W linker  : [vdso]: unused DT entry: type 0x6ffffef5 arg 0x160
01-06 03:39:12.585  2149  4763 W ActivityManager: getTasks: caller 10115 does not hold REAL_GET_TASKS; limiting output
01-06 03:39:13.352  2149  3128 W ActivityManager: getRunningAppProcesses: caller 10120 does not hold REAL_GET_TASKS; limiting output
01-06 03:39:13.586  2149  2170 W ActivityManager: getTasks: caller 10115 does not hold REAL_GET_TASKS; limiting output
01-06 03:39:14.587  2149  2170 W ActivityManager: getTasks: caller 10115 does not hold REAL_GET_TASKS; limiting output
01-06 03:39:15.590  2149  4763 W ActivityManager: getTasks: caller 10115 does not hold REAL_GET_TASKS; limiting output
01-06 03:39:16.594  2149  3042 W ActivityManager: getTasks: caller 10115 does not hold REAL_GET_TASKS; limiting output
01-06 03:39:17.247 12448 12448 W linker  : [vdso]: unused DT entry: type 0x6ffffef5 arg 0x160
01-06 03:39:17.597  2149  2394 W ActivityManager: getTasks: caller 10115 does not hold REAL_GET_TASKS; limiting output
01-06 03:39:18.600  2149  2170 W ActivityManager: getTasks: caller 10115 does not hold REAL_GET_TASKS; limiting output
01-06 03:39:19.603  2149  2377 W ActivityManager: getTasks: caller 10115 does not hold REAL_GET_TASKS; limiting output
01-06 03:39:20.605  2149  4763 W ActivityManager: getTasks: caller 10115 does not hold REAL_GET_TASKS; limiting output
01-06 03:39:21.608  2149  3044 W ActivityManager: getTasks: caller 10115 does not hold REAL_GET_TASKS; limiting output
01-06 03:39:22.258 12449 12449 W linker  : [vdso]: unused DT entry: type 0x6ffffef5 arg 0x160
01-06 03:39:22.611  2149  2377 W ActivityManager: getTasks: caller 10115 does not hold REAL_GET_TASKS; limiting output
01-06 03:39:23.613  2149  2394 W ActivityManager: getTasks: caller 10115 does not hold REAL_GET_TASKS; limiting output
01-06 03:39:24.616  2149  2394 W ActivityManager: getTasks: caller 10115 does not hold REAL_GET_TASKS; limiting output
01-06 03:39:25.617  2149  2377 W ActivityManager: getTasks: caller 10115 does not hold REAL_GET_TASKS; limiting output
01-06 03:39:25.639 12450 12450 W linker  : [vdso]: unused DT entry: type 0x6ffffef5 arg 0x160
