01-06 03:38:40.209  2149  3044 W ActivityManager: getTasks: caller 10115 does not hold REAL_GET_TASKS; limiting output
01-06 03:38:41.044  2149  2209 W AudioTrack: AUDIO_OUTPUT_FLAG_FAST denied by client
01-06 03:38:41.047  2267  2267 W ResourceType: No package identifier when getting value for resource number 0x00000000
01-06 03:38:41.048  2267  2267 W PackageManager: Failure retrieving resources for jackpal.androidterm: Resource ID #0x0
01-06 03:38:41.050  2149  2169 I ActivityManager: START u0 {act=com.android.systemui.recents.SHOW_RECENTS flg=0x10804000 cmp=com.android.systemui/.recents.RecentsActivity} from uid 10000 on display 0
01-06 03:38:41.057  1876  2146 D audio_hw_primary: found out /dev/snd/pcmC0D0p
01-06 03:38:41.107  9354  9354 W IInputConnectionWrapper: showStatusIcon on inactive InputConnection
01-06 03:38:41.212  2149  8057 W ActivityManager: getTasks: caller 10115 does not hold REAL_GET_TASKS; limiting output
01-06 03:38:42.064  2267  2267 W ResourceType: No package identifier when getting value for resource number 0x00000000
01-06 03:38:42.064  2267  2267 W PackageManager: Failure retrieving resources for jackpal.androidterm: Resource ID #0x0
01-06 03:38:42.076  2149  2209 W AudioTrack: AUDIO_OUTPUT_FLAG_FAST denied by client
01-06 03:38:42.098  2149  2190 I InputDispatcher: Dropping event because there is no touchable window at (1008, 463).
01-06 03:38:42.099  2149  2190 I InputDispatcher: Dropping event because there is no touchable window at (1006, 464).
01-06 03:38:42.107  2149  2190 I InputDispatcher: Dropping event because there is no touchable window at (1004, 464).
01-06 03:38:42.115  2149  2190 I InputDispatcher: Dropping event because there is no touchable window at (1000, 464).
01-06 03:38:42.118 12257 12257 W linker  : [vdso]: unused DT entry: type 0x6ffffef5 arg 0x160
01-06 03:38:42.122 12258 12258 W linker  : [vdso]: unused DT entry: type 0x6ffffef5 arg 0x160
01-06 03:38:42.123  2149  2190 I InputDispatcher: Dropping event because there is no touchable window at (996, 464).
01-06 03:38:42.127 12259 12259 W linker  : [vdso]: unused DT entry: type 0x6ffffef5 arg 0x160
01-06 03:38:42.131  2149  2190 I InputDispatcher: Dropping event because there is no touchable window at (990, 464).
01-06 03:38:42.132 12261 12261 W linker  : [vdso]: unused DT entry: type 0x6ffffef5 arg 0x160
01-06 03:38:42.167 12266 12266 W linker  : [vdso]: unused DT entry: type 0x6ffffef5 arg 0x160
01-06 03:38:42.215  2149  9351 W ActivityManager: getTasks: caller 10115 does not hold REAL_GET_TASKS; limiting output
01-06 03:38:42.249 12267 12267 W linker  : [vdso]: unused DT entry: type 0x6ffffef5 arg 0x160
01-06 03:38:42.254 12268 12268 W linker  : [vdso]: unused DT entry: type 0x6ffffef5 arg 0x160
01-06 03:38:42.257 12269 12269 W linker  : [vdso]: unused DT entry: type 0x6ffffef5 arg 0x160
01-06 03:38:42.297 12270 12270 W linker  : [vdso]: unused DT entry: type 0x6ffffef5 arg 0x160
01-06 03:38:42.299 12271 12271 W linker  : [vdso]: unused DT entry: type 0x6ffffef5 arg 0x160
01-06 03:38:42.300 12272 12272 W linker  : [vdso]: unused DT entry: type 0x6ffffef5 arg 0x160
01-06 03:38:43.218  2149  2394 W ActivityManager: getTasks: caller 10115 does not hold REAL_GET_TASKS; limiting output
01-06 03:38:43.352  2149  2170 W ActivityManager: getRunningAppProcesses: caller 10120 does not hold REAL_GET_TASKS; limiting output
01-06 03:38:44.068  2149  2209 W AudioTrack: AUDIO_OUTPUT_FLAG_FAST denied by client
01-06 03:38:44.074  2149  8057 I ActivityManager: START u0 {act=android.intent.action.VIEW dat=file:///storage/usb0/CTS/test-APK/sougouinput.apk typ=application/vnd.android.package-archive cmp=com.android.packageinstaller/.PackageInstallerActivity} from uid 10027 on display 0
01-06 03:38:44.075  2149  8057 V WindowManager: addAppToken: AppWindowToken{2b94f14d token=Token{1e6188e4 ActivityRecord{265ff477 u0 com.android.packageinstaller/.PackageInstallerActivity t1079}}} to stack=1 task=1079 at 1
01-06 03:38:44.092  3754  3754 W PackageParser: No actions in intent filter at /storage/usb0/CTS/test-APK/sougouinput.apk Binary XML file line #338
01-06 03:38:44.092  3754  3754 W PackageParser: No actions in intent filter at /storage/usb0/CTS/test-APK/sougouinput.apk Binary XML file line #627
01-06 03:38:44.093  3754  3754 W PackageParser: No actions in intent filter at /storage/usb0/CTS/test-APK/sougouinput.apk Binary XML file line #704
01-06 03:38:44.093  3754  3754 W PackageParser: No actions in intent filter at /storage/usb0/CTS/test-APK/sougouinput.apk Binary XML file line #826
01-06 03:38:44.139  3754  3754 I AppSecurityPermissions: Ignoring unknown permission:sogou.mobile.explorer.permission.ACTIVATION
01-06 03:38:44.148  2149  3128 V WindowManager: Adding window Window{19d56113 u0 com.android.packageinstaller/com.android.packageinstaller.PackageInstallerActivity} at 5 of 10 (after Window{79b689 u0 com.cyanogenmod.filemanager/com.cyanogenmod.filemanager.activities.NavigationActivity})
01-06 03:38:44.187  2149  2180 I ActivityManager: Displayed com.android.packageinstaller/.PackageInstallerActivity: +106ms
01-06 03:38:44.221  2149  2394 W ActivityManager: getTasks: caller 10115 does not hold REAL_GET_TASKS; limiting output
01-06 03:38:45.222  2149  2170 W ActivityManager: getTasks: caller 10115 does not hold REAL_GET_TASKS; limiting output
01-06 03:38:45.548  2149  2209 W AudioTrack: AUDIO_OUTPUT_FLAG_FAST denied by client
01-06 03:38:46.181  2149  2209 W AudioTrack: AUDIO_OUTPUT_FLAG_FAST denied by client
01-06 03:38:46.225  2149  2394 W ActivityManager: getTasks: caller 10115 does not hold REAL_GET_TASKS; limiting output
01-06 03:38:47.177 12278 12278 W linker  : [vdso]: unused DT entry: type 0x6ffffef5 arg 0x160
01-06 03:38:47.227  2149  8057 W ActivityManager: getTasks: caller 10115 does not hold REAL_GET_TASKS; limiting output
01-06 03:38:48.230  2149  2170 W ActivityManager: getTasks: caller 10115 does not hold REAL_GET_TASKS; limiting output
01-06 03:38:48.468  2149  3042 I ActivityManager: START u0 {dat=file:///storage/usb0/CTS/test-APK/sougouinput.apk cmp=com.android.packageinstaller/.InstallAppProgress (has extras)} from uid 10045 on display 0
01-06 03:38:48.468  2149  2209 W AudioTrack: AUDIO_OUTPUT_FLAG_FAST denied by client
01-06 03:38:48.470  2149  3042 V WindowManager: addAppToken: AppWindowToken{36c3107c token=Token{192afb6f ActivityRecord{472be4e u0 com.android.packageinstaller/.InstallAppProgress t1079}}} to stack=1 task=1079 at 2
01-06 03:38:48.493  2149  2377 V WindowManager: Adding window Window{28c46481 u0 com.android.packageinstaller/com.android.packageinstaller.InstallAppProgress} at 6 of 11 (after Window{19d56113 u0 com.android.packageinstaller/com.android.packageinstaller.PackageInstallerActivity})
01-06 03:38:48.527  2149  2180 I ActivityManager: Displayed com.android.packageinstaller/.InstallAppProgress: +47ms
01-06 03:38:48.554  3754  3777 D OpenGLRenderer: endAllStagingAnimators on 0x7f3148365800 (RippleDrawable) with handle 0x7f313f84b760
01-06 03:38:49.113  3816  3837 D DefContainer: Copying /storage/usb0/CTS/test-APK/sougouinput.apk to base.apk
01-06 03:38:49.233  2149  2377 W ActivityManager: getTasks: caller 10115 does not hold REAL_GET_TASKS; limiting output
01-06 03:38:49.996  2149  2184 W PackageParser: No actions in intent filter at /data/app/vmdl1609292599.tmp/base.apk Binary XML file line #338
01-06 03:38:49.997  2149  2184 W PackageParser: No actions in intent filter at /data/app/vmdl1609292599.tmp/base.apk Binary XML file line #627
01-06 03:38:49.998  2149  2184 W PackageParser: No actions in intent filter at /data/app/vmdl1609292599.tmp/base.apk Binary XML file line #704
01-06 03:38:49.998  2149  2184 W PackageParser: No actions in intent filter at /data/app/vmdl1609292599.tmp/base.apk Binary XML file line #826
01-06 03:38:50.236  2149  2394 W ActivityManager: getTasks: caller 10115 does not hold REAL_GET_TASKS; limiting output
01-06 03:38:50.354  2149  2184 D PackageManager: Renaming /data/app/vmdl1609292599.tmp to /data/app/com.sohu.inputmethod.sogou-1
01-06 03:38:50.372  2149  2184 I PackageManager: Running dexopt on: /data/app/com.sohu.inputmethod.sogou-1/base.apk pkg=com.sohu.inputmethod.sogou isa=x86 vmSafeMode=false
01-06 03:38:50.375 12283 12283 W linker  : [vdso]: unused DT entry: type 0x6ffffef5 arg 0xec
01-06 03:38:50.375 12283 12283 E cutils-trace: Error opening trace file: Permission denied (13)
01-06 03:38:50.376 12283 12283 I dex2oat : /system/bin/dex2oat --zip-fd=5 --zip-location=/data/app/com.sohu.inputmethod.sogou-1/base.apk --oat-fd=6 --oat-location=/data/dalvik-cache/x86/data@app@com.sohu.inputmethod.sogou-1@base.apk@classes.dex --instruction-set=x86 --instruction-set-features=default --runtime-arg -Xms64m --runtime-arg -Xmx512m --compiler-filter=interpret-only --swap-fd=7
01-06 03:38:50.495 12283 12283 I dex2oat : Decided to run without swap.
01-06 03:38:50.919 12283 12283 I dex2oat : dex2oat took 543.201ms (threads: 8) arena alloc=0B java alloc=14MB native alloc=1063KB free=10MB
01-06 03:38:50.977  2149  2184 W PackageManager: Not granting permission android.permission.READ_LOGS to package com.sohu.inputmethod.sogou (protectionLevel=50 flags=0x83e44)
01-06 03:38:50.977  2149  2184 W PackageManager: Unknown permission sogou.mobile.explorer.permission.ACTIVATION in package com.sohu.inputmethod.sogou
01-06 03:38:51.050  2149  2184 W Settings: Setting install_non_market_apps has moved from android.provider.Settings.Global to android.provider.Settings.Secure, returning read-only value.
01-06 03:38:51.051  9248  9248 I plugin  : com.sohu.inputmethod.sogou install
01-06 03:38:51.055  2149  2191 I InputReader: Reconfiguring input devices.  changes=0x00000010
01-06 03:38:51.081 12292 12292 D houdini : [12292] Initialize library(version: 5.2.2_y.47738 RELEASE)... successfully.
01-06 03:38:51.081  2149  2175 I ActivityManager: Start proc 12292:com.kiloo.subwaysurf:dservice_v1/u0a115 for broadcast com.kiloo.subwaysurf/cn.play.dserv.DsReceiver
01-06 03:38:51.097 12292 12292 I ActivityThread: Switching default density from 160 to 240
01-06 03:38:51.103 12292 12292 D SkynetApi: onApplicationCreate
01-06 03:38:51.103 12292 12292 W System.err: java.lang.ClassNotFoundException: com.skynet.android.uc.UC
01-06 03:38:51.103 12292 12292 W System.err: 	at java.lang.Class.classForName(Native Method)
01-06 03:38:51.103 12292 12292 W System.err: 	at java.lang.Class.forName(Class.java:309)
01-06 03:38:51.103 12292 12292 W System.err: 	at java.lang.Class.forName(Class.java:273)
01-06 03:38:51.103 12292 12292 W System.err: 	at com.skynet.android.Skynet.invoke(SourceFile:4209)
01-06 03:38:51.103 12292 12292 W System.err: 	at com.skynet.android.Skynet.onApplicationCreate(SourceFile:3691)
01-06 03:38:51.103 12292 12292 W System.err: 	at com.kiloo.subwaysurf.BaiDuApplication.onCreate(BaiDuApplication.java:11)
01-06 03:38:51.103 12292 12292 W System.err: 	at android.app.Instrumentation.callApplicationOnCreate(Instrumentation.java:1012)
01-06 03:38:51.103 12292 12292 W System.err: 	at android.app.ActivityThread.handleBindApplication(ActivityThread.java:4553)
01-06 03:38:51.103 12292 12292 W System.err: 	at android.app.ActivityThread.access$1500(ActivityThread.java:151)
01-06 03:38:51.103 12292 12292 W System.err: 	at android.app.ActivityThread$H.handleMessage(ActivityThread.java:1364)
01-06 03:38:51.103 12292 12292 W System.err: 	at android.os.Handler.dispatchMessage(Handler.java:102)
01-06 03:38:51.103 12292 12292 W System.err: 	at android.os.Looper.loop(Looper.java:135)
01-06 03:38:51.103 12292 12292 W System.err: 	at android.app.ActivityThread.main(ActivityThread.java:5254)
01-06 03:38:51.103 12292 12292 W System.err: 	at java.lang.reflect.Method.invoke(Native Method)
01-06 03:38:51.103 12292 12292 W System.err: 	at java.lang.reflect.Method.invoke(Method.java:372)
01-06 03:38:51.104 12292 12292 W System.err: 	at com.android.internal.os.ZygoteInit$MethodAndArgsCaller.run(ZygoteInit.java:903)
01-06 03:38:51.104 12292 12292 W System.err: 	at com.android.internal.os.ZygoteInit.main(ZygoteInit.java:698)
01-06 03:38:51.104 12292 12292 W System.err: Caused by: java.lang.ClassNotFoundException: Didn't find class "com.skynet.android.uc.UC" on path: DexPathList[[zip file "/data/app/com.kiloo.subwaysurf-1/base.apk"],nativeLibraryDirectories=[/data/app/com.kiloo.subwaysurf-1/lib/arm, /vendor/lib, /system/lib]]
01-06 03:38:51.104 12292 12292 W System.err: 	at dalvik.system.BaseDexClassLoader.findClass(BaseDexClassLoader.java:56)
01-06 03:38:51.104 12292 12292 W System.err: 	at java.lang.ClassLoader.loadClass(ClassLoader.java:511)
01-06 03:38:51.104 12292 12292 W System.err: 	at java.lang.ClassLoader.loadClass(ClassLoader.java:469)
01-06 03:38:51.104 12292 12292 W System.err: 	... 17 more
01-06 03:38:51.104 12292 12292 W System.err: 	Suppressed: java.lang.ClassNotFoundException: com.skynet.android.uc.UC
01-06 03:38:51.104 12292 12292 W System.err: 		at java.lang.Class.classForName(Native Method)
01-06 03:38:51.104 12292 12292 W System.err: 		at java.lang.BootClassLoader.findClass(ClassLoader.java:781)
01-06 03:38:51.104 12292 12292 W System.err: 		at java.lang.BootClassLoader.loadClass(ClassLoader.java:841)
01-06 03:38:51.104 12292 12292 W System.err: 		at java.lang.ClassLoader.loadClass(ClassLoader.java:504)
01-06 03:38:51.104 12292 12292 W System.err: 		... 18 more
01-06 03:38:51.104 12292 12292 W System.err: 	Caused by: java.lang.NoClassDefFoundError: Class not found using the boot class loader; no stack available
01-06 03:38:51.105 12292 12292 W System.err: java.lang.ClassNotFoundException: com.gionee.game.offlinesdk.GamePlatform
01-06 03:38:51.105 12292 12292 W System.err: 	at java.lang.Class.classForName(Native Method)
01-06 03:38:51.105 12292 12292 W System.err: 	at java.lang.Class.forName(Class.java:309)
01-06 03:38:51.105 12292 12292 W System.err: 	at com.skynet.android.amigo.Amigo.isEnable(SourceFile:27)
01-06 03:38:51.105 12292 12292 W System.err: 	at com.skynet.android.amigo.Amigo.onApplicationCreate(SourceFile:17)
01-06 03:38:51.105 12292 12292 W System.err: 	at java.lang.reflect.Method.invoke(Native Method)
01-06 03:38:51.105 12292 12292 W System.err: 	at java.lang.reflect.Method.invoke(Method.java:372)
01-06 03:38:51.105 12292 12292 W System.err: 	at com.skynet.android.Skynet.invoke(SourceFile:4217)
01-06 03:38:51.105 12292 12292 W System.err: 	at com.skynet.android.Skynet.onApplicationCreate(SourceFile:3693)
01-06 03:38:51.105 12292 12292 W System.err: 	at com.kiloo.subwaysurf.BaiDuApplication.onCreate(BaiDuApplication.java:11)
01-06 03:38:51.105 12292 12292 W System.err: 	at android.app.Instrumentation.callApplicationOnCreate(Instrumentation.java:1012)
01-06 03:38:51.105 12292 12292 W System.err: 	at android.app.ActivityThread.handleBindApplication(ActivityThread.java:4553)
01-06 03:38:51.105 12292 12292 W System.err: 	at android.app.ActivityThread.access$1500(ActivityThread.java:151)
01-06 03:38:51.105 12292 12292 W System.err: 	at android.app.ActivityThread$H.handleMessage(ActivityThread.java:1364)
01-06 03:38:51.105 12292 12292 W System.err: 	at android.os.Handler.dispatchMessage(Handler.java:102)
01-06 03:38:51.105 12292 12292 W System.err: 	at android.os.Looper.loop(Looper.java:135)
01-06 03:38:51.105 12292 12292 W System.err: 	at android.app.ActivityThread.main(ActivityThread.java:5254)
01-06 03:38:51.105 12292 12292 W System.err: 	at java.lang.reflect.Method.invoke(Native Method)
01-06 03:38:51.105 12292 12292 W System.err: 	at java.lang.reflect.Method.invoke(Method.java:372)
01-06 03:38:51.105 12292 12292 W System.err: 	at com.android.internal.os.ZygoteInit$MethodAndArgsCaller.run(ZygoteInit.java:903)
01-06 03:38:51.105 12292 12292 W System.err: 	at com.android.internal.os.ZygoteInit.main(ZygoteInit.java:698)
01-06 03:38:51.105 12292 12292 W System.err: Caused by: java.lang.ClassNotFoundException: Didn't find class "com.gionee.game.offlinesdk.GamePlatform" on path: DexPathList[[zip file "/data/app/com.kiloo.subwaysurf-1/base.apk"],nativeLibraryDirectories=[/data/app/com.kiloo.subwaysurf-1/lib/arm, /vendor/lib, /system/lib]]
01-06 03:38:51.106 12292 12292 W System.err: 	at dalvik.system.BaseDexClassLoader.findClass(BaseDexClassLoader.java:56)
01-06 03:38:51.106 12292 12292 W System.err: 	at java.lang.ClassLoader.loadClass(ClassLoader.java:511)
01-06 03:38:51.106 12292 12292 W System.err: 	at java.lang.ClassLoader.loadClass(ClassLoader.java:469)
01-06 03:38:51.106 12292 12292 W System.err: 	... 20 more
01-06 03:38:51.106 12292 12292 W System.err: 	Suppressed: java.lang.ClassNotFoundException: com.gionee.game.offlinesdk.GamePlatform
01-06 03:38:51.106 12292 12292 W System.err: 		at java.lang.Class.classForName(Native Method)
01-06 03:38:51.106 12292 12292 W System.err: 		at java.lang.BootClassLoader.findClass(ClassLoader.java:781)
01-06 03:38:51.106 12292 12292 W System.err: 		at java.lang.BootClassLoader.loadClass(ClassLoader.java:841)
01-06 03:38:51.106 12292 12292 W System.err: 		at java.lang.ClassLoader.loadClass(ClassLoader.java:504)
01-06 03:38:51.106 12292 12292 W System.err: 		... 21 more
01-06 03:38:51.106 12292 12292 W System.err: 	Caused by: java.lang.NoClassDefFoundError: Class not found using the boot class loader; no stack available
01-06 03:38:51.106  2149  2170 W ActivityManager: getRunningAppProcesses: caller 10115 does not hold REAL_GET_TASKS; limiting output
01-06 03:38:51.110  2149  2149 D BackupManagerService: Received broadcast Intent { act=android.intent.action.PACKAGE_ADDED dat=package:com.sohu.inputmethod.sogou flg=0x4000010 (has extras) }
01-06 03:38:51.114 12292 12292 D houdini : [12292] Added shared library /data/app/com.kiloo.subwaysurf-1/lib/arm/libdserv.so for ClassLoader by Native Bridge.
01-06 03:38:51.115  2149  2184 I art     : Explicit concurrent mark sweep GC freed 250061(10MB) AllocSpace objects, 29(7MB) LOS objects, 33% free, 14MB/21MB, paused 1.314ms total 64.569ms
01-06 03:38:51.116  2149  2174 W VoiceInteractionManagerService: no available voice recognition services found for user 0
01-06 03:38:51.129 12292 12292 F art     : art/runtime/check_jni.cc:65] JNI DETECTED ERROR IN APPLICATION: GetStringUTFChars received null jstring
01-06 03:38:51.129 12292 12292 F art     : art/runtime/check_jni.cc:65]     in call to GetStringUTFChars
01-06 03:38:51.129 12292 12292 F art     : art/runtime/check_jni.cc:65]     from java.lang.String cn.play.dserv.CheckTool.Cd(android.content.Context)
01-06 03:38:51.129 12292 12292 F art     : art/runtime/check_jni.cc:65] "main" prio=5 tid=1 Runnable
01-06 03:38:51.129 12292 12292 F art     : art/runtime/check_jni.cc:65]   | group="main" sCount=0 dsCount=0 obj=0x73bb3f10 self=0xf3c25800
01-06 03:38:51.129 12292 12292 F art     : art/runtime/check_jni.cc:65]   | sysTid=12292 nice=0 cgrp=default sched=3/0 handle=0xf77ceea0
01-06 03:38:51.129 12292 12292 F art     : art/runtime/check_jni.cc:65]   | state=R schedstat=( 28273095 2126692 51 ) utm=1 stm=1 core=1 HZ=100
01-06 03:38:51.129 12292 12292 F art     : art/runtime/check_jni.cc:65]   | stack=0xff3c2000-0xff3c4000 stackSize=8MB
01-06 03:38:51.129 12292 12292 F art     : art/runtime/check_jni.cc:65]   | held mutexes= "mutator lock"(shared held)
01-06 03:38:51.129 12292 12292 F art     : art/runtime/check_jni.cc:65]   native: #00 pc 000063eb  /android/system/lib/libbacktrace_libc++.so (???)
01-06 03:38:51.129 12292 12292 F art     : art/runtime/check_jni.cc:65]   native: #01 pc 00002f31  /android/system/lib/libbacktrace_libc++.so (???)
01-06 03:38:51.129 12292 12292 F art     : art/runtime/check_jni.cc:65]   native: #02 pc 00427dda  /android/system/lib/libart.so (???)
01-06 03:38:51.129 12292 12292 F art     : art/runtime/check_jni.cc:65]   native: #03 pc 003e3967  /android/system/lib/libart.so (???)
01-06 03:38:51.129 12292 12292 F art     : art/runtime/check_jni.cc:65]   native: #04 pc 000f9454  /android/system/lib/libart.so (???)
01-06 03:38:51.129 12292 12292 F art     : art/runtime/check_jni.cc:65]   native: #05 pc 000f9fa2  /android/system/lib/libart.so (???)
01-06 03:38:51.129 12292 12292 F art     : art/runtime/check_jni.cc:65]   native: #06 pc 000fd550  /android/system/lib/libart.so (???)
01-06 03:38:51.129 12292 12292 F art     : art/runtime/check_jni.cc:65]   native: #07 pc 000fe5a0  /android/system/lib/libart.so (???)
01-06 03:38:51.129 12292 12292 F art     : art/runtime/check_jni.cc:65]   native: #08 pc 00104b91  /android/system/lib/libart.so (???)
01-06 03:38:51.129 12292 12292 F art     : art/runtime/check_jni.cc:65]   native: #09 pc 0022e19a  /system/lib/arm/libhoudini.so (???)
01-06 03:38:51.130 12292 12292 F art     : art/runtime/check_jni.cc:65]   native: #10 pc 0021e884  /system/lib/arm/libhoudini.so (???)
01-06 03:38:51.130 12292 12292 F art     : art/runtime/check_jni.cc:65]   native: #11 pc 0026a004  /system/lib/arm/libhoudini.so (???)
01-06 03:38:51.130 12292 12292 F art     : art/runtime/check_jni.cc:65]   native: #12 pc 007fb4c7  [stack] (???)
01-06 03:38:51.130 12292 12292 F art     : art/runtime/check_jni.cc:65]   at cn.play.dserv.CheckTool.Cd(Native method)
01-06 03:38:51.130 12292 12292 F art     : art/runtime/check_jni.cc:65]   at cn.play.dserv.DsReceiver.onReceive(unavailable:-1)
01-06 03:38:51.130 12292 12292 F art     : art/runtime/check_jni.cc:65]   at android.app.ActivityThread.handleReceiver(ActivityThread.java:2609)
01-06 03:38:51.130 12292 12292 F art     : art/runtime/check_jni.cc:65]   at android.app.ActivityThread.access$1700(ActivityThread.java:151)
01-06 03:38:51.130 12292 12292 F art     : art/runtime/check_jni.cc:65]   at android.app.ActivityThread$H.handleMessage(ActivityThread.java:1380)
01-06 03:38:51.130 12292 12292 F art     : art/runtime/check_jni.cc:65]   at android.os.Handler.dispatchMessage(Handler.java:102)
01-06 03:38:51.130 12292 12292 F art     : art/runtime/check_jni.cc:65]   at android.os.Looper.loop(Looper.java:135)
01-06 03:38:51.130 12292 12292 F art     : art/runtime/check_jni.cc:65]   at android.app.ActivityThread.main(ActivityThread.java:5254)
01-06 03:38:51.130 12292 12292 F art     : art/runtime/check_jni.cc:65]   at java.lang.reflect.Method.invoke!(Native method)
01-06 03:38:51.130 12292 12292 F art     : art/runtime/check_jni.cc:65]   at java.lang.reflect.Method.invoke(Method.java:372)
01-06 03:38:51.130 12292 12292 F art     : art/runtime/check_jni.cc:65]   at com.android.internal.os.ZygoteInit$MethodAndArgsCaller.run(ZygoteInit.java:903)
01-06 03:38:51.130 12292 12292 F art     : art/runtime/check_jni.cc:65]   at com.android.internal.os.ZygoteInit.main(ZygoteInit.java:698)
01-06 03:38:51.130 12292 12292 F art     : art/runtime/check_jni.cc:65] 
01-06 03:38:51.144  2349  2349 I Launcher: Deferring update until onResume
01-06 03:38:51.162  2349  2349 I Launcher: Deferring update until onResume
01-06 03:38:51.210 12292 12292 F art     : art/runtime/runtime.cc:289] Runtime aborting...
01-06 03:38:51.210 12292 12292 F art     : art/runtime/runtime.cc:289] Aborting thread:
01-06 03:38:51.210 12292 12292 F art     : art/runtime/runtime.cc:289] "main" prio=5 tid=1 Native
01-06 03:38:51.210 12292 12292 F art     : art/runtime/runtime.cc:289]   | group="" sCount=0 dsCount=0 obj=0x73bb3f10 self=0xf3c25800
01-06 03:38:51.210 12292 12292 F art     : art/runtime/runtime.cc:289]   | sysTid=12292 nice=0 cgrp=default sched=3/0 handle=0xf77ceea0
01-06 03:38:51.210 12292 12292 F art     : art/runtime/runtime.cc:289]   | state=R schedstat=( 37175931 2381732 54 ) utm=2 stm=1 core=1 HZ=100
01-06 03:38:51.210 12292 12292 F art     : art/runtime/runtime.cc:289]   | stack=0xff3c2000-0xff3c4000 stackSize=8MB
01-06 03:38:51.210 12292 12292 F art     : art/runtime/runtime.cc:289]   | held mutexes= "abort lock" "mutator lock"(shared held)
01-06 03:38:51.210 12292 12292 F art     : art/runtime/runtime.cc:289]   native: #00 pc 000063eb  /android/system/lib/libbacktrace_libc++.so (???)
01-06 03:38:51.210 12292 12292 F art     : art/runtime/runtime.cc:289]   native: #01 pc 00002f31  /android/system/lib/libbacktrace_libc++.so (???)
01-06 03:38:51.210 12292 12292 F art     : art/runtime/runtime.cc:289]   native: #02 pc 00427dda  /android/system/lib/libart.so (???)
01-06 03:38:51.210 12292 12292 F art     : art/runtime/runtime.cc:289]   native: #03 pc 003e3967  /android/system/lib/libart.so (???)
01-06 03:38:51.210 12292 12292 F art     : art/runtime/runtime.cc:289]   native: #04 pc 003c95d7  /android/system/lib/libart.so (???)
01-06 03:38:51.210 12292 12292 F art     : art/runtime/runtime.cc:289]   native: #05 pc 000dba64  /android/system/lib/libart.so (???)
01-06 03:38:51.210 12292 12292 F art     : art/runtime/runtime.cc:289]   native: #06 pc 000f97c4  /android/system/lib/libart.so (???)
01-06 03:38:51.210 12292 12292 F art     : art/runtime/runtime.cc:289]   native: #07 pc 000f9fa2  /android/system/lib/libart.so (???)
01-06 03:38:51.210 12292 12292 F art     : art/runtime/runtime.cc:289]   native: #08 pc 000fd550  /android/system/lib/libart.so (???)
01-06 03:38:51.210 12292 12292 F art     : art/runtime/runtime.cc:289]   native: #09 pc 000fe5a0  /android/system/lib/libart.so (???)
01-06 03:38:51.210 12292 12292 F art     : art/runtime/runtime.cc:289]   native: #10 pc 00104b91  /android/system/lib/libart.so (???)
01-06 03:38:51.210 12292 12292 F art     : art/runtime/runtime.cc:289]   native: #11 pc 0022e19a  /system/lib/arm/libhoudini.so (???)
01-06 03:38:51.210 12292 12292 F art     : art/runtime/runtime.cc:289]   native: #12 pc 0021e884  /system/lib/arm/libhoudini.so (???)
01-06 03:38:51.210 12292 12292 F art     : art/runtime/runtime.cc:289]   native: #13 pc 0026a004  /system/lib/arm/libhoudini.so (???)
01-06 03:38:51.210 12292 12292 F art     : art/runtime/runtime.cc:289]   native: #14 pc 007fb4c7  [stack] (???)
01-06 03:38:51.210 12292 12292 F art     : art/runtime/runtime.cc:289]   at cn.play.dserv.CheckTool.Cd(Native method)
01-06 03:38:51.210 12292 12292 F art     : art/runtime/runtime.cc:289]   at cn.play.dserv.DsReceiver.onReceive(unavailable:-1)
01-06 03:38:51.210 12292 12292 F art     : art/runtime/runtime.cc:289]   at android.app.ActivityThread.handleReceiver(ActivityThread.java:2609)
01-06 03:38:51.210 12292 12292 F art     : art/runtime/runtime.cc:289]   at android.app.ActivityThread.access$1700(ActivityThread.java:151)
01-06 03:38:51.210 12292 12292 F art     : art/runtime/runtime.cc:289]   at android.app.ActivityThread$H.handleMessage(ActivityThread.java:1380)
01-06 03:38:51.210 12292 12292 F art     : art/runtime/runtime.cc:289]   at android.os.Handler.dispatchMessage(Handler.java:102)
01-06 03:38:51.210 12292 12292 F art     : art/runtime/runtime.cc:289]   at android.os.Looper.loop(Looper.java:135)
01-06 03:38:51.210 12292 12292 F art     : art/runtime/runtime.cc:289]   at android.app.ActivityThread.main(ActivityThread.java:5254)
01-06 03:38:51.210 12292 12292 F art     : art/runtime/runtime.cc:289]   at java.lang.reflect.Method.invoke!(Native method)
01-06 03:38:51.210 12292 12292 F art     : art/runtime/runtime.cc:289]   at java.lang.reflect.Method.invoke(Method.java:372)
01-06 03:38:51.210 12292 12292 F art     : art/runtime/runtime.cc:289]   at com.android.internal.os.ZygoteInit$MethodAndArgsCaller.run(ZygoteInit.java:903)
01-06 03:38:51.210 12292 12292 F art     : art/runtime/runtime.cc:289]   at com.android.internal.os.ZygoteInit.main(ZygoteInit.java:698)
01-06 03:38:51.210 12292 12292 F art     : art/runtime/runtime.cc:289] Dumping all threads without appropriate locks held: thread list lock mutator lock
01-06 03:38:51.210 12292 12292 F art     : art/runtime/runtime.cc:289] All threads:
01-06 03:38:51.210 12292 12292 F art     : art/runtime/runtime.cc:289] DALVIK THREADS (17):
01-06 03:38:51.210 12292 12292 F art     : art/runtime/runtime.cc:289] "main" prio=5 tid=1 Native
01-06 03:38:51.210 12292 12292 F art     : art/runtime/runtime.cc:289]   | group="" sCount=0 dsCount=0 obj=0x73bb3f10 self=0xf3c25800
01-06 03:38:51.210 12292 12292 F art     : art/runtime/runtime.cc:289]   | sysTid=12292 nice=0 cgrp=default sched=3/0 handle=0xf77ceea0
01-06 03:38:51.210 12292 12292 F art     : art/runtime/runtime.cc:289]   | state=R schedstat=( 45084316 2411033 55 ) utm=2 stm=1 core=1 HZ=100
01-06 03:38:51.210 12292 12292 F art     : art/runtime/runtime.cc:289]   | stack=0xff3c2000-0xff3c4000 stackSize=8MB
01-06 03:38:51.210 12292 12292 F art     : art/runtime/runtime.cc:289]   | held mutexes= "abort lock"
01-06 03:38:51.210 12292 12292 F art     : art/runtime/runtime.cc:289]   native: #00 pc 000063eb  /android/system/lib/libbacktrace_libc++.so (???)
01-06 03:38:51.210 12292 12292 F art     : art/runtime/runtime.cc:289]   native: #01 pc 00002f31  /android/system/lib/libbacktrace_libc++.so (???)
01-06 03:38:51.210 12292 12292 F art     : art/runtime/runtime.cc:289]   native: #02 pc 00427dda  /android/system/lib/libart.so (???)
01-06 03:38:51.210 12292 12292 F art     : art/runtime/runtime.cc:289]   native: #03 pc 003e3967  /android/system/lib/libart.so (???)
01-06 03:38:51.210 12292 12292 F art     : art/runtime/runtime.cc:289]   native: #04 pc 003f2b4e  /android/system/lib/libart.so (???)
01-06 03:38:51.210 12292 12292 F art     : art/runtime/runtime.cc:289]   native: #05 pc 003c9510  /android/system/lib/libart.so (???)
01-06 03:38:51.210 12292 12292 F art     : art/runtime/runtime.cc:289]   native: #06 pc 000dba64  /android/system/lib/libart.so (???)
01-06 03:38:51.210 12292 12292 F art     : art/runtime/runtime.cc:289]   native: #07 pc 000f97c4  /android/system/lib/libart.so (???)
01-06 03:38:51.210 12292 12292 F art     : art/runtime/runtime.cc:289]   native: #08 pc 000f9fa2  /android/system/lib/libart.so (???)
01-06 03:38:51.210 12292 12292 F art     : art/runtime/runtime.cc:289]   native: #09 pc 000fd550  /android/system/lib/libart.so (???)
01-06 03:38:51.210 12292 12292 F art     : art/runtime/runtime.cc:289]   native: #10 pc 000fe5a0  /android/system/lib/libart.so (???)
01-06 03:38:51.210 12292 12292 F art     : art/runtime/runtime.cc:289]   native: #11 pc 00104b91  /android/system/lib/libart.so (???)
01-06 03:38:51.210 12292 12292 F art     : art/runtime/runtime.cc:289]   native: #12 pc 0022e19a  /system/lib/arm/libhoudini.so (???)
01-06 03:38:51.210 12292 12292 F art     : art/runtime/runtime.cc:289]   native: #13 pc 0021e884  /system/lib/arm/libhoudini.so (???)
01-06 03:38:51.210 12292 12292 F art     : art/runtime/runtime.cc:289]   native: #14 pc 0026a004  /system/lib/arm/libhoudini.so (???)
01-06 03:38:51.210 12292 12292 F art     : art/runtime/runtime.cc:289]   native: #15 pc 007fb4c7  [stack] (???)
01-06 03:38:51.210 12292 12292 F art     : art/runtime/runtime.cc:289]   at cn.play.dserv.CheckTool.Cd(Native method)
01-06 03:38:51.210 12292 12292 F art     : art/runtime/runtime.cc:289]   at cn.play.dserv.DsReceiver.onReceive(unavailable:-1)
01-06 03:38:51.210 12292 12292 F art     : art/runtime/runtime.cc:289]   at android.app.ActivityThread.handleReceiver(ActivityThread.java:2609)
01-06 03:38:51.210 12292 12292 F art     : art/runtime/runtime.cc:289]   at android.app.ActivityThread.access$1700(ActivityThread.java:151)
01-06 03:38:51.210 12292 12292 F art     : art/runtime/runtime.cc:289]   at android.app.ActivityThread$H.handleMessage(ActivityThread.java:1380)
01-06 03:38:51.210 12292 12292 F art     : art/runtime/runtime.cc:289]   at android.os.Handler.dispatchMessage(Handler.java:102)
01-06 03:38:51.210 12292 12292 F art     : art/runtime/runtime.cc:289]   at android.os.Looper.loop(Looper.java:135)
01-06 03:38:51.210 12292 12292 F art     : art/runtime/runtime.cc:289]   at android.app.ActivityThread.main(ActivityThread.java:5254)
01-06 03:38:51.210 12292 12292 F art     : art/runtime/runtime.cc:289]   at java.lang.reflect.Method.invoke!(Native method)
01-06 03:38:51.210 12292 12292 F art     : art/runtime/runtime.cc:289]   at java.lang.reflect.Method.invoke(Method.java:372)
01-06 03:38:51.210 12292 12292 F art     : art/runtime/runtime.cc:289]   at com.android.internal.os.ZygoteInit$MethodAndArgsCaller.run(ZygoteInit.java:903)
01-06 03:38:51.210 12292 12292 F art     : art/runtime/runtime.cc:289]   at com.android.internal.os.ZygoteInit.main(ZygoteInit.java:698)
01-06 03:38:51.210 12292 12292 F art     : art/runtime/runtime.cc:289] 
01-06 03:38:51.210 12292 12292 F art     : art/runtime/runtime.cc:289] "Heap thread pool worker thread 0" prio=5 tid=2 Native (still starting up)
01-06 03:38:51.210 12292 12292 F art     : art/runtime/runtime.cc:289]   | group="" sCount=0 dsCount=0 obj=0x0 self=0xedc3a400
01-06 03:38:51.210 12292 12292 F art     : art/runtime/runtime.cc:289]   | sysTid=12298 nice=0 cgrp=default sched=3/0 handle=0xf3c51580
01-06 03:38:51.210 12292 12292 F art     : art/runtime/runtime.cc:289]   | state=S schedstat=( 865597 0 12 ) utm=0 stm=0 core=5 HZ=100
01-06 03:38:51.210 12292 12292 F art     : art/runtime/runtime.cc:289]   | stack=0xf2bb7000-0xf2bb9000 stackSize=1020KB
01-06 03:38:51.210 12292 12292 F art     : art/runtime/runtime.cc:289]   | held mutexes=
01-06 03:38:51.210 12292 12292 F art     : art/runtime/runtime.cc:289]   kernel: futex_wait_queue_me+0xb8/0xf9
01-06 03:38:51.210 12292 12292 F art     : art/runtime/runtime.cc:289]   kernel: futex_wait+0xeb/0x1f0
01-06 03:38:51.210 12292 12292 F art     : art/runtime/runtime.cc:289]   kernel: get_user_pages_fast+0xc0/0x140
01-06 03:38:51.210 12292 12292 F art     : art/runtime/runtime.cc:289]   kernel: get_futex_key+0x1ad/0x1c6
01-06 03:38:51.210 12292 12292 F art     : art/runtime/runtime.cc:289]   kernel: do_futex+0xb2/0x86c
01-06 03:38:51.210 12292 12292 F art     : art/runtime/runtime.cc:289]   kernel: handle_mm_fault+0xd1d/0xe32
01-06 03:38:51.210 12292 12292 F art     : art/runtime/runtime.cc:289]   kernel: compat_SyS_futex+0xb1/0x12a
01-06 03:38:51.210 12292 12292 F art     : art/runtime/runtime.cc:289]   kernel: __do_page_fault+0x2c6/0x35c
01-06 03:38:51.210 12292 12292 F art     : art/runtime/runtime.cc:289]   kernel: do_syscall_32_irqs_off+0x4c/0x86
01-06 03:38:51.210 12292 12292 F art     : art/runtime/runtime.cc:289]   kernel: entry_INT80_compat+0x2a/0x40
01-06 03:38:51.210 12292 12292 F art     : art/runtime/runtime.cc:289]   native: #00 pc 000139a0  /android/system/lib/libc.so (???)
01-06 03:38:51.210 12292 12292 F art     : art/runtime/runtime.cc:289]   (no managed stack frames)
01-06 03:38:51.210 12292 12292 F art     : art/runtime/runtime.cc:289] 
01-06 03:38:51.210 12292 12292 F art     : art/runtime/runtime.cc:289] "Heap thread pool worker thread 1" prio=5 tid=3 Native (still starting up)
01-06 03:38:51.210 12292 12292 F art     : art/runtime/runtime.cc:289]   | group="" sCount=0 dsCount=0 obj=0x0 self=0xf3c25c00
01-06 03:38:51.210 12292 12292 F art     : art/runtime/runtime.cc:289]   | sysTid=12299 nice=0 cgrp=default sched=3/0 handle=0xf3c51800
01-06 03:38:51.210 12292 12292 F art     : art/runtime/runtime.cc:289]   | state=S schedstat=( 598130 0 3 ) utm=0 stm=0 core=1 HZ=100
01-06 03:38:51.210 12292 12292 F art     : art/runtime/runtime.cc:289]   | stack=0xf2ab7000-0xf2ab9000 stackSize=1020KB
01-06 03:38:51.210 12292 12292 F art     : art/runtime/runtime.cc:289]   | held mutexes=
01-06 03:38:51.210 12292 12292 F art     : art/runtime/runtime.cc:289]   kernel: futex_wait_queue_me+0xb8/0xf9
01-06 03:38:51.210 12292 12292 F art     : art/runtime/runtime.cc:289]   kernel: futex_wait+0xeb/0x1f0
01-06 03:38:51.210 12292 12292 F art     : art/runtime/runtime.cc:289]   kernel: get_user_pages_fast+0xc0/0x140
01-06 03:38:51.210 12292 12292 F art     : art/runtime/runtime.cc:289]   kernel: ttwu_stat+0x87/0xb9
01-06 03:38:51.210 12292 12292 F art     : art/runtime/runtime.cc:289]   kernel: get_futex_key+0x1ad/0x1c6
01-06 03:38:51.210 12292 12292 F art     : art/runtime/runtime.cc:289]   kernel: do_futex+0xb2/0x86c
01-06 03:38:51.210 12292 12292 F art     : art/runtime/runtime.cc:289]   kernel: handle_mm_fault+0xde3/0xe32
01-06 03:38:51.210 12292 12292 F art     : art/runtime/runtime.cc:289]   kernel: rcu_is_watching+0xc/0x1c
01-06 03:38:51.210 12292 12292 F art     : art/runtime/runtime.cc:289]   kernel: compat_SyS_futex+0xb1/0x12a
01-06 03:38:51.210 12292 12292 F art     : art/runtime/runtime.cc:289]   kernel: SyS_prctl+0xe5/0x36d
01-06 03:38:51.210 12292 12292 F art     : art/runtime/runtime.cc:289]   kernel: do_syscall_32_irqs_off+0x4c/0x86
01-06 03:38:51.210 12292 12292 F art     : art/runtime/runtime.cc:289]   kernel: entry_INT80_compat+0x2a/0x40
01-06 03:38:51.210 12292 12292 F art     : art/runtime/runtime.cc:289]   native: #00 pc 000139a0  /android/system/lib/libc.so (???)
01-06 03:38:51.210 12292 12292 F art     : art/runtime/runtime.cc:289]   (no managed stack frames)
01-06 03:38:51.210 12292 12292 F art     : art/runtime/runtime.cc:289] 
01-06 03:38:51.210 12292 12292 F art     : art/runtime/runtime.cc:289] "Heap thread pool worker thread 2" prio=5 tid=4 Native (still starting up)
01-06 03:38:51.210 12292 12292 F art     : art/runtime/runtime.cc:289]   | group="" sCount=0 dsCount=0 obj=0x0 self=0xedc3b400
01-06 03:38:51.210 12292 12292 F art     : art/runtime/runtime.cc:289]   | sysTid=12300 nice=0 cgrp=default sched=3/0 handle=0xf3c51a80
01-06 03:38:51.210 12292 12292 F art     : art/runtime/runtime.cc:289]   | state=S schedstat=( 706681 61154 5 ) utm=0 stm=0 core=2 HZ=100
01-06 03:38:51.210 12292 12292 F art     : art/runtime/runtime.cc:289]   | stack=0xf29b7000-0xf29b9000 stackSize=1020KB
01-06 03:38:51.210 12292 12292 F art     : art/runtime/runtime.cc:289]   | held mutexes=
01-06 03:38:51.210 12292 12292 F art     : art/runtime/runtime.cc:289]   kernel: futex_wait_queue_me+0xb8/0xf9
01-06 03:38:51.210 12292 12292 F art     : art/runtime/runtime.cc:289]   kernel: futex_wait+0xeb/0x1f0
01-06 03:38:51.210 12292 12292 F art     : art/runtime/runtime.cc:289]   kernel: get_user_pages_fast+0xc0/0x140
01-06 03:38:51.210 12292 12292 F art     : art/runtime/runtime.cc:289]   kernel: ttwu_stat+0x87/0xb9
01-06 03:38:51.210 12292 12292 F art     : art/runtime/runtime.cc:289]   kernel: get_futex_key+0x1ad/0x1c6
01-06 03:38:51.210 12292 12292 F art     : art/runtime/runtime.cc:289]   kernel: do_futex+0xb2/0x86c
01-06 03:38:51.210 12292 12292 F art     : art/runtime/runtime.cc:289]   kernel: blk_finish_plug+0x1a/0x27
01-06 03:38:51.210 12292 12292 F art     : art/runtime/runtime.cc:289]   kernel: rcu_is_watching+0xc/0x1c
01-06 03:38:51.210 12292 12292 F art     : art/runtime/runtime.cc:289]   kernel: compat_SyS_futex+0xb1/0x12a
01-06 03:38:51.210 12292 12292 F art     : art/runtime/runtime.cc:289]   kernel: SyS_prctl+0xe5/0x36d
01-06 03:38:51.210 12292 12292 F art     : art/runtime/runtime.cc:289]   kernel: do_syscall_32_irqs_off+0x4c/0x86
01-06 03:38:51.210 12292 12292 F art     : art/runtime/runtime.cc:289]   kernel: entry_INT80_compat+0x2a/0x40
01-06 03:38:51.210 12292 12292 F art     : art/runtime/runtime.cc:289]   native: #00 pc 000139a0  /android/system/lib/libc.so (???)
01-06 03:38:51.210 12292 12292 F art     : art/runtime/runtime.cc:289]   (no managed stack frames)
01-06 03:38:51.210 12292 12292 F art     : art/runtime/runtime.cc:289] 
01-06 03:38:51.210 12292 12292 F art     : art/runtime/runtime.cc:289] "Heap thread pool worker thread 3" prio=5 tid=5 Native (still starting up)
01-06 03:38:51.210 12292 12292 F art     : art/runtime/runtime.cc:289]   | group="" sCount=0 dsCount=0 obj=0x0 self=0xf3c26c00
01-06 03:38:51.210 12292 12292 F art     : art/runtime/runtime.cc:289]   | sysTid=12301 nice=0 cgrp=default sched=3/0 handle=0xf3c51d00
01-06 03:38:51.210 12292 12292 F art     : art/runtime/runtime.cc:289]   | state=S schedstat=( 656056 0 3 ) utm=0 stm=0 core=1 HZ=100
01-06 03:38:51.210 12292 12292 F art     : art/runtime/runtime.cc:289]   | stack=0xf28b7000-0xf28b9000 stackSize=1020KB
01-06 03:38:51.210 12292 12292 F art     : art/runtime/runtime.cc:289]   | held mutexes=
01-06 03:38:51.210 12292 12292 F art     : art/runtime/runtime.cc:289]   kernel: futex_wait_queue_me+0xb8/0xf9
01-06 03:38:51.210 12292 12292 F art     : art/runtime/runtime.cc:289]   kernel: futex_wait+0xeb/0x1f0
01-06 03:38:51.210 12292 12292 F art     : art/runtime/runtime.cc:289]   kernel: get_user_pages_fast+0xc0/0x140
01-06 03:38:51.210 12292 12292 F art     : art/runtime/runtime.cc:289]   kernel: ttwu_stat+0x87/0xb9
01-06 03:38:51.210 12292 12292 F art     : art/runtime/runtime.cc:289]   kernel: get_futex_key+0x1ad/0x1c6
01-06 03:38:51.210 12292 12292 F art     : art/runtime/runtime.cc:289]   kernel: do_futex+0xb2/0x86c
01-06 03:38:51.210 12292 12292 F art     : art/runtime/runtime.cc:289]   kernel: handle_mm_fault+0xde3/0xe32
01-06 03:38:51.210 12292 12292 F art     : art/runtime/runtime.cc:289]   kernel: rcu_is_watching+0xc/0x1c
01-06 03:38:51.210 12292 12292 F art     : art/runtime/runtime.cc:289]   kernel: compat_SyS_futex+0xb1/0x12a
01-06 03:38:51.210 12292 12292 F art     : art/runtime/runtime.cc:289]   kernel: SyS_prctl+0xe5/0x36d
01-06 03:38:51.210 12292 12292 F art     : art/runtime/runtime.cc:289]   kernel: do_syscall_32_irqs_off+0x4c/0x86
01-06 03:38:51.210 12292 12292 F art     : art/runtime/runtime.cc:289]   kernel: entry_INT80_compat+0x2a/0x40
01-06 03:38:51.210 12292 12292 F art     : art/runtime/runtime.cc:289]   native: #00 pc 000139a0  /android/system/lib/libc.so (???)
01-06 03:38:51.210 12292 12292 F art     : art/runtime/runtime.cc:289]   (no managed stack frames)
01-06 03:38:51.210 12292 12292 F art     : art/runtime/runtime.cc:289] 
01-06 03:38:51.210 12292 12292 F art     : art/runtime/runtime.cc:289] "Heap thread pool worker thread 4" prio=5 tid=6 Native (still starting up)
01-06 03:38:51.210 12292 12292 F art     : art/runtime/runtime.cc:289]   | group="" sCount=0 dsCount=0 obj=0x0 self=0xedc3c400
01-06 03:38:51.210 12292 12292 F art     : art/runtime/runtime.cc:289]   | sysTid=12302 nice=0 cgrp=default sched=3/0 handle=0xf3c51f80
01-06 03:38:51.210 12292 12292 F art     : art/runtime/runtime.cc:289]   | state=S schedstat=( 634013 0 4 ) utm=0 stm=0 core=2 HZ=100
01-06 03:38:51.210 12292 12292 F art     : art/runtime/runtime.cc:289]   | stack=0xf27b7000-0xf27b9000 stackSize=1020KB
01-06 03:38:51.210 12292 12292 F art     : art/runtime/runtime.cc:289]   | held mutexes=
01-06 03:38:51.210 12292 12292 F art     : art/runtime/runtime.cc:289]   kernel: futex_wait_queue_me+0xb8/0xf9
01-06 03:38:51.210 12292 12292 F art     : art/runtime/runtime.cc:289]   kernel: futex_wait+0xeb/0x1f0
01-06 03:38:51.210 12292 12292 F art     : art/runtime/runtime.cc:289]   kernel: get_user_pages_fast+0xc0/0x140
01-06 03:38:51.210 12292 12292 F art     : art/runtime/runtime.cc:289]   kernel: ttwu_stat+0x87/0xb9
01-06 03:38:51.210 12292 12292 F art     : art/runtime/runtime.cc:289]   kernel: get_futex_key+0x1ad/0x1c6
01-06 03:38:51.210 12292 12292 F art     : art/runtime/runtime.cc:289]   kernel: do_futex+0xb2/0x86c
01-06 03:38:51.210 12292 12292 F art     : art/runtime/runtime.cc:289]   kernel: blk_finish_plug+0x1a/0x27
01-06 03:38:51.210 12292 12292 F art     : art/runtime/runtime.cc:289]   kernel: rcu_is_watching+0xc/0x1c
01-06 03:38:51.210 12292 12292 F art     : art/runtime/runtime.cc:289]   kernel: compat_SyS_futex+0xb1/0x12a
01-06 03:38:51.210 12292 12292 F art     : art/runtime/runtime.cc:289]   kernel: SyS_prctl+0xe5/0x36d
01-06 03:38:51.210 12292 12292 F art     : art/runtime/runtime.cc:289]   kernel: do_syscall_32_irqs_off+0x4c/0x86
01-06 03:38:51.210 12292 12292 F art     : art/runtime/runtime.cc:289]   kernel: entry_INT80_compat+0x2a/0x40
01-06 03:38:51.210 12292 12292 F art     : art/runtime/runtime.cc:289]   native: #00 pc 000139a0  /android/system/lib/libc.so (???)
01-06 03:38:51.210 12292 12292 F art     : art/runtime/runtime.cc:289]   (no managed stack frames)
01-06 03:38:51.210 12292 12292 F art     : art/runtime/runtime.cc:289] 
01-06 03:38:51.210 12292 12292 F art     : art/runtime/runtime.cc:289] "Heap thread pool worker thread 5" prio=5 tid=7 Native (still starting up)
01-06 03:38:51.210 12292 12292 F art     : art/runtime/runtime.cc:289]   | group="" sCount=0 dsCount=0 obj=0x0 self=0xf3c32000
01-06 03:38:51.210 12292 12292 F art     : art/runtime/runtime.cc:289]   | sysTid=12303 nice=0 cgrp=default sched=3/0 handle=0xf3c53b00
01-06 03:38:51.210 12292 12292 F art     : art/runtime/runtime.cc:289]   | state=S schedstat=( 654668 6667 3 ) utm=0 stm=0 core=1 HZ=100
01-06 03:38:51.210 12292 12292 F art     : art/runtime/runtime.cc:289]   | stack=0xf26b7000-0xf26b9000 stackSize=1020KB
01-06 03:38:51.210 12292 12292 F art     : art/runtime/runtime.cc:289]   | held mutexes=
01-06 03:38:51.210 12292 12292 F art     : art/runtime/runtime.cc:289]   kernel: futex_wait_queue_me+0xb8/0xf9
01-06 03:38:51.210 12292 12292 F art     : art/runtime/runtime.cc:289]   kernel: futex_wait+0xeb/0x1f0
01-06 03:38:51.210 12292 12292 F art     : art/runtime/runtime.cc:289]   kernel: get_user_pages_fast+0xc0/0x140
01-06 03:38:51.210 12292 12292 F art     : art/runtime/runtime.cc:289]   kernel: ttwu_stat+0x87/0xb9
01-06 03:38:51.210 12292 12292 F art     : art/runtime/runtime.cc:289]   kernel: get_futex_key+0x1ad/0x1c6
01-06 03:38:51.210 12292 12292 F art     : art/runtime/runtime.cc:289]   kernel: do_futex+0xb2/0x86c
01-06 03:38:51.210 12292 12292 F art     : art/runtime/runtime.cc:289]   kernel: handle_mm_fault+0xde3/0xe32
01-06 03:38:51.210 12292 12292 F art     : art/runtime/runtime.cc:289]   kernel: rcu_is_watching+0xc/0x1c
01-06 03:38:51.210 12292 12292 F art     : art/runtime/runtime.cc:289]   kernel: compat_SyS_futex+0xb1/0x12a
01-06 03:38:51.210 12292 12292 F art     : art/runtime/runtime.cc:289]   kernel: SyS_prctl+0xe5/0x36d
01-06 03:38:51.210 12292 12292 F art     : art/runtime/runtime.cc:289]   kernel: do_syscall_32_irqs_off+0x4c/0x86
01-06 03:38:51.210 12292 12292 F art     : art/runtime/runtime.cc:289]   kernel: entry_INT80_compat+0x2a/0x40
01-06 03:38:51.210 12292 12292 F art     : art/runtime/runtime.cc:289]   native: #00 pc 000139a0  /android/system/lib/libc.so (???)
01-06 03:38:51.210 12292 12292 F art     : art/runtime/runtime.cc:289]   (no managed stack frames)
01-06 03:38:51.210 12292 12292 F art     : art/runtime/runtime.cc:289] 
01-06 03:38:51.210 12292 12292 F art     : art/runtime/runtime.cc:289] "Heap thread pool worker thread 6" prio=5 tid=8 Native (still starting up)
01-06 03:38:51.210 12292 12292 F art     : art/runtime/runtime.cc:289]   | group="" sCount=0 dsCount=0 obj=0x0 self=0xedc3d400
01-06 03:38:51.210 12292 12292 F art     : art/runtime/runtime.cc:289]   | sysTid=12304 nice=0 cgrp=default sched=3/0 handle=0xf3c53d80
01-06 03:38:51.210 12292 12292 F art     : art/runtime/runtime.cc:289]   | state=S schedstat=( 622924 0 3 ) utm=0 stm=0 core=2 HZ=100
01-06 03:38:51.210 12292 12292 F art     : art/runtime/runtime.cc:289]   | stack=0xf25b7000-0xf25b9000 stackSize=1020KB
01-06 03:38:51.210 12292 12292 F art     : art/runtime/runtime.cc:289]   | held mutexes=
01-06 03:38:51.210 12292 12292 F art     : art/runtime/runtime.cc:289]   kernel: futex_wait_queue_me+0xb8/0xf9
01-06 03:38:51.210 12292 12292 F art     : art/runtime/runtime.cc:289]   kernel: futex_wait+0xeb/0x1f0
01-06 03:38:51.210 12292 12292 F art     : art/runtime/runtime.cc:289]   kernel: get_user_pages_fast+0xc0/0x140
01-06 03:38:51.210 12292 12292 F art     : art/runtime/runtime.cc:289]   kernel: ttwu_stat+0x87/0xb9
01-06 03:38:51.210 12292 12292 F art     : art/runtime/runtime.cc:289]   kernel: get_futex_key+0x1ad/0x1c6
01-06 03:38:51.210 12292 12292 F art     : art/runtime/runtime.cc:289]   kernel: do_futex+0xb2/0x86c
01-06 03:38:51.210 12292 12292 F art     : art/runtime/runtime.cc:289]   kernel: blk_finish_plug+0x1a/0x27
01-06 03:38:51.210 12292 12292 F art     : art/runtime/runtime.cc:289]   kernel: rcu_is_watching+0xc/0x1c
01-06 03:38:51.210 12292 12292 F art     : art/runtime/runtime.cc:289]   kernel: compat_SyS_futex+0xb1/0x12a
01-06 03:38:51.210 12292 12292 F art     : art/runtime/runtime.cc:289]   kernel: SyS_prctl+0xe5/0x36d
01-06 03:38:51.210 12292 12292 F art     : art/runtime/runtime.cc:289]   kernel: do_syscall_32_irqs_off+0x4c/0x86
01-06 03:38:51.210 12292 12292 F art     : art/runtime/runtime.cc:289]   kernel: entry_INT80_compat+0x2a/0x40
01-06 03:38:51.210 12292 12292 F art     : art/runtime/runtime.cc:289]   native: #00 pc 000139a0  /android/system/lib/libc.so (???)
01-06 03:38:51.210 12292 12292 F art     : art/runtime/runtime.cc:289]   (no managed stack frames)
01-06 03:38:51.210 12292 12292 F art     : art/runtime/runtime.cc:289] 
01-06 03:38:51.210 12292 12292 F art     : art/runtime/runtime.cc:289] "Signal Catcher" prio=5 tid=9 WaitingInMainSignalCatcherLoop
01-06 03:38:51.210 12292 12292 F art     : art/runtime/runtime.cc:289]   | group="" sCount=0 dsCount=0 obj=0x12c000a0 self=0xf3c33000
01-06 03:38:51.210 12292 12292 F art     : art/runtime/runtime.cc:289]   | sysTid=12305 nice=0 cgrp=default sched=3/0 handle=0xf3c54000
01-06 03:38:51.210 12292 12292 F art     : art/runtime/runtime.cc:289]   | state=S schedstat=( 667468 0 1 ) utm=0 stm=0 core=5 HZ=100
01-06 03:38:51.210 12292 12292 F art     : art/runtime/runtime.cc:289]   | stack=0xf24b9000-0xf24bb000 stackSize=1012KB
01-06 03:38:51.210 12292 12292 F art     : art/runtime/runtime.cc:289]   | held mutexes=
01-06 03:38:51.210 12292 12292 F art     : art/runtime/runtime.cc:289]   kernel: do_futex+0xdb/0x86c
01-06 03:38:51.210 12292 12292 F art     : art/runtime/runtime.cc:289]   kernel: recalc_sigpending+0x12/0x41
01-06 03:38:51.210 12292 12292 F art     : art/runtime/runtime.cc:289]   kernel: do_sigtimedwait+0xea/0x1c1
01-06 03:38:51.210 12292 12292 F art     : art/runtime/runtime.cc:289]   kernel: compat_SyS_rt_sigtimedwait+0x78/0xb5
01-06 03:38:51.210 12292 12292 F art     : art/runtime/runtime.cc:289]   kernel: compat_SyS_futex+0xb1/0x12a
01-06 03:38:51.210 12292 12292 F art     : art/runtime/runtime.cc:289]   kernel: SyS_prctl+0xe5/0x36d
01-06 03:38:51.210 12292 12292 F art     : art/runtime/runtime.cc:289]   kernel: do_syscall_32_irqs_off+0x4c/0x86
01-06 03:38:51.210 12292 12292 F art     : art/runtime/runtime.cc:289]   kernel: entry_INT80_compat+0x2a/0x40
