01-06 03:37:09.346 12066 12066 F art     : art/runtime/runtime.cc:289]   kernel: compat_SyS_futex+0xb1/0x12a
01-06 03:37:09.346 12066 12066 F art     : art/runtime/runtime.cc:289]   kernel: SyS_prctl+0xe5/0x36d
01-06 03:37:09.346 12066 12066 F art     : art/runtime/runtime.cc:289]   kernel: do_syscall_32_irqs_off+0x4c/0x86
01-06 03:37:09.346 12066 12066 F art     : art/runtime/runtime.cc:289]   kernel: entry_INT80_compat+0x2a/0x40
01-06 03:37:09.346 12066 12066 F art     : art/runtime/runtime.cc:289]   native: #00 pc 000139a0  /android/system/lib/libc.so (???)
01-06 03:37:09.346 12066 12066 F art     : art/runtime/runtime.cc:289]   (no managed stack frames)
01-06 03:37:09.346 12066 12066 F art     : art/runtime/runtime.cc:289] 
01-06 03:37:09.346 12066 12066 F art     : art/runtime/runtime.cc:289] "Heap thread pool worker thread 6" prio=5 tid=8 Native (still starting up)
01-06 03:37:09.346 12066 12066 F art     : art/runtime/runtime.cc:289]   | group="" sCount=0 dsCount=0 obj=0x0 self=0xedc3d400
01-06 03:37:09.346 12066 12066 F art     : art/runtime/runtime.cc:289]   | sysTid=12078 nice=0 cgrp=default sched=3/0 handle=0xf3c51d00
01-06 03:37:09.346 12066 12066 F art     : art/runtime/runtime.cc:289]   | state=S schedstat=( 439217 12245 4 ) utm=0 stm=0 core=7 HZ=100
01-06 03:37:09.346 12066 12066 F art     : art/runtime/runtime.cc:289]   | stack=0xf25b7000-0xf25b9000 stackSize=1020KB
01-06 03:37:09.346 12066 12066 F art     : art/runtime/runtime.cc:289]   | held mutexes=
01-06 03:37:09.346 12066 12066 F art     : art/runtime/runtime.cc:289]   kernel: futex_wait_queue_me+0xb8/0xf9
01-06 03:37:09.346 12066 12066 F art     : art/runtime/runtime.cc:289]   kernel: futex_wait+0xeb/0x1f0
01-06 03:37:09.346 12066 12066 F art     : art/runtime/runtime.cc:289]   kernel: get_user_pages_fast+0xc0/0x140
01-06 03:37:09.346 12066 12066 F art     : art/runtime/runtime.cc:289]   kernel: ttwu_stat+0x87/0xb9
01-06 03:37:09.346 12066 12066 F art     : art/runtime/runtime.cc:289]   kernel: get_futex_key+0x1ad/0x1c6
01-06 03:37:09.346 12066 12066 F art     : art/runtime/runtime.cc:289]   kernel: do_futex+0xb2/0x86c
01-06 03:37:09.346 12066 12066 F art     : art/runtime/runtime.cc:289]   kernel: blk_finish_plug+0x1a/0x27
01-06 03:37:09.346 12066 12066 F art     : art/runtime/runtime.cc:289]   kernel: rcu_is_watching+0xc/0x1c
01-06 03:37:09.346 12066 12066 F art     : art/runtime/runtime.cc:289]   kernel: compat_SyS_futex+0xb1/0x12a
01-06 03:37:09.346 12066 12066 F art     : art/runtime/runtime.cc:289]   kernel: SyS_prctl+0xe5/0x36d
01-06 03:37:09.346 12066 12066 F art     : art/runtime/runtime.cc:289]   kernel: do_syscall_32_irqs_off+0x4c/0x86
01-06 03:37:09.346 12066 12066 F art     : art/runtime/runtime.cc:289]   kernel: entry_INT80_compat+0x2a/0x40
01-06 03:37:09.346 12066 12066 F art     : art/runtime/runtime.cc:289]   native: #00 pc 000139a0  /android/system/lib/libc.so (???)
01-06 03:37:09.346 12066 12066 F art     : art/runtime/runtime.cc:289]   (no managed stack frames)
01-06 03:37:09.346 12066 12066 F art     : art/runtime/runtime.cc:289] 
01-06 03:37:09.346 12066 12066 F art     : art/runtime/runtime.cc:289] "Signal Catcher" prio=5 tid=9 WaitingInMainSignalCatcherLoop
01-06 03:37:09.346 12066 12066 F art     : art/runtime/runtime.cc:289]   | group="" sCount=0 dsCount=0 obj=0x12c000a0 self=0xf3c32c00
01-06 03:37:09.346 12066 12066 F art     : art/runtime/runtime.cc:289]   | sysTid=12079 nice=0 cgrp=default sched=3/0 handle=0xf3c51f80
01-06 03:37:09.346 12066 12066 F art     : art/runtime/runtime.cc:289]   | state=S schedstat=( 476465 2780 1 ) utm=0 stm=0 core=3 HZ=100
01-06 03:37:09.346 12066 12066 F art     : art/runtime/runtime.cc:289]   | stack=0xf24b9000-0xf24bb000 stackSize=1012KB
01-06 03:37:09.346 12066 12066 F art     : art/runtime/runtime.cc:289]   | held mutexes=
01-06 03:37:09.346 12066 12066 F art     : art/runtime/runtime.cc:289]   kernel: do_futex+0xdb/0x86c
01-06 03:37:09.346 12066 12066 F art     : art/runtime/runtime.cc:289]   kernel: recalc_sigpending+0x12/0x41
01-06 03:37:09.346 12066 12066 F art     : art/runtime/runtime.cc:289]   kernel: do_sigtimedwait+0xea/0x1c1
01-06 03:37:09.346 12066 12066 F art     : art/runtime/runtime.cc:289]   kernel: compat_SyS_rt_sigtimedwait+0x78/0xb5
01-06 03:37:09.346 12066 12066 F art     : art/runtime/runtime.cc:289]   kernel: compat_SyS_futex+0xb1/0x12a
01-06 03:37:09.346 12066 12066 F art     : art/runtime/runtime.cc:289]   kernel: SyS_prctl+0xe5/0x36d
01-06 03:37:09.346 12066 12066 F art     : art/runtime/runtime.cc:289]   kernel: do_syscall_32_irqs_off+0x4c/0x86
01-06 03:37:09.346 12066 12066 F art     : art/runtime/runtime.cc:289]   kernel: entry_INT80_compat+0x2a/0x40
01-06 03:37:09.346 12066 12066 F art     : art/runtime/runtime.cc:289]   native: #00 pc 0007bfab  /android/system/lib/libc.so (???)
01-06 03:37:09.346 12066 12066 F art     : art/runtime/runtime.cc:289]   native: #01 pc 0002581c  /android/system/lib/libc.so (???)
01-06 03:37:09.346 12066 12066 F art     : art/runtime/runtime.cc:289]   native: #02 pc 003d164b  /android/system/lib/libart.so (???)
01-06 03:37:09.346 12066 12066 F art     : art/runtime/runtime.cc:289]   native: #03 pc 003d5d99  /android/system/lib/libart.so (???)
01-06 03:37:09.346 12066 12066 F art     : art/runtime/runtime.cc:289]   native: #04 pc 00022168  /android/system/lib/libc.so (???)
01-06 03:37:09.346 12066 12066 F art     : art/runtime/runtime.cc:289]   native: #05 pc 0001cc69  /android/system/lib/libc.so (???)
01-06 03:37:09.346 12066 12066 F art     : art/runtime/runtime.cc:289]   native: #06 pc 000137c6  /android/system/lib/libc.so (???)
01-06 03:37:09.346 12066 12066 F art     : art/runtime/runtime.cc:289]   (no managed stack frames)
01-06 03:37:09.346 12066 12066 F art     : art/runtime/runtime.cc:289] 
01-06 03:37:09.346 12066 12066 F art     : art/runtime/runtime.cc:289] "JDWP" prio=5 tid=10 WaitingInMainDebuggerLoop
01-06 03:37:09.346 12066 12066 F art     : art/runtime/runtime.cc:289]   | group="" sCount=0 dsCount=0 obj=0x12c050a0 self=0xedc3e400
01-06 03:37:09.346 12066 12066 F art     : art/runtime/runtime.cc:289]   | sysTid=12080 nice=0 cgrp=default sched=3/0 handle=0xf3c54500
01-06 03:37:09.346 12066 12066 F art     : art/runtime/runtime.cc:289]   | state=S schedstat=( 484167 0 2 ) utm=0 stm=0 core=3 HZ=100
01-06 03:37:09.346 12066 12066 F art     : art/runtime/runtime.cc:289]   | stack=0xee259000-0xee25b000 stackSize=1012KB
01-06 03:37:09.346 12066 12066 F art     : art/runtime/runtime.cc:289]   | held mutexes=
01-06 03:37:09.346 12066 12066 F art     : art/runtime/runtime.cc:289]   kernel: put_prev_entity+0x32/0x52b
01-06 03:37:09.346 12066 12066 F art     : art/runtime/runtime.cc:289]   kernel: get_page_from_freelist+0x4fc/0x711
01-06 03:37:09.346 12066 12066 F art     : art/runtime/runtime.cc:289]   kernel: unix_stream_read_generic+0x2b1/0x70e
01-06 03:37:09.346 12066 12066 F art     : art/runtime/runtime.cc:289]   kernel: autoremove_wake_function+0x0/0x2a
01-06 03:37:09.346 12066 12066 F art     : art/runtime/runtime.cc:289]   kernel: unix_stream_recvmsg+0x3a/0x3f
01-06 03:37:09.346 12066 12066 F art     : art/runtime/runtime.cc:289]   kernel: unix_stream_read_actor+0x0/0x1c
01-06 03:37:09.346 12066 12066 F art     : art/runtime/runtime.cc:289]   kernel: ___sys_recvmsg+0xc8/0x165
01-06 03:37:09.346 12066 12066 F art     : art/runtime/runtime.cc:289]   kernel: SyS_sendto+0xd8/0xec
01-06 03:37:09.346 12066 12066 F art     : art/runtime/runtime.cc:289]   kernel: __fget+0x6b/0x75
01-06 03:37:09.346 12066 12066 F art     : art/runtime/runtime.cc:289]   kernel: __sys_recvmsg+0x39/0x5a
01-06 03:37:09.346 12066 12066 F art     : art/runtime/runtime.cc:289]   kernel: compat_SyS_socketcall+0x152/0x18f
01-06 03:37:09.346 12066 12066 F art     : art/runtime/runtime.cc:289]   kernel: do_syscall_32_irqs_off+0x4c/0x86
01-06 03:37:09.346 12066 12066 F art     : art/runtime/runtime.cc:289]   kernel: entry_INT80_compat+0x2a/0x40
01-06 03:37:09.346 12066 12066 F art     : art/runtime/runtime.cc:289]   native: #00 pc 0007af41  /android/system/lib/libc.so (???)
01-06 03:37:09.346 12066 12066 F art     : art/runtime/runtime.cc:289]   native: #01 pc 004a5b60  /android/system/lib/libart.so (???)
01-06 03:37:09.346 12066 12066 F art     : art/runtime/runtime.cc:289]   native: #02 pc 002b7817  /android/system/lib/libart.so (???)
01-06 03:37:09.346 12066 12066 F art     : art/runtime/runtime.cc:289]   native: #03 pc 002b9f09  /android/system/lib/libart.so (???)
01-06 03:37:09.346 12066 12066 F art     : art/runtime/runtime.cc:289]   native: #04 pc 00022168  /android/system/lib/libc.so (???)
01-06 03:37:09.346 12066 12066 F art     : art/runtime/runtime.cc:289]   native: #05 pc 0001cc69  /android/system/lib/libc.so (???)
01-06 03:37:09.346 12066 12066 F art     : art/runtime/runtime.cc:289]   native: #06 pc 000137c6  /android/system/lib/libc.so (???)
01-06 03:37:09.346 12066 12066 F art     : art/runtime/runtime.cc:289]   (no managed stack frames)
01-06 03:37:09.346 12066 12066 F art     : art/runtime/runtime.cc:289] 
01-06 03:37:09.346 12066 12066 F art     : art/runtime/runtime.cc:289] "ReferenceQueueDaemon" prio=5 tid=11 Waiting
01-06 03:37:09.346 12066 12066 F art     : art/runtime/runtime.cc:289]   | group="" sCount=0 dsCount=0 obj=0x12c060a0 self=0xf3c26400
01-06 03:37:09.346 12066 12066 F art     : art/runtime/runtime.cc:289]   | sysTid=12081 nice=0 cgrp=default sched=3/0 handle=0xf3c54780
01-06 03:37:09.346 12066 12066 F art     : art/runtime/runtime.cc:289]   | state=S schedstat=( 429087 0 1 ) utm=0 stm=0 core=3 HZ=100
01-06 03:37:09.346 12066 12066 F art     : art/runtime/runtime.cc:289]   | stack=0xee155000-0xee157000 stackSize=1036KB
01-06 03:37:09.346 12066 12066 F art     : art/runtime/runtime.cc:289]   | held mutexes=
01-06 03:37:09.346 12066 12066 F art     : art/runtime/runtime.cc:289]   kernel: futex_wait_queue_me+0xb8/0xf9
01-06 03:37:09.346 12066 12066 F art     : art/runtime/runtime.cc:289]   kernel: futex_wait+0xeb/0x1f0
01-06 03:37:09.346 12066 12066 F art     : art/runtime/runtime.cc:289]   kernel: get_user_pages_fast+0xc0/0x140
01-06 03:37:09.346 12066 12066 F art     : art/runtime/runtime.cc:289]   kernel: ttwu_stat+0x87/0xb9
01-06 03:37:09.346 12066 12066 F art     : art/runtime/runtime.cc:289]   kernel: get_futex_key+0x1ad/0x1c6
01-06 03:37:09.346 12066 12066 F art     : art/runtime/runtime.cc:289]   kernel: do_futex+0xb2/0x86c
01-06 03:37:09.346 12066 12066 F art     : art/runtime/runtime.cc:289]   kernel: handle_mm_fault+0x3bd/0xe32
01-06 03:37:09.346 12066 12066 F art     : art/runtime/runtime.cc:289]   kernel: cap_safe_nice+0x69/0x6e
01-06 03:37:09.346 12066 12066 F art     : art/runtime/runtime.cc:289]   kernel: compat_SyS_futex+0xb1/0x12a
01-06 03:37:09.346 12066 12066 F art     : art/runtime/runtime.cc:289]   kernel: __do_page_fault+0x2c6/0x35c
01-06 03:37:09.346 12066 12066 F art     : art/runtime/runtime.cc:289]   kernel: do_syscall_32_irqs_off+0x4c/0x86
01-06 03:37:09.346 12066 12066 F art     : art/runtime/runtime.cc:289]   kernel: entry_INT80_compat+0x2a/0x40
01-06 03:37:09.346 12066 12066 F art     : art/runtime/runtime.cc:289]   native: #00 pc 000139a0  /android/system/lib/libc.so (???)
01-06 03:37:09.346 12066 12066 F art     : art/runtime/runtime.cc:289]   at java.lang.Object.wait!(Native method)
01-06 03:37:09.346 12066 12066 F art     : art/runtime/runtime.cc:289]   kernel: security_task_setscheduler+0x1b/0x29
01-06 03:37:09.346 12066 12066 F art     : art/runtime/runtime.cc:289]   kernel: SyS_prctl+0x2b/0x36d
01-06 03:37:09.346 12066 12066 F art     : art/runtime/runtime.cc:289]   kernel: entry_INT80_compat+0x2a/0x40
01-06 03:37:09.346 12066 12066 F art     : art/runtime/runtime.cc:289]   native: #01 pc 000bafea  /android/system/lib/libc.so (???)
01-06 03:37:09.346 12066 12066 F art     : art/runtime/runtime.cc:289]   native: #03 pc 000261e2  /android/system/lib/libbinder.so (???)
01-06 03:37:09.346 12066 12066 F art     : art/runtime/runtime.cc:289]   native: #05 pc 0002fa7e  /android/system/lib/libbinder.so (???)
01-06 03:37:09.346 12066 12066 F art     : art/runtime/runtime.cc:289]   native: #07 pc 000707d5  /android/system/lib/libandroid_runtime.so (???)
01-06 03:37:09.346 12066 12066 F art     : art/runtime/runtime.cc:289]   native: #09 pc 00022168  /android/system/lib/libc.so (???)
01-06 03:37:09.346 12066 12066 F art     : art/runtime/runtime.cc:289]   native: #11 pc 000137c6  /android/system/lib/libc.so (???)
01-06 03:37:09.346 12066 12066 F art     : art/runtime/runtime.cc:289] 
01-06 03:37:09.346 12066 12066 F art     : art/runtime/runtime.cc:289]   | group="" sCount=0 dsCount=0 obj=0x12c490a0 self=0xf3c34c00
01-06 03:37:09.346 12066 12066 F art     : art/runtime/runtime.cc:289]   | stack=0xe2be2000-0xe2be4000 stackSize=1012KB
01-06 03:37:09.346 12066 12066 F art     : art/runtime/runtime.cc:289]   kernel: binder_thread_read+0x304/0xcb4
01-06 03:37:09.346 12066 12066 F libc    : Fatal signal 6 (SIGABRT), code -6 in tid 12066 (urf:dservice_v1)
01-06 03:37:09.352  2349  2349 I Launcher: Deferring update until onResume
01-06 03:37:09.383  2349  2349 I Launcher: Deferring update until onResume
01-06 03:37:09.396  1872  1872 I DEBUG   : *** *** *** *** *** *** *** *** *** *** *** *** *** *** *** ***
01-06 03:37:09.396  1872  1872 I DEBUG   : Build fingerprint: 'Android-x86/android_x86_64/x86_64:5.1.1/LMY48Z/01050708:eng/test-keys'
01-06 03:37:09.396  1872  1872 I DEBUG   : Revision: '0'
01-06 03:37:09.396  1872  1872 I DEBUG   : ABI: 'x86'
01-06 03:37:09.396  1872  1872 I DEBUG   : pid: 12066, tid: 12066, name: urf:dservice_v1  >>> com.kiloo.subwaysurf:dservice_v1 <<<
01-06 03:37:09.396  1872  1872 I DEBUG   : signal 6 (SIGABRT), code -6 (SI_TKILL), fault addr --------
01-06 03:37:09.398  1872  1872 I DEBUG   : Abort message: 'art/runtime/check_jni.cc:65] JNI DETECTED ERROR IN APPLICATION: GetStringUTFChars received null jstring'
01-06 03:37:09.398  1872  1872 I DEBUG   :     eax 00000000  ebx 00002f22  ecx 00002f22  edx 00000006
01-06 03:37:09.398  1872  1872 I DEBUG   :     esi f77cec48  edi 0000000b
01-06 03:37:09.398  1872  1872 I DEBUG   :     xcs 00000023  xds 0000002b  xes 0000002b  xfs 00000007  xss 0000002b
01-06 03:37:09.398  1872  1872 I DEBUG   :     eip f755bd26  ebp 00002f22  esp ffbbc620  flags 00200286
01-06 03:37:09.398  1872  1872 I DEBUG   : 
01-06 03:37:09.398  1872  1872 I DEBUG   : backtrace:
01-06 03:37:09.398  1872  1872 I DEBUG   :     #00 pc 0007ad26  /system/lib/libc.so (tgkill+22)
01-06 03:37:09.398  1872  1872 I DEBUG   :     #01 pc 00023125  /system/lib/libc.so (pthread_kill+117)
01-06 03:37:09.398  1872  1872 I DEBUG   :     #02 pc 00024d1a  /system/lib/libc.so (raise+42)
01-06 03:37:09.398  1872  1872 I DEBUG   :     #03 pc 0001c4c4  /system/lib/libc.so (abort+84)
01-06 03:37:09.398  1872  1872 I DEBUG   :     #04 pc 003c9396  /system/lib/libart.so (art::Runtime::Abort()+342)
01-06 03:37:09.398  1872  1872 I DEBUG   :     #05 pc 000dba64  /system/lib/libart.so (art::LogMessage::~LogMessage()+2756)
01-06 03:37:09.398  1872  1872 I DEBUG   :     #06 pc 000f97c4  /system/lib/libart.so (art::JniAbort(char const*, char const*)+2468)
01-06 03:37:09.398  1872  1872 I DEBUG   :     #07 pc 000f9fa2  /system/lib/libart.so (art::JniAbortF(char const*, char const*, ...)+98)
01-06 03:37:09.398  1872  1872 I DEBUG   :     #08 pc 000fd550  /system/lib/libart.so (art::ScopedCheck::CheckInstance(art::ScopedCheck::InstanceKind, _jobject*)+640)
01-06 03:37:09.398  1872  1872 I DEBUG   :     #09 pc 000fe5a0  /system/lib/libart.so (_ZN3art11ScopedCheck5CheckEbPKcz.constprop.109+1216)
01-06 03:37:09.398  1872  1872 I DEBUG   :     #10 pc 00104b91  /system/lib/libart.so (art::CheckJNI::GetStringUTFChars(_JNIEnv*, _jstring*, unsigned char*)+113)
01-06 03:37:09.398  1872  1872 I DEBUG   :     #11 pc 0022e19a  /android/system/lib/arm/libhoudini.so
01-06 03:37:09.398  1872  1872 I DEBUG   :     #12 pc 0021e884  /android/system/lib/arm/libhoudini.so
01-06 03:37:09.398  1872  1872 I DEBUG   :     #13 pc 0026a004  /android/system/lib/arm/libhoudini.so
01-06 03:37:09.398  1872  1872 I DEBUG   :     #14 pc 007fb4c7  [stack]
01-06 03:37:09.420  1872  1872 I DEBUG   : 
01-06 03:37:09.420  1872  1872 I DEBUG   : Tombstone written to: /data/tombstones/tombstone_08
01-06 03:37:09.420  2149  2176 I BootReceiver: Copying /data/tombstones/tombstone_08 to DropBox (SYSTEM_TOMBSTONE)
01-06 03:37:09.420  1865  1865 E lowmemorykiller: Error writing /proc/12066/oom_score_adj; errno=22
01-06 03:37:09.424  1865  1865 E lowmemorykiller: Error writing /proc/12066/oom_score_adj; errno=22
01-06 03:37:09.431  1880  1880 I Zygote  : Process 12066 exited due to signal (6)
01-06 03:37:09.431  2149  3128 I ActivityManager: Process com.kiloo.subwaysurf:dservice_v1 (pid 12066) has died
01-06 03:37:09.452  2149  3972 I EGL-DRI2: DRI2: found extension DRI_Core version 1
01-06 03:37:09.452  2149  3972 I EGL-DRI2: DRI2: found extension DRI_DRI2 version 4
01-06 03:37:09.464  2149  3972 I EGL-DRI2: DRI2: found extension DRI_TexBuffer version 3
01-06 03:37:09.464  2149  3972 I EGL-DRI2: DRI2: found extension DRI2_Flush version 4
01-06 03:37:09.464  2149  3972 I EGL-DRI2: DRI2: found extension DRI_IMAGE version 11
01-06 03:37:09.464  2149  3972 I OpenGLRenderer: Initialized EGL, version 1.4
01-06 03:37:09.487  8729  8729 W System.err: android.content.pm.PackageManager$NameNotFoundException
01-06 03:37:09.487  8729  8729 W System.err: 	at android.app.ApplicationPackageManager.getApplicationInfo(ApplicationPackageManager.java:281)
01-06 03:37:09.487  8729  8729 W System.err: 	at com.duoku.platform.single.l.g.a(Unknown Source)
01-06 03:37:09.487  8729  8729 W System.err: 	at com.duoku.platform.single.gameplus.broadcast.GPNotificaionReceiver.onReceive(Unknown Source)
01-06 03:37:09.487  8729  8729 W System.err: 	at android.app.ActivityThread.handleReceiver(ActivityThread.java:2609)
01-06 03:37:09.487  8729  8729 W System.err: 	at android.app.ActivityThread.access$1700(ActivityThread.java:151)
01-06 03:37:09.487  8729  8729 W System.err: 	at android.app.ActivityThread$H.handleMessage(ActivityThread.java:1380)
01-06 03:37:09.487  8729  8729 W System.err: 	at android.os.Handler.dispatchMessage(Handler.java:102)
01-06 03:37:09.487  8729  8729 W System.err: 	at android.os.Looper.loop(Looper.java:135)
01-06 03:37:09.487  8729  8729 W System.err: 	at android.app.ActivityThread.main(ActivityThread.java:5254)
01-06 03:37:09.487  8729  8729 W System.err: 	at java.lang.reflect.Method.invoke(Native Method)
01-06 03:37:09.487  8729  8729 W System.err: 	at java.lang.reflect.Method.invoke(Method.java:372)
01-06 03:37:09.487  8729  8729 W System.err: 	at com.android.internal.os.ZygoteInit$MethodAndArgsCaller.run(ZygoteInit.java:903)
01-06 03:37:09.487  8729  8729 W System.err: 	at com.android.internal.os.ZygoteInit.main(ZygoteInit.java:698)
01-06 03:37:09.488  2149  3044 W ActivityManager: getTasks: caller 10117 does not hold REAL_GET_TASKS; limiting output
01-06 03:37:09.489  2149  8057 I ActivityManager: START u0 {flg=0x10800000 cmp=com.estrongs.android.pop/.app.InstallMonitorActivity (has extras)} from uid 10117 on display 0
01-06 03:37:09.495  2149  8057 V WindowManager: addAppToken: AppWindowToken{1590e23b token=Token{14f010ca ActivityRecord{c91b435 u0 com.estrongs.android.pop/.app.InstallMonitorActivity t1092}}} to stack=1 task=1092 at 0
01-06 03:37:09.505  2149  2295 W ActivityManager: getRunningAppProcesses: caller 10117 does not hold REAL_GET_TASKS; limiting output
01-06 03:37:09.505  2149  9351 W ActivityManager: getRunningAppProcesses: caller 10117 does not hold REAL_GET_TASKS; limiting output
01-06 03:37:09.539  2149  9351 W ActivityManager: getRunningAppProcesses: caller 10117 does not hold REAL_GET_TASKS; limiting output
01-06 03:37:09.543 10668 10668 W System.err: android.content.pm.PackageManager$NameNotFoundException
01-06 03:37:09.543 10668 10668 W System.err: 	at android.app.ApplicationPackageManager.getApplicationInfo(ApplicationPackageManager.java:281)
01-06 03:37:09.543 10668 10668 W System.err: 	at com.duoku.platform.single.l.g.a(Unknown Source)
01-06 03:37:09.543 10668 10668 W System.err: 	at com.duoku.platform.single.gameplus.broadcast.GPNotificaionReceiver.onReceive(Unknown Source)
01-06 03:37:09.543 10668 10668 W System.err: 	at android.app.ActivityThread.handleReceiver(ActivityThread.java:2609)
01-06 03:37:09.543 10668 10668 W System.err: 	at android.app.ActivityThread.access$1700(ActivityThread.java:151)
01-06 03:37:09.543 10668 10668 W System.err: 	at android.app.ActivityThread$H.handleMessage(ActivityThread.java:1380)
01-06 03:37:09.543 10668 10668 W System.err: 	at android.os.Handler.dispatchMessage(Handler.java:102)
01-06 03:37:09.543 10668 10668 W System.err: 	at android.os.Looper.loop(Looper.java:135)
01-06 03:37:09.543 10668 10668 W System.err: 	at android.app.ActivityThread.main(ActivityThread.java:5254)
01-06 03:37:09.543 10668 10668 W System.err: 	at java.lang.reflect.Method.invoke(Native Method)
01-06 03:37:09.543 10668 10668 W System.err: 	at java.lang.reflect.Method.invoke(Method.java:372)
01-06 03:37:09.543 10668 10668 W System.err: 	at com.android.internal.os.ZygoteInit$MethodAndArgsCaller.run(ZygoteInit.java:903)
01-06 03:37:09.543 10668 10668 W System.err: 	at com.android.internal.os.ZygoteInit.main(ZygoteInit.java:698)
01-06 03:37:09.597  2149  9351 I ActivityManager: Start proc 12106:com.halfbrick.fruitninja:egameCore/u0a118 for service com.halfbrick.fruitninja/cn.egame.terminal.sdk.EgameCoreService
01-06 03:37:09.606  2149  2394 W ActivityManager: getRunningAppProcesses: caller 10117 does not hold REAL_GET_TASKS; limiting output
01-06 03:37:09.617 12106 12106 I ActivityThread: Switching default density from 160 to 240
01-06 03:37:09.624 12106 12106 D SkynetApi: onApplicationCreate
01-06 03:37:09.624 12106 12106 W System.err: java.lang.ClassNotFoundException: com.skynet.android.uc.UC
01-06 03:37:09.624 12106 12106 W System.err: 	at java.lang.Class.classForName(Native Method)
01-06 03:37:09.624 12106 12106 W System.err: 	at java.lang.Class.forName(Class.java:309)
01-06 03:37:09.624 12106 12106 W System.err: 	at java.lang.Class.forName(Class.java:273)
01-06 03:37:09.624 12106 12106 W System.err: 	at com.skynet.android.Skynet.invoke(SourceFile:4060)
01-06 03:37:09.624 12106 12106 W System.err: 	at com.skynet.android.Skynet.onApplicationCreate(SourceFile:3542)
01-06 03:37:09.625 12106 12106 W System.err: 	at com.halfbrick.mortar.MortarApplication.onCreate(MortarApplication.java:29)
01-06 03:37:09.625 12106 12106 W System.err: 	at android.app.Instrumentation.callApplicationOnCreate(Instrumentation.java:1012)
01-06 03:37:09.625 12106 12106 W System.err: 	at android.app.ActivityThread.handleBindApplication(ActivityThread.java:4553)
01-06 03:37:09.625 12106 12106 W System.err: 	at android.app.ActivityThread.access$1500(ActivityThread.java:151)
01-06 03:37:09.625 12106 12106 W System.err: 	at android.app.ActivityThread$H.handleMessage(ActivityThread.java:1364)
01-06 03:37:09.625 12106 12106 W System.err: 	at android.os.Handler.dispatchMessage(Handler.java:102)
01-06 03:37:09.625 12106 12106 W System.err: 	at android.os.Looper.loop(Looper.java:135)
01-06 03:37:09.625 12106 12106 W System.err: 	at android.app.ActivityThread.main(ActivityThread.java:5254)
01-06 03:37:09.625 12106 12106 W System.err: 	at java.lang.reflect.Method.invoke(Native Method)
01-06 03:37:09.625 12106 12106 W System.err: 	at java.lang.reflect.Method.invoke(Method.java:372)
01-06 03:37:09.625 12106 12106 W System.err: 	at com.android.internal.os.ZygoteInit$MethodAndArgsCaller.run(ZygoteInit.java:903)
01-06 03:37:09.625 12106 12106 W System.err: 	at com.android.internal.os.ZygoteInit.main(ZygoteInit.java:698)
01-06 03:37:09.625 12106 12106 W System.err: Caused by: java.lang.ClassNotFoundException: Didn't find class "com.skynet.android.uc.UC" on path: DexPathList[[zip file "/data/app/com.halfbrick.fruitninja-1/base.apk"],nativeLibraryDirectories=[/data/app/com.halfbrick.fruitninja-1/lib/x86, /vendor/lib, /system/lib]]
01-06 03:37:09.625 12106 12106 W System.err: 	at dalvik.system.BaseDexClassLoader.findClass(BaseDexClassLoader.java:56)
01-06 03:37:09.625 12106 12106 W System.err: 	at java.lang.ClassLoader.loadClass(ClassLoader.java:511)
01-06 03:37:09.625 12106 12106 W System.err: 	at java.lang.ClassLoader.loadClass(ClassLoader.java:469)
01-06 03:37:09.625 12106 12106 W System.err: 	... 17 more
01-06 03:37:09.625 12106 12106 W System.err: 	Suppressed: java.lang.ClassNotFoundException: com.skynet.android.uc.UC
01-06 03:37:09.625 12106 12106 W System.err: 		at java.lang.Class.classForName(Native Method)
01-06 03:37:09.625 12106 12106 W System.err: 		at java.lang.BootClassLoader.findClass(ClassLoader.java:781)
01-06 03:37:09.625 12106 12106 W System.err: 		at java.lang.BootClassLoader.loadClass(ClassLoader.java:841)
01-06 03:37:09.625 12106 12106 W System.err: 		at java.lang.ClassLoader.loadClass(ClassLoader.java:504)
01-06 03:37:09.625 12106 12106 W System.err: 		... 18 more
01-06 03:37:09.625 12106 12106 W System.err: 	Caused by: java.lang.NoClassDefFoundError: Class not found using the boot class loader; no stack available
01-06 03:37:09.626 12106 12106 W System.err: java.lang.ClassNotFoundException: com.gionee.game.offlinesdk.GamePlatform
01-06 03:37:09.626 12106 12106 W System.err: 	at java.lang.Class.classForName(Native Method)
01-06 03:37:09.626 12106 12106 W System.err: 	at java.lang.Class.forName(Class.java:309)
01-06 03:37:09.627 12106 12106 W System.err: 	at com.skynet.android.amigo.Amigo.isEnable(SourceFile:27)
01-06 03:37:09.627 12106 12106 W System.err: 	at com.skynet.android.amigo.Amigo.onApplicationCreate(SourceFile:17)
01-06 03:37:09.627 12106 12106 W System.err: 	at java.lang.reflect.Method.invoke(Native Method)
01-06 03:37:09.627 12106 12106 W System.err: 	at java.lang.reflect.Method.invoke(Method.java:372)
01-06 03:37:09.627 12106 12106 W System.err: 	at com.skynet.android.Skynet.invoke(SourceFile:4068)
01-06 03:37:09.627 12106 12106 W System.err: 	at com.skynet.android.Skynet.onApplicationCreate(SourceFile:3544)
01-06 03:37:09.627 12106 12106 W System.err: 	at com.halfbrick.mortar.MortarApplication.onCreate(MortarApplication.java:29)
01-06 03:37:09.627 12106 12106 W System.err: 	at android.app.Instrumentation.callApplicationOnCreate(Instrumentation.java:1012)
01-06 03:37:09.627 12106 12106 W System.err: 	at android.app.ActivityThread.handleBindApplication(ActivityThread.java:4553)
01-06 03:37:09.627 12106 12106 W System.err: 	at android.app.ActivityThread.access$1500(ActivityThread.java:151)
01-06 03:37:09.627 12106 12106 W System.err: 	at android.app.ActivityThread$H.handleMessage(ActivityThread.java:1364)
01-06 03:37:09.627 12106 12106 W System.err: 	at android.os.Handler.dispatchMessage(Handler.java:102)
01-06 03:37:09.627 12106 12106 W System.err: 	at android.os.Looper.loop(Looper.java:135)
01-06 03:37:09.627 12106 12106 W System.err: 	at android.app.ActivityThread.main(ActivityThread.java:5254)
01-06 03:37:09.627 12106 12106 W System.err: 	at java.lang.reflect.Method.invoke(Native Method)
01-06 03:37:09.627 12106 12106 W System.err: 	at java.lang.reflect.Method.invoke(Method.java:372)
01-06 03:37:09.627 12106 12106 W System.err: 	at com.android.internal.os.ZygoteInit$MethodAndArgsCaller.run(ZygoteInit.java:903)
01-06 03:37:09.627 12106 12106 W System.err: 	at com.android.internal.os.ZygoteInit.main(ZygoteInit.java:698)
01-06 03:37:09.627 12106 12106 W System.err: Caused by: java.lang.ClassNotFoundException: Didn't find class "com.gionee.game.offlinesdk.GamePlatform" on path: DexPathList[[zip file "/data/app/com.halfbrick.fruitninja-1/base.apk"],nativeLibraryDirectories=[/data/app/com.halfbrick.fruitninja-1/lib/x86, /vendor/lib, /system/lib]]
01-06 03:37:09.627 12106 12106 W System.err: 	at dalvik.system.BaseDexClassLoader.findClass(BaseDexClassLoader.java:56)
01-06 03:37:09.627 12106 12106 W System.err: 	at java.lang.ClassLoader.loadClass(ClassLoader.java:511)
01-06 03:37:09.627 12106 12106 W System.err: 	at java.lang.ClassLoader.loadClass(ClassLoader.java:469)
01-06 03:37:09.627 12106 12106 W System.err: 	... 20 more
01-06 03:37:09.627 12106 12106 W System.err: 	Suppressed: java.lang.ClassNotFoundException: com.gionee.game.offlinesdk.GamePlatform
01-06 03:37:09.627 12106 12106 W System.err: 		at java.lang.Class.classForName(Native Method)
01-06 03:37:09.627 12106 12106 W System.err: 		at java.lang.BootClassLoader.findClass(ClassLoader.java:781)
01-06 03:37:09.627 12106 12106 W System.err: 		at java.lang.BootClassLoader.loadClass(ClassLoader.java:841)
01-06 03:37:09.627 12106 12106 W System.err: 		at java.lang.ClassLoader.loadClass(ClassLoader.java:504)
01-06 03:37:09.627 12106 12106 W System.err: 		... 21 more
01-06 03:37:09.627 12106 12106 W System.err: 	Caused by: java.lang.NoClassDefFoundError: Class not found using the boot class loader; no stack available
01-06 03:37:09.627  2149  2394 W ActivityManager: getRunningAppProcesses: caller 10118 does not hold REAL_GET_TASKS; limiting output
01-06 03:37:09.628 12106 12106 D AndroidRuntime: Shutting down VM
01-06 03:37:09.629 12106 12106 E AndroidRuntime: FATAL EXCEPTION: main
01-06 03:37:09.629 12106 12106 E AndroidRuntime: Process: com.halfbrick.fruitninja:egameCore, PID: 12106
01-06 03:37:09.629 12106 12106 E AndroidRuntime: java.lang.UnsatisfiedLinkError: dalvik.system.PathClassLoader[DexPathList[[zip file "/data/app/com.halfbrick.fruitninja-1/base.apk"],nativeLibraryDirectories=[/data/app/com.halfbrick.fruitninja-1/lib/x86, /vendor/lib, /system/lib]]] couldn't find "libegamepay_dr2.so"
01-06 03:37:09.629 12106 12106 E AndroidRuntime: 	at java.lang.Runtime.loadLibrary(Runtime.java:366)
01-06 03:37:09.629 12106 12106 E AndroidRuntime: 	at java.lang.System.loadLibrary(System.java:988)
01-06 03:37:09.629 12106 12106 E AndroidRuntime: 	at cn.egame.terminal.sdk.jni.EgamePayProtocol.<clinit>(EgamePayProtocol.java:25)
01-06 03:37:09.629 12106 12106 E AndroidRuntime: 	at cn.egame.terminal.sdk.jni.EgamePayProtocol.initCore(Native Method)
01-06 03:37:09.629 12106 12106 E AndroidRuntime: 	at cn.egame.terminal.sdk.EgameCoreService.onCreate(EgameCoreService.java:74)
01-06 03:37:09.629 12106 12106 E AndroidRuntime: 	at android.app.ActivityThread.handleCreateService(ActivityThread.java:2761)
01-06 03:37:09.629 12106 12106 E AndroidRuntime: 	at android.app.ActivityThread.access$1800(ActivityThread.java:151)
01-06 03:37:09.629 12106 12106 E AndroidRuntime: 	at android.app.ActivityThread$H.handleMessage(ActivityThread.java:1386)
01-06 03:37:09.629 12106 12106 E AndroidRuntime: 	at android.os.Handler.dispatchMessage(Handler.java:102)
01-06 03:37:09.629 12106 12106 E AndroidRuntime: 	at android.os.Looper.loop(Looper.java:135)
01-06 03:37:09.629 12106 12106 E AndroidRuntime: 	at android.app.ActivityThread.main(ActivityThread.java:5254)
01-06 03:37:09.629 12106 12106 E AndroidRuntime: 	at java.lang.reflect.Method.invoke(Native Method)
01-06 03:37:09.629 12106 12106 E AndroidRuntime: 	at java.lang.reflect.Method.invoke(Method.java:372)
01-06 03:37:09.629 12106 12106 E AndroidRuntime: 	at com.android.internal.os.ZygoteInit$MethodAndArgsCaller.run(ZygoteInit.java:903)
01-06 03:37:09.629 12106 12106 E AndroidRuntime: 	at com.android.internal.os.ZygoteInit.main(ZygoteInit.java:698)
01-06 03:37:10.278  2149  2170 W ActivityManager: getTasks: caller 10115 does not hold REAL_GET_TASKS; limiting output
01-06 03:37:10.286  2149  4763 W ActivityManager: getRunningAppProcesses: caller 10114 does not hold REAL_GET_TASKS; limiting output
01-06 03:37:11.281  2149  2170 W ActivityManager: getTasks: caller 10115 does not hold REAL_GET_TASKS; limiting output
01-06 03:37:11.372  2149  2209 W AudioTrack: AUDIO_OUTPUT_FLAG_FAST denied by client
01-06 03:37:11.380 12106 12106 I Process : Sending signal. PID: 12106 SIG: 9
01-06 03:37:11.383  2149  3972 D OpenGLRenderer: endAllStagingAnimators on 0x7f313a257400 (RippleDrawable) with handle 0x7f3138a332a0
01-06 03:37:11.394  2149  2170 I ActivityManager: Process com.halfbrick.fruitninja:egameCore (pid 12106) has died
01-06 03:37:11.394  2149  2170 W ActivityManager: Scheduling restart of crashed service com.halfbrick.fruitninja/cn.egame.terminal.sdk.EgameCoreService in 3560ms
01-06 03:37:11.974 12132 12132 W linker  : [vdso]: unused DT entry: type 0x6ffffef5 arg 0x160
01-06 03:37:12.036  2149  2209 W AudioTrack: AUDIO_OUTPUT_FLAG_FAST denied by client
01-06 03:37:12.052  2149  3972 D OpenGLRenderer: endAllStagingAnimators on 0x7f3138adf000 (RippleDrawable) with handle 0x7f3138d78740
01-06 03:37:12.054  2149  9351 W InputMethodManagerService: Window already focused, ignoring focus gain of: com.android.internal.view.IInputMethodClient$Stub$Proxy@1d46335d attribute=null, token = android.os.BinderProxy@3496c27b
01-06 03:37:12.283  2149  2394 W ActivityManager: getTasks: caller 10115 does not hold REAL_GET_TASKS; limiting output
01-06 03:37:13.060  2149  2169 I ActivityManager: START u0 {act=android.intent.action.MAIN cat=[android.intent.category.LAUNCHER] flg=0x10000000 pkg=com.seafile.seadroid2 cmp=com.seafile.seadroid2/.ui.activity.BrowserActivity} from uid 10045 on display 0
01-06 03:37:13.060  2149  2209 W AudioTrack: AUDIO_OUTPUT_FLAG_FAST denied by client
01-06 03:37:13.066  2149  2169 V WindowManager: addAppToken: AppWindowToken{3bc7c4a0 token=Token{b6719a3 ActivityRecord{317864d2 u0 com.seafile.seadroid2/.ui.activity.BrowserActivity t1093}}} to stack=1 task=1093 at 0
01-06 03:37:13.077  2149  2180 V WindowManager: Adding window Window{3ba76764 u0 Starting com.seafile.seadroid2} at 6 of 11 (after Window{39947898 u0 com.android.packageinstaller/com.android.packageinstaller.InstallAppProgress})
01-06 03:37:13.128  2149  4763 I ActivityManager: Start proc 12135:com.seafile.seadroid2/u0a122 for activity com.seafile.seadroid2/.ui.activity.BrowserActivity
01-06 03:37:13.151 12135 12135 I ActivityThread: Switching default density from 160 to 240
01-06 03:37:13.155  2149  2190 I InputDispatcher: Dropping event because there is no touchable window at (1170, 930).
01-06 03:37:13.162 12135 12135 W ImageLoader: diskCache() and diskCacheFileNameGenerator() calls overlap each other
01-06 03:37:13.162 12135 12135 W ImageLoader: diskCache(), diskCacheSize() and diskCacheFileCount calls overlap each other
01-06 03:37:13.163  2149  2190 I InputDispatcher: Dropping event because there is no touchable window at (1170, 929).
01-06 03:37:13.164 12135 12135 D ImageLoader: Initialize ImageLoader with configuration
01-06 03:37:13.166  3754  3777 D OpenGLRenderer: endAllStagingAnimators on 0x7f31481ddc00 (RippleDrawable) with handle 0x7f31480bed60
01-06 03:37:13.187  2149  2190 I InputDispatcher: Dropping event because there is no touchable window at (1169, 929).
01-06 03:37:13.195  2149  2190 I InputDispatcher: Dropping event because there is no touchable window at (1169, 928).
01-06 03:37:13.203 12135 12135 D BrowserActivity: browser activity onCreate null null
01-06 03:37:13.211  2149  2190 I InputDispatcher: Dropping event because there is no touchable window at (1169, 927).
01-06 03:37:13.219  2149  2190 I InputDispatcher: Dropping event because there is no touchable window at (1169, 926).
01-06 03:37:13.235  2149  2190 I InputDispatcher: Dropping event because there is no touchable window at (1169, 925).
01-06 03:37:13.243  2149  2190 I InputDispatcher: Dropping event because there is no touchable window at (1169, 924).
01-06 03:37:13.251  2149  2190 I InputDispatcher: Dropping event because there is no touchable window at (1169, 923).
01-06 03:37:13.259  2149  2190 I InputDispatcher: Dropping event because there is no touchable window at (1169, 922).
01-06 03:37:13.267  2149  2190 I InputDispatcher: Dropping event because there is no touchable window at (1169, 921).
01-06 03:37:13.275  2149  2190 I InputDispatcher: Dropping event because there is no touchable window at (1169, 920).
01-06 03:37:13.285  2149  2394 W ActivityManager: getTasks: caller 10115 does not hold REAL_GET_TASKS; limiting output
01-06 03:37:13.291  2149  2190 I InputDispatcher: Dropping event because there is no touchable window at (1169, 919).
01-06 03:37:13.307  2149  2190 I InputDispatcher: Dropping event because there is no touchable window at (1169, 918).
01-06 03:37:13.331  2149  2190 I InputDispatcher: Dropping event because there is no touchable window at (1168, 917).
01-06 03:37:13.352  2149  8057 W ActivityManager: getRunningAppProcesses: caller 10120 does not hold REAL_GET_TASKS; limiting output
01-06 03:37:13.355  2149  2190 I InputDispatcher: Dropping event because there is no touchable window at (1168, 916).
01-06 03:37:13.371  2149  2190 I InputDispatcher: Dropping event because there is no touchable window at (1167, 916).
01-06 03:37:13.402  2149  9351 I ActivityManager: START u0 {flg=0x14000000 cmp=com.seafile.seadroid2/.ui.activity.AccountsActivity} from uid 10122 on display 0
01-06 03:37:13.403  2149  2190 I InputDispatcher: Dropping event because there is no touchable window at (1167, 915).
01-06 03:37:13.411  2149  2190 I InputDispatcher: Dropping event because there is no touchable window at (1166, 915).
01-06 03:37:13.427  2149  2190 I InputDispatcher: Dropping event because there is no touchable window at (1166, 914).
01-06 03:37:13.443  2149  2190 I InputDispatcher: Dropping event because there is no touchable window at (1165, 913).
01-06 03:37:13.446  2149  9351 V WindowManager: addAppToken: AppWindowToken{3b2a7901 token=Token{31064ee8 ActivityRecord{140bc00b u0 com.seafile.seadroid2/.ui.activity.AccountsActivity t1093}}} to stack=1 task=1093 at 1
01-06 03:37:13.446  2149  9351 V WindowManager: Based on layer: Adding window Window{3ba76764 u0 Starting com.seafile.seadroid2} at 6 of 11
01-06 03:37:13.459  2149  2190 I InputDispatcher: Dropping event because there is no touchable window at (1164, 912).
01-06 03:37:13.467  2149  2190 I InputDispatcher: Dropping event because there is no touchable window at (1163, 911).
01-06 03:37:13.475  2149  2190 I InputDispatcher: Dropping event because there is no touchable window at (1163, 910).
01-06 03:37:13.483  2149  2190 I InputDispatcher: Dropping event because there is no touchable window at (1162, 909).
01-06 03:37:13.489 12135 12135 D AccountsActivity: AccountsActivity.onCreate is called
01-06 03:37:13.499  2149  2190 I InputDispatcher: Dropping event because there is no touchable window at (1161, 908).
01-06 03:37:13.507  2149  2190 I InputDispatcher: Dropping event because there is no touchable window at (1160, 907).
01-06 03:37:13.515  2149  2190 I InputDispatcher: Dropping event because there is no touchable window at (1160, 906).
01-06 03:37:13.523  2149  2190 I InputDispatcher: Dropping event because there is no touchable window at (1159, 906).
01-06 03:37:13.531  2149  2190 I InputDispatcher: Dropping event because there is no touchable window at (1159, 905).
01-06 03:37:13.539  2149  2190 I InputDispatcher: Dropping event because there is no touchable window at (1158, 904).
01-06 03:37:13.547  2149  2190 I InputDispatcher: Dropping event because there is no touchable window at (1158, 903).
01-06 03:37:13.555  2149  2190 I InputDispatcher: Dropping event because there is no touchable window at (1157, 902).
01-06 03:37:13.571  2149  2190 I InputDispatcher: Dropping event because there is no touchable window at (1157, 901).
01-06 03:37:13.587  2149  2190 I InputDispatcher: Dropping event because there is no touchable window at (1155, 900).
01-06 03:37:13.603  2149  2190 I InputDispatcher: Dropping event because there is no touchable window at (1155, 899).
01-06 03:37:13.619  2149  2190 I InputDispatcher: Dropping event because there is no touchable window at (1154, 898).
01-06 03:37:13.643  2149  2190 I InputDispatcher: Dropping event because there is no touchable window at (1154, 897).
01-06 03:37:13.659  2149  2190 I InputDispatcher: Dropping event because there is no touchable window at (1153, 897).
01-06 03:37:13.667  2149  2190 I InputDispatcher: Dropping event because there is no touchable window at (1153, 896).
01-06 03:37:13.677 12135 12135 D AccountsActivity: onStart
01-06 03:37:13.679 12135 12135 D AccountsActivity: onResume
01-06 03:37:13.679 12135 12135 D DefaultAppLock: onActivityResumed
01-06 03:37:13.679 12135 12135 D AccountsActivity: refreshView
01-06 03:37:13.687 12135 12159 D OpenGLRenderer: Use EGL_SWAP_BEHAVIOR_PRESERVED: true
01-06 03:37:13.688 12135 12135 I GRALLOC-DRM: create intel for driver i915
01-06 03:37:13.689 12135 12135 D Atlas   : Validating map...
01-06 03:37:13.691  2149  2190 I InputDispatcher: Dropping event because there is no touchable window at (1153, 895).
01-06 03:37:13.691  2149  4763 V WindowManager: Adding window Window{2793e17e u0 com.seafile.seadroid2/com.seafile.seadroid2.ui.activity.AccountsActivity} at 6 of 12 (before Window{3ba76764 u0 Starting com.seafile.seadroid2})
01-06 03:37:13.699  2149  2190 I InputDispatcher: Dropping event because there is no touchable window at (1152, 895).
01-06 03:37:13.715  2149  2190 I InputDispatcher: Dropping event because there is no touchable window at (1151, 894).
01-06 03:37:13.731  2149  2190 I InputDispatcher: Dropping event because there is no touchable window at (1151, 893).
01-06 03:37:13.747  2149  2190 I InputDispatcher: Dropping event because there is no touchable window at (1150, 892).
01-06 03:37:13.811  2149  2190 I InputDispatcher: Dropping event because there is no touchable window at (1150, 891).
01-06 03:37:13.860 12135 12135 D FileMonitorService: onCreate
01-06 03:37:13.862 12135 12135 D FileMonitorService: onBind
01-06 03:37:13.867  2149  2190 I InputDispatcher: Dropping event because there is no touchable window at (1149, 891).
01-06 03:37:13.875  2149  2190 I InputDispatcher: Dropping event because there is no touchable window at (1149, 890).
01-06 03:37:13.887 12135 12159 I EGL-DRI2: DRI2: found extension DRI_Core version 1
01-06 03:37:13.887 12135 12159 I EGL-DRI2: DRI2: found extension DRI_DRI2 version 4
01-06 03:37:13.899 12135 12159 I EGL-DRI2: DRI2: found extension DRI_TexBuffer version 3
01-06 03:37:13.899 12135 12159 I EGL-DRI2: DRI2: found extension DRI2_Flush version 4
01-06 03:37:13.899 12135 12159 I EGL-DRI2: DRI2: found extension DRI_IMAGE version 11
01-06 03:37:13.900 12135 12159 I OpenGLRenderer: Initialized EGL, version 1.4
01-06 03:37:13.900 12135 12159 W OpenGLRenderer: Failed to choose config with EGL_SWAP_BEHAVIOR_PRESERVED, retrying without...
01-06 03:37:13.904 12135 12159 D OpenGLRenderer: Enabling debug mode 0
01-06 03:37:13.972  2149  2180 I ActivityManager: Displayed com.seafile.seadroid2/.ui.activity.AccountsActivity: +492ms (total +4s469ms)
01-06 03:37:13.973 12135 12160 D MonitorDBHelper: loaded 0 auto update info
01-06 03:37:13.973 12135 12160 D AutoUpdateManager: network is not available, 0 in queue
01-06 03:37:13.982 12135 12135 D BrowserActivity: onDestroy is called
01-06 03:37:14.287  2149  2170 W ActivityManager: getTasks: caller 10115 does not hold REAL_GET_TASKS; limiting output
01-06 03:37:14.492  2267  2267 W ResourceType: No package identifier when getting value for resource number 0x00000000
01-06 03:37:14.492  2267  2267 W PackageManager: Failure retrieving resources for com.cyanogenmod.filemanager: Resource ID #0x0
01-06 03:37:14.981  2149  2175 I ActivityManager: Start proc 12162:com.halfbrick.fruitninja:egameCore/u0a118 for service com.halfbrick.fruitninja/cn.egame.terminal.sdk.EgameCoreService
01-06 03:37:14.996 12162 12162 I ActivityThread: Switching default density from 160 to 240
01-06 03:37:15.003 12162 12162 D SkynetApi: onApplicationCreate
01-06 03:37:15.003 12162 12162 W System.err: java.lang.ClassNotFoundException: com.skynet.android.uc.UC
01-06 03:37:15.004 12162 12162 W System.err: 	at java.lang.Class.classForName(Native Method)
01-06 03:37:15.004 12162 12162 W System.err: 	at java.lang.Class.forName(Class.java:309)
01-06 03:37:15.004 12162 12162 W System.err: 	at java.lang.Class.forName(Class.java:273)
01-06 03:37:15.004 12162 12162 W System.err: 	at com.skynet.android.Skynet.invoke(SourceFile:4060)
01-06 03:37:15.004 12162 12162 W System.err: 	at com.skynet.android.Skynet.onApplicationCreate(SourceFile:3542)
01-06 03:37:15.004 12162 12162 W System.err: 	at com.halfbrick.mortar.MortarApplication.onCreate(MortarApplication.java:29)
01-06 03:37:15.004 12162 12162 W System.err: 	at android.app.Instrumentation.callApplicationOnCreate(Instrumentation.java:1012)
01-06 03:37:15.004 12162 12162 W System.err: 	at android.app.ActivityThread.handleBindApplication(ActivityThread.java:4553)
01-06 03:37:15.004 12162 12162 W System.err: 	at android.app.ActivityThread.access$1500(ActivityThread.java:151)
01-06 03:37:15.004 12162 12162 W System.err: 	at android.app.ActivityThread$H.handleMessage(ActivityThread.java:1364)
01-06 03:37:15.004 12162 12162 W System.err: 	at android.os.Handler.dispatchMessage(Handler.java:102)
01-06 03:37:15.004 12162 12162 W System.err: 	at android.os.Looper.loop(Looper.java:135)
01-06 03:37:15.004 12162 12162 W System.err: 	at android.app.ActivityThread.main(ActivityThread.java:5254)
01-06 03:37:15.004 12162 12162 W System.err: 	at java.lang.reflect.Method.invoke(Native Method)
01-06 03:37:15.004 12162 12162 W System.err: 	at java.lang.reflect.Method.invoke(Method.java:372)
01-06 03:37:15.004 12162 12162 W System.err: 	at com.android.internal.os.ZygoteInit$MethodAndArgsCaller.run(ZygoteInit.java:903)
01-06 03:37:15.004 12162 12162 W System.err: 	at com.android.internal.os.ZygoteInit.main(ZygoteInit.java:698)
01-06 03:37:15.004 12162 12162 W System.err: Caused by: java.lang.ClassNotFoundException: Didn't find class "com.skynet.android.uc.UC" on path: DexPathList[[zip file "/data/app/com.halfbrick.fruitninja-1/base.apk"],nativeLibraryDirectories=[/data/app/com.halfbrick.fruitninja-1/lib/x86, /vendor/lib, /system/lib]]
01-06 03:37:15.004 12162 12162 W System.err: 	at dalvik.system.BaseDexClassLoader.findClass(BaseDexClassLoader.java:56)
01-06 03:37:15.004 12162 12162 W System.err: 	at java.lang.ClassLoader.loadClass(ClassLoader.java:511)
01-06 03:37:15.004 12162 12162 W System.err: 	at java.lang.ClassLoader.loadClass(ClassLoader.java:469)
01-06 03:37:15.004 12162 12162 W System.err: 	... 17 more
01-06 03:37:15.004 12162 12162 W System.err: 	Suppressed: java.lang.ClassNotFoundException: com.skynet.android.uc.UC
01-06 03:37:15.004 12162 12162 W System.err: 		at java.lang.Class.classForName(Native Method)
01-06 03:37:15.004 12162 12162 W System.err: 		at java.lang.BootClassLoader.findClass(ClassLoader.java:781)
01-06 03:37:15.004 12162 12162 W System.err: 		at java.lang.BootClassLoader.loadClass(ClassLoader.java:841)
01-06 03:37:15.004 12162 12162 W System.err: 		at java.lang.ClassLoader.loadClass(ClassLoader.java:504)
01-06 03:37:15.004 12162 12162 W System.err: 		... 18 more
01-06 03:37:15.004 12162 12162 W System.err: 	Caused by: java.lang.NoClassDefFoundError: Class not found using the boot class loader; no stack available
01-06 03:37:15.005 12162 12162 W System.err: java.lang.ClassNotFoundException: com.gionee.game.offlinesdk.GamePlatform
01-06 03:37:15.005 12162 12162 W System.err: 	at java.lang.Class.classForName(Native Method)
01-06 03:37:15.005 12162 12162 W System.err: 	at java.lang.Class.forName(Class.java:309)
01-06 03:37:15.005 12162 12162 W System.err: 	at com.skynet.android.amigo.Amigo.isEnable(SourceFile:27)
01-06 03:37:15.006 12162 12162 W System.err: 	at com.skynet.android.amigo.Amigo.onApplicationCreate(SourceFile:17)
01-06 03:37:15.006 12162 12162 W System.err: 	at java.lang.reflect.Method.invoke(Native Method)
01-06 03:37:15.006 12162 12162 W System.err: 	at java.lang.reflect.Method.invoke(Method.java:372)
01-06 03:37:15.006 12162 12162 W System.err: 	at com.skynet.android.Skynet.invoke(SourceFile:4068)
01-06 03:37:15.006 12162 12162 W System.err: 	at com.skynet.android.Skynet.onApplicationCreate(SourceFile:3544)
01-06 03:37:15.006 12162 12162 W System.err: 	at com.halfbrick.mortar.MortarApplication.onCreate(MortarApplication.java:29)
01-06 03:37:15.006 12162 12162 W System.err: 	at android.app.Instrumentation.callApplicationOnCreate(Instrumentation.java:1012)
01-06 03:37:15.006 12162 12162 W System.err: 	at android.app.ActivityThread.handleBindApplication(ActivityThread.java:4553)
01-06 03:37:15.006 12162 12162 W System.err: 	at android.app.ActivityThread.access$1500(ActivityThread.java:151)
01-06 03:37:15.006 12162 12162 W System.err: 	at android.app.ActivityThread$H.handleMessage(ActivityThread.java:1364)
01-06 03:37:15.006 12162 12162 W System.err: 	at android.os.Handler.dispatchMessage(Handler.java:102)
01-06 03:37:15.006 12162 12162 W System.err: 	at android.os.Looper.loop(Looper.java:135)
01-06 03:37:15.006 12162 12162 W System.err: 	at android.app.ActivityThread.main(ActivityThread.java:5254)
01-06 03:37:15.006 12162 12162 W System.err: 	at java.lang.reflect.Method.invoke(Native Method)
01-06 03:37:15.006 12162 12162 W System.err: 	at java.lang.reflect.Method.invoke(Method.java:372)
01-06 03:37:15.006 12162 12162 W System.err: 	at com.android.internal.os.ZygoteInit$MethodAndArgsCaller.run(ZygoteInit.java:903)
01-06 03:37:15.006 12162 12162 W System.err: 	at com.android.internal.os.ZygoteInit.main(ZygoteInit.java:698)
01-06 03:37:15.006 12162 12162 W System.err: Caused by: java.lang.ClassNotFoundException: Didn't find class "com.gionee.game.offlinesdk.GamePlatform" on path: DexPathList[[zip file "/data/app/com.halfbrick.fruitninja-1/base.apk"],nativeLibraryDirectories=[/data/app/com.halfbrick.fruitninja-1/lib/x86, /vendor/lib, /system/lib]]
01-06 03:37:15.006 12162 12162 W System.err: 	at dalvik.system.BaseDexClassLoader.findClass(BaseDexClassLoader.java:56)
01-06 03:37:15.006 12162 12162 W System.err: 	at java.lang.ClassLoader.loadClass(ClassLoader.java:511)
01-06 03:37:15.006 12162 12162 W System.err: 	at java.lang.ClassLoader.loadClass(ClassLoader.java:469)
01-06 03:37:15.006 12162 12162 W System.err: 	... 20 more
