01-06 03:36:59.114  2149  2394 W ActivityManager: getTasks: caller 10115 does not hold REAL_GET_TASKS; limiting output
01-06 03:37:00.117  2149  4763 W ActivityManager: getTasks: caller 10115 does not hold REAL_GET_TASKS; limiting output
01-06 03:37:00.373  2149  2209 W AudioTrack: AUDIO_OUTPUT_FLAG_FAST denied by client
01-06 03:37:00.381  2267  2267 W ResourceType: No package identifier when getting value for resource number 0x00000000
01-06 03:37:00.381  2267  2267 W PackageManager: Failure retrieving resources for jackpal.androidterm: Resource ID #0x0
01-06 03:37:00.384  2149  3044 I ActivityManager: START u0 {act=com.android.systemui.recents.SHOW_RECENTS flg=0x10804000 cmp=com.android.systemui/.recents.RecentsActivity} from uid 10000 on display 0
01-06 03:37:00.386  1876  2146 D audio_hw_primary: found out /dev/snd/pcmC0D0p
01-06 03:37:00.424  9354  9354 W IInputConnectionWrapper: showStatusIcon on inactive InputConnection
01-06 03:37:01.119  2149  2295 W ActivityManager: getTasks: caller 10115 does not hold REAL_GET_TASKS; limiting output
01-06 03:37:01.398  2267  2267 W ResourceType: No package identifier when getting value for resource number 0x00000000
01-06 03:37:01.398  2267  2267 W PackageManager: Failure retrieving resources for jackpal.androidterm: Resource ID #0x0
01-06 03:37:01.881  2149  2220 D TaskPersister: removeObsoleteFile: deleting file=1091_task.xml
01-06 03:37:01.881  2149  2220 D TaskPersister: removeObsoleteFile: deleting file=1091_task_thumbnail.png
01-06 03:37:01.882 11608 11608 D webviewglue: nativeDestroy view: 0xe0abf100
01-06 03:37:01.882 11608 11608 D webviewglue: nativeDestroy view: 0xf3c82500
01-06 03:37:01.882 11608 11608 D webviewglue: nativeDestroy view: 0xf3c82400
01-06 03:37:01.882 11608 11608 D webviewglue: nativeDestroy view: 0xe0cae700
01-06 03:37:01.883 11608 11608 D webviewglue: nativeDestroy view: 0xf3c82600
01-06 03:37:01.883 11608 11608 D webviewglue: nativeDestroy view: 0xf3c82700
01-06 03:37:01.950 11999 11999 W linker  : [vdso]: unused DT entry: type 0x6ffffef5 arg 0x160
01-06 03:37:02.122  2149  9351 W ActivityManager: getTasks: caller 10115 does not hold REAL_GET_TASKS; limiting output
01-06 03:37:02.771 11608 12000 W beacon  : onUserAction return false, because eventName:[MTT_WUP_WATCH] is not allowed in server strategy!
01-06 03:37:02.772 11608 12000 W beacon  : onUserAction return false, because eventName:[MTT_WUP_WATCH] is not allowed in server strategy!
01-06 03:37:02.772 11608 12000 W beacon  : onUserAction return false, because eventName:[MTT_WUP_WATCH] is not allowed in server strategy!
01-06 03:37:02.772 11608 12000 W beacon  : onUserAction return false, because eventName:[MTT_WUP_WATCH] is not allowed in server strategy!
01-06 03:37:02.772 11608 12000 W beacon  : onUserAction return false, because eventName:[MTT_WUP_WATCH] is not allowed in server strategy!
01-06 03:37:02.773 11608 12000 W beacon  : onUserAction return false, because eventName:[MTT_WUP_WATCH] is not allowed in server strategy!
01-06 03:37:02.773 11608 12000 W beacon  : onUserAction return false, because eventName:[MTT_WUP_WATCH] is not allowed in server strategy!
01-06 03:37:02.773 11608 12000 W beacon  : onUserAction return false, because eventName:[MTT_WUP_WATCH] is not allowed in server strategy!
01-06 03:37:02.773 11608 12000 W beacon  : onUserAction return false, because eventName:[NaviCard2_CardList] is not allowed in server strategy!
01-06 03:37:02.774 11608 12000 W beacon  : onUserAction return false, because eventName:[MTT_WUP_WATCH] is not allowed in server strategy!
01-06 03:37:02.774 11608 12000 W beacon  : onUserAction return false, because eventName:[MTT_WUP_WATCH] is not allowed in server strategy!
01-06 03:37:02.779  2149  2394 I ActivityManager: Killing 11794:com.tencent.mtt.x86:service/u0a121 (adj 0): remove task
01-06 03:37:02.794  2149  2204 D WifiService: Client connection lost with reason: 4
01-06 03:37:02.805  2149  2394 W ActivityManager: Exception when unbinding service com.tencent.mtt.x86/com.tencent.mtt.browser.push.service.PushRemoteService
01-06 03:37:02.805  2149  2394 W ActivityManager: android.os.DeadObjectException
01-06 03:37:02.805  2149  2394 W ActivityManager: 	at android.os.BinderProxy.transactNative(Native Method)
01-06 03:37:02.805  2149  2394 W ActivityManager: 	at android.os.BinderProxy.transact(Binder.java:496)
01-06 03:37:02.805  2149  2394 W ActivityManager: 	at android.app.ApplicationThreadProxy.scheduleUnbindService(ApplicationThreadNative.java:921)
01-06 03:37:02.805  2149  2394 W ActivityManager: 	at com.android.server.am.ActiveServices.removeConnectionLocked(ActiveServices.java:1795)
01-06 03:37:02.805  2149  2394 W ActivityManager: 	at com.android.server.am.ActiveServices.unbindServiceLocked(ActiveServices.java:916)
01-06 03:37:02.805  2149  2394 W ActivityManager: 	at com.android.server.am.ActivityManagerService.unbindService(ActivityManagerService.java:15340)
01-06 03:37:02.805  2149  2394 W ActivityManager: 	at android.app.ActivityManagerNative.onTransact(ActivityManagerNative.java:967)
01-06 03:37:02.805  2149  2394 W ActivityManager: 	at com.android.server.am.ActivityManagerService.onTransact(ActivityManagerService.java:2208)
01-06 03:37:02.805  2149  2394 W ActivityManager: 	at android.os.Binder.execTransact(Binder.java:446)
01-06 03:37:02.805  1865  1865 E lowmemorykiller: Error opening /proc/11794/oom_score_adj; errno=2
01-06 03:37:02.806  2149  2377 W ActivityManager: Scheduling restart of crashed service com.tencent.mtt.x86/com.tencent.mtt.browser.push.service.ScreenshotMonitorService in 1000ms
01-06 03:37:02.807 11608 11608 D webviewglue: nativeDestroy view: 0xe0cade00
01-06 03:37:02.808  2149  4763 W ActivityManager: getRunningAppProcesses: caller 10121 does not hold REAL_GET_TASKS; limiting output
01-06 03:37:02.835 11608 11636 W beacon  : onUserAction return false, because eventName:[MTT_WUP_WATCH] is not allowed in server strategy!
01-06 03:37:02.920 11608 11636 W beacon  : onUserAction return false, because eventName:[MTT_WUP_WATCH] is not allowed in server strategy!
01-06 03:37:03.125  2149  8057 W ActivityManager: getTasks: caller 10115 does not hold REAL_GET_TASKS; limiting output
01-06 03:37:03.195 11608 11608 I Choreographer: Skipped 83 frames!  The application may be doing too much work on its main thread.
01-06 03:37:03.196 11608 11608 D webviewglue: OnTrimMemory with EGL Context 0x0 level 20
01-06 03:37:03.197  2149  2377 I ActivityManager: Killing 11608:com.tencent.mtt.x86/u0a121 (adj 16): remove task
01-06 03:37:03.241  2149  2204 D WifiService: Client connection lost with reason: 4
01-06 03:37:03.820  2149  2209 W AudioTrack: AUDIO_OUTPUT_FLAG_FAST denied by client
01-06 03:37:03.827  2149  2175 I ActivityManager: Start proc 12008:com.tencent.mtt.x86:service/u0a121 for service com.tencent.mtt.x86/com.tencent.mtt.browser.push.service.ScreenshotMonitorService
01-06 03:37:03.831 12008 12008 I ActivityThread: Switching default density from 160 to 240
01-06 03:37:03.832  1876  2146 D audio_hw_primary: found out /dev/snd/pcmC0D0p
01-06 03:37:03.837  2149  8057 W ActivityManager: getRunningAppProcesses: caller 10121 does not hold REAL_GET_TASKS; limiting output
01-06 03:37:03.837  2149  3044 W ActivityManager: getRunningAppProcesses: caller 10121 does not hold REAL_GET_TASKS; limiting output
01-06 03:37:03.855 12031 12031 W linker  : [vdso]: unused DT entry: type 0x6ffffef5 arg 0x160
01-06 03:37:03.860 12032 12032 W linker  : [vdso]: unused DT entry: type 0x6ffffef5 arg 0x160
01-06 03:37:03.865 12037 12037 W linker  : [vdso]: unused DT entry: type 0x6ffffef5 arg 0x160
01-06 03:37:03.869 12038 12038 W linker  : [vdso]: unused DT entry: type 0x6ffffef5 arg 0x160
01-06 03:37:03.972 12040 12040 W linker  : [vdso]: unused DT entry: type 0x6ffffef5 arg 0x160
01-06 03:37:03.974 12041 12041 W linker  : [vdso]: unused DT entry: type 0x6ffffef5 arg 0x160
01-06 03:37:03.975 12042 12042 W linker  : [vdso]: unused DT entry: type 0x6ffffef5 arg 0x160
01-06 03:37:03.993 12043 12043 W linker  : [vdso]: unused DT entry: type 0x6ffffef5 arg 0x160
01-06 03:37:03.994 12044 12044 W linker  : [vdso]: unused DT entry: type 0x6ffffef5 arg 0x160
01-06 03:37:03.995 12045 12045 W linker  : [vdso]: unused DT entry: type 0x6ffffef5 arg 0x160
01-06 03:37:04.128  2149  2394 W ActivityManager: getTasks: caller 10115 does not hold REAL_GET_TASKS; limiting output
01-06 03:37:05.131  2149  2295 W ActivityManager: getTasks: caller 10115 does not hold REAL_GET_TASKS; limiting output
01-06 03:37:06.134  2149  2169 W ActivityManager: getTasks: caller 10115 does not hold REAL_GET_TASKS; limiting output
01-06 03:37:06.961 12047 12047 W linker  : [vdso]: unused DT entry: type 0x6ffffef5 arg 0x160
01-06 03:37:07.137  2149  2377 W ActivityManager: getTasks: caller 10115 does not hold REAL_GET_TASKS; limiting output
01-06 03:37:07.332  2149  2209 W AudioTrack: AUDIO_OUTPUT_FLAG_FAST denied by client
01-06 03:37:07.338  2149  3128 I ActivityManager: START u0 {act=android.intent.action.VIEW dat=file:///storage/usb0/CTS/test-APK/Seafile_v1.9.3_apkpure.com.apk typ=application/vnd.android.package-archive cmp=com.android.packageinstaller/.PackageInstallerActivity} from uid 10027 on display 0
01-06 03:37:07.341  2149  3128 V WindowManager: addAppToken: AppWindowToken{35daf014 token=Token{caeba67 ActivityRecord{18f2be26 u0 com.android.packageinstaller/.PackageInstallerActivity t1079}}} to stack=1 task=1079 at 1
01-06 03:37:07.345  1876  2146 D audio_hw_primary: found out /dev/snd/pcmC0D0p
01-06 03:37:07.422  2149  4763 V WindowManager: Adding window Window{33bc96b2 u0 com.android.packageinstaller/com.android.packageinstaller.PackageInstallerActivity} at 5 of 10 (after Window{79b689 u0 com.cyanogenmod.filemanager/com.cyanogenmod.filemanager.activities.NavigationActivity})
01-06 03:37:07.461  2149  2180 I ActivityManager: Displayed com.android.packageinstaller/.PackageInstallerActivity: +113ms
01-06 03:37:08.139  2149  2377 W ActivityManager: getTasks: caller 10115 does not hold REAL_GET_TASKS; limiting output
01-06 03:37:08.697  2149  4763 I ActivityManager: START u0 {dat=file:///storage/usb0/CTS/test-APK/Seafile_v1.9.3_apkpure.com.apk cmp=com.android.packageinstaller/.InstallAppProgress (has extras)} from uid 10045 on display 0
01-06 03:37:08.697  2149  2209 W AudioTrack: AUDIO_OUTPUT_FLAG_FAST denied by client
01-06 03:37:08.701  2149  4763 V WindowManager: addAppToken: AppWindowToken{17ee8f5f token=Token{18d96bfe ActivityRecord{eef6bb9 u0 com.android.packageinstaller/.InstallAppProgress t1079}}} to stack=1 task=1079 at 2
01-06 03:37:08.740  2149  8057 V WindowManager: Adding window Window{39947898 u0 com.android.packageinstaller/com.android.packageinstaller.InstallAppProgress} at 6 of 11 (after Window{33bc96b2 u0 com.android.packageinstaller/com.android.packageinstaller.PackageInstallerActivity})
01-06 03:37:08.784  2149  2180 I ActivityManager: Displayed com.android.packageinstaller/.InstallAppProgress: +70ms
01-06 03:37:08.802  3754  3777 D OpenGLRenderer: endAllStagingAnimators on 0x7f31481d7000 (RippleDrawable) with handle 0x7f31480be040
01-06 03:37:08.807  3816  4882 D DefContainer: Copying /storage/usb0/CTS/test-APK/Seafile_v1.9.3_apkpure.com.apk to base.apk
01-06 03:37:08.917  2149  2184 D PackageManager: Renaming /data/app/vmdl2035552252.tmp to /data/app/com.seafile.seadroid2-1
01-06 03:37:08.937  2149  2184 I PackageManager: Running dexopt on: /data/app/com.seafile.seadroid2-1/base.apk pkg=com.seafile.seadroid2 isa=x86_64 vmSafeMode=false
01-06 03:37:08.943 12056 12056 W linker  : [vdso]: unused DT entry: type 0x6ffffef5 arg 0xec
01-06 03:37:08.944 12056 12056 E cutils-trace: Error opening trace file: Permission denied (13)
01-06 03:37:08.945 12056 12056 I dex2oat : /system/bin/dex2oat --zip-fd=5 --zip-location=/data/app/com.seafile.seadroid2-1/base.apk --oat-fd=6 --oat-location=/data/dalvik-cache/x86_64/data@app@com.seafile.seadroid2-1@base.apk@classes.dex --instruction-set=x86_64 --instruction-set-features=default --runtime-arg -Xms64m --runtime-arg -Xmx512m --compiler-filter=interpret-only --swap-fd=7
01-06 03:37:08.994 12056 12056 I dex2oat : Decided to run without swap.
01-06 03:37:09.001 12056 12060 W dex2oat : Before Android 4.1, method void com.actionbarsherlock.internal.widget.IcsLinearLayout.drawDividersHorizontal(android.graphics.Canvas) would have incorrectly overridden the package-private method in android.widget.LinearLayout
01-06 03:37:09.001 12056 12060 W dex2oat : Before Android 4.1, method void com.actionbarsherlock.internal.widget.IcsLinearLayout.drawDividersVertical(android.graphics.Canvas) would have incorrectly overridden the package-private method in android.widget.LinearLayout
01-06 03:37:09.001 12056 12060 W dex2oat : Before Android 4.1, method void com.actionbarsherlock.internal.widget.IcsLinearLayout.drawHorizontalDivider(android.graphics.Canvas, int) would have incorrectly overridden the package-private method in android.widget.LinearLayout
01-06 03:37:09.001 12056 12060 W dex2oat : Before Android 4.1, method void com.actionbarsherlock.internal.widget.IcsLinearLayout.drawVerticalDivider(android.graphics.Canvas, int) would have incorrectly overridden the package-private method in android.widget.LinearLayout
01-06 03:37:09.094  8360  8399 D ++++++++: IsGetNotificationTimeOut = 4097094 dis = 28800000
01-06 03:37:09.133 12056 12056 I dex2oat : dex2oat took 188.150ms (threads: 8) arena alloc=0B java alloc=3MB native alloc=538KB free=7MB
01-06 03:37:09.275  2149  2295 W ActivityManager: getTasks: caller 10115 does not hold REAL_GET_TASKS; limiting output
01-06 03:37:09.275  2149  2184 V BackupManagerService: restoreAtInstall pkg=com.seafile.seadroid2 token=b restoreSet=0
01-06 03:37:09.275  2149  2184 V BackupManagerService: Finishing install immediately
01-06 03:37:09.276  2149  2184 W Settings: Setting install_non_market_apps has moved from android.provider.Settings.Global to android.provider.Settings.Secure, returning read-only value.
01-06 03:37:09.278  9248  9248 I plugin  : com.seafile.seadroid2 install
01-06 03:37:09.278 11478 11478 I UniformDownloadMgr<FileAssistant>: [E][UniformDL] initSucDownloadInfo...
01-06 03:37:09.279  2149  2191 I InputReader: Reconfiguring input devices.  changes=0x00000010
01-06 03:37:09.280 11478 11478 I UniformDownloadMgr<FileAssistant>: [E][UniformDL] initSucDownloadInfo, size:[0]
01-06 03:37:09.302 12066 12066 D houdini : [12066] Initialize library(version: 5.2.2_y.47738 RELEASE)... successfully.
01-06 03:37:09.302  2149  2175 I ActivityManager: Start proc 12066:com.kiloo.subwaysurf:dservice_v1/u0a115 for broadcast com.kiloo.subwaysurf/cn.play.dserv.DsReceiver
01-06 03:37:09.313 12066 12066 I ActivityThread: Switching default density from 160 to 240
01-06 03:37:09.314  2149  2184 I art     : Explicit concurrent mark sweep GC freed 42713(2MB) AllocSpace objects, 15(1605KB) LOS objects, 33% free, 16MB/24MB, paused 675us total 38.248ms
01-06 03:37:09.316 12066 12066 D SkynetApi: onApplicationCreate
01-06 03:37:09.316 12066 12066 W System.err: java.lang.ClassNotFoundException: com.skynet.android.uc.UC
01-06 03:37:09.316 12066 12066 W System.err: 	at java.lang.Class.classForName(Native Method)
01-06 03:37:09.316 12066 12066 W System.err: 	at java.lang.Class.forName(Class.java:309)
01-06 03:37:09.316 12066 12066 W System.err: 	at java.lang.Class.forName(Class.java:273)
01-06 03:37:09.316 12066 12066 W System.err: 	at com.skynet.android.Skynet.invoke(SourceFile:4209)
01-06 03:37:09.316 12066 12066 W System.err: 	at com.skynet.android.Skynet.onApplicationCreate(SourceFile:3691)
01-06 03:37:09.316 12066 12066 W System.err: 	at com.kiloo.subwaysurf.BaiDuApplication.onCreate(BaiDuApplication.java:11)
01-06 03:37:09.316 12066 12066 W System.err: 	at android.app.Instrumentation.callApplicationOnCreate(Instrumentation.java:1012)
01-06 03:37:09.316 12066 12066 W System.err: 	at android.app.ActivityThread.handleBindApplication(ActivityThread.java:4553)
01-06 03:37:09.316 12066 12066 W System.err: 	at android.app.ActivityThread.access$1500(ActivityThread.java:151)
01-06 03:37:09.316 12066 12066 W System.err: 	at android.app.ActivityThread$H.handleMessage(ActivityThread.java:1364)
01-06 03:37:09.316 12066 12066 W System.err: 	at android.os.Handler.dispatchMessage(Handler.java:102)
01-06 03:37:09.316 12066 12066 W System.err: 	at android.os.Looper.loop(Looper.java:135)
01-06 03:37:09.316 12066 12066 W System.err: 	at android.app.ActivityThread.main(ActivityThread.java:5254)
01-06 03:37:09.316 12066 12066 W System.err: 	at java.lang.reflect.Method.invoke(Native Method)
01-06 03:37:09.316 12066 12066 W System.err: 	at java.lang.reflect.Method.invoke(Method.java:372)
01-06 03:37:09.316 12066 12066 W System.err: 	at com.android.internal.os.ZygoteInit$MethodAndArgsCaller.run(ZygoteInit.java:903)
01-06 03:37:09.316 12066 12066 W System.err: 	at com.android.internal.os.ZygoteInit.main(ZygoteInit.java:698)
01-06 03:37:09.316 12066 12066 W System.err: Caused by: java.lang.ClassNotFoundException: Didn't find class "com.skynet.android.uc.UC" on path: DexPathList[[zip file "/data/app/com.kiloo.subwaysurf-1/base.apk"],nativeLibraryDirectories=[/data/app/com.kiloo.subwaysurf-1/lib/arm, /vendor/lib, /system/lib]]
01-06 03:37:09.316 12066 12066 W System.err: 	at dalvik.system.BaseDexClassLoader.findClass(BaseDexClassLoader.java:56)
01-06 03:37:09.316 12066 12066 W System.err: 	at java.lang.ClassLoader.loadClass(ClassLoader.java:511)
01-06 03:37:09.316 12066 12066 W System.err: 	at java.lang.ClassLoader.loadClass(ClassLoader.java:469)
01-06 03:37:09.316 12066 12066 W System.err: 	... 17 more
01-06 03:37:09.316 12066 12066 W System.err: 	Suppressed: java.lang.ClassNotFoundException: com.skynet.android.uc.UC
01-06 03:37:09.316 12066 12066 W System.err: 		at java.lang.Class.classForName(Native Method)
01-06 03:37:09.316 12066 12066 W System.err: 		at java.lang.BootClassLoader.findClass(ClassLoader.java:781)
01-06 03:37:09.316 12066 12066 W System.err: 		at java.lang.BootClassLoader.loadClass(ClassLoader.java:841)
01-06 03:37:09.316 12066 12066 W System.err: 		at java.lang.ClassLoader.loadClass(ClassLoader.java:504)
01-06 03:37:09.316 12066 12066 W System.err: 		... 18 more
01-06 03:37:09.316 12066 12066 W System.err: 	Caused by: java.lang.NoClassDefFoundError: Class not found using the boot class loader; no stack available
01-06 03:37:09.317 12066 12066 W System.err: java.lang.ClassNotFoundException: com.gionee.game.offlinesdk.GamePlatform
01-06 03:37:09.317 12066 12066 W System.err: 	at java.lang.Class.classForName(Native Method)
01-06 03:37:09.317 12066 12066 W System.err: 	at java.lang.Class.forName(Class.java:309)
01-06 03:37:09.317 12066 12066 W System.err: 	at com.skynet.android.amigo.Amigo.isEnable(SourceFile:27)
01-06 03:37:09.317 12066 12066 W System.err: 	at com.skynet.android.amigo.Amigo.onApplicationCreate(SourceFile:17)
01-06 03:37:09.317 12066 12066 W System.err: 	at java.lang.reflect.Method.invoke(Native Method)
01-06 03:37:09.317 12066 12066 W System.err: 	at java.lang.reflect.Method.invoke(Method.java:372)
01-06 03:37:09.317 12066 12066 W System.err: 	at com.skynet.android.Skynet.invoke(SourceFile:4217)
01-06 03:37:09.317 12066 12066 W System.err: 	at com.skynet.android.Skynet.onApplicationCreate(SourceFile:3693)
01-06 03:37:09.317 12066 12066 W System.err: 	at com.kiloo.subwaysurf.BaiDuApplication.onCreate(BaiDuApplication.java:11)
01-06 03:37:09.317 12066 12066 W System.err: 	at android.app.Instrumentation.callApplicationOnCreate(Instrumentation.java:1012)
01-06 03:37:09.317 12066 12066 W System.err: 	at android.app.ActivityThread.handleBindApplication(ActivityThread.java:4553)
01-06 03:37:09.317 12066 12066 W System.err: 	at android.app.ActivityThread.access$1500(ActivityThread.java:151)
01-06 03:37:09.317 12066 12066 W System.err: 	at android.app.ActivityThread$H.handleMessage(ActivityThread.java:1364)
01-06 03:37:09.317 12066 12066 W System.err: 	at android.os.Handler.dispatchMessage(Handler.java:102)
01-06 03:37:09.317 12066 12066 W System.err: 	at android.os.Looper.loop(Looper.java:135)
01-06 03:37:09.317 12066 12066 W System.err: 	at android.app.ActivityThread.main(ActivityThread.java:5254)
01-06 03:37:09.317 12066 12066 W System.err: 	at java.lang.reflect.Method.invoke(Native Method)
01-06 03:37:09.317 12066 12066 W System.err: 	at java.lang.reflect.Method.invoke(Method.java:372)
01-06 03:37:09.317 12066 12066 W System.err: 	at com.android.internal.os.ZygoteInit$MethodAndArgsCaller.run(ZygoteInit.java:903)
01-06 03:37:09.317 12066 12066 W System.err: 	at com.android.internal.os.ZygoteInit.main(ZygoteInit.java:698)
01-06 03:37:09.317 12066 12066 W System.err: Caused by: java.lang.ClassNotFoundException: Didn't find class "com.gionee.game.offlinesdk.GamePlatform" on path: DexPathList[[zip file "/data/app/com.kiloo.subwaysurf-1/base.apk"],nativeLibraryDirectories=[/data/app/com.kiloo.subwaysurf-1/lib/arm, /vendor/lib, /system/lib]]
01-06 03:37:09.317 12066 12066 W System.err: 	at dalvik.system.BaseDexClassLoader.findClass(BaseDexClassLoader.java:56)
01-06 03:37:09.317 12066 12066 W System.err: 	at java.lang.ClassLoader.loadClass(ClassLoader.java:511)
01-06 03:37:09.317 12066 12066 W System.err: 	at java.lang.ClassLoader.loadClass(ClassLoader.java:469)
01-06 03:37:09.317 12066 12066 W System.err: 	... 20 more
01-06 03:37:09.317 12066 12066 W System.err: 	Suppressed: java.lang.ClassNotFoundException: com.gionee.game.offlinesdk.GamePlatform
01-06 03:37:09.317 12066 12066 W System.err: 		at java.lang.Class.classForName(Native Method)
01-06 03:37:09.317 12066 12066 W System.err: 		at java.lang.BootClassLoader.findClass(ClassLoader.java:781)
01-06 03:37:09.317 12066 12066 W System.err: 		at java.lang.BootClassLoader.loadClass(ClassLoader.java:841)
01-06 03:37:09.317 12066 12066 W System.err: 		at java.lang.ClassLoader.loadClass(ClassLoader.java:504)
01-06 03:37:09.317 12066 12066 W System.err: 		... 21 more
01-06 03:37:09.317 12066 12066 W System.err: 	Caused by: java.lang.NoClassDefFoundError: Class not found using the boot class loader; no stack available
01-06 03:37:09.317  2149  3044 W ActivityManager: getRunningAppProcesses: caller 10115 does not hold REAL_GET_TASKS; limiting output
01-06 03:37:09.319  2149  2149 D BackupManagerService: Received broadcast Intent { act=android.intent.action.PACKAGE_ADDED dat=package:com.seafile.seadroid2 flg=0x4000010 (has extras) }
01-06 03:37:09.320 12066 12066 D houdini : [12066] Added shared library /data/app/com.kiloo.subwaysurf-1/lib/arm/libdserv.so for ClassLoader by Native Bridge.
01-06 03:37:09.326 12066 12066 F art     : art/runtime/check_jni.cc:65] JNI DETECTED ERROR IN APPLICATION: GetStringUTFChars received null jstring
01-06 03:37:09.326 12066 12066 F art     : art/runtime/check_jni.cc:65]     in call to GetStringUTFChars
01-06 03:37:09.326 12066 12066 F art     : art/runtime/check_jni.cc:65]     from java.lang.String cn.play.dserv.CheckTool.Cd(android.content.Context)
01-06 03:37:09.326 12066 12066 F art     : art/runtime/check_jni.cc:65] "main" prio=5 tid=1 Runnable
01-06 03:37:09.326 12066 12066 F art     : art/runtime/check_jni.cc:65]   | group="main" sCount=0 dsCount=0 obj=0x73bb3f10 self=0xf3c25800
01-06 03:37:09.326 12066 12066 F art     : art/runtime/check_jni.cc:65]   | sysTid=12066 nice=0 cgrp=default sched=3/0 handle=0xf77ceea0
01-06 03:37:09.326 12066 12066 F art     : art/runtime/check_jni.cc:65]   | state=R schedstat=( 15226764 111216 49 ) utm=0 stm=0 core=1 HZ=100
01-06 03:37:09.326 12066 12066 F art     : art/runtime/check_jni.cc:65]   | stack=0xff3c2000-0xff3c4000 stackSize=8MB
01-06 03:37:09.326 12066 12066 F art     : art/runtime/check_jni.cc:65]   | held mutexes= "mutator lock"(shared held)
01-06 03:37:09.326 12066 12066 F art     : art/runtime/check_jni.cc:65]   native: #00 pc 000063eb  /android/system/lib/libbacktrace_libc++.so (???)
01-06 03:37:09.326 12066 12066 F art     : art/runtime/check_jni.cc:65]   native: #01 pc 00002f31  /android/system/lib/libbacktrace_libc++.so (???)
01-06 03:37:09.326 12066 12066 F art     : art/runtime/check_jni.cc:65]   native: #02 pc 00427dda  /android/system/lib/libart.so (???)
01-06 03:37:09.326 12066 12066 F art     : art/runtime/check_jni.cc:65]   native: #03 pc 003e3967  /android/system/lib/libart.so (???)
01-06 03:37:09.326 12066 12066 F art     : art/runtime/check_jni.cc:65]   native: #04 pc 000f9454  /android/system/lib/libart.so (???)
01-06 03:37:09.326 12066 12066 F art     : art/runtime/check_jni.cc:65]   native: #05 pc 000f9fa2  /android/system/lib/libart.so (???)
01-06 03:37:09.326 12066 12066 F art     : art/runtime/check_jni.cc:65]   native: #06 pc 000fd550  /android/system/lib/libart.so (???)
01-06 03:37:09.326 12066 12066 F art     : art/runtime/check_jni.cc:65]   native: #07 pc 000fe5a0  /android/system/lib/libart.so (???)
01-06 03:37:09.326 12066 12066 F art     : art/runtime/check_jni.cc:65]   native: #08 pc 00104b91  /android/system/lib/libart.so (???)
01-06 03:37:09.326 12066 12066 F art     : art/runtime/check_jni.cc:65]   native: #09 pc 0022e19a  /system/lib/arm/libhoudini.so (???)
01-06 03:37:09.326 12066 12066 F art     : art/runtime/check_jni.cc:65]   native: #10 pc 0021e884  /system/lib/arm/libhoudini.so (???)
01-06 03:37:09.326 12066 12066 F art     : art/runtime/check_jni.cc:65]   native: #11 pc 0026a004  /system/lib/arm/libhoudini.so (???)
01-06 03:37:09.326 12066 12066 F art     : art/runtime/check_jni.cc:65]   native: #12 pc 007fb4c7  [stack] (???)
01-06 03:37:09.326 12066 12066 F art     : art/runtime/check_jni.cc:65]   at cn.play.dserv.CheckTool.Cd(Native method)
01-06 03:37:09.326 12066 12066 F art     : art/runtime/check_jni.cc:65]   at cn.play.dserv.DsReceiver.onReceive(unavailable:-1)
01-06 03:37:09.326 12066 12066 F art     : art/runtime/check_jni.cc:65]   at android.app.ActivityThread.handleReceiver(ActivityThread.java:2609)
01-06 03:37:09.326 12066 12066 F art     : art/runtime/check_jni.cc:65]   at android.app.ActivityThread.access$1700(ActivityThread.java:151)
01-06 03:37:09.326 12066 12066 F art     : art/runtime/check_jni.cc:65]   at android.app.ActivityThread$H.handleMessage(ActivityThread.java:1380)
01-06 03:37:09.326 12066 12066 F art     : art/runtime/check_jni.cc:65]   at android.os.Handler.dispatchMessage(Handler.java:102)
01-06 03:37:09.326 12066 12066 F art     : art/runtime/check_jni.cc:65]   at android.os.Looper.loop(Looper.java:135)
01-06 03:37:09.326 12066 12066 F art     : art/runtime/check_jni.cc:65]   at android.app.ActivityThread.main(ActivityThread.java:5254)
01-06 03:37:09.326 12066 12066 F art     : art/runtime/check_jni.cc:65]   at java.lang.reflect.Method.invoke!(Native method)
01-06 03:37:09.326 12066 12066 F art     : art/runtime/check_jni.cc:65]   at java.lang.reflect.Method.invoke(Method.java:372)
01-06 03:37:09.326 12066 12066 F art     : art/runtime/check_jni.cc:65]   at com.android.internal.os.ZygoteInit$MethodAndArgsCaller.run(ZygoteInit.java:903)
01-06 03:37:09.326 12066 12066 F art     : art/runtime/check_jni.cc:65]   at com.android.internal.os.ZygoteInit.main(ZygoteInit.java:698)
01-06 03:37:09.326 12066 12066 F art     : art/runtime/check_jni.cc:65] 
01-06 03:37:09.328  2149  2174 W VoiceInteractionManagerService: no available voice recognition services found for user 0
01-06 03:37:09.345 12066 12066 F art     : art/runtime/runtime.cc:289] Runtime aborting...
01-06 03:37:09.345 12066 12066 F art     : art/runtime/runtime.cc:289] Aborting thread:
01-06 03:37:09.345 12066 12066 F art     : art/runtime/runtime.cc:289] "main" prio=5 tid=1 Native
01-06 03:37:09.345 12066 12066 F art     : art/runtime/runtime.cc:289]   | group="" sCount=0 dsCount=0 obj=0x73bb3f10 self=0xf3c25800
01-06 03:37:09.345 12066 12066 F art     : art/runtime/runtime.cc:289]   | sysTid=12066 nice=0 cgrp=default sched=3/0 handle=0xf77ceea0
01-06 03:37:09.345 12066 12066 F art     : art/runtime/runtime.cc:289]   | state=R schedstat=( 17195459 111216 49 ) utm=1 stm=0 core=1 HZ=100
01-06 03:37:09.345 12066 12066 F art     : art/runtime/runtime.cc:289]   | stack=0xff3c2000-0xff3c4000 stackSize=8MB
01-06 03:37:09.345 12066 12066 F art     : art/runtime/runtime.cc:289]   | held mutexes= "abort lock" "mutator lock"(shared held)
01-06 03:37:09.345 12066 12066 F art     : art/runtime/runtime.cc:289]   native: #00 pc 000063eb  /android/system/lib/libbacktrace_libc++.so (???)
01-06 03:37:09.345 12066 12066 F art     : art/runtime/runtime.cc:289]   native: #01 pc 00002f31  /android/system/lib/libbacktrace_libc++.so (???)
01-06 03:37:09.345 12066 12066 F art     : art/runtime/runtime.cc:289]   native: #02 pc 00427dda  /android/system/lib/libart.so (???)
01-06 03:37:09.345 12066 12066 F art     : art/runtime/runtime.cc:289]   native: #03 pc 003e3967  /android/system/lib/libart.so (???)
01-06 03:37:09.345 12066 12066 F art     : art/runtime/runtime.cc:289]   native: #04 pc 003c95d7  /android/system/lib/libart.so (???)
01-06 03:37:09.345 12066 12066 F art     : art/runtime/runtime.cc:289]   native: #05 pc 000dba64  /android/system/lib/libart.so (???)
01-06 03:37:09.345 12066 12066 F art     : art/runtime/runtime.cc:289]   native: #06 pc 000f97c4  /android/system/lib/libart.so (???)
01-06 03:37:09.345 12066 12066 F art     : art/runtime/runtime.cc:289]   native: #07 pc 000f9fa2  /android/system/lib/libart.so (???)
01-06 03:37:09.345 12066 12066 F art     : art/runtime/runtime.cc:289]   native: #08 pc 000fd550  /android/system/lib/libart.so (???)
01-06 03:37:09.345 12066 12066 F art     : art/runtime/runtime.cc:289]   native: #09 pc 000fe5a0  /android/system/lib/libart.so (???)
01-06 03:37:09.345 12066 12066 F art     : art/runtime/runtime.cc:289]   native: #10 pc 00104b91  /android/system/lib/libart.so (???)
01-06 03:37:09.345 12066 12066 F art     : art/runtime/runtime.cc:289]   native: #11 pc 0022e19a  /system/lib/arm/libhoudini.so (???)
01-06 03:37:09.345 12066 12066 F art     : art/runtime/runtime.cc:289]   native: #12 pc 0021e884  /system/lib/arm/libhoudini.so (???)
01-06 03:37:09.345 12066 12066 F art     : art/runtime/runtime.cc:289]   native: #13 pc 0026a004  /system/lib/arm/libhoudini.so (???)
01-06 03:37:09.345 12066 12066 F art     : art/runtime/runtime.cc:289]   native: #14 pc 007fb4c7  [stack] (???)
01-06 03:37:09.345 12066 12066 F art     : art/runtime/runtime.cc:289]   at cn.play.dserv.CheckTool.Cd(Native method)
01-06 03:37:09.345 12066 12066 F art     : art/runtime/runtime.cc:289]   at cn.play.dserv.DsReceiver.onReceive(unavailable:-1)
01-06 03:37:09.345 12066 12066 F art     : art/runtime/runtime.cc:289]   at android.app.ActivityThread.handleReceiver(ActivityThread.java:2609)
01-06 03:37:09.345 12066 12066 F art     : art/runtime/runtime.cc:289]   at android.app.ActivityThread.access$1700(ActivityThread.java:151)
01-06 03:37:09.345 12066 12066 F art     : art/runtime/runtime.cc:289]   at android.app.ActivityThread$H.handleMessage(ActivityThread.java:1380)
01-06 03:37:09.345 12066 12066 F art     : art/runtime/runtime.cc:289]   at android.os.Handler.dispatchMessage(Handler.java:102)
01-06 03:37:09.345 12066 12066 F art     : art/runtime/runtime.cc:289]   at android.os.Looper.loop(Looper.java:135)
01-06 03:37:09.345 12066 12066 F art     : art/runtime/runtime.cc:289]   at android.app.ActivityThread.main(ActivityThread.java:5254)
01-06 03:37:09.345 12066 12066 F art     : art/runtime/runtime.cc:289]   at java.lang.reflect.Method.invoke!(Native method)
01-06 03:37:09.345 12066 12066 F art     : art/runtime/runtime.cc:289]   at java.lang.reflect.Method.invoke(Method.java:372)
01-06 03:37:09.345 12066 12066 F art     : art/runtime/runtime.cc:289]   at com.android.internal.os.ZygoteInit$MethodAndArgsCaller.run(ZygoteInit.java:903)
01-06 03:37:09.345 12066 12066 F art     : art/runtime/runtime.cc:289]   at com.android.internal.os.ZygoteInit.main(ZygoteInit.java:698)
01-06 03:37:09.345 12066 12066 F art     : art/runtime/runtime.cc:289] Dumping all threads without appropriate locks held: thread list lock mutator lock
01-06 03:37:09.345 12066 12066 F art     : art/runtime/runtime.cc:289] All threads:
01-06 03:37:09.345 12066 12066 F art     : art/runtime/runtime.cc:289] DALVIK THREADS (17):
01-06 03:37:09.345 12066 12066 F art     : art/runtime/runtime.cc:289] "main" prio=5 tid=1 Native
01-06 03:37:09.345 12066 12066 F art     : art/runtime/runtime.cc:289]   | group="" sCount=0 dsCount=0 obj=0x73bb3f10 self=0xf3c25800
01-06 03:37:09.345 12066 12066 F art     : art/runtime/runtime.cc:289]   | sysTid=12066 nice=0 cgrp=default sched=3/0 handle=0xf77ceea0
01-06 03:37:09.345 12066 12066 F art     : art/runtime/runtime.cc:289]   | state=R schedstat=( 18195293 111216 49 ) utm=1 stm=0 core=1 HZ=100
01-06 03:37:09.345 12066 12066 F art     : art/runtime/runtime.cc:289]   | stack=0xff3c2000-0xff3c4000 stackSize=8MB
01-06 03:37:09.345 12066 12066 F art     : art/runtime/runtime.cc:289]   | held mutexes= "abort lock"
01-06 03:37:09.345 12066 12066 F art     : art/runtime/runtime.cc:289]   native: #00 pc 000063eb  /android/system/lib/libbacktrace_libc++.so (???)
01-06 03:37:09.345 12066 12066 F art     : art/runtime/runtime.cc:289]   native: #01 pc 00002f31  /android/system/lib/libbacktrace_libc++.so (???)
01-06 03:37:09.345 12066 12066 F art     : art/runtime/runtime.cc:289]   native: #02 pc 00427dda  /android/system/lib/libart.so (???)
01-06 03:37:09.345 12066 12066 F art     : art/runtime/runtime.cc:289]   native: #03 pc 003e3967  /android/system/lib/libart.so (???)
01-06 03:37:09.345 12066 12066 F art     : art/runtime/runtime.cc:289]   native: #04 pc 003f2b4e  /android/system/lib/libart.so (???)
01-06 03:37:09.345 12066 12066 F art     : art/runtime/runtime.cc:289]   native: #05 pc 003c9510  /android/system/lib/libart.so (???)
01-06 03:37:09.345 12066 12066 F art     : art/runtime/runtime.cc:289]   native: #06 pc 000dba64  /android/system/lib/libart.so (???)
01-06 03:37:09.345 12066 12066 F art     : art/runtime/runtime.cc:289]   native: #07 pc 000f97c4  /android/system/lib/libart.so (???)
01-06 03:37:09.345 12066 12066 F art     : art/runtime/runtime.cc:289]   native: #08 pc 000f9fa2  /android/system/lib/libart.so (???)
01-06 03:37:09.345 12066 12066 F art     : art/runtime/runtime.cc:289]   native: #09 pc 000fd550  /android/system/lib/libart.so (???)
01-06 03:37:09.345 12066 12066 F art     : art/runtime/runtime.cc:289]   native: #10 pc 000fe5a0  /android/system/lib/libart.so (???)
01-06 03:37:09.345 12066 12066 F art     : art/runtime/runtime.cc:289]   native: #11 pc 00104b91  /android/system/lib/libart.so (???)
01-06 03:37:09.345 12066 12066 F art     : art/runtime/runtime.cc:289]   native: #12 pc 0022e19a  /system/lib/arm/libhoudini.so (???)
01-06 03:37:09.345 12066 12066 F art     : art/runtime/runtime.cc:289]   native: #13 pc 0021e884  /system/lib/arm/libhoudini.so (???)
01-06 03:37:09.345 12066 12066 F art     : art/runtime/runtime.cc:289]   native: #14 pc 0026a004  /system/lib/arm/libhoudini.so (???)
01-06 03:37:09.345 12066 12066 F art     : art/runtime/runtime.cc:289]   native: #15 pc 007fb4c7  [stack] (???)
01-06 03:37:09.345 12066 12066 F art     : art/runtime/runtime.cc:289]   at cn.play.dserv.CheckTool.Cd(Native method)
01-06 03:37:09.345 12066 12066 F art     : art/runtime/runtime.cc:289]   at cn.play.dserv.DsReceiver.onReceive(unavailable:-1)
01-06 03:37:09.345 12066 12066 F art     : art/runtime/runtime.cc:289]   at android.app.ActivityThread.handleReceiver(ActivityThread.java:2609)
01-06 03:37:09.345 12066 12066 F art     : art/runtime/runtime.cc:289]   at android.app.ActivityThread.access$1700(ActivityThread.java:151)
01-06 03:37:09.345 12066 12066 F art     : art/runtime/runtime.cc:289]   at android.app.ActivityThread$H.handleMessage(ActivityThread.java:1380)
01-06 03:37:09.345 12066 12066 F art     : art/runtime/runtime.cc:289]   at android.os.Handler.dispatchMessage(Handler.java:102)
01-06 03:37:09.345 12066 12066 F art     : art/runtime/runtime.cc:289]   at android.os.Looper.loop(Looper.java:135)
01-06 03:37:09.345 12066 12066 F art     : art/runtime/runtime.cc:289]   at android.app.ActivityThread.main(ActivityThread.java:5254)
01-06 03:37:09.345 12066 12066 F art     : art/runtime/runtime.cc:289]   at java.lang.reflect.Method.invoke!(Native method)
01-06 03:37:09.345 12066 12066 F art     : art/runtime/runtime.cc:289]   at java.lang.reflect.Method.invoke(Method.java:372)
01-06 03:37:09.345 12066 12066 F art     : art/runtime/runtime.cc:289]   at com.android.internal.os.ZygoteInit$MethodAndArgsCaller.run(ZygoteInit.java:903)
01-06 03:37:09.345 12066 12066 F art     : art/runtime/runtime.cc:289]   at com.android.internal.os.ZygoteInit.main(ZygoteInit.java:698)
01-06 03:37:09.345 12066 12066 F art     : art/runtime/runtime.cc:289] 
01-06 03:37:09.345 12066 12066 F art     : art/runtime/runtime.cc:289] "Heap thread pool worker thread 0" prio=5 tid=2 Native (still starting up)
01-06 03:37:09.345 12066 12066 F art     : art/runtime/runtime.cc:289]   | group="" sCount=0 dsCount=0 obj=0x0 self=0xedc3a400
01-06 03:37:09.345 12066 12066 F art     : art/runtime/runtime.cc:289]   | sysTid=12071 nice=0 cgrp=default sched=3/0 handle=0xf3c53b00
01-06 03:37:09.345 12066 12066 F art     : art/runtime/runtime.cc:289]   | state=S schedstat=( 597028 174881 16 ) utm=0 stm=0 core=0 HZ=100
01-06 03:37:09.345 12066 12066 F art     : art/runtime/runtime.cc:289]   | stack=0xf2bb7000-0xf2bb9000 stackSize=1020KB
01-06 03:37:09.345 12066 12066 F art     : art/runtime/runtime.cc:289]   | held mutexes=
01-06 03:37:09.345 12066 12066 F art     : art/runtime/runtime.cc:289]   kernel: futex_wait_queue_me+0xb8/0xf9
01-06 03:37:09.345 12066 12066 F art     : art/runtime/runtime.cc:289]   kernel: futex_wait+0xeb/0x1f0
01-06 03:37:09.345 12066 12066 F art     : art/runtime/runtime.cc:289]   kernel: get_user_pages_fast+0xc0/0x140
01-06 03:37:09.345 12066 12066 F art     : art/runtime/runtime.cc:289]   kernel: ttwu_stat+0x87/0xb9
01-06 03:37:09.345 12066 12066 F art     : art/runtime/runtime.cc:289]   kernel: get_futex_key+0x1ad/0x1c6
01-06 03:37:09.345 12066 12066 F art     : art/runtime/runtime.cc:289]   kernel: do_futex+0xb2/0x86c
01-06 03:37:09.345 12066 12066 F art     : art/runtime/runtime.cc:289]   kernel: handle_mm_fault+0xd1d/0xe32
01-06 03:37:09.345 12066 12066 F art     : art/runtime/runtime.cc:289]   kernel: compat_SyS_futex+0xb1/0x12a
01-06 03:37:09.345 12066 12066 F art     : art/runtime/runtime.cc:289]   kernel: __do_page_fault+0x2c6/0x35c
01-06 03:37:09.345 12066 12066 F art     : art/runtime/runtime.cc:289]   kernel: do_syscall_32_irqs_off+0x4c/0x86
01-06 03:37:09.345 12066 12066 F art     : art/runtime/runtime.cc:289]   kernel: entry_INT80_compat+0x2a/0x40
01-06 03:37:09.345 12066 12066 F art     : art/runtime/runtime.cc:289]   native: #00 pc 000139a0  /android/system/lib/libc.so (???)
01-06 03:37:09.345 12066 12066 F art     : art/runtime/runtime.cc:289]   (no managed stack frames)
01-06 03:37:09.345 12066 12066 F art     : art/runtime/runtime.cc:289] 
01-06 03:37:09.345 12066 12066 F art     : art/runtime/runtime.cc:289] "Heap thread pool worker thread 3" prio=5 tid=3 Native (still starting up)
01-06 03:37:09.345 12066 12066 F art     : art/runtime/runtime.cc:289]   | group="" sCount=0 dsCount=0 obj=0x0 self=0xf3c25c00
01-06 03:37:09.345 12066 12066 F art     : art/runtime/runtime.cc:289]   | sysTid=12075 nice=0 cgrp=default sched=3/0 handle=0xf3c51580
01-06 03:37:09.345 12066 12066 F art     : art/runtime/runtime.cc:289]   | state=S schedstat=( 418810 58811 5 ) utm=0 stm=0 core=3 HZ=100
01-06 03:37:09.345 12066 12066 F art     : art/runtime/runtime.cc:289]   | stack=0xf28b7000-0xf28b9000 stackSize=1020KB
01-06 03:37:09.345 12066 12066 F art     : art/runtime/runtime.cc:289]   | held mutexes=
01-06 03:37:09.345 12066 12066 F art     : art/runtime/runtime.cc:289]   kernel: futex_wait_queue_me+0xb8/0xf9
01-06 03:37:09.345 12066 12066 F art     : art/runtime/runtime.cc:289]   kernel: futex_wait+0xeb/0x1f0
01-06 03:37:09.345 12066 12066 F art     : art/runtime/runtime.cc:289]   kernel: get_user_pages_fast+0xc0/0x140
01-06 03:37:09.345 12066 12066 F art     : art/runtime/runtime.cc:289]   kernel: ttwu_stat+0x87/0xb9
01-06 03:37:09.345 12066 12066 F art     : art/runtime/runtime.cc:289]   kernel: get_futex_key+0x1ad/0x1c6
01-06 03:37:09.345 12066 12066 F art     : art/runtime/runtime.cc:289]   kernel: do_futex+0xb2/0x86c
01-06 03:37:09.345 12066 12066 F art     : art/runtime/runtime.cc:289]   kernel: handle_mm_fault+0xde3/0xe32
01-06 03:37:09.345 12066 12066 F art     : art/runtime/runtime.cc:289]   kernel: rcu_is_watching+0xc/0x1c
01-06 03:37:09.345 12066 12066 F art     : art/runtime/runtime.cc:289]   kernel: compat_SyS_futex+0xb1/0x12a
01-06 03:37:09.345 12066 12066 F art     : art/runtime/runtime.cc:289]   kernel: SyS_prctl+0xe5/0x36d
01-06 03:37:09.345 12066 12066 F art     : art/runtime/runtime.cc:289]   kernel: do_syscall_32_irqs_off+0x4c/0x86
01-06 03:37:09.345 12066 12066 F art     : art/runtime/runtime.cc:289]   kernel: entry_INT80_compat+0x2a/0x40
01-06 03:37:09.345 12066 12066 F art     : art/runtime/runtime.cc:289]   native: #00 pc 000139a0  /android/system/lib/libc.so (???)
01-06 03:37:09.345 12066 12066 F art     : art/runtime/runtime.cc:289]   (no managed stack frames)
01-06 03:37:09.345 12066 12066 F art     : art/runtime/runtime.cc:289] 
01-06 03:37:09.345 12066 12066 F art     : art/runtime/runtime.cc:289] "Heap thread pool worker thread 2" prio=5 tid=4 Native (still starting up)
01-06 03:37:09.345 12066 12066 F art     : art/runtime/runtime.cc:289]   | group="" sCount=0 dsCount=0 obj=0x0 self=0xedc3b400
01-06 03:37:09.345 12066 12066 F art     : art/runtime/runtime.cc:289]   | sysTid=12074 nice=0 cgrp=default sched=3/0 handle=0xf3c54000
01-06 03:37:09.345 12066 12066 F art     : art/runtime/runtime.cc:289]   | state=S schedstat=( 466838 157576 3 ) utm=0 stm=0 core=7 HZ=100
01-06 03:37:09.345 12066 12066 F art     : art/runtime/runtime.cc:289]   | stack=0xf29b7000-0xf29b9000 stackSize=1020KB
01-06 03:37:09.345 12066 12066 F art     : art/runtime/runtime.cc:289]   | held mutexes=
01-06 03:37:09.345 12066 12066 F art     : art/runtime/runtime.cc:289]   kernel: futex_wait_queue_me+0xb8/0xf9
01-06 03:37:09.345 12066 12066 F art     : art/runtime/runtime.cc:289]   kernel: futex_wait+0xeb/0x1f0
01-06 03:37:09.345 12066 12066 F art     : art/runtime/runtime.cc:289]   kernel: get_user_pages_fast+0xc0/0x140
01-06 03:37:09.345 12066 12066 F art     : art/runtime/runtime.cc:289]   kernel: ttwu_stat+0x87/0xb9
01-06 03:37:09.345 12066 12066 F art     : art/runtime/runtime.cc:289]   kernel: get_futex_key+0x1ad/0x1c6
01-06 03:37:09.345 12066 12066 F art     : art/runtime/runtime.cc:289]   kernel: do_futex+0xb2/0x86c
01-06 03:37:09.345 12066 12066 F art     : art/runtime/runtime.cc:289]   kernel: blk_finish_plug+0x1a/0x27
01-06 03:37:09.345 12066 12066 F art     : art/runtime/runtime.cc:289]   kernel: rcu_is_watching+0xc/0x1c
01-06 03:37:09.345 12066 12066 F art     : art/runtime/runtime.cc:289]   kernel: compat_SyS_futex+0xb1/0x12a
01-06 03:37:09.345 12066 12066 F art     : art/runtime/runtime.cc:289]   kernel: SyS_prctl+0xe5/0x36d
01-06 03:37:09.345 12066 12066 F art     : art/runtime/runtime.cc:289]   kernel: do_syscall_32_irqs_off+0x4c/0x86
01-06 03:37:09.345 12066 12066 F art     : art/runtime/runtime.cc:289]   kernel: entry_INT80_compat+0x2a/0x40
01-06 03:37:09.345 12066 12066 F art     : art/runtime/runtime.cc:289]   native: #00 pc 000139a0  /android/system/lib/libc.so (???)
01-06 03:37:09.345 12066 12066 F art     : art/runtime/runtime.cc:289]   (no managed stack frames)
01-06 03:37:09.345 12066 12066 F art     : art/runtime/runtime.cc:289] 
01-06 03:37:09.345 12066 12066 F art     : art/runtime/runtime.cc:289] "Heap thread pool worker thread 4" prio=5 tid=5 Native (still starting up)
01-06 03:37:09.345 12066 12066 F art     : art/runtime/runtime.cc:289]   | group="" sCount=0 dsCount=0 obj=0x0 self=0xf3c30c00
01-06 03:37:09.345 12066 12066 F art     : art/runtime/runtime.cc:289]   | sysTid=12076 nice=0 cgrp=default sched=3/0 handle=0xf3c51800
01-06 03:37:09.345 12066 12066 F art     : art/runtime/runtime.cc:289]   | state=S schedstat=( 450954 110579 5 ) utm=0 stm=0 core=0 HZ=100
01-06 03:37:09.345 12066 12066 F art     : art/runtime/runtime.cc:289]   | stack=0xf27b7000-0xf27b9000 stackSize=1020KB
01-06 03:37:09.345 12066 12066 F art     : art/runtime/runtime.cc:289]   | held mutexes=
01-06 03:37:09.345 12066 12066 F art     : art/runtime/runtime.cc:289]   kernel: futex_wait_queue_me+0xb8/0xf9
01-06 03:37:09.345 12066 12066 F art     : art/runtime/runtime.cc:289]   kernel: futex_wait+0xeb/0x1f0
01-06 03:37:09.345 12066 12066 F art     : art/runtime/runtime.cc:289]   kernel: get_user_pages_fast+0xc0/0x140
01-06 03:37:09.345 12066 12066 F art     : art/runtime/runtime.cc:289]   kernel: ttwu_stat+0x87/0xb9
01-06 03:37:09.345 12066 12066 F art     : art/runtime/runtime.cc:289]   kernel: get_futex_key+0x1ad/0x1c6
01-06 03:37:09.345 12066 12066 F art     : art/runtime/runtime.cc:289]   kernel: do_futex+0xb2/0x86c
01-06 03:37:09.345 12066 12066 F art     : art/runtime/runtime.cc:289]   kernel: handle_mm_fault+0xde3/0xe32
01-06 03:37:09.345 12066 12066 F art     : art/runtime/runtime.cc:289]   kernel: rcu_is_watching+0xc/0x1c
01-06 03:37:09.345 12066 12066 F art     : art/runtime/runtime.cc:289]   kernel: compat_SyS_futex+0xb1/0x12a
01-06 03:37:09.345 12066 12066 F art     : art/runtime/runtime.cc:289]   kernel: SyS_prctl+0xe5/0x36d
01-06 03:37:09.345 12066 12066 F art     : art/runtime/runtime.cc:289]   kernel: do_syscall_32_irqs_off+0x4c/0x86
01-06 03:37:09.345 12066 12066 F art     : art/runtime/runtime.cc:289]   kernel: entry_INT80_compat+0x2a/0x40
01-06 03:37:09.345 12066 12066 F art     : art/runtime/runtime.cc:289]   native: #00 pc 000139a0  /android/system/lib/libc.so (???)
01-06 03:37:09.345 12066 12066 F art     : art/runtime/runtime.cc:289]   (no managed stack frames)
01-06 03:37:09.345 12066 12066 F art     : art/runtime/runtime.cc:289] 
01-06 03:37:09.345 12066 12066 F art     : art/runtime/runtime.cc:289] "Heap thread pool worker thread 5" prio=5 tid=6 Native (still starting up)
01-06 03:37:09.345 12066 12066 F art     : art/runtime/runtime.cc:289]   | group="" sCount=0 dsCount=0 obj=0x0 self=0xedc3c400
01-06 03:37:09.345 12066 12066 F art     : art/runtime/runtime.cc:289]   | sysTid=12077 nice=0 cgrp=default sched=3/0 handle=0xf3c51a80
01-06 03:37:09.345 12066 12066 F art     : art/runtime/runtime.cc:289]   | state=S schedstat=( 445697 54350 5 ) utm=0 stm=0 core=7 HZ=100
01-06 03:37:09.345 12066 12066 F art     : art/runtime/runtime.cc:289]   | stack=0xf26b7000-0xf26b9000 stackSize=1020KB
01-06 03:37:09.345 12066 12066 F art     : art/runtime/runtime.cc:289]   | held mutexes=
01-06 03:37:09.345 12066 12066 F art     : art/runtime/runtime.cc:289]   kernel: futex_wait_queue_me+0xb8/0xf9
01-06 03:37:09.345 12066 12066 F art     : art/runtime/runtime.cc:289]   kernel: futex_wait+0xeb/0x1f0
01-06 03:37:09.345 12066 12066 F art     : art/runtime/runtime.cc:289]   kernel: get_user_pages_fast+0xc0/0x140
01-06 03:37:09.345 12066 12066 F art     : art/runtime/runtime.cc:289]   kernel: ttwu_stat+0x87/0xb9
01-06 03:37:09.345 12066 12066 F art     : art/runtime/runtime.cc:289]   kernel: get_futex_key+0x1ad/0x1c6
01-06 03:37:09.345 12066 12066 F art     : art/runtime/runtime.cc:289]   kernel: do_futex+0xb2/0x86c
01-06 03:37:09.345 12066 12066 F art     : art/runtime/runtime.cc:289]   kernel: blk_finish_plug+0x1a/0x27
01-06 03:37:09.345 12066 12066 F art     : art/runtime/runtime.cc:289]   kernel: rcu_is_watching+0xc/0x1c
01-06 03:37:09.345 12066 12066 F art     : art/runtime/runtime.cc:289]   kernel: compat_SyS_futex+0xb1/0x12a
01-06 03:37:09.345 12066 12066 F art     : art/runtime/runtime.cc:289]   kernel: SyS_prctl+0xe5/0x36d
01-06 03:37:09.345 12066 12066 F art     : art/runtime/runtime.cc:289]   kernel: do_syscall_32_irqs_off+0x4c/0x86
01-06 03:37:09.345 12066 12066 F art     : art/runtime/runtime.cc:289]   kernel: entry_INT80_compat+0x2a/0x40
01-06 03:37:09.345 12066 12066 F art     : art/runtime/runtime.cc:289]   native: #00 pc 000139a0  /android/system/lib/libc.so (???)
01-06 03:37:09.345 12066 12066 F art     : art/runtime/runtime.cc:289]   (no managed stack frames)
01-06 03:37:09.345 12066 12066 F art     : art/runtime/runtime.cc:289] 
01-06 03:37:09.345 12066 12066 F art     : art/runtime/runtime.cc:289] "Heap thread pool worker thread 1" prio=5 tid=7 Native (still starting up)
01-06 03:37:09.345 12066 12066 F art     : art/runtime/runtime.cc:289]   | group="" sCount=0 dsCount=0 obj=0x0 self=0xf3c31c00
01-06 03:37:09.345 12066 12066 F art     : art/runtime/runtime.cc:289]   | sysTid=12073 nice=0 cgrp=default sched=3/0 handle=0xf3c53d80
01-06 03:37:09.345 12066 12066 F art     : art/runtime/runtime.cc:289]   | state=S schedstat=( 436012 551053 4 ) utm=0 stm=0 core=0 HZ=100
01-06 03:37:09.345 12066 12066 F art     : art/runtime/runtime.cc:289]   | stack=0xf2ab7000-0xf2ab9000 stackSize=1020KB
01-06 03:37:09.346 12066 12066 F art     : art/runtime/runtime.cc:289]   | held mutexes=
01-06 03:37:09.346 12066 12066 F art     : art/runtime/runtime.cc:289]   kernel: futex_wait_queue_me+0xb8/0xf9
01-06 03:37:09.346 12066 12066 F art     : art/runtime/runtime.cc:289]   kernel: futex_wait+0xeb/0x1f0
01-06 03:37:09.346 12066 12066 F art     : art/runtime/runtime.cc:289]   kernel: get_user_pages_fast+0xc0/0x140
01-06 03:37:09.346 12066 12066 F art     : art/runtime/runtime.cc:289]   kernel: ttwu_stat+0x87/0xb9
01-06 03:37:09.346 12066 12066 F art     : art/runtime/runtime.cc:289]   kernel: get_futex_key+0x1ad/0x1c6
01-06 03:37:09.346 12066 12066 F art     : art/runtime/runtime.cc:289]   kernel: do_futex+0xb2/0x86c
01-06 03:37:09.346 12066 12066 F art     : art/runtime/runtime.cc:289]   kernel: handle_mm_fault+0xde3/0xe32
01-06 03:37:09.346 12066 12066 F art     : art/runtime/runtime.cc:289]   kernel: rcu_is_watching+0xc/0x1c
