12-23 08:10:29.650  5539  5539 W linker  : [vdso]: unused DT entry: type 0x6ffffef5 arg 0x160
12-23 08:10:30.883  2208  2533 W ActivityManager: getRunningAppProcesses: caller 10062 does not hold REAL_GET_TASKS; limiting output
12-23 08:10:30.884  2208  4566 W ActivityManager: getRunningAppProcesses: caller 10062 does not hold REAL_GET_TASKS; limiting output
12-23 08:10:33.436  1927  1927 D SurfaceFlinger: Set power mode=2, type=0 flinger=0x7f08f1462000
12-23 08:10:33.436  1927  2171 D GRALLOC-DRM: set master
12-23 08:10:33.824  2980  3037 V xiaomi  : [Thread:51] JOB: do reconnect..
12-23 08:10:33.826  2980  3037 V xiaomi  : [Thread:51] update the connection status. disconnected -> connecting : ERROR_OK 
12-23 08:10:33.826  2980  3037 V xiaomi  : [Thread:51] begin to connect to 42.62.94.2:5222
12-23 08:10:34.662  5540  5540 W linker  : [vdso]: unused DT entry: type 0x6ffffef5 arg 0x160
12-23 08:10:35.266  5027  5073 W System.err: java.net.UnknownHostException: Unable to resolve host "eventlog.beacon.qq.com": No address associated with hostname
12-23 08:10:35.266  5027  5073 W System.err: 	at java.net.InetAddress.lookupHostByName(InetAddress.java:457)
12-23 08:10:35.266  5027  5073 W System.err: 	at java.net.InetAddress.getAllByNameImpl(InetAddress.java:252)
12-23 08:10:35.266  5027  5073 W System.err: 	at java.net.InetAddress.getAllByName(InetAddress.java:215)
12-23 08:10:35.266  5027  5073 W System.err: 	at org.apache.http.impl.conn.DefaultClientConnectionOperator.openConnection(DefaultClientConnectionOperator.java:142)
12-23 08:10:35.266  5027  5073 W System.err: 	at org.apache.http.impl.conn.AbstractPoolEntry.open(AbstractPoolEntry.java:169)
12-23 08:10:35.266  5027  5073 W System.err: 	at org.apache.http.impl.conn.AbstractPooledConnAdapter.open(AbstractPooledConnAdapter.java:124)
12-23 08:10:35.266  5027  5073 W System.err: 	at org.apache.http.impl.client.DefaultRequestDirector.execute(DefaultRequestDirector.java:365)
12-23 08:10:35.266  5027  5073 W System.err: 	at org.apache.http.impl.client.AbstractHttpClient.execute(AbstractHttpClient.java:560)
12-23 08:10:35.266  5027  5073 W System.err: 	at org.apache.http.impl.client.AbstractHttpClient.execute(AbstractHttpClient.java:492)
12-23 08:10:35.266  5027  5073 W System.err: 	at com.tencent.beacon.g.h$a.a(SourceFile:236)
12-23 08:10:35.266  5027  5073 W System.err: 	at com.tencent.beacon.g.h$a.a(SourceFile:120)
12-23 08:10:35.266  5027  5073 W System.err: 	at com.tencent.beacon.g.l.a(SourceFile:215)
12-23 08:10:35.266  5027  5073 W System.err: 	at com.tencent.beacon.event.s.b(SourceFile:175)
12-23 08:10:35.266  5027  5073 W System.err: 	at com.tencent.beacon.event.t.run(SourceFile:38)
12-23 08:10:35.266  5027  5073 W System.err: 	at java.util.concurrent.Executors$RunnableAdapter.call(Executors.java:422)
12-23 08:10:35.266  5027  5073 W System.err: 	at java.util.concurrent.FutureTask.runAndReset(FutureTask.java:279)
12-23 08:10:35.266  5027  5073 W System.err: 	at java.util.concurrent.ScheduledThreadPoolExecutor$ScheduledFutureTask.access$301(ScheduledThreadPoolExecutor.java:152)
12-23 08:10:35.267  5027  5073 W System.err: 	at java.util.concurrent.ScheduledThreadPoolExecutor$ScheduledFutureTask.run(ScheduledThreadPoolExecutor.java:266)
12-23 08:10:35.267  5027  5073 W System.err: 	at java.util.concurrent.ThreadPoolExecutor.runWorker(ThreadPoolExecutor.java:1112)
12-23 08:10:35.267  5027  5073 W System.err: 	at java.util.concurrent.ThreadPoolExecutor$Worker.run(ThreadPoolExecutor.java:587)
12-23 08:10:35.267  5027  5073 W System.err: 	at java.lang.Thread.run(Thread.java:818)
12-23 08:10:35.267  5027  5073 W System.err: Caused by: android.system.GaiException: android_getaddrinfo failed: EAI_NODATA (No address associated with hostname)
12-23 08:10:35.267  5027  5073 W System.err: 	at libcore.io.Posix.android_getaddrinfo(Native Method)
12-23 08:10:35.267  5027  5073 W System.err: 	at libcore.io.ForwardingOs.android_getaddrinfo(ForwardingOs.java:55)
12-23 08:10:35.267  5027  5073 W System.err: 	at java.net.InetAddress.lookupHostByName(InetAddress.java:438)
12-23 08:10:35.267  5027  5073 W System.err: 	... 20 more
12-23 08:10:35.267  5027  5073 E beacon  : execute error:java.net.UnknownHostException: Unable to resolve host "eventlog.beacon.qq.com": No address associated with hostname
12-23 08:10:35.392  5027  5073 E beacon  : ChannelID: 72280
12-23 08:10:35.392  5027  5073 E beacon  :  req error  java.lang.Exception: 1:java.lang.Exception: java.net.UnknownHostException: Unable to resolve host "eventlog.beacon.qq.com": No address associated with hostname 2:same 3:same 
12-23 08:10:35.397  5027  5073 W System.err: java.net.UnknownHostException: Unable to resolve host "eventlog.beacon.qq.com": No address associated with hostname
12-23 08:10:35.397  5027  5073 W System.err: 	at java.net.InetAddress.lookupHostByName(InetAddress.java:427)
12-23 08:10:35.397  5027  5073 W System.err: 	at java.net.InetAddress.getAllByNameImpl(InetAddress.java:252)
12-23 08:10:35.397  5027  5073 W System.err: 	at java.net.InetAddress.getAllByName(InetAddress.java:215)
12-23 08:10:35.397  5027  5073 W System.err: 	at org.apache.http.impl.conn.DefaultClientConnectionOperator.openConnection(DefaultClientConnectionOperator.java:142)
12-23 08:10:35.397  5027  5073 W System.err: 	at org.apache.http.impl.conn.AbstractPoolEntry.open(AbstractPoolEntry.java:169)
12-23 08:10:35.397  5027  5073 W System.err: 	at org.apache.http.impl.conn.AbstractPooledConnAdapter.open(AbstractPooledConnAdapter.java:124)
12-23 08:10:35.397  5027  5073 W System.err: 	at org.apache.http.impl.client.DefaultRequestDirector.execute(DefaultRequestDirector.java:365)
12-23 08:10:35.397  5027  5073 W System.err: 	at org.apache.http.impl.client.AbstractHttpClient.execute(AbstractHttpClient.java:560)
12-23 08:10:35.397  5027  5073 W System.err: 	at org.apache.http.impl.client.AbstractHttpClient.execute(AbstractHttpClient.java:492)
12-23 08:10:35.397  5027  5073 W System.err: 	at com.tencent.beacon.g.h$a.a(SourceFile:236)
12-23 08:10:35.397  5027  5073 W System.err: 	at com.tencent.beacon.g.h$a.a(SourceFile:120)
12-23 08:10:35.397  5027  5073 W System.err: 	at com.tencent.beacon.g.l.a(SourceFile:215)
12-23 08:10:35.397  5027  5073 W System.err: 	at com.tencent.beacon.event.s.b(SourceFile:175)
12-23 08:10:35.397  5027  5073 W System.err: 	at com.tencent.beacon.event.t.run(SourceFile:38)
12-23 08:10:35.397  5027  5073 W System.err: 	at java.util.concurrent.Executors$RunnableAdapter.call(Executors.java:422)
12-23 08:10:35.397  5027  5073 W System.err: 	at java.util.concurrent.FutureTask.runAndReset(FutureTask.java:279)
12-23 08:10:35.397  5027  5073 W System.err: 	at java.util.concurrent.ScheduledThreadPoolExecutor$ScheduledFutureTask.access$301(ScheduledThreadPoolExecutor.java:152)
12-23 08:10:35.397  5027  5073 W System.err: 	at java.util.concurrent.ScheduledThreadPoolExecutor$ScheduledFutureTask.run(ScheduledThreadPoolExecutor.java:266)
12-23 08:10:35.397  5027  5073 W System.err: 	at java.util.concurrent.ThreadPoolExecutor.runWorker(ThreadPoolExecutor.java:1112)
12-23 08:10:35.397  5027  5073 W System.err: 	at java.util.concurrent.ThreadPoolExecutor$Worker.run(ThreadPoolExecutor.java:587)
12-23 08:10:35.397  5027  5073 W System.err: 	at java.lang.Thread.run(Thread.java:818)
12-23 08:10:35.397  5027  5073 E beacon  : execute error:java.net.UnknownHostException: Unable to resolve host "eventlog.beacon.qq.com": No address associated with hostname
12-23 08:10:36.366  2208  2269 W AudioTrack: AUDIO_OUTPUT_FLAG_FAST denied by client
12-23 08:10:36.378  1935  2205 D audio_hw_primary: found out /dev/snd/pcmC0D0p
12-23 08:10:36.641  2208  2269 W AudioTrack: AUDIO_OUTPUT_FLAG_FAST denied by client
12-23 08:10:38.453  2208  4566 I ActivityManager: START u0 {act=android.intent.action.MAIN cat=[android.intent.category.LAUNCHER] flg=0x10200000 cmp=com.cyanogenmod.filemanager/.activities.NavigationActivity (has extras)} from uid 10020 on display 0
12-23 08:10:38.453  2208  2269 W AudioTrack: AUDIO_OUTPUT_FLAG_FAST denied by client
12-23 08:10:38.460  2535  2535 W ViewRootImpl: Cancelling event due to no window focus: KeyEvent { action=ACTION_UP, keyCode=KEYCODE_F1, scanCode=59, metaState=META_ALT_ON|META_ALT_LEFT_ON|META_CTRL_ON|META_CTRL_LEFT_ON, flags=0x28, repeatCount=0, eventTime=1895738, downTime=1713975, deviceId=15, source=0x101 }
12-23 08:10:38.460  2535  2535 W ViewRootImpl: Cancelling event due to no window focus: KeyEvent { action=ACTION_UP, keyCode=KEYCODE_F1, scanCode=59, metaState=META_ALT_ON|META_ALT_LEFT_ON|META_CTRL_ON|META_CTRL_LEFT_ON, flags=0x28, repeatCount=0, eventTime=1895738, downTime=1713975, deviceId=15, source=0x101 }
12-23 08:10:38.460  2535  2535 W ViewRootImpl: Cancelling event due to no window focus: KeyEvent { action=ACTION_UP, keyCode=KEYCODE_F1, scanCode=59, metaState=META_ALT_ON|META_ALT_LEFT_ON|META_CTRL_ON|META_CTRL_LEFT_ON, flags=0x28, repeatCount=0, eventTime=1895738, downTime=1713975, deviceId=15, source=0x101 }
12-23 08:10:38.461  2535  2535 W ViewRootImpl: Cancelling event due to no window focus: KeyEvent { action=ACTION_UP, keyCode=KEYCODE_F1, scanCode=59, metaState=META_ALT_ON|META_ALT_LEFT_ON|META_CTRL_ON|META_CTRL_LEFT_ON, flags=0x28, repeatCount=0, eventTime=1895738, downTime=1713975, deviceId=15, source=0x101 }
12-23 08:10:38.461  2535  2535 W ViewRootImpl: Cancelling event due to no window focus: KeyEvent { action=ACTION_UP, keyCode=KEYCODE_F1, scanCode=59, metaState=META_ALT_ON|META_ALT_LEFT_ON|META_CTRL_ON|META_CTRL_LEFT_ON, flags=0x28, repeatCount=0, eventTime=1895738, downTime=1713975, deviceId=15, source=0x101 }
12-23 08:10:38.461  2535  2535 W ViewRootImpl: Cancelling event due to no window focus: KeyEvent { action=ACTION_UP, keyCode=KEYCODE_F1, scanCode=59, metaState=META_ALT_ON|META_ALT_LEFT_ON|META_CTRL_ON|META_CTRL_LEFT_ON, flags=0x28, repeatCount=0, eventTime=1895738, downTime=1713975, deviceId=15, source=0x101 }
12-23 08:10:38.474  5546  5546 W linker  : [vdso]: unused DT entry: type 0x6ffffef5 arg 0x160
12-23 08:10:38.479  5547  5547 W linker  : [vdso]: unused DT entry: type 0x6ffffef5 arg 0x160
12-23 08:10:38.484  5548  5548 W linker  : [vdso]: unused DT entry: type 0x6ffffef5 arg 0x160
12-23 08:10:38.492  5549  5549 W linker  : [vdso]: unused DT entry: type 0x6ffffef5 arg 0x160
12-23 08:10:38.605  5552  5552 W linker  : [vdso]: unused DT entry: type 0x6ffffef5 arg 0x160
12-23 08:10:38.610  5553  5553 W linker  : [vdso]: unused DT entry: type 0x6ffffef5 arg 0x160
12-23 08:10:38.613  5554  5554 W linker  : [vdso]: unused DT entry: type 0x6ffffef5 arg 0x160
12-23 08:10:38.656  5555  5555 W linker  : [vdso]: unused DT entry: type 0x6ffffef5 arg 0x160
12-23 08:10:38.658  5556  5556 W linker  : [vdso]: unused DT entry: type 0x6ffffef5 arg 0x160
12-23 08:10:38.659  5557  5557 W linker  : [vdso]: unused DT entry: type 0x6ffffef5 arg 0x160
12-23 08:10:38.822  2208  2269 W AudioTrack: AUDIO_OUTPUT_FLAG_FAST denied by client
12-23 08:10:38.828  2208  3464 I ActivityManager: START u0 {act=android.intent.action.VIEW dat=file:///storage/usb0/Android-APK/chrome.apk typ=application/vnd.android.package-archive cmp=com.android.packageinstaller/.PackageInstallerActivity} from uid 10048 on display 0
12-23 08:10:38.830  2208  3464 V WindowManager: addAppToken: AppWindowToken{2b3f0bb9 token=Token{22cb1980 ActivityRecord{14813603 u0 com.android.packageinstaller/.PackageInstallerActivity t64}}} to stack=1 task=64 at 1
12-23 08:10:38.858  4867  4867 W PackageParser: Unknown element under <manifest>: uses-permission-sdk-m at /storage/usb0/Android-APK/chrome.apk Binary XML file line #33
12-23 08:10:38.858  4867  4867 W PackageParser: Unknown element under <manifest>: uses-permission-sdk-m at /storage/usb0/Android-APK/chrome.apk Binary XML file line #34
12-23 08:10:38.918  4867  4867 I AppSecurityPermissions: Ignoring unknown permission:com.chrome.permission.DEVICE_EXTRAS
12-23 08:10:38.918  4867  4867 I AppSecurityPermissions: Ignoring unknown permission:com.google.android.c2dm.permission.RECEIVE
12-23 08:10:38.918  4867  4867 I AppSecurityPermissions: Ignoring unknown permission:com.google.android.providers.gsf.permission.READ_GSERVICES
12-23 08:10:38.918  4867  4867 I AppSecurityPermissions: Ignoring unknown permission:com.sec.enterprise.knox.MDM_CONTENT_PROVIDER
12-23 08:10:38.928  2208  2228 V WindowManager: Adding window Window{1ad72f5f u0 com.android.packageinstaller/com.android.packageinstaller.PackageInstallerActivity} at 8 of 13 (after Window{7a09b85 u0 com.cyanogenmod.filemanager/com.cyanogenmod.filemanager.activities.NavigationActivity})
12-23 08:10:38.964  2208  2238 I ActivityManager: Displayed com.android.packageinstaller/.PackageInstallerActivity: +128ms
12-23 08:10:39.673  5562  5562 W linker  : [vdso]: unused DT entry: type 0x6ffffef5 arg 0x160
12-23 08:10:40.095  2208  2649 W ActivityManager: getRunningAppProcesses: caller 10059 does not hold REAL_GET_TASKS; limiting output
12-23 08:10:41.423  5027  5075 W System.err: java.net.UnknownHostException: Unable to resolve host "eventlog.beacon.qq.com": No address associated with hostname
12-23 08:10:41.423  5027  5075 W System.err: 	at java.net.InetAddress.lookupHostByName(InetAddress.java:457)
12-23 08:10:41.423  5027  5075 W System.err: 	at java.net.InetAddress.getAllByNameImpl(InetAddress.java:252)
12-23 08:10:41.423  5027  5075 W System.err: 	at java.net.InetAddress.getAllByName(InetAddress.java:215)
12-23 08:10:41.423  5027  5075 W System.err: 	at org.apache.http.impl.conn.DefaultClientConnectionOperator.openConnection(DefaultClientConnectionOperator.java:142)
12-23 08:10:41.423  5027  5075 W System.err: 	at org.apache.http.impl.conn.AbstractPoolEntry.open(AbstractPoolEntry.java:169)
12-23 08:10:41.423  5027  5075 W System.err: 	at org.apache.http.impl.conn.AbstractPooledConnAdapter.open(AbstractPooledConnAdapter.java:124)
12-23 08:10:41.423  5027  5075 W System.err: 	at org.apache.http.impl.client.DefaultRequestDirector.execute(DefaultRequestDirector.java:365)
12-23 08:10:41.423  5027  5075 W System.err: 	at org.apache.http.impl.client.AbstractHttpClient.execute(AbstractHttpClient.java:560)
12-23 08:10:41.423  5027  5075 W System.err: 	at org.apache.http.impl.client.AbstractHttpClient.execute(AbstractHttpClient.java:492)
12-23 08:10:41.423  5027  5075 W System.err: 	at com.tencent.beacon.g.h$a.a(SourceFile:236)
12-23 08:10:41.423  5027  5075 W System.err: 	at com.tencent.beacon.g.h$a.a(SourceFile:120)
12-23 08:10:41.423  5027  5075 W System.err: 	at com.tencent.beacon.g.l.a(SourceFile:215)
12-23 08:10:41.423  5027  5075 W System.err: 	at com.tencent.beacon.event.p.a(SourceFile:79)
12-23 08:10:41.423  5027  5075 W System.err: 	at com.tencent.beacon.event.q.run(SourceFile:36)
12-23 08:10:41.423  5027  5075 W System.err: 	at java.util.concurrent.Executors$RunnableAdapter.call(Executors.java:422)
12-23 08:10:41.423  5027  5075 W System.err: 	at java.util.concurrent.FutureTask.runAndReset(FutureTask.java:279)
12-23 08:10:41.423  5027  5075 W System.err: 	at java.util.concurrent.ScheduledThreadPoolExecutor$ScheduledFutureTask.access$301(ScheduledThreadPoolExecutor.java:152)
12-23 08:10:41.424  5027  5075 W System.err: 	at java.util.concurrent.ScheduledThreadPoolExecutor$ScheduledFutureTask.run(ScheduledThreadPoolExecutor.java:266)
12-23 08:10:41.424  5027  5075 W System.err: 	at java.util.concurrent.ThreadPoolExecutor.runWorker(ThreadPoolExecutor.java:1112)
12-23 08:10:41.424  5027  5075 W System.err: 	at java.util.concurrent.ThreadPoolExecutor$Worker.run(ThreadPoolExecutor.java:587)
12-23 08:10:41.424  5027  5075 W System.err: 	at java.lang.Thread.run(Thread.java:818)
12-23 08:10:41.424  5027  5075 W System.err: Caused by: android.system.GaiException: android_getaddrinfo failed: EAI_NODATA (No address associated with hostname)
12-23 08:10:41.424  5027  5075 W System.err: 	at libcore.io.Posix.android_getaddrinfo(Native Method)
12-23 08:10:41.424  5027  5075 W System.err: 	at libcore.io.ForwardingOs.android_getaddrinfo(ForwardingOs.java:55)
12-23 08:10:41.424  5027  5075 W System.err: 	at java.net.InetAddress.lookupHostByName(InetAddress.java:438)
12-23 08:10:41.424  5027  5075 W System.err: 	... 20 more
12-23 08:10:41.424  5027  5075 E beacon  : execute error:java.net.UnknownHostException: Unable to resolve host "eventlog.beacon.qq.com": No address associated with hostname
12-23 08:10:43.837  2980  3037 V xiaomi  : SMACK: Could not connect to:42.62.94.2:5222
12-23 08:10:43.838  2980  3037 V xiaomi  : [Thread:51] begin to connect to 114.54.23.2:80
12-23 08:10:44.685  5564  5564 W linker  : [vdso]: unused DT entry: type 0x6ffffef5 arg 0x160
12-23 08:10:46.029  2208  2649 I ActivityManager: START u0 {dat=file:///storage/usb0/Android-APK/chrome.apk cmp=com.android.packageinstaller/.InstallAppProgress (has extras)} from uid 10016 on display 0
12-23 08:10:46.030  2208  2269 W AudioTrack: AUDIO_OUTPUT_FLAG_FAST denied by client
12-23 08:10:46.031  2208  2649 V WindowManager: addAppToken: AppWindowToken{d69627b token=Token{9556a0a ActivityRecord{bbaa75 u0 com.android.packageinstaller/.InstallAppProgress t64}}} to stack=1 task=64 at 2
12-23 08:10:46.036  2208  3464 I ActivityManager: Killing 3508:org.mozilla.firefox/u0a54 (adj 15): empty for 1805s
12-23 08:10:46.042  1935  2205 D audio_hw_primary: found out /dev/snd/pcmC0D0p
12-23 08:10:46.045  2208  2266 D NsdService: Client disconnected
12-23 08:10:46.045  2208  2266 D NsdService: stopMDnsDaemon
12-23 08:10:46.046  1930  2193 D MDnsDS  : Stopping MDNSD
12-23 08:10:46.067  4867  4867 W InstallAppProgress: Replacing package:com.android.chrome
12-23 08:10:46.076  2208  2649 V WindowManager: Adding window Window{3bd4a644 u0 com.android.packageinstaller/com.android.packageinstaller.InstallAppProgress} at 9 of 14 (after Window{1ad72f5f u0 com.android.packageinstaller/com.android.packageinstaller.PackageInstallerActivity})
12-23 08:10:46.099  2208  2238 I ActivityManager: Displayed com.android.packageinstaller/.InstallAppProgress: +63ms
12-23 08:10:46.127  4867  4889 D OpenGLRenderer: endAllStagingAnimators on 0x7f22c6e9e400 (RippleDrawable) with handle 0x7f22c6d75e60
12-23 08:10:46.320  4904  4925 D DefContainer: Copying /storage/usb0/Android-APK/chrome.apk to base.apk
12-23 08:10:47.740  2208  2243 W PackageParser: Unknown element under <manifest>: uses-permission-sdk-m at /data/app/vmdl212907888.tmp/base.apk Binary XML file line #33
12-23 08:10:47.740  2208  2243 W PackageParser: Unknown element under <manifest>: uses-permission-sdk-m at /data/app/vmdl212907888.tmp/base.apk Binary XML file line #34
12-23 08:10:48.114  2208  2243 D PackageManager: Renaming /data/app/vmdl212907888.tmp to /data/app/com.android.chrome-2
12-23 08:10:48.114  2208  2233 I ActivityManager: Force stopping com.android.chrome appid=10053 user=-1: uninstall pkg
12-23 08:10:48.114  2208  2233 I ActivityManager: Killing 4212:com.android.chrome/u0a53 (adj 13): stop com.android.chrome
12-23 08:10:48.121  2208  2649 W ActivityManager: Spurious death for ProcessRecord{51079dc 4212:com.android.chrome/u0a53}, curProc for 4212: null
12-23 08:10:48.171  2208  2243 I PackageManager: Package com.android.chrome codePath changed from /data/app/com.android.chrome-1 to /data/app/com.android.chrome-2; Retaining data and using new
12-23 08:10:48.357  2208  2243 I PackageManager: Running dexopt on: /data/app/com.android.chrome-2/base.apk pkg=com.android.chrome isa=x86 vmSafeMode=false
12-23 08:10:48.360  5569  5569 W linker  : [vdso]: unused DT entry: type 0x6ffffef5 arg 0xec
12-23 08:10:48.361  5569  5569 E cutils-trace: Error opening trace file: Permission denied (13)
12-23 08:10:48.361  5569  5569 I dex2oat : /system/bin/dex2oat --zip-fd=5 --zip-location=/data/app/com.android.chrome-2/base.apk --oat-fd=6 --oat-location=/data/dalvik-cache/x86/data@app@com.android.chrome-2@base.apk@classes.dex --instruction-set=x86 --instruction-set-features=default --runtime-arg -Xms64m --runtime-arg -Xmx512m --compiler-filter=interpret-only --swap-fd=7
12-23 08:10:48.445  5569  5569 I dex2oat : Decided to run without swap.
12-23 08:10:48.765  5569  5569 I dex2oat : dex2oat took 404.378ms (threads: 8) arena alloc=0B java alloc=11MB native alloc=1172KB free=10MB
12-23 08:10:48.769  2208  2243 W PackageManager: Code path for pkg : com.android.chrome changing from /data/app/com.android.chrome-1 to /data/app/com.android.chrome-2
12-23 08:10:48.769  2208  2243 W PackageManager: Resource path for pkg : com.android.chrome changing from /data/app/com.android.chrome-1 to /data/app/com.android.chrome-2
12-23 08:10:48.769  2208  2233 I ActivityManager: Force stopping com.android.chrome appid=10053 user=-1: update pkg
12-23 08:10:48.818  2208  2243 W PackageManager: Unknown permission com.chrome.permission.DEVICE_EXTRAS in package com.android.chrome
12-23 08:10:48.818  2208  2243 W PackageManager: Unknown permission com.google.android.c2dm.permission.RECEIVE in package com.android.chrome
12-23 08:10:48.818  2208  2243 W PackageManager: Unknown permission com.google.android.providers.gsf.permission.READ_GSERVICES in package com.android.chrome
12-23 08:10:48.818  2208  2243 W PackageManager: Unknown permission com.sec.enterprise.knox.MDM_CONTENT_PROVIDER in package com.android.chrome
12-23 08:10:48.874  2208  2243 I ActivityManager: Force stopping com.android.chrome appid=10053 user=0: pkg removed
12-23 08:10:48.876  2208  2243 W Settings: Setting install_non_market_apps has moved from android.provider.Settings.Global to android.provider.Settings.Secure, returning read-only value.
12-23 08:10:48.876  2208  2208 D JobSchedulerService: Receieved: android.intent.action.PACKAGE_REMOVED
12-23 08:10:48.876  2208  2208 D BackupManagerService: Received broadcast Intent { act=android.intent.action.PACKAGE_REMOVED dat=package:com.android.chrome flg=0x4000010 (has extras) }
12-23 08:10:48.880  2208  2251 I InputReader: Reconfiguring input devices.  changes=0x00000010
12-23 08:10:48.882  2208  2251 I InputReader: Reconfiguring input devices.  changes=0x00000010
12-23 08:10:48.883  2535  2535 W Launcher: setApplicationContext called twice! old=com.android.launcher3.LauncherApplication@20a5065a new=com.android.launcher3.LauncherApplication@20a5065a
12-23 08:10:48.884  2208  2251 I InputReader: Reconfiguring input devices.  changes=0x00000010
12-23 08:10:48.910  2208  2229 I ActivityManager: Start proc 5580:com.android.keychain/1000 for broadcast com.android.keychain/.KeyChainBroadcastReceiver
12-23 08:10:48.911  2208  2280 D TaskPersister: removeObsoleteFile: deleting file=22_task.xml
12-23 08:10:48.911  2208  2280 D TaskPersister: removeObsoleteFile: deleting file=22_task_thumbnail.png
12-23 08:10:48.924  5580  5580 I ActivityThread: Switching default density from 160 to 240
12-23 08:10:48.926  2208  2243 I art     : Explicit concurrent mark sweep GC freed 68637(3MB) AllocSpace objects, 11(333KB) LOS objects, 33% free, 16MB/24MB, paused 1.263ms total 50.058ms
12-23 08:10:48.927  5580  5580 W ContextImpl: Calling a method in the system process without a qualified user: android.app.ContextImpl.startService:1692 android.content.ContextWrapper.startService:516 android.content.ContextWrapper.startService:516 com.android.keychain.KeyChainBroadcastReceiver.onReceive:12 android.app.ActivityThread.handleReceiver:2609 
12-23 08:10:48.947  2208  2208 D BackupManagerService: Received broadcast Intent { act=android.intent.action.PACKAGE_ADDED dat=package:com.android.chrome flg=0x4000010 (has extras) }
12-23 08:10:48.947  2208  2208 W BackupManagerService: Removing schedule queue dupe of com.android.chrome
12-23 08:10:49.001  2208  2228 I ActivityManager: Start proc 5604:org.mozilla.firefox/u0a54 for broadcast org.mozilla.firefox/org.mozilla.gecko.webapp.UninstallListener
12-23 08:10:49.002  2208  2232 W VoiceInteractionManagerService: no available voice recognition services found for user 0
12-23 08:10:49.020  5604  5604 I ActivityThread: Switching default density from 160 to 240
12-23 08:10:49.053  5627  5627 W linker  : [vdso]: unused DT entry: type 0x6ffffef5 arg 0x160
12-23 08:10:49.064  2208  2266 D NsdService: startMDnsDaemon
12-23 08:10:49.064  1930  2193 D MDnsDS  : Starting MDNSD
12-23 08:10:49.096  2535  2535 I Launcher: Deferring update until onResume
12-23 08:10:49.096  2535  2535 I Launcher: Deferring update until onResume
12-23 08:10:49.265  2208  2266 D NsdService: New client listening to asynchronous messages
12-23 08:10:49.265  2208  2266 D NsdService: New client, channel: com.android.internal.util.AsyncChannel@144b0a46 messenger: android.os.Messenger@3938e407
12-23 08:10:49.266  5604  5604 I GeckoWebappUninstallListener: Package is being replaced; ignoring removal intent
12-23 08:10:49.277  2535  2535 W Launcher: setApplicationContext called twice! old=com.android.launcher3.LauncherApplication@20a5065a new=com.android.launcher3.LauncherApplication@20a5065a
12-23 08:10:49.280  5604  5604 I FxAccounts: firefox :: FxAccountUpgradeReceiver :: Upgrade broadcast received.
12-23 08:10:49.282  5604  5634 I FxAccounts: firefox :: FxAccountUpgradeReceiver :: Trying to unpickle any pickled Firefox Account.
12-23 08:10:49.284  5604  5634 I FxAccounts: firefox :: FxAccountUpgradeReceiver :: Trying to advance 0 existing Firefox Accounts from the Doghouse to Separated (if necessary).
12-23 08:10:49.301  5604  5604 I FxAccounts: firefox :: UpgradeReceiver :: No Sync Accounts found; not upgrading anything.
12-23 08:10:51.253  2208  2649 I ActivityManager: START u0 {act=android.intent.action.MAIN cat=[android.intent.category.LAUNCHER] flg=0x10000000 pkg=com.android.chrome cmp=com.android.chrome/com.google.android.apps.chrome.Main} from uid 10016 on display 0
12-23 08:10:51.254  2208  2269 W AudioTrack: AUDIO_OUTPUT_FLAG_FAST denied by client
12-23 08:10:51.258  2208  2649 V WindowManager: addAppToken: AppWindowToken{3af74859 token=Token{5c1e4a0 ActivityRecord{3675b9a3 u0 com.android.chrome/com.google.android.apps.chrome.Main t66}}} to stack=1 task=66 at 0
12-23 08:10:51.267  1935  2205 D audio_hw_primary: found out /dev/snd/pcmC0D0p
12-23 08:10:51.298  5637  5637 D houdini : [5637] Initialize library(version: 5.2.2_y.47738 RELEASE)... successfully.
12-23 08:10:51.300  2208  4566 I ActivityManager: Start proc 5637:com.android.chrome/u0a53 for activity com.android.chrome/com.google.android.apps.chrome.Main
12-23 08:10:51.324  5637  5637 I ActivityThread: Switching default density from 160 to 240
12-23 08:10:51.357  2208  2353 I ActivityManager: START u0 {act=android.intent.action.MAIN cat=[android.intent.category.LAUNCHER] flg=0x14002000 pkg=com.android.chrome cmp=com.android.chrome/org.chromium.chrome.browser.ChromeTabbedActivity (has extras)} from uid 10053 on display 0
12-23 08:10:51.360  2208  2353 V WindowManager: addAppToken: AppWindowToken{470aacc token=Token{3f204cff ActivityRecord{12b1c1e u0 com.android.chrome/org.chromium.chrome.browser.ChromeTabbedActivity t66}}} to stack=1 task=66 at 1
12-23 08:10:51.427  5637  5662 I cr_LibraryLoader: Using linker: org.chromium.base.library_loader.LegacyLinker
12-23 08:10:51.429  5637  5662 D houdini : [5662] Added shared library /data/app/com.android.chrome-2/lib/arm/libchromium_android_linker.so for ClassLoader by Native Bridge.
12-23 08:10:51.432  5637  5667 D OpenGLRenderer: Use EGL_SWAP_BEHAVIOR_PRESERVED: true
12-23 08:10:51.432  2208  2228 V WindowManager: Based on layer: Adding window Window{3ad8a991 u0 com.android.chrome/org.chromium.chrome.browser.ChromeTabbedActivity} at 9 of 14
12-23 08:10:51.437  5637  5662 I cr_LibraryLoader: Loading chrome
12-23 08:10:51.451  5637  5667 I GRALLOC-DRM: create intel for driver i915
12-23 08:10:51.452  5637  5667 I EGL-DRI2: DRI2: found extension DRI_Core version 1
12-23 08:10:51.452  5637  5667 I EGL-DRI2: DRI2: found extension DRI_DRI2 version 4
12-23 08:10:51.455  5637  5667 I EGL-DRI2: DRI2: found extension DRI_TexBuffer version 3
12-23 08:10:51.455  5637  5667 I EGL-DRI2: DRI2: found extension DRI2_Flush version 4
12-23 08:10:51.455  5637  5667 I EGL-DRI2: DRI2: found extension DRI_IMAGE version 11
12-23 08:10:51.455  5637  5667 I OpenGLRenderer: Initialized EGL, version 1.4
12-23 08:10:51.455  5637  5667 W OpenGLRenderer: Failed to choose config with EGL_SWAP_BEHAVIOR_PRESERVED, retrying without...
12-23 08:10:51.456  5637  5667 D OpenGLRenderer: Enabling debug mode 0
12-23 08:10:51.457  5637  5662 I cr_LibraryLoader: Time to load native libraries: 30 ms (timestamps 8709-8739)
12-23 08:10:51.457  5637  5662 I cr_LibraryLoader: Expected native library version number "47.0.2526.83", actual native library version number "47.0.2526.83"
12-23 08:10:51.457  2208  4561 V WindowManager: Adding window Window{3c7cdcf7 u0 SurfaceView} at 9 of 15 (before Window{3ad8a991 u0 com.android.chrome/org.chromium.chrome.browser.ChromeTabbedActivity})
12-23 08:10:51.458  5637  5662 I chromium: [INFO:library_loader_hooks.cc(122)] Chromium logging enabled: level = 0, default verbosity = 0
12-23 08:10:51.473  2208  2649 I ActivityManager: Start proc 5669:com.android.chrome:sandboxed_process0/u0i0 for service com.android.chrome/org.chromium.content.app.SandboxedProcessService0
12-23 08:10:51.473  5669  5669 D houdini : [5669] Initialize library(version: 5.2.2_y.47738 RELEASE)... successfully.
12-23 08:10:51.475  5637  5663 I cr_base : Extracting resource /data/data/com.android.chrome/app_chrome/paks/en-GB.pak
12-23 08:10:51.475  5637  5663 I cr_base : Extracting resource /data/data/com.android.chrome/app_chrome/paks/en-US.pak
12-23 08:10:51.478  5669  5669 I ActivityThread: Switching default density from 160 to 240
12-23 08:10:51.482  5669  5669 I cr_ChildProcessService: Creating new ChildProcessService pid=5669
12-23 08:10:51.487  2208  2238 I ActivityManager: Displayed com.android.chrome/org.chromium.chrome.browser.ChromeTabbedActivity: +124ms (total +213ms)
12-23 08:10:51.492  5637  5637 W KnoxSettingsProvider: Permission to read device policy denied.
12-23 08:10:51.493  5637  5637 I cr_BrowserStartup: Initializing chromium process, singleProcess=false
12-23 08:10:51.502  4867  4889 D OpenGLRenderer: endAllStagingAnimators on 0x7f22c6eab800 (RippleDrawable) with handle 0x7f22be0163e0
12-23 08:10:51.550  5078  5255 W System.err: java.net.SocketTimeoutException: failed to connect to /182.254.116.117 (port 80) after 10000ms
12-23 08:10:51.550  5078  5255 W System.err: 	at libcore.io.IoBridge.connectErrno(IoBridge.java:169)
12-23 08:10:51.550  5078  5255 W System.err: 	at libcore.io.IoBridge.connect(IoBridge.java:122)
12-23 08:10:51.550  5078  5255 W System.err: 	at java.net.PlainSocketImpl.connect(PlainSocketImpl.java:183)
12-23 08:10:51.550  5078  5255 W System.err: 	at java.net.PlainSocketImpl.connect(PlainSocketImpl.java:456)
12-23 08:10:51.550  5078  5255 W System.err: 	at java.net.Socket.connect(Socket.java:882)
12-23 08:10:51.550  5078  5255 W System.err: 	at com.android.okhttp.internal.Platform.connectSocket(Platform.java:174)
12-23 08:10:51.550  5078  5255 W System.err: 	at com.android.okhttp.Connection.connect(Connection.java:152)
12-23 08:10:51.550  5078  5255 W System.err: 	at com.android.okhttp.internal.http.HttpEngine.connect(HttpEngine.java:276)
12-23 08:10:51.550  5078  5255 W System.err: 	at com.android.okhttp.internal.http.HttpEngine.sendRequest(HttpEngine.java:211)
12-23 08:10:51.550  5078  5255 W System.err: 	at com.android.okhttp.internal.http.HttpURLConnectionImpl.execute(HttpURLConnectionImpl.java:382)
12-23 08:10:51.550  5078  5255 W System.err: 	at com.android.okhttp.internal.http.HttpURLConnectionImpl.connect(HttpURLConnectionImpl.java:106)
12-23 08:10:51.550  5078  5255 W System.err: 	at com.tencent.component.network.module.common.a$b.a(SourceFile:427)
12-23 08:10:51.550  5078  5255 W System.err: 	at com.tencent.component.network.module.common.a$b.b(SourceFile:488)
12-23 08:10:51.550  5078  5255 W System.err: 	at com.tencent.component.network.utils.thread.j$f.run(SourceFile:133)
12-23 08:10:51.550  5078  5255 W System.err: 	at java.util.concurrent.ThreadPoolExecutor.runWorker(ThreadPoolExecutor.java:1112)
12-23 08:10:51.550  5078  5255 W System.err: 	at java.util.concurrent.ThreadPoolExecutor$Worker.run(ThreadPoolExecutor.java:587)
12-23 08:10:51.550  5078  5255 W System.err: 	at java.lang.Thread.run(Thread.java:818)
12-23 08:10:51.550  5078  5255 W System.err: 	at com.tencent.component.network.utils.thread.h.run(SourceFile:23)
12-23 08:10:51.593  5637  5711 W cr_media: Requires BLUETOOTH permission
12-23 08:10:51.604  5637  5709 W GooglePlayServicesUtil: Google Play services is missing.
12-23 08:10:51.649  5715  5715 D houdini : [5715] Initialize library(version: 5.2.2_y.47738 RELEASE)... successfully.
12-23 08:10:51.649  2208  2534 I ActivityManager: Start proc 5715:com.android.chrome:privileged_process0/u0a53 for service com.android.chrome/org.chromium.content.app.PrivilegedProcessService0
12-23 08:10:51.655  5715  5715 I ActivityThread: Switching default density from 160 to 240
12-23 08:10:51.658  5715  5715 I cr_ChildProcessService: Creating new ChildProcessService pid=5715
12-23 08:10:51.658  5715  5738 I cr_LibraryLoader: Using linker: org.chromium.base.library_loader.LegacyLinker
12-23 08:10:51.661  5715  5738 D houdini : [5738] Added shared library /data/app/com.android.chrome-2/lib/arm/libchromium_android_linker.so for ClassLoader by Native Bridge.
12-23 08:10:51.672  5715  5738 I cr_LibraryLoader: Loading chrome
12-23 08:10:51.716  5715  5738 I cr_LibraryLoader: Time to load native libraries: 44 ms (timestamps 8955-8999)
12-23 08:10:51.716  5715  5738 I cr_LibraryLoader: Expected native library version number "47.0.2526.83", actual native library version number "47.0.2526.83"
12-23 08:10:51.719  5715  5738 I chromium: [INFO:library_loader_hooks.cc(122)] Chromium logging enabled: level = 0, default verbosity = 0
12-23 08:10:51.964  5637  5637 W art     : Attempt to remove local handle scope entry from IRT, ignoring
12-23 08:10:51.981  5715  5738 E libEGL  : validate_display:255 error 3008 (EGL_BAD_DISPLAY)
12-23 08:10:51.983  5715  5738 I GRALLOC-DRM: create intel for driver i915
12-23 08:10:51.985  5715  5738 I EGL-DRI2: DRI2: found extension DRI_Core version 1
12-23 08:10:51.985  5715  5738 I EGL-DRI2: DRI2: found extension DRI_DRI2 version 4
12-23 08:10:52.004  5715  5738 I EGL-DRI2: DRI2: found extension DRI_TexBuffer version 3
12-23 08:10:52.004  5715  5738 I EGL-DRI2: DRI2: found extension DRI2_Flush version 4
12-23 08:10:52.004  5715  5738 I EGL-DRI2: DRI2: found extension DRI_IMAGE version 11
12-23 08:10:52.105  5637  5637 I art     : Rejecting re-init on previously-failed class java.lang.Class<org.chromium.content.browser.FloatingWebActionModeCallback>
12-23 08:10:52.105  5637  5637 I art     : Rejecting re-init on previously-failed class java.lang.Class<org.chromium.content.browser.FloatingWebActionModeCallback>
12-23 08:10:52.131  5669  5689 I cr_LibraryLoader: Using linker: org.chromium.base.library_loader.LegacyLinker
12-23 08:10:52.134  5669  5694 D houdini : [5694] Added shared library /data/app/com.android.chrome-2/lib/arm/libchromium_android_linker.so for ClassLoader by Native Bridge.
12-23 08:10:52.140  5669  5694 I cr_LibraryLoader: Loading chrome
12-23 08:10:52.156  5669  5694 I cr_LibraryLoader: Time to load native libraries: 16 ms (timestamps 9423-9439)
12-23 08:10:52.156  5669  5694 I cr_LibraryLoader: Expected native library version number "47.0.2526.83", actual native library version number "47.0.2526.83"
12-23 08:10:52.159  5669  5694 I chromium: [INFO:library_loader_hooks.cc(122)] Chromium logging enabled: level = 0, default verbosity = 0
12-23 08:10:52.161  5715  5755 I OMXClient: Using client-side OMX mux.
12-23 08:10:52.174  5637  5637 I cr_ChromeTabbedActivity: begin FirstRunFlowSequencer.checkIfFirstRunIsNecessary
12-23 08:10:52.174  5637  5637 I cr_ChromeTabbedActivity: end FirstRunFlowSequencer.checkIfFirstRunIsNecessary
12-23 08:10:52.174  5637  5637 I cr_ChromeTabbedActivity: in refreshSignIn before starting the sign-in processor
12-23 08:10:52.256  5715  5738 E chromium: [ERROR:gl_context_egl.cc(194)] eglSwapInterval failed with error EGL_SUCCESS
12-23 08:10:52.277  5637  5637 E chromium: [ERROR:layer_tree_host_impl.cc(2131)] Forcing zero-copy tile initialization as worker context is missing
12-23 08:10:52.297  5637  5708 E chromium: [ERROR:simple_version_upgrade.cc(153)] File structure does not match the disk cache backend.
12-23 08:10:52.297  5637  5708 E chromium: [ERROR:simple_backend_impl.cc(574)] Simple Cache Backend: wrong file structure on disk: /data/data/com.android.chrome/app_chrome/Default/GPUCache
12-23 08:10:52.365  5637  5708 E chromium: [ERROR:simple_version_upgrade.cc(153)] File structure does not match the disk cache backend.
12-23 08:10:52.365  5637  5708 E chromium: [ERROR:simple_backend_impl.cc(574)] Simple Cache Backend: wrong file structure on disk: /data/data/com.android.chrome/cache/Cache
12-23 08:10:52.366  2327  2327 W ResourceType: No package identifier when getting value for resource number 0x00000000
12-23 08:10:52.366  2327  2327 W PackageManager: Failure retrieving resources for com.cyanogenmod.filemanager: Resource ID #0x0
12-23 08:10:52.537  2208  4566 W ActivityManager: getRunningAppProcesses: caller 10056 does not hold REAL_GET_TASKS; limiting output
12-23 08:10:53.845  2980  3037 V xiaomi  : SMACK: Could not connect to:114.54.23.2:80
12-23 08:10:53.846  2980  3037 V xiaomi  : [Thread:51] begin to connect to 111.206.200.2:5222
12-23 08:10:54.076  5772  5772 W linker  : [vdso]: unused DT entry: type 0x6ffffef5 arg 0x160
12-23 08:10:57.265  5637  5778 E ActivityThread: Failed to find provider info for com.google.android.gsf.gservices
12-23 08:10:59.084  5791  5791 W linker  : [vdso]: unused DT entry: type 0x6ffffef5 arg 0x160
12-23 08:11:00.474  5027  5073 W System.err: java.net.UnknownHostException: Unable to resolve host "eventlog.beacon.qq.com": No address associated with hostname
12-23 08:11:00.474  5027  5073 W System.err: 	at java.net.InetAddress.lookupHostByName(InetAddress.java:457)
12-23 08:11:00.474  5027  5073 W System.err: 	at java.net.InetAddress.getAllByNameImpl(InetAddress.java:252)
12-23 08:11:00.474  5027  5073 W System.err: 	at java.net.InetAddress.getAllByName(InetAddress.java:215)
12-23 08:11:00.474  5027  5073 W System.err: 	at org.apache.http.impl.conn.DefaultClientConnectionOperator.openConnection(DefaultClientConnectionOperator.java:142)
12-23 08:11:00.474  5027  5073 W System.err: 	at org.apache.http.impl.conn.AbstractPoolEntry.open(AbstractPoolEntry.java:169)
12-23 08:11:00.474  5027  5073 W System.err: 	at org.apache.http.impl.conn.AbstractPooledConnAdapter.open(AbstractPooledConnAdapter.java:124)
12-23 08:11:00.474  5027  5073 W System.err: 	at org.apache.http.impl.client.DefaultRequestDirector.execute(DefaultRequestDirector.java:365)
12-23 08:11:00.474  5027  5073 W System.err: 	at org.apache.http.impl.client.AbstractHttpClient.execute(AbstractHttpClient.java:560)
12-23 08:11:00.474  5027  5073 W System.err: 	at org.apache.http.impl.client.AbstractHttpClient.execute(AbstractHttpClient.java:492)
12-23 08:11:00.474  5027  5073 W System.err: 	at com.tencent.beacon.g.h$a.a(SourceFile:236)
12-23 08:11:00.474  5027  5073 W System.err: 	at com.tencent.beacon.g.h$a.a(SourceFile:120)
12-23 08:11:00.474  5027  5073 W System.err: 	at com.tencent.beacon.g.l.a(SourceFile:215)
12-23 08:11:00.474  5027  5073 W System.err: 	at com.tencent.beacon.event.s.b(SourceFile:175)
12-23 08:11:00.474  5027  5073 W System.err: 	at com.tencent.beacon.event.t.run(SourceFile:38)
12-23 08:11:00.474  5027  5073 W System.err: 	at java.util.concurrent.Executors$RunnableAdapter.call(Executors.java:422)
12-23 08:11:00.474  5027  5073 W System.err: 	at java.util.concurrent.FutureTask.runAndReset(FutureTask.java:279)
12-23 08:11:00.474  5027  5073 W System.err: 	at java.util.concurrent.ScheduledThreadPoolExecutor$ScheduledFutureTask.access$301(ScheduledThreadPoolExecutor.java:152)
12-23 08:11:00.474  5027  5073 W System.err: 	at java.util.concurrent.ScheduledThreadPoolExecutor$ScheduledFutureTask.run(ScheduledThreadPoolExecutor.java:266)
12-23 08:11:00.474  5027  5073 W System.err: 	at java.util.concurrent.ThreadPoolExecutor.runWorker(ThreadPoolExecutor.java:1112)
12-23 08:11:00.474  5027  5073 W System.err: 	at java.util.concurrent.ThreadPoolExecutor$Worker.run(ThreadPoolExecutor.java:587)
12-23 08:11:00.474  5027  5073 W System.err: 	at java.lang.Thread.run(Thread.java:818)
12-23 08:11:00.474  5027  5073 W System.err: Caused by: android.system.GaiException: android_getaddrinfo failed: EAI_NODATA (No address associated with hostname)
12-23 08:11:00.474  5027  5073 W System.err: 	at libcore.io.Posix.android_getaddrinfo(Native Method)
12-23 08:11:00.474  5027  5073 W System.err: 	at libcore.io.ForwardingOs.android_getaddrinfo(ForwardingOs.java:55)
12-23 08:11:00.474  5027  5073 W System.err: 	at java.net.InetAddress.lookupHostByName(InetAddress.java:438)
12-23 08:11:00.474  5027  5073 W System.err: 	... 20 more
12-23 08:11:00.474  5027  5073 E beacon  : execute error:java.net.UnknownHostException: Unable to resolve host "eventlog.beacon.qq.com": No address associated with hostname
12-23 08:11:00.884  2208  2534 W ActivityManager: getRunningAppProcesses: caller 10062 does not hold REAL_GET_TASKS; limiting output
12-23 08:11:01.571  5078  5255 W System.err: java.net.SocketTimeoutException: failed to connect to /182.254.116.116 (port 80) after 10000ms
12-23 08:11:01.571  5078  5255 W System.err: 	at libcore.io.IoBridge.connectErrno(IoBridge.java:169)
12-23 08:11:01.571  5078  5255 W System.err: 	at libcore.io.IoBridge.connect(IoBridge.java:122)
12-23 08:11:01.571  5078  5255 W System.err: 	at java.net.PlainSocketImpl.connect(PlainSocketImpl.java:183)
12-23 08:11:01.571  5078  5255 W System.err: 	at java.net.PlainSocketImpl.connect(PlainSocketImpl.java:456)
12-23 08:11:01.571  5078  5255 W System.err: 	at java.net.Socket.connect(Socket.java:882)
12-23 08:11:01.571  5078  5255 W System.err: 	at com.android.okhttp.internal.Platform.connectSocket(Platform.java:174)
12-23 08:11:01.571  5078  5255 W System.err: 	at com.android.okhttp.Connection.connect(Connection.java:152)
12-23 08:11:01.572  5078  5255 W System.err: 	at com.android.okhttp.internal.http.HttpEngine.connect(HttpEngine.java:276)
12-23 08:11:01.572  5078  5255 W System.err: 	at com.android.okhttp.internal.http.HttpEngine.sendRequest(HttpEngine.java:211)
12-23 08:11:01.572  5078  5255 W System.err: 	at com.android.okhttp.internal.http.HttpURLConnectionImpl.execute(HttpURLConnectionImpl.java:382)
12-23 08:11:01.572  5078  5255 W System.err: 	at com.android.okhttp.internal.http.HttpURLConnectionImpl.connect(HttpURLConnectionImpl.java:106)
12-23 08:11:01.572  5078  5255 W System.err: 	at com.tencent.component.network.module.common.a$b.a(SourceFile:427)
12-23 08:11:01.572  5078  5255 W System.err: 	at com.tencent.component.network.module.common.a$b.b(SourceFile:490)
12-23 08:11:01.572  5078  5255 W System.err: 	at com.tencent.component.network.utils.thread.j$f.run(SourceFile:133)
12-23 08:11:01.572  5078  5255 W System.err: 	at java.util.concurrent.ThreadPoolExecutor.runWorker(ThreadPoolExecutor.java:1112)
12-23 08:11:01.572  5078  5255 W System.err: 	at java.util.concurrent.ThreadPoolExecutor$Worker.run(ThreadPoolExecutor.java:587)
12-23 08:11:01.572  5078  5255 W System.err: 	at java.lang.Thread.run(Thread.java:818)
12-23 08:11:01.572  5078  5255 W System.err: 	at com.tencent.component.network.utils.thread.h.run(SourceFile:23)
12-23 08:11:03.165  2208  2228 I ActivityManager: Start proc 5800:com.android.chrome:sandboxed_process1/u0i1 for service com.android.chrome/org.chromium.content.app.SandboxedProcessService1
12-23 08:11:03.166  5800  5800 D houdini : [5800] Initialize library(version: 5.2.2_y.47738 RELEASE)... successfully.
12-23 08:11:03.170  5800  5800 I ActivityThread: Switching default density from 160 to 240
12-23 08:11:03.173  5800  5800 I cr_ChildProcessService: Creating new ChildProcessService pid=5800
12-23 08:11:03.174  5800  5823 I cr_LibraryLoader: Using linker: org.chromium.base.library_loader.LegacyLinker
12-23 08:11:03.175  5800  5823 D houdini : [5823] Added shared library /data/app/com.android.chrome-2/lib/arm/libchromium_android_linker.so for ClassLoader by Native Bridge.
12-23 08:11:03.183  5800  5823 I cr_LibraryLoader: Loading chrome
12-23 08:11:03.206  5800  5823 I cr_LibraryLoader: Time to load native libraries: 23 ms (timestamps 466-489)
12-23 08:11:03.206  5800  5823 I cr_LibraryLoader: Expected native library version number "47.0.2526.83", actual native library version number "47.0.2526.83"
12-23 08:11:03.209  5800  5823 I chromium: [INFO:library_loader_hooks.cc(122)] Chromium logging enabled: level = 0, default verbosity = 0
12-23 08:11:03.848  2980  3037 V xiaomi  : SMACK: Could not connect to:111.206.200.2:5222
12-23 08:11:03.849  2980  3037 V xiaomi  : [Thread:51] begin to connect to 120.134.33.29:5222
12-23 08:11:04.097  5839  5839 W linker  : [vdso]: unused DT entry: type 0x6ffffef5 arg 0x160
12-23 08:11:04.342  5637  5637 W GooglePlayServicesUtil: Google Play services is missing.
12-23 08:11:04.350  5637  5637 D DelegatedPKCS11Manager: initialize
12-23 08:11:04.352  5637  5637 W GooglePlayServicesUtil: Google Play services is missing.
12-23 08:11:04.357  5637  5637 I cr_BindingManager: Moderate binding enabled: maxSize=20 lowReduceRatio=0.250000 highReduceRatio=0.500000
12-23 08:11:04.358  5637  5637 V NFC     : this device does not have NFC support
12-23 08:11:04.359  5637  5637 D StrictMode: StrictMode policy violation; ~duration=16 ms: android.os.StrictMode$StrictModeDiskReadViolation: policy=2847 violation=2
12-23 08:11:04.359  5637  5637 D StrictMode: 	at android.os.StrictMode$AndroidBlockGuardPolicy.onReadFromDisk(StrictMode.java:1137)
12-23 08:11:04.359  5637  5637 D StrictMode: 	at libcore.io.BlockGuardOs.access(BlockGuardOs.java:67)
12-23 08:11:04.359  5637  5637 D StrictMode: 	at java.io.File.doAccess(File.java:283)
12-23 08:11:04.359  5637  5637 D StrictMode: 	at java.io.File.exists(File.java:363)
12-23 08:11:04.359  5637  5637 D StrictMode: 	at android.util.AtomicFile.openRead(AtomicFile.java:195)
12-23 08:11:04.359  5637  5637 D StrictMode: 	at com.android.server.pm.UserManagerService.readApplicationRestrictionsLocked(UserManagerService.java:1664)
12-23 08:11:04.359  5637  5637 D StrictMode: 	at com.android.server.pm.UserManagerService.getApplicationRestrictionsForUser(UserManagerService.java:1448)
12-23 08:11:04.359  5637  5637 D StrictMode: 	at com.android.server.pm.UserManagerService.getApplicationRestrictions(UserManagerService.java:1437)
12-23 08:11:04.359  5637  5637 D StrictMode: 	at android.os.IUserManager$Stub.onTransact(IUserManager.java:297)
12-23 08:11:04.359  5637  5637 D StrictMode: 	at android.os.Binder.execTransact(Binder.java:446)
12-23 08:11:04.359  5637  5637 D StrictMode: # via Binder call with stack:
12-23 08:11:04.359  5637  5637 D StrictMode: android.os.StrictMode$LogStackTrace
12-23 08:11:04.359  5637  5637 D StrictMode: 	at android.os.StrictMode.readAndHandleBinderCallViolations(StrictMode.java:1717)
12-23 08:11:04.359  5637  5637 D StrictMode: 	at android.os.Parcel.readExceptionCode(Parcel.java:1527)
12-23 08:11:04.359  5637  5637 D StrictMode: 	at android.os.Parcel.readException(Parcel.java:1496)
12-23 08:11:04.359  5637  5637 D StrictMode: 	at android.os.IUserManager$Stub$Proxy.getApplicationRestrictions(IUserManager.java:792)
12-23 08:11:04.359  5637  5637 D StrictMode: 	at android.os.UserManager.getApplicationRestrictions(UserManager.java:1174)
12-23 08:11:04.359  5637  5637 D StrictMode: 	at com.google.android.gms.common.aG.a(Unknown Source)
12-23 08:11:04.359  5637  5637 D StrictMode: 	at com.google.android.gms.common.aG.b(Unknown Source)
12-23 08:11:04.359  5637  5637 D StrictMode: 	at com.google.android.gms.common.h.a(Unknown Source)
12-23 08:11:04.359  5637  5637 D StrictMode: 	at org.chromium.chrome.browser.externalauth.ExternalAuthUtils.checkGooglePlayServicesAvailable(ExternalAuthUtils.java:241)
12-23 08:11:04.359  5637  5637 D StrictMode: 	at org.chromium.chrome.browser.externalauth.ExternalAuthUtils.canUseGooglePlayServices(ExternalAuthUtils.java:178)
12-23 08:11:04.359  5637  5637 D StrictMode: 	at org.chromium.chrome.browser.externalauth.ExternalAuthUtils.canUseFirstPartyGooglePlayServices(ExternalAuthUtils.java:217)
12-23 08:11:04.359  5637  5637 D StrictMode: 	at com.google.android.apps.chrome.icing.IcingProvider.init(IcingProvider.java:172)
12-23 08:11:04.359  5637  5637 D StrictMode: 	at com.google.android.apps.chrome.icing.IcingProvider.start(IcingProvider.java:102)
12-23 08:11:04.359  5637  5637 D StrictMode: 	at com.google.android.apps.chrome.icing.GsaHelperInternal.startSync(GsaHelperInternal.java:34)
12-23 08:11:04.359  5637  5637 D StrictMode: 	at org.chromium.chrome.browser.DeferredStartupHandler.onDeferredStartup(DeferredStartupHandler.java:108)
12-23 08:11:04.359  5637  5637 D StrictMode: 	at org.chromium.chrome.browser.ChromeActivity.onDeferredStartup(ChromeActivity.java:645)
12-23 08:11:04.359  5637  5637 D StrictMode: 	at org.chromium.chrome.browser.ChromeTabbedActivity.onDeferredStartup(ChromeTabbedActivity.java:853)
12-23 08:11:04.359  5637  5637 D StrictMode: 	at org.chromium.chrome.browser.ChromeActivity$12$1.queueIdle(ChromeActivity.java:1496)
12-23 08:11:04.359  5637  5637 D StrictMode: 	at android.os.MessageQueue.next(MessageQueue.java:211)
12-23 08:11:04.359  5637  5637 D StrictMode: 	at android.os.Looper.loop(Looper.java:122)
12-23 08:11:04.359  5637  5637 D StrictMode: 	at android.app.ActivityThread.main(ActivityThread.java:5254)
12-23 08:11:04.359  5637  5637 D StrictMode: 	at java.lang.reflect.Method.invoke(Native Method)
12-23 08:11:04.359  5637  5637 D StrictMode: 	at java.lang.reflect.Method.invoke(Method.java:372)
12-23 08:11:04.359  5637  5637 D StrictMode: 	at com.android.internal.os.ZygoteInit$MethodAndArgsCaller.run(ZygoteInit.java:903)
