12-14 08:34:15.245  2064  2064 W PackageManager: Package com.tencent.mobileqq desires unavailable shared library com.motorola.hardware.frontcamera; ignoring!
12-14 08:34:15.380  2064  2064 D PackageManager: No files in app dir /data/app-private
12-14 08:34:15.380  2064  2064 W PackageManager: Package com.android.gallery3d desires unavailable shared library com.google.android.media.effects; ignoring!
12-14 08:34:15.380  2064  2064 W PackageManager: Package com.android.gallery3d desires unavailable shared library com.google.android.media.effects; ignoring!
12-14 08:34:15.380  2064  2064 W PackageManager: Package com.tencent.mobileqq desires unavailable shared library com.sec.android.app.multiwindow; ignoring!
12-14 08:34:15.380  2064  2064 W PackageManager: Package com.tencent.mobileqq desires unavailable shared library com.google.android.media.effects; ignoring!
12-14 08:34:15.380  2064  2064 W PackageManager: Package com.tencent.mobileqq desires unavailable shared library com.motorola.hardware.frontcamera; ignoring!
12-14 08:34:15.380  2064  2064 I PackageManager: Adjusting ABI for : com.android.inputdevices to x86_64
12-14 08:34:15.380  2064  2064 I PackageManager: Adjusting ABI for : com.android.providers.settings to x86_64
12-14 08:34:15.380  2064  2064 I PackageManager: Adjusting ABI for : com.android.settings to x86_64
12-14 08:34:15.380  2064  2064 I PackageManager: Adjusting ABI for : com.android.location.fused to x86_64
12-14 08:34:15.380  2064  2064 I PackageManager: Adjusting ABI for : org.zeroxlab.util.tscal to x86_64
12-14 08:34:15.380  2064  2064 I PackageManager: Adjusting ABI for : com.android.server.telecom to x86_64
12-14 08:34:15.380  2064  2064 I PackageManager: Adjusting ABI for : com.android.keychain to x86_64
12-14 08:34:15.381  2064  2064 I PackageManager: Time to scan packages: 0.527 seconds
12-14 08:34:15.381  2064  2064 W PackageManager: Unknown permission com.google.android.googleapps.permission.GOOGLE_AUTH in package com.android.providers.calendar
12-14 08:34:15.381  2064  2064 W PackageManager: Unknown permission com.google.android.googleapps.permission.GOOGLE_AUTH.cl in package com.android.providers.calendar
12-14 08:34:15.381  2064  2064 W PackageManager: Not granting permission android.permission.GLOBAL_SEARCH to package com.android.quicksearchbox (protectionLevel=18 flags=0x8be45)
12-14 08:34:15.381  2064  2064 W PackageManager: Not granting permission android.permission.ACCESS_DOWNLOAD_MANAGER to package com.android.browser (protectionLevel=18 flags=0x9be45)
12-14 08:34:15.381  2064  2064 W PackageManager: Not granting permission android.permission.SEND_DOWNLOAD_COMPLETED_INTENTS to package com.android.browser (protectionLevel=2 flags=0x9be45)
12-14 08:34:15.381  2064  2064 W PackageManager: Not granting permission android.permission.BIND_WALLPAPER to package com.android.camera2 (protectionLevel=18 flags=0x58bc45)
12-14 08:34:15.381  2064  2064 W PackageManager: Unknown permission android.permission.INSTALL_DRM in package com.android.mms
12-14 08:34:15.381  2064  2064 W PackageManager: Not granting permission android.permission.BIND_APPWIDGET to package com.android.launcher3 (protectionLevel=18 flags=0x483e45)
12-14 08:34:15.381  2064  2064 W PackageManager: Unknown permission com.android.launcher.permission.READ_SETTINGS in package com.android.launcher3
12-14 08:34:15.381  2064  2064 W PackageManager: Unknown permission com.android.launcher.permission.WRITE_SETTINGS in package com.android.launcher3
12-14 08:34:15.381  2064  2064 W PackageManager: Unknown permission com.google.android.googleapps.permission.GOOGLE_AUTH.mail in package com.android.calendar
12-14 08:34:15.381  2064  2064 W PackageManager: Unknown permission com.android.launcher.permission.READ_SETTINGS in package com.android.onetimeinitializer
12-14 08:34:15.381  2064  2064 W PackageManager: Unknown permission com.android.launcher.permission.WRITE_SETTINGS in package com.android.onetimeinitializer
12-14 08:34:15.381  2064  2064 W PackageManager: Not granting permission android.permission.CHANGE_CONFIGURATION to package com.tencent.mobileqq (protectionLevel=50 flags=0x83e44)
12-14 08:34:15.381  2064  2064 W PackageManager: Unknown permission com.android.launcher.permission.READ_SETTINGS in package com.tencent.mobileqq
12-14 08:34:15.381  2064  2064 W PackageManager: Unknown permission com.tencent.permission.VIRUS_SCAN in package com.tencent.mobileqq
12-14 08:34:15.381  2064  2064 W PackageManager: Not granting permission android.permission.READ_LOGS to package com.tencent.mobileqq (protectionLevel=50 flags=0x83e44)
12-14 08:34:15.381  2064  2064 W PackageManager: Unknown permission android.permission.WRITE_OWNER_DATA in package com.tencent.mobileqq
12-14 08:34:15.381  2064  2064 W PackageManager: Unknown permission android.permission.SYSTEM_OVERLAY_WINDOW in package com.tencent.mobileqq
12-14 08:34:15.381  2064  2064 W PackageManager: Not granting permission android.permission.INTERACT_ACROSS_USERS to package com.tencent.mobileqq (protectionLevel=50 flags=0x83e44)
12-14 08:34:15.381  2064  2064 W PackageManager: Unknown permission com.android.launcher.permission.WRITE_SETTINGS in package com.tencent.mobileqq
12-14 08:34:15.381  2064  2064 W PackageManager: Not granting permission com.android.launcher3.permission.WRITE_SETTINGS to package com.tencent.mobileqq (protectionLevel=18 flags=0x83e44)
12-14 08:34:15.381  2064  2064 W PackageManager: Unknown permission com.google.android.launcher.permission.READ_SETTINGS in package com.tencent.mobileqq
12-14 08:34:15.381  2064  2064 W PackageManager: Unknown permission com.bbk.launcher2.permission.READ_SETTINGS in package com.tencent.mobileqq
12-14 08:34:15.381  2064  2064 W PackageManager: Unknown permission com.huaqin.launcherEx.permission.READ_SETTINGS in package com.tencent.mobileqq
12-14 08:34:15.381  2064  2064 W PackageManager: Unknown permission com.htc.launcher.settings in package com.tencent.mobileqq
12-14 08:34:15.381  2064  2064 W PackageManager: Unknown permission com.htc.launcher.permission.READ_SETTINGS in package com.tencent.mobileqq
12-14 08:34:15.381  2064  2064 W PackageManager: Unknown permission com.htc.launcher.permission.WRITE_SETTINGS in package com.tencent.mobileqq
12-14 08:34:15.381  2064  2064 W PackageManager: Unknown permission com.huawei.launcher3.permission.READ_SETTINGS in package com.tencent.mobileqq
12-14 08:34:15.381  2064  2064 W PackageManager: Unknown permission com.huawei.android.launcher.permission.READ_SETTINGS in package com.tencent.mobileqq
12-14 08:34:15.381  2064  2064 W PackageManager: Unknown permission com.sonyericsson.home.permission.BROADCAST_BADGE in package com.tencent.mobileqq
12-14 08:34:15.381  2064  2064 W PackageManager: Unknown permission com.sec.android.provider.badge.permission.READ in package com.tencent.mobileqq
12-14 08:34:15.381  2064  2064 W PackageManager: Unknown permission com.sec.android.provider.badge.permission.WRITE in package com.tencent.mobileqq
12-14 08:34:15.381  2064  2064 W PackageManager: Unknown permission com.lenovo.launcher.permission.BADGE_READ in package com.tencent.mobileqq
12-14 08:34:15.381  2064  2064 W PackageManager: Unknown permission com.lenovo.launcher.permission.BADGE_WRITE in package com.tencent.mobileqq
12-14 08:34:15.381  2064  2064 W PackageManager: Unknown permission com.huawei.android.launcher.permission.CHANGE_BADGE in package com.tencent.mobileqq
12-14 08:34:15.381  2064  2064 W PackageManager: Unknown permission com.huawei.authentication.HW_ACCESS_AUTH_SERVICE in package com.tencent.mobileqq
12-14 08:34:15.381  2064  2064 W PackageManager: Not granting permission android.permission.DELETE_PACKAGES to package com.svox.pico (protectionLevel=18 flags=0x8be45)
12-14 08:34:15.381  2064  2064 W PackageManager: Unknown permission com.cyanogenmod.filemanager.permissions.READ_THEME in package com.cyanogenmod.filemanager
12-14 08:34:15.381  2064  2064 W PackageManager: Unknown permission com.google.android.googleapps.permission.GOOGLE_AUTH in package com.android.settings
12-14 08:34:15.381  2064  2064 W PackageManager: Unknown permission com.android.launcher.permission.READ_SETTINGS in package com.android.settings
12-14 08:34:15.381  2064  2064 W PackageManager: Unknown permission com.android.launcher.permission.WRITE_SETTINGS in package com.android.settings
12-14 08:34:15.381  2064  2064 W PackageManager: Unknown permission com.android.smspush.WAPPUSH_MANAGER_BIND in package com.android.phone
12-14 08:34:15.381  2064  2064 W PackageManager: Not granting permission android.permission.DEVICE_POWER to package com.android.deskclock (protectionLevel=2 flags=0x48be45)
12-14 08:34:15.381  2064  2064 W PackageManager: Unknown permission com.google.android.gallery3d.permission.GALLERY_PROVIDER in package com.android.bluetooth
12-14 08:34:15.381  2064  2064 W PackageManager: Unknown permission com.google.android.googleapps.permission.ACCESS_GOOGLE_PASSWORD in package com.android.development
12-14 08:34:15.381  2064  2064 W PackageManager: Unknown permission com.google.android.googleapps.permission.GOOGLE_AUTH in package com.android.development
12-14 08:34:15.381  2064  2064 W PackageManager: Unknown permission com.google.android.googleapps.permission.GOOGLE_AUTH.ALL_SERVICES in package com.android.development
12-14 08:34:15.381  2064  2064 W PackageManager: Unknown permission com.google.android.googleapps.permission.GOOGLE_AUTH.YouTubeUser in package com.android.development
12-14 08:34:15.393  2064  2064 I art     : Explicit concurrent mark sweep GC freed 17572(1123KB) AllocSpace objects, 2(32KB) LOS objects, 33% free, 4MB/6MB, paused 231us total 5.377ms
12-14 08:34:15.393  2064  2064 I SystemServer: User Service
12-14 08:34:15.396  1785  1785 I lowmemorykiller: ActivityManager connected
12-14 08:34:15.397  2064  2064 I SystemServiceManager: Starting com.android.server.lights.LightsService
12-14 08:34:15.398  2064  2064 D lights  : Detect /sys/class/backlight/intel_backlight/max_brightness
12-14 08:34:15.398  2064  2064 D lights  : Detect /sys/class/backlight/intel_backlight/brightness
12-14 08:34:15.398  2064  2064 I SystemServiceManager: Starting com.android.server.BatteryService
12-14 08:34:15.503  2064  2064 I SystemServiceManager: Starting com.android.server.usage.UsageStatsService
12-14 08:34:15.505  2064  2064 I SystemServiceManager: Starting com.android.server.webkit.WebViewUpdateService
12-14 08:34:15.507  2064  2064 I SystemServer: Reading configuration...
12-14 08:34:15.507  2064  2064 I SystemServer: Scheduling Policy
12-14 08:34:15.507  2064  2064 I SystemServiceManager: Starting com.android.server.telecom.TelecomLoaderService
12-14 08:34:15.507  2064  2064 I SystemServer: Telephony Registry
12-14 08:34:15.510  2064  2064 I SystemServer: Entropy Mixer
12-14 08:34:15.511  2064  2064 I EntropyMixer: Writing entropy...
12-14 08:34:15.515  2064  2064 I SystemServer: Account Manager
12-14 08:34:15.517  2064  2064 I SystemServer: Content Manager
12-14 08:34:15.519  2064  2064 I SystemServer: System Content Providers
12-14 08:34:15.529  2064  2064 I SystemServer: Vibrator Service
12-14 08:34:15.529  2064  2064 I SystemServer: Consumer IR Service
12-14 08:34:15.529  2064  2064 E ConsumerIrService: Can't open consumer IR HW Module, error: -2
12-14 08:34:15.529  2064  2064 I SystemServiceManager: Starting com.android.server.AlarmManagerService
12-14 08:34:15.536  2064  2064 I SystemServer: Init Watchdog
12-14 08:34:15.536  2064  2064 I SystemServer: Input Manager
12-14 08:34:15.536  2064  2064 I InputManager: Initializing input manager, mUseDevInputEventForAudioJack=true
12-14 08:34:15.537  2064  2064 I SystemServer: Window Manager
12-14 08:34:15.547  2064  2094 I WindowManager: No existing display settings /data/system/display_settings.xml; starting empty
12-14 08:34:15.549  1788  1834 D PermissionCache: checking android.permission.ACCESS_SURFACE_FLINGER for uid=1000 => granted (569 us)
12-14 08:34:15.559  2064  2064 I InputManager: Starting input manager
12-14 08:34:15.559  2064  2064 I SystemServer: Bluetooth Manager Service
12-14 08:34:15.560  2064  2107 I EventHub: New device: id=1, fd=76, path='/dev/input/event15', name='ETPS/2 Elantech Touchpad', classes=0x14, configuration='/system/usr/idc/ETPS_2_Elantech_Touchpad.idc', keyLayout='', keyCharacterMap='', builtinKeyboard=false, wakeMechanism=EPOLLWAKEUP, usingClockIoctl=true
12-14 08:34:15.560  2064  2107 E EventHub: could not get driver version for /dev/input/mouse1, Not a typewriter
12-14 08:34:15.561  2064  2064 D BluetoothManagerService: Loading stored name and address
12-14 08:34:15.561  2064  2064 D BluetoothManagerService: Stored bluetooth Name=S6,Address=E8:B1:FC:A6:48:06
12-14 08:34:15.561  2064  2064 I SystemServer: Input Method Service
12-14 08:34:15.563  2064  2064 W InputMethodManagerService: Couldn't create dir.: /data/system/inputmethod
12-14 08:34:15.568  2064  2064 I SystemServer: Accessibility Manager
12-14 08:34:15.571  2064  2064 I ActivityManager: Config changes=1df8 {1.0 ?mcc?mnc zh_CN ?layoutDir sw720dp w1280dp h720dp 240dpi xlrg long land ?uimode ?night -touch -keyb/v/h -nav/h s.2}
12-14 08:34:15.572  2064  2107 D EventHub: No input device configuration file found for device 'Android Power Button'.
12-14 08:34:15.574  2064  2107 W EventHub: Unable to disable kernel key repeat for /dev/input/event14: Function not implemented
12-14 08:34:15.574  2064  2107 I EventHub: New device: id=2, fd=78, path='/dev/input/event14', name='Android Power Button', classes=0x1, configuration='', keyLayout='/system/usr/keylayout/Generic.kl', keyCharacterMap='/system/usr/keychars/Generic.kcm', builtinKeyboard=false, wakeMechanism=EPOLLWAKEUP, usingClockIoctl=true
12-14 08:34:15.574  2064  2107 I EventHub: ignoring event id /dev/input/event2 driver Power Button
12-14 08:34:15.578  2064  2088 I UsageStatsService: User[0] Rollover scheduled @ 2015-12-15 00:00:00(1450137600000)
12-14 08:34:15.582  2064  2064 I ActivityManager: Config changes=500 {1.0 ?mcc?mnc zh_CN ?layoutDir sw720dp w1280dp h646dp 240dpi lrg long land ?uimode ?night -touch -keyb/v/h -nav/h s.3}
12-14 08:34:15.582  2064  2064 I SystemServer: Mount Service
12-14 08:34:15.583  2064  2064 D MountService: got storage path: null description:  primary: true removable: false emulated: true mtpReserve: 100 allowMassStorage: false maxFileSize: 0
12-14 08:34:15.583  2064  2064 D MountService: addVolumeLocked() StorageVolume:
12-14 08:34:15.583  2064  2064 D MountService:     mStorageId=65537 mPath=/storage/emulated/0 mDescriptionId=17040805 
12-14 08:34:15.583  2064  2064 D MountService:     mPrimary=true mRemovable=false mEmulated=true mMtpReserveSpace=100 
12-14 08:34:15.583  2064  2064 D MountService:     mAllowMassStorage=false mMaxFileSize=0 mOwner=UserHandle{0} mUuid=null 
12-14 08:34:15.583  2064  2064 D MountService:     mUserLabel=null mState=null 
12-14 08:34:15.583  2064  2064 D MountService: got storage path: /storage/sdcard1 description: SD primary: false removable: true emulated: false mtpReserve: 0 allowMassStorage: false maxFileSize: 4294967296
12-14 08:34:15.583  2064  2064 D MountService: addVolumeLocked() StorageVolume:
12-14 08:34:15.583  2064  2064 D MountService:     mStorageId=0 mPath=/storage/sdcard1 mDescriptionId=17040806 mPrimary=false 
12-14 08:34:15.583  2064  2064 D MountService:     mRemovable=true mEmulated=false mMtpReserveSpace=0 mAllowMassStorage=false 
12-14 08:34:15.583  2064  2064 D MountService:     mMaxFileSize=4294967296 mOwner=null mUuid=null mUserLabel=null mState=null 
12-14 08:34:15.583  2064  2064 D MountService: got storage path: /storage/usb0 description: USB primary: false removable: true emulated: false mtpReserve: 0 allowMassStorage: false maxFileSize: 4294967296
12-14 08:34:15.583  2064  2064 D MountService: addVolumeLocked() StorageVolume:
12-14 08:34:15.583  2064  2064 D MountService:     mStorageId=0 mPath=/storage/usb0 mDescriptionId=17040807 mPrimary=false 
12-14 08:34:15.583  2064  2064 D MountService:     mRemovable=true mEmulated=false mMtpReserveSpace=0 mAllowMassStorage=false 
12-14 08:34:15.583  2064  2064 D MountService:     mMaxFileSize=4294967296 mOwner=null mUuid=null mUserLabel=null mState=null 
12-14 08:34:15.583  2064  2064 D MountService: got storage path: /storage/usb1 description: USB primary: false removable: true emulated: false mtpReserve: 0 allowMassStorage: false maxFileSize: 4294967296
12-14 08:34:15.583  2064  2064 D MountService: addVolumeLocked() StorageVolume:
12-14 08:34:15.583  2064  2064 D MountService:     mStorageId=0 mPath=/storage/usb1 mDescriptionId=17040807 mPrimary=false 
12-14 08:34:15.583  2064  2064 D MountService:     mRemovable=true mEmulated=false mMtpReserveSpace=0 mAllowMassStorage=false 
12-14 08:34:15.583  2064  2064 D MountService:     mMaxFileSize=4294967296 mOwner=null mUuid=null mUserLabel=null mState=null 
12-14 08:34:15.583  2064  2064 D MountService: got storage path: /storage/usb2 description: USB primary: false removable: true emulated: false mtpReserve: 0 allowMassStorage: false maxFileSize: 4294967296
12-14 08:34:15.583  2064  2064 D MountService: addVolumeLocked() StorageVolume:
12-14 08:34:15.583  2064  2064 D MountService:     mStorageId=0 mPath=/storage/usb2 mDescriptionId=17040807 mPrimary=false 
12-14 08:34:15.583  2064  2064 D MountService:     mRemovable=true mEmulated=false mMtpReserveSpace=0 mAllowMassStorage=false 
12-14 08:34:15.583  2064  2064 D MountService:     mMaxFileSize=4294967296 mOwner=null mUuid=null mUserLabel=null mState=null 
12-14 08:34:15.583  2064  2064 D MountService: got storage path: /storage/usb3 description: USB primary: false removable: true emulated: false mtpReserve: 0 allowMassStorage: false maxFileSize: 4294967296
12-14 08:34:15.583  2064  2064 D MountService: addVolumeLocked() StorageVolume:
12-14 08:34:15.583  2064  2064 D MountService:     mStorageId=0 mPath=/storage/usb3 mDescriptionId=17040807 mPrimary=false 
12-14 08:34:15.583  2064  2064 D MountService:     mRemovable=true mEmulated=false mMtpReserveSpace=0 mAllowMassStorage=false 
12-14 08:34:15.583  2064  2064 D MountService:     mMaxFileSize=4294967296 mOwner=null mUuid=null mUserLabel=null mState=null 
12-14 08:34:15.584  2064  2064 I SystemServer: LockSettingsService
12-14 08:34:15.585  2064  2110 D MountService: volume state changed for /storage/usb0 (unmounted -> removed)
12-14 08:34:15.585  2064  2110 D MountService: volume state changed for /storage/usb1 (unmounted -> removed)
12-14 08:34:15.585  2064  2110 D MountService: volume state changed for /storage/usb2 (unmounted -> removed)
12-14 08:34:15.585  2064  2110 D MountService: volume state changed for /storage/usb3 (unmounted -> removed)
12-14 08:34:15.585  2064  2110 I PackageManager: No secure containers found
12-14 08:34:15.585  2064  2110 W PackageManager: Unknown permission com.google.android.googleapps.permission.GOOGLE_AUTH in package com.android.providers.calendar
12-14 08:34:15.585  2064  2110 W PackageManager: Unknown permission com.google.android.googleapps.permission.GOOGLE_AUTH.cl in package com.android.providers.calendar
12-14 08:34:15.585  2064  2110 W PackageManager: Not granting permission android.permission.GLOBAL_SEARCH to package com.android.quicksearchbox (protectionLevel=18 flags=0x8be45)
12-14 08:34:15.585  2064  2110 W PackageManager: Not granting permission android.permission.ACCESS_DOWNLOAD_MANAGER to package com.android.browser (protectionLevel=18 flags=0x9be45)
12-14 08:34:15.585  2064  2110 W PackageManager: Not granting permission android.permission.SEND_DOWNLOAD_COMPLETED_INTENTS to package com.android.browser (protectionLevel=2 flags=0x9be45)
12-14 08:34:15.585  2064  2110 W PackageManager: Not granting permission android.permission.BIND_WALLPAPER to package com.android.camera2 (protectionLevel=18 flags=0x58bc45)
12-14 08:34:15.585  2064  2110 W PackageManager: Unknown permission android.permission.INSTALL_DRM in package com.android.mms
12-14 08:34:15.585  2064  2110 W PackageManager: Not granting permission android.permission.BIND_APPWIDGET to package com.android.launcher3 (protectionLevel=18 flags=0x483e45)
12-14 08:34:15.585  2064  2110 W PackageManager: Unknown permission com.android.launcher.permission.READ_SETTINGS in package com.android.launcher3
12-14 08:34:15.585  2064  2110 W PackageManager: Unknown permission com.android.launcher.permission.WRITE_SETTINGS in package com.android.launcher3
12-14 08:34:15.585  2064  2110 W PackageManager: Unknown permission com.google.android.googleapps.permission.GOOGLE_AUTH.mail in package com.android.calendar
12-14 08:34:15.585  2064  2110 W PackageManager: Unknown permission com.android.launcher.permission.READ_SETTINGS in package com.android.onetimeinitializer
12-14 08:34:15.585  2064  2110 W PackageManager: Unknown permission com.android.launcher.permission.WRITE_SETTINGS in package com.android.onetimeinitializer
12-14 08:34:15.585  2064  2110 W PackageManager: Not granting permission android.permission.CHANGE_CONFIGURATION to package com.tencent.mobileqq (protectionLevel=50 flags=0x83e44)
12-14 08:34:15.585  2064  2110 W PackageManager: Unknown permission com.android.launcher.permission.READ_SETTINGS in package com.tencent.mobileqq
12-14 08:34:15.585  2064  2110 W PackageManager: Unknown permission com.tencent.permission.VIRUS_SCAN in package com.tencent.mobileqq
12-14 08:34:15.585  2064  2110 W PackageManager: Not granting permission android.permission.READ_LOGS to package com.tencent.mobileqq (protectionLevel=50 flags=0x83e44)
12-14 08:34:15.585  2064  2110 W PackageManager: Unknown permission android.permission.WRITE_OWNER_DATA in package com.tencent.mobileqq
12-14 08:34:15.585  2064  2110 W PackageManager: Unknown permission android.permission.SYSTEM_OVERLAY_WINDOW in package com.tencent.mobileqq
12-14 08:34:15.585  2064  2110 W PackageManager: Not granting permission android.permission.INTERACT_ACROSS_USERS to package com.tencent.mobileqq (protectionLevel=50 flags=0x83e44)
12-14 08:34:15.585  2064  2110 W PackageManager: Unknown permission com.android.launcher.permission.WRITE_SETTINGS in package com.tencent.mobileqq
12-14 08:34:15.585  2064  2110 W PackageManager: Not granting permission com.android.launcher3.permission.WRITE_SETTINGS to package com.tencent.mobileqq (protectionLevel=18 flags=0x83e44)
12-14 08:34:15.585  2064  2110 W PackageManager: Unknown permission com.google.android.launcher.permission.READ_SETTINGS in package com.tencent.mobileqq
12-14 08:34:15.585  2064  2110 W PackageManager: Unknown permission com.bbk.launcher2.permission.READ_SETTINGS in package com.tencent.mobileqq
12-14 08:34:15.585  2064  2110 W PackageManager: Unknown permission com.huaqin.launcherEx.permission.READ_SETTINGS in package com.tencent.mobileqq
12-14 08:34:15.585  2064  2110 W PackageManager: Unknown permission com.htc.launcher.settings in package com.tencent.mobileqq
12-14 08:34:15.585  2064  2110 W PackageManager: Unknown permission com.htc.launcher.permission.READ_SETTINGS in package com.tencent.mobileqq
12-14 08:34:15.585  2064  2110 W PackageManager: Unknown permission com.htc.launcher.permission.WRITE_SETTINGS in package com.tencent.mobileqq
12-14 08:34:15.585  2064  2110 W PackageManager: Unknown permission com.huawei.launcher3.permission.READ_SETTINGS in package com.tencent.mobileqq
12-14 08:34:15.585  2064  2110 W PackageManager: Unknown permission com.huawei.android.launcher.permission.READ_SETTINGS in package com.tencent.mobileqq
12-14 08:34:15.585  2064  2110 W PackageManager: Unknown permission com.sonyericsson.home.permission.BROADCAST_BADGE in package com.tencent.mobileqq
12-14 08:34:15.585  2064  2110 W PackageManager: Unknown permission com.sec.android.provider.badge.permission.READ in package com.tencent.mobileqq
12-14 08:34:15.585  2064  2110 W PackageManager: Unknown permission com.sec.android.provider.badge.permission.WRITE in package com.tencent.mobileqq
12-14 08:34:15.585  2064  2064 I SystemServiceManager: Starting com.android.server.devicepolicy.DevicePolicyManagerService$Lifecycle
12-14 08:34:15.585  2064  2110 W PackageManager: Unknown permission com.lenovo.launcher.permission.BADGE_READ in package com.tencent.mobileqq
12-14 08:34:15.585  2064  2110 W PackageManager: Unknown permission com.lenovo.launcher.permission.BADGE_WRITE in package com.tencent.mobileqq
12-14 08:34:15.585  2064  2110 W PackageManager: Unknown permission com.huawei.android.launcher.permission.CHANGE_BADGE in package com.tencent.mobileqq
12-14 08:34:15.585  2064  2110 W PackageManager: Unknown permission com.huawei.authentication.HW_ACCESS_AUTH_SERVICE in package com.tencent.mobileqq
12-14 08:34:15.585  2064  2110 W PackageManager: Not granting permission android.permission.DELETE_PACKAGES to package com.svox.pico (protectionLevel=18 flags=0x8be45)
12-14 08:34:15.585  2064  2110 W PackageManager: Unknown permission com.cyanogenmod.filemanager.permissions.READ_THEME in package com.cyanogenmod.filemanager
12-14 08:34:15.585  2064  2110 W PackageManager: Unknown permission com.google.android.googleapps.permission.GOOGLE_AUTH in package com.android.settings
12-14 08:34:15.585  2064  2110 W PackageManager: Unknown permission com.android.launcher.permission.READ_SETTINGS in package com.android.settings
12-14 08:34:15.585  2064  2110 W PackageManager: Unknown permission com.android.launcher.permission.WRITE_SETTINGS in package com.android.settings
12-14 08:34:15.585  2064  2110 W PackageManager: Unknown permission com.android.smspush.WAPPUSH_MANAGER_BIND in package com.android.phone
12-14 08:34:15.586  2064  2110 W PackageManager: Not granting permission android.permission.DEVICE_POWER to package com.android.deskclock (protectionLevel=2 flags=0x48be45)
12-14 08:34:15.586  2064  2110 W PackageManager: Unknown permission com.google.android.gallery3d.permission.GALLERY_PROVIDER in package com.android.bluetooth
12-14 08:34:15.586  2064  2110 W PackageManager: Unknown permission com.google.android.googleapps.permission.ACCESS_GOOGLE_PASSWORD in package com.android.development
12-14 08:34:15.586  2064  2110 W PackageManager: Unknown permission com.google.android.googleapps.permission.GOOGLE_AUTH in package com.android.development
12-14 08:34:15.586  2064  2110 W PackageManager: Unknown permission com.google.android.googleapps.permission.GOOGLE_AUTH.ALL_SERVICES in package com.android.development
12-14 08:34:15.586  2064  2110 W PackageManager: Unknown permission com.google.android.googleapps.permission.GOOGLE_AUTH.YouTubeUser in package com.android.development
12-14 08:34:15.586  2064  2107 I EventHub: ignoring event id /dev/input/event1 driver Power Button
12-14 08:34:15.595  2064  2064 I SystemServer: Status Bar
12-14 08:34:15.595  2064  2107 D EventHub: No input device configuration file found for device 'Video Bus'.
12-14 08:34:15.596  2064  2064 I SystemServer: Clipboard Service
12-14 08:34:15.596  2064  2064 I SystemServer: NetworkManagement Service
12-14 08:34:15.596  2064  2107 W EventHub: Unable to disable kernel key repeat for /dev/input/event6: Function not implemented
12-14 08:34:15.596  2064  2107 I EventHub: New device: id=3, fd=77, path='/dev/input/event6', name='Video Bus', classes=0x1, configuration='', keyLayout='/system/usr/keylayout/Generic.kl', keyCharacterMap='/system/usr/keychars/Generic.kcm', builtinKeyboard=false, wakeMechanism=EPOLLWAKEUP, usingClockIoctl=true
12-14 08:34:15.596  2064  2107 D EventHub: No input device configuration file found for device 'Video Bus'.
12-14 08:34:15.597  2064  2107 W EventHub: Unable to disable kernel key repeat for /dev/input/event5: Function not implemented
12-14 08:34:15.597  2064  2107 I EventHub: New device: id=4, fd=83, path='/dev/input/event5', name='Video Bus', classes=0x1, configuration='', keyLayout='/system/usr/keylayout/Generic.kl', keyCharacterMap='/system/usr/keychars/Generic.kcm', builtinKeyboard=false, wakeMechanism=EPOLLWAKEUP, usingClockIoctl=true
12-14 08:34:15.597  2064  2107 D EventHub: No input device configuration file found for device 'Lid Switch'.
12-14 08:34:15.597  2064  2107 I EventHub: New device: id=5, fd=84, path='/dev/input/event0', name='Lid Switch', classes=0x80, configuration='', keyLayout='', keyCharacterMap='', builtinKeyboard=false, wakeMechanism=EPOLLWAKEUP, usingClockIoctl=true
12-14 08:34:15.597  2064  2107 D EventHub: No input device configuration file found for device 'PC Speaker'.
12-14 08:34:15.597  2064  2064 I SystemServer: Text Service Manager Service
12-14 08:34:15.599  2064  2064 I SystemServer: Network Score Service
12-14 08:34:15.599  2064  2064 I SystemServer: NetworkStats Service
12-14 08:34:15.602  2064  2064 I SystemServer: NetworkPolicy Service
12-14 08:34:15.605  2064  2064 I SystemServiceManager: Starting com.android.server.wifi.p2p.WifiP2pService
12-14 08:34:15.610  2064  2107 D EventHub: No input device configuration file found for device 'AT Translated Set 2 keyboard'.
12-14 08:34:15.612  2064  2107 I EventHub: New device: id=7, fd=97, path='/dev/input/event3', name='AT Translated Set 2 keyboard', classes=0x3, configuration='', keyLayout='/system/usr/keylayout/Generic.kl', keyCharacterMap='/system/usr/keychars/Generic.kcm', builtinKeyboard=false, wakeMechanism=EPOLLWAKEUP, usingClockIoctl=true
12-14 08:34:15.612  2064  2107 D EventHub: No input device configuration file found for device 'MSI WMI hotkeys'.
12-14 08:34:15.613  2064  2107 W EventHub: Unable to disable kernel key repeat for /dev/input/event13: Function not implemented
12-14 08:34:15.613  2064  2107 I EventHub: New device: id=8, fd=96, path='/dev/input/event13', name='MSI WMI hotkeys', classes=0x1, configuration='', keyLayout='/system/usr/keylayout/Generic.kl', keyCharacterMap='/system/usr/keychars/Generic.kcm', builtinKeyboard=false, wakeMechanism=EPOLLWAKEUP, usingClockIoctl=true
12-14 08:34:15.613  2064  2107 E EventHub: could not get driver version for /dev/input/mice, Not a typewriter
12-14 08:34:15.614  2064  2064 I WifiP2pService: Registering wifip2p
12-14 08:34:15.614  2064  2064 I SystemServiceManager: Starting com.android.server.wifi.WifiService
12-14 08:34:15.637  2064  2107 D EventHub: No input device configuration file found for device 'HDA Intel PCH Headphone'.
12-14 08:34:15.637  2064  2107 I EventHub: New device: id=9, fd=86, path='/dev/input/event11', name='HDA Intel PCH Headphone', classes=0x80, configuration='', keyLayout='', keyCharacterMap='', builtinKeyboard=false, wakeMechanism=EPOLLWAKEUP, usingClockIoctl=true
12-14 08:34:15.637  2064  2107 D EventHub: No input device configuration file found for device 'HDA Intel PCH Mic'.
12-14 08:34:15.637  2064  2107 I EventHub: New device: id=10, fd=101, path='/dev/input/event10', name='HDA Intel PCH Mic', classes=0x80, configuration='', keyLayout='', keyCharacterMap='', builtinKeyboard=false, wakeMechanism=EPOLLWAKEUP, usingClockIoctl=true
12-14 08:34:15.637  2064  2107 E EventHub: could not get driver version for /dev/input/mouse0, Not a typewriter
12-14 08:34:15.639  2064  2064 E WifiConfigStore: associatedPartialScanPeriodMilli set to 20000
12-14 08:34:15.643  2064  2064 D WifiController: isAirplaneModeOn = false, isWifiEnabled = false, isScanningAvailable = false
12-14 08:34:15.644  2064  2064 I WifiService: Registering wifi
12-14 08:34:15.644  2064  2064 I SystemServiceManager: Starting com.android.server.wifi.WifiScanningService
12-14 08:34:15.644  2064  2064 I WifiScanningService: Creating wifiscanner
12-14 08:34:15.644  2064  2064 I WifiScanningService: Starting wifiscanner
12-14 08:34:15.644  2064  2064 I SystemServiceManager: Starting com.android.server.wifi.RttService
12-14 08:34:15.644  2064  2064 I RttService: Creating rttmanager
12-14 08:34:15.645  2064  2064 I RttService: Starting rttmanager
12-14 08:34:15.645  2064  2064 I SystemServiceManager: Starting com.android.server.ethernet.EthernetService
12-14 08:34:15.645  2064  2064 I EthernetServiceImpl: Creating EthernetConfigStore
12-14 08:34:15.646  2064  2064 E IpConfigStore: Error parsing configuration: java.io.FileNotFoundException: /data/misc/ethernet/ipconfig.txt: open failed: ENOENT (No such file or directory)
12-14 08:34:15.646  2064  2064 W EthernetConfigStore: No Ethernet configuration found. Using default.
12-14 08:34:15.646  2064  2064 I EthernetServiceImpl: Read stored IP configuration: IP assignment: DHCP
12-14 08:34:15.646  2064  2064 I EthernetServiceImpl: Proxy settings: NONE
12-14 08:34:15.646  2064  2064 I EthernetService: Registering service ethernet
12-14 08:34:15.646  2064  2064 I SystemServer: Connectivity Service
12-14 08:34:15.647  2064  2064 D ConnectivityService: ConnectivityService starting up
12-14 08:34:15.647  2064  2064 D ConnectivityService: wifiOnly=false
12-14 08:34:15.648  2064  2064 E ConnectivityService: Ignoring protectedNetwork 14
12-14 08:34:15.648  2064  2064 E ConnectivityService: Ignoring protectedNetwork 15
12-14 08:34:15.648  2064  2107 D EventHub: No input device configuration file found for device 'Logitech USB Optical Mouse'.
12-14 08:34:15.648  2064  2107 I EventHub: New device: id=11, fd=108, path='/dev/input/event4', name='Logitech USB Optical Mouse', classes=0x80000008, configuration='', keyLayout='', keyCharacterMap='', builtinKeyboard=false, wakeMechanism=EPOLLWAKEUP, usingClockIoctl=true
12-14 08:34:15.648  2064  2107 D EventHub: No input device configuration file found for device 'HDA Intel HDMI HDMI/DP,pcm=8'.
12-14 08:34:15.648  2064  2107 I EventHub: New device: id=12, fd=109, path='/dev/input/event9', name='HDA Intel HDMI HDMI/DP,pcm=8', classes=0x80, configuration='', keyLayout='', keyCharacterMap='', builtinKeyboard=false, wakeMechanism=EPOLLWAKEUP, usingClockIoctl=true
12-14 08:34:15.648  2064  2107 D EventHub: No input device configuration file found for device 'HDA Intel HDMI HDMI/DP,pcm=7'.
12-14 08:34:15.648  2064  2107 I EventHub: New device: id=13, fd=110, path='/dev/input/event8', name='HDA Intel HDMI HDMI/DP,pcm=7', classes=0x80, configuration='', keyLayout='', keyCharacterMap='', builtinKeyboard=false, wakeMechanism=EPOLLWAKEUP, usingClockIoctl=true
12-14 08:34:15.648  2064  2107 D EventHub: No input device configuration file found for device 'HDA Intel HDMI HDMI/DP,pcm=3'.
12-14 08:34:15.648  2064  2107 I EventHub: New device: id=14, fd=111, path='/dev/input/event7', name='HDA Intel HDMI HDMI/DP,pcm=3', classes=0x80, configuration='', keyLayout='', keyCharacterMap='', builtinKeyboard=false, wakeMechanism=EPOLLWAKEUP, usingClockIoctl=true
12-14 08:34:15.649  2064  2107 I InputReader: Device added: id=-1, name='Virtual', sources=0x00000301
12-14 08:34:15.650  2064  2107 I InputReader: Device added: id=14, name='HDA Intel HDMI HDMI/DP,pcm=3', sources=0x80000000
12-14 08:34:15.650  2064  2107 I InputReader: Device added: id=13, name='HDA Intel HDMI HDMI/DP,pcm=7', sources=0x80000000
12-14 08:34:15.650  2064  2107 I InputReader: Device added: id=12, name='HDA Intel HDMI HDMI/DP,pcm=8', sources=0x80000000
12-14 08:34:15.651  2064  2064 I SystemServer: Network Service Discovery Service
12-14 08:34:15.652  2064  2107 I InputReader: Device added: id=11, name='Logitech USB Optical Mouse', sources=0x00002002
12-14 08:34:15.652  2064  2107 I InputReader: Device added: id=10, name='HDA Intel PCH Mic', sources=0x80000000
12-14 08:34:15.652  2064  2107 I InputReader: Device added: id=9, name='HDA Intel PCH Headphone', sources=0x80000000
12-14 08:34:15.652  2064  2107 I InputReader: Device added: id=8, name='MSI WMI hotkeys', sources=0x00000101
12-14 08:34:15.652  2064  2107 I InputReader: Device added: id=7, name='AT Translated Set 2 keyboard', sources=0x00000101
12-14 08:34:15.652  2064  2107 I InputReader: Device added: id=5, name='Lid Switch', sources=0x80000000
12-14 08:34:15.652  2064  2107 I InputReader: Device added: id=4, name='Video Bus', sources=0x00000101
12-14 08:34:15.652  2064  2107 I InputReader: Device added: id=3, name='Video Bus', sources=0x00000101
12-14 08:34:15.652  2064  2107 I InputReader: Device added: id=2, name='Android Power Button', sources=0x00000101
12-14 08:34:15.652  2064  2107 I InputReader:   Touch device 'ETPS/2 Elantech Touchpad' could not query the properties of its associated display.  The device will be inoperable until the display size becomes available.
12-14 08:34:15.652  2064  2107 I InputReader: Device added: id=1, name='ETPS/2 Elantech Touchpad', sources=0x00002002
12-14 08:34:15.652  2064  2064 D NsdService: Network service discovery enabled true
12-14 08:34:15.652  2064  2107 I InputReader: Reconfiguring input devices.  changes=0x00000004
12-14 08:34:15.652  2064  2107 I InputReader: Device reconfigured: id=1, name='ETPS/2 Elantech Touchpad', size 1920x1080, orientation 0, mode 4, display id 0
12-14 08:34:15.652  2064  2106 I ActivityManager: Config changes=30 {1.0 ?mcc?mnc zh_CN ?layoutDir sw720dp w1280dp h646dp 240dpi lrg long land ?uimode ?night -touch qwerty/v/v -nav/h s.4}
12-14 08:34:15.652  2064  2064 I SystemServer: UpdateLock Service
12-14 08:34:15.662  2064  2064 I SystemServiceManager: Starting com.android.server.notification.NotificationManagerService
12-14 08:34:15.667  2064  2064 D ZenLog  : set_zen_mode: off,setting
12-14 08:34:15.668  2064  2064 I SystemServiceManager: Starting com.android.server.storage.DeviceStorageMonitorService
12-14 08:34:15.669  2064  2064 I SystemServer: Location Manager
12-14 08:34:15.669  2064  2106 I InputDispatcher: Dropped event because input dispatch is disabled.
12-14 08:34:15.670  2064  2064 I SystemServer: Country Detector
12-14 08:34:15.670  2064  2064 I SystemServer: Search Service
12-14 08:34:15.671  2064  2064 I SystemServer: DropBox Service
12-14 08:34:15.671  2064  2064 I SystemServer: Wallpaper Service
12-14 08:34:15.672  2064  2064 I SystemServer: Audio Service
12-14 08:34:15.674  2064  2122 I ServiceManager: Waiting for service media.audio_policy...
12-14 08:34:15.675  2064  2064 W TelecomManager: Telecom Service not found.
12-14 08:34:15.678  2064  2106 I InputDispatcher: Dropped event because input dispatch is disabled.
12-14 08:34:15.685  2064  2094 I GRALLOC-DRM: create intel for driver i915
12-14 08:34:15.685  2064  2106 I InputDispatcher: Dropped event because input dispatch is disabled.
12-14 08:34:15.694  2064  2106 I InputDispatcher: Dropped event because input dispatch is disabled.
12-14 08:34:15.702  2064  2106 I InputDispatcher: Dropped event because input dispatch is disabled.
12-14 08:34:15.710  2064  2106 I InputDispatcher: Dropped event because input dispatch is disabled.
12-14 08:34:15.717  2064  2106 I InputDispatcher: Dropped event because input dispatch is disabled.
12-14 08:34:15.725  2064  2106 I InputDispatcher: Dropped event because input dispatch is disabled.
12-14 08:34:15.733  2064  2106 I InputDispatcher: Dropped event because input dispatch is disabled.
12-14 08:34:15.742  2064  2106 I InputDispatcher: Dropped event because input dispatch is disabled.
12-14 08:34:15.749  2064  2106 I InputDispatcher: Dropped event because input dispatch is disabled.
12-14 08:34:15.758  2064  2106 I InputDispatcher: Dropped event because input dispatch is disabled.
12-14 08:34:15.765  2064  2106 I InputDispatcher: Dropped event because input dispatch is disabled.
12-14 08:34:15.774  2064  2106 I InputDispatcher: Dropped event because input dispatch is disabled.
12-14 08:34:15.781  2064  2106 I InputDispatcher: Dropped event because input dispatch is disabled.
12-14 08:34:15.790  2064  2106 I InputDispatcher: Dropped event because input dispatch is disabled.
12-14 08:34:15.797  2064  2106 I InputDispatcher: Dropped event because input dispatch is disabled.
12-14 08:34:15.813  2064  2106 I InputDispatcher: Dropped event because input dispatch is disabled.
12-14 08:34:15.863  1796  1796 I AudioFlinger: Using module 1 has the primary audio interface
12-14 08:34:15.863  1796  2123 I AudioFlinger: AudioFlinger's thread 0xf58bd000 ready to run
12-14 08:34:15.863  1796  2124 I AudioFlinger: AudioFlinger's thread 0xf5951000 ready to run
12-14 08:34:15.864  1796  1796 D BlueZ   : external/bluetooth/bluez/android/hal-audio.c:audio_open() 
12-14 08:34:15.864  1796  1796 D BlueZ   : external/bluetooth/bluez/android/hal-audio.c:audio_ipc_init() 
12-14 08:34:15.864  1796  2125 D BlueZ   : external/bluetooth/bluez/android/hal-audio.c:ipc_handler() 
12-14 08:34:15.864  1796  2125 D BlueZ   : external/bluetooth/bluez/android/hal-audio.c:ipc_handler() Waiting for connection ...
12-14 08:34:15.864  1796  1796 E BlueZ   : APTX: failed to open library libbt-aptx.so (dlopen failed: library "libbt-aptx.so" not found)
12-14 08:34:15.864  1796  1796 D BlueZ   : external/bluetooth/bluez/android/hal-audio.c:audio_init_check() 
12-14 08:34:15.864  1796  1796 D BlueZ   : external/bluetooth/bluez/android/hal-audio.c:audio_set_master_volume() 
12-14 08:34:15.864  1796  1796 D BlueZ   : external/bluetooth/bluez/android/hal-audio.c:set_master_mute() 
12-14 08:34:15.864  1796  1796 I AudioFlinger: loadHwModule() Loaded a2dp audio interface from A2DP Bluez HW HAL (audio) handle 4
12-14 08:34:15.864  1796  1796 I AudioFlinger: loadHwModule() Loaded usb audio interface from USB audio HW HAL (audio) handle 5
12-14 08:34:15.865  1796  1796 E SoundTriggerHwService: couldn't load sound trigger module sound_trigger.primary (No such file or directory)
12-14 08:34:15.865  1796  2127 D BlueZ   : external/bluetooth/bluez/android/hal-audio.c:audio_set_mic_mute() 
12-14 08:34:15.902  2064  2106 I InputDispatcher: Dropped event because input dispatch is disabled.
12-14 08:34:15.910  2064  2106 I InputDispatcher: Dropped event because input dispatch is disabled.
12-14 08:34:15.917  2064  2106 I InputDispatcher: Dropped event because input dispatch is disabled.
12-14 08:34:15.926  2064  2106 I InputDispatcher: Dropped event because input dispatch is disabled.
12-14 08:34:15.933  2064  2106 I InputDispatcher: Dropped event because input dispatch is disabled.
12-14 08:34:15.942  2064  2106 I InputDispatcher: Dropped event because input dispatch is disabled.
12-14 08:34:15.949  2064  2106 I InputDispatcher: Dropped event because input dispatch is disabled.
12-14 08:34:15.958  2064  2106 I InputDispatcher: Dropped event because input dispatch is disabled.
12-14 08:34:15.965  2064  2106 I InputDispatcher: Dropped event because input dispatch is disabled.
12-14 08:34:15.974  2064  2106 I InputDispatcher: Dropped event because input dispatch is disabled.
12-14 08:34:15.981  2064  2106 I InputDispatcher: Dropped event because input dispatch is disabled.
12-14 08:34:16.526  2064  2106 I InputDispatcher: Dropped event because input dispatch is disabled.
12-14 08:34:16.533  2064  2106 I InputDispatcher: Dropped event because input dispatch is disabled.
12-14 08:34:16.542  2064  2106 I InputDispatcher: Dropped event because input dispatch is disabled.
12-14 08:34:16.549  2064  2106 I InputDispatcher: Dropped event because input dispatch is disabled.
12-14 08:34:16.558  2064  2106 I InputDispatcher: Dropped event because input dispatch is disabled.
12-14 08:34:16.565  2064  2106 I InputDispatcher: Dropped event because input dispatch is disabled.
12-14 08:34:16.574  2064  2106 I InputDispatcher: Dropped event because input dispatch is disabled.
12-14 08:34:16.589  2064  2106 I InputDispatcher: Dropped event because input dispatch is disabled.
12-14 08:34:16.621  2064  2106 I InputDispatcher: Dropped event because input dispatch is disabled.
12-14 08:34:16.646  2064  2106 I InputDispatcher: Dropped event because input dispatch is disabled.
12-14 08:34:16.662  2064  2106 I InputDispatcher: Dropped event because input dispatch is disabled.
12-14 08:34:16.678  2064  2064 I SystemServiceManager: Starting com.android.server.DockObserver
12-14 08:34:16.678  2064  2064 W DockObserver: This kernel does not have dock station support
12-14 08:34:16.678  2064  2064 I SystemServer: Wired Accessory Manager
12-14 08:34:16.679  2064  2064 W WiredAccessoryManager: This kernel does not have usb audio support
12-14 08:34:16.679  2064  2064 W WiredAccessoryManager: This kernel does not have HDMI audio support
12-14 08:34:16.679  2064  2064 I SystemServiceManager: Starting com.android.server.usb.UsbService$Lifecycle
12-14 08:34:16.680  2064  2064 I SystemServer: Serial Service
12-14 08:34:16.680  2064  2064 I SystemServiceManager: Starting com.android.server.twilight.TwilightService
12-14 08:34:16.681  2064  2064 I SystemServiceManager: Starting com.android.server.UiModeManagerService
12-14 08:34:16.682  2064  2064 I SystemServiceManager: Starting com.android.server.job.JobSchedulerService
12-14 08:34:16.683  2064  2064 I SystemServiceManager: Starting com.android.server.backup.BackupManagerService$Lifecycle
12-14 08:34:16.683  2064  2064 I SystemServiceManager: Starting com.android.server.appwidget.AppWidgetService
12-14 08:34:16.684  2064  2064 I SystemServiceManager: Starting com.android.server.voiceinteraction.VoiceInteractionManagerService
12-14 08:34:16.684  2064  2064 W SoundTriggerHelper: listModules status=0, # of modules=0
12-14 08:34:16.685  2064  2064 I SystemServer: DiskStats Service
12-14 08:34:16.685  2064  2064 I SystemServer: SamplingProfiler Service
12-14 08:34:16.686  2064  2064 I SystemServer: NetworkTimeUpdateService
12-14 08:34:16.687  2064  2064 I SystemServer: CommonTimeManagementService
12-14 08:34:16.687  2064  2064 I SystemServer: CertBlacklister
12-14 08:34:16.687  2064  2064 I SystemServiceManager: Starting com.android.server.dreams.DreamManagerService
12-14 08:34:16.688  2064  2064 I SystemServer: Assets Atlas Service
12-14 08:34:16.689  2064  2064 I SystemServiceManager: Starting com.android.server.print.PrintManagerService
12-14 08:34:16.689  2064  2129 D AssetAtlas: Loaded configuration: SliceMinArea (768x768) flags=0x2 count=446
12-14 08:34:16.690  2064  2064 I SystemServiceManager: Starting com.android.server.restrictions.RestrictionsManagerService
12-14 08:34:16.690  2064  2064 I SystemServiceManager: Starting com.android.server.media.MediaSessionService
12-14 08:34:16.691  2064  2064 I SystemServer: Media Router Service
12-14 08:34:16.691  2064  2064 I SystemServiceManager: Starting com.android.server.trust.TrustManagerService
12-14 08:34:16.692  2064  2064 I SystemServiceManager: Starting com.android.server.fingerprint.FingerprintService
12-14 08:34:16.692  2064  2064 V Fingerprint-JNI: nativeInit()
12-14 08:34:16.692  2064  2064 V Fingerprint-JNI: nativeOpenHal()
12-14 08:34:16.692  2064  2064 E Fingerprint-JNI: Can't open fingerprint HW Module, error: -2
12-14 08:34:16.692  2064  2064 I SystemServer: BackgroundDexOptService
12-14 08:34:16.692  2064  2064 I SystemServiceManager: Starting com.android.server.pm.LauncherAppsService
12-14 08:34:16.693  2064  2064 I SystemServiceManager: Starting com.android.server.media.projection.MediaProjectionManagerService
12-14 08:34:16.696  2064  2064 I WindowManager: SAFE MODE not enabled
12-14 08:34:16.696  2064  2064 I SystemServiceManager: Starting com.android.server.MmsServiceBroker
12-14 08:34:16.697  2064  2129 I EGL-DRI2: DRI2: found extension DRI_Core version 1
12-14 08:34:16.697  2064  2129 I EGL-DRI2: DRI2: found extension DRI_DRI2 version 4
12-14 08:34:16.699  2064  2064 E SQLiteLog: (283) recovered 17 frames from WAL file /data/system/locksettings.db-wal
12-14 08:34:16.705  2064  2129 I EGL-DRI2: DRI2: found extension DRI_TexBuffer version 3
12-14 08:34:16.705  2064  2129 I EGL-DRI2: DRI2: found extension DRI2_Flush version 4
12-14 08:34:16.705  2064  2129 I EGL-DRI2: DRI2: found extension DRI_IMAGE version 11
12-14 08:34:16.707  2064  2064 E LockSettingsStorage: Cannot read file java.io.FileNotFoundException: /data/system/password.key: open failed: ENOENT (No such file or directory)
12-14 08:34:16.707  2064  2064 E LockSettingsStorage: Cannot read file java.io.FileNotFoundException: /data/system/gesture.key: open failed: ENOENT (No such file or directory)
12-14 08:34:16.707  2064  2064 I SystemServiceManager: Starting phase 480
12-14 08:34:16.708  2064  2064 I SystemServiceManager: Starting phase 500
12-14 08:34:16.708  2064  2064 I WifiService: WifiService starting up with Wi-Fi disabled
12-14 08:34:16.710  2064  2116 D WifiService: New client listening to asynchronous messages
12-14 08:34:16.711  2064  2064 I WifiScanningService: Registering wifiscanner
12-14 08:34:16.711  2064  2129 D AssetAtlas: Rendered atlas in 16.48ms (2.60+13.87ms)
12-14 08:34:16.712  2064  2064 D WifiScanningService: New client, channel: null messenger: null
12-14 08:34:16.712  2064  2064 I RttService: Registering rttmanager
12-14 08:34:16.712  2064  2132 D WifiChangeStateMachine: Entering IdleState
12-14 08:34:16.712  2064  2132 D WifiScanningService: DefaultState
12-14 08:34:16.712  2064  2064 I EthernetServiceImpl: Starting Ethernet service
12-14 08:34:16.713  2064  2064 D Ethernet: Registering NetworkFactory
12-14 08:34:16.713  2064  2117 D ConnectivityService: Got NetworkFactory Messenger for Ethernet
12-14 08:34:16.713  2064  2134 D Ethernet: got request NetworkRequest [ id=1, legacyType=-1, [ Capabilities: INTERNET&NOT_RESTRICTED&TRUSTED&NOT_VPN] ] with score 0
12-14 08:34:16.713  2064  2064 D EthernetNetworkFactory: Started tracking interface eth0
12-14 08:34:16.714  1791  2037 D CommandListener: Setting iface cfg
12-14 08:34:16.714  1791  2037 D CommandListener: Trying to bring up eth0
12-14 08:34:16.742  2064  2106 I InputDispatcher: Dropped event because input dispatch is disabled.
12-14 08:34:16.750  2064  2106 I InputDispatcher: Dropped event because input dispatch is disabled.
12-14 08:34:16.757  2064  2106 I InputDispatcher: Dropped event because input dispatch is disabled.
12-14 08:34:16.766  2064  2106 I InputDispatcher: Dropped event because input dispatch is disabled.
12-14 08:34:16.789  2064  2106 I InputDispatcher: Dropped event because input dispatch is disabled.
12-14 08:34:16.805  2064  2106 I InputDispatcher: Dropped event because input dispatch is disabled.
12-14 08:34:16.946  2064  2091 D EthernetNetworkFactory: updateInterface: eth0 link down
