01-07 05:23:26.545  2145  2492 W ActivityManager: getRunningAppProcesses: caller 10053 does not hold REAL_GET_TASKS; limiting output
01-07 05:23:26.545  2145  2165 W ActivityManager: getRunningAppProcesses: caller 10053 does not hold REAL_GET_TASKS; limiting output
01-07 05:23:26.546  4132  4132 D MSF.D.RemoteServiceProxy: [E]Property get avail memory:16187662336
01-07 05:23:26.546  2145  3552 W ActivityManager: getRunningAppProcesses: caller 10053 does not hold REAL_GET_TASKS; limiting output
01-07 05:23:26.546  2145  2164 W ActivityManager: getRunningAppProcesses: caller 10053 does not hold REAL_GET_TASKS; limiting output
01-07 05:23:26.546  4132  4132 D MSF.D.RemoteServiceProxy: [E]Property get low memory feature:false
01-07 05:23:26.547  2145  2678 W ActivityManager: getRunningAppProcesses: caller 10053 does not hold REAL_GET_TASKS; limiting output
01-07 05:23:26.547  4132  4132 D MSF.D.RemoteServiceProxy: [E]isMsfAlive:true, cur service process count:11
01-07 05:23:26.548  4132  4132 D MSF.D.RemoteServiceProxy: [E]succ to pull msf service.
01-07 05:23:26.597  4132  4152 D MSF.D.QLogImpl: [E]set UIN_REPORTLOG_LEVEL 1
01-07 05:23:26.597  4132  4152 D MSF.D.QLogImpl: [E]set UIN_REPORTLOG_LEVEL 1
01-07 05:23:26.618  4132  4151 D MSF.D.QLogImpl: [E]set UIN_REPORTLOG_LEVEL 1
01-07 05:23:26.645  4172  4246 D MSF.C.NetConnTag: [E]open conn at msfwifi.3g.qq.com/140.207.127.57:8080 costTime:118 configTimeout: 20000 localSocket:192.168.0.141:54725 noneProxy
01-07 05:23:26.645  4172  4246 D MSF.C.NetConnTag: [E]ssoping seq: 62955 timeout: 12000
01-07 05:23:26.645  4172  4246 D MSF.C.NetConnTag: [E]netSend ssoSeq:62955 uin:0 cmd:76640 62976
01-07 05:23:26.645  4172  4246 D MsfAliveMonitor: [E]onEventBegin: conn
01-07 05:23:26.645  4172  4246 D MsfAliveMonitor: [E]onEventAlive by conn begin: service
01-07 05:23:26.646  4172  4246 D MSF.C.NetConnInfoCenter: [E]currentAPN:null. received networkInfo: CONNECTED :[type: Ethernet[], state: CONNECTED/CONNECTED, reason: (unspecified), extra: f8:32:e4:a0:25:09, roaming: false, failover: false, isAvailable: true, isConnectedToProvisioningNetwork: false]. extra NetworkInfo: null
01-07 05:23:26.647  4172  4246 D MSF.C.NetConnTag: [E]p ok re1: 62943
01-07 05:23:26.647  4172  4246 D MSF.C.NetConnTag: [E]netSend ssoSeq:62943 uin:0 cmd:-1591668360 63461
01-07 05:23:26.764  4172  4261 D MSF.C.NetConnTag: [E]netRecv ssoSeq:62955 uin:0 cmd:76640 62976
01-07 05:23:26.884  4172  4261 D MSF.C.NetConnTag: [E]netRecv ssoSeq:62943 uin:0 cmd:-1591668360 67734
01-07 05:23:26.897  2145  2175 I art     : Explicit concurrent mark sweep GC freed 9026(771KB) AllocSpace objects, 7(109KB) LOS objects, 33% free, 15MB/22MB, paused 872us total 30.583ms
01-07 05:23:26.913  4132  4228 D rqdp{ RDMUUID }:%s: 8e328069-7a05-4392-a0d6-1e7cbb7e8b64
01-07 05:23:27.056  4172  4261 D MSF.C.ConfigManager: [E]StandbyMode whitelist not be found.
01-07 05:23:27.078  2145  2305 I ActivityManager: START u0 {act=android.intent.action.MAIN cat=[android.intent.category.LAUNCHER] flg=0x14000000 pkg=com.tencent.mobileqq cmp=com.tencent.mobileqq/.activity.SplashActivity} from uid 10053 on display 0
01-07 05:23:27.080  2145  2305 V WindowManager: addAppToken: AppWindowToken{13acc43c token=Token{2f20262f ActivityRecord{212adc0e u0 com.tencent.mobileqq/.activity.SplashActivity t20}}} to stack=1 task=20 at 1
01-07 05:23:27.082  2145  2188 I InputDispatcher: Dropping event because there is no touchable window at (1073, 0).
01-07 05:23:27.084  4132  4132 I AutoMonitor: [E]onActivityCreate when 5, com.tencent.mobileqq.activity.SplashActivity@38495a8a
01-07 05:23:27.090  2145  3552 I ActivityManager: START u0 {act=android.intent.action.MAIN cat=[android.intent.category.LAUNCHER] flg=0x14040000 pkg=com.tencent.mobileqq cmp=com.tencent.mobileqq/.activity.UserguideActivity (has extras)} from uid 10053 on display 0
01-07 05:23:27.091  2145  2188 I InputDispatcher: Dropping event because there is no touchable window at (1043, 0).
01-07 05:23:27.091  2145  3552 V WindowManager: addAppToken: AppWindowToken{1918ac27 token=Token{336a5ee6 ActivityRecord{12c23941 u0 com.tencent.mobileqq/.activity.UserguideActivity t21}}} to stack=1 task=21 at 0
01-07 05:23:27.095  4132  4132 I AutoMonitor: [E]onActivityCreate when 6, com.tencent.mobileqq.activity.UserguideActivity@2d08e5ad
01-07 05:23:27.098  2145  2188 I InputDispatcher: Dropping event because there is no touchable window at (998, 0).
01-07 05:23:27.106  2145  2188 I InputDispatcher: Dropping event because there is no touchable window at (938, 0).
01-07 05:23:27.114  2145  2188 I InputDispatcher: Dropping event because there is no touchable window at (866, 0).
01-07 05:23:27.119  4132  4265 D OpenGLRenderer: Use EGL_SWAP_BEHAVIOR_PRESERVED: true
01-07 05:23:27.120  2145  2164 V WindowManager: Adding window Window{3538287d u0 com.tencent.mobileqq/com.tencent.mobileqq.activity.UserguideActivity} at 7 of 12 (after Window{3e7af26f u0 com.tencent.mobileqq/com.tencent.mobileqq.activity.InstallActivity})
01-07 05:23:27.123  2145  2188 I InputDispatcher: Dropping event because there is no touchable window at (770, 0).
01-07 05:23:27.128  2272  2272 V PhoneStatusBar: setLightsOn(true)
01-07 05:23:27.130  2145  2188 I InputDispatcher: Dropping event because there is no touchable window at (665, 0).
01-07 05:23:27.138  4132  4265 I EGL-DRI2: DRI2: found extension DRI_Core version 1
01-07 05:23:27.138  4132  4265 I EGL-DRI2: DRI2: found extension DRI_DRI2 version 4
01-07 05:23:27.150  4132  4265 I EGL-DRI2: DRI2: found extension DRI_TexBuffer version 3
01-07 05:23:27.150  4132  4265 I EGL-DRI2: DRI2: found extension DRI2_Flush version 4
01-07 05:23:27.150  4132  4265 I EGL-DRI2: DRI2: found extension DRI_IMAGE version 11
01-07 05:23:27.150  4132  4265 I OpenGLRenderer: Initialized EGL, version 1.4
01-07 05:23:27.151  4132  4265 W OpenGLRenderer: Failed to choose config with EGL_SWAP_BEHAVIOR_PRESERVED, retrying without...
01-07 05:23:27.154  4132  4265 D OpenGLRenderer: Enabling debug mode 0
01-07 05:23:27.157  2145  2305 W ActivityManager: getRunningAppProcesses: caller 10053 does not hold REAL_GET_TASKS; limiting output
01-07 05:23:27.157  4132  4266 D appMemory: QLog init retry 
01-07 05:23:27.206  2145  2175 I ActivityManager: Displayed com.tencent.mobileqq/.activity.UserguideActivity: +113ms (total +125ms)
01-07 05:23:27.318  2145  2547 W ActivityManager: getRunningAppProcesses: caller 10053 does not hold REAL_GET_TASKS; limiting output
01-07 05:23:27.607  4275  4275 W linker  : [vdso]: unused DT entry: type 0x6ffffef5 arg 0x160
01-07 05:23:27.611  4275  4275 W linker  : [vdso]: unused DT entry: type 0x6ffffef5 arg 0x160
01-07 05:23:28.647  4172  4246 D MSF.C.NetConnTag: [E]pa ok: 62962
01-07 05:23:28.647  4172  4246 D MSF.C.NetConnTag: [E]netSend ssoSeq:62962 uin:0 cmd:1352667419 63088
01-07 05:23:28.765  4172  4261 D MSF.C.NetConnTag: [E]netRecv ssoSeq:62962 uin:0 cmd:1352667419 63028
01-07 05:23:29.604  2145  2188 W TelecomManager: Telecom Service not found.
01-07 05:23:29.604  2145  2188 I ActivityManager: START u0 {act=android.intent.action.MAIN cat=[android.intent.category.HOME] flg=0x10200000 cmp=com.android.launcher3/.Launcher} from uid 1000 on display 0
01-07 05:23:29.605  2145  2216 W AudioTrack: AUDIO_OUTPUT_FLAG_FAST denied by client
01-07 05:23:29.617  1890  2142 D audio_hw_primary: found out /dev/snd/pcmC0D0p
01-07 05:23:29.643  2145  2145 V ActivityManager: Display changed displayId=0
01-07 05:23:29.652  2145  2165 I ActivityManager: Config changes=480 {1.0 ?mcc?mnc zh_CN ?layoutDir sw720dp w1280dp h646dp 240dpi lrg long land -touch qwerty/v/v -nav/h s.7}
01-07 05:23:29.653  2145  2189 I InputReader: Reconfiguring input devices.  changes=0x00000004
01-07 05:23:29.679  2421  2421 D Launcher.Workspace: 11683562 - removeExtraEmptyScreen()
01-07 05:23:29.679  2421  2421 D Launcher.Workspace: 11683562 - convertFinalScreenToEmptyScreenIfNecessary()
01-07 05:23:29.679  2421  2421 D Launcher.Workspace: 11683562 - removeExtraEmptyScreen()
01-07 05:23:29.679  2421  2421 D Launcher.Workspace: 11683562 - convertFinalScreenToEmptyScreenIfNecessary()
01-07 05:23:29.679  2421  2421 D Launcher.Workspace: 11683562 - removeExtraEmptyScreen()
01-07 05:23:29.679  2421  2421 D Launcher.Workspace: 11683562 - convertFinalScreenToEmptyScreenIfNecessary()
01-07 05:23:29.689  2272  4279 E ActivityThread: Failed to find provider info for com.android.contacts
01-07 05:23:29.697  4132  4132 W IInputConnectionWrapper: showStatusIcon on inactive InputConnection
01-07 05:23:29.744  2145  2175 I WindowManager: Screen frozen for +123ms due to Window{3f4b7214 u0 com.android.launcher3/com.android.launcher3.Launcher}
01-07 05:23:29.763  4280  4280 W linker  : [vdso]: unused DT entry: type 0x6ffffef5 arg 0x160
01-07 05:23:30.059  2145  2678 W ActivityManager: getTasks: caller 10053 does not hold REAL_GET_TASKS; limiting output
01-07 05:23:30.060  4172  4224 W Settings: Setting airplane_mode_on has moved from android.provider.Settings.System to android.provider.Settings.Global, returning read-only value.
01-07 05:23:30.060  2145  3554 W ActivityManager: getTasks: caller 10053 does not hold REAL_GET_TASKS; limiting output
01-07 05:23:30.060  4172  4224 W Settings: Setting airplane_mode_on has moved from android.provider.Settings.System to android.provider.Settings.Global, returning read-only value.
01-07 05:23:30.061  2145  2492 W ActivityManager: getTasks: caller 10053 does not hold REAL_GET_TASKS; limiting output
01-07 05:23:30.061  4172  4224 W Settings: Setting airplane_mode_on has moved from android.provider.Settings.System to android.provider.Settings.Global, returning read-only value.
01-07 05:23:30.061  2145  2305 W ActivityManager: getTasks: caller 10053 does not hold REAL_GET_TASKS; limiting output
01-07 05:23:30.061  4172  4224 W Settings: Setting airplane_mode_on has moved from android.provider.Settings.System to android.provider.Settings.Global, returning read-only value.
01-07 05:23:30.062  2145  2165 W ActivityManager: getTasks: caller 10053 does not hold REAL_GET_TASKS; limiting output
01-07 05:23:30.062  4172  4224 W Settings: Setting airplane_mode_on has moved from android.provider.Settings.System to android.provider.Settings.Global, returning read-only value.
01-07 05:23:30.062  2145  2678 W ActivityManager: getTasks: caller 10053 does not hold REAL_GET_TASKS; limiting output
01-07 05:23:30.062  4172  4224 W Settings: Setting airplane_mode_on has moved from android.provider.Settings.System to android.provider.Settings.Global, returning read-only value.
01-07 05:23:30.063  2145  3554 W ActivityManager: getTasks: caller 10053 does not hold REAL_GET_TASKS; limiting output
01-07 05:23:30.063  4172  4224 W Settings: Setting airplane_mode_on has moved from android.provider.Settings.System to android.provider.Settings.Global, returning read-only value.
01-07 05:23:30.063  2145  2492 W ActivityManager: getTasks: caller 10053 does not hold REAL_GET_TASKS; limiting output
01-07 05:23:30.063  4172  4224 W Settings: Setting airplane_mode_on has moved from android.provider.Settings.System to android.provider.Settings.Global, returning read-only value.
01-07 05:23:30.064  2145  3551 W ActivityManager: getTasks: caller 10053 does not hold REAL_GET_TASKS; limiting output
01-07 05:23:30.064  4172  4224 W Settings: Setting airplane_mode_on has moved from android.provider.Settings.System to android.provider.Settings.Global, returning read-only value.
01-07 05:23:30.205  2421  2728 W OpenGLRenderer: Incorrectly called buildLayer on View: ShortcutAndWidgetContainer, destroying layer...
01-07 05:23:30.681  2272  2272 W ResourceType: No package identifier when getting value for resource number 0x00000000
01-07 05:23:30.682  2272  2272 W PackageManager: Failure retrieving resources for com.tencent.mobileqq: Resource ID #0x0
01-07 05:23:31.628  2145  2216 W AudioTrack: AUDIO_OUTPUT_FLAG_FAST denied by client
01-07 05:23:31.758  2145  2175 I art     : Explicit concurrent mark sweep GC freed 5050(345KB) AllocSpace objects, 7(3MB) LOS objects, 33% free, 13MB/20MB, paused 268us total 12.314ms
01-07 05:23:34.776  4282  4282 W linker  : [vdso]: unused DT entry: type 0x6ffffef5 arg 0x160
01-07 05:23:35.065  2145  3551 W ActivityManager: getTasks: caller 10053 does not hold REAL_GET_TASKS; limiting output
01-07 05:23:35.065  4172  4224 W Settings: Setting airplane_mode_on has moved from android.provider.Settings.System to android.provider.Settings.Global, returning read-only value.
01-07 05:23:36.723  2145  2492 W ActivityManager: getRunningAppProcesses: caller 10053 does not hold REAL_GET_TASKS; limiting output
01-07 05:23:36.724  2145  2165 W ActivityManager: getRunningAppProcesses: caller 10053 does not hold REAL_GET_TASKS; limiting output
01-07 05:23:36.724  2145  3553 W ActivityManager: getRunningAppProcesses: caller 10053 does not hold REAL_GET_TASKS; limiting output
01-07 05:23:36.728  2145  3553 W ActivityManager: getRunningAppProcesses: caller 10053 does not hold REAL_GET_TASKS; limiting output
01-07 05:23:36.728  2145  3554 W ActivityManager: getRunningAppProcesses: caller 10053 does not hold REAL_GET_TASKS; limiting output
01-07 05:23:36.729  2145  3551 W ActivityManager: getRunningAppProcesses: caller 10053 does not hold REAL_GET_TASKS; limiting output
01-07 05:23:36.730  2145  2547 W ActivityManager: getRunningAppProcesses: caller 10053 does not hold REAL_GET_TASKS; limiting output
01-07 05:23:37.159  4132  4159 V NFC     : this device does not have NFC support
01-07 05:23:37.162  4132  4159 D MSF.D.AppNetInfoImpl: [E]currentAPN:. received networkInfo: CONNECTED :[type: Ethernet[], state: CONNECTED/CONNECTED, reason: (unspecified), extra: f8:32:e4:a0:25:09, roaming: false, failover: false, isAvailable: true, isConnectedToProvisioningNetwork: false]
01-07 05:23:37.162  4132  4132 D MSF.D.AppNetInfoImpl: [E]currentAPN:. received networkInfo: CONNECTED :[type: Ethernet[], state: CONNECTED/CONNECTED, reason: (unspecified), extra: f8:32:e4:a0:25:09, roaming: false, failover: false, isAvailable: true, isConnectedToProvisioningNetwork: false]
01-07 05:23:37.164  4172  4246 D MSF.C.NetConnTag: [E]pa ok: 62966
01-07 05:23:37.164  4172  4246 D MSF.C.NetConnTag: [E]netSend ssoSeq:62966 uin:0 cmd:-1077286677 63361
01-07 05:23:39.789  4290  4290 W linker  : [vdso]: unused DT entry: type 0x6ffffef5 arg 0x160
01-07 05:23:40.065  2145  2685 W ActivityManager: getTasks: caller 10053 does not hold REAL_GET_TASKS; limiting output
01-07 05:23:40.065  4172  4224 W Settings: Setting airplane_mode_on has moved from android.provider.Settings.System to android.provider.Settings.Global, returning read-only value.
01-07 05:23:40.066  2145  3551 W ActivityManager: getRunningAppProcesses: caller 10053 does not hold REAL_GET_TASKS; limiting output
01-07 05:23:40.067  2145  2165 W ActivityManager: getTasks: caller 10053 does not hold REAL_GET_TASKS; limiting output
01-07 05:23:40.067  4172  4224 W Settings: Setting airplane_mode_on has moved from android.provider.Settings.System to android.provider.Settings.Global, returning read-only value.
01-07 05:23:40.068  2145  2492 W ActivityManager: getRunningAppProcesses: caller 10053 does not hold REAL_GET_TASKS; limiting output
01-07 05:23:44.800  4291  4291 W linker  : [vdso]: unused DT entry: type 0x6ffffef5 arg 0x160
01-07 05:23:49.812  4292  4292 W linker  : [vdso]: unused DT entry: type 0x6ffffef5 arg 0x160
01-07 05:23:54.823  4293  4293 W linker  : [vdso]: unused DT entry: type 0x6ffffef5 arg 0x160
01-07 05:23:59.835  4294  4294 W linker  : [vdso]: unused DT entry: type 0x6ffffef5 arg 0x160
01-07 05:24:04.847  4295  4295 W linker  : [vdso]: unused DT entry: type 0x6ffffef5 arg 0x160
01-07 05:24:06.729  2145  2165 W ActivityManager: getRunningAppProcesses: caller 10053 does not hold REAL_GET_TASKS; limiting output
01-07 05:24:08.419  2145  2216 W AudioTrack: AUDIO_OUTPUT_FLAG_FAST denied by client
01-07 05:24:08.431  1890  2142 D audio_hw_primary: found out /dev/snd/pcmC0D0p
01-07 05:24:08.437  2145  2492 I ActivityManager: START u0 {act=com.android.systemui.recents.SHOW_RECENTS flg=0x10804000 cmp=com.android.systemui/.recents.RecentsActivity} from uid 10010 on display 0
01-07 05:24:08.463  2145  2164 W InputMethodManagerService: Starting input on non-focused client com.android.internal.view.IInputMethodClient$Stub$Proxy@2497be73 (uid=10033 pid=2421)
01-07 05:24:09.858  4298  4298 W linker  : [vdso]: unused DT entry: type 0x6ffffef5 arg 0x160
01-07 05:24:09.891  2145  2216 W AudioTrack: AUDIO_OUTPUT_FLAG_FAST denied by client
01-07 05:24:09.948  3061  3061 I Term    : Bound to TermService
01-07 05:24:09.948  3061  3061 I TermService: Activity binding to service
01-07 05:24:14.870  4305  4305 W linker  : [vdso]: unused DT entry: type 0x6ffffef5 arg 0x160
01-07 05:24:19.882  4306  4306 W linker  : [vdso]: unused DT entry: type 0x6ffffef5 arg 0x160
01-07 05:24:24.893  4307  4307 W linker  : [vdso]: unused DT entry: type 0x6ffffef5 arg 0x160
01-07 05:24:26.796  4308  4308 W linker  : [vdso]: unused DT entry: type 0x6ffffef5 arg 0x160
01-07 05:24:26.799  4310  4310 W linker  : [vdso]: unused DT entry: type 0x6ffffef5 arg 0x160
01-07 05:24:26.813  4311  4311 W linker  : [vdso]: unused DT entry: type 0x6ffffef5 arg 0x160
01-07 05:24:26.814  2145  2174 D BluetoothManagerService: Message: 20
01-07 05:24:26.814  2145  2174 D BluetoothManagerService: Added callback: android.bluetooth.IBluetoothManagerCallback$Stub$Proxy@e7ad734:true
01-07 05:24:26.818  4312  4312 W linker  : [vdso]: unused DT entry: type 0x6ffffef5 arg 0x160
01-07 05:24:26.820  4312  4312 W linker  : [vdso]: unused DT entry: type 0x6ffffef5 arg 0x160
01-07 05:24:26.821  2145  2678 W ActivityManager: getRunningAppProcesses: caller 10053 does not hold REAL_GET_TASKS; limiting output
01-07 05:24:29.905  4314  4314 W linker  : [vdso]: unused DT entry: type 0x6ffffef5 arg 0x160
01-07 05:24:34.916  4316  4316 W linker  : [vdso]: unused DT entry: type 0x6ffffef5 arg 0x160
01-07 05:24:36.729  2145  3554 W ActivityManager: getRunningAppProcesses: caller 10053 does not hold REAL_GET_TASKS; limiting output
01-07 05:24:39.928  4317  4317 W linker  : [vdso]: unused DT entry: type 0x6ffffef5 arg 0x160
01-07 05:24:44.939  4318  4318 W linker  : [vdso]: unused DT entry: type 0x6ffffef5 arg 0x160
01-07 05:24:49.951  4319  4319 W linker  : [vdso]: unused DT entry: type 0x6ffffef5 arg 0x160
01-07 05:24:54.463  4320  4320 W linker  : [vdso]: unused DT entry: type 0x6ffffef5 arg 0x160
