01-06 03:33:06.893 11007 11007 F art     : art/runtime/runtime.cc:289] "Heap thread pool worker thread 5" prio=5 tid=7 Native (still starting up)
01-06 03:33:06.893 11007 11007 F art     : art/runtime/runtime.cc:289]   | group="" sCount=0 dsCount=0 obj=0x0 self=0xf3c31c00
01-06 03:33:06.893 11007 11007 F art     : art/runtime/runtime.cc:289]   | sysTid=11018 nice=0 cgrp=default sched=3/0 handle=0xf3c51a80
01-06 03:33:06.893 11007 11007 F art     : art/runtime/runtime.cc:289]   | state=S schedstat=( 754827 0 3 ) utm=0 stm=0 core=1 HZ=100
01-06 03:33:06.893 11007 11007 F art     : art/runtime/runtime.cc:289]   | stack=0xf26b7000-0xf26b9000 stackSize=1020KB
01-06 03:33:06.893 11007 11007 F art     : art/runtime/runtime.cc:289]   | held mutexes=
01-06 03:33:06.893 11007 11007 F art     : art/runtime/runtime.cc:289]   kernel: futex_wait_queue_me+0xb8/0xf9
01-06 03:33:06.893 11007 11007 F art     : art/runtime/runtime.cc:289]   kernel: futex_wait+0xeb/0x1f0
01-06 03:33:06.893 11007 11007 F art     : art/runtime/runtime.cc:289]   kernel: get_user_pages_fast+0xc0/0x140
01-06 03:33:06.893 11007 11007 F art     : art/runtime/runtime.cc:289]   kernel: ttwu_stat+0x87/0xb9
01-06 03:33:06.893 11007 11007 F art     : art/runtime/runtime.cc:289]   kernel: get_futex_key+0x1ad/0x1c6
01-06 03:33:06.893 11007 11007 F art     : art/runtime/runtime.cc:289]   kernel: do_futex+0xb2/0x86c
01-06 03:33:06.893 11007 11007 F art     : art/runtime/runtime.cc:289]   kernel: handle_mm_fault+0xde3/0xe32
01-06 03:33:06.893 11007 11007 F art     : art/runtime/runtime.cc:289]   kernel: rcu_is_watching+0xc/0x1c
01-06 03:33:06.893 11007 11007 F art     : art/runtime/runtime.cc:289]   kernel: compat_SyS_futex+0xb1/0x12a
01-06 03:33:06.893 11007 11007 F art     : art/runtime/runtime.cc:289]   kernel: SyS_prctl+0xe5/0x36d
01-06 03:33:06.893 11007 11007 F art     : art/runtime/runtime.cc:289]   kernel: do_syscall_32_irqs_off+0x4c/0x86
01-06 03:33:06.893 11007 11007 F art     : art/runtime/runtime.cc:289]   kernel: entry_INT80_compat+0x2a/0x40
01-06 03:33:06.893 11007 11007 F art     : art/runtime/runtime.cc:289]   native: #00 pc 000139a0  /android/system/lib/libc.so (???)
01-06 03:33:06.893 11007 11007 F art     : art/runtime/runtime.cc:289]   (no managed stack frames)
01-06 03:33:06.893 11007 11007 F art     : art/runtime/runtime.cc:289] 
01-06 03:33:06.893 11007 11007 F art     : art/runtime/runtime.cc:289] "Heap thread pool worker thread 6" prio=5 tid=8 Native (still starting up)
01-06 03:33:06.893 11007 11007 F art     : art/runtime/runtime.cc:289]   | group="" sCount=0 dsCount=0 obj=0x0 self=0xedc3d400
01-06 03:33:06.893 11007 11007 F art     : art/runtime/runtime.cc:289]   | sysTid=11019 nice=0 cgrp=default sched=3/0 handle=0xf3c51d00
01-06 03:33:06.893 11007 11007 F art     : art/runtime/runtime.cc:289]   | state=S schedstat=( 575679 514288 2 ) utm=0 stm=0 core=5 HZ=100
01-06 03:33:06.893 11007 11007 F art     : art/runtime/runtime.cc:289]   | stack=0xf25b7000-0xf25b9000 stackSize=1020KB
01-06 03:33:06.893 11007 11007 F art     : art/runtime/runtime.cc:289]   | held mutexes=
01-06 03:33:06.893 11007 11007 F art     : art/runtime/runtime.cc:289]   kernel: futex_wait_queue_me+0xb8/0xf9
01-06 03:33:06.893 11007 11007 F art     : art/runtime/runtime.cc:289]   kernel: futex_wait+0xeb/0x1f0
01-06 03:33:06.893 11007 11007 F art     : art/runtime/runtime.cc:289]   kernel: get_user_pages_fast+0xc0/0x140
01-06 03:33:06.893 11007 11007 F art     : art/runtime/runtime.cc:289]   kernel: ttwu_stat+0x87/0xb9
01-06 03:33:06.893 11007 11007 F art     : art/runtime/runtime.cc:289]   kernel: get_futex_key+0x1ad/0x1c6
01-06 03:33:06.893 11007 11007 F art     : art/runtime/runtime.cc:289]   kernel: do_futex+0xb2/0x86c
01-06 03:33:06.893 11007 11007 F art     : art/runtime/runtime.cc:289]   kernel: blk_finish_plug+0x1a/0x27
01-06 03:33:06.893 11007 11007 F art     : art/runtime/runtime.cc:289]   kernel: rcu_is_watching+0xc/0x1c
01-06 03:33:06.893 11007 11007 F art     : art/runtime/runtime.cc:289]   kernel: compat_SyS_futex+0xb1/0x12a
01-06 03:33:06.893 11007 11007 F art     : art/runtime/runtime.cc:289]   kernel: SyS_prctl+0xe5/0x36d
01-06 03:33:06.893 11007 11007 F art     : art/runtime/runtime.cc:289]   kernel: do_syscall_32_irqs_off+0x4c/0x86
01-06 03:33:06.893 11007 11007 F art     : art/runtime/runtime.cc:289]   kernel: entry_INT80_compat+0x2a/0x40
01-06 03:33:06.893 11007 11007 F art     : art/runtime/runtime.cc:289]   native: #00 pc 000139a0  /android/system/lib/libc.so (???)
01-06 03:33:06.893 11007 11007 F art     : art/runtime/runtime.cc:289]   (no managed stack frames)
01-06 03:33:06.893 11007 11007 F art     : art/runtime/runtime.cc:289] 
01-06 03:33:06.893 11007 11007 F art     : art/runtime/runtime.cc:289] "Signal Catcher" prio=5 tid=9 WaitingInMainSignalCatcherLoop
01-06 03:33:06.893 11007 11007 F art     : art/runtime/runtime.cc:289]   | group="" sCount=0 dsCount=0 obj=0x12c000a0 self=0xf3c32c00
01-06 03:33:06.893 11007 11007 F art     : art/runtime/runtime.cc:289]   | sysTid=11020 nice=0 cgrp=default sched=3/0 handle=0xf3c51f80
01-06 03:33:06.893 11007 11007 F art     : art/runtime/runtime.cc:289]   | state=S schedstat=( 684374 0 1 ) utm=0 stm=0 core=3 HZ=100
01-06 03:33:06.893 11007 11007 F art     : art/runtime/runtime.cc:289]   | stack=0xf24b9000-0xf24bb000 stackSize=1012KB
01-06 03:33:06.893 11007 11007 F art     : art/runtime/runtime.cc:289]   | held mutexes=
01-06 03:33:06.893 11007 11007 F art     : art/runtime/runtime.cc:289]   kernel: do_futex+0xdb/0x86c
01-06 03:33:06.893 11007 11007 F art     : art/runtime/runtime.cc:289]   kernel: recalc_sigpending+0x12/0x41
01-06 03:33:06.893 11007 11007 F art     : art/runtime/runtime.cc:289]   kernel: do_sigtimedwait+0xea/0x1c1
01-06 03:33:06.893 11007 11007 F art     : art/runtime/runtime.cc:289]   kernel: compat_SyS_rt_sigtimedwait+0x78/0xb5
01-06 03:33:06.893 11007 11007 F art     : art/runtime/runtime.cc:289]   kernel: compat_SyS_futex+0xb1/0x12a
01-06 03:33:06.893 11007 11007 F art     : art/runtime/runtime.cc:289]   kernel: SyS_prctl+0xe5/0x36d
01-06 03:33:06.893 11007 11007 F art     : art/runtime/runtime.cc:289]   kernel: do_syscall_32_irqs_off+0x4c/0x86
01-06 03:33:06.893 11007 11007 F art     : art/runtime/runtime.cc:289]   kernel: entry_INT80_compat+0x2a/0x40
01-06 03:33:06.893 11007 11007 F art     : art/runtime/runtime.cc:289]   native: #00 pc 0007bfab  /android/system/lib/libc.so (???)
01-06 03:33:06.893 11007 11007 F art     : art/runtime/runtime.cc:289]   native: #01 pc 0002581c  /android/system/lib/libc.so (???)
01-06 03:33:06.893 11007 11007 F art     : art/runtime/runtime.cc:289]   native: #02 pc 003d164b  /android/system/lib/libart.so (???)
01-06 03:33:06.893 11007 11007 F art     : art/runtime/runtime.cc:289]   native: #03 pc 003d5d99  /android/system/lib/libart.so (???)
01-06 03:33:06.893 11007 11007 F art     : art/runtime/runtime.cc:289]   native: #04 pc 00022168  /android/system/lib/libc.so (???)
01-06 03:33:06.893 11007 11007 F art     : art/runtime/runtime.cc:289]   native: #05 pc 0001cc69  /android/system/lib/libc.so (???)
01-06 03:33:06.893 11007 11007 F art     : art/runtime/runtime.cc:289]   native: #06 pc 000137c6  /android/system/lib/libc.so (???)
01-06 03:33:06.893 11007 11007 F art     : art/runtime/runtime.cc:289]   (no managed stack frames)
01-06 03:33:06.893 11007 11007 F art     : art/runtime/runtime.cc:289] 
01-06 03:33:06.893 11007 11007 F art     : art/runtime/runtime.cc:289] "JDWP" prio=5 tid=10 WaitingInMainDebuggerLoop
01-06 03:33:06.893 11007 11007 F art     : art/runtime/runtime.cc:289]   | group="" sCount=0 dsCount=0 obj=0x12c050a0 self=0xedc3e400
01-06 03:33:06.893 11007 11007 F art     : art/runtime/runtime.cc:289]   | sysTid=11021 nice=0 cgrp=default sched=3/0 handle=0xf3c54500
01-06 03:33:06.893 11007 11007 F art     : art/runtime/runtime.cc:289]   | state=S schedstat=( 607590 0 2 ) utm=0 stm=0 core=3 HZ=100
01-06 03:33:06.893 11007 11007 F art     : art/runtime/runtime.cc:289]   | stack=0xee259000-0xee25b000 stackSize=1012KB
01-06 03:33:06.893 11007 11007 F art     : art/runtime/runtime.cc:289]   | held mutexes=
01-06 03:33:06.893 11007 11007 F art     : art/runtime/runtime.cc:289]   kernel: put_prev_entity+0x32/0x52b
01-06 03:33:06.893 11007 11007 F art     : art/runtime/runtime.cc:289]   kernel: get_page_from_freelist+0x4fc/0x711
01-06 03:33:06.893 11007 11007 F art     : art/runtime/runtime.cc:289]   kernel: unix_stream_read_generic+0x2b1/0x70e
01-06 03:33:06.893 11007 11007 F art     : art/runtime/runtime.cc:289]   kernel: autoremove_wake_function+0x0/0x2a
01-06 03:33:06.893 11007 11007 F art     : art/runtime/runtime.cc:289]   kernel: unix_stream_recvmsg+0x3a/0x3f
01-06 03:33:06.893 11007 11007 F art     : art/runtime/runtime.cc:289]   kernel: unix_stream_read_actor+0x0/0x1c
01-06 03:33:06.893 11007 11007 F art     : art/runtime/runtime.cc:289]   kernel: ___sys_recvmsg+0xc8/0x165
01-06 03:33:06.893 11007 11007 F art     : art/runtime/runtime.cc:289]   kernel: SyS_sendto+0xd8/0xec
01-06 03:33:06.893 11007 11007 F art     : art/runtime/runtime.cc:289]   kernel: __fget+0x6b/0x75
01-06 03:33:06.893 11007 11007 F art     : art/runtime/runtime.cc:289]   kernel: __sys_recvmsg+0x39/0x5a
01-06 03:33:06.893 11007 11007 F art     : art/runtime/runtime.cc:289]   kernel: compat_SyS_socketcall+0x152/0x18f
01-06 03:33:06.893 11007 11007 F art     : art/runtime/runtime.cc:289]   kernel: do_syscall_32_irqs_off+0x4c/0x86
01-06 03:33:06.893 11007 11007 F art     : art/runtime/runtime.cc:289]   kernel: entry_INT80_compat+0x2a/0x40
01-06 03:33:06.893 11007 11007 F art     : art/runtime/runtime.cc:289]   native: #00 pc 0007af41  /android/system/lib/libc.so (???)
01-06 03:33:06.893 11007 11007 F art     : art/runtime/runtime.cc:289]   native: #01 pc 004a5b60  /android/system/lib/libart.so (???)
01-06 03:33:06.893 11007 11007 F art     : art/runtime/runtime.cc:289]   native: #02 pc 002b7817  /android/system/lib/libart.so (???)
01-06 03:33:06.893 11007 11007 F art     : art/runtime/runtime.cc:289]   native: #03 pc 002b9f09  /android/system/lib/libart.so (???)
01-06 03:33:06.893 11007 11007 F art     : art/runtime/runtime.cc:289]   native: #04 pc 00022168  /android/system/lib/libc.so (???)
01-06 03:33:06.893 11007 11007 F art     : art/runtime/runtime.cc:289]   native: #05 pc 0001cc69  /android/system/lib/libc.so (???)
01-06 03:33:06.893 11007 11007 F art     : art/runtime/runtime.cc:289]   native: #06 pc 000137c6  /android/system/lib/libc.so (???)
01-06 03:33:06.893 11007 11007 F art     : art/runtime/runtime.cc:289]   (no managed stack frames)
01-06 03:33:06.893 11007 11007 F art     : art/runtime/runtime.cc:289] 
01-06 03:33:06.893 11007 11007 F art     : art/runtime/runtime.cc:289] "ReferenceQueueDaemon" prio=5 tid=11 Waiting
01-06 03:33:06.893 11007 11007 F art     : art/runtime/runtime.cc:289]   | group="" sCount=0 dsCount=0 obj=0x12c070a0 self=0xf3c26400
01-06 03:33:06.893 11007 11007 F art     : art/runtime/runtime.cc:289]   | sysTid=11022 nice=0 cgrp=default sched=3/0 handle=0xf3c54780
01-06 03:33:06.893 11007 11007 F art     : art/runtime/runtime.cc:289]   | state=S schedstat=( 579294 0 1 ) utm=0 stm=0 core=7 HZ=100
01-06 03:33:06.893 11007 11007 F art     : art/runtime/runtime.cc:289]   | stack=0xee155000-0xee157000 stackSize=1036KB
01-06 03:33:06.893 11007 11007 F art     : art/runtime/runtime.cc:289]   | held mutexes=
01-06 03:33:06.893 11007 11007 F art     : art/runtime/runtime.cc:289]   kernel: futex_wait_queue_me+0xb8/0xf9
01-06 03:33:06.893 11007 11007 F art     : art/runtime/runtime.cc:289]   kernel: futex_wait+0xeb/0x1f0
01-06 03:33:06.893 11007 11007 F art     : art/runtime/runtime.cc:289]   kernel: get_user_pages_fast+0xc0/0x140
01-06 03:33:06.893 11007 11007 F art     : art/runtime/runtime.cc:289]   kernel: ttwu_stat+0x87/0xb9
01-06 03:33:06.893 11007 11007 F art     : art/runtime/runtime.cc:289]   kernel: get_futex_key+0x1ad/0x1c6
01-06 03:33:06.893 11007 11007 F art     : art/runtime/runtime.cc:289]   kernel: do_futex+0xb2/0x86c
01-06 03:33:06.893 11007 11007 F art     : art/runtime/runtime.cc:289]   kernel: handle_mm_fault+0x3bd/0xe32
01-06 03:33:06.893 11007 11007 F art     : art/runtime/runtime.cc:289]   kernel: cap_safe_nice+0x69/0x6e
01-06 03:33:06.893 11007 11007 F art     : art/runtime/runtime.cc:289]   kernel: compat_SyS_futex+0xb1/0x12a
01-06 03:33:06.893 11007 11007 F art     : art/runtime/runtime.cc:289]   kernel: __do_page_fault+0x2c6/0x35c
01-06 03:33:06.893 11007 11007 F art     : art/runtime/runtime.cc:289]   kernel: do_syscall_32_irqs_off+0x4c/0x86
01-06 03:33:06.893 11007 11007 F art     : art/runtime/runtime.cc:289]   kernel: entry_INT80_compat+0x2a/0x40
01-06 03:33:06.893 11007 11007 F art     : art/runtime/runtime.cc:289]   native: #00 pc 000139a0  /android/system/lib/libc.so (???)
01-06 03:33:06.893 11007 11007 F art     : art/runtime/runtime.cc:289]   at java.lang.Object.wait!(Native method)
01-06 03:33:06.893 11007 11007 F art     : art/runtime/runtime.cc:289]   - waiting on <0x3db6cf45> (a java.lang.Class<java.lang.ref.ReferenceQueue>)
01-06 03:33:06.893 11007 11007 F art     : art/runtime/runtime.cc:289]   at java.lang.Daemons$ReferenceQueueDaemon.run(Daemons.java:134)
01-06 03:33:06.893 11007 11007 F art     : art/runtime/runtime.cc:289]   - locked <0x3db6cf45> (a java.lang.Class<java.lang.ref.ReferenceQueue>)
01-06 03:33:06.893 11007 11007 F art     : art/runtime/runtime.cc:289]   at java.lang.Thread.run(Thread.java:818)
01-06 03:33:06.893 11007 11007 F art     : art/runtime/runtime.cc:289] 
01-06 03:33:06.893 11007 11007 F art     : art/runtime/runtime.cc:289] "FinalizerDaemon" prio=5 tid=12 Waiting
01-06 03:33:06.893 11007 11007 F art     : art/runtime/runtime.cc:289]   | group="" sCount=0 dsCount=0 obj=0x12c07100 self=0xf3c26800
01-06 03:33:06.893 11007 11007 F art     : art/runtime/runtime.cc:289]   | sysTid=11023 nice=0 cgrp=default sched=3/0 handle=0xf3c54a00
01-06 03:33:06.893 11007 11007 F art     : art/runtime/runtime.cc:289]   | state=S schedstat=( 832849 0 3 ) utm=0 stm=0 core=3 HZ=100
01-06 03:33:06.893 11007 11007 F art     : art/runtime/runtime.cc:289]   | stack=0xedafe000-0xedb00000 stackSize=1036KB
01-06 03:33:06.893 11007 11007 F art     : art/runtime/runtime.cc:289]   | held mutexes=
01-06 03:33:06.893 11007 11007 F art     : art/runtime/runtime.cc:289]   kernel: futex_wait_queue_me+0xb8/0xf9
01-06 03:33:06.893 11007 11007 F art     : art/runtime/runtime.cc:289]   kernel: futex_wait+0xeb/0x1f0
01-06 03:33:06.893 11007 11007 F art     : art/runtime/runtime.cc:289]   kernel: get_user_pages_fast+0xc0/0x140
01-06 03:33:06.893 11007 11007 F art     : art/runtime/runtime.cc:289]   kernel: get_futex_key+0x1ad/0x1c6
01-06 03:33:06.893 11007 11007 F art     : art/runtime/runtime.cc:289]   kernel: do_futex+0xb2/0x86c
01-06 03:33:06.893 11007 11007 F art     : art/runtime/runtime.cc:289]   kernel: page_add_new_anon_rmap+0x3d/0x73
01-06 03:33:06.893 11007 11007 F art     : art/runtime/runtime.cc:289] "GCDaemon" prio=5 tid=15 Waiting
01-06 03:33:06.893 11007 11007 F art     : art/runtime/runtime.cc:289]   | state=S schedstat=( 739860 0 5 ) utm=0 stm=0 core=5 HZ=100
01-06 03:33:06.893 11007 11007 F art     : art/runtime/runtime.cc:289]   | held mutexes=
01-06 03:33:06.893 11007 11007 F art     : art/runtime/runtime.cc:289]   kernel: futex_wait+0xeb/0x1f0
01-06 03:33:06.893 11007 11007 F art     : art/runtime/runtime.cc:289]   kernel: get_futex_key+0x1ad/0x1c6
01-06 03:33:06.893 11007 11007 F art     : art/runtime/runtime.cc:289]   kernel: call_rwsem_wake+0x17/0x30
01-06 03:33:06.893 11007 11007 F art     : art/runtime/runtime.cc:289]   kernel: compat_SyS_futex+0xb1/0x12a
01-06 03:33:06.894 11007 11007 F libc    : Fatal signal 6 (SIGABRT), code -6 in tid 11007 (urf:dservice_v1)
01-06 03:33:06.944  1872  1872 I DEBUG   : *** *** *** *** *** *** *** *** *** *** *** *** *** *** *** ***
01-06 03:33:06.944  1872  1872 I DEBUG   : Build fingerprint: 'Android-x86/android_x86_64/x86_64:5.1.1/LMY48Z/01050708:eng/test-keys'
01-06 03:33:06.944  1872  1872 I DEBUG   : Revision: '0'
01-06 03:33:06.944  1872  1872 I DEBUG   : ABI: 'x86'
01-06 03:33:06.944  1872  1872 I DEBUG   : pid: 11007, tid: 11007, name: urf:dservice_v1  >>> com.kiloo.subwaysurf:dservice_v1 <<<
01-06 03:33:06.944  1872  1872 I DEBUG   : signal 6 (SIGABRT), code -6 (SI_TKILL), fault addr --------
01-06 03:33:06.947  1872  1872 I DEBUG   : Abort message: 'art/runtime/check_jni.cc:65] JNI DETECTED ERROR IN APPLICATION: GetStringUTFChars received null jstring'
01-06 03:33:06.947  1872  1872 I DEBUG   :     eax 00000000  ebx 00002aff  ecx 00002aff  edx 00000006
01-06 03:33:06.947  1872  1872 I DEBUG   :     esi f77cec48  edi 0000000b
01-06 03:33:06.947  1872  1872 I DEBUG   :     xcs 00000023  xds 0000002b  xes 0000002b  xfs 00000007  xss 0000002b
01-06 03:33:06.947  1872  1872 I DEBUG   :     eip f755bd26  ebp 00002aff  esp ffbbc620  flags 00200286
01-06 03:33:06.947  1872  1872 I DEBUG   : 
01-06 03:33:06.947  1872  1872 I DEBUG   : backtrace:
01-06 03:33:06.947  1872  1872 I DEBUG   :     #00 pc 0007ad26  /system/lib/libc.so (tgkill+22)
01-06 03:33:06.947  1872  1872 I DEBUG   :     #01 pc 00023125  /system/lib/libc.so (pthread_kill+117)
01-06 03:33:06.947  1872  1872 I DEBUG   :     #02 pc 00024d1a  /system/lib/libc.so (raise+42)
01-06 03:33:06.947  1872  1872 I DEBUG   :     #03 pc 0001c4c4  /system/lib/libc.so (abort+84)
01-06 03:33:06.947  1872  1872 I DEBUG   :     #04 pc 003c9396  /system/lib/libart.so (art::Runtime::Abort()+342)
01-06 03:33:06.947  1872  1872 I DEBUG   :     #05 pc 000dba64  /system/lib/libart.so (art::LogMessage::~LogMessage()+2756)
01-06 03:33:06.947  1872  1872 I DEBUG   :     #06 pc 000f97c4  /system/lib/libart.so (art::JniAbort(char const*, char const*)+2468)
01-06 03:33:06.947  1872  1872 I DEBUG   :     #07 pc 000f9fa2  /system/lib/libart.so (art::JniAbortF(char const*, char const*, ...)+98)
01-06 03:33:06.947  1872  1872 I DEBUG   :     #08 pc 000fd550  /system/lib/libart.so (art::ScopedCheck::CheckInstance(art::ScopedCheck::InstanceKind, _jobject*)+640)
01-06 03:33:06.947  1872  1872 I DEBUG   :     #09 pc 000fe5a0  /system/lib/libart.so (_ZN3art11ScopedCheck5CheckEbPKcz.constprop.109+1216)
01-06 03:33:06.947  1872  1872 I DEBUG   :     #10 pc 00104b91  /system/lib/libart.so (art::CheckJNI::GetStringUTFChars(_JNIEnv*, _jstring*, unsigned char*)+113)
01-06 03:33:06.947  1872  1872 I DEBUG   :     #11 pc 0022e19a  /android/system/lib/arm/libhoudini.so
01-06 03:33:06.947  1872  1872 I DEBUG   :     #12 pc 0021e884  /android/system/lib/arm/libhoudini.so
01-06 03:33:06.947  1872  1872 I DEBUG   :     #13 pc 0026a004  /android/system/lib/arm/libhoudini.so
01-06 03:33:06.947  1872  1872 I DEBUG   :     #14 pc 007fb4c7  [stack]
01-06 03:33:06.997  1872  1872 I DEBUG   : 
01-06 03:33:06.997  1872  1872 I DEBUG   : Tombstone written to: /data/tombstones/tombstone_06
01-06 03:33:06.997  2149  2176 I BootReceiver: Copying /data/tombstones/tombstone_06 to DropBox (SYSTEM_TOMBSTONE)
01-06 03:33:06.997  1865  1865 E lowmemorykiller: Error writing /proc/11007/oom_score_adj; errno=22
01-06 03:33:07.002  1865  1865 E lowmemorykiller: Error writing /proc/11007/oom_score_adj; errno=22
01-06 03:33:07.003  1865  1865 E lowmemorykiller: Error writing /proc/11007/oom_score_adj; errno=22
01-06 03:33:07.009  2149  2170 I ActivityManager: Process com.kiloo.subwaysurf:dservice_v1 (pid 11007) has died
01-06 03:33:07.009  1880  1880 I Zygote  : Process 11007 exited due to signal (6)
01-06 03:33:07.037  2149  3972 I EGL-DRI2: DRI2: found extension DRI_Core version 1
01-06 03:33:07.037  2149  3972 I EGL-DRI2: DRI2: found extension DRI_DRI2 version 4
01-06 03:33:07.048  2149  3972 I EGL-DRI2: DRI2: found extension DRI_TexBuffer version 3
01-06 03:33:07.048  2149  3972 I EGL-DRI2: DRI2: found extension DRI2_Flush version 4
01-06 03:33:07.048  2149  3972 I EGL-DRI2: DRI2: found extension DRI_IMAGE version 11
01-06 03:33:07.049  2149  3972 I OpenGLRenderer: Initialized EGL, version 1.4
01-06 03:33:07.085  8729  8729 W System.err: android.content.pm.PackageManager$NameNotFoundException
01-06 03:33:07.085  8729  8729 W System.err: 	at android.app.ApplicationPackageManager.getApplicationInfo(ApplicationPackageManager.java:281)
01-06 03:33:07.085  8729  8729 W System.err: 	at com.duoku.platform.single.l.g.a(Unknown Source)
01-06 03:33:07.086  8729  8729 W System.err: 	at com.duoku.platform.single.gameplus.broadcast.GPNotificaionReceiver.onReceive(Unknown Source)
01-06 03:33:07.086  8729  8729 W System.err: 	at android.app.ActivityThread.handleReceiver(ActivityThread.java:2609)
01-06 03:33:07.086  8729  8729 W System.err: 	at android.app.ActivityThread.access$1700(ActivityThread.java:151)
01-06 03:33:07.086  8729  8729 W System.err: 	at android.app.ActivityThread$H.handleMessage(ActivityThread.java:1380)
01-06 03:33:07.086  8729  8729 W System.err: 	at android.os.Handler.dispatchMessage(Handler.java:102)
01-06 03:33:07.086  8729  8729 W System.err: 	at android.os.Looper.loop(Looper.java:135)
01-06 03:33:07.086  8729  8729 W System.err: 	at android.app.ActivityThread.main(ActivityThread.java:5254)
01-06 03:33:07.086  8729  8729 W System.err: 	at java.lang.reflect.Method.invoke(Native Method)
01-06 03:33:07.086  8729  8729 W System.err: 	at java.lang.reflect.Method.invoke(Method.java:372)
01-06 03:33:07.086  8729  8729 W System.err: 	at com.android.internal.os.ZygoteInit$MethodAndArgsCaller.run(ZygoteInit.java:903)
01-06 03:33:07.086  8729  8729 W System.err: 	at com.android.internal.os.ZygoteInit.main(ZygoteInit.java:698)
01-06 03:33:07.086  2149  3044 W ActivityManager: getTasks: caller 10117 does not hold REAL_GET_TASKS; limiting output
01-06 03:33:07.087  2149  2170 I ActivityManager: START u0 {flg=0x10800000 cmp=com.estrongs.android.pop/.app.InstallMonitorActivity (has extras)} from uid 10117 on display 0
01-06 03:33:07.092  2149  2170 V WindowManager: addAppToken: AppWindowToken{17f97378 token=Token{30995cdb ActivityRecord{257951ea u0 com.estrongs.android.pop/.app.InstallMonitorActivity t1086}}} to stack=1 task=1086 at 0
01-06 03:33:07.101  2149  3042 W ActivityManager: getRunningAppProcesses: caller 10117 does not hold REAL_GET_TASKS; limiting output
01-06 03:33:07.101  2149  2295 W ActivityManager: getRunningAppProcesses: caller 10117 does not hold REAL_GET_TASKS; limiting output
01-06 03:33:07.135  2149  2169 W ActivityManager: getTasks: caller 10115 does not hold REAL_GET_TASKS; limiting output
01-06 03:33:07.154  2149  2377 W ActivityManager: getRunningAppProcesses: caller 10117 does not hold REAL_GET_TASKS; limiting output
01-06 03:33:07.158 10668 10668 W System.err: android.content.pm.PackageManager$NameNotFoundException
01-06 03:33:07.159 10668 10668 W System.err: 	at android.app.ApplicationPackageManager.getApplicationInfo(ApplicationPackageManager.java:281)
01-06 03:33:07.159 10668 10668 W System.err: 	at com.duoku.platform.single.l.g.a(Unknown Source)
01-06 03:33:07.159 10668 10668 W System.err: 	at com.duoku.platform.single.gameplus.broadcast.GPNotificaionReceiver.onReceive(Unknown Source)
01-06 03:33:07.159 10668 10668 W System.err: 	at android.app.ActivityThread.handleReceiver(ActivityThread.java:2609)
01-06 03:33:07.159 10668 10668 W System.err: 	at android.app.ActivityThread.access$1700(ActivityThread.java:151)
01-06 03:33:07.159 10668 10668 W System.err: 	at android.app.ActivityThread$H.handleMessage(ActivityThread.java:1380)
01-06 03:33:07.159 10668 10668 W System.err: 	at android.os.Handler.dispatchMessage(Handler.java:102)
01-06 03:33:07.159 10668 10668 W System.err: 	at android.os.Looper.loop(Looper.java:135)
01-06 03:33:07.159 10668 10668 W System.err: 	at android.app.ActivityThread.main(ActivityThread.java:5254)
01-06 03:33:07.159 10668 10668 W System.err: 	at java.lang.reflect.Method.invoke(Native Method)
01-06 03:33:07.159 10668 10668 W System.err: 	at java.lang.reflect.Method.invoke(Method.java:372)
01-06 03:33:07.159 10668 10668 W System.err: 	at com.android.internal.os.ZygoteInit$MethodAndArgsCaller.run(ZygoteInit.java:903)
01-06 03:33:07.159 10668 10668 W System.err: 	at com.android.internal.os.ZygoteInit.main(ZygoteInit.java:698)
01-06 03:33:07.210  2149  2169 I ActivityManager: Start proc 11047:com.halfbrick.fruitninja:egameCore/u0a118 for service com.halfbrick.fruitninja/cn.egame.terminal.sdk.EgameCoreService
01-06 03:33:07.217  2149  8057 W ActivityManager: getRunningAppProcesses: caller 10117 does not hold REAL_GET_TASKS; limiting output
01-06 03:33:07.225 11047 11047 I ActivityThread: Switching default density from 160 to 240
01-06 03:33:07.232 11047 11047 D SkynetApi: onApplicationCreate
01-06 03:33:07.232 11047 11047 W System.err: java.lang.ClassNotFoundException: com.skynet.android.uc.UC
01-06 03:33:07.232 11047 11047 W System.err: 	at java.lang.Class.classForName(Native Method)
01-06 03:33:07.232 11047 11047 W System.err: 	at java.lang.Class.forName(Class.java:309)
01-06 03:33:07.232 11047 11047 W System.err: 	at java.lang.Class.forName(Class.java:273)
01-06 03:33:07.232 11047 11047 W System.err: 	at com.skynet.android.Skynet.invoke(SourceFile:4060)
01-06 03:33:07.232 11047 11047 W System.err: 	at com.skynet.android.Skynet.onApplicationCreate(SourceFile:3542)
01-06 03:33:07.232 11047 11047 W System.err: 	at com.halfbrick.mortar.MortarApplication.onCreate(MortarApplication.java:29)
01-06 03:33:07.232 11047 11047 W System.err: 	at android.app.Instrumentation.callApplicationOnCreate(Instrumentation.java:1012)
01-06 03:33:07.232 11047 11047 W System.err: 	at android.app.ActivityThread.handleBindApplication(ActivityThread.java:4553)
01-06 03:33:07.232 11047 11047 W System.err: 	at android.app.ActivityThread.access$1500(ActivityThread.java:151)
01-06 03:33:07.232 11047 11047 W System.err: 	at android.app.ActivityThread$H.handleMessage(ActivityThread.java:1364)
01-06 03:33:07.233 11047 11047 W System.err: 	at android.os.Handler.dispatchMessage(Handler.java:102)
01-06 03:33:07.233 11047 11047 W System.err: 	at android.os.Looper.loop(Looper.java:135)
01-06 03:33:07.233 11047 11047 W System.err: 	at android.app.ActivityThread.main(ActivityThread.java:5254)
01-06 03:33:07.233 11047 11047 W System.err: 	at java.lang.reflect.Method.invoke(Native Method)
01-06 03:33:07.233 11047 11047 W System.err: 	at java.lang.reflect.Method.invoke(Method.java:372)
01-06 03:33:07.233 11047 11047 W System.err: 	at com.android.internal.os.ZygoteInit$MethodAndArgsCaller.run(ZygoteInit.java:903)
01-06 03:33:07.233 11047 11047 W System.err: 	at com.android.internal.os.ZygoteInit.main(ZygoteInit.java:698)
01-06 03:33:07.233 11047 11047 W System.err: Caused by: java.lang.ClassNotFoundException: Didn't find class "com.skynet.android.uc.UC" on path: DexPathList[[zip file "/data/app/com.halfbrick.fruitninja-1/base.apk"],nativeLibraryDirectories=[/data/app/com.halfbrick.fruitninja-1/lib/x86, /vendor/lib, /system/lib]]
01-06 03:33:07.233 11047 11047 W System.err: 	at dalvik.system.BaseDexClassLoader.findClass(BaseDexClassLoader.java:56)
01-06 03:33:07.233 11047 11047 W System.err: 	at java.lang.ClassLoader.loadClass(ClassLoader.java:511)
01-06 03:33:07.233 11047 11047 W System.err: 	at java.lang.ClassLoader.loadClass(ClassLoader.java:469)
01-06 03:33:07.233 11047 11047 W System.err: 	... 17 more
01-06 03:33:07.233 11047 11047 W System.err: 	Suppressed: java.lang.ClassNotFoundException: com.skynet.android.uc.UC
01-06 03:33:07.233 11047 11047 W System.err: 		at java.lang.Class.classForName(Native Method)
01-06 03:33:07.233 11047 11047 W System.err: 		at java.lang.BootClassLoader.findClass(ClassLoader.java:781)
01-06 03:33:07.233 11047 11047 W System.err: 		at java.lang.BootClassLoader.loadClass(ClassLoader.java:841)
01-06 03:33:07.233 11047 11047 W System.err: 		at java.lang.ClassLoader.loadClass(ClassLoader.java:504)
01-06 03:33:07.233 11047 11047 W System.err: 		... 18 more
01-06 03:33:07.233 11047 11047 W System.err: 	Caused by: java.lang.NoClassDefFoundError: Class not found using the boot class loader; no stack available
01-06 03:33:07.234 11047 11047 W System.err: java.lang.ClassNotFoundException: com.gionee.game.offlinesdk.GamePlatform
01-06 03:33:07.234 11047 11047 W System.err: 	at java.lang.Class.classForName(Native Method)
01-06 03:33:07.234 11047 11047 W System.err: 	at java.lang.Class.forName(Class.java:309)
01-06 03:33:07.234 11047 11047 W System.err: 	at com.skynet.android.amigo.Amigo.isEnable(SourceFile:27)
01-06 03:33:07.234 11047 11047 W System.err: 	at com.skynet.android.amigo.Amigo.onApplicationCreate(SourceFile:17)
01-06 03:33:07.234 11047 11047 W System.err: 	at java.lang.reflect.Method.invoke(Native Method)
01-06 03:33:07.234 11047 11047 W System.err: 	at java.lang.reflect.Method.invoke(Method.java:372)
01-06 03:33:07.234 11047 11047 W System.err: 	at com.skynet.android.Skynet.invoke(SourceFile:4068)
01-06 03:33:07.234 11047 11047 W System.err: 	at com.skynet.android.Skynet.onApplicationCreate(SourceFile:3544)
01-06 03:33:07.234 11047 11047 W System.err: 	at com.halfbrick.mortar.MortarApplication.onCreate(MortarApplication.java:29)
01-06 03:33:07.234 11047 11047 W System.err: 	at android.app.Instrumentation.callApplicationOnCreate(Instrumentation.java:1012)
01-06 03:33:07.234 11047 11047 W System.err: 	at android.app.ActivityThread.handleBindApplication(ActivityThread.java:4553)
01-06 03:33:07.234 11047 11047 W System.err: 	at android.app.ActivityThread.access$1500(ActivityThread.java:151)
01-06 03:33:07.234 11047 11047 W System.err: 	at android.app.ActivityThread$H.handleMessage(ActivityThread.java:1364)
01-06 03:33:07.234 11047 11047 W System.err: 	at android.os.Handler.dispatchMessage(Handler.java:102)
01-06 03:33:07.234 11047 11047 W System.err: 	at android.os.Looper.loop(Looper.java:135)
01-06 03:33:07.234 11047 11047 W System.err: 	at android.app.ActivityThread.main(ActivityThread.java:5254)
01-06 03:33:07.234 11047 11047 W System.err: 	at java.lang.reflect.Method.invoke(Native Method)
01-06 03:33:07.234 11047 11047 W System.err: 	at java.lang.reflect.Method.invoke(Method.java:372)
01-06 03:33:07.234 11047 11047 W System.err: 	at com.android.internal.os.ZygoteInit$MethodAndArgsCaller.run(ZygoteInit.java:903)
01-06 03:33:07.234 11047 11047 W System.err: 	at com.android.internal.os.ZygoteInit.main(ZygoteInit.java:698)
01-06 03:33:07.234 11047 11047 W System.err: Caused by: java.lang.ClassNotFoundException: Didn't find class "com.gionee.game.offlinesdk.GamePlatform" on path: DexPathList[[zip file "/data/app/com.halfbrick.fruitninja-1/base.apk"],nativeLibraryDirectories=[/data/app/com.halfbrick.fruitninja-1/lib/x86, /vendor/lib, /system/lib]]
01-06 03:33:07.235 11047 11047 W System.err: 	at dalvik.system.BaseDexClassLoader.findClass(BaseDexClassLoader.java:56)
01-06 03:33:07.235 11047 11047 W System.err: 	at java.lang.ClassLoader.loadClass(ClassLoader.java:511)
01-06 03:33:07.235 11047 11047 W System.err: 	at java.lang.ClassLoader.loadClass(ClassLoader.java:469)
01-06 03:33:07.235 11047 11047 W System.err: 	... 20 more
01-06 03:33:07.235 11047 11047 W System.err: 	Suppressed: java.lang.ClassNotFoundException: com.gionee.game.offlinesdk.GamePlatform
01-06 03:33:07.235 11047 11047 W System.err: 		at java.lang.Class.classForName(Native Method)
01-06 03:33:07.235 11047 11047 W System.err: 		at java.lang.BootClassLoader.findClass(ClassLoader.java:781)
01-06 03:33:07.235 11047 11047 W System.err: 		at java.lang.BootClassLoader.loadClass(ClassLoader.java:841)
01-06 03:33:07.235 11047 11047 W System.err: 		at java.lang.ClassLoader.loadClass(ClassLoader.java:504)
01-06 03:33:07.235 11047 11047 W System.err: 		... 21 more
01-06 03:33:07.235 11047 11047 W System.err: 	Caused by: java.lang.NoClassDefFoundError: Class not found using the boot class loader; no stack available
01-06 03:33:07.235  2149  8057 W ActivityManager: getRunningAppProcesses: caller 10118 does not hold REAL_GET_TASKS; limiting output
01-06 03:33:07.236 11047 11047 D AndroidRuntime: Shutting down VM
01-06 03:33:07.237 11047 11047 E AndroidRuntime: FATAL EXCEPTION: main
01-06 03:33:07.237 11047 11047 E AndroidRuntime: Process: com.halfbrick.fruitninja:egameCore, PID: 11047
01-06 03:33:07.237 11047 11047 E AndroidRuntime: java.lang.UnsatisfiedLinkError: dalvik.system.PathClassLoader[DexPathList[[zip file "/data/app/com.halfbrick.fruitninja-1/base.apk"],nativeLibraryDirectories=[/data/app/com.halfbrick.fruitninja-1/lib/x86, /vendor/lib, /system/lib]]] couldn't find "libegamepay_dr2.so"
01-06 03:33:07.237 11047 11047 E AndroidRuntime: 	at java.lang.Runtime.loadLibrary(Runtime.java:366)
01-06 03:33:07.237 11047 11047 E AndroidRuntime: 	at java.lang.System.loadLibrary(System.java:988)
01-06 03:33:07.237 11047 11047 E AndroidRuntime: 	at cn.egame.terminal.sdk.jni.EgamePayProtocol.<clinit>(EgamePayProtocol.java:25)
01-06 03:33:07.237 11047 11047 E AndroidRuntime: 	at cn.egame.terminal.sdk.jni.EgamePayProtocol.initCore(Native Method)
01-06 03:33:07.237 11047 11047 E AndroidRuntime: 	at cn.egame.terminal.sdk.EgameCoreService.onCreate(EgameCoreService.java:74)
01-06 03:33:07.237 11047 11047 E AndroidRuntime: 	at android.app.ActivityThread.handleCreateService(ActivityThread.java:2761)
01-06 03:33:07.237 11047 11047 E AndroidRuntime: 	at android.app.ActivityThread.access$1800(ActivityThread.java:151)
01-06 03:33:07.237 11047 11047 E AndroidRuntime: 	at android.app.ActivityThread$H.handleMessage(ActivityThread.java:1386)
01-06 03:33:07.237 11047 11047 E AndroidRuntime: 	at android.os.Handler.dispatchMessage(Handler.java:102)
01-06 03:33:07.237 11047 11047 E AndroidRuntime: 	at android.os.Looper.loop(Looper.java:135)
01-06 03:33:07.237 11047 11047 E AndroidRuntime: 	at android.app.ActivityThread.main(ActivityThread.java:5254)
01-06 03:33:07.237 11047 11047 E AndroidRuntime: 	at java.lang.reflect.Method.invoke(Native Method)
01-06 03:33:07.237 11047 11047 E AndroidRuntime: 	at java.lang.reflect.Method.invoke(Method.java:372)
01-06 03:33:07.237 11047 11047 E AndroidRuntime: 	at com.android.internal.os.ZygoteInit$MethodAndArgsCaller.run(ZygoteInit.java:903)
01-06 03:33:07.237 11047 11047 E AndroidRuntime: 	at com.android.internal.os.ZygoteInit.main(ZygoteInit.java:698)
01-06 03:33:07.750 11070 11070 W linker  : [vdso]: unused DT entry: type 0x6ffffef5 arg 0x160
01-06 03:33:07.885  2149  9351 W ActivityManager: getRunningAppProcesses: caller 10114 does not hold REAL_GET_TASKS; limiting output
01-06 03:33:08.137  2149  8057 W ActivityManager: getTasks: caller 10115 does not hold REAL_GET_TASKS; limiting output
01-06 03:33:09.093  8360  8399 D ++++++++: IsGetNotificationTimeOut = 3857093 dis = 28800000
01-06 03:33:09.140  2149  2170 W ActivityManager: getTasks: caller 10115 does not hold REAL_GET_TASKS; limiting output
01-06 03:33:10.143  2149  2295 W ActivityManager: getTasks: caller 10115 does not hold REAL_GET_TASKS; limiting output
01-06 03:33:11.145  2149  9351 W ActivityManager: getTasks: caller 10115 does not hold REAL_GET_TASKS; limiting output
01-06 03:33:12.147  2149  8057 W ActivityManager: getTasks: caller 10115 does not hold REAL_GET_TASKS; limiting output
01-06 03:33:12.760 11073 11073 W linker  : [vdso]: unused DT entry: type 0x6ffffef5 arg 0x160
01-06 03:33:13.149  2149  3044 W ActivityManager: getTasks: caller 10115 does not hold REAL_GET_TASKS; limiting output
01-06 03:33:14.152  2149  3128 W ActivityManager: getTasks: caller 10115 does not hold REAL_GET_TASKS; limiting output
01-06 03:33:14.940  2149  2209 W AudioTrack: AUDIO_OUTPUT_FLAG_FAST denied by client
01-06 03:33:14.949 11047 11047 I Process : Sending signal. PID: 11047 SIG: 9
01-06 03:33:14.952  1876  2146 D audio_hw_primary: found out /dev/snd/pcmC0D0p
01-06 03:33:14.961  2149  2169 I ActivityManager: Process com.halfbrick.fruitninja:egameCore (pid 11047) has died
01-06 03:33:14.961  2149  2169 W ActivityManager: Scheduling restart of crashed service com.halfbrick.fruitninja/cn.egame.terminal.sdk.EgameCoreService in 15478ms
01-06 03:33:14.967  2149  3972 D OpenGLRenderer: endAllStagingAnimators on 0x7f313a255400 (RippleDrawable) with handle 0x7f313d0b1100
01-06 03:33:15.154  2149  2377 W ActivityManager: getTasks: caller 10115 does not hold REAL_GET_TASKS; limiting output
01-06 03:33:15.660  2149  2209 W AudioTrack: AUDIO_OUTPUT_FLAG_FAST denied by client
01-06 03:33:15.683  2149  3972 D OpenGLRenderer: endAllStagingAnimators on 0x7f3138ade000 (RippleDrawable) with handle 0x7f3138e8c700
01-06 03:33:15.689  2149  8057 W InputMethodManagerService: Window already focused, ignoring focus gain of: com.android.internal.view.IInputMethodClient$Stub$Proxy@2c3031f2 attribute=null, token = android.os.BinderProxy@3a0d055a
01-06 03:33:16.157  2149  3044 W ActivityManager: getTasks: caller 10115 does not hold REAL_GET_TASKS; limiting output
01-06 03:33:17.160  2149  8057 W ActivityManager: getTasks: caller 10115 does not hold REAL_GET_TASKS; limiting output
01-06 03:33:17.468  2149  3128 I ActivityManager: START u0 {act=android.intent.action.MAIN cat=[android.intent.category.LAUNCHER] flg=0x10000000 pkg=com.tencent.mobileqq cmp=com.tencent.mobileqq/.activity.SplashActivity} from uid 10045 on display 0
01-06 03:33:17.468  2149  2209 W AudioTrack: AUDIO_OUTPUT_FLAG_FAST denied by client
01-06 03:33:17.471  2149  3128 V WindowManager: addAppToken: AppWindowToken{2cef2ff9 token=Token{30d026c0 ActivityRecord{12e93043 u0 com.tencent.mobileqq/.activity.SplashActivity t1087}}} to stack=1 task=1087 at 0
01-06 03:33:17.523  2149  8057 I ActivityManager: Start proc 11077:com.tencent.mobileqq/u0a120 for activity com.tencent.mobileqq/.activity.SplashActivity
01-06 03:33:17.524 11077 11077 D houdini : [11077] Initialize library(version: 5.2.2_y.47738 RELEASE)... successfully.
01-06 03:33:17.533  1880  1880 I art     : Explicit concurrent mark sweep GC freed 709(30KB) AllocSpace objects, 0(0B) LOS objects, 40% free, 1904KB/3MB, paused 132us total 9.703ms
01-06 03:33:17.542  1880  1880 I art     : Explicit concurrent mark sweep GC freed 5(160B) AllocSpace objects, 0(0B) LOS objects, 40% free, 1904KB/3MB, paused 133us total 9.119ms
01-06 03:33:17.552  1880  1880 I art     : Explicit concurrent mark sweep GC freed 5(160B) AllocSpace objects, 0(0B) LOS objects, 40% free, 1904KB/3MB, paused 90us total 8.924ms
01-06 03:33:17.597  2149  2149 V ActivityManager: Display changed displayId=0
01-06 03:33:17.600  2149  2377 I ActivityManager: Config changes=480 {1.0 ?mcc?mnc en_US ?layoutDir sw720dp w720dp h1206dp 240dpi lrg long port -touch qwerty/v/v -nav/h s.12}
01-06 03:33:17.602  2149  2191 I InputReader: Reconfiguring input devices.  changes=0x00000004
01-06 03:33:17.627 11077 11077 I ActivityThread: Switching default density from 160 to 240
01-06 03:33:17.634  3754  3777 D OpenGLRenderer: endAllStagingAnimators on 0x7f31483dc400 (RippleDrawable) with handle 0x7f31480befc0
01-06 03:33:17.641  2149  2295 W ActivityManager: getRunningAppProcesses: caller 10120 does not hold REAL_GET_TASKS; limiting output
01-06 03:33:17.643 11077 11077 D BaseApplicationImpl: [E]com.tencent.mobileqq, inject NotVerifyDex Success, cost:1
01-06 03:33:17.643 11077 11077 D BaseApplicationImpl: [E]injectPatchDex false
01-06 03:33:17.644  2149  8057 W ActivityManager: getRunningAppProcesses: caller 10120 does not hold REAL_GET_TASKS; limiting output
01-06 03:33:17.645  2149  2377 W ActivityManager: getRunningAppProcesses: caller 10120 does not hold REAL_GET_TASKS; limiting output
01-06 03:33:17.647 11077 11077 D MSF.D.MonitorSocket: [E]monitor_config not found, disable monitor socket
01-06 03:33:17.655 11077 11077 I AutoMonitor: [E]onActivityCreate when 1, com.tencent.mobileqq.activity.SplashActivity@39cca1fd
01-06 03:33:17.656  2149  4763 I ActivityManager: START u0 {flg=0x24000000 cmp=com.tencent.mobileqq/.activity.InstallActivity (has extras)} from uid 10120 on display 0
01-06 03:33:17.656  2149  4763 V WindowManager: addAppToken: AppWindowToken{33b1e531 token=Token{1d740dd8 ActivityRecord{350e64bb u0 com.tencent.mobileqq/.activity.InstallActivity t1087}}} to stack=1 task=1087 at 1
01-06 03:33:17.658 11077 11077 I art     : System.exit called, status: -1
01-06 03:33:17.658 11077 11077 I AndroidRuntime: VM exiting with result code -1, cleanup skipped.
01-06 03:33:17.670  1880  1880 I Zygote  : Process 11077 exited cleanly (255)
01-06 03:33:17.670  2149  3042 I ActivityManager: Process com.tencent.mobileqq (pid 11077) has died
01-06 03:33:17.679  2149  2180 I WindowManager: Screen frozen for +140ms due to Window{3d573ce5 u0 NavigationBar}
01-06 03:33:17.689  2149  3042 I ActivityManager: Start proc 11104:com.tencent.mobileqq/u0a120 for activity com.tencent.mobileqq/.activity.InstallActivity
01-06 03:33:17.689 11104 11104 D houdini : [11104] Initialize library(version: 5.2.2_y.47738 RELEASE)... successfully.
01-06 03:33:17.733  2149  2190 I InputDispatcher: Dropping event because there is no touchable window at (162, 1182).
01-06 03:33:17.734  2149  2190 I InputDispatcher: Dropping event because there is no touchable window at (161, 1182).
01-06 03:33:17.734  2149  2190 I InputDispatcher: Dropping event because there is no touchable window at (160, 1182).
01-06 03:33:17.734  2149  2190 I InputDispatcher: Dropping event because there is no touchable window at (159, 1182).
01-06 03:33:17.739  2149  2190 I InputDispatcher: Dropping event because there is no touchable window at (158, 1182).
01-06 03:33:17.739 11104 11104 I ActivityThread: Switching default density from 160 to 240
01-06 03:33:17.743 11126 11126 W linker  : [vdso]: unused DT entry: type 0x6ffffef5 arg 0x160
01-06 03:33:17.747 11127 11127 W linker  : [vdso]: unused DT entry: type 0x6ffffef5 arg 0x160
01-06 03:33:17.752 11128 11128 W linker  : [vdso]: unused DT entry: type 0x6ffffef5 arg 0x160
01-06 03:33:17.753  2149  3128 W ActivityManager: getRunningAppProcesses: caller 10120 does not hold REAL_GET_TASKS; limiting output
01-06 03:33:17.755 11104 11104 D BaseApplicationImpl: [E]com.tencent.mobileqq, inject NotVerifyDex Success, cost:1
01-06 03:33:17.755  2149  2190 I InputDispatcher: Dropping event because there is no touchable window at (157, 1182).
01-06 03:33:17.756 11129 11129 W linker  : [vdso]: unused DT entry: type 0x6ffffef5 arg 0x160
01-06 03:33:17.757 11104 11104 D BaseApplicationImpl: [E]injectPatchDex false
01-06 03:33:17.758  2149  9351 W ActivityManager: getRunningAppProcesses: caller 10120 does not hold REAL_GET_TASKS; limiting output
01-06 03:33:17.760  2149  3044 W ActivityManager: getRunningAppProcesses: caller 10120 does not hold REAL_GET_TASKS; limiting output
01-06 03:33:17.763 11104 11104 D MSF.D.MonitorSocket: [E]monitor_config not found, disable monitor socket
01-06 03:33:17.771  2149  2190 I InputDispatcher: Dropping event because there is no touchable window at (156, 1182).
01-06 03:33:17.772 11133 11133 W linker  : [vdso]: unused DT entry: type 0x6ffffef5 arg 0x160
01-06 03:33:17.773 11104 11104 I AutoMonitor: [E]onActivityCreate when 1, com.tencent.mobileqq.activity.InstallActivity@39cca1fd
01-06 03:33:17.776  9508  9564 W PackageParser: Unknown element under <service>: action at /storage/usb0/CTS/test-APK/subwayrun.apk Binary XML file line #84
01-06 03:33:17.779  2149  2295 V WindowManager: Adding window Window{1183eb1c u0 com.tencent.mobileqq/com.tencent.mobileqq.activity.InstallActivity} at 6 of 11 (after Window{2cc8e38b u0 com.android.packageinstaller/com.android.packageinstaller.InstallAppProgress})
01-06 03:33:17.779  2149  2190 I InputDispatcher: Dropping event because there is no touchable window at (155, 1182).
01-06 03:33:17.783  9508  9564 W PackageParser: Unknown element under <service>: action at /storage/usb0/CTS/test-APK/subwayrun.apk Binary XML file line #84
01-06 03:33:17.795  2149  2190 I InputDispatcher: Dropping event because there is no touchable window at (154, 1182).
01-06 03:33:17.800  2267  2267 V PhoneStatusBar: setLightsOn(true)
01-06 03:33:17.803  2149  2190 I InputDispatcher: Dropping event because there is no touchable window at (153, 1182).
01-06 03:33:17.811  2149  2190 I InputDispatcher: Dropping event because there is no touchable window at (152, 1183).
01-06 03:33:17.829 11104 11104 I GRALLOC-DRM: create intel for driver i915
01-06 03:33:17.842  9508  9564 W PackageParser: Unknown element under <service>: action at /storage/usb0/CTS/test-APK/subwayrun.apk Binary XML file line #84
01-06 03:33:17.844  3754  3754 W IInputConnectionWrapper: showStatusIcon on inactive InputConnection
01-06 03:33:17.863  9508  9564 W PackageParser: Unknown element under <application>: uses-sdk at /storage/usb0/CTS/test-APK/wandoujia-wandoujia_web.apk Binary XML file line #1784
01-06 03:33:17.866 11104 11104 E AutoMonitor: [E]init
01-06 03:33:17.867 11104 11132 E DexLoadOat: [E]Success
01-06 03:33:17.869 11137 11137 W linker  : [vdso]: unused DT entry: type 0x6ffffef5 arg 0x160
01-06 03:33:17.870  2267  2267 V PhoneStatusBar: setLightsOn(true)
01-06 03:33:17.870  2149  2180 I ActivityManager: Displayed com.tencent.mobileqq/.activity.InstallActivity: +198ms (total +10s770ms)
01-06 03:33:17.871 11139 11139 W linker  : [vdso]: unused DT entry: type 0x6ffffef5 arg 0x160
01-06 03:33:17.872 11140 11140 W linker  : [vdso]: unused DT entry: type 0x6ffffef5 arg 0x160
01-06 03:33:17.874 11104 11132 D houdini : [11132] Added shared library /data/data/com.tencent.mobileqq/txlib/libDecodeSo.so for ClassLoader by Native Bridge.
01-06 03:33:17.887  9508  9564 W PackageParser: No actions in intent filter at /storage/usb0/CTS/test-APK/WPSOffice_140.apk Binary XML file line #895
01-06 03:33:17.898 11146 11146 W linker  : [vdso]: unused DT entry: type 0x6ffffef5 arg 0x160
01-06 03:33:17.900 11147 11147 W linker  : [vdso]: unused DT entry: type 0x6ffffef5 arg 0x160
01-06 03:33:17.901 11148 11148 W linker  : [vdso]: unused DT entry: type 0x6ffffef5 arg 0x160
01-06 03:33:17.914  9508  9564 W PackageParser: Unknown element under <application>: uses-sdk at /storage/usb0/CTS/test-APK/wandoujia-wandoujia_web.apk Binary XML file line #1784
01-06 03:33:17.922 11150 11150 D houdini : [11150] Initialize library(version: 5.2.2_y.47738 RELEASE)... successfully.
01-06 03:33:17.922  2149  4763 I ActivityManager: Start proc 11150:com.tencent.mobileqq:MSF/u0a120 for service com.tencent.mobileqq/.msf.service.MsfService
01-06 03:33:17.922 11104 11132 D MSF.D.Proxy: [E]start service finish
01-06 03:33:17.923 11104 11132 D MSF.D.Proxy: [E]threadID:652, threadName: QQ_SUB bind com.tencent.mobileqq.msf.service.MsfService service finished true
01-06 03:33:17.926 11150 11150 I ActivityThread: Switching default density from 160 to 240
01-06 03:33:17.928  9508  9564 W PackageParser: No actions in intent filter at /storage/usb0/CTS/test-APK/WPSOffice_140.apk Binary XML file line #895
01-06 03:33:17.930  2149  2170 W ActivityManager: getRunningAppProcesses: caller 10120 does not hold REAL_GET_TASKS; limiting output
01-06 03:33:17.931 11150 11150 D BaseApplicationImpl: [E]com.tencent.mobileqq:MSF, inject NotVerifyDex Success, cost:0
01-06 03:33:17.931 11150 11150 D BaseApplicationImpl: [E]injectPatchDex false
01-06 03:33:17.931  2149  3128 W ActivityManager: getRunningAppProcesses: caller 10120 does not hold REAL_GET_TASKS; limiting output
01-06 03:33:17.931  2149  2377 W ActivityManager: getRunningAppProcesses: caller 10120 does not hold REAL_GET_TASKS; limiting output
01-06 03:33:17.932 11150 11150 D MSF.D.MonitorSocket: [E]monitor_config not found, disable monitor socket
01-06 03:33:17.933  2149  3044 W ActivityManager: getRunningAppProcesses: caller 10120 does not hold REAL_GET_TASKS; limiting output
01-06 03:33:17.934 11150 11176 D appMemory: QLog init retry 
01-06 03:33:17.934 11150 11150 D MSF.S.MsfService: [E]serivce onCreate
01-06 03:33:17.934 11150 11150 D MSF.C.MsfCore: [E]MsfCore init begin.
01-06 03:33:17.944 11150 11150 D MSF.C.Util: [E]save imei:013516348982569,with order:4
01-06 03:33:17.952 11104 11132 D MSF.D.RemoteServiceProxy: [E]wait start com.tencent.mobileqq.msf.service.MsfService service result, skiped...
01-06 03:33:17.952 11104 11132 D MSF.D.RemoteServiceProxy: [E]sdk version:22
01-06 03:33:17.953 11104 11132 D MSF.D.RemoteServiceProxy: [E]start MsfService through Broadcast
01-06 03:33:17.953 11104 11132 D MSF.D.Proxy: [E]threadID:652, threadName: QQ_SUB bind com.tencent.mobileqq.msf.service.MsfService service finished true
01-06 03:33:17.953 11104 11132 D MSF.D.RemoteServiceProxy: [E]delay binding MSF Service
01-06 03:33:17.958 11150 11150 D houdini : [11150] Added shared library /data/data/com.tencent.mobileqq/txlib/libmsfbootV2.so for ClassLoader by Native Bridge.
01-06 03:33:17.965 11150 11150 D houdini : [11150] Added shared library /data/app/com.tencent.mobileqq-1/lib/arm/libNativeRQD.so for ClassLoader by Native Bridge.
01-06 03:33:17.965 11150 11150 E art     : No implementation found for java.lang.String com.tencent.feedback.eup.jni.NativeExceptionUpload.registNativeExceptionHandler2(java.lang.String, java.lang.String, int, int) (tried Java_com_tencent_feedback_eup_jni_NativeExceptionUpload_registNativeExceptionHandler2 and Java_com_tencent_feedback_eup_jni_NativeExceptionUpload_registNativeExceptionHandler2__Ljava_lang_String_2Ljava_lang_String_2II)
01-06 03:33:17.966 11150 11150 I native_eup: Java_com_tencent_feedback_eup_jni_NativeExceptionUpload_registNativeExceptionHandler start
01-06 03:33:17.966 11150 11150 I native_eup: found native exception upload!
01-06 03:33:17.966 11150 11150 I native_eup: found native exception handler!
01-06 03:33:17.966 11150 11150 I native_eup: regist handler start procType 1 , level 22 , tombDir:/data/data/com.tencent.mobileqq/app_tombs
01-06 03:33:17.966 11150 11150 I native_eup: registSignal start
01-06 03:33:17.966 11150 11150 I native_eup: registSignal end
01-06 03:33:17.966 11150 11150 I native_eup: regist handler end
01-06 03:33:17.966 11150 11150 I native_eup: Java_com_tencent_feedback_eup_jni_NativeExceptionUpload_registNativeExceptionHandler end
01-06 03:33:17.966 11150 11150 I native_eup: NativeRQDVersion:NRQD_1.7.4.1
