12-14 06:24:26.860  2507  2652 D MediaProvider: object removed 4214
12-14 06:24:26.861  2507  2652 D MediaProvider: object removed 4215
12-14 06:24:26.861  2507  2652 D MediaProvider: object removed 4216
12-14 06:24:26.861  2507  2652 D MediaProvider: object removed 4217
12-14 06:24:26.861  2507  2652 D MediaProvider: object removed 4218
12-14 06:24:26.861  2507  2652 D MediaProvider: object removed 4219
12-14 06:24:26.861  2507  2652 D MediaProvider: object removed 4220
12-14 06:24:26.861  2507  2652 D MediaProvider: object removed 4221
12-14 06:24:26.861  2507  2652 D MediaProvider: object removed 4222
12-14 06:24:26.861  2507  2652 D MediaProvider: object removed 4223
12-14 06:24:26.861  2507  2652 D MediaProvider: object removed 4224
12-14 06:24:26.861  2507  2652 D MediaProvider: object removed 4225
12-14 06:24:26.861  2507  2652 D MediaProvider: object removed 4226
12-14 06:24:26.861  2507  2652 D MediaProvider: object removed 4227
12-14 06:24:26.861  2507  2652 D MediaProvider: object removed 4228
12-14 06:24:26.861  2507  2652 D MediaProvider: object removed 4229
12-14 06:24:26.861  2507  2652 D MediaProvider: object removed 4230
12-14 06:24:26.861  2507  2652 D MediaProvider: object removed 4231
12-14 06:24:26.861  2507  2652 D MediaProvider: object removed 4232
12-14 06:24:26.862  2507  2652 D MediaProvider: object removed 4233
12-14 06:24:26.862  2507  2652 D MediaProvider: object removed 4234
12-14 06:24:26.862  2507  2652 D MediaProvider: object removed 4235
12-14 06:24:26.862  2507  2652 D MediaProvider: object removed 4236
12-14 06:24:26.862  2507  2652 D MediaProvider: object removed 4237
12-14 06:24:26.862  2507  2652 D MediaProvider: object removed 4238
12-14 06:24:26.862  2507  2652 D MediaProvider: object removed 4239
12-14 06:24:26.862  2507  2652 D MediaProvider: object removed 4240
12-14 06:24:26.862  2507  2652 D MediaProvider: object removed 4241
12-14 06:24:26.862  2507  2652 D MediaProvider: object removed 4242
12-14 06:24:26.862  2507  2652 D MediaProvider: object removed 4243
12-14 06:24:26.862  2507  2652 D MediaProvider: object removed 4244
12-14 06:24:26.862  2507  2652 D MediaProvider: object removed 4245
12-14 06:24:26.862  2507  2652 D MediaProvider: object removed 4246
12-14 06:24:26.862  2507  2652 D MediaProvider: object removed 4247
12-14 06:24:26.863  2507  2652 D MediaProvider: object removed 4248
12-14 06:24:26.863  2507  2652 D MediaProvider: object removed 4249
12-14 06:24:26.863  2507  2652 D MediaProvider: object removed 4250
12-14 06:24:26.863  2507  2652 D MediaProvider: object removed 4251
12-14 06:24:26.863  2507  2652 D MediaProvider: object removed 4252
12-14 06:24:26.863  2507  2652 D MediaProvider: object removed 4253
12-14 06:24:26.863  2507  2652 D MediaProvider: object removed 4254
12-14 06:24:26.863  2507  2652 D MediaProvider: object removed 4255
12-14 06:24:26.863  2507  2652 D MediaProvider: object removed 4256
12-14 06:24:26.863  2507  2652 D MediaProvider: object removed 4257
12-14 06:24:26.863  2507  2652 D MediaProvider: object removed 4258
12-14 06:24:26.863  2507  2652 D MediaProvider: object removed 4259
12-14 06:24:26.863  2507  2652 D MediaProvider: object removed 4260
12-14 06:24:26.863  2507  2652 D MediaProvider: object removed 4261
12-14 06:24:26.863  2507  2652 D MediaProvider: object removed 4262
12-14 06:24:26.863  2507  2652 D MediaProvider: object removed 4263
12-14 06:24:26.863  2507  2652 D MediaProvider: object removed 4264
12-14 06:24:26.863  2507  2652 D MediaProvider: object removed 4265
12-14 06:24:26.863  2507  2652 D MediaProvider: object removed 4266
12-14 06:24:26.863  2507  2652 D MediaProvider: object removed 4267
12-14 06:24:26.863  2507  2652 D MediaProvider: object removed 4268
12-14 06:24:26.863  2507  2652 D MediaProvider: object removed 4269
12-14 06:24:26.863  2507  2652 D MediaProvider: object removed 4270
12-14 06:24:26.863  2507  2652 D MediaProvider: object removed 4271
12-14 06:24:26.863  2507  2652 D MediaProvider: object removed 4272
12-14 06:24:26.863  2507  2652 D MediaProvider: object removed 4273
12-14 06:24:26.863  2507  2652 D MediaProvider: object removed 4274
12-14 06:24:26.863  2507  2652 D MediaProvider: object removed 4275
12-14 06:24:26.863  2507  2652 D MediaProvider: object removed 4276
12-14 06:24:26.863  2507  2652 D MediaProvider: object removed 4277
12-14 06:24:26.863  2507  2652 D MediaProvider: object removed 4278
12-14 06:24:26.863  2507  2652 D MediaProvider: object removed 4279
12-14 06:24:26.863  2507  2652 D MediaProvider: object removed 4280
12-14 06:24:26.863  2507  2652 D MediaProvider: object removed 4281
12-14 06:24:26.863  2507  2652 D MediaProvider: object removed 4282
12-14 06:24:26.863  2507  2652 D MediaProvider: object removed 4283
12-14 06:24:26.863  2507  2652 D MediaProvider: object removed 4284
12-14 06:24:26.864  2507  2652 D MediaProvider: object removed 4285
12-14 06:24:26.864  2507  2652 D MediaProvider: object removed 4286
12-14 06:24:26.864  2507  2652 D MediaProvider: object removed 4287
12-14 06:24:26.864  2507  2652 D MediaProvider: object removed 4288
12-14 06:24:26.864  2507  2652 D MediaProvider: object removed 4289
12-14 06:24:26.864  2507  2652 D MediaProvider: object removed 4290
12-14 06:24:26.864  2507  2652 D MediaProvider: object removed 4291
12-14 06:24:26.864  2507  2652 D MediaProvider: object removed 4292
12-14 06:24:26.864  2507  2652 D MediaProvider: object removed 4293
12-14 06:24:26.864  2507  2652 D MediaProvider: object removed 4294
12-14 06:24:26.864  2507  2652 D MediaProvider: object removed 4295
12-14 06:24:26.864  2507  2652 D MediaProvider: object removed 4296
12-14 06:24:26.864  2507  2652 D MediaProvider: object removed 4297
12-14 06:24:26.864  2507  2652 D MediaProvider: object removed 4298
12-14 06:24:26.864  2507  2652 D MediaProvider: object removed 4299
12-14 06:24:26.864  2059  2469 D CountryDetector: The first listener is added
12-14 06:24:26.871  2723  2723 V Mms     : mnc/mcc: 
12-14 06:24:26.871  2723  2723 V Mms     : tag: bool value: enabledMMS - true
12-14 06:24:26.871  2723  2723 V Mms     : tag: int value: maxMessageSize - 307200
12-14 06:24:26.871  2723  2723 V Mms     : tag: int value: maxImageHeight - 480
12-14 06:24:26.871  2723  2723 V Mms     : tag: int value: maxImageWidth - 640
12-14 06:24:26.871  2723  2723 V Mms     : tag: int value: defaultSMSMessagesPerThread - 10000
12-14 06:24:26.871  2723  2723 V Mms     : tag: int value: defaultMMSMessagesPerThread - 1000
12-14 06:24:26.871  2723  2723 V Mms     : tag: int value: minMessageCountPerThread - 10
12-14 06:24:26.871  2723  2723 V Mms     : tag: int value: maxMessageCountPerThread - 5000
12-14 06:24:26.871  2723  2723 V Mms     : tag: string value: uaProfUrl - http://www.google.com/oha/rdf/ua-profile-kila.xml
12-14 06:24:26.871  2723  2723 V Mms     : tag: int value: recipientLimit - -1
12-14 06:24:26.871  2723  2723 V Mms     : tag: bool value: enableMultipartSMS - true
12-14 06:24:26.871  2723  2723 V Mms     : tag: int value: smsToMmsTextThreshold - -1
12-14 06:24:26.871  2723  2723 V Mms     : tag: bool value: enableSlideDuration - true
12-14 06:24:26.871  2723  2723 V Mms     : tag: int value: maxMessageTextSize - -1
12-14 06:24:26.875  2507  2652 D MediaProvider: object removed 4300
12-14 06:24:26.875  2507  2652 D MediaProvider: object removed 4301
12-14 06:24:26.875  2507  2652 D MediaProvider: object removed 4302
12-14 06:24:26.875  2507  2652 D MediaProvider: object removed 4303
12-14 06:24:26.875  2507  2652 D MediaProvider: object removed 4304
12-14 06:24:26.875  2507  2652 D MediaProvider: object removed 4305
12-14 06:24:26.875  2507  2652 D MediaProvider: object removed 4306
12-14 06:24:26.875  2507  2652 D MediaProvider: object removed 4307
12-14 06:24:26.875  2507  2652 D MediaProvider: object removed 4308
12-14 06:24:26.875  2507  2652 D MediaProvider: object removed 4309
12-14 06:24:26.875  2507  2652 D MediaProvider: object removed 4310
12-14 06:24:26.875  2507  2652 D MediaProvider: object removed 4311
12-14 06:24:26.876  2507  2652 D MediaProvider: object removed 4312
12-14 06:24:26.876  2507  2652 D MediaProvider: object removed 4313
12-14 06:24:26.876  2507  2652 D MediaProvider: object removed 4314
12-14 06:24:26.876  2507  2652 D MediaProvider: object removed 4315
12-14 06:24:26.876  2507  2652 D MediaProvider: object removed 4316
12-14 06:24:26.876  2507  2652 D MediaProvider: object removed 4317
12-14 06:24:26.876  2507  2652 D MediaProvider: object removed 4318
12-14 06:24:26.876  2507  2652 D MediaProvider: object removed 4319
12-14 06:24:26.876  2507  2652 D MediaProvider: object removed 4320
12-14 06:24:26.876  2507  2652 D MediaProvider: object removed 4321
12-14 06:24:26.876  2507  2652 D MediaProvider: object removed 4322
12-14 06:24:26.876  2507  2652 D MediaProvider: object removed 4323
12-14 06:24:26.876  2507  2652 D MediaProvider: object removed 4324
12-14 06:24:26.876  2507  2652 D MediaProvider: object removed 4325
12-14 06:24:26.876  2507  2652 D MediaProvider: object removed 4326
12-14 06:24:26.876  2507  2652 D MediaProvider: object removed 4327
12-14 06:24:26.876  2507  2652 D MediaProvider: object removed 4328
12-14 06:24:26.876  2507  2652 D MediaProvider: object removed 4329
12-14 06:24:26.876  2507  2652 D MediaProvider: object removed 4330
12-14 06:24:26.876  2507  2652 D MediaProvider: object removed 4331
12-14 06:24:26.876  2507  2652 D MediaProvider: object removed 4332
12-14 06:24:26.876  2507  2652 D MediaProvider: object removed 4333
12-14 06:24:26.876  2507  2652 D MediaProvider: object removed 4334
12-14 06:24:26.876  2507  2652 D MediaProvider: object removed 4335
12-14 06:24:26.876  2507  2652 D MediaProvider: object removed 4336
12-14 06:24:26.876  2507  2652 D MediaProvider: object removed 4337
12-14 06:24:26.876  2507  2652 D MediaProvider: object removed 4338
12-14 06:24:26.876  2507  2652 D MediaProvider: object removed 4339
12-14 06:24:26.876  2507  2652 D MediaProvider: object removed 4340
12-14 06:24:26.876  2507  2652 D MediaProvider: object removed 4341
12-14 06:24:26.876  2507  2652 D MediaProvider: object removed 4342
12-14 06:24:26.876  2507  2652 D MediaProvider: object removed 4343
12-14 06:24:26.876  2507  2652 D MediaProvider: object removed 4344
12-14 06:24:26.876  2507  2652 D MediaProvider: object removed 4345
12-14 06:24:26.876  2507  2652 D MediaProvider: object removed 4346
12-14 06:24:26.876  2507  2652 D MediaProvider: object removed 4347
12-14 06:24:26.876  2507  2652 D MediaProvider: object removed 4348
12-14 06:24:26.877  2507  2652 D MediaProvider: object removed 4349
12-14 06:24:26.877  2507  2652 D MediaProvider: object removed 4350
12-14 06:24:26.877  2507  2652 D MediaProvider: object removed 4351
12-14 06:24:26.877  2507  2652 D MediaProvider: object removed 4352
12-14 06:24:26.877  2507  2652 D MediaProvider: object removed 4353
12-14 06:24:26.877  2507  2652 D MediaProvider: object removed 4354
12-14 06:24:26.877  2507  2652 D MediaProvider: object removed 4355
12-14 06:24:26.877  2507  2652 D MediaProvider: object removed 4356
12-14 06:24:26.877  2507  2652 D MediaProvider: object removed 4357
12-14 06:24:26.877  2507  2652 D MediaProvider: object removed 4358
12-14 06:24:26.877  2507  2652 D MediaProvider: object removed 4359
12-14 06:24:26.877  2507  2652 D MediaProvider: object removed 4360
12-14 06:24:26.877  2507  2652 D MediaProvider: object removed 4361
12-14 06:24:26.877  2507  2652 D MediaProvider: object removed 4362
12-14 06:24:26.877  2507  2652 D MediaProvider: object removed 4363
12-14 06:24:26.877  2507  2652 D MediaProvider: object removed 4364
12-14 06:24:26.877  2507  2652 D MediaProvider: object removed 4365
12-14 06:24:26.877  2507  2652 D MediaProvider: object removed 4366
12-14 06:24:26.877  2507  2652 D MediaProvider: object removed 4367
12-14 06:24:26.877  2507  2652 D MediaProvider: object removed 4368
12-14 06:24:26.877  2507  2652 D MediaProvider: object removed 4369
12-14 06:24:26.877  2507  2652 D MediaProvider: object removed 4370
12-14 06:24:26.877  2507  2652 D MediaProvider: object removed 4371
12-14 06:24:26.877  2507  2652 D MediaProvider: object removed 4372
12-14 06:24:26.877  2507  2652 D MediaProvider: object removed 4373
12-14 06:24:26.877  2507  2652 D MediaProvider: object removed 4374
12-14 06:24:26.877  2507  2652 D MediaProvider: object removed 4375
12-14 06:24:26.877  2507  2652 D MediaProvider: object removed 4376
12-14 06:24:26.877  2507  2652 D MediaProvider: object removed 4377
12-14 06:24:26.877  2507  2652 D MediaProvider: object removed 4378
12-14 06:24:26.877  2507  2652 D MediaProvider: object removed 4379
12-14 06:24:26.877  2507  2652 D MediaProvider: object removed 4380
12-14 06:24:26.877  2507  2652 D MediaProvider: object removed 4381
12-14 06:24:26.878  2507  2652 D MediaProvider: object removed 4382
12-14 06:24:26.878  2507  2652 D MediaProvider: object removed 4383
12-14 06:24:26.878  2507  2652 D MediaProvider: object removed 4384
12-14 06:24:26.878  2507  2652 D MediaProvider: object removed 4385
12-14 06:24:26.878  2507  2652 D MediaProvider: object removed 4386
12-14 06:24:26.878  2507  2652 D MediaProvider: object removed 4387
12-14 06:24:26.878  2507  2652 D MediaProvider: object removed 4388
12-14 06:24:26.878  2507  2652 D MediaProvider: object removed 4389
12-14 06:24:26.878  2507  2652 D MediaProvider: object removed 4390
12-14 06:24:26.878  2507  2652 D MediaProvider: object removed 4391
12-14 06:24:26.878  2507  2652 D MediaProvider: object removed 4392
12-14 06:24:26.878  2507  2652 D MediaProvider: object removed 4393
12-14 06:24:26.878  2507  2652 D MediaProvider: object removed 4394
12-14 06:24:26.878  2507  2652 D MediaProvider: object removed 4395
12-14 06:24:26.878  2507  2652 D MediaProvider: object removed 4396
12-14 06:24:26.878  2507  2652 D MediaProvider: object removed 4397
12-14 06:24:26.878  2507  2652 D MediaProvider: object removed 4398
12-14 06:24:26.878  2507  2652 D MediaProvider: object removed 4399
12-14 06:24:26.878  2507  2652 D MediaProvider: object removed 4400
12-14 06:24:26.878  2723  2757 D ConnectivityManager: getMobileDataEnabled()+ subId=-1
12-14 06:24:26.878  2308  2332 D PhoneInterfaceManager: [PhoneIntfMgr] getDataEnabled: subId=-1 phoneId=-1
12-14 06:24:26.878  2308  2332 E PhoneInterfaceManager: [PhoneIntfMgr] getDataEnabled: no phone subId=-1 retVal=false
12-14 06:24:26.878  2723  2757 D ConnectivityManager: getMobileDataEnabled()- subId=-1 retVal=false
12-14 06:24:26.886  2507  2652 D MediaProvider: object removed 4401
12-14 06:24:26.886  2507  2652 D MediaProvider: object removed 4402
12-14 06:24:26.886  2507  2652 D MediaProvider: object removed 4403
12-14 06:24:26.886  2507  2652 D MediaProvider: object removed 4404
12-14 06:24:26.886  2507  2652 D MediaProvider: object removed 4405
12-14 06:24:26.886  2507  2652 D MediaProvider: object removed 4406
12-14 06:24:26.886  2507  2652 D MediaProvider: object removed 4407
12-14 06:24:26.886  2507  2652 D MediaProvider: object removed 4408
12-14 06:24:26.886  2507  2652 D MediaProvider: object removed 4409
12-14 06:24:26.886  2507  2652 D MediaProvider: object removed 4410
12-14 06:24:26.886  2507  2652 D MediaProvider: object removed 4411
12-14 06:24:26.886  2507  2652 D MediaProvider: object removed 4412
12-14 06:24:26.886  2507  2652 D MediaProvider: object removed 4413
12-14 06:24:26.886  2507  2652 D MediaProvider: object removed 4414
12-14 06:24:26.886  2507  2652 D MediaProvider: object removed 4415
12-14 06:24:26.886  2507  2652 D MediaProvider: object removed 4416
12-14 06:24:26.886  2507  2652 D MediaProvider: object removed 4417
12-14 06:24:26.886  2507  2652 D MediaProvider: object removed 4418
12-14 06:24:26.886  2507  2652 D MediaProvider: object removed 4419
12-14 06:24:26.886  2507  2652 D MediaProvider: object removed 4420
12-14 06:24:26.886  2507  2652 D MediaProvider: object removed 4421
12-14 06:24:26.887  2507  2652 D MediaProvider: object removed 4422
12-14 06:24:26.887  2507  2652 D MediaProvider: object removed 4423
12-14 06:24:26.887  2507  2652 D MediaProvider: object removed 4424
12-14 06:24:26.887  2507  2652 D MediaProvider: object removed 4425
12-14 06:24:26.887  2507  2652 D MediaProvider: object removed 4426
12-14 06:24:26.887  2507  2652 D MediaProvider: object removed 4427
12-14 06:24:26.887  2507  2652 D MediaProvider: object removed 4428
12-14 06:24:26.887  2507  2652 D MediaProvider: object removed 4429
12-14 06:24:26.887  2507  2652 D MediaProvider: object removed 4430
12-14 06:24:26.887  2507  2652 D MediaProvider: object removed 4431
12-14 06:24:26.887  2507  2652 D MediaProvider: object removed 4432
12-14 06:24:26.887  2507  2652 D MediaProvider: object removed 4433
12-14 06:24:26.887  2507  2652 D MediaProvider: object removed 4434
12-14 06:24:26.887  2507  2652 D MediaProvider: object removed 4435
12-14 06:24:26.887  2507  2652 D MediaProvider: object removed 4436
12-14 06:24:26.887  2507  2652 D MediaProvider: object removed 4437
12-14 06:24:26.887  2507  2652 D MediaProvider: object removed 4438
12-14 06:24:26.887  2507  2652 D MediaProvider: object removed 4439
12-14 06:24:26.887  2507  2652 D MediaProvider: object removed 4440
12-14 06:24:26.887  2507  2652 D MediaProvider: object removed 4441
12-14 06:24:26.887  2507  2652 D MediaProvider: object removed 4442
12-14 06:24:26.887  2507  2652 D MediaProvider: object removed 4443
12-14 06:24:26.887  2507  2652 D MediaProvider: object removed 4444
12-14 06:24:26.887  2507  2652 D MediaProvider: object removed 4445
12-14 06:24:26.887  2507  2652 D MediaProvider: object removed 4446
12-14 06:24:26.887  2507  2652 D MediaProvider: object removed 4447
12-14 06:24:26.887  2507  2652 D MediaProvider: object removed 4448
12-14 06:24:26.887  2507  2652 D MediaProvider: object removed 4449
12-14 06:24:26.887  2507  2652 D MediaProvider: object removed 4450
12-14 06:24:26.887  2507  2652 D MediaProvider: object removed 4451
12-14 06:24:26.887  2507  2652 D MediaProvider: object removed 4452
12-14 06:24:26.887  2507  2652 D MediaProvider: object removed 4453
12-14 06:24:26.887  2507  2652 D MediaProvider: object removed 4454
12-14 06:24:26.887  2507  2652 D MediaProvider: object removed 4455
12-14 06:24:26.887  2507  2652 D MediaProvider: object removed 4456
12-14 06:24:26.887  2507  2652 D MediaProvider: object removed 4457
12-14 06:24:26.887  2507  2652 D MediaProvider: object removed 4458
12-14 06:24:26.887  2507  2652 D MediaProvider: object removed 4459
12-14 06:24:26.888  2507  2652 D MediaProvider: object removed 4460
12-14 06:24:26.888  2507  2652 D MediaProvider: object removed 4461
12-14 06:24:26.888  2507  2652 D MediaProvider: object removed 4462
12-14 06:24:26.888  2507  2652 D MediaProvider: object removed 4463
12-14 06:24:26.888  2507  2652 D MediaProvider: object removed 4464
12-14 06:24:26.888  2507  2652 D MediaProvider: object removed 4465
12-14 06:24:26.888  2507  2652 D MediaProvider: object removed 4466
12-14 06:24:26.888  2507  2652 D MediaProvider: object removed 4467
12-14 06:24:26.888  2507  2652 D MediaProvider: object removed 4468
12-14 06:24:26.888  2507  2652 D MediaProvider: object removed 4469
12-14 06:24:26.888  2507  2652 D MediaProvider: object removed 4470
12-14 06:24:26.888  2507  2652 D MediaProvider: object removed 4471
12-14 06:24:26.888  2507  2652 D MediaProvider: object removed 4472
12-14 06:24:26.888  2507  2652 D MediaProvider: object removed 4473
12-14 06:24:26.888  2507  2652 D MediaProvider: object removed 4474
12-14 06:24:26.888  2507  2652 D MediaProvider: object removed 4475
12-14 06:24:26.888  2507  2652 D MediaProvider: object removed 4476
12-14 06:24:26.888  2507  2652 D MediaProvider: object removed 4477
12-14 06:24:26.888  2507  2652 D MediaProvider: object removed 4478
12-14 06:24:26.888  2507  2652 D MediaProvider: object removed 4479
12-14 06:24:26.888  2507  2652 D MediaProvider: object removed 4480
12-14 06:24:26.888  2507  2652 D MediaProvider: object removed 4481
12-14 06:24:26.888  2507  2652 D MediaProvider: object removed 4482
12-14 06:24:26.888  2507  2652 D MediaProvider: object removed 4483
12-14 06:24:26.888  2507  2652 D MediaProvider: object removed 4484
12-14 06:24:26.888  2507  2652 D MediaProvider: object removed 4485
12-14 06:24:26.888  2507  2652 D MediaProvider: object removed 4486
12-14 06:24:26.888  2507  2652 D MediaProvider: object removed 4487
12-14 06:24:26.888  2507  2652 D MediaProvider: object removed 4488
12-14 06:24:26.888  2507  2652 D MediaProvider: object removed 4489
12-14 06:24:26.888  2507  2652 D MediaProvider: object removed 4490
12-14 06:24:26.888  2507  2652 D MediaProvider: object removed 4491
12-14 06:24:26.888  2507  2652 D MediaProvider: object removed 4492
12-14 06:24:26.888  2507  2652 D MediaProvider: object removed 4493
12-14 06:24:26.888  2507  2652 D MediaProvider: object removed 4494
12-14 06:24:26.889  2507  2652 D MediaProvider: object removed 4495
12-14 06:24:26.889  2507  2652 D MediaProvider: object removed 4496
12-14 06:24:26.889  2507  2652 D MediaProvider: object removed 4497
12-14 06:24:26.889  2507  2652 D MediaProvider: object removed 4498
12-14 06:24:26.889  2507  2652 D MediaProvider: object removed 4499
12-14 06:24:26.889  2507  2652 D MediaProvider: object removed 4500
12-14 06:24:26.889  2507  2652 D MediaProvider: object removed 4501
12-14 06:24:26.894  2059  2307 I ActivityManager: Start proc 2759:com.android.managedprovisioning/u0a15 for broadcast com.android.managedprovisioning/.BootReminder
12-14 06:24:26.894  2723  2757 D ConnectivityManager: getMobileDataEnabled()+ subId=-1
12-14 06:24:26.894  2308  2332 D PhoneInterfaceManager: [PhoneIntfMgr] getDataEnabled: subId=-1 phoneId=-1
12-14 06:24:26.894  2308  2332 E PhoneInterfaceManager: [PhoneIntfMgr] getDataEnabled: no phone subId=-1 retVal=false
12-14 06:24:26.895  2723  2757 D ConnectivityManager: getMobileDataEnabled()- subId=-1 retVal=false
12-14 06:24:26.895  2308  2534 D MmsSmsDatabaseHelper: [MmsSmsDb] tableName: threads hasAutoIncrement: CREATE TABLE threads (_id INTEGER PRIMARY KEY AUTOINCREMENT,date INTEGER DEFAULT 0,message_count INTEGER DEFAULT 0,recipient_ids TEXT,snippet TEXT,snippet_cs INTEGER DEFAULT 0,read INTEGER DEFAULT 1,archived INTEGER DEFAULT 0,type INTEGER DEFAULT 0,error INTEGER DEFAULT 0,has_attachment INTEGER DEFAULT 0) result: true
12-14 06:24:26.896  2308  2534 D MmsSmsDatabaseHelper: [MmsSmsDb] tableName: canonical_addresses hasAutoIncrement: CREATE TABLE canonical_addresses (_id INTEGER PRIMARY KEY AUTOINCREMENT,address TEXT) result: true
12-14 06:24:26.896  2308  2534 D MmsSmsDatabaseHelper: [MmsSmsDb] tableName: part hasAutoIncrement: CREATE TABLE part (_id INTEGER PRIMARY KEY AUTOINCREMENT,mid INTEGER,seq INTEGER DEFAULT 0,ct TEXT,name TEXT,chset INTEGER,cd TEXT,fn TEXT,cid TEXT,cl TEXT,ctt_s INTEGER,ctt_t TEXT,_data TEXT,text TEXT) result: true
12-14 06:24:26.896  2308  2534 D MmsSmsDatabaseHelper: [MmsSmsDb] tableName: pdu hasAutoIncrement: CREATE TABLE pdu (_id INTEGER PRIMARY KEY AUTOINCREMENT,thread_id INTEGER,date INTEGER,date_sent INTEGER DEFAULT 0,msg_box INTEGER,read INTEGER DEFAULT 0,m_id TEXT,sub TEXT,sub_cs INTEGER,ct_t TEXT,ct_l TEXT,exp INTEGER,m_cls TEXT,m_type INTEGER,v INTEGER,m_size INTEGER,pri INTEGER,rr INTEGER,rpt_a INTEGER,resp_st INTEGER,st INTEGER,tr_id TEXT,retr_st INTEGER,retr_txt TEXT,retr_txt_cs INTEGER,read_status INTEGER,ct_cls INTEGER,resp_txt TEXT,d_tm INTEGER,d_rpt INTEGER,locked INTEGER DEFAULT 0,sub_id INTEGER DEFAULT -1, seen INTEGER DEFAULT 0,creator TEXT,text_only INTEGER DEFAULT 0) result: true
12-14 06:24:26.896  2308  2534 D MmsSmsDatabaseHelper: [getWritableDatabase] hasAutoIncrementThreads: true hasAutoIncrementAddresses: true hasAutoIncrementPart: true hasAutoIncrementPdu: true
12-14 06:24:26.897  2723  2756 D Mms     : cancelNotification
12-14 06:24:26.898  2759  2759 I ActivityThread: Switching default density from 160 to 240
12-14 06:24:26.898  2507  2652 D MediaProvider: object removed 4502
12-14 06:24:26.898  2507  2652 D MediaProvider: object removed 4503
12-14 06:24:26.898  2507  2652 D MediaProvider: object removed 4504
12-14 06:24:26.898  2507  2652 D MediaProvider: object removed 4505
12-14 06:24:26.898  2507  2652 D MediaProvider: object removed 4506
12-14 06:24:26.898  2507  2652 D MediaProvider: object removed 4507
12-14 06:24:26.898  2507  2652 D MediaProvider: object removed 4508
12-14 06:24:26.898  2507  2652 D MediaProvider: object removed 4509
12-14 06:24:26.898  2507  2652 D MediaProvider: object removed 4510
12-14 06:24:26.898  2507  2652 D MediaProvider: object removed 4511
12-14 06:24:26.898  2507  2652 D MediaProvider: object removed 4512
12-14 06:24:26.898  2507  2652 D MediaProvider: object removed 4513
12-14 06:24:26.899  2507  2652 D MediaProvider: object removed 4514
12-14 06:24:26.899  2507  2652 D MediaProvider: object removed 4515
12-14 06:24:26.899  2507  2652 D MediaProvider: object removed 4516
12-14 06:24:26.899  2507  2652 D MediaProvider: object removed 4517
12-14 06:24:26.899  2507  2652 D MediaProvider: object removed 4518
12-14 06:24:26.899  2507  2652 D MediaProvider: object removed 4519
12-14 06:24:26.899  2507  2652 D MediaProvider: object removed 4520
12-14 06:24:26.899  2507  2652 D MediaProvider: object removed 4521
12-14 06:24:26.899  2507  2652 D MediaProvider: object removed 4522
12-14 06:24:26.899  2507  2652 D MediaProvider: object removed 4523
12-14 06:24:26.899  2507  2652 D MediaProvider: object removed 4524
12-14 06:24:26.899  2507  2652 D MediaProvider: object removed 4525
12-14 06:24:26.899  2507  2652 D MediaProvider: object removed 4526
12-14 06:24:26.899  2507  2652 D MediaProvider: object removed 4527
12-14 06:24:26.899  2507  2652 D MediaProvider: object removed 4528
12-14 06:24:26.899  2507  2652 D MediaProvider: object removed 4529
12-14 06:24:26.899  2507  2652 D MediaProvider: object removed 4530
12-14 06:24:26.899  2507  2652 D MediaProvider: object removed 4531
12-14 06:24:26.899  2507  2652 D MediaProvider: object removed 4532
12-14 06:24:26.899  2507  2652 D MediaProvider: object removed 4533
12-14 06:24:26.899  2507  2652 D MediaProvider: object removed 4534
12-14 06:24:26.899  2507  2652 D MediaProvider: object removed 4535
12-14 06:24:26.899  2507  2652 D MediaProvider: object removed 4536
12-14 06:24:26.899  2507  2652 D MediaProvider: object removed 4537
12-14 06:24:26.899  2507  2652 D MediaProvider: object removed 4538
12-14 06:24:26.899  2507  2652 D MediaProvider: object removed 4539
12-14 06:24:26.899  2507  2652 D MediaProvider: object removed 4540
12-14 06:24:26.899  2507  2652 D MediaProvider: object removed 4541
12-14 06:24:26.899  2507  2652 D MediaProvider: object removed 4542
12-14 06:24:26.899  2507  2652 D MediaProvider: object removed 4543
12-14 06:24:26.899  2507  2652 D MediaProvider: object removed 4544
12-14 06:24:26.899  2507  2652 D MediaProvider: object removed 4545
12-14 06:24:26.899  2507  2652 D MediaProvider: object removed 4546
12-14 06:24:26.899  2507  2652 D MediaProvider: object removed 4547
12-14 06:24:26.899  2507  2652 D MediaProvider: object removed 4548
12-14 06:24:26.899  2507  2652 D MediaProvider: object removed 4549
12-14 06:24:26.899  2507  2652 D MediaProvider: object removed 4550
12-14 06:24:26.899  2507  2652 D MediaProvider: object removed 4551
12-14 06:24:26.899  2507  2652 D MediaProvider: object removed 4552
12-14 06:24:26.899  2507  2652 D MediaProvider: object removed 4553
12-14 06:24:26.899  2507  2652 D MediaProvider: object removed 4554
12-14 06:24:26.899  2507  2652 D MediaProvider: object removed 4555
12-14 06:24:26.899  2507  2652 D MediaProvider: object removed 4556
12-14 06:24:26.899  2507  2652 D MediaProvider: object removed 4557
12-14 06:24:26.899  2507  2652 D MediaProvider: object removed 4558
12-14 06:24:26.899  2507  2652 D MediaProvider: object removed 4559
12-14 06:24:26.899  2507  2652 D MediaProvider: object removed 4560
12-14 06:24:26.899  2507  2652 D MediaProvider: object removed 4561
12-14 06:24:26.899  2507  2652 D MediaProvider: object removed 4562
12-14 06:24:26.899  2507  2652 D MediaProvider: object removed 4563
12-14 06:24:26.899  2507  2652 D MediaProvider: object removed 4564
12-14 06:24:26.899  2507  2652 D MediaProvider: object removed 4565
12-14 06:24:26.899  2507  2652 D MediaProvider: object removed 4566
12-14 06:24:26.899  2507  2652 D MediaProvider: object removed 4567
12-14 06:24:26.899  2507  2652 D MediaProvider: object removed 4568
12-14 06:24:26.900  2507  2652 D MediaProvider: object removed 4569
12-14 06:24:26.900  2723  2758 D Mms     : cancelNotification
12-14 06:24:26.900  2507  2652 D MediaProvider: object removed 4570
12-14 06:24:26.900  2507  2652 D MediaProvider: object removed 4571
12-14 06:24:26.900  2507  2652 D MediaProvider: object removed 4572
12-14 06:24:26.900  2507  2652 D MediaProvider: object removed 4573
12-14 06:24:26.900  2507  2652 D MediaProvider: object removed 4574
12-14 06:24:26.900  2507  2652 D MediaProvider: object removed 4575
12-14 06:24:26.900  2507  2652 D MediaProvider: object removed 4576
12-14 06:24:26.900  2507  2652 D MediaProvider: object removed 4577
12-14 06:24:26.900  2507  2652 D MediaProvider: object removed 4578
12-14 06:24:26.900  2507  2652 D MediaProvider: object removed 4579
12-14 06:24:26.900  2507  2652 D MediaProvider: object removed 4580
12-14 06:24:26.900  2507  2652 D MediaProvider: object removed 4581
12-14 06:24:26.900  2507  2652 D MediaProvider: object removed 4582
12-14 06:24:26.900  2507  2652 D MediaProvider: object removed 4583
12-14 06:24:26.900  2507  2652 D MediaProvider: object removed 4584
12-14 06:24:26.900  2507  2652 D MediaProvider: object removed 4585
12-14 06:24:26.900  2507  2652 D MediaProvider: object removed 4586
12-14 06:24:26.900  2507  2652 D MediaProvider: object removed 4587
12-14 06:24:26.900  2507  2652 D MediaProvider: object removed 4588
12-14 06:24:26.900  2507  2652 D MediaProvider: object removed 4589
12-14 06:24:26.900  2507  2652 D MediaProvider: object removed 4590
12-14 06:24:26.900  2507  2652 D MediaProvider: object removed 4591
12-14 06:24:26.900  2507  2652 D MediaProvider: object removed 4592
12-14 06:24:26.900  2507  2652 D MediaProvider: object removed 4593
12-14 06:24:26.900  2507  2652 D MediaProvider: object removed 4594
12-14 06:24:26.900  2507  2652 D MediaProvider: object removed 4595
12-14 06:24:26.900  2507  2652 D MediaProvider: object removed 4596
12-14 06:24:26.900  2507  2652 D MediaProvider: object removed 4597
12-14 06:24:26.900  2507  2652 D MediaProvider: object removed 4598
12-14 06:24:26.900  2507  2652 D MediaProvider: object removed 4599
12-14 06:24:26.900  2507  2652 D MediaProvider: object removed 4600
12-14 06:24:26.900  2507  2652 D MediaProvider: object removed 4601
12-14 06:24:26.900  2507  2652 D MediaProvider: object removed 4602
12-14 06:24:26.908  2507  2652 D MediaProvider: object removed 4603
12-14 06:24:26.908  2507  2652 D MediaProvider: object removed 4604
12-14 06:24:26.908  2507  2652 D MediaProvider: object removed 4605
12-14 06:24:26.908  2507  2652 D MediaProvider: object removed 4606
12-14 06:24:26.908  2507  2652 D MediaProvider: object removed 4607
12-14 06:24:26.908  2507  2652 D MediaProvider: object removed 4608
12-14 06:24:26.908  2507  2652 D MediaProvider: object removed 4609
12-14 06:24:26.908  2507  2652 D MediaProvider: object removed 4610
12-14 06:24:26.908  2507  2652 D MediaProvider: object removed 4611
12-14 06:24:26.908  2507  2652 D MediaProvider: object removed 4612
12-14 06:24:26.908  2507  2652 D MediaProvider: object removed 4613
12-14 06:24:26.908  2507  2652 D MediaProvider: object removed 4614
12-14 06:24:26.908  2507  2652 D MediaProvider: object removed 4615
12-14 06:24:26.909  2507  2652 D MediaProvider: object removed 4616
12-14 06:24:26.909  2507  2652 D MediaProvider: object removed 4617
12-14 06:24:26.909  2507  2652 D MediaProvider: object removed 4618
12-14 06:24:26.909  2507  2652 D MediaProvider: object removed 4619
12-14 06:24:26.909  2507  2652 D MediaProvider: object removed 4620
12-14 06:24:26.909  2507  2652 D MediaProvider: object removed 4621
12-14 06:24:26.909  2507  2652 D MediaProvider: object removed 4622
12-14 06:24:26.909  2507  2652 D MediaProvider: object removed 4623
12-14 06:24:26.909  2507  2652 D MediaProvider: object removed 4624
12-14 06:24:26.909  2507  2652 D MediaProvider: object removed 4625
12-14 06:24:26.909  2507  2652 D MediaProvider: object removed 4626
12-14 06:24:26.909  2507  2652 D MediaProvider: object removed 4627
12-14 06:24:26.909  2507  2652 D MediaProvider: object removed 4628
12-14 06:24:26.909  2507  2652 D MediaProvider: object removed 4629
12-14 06:24:26.909  2507  2652 D MediaProvider: object removed 4630
12-14 06:24:26.909  2507  2652 D MediaProvider: object removed 4631
12-14 06:24:26.909  2507  2652 D MediaProvider: object removed 4632
12-14 06:24:26.909  2507  2652 D MediaProvider: object removed 4633
12-14 06:24:26.909  2507  2652 D MediaProvider: object removed 4634
12-14 06:24:26.909  2507  2652 D MediaProvider: object removed 4635
12-14 06:24:26.909  2507  2652 D MediaProvider: object removed 4636
12-14 06:24:26.909  2507  2652 D MediaProvider: object removed 4637
12-14 06:24:26.909  2507  2652 D MediaProvider: object removed 4638
12-14 06:24:26.909  2507  2652 D MediaProvider: object removed 4639
12-14 06:24:26.909  2507  2652 D MediaProvider: object removed 4640
12-14 06:24:26.909  2507  2652 D MediaProvider: object removed 4641
12-14 06:24:26.909  2507  2652 D MediaProvider: object removed 4642
12-14 06:24:26.909  2507  2652 D MediaProvider: object removed 4643
12-14 06:24:26.909  2507  2652 D MediaProvider: object removed 4644
12-14 06:24:26.909  2507  2652 D MediaProvider: object removed 4645
12-14 06:24:26.909  2507  2652 D MediaProvider: object removed 4646
12-14 06:24:26.909  2507  2652 D MediaProvider: object removed 4647
12-14 06:24:26.909  2507  2652 D MediaProvider: object removed 4648
12-14 06:24:26.909  2507  2652 D MediaProvider: object removed 4649
12-14 06:24:26.909  2507  2652 D MediaProvider: object removed 4650
12-14 06:24:26.909  2507  2652 D MediaProvider: object removed 4651
12-14 06:24:26.909  2507  2652 D MediaProvider: object removed 4652
12-14 06:24:26.909  2507  2652 D MediaProvider: object removed 4653
12-14 06:24:26.909  2507  2652 D MediaProvider: object removed 4654
12-14 06:24:26.909  2507  2652 D MediaProvider: object removed 4655
12-14 06:24:26.909  2507  2652 D MediaProvider: object removed 4656
12-14 06:24:26.909  2507  2652 D MediaProvider: object removed 4657
12-14 06:24:26.909  2507  2652 D MediaProvider: object removed 4658
12-14 06:24:26.909  2507  2652 D MediaProvider: object removed 4659
12-14 06:24:26.909  2507  2652 D MediaProvider: object removed 4660
12-14 06:24:26.909  2507  2652 D MediaProvider: object removed 4661
12-14 06:24:26.909  2507  2652 D MediaProvider: object removed 4662
12-14 06:24:26.909  2507  2652 D MediaProvider: object removed 4663
12-14 06:24:26.909  2507  2652 D MediaProvider: object removed 4664
12-14 06:24:26.909  2507  2652 D MediaProvider: object removed 4665
12-14 06:24:26.909  2507  2652 D MediaProvider: object removed 4666
12-14 06:24:26.909  2507  2652 D MediaProvider: object removed 4667
12-14 06:24:26.909  2507  2652 D MediaProvider: object removed 4668
12-14 06:24:26.910  2507  2652 D MediaProvider: object removed 4669
12-14 06:24:26.910  2507  2652 D MediaProvider: object removed 4670
12-14 06:24:26.910  2507  2652 D MediaProvider: object removed 4671
12-14 06:24:26.910  2507  2652 D MediaProvider: object removed 4672
12-14 06:24:26.910  2507  2652 D MediaProvider: object removed 4673
12-14 06:24:26.910  2507  2652 D MediaProvider: object removed 4674
12-14 06:24:26.910  2507  2652 D MediaProvider: object removed 4675
12-14 06:24:26.910  2507  2652 D MediaProvider: object removed 4676
12-14 06:24:26.910  2507  2652 D MediaProvider: object removed 4677
12-14 06:24:26.910  2507  2652 D MediaProvider: object removed 4678
12-14 06:24:26.910  2507  2652 D MediaProvider: object removed 4679
12-14 06:24:26.910  2507  2652 D MediaProvider: object removed 4680
12-14 06:24:26.910  2507  2652 D MediaProvider: object removed 4681
12-14 06:24:26.910  2507  2652 D MediaProvider: object removed 4682
12-14 06:24:26.910  2507  2652 D MediaProvider: object removed 4683
12-14 06:24:26.910  2507  2652 D MediaProvider: object removed 4684
12-14 06:24:26.910  2507  2652 D MediaProvider: object removed 4685
12-14 06:24:26.910  2507  2652 D MediaProvider: object removed 4686
12-14 06:24:26.910  2507  2652 D MediaProvider: object removed 4687
12-14 06:24:26.910  2507  2652 D MediaProvider: object removed 4688
12-14 06:24:26.910  2507  2652 D MediaProvider: object removed 4689
12-14 06:24:26.910  2507  2652 D MediaProvider: object removed 4690
12-14 06:24:26.910  2507  2652 D MediaProvider: object removed 4691
12-14 06:24:26.910  2507  2652 D MediaProvider: object removed 4692
12-14 06:24:26.910  2507  2652 D MediaProvider: object removed 4693
12-14 06:24:26.910  2507  2652 D MediaProvider: object removed 4694
12-14 06:24:26.910  2507  2652 D MediaProvider: object removed 4695
12-14 06:24:26.910  2507  2652 D MediaProvider: object removed 4696
12-14 06:24:26.910  2507  2652 D MediaProvider: object removed 4697
12-14 06:24:26.910  2507  2652 D MediaProvider: object removed 4698
12-14 06:24:26.910  2507  2652 D MediaProvider: object removed 4699
12-14 06:24:26.910  2507  2652 D MediaProvider: object removed 4700
12-14 06:24:26.910  2507  2652 D MediaProvider: object removed 4701
12-14 06:24:26.910  2507  2652 D MediaProvider: object removed 4702
12-14 06:24:26.910  2507  2652 D MediaProvider: object removed 4703
12-14 06:24:26.918  2507  2652 D MediaProvider: object removed 4704
12-14 06:24:26.918  2059  2293 I ActivityManager: Start proc 2783:com.android.email/u0a24 for broadcast com.android.email/.service.EmailBroadcastReceiver
12-14 06:24:26.918  2507  2652 D MediaProvider: object removed 4705
12-14 06:24:26.918  2507  2652 D MediaProvider: object removed 4706
12-14 06:24:26.919  2507  2652 D MediaProvider: object removed 4707
12-14 06:24:26.919  2507  2652 D MediaProvider: object removed 4708
12-14 06:24:26.919  2507  2652 D MediaProvider: object removed 4709
12-14 06:24:26.919  2507  2652 D MediaProvider: object removed 4710
12-14 06:24:26.919  2507  2652 D MediaProvider: object removed 4711
12-14 06:24:26.919  2507  2652 D MediaProvider: object removed 4712
12-14 06:24:26.919  2507  2652 D MediaProvider: object removed 4713
12-14 06:24:26.919  2507  2652 D MediaProvider: object removed 4714
12-14 06:24:26.919  2507  2652 D MediaProvider: object removed 4715
12-14 06:24:26.919  2507  2652 D MediaProvider: object removed 4716
12-14 06:24:26.919  2507  2652 D MediaProvider: object removed 4717
12-14 06:24:26.919  2507  2652 D MediaProvider: object removed 4718
12-14 06:24:26.919  2507  2652 D MediaProvider: object removed 4719
12-14 06:24:26.919  2507  2652 D MediaProvider: object removed 4720
12-14 06:24:26.919  2507  2652 D MediaProvider: object removed 4721
12-14 06:24:26.919  2507  2652 D MediaProvider: object removed 4722
12-14 06:24:26.919  2507  2652 D MediaProvider: object removed 4723
12-14 06:24:26.919  2507  2652 D MediaProvider: object removed 4724
12-14 06:24:26.919  2507  2652 D MediaProvider: object removed 4725
12-14 06:24:26.919  2507  2652 D MediaProvider: object removed 4726
12-14 06:24:26.919  2507  2652 D MediaProvider: object removed 4727
12-14 06:24:26.919  2507  2652 D MediaProvider: object removed 4728
12-14 06:24:26.919  2507  2652 D MediaProvider: object removed 4729
12-14 06:24:26.919  2507  2652 D MediaProvider: object removed 4730
12-14 06:24:26.919  2507  2652 D MediaProvider: object removed 4731
12-14 06:24:26.919  2507  2652 D MediaProvider: object removed 4732
12-14 06:24:26.919  2507  2652 D MediaProvider: object removed 4733
12-14 06:24:26.919  2507  2652 D MediaProvider: object removed 4734
12-14 06:24:26.919  2507  2652 D MediaProvider: object removed 4735
12-14 06:24:26.919  2507  2652 D MediaProvider: object removed 4736
12-14 06:24:26.919  2507  2652 D MediaProvider: object removed 4737
12-14 06:24:26.919  2507  2652 D MediaProvider: object removed 4738
12-14 06:24:26.919  2507  2652 D MediaProvider: object removed 4739
12-14 06:24:26.919  2507  2652 D MediaProvider: object removed 4740
12-14 06:24:26.919  2507  2652 D MediaProvider: object removed 4741
12-14 06:24:26.919  2507  2652 D MediaProvider: object removed 4742
12-14 06:24:26.919  2507  2652 D MediaProvider: object removed 4743
12-14 06:24:26.919  2507  2652 D MediaProvider: object removed 4744
12-14 06:24:26.919  2507  2652 D MediaProvider: object removed 4745
12-14 06:24:26.919  2507  2652 D MediaProvider: object removed 4746
12-14 06:24:26.919  2507  2652 D MediaProvider: object removed 4747
12-14 06:24:26.919  2507  2652 D MediaProvider: object removed 4748
12-14 06:24:26.919  2507  2652 D MediaProvider: object removed 4749
12-14 06:24:26.919  2507  2652 D MediaProvider: object removed 4750
12-14 06:24:26.919  2507  2652 D MediaProvider: object removed 4751
12-14 06:24:26.919  2507  2652 D MediaProvider: object removed 4752
12-14 06:24:26.919  2507  2652 D MediaProvider: object removed 4753
12-14 06:24:26.919  2507  2652 D MediaProvider: object removed 4754
12-14 06:24:26.919  2507  2652 D MediaProvider: object removed 4755
12-14 06:24:26.919  2507  2652 D MediaProvider: object removed 4756
12-14 06:24:26.919  2507  2652 D MediaProvider: object removed 4757
12-14 06:24:26.919  2507  2652 D MediaProvider: object removed 4758
12-14 06:24:26.919  2507  2652 D MediaProvider: object removed 4759
12-14 06:24:26.919  2507  2652 D MediaProvider: object removed 4760
12-14 06:24:26.919  2507  2652 D MediaProvider: object removed 4761
12-14 06:24:26.919  2507  2652 D MediaProvider: object removed 4762
12-14 06:24:26.920  2507  2652 D MediaProvider: object removed 4763
12-14 06:24:26.920  2507  2652 D MediaProvider: object removed 4764
12-14 06:24:26.920  2507  2652 D MediaProvider: object removed 4765
12-14 06:24:26.920  2507  2652 D MediaProvider: object removed 4766
12-14 06:24:26.920  2507  2652 D MediaProvider: object removed 4767
12-14 06:24:26.920  2507  2652 D MediaProvider: object removed 4768
12-14 06:24:26.920  2507  2652 D MediaProvider: object removed 4769
12-14 06:24:26.920  2507  2652 D MediaProvider: object removed 4770
12-14 06:24:26.920  2507  2652 D MediaProvider: object removed 4771
12-14 06:24:26.920  2507  2652 D MediaProvider: object removed 4772
12-14 06:24:26.920  2507  2652 D MediaProvider: object removed 4773
12-14 06:24:26.920  2507  2652 D MediaProvider: object removed 4774
12-14 06:24:26.920  2507  2652 D MediaProvider: object removed 4775
12-14 06:24:26.920  2507  2652 D MediaProvider: object removed 4776
12-14 06:24:26.920  2507  2652 D MediaProvider: object removed 4777
12-14 06:24:26.920  2507  2652 D MediaProvider: object removed 4778
12-14 06:24:26.920  2507  2652 D MediaProvider: object removed 4779
12-14 06:24:26.920  2507  2652 D MediaProvider: object removed 4780
12-14 06:24:26.920  2507  2652 D MediaProvider: object removed 4781
12-14 06:24:26.920  2507  2652 D MediaProvider: object removed 4782
12-14 06:24:26.920  2507  2652 D MediaProvider: object removed 4783
12-14 06:24:26.920  2507  2652 D MediaProvider: object removed 4784
12-14 06:24:26.920  2507  2652 D MediaProvider: object removed 4785
12-14 06:24:26.920  2507  2652 D MediaProvider: object removed 4786
12-14 06:24:26.920  2507  2652 D MediaProvider: object removed 4787
12-14 06:24:26.920  2507  2652 D MediaProvider: object removed 4788
12-14 06:24:26.920  2507  2652 D MediaProvider: object removed 4789
12-14 06:24:26.920  2507  2652 D MediaProvider: object removed 4790
12-14 06:24:26.920  2507  2652 D MediaProvider: object removed 4791
12-14 06:24:26.920  2507  2652 D MediaProvider: object removed 4792
12-14 06:24:26.920  2507  2652 D MediaProvider: object removed 4793
12-14 06:24:26.920  2507  2652 D MediaProvider: object removed 4794
12-14 06:24:26.920  2507  2652 D MediaProvider: object removed 4795
12-14 06:24:26.920  2507  2652 D MediaProvider: object removed 4796
12-14 06:24:26.920  2507  2652 D MediaProvider: object removed 4797
12-14 06:24:26.920  2507  2652 D MediaProvider: object removed 4798
12-14 06:24:26.920  2507  2652 D MediaProvider: object removed 4799
12-14 06:24:26.920  2507  2652 D MediaProvider: object removed 4800
12-14 06:24:26.920  2507  2652 D MediaProvider: object removed 4801
12-14 06:24:26.920  2507  2652 D MediaProvider: object removed 4802
12-14 06:24:26.920  2507  2652 D MediaProvider: object removed 4803
12-14 06:24:26.920  2507  2652 D MediaProvider: object removed 4804
12-14 06:24:26.923  2783  2783 I ActivityThread: Switching default density from 160 to 240
12-14 06:24:26.926  2507  2652 D MediaProvider: object removed 4805
12-14 06:24:26.926  2507  2652 D MediaProvider: object removed 4806
12-14 06:24:26.926  2507  2652 D MediaProvider: object removed 4807
12-14 06:24:26.926  2507  2652 D MediaProvider: object removed 4808
12-14 06:24:26.926  2507  2652 D MediaProvider: object removed 4809
12-14 06:24:26.926  2507  2652 D MediaProvider: object removed 4810
12-14 06:24:26.926  2507  2652 D MediaProvider: object removed 4811
12-14 06:24:26.926  2507  2652 D MediaProvider: object removed 4812
12-14 06:24:26.926  2507  2652 D MediaProvider: object removed 4813
12-14 06:24:26.926  2507  2652 D MediaProvider: object removed 4814
12-14 06:24:26.926  2507  2652 D MediaProvider: object removed 4815
12-14 06:24:26.926  2507  2652 D MediaProvider: object removed 4816
12-14 06:24:26.926  2507  2652 D MediaProvider: object removed 4817
12-14 06:24:26.927  2507  2652 D MediaProvider: object removed 4818
12-14 06:24:26.927  2507  2652 D MediaProvider: object removed 4819
12-14 06:24:26.927  2507  2652 D MediaProvider: object removed 4820
12-14 06:24:26.927  2507  2652 D MediaProvider: object removed 4821
12-14 06:24:26.927  2507  2652 D MediaProvider: object removed 4822
12-14 06:24:26.927  2507  2652 D MediaProvider: object removed 4823
12-14 06:24:26.927  2507  2652 D MediaProvider: object removed 4824
12-14 06:24:26.927  2507  2652 D MediaProvider: object removed 4825
12-14 06:24:26.927  2507  2652 D MediaProvider: object removed 4826
12-14 06:24:26.927  2507  2652 D MediaProvider: object removed 4827
12-14 06:24:26.927  2507  2652 D MediaProvider: object removed 4828
12-14 06:24:26.927  2507  2652 D MediaProvider: object removed 4829
12-14 06:24:26.927  2507  2652 D MediaProvider: object removed 4830
12-14 06:24:26.927  2507  2652 D MediaProvider: object removed 4831
12-14 06:24:26.927  2507  2652 D MediaProvider: object removed 4832
12-14 06:24:26.927  2507  2652 D MediaProvider: object removed 4833
12-14 06:24:26.927  2507  2652 D MediaProvider: object removed 4834
12-14 06:24:26.927  2507  2652 D MediaProvider: object removed 4835
12-14 06:24:26.927  2507  2652 D MediaProvider: object removed 4836
12-14 06:24:26.927  2507  2652 D MediaProvider: object removed 4837
12-14 06:24:26.927  2507  2652 D MediaProvider: object removed 4838
12-14 06:24:26.927  2507  2652 D MediaProvider: object removed 4839
12-14 06:24:26.927  2507  2652 D MediaProvider: object removed 4840
12-14 06:24:26.927  2507  2652 D MediaProvider: object removed 4841
12-14 06:24:26.927  2507  2652 D MediaProvider: object removed 4842
12-14 06:24:26.927  2507  2652 D MediaProvider: object removed 4843
12-14 06:24:26.927  2507  2652 D MediaProvider: object removed 4844
12-14 06:24:26.927  2507  2652 D MediaProvider: object removed 4845
12-14 06:24:26.927  2507  2652 D MediaProvider: object removed 4846
12-14 06:24:26.927  2507  2652 D MediaProvider: object removed 4847
12-14 06:24:26.927  2507  2652 D MediaProvider: object removed 4848
12-14 06:24:26.927  2507  2652 D MediaProvider: object removed 4849
12-14 06:24:26.927  2507  2652 D MediaProvider: object removed 4850
12-14 06:24:26.927  2507  2652 D MediaProvider: object removed 4851
12-14 06:24:26.927  2507  2652 D MediaProvider: object removed 4852
12-14 06:24:26.927  2507  2652 D MediaProvider: object removed 4853
12-14 06:24:26.927  2507  2652 D MediaProvider: object removed 4854
12-14 06:24:26.927  2507  2652 D MediaProvider: object removed 4855
12-14 06:24:26.927  2507  2652 D MediaProvider: object removed 4856
12-14 06:24:26.927  2507  2652 D MediaProvider: object removed 4857
12-14 06:24:26.927  2507  2652 D MediaProvider: object removed 4858
12-14 06:24:26.927  2507  2652 D MediaProvider: object removed 4859
12-14 06:24:26.927  2507  2652 D MediaProvider: object removed 4860
12-14 06:24:26.927  2507  2652 D MediaProvider: object removed 4861
12-14 06:24:26.927  2507  2652 D MediaProvider: object removed 4862
12-14 06:24:26.927  2507  2652 D MediaProvider: object removed 4863
12-14 06:24:26.927  2507  2652 D MediaProvider: object removed 4864
12-14 06:24:26.927  2507  2652 D MediaProvider: object removed 4865
12-14 06:24:26.927  2507  2652 D MediaProvider: object removed 4866
12-14 06:24:26.927  2507  2652 D MediaProvider: object removed 4867
12-14 06:24:26.927  2507  2652 D MediaProvider: object removed 4868
12-14 06:24:26.928  2507  2652 D MediaProvider: object removed 4869
12-14 06:24:26.928  2507  2652 D MediaProvider: object removed 4870
12-14 06:24:26.928  2507  2652 D MediaProvider: object removed 4871
12-14 06:24:26.928  2507  2652 D MediaProvider: object removed 4872
12-14 06:24:26.928  2507  2652 D MediaProvider: object removed 4873
12-14 06:24:26.928  2507  2652 D MediaProvider: object removed 4874
12-14 06:24:26.928  2507  2652 D MediaProvider: object removed 4875
12-14 06:24:26.928  2507  2652 D MediaProvider: object removed 4876
12-14 06:24:26.928  2507  2652 D MediaProvider: object removed 4877
12-14 06:24:26.928  2507  2652 D MediaProvider: object removed 4878
12-14 06:24:26.928  2507  2652 D MediaProvider: object removed 4879
