12-14 06:24:26.928  2507  2652 D MediaProvider: object removed 4880
12-14 06:24:26.928  2507  2652 D MediaProvider: object removed 4881
12-14 06:24:26.928  2507  2652 D MediaProvider: object removed 4882
12-14 06:24:26.928  2507  2652 D MediaProvider: object removed 4883
12-14 06:24:26.928  2507  2652 D MediaProvider: object removed 4884
12-14 06:24:26.928  2507  2652 D MediaProvider: object removed 4885
12-14 06:24:26.928  2507  2652 D MediaProvider: object removed 4886
12-14 06:24:26.928  2507  2652 D MediaProvider: object removed 4887
12-14 06:24:26.928  2507  2652 D MediaProvider: object removed 4888
12-14 06:24:26.928  2507  2652 D MediaProvider: object removed 4889
12-14 06:24:26.928  2507  2652 D MediaProvider: object removed 4890
12-14 06:24:26.928  2507  2652 D MediaProvider: object removed 4891
12-14 06:24:26.928  2507  2652 D MediaProvider: object removed 4892
12-14 06:24:26.928  2507  2652 D MediaProvider: object removed 4893
12-14 06:24:26.928  2507  2652 D MediaProvider: object removed 4894
12-14 06:24:26.928  2507  2652 D MediaProvider: object removed 4895
12-14 06:24:26.928  2507  2652 D MediaProvider: object removed 4896
12-14 06:24:26.928  2507  2652 D MediaProvider: object removed 4897
12-14 06:24:26.928  2507  2652 D MediaProvider: object removed 4898
12-14 06:24:26.928  2507  2652 D MediaProvider: object removed 4899
12-14 06:24:26.928  2507  2652 D MediaProvider: object removed 4900
12-14 06:24:26.928  2507  2652 D MediaProvider: object removed 4901
12-14 06:24:26.928  2507  2652 D MediaProvider: object removed 4902
12-14 06:24:26.928  2507  2652 D MediaProvider: object removed 4903
12-14 06:24:26.928  2507  2652 D MediaProvider: object removed 4904
12-14 06:24:26.928  2507  2652 D MediaProvider: object removed 4905
12-14 06:24:26.938  2507  2652 D MediaProvider: object removed 4906
12-14 06:24:26.938  2507  2652 D MediaProvider: object removed 4907
12-14 06:24:26.938  2507  2652 D MediaProvider: object removed 4908
12-14 06:24:26.938  2507  2652 D MediaProvider: object removed 4909
12-14 06:24:26.938  2507  2652 D MediaProvider: object removed 4910
12-14 06:24:26.938  2507  2652 D MediaProvider: object removed 4911
12-14 06:24:26.938  2507  2652 D MediaProvider: object removed 4912
12-14 06:24:26.938  2507  2652 D MediaProvider: object removed 4913
12-14 06:24:26.938  2507  2652 D MediaProvider: object removed 4914
12-14 06:24:26.938  2507  2652 D MediaProvider: object removed 4915
12-14 06:24:26.938  2507  2652 D MediaProvider: object removed 4916
12-14 06:24:26.938  2507  2652 D MediaProvider: object removed 4917
12-14 06:24:26.938  2507  2652 D MediaProvider: object removed 4918
12-14 06:24:26.938  2507  2652 D MediaProvider: object removed 4919
12-14 06:24:26.938  2507  2652 D MediaProvider: object removed 4920
12-14 06:24:26.938  2507  2652 D MediaProvider: object removed 4921
12-14 06:24:26.938  2507  2652 D MediaProvider: object removed 4922
12-14 06:24:26.938  2507  2652 D MediaProvider: object removed 4923
12-14 06:24:26.938  2507  2652 D MediaProvider: object removed 4924
12-14 06:24:26.938  2507  2652 D MediaProvider: object removed 4925
12-14 06:24:26.938  2507  2652 D MediaProvider: object removed 4926
12-14 06:24:26.938  2507  2652 D MediaProvider: object removed 4927
12-14 06:24:26.938  2507  2652 D MediaProvider: object removed 4928
12-14 06:24:26.938  2507  2652 D MediaProvider: object removed 4929
12-14 06:24:26.938  2507  2652 D MediaProvider: object removed 4930
12-14 06:24:26.938  2507  2652 D MediaProvider: object removed 4931
12-14 06:24:26.938  2507  2652 D MediaProvider: object removed 4932
12-14 06:24:26.939  2507  2652 D MediaProvider: object removed 4933
12-14 06:24:26.939  2507  2652 D MediaProvider: object removed 4934
12-14 06:24:26.939  2507  2652 D MediaProvider: object removed 4935
12-14 06:24:26.939  2507  2652 D MediaProvider: object removed 4936
12-14 06:24:26.939  2507  2652 D MediaProvider: object removed 4937
12-14 06:24:26.939  2507  2652 D MediaProvider: object removed 4938
12-14 06:24:26.939  2507  2652 D MediaProvider: object removed 4939
12-14 06:24:26.939  2507  2652 D MediaProvider: object removed 4940
12-14 06:24:26.939  2507  2652 D MediaProvider: object removed 4941
12-14 06:24:26.939  2507  2652 D MediaProvider: object removed 4942
12-14 06:24:26.939  2507  2652 D MediaProvider: object removed 4943
12-14 06:24:26.939  2507  2652 D MediaProvider: object removed 4944
12-14 06:24:26.939  2507  2652 D MediaProvider: object removed 4945
12-14 06:24:26.939  2507  2652 D MediaProvider: object removed 4946
12-14 06:24:26.939  2507  2652 D MediaProvider: object removed 4947
12-14 06:24:26.939  2507  2652 D MediaProvider: object removed 4948
12-14 06:24:26.939  2507  2652 D MediaProvider: object removed 4949
12-14 06:24:26.939  2507  2652 D MediaProvider: object removed 4950
12-14 06:24:26.939  2507  2652 D MediaProvider: object removed 4951
12-14 06:24:26.939  2507  2652 D MediaProvider: object removed 4952
12-14 06:24:26.939  2507  2652 D MediaProvider: object removed 4953
12-14 06:24:26.939  2507  2652 D MediaProvider: object removed 4954
12-14 06:24:26.939  2507  2652 D MediaProvider: object removed 4955
12-14 06:24:26.939  2507  2652 D MediaProvider: object removed 4956
12-14 06:24:26.939  2507  2652 D MediaProvider: object removed 4957
12-14 06:24:26.939  2507  2652 D MediaProvider: object removed 4958
12-14 06:24:26.939  2507  2652 D MediaProvider: object removed 4959
12-14 06:24:26.939  2507  2652 D MediaProvider: object removed 4960
12-14 06:24:26.940  2507  2652 D MediaProvider: object removed 4961
12-14 06:24:26.940  2507  2652 D MediaProvider: object removed 4962
12-14 06:24:26.940  2507  2652 D MediaProvider: object removed 4963
12-14 06:24:26.940  2507  2652 D MediaProvider: object removed 4964
12-14 06:24:26.940  2507  2652 D MediaProvider: object removed 4965
12-14 06:24:26.940  2507  2652 D MediaProvider: object removed 4966
12-14 06:24:26.940  2507  2652 D MediaProvider: object removed 4967
12-14 06:24:26.940  2507  2652 D MediaProvider: object removed 4968
12-14 06:24:26.940  2507  2652 D MediaProvider: object removed 4969
12-14 06:24:26.940  2507  2652 D MediaProvider: object removed 4970
12-14 06:24:26.940  2507  2652 D MediaProvider: object removed 4971
12-14 06:24:26.940  2507  2652 D MediaProvider: object removed 4972
12-14 06:24:26.940  2507  2652 D MediaProvider: object removed 4973
12-14 06:24:26.940  2507  2652 D MediaProvider: object removed 4974
12-14 06:24:26.940  2507  2652 D MediaProvider: object removed 4975
12-14 06:24:26.940  2507  2652 D MediaProvider: object removed 4976
12-14 06:24:26.940  2507  2652 D MediaProvider: object removed 4977
12-14 06:24:26.940  2507  2652 D MediaProvider: object removed 4978
12-14 06:24:26.940  2507  2652 D MediaProvider: object removed 4979
12-14 06:24:26.940  2507  2652 D MediaProvider: object removed 4980
12-14 06:24:26.940  2507  2652 D MediaProvider: object removed 4981
12-14 06:24:26.940  2507  2652 D MediaProvider: object removed 4982
12-14 06:24:26.940  2507  2652 D MediaProvider: object removed 4983
12-14 06:24:26.941  2507  2652 D MediaProvider: object removed 4984
12-14 06:24:26.941  2507  2652 D MediaProvider: object removed 4985
12-14 06:24:26.941  2507  2652 D MediaProvider: object removed 4986
12-14 06:24:26.941  2507  2652 D MediaProvider: object removed 4987
12-14 06:24:26.941  2507  2652 D MediaProvider: object removed 4988
12-14 06:24:26.941  2507  2652 D MediaProvider: object removed 4989
12-14 06:24:26.941  2507  2652 D MediaProvider: object removed 4990
12-14 06:24:26.941  2507  2652 D MediaProvider: object removed 4991
12-14 06:24:26.941  2507  2652 D MediaProvider: object removed 4992
12-14 06:24:26.941  2507  2652 D MediaProvider: object removed 4993
12-14 06:24:26.941  2507  2652 D MediaProvider: object removed 4994
12-14 06:24:26.941  2507  2652 D MediaProvider: object removed 4995
12-14 06:24:26.941  2507  2652 D MediaProvider: object removed 4996
12-14 06:24:26.941  2507  2652 D MediaProvider: object removed 4997
12-14 06:24:26.941  2507  2652 D MediaProvider: object removed 4998
12-14 06:24:26.941  2507  2652 D MediaProvider: object removed 4999
12-14 06:24:26.941  2507  2652 D MediaProvider: object removed 5000
12-14 06:24:26.941  2507  2652 D MediaProvider: object removed 5001
12-14 06:24:26.941  2507  2652 D MediaProvider: object removed 5002
12-14 06:24:26.941  2507  2652 D MediaProvider: object removed 5003
12-14 06:24:26.941  2507  2652 D MediaProvider: object removed 5004
12-14 06:24:26.941  2507  2652 D MediaProvider: object removed 5005
12-14 06:24:26.941  2507  2652 D MediaProvider: object removed 5006
12-14 06:24:26.949  2507  2652 D MediaProvider: object removed 5007
12-14 06:24:26.949  2507  2652 D MediaProvider: object removed 5008
12-14 06:24:26.949  2507  2652 D MediaProvider: object removed 5009
12-14 06:24:26.949  2507  2652 D MediaProvider: object removed 5010
12-14 06:24:26.949  2507  2652 D MediaProvider: object removed 5011
12-14 06:24:26.949  2507  2652 D MediaProvider: object removed 5012
12-14 06:24:26.949  2507  2652 D MediaProvider: object removed 5013
12-14 06:24:26.949  2507  2652 D MediaProvider: object removed 5014
12-14 06:24:26.949  2507  2652 D MediaProvider: object removed 5015
12-14 06:24:26.949  2507  2652 D MediaProvider: object removed 5016
12-14 06:24:26.949  2507  2652 D MediaProvider: object removed 5017
12-14 06:24:26.949  2507  2652 D MediaProvider: object removed 5018
12-14 06:24:26.949  2507  2652 D MediaProvider: object removed 5019
12-14 06:24:26.949  2507  2652 D MediaProvider: object removed 5020
12-14 06:24:26.949  2507  2652 D MediaProvider: object removed 5021
12-14 06:24:26.949  2507  2652 D MediaProvider: object removed 5022
12-14 06:24:26.949  2507  2652 D MediaProvider: object removed 5023
12-14 06:24:26.949  2507  2652 D MediaProvider: object removed 5024
12-14 06:24:26.949  2507  2652 D MediaProvider: object removed 5025
12-14 06:24:26.949  2507  2652 D MediaProvider: object removed 5026
12-14 06:24:26.949  2507  2652 D MediaProvider: object removed 5027
12-14 06:24:26.949  2507  2652 D MediaProvider: object removed 5028
12-14 06:24:26.949  2507  2652 D MediaProvider: object removed 5029
12-14 06:24:26.949  2507  2652 D MediaProvider: object removed 5030
12-14 06:24:26.949  2507  2652 D MediaProvider: object removed 5031
12-14 06:24:26.949  2507  2652 D MediaProvider: object removed 5032
12-14 06:24:26.949  2507  2652 D MediaProvider: object removed 5033
12-14 06:24:26.949  2507  2652 D MediaProvider: object removed 5034
12-14 06:24:26.950  2507  2652 D MediaProvider: object removed 5035
12-14 06:24:26.950  2507  2652 D MediaProvider: object removed 5036
12-14 06:24:26.950  2507  2652 D MediaProvider: object removed 5037
12-14 06:24:26.950  2507  2652 D MediaProvider: object removed 5038
12-14 06:24:26.950  2507  2652 D MediaProvider: object removed 5039
12-14 06:24:26.950  2507  2652 D MediaProvider: object removed 5040
12-14 06:24:26.950  2507  2652 D MediaProvider: object removed 5041
12-14 06:24:26.950  2507  2652 D MediaProvider: object removed 5042
12-14 06:24:26.950  2507  2652 D MediaProvider: object removed 5043
12-14 06:24:26.950  2507  2652 D MediaProvider: object removed 5044
12-14 06:24:26.950  2507  2652 D MediaProvider: object removed 5045
12-14 06:24:26.950  2507  2652 D MediaProvider: object removed 5046
12-14 06:24:26.950  2507  2652 D MediaProvider: object removed 5047
12-14 06:24:26.950  2507  2652 D MediaProvider: object removed 5048
12-14 06:24:26.950  2507  2652 D MediaProvider: object removed 5049
12-14 06:24:26.950  2507  2652 D MediaProvider: object removed 5050
12-14 06:24:26.950  2507  2652 D MediaProvider: object removed 5051
12-14 06:24:26.950  2507  2652 D MediaProvider: object removed 5052
12-14 06:24:26.950  2507  2652 D MediaProvider: object removed 5053
12-14 06:24:26.950  2507  2652 D MediaProvider: object removed 5054
12-14 06:24:26.950  2507  2652 D MediaProvider: object removed 5055
12-14 06:24:26.950  2507  2652 D MediaProvider: object removed 5056
12-14 06:24:26.950  2507  2652 D MediaProvider: object removed 5057
12-14 06:24:26.950  2507  2652 D MediaProvider: object removed 5058
12-14 06:24:26.950  2507  2652 D MediaProvider: object removed 5059
12-14 06:24:26.950  2507  2652 D MediaProvider: object removed 5060
12-14 06:24:26.950  2507  2652 D MediaProvider: object removed 5061
12-14 06:24:26.950  2507  2652 D MediaProvider: object removed 5062
12-14 06:24:26.950  2507  2652 D MediaProvider: object removed 5063
12-14 06:24:26.950  2507  2652 D MediaProvider: object removed 5064
12-14 06:24:26.950  2507  2652 D MediaProvider: object removed 5065
12-14 06:24:26.950  2507  2652 D MediaProvider: object removed 5066
12-14 06:24:26.950  2507  2652 D MediaProvider: object removed 5067
12-14 06:24:26.950  2507  2652 D MediaProvider: object removed 5068
12-14 06:24:26.950  2507  2652 D MediaProvider: object removed 5069
12-14 06:24:26.950  2507  2652 D MediaProvider: object removed 5070
12-14 06:24:26.950  2507  2652 D MediaProvider: object removed 5071
12-14 06:24:26.950  2507  2652 D MediaProvider: object removed 5072
12-14 06:24:26.950  2507  2652 D MediaProvider: object removed 5073
12-14 06:24:26.950  2507  2652 D MediaProvider: object removed 5074
12-14 06:24:26.950  2507  2652 D MediaProvider: object removed 5075
12-14 06:24:26.951  2507  2652 D MediaProvider: object removed 5076
12-14 06:24:26.951  2507  2652 D MediaProvider: object removed 5077
12-14 06:24:26.951  2507  2652 D MediaProvider: object removed 5078
12-14 06:24:26.951  2507  2652 D MediaProvider: object removed 5079
12-14 06:24:26.951  2507  2652 D MediaProvider: object removed 5080
12-14 06:24:26.951  2507  2652 D MediaProvider: object removed 5081
12-14 06:24:26.951  2507  2652 D MediaProvider: object removed 5082
12-14 06:24:26.951  2507  2652 D MediaProvider: object removed 5083
12-14 06:24:26.951  2507  2652 D MediaProvider: object removed 5084
12-14 06:24:26.951  2507  2652 D MediaProvider: object removed 5085
12-14 06:24:26.951  2507  2652 D MediaProvider: object removed 5086
12-14 06:24:26.951  2507  2652 D MediaProvider: object removed 5087
12-14 06:24:26.951  2507  2652 D MediaProvider: object removed 5088
12-14 06:24:26.951  2507  2652 D MediaProvider: object removed 5089
12-14 06:24:26.951  2507  2652 D MediaProvider: object removed 5090
12-14 06:24:26.951  2507  2652 D MediaProvider: object removed 5091
12-14 06:24:26.951  2507  2652 D MediaProvider: object removed 5092
12-14 06:24:26.951  2507  2652 D MediaProvider: object removed 5093
12-14 06:24:26.951  2507  2652 D MediaProvider: object removed 5094
12-14 06:24:26.951  2507  2652 D MediaProvider: object removed 5095
12-14 06:24:26.951  2507  2652 D MediaProvider: object removed 5096
12-14 06:24:26.951  2507  2652 D MediaProvider: object removed 5097
12-14 06:24:26.951  2507  2652 D MediaProvider: object removed 5098
12-14 06:24:26.951  2507  2652 D MediaProvider: object removed 5099
12-14 06:24:26.951  2507  2652 D MediaProvider: object removed 5100
12-14 06:24:26.951  2507  2652 D MediaProvider: object removed 5101
12-14 06:24:26.951  2507  2652 D MediaProvider: object removed 5102
12-14 06:24:26.951  2507  2652 D MediaProvider: object removed 5103
12-14 06:24:26.951  2507  2652 D MediaProvider: object removed 5104
12-14 06:24:26.951  2507  2652 D MediaProvider: object removed 5105
12-14 06:24:26.951  2507  2652 D MediaProvider: object removed 5106
12-14 06:24:26.951  2507  2652 D MediaProvider: object removed 5107
12-14 06:24:26.961  2507  2652 D MediaProvider: object removed 5108
12-14 06:24:26.961  2507  2652 D MediaProvider: object removed 5109
12-14 06:24:26.961  2507  2652 D MediaProvider: object removed 5110
12-14 06:24:26.961  2507  2652 D MediaProvider: object removed 5111
12-14 06:24:26.961  2507  2652 D MediaProvider: object removed 5112
12-14 06:24:26.961  2507  2652 D MediaProvider: object removed 5113
12-14 06:24:26.961  2507  2652 D MediaProvider: object removed 5114
12-14 06:24:26.961  2507  2652 D MediaProvider: object removed 5115
12-14 06:24:26.961  2507  2652 D MediaProvider: object removed 5116
12-14 06:24:26.961  2507  2652 D MediaProvider: object removed 5117
12-14 06:24:26.961  2507  2652 D MediaProvider: object removed 5118
12-14 06:24:26.961  2507  2652 D MediaProvider: object removed 5119
12-14 06:24:26.961  2507  2652 D MediaProvider: object removed 5120
12-14 06:24:26.961  2507  2652 D MediaProvider: object removed 5121
12-14 06:24:26.961  2507  2652 D MediaProvider: object removed 5122
12-14 06:24:26.961  2507  2652 D MediaProvider: object removed 5123
12-14 06:24:26.961  2507  2652 D MediaProvider: object removed 5124
12-14 06:24:26.961  2507  2652 D MediaProvider: object removed 5125
12-14 06:24:26.961  2507  2652 D MediaProvider: object removed 5126
12-14 06:24:26.961  2507  2652 D MediaProvider: object removed 5127
12-14 06:24:26.961  2507  2652 D MediaProvider: object removed 5128
12-14 06:24:26.961  2507  2652 D MediaProvider: object removed 5129
12-14 06:24:26.961  2507  2652 D MediaProvider: object removed 5130
12-14 06:24:26.961  2507  2652 D MediaProvider: object removed 5131
12-14 06:24:26.961  2507  2652 D MediaProvider: object removed 5132
12-14 06:24:26.961  2507  2652 D MediaProvider: object removed 5133
12-14 06:24:26.961  2507  2652 D MediaProvider: object removed 5134
12-14 06:24:26.961  2507  2652 D MediaProvider: object removed 5135
12-14 06:24:26.961  2507  2652 D MediaProvider: object removed 5136
12-14 06:24:26.962  2507  2652 D MediaProvider: object removed 5137
12-14 06:24:26.962  2507  2652 D MediaProvider: object removed 5138
12-14 06:24:26.962  2507  2652 D MediaProvider: object removed 5139
12-14 06:24:26.962  2507  2652 D MediaProvider: object removed 5140
12-14 06:24:26.962  2507  2652 D MediaProvider: object removed 5141
12-14 06:24:26.962  2507  2652 D MediaProvider: object removed 5142
12-14 06:24:26.962  2507  2652 D MediaProvider: object removed 5143
12-14 06:24:26.962  2507  2652 D MediaProvider: object removed 5144
12-14 06:24:26.962  2507  2652 D MediaProvider: object removed 5145
12-14 06:24:26.962  2507  2652 D MediaProvider: object removed 5146
12-14 06:24:26.962  2507  2652 D MediaProvider: object removed 5147
12-14 06:24:26.962  2507  2652 D MediaProvider: object removed 5148
12-14 06:24:26.962  2507  2652 D MediaProvider: object removed 5149
12-14 06:24:26.962  2507  2652 D MediaProvider: object removed 5150
12-14 06:24:26.962  2507  2652 D MediaProvider: object removed 5151
12-14 06:24:26.962  2507  2652 D MediaProvider: object removed 5152
12-14 06:24:26.962  2507  2652 D MediaProvider: object removed 5153
12-14 06:24:26.962  2507  2652 D MediaProvider: object removed 5154
12-14 06:24:26.962  2507  2652 D MediaProvider: object removed 5155
12-14 06:24:26.962  2507  2652 D MediaProvider: object removed 5156
12-14 06:24:26.962  2507  2652 D MediaProvider: object removed 5157
12-14 06:24:26.962  2507  2652 D MediaProvider: object removed 5158
12-14 06:24:26.962  2507  2652 D MediaProvider: object removed 5159
12-14 06:24:26.962  2507  2652 D MediaProvider: object removed 5160
12-14 06:24:26.962  2507  2652 D MediaProvider: object removed 5161
12-14 06:24:26.962  2507  2652 D MediaProvider: object removed 5162
12-14 06:24:26.962  2507  2652 D MediaProvider: object removed 5163
12-14 06:24:26.962  2507  2652 D MediaProvider: object removed 5164
12-14 06:24:26.962  2507  2652 D MediaProvider: object removed 5165
12-14 06:24:26.962  2507  2652 D MediaProvider: object removed 5166
12-14 06:24:26.962  2507  2652 D MediaProvider: object removed 5167
12-14 06:24:26.962  2507  2652 D MediaProvider: object removed 5168
12-14 06:24:26.962  2507  2652 D MediaProvider: object removed 5169
12-14 06:24:26.962  2507  2652 D MediaProvider: object removed 5170
12-14 06:24:26.962  2507  2652 D MediaProvider: object removed 5171
12-14 06:24:26.962  2507  2652 D MediaProvider: object removed 5172
12-14 06:24:26.962  2507  2652 D MediaProvider: object removed 5173
12-14 06:24:26.962  2507  2652 D MediaProvider: object removed 5174
12-14 06:24:26.962  2507  2652 D MediaProvider: object removed 5175
12-14 06:24:26.963  2507  2652 D MediaProvider: object removed 5176
12-14 06:24:26.963  2507  2652 D MediaProvider: object removed 5177
12-14 06:24:26.963  2507  2652 D MediaProvider: object removed 5178
12-14 06:24:26.963  2507  2652 D MediaProvider: object removed 5179
12-14 06:24:26.963  2507  2652 D MediaProvider: object removed 5180
12-14 06:24:26.963  2507  2652 D MediaProvider: object removed 5181
12-14 06:24:26.963  2507  2652 D MediaProvider: object removed 5182
12-14 06:24:26.963  2507  2652 D MediaProvider: object removed 5183
12-14 06:24:26.963  2507  2652 D MediaProvider: object removed 5184
12-14 06:24:26.963  2507  2652 D MediaProvider: object removed 5185
12-14 06:24:26.963  2507  2652 D MediaProvider: object removed 5186
12-14 06:24:26.963  2507  2652 D MediaProvider: object removed 5187
12-14 06:24:26.963  2507  2652 D MediaProvider: object removed 5188
12-14 06:24:26.963  2507  2652 D MediaProvider: object removed 5189
12-14 06:24:26.963  2507  2652 D MediaProvider: object removed 5190
12-14 06:24:26.963  2507  2652 D MediaProvider: object removed 5191
12-14 06:24:26.963  2507  2652 D MediaProvider: object removed 5192
12-14 06:24:26.963  2507  2652 D MediaProvider: object removed 5193
12-14 06:24:26.963  2507  2652 D MediaProvider: object removed 5194
12-14 06:24:26.963  2507  2652 D MediaProvider: object removed 5195
12-14 06:24:26.963  2507  2652 D MediaProvider: object removed 5196
12-14 06:24:26.963  2507  2652 D MediaProvider: object removed 5197
12-14 06:24:26.963  2507  2652 D MediaProvider: object removed 5198
12-14 06:24:26.963  2507  2652 D MediaProvider: object removed 5199
12-14 06:24:26.963  2507  2652 D MediaProvider: object removed 5200
12-14 06:24:26.963  2507  2652 D MediaProvider: object removed 5201
12-14 06:24:26.963  2507  2652 D MediaProvider: object removed 5202
12-14 06:24:26.963  2507  2652 D MediaProvider: object removed 5203
12-14 06:24:26.963  2507  2652 D MediaProvider: object removed 5204
12-14 06:24:26.963  2507  2652 D MediaProvider: object removed 5205
12-14 06:24:26.963  2507  2652 D MediaProvider: object removed 5206
12-14 06:24:26.963  2507  2652 D MediaProvider: object removed 5207
12-14 06:24:26.963  2507  2652 D MediaProvider: object removed 5208
12-14 06:24:26.968  2059  2469 I ActivityManager: Start proc 2806:com.android.exchange/u0a16 for service com.android.exchange/.service.EasService
12-14 06:24:26.972  2806  2806 I ActivityThread: Switching default density from 160 to 240
12-14 06:24:26.973  2783  2826 D ActivityThread: Loading provider com.android.email.provider;com.android.email.notifier: com.android.email.provider.EmailProvider
12-14 06:24:26.973  2783  2831 D ActivityThread: Loading provider com.android.email.provider;com.android.email.notifier: com.android.email.provider.EmailProvider
12-14 06:24:26.974  2783  2833 D ActivityThread: Loading provider com.android.email.provider;com.android.email.notifier: com.android.email.provider.EmailProvider
12-14 06:24:26.975  2783  2835 D ActivityThread: Loading provider com.android.email.provider;com.android.email.notifier: com.android.email.provider.EmailProvider
12-14 06:24:26.976  2507  2652 D MediaProvider: object removed 5209
12-14 06:24:26.976  2507  2652 D MediaProvider: object removed 5210
12-14 06:24:26.976  2507  2652 D MediaProvider: object removed 5211
12-14 06:24:26.976  2507  2652 D MediaProvider: object removed 5212
12-14 06:24:26.976  2507  2652 D MediaProvider: object removed 5213
12-14 06:24:26.976  2507  2652 D MediaProvider: object removed 5214
12-14 06:24:26.976  2507  2652 D MediaProvider: object removed 5215
12-14 06:24:26.976  2507  2652 D MediaProvider: object removed 5216
12-14 06:24:26.976  2507  2652 D MediaProvider: object removed 5217
12-14 06:24:26.976  2507  2652 D MediaProvider: object removed 5218
12-14 06:24:26.976  2507  2652 D MediaProvider: object removed 5219
12-14 06:24:26.976  2507  2652 D MediaProvider: object removed 5220
12-14 06:24:26.976  2507  2652 D MediaProvider: object removed 5221
12-14 06:24:26.976  2507  2652 D MediaProvider: object removed 5222
12-14 06:24:26.976  2507  2652 D MediaProvider: object removed 5223
12-14 06:24:26.976  2507  2652 D MediaProvider: object removed 5224
12-14 06:24:26.976  2507  2652 D MediaProvider: object removed 5225
12-14 06:24:26.976  2507  2652 D MediaProvider: object removed 5226
12-14 06:24:26.976  2507  2652 D MediaProvider: object removed 5227
12-14 06:24:26.976  2507  2652 D MediaProvider: object removed 5228
12-14 06:24:26.976  2507  2652 D MediaProvider: object removed 5229
12-14 06:24:26.976  2507  2652 D MediaProvider: object removed 5230
12-14 06:24:26.976  2507  2652 D MediaProvider: object removed 5231
12-14 06:24:26.976  2507  2652 D MediaProvider: object removed 5232
12-14 06:24:26.976  2507  2652 D MediaProvider: object removed 5233
12-14 06:24:26.976  2507  2652 D MediaProvider: object removed 5234
12-14 06:24:26.976  2507  2652 D MediaProvider: object removed 5235
12-14 06:24:26.976  2507  2652 D MediaProvider: object removed 5236
12-14 06:24:26.976  2507  2652 D MediaProvider: object removed 5237
12-14 06:24:26.976  2507  2652 D MediaProvider: object removed 5238
12-14 06:24:26.976  2507  2652 D MediaProvider: object removed 5239
12-14 06:24:26.977  2507  2652 D MediaProvider: object removed 5240
12-14 06:24:26.977  2507  2652 D MediaProvider: object removed 5241
12-14 06:24:26.977  2507  2652 D MediaProvider: object removed 5242
12-14 06:24:26.977  2507  2652 D MediaProvider: object removed 5243
12-14 06:24:26.977  2507  2652 D MediaProvider: object removed 5244
12-14 06:24:26.977  2507  2652 D MediaProvider: object removed 5245
12-14 06:24:26.977  2507  2652 D MediaProvider: object removed 5246
12-14 06:24:26.977  2507  2652 D MediaProvider: object removed 5247
12-14 06:24:26.977  2507  2652 D MediaProvider: object removed 5248
12-14 06:24:26.977  2507  2652 D MediaProvider: object removed 5249
12-14 06:24:26.977  2507  2652 D MediaProvider: object removed 5250
12-14 06:24:26.977  2507  2652 D MediaProvider: object removed 5251
12-14 06:24:26.977  2507  2652 D MediaProvider: object removed 5252
12-14 06:24:26.977  2507  2652 D MediaProvider: object removed 5253
12-14 06:24:26.977  2507  2652 D MediaProvider: object removed 5254
12-14 06:24:26.977  2507  2652 D MediaProvider: object removed 5255
12-14 06:24:26.977  2507  2652 D MediaProvider: object removed 5256
12-14 06:24:26.977  2507  2652 D MediaProvider: object removed 5257
12-14 06:24:26.977  2507  2652 D MediaProvider: object removed 5258
12-14 06:24:26.977  2507  2652 D MediaProvider: object removed 5259
12-14 06:24:26.977  2507  2652 D MediaProvider: object removed 5260
12-14 06:24:26.977  2507  2652 D MediaProvider: object removed 5261
12-14 06:24:26.977  2507  2652 D MediaProvider: object removed 5262
12-14 06:24:26.977  2507  2652 D MediaProvider: object removed 5263
12-14 06:24:26.977  2507  2652 D MediaProvider: object removed 5264
12-14 06:24:26.977  2507  2652 D MediaProvider: object removed 5265
12-14 06:24:26.977  2507  2652 D MediaProvider: object removed 5266
12-14 06:24:26.977  2507  2652 D MediaProvider: object removed 5267
12-14 06:24:26.977  2507  2652 D MediaProvider: object removed 5268
12-14 06:24:26.977  2507  2652 D MediaProvider: object removed 5269
12-14 06:24:26.977  2507  2652 D MediaProvider: object removed 5270
12-14 06:24:26.977  2507  2652 D MediaProvider: object removed 5271
12-14 06:24:26.977  2507  2652 D MediaProvider: object removed 5272
12-14 06:24:26.977  2507  2652 D MediaProvider: object removed 5273
12-14 06:24:26.977  2507  2652 D MediaProvider: object removed 5274
12-14 06:24:26.977  2507  2652 D MediaProvider: object removed 5275
12-14 06:24:26.977  2507  2652 D MediaProvider: object removed 5276
12-14 06:24:26.977  2507  2652 D MediaProvider: object removed 5277
12-14 06:24:26.977  2507  2652 D MediaProvider: object removed 5278
12-14 06:24:26.977  2507  2652 D MediaProvider: object removed 5279
12-14 06:24:26.977  2507  2652 D MediaProvider: object removed 5280
12-14 06:24:26.977  2507  2652 D MediaProvider: object removed 5281
12-14 06:24:26.977  2507  2652 D MediaProvider: object removed 5282
12-14 06:24:26.977  2507  2652 D MediaProvider: object removed 5283
12-14 06:24:26.977  2507  2652 D MediaProvider: object removed 5284
12-14 06:24:26.977  2507  2652 D MediaProvider: object removed 5285
12-14 06:24:26.977  2507  2652 D MediaProvider: object removed 5286
12-14 06:24:26.977  2507  2652 D MediaProvider: object removed 5287
12-14 06:24:26.977  2507  2652 D MediaProvider: object removed 5288
12-14 06:24:26.977  2507  2652 D MediaProvider: object removed 5289
12-14 06:24:26.977  2507  2652 D MediaProvider: object removed 5290
12-14 06:24:26.977  2507  2652 D MediaProvider: object removed 5291
12-14 06:24:26.977  2507  2652 D MediaProvider: object removed 5292
12-14 06:24:26.977  2507  2652 D MediaProvider: object removed 5293
12-14 06:24:26.977  2507  2652 D MediaProvider: object removed 5294
12-14 06:24:26.978  2507  2652 D MediaProvider: object removed 5295
12-14 06:24:26.978  2507  2652 D MediaProvider: object removed 5296
12-14 06:24:26.978  2507  2652 D MediaProvider: object removed 5297
12-14 06:24:26.978  2507  2652 D MediaProvider: object removed 5298
12-14 06:24:26.978  2507  2652 D MediaProvider: object removed 5299
12-14 06:24:26.978  2507  2652 D MediaProvider: object removed 5300
12-14 06:24:26.978  2507  2652 D MediaProvider: object removed 5301
12-14 06:24:26.978  2507  2652 D MediaProvider: object removed 5302
12-14 06:24:26.978  2507  2652 D MediaProvider: object removed 5303
12-14 06:24:26.978  2507  2652 D MediaProvider: object removed 5304
12-14 06:24:26.978  2507  2652 D MediaProvider: object removed 5305
12-14 06:24:26.978  2507  2652 D MediaProvider: object removed 5306
12-14 06:24:26.978  2507  2652 D MediaProvider: object removed 5307
12-14 06:24:26.978  2507  2652 D MediaProvider: object removed 5308
12-14 06:24:26.978  2507  2652 D MediaProvider: object removed 5309
12-14 06:24:26.987  2240  2240 I SystemBroadcastReceiver: Boot has been completed
12-14 06:24:26.987  2240  2240 I LauncherIconVisibilityManager: Activity has already been disabled: ComponentInfo{com.android.inputmethod.latin/com.android.inputmethod.latin.setup.SetupActivity}
12-14 06:24:26.992  2507  2652 D MediaProvider: object removed 5310
12-14 06:24:26.992  2507  2652 D MediaProvider: object removed 5311
12-14 06:24:26.992  2507  2652 D MediaProvider: object removed 5312
12-14 06:24:26.993  2507  2652 D MediaProvider: object removed 5313
12-14 06:24:26.993  2507  2652 D MediaProvider: object removed 5314
12-14 06:24:26.993  2507  2652 D MediaProvider: object removed 5315
12-14 06:24:26.993  2507  2652 D MediaProvider: object removed 5316
12-14 06:24:26.993  2507  2652 D MediaProvider: object removed 5317
12-14 06:24:26.993  2507  2652 D MediaProvider: object removed 5318
12-14 06:24:26.993  2507  2652 D MediaProvider: object removed 5319
12-14 06:24:26.993  2507  2652 D MediaProvider: object removed 5320
12-14 06:24:26.993  2507  2652 D MediaProvider: object removed 5321
12-14 06:24:26.993  2507  2652 D MediaProvider: object removed 5322
12-14 06:24:26.993  2507  2652 D MediaProvider: object removed 5323
12-14 06:24:26.993  2507  2652 D MediaProvider: object removed 5324
12-14 06:24:26.993  2507  2652 D MediaProvider: object removed 5325
12-14 06:24:26.993  2507  2652 D MediaProvider: object removed 5326
12-14 06:24:26.993  2507  2652 D MediaProvider: object removed 5327
12-14 06:24:26.993  2507  2652 D MediaProvider: object removed 5328
12-14 06:24:26.993  2507  2652 D MediaProvider: object removed 5329
12-14 06:24:26.993  2507  2652 D MediaProvider: object removed 5330
12-14 06:24:26.993  2507  2652 D MediaProvider: object removed 5331
12-14 06:24:26.993  2507  2652 D MediaProvider: object removed 5332
12-14 06:24:26.993  2507  2652 D MediaProvider: object removed 5333
12-14 06:24:26.993  2507  2652 D MediaProvider: object removed 5334
12-14 06:24:26.993  2507  2652 D MediaProvider: object removed 5335
12-14 06:24:26.993  2507  2652 D MediaProvider: object removed 5336
12-14 06:24:26.993  2507  2652 D MediaProvider: object removed 5337
12-14 06:24:26.993  2507  2652 D MediaProvider: object removed 5338
12-14 06:24:26.993  2507  2652 D MediaProvider: object removed 5339
12-14 06:24:26.993  2507  2652 D MediaProvider: object removed 5340
12-14 06:24:26.993  2507  2652 D MediaProvider: object removed 5341
12-14 06:24:26.993  2507  2652 D MediaProvider: object removed 5342
12-14 06:24:26.993  2507  2652 D MediaProvider: object removed 5343
12-14 06:24:26.993  2507  2652 D MediaProvider: object removed 5344
12-14 06:24:26.993  2507  2652 D MediaProvider: object removed 5345
12-14 06:24:26.993  2507  2652 D MediaProvider: object removed 5346
12-14 06:24:26.993  2507  2652 D MediaProvider: object removed 5347
12-14 06:24:26.993  2507  2652 D MediaProvider: object removed 5348
12-14 06:24:26.993  2507  2652 D MediaProvider: object removed 5349
12-14 06:24:26.993  2507  2652 D MediaProvider: object removed 5350
12-14 06:24:26.993  2507  2652 D MediaProvider: object removed 5351
12-14 06:24:26.993  2507  2652 D MediaProvider: object removed 5352
12-14 06:24:26.993  2507  2652 D MediaProvider: object removed 5353
12-14 06:24:26.993  2507  2652 D MediaProvider: object removed 5354
12-14 06:24:26.994  2507  2652 D MediaProvider: object removed 5355
12-14 06:24:26.994  2507  2652 D MediaProvider: object removed 5356
12-14 06:24:26.994  2507  2652 D MediaProvider: object removed 5357
12-14 06:24:26.994  2507  2652 D MediaProvider: object removed 5358
12-14 06:24:26.994  2507  2652 D MediaProvider: object removed 5359
12-14 06:24:26.994  2507  2652 D MediaProvider: object removed 5360
12-14 06:24:26.994  2507  2652 D MediaProvider: object removed 5361
12-14 06:24:26.994  2507  2652 D MediaProvider: object removed 5362
12-14 06:24:26.994  2507  2652 D MediaProvider: object removed 5363
12-14 06:24:26.994  2507  2652 D MediaProvider: object removed 5364
12-14 06:24:26.994  2507  2652 D MediaProvider: object removed 5365
12-14 06:24:26.994  2507  2652 D MediaProvider: object removed 5366
12-14 06:24:26.994  2507  2652 D MediaProvider: object removed 5367
12-14 06:24:26.994  2507  2652 D MediaProvider: object removed 5368
12-14 06:24:26.994  2507  2652 D MediaProvider: object removed 5369
12-14 06:24:26.994  2507  2652 D MediaProvider: object removed 5370
12-14 06:24:26.994  2507  2652 D MediaProvider: object removed 5371
12-14 06:24:26.994  2507  2652 D MediaProvider: object removed 5372
12-14 06:24:26.994  2507  2652 D MediaProvider: object removed 5373
12-14 06:24:26.994  2507  2652 D MediaProvider: object removed 5374
12-14 06:24:26.994  2507  2652 D MediaProvider: object removed 5375
12-14 06:24:26.994  2507  2652 D MediaProvider: object removed 5376
12-14 06:24:26.994  2507  2652 D MediaProvider: object removed 5377
12-14 06:24:26.994  2507  2652 D MediaProvider: object removed 5378
12-14 06:24:26.994  2507  2652 D MediaProvider: object removed 5379
12-14 06:24:26.994  2507  2652 D MediaProvider: object removed 5380
12-14 06:24:26.994  2507  2652 D MediaProvider: object removed 5381
12-14 06:24:26.994  2507  2652 D MediaProvider: object removed 5382
12-14 06:24:26.994  2507  2652 D MediaProvider: object removed 5383
12-14 06:24:26.994  2507  2652 D MediaProvider: object removed 5384
12-14 06:24:26.994  2507  2652 D MediaProvider: object removed 5385
12-14 06:24:26.994  2507  2652 D MediaProvider: object removed 5386
12-14 06:24:26.994  2507  2652 D MediaProvider: object removed 5387
12-14 06:24:26.994  2507  2652 D MediaProvider: object removed 5388
12-14 06:24:26.994  2507  2652 D MediaProvider: object removed 5389
12-14 06:24:26.994  2507  2652 D MediaProvider: object removed 5390
12-14 06:24:26.994  2507  2652 D MediaProvider: object removed 5391
12-14 06:24:26.994  2507  2652 D MediaProvider: object removed 5392
12-14 06:24:26.994  2507  2652 D MediaProvider: object removed 5393
12-14 06:24:26.994  2507  2652 D MediaProvider: object removed 5394
12-14 06:24:26.994  2507  2652 D MediaProvider: object removed 5395
12-14 06:24:26.994  2507  2652 D MediaProvider: object removed 5396
12-14 06:24:26.994  2507  2652 D MediaProvider: object removed 5397
12-14 06:24:26.994  2507  2652 D MediaProvider: object removed 5398
12-14 06:24:26.994  2507  2652 D MediaProvider: object removed 5399
12-14 06:24:26.994  2507  2652 D MediaProvider: object removed 5400
12-14 06:24:26.994  2507  2652 D MediaProvider: object removed 5401
12-14 06:24:26.994  2507  2652 D MediaProvider: object removed 5402
12-14 06:24:26.994  2507  2652 D MediaProvider: object removed 5403
12-14 06:24:26.994  2507  2652 D MediaProvider: object removed 5404
12-14 06:24:26.995  2507  2652 D MediaProvider: object removed 5405
12-14 06:24:26.995  2507  2652 D MediaProvider: object removed 5406
12-14 06:24:26.995  2507  2652 D MediaProvider: object removed 5407
12-14 06:24:26.995  2507  2652 D MediaProvider: object removed 5408
12-14 06:24:26.995  2507  2652 D MediaProvider: object removed 5409
12-14 06:24:26.995  2507  2652 D MediaProvider: object removed 5410
12-14 06:24:27.003  2059  2470 I ActivityManager: Start proc 2841:com.android.deskclock/u0a28 for broadcast com.android.deskclock/.AlarmInitReceiver
12-14 06:24:27.003  2059  2344 W ActivityManager: Unable to start service Intent { cmp=com.android.email/.service.AttachmentService } U=0: not found
12-14 06:24:27.003  2059  2307 W ActivityManager: Unable to start service Intent { cmp=com.android.email/.service.AttachmentService } U=0: not found
12-14 06:24:27.003  2059  2467 W ActivityManager: Unable to start service Intent { cmp=com.android.email/.service.AttachmentService } U=0: not found
12-14 06:24:27.004  2059  2470 W ActivityManager: Unable to start service Intent { cmp=com.android.email/.service.AttachmentService } U=0: not found
12-14 06:24:27.004  2059  2307 W ActivityManager: Unable to start service Intent { cmp=com.android.email/.service.AttachmentService } U=0: not found
12-14 06:24:27.005  2783  2854 I Email   : Observing account changes for notifications
12-14 06:24:27.006  2806  2806 I Exchange: EasService.onCreate
12-14 06:24:27.006  1802  1802 I art     : Explicit concurrent mark sweep GC freed 706(30KB) AllocSpace objects, 0(0B) LOS objects, 39% free, 1950KB/3MB, paused 32us total 3.302ms
12-14 06:24:27.007  2507  2652 D MediaProvider: object removed 5411
12-14 06:24:27.007  2507  2652 D MediaProvider: object removed 5412
12-14 06:24:27.007  2507  2652 D MediaProvider: object removed 5413
12-14 06:24:27.007  2507  2652 D MediaProvider: object removed 5414
12-14 06:24:27.007  2507  2652 D MediaProvider: object removed 5415
12-14 06:24:27.007  2507  2652 D MediaProvider: object removed 5416
12-14 06:24:27.007  2507  2652 D MediaProvider: object removed 5417
12-14 06:24:27.007  2507  2652 D MediaProvider: object removed 5418
12-14 06:24:27.007  2507  2652 D MediaProvider: object removed 5419
12-14 06:24:27.007  2507  2652 D MediaProvider: object removed 5420
12-14 06:24:27.007  2507  2652 D MediaProvider: object removed 5421
12-14 06:24:27.007  2507  2652 D MediaProvider: object removed 5422
12-14 06:24:27.007  2507  2652 D MediaProvider: object removed 5423
12-14 06:24:27.007  2507  2652 D MediaProvider: object removed 5424
12-14 06:24:27.007  2507  2652 D MediaProvider: object removed 5425
12-14 06:24:27.007  2507  2652 D MediaProvider: object removed 5426
12-14 06:24:27.007  2507  2652 D MediaProvider: object removed 5427
12-14 06:24:27.007  2507  2652 D MediaProvider: object removed 5428
12-14 06:24:27.007  2507  2652 D MediaProvider: object removed 5429
12-14 06:24:27.007  2507  2652 D MediaProvider: object removed 5430
12-14 06:24:27.007  2507  2652 D MediaProvider: object removed 5431
12-14 06:24:27.008  2507  2652 D MediaProvider: object removed 5432
12-14 06:24:27.008  2507  2652 D MediaProvider: object removed 5433
12-14 06:24:27.008  2507  2652 D MediaProvider: object removed 5434
12-14 06:24:27.008  2507  2652 D MediaProvider: object removed 5435
12-14 06:24:27.008  2507  2652 D MediaProvider: object removed 5436
12-14 06:24:27.008  2507  2652 D MediaProvider: object removed 5437
12-14 06:24:27.008  2507  2652 D MediaProvider: object removed 5438
12-14 06:24:27.008  2507  2652 D MediaProvider: object removed 5439
12-14 06:24:27.008  2507  2652 D MediaProvider: object removed 5440
12-14 06:24:27.008  2507  2652 D MediaProvider: object removed 5441
12-14 06:24:27.008  2507  2652 D MediaProvider: object removed 5442
12-14 06:24:27.008  2507  2652 D MediaProvider: object removed 5443
12-14 06:24:27.008  2507  2652 D MediaProvider: object removed 5444
12-14 06:24:27.008  2507  2652 D MediaProvider: object removed 5445
12-14 06:24:27.008  2507  2652 D MediaProvider: object removed 5446
12-14 06:24:27.008  2507  2652 D MediaProvider: object removed 5447
12-14 06:24:27.008  2507  2652 D MediaProvider: object removed 5448
12-14 06:24:27.008  2507  2652 D MediaProvider: object removed 5449
12-14 06:24:27.008  2507  2652 D MediaProvider: object removed 5450
12-14 06:24:27.008  2507  2652 D MediaProvider: object removed 5451
12-14 06:24:27.008  2507  2652 D MediaProvider: object removed 5452
12-14 06:24:27.008  2507  2652 D MediaProvider: object removed 5453
12-14 06:24:27.008  2507  2652 D MediaProvider: object removed 5454
12-14 06:24:27.008  2507  2652 D MediaProvider: object removed 5455
12-14 06:24:27.008  2507  2652 D MediaProvider: object removed 5456
12-14 06:24:27.008  2507  2652 D MediaProvider: object removed 5457
12-14 06:24:27.008  2507  2652 D MediaProvider: object removed 5458
12-14 06:24:27.008  2507  2652 D MediaProvider: object removed 5459
12-14 06:24:27.008  2507  2652 D MediaProvider: object removed 5460
12-14 06:24:27.008  2507  2652 D MediaProvider: object removed 5461
12-14 06:24:27.008  2507  2652 D MediaProvider: object removed 5462
12-14 06:24:27.008  2507  2652 D MediaProvider: object removed 5463
12-14 06:24:27.008  2507  2652 D MediaProvider: object removed 5464
12-14 06:24:27.008  2507  2652 D MediaProvider: object removed 5465
12-14 06:24:27.008  2507  2652 D MediaProvider: object removed 5466
12-14 06:24:27.008  2507  2652 D MediaProvider: object removed 5467
12-14 06:24:27.008  2507  2652 D MediaProvider: object removed 5468
12-14 06:24:27.008  2507  2652 D MediaProvider: object removed 5469
12-14 06:24:27.008  2507  2652 D MediaProvider: object removed 5470
12-14 06:24:27.009  2507  2652 D MediaProvider: object removed 5471
12-14 06:24:27.009  2507  2652 D MediaProvider: object removed 5472
12-14 06:24:27.009  2507  2652 D MediaProvider: object removed 5473
12-14 06:24:27.009  2507  2652 D MediaProvider: object removed 5474
12-14 06:24:27.009  2507  2652 D MediaProvider: object removed 5475
12-14 06:24:27.009  2507  2652 D MediaProvider: object removed 5476
12-14 06:24:27.009  2507  2652 D MediaProvider: object removed 5477
12-14 06:24:27.009  2507  2652 D MediaProvider: object removed 5478
12-14 06:24:27.009  2507  2652 D MediaProvider: object removed 5479
12-14 06:24:27.009  2507  2652 D MediaProvider: object removed 5480
12-14 06:24:27.009  2507  2652 D MediaProvider: object removed 5481
12-14 06:24:27.009  2507  2652 D MediaProvider: object removed 5482
12-14 06:24:27.009  2507  2652 D MediaProvider: object removed 5483
12-14 06:24:27.009  2507  2652 D MediaProvider: object removed 5484
12-14 06:24:27.009  2507  2652 D MediaProvider: object removed 5485
12-14 06:24:27.009  2507  2652 D MediaProvider: object removed 5486
12-14 06:24:27.009  2507  2652 D MediaProvider: object removed 5487
12-14 06:24:27.009  2507  2652 D MediaProvider: object removed 5488
12-14 06:24:27.009  2507  2652 D MediaProvider: object removed 5489
12-14 06:24:27.009  2507  2652 D MediaProvider: object removed 5490
12-14 06:24:27.009  2507  2652 D MediaProvider: object removed 5491
12-14 06:24:27.009  2507  2652 D MediaProvider: object removed 5492
12-14 06:24:27.009  2507  2652 D MediaProvider: object removed 5493
12-14 06:24:27.009  2507  2652 D MediaProvider: object removed 5494
12-14 06:24:27.009  2507  2652 D MediaProvider: object removed 5495
12-14 06:24:27.009  2507  2652 D MediaProvider: object removed 5496
12-14 06:24:27.009  2507  2652 D MediaProvider: object removed 5497
12-14 06:24:27.009  2507  2652 D MediaProvider: object removed 5498
12-14 06:24:27.009  2507  2652 D MediaProvider: object removed 5499
12-14 06:24:27.009  2507  2652 D MediaProvider: object removed 5500
12-14 06:24:27.009  2507  2652 D MediaProvider: object removed 5501
12-14 06:24:27.009  2507  2652 D MediaProvider: object removed 5502
12-14 06:24:27.009  2507  2652 D MediaProvider: object removed 5503
12-14 06:24:27.009  2507  2652 D MediaProvider: object removed 5504
12-14 06:24:27.009  2507  2652 D MediaProvider: object removed 5505
12-14 06:24:27.009  2507  2652 D MediaProvider: object removed 5506
12-14 06:24:27.009  2507  2652 D MediaProvider: object removed 5507
12-14 06:24:27.010  2507  2652 D MediaProvider: object removed 5508
12-14 06:24:27.010  2507  2652 D MediaProvider: object removed 5509
12-14 06:24:27.010  2507  2652 D MediaProvider: object removed 5510
12-14 06:24:27.010  2841  2841 I ActivityThread: Switching default density from 160 to 240
12-14 06:24:27.010  2507  2652 D MediaProvider: object removed 5511
12-14 06:24:27.010  2806  2865 I Exchange: RestartPingTask
12-14 06:24:27.010  1802  1802 I art     : Explicit concurrent mark sweep GC freed 5(160B) AllocSpace objects, 0(0B) LOS objects, 39% free, 1950KB/3MB, paused 29us total 3.329ms
12-14 06:24:27.012  2806  2806 I Exchange: RestartPingsTask did not start any pings.
12-14 06:24:27.012  2806  2806 I Exchange: PSS stopIfIdle
12-14 06:24:27.012  2806  2806 I Exchange: PSS has no active accounts; stopping service.
12-14 06:24:27.013  1802  1802 I art     : Explicit concurrent mark sweep GC freed 5(160B) AllocSpace objects, 0(0B) LOS objects, 39% free, 1950KB/3MB, paused 23us total 2.843ms
12-14 06:24:27.014  2783  2783 E ActivityThread: Service com.android.email.service.EmailBroadcastProcessorService has leaked ServiceConnection com.android.emailcommon.service.ServiceProxy$ProxyConnection@b9e509a that was originally bound here
12-14 06:24:27.014  2783  2783 E ActivityThread: android.app.ServiceConnectionLeaked: Service com.android.email.service.EmailBroadcastProcessorService has leaked ServiceConnection com.android.emailcommon.service.ServiceProxy$ProxyConnection@b9e509a that was originally bound here
12-14 06:24:27.014  2783  2783 E ActivityThread: 	at android.app.LoadedApk$ServiceDispatcher.<init>(LoadedApk.java:1077)
12-14 06:24:27.014  2783  2783 E ActivityThread: 	at android.app.LoadedApk.getServiceDispatcher(LoadedApk.java:971)
12-14 06:24:27.014  2783  2783 E ActivityThread: 	at android.app.ContextImpl.bindServiceCommon(ContextImpl.java:1774)
12-14 06:24:27.014  2783  2783 E ActivityThread: 	at android.app.ContextImpl.bindService(ContextImpl.java:1757)
12-14 06:24:27.014  2783  2783 E ActivityThread: 	at android.content.ContextWrapper.bindService(ContextWrapper.java:539)
12-14 06:24:27.014  2783  2783 E ActivityThread: 	at com.android.emailcommon.service.ServiceProxy.setTask(ServiceProxy.java:181)
12-14 06:24:27.014  2783  2783 E ActivityThread: 	at com.android.emailcommon.service.ServiceProxy.test(ServiceProxy.java:224)
12-14 06:24:27.014  2783  2783 E ActivityThread: 	at com.android.email.service.EmailServiceUtils.isServiceAvailable(EmailServiceUtils.java:160)
12-14 06:24:27.014  2783  2783 E ActivityThread: 	at com.android.email.provider.AccountReconciler.reconcileAccountsInternal(AccountReconciler.java:171)
12-14 06:24:27.014  2783  2783 E ActivityThread: 	at com.android.email.provider.AccountReconciler.reconcileAccounts(AccountReconciler.java:115)
12-14 06:24:27.014  2783  2783 E ActivityThread: 	at com.android.email.service.EmailBroadcastProcessorService.reconcileAndStartServices(EmailBroadcastProcessorService.java:305)
12-14 06:24:27.014  2783  2783 E ActivityThread: 	at com.android.email.service.EmailBroadcastProcessorService.onBootCompleted(EmailBroadcastProcessorService.java:295)
12-14 06:24:27.014  2783  2783 E ActivityThread: 	at com.android.email.service.EmailBroadcastProcessorService.onHandleIntent(EmailBroadcastProcessorService.java:130)
12-14 06:24:27.014  2783  2783 E ActivityThread: 	at android.app.IntentService$ServiceHandler.handleMessage(IntentService.java:65)
12-14 06:24:27.014  2783  2783 E ActivityThread: 	at android.os.Handler.dispatchMessage(Handler.java:102)
12-14 06:24:27.014  2783  2783 E ActivityThread: 	at android.os.Looper.loop(Looper.java:135)
12-14 06:24:27.014  2783  2783 E ActivityThread: 	at android.os.HandlerThread.run(HandlerThread.java:61)
12-14 06:24:27.017  2783  2826 E EmailServiceProxy: RuntimeException when trying to unbind from service
12-14 06:24:27.017  2783  2826 E EmailServiceProxy: java.lang.IllegalArgumentException: Service not registered: com.android.emailcommon.service.ServiceProxy$ProxyConnection@b9e509a
12-14 06:24:27.017  2783  2826 E EmailServiceProxy: 	at android.app.LoadedApk.forgetServiceDispatcher(LoadedApk.java:1029)
12-14 06:24:27.017  2783  2826 E EmailServiceProxy: 	at android.app.ContextImpl.unbindService(ContextImpl.java:1808)
12-14 06:24:27.017  2783  2826 E EmailServiceProxy: 	at android.content.ContextWrapper.unbindService(ContextWrapper.java:551)
12-14 06:24:27.017  2783  2826 E EmailServiceProxy: 	at com.android.emailcommon.service.ServiceProxy$ProxyConnection$1.doInBackground(ServiceProxy.java:124)
12-14 06:24:27.017  2783  2826 E EmailServiceProxy: 	at com.android.emailcommon.service.ServiceProxy$ProxyConnection$1.doInBackground(ServiceProxy.java:111)
12-14 06:24:27.017  2783  2826 E EmailServiceProxy: 	at android.os.AsyncTask$2.call(AsyncTask.java:292)
