01-07 05:27:12.469  4538  4570 W System.err: 	at com.tencent.smtt.webkit.service.SmttServiceProxy.getAndroidEnableFreakfixer(Unknown Source)
01-07 05:27:12.469  4538  4570 W System.err: 	at com.tencent.smtt.webkit.ContextHolder.setContext(Unknown Source)
01-07 05:27:12.469  4538  4570 W System.err: 	at java.lang.reflect.Method.invoke(Native Method)
01-07 05:27:12.469  4538  4570 W System.err: 	at java.lang.reflect.Method.invoke(Method.java:372)
01-07 05:27:12.469  4538  4570 W System.err: 	at com.tencent.smtt.export.external.DexLoader.invokeMethod(DexLoader.java:76)
01-07 05:27:12.469  4538  4570 W System.err: 	at com.tencent.smtt.export.external.WebViewWizardBase.invokeMethod(WebViewWizardBase.java:1344)
01-07 05:27:12.469  4538  4570 W System.err: 	at com.tencent.smtt.export.external.WebViewWizardBase.setContextHolderParams(WebViewWizardBase.java:158)
01-07 05:27:12.469  4538  4570 W System.err: 	at com.tencent.mtt.browser.x5.b.b.B(RQDSRC:198)
01-07 05:27:12.469  4538  4570 W System.err: 	at com.tencent.mtt.browser.x5.b.b.load(RQDSRC:92)
01-07 05:27:12.469  4538  4570 W System.err: 	at com.tencent.mtt.boot.browser.d.run(RQDSRC:60)
01-07 05:27:12.469  4538  4570 W System.err: 	at android.os.Handler.handleCallback(Handler.java:739)
01-07 05:27:12.469  4538  4570 W System.err: 	at android.os.Handler.dispatchMessage(Handler.java:95)
01-07 05:27:12.469  4538  4570 W System.err: 	at android.os.Looper.loop(Looper.java:135)
01-07 05:27:12.469  4538  4570 W System.err: 	at android.os.HandlerThread.run(HandlerThread.java:61)
01-07 05:27:12.530  4538  4570 I skpaint : *(float*)p = 0.000000, p = dd6bb488, end = dd6bb520
01-07 05:27:12.530  4538  4570 I skpaint : *(float*)p = 0.000000, p = dd6bb48c, end = dd6bb520
01-07 05:27:12.530  4538  4570 I skpaint : *(float*)p = 0.000000, p = dd6bb490, end = dd6bb520
01-07 05:27:12.530  4538  4570 I skpaint : *(float*)p = 0.000000, p = dd6bb494, end = dd6bb520
01-07 05:27:12.530  4538  4570 I skpaint : *(float*)p = 0.000000, p = dd6bb498, end = dd6bb520
01-07 05:27:12.530  4538  4570 I skpaint : *(float*)p = 0.000000, p = dd6bb49c, end = dd6bb520
01-07 05:27:12.530  4538  4570 I skpaint : *(float*)p = 0.000000, p = dd6bb4a0, end = dd6bb520
01-07 05:27:12.530  4538  4570 I skpaint : *(float*)p = 0.000000, p = dd6bb4a4, end = dd6bb520
01-07 05:27:12.530  4538  4570 I skpaint : *(float*)p = 0.000000, p = dd6bb4a8, end = dd6bb520
01-07 05:27:12.530  4538  4570 I skpaint : *(float*)p = 0.000000, p = dd6bb4ac, end = dd6bb520
01-07 05:27:12.530  4538  4570 I skpaint : *(float*)p = 12.000000, p = dd6bb4b0, end = dd6bb520
01-07 05:27:12.530  4538  4570 I skpaint : *(float*)p = 1.000000, p = dd6bb4b4, end = dd6bb520
01-07 05:27:12.530  4538  4570 I skpaint : *(float*)p = 0.000000, p = dd6bb4b8, end = dd6bb520
01-07 05:27:12.530  4538  4570 I skpaint : *(float*)p = -171465219159395612776962580279835230208.000000, p = dd6bb4bc, end = dd6bb520
01-07 05:27:12.530  4538  4570 I skpaint : *(float*)p = 0.101011, p = dd6bb4c0, end = dd6bb520
01-07 05:27:12.530  4538  4570 I skpaint : iOffsetSkPaintfWidth = 56, p = dd6bb4c0, base = dd6bb488
01-07 05:27:12.530  4538  4570 I skpaint : *(float*)p = 0.010101, p = dd6bb4c4, end = dd6bb520
01-07 05:27:12.530  4538  4570 I skpaint : iOffsetSkPaintfMiterLimit = 60, p = dd6bb4c4, base = dd6bb488
01-07 05:27:12.530  4538  4570 I skpaint : *(float*)p = 0.000000, p = dd6bb4c8, end = dd6bb520
01-07 05:27:12.530  4538  4570 I skpaint : *(float*)p = 0.000000, p = dd6bb4cc, end = dd6bb520
01-07 05:27:12.530  4538  4570 I skpaint : *(float*)p = -845601559544723632445757132374016.000000, p = dd6bb4d0, end = dd6bb520
01-07 05:27:12.530  4538  4570 I skpaint : *(float*)p = 0.000000, p = dd6bb4d4, end = dd6bb520
01-07 05:27:12.530  4538  4570 I skpaint : *(float*)p = 0.000000, p = dd6bb4d8, end = dd6bb520
01-07 05:27:12.530  4538  4570 I skpaint : *(float*)p = 0.000000, p = dd6bb4dc, end = dd6bb520
01-07 05:27:12.530  4538  4570 I skpaint : *(float*)p = 0.000000, p = dd6bb4e0, end = dd6bb520
01-07 05:27:12.530  4538  4570 I skpaint : *(float*)p = 0.000000, p = dd6bb4e4, end = dd6bb520
01-07 05:27:12.530  4538  4570 I skpaint : *(float*)p = 0.000000, p = dd6bb4e8, end = dd6bb520
01-07 05:27:12.530  4538  4570 I skpaint : *(float*)p = -4280193779049713010407295693094912.000000, p = dd6bb4ec, end = dd6bb520
01-07 05:27:12.530  4538  4570 I skpaint : *(float*)p = -19733999510951559168.000000, p = dd6bb4f0, end = dd6bb520
01-07 05:27:12.530  4538  4570 I skpaint : *(float*)p = -19734019302160859136.000000, p = dd6bb4f4, end = dd6bb520
01-07 05:27:12.530  4538  4570 I skpaint : *(float*)p = -19733999510951559168.000000, p = dd6bb4f8, end = dd6bb520
01-07 05:27:12.530  4538  4570 I skpaint : *(float*)p = -4009890499926779691418278093127680.000000, p = dd6bb4fc, end = dd6bb520
01-07 05:27:12.530  4538  4570 I skpaint : *(float*)p = 0.000000, p = dd6bb500, end = dd6bb520
01-07 05:27:12.530  4538  4570 I skpaint : *(float*)p = 0.000000, p = dd6bb504, end = dd6bb520
01-07 05:27:12.530  4538  4570 I skpaint : *(float*)p = 0.000000, p = dd6bb508, end = dd6bb520
01-07 05:27:12.530  4538  4570 I skpaint : *(float*)p = 0.000000, p = dd6bb50c, end = dd6bb520
01-07 05:27:12.530  4538  4570 I skpaint : *(float*)p = -4019045994972324542586363291107328.000000, p = dd6bb510, end = dd6bb520
01-07 05:27:12.530  4538  4570 I skpaint : *(float*)p = -19734019302160859136.000000, p = dd6bb514, end = dd6bb520
01-07 05:27:12.530  4538  4570 I skpaint : *(float*)p = -19733999510951559168.000000, p = dd6bb518, end = dd6bb520
01-07 05:27:12.530  4538  4570 I skpaint : *(float*)p = -406512229295325184.000000, p = dd6bb51c, end = dd6bb520
01-07 05:27:12.538  2145  3553 W BackupManagerService: dataChanged but no participant pkg='com.android.providers.settings' uid=10054
01-07 05:27:12.634  2145  3551 W ActivityManager: getRunningAppProcesses: caller 10053 does not hold REAL_GET_TASKS; limiting output
01-07 05:27:12.634  2145  2164 W ActivityManager: getRunningAppProcesses: caller 10053 does not hold REAL_GET_TASKS; limiting output
01-07 05:27:12.635  2145  2547 W ActivityManager: getRunningAppProcesses: caller 10053 does not hold REAL_GET_TASKS; limiting output
01-07 05:27:12.638  2145  3553 W ActivityManager: getRunningAppProcesses: caller 10053 does not hold REAL_GET_TASKS; limiting output
01-07 05:27:12.638  2145  2685 W ActivityManager: getRunningAppProcesses: caller 10053 does not hold REAL_GET_TASKS; limiting output
01-07 05:27:12.639  2145  2305 W ActivityManager: getRunningAppProcesses: caller 10053 does not hold REAL_GET_TASKS; limiting output
01-07 05:27:12.640  2145  2164 W ActivityManager: getRunningAppProcesses: caller 10053 does not hold REAL_GET_TASKS; limiting output
01-07 05:27:12.742  2272  2272 W ResourceType: No package identifier when getting value for resource number 0x00000000
01-07 05:27:12.742  2272  2272 W PackageManager: Failure retrieving resources for com.cyanogenmod.filemanager: Resource ID #0x0
01-07 05:27:12.830  4588  4588 W linker  : [vdso]: unused DT entry: type 0x6ffffef5 arg 0xec
01-07 05:27:12.832  4588  4588 E cutils-trace: Error opening trace file: Permission denied (13)
01-07 05:27:12.832  4588  4588 I dex2oat : /system/bin/dex2oat --runtime-arg -classpath --runtime-arg  --instruction-set=x86 --instruction-set-features=default --runtime-arg -Xrelocate --boot-image=/system/framework/boot.art --dex-file=/data/data/com.tencent.mtt.x86/app_dynamic_jar_output/com.tencent.mtt.share.jar --oat-fd=47 --oat-location=/data/data/com.tencent.mtt.x86/app_dynamic_jar_output/com.tencent.mtt.share.dex --runtime-arg -Xms64m --runtime-arg -Xmx512m
01-07 05:27:13.065  4588  4588 I dex2oat : dex2oat took 232.899ms (threads: 8) arena alloc=270KB java alloc=1761KB native alloc=3MB free=4MB
01-07 05:27:13.996  2145  2211 D WifiService: New client listening to asynchronous messages
01-07 05:27:13.996  2145  2685 W ActivityManager: getRunningAppProcesses: caller 10053 does not hold REAL_GET_TASKS; limiting output
01-07 05:27:13.996  2145  2678 W ActivityManager: getRunningAppProcesses: caller 10053 does not hold REAL_GET_TASKS; limiting output
01-07 05:27:13.996  2145  2492 W ActivityManager: getRunningAppProcesses: caller 10053 does not hold REAL_GET_TASKS; limiting output
01-07 05:27:14.024  2145  2175 I art     : Explicit concurrent mark sweep GC freed 18899(906KB) AllocSpace objects, 5(77KB) LOS objects, 33% free, 15MB/22MB, paused 318us total 7.963ms
01-07 05:27:14.169  4538  4538 D TilesManager: Starting TG #0, 0xdfa7c6a0
01-07 05:27:14.200  4538  4538 I Choreographer: Skipped 133 frames!  The application may be doing too much work on its main thread.
01-07 05:27:14.205  4538  4538 D skia    : --- SkImageDecoder::Factory returned null
01-07 05:27:14.205  4538  4538 D skia    : --- SkImageDecoder::Factory returned null
01-07 05:27:14.205  4538  4538 D skia    : --- SkImageDecoder::Factory returned null
01-07 05:27:14.205  4538  4538 D skia    : --- SkImageDecoder::Factory returned null
01-07 05:27:14.205  4538  4538 D skia    : --- SkImageDecoder::Factory returned null
01-07 05:27:14.205  4538  4538 D skia    : --- SkImageDecoder::Factory returned null
01-07 05:27:14.206  4538  4538 D skia    : --- SkImageDecoder::Factory returned null
01-07 05:27:14.206  4538  4538 D skia    : --- SkImageDecoder::Factory returned null
01-07 05:27:14.206  4538  4538 D skia    : --- SkImageDecoder::Factory returned null
01-07 05:27:14.206  4538  4538 D skia    : --- SkImageDecoder::Factory returned null
01-07 05:27:14.206  4538  4538 D skia    : --- SkImageDecoder::Factory returned null
01-07 05:27:14.207  4538  4538 D skia    : --- SkImageDecoder::Factory returned null
01-07 05:27:14.207  4538  4538 D skia    : --- SkImageDecoder::Factory returned null
01-07 05:27:14.207  4538  4538 D skia    : --- SkImageDecoder::Factory returned null
01-07 05:27:14.207  4538  4538 D skia    : --- SkImageDecoder::Factory returned null
01-07 05:27:14.207  4538  4538 D skia    : --- SkImageDecoder::Factory returned null
01-07 05:27:14.208  4538  4538 E SQLiteLog: (1) no such table: recent
01-07 05:27:14.208  4538  4538 E SQLiteLog: (1) no such table: recent
01-07 05:27:14.546  4620  4620 W linker  : [vdso]: unused DT entry: type 0x6ffffef5 arg 0x160
01-07 05:27:14.571  2145  3552 I ActivityManager: Activity reported stop, but no longer stopping: ActivityRecord{18ff4fbe u0 com.tencent.mtt.x86/.SplashActivity t23 f}
01-07 05:27:14.973  4538  4605 D websettingsExtension: WebSettings
01-07 05:27:15.668  4450  4494 W beacon  : onUserAction return false, because eventName:[dim.Msf.IMEIReading] is not allowed in server strategy!
01-07 05:27:15.669  4450  4494 W beacon  : onUserAction return false, because eventName:[dim.Msf.LoadPushTimes] is not allowed in server strategy!
01-07 05:27:15.669  2145  3551 W ActivityManager: getTasks: caller 10053 does not hold REAL_GET_TASKS; limiting output
01-07 05:27:15.669  4450  4494 W Settings: Setting airplane_mode_on has moved from android.provider.Settings.System to android.provider.Settings.Global, returning read-only value.
01-07 05:27:15.670  2145  2165 W ActivityManager: getRunningAppProcesses: caller 10053 does not hold REAL_GET_TASKS; limiting output
01-07 05:27:15.671  2145  3553 W ActivityManager: getTasks: caller 10053 does not hold REAL_GET_TASKS; limiting output
01-07 05:27:15.671  4450  4494 W Settings: Setting airplane_mode_on has moved from android.provider.Settings.System to android.provider.Settings.Global, returning read-only value.
01-07 05:27:15.671  4450  4494 W beacon  : onUserAction return false, because eventName:[loadSoNew] is not allowed in server strategy!
01-07 05:27:15.672  2145  3552 W ActivityManager: getTasks: caller 10053 does not hold REAL_GET_TASKS; limiting output
01-07 05:27:15.672  4450  4494 W Settings: Setting airplane_mode_on has moved from android.provider.Settings.System to android.provider.Settings.Global, returning read-only value.
01-07 05:27:15.672  4450  4494 W beacon  : onUserAction return false, because eventName:[loadSoOld] is not allowed in server strategy!
01-07 05:27:15.750  4538  4633 E SQLiteLog: (1) no such table: IconDatabaseInfo
01-07 05:27:19.559  4637  4637 W linker  : [vdso]: unused DT entry: type 0x6ffffef5 arg 0x160
01-07 05:27:20.308  2145  2188 W TelecomManager: Telecom Service not found.
01-07 05:27:20.309  2145  2188 I ActivityManager: START u0 {act=android.intent.action.MAIN cat=[android.intent.category.HOME] flg=0x10200000 cmp=com.android.launcher3/.Launcher} from uid 1000 on display 0
01-07 05:27:20.309  2145  2216 W AudioTrack: AUDIO_OUTPUT_FLAG_FAST denied by client
01-07 05:27:20.321  1890  2142 D audio_hw_primary: found out /dev/snd/pcmC0D0p
01-07 05:27:20.354  2145  2145 V ActivityManager: Display changed displayId=0
01-07 05:27:20.363  2145  2547 I ActivityManager: Config changes=480 {1.0 ?mcc?mnc zh_CN ?layoutDir sw720dp w1280dp h646dp 240dpi lrg long land -touch qwerty/v/v -nav/h s.9}
01-07 05:27:20.364  2145  2189 I InputReader: Reconfiguring input devices.  changes=0x00000004
01-07 05:27:20.394  2272  4639 E ActivityThread: Failed to find provider info for com.android.contacts
01-07 05:27:20.424  2421  2421 D Launcher.Workspace: 11683562 - removeExtraEmptyScreen()
01-07 05:27:20.424  2421  2421 D Launcher.Workspace: 11683562 - convertFinalScreenToEmptyScreenIfNecessary()
01-07 05:27:20.435  2145  2175 I WindowManager: Screen frozen for +112ms due to Window{159cbab5 u0 NavigationBar}
01-07 05:27:20.480  2145  2188 I InputDispatcher: Dropping event because there is no touchable window at (1880, 523).
01-07 05:27:20.480  2145  2188 I InputDispatcher: Dropping event because there is no touchable window at (1880, 522).
01-07 05:27:20.483  2145  2188 I InputDispatcher: Dropping event because there is no touchable window at (1879, 522).
01-07 05:27:20.491  2145  2188 I InputDispatcher: Dropping event because there is no touchable window at (1879, 521).
01-07 05:27:20.516  4538  4538 W IInputConnectionWrapper: showStatusIcon on inactive InputConnection
01-07 05:27:20.732  2145  2305 W ActivityManager: getTasks: caller 10054 does not hold REAL_GET_TASKS; limiting output
01-07 05:27:20.734  4538  4538 D webviewglue: OnTrimMemory with EGL Context 0x0 level 20
01-07 05:27:20.775  4538  4570 E SQLiteLog: (1) no such table: recent
01-07 05:27:20.776  4538  4570 E SQLiteLog: (1) no such table: recent
01-07 05:27:20.776  4538  4570 E SQLiteLog: (1) no such table: recent
01-07 05:27:20.776  4538  4570 E SQLiteLog: (1) no such table: recent
01-07 05:27:20.916  2145  2678 W ActivityManager: getRunningAppProcesses: caller 10053 does not hold REAL_GET_TASKS; limiting output
01-07 05:27:21.002  2421  2728 W OpenGLRenderer: Incorrectly called buildLayer on View: ShortcutAndWidgetContainer, destroying layer...
01-07 05:27:21.394  2272  2272 W ResourceType: No package identifier when getting value for resource number 0x00000000
01-07 05:27:21.395  2272  2272 W PackageManager: Failure retrieving resources for com.tencent.mtt.x86: Resource ID #0x0
01-07 05:27:22.492  2145  2175 I art     : Explicit concurrent mark sweep GC freed 4810(373KB) AllocSpace objects, 10(3MB) LOS objects, 33% free, 13MB/20MB, paused 290us total 11.234ms
01-07 05:27:24.332  2145  2216 W AudioTrack: AUDIO_OUTPUT_FLAG_FAST denied by client
01-07 05:27:24.344  1890  2142 D audio_hw_primary: found out /dev/snd/pcmC0D0p
01-07 05:27:24.572  4644  4644 W linker  : [vdso]: unused DT entry: type 0x6ffffef5 arg 0x160
01-07 05:27:25.917  2145  2170 I ActivityManager: Waited long enough for: ServiceRecord{3bb38679 u0 com.tencent.mobileqq/.app.CoreService$KernelService}
01-07 05:27:26.116  2145  2216 W AudioTrack: AUDIO_OUTPUT_FLAG_FAST denied by client
01-07 05:27:26.121  2145  2685 I ActivityManager: START u0 {act=com.android.systemui.recents.SHOW_RECENTS flg=0x10804000 cmp=com.android.systemui/.recents.RecentsActivity} from uid 10010 on display 0
01-07 05:27:26.152  2145  2305 W InputMethodManagerService: Starting input on non-focused client com.android.internal.view.IInputMethodClient$Stub$Proxy@2497be73 (uid=10033 pid=2421)
01-07 05:27:27.111  4649  4649 W linker  : [vdso]: unused DT entry: type 0x6ffffef5 arg 0xec
01-07 05:27:27.112  4649  4649 E cutils-trace: Error opening trace file: Permission denied (13)
01-07 05:27:27.112  4649  4649 I dex2oat : /system/bin/dex2oat --runtime-arg -classpath --runtime-arg  --instruction-set=x86 --instruction-set-features=default --runtime-arg -Xrelocate --boot-image=/system/framework/boot.art --dex-file=/data/data/com.tencent.mtt.x86/app_dynamic_jar_output/com.tencent.mtt.market.jar --oat-fd=28 --oat-location=/data/data/com.tencent.mtt.x86/app_dynamic_jar_output/com.tencent.mtt.market.dex --runtime-arg -Xms64m --runtime-arg -Xmx512m
01-07 05:27:27.236  4649  4649 I dex2oat : dex2oat took 124.715ms (threads: 8) arena alloc=850KB java alloc=3MB native alloc=4MB free=3MB
01-07 05:27:27.628  2145  2216 W AudioTrack: AUDIO_OUTPUT_FLAG_FAST denied by client
01-07 05:27:27.675  2145  2188 I InputDispatcher: Dropping event because there is no touchable window at (898, 246).
01-07 05:27:27.689  3061  3061 I Term    : Bound to TermService
01-07 05:27:27.689  3061  3061 I TermService: Activity binding to service
01-07 05:27:29.584  4666  4666 W linker  : [vdso]: unused DT entry: type 0x6ffffef5 arg 0x160
01-07 05:27:34.592  4667  4667 W linker  : [vdso]: unused DT entry: type 0x6ffffef5 arg 0x160
01-07 05:27:39.311  4668  4668 W linker  : [vdso]: unused DT entry: type 0x6ffffef5 arg 0x160
