12-14 00:52:41.465  2105  2105 E BluetoothAvrcpController: Could not bind to Bluetooth AVRCP Controller Service with Intent { act=android.bluetooth.IBluetoothAvrcpController }
12-14 00:52:41.465  1973  2002 D BluetoothManagerService: Message: 30
12-14 00:52:41.465  1973  2127 D BluetoothManagerService: Trying to bind to profile: 1, while Bluetooth was disabled
12-14 00:52:41.465  1973  2002 D BluetoothManagerService: Message: 30
12-14 00:52:41.466  2105  2105 E BluetoothHeadsetClient: Could not bind to Bluetooth Headset Client Service with Intent { act=android.bluetooth.IBluetoothHeadsetClient }
12-14 00:52:41.466  1973  2002 D BluetoothManagerService: Message: 30
12-14 00:52:41.477  2105  2105 D BluetoothMap: Create BluetoothMap proxy object
12-14 00:52:41.477  1973  2002 D BluetoothManagerService: Message: 30
12-14 00:52:41.478  1973  2002 D BluetoothManagerService: Message: 30
12-14 00:52:41.479  1973  2325 D ConnectivityService: listenForNetwork for NetworkRequest [ id=2, legacyType=-1, [] ]
12-14 00:52:41.481  2105  2105 I CameraManagerGlobal: getCameraService: Reconnecting to camera service
12-14 00:52:41.486  2105  2420 D BluetoothAdapter: 247934589: getState() :  mService = null. Returning STATE_OFF
12-14 00:52:41.486  2105  2420 D BluetoothAdapter: 247934589: getState() :  mService = null. Returning STATE_OFF
12-14 00:52:41.486  2105  2420 D BluetoothAdapter: 247934589: getState() :  mService = null. Returning STATE_OFF
12-14 00:52:41.486  2105  2420 D BluetoothAdapter: 247934589: getState() :  mService = null. Returning STATE_OFF
12-14 00:52:41.529  2255  2255 W art     : Verification of void com.google.android.gms.common.app.GmsApplication.<init>() took 805.844ms
12-14 00:52:41.717  2255  2255 I art     : Rejecting re-init on previously-failed class java.lang.Class<com.google.android.gms.common.h.c>
12-14 00:52:41.717  2255  2255 I art     : Rejecting re-init on previously-failed class java.lang.Class<com.google.android.gms.common.h.c>
12-14 00:52:41.719  2255  2275 I art     : Background sticky concurrent mark sweep GC freed 1595(83KB) AllocSpace objects, 0(0B) LOS objects, 0% free, 3MB/3MB, paused 142us total 621.409ms
12-14 00:52:41.742  2255  2255 W art     : Verification of void com.google.android.gms.common.app.GmsApplication.onCreate() took 169.200ms
12-14 00:52:41.839  2352  2404 I ContactLocale: AddressBook Labels [en-US]: [, A, B, C, D, E, F, G, H, I, J, K, L, M, N, O, P, Q, R, S, T, U, V, W, X, Y, Z, , , , , , , , , , , , , , , , , , , , , , , , , , , , , , , , , , , , , , , , , , , , , , , , , , , , , , , , , , , , , , , , , , , , , , , , , , , , , , , , , , , , , , , , , , , , , , , , , , , , , , , , , , , , , , , , , , , , , , , , , , , , , , , , , , , , , , , , , , , , , , , , , , , , , , , , , , , , , , , , , , , , , , , , , , , , , , , , , , , , , , , , , , , , #, ]
12-14 00:52:42.002  2255  2255 I MultiDex: VM with version 2.1.0 has multidex support
12-14 00:52:42.002  2255  2255 I MultiDex: install
12-14 00:52:42.002  2255  2255 I MultiDex: VM has multidex support, MultiDex support library is disabled.
12-14 00:52:42.251  1973  1994 W art     : Long monitor contention event with owner method=void libcore.io.Posix.rename(java.lang.String, java.lang.String) from Posix.java:4294967294 waiters=0 for 1.113s
12-14 00:52:42.290  2303  2303 W Launcher: setApplicationContext called twice! old=com.android.launcher3.LauncherApplication@11a67174 new=com.android.launcher3.LauncherApplication@11a67174
12-14 00:52:42.309  2303  2406 D Launcher.Model: 11683562 - loadWorkspace()
12-14 00:52:42.309  2303  2406 D Launcher.Model: 11683562 -   loadedOldDb: false
12-14 00:52:42.601  1973  1994 I art     : Explicit concurrent mark sweep GC freed 11448(684KB) AllocSpace objects, 7(109KB) LOS objects, 33% free, 9MB/13MB, paused 460us total 61.141ms
12-14 00:52:42.602  2303  2406 D Launcher.Model: 11683562 - loadWorkspaceScreensDb()
12-14 00:52:42.652  1973  1993 W art     : Long monitor contention event with owner method=void libcore.io.Posix.fsync(java.io.FileDescriptor) from Posix.java:4294967294 waiters=0 for 1.165s
12-14 00:52:42.652  1973  2325 W art     : Long monitor contention event with owner method=void libcore.io.Posix.fsync(java.io.FileDescriptor) from Posix.java:4294967294 waiters=1 for 361ms
12-14 00:52:42.652  2105  2426 D OpenGLRenderer: Use EGL_SWAP_BEHAVIOR_PRESERVED: true
12-14 00:52:42.652  2303  2427 D OpenGLRenderer: Use EGL_SWAP_BEHAVIOR_PRESERVED: true
12-14 00:52:42.653  2303  2303 I GRALLOC-DRM: create intel for driver i915
12-14 00:52:42.653  2105  2105 I GRALLOC-DRM: create intel for driver i915
12-14 00:52:42.654  2105  2105 D Atlas   : Validating map...
12-14 00:52:42.654  2303  2303 D Atlas   : Validating map...
12-14 00:52:42.655  1973  2302 V WindowManager: Based on layer: Adding window Window{1f8466dd u0 com.android.launcher3/com.android.launcher3.Launcher} at 0 of 2
12-14 00:52:42.655  2105  2105 D PhoneStatusBar: disable: < expand icons alerts system_info back home recent clock search >
12-14 00:52:42.658  2105  2105 D BluetoothAdapter: 247934589: getState() :  mService = null. Returning STATE_OFF
12-14 00:52:42.658  2105  2105 D BluetoothAdapter: 247934589: getState() :  mService = null. Returning STATE_OFF
12-14 00:52:42.659  2105  2105 D PhoneStatusBar: heads up is enabled
12-14 00:52:42.696  2303  2427 I EGL-DRI2: DRI2: found extension DRI_Core version 1
12-14 00:52:42.696  2303  2427 I EGL-DRI2: DRI2: found extension DRI_DRI2 version 4
12-14 00:52:42.700  2303  2427 I EGL-DRI2: DRI2: found extension DRI_TexBuffer version 3
12-14 00:52:42.700  2303  2427 I EGL-DRI2: DRI2: found extension DRI2_Flush version 4
12-14 00:52:42.700  2303  2427 I EGL-DRI2: DRI2: found extension DRI_IMAGE version 11
12-14 00:52:42.700  2303  2427 I OpenGLRenderer: Initialized EGL, version 1.4
12-14 00:52:42.700  2303  2427 W OpenGLRenderer: Failed to choose config with EGL_SWAP_BEHAVIOR_PRESERVED, retrying without...
12-14 00:52:42.700  2184  2184 W InputAttributes: No editor info for this field. Bug?
12-14 00:52:42.701  2303  2427 D OpenGLRenderer: Enabling debug mode 0
12-14 00:52:42.711  2303  2406 D Launcher.Model: 11683562 -   screens: { 0: 3 }
12-14 00:52:42.711  2303  2406 D Launcher.Model: 11683562 -   sBgWorkspaceScreens: 3
12-14 00:52:42.726  1973  2003 I ActivityManager: Displayed com.android.launcher3/.Launcher: +3s754ms
12-14 00:52:42.739  2278  2278 D TelephonyProvider: dbh.onOpen: ok, queried table=siminfo
12-14 00:52:42.739  2278  2278 D TelephonyProvider: dbh.onOpen: ok, queried table=carriers
12-14 00:52:42.745  2303  2303 D Launcher: 11683562 - bindAddScreens()
12-14 00:52:42.745  2303  2303 D Launcher: 11683562 -   orderedScreenIds: 3
12-14 00:52:42.745  2303  2303 D Launcher.Workspace: 11683562 - insertNewWorkspaceScreen(): 3 at index: 0
12-14 00:52:42.781  1713  1713 E installd: Unable to unlink boot marker at /data/dalvik-cache/arm64/.booting, error=No such file or directory
12-14 00:52:42.781  1973  1998 E ActivityManager: Unable to mark boot complete for abi: arm64-v8a
12-14 00:52:42.781  1713  1713 E installd: Unable to unlink boot marker at /data/dalvik-cache/arm/.booting, error=No such file or directory
12-14 00:52:42.781  1973  1998 E ActivityManager: Unable to mark boot complete for abi: armeabi-v7a
12-14 00:52:42.781  1973  1998 I SystemServiceManager: Starting phase 1000
12-14 00:52:42.784  2437  2437 I sh      : + hw_sh=/vendor/etc/init.sh 
12-14 00:52:42.784  2437  2437 I sh      : + '[' -e /vendor/etc/init.sh ']'
12-14 00:52:42.784  2437  2437 I sh      : + do_bootcomplete
12-14 00:52:42.784  2437  2437 I sh      : + init_cpu_governor
12-14 00:52:42.784  2437  2437 I sh      : + getprop cpu.governor
12-14 00:52:42.786  2437  2437 I sh      : + governor= 
12-14 00:52:42.786  2437  2437 I sh      : + '[' ']'
12-14 00:52:42.786  2437  2437 I sh      : + getprop persist.sys.root_access
12-14 00:52:42.788  2437  2437 I sh      : + '[' -z 3 ']'
12-14 00:52:42.788  2437  2437 I sh      : + getprop debug.mesa.driver
12-14 00:52:42.789  2437  2437 I sh      : + '['  '=' i965 ']'
12-14 00:52:42.789  2437  2437 I sh      : + lsmod
12-14 00:52:42.789  2437  2437 I sh      : + grep -e brcmfmac
12-14 00:52:42.791  2437  2437 I sh      : + grep '\[.*\]' /proc/asound/cards
12-14 00:52:42.791  2437  2437 I sh      : + awk '{print $1}'
12-14 00:52:42.792  2437  2437 I sh      : + cat /proc/asound/card0/id
12-14 00:52:42.792  2437  2437 I sh      : + f=/system/etc/alsa/HDMI.state 
12-14 00:52:42.792  2437  2437 I sh      : + '[' -e /system/etc/alsa/HDMI.state ']'
12-14 00:52:42.894  2105  2105 I EGL-DRI2: DRI2: found extension DRI_Core version 1
12-14 00:52:42.895  2105  2105 I EGL-DRI2: DRI2: found extension DRI_DRI2 version 4
12-14 00:52:42.898  2105  2105 I EGL-DRI2: DRI2: found extension DRI_TexBuffer version 3
12-14 00:52:42.898  2105  2105 I EGL-DRI2: DRI2: found extension DRI2_Flush version 4
12-14 00:52:42.898  2105  2105 I EGL-DRI2: DRI2: found extension DRI_IMAGE version 11
12-14 00:52:43.032  1973  1998 V KeyguardServiceDelegate: *** Keyguard started
12-14 00:52:43.032  1973  1998 W KeyguardServiceDelegate: onScreenTurnedOn(): no keyguard service!
12-14 00:52:43.032  1973  1998 D KbdSensor: poll_activate: dev=0x7f4086866680 handle=0 enabled=1
12-14 00:52:43.032  1973  1998 D KbdSensor: poll_setDelay: dev=0x7f4086866680 delay-ns=66667000
12-14 00:52:43.336  2437  2437 I sh      : + alsa_ctl init 0
12-14 00:52:43.349  2105  2105 I Choreographer: Skipped 132 frames!  The application may be doing too much work on its main thread.
12-14 00:52:43.349  1973  1973 W art     : Long monitor contention event with owner method=void com.android.server.wm.WindowManagerService.setEventDispatching(boolean) from WindowManagerService.java:7465 waiters=2 for 305ms
12-14 00:52:43.350  2105  2105 D ViewRootImpl: changeCanvasOpacity: opaque=true
12-14 00:52:43.365  2184  2433 I LatinIME:LogUtils: Dictionary info: dictionary = ContextualDictionary.en_US ; version = 1450072363 ; date = ?
12-14 00:52:43.365  2184  2430 I LatinIME:LogUtils: Dictionary info: dictionary = PersonalizationDictionary.en_US ; version = 1450072363 ; date = ?
12-14 00:52:43.365  2184  2431 I LatinIME:LogUtils: Dictionary info: dictionary = userunigram.en_US ; version = 1450072363 ; date = ?
12-14 00:52:43.365  2184  2432 I LatinIME:LogUtils: Dictionary info: dictionary = contacts.en_US ; version = 1450072363 ; date = ?
12-14 00:52:43.365  2184  2429 I LatinIME:LogUtils: Dictionary info: dictionary = UserHistoryDictionary.en_US ; version = 1450072363 ; date = ?
12-14 00:52:43.365  2184  2430 I LatinIME:LogUtils: Dictionary info: dictionary = PersonalizationDictionary.en_US ; version = 1450072363 ; date = ?
12-14 00:52:43.365  2184  2430 I LatinIME:LogUtils: Dictionary info: dictionary = PersonalizationDictionary.en_US ; version = 1450072363 ; date = ?
12-14 00:52:43.386  2105  2426 I EGL-DRI2: DRI2: found extension DRI_Core version 1
12-14 00:52:43.386  2105  2426 I EGL-DRI2: DRI2: found extension DRI_DRI2 version 4
12-14 00:52:43.391  2105  2426 I EGL-DRI2: DRI2: found extension DRI_TexBuffer version 3
12-14 00:52:43.391  2105  2426 I EGL-DRI2: DRI2: found extension DRI2_Flush version 4
12-14 00:52:43.391  2105  2426 I EGL-DRI2: DRI2: found extension DRI_IMAGE version 11
12-14 00:52:43.391  2105  2426 I OpenGLRenderer: Initialized EGL, version 1.4
12-14 00:52:43.391  2105  2426 W OpenGLRenderer: Failed to choose config with EGL_SWAP_BEHAVIOR_PRESERVED, retrying without...
12-14 00:52:43.392  2105  2426 D OpenGLRenderer: Enabling debug mode 0
12-14 00:52:43.408  2184  2434 I LatinIME:LogUtils: Dictionary info: dictionary = main:en ; version = 47 ; date = 1402373178
12-14 00:52:43.505  1973  2040 D WifiService: New client listening to asynchronous messages
12-14 00:52:43.520  1973  1973 V KeyguardServiceDelegate: *** Keyguard connected (yay!)
12-14 00:52:43.520  2105  2105 D OpenGLRenderer: setting property extraRasterBucket to 0.95
12-14 00:52:43.520  2105  2105 D OpenGLRenderer:     failed
12-14 00:52:43.520  2105  2105 D OpenGLRenderer: setting property extraRasterBucket to 0.0
12-14 00:52:43.520  2105  2105 D OpenGLRenderer:     failed
12-14 00:52:43.595  2437  2437 I sh      : Found hardware: "HDA-Intel" "Intel Haswell HDMI" "HDA:80862807,80860101,00100000" "0x1558" "0x3537"
12-14 00:52:43.595  2437  2437 I sh      : Hardware is initialized using a generic method
12-14 00:52:43.608  2437  2437 I sh      : + alsa_amixer -c 0 set Master on
12-14 00:52:43.641  1973  2425 V KeyguardServiceDelegate: **** SHOWN CALLED ****
12-14 00:52:43.672  1973  1993 I ActivityManager: Start proc 2465:com.google.process.gapps/u0a7 for content provider com.google.android.gsf/.gservices.GservicesProvider
12-14 00:52:43.676  2278  2297 I art     : Background sticky concurrent mark sweep GC freed 4076(303KB) AllocSpace objects, 0(0B) LOS objects, 12% free, 2MB/3MB, paused 519us total 171.911ms
12-14 00:52:43.676  2465  2465 I ActivityThread: Switching default density from 160 to 240
12-14 00:52:43.682  2437  2437 I sh      : amixer: Unable to find simple control 'Master',0
12-14 00:52:43.682  2437  2437 I sh      : + alsa_amixer -c 0 set Master 100%
12-14 00:52:43.683  2437  2437 I sh      : amixer: Unable to find simple control 'Master',0
12-14 00:52:43.684  2437  2437 I sh      : + alsa_amixer -c 0 set Headphone on
12-14 00:52:43.685  2437  2437 I sh      : amixer: Unable to find simple control 'Headphone',0
12-14 00:52:43.685  2437  2437 I sh      : + alsa_amixer -c 0 set Headphone 100%
12-14 00:52:43.687  2437  2437 I sh      : amixer: Unable to find simple control 'Headphone',0
12-14 00:52:43.687  2437  2437 I sh      : + alsa_amixer -c 0 set Speaker 100%
12-14 00:52:43.689  2437  2437 I sh      : amixer: Unable to find simple control 'Speaker',0
12-14 00:52:43.690  2437  2437 I sh      : + alsa_amixer -c 0 set Capture 100%
12-14 00:52:43.691  2437  2437 I sh      : amixer: Unable to find simple control 'Capture',0
12-14 00:52:43.691  2437  2437 I sh      : + alsa_amixer -c 0 set Capture cap
12-14 00:52:43.693  2437  2437 I sh      : amixer: Unable to find simple control 'Capture',0
12-14 00:52:43.693  2437  2437 I sh      : + alsa_amixer -c 0 set PCM 100 unmute
12-14 00:52:43.695  2437  2437 I sh      : amixer: Unable to find simple control 'PCM',0
12-14 00:52:43.695  2437  2437 I sh      : + alsa_amixer -c 0 set 'Mic Boost' 3
12-14 00:52:43.697  2437  2437 I sh      : amixer: Unable to find simple control 'Mic Boost',0
12-14 00:52:43.697  2437  2437 I sh      : + alsa_amixer -c 0 set 'Internal Mic Boost' 3
12-14 00:52:43.698  2437  2437 I sh      : amixer: Unable to find simple control 'Internal Mic Boost',0
12-14 00:52:43.699  2437  2437 I sh      : + cat /proc/asound/card1/id
12-14 00:52:43.699  2437  2437 I sh      : + f=/system/etc/alsa/PCH.state 
12-14 00:52:43.699  2437  2437 I sh      : + '[' -e /system/etc/alsa/PCH.state ']'
12-14 00:52:43.699  2437  2437 I sh      : + alsa_ctl init 1
12-14 00:52:43.701  2437  2437 I sh      : Found hardware: "HDA-Intel" "VIA VT1802" "HDA:11068446,15583537,00100000" "0x1558" "0x3537"
12-14 00:52:43.701  2437  2437 I sh      : Hardware is initialized using a generic method
12-14 00:52:43.703  2437  2437 I sh      : + alsa_amixer -c 1 set Master on
12-14 00:52:43.705  2437  2437 I sh      : Simple mixer control 'Master',0
12-14 00:52:43.705  2437  2437 I sh      :   Capabilities: pvolume pvolume-joined pswitch pswitch-joined penum
12-14 00:52:43.705  2437  2437 I sh      :   Playback channels: Mono
12-14 00:52:43.705  2437  2437 I sh      :   Limits: Playback 0 - 42
12-14 00:52:43.705  2437  2437 I sh      :   Mono: Playback 28 [67%] [-21.00dB] [on]
12-14 00:52:43.705  2437  2437 I sh      : + alsa_amixer -c 1 set Master 100%
12-14 00:52:43.707  2437  2437 I sh      : Simple mixer control 'Master',0
12-14 00:52:43.707  2437  2437 I sh      :   Capabilities: pvolume pvolume-joined pswitch pswitch-joined penum
12-14 00:52:43.707  2437  2437 I sh      :   Playback channels: Mono
12-14 00:52:43.707  2437  2437 I sh      :   Limits: Playback 0 - 42
12-14 00:52:43.707  2437  2437 I sh      :   Mono: Playback 42 [100%] [0.00dB] [on]
12-14 00:52:43.707  2437  2437 I sh      : + alsa_amixer -c 1 set Headphone on
12-14 00:52:43.709  2437  2437 I sh      : Simple mixer control 'Headphone',0
12-14 00:52:43.709  2437  2437 I sh      :   Capabilities: pvolume pswitch penum
12-14 00:52:43.709  2437  2437 I sh      :   Playback channels: Front Left - Front Right
12-14 00:52:43.709  2437  2437 I sh      :   Limits: Playback 0 - 42
12-14 00:52:43.709  2437  2437 I sh      :   Mono:
12-14 00:52:43.709  2437  2437 I sh      :   Front Left: Playback 42 [100%] [0.00dB] [on]
12-14 00:52:43.709  2437  2437 I sh      :   Front Right: Playback 42 [100%] [0.00dB] [on]
12-14 00:52:43.709  2437  2437 I sh      : + alsa_amixer -c 1 set Headphone 100%
12-14 00:52:43.711  2437  2437 I sh      : Simple mixer control 'Headphone',0
12-14 00:52:43.711  2437  2437 I sh      :   Capabilities: pvolume pswitch penum
12-14 00:52:43.711  2437  2437 I sh      :   Playback channels: Front Left - Front Right
12-14 00:52:43.711  2437  2437 I sh      :   Limits: Playback 0 - 42
12-14 00:52:43.711  2437  2437 I sh      :   Mono:
12-14 00:52:43.711  2437  2437 I sh      :   Front Left: Playback 42 [100%] [0.00dB] [on]
12-14 00:52:43.711  2437  2437 I sh      :   Front Right: Playback 42 [100%] [0.00dB] [on]
12-14 00:52:43.711  2437  2437 I sh      : + alsa_amixer -c 1 set Speaker 100%
12-14 00:52:43.713  2437  2437 I sh      : Simple mixer control 'Speaker',0
12-14 00:52:43.713  2437  2437 I sh      :   Capabilities: pvolume pswitch penum
12-14 00:52:43.713  2437  2437 I sh      :   Playback channels: Front Left - Front Right
12-14 00:52:43.713  2437  2437 I sh      :   Limits: Playback 0 - 42
12-14 00:52:43.713  2437  2437 I sh      :   Mono:
12-14 00:52:43.713  2437  2437 I sh      :   Front Left: Playback 42 [100%] [0.00dB] [on]
12-14 00:52:43.713  2437  2437 I sh      :   Front Right: Playback 42 [100%] [0.00dB] [on]
12-14 00:52:43.714  2437  2437 I sh      : + alsa_amixer -c 1 set Capture 100%
12-14 00:52:43.715  2437  2437 I sh      : Simple mixer control 'Capture',0
12-14 00:52:43.715  2437  2437 I sh      :   Capabilities: cvolume cswitch penum
12-14 00:52:43.715  2437  2437 I sh      :   Capture channels: Front Left - Front Right
12-14 00:52:43.715  2437  2437 I sh      :   Limits: Capture 0 - 31
12-14 00:52:43.715  2437  2437 I sh      :   Front Left: Capture 31 [100%] [30.00dB] [on]
12-14 00:52:43.715  2437  2437 I sh      :   Front Right: Capture 31 [100%] [30.00dB] [on]
12-14 00:52:43.715  2437  2437 I sh      : + alsa_amixer -c 1 set Capture cap
12-14 00:52:43.717  2437  2437 I sh      : Simple mixer control 'Capture',0
12-14 00:52:43.717  2437  2437 I sh      :   Capabilities: cvolume cswitch penum
12-14 00:52:43.717  2437  2437 I sh      :   Capture channels: Front Left - Front Right
12-14 00:52:43.717  2437  2437 I sh      :   Limits: Capture 0 - 31
12-14 00:52:43.717  2437  2437 I sh      :   Front Left: Capture 31 [100%] [30.00dB] [on]
12-14 00:52:43.717  2437  2437 I sh      :   Front Right: Capture 31 [100%] [30.00dB] [on]
12-14 00:52:43.717  2437  2437 I sh      : + alsa_amixer -c 1 set PCM 100 unmute
12-14 00:52:43.719  2437  2437 I sh      : amixer: Unable to find simple control 'PCM',0
12-14 00:52:43.719  2437  2437 I sh      : + alsa_amixer -c 1 set 'Mic Boost' 3
12-14 00:52:43.721  2437  2437 I sh      : Simple mixer control 'Mic Boost',0
12-14 00:52:43.721  2437  2437 I sh      :   Capabilities: volume penum
12-14 00:52:43.721  2437  2437 I sh      :   Playback channels: Front Left - Front Right
12-14 00:52:43.721  2437  2437 I sh      :   Capture channels: Front Left - Front Right
12-14 00:52:43.721  2437  2437 I sh      :   Limits: 0 - 3
12-14 00:52:43.721  2437  2437 I sh      :   Front Left: 3 [100%] [30.75dB]
12-14 00:52:43.721  2437  2437 I sh      :   Front Right: 3 [100%] [30.75dB]
12-14 00:52:43.722  2437  2437 I sh      : + alsa_amixer -c 1 set 'Internal Mic Boost' 3
12-14 00:52:43.724  2437  2437 I sh      : Simple mixer control 'Internal Mic Boost',0
12-14 00:52:43.724  2437  2437 I sh      :   Capabilities: volume penum
12-14 00:52:43.724  2437  2437 I sh      :   Playback channels: Front Left - Front Right
12-14 00:52:43.724  2437  2437 I sh      :   Capture channels: Front Left - Front Right
12-14 00:52:43.724  2437  2437 I sh      :   Limits: 0 - 3
12-14 00:52:43.724  2437  2437 I sh      :   Front Left: 3 [100%] [30.75dB]
12-14 00:52:43.724  2437  2437 I sh      :   Front Right: 3 [100%] [30.75dB]
12-14 00:52:43.724  2437  2437 I sh      : + return 0
12-14 00:52:43.725  1973  1997 D GpsLocationProvider: received SIM realted action: 
12-14 00:52:43.725  1973  1997 D GpsLocationProvider: SIM MCC/MNC is still not available
12-14 00:52:43.725  2278  2509 E DcSwitchStateMachine-0: DctController is not ready
12-14 00:52:43.726  1973  2041 E ConnectivityService: Failed to find Messenger in unregisterNetworkFactory
12-14 00:52:43.726  1973  2041 D ConnectivityService: Got NetworkFactory Messenger for Telephony
12-14 00:52:43.728  2105  2105 V KeyguardUpdateMonitor: action android.intent.action.SIM_STATE_CHANGED state: NOT_READY slotId: 0 subid: -2
12-14 00:52:43.729  2105  2105 D KeyguardUpdateMonitor: handleSimStateChange(subId=-2, slotId=0, state=UNKNOWN)
12-14 00:52:43.729  2105  2105 W KeyguardUpdateMonitor: invalid subId in handleSimStateChange()
12-14 00:52:43.731  1973  2002 D BluetoothManagerService: Message: 20
12-14 00:52:43.731  1973  2002 D BluetoothManagerService: Added callback: android.bluetooth.IBluetoothManagerCallback$Stub$Proxy@4a81d28:true
12-14 00:52:43.732  1973  2002 D BluetoothManagerService: Message: 30
12-14 00:52:43.732  1973  2302 D BluetoothManagerService: Trying to bind to profile: 1, while Bluetooth was disabled
12-14 00:52:43.810  2465  2465 I GservicesProvider: Gservices pushing to system: true; secure/global: true
12-14 00:52:43.866  2303  2406 W ResourceType: No package identifier when getting value for resource number 0x00000000
12-14 00:52:43.866  2303  2406 W ResourceType: No package identifier when getting value for resource number 0x00000000
12-14 00:52:43.866  2303  2406 W PackageManager: Failure retrieving resources for com.example.android.rssreader: Resource ID #0x0
12-14 00:52:43.866  2303  2406 W ResourceType: No package identifier when getting value for resource number 0x00000000
12-14 00:52:43.866  2303  2406 W PackageManager: Failure retrieving resources for com.example.android.rssreader: Resource ID #0x0
12-14 00:52:43.890  2278  2278 I Telephony: TtyManager: updateUiTtyMode -1 -> 0
12-14 00:52:43.891  1973  1973 D GpsLocationProvider: received SIM realted action: 
12-14 00:52:43.892  1973  1973 D GpsLocationProvider: SIM MCC/MNC is still not available
12-14 00:52:43.892  2105  2105 V KeyguardUpdateMonitor: onSubscriptionInfoChanged()
12-14 00:52:43.892  2105  2105 V KeyguardUpdateMonitor: onSubscriptionInfoChanged: list is null
12-14 00:52:43.901  2278  2278 D TelephonyDebugService: TelephonyDebugService()
12-14 00:52:43.919  2303  2303 W ResourcesManager: Asset path '/system/framework/com.google.android.media.effects.jar' does not exist or contains no resources.
12-14 00:52:44.001  1973  2040 D WifiService: New client listening to asynchronous messages
12-14 00:52:44.147  2255  2255 V JNIHelp : Registering com/google/android/gms/org/conscrypt/NativeCrypto's 240 native methods...
12-14 00:52:44.268  2255  2255 I ProviderInstaller: Installed default security provider GmsCore_OpenSSL
12-14 00:52:44.500  2255  2520 D NativeLibraryUtils: Install completed successfully. count=0 extracted=0
12-14 00:52:44.510  2278  2278 I Telephony: PstnIncomingCallNotifier: Registering: Handler (com.android.internal.telephony.gsm.GSMPhone) {10e7bb21}
12-14 00:52:44.531  2255  2275 W art     : Suspending all threads took: 8.211ms
12-14 00:52:44.554  2255  2275 I art     : Background sticky concurrent mark sweep GC freed 21418(1059KB) AllocSpace objects, 2(32KB) LOS objects, 2% free, 5MB/5MB, paused 30.110ms total 94.584ms
12-14 00:52:44.645  2255  2275 W art     : Suspending all threads took: 20.685ms
12-14 00:52:44.693  2255  2275 I art     : Background partial concurrent mark sweep GC freed 168(15KB) AllocSpace objects, 0(0B) LOS objects, 40% free, 5MB/8MB, paused 67.352ms total 88.925ms
12-14 00:52:44.828  1973  1973 V BackupManagerService: Connected to transport ComponentInfo{com.google.android.gms/com.google.android.gms.backup.BackupTransportService}
12-14 00:52:44.828  1973  1973 V BackupManagerService: Registering transport com.google.android.gms/.backup.BackupTransportService::com.google.android.gms/.backup.BackupTransportService = com.android.internal.backup.IBackupTransport$Stub$Proxy@286bcba5
12-14 00:52:44.860  2465  2465 W ResourcesManager: Asset path '/system/framework/com.android.media.remotedisplay.jar' does not exist or contains no resources.
12-14 00:52:44.860  2465  2465 W ResourcesManager: Asset path '/system/framework/com.android.location.provider.jar' does not exist or contains no resources.
12-14 00:52:44.863  2465  2465 I art     : Rejecting re-init on previously-failed class java.lang.Class<com.google.android.gms.common.h.c>
12-14 00:52:44.863  2465  2465 I art     : Rejecting re-init on previously-failed class java.lang.Class<com.google.android.gms.common.h.c>
12-14 00:52:44.864  2465  2465 I MultiDex: VM with version 2.1.0 has multidex support
12-14 00:52:44.864  2465  2465 I MultiDex: install
12-14 00:52:44.864  2465  2465 I MultiDex: VM has multidex support, MultiDex support library is disabled.
12-14 00:52:44.867  2465  2465 V JNIHelp : Registering com/google/android/gms/org/conscrypt/NativeCrypto's 240 native methods...
12-14 00:52:44.875  2465  2465 I ProviderInstaller: Installed default security provider GmsCore_OpenSSL
12-14 00:52:44.882  2465  2528 D NativeLibraryUtils: Install completed successfully. count=0 extracted=0
12-14 00:52:44.916  2465  2529 I Backup  : [BackupTransportMigratorService] Starting migration...
12-14 00:52:44.965  2465  2529 W Backup  : [LegacyBackupAccountManager] No google accounts found!
12-14 00:52:45.293  1973  2300 I ActivityManager: Start proc 2534:com.google.android.gms/u0a7 for service com.google.android.gms/.usagereporting.service.UsageReportingService
12-14 00:52:45.298  2534  2534 I ActivityThread: Switching default density from 160 to 240
12-14 00:52:45.299  2534  2534 W ResourcesManager: Asset path '/system/framework/com.android.media.remotedisplay.jar' does not exist or contains no resources.
12-14 00:52:45.299  2534  2534 W ResourcesManager: Asset path '/system/framework/com.android.location.provider.jar' does not exist or contains no resources.
12-14 00:52:45.304  2534  2534 I art     : Rejecting re-init on previously-failed class java.lang.Class<com.google.android.gms.common.h.c>
12-14 00:52:45.304  2534  2534 I art     : Rejecting re-init on previously-failed class java.lang.Class<com.google.android.gms.common.h.c>
12-14 00:52:45.304  2534  2534 I MultiDex: VM with version 2.1.0 has multidex support
12-14 00:52:45.304  2534  2534 I MultiDex: install
12-14 00:52:45.304  2534  2534 I MultiDex: VM has multidex support, MultiDex support library is disabled.
12-14 00:52:45.477  2534  2553 W art     : Suspending all threads took: 25.743ms
12-14 00:52:45.478  2534  2553 I art     : Background sticky concurrent mark sweep GC freed 1728(95KB) AllocSpace objects, 0(0B) LOS objects, 0% free, 3MB/3MB, paused 26.347ms total 175.708ms
12-14 00:52:45.499  2534  2553 W art     : Suspending all threads took: 9.124ms
12-14 00:52:45.500  2534  2553 I art     : Background partial concurrent mark sweep GC freed 199(25KB) AllocSpace objects, 0(0B) LOS objects, 39% free, 3MB/5MB, paused 9.510ms total 21.376ms
12-14 00:52:45.638  2255  2277 V GmsNetworkLocationProvi: onSetRequest: ProviderRequestUnbundled, reportLocation is true and interval is 86400000
12-14 00:52:45.663  2255  2255 W GmsBackupAccountManager: Backup account not found in gmscore.
12-14 00:52:45.664  2255  2255 V GmsNetworkLocationProvi: DISABLE
12-14 00:52:45.665  2255  2276 W GmsBackupAccountManager: Backup account not found in gmscore.
12-14 00:52:45.665  2465  2529 I Backup  : [BackupTransportMigratorService] Successfully migrated to use GMS BackupTransportService!
12-14 00:52:45.822  1973  2424 I art     : Explicit concurrent mark sweep GC freed 10717(537KB) AllocSpace objects, 3(45KB) LOS objects, 33% free, 9MB/14MB, paused 372us total 12.703ms
12-14 00:52:45.825  2534  2534 V JNIHelp : Registering com/google/android/gms/org/conscrypt/NativeCrypto's 240 native methods...
12-14 00:52:45.831  2534  2534 I ProviderInstaller: Installed default security provider GmsCore_OpenSSL
12-14 00:52:45.847  2534  2553 W art     : Suspending all threads took: 14.801ms
12-14 00:52:45.925  1973  2002 D BluetoothManagerService: Message: 20
12-14 00:52:45.925  1973  2002 D BluetoothManagerService: Added callback: android.bluetooth.IBluetoothManagerCallback$Stub$Proxy@343fcbf6:true
12-14 00:52:45.963  1973  2040 D WifiService: New client listening to asynchronous messages
12-14 00:52:45.974  2534  2553 I art     : Background sticky concurrent mark sweep GC freed 19936(871KB) AllocSpace objects, 2(32KB) LOS objects, 18% free, 4MB/5MB, paused 140.337ms total 143.719ms
12-14 00:52:45.980  2534  2567 D NativeLibraryUtils: Install completed successfully. count=0 extracted=0
12-14 00:52:46.164  2534  2553 W art     : Suspending all threads took: 15.574ms
12-14 00:52:46.221  2534  2553 I art     : Background sticky concurrent mark sweep GC freed 9323(505KB) AllocSpace objects, 0(0B) LOS objects, 0% free, 5MB/5MB, paused 72.290ms total 245.700ms
12-14 00:52:46.342  2255  2255 V GmsNetworkLocationProvi: ENABLE
12-14 00:52:46.343  2255  2255 V GmsNetworkLocationProvi: SET-REQUEST
12-14 00:52:46.343  2255  2255 V GmsNetworkLocationProvi: in Handler: ProviderRequestUnbundled, reportLocation is true and interval is 86400000
12-14 00:52:46.357  2255  2255 D GeofencerStateMachine: Creating GeofencerStateMachine
12-14 00:52:46.415  2255  2255 I art     : Rejecting re-init on previously-failed class java.lang.Class<com.google.android.gms.common.util.bl>
12-14 00:52:46.416  2255  2255 I art     : Rejecting re-init on previously-failed class java.lang.Class<com.google.android.gms.common.util.bl>
12-14 00:52:46.431  2255  2575 W Settings: Setting airplane_mode_on has moved from android.provider.Settings.System to android.provider.Settings.Global, returning read-only value.
12-14 00:52:46.637  1973  2424 I ActivityManager: Start proc 2579:com.google.android.gms.wearable/u0a7 for service com.google.android.gms/.wearable.service.WearableService
12-14 00:52:46.642  2579  2579 I ActivityThread: Switching default density from 160 to 240
12-14 00:52:46.643  2579  2579 W ResourcesManager: Asset path '/system/framework/com.android.media.remotedisplay.jar' does not exist or contains no resources.
12-14 00:52:46.643  2579  2579 W ResourcesManager: Asset path '/system/framework/com.android.location.provider.jar' does not exist or contains no resources.
12-14 00:52:46.648  2579  2579 I art     : Rejecting re-init on previously-failed class java.lang.Class<com.google.android.gms.common.h.c>
12-14 00:52:46.648  2579  2579 I art     : Rejecting re-init on previously-failed class java.lang.Class<com.google.android.gms.common.h.c>
12-14 00:52:46.649  2579  2579 I MultiDex: VM with version 2.1.0 has multidex support
12-14 00:52:46.649  2579  2579 I MultiDex: install
12-14 00:52:46.649  2579  2579 I MultiDex: VM has multidex support, MultiDex support library is disabled.
12-14 00:52:46.652  2579  2579 V JNIHelp : Registering com/google/android/gms/org/conscrypt/NativeCrypto's 240 native methods...
12-14 00:52:46.657  2579  2579 I ProviderInstaller: Installed default security provider GmsCore_OpenSSL
12-14 00:52:46.665  2579  2603 D NativeLibraryUtils: Install completed successfully. count=0 extracted=0
12-14 00:52:46.728  2579  2579 D WearableService: callingUid 10007, callindPid: 2579
12-14 00:52:46.765  2255  2275 W art     : Suspending all threads took: 8.318ms
12-14 00:52:46.767  2255  2275 I art     : Background sticky concurrent mark sweep GC freed 24119(1460KB) AllocSpace objects, 8(513KB) LOS objects, 20% free, 7MB/8MB, paused 8.779ms total 123.675ms
12-14 00:52:46.767  2255  2274 I art     : WaitForGcToComplete blocked for 47.867ms for cause HeapTrim
12-14 00:52:46.776  2255  2255 I GCoreUlr: Starting service, intent=Intent { act=com.google.android.location.reporting.ACTION_UPDATE_WORLD cmp=com.google.android.gms/com.google.android.location.reporting.service.DispatchingService (has extras) }, extras=Bundle[{receiverAction=android.location.PROVIDERS_CHANGED}]
12-14 00:52:46.778  2255  2575 W Settings: Setting airplane_mode_on has moved from android.provider.Settings.System to android.provider.Settings.Global, returning read-only value.
12-14 00:52:46.786  2255  2255 V GeofencerHelper: Initializing geofence's system cache.
12-14 00:52:46.795  1973  1973 I ActivityManager: Start proc 2605:android.process.media/u0a5 for broadcast com.android.providers.downloads/.DownloadReceiver
12-14 00:52:46.796  1973  2302 D WifiService: acquireWifiLockLocked: WifiLock{NlpWifiLock type=2 binder=android.os.BinderProxy@5accec7}
12-14 00:52:46.797  1973  2039 I WifiNative-HAL: startHal
12-14 00:52:46.800  2605  2605 I ActivityThread: Switching default density from 160 to 240
12-14 00:52:46.867  2255  2577 D GeofenceStateCache: Recovered 0 geofences.
12-14 00:52:46.960  2255  2255 I GCoreUlr: DispatchingService.onCreate()
12-14 00:52:47.007  2605  2605 E SQLiteLog: (283) recovered 67 frames from WAL file /data/data/com.android.providers.media/databases/external.db-wal
12-14 00:52:47.065  1973  2039 E WifiStateMachine: WifiStateMachine Disconnected CMD_START_SCAN source -2 2, 3 -> obsolete
12-14 00:52:47.303  1973  2325 I ActivityManager: Start proc 2639:com.android.externalstorage/u0a6 for broadcast com.android.externalstorage/.MountReceiver
12-14 00:52:47.307  2639  2639 I ActivityThread: Switching default density from 160 to 240
12-14 00:52:47.398  2639  2639 D ExternalStorage: After updating volumes, found 2 active roots
12-14 00:52:47.399  2639  2639 D ExternalStorage: After updating volumes, found 2 active roots
12-14 00:52:47.400  2605  2605 D MediaScannerReceiver: action: android.intent.action.MEDIA_MOUNTED path: /storage/usb0
12-14 00:52:47.415  1973  2662 I ActivityManager: Start proc 2664:com.android.keychain/1000 for service com.android.keychain/.KeyChainService
12-14 00:52:47.417  1973  2677 I RecoverySystem: No recovery log file
12-14 00:52:47.431  1973  2425 I ActivityManager: Start proc 2688:com.android.dialer/u0a4 for broadcast com.android.dialer/.calllog.CallLogReceiver
12-14 00:52:47.432  2664  2664 I ActivityThread: Switching default density from 160 to 240
12-14 00:52:47.435  2688  2688 I ActivityThread: Switching default density from 160 to 240
12-14 00:52:47.472  1973  2677 I BootReceiver: Copying audit failures to DropBox
12-14 00:52:47.472  1973  2677 I BootReceiver: Checking for fsck errors
12-14 00:52:47.715  2688  2688 D ExtensionsFactory: No custom extensions.
12-14 00:52:47.737  1973  1973 I ActivityManager: Start proc 2714:com.android.providers.calendar/u0a1 for broadcast com.android.providers.calendar/.CalendarReceiver
12-14 00:52:47.747  2714  2714 I ActivityThread: Switching default density from 160 to 240
12-14 00:52:47.747  2714  2714 W ResourcesManager: Asset path '/system/framework/android.test.runner.jar' does not exist or contains no resources.
12-14 00:52:47.862  2714  2714 I CalendarProvider2: Created com.android.providers.calendar.CalendarAlarmManager@121be547(com.android.providers.calendar.CalendarProvider2@11a67174)
12-14 00:52:47.942  2255  2739 I GCoreUlr: WorldUpdater received intent Intent { act=com.google.android.location.reporting.ACTION_UPDATE_WORLD cmp=com.google.android.gms/com.google.android.location.reporting.service.DispatchingService (has extras) } with receiverAction android.location.PROVIDERS_CHANGED
12-14 00:52:47.954  1973  2325 I art     : Explicit concurrent mark sweep GC freed 10517(581KB) AllocSpace objects, 1(16KB) LOS objects, 33% free, 9MB/14MB, paused 331us total 10.494ms
12-14 00:52:47.979  2465  2522 I art     : Explicit concurrent mark sweep GC freed 26051(1506KB) AllocSpace objects, 2(32KB) LOS objects, 40% free, 4MB/7MB, paused 257us total 34.616ms
12-14 00:52:48.017  2255  2739 I GCoreUlr: WorldUpdater:android.location.PROVIDERS_CHANGED: Ensuring that reporting is stopped because of reasons: (no Google accounts)
12-14 00:52:48.017  2255  2739 I GCoreUlr: Unbound from all location providers
12-14 00:52:48.134  2605  2661 W MediaScanner: Error opening directory '/storage/sdcard1/', skipping: Permission denied.
12-14 00:52:48.164  1973  2039 I WifiNative-HAL: startHal
12-14 00:52:48.168  2465  2465 V GLSActivity: AuthDelegateWrapperCreated with selected intent: Intent { cmp=com.google.android.gms/.auth.DefaultAuthDelegateService }
12-14 00:52:48.198  2534  2534 V GmsCoreStatsServiceLauncher: Received broadcast intent Intent { act=android.intent.action.BOOT_COMPLETED flg=0x8000010 cmp=com.google.android.gms/.common.stats.GmsCoreStatsServiceLauncher (has extras) }
12-14 00:52:48.228  2465  2465 D PersistentNotificationBroadcastReceiver: Received intent: Intent { act=android.intent.action.BOOT_COMPLETED flg=0x8000010 cmp=com.google.android.gms/.common.notification.PersistentNotificationBroadcastReceiver (has extras) }
12-14 00:52:48.237  2255  2255 E GmsWearableLS: GoogleApiClient connection failed: ConnectionResult{statusCode=API_UNAVAILABLE, resolution=null, message=null}
12-14 00:52:48.238  2255  2255 I GCoreUlr: DispatchingService.onDestroy()
12-14 00:52:48.238  2255  2255 I GCoreUlr: Stopping handler for UlrDispSvcFast
12-14 00:52:48.238  2255  2255 I GCoreUlr: Unbound from all location providers
12-14 00:52:48.359  2465  2751 E SQLiteLog: (283) recovered 9 frames from WAL file /data/data/com.google.android.gms/databases/playlog.db-wal
12-14 00:52:48.485  2465  2751 I Scheduler: Use legacy PeriodicScheduler
12-14 00:52:48.550  2465  2751 W InstanceID/Rpc: Found 10007
12-14 00:52:48.582  2255  2255 E GmsWearableLS: GoogleApiClient connection failed: ConnectionResult{statusCode=API_UNAVAILABLE, resolution=null, message=null}
12-14 00:52:48.618  1973  2045 W AudioTrack: AUDIO_OUTPUT_FLAG_FAST denied by client
12-14 00:52:48.884  1712  1952 D audio_hw_primary: found out /dev/snd/pcmC1D0p
12-14 00:52:48.897  2714  2714 I CalendarProvider2: Sending notification intent: Intent { act=android.intent.action.PROVIDER_CHANGED dat=content://com.android.calendar }
12-14 00:52:48.897  2714  2714 W ContentResolver: Failed to get type for: content://com.android.calendar (Unknown URL content://com.android.calendar)
12-14 00:52:48.984  1973  1994 W art     : Long monitor contention event with owner method=void com.android.server.appwidget.AppWidgetServiceImpl$SaveStateRunnable.run() from AppWidgetServiceImpl.java:3456 waiters=0 for 365ms
12-14 00:52:49.234  2534  2534 W InstanceID/Rpc: Found 10007
12-14 00:52:49.383  2534  2758 D FileApkUtils: Spent 173ms computing apk sha1.
12-14 00:52:49.391  2534  2758 D FileApkUtils: Module already staged or being staged:chimera-modules/MapsModule.apk
12-14 00:52:49.472  2534  2758 D DexOptUtils: Module /data/data/com.google.android.gms/app_chimera/chimera-module-root/module-13de3980f029dc34d7f6bdadf7b693ead0480f20/MapsModule.apk is already optimized. Bailing.
12-14 00:52:49.472  2534  2758 D FileApkUtils: Keeping up-to-date module: module-13de3980f029dc34d7f6bdadf7b693ead0480f20
12-14 00:52:49.472  2534  2534 D ChimeraCfgMgr: Loading module com.google.android.gms.kids from APK com.google.android.gms
12-14 00:52:49.473  2534  2758 D GmsModuleFndr: Beginning GMS chimera module scan
12-14 00:52:49.540  2534  2758 D GmsModuleFndr: Module pkg com.google.android.play.games not installed, skipping
12-14 00:52:49.540  2534  2758 D ChimeraCfgMgr: Beginning module configuration check
12-14 00:52:49.540  2534  2758 D ChimeraCfgMgr: Module APKs unchanged, check complete
12-14 00:52:49.637  2534  2764 D GCM     : COMPAT: Multi user ser=0 current=0
12-14 00:52:49.638  2465  2465 D GCM     : COMPAT: Multi user ser=0 current=0
12-14 00:52:49.718  2465  2465 E GCM     : Missing checkin config file
12-14 00:52:49.718  2465  2465 W GCM     : GCM FAILED TO INITIALIZE - missing checkin
12-14 00:52:49.723  2465  2778 D GCM     : GcmService start Intent { act=android.intent.action.BOOT_COMPLETED flg=0x8000010 cmp=com.google.android.gms/.gcm.GcmService (has extras) } android.intent.action.BOOT_COMPLETED
12-14 00:52:49.752  2534  2764 W BaseAppContext: Using Auth Proxy for data requests.
12-14 00:52:49.776  2534  2764 I GLSUser : [ChannelManager] Attempting to channel bind connection HttpClient.
12-14 00:52:49.777  2534  2764 I GLSUser : [ChannelManager] Checking whether channelId is enabled. isEnabledGmsCore? false, isEnabledSdk? true, isAtLeastKitKat? true
12-14 00:52:49.847  2534  2764 I GCoreUlr: Starting service, intent=Intent { act=com.google.android.location.reporting.ACTION_UPDATE_WORLD cmp=com.google.android.gms/com.google.android.location.reporting.service.DispatchingService (has extras) }, extras=Bundle[{receiverAction=android.intent.action.BOOT_COMPLETED}]
12-14 00:52:49.852  2255  2255 I GCoreUlr: DispatchingService.onCreate()
12-14 00:52:49.971  2534  2792 I CheckinService: Disabling old GoogleServicesFramework version
12-14 00:52:49.972  2534  2534 D ChimeraCfgMgr: Loading module com.google.android.gms.kids from APK com.google.android.gms
12-14 00:52:50.014  2534  2534 D SystemUpdateService: onCreate
12-14 00:52:50.014  2465  2465 V GLSActivity: AuthDelegateWrapperCreated with selected intent: Intent { cmp=com.google.android.gms/.auth.DefaultAuthDelegateService }
12-14 00:52:50.015  2534  2793 I CheckinService: Checking schedule, now: 1450072370015 next: 30000
12-14 00:52:50.015  2534  2793 I CheckinService: active receiver: enabled
12-14 00:52:50.015  2255  2794 I GCoreUlr: WorldUpdater received intent Intent { act=com.google.android.location.reporting.ACTION_UPDATE_WORLD cmp=com.google.android.gms/com.google.android.location.reporting.service.DispatchingService (has extras) } with receiverAction android.intent.action.BOOT_COMPLETED
12-14 00:52:50.016  2534  2795 W Kids    : [AbstractKidsOperation] Invalid device state 3
12-14 00:52:50.016  2534  2795 I Kids    : [KidAccountFixer] No network connection
12-14 00:52:50.026  2534  2534 D SystemUpdateService: onStartCommand: intent: Intent { cmp=com.google.android.gms/.update.SystemUpdateService (has extras) }
12-14 00:52:50.027  2465  2465 I ConfigService: onCreate
12-14 00:52:50.028  2534  2534 I ConfigFetchService: onStartCommand Intent { cmp=com.google.android.gms/.config.ConfigFetchService (has extras) }
12-14 00:52:50.030  2534  2803 I SystemUpdateService: cancelUpdate (empty URL)
12-14 00:52:50.030  2534  2803 I SystemUpdateService: active receiver: disabled
12-14 00:52:50.171  2534  2806 V AuthZen : Handling intent: android.intent.action.BOOT_COMPLETED
12-14 00:52:50.171  2534  2806 D AuthZenEventHandler: Handling event: android.intent.action.BOOT_COMPLETED
12-14 00:52:50.181  2255  2794 I GCoreUlr: WorldUpdater:android.intent.action.BOOT_COMPLETED: Ensuring that reporting is stopped because of reasons: (no Google accounts)
12-14 00:52:50.181  2255  2794 I GCoreUlr: Unbound from all location providers
12-14 00:52:50.183  2255  2255 I GCoreUlr: DispatchingService.onDestroy()
12-14 00:52:50.183  2255  2255 I GCoreUlr: Stopping handler for UlrDispSvcFast
12-14 00:52:50.183  2255  2255 I GCoreUlr: Unbound from all location providers
12-14 00:52:50.239  1973  2424 I ActivityManager: Start proc 2810:com.google.android.onetimeinitializer/u0a9 for broadcast com.google.android.onetimeinitializer/.OneTimeInitializerReceiver
12-14 00:52:50.243  2810  2810 I ActivityThread: Switching default density from 160 to 240
12-14 00:52:50.267  2534  2534 D SystemUpdateService: onDestroy
12-14 00:52:50.267  2534  2797 I EventLogService: Opted in for usage reporting
12-14 00:52:50.267  2534  2797 I EventLogService: Aggregate from 1450069182447 (log), 1450069182447 (data)
12-14 00:52:50.274  2465  2486 I art     : Explicit concurrent mark sweep GC freed 13107(783KB) AllocSpace objects, 6(96KB) LOS objects, 40% free, 5MB/8MB, paused 235us total 6.046ms
12-14 00:52:50.293  2534  2534 I ConfigFetchService: service connected
12-14 00:52:50.294  2534  2534 D ConfigFetchService: ConfigApi connection successful.
12-14 00:52:50.320  2534  2806 W BaseAppContext: Using Auth Proxy for data requests.
12-14 00:52:50.372  2810  2810 V OneTimeInitializerReceiver: OneTimeInitializerReceiver.onReceive
12-14 00:52:50.373  2810  2835 V OneTimeService: OneTimeService.onHandleIntent
12-14 00:52:50.386  2534  2806 D AuthZenTransactionCache: Initialized cache in: /data/data/com.google.android.gms/files
12-14 00:52:50.386  2534  2806 D AuthZenTransactionCache: Clearing transaction cache
12-14 00:52:50.389  1973  2302 I ActivityManager: Start proc 2837:com.google.android.partnersetup/u0a10 for broadcast com.google.android.partnersetup/.GooglePartnerSetup
12-14 00:52:50.393  2837  2837 I ActivityThread: Switching default density from 160 to 240
12-14 00:52:50.562  1973  2127 I ActivityManager: Start proc 2866:com.android.managedprovisioning/u0a11 for broadcast com.android.managedprovisioning/.BootReminder
12-14 00:52:50.566  1715  1715 I art     : Explicit concurrent mark sweep GC freed 706(30KB) AllocSpace objects, 0(0B) LOS objects, 39% free, 1950KB/3MB, paused 23us total 3.392ms
12-14 00:52:50.567  2866  2866 I ActivityThread: Switching default density from 160 to 240
12-14 00:52:50.568  1715  1715 I art     : Explicit concurrent mark sweep GC freed 5(160B) AllocSpace objects, 0(0B) LOS objects, 39% free, 1950KB/3MB, paused 21us total 2.350ms
12-14 00:52:50.570  1715  1715 I art     : Explicit concurrent mark sweep GC freed 5(160B) AllocSpace objects, 0(0B) LOS objects, 39% free, 1950KB/3MB, paused 20us total 2.264ms
12-14 00:52:50.723  2837  2865 I RlzPingService: Setting next ping for 1450673983043
12-14 00:52:50.758  2534  2797 I art     : Explicit concurrent mark sweep GC freed 35372(2MB) AllocSpace objects, 24(384KB) LOS objects, 39% free, 5MB/9MB, paused 296us total 312.627ms
12-14 00:52:50.758  2534  2552 I art     : WaitForGcToComplete blocked for 280.146ms for cause HeapTrim
12-14 00:52:50.759  1973  2127 I ActivityManager: Start proc 2892:com.android.mms/u0a12 for broadcast com.android.mms/.transaction.MmsSystemEventReceiver
12-14 00:52:50.765  2892  2892 I ActivityThread: Switching default density from 160 to 240
12-14 00:52:50.854  1973  2325 D CountryDetector: The first listener is added
12-14 00:52:50.916  2892  2892 V Mms     : mnc/mcc: 
12-14 00:52:50.917  2892  2892 V Mms     : tag: bool value: enabledMMS - true
12-14 00:52:50.917  2892  2892 V Mms     : tag: int value: maxMessageSize - 307200
12-14 00:52:50.917  2892  2892 V Mms     : tag: int value: maxImageHeight - 480
12-14 00:52:50.917  2892  2892 V Mms     : tag: int value: maxImageWidth - 640
12-14 00:52:50.917  2892  2892 V Mms     : tag: int value: defaultSMSMessagesPerThread - 10000
12-14 00:52:50.917  2892  2892 V Mms     : tag: int value: defaultMMSMessagesPerThread - 1000
12-14 00:52:50.917  2892  2892 V Mms     : tag: int value: minMessageCountPerThread - 10
12-14 00:52:50.917  2892  2892 V Mms     : tag: int value: maxMessageCountPerThread - 5000
12-14 00:52:50.917  2892  2892 V Mms     : tag: string value: uaProfUrl - http://www.google.com/oha/rdf/ua-profile-kila.xml
12-14 00:52:50.917  2892  2892 V Mms     : tag: int value: recipientLimit - -1
12-14 00:52:50.917  2892  2892 V Mms     : tag: bool value: enableMultipartSMS - true
12-14 00:52:50.917  2892  2892 V Mms     : tag: int value: smsToMmsTextThreshold - -1
12-14 00:52:50.917  2892  2892 V Mms     : tag: bool value: enableSlideDuration - true
12-14 00:52:50.917  2892  2892 V Mms     : tag: int value: maxMessageTextSize - -1
12-14 00:52:51.006  1973  2045 W AudioTrack: AUDIO_OUTPUT_FLAG_FAST denied by client
12-14 00:52:51.006  1973  2300 I ActivityManager: START u0 {act=android.intent.action.MAIN cat=[android.intent.category.LAUNCHER] flg=0x10200000 cmp=com.cyanogenmod.filemanager/.activities.NavigationActivity (has extras)} from uid 10044 on display 0
12-14 00:52:51.007  1973  2300 V WindowManager: addAppToken: AppWindowToken{324f12d token=Token{2f41c44 ActivityRecord{21dd3957 u0 com.cyanogenmod.filemanager/.activities.NavigationActivity t2}}} to stack=1 task=2 at 0
12-14 00:52:51.008  1973  2003 V WindowManager: Adding window Window{35e8afdc u0 Starting com.cyanogenmod.filemanager} at 2 of 7 (after Window{1f8466dd u0 com.android.launcher3/com.android.launcher3.Launcher})
12-14 00:52:51.024  1973  2302 I ActivityManager: Start proc 2929:com.cyanogenmod.filemanager/u0a25 for activity com.cyanogenmod.filemanager/.activities.NavigationActivity
12-14 00:52:51.033  2929  2929 I ActivityThread: Switching default density from 160 to 240
12-14 00:52:51.036  2892  2951 D Mms     : cancelNotification
12-14 00:52:51.046  1973  1994 I art     : Explicit concurrent mark sweep GC freed 11295(590KB) AllocSpace objects, 4(64KB) LOS objects, 33% free, 9MB/14MB, paused 344us total 14.623ms
12-14 00:52:51.046  2892  2952 D ConnectivityManager: getMobileDataEnabled()+ subId=-1
12-14 00:52:51.047  2278  2924 D PhoneInterfaceManager: [PhoneIntfMgr] getDataEnabled: subId=-1 phoneId=-1
12-14 00:52:51.047  2278  2924 E PhoneInterfaceManager: [PhoneIntfMgr] getDataEnabled: no phone subId=-1 retVal=false
12-14 00:52:51.047  2892  2952 D ConnectivityManager: getMobileDataEnabled()- subId=-1 retVal=false
