12-14 05:07:53.450  2025  2025 E installd: Running /system/bin/patchoat isa=x86 in-fd=5 (/system/framework/x86/android.test.runner.odex) out-fd=6 (/data/dalvik-cache/x86/system@framework@android.test.runner.jar@classes.dex)
12-14 05:07:53.453  2025  2025 W linker  : [vdso]: unused DT entry: type 0x6ffffef5 arg 0xec
12-14 05:07:53.453  2025  2025 E cutils-trace: Error opening trace file: Permission denied (13)
12-14 05:07:53.499  1978  1978 I art     : DexFile_isDexOptNeeded file /system/framework/x86/com.android.media.remotedisplay.odex needs to be relocated for /system/framework/com.android.media.remotedisplay.jar
12-14 05:07:53.499  2026  2026 E installd: Running /system/bin/patchoat isa=x86 in-fd=5 (/system/framework/x86/com.android.media.remotedisplay.odex) out-fd=6 (/data/dalvik-cache/x86/system@framework@com.android.media.remotedisplay.jar@classes.dex)
12-14 05:07:53.502  2026  2026 W linker  : [vdso]: unused DT entry: type 0x6ffffef5 arg 0xec
12-14 05:07:53.502  2026  2026 E cutils-trace: Error opening trace file: Permission denied (13)
12-14 05:07:53.519  1978  1978 I art     : DexFile_isDexOptNeeded file /system/framework/x86/com.android.mediadrm.signer.odex needs to be relocated for /system/framework/com.android.mediadrm.signer.jar
12-14 05:07:53.519  2027  2027 E installd: Running /system/bin/patchoat isa=x86 in-fd=5 (/system/framework/x86/com.android.mediadrm.signer.odex) out-fd=6 (/data/dalvik-cache/x86/system@framework@com.android.mediadrm.signer.jar@classes.dex)
12-14 05:07:53.522  2027  2027 W linker  : [vdso]: unused DT entry: type 0x6ffffef5 arg 0xec
12-14 05:07:53.522  2027  2027 E cutils-trace: Error opening trace file: Permission denied (13)
12-14 05:07:53.545  1978  1978 I art     : DexFile_isDexOptNeeded file /system/framework/x86_64/content.odex needs to be relocated for /system/framework/content.jar
12-14 05:07:53.545  2028  2028 E installd: Running /system/bin/patchoat isa=x86_64 in-fd=5 (/system/framework/x86_64/content.odex) out-fd=6 (/data/dalvik-cache/x86_64/system@framework@content.jar@classes.dex)
12-14 05:07:53.547  2028  2028 W linker  : [vdso]: unused DT entry: type 0x6ffffef5 arg 0xec
12-14 05:07:53.548  2028  2028 E cutils-trace: Error opening trace file: Permission denied (13)
12-14 05:07:53.589  1978  1978 I art     : DexFile_isDexOptNeeded file /system/framework/x86_64/dpm.odex needs to be relocated for /system/framework/dpm.jar
12-14 05:07:53.589  2029  2029 E installd: Running /system/bin/patchoat isa=x86_64 in-fd=5 (/system/framework/x86_64/dpm.odex) out-fd=6 (/data/dalvik-cache/x86_64/system@framework@dpm.jar@classes.dex)
12-14 05:07:53.592  2029  2029 W linker  : [vdso]: unused DT entry: type 0x6ffffef5 arg 0xec
12-14 05:07:53.592  2029  2029 E cutils-trace: Error opening trace file: Permission denied (13)
12-14 05:07:53.623  1978  1978 I art     : DexFile_isDexOptNeeded file /system/framework/x86_64/am.odex needs to be relocated for /system/framework/am.jar
12-14 05:07:53.624  2030  2030 E installd: Running /system/bin/patchoat isa=x86_64 in-fd=5 (/system/framework/x86_64/am.odex) out-fd=6 (/data/dalvik-cache/x86_64/system@framework@am.jar@classes.dex)
12-14 05:07:53.626  2030  2030 W linker  : [vdso]: unused DT entry: type 0x6ffffef5 arg 0xec
12-14 05:07:53.627  2030  2030 E cutils-trace: Error opening trace file: Permission denied (13)
12-14 05:07:53.685  1978  1978 I art     : DexFile_isDexOptNeeded file /system/framework/x86_64/requestsync.odex needs to be relocated for /system/framework/requestsync.jar
12-14 05:07:53.686  2031  2031 E installd: Running /system/bin/patchoat isa=x86_64 in-fd=5 (/system/framework/x86_64/requestsync.odex) out-fd=6 (/data/dalvik-cache/x86_64/system@framework@requestsync.jar@classes.dex)
12-14 05:07:53.688  2031  2031 W linker  : [vdso]: unused DT entry: type 0x6ffffef5 arg 0xec
12-14 05:07:53.689  2031  2031 E cutils-trace: Error opening trace file: Permission denied (13)
12-14 05:07:53.709  1978  1978 I art     : DexFile_isDexOptNeeded file /system/framework/x86_64/wm.odex needs to be relocated for /system/framework/wm.jar
12-14 05:07:53.709  2032  2032 E installd: Running /system/bin/patchoat isa=x86_64 in-fd=5 (/system/framework/x86_64/wm.odex) out-fd=6 (/data/dalvik-cache/x86_64/system@framework@wm.jar@classes.dex)
12-14 05:07:53.712  2032  2032 W linker  : [vdso]: unused DT entry: type 0x6ffffef5 arg 0xec
12-14 05:07:53.712  2032  2032 E cutils-trace: Error opening trace file: Permission denied (13)
12-14 05:07:53.729  1978  1978 I art     : DexFile_isDexOptNeeded file /system/framework/x86_64/appops.odex needs to be relocated for /system/framework/appops.jar
12-14 05:07:53.729  2033  2033 E installd: Running /system/bin/patchoat isa=x86_64 in-fd=5 (/system/framework/x86_64/appops.odex) out-fd=6 (/data/dalvik-cache/x86_64/system@framework@appops.jar@classes.dex)
12-14 05:07:53.732  2033  2033 W linker  : [vdso]: unused DT entry: type 0x6ffffef5 arg 0xec
12-14 05:07:53.732  2033  2033 E cutils-trace: Error opening trace file: Permission denied (13)
12-14 05:07:53.753  1978  1978 I art     : DexFile_isDexOptNeeded file /system/framework/x86_64/bu.odex needs to be relocated for /system/framework/bu.jar
12-14 05:07:53.754  2034  2034 E installd: Running /system/bin/patchoat isa=x86_64 in-fd=5 (/system/framework/x86_64/bu.odex) out-fd=6 (/data/dalvik-cache/x86_64/system@framework@bu.jar@classes.dex)
12-14 05:07:53.756  2034  2034 W linker  : [vdso]: unused DT entry: type 0x6ffffef5 arg 0xec
12-14 05:07:53.757  2034  2034 E cutils-trace: Error opening trace file: Permission denied (13)
12-14 05:07:53.788  1978  1978 I art     : DexFile_isDexOptNeeded file /system/framework/x86_64/pm.odex needs to be relocated for /system/framework/pm.jar
12-14 05:07:53.788  2035  2035 E installd: Running /system/bin/patchoat isa=x86_64 in-fd=5 (/system/framework/x86_64/pm.odex) out-fd=6 (/data/dalvik-cache/x86_64/system@framework@pm.jar@classes.dex)
12-14 05:07:53.791  2035  2035 W linker  : [vdso]: unused DT entry: type 0x6ffffef5 arg 0xec
12-14 05:07:53.792  2035  2035 E cutils-trace: Error opening trace file: Permission denied (13)
12-14 05:07:53.838  1978  1978 I art     : DexFile_isDexOptNeeded file /system/framework/x86_64/monkey.odex needs to be relocated for /system/framework/monkey.jar
12-14 05:07:53.839  2036  2036 E installd: Running /system/bin/patchoat isa=x86_64 in-fd=5 (/system/framework/x86_64/monkey.odex) out-fd=6 (/data/dalvik-cache/x86_64/system@framework@monkey.jar@classes.dex)
12-14 05:07:53.841  2036  2036 W linker  : [vdso]: unused DT entry: type 0x6ffffef5 arg 0xec
12-14 05:07:53.842  2036  2036 E cutils-trace: Error opening trace file: Permission denied (13)
12-14 05:07:53.893  1978  1978 I art     : DexFile_isDexOptNeeded file /system/framework/x86_64/input.odex needs to be relocated for /system/framework/input.jar
12-14 05:07:53.893  2037  2037 E installd: Running /system/bin/patchoat isa=x86_64 in-fd=5 (/system/framework/x86_64/input.odex) out-fd=6 (/data/dalvik-cache/x86_64/system@framework@input.jar@classes.dex)
12-14 05:07:53.896  2037  2037 W linker  : [vdso]: unused DT entry: type 0x6ffffef5 arg 0xec
12-14 05:07:53.896  2037  2037 E cutils-trace: Error opening trace file: Permission denied (13)
12-14 05:07:53.916  1978  1978 I art     : DexFile_isDexOptNeeded file /system/framework/x86_64/bmgr.odex needs to be relocated for /system/framework/bmgr.jar
12-14 05:07:53.917  2038  2038 E installd: Running /system/bin/patchoat isa=x86_64 in-fd=5 (/system/framework/x86_64/bmgr.odex) out-fd=6 (/data/dalvik-cache/x86_64/system@framework@bmgr.jar@classes.dex)
12-14 05:07:53.919  2038  2038 W linker  : [vdso]: unused DT entry: type 0x6ffffef5 arg 0xec
12-14 05:07:53.920  2038  2038 E cutils-trace: Error opening trace file: Permission denied (13)
12-14 05:07:53.942  1978  1978 I art     : DexFile_isDexOptNeeded file /system/framework/x86_64/ime.odex needs to be relocated for /system/framework/ime.jar
12-14 05:07:53.942  2039  2039 E installd: Running /system/bin/patchoat isa=x86_64 in-fd=5 (/system/framework/x86_64/ime.odex) out-fd=6 (/data/dalvik-cache/x86_64/system@framework@ime.jar@classes.dex)
12-14 05:07:53.945  2039  2039 W linker  : [vdso]: unused DT entry: type 0x6ffffef5 arg 0xec
12-14 05:07:53.945  2039  2039 E cutils-trace: Error opening trace file: Permission denied (13)
12-14 05:07:53.968  1978  1978 I art     : DexFile_isDexOptNeeded file /system/framework/x86_64/media_cmd.odex needs to be relocated for /system/framework/media_cmd.jar
12-14 05:07:53.968  2040  2040 E installd: Running /system/bin/patchoat isa=x86_64 in-fd=5 (/system/framework/x86_64/media_cmd.odex) out-fd=6 (/data/dalvik-cache/x86_64/system@framework@media_cmd.jar@classes.dex)
12-14 05:07:53.971  2040  2040 W linker  : [vdso]: unused DT entry: type 0x6ffffef5 arg 0xec
12-14 05:07:53.971  2040  2040 E cutils-trace: Error opening trace file: Permission denied (13)
12-14 05:07:53.990  1978  1978 I art     : DexFile_isDexOptNeeded file /system/framework/x86_64/settings.odex needs to be relocated for /system/framework/settings.jar
12-14 05:07:53.990  2041  2041 E installd: Running /system/bin/patchoat isa=x86_64 in-fd=5 (/system/framework/x86_64/settings.odex) out-fd=6 (/data/dalvik-cache/x86_64/system@framework@settings.jar@classes.dex)
12-14 05:07:53.993  2041  2041 W linker  : [vdso]: unused DT entry: type 0x6ffffef5 arg 0xec
12-14 05:07:53.993  2041  2041 E cutils-trace: Error opening trace file: Permission denied (13)
12-14 05:07:54.012  1978  1978 I art     : DexFile_isDexOptNeeded file /system/framework/x86_64/appwidget.odex needs to be relocated for /system/framework/appwidget.jar
12-14 05:07:54.012  2042  2042 E installd: Running /system/bin/patchoat isa=x86_64 in-fd=5 (/system/framework/x86_64/appwidget.odex) out-fd=6 (/data/dalvik-cache/x86_64/system@framework@appwidget.jar@classes.dex)
12-14 05:07:54.015  2042  2042 W linker  : [vdso]: unused DT entry: type 0x6ffffef5 arg 0xec
12-14 05:07:54.015  2042  2042 E cutils-trace: Error opening trace file: Permission denied (13)
12-14 05:07:54.033  1715  1715 E sdcard  : missing packages.list; retrying
12-14 05:07:54.054  1978  1978 I art     : DexFile_isDexOptNeeded file /system/framework/x86_64/uiautomator.odex needs to be relocated for /system/framework/uiautomator.jar
12-14 05:07:54.054  2043  2043 E installd: Running /system/bin/patchoat isa=x86_64 in-fd=5 (/system/framework/x86_64/uiautomator.odex) out-fd=6 (/data/dalvik-cache/x86_64/system@framework@uiautomator.jar@classes.dex)
12-14 05:07:54.057  2043  2043 W linker  : [vdso]: unused DT entry: type 0x6ffffef5 arg 0xec
12-14 05:07:54.057  2043  2043 E cutils-trace: Error opening trace file: Permission denied (13)
12-14 05:07:54.115  1978  1978 I art     : DexFile_isDexOptNeeded file /system/framework/x86_64/svc.odex needs to be relocated for /system/framework/svc.jar
12-14 05:07:54.115  2044  2044 E installd: Running /system/bin/patchoat isa=x86_64 in-fd=5 (/system/framework/x86_64/svc.odex) out-fd=6 (/data/dalvik-cache/x86_64/system@framework@svc.jar@classes.dex)
12-14 05:07:54.118  2044  2044 W linker  : [vdso]: unused DT entry: type 0x6ffffef5 arg 0xec
12-14 05:07:54.118  2044  2044 E cutils-trace: Error opening trace file: Permission denied (13)
12-14 05:07:54.144  1978  1978 I art     : DexFile_isDexOptNeeded file /system/framework/x86/content.odex needs to be relocated for /system/framework/content.jar
12-14 05:07:54.145  2045  2045 E installd: Running /system/bin/patchoat isa=x86 in-fd=5 (/system/framework/x86/content.odex) out-fd=6 (/data/dalvik-cache/x86/system@framework@content.jar@classes.dex)
12-14 05:07:54.147  2045  2045 W linker  : [vdso]: unused DT entry: type 0x6ffffef5 arg 0xec
12-14 05:07:54.148  2045  2045 E cutils-trace: Error opening trace file: Permission denied (13)
12-14 05:07:54.173  1978  1978 I art     : DexFile_isDexOptNeeded file /system/framework/x86/dpm.odex needs to be relocated for /system/framework/dpm.jar
12-14 05:07:54.173  2046  2046 E installd: Running /system/bin/patchoat isa=x86 in-fd=5 (/system/framework/x86/dpm.odex) out-fd=6 (/data/dalvik-cache/x86/system@framework@dpm.jar@classes.dex)
12-14 05:07:54.176  2046  2046 W linker  : [vdso]: unused DT entry: type 0x6ffffef5 arg 0xec
12-14 05:07:54.176  2046  2046 E cutils-trace: Error opening trace file: Permission denied (13)
12-14 05:07:54.211  1978  1978 I art     : DexFile_isDexOptNeeded file /system/framework/x86/am.odex needs to be relocated for /system/framework/am.jar
12-14 05:07:54.211  2047  2047 E installd: Running /system/bin/patchoat isa=x86 in-fd=5 (/system/framework/x86/am.odex) out-fd=6 (/data/dalvik-cache/x86/system@framework@am.jar@classes.dex)
12-14 05:07:54.214  2047  2047 W linker  : [vdso]: unused DT entry: type 0x6ffffef5 arg 0xec
12-14 05:07:54.214  2047  2047 E cutils-trace: Error opening trace file: Permission denied (13)
12-14 05:07:54.259  1978  1978 I art     : DexFile_isDexOptNeeded file /system/framework/x86/requestsync.odex needs to be relocated for /system/framework/requestsync.jar
12-14 05:07:54.259  2048  2048 E installd: Running /system/bin/patchoat isa=x86 in-fd=5 (/system/framework/x86/requestsync.odex) out-fd=6 (/data/dalvik-cache/x86/system@framework@requestsync.jar@classes.dex)
12-14 05:07:54.262  2048  2048 W linker  : [vdso]: unused DT entry: type 0x6ffffef5 arg 0xec
12-14 05:07:54.262  2048  2048 E cutils-trace: Error opening trace file: Permission denied (13)
12-14 05:07:54.286  1978  1978 I art     : DexFile_isDexOptNeeded file /system/framework/x86/wm.odex needs to be relocated for /system/framework/wm.jar
12-14 05:07:54.287  2049  2049 E installd: Running /system/bin/patchoat isa=x86 in-fd=5 (/system/framework/x86/wm.odex) out-fd=6 (/data/dalvik-cache/x86/system@framework@wm.jar@classes.dex)
12-14 05:07:54.289  2049  2049 W linker  : [vdso]: unused DT entry: type 0x6ffffef5 arg 0xec
12-14 05:07:54.290  2049  2049 E cutils-trace: Error opening trace file: Permission denied (13)
12-14 05:07:54.314  1978  1978 I art     : DexFile_isDexOptNeeded file /system/framework/x86/appops.odex needs to be relocated for /system/framework/appops.jar
12-14 05:07:54.314  2050  2050 E installd: Running /system/bin/patchoat isa=x86 in-fd=5 (/system/framework/x86/appops.odex) out-fd=6 (/data/dalvik-cache/x86/system@framework@appops.jar@classes.dex)
12-14 05:07:54.316  2050  2050 W linker  : [vdso]: unused DT entry: type 0x6ffffef5 arg 0xec
12-14 05:07:54.317  2050  2050 E cutils-trace: Error opening trace file: Permission denied (13)
12-14 05:07:54.347  1978  1978 I art     : DexFile_isDexOptNeeded file /system/framework/x86/bu.odex needs to be relocated for /system/framework/bu.jar
12-14 05:07:54.347  2051  2051 E installd: Running /system/bin/patchoat isa=x86 in-fd=5 (/system/framework/x86/bu.odex) out-fd=6 (/data/dalvik-cache/x86/system@framework@bu.jar@classes.dex)
12-14 05:07:54.350  2051  2051 W linker  : [vdso]: unused DT entry: type 0x6ffffef5 arg 0xec
12-14 05:07:54.351  2051  2051 E cutils-trace: Error opening trace file: Permission denied (13)
12-14 05:07:54.385  1978  1978 I art     : DexFile_isDexOptNeeded file /system/framework/x86/pm.odex needs to be relocated for /system/framework/pm.jar
12-14 05:07:54.385  2052  2052 E installd: Running /system/bin/patchoat isa=x86 in-fd=5 (/system/framework/x86/pm.odex) out-fd=6 (/data/dalvik-cache/x86/system@framework@pm.jar@classes.dex)
12-14 05:07:54.388  2052  2052 W linker  : [vdso]: unused DT entry: type 0x6ffffef5 arg 0xec
12-14 05:07:54.389  2052  2052 E cutils-trace: Error opening trace file: Permission denied (13)
12-14 05:07:54.448  1978  1978 I art     : DexFile_isDexOptNeeded file /system/framework/x86/monkey.odex needs to be relocated for /system/framework/monkey.jar
12-14 05:07:54.449  2053  2053 E installd: Running /system/bin/patchoat isa=x86 in-fd=5 (/system/framework/x86/monkey.odex) out-fd=6 (/data/dalvik-cache/x86/system@framework@monkey.jar@classes.dex)
12-14 05:07:54.452  2053  2053 W linker  : [vdso]: unused DT entry: type 0x6ffffef5 arg 0xec
12-14 05:07:54.452  2053  2053 E cutils-trace: Error opening trace file: Permission denied (13)
12-14 05:07:54.492  1978  1978 I art     : DexFile_isDexOptNeeded file /system/framework/x86/input.odex needs to be relocated for /system/framework/input.jar
12-14 05:07:54.492  2054  2054 E installd: Running /system/bin/patchoat isa=x86 in-fd=5 (/system/framework/x86/input.odex) out-fd=6 (/data/dalvik-cache/x86/system@framework@input.jar@classes.dex)
12-14 05:07:54.495  2054  2054 W linker  : [vdso]: unused DT entry: type 0x6ffffef5 arg 0xec
12-14 05:07:54.495  2054  2054 E cutils-trace: Error opening trace file: Permission denied (13)
12-14 05:07:54.514  1978  1978 I art     : DexFile_isDexOptNeeded file /system/framework/x86/bmgr.odex needs to be relocated for /system/framework/bmgr.jar
12-14 05:07:54.514  2055  2055 E installd: Running /system/bin/patchoat isa=x86 in-fd=5 (/system/framework/x86/bmgr.odex) out-fd=6 (/data/dalvik-cache/x86/system@framework@bmgr.jar@classes.dex)
12-14 05:07:54.517  2055  2055 W linker  : [vdso]: unused DT entry: type 0x6ffffef5 arg 0xec
12-14 05:07:54.517  2055  2055 E cutils-trace: Error opening trace file: Permission denied (13)
12-14 05:07:54.537  1978  1978 I art     : DexFile_isDexOptNeeded file /system/framework/x86/ime.odex needs to be relocated for /system/framework/ime.jar
12-14 05:07:54.537  2056  2056 E installd: Running /system/bin/patchoat isa=x86 in-fd=5 (/system/framework/x86/ime.odex) out-fd=6 (/data/dalvik-cache/x86/system@framework@ime.jar@classes.dex)
12-14 05:07:54.539  2056  2056 W linker  : [vdso]: unused DT entry: type 0x6ffffef5 arg 0xec
12-14 05:07:54.540  2056  2056 E cutils-trace: Error opening trace file: Permission denied (13)
12-14 05:07:54.559  1978  1978 I art     : DexFile_isDexOptNeeded file /system/framework/x86/media_cmd.odex needs to be relocated for /system/framework/media_cmd.jar
12-14 05:07:54.559  2057  2057 E installd: Running /system/bin/patchoat isa=x86 in-fd=5 (/system/framework/x86/media_cmd.odex) out-fd=6 (/data/dalvik-cache/x86/system@framework@media_cmd.jar@classes.dex)
12-14 05:07:54.562  2057  2057 W linker  : [vdso]: unused DT entry: type 0x6ffffef5 arg 0xec
12-14 05:07:54.562  2057  2057 E cutils-trace: Error opening trace file: Permission denied (13)
12-14 05:07:54.586  1978  1978 I art     : DexFile_isDexOptNeeded file /system/framework/x86/settings.odex needs to be relocated for /system/framework/settings.jar
12-14 05:07:54.586  2058  2058 E installd: Running /system/bin/patchoat isa=x86 in-fd=5 (/system/framework/x86/settings.odex) out-fd=6 (/data/dalvik-cache/x86/system@framework@settings.jar@classes.dex)
12-14 05:07:54.589  2058  2058 W linker  : [vdso]: unused DT entry: type 0x6ffffef5 arg 0xec
12-14 05:07:54.589  2058  2058 E cutils-trace: Error opening trace file: Permission denied (13)
12-14 05:07:54.609  1978  1978 I art     : DexFile_isDexOptNeeded file /system/framework/x86/appwidget.odex needs to be relocated for /system/framework/appwidget.jar
12-14 05:07:54.609  2059  2059 E installd: Running /system/bin/patchoat isa=x86 in-fd=5 (/system/framework/x86/appwidget.odex) out-fd=6 (/data/dalvik-cache/x86/system@framework@appwidget.jar@classes.dex)
12-14 05:07:54.611  2059  2059 W linker  : [vdso]: unused DT entry: type 0x6ffffef5 arg 0xec
12-14 05:07:54.612  2059  2059 E cutils-trace: Error opening trace file: Permission denied (13)
12-14 05:07:54.626  1978  1978 I art     : DexFile_isDexOptNeeded file /system/framework/x86/uiautomator.odex needs to be relocated for /system/framework/uiautomator.jar
12-14 05:07:54.627  2060  2060 E installd: Running /system/bin/patchoat isa=x86 in-fd=5 (/system/framework/x86/uiautomator.odex) out-fd=6 (/data/dalvik-cache/x86/system@framework@uiautomator.jar@classes.dex)
12-14 05:07:54.629  2060  2060 W linker  : [vdso]: unused DT entry: type 0x6ffffef5 arg 0xec
12-14 05:07:54.630  2060  2060 E cutils-trace: Error opening trace file: Permission denied (13)
12-14 05:07:54.681  1978  1978 I art     : DexFile_isDexOptNeeded file /system/framework/x86/svc.odex needs to be relocated for /system/framework/svc.jar
12-14 05:07:54.681  2062  2062 E installd: Running /system/bin/patchoat isa=x86 in-fd=5 (/system/framework/x86/svc.odex) out-fd=6 (/data/dalvik-cache/x86/system@framework@svc.jar@classes.dex)
12-14 05:07:54.683  2061  2061 W linker  : [vdso]: unused DT entry: type 0x6ffffef5 arg 0x160
12-14 05:07:54.684  2062  2062 W linker  : [vdso]: unused DT entry: type 0x6ffffef5 arg 0xec
12-14 05:07:54.684  2062  2062 E cutils-trace: Error opening trace file: Permission denied (13)
12-14 05:07:54.702  1978  1978 D PackageManager: No files in app dir /vendor/overlay
12-14 05:07:54.703  1978  1978 W PackageManager: Failed to parse /system/framework/x86_64: Missing base APK in /system/framework/x86_64
12-14 05:07:54.703  1978  1978 W PackageManager: Failed to parse /system/framework/x86: Missing base APK in /system/framework/x86
12-14 05:07:54.707  1978  1978 I PackageManager: /system/framework/framework-res.apk changed; collecting certs
12-14 05:07:54.932  1978  1978 I PackageManager: /system/priv-app/DefaultContainerService changed; collecting certs
12-14 05:07:54.934  1978  1978 I art     : DexFile_isDexOptNeeded file /system/priv-app/DefaultContainerService/x86_64/DefaultContainerService.odex needs to be relocated for /system/priv-app/DefaultContainerService/DefaultContainerService.apk
12-14 05:07:54.939  1978  1978 I PackageManager: /system/priv-app/ExternalStorageProvider changed; collecting certs
12-14 05:07:54.969  1978  1978 I art     : DexFile_isDexOptNeeded file /system/priv-app/ExternalStorageProvider/x86_64/ExternalStorageProvider.odex needs to be relocated for /system/priv-app/ExternalStorageProvider/ExternalStorageProvider.apk
12-14 05:07:54.984  1978  1978 I PackageManager: /system/priv-app/TSCalibration2 changed; collecting certs
12-14 05:07:54.986  1978  1978 I art     : DexFile_isDexOptNeeded file /system/priv-app/TSCalibration2/x86_64/TSCalibration2.odex needs to be relocated for /system/priv-app/TSCalibration2/TSCalibration2.apk
12-14 05:07:55.010  1978  1978 I PackageManager: /system/priv-app/Shell changed; collecting certs
12-14 05:07:55.035  1978  1978 I art     : DexFile_isDexOptNeeded file /system/priv-app/Shell/x86_64/Shell.odex needs to be relocated for /system/priv-app/Shell/Shell.apk
12-14 05:07:55.048  1978  1978 I PackageManager: /system/priv-app/SettingsProvider changed; collecting certs
12-14 05:07:55.063  1978  1978 I art     : DexFile_isDexOptNeeded file /system/priv-app/SettingsProvider/x86_64/SettingsProvider.odex needs to be relocated for /system/priv-app/SettingsProvider/SettingsProvider.apk
12-14 05:07:55.069  1978  1978 I PackageManager: /system/priv-app/MmsService changed; collecting certs
12-14 05:07:55.075  1978  1978 I art     : DexFile_isDexOptNeeded file /system/priv-app/MmsService/x86_64/MmsService.odex needs to be relocated for /system/priv-app/MmsService/MmsService.apk
12-14 05:07:55.076  1978  1978 I PackageManager: /system/priv-app/WallpaperCropper changed; collecting certs
12-14 05:07:55.105  1978  1978 I art     : DexFile_isDexOptNeeded file /system/priv-app/WallpaperCropper/x86_64/WallpaperCropper.odex needs to be relocated for /system/priv-app/WallpaperCropper/WallpaperCropper.apk
12-14 05:07:55.167  1978  1978 W ResourceType: Failure getting entry for 0x7f08026f (t=7 e=623) (error -75)
12-14 05:07:55.167  1978  1978 I PackageManager: /system/priv-app/TeleService changed; collecting certs
12-14 05:07:55.187  1978  1978 I art     : DexFile_isDexOptNeeded file /system/priv-app/TeleService/x86_64/TeleService.odex needs to be relocated for /system/priv-app/TeleService/TeleService.apk
12-14 05:07:55.273  1978  1978 W PackageParser: No actions in intent filter at /system/priv-app/Dialer/Dialer.apk Binary XML file line #166
12-14 05:07:55.273  1978  1978 I PackageManager: /system/priv-app/Dialer changed; collecting certs
12-14 05:07:55.326  1978  1978 I art     : DexFile_isDexOptNeeded file /system/priv-app/Dialer/x86_64/Dialer.odex needs to be relocated for /system/priv-app/Dialer/Dialer.apk
12-14 05:07:55.371  1978  1978 I PackageManager: /system/priv-app/Mms changed; collecting certs
12-14 05:07:55.398  1978  1978 I art     : DexFile_isDexOptNeeded file /system/priv-app/Mms/x86_64/Mms.odex needs to be relocated for /system/priv-app/Mms/Mms.apk
12-14 05:07:55.403  1978  1978 W PackageParser: Unknown element under <intent-filter>: android at /system/priv-app/Telecom/Telecom.apk Binary XML file line #232
12-14 05:07:55.403  1978  1978 I PackageManager: /system/priv-app/Telecom changed; collecting certs
12-14 05:07:55.430  1978  1978 I art     : DexFile_isDexOptNeeded file /system/priv-app/Telecom/x86_64/Telecom.odex needs to be relocated for /system/priv-app/Telecom/Telecom.apk
12-14 05:07:55.451  1978  1978 I PackageManager: /system/priv-app/ManagedProvisioning changed; collecting certs
12-14 05:07:55.474  1978  1978 I art     : DexFile_isDexOptNeeded file /system/priv-app/ManagedProvisioning/x86_64/ManagedProvisioning.odex needs to be relocated for /system/priv-app/ManagedProvisioning/ManagedProvisioning.apk
12-14 05:07:55.487  1978  1978 I PackageManager: /system/priv-app/FusedLocation changed; collecting certs
12-14 05:07:55.490  1978  1978 I art     : DexFile_isDexOptNeeded file /system/priv-app/FusedLocation/x86_64/FusedLocation.odex needs to be relocated for /system/priv-app/FusedLocation/FusedLocation.apk
12-14 05:07:55.509  1978  1978 I PackageManager: /system/priv-app/MediaProvider changed; collecting certs
12-14 05:07:55.510  1978  1978 I PackageManager: New shared user android.media: id=10006
12-14 05:07:55.530  1978  1978 I art     : DexFile_isDexOptNeeded file /system/priv-app/MediaProvider/x86_64/MediaProvider.odex needs to be relocated for /system/priv-app/MediaProvider/MediaProvider.apk
12-14 05:07:55.547  1978  1978 I PackageManager: /system/priv-app/DownloadProvider changed; collecting certs
12-14 05:07:55.558  1978  1978 I art     : DexFile_isDexOptNeeded file /system/priv-app/DownloadProvider/x86_64/DownloadProvider.odex needs to be relocated for /system/priv-app/DownloadProvider/DownloadProvider.apk
12-14 05:07:55.565  1978  1978 I PackageManager: /system/priv-app/InputDevices changed; collecting certs
12-14 05:07:55.568  1978  1978 I art     : DexFile_isDexOptNeeded file /system/priv-app/InputDevices/x86_64/InputDevices.odex needs to be relocated for /system/priv-app/InputDevices/InputDevices.apk
12-14 05:07:55.570  1978  1978 I PackageManager: /system/priv-app/TelephonyProvider changed; collecting certs
12-14 05:07:55.582  1978  1978 I art     : DexFile_isDexOptNeeded file /system/priv-app/TelephonyProvider/x86_64/TelephonyProvider.odex needs to be relocated for /system/priv-app/TelephonyProvider/TelephonyProvider.apk
12-14 05:07:55.662  1978  1978 I PackageManager: /system/priv-app/SystemUI changed; collecting certs
12-14 05:07:55.676  1978  1978 I PackageManager: New shared user android.uid.systemui: id=10007
12-14 05:07:55.709  1978  1978 I art     : DexFile_isDexOptNeeded file /system/priv-app/SystemUI/x86_64/SystemUI.odex needs to be relocated for /system/priv-app/SystemUI/SystemUI.apk
12-14 05:07:55.780  1978  1978 W PackageParser: No actions in intent filter at /system/priv-app/Contacts/Contacts.apk Binary XML file line #356
12-14 05:07:55.781  1978  1978 I PackageManager: /system/priv-app/Contacts changed; collecting certs
12-14 05:07:55.815  1978  1978 I PackageManager: New shared user android.uid.shared: id=10008
12-14 05:07:55.863  1978  1978 I art     : DexFile_isDexOptNeeded file /system/priv-app/Contacts/x86_64/Contacts.odex needs to be relocated for /system/priv-app/Contacts/Contacts.apk
12-14 05:07:55.871  1978  1978 I PackageManager: /system/priv-app/ProxyHandler changed; collecting certs
12-14 05:07:55.873  1978  1978 I art     : DexFile_isDexOptNeeded file /system/priv-app/ProxyHandler/x86_64/ProxyHandler.odex needs to be relocated for /system/priv-app/ProxyHandler/ProxyHandler.apk
12-14 05:07:55.883  1978  1978 I PackageManager: /system/priv-app/ContactsProvider changed; collecting certs
12-14 05:07:55.908  1978  1978 I art     : DexFile_isDexOptNeeded file /system/priv-app/ContactsProvider/x86_64/ContactsProvider.odex needs to be relocated for /system/priv-app/ContactsProvider/ContactsProvider.apk
12-14 05:07:56.027  1978  1978 I PackageManager: /system/priv-app/Settings changed; collecting certs
12-14 05:07:56.233  1978  1978 I art     : DexFile_isDexOptNeeded file /system/priv-app/Settings/x86_64/Settings.odex needs to be relocated for /system/priv-app/Settings/Settings.apk
12-14 05:07:56.263  1978  1978 I PackageManager: /system/priv-app/MusicFX changed; collecting certs
12-14 05:07:56.289  1978  1978 I art     : DexFile_isDexOptNeeded file /system/priv-app/MusicFX/x86_64/MusicFX.odex needs to be relocated for /system/priv-app/MusicFX/MusicFX.apk
12-14 05:07:56.304  1978  1978 I PackageManager: /system/priv-app/OneTimeInitializer changed; collecting certs
12-14 05:07:56.314  1978  1978 I art     : DexFile_isDexOptNeeded file /system/priv-app/OneTimeInitializer/x86_64/OneTimeInitializer.odex needs to be relocated for /system/priv-app/OneTimeInitializer/OneTimeInitializer.apk
12-14 05:07:56.326  1978  1978 I PackageManager: /system/priv-app/CalendarProvider changed; collecting certs
12-14 05:07:56.328  1978  1978 I PackageManager: New shared user android.uid.calendar: id=10012
12-14 05:07:56.355  1978  1978 I art     : DexFile_isDexOptNeeded file /system/priv-app/CalendarProvider/x86_64/CalendarProvider.odex needs to be relocated for /system/priv-app/CalendarProvider/CalendarProvider.apk
12-14 05:07:56.369  1978  1978 I PackageManager: /system/priv-app/SharedStorageBackup changed; collecting certs
12-14 05:07:56.372  1978  1978 I art     : DexFile_isDexOptNeeded file /system/priv-app/SharedStorageBackup/x86_64/SharedStorageBackup.odex needs to be relocated for /system/priv-app/SharedStorageBackup/SharedStorageBackup.apk
12-14 05:07:56.392  1978  1978 I PackageManager: /system/priv-app/BackupRestoreConfirmation changed; collecting certs
12-14 05:07:56.407  1978  1978 I art     : DexFile_isDexOptNeeded file /system/priv-app/BackupRestoreConfirmation/x86_64/BackupRestoreConfirmation.odex needs to be relocated for /system/priv-app/BackupRestoreConfirmation/BackupRestoreConfirmation.apk
12-14 05:07:56.430  1978  1978 I PackageManager: /system/priv-app/VpnDialogs changed; collecting certs
12-14 05:07:56.462  1978  1978 I art     : DexFile_isDexOptNeeded file /system/priv-app/VpnDialogs/x86_64/VpnDialogs.odex needs to be relocated for /system/priv-app/VpnDialogs/VpnDialogs.apk
12-14 05:07:56.484  1978  1978 I PackageManager: /system/app/LiveWallpapersPicker changed; collecting certs
12-14 05:07:56.510  1978  1978 I art     : DexFile_isDexOptNeeded file /system/app/LiveWallpapersPicker/x86_64/LiveWallpapersPicker.odex needs to be relocated for /system/app/LiveWallpapersPicker/LiveWallpapersPicker.apk
12-14 05:07:56.589  1978  1978 I PackageManager: /system/app/Email changed; collecting certs
12-14 05:07:56.648  1978  1978 I art     : DexFile_isDexOptNeeded file /system/app/Email/x86_64/Email.odex needs to be relocated for /system/app/Email/Email.apk
12-14 05:07:56.692  1978  1978 W PackageParser: No actions in intent filter at /system/app/CMFileManager/CMFileManager.apk Binary XML file line #166
12-14 05:07:56.692  1978  1978 I PackageManager: /system/app/CMFileManager changed; collecting certs
12-14 05:07:56.747  1978  1978 I art     : DexFile_isDexOptNeeded file /system/app/CMFileManager/x86_64/CMFileManager.odex needs to be relocated for /system/app/CMFileManager/CMFileManager.apk
12-14 05:07:56.790  1978  1978 I PackageManager: /system/app/DeskClock changed; collecting certs
12-14 05:07:56.850  1978  1978 I art     : DexFile_isDexOptNeeded file /system/app/DeskClock/x86_64/DeskClock.odex needs to be relocated for /system/app/DeskClock/DeskClock.apk
12-14 05:07:56.880  1978  1978 I PackageManager: /system/app/SoundRecorder changed; collecting certs
12-14 05:07:56.907  1978  1978 I art     : DexFile_isDexOptNeeded file /system/app/SoundRecorder/x86_64/SoundRecorder.odex needs to be relocated for /system/app/SoundRecorder/SoundRecorder.apk
12-14 05:07:56.923  1978  1978 I PackageManager: /system/app/Development changed; collecting certs
12-14 05:07:56.945  1978  1978 I art     : DexFile_isDexOptNeeded file /system/app/Development/x86_64/Development.odex needs to be relocated for /system/app/Development/Development.apk
12-14 05:07:56.995  1978  1978 I PackageManager: /system/app/Calendar changed; collecting certs
12-14 05:07:57.022  1978  1978 I art     : DexFile_isDexOptNeeded file /system/app/Calendar/x86_64/Calendar.odex needs to be relocated for /system/app/Calendar/Calendar.apk
12-14 05:07:57.033  1715  1715 E sdcard  : missing packages.list; retrying
12-14 05:07:57.062  1978  1978 W PackageParser: No actions in intent filter at /system/app/AndroidTerm/AndroidTerm.apk Binary XML file line #149
12-14 05:07:57.062  1978  1978 I PackageManager: /system/app/AndroidTerm changed; collecting certs
12-14 05:07:57.101  1978  1978 I PackageManager: /system/app/HTMLViewer changed; collecting certs
12-14 05:07:57.104  1978  1978 I art     : DexFile_isDexOptNeeded file /system/app/HTMLViewer/x86_64/HTMLViewer.odex needs to be relocated for /system/app/HTMLViewer/HTMLViewer.apk
12-14 05:07:57.105  1978  1978 I PackageManager: /system/app/BasicSmsReceiver changed; collecting certs
12-14 05:07:57.113  1978  1978 I art     : DexFile_isDexOptNeeded file /system/app/BasicSmsReceiver/x86_64/BasicSmsReceiver.odex needs to be relocated for /system/app/BasicSmsReceiver/BasicSmsReceiver.apk
12-14 05:07:57.114  1978  1978 I PackageManager: /system/app/PicoTts changed; collecting certs
12-14 05:07:57.121  1978  1978 I art     : DexFile_isDexOptNeeded file /system/app/PicoTts/x86_64/PicoTts.odex needs to be relocated for /system/app/PicoTts/PicoTts.apk
12-14 05:07:57.123  1978  1978 I PackageManager: /system/app/KeyChain changed; collecting certs
12-14 05:07:57.134  1978  1978 I art     : DexFile_isDexOptNeeded file /system/app/KeyChain/x86_64/KeyChain.odex needs to be relocated for /system/app/KeyChain/KeyChain.apk
12-14 05:07:57.156  1978  1978 I PackageManager: /system/app/Launcher3 changed; collecting certs
12-14 05:07:57.192  1978  1978 I art     : DexFile_isDexOptNeeded file /system/app/Launcher3/x86_64/Launcher3.odex needs to be relocated for /system/app/Launcher3/Launcher3.apk
12-14 05:07:57.210  1978  1978 I PackageManager: /system/app/Exchange2 changed; collecting certs
12-14 05:07:57.237  1978  1978 I art     : DexFile_isDexOptNeeded file /system/app/Exchange2/x86_64/Exchange2.odex needs to be relocated for /system/app/Exchange2/Exchange2.apk
12-14 05:07:57.255  1978  1978 I PackageManager: /system/app/DownloadProviderUi changed; collecting certs
12-14 05:07:57.258  1978  1978 I art     : DexFile_isDexOptNeeded file /system/app/DownloadProviderUi/x86_64/DownloadProviderUi.odex needs to be relocated for /system/app/DownloadProviderUi/DownloadProviderUi.apk
12-14 05:07:57.283  1978  1978 I PackageManager: /system/app/webview changed; collecting certs
12-14 05:07:57.309  1978  1978 I PackageManager: /system/app/PrintSpooler changed; collecting certs
12-14 05:07:57.344  1978  1978 I art     : DexFile_isDexOptNeeded file /system/app/PrintSpooler/x86_64/PrintSpooler.odex needs to be relocated for /system/app/PrintSpooler/PrintSpooler.apk
12-14 05:07:57.365  1978  1978 I PackageManager: /system/app/DocumentsUI changed; collecting certs
12-14 05:07:57.387  1978  1978 I art     : DexFile_isDexOptNeeded file /system/app/DocumentsUI/x86_64/DocumentsUI.odex needs to be relocated for /system/app/DocumentsUI/DocumentsUI.apk
12-14 05:07:57.411  1978  1978 I PackageManager: /system/app/Music changed; collecting certs
12-14 05:07:57.428  1978  1978 I art     : DexFile_isDexOptNeeded file /system/app/Music/x86_64/Music.odex needs to be relocated for /system/app/Music/Music.apk
12-14 05:07:57.429  1978  1978 I PackageManager: /system/app/BasicDreams changed; collecting certs
12-14 05:07:57.432  1978  1978 I art     : DexFile_isDexOptNeeded file /system/app/BasicDreams/x86_64/BasicDreams.odex needs to be relocated for /system/app/BasicDreams/BasicDreams.apk
12-14 05:07:57.457  1978  1978 I PackageManager: /system/app/Calculator changed; collecting certs
12-14 05:07:57.483  1978  1978 I art     : DexFile_isDexOptNeeded file /system/app/Calculator/x86_64/Calculator.odex needs to be relocated for /system/app/Calculator/Calculator.apk
12-14 05:07:57.496  1978  1978 I PackageManager: /system/app/PackageInstaller changed; collecting certs
12-14 05:07:57.512  1978  1978 I art     : DexFile_isDexOptNeeded file /system/app/PackageInstaller/x86_64/PackageInstaller.odex needs to be relocated for /system/app/PackageInstaller/PackageInstaller.apk
12-14 05:07:57.525  1978  1978 I PackageManager: /system/app/NotePad changed; collecting certs
12-14 05:07:57.535  1978  1978 I art     : DexFile_isDexOptNeeded file /system/app/NotePad/x86_64/NotePad.odex needs to be relocated for /system/app/NotePad/NotePad.apk
12-14 05:07:57.535  1978  1978 I PackageManager: /system/app/PacProcessor changed; collecting certs
12-14 05:07:57.538  1978  1978 I art     : DexFile_isDexOptNeeded file /system/app/PacProcessor/x86_64/PacProcessor.odex needs to be relocated for /system/app/PacProcessor/PacProcessor.apk
12-14 05:07:57.608  1978  1978 W PackageParser: Unknown element under <application>: permission at /system/app/Gallery2/Gallery2.apk Binary XML file line #242
12-14 05:07:57.608  1978  1978 W PackageParser: Unknown element under <application>: permission at /system/app/Gallery2/Gallery2.apk Binary XML file line #245
12-14 05:07:57.608  1978  1978 I PackageManager: /system/app/Gallery2 changed; collecting certs
12-14 05:07:57.644  1978  1978 I art     : DexFile_isDexOptNeeded file /system/app/Gallery2/x86/Gallery2.odex needs to be relocated for /system/app/Gallery2/Gallery2.apk
12-14 05:07:57.659  1978  1978 I PackageManager: /system/app/Provision changed; collecting certs
12-14 05:07:57.661  1978  1978 I art     : DexFile_isDexOptNeeded file /system/app/Provision/x86_64/Provision.odex needs to be relocated for /system/app/Provision/Provision.apk
12-14 05:07:57.670  1978  1978 I PackageManager: /system/app/Galaxy4 changed; collecting certs
12-14 05:07:57.697  1978  1978 I PackageManager: /system/app/LiveWallpapers changed; collecting certs
12-14 05:07:57.741  1978  1978 I art     : DexFile_isDexOptNeeded file /system/app/LiveWallpapers/x86_64/LiveWallpapers.odex needs to be relocated for /system/app/LiveWallpapers/LiveWallpapers.apk
12-14 05:07:57.742  1978  1978 I PackageManager: /system/app/UserDictionaryProvider changed; collecting certs
12-14 05:07:57.745  1978  1978 I art     : DexFile_isDexOptNeeded file /system/app/UserDictionaryProvider/x86_64/UserDictionaryProvider.odex needs to be relocated for /system/app/UserDictionaryProvider/UserDictionaryProvider.apk
12-14 05:07:57.766  1978  1978 I PackageManager: /system/app/CertInstaller changed; collecting certs
12-14 05:07:57.776  1978  1978 I art     : DexFile_isDexOptNeeded file /system/app/CertInstaller/x86_64/CertInstaller.odex needs to be relocated for /system/app/CertInstaller/CertInstaller.apk
12-14 05:07:57.777  1978  1978 I PackageManager: /system/app/RSSReader changed; collecting certs
12-14 05:07:57.779  1978  1978 I art     : DexFile_isDexOptNeeded file /system/app/RSSReader/x86_64/RSSReader.odex needs to be relocated for /system/app/RSSReader/RSSReader.apk
12-14 05:07:57.834  1978  1978 I PackageManager: /system/app/Camera2 changed; collecting certs
12-14 05:07:57.859  1978  1978 I art     : DexFile_isDexOptNeeded file /system/app/Camera2/x86_64/Camera2.odex needs to be relocated for /system/app/Camera2/Camera2.apk
12-14 05:07:57.888  1978  1978 I PackageManager: /system/app/Browser changed; collecting certs
12-14 05:07:57.926  1978  1978 I art     : DexFile_isDexOptNeeded file /system/app/Browser/x86_64/Browser.odex needs to be relocated for /system/app/Browser/Browser.apk
12-14 05:07:57.928  1978  1978 I PackageManager: /system/app/SpeechRecorder changed; collecting certs
12-14 05:07:57.930  1978  1978 I art     : DexFile_isDexOptNeeded file /system/app/SpeechRecorder/x86_64/SpeechRecorder.odex needs to be relocated for /system/app/SpeechRecorder/SpeechRecorder.apk
12-14 05:07:57.947  1978  1978 I PackageManager: /system/app/VisualizationWallpapers changed; collecting certs
12-14 05:07:57.966  1978  1978 I PackageManager: /system/app/PhaseBeam changed; collecting certs
12-14 05:07:57.988  1978  1978 W PackageParser: No actions in intent filter at /system/app/Bluetooth/Bluetooth.apk Binary XML file line #209
12-14 05:07:57.988  1978  1978 I PackageManager: /system/app/Bluetooth changed; collecting certs
12-14 05:07:58.021  1978  1978 I art     : DexFile_isDexOptNeeded file /system/app/Bluetooth/x86_64/Bluetooth.odex needs to be relocated for /system/app/Bluetooth/Bluetooth.apk
12-14 05:07:58.114  1978  1978 I PackageManager: /system/app/LatinIME changed; collecting certs
12-14 05:07:58.200  1978  1978 I art     : DexFile_isDexOptNeeded file /system/app/LatinIME/x86_64/LatinIME.odex needs to be relocated for /system/app/LatinIME/LatinIME.apk
12-14 05:07:58.212  1978  1978 I PackageManager: /system/app/HoloSpiralWallpaper changed; collecting certs
12-14 05:07:58.241  1978  1978 I PackageManager: /system/app/CaptivePortalLogin changed; collecting certs
12-14 05:07:58.244  1978  1978 I art     : DexFile_isDexOptNeeded file /system/app/CaptivePortalLogin/x86_64/CaptivePortalLogin.odex needs to be relocated for /system/app/CaptivePortalLogin/CaptivePortalLogin.apk
12-14 05:07:58.261  1978  1978 I PackageManager: /system/app/QuickSearchBox changed; collecting certs
12-14 05:07:58.286  1978  1978 I art     : DexFile_isDexOptNeeded file /system/app/QuickSearchBox/x86_64/QuickSearchBox.odex needs to be relocated for /system/app/QuickSearchBox/QuickSearchBox.apk
12-14 05:07:58.286  1978  1978 D PackageManager: No files in app dir /system/vendor/app
12-14 05:07:58.286  1978  1978 D PackageManager: No files in app dir /oem/app
12-14 05:07:58.287  1978  1978 D PackageManager: No files in app dir /data/app
12-14 05:07:58.287  1978  1978 D PackageManager: No files in app dir /data/app-private
12-14 05:07:58.287  1978  1978 W PackageManager: Package com.android.gallery3d desires unavailable shared library com.google.android.media.effects; ignoring!
12-14 05:07:58.287  1978  1978 W PackageManager: Package com.android.gallery3d desires unavailable shared library com.google.android.media.effects; ignoring!
12-14 05:07:58.287  1978  1978 I PackageManager: Adjusting ABI for : com.android.inputdevices to x86_64
12-14 05:07:58.287  1978  1978 I art     : DexFile_isDexOptNeeded file /system/priv-app/InputDevices/x86_64/InputDevices.odex needs to be relocated for /system/priv-app/InputDevices/InputDevices.apk
12-14 05:07:58.287  1978  1978 I PackageManager: Running patchoat on: com.android.inputdevices
12-14 05:07:58.287  2063  2063 E installd: Running /system/bin/patchoat isa=x86_64 in-fd=5 (/system/priv-app/InputDevices/x86_64/InputDevices.odex) out-fd=6 (/data/dalvik-cache/x86_64/system@priv-app@InputDevices@InputDevices.apk@classes.dex)
12-14 05:07:58.289  2063  2063 W linker  : [vdso]: unused DT entry: type 0x6ffffef5 arg 0xec
12-14 05:07:58.290  2063  2063 E cutils-trace: Error opening trace file: Permission denied (13)
12-14 05:07:58.321  1978  1978 I PackageManager: Adjusting ABI for : org.zeroxlab.util.tscal to x86_64
12-14 05:07:58.321  1978  1978 I art     : DexFile_isDexOptNeeded file /system/priv-app/TSCalibration2/x86_64/TSCalibration2.odex needs to be relocated for /system/priv-app/TSCalibration2/TSCalibration2.apk
12-14 05:07:58.321  1978  1978 I PackageManager: Running patchoat on: org.zeroxlab.util.tscal
12-14 05:07:58.322  2064  2064 E installd: Running /system/bin/patchoat isa=x86_64 in-fd=5 (/system/priv-app/TSCalibration2/x86_64/TSCalibration2.odex) out-fd=6 (/data/dalvik-cache/x86_64/system@priv-app@TSCalibration2@TSCalibration2.apk@classes.dex)
12-14 05:07:58.324  2064  2064 W linker  : [vdso]: unused DT entry: type 0x6ffffef5 arg 0xec
12-14 05:07:58.324  2064  2064 E cutils-trace: Error opening trace file: Permission denied (13)
12-14 05:07:58.344  1978  1978 I PackageManager: Adjusting ABI for : com.android.settings to x86_64
12-14 05:07:58.344  1978  1978 I art     : DexFile_isDexOptNeeded file /system/priv-app/Settings/x86_64/Settings.odex needs to be relocated for /system/priv-app/Settings/Settings.apk
12-14 05:07:58.344  1978  1978 I PackageManager: Running patchoat on: com.android.settings
12-14 05:07:58.344  2065  2065 E installd: Running /system/bin/patchoat isa=x86_64 in-fd=5 (/system/priv-app/Settings/x86_64/Settings.odex) out-fd=6 (/data/dalvik-cache/x86_64/system@priv-app@Settings@Settings.apk@classes.dex)
12-14 05:07:58.346  2065  2065 W linker  : [vdso]: unused DT entry: type 0x6ffffef5 arg 0xec
12-14 05:07:58.347  2065  2065 E cutils-trace: Error opening trace file: Permission denied (13)
12-14 05:07:58.549  1978  1978 I PackageManager: Adjusting ABI for : com.android.location.fused to x86_64
12-14 05:07:58.550  1978  1978 I art     : DexFile_isDexOptNeeded file /system/priv-app/FusedLocation/x86_64/FusedLocation.odex needs to be relocated for /system/priv-app/FusedLocation/FusedLocation.apk
12-14 05:07:58.550  1978  1978 I PackageManager: Running patchoat on: com.android.location.fused
12-14 05:07:58.550  2066  2066 E installd: Running /system/bin/patchoat isa=x86_64 in-fd=5 (/system/priv-app/FusedLocation/x86_64/FusedLocation.odex) out-fd=6 (/data/dalvik-cache/x86_64/system@priv-app@FusedLocation@FusedLocation.apk@classes.dex)
12-14 05:07:58.552  2066  2066 W linker  : [vdso]: unused DT entry: type 0x6ffffef5 arg 0xec
12-14 05:07:58.553  2066  2066 E cutils-trace: Error opening trace file: Permission denied (13)
12-14 05:07:58.567  1978  1978 I PackageManager: Adjusting ABI for : com.android.providers.settings to x86_64
12-14 05:07:58.568  1978  1978 I art     : DexFile_isDexOptNeeded file /system/priv-app/SettingsProvider/x86_64/SettingsProvider.odex needs to be relocated for /system/priv-app/SettingsProvider/SettingsProvider.apk
12-14 05:07:58.568  1978  1978 I PackageManager: Running patchoat on: com.android.providers.settings
12-14 05:07:58.568  2067  2067 E installd: Running /system/bin/patchoat isa=x86_64 in-fd=5 (/system/priv-app/SettingsProvider/x86_64/SettingsProvider.odex) out-fd=6 (/data/dalvik-cache/x86_64/system@priv-app@SettingsProvider@SettingsProvider.apk@classes.dex)
12-14 05:07:58.570  2067  2067 W linker  : [vdso]: unused DT entry: type 0x6ffffef5 arg 0xec
12-14 05:07:58.571  2067  2067 E cutils-trace: Error opening trace file: Permission denied (13)
12-14 05:07:58.638  1978  1978 I PackageManager: Adjusting ABI for : com.android.server.telecom to x86_64
12-14 05:07:58.638  1978  1978 I art     : DexFile_isDexOptNeeded file /system/priv-app/Telecom/x86_64/Telecom.odex needs to be relocated for /system/priv-app/Telecom/Telecom.apk
12-14 05:07:58.638  1978  1978 I PackageManager: Running patchoat on: com.android.server.telecom
12-14 05:07:58.639  2068  2068 E installd: Running /system/bin/patchoat isa=x86_64 in-fd=5 (/system/priv-app/Telecom/x86_64/Telecom.odex) out-fd=6 (/data/dalvik-cache/x86_64/system@priv-app@Telecom@Telecom.apk@classes.dex)
12-14 05:07:58.641  2068  2068 W linker  : [vdso]: unused DT entry: type 0x6ffffef5 arg 0xec
12-14 05:07:58.642  2068  2068 E cutils-trace: Error opening trace file: Permission denied (13)
12-14 05:07:58.716  1978  1978 I PackageManager: Adjusting ABI for : com.android.keychain to x86_64
12-14 05:07:58.716  1978  1978 I art     : DexFile_isDexOptNeeded file /system/app/KeyChain/x86_64/KeyChain.odex needs to be relocated for /system/app/KeyChain/KeyChain.apk
12-14 05:07:58.716  1978  1978 I PackageManager: Running patchoat on: com.android.keychain
12-14 05:07:58.716  2069  2069 E installd: Running /system/bin/patchoat isa=x86_64 in-fd=5 (/system/app/KeyChain/x86_64/KeyChain.odex) out-fd=6 (/data/dalvik-cache/x86_64/system@app@KeyChain@KeyChain.apk@classes.dex)
12-14 05:07:58.719  2069  2069 W linker  : [vdso]: unused DT entry: type 0x6ffffef5 arg 0xec
12-14 05:07:58.719  2069  2069 E cutils-trace: Error opening trace file: Permission denied (13)
12-14 05:07:58.756  1978  1978 I PackageManager: Time to scan packages: 5.722 seconds
12-14 05:07:58.756  1978  1978 W PackageManager: Unknown permission com.google.android.googleapps.permission.GOOGLE_AUTH in package com.android.providers.calendar
12-14 05:07:58.756  1978  1978 W PackageManager: Unknown permission com.google.android.googleapps.permission.GOOGLE_AUTH.cl in package com.android.providers.calendar
12-14 05:07:58.756  1978  1978 W PackageManager: Not granting permission android.permission.GLOBAL_SEARCH to package com.android.quicksearchbox (protectionLevel=18 flags=0x8be45)
12-14 05:07:58.756  1978  1978 W PackageManager: Not granting permission android.permission.ACCESS_DOWNLOAD_MANAGER to package com.android.browser (protectionLevel=18 flags=0x9be45)
12-14 05:07:58.756  1978  1978 W PackageManager: Not granting permission android.permission.SEND_DOWNLOAD_COMPLETED_INTENTS to package com.android.browser (protectionLevel=2 flags=0x9be45)
12-14 05:07:58.756  1978  1978 W PackageManager: Not granting permission android.permission.BIND_WALLPAPER to package com.android.camera2 (protectionLevel=18 flags=0x58bc45)
12-14 05:07:58.756  1978  1978 W PackageManager: Unknown permission android.permission.INSTALL_DRM in package com.android.mms
12-14 05:07:58.756  1978  1978 W PackageManager: Not granting permission android.permission.BIND_APPWIDGET to package com.android.launcher3 (protectionLevel=18 flags=0x483e45)
