12-14 01:14:20.009  1973  2059 W ContextImpl: Calling a method in the system process without a qualified user: android.app.ContextImpl.sendBroadcast:1327 com.android.server.usb.UsbSettingsManager.deviceAttached:741 com.android.server.usb.UsbHostManager.endUsbDeviceAdded:224 com.android.server.usb.UsbHostManager.monitorUsbHostBus:-2 com.android.server.usb.UsbHostManager.access$000:42 
12-14 01:14:21.344  1688  1695 D Vold    : Volume usb0 state changing 0 (No-Media) -> 2 (Pending)
12-14 01:14:21.344  1688  1695 D Vold    : Volume usb0 state changing 2 (Pending) -> 1 (Idle-Unmounted)
12-14 01:14:21.344  1688  1696 I Vold    : /dev/block/vold/8:49 being considered for volume usb0
12-14 01:14:21.344  1688  1696 D Vold    : Volume usb0 state changing 1 (Idle-Unmounted) -> 3 (Checking)
12-14 01:14:21.344  1688  1696 D Vold    : Trying to get filesystem type for /dev/block/vold/8:49 
12-14 01:14:21.344  1973  2000 D MountService: volume state changed for /storage/usb0 (bad_removal -> checking)
12-14 01:14:21.344  1973  2000 D MountService: sendStorageIntent Intent { act=android.intent.action.MEDIA_CHECKING dat=file:///storage/usb0 flg=0x4000000 (has extras) } to UserHandle{-1}
12-14 01:14:21.345  1973  1973 I ValidateNoPeople: skipping global notification
12-14 01:14:21.380  1688  1696 D Vold    : Found vfat filesystem on /dev/block/vold/8:49
12-14 01:14:21.381  1688  1696 I fsck_msdos: ** /dev/block/vold/8:49
12-14 01:14:21.388  1688  1696 I fsck_msdos: ** Phase 1 - Read FAT (compare skipped)
12-14 01:14:21.388  1688  1696 I fsck_msdos: Attempting to allocate 7448 KB for FAT
12-14 01:14:21.465  1688  1696 I fsck_msdos: ** Phase 2 - Check Cluster Chains
12-14 01:14:21.471  1688  1696 I fsck_msdos: ** Phase 3 - Checking Directories
12-14 01:14:22.108  1688  1696 I fsck_msdos: ** Phase 4 - Checking for Lost Files
12-14 01:14:22.111  1688  1696 I fsck_msdos: 3491 files, 1981344 free (1765853 clusters)
12-14 01:14:22.115  1688  1696 I Vold    : Filesystem check completed OK
12-14 01:14:22.126  1688  1696 D Vold    : blkid identified as /dev/block/vold/8:49: LABEL="IR3_CPRA_X6" UUID="12E8-1A44" TYPE="vfat" 
12-14 01:14:22.127  1688  1696 D Vold    : Volume usb0 state changing 3 (Checking) -> 4 (Mounted)
12-14 01:14:22.127  1973  2000 D MountService: volume state changed for /storage/usb0 (checking -> mounted)
12-14 01:14:22.127  1973  4247 E VoldConnector: NDC Command {97 volume mount /storage/usb0} took too long (783ms)
12-14 01:14:22.127  1973  2000 D MountService: sendStorageIntent Intent { act=android.intent.action.MEDIA_MOUNTED dat=file:///storage/usb0 flg=0x4000000 (has extras) } to UserHandle{-1}
12-14 01:14:22.127  3418  3418 D MusicLifecycle: com.google.android.music.download.cache.CacheLocationManager$1 generated event: Broadcast received with context com.google.android.music.MusicApplication@121be547 and intent Intent { act=android.intent.action.MEDIA_MOUNTED dat=file:///storage/usb0 flg=0x4000010 (has extras) }
12-14 01:14:22.129  4210  4210 D ExternalStorage: After updating volumes, found 2 active roots
12-14 01:14:22.129  2605  2605 D MediaScannerReceiver: action: android.intent.action.MEDIA_MOUNTED path: /storage/usb0
12-14 01:14:22.132  2929  4258 W NavigationActivity: Ignoring '/storage/sdcard1' with state of 'unmounted'
12-14 01:14:22.132  2929  4258 W NavigationActivity: Ignoring '/storage/usb1' with state of 'removed'
12-14 01:14:22.132  2929  4258 W NavigationActivity: Ignoring '/storage/usb2' with state of 'removed'
12-14 01:14:22.132  2929  4258 W NavigationActivity: Ignoring '/storage/usb3' with state of 'removed'
12-14 01:14:22.140  1688  1696 E Vold    : Failed to find mounted volume for /storage/usb1/Android/data/com.google.android.music/files/
12-14 01:14:22.140  3418  3462 W ContextImpl: Failed to ensure directory: /storage/usb1/Android/data/com.google.android.music/files
12-14 01:14:22.140  1688  1696 E Vold    : Failed to find mounted volume for /storage/usb2/Android/data/com.google.android.music/files/
12-14 01:14:22.140  3418  3462 W ContextImpl: Failed to ensure directory: /storage/usb2/Android/data/com.google.android.music/files
12-14 01:14:22.141  1688  1696 E Vold    : Failed to find mounted volume for /storage/usb3/Android/data/com.google.android.music/files/
12-14 01:14:22.141  3418  3462 W ContextImpl: Failed to ensure directory: /storage/usb3/Android/data/com.google.android.music/files
12-14 01:14:22.141  1688  1696 E Vold    : Failed to find mounted volume for /storage/sdcard1/Android/data/com.google.android.music/files/
12-14 01:14:22.141  3418  3462 W ContextImpl: Failed to ensure directory: /storage/sdcard1/Android/data/com.google.android.music/files
12-14 01:14:22.151  1688  1696 E Vold    : Failed to find mounted volume for /storage/usb1/Android/data/com.google.android.music/files/
12-14 01:14:22.151  3418  3462 W ContextImpl: Failed to ensure directory: /storage/usb1/Android/data/com.google.android.music/files
12-14 01:14:22.151  1688  1696 E Vold    : Failed to find mounted volume for /storage/usb2/Android/data/com.google.android.music/files/
12-14 01:14:22.151  3418  3462 W ContextImpl: Failed to ensure directory: /storage/usb2/Android/data/com.google.android.music/files
12-14 01:14:22.151  1688  1696 E Vold    : Failed to find mounted volume for /storage/usb3/Android/data/com.google.android.music/files/
12-14 01:14:22.151  3418  3462 W ContextImpl: Failed to ensure directory: /storage/usb3/Android/data/com.google.android.music/files
12-14 01:14:22.151  1688  1696 E Vold    : Failed to find mounted volume for /storage/sdcard1/Android/data/com.google.android.music/files/
12-14 01:14:22.151  3418  3462 W ContextImpl: Failed to ensure directory: /storage/sdcard1/Android/data/com.google.android.music/files
12-14 01:14:22.152  1688  1696 E Vold    : Failed to find mounted volume for /storage/usb1/Android/data/com.google.android.music/files/
12-14 01:14:22.152  3418  3462 W ContextImpl: Failed to ensure directory: /storage/usb1/Android/data/com.google.android.music/files
12-14 01:14:22.152  1688  1696 E Vold    : Failed to find mounted volume for /storage/usb2/Android/data/com.google.android.music/files/
12-14 01:14:22.152  3418  3462 W ContextImpl: Failed to ensure directory: /storage/usb2/Android/data/com.google.android.music/files
12-14 01:14:22.152  1688  1696 E Vold    : Failed to find mounted volume for /storage/usb3/Android/data/com.google.android.music/files/
12-14 01:14:22.152  3418  3462 W ContextImpl: Failed to ensure directory: /storage/usb3/Android/data/com.google.android.music/files
12-14 01:14:22.153  1688  1696 E Vold    : Failed to find mounted volume for /storage/sdcard1/Android/data/com.google.android.music/files/
12-14 01:14:22.153  3418  3462 W ContextImpl: Failed to ensure directory: /storage/sdcard1/Android/data/com.google.android.music/files
12-14 01:14:22.155  1688  1696 E Vold    : Failed to find mounted volume for /storage/usb1/Android/data/com.google.android.music/files/
12-14 01:14:22.155  3418  3477 W ContextImpl: Failed to ensure directory: /storage/usb1/Android/data/com.google.android.music/files
12-14 01:14:22.156  1688  1696 E Vold    : Failed to find mounted volume for /storage/usb2/Android/data/com.google.android.music/files/
12-14 01:14:22.156  3418  3477 W ContextImpl: Failed to ensure directory: /storage/usb2/Android/data/com.google.android.music/files
12-14 01:14:22.156  1688  1696 E Vold    : Failed to find mounted volume for /storage/usb3/Android/data/com.google.android.music/files/
12-14 01:14:22.156  3418  3477 W ContextImpl: Failed to ensure directory: /storage/usb3/Android/data/com.google.android.music/files
12-14 01:14:22.156  1688  1696 E Vold    : Failed to find mounted volume for /storage/sdcard1/Android/data/com.google.android.music/files/
12-14 01:14:22.156  3418  3477 W ContextImpl: Failed to ensure directory: /storage/sdcard1/Android/data/com.google.android.music/files
12-14 01:14:22.158  1688  1696 E Vold    : Failed to find mounted volume for /storage/usb1/Android/data/com.google.android.music/cache/
12-14 01:14:22.158  3418  3477 W ContextImpl: Failed to ensure directory: /storage/usb1/Android/data/com.google.android.music/cache
12-14 01:14:22.158  1688  1696 E Vold    : Failed to find mounted volume for /storage/usb2/Android/data/com.google.android.music/cache/
12-14 01:14:22.158  3418  3477 W ContextImpl: Failed to ensure directory: /storage/usb2/Android/data/com.google.android.music/cache
12-14 01:14:22.158  1688  1696 E Vold    : Failed to find mounted volume for /storage/usb3/Android/data/com.google.android.music/cache/
12-14 01:14:22.158  3418  3477 W ContextImpl: Failed to ensure directory: /storage/usb3/Android/data/com.google.android.music/cache
12-14 01:14:22.158  1688  1696 E Vold    : Failed to find mounted volume for /storage/sdcard1/Android/data/com.google.android.music/cache/
12-14 01:14:22.158  3418  3477 W ContextImpl: Failed to ensure directory: /storage/sdcard1/Android/data/com.google.android.music/cache
12-14 01:14:22.231  3418  3418 D MusicLifecycle: com.google.android.music.store.MediaStoreImportService$Receiver generated event: Broadcast received with context android.app.ReceiverRestrictedContext@2e763ee7 and intent Intent { act=android.intent.action.MEDIA_SCANNER_STARTED dat=file:///storage/emulated/0 flg=0x10 cmp=com.google.android.music/.store.MediaStoreImportService$Receiver }
12-14 01:14:22.231  3418  3418 D MusicLifecycle: com.google.android.music.store.MediaStoreImportService generated event: Service created
12-14 01:14:22.231  3418  3418 D MusicLifecycle: com.google.android.music.store.MediaStoreImportService generated event: Service destroyed
12-14 01:14:22.276  2605  4256 W MediaScanner: Error opening directory '/storage/sdcard1/', skipping: Permission denied.
12-14 01:14:23.882  2534  4260 I iu.UploadsManager: End new media; added: 0, uploading: 0, time: 5 ms
12-14 01:14:24.917  2605  4256 W MediaScanner: Error opening directory '/storage/usb0/.android_secure/', skipping: Permission denied.
12-14 01:14:24.926  2605  4256 W MediaScanner: Error opening directory '/storage/usb1/', skipping: Permission denied.
12-14 01:14:24.926  2605  4256 W MediaScanner: Error opening directory '/storage/usb2/', skipping: Permission denied.
12-14 01:14:24.926  2605  4256 W MediaScanner: Error opening directory '/storage/usb3/', skipping: Permission denied.
12-14 01:14:25.274  2605  4256 V MediaScanner: pruneDeadThumbnailFiles... android.database.sqlite.SQLiteCursor@38599f0e
12-14 01:14:25.274  2605  4256 V MediaScanner: /pruneDeadThumbnailFiles... android.database.sqlite.SQLiteCursor@38599f0e
12-14 01:14:25.294  3418  3418 D MusicLifecycle: com.google.android.music.store.MediaStoreImportService$Receiver generated event: Broadcast received with context android.app.ReceiverRestrictedContext@2e763ee7 and intent Intent { act=android.intent.action.MEDIA_SCANNER_FINISHED dat=file:///storage/emulated/0 flg=0x10 cmp=com.google.android.music/.store.MediaStoreImportService$Receiver }
12-14 01:14:25.295  3418  3418 D MusicLifecycle: com.google.android.music.store.MediaStoreImportService generated event: Service created
12-14 01:14:25.320  3418  4262 I MediaStoreImporter: Update: incremental Added music: 0 Updated music: 0 Deleted music: 0 Created playlists: 0 Updated playlists: 0 Deleted playlists: 0 Inserted playlist items: 0 Deleted playlist items: 0 Removed orphaned playlist items: 0
12-14 01:14:25.320  3418  3418 D MusicLifecycle: com.google.android.music.wear.WearBroadcastReceiver generated event: Broadcast received with context android.app.ReceiverRestrictedContext@2e763ee7 and intent Intent { act=com.google.android.music.IMPORT_COMPLETE flg=0x10 cmp=com.google.android.music/.wear.WearBroadcastReceiver }
12-14 01:14:25.321  3418  3418 D MusicLifecycle: com.google.android.music.store.MediaStoreImportService generated event: Service destroyed
12-14 01:14:25.322  2579  2579 D WearableService: callingUid 10007, callindPid: 2579
12-14 01:14:25.322  3418  3418 D MusicLifecycle: com.google.android.music.wear.WearMetadataSyncService generated event: Service created
12-14 01:14:25.322  3418  3418 D MusicLifecycle: com.google.android.music.wear.WearMetadataSyncService generated event: Service started with intent Intent { cmp=com.google.android.music/.wear.WearMetadataSyncService }
12-14 01:14:25.322  3418  3418 E GmsUtils: Failed to connect to Google API client: ConnectionResult{statusCode=API_UNAVAILABLE, resolution=null}
12-14 01:14:25.322  3418  4263 E GmsUtils: Failed to connect to Google API client: ConnectionResult{statusCode=API_UNAVAILABLE, resolution=null}
12-14 01:14:25.323  3418  3418 D MusicLifecycle: com.google.android.music.wear.WearMetadataSyncService generated event: Service destroyed
