12-14 09:07:39.242  2875  2875 I dex2oat : /system/bin/dex2oat --runtime-arg -classpath --runtime-arg  --instruction-set=x86 --instruction-set-features=default --runtime-arg -Xrelocate --boot-image=/system/framework/boot.art --dex-file=/data/data/com.popcap.pvz2cthdbddk/app_push_lib/plugin-deploy.jar --oat-fd=24 --oat-location=/data/data/com.popcap.pvz2cthdbddk/app_push_dex/plugin-deploy.dex --runtime-arg -Xms64m --runtime-arg -Xmx512m --compiler-filter=interpret-only
12-14 09:07:39.344  2875  2875 I dex2oat : dex2oat took 101.877ms (threads: 4) arena alloc=0B java alloc=660KB native alloc=407KB free=7MB
12-14 09:07:39.348  2850  2850 D houdini : [2850] Added shared library /data/app/com.popcap.pvz2cthdbddk-1/lib/arm/libmegjb.so for ClassLoader by Native Bridge.
12-14 09:07:39.402  2850  2850 D houdini : [2850] Added shared library /data/data/com.popcap.pvz2cthdbddk/files/libmegbpp_02.02.16_01.so for ClassLoader by Native Bridge.
12-14 09:07:39.874  2890  2890 W linker  : [vdso]: unused DT entry: type 0x6ffffef5 arg 0xec
12-14 09:07:39.875  2890  2890 E cutils-trace: Error opening trace file: Permission denied (13)
12-14 09:07:39.875  2890  2890 I dex2oat : /system/bin/dex2oat --runtime-arg -classpath --runtime-arg  --instruction-set=x86 --instruction-set-features=default --runtime-arg -Xrelocate --boot-image=/system/framework/boot.art --dex-file=/data/data/com.popcap.pvz2cthdbddk/appsdk0_.dex --oat-fd=32 --oat-location=/data/data/com.popcap.pvz2cthdbddk/files/appsdk0_.dex --runtime-arg -Xms64m --runtime-arg -Xmx512m --compiler-filter=interpret-only
12-14 09:07:40.041  2890  2890 I dex2oat : dex2oat took 166.118ms (threads: 4) arena alloc=0B java alloc=2MB native alloc=499KB free=7MB
12-14 09:07:40.135  1829  2765 W ActivityManager: getRunningAppProcesses: caller 10055 does not hold REAL_GET_TASKS; limiting output
12-14 09:07:40.135  2850  2850 I unipaysdk: pid:2850 process:com.popcap.pvz2cthdbddk
12-14 09:07:40.135  2850  2850 I unipaysdk: pid:2819 process:com.popcap.pvz2cthdbddk:bdservice_v1
12-14 09:07:40.146  2850  2850 E unipaysdk: unipaysdk:rc(0/1), s(true)
12-14 09:07:40.146  2850  2850 E unipaysdk: unipaysdk:abi(armeabi-v7a)
12-14 09:07:40.146  2850  2850 E unipaysdk: unipaysdk:cpu_abi:armeabi-v7a
12-14 09:07:40.178  2850  2850 D houdini : [2850] Added shared library /data/data/com.popcap.pvz2cthdbddk/.ulibs/decrypt.so for ClassLoader by Native Bridge.
12-14 09:07:40.178  2850  2850 E unipaysdk: unipaysdk:abi(armeabi-v7a)
12-14 09:07:40.180  2850  2850 D houdini : [2850] Added shared library /data/data/com.popcap.pvz2cthdbddk/.ulibs/libunicomsdk.so for ClassLoader by Native Bridge.
12-14 09:07:40.181  2850  2850 E unipaysdk: unipaysdk:result.1: 1
12-14 09:07:40.182  2850  2850 W ContextImpl: Implicit intents with startService are not safe: Intent { act=com.popcap.util.DAEMON_SERVICE } android.content.ContextWrapper.startService:516 android.content.ContextWrapper.startService:516 com.popcap.util.BootReceiver.onReceive:23 
12-14 09:07:40.182  1829  1846 W ActivityManager: Unable to start service Intent { act=com.popcap.util.DAEMON_SERVICE } U=0: not found
12-14 09:07:40.187  2899  2899 W linker  : [vdso]: unused DT entry: type 0x6ffffef5 arg 0x160
12-14 09:07:40.191  2899  2899 W linker  : [vdso]: unused DT entry: type 0x6ffffef5 arg 0x160
12-14 09:07:40.197  2491  2491 W System.err: java.io.FileNotFoundException: /data/data/com.happyelements.AndroidAnimal/data/notification.ds: open failed: ENOENT (No such file or directory)
12-14 09:07:40.205  2491  2491 W System.err: 	at libcore.io.IoBridge.open(IoBridge.java:456)
12-14 09:07:40.205  2491  2491 W System.err: 	at java.io.FileInputStream.<init>(FileInputStream.java:76)
12-14 09:07:40.205  2491  2491 W System.err: 	at com.happyelements.hellolua.share.AnimalBootAlarmBroadCast.onReceive(AnimalBootAlarmBroadCast.java:33)
12-14 09:07:40.205  2491  2491 W System.err: 	at android.app.ActivityThread.handleReceiver(ActivityThread.java:2609)
12-14 09:07:40.205  2491  2491 W System.err: 	at android.app.ActivityThread.access$1700(ActivityThread.java:151)
12-14 09:07:40.205  2491  2491 W System.err: 	at android.app.ActivityThread$H.handleMessage(ActivityThread.java:1380)
12-14 09:07:40.205  2491  2491 W System.err: 	at android.os.Handler.dispatchMessage(Handler.java:102)
12-14 09:07:40.205  2491  2491 W System.err: 	at android.os.Looper.loop(Looper.java:135)
12-14 09:07:40.205  2491  2491 W System.err: 	at android.app.ActivityThread.main(ActivityThread.java:5254)
12-14 09:07:40.205  2491  2491 W System.err: 	at java.lang.reflect.Method.invoke(Native Method)
12-14 09:07:40.205  2491  2491 W System.err: 	at java.lang.reflect.Method.invoke(Method.java:372)
12-14 09:07:40.206  2491  2491 W System.err: 	at com.android.internal.os.ZygoteInit$MethodAndArgsCaller.run(ZygoteInit.java:903)
12-14 09:07:40.206  2491  2491 W System.err: 	at com.android.internal.os.ZygoteInit.main(ZygoteInit.java:698)
12-14 09:07:40.206  2491  2491 W System.err: Caused by: android.system.ErrnoException: open failed: ENOENT (No such file or directory)
12-14 09:07:40.206  2491  2491 W System.err: 	at libcore.io.Posix.open(Native Method)
12-14 09:07:40.206  2491  2491 W System.err: 	at libcore.io.BlockGuardOs.open(BlockGuardOs.java:186)
12-14 09:07:40.206  2491  2491 W System.err: 	at libcore.io.IoBridge.open(IoBridge.java:442)
12-14 09:07:40.206  2491  2491 W System.err: 	... 12 more
12-14 09:07:40.206  2491  2491 E AnimalBootAlarmBroadCast: /data/data/com.happyelements.AndroidAnimal/data/notification.ds: open failed: ENOENT (No such file or directory)
12-14 09:07:40.207  2273  2273 D EPSH    : interval time limit normal action= android.intent.action.USER_PRESENT
12-14 09:07:40.208  2273  2273 E plugin  : onReceive
12-14 09:07:40.208  1829  1845 I ActivityManager: Killing 2442:com.kiloo.subwaysurf/u0a53 (adj 15): empty #17
12-14 09:07:40.208  1829  1845 I libprocessgroup: Killing pid 2468 in uid 10053 as part of process group 2442
12-14 09:07:40.208  1829  1845 I libprocessgroup: Killing pid 2469 in uid 10053 as part of process group 2442
12-14 09:07:40.208  1829  1845 I libprocessgroup: Killing pid 2468 in uid 10053 as part of process group 2442
12-14 09:07:40.208  1829  1845 I libprocessgroup: Killing pid 2469 in uid 10053 as part of process group 2442
12-14 09:07:40.209  1829  1845 I libprocessgroup: Killing pid 2468 in uid 10053 as part of process group 2442
12-14 09:07:40.209  1829  1845 I libprocessgroup: Killing pid 2469 in uid 10053 as part of process group 2442
12-14 09:07:40.209  1829  1845 I libprocessgroup: Killing pid 2468 in uid 10053 as part of process group 2442
12-14 09:07:40.209  1829  1845 I libprocessgroup: Killing pid 2469 in uid 10053 as part of process group 2442
12-14 09:07:40.210  1829  1845 I libprocessgroup: Killing pid 2468 in uid 10053 as part of process group 2442
12-14 09:07:40.217  1829  1883 D WifiService: Client connection lost with reason: 4
12-14 09:07:40.222  2374  2374 I PushServiceReceiver: start PushSerevice for by android.intent.action.USER_PRESENT
12-14 09:07:40.224  2402  2402 I PushServiceReceiver: start PushSerevice for by android.intent.action.USER_PRESENT
12-14 09:07:40.237  1829  1845 I ActivityManager: Start proc 2903:com.kiloo.subwaysurf/u0a53 for broadcast com.kiloo.subwaysurf/com.idswz.plugin.broadcast.ConnectionChange
12-14 09:07:40.240  2903  2903 D houdini : [2903] Initialize library(version: 5.2.2_y.47738 RELEASE)... successfully.
12-14 09:07:40.247  2909  2909 W linker  : [vdso]: unused DT entry: type 0x6ffffef5 arg 0xec
12-14 09:07:40.249  2909  2909 E cutils-trace: Error opening trace file: Permission denied (13)
12-14 09:07:40.249  2909  2909 I dex2oat : /system/bin/dex2oat --runtime-arg -classpath --runtime-arg  --instruction-set=x86 --instruction-set-features=default --runtime-arg -Xrelocate --boot-image=/system/framework/boot.art --dex-file=/data/data/com.popcap.pvz2cthdbddk/.ucache/classez.jar --oat-fd=32 --oat-location=/data/data/com.popcap.pvz2cthdbddk/.ucache/classez.dex --runtime-arg -Xms64m --runtime-arg -Xmx512m --compiler-filter=interpret-only
12-14 09:07:40.253  2903  2903 D SkynetApi: onApplicationCreate
12-14 09:07:40.253  2903  2903 W System.err: java.lang.ClassNotFoundException: com.skynet.android.uc.UC
12-14 09:07:40.253  2903  2903 W System.err: 	at java.lang.Class.classForName(Native Method)
12-14 09:07:40.253  2903  2903 W System.err: 	at java.lang.Class.forName(Class.java:309)
12-14 09:07:40.253  2903  2903 W System.err: 	at java.lang.Class.forName(Class.java:273)
12-14 09:07:40.253  2903  2903 W System.err: 	at com.skynet.android.Skynet.invoke(SourceFile:4209)
12-14 09:07:40.253  2903  2903 W System.err: 	at com.skynet.android.Skynet.onApplicationCreate(SourceFile:3691)
12-14 09:07:40.253  2903  2903 W System.err: 	at com.kiloo.subwaysurf.BaiDuApplication.onCreate(BaiDuApplication.java:11)
12-14 09:07:40.253  2903  2903 W System.err: 	at android.app.Instrumentation.callApplicationOnCreate(Instrumentation.java:1012)
12-14 09:07:40.253  2903  2903 W System.err: 	at android.app.ActivityThread.handleBindApplication(ActivityThread.java:4553)
12-14 09:07:40.253  2903  2903 W System.err: 	at android.app.ActivityThread.access$1500(ActivityThread.java:151)
12-14 09:07:40.253  2903  2903 W System.err: 	at android.app.ActivityThread$H.handleMessage(ActivityThread.java:1364)
12-14 09:07:40.253  2903  2903 W System.err: 	at android.os.Handler.dispatchMessage(Handler.java:102)
12-14 09:07:40.253  2903  2903 W System.err: 	at android.os.Looper.loop(Looper.java:135)
12-14 09:07:40.253  2903  2903 W System.err: 	at android.app.ActivityThread.main(ActivityThread.java:5254)
12-14 09:07:40.253  2903  2903 W System.err: 	at java.lang.reflect.Method.invoke(Native Method)
12-14 09:07:40.254  2903  2903 W System.err: 	at java.lang.reflect.Method.invoke(Method.java:372)
12-14 09:07:40.254  2903  2903 W System.err: 	at com.android.internal.os.ZygoteInit$MethodAndArgsCaller.run(ZygoteInit.java:903)
12-14 09:07:40.254  2903  2903 W System.err: 	at com.android.internal.os.ZygoteInit.main(ZygoteInit.java:698)
12-14 09:07:40.254  2903  2903 W System.err: Caused by: java.lang.ClassNotFoundException: Didn't find class "com.skynet.android.uc.UC" on path: DexPathList[[zip file "/data/app/com.kiloo.subwaysurf-1/base.apk"],nativeLibraryDirectories=[/data/app/com.kiloo.subwaysurf-1/lib/arm, /vendor/lib, /system/lib]]
12-14 09:07:40.254  2903  2903 W System.err: 	at dalvik.system.BaseDexClassLoader.findClass(BaseDexClassLoader.java:56)
12-14 09:07:40.254  2903  2903 W System.err: 	at java.lang.ClassLoader.loadClass(ClassLoader.java:511)
12-14 09:07:40.254  2903  2903 W System.err: 	at java.lang.ClassLoader.loadClass(ClassLoader.java:469)
12-14 09:07:40.254  2903  2903 W System.err: 	... 17 more
12-14 09:07:40.254  2903  2903 W System.err: 	Suppressed: java.lang.ClassNotFoundException: com.skynet.android.uc.UC
12-14 09:07:40.254  2903  2903 W System.err: 		at java.lang.Class.classForName(Native Method)
12-14 09:07:40.254  2903  2903 W System.err: 		at java.lang.BootClassLoader.findClass(ClassLoader.java:781)
12-14 09:07:40.254  2903  2903 W System.err: 		at java.lang.BootClassLoader.loadClass(ClassLoader.java:841)
12-14 09:07:40.254  2903  2903 W System.err: 		at java.lang.ClassLoader.loadClass(ClassLoader.java:504)
12-14 09:07:40.254  2903  2903 W System.err: 		... 18 more
12-14 09:07:40.254  2903  2903 W System.err: 	Caused by: java.lang.NoClassDefFoundError: Class not found using the boot class loader; no stack available
12-14 09:07:40.255  2903  2903 W System.err: java.lang.ClassNotFoundException: com.gionee.game.offlinesdk.GamePlatform
12-14 09:07:40.255  2903  2903 W System.err: 	at java.lang.Class.classForName(Native Method)
12-14 09:07:40.255  2903  2903 W System.err: 	at java.lang.Class.forName(Class.java:309)
12-14 09:07:40.255  2903  2903 W System.err: 	at com.skynet.android.amigo.Amigo.isEnable(SourceFile:27)
12-14 09:07:40.255  2903  2903 W System.err: 	at com.skynet.android.amigo.Amigo.onApplicationCreate(SourceFile:17)
12-14 09:07:40.255  2903  2903 W System.err: 	at java.lang.reflect.Method.invoke(Native Method)
12-14 09:07:40.255  2903  2903 W System.err: 	at java.lang.reflect.Method.invoke(Method.java:372)
12-14 09:07:40.255  2903  2903 W System.err: 	at com.skynet.android.Skynet.invoke(SourceFile:4217)
12-14 09:07:40.255  2903  2903 W System.err: 	at com.skynet.android.Skynet.onApplicationCreate(SourceFile:3693)
12-14 09:07:40.255  2903  2903 W System.err: 	at com.kiloo.subwaysurf.BaiDuApplication.onCreate(BaiDuApplication.java:11)
12-14 09:07:40.255  2903  2903 W System.err: 	at android.app.Instrumentation.callApplicationOnCreate(Instrumentation.java:1012)
12-14 09:07:40.255  2903  2903 W System.err: 	at android.app.ActivityThread.handleBindApplication(ActivityThread.java:4553)
12-14 09:07:40.255  2903  2903 W System.err: 	at android.app.ActivityThread.access$1500(ActivityThread.java:151)
12-14 09:07:40.255  2903  2903 W System.err: 	at android.app.ActivityThread$H.handleMessage(ActivityThread.java:1364)
12-14 09:07:40.255  2903  2903 W System.err: 	at android.os.Handler.dispatchMessage(Handler.java:102)
12-14 09:07:40.255  2903  2903 W System.err: 	at android.os.Looper.loop(Looper.java:135)
12-14 09:07:40.255  2903  2903 W System.err: 	at android.app.ActivityThread.main(ActivityThread.java:5254)
12-14 09:07:40.255  2903  2903 W System.err: 	at java.lang.reflect.Method.invoke(Native Method)
12-14 09:07:40.255  2903  2903 W System.err: 	at java.lang.reflect.Method.invoke(Method.java:372)
12-14 09:07:40.255  2903  2903 W System.err: 	at com.android.internal.os.ZygoteInit$MethodAndArgsCaller.run(ZygoteInit.java:903)
12-14 09:07:40.255  2903  2903 W System.err: 	at com.android.internal.os.ZygoteInit.main(ZygoteInit.java:698)
12-14 09:07:40.255  2903  2903 W System.err: Caused by: java.lang.ClassNotFoundException: Didn't find class "com.gionee.game.offlinesdk.GamePlatform" on path: DexPathList[[zip file "/data/app/com.kiloo.subwaysurf-1/base.apk"],nativeLibraryDirectories=[/data/app/com.kiloo.subwaysurf-1/lib/arm, /vendor/lib, /system/lib]]
12-14 09:07:40.255  2903  2903 W System.err: 	at dalvik.system.BaseDexClassLoader.findClass(BaseDexClassLoader.java:56)
12-14 09:07:40.255  2903  2903 W System.err: 	at java.lang.ClassLoader.loadClass(ClassLoader.java:511)
12-14 09:07:40.255  2903  2903 W System.err: 	at java.lang.ClassLoader.loadClass(ClassLoader.java:469)
12-14 09:07:40.255  2903  2903 W System.err: 	... 20 more
12-14 09:07:40.255  2903  2903 W System.err: 	Suppressed: java.lang.ClassNotFoundException: com.gionee.game.offlinesdk.GamePlatform
12-14 09:07:40.255  2903  2903 W System.err: 		at java.lang.Class.classForName(Native Method)
12-14 09:07:40.255  2903  2903 W System.err: 		at java.lang.BootClassLoader.findClass(ClassLoader.java:781)
12-14 09:07:40.255  2903  2903 W System.err: 		at java.lang.BootClassLoader.loadClass(ClassLoader.java:841)
12-14 09:07:40.255  2903  2903 W System.err: 		at java.lang.ClassLoader.loadClass(ClassLoader.java:504)
12-14 09:07:40.255  2903  2903 W System.err: 		... 21 more
12-14 09:07:40.255  2903  2903 W System.err: 	Caused by: java.lang.NoClassDefFoundError: Class not found using the boot class loader; no stack available
12-14 09:07:40.256  1829  2765 W ActivityManager: getRunningAppProcesses: caller 10053 does not hold REAL_GET_TASKS; limiting output
12-14 09:07:40.263  2903  2903 D houdini : [2903] Added shared library /data/app/com.kiloo.subwaysurf-1/lib/arm/libmegjb.so for ClassLoader by Native Bridge.
12-14 09:07:40.316  2903  2903 D houdini : [2903] Added shared library /data/data/com.kiloo.subwaysurf/files/libmegbpp_02.02.16_01.so for ClassLoader by Native Bridge.
12-14 09:07:40.561  2909  2909 I dex2oat : dex2oat took 311.585ms (threads: 4) arena alloc=0B java alloc=2MB native alloc=596KB free=7MB
12-14 09:07:40.563  2850  2898 E unipaysdk_2.3.0: UnipaySDK ERR:724  none error
12-14 09:07:40.567  2850  2850 D houdini : [2850] Added shared library /data/data/com.popcap.pvz2cthdbddk/cache/libunicom.so for ClassLoader by Native Bridge.
12-14 09:07:40.588  2850  2850 I hashcode: hashcode = 6272
12-14 09:07:40.614  2850  2938 W System.err: java.net.UnknownHostException: Unable to resolve host "unipayupg.wostore.cn": No address associated with hostname
12-14 09:07:40.614  2850  2938 W System.err: 	at java.net.InetAddress.lookupHostByName(InetAddress.java:457)
12-14 09:07:40.614  2850  2938 W System.err: 	at java.net.InetAddress.getAllByNameImpl(InetAddress.java:252)
12-14 09:07:40.614  2850  2938 W System.err: 	at java.net.InetAddress.getAllByName(InetAddress.java:215)
12-14 09:07:40.614  2850  2938 W System.err: 	at org.apache.http.impl.conn.DefaultClientConnectionOperator.openConnection(DefaultClientConnectionOperator.java:142)
12-14 09:07:40.614  2850  2938 W System.err: 	at org.apache.http.impl.conn.AbstractPoolEntry.open(AbstractPoolEntry.java:169)
12-14 09:07:40.614  2850  2938 W System.err: 	at org.apache.http.impl.conn.AbstractPooledConnAdapter.open(AbstractPooledConnAdapter.java:124)
12-14 09:07:40.614  2850  2938 W System.err: 	at org.apache.http.impl.client.DefaultRequestDirector.execute(DefaultRequestDirector.java:365)
12-14 09:07:40.614  2850  2938 W System.err: 	at org.apache.http.impl.client.AbstractHttpClient.execute(AbstractHttpClient.java:560)
12-14 09:07:40.614  2850  2938 W System.err: 	at org.apache.http.impl.client.AbstractHttpClient.execute(AbstractHttpClient.java:492)
12-14 09:07:40.614  2850  2938 W System.err: 	at org.apache.http.impl.client.AbstractHttpClient.execute(AbstractHttpClient.java:470)
12-14 09:07:40.614  2850  2938 W System.err: 	at com.unipay.net.HttpNet.b(Unknown Source)
12-14 09:07:40.614  2850  2938 W System.err: 	at com.unipay.net.AsyncMultimode$3.run(Unknown Source)
12-14 09:07:40.614  2850  2938 W System.err: Caused by: android.system.GaiException: android_getaddrinfo failed: EAI_NODATA (No address associated with hostname)
12-14 09:07:40.614  2850  2938 W System.err: 	at libcore.io.Posix.android_getaddrinfo(Native Method)
12-14 09:07:40.614  2850  2938 W System.err: 	at libcore.io.ForwardingOs.android_getaddrinfo(ForwardingOs.java:55)
12-14 09:07:40.614  2850  2938 W System.err: 	at java.net.InetAddress.lookupHostByName(InetAddress.java:438)
12-14 09:07:40.614  2850  2938 W System.err: 	... 11 more
12-14 09:07:40.619  1829  1883 D WifiService: New client listening to asynchronous messages
12-14 09:07:40.716  2943  2943 W linker  : [vdso]: unused DT entry: type 0x6ffffef5 arg 0xec
12-14 09:07:40.717  2943  2943 E cutils-trace: Error opening trace file: Permission denied (13)
12-14 09:07:40.717  2943  2943 I dex2oat : /system/bin/dex2oat --runtime-arg -classpath --runtime-arg  --instruction-set=x86 --instruction-set-features=default --runtime-arg -Xrelocate --boot-image=/system/framework/boot.art --dex-file=/data/data/com.kiloo.subwaysurf/appsdk0_.dex --oat-fd=28 --oat-location=/data/data/com.kiloo.subwaysurf/files/appsdk0_.dex --runtime-arg -Xms64m --runtime-arg -Xmx512m --compiler-filter=interpret-only
12-14 09:07:40.860  2943  2943 I dex2oat : dex2oat took 142.712ms (threads: 4) arena alloc=0B java alloc=2MB native alloc=464KB free=7MB
12-14 09:07:40.954  2903  2903 E art     : ----- class 'Lcom/ir/gc/CustomContentProvider;' cl=0x12d68d40 -----
12-14 09:07:40.954  2903  2903 E art     :   objectSize=412 (412 from super)
12-14 09:07:40.954  2903  2903 E art     :   access=0x0000.0001
12-14 09:07:40.954  2903  2903 E art     :   super='java.lang.Class<java.lang.Object>' (cl=0x0)
12-14 09:07:40.954  2903  2903 E art     :   vtable (0 entries, 11 in super):
12-14 09:07:40.954  2903  2903 E art     :   direct methods (23 entries):
12-14 09:07:40.954  2903  2903 E art     :      0: void com.ir.gc.CustomContentProvider.<init>()
12-14 09:07:40.954  2903  2903 E art     :      1: java.lang.String com.ir.gc.CustomContentProvider.GetInfoA(android.content.Context, java.lang.String)
12-14 09:07:40.954  2903  2903 E art     :      2: byte[] com.ir.gc.CustomContentProvider.GetInfoB(android.content.Context)
12-14 09:07:40.954  2903  2903 E art     :      3: java.lang.String com.ir.gc.CustomContentProvider.GetNormalBillingReq(android.content.Context, java.lang.String, java.lang.String)
12-14 09:07:40.954  2903  2903 E art     :      4: java.lang.String com.ir.gc.CustomContentProvider.GetSecureBillingRequest(android.content.Context, java.lang.String, java.lang.String)
12-14 09:07:40.954  2903  2903 E art     :      5: java.lang.String com.ir.gc.CustomContentProvider.GetSecureSessionRequest(android.content.Context, java.lang.String, java.lang.String, java.lang.String)
12-14 09:07:40.954  2903  2903 E art     :      6: java.lang.String com.ir.gc.CustomContentProvider.getAgentVersion()
12-14 09:07:40.954  2903  2903 E art     :      7: java.lang.String com.ir.gc.CustomContentProvider.getAppid(android.content.Context)
12-14 09:07:40.954  2903  2903 E art     :      8: java.lang.String com.ir.gc.CustomContentProvider.getContentValue(android.content.Context, java.lang.String, java.lang.String)
12-14 09:07:40.954  2903  2903 E art     :      9: java.lang.String com.ir.gc.CustomContentProvider.getPublicKey(android.content.Context)
12-14 09:07:40.954  2903  2903 E art     :     10: java.lang.String com.ir.gc.CustomContentProvider.nGetContentValue(java.lang.String, java.lang.String, java.lang.String, java.lang.String)
12-14 09:07:40.954  2903  2903 E art     :     11: int com.ir.gc.CustomContentProvider.nSetContentValue(java.lang.String, java.lang.String, java.lang.String, java.lang.String, java.lang.String)
12-14 09:07:40.954  2903  2903 E art     :     12: java.lang.String com.ir.gc.CustomContentProvider.ngetInfoA(java.lang.String, java.lang.String)
12-14 09:07:40.954  2903  2903 E art     :     13: byte[] com.ir.gc.CustomContentProvider.ngetInfoB()
12-14 09:07:40.954  2903  2903 E art     :     14: java.lang.String com.ir.gc.CustomContentProvider.ngetNormalBillingRequest(java.lang.String, java.lang.String, java.lang.String)
12-14 09:07:40.954  2903  2903 E art     :     15: java.lang.String com.ir.gc.CustomContentProvider.ngetSecureBillingRequest(java.lang.String, java.lang.String, java.lang.String)
12-14 09:07:40.954  2903  2903 E art     :     16: java.lang.String com.ir.gc.CustomContentProvider.ngetSecureSessionRequest(java.lang.String, java.lang.String, java.lang.String, java.lang.String)
12-14 09:07:40.954  2903  2903 E art     :     17: java.lang.String com.ir.gc.CustomContentProvider.ngetVersion(int)
12-14 09:07:40.954  2903  2903 E art     :     18: boolean com.ir.gc.CustomContentProvider.nupgradeAgent(java.lang.String)
12-14 09:07:40.954  2903  2903 E art     :     19: boolean com.ir.gc.CustomContentProvider.nupgradeSDK(java.lang.String, java.lang.String)
12-14 09:07:40.954  2903  2903 E art     :     20: int com.ir.gc.CustomContentProvider.setContentValue(android.content.Context, java.lang.String, java.lang.String, java.lang.String)
12-14 09:07:40.954  2903  2903 E art     :     21: boolean com.ir.gc.CustomContentProvider.updateSecureAgent(java.lang.String)
12-14 09:07:40.954  2903  2903 E art     :     22: boolean com.ir.gc.CustomContentProvider.upgradeSDK(android.content.Context, java.lang.String)
12-14 09:07:40.954  2903  2903 E art     : Failed to register native method com.ir.gc.CustomContentProvider.ngetBLD([B)Ljava/lang/String; in /data/data/com.kiloo.subwaysurf/appsdk0_.dex
12-14 09:07:40.954  2903  2903 I idsyconfig: load megjb ok
12-14 09:07:40.954  2903  2903 I idskyApi: onApplicationCreateidskyApi
12-14 09:07:40.955  2903  2903 I PaymentPlugin: onApplicationCreate  PaymentPlugin
12-14 09:07:40.959  2903  2903 I cc      : Cu onApplicationCreate Start
12-14 09:07:40.960  1829  2765 W ActivityManager: getRunningAppProcesses: caller 10053 does not hold REAL_GET_TASKS; limiting output
12-14 09:07:40.960  2903  2903 I unipaysdk: pid:2903 process:com.kiloo.subwaysurf
12-14 09:07:40.960  2903  2903 I unipaysdk: pid:2402 process:com.kiloo.subwaysurf:bdservice_v1
12-14 09:07:40.963  2903  2903 E unipaysdk: unipaysdk:rc(0/1), s(true)
12-14 09:07:40.963  2903  2903 E unipaysdk: unipaysdk:abi(armeabi-v7a)
12-14 09:07:40.963  2903  2903 E unipaysdk: unipaysdk:cpu_abi:armeabi-v7a
12-14 09:07:40.973  2903  2903 D houdini : [2903] Added shared library /data/data/com.kiloo.subwaysurf/.ulibs/decrypt.so for ClassLoader by Native Bridge.
12-14 09:07:40.973  2903  2903 E unipaysdk: unipaysdk:abi(armeabi-v7a)
12-14 09:07:40.974  2903  2903 D houdini : [2903] Added shared library /data/data/com.kiloo.subwaysurf/.ulibs/libunicomsdk.so for ClassLoader by Native Bridge.
12-14 09:07:40.975  2903  2903 E unipaysdk: unipaysdk:result.1: 1
12-14 09:07:40.975  2903  2903 I cc      : Cu onApplicationCreate finish
12-14 09:07:40.975  2903  2903 W System.err: java.lang.ClassNotFoundException: com.idsky.android.cu.net.UnicomOnlinePlugin
12-14 09:07:40.975  2903  2903 W System.err: 	at java.lang.Class.classForName(Native Method)
12-14 09:07:40.975  2903  2903 W System.err: 	at java.lang.Class.forName(Class.java:309)
12-14 09:07:40.975  2903  2903 W System.err: 	at java.lang.Class.forName(Class.java:273)
12-14 09:07:40.975  2903  2903 W System.err: 	at com.idsky.android.frame.PaymentPlugin.onApplicationCreate(SourceFile:131)
12-14 09:07:40.975  2903  2903 W System.err: 	at java.lang.reflect.Method.invoke(Native Method)
12-14 09:07:40.975  2903  2903 W System.err: 	at java.lang.reflect.Method.invoke(Method.java:372)
12-14 09:07:40.975  2903  2903 W System.err: 	at com.idsky.android.Idsky.onApplicationCreate(SourceFile:1411)
12-14 09:07:40.975  2903  2903 W System.err: 	at java.lang.reflect.Method.invoke(Native Method)
12-14 09:07:40.975  2903  2903 W System.err: 	at java.lang.reflect.Method.invoke(Method.java:372)
12-14 09:07:40.975  2903  2903 W System.err: 	at com.skynet.android.Skynet.invoke(SourceFile:4217)
12-14 09:07:40.975  2903  2903 W System.err: 	at com.skynet.android.Skynet.onApplicationCreate(SourceFile:3696)
12-14 09:07:40.975  2903  2903 W System.err: 	at com.kiloo.subwaysurf.BaiDuApplication.onCreate(BaiDuApplication.java:11)
12-14 09:07:40.975  2903  2903 W System.err: 	at android.app.Instrumentation.callApplicationOnCreate(Instrumentation.java:1012)
12-14 09:07:40.975  2903  2903 W System.err: 	at android.app.ActivityThread.handleBindApplication(ActivityThread.java:4553)
12-14 09:07:40.975  2903  2903 W System.err: 	at android.app.ActivityThread.access$1500(ActivityThread.java:151)
12-14 09:07:40.975  2903  2903 W System.err: 	at android.app.ActivityThread$H.handleMessage(ActivityThread.java:1364)
12-14 09:07:40.975  2903  2903 W System.err: 	at android.os.Handler.dispatchMessage(Handler.java:102)
12-14 09:07:40.975  2903  2903 W System.err: 	at android.os.Looper.loop(Looper.java:135)
12-14 09:07:40.975  2903  2903 W System.err: 	at android.app.ActivityThread.main(ActivityThread.java:5254)
12-14 09:07:40.975  2903  2903 W System.err: 	at java.lang.reflect.Method.invoke(Native Method)
12-14 09:07:40.975  2903  2903 W System.err: 	at java.lang.reflect.Method.invoke(Method.java:372)
12-14 09:07:40.975  2903  2903 W System.err: 	at com.android.internal.os.ZygoteInit$MethodAndArgsCaller.run(ZygoteInit.java:903)
12-14 09:07:40.975  2903  2903 W System.err: 	at com.android.internal.os.ZygoteInit.main(ZygoteInit.java:698)
12-14 09:07:40.975  2903  2903 W System.err: Caused by: java.lang.ClassNotFoundException: Didn't find class "com.idsky.android.cu.net.UnicomOnlinePlugin" on path: DexPathList[[zip file "/data/app/com.kiloo.subwaysurf-1/base.apk"],nativeLibraryDirectories=[/data/app/com.kiloo.subwaysurf-1/lib/arm, /vendor/lib, /system/lib]]
12-14 09:07:40.975  2903  2903 W System.err: 	at dalvik.system.BaseDexClassLoader.findClass(BaseDexClassLoader.java:56)
12-14 09:07:40.976  2903  2903 W System.err: 	at java.lang.ClassLoader.loadClass(ClassLoader.java:511)
12-14 09:07:40.976  2903  2903 W System.err: 	at java.lang.ClassLoader.loadClass(ClassLoader.java:469)
12-14 09:07:40.976  2903  2903 W System.err: 	... 23 more
12-14 09:07:40.976  2903  2903 W System.err: 	Suppressed: java.lang.ClassNotFoundException: Didn't find class "com.idsky.android.cu.net.UnicomOnlinePlugin" on path: DexPathList[[dex file "/data/data/com.kiloo.subwaysurf/appsdk0_.dex"],nativeLibraryDirectories=[/data/data/com.kiloo.subwaysurf/lib, /vendor/lib, /system/lib]]
12-14 09:07:40.976  2903  2903 W System.err: 		at dalvik.system.BaseDexClassLoader.findClass(BaseDexClassLoader.java:56)
12-14 09:07:40.976  2903  2903 W System.err: 		at java.lang.ClassLoader.loadClass(ClassLoader.java:511)
12-14 09:07:40.976  2903  2903 W System.err: 		at java.lang.ClassLoader.loadClass(ClassLoader.java:504)
12-14 09:07:40.976  2903  2903 W System.err: 		... 24 more
12-14 09:07:40.976  2903  2903 W System.err: 		Suppressed: java.lang.ClassNotFoundException: com.idsky.android.cu.net.UnicomOnlinePlugin
12-14 09:07:40.976  2903  2903 W System.err: 			at java.lang.Class.classForName(Native Method)
12-14 09:07:40.976  2903  2903 W System.err: 			at java.lang.BootClassLoader.findClass(ClassLoader.java:781)
12-14 09:07:40.976  2903  2903 W System.err: 			at java.lang.BootClassLoader.loadClass(ClassLoader.java:841)
12-14 09:07:40.976  2903  2903 W System.err: 			at java.lang.ClassLoader.loadClass(ClassLoader.java:504)
12-14 09:07:40.976  2903  2903 W System.err: 			... 25 more
12-14 09:07:40.976  2903  2903 W System.err: 		Caused by: java.lang.NoClassDefFoundError: Class not found using the boot class loader; no stack available
12-14 09:07:40.979  2955  2955 W linker  : [vdso]: unused DT entry: type 0x6ffffef5 arg 0x160
12-14 09:07:40.981  2955  2955 W linker  : [vdso]: unused DT entry: type 0x6ffffef5 arg 0x160
12-14 09:07:40.987  2903  2903 I SmsMmPlugin: MM  install start
12-14 09:07:40.988  2903  2903 W System.err: java.lang.ClassNotFoundException: com.secneo.mmb.DexHelper
12-14 09:07:40.988  2903  2903 W System.err: 	at java.lang.Class.classForName(Native Method)
12-14 09:07:40.988  2903  2903 W System.err: 	at java.lang.Class.forName(Class.java:309)
12-14 09:07:40.988  2903  2903 W System.err: 	at java.lang.Class.forName(Class.java:273)
12-14 09:07:40.988  2903  2903 W System.err: 	at com.idsky.android.mm.SmsMmPlugin.onApplicationCreate(SourceFile:99)
12-14 09:07:40.988  2903  2903 W System.err: 	at java.lang.reflect.Method.invoke(Native Method)
12-14 09:07:40.988  2903  2903 W System.err: 	at java.lang.reflect.Method.invoke(Method.java:372)
12-14 09:07:40.988  2903  2903 W System.err: 	at com.idsky.android.frame.PaymentPlugin.onApplicationCreate(SourceFile:152)
12-14 09:07:40.988  2903  2903 W System.err: 	at java.lang.reflect.Method.invoke(Native Method)
12-14 09:07:40.988  2903  2903 W System.err: 	at java.lang.reflect.Method.invoke(Method.java:372)
12-14 09:07:40.988  2903  2903 W System.err: 	at com.idsky.android.Idsky.onApplicationCreate(SourceFile:1411)
12-14 09:07:40.988  2903  2903 W System.err: 	at java.lang.reflect.Method.invoke(Native Method)
12-14 09:07:40.988  2903  2903 W System.err: 	at java.lang.reflect.Method.invoke(Method.java:372)
12-14 09:07:40.988  2903  2903 W System.err: 	at com.skynet.android.Skynet.invoke(SourceFile:4217)
12-14 09:07:40.988  2903  2903 W System.err: 	at com.skynet.android.Skynet.onApplicationCreate(SourceFile:3696)
12-14 09:07:40.988  2903  2903 W System.err: 	at com.kiloo.subwaysurf.BaiDuApplication.onCreate(BaiDuApplication.java:11)
12-14 09:07:40.988  2903  2903 W System.err: 	at android.app.Instrumentation.callApplicationOnCreate(Instrumentation.java:1012)
12-14 09:07:40.988  2903  2903 W System.err: 	at android.app.ActivityThread.handleBindApplication(ActivityThread.java:4553)
12-14 09:07:40.988  2903  2903 W System.err: 	at android.app.ActivityThread.access$1500(ActivityThread.java:151)
12-14 09:07:40.988  2903  2903 W System.err: 	at android.app.ActivityThread$H.handleMessage(ActivityThread.java:1364)
12-14 09:07:40.988  2903  2903 W System.err: 	at android.os.Handler.dispatchMessage(Handler.java:102)
12-14 09:07:40.988  2903  2903 W System.err: 	at android.os.Looper.loop(Looper.java:135)
12-14 09:07:40.988  2903  2903 W System.err: 	at android.app.ActivityThread.main(ActivityThread.java:5254)
12-14 09:07:40.988  2903  2903 W System.err: 	at java.lang.reflect.Method.invoke(Native Method)
12-14 09:07:40.988  2903  2903 W System.err: 	at java.lang.reflect.Method.invoke(Method.java:372)
12-14 09:07:40.988  2903  2903 W System.err: 	at com.android.internal.os.ZygoteInit$MethodAndArgsCaller.run(ZygoteInit.java:903)
12-14 09:07:40.988  2903  2903 W System.err: 	at com.android.internal.os.ZygoteInit.main(ZygoteInit.java:698)
12-14 09:07:40.988  2903  2903 W System.err: Caused by: java.lang.ClassNotFoundException: Didn't find class "com.secneo.mmb.DexHelper" on path: DexPathList[[zip file "/data/app/com.kiloo.subwaysurf-1/base.apk"],nativeLibraryDirectories=[/data/app/com.kiloo.subwaysurf-1/lib/arm, /vendor/lib, /system/lib]]
12-14 09:07:40.988  2903  2903 W System.err: 	at dalvik.system.BaseDexClassLoader.findClass(BaseDexClassLoader.java:56)
12-14 09:07:40.988  2903  2903 W System.err: 	at java.lang.ClassLoader.loadClass(ClassLoader.java:511)
12-14 09:07:40.988  2903  2903 W System.err: 	at java.lang.ClassLoader.loadClass(ClassLoader.java:469)
12-14 09:07:40.988  2903  2903 W System.err: 	... 26 more
12-14 09:07:40.988  2903  2903 W System.err: 	Suppressed: java.lang.ClassNotFoundException: Didn't find class "com.secneo.mmb.DexHelper" on path: DexPathList[[dex file "/data/data/com.kiloo.subwaysurf/appsdk0_.dex"],nativeLibraryDirectories=[/data/data/com.kiloo.subwaysurf/lib, /vendor/lib, /system/lib]]
12-14 09:07:40.988  2903  2903 W System.err: 		at dalvik.system.BaseDexClassLoader.findClass(BaseDexClassLoader.java:56)
12-14 09:07:40.988  2903  2903 W System.err: 		at java.lang.ClassLoader.loadClass(ClassLoader.java:511)
12-14 09:07:40.988  2903  2903 W System.err: 		at java.lang.ClassLoader.loadClass(ClassLoader.java:504)
12-14 09:07:40.988  2903  2903 W System.err: 		... 27 more
12-14 09:07:40.988  2903  2903 W System.err: 		Suppressed: java.lang.ClassNotFoundException: com.secneo.mmb.DexHelper
12-14 09:07:40.988  2903  2903 W System.err: 			at java.lang.Class.classForName(Native Method)
12-14 09:07:40.989  2903  2903 W System.err: 			at java.lang.BootClassLoader.findClass(ClassLoader.java:781)
12-14 09:07:40.989  2903  2903 W System.err: 			at java.lang.BootClassLoader.loadClass(ClassLoader.java:841)
12-14 09:07:40.989  2903  2903 W System.err: 			at java.lang.ClassLoader.loadClass(ClassLoader.java:504)
12-14 09:07:40.989  2903  2903 W System.err: 			... 28 more
12-14 09:07:40.989  2903  2903 W System.err: 		Caused by: java.lang.NoClassDefFoundError: Class not found using the boot class loader; no stack available
12-14 09:07:40.989  2903  2903 W System.err: java.lang.ClassNotFoundException: com.secneo.mmb.Helper
12-14 09:07:40.989  2903  2903 W System.err: 	at java.lang.Class.classForName(Native Method)
12-14 09:07:40.989  2903  2903 W System.err: 	at java.lang.Class.forName(Class.java:309)
12-14 09:07:40.989  2903  2903 W System.err: 	at java.lang.Class.forName(Class.java:273)
12-14 09:07:40.989  2903  2903 W System.err: 	at com.idsky.android.mm.SmsMmPlugin.onApplicationCreate(SourceFile:104)
12-14 09:07:40.989  2903  2903 W System.err: 	at java.lang.reflect.Method.invoke(Native Method)
12-14 09:07:40.989  2903  2903 W System.err: 	at java.lang.reflect.Method.invoke(Method.java:372)
12-14 09:07:40.989  2903  2903 W System.err: 	at com.idsky.android.frame.PaymentPlugin.onApplicationCreate(SourceFile:152)
12-14 09:07:40.989  2903  2903 W System.err: 	at java.lang.reflect.Method.invoke(Native Method)
12-14 09:07:40.989  2903  2903 W System.err: 	at java.lang.reflect.Method.invoke(Method.java:372)
12-14 09:07:40.989  2903  2903 W System.err: 	at com.idsky.android.Idsky.onApplicationCreate(SourceFile:1411)
12-14 09:07:40.989  2903  2903 W System.err: 	at java.lang.reflect.Method.invoke(Native Method)
12-14 09:07:40.989  2903  2903 W System.err: 	at java.lang.reflect.Method.invoke(Method.java:372)
12-14 09:07:40.989  2903  2903 W System.err: 	at com.skynet.android.Skynet.invoke(SourceFile:4217)
12-14 09:07:40.989  2903  2903 W System.err: 	at com.skynet.android.Skynet.onApplicationCreate(SourceFile:3696)
12-14 09:07:40.989  2903  2903 W System.err: 	at com.kiloo.subwaysurf.BaiDuApplication.onCreate(BaiDuApplication.java:11)
12-14 09:07:40.989  2903  2903 W System.err: 	at android.app.Instrumentation.callApplicationOnCreate(Instrumentation.java:1012)
12-14 09:07:40.989  2903  2903 W System.err: 	at android.app.ActivityThread.handleBindApplication(ActivityThread.java:4553)
12-14 09:07:40.989  2903  2903 W System.err: 	at android.app.ActivityThread.access$1500(ActivityThread.java:151)
12-14 09:07:40.989  2903  2903 W System.err: 	at android.app.ActivityThread$H.handleMessage(ActivityThread.java:1364)
12-14 09:07:40.989  2903  2903 W System.err: 	at android.os.Handler.dispatchMessage(Handler.java:102)
12-14 09:07:40.989  2903  2903 W System.err: 	at android.os.Looper.loop(Looper.java:135)
12-14 09:07:40.989  2903  2903 W System.err: 	at android.app.ActivityThread.main(ActivityThread.java:5254)
12-14 09:07:40.989  2903  2903 W System.err: 	at java.lang.reflect.Method.invoke(Native Method)
12-14 09:07:40.989  2903  2903 W System.err: 	at java.lang.reflect.Method.invoke(Method.java:372)
12-14 09:07:40.989  2903  2903 W System.err: 	at com.android.internal.os.ZygoteInit$MethodAndArgsCaller.run(ZygoteInit.java:903)
12-14 09:07:40.989  2903  2903 W System.err: 	at com.android.internal.os.ZygoteInit.main(ZygoteInit.java:698)
12-14 09:07:40.989  2903  2903 W System.err: Caused by: java.lang.ClassNotFoundException: Didn't find class "com.secneo.mmb.Helper" on path: DexPathList[[zip file "/data/app/com.kiloo.subwaysurf-1/base.apk"],nativeLibraryDirectories=[/data/app/com.kiloo.subwaysurf-1/lib/arm, /vendor/lib, /system/lib]]
12-14 09:07:40.989  2903  2903 W System.err: 	at dalvik.system.BaseDexClassLoader.findClass(BaseDexClassLoader.java:56)
12-14 09:07:40.989  2903  2903 W System.err: 	at java.lang.ClassLoader.loadClass(ClassLoader.java:511)
12-14 09:07:40.989  2903  2903 W System.err: 	at java.lang.ClassLoader.loadClass(ClassLoader.java:469)
12-14 09:07:40.989  2903  2903 W System.err: 	... 26 more
12-14 09:07:40.989  2903  2903 W System.err: 	Suppressed: java.lang.ClassNotFoundException: Didn't find class "com.secneo.mmb.Helper" on path: DexPathList[[dex file "/data/data/com.kiloo.subwaysurf/appsdk0_.dex"],nativeLibraryDirectories=[/data/data/com.kiloo.subwaysurf/lib, /vendor/lib, /system/lib]]
12-14 09:07:40.989  2903  2903 W System.err: 		at dalvik.system.BaseDexClassLoader.findClass(BaseDexClassLoader.java:56)
12-14 09:07:40.989  2903  2903 W System.err: 		at java.lang.ClassLoader.loadClass(ClassLoader.java:511)
12-14 09:07:40.989  2903  2903 W System.err: 		at java.lang.ClassLoader.loadClass(ClassLoader.java:504)
12-14 09:07:40.989  2903  2903 W System.err: 		... 27 more
12-14 09:07:40.989  2903  2903 W System.err: 		Suppressed: java.lang.ClassNotFoundException: com.secneo.mmb.Helper
12-14 09:07:40.989  2903  2903 W System.err: 			at java.lang.Class.classForName(Native Method)
12-14 09:07:40.989  2903  2903 W System.err: 			at java.lang.BootClassLoader.findClass(ClassLoader.java:781)
12-14 09:07:40.989  2903  2903 W System.err: 			at java.lang.BootClassLoader.loadClass(ClassLoader.java:841)
12-14 09:07:40.989  2903  2903 W System.err: 			at java.lang.ClassLoader.loadClass(ClassLoader.java:504)
12-14 09:07:40.989  2903  2903 W System.err: 			... 28 more
12-14 09:07:40.989  2903  2903 W System.err: 		Caused by: java.lang.NoClassDefFoundError: Class not found using the boot class loader; no stack available
12-14 09:07:40.990  2903  2903 W System.err: java.lang.ClassNotFoundException: com.secneo.wrapper.DexHelper
12-14 09:07:40.990  2903  2903 W System.err: 	at java.lang.Class.classForName(Native Method)
12-14 09:07:40.990  2903  2903 W System.err: 	at java.lang.Class.forName(Class.java:309)
12-14 09:07:40.990  2903  2903 W System.err: 	at java.lang.Class.forName(Class.java:273)
12-14 09:07:40.990  2903  2903 W System.err: 	at com.idsky.android.mm.SmsMmPlugin.onApplicationCreate(SourceFile:109)
12-14 09:07:40.990  2903  2903 W System.err: 	at java.lang.reflect.Method.invoke(Native Method)
12-14 09:07:40.990  2903  2903 W System.err: 	at java.lang.reflect.Method.invoke(Method.java:372)
12-14 09:07:40.990  2903  2903 W System.err: 	at com.idsky.android.frame.PaymentPlugin.onApplicationCreate(SourceFile:152)
12-14 09:07:40.990  2903  2903 W System.err: 	at java.lang.reflect.Method.invoke(Native Method)
12-14 09:07:40.990  2903  2903 W System.err: 	at java.lang.reflect.Method.invoke(Method.java:372)
12-14 09:07:40.990  2903  2903 W System.err: 	at com.idsky.android.Idsky.onApplicationCreate(SourceFile:1411)
12-14 09:07:40.990  2903  2903 W System.err: 	at java.lang.reflect.Method.invoke(Native Method)
12-14 09:07:40.990  2903  2903 W System.err: 	at java.lang.reflect.Method.invoke(Method.java:372)
12-14 09:07:40.990  2903  2903 W System.err: 	at com.skynet.android.Skynet.invoke(SourceFile:4217)
12-14 09:07:40.990  2903  2903 W System.err: 	at com.skynet.android.Skynet.onApplicationCreate(SourceFile:3696)
12-14 09:07:40.990  2903  2903 W System.err: 	at com.kiloo.subwaysurf.BaiDuApplication.onCreate(BaiDuApplication.java:11)
12-14 09:07:40.990  2903  2903 W System.err: 	at android.app.Instrumentation.callApplicationOnCreate(Instrumentation.java:1012)
12-14 09:07:40.990  2903  2903 W System.err: 	at android.app.ActivityThread.handleBindApplication(ActivityThread.java:4553)
12-14 09:07:40.990  2903  2903 W System.err: 	at android.app.ActivityThread.access$1500(ActivityThread.java:151)
12-14 09:07:40.990  2903  2903 W System.err: 	at android.app.ActivityThread$H.handleMessage(ActivityThread.java:1364)
12-14 09:07:40.990  2903  2903 W System.err: 	at android.os.Handler.dispatchMessage(Handler.java:102)
12-14 09:07:40.990  2903  2903 W System.err: 	at android.os.Looper.loop(Looper.java:135)
12-14 09:07:40.990  2903  2903 W System.err: 	at android.app.ActivityThread.main(ActivityThread.java:5254)
12-14 09:07:40.990  2903  2903 W System.err: 	at java.lang.reflect.Method.invoke(Native Method)
12-14 09:07:40.990  2903  2903 W System.err: 	at java.lang.reflect.Method.invoke(Method.java:372)
12-14 09:07:40.990  2903  2903 W System.err: 	at com.android.internal.os.ZygoteInit$MethodAndArgsCaller.run(ZygoteInit.java:903)
12-14 09:07:40.990  2903  2903 W System.err: 	at com.android.internal.os.ZygoteInit.main(ZygoteInit.java:698)
12-14 09:07:40.990  2903  2903 W System.err: Caused by: java.lang.ClassNotFoundException: Didn't find class "com.secneo.wrapper.DexHelper" on path: DexPathList[[zip file "/data/app/com.kiloo.subwaysurf-1/base.apk"],nativeLibraryDirectories=[/data/app/com.kiloo.subwaysurf-1/lib/arm, /vendor/lib, /system/lib]]
12-14 09:07:40.990  2903  2903 W System.err: 	at dalvik.system.BaseDexClassLoader.findClass(BaseDexClassLoader.java:56)
12-14 09:07:40.990  2903  2903 W System.err: 	at java.lang.ClassLoader.loadClass(ClassLoader.java:511)
12-14 09:07:40.990  2903  2903 W System.err: 	at java.lang.ClassLoader.loadClass(ClassLoader.java:469)
12-14 09:07:40.990  2903  2903 W System.err: 	... 26 more
12-14 09:07:40.990  2903  2903 W System.err: 	Suppressed: java.lang.ClassNotFoundException: Didn't find class "com.secneo.wrapper.DexHelper" on path: DexPathList[[dex file "/data/data/com.kiloo.subwaysurf/appsdk0_.dex"],nativeLibraryDirectories=[/data/data/com.kiloo.subwaysurf/lib, /vendor/lib, /system/lib]]
12-14 09:07:40.990  2903  2903 W System.err: 		at dalvik.system.BaseDexClassLoader.findClass(BaseDexClassLoader.java:56)
12-14 09:07:40.990  2903  2903 W System.err: 		at java.lang.ClassLoader.loadClass(ClassLoader.java:511)
12-14 09:07:40.990  2903  2903 W System.err: 		at java.lang.ClassLoader.loadClass(ClassLoader.java:504)
12-14 09:07:40.990  2903  2903 W System.err: 		... 27 more
12-14 09:07:40.990  2903  2903 W System.err: 		Suppressed: java.lang.ClassNotFoundException: com.secneo.wrapper.DexHelper
12-14 09:07:40.990  2903  2903 W System.err: 			at java.lang.Class.classForName(Native Method)
12-14 09:07:40.990  2903  2903 W System.err: 			at java.lang.BootClassLoader.findClass(ClassLoader.java:781)
12-14 09:07:40.990  2903  2903 W System.err: 			at java.lang.BootClassLoader.loadClass(ClassLoader.java:841)
12-14 09:07:40.990  2903  2903 W System.err: 			at java.lang.ClassLoader.loadClass(ClassLoader.java:504)
12-14 09:07:40.990  2903  2903 W System.err: 			... 28 more
12-14 09:07:40.991  2903  2903 W System.err: 		Caused by: java.lang.NoClassDefFoundError: Class not found using the boot class loader; no stack available
12-14 09:07:40.991  2903  2903 W System.err: java.lang.ClassNotFoundException: com.secneo.wrapper.Helper
12-14 09:07:40.991  2903  2903 W System.err: 	at java.lang.Class.classForName(Native Method)
12-14 09:07:40.991  2903  2903 W System.err: 	at java.lang.Class.forName(Class.java:309)
12-14 09:07:40.991  2903  2903 W System.err: 	at java.lang.Class.forName(Class.java:273)
12-14 09:07:40.991  2903  2903 W System.err: 	at com.idsky.android.mm.SmsMmPlugin.onApplicationCreate(SourceFile:114)
12-14 09:07:40.991  2903  2903 W System.err: 	at java.lang.reflect.Method.invoke(Native Method)
12-14 09:07:40.991  2903  2903 W System.err: 	at java.lang.reflect.Method.invoke(Method.java:372)
12-14 09:07:40.991  2903  2903 W System.err: 	at com.idsky.android.frame.PaymentPlugin.onApplicationCreate(SourceFile:152)
12-14 09:07:40.991  2903  2903 W System.err: 	at java.lang.reflect.Method.invoke(Native Method)
12-14 09:07:40.991  2903  2903 W System.err: 	at java.lang.reflect.Method.invoke(Method.java:372)
12-14 09:07:40.991  2903  2903 W System.err: 	at com.idsky.android.Idsky.onApplicationCreate(SourceFile:1411)
12-14 09:07:40.991  2903  2903 W System.err: 	at java.lang.reflect.Method.invoke(Native Method)
12-14 09:07:40.991  2903  2903 W System.err: 	at java.lang.reflect.Method.invoke(Method.java:372)
12-14 09:07:40.991  2903  2903 W System.err: 	at com.skynet.android.Skynet.invoke(SourceFile:4217)
12-14 09:07:40.991  2903  2903 W System.err: 	at com.skynet.android.Skynet.onApplicationCreate(SourceFile:3696)
12-14 09:07:40.991  2903  2903 W System.err: 	at com.kiloo.subwaysurf.BaiDuApplication.onCreate(BaiDuApplication.java:11)
12-14 09:07:40.991  2903  2903 W System.err: 	at android.app.Instrumentation.callApplicationOnCreate(Instrumentation.java:1012)
12-14 09:07:40.991  2903  2903 W System.err: 	at android.app.ActivityThread.handleBindApplication(ActivityThread.java:4553)
12-14 09:07:40.991  2903  2903 W System.err: 	at android.app.ActivityThread.access$1500(ActivityThread.java:151)
12-14 09:07:40.992  2903  2903 W System.err: 	at android.app.ActivityThread$H.handleMessage(ActivityThread.java:1364)
12-14 09:07:40.992  2903  2903 W System.err: 	at android.os.Handler.dispatchMessage(Handler.java:102)
12-14 09:07:40.992  2903  2903 W System.err: 	at android.os.Looper.loop(Looper.java:135)
12-14 09:07:40.992  2903  2903 W System.err: 	at android.app.ActivityThread.main(ActivityThread.java:5254)
12-14 09:07:40.993  2903  2903 W System.err: 	at java.lang.reflect.Method.invoke(Native Method)
12-14 09:07:40.993  2903  2903 W System.err: 	at java.lang.reflect.Method.invoke(Method.java:372)
12-14 09:07:40.993  2903  2903 W System.err: 	at com.android.internal.os.ZygoteInit$MethodAndArgsCaller.run(ZygoteInit.java:903)
12-14 09:07:40.993  2903  2903 W System.err: 	at com.android.internal.os.ZygoteInit.main(ZygoteInit.java:698)
12-14 09:07:40.993  2903  2903 W System.err: Caused by: java.lang.ClassNotFoundException: Didn't find class "com.secneo.wrapper.Helper" on path: DexPathList[[zip file "/data/app/com.kiloo.subwaysurf-1/base.apk"],nativeLibraryDirectories=[/data/app/com.kiloo.subwaysurf-1/lib/arm, /vendor/lib, /system/lib]]
12-14 09:07:40.993  2903  2903 W System.err: 	at dalvik.system.BaseDexClassLoader.findClass(BaseDexClassLoader.java:56)
12-14 09:07:40.993  2903  2903 W System.err: 	at java.lang.ClassLoader.loadClass(ClassLoader.java:511)
12-14 09:07:40.993  2903  2903 W System.err: 	at java.lang.ClassLoader.loadClass(ClassLoader.java:469)
12-14 09:07:40.993  2903  2903 W System.err: 	... 26 more
12-14 09:07:40.993  2903  2903 W System.err: 	Suppressed: java.lang.ClassNotFoundException: Didn't find class "com.secneo.wrapper.Helper" on path: DexPathList[[dex file "/data/data/com.kiloo.subwaysurf/appsdk0_.dex"],nativeLibraryDirectories=[/data/data/com.kiloo.subwaysurf/lib, /vendor/lib, /system/lib]]
12-14 09:07:40.993  2903  2903 W System.err: 		at dalvik.system.BaseDexClassLoader.findClass(BaseDexClassLoader.java:56)
12-14 09:07:40.993  2903  2903 W System.err: 		at java.lang.ClassLoader.loadClass(ClassLoader.java:511)
12-14 09:07:40.993  2903  2903 W System.err: 		at java.lang.ClassLoader.loadClass(ClassLoader.java:504)
12-14 09:07:40.993  2903  2903 W System.err: 		... 27 more
12-14 09:07:40.993  2903  2903 W System.err: 		Suppressed: java.lang.ClassNotFoundException: com.secneo.wrapper.Helper
12-14 09:07:40.993  2903  2903 W System.err: 			at java.lang.Class.classForName(Native Method)
12-14 09:07:40.993  2903  2903 W System.err: 			at java.lang.BootClassLoader.findClass(ClassLoader.java:781)
12-14 09:07:40.993  2903  2903 W System.err: 			at java.lang.BootClassLoader.loadClass(ClassLoader.java:841)
12-14 09:07:40.993  2903  2903 W System.err: 			at java.lang.ClassLoader.loadClass(ClassLoader.java:504)
12-14 09:07:40.993  2903  2903 W System.err: 			... 28 more
12-14 09:07:40.993  2903  2903 W System.err: 		Caused by: java.lang.NoClassDefFoundError: Class not found using the boot class loader; no stack available
12-14 09:07:40.994  2903  2903 E plugin  : onReceive
12-14 09:07:40.996  2491  2491 I GcnBroadcastReceiver: onReceive start ... action=android.intent.action.USER_PRESENT
