12-14 09:07:25.492  1829  1829 E LocationManagerService: FLP HAL not supported
12-14 09:07:25.493  1829  1829 E LocationManagerService: Unable to bind FLP Geofence proxy.
12-14 09:07:25.493  1829  1829 E ActivityRecognitionHardware: Error hw_get_module: -2
12-14 09:07:25.493  1829  1829 E LocationManagerService: Hardware Activity-Recognition not supported.
12-14 09:07:25.495  1829  1849 D gps_serial: serial_gps_init
12-14 09:07:25.495  1829  1849 D gps_serial: gps_state_init
12-14 09:07:25.495  1829  1849 D gps_serial: no kernel-provided gps device name
12-14 09:07:25.495  1829  1849 W GpsLocationProvider: Failed to enable location provider
12-14 09:07:25.495  1829  1829 I CommonTimeManagementService: No common time service detected on this platform.  Common time services will be unavailable.
12-14 09:07:25.496  1829  1829 I MmsServiceBroker: Delay connecting to MmsService until an API is called
12-14 09:07:25.496  1829  1829 W VoiceInteractionManagerService: no available voice interaction services found for user 0
12-14 09:07:25.496  1829  1829 W VoiceInteractionManagerService: no available voice recognition services found for user 0
12-14 09:07:25.498  1829  1872 I InputReader: Reconfiguring input devices.  changes=0x00000020
12-14 09:07:25.498  1829  1872 I InputReader: Reconfiguring input devices.  changes=0x00000010
12-14 09:07:25.508  1829  1829 I ActivityManager: Start proc 1999:com.android.phone/1001 for added application com.android.phone
12-14 09:07:25.508  1829  1829 I ActivityManager: START u0 {act=android.intent.action.MAIN cat=[android.intent.category.HOME] flg=0x10000000 cmp=com.android.launcher3/.Launcher} from uid 0 on display 0
12-14 09:07:25.511  1829  1829 V WindowManager: addAppToken: AppWindowToken{2e80b349 token=Token{27936550 ActivityRecord{3e6f0f13 u0 com.android.launcher3/.Launcher t20}}} to stack=0 task=20 at 0
12-14 09:07:25.529  1829  1829 I ActivityManager: Start proc 2021:com.android.launcher3/u0a51 for activity com.android.launcher3/.Launcher
12-14 09:07:25.548  1829  1849 I ActivityManager: Start proc 2045:com.android.printspooler/u0a39 for service com.android.printspooler/.model.PrintSpoolerService
12-14 09:07:25.551  1829  1829 V ActivityManager: Display changed displayId=0
12-14 09:07:25.552  1829  1829 D WifiScanningService: SCAN_AVAILABLE : 1
12-14 09:07:25.552  1829  1829 D RttService: SCAN_AVAILABLE : 1
12-14 09:07:25.552  1829  1894 D WifiScanningService: DefaultState got{ when=0 what=160007 target=com.android.internal.util.StateMachine$SmHandler }
12-14 09:07:25.552  1829  1895 D RttService: DefaultState got{ when=0 what=160513 target=com.android.internal.util.StateMachine$SmHandler }
12-14 09:07:25.616  1829  1829 I Choreographer: Skipped 55 frames!  The application may be doing too much work on its main thread.
12-14 09:07:25.687  1554  1994 W OMXNodeInstance: [e:google.mpeg4.decoder] component does not support metadata mode; using fallback
12-14 09:07:25.688  1554  1994 W OMXNodeInstance: [f:google.h263.decoder] component does not support metadata mode; using fallback
12-14 09:07:25.716  1554  1994 W OMXNodeInstance: [10:google.h264.decoder] component does not support metadata mode; using fallback
12-14 09:07:25.725  1829  1829 V ActivityManager: Display changed displayId=0
12-14 09:07:25.752  1554  1994 D SoftHEVC: Number of CPU cores: 4
12-14 09:07:25.752  1554  1994 D SoftHEVC: Initializing decoder
12-14 09:07:25.752  1554  1994 D SoftHEVC: Set number of cores to 4
12-14 09:07:25.752  1554  1994 D SoftHEVC: Ittiam decoder version number: @(#)Id:HEVCDEC_production Ver:04.01 Released by ITTIAM Build: Dec  8 2015 @ 05:11:58
12-14 09:07:25.752  1554  1994 W OMXNodeInstance: [11:google.hevc.decoder] component does not support metadata mode; using fallback
12-14 09:07:25.752  1554  1994 D SoftHEVC: Freeing codec memory
12-14 09:07:25.752  1554  1994 D SoftHEVC: Number of CPU cores: 4
12-14 09:07:25.752  1554  1994 D SoftHEVC: Initializing decoder
12-14 09:07:25.753  1554  1994 D SoftHEVC: Set number of cores to 4
12-14 09:07:25.753  1554  1994 D SoftHEVC: Ittiam decoder version number: @(#)Id:HEVCDEC_production Ver:04.01 Released by ITTIAM Build: Dec  8 2015 @ 05:11:58
12-14 09:07:25.753  1554  1994 D SoftHEVC: In SoftHEVC::~SoftHEVC
12-14 09:07:25.753  1554  1994 D SoftHEVC: Freeing codec memory
12-14 09:07:25.760  1554  1994 W OMXNodeInstance: [12:google.vp8.decoder] component does not support metadata mode; using fallback
12-14 09:07:25.761  1554  1994 W OMXNodeInstance: [13:google.vp9.decoder] component does not support metadata mode; using fallback
12-14 09:07:25.763  1554  1994 I SoftMPEG4Encoder: Construct SoftMPEG4Encoder
12-14 09:07:25.763  1554  1994 W ACodec  : do not know color format 0x7f000789 = 2130708361
12-14 09:07:25.774  1554  1994 I SoftAVCEncoder: Construct SoftAVCEncoder
12-14 09:07:25.774  1554  1994 W ACodec  : do not know color format 0x7f000789 = 2130708361
12-14 09:07:25.774  1554  1994 I SoftMPEG4Encoder: Construct SoftMPEG4Encoder
12-14 09:07:25.775  1554  1994 W ACodec  : do not know color format 0x7f000789 = 2130708361
12-14 09:07:25.791  1554  1994 W ACodec  : do not know color format 0x7f000789 = 2130708361
12-14 09:07:25.798  1554  1874 D NuPlayerDriver: reset(0xf502f1c0)
12-14 09:07:25.799  1554  1991 D NuPlayerDriver: notifyResetComplete(0xf502f1c0)
12-14 09:07:25.825  1554  1554 D NuPlayerDriver: start(0xf584eca0)
12-14 09:07:25.825  1554  2100 I GenericSource: start
12-14 09:07:25.829  1554  1554 D NuPlayerDriver: reset(0xf584eca0)
12-14 09:07:25.830  1554  2100 D NuPlayerDriver: notifyResetComplete(0xf584eca0)
12-14 09:07:25.838  1554  1889 D NuPlayerDriver: start(0xf584edc0)
12-14 09:07:25.838  1554  2107 I GenericSource: start
12-14 09:07:25.843  1554  1889 D NuPlayerDriver: reset(0xf584edc0)
12-14 09:07:25.844  1554  2107 D NuPlayerDriver: notifyResetComplete(0xf584edc0)
12-14 09:07:25.897  1554  1874 D NuPlayerDriver: start(0xf502f1c0)
12-14 09:07:25.897  1554  2114 I GenericSource: start
12-14 09:07:25.901  1554  1874 D NuPlayerDriver: reset(0xf502f1c0)
12-14 09:07:25.902  1554  2114 D NuPlayerDriver: notifyResetComplete(0xf502f1c0)
12-14 09:07:25.909  1554  1554 D NuPlayerDriver: start(0xf584eca0)
12-14 09:07:25.909  1554  2121 I GenericSource: start
12-14 09:07:25.912  1554  1554 D NuPlayerDriver: reset(0xf584eca0)
12-14 09:07:25.913  1554  2121 D NuPlayerDriver: notifyResetComplete(0xf584eca0)
12-14 09:07:25.919  1554  1889 D NuPlayerDriver: start(0xf584edc0)
12-14 09:07:25.919  1554  2128 I GenericSource: start
12-14 09:07:25.922  1554  1889 D NuPlayerDriver: reset(0xf584edc0)
12-14 09:07:25.923  1554  2128 D NuPlayerDriver: notifyResetComplete(0xf584edc0)
12-14 09:07:25.987  2135  2135 W linker  : [vdso]: unused DT entry: type 0x6ffffef5 arg 0x160
12-14 09:07:26.014  1829  1829 I Telecom : TelecomGlobals: TelecomGlobals initializing
12-14 09:07:26.032  1829  2136 I ActivityManager: Start proc 2137:android.process.acore/u0a10 for content provider com.android.providers.contacts/.CallLogProvider
12-14 09:07:26.033  1938  1938 V SystemUIService: Starting SystemUI services.
12-14 09:07:26.224  1829  1829 D BluetoothManagerService: Trying to bind to profile: 1, while Bluetooth was disabled
12-14 09:07:26.224  1829  1854 D BluetoothManagerService: Message: 30
12-14 09:07:26.230  1829  1829 I Telecom : TelecomGlobals: CallsManager initialized
12-14 09:07:26.231  1829  1829 W ContextImpl: Calling a method in the system process without a qualified user: android.app.ContextImpl.startService:1692 android.content.ContextWrapper.startService:516 com.android.server.telecom.BluetoothPhoneService.start:440 com.android.server.telecom.TelecomGlobals.initialize:93 com.android.server.telecom.TelecomService.onCreate:164 
12-14 09:07:26.232  1829  1829 D ZenLog  : downtime: Autotrigger skipped: not in downtime
12-14 09:07:26.447  2045  2045 I PrintSpoolerService: No existing print spooler state.
12-14 09:07:26.454  1829  2055 V FingerprintService: startListening(android.service.fingerprint.IFingerprintServiceReceiver$Stub$Proxy@11fafd4b)
12-14 09:07:26.720  1970  1970 I LatinIME: Hardware accelerated drawing: true
12-14 09:07:26.733  1554  1889 D NuPlayerDriver: start(0xf584edc0)
12-14 09:07:26.733  1554  2160 I GenericSource: start
12-14 09:07:26.741  1554  1889 D NuPlayerDriver: reset(0xf584edc0)
12-14 09:07:26.743  1554  2160 D NuPlayerDriver: notifyResetComplete(0xf584edc0)
12-14 09:07:26.755  1554  1874 D NuPlayerDriver: start(0xf502f1c0)
12-14 09:07:26.755  1554  2167 I GenericSource: start
12-14 09:07:26.762  1554  1874 D NuPlayerDriver: reset(0xf502f1c0)
12-14 09:07:26.763  1554  2167 D NuPlayerDriver: notifyResetComplete(0xf502f1c0)
12-14 09:07:26.814  1829  1829 W ResourcesManager: Asset path '/system/framework/com.android.location.provider.jar' does not exist or contains no resources.
12-14 09:07:26.815  1554  1554 D NuPlayerDriver: start(0xf584eca0)
12-14 09:07:26.815  1554  2175 I GenericSource: start
12-14 09:07:26.816  1829  1829 D GpsNetInitiatedHandler: location enabled :true
12-14 09:07:26.816  1829  1829 V WiredAccessoryManager: notifyWiredAccessoryChanged: when=0 bits= mask=54
12-14 09:07:26.816  1829  1829 V WiredAccessoryManager: newName=h2w newState=0 headsetState=0 prev headsetState=0
12-14 09:07:26.816  1829  1829 E WiredAccessoryManager: No state change.
12-14 09:07:26.817  1829  1829 V WiredAccessoryManager: init()
12-14 09:07:26.820  1554  1554 D NuPlayerDriver: reset(0xf584eca0)
12-14 09:07:26.821  1554  2175 D NuPlayerDriver: notifyResetComplete(0xf584eca0)
12-14 09:07:27.138  2021  2021 D Launcher.LauncherProvider: 11683562 - initializeMaxScreenId(): 3
12-14 09:07:27.139  2021  2021 V Launcher: LauncherAppState inited
12-14 09:07:27.182  1938  1938 W ResourceType: No package identifier when getting value for resource number 0x00000000
12-14 09:07:27.183  1938  1938 W PackageManager: Failure retrieving resources for com.android.settings: Resource ID #0x0
12-14 09:07:27.356  1938  1938 W ResourceType: No package identifier when getting value for resource number 0x00000000
12-14 09:07:27.356  1938  1938 W PackageManager: Failure retrieving resources for com.cyanogenmod.filemanager: Resource ID #0x0
12-14 09:07:27.362  1938  1957 I art     : Background sticky concurrent mark sweep GC freed 3400(201KB) AllocSpace objects, 0(0B) LOS objects, 1% free, 3MB/3MB, paused 295us total 130.758ms
12-14 09:07:27.417  1938  1938 W ResourceType: No package identifier when getting value for resource number 0x00000000
12-14 09:07:27.417  1938  1938 W PackageManager: Failure retrieving resources for com.android.settings: Resource ID #0x0
12-14 09:07:27.431  2021  2021 D Launcher.Model: Old launcher provider: content://com.android.launcher2.settings/favorites?notify=true
12-14 09:07:27.431  2021  2021 D Launcher.Model: Old launcher provider does not exist.
12-14 09:07:27.444  2021  2021 W Launcher: setApplicationContext called twice! old=com.android.launcher3.LauncherApplication@312c3f9 new=com.android.launcher3.LauncherApplication@312c3f9
12-14 09:07:27.499  1938  1938 W ResourceType: No package identifier when getting value for resource number 0x00000000
12-14 09:07:27.499  1938  1938 W PackageManager: Failure retrieving resources for com.popcap.pvz2cthdbddk: Resource ID #0x0
12-14 09:07:27.559  1999  1999 D TelephonyProvider: dbh.onOpen: ok, queried table=siminfo
12-14 09:07:27.559  1999  1999 D TelephonyProvider: dbh.onOpen: ok, queried table=carriers
12-14 09:07:27.695  2137  2156 I ContactLocale: AddressBook Labels [en-US]: [, A, B, C, D, E, F, G, H, I, J, K, L, M, N, O, P, Q, R, S, T, U, V, W, X, Y, Z, , , , , , , , , , , , , , , , , , , , , , , , , , , , , , , , , , , , , , , , , , , , , , , , , , , , , , , , , , , , , , , , , , , , , , , , , , , , , , , , , , , , , , , , , , , , , , , , , , , , , , , , , , , , , , , , , , , , , , , , , , , , , , , , , , , , , , , , , , , , , , , , , , , , , , , , , , , , , , , , , , , , , , , , , , , , , , , , , , , , , , , , , , , , #, ]
12-14 09:07:27.724  1829  1855 W WindowManager: Window freeze timeout expired.
12-14 09:07:27.724  1829  1855 W WindowManager: Force clearing orientation change: Window{3e8d80cc u0 KeyguardScrim}
12-14 09:07:27.801  1999  2196 E DcSwitchStateMachine-0: DctController is not ready
12-14 09:07:27.803  1829  1884 E ConnectivityService: Failed to find Messenger in unregisterNetworkFactory
12-14 09:07:27.804  1829  1884 D ConnectivityService: Got NetworkFactory Messenger for Telephony
12-14 09:07:27.819  1999  2018 I art     : Background sticky concurrent mark sweep GC freed 4334(330KB) AllocSpace objects, 0(0B) LOS objects, 9% free, 2MB/3MB, paused 10.938ms total 114.688ms
12-14 09:07:27.828  1829  1854 D BluetoothManagerService: Message: 20
12-14 09:07:27.828  1829  1854 D BluetoothManagerService: Added callback: android.bluetooth.IBluetoothManagerCallback$Stub$Proxy@3a7002f5:true
12-14 09:07:27.829  1829  1854 D BluetoothManagerService: Message: 30
12-14 09:07:27.829  1829  2055 D BluetoothManagerService: Trying to bind to profile: 1, while Bluetooth was disabled
12-14 09:07:27.947  1999  1999 W TelecomManager: Telecom Service not found.
12-14 09:07:27.948  1999  1999 I Telephony: TtyManager: updateUiTtyMode -1 -> 0
12-14 09:07:27.958  1938  1938 D VolumeUI: Registering volume controller
12-14 09:07:27.978  1999  1999 D TelephonyDebugService: TelephonyDebugService()
12-14 09:07:27.990  1829  1883 D WifiService: New client listening to asynchronous messages
12-14 09:07:27.996  1999  1999 W TelecomManager: Telecom Service not found.
12-14 09:07:27.997  1999  1999 I Telephony: PstnIncomingCallNotifier: Registering: Handler (com.android.internal.telephony.gsm.GSMPhone) {20ebe4b2}
12-14 09:07:27.997  1999  1999 W TelecomManager: Telecom Service not found.
12-14 09:07:27.999  1938  1938 V KeyguardUpdateMonitor: action android.intent.action.SIM_STATE_CHANGED state: NOT_READY slotId: 0 subid: -2
12-14 09:07:28.019  1829  1846 I StatusBarManagerService: registerStatusBar bar=com.android.internal.statusbar.IStatusBar$Stub$Proxy@c9c6e63
12-14 09:07:28.206  1918  1918 I art     : System.exit called, status: 0
12-14 09:07:28.207  1918  1918 I AndroidRuntime: VM exiting with result code 0, cleanup skipped.
12-14 09:07:28.221  1829  1854 D BluetoothManagerService: Message: 300
12-14 09:07:28.221  1829  1854 D BluetoothManagerService: MESSAGE_USER_SWITCHED
12-14 09:07:28.223  1546  1868 D PermissionCache: checking android.permission.HARDWARE_TEST for uid=1000 => granted (81 us)
12-14 09:07:28.224  1554  1554 D BlueZ   : external/bluetooth/bluez/android/hal-audio.c:audio_set_mic_mute() 
12-14 09:07:28.229  1829  1829 V BackupManagerService: Connected to transport ComponentInfo{android/com.android.internal.backup.LocalTransportService}
12-14 09:07:28.229  1829  1829 V BackupManagerService: Registering transport android/com.android.internal.backup.LocalTransportService::android/com.android.internal.backup.LocalTransport = android.app.backup.BackupTransport$TransportImpl@17721578
12-14 09:07:28.237  1902  1902 I art     : System.exit called, status: 0
12-14 09:07:28.237  1902  1902 I AndroidRuntime: VM exiting with result code 0, cleanup skipped.
12-14 09:07:28.265  1970  1970 W InputAttributes: No editor info for this field. Bug?
12-14 09:07:28.273  1829  1829 I Choreographer: Skipped 152 frames!  The application may be doing too much work on its main thread.
12-14 09:07:28.281  1829  1829 D BluetoothManagerService: Trying to bind to profile: 1, while Bluetooth was disabled
12-14 09:07:28.281  1829  1854 D BluetoothManagerService: Message: 30
12-14 09:07:28.282  1829  1849 D GpsLocationProvider: received SIM realted action: 
12-14 09:07:28.283  1829  1829 D GpsLocationProvider: received SIM realted action: 
12-14 09:07:28.283  1829  1849 D GpsLocationProvider: SIM MCC/MNC is still not available
12-14 09:07:28.283  1829  1829 D GpsLocationProvider: SIM MCC/MNC is still not available
12-14 09:07:28.298  1829  1829 I FusedLocation: engine started (com.android.location.fused)
12-14 09:07:28.304  2021  2021 W ResourceType: Attempt to retrieve bag 0x7f0d0008 which is invalid or in a cycle.
12-14 09:07:28.360  1970  2210 I LatinIME:LogUtils: Dictionary info: dictionary = UserHistoryDictionary.en_US ; version = 1450084048 ; date = ?
12-14 09:07:28.360  1970  2214 I LatinIME:LogUtils: Dictionary info: dictionary = ContextualDictionary.en_US ; version = 1450084048 ; date = ?
12-14 09:07:28.360  1970  2212 I LatinIME:LogUtils: Dictionary info: dictionary = userunigram.en_US ; version = 1450084048 ; date = ?
12-14 09:07:28.360  1970  2211 I LatinIME:LogUtils: Dictionary info: dictionary = PersonalizationDictionary.en_US ; version = 1450084048 ; date = ?
12-14 09:07:28.360  1970  2213 I LatinIME:LogUtils: Dictionary info: dictionary = contacts.en_US ; version = 1450084048 ; date = ?
12-14 09:07:28.361  1970  2211 I LatinIME:LogUtils: Dictionary info: dictionary = PersonalizationDictionary.en_US ; version = 1450084048 ; date = ?
12-14 09:07:28.361  1970  2211 I LatinIME:LogUtils: Dictionary info: dictionary = PersonalizationDictionary.en_US ; version = 1450084048 ; date = ?
12-14 09:07:28.469  1829  2200 I art     : Explicit concurrent mark sweep GC freed 17924(1215KB) AllocSpace objects, 10(155KB) LOS objects, 33% free, 8MB/12MB, paused 297us total 20.788ms
12-14 09:07:28.519  2021  2038 I art     : Background sticky concurrent mark sweep GC freed 3041(348KB) AllocSpace objects, 2(32KB) LOS objects, 12% free, 2MB/3MB, paused 1.050ms total 209.401ms
12-14 09:07:28.521  1999  2220 D SIP     : [SipSharedPreferences] isReceivingCallsEnabled, option not set; use default value, exception: android.provider.Settings$SettingNotFoundException: sip_receive_calls
12-14 09:07:28.538  1829  1846 I ActivityManager: Start proc 2222:com.android.music/u0a49 for broadcast com.android.music/.MediaButtonIntentReceiver
12-14 09:07:28.542  1557  1557 I art     : Explicit concurrent mark sweep GC freed 706(30KB) AllocSpace objects, 0(0B) LOS objects, 39% free, 1950KB/3MB, paused 40us total 3.822ms
12-14 09:07:28.547  1557  1557 I art     : Explicit concurrent mark sweep GC freed 5(160B) AllocSpace objects, 0(0B) LOS objects, 39% free, 1950KB/3MB, paused 62us total 5.430ms
12-14 09:07:28.553  1557  1557 I art     : Explicit concurrent mark sweep GC freed 5(160B) AllocSpace objects, 0(0B) LOS objects, 39% free, 1950KB/3MB, paused 39us total 5.126ms
12-14 09:07:28.601  2021  2021 W Launcher: setApplicationContext called twice! old=com.android.launcher3.LauncherApplication@312c3f9 new=com.android.launcher3.LauncherApplication@312c3f9
12-14 09:07:28.609  2021  2241 D OpenGLRenderer: Use EGL_SWAP_BEHAVIOR_PRESERVED: true
12-14 09:07:28.610  2021  2021 I GRALLOC-DRM: create intel for driver i915
12-14 09:07:28.611  2021  2021 D Atlas   : Validating map...
12-14 09:07:28.613  1829  1962 V WindowManager: Based on layer: Adding window Window{3990bf08 u0 com.android.launcher3/com.android.launcher3.Launcher} at 0 of 1
12-14 09:07:28.647  1970  2215 I LatinIME:LogUtils: Dictionary info: dictionary = main:en ; version = 47 ; date = 1402373178
12-14 09:07:28.687  2021  2241 I EGL-DRI2: DRI2: found extension DRI_Core version 1
12-14 09:07:28.687  2021  2241 I EGL-DRI2: DRI2: found extension DRI_DRI2 version 4
12-14 09:07:28.694  2021  2241 I EGL-DRI2: DRI2: found extension DRI_TexBuffer version 3
12-14 09:07:28.694  2021  2241 I EGL-DRI2: DRI2: found extension DRI2_Flush version 4
12-14 09:07:28.694  2021  2241 I EGL-DRI2: DRI2: found extension DRI_IMAGE version 11
12-14 09:07:28.694  2021  2241 I OpenGLRenderer: Initialized EGL, version 1.4
12-14 09:07:28.728  2021  2187 D Launcher.Model: 11683562 - loadWorkspace()
12-14 09:07:28.728  2021  2187 D Launcher.Model: 11683562 -   loadedOldDb: false
12-14 09:07:28.779  2021  2241 W OpenGLRenderer: Failed to choose config with EGL_SWAP_BEHAVIOR_PRESERVED, retrying without...
12-14 09:07:28.783  2021  2241 D OpenGLRenderer: Enabling debug mode 0
12-14 09:07:28.827  1938  1957 I art     : Background sticky concurrent mark sweep GC freed 26885(1559KB) AllocSpace objects, 0(0B) LOS objects, 18% free, 6MB/8MB, paused 194us total 176.511ms
12-14 09:07:28.837  1829  1846 I ActivityManager: Start proc 2243:android.process.media/u0a0 for content provider com.android.providers.media/.MediaProvider
12-14 09:07:28.837  1829  1855 I ActivityManager: Displayed com.android.launcher3/.Launcher: +3s327ms
12-14 09:07:28.838  1829  1850 V KeyguardServiceDelegate: *** Keyguard started
12-14 09:07:28.838  1829  1850 W KeyguardServiceDelegate: onScreenTurnedOn(): no keyguard service!
12-14 09:07:28.838  1829  1850 D KbdSensor: poll_activate: dev=0x7f93cc866680 handle=0 enabled=1
12-14 09:07:28.838  1829  1850 D KbdSensor: poll_setDelay: dev=0x7f93cc866680 delay-ns=66667000
12-14 09:07:28.841  1829  1883 D WifiService: New client listening to asynchronous messages
12-14 09:07:28.845  1829  1854 D BluetoothManagerService: Message: 20
12-14 09:07:28.845  1829  1854 D BluetoothManagerService: Added callback: android.bluetooth.IBluetoothManagerCallback$Stub$Proxy@3afdef4e:true
12-14 09:07:28.846  1938  1938 D BluetoothAdapter: 441274267: getState() :  mService = null. Returning STATE_OFF
12-14 09:07:28.846  1938  2252 D BluetoothAdapter: 441274267: getState() :  mService = null. Returning STATE_OFF
12-14 09:07:28.846  1829  1854 D BluetoothManagerService: Message: 30
12-14 09:07:28.847  1829  1854 D BluetoothManagerService: Message: 30
12-14 09:07:28.848  1938  1938 E BluetoothA2dpSink: Could not bind to Bluetooth A2DP Service with Intent { act=android.bluetooth.IBluetoothA2dpSink }
12-14 09:07:28.848  1829  1854 D BluetoothManagerService: Message: 30
12-14 09:07:28.848  1938  1938 E BluetoothAvrcpController: Could not bind to Bluetooth AVRCP Controller Service with Intent { act=android.bluetooth.IBluetoothAvrcpController }
12-14 09:07:28.848  1829  1854 D BluetoothManagerService: Message: 30
12-14 09:07:28.848  1829  2200 D BluetoothManagerService: Trying to bind to profile: 1, while Bluetooth was disabled
12-14 09:07:28.849  1829  1854 D BluetoothManagerService: Message: 30
12-14 09:07:28.849  1938  1938 E BluetoothHeadsetClient: Could not bind to Bluetooth Headset Client Service with Intent { act=android.bluetooth.IBluetoothHeadsetClient }
12-14 09:07:28.849  1829  1854 D BluetoothManagerService: Message: 30
12-14 09:07:28.860  2021  2187 D Launcher.Model: 11683562 - loadWorkspaceScreensDb()
12-14 09:07:28.951  2021  2187 D Launcher.Model: 11683562 -   screens: { 0: 3 }
12-14 09:07:28.951  2021  2187 D Launcher.Model: 11683562 -   sBgWorkspaceScreens: 3
12-14 09:07:28.964  2021  2021 D Launcher: 11683562 - bindAddScreens()
12-14 09:07:28.964  2021  2021 D Launcher: 11683562 -   orderedScreenIds: 3
12-14 09:07:28.964  2021  2021 D Launcher.Workspace: 11683562 - insertNewWorkspaceScreen(): 3 at index: 0
12-14 09:07:28.971  1938  1938 D BluetoothMap: Create BluetoothMap proxy object
12-14 09:07:28.971  1829  1854 D BluetoothManagerService: Message: 30
12-14 09:07:28.972  1829  1854 D BluetoothManagerService: Message: 30
12-14 09:07:28.974  1829  1845 D ConnectivityService: listenForNetwork for NetworkRequest [ id=2, legacyType=-1, [] ]
12-14 09:07:28.977  1938  1938 I CameraManagerGlobal: getCameraService: Reconnecting to camera service
12-14 09:07:28.989  1938  2266 D BluetoothAdapter: 441274267: getState() :  mService = null. Returning STATE_OFF
12-14 09:07:28.989  1938  2266 D BluetoothAdapter: 441274267: getState() :  mService = null. Returning STATE_OFF
12-14 09:07:28.989  1938  2266 D BluetoothAdapter: 441274267: getState() :  mService = null. Returning STATE_OFF
12-14 09:07:28.989  1938  2266 D BluetoothAdapter: 441274267: getState() :  mService = null. Returning STATE_OFF
12-14 09:07:28.993  1938  2268 D OpenGLRenderer: Use EGL_SWAP_BEHAVIOR_PRESERVED: true
12-14 09:07:28.994  1938  1938 I GRALLOC-DRM: create intel for driver i915
12-14 09:07:28.994  1938  1938 D Atlas   : Validating map...
12-14 09:07:28.996  1938  1938 D PhoneStatusBar: disable: < EXPAND* icons alerts system_info BACK* HOME* RECENT* clock SEARCH* >
12-14 09:07:29.004  1938  1938 D BluetoothAdapter: 441274267: getState() :  mService = null. Returning STATE_OFF
12-14 09:07:29.004  1938  1938 D BluetoothAdapter: 441274267: getState() :  mService = null. Returning STATE_OFF
12-14 09:07:29.007  1938  1938 D PhoneStatusBar: heads up is enabled
12-14 09:07:29.008  1938  1938 D KeyguardUpdateMonitor: handleSimStateChange(subId=-2, slotId=0, state=UNKNOWN)
12-14 09:07:29.008  1938  1938 W KeyguardUpdateMonitor: invalid subId in handleSimStateChange()
12-14 09:07:29.008  1938  1938 V KeyguardUpdateMonitor: onSubscriptionInfoChanged()
12-14 09:07:29.009  1938  1938 V KeyguardUpdateMonitor: onSubscriptionInfoChanged: list is null
12-14 09:07:29.009  1938  1938 I Choreographer: Skipped 59 frames!  The application may be doing too much work on its main thread.
12-14 09:07:29.010  1938  1938 D ViewRootImpl: changeCanvasOpacity: opaque=true
12-14 09:07:29.033  1938  2268 I EGL-DRI2: DRI2: found extension DRI_Core version 1
12-14 09:07:29.033  1938  2268 I EGL-DRI2: DRI2: found extension DRI_DRI2 version 4
12-14 09:07:29.037  1938  2268 I EGL-DRI2: DRI2: found extension DRI_TexBuffer version 3
12-14 09:07:29.037  1938  2268 I EGL-DRI2: DRI2: found extension DRI2_Flush version 4
12-14 09:07:29.037  1938  2268 I EGL-DRI2: DRI2: found extension DRI_IMAGE version 11
12-14 09:07:29.037  1938  2268 I OpenGLRenderer: Initialized EGL, version 1.4
12-14 09:07:29.037  1938  2268 W OpenGLRenderer: Failed to choose config with EGL_SWAP_BEHAVIOR_PRESERVED, retrying without...
12-14 09:07:29.038  1938  2268 D OpenGLRenderer: Enabling debug mode 0
12-14 09:07:29.053  2243  2243 E SQLiteLog: (283) recovered 59 frames from WAL file /data/user/0/com.android.providers.media/databases/external.db-wal
12-14 09:07:29.157  2021  2187 W ResourceType: No package identifier when getting value for resource number 0x00000000
12-14 09:07:29.157  2021  2187 W ResourceType: No package identifier when getting value for resource number 0x00000000
12-14 09:07:29.157  2021  2187 W PackageManager: Failure retrieving resources for com.example.android.rssreader: Resource ID #0x0
12-14 09:07:29.157  2021  2187 W ResourceType: No package identifier when getting value for resource number 0x00000000
12-14 09:07:29.157  2021  2187 W PackageManager: Failure retrieving resources for com.example.android.rssreader: Resource ID #0x0
12-14 09:07:29.158  2021  2187 W ResourceType: No package identifier when getting value for resource number 0x00000000
12-14 09:07:29.158  2021  2187 W ResourceType: No package identifier when getting value for resource number 0x00000000
12-14 09:07:29.158  2021  2187 W PackageManager: Failure retrieving resources for com.android.speechrecorder: Resource ID #0x0
12-14 09:07:29.158  2021  2187 W ResourceType: No package identifier when getting value for resource number 0x00000000
12-14 09:07:29.158  2021  2187 W PackageManager: Failure retrieving resources for com.android.speechrecorder: Resource ID #0x0
12-14 09:07:29.300  1829  1829 V KeyguardServiceDelegate: *** Keyguard connected (yay!)
12-14 09:07:29.300  1829  1883 D WifiService: New client listening to asynchronous messages
12-14 09:07:29.312  1829  1850 I ActivityManager: Start proc 2273:com.halfbrick.fruitninja/u0a54 for broadcast com.halfbrick.fruitninja/cn.egame.terminal.sdk.EgameCoreReceiver
12-14 09:07:29.322  1938  1938 D OpenGLRenderer: setting property extraRasterBucket to 0.95
12-14 09:07:29.322  1938  1938 D OpenGLRenderer:     failed
12-14 09:07:29.322  1938  1938 D OpenGLRenderer: setting property extraRasterBucket to 0.0
12-14 09:07:29.322  1938  1938 D OpenGLRenderer:     failed
12-14 09:07:29.353  1829  2055 V KeyguardServiceDelegate: **** SHOWN CALLED ****
12-14 09:07:29.353  1546  1796 I SurfaceFlinger: Boot is finished (44684 ms)
12-14 09:07:29.381  1938  1938 D PhoneStatusBar: disable: < expand* icons alerts system_info back* home* recent* clock search* >
12-14 09:07:29.449  2273  2273 D houdini : [2273] Initialize library(version: 5.2.2_y.47738 RELEASE)... successfully.
12-14 09:07:29.462  1555  1555 E installd: Unable to unlink boot marker at /data/dalvik-cache/arm64/.booting, error=No such file or directory
12-14 09:07:29.462  1829  1855 E ActivityManager: Unable to mark boot complete for abi: arm64-v8a
12-14 09:07:29.463  1555  1555 E installd: Unable to unlink boot marker at /data/dalvik-cache/arm/.booting, error=No such file or directory
12-14 09:07:29.463  1829  1855 E ActivityManager: Unable to mark boot complete for abi: armeabi-v7a
12-14 09:07:29.463  1829  1855 I SystemServiceManager: Starting phase 1000
12-14 09:07:29.465  2293  2293 W linker  : [vdso]: unused DT entry: type 0x6ffffef5 arg 0x160
12-14 09:07:29.466  2294  2294 W linker  : [vdso]: unused DT entry: type 0x6ffffef5 arg 0x160
12-14 09:07:29.466  2293  2293 I sh      : WARNING: linker: [vdso]: unused DT entry: type 0x6ffffef5 arg 0x160
12-14 09:07:29.469  2293  2293 I sh      : + hw_sh=/vendor/etc/init.sh 
12-14 09:07:29.469  2293  2293 I sh      : + '[' -e /vendor/etc/init.sh ']'
12-14 09:07:29.469  2293  2293 I sh      : + do_bootcomplete
12-14 09:07:29.469  2293  2293 I sh      : + init_cpu_governor
12-14 09:07:29.469  2293  2293 I sh      : + getprop cpu.governor
12-14 09:07:29.470  2298  2298 W linker  : [vdso]: unused DT entry: type 0x6ffffef5 arg 0x160
12-14 09:07:29.470  2293  2293 I sh      : WARNING: linker: [vdso]: unused DT entry: type 0x6ffffef5 arg 0x160
12-14 09:07:29.471  2293  2293 I sh      : + governor= 
12-14 09:07:29.471  2293  2293 I sh      : + '[' ']'
12-14 09:07:29.471  2293  2293 I sh      : + getprop persist.sys.root_access
12-14 09:07:29.472  2299  2299 W linker  : [vdso]: unused DT entry: type 0x6ffffef5 arg 0x160
12-14 09:07:29.472  2293  2293 I sh      : WARNING: linker: [vdso]: unused DT entry: type 0x6ffffef5 arg 0x160
12-14 09:07:29.472  2293  2293 I sh      : + '[' -z 3 ']'
12-14 09:07:29.472  2293  2293 I sh      : + getprop debug.mesa.driver
12-14 09:07:29.474  2300  2300 W linker  : [vdso]: unused DT entry: type 0x6ffffef5 arg 0x160
12-14 09:07:29.474  2293  2293 I sh      : WARNING: linker: [vdso]: unused DT entry: type 0x6ffffef5 arg 0x160
12-14 09:07:29.474  2293  2293 I sh      : + '['  '=' i965 ']'
12-14 09:07:29.474  2293  2293 I sh      : + lsmod
12-14 09:07:29.474  2293  2293 I sh      : + grep -e brcmfmac
12-14 09:07:29.475  2302  2302 W linker  : [vdso]: unused DT entry: type 0x6ffffef5 arg 0x160
12-14 09:07:29.475  2293  2293 I sh      : WARNING: linker: [vdso]: unused DT entry: type 0x6ffffef5 arg 0x160
12-14 09:07:29.476  2293  2293 I sh      : + grep '\[.*\]' /proc/asound/cards
12-14 09:07:29.476  2293  2293 I sh      : + awk '{print $1}'
12-14 09:07:29.477  2303  2303 W linker  : [vdso]: unused DT entry: type 0x6ffffef5 arg 0x160
12-14 09:07:29.477  2293  2293 I sh      : WARNING: linker: [vdso]: unused DT entry: type 0x6ffffef5 arg 0x160
12-14 09:07:29.478  2304  2304 W linker  : [vdso]: unused DT entry: type 0x6ffffef5 arg 0x160
12-14 09:07:29.478  2293  2293 I sh      : WARNING: linker: [vdso]: unused DT entry: type 0x6ffffef5 arg 0x160
12-14 09:07:29.478  2293  2293 I sh      : + cat /proc/asound/card0/id
12-14 09:07:29.478  2293  2293 I sh      : + f=/system/etc/alsa/PCH.state 
12-14 09:07:29.478  2293  2293 I sh      : + '[' -e /system/etc/alsa/PCH.state ']'
12-14 09:07:29.514  2293  2293 I sh      : + alsa_ctl init 0
12-14 09:07:29.567  2306  2306 W linker  : [vdso]: unused DT entry: type 0x6ffffef5 arg 0xec
12-14 09:07:29.567  2293  2293 I sh      : WARNING: linker: [vdso]: unused DT entry: type 0x6ffffef5 arg 0xec
12-14 09:07:29.592  2293  2293 I sh      : Found hardware: "HDA-Intel" "Realtek ALC662 rev1" "HDA:10ec0662,1b505608,00100101 HDA:80862806,80860101,00100000" "0x8086" "0x1e20"
12-14 09:07:29.592  2293  2293 I sh      : Hardware is initialized using a generic method
12-14 09:07:29.593  2293  2293 I sh      : + alsa_amixer -c 0 set Master on
12-14 09:07:29.669  2307  2307 W linker  : [vdso]: unused DT entry: type 0x6ffffef5 arg 0xec
12-14 09:07:29.669  2293  2293 I sh      : WARNING: linker: [vdso]: unused DT entry: type 0x6ffffef5 arg 0xec
12-14 09:07:29.671  2293  2293 I sh      : Simple mixer control 'Master',0
12-14 09:07:29.671  2293  2293 I sh      :   Capabilities: pvolume pvolume-joined pswitch pswitch-joined penum
12-14 09:07:29.671  2293  2293 I sh      :   Playback channels: Mono
12-14 09:07:29.671  2293  2293 I sh      :   Limits: Playback 0 - 64
12-14 09:07:29.671  2293  2293 I sh      :   Mono: Playback 44 [69%] [-20.00dB] [on]
12-14 09:07:29.671  2293  2293 I sh      : + alsa_amixer -c 0 set Master 100%
12-14 09:07:29.672  2309  2309 W linker  : [vdso]: unused DT entry: type 0x6ffffef5 arg 0xec
12-14 09:07:29.672  2293  2293 I sh      : WARNING: linker: [vdso]: unused DT entry: type 0x6ffffef5 arg 0xec
12-14 09:07:29.675  2293  2293 I sh      : Simple mixer control 'Master',0
12-14 09:07:29.675  2293  2293 I sh      :   Capabilities: pvolume pvolume-joined pswitch pswitch-joined penum
12-14 09:07:29.675  2293  2293 I sh      :   Playback channels: Mono
12-14 09:07:29.675  2293  2293 I sh      :   Limits: Playback 0 - 64
12-14 09:07:29.675  2293  2293 I sh      :   Mono: Playback 64 [100%] [0.00dB] [on]
12-14 09:07:29.675  2293  2293 I sh      : + alsa_amixer -c 0 set Headphone on
12-14 09:07:29.676  2310  2310 W linker  : [vdso]: unused DT entry: type 0x6ffffef5 arg 0xec
12-14 09:07:29.676  2293  2293 I sh      : WARNING: linker: [vdso]: unused DT entry: type 0x6ffffef5 arg 0xec
12-14 09:07:29.678  2293  2293 I sh      : Simple mixer control 'Headphone',0
12-14 09:07:29.678  2293  2293 I sh      :   Capabilities: pvolume pswitch penum
12-14 09:07:29.678  2293  2293 I sh      :   Playback channels: Front Left - Front Right
12-14 09:07:29.678  2293  2293 I sh      :   Limits: Playback 0 - 64
12-14 09:07:29.678  2293  2293 I sh      :   Mono:
12-14 09:07:29.678  2293  2293 I sh      :   Front Left: Playback 64 [100%] [0.00dB] [on]
12-14 09:07:29.678  2293  2293 I sh      :   Front Right: Playback 64 [100%] [0.00dB] [on]
12-14 09:07:29.678  2293  2293 I sh      : + alsa_amixer -c 0 set Headphone 100%
12-14 09:07:29.679  2311  2311 W linker  : [vdso]: unused DT entry: type 0x6ffffef5 arg 0xec
12-14 09:07:29.679  2293  2293 I sh      : WARNING: linker: [vdso]: unused DT entry: type 0x6ffffef5 arg 0xec
12-14 09:07:29.680  2293  2293 I sh      : Simple mixer control 'Headphone',0
12-14 09:07:29.680  2293  2293 I sh      :   Capabilities: pvolume pswitch penum
12-14 09:07:29.680  2293  2293 I sh      :   Playback channels: Front Left - Front Right
12-14 09:07:29.680  2293  2293 I sh      :   Limits: Playback 0 - 64
12-14 09:07:29.680  2293  2293 I sh      :   Mono:
12-14 09:07:29.680  2293  2293 I sh      :   Front Left: Playback 64 [100%] [0.00dB] [on]
12-14 09:07:29.680  2293  2293 I sh      :   Front Right: Playback 64 [100%] [0.00dB] [on]
12-14 09:07:29.681  2293  2293 I sh      : + alsa_amixer -c 0 set Speaker 100%
12-14 09:07:29.681  2312  2312 W linker  : [vdso]: unused DT entry: type 0x6ffffef5 arg 0xec
12-14 09:07:29.681  2293  2293 I sh      : WARNING: linker: [vdso]: unused DT entry: type 0x6ffffef5 arg 0xec
12-14 09:07:29.683  2293  2293 I sh      : Simple mixer control 'Speaker',0
12-14 09:07:29.683  2293  2293 I sh      :   Capabilities: pvolume pswitch penum
12-14 09:07:29.683  2293  2293 I sh      :   Playback channels: Front Left - Front Right
12-14 09:07:29.683  2293  2293 I sh      :   Limits: Playback 0 - 64
12-14 09:07:29.683  2293  2293 I sh      :   Mono:
12-14 09:07:29.683  2293  2293 I sh      :   Front Left: Playback 64 [100%] [0.00dB] [on]
12-14 09:07:29.683  2293  2293 I sh      :   Front Right: Playback 64 [100%] [0.00dB] [on]
12-14 09:07:29.683  2293  2293 I sh      : + alsa_amixer -c 0 set Capture 100%
12-14 09:07:29.684  2313  2313 W linker  : [vdso]: unused DT entry: type 0x6ffffef5 arg 0xec
12-14 09:07:29.684  2293  2293 I sh      : WARNING: linker: [vdso]: unused DT entry: type 0x6ffffef5 arg 0xec
12-14 09:07:29.686  2293  2293 I sh      : Simple mixer control 'Capture',0
12-14 09:07:29.686  2293  2293 I sh      :   Capabilities: cvolume cswitch penum
12-14 09:07:29.686  2293  2293 I sh      :   Capture channels: Front Left - Front Right
12-14 09:07:29.686  2293  2293 I sh      :   Limits: Capture 0 - 31
12-14 09:07:29.686  2293  2293 I sh      :   Front Left: Capture 31 [100%] [33.00dB] [on]
12-14 09:07:29.686  2293  2293 I sh      :   Front Right: Capture 31 [100%] [33.00dB] [on]
12-14 09:07:29.686  2293  2293 I sh      : + alsa_amixer -c 0 set Capture cap
12-14 09:07:29.687  2314  2314 W linker  : [vdso]: unused DT entry: type 0x6ffffef5 arg 0xec
12-14 09:07:29.687  2293  2293 I sh      : WARNING: linker: [vdso]: unused DT entry: type 0x6ffffef5 arg 0xec
12-14 09:07:29.688  2293  2293 I sh      : Simple mixer control 'Capture',0
12-14 09:07:29.689  2293  2293 I sh      :   Capabilities: cvolume cswitch penum
12-14 09:07:29.689  2293  2293 I sh      :   Capture channels: Front Left - Front Right
12-14 09:07:29.689  2293  2293 I sh      :   Limits: Capture 0 - 31
12-14 09:07:29.689  2293  2293 I sh      :   Front Left: Capture 31 [100%] [33.00dB] [on]
12-14 09:07:29.689  2293  2293 I sh      :   Front Right: Capture 31 [100%] [33.00dB] [on]
12-14 09:07:29.689  2293  2293 I sh      : + alsa_amixer -c 0 set PCM 100 unmute
12-14 09:07:29.689  2315  2315 W linker  : [vdso]: unused DT entry: type 0x6ffffef5 arg 0xec
12-14 09:07:29.690  2293  2293 I sh      : WARNING: linker: [vdso]: unused DT entry: type 0x6ffffef5 arg 0xec
12-14 09:07:29.691  2293  2293 I sh      : amixer: Unable to find simple control 'PCM',0
12-14 09:07:29.691  2293  2293 I sh      : + alsa_amixer -c 0 set SPO unmute
12-14 09:07:29.692  2316  2316 W linker  : [vdso]: unused DT entry: type 0x6ffffef5 arg 0xec
12-14 09:07:29.692  2293  2293 I sh      : WARNING: linker: [vdso]: unused DT entry: type 0x6ffffef5 arg 0xec
12-14 09:07:29.694  2293  2293 I sh      : amixer: Unable to find simple control 'SPO',0
12-14 09:07:29.694  2293  2293 I sh      : + alsa_amixer -c 0 set 'Mic Boost' 3
12-14 09:07:29.695  2317  2317 W linker  : [vdso]: unused DT entry: type 0x6ffffef5 arg 0xec
12-14 09:07:29.695  2293  2293 I sh      : WARNING: linker: [vdso]: unused DT entry: type 0x6ffffef5 arg 0xec
12-14 09:07:29.696  2293  2293 I sh      : Simple mixer control 'Mic Boost',0
12-14 09:07:29.696  2293  2293 I sh      :   Capabilities: volume penum
12-14 09:07:29.696  2293  2293 I sh      :   Playback channels: Front Left - Front Right
12-14 09:07:29.696  2293  2293 I sh      :   Capture channels: Front Left - Front Right
12-14 09:07:29.696  2293  2293 I sh      :   Limits: 0 - 3
12-14 09:07:29.696  2293  2293 I sh      :   Front Left: 3 [100%] [30.00dB]
12-14 09:07:29.696  2293  2293 I sh      :   Front Right: 3 [100%] [30.00dB]
12-14 09:07:29.696  2293  2293 I sh      : + alsa_amixer -c 0 set 'Internal Mic Boost' 3
12-14 09:07:29.697  2318  2318 W linker  : [vdso]: unused DT entry: type 0x6ffffef5 arg 0xec
12-14 09:07:29.697  2293  2293 I sh      : WARNING: linker: [vdso]: unused DT entry: type 0x6ffffef5 arg 0xec
12-14 09:07:29.699  2293  2293 I sh      : Simple mixer control 'Internal Mic Boost',0
12-14 09:07:29.699  2293  2293 I sh      :   Capabilities: volume penum
12-14 09:07:29.699  2293  2293 I sh      :   Playback channels: Front Left - Front Right
12-14 09:07:29.699  2293  2293 I sh      :   Capture channels: Front Left - Front Right
12-14 09:07:29.699  2293  2293 I sh      :   Limits: 0 - 3
12-14 09:07:29.699  2293  2293 I sh      :   Front Left: 3 [100%] [30.00dB]
12-14 09:07:29.699  2293  2293 I sh      :   Front Right: 3 [100%] [30.00dB]
12-14 09:07:29.699  2293  2293 I sh      : + return 0
12-14 09:07:29.853  2273  2273 D SkynetApi: onApplicationCreate
12-14 09:07:29.876  2273  2273 D Amigo   : onApplicationCreate
12-14 09:07:29.876  2273  2273 W System.err: java.lang.ClassNotFoundException: com.gionee.game.offlinesdk.GamePlatform
12-14 09:07:29.925  2273  2273 W System.err: 	at java.lang.Class.classForName(Native Method)
12-14 09:07:29.925  2273  2273 W System.err: 	at java.lang.Class.forName(Class.java:309)
12-14 09:07:29.925  2273  2273 W System.err: 	at com.skynet.android.amigo.Amigo.isEnable(SourceFile:27)
12-14 09:07:29.925  2273  2273 W System.err: 	at com.skynet.android.amigo.Amigo.onApplicationCreate(SourceFile:17)
12-14 09:07:29.925  2273  2273 W System.err: 	at java.lang.reflect.Method.invoke(Native Method)
12-14 09:07:29.925  2273  2273 W System.err: 	at java.lang.reflect.Method.invoke(Method.java:372)
12-14 09:07:29.925  2273  2273 W System.err: 	at com.skynet.android.Skynet.invoke(SourceFile:4213)
12-14 09:07:29.925  2273  2273 W System.err: 	at com.skynet.android.Skynet.onApplicationCreate(SourceFile:3691)
12-14 09:07:29.925  2273  2273 W System.err: 	at com.halfbrick.mortar.MortarApplication.onCreate(MortarApplication.java:29)
12-14 09:07:29.925  2273  2273 W System.err: 	at android.app.Instrumentation.callApplicationOnCreate(Instrumentation.java:1012)
12-14 09:07:29.925  2273  2273 W System.err: 	at android.app.ActivityThread.handleBindApplication(ActivityThread.java:4553)
12-14 09:07:29.925  2273  2273 W System.err: 	at android.app.ActivityThread.access$1500(ActivityThread.java:151)
12-14 09:07:29.925  2273  2273 W System.err: 	at android.app.ActivityThread$H.handleMessage(ActivityThread.java:1364)
12-14 09:07:29.925  2273  2273 W System.err: 	at android.os.Handler.dispatchMessage(Handler.java:102)
12-14 09:07:29.925  2273  2273 W System.err: 	at android.os.Looper.loop(Looper.java:135)
12-14 09:07:29.925  2273  2273 W System.err: 	at android.app.ActivityThread.main(ActivityThread.java:5254)
12-14 09:07:29.925  2273  2273 W System.err: 	at java.lang.reflect.Method.invoke(Native Method)
12-14 09:07:29.925  2273  2273 W System.err: 	at java.lang.reflect.Method.invoke(Method.java:372)
12-14 09:07:29.925  2273  2273 W System.err: 	at com.android.internal.os.ZygoteInit$MethodAndArgsCaller.run(ZygoteInit.java:903)
12-14 09:07:29.925  2273  2273 W System.err: 	at com.android.internal.os.ZygoteInit.main(ZygoteInit.java:698)
12-14 09:07:29.925  2273  2273 W System.err: Caused by: java.lang.ClassNotFoundException: Didn't find class "com.gionee.game.offlinesdk.GamePlatform" on path: DexPathList[[zip file "/data/app/com.halfbrick.fruitninja-1/base.apk"],nativeLibraryDirectories=[/data/app/com.halfbrick.fruitninja-1/lib/arm, /vendor/lib, /system/lib]]
12-14 09:07:29.926  2273  2273 W System.err: 	at dalvik.system.BaseDexClassLoader.findClass(BaseDexClassLoader.java:56)
12-14 09:07:29.926  2273  2273 W System.err: 	at java.lang.ClassLoader.loadClass(ClassLoader.java:511)
12-14 09:07:29.926  2273  2273 W System.err: 	at java.lang.ClassLoader.loadClass(ClassLoader.java:469)
12-14 09:07:29.926  2273  2273 W System.err: 	... 20 more
12-14 09:07:29.926  2273  2273 W System.err: 	Suppressed: java.lang.ClassNotFoundException: com.gionee.game.offlinesdk.GamePlatform
12-14 09:07:29.926  2273  2273 W System.err: 		at java.lang.Class.classForName(Native Method)
12-14 09:07:29.926  2273  2273 W System.err: 		at java.lang.BootClassLoader.findClass(ClassLoader.java:781)
12-14 09:07:29.926  2273  2273 W System.err: 		at java.lang.BootClassLoader.loadClass(ClassLoader.java:841)
12-14 09:07:29.926  2273  2273 W System.err: 		at java.lang.ClassLoader.loadClass(ClassLoader.java:504)
12-14 09:07:29.926  2273  2273 W System.err: 		... 21 more
12-14 09:07:29.926  2273  2273 W System.err: 	Caused by: java.lang.NoClassDefFoundError: Class not found using the boot class loader; no stack available
12-14 09:07:29.937  1829  1962 W ActivityManager: getRunningAppProcesses: caller 10054 does not hold REAL_GET_TASKS; limiting output
12-14 09:07:30.258  2273  2273 D houdini : [2273] Added shared library /data/app/com.halfbrick.fruitninja-1/lib/arm/libmegjb.so for ClassLoader by Native Bridge.
12-14 09:07:30.571  2273  2273 D houdini : [2273] Added shared library /data/data/com.halfbrick.fruitninja/files/libmegbpp_02.02.16_01.so for ClassLoader by Native Bridge.
12-14 09:07:30.703  2321  2321 W linker  : [vdso]: unused DT entry: type 0x6ffffef5 arg 0x160
12-14 09:07:31.588  2333  2333 W linker  : [vdso]: unused DT entry: type 0x6ffffef5 arg 0xec
12-14 09:07:31.590  2333  2333 E cutils-trace: Error opening trace file: Permission denied (13)
12-14 09:07:31.590  2333  2333 I dex2oat : /system/bin/dex2oat --runtime-arg -classpath --runtime-arg  --instruction-set=x86 --instruction-set-features=default --runtime-arg -Xrelocate --boot-image=/system/framework/boot.art --dex-file=/data/data/com.halfbrick.fruitninja/appsdk0_.dex --oat-fd=28 --oat-location=/data/data/com.halfbrick.fruitninja/files/appsdk0_.dex --runtime-arg -Xms64m --runtime-arg -Xmx512m --compiler-filter=interpret-only
12-14 09:07:31.860  2333  2333 I dex2oat : dex2oat took 260.266ms (threads: 4) arena alloc=0B java alloc=2MB native alloc=497KB free=7MB
12-14 09:07:31.980  2273  2273 I idsyconfig: load megjb ok
12-14 09:07:31.980  2273  2273 I idskyApi: onApplicationCreateidskyApi
12-14 09:07:31.981  2273  2273 I PaymentPlugin: onApplicationCreate  PaymentPlugin
12-14 09:07:32.008  2273  2273 I cc      : Cu onApplicationCreate Start
12-14 09:07:32.041  1829  1962 W ActivityManager: getRunningAppProcesses: caller 10054 does not hold REAL_GET_TASKS; limiting output
12-14 09:07:32.042  2273  2273 I unipaysdk: pid:2273 process:com.halfbrick.fruitninja
12-14 09:07:32.113  2273  2273 E unipaysdk: unipaysdk:rc(0/1), s(true)
12-14 09:07:32.114  2273  2273 E unipaysdk: unipaysdk:abi(armeabi-v7a)
12-14 09:07:32.115  2273  2273 E unipaysdk: unipaysdk:cpu_abi:armeabi-v7a
12-14 09:07:32.160  2273  2273 D houdini : [2273] Added shared library /data/data/com.halfbrick.fruitninja/.ulibs/decrypt.so for ClassLoader by Native Bridge.
12-14 09:07:32.161  2273  2273 E unipaysdk: unipaysdk:abi(armeabi-v7a)
12-14 09:07:32.179  2273  2273 D houdini : [2273] Added shared library /data/data/com.halfbrick.fruitninja/.ulibs/libunicomsdk.so for ClassLoader by Native Bridge.
12-14 09:07:32.181  2273  2273 E unipaysdk: unipaysdk:result.1: 1
12-14 09:07:32.181  2273  2273 I cc      : Cu onApplicationCreate finish
12-14 09:07:32.181  2273  2273 W System.err: java.lang.ClassNotFoundException: com.idsky.android.cu.net.UnicomOnlinePlugin
12-14 09:07:32.181  2273  2273 W System.err: 	at java.lang.Class.classForName(Native Method)
12-14 09:07:32.181  2273  2273 W System.err: 	at java.lang.Class.forName(Class.java:309)
12-14 09:07:32.181  2273  2273 W System.err: 	at java.lang.Class.forName(Class.java:273)
12-14 09:07:32.181  2273  2273 W System.err: 	at com.idsky.android.frame.PaymentPlugin.onApplicationCreate(SourceFile:131)
12-14 09:07:32.182  2273  2273 W System.err: 	at java.lang.reflect.Method.invoke(Native Method)
12-14 09:07:32.182  2273  2273 W System.err: 	at java.lang.reflect.Method.invoke(Method.java:372)
12-14 09:07:32.182  2273  2273 W System.err: 	at com.idsky.android.Idsky.onApplicationCreate(SourceFile:1389)
12-14 09:07:32.182  2273  2273 W System.err: 	at java.lang.reflect.Method.invoke(Native Method)
12-14 09:07:32.182  2273  2273 W System.err: 	at java.lang.reflect.Method.invoke(Method.java:372)
12-14 09:07:32.182  2273  2273 W System.err: 	at com.skynet.android.Skynet.invoke(SourceFile:4213)
12-14 09:07:32.182  2273  2273 W System.err: 	at com.skynet.android.Skynet.onApplicationCreate(SourceFile:3694)
12-14 09:07:32.182  2273  2273 W System.err: 	at com.halfbrick.mortar.MortarApplication.onCreate(MortarApplication.java:29)
12-14 09:07:32.182  2273  2273 W System.err: 	at android.app.Instrumentation.callApplicationOnCreate(Instrumentation.java:1012)
12-14 09:07:32.182  2273  2273 W System.err: 	at android.app.ActivityThread.handleBindApplication(ActivityThread.java:4553)
12-14 09:07:32.182  2273  2273 W System.err: 	at android.app.ActivityThread.access$1500(ActivityThread.java:151)
12-14 09:07:32.182  2273  2273 W System.err: 	at android.app.ActivityThread$H.handleMessage(ActivityThread.java:1364)
12-14 09:07:32.182  2273  2273 W System.err: 	at android.os.Handler.dispatchMessage(Handler.java:102)
12-14 09:07:32.182  2273  2273 W System.err: 	at android.os.Looper.loop(Looper.java:135)
12-14 09:07:32.182  2273  2273 W System.err: 	at android.app.ActivityThread.main(ActivityThread.java:5254)
12-14 09:07:32.182  2273  2273 W System.err: 	at java.lang.reflect.Method.invoke(Native Method)
12-14 09:07:32.182  2273  2273 W System.err: 	at java.lang.reflect.Method.invoke(Method.java:372)
12-14 09:07:32.182  2273  2273 W System.err: 	at com.android.internal.os.ZygoteInit$MethodAndArgsCaller.run(ZygoteInit.java:903)
12-14 09:07:32.182  2273  2273 W System.err: 	at com.android.internal.os.ZygoteInit.main(ZygoteInit.java:698)
12-14 09:07:32.182  2273  2273 W System.err: Caused by: java.lang.ClassNotFoundException: Didn't find class "com.idsky.android.cu.net.UnicomOnlinePlugin" on path: DexPathList[[zip file "/data/app/com.halfbrick.fruitninja-1/base.apk"],nativeLibraryDirectories=[/data/app/com.halfbrick.fruitninja-1/lib/arm, /vendor/lib, /system/lib]]
12-14 09:07:32.182  2273  2273 W System.err: 	at dalvik.system.BaseDexClassLoader.findClass(BaseDexClassLoader.java:56)
12-14 09:07:32.182  2273  2273 W System.err: 	at java.lang.ClassLoader.loadClass(ClassLoader.java:511)
12-14 09:07:32.182  2273  2273 W System.err: 	at java.lang.ClassLoader.loadClass(ClassLoader.java:469)
12-14 09:07:32.182  2273  2273 W System.err: 	... 23 more
12-14 09:07:32.182  2273  2273 W System.err: 	Suppressed: java.lang.ClassNotFoundException: Didn't find class "com.idsky.android.cu.net.UnicomOnlinePlugin" on path: DexPathList[[dex file "/data/data/com.halfbrick.fruitninja/appsdk0_.dex"],nativeLibraryDirectories=[/data/data/com.halfbrick.fruitninja/lib, /vendor/lib, /system/lib]]
