12-14 09:08:51.612  3093  3093 W linker  : [vdso]: unused DT entry: type 0x6ffffef5 arg 0x160
12-14 09:08:52.659  3094  3094 W linker  : [vdso]: unused DT entry: type 0x6ffffef5 arg 0x160
12-14 09:08:55.186  1546  1546 D SurfaceFlinger: Set power mode=2, type=0 flinger=0x7fb3d5862000
12-14 09:08:55.186  1546  1801 D GRALLOC-DRM: set master
12-14 09:08:55.288  2021  2021 D InputEventConsistencyVerifier: KeyEvent: ACTION_UP but key was not down.
12-14 09:08:55.288  2021  2021 D InputEventConsistencyVerifier:   in android.view.ViewRootImpl@39b96c4e
12-14 09:08:55.288  2021  2021 D InputEventConsistencyVerifier:   0: sent at 153726000000, KeyEvent { action=ACTION_UP, keyCode=KEYCODE_CTRL_LEFT, scanCode=29, metaState=META_ALT_ON|META_ALT_LEFT_ON, flags=0x8, repeatCount=0, eventTime=153726, downTime=153639, deviceId=7, source=0x101 }
12-14 09:08:55.288  2021  2021 D InputEventConsistencyVerifier:   -- recent events --
12-14 09:08:55.288  2021  2021 D InputEventConsistencyVerifier:   1: sent at 153710000000, KeyEvent { action=ACTION_UP, keyCode=KEYCODE_F7, scanCode=65, metaState=META_ALT_ON|META_ALT_LEFT_ON|META_CTRL_ON|META_CTRL_LEFT_ON, flags=0x8, repeatCount=0, eventTime=153710, downTime=153639, deviceId=7, source=0x101 }
12-14 09:08:55.288  2021  2021 D InputEventConsistencyVerifier:   2: sent at 153639000000, KeyEvent { action=ACTION_DOWN, keyCode=KEYCODE_F7, scanCode=65, metaState=META_ALT_ON|META_ALT_LEFT_ON|META_CTRL_ON|META_CTRL_LEFT_ON, flags=0x8, repeatCount=0, eventTime=153639, downTime=153639, deviceId=7, source=0x101 }
12-14 09:08:55.288  2021  2021 D InputEventConsistencyVerifier:   3: sent at 153621000000, KeyEvent { action=ACTION_DOWN, keyCode=KEYCODE_F1, scanCode=59, metaState=META_ALT_ON|META_ALT_LEFT_ON|META_CTRL_ON|META_CTRL_LEFT_ON, flags=0x8, repeatCount=865, eventTime=153621, downTime=109180, deviceId=7, source=0x101 }
12-14 09:08:55.288  2021  2021 D InputEventConsistencyVerifier:   4: sent at 153570000000, KeyEvent { action=ACTION_DOWN, keyCode=KEYCODE_F1, scanCode=59, metaState=META_ALT_ON|META_ALT_LEFT_ON|META_CTRL_ON|META_CTRL_LEFT_ON, flags=0x8, repeatCount=864, eventTime=153570, downTime=109180, deviceId=7, source=0x101 }
12-14 09:08:55.288  2021  2021 D InputEventConsistencyVerifier:   5: sent at 153519000000, KeyEvent { action=ACTION_DOWN, keyCode=KEYCODE_F1, scanCode=59, metaState=META_ALT_ON|META_ALT_LEFT_ON|META_CTRL_ON|META_CTRL_LEFT_ON, flags=0x8, repeatCount=863, eventTime=153519, downTime=109180, deviceId=7, source=0x101 }
12-14 09:08:55.387  2021  2021 D InputEventConsistencyVerifier: KeyEvent: ACTION_UP but key was not down.
12-14 09:08:55.387  2021  2021 D InputEventConsistencyVerifier:   in android.view.ViewRootImpl@39b96c4e
12-14 09:08:55.387  2021  2021 D InputEventConsistencyVerifier:   0: sent at 153840000000, KeyEvent { action=ACTION_UP, keyCode=KEYCODE_ALT_LEFT, scanCode=56, metaState=0, flags=0x8, repeatCount=0, eventTime=153840, downTime=153639, deviceId=7, source=0x101 }
12-14 09:08:55.387  2021  2021 D InputEventConsistencyVerifier:   -- recent events --
12-14 09:08:55.387  2021  2021 D InputEventConsistencyVerifier:   1: sent at 153726000000, KeyEvent { action=ACTION_UP, keyCode=KEYCODE_CTRL_LEFT, scanCode=29, metaState=META_ALT_ON|META_ALT_LEFT_ON, flags=0x80000008, repeatCount=0, eventTime=153726, downTime=153639, deviceId=7, source=0x101 }
12-14 09:08:55.387  2021  2021 D InputEventConsistencyVerifier:   2: sent at 153710000000, KeyEvent { action=ACTION_UP, keyCode=KEYCODE_F7, scanCode=65, metaState=META_ALT_ON|META_ALT_LEFT_ON|META_CTRL_ON|META_CTRL_LEFT_ON, flags=0x8, repeatCount=0, eventTime=153710, downTime=153639, deviceId=7, source=0x101 }
12-14 09:08:55.387  2021  2021 D InputEventConsistencyVerifier:   3: sent at 153639000000, KeyEvent { action=ACTION_DOWN, keyCode=KEYCODE_F7, scanCode=65, metaState=META_ALT_ON|META_ALT_LEFT_ON|META_CTRL_ON|META_CTRL_LEFT_ON, flags=0x8, repeatCount=0, eventTime=153639, downTime=153639, deviceId=7, source=0x101 }
12-14 09:08:55.387  2021  2021 D InputEventConsistencyVerifier:   4: sent at 153621000000, KeyEvent { action=ACTION_DOWN, keyCode=KEYCODE_F1, scanCode=59, metaState=META_ALT_ON|META_ALT_LEFT_ON|META_CTRL_ON|META_CTRL_LEFT_ON, flags=0x8, repeatCount=865, eventTime=153621, downTime=109180, deviceId=7, source=0x101 }
12-14 09:08:55.387  2021  2021 D InputEventConsistencyVerifier:   5: sent at 153570000000, KeyEvent { action=ACTION_DOWN, keyCode=KEYCODE_F1, scanCode=59, metaState=META_ALT_ON|META_ALT_LEFT_ON|META_CTRL_ON|META_CTRL_LEFT_ON, flags=0x8, repeatCount=864, eventTime=153570, downTime=109180, deviceId=7, source=0x101 }
12-14 09:08:56.625  3095  3095 W linker  : [vdso]: unused DT entry: type 0x6ffffef5 arg 0x160
12-14 09:08:58.965  1829  1888 W AudioTrack: AUDIO_OUTPUT_FLAG_FAST denied by client
12-14 09:08:58.978  1554  1811 D audio_hw_primary: found out /dev/snd/pcmC0D0p
12-14 09:09:00.673  1829  3043 I ActivityManager: START u0 {act=android.intent.action.MAIN cat=[android.intent.category.LAUNCHER] flg=0x10200000 cmp=com.cyanogenmod.filemanager/.activities.NavigationActivity (has extras)} from uid 10051 on display 0
12-14 09:09:00.673  1829  1888 W AudioTrack: AUDIO_OUTPUT_FLAG_FAST denied by client
12-14 09:09:00.674  1829  3043 V WindowManager: addAppToken: AppWindowToken{357e855b token=Token{348fcc6a ActivityRecord{3e729a55 u0 com.cyanogenmod.filemanager/.activities.NavigationActivity t22}}} to stack=1 task=22 at 0
12-14 09:09:00.676  1829  1855 V WindowManager: Adding window Window{4397ec2 u0 Starting com.cyanogenmod.filemanager} at 2 of 7 (after Window{1028749d u0 com.android.launcher3/com.android.launcher3.Launcher})
12-14 09:09:00.693  1829  1846 I ActivityManager: Start proc 3098:com.cyanogenmod.filemanager/u0a50 for activity com.cyanogenmod.filemanager/.activities.NavigationActivity
12-14 09:09:00.906  1545  1793 E Vold    : Failed to find mounted volume for /storage/usb0/Android/data/com.cyanogenmod.filemanager/files/
12-14 09:09:00.907  3098  3098 W ContextImpl: Failed to ensure directory: /storage/usb0/Android/data/com.cyanogenmod.filemanager/files
12-14 09:09:00.907  1545  1793 E Vold    : Failed to find mounted volume for /storage/usb1/Android/data/com.cyanogenmod.filemanager/files/
12-14 09:09:00.908  3098  3098 W ContextImpl: Failed to ensure directory: /storage/usb1/Android/data/com.cyanogenmod.filemanager/files
12-14 09:09:00.908  1545  1793 E Vold    : Failed to find mounted volume for /storage/usb2/Android/data/com.cyanogenmod.filemanager/files/
12-14 09:09:00.908  3098  3098 W ContextImpl: Failed to ensure directory: /storage/usb2/Android/data/com.cyanogenmod.filemanager/files
12-14 09:09:00.909  1545  1793 E Vold    : Failed to find mounted volume for /storage/usb3/Android/data/com.cyanogenmod.filemanager/files/
12-14 09:09:00.909  3098  3098 W ContextImpl: Failed to ensure directory: /storage/usb3/Android/data/com.cyanogenmod.filemanager/files
12-14 09:09:00.910  1545  1793 E Vold    : Failed to find mounted volume for /storage/sdcard1/Android/data/com.cyanogenmod.filemanager/files/
12-14 09:09:00.910  3098  3098 W ContextImpl: Failed to ensure directory: /storage/sdcard1/Android/data/com.cyanogenmod.filemanager/files
12-14 09:09:00.919  3119  3119 W linker  : [vdso]: unused DT entry: type 0x6ffffef5 arg 0x160
12-14 09:09:00.973  3122  3122 W linker  : [vdso]: unused DT entry: type 0x6ffffef5 arg 0x160
12-14 09:09:00.975  3123  3123 W linker  : [vdso]: unused DT entry: type 0x6ffffef5 arg 0x160
12-14 09:09:00.977  3124  3124 W linker  : [vdso]: unused DT entry: type 0x6ffffef5 arg 0x160
12-14 09:09:00.979  3125  3125 W linker  : [vdso]: unused DT entry: type 0x6ffffef5 arg 0x160
12-14 09:09:00.983  3126  3126 W linker  : [vdso]: unused DT entry: type 0x6ffffef5 arg 0x160
12-14 09:09:00.986  3127  3127 W linker  : [vdso]: unused DT entry: type 0x6ffffef5 arg 0x160
12-14 09:09:01.099  3098  3098 V NFC     : this device does not have NFC support
12-14 09:09:01.135  3098  3128 W NavigationActivity: Ignoring '/storage/sdcard1' with state of 'unmounted'
12-14 09:09:01.135  3098  3128 W NavigationActivity: Ignoring '/storage/usb0' with state of 'removed'
12-14 09:09:01.135  3098  3128 W NavigationActivity: Ignoring '/storage/usb1' with state of 'removed'
12-14 09:09:01.135  3098  3128 W NavigationActivity: Ignoring '/storage/usb2' with state of 'removed'
12-14 09:09:01.135  3098  3128 W NavigationActivity: Ignoring '/storage/usb3' with state of 'removed'
12-14 09:09:01.158  3098  3129 D OpenGLRenderer: Use EGL_SWAP_BEHAVIOR_PRESERVED: true
12-14 09:09:01.159  3098  3098 I GRALLOC-DRM: create intel for driver i915
12-14 09:09:01.160  3098  3098 D Atlas   : Validating map...
12-14 09:09:01.161  1829  2055 V WindowManager: Adding window Window{2f528dbe u0 com.cyanogenmod.filemanager/com.cyanogenmod.filemanager.activities.NavigationActivity} at 2 of 8 (before Window{4397ec2 u0 Starting com.cyanogenmod.filemanager})
12-14 09:09:01.162  3098  3130 V MimeTypeIndexService: onHandleIntent(Intent { act=com.cyanogenmod.filemanager.ACTION_START_INDEX cmp=com.cyanogenmod.filemanager/.service.MimeTypeIndexService (has extras) })
12-14 09:09:01.162  3098  3130 D MimeTypeIndexService: Action: com.cyanogenmod.filemanager.ACTION_START_INDEX
12-14 09:09:01.162  3098  3130 V MimeTypeIndexService: performIndexAction(/storage/emulated/0)
12-14 09:09:01.162  3098  3130 I MimeTypeIndexService: Starting mime type usage indexing on '/storage/emulated/0'
12-14 09:09:01.167  3131  3131 W linker  : [vdso]: unused DT entry: type 0x6ffffef5 arg 0x160
12-14 09:09:01.172  3098  3130 D MimeTypeIndexService: BINARY = 824
12-14 09:09:01.172  3098  3130 D MimeTypeIndexService: NONE = 68067806
12-14 09:09:01.219  3134  3134 W linker  : [vdso]: unused DT entry: type 0x6ffffef5 arg 0x160
12-14 09:09:01.222  3135  3135 W linker  : [vdso]: unused DT entry: type 0x6ffffef5 arg 0x160
12-14 09:09:01.224  3136  3136 W linker  : [vdso]: unused DT entry: type 0x6ffffef5 arg 0x160
12-14 09:09:01.227  3137  3137 W linker  : [vdso]: unused DT entry: type 0x6ffffef5 arg 0x160
12-14 09:09:01.231  3138  3138 W linker  : [vdso]: unused DT entry: type 0x6ffffef5 arg 0x160
12-14 09:09:01.233  3139  3139 W linker  : [vdso]: unused DT entry: type 0x6ffffef5 arg 0x160
12-14 09:09:01.244  1829  1871 I InputDispatcher: Dropping event because there is no touchable window at (962, 274).
12-14 09:09:01.249  3098  3129 I EGL-DRI2: DRI2: found extension DRI_Core version 1
12-14 09:09:01.249  3098  3129 I EGL-DRI2: DRI2: found extension DRI_DRI2 version 4
12-14 09:09:01.257  3098  3129 I EGL-DRI2: DRI2: found extension DRI_TexBuffer version 3
12-14 09:09:01.257  3098  3129 I EGL-DRI2: DRI2: found extension DRI2_Flush version 4
12-14 09:09:01.257  3098  3129 I EGL-DRI2: DRI2: found extension DRI_IMAGE version 11
12-14 09:09:01.257  3098  3129 I OpenGLRenderer: Initialized EGL, version 1.4
12-14 09:09:01.257  3098  3129 W OpenGLRenderer: Failed to choose config with EGL_SWAP_BEHAVIOR_PRESERVED, retrying without...
12-14 09:09:01.259  3098  3129 D OpenGLRenderer: Enabling debug mode 0
12-14 09:09:01.270  3141  3141 W linker  : [vdso]: unused DT entry: type 0x6ffffef5 arg 0x160
12-14 09:09:01.272  3142  3142 W linker  : [vdso]: unused DT entry: type 0x6ffffef5 arg 0x160
12-14 09:09:01.274  3143  3143 W linker  : [vdso]: unused DT entry: type 0x6ffffef5 arg 0x160
12-14 09:09:01.275  3144  3144 W linker  : [vdso]: unused DT entry: type 0x6ffffef5 arg 0x160
12-14 09:09:01.287  1829  1855 I ActivityManager: Displayed com.cyanogenmod.filemanager/.activities.NavigationActivity: +612ms (total +1m5s651ms)
12-14 09:09:01.290  3098  3098 W InputMethodManager: Ignoring onBind: cur seq=6, given seq=5
12-14 09:09:01.290  3148  3148 W linker  : [vdso]: unused DT entry: type 0x6ffffef5 arg 0x160
12-14 09:09:01.292  3149  3149 W linker  : [vdso]: unused DT entry: type 0x6ffffef5 arg 0x160
12-14 09:09:01.293  3150  3150 W linker  : [vdso]: unused DT entry: type 0x6ffffef5 arg 0x160
12-14 09:09:01.323  3098  3130 V MimeTypeIndexService: onHandleIntent(Intent { act=com.cyanogenmod.filemanager.ACTION_START_INDEX cmp=com.cyanogenmod.filemanager/.service.MimeTypeIndexService (has extras) })
12-14 09:09:01.323  3098  3130 D MimeTypeIndexService: Action: com.cyanogenmod.filemanager.ACTION_START_INDEX
12-14 09:09:01.323  3098  3130 V MimeTypeIndexService: performIndexAction(/system)
12-14 09:09:01.323  3098  3130 I MimeTypeIndexService: Starting mime type usage indexing on '/system'
12-14 09:09:01.336  3152  3152 W linker  : [vdso]: unused DT entry: type 0x6ffffef5 arg 0x160
12-14 09:09:01.338  3153  3153 W linker  : [vdso]: unused DT entry: type 0x6ffffef5 arg 0x160
12-14 09:09:01.340  3154  3154 W linker  : [vdso]: unused DT entry: type 0x6ffffef5 arg 0x160
12-14 09:09:01.539  3098  3130 D MimeTypeIndexService: AUDIO = 1065141
12-14 09:09:01.539  3098  3130 D MimeTypeIndexService: EXEC = 8400
12-14 09:09:01.539  3098  3130 D MimeTypeIndexService: TEXT = 926168
12-14 09:09:01.539  3098  3130 D MimeTypeIndexService: BINARY = 657752429
12-14 09:09:01.539  3098  3130 D MimeTypeIndexService: FONT = 19580216
12-14 09:09:01.539  3098  3130 D MimeTypeIndexService: COMPRESS = 94416401
12-14 09:09:01.539  3098  3130 D MimeTypeIndexService: APP = 98311887
12-14 09:09:01.539  3098  3130 D MimeTypeIndexService: NONE = 717818118
12-14 09:09:01.636  3155  3155 W linker  : [vdso]: unused DT entry: type 0x6ffffef5 arg 0x160
12-14 09:09:03.369  1829  1888 W AudioTrack: AUDIO_OUTPUT_FLAG_FAST denied by client
12-14 09:09:04.231  1829  1899 D TaskPersister: removeObsoleteFile: deleting file=13_task.xml
12-14 09:09:04.232  1829  1899 D TaskPersister: removeObsoleteFile: deleting file=13_task_thumbnail.png
12-14 09:09:05.169  1545  1788 D DirectVolume: Volume usb0 /mnt/media_rw/usb0 disk 8:16 removed
12-14 09:09:05.169  1545  1788 D Vold    : Volume usb0 state changing 2 (Pending) -> 0 (No-Media)
12-14 09:09:05.169  1829  1852 D MountService: volume state changed for /storage/usb0 (removed -> unmounted)
12-14 09:09:05.170  1829  1852 D MountService: sendStorageIntent Intent { act=android.intent.action.MEDIA_UNMOUNTED dat=file:///storage/usb0 flg=0x4000000 (has extras) } to UserHandle{-1}
12-14 09:09:05.171  1829  1852 D MountService: volume state changed for /storage/usb0 (unmounted -> removed)
12-14 09:09:05.171  1829  1852 D MountService: sendStorageIntent Intent { act=android.intent.action.MEDIA_REMOVED dat=file:///storage/usb0 flg=0x4000000 (has extras) } to UserHandle{-1}
12-14 09:09:05.174  3157  3157 W linker  : [vdso]: unused DT entry: type 0x6ffffef5 arg 0x160
12-14 09:09:05.180  3158  3158 W linker  : [vdso]: unused DT entry: type 0x6ffffef5 arg 0x160
12-14 09:09:05.183  3159  3159 W linker  : [vdso]: unused DT entry: type 0x6ffffef5 arg 0x160
12-14 09:09:05.186  3098  3160 W NavigationActivity: Ignoring '/storage/sdcard1' with state of 'unmounted'
12-14 09:09:05.186  3098  3160 W NavigationActivity: Ignoring '/storage/usb0' with state of 'removed'
12-14 09:09:05.186  3098  3160 W NavigationActivity: Ignoring '/storage/usb1' with state of 'removed'
12-14 09:09:05.186  3098  3160 W NavigationActivity: Ignoring '/storage/usb2' with state of 'removed'
12-14 09:09:05.186  3098  3160 W NavigationActivity: Ignoring '/storage/usb3' with state of 'removed'
12-14 09:09:05.196  1829  1850 I ActivityManager: Start proc 3161:com.android.externalstorage/u0a13 for broadcast com.android.externalstorage/.MountReceiver
12-14 09:09:05.200  1829  1829 I ValidateNoPeople: skipping global notification
12-14 09:09:05.283  3161  3161 D ExternalStorage: After updating volumes, found 1 active roots
12-14 09:09:05.284  3161  3161 D ExternalStorage: After updating volumes, found 1 active roots
12-14 09:09:05.285  2243  2243 D MediaScannerReceiver: action: android.intent.action.MEDIA_UNMOUNTED path: /storage/usb0
12-14 09:09:05.285  1829  3043 I ActivityManager: Killing 2680:com.android.onetimeinitializer/u0a11 (adj 15): empty #17
12-14 09:09:07.185  3179  3179 W linker  : [vdso]: unused DT entry: type 0x6ffffef5 arg 0x160
12-14 09:09:08.403  1829  1900 D UsbHostManager: Added device UsbDevice[mName=/dev/bus/usb/003/003,mVendorId=2385,mProductId=5734,mClass=0,mSubclass=0,mProtocol=0,mManufacturerName=Kingston,mProductName=DataTraveler 3.0,mSerialNumber=60A44C3FACDCBE41897700A9,mConfigurations=[
12-14 09:09:08.403  1829  1900 D UsbHostManager: UsbConfiguration[mId=1,mName=null,mAttributes=128,mMaxPower=150,mInterfaces=[
12-14 09:09:08.403  1829  1900 D UsbHostManager: UsbInterface[mId=0,mAlternateSetting=0,mName=null,mClass=8,mSubclass=6,mProtocol=80,mEndpoints=[
12-14 09:09:08.403  1829  1900 D UsbHostManager: UsbEndpoint[mAddress=129,mAttributes=2,mMaxPacketSize=512,mInterval=0]
12-14 09:09:08.403  1829  1900 D UsbHostManager: UsbEndpoint[mAddress=2,mAttributes=2,mMaxPacketSize=512,mInterval=0]]]]
12-14 09:09:08.405  1829  1900 W ContextImpl: Calling a method in the system process without a qualified user: android.app.ContextImpl.sendBroadcast:1327 com.android.server.usb.UsbSettingsManager.deviceAttached:741 com.android.server.usb.UsbHostManager.endUsbDeviceAdded:224 com.android.server.usb.UsbHostManager.monitorUsbHostBus:-2 com.android.server.usb.UsbHostManager.access$000:42 
12-14 09:09:10.129  1545  1788 E NetlinkEvent: NetlinkEvent::FindParam(): Parameter 'NPARTS' not found
12-14 09:09:10.129  1545  1788 W DirectVolume: Kernel block uevent missing 'NPARTS'
12-14 09:09:10.129  1545  1788 D Vold    : Volume usb0 state changing 0 (No-Media) -> 2 (Pending)
12-14 09:09:12.138  3187  3187 W linker  : [vdso]: unused DT entry: type 0x6ffffef5 arg 0x160
12-14 09:09:13.732  1545  1788 D DirectVolume: Volume usb0 /mnt/media_rw/usb0 disk 8:16 removed
12-14 09:09:13.732  1545  1788 D Vold    : Volume usb0 state changing 2 (Pending) -> 0 (No-Media)
12-14 09:09:13.732  1829  1852 D MountService: volume state changed for /storage/usb0 (removed -> unmounted)
12-14 09:09:13.733  1829  1852 D MountService: sendStorageIntent Intent { act=android.intent.action.MEDIA_UNMOUNTED dat=file:///storage/usb0 flg=0x4000000 (has extras) } to UserHandle{-1}
12-14 09:09:13.733  1829  1852 D MountService: volume state changed for /storage/usb0 (unmounted -> removed)
12-14 09:09:13.733  1829  1852 D MountService: sendStorageIntent Intent { act=android.intent.action.MEDIA_REMOVED dat=file:///storage/usb0 flg=0x4000000 (has extras) } to UserHandle{-1}
12-14 09:09:13.736  3161  3161 D ExternalStorage: After updating volumes, found 1 active roots
12-14 09:09:13.738  2243  2243 D MediaScannerReceiver: action: android.intent.action.MEDIA_UNMOUNTED path: /storage/usb0
12-14 09:09:13.740  3188  3188 W linker  : [vdso]: unused DT entry: type 0x6ffffef5 arg 0x160
12-14 09:09:13.741  1829  1829 I ValidateNoPeople: skipping global notification
12-14 09:09:13.745  3189  3189 W linker  : [vdso]: unused DT entry: type 0x6ffffef5 arg 0x160
12-14 09:09:13.749  3190  3190 W linker  : [vdso]: unused DT entry: type 0x6ffffef5 arg 0x160
12-14 09:09:13.752  3098  3191 W NavigationActivity: Ignoring '/storage/sdcard1' with state of 'unmounted'
12-14 09:09:13.752  3098  3191 W NavigationActivity: Ignoring '/storage/usb0' with state of 'removed'
12-14 09:09:13.752  3098  3191 W NavigationActivity: Ignoring '/storage/usb1' with state of 'removed'
12-14 09:09:13.752  3098  3191 W NavigationActivity: Ignoring '/storage/usb2' with state of 'removed'
12-14 09:09:13.752  3098  3191 W NavigationActivity: Ignoring '/storage/usb3' with state of 'removed'
12-14 09:09:16.749  3192  3192 W linker  : [vdso]: unused DT entry: type 0x6ffffef5 arg 0x160
12-14 09:09:19.878  1829  1900 D UsbHostManager: Added device UsbDevice[mName=/dev/bus/usb/003/004,mVendorId=2385,mProductId=5734,mClass=0,mSubclass=0,mProtocol=0,mManufacturerName=Kingston,mProductName=DataTraveler 3.0,mSerialNumber=60A44C3FACDCBE41897700A9,mConfigurations=[
12-14 09:09:19.878  1829  1900 D UsbHostManager: UsbConfiguration[mId=1,mName=null,mAttributes=128,mMaxPower=150,mInterfaces=[
12-14 09:09:19.878  1829  1900 D UsbHostManager: UsbInterface[mId=0,mAlternateSetting=0,mName=null,mClass=8,mSubclass=6,mProtocol=80,mEndpoints=[
12-14 09:09:19.878  1829  1900 D UsbHostManager: UsbEndpoint[mAddress=129,mAttributes=2,mMaxPacketSize=512,mInterval=0]
12-14 09:09:19.878  1829  1900 D UsbHostManager: UsbEndpoint[mAddress=2,mAttributes=2,mMaxPacketSize=512,mInterval=0]]]]
12-14 09:09:19.879  1829  1900 W ContextImpl: Calling a method in the system process without a qualified user: android.app.ContextImpl.sendBroadcast:1327 com.android.server.usb.UsbSettingsManager.deviceAttached:741 com.android.server.usb.UsbHostManager.endUsbDeviceAdded:224 com.android.server.usb.UsbHostManager.monitorUsbHostBus:-2 com.android.server.usb.UsbHostManager.access$000:42 
12-14 09:09:22.078  3197  3197 W linker  : [vdso]: unused DT entry: type 0x6ffffef5 arg 0x160
12-14 09:09:23.656  1829  1900 D UsbHostManager: Added device UsbDevice[mName=/dev/bus/usb/003/005,mVendorId=2385,mProductId=5734,mClass=0,mSubclass=0,mProtocol=0,mManufacturerName=Kingston,mProductName=DataTraveler 3.0,mSerialNumber=60A44C3FACDCBE41897700A9,mConfigurations=[
12-14 09:09:23.656  1829  1900 D UsbHostManager: UsbConfiguration[mId=1,mName=null,mAttributes=128,mMaxPower=150,mInterfaces=[
12-14 09:09:23.656  1829  1900 D UsbHostManager: UsbInterface[mId=0,mAlternateSetting=0,mName=null,mClass=8,mSubclass=6,mProtocol=80,mEndpoints=[
12-14 09:09:23.656  1829  1900 D UsbHostManager: UsbEndpoint[mAddress=129,mAttributes=2,mMaxPacketSize=512,mInterval=0]
12-14 09:09:23.656  1829  1900 D UsbHostManager: UsbEndpoint[mAddress=2,mAttributes=2,mMaxPacketSize=512,mInterval=0]]]]
12-14 09:09:23.657  1829  1900 W ContextImpl: Calling a method in the system process without a qualified user: android.app.ContextImpl.sendBroadcast:1327 com.android.server.usb.UsbSettingsManager.deviceAttached:741 com.android.server.usb.UsbHostManager.endUsbDeviceAdded:224 com.android.server.usb.UsbHostManager.monitorUsbHostBus:-2 com.android.server.usb.UsbHostManager.access$000:42 
12-14 09:09:25.384  1545  1788 E NetlinkEvent: NetlinkEvent::FindParam(): Parameter 'NPARTS' not found
12-14 09:09:25.384  1545  1788 W DirectVolume: Kernel block uevent missing 'NPARTS'
12-14 09:09:25.384  1545  1788 D Vold    : Volume usb0 state changing 0 (No-Media) -> 2 (Pending)
12-14 09:09:27.393  3205  3205 W linker  : [vdso]: unused DT entry: type 0x6ffffef5 arg 0x160
12-14 09:09:29.220  1545  1793 E Vold    : Failed to find mounted volume for /storage/usb0/Android/data/com.cyanogenmod.filemanager/cache/
12-14 09:09:29.221  3098  3206 W ContextImpl: Failed to ensure directory: /storage/usb0/Android/data/com.cyanogenmod.filemanager/cache
12-14 09:09:29.221  1545  1793 E Vold    : Failed to find mounted volume for /storage/usb1/Android/data/com.cyanogenmod.filemanager/cache/
12-14 09:09:29.222  3098  3206 W ContextImpl: Failed to ensure directory: /storage/usb1/Android/data/com.cyanogenmod.filemanager/cache
12-14 09:09:29.223  1545  1793 E Vold    : Failed to find mounted volume for /storage/usb2/Android/data/com.cyanogenmod.filemanager/cache/
12-14 09:09:29.223  3098  3206 W ContextImpl: Failed to ensure directory: /storage/usb2/Android/data/com.cyanogenmod.filemanager/cache
12-14 09:09:29.224  1545  1793 E Vold    : Failed to find mounted volume for /storage/usb3/Android/data/com.cyanogenmod.filemanager/cache/
12-14 09:09:29.224  3098  3206 W ContextImpl: Failed to ensure directory: /storage/usb3/Android/data/com.cyanogenmod.filemanager/cache
12-14 09:09:29.225  1545  1793 E Vold    : Failed to find mounted volume for /storage/sdcard1/Android/data/com.cyanogenmod.filemanager/cache/
12-14 09:09:29.225  3098  3206 W ContextImpl: Failed to ensure directory: /storage/sdcard1/Android/data/com.cyanogenmod.filemanager/cache
12-14 09:09:32.406  3207  3207 W linker  : [vdso]: unused DT entry: type 0x6ffffef5 arg 0x160
12-14 09:09:35.051  1545  1788 D DirectVolume: Volume usb0 /mnt/media_rw/usb0 disk 8:16 removed
12-14 09:09:35.051  1545  1788 D Vold    : Volume usb0 state changing 2 (Pending) -> 0 (No-Media)
12-14 09:09:35.051  1829  1852 D MountService: volume state changed for /storage/usb0 (removed -> unmounted)
12-14 09:09:35.052  1829  1852 D MountService: sendStorageIntent Intent { act=android.intent.action.MEDIA_UNMOUNTED dat=file:///storage/usb0 flg=0x4000000 (has extras) } to UserHandle{-1}
12-14 09:09:35.052  1829  1852 D MountService: volume state changed for /storage/usb0 (unmounted -> removed)
12-14 09:09:35.052  1829  1852 D MountService: sendStorageIntent Intent { act=android.intent.action.MEDIA_REMOVED dat=file:///storage/usb0 flg=0x4000000 (has extras) } to UserHandle{-1}
12-14 09:09:35.055  3161  3161 D ExternalStorage: After updating volumes, found 1 active roots
12-14 09:09:35.057  2243  2243 D MediaScannerReceiver: action: android.intent.action.MEDIA_UNMOUNTED path: /storage/usb0
12-14 09:09:35.058  1829  1829 I ValidateNoPeople: skipping global notification
12-14 09:09:35.059  3208  3208 W linker  : [vdso]: unused DT entry: type 0x6ffffef5 arg 0x160
12-14 09:09:35.064  3209  3209 W linker  : [vdso]: unused DT entry: type 0x6ffffef5 arg 0x160
12-14 09:09:35.068  3210  3210 W linker  : [vdso]: unused DT entry: type 0x6ffffef5 arg 0x160
12-14 09:09:35.071  3098  3128 W NavigationActivity: Ignoring '/storage/sdcard1' with state of 'unmounted'
12-14 09:09:35.071  3098  3128 W NavigationActivity: Ignoring '/storage/usb0' with state of 'removed'
12-14 09:09:35.071  3098  3128 W NavigationActivity: Ignoring '/storage/usb1' with state of 'removed'
12-14 09:09:35.071  3098  3128 W NavigationActivity: Ignoring '/storage/usb2' with state of 'removed'
12-14 09:09:35.071  3098  3128 W NavigationActivity: Ignoring '/storage/usb3' with state of 'removed'
12-14 09:09:37.065  3211  3211 W linker  : [vdso]: unused DT entry: type 0x6ffffef5 arg 0x160
12-14 09:09:42.078  3212  3212 W linker  : [vdso]: unused DT entry: type 0x6ffffef5 arg 0x160
12-14 09:09:47.090  3213  3213 W linker  : [vdso]: unused DT entry: type 0x6ffffef5 arg 0x160
12-14 09:09:48.327  1829  1871 I ActivityManager: START u0 {act=android.intent.action.MAIN cat=[android.intent.category.HOME] flg=0x10200000 cmp=com.android.launcher3/.Launcher} from uid 1000 on display 0
12-14 09:09:48.327  1829  1888 W AudioTrack: AUDIO_OUTPUT_FLAG_FAST denied by client
12-14 09:09:48.339  1554  1811 D audio_hw_primary: found out /dev/snd/pcmC0D0p
12-14 09:09:48.946  2021  2241 W OpenGLRenderer: Incorrectly called buildLayer on View: ShortcutAndWidgetContainer, destroying layer...
12-14 09:09:49.344  1938  1938 W ResourceType: No package identifier when getting value for resource number 0x00000000
12-14 09:09:49.344  1938  1938 W PackageManager: Failure retrieving resources for com.cyanogenmod.filemanager: Resource ID #0x0
12-14 09:09:50.301  1829  1888 W AudioTrack: AUDIO_OUTPUT_FLAG_FAST denied by client
12-14 09:09:52.104  3216  3216 W linker  : [vdso]: unused DT entry: type 0x6ffffef5 arg 0x160
12-14 09:09:57.117  3217  3217 W linker  : [vdso]: unused DT entry: type 0x6ffffef5 arg 0x160
12-14 09:10:02.131  3218  3218 W linker  : [vdso]: unused DT entry: type 0x6ffffef5 arg 0x160
12-14 09:10:07.145  3219  3219 W linker  : [vdso]: unused DT entry: type 0x6ffffef5 arg 0x160
12-14 09:10:12.157  3220  3220 W linker  : [vdso]: unused DT entry: type 0x6ffffef5 arg 0x160
12-14 09:10:17.171  3221  3221 W linker  : [vdso]: unused DT entry: type 0x6ffffef5 arg 0x160
12-14 09:10:22.185  3222  3222 W linker  : [vdso]: unused DT entry: type 0x6ffffef5 arg 0x160
12-14 09:10:27.198  3223  3223 W linker  : [vdso]: unused DT entry: type 0x6ffffef5 arg 0x160
12-14 09:10:32.212  3224  3224 W linker  : [vdso]: unused DT entry: type 0x6ffffef5 arg 0x160
12-14 09:10:37.225  3225  3225 W linker  : [vdso]: unused DT entry: type 0x6ffffef5 arg 0x160
12-14 09:10:42.239  3226  3226 W linker  : [vdso]: unused DT entry: type 0x6ffffef5 arg 0x160
12-14 09:10:47.252  3227  3227 W linker  : [vdso]: unused DT entry: type 0x6ffffef5 arg 0x160
12-14 09:10:52.265  3228  3228 W linker  : [vdso]: unused DT entry: type 0x6ffffef5 arg 0x160
12-14 09:10:57.278  3229  3229 W linker  : [vdso]: unused DT entry: type 0x6ffffef5 arg 0x160
12-14 09:11:02.291  3230  3230 W linker  : [vdso]: unused DT entry: type 0x6ffffef5 arg 0x160
12-14 09:11:07.305  3231  3231 W linker  : [vdso]: unused DT entry: type 0x6ffffef5 arg 0x160
12-14 09:11:12.318  3232  3232 W linker  : [vdso]: unused DT entry: type 0x6ffffef5 arg 0x160
12-14 09:11:17.332  3233  3233 W linker  : [vdso]: unused DT entry: type 0x6ffffef5 arg 0x160
12-14 09:11:22.345  3234  3234 W linker  : [vdso]: unused DT entry: type 0x6ffffef5 arg 0x160
12-14 09:11:27.359  3235  3235 W linker  : [vdso]: unused DT entry: type 0x6ffffef5 arg 0x160
12-14 09:11:32.371  3236  3236 W linker  : [vdso]: unused DT entry: type 0x6ffffef5 arg 0x160
12-14 09:11:37.384  3237  3237 W linker  : [vdso]: unused DT entry: type 0x6ffffef5 arg 0x160
12-14 09:11:42.398  3238  3238 W linker  : [vdso]: unused DT entry: type 0x6ffffef5 arg 0x160
12-14 09:11:47.412  3239  3239 W linker  : [vdso]: unused DT entry: type 0x6ffffef5 arg 0x160
12-14 09:11:52.427  3240  3240 W linker  : [vdso]: unused DT entry: type 0x6ffffef5 arg 0x160
12-14 09:11:57.440  3241  3241 W linker  : [vdso]: unused DT entry: type 0x6ffffef5 arg 0x160
12-14 09:12:02.453  3242  3242 W linker  : [vdso]: unused DT entry: type 0x6ffffef5 arg 0x160
12-14 09:12:07.468  3243  3243 W linker  : [vdso]: unused DT entry: type 0x6ffffef5 arg 0x160
12-14 09:12:12.482  3244  3244 W linker  : [vdso]: unused DT entry: type 0x6ffffef5 arg 0x160
12-14 09:12:17.495  3245  3245 W linker  : [vdso]: unused DT entry: type 0x6ffffef5 arg 0x160
12-14 09:12:22.508  3246  3246 W linker  : [vdso]: unused DT entry: type 0x6ffffef5 arg 0x160
12-14 09:12:27.520  3247  3247 W linker  : [vdso]: unused DT entry: type 0x6ffffef5 arg 0x160
12-14 09:12:32.532  3248  3248 W linker  : [vdso]: unused DT entry: type 0x6ffffef5 arg 0x160
12-14 09:12:37.546  3249  3249 W linker  : [vdso]: unused DT entry: type 0x6ffffef5 arg 0x160
12-14 09:12:41.559  3250  3250 W linker  : [vdso]: unused DT entry: type 0x6ffffef5 arg 0x160
12-14 09:12:46.572  3251  3251 W linker  : [vdso]: unused DT entry: type 0x6ffffef5 arg 0x160
12-14 09:12:51.585  3252  3252 W linker  : [vdso]: unused DT entry: type 0x6ffffef5 arg 0x160
12-14 09:12:56.600  3253  3253 W linker  : [vdso]: unused DT entry: type 0x6ffffef5 arg 0x160
12-14 09:13:01.613  3254  3254 W linker  : [vdso]: unused DT entry: type 0x6ffffef5 arg 0x160
12-14 09:13:06.627  3255  3255 W linker  : [vdso]: unused DT entry: type 0x6ffffef5 arg 0x160
12-14 09:13:11.642  3256  3256 W linker  : [vdso]: unused DT entry: type 0x6ffffef5 arg 0x160
12-14 09:13:16.653  3257  3257 W linker  : [vdso]: unused DT entry: type 0x6ffffef5 arg 0x160
12-14 09:13:21.666  3258  3258 W linker  : [vdso]: unused DT entry: type 0x6ffffef5 arg 0x160
12-14 09:13:26.680  3259  3259 W linker  : [vdso]: unused DT entry: type 0x6ffffef5 arg 0x160
12-14 09:13:31.694  3260  3260 W linker  : [vdso]: unused DT entry: type 0x6ffffef5 arg 0x160
12-14 09:13:36.708  3261  3261 W linker  : [vdso]: unused DT entry: type 0x6ffffef5 arg 0x160
12-14 09:13:41.722  3262  3262 W linker  : [vdso]: unused DT entry: type 0x6ffffef5 arg 0x160
12-14 09:13:46.737  3263  3263 W linker  : [vdso]: unused DT entry: type 0x6ffffef5 arg 0x160
12-14 09:13:51.751  3264  3264 W linker  : [vdso]: unused DT entry: type 0x6ffffef5 arg 0x160
12-14 09:13:56.764  3265  3265 W linker  : [vdso]: unused DT entry: type 0x6ffffef5 arg 0x160
12-14 09:14:01.778  3266  3266 W linker  : [vdso]: unused DT entry: type 0x6ffffef5 arg 0x160
12-14 09:14:06.792  3267  3267 W linker  : [vdso]: unused DT entry: type 0x6ffffef5 arg 0x160
12-14 09:14:11.806  3268  3268 W linker  : [vdso]: unused DT entry: type 0x6ffffef5 arg 0x160
12-14 09:14:16.820  3269  3269 W linker  : [vdso]: unused DT entry: type 0x6ffffef5 arg 0x160
12-14 09:14:21.833  3270  3270 W linker  : [vdso]: unused DT entry: type 0x6ffffef5 arg 0x160
12-14 09:14:26.847  3271  3271 W linker  : [vdso]: unused DT entry: type 0x6ffffef5 arg 0x160
12-14 09:14:31.860  3272  3272 W linker  : [vdso]: unused DT entry: type 0x6ffffef5 arg 0x160
12-14 09:14:36.875  3273  3273 W linker  : [vdso]: unused DT entry: type 0x6ffffef5 arg 0x160
12-14 09:14:41.888  3274  3274 W linker  : [vdso]: unused DT entry: type 0x6ffffef5 arg 0x160
12-14 09:14:46.902  3275  3275 W linker  : [vdso]: unused DT entry: type 0x6ffffef5 arg 0x160
12-14 09:14:51.916  3276  3276 W linker  : [vdso]: unused DT entry: type 0x6ffffef5 arg 0x160
12-14 09:14:56.929  3277  3277 W linker  : [vdso]: unused DT entry: type 0x6ffffef5 arg 0x160
12-14 09:15:01.942  3278  3278 W linker  : [vdso]: unused DT entry: type 0x6ffffef5 arg 0x160
12-14 09:15:06.956  3279  3279 W linker  : [vdso]: unused DT entry: type 0x6ffffef5 arg 0x160
12-14 09:15:11.970  3280  3280 W linker  : [vdso]: unused DT entry: type 0x6ffffef5 arg 0x160
12-14 09:15:16.985  3281  3281 W linker  : [vdso]: unused DT entry: type 0x6ffffef5 arg 0x160
12-14 09:15:21.999  3282  3282 W linker  : [vdso]: unused DT entry: type 0x6ffffef5 arg 0x160
12-14 09:15:27.012  3283  3283 W linker  : [vdso]: unused DT entry: type 0x6ffffef5 arg 0x160
12-14 09:15:32.025  3284  3284 W linker  : [vdso]: unused DT entry: type 0x6ffffef5 arg 0x160
12-14 09:15:37.039  3285  3285 W linker  : [vdso]: unused DT entry: type 0x6ffffef5 arg 0x160
12-14 09:15:42.052  3286  3286 W linker  : [vdso]: unused DT entry: type 0x6ffffef5 arg 0x160
12-14 09:15:47.066  3287  3287 W linker  : [vdso]: unused DT entry: type 0x6ffffef5 arg 0x160
12-14 09:15:52.080  3288  3288 W linker  : [vdso]: unused DT entry: type 0x6ffffef5 arg 0x160
12-14 09:15:57.094  3289  3289 W linker  : [vdso]: unused DT entry: type 0x6ffffef5 arg 0x160
12-14 09:16:02.109  3290  3290 W linker  : [vdso]: unused DT entry: type 0x6ffffef5 arg 0x160
12-14 09:16:07.123  3291  3291 W linker  : [vdso]: unused DT entry: type 0x6ffffef5 arg 0x160
12-14 09:16:12.133  3292  3292 W linker  : [vdso]: unused DT entry: type 0x6ffffef5 arg 0x160
12-14 09:16:17.146  3293  3293 W linker  : [vdso]: unused DT entry: type 0x6ffffef5 arg 0x160
12-14 09:16:22.160  3294  3294 W linker  : [vdso]: unused DT entry: type 0x6ffffef5 arg 0x160
12-14 09:16:27.173  3295  3295 W linker  : [vdso]: unused DT entry: type 0x6ffffef5 arg 0x160
12-14 09:16:32.188  3296  3296 W linker  : [vdso]: unused DT entry: type 0x6ffffef5 arg 0x160
12-14 09:16:37.202  3297  3297 W linker  : [vdso]: unused DT entry: type 0x6ffffef5 arg 0x160
12-14 09:16:42.215  3298  3298 W linker  : [vdso]: unused DT entry: type 0x6ffffef5 arg 0x160
12-14 09:16:47.228  3300  3300 W linker  : [vdso]: unused DT entry: type 0x6ffffef5 arg 0x160
12-14 09:16:52.242  3301  3301 W linker  : [vdso]: unused DT entry: type 0x6ffffef5 arg 0x160
12-14 09:16:57.256  3302  3302 W linker  : [vdso]: unused DT entry: type 0x6ffffef5 arg 0x160
12-14 09:17:02.269  3303  3303 W linker  : [vdso]: unused DT entry: type 0x6ffffef5 arg 0x160
12-14 09:17:07.283  3304  3304 W linker  : [vdso]: unused DT entry: type 0x6ffffef5 arg 0x160
12-14 09:17:12.297  3305  3305 W linker  : [vdso]: unused DT entry: type 0x6ffffef5 arg 0x160
12-14 09:17:17.311  3306  3306 W linker  : [vdso]: unused DT entry: type 0x6ffffef5 arg 0x160
12-14 09:17:22.323  3307  3307 W linker  : [vdso]: unused DT entry: type 0x6ffffef5 arg 0x160
12-14 09:17:27.333  3308  3308 W linker  : [vdso]: unused DT entry: type 0x6ffffef5 arg 0x160
12-14 09:17:32.347  3309  3309 W linker  : [vdso]: unused DT entry: type 0x6ffffef5 arg 0x160
12-14 09:17:37.361  3310  3310 W linker  : [vdso]: unused DT entry: type 0x6ffffef5 arg 0x160
12-14 09:17:42.375  3311  3311 W linker  : [vdso]: unused DT entry: type 0x6ffffef5 arg 0x160
12-14 09:17:47.389  3312  3312 W linker  : [vdso]: unused DT entry: type 0x6ffffef5 arg 0x160
12-14 09:17:52.402  3313  3313 W linker  : [vdso]: unused DT entry: type 0x6ffffef5 arg 0x160
12-14 09:17:57.416  3314  3314 W linker  : [vdso]: unused DT entry: type 0x6ffffef5 arg 0x160
12-14 09:18:02.429  3315  3315 W linker  : [vdso]: unused DT entry: type 0x6ffffef5 arg 0x160
12-14 09:18:07.443  3316  3316 W linker  : [vdso]: unused DT entry: type 0x6ffffef5 arg 0x160
12-14 09:18:12.457  3317  3317 W linker  : [vdso]: unused DT entry: type 0x6ffffef5 arg 0x160
12-14 09:18:17.470  3318  3318 W linker  : [vdso]: unused DT entry: type 0x6ffffef5 arg 0x160
12-14 09:18:22.483  3319  3319 W linker  : [vdso]: unused DT entry: type 0x6ffffef5 arg 0x160
12-14 09:18:27.497  3320  3320 W linker  : [vdso]: unused DT entry: type 0x6ffffef5 arg 0x160
12-14 09:18:32.511  3321  3321 W linker  : [vdso]: unused DT entry: type 0x6ffffef5 arg 0x160
12-14 09:18:37.525  3322  3322 W linker  : [vdso]: unused DT entry: type 0x6ffffef5 arg 0x160
12-14 09:18:42.538  3323  3323 W linker  : [vdso]: unused DT entry: type 0x6ffffef5 arg 0x160
12-14 09:18:47.553  3324  3324 W linker  : [vdso]: unused DT entry: type 0x6ffffef5 arg 0x160
12-14 09:18:51.565  3325  3325 W linker  : [vdso]: unused DT entry: type 0x6ffffef5 arg 0x160
12-14 09:18:56.577  3326  3326 W linker  : [vdso]: unused DT entry: type 0x6ffffef5 arg 0x160
12-14 09:19:01.590  3327  3327 W linker  : [vdso]: unused DT entry: type 0x6ffffef5 arg 0x160
12-14 09:19:06.603  3328  3328 W linker  : [vdso]: unused DT entry: type 0x6ffffef5 arg 0x160
12-14 09:19:11.616  3329  3329 W linker  : [vdso]: unused DT entry: type 0x6ffffef5 arg 0x160
12-14 09:19:16.631  3330  3330 W linker  : [vdso]: unused DT entry: type 0x6ffffef5 arg 0x160
12-14 09:19:21.644  3331  3331 W linker  : [vdso]: unused DT entry: type 0x6ffffef5 arg 0x160
12-14 09:19:26.657  3332  3332 W linker  : [vdso]: unused DT entry: type 0x6ffffef5 arg 0x160
12-14 09:19:31.670  3333  3333 W linker  : [vdso]: unused DT entry: type 0x6ffffef5 arg 0x160
12-14 09:19:36.684  3334  3334 W linker  : [vdso]: unused DT entry: type 0x6ffffef5 arg 0x160
12-14 09:19:41.696  3335  3335 W linker  : [vdso]: unused DT entry: type 0x6ffffef5 arg 0x160
12-14 09:19:46.709  3336  3336 W linker  : [vdso]: unused DT entry: type 0x6ffffef5 arg 0x160
12-14 09:19:51.724  3337  3337 W linker  : [vdso]: unused DT entry: type 0x6ffffef5 arg 0x160
12-14 09:19:56.738  3338  3338 W linker  : [vdso]: unused DT entry: type 0x6ffffef5 arg 0x160
12-14 09:20:01.751  3339  3339 W linker  : [vdso]: unused DT entry: type 0x6ffffef5 arg 0x160
12-14 09:20:06.766  3340  3340 W linker  : [vdso]: unused DT entry: type 0x6ffffef5 arg 0x160
12-14 09:20:11.779  3341  3341 W linker  : [vdso]: unused DT entry: type 0x6ffffef5 arg 0x160
12-14 09:20:16.793  3342  3342 W linker  : [vdso]: unused DT entry: type 0x6ffffef5 arg 0x160
12-14 09:20:21.807  3343  3343 W linker  : [vdso]: unused DT entry: type 0x6ffffef5 arg 0x160
12-14 09:20:26.822  3344  3344 W linker  : [vdso]: unused DT entry: type 0x6ffffef5 arg 0x160
12-14 09:20:31.835  3345  3345 W linker  : [vdso]: unused DT entry: type 0x6ffffef5 arg 0x160
12-14 09:20:36.849  3346  3346 W linker  : [vdso]: unused DT entry: type 0x6ffffef5 arg 0x160
12-14 09:20:41.863  3347  3347 W linker  : [vdso]: unused DT entry: type 0x6ffffef5 arg 0x160
12-14 09:20:46.877  3348  3348 W linker  : [vdso]: unused DT entry: type 0x6ffffef5 arg 0x160
12-14 09:20:51.891  3349  3349 W linker  : [vdso]: unused DT entry: type 0x6ffffef5 arg 0x160
12-14 09:20:56.905  3350  3350 W linker  : [vdso]: unused DT entry: type 0x6ffffef5 arg 0x160
12-14 09:21:01.919  3351  3351 W linker  : [vdso]: unused DT entry: type 0x6ffffef5 arg 0x160
12-14 09:21:06.932  3352  3352 W linker  : [vdso]: unused DT entry: type 0x6ffffef5 arg 0x160
12-14 09:21:11.946  3353  3353 W linker  : [vdso]: unused DT entry: type 0x6ffffef5 arg 0x160
12-14 09:21:16.959  3354  3354 W linker  : [vdso]: unused DT entry: type 0x6ffffef5 arg 0x160
12-14 09:21:21.972  3355  3355 W linker  : [vdso]: unused DT entry: type 0x6ffffef5 arg 0x160
12-14 09:21:26.986  3356  3356 W linker  : [vdso]: unused DT entry: type 0x6ffffef5 arg 0x160
12-14 09:21:31.999  3357  3357 W linker  : [vdso]: unused DT entry: type 0x6ffffef5 arg 0x160
12-14 09:21:37.013  3358  3358 W linker  : [vdso]: unused DT entry: type 0x6ffffef5 arg 0x160
12-14 09:21:42.027  3359  3359 W linker  : [vdso]: unused DT entry: type 0x6ffffef5 arg 0x160
12-14 09:21:47.041  3360  3360 W linker  : [vdso]: unused DT entry: type 0x6ffffef5 arg 0x160
12-14 09:21:52.054  3361  3361 W linker  : [vdso]: unused DT entry: type 0x6ffffef5 arg 0x160
12-14 09:21:57.067  3362  3362 W linker  : [vdso]: unused DT entry: type 0x6ffffef5 arg 0x160
12-14 09:22:02.080  3363  3363 W linker  : [vdso]: unused DT entry: type 0x6ffffef5 arg 0x160
12-14 09:22:07.093  3364  3364 W linker  : [vdso]: unused DT entry: type 0x6ffffef5 arg 0x160
12-14 09:22:12.106  3365  3365 W linker  : [vdso]: unused DT entry: type 0x6ffffef5 arg 0x160
12-14 09:22:17.120  3366  3366 W linker  : [vdso]: unused DT entry: type 0x6ffffef5 arg 0x160
12-14 09:22:22.134  3367  3367 W linker  : [vdso]: unused DT entry: type 0x6ffffef5 arg 0x160
12-14 09:22:27.148  3368  3368 W linker  : [vdso]: unused DT entry: type 0x6ffffef5 arg 0x160
12-14 09:22:32.162  3369  3369 W linker  : [vdso]: unused DT entry: type 0x6ffffef5 arg 0x160
12-14 09:22:37.177  3370  3370 W linker  : [vdso]: unused DT entry: type 0x6ffffef5 arg 0x160
12-14 09:22:42.190  3371  3371 W linker  : [vdso]: unused DT entry: type 0x6ffffef5 arg 0x160
12-14 09:22:47.204  3372  3372 W linker  : [vdso]: unused DT entry: type 0x6ffffef5 arg 0x160
12-14 09:22:52.218  3373  3373 W linker  : [vdso]: unused DT entry: type 0x6ffffef5 arg 0x160
12-14 09:22:57.233  3374  3374 W linker  : [vdso]: unused DT entry: type 0x6ffffef5 arg 0x160
12-14 09:23:02.246  3375  3375 W linker  : [vdso]: unused DT entry: type 0x6ffffef5 arg 0x160
12-14 09:23:07.257  3376  3376 W linker  : [vdso]: unused DT entry: type 0x6ffffef5 arg 0x160
12-14 09:23:12.270  3377  3377 W linker  : [vdso]: unused DT entry: type 0x6ffffef5 arg 0x160
12-14 09:23:17.284  3378  3378 W linker  : [vdso]: unused DT entry: type 0x6ffffef5 arg 0x160
12-14 09:23:22.297  3379  3379 W linker  : [vdso]: unused DT entry: type 0x6ffffef5 arg 0x160
12-14 09:23:27.310  3380  3380 W linker  : [vdso]: unused DT entry: type 0x6ffffef5 arg 0x160
12-14 09:23:32.321  3381  3381 W linker  : [vdso]: unused DT entry: type 0x6ffffef5 arg 0x160
12-14 09:23:37.334  3382  3382 W linker  : [vdso]: unused DT entry: type 0x6ffffef5 arg 0x160
12-14 09:23:42.348  3383  3383 W linker  : [vdso]: unused DT entry: type 0x6ffffef5 arg 0x160
12-14 09:23:47.361  3384  3384 W linker  : [vdso]: unused DT entry: type 0x6ffffef5 arg 0x160
12-14 09:23:52.375  3385  3385 W linker  : [vdso]: unused DT entry: type 0x6ffffef5 arg 0x160
12-14 09:23:57.389  3386  3386 W linker  : [vdso]: unused DT entry: type 0x6ffffef5 arg 0x160
12-14 09:24:02.403  3387  3387 W linker  : [vdso]: unused DT entry: type 0x6ffffef5 arg 0x160
12-14 09:24:07.417  3388  3388 W linker  : [vdso]: unused DT entry: type 0x6ffffef5 arg 0x160
12-14 09:24:12.431  3389  3389 W linker  : [vdso]: unused DT entry: type 0x6ffffef5 arg 0x160
12-14 09:24:17.445  3390  3390 W linker  : [vdso]: unused DT entry: type 0x6ffffef5 arg 0x160
12-14 09:24:22.458  3391  3391 W linker  : [vdso]: unused DT entry: type 0x6ffffef5 arg 0x160
12-14 09:24:27.471  3392  3392 W linker  : [vdso]: unused DT entry: type 0x6ffffef5 arg 0x160
12-14 09:24:32.485  3393  3393 W linker  : [vdso]: unused DT entry: type 0x6ffffef5 arg 0x160
12-14 09:24:37.498  3394  3394 W linker  : [vdso]: unused DT entry: type 0x6ffffef5 arg 0x160
12-14 09:24:42.512  3395  3395 W linker  : [vdso]: unused DT entry: type 0x6ffffef5 arg 0x160
12-14 09:24:47.525  3398  3398 W linker  : [vdso]: unused DT entry: type 0x6ffffef5 arg 0x160
12-14 09:24:52.538  3399  3399 W linker  : [vdso]: unused DT entry: type 0x6ffffef5 arg 0x160
12-14 09:24:56.249  1829  2765 I ActivityManager: START u0 {act=android.intent.action.MAIN cat=[android.intent.category.LAUNCHER] flg=0x10200000 cmp=com.cyanogenmod.filemanager/.activities.NavigationActivity (has extras)} from uid 10051 on display 0
12-14 09:24:56.250  1829  1888 W AudioTrack: AUDIO_OUTPUT_FLAG_FAST denied by client
12-14 09:24:56.257  1829  1871 I InputDispatcher: Dropping event because there is no touchable window at (976, 249).
12-14 09:24:56.263  1554  1811 D audio_hw_primary: found out /dev/snd/pcmC0D0p
12-14 09:24:56.267  1829  1871 I InputDispatcher: Dropping event because there is no touchable window at (976, 249).
12-14 09:24:56.270  3401  3401 W linker  : [vdso]: unused DT entry: type 0x6ffffef5 arg 0x160
12-14 09:24:56.276  3402  3402 W linker  : [vdso]: unused DT entry: type 0x6ffffef5 arg 0x160
12-14 09:24:56.281  3403  3403 W linker  : [vdso]: unused DT entry: type 0x6ffffef5 arg 0x160
12-14 09:24:56.284  3404  3404 W linker  : [vdso]: unused DT entry: type 0x6ffffef5 arg 0x160
12-14 09:24:56.293  3405  3405 W linker  : [vdso]: unused DT entry: type 0x6ffffef5 arg 0x160
12-14 09:24:56.297  3406  3406 W linker  : [vdso]: unused DT entry: type 0x6ffffef5 arg 0x160
12-14 09:24:56.301  3407  3407 W linker  : [vdso]: unused DT entry: type 0x6ffffef5 arg 0x160
12-14 09:24:56.352  3409  3409 W linker  : [vdso]: unused DT entry: type 0x6ffffef5 arg 0x160
12-14 09:24:56.355  3410  3410 W linker  : [vdso]: unused DT entry: type 0x6ffffef5 arg 0x160
12-14 09:24:56.357  3411  3411 W linker  : [vdso]: unused DT entry: type 0x6ffffef5 arg 0x160
12-14 09:24:57.546  3412  3412 W linker  : [vdso]: unused DT entry: type 0x6ffffef5 arg 0x160
12-14 09:24:59.917  1829  1888 W AudioTrack: AUDIO_OUTPUT_FLAG_FAST denied by client
12-14 09:24:59.917  1829  1871 I ActivityManager: START u0 {act=android.intent.action.MAIN cat=[android.intent.category.HOME] flg=0x10200000 cmp=com.android.launcher3/.Launcher} from uid 1000 on display 0
12-14 09:24:59.930  1554  1811 D audio_hw_primary: found out /dev/snd/pcmC0D0p
12-14 09:25:00.513  2021  2241 W OpenGLRenderer: Incorrectly called buildLayer on View: ShortcutAndWidgetContainer, destroying layer...
12-14 09:25:00.930  1938  1938 W ResourceType: No package identifier when getting value for resource number 0x00000000
12-14 09:25:00.930  1938  1938 W PackageManager: Failure retrieving resources for com.cyanogenmod.filemanager: Resource ID #0x0
12-14 09:25:01.559  3415  3415 W linker  : [vdso]: unused DT entry: type 0x6ffffef5 arg 0x160
12-14 09:25:05.292  1829  1888 W AudioTrack: AUDIO_OUTPUT_FLAG_FAST denied by client
12-14 09:25:05.293  1829  1871 I ActivityManager: START u0 {act=android.intent.action.MAIN cat=[android.intent.category.HOME] flg=0x10200000 cmp=com.android.launcher3/.Launcher} from uid 1000 on display 0
12-14 09:25:05.305  1554  1811 D audio_hw_primary: found out /dev/snd/pcmC0D0p
12-14 09:25:06.573  3417  3417 W linker  : [vdso]: unused DT entry: type 0x6ffffef5 arg 0x160
12-14 09:25:11.586  3418  3418 W linker  : [vdso]: unused DT entry: type 0x6ffffef5 arg 0x160
12-14 09:25:16.599  3419  3419 W linker  : [vdso]: unused DT entry: type 0x6ffffef5 arg 0x160
12-14 09:25:21.613  3420  3420 W linker  : [vdso]: unused DT entry: type 0x6ffffef5 arg 0x160
12-14 09:25:27.161  3426  3426 W linker  : [vdso]: unused DT entry: type 0x6ffffef5 arg 0x160
12-14 09:25:28.087  1829  1900 D UsbHostManager: Added device UsbDevice[mName=/dev/bus/usb/004/002,mVendorId=4703,mProductId=56202,mClass=0,mSubclass=0,mProtocol=0,mManufacturerName=ADATA,mProductName=ADATA USB Flash Drive,mSerialNumber=13C21070822500BA,mConfigurations=[
12-14 09:25:28.087  1829  1900 D UsbHostManager: UsbConfiguration[mId=1,mName=null,mAttributes=128,mMaxPower=60,mInterfaces=[
12-14 09:25:28.087  1829  1900 D UsbHostManager: UsbInterface[mId=0,mAlternateSetting=0,mName=null,mClass=8,mSubclass=6,mProtocol=80,mEndpoints=[
12-14 09:25:28.087  1829  1900 D UsbHostManager: UsbEndpoint[mAddress=1,mAttributes=2,mMaxPacketSize=1024,mInterval=0]
12-14 09:25:28.087  1829  1900 D UsbHostManager: UsbEndpoint[mAddress=130,mAttributes=2,mMaxPacketSize=1024,mInterval=0]]]]
12-14 09:25:28.087  1829  1900 W ContextImpl: Calling a method in the system process without a qualified user: android.app.ContextImpl.sendBroadcast:1327 com.android.server.usb.UsbSettingsManager.deviceAttached:741 com.android.server.usb.UsbHostManager.endUsbDeviceAdded:224 com.android.server.usb.UsbHostManager.monitorUsbHostBus:-2 com.android.server.usb.UsbHostManager.access$000:42 
12-14 09:25:28.097  1545  1788 E NetlinkEvent: NetlinkEvent::FindParam(): Parameter 'NPARTS' not found
12-14 09:25:28.097  1545  1788 W DirectVolume: Kernel block uevent missing 'NPARTS'
12-14 09:25:28.097  1545  1788 D Vold    : Volume usb0 state changing 0 (No-Media) -> 2 (Pending)
12-14 09:25:28.631  1829  1888 W AudioTrack: AUDIO_OUTPUT_FLAG_FAST denied by client
12-14 09:25:28.643  1554  1811 D audio_hw_primary: found out /dev/snd/pcmC0D0p
12-14 09:25:32.109  3431  3431 W linker  : [vdso]: unused DT entry: type 0x6ffffef5 arg 0x160
12-14 09:25:35.874  1829  2765 I ActivityManager: START u0 {act=android.intent.action.MAIN cat=[android.intent.category.LAUNCHER] flg=0x10200000 cmp=com.kiloo.subwaysurf/com.idsky.android.impl.ui.IdskySplashActivity (has extras)} from uid 10051 on display 0
12-14 09:25:35.874  1829  1888 W AudioTrack: AUDIO_OUTPUT_FLAG_FAST denied by client
12-14 09:25:35.876  1829  2765 V WindowManager: addAppToken: AppWindowToken{249cf32a token=Token{6f52415 ActivityRecord{1c7b29cc u0 com.kiloo.subwaysurf/com.idsky.android.impl.ui.IdskySplashActivity t23}}} to stack=1 task=23 at 0
12-14 09:25:35.879  1829  1855 V WindowManager: Adding window Window{26de57f7 u0 Starting com.kiloo.subwaysurf} at 3 of 8 (after Window{2f528dbe u0 com.cyanogenmod.filemanager/com.cyanogenmod.filemanager.activities.NavigationActivity})
12-14 09:25:35.886  1554  1811 D audio_hw_primary: found out /dev/snd/pcmC0D0p
12-14 09:25:35.923  2903  2903 I idsyconfig: found another way to go to happiness or hell
