12-14 09:07:21.686  1829  1829 W PackageManager: Not granting permission android.permission.ACCESS_DOWNLOAD_MANAGER to package com.android.browser (protectionLevel=18 flags=0x9be45)
12-14 09:07:21.686  1829  1829 W PackageManager: Not granting permission android.permission.SEND_DOWNLOAD_COMPLETED_INTENTS to package com.android.browser (protectionLevel=2 flags=0x9be45)
12-14 09:07:21.686  1829  1829 W PackageManager: Not granting permission android.permission.BIND_WALLPAPER to package com.android.camera2 (protectionLevel=18 flags=0x58bc45)
12-14 09:07:21.686  1829  1829 W PackageManager: Unknown permission com.google.android.c2dm.permission.RECEIVE in package com.halfbrick.fruitninja
12-14 09:07:21.686  1829  1829 W PackageManager: Not granting permission android.permission.MOUNT_UNMOUNT_FILESYSTEMS to package com.halfbrick.fruitninja (protectionLevel=18 flags=0x8be44)
12-14 09:07:21.686  1829  1829 W PackageManager: Not granting permission android.permission.READ_LOGS to package com.halfbrick.fruitninja (protectionLevel=50 flags=0x8be44)
12-14 09:07:21.686  1829  1829 W PackageManager: Not granting permission android.permission.ACCESS_DOWNLOAD_MANAGER to package com.halfbrick.fruitninja (protectionLevel=18 flags=0x8be44)
12-14 09:07:21.686  1829  1829 W PackageManager: Not granting permission android.permission.CHANGE_CONFIGURATION to package com.halfbrick.fruitninja (protectionLevel=50 flags=0x8be44)
12-14 09:07:21.686  1829  1829 W PackageManager: Unknown permission android.webkit.permission.PLUGIN in package com.halfbrick.fruitninja
12-14 09:07:21.686  1829  1829 W PackageManager: Unknown permission android.permission.INSTALL_DRM in package com.android.mms
12-14 09:07:21.686  1829  1829 W PackageManager: Not granting permission android.permission.BIND_APPWIDGET to package com.android.launcher3 (protectionLevel=18 flags=0x483e45)
12-14 09:07:21.686  1829  1829 W PackageManager: Unknown permission com.android.launcher.permission.READ_SETTINGS in package com.android.launcher3
12-14 09:07:21.686  1829  1829 W PackageManager: Unknown permission com.android.launcher.permission.WRITE_SETTINGS in package com.android.launcher3
12-14 09:07:21.686  1829  1829 W PackageManager: Unknown permission com.google.android.googleapps.permission.GOOGLE_AUTH.mail in package com.android.calendar
12-14 09:07:21.686  1829  1829 W PackageManager: Not granting permission android.permission.MOUNT_UNMOUNT_FILESYSTEMS to package com.happyelements.AndroidAnimal (protectionLevel=18 flags=0x18be44)
12-14 09:07:21.687  1829  1829 W PackageManager: Unknown permission com.google.android.c2dm.permission.RECEIVE in package com.happyelements.AndroidAnimal
12-14 09:07:21.687  1829  1829 W PackageManager: Unknown permission com.android.vending.BILLING in package com.happyelements.AndroidAnimal
12-14 09:07:21.687  1829  1829 W PackageManager: Not granting permission android.permission.READ_LOGS to package com.happyelements.AndroidAnimal (protectionLevel=50 flags=0x18be44)
12-14 09:07:21.687  1829  1829 W PackageManager: Not granting permission android.permission.ACCESS_DOWNLOAD_MANAGER to package com.happyelements.AndroidAnimal (protectionLevel=18 flags=0x18be44)
12-14 09:07:21.687  1829  1829 W PackageManager: Unknown permission com.android.launcher.permission.READ_SETTINGS in package com.android.onetimeinitializer
12-14 09:07:21.687  1829  1829 W PackageManager: Unknown permission com.android.launcher.permission.WRITE_SETTINGS in package com.android.onetimeinitializer
12-14 09:07:21.687  1829  1829 W PackageManager: Not granting permission android.permission.DELETE_PACKAGES to package com.svox.pico (protectionLevel=18 flags=0x8be45)
12-14 09:07:21.687  1829  1829 W PackageManager: Unknown permission com.cyanogenmod.filemanager.permissions.READ_THEME in package com.cyanogenmod.filemanager
12-14 09:07:21.687  1829  1829 W PackageManager: Unknown permission com.google.android.googleapps.permission.GOOGLE_AUTH in package com.android.settings
12-14 09:07:21.687  1829  1829 W PackageManager: Unknown permission com.android.launcher.permission.READ_SETTINGS in package com.android.settings
12-14 09:07:21.687  1829  1829 W PackageManager: Unknown permission com.android.launcher.permission.WRITE_SETTINGS in package com.android.settings
12-14 09:07:21.687  1829  1829 W PackageManager: Unknown permission com.android.smspush.WAPPUSH_MANAGER_BIND in package com.android.phone
12-14 09:07:21.687  1829  1829 W PackageManager: Not granting permission android.permission.DEVICE_POWER to package com.android.deskclock (protectionLevel=2 flags=0x48be45)
12-14 09:07:21.687  1829  1829 W PackageManager: Not granting permission android.permission.MOUNT_UNMOUNT_FILESYSTEMS to package com.kiloo.subwaysurf (protectionLevel=18 flags=0x8bc44)
12-14 09:07:21.687  1829  1829 W PackageManager: Unknown permission andorid.permission.CHANGE_CONFIGURATION in package com.kiloo.subwaysurf
12-14 09:07:21.687  1829  1829 W PackageManager: Not granting permission android.permission.READ_LOGS to package com.kiloo.subwaysurf (protectionLevel=50 flags=0x8bc44)
12-14 09:07:21.687  1829  1829 W PackageManager: Not granting permission android.permission.ACCESS_DOWNLOAD_MANAGER to package com.kiloo.subwaysurf (protectionLevel=18 flags=0x8bc44)
12-14 09:07:21.687  1829  1829 W PackageManager: Unknown permission com.android.launcher2.permission.READ_SETTINGS in package com.kiloo.subwaysurf
12-14 09:07:21.687  1829  1829 W PackageManager: Unknown permission com.android.launcher.permission.READ_SETTINGS in package com.kiloo.subwaysurf
12-14 09:07:21.687  1829  1829 W PackageManager: Unknown permission android.webkit.permission.PLUGIN in package com.kiloo.subwaysurf
12-14 09:07:21.687  1829  1829 W PackageManager: Unknown permission com.google.android.gallery3d.permission.GALLERY_PROVIDER in package com.android.bluetooth
12-14 09:07:21.687  1829  1829 W PackageManager: Unknown permission com.google.android.googleapps.permission.ACCESS_GOOGLE_PASSWORD in package com.android.development
12-14 09:07:21.688  1829  1829 W PackageManager: Unknown permission com.google.android.googleapps.permission.GOOGLE_AUTH in package com.android.development
12-14 09:07:21.688  1829  1829 W PackageManager: Unknown permission com.google.android.googleapps.permission.GOOGLE_AUTH.ALL_SERVICES in package com.android.development
12-14 09:07:21.688  1829  1829 W PackageManager: Unknown permission com.google.android.googleapps.permission.GOOGLE_AUTH.YouTubeUser in package com.android.development
12-14 09:07:21.838  1829  1829 I art     : Explicit concurrent mark sweep GC freed 20301(1260KB) AllocSpace objects, 2(32KB) LOS objects, 33% free, 4MB/6MB, paused 451us total 18.749ms
12-14 09:07:21.838  1829  1829 I SystemServer: User Service
12-14 09:07:21.868  1543  1543 I lowmemorykiller: ActivityManager connected
12-14 09:07:21.870  1829  1829 I SystemServiceManager: Starting com.android.server.lights.LightsService
12-14 09:07:21.899  1829  1829 D lights  : Detect /sys/class/backlight/acpi_video0/max_brightness
12-14 09:07:21.899  1829  1829 D lights  : Detect /sys/class/backlight/acpi_video0/brightness
12-14 09:07:21.899  1829  1829 I SystemServiceManager: Starting com.android.server.BatteryService
12-14 09:07:21.933  1829  1829 I SystemServiceManager: Starting com.android.server.usage.UsageStatsService
12-14 09:07:21.974  1829  1829 I SystemServiceManager: Starting com.android.server.webkit.WebViewUpdateService
12-14 09:07:21.997  1829  1829 I SystemServer: Reading configuration...
12-14 09:07:21.997  1829  1829 I SystemServer: Scheduling Policy
12-14 09:07:21.998  1829  1829 I SystemServiceManager: Starting com.android.server.telecom.TelecomLoaderService
12-14 09:07:22.010  1829  1829 I SystemServer: Telephony Registry
12-14 09:07:22.033  1829  1829 I SystemServer: Entropy Mixer
12-14 09:07:22.035  1829  1829 I EntropyMixer: Writing entropy...
12-14 09:07:22.107  1829  1829 I SystemServer: Account Manager
12-14 09:07:22.145  1829  1829 I SystemServer: Content Manager
12-14 09:07:22.179  1829  1829 I SystemServer: System Content Providers
12-14 09:07:22.419  1829  1829 I SystemServer: Vibrator Service
12-14 09:07:22.420  1829  1829 I SystemServer: Consumer IR Service
12-14 09:07:22.421  1829  1829 E ConsumerIrService: Can't open consumer IR HW Module, error: -2
12-14 09:07:22.428  1829  1829 I SystemServiceManager: Starting com.android.server.AlarmManagerService
12-14 09:07:22.439  1829  1829 I SystemServer: Init Watchdog
12-14 09:07:22.439  1829  1829 I SystemServer: Input Manager
12-14 09:07:22.447  1829  1829 I InputManager: Initializing input manager, mUseDevInputEventForAudioJack=true
12-14 09:07:22.475  1829  1829 I SystemServer: Window Manager
12-14 09:07:22.547  1829  1855 I WindowManager: No existing display settings /data/system/display_settings.xml; starting empty
12-14 09:07:22.572  1546  1868 D PermissionCache: checking android.permission.ACCESS_SURFACE_FLINGER for uid=1000 => granted (8330 us)
12-14 09:07:22.687  1554  1554 I AudioFlinger: Using module 1 has the primary audio interface
12-14 09:07:22.687  1554  1869 I AudioFlinger: AudioFlinger's thread 0xf58a4000 ready to run
12-14 09:07:22.689  1554  1870 I AudioFlinger: AudioFlinger's thread 0xf593a000 ready to run
12-14 09:07:22.698  1829  1829 I InputManager: Starting input manager
12-14 09:07:22.699  1829  1829 I SystemServer: Bluetooth Manager Service
12-14 09:07:22.709  1554  1554 D BlueZ   : external/bluetooth/bluez/android/hal-audio.c:audio_open() 
12-14 09:07:22.709  1554  1554 D BlueZ   : external/bluetooth/bluez/android/hal-audio.c:audio_ipc_init() 
12-14 09:07:22.709  1554  1554 E BlueZ   : APTX: failed to open library libbt-aptx.so (dlopen failed: library "libbt-aptx.so" not found)
12-14 09:07:22.709  1554  1554 D BlueZ   : external/bluetooth/bluez/android/hal-audio.c:audio_init_check() 
12-14 09:07:22.709  1554  1554 D BlueZ   : external/bluetooth/bluez/android/hal-audio.c:audio_set_master_volume() 
12-14 09:07:22.709  1554  1554 D BlueZ   : external/bluetooth/bluez/android/hal-audio.c:set_master_mute() 
12-14 09:07:22.709  1554  1554 I AudioFlinger: loadHwModule() Loaded a2dp audio interface from A2DP Bluez HW HAL (audio) handle 4
12-14 09:07:22.710  1554  1873 D BlueZ   : external/bluetooth/bluez/android/hal-audio.c:ipc_handler() 
12-14 09:07:22.710  1554  1873 D BlueZ   : external/bluetooth/bluez/android/hal-audio.c:ipc_handler() Waiting for connection ...
12-14 09:07:22.719  1554  1554 I AudioFlinger: loadHwModule() Loaded usb audio interface from USB audio HW HAL (audio) handle 5
12-14 09:07:22.719  1554  1554 E SoundTriggerHwService: couldn't load sound trigger module sound_trigger.primary (No such file or directory)
12-14 09:07:22.735  1829  1872 D EventHub: No input device configuration file found for device 'Android Power Button'.
12-14 09:07:22.750  1829  1872 W EventHub: Unable to disable kernel key repeat for /dev/input/event11: Function not implemented
12-14 09:07:22.750  1829  1872 I EventHub: New device: id=1, fd=76, path='/dev/input/event11', name='Android Power Button', classes=0x1, configuration='', keyLayout='/system/usr/keylayout/Generic.kl', keyCharacterMap='/system/usr/keychars/Generic.kcm', builtinKeyboard=false, wakeMechanism=EPOLLWAKEUP, usingClockIoctl=true
12-14 09:07:22.750  1829  1872 I EventHub: ignoring event id /dev/input/event3 driver Power Button
12-14 09:07:22.756  1829  1872 D EventHub: No input device configuration file found for device 'Sleep Button'.
12-14 09:07:22.758  1829  1872 W EventHub: Unable to disable kernel key repeat for /dev/input/event0: Function not implemented
12-14 09:07:22.758  1829  1872 I EventHub: New device: id=2, fd=77, path='/dev/input/event0', name='Sleep Button', classes=0x1, configuration='', keyLayout='/system/usr/keylayout/Generic.kl', keyCharacterMap='/system/usr/keychars/Generic.kcm', builtinKeyboard=false, wakeMechanism=EPOLLWAKEUP, usingClockIoctl=true
12-14 09:07:22.758  1829  1872 D EventHub: No input device configuration file found for device 'Lid Switch'.
12-14 09:07:22.758  1829  1872 I EventHub: New device: id=3, fd=78, path='/dev/input/event2', name='Lid Switch', classes=0x80, configuration='', keyLayout='', keyCharacterMap='', builtinKeyboard=false, wakeMechanism=EPOLLWAKEUP, usingClockIoctl=true
12-14 09:07:22.758  1829  1872 I EventHub: ignoring event id /dev/input/event1 driver Power Button
12-14 09:07:22.765  1829  1872 D EventHub: No input device configuration file found for device 'Video Bus'.
12-14 09:07:22.767  1829  1872 W EventHub: Unable to disable kernel key repeat for /dev/input/event5: Function not implemented
12-14 09:07:22.767  1829  1872 I EventHub: New device: id=4, fd=79, path='/dev/input/event5', name='Video Bus', classes=0x1, configuration='', keyLayout='/system/usr/keylayout/Generic.kl', keyCharacterMap='/system/usr/keychars/Generic.kcm', builtinKeyboard=false, wakeMechanism=EPOLLWAKEUP, usingClockIoctl=true
12-14 09:07:22.767  1829  1872 D EventHub: No input device configuration file found for device 'PC Speaker'.
12-14 09:07:22.780  1829  1872 E EventHub: could not get driver version for /dev/input/mouse0, Not a typewriter
12-14 09:07:22.798  1829  1872 D EventHub: No input device configuration file found for device 'ImExPS/2 Generic Explorer Mouse'.
12-14 09:07:22.798  1829  1872 I EventHub: New device: id=6, fd=80, path='/dev/input/event10', name='ImExPS/2 Generic Explorer Mouse', classes=0x8, configuration='', keyLayout='', keyCharacterMap='', builtinKeyboard=false, wakeMechanism=EPOLLWAKEUP, usingClockIoctl=true
12-14 09:07:22.798  1829  1872 D EventHub: No input device configuration file found for device 'AT Translated Set 2 keyboard'.
12-14 09:07:22.801  1829  1872 I EventHub: New device: id=7, fd=81, path='/dev/input/event4', name='AT Translated Set 2 keyboard', classes=0x3, configuration='', keyLayout='/system/usr/keylayout/Generic.kl', keyCharacterMap='/system/usr/keychars/Generic.kcm', builtinKeyboard=false, wakeMechanism=EPOLLWAKEUP, usingClockIoctl=true
12-14 09:07:22.801  1829  1872 E EventHub: could not get driver version for /dev/input/mice, Not a typewriter
12-14 09:07:22.807  1829  1829 D BluetoothManagerService: Loading stored name and address
12-14 09:07:22.807  1829  1829 D BluetoothManagerService: Stored bluetooth Name=null,Address=null
12-14 09:07:22.807  1829  1829 I SystemServer: Input Method Service
12-14 09:07:22.826  1829  1872 D EventHub: No input device configuration file found for device 'HDA Intel PCH HDMI/DP,pcm=3'.
12-14 09:07:22.826  1829  1872 I EventHub: New device: id=8, fd=82, path='/dev/input/event8', name='HDA Intel PCH HDMI/DP,pcm=3', classes=0x80, configuration='', keyLayout='', keyCharacterMap='', builtinKeyboard=false, wakeMechanism=EPOLLWAKEUP, usingClockIoctl=true
12-14 09:07:22.826  1829  1872 D EventHub: No input device configuration file found for device 'HDA Intel PCH Headphone'.
12-14 09:07:22.826  1829  1872 I EventHub: New device: id=9, fd=83, path='/dev/input/event7', name='HDA Intel PCH Headphone', classes=0x80, configuration='', keyLayout='', keyCharacterMap='', builtinKeyboard=false, wakeMechanism=EPOLLWAKEUP, usingClockIoctl=true
12-14 09:07:22.826  1829  1872 D EventHub: No input device configuration file found for device 'HDA Intel PCH Mic'.
12-14 09:07:22.826  1829  1872 I EventHub: New device: id=10, fd=84, path='/dev/input/event6', name='HDA Intel PCH Mic', classes=0x80, configuration='', keyLayout='', keyCharacterMap='', builtinKeyboard=false, wakeMechanism=EPOLLWAKEUP, usingClockIoctl=true
12-14 09:07:22.828  1829  1829 W InputMethodManagerService: Couldn't create dir.: /data/system/inputmethod
12-14 09:07:22.905  1829  1872 I InputReader: Device added: id=-1, name='Virtual', sources=0x00000301
12-14 09:07:22.906  1829  1872 I InputReader: Device added: id=10, name='HDA Intel PCH Mic', sources=0x80000000
12-14 09:07:22.906  1829  1872 I InputReader: Device added: id=9, name='HDA Intel PCH Headphone', sources=0x80000000
12-14 09:07:22.906  1829  1872 I InputReader: Device added: id=8, name='HDA Intel PCH HDMI/DP,pcm=3', sources=0x80000000
12-14 09:07:22.906  1829  1872 I InputReader: Device added: id=7, name='AT Translated Set 2 keyboard', sources=0x00000101
12-14 09:07:22.937  1829  1872 I InputReader: Device added: id=6, name='ImExPS/2 Generic Explorer Mouse', sources=0x00002002
12-14 09:07:22.937  1829  1872 I InputReader: Device added: id=4, name='Video Bus', sources=0x00000101
12-14 09:07:22.937  1829  1872 I InputReader: Device added: id=3, name='Lid Switch', sources=0x80000000
12-14 09:07:22.937  1829  1872 I InputReader: Device added: id=2, name='Sleep Button', sources=0x00000101
12-14 09:07:22.937  1829  1872 I InputReader: Device added: id=1, name='Android Power Button', sources=0x00000101
12-14 09:07:22.941  1829  1829 I SystemServer: Accessibility Manager
12-14 09:07:22.970  1829  1829 I ActivityManager: Config changes=1df8 {1.0 ?mcc?mnc en_US ?layoutDir sw768dp w1366dp h768dp 160dpi xlrg long land ?uimode ?night -touch qwerty/v/v -nav/h s.2}
12-14 09:07:23.024  1829  1849 I UsageStatsService: User[0] Rollover scheduled @ 2015-12-15 00:00:00(1450137600000)
12-14 09:07:23.043  1829  1829 I ActivityManager: Config changes=400 {1.0 ?mcc?mnc en_US ?layoutDir sw768dp w1366dp h695dp 160dpi xlrg long land ?uimode ?night -touch qwerty/v/v -nav/h s.3}
12-14 09:07:23.044  1829  1872 I InputReader: Reconfiguring input devices.  changes=0x00000004
12-14 09:07:23.044  1829  1829 I SystemServer: Mount Service
12-14 09:07:23.047  1829  1829 D MountService: got storage path: null description: Internal storage primary: true removable: false emulated: true mtpReserve: 100 allowMassStorage: false maxFileSize: 0
12-14 09:07:23.047  1829  1829 D MountService: addVolumeLocked() StorageVolume:
12-14 09:07:23.047  1829  1829 D MountService:     mStorageId=65537 mPath=/storage/emulated/0 mDescriptionId=17040805 
12-14 09:07:23.047  1829  1829 D MountService:     mPrimary=true mRemovable=false mEmulated=true mMtpReserveSpace=100 
12-14 09:07:23.047  1829  1829 D MountService:     mAllowMassStorage=false mMaxFileSize=0 mOwner=UserHandle{0} mUuid=null 
12-14 09:07:23.047  1829  1829 D MountService:     mUserLabel=null mState=null 
12-14 09:07:23.047  1829  1829 D MountService: got storage path: /storage/sdcard1 description: SD card primary: false removable: true emulated: false mtpReserve: 0 allowMassStorage: false maxFileSize: 4294967296
12-14 09:07:23.048  1829  1829 D MountService: addVolumeLocked() StorageVolume:
12-14 09:07:23.048  1829  1829 D MountService:     mStorageId=0 mPath=/storage/sdcard1 mDescriptionId=17040806 mPrimary=false 
12-14 09:07:23.048  1829  1829 D MountService:     mRemovable=true mEmulated=false mMtpReserveSpace=0 mAllowMassStorage=false 
12-14 09:07:23.048  1829  1829 D MountService:     mMaxFileSize=4294967296 mOwner=null mUuid=null mUserLabel=null mState=null 
12-14 09:07:23.048  1829  1829 D MountService: got storage path: /storage/usb0 description: USB storage primary: false removable: true emulated: false mtpReserve: 0 allowMassStorage: false maxFileSize: 4294967296
12-14 09:07:23.048  1829  1829 D MountService: addVolumeLocked() StorageVolume:
12-14 09:07:23.048  1829  1829 D MountService:     mStorageId=0 mPath=/storage/usb0 mDescriptionId=17040807 mPrimary=false 
12-14 09:07:23.048  1829  1829 D MountService:     mRemovable=true mEmulated=false mMtpReserveSpace=0 mAllowMassStorage=false 
12-14 09:07:23.048  1829  1829 D MountService:     mMaxFileSize=4294967296 mOwner=null mUuid=null mUserLabel=null mState=null 
12-14 09:07:23.048  1829  1829 D MountService: got storage path: /storage/usb1 description: USB storage primary: false removable: true emulated: false mtpReserve: 0 allowMassStorage: false maxFileSize: 4294967296
12-14 09:07:23.048  1829  1829 D MountService: addVolumeLocked() StorageVolume:
12-14 09:07:23.048  1829  1829 D MountService:     mStorageId=0 mPath=/storage/usb1 mDescriptionId=17040807 mPrimary=false 
12-14 09:07:23.048  1829  1829 D MountService:     mRemovable=true mEmulated=false mMtpReserveSpace=0 mAllowMassStorage=false 
12-14 09:07:23.048  1829  1829 D MountService:     mMaxFileSize=4294967296 mOwner=null mUuid=null mUserLabel=null mState=null 
12-14 09:07:23.049  1829  1829 D MountService: got storage path: /storage/usb2 description: USB storage primary: false removable: true emulated: false mtpReserve: 0 allowMassStorage: false maxFileSize: 4294967296
12-14 09:07:23.049  1829  1829 D MountService: addVolumeLocked() StorageVolume:
12-14 09:07:23.049  1829  1829 D MountService:     mStorageId=0 mPath=/storage/usb2 mDescriptionId=17040807 mPrimary=false 
12-14 09:07:23.049  1829  1829 D MountService:     mRemovable=true mEmulated=false mMtpReserveSpace=0 mAllowMassStorage=false 
12-14 09:07:23.049  1829  1829 D MountService:     mMaxFileSize=4294967296 mOwner=null mUuid=null mUserLabel=null mState=null 
12-14 09:07:23.049  1829  1829 D MountService: got storage path: /storage/usb3 description: USB storage primary: false removable: true emulated: false mtpReserve: 0 allowMassStorage: false maxFileSize: 4294967296
12-14 09:07:23.049  1829  1829 D MountService: addVolumeLocked() StorageVolume:
12-14 09:07:23.049  1829  1829 D MountService:     mStorageId=0 mPath=/storage/usb3 mDescriptionId=17040807 mPrimary=false 
12-14 09:07:23.049  1829  1829 D MountService:     mRemovable=true mEmulated=false mMtpReserveSpace=0 mAllowMassStorage=false 
12-14 09:07:23.049  1829  1829 D MountService:     mMaxFileSize=4294967296 mOwner=null mUuid=null mUserLabel=null mState=null 
12-14 09:07:23.053  1829  1829 I SystemServer: LockSettingsService
12-14 09:07:23.055  1829  1877 D MountService: volume state changed for /storage/usb0 (unmounted -> removed)
12-14 09:07:23.055  1829  1877 D MountService: volume state changed for /storage/usb1 (unmounted -> removed)
12-14 09:07:23.055  1829  1877 D MountService: volume state changed for /storage/usb2 (unmounted -> removed)
12-14 09:07:23.055  1829  1877 D MountService: volume state changed for /storage/usb3 (unmounted -> removed)
12-14 09:07:23.085  1829  1829 I SystemServiceManager: Starting com.android.server.devicepolicy.DevicePolicyManagerService$Lifecycle
12-14 09:07:23.115  1829  1877 I PackageManager: No secure containers found
12-14 09:07:23.115  1829  1877 W PackageManager: Unknown permission com.google.android.googleapps.permission.GOOGLE_AUTH in package com.android.providers.calendar
12-14 09:07:23.115  1829  1877 W PackageManager: Unknown permission com.google.android.googleapps.permission.GOOGLE_AUTH.cl in package com.android.providers.calendar
12-14 09:07:23.116  1829  1877 W PackageManager: Not granting permission android.permission.GLOBAL_SEARCH to package com.android.quicksearchbox (protectionLevel=18 flags=0x8be45)
12-14 09:07:23.116  1829  1877 W PackageManager: Unknown permission com.android.vending.BILLING in package com.popcap.pvz2cthdbddk
12-14 09:07:23.116  1829  1877 W PackageManager: Not granting permission android.permission.READ_LOGS to package com.popcap.pvz2cthdbddk (protectionLevel=50 flags=0x8bc46)
12-14 09:07:23.116  1829  1877 W PackageManager: Not granting permission android.permission.ACCESS_DOWNLOAD_MANAGER to package com.popcap.pvz2cthdbddk (protectionLevel=18 flags=0x8bc46)
12-14 09:07:23.116  1829  1877 W PackageManager: Unknown permission Android.permission.CHANGE_CONFIGURATION in package com.popcap.pvz2cthdbddk
12-14 09:07:23.116  1829  1877 W PackageManager: Not granting permission android.permission.MOUNT_UNMOUNT_FILESYSTEMS to package com.popcap.pvz2cthdbddk (protectionLevel=18 flags=0x8bc46)
12-14 09:07:23.116  1829  1877 W PackageManager: Not granting permission android.permission.ACCESS_DOWNLOAD_MANAGER to package com.android.browser (protectionLevel=18 flags=0x9be45)
12-14 09:07:23.116  1829  1877 W PackageManager: Not granting permission android.permission.SEND_DOWNLOAD_COMPLETED_INTENTS to package com.android.browser (protectionLevel=2 flags=0x9be45)
12-14 09:07:23.116  1829  1877 W PackageManager: Not granting permission android.permission.BIND_WALLPAPER to package com.android.camera2 (protectionLevel=18 flags=0x58bc45)
12-14 09:07:23.116  1829  1877 W PackageManager: Unknown permission com.google.android.c2dm.permission.RECEIVE in package com.halfbrick.fruitninja
12-14 09:07:23.116  1829  1877 W PackageManager: Not granting permission android.permission.MOUNT_UNMOUNT_FILESYSTEMS to package com.halfbrick.fruitninja (protectionLevel=18 flags=0x8be44)
12-14 09:07:23.116  1829  1877 W PackageManager: Not granting permission android.permission.READ_LOGS to package com.halfbrick.fruitninja (protectionLevel=50 flags=0x8be44)
12-14 09:07:23.116  1829  1877 W PackageManager: Not granting permission android.permission.ACCESS_DOWNLOAD_MANAGER to package com.halfbrick.fruitninja (protectionLevel=18 flags=0x8be44)
12-14 09:07:23.116  1829  1877 W PackageManager: Not granting permission android.permission.CHANGE_CONFIGURATION to package com.halfbrick.fruitninja (protectionLevel=50 flags=0x8be44)
12-14 09:07:23.116  1829  1877 W PackageManager: Unknown permission android.webkit.permission.PLUGIN in package com.halfbrick.fruitninja
12-14 09:07:23.116  1829  1877 W PackageManager: Unknown permission android.permission.INSTALL_DRM in package com.android.mms
12-14 09:07:23.116  1829  1877 W PackageManager: Not granting permission android.permission.BIND_APPWIDGET to package com.android.launcher3 (protectionLevel=18 flags=0x483e45)
12-14 09:07:23.116  1829  1877 W PackageManager: Unknown permission com.android.launcher.permission.READ_SETTINGS in package com.android.launcher3
12-14 09:07:23.116  1829  1877 W PackageManager: Unknown permission com.android.launcher.permission.WRITE_SETTINGS in package com.android.launcher3
12-14 09:07:23.116  1829  1877 W PackageManager: Unknown permission com.google.android.googleapps.permission.GOOGLE_AUTH.mail in package com.android.calendar
12-14 09:07:23.116  1829  1877 W PackageManager: Not granting permission android.permission.MOUNT_UNMOUNT_FILESYSTEMS to package com.happyelements.AndroidAnimal (protectionLevel=18 flags=0x18be44)
12-14 09:07:23.116  1829  1877 W PackageManager: Unknown permission com.google.android.c2dm.permission.RECEIVE in package com.happyelements.AndroidAnimal
12-14 09:07:23.116  1829  1877 W PackageManager: Unknown permission com.android.vending.BILLING in package com.happyelements.AndroidAnimal
12-14 09:07:23.116  1829  1877 W PackageManager: Not granting permission android.permission.READ_LOGS to package com.happyelements.AndroidAnimal (protectionLevel=50 flags=0x18be44)
12-14 09:07:23.116  1829  1877 W PackageManager: Not granting permission android.permission.ACCESS_DOWNLOAD_MANAGER to package com.happyelements.AndroidAnimal (protectionLevel=18 flags=0x18be44)
12-14 09:07:23.116  1829  1877 W PackageManager: Unknown permission com.android.launcher.permission.READ_SETTINGS in package com.android.onetimeinitializer
12-14 09:07:23.116  1829  1877 W PackageManager: Unknown permission com.android.launcher.permission.WRITE_SETTINGS in package com.android.onetimeinitializer
12-14 09:07:23.117  1829  1877 W PackageManager: Not granting permission android.permission.DELETE_PACKAGES to package com.svox.pico (protectionLevel=18 flags=0x8be45)
12-14 09:07:23.117  1829  1877 W PackageManager: Unknown permission com.cyanogenmod.filemanager.permissions.READ_THEME in package com.cyanogenmod.filemanager
12-14 09:07:23.117  1829  1877 W PackageManager: Unknown permission com.google.android.googleapps.permission.GOOGLE_AUTH in package com.android.settings
12-14 09:07:23.117  1829  1877 W PackageManager: Unknown permission com.android.launcher.permission.READ_SETTINGS in package com.android.settings
12-14 09:07:23.117  1829  1877 W PackageManager: Unknown permission com.android.launcher.permission.WRITE_SETTINGS in package com.android.settings
12-14 09:07:23.117  1829  1877 W PackageManager: Unknown permission com.android.smspush.WAPPUSH_MANAGER_BIND in package com.android.phone
12-14 09:07:23.117  1829  1877 W PackageManager: Not granting permission android.permission.DEVICE_POWER to package com.android.deskclock (protectionLevel=2 flags=0x48be45)
12-14 09:07:23.117  1829  1877 W PackageManager: Not granting permission android.permission.MOUNT_UNMOUNT_FILESYSTEMS to package com.kiloo.subwaysurf (protectionLevel=18 flags=0x8bc44)
12-14 09:07:23.117  1829  1877 W PackageManager: Unknown permission andorid.permission.CHANGE_CONFIGURATION in package com.kiloo.subwaysurf
12-14 09:07:23.117  1829  1877 W PackageManager: Not granting permission android.permission.READ_LOGS to package com.kiloo.subwaysurf (protectionLevel=50 flags=0x8bc44)
12-14 09:07:23.117  1829  1877 W PackageManager: Not granting permission android.permission.ACCESS_DOWNLOAD_MANAGER to package com.kiloo.subwaysurf (protectionLevel=18 flags=0x8bc44)
12-14 09:07:23.125  1829  1844 W art     : Suspending all threads took: 7.938ms
12-14 09:07:23.126  1829  1877 W PackageManager: Unknown permission com.android.launcher2.permission.READ_SETTINGS in package com.kiloo.subwaysurf
12-14 09:07:23.126  1829  1877 W PackageManager: Unknown permission com.android.launcher.permission.READ_SETTINGS in package com.kiloo.subwaysurf
12-14 09:07:23.126  1829  1877 W PackageManager: Unknown permission android.webkit.permission.PLUGIN in package com.kiloo.subwaysurf
12-14 09:07:23.127  1829  1877 W PackageManager: Unknown permission com.google.android.gallery3d.permission.GALLERY_PROVIDER in package com.android.bluetooth
12-14 09:07:23.127  1829  1877 W PackageManager: Unknown permission com.google.android.googleapps.permission.ACCESS_GOOGLE_PASSWORD in package com.android.development
12-14 09:07:23.127  1829  1877 W PackageManager: Unknown permission com.google.android.googleapps.permission.GOOGLE_AUTH in package com.android.development
12-14 09:07:23.127  1829  1877 W PackageManager: Unknown permission com.google.android.googleapps.permission.GOOGLE_AUTH.ALL_SERVICES in package com.android.development
12-14 09:07:23.127  1829  1877 W PackageManager: Unknown permission com.google.android.googleapps.permission.GOOGLE_AUTH.YouTubeUser in package com.android.development
12-14 09:07:23.129  1829  1844 I art     : Background sticky concurrent mark sweep GC freed 17365(1271KB) AllocSpace objects, 9(144KB) LOS objects, 17% free, 5MB/6MB, paused 8.927ms total 81.287ms
12-14 09:07:23.216  1829  1829 I SystemServer: Status Bar
12-14 09:07:23.236  1829  1829 I SystemServer: Clipboard Service
12-14 09:07:23.238  1829  1829 I SystemServer: NetworkManagement Service
12-14 09:07:23.242  1829  1829 I SystemServer: Text Service Manager Service
12-14 09:07:23.250  1829  1829 I SystemServer: Network Score Service
12-14 09:07:23.251  1829  1829 I SystemServer: NetworkStats Service
12-14 09:07:23.286  1829  1829 I SystemServer: NetworkPolicy Service
12-14 09:07:23.314  1829  1829 I SystemServiceManager: Starting com.android.server.wifi.p2p.WifiP2pService
12-14 09:07:23.414  1829  1829 I WifiP2pService: Registering wifip2p
12-14 09:07:23.416  1829  1829 I SystemServiceManager: Starting com.android.server.wifi.WifiService
12-14 09:07:23.500  1829  1829 E WifiConfigStore: associatedPartialScanPeriodMilli set to 20000
12-14 09:07:23.507  1829  1829 D WifiController: isAirplaneModeOn = false, isWifiEnabled = true, isScanningAvailable = false
12-14 09:07:23.508  1829  1829 I WifiService: Registering wifi
12-14 09:07:23.509  1829  1829 I SystemServiceManager: Starting com.android.server.wifi.WifiScanningService
12-14 09:07:23.509  1829  1829 I WifiScanningService: Creating wifiscanner
12-14 09:07:23.509  1829  1829 I WifiScanningService: Starting wifiscanner
12-14 09:07:23.510  1829  1829 I SystemServiceManager: Starting com.android.server.wifi.RttService
12-14 09:07:23.510  1829  1829 I RttService: Creating rttmanager
12-14 09:07:23.510  1829  1829 I RttService: Starting rttmanager
12-14 09:07:23.510  1829  1829 I SystemServiceManager: Starting com.android.server.ethernet.EthernetService
12-14 09:07:23.511  1829  1829 I EthernetServiceImpl: Creating EthernetConfigStore
12-14 09:07:23.519  1829  1829 E IpConfigStore: Error parsing configuration: java.io.FileNotFoundException: /data/misc/ethernet/ipconfig.txt: open failed: ENOENT (No such file or directory)
12-14 09:07:23.519  1829  1829 W EthernetConfigStore: No Ethernet configuration found. Using default.
12-14 09:07:23.519  1829  1829 I EthernetServiceImpl: Read stored IP configuration: IP assignment: DHCP
12-14 09:07:23.519  1829  1829 I EthernetServiceImpl: Proxy settings: NONE
12-14 09:07:23.519  1829  1829 I EthernetService: Registering service ethernet
12-14 09:07:23.519  1829  1829 I SystemServer: Connectivity Service
12-14 09:07:23.521  1829  1829 D ConnectivityService: ConnectivityService starting up
12-14 09:07:23.522  1829  1829 D ConnectivityService: wifiOnly=false
12-14 09:07:23.522  1829  1829 E ConnectivityService: Ignoring protectedNetwork 14
12-14 09:07:23.522  1829  1829 E ConnectivityService: Ignoring protectedNetwork 15
12-14 09:07:23.566  1829  1829 I SystemServer: Network Service Discovery Service
12-14 09:07:23.581  1829  1829 D NsdService: Network service discovery enabled true
12-14 09:07:23.581  1829  1829 I SystemServer: UpdateLock Service
12-14 09:07:23.750  1829  1829 I SystemServiceManager: Starting com.android.server.notification.NotificationManagerService
12-14 09:07:23.794  1829  1829 D ZenLog  : set_zen_mode: off,setting
12-14 09:07:23.796  1829  1829 I SystemServiceManager: Starting com.android.server.storage.DeviceStorageMonitorService
12-14 09:07:23.798  1829  1829 I SystemServer: Location Manager
12-14 09:07:23.819  1829  1829 I SystemServer: Country Detector
12-14 09:07:23.821  1829  1829 I SystemServer: Search Service
12-14 09:07:23.822  1829  1829 I SystemServer: DropBox Service
12-14 09:07:23.823  1829  1829 I SystemServer: Wallpaper Service
12-14 09:07:23.842  1829  1829 I SystemServer: Audio Service
12-14 09:07:23.869  1829  1829 W TelecomManager: Telecom Service not found.
12-14 09:07:23.870  1554  1554 D BlueZ   : external/bluetooth/bluez/android/hal-audio.c:audio_set_mic_mute() 
12-14 09:07:23.894  1829  1829 I SystemServiceManager: Starting com.android.server.DockObserver
12-14 09:07:23.895  1829  1829 W DockObserver: This kernel does not have dock station support
12-14 09:07:23.895  1829  1829 I SystemServer: Wired Accessory Manager
12-14 09:07:23.896  1829  1829 W WiredAccessoryManager: This kernel does not have usb audio support
12-14 09:07:23.896  1829  1829 W WiredAccessoryManager: This kernel does not have HDMI audio support
12-14 09:07:23.896  1829  1829 I SystemServiceManager: Starting com.android.server.usb.UsbService$Lifecycle
12-14 09:07:23.921  1829  1829 I SystemServer: Serial Service
12-14 09:07:23.922  1829  1829 I SystemServiceManager: Starting com.android.server.twilight.TwilightService
12-14 09:07:23.923  1829  1829 I SystemServiceManager: Starting com.android.server.UiModeManagerService
12-14 09:07:23.925  1829  1829 I SystemServiceManager: Starting com.android.server.job.JobSchedulerService
12-14 09:07:23.945  1829  1829 I SystemServiceManager: Starting com.android.server.backup.BackupManagerService$Lifecycle
12-14 09:07:23.946  1829  1829 I SystemServiceManager: Starting com.android.server.appwidget.AppWidgetService
12-14 09:07:23.948  1829  1829 I SystemServiceManager: Starting com.android.server.voiceinteraction.VoiceInteractionManagerService
12-14 09:07:23.949  1829  1829 W SoundTriggerHelper: listModules status=0, # of modules=0
12-14 09:07:23.949  1829  1829 I SystemServer: DiskStats Service
12-14 09:07:23.950  1829  1829 I SystemServer: SamplingProfiler Service
12-14 09:07:23.968  1829  1829 I SystemServer: NetworkTimeUpdateService
12-14 09:07:23.969  1829  1829 I SystemServer: CommonTimeManagementService
12-14 09:07:23.970  1829  1829 I SystemServer: CertBlacklister
12-14 09:07:23.971  1829  1829 I SystemServiceManager: Starting com.android.server.dreams.DreamManagerService
12-14 09:07:23.972  1829  1829 I SystemServer: Assets Atlas Service
12-14 09:07:23.974  1829  1829 I SystemServiceManager: Starting com.android.server.print.PrintManagerService
12-14 09:07:23.991  1829  1891 D AssetAtlas: Loaded configuration: SliceMinArea (768x768) flags=0x2 count=446
12-14 09:07:23.999  1829  1891 I GRALLOC-DRM: create intel for driver i915
12-14 09:07:24.014  1829  1829 I SystemServiceManager: Starting com.android.server.restrictions.RestrictionsManagerService
12-14 09:07:24.015  1829  1829 I SystemServiceManager: Starting com.android.server.media.MediaSessionService
12-14 09:07:24.035  1829  1829 I SystemServer: Media Router Service
12-14 09:07:24.036  1829  1829 I SystemServiceManager: Starting com.android.server.trust.TrustManagerService
12-14 09:07:24.038  1829  1829 I SystemServiceManager: Starting com.android.server.fingerprint.FingerprintService
12-14 09:07:24.038  1829  1829 V Fingerprint-JNI: nativeInit()
12-14 09:07:24.038  1829  1829 V Fingerprint-JNI: nativeOpenHal()
12-14 09:07:24.038  1829  1829 E Fingerprint-JNI: Can't open fingerprint HW Module, error: -2
12-14 09:07:24.038  1829  1829 I SystemServer: BackgroundDexOptService
12-14 09:07:24.040  1829  1829 I SystemServiceManager: Starting com.android.server.pm.LauncherAppsService
12-14 09:07:24.041  1829  1829 I SystemServiceManager: Starting com.android.server.media.projection.MediaProjectionManagerService
12-14 09:07:24.077  1829  1829 I WindowManager: SAFE MODE not enabled
12-14 09:07:24.077  1829  1829 I SystemServiceManager: Starting com.android.server.MmsServiceBroker
12-14 09:07:24.143  1829  1829 E SQLiteLog: (283) recovered 16 frames from WAL file /data/system/locksettings.db-wal
12-14 09:07:24.145  1829  1829 E LockSettingsStorage: Cannot read file java.io.FileNotFoundException: /data/system/password.key: open failed: ENOENT (No such file or directory)
12-14 09:07:24.145  1829  1829 E LockSettingsStorage: Cannot read file java.io.FileNotFoundException: /data/system/gesture.key: open failed: ENOENT (No such file or directory)
12-14 09:07:24.145  1829  1829 I SystemServiceManager: Starting phase 480
12-14 09:07:24.157  1829  1829 I SystemServiceManager: Starting phase 500
12-14 09:07:24.157  1829  1829 I WifiService: WifiService starting up with Wi-Fi enabled
12-14 09:07:24.158  1829  1829 D WifiService: setWifiEnabled: true pid=1829, uid=1000
12-14 09:07:24.158  1829  1829 E WifiService: Invoking mWifiStateMachine.setWifiEnabled
12-14 09:07:24.158  1829  1883 D WifiController: WifiController msg { when=-1ms what=155656 target=com.android.internal.util.StateMachine$SmHandler } deferred for 499ms
12-14 09:07:24.165  1829  1883 D WifiService: New client listening to asynchronous messages
12-14 09:07:24.166  1829  1829 I WifiScanningService: Registering wifiscanner
12-14 09:07:24.167  1829  1829 D WifiScanningService: New client, channel: null messenger: null
12-14 09:07:24.167  1829  1829 I RttService: Registering rttmanager
12-14 09:07:24.167  1829  1894 D WifiChangeStateMachine: Entering IdleState
12-14 09:07:24.168  1829  1894 D WifiScanningService: DefaultState
12-14 09:07:24.170  1829  1829 I EthernetServiceImpl: Starting Ethernet service
12-14 09:07:24.171  1829  1829 D Ethernet: Registering NetworkFactory
12-14 09:07:24.171  1829  1884 D ConnectivityService: Got NetworkFactory Messenger for Ethernet
12-14 09:07:24.171  1829  1896 D Ethernet: got request NetworkRequest [ id=1, legacyType=-1, [ Capabilities: INTERNET&NOT_RESTRICTED&TRUSTED&NOT_VPN] ] with score 0
12-14 09:07:24.172  1829  1829 D EthernetNetworkFactory: Started tracking interface eth0
12-14 09:07:24.172  1549  1787 D CommandListener: Setting iface cfg
12-14 09:07:24.172  1549  1787 D CommandListener: Trying to bring up eth0
12-14 09:07:24.179  1829  1891 I EGL-DRI2: DRI2: found extension DRI_Core version 1
12-14 09:07:24.179  1829  1891 I EGL-DRI2: DRI2: found extension DRI_DRI2 version 4
12-14 09:07:24.183  1829  1891 I EGL-DRI2: DRI2: found extension DRI_TexBuffer version 3
12-14 09:07:24.183  1829  1891 I EGL-DRI2: DRI2: found extension DRI2_Flush version 4
12-14 09:07:24.183  1829  1891 I EGL-DRI2: DRI2: found extension DRI_IMAGE version 11
12-14 09:07:24.188  1829  1891 D AssetAtlas: Rendered atlas in 10.42ms (1.72+8.70ms)
12-14 09:07:24.420  1829  1829 I ActivityManager: Config changes=200 {1.0 ?mcc?mnc en_US ?layoutDir sw768dp w1366dp h695dp 160dpi xlrg long land -touch qwerty/v/v -nav/h s.4}
12-14 09:07:24.440  1829  1829 V BackupManagerService: No ancestral data
12-14 09:07:24.450  1829  1829 D BackupManagerService: Now staging backup of com.android.browser
12-14 09:07:24.499  1829  1829 D BackupManagerService: Now staging backup of android
12-14 09:07:24.521  1829  1829 D BackupManagerService: Now staging backup of com.android.calendar
12-14 09:07:24.543  1829  1829 D BackupManagerService: Now staging backup of com.android.providers.settings
12-14 09:07:24.565  1829  1829 D BackupManagerService: Now staging backup of com.android.sharedstoragebackup
12-14 09:07:24.587  1829  1829 D BackupManagerService: Now staging backup of com.android.dialer
12-14 09:07:24.610  1829  1829 D BackupManagerService: Now staging backup of com.android.providers.userdictionary
12-14 09:07:24.632  1829  1829 V BackupManagerService: Starting with transport android/com.android.internal.backup.LocalTransport
12-14 09:07:24.632  1829  1829 V BackupManagerService: Found transports: 1
12-14 09:07:24.632  1829  1829 I BackupManagerService: Binding to transport host ComponentInfo{android/com.android.internal.backup.LocalTransportService}
12-14 09:07:24.636  1829  1829 I BackupManagerService: Found stale backup journal, scheduling
12-14 09:07:24.663  1829  1883 D WifiController: DEFERRED_TOGGLE handled
12-14 09:07:24.758  1829  1882 I WifiHW  : got module path auto
12-14 09:07:24.758  1829  1882 E WifiStateMachine: Failed to load driver
12-14 09:07:24.873  1829  1829 I AppOps  : Pruning old package media/1013: new uid=-1
12-14 09:07:24.873  1829  1829 I ActivityManager: System now ready
12-14 09:07:24.882  1829  1829 I SystemServer: Making services ready
12-14 09:07:24.882  1829  1829 I SystemServiceManager: Starting phase 550
12-14 09:07:24.884  1829  1829 I SystemServer: WebViewFactory preparation
12-14 09:07:24.895  1829  1829 I Zygote  : Process: zygote socket opened, supported ABIS: x86_64,arm64-v8a
12-14 09:07:24.905  1829  1829 I Zygote  : Process: zygote socket opened, supported ABIS: x86,armeabi-v7a,armeabi
12-14 09:07:24.944  1829  1829 I ActivityManager: Start proc 1902:WebViewLoader-x86/1037 [android.webkit.WebViewFactory$RelroFileCreator] for 
12-14 09:07:24.963  1829  1829 I ActivityManager: Start proc 1918:WebViewLoader-x86_64/1037 [android.webkit.WebViewFactory$RelroFileCreator] for 
12-14 09:07:24.966  1918  1918 V WebViewFactory: RelroFileCreator (64bit = true),  32-bit lib: /system/app/webview/lib/x86/libwebviewchromium.so, 64-bit lib: /system/app/webview/lib/x86_64/libwebviewchromium.so
12-14 09:07:24.981  1829  1829 I ActivityManager: Start proc 1938:com.android.systemui/u0a8 for service com.android.systemui/.SystemUIService
12-14 09:07:24.982  1829  1829 D NetworkManagementService: not enabling bandwidth control
12-14 09:07:24.982  1829  1875 E MountService: Boot-time mount failed (-1)
12-14 09:07:24.982  1829  1875 W MountService: Duplicate state transition (mounted -> mounted) for /storage/emulated/0
12-14 09:07:24.983  1944  1944 W linker  : [vdso]: unused DT entry: type 0x6ffffef5 arg 0x160
12-14 09:07:24.983  1549  1787 I iptables: WARNING: linker: [vdso]: unused DT entry: type 0x6ffffef5 arg 0x160
12-14 09:07:24.984  1945  1945 W linker  : [vdso]: unused DT entry: type 0x6ffffef5 arg 0x160
12-14 09:07:24.984  1549  1787 I ip6tables: WARNING: linker: [vdso]: unused DT entry: type 0x6ffffef5 arg 0x160
12-14 09:07:24.986  1949  1949 W linker  : [vdso]: unused DT entry: type 0x6ffffef5 arg 0x160
12-14 09:07:24.986  1549  1787 I iptables: WARNING: linker: [vdso]: unused DT entry: type 0x6ffffef5 arg 0x160
12-14 09:07:24.987  1952  1952 W linker  : [vdso]: unused DT entry: type 0x6ffffef5 arg 0x160
12-14 09:07:24.987  1549  1787 I ip6tables: WARNING: linker: [vdso]: unused DT entry: type 0x6ffffef5 arg 0x160
12-14 09:07:24.988  1959  1959 W linker  : [vdso]: unused DT entry: type 0x6ffffef5 arg 0x160
12-14 09:07:24.989  1549  1787 I iptables: WARNING: linker: [vdso]: unused DT entry: type 0x6ffffef5 arg 0x160
12-14 09:07:24.990  1961  1961 W linker  : [vdso]: unused DT entry: type 0x6ffffef5 arg 0x160
12-14 09:07:24.990  1549  1787 I ip6tables: WARNING: linker: [vdso]: unused DT entry: type 0x6ffffef5 arg 0x160
12-14 09:07:24.991  1829  1829 W NetworkStats: bandwidth controls disabled, unable to track stats
12-14 09:07:24.991  1829  1829 W NetworkPolicy: bandwidth controls disabled, unable to enforce policy
12-14 09:07:24.992  1963  1963 W linker  : [vdso]: unused DT entry: type 0x6ffffef5 arg 0x160
12-14 09:07:24.992  1549  1787 I iptables: WARNING: linker: [vdso]: unused DT entry: type 0x6ffffef5 arg 0x160
12-14 09:07:24.993  1964  1964 W linker  : [vdso]: unused DT entry: type 0x6ffffef5 arg 0x160
12-14 09:07:24.993  1549  1787 I ip6tables: WARNING: linker: [vdso]: unused DT entry: type 0x6ffffef5 arg 0x160
12-14 09:07:24.994  1965  1965 W linker  : [vdso]: unused DT entry: type 0x6ffffef5 arg 0x160
12-14 09:07:24.994  1549  1787 I iptables: WARNING: linker: [vdso]: unused DT entry: type 0x6ffffef5 arg 0x160
12-14 09:07:24.995  1966  1966 W linker  : [vdso]: unused DT entry: type 0x6ffffef5 arg 0x160
12-14 09:07:24.995  1549  1787 I ip6tables: WARNING: linker: [vdso]: unused DT entry: type 0x6ffffef5 arg 0x160
12-14 09:07:24.996  1967  1967 W linker  : [vdso]: unused DT entry: type 0x6ffffef5 arg 0x160
12-14 09:07:24.996  1549  1787 I iptables: WARNING: linker: [vdso]: unused DT entry: type 0x6ffffef5 arg 0x160
12-14 09:07:24.997  1968  1968 W linker  : [vdso]: unused DT entry: type 0x6ffffef5 arg 0x160
12-14 09:07:24.997  1549  1787 I ip6tables: WARNING: linker: [vdso]: unused DT entry: type 0x6ffffef5 arg 0x160
12-14 09:07:24.998  1829  1829 D PermissionMonitor: Monitoring
12-14 09:07:24.998  1829  1829 D PermissionMonitor: Users: 1, Apps: 60
12-14 09:07:24.999  1829  1829 I SystemServiceManager: Starting phase 600
12-14 09:07:25.000  1829  1854 D BluetoothManagerService: Message: 20
12-14 09:07:25.000  1829  1854 D BluetoothManagerService: Added callback: android.bluetooth.BluetoothAdapter$1@2031552c:true
12-14 09:07:25.000  1829  1829 I BackupManagerService: Backup enabled => false
12-14 09:07:25.000  1829  1829 I BackupManagerService: Opting out of backup
12-14 09:07:25.003  1902  1902 V WebViewFactory: RelroFileCreator (64bit = false),  32-bit lib: /system/app/webview/lib/x86/libwebviewchromium.so, 64-bit lib: /system/app/webview/lib/x86_64/libwebviewchromium.so
12-14 09:07:25.096  1829  1888 D BluetoothManagerService: Trying to bind to profile: 1, while Bluetooth was disabled
12-14 09:07:25.096  1829  1854 D BluetoothManagerService: Message: 30
12-14 09:07:25.097  1829  1854 D BluetoothManagerService: Message: 30
12-14 09:07:25.188  1829  1829 E InputMethodManagerService: Ignoring setImeWindowStatus due to an invalid token. uid:1000 token:null
12-14 09:07:25.213  1829  1829 I ActivityManager: Start proc 1970:com.android.inputmethod.latin/u0a23 for service com.android.inputmethod.latin/.LatinIME
12-14 09:07:25.213  1829  1829 V InputMethodManagerService: Adding window token: android.os.Binder@3cdafebf
12-14 09:07:25.353  1829  1829 D gps_serial: GPS dev open_gps
12-14 09:07:25.353  1829  1829 D gps_serial: GPS dev get_hardware_interface
12-14 09:07:25.367  1829  1829 D GpsLocationProvider: Reset GPS properties, previous size = 0
12-14 09:07:25.367  1829  1829 D GpsLocationProvider: GpsParamsResource: SUPL_HOST=supl.google.com
12-14 09:07:25.367  1829  1829 D GpsLocationProvider: GpsParamsResource: SUPL_PORT=7275
12-14 09:07:25.368  1829  1829 D GpsLocationProvider: GpsParamsResource: NTP_SERVER=north-america.pool.ntp.org
12-14 09:07:25.368  1829  1829 D GpsLocationProvider: GpsParamsResource: SUPL_VER=0x20000
12-14 09:07:25.368  1829  1829 D GpsLocationProvider: GpsParamsResource: SUPL_MODE=1
12-14 09:07:25.368  1829  1844 I art     : Background partial concurrent mark sweep GC freed 16117(1097KB) AllocSpace objects, 10(160KB) LOS objects, 33% free, 7MB/11MB, paused 35.637ms total 271.084ms
12-14 09:07:25.442  1554  1992 E WVMExtractor: Failed to open libwvm.so: dlopen failed: library "libwvm.so" not found
12-14 09:07:25.453  1554  1874 D NuPlayerDriver: start(0xf502f1c0)
12-14 09:07:25.453  1554  1991 I GenericSource: start
12-14 09:07:25.485  1829  1829 D GpsLocationProvider: GPS properties reloaded, size = 8
12-14 09:07:25.485  1829  1829 E GpsLocationProvider: no AGPS interface in set_agps_server
12-14 09:07:25.486  1829  1829 E GpsLocationProvider: no GPS configuration interface in configuraiton_update
12-14 09:07:25.486  1829  1829 D GpsLocationProvider: final config = #Mon Dec 14 09:07:25 GMT+00:00 2015
12-14 09:07:25.486  1829  1829 D GpsLocationProvider: SUPL_VER=0x20000
12-14 09:07:25.486  1829  1829 D GpsLocationProvider: SUPL_HOST=supl.google.com
12-14 09:07:25.486  1829  1829 D GpsLocationProvider: XTRA_SERVER_3=http\://xtra3.gpsonextra.net/xtra.bin
12-14 09:07:25.486  1829  1829 D GpsLocationProvider: XTRA_SERVER_1=http\://xtra1.gpsonextra.net/xtra.bin
12-14 09:07:25.486  1829  1829 D GpsLocationProvider: SUPL_PORT=7275
12-14 09:07:25.486  1829  1829 D GpsLocationProvider: XTRA_SERVER_2=http\://xtra2.gpsonextra.net/xtra.bin
12-14 09:07:25.486  1829  1829 D GpsLocationProvider: NTP_SERVER=north-america.pool.ntp.org
12-14 09:07:25.486  1829  1829 D GpsLocationProvider: SUPL_MODE=1
12-14 09:07:25.490  1829  1829 W LocationManagerService: no network location provider found
12-14 09:07:25.491  1829  1829 E LocationManagerService: no geocoder provider found
12-14 09:07:25.492  1829  1829 E FlpHardwareProvider: Error hw_get_module 'flp': -2
