--------- beginning of main
12-14 14:12:37.443  1794  1794 I lowmemorykiller: Using in-kernel low memory killer interface
12-14 14:12:37.448  1809  1809 I         : debuggerd: Oct  6 2015 23:16:39
12-14 14:12:37.449  1820  1820 I powerbtn: open event2(Power Button) ok
12-14 14:12:37.449  1820  1820 I powerbtn: open event1(Power Button) ok
12-14 14:12:37.449  1814  1814 I installd: installd firing up
12-14 14:12:37.450  1806  1806 I Netd    : Netd 1.0 starting
12-14 14:12:37.451  1803  1803 E ProbeModule: insmod_by_dep: cannot load module: [net-pf-16-proto-9]
12-14 14:12:37.451  1806  1806 E Netd    : Failed to open /proc/sys/net/ipv6/conf/default/accept_ra_rt_table: No such file or directory
12-14 14:12:37.451  1806  1806 E Netd    : Failed to open /proc/sys/net/ipv6/conf/eth0/accept_ra_rt_table: No such file or directory
12-14 14:12:37.451  1806  1806 E Netd    : Failed to open /proc/sys/net/ipv6/conf/ip6tnl0/accept_ra_rt_table: No such file or directory
12-14 14:12:37.451  1806  1806 E Netd    : Failed to open /proc/sys/net/ipv6/conf/lo/accept_ra_rt_table: No such file or directory
12-14 14:12:37.451  1806  1806 E Netd    : Failed to open /proc/sys/net/ipv6/conf/sit0/accept_ra_rt_table: No such file or directory
12-14 14:12:37.451  1806  1806 E Netd    : Failed to open /proc/sys/net/ipv6/conf/wlan0/accept_ra_rt_table: No such file or directory
--------- beginning of system
12-14 14:12:37.451  1796  1796 I Vold    : Vold 2.1 (the revenge) firing up
12-14 14:12:37.451  1796  1796 E DirectVolume: Vold managed volumes must have auto mount point; ignoring /storage/usb0
12-14 14:12:37.451  1796  1796 D Vold    : Volume usb0 state changing -1 (Initializing) -> 0 (No-Media)
12-14 14:12:37.451  1796  1796 E DirectVolume: Vold managed volumes must have auto mount point; ignoring /storage/usb1
12-14 14:12:37.451  1796  1796 D Vold    : Volume usb1 state changing -1 (Initializing) -> 0 (No-Media)
12-14 14:12:37.451  1796  1796 E DirectVolume: Vold managed volumes must have auto mount point; ignoring /storage/usb2
12-14 14:12:37.451  1796  1796 D Vold    : Volume usb2 state changing -1 (Initializing) -> 0 (No-Media)
12-14 14:12:37.451  1796  1796 E DirectVolume: Vold managed volumes must have auto mount point; ignoring /storage/usb3
12-14 14:12:37.451  1796  1796 D Vold    : Volume usb3 state changing -1 (Initializing) -> 0 (No-Media)
12-14 14:12:37.457  1797  1797 I SurfaceFlinger: SurfaceFlinger is starting
12-14 14:12:37.457  1797  1797 I SurfaceFlinger: SurfaceFlinger's main thread ready to run. Initializing graphics H/W...
12-14 14:12:37.466  1797  1797 D libEGL  : loaded /system/lib64/egl/libGLES_mesa.so
12-14 14:12:37.477  1797  1797 I GRALLOC-DRM: create intel for driver i915
12-14 14:12:37.481  1808  1808 I         : debuggerd: Oct  6 2015 23:16:39
12-14 14:12:37.483  1817  1817 I keystore: SELinux: Keystore SELinux is disabled.
12-14 14:12:37.489  1797  1797 I EGL-DRI2: DRI2: found extension DRI_Core version 1
12-14 14:12:37.489  1797  1797 I EGL-DRI2: DRI2: found extension DRI_DRI2 version 4
12-14 14:12:37.502  1797  1797 I EGL-DRI2: DRI2: found extension DRI_TexBuffer version 3
12-14 14:12:37.502  1797  1797 I EGL-DRI2: DRI2: found extension DRI2_Flush version 4
12-14 14:12:37.502  1797  1797 I EGL-DRI2: DRI2: found extension DRI_IMAGE version 11
12-14 14:12:37.502  1797  1797 D GRALLOC-KMS: supported drm planes and formats
12-14 14:12:37.502  1797  1797 D GRALLOC-KMS: plane id 21
12-14 14:12:37.502  1797  1797 D GRALLOC-KMS:     format XB24
12-14 14:12:37.502  1797  1797 D GRALLOC-KMS:     format XR24
12-14 14:12:37.502  1797  1797 D GRALLOC-KMS:     format YUYV
12-14 14:12:37.502  1797  1797 D GRALLOC-KMS:     format YVYU
12-14 14:12:37.502  1797  1797 D GRALLOC-KMS:     format UYVY
12-14 14:12:37.502  1797  1797 D GRALLOC-KMS:     format VYUY
12-14 14:12:37.502  1797  1797 D GRALLOC-KMS: plane id 25
12-14 14:12:37.502  1797  1797 D GRALLOC-KMS:     format XB24
12-14 14:12:37.502  1797  1797 D GRALLOC-KMS:     format XR24
12-14 14:12:37.502  1797  1797 D GRALLOC-KMS:     format YUYV
12-14 14:12:37.502  1797  1797 D GRALLOC-KMS:     format YVYU
12-14 14:12:37.502  1797  1797 D GRALLOC-KMS:     format UYVY
12-14 14:12:37.502  1797  1797 D GRALLOC-KMS:     format VYUY
12-14 14:12:37.502  1797  1797 D GRALLOC-KMS: plane id 29
12-14 14:12:37.502  1797  1797 D GRALLOC-KMS:     format XB24
12-14 14:12:37.502  1797  1797 D GRALLOC-KMS:     format XR24
12-14 14:12:37.502  1797  1797 D GRALLOC-KMS:     format YUYV
12-14 14:12:37.502  1797  1797 D GRALLOC-KMS:     format YVYU
12-14 14:12:37.502  1797  1797 D GRALLOC-KMS:     format UYVY
12-14 14:12:37.502  1797  1797 D GRALLOC-KMS:     format VYUY
12-14 14:12:37.511  1797  1797 I GRALLOC-KMS: there is one mode on connector 0x33: 1920x1080
12-14 14:12:37.511  1797  1797 I GRALLOC-KMS: Established mode:
12-14 14:12:37.511  1797  1797 I GRALLOC-KMS: clock: 143000, hdisplay: 1920, hsync_start: 1968, hsync_end: 2000, htotal: 2080, hskew: 0
12-14 14:12:37.511  1797  1797 I GRALLOC-KMS: vdisplay: 1080, vsync_start: 1082, vsync_end: 1087, vtotal: 1144, vscan: 0, vrefresh: 60
12-14 14:12:37.511  1797  1797 I GRALLOC-KMS: flags: 10, type: 72, name 1920x1080
12-14 14:12:37.511  1797  1797 I GRALLOC-KMS: the best mode is 1920x1080
12-14 14:12:37.521  1797  1797 D GRALLOC-KMS: will use flip for fb posting
12-14 14:12:37.521  1797  1797 I GRALLOC-MOD: mode.hdisplay 1920
12-14 14:12:37.521  1797  1797 I GRALLOC-MOD: mode.vdisplay 1080
12-14 14:12:37.521  1797  1797 I GRALLOC-MOD: mode.vrefresh 60.000000
12-14 14:12:37.521  1797  1797 I GRALLOC-MOD: format 0x5
12-14 14:12:37.521  1797  1797 I GRALLOC-MOD: xdpi 143.000000
12-14 14:12:37.521  1797  1797 I GRALLOC-MOD: ydpi 144.000000
12-14 14:12:37.521  1797  1797 I GRALLOC-MOD: mode.hdisplay 1920
12-14 14:12:37.521  1797  1797 I GRALLOC-MOD: mode.vdisplay 1080
12-14 14:12:37.521  1797  1797 I GRALLOC-MOD: mode.vrefresh 60.000000
12-14 14:12:37.521  1797  1797 I GRALLOC-MOD: format 0x5
12-14 14:12:37.521  1797  1797 I GRALLOC-MOD: xdpi 143.000000
12-14 14:12:37.521  1797  1797 I GRALLOC-MOD: ydpi 144.000000
12-14 14:12:37.521  1797  1797 W hwcomposer: getting VSYNC period from fb HAL: 16666667
12-14 14:12:37.521  1797  1797 D hwcomposer: Intel hwcomposer module
12-14 14:12:37.521  1797  1797 I SurfaceFlinger: Using composer version 1.0
12-14 14:12:37.521  1797  1797 W SurfaceFlinger: no suitable EGLConfig found, trying a simpler query
12-14 14:12:37.521  1797  1797 I SurfaceFlinger: EGL information:
12-14 14:12:37.521  1797  1797 I SurfaceFlinger: vendor    : Android
12-14 14:12:37.521  1797  1797 I SurfaceFlinger: version   : 1.4 Android META-EGL
12-14 14:12:37.521  1797  1797 I SurfaceFlinger: extensions: EGL_KHR_get_all_proc_addresses EGL_ANDROID_presentation_time EGL_KHR_image_base EGL_KHR_gl_texture_2D_image EGL_KHR_gl_texture_cubemap_image EGL_KHR_gl_renderbuffer_image EGL_KHR_fence_sync EGL_KHR_create_context EGL_EXT_create_context_robustness EGL_ANDROID_image_native_buffer EGL_KHR_wait_sync 
12-14 14:12:37.521  1797  1797 I SurfaceFlinger: Client API: OpenGL_ES
12-14 14:12:37.521  1797  1797 I SurfaceFlinger: EGLSurface: 8-8-8-8, config=0x7f4cffd7a040
12-14 14:12:37.539  1813  1813 I mediaserver: ServiceManager: 0xf58356a0
12-14 14:12:37.539  1813  1813 I AudioFlinger: Using default 3000 mSec as standby time.
12-14 14:12:37.539  1813  1813 I ServiceManager: Waiting for service batterystats...
12-14 14:12:37.546  1797  1797 I SurfaceFlinger: OpenGL ES informations:
12-14 14:12:37.546  1797  1797 I SurfaceFlinger: vendor    : Intel Open Source Technology Center
12-14 14:12:37.546  1797  1797 I SurfaceFlinger: renderer  : Mesa DRI Intel(R) Haswell Mobile 
12-14 14:12:37.546  1797  1797 I SurfaceFlinger: version   : OpenGL ES 3.0 Mesa 11.0.2 (git-68868dc)
12-14 14:12:37.546  1797  1797 I SurfaceFlinger: extensions: GL_EXT_blend_minmax GL_EXT_multi_draw_arrays GL_EXT_texture_filter_anisotropic GL_EXT_texture_compression_dxt1 GL_EXT_texture_format_BGRA8888 GL_OES_compressed_ETC1_RGB8_texture GL_OES_depth24 GL_OES_element_index_uint GL_OES_fbo_render_mipmap GL_OES_mapbuffer GL_OES_rgb8_rgba8 GL_OES_standard_derivatives GL_OES_stencil8 GL_OES_texture_3D GL_OES_texture_float GL_OES_texture_float_linear GL_OES_texture_half_float GL_OES_texture_half_float_linear GL_OES_texture_npot GL_OES_EGL_image GL_OES_depth_texture GL_OES_packed_depth_stencil GL_EXT_texture_type_2_10_10_10_REV GL_OES_get_program_binary GL_APPLE_texture_max_level GL_EXT_discard_framebuffer GL_EXT_read_format_bgra GL_NV_fbo_color_attachments GL_OES_EGL_image_external GL_OES_EGL_sync GL_OES_vertex_array_object GL_ANGLE_texture_compression_dxt3 GL_ANGLE_texture_compression_dxt5 GL_EXT_texture_rg GL_EXT_unpack_subimage GL_NV_draw_buffers GL_NV_read_buffer GL_NV_read_depth GL_NV_read_depth_stencil GL_NV_read_stencil GL_EXT_draw_buffers GL_EXT_map_bu
12-14 14:12:37.546  1797  1797 I SurfaceFlinger: GL_MAX_TEXTURE_SIZE = 8192
12-14 14:12:37.546  1797  1797 I SurfaceFlinger: GL_MAX_VIEWPORT_DIMS = 16384
12-14 14:12:37.546  1797  1797 D SurfaceFlinger: Open /dev/tty0 OK
12-14 14:12:37.553  1797  1797 D SurfaceFlinger: Set power mode=2, type=0 flinger=0x7f4cffc62000
12-14 14:12:37.557  1806  1806 V NatController: runCmd(/system/bin/iptables -F natctrl_FORWARD) res=0
12-14 14:12:37.558  1806  1806 V NatController: runCmd(/system/bin/iptables -A natctrl_FORWARD -j DROP) res=0
12-14 14:12:37.558  1806  1806 V NatController: runCmd(/system/bin/iptables -t nat -F natctrl_nat_POSTROUTING) res=0
12-14 14:12:37.559  1806  1806 V NatController: runCmd(/system/bin/iptables -F natctrl_tether_counters) res=1
12-14 14:12:37.559  1806  1806 V NatController: runCmd(/system/bin/iptables -X natctrl_tether_counters) res=1
12-14 14:12:37.560  1806  1806 V NatController: runCmd(/system/bin/iptables -N natctrl_tether_counters) res=0
12-14 14:12:37.561  1806  1806 V NatController: runCmd(/system/bin/iptables -t mangle -A natctrl_mangle_FORWARD -p tcp --tcp-flags SYN SYN -j TCPMSS --clamp-mss-to-pmtu) res=0
12-14 14:12:37.580  1797  1830 I SurfaceFlinger: auto set density to 240
12-14 14:12:37.581  1979  2015 D libEGL  : loaded /system/lib64/egl/libGLES_mesa.so
12-14 14:12:37.587  1979  2015 I GRALLOC-DRM: create intel for driver i915
12-14 14:12:37.588  1979  2015 I EGL-DRI2: DRI2: found extension DRI_Core version 1
12-14 14:12:37.588  1979  2015 I EGL-DRI2: DRI2: found extension DRI_DRI2 version 4
12-14 14:12:37.591  1806  1806 I iptables: iptables: Invalid argument. Run `dmesg' for more information.
12-14 14:12:37.592  1806  1806 I iptables: iptables terminated by exit(1)
12-14 14:12:37.592  1806  1806 E BandwidthController: runIptablesCmd(): res=1 status=256 failed /system/bin/iptables -A bw_INPUT -m owner --socket-exists
12-14 14:12:37.592  1979  2015 I EGL-DRI2: DRI2: found extension DRI_TexBuffer version 3
12-14 14:12:37.592  1979  2015 I EGL-DRI2: DRI2: found extension DRI2_Flush version 4
12-14 14:12:37.592  1979  2015 I EGL-DRI2: DRI2: found extension DRI_IMAGE version 11
12-14 14:12:37.592  1806  1806 I ip6tables: ip6tables: Invalid argument. Run `dmesg' for more information.
12-14 14:12:37.592  1806  1806 I ip6tables: ip6tables terminated by exit(1)
12-14 14:12:37.592  1806  1806 E BandwidthController: runIptablesCmd(): res=1 status=256 failed /system/bin/ip6tables -A bw_INPUT -m owner --socket-exists
12-14 14:12:37.594  1819  1819 D AndroidRuntime: >>>>>> START com.android.internal.os.ZygoteInit uid 0 <<<<<<
12-14 14:12:37.606  1819  1819 D AndroidRuntime: CheckJNI is OFF
12-14 14:12:37.610  1818  1818 D AndroidRuntime: >>>>>> START com.android.internal.os.ZygoteInit uid 0 <<<<<<
12-14 14:12:37.612  1819  1819 I art     : option[0]=-Xzygote
12-14 14:12:37.612  1819  1819 I art     : option[1]=-Xstacktracefile:/data/anr/traces.txt
12-14 14:12:37.612  1819  1819 I art     : option[2]=exit
12-14 14:12:37.612  1819  1819 I art     : option[3]=vfprintf
12-14 14:12:37.612  1819  1819 I art     : option[4]=sensitiveThread
12-14 14:12:37.612  1819  1819 I art     : option[5]=-verbose:gc
12-14 14:12:37.612  1819  1819 I art     : option[6]=-Xms16m
12-14 14:12:37.612  1819  1819 I art     : option[7]=-Xmx512m
12-14 14:12:37.612  1819  1819 I art     : option[8]=-XX:mainThreadStackSize=24K
12-14 14:12:37.612  1819  1819 I art     : option[9]=-XX:HeapGrowthLimit=192m
12-14 14:12:37.612  1819  1819 I art     : option[10]=-XX:HeapMinFree=512k
12-14 14:12:37.612  1819  1819 I art     : option[11]=-XX:HeapMaxFree=8m
12-14 14:12:37.612  1819  1819 I art     : option[12]=-XX:HeapTargetUtilization=0.75
12-14 14:12:37.612  1819  1819 I art     : option[13]=-Xgenregmap
12-14 14:12:37.612  1819  1819 I art     : option[14]=-Xgc:precise
12-14 14:12:37.612  1819  1819 I art     : option[15]=-agentlib:jdwp=transport=dt_android_adb,suspend=n,server=y
12-14 14:12:37.612  1819  1819 I art     : option[16]=-Xlockprofthreshold:500
12-14 14:12:37.612  1819  1819 I art     : option[17]=-Ximage-compiler-option
12-14 14:12:37.612  1819  1819 I art     : option[18]=--runtime-arg
12-14 14:12:37.612  1819  1819 I art     : option[19]=-Ximage-compiler-option
12-14 14:12:37.612  1819  1819 I art     : option[20]=-Xms64m
12-14 14:12:37.612  1819  1819 I art     : option[21]=-Ximage-compiler-option
12-14 14:12:37.612  1819  1819 I art     : option[22]=--runtime-arg
12-14 14:12:37.612  1819  1819 I art     : option[23]=-Ximage-compiler-option
12-14 14:12:37.612  1819  1819 I art     : option[24]=-Xmx64m
12-14 14:12:37.612  1819  1819 I art     : option[25]=-Ximage-compiler-option
12-14 14:12:37.612  1819  1819 I art     : option[26]=--image-classes=/system/etc/preloaded-classes
12-14 14:12:37.612  1819  1819 I art     : option[27]=-Xcompiler-option
12-14 14:12:37.612  1819  1819 I art     : option[28]=--runtime-arg
12-14 14:12:37.612  1819  1819 I art     : option[29]=-Xcompiler-option
12-14 14:12:37.612  1819  1819 I art     : option[30]=-Xms64m
12-14 14:12:37.612  1819  1819 I art     : option[31]=-Xcompiler-option
12-14 14:12:37.612  1819  1819 I art     : option[32]=--runtime-arg
12-14 14:12:37.612  1819  1819 I art     : option[33]=-Xcompiler-option
12-14 14:12:37.612  1819  1819 I art     : option[34]=-Xmx512m
12-14 14:12:37.612  1819  1819 I art     : option[35]=-Duser.language=zh
12-14 14:12:37.612  1819  1819 I art     : option[36]=-Duser.region=CN
12-14 14:12:37.612  1819  1819 I art     : option[37]=-XX:NativeBridge=libnb.so
12-14 14:12:37.618  1818  1818 D AndroidRuntime: CheckJNI is OFF
12-14 14:12:37.621  1818  1818 I art     : option[0]=-Xzygote
12-14 14:12:37.621  1818  1818 I art     : option[1]=-Xstacktracefile:/data/anr/traces.txt
12-14 14:12:37.621  1818  1818 I art     : option[2]=exit
12-14 14:12:37.621  1818  1818 I art     : option[3]=vfprintf
12-14 14:12:37.622  1818  1818 I art     : option[4]=sensitiveThread
12-14 14:12:37.622  1818  1818 I art     : option[5]=-verbose:gc
12-14 14:12:37.622  1818  1818 I art     : option[6]=-Xms16m
12-14 14:12:37.622  1818  1818 I art     : option[7]=-Xmx512m
12-14 14:12:37.622  1818  1818 I art     : option[8]=-XX:mainThreadStackSize=24K
12-14 14:12:37.622  1818  1818 I art     : option[9]=-XX:HeapGrowthLimit=192m
12-14 14:12:37.622  1818  1818 I art     : option[10]=-XX:HeapMinFree=512k
12-14 14:12:37.622  1818  1818 I art     : option[11]=-XX:HeapMaxFree=8m
12-14 14:12:37.622  1818  1818 I art     : option[12]=-XX:HeapTargetUtilization=0.75
12-14 14:12:37.622  1818  1818 I art     : option[13]=-Xgenregmap
12-14 14:12:37.622  1818  1818 I art     : option[14]=-Xgc:precise
12-14 14:12:37.622  1818  1818 I art     : option[15]=-agentlib:jdwp=transport=dt_android_adb,suspend=n,server=y
12-14 14:12:37.622  1818  1818 I art     : option[16]=-Xlockprofthreshold:500
12-14 14:12:37.622  1818  1818 I art     : option[17]=-Ximage-compiler-option
12-14 14:12:37.622  1818  1818 I art     : option[18]=--runtime-arg
12-14 14:12:37.622  1818  1818 I art     : option[19]=-Ximage-compiler-option
12-14 14:12:37.622  1818  1818 I art     : option[20]=-Xms64m
12-14 14:12:37.622  1818  1818 I art     : option[21]=-Ximage-compiler-option
12-14 14:12:37.622  1818  1818 I art     : option[22]=--runtime-arg
12-14 14:12:37.622  1818  1818 I art     : option[23]=-Ximage-compiler-option
12-14 14:12:37.622  1818  1818 I art     : option[24]=-Xmx64m
12-14 14:12:37.622  1818  1818 I art     : option[25]=-Ximage-compiler-option
12-14 14:12:37.622  1818  1818 I art     : option[26]=--image-classes=/system/etc/preloaded-classes
12-14 14:12:37.622  1818  1818 I art     : option[27]=-Xcompiler-option
12-14 14:12:37.622  1818  1818 I art     : option[28]=--runtime-arg
12-14 14:12:37.622  1818  1818 I art     : option[29]=-Xcompiler-option
12-14 14:12:37.622  1818  1818 I art     : option[30]=-Xms64m
12-14 14:12:37.622  1818  1818 I art     : option[31]=-Xcompiler-option
12-14 14:12:37.622  1818  1818 I art     : option[32]=--runtime-arg
12-14 14:12:37.622  1818  1818 I art     : option[33]=-Xcompiler-option
12-14 14:12:37.622  1818  1818 I art     : option[34]=-Xmx512m
12-14 14:12:37.622  1818  1818 I art     : option[35]=-Duser.language=zh
12-14 14:12:37.622  1818  1818 I art     : option[36]=-Duser.region=CN
12-14 14:12:37.622  1818  1818 I art     : option[37]=-XX:NativeBridge=libnb.so
12-14 14:12:37.633  1797  1797 D SurfaceFlinger: shader cache generated - 24 shaders in 35.710754 ms
12-14 14:12:37.690  2049  2049 E ProbeModule: insmod_by_dep: cannot load module: [net-pf-16-proto-5]
12-14 14:12:37.690  1806  1806 E Netd    : Unable to create netlink socket: Protocol not supported
12-14 14:12:37.690  1806  1806 E Netd    : Unable to open quota2 logging socket
12-14 14:12:37.690  1806  1806 D MDnsDS  : MDnsSdListener::Hander starting up
12-14 14:12:37.690  1806  2051 D MDnsDS  : MDnsSdListener starting to monitor
12-14 14:12:37.690  1806  2051 D MDnsDS  : Going to poll with pollCount 1
12-14 14:12:37.803  1819  1819 E memtrack: Couldn't load memtrack module (No such file or directory)
12-14 14:12:37.803  1819  1819 E android.os.Debug: failed to load memtrack module: -2
12-14 14:12:37.805  1818  1818 E memtrack: Couldn't load memtrack module (No such file or directory)
12-14 14:12:37.805  1818  1818 E android.os.Debug: failed to load memtrack module: -2
12-14 14:12:37.811  1819  1819 I SamplingProfilerIntegration: Profiling disabled.
12-14 14:12:37.812  1819  1819 D Zygote  : begin preload
12-14 14:12:37.813  1819  1819 I Zygote  : Preloading classes...
12-14 14:12:37.813  1818  1818 I SamplingProfilerIntegration: Profiling disabled.
12-14 14:12:37.814  1818  1818 D Zygote  : begin preload
12-14 14:12:37.816  1818  1818 I Zygote  : Preloading classes...
12-14 14:12:37.818  1819  1819 I art     : Explicit concurrent mark sweep GC freed 797(36KB) AllocSpace objects, 0(0B) LOS objects, 95% free, 44KB/1068KB, paused 57us total 5.351ms
12-14 14:12:37.820  1819  1819 I art     : Counter: 1
12-14 14:12:37.820  1818  1818 I art     : Explicit concurrent mark sweep GC freed 797(36KB) AllocSpace objects, 0(0B) LOS objects, 95% free, 47KB/1071KB, paused 41us total 4.896ms
12-14 14:12:37.823  1818  1818 I art     : Counter: 1
12-14 14:12:37.827  1819  1819 I art     : Explicit concurrent mark sweep GC freed 559(34KB) AllocSpace objects, 0(0B) LOS objects, 94% free, 64KB/1088KB, paused 40us total 1.494ms
12-14 14:12:37.827  1818  1818 I art     : Explicit concurrent mark sweep GC freed 553(33KB) AllocSpace objects, 0(0B) LOS objects, 93% free, 67KB/1091KB, paused 22us total 1.244ms
12-14 14:12:37.837  1818  1818 I art     : Explicit concurrent mark sweep GC freed 645(41KB) AllocSpace objects, 0(0B) LOS objects, 93% free, 75KB/1099KB, paused 20us total 1.039ms
12-14 14:12:37.838  1819  1819 I art     : Explicit concurrent mark sweep GC freed 650(41KB) AllocSpace objects, 0(0B) LOS objects, 93% free, 72KB/1096KB, paused 29us total 1.476ms
12-14 14:12:37.869  1818  1818 I art     : Explicit concurrent mark sweep GC freed 415(24KB) AllocSpace objects, 0(0B) LOS objects, 89% free, 115KB/1139KB, paused 17us total 1.011ms
12-14 14:12:37.869  1819  1819 I art     : Explicit concurrent mark sweep GC freed 404(23KB) AllocSpace objects, 0(0B) LOS objects, 90% free, 112KB/1136KB, paused 27us total 1.292ms
12-14 14:12:37.891  1818  1818 E Minikin : addFont failed to create font /system/fonts/NotoSansGujarati-Regular.ttf
12-14 14:12:37.891  1819  1819 E Minikin : addFont failed to create font /system/fonts/NotoSansGujarati-Regular.ttf
12-14 14:12:37.892  1818  1818 E Minikin : addFont failed to create font /system/fonts/NotoSansGujarati-Bold.ttf
12-14 14:12:37.892  1819  1819 E Minikin : addFont failed to create font /system/fonts/NotoSansGujarati-Bold.ttf
12-14 14:12:37.892  1818  1818 E Minikin : addFont failed to create font /system/fonts/NotoSansGujaratiUI-Regular.ttf
12-14 14:12:37.892  1819  1819 E Minikin : addFont failed to create font /system/fonts/NotoSansGujaratiUI-Regular.ttf
12-14 14:12:37.892  1818  1818 E Minikin : addFont failed to create font /system/fonts/NotoSansGujaratiUI-Bold.ttf
12-14 14:12:37.892  1819  1819 E Minikin : addFont failed to create font /system/fonts/NotoSansGujaratiUI-Bold.ttf
12-14 14:12:37.892  1819  1819 E Minikin : addFont failed to create font /system/fonts/NotoSansGurmukhi-Regular.ttf
12-14 14:12:37.892  1818  1818 E Minikin : addFont failed to create font /system/fonts/NotoSansGurmukhi-Regular.ttf
12-14 14:12:37.892  1819  1819 E Minikin : addFont failed to create font /system/fonts/NotoSansGurmukhi-Bold.ttf
12-14 14:12:37.892  1818  1818 E Minikin : addFont failed to create font /system/fonts/NotoSansGurmukhi-Bold.ttf
12-14 14:12:37.892  1819  1819 E Minikin : addFont failed to create font /system/fonts/NotoSansGurmukhiUI-Regular.ttf
12-14 14:12:37.892  1818  1818 E Minikin : addFont failed to create font /system/fonts/NotoSansGurmukhiUI-Regular.ttf
12-14 14:12:37.892  1819  1819 E Minikin : addFont failed to create font /system/fonts/NotoSansGurmukhiUI-Bold.ttf
12-14 14:12:37.892  1818  1818 E Minikin : addFont failed to create font /system/fonts/NotoSansGurmukhiUI-Bold.ttf
12-14 14:12:37.899  1819  1819 E Minikin : addFont failed to create font /system/fonts/NotoSansSinhala-Regular.ttf
12-14 14:12:37.899  1818  1818 E Minikin : addFont failed to create font /system/fonts/NotoSansSinhala-Regular.ttf
12-14 14:12:37.899  1818  1818 E Minikin : addFont failed to create font /system/fonts/NotoSansSinhala-Bold.ttf
12-14 14:12:37.899  1819  1819 E Minikin : addFont failed to create font /system/fonts/NotoSansSinhala-Bold.ttf
12-14 14:12:37.902  1818  1818 E Minikin : addFont failed to create font /system/fonts/NotoSansThaana-Regular.ttf
12-14 14:12:37.902  1819  1819 E Minikin : addFont failed to create font /system/fonts/NotoSansThaana-Regular.ttf
12-14 14:12:37.902  1818  1818 E Minikin : addFont failed to create font /system/fonts/NotoSansThaana-Bold.ttf
12-14 14:12:37.902  1818  1818 E Minikin : addFont failed to create font /system/fonts/NotoSansCham-Regular.ttf
12-14 14:12:37.902  1819  1819 E Minikin : addFont failed to create font /system/fonts/NotoSansThaana-Bold.ttf
12-14 14:12:37.902  1818  1818 E Minikin : addFont failed to create font /system/fonts/NotoSansCham-Bold.ttf
12-14 14:12:37.902  1818  1818 E Minikin : addFont failed to create font /system/fonts/NotoSansBalinese-Regular.ttf
12-14 14:12:37.902  1819  1819 E Minikin : addFont failed to create font /system/fonts/NotoSansCham-Regular.ttf
12-14 14:12:37.902  1818  1818 E Minikin : addFont failed to create font /system/fonts/NotoSansBatak-Regular.ttf
12-14 14:12:37.902  1819  1819 E Minikin : addFont failed to create font /system/fonts/NotoSansCham-Bold.ttf
12-14 14:12:37.902  1818  1818 E Minikin : addFont failed to create font /system/fonts/NotoSansBuginese-Regular.ttf
12-14 14:12:37.902  1818  1818 E Minikin : addFont failed to create font /system/fonts/NotoSansBuhid-Regular.ttf
12-14 14:12:37.902  1819  1819 E Minikin : addFont failed to create font /system/fonts/NotoSansBalinese-Regular.ttf
12-14 14:12:37.902  1818  1818 E Minikin : addFont failed to create font /system/fonts/NotoSansCanadianAboriginal-Regular.ttf
12-14 14:12:37.902  1818  1818 E Minikin : addFont failed to create font /system/fonts/NotoSansCherokee-Regular.ttf
12-14 14:12:37.902  1819  1819 E Minikin : addFont failed to create font /system/fonts/NotoSansBatak-Regular.ttf
12-14 14:12:37.902  1818  1818 E Minikin : addFont failed to create font /system/fonts/NotoSansCoptic-Regular.ttf
12-14 14:12:37.902  1819  1819 E Minikin : addFont failed to create font /system/fonts/NotoSansBuginese-Regular.ttf
12-14 14:12:37.902  1818  1818 E Minikin : addFont failed to create font /system/fonts/NotoSansGlagolitic-Regular.ttf
12-14 14:12:37.902  1819  1819 E Minikin : addFont failed to create font /system/fonts/NotoSansBuhid-Regular.ttf
12-14 14:12:37.902  1818  1818 E Minikin : addFont failed to create font /system/fonts/NotoSansHanunoo-Regular.ttf
12-14 14:12:37.902  1818  1818 E Minikin : addFont failed to create font /system/fonts/NotoSansJavanese-Regular.ttf
12-14 14:12:37.902  1819  1819 E Minikin : addFont failed to create font /system/fonts/NotoSansCanadianAboriginal-Regular.ttf
12-14 14:12:37.902  1818  1818 E Minikin : addFont failed to create font /system/fonts/NotoSansKayahLi-Regular.ttf
12-14 14:12:37.902  1818  1818 E Minikin : addFont failed to create font /system/fonts/NotoSansLepcha-Regular.ttf
12-14 14:12:37.902  1819  1819 E Minikin : addFont failed to create font /system/fonts/NotoSansCherokee-Regular.ttf
12-14 14:12:37.902  1818  1818 E Minikin : addFont failed to create font /system/fonts/NotoSansLimbu-Regular.ttf
12-14 14:12:37.902  1819  1819 E Minikin : addFont failed to create font /system/fonts/NotoSansCoptic-Regular.ttf
12-14 14:12:37.902  1818  1818 E Minikin : addFont failed to create font /system/fonts/NotoSansMeeteiMayek-Regular.ttf
12-14 14:12:37.902  1818  1818 E Minikin : addFont failed to create font /system/fonts/NotoSansOlChiki-Regular.ttf
12-14 14:12:37.902  1818  1818 E Minikin : addFont failed to create font /system/fonts/NotoSansRejang-Regular.ttf
12-14 14:12:37.902  1819  1819 E Minikin : addFont failed to create font /system/fonts/NotoSansGlagolitic-Regular.ttf
12-14 14:12:37.902  1818  1818 E Minikin : addFont failed to create font /system/fonts/NotoSansSaurashtra-Regular.ttf
12-14 14:12:37.902  1819  1819 E Minikin : addFont failed to create font /system/fonts/NotoSansHanunoo-Regular.ttf
12-14 14:12:37.902  1818  1818 E Minikin : addFont failed to create font /system/fonts/NotoSansSundanese-Regular.ttf
12-14 14:12:37.902  1818  1818 E Minikin : addFont failed to create font /system/fonts/NotoSansSylotiNagri-Regular.ttf
12-14 14:12:37.902  1819  1819 E Minikin : addFont failed to create font /system/fonts/NotoSansJavanese-Regular.ttf
12-14 14:12:37.902  1818  1818 E Minikin : addFont failed to create font /system/fonts/NotoSansTagbanwa-Regular.ttf
12-14 14:12:37.902  1818  1818 E Minikin : addFont failed to create font /system/fonts/NotoSansTaiTham-Regular.ttf
12-14 14:12:37.902  1819  1819 E Minikin : addFont failed to create font /system/fonts/NotoSansKayahLi-Regular.ttf
12-14 14:12:37.902  1818  1818 E Minikin : addFont failed to create font /system/fonts/NotoSansTaiViet-Regular.ttf
12-14 14:12:37.902  1819  1819 E Minikin : addFont failed to create font /system/fonts/NotoSansLepcha-Regular.ttf
12-14 14:12:37.902  1818  1818 E Minikin : addFont failed to create font /system/fonts/NotoSansTifinagh-Regular.ttf
12-14 14:12:37.902  1818  1818 E Minikin : addFont failed to create font /system/fonts/NotoSansYi-Regular.ttf
12-14 14:12:37.902  1819  1819 E Minikin : addFont failed to create font /system/fonts/NotoSansLimbu-Regular.ttf
12-14 14:12:37.902  1818  1818 E Minikin : addFont failed to create font /system/fonts/Lohit-Odia.ttf
12-14 14:12:37.902  1819  1819 E Minikin : addFont failed to create font /system/fonts/NotoSansMeeteiMayek-Regular.ttf
12-14 14:12:37.902  1818  1818 E Minikin : addFont failed to create font /system/fonts/NotoSansHans-Regular.otf
12-14 14:12:37.902  1818  1818 E Minikin : addFont failed to create font /system/fonts/NotoSansHant-Regular.otf
12-14 14:12:37.902  1819  1819 E Minikin : addFont failed to create font /system/fonts/NotoSansOlChiki-Regular.ttf
12-14 14:12:37.902  1818  1818 E Minikin : addFont failed to create font /system/fonts/NotoSansJP-Regular.otf
12-14 14:12:37.902  1819  1819 E Minikin : addFont failed to create font /system/fonts/NotoSansRejang-Regular.ttf
12-14 14:12:37.902  1818  1818 E Minikin : addFont failed to create font /system/fonts/NotoSansKR-Regular.otf
12-14 14:12:37.902  1819  1819 E Minikin : addFont failed to create font /system/fonts/NotoSansSaurashtra-Regular.ttf
12-14 14:12:37.902  1819  1819 E Minikin : addFont failed to create font /system/fonts/NotoSansSundanese-Regular.ttf
12-14 14:12:37.902  1819  1819 E Minikin : addFont failed to create font /system/fonts/NotoSansSylotiNagri-Regular.ttf
12-14 14:12:37.902  1819  1819 E Minikin : addFont failed to create font /system/fonts/NotoSansTagbanwa-Regular.ttf
12-14 14:12:37.902  1819  1819 E Minikin : addFont failed to create font /system/fonts/NotoSansTaiTham-Regular.ttf
12-14 14:12:37.902  1819  1819 E Minikin : addFont failed to create font /system/fonts/NotoSansTaiViet-Regular.ttf
12-14 14:12:37.902  1819  1819 E Minikin : addFont failed to create font /system/fonts/NotoSansTifinagh-Regular.ttf
12-14 14:12:37.902  1819  1819 E Minikin : addFont failed to create font /system/fonts/NotoSansYi-Regular.ttf
12-14 14:12:37.902  1819  1819 E Minikin : addFont failed to create font /system/fonts/Lohit-Odia.ttf
12-14 14:12:37.902  1819  1819 E Minikin : addFont failed to create font /system/fonts/NotoSansHans-Regular.otf
12-14 14:12:37.902  1819  1819 E Minikin : addFont failed to create font /system/fonts/NotoSansHant-Regular.otf
12-14 14:12:37.902  1819  1819 E Minikin : addFont failed to create font /system/fonts/NotoSansJP-Regular.otf
12-14 14:12:37.902  1819  1819 E Minikin : addFont failed to create font /system/fonts/NotoSansKR-Regular.otf
12-14 14:12:37.906  1818  1818 E Minikin : addFont failed to create font /system/fonts/NotoSansTaiLe-Regular.ttf
12-14 14:12:37.906  1819  1819 E Minikin : addFont failed to create font /system/fonts/NotoSansTaiLe-Regular.ttf
12-14 14:12:37.920  1818  1818 I art     : Explicit concurrent mark sweep GC freed 1808(129KB) AllocSpace objects, 0(0B) LOS objects, 89% free, 126KB/1150KB, paused 29us total 1.546ms
12-14 14:12:37.920  1819  1819 I art     : Explicit concurrent mark sweep GC freed 1808(129KB) AllocSpace objects, 0(0B) LOS objects, 89% free, 122KB/1146KB, paused 31us total 1.817ms
12-14 14:12:37.927  1818  1818 I art     : Explicit concurrent mark sweep GC freed 1933(92KB) AllocSpace objects, 0(0B) LOS objects, 85% free, 170KB/1194KB, paused 23us total 1.661ms
12-14 14:12:37.929  1819  1819 I art     : Explicit concurrent mark sweep GC freed 1933(92KB) AllocSpace objects, 0(0B) LOS objects, 86% free, 163KB/1187KB, paused 27us total 1.597ms
12-14 14:12:37.929  1818  1818 I art     : Explicit concurrent mark sweep GC freed 1977(87KB) AllocSpace objects, 0(0B) LOS objects, 83% free, 207KB/1231KB, paused 13us total 1.192ms
12-14 14:12:37.931  1819  1819 I art     : Explicit concurrent mark sweep GC freed 1977(87KB) AllocSpace objects, 0(0B) LOS objects, 83% free, 197KB/1221KB, paused 39us total 1.566ms
12-14 14:12:37.932  1818  1818 I art     : Explicit concurrent mark sweep GC freed 371(19KB) AllocSpace objects, 0(0B) LOS objects, 80% free, 243KB/1267KB, paused 21us total 1.458ms
12-14 14:12:37.934  1819  1819 I art     : Explicit concurrent mark sweep GC freed 371(19KB) AllocSpace objects, 0(0B) LOS objects, 81% free, 230KB/1254KB, paused 30us total 1.479ms
12-14 14:12:37.951  1819  1819 I art     : Thread[1,tid=1819,WaitingForJniOnLoad,Thread*=0xf3c25800,peer=0x12c31160,"main"] recursive attempt to load library "/system/lib/libmedia_jni.so"
12-14 14:12:37.951  1819  1819 D MtpDeviceJNI: register_android_mtp_MtpDevice
12-14 14:12:37.951  1819  1819 I art     : Thread[1,tid=1819,WaitingForJniOnLoad,Thread*=0xf3c25800,peer=0x12c31160,"main"] recursive attempt to load library "/system/lib/libmedia_jni.so"
12-14 14:12:37.951  1819  1819 I art     : Thread[1,tid=1819,WaitingForJniOnLoad,Thread*=0xf3c25800,peer=0x12c31160,"main"] recursive attempt to load library "/system/lib/libmedia_jni.so"
12-14 14:12:37.955  1818  1818 I art     : Thread[1,tid=1818,WaitingForJniOnLoad,Thread*=0x7f9f32c95000,peer=0x12c31100,"main"] recursive attempt to load library "/system/lib64/libmedia_jni.so"
12-14 14:12:37.955  1818  1818 D MtpDeviceJNI: register_android_mtp_MtpDevice
12-14 14:12:37.955  1818  1818 I art     : Thread[1,tid=1818,WaitingForJniOnLoad,Thread*=0x7f9f32c95000,peer=0x12c31100,"main"] recursive attempt to load library "/system/lib64/libmedia_jni.so"
12-14 14:12:37.955  1818  1818 I art     : Thread[1,tid=1818,WaitingForJniOnLoad,Thread*=0x7f9f32c95000,peer=0x12c31100,"main"] recursive attempt to load library "/system/lib64/libmedia_jni.so"
12-14 14:12:37.958  1819  1819 I art     : Explicit concurrent mark sweep GC freed 661(37KB) AllocSpace objects, 0(0B) LOS objects, 80% free, 253KB/1277KB, paused 24us total 2.044ms
12-14 14:12:37.960  1818  1818 I art     : Explicit concurrent mark sweep GC freed 641(36KB) AllocSpace objects, 0(0B) LOS objects, 80% free, 255KB/1279KB, paused 18us total 1.391ms
12-14 14:12:37.969  1819  1819 I art     : Explicit concurrent mark sweep GC freed 578(29KB) AllocSpace objects, 0(0B) LOS objects, 78% free, 273KB/1297KB, paused 39us total 1.966ms
12-14 14:12:37.969  1818  1818 I art     : Explicit concurrent mark sweep GC freed 429(20KB) AllocSpace objects, 0(0B) LOS objects, 78% free, 283KB/1307KB, paused 24us total 1.644ms
12-14 14:12:37.973  1819  1819 I art     : Explicit concurrent mark sweep GC freed 454(27KB) AllocSpace objects, 0(0B) LOS objects, 76% free, 312KB/1336KB, paused 32us total 1.539ms
12-14 14:12:37.975  1818  1818 I art     : Explicit concurrent mark sweep GC freed 543(30KB) AllocSpace objects, 0(0B) LOS objects, 76% free, 311KB/1335KB, paused 13us total 1.396ms
12-14 14:12:37.981  1819  1819 I art     : Explicit concurrent mark sweep GC freed 1788(104KB) AllocSpace objects, 0(0B) LOS objects, 68% free, 461KB/1485KB, paused 42us total 1.946ms
12-14 14:12:37.984  1818  1818 I art     : Explicit concurrent mark sweep GC freed 1868(110KB) AllocSpace objects, 0(0B) LOS objects, 68% free, 476KB/1500KB, paused 13us total 1.442ms
12-14 14:12:37.984  1819  1819 E EmojiFactory_jni: Failed to load libemoji.so: dlopen failed: library "libemoji.so" not found
12-14 14:12:37.987  1818  1818 E EmojiFactory_jni: Failed to load libemoji.so: dlopen failed: library "libemoji.so" not found
12-14 14:12:37.991  1819  1819 I art     : Explicit concurrent mark sweep GC freed 350(45KB) AllocSpace objects, 0(0B) LOS objects, 57% free, 759KB/1783KB, paused 38us total 2.300ms
12-14 14:12:37.994  1818  1818 I art     : Explicit concurrent mark sweep GC freed 350(45KB) AllocSpace objects, 0(0B) LOS objects, 56% free, 775KB/1799KB, paused 23us total 2.156ms
12-14 14:12:37.996  1819  1819 I art     : Explicit concurrent mark sweep GC freed 438(30KB) AllocSpace objects, 0(0B) LOS objects, 56% free, 777KB/1801KB, paused 39us total 2.047ms
12-14 14:12:37.998  1818  1818 I art     : Explicit concurrent mark sweep GC freed 438(30KB) AllocSpace objects, 0(0B) LOS objects, 56% free, 793KB/1817KB, paused 13us total 1.316ms
12-14 14:12:38.004  1819  1819 I art     : Explicit concurrent mark sweep GC freed 789(49KB) AllocSpace objects, 0(0B) LOS objects, 56% free, 779KB/1803KB, paused 25us total 1.733ms
12-14 14:12:38.006  1818  1818 I art     : Explicit concurrent mark sweep GC freed 789(49KB) AllocSpace objects, 0(0B) LOS objects, 56% free, 795KB/1819KB, paused 13us total 1.384ms
12-14 14:12:38.016  1819  1819 I art     : Explicit concurrent mark sweep GC freed 956(105KB) AllocSpace objects, 0(0B) LOS objects, 55% free, 821KB/1845KB, paused 41us total 2.584ms
12-14 14:12:38.016  1818  1818 I art     : Explicit concurrent mark sweep GC freed 956(105KB) AllocSpace objects, 0(0B) LOS objects, 54% free, 839KB/1863KB, paused 23us total 2.248ms
12-14 14:12:38.024  1819  1819 I art     : Explicit concurrent mark sweep GC freed 597(42KB) AllocSpace objects, 0(0B) LOS objects, 55% free, 828KB/1852KB, paused 41us total 2.078ms
12-14 14:12:38.024  1818  1818 I art     : Explicit concurrent mark sweep GC freed 597(42KB) AllocSpace objects, 0(0B) LOS objects, 54% free, 846KB/1870KB, paused 14us total 1.692ms
12-14 14:12:38.033  1818  1818 I art     : Explicit concurrent mark sweep GC freed 265(20KB) AllocSpace objects, 0(0B) LOS objects, 53% free, 874KB/1898KB, paused 22us total 2.243ms
12-14 14:12:38.035  1819  1819 I art     : Explicit concurrent mark sweep GC freed 265(20KB) AllocSpace objects, 0(0B) LOS objects, 54% free, 856KB/1880KB, paused 25us total 1.914ms
12-14 14:12:38.048  1818  1818 I art     : Explicit concurrent mark sweep GC freed 20(832B) AllocSpace objects, 0(0B) LOS objects, 44% free, 1253KB/2MB, paused 25us total 2.233ms
12-14 14:12:38.048  1819  1819 I art     : Explicit concurrent mark sweep GC freed 11(480B) AllocSpace objects, 0(0B) LOS objects, 45% free, 1236KB/2MB, paused 38us total 2.534ms
12-14 14:12:38.052  1818  1818 I art     : Explicit concurrent mark sweep GC freed 567(32KB) AllocSpace objects, 0(0B) LOS objects, 44% free, 1270KB/2MB, paused 25us total 2.288ms
12-14 14:12:38.053  1819  1819 I art     : Explicit concurrent mark sweep GC freed 575(33KB) AllocSpace objects, 0(0B) LOS objects, 44% free, 1251KB/2MB, paused 47us total 2.738ms
12-14 14:12:38.055  1818  1818 I art     : Explicit concurrent mark sweep GC freed 734(45KB) AllocSpace objects, 0(0B) LOS objects, 44% free, 1273KB/2MB, paused 23us total 2.134ms
12-14 14:12:38.057  1819  1819 I art     : Explicit concurrent mark sweep GC freed 741(45KB) AllocSpace objects, 0(0B) LOS objects, 44% free, 1255KB/2MB, paused 45us total 2.323ms
12-14 14:12:38.065  1818  1818 I System  : Loaded time zone names for "" in 9ms (8ms in ICU)
12-14 14:12:38.066  1819  1819 I System  : Loaded time zone names for "" in 9ms (8ms in ICU)
12-14 14:12:38.070  1818  1818 I System  : Loaded time zone names for "en_US" in 5ms (5ms in ICU)
12-14 14:12:38.071  1819  1819 I System  : Loaded time zone names for "en_US" in 5ms (4ms in ICU)
12-14 14:12:38.075  1818  1818 I System  : Loaded time zone names for "zh_CN" in 5ms (5ms in ICU)
12-14 14:12:38.076  1818  1818 I art     : Explicit concurrent mark sweep GC freed 4042(239KB) AllocSpace objects, 0(0B) LOS objects, 41% free, 1469KB/2MB, paused 14us total 1.788ms
12-14 14:12:38.077  1819  1819 I System  : Loaded time zone names for "zh_CN" in 6ms (5ms in ICU)
12-14 14:12:38.079  1818  1818 I art     : Explicit concurrent mark sweep GC freed 136(12KB) AllocSpace objects, 0(0B) LOS objects, 40% free, 1534KB/2MB, paused 14us total 1.581ms
12-14 14:12:38.079  1819  1819 I art     : Explicit concurrent mark sweep GC freed 4028(238KB) AllocSpace objects, 0(0B) LOS objects, 41% free, 1450KB/2MB, paused 33us total 2.129ms
12-14 14:12:38.082  1819  1819 I art     : Explicit concurrent mark sweep GC freed 136(12KB) AllocSpace objects, 0(0B) LOS objects, 40% free, 1515KB/2MB, paused 26us total 1.849ms
12-14 14:12:38.082  1818  1818 I art     : Explicit concurrent mark sweep GC freed 288(24KB) AllocSpace objects, 0(0B) LOS objects, 39% free, 1586KB/2MB, paused 14us total 1.787ms
12-14 14:12:38.086  1818  1818 I art     : Explicit concurrent mark sweep GC freed 679(47KB) AllocSpace objects, 0(0B) LOS objects, 39% free, 1587KB/2MB, paused 14us total 2.042ms
12-14 14:12:38.086  1818  1818 I Zygote  : ...preloaded 3005 classes in 270ms.
12-14 14:12:38.086  1818  1818 I art     : VMRuntime.preloadDexCaches starting
12-14 14:12:38.086  1819  1819 I art     : Explicit concurrent mark sweep GC freed 288(24KB) AllocSpace objects, 0(0B) LOS objects, 39% free, 1561KB/2MB, paused 46us total 2.285ms
12-14 14:12:38.090  1819  1819 I art     : Explicit concurrent mark sweep GC freed 679(47KB) AllocSpace objects, 0(0B) LOS objects, 39% free, 1562KB/2MB, paused 43us total 2.688ms
12-14 14:12:38.090  1819  1819 I Zygote  : ...preloaded 3005 classes in 278ms.
12-14 14:12:38.090  1819  1819 I art     : VMRuntime.preloadDexCaches starting
12-14 14:12:38.101  1818  1818 I art     : VMRuntime.preloadDexCaches strings total=214641 before=38996 after=38996
12-14 14:12:38.101  1818  1818 I art     : VMRuntime.preloadDexCaches types total=18345 before=6389 after=6425
12-14 14:12:38.101  1818  1818 I art     : VMRuntime.preloadDexCaches fields total=85569 before=32261 after=32595
12-14 14:12:38.101  1818  1818 I art     : VMRuntime.preloadDexCaches methods total=151780 before=66835 after=67736
12-14 14:12:38.101  1818  1818 I art     : VMRuntime.preloadDexCaches finished
12-14 14:12:38.101  1818  1818 I art     : Counter: 0
12-14 14:12:38.101  1818  1818 I art     : Counter: 1
12-14 14:12:38.104  1818  1818 I art     : Explicit concurrent mark sweep GC freed 61(15KB) AllocSpace objects, 0(0B) LOS objects, 40% free, 1573KB/2MB, paused 15us total 2.662ms
12-14 14:12:38.105  1819  1819 I art     : VMRuntime.preloadDexCaches strings total=214641 before=38996 after=38996
12-14 14:12:38.105  1819  1819 I art     : VMRuntime.preloadDexCaches types total=18345 before=6389 after=6425
12-14 14:12:38.105  1819  1819 I art     : VMRuntime.preloadDexCaches fields total=85569 before=32261 after=32595
12-14 14:12:38.105  1819  1819 I art     : VMRuntime.preloadDexCaches methods total=151780 before=66835 after=67736
12-14 14:12:38.105  1819  1819 I art     : VMRuntime.preloadDexCaches finished
12-14 14:12:38.105  1819  1819 I art     : Counter: 0
12-14 14:12:38.105  1819  1819 I art     : Counter: 1
12-14 14:12:38.108  1819  1819 I art     : Explicit concurrent mark sweep GC freed 61(15KB) AllocSpace objects, 0(0B) LOS objects, 40% free, 1548KB/2MB, paused 27us total 2.485ms
12-14 14:12:38.108  2066  2066 D idmap   : error: no read access to /vendor/overlay: No such file or directory
12-14 14:12:38.111  2067  2067 D idmap   : error: no read access to /vendor/overlay: No such file or directory
12-14 14:12:38.120  1819  1819 I Zygote  : Preloading resources...
12-14 14:12:38.120  1818  1818 I Zygote  : Preloading resources...
12-14 14:12:38.127  1818  1818 I art     : Explicit concurrent mark sweep GC freed 86(3KB) AllocSpace objects, 0(0B) LOS objects, 40% free, 1622KB/2MB, paused 17us total 2.287ms
12-14 14:12:38.127  1819  1819 I art     : Explicit concurrent mark sweep GC freed 86(3KB) AllocSpace objects, 0(0B) LOS objects, 39% free, 1597KB/2MB, paused 32us total 2.435ms
12-14 14:12:38.129  1818  1818 I art     : Explicit concurrent mark sweep GC freed 89(4KB) AllocSpace objects, 0(0B) LOS objects, 39% free, 1668KB/2MB, paused 16us total 1.612ms
12-14 14:12:38.129  1819  1819 I art     : Explicit concurrent mark sweep GC freed 89(4KB) AllocSpace objects, 0(0B) LOS objects, 40% free, 1643KB/2MB, paused 37us total 1.891ms
12-14 14:12:38.133  1818  1818 I art     : Explicit concurrent mark sweep GC freed 115(5KB) AllocSpace objects, 0(0B) LOS objects, 39% free, 1712KB/2MB, paused 25us total 2.371ms
12-14 14:12:38.133  1819  1819 I art     : Explicit concurrent mark sweep GC freed 122(5KB) AllocSpace objects, 0(0B) LOS objects, 39% free, 1691KB/2MB, paused 27us total 2.651ms
12-14 14:12:38.135  1818  1818 I art     : Explicit concurrent mark sweep GC freed 99(4KB) AllocSpace objects, 0(0B) LOS objects, 39% free, 1758KB/2MB, paused 14us total 1.607ms
12-14 14:12:38.136  1819  1819 I art     : Explicit concurrent mark sweep GC freed 101(4KB) AllocSpace objects, 0(0B) LOS objects, 39% free, 1736KB/2MB, paused 27us total 1.874ms
12-14 14:12:38.138  1818  1818 I art     : Explicit concurrent mark sweep GC freed 94(4KB) AllocSpace objects, 0(0B) LOS objects, 39% free, 1803KB/2MB, paused 15us total 1.597ms
12-14 14:12:38.138  1819  1819 I art     : Explicit concurrent mark sweep GC freed 93(4KB) AllocSpace objects, 0(0B) LOS objects, 40% free, 1781KB/2MB, paused 27us total 1.883ms
12-14 14:12:38.141  1818  1818 I art     : Explicit concurrent mark sweep GC freed 102(4KB) AllocSpace objects, 0(0B) LOS objects, 39% free, 1849KB/3MB, paused 17us total 1.620ms
12-14 14:12:38.141  1819  1819 I art     : Explicit concurrent mark sweep GC freed 103(4KB) AllocSpace objects, 0(0B) LOS objects, 39% free, 1827KB/2MB, paused 28us total 1.880ms
12-14 14:12:38.143  1818  1818 I art     : Explicit concurrent mark sweep GC freed 112(5KB) AllocSpace objects, 0(0B) LOS objects, 39% free, 1894KB/3MB, paused 18us total 1.599ms
12-14 14:12:38.144  1819  1819 I art     : Explicit concurrent mark sweep GC freed 112(5KB) AllocSpace objects, 0(0B) LOS objects, 39% free, 1872KB/3MB, paused 28us total 1.882ms
12-14 14:12:38.146  1818  1818 I art     : Explicit concurrent mark sweep GC freed 118(5KB) AllocSpace objects, 0(0B) LOS objects, 39% free, 1941KB/3MB, paused 15us total 1.675ms
12-14 14:12:38.147  1819  1819 I art     : Explicit concurrent mark sweep GC freed 117(5KB) AllocSpace objects, 0(0B) LOS objects, 39% free, 1919KB/3MB, paused 29us total 1.891ms
12-14 14:12:38.148  1818  1818 I art     : Explicit concurrent mark sweep GC freed 108(5KB) AllocSpace objects, 0(0B) LOS objects, 39% free, 1990KB/3MB, paused 15us total 1.688ms
12-14 14:12:38.150  1819  1819 I art     : Explicit concurrent mark sweep GC freed 108(5KB) AllocSpace objects, 0(0B) LOS objects, 39% free, 1967KB/3MB, paused 45us total 2.100ms
12-14 14:12:38.152  1818  1818 I art     : Explicit concurrent mark sweep GC freed 153(6KB) AllocSpace objects, 0(0B) LOS objects, 40% free, 2MB/3MB, paused 27us total 2.360ms
12-14 14:12:38.154  1819  1819 I art     : Explicit concurrent mark sweep GC freed 147(6KB) AllocSpace objects, 0(0B) LOS objects, 40% free, 2038KB/3MB, paused 50us total 2.456ms
12-14 14:12:38.156  1818  1818 I art     : Explicit concurrent mark sweep GC freed 138(6KB) AllocSpace objects, 0(0B) LOS objects, 39% free, 2MB/3MB, paused 26us total 2.341ms
12-14 14:12:38.158  1819  1819 I art     : Explicit concurrent mark sweep GC freed 136(5KB) AllocSpace objects, 0(0B) LOS objects, 39% free, 2MB/3MB, paused 47us total 2.650ms
12-14 14:12:38.159  1818  1818 I art     : Explicit concurrent mark sweep GC freed 84(7KB) AllocSpace objects, 0(0B) LOS objects, 39% free, 2MB/3MB, paused 27us total 2.360ms
12-14 14:12:38.161  1819  1819 I art     : Explicit concurrent mark sweep GC freed 84(7KB) AllocSpace objects, 0(0B) LOS objects, 40% free, 2MB/3MB, paused 51us total 2.512ms
12-14 14:12:38.164  1818  1818 I art     : Explicit concurrent mark sweep GC freed 112(4KB) AllocSpace objects, 0(0B) LOS objects, 40% free, 2MB/3MB, paused 25us total 2.347ms
12-14 14:12:38.165  1819  1819 I art     : Explicit concurrent mark sweep GC freed 112(4KB) AllocSpace objects, 0(0B) LOS objects, 39% free, 2MB/3MB, paused 51us total 2.749ms
12-14 14:12:38.167  1818  1818 I art     : Explicit concurrent mark sweep GC freed 135(5KB) AllocSpace objects, 0(0B) LOS objects, 39% free, 2MB/3MB, paused 26us total 2.340ms
12-14 14:12:38.169  1819  1819 I art     : Explicit concurrent mark sweep GC freed 135(5KB) AllocSpace objects, 0(0B) LOS objects, 40% free, 2MB/3MB, paused 51us total 2.817ms
12-14 14:12:38.170  1818  1818 I art     : Explicit concurrent mark sweep GC freed 62(2752B) AllocSpace objects, 0(0B) LOS objects, 39% free, 2MB/3MB, paused 24us total 2.322ms
12-14 14:12:38.172  1819  1819 I art     : Explicit concurrent mark sweep GC freed 62(2752B) AllocSpace objects, 0(0B) LOS objects, 39% free, 2MB/3MB, paused 50us total 2.421ms
12-14 14:12:38.175  1818  1818 I art     : Explicit concurrent mark sweep GC freed 111(4KB) AllocSpace objects, 0(0B) LOS objects, 40% free, 2MB/4MB, paused 27us total 2.368ms
12-14 14:12:38.177  1819  1819 I art     : Explicit concurrent mark sweep GC freed 111(4KB) AllocSpace objects, 0(0B) LOS objects, 39% free, 2MB/4MB, paused 45us total 2.772ms
12-14 14:12:38.179  1818  1818 I art     : Explicit concurrent mark sweep GC freed 206(9KB) AllocSpace objects, 0(0B) LOS objects, 40% free, 2MB/4MB, paused 30us total 2.394ms
12-14 14:12:38.182  1819  1819 I art     : Explicit concurrent mark sweep GC freed 206(9KB) AllocSpace objects, 0(0B) LOS objects, 40% free, 2MB/4MB, paused 52us total 2.772ms
12-14 14:12:38.183  1818  1818 I art     : Explicit concurrent mark sweep GC freed 370(16KB) AllocSpace objects, 0(0B) LOS objects, 40% free, 2MB/4MB, paused 27us total 2.356ms
12-14 14:12:38.186  1819  1819 I art     : Explicit concurrent mark sweep GC freed 370(16KB) AllocSpace objects, 0(0B) LOS objects, 39% free, 2MB/4MB, paused 52us total 2.579ms
12-14 14:12:38.188  1818  1818 I art     : Explicit concurrent mark sweep GC freed 214(9KB) AllocSpace objects, 0(0B) LOS objects, 39% free, 2MB/4MB, paused 27us total 2.405ms
12-14 14:12:38.190  1819  1819 I art     : Explicit concurrent mark sweep GC freed 214(9KB) AllocSpace objects, 0(0B) LOS objects, 40% free, 2MB/4MB, paused 53us total 2.853ms
12-14 14:12:38.191  1818  1818 I art     : Explicit concurrent mark sweep GC freed 112(6KB) AllocSpace objects, 0(0B) LOS objects, 39% free, 2MB/4MB, paused 27us total 2.411ms
12-14 14:12:38.194  1819  1819 I art     : Explicit concurrent mark sweep GC freed 112(6KB) AllocSpace objects, 0(0B) LOS objects, 40% free, 2MB/4MB, paused 79us total 2.913ms
12-14 14:12:38.195  1818  1818 I art     : Explicit concurrent mark sweep GC freed 113(5KB) AllocSpace objects, 0(0B) LOS objects, 39% free, 2MB/4MB, paused 30us total 2.696ms
12-14 14:12:38.199  1818  1818 I art     : Explicit concurrent mark sweep GC freed 49(8KB) AllocSpace objects, 0(0B) LOS objects, 40% free, 2MB/4MB, paused 32us total 2.756ms
12-14 14:12:38.199  1819  1819 I art     : Explicit concurrent mark sweep GC freed 113(5KB) AllocSpace objects, 0(0B) LOS objects, 39% free, 2MB/4MB, paused 75us total 3.297ms
