12-14 14:12:44.754  1796  1829 E Vold    : Failed to find mounted volume for /storage/usb3/Android/data/cn.wps.moffice_eng/cache/
12-14 14:12:44.754  3482  3482 W ContextImpl: Failed to ensure directory: /storage/usb3/Android/data/cn.wps.moffice_eng/cache
12-14 14:12:44.754  1796  1829 E Vold    : Failed to find mounted volume for /storage/sdcard1/Android/data/cn.wps.moffice_eng/cache/
12-14 14:12:44.754  3482  3482 W ContextImpl: Failed to ensure directory: /storage/sdcard1/Android/data/cn.wps.moffice_eng/cache
12-14 14:12:44.755  1796  1829 E Vold    : Failed to find mounted volume for /storage/usb0/Android/data/cn.wps.moffice_eng/cache/
12-14 14:12:44.755  3482  3482 W ContextImpl: Failed to ensure directory: /storage/usb0/Android/data/cn.wps.moffice_eng/cache
12-14 14:12:44.755  1796  1829 E Vold    : Failed to find mounted volume for /storage/usb1/Android/data/cn.wps.moffice_eng/cache/
12-14 14:12:44.755  3482  3482 W ContextImpl: Failed to ensure directory: /storage/usb1/Android/data/cn.wps.moffice_eng/cache
12-14 14:12:44.755  1796  1829 E Vold    : Failed to find mounted volume for /storage/usb2/Android/data/cn.wps.moffice_eng/cache/
12-14 14:12:44.756  3482  3482 W ContextImpl: Failed to ensure directory: /storage/usb2/Android/data/cn.wps.moffice_eng/cache
12-14 14:12:44.756  1796  1829 E Vold    : Failed to find mounted volume for /storage/usb3/Android/data/cn.wps.moffice_eng/cache/
12-14 14:12:44.756  3482  3482 W ContextImpl: Failed to ensure directory: /storage/usb3/Android/data/cn.wps.moffice_eng/cache
12-14 14:12:44.756  1796  1829 E Vold    : Failed to find mounted volume for /storage/sdcard1/Android/data/cn.wps.moffice_eng/cache/
12-14 14:12:44.756  3482  3482 W ContextImpl: Failed to ensure directory: /storage/sdcard1/Android/data/cn.wps.moffice_eng/cache
12-14 14:12:44.792  3482  3506 W System.err: java.net.UnknownHostException: Unable to resolve host "uid.ksosoft.com": No address associated with hostname
12-14 14:12:44.792  3482  3506 W System.err: 	at java.net.InetAddress.lookupHostByName(InetAddress.java:457)
12-14 14:12:44.792  3482  3506 W System.err: 	at java.net.InetAddress.getAllByNameImpl(InetAddress.java:252)
12-14 14:12:44.792  3482  3506 W System.err: 	at java.net.InetAddress.getAllByName(InetAddress.java:215)
12-14 14:12:44.792  3482  3506 W System.err: 	at org.apache.http.impl.conn.DefaultClientConnectionOperator.openConnection(DefaultClientConnectionOperator.java:142)
12-14 14:12:44.792  3482  3506 W System.err: 	at org.apache.http.impl.conn.AbstractPoolEntry.open(AbstractPoolEntry.java:169)
12-14 14:12:44.792  3482  3506 W System.err: 	at org.apache.http.impl.conn.AbstractPooledConnAdapter.open(AbstractPooledConnAdapter.java:124)
12-14 14:12:44.792  3482  3506 W System.err: 	at org.apache.http.impl.client.DefaultRequestDirector.execute(DefaultRequestDirector.java:365)
12-14 14:12:44.792  3482  3506 W System.err: 	at org.apache.http.impl.client.AbstractHttpClient.execute(AbstractHttpClient.java:560)
12-14 14:12:44.792  3482  3506 W System.err: 	at org.apache.http.impl.client.AbstractHttpClient.execute(AbstractHttpClient.java:492)
12-14 14:12:44.792  3482  3506 W System.err: 	at org.apache.http.impl.client.AbstractHttpClient.execute(AbstractHttpClient.java:470)
12-14 14:12:44.792  3482  3506 W System.err: 	at qjw.af(Unknown Source)
12-14 14:12:44.792  3482  3506 W System.err: 	at qjw.ae(Unknown Source)
12-14 14:12:44.792  3482  3506 W System.err: 	at qjl.<init>(Unknown Source)
12-14 14:12:44.792  3482  3506 W System.err: 	at qjm.ef(Unknown Source)
12-14 14:12:44.792  3482  3506 W System.err: 	at qjr$2.<init>(Unknown Source)
12-14 14:12:44.792  3482  3506 W System.err: 	at qjr.a(Unknown Source)
12-14 14:12:44.792  3482  3506 W System.err: 	at cgw.apY(Unknown Source)
12-14 14:12:44.792  3482  3506 W System.err: 	at cgw.aqc(Unknown Source)
12-14 14:12:44.792  3482  3506 W System.err: 	at cgw$1.run(Unknown Source)
12-14 14:12:44.792  3482  3506 W System.err: 	at java.util.concurrent.ThreadPoolExecutor.runWorker(ThreadPoolExecutor.java:1112)
12-14 14:12:44.792  3482  3506 W System.err: 	at java.util.concurrent.ThreadPoolExecutor$Worker.run(ThreadPoolExecutor.java:587)
12-14 14:12:44.792  3482  3506 W System.err: 	at java.lang.Thread.run(Thread.java:818)
12-14 14:12:44.792  3482  3506 W System.err: Caused by: android.system.GaiException: android_getaddrinfo failed: EAI_NODATA (No address associated with hostname)
12-14 14:12:44.792  3482  3506 W System.err: 	at libcore.io.Posix.android_getaddrinfo(Native Method)
12-14 14:12:44.792  3482  3506 W System.err: 	at libcore.io.ForwardingOs.android_getaddrinfo(ForwardingOs.java:55)
12-14 14:12:44.792  3482  3506 W System.err: 	at java.net.InetAddress.lookupHostByName(InetAddress.java:438)
12-14 14:12:44.792  3482  3506 W System.err: 	... 21 more
12-14 14:12:44.801  3513  3513 W libnb   : Native bridge is disabled
12-14 14:12:44.802  2068  2481 I ActivityManager: Start proc 3513:cn.wps.moffice_eng:pushservice/u0a62 for service cn.wps.moffice_eng/cn.wps.moffice.service.MOfficeSyncService
12-14 14:12:44.802  2068  2449 I ActivityManager: Killing 2949:com.android.managedprovisioning/u0a11 (adj 15): empty #17
12-14 14:12:44.830  3513  3513 I ActivityThread: Switching default density from 160 to 240
12-14 14:12:44.846  2068  2089 W ActivityManager: getRunningAppProcesses: caller 10062 does not hold REAL_GET_TASKS; limiting output
12-14 14:12:44.849  1796  1829 E Vold    : Failed to find mounted volume for /storage/usb0/Android/data/cn.wps.moffice_eng/cache/
12-14 14:12:44.849  3513  3513 W ContextImpl: Failed to ensure directory: /storage/usb0/Android/data/cn.wps.moffice_eng/cache
12-14 14:12:44.849  1796  1829 E Vold    : Failed to find mounted volume for /storage/usb1/Android/data/cn.wps.moffice_eng/cache/
12-14 14:12:44.849  3513  3513 W ContextImpl: Failed to ensure directory: /storage/usb1/Android/data/cn.wps.moffice_eng/cache
12-14 14:12:44.850  1796  1829 E Vold    : Failed to find mounted volume for /storage/usb2/Android/data/cn.wps.moffice_eng/cache/
12-14 14:12:44.850  3513  3513 W ContextImpl: Failed to ensure directory: /storage/usb2/Android/data/cn.wps.moffice_eng/cache
12-14 14:12:44.850  1796  1829 E Vold    : Failed to find mounted volume for /storage/usb3/Android/data/cn.wps.moffice_eng/cache/
12-14 14:12:44.850  3513  3513 W ContextImpl: Failed to ensure directory: /storage/usb3/Android/data/cn.wps.moffice_eng/cache
12-14 14:12:44.850  1796  1829 E Vold    : Failed to find mounted volume for /storage/sdcard1/Android/data/cn.wps.moffice_eng/cache/
12-14 14:12:44.850  3513  3513 W ContextImpl: Failed to ensure directory: /storage/sdcard1/Android/data/cn.wps.moffice_eng/cache
12-14 14:12:44.851  1796  1829 E Vold    : Failed to find mounted volume for /storage/usb0/Android/data/cn.wps.moffice_eng/cache/
12-14 14:12:44.851  3513  3513 W ContextImpl: Failed to ensure directory: /storage/usb0/Android/data/cn.wps.moffice_eng/cache
12-14 14:12:44.851  1796  1829 E Vold    : Failed to find mounted volume for /storage/usb1/Android/data/cn.wps.moffice_eng/cache/
12-14 14:12:44.851  3513  3513 W ContextImpl: Failed to ensure directory: /storage/usb1/Android/data/cn.wps.moffice_eng/cache
12-14 14:12:44.851  1796  1829 E Vold    : Failed to find mounted volume for /storage/usb2/Android/data/cn.wps.moffice_eng/cache/
12-14 14:12:44.851  3513  3513 W ContextImpl: Failed to ensure directory: /storage/usb2/Android/data/cn.wps.moffice_eng/cache
12-14 14:12:44.852  1796  1829 E Vold    : Failed to find mounted volume for /storage/usb3/Android/data/cn.wps.moffice_eng/cache/
12-14 14:12:44.852  3513  3513 W ContextImpl: Failed to ensure directory: /storage/usb3/Android/data/cn.wps.moffice_eng/cache
12-14 14:12:44.852  1796  1829 E Vold    : Failed to find mounted volume for /storage/sdcard1/Android/data/cn.wps.moffice_eng/cache/
12-14 14:12:44.852  3513  3513 W ContextImpl: Failed to ensure directory: /storage/sdcard1/Android/data/cn.wps.moffice_eng/cache
12-14 14:12:44.866  2068  2481 I art     : Explicit concurrent mark sweep GC freed 31441(1706KB) AllocSpace objects, 0(0B) LOS objects, 33% free, 10MB/15MB, paused 274us total 11.595ms
12-14 14:12:44.868  2534  3552 D GCM     : GcmService start Intent { act=com.google.android.checkin.CHECKIN_COMPLETE flg=0x10 cmp=com.google.android.gms/.gcm.GcmService (has extras) } com.google.android.checkin.CHECKIN_COMPLETE
12-14 14:12:44.869  2625  2625 D ChimeraCfgMgr: Loading module com.google.android.gms.kids from APK com.google.android.gms
12-14 14:12:44.869  2625  2625 D ChimeraCfgMgr: Loading module com.google.android.gms.kids from APK com.google.android.gms
12-14 14:12:44.869  2625  3553 I Kids    : [KidAccountFixer] No network connection
12-14 14:12:44.872  2332  2647 W GCoreFlp: No location to return for getLastLocation()
12-14 14:12:44.873  2534  3555 W FusedLocationProvider: location=null
12-14 14:12:45.947  2068  2137 I WifiNative-HAL: startHal
12-14 14:12:45.953  2068  2481 D WifiService: releaseWifiLockLocked: WifiLock{NlpWifiLock type=2 binder=android.os.BinderProxy@250f910b}
12-14 14:12:46.484  2068  2088 I ActivityManager: Start proc 3558:com.google.android.music:main/u0a47 for broadcast com.google.android.music/.store.MediaStoreImportService$Receiver
12-14 14:12:46.488  3558  3558 I ActivityThread: Switching default density from 160 to 240
12-14 14:12:46.506  3558  3558 I MultiDex: VM with version 2.1.0 has multidex support
12-14 14:12:46.506  3558  3558 I MultiDex: install
12-14 14:12:46.506  3558  3558 I MultiDex: VM has multidex support, MultiDex support library is disabled.
12-14 14:12:46.526  2068  2122 W ActivityManager: getRunningAppProcesses: caller 10047 does not hold REAL_GET_TASKS; limiting output
12-14 14:12:46.526  3558  3558 I MusicStore: Database version: 121
12-14 14:12:46.547  1796  1829 E Vold    : Failed to find mounted volume for /storage/usb0/Android/data/com.google.android.music/files/
12-14 14:12:46.547  3558  3558 W ContextImpl: Failed to ensure directory: /storage/usb0/Android/data/com.google.android.music/files
12-14 14:12:46.547  1796  1829 E Vold    : Failed to find mounted volume for /storage/usb1/Android/data/com.google.android.music/files/
12-14 14:12:46.547  3558  3558 W ContextImpl: Failed to ensure directory: /storage/usb1/Android/data/com.google.android.music/files
12-14 14:12:46.547  1796  1829 E Vold    : Failed to find mounted volume for /storage/usb2/Android/data/com.google.android.music/files/
12-14 14:12:46.547  3558  3558 W ContextImpl: Failed to ensure directory: /storage/usb2/Android/data/com.google.android.music/files
12-14 14:12:46.548  1796  1829 E Vold    : Failed to find mounted volume for /storage/usb3/Android/data/com.google.android.music/files/
12-14 14:12:46.548  3558  3558 W ContextImpl: Failed to ensure directory: /storage/usb3/Android/data/com.google.android.music/files
12-14 14:12:46.548  1796  1829 E Vold    : Failed to find mounted volume for /storage/sdcard1/Android/data/com.google.android.music/files/
12-14 14:12:46.548  3558  3558 W ContextImpl: Failed to ensure directory: /storage/sdcard1/Android/data/com.google.android.music/files
12-14 14:12:46.555  1796  1829 E Vold    : Failed to find mounted volume for /storage/usb0/Android/data/com.google.android.music/files/
12-14 14:12:46.555  3558  3558 W ContextImpl: Failed to ensure directory: /storage/usb0/Android/data/com.google.android.music/files
12-14 14:12:46.555  1796  1829 E Vold    : Failed to find mounted volume for /storage/usb1/Android/data/com.google.android.music/files/
12-14 14:12:46.555  3558  3558 W ContextImpl: Failed to ensure directory: /storage/usb1/Android/data/com.google.android.music/files
12-14 14:12:46.556  1796  1829 E Vold    : Failed to find mounted volume for /storage/usb2/Android/data/com.google.android.music/files/
12-14 14:12:46.556  3558  3558 W ContextImpl: Failed to ensure directory: /storage/usb2/Android/data/com.google.android.music/files
12-14 14:12:46.556  1796  1829 E Vold    : Failed to find mounted volume for /storage/usb3/Android/data/com.google.android.music/files/
12-14 14:12:46.556  3558  3558 W ContextImpl: Failed to ensure directory: /storage/usb3/Android/data/com.google.android.music/files
12-14 14:12:46.556  1796  1829 E Vold    : Failed to find mounted volume for /storage/sdcard1/Android/data/com.google.android.music/files/
12-14 14:12:46.556  3558  3558 W ContextImpl: Failed to ensure directory: /storage/sdcard1/Android/data/com.google.android.music/files
12-14 14:12:46.557  1796  1829 E Vold    : Failed to find mounted volume for /storage/usb0/Android/data/com.google.android.music/files/
12-14 14:12:46.557  3558  3558 W ContextImpl: Failed to ensure directory: /storage/usb0/Android/data/com.google.android.music/files
12-14 14:12:46.557  1796  1829 E Vold    : Failed to find mounted volume for /storage/usb1/Android/data/com.google.android.music/files/
12-14 14:12:46.557  3558  3558 W ContextImpl: Failed to ensure directory: /storage/usb1/Android/data/com.google.android.music/files
12-14 14:12:46.557  1796  1829 E Vold    : Failed to find mounted volume for /storage/usb2/Android/data/com.google.android.music/files/
12-14 14:12:46.557  3558  3558 W ContextImpl: Failed to ensure directory: /storage/usb2/Android/data/com.google.android.music/files
12-14 14:12:46.557  1796  1829 E Vold    : Failed to find mounted volume for /storage/usb3/Android/data/com.google.android.music/files/
12-14 14:12:46.557  3558  3558 W ContextImpl: Failed to ensure directory: /storage/usb3/Android/data/com.google.android.music/files
12-14 14:12:46.558  1796  1829 E Vold    : Failed to find mounted volume for /storage/sdcard1/Android/data/com.google.android.music/files/
12-14 14:12:46.558  3558  3558 W ContextImpl: Failed to ensure directory: /storage/sdcard1/Android/data/com.google.android.music/files
12-14 14:12:46.560  3558  3558 D MusicLifecycle: com.google.android.music.MusicApplication generated event: Application created
12-14 14:12:46.564  3558  3558 W ResourcesManager: Asset path '/system/framework/com.android.media.remotedisplay.jar' does not exist or contains no resources.
12-14 14:12:46.564  3558  3558 W ResourcesManager: Asset path '/system/framework/com.android.location.provider.jar' does not exist or contains no resources.
12-14 14:12:46.569  3558  3558 V JNIHelp : Registering com/google/android/gms/org/conscrypt/NativeCrypto's 240 native methods...
12-14 14:12:46.575  3558  3558 I ProviderInstaller: Installed default security provider GmsCore_OpenSSL
12-14 14:12:46.575  3558  3558 D AndroidMusic: GMSCore installation verified
12-14 14:12:46.577  3558  3558 I ConfigStore: Config Database version: 1
12-14 14:12:46.591  3558  3558 I MediaRouter: Found default route: MediaRouter.RouteInfo{ uniqueId=android/.support.v7.media.SystemMediaRouteProvider:DEFAULT_ROUTE, name=, description=null, iconUri=null, enabled=true, connecting=false, connectionState=0, canDisconnect=false, playbackType=0, playbackStream=3, volumeHandling=1, volume=11, volumeMax=15, presentationDisplayId=-1, extras=null, settingsIntent=null, providerPackageName=android }
12-14 14:12:46.591  3558  3558 D MusicLifecycle: com.google.android.music.store.MediaStoreImportService$Receiver generated event: Broadcast received with context android.app.ReceiverRestrictedContext@148c7549 and intent Intent { act=android.intent.action.MEDIA_SCANNER_STARTED dat=file:///system/media flg=0x10 cmp=com.google.android.music/.store.MediaStoreImportService$Receiver }
12-14 14:12:46.591  3558  3558 D MusicLifecycle: com.google.android.music.net.NetworkMonitor generated event: Service created
12-14 14:12:46.596  3558  3558 D MusicLifecycle: com.google.android.music.preferences.MusicPreferenceService$MusicPreferenceServiceBinder generated event: Service created
12-14 14:12:46.596  3558  3558 D MusicLifecycle: com.google.android.music.download.cache.StorageMigrationService generated event: Service created
12-14 14:12:46.597  3558  3558 D MusicLifecycle: com.google.android.music.download.artwork.ArtDownloadService generated event: Service created
12-14 14:12:46.599  3558  3558 D MusicLifecycle: com.google.android.music.store.MediaStoreImportService$Receiver generated event: Broadcast received with context android.app.ReceiverRestrictedContext@148c7549 and intent Intent { act=android.intent.action.MEDIA_SCANNER_FINISHED dat=file:///system/media flg=0x10 cmp=com.google.android.music/.store.MediaStoreImportService$Receiver }
12-14 14:12:46.600  3558  3558 D MusicLifecycle: com.google.android.music.download.ArtDownloadQueueService generated event: Service created
12-14 14:12:46.601  3558  3558 I GHttpClientFactory: Using our fixed implementation of GMSCore's GoogleHttpClient
12-14 14:12:46.603  3558  3558 I GoogleURLConnFactory: Using platform SSLCertificateSocketFactory
12-14 14:12:46.604  3558  3558 D MusicLifecycle: com.google.android.music.download.cache.ArtCacheService generated event: Service created
12-14 14:12:46.606  3558  3558 D MusicLifecycle: com.google.android.music.store.MediaStoreImportService$Receiver generated event: Broadcast received with context android.app.ReceiverRestrictedContext@148c7549 and intent Intent { act=android.intent.action.MEDIA_SCANNER_STARTED dat=file:///storage/emulated/0 flg=0x10 cmp=com.google.android.music/.store.MediaStoreImportService$Receiver }
12-14 14:12:46.606  3558  3558 D MusicLifecycle: com.google.android.music.download.cache.StorageMigrationService generated event: Service destroyed
12-14 14:12:46.608  2976  2976 V Mms     : onStart: #1 mResultCode: -1 = Activity.RESULT_OK
12-14 14:12:46.608  2625  2645 E JavaBinder: *** Uncaught remote exception!  (Exceptions are not yet supported across processes.)
12-14 14:12:46.608  2625  2645 E JavaBinder: java.lang.RuntimeException: android.os.RemoteException
12-14 14:12:46.608  2625  2645 E JavaBinder: 	at android.os.Parcel.writeException(Parcel.java:1446)
12-14 14:12:46.608  2625  2645 E JavaBinder: 	at android.os.Binder.execTransact(Binder.java:452)
12-14 14:12:46.608  2625  2645 E JavaBinder: Caused by: android.os.RemoteException
12-14 14:12:46.608  2625  2645 E JavaBinder: 	at com.google.android.gms.ads.identifier.service.b.a(SourceFile:77)
12-14 14:12:46.608  2625  2645 E JavaBinder: 	at com.google.android.gms.ads.identifier.a.e.onTransact(SourceFile:63)
12-14 14:12:46.608  2625  2645 E JavaBinder: 	at android.os.Binder.execTransact(Binder.java:446)
12-14 14:12:46.608  3558  3558 D MusicLifecycle: com.google.android.music.store.MediaStoreImportService generated event: Service created
12-14 14:12:46.609  3558  3558 D MusicLifecycle: com.google.android.music.store.MediaStoreImportService$Receiver generated event: Broadcast received with context android.app.ReceiverRestrictedContext@148c7549 and intent Intent { act=android.intent.action.MEDIA_SCANNER_FINISHED dat=file:///storage/emulated/0 flg=0x10 cmp=com.google.android.music/.store.MediaStoreImportService$Receiver }
12-14 14:12:46.610  3558  3558 D MusicLifecycle: com.google.android.music.store.MediaStoreImportService generated event: Service destroyed
12-14 14:12:46.611  3558  3558 D MusicLifecycle: com.google.android.music.store.MediaStoreImportService generated event: Service created
12-14 14:12:46.617  3085  3085 D AlertReceiver: onReceive: a=android.intent.action.PROVIDER_CHANGED Intent { act=android.intent.action.PROVIDER_CHANGED dat=content://com.android.calendar flg=0x10 cmp=com.android.calendar/.alerts.AlertReceiver }
12-14 14:12:46.618  3085  3597 D AlertService: 0 Action = android.intent.action.PROVIDER_CHANGED
12-14 14:12:46.635  2068  2481 I ActivityManager: Start proc 3600:com.android.providers.calendar/u0a1 for content provider com.android.providers.calendar/.CalendarProvider2
12-14 14:12:46.637  1818  1818 I art     : Explicit concurrent mark sweep GC freed 706(30KB) AllocSpace objects, 0(0B) LOS objects, 39% free, 1950KB/3MB, paused 35us total 2.544ms
12-14 14:12:46.639  3600  3600 I ActivityThread: Switching default density from 160 to 240
12-14 14:12:46.639  3558  3594 I MediaStoreImporter: Update: incremental Added music: 0 Updated music: 0 Deleted music: 0 Created playlists: 0 Updated playlists: 0 Deleted playlists: 0 Inserted playlist items: 0 Deleted playlist items: 0 Removed orphaned playlist items: 0
12-14 14:12:46.639  3600  3600 W ResourcesManager: Asset path '/system/framework/android.test.runner.jar' does not exist or contains no resources.
12-14 14:12:46.639  3558  3558 D MusicLifecycle: com.google.android.music.wear.WearBroadcastReceiver generated event: Broadcast received with context android.app.ReceiverRestrictedContext@148c7549 and intent Intent { act=com.google.android.music.IMPORT_COMPLETE flg=0x10 cmp=com.google.android.music/.wear.WearBroadcastReceiver }
12-14 14:12:46.640  1818  1818 I art     : Explicit concurrent mark sweep GC freed 5(160B) AllocSpace objects, 0(0B) LOS objects, 39% free, 1950KB/3MB, paused 22us total 2.302ms
12-14 14:12:46.642  1818  1818 I art     : Explicit concurrent mark sweep GC freed 5(160B) AllocSpace objects, 0(0B) LOS objects, 39% free, 1950KB/3MB, paused 35us total 2.354ms
12-14 14:12:46.642  3600  3600 I CalendarProvider2: Created com.android.providers.calendar.CalendarAlarmManager@29d7462e(com.android.providers.calendar.CalendarProvider2@1d9f15cf)
12-14 14:12:46.644  3558  3558 D MusicLifecycle: com.google.android.music.store.MediaStoreImportService generated event: Service destroyed
12-14 14:12:46.645  3558  3558 D MusicLifecycle: com.google.android.music.wear.WearMetadataSyncService generated event: Service created
12-14 14:12:46.645  3558  3558 D MusicLifecycle: com.google.android.music.wear.WearMetadataSyncService generated event: Service started with intent Intent { cmp=com.google.android.music/.wear.WearMetadataSyncService }
12-14 14:12:46.648  3558  3558 E GmsUtils: Failed to connect to Google API client: ConnectionResult{statusCode=API_UNAVAILABLE, resolution=null}
12-14 14:12:46.648  3558  3625 E GmsUtils: Failed to connect to Google API client: ConnectionResult{statusCode=API_UNAVAILABLE, resolution=null}
12-14 14:12:46.649  3558  3558 D MusicLifecycle: com.google.android.music.wear.WearMetadataSyncService generated event: Service destroyed
12-14 14:12:46.649  2068  2089 I ActivityManager: Killing 2787:android.process.media/u0a5 (adj 15): empty #17
12-14 14:12:47.645  3600  3600 I CalendarProvider2: Sending notification intent: Intent { act=android.intent.action.PROVIDER_CHANGED dat=content://com.android.calendar }
12-14 14:12:47.645  3600  3600 W ContentResolver: Failed to get type for: content://com.android.calendar (Unknown URL content://com.android.calendar)
12-14 14:12:47.645  3085  3085 D AlertReceiver: onReceive: a=android.intent.action.PROVIDER_CHANGED Intent { act=android.intent.action.PROVIDER_CHANGED dat=content://com.android.calendar flg=0x10 cmp=com.android.calendar/.alerts.AlertReceiver }
12-14 14:12:47.646  2068  2122 I ActivityManager: Killing 3018:com.android.vending/u0a14 (adj 15): empty #17
12-14 14:12:47.796  2068  2480 I ActivityManager: Killing 3060:com.android.settings/1000 (adj 15): empty #17
12-14 14:12:48.500  3600  3635 E SQLiteLog: (284) automatic index on view_events(_id)
12-14 14:12:49.237  2068  2481 W ActivityManager: Unable to start service Intent { act=com.google.android.gms.analytics.service.START cmp=com.google.android.gms/.analytics.service.AnalyticsService (has extras) } U=0: not found
12-14 14:12:49.237  3231  3269 W GAV2    : Thread[GAThread,5,main]: Service unavailable (code=1), will retry.
12-14 14:12:49.238  3231  3269 I GAV2    : Thread[GAThread,5,main]: No campaign data found.
12-14 14:12:49.690  2068  2329 I ActivityManager: Killing 3113:com.google.android.configupdater/u0a31 (adj 15): empty #17
12-14 14:12:50.283  2068  2143 W AudioTrack: AUDIO_OUTPUT_FLAG_FAST denied by client
12-14 14:12:50.550  1813  2106 D audio_hw_primary: found out /dev/snd/pcmC1D0p
12-14 14:12:51.610  3558  3558 D MusicLifecycle: com.google.android.music.leanback.AutoCacheSchedulingService$EnablingReceiver generated event: Broadcast received with context android.app.ReceiverRestrictedContext@148c7549 and intent Intent { act=com.google.android.music.START_DOWNLOAD_SCHEDULING flg=0x10 cmp=com.google.android.music/.leanback.AutoCacheSchedulingService$EnablingReceiver }
12-14 14:12:51.612  3558  3558 D MusicLifecycle: com.google.android.music.leanback.AutoCacheSchedulingService generated event: Service created
12-14 14:12:51.613  3558  3558 D MusicLifecycle: com.google.android.music.leanback.AutoCacheSchedulingService generated event: Service started with intent Intent { act=com.google.android.music.leanback.APP_IN_USE cmp=com.google.android.music/.leanback.AutoCacheSchedulingService (has extras) }
12-14 14:12:51.613  3558  3558 D MusicLifecycle: com.google.android.music.wear.WearBroadcastReceiver generated event: Broadcast received with context android.app.ReceiverRestrictedContext@148c7549 and intent Intent { act=com.google.android.music.START_DOWNLOAD_SCHEDULING flg=0x10 cmp=com.google.android.music/.wear.WearBroadcastReceiver }
12-14 14:12:51.614  3558  3558 D MusicLifecycle: com.google.android.music.download.TrackDownloadQueueService generated event: Service created
12-14 14:12:51.615  3558  3558 D MusicLifecycle: com.google.android.music.download.cache.TrackCacheService generated event: Service created
12-14 14:12:51.616  3558  3641 I MusicLeanback: Conditions not met for autocaching. okToAttempt=false
12-14 14:12:51.616  3558  3641 I MusicLeanback: Stop autocaching.
12-14 14:12:51.616  3558  3558 D MusicLifecycle: com.google.android.music.wear.WearMetadataSyncService generated event: Service created
12-14 14:12:51.616  3558  3558 D MusicLifecycle: com.google.android.music.wear.WearMetadataSyncService generated event: Service started with intent Intent { cmp=com.google.android.music/.wear.WearMetadataSyncService }
12-14 14:12:51.618  3558  3558 E GmsUtils: Failed to connect to Google API client: ConnectionResult{statusCode=API_UNAVAILABLE, resolution=null}
12-14 14:12:51.618  3558  3558 D MusicLifecycle: com.google.android.music.download.cache.TrackCacheService generated event: Service destroyed
12-14 14:12:51.618  3558  3558 D MusicLifecycle: com.google.android.music.download.TrackDownloadQueueService generated event: Service destroyed
12-14 14:12:51.618  3558  3645 E GmsUtils: Failed to connect to Google API client: ConnectionResult{statusCode=API_UNAVAILABLE, resolution=null}
12-14 14:12:51.618  3558  3558 D MusicLifecycle: com.google.android.music.wear.WearMetadataSyncService generated event: Service destroyed
12-14 14:12:51.618  3085  3597 I GlobalDismissManager: no sender configured
12-14 14:12:51.618  3085  3597 D AlertService: Beginning updateAlertNotification
12-14 14:12:51.620  3085  3597 D AlertService: No fired or scheduled alerts
12-14 14:12:51.620  3085  3597 D AlertService: Scheduling next alarm with AlarmScheduler. sEventReminderReceived: null
12-14 14:12:51.621  3085  3597 D AlarmScheduler: No events found starting within 1 week.
12-14 14:12:51.622  3085  3597 D AlertService: 0 Action = android.intent.action.PROVIDER_CHANGED
12-14 14:12:52.750  2068  2137 E WifiStateMachine: WifiStateMachine Disconnected CMD_START_SCAN source -2 2, 3 -> obsolete
12-14 14:12:52.782  2068  2143 W AudioTrack: AUDIO_OUTPUT_FLAG_FAST denied by client
12-14 14:12:52.782  2068  2480 I ActivityManager: START u0 {act=android.intent.action.MAIN cat=[android.intent.category.LAUNCHER] flg=0x10200000 cmp=com.microsoft.office.excel/com.microsoft.office.apphost.LaunchActivity (has extras)} from uid 10044 on display 0
12-14 14:12:52.782  2068  2480 V WindowManager: addAppToken: AppWindowToken{349e60ac token=Token{25fdae5f ActivityRecord{2d45a6fe u0 com.microsoft.office.excel/com.microsoft.office.apphost.LaunchActivity t12}}} to stack=1 task=12 at 0
12-14 14:12:52.784  2068  2098 V WindowManager: Adding window Window{6b90a57 u0 Starting com.microsoft.office.excel} at 2 of 7 (after Window{3d9078e8 u0 com.android.launcher3/com.android.launcher3.Launcher})
12-14 14:12:52.790  3370  3370 I art     : Rejecting re-init on previously-failed class java.lang.Class<com.microsoft.office.playStoreDownloadManager.CDownloaderClientImp>
12-14 14:12:52.790  3370  3370 I art     : Rejecting re-init on previously-failed class java.lang.Class<com.microsoft.office.playStoreDownloadManager.CDownloaderClientImp>
12-14 14:12:52.791  3370  3370 I art     : Rejecting re-init on previously-failed class java.lang.Class<com.microsoft.office.playStoreDownloadManager.CDownloaderClientImp>
12-14 14:12:52.791  3370  3370 I art     : Rejecting re-init on previously-failed class java.lang.Class<com.microsoft.office.playStoreDownloadManager.CDownloaderClientImp>
12-14 14:12:52.791  3370  3370 I art     : Rejecting re-init on previously-failed class java.lang.Class<com.microsoft.office.playStoreDownloadManager.CDownloaderClientImp>
12-14 14:12:52.791  3370  3370 I art     : Rejecting re-init on previously-failed class java.lang.Class<com.microsoft.office.playStoreDownloadManager.CDownloaderClientImp>
12-14 14:12:52.791  3370  3370 I art     : Rejecting re-init on previously-failed class java.lang.Class<com.microsoft.office.playStoreDownloadManager.CDownloaderClientImp>
12-14 14:12:52.791  3370  3370 I art     : Rejecting re-init on previously-failed class java.lang.Class<com.microsoft.office.playStoreDownloadManager.CDownloaderClientImp>
12-14 14:12:52.795  3370  3370 E [ExpansionFileCheck]: AppKey.txt
12-14 14:12:52.795  3370  3370 I OfficeApplication: ################################### load gnustl_shared start ###################################
12-14 14:12:52.795  3370  3370 E art     : dlopen("/data/data/com.microsoft.office.excel/lib/libgnustl_shared.so", RTLD_LAZY) failed: dlopen failed: "/data/data/com.microsoft.office.excel/lib/libgnustl_shared.so" has unexpected e_machine: 40
12-14 14:12:52.795  3370  3370 W SharedLibraryLoader: tryLoad. /data/data/com.microsoft.office.excel/lib/libgnustl_shared.so=failed
12-14 14:12:52.795  3370  3370 I SharedLibraryLoader: extractLibrary. lib=libgnustl_shared.so
12-14 14:12:52.796  3370  3370 E OfficeAssetManager: getAssetFileLoc  IOException is hit for file: lib/libgnustl_shared.so
12-14 14:12:52.796  3370  3370 E SharedLibraryLoader: Could not load libgnustl_shared.so
12-14 14:12:52.796  3370  3370 E art     : dlopen("/data/app/com.microsoft.office.excel-1/lib/arm/libgnustl_shared.so", RTLD_LAZY) failed: dlopen failed: "/data/app/com.microsoft.office.excel-1/lib/arm/libgnustl_shared.so" has unexpected e_machine: 40
12-14 14:12:52.796  3370  3370 E AppHost.Android: Failed to load minimum required native libraries!
12-14 14:12:52.806  3370  3370 E AppHost.Android: failed to create UpdateHelper, ClassNotFoundException
12-14 14:12:52.809  3370  3655 W ActivityThread: ClassLoader.loadClass: The class loader returned by Thread.getContextClassLoader() may fail for processes that host multiple applications. You should explicitly specify a context class loader. For example: Thread.setContextClassLoader(getClass().getClassLoader());
12-14 14:12:52.821  2068  2137 I WifiNative-HAL: startHal
12-14 14:12:52.826  3370  3659 D OpenGLRenderer: Use EGL_SWAP_BEHAVIOR_PRESERVED: true
12-14 14:12:52.826  2068  2480 V WindowManager: Adding window Window{10514cdc u0 com.microsoft.office.excel/com.microsoft.office.apphost.LaunchActivity} at 2 of 8 (before Window{6b90a57 u0 Starting com.microsoft.office.excel})
12-14 14:12:52.829  2068  2089 V WindowManager: Adding window Window{8a8f4ba u0 com.microsoft.office.excel/com.microsoft.office.apphost.LaunchActivity} at 2 of 9 (before Window{10514cdc u0 com.microsoft.office.excel/com.microsoft.office.apphost.LaunchActivity})
12-14 14:12:52.866  3370  3659 I GRALLOC-DRM: create intel for driver i915
12-14 14:12:52.870  3370  3659 I EGL-DRI2: DRI2: found extension DRI_Core version 1
12-14 14:12:52.870  3370  3659 I EGL-DRI2: DRI2: found extension DRI_DRI2 version 4
12-14 14:12:52.878  3370  3659 I EGL-DRI2: DRI2: found extension DRI_TexBuffer version 3
12-14 14:12:52.878  3370  3659 I EGL-DRI2: DRI2: found extension DRI2_Flush version 4
12-14 14:12:52.878  3370  3659 I EGL-DRI2: DRI2: found extension DRI_IMAGE version 11
12-14 14:12:52.879  3370  3659 I OpenGLRenderer: Initialized EGL, version 1.4
12-14 14:12:52.879  3370  3659 W OpenGLRenderer: Failed to choose config with EGL_SWAP_BEHAVIOR_PRESERVED, retrying without...
12-14 14:12:52.887  3370  3659 D OpenGLRenderer: Enabling debug mode 0
12-14 14:12:52.922  2068  2098 I ActivityManager: Displayed com.microsoft.office.excel/com.microsoft.office.apphost.LaunchActivity: +138ms
12-14 14:12:53.667  2068  2111 I InputReader: Reconfiguring input devices.  changes=0x00000010
12-14 14:12:53.668  2625  3661 D PackageBroadcastService: Received broadcast action=android.intent.action.PACKAGE_CHANGED and uri=com.google.android.gms
12-14 14:12:53.672  2068  2068 D BackupManagerService: Received broadcast Intent { act=android.intent.action.PACKAGE_CHANGED dat=package:com.google.android.gms flg=0x4000010 (has extras) }
12-14 14:12:53.672  2068  2068 I BackupManagerService: Unbinding ComponentInfo{com.google.android.gms/com.google.android.gms.backup.BackupTransportService}
12-14 14:12:53.684  2068  2088 I ActivityManager: Start proc 3662:com.android.vending/u0a14 for broadcast com.android.vending/com.google.android.finsky.receivers.PackageMonitorReceiver$RegisteredReceiver
12-14 14:12:53.684  2068  2068 I BackupManagerService: Binding to transport host ComponentInfo{com.google.android.gms/com.google.android.gms.backup.BackupTransportService}
12-14 14:12:53.685  2625  3661 I PackageBroadcastService: Null package name or gms related package.  Ignoreing.
12-14 14:12:53.687  2068  2068 V BackupManagerService: Connected to transport ComponentInfo{com.google.android.gms/com.google.android.gms.backup.BackupTransportService}
12-14 14:12:53.688  2068  2068 V BackupManagerService: Registering transport com.google.android.gms/.backup.BackupTransportService::com.google.android.gms/.backup.BackupTransportService = com.android.internal.backup.IBackupTransport$Stub$Proxy@52cb71e
12-14 14:12:53.688  2534  3686 I Backup  : [BackupTransportMigratorService] Starting migration...
12-14 14:12:53.688  2534  3686 W Backup  : [LegacyBackupAccountManager] No google accounts found!
12-14 14:12:53.689  3662  3662 I ActivityThread: Switching default density from 160 to 240
12-14 14:12:53.690  2422  2422 I Launcher: Deferring update until onResume
12-14 14:12:53.693  2422  2422 I Launcher: Deferring update until onResume
12-14 14:12:53.704  2068  2412 I art     : Explicit concurrent mark sweep GC freed 26310(1455KB) AllocSpace objects, 6(96KB) LOS objects, 33% free, 10MB/16MB, paused 367us total 14.231ms
12-14 14:12:53.705  2332  2365 V GmsNetworkLocationProvi: onSetRequest: ProviderRequestUnbundled, reportLocation is true and interval is 86400000
12-14 14:12:53.705  2625  2912 I Icing   : Storage manager: low false usage 1.47MB avail 3.87GB capacity 5.99GB
12-14 14:12:53.706  2332  2332 W GmsBackupAccountManager: Backup account not found in gmscore.
12-14 14:12:53.708  3662  3662 W Finsky  : [1] FinskyApp.getCurrentAccount: No account configured on this device.
12-14 14:12:53.708  3662  3662 W Finsky  : [1] FinskyApp.getCurrentAccount: No account configured on this device.
12-14 14:12:53.709  2332  2332 V GmsNetworkLocationProvi: DISABLE
12-14 14:12:53.710  2332  2609 W GmsBackupAccountManager: Backup account not found in gmscore.
12-14 14:12:53.710  2332  2332 V GmsNetworkLocationProvi: ENABLE
12-14 14:12:53.710  2332  2332 V GmsNetworkLocationProvi: SET-REQUEST
12-14 14:12:53.710  2332  2332 V GmsNetworkLocationProvi: in Handler: ProviderRequestUnbundled, reportLocation is true and interval is 86400000
12-14 14:12:53.710  2534  3686 I Backup  : [BackupTransportMigratorService] Successfully migrated to use GMS BackupTransportService!
12-14 14:12:53.710  3662  3662 D Finsky  : [1] FinskyApp.onCreate: Initializing network with DFE https://android.clients.google.com/fdfe/
12-14 14:12:53.711  3662  3662 W Finsky  : [1] FinskyApp.getCurrentAccount: No account configured on this device.
12-14 14:12:53.717  3662  3662 W Finsky  : [1] FinskyApp.getCurrentAccount: No account configured on this device.
12-14 14:12:53.717  2625  2912 E Icing   : Loading extension /data/data/com.google.android.gms/files/libAppDataSearchExt_x86_64.so failed
12-14 14:12:53.718  3662  3662 W Finsky  : [1] FinskyApp.getCurrentAccount: No account configured on this device.
12-14 14:12:53.719  3662  3662 W Finsky  : [1] FinskyApp.getCurrentAccount: No account configured on this device.
12-14 14:12:53.719  3662  3662 W Finsky  : [1] FinskyApp.getCurrentAccount: No account configured on this device.
12-14 14:12:53.719  3662  3662 W Finsky  : [1] FinskyApp.getCurrentAccount: No account configured on this device.
12-14 14:12:53.719  3662  3662 W Finsky  : [1] FinskyApp.getCurrentAccount: No account configured on this device.
12-14 14:12:53.719  3662  3662 W Finsky  : [1] FinskyApp.getCurrentAccount: No account configured on this device.
12-14 14:12:53.719  3662  3662 W Finsky  : [1] FinskyApp.getCurrentAccount: No account configured on this device.
12-14 14:12:53.720  3662  3662 W Finsky  : [1] FinskyApp.getCurrentAccount: No account configured on this device.
12-14 14:12:53.720  3662  3662 W Finsky  : [1] FinskyApp.getCurrentAccount: No account configured on this device.
12-14 14:12:53.720  3662  3662 W Finsky  : [1] FinskyApp.getCurrentAccount: No account configured on this device.
12-14 14:12:53.720  3662  3662 W Finsky  : [1] FinskyApp.getCurrentAccount: No account configured on this device.
12-14 14:12:53.720  3662  3662 W Finsky  : [1] FinskyApp.getCurrentAccount: No account configured on this device.
12-14 14:12:53.720  3662  3662 W Finsky  : [1] FinskyApp.getCurrentAccount: No account configured on this device.
12-14 14:12:53.720  3662  3662 W Finsky  : [1] FinskyApp.getCurrentAccount: No account configured on this device.
12-14 14:12:53.720  3662  3662 W Finsky  : [1] FinskyApp.getCurrentAccount: No account configured on this device.
12-14 14:12:53.720  3662  3662 D Finsky  : [1] DailyHygiene.goMakeHygieneIfDirty: No need to run daily hygiene.
12-14 14:12:53.722  3662  3662 W Settings: Setting download_manager_max_bytes_over_mobile has moved from android.provider.Settings.Secure to android.provider.Settings.Global.
12-14 14:12:53.722  3662  3662 W Settings: Setting download_manager_recommended_max_bytes_over_mobile has moved from android.provider.Settings.Secure to android.provider.Settings.Global.
12-14 14:12:53.724  3662  3662 W Finsky  : [1] FinskyApp.getCurrentAccount: No account configured on this device.
12-14 14:12:53.724  3662  3662 W Finsky  : [1] FinskyApp.getCurrentAccount: No account configured on this device.
12-14 14:12:53.724  3662  3662 W Finsky  : [1] FinskyApp.getDfeApi: No account configured on this device.
12-14 14:12:53.739  2068  2449 I ActivityManager: Start proc 3715:android.process.media/u0a5 for content provider com.android.providers.downloads/.DownloadProvider
12-14 14:12:53.744  2625  2912 I Icing   : updateResources: need to parse f{com.google.android.gms}
12-14 14:12:53.757  2068  2480 I ActivityManager: Start proc 3737:com.android.gallery3d/u0a38 for broadcast com.android.gallery3d/.app.PackagesMonitor
12-14 14:12:53.758  2068  2122 I ActivityManager: Killing 3148:com.android.deskclock/u0a32 (adj 15): empty #17
12-14 14:12:53.772  3715  3715 I ActivityThread: Switching default density from 160 to 240
12-14 14:12:53.772  3737  3737 I ActivityThread: Switching default density from 160 to 240
12-14 14:12:53.773  3737  3737 W ResourcesManager: Asset path '/system/framework/com.google.android.media.effects.jar' does not exist or contains no resources.
12-14 14:12:53.773  2625  2912 I Icing   : Internal init done: storage state 0
12-14 14:12:53.774  2625  2912 I Icing   : Post-init done
12-14 14:12:53.774  2625  2912 I Icing   : updateResources: need to parse f{com.google.android.gms}
12-14 14:12:53.778  3715  3715 E SQLiteLog: (283) recovered 55 frames from WAL file /data/data/com.android.providers.media/databases/external.db-wal
12-14 14:12:53.785  3662  3662 D Finsky  : [1] GmsCoreHelper.cleanupNlp: result=false type=4
12-14 14:12:53.785  3662  3763 D Ads     : Skipping gmscore version check
12-14 14:12:53.786  3662  3662 D Finsky  : [1] RestoreTracker.stopServiceIfDone: Restore complete with 0 success and 0 failed.
12-14 14:12:53.787  2625  2646 E JavaBinder: *** Uncaught remote exception!  (Exceptions are not yet supported across processes.)
12-14 14:12:53.787  2625  2646 E JavaBinder: java.lang.RuntimeException: android.os.RemoteException
12-14 14:12:53.787  2625  2646 E JavaBinder: 	at android.os.Parcel.writeException(Parcel.java:1446)
12-14 14:12:53.787  2625  2646 E JavaBinder: 	at android.os.Binder.execTransact(Binder.java:452)
12-14 14:12:53.787  2625  2646 E JavaBinder: Caused by: android.os.RemoteException
12-14 14:12:53.787  2625  2646 E JavaBinder: 	at com.google.android.gms.ads.identifier.service.b.a(SourceFile:77)
12-14 14:12:53.787  2625  2646 E JavaBinder: 	at com.google.android.gms.ads.identifier.a.e.onTransact(SourceFile:63)
12-14 14:12:53.787  2625  2646 E JavaBinder: 	at android.os.Binder.execTransact(Binder.java:446)
12-14 14:12:53.787  3662  3662 W Finsky  : [1] FinskyApp.getCurrentAccount: No account configured on this device.
12-14 14:12:53.790  2422  2422 W Launcher: setApplicationContext called twice! old=com.android.launcher3.LauncherApplication@1d9f15cf new=com.android.launcher3.LauncherApplication@1d9f15cf
12-14 14:12:53.792  2068  2481 I ActivityManager: Killing 3196:com.android.exchange/u0a36 (adj 15): empty #17
12-14 14:12:53.866  2625  3768 I iu.UploadsManager: End new media; added: 0, uploading: 0, time: 7 ms
12-14 14:12:54.238  2068  2329 W ActivityManager: Unable to start service Intent { act=com.google.android.gms.analytics.service.START cmp=com.google.android.gms/.analytics.service.AnalyticsService (has extras) } U=0: not found
12-14 14:12:54.238  3231  3637 W GAV2    : Thread[Service Reconnect,5,main]: Service unavailable (code=1), using local store.
12-14 14:12:54.571  2068  2143 W AudioTrack: AUDIO_OUTPUT_FLAG_FAST denied by client
12-14 14:12:54.572  1797  1832 D PermissionCache: checking android.permission.READ_FRAME_BUFFER for uid=1000 => granted (25 us)
12-14 14:12:54.617  2068  2377 W InputMethodManagerService: Window already focused, ignoring focus gain of: com.android.internal.view.IInputMethodClient$Stub$Proxy@39073f32 attribute=null, token = android.os.BinderProxy@351c520b
12-14 14:12:54.898  2068  2093 I ActivityManager: Killing 3282:com.google.android.youtube/u0a59 (adj 15): empty #17
12-14 14:12:54.925  3370  3370 E AppHost.Android: Low memory. Level : 20. System may start killing background processes.
12-14 14:12:55.075  2534  2534 E GCM     : Missing checkin config file
12-14 14:12:55.075  2534  2534 W GCM     : GCM FAILED TO INITIALIZE - missing checkin
12-14 14:12:55.585  2203  2203 W ResourceType: No package identifier when getting value for resource number 0x00000000
12-14 14:12:55.585  2203  2203 W PackageManager: Failure retrieving resources for com.microsoft.office.excel: Resource ID #0x0
12-14 14:12:56.016  2068  2137 I WifiNative-HAL: startHal
12-14 14:12:56.622  3085  3597 I GlobalDismissManager: no sender configured
12-14 14:12:56.622  3085  3597 D AlertService: Beginning updateAlertNotification
12-14 14:12:56.627  3085  3597 D AlertService: No fired or scheduled alerts
12-14 14:12:56.630  3085  3597 D AlertService: Scheduling next alarm with AlarmScheduler. sEventReminderReceived: null
12-14 14:12:56.632  3085  3597 D AlarmScheduler: No events found starting within 1 week.
12-14 14:12:57.319  2068  2155 D TaskPersister: removeObsoleteFile: deleting file=5_task.xml
12-14 14:12:57.319  2068  2155 D TaskPersister: removeObsoleteFile: deleting file=5_task_thumbnail.png
12-14 14:12:57.630  1797  1797 D SurfaceFlinger: Set power mode=0, type=0 flinger=0x7f4cffc62000
12-14 14:12:59.035  2068  2093 I ActivityManager: Waited long enough for: ServiceRecord{2c5707e0 u0 com.android.calendar/.alerts.InitAlarmsService}
12-14 14:12:59.802  2068  2093 I ActivityManager: Waited long enough for: ServiceRecord{182000bf u0 cn.wps.moffice_eng/cn.wps.moffice.service.MOfficeSyncService}
12-14 14:13:01.020  2068  2068 I ValidateNoPeople: skipping global notification
12-14 14:13:03.635  2625  2882 I CheckinService: Done disabling old GoogleServicesFramework version
12-14 14:13:14.035  3085  3126 D InitAlarmsService: Clearing and rescheduling alarms.
12-14 14:13:14.039  2068  2329 I ActivityManager: Killing 3395:com.microsoft.office.powerpoint/u0a61 (adj 15): empty #17
12-14 14:13:18.554  2068  2377 D KbdSensor: poll_setDelay: dev=0x7f9f32c66680 delay-ns=20000000
12-14 14:13:18.557  2534  2534 E GCM     : Missing checkin config file
12-14 14:13:18.557  2534  2534 W GCM     : GCM FAILED TO INITIALIZE - missing checkin
12-14 14:13:20.055  2068  2089 D KbdSensor: poll_setDelay: dev=0x7f9f32c66680 delay-ns=66667000
