12-14 06:52:18.141  2066  2066 W PackageManager: Package com.android.gallery3d desires unavailable shared library com.google.android.media.effects; ignoring!
12-14 06:52:18.141  2066  2066 W PackageManager: Package com.android.gallery3d desires unavailable shared library com.google.android.media.effects; ignoring!
12-14 06:52:18.141  2066  2066 I PackageManager: Adjusting ABI for : com.android.inputdevices to x86_64
12-14 06:52:18.141  2066  2066 I PackageManager: Adjusting ABI for : com.android.location.fused to x86_64
12-14 06:52:18.141  2066  2066 I PackageManager: Adjusting ABI for : com.android.server.telecom to x86_64
12-14 06:52:18.141  2066  2066 I PackageManager: Adjusting ABI for : org.zeroxlab.util.tscal to x86_64
12-14 06:52:18.142  2066  2066 I PackageManager: Adjusting ABI for : com.android.keychain to x86_64
12-14 06:52:18.142  2066  2066 I PackageManager: Adjusting ABI for : com.android.providers.settings to x86_64
12-14 06:52:18.142  2066  2066 I PackageManager: Adjusting ABI for : com.android.settings to x86_64
12-14 06:52:18.142  2066  2066 I PackageManager: Time to scan packages: 1.226 seconds
12-14 06:52:18.142  2066  2066 W PackageManager: Unknown permission com.google.android.googleapps.permission.GOOGLE_AUTH in package com.android.providers.calendar
12-14 06:52:18.142  2066  2066 W PackageManager: Unknown permission com.google.android.googleapps.permission.GOOGLE_AUTH.cl in package com.android.providers.calendar
12-14 06:52:18.142  2066  2066 W PackageManager: Not granting permission android.permission.GLOBAL_SEARCH to package com.android.quicksearchbox (protectionLevel=18 flags=0x8be45)
12-14 06:52:18.142  2066  2066 W PackageManager: Not granting permission android.permission.ACCESS_DOWNLOAD_MANAGER to package com.android.browser (protectionLevel=18 flags=0x9be45)
12-14 06:52:18.142  2066  2066 W PackageManager: Not granting permission android.permission.SEND_DOWNLOAD_COMPLETED_INTENTS to package com.android.browser (protectionLevel=2 flags=0x9be45)
12-14 06:52:18.142  2066  2066 W PackageManager: Unknown permission com.android.vending.CHECK_LICENSE in package com.microsoft.office.excel
12-14 06:52:18.142  2066  2066 W PackageManager: Not granting permission android.permission.BIND_WALLPAPER to package com.android.camera2 (protectionLevel=18 flags=0x58bc45)
12-14 06:52:18.142  2066  2066 W PackageManager: Unknown permission android.permission.INSTALL_DRM in package com.android.mms
12-14 06:52:18.142  2066  2066 W PackageManager: Not granting permission android.permission.BIND_APPWIDGET to package com.android.launcher3 (protectionLevel=18 flags=0x483e45)
12-14 06:52:18.142  2066  2066 W PackageManager: Unknown permission com.android.launcher.permission.READ_SETTINGS in package com.android.launcher3
12-14 06:52:18.142  2066  2066 W PackageManager: Unknown permission com.android.launcher.permission.WRITE_SETTINGS in package com.android.launcher3
12-14 06:52:18.142  2066  2066 W PackageManager: Unknown permission com.google.android.googleapps.permission.GOOGLE_AUTH.mail in package com.android.calendar
12-14 06:52:18.142  2066  2066 W PackageManager: Unknown permission com.android.vending.CHECK_LICENSE in package com.microsoft.office.word
12-14 06:52:18.142  2066  2066 W PackageManager: Unknown permission com.android.vending.CHECK_LICENSE in package com.microsoft.office.powerpoint
12-14 06:52:18.142  2066  2066 W PackageManager: Unknown permission com.android.launcher.permission.READ_SETTINGS in package com.android.onetimeinitializer
12-14 06:52:18.142  2066  2066 W PackageManager: Unknown permission com.android.launcher.permission.WRITE_SETTINGS in package com.android.onetimeinitializer
12-14 06:52:18.143  2066  2066 W PackageManager: Not granting permission android.permission.DELETE_PACKAGES to package com.svox.pico (protectionLevel=18 flags=0x8be45)
12-14 06:52:18.143  2066  2066 W PackageManager: Unknown permission com.cyanogenmod.filemanager.permissions.READ_THEME in package com.cyanogenmod.filemanager
12-14 06:52:18.143  2066  2066 W PackageManager: Unknown permission com.google.android.googleapps.permission.GOOGLE_AUTH in package com.android.settings
12-14 06:52:18.143  2066  2066 W PackageManager: Unknown permission com.android.launcher.permission.READ_SETTINGS in package com.android.settings
12-14 06:52:18.143  2066  2066 W PackageManager: Unknown permission com.android.launcher.permission.WRITE_SETTINGS in package com.android.settings
12-14 06:52:18.143  2066  2066 W PackageManager: Unknown permission com.android.smspush.WAPPUSH_MANAGER_BIND in package com.android.phone
12-14 06:52:18.143  2066  2066 W PackageManager: Not granting permission android.permission.DEVICE_POWER to package com.android.deskclock (protectionLevel=2 flags=0x48be45)
12-14 06:52:18.143  2066  2066 W PackageManager: Unknown permission com.google.android.gallery3d.permission.GALLERY_PROVIDER in package com.android.bluetooth
12-14 06:52:18.143  2066  2066 W PackageManager: Unknown permission com.google.android.googleapps.permission.ACCESS_GOOGLE_PASSWORD in package com.android.development
12-14 06:52:18.143  2066  2066 W PackageManager: Unknown permission com.google.android.googleapps.permission.GOOGLE_AUTH in package com.android.development
12-14 06:52:18.143  2066  2066 W PackageManager: Unknown permission com.google.android.googleapps.permission.GOOGLE_AUTH.ALL_SERVICES in package com.android.development
12-14 06:52:18.143  2066  2066 W PackageManager: Unknown permission com.google.android.googleapps.permission.GOOGLE_AUTH.YouTubeUser in package com.android.development
12-14 06:52:18.155  2066  2066 I art     : Explicit concurrent mark sweep GC freed 15134(909KB) AllocSpace objects, 2(32KB) LOS objects, 33% free, 4MB/6MB, paused 172us total 5.122ms
12-14 06:52:18.155  2066  2066 I SystemServer: User Service
12-14 06:52:18.157  1789  1789 I lowmemorykiller: ActivityManager connected
12-14 06:52:18.158  2066  2066 I SystemServiceManager: Starting com.android.server.lights.LightsService
12-14 06:52:18.160  2066  2066 D lights  : Detect /sys/class/backlight/intel_backlight/max_brightness
12-14 06:52:18.160  2066  2066 D lights  : Detect /sys/class/backlight/intel_backlight/brightness
12-14 06:52:18.160  2066  2066 I SystemServiceManager: Starting com.android.server.BatteryService
12-14 06:52:18.270  2066  2066 I SystemServiceManager: Starting com.android.server.usage.UsageStatsService
12-14 06:52:18.272  2066  2066 I SystemServiceManager: Starting com.android.server.webkit.WebViewUpdateService
12-14 06:52:18.273  2066  2066 I SystemServer: Reading configuration...
12-14 06:52:18.273  2066  2066 I SystemServer: Scheduling Policy
12-14 06:52:18.273  2066  2066 I SystemServiceManager: Starting com.android.server.telecom.TelecomLoaderService
12-14 06:52:18.274  2066  2066 I SystemServer: Telephony Registry
12-14 06:52:18.276  2066  2066 I SystemServer: Entropy Mixer
12-14 06:52:18.276  2066  2066 I EntropyMixer: Writing entropy...
12-14 06:52:18.280  2066  2066 I SystemServer: Account Manager
12-14 06:52:18.283  2066  2066 I SystemServer: Content Manager
12-14 06:52:18.285  2066  2066 I SystemServer: System Content Providers
12-14 06:52:18.295  2066  2066 I SystemServer: Vibrator Service
12-14 06:52:18.295  2066  2066 I SystemServer: Consumer IR Service
12-14 06:52:18.295  2066  2066 E ConsumerIrService: Can't open consumer IR HW Module, error: -2
12-14 06:52:18.295  2066  2066 I SystemServiceManager: Starting com.android.server.AlarmManagerService
12-14 06:52:18.301  2066  2066 I SystemServer: Init Watchdog
12-14 06:52:18.301  2066  2066 I SystemServer: Input Manager
12-14 06:52:18.302  2066  2066 I InputManager: Initializing input manager, mUseDevInputEventForAudioJack=true
12-14 06:52:18.303  2066  2066 I SystemServer: Window Manager
12-14 06:52:18.313  2066  2096 I WindowManager: No existing display settings /data/system/display_settings.xml; starting empty
12-14 06:52:18.314  1792  1838 D PermissionCache: checking android.permission.ACCESS_SURFACE_FLINGER for uid=1000 => granted (612 us)
12-14 06:52:18.324  2066  2066 I InputManager: Starting input manager
12-14 06:52:18.324  2066  2066 I SystemServer: Bluetooth Manager Service
12-14 06:52:18.325  2066  2109 D EventHub: No input device configuration file found for device 'Android Power Button'.
12-14 06:52:18.326  2066  2066 D BluetoothManagerService: Loading stored name and address
12-14 06:52:18.326  2066  2066 D BluetoothManagerService: Stored bluetooth Name=S6,Address=E8:B1:FC:A6:48:06
12-14 06:52:18.326  2066  2066 I SystemServer: Input Method Service
12-14 06:52:18.327  2066  2109 W EventHub: Unable to disable kernel key repeat for /dev/input/event15: Function not implemented
12-14 06:52:18.327  2066  2109 I EventHub: New device: id=1, fd=76, path='/dev/input/event15', name='Android Power Button', classes=0x1, configuration='', keyLayout='/system/usr/keylayout/Generic.kl', keyCharacterMap='/system/usr/keychars/Generic.kcm', builtinKeyboard=false, wakeMechanism=EPOLLWAKEUP, usingClockIoctl=true
12-14 06:52:18.327  2066  2109 I EventHub: ignoring event id /dev/input/event2 driver Power Button
12-14 06:52:18.328  2066  2066 W InputMethodManagerService: Couldn't create dir.: /data/system/inputmethod
12-14 06:52:18.332  2066  2109 I EventHub: ignoring event id /dev/input/event1 driver Power Button
12-14 06:52:18.334  2066  2066 I SystemServer: Accessibility Manager
12-14 06:52:18.336  2066  2066 I ActivityManager: Config changes=1df8 {1.0 ?mcc?mnc zh_CN ?layoutDir sw720dp w1280dp h720dp 240dpi xlrg long land ?uimode ?night -touch -keyb/v/h -nav/h s.2}
12-14 06:52:18.338  2066  2109 D EventHub: No input device configuration file found for device 'Video Bus'.
12-14 06:52:18.339  2066  2109 W EventHub: Unable to disable kernel key repeat for /dev/input/event6: Function not implemented
12-14 06:52:18.339  2066  2109 I EventHub: New device: id=2, fd=78, path='/dev/input/event6', name='Video Bus', classes=0x1, configuration='', keyLayout='/system/usr/keylayout/Generic.kl', keyCharacterMap='/system/usr/keychars/Generic.kcm', builtinKeyboard=false, wakeMechanism=EPOLLWAKEUP, usingClockIoctl=true
12-14 06:52:18.339  2066  2109 D EventHub: No input device configuration file found for device 'Video Bus'.
12-14 06:52:18.339  2066  2109 W EventHub: Unable to disable kernel key repeat for /dev/input/event5: Function not implemented
12-14 06:52:18.339  2066  2109 I EventHub: New device: id=3, fd=80, path='/dev/input/event5', name='Video Bus', classes=0x1, configuration='', keyLayout='/system/usr/keylayout/Generic.kl', keyCharacterMap='/system/usr/keychars/Generic.kcm', builtinKeyboard=false, wakeMechanism=EPOLLWAKEUP, usingClockIoctl=true
12-14 06:52:18.339  2066  2109 D EventHub: No input device configuration file found for device 'Lid Switch'.
12-14 06:52:18.340  2066  2109 I EventHub: New device: id=4, fd=81, path='/dev/input/event0', name='Lid Switch', classes=0x80, configuration='', keyLayout='', keyCharacterMap='', builtinKeyboard=false, wakeMechanism=EPOLLWAKEUP, usingClockIoctl=true
12-14 06:52:18.340  2066  2109 D EventHub: No input device configuration file found for device 'PC Speaker'.
12-14 06:52:18.341  2066  2090 I UsageStatsService: User[0] Rollover scheduled @ 2015-12-15 00:00:00(1450137600000)
12-14 06:52:18.354  2066  2066 I ActivityManager: Config changes=500 {1.0 ?mcc?mnc zh_CN ?layoutDir sw720dp w1280dp h646dp 240dpi lrg long land ?uimode ?night -touch -keyb/v/h -nav/h s.3}
12-14 06:52:18.354  2066  2066 I SystemServer: Mount Service
12-14 06:52:18.355  2066  2066 D MountService: got storage path: null description:  primary: true removable: false emulated: true mtpReserve: 100 allowMassStorage: false maxFileSize: 0
12-14 06:52:18.355  2066  2066 D MountService: addVolumeLocked() StorageVolume:
12-14 06:52:18.355  2066  2066 D MountService:     mStorageId=65537 mPath=/storage/emulated/0 mDescriptionId=17040805 
12-14 06:52:18.355  2066  2066 D MountService:     mPrimary=true mRemovable=false mEmulated=true mMtpReserveSpace=100 
12-14 06:52:18.355  2066  2066 D MountService:     mAllowMassStorage=false mMaxFileSize=0 mOwner=UserHandle{0} mUuid=null 
12-14 06:52:18.355  2066  2066 D MountService:     mUserLabel=null mState=null 
12-14 06:52:18.355  2066  2066 D MountService: got storage path: /storage/sdcard1 description: SD?primary: false removable: true emulated: false mtpReserve: 0 allowMassStorage: false maxFileSize: 4294967296
12-14 06:52:18.355  2066  2066 D MountService: addVolumeLocked() StorageVolume:
12-14 06:52:18.355  2066  2066 D MountService:     mStorageId=0 mPath=/storage/sdcard1 mDescriptionId=17040806 mPrimary=false 
12-14 06:52:18.355  2066  2066 D MountService:     mRemovable=true mEmulated=false mMtpReserveSpace=0 mAllowMassStorage=false 
12-14 06:52:18.355  2066  2066 D MountService:     mMaxFileSize=4294967296 mOwner=null mUuid=null mUserLabel=null mState=null 
12-14 06:52:18.355  2066  2066 D MountService: got storage path: /storage/usb0 description: USB?primary: false removable: true emulated: false mtpReserve: 0 allowMassStorage: false maxFileSize: 4294967296
12-14 06:52:18.355  2066  2066 D MountService: addVolumeLocked() StorageVolume:
12-14 06:52:18.355  2066  2066 D MountService:     mStorageId=0 mPath=/storage/usb0 mDescriptionId=17040807 mPrimary=false 
12-14 06:52:18.355  2066  2066 D MountService:     mRemovable=true mEmulated=false mMtpReserveSpace=0 mAllowMassStorage=false 
12-14 06:52:18.355  2066  2066 D MountService:     mMaxFileSize=4294967296 mOwner=null mUuid=null mUserLabel=null mState=null 
12-14 06:52:18.355  2066  2066 D MountService: got storage path: /storage/usb1 description: USB?primary: false removable: true emulated: false mtpReserve: 0 allowMassStorage: false maxFileSize: 4294967296
12-14 06:52:18.355  2066  2066 D MountService: addVolumeLocked() StorageVolume:
12-14 06:52:18.355  2066  2066 D MountService:     mStorageId=0 mPath=/storage/usb1 mDescriptionId=17040807 mPrimary=false 
12-14 06:52:18.355  2066  2066 D MountService:     mRemovable=true mEmulated=false mMtpReserveSpace=0 mAllowMassStorage=false 
12-14 06:52:18.355  2066  2066 D MountService:     mMaxFileSize=4294967296 mOwner=null mUuid=null mUserLabel=null mState=null 
12-14 06:52:18.355  2066  2066 D MountService: got storage path: /storage/usb2 description: USB?primary: false removable: true emulated: false mtpReserve: 0 allowMassStorage: false maxFileSize: 4294967296
12-14 06:52:18.355  2066  2066 D MountService: addVolumeLocked() StorageVolume:
12-14 06:52:18.355  2066  2066 D MountService:     mStorageId=0 mPath=/storage/usb2 mDescriptionId=17040807 mPrimary=false 
12-14 06:52:18.355  2066  2066 D MountService:     mRemovable=true mEmulated=false mMtpReserveSpace=0 mAllowMassStorage=false 
12-14 06:52:18.355  2066  2066 D MountService:     mMaxFileSize=4294967296 mOwner=null mUuid=null mUserLabel=null mState=null 
12-14 06:52:18.355  2066  2066 D MountService: got storage path: /storage/usb3 description: USB?primary: false removable: true emulated: false mtpReserve: 0 allowMassStorage: false maxFileSize: 4294967296
12-14 06:52:18.355  2066  2066 D MountService: addVolumeLocked() StorageVolume:
12-14 06:52:18.355  2066  2066 D MountService:     mStorageId=0 mPath=/storage/usb3 mDescriptionId=17040807 mPrimary=false 
12-14 06:52:18.355  2066  2066 D MountService:     mRemovable=true mEmulated=false mMtpReserveSpace=0 mAllowMassStorage=false 
12-14 06:52:18.355  2066  2066 D MountService:     mMaxFileSize=4294967296 mOwner=null mUuid=null mUserLabel=null mState=null 
12-14 06:52:18.357  2066  2066 I SystemServer: LockSettingsService
12-14 06:52:18.358  2066  2109 E EventHub: could not get driver version for /dev/input/mouse1, Not a typewriter
12-14 06:52:18.358  2066  2066 I SystemServiceManager: Starting com.android.server.devicepolicy.DevicePolicyManagerService$Lifecycle
12-14 06:52:18.359  2066  2113 D MountService: volume state changed for /storage/usb0 (unmounted -> removed)
12-14 06:52:18.359  2066  2113 D MountService: volume state changed for /storage/usb1 (unmounted -> removed)
12-14 06:52:18.359  2066  2113 D MountService: volume state changed for /storage/usb2 (unmounted -> removed)
12-14 06:52:18.359  2066  2113 D MountService: volume state changed for /storage/usb3 (unmounted -> removed)
12-14 06:52:18.359  2066  2066 I SystemServer: Status Bar
12-14 06:52:18.360  2066  2113 I PackageManager: No secure containers found
12-14 06:52:18.360  2066  2113 W PackageManager: Unknown permission com.google.android.googleapps.permission.GOOGLE_AUTH in package com.android.providers.calendar
12-14 06:52:18.360  2066  2113 W PackageManager: Unknown permission com.google.android.googleapps.permission.GOOGLE_AUTH.cl in package com.android.providers.calendar
12-14 06:52:18.360  2066  2113 W PackageManager: Not granting permission android.permission.GLOBAL_SEARCH to package com.android.quicksearchbox (protectionLevel=18 flags=0x8be45)
12-14 06:52:18.360  2066  2113 W PackageManager: Not granting permission android.permission.ACCESS_DOWNLOAD_MANAGER to package com.android.browser (protectionLevel=18 flags=0x9be45)
12-14 06:52:18.360  2066  2113 W PackageManager: Not granting permission android.permission.SEND_DOWNLOAD_COMPLETED_INTENTS to package com.android.browser (protectionLevel=2 flags=0x9be45)
12-14 06:52:18.360  2066  2113 W PackageManager: Unknown permission com.android.vending.CHECK_LICENSE in package com.microsoft.office.excel
12-14 06:52:18.360  2066  2113 W PackageManager: Not granting permission android.permission.BIND_WALLPAPER to package com.android.camera2 (protectionLevel=18 flags=0x58bc45)
12-14 06:52:18.360  2066  2113 W PackageManager: Unknown permission android.permission.INSTALL_DRM in package com.android.mms
12-14 06:52:18.360  2066  2113 W PackageManager: Not granting permission android.permission.BIND_APPWIDGET to package com.android.launcher3 (protectionLevel=18 flags=0x483e45)
12-14 06:52:18.360  2066  2113 W PackageManager: Unknown permission com.android.launcher.permission.READ_SETTINGS in package com.android.launcher3
12-14 06:52:18.360  2066  2113 W PackageManager: Unknown permission com.android.launcher.permission.WRITE_SETTINGS in package com.android.launcher3
12-14 06:52:18.360  2066  2113 W PackageManager: Unknown permission com.google.android.googleapps.permission.GOOGLE_AUTH.mail in package com.android.calendar
12-14 06:52:18.360  2066  2113 W PackageManager: Unknown permission com.android.vending.CHECK_LICENSE in package com.microsoft.office.word
12-14 06:52:18.360  2066  2113 W PackageManager: Unknown permission com.android.vending.CHECK_LICENSE in package com.microsoft.office.powerpoint
12-14 06:52:18.360  2066  2113 W PackageManager: Unknown permission com.android.launcher.permission.READ_SETTINGS in package com.android.onetimeinitializer
12-14 06:52:18.360  2066  2113 W PackageManager: Unknown permission com.android.launcher.permission.WRITE_SETTINGS in package com.android.onetimeinitializer
12-14 06:52:18.360  2066  2113 W PackageManager: Not granting permission android.permission.DELETE_PACKAGES to package com.svox.pico (protectionLevel=18 flags=0x8be45)
12-14 06:52:18.360  2066  2113 W PackageManager: Unknown permission com.cyanogenmod.filemanager.permissions.READ_THEME in package com.cyanogenmod.filemanager
12-14 06:52:18.360  2066  2113 W PackageManager: Unknown permission com.google.android.googleapps.permission.GOOGLE_AUTH in package com.android.settings
12-14 06:52:18.360  2066  2113 W PackageManager: Unknown permission com.android.launcher.permission.READ_SETTINGS in package com.android.settings
12-14 06:52:18.360  2066  2113 W PackageManager: Unknown permission com.android.launcher.permission.WRITE_SETTINGS in package com.android.settings
12-14 06:52:18.361  2066  2113 W PackageManager: Unknown permission com.android.smspush.WAPPUSH_MANAGER_BIND in package com.android.phone
12-14 06:52:18.361  2066  2113 W PackageManager: Not granting permission android.permission.DEVICE_POWER to package com.android.deskclock (protectionLevel=2 flags=0x48be45)
12-14 06:52:18.361  2066  2113 W PackageManager: Unknown permission com.google.android.gallery3d.permission.GALLERY_PROVIDER in package com.android.bluetooth
12-14 06:52:18.361  2066  2113 W PackageManager: Unknown permission com.google.android.googleapps.permission.ACCESS_GOOGLE_PASSWORD in package com.android.development
12-14 06:52:18.361  2066  2113 W PackageManager: Unknown permission com.google.android.googleapps.permission.GOOGLE_AUTH in package com.android.development
12-14 06:52:18.361  2066  2113 W PackageManager: Unknown permission com.google.android.googleapps.permission.GOOGLE_AUTH.ALL_SERVICES in package com.android.development
12-14 06:52:18.361  2066  2113 W PackageManager: Unknown permission com.google.android.googleapps.permission.GOOGLE_AUTH.YouTubeUser in package com.android.development
12-14 06:52:18.361  2066  2066 I SystemServer: Clipboard Service
12-14 06:52:18.361  2066  2066 I SystemServer: NetworkManagement Service
12-14 06:52:18.363  2066  2066 I SystemServer: Text Service Manager Service
12-14 06:52:18.367  2066  2066 I SystemServer: Network Score Service
12-14 06:52:18.368  2066  2066 I SystemServer: NetworkStats Service
12-14 06:52:18.370  2066  2066 I SystemServer: NetworkPolicy Service
12-14 06:52:18.373  2066  2066 I SystemServiceManager: Starting com.android.server.wifi.p2p.WifiP2pService
12-14 06:52:18.376  2066  2109 I EventHub: New device: id=6, fd=95, path='/dev/input/event12', name='ETPS/2 Elantech Touchpad', classes=0x14, configuration='/system/usr/idc/ETPS_2_Elantech_Touchpad.idc', keyLayout='', keyCharacterMap='', builtinKeyboard=false, wakeMechanism=EPOLLWAKEUP, usingClockIoctl=true
12-14 06:52:18.376  2066  2109 D EventHub: No input device configuration file found for device 'AT Translated Set 2 keyboard'.
12-14 06:52:18.377  2066  2109 I EventHub: New device: id=7, fd=96, path='/dev/input/event3', name='AT Translated Set 2 keyboard', classes=0x3, configuration='', keyLayout='/system/usr/keylayout/Generic.kl', keyCharacterMap='/system/usr/keychars/Generic.kcm', builtinKeyboard=false, wakeMechanism=EPOLLWAKEUP, usingClockIoctl=true
12-14 06:52:18.377  2066  2109 D EventHub: No input device configuration file found for device 'MSI WMI hotkeys'.
12-14 06:52:18.378  2066  2109 W EventHub: Unable to disable kernel key repeat for /dev/input/event11: Function not implemented
12-14 06:52:18.378  2066  2109 I EventHub: New device: id=8, fd=97, path='/dev/input/event11', name='MSI WMI hotkeys', classes=0x1, configuration='', keyLayout='/system/usr/keylayout/Generic.kl', keyCharacterMap='/system/usr/keychars/Generic.kcm', builtinKeyboard=false, wakeMechanism=EPOLLWAKEUP, usingClockIoctl=true
12-14 06:52:18.378  2066  2109 E EventHub: could not get driver version for /dev/input/mice, Not a typewriter
12-14 06:52:18.381  2066  2066 I WifiP2pService: Registering wifip2p
12-14 06:52:18.381  2066  2066 I SystemServiceManager: Starting com.android.server.wifi.WifiService
12-14 06:52:18.398  2066  2109 D EventHub: No input device configuration file found for device 'HDA Intel PCH Headphone'.
12-14 06:52:18.398  2066  2109 I EventHub: New device: id=9, fd=100, path='/dev/input/event14', name='HDA Intel PCH Headphone', classes=0x80, configuration='', keyLayout='', keyCharacterMap='', builtinKeyboard=false, wakeMechanism=EPOLLWAKEUP, usingClockIoctl=true
12-14 06:52:18.398  2066  2109 D EventHub: No input device configuration file found for device 'HDA Intel PCH Mic'.
12-14 06:52:18.398  2066  2109 I EventHub: New device: id=10, fd=101, path='/dev/input/event13', name='HDA Intel PCH Mic', classes=0x80, configuration='', keyLayout='', keyCharacterMap='', builtinKeyboard=false, wakeMechanism=EPOLLWAKEUP, usingClockIoctl=true
12-14 06:52:18.398  2066  2109 E EventHub: could not get driver version for /dev/input/mouse0, Not a typewriter
12-14 06:52:18.405  2066  2066 E WifiConfigStore: associatedPartialScanPeriodMilli set to 20000
12-14 06:52:18.408  2066  2066 D WifiController: isAirplaneModeOn = false, isWifiEnabled = false, isScanningAvailable = false
12-14 06:52:18.408  2066  2066 I WifiService: Registering wifi
12-14 06:52:18.409  2066  2066 I SystemServiceManager: Starting com.android.server.wifi.WifiScanningService
12-14 06:52:18.409  2066  2066 I WifiScanningService: Creating wifiscanner
12-14 06:52:18.409  2066  2066 I WifiScanningService: Starting wifiscanner
12-14 06:52:18.409  2066  2066 I SystemServiceManager: Starting com.android.server.wifi.RttService
12-14 06:52:18.409  2066  2066 I RttService: Creating rttmanager
12-14 06:52:18.409  2066  2066 I RttService: Starting rttmanager
12-14 06:52:18.409  2066  2066 I SystemServiceManager: Starting com.android.server.ethernet.EthernetService
12-14 06:52:18.410  2066  2066 I EthernetServiceImpl: Creating EthernetConfigStore
12-14 06:52:18.410  2066  2109 D EventHub: No input device configuration file found for device 'Logitech USB Optical Mouse'.
12-14 06:52:18.410  2066  2109 I EventHub: New device: id=11, fd=106, path='/dev/input/event4', name='Logitech USB Optical Mouse', classes=0x80000008, configuration='', keyLayout='', keyCharacterMap='', builtinKeyboard=false, wakeMechanism=EPOLLWAKEUP, usingClockIoctl=true
12-14 06:52:18.410  2066  2109 D EventHub: No input device configuration file found for device 'HDA Intel HDMI HDMI/DP,pcm=8'.
12-14 06:52:18.410  2066  2109 I EventHub: New device: id=12, fd=107, path='/dev/input/event9', name='HDA Intel HDMI HDMI/DP,pcm=8', classes=0x80, configuration='', keyLayout='', keyCharacterMap='', builtinKeyboard=false, wakeMechanism=EPOLLWAKEUP, usingClockIoctl=true
12-14 06:52:18.410  2066  2109 D EventHub: No input device configuration file found for device 'HDA Intel HDMI HDMI/DP,pcm=7'.
12-14 06:52:18.410  2066  2109 I EventHub: New device: id=13, fd=105, path='/dev/input/event8', name='HDA Intel HDMI HDMI/DP,pcm=7', classes=0x80, configuration='', keyLayout='', keyCharacterMap='', builtinKeyboard=false, wakeMechanism=EPOLLWAKEUP, usingClockIoctl=true
12-14 06:52:18.410  2066  2066 E IpConfigStore: Error parsing configuration: java.io.FileNotFoundException: /data/misc/ethernet/ipconfig.txt: open failed: ENOENT (No such file or directory)
12-14 06:52:18.410  2066  2109 D EventHub: No input device configuration file found for device 'HDA Intel HDMI HDMI/DP,pcm=3'.
12-14 06:52:18.410  2066  2066 W EthernetConfigStore: No Ethernet configuration found. Using default.
12-14 06:52:18.410  2066  2109 I EventHub: New device: id=14, fd=108, path='/dev/input/event7', name='HDA Intel HDMI HDMI/DP,pcm=3', classes=0x80, configuration='', keyLayout='', keyCharacterMap='', builtinKeyboard=false, wakeMechanism=EPOLLWAKEUP, usingClockIoctl=true
12-14 06:52:18.410  2066  2066 I EthernetServiceImpl: Read stored IP configuration: IP assignment: DHCP
12-14 06:52:18.410  2066  2066 I EthernetServiceImpl: Proxy settings: NONE
12-14 06:52:18.410  2066  2066 I EthernetService: Registering service ethernet
12-14 06:52:18.410  2066  2066 I SystemServer: Connectivity Service
12-14 06:52:18.411  2066  2066 D ConnectivityService: ConnectivityService starting up
12-14 06:52:18.411  2066  2109 I InputReader: Device added: id=-1, name='Virtual', sources=0x00000301
12-14 06:52:18.411  2066  2109 I InputReader: Device added: id=14, name='HDA Intel HDMI HDMI/DP,pcm=3', sources=0x80000000
12-14 06:52:18.411  2066  2109 I InputReader: Device added: id=13, name='HDA Intel HDMI HDMI/DP,pcm=7', sources=0x80000000
12-14 06:52:18.411  2066  2109 I InputReader: Device added: id=12, name='HDA Intel HDMI HDMI/DP,pcm=8', sources=0x80000000
12-14 06:52:18.411  2066  2066 D ConnectivityService: wifiOnly=false
12-14 06:52:18.412  2066  2066 E ConnectivityService: Ignoring protectedNetwork 14
12-14 06:52:18.412  2066  2066 E ConnectivityService: Ignoring protectedNetwork 15
12-14 06:52:18.413  2066  2109 I InputReader: Device added: id=11, name='Logitech USB Optical Mouse', sources=0x00002002
12-14 06:52:18.413  2066  2109 I InputReader: Device added: id=10, name='HDA Intel PCH Mic', sources=0x80000000
12-14 06:52:18.413  2066  2109 I InputReader: Device added: id=9, name='HDA Intel PCH Headphone', sources=0x80000000
12-14 06:52:18.413  2066  2109 I InputReader: Device added: id=8, name='MSI WMI hotkeys', sources=0x00000101
12-14 06:52:18.413  2066  2109 I InputReader: Device added: id=7, name='AT Translated Set 2 keyboard', sources=0x00000101
12-14 06:52:18.413  2066  2109 I InputReader:   Touch device 'ETPS/2 Elantech Touchpad' could not query the properties of its associated display.  The device will be inoperable until the display size becomes available.
12-14 06:52:18.413  2066  2109 I InputReader: Device added: id=6, name='ETPS/2 Elantech Touchpad', sources=0x00002002
12-14 06:52:18.413  2066  2109 I InputReader: Device added: id=4, name='Lid Switch', sources=0x80000000
12-14 06:52:18.413  2066  2109 I InputReader: Device added: id=3, name='Video Bus', sources=0x00000101
12-14 06:52:18.413  2066  2109 I InputReader: Device added: id=2, name='Video Bus', sources=0x00000101
12-14 06:52:18.413  2066  2109 I InputReader: Device added: id=1, name='Android Power Button', sources=0x00000101
12-14 06:52:18.413  2066  2109 I InputReader: Reconfiguring input devices.  changes=0x00000004
12-14 06:52:18.413  2066  2109 I InputReader: Device reconfigured: id=6, name='ETPS/2 Elantech Touchpad', size 1920x1080, orientation 0, mode 4, display id 0
12-14 06:52:18.413  2066  2108 I ActivityManager: Config changes=30 {1.0 ?mcc?mnc zh_CN ?layoutDir sw720dp w1280dp h646dp 240dpi lrg long land ?uimode ?night -touch qwerty/v/v -nav/h s.4}
12-14 06:52:18.419  2066  2066 I SystemServer: Network Service Discovery Service
12-14 06:52:18.420  2066  2066 D NsdService: Network service discovery enabled true
12-14 06:52:18.421  2066  2066 I SystemServer: UpdateLock Service
12-14 06:52:18.430  2066  2066 I SystemServiceManager: Starting com.android.server.notification.NotificationManagerService
12-14 06:52:18.435  2066  2066 D ZenLog  : set_zen_mode: off,setting
12-14 06:52:18.436  2066  2066 I SystemServiceManager: Starting com.android.server.storage.DeviceStorageMonitorService
12-14 06:52:18.436  2066  2066 I SystemServer: Location Manager
12-14 06:52:18.437  2066  2066 I SystemServer: Country Detector
12-14 06:52:18.438  2066  2066 I SystemServer: Search Service
12-14 06:52:18.438  2066  2066 I SystemServer: DropBox Service
12-14 06:52:18.438  2066  2066 I SystemServer: Wallpaper Service
12-14 06:52:18.439  2066  2066 I SystemServer: Audio Service
12-14 06:52:18.442  2066  2124 I ServiceManager: Waiting for service media.audio_policy...
12-14 06:52:18.443  2066  2066 W TelecomManager: Telecom Service not found.
12-14 06:52:18.959  1800  1800 I AudioFlinger: Using module 1 has the primary audio interface
12-14 06:52:18.959  1800  2125 I AudioFlinger: AudioFlinger's thread 0xf58bd000 ready to run
12-14 06:52:18.960  1800  2126 I AudioFlinger: AudioFlinger's thread 0xf5951000 ready to run
12-14 06:52:18.961  1800  1800 D BlueZ   : external/bluetooth/bluez/android/hal-audio.c:audio_open() 
12-14 06:52:18.961  1800  1800 D BlueZ   : external/bluetooth/bluez/android/hal-audio.c:audio_ipc_init() 
12-14 06:52:18.961  1800  2127 D BlueZ   : external/bluetooth/bluez/android/hal-audio.c:ipc_handler() 
12-14 06:52:18.961  1800  2127 D BlueZ   : external/bluetooth/bluez/android/hal-audio.c:ipc_handler() Waiting for connection ...
12-14 06:52:18.961  1800  1800 E BlueZ   : APTX: failed to open library libbt-aptx.so (dlopen failed: library "libbt-aptx.so" not found)
12-14 06:52:18.961  1800  1800 D BlueZ   : external/bluetooth/bluez/android/hal-audio.c:audio_init_check() 
12-14 06:52:18.961  1800  1800 D BlueZ   : external/bluetooth/bluez/android/hal-audio.c:audio_set_master_volume() 
12-14 06:52:18.961  1800  1800 D BlueZ   : external/bluetooth/bluez/android/hal-audio.c:set_master_mute() 
12-14 06:52:18.961  1800  1800 I AudioFlinger: loadHwModule() Loaded a2dp audio interface from A2DP Bluez HW HAL (audio) handle 4
12-14 06:52:18.961  1800  1800 I AudioFlinger: loadHwModule() Loaded usb audio interface from USB audio HW HAL (audio) handle 5
12-14 06:52:18.961  1800  1800 E SoundTriggerHwService: couldn't load sound trigger module sound_trigger.primary (No such file or directory)
12-14 06:52:18.962  1800  2129 D BlueZ   : external/bluetooth/bluez/android/hal-audio.c:audio_set_mic_mute() 
12-14 06:52:19.445  2066  2066 I SystemServiceManager: Starting com.android.server.DockObserver
12-14 06:52:19.445  2066  2066 W DockObserver: This kernel does not have dock station support
12-14 06:52:19.446  2066  2066 I SystemServer: Wired Accessory Manager
12-14 06:52:19.446  2066  2066 W WiredAccessoryManager: This kernel does not have usb audio support
12-14 06:52:19.446  2066  2066 W WiredAccessoryManager: This kernel does not have HDMI audio support
12-14 06:52:19.446  2066  2066 I SystemServiceManager: Starting com.android.server.usb.UsbService$Lifecycle
12-14 06:52:19.447  2066  2066 I SystemServer: Serial Service
12-14 06:52:19.448  2066  2066 I SystemServiceManager: Starting com.android.server.twilight.TwilightService
12-14 06:52:19.448  2066  2066 I SystemServiceManager: Starting com.android.server.UiModeManagerService
12-14 06:52:19.449  2066  2066 I SystemServiceManager: Starting com.android.server.job.JobSchedulerService
12-14 06:52:19.450  2066  2066 I SystemServiceManager: Starting com.android.server.backup.BackupManagerService$Lifecycle
12-14 06:52:19.451  2066  2066 I SystemServiceManager: Starting com.android.server.appwidget.AppWidgetService
12-14 06:52:19.451  2066  2066 I SystemServiceManager: Starting com.android.server.voiceinteraction.VoiceInteractionManagerService
12-14 06:52:19.452  2066  2066 W SoundTriggerHelper: listModules status=0, # of modules=0
12-14 06:52:19.452  2066  2066 I SystemServer: DiskStats Service
12-14 06:52:19.452  2066  2066 I SystemServer: SamplingProfiler Service
12-14 06:52:19.454  2066  2066 I SystemServer: NetworkTimeUpdateService
12-14 06:52:19.454  2066  2066 I SystemServer: CommonTimeManagementService
12-14 06:52:19.454  2066  2066 I SystemServer: CertBlacklister
12-14 06:52:19.455  2066  2066 I SystemServiceManager: Starting com.android.server.dreams.DreamManagerService
12-14 06:52:19.455  2066  2066 I SystemServer: Assets Atlas Service
12-14 06:52:19.456  2066  2066 I SystemServiceManager: Starting com.android.server.print.PrintManagerService
12-14 06:52:19.456  2066  2131 D AssetAtlas: Loaded configuration: SliceMinArea (768x768) flags=0x2 count=446
12-14 06:52:19.457  2066  2066 I SystemServiceManager: Starting com.android.server.restrictions.RestrictionsManagerService
12-14 06:52:19.457  2066  2066 I SystemServiceManager: Starting com.android.server.media.MediaSessionService
12-14 06:52:19.459  2066  2066 I SystemServer: Media Router Service
12-14 06:52:19.459  2066  2066 I SystemServiceManager: Starting com.android.server.trust.TrustManagerService
12-14 06:52:19.459  2066  2066 I SystemServiceManager: Starting com.android.server.fingerprint.FingerprintService
12-14 06:52:19.459  2066  2066 V Fingerprint-JNI: nativeInit()
12-14 06:52:19.460  2066  2066 V Fingerprint-JNI: nativeOpenHal()
12-14 06:52:19.460  2066  2066 E Fingerprint-JNI: Can't open fingerprint HW Module, error: -2
12-14 06:52:19.460  2066  2066 I SystemServer: BackgroundDexOptService
12-14 06:52:19.460  2066  2066 I SystemServiceManager: Starting com.android.server.pm.LauncherAppsService
12-14 06:52:19.460  2066  2066 I SystemServiceManager: Starting com.android.server.media.projection.MediaProjectionManagerService
12-14 06:52:19.461  2066  2131 I GRALLOC-DRM: create intel for driver i915
12-14 06:52:19.465  2066  2066 I WindowManager: SAFE MODE not enabled
12-14 06:52:19.465  2066  2066 I SystemServiceManager: Starting com.android.server.MmsServiceBroker
12-14 06:52:19.466  2066  2131 I EGL-DRI2: DRI2: found extension DRI_Core version 1
12-14 06:52:19.466  2066  2131 I EGL-DRI2: DRI2: found extension DRI_DRI2 version 4
12-14 06:52:19.467  2066  2066 E SQLiteLog: (283) recovered 17 frames from WAL file /data/system/locksettings.db-wal
12-14 06:52:19.473  2066  2131 I EGL-DRI2: DRI2: found extension DRI_TexBuffer version 3
12-14 06:52:19.473  2066  2131 I EGL-DRI2: DRI2: found extension DRI2_Flush version 4
12-14 06:52:19.473  2066  2131 I EGL-DRI2: DRI2: found extension DRI_IMAGE version 11
12-14 06:52:19.474  2066  2066 E LockSettingsStorage: Cannot read file java.io.FileNotFoundException: /data/system/password.key: open failed: ENOENT (No such file or directory)
12-14 06:52:19.474  2066  2066 E LockSettingsStorage: Cannot read file java.io.FileNotFoundException: /data/system/gesture.key: open failed: ENOENT (No such file or directory)
12-14 06:52:19.474  2066  2066 I SystemServiceManager: Starting phase 480
12-14 06:52:19.476  2066  2066 I SystemServiceManager: Starting phase 500
12-14 06:52:19.476  2066  2066 I WifiService: WifiService starting up with Wi-Fi disabled
12-14 06:52:19.478  2066  2119 D WifiService: New client listening to asynchronous messages
12-14 06:52:19.478  2066  2066 I WifiScanningService: Registering wifiscanner
12-14 06:52:19.479  2066  2131 D AssetAtlas: Rendered atlas in 15.53ms (2.12+13.41ms)
12-14 06:52:19.479  2066  2066 D WifiScanningService: New client, channel: null messenger: null
12-14 06:52:19.479  2066  2066 I RttService: Registering rttmanager
12-14 06:52:19.479  2066  2134 D WifiChangeStateMachine: Entering IdleState
12-14 06:52:19.479  2066  2134 D WifiScanningService: DefaultState
12-14 06:52:19.480  2066  2066 I EthernetServiceImpl: Starting Ethernet service
12-14 06:52:19.480  2066  2066 D Ethernet: Registering NetworkFactory
12-14 06:52:19.481  2066  2120 D ConnectivityService: Got NetworkFactory Messenger for Ethernet
12-14 06:52:19.481  2066  2136 D Ethernet: got request NetworkRequest [ id=1, legacyType=-1, [ Capabilities: INTERNET&NOT_RESTRICTED&TRUSTED&NOT_VPN] ] with score 0
12-14 06:52:19.481  2066  2066 D EthernetNetworkFactory: Started tracking interface eth0
12-14 06:52:19.481  1795  2041 D CommandListener: Setting iface cfg
12-14 06:52:19.481  1795  2041 D CommandListener: Trying to bring up eth0
12-14 06:52:19.714  2066  2066 I ActivityManager: Config changes=200 {1.0 ?mcc?mnc zh_CN ?layoutDir sw720dp w1280dp h646dp 240dpi lrg long land -touch qwerty/v/v -nav/h s.5}
12-14 06:52:19.721  2066  2066 V BackupManagerService: No ancestral data
12-14 06:52:19.722  2066  2066 D BackupManagerService: Now staging backup of com.android.browser
12-14 06:52:19.724  2066  2066 D BackupManagerService: Now staging backup of android
12-14 06:52:19.726  2066  2066 D BackupManagerService: Now staging backup of com.android.calendar
12-14 06:52:19.727  2066  2066 D BackupManagerService: Now staging backup of com.android.providers.settings
12-14 06:52:19.729  2066  2066 D BackupManagerService: Now staging backup of com.android.sharedstoragebackup
12-14 06:52:19.730  2066  2066 D BackupManagerService: Now staging backup of com.android.dialer
12-14 06:52:19.732  2066  2066 D BackupManagerService: Now staging backup of com.android.providers.userdictionary
12-14 06:52:19.733  2066  2066 V BackupManagerService: Starting with transport android/com.android.internal.backup.LocalTransport
12-14 06:52:19.733  2066  2066 V BackupManagerService: Found transports: 1
12-14 06:52:19.733  2066  2066 I BackupManagerService: Binding to transport host ComponentInfo{android/com.android.internal.backup.LocalTransportService}
12-14 06:52:19.735  2066  2066 I BackupManagerService: Found stale backup journal, scheduling
12-14 06:52:19.749  2066  2066 I AppOps  : Pruning old package media/1013: new uid=-1
12-14 06:52:19.749  2066  2066 I ActivityManager: System now ready
12-14 06:52:19.750  2066  2066 I SystemServer: Making services ready
12-14 06:52:19.750  2066  2066 I SystemServiceManager: Starting phase 550
12-14 06:52:19.750  2066  2066 I SystemServer: WebViewFactory preparation
12-14 06:52:19.751  2066  2140 D UsbHostManager: Added device UsbDevice[mName=/dev/bus/usb/002/003,mVendorId=6000,mProductId=65280,mClass=0,mSubclass=0,mProtocol=0,mManufacturerName=null,mProductName=null,mSerialNumber=null,mConfigurations=[
12-14 06:52:19.751  2066  2140 D UsbHostManager: UsbConfiguration[mId=1,mName=null,mAttributes=160,mMaxPower=1,mInterfaces=[
12-14 06:52:19.751  2066  2140 D UsbHostManager: UsbInterface[mId=0,mAlternateSetting=0,mName=null,mClass=3,mSubclass=0,mProtocol=0,mEndpoints=[
12-14 06:52:19.751  2066  2140 D UsbHostManager: UsbEndpoint[mAddress=129,mAttributes=3,mMaxPacketSize=8,mInterval=10]]]]
12-14 06:52:19.753  2066  2140 W ContextImpl: Calling a method in the system process without a qualified user: android.app.ContextImpl.sendBroadcast:1327 com.android.server.usb.UsbSettingsManager.deviceAttached:741 com.android.server.usb.UsbHostManager.endUsbDeviceAdded:224 com.android.server.usb.UsbHostManager.monitorUsbHostBus:-2 com.android.server.usb.UsbHostManager.access$000:42 
12-14 06:52:19.761  2066  2066 I Zygote  : Process: zygote socket opened, supported ABIS: x86_64,arm64-v8a
12-14 06:52:19.771  2066  2066 I Zygote  : Process: zygote socket opened, supported ABIS: x86,armeabi-v7a,armeabi
12-14 06:52:19.795  2066  2066 I ActivityManager: Start proc 2142:WebViewLoader-x86/1037 [android.webkit.WebViewFactory$RelroFileCreator] for 
12-14 06:52:19.796  2066  2140 D UsbHostManager: Added device UsbDevice[mName=/dev/bus/usb/001/003,mVendorId=32903,mProductId=2012,mClass=224,mSubclass=1,mProtocol=1,mManufacturerName=null,mProductName=null,mSerialNumber=null,mConfigurations=[
12-14 06:52:19.796  2066  2140 D UsbHostManager: UsbConfiguration[mId=1,mName=null,mAttributes=224,mMaxPower=50,mInterfaces=[
12-14 06:52:19.796  2066  2140 D UsbHostManager: UsbInterface[mId=0,mAlternateSetting=0,mName=null,mClass=224,mSubclass=1,mProtocol=1,mEndpoints=[
12-14 06:52:19.796  2066  2140 D UsbHostManager: UsbEndpoint[mAddress=129,mAttributes=3,mMaxPacketSize=64,mInterval=1]
12-14 06:52:19.796  2066  2140 D UsbHostManager: UsbEndpoint[mAddress=2,mAttributes=2,mMaxPacketSize=64,mInterval=1]
12-14 06:52:19.796  2066  2140 D UsbHostManager: UsbEndpoint[mAddress=130,mAttributes=2,mMaxPacketSize=64,mInterval=1]]
12-14 06:52:19.796  2066  2140 D UsbHostManager: UsbInterface[mId=1,mAlternateSetting=0,mName=null,mClass=224,mSubclass=1,mProtocol=1,mEndpoints=[
12-14 06:52:19.796  2066  2140 D UsbHostManager: UsbEndpoint[mAddress=3,mAttributes=1,mMaxPacketSize=0,mInterval=1]
12-14 06:52:19.796  2066  2140 D UsbHostManager: UsbEndpoint[mAddress=131,mAttributes=1,mMaxPacketSize=0,mInterval=1]]
12-14 06:52:19.796  2066  2140 D UsbHostManager: UsbInterface[mId=1,mAlternateSetting=1,mName=null,mClass=224,mSubclass=1,mProtocol=1,mEndpoints=[
12-14 06:52:19.796  2066  2140 D UsbHostManager: UsbEndpoint[mAddress=3,mAttributes=1,mMaxPacketSize=9,mInterval=1]
12-14 06:52:19.796  2066  2140 D UsbHostManager: UsbEndpoint[mAddress=131,mAttributes=1,mMaxPacketSize=9,mInterval=1]]
12-14 06:52:19.796  2066  2140 D UsbHostManager: UsbInterface[mId=1,mAlternateSetting=2,mName=null,mClass=224,mSubclass=1,mProtocol=1,mEndpoints=[
12-14 06:52:19.796  2066  2140 D UsbHostManager: UsbEndpoint[mAddress=3,mAttributes=1,mMaxPacketSize=17,mInterval=1]
12-14 06:52:19.796  2066  2140 D UsbHostManager: UsbEndpoint[mAddress=131,mAttributes=1,mMaxPacketSize=17,mInterval=1]]
12-14 06:52:19.796  2066  2140 D UsbHostManager: UsbInterface[mId=1,mAlternateSetting=3,mName=null,mClass=224,mSubclass=1,mProtocol=1,mEndpoints=[
12-14 06:52:19.796  2066  2140 D UsbHostManager: UsbEndpoint[mAddress=3,mAttributes=1,mMaxPacketSize=25,mInterval=1]
12-14 06:52:19.796  2066  2140 D UsbHostManager: UsbEndpoint[mAddress=131,mAttributes=1,mMaxPacketSize=25,mInterval=1]]
12-14 06:52:19.796  2066  2140 D UsbHostManager: UsbInterface[mId=1,mAlternateSetting=4,mName=null,mClass=224,mSubclass=1,mProtocol=1,mEndpoints=[
12-14 06:52:19.796  2066  2140 D UsbHostManager: UsbEndpoint[mAddress=3,mAttributes=1,mMaxPacketSize=33,mInterval=1]
12-14 06:52:19.796  2066  2140 D UsbHostManager: UsbEndpoint[mAddress=131,mAttributes=1,mMaxPacketSize=33,mInterval=1]]
12-14 06:52:19.796  2066  2140 D UsbHostManager: UsbInterface[mId=1,mAlternateSetting=5,mName=null,mClass=224,mSubclass=1,mProtocol=1,mEndpoints=[
12-14 06:52:19.796  2066  2140 D UsbHostManager: UsbEndpoint[mAddress=3,mAttributes=1,mMaxPacketSize=49,mInterval=1]
12-14 06:52:19.796  2066  2140 D UsbHostManager: UsbEndpoint[mAddress=131,mAttributes=1,mMaxPacketSize=49,mInterval=1]]]]
12-14 06:52:19.796  2066  2140 W ContextImpl: Calling a method in the system process without a qualified user: android.app.ContextImpl.sendBroadcast:1327 com.android.server.usb.UsbSettingsManager.deviceAttached:741 com.android.server.usb.UsbHostManager.endUsbDeviceAdded:224 com.android.server.usb.UsbHostManager.monitorUsbHostBus:-2 com.android.server.usb.UsbHostManager.access$000:42 
12-14 06:52:19.806  2142  2142 V WebViewFactory: RelroFileCreator (64bit = false),  32-bit lib: /system/app/webview/lib/x86/libwebviewchromium.so, 64-bit lib: /system/app/webview/lib/x86_64/libwebviewchromium.so
12-14 06:52:19.810  2066  2066 I ActivityManager: Start proc 2164:WebViewLoader-x86_64/1037 [android.webkit.WebViewFactory$RelroFileCreator] for 
12-14 06:52:19.810  2066  2140 D UsbHostManager: Added device UsbDevice[mName=/dev/bus/usb/003/003,mVendorId=3034,mProductId=297,mClass=255,mSubclass=255,mProtocol=255,mManufacturerName=Generic,mProductName=USB2.0-CRW,mSerialNumber=20100201396000000,mConfigurations=[
12-14 06:52:19.810  2066  2140 D UsbHostManager: UsbConfiguration[mId=1,mName=CARD READER,mAttributes=160,mMaxPower=250,mInterfaces=[
12-14 06:52:19.810  2066  2140 D UsbHostManager: UsbInterface[mId=0,mAlternateSetting=0,mName=Bulk-In, Bulk-Out, Interface,mClass=255,mSubclass=6,mProtocol=80,mEndpoints=[
12-14 06:52:19.810  2066  2140 D UsbHostManager: UsbEndpoint[mAddress=1,mAttributes=2,mMaxPacketSize=512,mInterval=0]
12-14 06:52:19.810  2066  2140 D UsbHostManager: UsbEndpoint[mAddress=130,mAttributes=2,mMaxPacketSize=512,mInterval=0]
12-14 06:52:19.810  2066  2140 D UsbHostManager: UsbEndpoint[mAddress=131,mAttributes=3,mMaxPacketSize=3,mInterval=10]]]]
12-14 06:52:19.810  2066  2140 W ContextImpl: Calling a method in the system process without a qualified user: android.app.ContextImpl.sendBroadcast:1327 com.android.server.usb.UsbSettingsManager.deviceAttached:741 com.android.server.usb.UsbHostManager.endUsbDeviceAdded:224 com.android.server.usb.UsbHostManager.monitorUsbHostBus:-2 com.android.server.usb.UsbHostManager.access$000:42 
12-14 06:52:19.812  2164  2164 V WebViewFactory: RelroFileCreator (64bit = true),  32-bit lib: /system/app/webview/lib/x86/libwebviewchromium.so, 64-bit lib: /system/app/webview/lib/x86_64/libwebviewchromium.so
12-14 06:52:19.823  2142  2142 I art     : System.exit called, status: 0
12-14 06:52:19.823  2142  2142 I AndroidRuntime: VM exiting with result code 0, cleanup skipped.
12-14 06:52:19.825  2066  2066 I ActivityManager: Start proc 2187:com.android.systemui/u0a9 for service com.android.systemui/.SystemUIService
12-14 06:52:19.825  2066  2066 D NetworkManagementService: not enabling bandwidth control
12-14 06:52:19.825  2066  2111 E MountService: Boot-time mount failed (-1)
12-14 06:52:19.825  2066  2111 W MountService: Duplicate state transition (mounted -> mounted) for /storage/emulated/0
12-14 06:52:19.827  2066  2140 D UsbHostManager: Added device UsbDevice[mName=/dev/bus/usb/003/002,mVendorId=1133,mProductId=49242,mClass=0,mSubclass=0,mProtocol=0,mManufacturerName=Logitech,mProductName=USB Optical Mouse,mSerialNumber=null,mConfigurations=[
12-14 06:52:19.827  2066  2140 D UsbHostManager: UsbConfiguration[mId=1,mName=null,mAttributes=160,mMaxPower=50,mInterfaces=[
12-14 06:52:19.827  2066  2140 D UsbHostManager: UsbInterface[mId=0,mAlternateSetting=0,mName=null,mClass=3,mSubclass=1,mProtocol=2,mEndpoints=[
12-14 06:52:19.827  2066  2140 D UsbHostManager: UsbEndpoint[mAddress=129,mAttributes=3,mMaxPacketSize=4,mInterval=10]]]]
12-14 06:52:19.827  2066  2140 W ContextImpl: Calling a method in the system process without a qualified user: android.app.ContextImpl.sendBroadcast:1327 com.android.server.usb.UsbSettingsManager.deviceAttached:741 com.android.server.usb.UsbHostManager.endUsbDeviceAdded:224 com.android.server.usb.UsbHostManager.monitorUsbHostBus:-2 com.android.server.usb.UsbHostManager.access$000:42 
12-14 06:52:19.827  2193  2193 W linker  : [vdso]: unused DT entry: type 0x6ffffef5 arg 0x160
12-14 06:52:19.827  1795  2041 I iptables: WARNING: linker: [vdso]: unused DT entry: type 0x6ffffef5 arg 0x160
12-14 06:52:19.828  2194  2194 W linker  : [vdso]: unused DT entry: type 0x6ffffef5 arg 0x160
12-14 06:52:19.828  1795  2041 I ip6tables: WARNING: linker: [vdso]: unused DT entry: type 0x6ffffef5 arg 0x160
12-14 06:52:19.829  2202  2202 W linker  : [vdso]: unused DT entry: type 0x6ffffef5 arg 0x160
12-14 06:52:19.829  1795  2041 I iptables: WARNING: linker: [vdso]: unused DT entry: type 0x6ffffef5 arg 0x160
12-14 06:52:19.829  2203  2203 W linker  : [vdso]: unused DT entry: type 0x6ffffef5 arg 0x160
12-14 06:52:19.830  1795  2041 I ip6tables: WARNING: linker: [vdso]: unused DT entry: type 0x6ffffef5 arg 0x160
12-14 06:52:19.830  2206  2206 W linker  : [vdso]: unused DT entry: type 0x6ffffef5 arg 0x160
12-14 06:52:19.830  1795  2041 I iptables: WARNING: linker: [vdso]: unused DT entry: type 0x6ffffef5 arg 0x160
12-14 06:52:19.831  2213  2213 W linker  : [vdso]: unused DT entry: type 0x6ffffef5 arg 0x160
12-14 06:52:19.831  1795  2041 I ip6tables: WARNING: linker: [vdso]: unused DT entry: type 0x6ffffef5 arg 0x160
12-14 06:52:19.831  2066  2066 W NetworkStats: bandwidth controls disabled, unable to track stats
12-14 06:52:19.832  2066  2066 W NetworkPolicy: bandwidth controls disabled, unable to enforce policy
12-14 06:52:19.833  2187  2187 I ActivityThread: Switching default density from 160 to 240
