12-14 06:52:19.833  2216  2216 W linker  : [vdso]: unused DT entry: type 0x6ffffef5 arg 0x160
12-14 06:52:19.833  1795  2041 I iptables: WARNING: linker: [vdso]: unused DT entry: type 0x6ffffef5 arg 0x160
12-14 06:52:19.834  2217  2217 W linker  : [vdso]: unused DT entry: type 0x6ffffef5 arg 0x160
12-14 06:52:19.834  1795  2041 I ip6tables: WARNING: linker: [vdso]: unused DT entry: type 0x6ffffef5 arg 0x160
12-14 06:52:19.835  2218  2218 W linker  : [vdso]: unused DT entry: type 0x6ffffef5 arg 0x160
12-14 06:52:19.835  1795  2041 I iptables: WARNING: linker: [vdso]: unused DT entry: type 0x6ffffef5 arg 0x160
12-14 06:52:19.836  2219  2219 W linker  : [vdso]: unused DT entry: type 0x6ffffef5 arg 0x160
12-14 06:52:19.836  1795  2041 I ip6tables: WARNING: linker: [vdso]: unused DT entry: type 0x6ffffef5 arg 0x160
12-14 06:52:19.836  2220  2220 W linker  : [vdso]: unused DT entry: type 0x6ffffef5 arg 0x160
12-14 06:52:19.836  1795  2041 I iptables: WARNING: linker: [vdso]: unused DT entry: type 0x6ffffef5 arg 0x160
12-14 06:52:19.837  2221  2221 W linker  : [vdso]: unused DT entry: type 0x6ffffef5 arg 0x160
12-14 06:52:19.837  1795  2041 I ip6tables: WARNING: linker: [vdso]: unused DT entry: type 0x6ffffef5 arg 0x160
12-14 06:52:19.837  2066  2066 D PermissionMonitor: Monitoring
12-14 06:52:19.838  2066  2066 D PermissionMonitor: Users: 1, Apps: 57
12-14 06:52:19.839  2066  2066 I SystemServiceManager: Starting phase 600
12-14 06:52:19.839  2066  2095 D BluetoothManagerService: Message: 20
12-14 06:52:19.839  2066  2095 D BluetoothManagerService: Added callback: android.bluetooth.BluetoothAdapter$1@1605e3d1:true
12-14 06:52:19.839  2164  2164 I art     : System.exit called, status: 0
12-14 06:52:19.839  2164  2164 I AndroidRuntime: VM exiting with result code 0, cleanup skipped.
12-14 06:52:19.839  2066  2066 I BackupManagerService: Backup enabled => false
12-14 06:52:19.840  2066  2124 D BluetoothManagerService: Trying to bind to profile: 1, while Bluetooth was disabled
12-14 06:52:19.840  2066  2095 D BluetoothManagerService: Message: 30
12-14 06:52:19.840  2066  2095 D BluetoothManagerService: Message: 30
12-14 06:52:19.841  2066  2066 I BackupManagerService: Opting out of backup
12-14 06:52:19.843  2187  2187 V SystemUIService: Starting SystemUI services.
12-14 06:52:19.843  2066  2066 E InputMethodManagerService: Ignoring setImeWindowStatus due to an invalid token. uid:1000 token:null
12-14 06:52:19.848  1800  2228 E WVMExtractor: Failed to open libwvm.so: dlopen failed: library "libwvm.so" not found
12-14 06:52:19.851  1800  2128 D NuPlayerDriver: start(0xf584edc0)
12-14 06:52:19.851  1800  2227 I GenericSource: start
12-14 06:52:19.859  2066  2066 I ActivityManager: Start proc 2246:com.android.inputmethod.latin/u0a25 for service com.android.inputmethod.latin/.LatinIME
12-14 06:52:19.859  2066  2066 V InputMethodManagerService: Adding window token: android.os.Binder@1239df70
12-14 06:52:19.861  2066  2066 D gps_serial: GPS dev open_gps
12-14 06:52:19.861  2066  2066 D gps_serial: GPS dev get_hardware_interface
12-14 06:52:19.861  2066  2066 D GpsLocationProvider: Reset GPS properties, previous size = 0
12-14 06:52:19.861  2066  2066 D GpsLocationProvider: GpsParamsResource: SUPL_HOST=supl.google.com
12-14 06:52:19.862  2066  2066 D GpsLocationProvider: GpsParamsResource: SUPL_PORT=7275
12-14 06:52:19.862  2066  2066 D GpsLocationProvider: GpsParamsResource: NTP_SERVER=north-america.pool.ntp.org
12-14 06:52:19.862  2066  2066 D GpsLocationProvider: GpsParamsResource: SUPL_VER=0x20000
12-14 06:52:19.862  2066  2066 D GpsLocationProvider: GpsParamsResource: SUPL_MODE=1
12-14 06:52:19.862  2066  2066 D GpsLocationProvider: GPS properties reloaded, size = 8
12-14 06:52:19.862  2066  2066 E GpsLocationProvider: no AGPS interface in set_agps_server
12-14 06:52:19.862  2066  2066 E GpsLocationProvider: no GPS configuration interface in configuraiton_update
12-14 06:52:19.862  2066  2066 D GpsLocationProvider: final config = #Mon Dec 14 06:52:19 GMT+00:00 2015
12-14 06:52:19.862  2066  2066 D GpsLocationProvider: SUPL_VER=0x20000
12-14 06:52:19.862  2066  2066 D GpsLocationProvider: SUPL_HOST=supl.google.com
12-14 06:52:19.862  2066  2066 D GpsLocationProvider: XTRA_SERVER_3=http\://xtra3.gpsonextra.net/xtra.bin
12-14 06:52:19.862  2066  2066 D GpsLocationProvider: XTRA_SERVER_1=http\://xtra1.gpsonextra.net/xtra.bin
12-14 06:52:19.862  2066  2066 D GpsLocationProvider: SUPL_PORT=7275
12-14 06:52:19.862  2066  2066 D GpsLocationProvider: XTRA_SERVER_2=http\://xtra2.gpsonextra.net/xtra.bin
12-14 06:52:19.862  2066  2066 D GpsLocationProvider: NTP_SERVER=north-america.pool.ntp.org
12-14 06:52:19.862  2066  2066 D GpsLocationProvider: SUPL_MODE=1
12-14 06:52:19.863  2246  2246 I ActivityThread: Switching default density from 160 to 240
12-14 06:52:19.864  2066  2276 V FingerprintService: startListening(android.service.fingerprint.IFingerprintServiceReceiver$Stub$Proxy@79599c9)
12-14 06:52:19.864  2066  2066 W LocationManagerService: no network location provider found
12-14 06:52:19.865  2066  2066 E LocationManagerService: no geocoder provider found
12-14 06:52:19.865  2066  2066 E FlpHardwareProvider: Error hw_get_module 'flp': -2
12-14 06:52:19.865  2066  2066 E LocationManagerService: FLP HAL not supported
12-14 06:52:19.865  2066  2066 E LocationManagerService: Unable to bind FLP Geofence proxy.
12-14 06:52:19.865  2066  2066 E ActivityRecognitionHardware: Error hw_get_module: -2
12-14 06:52:19.865  2066  2066 E LocationManagerService: Hardware Activity-Recognition not supported.
12-14 06:52:19.867  2066  2090 D gps_serial: serial_gps_init
12-14 06:52:19.867  2066  2090 D gps_serial: gps_state_init
12-14 06:52:19.867  2066  2090 D gps_serial: no kernel-provided gps device name
12-14 06:52:19.867  2066  2090 W GpsLocationProvider: Failed to enable location provider
12-14 06:52:19.867  1800  2230 W OMXNodeInstance: [e:google.mpeg4.decoder] component does not support metadata mode; using fallback
12-14 06:52:19.868  2066  2066 I CommonTimeManagementService: No common time service detected on this platform.  Common time services will be unavailable.
12-14 06:52:19.868  1800  2230 W OMXNodeInstance: [f:google.h263.decoder] component does not support metadata mode; using fallback
12-14 06:52:19.868  2066  2066 I MmsServiceBroker: Delay connecting to MmsService until an API is called
12-14 06:52:19.868  2066  2109 I InputReader: Reconfiguring input devices.  changes=0x00000020
12-14 06:52:19.868  2066  2066 W VoiceInteractionManagerService: no available voice interaction services found for user 0
12-14 06:52:19.868  2066  2066 W VoiceInteractionManagerService: no available voice recognition services found for user 0
12-14 06:52:19.869  2066  2109 I InputReader: Reconfiguring input devices.  changes=0x00000010
12-14 06:52:19.870  1800  2230 W OMXNodeInstance: [10:google.h264.decoder] component does not support metadata mode; using fallback
12-14 06:52:19.871  1800  2129 D NuPlayerDriver: start(0xf502f1c0)
12-14 06:52:19.871  1800  2288 I GenericSource: start
12-14 06:52:19.873  1800  2230 D SoftHEVC: Number of CPU cores: 8
12-14 06:52:19.873  1800  2230 D SoftHEVC: Initializing decoder
12-14 06:52:19.873  1800  2230 D SoftHEVC: Set number of cores to 4
12-14 06:52:19.873  1800  2230 D SoftHEVC: Ittiam decoder version number: @(#)Id:HEVCDEC_production Ver:04.01 Released by ITTIAM Build: Dec  8 2015 @ 05:11:58
12-14 06:52:19.873  1800  2230 W OMXNodeInstance: [11:google.hevc.decoder] component does not support metadata mode; using fallback
12-14 06:52:19.873  1800  2230 D SoftHEVC: Freeing codec memory
12-14 06:52:19.873  1800  2230 D SoftHEVC: Number of CPU cores: 8
12-14 06:52:19.873  1800  2230 D SoftHEVC: Initializing decoder
12-14 06:52:19.873  1800  2230 D SoftHEVC: Set number of cores to 4
12-14 06:52:19.873  1800  2230 D SoftHEVC: Ittiam decoder version number: @(#)Id:HEVCDEC_production Ver:04.01 Released by ITTIAM Build: Dec  8 2015 @ 05:11:58
12-14 06:52:19.873  1800  2230 D SoftHEVC: In SoftHEVC::~SoftHEVC
12-14 06:52:19.873  1800  2230 D SoftHEVC: Freeing codec memory
12-14 06:52:19.874  1800  2230 W OMXNodeInstance: [12:google.vp8.decoder] component does not support metadata mode; using fallback
12-14 06:52:19.875  1800  2230 W OMXNodeInstance: [13:google.vp9.decoder] component does not support metadata mode; using fallback
12-14 06:52:19.876  1800  2230 I SoftMPEG4Encoder: Construct SoftMPEG4Encoder
12-14 06:52:19.876  1800  2230 W ACodec  : do not know color format 0x7f000789 = 2130708361
12-14 06:52:19.877  1800  2230 I SoftAVCEncoder: Construct SoftAVCEncoder
12-14 06:52:19.877  1800  2230 W ACodec  : do not know color format 0x7f000789 = 2130708361
12-14 06:52:19.878  1800  2230 I SoftMPEG4Encoder: Construct SoftMPEG4Encoder
12-14 06:52:19.878  1800  2230 W ACodec  : do not know color format 0x7f000789 = 2130708361
12-14 06:52:19.880  1800  2230 W ACodec  : do not know color format 0x7f000789 = 2130708361
12-14 06:52:19.882  1800  2128 D NuPlayerDriver: reset(0xf584edc0)
12-14 06:52:19.883  1800  2227 D NuPlayerDriver: notifyResetComplete(0xf584edc0)
12-14 06:52:19.883  1800  2129 D NuPlayerDriver: reset(0xf502f1c0)
12-14 06:52:19.884  1800  2288 D NuPlayerDriver: notifyResetComplete(0xf502f1c0)
12-14 06:52:19.885  2066  2066 I ActivityManager: Start proc 2315:com.android.phone/1001 for added application com.android.phone
12-14 06:52:19.885  2066  2066 I ActivityManager: START u0 {act=android.intent.action.MAIN cat=[android.intent.category.HOME] flg=0x10000000 cmp=com.android.launcher3/.Launcher} from uid 0 on display 0
12-14 06:52:19.886  2066  2066 V WindowManager: addAppToken: AppWindowToken{124fc7af token=Token{31b6138e ActivityRecord{22deb789 u0 com.android.launcher3/.Launcher t27}}} to stack=0 task=27 at 0
12-14 06:52:19.887  1800  2128 D NuPlayerDriver: start(0xf584edc0)
12-14 06:52:19.887  1800  2322 I GenericSource: start
12-14 06:52:19.888  1800  1800 D NuPlayerDriver: start(0xf584eca0)
12-14 06:52:19.888  1800  2319 I GenericSource: start
12-14 06:52:19.891  1800  1800 D NuPlayerDriver: reset(0xf584eca0)
12-14 06:52:19.891  1800  2128 D NuPlayerDriver: reset(0xf584edc0)
12-14 06:52:19.891  1800  2319 D NuPlayerDriver: notifyResetComplete(0xf584eca0)
12-14 06:52:19.892  1800  2322 D NuPlayerDriver: notifyResetComplete(0xf584edc0)
12-14 06:52:19.896  1800  2129 D NuPlayerDriver: start(0xf502f1c0)
12-14 06:52:19.896  1800  2350 I GenericSource: start
12-14 06:52:19.899  1800  2129 D NuPlayerDriver: reset(0xf502f1c0)
12-14 06:52:19.899  1800  1800 D NuPlayerDriver: start(0xf584eca0)
12-14 06:52:19.899  1800  2353 I GenericSource: start
12-14 06:52:19.900  1800  2350 D NuPlayerDriver: notifyResetComplete(0xf502f1c0)
12-14 06:52:19.901  2066  2066 I ActivityManager: Start proc 2368:com.android.launcher3/u0a49 for activity com.android.launcher3/.Launcher
12-14 06:52:19.901  1800  1800 D NuPlayerDriver: reset(0xf584eca0)
12-14 06:52:19.902  1800  2353 D NuPlayerDriver: notifyResetComplete(0xf584eca0)
12-14 06:52:19.903  1800  2128 D NuPlayerDriver: start(0xf584edc0)
12-14 06:52:19.903  1800  2366 I GenericSource: start
12-14 06:52:19.906  1800  2128 D NuPlayerDriver: reset(0xf584edc0)
12-14 06:52:19.906  1800  2366 D NuPlayerDriver: notifyResetComplete(0xf584edc0)
12-14 06:52:19.911  1800  2129 D NuPlayerDriver: start(0xf502f1c0)
12-14 06:52:19.911  1800  2379 I GenericSource: start
12-14 06:52:19.913  1800  2129 D NuPlayerDriver: reset(0xf502f1c0)
12-14 06:52:19.914  1800  2379 D NuPlayerDriver: notifyResetComplete(0xf502f1c0)
12-14 06:52:19.917  2066  2090 I ActivityManager: Start proc 2405:com.android.printspooler/u0a31 for service com.android.printspooler/.model.PrintSpoolerService
12-14 06:52:19.918  2066  2066 I ActivityThread: Switching default density from 160 to 240
12-14 06:52:19.918  2066  2066 V ActivityManager: Display changed displayId=0
12-14 06:52:19.918  2066  2066 V ActivityManager: Display changed displayId=0
12-14 06:52:19.918  2066  2066 D WifiScanningService: SCAN_AVAILABLE : 1
12-14 06:52:19.918  2066  2066 D RttService: SCAN_AVAILABLE : 1
12-14 06:52:19.918  2315  2315 I ActivityThread: Switching default density from 160 to 240
12-14 06:52:19.919  2066  2134 D WifiScanningService: DefaultState got{ when=0 what=160007 target=com.android.internal.util.StateMachine$SmHandler }
12-14 06:52:19.919  2066  2135 D RttService: DefaultState got{ when=0 what=160513 target=com.android.internal.util.StateMachine$SmHandler }
12-14 06:52:19.919  1800  1800 D NuPlayerDriver: start(0xf584eca0)
12-14 06:52:19.919  1800  2403 I GenericSource: start
12-14 06:52:19.922  2368  2368 I ActivityThread: Switching default density from 160 to 240
12-14 06:52:19.923  1800  1800 D NuPlayerDriver: reset(0xf584eca0)
12-14 06:52:19.923  1800  2403 D NuPlayerDriver: notifyResetComplete(0xf584eca0)
12-14 06:52:19.926  2405  2405 I ActivityThread: Switching default density from 160 to 240
12-14 06:52:19.929  2066  2066 I Telecom : TelecomGlobals: TelecomGlobals initializing
12-14 06:52:19.931  2246  2246 I LatinIME: Hardware accelerated drawing: true
12-14 06:52:19.936  2405  2405 I PrintSpoolerService: No existing print spooler state.
12-14 06:52:19.939  2368  2368 D Launcher.LauncherProvider: 11683562 - initializeMaxScreenId(): 3
12-14 06:52:19.946  2066  2433 I ActivityManager: Start proc 2435:android.process.acore/u0a1 for content provider com.android.providers.contacts/.CallLogProvider
12-14 06:52:19.946  2066  2066 D BluetoothManagerService: Trying to bind to profile: 1, while Bluetooth was disabled
12-14 06:52:19.946  2066  2095 D BluetoothManagerService: Message: 30
12-14 06:52:19.946  2368  2368 V Launcher: LauncherAppState inited
12-14 06:52:19.946  2246  2246 W InputAttributes: No editor info for this field. Bug?
12-14 06:52:19.948  2066  2066 I Telecom : TelecomGlobals: CallsManager initialized
12-14 06:52:19.948  2066  2066 W ContextImpl: Calling a method in the system process without a qualified user: android.app.ContextImpl.startService:1692 android.content.ContextWrapper.startService:516 com.android.server.telecom.BluetoothPhoneService.start:440 com.android.server.telecom.TelecomGlobals.initialize:93 com.android.server.telecom.TelecomService.onCreate:164 
12-14 06:52:19.948  2066  2066 D ZenLog  : downtime: Autotrigger skipped: not in downtime
12-14 06:52:19.949  2187  2187 W ResourceType: No package identifier when getting value for resource number 0x00000000
12-14 06:52:19.949  2187  2187 W PackageManager: Failure retrieving resources for com.android.settings: Resource ID #0x0
12-14 06:52:19.950  2435  2435 I ActivityThread: Switching default density from 160 to 240
12-14 06:52:19.951  2246  2458 I LatinIME:LogUtils: Dictionary info: dictionary = UserHistoryDictionary.en_US ; version = 1450075939 ; date = ?
12-14 06:52:19.951  2246  2459 I LatinIME:LogUtils: Dictionary info: dictionary = PersonalizationDictionary.en_US ; version = 1450075939 ; date = ?
12-14 06:52:19.951  2246  2460 I LatinIME:LogUtils: Dictionary info: dictionary = userunigram.en_US ; version = 1450075939 ; date = ?
12-14 06:52:19.951  2246  2461 I LatinIME:LogUtils: Dictionary info: dictionary = contacts.en_US ; version = 1450075939 ; date = ?
12-14 06:52:19.951  2246  2462 I LatinIME:LogUtils: Dictionary info: dictionary = ContextualDictionary.en_US ; version = 1450075939 ; date = ?
12-14 06:52:19.951  2066  2066 W ResourcesManager: Asset path '/system/framework/com.android.location.provider.jar' does not exist or contains no resources.
12-14 06:52:19.952  2066  2066 D GpsNetInitiatedHandler: location enabled :true
12-14 06:52:19.952  2066  2066 V WiredAccessoryManager: notifyWiredAccessoryChanged: when=0 bits= mask=54
12-14 06:52:19.952  2066  2066 V WiredAccessoryManager: newName=h2w newState=0 headsetState=0 prev headsetState=0
12-14 06:52:19.952  2066  2066 E WiredAccessoryManager: No state change.
12-14 06:52:19.952  2066  2066 V WiredAccessoryManager: init()
12-14 06:52:19.954  2368  2368 D Launcher.Model: Old launcher provider: content://com.android.launcher2.settings/favorites?notify=true
12-14 06:52:19.954  2368  2368 D Launcher.Model: Old launcher provider does not exist.
12-14 06:52:19.956  2368  2368 W Launcher: setApplicationContext called twice! old=com.android.launcher3.LauncherApplication@16d173de new=com.android.launcher3.LauncherApplication@16d173de
12-14 06:52:19.956  2066  2095 D BluetoothManagerService: Message: 300
12-14 06:52:19.957  2066  2095 D BluetoothManagerService: MESSAGE_USER_SWITCHED
12-14 06:52:19.957  1792  2110 D PermissionCache: checking android.permission.HARDWARE_TEST for uid=1000 => granted (26 us)
12-14 06:52:19.958  1800  2128 D BlueZ   : external/bluetooth/bluez/android/hal-audio.c:audio_set_mic_mute() 
12-14 06:52:19.958  2187  2187 W ResourceType: No package identifier when getting value for resource number 0x00000000
12-14 06:52:19.958  2187  2187 W PackageManager: Failure retrieving resources for com.android.settings: Resource ID #0x0
12-14 06:52:19.959  2066  2066 V BackupManagerService: Connected to transport ComponentInfo{android/com.android.internal.backup.LocalTransportService}
12-14 06:52:19.959  2066  2066 V BackupManagerService: Registering transport android/com.android.internal.backup.LocalTransportService::android/com.android.internal.backup.LocalTransport = android.app.backup.BackupTransport$TransportImpl@2b196c29
12-14 06:52:19.962  2066  2066 D BluetoothManagerService: Trying to bind to profile: 1, while Bluetooth was disabled
12-14 06:52:19.962  2066  2095 D BluetoothManagerService: Message: 30
12-14 06:52:19.966  2187  2187 W ResourceType: No package identifier when getting value for resource number 0x00000000
12-14 06:52:19.966  2187  2187 W PackageManager: Failure retrieving resources for com.cyanogenmod.filemanager: Resource ID #0x0
12-14 06:52:19.969  2246  2459 I LatinIME:LogUtils: Dictionary info: dictionary = PersonalizationDictionary.en_US ; version = 1450075939 ; date = ?
12-14 06:52:19.969  2246  2459 I LatinIME:LogUtils: Dictionary info: dictionary = PersonalizationDictionary.en_US ; version = 1450075939 ; date = ?
12-14 06:52:19.970  2066  2066 I FusedLocation: engine started (com.android.location.fused)
12-14 06:52:19.973  2368  2368 W ResourceType: Attempt to retrieve bag 0x7f0d0008 which is invalid or in a cycle.
12-14 06:52:19.976  2246  2474 I LatinIME:LogUtils: Dictionary info: dictionary = main:en ; version = 47 ; date = 1402373178
12-14 06:52:19.983  2435  2470 I ContactLocale: AddressBook Labels [zh-CN]: [, A, B, C, D, E, F, G, H, I, J, K, L, M, N, O, P, Q, R, S, T, U, V, W, X, Y, Z, , , , , , , , , , , , , , , , , , , , , , , , , , , , , , , , , , , , , , , , , , , , , , , , , , , , , , , , , , , , , , , , , , , , , , , , , , , , , , , , , , , , , , , , , , , , , , , , , , , , , , , , , , , , , , , , , , , , ? ? ? ? ? ? ? ? ? ? ? ? ? ? ? ? ? ? ? ? ? ? ? ? ? ? ? ? ? ? ? ? ? ? ? ? ? ? ? ? ? ? ? ? ? ? , ? ? ? ? ? ? ? ? ? ? ? ? ? ? , ? ? ? ? ? ? ? ? ? ? #, ]
12-14 06:52:19.986  2066  2066 I ActivityManager: Start proc 2481:com.android.music/u0a27 for broadcast com.android.music/.MediaButtonIntentReceiver
12-14 06:52:19.986  2368  2463 D Launcher.Model: 11683562 - loadWorkspace()
12-14 06:52:19.986  2368  2463 D Launcher.Model: 11683562 -   loadedOldDb: false
12-14 06:52:19.987  2368  2463 W Launcher: setApplicationContext called twice! old=com.android.launcher3.LauncherApplication@16d173de new=com.android.launcher3.LauncherApplication@16d173de
12-14 06:52:19.988  2315  2315 D TelephonyProvider: dbh.onOpen: ok, queried table=siminfo
12-14 06:52:19.988  2315  2315 D TelephonyProvider: dbh.onOpen: ok, queried table=carriers
12-14 06:52:19.989  1803  1803 I art     : Explicit concurrent mark sweep GC freed 706(30KB) AllocSpace objects, 0(0B) LOS objects, 39% free, 1950KB/3MB, paused 31us total 2.923ms
12-14 06:52:19.991  1803  1803 I art     : Explicit concurrent mark sweep GC freed 5(160B) AllocSpace objects, 0(0B) LOS objects, 39% free, 1950KB/3MB, paused 33us total 2.465ms
12-14 06:52:19.992  2066  2108 I InputDispatcher: Dropped event because input dispatch is disabled.
12-14 06:52:19.994  1803  1803 I art     : Explicit concurrent mark sweep GC freed 5(160B) AllocSpace objects, 0(0B) LOS objects, 39% free, 1950KB/3MB, paused 33us total 2.520ms
12-14 06:52:19.994  2368  2492 D OpenGLRenderer: Use EGL_SWAP_BEHAVIOR_PRESERVED: true
12-14 06:52:19.995  2368  2368 I GRALLOC-DRM: create intel for driver i915
12-14 06:52:19.995  2368  2368 D Atlas   : Validating map...
12-14 06:52:19.996  2066  2215 V WindowManager: Based on layer: Adding window Window{40fcf2b u0 com.android.launcher3/com.android.launcher3.Launcher} at 0 of 1
12-14 06:52:19.998  2066  2090 D GpsLocationProvider: received SIM realted action: 
12-14 06:52:19.998  2066  2090 D GpsLocationProvider: SIM MCC/MNC is still not available
12-14 06:52:19.999  2481  2481 I ActivityThread: Switching default density from 160 to 240
12-14 06:52:20.000  2315  2510 E DcSwitchStateMachine-0: DctController is not ready
12-14 06:52:20.001  2066  2120 E ConnectivityService: Failed to find Messenger in unregisterNetworkFactory
12-14 06:52:20.001  2066  2120 D ConnectivityService: Got NetworkFactory Messenger for Telephony
12-14 06:52:20.002  2066  2108 I InputDispatcher: Dropped event because input dispatch is disabled.
12-14 06:52:20.004  2368  2463 D Launcher.Model: 11683562 - loadWorkspaceScreensDb()
12-14 06:52:20.005  2368  2463 D Launcher.Model: 11683562 -   screens: { 0: 3 }
12-14 06:52:20.005  2368  2463 D Launcher.Model: 11683562 -   sBgWorkspaceScreens: 3
12-14 06:52:20.007  2066  2095 D BluetoothManagerService: Message: 20
12-14 06:52:20.007  2066  2095 D BluetoothManagerService: Added callback: android.bluetooth.IBluetoothManagerCallback$Stub$Proxy@253a7bf6:true
12-14 06:52:20.007  2066  2095 D BluetoothManagerService: Message: 30
12-14 06:52:20.007  2066  2354 D BluetoothManagerService: Trying to bind to profile: 1, while Bluetooth was disabled
12-14 06:52:20.011  2066  2108 I InputDispatcher: Dropped event because input dispatch is disabled.
12-14 06:52:20.020  2066  2108 I InputDispatcher: Dropped event because input dispatch is disabled.
12-14 06:52:20.021  2368  2492 I EGL-DRI2: DRI2: found extension DRI_Core version 1
12-14 06:52:20.021  2368  2492 I EGL-DRI2: DRI2: found extension DRI_DRI2 version 4
12-14 06:52:20.023  2066  2354 I art     : Explicit concurrent mark sweep GC freed 19602(1360KB) AllocSpace objects, 11(171KB) LOS objects, 33% free, 8MB/12MB, paused 319us total 10.700ms
12-14 06:52:20.024  2066  2215 I ActivityManager: Start proc 2515:android.process.media/u0a2 for content provider com.android.providers.media/.MediaProvider
12-14 06:52:20.024  2187  2187 D VolumeUI: Registering volume controller
12-14 06:52:20.025  2315  2315 I Telephony: TtyManager: updateUiTtyMode -1 -> 0
12-14 06:52:20.025  2368  2492 I EGL-DRI2: DRI2: found extension DRI_TexBuffer version 3
12-14 06:52:20.025  2368  2492 I EGL-DRI2: DRI2: found extension DRI2_Flush version 4
12-14 06:52:20.025  2368  2492 I EGL-DRI2: DRI2: found extension DRI_IMAGE version 11
12-14 06:52:20.025  2368  2492 I OpenGLRenderer: Initialized EGL, version 1.4
12-14 06:52:20.025  2368  2492 W OpenGLRenderer: Failed to choose config with EGL_SWAP_BEHAVIOR_PRESERVED, retrying without...
12-14 06:52:20.027  2066  2066 D GpsLocationProvider: received SIM realted action: 
12-14 06:52:20.027  2066  2066 D GpsLocationProvider: SIM MCC/MNC is still not available
12-14 06:52:20.027  2368  2492 D OpenGLRenderer: Enabling debug mode 0
12-14 06:52:20.028  2515  2515 I ActivityThread: Switching default density from 160 to 240
12-14 06:52:20.029  2187  2187 V KeyguardUpdateMonitor: action android.intent.action.SIM_STATE_CHANGED state: NOT_READY slotId: 0 subid: -2
12-14 06:52:20.031  2066  2108 I InputDispatcher: Dropped event because input dispatch is disabled.
12-14 06:52:20.032  2066  2087 I StatusBarManagerService: registerStatusBar bar=com.android.internal.statusbar.IStatusBar$Stub$Proxy@28a22f32
12-14 06:52:20.036  2315  2315 D TelephonyDebugService: TelephonyDebugService()
12-14 06:52:20.038  2066  2119 D WifiService: New client listening to asynchronous messages
12-14 06:52:20.039  2515  2515 E SQLiteLog: (283) recovered 16 frames from WAL file /data/user/0/com.android.providers.media/databases/external.db-wal
12-14 06:52:20.040  2066  2096 I ActivityManager: Displayed com.android.launcher3/.Launcher: +154ms
12-14 06:52:20.041  2066  2108 I InputDispatcher: Dropped event because input dispatch is disabled.
12-14 06:52:20.044  2315  2315 I Telephony: PstnIncomingCallNotifier: Registering: Handler (com.android.internal.telephony.gsm.GSMPhone) {3e2414d9}
12-14 06:52:20.046  2315  2543 D SIP     : [SipSharedPreferences] isReceivingCallsEnabled, option not set; use default value, exception: android.provider.Settings$SettingNotFoundException: sip_receive_calls
12-14 06:52:20.058  2368  2368 D Launcher: 11683562 - bindAddScreens()
12-14 06:52:20.058  2368  2368 D Launcher: 11683562 -   orderedScreenIds: 3
12-14 06:52:20.058  2368  2368 D Launcher.Workspace: 11683562 - insertNewWorkspaceScreen(): 3 at index: 0
12-14 06:52:20.062  2066  2108 I InputDispatcher: Dropped event because input dispatch is disabled.
12-14 06:52:20.072  2066  2108 I InputDispatcher: Dropped event because input dispatch is disabled.
12-14 06:52:20.080  2066  2119 D WifiService: New client listening to asynchronous messages
12-14 06:52:20.082  2066  2095 D BluetoothManagerService: Message: 20
12-14 06:52:20.082  2066  2108 I InputDispatcher: Dropped event because input dispatch is disabled.
12-14 06:52:20.082  2066  2095 D BluetoothManagerService: Added callback: android.bluetooth.IBluetoothManagerCallback$Stub$Proxy@172dbfbf:true
12-14 06:52:20.083  2187  2187 D BluetoothAdapter: 808480472: getState() :  mService = null. Returning STATE_OFF
12-14 06:52:20.083  2187  2548 D BluetoothAdapter: 808480472: getState() :  mService = null. Returning STATE_OFF
12-14 06:52:20.083  2066  2095 D BluetoothManagerService: Message: 30
12-14 06:52:20.083  2066  2095 D BluetoothManagerService: Message: 30
12-14 06:52:20.083  2187  2187 E BluetoothA2dpSink: Could not bind to Bluetooth A2DP Service with Intent { act=android.bluetooth.IBluetoothA2dpSink }
12-14 06:52:20.083  2066  2095 D BluetoothManagerService: Message: 30
12-14 06:52:20.083  2187  2187 E BluetoothAvrcpController: Could not bind to Bluetooth AVRCP Controller Service with Intent { act=android.bluetooth.IBluetoothAvrcpController }
12-14 06:52:20.084  2066  2095 D BluetoothManagerService: Message: 30
12-14 06:52:20.084  2066  2087 D BluetoothManagerService: Trying to bind to profile: 1, while Bluetooth was disabled
12-14 06:52:20.084  2066  2095 D BluetoothManagerService: Message: 30
12-14 06:52:20.084  2187  2187 E BluetoothHeadsetClient: Could not bind to Bluetooth Headset Client Service with Intent { act=android.bluetooth.IBluetoothHeadsetClient }
12-14 06:52:20.084  2066  2095 D BluetoothManagerService: Message: 30
12-14 06:52:20.085  2187  2187 D BluetoothMap: Create BluetoothMap proxy object
12-14 06:52:20.085  2066  2095 D BluetoothManagerService: Message: 30
12-14 06:52:20.085  2066  2095 D BluetoothManagerService: Message: 30
12-14 06:52:20.086  2066  2215 D ConnectivityService: listenForNetwork for NetworkRequest [ id=2, legacyType=-1, [] ]
12-14 06:52:20.088  2187  2187 I CameraManagerGlobal: getCameraService: Reconnecting to camera service
12-14 06:52:20.091  2066  2091 V KeyguardServiceDelegate: *** Keyguard started
12-14 06:52:20.091  2066  2091 W KeyguardServiceDelegate: onScreenTurnedOn(): no keyguard service!
12-14 06:52:20.091  2066  2091 D KbdSensor: poll_activate: dev=0x7f6b76c66680 handle=0 enabled=1
12-14 06:52:20.091  2066  2091 D KbdSensor: poll_setDelay: dev=0x7f6b76c66680 delay-ns=66667000
12-14 06:52:20.093  2066  2108 I InputDispatcher: Dropped event because input dispatch is disabled.
12-14 06:52:20.095  2187  2553 D BluetoothAdapter: 808480472: getState() :  mService = null. Returning STATE_OFF
12-14 06:52:20.095  2187  2553 D BluetoothAdapter: 808480472: getState() :  mService = null. Returning STATE_OFF
12-14 06:52:20.095  2187  2553 D BluetoothAdapter: 808480472: getState() :  mService = null. Returning STATE_OFF
12-14 06:52:20.095  2187  2553 D BluetoothAdapter: 808480472: getState() :  mService = null. Returning STATE_OFF
12-14 06:52:20.097  2187  2555 D OpenGLRenderer: Use EGL_SWAP_BEHAVIOR_PRESERVED: true
12-14 06:52:20.098  2187  2187 I GRALLOC-DRM: create intel for driver i915
12-14 06:52:20.098  2187  2187 D Atlas   : Validating map...
12-14 06:52:20.099  2187  2187 D PhoneStatusBar: disable: < EXPAND* icons alerts system_info BACK* HOME* RECENT* clock SEARCH* >
12-14 06:52:20.103  2066  2108 I InputDispatcher: Dropped event because input dispatch is disabled.
12-14 06:52:20.103  2187  2187 D BluetoothAdapter: 808480472: getState() :  mService = null. Returning STATE_OFF
12-14 06:52:20.103  2187  2187 D BluetoothAdapter: 808480472: getState() :  mService = null. Returning STATE_OFF
12-14 06:52:20.105  2187  2187 D PhoneStatusBar: heads up is enabled
12-14 06:52:20.109  2368  2463 W ResourceType: No package identifier when getting value for resource number 0x00000000
12-14 06:52:20.109  2368  2463 W ResourceType: No package identifier when getting value for resource number 0x00000000
12-14 06:52:20.109  2368  2463 W PackageManager: Failure retrieving resources for com.example.android.rssreader: Resource ID #0x0
12-14 06:52:20.109  2368  2463 W ResourceType: No package identifier when getting value for resource number 0x00000000
12-14 06:52:20.109  2368  2463 W PackageManager: Failure retrieving resources for com.example.android.rssreader: Resource ID #0x0
12-14 06:52:20.109  2368  2463 W ResourceType: No package identifier when getting value for resource number 0x00000000
12-14 06:52:20.109  2368  2463 W ResourceType: No package identifier when getting value for resource number 0x00000000
12-14 06:52:20.109  2368  2463 W PackageManager: Failure retrieving resources for com.android.speechrecorder: Resource ID #0x0
12-14 06:52:20.109  2368  2463 W ResourceType: No package identifier when getting value for resource number 0x00000000
12-14 06:52:20.109  2368  2463 W PackageManager: Failure retrieving resources for com.android.speechrecorder: Resource ID #0x0
12-14 06:52:20.113  2066  2108 I InputDispatcher: Dropped event because input dispatch is disabled.
12-14 06:52:20.124  2066  2108 I InputDispatcher: Dropped event because input dispatch is disabled.
12-14 06:52:20.127  2187  2187 D KeyguardUpdateMonitor: handleSimStateChange(subId=-2, slotId=0, state=UNKNOWN)
12-14 06:52:20.127  2187  2187 W KeyguardUpdateMonitor: invalid subId in handleSimStateChange()
12-14 06:52:20.134  2066  2108 I InputDispatcher: Dropped event because input dispatch is disabled.
12-14 06:52:20.155  2066  2108 I InputDispatcher: Dropped event because input dispatch is disabled.
12-14 06:52:20.165  2066  2108 I InputDispatcher: Dropped event because input dispatch is disabled.
12-14 06:52:20.175  2066  2108 I InputDispatcher: Dropped event because input dispatch is disabled.
12-14 06:52:20.186  2066  2108 I InputDispatcher: Dropped event because input dispatch is disabled.
12-14 06:52:20.196  2066  2108 I InputDispatcher: Dropped event because input dispatch is disabled.
12-14 06:52:20.206  2066  2108 I InputDispatcher: Dropped event because input dispatch is disabled.
12-14 06:52:20.208  2187  2187 I EGL-DRI2: DRI2: found extension DRI_Core version 1
12-14 06:52:20.208  2187  2187 I EGL-DRI2: DRI2: found extension DRI_DRI2 version 4
12-14 06:52:20.211  2187  2187 I EGL-DRI2: DRI2: found extension DRI_TexBuffer version 3
12-14 06:52:20.211  2187  2187 I EGL-DRI2: DRI2: found extension DRI2_Flush version 4
12-14 06:52:20.211  2187  2187 I EGL-DRI2: DRI2: found extension DRI_IMAGE version 11
12-14 06:52:20.217  2066  2108 I InputDispatcher: Dropped event because input dispatch is disabled.
12-14 06:52:20.227  2066  2108 I InputDispatcher: Dropped event because input dispatch is disabled.
12-14 06:52:20.233  1792  2547 I SurfaceFlinger: Boot is finished (4346 ms)
12-14 06:52:20.233  2187  2187 D ViewRootImpl: changeCanvasOpacity: opaque=true
12-14 06:52:20.237  2066  2108 I InputDispatcher: Dropped event because input dispatch is disabled.
12-14 06:52:20.256  2187  2555 I EGL-DRI2: DRI2: found extension DRI_Core version 1
12-14 06:52:20.256  2187  2555 I EGL-DRI2: DRI2: found extension DRI_DRI2 version 4
12-14 06:52:20.258  2066  2108 I InputDispatcher: Dropped event because input dispatch is disabled.
12-14 06:52:20.259  2187  2555 I EGL-DRI2: DRI2: found extension DRI_TexBuffer version 3
12-14 06:52:20.259  2187  2555 I EGL-DRI2: DRI2: found extension DRI2_Flush version 4
12-14 06:52:20.259  2187  2555 I EGL-DRI2: DRI2: found extension DRI_IMAGE version 11
12-14 06:52:20.259  2187  2555 I OpenGLRenderer: Initialized EGL, version 1.4
12-14 06:52:20.259  2187  2555 W OpenGLRenderer: Failed to choose config with EGL_SWAP_BEHAVIOR_PRESERVED, retrying without...
12-14 06:52:20.260  2187  2555 D OpenGLRenderer: Enabling debug mode 0
12-14 06:52:20.266  2066  2119 D WifiService: New client listening to asynchronous messages
12-14 06:52:20.268  2066  2108 I InputDispatcher: Dropped event because input dispatch is disabled.
12-14 06:52:20.271  2066  2066 V KeyguardServiceDelegate: *** Keyguard connected (yay!)
12-14 06:52:20.279  2066  2108 I InputDispatcher: Dropped event because input dispatch is disabled.
12-14 06:52:20.282  2187  2187 V KeyguardUpdateMonitor: onSubscriptionInfoChanged()
12-14 06:52:20.282  2187  2187 V KeyguardUpdateMonitor: onSubscriptionInfoChanged: list is null
12-14 06:52:20.284  2187  2187 D OpenGLRenderer: setting property extraRasterBucket to 0.95
12-14 06:52:20.284  2187  2187 D OpenGLRenderer:     failed
12-14 06:52:20.284  2187  2187 D OpenGLRenderer: setting property extraRasterBucket to 0.0
12-14 06:52:20.284  2187  2187 D OpenGLRenderer:     failed
12-14 06:52:20.289  2066  2108 I InputDispatcher: Dropped event because input dispatch is disabled.
12-14 06:52:20.299  2066  2108 I InputDispatcher: Dropped event because input dispatch is disabled.
12-14 06:52:20.301  2066  2402 V KeyguardServiceDelegate: **** SHOWN CALLED ****
12-14 06:52:20.302  1801  1801 E installd: Unable to unlink boot marker at /data/dalvik-cache/arm64/.booting, error=No such file or directory
12-14 06:52:20.302  2066  2096 E ActivityManager: Unable to mark boot complete for abi: arm64-v8a
12-14 06:52:20.302  1801  1801 E installd: Unable to unlink boot marker at /data/dalvik-cache/arm/.booting, error=No such file or directory
12-14 06:52:20.302  2066  2096 E ActivityManager: Unable to mark boot complete for abi: armeabi-v7a
12-14 06:52:20.302  2066  2096 I SystemServiceManager: Starting phase 1000
12-14 06:52:20.302  2560  2560 W linker  : [vdso]: unused DT entry: type 0x6ffffef5 arg 0x160
12-14 06:52:20.303  2561  2561 W linker  : [vdso]: unused DT entry: type 0x6ffffef5 arg 0x160
12-14 06:52:20.303  2560  2560 I sh      : WARNING: linker: [vdso]: unused DT entry: type 0x6ffffef5 arg 0x160
12-14 06:52:20.305  2560  2560 I sh      : + hw_sh=/vendor/etc/init.sh 
12-14 06:52:20.305  2560  2560 I sh      : + '[' -e /vendor/etc/init.sh ']'
12-14 06:52:20.305  2560  2560 I sh      : + do_bootcomplete
12-14 06:52:20.305  2560  2560 I sh      : + init_cpu_governor
12-14 06:52:20.305  2560  2560 I sh      : + getprop cpu.governor
12-14 06:52:20.307  2565  2565 W linker  : [vdso]: unused DT entry: type 0x6ffffef5 arg 0x160
12-14 06:52:20.307  2560  2560 I sh      : WARNING: linker: [vdso]: unused DT entry: type 0x6ffffef5 arg 0x160
12-14 06:52:20.307  2560  2560 I sh      : + governor= 
12-14 06:52:20.307  2560  2560 I sh      : + '[' ']'
12-14 06:52:20.307  2560  2560 I sh      : + getprop persist.sys.root_access
12-14 06:52:20.308  2566  2566 W linker  : [vdso]: unused DT entry: type 0x6ffffef5 arg 0x160
12-14 06:52:20.308  2560  2560 I sh      : WARNING: linker: [vdso]: unused DT entry: type 0x6ffffef5 arg 0x160
12-14 06:52:20.309  2560  2560 I sh      : + '[' -z 3 ']'
12-14 06:52:20.309  2560  2560 I sh      : + getprop debug.mesa.driver
12-14 06:52:20.310  2066  2108 I InputDispatcher: Dropping event because there is no touchable window at (961, 496).
12-14 06:52:20.310  2567  2567 W linker  : [vdso]: unused DT entry: type 0x6ffffef5 arg 0x160
12-14 06:52:20.310  2560  2560 I sh      : WARNING: linker: [vdso]: unused DT entry: type 0x6ffffef5 arg 0x160
12-14 06:52:20.310  2560  2560 I sh      : + '['  '=' i965 ']'
12-14 06:52:20.310  2560  2560 I sh      : + lsmod
12-14 06:52:20.310  2560  2560 I sh      : + grep -e brcmfmac
12-14 06:52:20.311  2569  2569 W linker  : [vdso]: unused DT entry: type 0x6ffffef5 arg 0x160
12-14 06:52:20.311  2560  2560 I sh      : WARNING: linker: [vdso]: unused DT entry: type 0x6ffffef5 arg 0x160
12-14 06:52:20.312  2560  2560 I sh      : + grep '\[.*\]' /proc/asound/cards
12-14 06:52:20.312  2560  2560 I sh      : + awk '{print $1}'
12-14 06:52:20.313  2570  2570 W linker  : [vdso]: unused DT entry: type 0x6ffffef5 arg 0x160
12-14 06:52:20.313  2560  2560 I sh      : WARNING: linker: [vdso]: unused DT entry: type 0x6ffffef5 arg 0x160
12-14 06:52:20.314  2571  2571 W linker  : [vdso]: unused DT entry: type 0x6ffffef5 arg 0x160
12-14 06:52:20.314  2560  2560 I sh      : WARNING: linker: [vdso]: unused DT entry: type 0x6ffffef5 arg 0x160
12-14 06:52:20.314  2560  2560 I sh      : + cat /proc/asound/card0/id
12-14 06:52:20.314  2560  2560 I sh      : + f=/system/etc/alsa/HDMI.state 
12-14 06:52:20.314  2560  2560 I sh      : + '[' -e /system/etc/alsa/HDMI.state ']'
12-14 06:52:20.315  2560  2560 I sh      : + alsa_ctl init 0
12-14 06:52:20.317  2573  2573 W linker  : [vdso]: unused DT entry: type 0x6ffffef5 arg 0xec
12-14 06:52:20.317  2560  2560 I sh      : WARNING: linker: [vdso]: unused DT entry: type 0x6ffffef5 arg 0xec
12-14 06:52:20.320  2066  2108 I InputDispatcher: Dropping event because there is no touchable window at (961, 495).
12-14 06:52:20.320  2560  2560 I sh      : Found hardware: "HDA-Intel" "Intel Haswell HDMI" "HDA:80862807,80860101,00100000" "0x1462" "0x111d"
12-14 06:52:20.320  2560  2560 I sh      : Hardware is initialized using a generic method
12-14 06:52:20.320  2560  2560 I sh      : + alsa_amixer -c 0 set Master on
12-14 06:52:20.322  2574  2574 W linker  : [vdso]: unused DT entry: type 0x6ffffef5 arg 0xec
12-14 06:52:20.322  2560  2560 I sh      : WARNING: linker: [vdso]: unused DT entry: type 0x6ffffef5 arg 0xec
12-14 06:52:20.323  2560  2560 I sh      : amixer: Unable to find simple control 'Master',0
12-14 06:52:20.323  2560  2560 I sh      : + alsa_amixer -c 0 set Master 100%
12-14 06:52:20.324  2575  2575 W linker  : [vdso]: unused DT entry: type 0x6ffffef5 arg 0xec
12-14 06:52:20.324  2560  2560 I sh      : WARNING: linker: [vdso]: unused DT entry: type 0x6ffffef5 arg 0xec
12-14 06:52:20.325  2560  2560 I sh      : amixer: Unable to find simple control 'Master',0
12-14 06:52:20.325  2560  2560 I sh      : + alsa_amixer -c 0 set Headphone on
12-14 06:52:20.325  2187  2187 D PhoneStatusBar: disable: < expand* icons alerts system_info back* home* recent* clock search* >
12-14 06:52:20.326  2576  2576 W linker  : [vdso]: unused DT entry: type 0x6ffffef5 arg 0xec
12-14 06:52:20.326  2560  2560 I sh      : WARNING: linker: [vdso]: unused DT entry: type 0x6ffffef5 arg 0xec
12-14 06:52:20.327  2560  2560 I sh      : amixer: Unable to find simple control 'Headphone',0
12-14 06:52:20.327  2560  2560 I sh      : + alsa_amixer -c 0 set Headphone 100%
12-14 06:52:20.328  2577  2577 W linker  : [vdso]: unused DT entry: type 0x6ffffef5 arg 0xec
12-14 06:52:20.328  2560  2560 I sh      : WARNING: linker: [vdso]: unused DT entry: type 0x6ffffef5 arg 0xec
12-14 06:52:20.329  2560  2560 I sh      : amixer: Unable to find simple control 'Headphone',0
12-14 06:52:20.329  2560  2560 I sh      : + alsa_amixer -c 0 set Speaker 100%
12-14 06:52:20.330  2578  2578 W linker  : [vdso]: unused DT entry: type 0x6ffffef5 arg 0xec
12-14 06:52:20.330  2560  2560 I sh      : WARNING: linker: [vdso]: unused DT entry: type 0x6ffffef5 arg 0xec
12-14 06:52:20.330  2066  2108 I InputDispatcher: Dropping event because there is no touchable window at (961, 496).
12-14 06:52:20.331  2560  2560 I sh      : amixer: Unable to find simple control 'Speaker',0
12-14 06:52:20.331  2560  2560 I sh      : + alsa_amixer -c 0 set Capture 100%
12-14 06:52:20.331  2579  2579 W linker  : [vdso]: unused DT entry: type 0x6ffffef5 arg 0xec
12-14 06:52:20.331  2560  2560 I sh      : WARNING: linker: [vdso]: unused DT entry: type 0x6ffffef5 arg 0xec
12-14 06:52:20.333  2560  2560 I sh      : amixer: Unable to find simple control 'Capture',0
12-14 06:52:20.333  2560  2560 I sh      : + alsa_amixer -c 0 set Capture cap
12-14 06:52:20.333  2580  2580 W linker  : [vdso]: unused DT entry: type 0x6ffffef5 arg 0xec
12-14 06:52:20.333  2560  2560 I sh      : WARNING: linker: [vdso]: unused DT entry: type 0x6ffffef5 arg 0xec
12-14 06:52:20.335  2560  2560 I sh      : amixer: Unable to find simple control 'Capture',0
12-14 06:52:20.335  2560  2560 I sh      : + alsa_amixer -c 0 set PCM 100 unmute
12-14 06:52:20.336  2581  2581 W linker  : [vdso]: unused DT entry: type 0x6ffffef5 arg 0xec
12-14 06:52:20.336  2560  2560 I sh      : WARNING: linker: [vdso]: unused DT entry: type 0x6ffffef5 arg 0xec
12-14 06:52:20.337  2560  2560 I sh      : amixer: Unable to find simple control 'PCM',0
12-14 06:52:20.337  2560  2560 I sh      : + alsa_amixer -c 0 set SPO unmute
12-14 06:52:20.338  2582  2582 W linker  : [vdso]: unused DT entry: type 0x6ffffef5 arg 0xec
12-14 06:52:20.338  2560  2560 I sh      : WARNING: linker: [vdso]: unused DT entry: type 0x6ffffef5 arg 0xec
12-14 06:52:20.339  2560  2560 I sh      : amixer: Unable to find simple control 'SPO',0
12-14 06:52:20.339  2560  2560 I sh      : + alsa_amixer -c 0 set 'Mic Boost' 3
12-14 06:52:20.339  2583  2583 W linker  : [vdso]: unused DT entry: type 0x6ffffef5 arg 0xec
12-14 06:52:20.340  2560  2560 I sh      : WARNING: linker: [vdso]: unused DT entry: type 0x6ffffef5 arg 0xec
12-14 06:52:20.341  2066  2108 I InputDispatcher: Dropping event because there is no touchable window at (960, 496).
12-14 06:52:20.341  2560  2560 I sh      : amixer: Unable to find simple control 'Mic Boost',0
12-14 06:52:20.341  2560  2560 I sh      : + alsa_amixer -c 0 set 'Internal Mic Boost' 3
12-14 06:52:20.341  2584  2584 W linker  : [vdso]: unused DT entry: type 0x6ffffef5 arg 0xec
12-14 06:52:20.341  2560  2560 I sh      : WARNING: linker: [vdso]: unused DT entry: type 0x6ffffef5 arg 0xec
12-14 06:52:20.343  2560  2560 I sh      : amixer: Unable to find simple control 'Internal Mic Boost',0
12-14 06:52:20.343  2560  2560 I sh      : + cat /proc/asound/card1/id
12-14 06:52:20.343  2560  2560 I sh      : + f=/system/etc/alsa/PCH.state 
12-14 06:52:20.343  2560  2560 I sh      : + '[' -e /system/etc/alsa/PCH.state ']'
12-14 06:52:20.343  2560  2560 I sh      : + alsa_ctl init 1
12-14 06:52:20.344  2586  2586 W linker  : [vdso]: unused DT entry: type 0x6ffffef5 arg 0xec
12-14 06:52:20.344  2560  2560 I sh      : WARNING: linker: [vdso]: unused DT entry: type 0x6ffffef5 arg 0xec
12-14 06:52:20.345  2560  2560 I sh      : Found hardware: "HDA-Intel" "Realtek ALC892" "HDA:10ec0892,1462111d,00100302" "0x1462" "0x111d"
12-14 06:52:20.345  2560  2560 I sh      : Hardware is initialized using a generic method
12-14 06:52:20.346  2560  2560 I sh      : + alsa_amixer -c 1 set Master on
12-14 06:52:20.346  2587  2587 W linker  : [vdso]: unused DT entry: type 0x6ffffef5 arg 0xec
12-14 06:52:20.346  2560  2560 I sh      : WARNING: linker: [vdso]: unused DT entry: type 0x6ffffef5 arg 0xec
12-14 06:52:20.347  2560  2560 I sh      : Simple mixer control 'Master',0
12-14 06:52:20.347  2560  2560 I sh      :   Capabilities: pvolume pvolume-joined pswitch pswitch-joined penum
12-14 06:52:20.347  2560  2560 I sh      :   Playback channels: Mono
12-14 06:52:20.347  2560  2560 I sh      :   Limits: Playback 0 - 64
12-14 06:52:20.347  2560  2560 I sh      :   Mono: Playback 44 [69%] [-20.00dB] [on]
12-14 06:52:20.348  2560  2560 I sh      : + alsa_amixer -c 1 set Master 100%
12-14 06:52:20.348  2588  2588 W linker  : [vdso]: unused DT entry: type 0x6ffffef5 arg 0xec
12-14 06:52:20.348  2560  2560 I sh      : WARNING: linker: [vdso]: unused DT entry: type 0x6ffffef5 arg 0xec
12-14 06:52:20.349  2560  2560 I sh      : Simple mixer control 'Master',0
12-14 06:52:20.349  2560  2560 I sh      :   Capabilities: pvolume pvolume-joined pswitch pswitch-joined penum
12-14 06:52:20.349  2560  2560 I sh      :   Playback channels: Mono
12-14 06:52:20.349  2560  2560 I sh      :   Limits: Playback 0 - 64
12-14 06:52:20.349  2560  2560 I sh      :   Mono: Playback 64 [100%] [0.00dB] [on]
12-14 06:52:20.350  2560  2560 I sh      : + alsa_amixer -c 1 set Headphone on
12-14 06:52:20.350  2589  2589 W linker  : [vdso]: unused DT entry: type 0x6ffffef5 arg 0xec
12-14 06:52:20.350  2560  2560 I sh      : WARNING: linker: [vdso]: unused DT entry: type 0x6ffffef5 arg 0xec
12-14 06:52:20.351  2560  2560 I sh      : Simple mixer control 'Headphone',0
12-14 06:52:20.351  2560  2560 I sh      :   Capabilities: pvolume pswitch penum
12-14 06:52:20.351  2560  2560 I sh      :   Playback channels: Front Left - Front Right
12-14 06:52:20.351  2560  2560 I sh      :   Limits: Playback 0 - 64
12-14 06:52:20.351  2560  2560 I sh      :   Mono:
12-14 06:52:20.351  2560  2560 I sh      :   Front Left: Playback 64 [100%] [0.00dB] [on]
12-14 06:52:20.351  2560  2560 I sh      :   Front Right: Playback 64 [100%] [0.00dB] [on]
12-14 06:52:20.351  2560  2560 I sh      : + alsa_amixer -c 1 set Headphone 100%
12-14 06:52:20.352  2590  2590 W linker  : [vdso]: unused DT entry: type 0x6ffffef5 arg 0xec
12-14 06:52:20.352  2560  2560 I sh      : WARNING: linker: [vdso]: unused DT entry: type 0x6ffffef5 arg 0xec
12-14 06:52:20.353  2560  2560 I sh      : Simple mixer control 'Headphone',0
12-14 06:52:20.353  2560  2560 I sh      :   Capabilities: pvolume pswitch penum
12-14 06:52:20.353  2560  2560 I sh      :   Playback channels: Front Left - Front Right
12-14 06:52:20.353  2560  2560 I sh      :   Limits: Playback 0 - 64
12-14 06:52:20.353  2560  2560 I sh      :   Mono:
12-14 06:52:20.353  2560  2560 I sh      :   Front Left: Playback 64 [100%] [0.00dB] [on]
12-14 06:52:20.353  2560  2560 I sh      :   Front Right: Playback 64 [100%] [0.00dB] [on]
12-14 06:52:20.353  2560  2560 I sh      : + alsa_amixer -c 1 set Speaker 100%
12-14 06:52:20.354  2591  2591 W linker  : [vdso]: unused DT entry: type 0x6ffffef5 arg 0xec
12-14 06:52:20.354  2560  2560 I sh      : WARNING: linker: [vdso]: unused DT entry: type 0x6ffffef5 arg 0xec
12-14 06:52:20.355  2560  2560 I sh      : Simple mixer control 'Speaker',0
12-14 06:52:20.355  2560  2560 I sh      :   Capabilities: pvolume pswitch penum
12-14 06:52:20.355  2560  2560 I sh      :   Playback channels: Front Left - Front Right
12-14 06:52:20.355  2560  2560 I sh      :   Limits: Playback 0 - 64
12-14 06:52:20.355  2560  2560 I sh      :   Mono:
12-14 06:52:20.355  2560  2560 I sh      :   Front Left: Playback 64 [100%] [0.00dB] [on]
12-14 06:52:20.355  2560  2560 I sh      :   Front Right: Playback 64 [100%] [0.00dB] [on]
12-14 06:52:20.355  2560  2560 I sh      : + alsa_amixer -c 1 set Capture 100%
12-14 06:52:20.356  2592  2592 W linker  : [vdso]: unused DT entry: type 0x6ffffef5 arg 0xec
12-14 06:52:20.356  2560  2560 I sh      : WARNING: linker: [vdso]: unused DT entry: type 0x6ffffef5 arg 0xec
12-14 06:52:20.357  2560  2560 I sh      : Simple mixer control 'Capture',0
12-14 06:52:20.357  2560  2560 I sh      :   Capabilities: cvolume cswitch penum
12-14 06:52:20.357  2560  2560 I sh      :   Capture channels: Front Left - Front Right
12-14 06:52:20.357  2560  2560 I sh      :   Limits: Capture 0 - 46
12-14 06:52:20.357  2560  2560 I sh      :   Front Left: Capture 46 [100%] [30.00dB] [on]
12-14 06:52:20.357  2560  2560 I sh      :   Front Right: Capture 46 [100%] [30.00dB] [on]
12-14 06:52:20.357  2560  2560 I sh      : + alsa_amixer -c 1 set Capture cap
12-14 06:52:20.358  2593  2593 W linker  : [vdso]: unused DT entry: type 0x6ffffef5 arg 0xec
12-14 06:52:20.358  2560  2560 I sh      : WARNING: linker: [vdso]: unused DT entry: type 0x6ffffef5 arg 0xec
12-14 06:52:20.360  2560  2560 I sh      : Simple mixer control 'Capture',0
12-14 06:52:20.360  2560  2560 I sh      :   Capabilities: cvolume cswitch penum
12-14 06:52:20.360  2560  2560 I sh      :   Capture channels: Front Left - Front Right
12-14 06:52:20.360  2560  2560 I sh      :   Limits: Capture 0 - 46
12-14 06:52:20.360  2560  2560 I sh      :   Front Left: Capture 46 [100%] [30.00dB] [on]
12-14 06:52:20.360  2560  2560 I sh      :   Front Right: Capture 46 [100%] [30.00dB] [on]
12-14 06:52:20.360  2560  2560 I sh      : + alsa_amixer -c 1 set PCM 100 unmute
12-14 06:52:20.360  2594  2594 W linker  : [vdso]: unused DT entry: type 0x6ffffef5 arg 0xec
12-14 06:52:20.360  2560  2560 I sh      : WARNING: linker: [vdso]: unused DT entry: type 0x6ffffef5 arg 0xec
12-14 06:52:20.361  2066  2108 I InputDispatcher: Dropping event because there is no touchable window at (960, 497).
12-14 06:52:20.362  2560  2560 I sh      : amixer: Unable to find simple control 'PCM',0
12-14 06:52:20.362  2560  2560 I sh      : + alsa_amixer -c 1 set SPO unmute
12-14 06:52:20.362  2595  2595 W linker  : [vdso]: unused DT entry: type 0x6ffffef5 arg 0xec
12-14 06:52:20.362  2560  2560 I sh      : WARNING: linker: [vdso]: unused DT entry: type 0x6ffffef5 arg 0xec
12-14 06:52:20.364  2560  2560 I sh      : amixer: Unable to find simple control 'SPO',0
12-14 06:52:20.364  2560  2560 I sh      : + alsa_amixer -c 1 set 'Mic Boost' 3
12-14 06:52:20.364  2596  2596 W linker  : [vdso]: unused DT entry: type 0x6ffffef5 arg 0xec
