12-14 14:12:42.773  2068  2068 W ResourcesManager: Asset path '/system/framework/com.google.android.media.effects.jar' does not exist or contains no resources.
12-14 14:12:42.774  1818  1818 I art     : Explicit concurrent mark sweep GC freed 5(160B) AllocSpace objects, 0(0B) LOS objects, 39% free, 1950KB/3MB, paused 20us total 2.309ms
12-14 14:12:42.775  2203  2203 W ResourceType: No package identifier when getting value for resource number 0x00000000
12-14 14:12:42.775  2203  2203 W PackageManager: Failure retrieving resources for com.microsoft.office.excel: Resource ID #0x0
12-14 14:12:42.777  2422  2422 D Launcher.Model: Old launcher provider: content://com.android.launcher2.settings/favorites?notify=true
12-14 14:12:42.777  2422  2422 D Launcher.Model: Old launcher provider does not exist.
12-14 14:12:42.778  2422  2422 W Launcher: setApplicationContext called twice! old=com.android.launcher3.LauncherApplication@1d9f15cf new=com.android.launcher3.LauncherApplication@1d9f15cf
12-14 14:12:42.782  2203  2203 W ResourceType: No package identifier when getting value for resource number 0x00000000
12-14 14:12:42.782  2203  2203 W PackageManager: Failure retrieving resources for com.android.settings: Resource ID #0x0
12-14 14:12:42.783  1797  2474 D PermissionCache: checking android.permission.HARDWARE_TEST for uid=1000 => granted (35 us)
12-14 14:12:42.784  1813  1813 D BlueZ   : external/bluetooth/bluez/android/hal-audio.c:audio_set_mic_mute() 
12-14 14:12:42.784  2068  2097 D BluetoothManagerService: Message: 300
12-14 14:12:42.785  2068  2097 D BluetoothManagerService: MESSAGE_USER_SWITCHED
12-14 14:12:42.785  2068  2068 V BackupManagerService: Connected to transport ComponentInfo{android/com.android.internal.backup.LocalTransportService}
12-14 14:12:42.785  2068  2068 V BackupManagerService: Registering transport android/com.android.internal.backup.LocalTransportService::android/com.android.internal.backup.LocalTransport = android.app.backup.BackupTransport$TransportImpl@d3f3012
12-14 14:12:42.788  2068  2068 D WifiScanningService: SCAN_AVAILABLE : 3
12-14 14:12:42.788  2068  2068 D RttService: SCAN_AVAILABLE : 3
12-14 14:12:42.788  2068  2149 D WifiScanningService: DefaultState got{ when=0 what=160006 target=com.android.internal.util.StateMachine$SmHandler }
12-14 14:12:42.788  2068  2149 I WifiNative-HAL: startHal
12-14 14:12:42.788  2068  2149 E WifiScanningService: could not start HAL
12-14 14:12:42.788  2068  2150 D RttService: DefaultState got{ when=0 what=160512 target=com.android.internal.util.StateMachine$SmHandler }
12-14 14:12:42.790  2332  2332 I art     : Rejecting re-init on previously-failed class java.lang.Class<com.google.android.gms.common.h.c>
12-14 14:12:42.790  2068  2068 D BluetoothManagerService: Trying to bind to profile: 1, while Bluetooth was disabled
12-14 14:12:42.790  2068  2097 D BluetoothManagerService: Message: 30
12-14 14:12:42.790  2332  2332 I art     : Rejecting re-init on previously-failed class java.lang.Class<com.google.android.gms.common.h.c>
12-14 14:12:42.800  2264  2476 I LatinIME:LogUtils: Dictionary info: dictionary = PersonalizationDictionary.en_US ; version = 1450073562 ; date = ?
12-14 14:12:42.801  2264  2476 I LatinIME:LogUtils: Dictionary info: dictionary = PersonalizationDictionary.en_US ; version = 1450073562 ; date = ?
12-14 14:12:42.801  2203  2203 W ResourceType: No package identifier when getting value for resource number 0x00000000
12-14 14:12:42.801  2203  2203 W PackageManager: Failure retrieving resources for cn.wps.moffice_eng: Resource ID #0x0
12-14 14:12:42.805  2422  2422 W ResourceType: Attempt to retrieve bag 0x7f0d0008 which is invalid or in a cycle.
12-14 14:12:42.805  2332  2332 I MultiDex: VM with version 2.1.0 has multidex support
12-14 14:12:42.805  2332  2332 I MultiDex: install
12-14 14:12:42.805  2332  2332 I MultiDex: VM has multidex support, MultiDex support library is disabled.
12-14 14:12:42.809  2264  2513 I LatinIME:LogUtils: Dictionary info: dictionary = main:en ; version = 47 ; date = 1402373178
12-14 14:12:42.818  2383  2383 D TelephonyProvider: dbh.onOpen: ok, queried table=siminfo
12-14 14:12:42.818  2383  2383 D TelephonyProvider: dbh.onOpen: ok, queried table=carriers
12-14 14:12:42.821  2068  2138 D WifiController: DEFERRED_TOGGLE handled
12-14 14:12:42.821  2068  2137 D WifiConfigStore: Loading config and enabling all networks 
12-14 14:12:42.821  2068  2137 E WifiConfigStore: Error parsing configuration: java.io.FileNotFoundException: /data/misc/wifi/ipconfig.txt: open failed: ENOENT (No such file or directory)
12-14 14:12:42.821  2068  2137 E WifiConfigStore: readNetworkHistory: No config file, revert to defaultjava.io.FileNotFoundException: /data/misc/wifi/networkHistory.txt: open failed: ENOENT (No such file or directory)
12-14 14:12:42.821  2068  2137 E WifiConfigStore: --- Begin wpa_supplicant.conf Contents ---
12-14 14:12:42.821  2068  2137 E WifiConfigStore: ctrl_interface=wlan0
12-14 14:12:42.821  2068  2137 E WifiConfigStore: update_config=1
12-14 14:12:42.821  2068  2137 E WifiConfigStore: eapol_version=1
12-14 14:12:42.821  2068  2137 E WifiConfigStore: ap_scan=1
12-14 14:12:42.821  2068  2137 E WifiConfigStore: fast_reauth=1
12-14 14:12:42.821  2068  2137 E WifiConfigStore: --- End wpa_supplicant.conf Contents ---
12-14 14:12:42.827  2203  2203 D VolumeUI: Registering volume controller
12-14 14:12:42.828  2422  2505 D Launcher.Model: 11683562 - loadWorkspace()
12-14 14:12:42.828  2422  2505 D Launcher.Model: 11683562 -   loadedOldDb: false
12-14 14:12:42.829  2422  2505 W Launcher: setApplicationContext called twice! old=com.android.launcher3.LauncherApplication@1d9f15cf new=com.android.launcher3.LauncherApplication@1d9f15cf
12-14 14:12:42.830  2383  2531 E DcSwitchStateMachine-0: DctController is not ready
12-14 14:12:42.830  2422  2530 D OpenGLRenderer: Use EGL_SWAP_BEHAVIOR_PRESERVED: true
12-14 14:12:42.830  2068  2139 E ConnectivityService: Failed to find Messenger in unregisterNetworkFactory
12-14 14:12:42.831  2068  2139 D ConnectivityService: Got NetworkFactory Messenger for Telephony
12-14 14:12:42.831  2068  2092 D GpsLocationProvider: received SIM realted action: 
12-14 14:12:42.832  2422  2422 I GRALLOC-DRM: create intel for driver i915
12-14 14:12:42.833  2483  2510 I ContactLocale: AddressBook Labels [zh-CN]: [, A, B, C, D, E, F, G, H, I, J, K, L, M, N, O, P, Q, R, S, T, U, V, W, X, Y, Z, , , , , , , , , , , , , , , , , , , , , , , , , , , , , , , , , , , , , , , , , , , , , , , , , , , , , , , , , , , , , , , , , , , , , , , , , , , , , , , , , , , , , , , , , , , , , , , , , , , , , , , , , , , , , , , , , , , , , , , , , , , , , , , , , , , , , , , , , , , , , , , , , , , , , , , , , , , , , , , , , , , , , , , , , , , , , , , , , , , , , , , , , , , , #, ]
12-14 14:12:42.833  2422  2422 D Atlas   : Validating map...
12-14 14:12:42.835  2068  2329 V WindowManager: Based on layer: Adding window Window{3d9078e8 u0 com.android.launcher3/com.android.launcher3.Launcher} at 0 of 2
12-14 14:12:42.836  2068  2092 D GpsLocationProvider: SIM MCC/MNC is still not available
12-14 14:12:42.849  2422  2505 D Launcher.Model: 11683562 - loadWorkspaceScreensDb()
12-14 14:12:42.849  2422  2505 D Launcher.Model: 11683562 -   screens: { 0: 3 }, { 1: 4 }
12-14 14:12:42.849  2422  2505 D Launcher.Model: 11683562 -   sBgWorkspaceScreens: 3, 4
12-14 14:12:42.851  2068  2377 I ActivityManager: Start proc 2534:com.google.process.gapps/u0a7 for content provider com.google.android.gsf/.gservices.GservicesProvider
12-14 14:12:42.852  2203  2203 V KeyguardUpdateMonitor: action android.intent.action.SIM_STATE_CHANGED state: NOT_READY slotId: 0 subid: -2
12-14 14:12:42.855  2068  2481 I StatusBarManagerService: registerStatusBar bar=com.android.internal.statusbar.IStatusBar$Stub$Proxy@547ec18
12-14 14:12:42.856  2068  2412 D BluetoothManagerService: Trying to bind to profile: 1, while Bluetooth was disabled
12-14 14:12:42.856  2068  2097 D BluetoothManagerService: Message: 20
12-14 14:12:42.856  2068  2097 D BluetoothManagerService: Added callback: android.bluetooth.IBluetoothManagerCallback$Stub$Proxy@19925c56:true
12-14 14:12:42.856  2068  2097 D BluetoothManagerService: Message: 30
12-14 14:12:42.857  2534  2534 I ActivityThread: Switching default density from 160 to 240
12-14 14:12:42.859  2383  2383 I Telephony: TtyManager: updateUiTtyMode -1 -> 0
12-14 14:12:42.860  2068  2068 D GpsLocationProvider: received SIM realted action: 
12-14 14:12:42.860  2068  2068 D GpsLocationProvider: SIM MCC/MNC is still not available
12-14 14:12:42.864  2534  2534 I GservicesProvider: Gservices pushing to system: true; secure/global: true
12-14 14:12:42.867  2422  2530 I EGL-DRI2: DRI2: found extension DRI_Core version 1
12-14 14:12:42.867  2422  2530 I EGL-DRI2: DRI2: found extension DRI_DRI2 version 4
12-14 14:12:42.872  2422  2530 I EGL-DRI2: DRI2: found extension DRI_TexBuffer version 3
12-14 14:12:42.872  2422  2530 I EGL-DRI2: DRI2: found extension DRI2_Flush version 4
12-14 14:12:42.872  2422  2530 I EGL-DRI2: DRI2: found extension DRI_IMAGE version 11
12-14 14:12:42.872  2422  2530 I OpenGLRenderer: Initialized EGL, version 1.4
12-14 14:12:42.872  2422  2530 W OpenGLRenderer: Failed to choose config with EGL_SWAP_BEHAVIOR_PRESERVED, retrying without...
12-14 14:12:42.873  2383  2383 D TelephonyDebugService: TelephonyDebugService()
12-14 14:12:42.873  2422  2530 D OpenGLRenderer: Enabling debug mode 0
12-14 14:12:42.875  2068  2138 D WifiService: New client listening to asynchronous messages
12-14 14:12:42.882  2383  2383 I Telephony: PstnIncomingCallNotifier: Registering: Handler (com.android.internal.telephony.gsm.GSMPhone) {2d5d0ee}
12-14 14:12:42.886  2332  2332 V JNIHelp : Registering com/google/android/gms/org/conscrypt/NativeCrypto's 240 native methods...
12-14 14:12:42.888  2068  2098 I ActivityManager: Displayed com.android.launcher3/.Launcher: +181ms
12-14 14:12:42.890  2422  2422 D Launcher: 11683562 - bindAddScreens()
12-14 14:12:42.890  2422  2422 D Launcher: 11683562 -   orderedScreenIds: 3, 4
12-14 14:12:42.890  2422  2422 D Launcher.Workspace: 11683562 - insertNewWorkspaceScreen(): 3 at index: 0
12-14 14:12:42.894  2422  2422 D Launcher.Workspace: 11683562 - insertNewWorkspaceScreen(): 4 at index: 1
12-14 14:12:42.901  2332  2332 I ProviderInstaller: Installed default security provider GmsCore_OpenSSL
12-14 14:12:42.908  2068  2138 D WifiService: New client listening to asynchronous messages
12-14 14:12:42.910  2068  2097 D BluetoothManagerService: Message: 20
12-14 14:12:42.910  2068  2097 D BluetoothManagerService: Added callback: android.bluetooth.IBluetoothManagerCallback$Stub$Proxy@3dc8ff42:true
12-14 14:12:42.910  2203  2203 D BluetoothAdapter: 35419476: getState() :  mService = null. Returning STATE_OFF
12-14 14:12:42.910  2203  2567 D BluetoothAdapter: 35419476: getState() :  mService = null. Returning STATE_OFF
12-14 14:12:42.910  2068  2097 D BluetoothManagerService: Message: 30
12-14 14:12:42.910  2332  2565 D NativeLibraryUtils: Install completed successfully. count=0 extracted=0
12-14 14:12:42.911  2068  2097 D BluetoothManagerService: Message: 30
12-14 14:12:42.911  2203  2203 E BluetoothA2dpSink: Could not bind to Bluetooth A2DP Service with Intent { act=android.bluetooth.IBluetoothA2dpSink }
12-14 14:12:42.911  2068  2097 D BluetoothManagerService: Message: 30
12-14 14:12:42.911  2203  2203 E BluetoothAvrcpController: Could not bind to Bluetooth AVRCP Controller Service with Intent { act=android.bluetooth.IBluetoothAvrcpController }
12-14 14:12:42.911  2068  2097 D BluetoothManagerService: Message: 30
12-14 14:12:42.911  2068  2481 D BluetoothManagerService: Trying to bind to profile: 1, while Bluetooth was disabled
12-14 14:12:42.911  2068  2097 D BluetoothManagerService: Message: 30
12-14 14:12:42.911  2203  2203 E BluetoothHeadsetClient: Could not bind to Bluetooth Headset Client Service with Intent { act=android.bluetooth.IBluetoothHeadsetClient }
12-14 14:12:42.917  1814  1814 E installd: Unable to unlink boot marker at /data/dalvik-cache/arm64/.booting, error=No such file or directory
12-14 14:12:42.917  2068  2093 E ActivityManager: Unable to mark boot complete for abi: arm64-v8a
12-14 14:12:42.917  1814  1814 E installd: Unable to unlink boot marker at /data/dalvik-cache/arm/.booting, error=No such file or directory
12-14 14:12:42.917  2068  2093 E ActivityManager: Unable to mark boot complete for abi: armeabi-v7a
12-14 14:12:42.918  2068  2093 I SystemServiceManager: Starting phase 1000
12-14 14:12:42.921  2573  2573 I sh      : + hw_sh=/vendor/etc/init.sh 
12-14 14:12:42.921  2573  2573 I sh      : + '[' -e /vendor/etc/init.sh ']'
12-14 14:12:42.921  2573  2573 I sh      : + do_bootcomplete
12-14 14:12:42.921  2573  2573 I sh      : + init_cpu_governor
12-14 14:12:42.921  2573  2573 I sh      : + getprop cpu.governor
12-14 14:12:42.922  2573  2573 I sh      : + governor= 
12-14 14:12:42.922  2573  2573 I sh      : + '[' ']'
12-14 14:12:42.922  2573  2573 I sh      : + getprop persist.sys.root_access
12-14 14:12:42.924  2573  2573 I sh      : + '[' -z 3 ']'
12-14 14:12:42.924  2068  2329 I art     : Explicit concurrent mark sweep GC freed 10468(592KB) AllocSpace objects, 6(96KB) LOS objects, 33% free, 9MB/14MB, paused 182us total 12.614ms
12-14 14:12:42.924  2068  2097 D BluetoothManagerService: Message: 30
12-14 14:12:42.924  2573  2573 I sh      : + getprop debug.mesa.driver
12-14 14:12:42.925  2573  2573 I sh      : + '['  '=' i965 ']'
12-14 14:12:42.925  2573  2573 I sh      : + lsmod
12-14 14:12:42.925  2573  2573 I sh      : + grep -e brcmfmac
12-14 14:12:42.927  2573  2573 I sh      : + grep '\[.*\]' /proc/asound/cards
12-14 14:12:42.927  2573  2573 I sh      : + awk '{print $1}'
12-14 14:12:42.928  2573  2573 I sh      : + cat /proc/asound/card0/id
12-14 14:12:42.928  2573  2573 I sh      : + f=/system/etc/alsa/HDMI.state 
12-14 14:12:42.928  2573  2573 I sh      : + '[' -e /system/etc/alsa/HDMI.state ']'
12-14 14:12:42.929  2573  2573 I sh      : + alsa_ctl init 0
12-14 14:12:42.935  2573  2573 I sh      : Found hardware: "HDA-Intel" "Intel Haswell HDMI" "HDA:80862807,80860101,00100000" "0x1462" "0x111d"
12-14 14:12:42.935  2573  2573 I sh      : Hardware is initialized using a generic method
12-14 14:12:42.936  2573  2573 I sh      : + alsa_amixer -c 0 set Master on
12-14 14:12:42.939  2573  2573 I sh      : amixer: Unable to find simple control 'Master',0
12-14 14:12:42.939  2573  2573 I sh      : + alsa_amixer -c 0 set Master 100%
12-14 14:12:42.941  2573  2573 I sh      : amixer: Unable to find simple control 'Master',0
12-14 14:12:42.941  2573  2573 I sh      : + alsa_amixer -c 0 set Headphone on
12-14 14:12:42.943  2573  2573 I sh      : amixer: Unable to find simple control 'Headphone',0
12-14 14:12:42.943  2573  2573 I sh      : + alsa_amixer -c 0 set Headphone 100%
12-14 14:12:42.944  2422  2505 W ResourceType: No package identifier when getting value for resource number 0x00000000
12-14 14:12:42.944  2422  2505 W ResourceType: No package identifier when getting value for resource number 0x00000000
12-14 14:12:42.944  2422  2505 W PackageManager: Failure retrieving resources for com.example.android.rssreader: Resource ID #0x0
12-14 14:12:42.944  2422  2505 W ResourceType: No package identifier when getting value for resource number 0x00000000
12-14 14:12:42.944  2422  2505 W PackageManager: Failure retrieving resources for com.example.android.rssreader: Resource ID #0x0
12-14 14:12:42.944  2573  2573 I sh      : amixer: Unable to find simple control 'Headphone',0
12-14 14:12:42.945  2573  2573 I sh      : + alsa_amixer -c 0 set Speaker 100%
12-14 14:12:42.946  2573  2573 I sh      : amixer: Unable to find simple control 'Speaker',0
12-14 14:12:42.946  2573  2573 I sh      : + alsa_amixer -c 0 set Capture 100%
12-14 14:12:42.948  2573  2573 I sh      : amixer: Unable to find simple control 'Capture',0
12-14 14:12:42.949  2573  2573 I sh      : + alsa_amixer -c 0 set Capture cap
12-14 14:12:42.951  2573  2573 I sh      : amixer: Unable to find simple control 'Capture',0
12-14 14:12:42.951  2573  2573 I sh      : + alsa_amixer -c 0 set PCM 100 unmute
12-14 14:12:42.952  2573  2573 I sh      : amixer: Unable to find simple control 'PCM',0
12-14 14:12:42.953  2573  2573 I sh      : + alsa_amixer -c 0 set 'Mic Boost' 3
12-14 14:12:42.954  2573  2573 I sh      : amixer: Unable to find simple control 'Mic Boost',0
12-14 14:12:42.954  2573  2573 I sh      : + alsa_amixer -c 0 set 'Internal Mic Boost' 3
12-14 14:12:42.955  2422  2422 W ResourcesManager: Asset path '/system/framework/com.google.android.media.effects.jar' does not exist or contains no resources.
12-14 14:12:42.956  2573  2573 I sh      : amixer: Unable to find simple control 'Internal Mic Boost',0
12-14 14:12:42.956  2573  2573 I sh      : + cat /proc/asound/card1/id
12-14 14:12:42.957  2573  2573 I sh      : + f=/system/etc/alsa/PCH.state 
12-14 14:12:42.957  2573  2573 I sh      : + '[' -e /system/etc/alsa/PCH.state ']'
12-14 14:12:42.957  2573  2573 I sh      : + alsa_ctl init 1
12-14 14:12:42.958  2573  2573 I sh      : Found hardware: "HDA-Intel" "Realtek ALC892" "HDA:10ec0892,1462111d,00100302" "0x1462" "0x111d"
12-14 14:12:42.958  2573  2573 I sh      : Hardware is initialized using a generic method
12-14 14:12:43.110  2573  2573 I sh      : + alsa_amixer -c 1 set Master on
12-14 14:12:43.112  2573  2573 I sh      : Simple mixer control 'Master',0
12-14 14:12:43.112  2573  2573 I sh      :   Capabilities: pvolume pvolume-joined pswitch pswitch-joined penum
12-14 14:12:43.112  2573  2573 I sh      :   Playback channels: Mono
12-14 14:12:43.112  2573  2573 I sh      :   Limits: Playback 0 - 64
12-14 14:12:43.112  2573  2573 I sh      :   Mono: Playback 44 [69%] [-20.00dB] [on]
12-14 14:12:43.113  2573  2573 I sh      : + alsa_amixer -c 1 set Master 100%
12-14 14:12:43.115  2573  2573 I sh      : Simple mixer control 'Master',0
12-14 14:12:43.115  2573  2573 I sh      :   Capabilities: pvolume pvolume-joined pswitch pswitch-joined penum
12-14 14:12:43.115  2573  2573 I sh      :   Playback channels: Mono
12-14 14:12:43.115  2573  2573 I sh      :   Limits: Playback 0 - 64
12-14 14:12:43.115  2573  2573 I sh      :   Mono: Playback 64 [100%] [0.00dB] [on]
12-14 14:12:43.115  2573  2573 I sh      : + alsa_amixer -c 1 set Headphone on
12-14 14:12:43.117  2573  2573 I sh      : Simple mixer control 'Headphone',0
12-14 14:12:43.117  2573  2573 I sh      :   Capabilities: pvolume pswitch penum
12-14 14:12:43.117  2573  2573 I sh      :   Playback channels: Front Left - Front Right
12-14 14:12:43.117  2573  2573 I sh      :   Limits: Playback 0 - 64
12-14 14:12:43.117  2573  2573 I sh      :   Mono:
12-14 14:12:43.117  2573  2573 I sh      :   Front Left: Playback 64 [100%] [0.00dB] [on]
12-14 14:12:43.117  2573  2573 I sh      :   Front Right: Playback 64 [100%] [0.00dB] [on]
12-14 14:12:43.117  2573  2573 I sh      : + alsa_amixer -c 1 set Headphone 100%
12-14 14:12:43.119  2573  2573 I sh      : Simple mixer control 'Headphone',0
12-14 14:12:43.119  2573  2573 I sh      :   Capabilities: pvolume pswitch penum
12-14 14:12:43.119  2573  2573 I sh      :   Playback channels: Front Left - Front Right
12-14 14:12:43.119  2573  2573 I sh      :   Limits: Playback 0 - 64
12-14 14:12:43.119  2573  2573 I sh      :   Mono:
12-14 14:12:43.119  2573  2573 I sh      :   Front Left: Playback 64 [100%] [0.00dB] [on]
12-14 14:12:43.119  2573  2573 I sh      :   Front Right: Playback 64 [100%] [0.00dB] [on]
12-14 14:12:43.119  2573  2573 I sh      : + alsa_amixer -c 1 set Speaker 100%
12-14 14:12:43.121  2573  2573 I sh      : Simple mixer control 'Speaker',0
12-14 14:12:43.121  2573  2573 I sh      :   Capabilities: pvolume pswitch penum
12-14 14:12:43.121  2573  2573 I sh      :   Playback channels: Front Left - Front Right
12-14 14:12:43.121  2573  2573 I sh      :   Limits: Playback 0 - 64
12-14 14:12:43.121  2573  2573 I sh      :   Mono:
12-14 14:12:43.121  2573  2573 I sh      :   Front Left: Playback 64 [100%] [0.00dB] [on]
12-14 14:12:43.121  2573  2573 I sh      :   Front Right: Playback 64 [100%] [0.00dB] [on]
12-14 14:12:43.121  2573  2573 I sh      : + alsa_amixer -c 1 set Capture 100%
12-14 14:12:43.123  2573  2573 I sh      : Simple mixer control 'Capture',0
12-14 14:12:43.123  2573  2573 I sh      :   Capabilities: cvolume cswitch penum
12-14 14:12:43.123  2573  2573 I sh      :   Capture channels: Front Left - Front Right
12-14 14:12:43.123  2573  2573 I sh      :   Limits: Capture 0 - 46
12-14 14:12:43.123  2573  2573 I sh      :   Front Left: Capture 46 [100%] [30.00dB] [on]
12-14 14:12:43.123  2573  2573 I sh      :   Front Right: Capture 46 [100%] [30.00dB] [on]
12-14 14:12:43.123  2573  2573 I sh      : + alsa_amixer -c 1 set Capture cap
12-14 14:12:43.124  2573  2573 I sh      : Simple mixer control 'Capture',0
12-14 14:12:43.124  2573  2573 I sh      :   Capabilities: cvolume cswitch penum
12-14 14:12:43.124  2573  2573 I sh      :   Capture channels: Front Left - Front Right
12-14 14:12:43.124  2573  2573 I sh      :   Limits: Capture 0 - 46
12-14 14:12:43.124  2573  2573 I sh      :   Front Left: Capture 46 [100%] [30.00dB] [on]
12-14 14:12:43.124  2573  2573 I sh      :   Front Right: Capture 46 [100%] [30.00dB] [on]
12-14 14:12:43.125  2573  2573 I sh      : + alsa_amixer -c 1 set PCM 100 unmute
12-14 14:12:43.126  2573  2573 I sh      : amixer: Unable to find simple control 'PCM',0
12-14 14:12:43.126  2573  2573 I sh      : + alsa_amixer -c 1 set 'Mic Boost' 3
12-14 14:12:43.128  2573  2573 I sh      : Simple mixer control 'Mic Boost',0
12-14 14:12:43.128  2573  2573 I sh      :   Capabilities: volume penum
12-14 14:12:43.128  2573  2573 I sh      :   Playback channels: Front Left - Front Right
12-14 14:12:43.128  2573  2573 I sh      :   Capture channels: Front Left - Front Right
12-14 14:12:43.128  2573  2573 I sh      :   Limits: 0 - 3
12-14 14:12:43.128  2573  2573 I sh      :   Front Left: 3 [100%] [30.00dB]
12-14 14:12:43.128  2573  2573 I sh      :   Front Right: 3 [100%] [30.00dB]
12-14 14:12:43.128  2573  2573 I sh      : + alsa_amixer -c 1 set 'Internal Mic Boost' 3
12-14 14:12:43.130  2573  2573 I sh      : amixer: Unable to find simple control 'Internal Mic Boost',0
12-14 14:12:43.130  2573  2573 I sh      : + return 0
12-14 14:12:43.131  2068  2480 W art     : Long monitor contention event with owner method=void com.android.server.am.ActivityManagerService.finishBooting() from ActivityManagerService.java:6199 waiters=0 for 206ms
12-14 14:12:43.132  2068  2093 V KeyguardServiceDelegate: *** Keyguard started
12-14 14:12:43.132  2068  2093 W KeyguardServiceDelegate: onScreenTurnedOn(): no keyguard service!
12-14 14:12:43.132  2203  2203 D BluetoothMap: Create BluetoothMap proxy object
12-14 14:12:43.132  2068  2097 D BluetoothManagerService: Message: 30
12-14 14:12:43.132  2068  2068 V BackupManagerService: Connected to transport ComponentInfo{com.google.android.gms/com.google.android.gms.backup.BackupTransportService}
12-14 14:12:43.132  2068  2093 D KbdSensor: poll_activate: dev=0x7f9f32c66680 handle=0 enabled=1
12-14 14:12:43.132  2068  2093 D KbdSensor: poll_setDelay: dev=0x7f9f32c66680 delay-ns=66667000
12-14 14:12:43.132  2068  2068 V BackupManagerService: Registering transport com.google.android.gms/.backup.BackupTransportService::com.google.android.gms/.backup.BackupTransportService = com.android.internal.backup.IBackupTransport$Stub$Proxy@2e4146a2
12-14 14:12:43.133  2068  2097 D BluetoothManagerService: Message: 30
12-14 14:12:43.134  2068  2481 D ConnectivityService: listenForNetwork for NetworkRequest [ id=2, legacyType=-1, [] ]
12-14 14:12:43.136  2203  2203 I CameraManagerGlobal: getCameraService: Reconnecting to camera service
12-14 14:12:43.138  2534  2534 W ResourcesManager: Asset path '/system/framework/com.android.media.remotedisplay.jar' does not exist or contains no resources.
12-14 14:12:43.138  2534  2534 W ResourcesManager: Asset path '/system/framework/com.android.location.provider.jar' does not exist or contains no resources.
12-14 14:12:43.140  2534  2534 I art     : Rejecting re-init on previously-failed class java.lang.Class<com.google.android.gms.common.h.c>
12-14 14:12:43.140  2534  2534 I art     : Rejecting re-init on previously-failed class java.lang.Class<com.google.android.gms.common.h.c>
12-14 14:12:43.141  2534  2534 I MultiDex: VM with version 2.1.0 has multidex support
12-14 14:12:43.141  2534  2534 I MultiDex: install
12-14 14:12:43.141  2534  2534 I MultiDex: VM has multidex support, MultiDex support library is disabled.
12-14 14:12:43.142  2203  2614 D BluetoothAdapter: 35419476: getState() :  mService = null. Returning STATE_OFF
12-14 14:12:43.142  2203  2614 D BluetoothAdapter: 35419476: getState() :  mService = null. Returning STATE_OFF
12-14 14:12:43.142  2203  2614 D BluetoothAdapter: 35419476: getState() :  mService = null. Returning STATE_OFF
12-14 14:12:43.142  2203  2614 D BluetoothAdapter: 35419476: getState() :  mService = null. Returning STATE_OFF
12-14 14:12:43.143  2534  2534 V JNIHelp : Registering com/google/android/gms/org/conscrypt/NativeCrypto's 240 native methods...
12-14 14:12:43.145  2203  2619 D OpenGLRenderer: Use EGL_SWAP_BEHAVIOR_PRESERVED: true
12-14 14:12:43.145  2203  2203 I GRALLOC-DRM: create intel for driver i915
12-14 14:12:43.145  2203  2203 D Atlas   : Validating map...
12-14 14:12:43.146  2203  2203 D PhoneStatusBar: disable: < expand icons alerts system_info back home recent clock search >
12-14 14:12:43.150  2534  2534 I ProviderInstaller: Installed default security provider GmsCore_OpenSSL
12-14 14:12:43.151  2203  2203 D BluetoothAdapter: 35419476: getState() :  mService = null. Returning STATE_OFF
12-14 14:12:43.151  2203  2203 D BluetoothAdapter: 35419476: getState() :  mService = null. Returning STATE_OFF
12-14 14:12:43.152  2534  2622 I Backup  : [BackupTransportMigratorService] Starting migration...
12-14 14:12:43.152  2203  2203 D PhoneStatusBar: heads up is enabled
12-14 14:12:43.153  2534  2622 W Backup  : [LegacyBackupAccountManager] No google accounts found!
12-14 14:12:43.153  2203  2203 D ViewRootImpl: changeCanvasOpacity: opaque=true
12-14 14:12:43.156  2534  2621 D NativeLibraryUtils: Install completed successfully. count=0 extracted=0
12-14 14:12:43.166  2203  2619 I EGL-DRI2: DRI2: found extension DRI_Core version 1
12-14 14:12:43.166  2203  2619 I EGL-DRI2: DRI2: found extension DRI_DRI2 version 4
12-14 14:12:43.169  2203  2619 I EGL-DRI2: DRI2: found extension DRI_TexBuffer version 3
12-14 14:12:43.169  2203  2619 I EGL-DRI2: DRI2: found extension DRI2_Flush version 4
12-14 14:12:43.169  2203  2619 I EGL-DRI2: DRI2: found extension DRI_IMAGE version 11
12-14 14:12:43.169  2203  2619 I OpenGLRenderer: Initialized EGL, version 1.4
12-14 14:12:43.169  2203  2619 W OpenGLRenderer: Failed to choose config with EGL_SWAP_BEHAVIOR_PRESERVED, retrying without...
12-14 14:12:43.170  2203  2619 D OpenGLRenderer: Enabling debug mode 0
12-14 14:12:43.174  2068  2412 I ActivityManager: Start proc 2625:com.google.android.gms/u0a7 for service com.google.android.gms/.usagereporting.service.UsageReportingService
12-14 14:12:43.179  2625  2625 I ActivityThread: Switching default density from 160 to 240
12-14 14:12:43.180  2625  2625 W ResourcesManager: Asset path '/system/framework/com.android.media.remotedisplay.jar' does not exist or contains no resources.
12-14 14:12:43.180  2625  2625 W ResourcesManager: Asset path '/system/framework/com.android.location.provider.jar' does not exist or contains no resources.
12-14 14:12:43.187  2625  2625 I art     : Rejecting re-init on previously-failed class java.lang.Class<com.google.android.gms.common.h.c>
12-14 14:12:43.187  2625  2625 I art     : Rejecting re-init on previously-failed class java.lang.Class<com.google.android.gms.common.h.c>
12-14 14:12:43.188  2625  2625 I MultiDex: VM with version 2.1.0 has multidex support
12-14 14:12:43.188  2625  2625 I MultiDex: install
12-14 14:12:43.188  2625  2625 I MultiDex: VM has multidex support, MultiDex support library is disabled.
12-14 14:12:43.193  2332  2609 V GmsNetworkLocationProvi: onSetRequest: ProviderRequestUnbundled, reportLocation is true and interval is 86400000
12-14 14:12:43.195  2332  2332 W GmsBackupAccountManager: Backup account not found in gmscore.
12-14 14:12:43.196  2332  2332 V GmsNetworkLocationProvi: DISABLE
12-14 14:12:43.196  2332  2360 W GmsBackupAccountManager: Backup account not found in gmscore.
12-14 14:12:43.198  2534  2622 I Backup  : [BackupTransportMigratorService] Successfully migrated to use GMS BackupTransportService!
12-14 14:12:43.211  2068  2097 D BluetoothManagerService: Message: 20
12-14 14:12:43.211  2068  2097 D BluetoothManagerService: Added callback: android.bluetooth.IBluetoothManagerCallback$Stub$Proxy@3e249dd4:true
12-14 14:12:43.211  2332  2332 V GmsNetworkLocationProvi: ENABLE
12-14 14:12:43.212  2332  2332 V GmsNetworkLocationProvi: SET-REQUEST
12-14 14:12:43.212  2332  2332 V GmsNetworkLocationProvi: in Handler: ProviderRequestUnbundled, reportLocation is true and interval is 86400000
12-14 14:12:43.213  2332  2332 D GeofencerStateMachine: Creating GeofencerStateMachine
12-14 14:12:43.214  2068  2138 D WifiService: New client listening to asynchronous messages
12-14 14:12:43.219  2332  2332 I art     : Rejecting re-init on previously-failed class java.lang.Class<com.google.android.gms.common.util.bl>
12-14 14:12:43.219  2332  2332 I art     : Rejecting re-init on previously-failed class java.lang.Class<com.google.android.gms.common.util.bl>
12-14 14:12:43.219  2625  2625 V JNIHelp : Registering com/google/android/gms/org/conscrypt/NativeCrypto's 240 native methods...
12-14 14:12:43.224  2625  2625 I ProviderInstaller: Installed default security provider GmsCore_OpenSSL
12-14 14:12:43.231  2625  2665 D NativeLibraryUtils: Install completed successfully. count=0 extracted=0
12-14 14:12:43.239  2068  2377 I art     : Explicit concurrent mark sweep GC freed 5925(265KB) AllocSpace objects, 3(48KB) LOS objects, 33% free, 9MB/14MB, paused 497us total 12.361ms
12-14 14:12:43.241  2332  2664 W Settings: Setting airplane_mode_on has moved from android.provider.Settings.System to android.provider.Settings.Global, returning read-only value.
12-14 14:12:43.260  2068  2089 I ActivityManager: Start proc 2669:com.google.android.gms.wearable/u0a7 for service com.google.android.gms/.wearable.service.WearableService
12-14 14:12:43.266  2669  2669 I ActivityThread: Switching default density from 160 to 240
12-14 14:12:43.266  2332  2332 I GCoreUlr: Starting service, intent=Intent { act=com.google.android.location.reporting.ACTION_UPDATE_WORLD cmp=com.google.android.gms/com.google.android.location.reporting.service.DispatchingService (has extras) }, extras=Bundle[{receiverAction=android.location.PROVIDERS_CHANGED}]
12-14 14:12:43.267  2669  2669 W ResourcesManager: Asset path '/system/framework/com.android.media.remotedisplay.jar' does not exist or contains no resources.
12-14 14:12:43.267  2669  2669 W ResourcesManager: Asset path '/system/framework/com.android.location.provider.jar' does not exist or contains no resources.
12-14 14:12:43.269  2332  2332 V GeofencerHelper: Initializing geofence's system cache.
12-14 14:12:43.272  2332  2656 D GeofenceStateCache: Recovered 0 geofences.
12-14 14:12:43.273  2669  2669 I art     : Rejecting re-init on previously-failed class java.lang.Class<com.google.android.gms.common.h.c>
12-14 14:12:43.273  2669  2669 I art     : Rejecting re-init on previously-failed class java.lang.Class<com.google.android.gms.common.h.c>
12-14 14:12:43.273  2669  2669 I MultiDex: VM with version 2.1.0 has multidex support
12-14 14:12:43.273  2669  2669 I MultiDex: install
12-14 14:12:43.273  2669  2669 I MultiDex: VM has multidex support, MultiDex support library is disabled.
12-14 14:12:43.287  2068  2068 I ActivityManager: Start proc 2694:com.google.android.partnersetup/u0a10 for broadcast com.google.android.partnersetup/.PhoneStateReceiver
12-14 14:12:43.289  2669  2669 V JNIHelp : Registering com/google/android/gms/org/conscrypt/NativeCrypto's 240 native methods...
12-14 14:12:43.290  2332  2332 I GCoreUlr: DispatchingService.onCreate()
12-14 14:12:43.291  2694  2694 I ActivityThread: Switching default density from 160 to 240
12-14 14:12:43.295  2669  2669 I ProviderInstaller: Installed default security provider GmsCore_OpenSSL
12-14 14:12:43.297  2383  2721 D SIP     : [SipSharedPreferences] isReceivingCallsEnabled, option not set; use default value, exception: android.provider.Settings$SettingNotFoundException: sip_receive_calls
12-14 14:12:43.299  2203  2203 D KeyguardUpdateMonitor: handleSimStateChange(subId=-2, slotId=0, state=UNKNOWN)
12-14 14:12:43.299  2203  2203 W KeyguardUpdateMonitor: invalid subId in handleSimStateChange()
12-14 14:12:43.299  2332  2664 W Settings: Setting airplane_mode_on has moved from android.provider.Settings.System to android.provider.Settings.Global, returning read-only value.
12-14 14:12:43.299  2068  2138 D WifiService: New client listening to asynchronous messages
12-14 14:12:43.301  2534  2534 D GCM     : COMPAT: Multi user ser=0 current=0
12-14 14:12:43.302  2068  2068 V KeyguardServiceDelegate: *** Keyguard connected (yay!)
12-14 14:12:43.303  2669  2669 D WearableService: callingUid 10007, callindPid: 2669
12-14 14:12:43.304  2669  2720 D NativeLibraryUtils: Install completed successfully. count=0 extracted=0
12-14 14:12:43.309  2332  2724 I GCoreUlr: WorldUpdater received intent Intent { act=com.google.android.location.reporting.ACTION_UPDATE_WORLD cmp=com.google.android.gms/com.google.android.location.reporting.service.DispatchingService (has extras) } with receiverAction android.location.PROVIDERS_CHANGED
12-14 14:12:43.309  2068  2480 D WifiService: acquireWifiLockLocked: WifiLock{NlpWifiLock type=2 binder=android.os.BinderProxy@250f910b}
12-14 14:12:43.316  2332  2724 I GCoreUlr: WorldUpdater:android.location.PROVIDERS_CHANGED: Ensuring that reporting is stopped because of reasons: (no Google accounts)
12-14 14:12:43.317  2332  2724 I GCoreUlr: Unbound from all location providers
12-14 14:12:43.317  2203  2203 D OpenGLRenderer: setting property extraRasterBucket to 0.95
12-14 14:12:43.317  2203  2203 D OpenGLRenderer:     failed
12-14 14:12:43.317  2203  2203 D OpenGLRenderer: setting property extraRasterBucket to 0.0
12-14 14:12:43.317  2203  2203 D OpenGLRenderer:     failed
12-14 14:12:43.319  2332  2332 I GCoreUlr: DispatchingService.onDestroy()
12-14 14:12:43.319  2332  2332 I GCoreUlr: Stopping handler for UlrDispSvcFast
12-14 14:12:43.319  2332  2332 I GCoreUlr: Unbound from all location providers
12-14 14:12:43.330  2203  2203 V KeyguardUpdateMonitor: onSubscriptionInfoChanged()
12-14 14:12:43.331  2203  2203 V KeyguardUpdateMonitor: onSubscriptionInfoChanged: list is null
12-14 14:12:43.331  2534  2534 I art     : Explicit concurrent mark sweep GC freed 29298(1659KB) AllocSpace objects, 2(32KB) LOS objects, 25% free, 4MB/6MB, paused 40us total 6.561ms
12-14 14:12:43.335  2534  2534 E GCM     : Missing checkin config file
12-14 14:12:43.335  2534  2534 W GCM     : GCM FAILED TO INITIALIZE - missing checkin
12-14 14:12:43.337  2534  2735 D GCM     : GcmService start Intent { act=com.google.android.gms.INITIALIZE flg=0x10 pkg=com.google.android.gms cmp=com.google.android.gms/.gcm.GcmService } com.google.android.gms.INITIALIZE
12-14 14:12:43.337  2068  2088 V KeyguardServiceDelegate: **** SHOWN CALLED ****
12-14 14:12:43.338  2534  2534 D AuthorizationBluetoothService: Received GmsCore event: Intent { act=com.google.android.gms.INITIALIZE flg=0x10 pkg=com.google.android.gms cmp=com.google.android.gms/.auth.be.proximity.authorization.bt.AuthorizationBluetoothService$AutoStarter }.
12-14 14:12:43.339  2534  2534 E AuthorizationBluetoothService: Proximity feature is not enabled.
12-14 14:12:43.339  2332  2332 E GmsWearableLS: GoogleApiClient connection failed: ConnectionResult{statusCode=API_UNAVAILABLE, resolution=null, message=null}
12-14 14:12:43.341  2534  2534 V GLSActivity: AuthDelegateWrapperCreated with selected intent: Intent { cmp=com.google.android.gms/.auth.DefaultAuthDelegateService }
12-14 14:12:43.341  2534  2534 V GLSActivity: AuthDelegateWrapperCreated with selected intent: Intent { cmp=com.google.android.gms/.auth.DefaultAuthDelegateService }
12-14 14:12:43.342  2625  2625 V GmsCoreStatsServiceLauncher: Received broadcast intent Intent { act=com.google.android.gms.INITIALIZE flg=0x10 pkg=com.google.android.gms cmp=com.google.android.gms/.common.stats.GmsCoreStatsServiceLauncher }
12-14 14:12:43.356  2332  2332 E GmsWearableLS: GoogleApiClient connection failed: ConnectionResult{statusCode=API_UNAVAILABLE, resolution=null, message=null}
12-14 14:12:43.359  2332  2742 E MDM     : [71] b.run: Couldn't connect to Google API client: ConnectionResult{statusCode=API_UNAVAILABLE, resolution=null, message=null}
12-14 14:12:43.370  2625  2746 D LocationInitializer: Restart initialization of location
12-14 14:12:43.387  2068  2747 I ActivityManager: Start proc 2750:com.android.keychain/1000 for service com.android.keychain/.KeyChainService
12-14 14:12:43.390  2068  2138 D WifiService: New client listening to asynchronous messages
12-14 14:12:43.391  2750  2750 I ActivityThread: Switching default density from 160 to 240
12-14 14:12:43.396  2068  2097 D BluetoothManagerService: Message: 20
12-14 14:12:43.396  2068  2097 D BluetoothManagerService: Added callback: android.bluetooth.IBluetoothManagerCallback$Stub$Proxy@14411089:true
12-14 14:12:43.399  2068  2784 I RecoverySystem: No recovery log file
12-14 14:12:43.402  2068  2784 I BootReceiver: Copying audit failures to DropBox
12-14 14:12:43.402  2068  2784 I BootReceiver: Checking for fsck errors
12-14 14:12:43.418  2068  2784 I ActivityManager: Start proc 2787:android.process.media/u0a5 for content provider com.android.providers.downloads/.DownloadProvider
12-14 14:12:43.419  2332  2647 W GCoreFlp: No location to return for getLastLocation()
12-14 14:12:43.419  2534  2772 W FusedLocationProvider: location=null
12-14 14:12:43.435  2068  2481 I ActivityManager: Start proc 2809:com.android.dialer/u0a4 for broadcast com.android.dialer/.calllog.CallLogReceiver
12-14 14:12:43.446  2068  2122 I art     : Explicit concurrent mark sweep GC freed 7759(428KB) AllocSpace objects, 0(0B) LOS objects, 33% free, 9MB/14MB, paused 280us total 10.982ms
12-14 14:12:43.447  2787  2787 I ActivityThread: Switching default density from 160 to 240
12-14 14:12:43.449  2809  2809 I ActivityThread: Switching default density from 160 to 240
12-14 14:12:43.449  2534  2749 E copresGcore: ObfuscatedGaiaIdLookup: Could not load ObfuscatedGaiaIds: /data/data/com.google.android.gms/files/copresence_gaia_id: open failed: ENOENT (No such file or directory)
12-14 14:12:43.459  2809  2809 D ExtensionsFactory: No custom extensions.
12-14 14:12:43.461  2787  2787 E SQLiteLog: (283) recovered 1 frames from WAL file /data/data/com.android.providers.media/databases/external.db-wal
12-14 14:12:43.464  2068  2137 D WIFI    : Registering NetworkFactory
12-14 14:12:43.464  2068  2137 D WIFI_UT : Registering NetworkFactory
12-14 14:12:43.464  2068  2139 D ConnectivityService: Got NetworkFactory Messenger for WIFI
12-14 14:12:43.464  2068  2139 D ConnectivityService: Got NetworkFactory Messenger for WIFI_UT
12-14 14:12:43.464  2068  2137 D WIFI    : got request NetworkRequest [ id=1, legacyType=-1, [ Capabilities: INTERNET&NOT_RESTRICTED&TRUSTED&NOT_VPN] ] with score 0
12-14 14:12:43.464  2068  2137 D WIFI_UT : got request NetworkRequest [ id=1, legacyType=-1, [ Capabilities: INTERNET&NOT_RESTRICTED&TRUSTED&NOT_VPN] ] with score 0
12-14 14:12:43.468  2534  2835 E SQLiteLog: (283) recovered 67 frames from WAL file /data/data/com.google.android.gms/databases/playlog.db-wal
12-14 14:12:43.481  2068  2068 I ActivityManager: Start proc 2837:com.android.providers.calendar/u0a1 for broadcast com.android.providers.calendar/.CalendarReceiver
12-14 14:12:43.487  2837  2837 I ActivityThread: Switching default density from 160 to 240
12-14 14:12:43.487  2837  2837 W ResourcesManager: Asset path '/system/framework/android.test.runner.jar' does not exist or contains no resources.
12-14 14:12:43.487  2534  2835 I Scheduler: Use legacy PeriodicScheduler
12-14 14:12:43.489  2534  2835 W InstanceID/Rpc: Found 10007
12-14 14:12:43.497  2837  2837 I CalendarProvider2: Created com.android.providers.calendar.CalendarAlarmManager@29d7462e(com.android.providers.calendar.CalendarProvider2@1d9f15cf)
12-14 14:12:43.503  2534  2534 V GLSActivity: AuthDelegateWrapperCreated with selected intent: Intent { cmp=com.google.android.gms/.auth.DefaultAuthDelegateService }
12-14 14:12:43.504  2625  2625 V GmsCoreStatsServiceLauncher: Received broadcast intent Intent { act=android.intent.action.BOOT_COMPLETED flg=0x8000010 cmp=com.google.android.gms/.common.stats.GmsCoreStatsServiceLauncher (has extras) }
12-14 14:12:43.507  2534  2534 D PersistentNotificationBroadcastReceiver: Received intent: Intent { act=android.intent.action.BOOT_COMPLETED flg=0x8000010 cmp=com.google.android.gms/.common.notification.PersistentNotificationBroadcastReceiver (has extras) }
12-14 14:12:43.623  2625  2625 W InstanceID/Rpc: Found 10007
12-14 14:12:43.626  2625  2874 D FileApkUtils: Spent 7ms computing apk sha1.
12-14 14:12:43.626  2625  2874 D FileApkUtils: Module already staged or being staged:chimera-modules/MapsModule.apk
12-14 14:12:43.629  2625  2874 D DexOptUtils: Module /data/data/com.google.android.gms/app_chimera/chimera-module-root/module-13de3980f029dc34d7f6bdadf7b693ead0480f20/MapsModule.apk is already optimized. Bailing.
12-14 14:12:43.629  2625  2874 D FileApkUtils: Keeping up-to-date module: module-13de3980f029dc34d7f6bdadf7b693ead0480f20
12-14 14:12:43.632  2625  2874 D GmsModuleFndr: Beginning GMS chimera module scan
12-14 14:12:43.633  2625  2878 D GCM     : COMPAT: Multi user ser=0 current=0
12-14 14:12:43.634  2625  2882 I CheckinService: Disabling old GoogleServicesFramework version
12-14 14:12:43.634  2534  2883 D GCM     : GcmService start Intent { act=android.intent.action.BOOT_COMPLETED flg=0x8000010 cmp=com.google.android.gms/.gcm.GcmService (has extras) } android.intent.action.BOOT_COMPLETED
12-14 14:12:43.635  2625  2874 D GmsModuleFndr: Module pkg com.google.android.play.games not installed, skipping
12-14 14:12:43.635  2625  2874 D ChimeraCfgMgr: Beginning module configuration check
12-14 14:12:43.635  2625  2874 D ChimeraCfgMgr: Module APKs unchanged, check complete
12-14 14:12:43.636  2625  2886 I CheckinService: Checking schedule, now: 1450073563636 next: 30000
12-14 14:12:43.636  2625  2886 I CheckinService: active receiver: enabled
12-14 14:12:43.637  2625  2878 W BaseAppContext: Using Auth Proxy for data requests.
12-14 14:12:43.637  2625  2625 D SystemUpdateService: onCreate
12-14 14:12:43.638  2625  2625 D SystemUpdateService: onStartCommand: intent: Intent { cmp=com.google.android.gms/.update.SystemUpdateService (has extras) }
12-14 14:12:43.638  2625  2878 I GLSUser : [ChannelManager] Attempting to channel bind connection HttpClient.
12-14 14:12:43.639  2534  2534 I ConfigService: onCreate
12-14 14:12:43.639  2625  2625 I ConfigFetchService: onStartCommand Intent { cmp=com.google.android.gms/.config.ConfigFetchService (has extras) }
12-14 14:12:43.640  2625  2878 I GLSUser : [ChannelManager] Checking whether channelId is enabled. isEnabledGmsCore? false, isEnabledSdk? true, isAtLeastKitKat? true
12-14 14:12:43.640  2625  2897 V AuthZen : Handling intent: android.intent.action.BOOT_COMPLETED
12-14 14:12:43.640  2625  2897 D AuthZenEventHandler: Handling event: android.intent.action.BOOT_COMPLETED
12-14 14:12:43.640  2625  2893 I SystemUpdateService: cancelUpdate (empty URL)
12-14 14:12:43.640  2625  2893 I SystemUpdateService: active receiver: disabled
12-14 14:12:43.642  2625  2897 W BaseAppContext: Using Auth Proxy for data requests.
12-14 14:12:43.643  2625  2878 I GCoreUlr: Starting service, intent=Intent { act=com.google.android.location.reporting.ACTION_UPDATE_WORLD cmp=com.google.android.gms/com.google.android.location.reporting.service.DispatchingService (has extras) }, extras=Bundle[{receiverAction=android.intent.action.BOOT_COMPLETED}]
12-14 14:12:43.643  2332  2332 I GCoreUlr: DispatchingService.onCreate()
12-14 14:12:43.645  2625  2625 D ChimeraCfgMgr: Loading module com.google.android.gms.kids from APK com.google.android.gms
12-14 14:12:43.646  2625  2897 D AuthZenTransactionCache: Initialized cache in: /data/data/com.google.android.gms/files
12-14 14:12:43.646  2625  2897 D AuthZenTransactionCache: Clearing transaction cache
12-14 14:12:43.656  2332  2910 I GCoreUlr: WorldUpdater received intent Intent { act=com.google.android.location.reporting.ACTION_UPDATE_WORLD cmp=com.google.android.gms/com.google.android.location.reporting.service.DispatchingService (has extras) } with receiverAction android.intent.action.BOOT_COMPLETED
12-14 14:12:43.658  2625  2625 I ConfigFetchService: service connected
12-14 14:12:43.659  2625  2625 D ChimeraCfgMgr: Loading module com.google.android.gms.kids from APK com.google.android.gms
12-14 14:12:43.661  2332  2910 I GCoreUlr: WorldUpdater:android.intent.action.BOOT_COMPLETED: Ensuring that reporting is stopped because of reasons: (no Google accounts)
12-14 14:12:43.662  2332  2910 I GCoreUlr: Unbound from all location providers
12-14 14:12:43.664  2625  2625 D SystemUpdateService: onDestroy
12-14 14:12:43.665  2625  2725 I art     : Explicit concurrent mark sweep GC freed 35721(2MB) AllocSpace objects, 30(480KB) LOS objects, 39% free, 5MB/9MB, paused 1.039ms total 11.216ms
12-14 14:12:43.678  2068  2480 I ActivityManager: Start proc 2917:com.google.android.onetimeinitializer/u0a9 for broadcast com.google.android.onetimeinitializer/.OneTimeInitializerReceiver
12-14 14:12:43.678  2332  2332 I GCoreUlr: DispatchingService.onDestroy()
12-14 14:12:43.678  2332  2332 I GCoreUlr: Stopping handler for UlrDispSvcFast
12-14 14:12:43.679  2534  2534 V GLSActivity: AuthDelegateWrapperCreated with selected intent: Intent { cmp=com.google.android.gms/.auth.DefaultAuthDelegateService }
12-14 14:12:43.680  2625  2625 D ConfigFetchService: ConfigApi connection successful.
12-14 14:12:43.681  2332  2332 I GCoreUlr: Unbound from all location providers
12-14 14:12:43.682  2625  2916 W Kids    : [AbstractKidsOperation] Invalid device state 3
12-14 14:12:43.682  2625  2916 I Kids    : [KidAccountFixer] No network connection
12-14 14:12:43.682  2917  2917 I ActivityThread: Switching default density from 160 to 240
12-14 14:12:43.685  2917  2917 V OneTimeInitializerReceiver: OneTimeInitializerReceiver.onReceive
12-14 14:12:43.686  2917  2940 V OneTimeService: OneTimeService.onHandleIntent
12-14 14:12:43.704  2068  2377 I ActivityManager: Start proc 2949:com.android.managedprovisioning/u0a11 for broadcast com.android.managedprovisioning/.BootReminder
12-14 14:12:43.708  2949  2949 I ActivityThread: Switching default density from 160 to 240
12-14 14:12:43.709  2694  2948 I RlzPingService: Setting next ping for 1450698423747
12-14 14:12:43.834  2068  2480 I ActivityManager: Start proc 2976:com.android.mms/u0a12 for broadcast com.android.mms/.transaction.MmsSystemEventReceiver
12-14 14:12:43.836  2787  2975 E SQLiteLog: (283) recovered 32 frames from WAL file /data/data/com.android.providers.media/databases/internal.db-wal
12-14 14:12:43.836  1818  1818 I art     : Explicit concurrent mark sweep GC freed 706(30KB) AllocSpace objects, 0(0B) LOS objects, 39% free, 1950KB/3MB, paused 26us total 2.814ms
12-14 14:12:43.839  1818  1818 I art     : Explicit concurrent mark sweep GC freed 5(160B) AllocSpace objects, 0(0B) LOS objects, 39% free, 1950KB/3MB, paused 20us total 2.375ms
12-14 14:12:43.841  1818  1818 I art     : Explicit concurrent mark sweep GC freed 5(160B) AllocSpace objects, 0(0B) LOS objects, 39% free, 1950KB/3MB, paused 21us total 2.291ms
12-14 14:12:43.847  2068  2088 I art     : Explicit concurrent mark sweep GC freed 12275(581KB) AllocSpace objects, 2(32KB) LOS objects, 33% free, 9MB/14MB, paused 324us total 9.998ms
12-14 14:12:43.848  2976  2976 I ActivityThread: Switching default density from 160 to 240
12-14 14:12:43.853  2787  2975 W MediaScanner: Error opening directory '/oem/media/', skipping: No such file or directory.
12-14 14:12:43.856  2068  2088 D CountryDetector: The first listener is added
12-14 14:12:43.860  2976  2976 V Mms     : mnc/mcc: 
12-14 14:12:43.860  2976  2976 V Mms     : tag: bool value: enabledMMS - true
12-14 14:12:43.860  2976  2976 V Mms     : tag: int value: maxMessageSize - 307200
12-14 14:12:43.860  2976  2976 V Mms     : tag: int value: maxImageHeight - 480
12-14 14:12:43.860  2976  2976 V Mms     : tag: int value: maxImageWidth - 640
12-14 14:12:43.860  2976  2976 V Mms     : tag: int value: defaultSMSMessagesPerThread - 10000
12-14 14:12:43.860  2976  2976 V Mms     : tag: int value: defaultMMSMessagesPerThread - 1000
12-14 14:12:43.860  2976  2976 V Mms     : tag: int value: minMessageCountPerThread - 10
12-14 14:12:43.860  2976  2976 V Mms     : tag: int value: maxMessageCountPerThread - 5000
12-14 14:12:43.860  2976  2976 V Mms     : tag: string value: uaProfUrl - http://www.google.com/oha/rdf/ua-profile-kila.xml
12-14 14:12:43.860  2976  2976 V Mms     : tag: int value: recipientLimit - -1
12-14 14:12:43.860  2976  2976 V Mms     : tag: bool value: enableMultipartSMS - true
12-14 14:12:43.860  2976  2976 V Mms     : tag: int value: smsToMmsTextThreshold - -1
12-14 14:12:43.860  2976  2976 V Mms     : tag: bool value: enableSlideDuration - true
12-14 14:12:43.860  2976  2976 V Mms     : tag: int value: maxMessageTextSize - -1
12-14 14:12:43.867  2976  3014 D ConnectivityManager: getMobileDataEnabled()+ subId=-1
