W/ViewRootImpl( 2829): Cancelling event due to no window focus: KeyEvent { action=ACTION_UP, keyCode=KEYCODE_CTRL_LEFT, scanCode=29, metaState=META_CTRL_ON|META_CTRL_LEFT_ON, flags=0x28, repeatCount=0, eventTime=37534, downTime=37271, deviceId=16, source=0x101 }
W/ViewRootImpl( 2829): Cancelling event due to no window focus: KeyEvent { action=ACTION_UP, keyCode=KEYCODE_CTRL_LEFT, scanCode=29, metaState=META_CTRL_ON|META_CTRL_LEFT_ON, flags=0x28, repeatCount=0, eventTime=37534, downTime=37271, deviceId=16, source=0x101 }
W/ViewRootImpl( 2829): Cancelling event due to no window focus: KeyEvent { action=ACTION_UP, keyCode=KEYCODE_ALT_LEFT, scanCode=56, metaState=META_ALT_ON|META_ALT_LEFT_ON|META_CTRL_ON|META_CTRL_LEFT_ON, flags=0x28, repeatCount=0, eventTime=37534, downTime=37413, deviceId=16, source=0x101 }
W/ViewRootImpl( 2829): Cancelling event due to no window focus: KeyEvent { action=ACTION_UP, keyCode=KEYCODE_ALT_LEFT, scanCode=56, metaState=META_ALT_ON|META_ALT_LEFT_ON|META_CTRL_ON|META_CTRL_LEFT_ON, flags=0x28, repeatCount=0, eventTime=37534, downTime=37413, deviceId=16, source=0x101 }
W/ViewRootImpl( 2829): Cancelling event due to no window focus: KeyEvent { action=ACTION_UP, keyCode=KEYCODE_ALT_LEFT, scanCode=56, metaState=META_ALT_ON|META_ALT_LEFT_ON|META_CTRL_ON|META_CTRL_LEFT_ON, flags=0x28, repeatCount=0, eventTime=37534, downTime=37413, deviceId=16, source=0x101 }
W/ViewRootImpl( 2829): Cancelling event due to no window focus: KeyEvent { action=ACTION_UP, keyCode=KEYCODE_ALT_LEFT, scanCode=56, metaState=META_ALT_ON|META_ALT_LEFT_ON|META_CTRL_ON|META_CTRL_LEFT_ON, flags=0x28, repeatCount=0, eventTime=37534, downTime=37413, deviceId=16, source=0x101 }
W/ViewRootImpl( 2829): Cancelling event due to no window focus: KeyEvent { action=ACTION_UP, keyCode=KEYCODE_ALT_LEFT, scanCode=56, metaState=META_ALT_ON|META_ALT_LEFT_ON|META_CTRL_ON|META_CTRL_LEFT_ON, flags=0x28, repeatCount=0, eventTime=37534, downTime=37413, deviceId=16, source=0x101 }
W/ViewRootImpl( 2829): Cancelling event due to no window focus: KeyEvent { action=ACTION_UP, keyCode=KEYCODE_ALT_LEFT, scanCode=56, metaState=META_ALT_ON|META_ALT_LEFT_ON|META_CTRL_ON|META_CTRL_LEFT_ON, flags=0x28, repeatCount=0, eventTime=37534, downTime=37413, deviceId=16, source=0x101 }
W/ViewRootImpl( 2829): Cancelling event due to no window focus: KeyEvent { action=ACTION_UP, keyCode=KEYCODE_T, scanCode=20, metaState=META_ALT_ON|META_ALT_LEFT_ON|META_CTRL_ON|META_CTRL_LEFT_ON, flags=0x28, repeatCount=0, eventTime=37534, downTime=37485, deviceId=16, source=0x101 }
W/ViewRootImpl( 2829): Cancelling event due to no window focus: KeyEvent { action=ACTION_UP, keyCode=KEYCODE_T, scanCode=20, metaState=META_ALT_ON|META_ALT_LEFT_ON|META_CTRL_ON|META_CTRL_LEFT_ON, flags=0x28, repeatCount=0, eventTime=37534, downTime=37485, deviceId=16, source=0x101 }
W/ViewRootImpl( 2829): Cancelling event due to no window focus: KeyEvent { action=ACTION_UP, keyCode=KEYCODE_T, scanCode=20, metaState=META_ALT_ON|META_ALT_LEFT_ON|META_CTRL_ON|META_CTRL_LEFT_ON, flags=0x28, repeatCount=0, eventTime=37534, downTime=37485, deviceId=16, source=0x101 }
W/ViewRootImpl( 2829): Cancelling event due to no window focus: KeyEvent { action=ACTION_UP, keyCode=KEYCODE_T, scanCode=20, metaState=META_ALT_ON|META_ALT_LEFT_ON|META_CTRL_ON|META_CTRL_LEFT_ON, flags=0x28, repeatCount=0, eventTime=37534, downTime=37485, deviceId=16, source=0x101 }
W/ViewRootImpl( 2829): Cancelling event due to no window focus: KeyEvent { action=ACTION_UP, keyCode=KEYCODE_T, scanCode=20, metaState=META_ALT_ON|META_ALT_LEFT_ON|META_CTRL_ON|META_CTRL_LEFT_ON, flags=0x28, repeatCount=0, eventTime=37534, downTime=37485, deviceId=16, source=0x101 }
W/ViewRootImpl( 2829): Cancelling event due to no window focus: KeyEvent { action=ACTION_UP, keyCode=KEYCODE_T, scanCode=20, metaState=META_ALT_ON|META_ALT_LEFT_ON|META_CTRL_ON|META_CTRL_LEFT_ON, flags=0x28, repeatCount=0, eventTime=37534, downTime=37485, deviceId=16, source=0x101 }
V/WindowManager( 2440): ++++xiej, 04-13,7:26, getOrientationFromAppTokensLocked
V/WindowManager( 2440): ++++xiej, 04-13,7:26, getOrientationFromAppTokensLocked
V/WindowManager( 2440): ++++xiej, 04-13,7:26, getOrientationFromAppTokensLocked
W/ActivityManager( 2440): getTasks: caller 10021 does not hold REAL_GET_TASKS; limiting output
I/FFmpegExtractor( 2173): android-source:0xf5824240
D/OpenGLRenderer( 5808): Use EGL_SWAP_BEHAVIOR_PRESERVED: true
I/FFmpegExtractor( 2173): adjust mime(application/ogg -> audio/vorbis)
D/FFmpegExtractor( 2173): supported codec (vorbis) by official Stagefright
D/FFmpegExtractor( 2173): ffmpeg detected media content as 'audio/vorbis' with confidence 0.08
D/GRALLOC-DRM( 5808): drmOpen i915: 20
I/GRALLOC-DRM( 5808): create intel for driver i915
D/Atlas   ( 5808): Validating map...
V/WindowManager( 2440): Adding window Window{38da5d82 u0 com.termux/com.termux.app.TermuxActivity} at 2 of 6 (before Window{67b631e u0 Starting com.termux})
D/NuPlayerDriver( 2173): start(0xf604ed60)
I/GenericSource( 2173): start
W/Utils   ( 2173): bool android::canOffloadStream(const android::sp<android::MetaData>&, bool, const android::sp<android::MetaData>&, bool, audio_stream_type_t) No sample bit depth info in meta data
E/AudioPolicyManager( 2173): isOffloadSupported: stream_type != MUSIC, returning false
I/NuPlayer( 2173): Could not offload audio decode, pcm offload decided :0
W/Utils   ( 2173): bool android::canOffloadStream(const android::sp<android::MetaData>&, bool, const android::sp<android::MetaData>&, bool, audio_stream_type_t) No sample bit depth info in meta data
E/AudioPolicyManager( 2173): isOffloadSupported: stream_type != MUSIC, returning false
V/FFmpegOMXPlugin( 2173): makeComponentInstance 'OMX.ffmpeg.vorbis.decoder'
D/SoftFFmpegAudio( 2173): SoftFFmpegAudio component: OMX.ffmpeg.vorbis.decoder mCodingType: 24
D/FFMPEGSoftCodec( 2173): No PCM format specified, let decoder decide
D/SoftFFmpegAudio( 2173): set OMX_IndexParamAudioVorbis, nChannels=1, nSampleRate=44100, nBitRate=0, nMinBitRate=0, nMaxBitRate=0
D/SoftFFmpegAudio( 2173): begin to open ffmpeg audio decoder(vorbis), mCtx sample_rate: 44100, channels: 1
D/SoftFFmpegAudio( 2173): open ffmpeg audio decoder(vorbis) success, mCtx sample_rate: 44100, channels: 1, sample_fmt: fltp, bits_per_coded_sample: 0, bits_per_raw_sample: 0
I/SoftFFmpegAudio( 2173): Create sample rate converter for conversion of 44100 Hz fltp 1 channels(mono) to 44100 Hz s16 1 channels(mono)!
D/SoftFFmpegAudio( 2173): ffmpeg audio decoder eos
D/SoftFFmpegAudio( 2173): ffmpeg audio decoder fill eos outbuf
D/NuPlayerDriver( 2173): reset(0xf604ed60)
D/NuPlayerDriver( 2173): notifyResetComplete(0xf604ed60)
V/WindowManager( 2440): ++++xiej, 04-13,7:26, getOrientationFromAppTokensLocked
I/EGL-MAIN( 5808): found extension DRI_Core version 2
I/EGL-MAIN( 5808): found extension DRI_DRI2 version 4
I/EGL-MAIN( 5808): found extension DRI_TexBuffer version 3
I/EGL-MAIN( 5808): found extension DRI2_Flush version 4
I/EGL-MAIN( 5808): found extension DRI_IMAGE version 16
I/EGL-MAIN( 5808): found extension DRI2_Fence version 2
I/EGL-MAIN( 5808): found extension DRI_IMAGE version 16
I/EGL-MAIN( 5808): found extension DRI_RENDERER_QUERY version 1
I/EGL-MAIN( 5808): found extension DRI_CONFIG_QUERY version 1
I/EGL-MAIN( 5808): found extension DRI_Robustness version 1
I/EGL-MAIN( 5808): found extension DRI_NoError version 1
I/EGL-MAIN( 5808): found extension DRI2_Blob version 1
I/OpenGLRenderer( 5808): Initialized EGL, version 1.4
W/OpenGLRenderer( 5808): Failed to choose config with EGL_SWAP_BEHAVIOR_PRESERVED, retrying without...
D/OpenGLRenderer( 5808): Enabling debug mode 0
W/ViewRootImpl( 5808): Cancelling event due to no window focus: KeyEvent { action=ACTION_UP, keyCode=KEYCODE_T, scanCode=20, metaState=META_ALT_ON|META_ALT_LEFT_ON|META_CTRL_ON|META_CTRL_LEFT_ON, flags=0x28, repeatCount=0, eventTime=37557, downTime=37485, deviceId=16, source=0x101 }
W/ViewRootImpl( 5808): Cancelling event due to no window focus: KeyEvent { action=ACTION_UP, keyCode=KEYCODE_T, scanCode=20, metaState=META_ALT_ON|META_ALT_LEFT_ON|META_CTRL_ON|META_CTRL_LEFT_ON, flags=0x28, repeatCount=0, eventTime=37557, downTime=37485, deviceId=16, source=0x101 }
W/ViewRootImpl( 5808): Cancelling event due to no window focus: KeyEvent { action=ACTION_UP, keyCode=KEYCODE_T, scanCode=20, metaState=META_ALT_ON|META_ALT_LEFT_ON|META_CTRL_ON|META_CTRL_LEFT_ON, flags=0x28, repeatCount=0, eventTime=37557, downTime=37485, deviceId=16, source=0x101 }
W/ViewRootImpl( 5808): Cancelling event due to no window focus: KeyEvent { action=ACTION_UP, keyCode=KEYCODE_T, scanCode=20, metaState=META_ALT_ON|META_ALT_LEFT_ON|META_CTRL_ON|META_CTRL_LEFT_ON, flags=0x28, repeatCount=0, eventTime=37557, downTime=37485, deviceId=16, source=0x101 }
W/ViewRootImpl( 5808): Cancelling event due to no window focus: KeyEvent { action=ACTION_UP, keyCode=KEYCODE_T, scanCode=20, metaState=META_ALT_ON|META_ALT_LEFT_ON|META_CTRL_ON|META_CTRL_LEFT_ON, flags=0x28, repeatCount=0, eventTime=37557, downTime=37485, deviceId=16, source=0x101 }
W/ViewRootImpl( 5808): Cancelling event due to no window focus: KeyEvent { action=ACTION_UP, keyCode=KEYCODE_T, scanCode=20, metaState=META_ALT_ON|META_ALT_LEFT_ON|META_CTRL_ON|META_CTRL_LEFT_ON, flags=0x28, repeatCount=0, eventTime=37557, downTime=37485, deviceId=16, source=0x101 }
V/WindowManager( 2440): Adding window Window{31f0a4d0 u0 com.termux/com.termux.app.TermuxActivity} at 3 of 7 (before Window{67b631e u0 Starting com.termux})
V/WindowManager( 2440): ++++xiej, 04-13,7:26, getOrientationFromAppTokensLocked
W/ViewRootImpl( 5808): Cancelling event due to no window focus: KeyEvent { action=ACTION_UP, keyCode=KEYCODE_CTRL_LEFT, scanCode=29, metaState=META_ALT_ON|META_ALT_LEFT_ON, flags=0x28, repeatCount=0, eventTime=37593, downTime=37485, deviceId=16, source=0x101 }
W/ViewRootImpl( 5808): Cancelling event due to no window focus: KeyEvent { action=ACTION_UP, keyCode=KEYCODE_CTRL_LEFT, scanCode=29, metaState=META_ALT_ON|META_ALT_LEFT_ON, flags=0x28, repeatCount=0, eventTime=37593, downTime=37485, deviceId=16, source=0x101 }
W/ViewRootImpl( 5808): Cancelling event due to no window focus: KeyEvent { action=ACTION_UP, keyCode=KEYCODE_CTRL_LEFT, scanCode=29, metaState=META_ALT_ON|META_ALT_LEFT_ON, flags=0x28, repeatCount=0, eventTime=37593, downTime=37485, deviceId=16, source=0x101 }
W/ViewRootImpl( 5808): Cancelling event due to no window focus: KeyEvent { action=ACTION_UP, keyCode=KEYCODE_CTRL_LEFT, scanCode=29, metaState=META_ALT_ON|META_ALT_LEFT_ON, flags=0x28, repeatCount=0, eventTime=37593, downTime=37485, deviceId=16, source=0x101 }
W/ViewRootImpl( 5808): Cancelling event due to no window focus: KeyEvent { action=ACTION_UP, keyCode=KEYCODE_CTRL_LEFT, scanCode=29, metaState=META_ALT_ON|META_ALT_LEFT_ON, flags=0x28, repeatCount=0, eventTime=37593, downTime=37485, deviceId=16, source=0x101 }
W/ViewRootImpl( 5808): Cancelling event due to no window focus: KeyEvent { action=ACTION_UP, keyCode=KEYCODE_CTRL_LEFT, scanCode=29, metaState=META_ALT_ON|META_ALT_LEFT_ON, flags=0x28, repeatCount=0, eventTime=37593, downTime=37485, deviceId=16, source=0x101 }
W/ViewRootImpl( 5808): Cancelling event due to no window focus: KeyEvent { action=ACTION_UP, keyCode=KEYCODE_ALT_LEFT, scanCode=56, metaState=0, flags=0x28, repeatCount=0, eventTime=37629, downTime=37485, deviceId=16, source=0x101 }
W/ViewRootImpl( 5808): Cancelling event due to no window focus: KeyEvent { action=ACTION_UP, keyCode=KEYCODE_ALT_LEFT, scanCode=56, metaState=0, flags=0x28, repeatCount=0, eventTime=37629, downTime=37485, deviceId=16, source=0x101 }
W/ViewRootImpl( 5808): Cancelling event due to no window focus: KeyEvent { action=ACTION_UP, keyCode=KEYCODE_ALT_LEFT, scanCode=56, metaState=0, flags=0x28, repeatCount=0, eventTime=37629, downTime=37485, deviceId=16, source=0x101 }
W/ViewRootImpl( 5808): Cancelling event due to no window focus: KeyEvent { action=ACTION_UP, keyCode=KEYCODE_ALT_LEFT, scanCode=56, metaState=0, flags=0x28, repeatCount=0, eventTime=37629, downTime=37485, deviceId=16, source=0x101 }
W/ViewRootImpl( 5808): Cancelling event due to no window focus: KeyEvent { action=ACTION_UP, keyCode=KEYCODE_ALT_LEFT, scanCode=56, metaState=0, flags=0x28, repeatCount=0, eventTime=37629, downTime=37485, deviceId=16, source=0x101 }
W/ViewRootImpl( 5808): Cancelling event due to no window focus: KeyEvent { action=ACTION_UP, keyCode=KEYCODE_ALT_LEFT, scanCode=56, metaState=0, flags=0x28, repeatCount=0, eventTime=37629, downTime=37485, deviceId=16, source=0x101 }
W/ViewRootImpl( 5808): Cancelling event due to no window focus: KeyEvent { action=ACTION_UP, keyCode=KEYCODE_ALT_LEFT, scanCode=56, metaState=0, flags=0x28, repeatCount=0, eventTime=37629, downTime=37485, deviceId=16, source=0x101 }
W/ViewRootImpl( 5808): Cancelling event due to no window focus: KeyEvent { action=ACTION_UP, keyCode=KEYCODE_ALT_LEFT, scanCode=56, metaState=0, flags=0x28, repeatCount=0, eventTime=37629, downTime=37485, deviceId=16, source=0x101 }
W/ViewRootImpl( 5808): Cancelling event due to no window focus: KeyEvent { action=ACTION_UP, keyCode=KEYCODE_ALT_LEFT, scanCode=56, metaState=0, flags=0x28, repeatCount=0, eventTime=37629, downTime=37485, deviceId=16, source=0x101 }
V/WindowManager( 2440): ++++xiej, 04-13,7:26, getOrientationFromAppTokensLocked
D/OpenGLRenderer( 2637): Use EGL_SWAP_BEHAVIOR_PRESERVED: true
D/GRALLOC-DRM( 2637): drmOpen i915: 35
I/GRALLOC-DRM( 2637): create intel for driver i915
D/Atlas   ( 2637): Validating map...
V/WindowManager( 2440): ++++xiej, 04-13,7:26, getOrientationFromAppTokensLocked
I/ActivityManager( 2440): Displayed com.termux/.app.TermuxActivity: +216ms
W/AndroidIME( 2637): ajy: Upgrade from old InputMethodSubtype: AsciiCapable,EmojiCapable to new InputMethodSubtype: AsciiCapable,EmojiCapable
W/InputConnectionWrapper( 2637): Fixing selection indices to 0, 0
I/ActivityManager( 2440): Waited long enough for: ServiceRecord{1f182ad2 u0 org.openthos.seafile/.SeafileService}
V/WindowManager( 2440): ++++xiej, 04-13,7:26, getOrientationFromAppTokensLocked
I/EGL-MAIN( 2637): found extension DRI_Core version 2
I/EGL-MAIN( 2637): found extension DRI_DRI2 version 4
I/EGL-MAIN( 2637): found extension DRI_TexBuffer version 3
I/EGL-MAIN( 2637): found extension DRI2_Flush version 4
I/EGL-MAIN( 2637): found extension DRI_IMAGE version 16
I/EGL-MAIN( 2637): found extension DRI2_Fence version 2
I/EGL-MAIN( 2637): found extension DRI_IMAGE version 16
I/EGL-MAIN( 2637): found extension DRI_RENDERER_QUERY version 1
I/EGL-MAIN( 2637): found extension DRI_CONFIG_QUERY version 1
I/EGL-MAIN( 2637): found extension DRI_Robustness version 1
I/EGL-MAIN( 2637): found extension DRI_NoError version 1
I/EGL-MAIN( 2637): found extension DRI2_Blob version 1
I/OpenGLRenderer( 2637): Initialized EGL, version 1.4
W/OpenGLRenderer( 2637): Failed to choose config with EGL_SWAP_BEHAVIOR_PRESERVED, retrying without...
D/OpenGLRenderer( 2637): Enabling debug mode 0
W/InputMethodManagerService( 2440): Window already focused, ignoring focus gain of: com.android.internal.view.IInputMethodClient$Stub$Proxy@251ee200 attribute=null, token = android.os.BinderProxy@d66e0cd
I/ActivityManager( 2440): Waited long enough for: ServiceRecord{19a620cc u0 com.android.calendar/.alerts.InitAlarmsService}
I/ActivityManager( 2440): Waited long enough for: ServiceRecord{155954fc u0 org.openthos.privacyman/.LocationService}
D/AndroidRuntime( 5863): >>>>>> START com.android.internal.os.RuntimeInit uid 0 <<<<<<
D/AndroidRuntime( 5863): CheckJNI is OFF
W/        ( 5863): Failed to bind-mount /system/lib64/x86_64/cpuinfo as /proc/cpuinfo: No such file or directory
E/        ( 5863): Cannot create code cache directory ./code_cache: Read-only file system.
E/memtrack( 5863): Couldn't load memtrack module (No such file or directory)
E/android.os.Debug( 5863): failed to load memtrack module: -2
D/AndroidRuntime( 5863): Calling main entry com.android.commands.am.Am
D/BluetoothManagerService( 2440): Message: 42
D/BluetoothManagerService( 2440): MESSAGE_RESTART_BLUETOOTH_SERVICE: Restart IBluetooth service
D/BluetoothManagerService( 2440): Message: 100
E/BluetoothManagerService( 2440): MESSAGE_TIMEOUT_BIND
I/ExcludingStoppedHook( 2440): actionNextAlarmTracker.trigger
I/CheckinService( 3079): Done disabling old GoogleServicesFramework version
I/ActivityManager( 2440): Waited long enough for: ServiceRecord{1766ea11 u0 cn.wps.moffice_eng/cn.wps.moffice.main.pushunion.PushInitService}
I/ActivityManager( 2440): Waited long enough for: ServiceRecord{85b89ac u0 cn.wps.moffice_eng/cn.wps.moffice.service.MOfficeSyncService}
E/WifiConfigStore( 2440):  rewrite network history for "oslab"WPA_PSK
D/ClClient( 4442): Not sending keepalive.  Current connection state=STOPPED
D/WifiService( 2440): New client listening to asynchronous messages
I/ExcludingStoppedHook( 2440): actionNextAlarmTracker.trigger
W/art     ( 4161): Native thread exiting without having called DetachCurrentThread (maybe it's going to use a pthread_key_create destructor?): Thread[37,tid=5977,Native,Thread*=0xedc2e400,peer=0x334600a0,"default"]
W/art     ( 4161): Native thread exiting without having called DetachCurrentThread (maybe it's going to use a pthread_key_create destructor?): Thread[37,tid=5993,Native,Thread*=0xedc2c800,peer=0x33460160,"default"]
W/art     ( 4161): Native thread exiting without having called DetachCurrentThread (maybe it's going to use a pthread_key_create destructor?): Thread[38,tid=5975,Native,Thread*=0xedc2d400,peer=0x3346c0a0,"default"]
W/art     ( 4161): Native thread exiting without having called DetachCurrentThread (maybe it's going to use a pthread_key_create destructor?): Thread[39,tid=5978,Native,Thread*=0xf437f800,peer=0x3347f0a0,"default"]
E/BlueZ   ( 5741): bluetoothd connect timeout
E/BluetoothServiceJni( 5741): Error while setting the callbacks: 1
D/BluetoothManagerService( 2440): BluetoothServiceConnection: com.android.bluetooth.btservice.AdapterService
D/BluetoothManagerService( 2440): Message: 40
D/BluetoothManagerService( 2440): MESSAGE_BLUETOOTH_SERVICE_CONNECTED: 1
E/BluetoothManagerService( 2440): IBluetooth.configHciSnoopLog return false
D/BluetoothManagerService( 2440): Calling onBluetoothServiceUp callbacks
D/BluetoothManagerService( 2440): Broadcasting onBluetoothServiceUp() to 7 receivers.
D/BluetoothAdapterState( 5741): CURRENT_STATE=OFF, MESSAGE = USER_TURN_ON
D/BluetoothManagerService( 2440): Message: 200
D/BluetoothManagerService( 2440): MESSAGE_GET_NAME_AND_ADDRESS
D/BluetoothManagerService( 2440): Message: 20
D/BluetoothAdapterProperties( 5741): Setting state to 11
D/BluetoothManagerService( 2440): Added callback: android.bluetooth.IBluetoothManagerCallback$Stub$Proxy@714d048:true
I/BluetoothAdapterState( 5741): Bluetooth adapter state changed: 10-> 11
D/BluetoothManagerService( 2440): Message: 201
D/BluetoothManagerService( 2440): MESSAGE_SAVE_NAME_AND_ADDRESS
D/BluetoothBondStateMachine( 5741): make
I/BluetoothBondStateMachine( 5741): StableState(): Entering Off State
D/BluetoothAdapterService( 5741): getAdapterService() - returning com.android.bluetooth.btservice.AdapterService@f05085
D/HeadsetService( 5741): Received start request. Starting profile...
I/BluetoothHeadsetServiceJni( 5741): classInitNative: succeeds
D/HeadsetStateMachine( 5741): make
I/BluetoothAdapterState( 5741): Entering PendingCommandState State: isTurningOn()=true, isTurningOff()=false
W/ContextImpl( 5720): Calling a method in the system process without a qualified user: android.app.ContextImpl.startService:1692 android.content.ContextWrapper.startService:516 android.content.ContextWrapper.startService:516 com.android.settings.bluetooth.DockEventReceiver.beginStartingService:134 com.android.settings.bluetooth.DockEventReceiver.onReceive:115 
D/HeadsetStateMachine( 5741): max_hf_connections = 1
E/BluetoothHeadsetServiceJni( 5741): Bluetooth module is not loaded
D/HeadsetStateMachine( 5741): Enter Disconnected: -2, size: 0
D/BluetoothAdapterService( 5741): getAdapterService() - returning com.android.bluetooth.btservice.AdapterService@f05085
D/A2dpService( 5741): Received start request. Starting profile...
I/BluetoothAvrcpServiceJni( 5741): classInitNative: succeeds
E/BluetoothAvrcpServiceJni( 5741): Bluetooth module is not loaded
I/ProcessHook::( 2440): param-->ApplicationInfo{326880c4 cn.wps.moffice_eng}---service
I/ProcessHook::( 2440): param-->ApplicationInfo{326880c4 cn.wps.moffice_eng}---service
E/RemoteController( 5741): Cannot set synchronization mode on an unregistered RemoteController
I/BluetoothA2dpServiceJni( 5741): classInitNative: succeeds
D/A2dpStateMachine( 5741): make
E/BluetoothA2dpServiceJni( 5741): Bluetooth module is not loaded
D/A2dpStateMachine( 5741): Enter Disconnected: -2
I/BluetoothHidServiceJni( 5741): classInitNative: succeeds
D/BluetoothAdapterService( 5741): getAdapterService() - returning com.android.bluetooth.btservice.AdapterService@f05085
D/HidService( 5741): Received start request. Starting profile...
E/BluetoothHidServiceJni( 5741): Bluetooth module is not loaded
I/BluetoothHealthServiceJni( 5741): classInitNative: succeeds
D/BluetoothAdapterService( 5741): getAdapterService() - returning com.android.bluetooth.btservice.AdapterService@f05085
D/HealthService( 5741): Received start request. Starting profile...
E/BluetoothHealthServiceJni( 5741): Bluetooth module is not loaded
I/BluetoothPanServiceJni( 5741): classInitNative(L105): succeeds
D/BluetoothAdapterService( 5741): getAdapterService() - returning com.android.bluetooth.btservice.AdapterService@f05085
D/PanService( 5741): Received start request. Starting profile...
D/BluetoothPanServiceJni( 5741): initializeNative(L110): pan
E/BluetoothPanServiceJni( 5741): ## ERROR : initializeNative(L115): Bluetooth module is not loaded##
I/BtGatt.JNI( 5741): classInitNative(L873): classInitNative: Success!
D/BluetoothAdapterService( 5741): getAdapterService() - returning com.android.bluetooth.btservice.AdapterService@f05085
D/BtGatt.DebugUtils( 5741): handleDebugAction() action=null
D/BtGatt.GattService( 5741): Received start request. Starting profile...
D/BtGatt.GattService( 5741): start()
E/BtGatt.JNI( 5741): ERROR: initializeNative(L883): Bluetooth module is not loaded##
D/BluetoothAdapterService( 5741): getAdapterService() - returning com.android.bluetooth.btservice.AdapterService@f05085
D/BtGatt.AdvertiseManager( 5741): advertise manager created
D/houdini ( 6004): [6004] Initialize library(version: 5.2.3_y.48127 RELEASE)... successfully.
I/ActivityManager( 2440): Start proc 6004:cn.wps.moffice_eng:pushservice/u0a62 for service cn.wps.moffice_eng/cn.wps.moffice.main.pushunion.PushInitService
D/BluetoothAdapterService( 5741): getAdapterService() - returning com.android.bluetooth.btservice.AdapterService@f05085
D/BluetoothMapService( 5741): Received start request. Starting profile...
D/BluetoothMapService( 5741): start()
D/BluetoothMapEmailSettingsLoader( 5741): Found 0 applications
D/BluetoothMapEmailAppObserver( 5741): createReceiver()
D/BluetoothMapEmailAppObserver( 5741): initObservers()
D/BluetoothMapEmailAppObserver( 5741): getEnabledAccountItems()
D/LocalBluetoothProfileManager( 5720): Adding local MAP profile
D/BluetoothMap( 5720): Create BluetoothMap proxy object
D/HeadsetStateMachine( 5741): Proxy object connected
D/HeadsetStateMachine( 5741): Disconnected process message: 10, size: 0
D/HeadsetPhoneState( 5741): sendDeviceStateChanged. mService=0 mSignal=0 mRoam=0 mBatteryCharge=5
D/AuthorizationBluetoothService( 2926): Received Bluetooth event: Intent { act=android.bluetooth.adapter.action.STATE_CHANGED flg=0x4000010 cmp=com.google.android.gms/.auth.be.proximity.authorization.bt.AuthorizationBluetoothService$BluetoothStateChangeReceiver (has extras) }.
D/HeadsetStateMachine( 5741): Disconnected process message: 11, size: 0
D/LocalBluetoothProfileManager( 5720): LocalBluetoothProfileManager construction complete
I/art     ( 2177): Explicit concurrent mark sweep GC freed 709(30KB) AllocSpace objects, 0(0B) LOS objects, 40% free, 1945KB/3MB, paused 88us total 5.250ms
D/DockEventReceiver( 5720): finishStartingService: stopping service
I/art     ( 2177): Explicit concurrent mark sweep GC freed 5(160B) AllocSpace objects, 0(0B) LOS objects, 40% free, 1945KB/3MB, paused 67us total 4.762ms
I/art     ( 2177): Explicit concurrent mark sweep GC freed 5(160B) AllocSpace objects, 0(0B) LOS objects, 40% free, 1945KB/3MB, paused 39us total 3.123ms
I/art     ( 2440): Explicit concurrent mark sweep GC freed 56580(2MB) AllocSpace objects, 1(16KB) LOS objects, 33% free, 12MB/18MB, paused 353us total 16.770ms
D/BluetoothInputDevice( 5720): Proxy object connected
D/HidProfile( 5720): Bluetooth service connected
D/BluetoothPan( 5720): BluetoothPAN Proxy object connected
D/PanProfile( 5720): Bluetooth service connected
D/BluetoothMap( 5720): Proxy object connected
D/MapProfile( 5720): Bluetooth service connected
D/BluetoothMap( 5720): getConnectedDevices()
D/BluetoothAdapterState( 5741): CURRENT_STATE=PENDING, MESSAGE = STARTED, isTurningOn=true, isTurningOff=false
E/BluetoothAdapterState( 5741): Error while turning Bluetooth On
D/BluetoothAdapterProperties( 5741): Setting state to 10
I/BluetoothAdapterState( 5741): Bluetooth adapter state changed: 11-> 10
I/BluetoothAdapterState( 5741): Entering OffState
D/BluetoothMap( 5720): Bluetooth is Not enabled
I/NotifUtils( 3101): sendSetNewEmailIndicator account: -1103502769, folder: 25557809
I/NotifUtils( 3101): sendSetNewEmailIndicator account: -1103502769, folder: 25557809
I/NotifUtils( 3101): Validating Notification, mapSize: 1 getAttention: true ignoreUnobtrusive: true
I/NotifUtils( 3101): Unseen count doesn't match cursor count.  unseen: 67 cursor count: 70
D/AndroidRuntime( 5863): Shutting down VM
I/NotifUtils( 3101): Showing notification with unreadCount of 67 and unseenCount of 67
W/ActivityManager( 2440): getRunningAppProcesses: caller 10062 does not hold REAL_GET_TASKS; limiting output
I/ExcludingStoppedHook( 2440): actioncom.tencent.mm.plugin.openapi.Intent.ACTION_HANDLE_APP_REGISTER
E/Vold    ( 2164): Failed to find mounted volume for /storage/usb0/Android/data/cn.wps.moffice_eng/cache/
W/ContextImpl( 6004): Failed to ensure directory: /storage/usb0/Android/data/cn.wps.moffice_eng/cache
E/Vold    ( 2164): Failed to find mounted volume for /storage/usb1/Android/data/cn.wps.moffice_eng/cache/
W/ContextImpl( 6004): Failed to ensure directory: /storage/usb1/Android/data/cn.wps.moffice_eng/cache
E/Vold    ( 2164): Failed to find mounted volume for /storage/usb2/Android/data/cn.wps.moffice_eng/cache/
W/ContextImpl( 6004): Failed to ensure directory: /storage/usb2/Android/data/cn.wps.moffice_eng/cache
E/Vold    ( 2164): Failed to find mounted volume for /storage/usb3/Android/data/cn.wps.moffice_eng/cache/
W/ContextImpl( 6004): Failed to ensure directory: /storage/usb3/Android/data/cn.wps.moffice_eng/cache
E/Vold    ( 2164): Failed to find mounted volume for /storage/sdcard1/Android/data/cn.wps.moffice_eng/cache/
W/ContextImpl( 6004): Failed to ensure directory: /storage/sdcard1/Android/data/cn.wps.moffice_eng/cache
E/Vold    ( 2164): Failed to find mounted volume for /storage/usb0/Android/data/cn.wps.moffice_eng/cache/
W/ContextImpl( 6004): Failed to ensure directory: /storage/usb0/Android/data/cn.wps.moffice_eng/cache
E/Vold    ( 2164): Failed to find mounted volume for /storage/usb1/Android/data/cn.wps.moffice_eng/cache/
W/ContextImpl( 6004): Failed to ensure directory: /storage/usb1/Android/data/cn.wps.moffice_eng/cache
E/Vold    ( 2164): Failed to find mounted volume for /storage/usb2/Android/data/cn.wps.moffice_eng/cache/
W/ContextImpl( 6004): Failed to ensure directory: /storage/usb2/Android/data/cn.wps.moffice_eng/cache
E/Vold    ( 2164): Failed to find mounted volume for /storage/usb3/Android/data/cn.wps.moffice_eng/cache/
W/ContextImpl( 6004): Failed to ensure directory: /storage/usb3/Android/data/cn.wps.moffice_eng/cache
E/Vold    ( 2164): Failed to find mounted volume for /storage/sdcard1/Android/data/cn.wps.moffice_eng/cache/
W/ContextImpl( 6004): Failed to ensure directory: /storage/sdcard1/Android/data/cn.wps.moffice_eng/cache
I/art     ( 2440): Explicit concurrent mark sweep GC freed 14245(760KB) AllocSpace objects, 0(0B) LOS objects, 33% free, 12MB/18MB, paused 424us total 13.431ms
I/NotifUtils( 3101): Account: -1103502769 vibrate: false
I/NotifUtils( 3101): New email in -1103502769 vibrateWhen: false, playing notification: content://settings/system/notification_sound
I/ValidateNoPeople( 2440): Validating: 0|com.android.email|-1952757200|null|10034
I/ValidateNoPeople( 2440): Executing: validation for: 0|com.android.email|-1952757200|null|10034
E/SQLiteLog( 5509): (284) automatic index on sqlite_sq_7F3AB8018C00(STAT_DATA_ID)
I/ValidateNoPeople( 2440): final affinity: 0.0
I/NotifUtils( 3101): Validating Notification, mapSize: 1 getAttention: true ignoreUnobtrusive: false
I/NotifUtils( 3101): Unseen count doesn't match cursor count.  unseen: 67 cursor count: 70
I/NotifUtils( 3101): Showing notification with unreadCount of 67 and unseenCount of 67
I/art     ( 2440): Explicit concurrent mark sweep GC freed 6888(399KB) AllocSpace objects, 0(0B) LOS objects, 33% free, 12MB/18MB, paused 516us total 14.522ms
W/art     ( 4161): Native thread exiting without having called DetachCurrentThread (maybe it's going to use a pthread_key_create destructor?): Thread[43,tid=5988,Native,Thread*=0xf4384c00,peer=0x334c80a0,"default"]
I/art     ( 2440): Explicit concurrent mark sweep GC freed 5250(225KB) AllocSpace objects, 11(176KB) LOS objects, 33% free, 12MB/18MB, paused 373us total 12.957ms
I/NotifUtils( 3101): Account: -1103502769 vibrate: false
I/ValidateNoPeople( 2440): Validating: 0|com.android.email|-1952757200|null|10034
I/ValidateNoPeople( 2440): final affinity: 0.0
W/art     ( 4161): Native thread exiting without having called DetachCurrentThread (maybe it's going to use a pthread_key_create destructor?): Thread[37,tid=5991,Native,Thread*=0xedc2c800,peer=0x334601c0,"default"]
E/BluetoothManagerService( 2440): waitForOnOff time out
D/BluetoothManagerService( 2440): Retrying name/address remote retrieval and save.....Retry count =1
D/BluetoothManagerService( 2440): Message: 60
D/BluetoothManagerService( 2440): MESSAGE_BLUETOOTH_STATE_CHANGE: prevState = 10, newState=11
D/BluetoothManagerService( 2440): Bluetooth State Change Intent: 10 -> 11
D/Prevent ( 2440): allow com.google.android.gms to use gms for next service
D/BluetoothManagerService( 2440): Message: 20
D/BluetoothManagerService( 2440): Added callback: android.bluetooth.IBluetoothManagerCallback$Stub$Proxy@33f51997:true
D/BluetoothManagerService( 2440): Message: 30
D/BluetoothManagerService( 2440): Message: 30
D/BluetoothManagerService( 2440): Message: 30
D/BluetoothManagerService( 2440): Message: 30
D/BluetoothManagerService( 2440): Message: 60
D/BluetoothManagerService( 2440): MESSAGE_BLUETOOTH_STATE_CHANGE: prevState = 11, newState=10
D/BluetoothManagerService( 2440): Broadcasting onBluetoothStateChange(false) to 17 receivers.
D/BluetoothA2dpSink( 2575): onBluetoothStateChange: up=false
E/BluetoothA2dpSink( 2575): 
E/BluetoothA2dpSink( 2575): java.lang.IllegalArgumentException: Service not registered: android.bluetooth.BluetoothA2dpSink$2@27cd72c5
E/BluetoothA2dpSink( 2575): 	at android.app.LoadedApk.forgetServiceDispatcher(LoadedApk.java:1029)
E/BluetoothA2dpSink( 2575): 	at android.app.ContextImpl.unbindService(ContextImpl.java:1808)
E/BluetoothA2dpSink( 2575): 	at android.content.ContextWrapper.unbindService(ContextWrapper.java:551)
E/BluetoothA2dpSink( 2575): 	at android.bluetooth.BluetoothA2dpSink$1.onBluetoothStateChange(BluetoothA2dpSink.java:139)
E/BluetoothA2dpSink( 2575): 	at android.bluetooth.IBluetoothStateChangeCallback$Stub.onTransact(IBluetoothStateChangeCallback.java:55)
E/BluetoothA2dpSink( 2575): 	at android.os.Binder.execTransact(Binder.java:446)
D/BluetoothMapService( 5741): onReceive
D/BluetoothHeadset( 2575): onBluetoothStateChange: up=false
E/BluetoothPan( 2575): 
E/BluetoothPan( 2575): java.lang.IllegalArgumentException: Service not registered: android.bluetooth.BluetoothPan$2@2fcc79ff
E/BluetoothPan( 2575): 	at android.app.LoadedApk.forgetServiceDispatcher(LoadedApk.java:1029)
E/BluetoothPan( 2575): 	at android.app.ContextImpl.unbindService(ContextImpl.java:1808)
E/BluetoothPan( 2575): 	at android.content.ContextWrapper.unbindService(ContextWrapper.java:551)
E/BluetoothPan( 2575): 	at android.bluetooth.BluetoothPan$1.onBluetoothStateChange(BluetoothPan.java:199)
E/BluetoothPan( 2575): 	at android.bluetooth.IBluetoothStateChangeCallback$Stub.onTransact(IBluetoothStateChangeCallback.java:55)
E/BluetoothPan( 2575): 	at android.os.Binder.execTransact(Binder.java:446)
D/BluetoothHeadset( 2756): onBluetoothStateChange: up=false
D/BluetoothHeadset( 2440): onBluetoothStateChange: up=false
D/BluetoothInputDevice( 2575): onBluetoothStateChange: up=false
E/BluetoothInputDevice( 2575): 
E/BluetoothInputDevice( 2575): java.lang.IllegalArgumentException: Service not registered: android.bluetooth.BluetoothInputDevice$2@2f1a6d59
E/BluetoothInputDevice( 2575): 	at android.app.LoadedApk.forgetServiceDispatcher(LoadedApk.java:1029)
E/BluetoothInputDevice( 2575): 	at android.app.ContextImpl.unbindService(ContextImpl.java:1808)
E/BluetoothInputDevice( 2575): 	at android.content.ContextWrapper.unbindService(ContextWrapper.java:551)
E/BluetoothInputDevice( 2575): 	at android.bluetooth.BluetoothInputDevice$1.onBluetoothStateChange(BluetoothInputDevice.java:216)
E/BluetoothInputDevice( 2575): 	at android.bluetooth.IBluetoothStateChangeCallback$Stub.onTransact(IBluetoothStateChangeCallback.java:55)
E/BluetoothInputDevice( 2575): 	at android.os.Binder.execTransact(Binder.java:446)
D/BluetoothMap( 2575): onBluetoothStateChange: up=false
E/BluetoothMap( 2575): 
E/BluetoothMap( 2575): java.lang.IllegalArgumentException: Service not registered: android.bluetooth.BluetoothMap$2@767dd1e
E/BluetoothMap( 2575): 	at android.app.LoadedApk.forgetServiceDispatcher(LoadedApk.java:1029)
E/BluetoothMap( 2575): 	at android.app.ContextImpl.unbindService(ContextImpl.java:1808)
E/BluetoothMap( 2575): 	at android.content.ContextWrapper.unbindService(ContextWrapper.java:551)
E/BluetoothMap( 2575): 	at android.bluetooth.BluetoothMap$1.onBluetoothStateChange(BluetoothMap.java:64)
E/BluetoothMap( 2575): 	at android.bluetooth.IBluetoothStateChangeCallback$Stub.onTransact(IBluetoothStateChangeCallback.java:55)
E/BluetoothMap( 2575): 	at android.os.Binder.execTransact(Binder.java:446)
D/BluetoothPbap( 5720): onBluetoothStateChange: up=false
D/BluetoothHeadset( 2440): onBluetoothStateChange: up=false
D/BluetoothMap( 5720): onBluetoothStateChange: up=false
D/AuthorizationBluetoothService( 2926): Received Bluetooth event: Intent { act=android.bluetooth.adapter.action.STATE_CHANGED flg=0x4000010 cmp=com.google.android.gms/.auth.be.proximity.authorization.bt.AuthorizationBluetoothService$BluetoothStateChangeReceiver (has extras) }.
D/BluetoothA2dp( 2440): onBluetoothStateChange: up=false
E/BluetoothA2dp( 2440): 
E/BluetoothA2dp( 2440): java.lang.IllegalArgumentException: Service not registered: android.bluetooth.BluetoothA2dp$2@7fcbb23
E/BluetoothA2dp( 2440): 	at android.app.LoadedApk.forgetServiceDispatcher(LoadedApk.java:1029)
E/BluetoothA2dp( 2440): 	at android.app.ContextImpl.unbindService(ContextImpl.java:1808)
E/BluetoothA2dp( 2440): 	at android.bluetooth.BluetoothA2dp$1.onBluetoothStateChange(BluetoothA2dp.java:126)
E/BluetoothA2dp( 2440): 	at com.android.server.BluetoothManagerService.sendBluetoothStateCallback(BluetoothManagerService.java:710)
E/BluetoothA2dp( 2440): 	at com.android.server.BluetoothManagerService.bluetoothStateChangeHandler(BluetoothManagerService.java:1386)
E/BluetoothA2dp( 2440): 	at com.android.server.BluetoothManagerService.access$3300(BluetoothManagerService.java:61)
E/BluetoothA2dp( 2440): 	at com.android.server.BluetoothManagerService$BluetoothHandler.handleMessage(BluetoothManagerService.java:1113)
E/BluetoothA2dp( 2440): 	at android.os.Handler.dispatchMessage(Handler.java:102)
E/BluetoothA2dp( 2440): 	at android.os.Looper.loop(Looper.java:135)
E/BluetoothA2dp( 2440): 	at android.os.HandlerThread.run(HandlerThread.java:61)
E/BluetoothA2dp( 2440): 	at com.android.server.ServiceThread.run(ServiceThread.java:46)
D/BluetoothHeadsetClient( 2575): onBluetoothStateChange: up=false
E/BluetoothHeadsetClient( 2575): 
E/BluetoothHeadsetClient( 2575): java.lang.IllegalArgumentException: Service not registered: android.bluetooth.BluetoothHeadsetClient$2@14d0141a
E/BluetoothHeadsetClient( 2575): 	at android.app.LoadedApk.forgetServiceDispatcher(LoadedApk.java:1029)
E/BluetoothHeadsetClient( 2575): 	at android.app.ContextImpl.unbindService(ContextImpl.java:1808)
E/BluetoothHeadsetClient( 2575): 	at android.content.ContextWrapper.unbindService(ContextWrapper.java:551)
E/BluetoothHeadsetClient( 2575): 	at android.bluetooth.BluetoothHeadsetClient$1.onBluetoothStateChange(BluetoothHeadsetClient.java:382)
E/BluetoothHeadsetClient( 2575): 	at android.bluetooth.IBluetoothStateChangeCallback$Stub.onTransact(IBluetoothStateChangeCallback.java:55)
E/BluetoothHeadsetClient( 2575): 	at android.os.Binder.execTransact(Binder.java:446)
D/BluetoothHeadset( 2440): onBluetoothStateChange: up=false
D/BluetoothInputDevice( 5720): onBluetoothStateChange: up=false
D/BluetoothA2dp( 2575): onBluetoothStateChange: up=false
E/BluetoothA2dp( 2575): 
E/BluetoothA2dp( 2575): java.lang.IllegalArgumentException: Service not registered: android.bluetooth.BluetoothA2dp$2@17967da0
E/BluetoothA2dp( 2575): 	at android.app.LoadedApk.forgetServiceDispatcher(LoadedApk.java:1029)
E/BluetoothA2dp( 2575): 	at android.app.ContextImpl.unbindService(ContextImpl.java:1808)
E/BluetoothA2dp( 2575): 	at android.content.ContextWrapper.unbindService(ContextWrapper.java:551)
E/BluetoothA2dp( 2575): 	at android.bluetooth.BluetoothA2dp$1.onBluetoothStateChange(BluetoothA2dp.java:126)
E/BluetoothA2dp( 2575): 	at android.bluetooth.IBluetoothStateChangeCallback$Stub.onTransact(IBluetoothStateChangeCallback.java:55)
E/BluetoothA2dp( 2575): 	at android.os.Binder.execTransact(Binder.java:446)
D/BluetoothAvrcpController( 2575): onBluetoothStateChange: up=false
E/BluetoothAvrcpController( 2575): 
E/BluetoothAvrcpController( 2575): java.lang.IllegalArgumentException: Service not registered: android.bluetooth.BluetoothAvrcpController$2@28d4ab4b
E/BluetoothAvrcpController( 2575): 	at android.app.LoadedApk.forgetServiceDispatcher(LoadedApk.java:1029)
E/BluetoothAvrcpController( 2575): 	at android.app.ContextImpl.unbindService(ContextImpl.java:1808)
E/BluetoothAvrcpController( 2575): 	at android.content.ContextWrapper.unbindService(ContextWrapper.java:551)
E/BluetoothAvrcpController( 2575): 	at android.bluetooth.BluetoothAvrcpController$1.onBluetoothStateChange(BluetoothAvrcpController.java:80)
E/BluetoothAvrcpController( 2575): 	at android.bluetooth.IBluetoothStateChangeCallback$Stub.onTransact(IBluetoothStateChangeCallback.java:55)
E/BluetoothAvrcpController( 2575): 	at android.os.Binder.execTransact(Binder.java:446)
D/BluetoothManagerService( 2440): Bluetooth State Change Intent: 11 -> 10
D/Prevent ( 2440): allow com.google.android.gms to use gms for next service
E/BluetoothManagerService( 2440): recoverBluetoothServiceFromError
D/BluetoothMapService( 5741): onReceive
W/ContextImpl( 5720): Calling a method in the system process without a qualified user: android.app.ContextImpl.startService:1692 android.content.ContextWrapper.startService:516 android.content.ContextWrapper.startService:516 com.android.settings.bluetooth.DockEventReceiver.beginStartingService:134 com.android.settings.bluetooth.DockEventReceiver.onReceive:115 
D/AuthorizationBluetoothService( 2926): Received Bluetooth event: Intent { act=android.bluetooth.adapter.action.STATE_CHANGED flg=0x4000010 cmp=com.google.android.gms/.auth.be.proximity.authorization.bt.AuthorizationBluetoothService$BluetoothStateChangeReceiver (has extras) }.
D/DockEventReceiver( 5720): finishStartingService: stopping service
D/BluetoothManagerService( 2440): Sending off request.
D/BluetoothAdapterState( 5741): CURRENT_STATE=OFF, MESSAGE = USER_TURN_OFF
D/BluetoothManagerService( 2440): Calling onBluetoothServiceDown callbacks
D/BluetoothManagerService( 2440): Broadcasting onBluetoothServiceDown() to 9 receivers.
D/BluetoothManagerService( 2440): Message: 201
D/BluetoothManagerService( 2440): MESSAGE_SAVE_NAME_AND_ADDRESS
D/BluetoothManagerService( 2440): Message: 200
D/BluetoothManagerService( 2440): MESSAGE_GET_NAME_AND_ADDRESS
D/BluetoothManagerService( 2440): Binding to service to get name and address
I/art     ( 5741): System.exit called, status: 0
I/AndroidRuntime( 5741): VM exiting with result code 0, cleanup skipped.
I/ActivityManager( 2440): Process com.android.bluetooth (pid 5741) has died
I/AppDiedHook-->( 2440): param :::false0000ProcessRecord{21ed7919 5741:com.android.bluetooth/1002}
D/Prevent ( 2440): action: app died, package: com.android.bluetooth, count: 0
W/ActivityManager( 2440): Scheduling restart of crashed service com.android.bluetooth/.hfp.HeadsetService in 1000ms
W/ActivityManager( 2440): Scheduling restart of crashed service com.android.bluetooth/.hdp.HealthService in 1000ms
W/ActivityManager( 2440): Scheduling restart of crashed service com.android.bluetooth/.btservice.AdapterService in 1000ms
W/ActivityManager( 2440): Scheduling restart of crashed service com.android.bluetooth/.pan.PanService in 11000ms
W/ActivityManager( 2440): Scheduling restart of crashed service com.android.bluetooth/.hid.HidService in 11000ms
W/ActivityManager( 2440): Scheduling restart of crashed service com.android.bluetooth/.a2dp.A2dpService in 11000ms
W/ActivityManager( 2440): Scheduling restart of crashed service com.android.bluetooth/.map.BluetoothMapService in 11000ms
W/ActivityManager( 2440): Scheduling restart of crashed service com.android.bluetooth/.gatt.GattService in 11000ms
I/ExcludingStoppedHook( 2440): actioncom.android.mail.action.update_notification
I/ExcludingStoppedHook( 2440): actioncom.android.mail.action.update_notification
I/ExcludingStoppedHook( 2440): actioncom.android.mail.action.update_notification
I/ExcludingStoppedHook( 2440): actioncom.android.mail.action.update_notification
I/NotifUtils( 3101): sendSetNewEmailIndicator account: -1103502769, folder: 25557809
I/NotifUtils( 3101): Validating Notification, mapSize: 1 getAttention: true ignoreUnobtrusive: false
I/NotifUtils( 3101): Showing notification with unreadCount of 70 and unseenCount of 70
I/art     ( 2440): Explicit concurrent mark sweep GC freed 15448(754KB) AllocSpace objects, 0(0B) LOS objects, 33% free, 12MB/18MB, paused 405us total 13.037ms
I/NotifUtils( 3101): Account: -1103502769 vibrate: false
I/ValidateNoPeople( 2440): Validating: 0|com.android.email|-1952757200|null|10034
I/ValidateNoPeople( 2440): final affinity: 0.0
E/WifiStateMachine( 2440): WifiStateMachine Disconnected CMD_START_SCAN source -2 3, 5 -> obsolete
I/ProcessHook::( 2440): param-->ApplicationInfo{337b84fa com.android.bluetooth}---service
I/ProcessHook::( 2440): param-->ApplicationInfo{337b84fa com.android.bluetooth}---service
I/ActivityManager( 2440): Start proc 6087:com.android.bluetooth/1002 for service com.android.bluetooth/.btservice.AdapterService
W/ResourcesManager( 6087): Asset path '/system/framework/javax.obex.jar' does not exist or contains no resources.
D/AdapterServiceConfig( 6087): Adding HeadsetService
D/AdapterServiceConfig( 6087): Adding A2dpService
D/AdapterServiceConfig( 6087): Adding HidService
D/AdapterServiceConfig( 6087): Adding HealthService
D/AdapterServiceConfig( 6087): Adding PanService
D/AdapterServiceConfig( 6087): Adding GattService
D/AdapterServiceConfig( 6087): Adding BluetoothMapService
D/BlueZ   ( 6087): external/bluetooth/bluez/android/hal-bluetooth.c:open_bluetooth() 
D/BlueZ   ( 6087): external/bluetooth/bluez/android/hal-bluetooth.c:get_bluetooth_interface() 
D/BluetoothManagerService( 2440): Message: 20
D/BluetoothManagerService( 2440): Added callback: android.bluetooth.IBluetoothManagerCallback$Stub$Proxy@19b80508:true
D/BluetoothAdapterState( 6087): make
D/BlueZ   ( 6087): external/bluetooth/bluez/android/hal-bluetooth.c:init() 
I/BluetoothAdapterState( 6087): Entering OffState
I/bluetoothd( 6120): running () 
I/bluetoothd( 6131): stopped () 
D/InitAlarmsService( 3960): Clearing and rescheduling alarms.
D/BluetoothManagerService( 2440): Message: 42
D/BluetoothManagerService( 2440): MESSAGE_RESTART_BLUETOOTH_SERVICE: Restart IBluetooth service
D/BluetoothManagerService( 2440): Message: 100
E/BluetoothManagerService( 2440): MESSAGE_TIMEOUT_BIND
D/ClClient( 4442): Not sending keepalive.  Current connection state=STOPPED
I/ExcludingStoppedHook( 2440): actionandroid.content.syncmanager.SYNC_ALARM
E/GCM     ( 2926): Missing checkin config file
W/GCM     ( 2926): GCM FAILED TO INITIALIZE - missing checkin
I/ExcludingStoppedHook( 2440): actioncom.google.android.c2dm.intent.REGISTRATION
I/ExcludingStoppedHook( 2440): actioncom.google.android.c2dm.intent.REGISTRATION
I/ExcludingStoppedHook( 2440): actioncom.google.android.c2dm.intent.REGISTRATION
I/ExcludingStoppedHook( 2440): actioncom.google.android.c2dm.intent.REGISTRATION
I/ExcludingStoppedHook( 2440): actioncom.google.android.c2dm.intent.REGISTRATION
I/ExcludingStoppedHook( 2440): actioncom.google.android.c2dm.intent.REGISTRATION
I/ExcludingStoppedHook( 2440): actioncom.google.android.c2dm.intent.REGISTRATION
I/ExcludingStoppedHook( 2440): actioncom.google.android.c2dm.intent.REGISTRATION
I/ExcludingStoppedHook( 2440): actioncom.google.android.c2dm.intent.REGISTRATION
I/ExcludingStoppedHook( 2440): actioncom.google.android.c2dm.intent.REGISTRATION
I/ExcludingStoppedHook( 2440): actioncom.google.android.c2dm.intent.REGISTRATION
I/ExcludingStoppedHook( 2440): actioncom.google.android.c2dm.intent.REGISTRATION
I/ExcludingStoppedHook( 2440): actioncom.google.android.c2dm.intent.REGISTRATION
E/FirebaseInstanceId( 4442): Token retrieval failed: AUTHENTICATION_FAILED
I/ExcludingStoppedHook( 2440): actioncom.google.android.c2dm.intent.REGISTRATION
I/ExcludingStoppedHook( 2440): actioncom.google.android.c2dm.intent.REGISTRATION
I/ExcludingStoppedHook( 2440): actioncom.google.android.c2dm.intent.REGISTRATION
I/ExcludingStoppedHook( 2440): actioncom.google.android.c2dm.intent.REGISTRATION
I/ExcludingStoppedHook( 2440): actioncom.google.android.c2dm.intent.REGISTRATION
W/ActivityManager( 2440): getRunningAppProcesses: caller 10065 does not hold REAL_GET_TASKS; limiting output
