W/System.err( 2440): com.wenming.library.processutil.models.AndroidAppProcess$NotAndroidAppProcessException: The process 3169 does not belong to any application
W/System.err( 2440): 	at com.wenming.library.processutil.models.AndroidAppProcess.<init>(AndroidAppProcess.java:83)
W/System.err( 2440): 	at org.openthos.taskmanager.prevent.framework.SystemHook.doKillNoFather(SystemHook.java:390)
W/System.err( 2440): 	at org.openthos.taskmanager.prevent.framework.SystemHook.access$400(SystemHook.java:53)
W/System.err( 2440): 	at org.openthos.taskmanager.prevent.framework.SystemHook$4.run(SystemHook.java:374)
W/System.err( 2440): 	at java.util.concurrent.Executors$RunnableAdapter.call(Executors.java:422)
W/System.err( 2440): 	at java.util.concurrent.FutureTask.run(FutureTask.java:237)
W/System.err( 2440): 	at java.util.concurrent.ScheduledThreadPoolExecutor$ScheduledFutureTask.access$201(ScheduledThreadPoolExecutor.java:152)
W/System.err( 2440): 	at java.util.concurrent.ScheduledThreadPoolExecutor$ScheduledFutureTask.run(ScheduledThreadPoolExecutor.java:265)
W/System.err( 2440): 	at java.util.concurrent.ThreadPoolExecutor.runWorker(ThreadPoolExecutor.java:1112)
W/System.err( 2440): 	at java.util.concurrent.ThreadPoolExecutor$Worker.run(ThreadPoolExecutor.java:587)
W/System.err( 2440): 	at java.lang.Thread.run(Thread.java:818)
D/Email   ( 3101): Insert: content://com.android.email.provider/message
W/System.err( 2440): com.wenming.library.processutil.models.AndroidAppProcess$NotAndroidAppProcessException: The process 4302 does not belong to any application
W/System.err( 2440): 	at com.wenming.library.processutil.models.AndroidAppProcess.<init>(AndroidAppProcess.java:83)
W/System.err( 2440): 	at org.openthos.taskmanager.prevent.framework.SystemHook.doKillNoFather(SystemHook.java:390)
W/System.err( 2440): 	at org.openthos.taskmanager.prevent.framework.SystemHook.access$400(SystemHook.java:53)
W/System.err( 2440): 	at org.openthos.taskmanager.prevent.framework.SystemHook$4.run(SystemHook.java:374)
W/System.err( 2440): 	at java.util.concurrent.Executors$RunnableAdapter.call(Executors.java:422)
W/System.err( 2440): 	at java.util.concurrent.FutureTask.run(FutureTask.java:237)
W/System.err( 2440): 	at java.util.concurrent.ScheduledThreadPoolExecutor$ScheduledFutureTask.access$201(ScheduledThreadPoolExecutor.java:152)
W/System.err( 2440): 	at java.util.concurrent.ScheduledThreadPoolExecutor$ScheduledFutureTask.run(ScheduledThreadPoolExecutor.java:265)
W/System.err( 2440): 	at java.util.concurrent.ThreadPoolExecutor.runWorker(ThreadPoolExecutor.java:1112)
W/System.err( 2440): 	at java.util.concurrent.ThreadPoolExecutor$Worker.run(ThreadPoolExecutor.java:587)
W/System.err( 2440): 	at java.lang.Thread.run(Thread.java:818)
W/System.err( 2440): com.wenming.library.processutil.models.AndroidAppProcess$NotAndroidAppProcessException: The process 4565 does not belong to any application
W/System.err( 2440): 	at com.wenming.library.processutil.models.AndroidAppProcess.<init>(AndroidAppProcess.java:83)
W/System.err( 2440): 	at org.openthos.taskmanager.prevent.framework.SystemHook.doKillNoFather(SystemHook.java:390)
W/System.err( 2440): 	at org.openthos.taskmanager.prevent.framework.SystemHook.access$400(SystemHook.java:53)
W/System.err( 2440): 	at org.openthos.taskmanager.prevent.framework.SystemHook$4.run(SystemHook.java:374)
W/System.err( 2440): 	at java.util.concurrent.Executors$RunnableAdapter.call(Executors.java:422)
W/System.err( 2440): 	at java.util.concurrent.FutureTask.run(FutureTask.java:237)
W/System.err( 2440): 	at java.util.concurrent.ScheduledThreadPoolExecutor$ScheduledFutureTask.access$201(ScheduledThreadPoolExecutor.java:152)
W/System.err( 2440): 	at java.util.concurrent.ScheduledThreadPoolExecutor$ScheduledFutureTask.run(ScheduledThreadPoolExecutor.java:265)
W/System.err( 2440): 	at java.util.concurrent.ThreadPoolExecutor.runWorker(ThreadPoolExecutor.java:1112)
W/System.err( 2440): 	at java.util.concurrent.ThreadPoolExecutor$Worker.run(ThreadPoolExecutor.java:587)
W/System.err( 2440): 	at java.lang.Thread.run(Thread.java:818)
W/System.err( 2440): com.wenming.library.processutil.models.AndroidAppProcess$NotAndroidAppProcessException: The process 4570 does not belong to any application
W/System.err( 2440): 	at com.wenming.library.processutil.models.AndroidAppProcess.<init>(AndroidAppProcess.java:83)
W/System.err( 2440): 	at org.openthos.taskmanager.prevent.framework.SystemHook.doKillNoFather(SystemHook.java:390)
W/System.err( 2440): 	at org.openthos.taskmanager.prevent.framework.SystemHook.access$400(SystemHook.java:53)
W/System.err( 2440): 	at org.openthos.taskmanager.prevent.framework.SystemHook$4.run(SystemHook.java:374)
W/System.err( 2440): 	at java.util.concurrent.Executors$RunnableAdapter.call(Executors.java:422)
W/System.err( 2440): 	at java.util.concurrent.FutureTask.run(FutureTask.java:237)
W/System.err( 2440): 	at java.util.concurrent.ScheduledThreadPoolExecutor$ScheduledFutureTask.access$201(ScheduledThreadPoolExecutor.java:152)
W/System.err( 2440): 	at java.util.concurrent.ScheduledThreadPoolExecutor$ScheduledFutureTask.run(ScheduledThreadPoolExecutor.java:265)
W/System.err( 2440): 	at java.util.concurrent.ThreadPoolExecutor.runWorker(ThreadPoolExecutor.java:1112)
W/System.err( 2440): 	at java.util.concurrent.ThreadPoolExecutor$Worker.run(ThreadPoolExecutor.java:587)
W/System.err( 2440): 	at java.lang.Thread.run(Thread.java:818)
W/System.err( 2440): com.wenming.library.processutil.models.AndroidAppProcess$NotAndroidAppProcessException: The process 4602 does not belong to any application
W/System.err( 2440): 	at com.wenming.library.processutil.models.AndroidAppProcess.<init>(AndroidAppProcess.java:83)
W/System.err( 2440): 	at org.openthos.taskmanager.prevent.framework.SystemHook.doKillNoFather(SystemHook.java:390)
W/System.err( 2440): 	at org.openthos.taskmanager.prevent.framework.SystemHook.access$400(SystemHook.java:53)
W/System.err( 2440): 	at org.openthos.taskmanager.prevent.framework.SystemHook$4.run(SystemHook.java:374)
W/System.err( 2440): 	at java.util.concurrent.Executors$RunnableAdapter.call(Executors.java:422)
W/System.err( 2440): 	at java.util.concurrent.FutureTask.run(FutureTask.java:237)
W/System.err( 2440): 	at java.util.concurrent.ScheduledThreadPoolExecutor$ScheduledFutureTask.access$201(ScheduledThreadPoolExecutor.java:152)
W/System.err( 2440): 	at java.util.concurrent.ScheduledThreadPoolExecutor$ScheduledFutureTask.run(ScheduledThreadPoolExecutor.java:265)
W/System.err( 2440): 	at java.util.concurrent.ThreadPoolExecutor.runWorker(ThreadPoolExecutor.java:1112)
W/System.err( 2440): 	at java.util.concurrent.ThreadPoolExecutor$Worker.run(ThreadPoolExecutor.java:587)
W/System.err( 2440): 	at java.lang.Thread.run(Thread.java:818)
W/System.err( 2440): com.wenming.library.processutil.models.AndroidAppProcess$NotAndroidAppProcessException: The process 4718 does not belong to any application
W/System.err( 2440): 	at com.wenming.library.processutil.models.AndroidAppProcess.<init>(AndroidAppProcess.java:83)
W/System.err( 2440): 	at org.openthos.taskmanager.prevent.framework.SystemHook.doKillNoFather(SystemHook.java:390)
W/System.err( 2440): 	at org.openthos.taskmanager.prevent.framework.SystemHook.access$400(SystemHook.java:53)
W/System.err( 2440): 	at org.openthos.taskmanager.prevent.framework.SystemHook$4.run(SystemHook.java:374)
W/System.err( 2440): 	at java.util.concurrent.Executors$RunnableAdapter.call(Executors.java:422)
W/System.err( 2440): 	at java.util.concurrent.FutureTask.run(FutureTask.java:237)
W/System.err( 2440): 	at java.util.concurrent.ScheduledThreadPoolExecutor$ScheduledFutureTask.access$201(ScheduledThreadPoolExecutor.java:152)
W/System.err( 2440): 	at java.util.concurrent.ScheduledThreadPoolExecutor$ScheduledFutureTask.run(ScheduledThreadPoolExecutor.java:265)
W/System.err( 2440): 	at java.util.concurrent.ThreadPoolExecutor.runWorker(ThreadPoolExecutor.java:1112)
W/System.err( 2440): 	at java.util.concurrent.ThreadPoolExecutor$Worker.run(ThreadPoolExecutor.java:587)
W/System.err( 2440): 	at java.lang.Thread.run(Thread.java:818)
W/System.err( 2440): com.wenming.library.processutil.models.AndroidAppProcess$NotAndroidAppProcessException: The process 5075 does not belong to any application
W/System.err( 2440): 	at com.wenming.library.processutil.models.AndroidAppProcess.<init>(AndroidAppProcess.java:83)
W/System.err( 2440): 	at org.openthos.taskmanager.prevent.framework.SystemHook.doKillNoFather(SystemHook.java:390)
W/System.err( 2440): 	at org.openthos.taskmanager.prevent.framework.SystemHook.access$400(SystemHook.java:53)
W/System.err( 2440): 	at org.openthos.taskmanager.prevent.framework.SystemHook$4.run(SystemHook.java:374)
W/System.err( 2440): 	at java.util.concurrent.Executors$RunnableAdapter.call(Executors.java:422)
W/System.err( 2440): 	at java.util.concurrent.FutureTask.run(FutureTask.java:237)
W/System.err( 2440): 	at java.util.concurrent.ScheduledThreadPoolExecutor$ScheduledFutureTask.access$201(ScheduledThreadPoolExecutor.java:152)
W/System.err( 2440): 	at java.util.concurrent.ScheduledThreadPoolExecutor$ScheduledFutureTask.run(ScheduledThreadPoolExecutor.java:265)
W/System.err( 2440): 	at java.util.concurrent.ThreadPoolExecutor.runWorker(ThreadPoolExecutor.java:1112)
W/System.err( 2440): 	at java.util.concurrent.ThreadPoolExecutor$Worker.run(ThreadPoolExecutor.java:587)
W/System.err( 2440): 	at java.lang.Thread.run(Thread.java:818)
W/System.err( 2440): com.wenming.library.processutil.models.AndroidAppProcess$NotAndroidAppProcessException: The process 5245 does not belong to any application
W/System.err( 2440): 	at com.wenming.library.processutil.models.AndroidAppProcess.<init>(AndroidAppProcess.java:83)
W/System.err( 2440): 	at org.openthos.taskmanager.prevent.framework.SystemHook.doKillNoFather(SystemHook.java:390)
W/System.err( 2440): 	at org.openthos.taskmanager.prevent.framework.SystemHook.access$400(SystemHook.java:53)
W/System.err( 2440): 	at org.openthos.taskmanager.prevent.framework.SystemHook$4.run(SystemHook.java:374)
W/System.err( 2440): 	at java.util.concurrent.Executors$RunnableAdapter.call(Executors.java:422)
W/System.err( 2440): 	at java.util.concurrent.FutureTask.run(FutureTask.java:237)
W/System.err( 2440): 	at java.util.concurrent.ScheduledThreadPoolExecutor$ScheduledFutureTask.access$201(ScheduledThreadPoolExecutor.java:152)
W/System.err( 2440): 	at java.util.concurrent.ScheduledThreadPoolExecutor$ScheduledFutureTask.run(ScheduledThreadPoolExecutor.java:265)
W/System.err( 2440): 	at java.util.concurrent.ThreadPoolExecutor.runWorker(ThreadPoolExecutor.java:1112)
W/System.err( 2440): 	at java.util.concurrent.ThreadPoolExecutor$Worker.run(ThreadPoolExecutor.java:587)
W/System.err( 2440): 	at java.lang.Thread.run(Thread.java:818)
W/System.err( 2440): com.wenming.library.processutil.models.AndroidAppProcess$NotAndroidAppProcessException: The process 5311 does not belong to any application
W/System.err( 2440): 	at com.wenming.library.processutil.models.AndroidAppProcess.<init>(AndroidAppProcess.java:83)
W/System.err( 2440): 	at org.openthos.taskmanager.prevent.framework.SystemHook.doKillNoFather(SystemHook.java:390)
W/System.err( 2440): 	at org.openthos.taskmanager.prevent.framework.SystemHook.access$400(SystemHook.java:53)
W/System.err( 2440): 	at org.openthos.taskmanager.prevent.framework.SystemHook$4.run(SystemHook.java:374)
W/System.err( 2440): 	at java.util.concurrent.Executors$RunnableAdapter.call(Executors.java:422)
W/System.err( 2440): 	at java.util.concurrent.FutureTask.run(FutureTask.java:237)
W/System.err( 2440): 	at java.util.concurrent.ScheduledThreadPoolExecutor$ScheduledFutureTask.access$201(ScheduledThreadPoolExecutor.java:152)
W/System.err( 2440): 	at java.util.concurrent.ScheduledThreadPoolExecutor$ScheduledFutureTask.run(ScheduledThreadPoolExecutor.java:265)
W/System.err( 2440): 	at java.util.concurrent.ThreadPoolExecutor.runWorker(ThreadPoolExecutor.java:1112)
W/System.err( 2440): 	at java.util.concurrent.ThreadPoolExecutor$Worker.run(ThreadPoolExecutor.java:587)
W/System.err( 2440): 	at java.lang.Thread.run(Thread.java:818)
W/System.err( 2440): com.wenming.library.processutil.models.AndroidAppProcess$NotAndroidAppProcessException: The process 5390 does not belong to any application
W/System.err( 2440): 	at com.wenming.library.processutil.models.AndroidAppProcess.<init>(AndroidAppProcess.java:83)
W/System.err( 2440): 	at org.openthos.taskmanager.prevent.framework.SystemHook.doKillNoFather(SystemHook.java:390)
W/System.err( 2440): 	at org.openthos.taskmanager.prevent.framework.SystemHook.access$400(SystemHook.java:53)
W/System.err( 2440): 	at org.openthos.taskmanager.prevent.framework.SystemHook$4.run(SystemHook.java:374)
W/System.err( 2440): 	at java.util.concurrent.Executors$RunnableAdapter.call(Executors.java:422)
W/System.err( 2440): 	at java.util.concurrent.FutureTask.run(FutureTask.java:237)
W/System.err( 2440): 	at java.util.concurrent.ScheduledThreadPoolExecutor$ScheduledFutureTask.access$201(ScheduledThreadPoolExecutor.java:152)
W/System.err( 2440): 	at java.util.concurrent.ScheduledThreadPoolExecutor$ScheduledFutureTask.run(ScheduledThreadPoolExecutor.java:265)
W/System.err( 2440): 	at java.util.concurrent.ThreadPoolExecutor.runWorker(ThreadPoolExecutor.java:1112)
W/System.err( 2440): 	at java.util.concurrent.ThreadPoolExecutor$Worker.run(ThreadPoolExecutor.java:587)
W/System.err( 2440): 	at java.lang.Thread.run(Thread.java:818)
W/System.err( 2440): com.wenming.library.processutil.models.AndroidAppProcess$NotAndroidAppProcessException: The process 5391 does not belong to any application
W/System.err( 2440): 	at com.wenming.library.processutil.models.AndroidAppProcess.<init>(AndroidAppProcess.java:83)
W/System.err( 2440): 	at org.openthos.taskmanager.prevent.framework.SystemHook.doKillNoFather(SystemHook.java:390)
W/System.err( 2440): 	at org.openthos.taskmanager.prevent.framework.SystemHook.access$400(SystemHook.java:53)
W/System.err( 2440): 	at org.openthos.taskmanager.prevent.framework.SystemHook$4.run(SystemHook.java:374)
W/System.err( 2440): 	at java.util.concurrent.Executors$RunnableAdapter.call(Executors.java:422)
W/System.err( 2440): 	at java.util.concurrent.FutureTask.run(FutureTask.java:237)
W/System.err( 2440): 	at java.util.concurrent.ScheduledThreadPoolExecutor$ScheduledFutureTask.access$201(ScheduledThreadPoolExecutor.java:152)
W/System.err( 2440): 	at java.util.concurrent.ScheduledThreadPoolExecutor$ScheduledFutureTask.run(ScheduledThreadPoolExecutor.java:265)
W/System.err( 2440): 	at java.util.concurrent.ThreadPoolExecutor.runWorker(ThreadPoolExecutor.java:1112)
W/System.err( 2440): 	at java.util.concurrent.ThreadPoolExecutor$Worker.run(ThreadPoolExecutor.java:587)
W/System.err( 2440): 	at java.lang.Thread.run(Thread.java:818)
W/System.err( 2440): com.wenming.library.processutil.models.AndroidAppProcess$NotAndroidAppProcessException: The process 5394 does not belong to any application
W/System.err( 2440): 	at com.wenming.library.processutil.models.AndroidAppProcess.<init>(AndroidAppProcess.java:83)
W/System.err( 2440): 	at org.openthos.taskmanager.prevent.framework.SystemHook.doKillNoFather(SystemHook.java:390)
W/System.err( 2440): 	at org.openthos.taskmanager.prevent.framework.SystemHook.access$400(SystemHook.java:53)
W/System.err( 2440): 	at org.openthos.taskmanager.prevent.framework.SystemHook$4.run(SystemHook.java:374)
W/System.err( 2440): 	at java.util.concurrent.Executors$RunnableAdapter.call(Executors.java:422)
W/System.err( 2440): 	at java.util.concurrent.FutureTask.run(FutureTask.java:237)
W/System.err( 2440): 	at java.util.concurrent.ScheduledThreadPoolExecutor$ScheduledFutureTask.access$201(ScheduledThreadPoolExecutor.java:152)
W/System.err( 2440): 	at java.util.concurrent.ScheduledThreadPoolExecutor$ScheduledFutureTask.run(ScheduledThreadPoolExecutor.java:265)
W/System.err( 2440): 	at java.util.concurrent.ThreadPoolExecutor.runWorker(ThreadPoolExecutor.java:1112)
W/System.err( 2440): 	at java.util.concurrent.ThreadPoolExecutor$Worker.run(ThreadPoolExecutor.java:587)
W/System.err( 2440): 	at java.lang.Thread.run(Thread.java:818)
D/Email   ( 3101): Insert: content://com.android.email.provider/body
I/dhcpcd  ( 5075): wlan0: offered 192.168.0.186 from 192.168.0.1
I/dhcpcd  ( 5075): wlan0: acknowledged 192.168.0.186 from 192.168.0.1
I/dhcpcd  ( 5075): wlan0: leased 192.168.0.186 for 86400 seconds
D/Email   ( 3101): Insert: content://com.android.email.provider/message
D/Email   ( 3101): Insert: content://com.android.email.provider/body
D/ConnectivityService( 2440): NetworkAgentInfo [WIFI () - 101] EVENT_NETWORK_INFO_CHANGED, going from CONNECTING to CONNECTED
D/ConnectivityService( 2440): Adding iface wlan0 to network 101
E/WifiStateMachine( 2440): WifiStateMachine CMD_START_SCAN source -2 txSuccessRate=-0.01 rxSuccessRate=-0.01 targetRoamBSSID=a0:63:91:d4:f9:8b RSSI=-46
E/WifiStateMachine( 2440): WifiStateMachine L2Connected CMD_START_SCAN source -2 2, 3 -> obsolete
E/ConnectivityService( 2440): Unexpected mtu value: 0, wlan0
D/ConnectivityService( 2440): Adding Route [fe80::/64 -> :: wlan0] to network 101
D/ConnectivityService( 2440): Adding Route [192.168.0.0/24 -> 0.0.0.0 wlan0] to network 101
D/ConnectivityService( 2440): Adding Route [0.0.0.0/0 -> 192.168.0.1 wlan0] to network 101
D/ConnectivityService( 2440): Setting Dns servers for network 101 to [/192.168.0.1]
D/ConnectivityService( 2440): notifyType IP_CHANGED for NetworkAgentInfo [WIFI () - 101]
D/ConnectivityService( 2440): notifyType PRECHECK for NetworkAgentInfo [WIFI () - 101]
D/ConnectivityService( 2440): rematching NetworkAgentInfo [WIFI () - 101]
D/ConnectivityService( 2440): Reaping NetworkAgentInfo [WIFI () - 101]
D/NetworkMonitor/NetworkAgentInfo [WIFI () - 101]( 2440): DefaultState{ when=0 what=532481 target=com.android.internal.util.StateMachine$SmHandler }
D/NetworkMonitor/NetworkAgentInfo [WIFI () - 101]( 2440): Connected
D/ConnectivityService( 2440): NetworkAgentInfo [WIFI () - 101] got DISCONNECTED, was satisfying 3
D/NetworkMonitor/NetworkAgentInfo [WIFI () - 101]( 2440): EvaluatingState{ when=0 what=532486 arg1=1 target=com.android.internal.util.StateMachine$SmHandler }
D/NetworkMonitor/NetworkAgentInfo [WIFI () - 101]( 2440): Validated
D/WifiNetworkAgent( 2440): NetworkAgent: NetworkAgent channel lost
E/WifiConfigStore( 2440): handleBadNetworkDisconnectReport (+8) 0 SSID: oslab, BSSID: a0:63:91:d4:f9:8b, MAC: e8:b1:fc:a6:07:d4, Supplicant state: COMPLETED, RSSI: -46, Link speed: 400Mbps, Frequency: 5785MHz, Net ID: 0, Metered hint: false, score: 60
I/wpa_supplicant( 3006): wlan0: CTRL-EVENT-DISCONNECTED bssid=a0:63:91:d4:f9:8b reason=3 locally_generated=1
E/WifiStateMachine( 2440): WifiStateMachine: Leaving Connected state
E/WifiConfigStore( 2440): saveWifiConfigBSSID Setting BSSID for "oslab"WPA_PSK to any
D/CommandListener( 2168): Clearing all IP addresses on wlan0
E/Netd    ( 2168): ifc_reset_connections failed on iface wlan0 for address 192.168.0.186/24 (Unknown error -1)
D/ConnectivityService( 2440): notifyType LOST for NetworkAgentInfo [WIFI () - 101]
D/ConnectivityManager.CallbackHandler( 2575): CM callback handler got msg 524292
D/ConnectivityService( 2440): setProvNotificationVisibleIntent: E visible=false networkType=0 extraInfo=null
D/NetworkMonitor/NetworkAgentInfo [WIFI () - 101]( 2440): ValidatedState{ when=-1ms what=532487 target=com.android.internal.util.StateMachine$SmHandler }
D/NetworkMonitor/NetworkAgentInfo [WIFI () - 101]( 2440): DefaultState{ when=-1ms what=532487 target=com.android.internal.util.StateMachine$SmHandler }
D/NetworkMonitor/NetworkAgentInfo [WIFI () - 101]( 2440): Disconnected - quitting
D/ConnectivityManager.CallbackHandler( 4849): CM callback handler got msg 524292
E/Netd    ( 2168): ifc_reset_connections failed on iface wlan0 for address fe80::eab1:fcff:fea6:7d4/64 (Unknown error -1)
D/ConnectivityManager.CallbackHandler( 4849): CM callback handler got msg 524292
E/WifiConfigStore( 2440): saveWifiConfigBSSID Setting BSSID for "oslab"WPA_PSK to any
E/WifiStateMachine( 2440): Start Disconnecting Watchdog 1
D/CommandListener( 2168): Clearing all IP addresses on wlan0
D/Email   ( 3101): Insert: content://com.android.email.provider/message
D/Email   ( 3101): Insert: content://com.android.email.provider/body
D/Email   ( 3101): Insert: content://com.android.email.provider/message
D/Email   ( 3101): Insert: content://com.android.email.provider/body
D/Email   ( 3101): Insert: content://com.android.email.provider/message
D/Email   ( 3101): Insert: content://com.android.email.provider/body
I/GlobalDismissManager( 3960): no sender configured
D/AlertService( 3960): Beginning updateAlertNotification
D/AlertService( 3960): No fired or scheduled alerts
D/AlertService( 3960): Scheduling next alarm with AlarmScheduler. sEventReminderReceived: null
D/AlarmScheduler( 3960): No events found starting within 1 week.
D/AlertService( 3960): 0 Action = android.intent.action.PROVIDER_CHANGED
D/Email   ( 3101): Insert: content://com.android.email.provider/message
D/Email   ( 3101): Insert: content://com.android.email.provider/body
D/Email   ( 3101): Insert: content://com.android.email.provider/message
D/Email   ( 3101): Insert: content://com.android.email.provider/body
D/ConnectivityService( 2440): releasing NetworkRequest NetworkRequest [ id=3, legacyType=-1, [ Capabilities: INTERNET&NOT_RESTRICTED&TRUSTED] ]
D/ConnectivityManager.CallbackHandler( 4849): CM callback handler got msg 524296
W/ActivityManager( 2440): getTasks: caller 10061 does not hold REAL_GET_TASKS; limiting output
W/Settings( 3380): Setting airplane_mode_on has moved from android.provider.Settings.System to android.provider.Settings.Global, returning read-only value.
W/ActivityManager( 2440): getTasks: caller 10061 does not hold REAL_GET_TASKS; limiting output
W/Settings( 3380): Setting airplane_mode_on has moved from android.provider.Settings.System to android.provider.Settings.Global, returning read-only value.
W/ActivityManager( 2440): getTasks: caller 10061 does not hold REAL_GET_TASKS; limiting output
W/Settings( 3380): Setting airplane_mode_on has moved from android.provider.Settings.System to android.provider.Settings.Global, returning read-only value.
W/ActivityManager( 2440): getTasks: caller 10061 does not hold REAL_GET_TASKS; limiting output
W/Settings( 3380): Setting airplane_mode_on has moved from android.provider.Settings.System to android.provider.Settings.Global, returning read-only value.
D/Email   ( 3101): Insert: content://com.android.email.provider/message
D/Email   ( 3101): Insert: content://com.android.email.provider/body
D/Email   ( 3101): Insert: content://com.android.email.provider/message
W/AudioTrack( 2440): AUDIO_OUTPUT_FLAG_FAST denied by client
E/AudioTrack( 2440): AudioTrack::set : Exit
E/BlueZ   ( 3512): bluetoothd connect timeout
E/BluetoothServiceJni( 3512): Error while setting the callbacks: 1
D/BluetoothManagerService( 2440): BluetoothServiceConnection: com.android.bluetooth.btservice.AdapterService
D/BluetoothManagerService( 2440): Message: 40
D/BluetoothManagerService( 2440): MESSAGE_BLUETOOTH_SERVICE_CONNECTED: 1
E/BluetoothManagerService( 2440): IBluetooth.configHciSnoopLog return false
D/BluetoothManagerService( 2440): Calling onBluetoothServiceUp callbacks
D/BluetoothManagerService( 2440): Broadcasting onBluetoothServiceUp() to 8 receivers.
D/BluetoothManagerService( 2440): Message: 200
D/BluetoothManagerService( 2440): MESSAGE_GET_NAME_AND_ADDRESS
D/BluetoothAdapterState( 3512): CURRENT_STATE=OFF, MESSAGE = USER_TURN_ON
D/BluetoothManagerService( 2440): Message: 201
D/BluetoothManagerService( 2440): MESSAGE_SAVE_NAME_AND_ADDRESS
D/BluetoothAdapterProperties( 3512): Setting state to 11
I/BluetoothAdapterState( 3512): Bluetooth adapter state changed: 10-> 11
D/BluetoothBondStateMachine( 3512): make
I/BluetoothBondStateMachine( 3512): StableState(): Entering Off State
I/BluetoothAdapterState( 3512): Entering PendingCommandState State: isTurningOn()=true, isTurningOff()=false
D/BluetoothAdapterService( 3512): getAdapterService() - returning com.android.bluetooth.btservice.AdapterService@f05085
D/HeadsetService( 3512): Received start request. Starting profile...
I/BluetoothHeadsetServiceJni( 3512): classInitNative: succeeds
D/HeadsetStateMachine( 3512): make
D/Email   ( 3101): Insert: content://com.android.email.provider/body
D/HeadsetStateMachine( 3512): max_hf_connections = 1
E/BluetoothHeadsetServiceJni( 3512): Bluetooth module is not loaded
D/HeadsetStateMachine( 3512): Enter Disconnected: -2, size: 0
D/BluetoothAdapterService( 3512): getAdapterService() - returning com.android.bluetooth.btservice.AdapterService@f05085
D/BluetoothA2dp( 2440): Proxy object connected
D/A2dpService( 3512): Received start request. Starting profile...
D/BluetoothA2dp( 2575): Proxy object connected
I/BluetoothAvrcpServiceJni( 3512): classInitNative: succeeds
E/BluetoothAvrcpServiceJni( 3512): Bluetooth module is not loaded
E/RemoteController( 3512): Cannot set synchronization mode on an unregistered RemoteController
I/BluetoothA2dpServiceJni( 3512): classInitNative: succeeds
D/A2dpStateMachine( 3512): make
E/BluetoothA2dpServiceJni( 3512): Bluetooth module is not loaded
D/A2dpStateMachine( 3512): Enter Disconnected: -2
I/BluetoothHidServiceJni( 3512): classInitNative: succeeds
D/BluetoothAdapterService( 3512): getAdapterService() - returning com.android.bluetooth.btservice.AdapterService@f05085
D/BluetoothInputDevice( 2575): Proxy object connected
D/HidService( 3512): Received start request. Starting profile...
E/BluetoothHidServiceJni( 3512): Bluetooth module is not loaded
I/BluetoothHealthServiceJni( 3512): classInitNative: succeeds
D/BluetoothAdapterService( 3512): getAdapterService() - returning com.android.bluetooth.btservice.AdapterService@f05085
D/HealthService( 3512): Received start request. Starting profile...
E/BluetoothHealthServiceJni( 3512): Bluetooth module is not loaded
I/BluetoothPanServiceJni( 3512): classInitNative(L105): succeeds
D/BluetoothAdapterService( 3512): getAdapterService() - returning com.android.bluetooth.btservice.AdapterService@f05085
D/BluetoothPan( 2575): BluetoothPAN Proxy object connected
D/PanService( 3512): Received start request. Starting profile...
D/BluetoothPanServiceJni( 3512): initializeNative(L110): pan
E/BluetoothPanServiceJni( 3512): ## ERROR : initializeNative(L115): Bluetooth module is not loaded##
I/BtGatt.JNI( 3512): classInitNative(L873): classInitNative: Success!
D/BluetoothAdapterService( 3512): getAdapterService() - returning com.android.bluetooth.btservice.AdapterService@f05085
D/BtGatt.DebugUtils( 3512): handleDebugAction() action=null
D/BtGatt.GattService( 3512): Received start request. Starting profile...
D/BtGatt.GattService( 3512): start()
E/BtGatt.JNI( 3512): ERROR: initializeNative(L883): Bluetooth module is not loaded##
D/BluetoothAdapterService( 3512): getAdapterService() - returning com.android.bluetooth.btservice.AdapterService@f05085
D/BtGatt.AdvertiseManager( 3512): advertise manager created
D/BluetoothAdapterService( 3512): getAdapterService() - returning com.android.bluetooth.btservice.AdapterService@f05085
D/BluetoothMapService( 3512): Received start request. Starting profile...
D/BluetoothMap( 2575): Proxy object connected
D/BluetoothMapService( 3512): start()
D/BluetoothMapEmailSettingsLoader( 3512): Found 0 applications
D/BluetoothMapEmailAppObserver( 3512): createReceiver()
D/BluetoothMapEmailAppObserver( 3512): initObservers()
D/BluetoothMapEmailAppObserver( 3512): getEnabledAccountItems()
D/HeadsetStateMachine( 3512): Proxy object connected
D/HeadsetStateMachine( 3512): Disconnected process message: 10, size: 0
D/HeadsetPhoneState( 3512): sendDeviceStateChanged. mService=0 mSignal=0 mRoam=0 mBatteryCharge=5
D/HeadsetStateMachine( 3512): Disconnected process message: 11, size: 0
D/BluetoothAdapterState( 3512): CURRENT_STATE=PENDING, MESSAGE = STARTED, isTurningOn=true, isTurningOff=false
E/BluetoothAdapterState( 3512): Error while turning Bluetooth On
D/BluetoothAdapterProperties( 3512): Setting state to 10
I/BluetoothAdapterState( 3512): Bluetooth adapter state changed: 11-> 10
I/BluetoothAdapterState( 3512): Entering OffState
D/Prevent ( 2440): allow com.google.android.gms to use gms for next service
I/ProcessHook::( 2440): param-->ApplicationInfo{39dd4d94 com.android.providers.contacts}---broadcast
I/ProcessHook::( 2440): param-->ApplicationInfo{39dd4d94 com.android.providers.contacts}---broadcast
I/InputReader( 2440): Reconfiguring input devices.  changes=0x00000010
W/Searchables( 2440): No global search activity found
W/ResourceType( 2575): No package identifier when getting value for resource number 0x00000000
W/PackageManager( 2575): Failure retrieving resources for org.mozilla.fennec_openthos: Resource ID #0x0
W/ResourceType( 2575): No package identifier when getting value for resource number 0x00000000
W/PackageManager( 2575): Failure retrieving resources for com.android.settings: Resource ID #0x0
W/ResourceType( 2575): No package identifier when getting value for resource number 0x00000000
W/PackageManager( 2575): Failure retrieving resources for com.android.calendar: Resource ID #0x0
W/ResourceType( 2575): No package identifier when getting value for resource number 0x00000000
W/PackageManager( 2575): Failure retrieving resources for com.android.camera2: Resource ID #0x0
W/ResourceType( 2575): No package identifier when getting value for resource number 0x00000000
W/PackageManager( 2575): Failure retrieving resources for com.android.email: Resource ID #0x0
W/ResourceType( 2575): No package identifier when getting value for resource number 0x00000000
W/PackageManager( 2575): Failure retrieving resources for org.openthos.filemanager: Resource ID #0x0
W/ResourceType( 2575): No package identifier when getting value for resource number 0x00000000
W/PackageManager( 2575): Failure retrieving resources for org.openthos.ota: Resource ID #0x0
W/ResourceType( 2575): No package identifier when getting value for resource number 0x00000000
W/PackageManager( 2575): Failure retrieving resources for de.k3b.android.androFotoFinder: Resource ID #0x0
W/ResourceType( 2575): No package identifier when getting value for resource number 0x00000000
W/PackageManager( 2575): Failure retrieving resources for org.openthos.soundrecorder: Resource ID #0x0
W/ResourceType( 2575): No package identifier when getting value for resource number 0x00000000
W/PackageManager( 2575): Failure retrieving resources for com.termux: Resource ID #0x0
W/ResourceType( 2575): No package identifier when getting value for resource number 0x00000000
W/PackageManager( 2575): Failure retrieving resources for com.android.calculator2: Resource ID #0x0
W/ResourceType( 2575): No package identifier when getting value for resource number 0x00000000
W/PackageManager( 2575): Failure retrieving resources for org.openthos.editor: Resource ID #0x0
W/ResourceType( 2575): No package identifier when getting value for resource number 0x00000000
W/PackageManager( 2575): Failure retrieving resources for org.mopria.printplugin: Resource ID #0x0
W/ResourceType( 2575): No package identifier when getting value for resource number 0x00000000
W/PackageManager( 2575): Failure retrieving resources for org.openthos.appstore: Resource ID #0x0
W/ResourceType( 2575): No package identifier when getting value for resource number 0x00000000
W/PackageManager( 2575): Failure retrieving resources for org.openthos.taskmanager: Resource ID #0x0
W/ResourceType( 2575): No package identifier when getting value for resource number 0x00000000
W/PackageManager( 2575): Failure retrieving resources for org.videolan.vlc: Resource ID #0x0
I/ActivityManager( 2440): Start proc 5509:android.process.acore/u0a2 for broadcast com.android.providers.contacts/.PackageIntentReceiver
W/ResourceType( 2575): No package identifier when getting value for resource number 0x00000000
W/PackageManager( 2575): Failure retrieving resources for com.netease.cloudmusic: Resource ID #0x0
D/Prevent ( 2440): allow com.google.android.gms to use gms for next service
I/InputReader( 2440): Reconfiguring input devices.  changes=0x00000010
W/Searchables( 2440): No global search activity found
W/ResourceType( 2575): No package identifier when getting value for resource number 0x00000000
W/PackageManager( 2575): Failure retrieving resources for com.tencent.mm: Resource ID #0x0
V/GmsNetworkLocationProvi( 2665): DISABLE
I/GCoreNlp( 2665): shouldConfirmNlp, NLP off. Ensuring opt-in disabled
D/Email   ( 3101): Insert: content://com.android.email.provider/message
D/BackupManagerService( 2440): Received broadcast Intent { act=android.intent.action.PACKAGE_CHANGED dat=package:com.microsoft.office.outlook flg=0x4000010 (has extras) }
W/ResourceType( 2575): No package identifier when getting value for resource number 0x00000000
W/PackageManager( 2575): Failure retrieving resources for cn.wps.moffice_eng: Resource ID #0x0
W/ResourceType( 2575): No package identifier when getting value for resource number 0x00000000
W/PackageManager( 2575): Failure retrieving resources for com.microsoft.office.word: Resource ID #0x0
I/iu.UploadsManager( 3079): End new media; added: 4, uploading: 0, time: 460 ms
W/ResourceType( 2575): No package identifier when getting value for resource number 0x00000000
W/PackageManager( 2575): Failure retrieving resources for com.microsoft.office.excel: Resource ID #0x0
W/ResourceType( 2575): No package identifier when getting value for resource number 0x00000000
W/PackageManager( 2575): Failure retrieving resources for com.microsoft.office.onenote: Resource ID #0x0
D/BackupManagerService( 2440): Received broadcast Intent { act=android.intent.action.PACKAGE_CHANGED dat=package:com.google.android.gms flg=0x4000010 (has extras) }
W/BackupManagerService( 2440): Proposed transport ComponentInfo{com.google.android.gms/com.google.android.gms.backup.BackupTransportService} not whitelisted; ignoring
W/ResourceType( 2575): No package identifier when getting value for resource number 0x00000000
W/PackageManager( 2575): Failure retrieving resources for de.robv.android.xposed.installer: Resource ID #0x0
D/Email   ( 3101): Insert: content://com.android.email.provider/body
W/ResourceType( 2575): No package identifier when getting value for resource number 0x00000000
W/PackageManager( 2575): Failure retrieving resources for com.tencent.mobileqq: Resource ID #0x0
W/ResourceType( 2575): No package identifier when getting value for resource number 0x00000000
W/PackageManager( 2575): Failure retrieving resources for com.github.shadowsocks: Resource ID #0x0
D/StrictMode( 5509): StrictMode policy violation; ~duration=1 ms: android.os.StrictMode$StrictModeDiskReadViolation: policy=31 violation=2
D/StrictMode( 5509): 	at android.os.StrictMode$AndroidBlockGuardPolicy.onReadFromDisk(StrictMode.java:1137)
D/StrictMode( 5509): 	at libcore.io.BlockGuardOs.stat(BlockGuardOs.java:292)
D/StrictMode( 5509): 	at java.io.File.lastModified(File.java:571)
D/StrictMode( 5509): 	at android.content.res.XResources.isFirstLoad(XResources.java:115)
D/StrictMode( 5509): 	at de.robv.android.xposed.XposedInit.cloneToXResources(XposedInit.java:397)
D/StrictMode( 5509): 	at de.robv.android.xposed.XposedInit.access$100(XposedInit.java:63)
D/StrictMode( 5509): 	at de.robv.android.xposed.XposedInit$9.afterHookedMethod(XposedInit.java:327)
D/StrictMode( 5509): 	at de.robv.android.xposed.XposedBridge.handleHookedMethod(XposedBridge.java:374)
D/StrictMode( 5509): 	at android.app.ResourcesManager.getTopLevelResources(<Xposed>)
D/StrictMode( 5509): 	at android.app.ActivityThread.getTopLevelResources(ActivityThread.java:1650)
D/StrictMode( 5509): 	at android.app.LoadedApk.getResources(LoadedApk.java:533)
D/StrictMode( 5509): 	at android.app.ContextImpl.<init>(ContextImpl.java:2287)
D/StrictMode( 5509): 	at android.app.ContextImpl.createPackageContextAsUser(ContextImpl.java:2164)
D/StrictMode( 5509): 	at android.app.ContextImpl.createPackageContext(ContextImpl.java:2148)
D/StrictMode( 5509): 	at android.content.ContextWrapper.createPackageContext(ContextWrapper.java:671)
D/StrictMode( 5509): 	at android.app.ActivityThread.installProvider(ActivityThread.java:4972)
D/StrictMode( 5509): 	at android.app.ActivityThread.installContentProviders(ActivityThread.java:4594)
D/StrictMode( 5509): 	at android.app.ActivityThread.handleBindApplication(ActivityThread.java:4534)
D/StrictMode( 5509): 	at de.robv.android.xposed.XposedBridge.invokeOriginalMethodNative(Native Method)
D/StrictMode( 5509): 	at de.robv.android.xposed.XposedBridge.handleHookedMethod(XposedBridge.java:360)
D/StrictMode( 5509): 	at android.app.ActivityThread.handleBindApplication(<Xposed>)
D/StrictMode( 5509): 	at android.app.ActivityThread.access$1500(ActivityThread.java:151)
D/StrictMode( 5509): 	at android.app.ActivityThread$H.handleMessage(ActivityThread.java:1364)
D/StrictMode( 5509): 	at android.os.Handler.dispatchMessage(Handler.java:102)
D/StrictMode( 5509): 	at android.os.Looper.loop(Looper.java:135)
D/StrictMode( 5509): 	at android.app.ActivityThread.main(ActivityThread.java:5254)
D/StrictMode( 5509): 	at java.lang.reflect.Method.invoke(Native Method)
D/StrictMode( 5509): 	at java.lang.reflect.Method.invoke(Method.java:372)
D/StrictMode( 5509): 	at com.android.internal.os.ZygoteInit$MethodAndArgsCaller.run(ZygoteInit.java:904)
D/StrictMode( 5509): 	at com.android.internal.os.ZygoteInit.main(ZygoteInit.java:699)
D/StrictMode( 5509): 	at de.robv.android.xposed.XposedBridge.main(XposedBridge.java:107)
I/ActivityManager( 2440): Killing 4272:com.microsoft.office.excel/u0a59 (adj 15): empty #17
W/ResourceType( 2575): No package identifier when getting value for resource number 0x00000000
W/PackageManager( 2575): Failure retrieving resources for com.microsoft.office.powerpoint: Resource ID #0x0
W/ResourceType( 2575): No package identifier when getting value for resource number 0x00000000
W/PackageManager( 2575): Failure retrieving resources for com.sohuott.tv.vod: Resource ID #0x0
W/ResourceType( 2575): No package identifier when getting value for resource number 0x00000000
W/PackageManager( 2575): Failure retrieving resources for com.microsoft.office.outlook: Resource ID #0x0
I/ContactLocale( 5509): AddressBook Labels [zh-CN]: [, A, B, C, D, E, F, G, H, I, J, K, L, M, N, O, P, Q, R, S, T, U, V, W, X, Y, Z, Α, Β, Γ, Δ, Ε, Ζ, Η, Θ, Ι, Κ, Λ, Μ, Ν, Ξ, Ο, Π, Ρ, Σ, Τ, Υ, Φ, Χ, Ψ, Ω, , А, Б, В, Г, Д, Ђ, Е, Є, Ж, З, И, І, Ї, Й, Ј, К, Л, Љ, М, Н, Њ, О, П, Р, С, Т, Ћ, У, Ф, Х, Ц, Ч, Џ, Ш, Щ, Ю, Я, , א, ב, ג, ד, ה, ו, ז, ח, ט, י, כ, ל, מ, נ, ס, ע, פ, צ, ק, ר, ש, ת, , ا, ب, ت, ث, ج, ح, خ, د, ذ, ر, ز, س, ش, ص, ض, ط, ظ, ع, غ, ف, ق, ك, ل, م, ن, ه, و, ي, , ก, ข, ฃ, ค, ฅ, ฆ, ง, จ, ฉ, ช, ซ, ฌ, ญ, ฎ, ฏ, ฐ, ฑ, ฒ, ณ, ด, ต, ถ, ท, ธ, น, บ, ป, ผ, ฝ, พ, ฟ, ภ, ม, ย, ร, ฤ, ล, ฦ, ว, ศ, ษ, ส, ห, ฬ, อ, ฮ, , ㄱ, ㄴ, ㄷ, ㄹ, ㅁ, ㅂ, ㅅ, ㅇ, ㅈ, ㅊ, ㅋ, ㅌ, ㅍ, ㅎ, , あ, か, さ, た, な, は, ま, や, ら, わ, #, ]
W/ResourceType( 2575): No package identifier when getting value for resource number 0x00000000
W/PackageManager( 2575): Failure retrieving resources for org.mozilla.fennec_openthos: Resource ID #0x0
W/ResourceType( 2575): No package identifier when getting value for resource number 0x00000000
W/PackageManager( 2575): Failure retrieving resources for com.android.settings: Resource ID #0x0
W/ResourceType( 2575): No package identifier when getting value for resource number 0x00000000
W/PackageManager( 2575): Failure retrieving resources for com.android.calendar: Resource ID #0x0
W/ResourceType( 2575): No package identifier when getting value for resource number 0x00000000
W/PackageManager( 2575): Failure retrieving resources for com.android.camera2: Resource ID #0x0
W/ResourceType( 2575): No package identifier when getting value for resource number 0x00000000
W/PackageManager( 2575): Failure retrieving resources for com.android.email: Resource ID #0x0
W/ResourceType( 2575): No package identifier when getting value for resource number 0x00000000
W/PackageManager( 2575): Failure retrieving resources for org.openthos.filemanager: Resource ID #0x0
W/ResourceType( 2575): No package identifier when getting value for resource number 0x00000000
W/PackageManager( 2575): Failure retrieving resources for org.openthos.ota: Resource ID #0x0
W/ResourceType( 2575): No package identifier when getting value for resource number 0x00000000
W/PackageManager( 2575): Failure retrieving resources for de.k3b.android.androFotoFinder: Resource ID #0x0
W/ResourceType( 2575): No package identifier when getting value for resource number 0x00000000
W/PackageManager( 2575): Failure retrieving resources for org.openthos.soundrecorder: Resource ID #0x0
W/ResourceType( 2575): No package identifier when getting value for resource number 0x00000000
W/PackageManager( 2575): Failure retrieving resources for com.termux: Resource ID #0x0
W/ResourceType( 2575): No package identifier when getting value for resource number 0x00000000
W/PackageManager( 2575): Failure retrieving resources for com.android.calculator2: Resource ID #0x0
W/ResourceType( 2575): No package identifier when getting value for resource number 0x00000000
W/PackageManager( 2575): Failure retrieving resources for org.openthos.editor: Resource ID #0x0
W/ResourceType( 2575): No package identifier when getting value for resource number 0x00000000
W/PackageManager( 2575): Failure retrieving resources for org.mopria.printplugin: Resource ID #0x0
W/ResourceType( 2575): No package identifier when getting value for resource number 0x00000000
W/PackageManager( 2575): Failure retrieving resources for org.openthos.appstore: Resource ID #0x0
W/ResourceType( 2575): No package identifier when getting value for resource number 0x00000000
W/PackageManager( 2575): Failure retrieving resources for org.openthos.taskmanager: Resource ID #0x0
W/ResourceType( 2575): No package identifier when getting value for resource number 0x00000000
W/PackageManager( 2575): Failure retrieving resources for org.videolan.vlc: Resource ID #0x0
W/ResourceType( 2575): No package identifier when getting value for resource number 0x00000000
W/PackageManager( 2575): Failure retrieving resources for com.netease.cloudmusic: Resource ID #0x0
W/ResourceType( 2575): No package identifier when getting value for resource number 0x00000000
W/PackageManager( 2575): Failure retrieving resources for com.tencent.mm: Resource ID #0x0
W/ResourceType( 2575): No package identifier when getting value for resource number 0x00000000
W/PackageManager( 2575): Failure retrieving resources for cn.wps.moffice_eng: Resource ID #0x0
W/ResourceType( 2575): No package identifier when getting value for resource number 0x00000000
W/PackageManager( 2575): Failure retrieving resources for com.microsoft.office.word: Resource ID #0x0
W/ResourceType( 2575): No package identifier when getting value for resource number 0x00000000
W/PackageManager( 2575): Failure retrieving resources for com.microsoft.office.excel: Resource ID #0x0
W/ResourceType( 2575): No package identifier when getting value for resource number 0x00000000
W/PackageManager( 2575): Failure retrieving resources for com.microsoft.office.onenote: Resource ID #0x0
W/ResourceType( 2575): No package identifier when getting value for resource number 0x00000000
W/PackageManager( 2575): Failure retrieving resources for de.robv.android.xposed.installer: Resource ID #0x0
W/ResourceType( 2575): No package identifier when getting value for resource number 0x00000000
W/PackageManager( 2575): Failure retrieving resources for com.tencent.mobileqq: Resource ID #0x0
W/ResourceType( 2575): No package identifier when getting value for resource number 0x00000000
W/PackageManager( 2575): Failure retrieving resources for com.github.shadowsocks: Resource ID #0x0
W/ResourceType( 2575): No package identifier when getting value for resource number 0x00000000
W/PackageManager( 2575): Failure retrieving resources for com.microsoft.office.powerpoint: Resource ID #0x0
W/ResourceType( 2575): No package identifier when getting value for resource number 0x00000000
W/PackageManager( 2575): Failure retrieving resources for com.sohuott.tv.vod: Resource ID #0x0
W/ResourceType( 2575): No package identifier when getting value for resource number 0x00000000
W/PackageManager( 2575): Failure retrieving resources for com.microsoft.office.outlook: Resource ID #0x0
I/AppDiedHook-->( 2440): param :::false0000ProcessRecord{1d46d933 4272:com.microsoft.office.excel/u0a59}
I/ProcessHook::( 2440): param-->ApplicationInfo{354794 com.microsoft.office.word}---broadcast
I/ProcessHook::( 2440): param-->ApplicationInfo{354794 com.microsoft.office.word}---broadcast
D/PackageBroadcastService( 3079): Received broadcast action=android.intent.action.PACKAGE_CHANGED and uri=com.microsoft.office.outlook
I/ActivityManager( 2440): Start proc 5535:com.microsoft.office.word/u0a59 for broadcast com.microsoft.office.word/com.microsoft.android.crosssell.PackageStateReceiver
I/PeopleContactsSync( 3079): CP2 sync disabled
I/Icing   ( 3079): Storage manager: low false usage 1.46MB avail 89.38GB capacity 96.20GB
I/OfficeApplication( 5535): Registering mandatory assets for boot : [officeandroid.odf]
I/MAMInfo ( 5535): MAMInfo initialized. Debug=false, UseTestAgent=false, ManagedDialogDisabled=false, DeprecationDialogDisabled=false, PolicyRequired=false, MultiIdentityEnabled=true, FullBackupContent=true, UseDefaultEnrollment=false, ExceptionOnInit=false
I/MAMComponents( 5535): Not initializing MAM classes because the MDM package is not installed.
I/MAMComponents( 5535): Not initializing MAM classes because the MDM package is not installed.
I/MultiDex( 5535): VM with version 2.1.0 has multidex support
I/MultiDex( 5535): Installing application
I/MultiDex( 5535): VM has multidex support, MultiDex support library is disabled.
E/Icing   ( 3079): Loading extension /data/data/com.google.android.gms/files/libAppDataSearchExt_x86_64.so failed
W/ActivityManager( 2440): getRunningAppProcesses: caller 10059 does not hold REAL_GET_TASKS; limiting output
I/[ACT]:F ( 5535): initialize|context:com.microsoft.office.word.WordApplication@27e0105e|tenantToken:0f7e2d7f1132433b82c0b49a3e7da349-48b984f1-c586-4e69-9a6b-c3cb9597e0bc-7008
I/[ACT]:F ( 5535): initialize|context:com.microsoft.office.word.WordApplication@27e0105e|tenantToken:0f7e2d7f1132433b82c0b49a3e7da349-48b984f1-c586-4e69-9a6b-c3cb9597e0bc-7008|configuration:null
D/c       ( 5535): Cost(prev,now): (Unknown,Unknown)|Type(prev,now): (Unknown, Wifi)|Provider(prev,now): (null,)
V/d       ( 5535): getOsVersion|value:5.1.1
V/d       ( 5535): getOsVersion|value:5.1.1
D/[ACT]:S ( 5535): Registering hardware receiver
D/[ACT]:S ( 5535): Loading the transmission policy
W/AudioTrack( 2440): AUDIO_OUTPUT_FLAG_FAST denied by client
E/AudioTrack( 2440): AudioTrack::set : Exit
W/AudioTrack( 2440): AUDIO_OUTPUT_FLAG_FAST denied by client
E/AudioTrack( 2440): AudioTrack::set : Exit
I/Icing   ( 3079): updateResources: need to parse f{com.google.android.gms}
I/audio_hw_primary( 2173): choose pcmC1D0p for 0
D/[ACT]:W ( 5535): Reading offline kvp file.
V/c       ( 5535): getNetworkCost|value:Unknown
V/a       ( 5535): getPowerSource|value:UNKNOWN
D/[ACT]:ao( 5535): startProcessingWithTransmitCondition : UNMETERED_AC, profile: REAL_TIME
V/d       ( 5535): getAppId|value:
V/af      ( 5535): setAppId|appId: 
V/d       ( 5535): getAppVersion|value:16.0.10325.20043
V/af      ( 5535): setAppVersion|appVersion: 16.0.10325.20043
V/a       ( 5535): getDeviceId|value: d71c2d25fea4ae21
V/af      ( 5535): setDeviceId|deviceId: d71c2d25fea4ae21
V/a       ( 5535): getManufacturer|value: Master Pro
V/af      ( 5535): setDeviceMake|deviceMake: Master Pro
V/a       ( 5535): getModel|value: S6
V/af      ( 5535): setDeviceModel|deviceModel: S6
V/c       ( 5535): getNetworkProvider|value:
V/af      ( 5535): setNetworkProvider|networkProvider: 
V/d       ( 5535): getUserLanguage|value:zh-CN
V/af      ( 5535): setUserLanguage|language: zh-CN
V/d       ( 5535): getUserTimeZone|value:+08:00
V/af      ( 5535): setUserTimeZone|timeZone: +08:00
E/ChinaFeaturesLib( 5535): failed to create chinaFeaturesHelper, ClassNotFoundException
D/TSLTokenProviderImpl( 5535): Init
D/TSLTokenProviderImpl( 5535): Check if this IsTSLDebugMode
D/TokenSharingManager_v1.4.4( 5535): Library works in release mode
I/AMEnrollmentStatusCache( 5535): No MAM enrollment status found.
E/Vold    ( 2164): Failed to find mounted volume for /storage/usb0/Android/data/com.microsoft.office.word/cache/
W/ContextImpl( 5535): Failed to ensure directory: /storage/usb0/Android/data/com.microsoft.office.word/cache
E/Vold    ( 2164): Failed to find mounted volume for /storage/usb1/Android/data/com.microsoft.office.word/cache/
W/ContextImpl( 5535): Failed to ensure directory: /storage/usb1/Android/data/com.microsoft.office.word/cache
W/ActivityManager( 2440): getRunningAppProcesses: caller 10059 does not hold REAL_GET_TASKS; limiting output
E/Vold    ( 2164): Failed to find mounted volume for /storage/usb2/Android/data/com.microsoft.office.word/cache/
W/ContextImpl( 5535): Failed to ensure directory: /storage/usb2/Android/data/com.microsoft.office.word/cache
I/MAMWERetryScheduler( 5535): task thread waiting for tasks.
E/Vold    ( 2164): Failed to find mounted volume for /storage/usb3/Android/data/com.microsoft.office.word/cache/
W/ContextImpl( 5535): Failed to ensure directory: /storage/usb3/Android/data/com.microsoft.office.word/cache
E/Vold    ( 2164): Failed to find mounted volume for /storage/sdcard1/Android/data/com.microsoft.office.word/cache/
W/ContextImpl( 5535): Failed to ensure directory: /storage/sdcard1/Android/data/com.microsoft.office.word/cache
I/MAMWERetryScheduler( 5535): scheduling any necessary enrollment retries at startup; online: false
D/HardwareInformationReceiver( 5535): HardwareInformationReceiver onReceive()|action: android.net.conn.CONNECTIVITY_CHANGE
D/HardwareInformationReceiver( 5535): Received Network Connectivity Change
