12-30 01:59:07.508  1905 13833 D NuPlayerDriver: notifyResetComplete(0xf5963100)
12-30 01:59:07.514  1905  1905 D NuPlayerDriver: start(0xf584eca0)
12-30 01:59:07.514  1905 13840 I GenericSource: start
12-30 01:59:07.528  1905  1905 D NuPlayerDriver: reset(0xf584eca0)
12-30 01:59:07.529  1905 13840 D NuPlayerDriver: notifyResetComplete(0xf584eca0)
12-30 01:59:07.535  1905  2224 D NuPlayerDriver: start(0xf5963040)
12-30 01:59:07.535  1905 13847 I GenericSource: start
12-30 01:59:07.541  1905  2224 D NuPlayerDriver: reset(0xf5963040)
12-30 01:59:07.541  1905 13847 D NuPlayerDriver: notifyResetComplete(0xf5963040)
12-30 01:59:07.548  1905  4232 D NuPlayerDriver: start(0xf5963340)
12-30 01:59:07.548  1905 13854 I GenericSource: start
12-30 01:59:07.561  1905  4232 D NuPlayerDriver: reset(0xf5963340)
12-30 01:59:07.562  1905 13854 D NuPlayerDriver: notifyResetComplete(0xf5963340)
12-30 01:59:07.568  1905  2253 D NuPlayerDriver: start(0xf5963100)
12-30 01:59:07.569  1905 13861 I GenericSource: start
12-30 01:59:07.580  3303 13473 I log_service: [lua|INFO]:@zoo/ResourceManager.lua:addJsonFile | ADD Json File : flash/scenes/homeScene/home.json
12-30 01:59:07.580  3303 13473 I log_service: [lua|INFO]:@zoo/ResourceManager.lua:addJsonFile | ADD Json File : flash/gameguide/guideelem.json
12-30 01:59:07.581  3303 13473 I log_service: [lua|INFO]:@zoo/ResourceManager.lua:addJsonFile | ADD Json File : flash/scenes/flowers/ladybug.json
12-30 01:59:07.581  3303 13473 I log_service: [lua|INFO]:@zoo/ResourceManager.lua:addJsonFile | ADD Json File : flash/scenes/flowers/target_helper.json
12-30 01:59:07.581  3303 13473 I log_service: [lua|INFO]:@zoo/ResourceManager.lua:addJsonFile | ADD Json File : ui/common_ui.json
12-30 01:59:07.581  3303 13473 I log_service: [lua|INFO]:@zoo/ResourceManager.lua:addJsonFile | ADD Json File : ui/panel_game_start.json
12-30 01:59:07.581  3303 13473 I log_service: [lua|INFO]:@zoo/ResourceManager.lua:addJsonFile | ADD Json File : flash/common/properties.json
12-30 01:59:07.581  3303 13473 I log_service: [lua|INFO]:@zoo/ResourceManager.lua:addJsonFile | ADD Json File : flash/scenes/homeScene/homeScene.json
12-30 01:59:07.581  3303 13473 I log_service: [lua|INFO]:@zoo/ResourceManager.lua:addJsonFile | ADD Json File : flash/scenes/homeScene/home_icon.json
12-30 01:59:07.582  3303 13473 I log_service: [lua|INFO]:@zoo/ResourceManager.lua:addJsonFile | ADD Json File : flash/scenes/gamePlaySceneUI/gamePlaySceneUI.json
12-30 01:59:07.582  1905  1905 D NuPlayerDriver: reset(0xf5963220)
12-30 01:59:07.582  1905 13522 D NuPlayerDriver: notifyResetComplete(0xf5963220)
12-30 01:59:07.583  3303 13473 E MediaPlayer: Should have subtitle controller already set
12-30 01:59:07.583  3303  3303 E MediaPlayer: Should have subtitle controller already set
12-30 01:59:07.584  1905  1905 D NuPlayerDriver: start(0xf5963220)
12-30 01:59:07.584  1905  2253 D NuPlayerDriver: reset(0xf5963100)
12-30 01:59:07.584  1905 13868 I GenericSource: start
12-30 01:59:07.584  1905 13861 D NuPlayerDriver: notifyResetComplete(0xf5963100)
12-30 01:59:07.586  1905  2224 D NuPlayerDriver: start(0xf5963400)
12-30 01:59:07.586  1905 13871 I GenericSource: start
12-30 01:59:07.587  3303 13473 D cocos2d-x debug info: cocos2d: padding: 0,0,0,0
12-30 01:59:07.598  1905  2224 D NuPlayerDriver: reset(0xf5963400)
12-30 01:59:07.599  1905 13871 D NuPlayerDriver: notifyResetComplete(0xf5963400)
12-30 01:59:07.610  3303 13473 D cocos2d-x debug info: [LUA] Add touch event handler: 56
12-30 01:59:07.610  3303 13473 D cocos2d-x debug info: cocos2d: padding: 0,0,0,0
12-30 01:59:07.679  3303 13473 D cocos2d-x debug info: [LUA] Add touch event handler: 60
12-30 01:59:07.693  3303 13473 I log_service: [lua|INFO]:@zoo/loader/PreloadingScene.lua:buildAuthUI | auto_test_apk_start_success
12-30 01:59:07.695  3303 13473 D cocos2d-x debug info: [LUA] DEL script schedule 32, entryID: 4
12-30 01:59:07.702  3303 13473 D cocos2d-x debug info: [LUA] DEL script schedule 33, entryID: 5
12-30 01:59:10.487  2172  3084 W ActivityManager: getTasks: caller 10076 does not hold REAL_GET_TASKS; limiting output
12-30 01:59:11.031  1900 13884 W SocketClient: write error (Broken pipe)
12-30 01:59:11.031  1900 13884 W DnsProxyListener: Error writing DNS result to client
12-30 01:59:11.031  1900  2135 E FrameworkListener: read() failed (Connection reset by peer)
12-30 01:59:11.045  3303 13473 E log_service: [lua|ERROR]:
12-30 01:59:11.045  3303 13473 E log_service: ========== index: 1 =============
12-30 01:59:11.045  3303 13473 E log_service: msg:userid should not nil
12-30 01:59:11.045  3303 13473 E log_service: stack traceback:
12-30 01:59:11.045  3303 13473 E log_service: 	hecore/WrapAssert.lua:32: in function 'assert'
12-30 01:59:11.045  3303 13473 E log_service: 	zoo/net/Localhost.lua:135: in function 'getUserLocalKeyByUserID'
12-30 01:59:11.045  3303 13473 E log_service: 	zoo/net/Localhost.lua:142: in function 'readCurrentUserData'
12-30 01:59:11.045  3303 13473 E log_service: 	zoo/data/UserManager.lua:767: in function 'sendOfflineExpiredPropDC'
12-30 01:59:11.045  3303 13473 E log_service: 	zoo/data/UserManager.lua:781: in function 'timePropsFromServer'
12-30 01:59:11.045  3303 13473 E log_service: 	zoo/data/UserManager.lua:329: in function 'initFromLua'
12-30 01:59:11.045  3303 13473 E log_service: 	zoo/data/UserManager.lua:167: in function 'decode'
12-30 01:59:11.045  3303 13473 E log_service: 	zoo/net/LoginLogic.lua:274: in function 'onLoadingError'
12-30 01:59:11.045  3303 13473 E log_service: 	zoo/net/LoginLogic.lua:17: in function 'execute'
12-30 01:59:11.045  3303 13473 E log_service: 	zoo/loader/PreloadingScene.lua:892: in function 'loginOffline'
12-30 01:59:11.045  3303 13473 E log_service: 	zoo/loader/PreloadingScene.lua:727: in function <zoo/loader/PreloadingScene.lua:725>
12-30 01:59:11.045  3303 13473 E log_service: 	hecore/EventDispatcher.lua:145: in function 'dispatchEvent'
12-30 01:59:11.045  3303 13473 E log_service: 	zoo/loader/RegisterNewUserProcessor.lua:14: in function <zoo/loader/RegisterNewUserProcessor.lua:11>
12-30 01:59:11.045  3303 13473 E log_service: 	hecore/EventDispatcher.lua:145: in function 'dispatchEvent'
12-30 01:59:11.045  3303 13473 E log_service: 	zoo/net/Http.lua:555: in funct
12-30 01:59:11.096  3303 13473 I com.happyelements.android.gsp.GspProxy: set game user id=[f7265993dcee5ca7]
12-30 01:59:11.096  3303 13473 I com.happyelements.android.gsp.GspProxy: set game user id=f7265993dcee5ca7
12-30 01:59:11.096  3303  3303 I NotificationService: onStartCommand start,flags=0,startId=4,isStart=true
12-30 01:59:11.102  3303 13473 D cocos2d-x debug info: [LUA] ADD script schedule: 81, entryID: 10
12-30 01:59:11.134  3303  3303 I GcnBroadcastReceiver: onReceive start ... action=null
12-30 01:59:11.134  3303  3303 I GcnBroadcastReceiver: is_open=true,service_type=gcn,sender_id=502050078214,loop_period=300000,push_url=http://gcn.happyelements.cn/apis/l
12-30 01:59:11.134  3303  3303 I GcnBroadcastReceiver: gameUserId=f7265993dcee5ca7,gspAppId=7800105600,gspAppKey=d2516d2ecf89cebde3f13cbfe2e55770
12-30 01:59:11.134  3303  3303 I NotificationService: onStartCommand start,flags=0,startId=5,isStart=true
12-30 01:59:11.156  3303 13473 D cocos2d-x debug info: cocos2d: CCSpriteBatchNode: resizing TextureAtlas capacity from [29] to [40].
12-30 01:59:11.157  3303 13473 D cocos2d-x debug info: cocos2d: CCSpriteBatchNode: resizing TextureAtlas capacity from [40] to [54].
12-30 01:59:11.161  3303 13473 D cocos2d-x debug info: cocos2d: padding: 0,0,0,0
12-30 01:59:11.168  3303 13473 D cocos2d-x debug info: cocos2d: CCSpriteBatchNode: resizing TextureAtlas capacity from [29] to [40].
12-30 01:59:11.171  3303 13473 D cocos2d-x debug info: cocos2d: CCSpriteBatchNode: resizing TextureAtlas capacity from [40] to [54].
12-30 01:59:11.174  3303 13473 D cocos2d-x debug info: cocos2d: CCSpriteBatchNode: resizing TextureAtlas capacity from [54] to [73].
12-30 01:59:11.177  3303 13473 D cocos2d-x debug info: cocos2d: CCSpriteBatchNode: resizing TextureAtlas capacity from [73] to [98].
12-30 01:59:11.178  3303 13473 D cocos2d-x debug info: cocos2d: CCSpriteBatchNode: resizing TextureAtlas capacity from [100] to [134].
12-30 01:59:11.182  3303 13473 D cocos2d-x debug info: cocos2d: CCSpriteBatchNode: resizing TextureAtlas capacity from [134] to [180].
12-30 01:59:11.183  3303 13473 D cocos2d-x debug info: cocos2d: CCSpriteBatchNode: resizing TextureAtlas capacity from [98] to [132].
12-30 01:59:11.188  3303 13473 D cocos2d-x debug info: cocos2d: CCSpriteBatchNode: resizing TextureAtlas capacity from [180] to [241].
12-30 01:59:11.189  3303 13473 D cocos2d-x debug info: cocos2d: CCSpriteBatchNode: resizing TextureAtlas capacity from [132] to [177].
12-30 01:59:11.195  3303 13473 D cocos2d-x debug info: cocos2d: CCSpriteBatchNode: resizing TextureAtlas capacity from [241] to [322].
12-30 01:59:11.196  3303 13473 D cocos2d-x debug info: cocos2d: CCSpriteBatchNode: resizing TextureAtlas capacity from [177] to [237].
12-30 01:59:11.203  3303 13473 D cocos2d-x debug info: cocos2d: CCSpriteBatchNode: resizing TextureAtlas capacity from [322] to [430].
12-30 01:59:11.207  3303 13473 D cocos2d-x debug info: cocos2d: CCSpriteBatchNode: resizing TextureAtlas capacity from [237] to [317].
12-30 01:59:11.212  3303 13473 D cocos2d-x debug info: cocos2d: CCSpriteBatchNode: resizing TextureAtlas capacity from [430] to [574].
12-30 01:59:11.221  3303 13473 D cocos2d-x debug info: cocos2d: CCSpriteBatchNode: resizing TextureAtlas capacity from [317] to [424].
12-30 01:59:11.225  3303 13473 D cocos2d-x debug info: cocos2d: CCSpriteBatchNode: resizing TextureAtlas capacity from [574] to [766].
12-30 01:59:11.239  3303 13473 D cocos2d-x debug info: cocos2d: CCSpriteBatchNode: resizing TextureAtlas capacity from [424] to [566].
12-30 01:59:11.241  3303 13473 D cocos2d-x debug info: cocos2d: CCSpriteBatchNode: resizing TextureAtlas capacity from [766] to [1022].
12-30 01:59:11.264  3303 13473 D cocos2d-x debug info: cocos2d: CCSpriteBatchNode: resizing TextureAtlas capacity from [1022] to [1364].
12-30 01:59:11.264  3303 13473 D cocos2d-x debug info: cocos2d: CCSpriteBatchNode: resizing TextureAtlas capacity from [566] to [756].
12-30 01:59:11.294  3303 13473 D cocos2d-x debug info: cocos2d: CCSpriteBatchNode: resizing TextureAtlas capacity from [1364] to [1820].
12-30 01:59:11.297  3303 13473 D cocos2d-x debug info: cocos2d: CCSpriteBatchNode: resizing TextureAtlas capacity from [756] to [1009].
12-30 01:59:11.334  3303 13473 D cocos2d-x debug info: cocos2d: CCSpriteBatchNode: resizing TextureAtlas capacity from [1820] to [2428].
12-30 01:59:11.341  3303 13473 D cocos2d-x debug info: cocos2d: CCSpriteBatchNode: resizing TextureAtlas capacity from [1009] to [1346].
12-30 01:59:11.388  3303 13473 D cocos2d-x debug info: cocos2d: CCSpriteBatchNode: resizing TextureAtlas capacity from [29] to [40].
12-30 01:59:11.389  3303 13473 D cocos2d-x debug info: cocos2d: CCSpriteBatchNode: resizing TextureAtlas capacity from [40] to [54].
12-30 01:59:11.390  3303 13473 D cocos2d-x debug info: cocos2d: CCSpriteBatchNode: resizing TextureAtlas capacity from [54] to [73].
12-30 01:59:11.392  3303 13473 D cocos2d-x debug info: cocos2d: CCSpriteBatchNode: resizing TextureAtlas capacity from [73] to [98].
12-30 01:59:11.393  3303 13473 D cocos2d-x debug info: cocos2d: CCSpriteBatchNode: resizing TextureAtlas capacity from [98] to [132].
12-30 01:59:11.396  3303 13473 D cocos2d-x debug info: cocos2d: CCSpriteBatchNode: resizing TextureAtlas capacity from [132] to [177].
12-30 01:59:11.399  3303 13473 D cocos2d-x debug info: cocos2d: CCSpriteBatchNode: resizing TextureAtlas capacity from [177] to [237].
12-30 01:59:11.401  3303 13473 D cocos2d-x debug info: cocos2d: padding: 0,0,0,0
12-30 01:59:11.403  3303 13473 D cocos2d-x debug info: cocos2d: padding: 0,0,0,0
12-30 01:59:11.404  3303 13473 W log_service: [lua|WARNING]:In Func @zoo/scenes/component/HomeScene/item/EnergyButton.lua:init | Note: EnergyButton Total Energy Is Hard Coded 30 !
12-30 01:59:11.406  3303 13473 D cocos2d-x debug info: cocos2d: padding: 0,0,0,0
12-30 01:59:11.408  3303 13473 D cocos2d-x debug info: [LUA] ADD script schedule: 2408, entryID: 14
12-30 01:59:11.414  3303 13473 D cocos2d-x debug info: cocos2d: padding: 0,0,0,0
12-30 01:59:11.416  3303 13473 W log_service: [lua|WARNING]:In Func @zoo/scenes/component/HomeScene/item/GoldButton.lua:init | mock gold number !
12-30 01:59:11.416  3303 13473 D cocos2d-x debug info: [LUA] ADD script schedule: 2493, entryID: 19
12-30 01:59:11.422  3303 13473 I log_service: [lua|INFO]:@zoo/scenes/HomeScene.lua:onInit | auto_test_tap_login
12-30 01:59:11.423  3303 13473 D cocos2d-x debug info: [LUA] ADD script schedule: 2532, entryID: 24
12-30 01:59:11.423  3303 13473 D cocos2d-x debug info: [LUA] ADD script schedule: 2533, entryID: 25
12-30 01:59:11.423  3303 13473 D WandoujiaAuthorizeDelegate: isLogin ? openId=null
12-30 01:59:11.424  1900 13886 W SocketClient: write error (Broken pipe)
12-30 01:59:11.424  1900 13886 W DnsProxyListener: Error writing DNS result to client
12-30 01:59:11.424  1900  2135 E FrameworkListener: read() failed (Connection reset by peer)
12-30 01:59:11.428  3303 13473 D cocos2d-x debug info: [LUA] Remove touch event handler: 13
12-30 01:59:11.428  3303 13473 D cocos2d-x debug info: [LUA] Remove touch event handler: 60
12-30 01:59:11.428  3303 13473 D cocos2d-x debug info: [LUA] Remove touch event handler: 56
12-30 01:59:11.429  3303 13473 D account : sdk get default auth
12-30 01:59:11.431  1900 13887 W SocketClient: write error (Broken pipe)
12-30 01:59:11.431  1900 13887 W DnsProxyListener: Error writing DNS result to client
12-30 01:59:11.431  1900  2135 E FrameworkListener: read() failed (Connection reset by peer)
12-30 01:59:11.432  3303 13473 D cocos2d-x debug info: [LUA] ADD script schedule: 2541, entryID: 26
12-30 01:59:11.432  3303 13473 D cocos2d-x debug info: [LUA] ADD script schedule: 2542, entryID: 27
12-30 01:59:11.432  1900 13888 W SocketClient: write error (Broken pipe)
12-30 01:59:11.433  1900 13888 W DnsProxyListener: Error writing DNS result to client
12-30 01:59:11.433  1900  2135 E FrameworkListener: read() failed (Connection reset by peer)
12-30 01:59:11.434  3303 13473 I log_service: [lua|INFO]:@zoo/data/RecallManager.lua:init | RecallManager====init
12-30 01:59:11.445  3303 13473 I log_service: [lua|INFO]:@zoo/data/RecallManager.lua:decode | RecallVO.lastLeaveTime===============>1451372191
12-30 01:59:11.446  3303 13473 I log_service: [lua|INFO]:@zoo/data/RecallManager.lua:decode | RecallVO.lastTopLevel================>1
12-30 01:59:11.446  3303 13473 I log_service: [lua|INFO]:@zoo/data/RecallManager.lua:decode | RecallVO.stayForLastLevel============>0
12-30 01:59:11.446  3303 13473 I log_service: [lua|INFO]:@zoo/data/RecallManager.lua:checkServerRewardState | Warning:RecallManager******get nil recallRewardState from server
12-30 01:59:11.446  3303 13473 I log_service: [lua|INFO]:@zoo/data/RecallManager.lua:getFinalRewardState | RecallManager****currentRewardState=========>0
12-30 01:59:11.448  3303 13473 D cocos2d-x debug info: [LUA] Add touch event handler: 85
12-30 01:59:11.449  3303 13473 D cocos2d-x debug info: [LUA] Add touch event handler: 2374
12-30 01:59:11.455  3303 13473 D cocos2d-x debug info: [LUA] Add touch event handler: 2409
12-30 01:59:11.455  3303 13473 D cocos2d-x debug info: [LUA] Add touch event handler: 2431
12-30 01:59:11.455  3303 13473 D cocos2d-x debug info: [LUA] Add touch event handler: 2472
12-30 01:59:11.456  3303 13473 D cocos2d-x debug info: [LUA] Add touch event handler: 2483
12-30 01:59:11.456  3303 13473 D cocos2d-x debug info: [LUA] Add touch event handler: 2501
12-30 01:59:11.456  3303 13473 D cocos2d-x debug info: [LUA] Add touch event handler: 2510
12-30 01:59:11.456  3303 13473 D cocos2d-x debug info: [LUA] Add touch event handler: 2509
12-30 01:59:11.456  3303 13473 D cocos2d-x debug info: [LUA] Add touch event handler: 2529
12-30 01:59:11.478  3303 13473 D cocos2d-x debug info: [LUA] Remove touch event handler: 84
12-30 01:59:11.485  3303 13473 D cocos2d-x debug info: [LUA] DEL script schedule 2541, entryID: 26
12-30 01:59:11.490  2172  9103 W ActivityManager: getTasks: caller 10076 does not hold REAL_GET_TASKS; limiting output
12-30 01:59:11.533  3303 13473 D cocos2d-x debug info: cocos2d: CCTextureCache: removing unused texture: apk:/resource/skeleton/energy_animation/texture.f570aca4e99614f30a126da75f4c4036.pkm
12-30 01:59:11.533  3303 13473 D cocos2d-x debug info: cocos2d: CCTextureCache: removing unused texture: apk:/resource/fnt/loading_button.64ce5a673888c7aa7f28f30a8fc7d36e.pkm
12-30 01:59:11.533  3303 13473 D cocos2d-x debug info: cocos2d: CCTextureCache: removing unused texture: apk:/resource/fnt/green_button.3cf20fc9a7168f1d1848d7a59dd1a728.pkm
12-30 01:59:11.553  3303 13473 D cocos2d-x debug info: [LUA] DEL script schedule 2533, entryID: 25
12-30 01:59:11.802  3303 13473 D cocos2d-x debug info: [LUA] DEL script schedule 2532, entryID: 24
12-30 01:59:12.132 13889 13889 W linker  : [vdso]: unused DT entry: type 0x6ffffef5 arg 0x160
12-30 01:59:12.492  2172  9214 W ActivityManager: getTasks: caller 10076 does not hold REAL_GET_TASKS; limiting output
12-30 01:59:13.494  2172  2660 W ActivityManager: getTasks: caller 10076 does not hold REAL_GET_TASKS; limiting output
12-30 01:59:14.496  2172  3084 W ActivityManager: getTasks: caller 10076 does not hold REAL_GET_TASKS; limiting output
12-30 01:59:15.499  2172  4162 W ActivityManager: getTasks: caller 10076 does not hold REAL_GET_TASKS; limiting output
12-30 01:59:16.204  3303 13473 D cocos2d-x debug info: cocos2d: padding: 0,0,0,0
12-30 01:59:16.257  3303 13473 D cocos2d-x debug info: cocos2d: padding: 0,0,0,0
12-30 01:59:16.276  3303 13473 W log_service: [lua|WARNING]:In Func @zoo/panel/component/startGamePanel/rankList/RankList.lua:init | use mock data !
12-30 01:59:16.277  3303 13473 W log_service: [lua|WARNING]:In Func @hecore/display/CocosObject.lua:setToParentCenterVertical | this method to get group bounds, is the size in parent space !
12-30 01:59:16.277  3303 13473 W log_service: [lua|WARNING]:In Func @hecore/display/CocosObject.lua:setToParentCenterVertical | this method to get group bounds, is the size in parent space !
12-30 01:59:16.278  3303 13473 W log_service: [lua|WARNING]:In Func @hecore/display/CocosObject.lua:setToParentCenterVertical | this method to get group bounds, is the size in parent space !
12-30 01:59:16.279  3303 13473 W log_service: [lua|WARNING]:In Func @hecore/display/CocosObject.lua:setToParentCenterVertical | this method to get group bounds, is the size in parent space !
12-30 01:59:16.279  3303 13473 W log_service: [lua|WARNING]:In Func @zoo/panel/component/startGamePanel/rankList/RankListCache.lua: | comment on send get level top message failed code !
12-30 01:59:16.285  3303 13473 W log_service: [lua|WARNING]:In Func @zoo/config/ui/StartGamePanelConfig.lua:topPanelExpanY | because rank list panel has use table view, so can't use the getGroupBounds() function ! hard coded the rankList height
12-30 01:59:16.287  3303 13473 D cocos2d-x debug info: [LUA] Add touch event handler: 2743
12-30 01:59:16.290  3303 13473 D cocos2d-x debug info: [LUA] Add touch event handler: 2739
12-30 01:59:16.290  3303 13473 D cocos2d-x debug info: [LUA] Add touch event handler: 2730
12-30 01:59:16.290  3303 13473 D cocos2d-x debug info: [LUA] Add touch event handler: 2732
12-30 01:59:16.290  3303 13473 D cocos2d-x debug info: [LUA] Add touch event handler: 2637
12-30 01:59:16.290  3303 13473 D cocos2d-x debug info: [LUA] ADD script schedule: 2750, entryID: 38
12-30 01:59:16.290  3303 13473 D cocos2d-x debug info: [LUA] Add touch event handler: 2678
12-30 01:59:16.290  3303 13473 D cocos2d-x debug info: [LUA] Add touch event handler: 2677
12-30 01:59:16.291  3303 13473 D cocos2d-x debug info: [LUA] Add touch event handler: 2676
12-30 01:59:16.291  3303 13473 D cocos2d-x debug info: [LUA] Add touch event handler: 2675
12-30 01:59:16.291  3303 13473 D cocos2d-x debug info: [LUA] Add touch event handler: 2679
12-30 01:59:16.293  3303 13473 D cocos2d-x debug info: [LUA] ADD script schedule: 2762, entryID: 39
12-30 01:59:16.294  1905  2253 D NuPlayerDriver: start(0xf5963100)
12-30 01:59:16.294  1905 13891 I GenericSource: start
12-30 01:59:16.299  1905  2253 D NuPlayerDriver: reset(0xf5963100)
12-30 01:59:16.299  1905 13891 D NuPlayerDriver: notifyResetComplete(0xf5963100)
12-30 01:59:16.299  3303  3303 W AudioTrack: AUDIO_OUTPUT_FLAG_FAST denied by client
12-30 01:59:16.454  3303 13473 D cocos2d-x debug info: [LUA] DEL script schedule 2762, entryID: 39
12-30 01:59:16.501  2172  9103 W ActivityManager: getTasks: caller 10076 does not hold REAL_GET_TASKS; limiting output
12-30 01:59:17.140  3303 13473 I log_service: [lua|INFO]:@zoo/panel/StartGamePanel.lua:animFinishCallback | auto_test_tap_level
12-30 01:59:17.145 13899 13899 W linker  : [vdso]: unused DT entry: type 0x6ffffef5 arg 0x160
12-30 01:59:17.438  1900 13900 W SocketClient: write error (Broken pipe)
12-30 01:59:17.438  1900 13900 W DnsProxyListener: Error writing DNS result to client
12-30 01:59:17.438  1900  2135 E FrameworkListener: read() failed (Connection reset by peer)
12-30 01:59:17.438  3303 13511 I log_service: [doPostData|INFO]:dc call error, http_code: 0, error_code: 6, error_msg: Couldn't resolve host name, content: 
12-30 01:59:17.438  3303 13511 I log_service: 
12-30 01:59:17.481  1900 13901 W SocketClient: write error (Broken pipe)
12-30 01:59:17.481  1900 13901 W DnsProxyListener: Error writing DNS result to client
12-30 01:59:17.481  1900  2135 E FrameworkListener: read() failed (Connection reset by peer)
12-30 01:59:17.482  3303 13511 I log_service: [doPostData|INFO]:dc call error, http_code: 0, error_code: 6, error_msg: Couldn't resolve host name, content: 
12-30 01:59:17.482  3303 13511 I log_service: 
12-30 01:59:17.503  2172  3084 W ActivityManager: getTasks: caller 10076 does not hold REAL_GET_TASKS; limiting output
12-30 01:59:18.506  2172  9103 W ActivityManager: getTasks: caller 10076 does not hold REAL_GET_TASKS; limiting output
12-30 01:59:19.238  2172  7767 W ActivityManager: getRunningAppProcesses: caller 10052 does not hold REAL_GET_TASKS; limiting output
12-30 01:59:19.508  2172  3084 W ActivityManager: getTasks: caller 10076 does not hold REAL_GET_TASKS; limiting output
12-30 01:59:19.771  3303 13473 I log_service: [lua|INFO]:@zoo/data/RecallManager.lua:checkServerRewardState | Warning:RecallManager******get nil recallRewardState from server
12-30 01:59:19.771  3303 13473 I log_service: [lua|INFO]:@zoo/data/RecallManager.lua:getFinalRewardState | RecallManager****currentRewardState=========>0
12-30 01:59:19.771  3303 13473 I log_service: [lua|INFO]:@zoo/data/RecallManager.lua:checkServerRewardState | Warning:RecallManager******get nil recallRewardState from server
12-30 01:59:19.771  3303 13473 I log_service: [lua|INFO]:@zoo/data/RecallManager.lua:getFinalRewardState | RecallManager****currentRewardState=========>0
12-30 01:59:19.771  3303 13473 I log_service: [lua|INFO]:@zoo/data/RecallManager.lua:checkServerRewardState | Warning:RecallManager******get nil recallRewardState from server
12-30 01:59:19.771  3303 13473 I log_service: [lua|INFO]:@zoo/data/RecallManager.lua:getFinalRewardState | RecallManager****currentRewardState=========>0
12-30 01:59:19.780  3303 13473 D cocos2d-x debug info: [LUA] ADD script schedule: 2774, entryID: 40
12-30 01:59:19.782  1905  1905 D NuPlayerDriver: start(0xf584ed60)
12-30 01:59:19.782  1905 13902 I GenericSource: start
12-30 01:59:19.788  1905  1905 D NuPlayerDriver: reset(0xf584ed60)
12-30 01:59:19.788  1905 13902 D NuPlayerDriver: notifyResetComplete(0xf584ed60)
12-30 01:59:19.789  3303  3303 W AudioTrack: AUDIO_OUTPUT_FLAG_FAST denied by client
12-30 01:59:19.901  3303 13473 D cocos2d-x debug info: [LUA] DEL script schedule 2774, entryID: 40
12-30 01:59:20.284  3303 13473 D cocos2d-x debug info: [LUA] ADD script schedule: 2791, entryID: 41
12-30 01:59:20.287  1905  1905 D NuPlayerDriver: start(0xf584ed60)
12-30 01:59:20.287  1905 13910 I GenericSource: start
12-30 01:59:20.299  1905  1905 D NuPlayerDriver: reset(0xf584ed60)
12-30 01:59:20.299  1905 13910 D NuPlayerDriver: notifyResetComplete(0xf584ed60)
12-30 01:59:20.299  3303  3303 W AudioTrack: AUDIO_OUTPUT_FLAG_FAST denied by client
12-30 01:59:20.411  3303 13473 D cocos2d-x debug info: [LUA] DEL script schedule 2791, entryID: 41
12-30 01:59:20.510  2172  3084 W ActivityManager: getTasks: caller 10076 does not hold REAL_GET_TASKS; limiting output
12-30 01:59:20.514  3303 13473 D cocos2d-x debug info: [LUA] Remove touch event handler: 2739
12-30 01:59:20.514  3303 13473 D cocos2d-x debug info: [LUA] Remove touch event handler: 2730
12-30 01:59:20.515  3303 13473 D cocos2d-x debug info: [LUA] Remove touch event handler: 2732
12-30 01:59:20.516  3303 13473 D cocos2d-x debug info: [LUA] Remove touch event handler: 2743
12-30 01:59:20.517  3303 13473 W log_service: [lua|WARNING]:In Func @zoo/scenes/GamePlaySceneUI.lua:init | use MetaModel, replace it with MetaManager !
12-30 01:59:20.520  3303 13473 D cocos2d-x debug info: cocos2d: CCSpriteBatchNode: resizing TextureAtlas capacity from [29] to [40].
12-30 01:59:20.522  3303 13473 D cocos2d-x debug info: cocos2d: padding: 0,0,0,0
12-30 01:59:20.527  3303 13473 D cocos2d-x debug info: cocos2d: padding: 0,0,0,0
12-30 01:59:20.533  3303 13473 I log_service: [lua|INFO]:@zoo/gamePlay/GameBoardLogic.lua:initByConfig | GameBoardLogic:initByConfig level 1
12-30 01:59:20.545  3303 13473 D cocos2d-x debug info: [LUA] ADD script schedule: 3026, entryID: 49
12-30 01:59:20.545  3303 13473 I log_service: [lua|INFO]:@zoo/scenes/GamePlayScene.lua:onInit | auto_test_enter_play_scene
12-30 01:59:20.548  3303 13473 D cocos2d-x debug info: cocos2d: padding: 0,0,0,0
12-30 01:59:20.568  3303 13473 D cocos2d-x debug info: [LUA] ADD script schedule: 3358, entryID: 52
12-30 01:59:20.568  3303 13473 D cocos2d-x debug info: [LUA] Remove touch event handler: 2679
12-30 01:59:20.568  3303 13473 D cocos2d-x debug info: [LUA] Remove touch event handler: 2675
12-30 01:59:20.568  3303 13473 D cocos2d-x debug info: [LUA] Remove touch event handler: 2676
12-30 01:59:20.568  3303 13473 D cocos2d-x debug info: [LUA] Remove touch event handler: 2677
12-30 01:59:20.569  3303 13473 D cocos2d-x debug info: [LUA] Remove touch event handler: 2678
12-30 01:59:20.569  3303 13473 D cocos2d-x debug info: [LUA] Remove touch event handler: 2637
12-30 01:59:20.569  3303 13473 D cocos2d-x debug info: [LUA] DEL script schedule 2750, entryID: 38
12-30 01:59:20.580  1905  2253 D NuPlayerDriver: reset(0xf5963220)
12-30 01:59:20.581  1905 13868 D NuPlayerDriver: notifyResetComplete(0xf5963220)
12-30 01:59:20.582  3303 13473 E MediaPlayer: Should have subtitle controller already set
12-30 01:59:20.582  3303  3303 E MediaPlayer: Should have subtitle controller already set
12-30 01:59:20.582  1905  4232 D NuPlayerDriver: reset(0xf584eca0)
12-30 01:59:20.582  1905 13918 D NuPlayerDriver: notifyResetComplete(0xf584eca0)
12-30 01:59:20.583  3303 13473 E MediaPlayer: Should have subtitle controller already set
12-30 01:59:20.583  3303  3303 E MediaPlayer: Should have subtitle controller already set
12-30 01:59:20.583  1905  1905 D NuPlayerDriver: start(0xf584ee80)
12-30 01:59:20.583  1905 13920 I GenericSource: start
12-30 01:59:20.585  3303 13473 D cocos2d-x debug info: cocos2d: CCSpriteBatchNode: resizing TextureAtlas capacity from [29] to [40].
12-30 01:59:20.585  3303 13473 D cocos2d-x debug info: cocos2d: CCSpriteBatchNode: resizing TextureAtlas capacity from [40] to [54].
12-30 01:59:20.586  3303 13473 D cocos2d-x debug info: cocos2d: CCSpriteBatchNode: resizing TextureAtlas capacity from [54] to [73].
12-30 01:59:20.587  3303 13473 D cocos2d-x debug info: cocos2d: padding: 0,0,0,0
12-30 01:59:20.590  3303 13473 D cocos2d-x debug info: cocos2d: padding: 0,0,0,0
12-30 01:59:20.595  3303 13473 D cocos2d-x debug info: [LUA] Add touch event handler: 2800
12-30 01:59:20.595  3303 13473 D cocos2d-x debug info: [LUA] Add touch event handler: 2860
12-30 01:59:20.595  3303 13473 D cocos2d-x debug info: [LUA] Add touch event handler: 2877
12-30 01:59:20.595  3303 13473 D cocos2d-x debug info: [LUA] Add touch event handler: 2882
12-30 01:59:20.595  3303 13473 D cocos2d-x debug info: [LUA] Add touch event handler: 3025
12-30 01:59:20.595  3303 13473 D cocos2d-x debug info: [LUA] Add touch event handler: 3037
12-30 01:59:20.595  3303 13473 D cocos2d-x debug info: [LUA] Add touch event handler: 3457
12-30 01:59:20.595  3303 13473 D cocos2d-x debug info: [LUA] Add touch event handler: 3419
12-30 01:59:20.595  3303 13473 D cocos2d-x debug info: [LUA] Add touch event handler: 3356
12-30 01:59:20.597  3303 13473 D cocos2d-x debug info: [LUA] Remove touch event handler: 2881
12-30 01:59:20.597  3303 13473 D cocos2d-x debug info: [LUA] Remove touch event handler: 2799
12-30 01:59:20.869  3303 13473 D cocos2d-x debug info: [LUA] DEL script schedule 3358, entryID: 52
12-30 01:59:20.981  4134  4134 V xiaomi  : [Thread:1] Service called on timer
12-30 01:59:21.511  2172  2662 W ActivityManager: getTasks: caller 10076 does not hold REAL_GET_TASKS; limiting output
12-30 01:59:21.516  3303 13473 D cocos2d-x debug info: [LUA] DEL script schedule 2542, entryID: 27
12-30 01:59:22.158 13927 13927 W linker  : [vdso]: unused DT entry: type 0x6ffffef5 arg 0x160
12-30 01:59:22.514  2172  2192 W ActivityManager: getTasks: caller 10076 does not hold REAL_GET_TASKS; limiting output
12-30 01:59:22.671  3303  4460 I NotificationService: receiveNotification start...
12-30 01:59:22.671  3303  4460 D NotificationService: paraStr={u=f7265993dcee5ca7, a=7800105600, s=598a63f3e9, t=1451440762}
12-30 01:59:23.516  2172  7767 W ActivityManager: getTasks: caller 10076 does not hold REAL_GET_TASKS; limiting output
12-30 01:59:24.518  2172  2514 W ActivityManager: getTasks: caller 10076 does not hold REAL_GET_TASKS; limiting output
12-30 01:59:25.116  3303 13473 D cocos2d-x debug info: [LUA] Remove touch event handler: 3457
12-30 01:59:25.521  2172  4161 W ActivityManager: getTasks: caller 10076 does not hold REAL_GET_TASKS; limiting output
12-30 01:59:25.562  3303 13473 D cocos2d-x debug info: cocos2d: padding: 0,0,0,0
12-30 01:59:25.639  3303 13473 D cocos2d-x debug info: cocos2d: CCSpriteBatchNode: resizing TextureAtlas capacity from [29] to [40].
12-30 01:59:25.681  3303 13473 D cocos2d-x debug info: [LUA] Add touch event handler: 3517
12-30 01:59:25.681  3303 13473 D cocos2d-x debug info: [LUA] Add touch event handler: 3540
12-30 01:59:25.681  3303 13473 D cocos2d-x debug info: [LUA] Remove touch event handler: 3356
12-30 01:59:25.689  3303 13473 D cocos2d-x debug info: [LUA] ADD script schedule: 3542, entryID: 57
12-30 01:59:25.689  3303 13473 D cocos2d-x debug info: [LUA] ADD script schedule: 3543, entryID: 58
12-30 01:59:25.689  3303 13473 D cocos2d-x debug info: [LUA] ADD script schedule: 3544, entryID: 59
12-30 01:59:25.689  3303 13473 D cocos2d-x debug info: [LUA] ADD script schedule: 3545, entryID: 60
12-30 01:59:26.524  2172  9103 W ActivityManager: getTasks: caller 10076 does not hold REAL_GET_TASKS; limiting output
12-30 01:59:27.170 13930 13930 W linker  : [vdso]: unused DT entry: type 0x6ffffef5 arg 0x160
12-30 01:59:27.526  2172  7767 W ActivityManager: getTasks: caller 10076 does not hold REAL_GET_TASKS; limiting output
12-30 01:59:27.957  2172  2197 I ActivityManager: Start proc 13931:com.rovio.baba.kunlun.wdj/u0a60 for service com.rovio.baba.kunlun.wdj/com.wandoujia.mariosdk.plugin.api.WandouPluginService
12-30 01:59:27.972 13931 13931 I ActivityThread: Switching default density from 160 to 240
12-30 01:59:27.991 13931 13931 V PluginFrameworkInitor: need install plugins:[]
12-30 01:59:27.991 13931 13931 I System.out: start plugin is = mario-sdk-plugin
12-30 01:59:27.991 13931 13931 V ContextClassLoaderUtility: doing inject, paths:[/data/data/com.rovio.baba.kunlun.wdj/files/plugins/mario-sdk-plugin.apk]
12-30 01:59:28.006 13955 13955 W linker  : [vdso]: unused DT entry: type 0x6ffffef5 arg 0x160
12-30 01:59:28.009 13931 13957 W System.err: java.io.FileNotFoundException: /data/local/tmp/.wdj_config/.udid: open failed: ENOENT (No such file or directory)
12-30 01:59:28.009 13931 13957 W System.err: 	at libcore.io.IoBridge.open(IoBridge.java:456)
12-30 01:59:28.009 13931 13957 W System.err: 	at java.io.FileOutputStream.<init>(FileOutputStream.java:87)
12-30 01:59:28.009 13931 13957 W System.err: 	at java.io.FileOutputStream.<init>(FileOutputStream.java:72)
12-30 01:59:28.009 13931 13957 W System.err: 	at java.io.FileWriter.<init>(FileWriter.java:42)
12-30 01:59:28.009 13931 13957 W System.err: 	at o.vi.run(:257)
12-30 01:59:28.009 13931 13957 W System.err: 	at java.lang.Thread.run(Thread.java:818)
12-30 01:59:28.009 13931 13957 W System.err: Caused by: android.system.ErrnoException: open failed: ENOENT (No such file or directory)
12-30 01:59:28.010 13931 13957 W System.err: 	at libcore.io.Posix.open(Native Method)
12-30 01:59:28.010 13931 13957 W System.err: 	at libcore.io.BlockGuardOs.open(BlockGuardOs.java:186)
12-30 01:59:28.010 13931 13957 W System.err: 	at libcore.io.IoBridge.open(IoBridge.java:442)
12-30 01:59:28.010 13931 13957 W System.err: 	... 5 more
12-30 01:59:28.010 13959 13959 W linker  : [vdso]: unused DT entry: type 0x6ffffef5 arg 0x160
12-30 01:59:28.023 13931 13964 D account : cost time = 3
12-30 01:59:28.026  2172  7767 W ActivityManager: getRunningAppProcesses: caller 10060 does not hold REAL_GET_TASKS; limiting output
12-30 01:59:28.027 13931 13931 I Wandoujia-PaySdk_GameApi: init,100029127
12-30 01:59:28.027 13931 13931 D Wandoujia-PaySdk_LocalStorage: LocalStorage init, id: 100029127
12-30 01:59:28.027 13931 13931 D LocalStorage: New LocalStorage -- AppID: 100029127
12-30 01:59:28.028 13931 13931 D account : sdk get default auth
12-30 01:59:28.031  2172  4162 W ActivityManager: getRunningAppProcesses: caller 10060 does not hold REAL_GET_TASKS; limiting output
12-30 01:59:28.033 13931 13973 D HTTP    : http://mario.sdk.wandoujia.com/api/v1/game/app/get?content=%7B%22uid%22%3A%22%22%2C%22udid%22%3A%22ec08a023f8264a6bb502341cf19b4e8a8acc6d34%22%2C%22gameVersionName%22%3A%222.4.1%22%2C%22gameVersionCode%22%3A%22440%22%2C%22sdkVersion%22%3A%224.0.0%22%2C%22appkey%22%3A100029127%2C%22sdkBaseVersion%22%3A%224.0.0.0%22%7D&sign=a994d4b53013496f2ad04f5131f34e01
12-30 01:59:28.034 13931 13972 D HTTP    : http://mario.sdk.wandoujia.com/api/v1/game/profile?content=%7B%22ffFunctionOptions%22%3A%7B%22needHasScreenshot%22%3Atrue%7D%2C%22appkey%22%3A100029127%2C%22gameVersionCode%22%3A%22440%22%2C%22gameVersionName%22%3A%222.4.1%22%2C%22sdkVersion%22%3A%224.0.0%22%2C%22udid%22%3A%22ec08a023f8264a6bb502341cf19b4e8a8acc6d34%22%7D&sign=287f32d9de6ef97fc708217d2cf08693
12-30 01:59:28.175 13931 13931 F libc    : Fatal signal 11 (SIGSEGV), code 2, fault addr 0xf3670000 in tid 13931 (baba.kunlun.wdj)
12-30 01:59:28.175 13931 13931 I libc    : Suppressing debuggerd output because prctl(PR_GET_DUMPABLE)==0
12-30 01:59:28.176  1909  1909 I Zygote  : Process 13931 exited due to signal (11)
12-30 01:59:28.185  2172  2660 I ActivityManager: Process com.rovio.baba.kunlun.wdj (pid 13931) has died
12-30 01:59:28.185  2172  2660 W ActivityManager: Canceling start item Intent { act=com.wandoujia.mariosdk.plugin.apk.push cmp=com.rovio.baba.kunlun.wdj/com.wandoujia.mariosdk.plugin.api.WandouPluginService } in service ComponentInfo{com.rovio.baba.kunlun.wdj/com.wandoujia.mariosdk.plugin.api.WandouPluginService}
12-30 01:59:28.185  2172  2660 W ActivityManager: Canceling start item Intent { cmp=com.rovio.baba.kunlun.wdj/com.wandoujia.mariosdk.plugin.api.WandouPluginService } in service ComponentInfo{com.rovio.baba.kunlun.wdj/com.wandoujia.mariosdk.plugin.api.WandouPluginService}
12-30 01:59:28.185  2172  2660 W ActivityManager: Scheduling restart of crashed service com.rovio.baba.kunlun.wdj/com.wandoujia.mariosdk.plugin.api.WandouPluginService in 1024000ms
12-30 01:59:28.528  2172  4161 W ActivityManager: getTasks: caller 10076 does not hold REAL_GET_TASKS; limiting output
12-30 01:59:28.702  3303 13473 D cocos2d-x debug info: [LUA] ADD script schedule: 3570, entryID: 61
12-30 01:59:28.717  3303 13473 D cocos2d-x debug info: [LUA] DEL script schedule 3545, entryID: 60
12-30 01:59:28.999  2172  2660 W ActivityManager: getRunningAppProcesses: caller 10064 does not hold REAL_GET_TASKS; limiting output
12-30 01:59:29.529  2172  2191 W ActivityManager: getTasks: caller 10076 does not hold REAL_GET_TASKS; limiting output
12-30 01:59:30.532  2172  2334 W ActivityManager: getTasks: caller 10076 does not hold REAL_GET_TASKS; limiting output
12-30 01:59:31.514  1900 13989 W SocketClient: write error (Broken pipe)
12-30 01:59:31.514  1900 13989 W DnsProxyListener: Error writing DNS result to client
12-30 01:59:31.514  1900  2135 E FrameworkListener: read() failed (Connection reset by peer)
12-30 01:59:31.515  3303 13511 I log_service: [doPostData|INFO]:dc call error, http_code: 0, error_code: 6, error_msg: Couldn't resolve host name, content: 
12-30 01:59:31.515  3303 13511 I log_service: 
12-30 01:59:31.533  2172  9103 W ActivityManager: getTasks: caller 10076 does not hold REAL_GET_TASKS; limiting output
12-30 01:59:31.553  1900 13990 W SocketClient: write error (Broken pipe)
12-30 01:59:31.553  1900  2135 E FrameworkListener: read() failed (Connection reset by peer)
12-30 01:59:31.553  1900 13990 W DnsProxyListener: Error writing DNS result to client
12-30 01:59:31.554  3303 13511 I log_service: [doPostData|INFO]:dc call error, http_code: 0, error_code: 6, error_msg: Couldn't resolve host name, content: 
12-30 01:59:31.554  3303 13511 I log_service: 
12-30 01:59:32.195 13991 13991 W linker  : [vdso]: unused DT entry: type 0x6ffffef5 arg 0x160
12-30 01:59:32.536  2172  2191 W ActivityManager: getTasks: caller 10076 does not hold REAL_GET_TASKS; limiting output
12-30 01:59:33.539  2172  9103 W ActivityManager: getTasks: caller 10076 does not hold REAL_GET_TASKS; limiting output
12-30 01:59:34.056  2172  2218 I ActivityManager: Start proc 13992:com.rovio.baba.kunlun.wdj/u0a60 for service com.rovio.baba.kunlun.wdj/com.wandoujia.mariosdk.plugin.api.WandouPluginService
12-30 01:59:34.065  1909  1909 I art     : Explicit concurrent mark sweep GC freed 709(30KB) AllocSpace objects, 0(0B) LOS objects, 40% free, 1904KB/3MB, paused 141us total 9.810ms
12-30 01:59:34.070 13992 13992 I ActivityThread: Switching default density from 160 to 240
12-30 01:59:34.075  1909  1909 I art     : Explicit concurrent mark sweep GC freed 5(160B) AllocSpace objects, 0(0B) LOS objects, 40% free, 1904KB/3MB, paused 90us total 9.034ms
12-30 01:59:34.082  1909  1909 I art     : Explicit concurrent mark sweep GC freed 5(160B) AllocSpace objects, 0(0B) LOS objects, 40% free, 1904KB/3MB, paused 106us total 6.463ms
12-30 01:59:34.083 13992 13992 V PluginFrameworkInitor: need install plugins:[]
12-30 01:59:34.083 13992 13992 I System.out: start plugin is = mario-sdk-plugin
12-30 01:59:34.083 13992 13992 V ContextClassLoaderUtility: doing inject, paths:[/data/data/com.rovio.baba.kunlun.wdj/files/plugins/mario-sdk-plugin.apk]
12-30 01:59:34.097 14016 14016 W linker  : [vdso]: unused DT entry: type 0x6ffffef5 arg 0x160
12-30 01:59:34.101 13992 14018 W System.err: java.io.FileNotFoundException: /data/local/tmp/.wdj_config/.udid: open failed: ENOENT (No such file or directory)
12-30 01:59:34.102 13992 14018 W System.err: 	at libcore.io.IoBridge.open(IoBridge.java:456)
12-30 01:59:34.102 13992 14018 W System.err: 	at java.io.FileOutputStream.<init>(FileOutputStream.java:87)
12-30 01:59:34.102 13992 14018 W System.err: 	at java.io.FileOutputStream.<init>(FileOutputStream.java:72)
12-30 01:59:34.102 13992 14018 W System.err: 	at java.io.FileWriter.<init>(FileWriter.java:42)
12-30 01:59:34.102 13992 14018 W System.err: 	at o.vi.run(:257)
12-30 01:59:34.102 13992 14018 W System.err: 	at java.lang.Thread.run(Thread.java:818)
12-30 01:59:34.102 13992 14018 W System.err: Caused by: android.system.ErrnoException: open failed: ENOENT (No such file or directory)
12-30 01:59:34.102 13992 14018 W System.err: 	at libcore.io.Posix.open(Native Method)
12-30 01:59:34.102 13992 14018 W System.err: 	at libcore.io.BlockGuardOs.open(BlockGuardOs.java:186)
12-30 01:59:34.102 13992 14018 W System.err: 	at libcore.io.IoBridge.open(IoBridge.java:442)
12-30 01:59:34.102 13992 14018 W System.err: 	... 5 more
12-30 01:59:34.103 14020 14020 W linker  : [vdso]: unused DT entry: type 0x6ffffef5 arg 0x160
12-30 01:59:34.116 13992 14024 D account : cost time = 3
12-30 01:59:34.121  2172  2191 W ActivityManager: getRunningAppProcesses: caller 10060 does not hold REAL_GET_TASKS; limiting output
12-30 01:59:34.122 13992 13992 I Wandoujia-PaySdk_GameApi: init,100029127
12-30 01:59:34.122 13992 13992 D Wandoujia-PaySdk_LocalStorage: LocalStorage init, id: 100029127
12-30 01:59:34.122 13992 13992 D LocalStorage: New LocalStorage -- AppID: 100029127
12-30 01:59:34.123 13992 13992 D account : sdk get default auth
12-30 01:59:34.125  2172  4161 W ActivityManager: getRunningAppProcesses: caller 10060 does not hold REAL_GET_TASKS; limiting output
12-30 01:59:34.127 13992 14033 D HTTP    : http://mario.sdk.wandoujia.com/api/v1/game/app/get?content=%7B%22uid%22%3A%22%22%2C%22udid%22%3A%22ec08a023f8264a6bb502341cf19b4e8a8acc6d34%22%2C%22gameVersionName%22%3A%222.4.1%22%2C%22gameVersionCode%22%3A%22440%22%2C%22sdkVersion%22%3A%224.0.0%22%2C%22appkey%22%3A100029127%2C%22sdkBaseVersion%22%3A%224.0.0.0%22%7D&sign=a994d4b53013496f2ad04f5131f34e01
12-30 01:59:34.127 13992 14032 D HTTP    : http://mario.sdk.wandoujia.com/api/v1/game/profile?content=%7B%22ffFunctionOptions%22%3A%7B%22needHasScreenshot%22%3Atrue%7D%2C%22appkey%22%3A100029127%2C%22gameVersionCode%22%3A%22440%22%2C%22gameVersionName%22%3A%222.4.1%22%2C%22sdkVersion%22%3A%224.0.0%22%2C%22udid%22%3A%22ec08a023f8264a6bb502341cf19b4e8a8acc6d34%22%7D&sign=287f32d9de6ef97fc708217d2cf08693
12-30 01:59:34.202  3303 13473 D cocos2d-x debug info: [LUA] ADD script schedule: 3619, entryID: 62
12-30 01:59:34.202  3303 13473 W AudioTrack: AUDIO_OUTPUT_FLAG_FAST denied by client
12-30 01:59:34.268 13992 13992 F libc    : Fatal signal 11 (SIGSEGV), code 2, fault addr 0xf3670000 in tid 13992 (baba.kunlun.wdj)
12-30 01:59:34.268 13992 13992 I libc    : Suppressing debuggerd output because prctl(PR_GET_DUMPABLE)==0
12-30 01:59:34.270  1909  1909 I Zygote  : Process 13992 exited due to signal (11)
12-30 01:59:34.283  2172  2192 I ActivityManager: Process com.rovio.baba.kunlun.wdj (pid 13992) has died
12-30 01:59:34.284  2172  2192 W ActivityManager: Canceling start item Intent { act=com.wandoujia.mariosdk.plugin.apk.push cmp=com.rovio.baba.kunlun.wdj/com.wandoujia.mariosdk.plugin.api.WandouPluginService } in service ComponentInfo{com.rovio.baba.kunlun.wdj/com.wandoujia.mariosdk.plugin.api.WandouPluginService}
12-30 01:59:34.284  2172  2192 W ActivityManager: Canceling start item Intent { cmp=com.rovio.baba.kunlun.wdj/com.wandoujia.mariosdk.plugin.api.WandouPluginService } in service ComponentInfo{com.rovio.baba.kunlun.wdj/com.wandoujia.mariosdk.plugin.api.WandouPluginService}
12-30 01:59:34.284  2172  2192 W ActivityManager: Scheduling restart of crashed service com.rovio.baba.kunlun.wdj/com.wandoujia.mariosdk.plugin.api.WandouPluginService in 1000ms
12-30 01:59:34.336  3303 13473 D cocos2d-x debug info: [LUA] DEL script schedule 3619, entryID: 62
12-30 01:59:34.541  2172  2660 W ActivityManager: getTasks: caller 10076 does not hold REAL_GET_TASKS; limiting output
12-30 01:59:35.312  2172  2197 I ActivityManager: Start proc 14050:com.rovio.baba.kunlun.wdj/u0a60 for service com.rovio.baba.kunlun.wdj/com.wandoujia.mariosdk.plugin.api.WandouPluginService
12-30 01:59:35.326 14050 14050 I ActivityThread: Switching default density from 160 to 240
12-30 01:59:35.343 14050 14050 V PluginFrameworkInitor: need install plugins:[]
12-30 01:59:35.343 14050 14050 I System.out: start plugin is = mario-sdk-plugin
12-30 01:59:35.343 14050 14050 V ContextClassLoaderUtility: doing inject, paths:[/data/data/com.rovio.baba.kunlun.wdj/files/plugins/mario-sdk-plugin.apk]
12-30 01:59:35.356 14074 14074 W linker  : [vdso]: unused DT entry: type 0x6ffffef5 arg 0x160
12-30 01:59:35.359 14050 14077 W System.err: java.io.FileNotFoundException: /data/local/tmp/.wdj_config/.udid: open failed: ENOENT (No such file or directory)
12-30 01:59:35.359 14050 14077 W System.err: 	at libcore.io.IoBridge.open(IoBridge.java:456)
12-30 01:59:35.359 14050 14077 W System.err: 	at java.io.FileOutputStream.<init>(FileOutputStream.java:87)
12-30 01:59:35.359 14050 14077 W System.err: 	at java.io.FileOutputStream.<init>(FileOutputStream.java:72)
12-30 01:59:35.359 14050 14077 W System.err: 	at java.io.FileWriter.<init>(FileWriter.java:42)
12-30 01:59:35.359 14050 14077 W System.err: 	at o.vi.run(:257)
12-30 01:59:35.359 14050 14077 W System.err: 	at java.lang.Thread.run(Thread.java:818)
12-30 01:59:35.359 14050 14077 W System.err: Caused by: android.system.ErrnoException: open failed: ENOENT (No such file or directory)
12-30 01:59:35.359 14050 14077 W System.err: 	at libcore.io.Posix.open(Native Method)
12-30 01:59:35.359 14050 14077 W System.err: 	at libcore.io.BlockGuardOs.open(BlockGuardOs.java:186)
12-30 01:59:35.359 14050 14077 W System.err: 	at libcore.io.IoBridge.open(IoBridge.java:442)
12-30 01:59:35.359 14050 14077 W System.err: 	... 5 more
12-30 01:59:35.360 14079 14079 W linker  : [vdso]: unused DT entry: type 0x6ffffef5 arg 0x160
12-30 01:59:35.371 14050 14084 D account : cost time = 2
12-30 01:59:35.375  2172  9103 W ActivityManager: getRunningAppProcesses: caller 10060 does not hold REAL_GET_TASKS; limiting output
12-30 01:59:35.376 14050 14050 I Wandoujia-PaySdk_GameApi: init,100029127
12-30 01:59:35.376 14050 14050 D Wandoujia-PaySdk_LocalStorage: LocalStorage init, id: 100029127
12-30 01:59:35.376 14050 14050 D LocalStorage: New LocalStorage -- AppID: 100029127
12-30 01:59:35.377 14050 14050 D account : sdk get default auth
12-30 01:59:35.380  2172  4161 W ActivityManager: getRunningAppProcesses: caller 10060 does not hold REAL_GET_TASKS; limiting output
12-30 01:59:35.383 14050 14093 D HTTP    : http://mario.sdk.wandoujia.com/api/v1/game/app/get?content=%7B%22uid%22%3A%22%22%2C%22udid%22%3A%22ec08a023f8264a6bb502341cf19b4e8a8acc6d34%22%2C%22gameVersionName%22%3A%222.4.1%22%2C%22gameVersionCode%22%3A%22440%22%2C%22sdkVersion%22%3A%224.0.0%22%2C%22appkey%22%3A100029127%2C%22sdkBaseVersion%22%3A%224.0.0.0%22%7D&sign=a994d4b53013496f2ad04f5131f34e01
12-30 01:59:35.383 14050 14092 D HTTP    : http://mario.sdk.wandoujia.com/api/v1/game/profile?content=%7B%22ffFunctionOptions%22%3A%7B%22needHasScreenshot%22%3Atrue%7D%2C%22appkey%22%3A100029127%2C%22gameVersionCode%22%3A%22440%22%2C%22gameVersionName%22%3A%222.4.1%22%2C%22sdkVersion%22%3A%224.0.0%22%2C%22udid%22%3A%22ec08a023f8264a6bb502341cf19b4e8a8acc6d34%22%7D&sign=287f32d9de6ef97fc708217d2cf08693
12-30 01:59:35.522 14050 14050 F libc    : Fatal signal 11 (SIGSEGV), code 2, fault addr 0xf3670000 in tid 14050 (baba.kunlun.wdj)
12-30 01:59:35.522 14050 14050 I libc    : Suppressing debuggerd output because prctl(PR_GET_DUMPABLE)==0
12-30 01:59:35.524  1909  1909 I Zygote  : Process 14050 exited due to signal (11)
12-30 01:59:35.532  2172  4162 I ActivityManager: Process com.rovio.baba.kunlun.wdj (pid 14050) has died
12-30 01:59:35.532  2172  4162 W ActivityManager: Canceling start item Intent { act=com.wandoujia.mariosdk.plugin.apk.push cmp=com.rovio.baba.kunlun.wdj/com.wandoujia.mariosdk.plugin.api.WandouPluginService } in service ComponentInfo{com.rovio.baba.kunlun.wdj/com.wandoujia.mariosdk.plugin.api.WandouPluginService}
12-30 01:59:35.532  2172  4162 W ActivityManager: Canceling start item Intent { cmp=com.rovio.baba.kunlun.wdj/com.wandoujia.mariosdk.plugin.api.WandouPluginService } in service ComponentInfo{com.rovio.baba.kunlun.wdj/com.wandoujia.mariosdk.plugin.api.WandouPluginService}
12-30 01:59:35.533  2172  4162 W ActivityManager: Scheduling restart of crashed service com.rovio.baba.kunlun.wdj/com.wandoujia.mariosdk.plugin.api.WandouPluginService in 4000ms
12-30 01:59:35.543  2172  9214 W ActivityManager: getTasks: caller 10076 does not hold REAL_GET_TASKS; limiting output
12-30 01:59:35.996  4134  4217 V xiaomi  : [Thread:173] JOB: check the ping-pong.
12-30 01:59:36.544  2172  7767 W ActivityManager: getTasks: caller 10076 does not hold REAL_GET_TASKS; limiting output
12-30 01:59:37.542 14109 14109 W linker  : [vdso]: unused DT entry: type 0x6ffffef5 arg 0x160
12-30 01:59:37.547  2172  3084 W ActivityManager: getTasks: caller 10076 does not hold REAL_GET_TASKS; limiting output
12-30 01:59:38.549  2172  2334 W ActivityManager: getTasks: caller 10076 does not hold REAL_GET_TASKS; limiting output
12-30 01:59:39.560  2172  2197 I ActivityManager: Start proc 14110:com.rovio.baba.kunlun.wdj/u0a60 for service com.rovio.baba.kunlun.wdj/com.wandoujia.mariosdk.plugin.api.WandouPluginService
12-30 01:59:39.560  2172  2191 W ActivityManager: getTasks: caller 10076 does not hold REAL_GET_TASKS; limiting output
12-30 01:59:39.575 14110 14110 I ActivityThread: Switching default density from 160 to 240
12-30 01:59:39.592 14110 14110 V PluginFrameworkInitor: need install plugins:[]
12-30 01:59:39.592 14110 14110 I System.out: start plugin is = mario-sdk-plugin
12-30 01:59:39.592 14110 14110 V ContextClassLoaderUtility: doing inject, paths:[/data/data/com.rovio.baba.kunlun.wdj/files/plugins/mario-sdk-plugin.apk]
12-30 01:59:39.607 14134 14134 W linker  : [vdso]: unused DT entry: type 0x6ffffef5 arg 0x160
12-30 01:59:39.611 14110 14137 W System.err: java.io.FileNotFoundException: /data/local/tmp/.wdj_config/.udid: open failed: ENOENT (No such file or directory)
