12-30 01:59:39.611 14110 14137 W System.err: 	at libcore.io.IoBridge.open(IoBridge.java:456)
12-30 01:59:39.611 14110 14137 W System.err: 	at java.io.FileOutputStream.<init>(FileOutputStream.java:87)
12-30 01:59:39.611 14110 14137 W System.err: 	at java.io.FileOutputStream.<init>(FileOutputStream.java:72)
12-30 01:59:39.611 14110 14137 W System.err: 	at java.io.FileWriter.<init>(FileWriter.java:42)
12-30 01:59:39.611 14110 14137 W System.err: 	at o.vi.run(:257)
12-30 01:59:39.611 14110 14137 W System.err: 	at java.lang.Thread.run(Thread.java:818)
12-30 01:59:39.611 14110 14137 W System.err: Caused by: android.system.ErrnoException: open failed: ENOENT (No such file or directory)
12-30 01:59:39.611 14110 14137 W System.err: 	at libcore.io.Posix.open(Native Method)
12-30 01:59:39.611 14110 14137 W System.err: 	at libcore.io.BlockGuardOs.open(BlockGuardOs.java:186)
12-30 01:59:39.611 14110 14137 W System.err: 	at libcore.io.IoBridge.open(IoBridge.java:442)
12-30 01:59:39.611 14110 14137 W System.err: 	... 5 more
12-30 01:59:39.613 14139 14139 W linker  : [vdso]: unused DT entry: type 0x6ffffef5 arg 0x160
12-30 01:59:39.630 14110 14144 D account : cost time = 4
12-30 01:59:39.637  2172  2660 W ActivityManager: getRunningAppProcesses: caller 10060 does not hold REAL_GET_TASKS; limiting output
12-30 01:59:39.639 14110 14110 I Wandoujia-PaySdk_GameApi: init,100029127
12-30 01:59:39.639 14110 14110 D Wandoujia-PaySdk_LocalStorage: LocalStorage init, id: 100029127
12-30 01:59:39.639 14110 14110 D LocalStorage: New LocalStorage -- AppID: 100029127
12-30 01:59:39.641 14110 14110 D account : sdk get default auth
12-30 01:59:39.646  2172  4161 W ActivityManager: getRunningAppProcesses: caller 10060 does not hold REAL_GET_TASKS; limiting output
12-30 01:59:39.649 14110 14153 D HTTP    : http://mario.sdk.wandoujia.com/api/v1/game/app/get?content=%7B%22uid%22%3A%22%22%2C%22udid%22%3A%22ec08a023f8264a6bb502341cf19b4e8a8acc6d34%22%2C%22gameVersionName%22%3A%222.4.1%22%2C%22gameVersionCode%22%3A%22440%22%2C%22sdkVersion%22%3A%224.0.0%22%2C%22appkey%22%3A100029127%2C%22sdkBaseVersion%22%3A%224.0.0.0%22%7D&sign=a994d4b53013496f2ad04f5131f34e01
12-30 01:59:39.650 14110 14152 D HTTP    : http://mario.sdk.wandoujia.com/api/v1/game/profile?content=%7B%22ffFunctionOptions%22%3A%7B%22needHasScreenshot%22%3Atrue%7D%2C%22appkey%22%3A100029127%2C%22gameVersionCode%22%3A%22440%22%2C%22gameVersionName%22%3A%222.4.1%22%2C%22sdkVersion%22%3A%224.0.0%22%2C%22udid%22%3A%22ec08a023f8264a6bb502341cf19b4e8a8acc6d34%22%7D&sign=287f32d9de6ef97fc708217d2cf08693
12-30 01:59:39.797 14110 14110 F libc    : Fatal signal 11 (SIGSEGV), code 2, fault addr 0xf3670000 in tid 14110 (baba.kunlun.wdj)
12-30 01:59:39.797 14110 14110 I libc    : Suppressing debuggerd output because prctl(PR_GET_DUMPABLE)==0
12-30 01:59:39.799  1909  1909 I Zygote  : Process 14110 exited due to signal (11)
12-30 01:59:39.807  2172  9103 I ActivityManager: Process com.rovio.baba.kunlun.wdj (pid 14110) has died
12-30 01:59:39.807  2172  9103 W ActivityManager: Canceling start item Intent { act=com.wandoujia.mariosdk.plugin.apk.push cmp=com.rovio.baba.kunlun.wdj/com.wandoujia.mariosdk.plugin.api.WandouPluginService } in service ComponentInfo{com.rovio.baba.kunlun.wdj/com.wandoujia.mariosdk.plugin.api.WandouPluginService}
12-30 01:59:39.807  2172  9103 W ActivityManager: Canceling start item Intent { cmp=com.rovio.baba.kunlun.wdj/com.wandoujia.mariosdk.plugin.api.WandouPluginService } in service ComponentInfo{com.rovio.baba.kunlun.wdj/com.wandoujia.mariosdk.plugin.api.WandouPluginService}
12-30 01:59:39.807  2172  9103 W ActivityManager: Canceling start item Intent { act=com.wandoujia.mariosdk.plugin.apk.push flg=0x4 cmp=com.rovio.baba.kunlun.wdj/com.wandoujia.mariosdk.plugin.api.WandouPluginService (has extras) } in service ComponentInfo{com.rovio.baba.kunlun.wdj/com.wandoujia.mariosdk.plugin.api.WandouPluginService}
12-30 01:59:39.807  2172  9103 W ActivityManager: Scheduling restart of crashed service com.rovio.baba.kunlun.wdj/com.wandoujia.mariosdk.plugin.api.WandouPluginService in 16000ms
12-30 01:59:40.563  2172  4162 W ActivityManager: getTasks: caller 10076 does not hold REAL_GET_TASKS; limiting output
12-30 01:59:41.038  3303 13473 D cocos2d-x debug info: [LUA] ADD script schedule: 3675, entryID: 63
12-30 01:59:41.039  3303 13473 W AudioTrack: AUDIO_OUTPUT_FLAG_FAST denied by client
12-30 01:59:41.168  3303 13473 D cocos2d-x debug info: [LUA] DEL script schedule 3675, entryID: 63
12-30 01:59:41.565  2172  2660 W ActivityManager: getTasks: caller 10076 does not hold REAL_GET_TASKS; limiting output
12-30 01:59:42.566  2172  4161 W ActivityManager: getTasks: caller 10076 does not hold REAL_GET_TASKS; limiting output
12-30 01:59:42.717  3303 13473 D cocos2d-x debug info: [LUA] ADD script schedule: 3693, entryID: 64
12-30 01:59:42.718  3303 13473 W AudioTrack: AUDIO_OUTPUT_FLAG_FAST denied by client
12-30 01:59:42.817 14171 14171 W linker  : [vdso]: unused DT entry: type 0x6ffffef5 arg 0x160
12-30 01:59:42.867  3303 13473 D cocos2d-x debug info: [LUA] DEL script schedule 3693, entryID: 64
12-30 01:59:43.568  2172  7767 W ActivityManager: getTasks: caller 10076 does not hold REAL_GET_TASKS; limiting output
12-30 01:59:44.571  2172  4162 W ActivityManager: getTasks: caller 10076 does not hold REAL_GET_TASKS; limiting output
12-30 01:59:45.573  2172  2192 W ActivityManager: getTasks: caller 10076 does not hold REAL_GET_TASKS; limiting output
12-30 01:59:46.068  3303 13473 E log_service: [lua|ERROR]:
12-30 01:59:46.068  3303 13473 E log_service: ========== index: 2 =============
12-30 01:59:46.068  3303 13473 E log_service: msg:NormalSwapInteraction state error
12-30 01:59:46.068  3303 13473 E log_service: stack traceback:
12-30 01:59:46.068  3303 13473 E log_service: 	hecore/WrapAssert.lua:32: in function 'assert'
12-30 01:59:46.068  3303 13473 E log_service: 	zoo/gamePlay/propInteractions/NormalSwapInteraction.lua:62: in function 'handleTouchBegin'
12-30 01:59:46.068  3303 13473 E log_service: 	zoo/gamePlay/GameBoardView.lua:312: in function <zoo/gamePlay/GameBoardView.lua:310>
12-30 01:59:46.068  3303 13473 E log_service: 	hecore/EventDispatcher.lua:145: in function 'dispatchEvent'
12-30 01:59:46.068  3303 13473 E log_service: 	hecore/display/Layer.lua:235: in function <hecore/display/Layer.lua:212>
12-30 01:59:46.576  2172  3084 W ActivityManager: getTasks: caller 10076 does not hold REAL_GET_TASKS; limiting output
12-30 01:59:46.719  3303 13473 D cocos2d-x debug info: [LUA] ADD script schedule: 3728, entryID: 65
12-30 01:59:46.720  3303 13473 W AudioTrack: AUDIO_OUTPUT_FLAG_FAST denied by client
12-30 01:59:46.722  3303 13473 D cocos2d-x debug info: [LUA] DEL script schedule 3570, entryID: 61
12-30 01:59:46.722  3303 13473 D cocos2d-x debug info: [LUA] DEL script schedule 3544, entryID: 59
12-30 01:59:46.722  3303 13473 D cocos2d-x debug info: [LUA] DEL script schedule 3543, entryID: 58
12-30 01:59:46.722  3303 13473 D cocos2d-x debug info: [LUA] DEL script schedule 3542, entryID: 57
12-30 01:59:46.851  3303 13473 D cocos2d-x debug info: [LUA] DEL script schedule 3728, entryID: 65
12-30 01:59:46.983  3303 13473 D cocos2d-x debug info: [LUA] Remove touch event handler: 3517
12-30 01:59:46.984  3303 13473 D cocos2d-x debug info: [LUA] Remove touch event handler: 3540
12-30 01:59:46.997  3303 13473 D cocos2d-x debug info: [LUA] ADD script schedule: 3741, entryID: 66
12-30 01:59:46.998  3303 13473 W AudioTrack: AUDIO_OUTPUT_FLAG_FAST denied by client
12-30 01:59:47.002  3303 13473 D cocos2d-x debug info: cocos2d: padding: 0,0,0,0
12-30 01:59:47.004  3303 13473 D cocos2d-x debug info: [LUA] ADD script schedule: 3768, entryID: 67
12-30 01:59:47.134  3303 13473 D cocos2d-x debug info: [LUA] DEL script schedule 3741, entryID: 66
12-30 01:59:47.233  3303 13473 D cocos2d-x debug info: [LUA] DEL script schedule 3768, entryID: 67
12-30 01:59:47.578  2172  2662 W ActivityManager: getTasks: caller 10076 does not hold REAL_GET_TASKS; limiting output
12-30 01:59:47.702  3303 13473 D cocos2d-x debug info: [LUA] ADD script schedule: 3828, entryID: 68
12-30 01:59:47.703  3303 13473 W AudioTrack: AUDIO_OUTPUT_FLAG_FAST denied by client
12-30 01:59:47.779  3303 13473 D cocos2d-x debug info: [LUA] Add touch event handler: 3833
12-30 01:59:47.779  3303 13473 D cocos2d-x debug info: [LUA] Add touch event handler: 3854
12-30 01:59:47.787  3303 13473 D cocos2d-x debug info: [LUA] ADD script schedule: 3856, entryID: 71
12-30 01:59:47.787  3303 13473 D cocos2d-x debug info: [LUA] ADD script schedule: 3857, entryID: 72
12-30 01:59:47.826 14176 14176 W linker  : [vdso]: unused DT entry: type 0x6ffffef5 arg 0x160
12-30 01:59:47.832  3303 13473 D cocos2d-x debug info: [LUA] DEL script schedule 3828, entryID: 68
12-30 01:59:48.579  2172  4161 W ActivityManager: getTasks: caller 10076 does not hold REAL_GET_TASKS; limiting output
12-30 01:59:49.238  2172  2662 W ActivityManager: getRunningAppProcesses: caller 10052 does not hold REAL_GET_TASKS; limiting output
12-30 01:59:49.582  2172  9214 W ActivityManager: getTasks: caller 10076 does not hold REAL_GET_TASKS; limiting output
12-30 01:59:50.584  2172  2334 W ActivityManager: getTasks: caller 10076 does not hold REAL_GET_TASKS; limiting output
12-30 01:59:50.800  3303 13473 D cocos2d-x debug info: [LUA] ADD script schedule: 3882, entryID: 73
12-30 01:59:50.816  3303 13473 D cocos2d-x debug info: [LUA] DEL script schedule 3857, entryID: 72
12-30 01:59:51.586  2172  2191 W ActivityManager: getTasks: caller 10076 does not hold REAL_GET_TASKS; limiting output
12-30 01:59:52.589  2172  4162 W ActivityManager: getTasks: caller 10076 does not hold REAL_GET_TASKS; limiting output
12-30 01:59:52.838 14177 14177 W linker  : [vdso]: unused DT entry: type 0x6ffffef5 arg 0x160
12-30 01:59:53.592  2172  9214 W ActivityManager: getTasks: caller 10076 does not hold REAL_GET_TASKS; limiting output
12-30 01:59:54.408  2172  2252 W AudioTrack: AUDIO_OUTPUT_FLAG_FAST denied by client
12-30 01:59:54.595  2172  2514 W ActivityManager: getTasks: caller 10076 does not hold REAL_GET_TASKS; limiting output
12-30 01:59:55.596  2172  9214 W ActivityManager: getTasks: caller 10076 does not hold REAL_GET_TASKS; limiting output
12-30 01:59:55.837  2172  2197 I ActivityManager: Start proc 14179:com.rovio.baba.kunlun.wdj/u0a60 for service com.rovio.baba.kunlun.wdj/com.wandoujia.mariosdk.plugin.api.WandouPluginService
12-30 01:59:55.852 14179 14179 I ActivityThread: Switching default density from 160 to 240
12-30 01:59:55.870 14179 14179 V PluginFrameworkInitor: need install plugins:[]
12-30 01:59:55.870 14179 14179 I System.out: start plugin is = mario-sdk-plugin
12-30 01:59:55.871 14179 14179 V ContextClassLoaderUtility: doing inject, paths:[/data/data/com.rovio.baba.kunlun.wdj/files/plugins/mario-sdk-plugin.apk]
12-30 01:59:55.885 14203 14203 W linker  : [vdso]: unused DT entry: type 0x6ffffef5 arg 0x160
12-30 01:59:55.889 14179 14206 W System.err: java.io.FileNotFoundException: /data/local/tmp/.wdj_config/.udid: open failed: ENOENT (No such file or directory)
12-30 01:59:55.889 14179 14206 W System.err: 	at libcore.io.IoBridge.open(IoBridge.java:456)
12-30 01:59:55.889 14179 14206 W System.err: 	at java.io.FileOutputStream.<init>(FileOutputStream.java:87)
12-30 01:59:55.889 14179 14206 W System.err: 	at java.io.FileOutputStream.<init>(FileOutputStream.java:72)
12-30 01:59:55.889 14179 14206 W System.err: 	at java.io.FileWriter.<init>(FileWriter.java:42)
12-30 01:59:55.889 14179 14206 W System.err: 	at o.vi.run(:257)
12-30 01:59:55.889 14179 14206 W System.err: 	at java.lang.Thread.run(Thread.java:818)
12-30 01:59:55.889 14179 14206 W System.err: Caused by: android.system.ErrnoException: open failed: ENOENT (No such file or directory)
12-30 01:59:55.889 14179 14206 W System.err: 	at libcore.io.Posix.open(Native Method)
12-30 01:59:55.889 14179 14206 W System.err: 	at libcore.io.BlockGuardOs.open(BlockGuardOs.java:186)
12-30 01:59:55.889 14179 14206 W System.err: 	at libcore.io.IoBridge.open(IoBridge.java:442)
12-30 01:59:55.889 14179 14206 W System.err: 	... 5 more
12-30 01:59:55.890 14208 14208 W linker  : [vdso]: unused DT entry: type 0x6ffffef5 arg 0x160
12-30 01:59:55.901 14179 14212 D account : cost time = 3
12-30 01:59:55.905  2172  2334 W ActivityManager: getRunningAppProcesses: caller 10060 does not hold REAL_GET_TASKS; limiting output
12-30 01:59:55.906 14179 14179 I Wandoujia-PaySdk_GameApi: init,100029127
12-30 01:59:55.906 14179 14179 D Wandoujia-PaySdk_LocalStorage: LocalStorage init, id: 100029127
12-30 01:59:55.906 14179 14179 D LocalStorage: New LocalStorage -- AppID: 100029127
12-30 01:59:55.907 14179 14179 D account : sdk get default auth
12-30 01:59:55.910  2172  2514 W ActivityManager: getRunningAppProcesses: caller 10060 does not hold REAL_GET_TASKS; limiting output
12-30 01:59:55.913 14179 14221 D HTTP    : http://mario.sdk.wandoujia.com/api/v1/game/app/get?content=%7B%22uid%22%3A%22%22%2C%22udid%22%3A%22ec08a023f8264a6bb502341cf19b4e8a8acc6d34%22%2C%22gameVersionName%22%3A%222.4.1%22%2C%22gameVersionCode%22%3A%22440%22%2C%22sdkVersion%22%3A%224.0.0%22%2C%22appkey%22%3A100029127%2C%22sdkBaseVersion%22%3A%224.0.0.0%22%7D&sign=a994d4b53013496f2ad04f5131f34e01
12-30 01:59:55.913 14179 14220 D HTTP    : http://mario.sdk.wandoujia.com/api/v1/game/profile?content=%7B%22ffFunctionOptions%22%3A%7B%22needHasScreenshot%22%3Atrue%7D%2C%22appkey%22%3A100029127%2C%22gameVersionCode%22%3A%22440%22%2C%22gameVersionName%22%3A%222.4.1%22%2C%22sdkVersion%22%3A%224.0.0%22%2C%22udid%22%3A%22ec08a023f8264a6bb502341cf19b4e8a8acc6d34%22%7D&sign=287f32d9de6ef97fc708217d2cf08693
12-30 01:59:56.055 14179 14179 F libc    : Fatal signal 11 (SIGSEGV), code 2, fault addr 0xf3670000 in tid 14179 (baba.kunlun.wdj)
12-30 01:59:56.055 14179 14179 I libc    : Suppressing debuggerd output because prctl(PR_GET_DUMPABLE)==0
12-30 01:59:56.057  1909  1909 I Zygote  : Process 14179 exited due to signal (11)
12-30 01:59:56.067  2172  9214 I ActivityManager: Process com.rovio.baba.kunlun.wdj (pid 14179) has died
12-30 01:59:56.067  2172  9214 W ActivityManager: Canceling start item Intent { act=com.wandoujia.mariosdk.plugin.apk.push cmp=com.rovio.baba.kunlun.wdj/com.wandoujia.mariosdk.plugin.api.WandouPluginService } in service ComponentInfo{com.rovio.baba.kunlun.wdj/com.wandoujia.mariosdk.plugin.api.WandouPluginService}
12-30 01:59:56.067  2172  9214 W ActivityManager: Canceling start item Intent { cmp=com.rovio.baba.kunlun.wdj/com.wandoujia.mariosdk.plugin.api.WandouPluginService } in service ComponentInfo{com.rovio.baba.kunlun.wdj/com.wandoujia.mariosdk.plugin.api.WandouPluginService}
12-30 01:59:56.067  2172  9214 W ActivityManager: Scheduling restart of crashed service com.rovio.baba.kunlun.wdj/com.wandoujia.mariosdk.plugin.api.WandouPluginService in 64000ms
12-30 01:59:56.598  2172  2514 W ActivityManager: getTasks: caller 10076 does not hold REAL_GET_TASKS; limiting output
12-30 01:59:57.076 14236 14236 W linker  : [vdso]: unused DT entry: type 0x6ffffef5 arg 0x160
12-30 01:59:57.601  2172  9103 W ActivityManager: getTasks: caller 10076 does not hold REAL_GET_TASKS; limiting output
12-30 01:59:57.988  1900 14237 W SocketClient: write error (Broken pipe)
12-30 01:59:57.988  1900 14237 W DnsProxyListener: Error writing DNS result to client
12-30 01:59:57.988  1900  2135 E FrameworkListener: read() failed (Connection reset by peer)
12-30 01:59:57.989  3303 13511 I log_service: [doPostData|INFO]:dc call error, http_code: 0, error_code: 6, error_msg: Couldn't resolve host name, content: 
12-30 01:59:57.989  3303 13511 I log_service: 
12-30 01:59:58.023  1900 14238 W SocketClient: write error (Broken pipe)
12-30 01:59:58.023  1900 14238 W DnsProxyListener: Error writing DNS result to client
12-30 01:59:58.023  1900  2135 E FrameworkListener: read() failed (Connection reset by peer)
12-30 01:59:58.023  3303 13511 I log_service: [doPostData|INFO]:dc call error, http_code: 0, error_code: 6, error_msg: Couldn't resolve host name, content: 
12-30 01:59:58.023  3303 13511 I log_service: 
12-30 01:59:58.603  2172  7767 W ActivityManager: getTasks: caller 10076 does not hold REAL_GET_TASKS; limiting output
12-30 01:59:58.999  2172  2514 W ActivityManager: getRunningAppProcesses: caller 10064 does not hold REAL_GET_TASKS; limiting output
12-30 01:59:59.606  2172  2660 W ActivityManager: getTasks: caller 10076 does not hold REAL_GET_TASKS; limiting output
12-30 02:00:00.168  2172  2252 W AudioTrack: AUDIO_OUTPUT_FLAG_FAST denied by client
12-30 02:00:00.168  2172  2219 I ActivityManager: START u0 {act=android.intent.action.MAIN cat=[android.intent.category.HOME] flg=0x10200000 cmp=com.android.launcher3/.Launcher} from uid 1000 on display 0
12-30 02:00:00.188  3303  3303 V MicroMsg.SDK.WXApiImplV10.ActivityLifecycleCb: com.happyelements.hellolua.MainActivity  onActivityPaused
12-30 02:00:00.189  3303  3303 D CMCCDataStatisticsProxy: onActivityPause
12-30 02:00:00.191  1905  2253 D NuPlayerDriver: reset(0xf584ee80)
12-30 02:00:00.192  1905 13920 D NuPlayerDriver: notifyResetComplete(0xf584ee80)
12-30 02:00:00.198  3303 13473 E MediaPlayer: Should have subtitle controller already set
12-30 02:00:00.198  1905  2224 D NuPlayerDriver: reset(0xf584ef40)
12-30 02:00:00.199  1905 14240 D NuPlayerDriver: notifyResetComplete(0xf584ef40)
12-30 02:00:00.203  3303 13473 E MediaPlayer: Should have subtitle controller already set
12-30 02:00:00.205  3303 13473 I log_service: [lua|INFO]:@zoo/data/LocalNotificationManager.lua:pocessRecallNotification | LocalNotificationManager********cancelAllLeaveNotification()
12-30 02:00:00.232  2172  2172 V ActivityManager: Display changed displayId=0
12-30 02:00:00.246  2172  2660 I ActivityManager: Config changes=480 {1.0 ?mcc?mnc zh_CN ?layoutDir sw720dp w1280dp h646dp 240dpi lrg long land -touch qwerty/v/v -nav/h s.13}
12-30 02:00:00.247  2172  2220 I InputReader: Reconfiguring input devices.  changes=0x00000004
12-30 02:00:00.282  3303  3303 W MediaPlayer: mediaplayer went away with unhandled events
12-30 02:00:00.282  3303  3303 E MediaPlayer: Should have subtitle controller already set
12-30 02:00:00.428  2172  2202 I WindowManager: Screen frozen for +238ms due to Window{20598298 u0 com.android.systemui.ImageWallpaper}
12-30 02:00:00.608  2172  2662 W ActivityManager: getTasks: caller 10076 does not hold REAL_GET_TASKS; limiting output
12-30 02:00:00.613  3303  3303 D CMCCDataStatisticsProxy: onActivityStop
12-30 02:00:00.829  2484  2664 W OpenGLRenderer: Incorrectly called buildLayer on View: ShortcutAndWidgetContainer, destroying layer...
12-30 02:00:00.989  3303  3303 V MicroMsg.SDK.WXApiImplV10.ActivityLifecycleCb: WXStat trigger onBackground
12-30 02:00:01.611  2172  2514 W ActivityManager: getTasks: caller 10076 does not hold REAL_GET_TASKS; limiting output
12-30 02:00:02.087 14244 14244 W linker  : [vdso]: unused DT entry: type 0x6ffffef5 arg 0x160
12-30 02:00:02.500  2172  2202 I art     : Explicit concurrent mark sweep GC freed 12337(656KB) AllocSpace objects, 11(6MB) LOS objects, 33% free, 14MB/22MB, paused 678us total 33.629ms
12-30 02:00:02.613  2172  2660 W ActivityManager: getTasks: caller 10076 does not hold REAL_GET_TASKS; limiting output
12-30 02:00:03.616  2172  7767 W ActivityManager: getTasks: caller 10076 does not hold REAL_GET_TASKS; limiting output
12-30 02:00:03.624  2172  2252 W AudioTrack: AUDIO_OUTPUT_FLAG_FAST denied by client
12-30 02:00:03.630  2172  3084 I ActivityManager: START u0 {act=com.android.systemui.recents.SHOW_RECENTS flg=0x10804000 cmp=com.android.systemui/.recents.RecentsActivity} from uid 10013 on display 0
12-30 02:00:03.635  1905  2169 D audio_hw_primary: found out /dev/snd/pcmC0D0p
12-30 02:00:04.619  2172  9214 W ActivityManager: getTasks: caller 10076 does not hold REAL_GET_TASKS; limiting output
12-30 02:00:05.183  2172  2252 W AudioTrack: AUDIO_OUTPUT_FLAG_FAST denied by client
12-30 02:00:05.231 11001 11001 I Term    : Bound to TermService
12-30 02:00:05.231 11001 11001 I TermService: Activity binding to service
12-30 02:00:05.621  2172  9103 W ActivityManager: getTasks: caller 10076 does not hold REAL_GET_TASKS; limiting output
12-30 02:00:06.623  2172  2514 W ActivityManager: getTasks: caller 10076 does not hold REAL_GET_TASKS; limiting output
12-30 02:00:07.099 14254 14254 W linker  : [vdso]: unused DT entry: type 0x6ffffef5 arg 0x160
12-30 02:00:10.486  2172  3084 W ActivityManager: getTasks: caller 10076 does not hold REAL_GET_TASKS; limiting output
12-30 02:00:11.489  2172  2662 W ActivityManager: getTasks: caller 10076 does not hold REAL_GET_TASKS; limiting output
12-30 02:00:12.108 14255 14255 W linker  : [vdso]: unused DT entry: type 0x6ffffef5 arg 0x160
12-30 02:00:12.491  2172  2660 W ActivityManager: getTasks: caller 10076 does not hold REAL_GET_TASKS; limiting output
12-30 02:00:13.493  2172  2514 W ActivityManager: getTasks: caller 10076 does not hold REAL_GET_TASKS; limiting output
12-30 02:00:14.495  2172  3084 W ActivityManager: getTasks: caller 10076 does not hold REAL_GET_TASKS; limiting output
12-30 02:00:15.497  2172  9103 W ActivityManager: getTasks: caller 10076 does not hold REAL_GET_TASKS; limiting output
12-30 02:00:16.500  2172  2192 W ActivityManager: getTasks: caller 10076 does not hold REAL_GET_TASKS; limiting output
12-30 02:00:17.120 14256 14256 W linker  : [vdso]: unused DT entry: type 0x6ffffef5 arg 0x160
12-30 02:00:17.503  2172  9103 W ActivityManager: getTasks: caller 10076 does not hold REAL_GET_TASKS; limiting output
12-30 02:00:18.505  2172  2660 W ActivityManager: getTasks: caller 10076 does not hold REAL_GET_TASKS; limiting output
12-30 02:00:19.238  2172  2662 W ActivityManager: getRunningAppProcesses: caller 10052 does not hold REAL_GET_TASKS; limiting output
12-30 02:00:19.507  2172  2191 W ActivityManager: getTasks: caller 10076 does not hold REAL_GET_TASKS; limiting output
12-30 02:00:20.509  2172  2334 W ActivityManager: getTasks: caller 10076 does not hold REAL_GET_TASKS; limiting output
12-30 02:00:21.511  2172  4162 W ActivityManager: getTasks: caller 10076 does not hold REAL_GET_TASKS; limiting output
12-30 02:00:22.130 14257 14257 W linker  : [vdso]: unused DT entry: type 0x6ffffef5 arg 0x160
12-30 02:00:22.513  2172  4161 W ActivityManager: getTasks: caller 10076 does not hold REAL_GET_TASKS; limiting output
12-30 02:00:23.517  2172  9214 W ActivityManager: getTasks: caller 10076 does not hold REAL_GET_TASKS; limiting output
12-30 02:00:24.519  2172  2662 W ActivityManager: getTasks: caller 10076 does not hold REAL_GET_TASKS; limiting output
12-30 02:00:25.522  2172  2192 W ActivityManager: getTasks: caller 10076 does not hold REAL_GET_TASKS; limiting output
12-30 02:00:26.524  2172  2514 W ActivityManager: getTasks: caller 10076 does not hold REAL_GET_TASKS; limiting output
12-30 02:00:27.140 14259 14259 W linker  : [vdso]: unused DT entry: type 0x6ffffef5 arg 0x160
12-30 02:00:27.527  2172  3084 W ActivityManager: getTasks: caller 10076 does not hold REAL_GET_TASKS; limiting output
12-30 02:00:28.530  2172  7767 W ActivityManager: getTasks: caller 10076 does not hold REAL_GET_TASKS; limiting output
12-30 02:00:28.999  2172  4162 W ActivityManager: getRunningAppProcesses: caller 10064 does not hold REAL_GET_TASKS; limiting output
12-30 02:00:29.533  2172  4162 W ActivityManager: getTasks: caller 10076 does not hold REAL_GET_TASKS; limiting output
12-30 02:00:30.407 10634 14261 V CommonParams: cast to int com.baidu.pushservice.sd Exception. 
12-30 02:00:30.408 10634 10634 V CommonParams: cast to Long com.baidu.pushservice.clt Exception. java.lang.NullPointerException: Attempt to invoke virtual method 'java.lang.String java.lang.Object.toString()' on a null object reference
12-30 02:00:30.409 10634 14261 V CommonParams: cast to Long com.baidu.pushservice.cst Exception. java.lang.NullPointerException: Attempt to invoke virtual method 'java.lang.String java.lang.Object.toString()' on a null object reference
12-30 02:00:30.409 10634 10634 V CommonParams: cast to int com.baidu.pushservice.lsi Exception. 
12-30 02:00:30.410  3303  3303 I GcnBroadcastReceiver: onReceive start ... action=null
12-30 02:00:30.410  3303  3303 I GcnBroadcastReceiver: is_open=true,service_type=gcn,sender_id=502050078214,loop_period=300000,push_url=http://gcn.happyelements.cn/apis/l
12-30 02:00:30.410  3303  3303 I GcnBroadcastReceiver: gameUserId=f7265993dcee5ca7,gspAppId=7800105600,gspAppKey=d2516d2ecf89cebde3f13cbfe2e55770
12-30 02:00:30.410  3303  3303 I NotificationService: onStartCommand start,flags=0,startId=6,isStart=true
12-30 02:00:30.411 10634 14261 V CommonParams: cast to Long com.baidu.pushservice.st Exception. java.lang.NullPointerException: Attempt to invoke virtual method 'java.lang.String java.lang.Object.toString()' on a null object reference
12-30 02:00:30.418 14262 14262 W linker  : [vdso]: unused DT entry: type 0x6ffffef5 arg 0x160
