01-06 03:32:19.203 10668 10741 W System.err: 	at org.apache.http.conn.scheme.PlainSocketFactory.connectSocket(PlainSocketFactory.java:126)
01-06 03:32:19.203 10668 10741 W System.err: 	at org.apache.http.impl.conn.DefaultClientConnectionOperator.openConnection(DefaultClientConnectionOperator.java:149)
01-06 03:32:19.203 10668 10741 W System.err: 	at org.apache.http.impl.conn.AbstractPoolEntry.open(AbstractPoolEntry.java:169)
01-06 03:32:19.203 10668 10741 W System.err: 	at org.apache.http.impl.conn.AbstractPooledConnAdapter.open(AbstractPooledConnAdapter.java:124)
01-06 03:32:19.203 10668 10741 W System.err: 	at org.apache.http.impl.client.DefaultRequestDirector.execute(DefaultRequestDirector.java:365)
01-06 03:32:19.203 10668 10741 W System.err: 	at org.apache.http.impl.client.AbstractHttpClient.execute(AbstractHttpClient.java:560)
01-06 03:32:19.203 10668 10741 W System.err: 	at org.apache.http.impl.client.AbstractHttpClient.execute(AbstractHttpClient.java:492)
01-06 03:32:19.203 10668 10741 W System.err: 	at org.apache.http.impl.client.AbstractHttpClient.execute(AbstractHttpClient.java:470)
01-06 03:32:19.203 10668 10741 W System.err: 	at com.unipay.net.HttpNet.b(Unknown Source)
01-06 03:32:19.203 10668 10741 W System.err: 	at com.unipay.net.AsyncMultimode$3.run(Unknown Source)
01-06 03:32:20.167  2149  4763 W ActivityManager: getTasks: caller 10115 does not hold REAL_GET_TASKS; limiting output
01-06 03:32:21.170  2149  3044 W ActivityManager: getTasks: caller 10115 does not hold REAL_GET_TASKS; limiting output
01-06 03:32:22.173  2149  2295 W ActivityManager: getTasks: caller 10115 does not hold REAL_GET_TASKS; limiting output
01-06 03:32:22.174 10924 10924 W linker  : [vdso]: unused DT entry: type 0x6ffffef5 arg 0x160
01-06 03:32:23.174  2149  2170 W ActivityManager: getTasks: caller 10115 does not hold REAL_GET_TASKS; limiting output
01-06 03:32:24.176  2149  8057 W ActivityManager: getTasks: caller 10115 does not hold REAL_GET_TASKS; limiting output
01-06 03:32:25.178  2149  2169 W ActivityManager: getTasks: caller 10115 does not hold REAL_GET_TASKS; limiting output
01-06 03:32:26.181  2149  2394 W ActivityManager: getTasks: caller 10115 does not hold REAL_GET_TASKS; limiting output
01-06 03:32:27.180 10925 10925 W linker  : [vdso]: unused DT entry: type 0x6ffffef5 arg 0x160
01-06 03:32:27.184  2149  9351 W ActivityManager: getTasks: caller 10115 does not hold REAL_GET_TASKS; limiting output
01-06 03:32:27.817  2149  3128 I ActivityManager: Start proc 10926:org.mozilla.firefox.UpdateService/u0a119 for service org.mozilla.firefox/org.mozilla.gecko.updater.UpdateService
01-06 03:32:27.837 10926 10926 I ActivityThread: Switching default density from 160 to 240
01-06 03:32:27.891  2149  2206 D NsdService: New client listening to asynchronous messages
01-06 03:32:27.891  2149  2206 D NsdService: New client, channel: com.android.internal.util.AsyncChannel@6d3a297 messenger: android.os.Messenger@3b706c84
01-06 03:32:27.895  2149  2204 D WifiService: New client listening to asynchronous messages
01-06 03:32:27.942 10926 10949 I UpdateService: no update has ever been attempted, checking now
01-06 03:32:27.968 10926 10949 I UpdateService: next update will be at: Thu Jan 07 03:32:27 GMT+00:00 2016
01-06 03:32:27.972 10926 10949 I UpdateService: opening connection with URI: https://aus5.mozilla.org/update/4/Fennec/42.0/20151029024147/Android_x86-gcc3/en-US/release/5.1.1/default/default/42.0/update.xml
01-06 03:32:27.974 10926 10949 W ActivityThread: ClassLoader.loadClass: The class loader returned by Thread.getContextClassLoader() may fail for processes that host multiple applications. You should explicitly specify a context class loader. For example: Thread.setContextClassLoader(getClass().getClassLoader());
01-06 03:32:28.185  2149  2169 W ActivityManager: getTasks: caller 10115 does not hold REAL_GET_TASKS; limiting output
01-06 03:32:28.756 10926 10949 I UpdateService: no update available
01-06 03:32:29.188  2149  3042 W ActivityManager: getTasks: caller 10115 does not hold REAL_GET_TASKS; limiting output
01-06 03:32:30.191  2149  2394 W ActivityManager: getTasks: caller 10115 does not hold REAL_GET_TASKS; limiting output
01-06 03:32:31.194  2149  9351 W ActivityManager: getTasks: caller 10115 does not hold REAL_GET_TASKS; limiting output
01-06 03:32:32.192 10954 10954 W linker  : [vdso]: unused DT entry: type 0x6ffffef5 arg 0x160
01-06 03:32:32.197  2149  3128 W ActivityManager: getTasks: caller 10115 does not hold REAL_GET_TASKS; limiting output
01-06 03:32:33.198  2149  2169 W ActivityManager: getTasks: caller 10115 does not hold REAL_GET_TASKS; limiting output
01-06 03:32:34.199  2149  9351 W ActivityManager: getTasks: caller 10115 does not hold REAL_GET_TASKS; limiting output
01-06 03:32:35.202  2149  3128 W ActivityManager: getTasks: caller 10115 does not hold REAL_GET_TASKS; limiting output
01-06 03:32:36.206  2149  4763 W ActivityManager: getTasks: caller 10115 does not hold REAL_GET_TASKS; limiting output
01-06 03:32:37.203 10955 10955 W linker  : [vdso]: unused DT entry: type 0x6ffffef5 arg 0x160
01-06 03:32:37.209  2149  9351 W ActivityManager: getTasks: caller 10115 does not hold REAL_GET_TASKS; limiting output
01-06 03:32:38.211  2149  2377 W ActivityManager: getTasks: caller 10115 does not hold REAL_GET_TASKS; limiting output
01-06 03:32:39.214  2149  2394 W ActivityManager: getTasks: caller 10115 does not hold REAL_GET_TASKS; limiting output
01-06 03:32:40.216  2149  8057 W ActivityManager: getTasks: caller 10115 does not hold REAL_GET_TASKS; limiting output
01-06 03:32:40.999 10956 10956 W linker  : [vdso]: unused DT entry: type 0x6ffffef5 arg 0x160
