12-29 05:50:40.744  4356  4418 W ContextImpl: Failed to ensure directory: /storage/usb3/Android/data/com.popcap.pvz2cthdwdj/files
12-29 05:50:40.744  1895  1923 E Vold    : Failed to find mounted volume for /storage/sdcard1/Android/data/com.popcap.pvz2cthdwdj/files/
12-29 05:50:40.744  4356  4418 W ContextImpl: Failed to ensure directory: /storage/sdcard1/Android/data/com.popcap.pvz2cthdwdj/files
12-29 05:50:40.744  1895  1923 E Vold    : Failed to find mounted volume for /storage/usb0/Android/data/com.popcap.pvz2cthdwdj/files/
12-29 05:50:40.744  4356  4418 W ContextImpl: Failed to ensure directory: /storage/usb0/Android/data/com.popcap.pvz2cthdwdj/files
12-29 05:50:40.744  1895  1923 E Vold    : Failed to find mounted volume for /storage/usb2/Android/data/com.popcap.pvz2cthdwdj/files/
12-29 05:50:40.744  4356  4418 W ContextImpl: Failed to ensure directory: /storage/usb2/Android/data/com.popcap.pvz2cthdwdj/files
12-29 05:50:40.744  1895  1923 E Vold    : Failed to find mounted volume for /storage/usb3/Android/data/com.popcap.pvz2cthdwdj/files/
12-29 05:50:40.745  4356  4418 W ContextImpl: Failed to ensure directory: /storage/usb3/Android/data/com.popcap.pvz2cthdwdj/files
12-29 05:50:40.745  1895  1923 E Vold    : Failed to find mounted volume for /storage/sdcard1/Android/data/com.popcap.pvz2cthdwdj/files/
12-29 05:50:40.745  4356  4418 W ContextImpl: Failed to ensure directory: /storage/sdcard1/Android/data/com.popcap.pvz2cthdwdj/files
12-29 05:50:40.745  4356  4418 E GetAssetFileInfo: java.io.FileNotFoundException: ge/emulated/0/Android/data/com.popcap.pvz2cthdwdj/files/dynamic.rsb.tag.smf.smf
12-29 05:50:40.747  4435  4435 I ActivityThread: Switching default density from 160 to 240
12-29 05:50:40.750  4435  4435 D houdini : [4435] Added shared library /data/app/com.popcap.pvz2cthdwdj-1/lib/arm/libDexHelper.so for ClassLoader by Native Bridge.
12-29 05:50:40.753  1895  1923 E Vold    : Failed to find mounted volume for /storage/usb0/Android/data/com.popcap.pvz2cthdwdj/files/
12-29 05:50:40.753  4356  4418 W ContextImpl: Failed to ensure directory: /storage/usb0/Android/data/com.popcap.pvz2cthdwdj/files
12-29 05:50:40.753  1895  1923 E Vold    : Failed to find mounted volume for /storage/usb2/Android/data/com.popcap.pvz2cthdwdj/files/
12-29 05:50:40.753  4356  4418 W ContextImpl: Failed to ensure directory: /storage/usb2/Android/data/com.popcap.pvz2cthdwdj/files
12-29 05:50:40.753  1895  1923 E Vold    : Failed to find mounted volume for /storage/usb3/Android/data/com.popcap.pvz2cthdwdj/files/
12-29 05:50:40.753  4356  4418 W ContextImpl: Failed to ensure directory: /storage/usb3/Android/data/com.popcap.pvz2cthdwdj/files
12-29 05:50:40.753  4460  4460 W linker  : [vdso]: unused DT entry: type 0x6ffffef5 arg 0x160
12-29 05:50:40.753  1895  1923 E Vold    : Failed to find mounted volume for /storage/sdcard1/Android/data/com.popcap.pvz2cthdwdj/files/
12-29 05:50:40.753  4356  4418 W ContextImpl: Failed to ensure directory: /storage/sdcard1/Android/data/com.popcap.pvz2cthdwdj/files
12-29 05:50:40.754  1895  1923 E Vold    : Failed to find mounted volume for /storage/usb0/Android/data/com.popcap.pvz2cthdwdj/files/
12-29 05:50:40.754  4356  4418 W ContextImpl: Failed to ensure directory: /storage/usb0/Android/data/com.popcap.pvz2cthdwdj/files
12-29 05:50:40.754  1895  1923 E Vold    : Failed to find mounted volume for /storage/usb2/Android/data/com.popcap.pvz2cthdwdj/files/
12-29 05:50:40.754  4356  4418 W ContextImpl: Failed to ensure directory: /storage/usb2/Android/data/com.popcap.pvz2cthdwdj/files
12-29 05:50:40.754  1895  1923 E Vold    : Failed to find mounted volume for /storage/usb3/Android/data/com.popcap.pvz2cthdwdj/files/
12-29 05:50:40.754  4356  4418 W ContextImpl: Failed to ensure directory: /storage/usb3/Android/data/com.popcap.pvz2cthdwdj/files
12-29 05:50:40.754  1895  1923 E Vold    : Failed to find mounted volume for /storage/sdcard1/Android/data/com.popcap.pvz2cthdwdj/files/
12-29 05:50:40.754  4356  4418 W ContextImpl: Failed to ensure directory: /storage/sdcard1/Android/data/com.popcap.pvz2cthdwdj/files
12-29 05:50:40.755  4356  4418 E GetAssetFileInfo: java.io.FileNotFoundException: ge/emulated/0/Android/data/com.popcap.pvz2cthdwdj/files/init.rsb.tag.smf.smf
12-29 05:50:40.767  4435  4435 E art     : dlopen("/data/data/com.popcap.pvz2cthdwdj/.cache/libDexHelper-x86.so", RTLD_LAZY) failed: dlopen failed: library "/data/data/com.popcap.pvz2cthdwdj/.cache/libDexHelper-x86.so" not found
12-29 05:50:40.768  4435  4435 E sdk     : DexInstall begin
12-29 05:50:40.768  4435  4435 E sdk     : DexInstall 11111
12-29 05:50:40.768  4435  4435 E sdk     : installSecondarDexs
12-29 05:50:40.768  4435  4435 E sdk     : v19 install
12-29 05:50:40.768  4435  4435 W System  : ClassLoader referenced unknown path: /data/data/com.popcap.pvz2cthdwdj/.cache/classes.jar
12-29 05:50:40.768  4435  4435 E sdk     : DexInstall 22222
12-29 05:50:40.769  4435  4435 D houdini : [4435] Added shared library /data/app/com.popcap.pvz2cthdwdj-1/lib/arm/libmegjb.so for ClassLoader by Native Bridge.
12-29 05:50:40.771  2169  2501 W ActivityManager: getRunningAppProcesses: caller 10065 does not hold REAL_GET_TASKS; limiting output
12-29 05:50:40.771  4435  4435 I unipaysdk: pid:4356 process:com.popcap.pvz2cthdwdj
12-29 05:50:40.771  4435  4435 I unipaysdk: pid:4435 process:com.popcap.pvz2cthdwdj:remote
12-29 05:50:40.782  1895  1923 E Vold    : Failed to find mounted volume for /storage/usb0/Android/data/com.popcap.pvz2cthdwdj/files/
12-29 05:50:40.782  4356  4418 W ContextImpl: Failed to ensure directory: /storage/usb0/Android/data/com.popcap.pvz2cthdwdj/files
12-29 05:50:40.782  1895  1923 E Vold    : Failed to find mounted volume for /storage/usb2/Android/data/com.popcap.pvz2cthdwdj/files/
12-29 05:50:40.782  4356  4418 W ContextImpl: Failed to ensure directory: /storage/usb2/Android/data/com.popcap.pvz2cthdwdj/files
12-29 05:50:40.782  1895  1923 E Vold    : Failed to find mounted volume for /storage/usb3/Android/data/com.popcap.pvz2cthdwdj/files/
12-29 05:50:40.782  4356  4418 W ContextImpl: Failed to ensure directory: /storage/usb3/Android/data/com.popcap.pvz2cthdwdj/files
12-29 05:50:40.783  1895  1923 E Vold    : Failed to find mounted volume for /storage/sdcard1/Android/data/com.popcap.pvz2cthdwdj/files/
12-29 05:50:40.783  4356  4418 W ContextImpl: Failed to ensure directory: /storage/sdcard1/Android/data/com.popcap.pvz2cthdwdj/files
12-29 05:50:40.783  1895  1923 E Vold    : Failed to find mounted volume for /storage/usb0/Android/data/com.popcap.pvz2cthdwdj/files/
12-29 05:50:40.783  4356  4418 W ContextImpl: Failed to ensure directory: /storage/usb0/Android/data/com.popcap.pvz2cthdwdj/files
12-29 05:50:40.783  1895  1923 E Vold    : Failed to find mounted volume for /storage/usb2/Android/data/com.popcap.pvz2cthdwdj/files/
12-29 05:50:40.783  4356  4418 W ContextImpl: Failed to ensure directory: /storage/usb2/Android/data/com.popcap.pvz2cthdwdj/files
12-29 05:50:40.783  1895  1923 E Vold    : Failed to find mounted volume for /storage/usb3/Android/data/com.popcap.pvz2cthdwdj/files/
12-29 05:50:40.783  4356  4418 W ContextImpl: Failed to ensure directory: /storage/usb3/Android/data/com.popcap.pvz2cthdwdj/files
12-29 05:50:40.783  1895  1923 E Vold    : Failed to find mounted volume for /storage/sdcard1/Android/data/com.popcap.pvz2cthdwdj/files/
12-29 05:50:40.783  4356  4418 W ContextImpl: Failed to ensure directory: /storage/sdcard1/Android/data/com.popcap.pvz2cthdwdj/files
12-29 05:50:40.784  4356  4418 E GetAssetFileInfo: java.io.FileNotFoundException: ge/emulated/0/Android/data/com.popcap.pvz2cthdwdj/files/uicommon.rsb.tag.smf.smf
12-29 05:50:40.794  1895  1923 E Vold    : Failed to find mounted volume for /storage/usb0/Android/data/com.popcap.pvz2cthdwdj/files/
12-29 05:50:40.794  4356  4418 W ContextImpl: Failed to ensure directory: /storage/usb0/Android/data/com.popcap.pvz2cthdwdj/files
12-29 05:50:40.794  1895  1923 E Vold    : Failed to find mounted volume for /storage/usb2/Android/data/com.popcap.pvz2cthdwdj/files/
12-29 05:50:40.794  4356  4418 W ContextImpl: Failed to ensure directory: /storage/usb2/Android/data/com.popcap.pvz2cthdwdj/files
12-29 05:50:40.795  1895  1923 E Vold    : Failed to find mounted volume for /storage/usb3/Android/data/com.popcap.pvz2cthdwdj/files/
12-29 05:50:40.795  4356  4418 W ContextImpl: Failed to ensure directory: /storage/usb3/Android/data/com.popcap.pvz2cthdwdj/files
12-29 05:50:40.795  1895  1923 E Vold    : Failed to find mounted volume for /storage/sdcard1/Android/data/com.popcap.pvz2cthdwdj/files/
12-29 05:50:40.795  4356  4418 W ContextImpl: Failed to ensure directory: /storage/sdcard1/Android/data/com.popcap.pvz2cthdwdj/files
12-29 05:50:40.795  1895  1923 E Vold    : Failed to find mounted volume for /storage/usb0/Android/data/com.popcap.pvz2cthdwdj/files/
12-29 05:50:40.795  4356  4418 W ContextImpl: Failed to ensure directory: /storage/usb0/Android/data/com.popcap.pvz2cthdwdj/files
12-29 05:50:40.795  1895  1923 E Vold    : Failed to find mounted volume for /storage/usb2/Android/data/com.popcap.pvz2cthdwdj/files/
12-29 05:50:40.795  4356  4418 W ContextImpl: Failed to ensure directory: /storage/usb2/Android/data/com.popcap.pvz2cthdwdj/files
12-29 05:50:40.795  1895  1923 E Vold    : Failed to find mounted volume for /storage/usb3/Android/data/com.popcap.pvz2cthdwdj/files/
12-29 05:50:40.795  4356  4418 W ContextImpl: Failed to ensure directory: /storage/usb3/Android/data/com.popcap.pvz2cthdwdj/files
12-29 05:50:40.795  1895  1923 E Vold    : Failed to find mounted volume for /storage/sdcard1/Android/data/com.popcap.pvz2cthdwdj/files/
12-29 05:50:40.796  4356  4418 W ContextImpl: Failed to ensure directory: /storage/sdcard1/Android/data/com.popcap.pvz2cthdwdj/files
12-29 05:50:40.796  4356  4418 E GetAssetFileInfo: java.io.FileNotFoundException: ge/emulated/0/Android/data/com.popcap.pvz2cthdwdj/files/dynamic.rsb.tag.smf.smf
12-29 05:50:40.796  4356  4418 E GetAssetFileInfo: java.io.FileNotFoundException: ge/emulated/0/Android/data/com.popcap.pvz2cthdwdj/files/dynamic.rsb.smf.smf
12-29 05:50:40.864  4356  4418 E GetAssetFileInfo: java.io.FileNotFoundException: ge/emulated/0/Android/data/com.popcap.pvz2cthdwdj/files/init.rsb.tag.smf.smf
12-29 05:50:40.864  4356  4418 E GetAssetFileInfo: java.io.FileNotFoundException: ge/emulated/0/Android/data/com.popcap.pvz2cthdwdj/files/init.rsb.smf.smf
12-29 05:50:40.970  4356  4418 E GetAssetFileInfo: java.io.FileNotFoundException: ge/emulated/0/Android/data/com.popcap.pvz2cthdwdj/files/uicommon.rsb.tag.smf.smf
12-29 05:50:40.970  4356  4418 E GetAssetFileInfo: java.io.FileNotFoundException: ge/emulated/0/Android/data/com.popcap.pvz2cthdwdj/files/uicommon.rsb.smf.smf
12-29 05:50:40.971  2169 13566 W ActivityManager: getTasks: caller 10076 does not hold REAL_GET_TASKS; limiting output
12-29 05:50:41.086  4435  4464 D ++++++++: IsGetNotificationTimeOut = 65972086 dis = 28800000
12-29 05:50:41.140  4435  4464 D **************** : l=0&v=22&s=[{"s":1034,"v":"1.6.5"}]&c=[]&req=I1&e=2&m=00000000-02e7-16f6-0033-c5870033c587&w=0& url = http://pnserver.intelligent.popcap.com.cn/index.php?
12-29 05:50:41.785  4356  4418 E GetAssetFileInfo: java.io.FileNotFoundException: data/com.popcap.pvz2cthdwdj/filesNo_Backup/pp.dat.smf
12-29 05:50:41.801  4356  4418 W libc    : pthread_create sched_setscheduler call failed: Operation not permitted
12-29 05:50:41.801  4356  4418 W libc    : pthread_create sched_setscheduler call failed: Operation not permitted
12-29 05:50:41.802  4356  4418 W libOpenSLES: Leaving Object::GetInterface (SL_RESULT_FEATURE_UNSUPPORTED)
12-29 05:50:41.802  4356  4418 W AudioTrack: AUDIO_OUTPUT_FLAG_FAST denied by client
12-29 05:50:41.819  4356  4418 W libc    : pthread_create sched_setscheduler call failed: Operation not permitted
12-29 05:50:41.846  4356  4418 E GetAssetFileInfo: java.io.FileNotFoundException: ge/emulated/0/Android/data/com.popcap.pvz2cthdwdj/files/uicommon.rsb.smf.smf
12-29 05:50:41.852  4356  4418 W System.err: java.lang.NoSuchMethodException: getSubscriberIdGemini [int]
12-29 05:50:41.852  4356  4418 W System.err: 	at java.lang.Class.getMethod(Class.java:664)
12-29 05:50:41.852  4356  4418 W System.err: 	at java.lang.Class.getMethod(Class.java:643)
12-29 05:50:41.852  4356  4418 W System.err: 	at com.popcap.SexyAppFramework.AndroidGameApp.getIMSIBySlot(AndroidGameApp.java:1398)
12-29 05:50:41.852  4356  4418 W System.err: 	at com.popcap.SexyAppFramework.AndroidGameApp.Diag_GetMobileCardType(AndroidGameApp.java:1321)
12-29 05:50:41.852  4356  4418 W System.err: 	at com.popcap.SexyAppFramework.AndroidSurfaceView.Native_onSurfaceCreated(Native Method)
12-29 05:50:41.852  4356  4418 W System.err: 	at com.popcap.SexyAppFramework.AndroidSurfaceView.access$500(AndroidSurfaceView.java:42)
12-29 05:50:41.852  4356  4418 W System.err: 	at com.popcap.SexyAppFramework.AndroidSurfaceView$AndroidRenderer.onSurfaceCreated(AndroidSurfaceView.java:817)
12-29 05:50:41.852  4356  4418 W System.err: 	at android.opengl.GLSurfaceView$GLThread.guardedRun(GLSurfaceView.java:1500)
12-29 05:50:41.852  4356  4418 W System.err: 	at android.opengl.GLSurfaceView$GLThread.run(GLSurfaceView.java:1239)
12-29 05:50:41.852  4356  4418 W System.err: java.lang.NoSuchMethodException: getSubscriberIdGemini [int]
12-29 05:50:41.853  4356  4418 W System.err: 	at java.lang.Class.getMethod(Class.java:664)
12-29 05:50:41.853  4356  4418 W System.err: 	at java.lang.Class.getMethod(Class.java:643)
12-29 05:50:41.853  4356  4418 W System.err: 	at com.popcap.SexyAppFramework.AndroidGameApp.getIMSIBySlot(AndroidGameApp.java:1398)
12-29 05:50:41.853  4356  4418 W System.err: 	at com.popcap.SexyAppFramework.AndroidGameApp.Diag_GetMobileCardType(AndroidGameApp.java:1328)
12-29 05:50:41.853  4356  4418 W System.err: 	at com.popcap.SexyAppFramework.AndroidSurfaceView.Native_onSurfaceCreated(Native Method)
12-29 05:50:41.853  4356  4418 W System.err: 	at com.popcap.SexyAppFramework.AndroidSurfaceView.access$500(AndroidSurfaceView.java:42)
12-29 05:50:41.853  4356  4418 W System.err: 	at com.popcap.SexyAppFramework.AndroidSurfaceView$AndroidRenderer.onSurfaceCreated(AndroidSurfaceView.java:817)
12-29 05:50:41.853  4356  4418 W System.err: 	at android.opengl.GLSurfaceView$GLThread.guardedRun(GLSurfaceView.java:1500)
12-29 05:50:41.853  4356  4418 W System.err: 	at android.opengl.GLSurfaceView$GLThread.run(GLSurfaceView.java:1239)
12-29 05:50:41.853  4356  4418 E GetAssetFileInfo: java.io.FileNotFoundException: data/com.popcap.pvz2cthdwdj/filesNo_Backup/tlogcache.dat.smf
12-29 05:50:41.872  4356  4418 W System.err: java.lang.NoSuchMethodException: getSubscriberIdGemini [int]
12-29 05:50:41.872  4356  4418 W System.err: 	at java.lang.Class.getMethod(Class.java:664)
12-29 05:50:41.872  4356  4418 W System.err: 	at java.lang.Class.getMethod(Class.java:643)
12-29 05:50:41.872  4356  4418 W System.err: 	at com.popcap.SexyAppFramework.AndroidGameApp.getIMSIBySlot(AndroidGameApp.java:1398)
12-29 05:50:41.872  4356  4418 W System.err: 	at com.popcap.SexyAppFramework.AndroidGameApp.Diag_GetMobileCardType(AndroidGameApp.java:1321)
12-29 05:50:41.872  4356  4418 W System.err: 	at com.popcap.SexyAppFramework.AndroidSurfaceView.Native_onSurfaceCreated(Native Method)
12-29 05:50:41.872  4356  4418 W System.err: 	at com.popcap.SexyAppFramework.AndroidSurfaceView.access$500(AndroidSurfaceView.java:42)
12-29 05:50:41.872  4356  4418 W System.err: 	at com.popcap.SexyAppFramework.AndroidSurfaceView$AndroidRenderer.onSurfaceCreated(AndroidSurfaceView.java:817)
12-29 05:50:41.872  4356  4418 W System.err: 	at android.opengl.GLSurfaceView$GLThread.guardedRun(GLSurfaceView.java:1500)
12-29 05:50:41.872  4356  4418 W System.err: 	at android.opengl.GLSurfaceView$GLThread.run(GLSurfaceView.java:1239)
12-29 05:50:41.873  4356  4418 W System.err: java.lang.NoSuchMethodException: getSubscriberIdGemini [int]
12-29 05:50:41.873  4356  4418 W System.err: 	at java.lang.Class.getMethod(Class.java:664)
12-29 05:50:41.873  4356  4418 W System.err: 	at java.lang.Class.getMethod(Class.java:643)
12-29 05:50:41.873  4356  4418 W System.err: 	at com.popcap.SexyAppFramework.AndroidGameApp.getIMSIBySlot(AndroidGameApp.java:1398)
12-29 05:50:41.873  4356  4418 W System.err: 	at com.popcap.SexyAppFramework.AndroidGameApp.Diag_GetMobileCardType(AndroidGameApp.java:1328)
12-29 05:50:41.873  4356  4418 W System.err: 	at com.popcap.SexyAppFramework.AndroidSurfaceView.Native_onSurfaceCreated(Native Method)
12-29 05:50:41.873  4356  4418 W System.err: 	at com.popcap.SexyAppFramework.AndroidSurfaceView.access$500(AndroidSurfaceView.java:42)
12-29 05:50:41.873  4356  4418 W System.err: 	at com.popcap.SexyAppFramework.AndroidSurfaceView$AndroidRenderer.onSurfaceCreated(AndroidSurfaceView.java:817)
12-29 05:50:41.873  4356  4418 W System.err: 	at android.opengl.GLSurfaceView$GLThread.guardedRun(GLSurfaceView.java:1500)
12-29 05:50:41.873  4356  4418 W System.err: 	at android.opengl.GLSurfaceView$GLThread.run(GLSurfaceView.java:1239)
12-29 05:50:41.873  4356  4418 I ZXCpro  : FinishShowProgressBar()
12-29 05:50:41.873  4356  4418 V ZXCpro  : AndroidGameApp.UI_FinishShowProgressBar()!
12-29 05:50:41.873  4356  4418 I WechatNativePlatform: Let's get retarded!
12-29 05:50:41.873  4356  4418 I JavaClass: jclass:0x100b4e is com/popcap/SexyAppFramework/WechatPlatform
12-29 05:50:41.873  4356  4418 I JavaClass: register native [0x4ee3798] as com/popcap/SexyAppFramework/WechatPlatform.Native_ShareComplete(JI)V 
12-29 05:50:41.873  4356  4418 I JavaBase: New com/popcap/SexyAppFramework/WechatPlatform.<init>(J)V
12-29 05:50:41.873  4356  4418 I JavaBase: mJavaObject <- 0x100ba2
12-29 05:50:41.873  4356  4418 V WechatNativePlatform: Initialize
12-29 05:50:41.904  4356  4418 E GetAssetFileInfo: java.io.FileNotFoundException: data/com.popcap.pvz2cthdwdj/filesNo_Backup/pvz2_log.txt.smf
12-29 05:50:41.913  4356  4418 I Surface : onSurfaceChanged - Native_onSurfaceChanged :: 1920 1008
12-29 05:50:41.918  4473  4473 D houdini : [4473] Initialize library(version: 5.2.2_y.47738 RELEASE)... successfully.
12-29 05:50:41.918  2169  2193 I ActivityManager: Start proc 4473:com.tencent.mm/u0a70 for broadcast com.tencent.mm/.plugin.base.stub.WXEntryActivity$EntryReceiver
12-29 05:50:41.922  4473  4473 I ActivityThread: Switching default density from 160 to 240
12-29 05:50:41.924  2169  2189 W ActivityManager: getRunningAppProcesses: caller 10070 does not hold REAL_GET_TASKS; limiting output
12-29 05:50:41.971  2169  7590 W ActivityManager: getTasks: caller 10076 does not hold REAL_GET_TASKS; limiting output
12-29 05:50:41.975  4473  4473 D houdini : [4473] Added shared library /data/data/com.tencent.mm/app_recover_lib/libstlport_shared.so for ClassLoader by Native Bridge.
12-29 05:50:41.976  4473  4473 E ActivityThread: Failed to find provider info for com.tencent.mm.coolassist.debugprovider
12-29 05:50:41.978  4473  4473 D houdini : [4473] Added shared library /data/app/com.tencent.mm-1/lib/arm/libwechatxlog.so for ClassLoader by Native Bridge.
12-29 05:50:41.978  4473  4473 W MicroMsg.xlogger: JNI_Xlog_onCreate
12-29 05:50:41.988  4473  4473 D houdini : [4473] Added shared library /data/app/com.tencent.mm-1/lib/arm/libwechatCrashForJni.so for ClassLoader by Native Bridge.
12-29 05:50:41.988  4473  4473 W jni crash monitor: JNI_OnLoad
12-29 05:50:41.992  4473  4473 D houdini : [4473] Added shared library /data/app/com.tencent.mm-1/lib/arm/libwechatmm.so for ClassLoader by Native Bridge.
12-29 05:50:42.009  2169  7588 W ActivityManager: getTasks: caller 10070 does not hold REAL_GET_TASKS; limiting output
12-29 05:50:42.013  4356  4472 I MID     : read mid from InternalStorage
12-29 05:50:42.013  4356  4472 I MID     : read mid from InternalStorage:xjgb63YAl1U30hOF1JsQ5iGWIZF8u2mjXCQLvw6B0a5sJRFog+nageVqTT+gHncbT0072vBWSV9qR3dJ9l7aYwgJlqZy
12-29 05:50:42.019  4508  4508 W linker  : [vdso]: unused DT entry: type 0x6ffffef5 arg 0x160
12-29 05:50:42.023  4510  4510 W linker  : [vdso]: unused DT entry: type 0x6ffffef5 arg 0x160
12-29 05:50:42.025  2169  2501 W ActivityManager: getRunningAppProcesses: caller 10065 does not hold REAL_GET_TASKS; limiting output
12-29 05:50:42.105  4473  4473 D houdini : [4473] Added shared library /data/app/com.tencent.mm-1/lib/arm/libkkdb.so for ClassLoader by Native Bridge.
12-29 05:50:42.107  4473  4473 D houdini : [4473] Added shared library /data/app/com.tencent.mm-1/lib/arm/libMMProtocalJni.so for ClassLoader by Native Bridge.
12-29 05:50:42.107  4473  4473 D houdini : [4473] Added shared library /data/app/com.tencent.mm-1/lib/arm/libwechatvoicereco.so for ClassLoader by Native Bridge.
12-29 05:50:42.107  4473  4473 D houdini : [4473] Added shared library /data/app/com.tencent.mm-1/lib/arm/libwechatcommon.so for ClassLoader by Native Bridge.
12-29 05:50:42.109  4473  4473 D houdini : [4473] Added shared library /data/app/com.tencent.mm-1/lib/arm/libFFmpeg.so for ClassLoader by Native Bridge.
12-29 05:50:42.114  4473  4473 D houdini : [4473] Added shared library /data/app/com.tencent.mm-1/lib/arm/libwechatpack.so for ClassLoader by Native Bridge.
12-29 05:50:42.114  4473  4473 D houdini : [4473] Added shared library /data/app/com.tencent.mm-1/lib/arm/libtencentloc.so for ClassLoader by Native Bridge.
12-29 05:50:42.118  4515  4515 W linker  : [vdso]: unused DT entry: type 0x6ffffef5 arg 0x160
12-29 05:50:42.121  4517  4517 W linker  : [vdso]: unused DT entry: type 0x6ffffef5 arg 0x160
12-29 05:50:42.122  4473  4473 D houdini : [4473] Added shared library /data/app/com.tencent.mm-1/lib/arm/libwechatsight_v7a.so for ClassLoader by Native Bridge.
12-29 05:50:42.153  4473  4473 I art     : Rejecting re-init on previously-failed class java.lang.Class<com.tencent.mm.plugin.location_google.GoogleMapView>
12-29 05:50:42.153  4473  4473 I art     : Rejecting re-init on previously-failed class java.lang.Class<com.tencent.mm.plugin.location_google.GoogleMapView>
12-29 05:50:42.153  4473  4473 I art     : Rejecting re-init on previously-failed class java.lang.Class<com.tencent.mm.plugin.location_google.GoogleProxyUI>
12-29 05:50:42.153  4473  4473 I art     : Rejecting re-init on previously-failed class java.lang.Class<com.tencent.mm.plugin.location_google.GoogleProxyUI>
12-29 05:50:42.972  2169  7588 W ActivityManager: getTasks: caller 10076 does not hold REAL_GET_TASKS; limiting output
12-29 05:50:43.547  2169  2192 D gps_serial: set_position_mode: mode=0 recurrence=0 min_interval=1000 preferred_accuracy=0 preferred_time=0
12-29 05:50:43.547  2169  2192 D gps_serial: serial_gps_start: called
12-29 05:50:43.547  2169  2192 D gps_serial: gps_state_start: could not send CMD_START command: ret=-1: Bad file number
12-29 05:50:43.547  2169  2192 D gps_serial: serial_gps_stop: called
12-29 05:50:43.547  2169  2192 D gps_serial: gps_state_stop: could not send CMD_STOP command: ret=-1: Bad file number
12-29 05:50:43.576  4356  4422 I TDGA    : Send data to server.
12-29 05:50:43.660  4356  4422 I TDGA    : Send success : true
12-29 05:50:43.974  2169  7588 W ActivityManager: getTasks: caller 10076 does not hold REAL_GET_TASKS; limiting output
12-29 05:50:44.064  4529  4529 W linker  : [vdso]: unused DT entry: type 0x6ffffef5 arg 0x160
12-29 05:50:44.976  2169 13566 W ActivityManager: getTasks: caller 10076 does not hold REAL_GET_TASKS; limiting output
12-29 05:50:45.978  2169 14271 W ActivityManager: getTasks: caller 10076 does not hold REAL_GET_TASKS; limiting output
12-29 05:50:48.683  4356  4418 E GetAssetFileInfo: java.io.FileNotFoundException: ge/emulated/0/Android/data/com.popcap.pvz2cthdwdj/files/plant1.rsb.tag.smf.smf
12-29 05:50:48.696  4356  4418 E GetAssetFileInfo: java.io.FileNotFoundException: ge/emulated/0/Android/data/com.popcap.pvz2cthdwdj/files/plant1.rsb.smf.smf
12-29 05:50:48.878  4356  4418 E GetAssetFileInfo: java.io.FileNotFoundException: ge/emulated/0/Android/data/com.popcap.pvz2cthdwdj/files/plant2.rsb.tag.smf.smf
12-29 05:50:48.878  4356  4418 E GetAssetFileInfo: java.io.FileNotFoundException: ge/emulated/0/Android/data/com.popcap.pvz2cthdwdj/files/plant2.rsb.smf.smf
12-29 05:50:49.071  4530  4530 W linker  : [vdso]: unused DT entry: type 0x6ffffef5 arg 0x160
12-29 05:50:49.072  4356  4418 E GetAssetFileInfo: java.io.FileNotFoundException: ge/emulated/0/Android/data/com.popcap.pvz2cthdwdj/files/zombie1.rsb.tag.smf.smf
12-29 05:50:49.072  4356  4418 E GetAssetFileInfo: java.io.FileNotFoundException: ge/emulated/0/Android/data/com.popcap.pvz2cthdwdj/files/zombie1.rsb.smf.smf
12-29 05:50:49.142  4356  4418 E GetAssetFileInfo: java.io.FileNotFoundException: ge/emulated/0/Android/data/com.popcap.pvz2cthdwdj/files/zombie2.rsb.tag.smf.smf
12-29 05:50:49.154  4356  4418 E GetAssetFileInfo: java.io.FileNotFoundException: ge/emulated/0/Android/data/com.popcap.pvz2cthdwdj/files/zombie2.rsb.smf.smf
12-29 05:50:49.317  4356  4418 E GetAssetFileInfo: java.io.FileNotFoundException: ge/emulated/0/Android/data/com.popcap.pvz2cthdwdj/files/zombie3.rsb.tag.smf.smf
12-29 05:50:49.326  4356  4418 E GetAssetFileInfo: java.io.FileNotFoundException: ge/emulated/0/Android/data/com.popcap.pvz2cthdwdj/files/zombie3.rsb.smf.smf
12-29 05:50:49.466  4356  4418 E GetAssetFileInfo: java.io.FileNotFoundException: ge/emulated/0/Android/data/com.popcap.pvz2cthdwdj/files/uiactive.rsb.tag.smf.smf
12-29 05:50:49.466  4356  4418 E GetAssetFileInfo: java.io.FileNotFoundException: ge/emulated/0/Android/data/com.popcap.pvz2cthdwdj/files/uiactive.rsb.smf.smf
12-29 05:50:49.539  4356  4418 E GetAssetFileInfo: java.io.FileNotFoundException: ge/emulated/0/Android/data/com.popcap.pvz2cthdwdj/files/egypt.rsb.tag.smf.smf
12-29 05:50:49.539  4356  4418 E GetAssetFileInfo: java.io.FileNotFoundException: ge/emulated/0/Android/data/com.popcap.pvz2cthdwdj/files/egypt.rsb.smf.smf
12-29 05:50:49.566  4356  4418 E GetAssetFileInfo: java.io.FileNotFoundException: ge/emulated/0/Android/data/com.popcap.pvz2cthdwdj/files/pirate.rsb.tag.smf.smf
12-29 05:50:49.567  4356  4418 E GetAssetFileInfo: java.io.FileNotFoundException: ge/emulated/0/Android/data/com.popcap.pvz2cthdwdj/files/pirate.rsb.smf.smf
12-29 05:50:49.600  4356  4418 E GetAssetFileInfo: java.io.FileNotFoundException: ge/emulated/0/Android/data/com.popcap.pvz2cthdwdj/files/cowboy.rsb.tag.smf.smf
12-29 05:50:49.601  4356  4418 E GetAssetFileInfo: java.io.FileNotFoundException: ge/emulated/0/Android/data/com.popcap.pvz2cthdwdj/files/cowboy.rsb.smf.smf
12-29 05:50:49.625  4356  4418 E GetAssetFileInfo: java.io.FileNotFoundException: ge/emulated/0/Android/data/com.popcap.pvz2cthdwdj/files/kongfu.rsb.tag.smf.smf
12-29 05:50:49.625  4356  4418 E GetAssetFileInfo: java.io.FileNotFoundException: ge/emulated/0/Android/data/com.popcap.pvz2cthdwdj/files/kongfu.rsb.smf.smf
12-29 05:50:49.657  4356  4418 E GetAssetFileInfo: java.io.FileNotFoundException: ge/emulated/0/Android/data/com.popcap.pvz2cthdwdj/files/future.rsb.tag.smf.smf
12-29 05:50:49.657  4356  4418 E GetAssetFileInfo: java.io.FileNotFoundException: ge/emulated/0/Android/data/com.popcap.pvz2cthdwdj/files/future.rsb.smf.smf
12-29 05:50:49.693  4356  4418 E GetAssetFileInfo: java.io.FileNotFoundException: ge/emulated/0/Android/data/com.popcap.pvz2cthdwdj/files/dark.rsb.tag.smf.smf
12-29 05:50:49.703  4356  4418 E GetAssetFileInfo: java.io.FileNotFoundException: ge/emulated/0/Android/data/com.popcap.pvz2cthdwdj/files/dark.rsb.smf.smf
12-29 05:50:49.732  4356  4418 E GetAssetFileInfo: java.io.FileNotFoundException: ge/emulated/0/Android/data/com.popcap.pvz2cthdwdj/files/beach.rsb.tag.smf.smf
12-29 05:50:49.732  4356  4418 E GetAssetFileInfo: java.io.FileNotFoundException: ge/emulated/0/Android/data/com.popcap.pvz2cthdwdj/files/beach.rsb.smf.smf
12-29 05:50:49.768  4356  4418 E GetAssetFileInfo: java.io.FileNotFoundException: ge/emulated/0/Android/data/com.popcap.pvz2cthdwdj/files/iceage.rsb.tag.smf.smf
12-29 05:50:49.769  4356  4418 E GetAssetFileInfo: java.io.FileNotFoundException: ge/emulated/0/Android/data/com.popcap.pvz2cthdwdj/files/iceage.rsb.smf.smf
12-29 05:50:49.813  4356  4418 E GetAssetFileInfo: java.io.FileNotFoundException: ge/emulated/0/Android/data/com.popcap.pvz2cthdwdj/files/skycity.rsb.tag.smf.smf
12-29 05:50:49.814  4356  4418 E GetAssetFileInfo: java.io.FileNotFoundException: ge/emulated/0/Android/data/com.popcap.pvz2cthdwdj/files/skycity.rsb.smf.smf
12-29 05:50:49.859  2169  7588 W ActivityManager: getTasks: caller 10076 does not hold REAL_GET_TASKS; limiting output
12-29 05:50:50.860  2169  2320 W ActivityManager: getTasks: caller 10076 does not hold REAL_GET_TASKS; limiting output
12-29 05:50:51.861  2169 20952 W ActivityManager: getTasks: caller 10076 does not hold REAL_GET_TASKS; limiting output
12-29 05:50:52.837  4435  4464 D **************** : v=22&req=I3&s=[{"s":1034,"v":"1.6.5"}]&m=00000000-02e7-16f6-0033-c5870033c587& url = http://pnserver.intelligent.popcap.com.cn/index.php?
12-29 05:50:52.862  2169  2478 W ActivityManager: getTasks: caller 10076 does not hold REAL_GET_TASKS; limiting output
12-29 05:50:53.863  2169  7590 W ActivityManager: getTasks: caller 10076 does not hold REAL_GET_TASKS; limiting output
12-29 05:50:54.030  4356  4418 V zxcpro  : -------------new------------1.6.5
12-29 05:50:54.078  4531  4531 W linker  : [vdso]: unused DT entry: type 0x6ffffef5 arg 0x160
12-29 05:50:54.864  2169  7588 W ActivityManager: getTasks: caller 10076 does not hold REAL_GET_TASKS; limiting output
12-29 05:50:55.865  2169  2320 W ActivityManager: getTasks: caller 10076 does not hold REAL_GET_TASKS; limiting output
12-29 05:50:56.866  2169  7590 W ActivityManager: getTasks: caller 10076 does not hold REAL_GET_TASKS; limiting output
12-29 05:50:57.867  2169 14271 W ActivityManager: getTasks: caller 10076 does not hold REAL_GET_TASKS; limiting output
12-29 05:50:58.868  2169  2320 W ActivityManager: getTasks: caller 10076 does not hold REAL_GET_TASKS; limiting output
12-29 05:50:58.965  2169  3042 I ActivityManager: START u0 {act=android.settings.SETTINGS cmp=com.android.settings/.Settings} from uid 10065 on display 0
12-29 05:50:58.966  2169  3042 V WindowManager: addAppToken: AppWindowToken{735d25b token=Token{1a902d6a ActivityRecord{2ea3df55 u0 com.android.settings/.Settings t264}}} to stack=1 task=264 at 0
12-29 05:50:58.986  2169  2198 V WindowManager: Adding window Window{3647b110 u0 Starting com.android.settings} at 8 of 13 (after Window{3a3114d6 u0 com.popcap.pvz2cthdwdj/com.popcap.pvz2cthdwdj.SexyAppActivity})
12-29 05:50:58.987  4356  4356 I Activity: onPause.
12-29 05:50:58.987  4356  4356 V MicroMsg.SDK.WXApiImplV10.ActivityLifecycleCb: com.popcap.pvz2cthdwdj.SexyAppActivity  onActivityPaused
12-29 05:50:58.987  4356  4356 I Surface : onPause.
12-29 05:50:58.987  4356  4356 I Game    : onActivityPause - Native_applicationWillResignActive
12-29 05:50:58.987  4356  4356 I Game    : onActivityPause - Native_applicationDidEnterBackground
12-29 05:50:58.998  4356  4356 I Game    : onActivityPause - synchron wait obj over!!!!
12-29 05:50:58.998  4356  4356 W ContextImpl: Implicit intents with startService are not safe: Intent { act=com.popcap.pvz2cthdwdj_DAEMON_SERVICE } android.content.ContextWrapper.bindService:539 com.popcap.util.PopCapPushNotificationService.SetUserLastOpt:87 com.popcap.SexyAppFramework.AndroidGameApp.onActivityPause:307 
12-29 05:50:59.016  2169  2188 D KbdSensor: poll_activate: dev=0x7ffa17066680 handle=0 enabled=0
12-29 05:50:59.017  4356  4356 I Activity: onWindowFocusChanged.
12-29 05:50:59.017  4356  4356 I Game    : onWindowFocusChanged - TryLoseFocus
12-29 05:50:59.024 27843  4532 I IndexDatabaseHelper: Using schema version: 115
12-29 05:50:59.024 27843  4532 I IndexDatabaseHelper: Index is fine
12-29 05:50:59.024 27843  4532 D Index   : Locale 'en_US' is already indexed
12-29 05:50:59.026  2169  3018 V WindowManager: Adding window Window{146335c3 u0 com.android.settings/com.android.settings.Settings} at 8 of 14 (before Window{3647b110 u0 Starting com.android.settings})
12-29 05:50:59.044 27843 27843 D DashboardSummary: rebuildUI took: 18 ms
12-29 05:50:59.070  4356  4418 I Surface : onDrawFrame - Don't Draw, don't update when we're suspended.
12-29 05:50:59.070  4356  4418 I Surface : onDrawFrame - Don't Draw, don't update when we're suspended.
12-29 05:50:59.070  4356  4418 I Surface : onDrawFrame - Don't Draw, don't update when we're suspended.
12-29 05:50:59.070  4356  4418 I Surface : onDrawFrame - Don't Draw, don't update when we're suspended.
12-29 05:50:59.070  4356  4418 I Surface : onDrawFrame - Don't Draw, don't update when we're suspended.
12-29 05:50:59.070  4356  4418 I Surface : onDrawFrame - Don't Draw, don't update when we're suspended.
12-29 05:50:59.070  4356  4418 I Surface : onDrawFrame - Don't Draw, don't update when we're suspended.
12-29 05:50:59.070  4356  4418 I Surface : onDrawFrame - Don't Draw, don't update when we're suspended.
12-29 05:50:59.070  4356  4418 I Surface : onDrawFrame - Don't Draw, don't update when we're suspended.
12-29 05:50:59.070  4356  4418 I Surface : onDrawFrame - Don't Draw, don't update when we're suspended.
12-29 05:50:59.070  4356  4418 I Surface : onDrawFrame - Don't Draw, don't update when we're suspended.
12-29 05:50:59.070  4356  4418 I Surface : onDrawFrame - Don't Draw, don't update when we're suspended.
12-29 05:50:59.070  4356  4418 I Surface : onDrawFrame - Don't Draw, don't update when we're suspended.
12-29 05:50:59.070  4356  4418 I Surface : onDrawFrame - Don't Draw, don't update when we're suspended.
12-29 05:50:59.070  4356  4418 I Surface : onDrawFrame - Don't Draw, don't update when we're suspended.
12-29 05:50:59.070  4356  4418 I Surface : onDrawFrame - Don't Draw, don't update when we're suspended.
12-29 05:50:59.070  4356  4418 I Surface : onDrawFrame - Don't Draw, don't update when we're suspended.
12-29 05:50:59.070  4356  4418 I Surface : onDrawFrame - Don't Draw, don't update when we're suspended.
12-29 05:50:59.070  4356  4418 I Surface : onDrawFrame - Don't Draw, don't update when we're suspended.
12-29 05:50:59.070  4356  4418 I Surface : onDrawFrame - Don't Draw, don't update when we're suspended.
12-29 05:50:59.070  4356  4418 I Surface : onDrawFrame - Don't Draw, don't update when we're suspended.
12-29 05:50:59.070  4356  4418 I Surface : onDrawFrame - Don't Draw, don't update when we're suspended.
12-29 05:50:59.070  4356  4418 I Surface : onDrawFrame - Don't Draw, don't update when we're suspended.
12-29 05:50:59.070  4356  4418 I Surface : onDrawFrame - Don't Draw, don't update when we're suspended.
12-29 05:50:59.070  4356  4418 I Surface : onDrawFrame - Don't Draw, don't update when we're suspended.
12-29 05:50:59.070  4356  4418 I Surface : onDrawFrame - Don't Draw, don't update when we're suspended.
12-29 05:50:59.070  4356  4418 I Surface : onDrawFrame - Don't Draw, don't update when we're suspended.
12-29 05:50:59.070  4356  4418 I Surface : onDrawFrame - Don't Draw, don't update when we're suspended.
12-29 05:50:59.070  4356  4418 I Surface : onDrawFrame - Don't Draw, don't update when we're suspended.
12-29 05:50:59.070  4356  4418 I Surface : onDrawFrame - Don't Draw, don't update when we're suspended.
12-29 05:50:59.070  4356  4418 I Surface : onDrawFrame - Don't Draw, don't update when we're suspended.
12-29 05:50:59.070  4356  4418 I Surface : onDrawFrame - Don't Draw, don't update when we're suspended.
12-29 05:50:59.070  4356  4418 I Surface : onDrawFrame - Don't Draw, don't update when we're suspended.
12-29 05:50:59.070  4356  4418 I Surface : onDrawFrame - Don't Draw, don't update when we're suspended.
12-29 05:50:59.070  4356  4418 I Surface : onDrawFrame - Don't Draw, don't update when we're suspended.
12-29 05:50:59.070  4356  4418 I Surface : onDrawFrame - Don't Draw, don't update when we're suspended.
12-29 05:50:59.070  4356  4418 I Surface : onDrawFrame - Don't Draw, don't update when we're suspended.
12-29 05:50:59.070  4356  4418 I Surface : onDrawFrame - Don't Draw, don't update when we're suspended.
12-29 05:50:59.070  4356  4418 I Surface : onDrawFrame - Don't Draw, don't update when we're suspended.
12-29 05:50:59.070  4356  4418 I Surface : onDrawFrame - Don't Draw, don't update when we're suspended.
12-29 05:50:59.070  4356  4418 I Surface : onDrawFrame - Don't Draw, don't update when we're suspended.
12-29 05:50:59.070  4356  4418 I Surface : onDrawFrame - Don't Draw, don't update when we're suspended.
12-29 05:50:59.070  4356  4418 I Surface : onDrawFrame - Don't Draw, don't update when we're suspended.
12-29 05:50:59.070  4356  4418 I Surface : onDrawFrame - Don't Draw, don't update when we're suspended.
12-29 05:50:59.070  4356  4418 I Surface : onDrawFrame - Don't Draw, don't update when we're suspended.
12-29 05:50:59.070  4356  4418 I Surface : onDrawFrame - Don't Draw, don't update when we're suspended.
12-29 05:50:59.070  4356  4418 I Surface : onDrawFrame - Don't Draw, don't update when we're suspended.
12-29 05:50:59.070  4356  4418 I Surface : onDrawFrame - Don't Draw, don't update when we're suspended.
12-29 05:50:59.070  4356  4418 I Surface : onDrawFrame - Don't Draw, don't update when we're suspended.
12-29 05:50:59.070  4356  4418 I Surface : onDrawFrame - Don't Draw, don't update when we're suspended.
12-29 05:50:59.070  4356  4418 I Surface : onDrawFrame - Don't Draw, don't update when we're suspended.
12-29 05:50:59.070  4356  4418 I Surface : onDrawFrame - Don't Draw, don't update when we're suspended.
12-29 05:50:59.070  4356  4418 I Surface : onDrawFrame - Don't Draw, don't update when we're suspended.
12-29 05:50:59.070  4356  4418 I Surface : onDrawFrame - Don't Draw, don't update when we're suspended.
12-29 05:50:59.070  4356  4418 I Surface : onDrawFrame - Don't Draw, don't update when we're suspended.
12-29 05:50:59.070  4356  4418 I Surface : onDrawFrame - Don't Draw, don't update when we're suspended.
12-29 05:50:59.070  4356  4418 I Surface : onDrawFrame - Don't Draw, don't update when we're suspended.
12-29 05:50:59.070  4356  4418 I Surface : onDrawFrame - Don't Draw, don't update when we're suspended.
12-29 05:50:59.070  4356  4418 I Surface : onDrawFrame - Don't Draw, don't update when we're suspended.
12-29 05:50:59.070  4356  4418 I Surface : onDrawFrame - Don't Draw, don't update when we're suspended.
12-29 05:50:59.070  4356  4418 I Surface : onDrawFrame - Don't Draw, don't update when we're suspended.
12-29 05:50:59.070  4356  4418 I Surface : onDrawFrame - Don't Draw, don't update when we're suspended.
12-29 05:50:59.070  4356  4418 I Surface : onDrawFrame - Don't Draw, don't update when we're suspended.
12-29 05:50:59.070  4356  4418 I Surface : onDrawFrame - Don't Draw, don't update when we're suspended.
12-29 05:50:59.070  4356  4418 I Surface : onDrawFrame - Don't Draw, don't update when we're suspended.
12-29 05:50:59.070  4356  4418 I Surface : onDrawFrame - Don't Draw, don't update when we're suspended.
12-29 05:50:59.070  4356  4418 I Surface : onDrawFrame - Don't Draw, don't update when we're suspended.
12-29 05:50:59.070  4356  4418 I Surface : onDrawFrame - Don't Draw, don't update when we're suspended.
12-29 05:50:59.070  4356  4418 I Surface : onDrawFrame - Don't Draw, don't update when we're suspended.
12-29 05:50:59.070  4356  4418 I Surface : onDrawFrame - Don't Draw, don't update when we're suspended.
12-29 05:50:59.070  4356  4418 I Surface : onDrawFrame - Don't Draw, don't update when we're suspended.
12-29 05:50:59.070  4356  4418 I Surface : onDrawFrame - Don't Draw, don't update when we're suspended.
12-29 05:50:59.070  4356  4418 I Surface : onDrawFrame - Don't Draw, don't update when we're suspended.
12-29 05:50:59.070  4356  4418 I Surface : onDrawFrame - Don't Draw, don't update when we're suspended.
12-29 05:50:59.070  4356  4418 I Surface : onDrawFrame - Don't Draw, don't update when we're suspended.
12-29 05:50:59.070  4356  4418 I Surface : onDrawFrame - Don't Draw, don't update when we're suspended.
12-29 05:50:59.070  4356  4418 I Surface : onDrawFrame - Don't Draw, don't update when we're suspended.
12-29 05:50:59.070  4356  4418 I Surface : onDrawFrame - Don't Draw, don't update when we're suspended.
12-29 05:50:59.070  4356  4418 I Surface : onDrawFrame - Don't Draw, don't update when we're suspended.
12-29 05:50:59.070  4356  4418 I Surface : onDrawFrame - Don't Draw, don't update when we're suspended.
12-29 05:50:59.070  4356  4418 I Surface : onDrawFrame - Don't Draw, don't update when we're suspended.
12-29 05:50:59.070  4356  4418 I Surface : onDrawFrame - Don't Draw, don't update when we're suspended.
12-29 05:50:59.070  4356  4418 I Surface : onDrawFrame - Don't Draw, don't update when we're suspended.
12-29 05:50:59.070  4356  4418 I Surface : onDrawFrame - Don't Draw, don't update when we're suspended.
12-29 05:50:59.070  4356  4418 I Surface : onDrawFrame - Don't Draw, don't update when we're suspended.
12-29 05:50:59.070  4356  4418 I Surface : onDrawFrame - Don't Draw, don't update when we're suspended.
12-29 05:50:59.070  4356  4418 I Surface : onDrawFrame - Don't Draw, don't update when we're suspended.
12-29 05:50:59.070  4356  4418 I Surface : onDrawFrame - Don't Draw, don't update when we're suspended.
12-29 05:50:59.070  4356  4418 I Surface : onDrawFrame - Don't Draw, don't update when we're suspended.
12-29 05:50:59.070  4356  4418 I Surface : onDrawFrame - Don't Draw, don't update when we're suspended.
12-29 05:50:59.071  4356  4418 I Surface : onDrawFrame - Don't Draw, don't update when we're suspended.
12-29 05:50:59.071  4356  4418 I Surface : onDrawFrame - Don't Draw, don't update when we're suspended.
12-29 05:50:59.071  4356  4418 I Surface : onDrawFrame - Don't Draw, don't update when we're suspended.
12-29 05:50:59.071  4356  4418 I Surface : onDrawFrame - Don't Draw, don't update when we're suspended.
12-29 05:50:59.071  4356  4418 I Surface : onDrawFrame - Don't Draw, don't update when we're suspended.
12-29 05:50:59.071  4356  4418 I Surface : onDrawFrame - Don't Draw, don't update when we're suspended.
12-29 05:50:59.071  4356  4418 I Surface : onDrawFrame - Don't Draw, don't update when we're suspended.
12-29 05:50:59.071  4356  4418 I Surface : onDrawFrame - Don't Draw, don't update when we're suspended.
12-29 05:50:59.071  4356  4418 I Surface : onDrawFrame - Don't Draw, don't update when we're suspended.
12-29 05:50:59.071  4356  4418 I Surface : onDrawFrame - Don't Draw, don't update when we're suspended.
12-29 05:50:59.071  4356  4418 I Surface : onDrawFrame - Don't Draw, don't update when we're suspended.
12-29 05:50:59.071  4356  4418 I Surface : onDrawFrame - Don't Draw, don't update when we're suspended.
12-29 05:50:59.071  4356  4418 I Surface : onDrawFrame - Don't Draw, don't update when we're suspended.
12-29 05:50:59.071  4356  4418 I Surface : onDrawFrame - Don't Draw, don't update when we're suspended.
12-29 05:50:59.071  4356  4418 I Surface : onDrawFrame - Don't Draw, don't update when we're suspended.
12-29 05:50:59.071  4356  4418 I Surface : onDrawFrame - Don't Draw, don't update when we're suspended.
12-29 05:50:59.071  4356  4418 I Surface : onDrawFrame - Don't Draw, don't update when we're suspended.
12-29 05:50:59.071  4356  4418 I Surface : onDrawFrame - Don't Draw, don't update when we're suspended.
12-29 05:50:59.071  4356  4418 I Surface : onDrawFrame - Don't Draw, don't update when we're suspended.
12-29 05:50:59.071  4356  4418 I Surface : onDrawFrame - Don't Draw, don't update when we're suspended.
12-29 05:50:59.071  4356  4418 I Surface : onDrawFrame - Don't Draw, don't update when we're suspended.
12-29 05:50:59.071  4356  4418 I Surface : onDrawFrame - Don't Draw, don't update when we're suspended.
12-29 05:50:59.071  4356  4418 I Surface : onDrawFrame - Don't Draw, don't update when we're suspended.
12-29 05:50:59.071  4356  4418 I Surface : onDrawFrame - Don't Draw, don't update when we're suspended.
12-29 05:50:59.071  4356  4418 I Surface : onDrawFrame - Don't Draw, don't update when we're suspended.
12-29 05:50:59.071  4356  4418 I Surface : onDrawFrame - Don't Draw, don't update when we're suspended.
12-29 05:50:59.071  4356  4418 I Surface : onDrawFrame - Don't Draw, don't update when we're suspended.
12-29 05:50:59.071  4356  4418 I Surface : onDrawFrame - Don't Draw, don't update when we're suspended.
12-29 05:50:59.071  4356  4418 I Surface : onDrawFrame - Don't Draw, don't update when we're suspended.
12-29 05:50:59.071  4356  4418 I Surface : onDrawFrame - Don't Draw, don't update when we're suspended.
12-29 05:50:59.071  4356  4418 I Surface : onDrawFrame - Don't Draw, don't update when we're suspended.
12-29 05:50:59.071  4356  4418 I Surface : onDrawFrame - Don't Draw, don't update when we're suspended.
12-29 05:50:59.071  4356  4418 I Surface : onDrawFrame - Don't Draw, don't update when we're suspended.
12-29 05:50:59.071  4356  4418 I Surface : onDrawFrame - Don't Draw, don't update when we're suspended.
12-29 05:50:59.071  4356  4418 I Surface : onDrawFrame - Don't Draw, don't update when we're suspended.
12-29 05:50:59.071  4356  4418 I Surface : onDrawFrame - Don't Draw, don't update when we're suspended.
12-29 05:50:59.071  4356  4418 I Surface : onDrawFrame - Don't Draw, don't update when we're suspended.
12-29 05:50:59.071  4356  4418 I Surface : onDrawFrame - Don't Draw, don't update when we're suspended.
12-29 05:50:59.071  4356  4418 I Surface : onDrawFrame - Don't Draw, don't update when we're suspended.
12-29 05:50:59.071  4356  4418 I Surface : onDrawFrame - Don't Draw, don't update when we're suspended.
12-29 05:50:59.071  4356  4418 I Surface : onDrawFrame - Don't Draw, don't update when we're suspended.
12-29 05:50:59.071  4356  4418 I Surface : onDrawFrame - Don't Draw, don't update when we're suspended.
12-29 05:50:59.071  4356  4418 I Surface : onDrawFrame - Don't Draw, don't update when we're suspended.
12-29 05:50:59.071  4356  4418 I Surface : onDrawFrame - Don't Draw, don't update when we're suspended.
12-29 05:50:59.071  4356  4418 I Surface : onDrawFrame - Don't Draw, don't update when we're suspended.
12-29 05:50:59.071  4356  4418 I Surface : onDrawFrame - Don't Draw, don't update when we're suspended.
12-29 05:50:59.071  4356  4418 I Surface : onDrawFrame - Don't Draw, don't update when we're suspended.
12-29 05:50:59.071  4356  4418 I Surface : onDrawFrame - Don't Draw, don't update when we're suspended.
12-29 05:50:59.071  4356  4418 I Surface : onDrawFrame - Don't Draw, don't update when we're suspended.
12-29 05:50:59.071  4356  4418 I Surface : onDrawFrame - Don't Draw, don't update when we're suspended.
12-29 05:50:59.071  4356  4418 I Surface : onDrawFrame - Don't Draw, don't update when we're suspended.
12-29 05:50:59.071  4356  4418 I Surface : onDrawFrame - Don't Draw, don't update when we're suspended.
12-29 05:50:59.071  4356  4418 I Surface : onDrawFrame - Don't Draw, don't update when we're suspended.
12-29 05:50:59.071  4356  4418 I Surface : onDrawFrame - Don't Draw, don't update when we're suspended.
12-29 05:50:59.071  4356  4418 I Surface : onDrawFrame - Don't Draw, don't update when we're suspended.
12-29 05:50:59.071  4356  4418 I Surface : onDrawFrame - Don't Draw, don't update when we're suspended.
12-29 05:50:59.071  4356  4418 I Surface : onDrawFrame - Don't Draw, don't update when we're suspended.
12-29 05:50:59.071  4356  4418 I Surface : onDrawFrame - Don't Draw, don't update when we're suspended.
12-29 05:50:59.071  4356  4418 I Surface : onDrawFrame - Don't Draw, don't update when we're suspended.
12-29 05:50:59.071  4356  4418 I Surface : onDrawFrame - Don't Draw, don't update when we're suspended.
12-29 05:50:59.071  4356  4418 I Surface : onDrawFrame - Don't Draw, don't update when we're suspended.
12-29 05:50:59.071  4356  4418 I Surface : onDrawFrame - Don't Draw, don't update when we're suspended.
12-29 05:50:59.071  4356  4418 I Surface : onDrawFrame - Don't Draw, don't update when we're suspended.
12-29 05:50:59.071  4356  4418 I Surface : onDrawFrame - Don't Draw, don't update when we're suspended.
12-29 05:50:59.071  4356  4418 I Surface : onDrawFrame - Don't Draw, don't update when we're suspended.
12-29 05:50:59.071  4356  4418 I Surface : onDrawFrame - Don't Draw, don't update when we're suspended.
12-29 05:50:59.071  4356  4418 I Surface : onDrawFrame - Don't Draw, don't update when we're suspended.
12-29 05:50:59.071  4356  4418 I Surface : onDrawFrame - Don't Draw, don't update when we're suspended.
12-29 05:50:59.071  4356  4418 I Surface : onDrawFrame - Don't Draw, don't update when we're suspended.
12-29 05:50:59.071  4356  4418 I Surface : onDrawFrame - Don't Draw, don't update when we're suspended.
12-29 05:50:59.071  4356  4418 I Surface : onDrawFrame - Don't Draw, don't update when we're suspended.
12-29 05:50:59.071  4356  4418 I Surface : onDrawFrame - Don't Draw, don't update when we're suspended.
12-29 05:50:59.071  4356  4418 I Surface : onDrawFrame - Don't Draw, don't update when we're suspended.
12-29 05:50:59.071  4356  4418 I Surface : onDrawFrame - Don't Draw, don't update when we're suspended.
12-29 05:50:59.071  4356  4418 I Surface : onDrawFrame - Don't Draw, don't update when we're suspended.
12-29 05:50:59.071  4356  4418 I Surface : onDrawFrame - Don't Draw, don't update when we're suspended.
12-29 05:50:59.071  4356  4418 I Surface : onDrawFrame - Don't Draw, don't update when we're suspended.
12-29 05:50:59.071  4356  4418 I Surface : onDrawFrame - Don't Draw, don't update when we're suspended.
12-29 05:50:59.071  4356  4418 I Surface : onDrawFrame - Don't Draw, don't update when we're suspended.
12-29 05:50:59.071  4356  4418 I Surface : onDrawFrame - Don't Draw, don't update when we're suspended.
12-29 05:50:59.071  4356  4418 I Surface : onDrawFrame - Don't Draw, don't update when we're suspended.
12-29 05:50:59.071  4356  4418 I Surface : onDrawFrame - Don't Draw, don't update when we're suspended.
