01-06 02:29:05.454  4564  4564 I MultiDex: VM with version 2.1.0 has multidex support
01-06 02:29:05.454  4564  4564 I MultiDex: install
01-06 02:29:05.454  4564  4564 I MultiDex: VM has multidex support, MultiDex support library is disabled.
01-06 02:29:05.468  2149  2295 I ActivityManager: Start proc 4588:com.baidu.netdisk/u0a53 for content provider com.baidu.netdisk/.provider.FileSystemProvider
01-06 02:29:05.470  1880  1880 I art     : Explicit concurrent mark sweep GC freed 709(30KB) AllocSpace objects, 0(0B) LOS objects, 40% free, 1904KB/3MB, paused 34us total 2.675ms
01-06 02:29:05.473  1880  1880 I art     : Explicit concurrent mark sweep GC freed 5(160B) AllocSpace objects, 0(0B) LOS objects, 40% free, 1904KB/3MB, paused 30us total 2.179ms
01-06 02:29:05.473  2349  2349 D Launcher: 11683562 - bindAddScreens()
01-06 02:29:05.473  2349  2349 D Launcher: 11683562 -   orderedScreenIds: 3
01-06 02:29:05.473  2349  2349 D Launcher.Workspace: 11683562 - insertNewWorkspaceScreen(): 3 at index: 0
01-06 02:29:05.475  2149  3972 I EGL-DRI2: DRI2: found extension DRI_Core version 1
01-06 02:29:05.475  2149  3972 I EGL-DRI2: DRI2: found extension DRI_DRI2 version 4
01-06 02:29:05.475  1880  1880 I art     : Explicit concurrent mark sweep GC freed 5(160B) AllocSpace objects, 0(0B) LOS objects, 40% free, 1904KB/3MB, paused 32us total 2.339ms
01-06 02:29:05.478  2149  3972 I EGL-DRI2: DRI2: found extension DRI_TexBuffer version 3
01-06 02:29:05.478  2149  3972 I EGL-DRI2: DRI2: found extension DRI2_Flush version 4
01-06 02:29:05.478  2149  3972 I EGL-DRI2: DRI2: found extension DRI_IMAGE version 11
01-06 02:29:05.478  2149  3972 I OpenGLRenderer: Initialized EGL, version 1.4
01-06 02:29:05.478  4588  4588 I ActivityThread: Switching default density from 160 to 240
01-06 02:29:05.478  4588  4588 W ResourcesManager: Asset path '/system/framework/android.test.runner.jar' does not exist or contains no resources.
01-06 02:29:05.480  4588  4588 I MultiDex: VM with version 2.1.0 has multidex support
01-06 02:29:05.480  4588  4588 I MultiDex: install
01-06 02:29:05.480  4588  4588 I MultiDex: VM has multidex support, MultiDex support library is disabled.
01-06 02:29:05.482  4588  4588 D ActivityThread: Loading provider com.baidu.netdisk.account: com.baidu.netdisk.account.storage.AccountProvider
01-06 02:29:05.489  2149  2169 V WindowManager: Adding window Window{14098ad9 u0 com.android.launcher3/com.android.launcher3.Launcher} at 5 of 11 (after Window{28178e39 u0 com.popcap.pvz2cthdbddk/com.popcap.pvz2cthdbddk.SexyAppActivity})
01-06 02:29:05.583  4564  4564 V CommonParams: cast to int com.baidu.android.pushservice.PushSettings.debug_mode Exception. 
01-06 02:29:05.584  4457  4457 W ResourcesManager: Asset path '/system/framework/android.test.runner.jar' does not exist or contains no resources.
01-06 02:29:05.589  4564  4564 E BaiduAppSSOJni: Native library not found! Please copy libbdpush_V2_4.so into your project!
01-06 02:29:05.589  4564  4564 E art     : No implementation found for byte[] com.baidu.android.pushservice.jni.BaiduAppSSOJni.getKey(java.lang.String) (tried Java_com_baidu_android_pushservice_jni_BaiduAppSSOJni_getKey and Java_com_baidu_android_pushservice_jni_BaiduAppSSOJni_getKey__Ljava_lang_String_2)
01-06 02:29:05.589  4564  4564 E BaiduAppSSOJni: error = No implementation found for byte[] com.baidu.android.pushservice.jni.BaiduAppSSOJni.getKey(java.lang.String) (tried Java_com_baidu_android_pushservice_jni_BaiduAppSSOJni_getKey and Java_com_baidu_android_pushservice_jni_BaiduAppSSOJni_getKey__Ljava_lang_String_2)
01-06 02:29:05.592  4564  4564 E art     : No implementation found for byte[] com.baidu.android.pushservice.jni.BaiduAppSSOJni.getKey(java.lang.String) (tried Java_com_baidu_android_pushservice_jni_BaiduAppSSOJni_getKey and Java_com_baidu_android_pushservice_jni_BaiduAppSSOJni_getKey__Ljava_lang_String_2)
01-06 02:29:05.592  4564  4564 E BaiduAppSSOJni: error = No implementation found for byte[] com.baidu.android.pushservice.jni.BaiduAppSSOJni.getKey(java.lang.String) (tried Java_com_baidu_android_pushservice_jni_BaiduAppSSOJni_getKey and Java_com_baidu_android_pushservice_jni_BaiduAppSSOJni_getKey__Ljava_lang_String_2)
01-06 02:29:05.592  4564  4564 E socket  : Native library not found! Please copy libbdpush_V2_4.so into your project!
01-06 02:29:05.593  4564  4564 I Process : Sending signal. PID: 4564 SIG: 9
01-06 02:29:05.594  2149  2377 E JavaBinder: !!! FAILED BINDER TRANSACTION !!!
01-06 02:29:05.594  2149  2377 W ActivityManager: Scheduling restart of crashed service com.baidu.netdisk/com.baidu.android.pushservice.PushService in 1000ms
01-06 02:29:05.595  4588  4588 V CommonParams: cast to int com.baidu.android.pushservice.PushSettings.debug_mode Exception. 
01-06 02:29:05.595  2149  3128 E JavaBinder: !!! FAILED BINDER TRANSACTION !!!
01-06 02:29:05.595  2149  3128 W ActivityManager: Scheduling restart of crashed service com.baidu.netdisk/com.baidu.android.pushservice.PushService in 1000ms
01-06 02:29:05.599  2149  2169 E JavaBinder: !!! FAILED BINDER TRANSACTION !!!
01-06 02:29:05.599  2149  2169 W ActivityManager: Scheduling restart of crashed service com.baidu.netdisk/com.baidu.android.pushservice.PushService in 1000ms
01-06 02:29:05.601  2149  3042 W ActivityManager: getRunningAppProcesses: caller 10053 does not hold REAL_GET_TASKS; limiting output
01-06 02:29:05.606  2149  2295 I ActivityManager: Process com.baidu.netdisk:bdservice_v1 (pid 4564) has died
01-06 02:29:05.612  2349  2349 W Launcher: setApplicationContext called twice! old=com.android.launcher3.LauncherApplication@95c0a33 new=com.android.launcher3.LauncherApplication@95c0a33
01-06 02:29:05.612  2349  2349 W Launcher: setApplicationContext called twice! old=com.android.launcher3.LauncherApplication@95c0a33 new=com.android.launcher3.LauncherApplication@95c0a33
01-06 02:29:05.614  4588  4588 D AndroidRuntime: Shutting down VM
01-06 02:29:05.614  4588  4588 E AndroidRuntime: FATAL EXCEPTION: main
01-06 02:29:05.614  4588  4588 E AndroidRuntime: Process: com.baidu.netdisk, PID: 4588
01-06 02:29:05.614  4588  4588 E AndroidRuntime: java.lang.UnsatisfiedLinkError: dalvik.system.PathClassLoader[DexPathList[[zip file "/system/framework/android.test.runner.jar", zip file "/data/app/com.baidu.netdisk-1/base.apk"],nativeLibraryDirectories=[/data/app/com.baidu.netdisk-1/lib/x86, /vendor/lib, /system/lib]]] couldn't find "libBaiduMapSDK_v3_2_0_15.so"
01-06 02:29:05.614  4588  4588 E AndroidRuntime: 	at java.lang.Runtime.loadLibrary(Runtime.java:366)
01-06 02:29:05.614  4588  4588 E AndroidRuntime: 	at java.lang.System.loadLibrary(System.java:988)
01-06 02:29:05.614  4588  4588 E AndroidRuntime: 	at com.baidu.mapapi.a.<clinit>(Unknown Source)
01-06 02:29:05.614  4588  4588 E AndroidRuntime: 	at com.baidu.mapapi.a.a(Unknown Source)
01-06 02:29:05.614  4588  4588 E AndroidRuntime: 	at com.baidu.mapapi.SDKInitializer.initialize(Unknown Source)
01-06 02:29:05.614  4588  4588 E AndroidRuntime: 	at com.baidu.mapapi.SDKInitializer.initialize(Unknown Source)
01-06 02:29:05.614  4588  4588 E AndroidRuntime: 	at com.baidu.netdisk.NetDiskApplication.onCreate(SourceFile:234)
01-06 02:29:05.614  4588  4588 E AndroidRuntime: 	at android.app.Instrumentation.callApplicationOnCreate(Instrumentation.java:1012)
01-06 02:29:05.614  4588  4588 E AndroidRuntime: 	at android.app.ActivityThread.handleBindApplication(ActivityThread.java:4553)
01-06 02:29:05.614  4588  4588 E AndroidRuntime: 	at android.app.ActivityThread.access$1500(ActivityThread.java:151)
01-06 02:29:05.614  4588  4588 E AndroidRuntime: 	at android.app.ActivityThread$H.handleMessage(ActivityThread.java:1364)
01-06 02:29:05.614  4588  4588 E AndroidRuntime: 	at android.os.Handler.dispatchMessage(Handler.java:102)
01-06 02:29:05.614  4588  4588 E AndroidRuntime: 	at android.os.Looper.loop(Looper.java:135)
01-06 02:29:05.614  4588  4588 E AndroidRuntime: 	at android.app.ActivityThread.main(ActivityThread.java:5254)
01-06 02:29:05.614  4588  4588 E AndroidRuntime: 	at java.lang.reflect.Method.invoke(Native Method)
01-06 02:29:05.614  4588  4588 E AndroidRuntime: 	at java.lang.reflect.Method.invoke(Method.java:372)
01-06 02:29:05.614  4588  4588 E AndroidRuntime: 	at com.android.internal.os.ZygoteInit$MethodAndArgsCaller.run(ZygoteInit.java:903)
01-06 02:29:05.614  4588  4588 E AndroidRuntime: 	at com.android.internal.os.ZygoteInit.main(ZygoteInit.java:698)
01-06 02:29:05.615  2149  2175 W ResourcesManager: Asset path '/system/framework/android.test.runner.jar' does not exist or contains no resources.
01-06 02:29:05.833  2149  2209 W AudioTrack: AUDIO_OUTPUT_FLAG_FAST denied by client
01-06 02:29:05.833  2149  2190 I ActivityManager: START u0 {act=android.intent.action.MAIN cat=[android.intent.category.HOME] flg=0x10200000 cmp=com.android.launcher3/.Launcher} from uid 1000 on display 0
01-06 02:29:06.433  2267  2267 W ResourceType: No package identifier when getting value for resource number 0x00000000
01-06 02:29:06.433  2267  2267 W PackageManager: Failure retrieving resources for com.popcap.pvz2cthdbddk: Resource ID #0x0
01-06 02:29:06.613  2149  2175 I ActivityManager: Start proc 4637:com.baidu.netdisk:bdservice_v1/u0a53 for service com.baidu.netdisk/com.baidu.android.pushservice.PushService
01-06 02:29:06.617  4637  4637 I ActivityThread: Switching default density from 160 to 240
01-06 02:29:06.617  4637  4637 W ResourcesManager: Asset path '/system/framework/android.test.runner.jar' does not exist or contains no resources.
01-06 02:29:06.619  4637  4637 I MultiDex: VM with version 2.1.0 has multidex support
01-06 02:29:06.619  4637  4637 I MultiDex: install
01-06 02:29:06.619  4637  4637 I MultiDex: VM has multidex support, MultiDex support library is disabled.
01-06 02:29:06.621  4637  4637 V CommonParams: cast to int com.baidu.android.pushservice.PushSettings.debug_mode Exception. 
01-06 02:29:06.625  4637  4637 E BaiduAppSSOJni: Native library not found! Please copy libbdpush_V2_4.so into your project!
01-06 02:29:06.625  4637  4637 E art     : No implementation found for byte[] com.baidu.android.pushservice.jni.BaiduAppSSOJni.getKey(java.lang.String) (tried Java_com_baidu_android_pushservice_jni_BaiduAppSSOJni_getKey and Java_com_baidu_android_pushservice_jni_BaiduAppSSOJni_getKey__Ljava_lang_String_2)
01-06 02:29:06.625  4637  4637 E BaiduAppSSOJni: error = No implementation found for byte[] com.baidu.android.pushservice.jni.BaiduAppSSOJni.getKey(java.lang.String) (tried Java_com_baidu_android_pushservice_jni_BaiduAppSSOJni_getKey and Java_com_baidu_android_pushservice_jni_BaiduAppSSOJni_getKey__Ljava_lang_String_2)
01-06 02:29:06.626  4637  4637 E socket  : Native library not found! Please copy libbdpush_V2_4.so into your project!
01-06 02:29:06.626  2149  2394 I ActivityManager: Killing 2371:com.android.printspooler/u0a41 (adj 15): empty #17
01-06 02:29:06.641  4637  4637 E art     : No implementation found for byte[] com.baidu.android.pushservice.jni.BaiduAppSSOJni.getKey(java.lang.String) (tried Java_com_baidu_android_pushservice_jni_BaiduAppSSOJni_getKey and Java_com_baidu_android_pushservice_jni_BaiduAppSSOJni_getKey__Ljava_lang_String_2)
01-06 02:29:06.641  4637  4637 E BaiduAppSSOJni: error = No implementation found for byte[] com.baidu.android.pushservice.jni.BaiduAppSSOJni.getKey(java.lang.String) (tried Java_com_baidu_android_pushservice_jni_BaiduAppSSOJni_getKey and Java_com_baidu_android_pushservice_jni_BaiduAppSSOJni_getKey__Ljava_lang_String_2)
01-06 02:29:06.642  4637  4637 E art     : No implementation found for byte[] com.baidu.android.pushservice.jni.BaiduAppSSOJni.getKey(java.lang.String) (tried Java_com_baidu_android_pushservice_jni_BaiduAppSSOJni_getKey and Java_com_baidu_android_pushservice_jni_BaiduAppSSOJni_getKey__Ljava_lang_String_2)
01-06 02:29:06.642  4637  4637 E BaiduAppSSOJni: error = No implementation found for byte[] com.baidu.android.pushservice.jni.BaiduAppSSOJni.getKey(java.lang.String) (tried Java_com_baidu_android_pushservice_jni_BaiduAppSSOJni_getKey and Java_com_baidu_android_pushservice_jni_BaiduAppSSOJni_getKey__Ljava_lang_String_2)
01-06 02:29:06.643  4637  4637 E art     : No implementation found for byte[] com.baidu.android.pushservice.jni.BaiduAppSSOJni.getKey(java.lang.String) (tried Java_com_baidu_android_pushservice_jni_BaiduAppSSOJni_getKey and Java_com_baidu_android_pushservice_jni_BaiduAppSSOJni_getKey__Ljava_lang_String_2)
01-06 02:29:06.643  4637  4637 E BaiduAppSSOJni: error = No implementation found for byte[] com.baidu.android.pushservice.jni.BaiduAppSSOJni.getKey(java.lang.String) (tried Java_com_baidu_android_pushservice_jni_BaiduAppSSOJni_getKey and Java_com_baidu_android_pushservice_jni_BaiduAppSSOJni_getKey__Ljava_lang_String_2)
01-06 02:29:06.643  4637  4637 I Process : Sending signal. PID: 4637 SIG: 9
01-06 02:29:06.657  2149  3042 I ActivityManager: Process com.baidu.netdisk:bdservice_v1 (pid 4637) has died
01-06 02:29:06.904  4265  4337 V zxcpro  : -------------new------------1.6.5
01-06 02:29:07.458  2149  2209 W AudioTrack: AUDIO_OUTPUT_FLAG_FAST denied by client
01-06 02:29:07.470  4588  4588 I Process : Sending signal. PID: 4588 SIG: 9
01-06 02:29:07.471  2149  3972 D OpenGLRenderer: endAllStagingAnimators on 0x7f3138ad7c00 (RippleDrawable) with handle 0x7f313892f2a0
01-06 02:29:07.481  2149  2169 I ActivityManager: Process com.baidu.netdisk (pid 4588) has died
01-06 02:29:07.481  2149  2169 W ActivityManager: Scheduling restart of crashed service com.baidu.netdisk/.service.NetdiskService in 3790ms
01-06 02:29:09.538  4665  4665 W linker  : [vdso]: unused DT entry: type 0x6ffffef5 arg 0x160
01-06 02:29:10.618  2149  2175 I ActivityManager: Start proc 4666:com.baidu.netdisk:bdservice_v1/u0a53 for broadcast com.baidu.netdisk/com.baidu.android.pushservice.RegistrationReceiver
01-06 02:29:10.632  4666  4666 I ActivityThread: Switching default density from 160 to 240
01-06 02:29:10.634  4666  4666 W ResourcesManager: Asset path '/system/framework/android.test.runner.jar' does not exist or contains no resources.
01-06 02:29:10.641  4666  4666 I MultiDex: VM with version 2.1.0 has multidex support
01-06 02:29:10.642  4666  4666 I MultiDex: install
01-06 02:29:10.642  4666  4666 I MultiDex: VM has multidex support, MultiDex support library is disabled.
01-06 02:29:10.670  2149  3042 I ActivityManager: Start proc 4688:com.baidu.netdisk/u0a53 for content provider com.baidu.netdisk/.provider.FileSystemProvider
01-06 02:29:10.686  4688  4688 I ActivityThread: Switching default density from 160 to 240
01-06 02:29:10.687  4688  4688 W ResourcesManager: Asset path '/system/framework/android.test.runner.jar' does not exist or contains no resources.
01-06 02:29:10.695  4688  4688 I MultiDex: VM with version 2.1.0 has multidex support
01-06 02:29:10.695  4688  4688 I MultiDex: install
01-06 02:29:10.695  4688  4688 I MultiDex: VM has multidex support, MultiDex support library is disabled.
01-06 02:29:10.701  4688  4688 D ActivityThread: Loading provider com.baidu.netdisk.account: com.baidu.netdisk.account.storage.AccountProvider
01-06 02:29:10.807  4666  4666 V CommonParams: cast to int com.baidu.android.pushservice.PushSettings.debug_mode Exception. 
01-06 02:29:10.815  4666  4666 E BaiduAppSSOJni: Native library not found! Please copy libbdpush_V2_4.so into your project!
01-06 02:29:10.815  4666  4666 E art     : No implementation found for byte[] com.baidu.android.pushservice.jni.BaiduAppSSOJni.getKey(java.lang.String) (tried Java_com_baidu_android_pushservice_jni_BaiduAppSSOJni_getKey and Java_com_baidu_android_pushservice_jni_BaiduAppSSOJni_getKey__Ljava_lang_String_2)
01-06 02:29:10.815  4666  4666 E BaiduAppSSOJni: error = No implementation found for byte[] com.baidu.android.pushservice.jni.BaiduAppSSOJni.getKey(java.lang.String) (tried Java_com_baidu_android_pushservice_jni_BaiduAppSSOJni_getKey and Java_com_baidu_android_pushservice_jni_BaiduAppSSOJni_getKey__Ljava_lang_String_2)
01-06 02:29:10.820  4666  4666 E art     : No implementation found for byte[] com.baidu.android.pushservice.jni.BaiduAppSSOJni.getKey(java.lang.String) (tried Java_com_baidu_android_pushservice_jni_BaiduAppSSOJni_getKey and Java_com_baidu_android_pushservice_jni_BaiduAppSSOJni_getKey__Ljava_lang_String_2)
01-06 02:29:10.820  4666  4666 E BaiduAppSSOJni: error = No implementation found for byte[] com.baidu.android.pushservice.jni.BaiduAppSSOJni.getKey(java.lang.String) (tried Java_com_baidu_android_pushservice_jni_BaiduAppSSOJni_getKey and Java_com_baidu_android_pushservice_jni_BaiduAppSSOJni_getKey__Ljava_lang_String_2)
01-06 02:29:10.821  4666  4666 I Process : Sending signal. PID: 4666 SIG: 9
01-06 02:29:10.823  2149  2170 E JavaBinder: !!! FAILED BINDER TRANSACTION !!!
01-06 02:29:10.823  2149  2170 W ActivityManager: Scheduling restart of crashed service com.baidu.netdisk/com.baidu.android.pushservice.PushService in 1000ms
01-06 02:29:10.824  4688  4688 V CommonParams: cast to int com.baidu.android.pushservice.PushSettings.debug_mode Exception. 
01-06 02:29:10.824  2149  2394 E JavaBinder: !!! FAILED BINDER TRANSACTION !!!
01-06 02:29:10.824  2149  2394 W ActivityManager: Scheduling restart of crashed service com.baidu.netdisk/com.baidu.android.pushservice.PushService in 1000ms
01-06 02:29:10.830  2149  2394 E JavaBinder: !!! FAILED BINDER TRANSACTION !!!
01-06 02:29:10.830  2149  2394 W ActivityManager: Scheduling restart of crashed service com.baidu.netdisk/com.baidu.android.pushservice.PushService in 1000ms
01-06 02:29:10.832  2149  2170 I ActivityManager: Process com.baidu.netdisk:bdservice_v1 (pid 4666) has died
01-06 02:29:10.833  2149  3128 W ActivityManager: getRunningAppProcesses: caller 10053 does not hold REAL_GET_TASKS; limiting output
01-06 02:29:10.839  2349  2349 W Launcher: setApplicationContext called twice! old=com.android.launcher3.LauncherApplication@95c0a33 new=com.android.launcher3.LauncherApplication@95c0a33
01-06 02:29:10.840  2349  2349 W Launcher: setApplicationContext called twice! old=com.android.launcher3.LauncherApplication@95c0a33 new=com.android.launcher3.LauncherApplication@95c0a33
01-06 02:29:10.842  4688  4688 D AndroidRuntime: Shutting down VM
01-06 02:29:10.842  4688  4688 E AndroidRuntime: FATAL EXCEPTION: main
01-06 02:29:10.842  4688  4688 E AndroidRuntime: Process: com.baidu.netdisk, PID: 4688
01-06 02:29:10.842  4688  4688 E AndroidRuntime: java.lang.UnsatisfiedLinkError: dalvik.system.PathClassLoader[DexPathList[[zip file "/system/framework/android.test.runner.jar", zip file "/data/app/com.baidu.netdisk-1/base.apk"],nativeLibraryDirectories=[/data/app/com.baidu.netdisk-1/lib/x86, /vendor/lib, /system/lib]]] couldn't find "libBaiduMapSDK_v3_2_0_15.so"
01-06 02:29:10.842  4688  4688 E AndroidRuntime: 	at java.lang.Runtime.loadLibrary(Runtime.java:366)
01-06 02:29:10.842  4688  4688 E AndroidRuntime: 	at java.lang.System.loadLibrary(System.java:988)
01-06 02:29:10.842  4688  4688 E AndroidRuntime: 	at com.baidu.mapapi.a.<clinit>(Unknown Source)
01-06 02:29:10.842  4688  4688 E AndroidRuntime: 	at com.baidu.mapapi.a.a(Unknown Source)
01-06 02:29:10.842  4688  4688 E AndroidRuntime: 	at com.baidu.mapapi.SDKInitializer.initialize(Unknown Source)
01-06 02:29:10.842  4688  4688 E AndroidRuntime: 	at com.baidu.mapapi.SDKInitializer.initialize(Unknown Source)
01-06 02:29:10.842  4688  4688 E AndroidRuntime: 	at com.baidu.netdisk.NetDiskApplication.onCreate(SourceFile:234)
01-06 02:29:10.842  4688  4688 E AndroidRuntime: 	at android.app.Instrumentation.callApplicationOnCreate(Instrumentation.java:1012)
01-06 02:29:10.842  4688  4688 E AndroidRuntime: 	at android.app.ActivityThread.handleBindApplication(ActivityThread.java:4553)
01-06 02:29:10.842  4688  4688 E AndroidRuntime: 	at android.app.ActivityThread.access$1500(ActivityThread.java:151)
01-06 02:29:10.842  4688  4688 E AndroidRuntime: 	at android.app.ActivityThread$H.handleMessage(ActivityThread.java:1364)
01-06 02:29:10.842  4688  4688 E AndroidRuntime: 	at android.os.Handler.dispatchMessage(Handler.java:102)
01-06 02:29:10.842  4688  4688 E AndroidRuntime: 	at android.os.Looper.loop(Looper.java:135)
01-06 02:29:10.842  4688  4688 E AndroidRuntime: 	at android.app.ActivityThread.main(ActivityThread.java:5254)
01-06 02:29:10.842  4688  4688 E AndroidRuntime: 	at java.lang.reflect.Method.invoke(Native Method)
01-06 02:29:10.842  4688  4688 E AndroidRuntime: 	at java.lang.reflect.Method.invoke(Method.java:372)
01-06 02:29:10.842  4688  4688 E AndroidRuntime: 	at com.android.internal.os.ZygoteInit$MethodAndArgsCaller.run(ZygoteInit.java:903)
01-06 02:29:10.842  4688  4688 E AndroidRuntime: 	at com.android.internal.os.ZygoteInit.main(ZygoteInit.java:698)
01-06 02:29:11.857  2149  2175 I ActivityManager: Start proc 4736:com.baidu.netdisk:bdservice_v1/u0a53 for service com.baidu.netdisk/com.baidu.android.pushservice.PushService
01-06 02:29:11.871  4736  4736 I ActivityThread: Switching default density from 160 to 240
01-06 02:29:11.873  4736  4736 W ResourcesManager: Asset path '/system/framework/android.test.runner.jar' does not exist or contains no resources.
01-06 02:29:11.881  4736  4736 I MultiDex: VM with version 2.1.0 has multidex support
01-06 02:29:11.881  4736  4736 I MultiDex: install
01-06 02:29:11.881  4736  4736 I MultiDex: VM has multidex support, MultiDex support library is disabled.
01-06 02:29:11.888  4736  4736 V CommonParams: cast to int com.baidu.android.pushservice.PushSettings.debug_mode Exception. 
01-06 02:29:11.901  4736  4736 E BaiduAppSSOJni: Native library not found! Please copy libbdpush_V2_4.so into your project!
01-06 02:29:11.901  4736  4736 E art     : No implementation found for byte[] com.baidu.android.pushservice.jni.BaiduAppSSOJni.getKey(java.lang.String) (tried Java_com_baidu_android_pushservice_jni_BaiduAppSSOJni_getKey and Java_com_baidu_android_pushservice_jni_BaiduAppSSOJni_getKey__Ljava_lang_String_2)
01-06 02:29:11.901  4736  4736 E BaiduAppSSOJni: error = No implementation found for byte[] com.baidu.android.pushservice.jni.BaiduAppSSOJni.getKey(java.lang.String) (tried Java_com_baidu_android_pushservice_jni_BaiduAppSSOJni_getKey and Java_com_baidu_android_pushservice_jni_BaiduAppSSOJni_getKey__Ljava_lang_String_2)
01-06 02:29:11.905  4736  4736 E socket  : Native library not found! Please copy libbdpush_V2_4.so into your project!
01-06 02:29:11.912  4736  4736 E art     : No implementation found for byte[] com.baidu.android.pushservice.jni.BaiduAppSSOJni.getKey(java.lang.String) (tried Java_com_baidu_android_pushservice_jni_BaiduAppSSOJni_getKey and Java_com_baidu_android_pushservice_jni_BaiduAppSSOJni_getKey__Ljava_lang_String_2)
01-06 02:29:11.912  4736  4736 E BaiduAppSSOJni: error = No implementation found for byte[] com.baidu.android.pushservice.jni.BaiduAppSSOJni.getKey(java.lang.String) (tried Java_com_baidu_android_pushservice_jni_BaiduAppSSOJni_getKey and Java_com_baidu_android_pushservice_jni_BaiduAppSSOJni_getKey__Ljava_lang_String_2)
01-06 02:29:11.917  4736  4736 E art     : No implementation found for byte[] com.baidu.android.pushservice.jni.BaiduAppSSOJni.getKey(java.lang.String) (tried Java_com_baidu_android_pushservice_jni_BaiduAppSSOJni_getKey and Java_com_baidu_android_pushservice_jni_BaiduAppSSOJni_getKey__Ljava_lang_String_2)
01-06 02:29:11.917  4736  4736 E BaiduAppSSOJni: error = No implementation found for byte[] com.baidu.android.pushservice.jni.BaiduAppSSOJni.getKey(java.lang.String) (tried Java_com_baidu_android_pushservice_jni_BaiduAppSSOJni_getKey and Java_com_baidu_android_pushservice_jni_BaiduAppSSOJni_getKey__Ljava_lang_String_2)
01-06 02:29:11.923  4736  4736 E art     : No implementation found for byte[] com.baidu.android.pushservice.jni.BaiduAppSSOJni.getKey(java.lang.String) (tried Java_com_baidu_android_pushservice_jni_BaiduAppSSOJni_getKey and Java_com_baidu_android_pushservice_jni_BaiduAppSSOJni_getKey__Ljava_lang_String_2)
01-06 02:29:11.923  4736  4736 E BaiduAppSSOJni: error = No implementation found for byte[] com.baidu.android.pushservice.jni.BaiduAppSSOJni.getKey(java.lang.String) (tried Java_com_baidu_android_pushservice_jni_BaiduAppSSOJni_getKey and Java_com_baidu_android_pushservice_jni_BaiduAppSSOJni_getKey__Ljava_lang_String_2)
01-06 02:29:11.925  4736  4736 I Process : Sending signal. PID: 4736 SIG: 9
01-06 02:29:11.933  2149  2295 I ActivityManager: Process com.baidu.netdisk:bdservice_v1 (pid 4736) has died
01-06 02:29:12.722  2149  2209 W AudioTrack: AUDIO_OUTPUT_FLAG_FAST denied by client
01-06 02:29:12.736  4688  4688 I Process : Sending signal. PID: 4688 SIG: 9
01-06 02:29:12.738  2149  3972 D OpenGLRenderer: endAllStagingAnimators on 0x7f3138ae0000 (RippleDrawable) with handle 0x7f3138ea5c40
01-06 02:29:12.749  2149  2170 I ActivityManager: Process com.baidu.netdisk (pid 4688) has died
01-06 02:29:12.749  2149  2170 W ActivityManager: Service crashed 2 times, stopping: ServiceRecord{5fd9c5a u0 com.baidu.netdisk/.service.NetdiskService}
01-06 02:29:13.658  2149  2209 W AudioTrack: AUDIO_OUTPUT_FLAG_FAST denied by client
01-06 02:29:13.670  2149  2175 W ActivityManager:   Force finishing activity 1 com.popcap.pvz2cthdbddk/.SexyAppActivity
01-06 02:29:13.670  2149  2175 I ActivityManager: Killing 4265:com.popcap.pvz2cthdbddk/u0a59 (adj 2): user request after error
01-06 02:29:13.671  2149  2175 I libprocessgroup: Killing pid 4302 in uid 10059 as part of process group 4265
01-06 02:29:13.671  2149  2175 I libprocessgroup: Killing pid 4303 in uid 10059 as part of process group 4265
01-06 02:29:13.671  2149  2175 I libprocessgroup: Killing pid 4302 in uid 10059 as part of process group 4265
01-06 02:29:13.671  2149  2175 I libprocessgroup: Killing pid 4303 in uid 10059 as part of process group 4265
01-06 02:29:13.671  2149  2175 I libprocessgroup: Killing pid 4302 in uid 10059 as part of process group 4265
01-06 02:29:13.671  2149  2175 I libprocessgroup: Killing pid 4303 in uid 10059 as part of process group 4265
01-06 02:29:13.672  2149  2175 I libprocessgroup: Killing pid 4302 in uid 10059 as part of process group 4265
01-06 02:29:13.672  2149  2175 I libprocessgroup: Killing pid 4303 in uid 10059 as part of process group 4265
01-06 02:29:13.673  2149  2175 I libprocessgroup: Killing pid 4302 in uid 10059 as part of process group 4265
01-06 02:29:13.673  2149  2175 I libprocessgroup: Killing pid 4303 in uid 10059 as part of process group 4265
01-06 02:29:13.704  2149  2190 W InputDispatcher: channel '28178e39 com.popcap.pvz2cthdbddk/com.popcap.pvz2cthdbddk.SexyAppActivity (server)' ~ Consumer closed input channel or an error occurred.  events=0x9
01-06 02:29:13.704  2149  2190 E InputDispatcher: channel '28178e39 com.popcap.pvz2cthdbddk/com.popcap.pvz2cthdbddk.SexyAppActivity (server)' ~ Channel is unrecoverably broken and will be disposed!
01-06 02:29:13.705  2149  3044 I WindowState: WIN DEATH: Window{28178e39 u0 com.popcap.pvz2cthdbddk/com.popcap.pvz2cthdbddk.SexyAppActivity}
01-06 02:29:13.705  2149  3044 W InputDispatcher: Attempted to unregister already unregistered input channel '28178e39 com.popcap.pvz2cthdbddk/com.popcap.pvz2cthdbddk.SexyAppActivity (server)'
01-06 02:29:13.705  2149  3044 W WindowManager: Force-removing child win Window{3659d0fb u0 SurfaceView} from container Window{28178e39 u0 com.popcap.pvz2cthdbddk/com.popcap.pvz2cthdbddk.SexyAppActivity}
01-06 02:29:13.705  2149  2204 D WifiService: Client connection lost with reason: 4
01-06 02:29:13.711  2149  3044 W WindowManager: Force-removing child win Window{1b3fcb71 u0 SurfaceView} from container Window{28178e39 u0 com.popcap.pvz2cthdbddk/com.popcap.pvz2cthdbddk.SexyAppActivity}
01-06 02:29:13.712  4764  4764 W linker  : [vdso]: unused DT entry: type 0x6ffffef5 arg 0x160
01-06 02:29:13.714  2149  2170 W WindowManager: Failed looking up window
01-06 02:29:13.714  2149  2170 W WindowManager: java.lang.IllegalArgumentException: Requested window android.os.BinderProxy@20828a does not exist
01-06 02:29:13.714  2149  2170 W WindowManager: 	at com.android.server.wm.WindowManagerService.windowForClientLocked(WindowManagerService.java:8539)
01-06 02:29:13.714  2149  2170 W WindowManager: 	at com.android.server.wm.WindowManagerService.windowForClientLocked(WindowManagerService.java:8530)
01-06 02:29:13.714  2149  2170 W WindowManager: 	at com.android.server.wm.WindowState$DeathRecipient.binderDied(WindowState.java:1142)
01-06 02:29:13.714  2149  2170 W WindowManager: 	at android.os.BinderProxy.sendDeathNotice(Binder.java:551)
01-06 02:29:13.714  2149  2170 I WindowState: WIN DEATH: null
01-06 02:29:13.714  2149  2169 W WindowManager: Failed looking up window
01-06 02:29:13.714  2149  2169 W WindowManager: java.lang.IllegalArgumentException: Requested window android.os.BinderProxy@1f0ca518 does not exist
01-06 02:29:13.714  2149  2169 W WindowManager: 	at com.android.server.wm.WindowManagerService.windowForClientLocked(WindowManagerService.java:8539)
01-06 02:29:13.714  2149  2169 W WindowManager: 	at com.android.server.wm.WindowManagerService.windowForClientLocked(WindowManagerService.java:8530)
01-06 02:29:13.714  2149  2169 W WindowManager: 	at com.android.server.wm.WindowState$DeathRecipient.binderDied(WindowState.java:1142)
01-06 02:29:13.714  2149  2169 W WindowManager: 	at android.os.BinderProxy.sendDeathNotice(Binder.java:551)
01-06 02:29:13.714  2149  2169 I WindowState: WIN DEATH: null
01-06 02:29:13.741  2149  3972 D OpenGLRenderer: endAllStagingAnimators on 0x7f3138977800 (RippleDrawable) with handle 0x7f3138a32ca0
01-06 02:29:13.743  2149  2170 W InputMethodManagerService: Got RemoteException sending setActive(false) notification to pid 4265 uid 10059
01-06 02:29:15.844  2149  2175 I ActivityManager: Start proc 4765:com.baidu.netdisk:bdservice_v1/u0a53 for broadcast com.baidu.netdisk/com.baidu.android.pushservice.RegistrationReceiver
01-06 02:29:15.848  4765  4765 I ActivityThread: Switching default density from 160 to 240
01-06 02:29:15.849  4765  4765 W ResourcesManager: Asset path '/system/framework/android.test.runner.jar' does not exist or contains no resources.
01-06 02:29:15.851  4765  4765 I MultiDex: VM with version 2.1.0 has multidex support
01-06 02:29:15.851  4765  4765 I MultiDex: install
01-06 02:29:15.851  4765  4765 I MultiDex: VM has multidex support, MultiDex support library is disabled.
01-06 02:29:15.862  2149  3042 I ActivityManager: Start proc 4787:com.baidu.netdisk/u0a53 for content provider com.baidu.netdisk/.provider.FileSystemProvider
01-06 02:29:15.863  4787  4787 I ActivityThread: Switching default density from 160 to 240
01-06 02:29:15.864  4787  4787 W ResourcesManager: Asset path '/system/framework/android.test.runner.jar' does not exist or contains no resources.
01-06 02:29:15.866  4787  4787 I MultiDex: VM with version 2.1.0 has multidex support
01-06 02:29:15.866  4787  4787 I MultiDex: install
01-06 02:29:15.866  4787  4787 I MultiDex: VM has multidex support, MultiDex support library is disabled.
01-06 02:29:15.869  4787  4787 D ActivityThread: Loading provider com.baidu.netdisk.account: com.baidu.netdisk.account.storage.AccountProvider
01-06 02:29:15.959  4765  4765 V CommonParams: cast to int com.baidu.android.pushservice.PushSettings.debug_mode Exception. 
01-06 02:29:15.972  4765  4765 E BaiduAppSSOJni: Native library not found! Please copy libbdpush_V2_4.so into your project!
01-06 02:29:15.972  4765  4765 E art     : No implementation found for byte[] com.baidu.android.pushservice.jni.BaiduAppSSOJni.getKey(java.lang.String) (tried Java_com_baidu_android_pushservice_jni_BaiduAppSSOJni_getKey and Java_com_baidu_android_pushservice_jni_BaiduAppSSOJni_getKey__Ljava_lang_String_2)
01-06 02:29:15.972  4765  4765 E BaiduAppSSOJni: error = No implementation found for byte[] com.baidu.android.pushservice.jni.BaiduAppSSOJni.getKey(java.lang.String) (tried Java_com_baidu_android_pushservice_jni_BaiduAppSSOJni_getKey and Java_com_baidu_android_pushservice_jni_BaiduAppSSOJni_getKey__Ljava_lang_String_2)
01-06 02:29:15.983  4765  4765 E art     : No implementation found for byte[] com.baidu.android.pushservice.jni.BaiduAppSSOJni.getKey(java.lang.String) (tried Java_com_baidu_android_pushservice_jni_BaiduAppSSOJni_getKey and Java_com_baidu_android_pushservice_jni_BaiduAppSSOJni_getKey__Ljava_lang_String_2)
01-06 02:29:15.983  4765  4765 E BaiduAppSSOJni: error = No implementation found for byte[] com.baidu.android.pushservice.jni.BaiduAppSSOJni.getKey(java.lang.String) (tried Java_com_baidu_android_pushservice_jni_BaiduAppSSOJni_getKey and Java_com_baidu_android_pushservice_jni_BaiduAppSSOJni_getKey__Ljava_lang_String_2)
01-06 02:29:15.983  4765  4765 E socket  : Native library not found! Please copy libbdpush_V2_4.so into your project!
01-06 02:29:15.984  4765  4765 I Process : Sending signal. PID: 4765 SIG: 9
01-06 02:29:15.988  2149  2394 E JavaBinder: !!! FAILED BINDER TRANSACTION !!!
01-06 02:29:15.988  2149  2394 W ActivityManager: Scheduling restart of crashed service com.baidu.netdisk/com.baidu.android.pushservice.PushService in 1000ms
01-06 02:29:15.989  4787  4787 V CommonParams: cast to int com.baidu.android.pushservice.PushSettings.debug_mode Exception. 
01-06 02:29:15.990  2149  3042 E JavaBinder: !!! FAILED BINDER TRANSACTION !!!
01-06 02:29:15.990  2149  3042 W ActivityManager: Scheduling restart of crashed service com.baidu.netdisk/com.baidu.android.pushservice.PushService in 1000ms
01-06 02:29:15.993  2149  3044 I ActivityManager: Process com.baidu.netdisk:bdservice_v1 (pid 4765) has died
01-06 02:29:16.017  2149  3128 I ActivityManager: Start proc 4821:com.baidu.netdisk:bdservice_v1/u0a53 for service com.baidu.netdisk/com.baidu.android.pushservice.PushService
01-06 02:29:16.022  2149  3044 W ActivityManager: getRunningAppProcesses: caller 10053 does not hold REAL_GET_TASKS; limiting output
01-06 02:29:16.025  4821  4821 I ActivityThread: Switching default density from 160 to 240
01-06 02:29:16.026  4821  4821 W ResourcesManager: Asset path '/system/framework/android.test.runner.jar' does not exist or contains no resources.
01-06 02:29:16.031  4821  4821 I MultiDex: VM with version 2.1.0 has multidex support
01-06 02:29:16.031  4821  4821 I MultiDex: install
01-06 02:29:16.031  4821  4821 I MultiDex: VM has multidex support, MultiDex support library is disabled.
01-06 02:29:16.035  2349  2349 W Launcher: setApplicationContext called twice! old=com.android.launcher3.LauncherApplication@95c0a33 new=com.android.launcher3.LauncherApplication@95c0a33
01-06 02:29:16.035  4821  4821 V CommonParams: cast to int com.baidu.android.pushservice.PushSettings.debug_mode Exception. 
01-06 02:29:16.035  2149  2170 I ActivityManager: Delay finish: com.android.launcher3/.UninstallShortcutReceiver
01-06 02:29:16.042  4821  4821 E BaiduAppSSOJni: Native library not found! Please copy libbdpush_V2_4.so into your project!
01-06 02:29:16.042  4821  4821 E art     : No implementation found for byte[] com.baidu.android.pushservice.jni.BaiduAppSSOJni.getKey(java.lang.String) (tried Java_com_baidu_android_pushservice_jni_BaiduAppSSOJni_getKey and Java_com_baidu_android_pushservice_jni_BaiduAppSSOJni_getKey__Ljava_lang_String_2)
01-06 02:29:16.042  4821  4821 E BaiduAppSSOJni: error = No implementation found for byte[] com.baidu.android.pushservice.jni.BaiduAppSSOJni.getKey(java.lang.String) (tried Java_com_baidu_android_pushservice_jni_BaiduAppSSOJni_getKey and Java_com_baidu_android_pushservice_jni_BaiduAppSSOJni_getKey__Ljava_lang_String_2)
01-06 02:29:16.049  4821  4821 E socket  : Native library not found! Please copy libbdpush_V2_4.so into your project!
01-06 02:29:16.049  2149  3042 I ActivityManager: Resuming delayed broadcast
01-06 02:29:16.050  2349  2349 W Launcher: setApplicationContext called twice! old=com.android.launcher3.LauncherApplication@95c0a33 new=com.android.launcher3.LauncherApplication@95c0a33
01-06 02:29:16.054  4821  4821 E art     : No implementation found for byte[] com.baidu.android.pushservice.jni.BaiduAppSSOJni.getKey(java.lang.String) (tried Java_com_baidu_android_pushservice_jni_BaiduAppSSOJni_getKey and Java_com_baidu_android_pushservice_jni_BaiduAppSSOJni_getKey__Ljava_lang_String_2)
01-06 02:29:16.054  4821  4821 E BaiduAppSSOJni: error = No implementation found for byte[] com.baidu.android.pushservice.jni.BaiduAppSSOJni.getKey(java.lang.String) (tried Java_com_baidu_android_pushservice_jni_BaiduAppSSOJni_getKey and Java_com_baidu_android_pushservice_jni_BaiduAppSSOJni_getKey__Ljava_lang_String_2)
01-06 02:29:16.056  4787  4787 D AndroidRuntime: Shutting down VM
01-06 02:29:16.056  4787  4787 E AndroidRuntime: FATAL EXCEPTION: main
01-06 02:29:16.056  4787  4787 E AndroidRuntime: Process: com.baidu.netdisk, PID: 4787
01-06 02:29:16.056  4787  4787 E AndroidRuntime: java.lang.UnsatisfiedLinkError: dalvik.system.PathClassLoader[DexPathList[[zip file "/system/framework/android.test.runner.jar", zip file "/data/app/com.baidu.netdisk-1/base.apk"],nativeLibraryDirectories=[/data/app/com.baidu.netdisk-1/lib/x86, /vendor/lib, /system/lib]]] couldn't find "libBaiduMapSDK_v3_2_0_15.so"
01-06 02:29:16.056  4787  4787 E AndroidRuntime: 	at java.lang.Runtime.loadLibrary(Runtime.java:366)
01-06 02:29:16.056  4787  4787 E AndroidRuntime: 	at java.lang.System.loadLibrary(System.java:988)
01-06 02:29:16.056  4787  4787 E AndroidRuntime: 	at com.baidu.mapapi.a.<clinit>(Unknown Source)
01-06 02:29:16.056  4787  4787 E AndroidRuntime: 	at com.baidu.mapapi.a.a(Unknown Source)
01-06 02:29:16.056  4787  4787 E AndroidRuntime: 	at com.baidu.mapapi.SDKInitializer.initialize(Unknown Source)
01-06 02:29:16.056  4787  4787 E AndroidRuntime: 	at com.baidu.mapapi.SDKInitializer.initialize(Unknown Source)
01-06 02:29:16.056  4787  4787 E AndroidRuntime: 	at com.baidu.netdisk.NetDiskApplication.onCreate(SourceFile:234)
01-06 02:29:16.056  4787  4787 E AndroidRuntime: 	at android.app.Instrumentation.callApplicationOnCreate(Instrumentation.java:1012)
01-06 02:29:16.056  4787  4787 E AndroidRuntime: 	at android.app.ActivityThread.handleBindApplication(ActivityThread.java:4553)
01-06 02:29:16.056  4787  4787 E AndroidRuntime: 	at android.app.ActivityThread.access$1500(ActivityThread.java:151)
01-06 02:29:16.056  4787  4787 E AndroidRuntime: 	at android.app.ActivityThread$H.handleMessage(ActivityThread.java:1364)
01-06 02:29:16.056  4787  4787 E AndroidRuntime: 	at android.os.Handler.dispatchMessage(Handler.java:102)
01-06 02:29:16.056  4787  4787 E AndroidRuntime: 	at android.os.Looper.loop(Looper.java:135)
01-06 02:29:16.056  4787  4787 E AndroidRuntime: 	at android.app.ActivityThread.main(ActivityThread.java:5254)
01-06 02:29:16.056  4787  4787 E AndroidRuntime: 	at java.lang.reflect.Method.invoke(Native Method)
01-06 02:29:16.056  4787  4787 E AndroidRuntime: 	at java.lang.reflect.Method.invoke(Method.java:372)
01-06 02:29:16.056  4787  4787 E AndroidRuntime: 	at com.android.internal.os.ZygoteInit$MethodAndArgsCaller.run(ZygoteInit.java:903)
01-06 02:29:16.056  4787  4787 E AndroidRuntime: 	at com.android.internal.os.ZygoteInit.main(ZygoteInit.java:698)
01-06 02:29:16.057  4821  4821 E art     : No implementation found for byte[] com.baidu.android.pushservice.jni.BaiduAppSSOJni.getKey(java.lang.String) (tried Java_com_baidu_android_pushservice_jni_BaiduAppSSOJni_getKey and Java_com_baidu_android_pushservice_jni_BaiduAppSSOJni_getKey__Ljava_lang_String_2)
01-06 02:29:16.057  4821  4821 E BaiduAppSSOJni: error = No implementation found for byte[] com.baidu.android.pushservice.jni.BaiduAppSSOJni.getKey(java.lang.String) (tried Java_com_baidu_android_pushservice_jni_BaiduAppSSOJni_getKey and Java_com_baidu_android_pushservice_jni_BaiduAppSSOJni_getKey__Ljava_lang_String_2)
01-06 02:29:16.062  4821  4821 E art     : No implementation found for byte[] com.baidu.android.pushservice.jni.BaiduAppSSOJni.getKey(java.lang.String) (tried Java_com_baidu_android_pushservice_jni_BaiduAppSSOJni_getKey and Java_com_baidu_android_pushservice_jni_BaiduAppSSOJni_getKey__Ljava_lang_String_2)
01-06 02:29:16.062  4821  4821 E BaiduAppSSOJni: error = No implementation found for byte[] com.baidu.android.pushservice.jni.BaiduAppSSOJni.getKey(java.lang.String) (tried Java_com_baidu_android_pushservice_jni_BaiduAppSSOJni_getKey and Java_com_baidu_android_pushservice_jni_BaiduAppSSOJni_getKey__Ljava_lang_String_2)
01-06 02:29:16.063  4821  4821 I Process : Sending signal. PID: 4821 SIG: 9
01-06 02:29:16.072  2149  2295 I ActivityManager: Process com.baidu.netdisk:bdservice_v1 (pid 4821) has died
01-06 02:29:16.094  2149  3972 I EGL-DRI2: DRI2: found extension DRI_Core version 1
01-06 02:29:16.094  2149  3972 I EGL-DRI2: DRI2: found extension DRI_DRI2 version 4
01-06 02:29:16.106  2149  3972 I EGL-DRI2: DRI2: found extension DRI_TexBuffer version 3
01-06 02:29:16.106  2149  3972 I EGL-DRI2: DRI2: found extension DRI2_Flush version 4
01-06 02:29:16.106  2149  3972 I EGL-DRI2: DRI2: found extension DRI_IMAGE version 11
01-06 02:29:16.106  2149  3972 I OpenGLRenderer: Initialized EGL, version 1.4
01-06 02:29:17.850  2149  2209 W AudioTrack: AUDIO_OUTPUT_FLAG_FAST denied by client
01-06 02:29:17.857  4787  4787 I Process : Sending signal. PID: 4787 SIG: 9
01-06 02:29:17.859  2149  3972 D OpenGLRenderer: endAllStagingAnimators on 0x7f3138ae3000 (RippleDrawable) with handle 0x7f31388d1a60
01-06 02:29:17.861  2149  4763 W InputMethodManagerService: Window already focused, ignoring focus gain of: com.android.internal.view.IInputMethodClient$Stub$Proxy@550d2ed attribute=null, token = android.os.BinderProxy@3b81a120
01-06 02:29:17.863  1876  2146 D audio_hw_primary: found out /dev/snd/pcmC0D0p
01-06 02:29:17.869  2149  2295 I ActivityManager: Process com.baidu.netdisk (pid 4787) has died
01-06 02:29:17.869  2149  2295 W ActivityManager: Scheduling restart of crashed service com.baidu.netdisk/.service.NetdiskService in 3806ms
01-06 02:29:18.724  4861  4861 W linker  : [vdso]: unused DT entry: type 0x6ffffef5 arg 0x160
01-06 02:29:18.987  2149  2209 W AudioTrack: AUDIO_OUTPUT_FLAG_FAST denied by client
01-06 02:29:18.987  2149  4763 I ActivityManager: START u0 {act=android.intent.action.MAIN cat=[android.intent.category.LAUNCHER] flg=0x10200000 cmp=com.android.settings/.Settings bnds=[749,566][960,702] (has extras)} from uid 10033 on display 0
01-06 02:29:18.990  2149  4763 V WindowManager: addAppToken: AppWindowToken{1c85570 token=Token{34df2bb3 ActivityRecord{33fc3522 u0 com.android.settings/.Settings t1068}}} to stack=1 task=1068 at 0
01-06 02:29:18.995  2149  2180 V WindowManager: Adding window Window{2e89421 u0 Starting com.android.settings} at 3 of 8 (after Window{225175f0 u0 com.cyanogenmod.filemanager/com.cyanogenmod.filemanager.activities.NavigationActivity})
01-06 02:29:19.000  2892  4863 D Index   : Locale 'en_US' is already indexed
01-06 02:29:19.001  2149  2169 V WindowManager: Adding window Window{1e8a4f15 u0 com.android.settings/com.android.settings.Settings} at 3 of 9 (before Window{2e89421 u0 Starting com.android.settings})
01-06 02:29:19.045  2892  2892 D DashboardSummary: rebuildUI took: 43 ms
01-06 02:29:19.147  2149  2180 I ActivityManager: Displayed com.android.settings/.Settings: +154ms
01-06 02:29:19.250  2149  2377 I ActivityManager: START u0 {act=android.intent.action.MAIN cmp=com.android.settings/.SubSettings (has extras)} from uid 1000 on display 0
01-06 02:29:19.251  2149  2209 W AudioTrack: AUDIO_OUTPUT_FLAG_FAST denied by client
01-06 02:29:19.257  2149  2377 V WindowManager: addAppToken: AppWindowToken{3347f93 token=Token{c84ec82 ActivityRecord{37f64bcd u0 com.android.settings/.SubSettings t1068}}} to stack=1 task=1068 at 1
01-06 02:29:19.278  2892  2892 D SubSettings: Launching fragment com.android.settings.deviceinfo.Memory
01-06 02:29:19.320  2892  2911 I art     : Background sticky concurrent mark sweep GC freed 407(22KB) AllocSpace objects, 0(0B) LOS objects, 2% free, 4MB/4MB, paused 6.853ms total 12.834ms
01-06 02:29:19.357  2149  2170 I art     : Explicit concurrent mark sweep GC freed 27746(1632KB) AllocSpace objects, 11(3MB) LOS objects, 33% free, 15MB/23MB, paused 689us total 35.999ms
01-06 02:29:19.359  2149  3128 V WindowManager: Adding window Window{95d4794 u0 com.android.settings/com.android.settings.SubSettings} at 4 of 9 (after Window{1e8a4f15 u0 com.android.settings/com.android.settings.Settings})
01-06 02:29:19.427  2892  4870 D StorageMeasurement: getDirectorySize(/storage/emulated/0/Ringtones) returned 8192
01-06 02:29:19.428  2892  4870 D StorageMeasurement: getDirectorySize(/storage/emulated/0/Pictures) returned 8192
01-06 02:29:19.429  2892  4870 D StorageMeasurement: getDirectorySize(/storage/emulated/0/DCIM) returned 8192
01-06 02:29:19.429  2892  4870 D StorageMeasurement: getDirectorySize(/storage/emulated/0/Podcasts) returned 8192
01-06 02:29:19.430  2892  4870 D StorageMeasurement: getDirectorySize(/storage/emulated/0/Notifications) returned 8192
01-06 02:29:19.431  2892  4870 D StorageMeasurement: getDirectorySize(/storage/emulated/0/Music) returned 8192
01-06 02:29:19.432  2892  4870 D StorageMeasurement: getDirectorySize(/storage/emulated/0/Movies) returned 8192
01-06 02:29:19.436  2892  4870 D StorageMeasurement: getDirectorySize(/storage/emulated/0/Android) returned 401170432
01-06 02:29:19.436  2892  4874 D StorageMeasurement: getDirectorySize(/storage/emulated/0) returned 435707904
01-06 02:29:19.436  2892  4873 D StorageMeasurement: getDirectorySize(/storage/emulated/0) returned 435707904
01-06 02:29:19.437  2892  4872 D StorageMeasurement: getDirectorySize(/storage/emulated/0) returned 435707904
01-06 02:29:19.437  2892  4871 D StorageMeasurement: getDirectorySize(/storage/emulated/0) returned 435707904
01-06 02:29:19.437  2892  4875 D StorageMeasurement: getDirectorySize(/storage/emulated/0) returned 435707904
01-06 02:29:19.437  2892  4870 D StorageMeasurement: getDirectorySize(/storage/emulated/0/Download) returned 8192
01-06 02:29:19.438  2892  4870 D StorageMeasurement: getDirectorySize(/storage/emulated/0/Alarms) returned 8192
01-06 02:29:19.442  2892  4870 D StorageMeasurement: getDirectorySize(/storage/emulated/0/storage) returned 8192
01-06 02:29:19.443  2892  4870 D StorageMeasurement: getDirectorySize(/storage/emulated/0/tmp6160662762784781288) returned 12288
01-06 02:29:19.444  2892  4870 D StorageMeasurement: getDirectorySize(/storage/emulated/0/baidu) returned 106496
01-06 02:29:19.445  2149  2180 I ActivityManager: Displayed com.android.settings/.SubSettings: +183ms
01-06 02:29:19.446  2892  4870 D StorageMeasurement: getDirectorySize(/storage/emulated/0/.unicomCache) returned 12288
01-06 02:29:19.447  2892  4870 D StorageMeasurement: getDirectorySize(/storage/emulated/0/tmp5204789265975702837) returned 12288
01-06 02:29:19.447  2892  4870 D StorageMeasurement: getDirectorySize(/storage/emulated/0/wostoresecurity) returned 24576
01-06 02:29:19.449  2892  4870 D StorageMeasurement: getDirectorySize(/storage/emulated/0/tmp3768428887532964417) returned 12288
01-06 02:29:19.451  2892  4870 D StorageMeasurement: getDirectorySize(/storage/emulated/0) returned 435707904
01-06 02:29:19.475  2892  3788 D OpenGLRenderer: endAllStagingAnimators on 0x7f31483c1800 (RippleDrawable) with handle 0x7f31482e0260
01-06 02:29:20.599  2149  2175 I ActivityManager: Waited long enough for: ServiceRecord{1a3b2e8b u0 com.baidu.netdisk/com.baidu.android.pushservice.PushService}
01-06 02:29:20.599  2149  2175 I ActivityManager: Waited long enough for: ServiceRecord{1a3b2e8b u0 com.baidu.netdisk/com.baidu.android.pushservice.PushService}
01-06 02:29:21.006  2149  2175 I ActivityManager: Start proc 4884:com.baidu.netdisk:bdservice_v1/u0a53 for broadcast com.baidu.netdisk/com.baidu.android.pushservice.RegistrationReceiver
01-06 02:29:21.016  4884  4884 I ActivityThread: Switching default density from 160 to 240
01-06 02:29:21.017  4884  4884 W ResourcesManager: Asset path '/system/framework/android.test.runner.jar' does not exist or contains no resources.
01-06 02:29:21.022  4884  4884 I MultiDex: VM with version 2.1.0 has multidex support
01-06 02:29:21.022  4884  4884 I MultiDex: install
01-06 02:29:21.022  4884  4884 I MultiDex: VM has multidex support, MultiDex support library is disabled.
01-06 02:29:21.045  2149  2377 I ActivityManager: Start proc 4906:com.baidu.netdisk/u0a53 for content provider com.baidu.netdisk/.provider.FileSystemProvider
01-06 02:29:21.053  4906  4906 I ActivityThread: Switching default density from 160 to 240
01-06 02:29:21.054  4906  4906 W ResourcesManager: Asset path '/system/framework/android.test.runner.jar' does not exist or contains no resources.
01-06 02:29:21.058  4906  4906 I MultiDex: VM with version 2.1.0 has multidex support
01-06 02:29:21.058  4906  4906 I MultiDex: install
01-06 02:29:21.058  4906  4906 I MultiDex: VM has multidex support, MultiDex support library is disabled.
01-06 02:29:21.061  4906  4906 D ActivityThread: Loading provider com.baidu.netdisk.account: com.baidu.netdisk.account.storage.AccountProvider
01-06 02:29:21.159  4884  4884 V CommonParams: cast to int com.baidu.android.pushservice.PushSettings.debug_mode Exception. 
01-06 02:29:21.171  2149  2209 W AudioTrack: AUDIO_OUTPUT_FLAG_FAST denied by client
01-06 02:29:21.172  4884  4884 E BaiduAppSSOJni: Native library not found! Please copy libbdpush_V2_4.so into your project!
01-06 02:29:21.172  4884  4884 E art     : No implementation found for byte[] com.baidu.android.pushservice.jni.BaiduAppSSOJni.getKey(java.lang.String) (tried Java_com_baidu_android_pushservice_jni_BaiduAppSSOJni_getKey and Java_com_baidu_android_pushservice_jni_BaiduAppSSOJni_getKey__Ljava_lang_String_2)
01-06 02:29:21.172  4884  4884 E BaiduAppSSOJni: error = No implementation found for byte[] com.baidu.android.pushservice.jni.BaiduAppSSOJni.getKey(java.lang.String) (tried Java_com_baidu_android_pushservice_jni_BaiduAppSSOJni_getKey and Java_com_baidu_android_pushservice_jni_BaiduAppSSOJni_getKey__Ljava_lang_String_2)
