01-06 02:28:52.051  4265  4337 W SexyEGL :   EGL_LEVEL: 0
01-06 02:28:52.051  4265  4337 W SexyEGL :   EGL_MAX_PBUFFER_HEIGHT: 0
01-06 02:28:52.051  4265  4337 W SexyEGL :   EGL_MAX_PBUFFER_PIXELS: 0
01-06 02:28:52.051  4265  4337 W SexyEGL :   EGL_MAX_PBUFFER_WIDTH: 0
01-06 02:28:52.052  4265  4337 W SexyEGL :   EGL_NATIVE_RENDERABLE: 1
01-06 02:28:52.052  4265  4337 W SexyEGL :   EGL_NATIVE_VISUAL_ID: 4
01-06 02:28:52.052  4265  4337 W SexyEGL :   EGL_NATIVE_VISUAL_TYPE: 4
01-06 02:28:52.052  4265  4337 W SexyEGL :   EGL_PRESERVED_RESOURCES: failed
01-06 02:28:52.052  4265  4337 W SexyEGL :   EGL_SAMPLES: 0
01-06 02:28:52.052  4265  4337 W SexyEGL :   EGL_SAMPLE_BUFFERS: 0
01-06 02:28:52.052  4265  4337 W SexyEGL :   EGL_SURFACE_TYPE: 5
01-06 02:28:52.052  4265  4337 W SexyEGL :   EGL_TRANSPARENT_TYPE: 12344
01-06 02:28:52.052  4265  4337 W SexyEGL :   EGL_TRANSPARENT_RED_VALUE: 0
01-06 02:28:52.052  4265  4337 W SexyEGL :   EGL_TRANSPARENT_GREEN_VALUE: 0
01-06 02:28:52.052  4265  4337 W SexyEGL :   EGL_TRANSPARENT_BLUE_VALUE: 0
01-06 02:28:52.052  4265  4337 W SexyEGL :   EGL_BIND_TO_TEXTURE_RGB: 1
01-06 02:28:52.052  4265  4337 W SexyEGL :   EGL_BIND_TO_TEXTURE_RGBA: 0
01-06 02:28:52.052  4265  4337 W SexyEGL :   EGL_MIN_SWAP_INTERVAL: 0
01-06 02:28:52.052  4265  4337 W SexyEGL :   EGL_MAX_SWAP_INTERVAL: 0
01-06 02:28:52.052  4265  4337 W SexyEGL :   EGL_LUMINANCE_SIZE: 0
01-06 02:28:52.052  4265  4337 W SexyEGL :   EGL_ALPHA_MASK_SIZE: 0
01-06 02:28:52.052  4265  4337 W SexyEGL :   EGL_COLOR_BUFFER_TYPE: 12430
01-06 02:28:52.052  4265  4337 W SexyEGL :   EGL_RENDERABLE_TYPE: 69
01-06 02:28:52.052  4265  4337 W SexyEGL :   EGL_CONFORMANT: 69
01-06 02:28:52.052  4265  4337 W SexyEGL : Configuration 8:
01-06 02:28:52.052  4265  4337 W SexyEGL :   EGL_BUFFER_SIZE: 16
01-06 02:28:52.052  4265  4337 W SexyEGL :   EGL_ALPHA_SIZE: 0
01-06 02:28:52.052  4265  4337 W SexyEGL :   EGL_BLUE_SIZE: 5
01-06 02:28:52.052  4265  4337 W SexyEGL :   EGL_GREEN_SIZE: 6
01-06 02:28:52.052  4265  4337 W SexyEGL :   EGL_RED_SIZE: 5
01-06 02:28:52.052  4265  4337 W SexyEGL :   EGL_DEPTH_SIZE: 16
01-06 02:28:52.052  4265  4337 W SexyEGL :   EGL_STENCIL_SIZE: 0
01-06 02:28:52.052  4265  4337 W SexyEGL :   EGL_CONFIG_CAVEAT: 12344
01-06 02:28:52.052  4265  4337 W SexyEGL :   EGL_CONFIG_ID: 2
01-06 02:28:52.052  4265  4337 W SexyEGL :   EGL_LEVEL: 0
01-06 02:28:52.052  4265  4337 W SexyEGL :   EGL_MAX_PBUFFER_HEIGHT: 0
01-06 02:28:52.052  4265  4337 W SexyEGL :   EGL_MAX_PBUFFER_PIXELS: 0
01-06 02:28:52.052  4265  4337 W SexyEGL :   EGL_MAX_PBUFFER_WIDTH: 0
01-06 02:28:52.052  4265  4337 W SexyEGL :   EGL_NATIVE_RENDERABLE: 1
01-06 02:28:52.052  4265  4337 W SexyEGL :   EGL_NATIVE_VISUAL_ID: 4
01-06 02:28:52.052  4265  4337 W SexyEGL :   EGL_NATIVE_VISUAL_TYPE: 4
01-06 02:28:52.053  4265  4337 W SexyEGL :   EGL_PRESERVED_RESOURCES: failed
01-06 02:28:52.053  4265  4337 W SexyEGL :   EGL_SAMPLES: 0
01-06 02:28:52.053  4265  4337 W SexyEGL :   EGL_SAMPLE_BUFFERS: 0
01-06 02:28:52.053  4265  4337 W SexyEGL :   EGL_SURFACE_TYPE: 5
01-06 02:28:52.053  4265  4337 W SexyEGL :   EGL_TRANSPARENT_TYPE: 12344
01-06 02:28:52.053  4265  4337 W SexyEGL :   EGL_TRANSPARENT_RED_VALUE: 0
01-06 02:28:52.053  4265  4337 W SexyEGL :   EGL_TRANSPARENT_GREEN_VALUE: 0
01-06 02:28:52.053  4265  4337 W SexyEGL :   EGL_TRANSPARENT_BLUE_VALUE: 0
01-06 02:28:52.053  4265  4337 W SexyEGL :   EGL_BIND_TO_TEXTURE_RGB: 1
01-06 02:28:52.053  4265  4337 W SexyEGL :   EGL_BIND_TO_TEXTURE_RGBA: 0
01-06 02:28:52.053  4265  4337 W SexyEGL :   EGL_MIN_SWAP_INTERVAL: 0
01-06 02:28:52.053  4265  4337 W SexyEGL :   EGL_MAX_SWAP_INTERVAL: 0
01-06 02:28:52.053  4265  4337 W SexyEGL :   EGL_LUMINANCE_SIZE: 0
01-06 02:28:52.053  4265  4337 W SexyEGL :   EGL_ALPHA_MASK_SIZE: 0
01-06 02:28:52.053  4265  4337 W SexyEGL :   EGL_COLOR_BUFFER_TYPE: 12430
01-06 02:28:52.053  4265  4337 W SexyEGL :   EGL_RENDERABLE_TYPE: 69
01-06 02:28:52.053  4265  4337 W SexyEGL :   EGL_CONFORMANT: 69
01-06 02:28:52.053  4265  4337 W SexyEGL : Configuration 9:
01-06 02:28:52.053  4265  4337 W SexyEGL :   EGL_BUFFER_SIZE: 16
01-06 02:28:52.053  4265  4337 W SexyEGL :   EGL_ALPHA_SIZE: 0
01-06 02:28:52.053  4265  4337 W SexyEGL :   EGL_BLUE_SIZE: 5
01-06 02:28:52.053  4265  4337 W SexyEGL :   EGL_GREEN_SIZE: 6
01-06 02:28:52.053  4265  4337 W SexyEGL :   EGL_RED_SIZE: 5
01-06 02:28:52.053  4265  4337 W SexyEGL :   EGL_DEPTH_SIZE: 16
01-06 02:28:52.053  4265  4337 W SexyEGL :   EGL_STENCIL_SIZE: 0
01-06 02:28:52.053  4265  4337 W SexyEGL :   EGL_CONFIG_CAVEAT: 12344
01-06 02:28:52.053  4265  4337 W SexyEGL :   EGL_CONFIG_ID: 4
01-06 02:28:52.053  4265  4337 W SexyEGL :   EGL_LEVEL: 0
01-06 02:28:52.053  4265  4337 W SexyEGL :   EGL_MAX_PBUFFER_HEIGHT: 0
01-06 02:28:52.053  4265  4337 W SexyEGL :   EGL_MAX_PBUFFER_PIXELS: 0
01-06 02:28:52.053  4265  4337 W SexyEGL :   EGL_MAX_PBUFFER_WIDTH: 0
01-06 02:28:52.053  4265  4337 W SexyEGL :   EGL_NATIVE_RENDERABLE: 1
01-06 02:28:52.053  4265  4337 W SexyEGL :   EGL_NATIVE_VISUAL_ID: 4
01-06 02:28:52.053  4265  4337 W SexyEGL :   EGL_NATIVE_VISUAL_TYPE: 4
01-06 02:28:52.053  4265  4337 W SexyEGL :   EGL_PRESERVED_RESOURCES: failed
01-06 02:28:52.053  4265  4337 W SexyEGL :   EGL_SAMPLES: 0
01-06 02:28:52.053  4265  4337 W SexyEGL :   EGL_SAMPLE_BUFFERS: 0
01-06 02:28:52.053  4265  4337 W SexyEGL :   EGL_SURFACE_TYPE: 5
01-06 02:28:52.053  4265  4337 W SexyEGL :   EGL_TRANSPARENT_TYPE: 12344
01-06 02:28:52.053  4265  4337 W SexyEGL :   EGL_TRANSPARENT_RED_VALUE: 0
01-06 02:28:52.053  4265  4337 W SexyEGL :   EGL_TRANSPARENT_GREEN_VALUE: 0
01-06 02:28:52.053  4265  4337 W SexyEGL :   EGL_TRANSPARENT_BLUE_VALUE: 0
01-06 02:28:52.053  4265  4337 W SexyEGL :   EGL_BIND_TO_TEXTURE_RGB: 1
01-06 02:28:52.053  4265  4337 W SexyEGL :   EGL_BIND_TO_TEXTURE_RGBA: 0
01-06 02:28:52.053  4265  4337 W SexyEGL :   EGL_MIN_SWAP_INTERVAL: 0
01-06 02:28:52.053  4265  4337 W SexyEGL :   EGL_MAX_SWAP_INTERVAL: 0
01-06 02:28:52.053  4265  4337 W SexyEGL :   EGL_LUMINANCE_SIZE: 0
01-06 02:28:52.053  4265  4337 W SexyEGL :   EGL_ALPHA_MASK_SIZE: 0
01-06 02:28:52.053  4265  4337 W SexyEGL :   EGL_COLOR_BUFFER_TYPE: 12430
01-06 02:28:52.053  4265  4337 W SexyEGL :   EGL_RENDERABLE_TYPE: 69
01-06 02:28:52.054  4265  4337 W SexyEGL :   EGL_CONFORMANT: 69
01-06 02:28:52.054  4265  4337 W SexyEGL : Configuration 10:
01-06 02:28:52.054  4265  4337 W SexyEGL :   EGL_BUFFER_SIZE: 16
01-06 02:28:52.054  4265  4337 W SexyEGL :   EGL_ALPHA_SIZE: 0
01-06 02:28:52.054  4265  4337 W SexyEGL :   EGL_BLUE_SIZE: 5
01-06 02:28:52.054  4265  4337 W SexyEGL :   EGL_GREEN_SIZE: 6
01-06 02:28:52.054  4265  4337 W SexyEGL :   EGL_RED_SIZE: 5
01-06 02:28:52.054  4265  4337 W SexyEGL :   EGL_DEPTH_SIZE: 24
01-06 02:28:52.054  4265  4337 W SexyEGL :   EGL_STENCIL_SIZE: 8
01-06 02:28:52.054  4265  4337 W SexyEGL :   EGL_CONFIG_CAVEAT: 12344
01-06 02:28:52.054  4265  4337 W SexyEGL :   EGL_CONFIG_ID: 3
01-06 02:28:52.054  4265  4337 W SexyEGL :   EGL_LEVEL: 0
01-06 02:28:52.054  4265  4337 W SexyEGL :   EGL_MAX_PBUFFER_HEIGHT: 0
01-06 02:28:52.054  4265  4337 W SexyEGL :   EGL_MAX_PBUFFER_PIXELS: 0
01-06 02:28:52.054  4265  4337 W SexyEGL :   EGL_MAX_PBUFFER_WIDTH: 0
01-06 02:28:52.054  4265  4337 W SexyEGL :   EGL_NATIVE_RENDERABLE: 1
01-06 02:28:52.054  4265  4337 W SexyEGL :   EGL_NATIVE_VISUAL_ID: 4
01-06 02:28:52.054  4265  4337 W SexyEGL :   EGL_NATIVE_VISUAL_TYPE: 4
01-06 02:28:52.054  4265  4337 W SexyEGL :   EGL_PRESERVED_RESOURCES: failed
01-06 02:28:52.054  4265  4337 W SexyEGL :   EGL_SAMPLES: 0
01-06 02:28:52.054  4265  4337 W SexyEGL :   EGL_SAMPLE_BUFFERS: 0
01-06 02:28:52.054  4265  4337 W SexyEGL :   EGL_SURFACE_TYPE: 5
01-06 02:28:52.054  4265  4337 W SexyEGL :   EGL_TRANSPARENT_TYPE: 12344
01-06 02:28:52.054  4265  4337 W SexyEGL :   EGL_TRANSPARENT_RED_VALUE: 0
01-06 02:28:52.054  4265  4337 W SexyEGL :   EGL_TRANSPARENT_GREEN_VALUE: 0
01-06 02:28:52.054  4265  4337 W SexyEGL :   EGL_TRANSPARENT_BLUE_VALUE: 0
01-06 02:28:52.054  4265  4337 W SexyEGL :   EGL_BIND_TO_TEXTURE_RGB: 1
01-06 02:28:52.054  4265  4337 W SexyEGL :   EGL_BIND_TO_TEXTURE_RGBA: 0
01-06 02:28:52.054  4265  4337 W SexyEGL :   EGL_MIN_SWAP_INTERVAL: 0
01-06 02:28:52.054  4265  4337 W SexyEGL :   EGL_MAX_SWAP_INTERVAL: 0
01-06 02:28:52.054  4265  4337 W SexyEGL :   EGL_LUMINANCE_SIZE: 0
01-06 02:28:52.054  4265  4337 W SexyEGL :   EGL_ALPHA_MASK_SIZE: 0
01-06 02:28:52.054  4265  4337 W SexyEGL :   EGL_COLOR_BUFFER_TYPE: 12430
01-06 02:28:52.054  4265  4337 W SexyEGL :   EGL_RENDERABLE_TYPE: 69
01-06 02:28:52.054  4265  4337 W SexyEGL :   EGL_CONFORMANT: 69
01-06 02:28:52.054  4265  4337 W SexyEGL : Configuration 11:
01-06 02:28:52.054  4265  4337 W SexyEGL :   EGL_BUFFER_SIZE: 16
01-06 02:28:52.054  4265  4337 W SexyEGL :   EGL_ALPHA_SIZE: 0
01-06 02:28:52.054  4265  4337 W SexyEGL :   EGL_BLUE_SIZE: 5
01-06 02:28:52.054  4265  4337 W SexyEGL :   EGL_GREEN_SIZE: 6
01-06 02:28:52.054  4265  4337 W SexyEGL :   EGL_RED_SIZE: 5
01-06 02:28:52.054  4265  4337 W SexyEGL :   EGL_DEPTH_SIZE: 0
01-06 02:28:52.054  4265  4337 W SexyEGL :   EGL_STENCIL_SIZE: 0
01-06 02:28:52.054  4265  4337 W SexyEGL :   EGL_CONFIG_CAVEAT: 12344
01-06 02:28:52.054  4265  4337 W SexyEGL :   EGL_CONFIG_ID: 5
01-06 02:28:52.054  4265  4337 W SexyEGL :   EGL_LEVEL: 0
01-06 02:28:52.054  4265  4337 W SexyEGL :   EGL_MAX_PBUFFER_HEIGHT: 0
01-06 02:28:52.054  4265  4337 W SexyEGL :   EGL_MAX_PBUFFER_PIXELS: 0
01-06 02:28:52.054  4265  4337 W SexyEGL :   EGL_MAX_PBUFFER_WIDTH: 0
01-06 02:28:52.055  4265  4337 W SexyEGL :   EGL_NATIVE_RENDERABLE: 1
01-06 02:28:52.055  4265  4337 W SexyEGL :   EGL_NATIVE_VISUAL_ID: 4
01-06 02:28:52.055  4265  4337 W SexyEGL :   EGL_NATIVE_VISUAL_TYPE: 4
01-06 02:28:52.055  4265  4337 W SexyEGL :   EGL_PRESERVED_RESOURCES: failed
01-06 02:28:52.055  4265  4337 W SexyEGL :   EGL_SAMPLES: 4
01-06 02:28:52.055  4265  4337 W SexyEGL :   EGL_SAMPLE_BUFFERS: 1
01-06 02:28:52.055  4265  4337 W SexyEGL :   EGL_SURFACE_TYPE: 5
01-06 02:28:52.055  4265  4337 W SexyEGL :   EGL_TRANSPARENT_TYPE: 12344
01-06 02:28:52.055  4265  4337 W SexyEGL :   EGL_TRANSPARENT_RED_VALUE: 0
01-06 02:28:52.055  4265  4337 W SexyEGL :   EGL_TRANSPARENT_GREEN_VALUE: 0
01-06 02:28:52.055  4265  4337 W SexyEGL :   EGL_TRANSPARENT_BLUE_VALUE: 0
01-06 02:28:52.055  4265  4337 W SexyEGL :   EGL_BIND_TO_TEXTURE_RGB: 1
01-06 02:28:52.055  4265  4337 W SexyEGL :   EGL_BIND_TO_TEXTURE_RGBA: 0
01-06 02:28:52.055  4265  4337 W SexyEGL :   EGL_MIN_SWAP_INTERVAL: 0
01-06 02:28:52.055  4265  4337 W SexyEGL :   EGL_MAX_SWAP_INTERVAL: 0
01-06 02:28:52.055  4265  4337 W SexyEGL :   EGL_LUMINANCE_SIZE: 0
01-06 02:28:52.055  4265  4337 W SexyEGL :   EGL_ALPHA_MASK_SIZE: 0
01-06 02:28:52.055  4265  4337 W SexyEGL :   EGL_COLOR_BUFFER_TYPE: 12430
01-06 02:28:52.055  4265  4337 W SexyEGL :   EGL_RENDERABLE_TYPE: 69
01-06 02:28:52.055  4265  4337 W SexyEGL :   EGL_CONFORMANT: 69
01-06 02:28:52.055  4265  4337 W SexyEGL : Configuration 12:
01-06 02:28:52.055  4265  4337 W SexyEGL :   EGL_BUFFER_SIZE: 16
01-06 02:28:52.055  4265  4337 W SexyEGL :   EGL_ALPHA_SIZE: 0
01-06 02:28:52.055  4265  4337 W SexyEGL :   EGL_BLUE_SIZE: 5
01-06 02:28:52.055  4265  4337 W SexyEGL :   EGL_GREEN_SIZE: 6
01-06 02:28:52.055  4265  4337 W SexyEGL :   EGL_RED_SIZE: 5
01-06 02:28:52.055  4265  4337 W SexyEGL :   EGL_DEPTH_SIZE: 16
01-06 02:28:52.055  4265  4337 W SexyEGL :   EGL_STENCIL_SIZE: 0
01-06 02:28:52.055  4265  4337 W SexyEGL :   EGL_CONFIG_CAVEAT: 12344
01-06 02:28:52.055  4265  4337 W SexyEGL :   EGL_CONFIG_ID: 7
01-06 02:28:52.055  4265  4337 W SexyEGL :   EGL_LEVEL: 0
01-06 02:28:52.055  4265  4337 W SexyEGL :   EGL_MAX_PBUFFER_HEIGHT: 0
01-06 02:28:52.055  4265  4337 W SexyEGL :   EGL_MAX_PBUFFER_PIXELS: 0
01-06 02:28:52.055  4265  4337 W SexyEGL :   EGL_MAX_PBUFFER_WIDTH: 0
01-06 02:28:52.055  4265  4337 W SexyEGL :   EGL_NATIVE_RENDERABLE: 1
01-06 02:28:52.055  4265  4337 W SexyEGL :   EGL_NATIVE_VISUAL_ID: 4
01-06 02:28:52.055  4265  4337 W SexyEGL :   EGL_NATIVE_VISUAL_TYPE: 4
01-06 02:28:52.055  4265  4337 W SexyEGL :   EGL_PRESERVED_RESOURCES: failed
01-06 02:28:52.055  4265  4337 W SexyEGL :   EGL_SAMPLES: 4
01-06 02:28:52.055  4265  4337 W SexyEGL :   EGL_SAMPLE_BUFFERS: 1
01-06 02:28:52.055  4265  4337 W SexyEGL :   EGL_SURFACE_TYPE: 5
01-06 02:28:52.055  4265  4337 W SexyEGL :   EGL_TRANSPARENT_TYPE: 12344
01-06 02:28:52.055  4265  4337 W SexyEGL :   EGL_TRANSPARENT_RED_VALUE: 0
01-06 02:28:52.055  4265  4337 W SexyEGL :   EGL_TRANSPARENT_GREEN_VALUE: 0
01-06 02:28:52.055  4265  4337 W SexyEGL :   EGL_TRANSPARENT_BLUE_VALUE: 0
01-06 02:28:52.055  4265  4337 W SexyEGL :   EGL_BIND_TO_TEXTURE_RGB: 1
01-06 02:28:52.055  4265  4337 W SexyEGL :   EGL_BIND_TO_TEXTURE_RGBA: 0
01-06 02:28:52.055  4265  4337 W SexyEGL :   EGL_MIN_SWAP_INTERVAL: 0
01-06 02:28:52.055  4265  4337 W SexyEGL :   EGL_MAX_SWAP_INTERVAL: 0
01-06 02:28:52.055  4265  4337 W SexyEGL :   EGL_LUMINANCE_SIZE: 0
01-06 02:28:52.055  4265  4337 W SexyEGL :   EGL_ALPHA_MASK_SIZE: 0
01-06 02:28:52.055  4265  4337 W SexyEGL :   EGL_COLOR_BUFFER_TYPE: 12430
01-06 02:28:52.055  4265  4337 W SexyEGL :   EGL_RENDERABLE_TYPE: 69
01-06 02:28:52.055  4265  4337 W SexyEGL :   EGL_CONFORMANT: 69
01-06 02:28:52.055  4265  4337 W SexyEGL : Configuration 13:
01-06 02:28:52.055  4265  4337 W SexyEGL :   EGL_BUFFER_SIZE: 16
01-06 02:28:52.055  4265  4337 W SexyEGL :   EGL_ALPHA_SIZE: 0
01-06 02:28:52.055  4265  4337 W SexyEGL :   EGL_BLUE_SIZE: 5
01-06 02:28:52.056  4265  4337 W SexyEGL :   EGL_GREEN_SIZE: 6
01-06 02:28:52.056  4265  4337 W SexyEGL :   EGL_RED_SIZE: 5
01-06 02:28:52.056  4265  4337 W SexyEGL :   EGL_DEPTH_SIZE: 0
01-06 02:28:52.056  4265  4337 W SexyEGL :   EGL_STENCIL_SIZE: 0
01-06 02:28:52.056  4265  4337 W SexyEGL :   EGL_CONFIG_CAVEAT: 12344
01-06 02:28:52.056  4265  4337 W SexyEGL :   EGL_CONFIG_ID: 6
01-06 02:28:52.056  4265  4337 W SexyEGL :   EGL_LEVEL: 0
01-06 02:28:52.056  4265  4337 W SexyEGL :   EGL_MAX_PBUFFER_HEIGHT: 0
01-06 02:28:52.056  4265  4337 W SexyEGL :   EGL_MAX_PBUFFER_PIXELS: 0
01-06 02:28:52.056  4265  4337 W SexyEGL :   EGL_MAX_PBUFFER_WIDTH: 0
01-06 02:28:52.056  4265  4337 W SexyEGL :   EGL_NATIVE_RENDERABLE: 1
01-06 02:28:52.056  4265  4337 W SexyEGL :   EGL_NATIVE_VISUAL_ID: 4
01-06 02:28:52.056  4265  4337 W SexyEGL :   EGL_NATIVE_VISUAL_TYPE: 4
01-06 02:28:52.056  4265  4337 W SexyEGL :   EGL_PRESERVED_RESOURCES: failed
01-06 02:28:52.056  4265  4337 W SexyEGL :   EGL_SAMPLES: 8
01-06 02:28:52.056  4265  4337 W SexyEGL :   EGL_SAMPLE_BUFFERS: 1
01-06 02:28:52.056  4265  4337 W SexyEGL :   EGL_SURFACE_TYPE: 5
01-06 02:28:52.056  4265  4337 W SexyEGL :   EGL_TRANSPARENT_TYPE: 12344
01-06 02:28:52.056  4265  4337 W SexyEGL :   EGL_TRANSPARENT_RED_VALUE: 0
01-06 02:28:52.056  4265  4337 W SexyEGL :   EGL_TRANSPARENT_GREEN_VALUE: 0
01-06 02:28:52.056  4265  4337 W SexyEGL :   EGL_TRANSPARENT_BLUE_VALUE: 0
01-06 02:28:52.056  4265  4337 W SexyEGL :   EGL_BIND_TO_TEXTURE_RGB: 1
01-06 02:28:52.056  4265  4337 W SexyEGL :   EGL_BIND_TO_TEXTURE_RGBA: 0
01-06 02:28:52.056  4265  4337 W SexyEGL :   EGL_MIN_SWAP_INTERVAL: 0
01-06 02:28:52.056  4265  4337 W SexyEGL :   EGL_MAX_SWAP_INTERVAL: 0
01-06 02:28:52.056  4265  4337 W SexyEGL :   EGL_LUMINANCE_SIZE: 0
01-06 02:28:52.056  4265  4337 W SexyEGL :   EGL_ALPHA_MASK_SIZE: 0
01-06 02:28:52.056  4265  4337 W SexyEGL :   EGL_COLOR_BUFFER_TYPE: 12430
01-06 02:28:52.056  4265  4337 W SexyEGL :   EGL_RENDERABLE_TYPE: 69
01-06 02:28:52.056  4265  4337 W SexyEGL :   EGL_CONFORMANT: 69
01-06 02:28:52.056  4265  4337 W SexyEGL : Configuration 14:
01-06 02:28:52.056  4265  4337 W SexyEGL :   EGL_BUFFER_SIZE: 16
01-06 02:28:52.056  4265  4337 W SexyEGL :   EGL_ALPHA_SIZE: 0
01-06 02:28:52.056  4265  4337 W SexyEGL :   EGL_BLUE_SIZE: 5
01-06 02:28:52.056  4265  4337 W SexyEGL :   EGL_GREEN_SIZE: 6
01-06 02:28:52.056  4265  4337 W SexyEGL :   EGL_RED_SIZE: 5
01-06 02:28:52.056  4265  4337 W SexyEGL :   EGL_DEPTH_SIZE: 16
01-06 02:28:52.056  4265  4337 W SexyEGL :   EGL_STENCIL_SIZE: 0
01-06 02:28:52.056  4265  4337 W SexyEGL :   EGL_CONFIG_CAVEAT: 12344
01-06 02:28:52.056  4265  4337 W SexyEGL :   EGL_CONFIG_ID: 8
01-06 02:28:52.056  4265  4337 W SexyEGL :   EGL_LEVEL: 0
01-06 02:28:52.056  4265  4337 W SexyEGL :   EGL_MAX_PBUFFER_HEIGHT: 0
01-06 02:28:52.056  4265  4337 W SexyEGL :   EGL_MAX_PBUFFER_PIXELS: 0
01-06 02:28:52.056  4265  4337 W SexyEGL :   EGL_MAX_PBUFFER_WIDTH: 0
01-06 02:28:52.056  4265  4337 W SexyEGL :   EGL_NATIVE_RENDERABLE: 1
01-06 02:28:52.056  4265  4337 W SexyEGL :   EGL_NATIVE_VISUAL_ID: 4
01-06 02:28:52.056  4265  4337 W SexyEGL :   EGL_NATIVE_VISUAL_TYPE: 4
01-06 02:28:52.056  4265  4337 W SexyEGL :   EGL_PRESERVED_RESOURCES: failed
01-06 02:28:52.056  4265  4337 W SexyEGL :   EGL_SAMPLES: 8
01-06 02:28:52.056  4265  4337 W SexyEGL :   EGL_SAMPLE_BUFFERS: 1
01-06 02:28:52.056  4265  4337 W SexyEGL :   EGL_SURFACE_TYPE: 5
01-06 02:28:52.056  4265  4337 W SexyEGL :   EGL_TRANSPARENT_TYPE: 12344
01-06 02:28:52.056  4265  4337 W SexyEGL :   EGL_TRANSPARENT_RED_VALUE: 0
01-06 02:28:52.056  4265  4337 W SexyEGL :   EGL_TRANSPARENT_GREEN_VALUE: 0
01-06 02:28:52.056  4265  4337 W SexyEGL :   EGL_TRANSPARENT_BLUE_VALUE: 0
01-06 02:28:52.056  4265  4337 W SexyEGL :   EGL_BIND_TO_TEXTURE_RGB: 1
01-06 02:28:52.056  4265  4337 W SexyEGL :   EGL_BIND_TO_TEXTURE_RGBA: 0
01-06 02:28:52.056  4265  4337 W SexyEGL :   EGL_MIN_SWAP_INTERVAL: 0
01-06 02:28:52.056  4265  4337 W SexyEGL :   EGL_MAX_SWAP_INTERVAL: 0
01-06 02:28:52.057  4265  4337 W SexyEGL :   EGL_LUMINANCE_SIZE: 0
01-06 02:28:52.057  4265  4337 W SexyEGL :   EGL_ALPHA_MASK_SIZE: 0
01-06 02:28:52.057  4265  4337 W SexyEGL :   EGL_COLOR_BUFFER_TYPE: 12430
01-06 02:28:52.057  4265  4337 W SexyEGL :   EGL_RENDERABLE_TYPE: 69
01-06 02:28:52.057  4265  4337 W SexyEGL :   EGL_CONFORMANT: 69
01-06 02:28:52.057  4265  4337 I GraphicsConfigChooser: found the match config.
01-06 02:28:52.057  4265  4337 W SexyEGL :   EGL_BUFFER_SIZE: 16
01-06 02:28:52.057  4265  4337 W SexyEGL :   EGL_ALPHA_SIZE: 0
01-06 02:28:52.057  4265  4337 W SexyEGL :   EGL_BLUE_SIZE: 5
01-06 02:28:52.057  4265  4337 W SexyEGL :   EGL_GREEN_SIZE: 6
01-06 02:28:52.057  4265  4337 W SexyEGL :   EGL_RED_SIZE: 5
01-06 02:28:52.057  4265  4337 W SexyEGL :   EGL_DEPTH_SIZE: 0
01-06 02:28:52.057  4265  4337 W SexyEGL :   EGL_STENCIL_SIZE: 0
01-06 02:28:52.057  4265  4337 W SexyEGL :   EGL_CONFIG_CAVEAT: 12344
01-06 02:28:52.057  4265  4337 W SexyEGL :   EGL_CONFIG_ID: 1
01-06 02:28:52.057  4265  4337 W SexyEGL :   EGL_LEVEL: 0
01-06 02:28:52.057  4265  4337 W SexyEGL :   EGL_MAX_PBUFFER_HEIGHT: 0
01-06 02:28:52.057  4265  4337 W SexyEGL :   EGL_MAX_PBUFFER_PIXELS: 0
01-06 02:28:52.057  4265  4337 W SexyEGL :   EGL_MAX_PBUFFER_WIDTH: 0
01-06 02:28:52.057  4265  4337 W SexyEGL :   EGL_NATIVE_RENDERABLE: 1
01-06 02:28:52.057  4265  4337 W SexyEGL :   EGL_NATIVE_VISUAL_ID: 4
01-06 02:28:52.057  4265  4337 W SexyEGL :   EGL_NATIVE_VISUAL_TYPE: 4
01-06 02:28:52.057  4265  4337 W SexyEGL :   EGL_PRESERVED_RESOURCES: failed
01-06 02:28:52.057  4265  4337 W SexyEGL :   EGL_SAMPLES: 0
01-06 02:28:52.057  4265  4337 W SexyEGL :   EGL_SAMPLE_BUFFERS: 0
01-06 02:28:52.057  4265  4337 W SexyEGL :   EGL_SURFACE_TYPE: 5
01-06 02:28:52.057  4265  4337 W SexyEGL :   EGL_TRANSPARENT_TYPE: 12344
01-06 02:28:52.057  4265  4337 W SexyEGL :   EGL_TRANSPARENT_RED_VALUE: 0
01-06 02:28:52.057  4265  4337 W SexyEGL :   EGL_TRANSPARENT_GREEN_VALUE: 0
01-06 02:28:52.057  4265  4337 W SexyEGL :   EGL_TRANSPARENT_BLUE_VALUE: 0
01-06 02:28:52.057  4265  4337 W SexyEGL :   EGL_BIND_TO_TEXTURE_RGB: 1
01-06 02:28:52.057  4265  4337 W SexyEGL :   EGL_BIND_TO_TEXTURE_RGBA: 0
01-06 02:28:52.057  4265  4337 W SexyEGL :   EGL_MIN_SWAP_INTERVAL: 0
01-06 02:28:52.057  4265  4337 W SexyEGL :   EGL_MAX_SWAP_INTERVAL: 0
01-06 02:28:52.057  4265  4337 W SexyEGL :   EGL_LUMINANCE_SIZE: 0
01-06 02:28:52.057  4265  4337 W SexyEGL :   EGL_ALPHA_MASK_SIZE: 0
01-06 02:28:52.057  4265  4337 W SexyEGL :   EGL_COLOR_BUFFER_TYPE: 12430
01-06 02:28:52.057  4265  4337 W SexyEGL :   EGL_RENDERABLE_TYPE: 69
01-06 02:28:52.057  4265  4337 W SexyEGL :   EGL_CONFORMANT: 69
01-06 02:28:52.065  4265  4337 I Surface : onSurfaceCreated - Native_onSurfaceCreated
01-06 02:28:52.086  2149  2180 W WindowManager: Window freeze timeout expired.
01-06 02:28:52.086  2149  2180 W WindowManager: Force clearing orientation change: Window{10c4f1e8 u0 Starting com.popcap.pvz2cthdbddk}
01-06 02:28:52.086  2149  2180 W WindowManager: Force clearing orientation change: Window{39fc5483 u0 com.popcap.pvz2cthdbddk/com.popcap.pvz2cthdbddk.SexyAppActivity}
01-06 02:28:52.086  2149  2180 W WindowManager: Force clearing orientation change: Window{28178e39 u0 com.popcap.pvz2cthdbddk/com.popcap.pvz2cthdbddk.SexyAppActivity}
01-06 02:28:52.086  2149  2180 W WindowManager: Force clearing orientation change: Window{157105d1 u0 com.android.systemui.ImageWallpaper}
01-06 02:28:52.088  4265  4337 W ContextImpl: Implicit intents with startService are not safe: Intent { act=com.popcap.pvz2cthdbddk_DAEMON_SERVICE (has extras) } android.content.ContextWrapper.startService:516 com.popcap.util.PopCapPushNotificationService.StartService:75 com.popcap.SexyAppFramework.AndroidGameApp.Util_StartPNS:441 
01-06 02:28:52.102  4360  4360 I art     : Not late-enabling -Xcheck:jni (already on)
01-06 02:28:52.102  4265  4363 D statsdk : MoUtil.readBinary
01-06 02:28:52.102  4265  4363 D statsdk : java.io.FileNotFoundException: /data/data/com.popcap.pvz2cthdbddk/files/2cb6687eb5game__local_stat_cache.json: open failed: ENOENT (No such file or directory)
01-06 02:28:52.102  4265  4363 D statsdk : 	at libcore.io.IoBridge.open(IoBridge.java:456)
01-06 02:28:52.102  4265  4363 D statsdk : 	at java.io.FileInputStream.<init>(FileInputStream.java:76)
01-06 02:28:52.102  4265  4363 D statsdk : 	at android.app.ContextImpl.openFileInput(ContextImpl.java:961)
01-06 02:28:52.102  4265  4363 D statsdk : 	at android.content.ContextWrapper.openFileInput(ContextWrapper.java:176)
01-06 02:28:52.102  4265  4363 D statsdk : 	at com.baidu.mtjstatsdk.b.c.b(Unknown Source)
01-06 02:28:52.102  4265  4363 D statsdk : 	at com.baidu.mtjstatsdk.b.c.a(Unknown Source)
01-06 02:28:52.102  4265  4363 D statsdk : 	at com.baidu.mtjstatsdk.b.c.a(Unknown Source)
01-06 02:28:52.102  4265  4363 D statsdk : 	at com.baidu.mtjstatsdk.game.BDGameDataCore.readLogFromFileJSONArray(Unknown Source)
01-06 02:28:52.102  4265  4363 D statsdk : 	at com.baidu.mtjstatsdk.game.BDGameDataCore.readLogFromFileDataCoreHash(Unknown Source)
01-06 02:28:52.102  4265  4363 D statsdk : 	at com.baidu.mtjstatsdk.g.run(Unknown Source)
01-06 02:28:52.102  4265  4363 D statsdk : Caused by: android.system.ErrnoException: open failed: ENOENT (No such file or directory)
01-06 02:28:52.102  4265  4363 D statsdk : 	at libcore.io.Posix.open(Native Method)
01-06 02:28:52.102  4265  4363 D statsdk : 	at libcore.io.BlockGuardOs.open(BlockGuardOs.java:186)
01-06 02:28:52.102  4265  4363 D statsdk : 	at libcore.io.IoBridge.open(IoBridge.java:442)
01-06 02:28:52.102  4265  4363 D statsdk : 	... 9 more
01-06 02:28:52.102  4360  4360 D houdini : [4360] Initialize library(version: 5.2.2_y.47738 RELEASE)... successfully.
01-06 02:28:52.103  2149  2170 I ActivityManager: Start proc 4360:com.popcap.pvz2cthdbddk:remote/u0a59 for service com.popcap.pvz2cthdbddk/com.popcap.util.PopCapDaemonService
01-06 02:28:52.105  1867  2115 E Vold    : Failed to find mounted volume for /storage/usb1/Android/data/com.popcap.pvz2cthdbddk/files/
01-06 02:28:52.105  4265  4337 W ContextImpl: Failed to ensure directory: /storage/usb1/Android/data/com.popcap.pvz2cthdbddk/files
01-06 02:28:52.105  1867  2115 E Vold    : Failed to find mounted volume for /storage/usb2/Android/data/com.popcap.pvz2cthdbddk/files/
01-06 02:28:52.105  4265  4337 W ContextImpl: Failed to ensure directory: /storage/usb2/Android/data/com.popcap.pvz2cthdbddk/files
01-06 02:28:52.105  1867  2115 E Vold    : Failed to find mounted volume for /storage/usb3/Android/data/com.popcap.pvz2cthdbddk/files/
01-06 02:28:52.106  4265  4337 W ContextImpl: Failed to ensure directory: /storage/usb3/Android/data/com.popcap.pvz2cthdbddk/files
01-06 02:28:52.106  1867  2115 E Vold    : Failed to find mounted volume for /storage/sdcard1/Android/data/com.popcap.pvz2cthdbddk/files/
01-06 02:28:52.106  4265  4337 W ContextImpl: Failed to ensure directory: /storage/sdcard1/Android/data/com.popcap.pvz2cthdbddk/files
01-06 02:28:52.106  1867  2115 E Vold    : Failed to find mounted volume for /storage/usb1/Android/data/com.popcap.pvz2cthdbddk/files/
01-06 02:28:52.106  4265  4337 W ContextImpl: Failed to ensure directory: /storage/usb1/Android/data/com.popcap.pvz2cthdbddk/files
01-06 02:28:52.106  1867  2115 E Vold    : Failed to find mounted volume for /storage/usb2/Android/data/com.popcap.pvz2cthdbddk/files/
01-06 02:28:52.106  4265  4337 W ContextImpl: Failed to ensure directory: /storage/usb2/Android/data/com.popcap.pvz2cthdbddk/files
01-06 02:28:52.106  1867  2115 E Vold    : Failed to find mounted volume for /storage/usb3/Android/data/com.popcap.pvz2cthdbddk/files/
01-06 02:28:52.106  4265  4337 W ContextImpl: Failed to ensure directory: /storage/usb3/Android/data/com.popcap.pvz2cthdbddk/files
01-06 02:28:52.106  4360  4360 I ActivityThread: Switching default density from 160 to 240
01-06 02:28:52.107  1867  2115 E Vold    : Failed to find mounted volume for /storage/sdcard1/Android/data/com.popcap.pvz2cthdbddk/files/
01-06 02:28:52.107  4265  4337 W ContextImpl: Failed to ensure directory: /storage/sdcard1/Android/data/com.popcap.pvz2cthdbddk/files
01-06 02:28:52.107  4265  4337 I ZXCpro  : StartShowProgressBar()
01-06 02:28:52.107  4265  4337 V ZXCpro  : AndroidGameApp.UI_StartShowProgressbar()!
01-06 02:28:52.107  1867  2115 E Vold    : Failed to find mounted volume for /storage/usb1/Android/data/com.popcap.pvz2cthdbddk/files/
01-06 02:28:52.107  4265  4337 W ContextImpl: Failed to ensure directory: /storage/usb1/Android/data/com.popcap.pvz2cthdbddk/files
01-06 02:28:52.107  1867  2115 E Vold    : Failed to find mounted volume for /storage/usb2/Android/data/com.popcap.pvz2cthdbddk/files/
01-06 02:28:52.107  4265  4337 W ContextImpl: Failed to ensure directory: /storage/usb2/Android/data/com.popcap.pvz2cthdbddk/files
01-06 02:28:52.107  1867  2115 E Vold    : Failed to find mounted volume for /storage/usb3/Android/data/com.popcap.pvz2cthdbddk/files/
01-06 02:28:52.108  4265  4337 W ContextImpl: Failed to ensure directory: /storage/usb3/Android/data/com.popcap.pvz2cthdbddk/files
01-06 02:28:52.108  1867  2115 E Vold    : Failed to find mounted volume for /storage/sdcard1/Android/data/com.popcap.pvz2cthdbddk/files/
01-06 02:28:52.108  4265  4337 W ContextImpl: Failed to ensure directory: /storage/sdcard1/Android/data/com.popcap.pvz2cthdbddk/files
01-06 02:28:52.108  1867  2115 E Vold    : Failed to find mounted volume for /storage/usb1/Android/data/com.popcap.pvz2cthdbddk/files/
01-06 02:28:52.108  4265  4337 W ContextImpl: Failed to ensure directory: /storage/usb1/Android/data/com.popcap.pvz2cthdbddk/files
01-06 02:28:52.108  1867  2115 E Vold    : Failed to find mounted volume for /storage/usb2/Android/data/com.popcap.pvz2cthdbddk/files/
01-06 02:28:52.108  4265  4337 W ContextImpl: Failed to ensure directory: /storage/usb2/Android/data/com.popcap.pvz2cthdbddk/files
01-06 02:28:52.108  1867  2115 E Vold    : Failed to find mounted volume for /storage/usb3/Android/data/com.popcap.pvz2cthdbddk/files/
01-06 02:28:52.108  4265  4337 W ContextImpl: Failed to ensure directory: /storage/usb3/Android/data/com.popcap.pvz2cthdbddk/files
01-06 02:28:52.108  1867  2115 E Vold    : Failed to find mounted volume for /storage/sdcard1/Android/data/com.popcap.pvz2cthdbddk/files/
01-06 02:28:52.108  4265  4337 W ContextImpl: Failed to ensure directory: /storage/sdcard1/Android/data/com.popcap.pvz2cthdbddk/files
01-06 02:28:52.110  4360  4360 D houdini : [4360] Added shared library /data/app/com.popcap.pvz2cthdbddk-1/lib/arm/libDexHelper.so for ClassLoader by Native Bridge.
01-06 02:28:52.113  4390  4390 W linker  : [vdso]: unused DT entry: type 0x6ffffef5 arg 0x160
01-06 02:28:52.141  4360  4360 E art     : dlopen("/data/data/com.popcap.pvz2cthdbddk/.cache/libDexHelper-x86.so", RTLD_LAZY) failed: dlopen failed: library "/data/data/com.popcap.pvz2cthdbddk/.cache/libDexHelper-x86.so" not found
01-06 02:28:52.141  4360  4360 E sdk     : DexInstall begin
01-06 02:28:52.142  4360  4360 E sdk     : DexInstall 11111
01-06 02:28:52.142  4360  4360 E sdk     : installSecondarDexs
01-06 02:28:52.142  4360  4360 E sdk     : v19 install
01-06 02:28:52.142  4360  4360 W System  : ClassLoader referenced unknown path: /data/data/com.popcap.pvz2cthdbddk/.cache/classes.jar
01-06 02:28:52.142  4360  4360 E sdk     : DexInstall 22222
01-06 02:28:52.143  4265  4337 E GetAssetFileInfo: java.io.FileNotFoundException: ge/emulated/0/Android/data/com.popcap.pvz2cthdbddk/files/dynamic.rsb.smf.smf
01-06 02:28:52.151  4393  4393 W linker  : [vdso]: unused DT entry: type 0x6ffffef5 arg 0xec
01-06 02:28:52.151  4393  4393 E cutils-trace: Error opening trace file: Permission denied (13)
01-06 02:28:52.151  4393  4393 I dex2oat : /system/bin/dex2oat --runtime-arg -classpath --runtime-arg  --instruction-set=x86 --instruction-set-features=default --runtime-arg -Xrelocate --boot-image=/system/framework/boot.art --dex-file=/data/data/com.popcap.pvz2cthdbddk/app_push_lib/plugin-deploy.jar --oat-fd=24 --oat-location=/data/data/com.popcap.pvz2cthdbddk/app_push_dex/plugin-deploy.dex --runtime-arg -Xms64m --runtime-arg -Xmx512m --compiler-filter=interpret-only
01-06 02:28:52.160  2149  2179 D BluetoothManagerService: Message: 20
01-06 02:28:52.160  2149  2179 D BluetoothManagerService: Added callback: android.bluetooth.IBluetoothManagerCallback$Stub$Proxy@1e34adad:true
01-06 02:28:52.213  2149  2175 I ActivityManager: Start proc 4403:com.baidu.netdisk:bdservice_v1/u0a53 for broadcast com.baidu.netdisk/com.baidu.android.pushservice.RegistrationReceiver
01-06 02:28:52.213  2149  3128 W ActivityManager: Unable to start service Intent { act=com.baidu.android.pushservice.action.PUSH_SERVICE pkg=com.popcap.pvz2cthdbddk } U=0: not found
01-06 02:28:52.216  4403  4403 I ActivityThread: Switching default density from 160 to 240
01-06 02:28:52.216  4403  4403 W ResourcesManager: Asset path '/system/framework/android.test.runner.jar' does not exist or contains no resources.
01-06 02:28:52.218  4403  4403 I MultiDex: VM with version 2.1.0 has multidex support
01-06 02:28:52.218  4403  4403 I MultiDex: install
01-06 02:28:52.218  4403  4403 I MultiDex: VM has multidex support, MultiDex support library is disabled.
01-06 02:28:52.233  2149  2170 I ActivityManager: Start proc 4425:com.baidu.netdisk/u0a53 for content provider com.baidu.netdisk/.provider.FileSystemProvider
01-06 02:28:52.241  4425  4425 I ActivityThread: Switching default density from 160 to 240
01-06 02:28:52.241  4425  4425 W ResourcesManager: Asset path '/system/framework/android.test.runner.jar' does not exist or contains no resources.
01-06 02:28:52.243  4425  4425 I MultiDex: VM with version 2.1.0 has multidex support
01-06 02:28:52.243  4425  4425 I MultiDex: install
01-06 02:28:52.243  4425  4425 I MultiDex: VM has multidex support, MultiDex support library is disabled.
01-06 02:28:52.245  4425  4425 D ActivityThread: Loading provider com.baidu.netdisk.account: com.baidu.netdisk.account.storage.AccountProvider
01-06 02:28:52.251  4393  4393 I dex2oat : dex2oat took 99.639ms (threads: 8) arena alloc=0B java alloc=662KB native alloc=407KB free=7MB
01-06 02:28:52.268  4360  4360 D houdini : [4360] Added shared library /data/app/com.popcap.pvz2cthdbddk-1/lib/arm/libmegjb.so for ClassLoader by Native Bridge.
01-06 02:28:52.271  2149  2377 W ActivityManager: getRunningAppProcesses: caller 10059 does not hold REAL_GET_TASKS; limiting output
01-06 02:28:52.271  4360  4360 I unipaysdk: pid:4265 process:com.popcap.pvz2cthdbddk
01-06 02:28:52.271  4360  4360 I unipaysdk: pid:4360 process:com.popcap.pvz2cthdbddk:remote
01-06 02:28:52.293  4265  4337 E GetAssetFileInfo: java.io.FileNotFoundException: ge/emulated/0/Android/data/com.popcap.pvz2cthdbddk/files/init.rsb.smf.smf
01-06 02:28:52.325  4265  4375 D statsdk : MoUtil.readBinary
01-06 02:28:52.325  4265  4375 D statsdk : java.io.FileNotFoundException: /data/data/com.popcap.pvz2cthdbddk/files/2cb6687eb5game__local_stat_cache.json: open failed: ENOENT (No such file or directory)
01-06 02:28:52.325  4265  4375 D statsdk : 	at libcore.io.IoBridge.open(IoBridge.java:456)
01-06 02:28:52.325  4265  4375 D statsdk : 	at java.io.FileInputStream.<init>(FileInputStream.java:76)
01-06 02:28:52.325  4265  4375 D statsdk : 	at android.app.ContextImpl.openFileInput(ContextImpl.java:961)
01-06 02:28:52.325  4265  4375 D statsdk : 	at android.content.ContextWrapper.openFileInput(ContextWrapper.java:176)
01-06 02:28:52.325  4265  4375 D statsdk : 	at com.baidu.mtjstatsdk.b.c.b(Unknown Source)
01-06 02:28:52.325  4265  4375 D statsdk : 	at com.baidu.mtjstatsdk.b.c.a(Unknown Source)
01-06 02:28:52.325  4265  4375 D statsdk : 	at com.baidu.mtjstatsdk.b.c.a(Unknown Source)
01-06 02:28:52.325  4265  4375 D statsdk : 	at com.baidu.mtjstatsdk.game.BDGameDataCore.readLogFromFileJSONArray(Unknown Source)
01-06 02:28:52.325  4265  4375 D statsdk : 	at com.baidu.mtjstatsdk.game.BDGameDataCore.getCacheJSONArray(Unknown Source)
01-06 02:28:52.325  4265  4375 D statsdk : 	at com.baidu.mtjstatsdk.game.BDGameDataCore.getCacheLog(Unknown Source)
01-06 02:28:52.325  4265  4375 D statsdk : 	at com.baidu.mtjstatsdk.DataCore.sendLogData(Unknown Source)
01-06 02:28:52.325  4265  4375 D statsdk : 	at com.baidu.mtjstatsdk.i.a(Unknown Source)
01-06 02:28:52.325  4265  4375 D statsdk : 	at com.baidu.mtjstatsdk.k.run(Unknown Source)
01-06 02:28:52.325  4265  4375 D statsdk : 	at android.os.Handler.handleCallback(Handler.java:739)
01-06 02:28:52.325  4265  4375 D statsdk : 	at android.os.Handler.dispatchMessage(Handler.java:95)
01-06 02:28:52.325  4265  4375 D statsdk : 	at android.os.Looper.loop(Looper.java:135)
01-06 02:28:52.325  4265  4375 D statsdk : 	at android.os.HandlerThread.run(HandlerThread.java:61)
01-06 02:28:52.325  4265  4375 D statsdk : Caused by: android.system.ErrnoException: open failed: ENOENT (No such file or directory)
01-06 02:28:52.325  4265  4375 D statsdk : 	at libcore.io.Posix.open(Native Method)
01-06 02:28:52.325  4265  4375 D statsdk : 	at libcore.io.BlockGuardOs.open(BlockGuardOs.java:186)
01-06 02:28:52.325  4265  4375 D statsdk : 	at libcore.io.IoBridge.open(IoBridge.java:442)
01-06 02:28:52.325  4265  4375 D statsdk : 	... 16 more
01-06 02:28:52.495  4265  4337 E GetAssetFileInfo: java.io.FileNotFoundException: ge/emulated/0/Android/data/com.popcap.pvz2cthdbddk/files/uicommon.rsb.smf.smf
01-06 02:28:52.510  2149  3044 W BackupManagerService: dataChanged but no participant pkg='com.android.providers.settings' uid=10059
01-06 02:28:52.515  4265  4265 D initBaiduDKSDK: {"function_code":5001}
01-06 02:28:52.516  4265  4265 I Choreographer: Skipped 35 frames!  The application may be doing too much work on its main thread.
01-06 02:28:52.523  4265  4265 I Activity: onWindowFocusChanged.
01-06 02:28:52.523  4265  4265 I Game    : onWindowFocusChanged - TryGainFocus
01-06 02:28:52.523  2149  2180 V WindowManager: Layouts looping: On entry to LockedInner, mPendingLayoutChanges = 0x1
01-06 02:28:52.523  2149  2180 V WindowManager: Layouts looping: loop number 4, mPendingLayoutChanges = 0x0
01-06 02:28:52.523  2149  2180 V WindowManager: Layouts looping: after finishPostLayoutPolicyLw, mPendingLayoutChanges = 0x0
01-06 02:28:52.523  2149  2180 V WindowManager: Layouts looping: mLayoutNeeded, mPendingLayoutChanges = 0x1
01-06 02:28:52.523  2149  2180 V WindowManager: Layouts looping: On entry to LockedInner, mPendingLayoutChanges = 0x1
01-06 02:28:52.523  2149  2180 V WindowManager: Layouts looping: loop number 5, mPendingLayoutChanges = 0x0
01-06 02:28:52.523  2149  2180 V WindowManager: Layouts looping: after finishPostLayoutPolicyLw, mPendingLayoutChanges = 0x0
01-06 02:28:52.524  2149  2180 V WindowManager: Layouts looping: mLayoutNeeded, mPendingLayoutChanges = 0x1
01-06 02:28:52.524  2149  2180 E WindowManager: Performed 6 layouts in a row. Skipping
01-06 02:28:52.535  4265  4265 I Surface : onMeasure.
01-06 02:28:52.535  4265  4265 I Surface : onMeasure.
01-06 02:28:52.540  2149  2180 I ActivityManager: Displayed com.popcap.pvz2cthdbddk/.SexyAppActivity: +2s550ms
01-06 02:28:52.572  2149  2180 I WindowManager: Screen frozen for +2s486ms due to Window{10c4f1e8 u0 Starting com.popcap.pvz2cthdbddk}
01-06 02:28:52.730  2149  2204 D WifiService: New client listening to asynchronous messages
01-06 02:28:52.751  4360  4452 D **************** : req=I2& url = http://pnserver.intelligent.popcap.com.cn/index.php?
01-06 02:28:52.752  4360  4452 W System.err: java.net.UnknownHostException: Unable to resolve host "pnserver.intelligent.popcap.com.cn": No address associated with hostname
01-06 02:28:52.752  4360  4452 W System.err: 	at java.net.InetAddress.lookupHostByName(InetAddress.java:457)
01-06 02:28:52.752  4360  4452 W System.err: 	at java.net.InetAddress.getAllByNameImpl(InetAddress.java:252)
01-06 02:28:52.752  4360  4452 W System.err: 	at java.net.InetAddress.getAllByName(InetAddress.java:215)
01-06 02:28:52.752  4360  4452 W System.err: 	at com.android.okhttp.HostResolver$1.getAllByName(HostResolver.java:29)
01-06 02:28:52.752  4360  4452 W System.err: 	at com.android.okhttp.internal.http.RouteSelector.resetNextInetSocketAddress(RouteSelector.java:232)
01-06 02:28:52.752  4360  4452 W System.err: 	at com.android.okhttp.internal.http.RouteSelector.next(RouteSelector.java:124)
01-06 02:28:52.752  4360  4452 W System.err: 	at com.android.okhttp.internal.http.HttpEngine.connect(HttpEngine.java:272)
01-06 02:28:52.752  4360  4452 W System.err: 	at com.android.okhttp.internal.http.HttpEngine.sendRequest(HttpEngine.java:211)
01-06 02:28:52.752  4360  4452 W System.err: 	at com.android.okhttp.internal.http.HttpURLConnectionImpl.execute(HttpURLConnectionImpl.java:382)
01-06 02:28:52.752  4360  4452 W System.err: 	at com.android.okhttp.internal.http.HttpURLConnectionImpl.connect(HttpURLConnectionImpl.java:106)
01-06 02:28:52.752  4360  4452 W System.err: 	at com.android.okhttp.internal.http.HttpURLConnectionImpl.getOutputStream(HttpURLConnectionImpl.java:217)
01-06 02:28:52.752  4360  4452 W System.err: 	at com.popcap.util.NetWorkHttp.HttpReq(NetWorkHttp.java:70)
01-06 02:28:52.752  4360  4452 W System.err: 	at com.popcap.network.PCPNetWork.GetNetData(PCPNetWork.java:17)
01-06 02:28:52.752  4360  4452 W System.err: 	at com.popcap.events.SkuListMgr.GetGameConfig(SkuListMgr.java:88)
01-06 02:28:52.752  4360  4452 W System.err: 	at com.popcap.events.SkuListMgr.GetServerBaserInfo(SkuListMgr.java:81)
01-06 02:28:52.752  4360  4452 W System.err: 	at com.popcap.events.SkuListMgr.Tick(SkuListMgr.java:28)
01-06 02:28:52.752  4360  4452 W System.err: 	at com.popcap.util.PopCapNotificationThread.run(PopCapNotificationThread.java:56)
01-06 02:28:52.752  4360  4452 W System.err: Caused by: android.system.GaiException: android_getaddrinfo failed: EAI_NODATA (No address associated with hostname)
01-06 02:28:52.752  4360  4452 W System.err: 	at libcore.io.Posix.android_getaddrinfo(Native Method)
01-06 02:28:52.752  4360  4452 W System.err: 	at libcore.io.ForwardingOs.android_getaddrinfo(ForwardingOs.java:55)
01-06 02:28:52.752  4360  4452 W System.err: 	at java.net.InetAddress.lookupHostByName(InetAddress.java:438)
01-06 02:28:52.752  4360  4452 W System.err: 	... 16 more
01-06 02:28:52.752  4360  4452 W System.err: java.net.UnknownHostException: Unable to resolve host "pnserver.intelligent.popcap.com.cn": No address associated with hostname
01-06 02:28:52.752  4360  4452 W System.err: 	at java.net.InetAddress.lookupHostByName(InetAddress.java:457)
01-06 02:28:52.752  4360  4452 W System.err: 	at java.net.InetAddress.getAllByNameImpl(InetAddress.java:252)
01-06 02:28:52.752  4360  4452 W System.err: 	at java.net.InetAddress.getAllByName(InetAddress.java:215)
01-06 02:28:52.752  4360  4452 W System.err: 	at com.android.okhttp.HostResolver$1.getAllByName(HostResolver.java:29)
01-06 02:28:52.752  4360  4452 W System.err: 	at com.android.okhttp.internal.http.RouteSelector.resetNextInetSocketAddress(RouteSelector.java:232)
01-06 02:28:52.752  4360  4452 W System.err: 	at com.android.okhttp.internal.http.RouteSelector.next(RouteSelector.java:124)
01-06 02:28:52.752  4360  4452 W System.err: 	at com.android.okhttp.internal.http.HttpEngine.connect(HttpEngine.java:272)
01-06 02:28:52.752  4360  4452 W System.err: 	at com.android.okhttp.internal.http.HttpEngine.sendRequest(HttpEngine.java:211)
01-06 02:28:52.752  4360  4452 W System.err: 	at com.android.okhttp.internal.http.HttpURLConnectionImpl.execute(HttpURLConnectionImpl.java:382)
01-06 02:28:52.752  4360  4452 W System.err: 	at com.android.okhttp.internal.http.HttpURLConnectionImpl.connect(HttpURLConnectionImpl.java:106)
01-06 02:28:52.752  4360  4452 W System.err: 	at com.android.okhttp.internal.http.HttpURLConnectionImpl.getOutputStream(HttpURLConnectionImpl.java:217)
01-06 02:28:52.752  4360  4452 W System.err: 	at com.popcap.util.NetWorkHttp.HttpReq(NetWorkHttp.java:70)
01-06 02:28:52.752  4360  4452 W System.err: 	at com.popcap.network.PCPNetWork.GetNetData(PCPNetWork.java:17)
01-06 02:28:52.752  4360  4452 W System.err: 	at com.popcap.events.SkuListMgr.GetGameConfig(SkuListMgr.java:88)
01-06 02:28:52.752  4360  4452 W System.err: 	at com.popcap.events.SkuListMgr.GetServerBaserInfo(SkuListMgr.java:81)
01-06 02:28:52.752  4360  4452 W System.err: 	at com.popcap.events.SkuListMgr.Tick(SkuListMgr.java:28)
01-06 02:28:52.752  4360  4452 W System.err: 	at com.popcap.util.PopCapNotificationThread.run(PopCapNotificationThread.java:56)
01-06 02:28:52.752  4360  4452 W System.err: Caused by: android.system.GaiException: android_getaddrinfo failed: EAI_NODATA (No address associated with hostname)
01-06 02:28:52.752  4360  4452 W System.err: 	at libcore.io.Posix.android_getaddrinfo(Native Method)
01-06 02:28:52.752  4360  4452 W System.err: 	at libcore.io.ForwardingOs.android_getaddrinfo(ForwardingOs.java:55)
01-06 02:28:52.752  4360  4452 W System.err: 	at java.net.InetAddress.lookupHostByName(InetAddress.java:438)
01-06 02:28:52.752  4360  4452 W System.err: 	... 16 more
01-06 02:28:52.752  4360  4452 D ++++++++: IsGetNotificationTimeOut = 1452047332752 dis = 0
01-06 02:28:52.809  2149  2394 I ActivityManager: Start proc 4457:com.popcap.pvz2cthdbddk:bdservice_v1/u0a59 for broadcast com.popcap.pvz2cthdbddk/com.baidu.android.pushservice.RegistrationReceiver
01-06 02:28:52.810  4457  4457 I art     : Not late-enabling -Xcheck:jni (already on)
01-06 02:28:52.810  4457  4457 D houdini : [4457] Initialize library(version: 5.2.2_y.47738 RELEASE)... successfully.
01-06 02:28:52.811  4403  4403 V CommonParams: cast to int com.baidu.android.pushservice.PushSettings.debug_mode Exception. 
01-06 02:28:52.812  4360  4452 D **************** : l=0&v=22&s=[]&c=[]&req=I1&e=2&m=ffffffff-a4b0-226d-0033-c5870033c587&w=0& url = http://pnserver.intelligent.popcap.com.cn/index.php?
01-06 02:28:52.813  4360  4452 W System.err: java.net.UnknownHostException: Unable to resolve host "pnserver.intelligent.popcap.com.cn": No address associated with hostname
01-06 02:28:52.813  4360  4452 W System.err: 	at java.net.InetAddress.lookupHostByName(InetAddress.java:427)
01-06 02:28:52.813  4360  4452 W System.err: 	at java.net.InetAddress.getAllByNameImpl(InetAddress.java:252)
01-06 02:28:52.813  4360  4452 W System.err: 	at java.net.InetAddress.getAllByName(InetAddress.java:215)
01-06 02:28:52.813  4360  4452 W System.err: 	at com.android.okhttp.HostResolver$1.getAllByName(HostResolver.java:29)
01-06 02:28:52.813  4360  4452 W System.err: 	at com.android.okhttp.internal.http.RouteSelector.resetNextInetSocketAddress(RouteSelector.java:232)
01-06 02:28:52.813  4360  4452 W System.err: 	at com.android.okhttp.internal.http.RouteSelector.next(RouteSelector.java:124)
01-06 02:28:52.813  4360  4452 W System.err: 	at com.android.okhttp.internal.http.HttpEngine.connect(HttpEngine.java:272)
01-06 02:28:52.813  4360  4452 W System.err: 	at com.android.okhttp.internal.http.HttpEngine.sendRequest(HttpEngine.java:211)
01-06 02:28:52.813  4360  4452 W System.err: 	at com.android.okhttp.internal.http.HttpURLConnectionImpl.execute(HttpURLConnectionImpl.java:382)
01-06 02:28:52.813  4360  4452 W System.err: 	at com.android.okhttp.internal.http.HttpURLConnectionImpl.connect(HttpURLConnectionImpl.java:106)
01-06 02:28:52.813  4360  4452 W System.err: 	at com.android.okhttp.internal.http.HttpURLConnectionImpl.getOutputStream(HttpURLConnectionImpl.java:217)
01-06 02:28:52.813  4360  4452 W System.err: 	at com.popcap.util.NetWorkHttp.HttpReq(NetWorkHttp.java:70)
01-06 02:28:52.813  4360  4452 W System.err: 	at com.popcap.network.PCPNetWork.GetNetData(PCPNetWork.java:17)
01-06 02:28:52.813  4360  4452 W System.err: 	at com.popcap.notifications.GLobaleNtfMgr.GetNotificationList(GLobaleNtfMgr.java:218)
01-06 02:28:52.813  4360  4452 W System.err: 	at com.popcap.notifications.GLobaleNtfMgr.GetServerNotificatonList(GLobaleNtfMgr.java:177)
01-06 02:28:52.813  4360  4452 W System.err: 	at com.popcap.notifications.GLobaleNtfMgr.Tick(GLobaleNtfMgr.java:106)
01-06 02:28:52.813  4360  4452 W System.err: 	at com.popcap.util.PopCapNotificationThread.run(PopCapNotificationThread.java:56)
01-06 02:28:52.813  4360  4452 W System.err: java.net.UnknownHostException: Unable to resolve host "pnserver.intelligent.popcap.com.cn": No address associated with hostname
01-06 02:28:52.813  4360  4452 W System.err: 	at java.net.InetAddress.lookupHostByName(InetAddress.java:427)
01-06 02:28:52.813  4360  4452 W System.err: 	at java.net.InetAddress.getAllByNameImpl(InetAddress.java:252)
01-06 02:28:52.813  4360  4452 W System.err: 	at java.net.InetAddress.getAllByName(InetAddress.java:215)
01-06 02:28:52.813  4360  4452 W System.err: 	at com.android.okhttp.HostResolver$1.getAllByName(HostResolver.java:29)
01-06 02:28:52.813  4360  4452 W System.err: 	at com.android.okhttp.internal.http.RouteSelector.resetNextInetSocketAddress(RouteSelector.java:232)
01-06 02:28:52.813  4360  4452 W System.err: 	at com.android.okhttp.internal.http.RouteSelector.next(RouteSelector.java:124)
01-06 02:28:52.813  4360  4452 W System.err: 	at com.android.okhttp.internal.http.HttpEngine.connect(HttpEngine.java:272)
01-06 02:28:52.813  4360  4452 W System.err: 	at com.android.okhttp.internal.http.HttpEngine.sendRequest(HttpEngine.java:211)
01-06 02:28:52.813  4360  4452 W System.err: 	at com.android.okhttp.internal.http.HttpURLConnectionImpl.execute(HttpURLConnectionImpl.java:382)
01-06 02:28:52.813  4360  4452 W System.err: 	at com.android.okhttp.internal.http.HttpURLConnectionImpl.connect(HttpURLConnectionImpl.java:106)
01-06 02:28:52.813  4360  4452 W System.err: 	at com.android.okhttp.internal.http.HttpURLConnectionImpl.getOutputStream(HttpURLConnectionImpl.java:217)
01-06 02:28:52.813  4360  4452 W System.err: 	at com.popcap.util.NetWorkHttp.HttpReq(NetWorkHttp.java:70)
01-06 02:28:52.813  4360  4452 W System.err: 	at com.popcap.network.PCPNetWork.GetNetData(PCPNetWork.java:17)
01-06 02:28:52.813  4360  4452 W System.err: 	at com.popcap.notifications.GLobaleNtfMgr.GetNotificationList(GLobaleNtfMgr.java:218)
01-06 02:28:52.813  4360  4452 W System.err: 	at com.popcap.notifications.GLobaleNtfMgr.GetServerNotificatonList(GLobaleNtfMgr.java:177)
01-06 02:28:52.813  4360  4452 W System.err: 	at com.popcap.notifications.GLobaleNtfMgr.Tick(GLobaleNtfMgr.java:106)
01-06 02:28:52.813  4360  4452 W System.err: 	at com.popcap.util.PopCapNotificationThread.run(PopCapNotificationThread.java:56)
01-06 02:28:52.815  4403  4403 E BaiduAppSSOJni: Native library not found! Please copy libbdpush_V2_4.so into your project!
01-06 02:28:52.816  4403  4403 E art     : No implementation found for byte[] com.baidu.android.pushservice.jni.BaiduAppSSOJni.getKey(java.lang.String) (tried Java_com_baidu_android_pushservice_jni_BaiduAppSSOJni_getKey and Java_com_baidu_android_pushservice_jni_BaiduAppSSOJni_getKey__Ljava_lang_String_2)
01-06 02:28:52.816  4403  4403 E BaiduAppSSOJni: error = No implementation found for byte[] com.baidu.android.pushservice.jni.BaiduAppSSOJni.getKey(java.lang.String) (tried Java_com_baidu_android_pushservice_jni_BaiduAppSSOJni_getKey and Java_com_baidu_android_pushservice_jni_BaiduAppSSOJni_getKey__Ljava_lang_String_2)
01-06 02:28:52.816  4457  4457 I ActivityThread: Switching default density from 160 to 240
01-06 02:28:52.816  4360  4452 D **************** : v=22&req=I3&s=[]&m=ffffffff-a4b0-226d-0033-c5870033c587& url = http://pnserver.intelligent.popcap.com.cn/index.php?
01-06 02:28:52.816  4360  4452 W System.err: java.net.UnknownHostException: Unable to resolve host "pnserver.intelligent.popcap.com.cn": No address associated with hostname
01-06 02:28:52.817  4360  4452 W System.err: 	at java.net.InetAddress.lookupHostByName(InetAddress.java:427)
01-06 02:28:52.817  4360  4452 W System.err: 	at java.net.InetAddress.getAllByNameImpl(InetAddress.java:252)
01-06 02:28:52.817  4360  4452 W System.err: 	at java.net.InetAddress.getAllByName(InetAddress.java:215)
01-06 02:28:52.817  4360  4452 W System.err: 	at com.android.okhttp.HostResolver$1.getAllByName(HostResolver.java:29)
01-06 02:28:52.817  4360  4452 W System.err: 	at com.android.okhttp.internal.http.RouteSelector.resetNextInetSocketAddress(RouteSelector.java:232)
01-06 02:28:52.817  4360  4452 W System.err: 	at com.android.okhttp.internal.http.RouteSelector.next(RouteSelector.java:124)
01-06 02:28:52.817  4360  4452 W System.err: 	at com.android.okhttp.internal.http.HttpEngine.connect(HttpEngine.java:272)
