01-06 02:28:52.817  4360  4452 W System.err: 	at com.android.okhttp.internal.http.HttpEngine.sendRequest(HttpEngine.java:211)
01-06 02:28:52.817  4360  4452 W System.err: 	at com.android.okhttp.internal.http.HttpURLConnectionImpl.execute(HttpURLConnectionImpl.java:382)
01-06 02:28:52.817  4360  4452 W System.err: 	at com.android.okhttp.internal.http.HttpURLConnectionImpl.connect(HttpURLConnectionImpl.java:106)
01-06 02:28:52.817  4360  4452 W System.err: 	at com.android.okhttp.internal.http.HttpURLConnectionImpl.getOutputStream(HttpURLConnectionImpl.java:217)
01-06 02:28:52.817  4360  4452 W System.err: 	at com.popcap.util.NetWorkHttp.HttpReq(NetWorkHttp.java:70)
01-06 02:28:52.817  4360  4452 W System.err: 	at com.popcap.network.PCPNetWork.GetNetData(PCPNetWork.java:17)
01-06 02:28:52.817  4360  4452 W System.err: 	at com.popcap.events.RewardEvent.SendUserRewardEvents.GetServerRewardStrageTime(SendUserRewardEvents.java:93)
01-06 02:28:52.817  4360  4452 W System.err: 	at com.popcap.events.RewardEvent.SendUserRewardEvents.CheckGetRewardStrage(SendUserRewardEvents.java:46)
01-06 02:28:52.817  4360  4452 W System.err: 	at com.popcap.events.RewardEvent.SendUserRewardEvents.Tick(SendUserRewardEvents.java:36)
01-06 02:28:52.817  4360  4452 W System.err: 	at com.popcap.util.PopCapNotificationThread.run(PopCapNotificationThread.java:56)
01-06 02:28:52.817  4360  4452 W System.err: java.net.UnknownHostException: Unable to resolve host "pnserver.intelligent.popcap.com.cn": No address associated with hostname
01-06 02:28:52.817  4360  4452 W System.err: 	at java.net.InetAddress.lookupHostByName(InetAddress.java:427)
01-06 02:28:52.817  4360  4452 W System.err: 	at java.net.InetAddress.getAllByNameImpl(InetAddress.java:252)
01-06 02:28:52.817  4360  4452 W System.err: 	at java.net.InetAddress.getAllByName(InetAddress.java:215)
01-06 02:28:52.817  4360  4452 W System.err: 	at com.android.okhttp.HostResolver$1.getAllByName(HostResolver.java:29)
01-06 02:28:52.817  4360  4452 W System.err: 	at com.android.okhttp.internal.http.RouteSelector.resetNextInetSocketAddress(RouteSelector.java:232)
01-06 02:28:52.817  4360  4452 W System.err: 	at com.android.okhttp.internal.http.RouteSelector.next(RouteSelector.java:124)
01-06 02:28:52.817  4360  4452 W System.err: 	at com.android.okhttp.internal.http.HttpEngine.connect(HttpEngine.java:272)
01-06 02:28:52.817  4360  4452 W System.err: 	at com.android.okhttp.internal.http.HttpEngine.sendRequest(HttpEngine.java:211)
01-06 02:28:52.817  4360  4452 W System.err: 	at com.android.okhttp.internal.http.HttpURLConnectionImpl.execute(HttpURLConnectionImpl.java:382)
01-06 02:28:52.817  4360  4452 W System.err: 	at com.android.okhttp.internal.http.HttpURLConnectionImpl.connect(HttpURLConnectionImpl.java:106)
01-06 02:28:52.817  4360  4452 W System.err: 	at com.android.okhttp.internal.http.HttpURLConnectionImpl.getOutputStream(HttpURLConnectionImpl.java:217)
01-06 02:28:52.817  4360  4452 W System.err: 	at com.popcap.util.NetWorkHttp.HttpReq(NetWorkHttp.java:70)
01-06 02:28:52.817  4360  4452 W System.err: 	at com.popcap.network.PCPNetWork.GetNetData(PCPNetWork.java:17)
01-06 02:28:52.817  4360  4452 W System.err: 	at com.popcap.events.RewardEvent.SendUserRewardEvents.GetServerRewardStrageTime(SendUserRewardEvents.java:93)
01-06 02:28:52.817  4360  4452 W System.err: 	at com.popcap.events.RewardEvent.SendUserRewardEvents.CheckGetRewardStrage(SendUserRewardEvents.java:46)
01-06 02:28:52.817  4360  4452 W System.err: 	at com.popcap.events.RewardEvent.SendUserRewardEvents.Tick(SendUserRewardEvents.java:36)
01-06 02:28:52.817  4360  4452 W System.err: 	at com.popcap.util.PopCapNotificationThread.run(PopCapNotificationThread.java:56)
01-06 02:28:52.817  4425  4425 V CommonParams: cast to int com.baidu.android.pushservice.PushSettings.debug_mode Exception. 
01-06 02:28:52.819  4457  4457 D houdini : [4457] Added shared library /data/app/com.popcap.pvz2cthdbddk-1/lib/arm/libDexHelper.so for ClassLoader by Native Bridge.
01-06 02:28:52.823  4403  4403 E socket  : Native library not found! Please copy libbdpush_V2_4.so into your project!
01-06 02:28:52.825  4403  4403 E art     : No implementation found for byte[] com.baidu.android.pushservice.jni.BaiduAppSSOJni.getKey(java.lang.String) (tried Java_com_baidu_android_pushservice_jni_BaiduAppSSOJni_getKey and Java_com_baidu_android_pushservice_jni_BaiduAppSSOJni_getKey__Ljava_lang_String_2)
01-06 02:28:52.825  4403  4403 E BaiduAppSSOJni: error = No implementation found for byte[] com.baidu.android.pushservice.jni.BaiduAppSSOJni.getKey(java.lang.String) (tried Java_com_baidu_android_pushservice_jni_BaiduAppSSOJni_getKey and Java_com_baidu_android_pushservice_jni_BaiduAppSSOJni_getKey__Ljava_lang_String_2)
01-06 02:28:52.825  2149  3128 W ActivityManager: getRunningAppProcesses: caller 10053 does not hold REAL_GET_TASKS; limiting output
01-06 02:28:52.825  4492  4492 W linker  : [vdso]: unused DT entry: type 0x6ffffef5 arg 0x160
01-06 02:28:52.826  4403  4403 E art     : No implementation found for byte[] com.baidu.android.pushservice.jni.BaiduAppSSOJni.getKey(java.lang.String) (tried Java_com_baidu_android_pushservice_jni_BaiduAppSSOJni_getKey and Java_com_baidu_android_pushservice_jni_BaiduAppSSOJni_getKey__Ljava_lang_String_2)
01-06 02:28:52.826  4403  4403 E BaiduAppSSOJni: error = No implementation found for byte[] com.baidu.android.pushservice.jni.BaiduAppSSOJni.getKey(java.lang.String) (tried Java_com_baidu_android_pushservice_jni_BaiduAppSSOJni_getKey and Java_com_baidu_android_pushservice_jni_BaiduAppSSOJni_getKey__Ljava_lang_String_2)
01-06 02:28:52.828  4403  4403 E art     : No implementation found for byte[] com.baidu.android.pushservice.jni.BaiduAppSSOJni.getKey(java.lang.String) (tried Java_com_baidu_android_pushservice_jni_BaiduAppSSOJni_getKey and Java_com_baidu_android_pushservice_jni_BaiduAppSSOJni_getKey__Ljava_lang_String_2)
01-06 02:28:52.828  4403  4403 E BaiduAppSSOJni: error = No implementation found for byte[] com.baidu.android.pushservice.jni.BaiduAppSSOJni.getKey(java.lang.String) (tried Java_com_baidu_android_pushservice_jni_BaiduAppSSOJni_getKey and Java_com_baidu_android_pushservice_jni_BaiduAppSSOJni_getKey__Ljava_lang_String_2)
01-06 02:28:52.828  4403  4403 I Process : Sending signal. PID: 4403 SIG: 9
01-06 02:28:52.840  2149  3042 I ActivityManager: Process com.baidu.netdisk:bdservice_v1 (pid 4403) has died
01-06 02:28:52.852  4457  4457 E art     : dlopen("/data/data/com.popcap.pvz2cthdbddk/.cache/libDexHelper-x86.so", RTLD_LAZY) failed: dlopen failed: library "/data/data/com.popcap.pvz2cthdbddk/.cache/libDexHelper-x86.so" not found
01-06 02:28:52.852  4457  4457 E sdk     : DexInstall begin
01-06 02:28:52.852  4457  4457 E sdk     : DexInstall 11111
01-06 02:28:52.852  4457  4457 E sdk     : installSecondarDexs
01-06 02:28:52.852  4457  4457 E sdk     : v19 install
01-06 02:28:52.852  4457  4457 W System  : ClassLoader referenced unknown path: /data/data/com.popcap.pvz2cthdbddk/.cache/classes.jar
01-06 02:28:52.852  4457  4457 E sdk     : DexInstall 22222
01-06 02:28:52.859  4504  4504 W linker  : [vdso]: unused DT entry: type 0x6ffffef5 arg 0xec
01-06 02:28:52.860  4504  4504 E cutils-trace: Error opening trace file: Permission denied (13)
01-06 02:28:52.860  4504  4504 I dex2oat : /system/bin/dex2oat --runtime-arg -classpath --runtime-arg  --instruction-set=x86 --instruction-set-features=default --runtime-arg -Xrelocate --boot-image=/system/framework/boot.art --dex-file=/data/data/com.popcap.pvz2cthdbddk/app_push_lib/plugin-deploy.jar --oat-fd=24 --oat-location=/data/data/com.popcap.pvz2cthdbddk/app_push_dex/plugin-deploy.dex --runtime-arg -Xms64m --runtime-arg -Xmx512m --compiler-filter=interpret-only
01-06 02:28:52.878  4360  4452 W System.err: org.json.JSONException: End of input at character 0 of 
01-06 02:28:52.879  4360  4452 W System.err: 	at org.json.JSONTokener.syntaxError(JSONTokener.java:450)
01-06 02:28:52.879  4360  4452 W System.err: 	at org.json.JSONTokener.nextValue(JSONTokener.java:97)
01-06 02:28:52.879  4360  4452 W System.err: 	at org.json.JSONObject.<init>(JSONObject.java:156)
01-06 02:28:52.879  4360  4452 W System.err: 	at org.json.JSONObject.<init>(JSONObject.java:173)
01-06 02:28:52.879  4360  4452 W System.err: 	at com.popcap.events.RewardEvent.SendUserRewardEvents.FillServerDate(SendUserRewardEvents.java:100)
01-06 02:28:52.879  4360  4452 W System.err: 	at com.popcap.events.RewardEvent.SendUserRewardEvents.CheckGetRewardStrage(SendUserRewardEvents.java:51)
01-06 02:28:52.879  4360  4452 W System.err: 	at com.popcap.events.RewardEvent.SendUserRewardEvents.Tick(SendUserRewardEvents.java:36)
01-06 02:28:52.879  4360  4452 W System.err: 	at com.popcap.util.PopCapNotificationThread.run(PopCapNotificationThread.java:56)
01-06 02:28:53.088  4425  4425 D AndroidRuntime: Shutting down VM
01-06 02:28:53.088  4425  4425 E AndroidRuntime: FATAL EXCEPTION: main
01-06 02:28:53.088  4425  4425 E AndroidRuntime: Process: com.baidu.netdisk, PID: 4425
01-06 02:28:53.088  4425  4425 E AndroidRuntime: java.lang.UnsatisfiedLinkError: dalvik.system.PathClassLoader[DexPathList[[zip file "/system/framework/android.test.runner.jar", zip file "/data/app/com.baidu.netdisk-1/base.apk"],nativeLibraryDirectories=[/data/app/com.baidu.netdisk-1/lib/x86, /vendor/lib, /system/lib]]] couldn't find "libBaiduMapSDK_v3_2_0_15.so"
01-06 02:28:53.088  4425  4425 E AndroidRuntime: 	at java.lang.Runtime.loadLibrary(Runtime.java:366)
01-06 02:28:53.088  4425  4425 E AndroidRuntime: 	at java.lang.System.loadLibrary(System.java:988)
01-06 02:28:53.088  4425  4425 E AndroidRuntime: 	at com.baidu.mapapi.a.<clinit>(Unknown Source)
01-06 02:28:53.088  4425  4425 E AndroidRuntime: 	at com.baidu.mapapi.a.a(Unknown Source)
01-06 02:28:53.088  4425  4425 E AndroidRuntime: 	at com.baidu.mapapi.SDKInitializer.initialize(Unknown Source)
01-06 02:28:53.088  4425  4425 E AndroidRuntime: 	at com.baidu.mapapi.SDKInitializer.initialize(Unknown Source)
01-06 02:28:53.088  4425  4425 E AndroidRuntime: 	at com.baidu.netdisk.NetDiskApplication.onCreate(SourceFile:234)
01-06 02:28:53.088  4425  4425 E AndroidRuntime: 	at android.app.Instrumentation.callApplicationOnCreate(Instrumentation.java:1012)
01-06 02:28:53.088  4425  4425 E AndroidRuntime: 	at android.app.ActivityThread.handleBindApplication(ActivityThread.java:4553)
01-06 02:28:53.088  4425  4425 E AndroidRuntime: 	at android.app.ActivityThread.access$1500(ActivityThread.java:151)
01-06 02:28:53.088  4425  4425 E AndroidRuntime: 	at android.app.ActivityThread$H.handleMessage(ActivityThread.java:1364)
01-06 02:28:53.088  4425  4425 E AndroidRuntime: 	at android.os.Handler.dispatchMessage(Handler.java:102)
01-06 02:28:53.088  4425  4425 E AndroidRuntime: 	at android.os.Looper.loop(Looper.java:135)
01-06 02:28:53.088  4425  4425 E AndroidRuntime: 	at android.app.ActivityThread.main(ActivityThread.java:5254)
01-06 02:28:53.088  4425  4425 E AndroidRuntime: 	at java.lang.reflect.Method.invoke(Native Method)
01-06 02:28:53.088  4425  4425 E AndroidRuntime: 	at java.lang.reflect.Method.invoke(Method.java:372)
01-06 02:28:53.088  4425  4425 E AndroidRuntime: 	at com.android.internal.os.ZygoteInit$MethodAndArgsCaller.run(ZygoteInit.java:903)
01-06 02:28:53.088  4425  4425 E AndroidRuntime: 	at com.android.internal.os.ZygoteInit.main(ZygoteInit.java:698)
01-06 02:28:53.124  2149  3972 I EGL-DRI2: DRI2: found extension DRI_Core version 1
01-06 02:28:53.124  2149  3972 I EGL-DRI2: DRI2: found extension DRI_DRI2 version 4
01-06 02:28:53.127  2149  3972 I EGL-DRI2: DRI2: found extension DRI_TexBuffer version 3
01-06 02:28:53.127  2149  3972 I EGL-DRI2: DRI2: found extension DRI2_Flush version 4
01-06 02:28:53.127  2149  3972 I EGL-DRI2: DRI2: found extension DRI_IMAGE version 11
01-06 02:28:53.127  2149  3972 I OpenGLRenderer: Initialized EGL, version 1.4
01-06 02:28:53.202  4504  4504 I dex2oat : dex2oat took 341.876ms (threads: 8) arena alloc=0B java alloc=667KB native alloc=434KB free=7MB
01-06 02:28:53.203  4457  4457 D houdini : [4457] Added shared library /data/app/com.popcap.pvz2cthdbddk-1/lib/arm/libmegjb.so for ClassLoader by Native Bridge.
01-06 02:28:53.206  2149  3042 W ActivityManager: getRunningAppProcesses: caller 10059 does not hold REAL_GET_TASKS; limiting output
01-06 02:28:53.206  4457  4457 I unipaysdk: pid:4265 process:com.popcap.pvz2cthdbddk
01-06 02:28:53.206  4457  4457 I unipaysdk: pid:4457 process:com.popcap.pvz2cthdbddk:bdservice_v1
01-06 02:28:53.206  4457  4457 I unipaysdk: pid:4360 process:com.popcap.pvz2cthdbddk:remote
01-06 02:28:53.210  4457  4457 W ResourcesManager: Asset path '/system/framework/android.test.runner.jar' does not exist or contains no resources.
01-06 02:28:53.212  4265  4337 W libc    : pthread_create sched_setscheduler call failed: Operation not permitted
01-06 02:28:53.213  4265  4337 W libc    : pthread_create sched_setscheduler call failed: Operation not permitted
01-06 02:28:53.214  4265  4337 W libOpenSLES: Leaving Object::GetInterface (SL_RESULT_FEATURE_UNSUPPORTED)
01-06 02:28:53.214  4265  4337 W AudioTrack: AUDIO_OUTPUT_FLAG_FAST denied by client
01-06 02:28:53.226  4265  4337 W libc    : pthread_create sched_setscheduler call failed: Operation not permitted
01-06 02:28:53.236  1876  2146 D audio_hw_primary: found out /dev/snd/pcmC0D0p
01-06 02:28:53.254  4265  4337 E GetAssetFileInfo: java.io.FileNotFoundException: ge/emulated/0/Android/data/com.popcap.pvz2cthdbddk/files/uicommon.rsb.smf.smf
01-06 02:28:53.261  4265  4337 W System.err: java.lang.NoSuchMethodException: getSubscriberIdGemini [int]
01-06 02:28:53.261  4265  4337 W System.err: 	at java.lang.Class.getMethod(Class.java:664)
01-06 02:28:53.261  4265  4337 W System.err: 	at java.lang.Class.getMethod(Class.java:643)
01-06 02:28:53.261  4265  4337 W System.err: 	at com.popcap.SexyAppFramework.AndroidGameApp.getIMSIBySlot(AndroidGameApp.java:1398)
01-06 02:28:53.261  4265  4337 W System.err: 	at com.popcap.SexyAppFramework.AndroidGameApp.Diag_GetMobileCardType(AndroidGameApp.java:1321)
01-06 02:28:53.261  4265  4337 W System.err: 	at com.popcap.SexyAppFramework.AndroidSurfaceView.Native_onSurfaceCreated(Native Method)
01-06 02:28:53.261  4265  4337 W System.err: 	at com.popcap.SexyAppFramework.AndroidSurfaceView.access$500(AndroidSurfaceView.java:42)
01-06 02:28:53.261  4265  4337 W System.err: 	at com.popcap.SexyAppFramework.AndroidSurfaceView$AndroidRenderer.onSurfaceCreated(AndroidSurfaceView.java:817)
01-06 02:28:53.261  4265  4337 W System.err: 	at android.opengl.GLSurfaceView$GLThread.guardedRun(GLSurfaceView.java:1500)
01-06 02:28:53.261  4265  4337 W System.err: 	at android.opengl.GLSurfaceView$GLThread.run(GLSurfaceView.java:1239)
01-06 02:28:53.262  4265  4337 W System.err: java.lang.NoSuchMethodException: getSubscriberIdGemini [int]
01-06 02:28:53.262  4265  4337 W System.err: 	at java.lang.Class.getMethod(Class.java:664)
01-06 02:28:53.262  4265  4337 W System.err: 	at java.lang.Class.getMethod(Class.java:643)
01-06 02:28:53.262  4265  4337 W System.err: 	at com.popcap.SexyAppFramework.AndroidGameApp.getIMSIBySlot(AndroidGameApp.java:1398)
01-06 02:28:53.262  4265  4337 W System.err: 	at com.popcap.SexyAppFramework.AndroidGameApp.Diag_GetMobileCardType(AndroidGameApp.java:1328)
01-06 02:28:53.262  4265  4337 W System.err: 	at com.popcap.SexyAppFramework.AndroidSurfaceView.Native_onSurfaceCreated(Native Method)
01-06 02:28:53.262  4265  4337 W System.err: 	at com.popcap.SexyAppFramework.AndroidSurfaceView.access$500(AndroidSurfaceView.java:42)
01-06 02:28:53.262  4265  4337 W System.err: 	at com.popcap.SexyAppFramework.AndroidSurfaceView$AndroidRenderer.onSurfaceCreated(AndroidSurfaceView.java:817)
01-06 02:28:53.262  4265  4337 W System.err: 	at android.opengl.GLSurfaceView$GLThread.guardedRun(GLSurfaceView.java:1500)
01-06 02:28:53.262  4265  4337 W System.err: 	at android.opengl.GLSurfaceView$GLThread.run(GLSurfaceView.java:1239)
01-06 02:28:53.271  4265  4337 E GetAssetFileInfo: java.io.FileNotFoundException: data/com.popcap.pvz2cthdbddk/filesNo_Backup/tlogcache.dat.smf
01-06 02:28:53.277  4265  4337 W System.err: java.lang.NoSuchMethodException: getSubscriberIdGemini [int]
01-06 02:28:53.277  4265  4337 W System.err: 	at java.lang.Class.getMethod(Class.java:664)
01-06 02:28:53.277  4265  4337 W System.err: 	at java.lang.Class.getMethod(Class.java:643)
01-06 02:28:53.277  4265  4337 W System.err: 	at com.popcap.SexyAppFramework.AndroidGameApp.getIMSIBySlot(AndroidGameApp.java:1398)
01-06 02:28:53.277  4265  4337 W System.err: 	at com.popcap.SexyAppFramework.AndroidGameApp.Diag_GetMobileCardType(AndroidGameApp.java:1321)
01-06 02:28:53.277  4265  4337 W System.err: 	at com.popcap.SexyAppFramework.AndroidSurfaceView.Native_onSurfaceCreated(Native Method)
01-06 02:28:53.277  4265  4337 W System.err: 	at com.popcap.SexyAppFramework.AndroidSurfaceView.access$500(AndroidSurfaceView.java:42)
01-06 02:28:53.277  4265  4337 W System.err: 	at com.popcap.SexyAppFramework.AndroidSurfaceView$AndroidRenderer.onSurfaceCreated(AndroidSurfaceView.java:817)
01-06 02:28:53.277  4265  4337 W System.err: 	at android.opengl.GLSurfaceView$GLThread.guardedRun(GLSurfaceView.java:1500)
01-06 02:28:53.277  4265  4337 W System.err: 	at android.opengl.GLSurfaceView$GLThread.run(GLSurfaceView.java:1239)
01-06 02:28:53.278  4265  4337 W System.err: java.lang.NoSuchMethodException: getSubscriberIdGemini [int]
01-06 02:28:53.278  4265  4337 W System.err: 	at java.lang.Class.getMethod(Class.java:664)
01-06 02:28:53.278  4265  4337 W System.err: 	at java.lang.Class.getMethod(Class.java:643)
01-06 02:28:53.278  4265  4337 W System.err: 	at com.popcap.SexyAppFramework.AndroidGameApp.getIMSIBySlot(AndroidGameApp.java:1398)
01-06 02:28:53.278  4265  4337 W System.err: 	at com.popcap.SexyAppFramework.AndroidGameApp.Diag_GetMobileCardType(AndroidGameApp.java:1328)
01-06 02:28:53.278  4265  4337 W System.err: 	at com.popcap.SexyAppFramework.AndroidSurfaceView.Native_onSurfaceCreated(Native Method)
01-06 02:28:53.278  4265  4337 W System.err: 	at com.popcap.SexyAppFramework.AndroidSurfaceView.access$500(AndroidSurfaceView.java:42)
01-06 02:28:53.278  4265  4337 W System.err: 	at com.popcap.SexyAppFramework.AndroidSurfaceView$AndroidRenderer.onSurfaceCreated(AndroidSurfaceView.java:817)
01-06 02:28:53.278  4265  4337 W System.err: 	at android.opengl.GLSurfaceView$GLThread.guardedRun(GLSurfaceView.java:1500)
01-06 02:28:53.278  4265  4337 W System.err: 	at android.opengl.GLSurfaceView$GLThread.run(GLSurfaceView.java:1239)
01-06 02:28:53.278  4265  4337 I ZXCpro  : FinishShowProgressBar()
01-06 02:28:53.278  4265  4337 V ZXCpro  : AndroidGameApp.UI_FinishShowProgressBar()!
01-06 02:28:53.279  4265  4337 I WechatNativePlatform: Let's get retarded!
01-06 02:28:53.280  4265  4337 I JavaClass: jclass:0x100bea is com/popcap/SexyAppFramework/WechatPlatform
01-06 02:28:53.280  4265  4337 I JavaClass: register native [0x4ee3798] as com/popcap/SexyAppFramework/WechatPlatform.Native_ShareComplete(JI)V 
01-06 02:28:53.280  4265  4337 I JavaBase: New com/popcap/SexyAppFramework/WechatPlatform.<init>(J)V
01-06 02:28:53.280  4265  4337 I JavaBase: mJavaObject <- 0x100bee
01-06 02:28:53.280  4265  4337 V WechatNativePlatform: Initialize
01-06 02:28:53.288  4265  4337 I Surface : onSurfaceChanged - Native_onSurfaceChanged :: 1920 1008
01-06 02:28:53.293  4457  4457 D houdini : [4457] Added shared library /data/data/com.popcap.pvz2cthdbddk/lib/libbdpush_V2_2.so for ClassLoader by Native Bridge.
01-06 02:28:53.344  2149  3042 W BackupManagerService: dataChanged but no participant pkg='com.android.providers.settings' uid=10059
01-06 02:28:53.386  2149  2169 W BackupManagerService: dataChanged but no participant pkg='com.android.providers.settings' uid=10059
01-06 02:28:53.388  4457  4457 D ClientManager: client older: -1 cur: 730
01-06 02:28:53.404  2149  2394 I ActivityManager: Start proc 4527:com.baidu.netdisk:bdservice_v1/u0a53 for broadcast com.baidu.netdisk/com.baidu.android.pushservice.RegistrationReceiver
01-06 02:28:53.413  4527  4527 I ActivityThread: Switching default density from 160 to 240
01-06 02:28:53.413  4527  4527 W ResourcesManager: Asset path '/system/framework/android.test.runner.jar' does not exist or contains no resources.
01-06 02:28:53.415  4527  4527 I MultiDex: VM with version 2.1.0 has multidex support
01-06 02:28:53.415  4527  4527 I MultiDex: install
01-06 02:28:53.415  4527  4527 I MultiDex: VM has multidex support, MultiDex support library is disabled.
01-06 02:28:53.417  2349  2349 W Launcher: setApplicationContext called twice! old=com.android.launcher3.LauncherApplication@95c0a33 new=com.android.launcher3.LauncherApplication@95c0a33
01-06 02:28:53.417  4527  4527 V CommonParams: cast to int com.baidu.android.pushservice.PushSettings.debug_mode Exception. 
01-06 02:28:53.417  2349  2349 W Launcher: setApplicationContext called twice! old=com.android.launcher3.LauncherApplication@95c0a33 new=com.android.launcher3.LauncherApplication@95c0a33
01-06 02:28:53.418  4457  4549 I AbstractProcessor: bind failed msg: Network Problem
01-06 02:28:53.421  4527  4527 E BaiduAppSSOJni: Native library not found! Please copy libbdpush_V2_4.so into your project!
01-06 02:28:53.421  4527  4527 E art     : No implementation found for byte[] com.baidu.android.pushservice.jni.BaiduAppSSOJni.getKey(java.lang.String) (tried Java_com_baidu_android_pushservice_jni_BaiduAppSSOJni_getKey and Java_com_baidu_android_pushservice_jni_BaiduAppSSOJni_getKey__Ljava_lang_String_2)
01-06 02:28:53.421  4527  4527 E BaiduAppSSOJni: error = No implementation found for byte[] com.baidu.android.pushservice.jni.BaiduAppSSOJni.getKey(java.lang.String) (tried Java_com_baidu_android_pushservice_jni_BaiduAppSSOJni_getKey and Java_com_baidu_android_pushservice_jni_BaiduAppSSOJni_getKey__Ljava_lang_String_2)
01-06 02:28:53.423  4527  4527 E art     : No implementation found for byte[] com.baidu.android.pushservice.jni.BaiduAppSSOJni.getKey(java.lang.String) (tried Java_com_baidu_android_pushservice_jni_BaiduAppSSOJni_getKey and Java_com_baidu_android_pushservice_jni_BaiduAppSSOJni_getKey__Ljava_lang_String_2)
01-06 02:28:53.423  4527  4527 E BaiduAppSSOJni: error = No implementation found for byte[] com.baidu.android.pushservice.jni.BaiduAppSSOJni.getKey(java.lang.String) (tried Java_com_baidu_android_pushservice_jni_BaiduAppSSOJni_getKey and Java_com_baidu_android_pushservice_jni_BaiduAppSSOJni_getKey__Ljava_lang_String_2)
01-06 02:28:53.424  4527  4527 E socket  : Native library not found! Please copy libbdpush_V2_4.so into your project!
01-06 02:28:53.424  4527  4527 I Process : Sending signal. PID: 4527 SIG: 9
01-06 02:28:53.434  2149  3042 I ActivityManager: Process com.baidu.netdisk:bdservice_v1 (pid 4527) has died
01-06 02:28:53.505  2149  2377 W BackupManagerService: dataChanged but no participant pkg='com.android.providers.settings' uid=10059
01-06 02:28:53.596  4457  4549 W FileUtils: Failed to chmod(/storage/emulated/0/baidu/pushservice/database/pushstat_4.4.db): android.system.ErrnoException: chmod failed: EPERM (Operation not permitted)
01-06 02:28:53.657  4457  4549 W ResourcesManager: Asset path '/system/framework/android.test.runner.jar' does not exist or contains no resources.
01-06 02:28:53.658  2149  3128 W ActivityManager: Unable to start service Intent { act=com.baidu.android.pushservice.action.PUSH_SERVICE pkg=com.popcap.pvz2cthdbddk } U=0: not found
01-06 02:28:54.507  4556  4556 W linker  : [vdso]: unused DT entry: type 0x6ffffef5 arg 0x160
01-06 02:28:54.589  2149  2180 I art     : Explicit concurrent mark sweep GC freed 35292(2MB) AllocSpace objects, 6(93KB) LOS objects, 33% free, 15MB/23MB, paused 251us total 13.044ms
01-06 02:28:57.378  2149  2209 W AudioTrack: AUDIO_OUTPUT_FLAG_FAST denied by client
01-06 02:28:57.387  4425  4425 I Process : Sending signal. PID: 4425 SIG: 9
01-06 02:28:57.389  2149  3972 D OpenGLRenderer: endAllStagingAnimators on 0x7f313a262800 (RippleDrawable) with handle 0x7f313892f600
01-06 02:28:57.405  2149  3128 I ActivityManager: Process com.baidu.netdisk (pid 4425) has died
01-06 02:28:57.405  2149  3128 W ActivityManager: Service crashed 2 times, stopping: ServiceRecord{a3e9f2b u0 com.baidu.netdisk/.service.NetdiskService}
01-06 02:28:59.519  4558  4558 W linker  : [vdso]: unused DT entry: type 0x6ffffef5 arg 0x160
01-06 02:28:59.962  2149  2175 W ActivityManager: Launch timeout has expired, giving up wake lock!
01-06 02:29:00.147  2149  2175 I ActivityManager: Killing 2805:com.android.onetimeinitializer/u0a5 (adj 15): empty #17
01-06 02:29:00.167  4265  4337 E GetAssetFileInfo: java.io.FileNotFoundException: ge/emulated/0/Android/data/com.popcap.pvz2cthdbddk/files/plant1.rsb.smf.smf
01-06 02:29:00.469  4265  4337 E GetAssetFileInfo: java.io.FileNotFoundException: ge/emulated/0/Android/data/com.popcap.pvz2cthdbddk/files/plant2.rsb.smf.smf
01-06 02:29:00.741  4265  4337 E GetAssetFileInfo: java.io.FileNotFoundException: ge/emulated/0/Android/data/com.popcap.pvz2cthdbddk/files/zombie1.rsb.smf.smf
01-06 02:29:00.995  4265  4337 E GetAssetFileInfo: java.io.FileNotFoundException: ge/emulated/0/Android/data/com.popcap.pvz2cthdbddk/files/zombie2.rsb.smf.smf
01-06 02:29:01.316  4265  4337 E GetAssetFileInfo: java.io.FileNotFoundException: ge/emulated/0/Android/data/com.popcap.pvz2cthdbddk/files/zombie3.rsb.smf.smf
01-06 02:29:01.682  4265  4337 E GetAssetFileInfo: java.io.FileNotFoundException: ge/emulated/0/Android/data/com.popcap.pvz2cthdbddk/files/uiactive.rsb.smf.smf
01-06 02:29:01.818  4265  4337 E GetAssetFileInfo: java.io.FileNotFoundException: ge/emulated/0/Android/data/com.popcap.pvz2cthdbddk/files/egypt.rsb.smf.smf
01-06 02:29:01.866  4265  4337 E GetAssetFileInfo: java.io.FileNotFoundException: ge/emulated/0/Android/data/com.popcap.pvz2cthdbddk/files/pirate.rsb.smf.smf
01-06 02:29:02.008  4265  4337 E GetAssetFileInfo: java.io.FileNotFoundException: ge/emulated/0/Android/data/com.popcap.pvz2cthdbddk/files/cowboy.rsb.smf.smf
01-06 02:29:02.115  4265  4337 E GetAssetFileInfo: java.io.FileNotFoundException: ge/emulated/0/Android/data/com.popcap.pvz2cthdbddk/files/kongfu.rsb.smf.smf
01-06 02:29:02.177  4265  4337 E GetAssetFileInfo: java.io.FileNotFoundException: ge/emulated/0/Android/data/com.popcap.pvz2cthdbddk/files/future.rsb.smf.smf
01-06 02:29:02.243  4265  4337 E GetAssetFileInfo: java.io.FileNotFoundException: ge/emulated/0/Android/data/com.popcap.pvz2cthdbddk/files/dark.rsb.smf.smf
01-06 02:29:02.344  4265  4337 E GetAssetFileInfo: java.io.FileNotFoundException: ge/emulated/0/Android/data/com.popcap.pvz2cthdbddk/files/beach.rsb.smf.smf
01-06 02:29:02.435  4265  4337 E GetAssetFileInfo: java.io.FileNotFoundException: ge/emulated/0/Android/data/com.popcap.pvz2cthdbddk/files/iceage.rsb.smf.smf
01-06 02:29:02.590  4265  4337 E GetAssetFileInfo: java.io.FileNotFoundException: ge/emulated/0/Android/data/com.popcap.pvz2cthdbddk/files/skycity.rsb.smf.smf
01-06 02:29:02.940  2149  2190 I InputDispatcher: Application is not responding: Window{28178e39 u0 com.popcap.pvz2cthdbddk/com.popcap.pvz2cthdbddk.SexyAppActivity}.  It has been 5003.2ms since event, 5003.0ms since wait started.  Reason: Waiting to send non-key event because the touched window has not finished processing certain input events that were delivered to it over 500.0ms ago.  Wait queue length: 35.  Wait queue head age: 5507.0ms.
01-06 02:29:02.943  2149  2190 I WindowManager: Input event dispatching timed out sending to com.popcap.pvz2cthdbddk/com.popcap.pvz2cthdbddk.SexyAppActivity.  Reason: Waiting to send non-key event because the touched window has not finished processing certain input events that were delivered to it over 500.0ms ago.  Wait queue length: 35.  Wait queue head age: 5507.0ms.
01-06 02:29:02.944  2149  2190 I InputDispatcher: Window 'Window{28178e39 u0 com.popcap.pvz2cthdbddk/com.popcap.pvz2cthdbddk.SexyAppActivity}' spent 5510.8ms processing the last input event: MotionEvent(deviceId=14, source=0x00002002, action=7, flags=0x00000000, metaState=0x00000000, buttonState=0x00000000, edgeFlags=0x00000000, xPrecision=1.0, yPrecision=1.0, displayId=0, pointers=[0: (1421.1, 558.4)]), policyFlags=0x62000001
01-06 02:29:02.944  2149  2190 I InputDispatcher: Window 'Window{28178e39 u0 com.popcap.pvz2cthdbddk/com.popcap.pvz2cthdbddk.SexyAppActivity}' spent 5502.9ms processing the last input event: MotionEvent(deviceId=14, source=0x00002002, action=7, flags=0x00000000, metaState=0x00000000, buttonState=0x00000000, edgeFlags=0x00000000, xPrecision=1.0, yPrecision=1.0, displayId=0, pointers=[0: (1421.1, 557.4)]), policyFlags=0x62000001
01-06 02:29:02.944  2149  2190 I InputDispatcher: Window 'Window{28178e39 u0 com.popcap.pvz2cthdbddk/com.popcap.pvz2cthdbddk.SexyAppActivity}' spent 5494.9ms processing the last input event: MotionEvent(deviceId=14, source=0x00002002, action=7, flags=0x00000000, metaState=0x00000000, buttonState=0x00000000, edgeFlags=0x00000000, xPrecision=1.0, yPrecision=1.0, displayId=0, pointers=[0: (1422.1, 557.4)]), policyFlags=0x62000001
01-06 02:29:02.944  2149  2190 I InputDispatcher: Window 'Window{28178e39 u0 com.popcap.pvz2cthdbddk/com.popcap.pvz2cthdbddk.SexyAppActivity}' spent 5486.9ms processing the last input event: MotionEvent(deviceId=14, source=0x00002002, action=7, flags=0x00000000, metaState=0x00000000, buttonState=0x00000000, edgeFlags=0x00000000, xPrecision=1.0, yPrecision=1.0, displayId=0, pointers=[0: (1422.1, 556.4)]), policyFlags=0x62000001
01-06 02:29:02.944  2149  2190 I InputDispatcher: Window 'Window{28178e39 u0 com.popcap.pvz2cthdbddk/com.popcap.pvz2cthdbddk.SexyAppActivity}' spent 5382.8ms processing the last input event: MotionEvent(deviceId=14, source=0x00002002, action=7, flags=0x00000000, metaState=0x00000000, buttonState=0x00000000, edgeFlags=0x00000000, xPrecision=1.0, yPrecision=1.0, displayId=0, pointers=[0: (1422.1, 555.4)]), policyFlags=0x62000001
01-06 02:29:02.944  2149  2190 I InputDispatcher: Window 'Window{28178e39 u0 com.popcap.pvz2cthdbddk/com.popcap.pvz2cthdbddk.SexyAppActivity}' spent 5374.9ms processing the last input event: MotionEvent(deviceId=14, source=0x00002002, action=7, flags=0x00000000, metaState=0x00000000, buttonState=0x00000000, edgeFlags=0x00000000, xPrecision=1.0, yPrecision=1.0, displayId=0, pointers=[0: (1421.1, 555.4)]), policyFlags=0x62000001
01-06 02:29:02.944  2149  2190 I InputDispatcher: Window 'Window{28178e39 u0 com.popcap.pvz2cthdbddk/com.popcap.pvz2cthdbddk.SexyAppActivity}' spent 5318.9ms processing the last input event: MotionEvent(deviceId=14, source=0x00002002, action=7, flags=0x00000000, metaState=0x00000000, buttonState=0x00000000, edgeFlags=0x00000000, xPrecision=1.0, yPrecision=1.0, displayId=0, pointers=[0: (1421.1, 554.4)]), policyFlags=0x62000001
01-06 02:29:02.944  2149  2190 I InputDispatcher: Window 'Window{28178e39 u0 com.popcap.pvz2cthdbddk/com.popcap.pvz2cthdbddk.SexyAppActivity}' spent 5279.0ms processing the last input event: MotionEvent(deviceId=14, source=0x00002002, action=7, flags=0x00000000, metaState=0x00000000, buttonState=0x00000000, edgeFlags=0x00000000, xPrecision=1.0, yPrecision=1.0, displayId=0, pointers=[0: (1420.1, 553.4)]), policyFlags=0x62000001
01-06 02:29:02.944  2149  2190 I InputDispatcher: Window 'Window{28178e39 u0 com.popcap.pvz2cthdbddk/com.popcap.pvz2cthdbddk.SexyAppActivity}' spent 5247.0ms processing the last input event: MotionEvent(deviceId=14, source=0x00002002, action=7, flags=0x00000000, metaState=0x00000000, buttonState=0x00000000, edgeFlags=0x00000000, xPrecision=1.0, yPrecision=1.0, displayId=0, pointers=[0: (1419.1, 552.4)]), policyFlags=0x62000001
01-06 02:29:02.944  2149  2190 I InputDispatcher: Window 'Window{28178e39 u0 com.popcap.pvz2cthdbddk/com.popcap.pvz2cthdbddk.SexyAppActivity}' spent 5231.0ms processing the last input event: MotionEvent(deviceId=14, source=0x00002002, action=7, flags=0x00000000, metaState=0x00000000, buttonState=0x00000000, edgeFlags=0x00000000, xPrecision=1.0, yPrecision=1.0, displayId=0, pointers=[0: (1419.1, 551.4)]), policyFlags=0x62000001
01-06 02:29:02.944  2149  2190 I InputDispatcher: Window 'Window{28178e39 u0 com.popcap.pvz2cthdbddk/com.popcap.pvz2cthdbddk.SexyAppActivity}' spent 5207.0ms processing the last input event: MotionEvent(deviceId=14, source=0x00002002, action=7, flags=0x00000000, metaState=0x00000000, buttonState=0x00000000, edgeFlags=0x00000000, xPrecision=1.0, yPrecision=1.0, displayId=0, pointers=[0: (1418.1, 551.4)]), policyFlags=0x62000001
01-06 02:29:02.944  2149  2190 I InputDispatcher: Window 'Window{28178e39 u0 com.popcap.pvz2cthdbddk/com.popcap.pvz2cthdbddk.SexyAppActivity}' spent 5198.8ms processing the last input event: MotionEvent(deviceId=14, source=0x00002002, action=7, flags=0x00000000, metaState=0x00000000, buttonState=0x00000000, edgeFlags=0x00000000, xPrecision=1.0, yPrecision=1.0, displayId=0, pointers=[0: (1418.1, 549.4)]), policyFlags=0x62000001
01-06 02:29:02.944  2149  2190 I InputDispatcher: Window 'Window{28178e39 u0 com.popcap.pvz2cthdbddk/com.popcap.pvz2cthdbddk.SexyAppActivity}' spent 5190.9ms processing the last input event: MotionEvent(deviceId=14, source=0x00002002, action=7, flags=0x00000000, metaState=0x00000000, buttonState=0x00000000, edgeFlags=0x00000000, xPrecision=1.0, yPrecision=1.0, displayId=0, pointers=[0: (1417.1, 548.4)]), policyFlags=0x62000001
01-06 02:29:02.944  2149  2190 I InputDispatcher: Window 'Window{28178e39 u0 com.popcap.pvz2cthdbddk/com.popcap.pvz2cthdbddk.SexyAppActivity}' spent 5182.8ms processing the last input event: MotionEvent(deviceId=14, source=0x00002002, action=7, flags=0x00000000, metaState=0x00000000, buttonState=0x00000000, edgeFlags=0x00000000, xPrecision=1.0, yPrecision=1.0, displayId=0, pointers=[0: (1416.1, 546.4)]), policyFlags=0x62000001
01-06 02:29:02.944  2149  2190 I InputDispatcher: Window 'Window{28178e39 u0 com.popcap.pvz2cthdbddk/com.popcap.pvz2cthdbddk.SexyAppActivity}' spent 5174.9ms processing the last input event: MotionEvent(deviceId=14, source=0x00002002, action=7, flags=0x00000000, metaState=0x00000000, buttonState=0x00000000, edgeFlags=0x00000000, xPrecision=1.0, yPrecision=1.0, displayId=0, pointers=[0: (1414.1, 544.4)]), policyFlags=0x62000001
01-06 02:29:02.944  2149  2190 I InputDispatcher: Window 'Window{28178e39 u0 com.popcap.pvz2cthdbddk/com.popcap.pvz2cthdbddk.SexyAppActivity}' spent 5166.9ms processing the last input event: MotionEvent(deviceId=14, source=0x00002002, action=7, flags=0x00000000, metaState=0x00000000, buttonState=0x00000000, edgeFlags=0x00000000, xPrecision=1.0, yPrecision=1.0, displayId=0, pointers=[0: (1413.1, 543.4)]), policyFlags=0x62000001
01-06 02:29:02.944  2149  2190 I InputDispatcher: Window 'Window{28178e39 u0 com.popcap.pvz2cthdbddk/com.popcap.pvz2cthdbddk.SexyAppActivity}' spent 5158.9ms processing the last input event: MotionEvent(deviceId=14, source=0x00002002, action=7, flags=0x00000000, metaState=0x00000000, buttonState=0x00000000, edgeFlags=0x00000000, xPrecision=1.0, yPrecision=1.0, displayId=0, pointers=[0: (1412.1, 541.4)]), policyFlags=0x62000001
01-06 02:29:02.944  2149  2190 I InputDispatcher: Window 'Window{28178e39 u0 com.popcap.pvz2cthdbddk/com.popcap.pvz2cthdbddk.SexyAppActivity}' spent 5150.9ms processing the last input event: MotionEvent(deviceId=14, source=0x00002002, action=7, flags=0x00000000, metaState=0x00000000, buttonState=0x00000000, edgeFlags=0x00000000, xPrecision=1.0, yPrecision=1.0, displayId=0, pointers=[0: (1410.1, 540.4)]), policyFlags=0x62000001
01-06 02:29:02.944  2149  2190 I InputDispatcher: Window 'Window{28178e39 u0 com.popcap.pvz2cthdbddk/com.popcap.pvz2cthdbddk.SexyAppActivity}' spent 5142.9ms processing the last input event: MotionEvent(deviceId=14, source=0x00002002, action=7, flags=0x00000000, metaState=0x00000000, buttonState=0x00000000, edgeFlags=0x00000000, xPrecision=1.0, yPrecision=1.0, displayId=0, pointers=[0: (1409.1, 538.4)]), policyFlags=0x62000001
01-06 02:29:02.944  2149  2190 I InputDispatcher: Window 'Window{28178e39 u0 com.popcap.pvz2cthdbddk/com.popcap.pvz2cthdbddk.SexyAppActivity}' spent 5134.9ms processing the last input event: MotionEvent(deviceId=14, source=0x00002002, action=7, flags=0x00000000, metaState=0x00000000, buttonState=0x00000000, edgeFlags=0x00000000, xPrecision=1.0, yPrecision=1.0, displayId=0, pointers=[0: (1407.1, 535.4)]), policyFlags=0x62000001
01-06 02:29:02.944  2149  2190 I InputDispatcher: Window 'Window{28178e39 u0 com.popcap.pvz2cthdbddk/com.popcap.pvz2cthdbddk.SexyAppActivity}' spent 5126.9ms processing the last input event: MotionEvent(deviceId=14, source=0x00002002, action=7, flags=0x00000000, metaState=0x00000000, buttonState=0x00000000, edgeFlags=0x00000000, xPrecision=1.0, yPrecision=1.0, displayId=0, pointers=[0: (1404.1, 532.4)]), policyFlags=0x62000001
01-06 02:29:02.944  2149  2190 I InputDispatcher: Window 'Window{28178e39 u0 com.popcap.pvz2cthdbddk/com.popcap.pvz2cthdbddk.SexyAppActivity}' spent 5118.9ms processing the last input event: MotionEvent(deviceId=14, source=0x00002002, action=7, flags=0x00000000, metaState=0x00000000, buttonState=0x00000000, edgeFlags=0x00000000, xPrecision=1.0, yPrecision=1.0, displayId=0, pointers=[0: (1402.1, 527.4)]), policyFlags=0x62000001
01-06 02:29:02.944  2149  2190 I InputDispatcher: Window 'Window{28178e39 u0 com.popcap.pvz2cthdbddk/com.popcap.pvz2cthdbddk.SexyAppActivity}' spent 5110.9ms processing the last input event: MotionEvent(deviceId=14, source=0x00002002, action=7, flags=0x00000000, metaState=0x00000000, buttonState=0x00000000, edgeFlags=0x00000000, xPrecision=1.0, yPrecision=1.0, displayId=0, pointers=[0: (1397.9, 523.1)]), policyFlags=0x62000001
01-06 02:29:02.944  2149  2190 I InputDispatcher: Window 'Window{28178e39 u0 com.popcap.pvz2cthdbddk/com.popcap.pvz2cthdbddk.SexyAppActivity}' spent 5102.9ms processing the last input event: MotionEvent(deviceId=14, source=0x00002002, action=7, flags=0x00000000, metaState=0x00000000, buttonState=0x00000000, edgeFlags=0x00000000, xPrecision=1.0, yPrecision=1.0, displayId=0, pointers=[0: (1395.6, 518.6)]), policyFlags=0x62000001
01-06 02:29:02.944  2149  2190 I InputDispatcher: Window 'Window{28178e39 u0 com.popcap.pvz2cthdbddk/com.popcap.pvz2cthdbddk.SexyAppActivity}' spent 5094.8ms processing the last input event: MotionEvent(deviceId=14, source=0x00002002, action=7, flags=0x00000000, metaState=0x00000000, buttonState=0x00000000, edgeFlags=0x00000000, xPrecision=1.0, yPrecision=1.0, displayId=0, pointers=[0: (1390.8, 512.6)]), policyFlags=0x62000001
01-06 02:29:02.944  2149  2190 I InputDispatcher: Window 'Window{28178e39 u0 com.popcap.pvz2cthdbddk/com.popcap.pvz2cthdbddk.SexyAppActivity}' spent 5086.9ms processing the last input event: MotionEvent(deviceId=14, source=0x00002002, action=7, flags=0x00000000, metaState=0x00000000, buttonState=0x00000000, edgeFlags=0x00000000, xPrecision=1.0, yPrecision=1.0, displayId=0, pointers=[0: (1385.8, 506.3)]), policyFlags=0x62000001
01-06 02:29:02.944  2149  2190 I InputDispatcher: Window 'Window{28178e39 u0 com.popcap.pvz2cthdbddk/com.popcap.pvz2cthdbddk.SexyAppActivity}' spent 5078.9ms processing the last input event: MotionEvent(deviceId=14, source=0x00002002, action=7, flags=0x00000000, metaState=0x00000000, buttonState=0x00000000, edgeFlags=0x00000000, xPrecision=1.0, yPrecision=1.0, displayId=0, pointers=[0: (1380.4, 499.6)]), policyFlags=0x62000001
01-06 02:29:02.944  2149  2190 I InputDispatcher: Window 'Window{28178e39 u0 com.popcap.pvz2cthdbddk/com.popcap.pvz2cthdbddk.SexyAppActivity}' spent 5070.9ms processing the last input event: MotionEvent(deviceId=14, source=0x00002002, action=7, flags=0x00000000, metaState=0x00000000, buttonState=0x00000000, edgeFlags=0x00000000, xPrecision=1.0, yPrecision=1.0, displayId=0, pointers=[0: (1375.1, 494.3)]), policyFlags=0x62000001
01-06 02:29:02.944  2149  2190 I InputDispatcher: Window 'Window{28178e39 u0 com.popcap.pvz2cthdbddk/com.popcap.pvz2cthdbddk.SexyAppActivity}' spent 5062.8ms processing the last input event: MotionEvent(deviceId=14, source=0x00002002, action=7, flags=0x00000000, metaState=0x00000000, buttonState=0x00000000, edgeFlags=0x00000000, xPrecision=1.0, yPrecision=1.0, displayId=0, pointers=[0: (1371.1, 487.6)]), policyFlags=0x62000001
01-06 02:29:02.944  2149  2190 I InputDispatcher: Window 'Window{28178e39 u0 com.popcap.pvz2cthdbddk/com.popcap.pvz2cthdbddk.SexyAppActivity}' spent 5054.9ms processing the last input event: MotionEvent(deviceId=14, source=0x00002002, action=7, flags=0x00000000, metaState=0x00000000, buttonState=0x00000000, edgeFlags=0x00000000, xPrecision=1.0, yPrecision=1.0, displayId=0, pointers=[0: (1365.9, 482.5)]), policyFlags=0x62000001
01-06 02:29:02.944  2149  2190 I InputDispatcher: Window 'Window{28178e39 u0 com.popcap.pvz2cthdbddk/com.popcap.pvz2cthdbddk.SexyAppActivity}' spent 5046.8ms processing the last input event: MotionEvent(deviceId=14, source=0x00002002, action=7, flags=0x00000000, metaState=0x00000000, buttonState=0x00000000, edgeFlags=0x00000000, xPrecision=1.0, yPrecision=1.0, displayId=0, pointers=[0: (1362.2, 477.5)]), policyFlags=0x62000001
01-06 02:29:02.944  2149  2190 I InputDispatcher: Window 'Window{28178e39 u0 com.popcap.pvz2cthdbddk/com.popcap.pvz2cthdbddk.SexyAppActivity}' spent 5038.9ms processing the last input event: MotionEvent(deviceId=14, source=0x00002002, action=7, flags=0x00000000, metaState=0x00000000, buttonState=0x00000000, edgeFlags=0x00000000, xPrecision=1.0, yPrecision=1.0, displayId=0, pointers=[0: (1358.6, 472.7)]), policyFlags=0x62000001
01-06 02:29:02.944  2149  2190 I InputDispatcher: Window 'Window{28178e39 u0 com.popcap.pvz2cthdbddk/com.popcap.pvz2cthdbddk.SexyAppActivity}' spent 5030.9ms processing the last input event: MotionEvent(deviceId=14, source=0x00002002, action=7, flags=0x00000000, metaState=0x00000000, buttonState=0x00000000, edgeFlags=0x00000000, xPrecision=1.0, yPrecision=1.0, displayId=0, pointers=[0: (1356.4, 469.4)]), policyFlags=0x62000001
01-06 02:29:02.944  2149  2190 I InputDispatcher: Window 'Window{28178e39 u0 com.popcap.pvz2cthdbddk/com.popcap.pvz2cthdbddk.SexyAppActivity}' spent 5022.9ms processing the last input event: MotionEvent(deviceId=14, source=0x00002002, action=7, flags=0x00000000, metaState=0x00000000, buttonState=0x00000000, edgeFlags=0x00000000, xPrecision=1.0, yPrecision=1.0, displayId=0, pointers=[0: (1354.3, 467.3)]), policyFlags=0x62000001
01-06 02:29:02.944  2149  2190 I InputDispatcher: Window 'Window{28178e39 u0 com.popcap.pvz2cthdbddk/com.popcap.pvz2cthdbddk.SexyAppActivity}' spent 5014.9ms processing the last input event: MotionEvent(deviceId=14, source=0x00002002, action=7, flags=0x00000000, metaState=0x00000000, buttonState=0x00000000, edgeFlags=0x00000000, xPrecision=1.0, yPrecision=1.0, displayId=0, pointers=[0: (1353.3, 465.3)]), policyFlags=0x62000001
01-06 02:29:03.051  2149  2175 I Process : Sending signal. PID: 4265 SIG: 3
01-06 02:29:03.051  4265  4278 I art     : Thread[9,tid=4278,WaitingInMainSignalCatcherLoop,Thread*=0xf3c32800,peer=0x12c000a0,"Signal Catcher"]: reacting to signal 3
01-06 02:29:03.251  2149  2175 I Process : Sending signal. PID: 2149 SIG: 3
01-06 02:29:03.251  2149  2162 I art     : Thread[9,tid=2162,WaitingInMainSignalCatcherLoop,Thread*=0x7f3152ca1000,peer=0x12c020a0,"Signal Catcher"]: reacting to signal 3
01-06 02:29:03.261  4265  4279 W art     : Receiving file descriptor from ADB failed (socket 11): Socket operation on non-socket
01-06 02:29:03.337  4265  4278 I art     : Wrote stack traces to '/data/anr/traces.txt'
01-06 02:29:03.380  2149  2175 I Process : Sending signal. PID: 2327 SIG: 3
01-06 02:29:03.380  2327  2340 I art     : Thread[9,tid=2340,WaitingInMainSignalCatcherLoop,Thread*=0x7f3152ca0000,peer=0x12c000a0,"Signal Catcher"]: reacting to signal 3
01-06 02:29:03.401  2149  2162 I art     : Wrote stack traces to '/data/anr/traces.txt'
01-06 02:29:03.401  2149  2175 I Process : Sending signal. PID: 2267 SIG: 3
01-06 02:29:03.401  2267  2283 I art     : Thread[9,tid=2283,WaitingInMainSignalCatcherLoop,Thread*=0x7f3152ca0000,peer=0x12c000a0,"Signal Catcher"]: reacting to signal 3
01-06 02:29:03.434  2327  2340 I art     : Wrote stack traces to '/data/anr/traces.txt'
01-06 02:29:03.463  2267  2283 I art     : Wrote stack traces to '/data/anr/traces.txt'
01-06 02:29:03.665  2149  2209 W AudioTrack: AUDIO_OUTPUT_FLAG_FAST denied by client
01-06 02:29:03.665  2149  2190 I ActivityManager: START u0 {act=android.intent.action.MAIN cat=[android.intent.category.HOME] flg=0x10200000 cmp=com.android.launcher3/.Launcher} from uid 1000 on display 0
01-06 02:29:04.346  1876  2146 W audio_hw_primary: out_write underrun: -32
01-06 02:29:04.526  4561  4561 W linker  : [vdso]: unused DT entry: type 0x6ffffef5 arg 0x160
01-06 02:29:04.921  2149  2190 I ActivityManager: START u0 {act=android.intent.action.MAIN cat=[android.intent.category.HOME] flg=0x10200000 cmp=com.android.launcher3/.Launcher} from uid 1000 on display 0
01-06 02:29:04.922  2149  2209 W AudioTrack: AUDIO_OUTPUT_FLAG_FAST denied by client
01-06 02:29:04.922  2149  2175 I art     : Explicit concurrent mark sweep GC freed 32020(1410KB) AllocSpace objects, 8(1759KB) LOS objects, 33% free, 15MB/23MB, paused 241us total 9.288ms
01-06 02:29:05.427  2149  2175 E ActivityManager: ANR in com.popcap.pvz2cthdbddk (com.popcap.pvz2cthdbddk/.SexyAppActivity)
01-06 02:29:05.427  2149  2175 E ActivityManager: PID: 4265
01-06 02:29:05.427  2149  2175 E ActivityManager: Reason: Input dispatching timed out (Waiting to send non-key event because the touched window has not finished processing certain input events that were delivered to it over 500.0ms ago.  Wait queue length: 35.  Wait queue head age: 5507.0ms.)
01-06 02:29:05.427  2149  2175 E ActivityManager: Load: 0.93 / 0.36 / 0.2
01-06 02:29:05.427  2149  2175 E ActivityManager: CPU usage from 4875ms to -2483ms ago:
01-06 02:29:05.427  2149  2175 E ActivityManager:   74% 4265/com.popcap.pvz2cthdbddk: 54% user + 19% kernel / faults: 173444 minor 4 major
01-06 02:29:05.427  2149  2175 E ActivityManager:   5.2% 1882/sdcard: 0.1% user + 5.1% kernel / faults: 4 minor
01-06 02:29:05.427  2149  2175 E ActivityManager:   4.4% 1868/surfaceflinger: 1.7% user + 2.7% kernel / faults: 236 minor
01-06 02:29:05.427  2149  2175 E ActivityManager:   4.2% 1876/mediaserver: 2.9% user + 1.2% kernel / faults: 9 minor
01-06 02:29:05.427  2149  2175 E ActivityManager:   3.3% 2149/system_server: 1.9% user + 1.4% kernel / faults: 1744 minor 7 major
01-06 02:29:05.427  2149  2175 E ActivityManager:   1.6% 2267/com.android.systemui: 0.9% user + 0.6% kernel / faults: 697 minor
01-06 02:29:05.427  2149  2175 E ActivityManager:   0.6% 4302/com.popcap.pvz2cthdbddk: 0.1% user + 0.5% kernel
01-06 02:29:05.427  2149  2175 E ActivityManager:   0.5% 4303/com.popcap.pvz2cthdbddk: 0.1% user + 0.4% kernel
01-06 02:29:05.427  2149  2175 E ActivityManager:   0.4% 7/rcu_preempt: 0% user + 0.4% kernel
01-06 02:29:05.427  2149  2175 E ActivityManager:   0.2% 2327/com.android.phone: 0.1% user + 0% kernel / faults: 615 minor
01-06 02:29:05.427  2149  2175 E ActivityManager:   0.2% 8/rcu_sched: 0% user + 0.2% kernel
01-06 02:29:05.427  2149  2175 E ActivityManager:   0.1% 1863/logd: 0% user + 0.1% kernel / faults: 4 minor
01-06 02:29:05.427  2149  2175 E ActivityManager:   0% 1873/debuggerd64: 0% user + 0% kernel / faults: 343 minor
01-06 02:29:05.427  2149  2175 E ActivityManager:   0% 2141/logcat: 0% user + 0% kernel
01-06 02:29:05.427  2149  2175 E ActivityManager:   0.1% 4165/kworker/u16:1: 0% user + 0.1% kernel
01-06 02:29:05.427  2149  2175 E ActivityManager:  +0% 4559/kworker/4:1: 0% user + 0% kernel
01-06 02:29:05.427  2149  2175 E ActivityManager: 13% TOTAL: 7.8% user + 3.9% kernel + 1.8% iowait + 0% softirq
01-06 02:29:05.427  2149  2175 E ActivityManager: CPU usage from 1979ms to 2481ms later:
01-06 02:29:05.427  2149  2175 E ActivityManager:   102% 4265/com.popcap.pvz2cthdbddk: 66% user + 36% kernel / faults: 308 minor
01-06 02:29:05.427  2149  2175 E ActivityManager:     100% 4337/GLThread 65: 64% user + 36% kernel
01-06 02:29:05.427  2149  2175 E ActivityManager:   25% 1876/mediaserver: 17% user + 7.6% kernel / faults: 4 minor
01-06 02:29:05.427  2149  2175 E ActivityManager:     25% 2144/ApmAudio: 15% user + 9.6% kernel
01-06 02:29:05.427  2149  2175 E ActivityManager:   7.6% 2267/com.android.systemui: 3.8% user + 3.8% kernel / faults: 36 minor
01-06 02:29:05.427  2149  2175 E ActivityManager:     9.6% 2660/RenderThread: 3.8% user + 5.7% kernel
01-06 02:29:05.427  2149  2175 E ActivityManager:   5.7% 1868/surfaceflinger: 1.9% user + 3.8% kernel / faults: 30 minor
01-06 02:29:05.427  2149  2175 E ActivityManager:     1.9% 1868/surfaceflinger: 0% user + 1.9% kernel
01-06 02:29:05.427  2149  2175 E ActivityManager:   1.9% 7/rcu_preempt: 0% user + 1.9% kernel
01-06 02:29:05.427  2149  2175 E ActivityManager:   2% 2149/system_server: 0% user + 2% kernel / faults: 1 minor
01-06 02:29:05.427  2149  2175 E ActivityManager: 18% TOTAL: 11% user + 6.7% kernel + 0.9% iowait
01-06 02:29:05.428  2149  2175 W ActivityManager: Activity pause timeout for ActivityRecord{2851e0c9 u0 com.popcap.pvz2cthdbddk/.SexyAppActivity t1067}
01-06 02:29:05.447  2149  2175 I ActivityManager: Start proc 4564:com.baidu.netdisk:bdservice_v1/u0a53 for broadcast com.baidu.netdisk/com.baidu.android.pushservice.RegistrationReceiver
01-06 02:29:05.450  2349  2349 W Launcher: setApplicationContext called twice! old=com.android.launcher3.LauncherApplication@95c0a33 new=com.android.launcher3.LauncherApplication@95c0a33
01-06 02:29:05.450  4564  4564 I ActivityThread: Switching default density from 160 to 240
01-06 02:29:05.451  4564  4564 W ResourcesManager: Asset path '/system/framework/android.test.runner.jar' does not exist or contains no resources.
01-06 02:29:05.451  2349  2349 W ResourceType: Attempt to retrieve bag 0x7f0d0008 which is invalid or in a cycle.
