12-14 00:52:25.810  1716  1716 I art     : Explicit concurrent mark sweep GC freed 111(4KB) AllocSpace objects, 0(0B) LOS objects, 39% free, 2MB/4MB, paused 32us total 2.244ms
12-14 00:52:25.815  1715  1715 I art     : Explicit concurrent mark sweep GC freed 206(9KB) AllocSpace objects, 0(0B) LOS objects, 40% free, 2MB/4MB, paused 30us total 2.516ms
12-14 00:52:25.816  1716  1716 I art     : Explicit concurrent mark sweep GC freed 206(9KB) AllocSpace objects, 0(0B) LOS objects, 40% free, 2MB/4MB, paused 49us total 2.890ms
12-14 00:52:25.819  1715  1715 I art     : Explicit concurrent mark sweep GC freed 370(16KB) AllocSpace objects, 0(0B) LOS objects, 40% free, 2MB/4MB, paused 29us total 2.469ms
12-14 00:52:25.820  1716  1716 I art     : Explicit concurrent mark sweep GC freed 370(16KB) AllocSpace objects, 0(0B) LOS objects, 39% free, 2MB/4MB, paused 32us total 2.479ms
12-14 00:52:25.833  1715  1715 I art     : Explicit concurrent mark sweep GC freed 214(9KB) AllocSpace objects, 0(0B) LOS objects, 39% free, 2MB/4MB, paused 19us total 2.083ms
12-14 00:52:25.833  1716  1716 I art     : Explicit concurrent mark sweep GC freed 214(9KB) AllocSpace objects, 0(0B) LOS objects, 40% free, 2MB/4MB, paused 33us total 2.486ms
12-14 00:52:25.836  1715  1715 I art     : Explicit concurrent mark sweep GC freed 112(6KB) AllocSpace objects, 0(0B) LOS objects, 39% free, 2MB/4MB, paused 19us total 1.789ms
12-14 00:52:25.837  1716  1716 I art     : Explicit concurrent mark sweep GC freed 112(6KB) AllocSpace objects, 0(0B) LOS objects, 40% free, 2MB/4MB, paused 33us total 2.205ms
12-14 00:52:25.840  1715  1715 I art     : Explicit concurrent mark sweep GC freed 113(5KB) AllocSpace objects, 0(0B) LOS objects, 39% free, 2MB/4MB, paused 19us total 2.011ms
12-14 00:52:25.840  1716  1716 I art     : Explicit concurrent mark sweep GC freed 113(5KB) AllocSpace objects, 0(0B) LOS objects, 39% free, 2MB/4MB, paused 33us total 2.270ms
12-14 00:52:25.842  1715  1715 I art     : Explicit concurrent mark sweep GC freed 49(8KB) AllocSpace objects, 0(0B) LOS objects, 40% free, 2MB/4MB, paused 17us total 1.778ms
12-14 00:52:25.843  1716  1716 I art     : Explicit concurrent mark sweep GC freed 49(8KB) AllocSpace objects, 0(0B) LOS objects, 39% free, 2MB/4MB, paused 59us total 2.417ms
12-14 00:52:25.846  1715  1715 I art     : Explicit concurrent mark sweep GC freed 101(4KB) AllocSpace objects, 0(0B) LOS objects, 39% free, 2MB/4MB, paused 23us total 2.482ms
12-14 00:52:25.847  1716  1716 I art     : Explicit concurrent mark sweep GC freed 101(4KB) AllocSpace objects, 0(0B) LOS objects, 39% free, 2MB/4MB, paused 32us total 3.047ms
12-14 00:52:25.849  1715  1715 I art     : Explicit concurrent mark sweep GC freed 105(4KB) AllocSpace objects, 0(0B) LOS objects, 39% free, 2MB/4MB, paused 18us total 1.983ms
12-14 00:52:25.850  1716  1716 I art     : Explicit concurrent mark sweep GC freed 105(4KB) AllocSpace objects, 0(0B) LOS objects, 40% free, 2MB/4MB, paused 34us total 2.306ms
12-14 00:52:25.851  1715  1715 I art     : Explicit concurrent mark sweep GC freed 99(4KB) AllocSpace objects, 0(0B) LOS objects, 40% free, 2MB/4MB, paused 20us total 1.902ms
12-14 00:52:25.854  1716  1716 I art     : Explicit concurrent mark sweep GC freed 99(4KB) AllocSpace objects, 0(0B) LOS objects, 39% free, 2MB/4MB, paused 34us total 2.256ms
12-14 00:52:25.855  1715  1715 I art     : Explicit concurrent mark sweep GC freed 172(7KB) AllocSpace objects, 0(0B) LOS objects, 40% free, 2MB/4MB, paused 19us total 1.967ms
12-14 00:52:25.857  1716  1716 I art     : Explicit concurrent mark sweep GC freed 172(7KB) AllocSpace objects, 0(0B) LOS objects, 39% free, 2MB/4MB, paused 32us total 2.125ms
12-14 00:52:25.917  1715  1715 I art     : Explicit concurrent mark sweep GC freed 417(18KB) AllocSpace objects, 0(0B) LOS objects, 39% free, 3MB/5MB, paused 21us total 2.159ms
12-14 00:52:25.918  1716  1716 I art     : Explicit concurrent mark sweep GC freed 417(18KB) AllocSpace objects, 0(0B) LOS objects, 40% free, 3MB/5MB, paused 35us total 2.351ms
12-14 00:52:25.922  1715  1715 I art     : Explicit concurrent mark sweep GC freed 363(16KB) AllocSpace objects, 0(0B) LOS objects, 39% free, 3MB/5MB, paused 21us total 2.089ms
12-14 00:52:25.923  1716  1716 I art     : Explicit concurrent mark sweep GC freed 363(16KB) AllocSpace objects, 0(0B) LOS objects, 40% free, 3MB/5MB, paused 35us total 2.409ms
12-14 00:52:25.925  1715  1715 I art     : Explicit concurrent mark sweep GC freed 174(8KB) AllocSpace objects, 0(0B) LOS objects, 40% free, 3MB/5MB, paused 21us total 2.114ms
12-14 00:52:25.927  1716  1716 I art     : Explicit concurrent mark sweep GC freed 174(8KB) AllocSpace objects, 0(0B) LOS objects, 39% free, 3MB/5MB, paused 37us total 2.482ms
12-14 00:52:25.929  1715  1715 I art     : Explicit concurrent mark sweep GC freed 515(19KB) AllocSpace objects, 0(0B) LOS objects, 40% free, 3MB/5MB, paused 25us total 2.473ms
12-14 00:52:25.931  1716  1716 I art     : Explicit concurrent mark sweep GC freed 515(19KB) AllocSpace objects, 0(0B) LOS objects, 39% free, 3MB/5MB, paused 35us total 2.956ms
12-14 00:52:25.933  1715  1715 I art     : Explicit concurrent mark sweep GC freed 353(14KB) AllocSpace objects, 0(0B) LOS objects, 39% free, 3MB/5MB, paused 23us total 2.205ms
12-14 00:52:25.934  1716  1716 I art     : Explicit concurrent mark sweep GC freed 353(14KB) AllocSpace objects, 0(0B) LOS objects, 39% free, 3MB/5MB, paused 36us total 2.311ms
12-14 00:52:25.935  1715  1715 I art     : Explicit concurrent mark sweep GC freed 1153(40KB) AllocSpace objects, 0(0B) LOS objects, 39% free, 3MB/5MB, paused 21us total 2.186ms
12-14 00:52:25.937  1716  1716 I art     : Explicit concurrent mark sweep GC freed 1153(40KB) AllocSpace objects, 0(0B) LOS objects, 39% free, 3MB/5MB, paused 36us total 2.313ms
12-14 00:52:25.938  1715  1715 I art     : Explicit concurrent mark sweep GC freed 1499(50KB) AllocSpace objects, 0(0B) LOS objects, 39% free, 3MB/5MB, paused 21us total 2.232ms
12-14 00:52:25.941  1716  1716 I art     : Explicit concurrent mark sweep GC freed 1499(50KB) AllocSpace objects, 0(0B) LOS objects, 39% free, 3MB/5MB, paused 35us total 2.341ms
12-14 00:52:25.941  1715  1715 I art     : Explicit concurrent mark sweep GC freed 1381(49KB) AllocSpace objects, 0(0B) LOS objects, 39% free, 3MB/5MB, paused 21us total 2.180ms
12-14 00:52:25.943  1716  1716 I art     : Explicit concurrent mark sweep GC freed 1381(49KB) AllocSpace objects, 0(0B) LOS objects, 39% free, 3MB/5MB, paused 34us total 2.207ms
12-14 00:52:26.010  1716  1716 I art     : Explicit concurrent mark sweep GC freed 1453(56KB) AllocSpace objects, 0(0B) LOS objects, 39% free, 3MB/5MB, paused 35us total 3.270ms
12-14 00:52:26.014  1716  1716 I art     : Explicit concurrent mark sweep GC freed 603(27KB) AllocSpace objects, 0(0B) LOS objects, 39% free, 3MB/5MB, paused 34us total 2.367ms
12-14 00:52:26.018  1716  1716 I art     : Explicit concurrent mark sweep GC freed 344(20KB) AllocSpace objects, 0(0B) LOS objects, 39% free, 3MB/6MB, paused 34us total 2.188ms
12-14 00:52:26.022  1715  1715 I art     : Explicit concurrent mark sweep GC freed 1453(56KB) AllocSpace objects, 0(0B) LOS objects, 39% free, 3MB/5MB, paused 34us total 3.300ms
12-14 00:52:26.027  1715  1715 I art     : Explicit concurrent mark sweep GC freed 603(27KB) AllocSpace objects, 0(0B) LOS objects, 39% free, 3MB/5MB, paused 33us total 2.901ms
12-14 00:52:26.027  1716  1716 I art     : Explicit concurrent mark sweep GC freed 384(17KB) AllocSpace objects, 0(0B) LOS objects, 39% free, 3MB/6MB, paused 61us total 3.464ms
12-14 00:52:26.029  1716  1716 I Zygote  : ...preloaded 343 resources in 346ms.
12-14 00:52:26.032  1715  1715 I art     : Explicit concurrent mark sweep GC freed 344(20KB) AllocSpace objects, 0(0B) LOS objects, 39% free, 3MB/6MB, paused 34us total 2.955ms
12-14 00:52:26.033  1716  1716 I art     : Explicit concurrent mark sweep GC freed 639(39KB) AllocSpace objects, 0(0B) LOS objects, 39% free, 3MB/6MB, paused 58us total 3.509ms
12-14 00:52:26.034  1716  1716 I Zygote  : ...preloaded 41 resources in 6ms.
12-14 00:52:26.035  1716  1716 I art     : Counter: 0
12-14 00:52:26.038  1715  1715 I art     : Explicit concurrent mark sweep GC freed 384(17KB) AllocSpace objects, 0(0B) LOS objects, 39% free, 3MB/6MB, paused 20us total 2.041ms
12-14 00:52:26.039  1715  1715 I Zygote  : ...preloaded 343 resources in 444ms.
12-14 00:52:26.041  1715  1715 I art     : Explicit concurrent mark sweep GC freed 639(39KB) AllocSpace objects, 0(0B) LOS objects, 39% free, 3MB/6MB, paused 21us total 2.027ms
12-14 00:52:26.042  1715  1715 I Zygote  : ...preloaded 41 resources in 3ms.
12-14 00:52:26.042  1715  1715 I art     : Counter: 0
12-14 00:52:26.042  1715  1715 D libEGL  : loaded /system/lib64/egl/libGLES_mesa.so
12-14 00:52:26.050  1715  1715 I Zygote  : Preloading shared libraries...
12-14 00:52:26.234  1715  1715 D Zygote  : end preload
12-14 00:52:26.234  1716  1716 D libEGL  : loaded /system/lib/egl/libGLES_mesa.so
12-14 00:52:26.237  1715  1715 I art     : Explicit concurrent mark sweep GC freed 450(20KB) AllocSpace objects, 0(0B) LOS objects, 39% free, 3MB/6MB, paused 28us total 2.866ms
12-14 00:52:26.240  1715  1715 I art     : Explicit concurrent mark sweep GC freed 389(16KB) AllocSpace objects, 0(0B) LOS objects, 39% free, 3MB/6MB, paused 27us total 2.542ms
12-14 00:52:26.242  1715  1715 I art     : Explicit concurrent mark sweep GC freed 5(160B) AllocSpace objects, 0(0B) LOS objects, 39% free, 3MB/6MB, paused 27us total 2.440ms
12-14 00:52:26.259  1716  1716 I Zygote  : Preloading shared libraries...
12-14 00:52:26.262  1715  1715 I Zygote  : System server process 1973 has been created
12-14 00:52:26.264  1715  1715 I Zygote  : Accepting command socket connections
12-14 00:52:26.316  1716  1716 D Zygote  : end preload
12-14 00:52:26.319  1716  1716 I art     : Explicit concurrent mark sweep GC freed 450(20KB) AllocSpace objects, 0(0B) LOS objects, 39% free, 3MB/6MB, paused 37us total 3.012ms
12-14 00:52:26.322  1716  1716 I art     : Explicit concurrent mark sweep GC freed 389(16KB) AllocSpace objects, 0(0B) LOS objects, 39% free, 3MB/6MB, paused 34us total 2.297ms
12-14 00:52:26.324  1716  1716 I art     : Explicit concurrent mark sweep GC freed 5(160B) AllocSpace objects, 0(0B) LOS objects, 39% free, 3MB/6MB, paused 34us total 2.156ms
12-14 00:52:26.324  1716  1716 I Zygote  : Accepting command socket connections
12-14 00:52:26.364  1973  1973 I Zygote  : Process: zygote socket opened, supported ABIS: x86,armeabi-v7a,armeabi
12-14 00:52:26.449  1973  1973 I InstallerConnection: disconnecting...
12-14 00:52:26.636  1973  1973 I SystemServer: Entered the Android system server!
12-14 00:52:26.753  1973  1973 V Fingerprint-JNI: FingerprintManager JNI ready.
12-14 00:52:26.753  1973  1973 D SensorService: nuSensorService starting...
12-14 00:52:26.773  1973  1973 D KbdSensor: open_kbd_sensor: id=poll
12-14 00:52:26.773  1973  1973 D KbdSensor: SensorFd: module=0x7f4085347300 dev=0x7f4086866680
12-14 00:52:26.845  1973  1973 I KbdSensor: Open AT Translated Set 2 keyboard ok, fd=19
12-14 00:52:26.845  1973  1973 D KbdSensor: SensorPollContext: dev=0x7f4086866680 fd=19
12-14 00:52:26.845  1973  1973 D KbdSensor: poll_activate: dev=0x7f4086866680 handle=0 enabled=0
12-14 00:52:26.845  1973  1995 D SensorService: new thread SensorEventAckReceiver
12-14 00:52:26.845  1973  1996 D SensorService: nuSensorService thread starting...
12-14 00:52:26.926  1973  1973 I SystemServiceManager: Starting com.android.server.pm.Installer
12-14 00:52:26.974  1973  1973 I Installer: Waiting for installd to be ready.
12-14 00:52:26.975  1973  1973 I InstallerConnection: connecting...
12-14 00:52:26.975  1713  1713 I installd: new connection
12-14 00:52:26.975  1973  1973 I SystemServiceManager: Starting com.android.server.am.ActivityManagerService$Lifecycle
12-14 00:52:27.070  1973  1973 I ActivityManager: Memory class: 192
12-14 00:52:27.196  1973  1973 I IntentFirewall: Read new rules (A:0 B:0 S:0)
12-14 00:52:27.231  1973  1973 D AppOps  : AppOpsService published
12-14 00:52:27.231  1973  1973 I SystemServiceManager: Starting com.android.server.power.PowerManagerService
12-14 00:52:27.290  1973  1973 I libsuspend: Selected early suspend
12-14 00:52:27.290  1973  1973 E libsuspend: Error accessing /sys/power/wait_for_fb_sleep: No such file or directory
12-14 00:52:27.331  1973  1973 I SystemServiceManager: Starting com.android.server.display.DisplayManagerService
12-14 00:52:27.348  1973  1973 I SystemServiceManager: Starting phase 100
12-14 00:52:27.350  1973  2003 I DisplayManagerService: Display device added: DisplayDeviceInfo{"Built-in Screen": uniqueId="local:0", 1920 x 1080, 60.000004 fps, supportedRefreshRates [60.000004], density 240, 128.0 x 130.0 dpi, appVsyncOff 0, presDeadline 17666666, touch INTERNAL, rotation 0, type BUILT_IN, state UNKNOWN, FLAG_DEFAULT_DISPLAY, FLAG_ROTATES_WITH_CONTENT, FLAG_SECURE, FLAG_SUPPORTS_PROTECTED_BUFFERS}
12-14 00:52:27.350  1973  1973 I SystemServer: Package Manager
12-14 00:52:27.451  1973  1973 W SystemConfig: No directory /system/etc/sysconfig, skipping
12-14 00:52:27.561  1973  1973 D SELinuxMMAC: Using policy file /system/etc/security/mac_permissions.xml
12-14 00:52:28.109  1973  1973 D PackageManager: No files in app dir /vendor/overlay
12-14 00:52:28.281  1973  1973 W PackageManager: Failed to parse /system/framework/x86: Missing base APK in /system/framework/x86
12-14 00:52:28.281  1973  1973 W PackageManager: Failed to parse /system/framework/x86_64: Missing base APK in /system/framework/x86_64
12-14 00:52:28.405  1973  1973 W PackageParser: No actions in intent filter at /system/priv-app/Contacts/Contacts.apk Binary XML file line #356
12-14 00:52:28.634  1973  1973 W PackageParser: No actions in intent filter at /system/priv-app/Dialer/Dialer.apk Binary XML file line #166
12-14 00:52:28.923  1973  1973 W Resources: Converting to boolean: TypedValue{t=0x3/d=0x333f "true" a=2 r=0x7f120a3e}
12-14 00:52:30.212  1973  1973 W PackageParser: No actions in intent filter at /system/priv-app/SetupWizard/SetupWizard.apk Binary XML file line #170
12-14 00:52:30.212  1973  1973 W PackageParser: No actions in intent filter at /system/priv-app/SetupWizard/SetupWizard.apk Binary XML file line #347
12-14 00:52:30.446  1973  1973 W ResourceType: Failure getting entry for 0x7f08026f (t=7 e=623) (error -75)
12-14 00:52:30.493  1973  1973 W PackageParser: Unknown element under <intent-filter>: android at /system/priv-app/Telecom/Telecom.apk Binary XML file line #232
12-14 00:52:30.626  1973  1973 W PackageParser: No actions in intent filter at /system/app/AndroidTerm/AndroidTerm.apk Binary XML file line #149
12-14 00:52:30.699  1973  1973 W PackageParser: No actions in intent filter at /system/app/Bluetooth/Bluetooth.apk Binary XML file line #209
12-14 00:52:30.832  1973  1973 W PackageParser: No actions in intent filter at /system/app/CMFileManager/CMFileManager.apk Binary XML file line #166
12-14 00:52:31.511  1973  1973 W PackageParser: Unknown element under <application>: permission at /system/app/Gallery2/Gallery2.apk Binary XML file line #242
12-14 00:52:31.511  1973  1973 W PackageParser: Unknown element under <application>: permission at /system/app/Gallery2/Gallery2.apk Binary XML file line #245
12-14 00:52:33.015  1973  1973 D PackageManager: No files in app dir /system/vendor/app
12-14 00:52:33.015  1973  1973 D PackageManager: No files in app dir /oem/app
12-14 00:52:33.072  1973  1973 D PackageManager: No files in app dir /data/app
12-14 00:52:33.072  1973  1973 D PackageManager: No files in app dir /data/app-private
12-14 00:52:33.073  1973  1973 W PackageManager: Package com.google.android.gms desires unavailable shared library com.google.android.ble; ignoring!
12-14 00:52:33.073  1973  1973 I PackageManager: Adjusting ABI for : com.google.android.gsf to x86_64
12-14 00:52:33.073  1973  1973 I PackageManager: Adjusting ABI for : com.google.android.syncadapters.contacts to x86_64
12-14 00:52:33.073  1973  1973 I PackageManager: Adjusting ABI for : com.google.android.gsf.login to x86_64
12-14 00:52:33.073  1973  1973 I PackageManager: Adjusting ABI for : com.google.android.backuptransport to x86_64
12-14 00:52:33.073  1973  1973 I PackageManager: Adjusting ABI for : com.android.inputdevices to x86_64
12-14 00:52:33.073  1973  1973 I PackageManager: Adjusting ABI for : org.zeroxlab.util.tscal to x86_64
12-14 00:52:33.073  1973  1973 I PackageManager: Adjusting ABI for : com.android.settings to x86_64
12-14 00:52:33.073  1973  1973 I PackageManager: Adjusting ABI for : com.android.location.fused to x86_64
12-14 00:52:33.073  1973  1973 I PackageManager: Adjusting ABI for : com.android.keychain to x86_64
12-14 00:52:33.073  1973  1973 I PackageManager: Adjusting ABI for : com.android.providers.settings to x86_64
12-14 00:52:33.073  1973  1973 I PackageManager: Adjusting ABI for : com.android.server.telecom to x86_64
12-14 00:52:33.073  1973  1973 I PackageManager: Time to scan packages: 5.359 seconds
12-14 00:52:33.073  1973  1973 W PackageManager: Not granting permission android.permission.MANAGE_DOCUMENTS to package com.google.android.youtube (protectionLevel=2 flags=0x583e45)
12-14 00:52:33.073  1973  1973 W PackageManager: Unknown permission com.android.launcher.permission.READ_SETTINGS in package com.google.android.onetimeinitializer
12-14 00:52:33.073  1973  1973 W PackageManager: Unknown permission com.android.launcher.permission.WRITE_SETTINGS in package com.google.android.onetimeinitializer
12-14 00:52:33.073  1973  1973 W PackageManager: Unknown permission com.google.android.launcher.permission.READ_SETTINGS in package com.google.android.onetimeinitializer
12-14 00:52:33.073  1973  1973 W PackageManager: Unknown permission com.google.android.launcher.permission.WRITE_SETTINGS in package com.google.android.onetimeinitializer
12-14 00:52:33.073  1973  1973 W PackageManager: Not granting permission android.permission.GLOBAL_SEARCH to package com.android.quicksearchbox (protectionLevel=18 flags=0x8be45)
12-14 00:52:33.073  1973  1973 W PackageManager: Not granting permission android.permission.ACCESS_DOWNLOAD_MANAGER to package com.android.browser (protectionLevel=18 flags=0x9be45)
12-14 00:52:33.073  1973  1973 W PackageManager: Not granting permission android.permission.SEND_DOWNLOAD_COMPLETED_INTENTS to package com.android.browser (protectionLevel=2 flags=0x9be45)
12-14 00:52:33.073  1973  1973 W PackageManager: Not granting permission android.permission.SEND_DOWNLOAD_COMPLETED_INTENTS to package com.android.vending (protectionLevel=2 flags=0x400abe45)
12-14 00:52:33.073  1973  1973 W PackageManager: Unknown permission android.permission.SEND_SMS_NO_CONFIRMATION in package com.android.vending
12-14 00:52:33.073  1973  1973 W PackageManager: Unknown permission android.permission.USE_FINGERPRINT in package com.android.vending
12-14 00:52:33.073  1973  1973 W PackageManager: Unknown permission android.permission.GET_PACKAGE_IMPORTANCE in package com.android.vending
12-14 00:52:33.073  1973  1973 W PackageManager: Unknown permission android.permission.GET_ACCOUNTS_PRIVILEGED in package com.android.vending
12-14 00:52:33.073  1973  1973 W PackageManager: Unknown permission android.permission.INSTALL_GRANT_RUNTIME_PERMISSIONS in package com.android.vending
12-14 00:52:33.073  1973  1973 W PackageManager: Unknown permission android.permission.GRANT_RUNTIME_PERMISSIONS in package com.android.vending
12-14 00:52:33.073  1973  1973 W PackageManager: Unknown permission android.permission.REVOKE_RUNTIME_PERMISSIONS in package com.android.vending
12-14 00:52:33.073  1973  1973 W PackageManager: Not granting permission android.permission.BIND_WALLPAPER to package com.android.camera2 (protectionLevel=18 flags=0x58bc45)
12-14 00:52:33.073  1973  1973 W PackageManager: Unknown permission android.permission.INSTALL_DRM in package com.android.mms
12-14 00:52:33.073  1973  1973 W PackageManager: Not granting permission android.permission.BIND_APPWIDGET to package com.android.launcher3 (protectionLevel=18 flags=0x483e45)
12-14 00:52:33.073  1973  1973 W PackageManager: Unknown permission com.android.launcher.permission.READ_SETTINGS in package com.android.launcher3
12-14 00:52:33.073  1973  1973 W PackageManager: Unknown permission com.android.launcher.permission.WRITE_SETTINGS in package com.android.launcher3
12-14 00:52:33.074  1973  1973 W PackageManager: Unknown permission com.google.android.calendar.permission.READ_OOBE in package com.google.android.gm
12-14 00:52:33.074  1973  1973 W PackageManager: Unknown permission com.google.android.voicesearch.AUDIO_FILE_ACCESS in package com.google.android.gm
12-14 00:52:33.074  1973  1973 W PackageManager: Unknown permission com.google.android.email.permission.READ_ATTACHMENT in package com.google.android.gm
12-14 00:52:33.074  1973  1973 W PackageManager: Unknown permission com.google.android.email.permission.ACCESS_PROVIDER in package com.google.android.gm
12-14 00:52:33.074  1973  1973 W PackageManager: Unknown permission android.permission.READ_OWNER_DATA in package com.google.android.setupwizard
12-14 00:52:33.074  1973  1973 W PackageManager: Unknown permission android.permission.WRITE_OWNER_DATA in package com.google.android.setupwizard
12-14 00:52:33.074  1973  1973 W PackageManager: Unknown permission com.google.android.apps.now.OPT_IN_WIZARD in package com.google.android.setupwizard
12-14 00:52:33.074  1973  1973 W PackageManager: Unknown permission com.google.android.gms.permission.CONTACTS_SYNC_DELEGATION in package com.google.android.syncadapters.contacts
12-14 00:52:33.074  1973  1973 W PackageManager: Unknown permission android.permission.OBSERVE_GRANT_REVOKE_PERMISSIONS in package com.google.android.gms
12-14 00:52:33.074  1973  1973 W PackageManager: Unknown permission com.google.android.apps.enterprise.dmagent.permission.AutoSyncPermission in package com.google.android.gms
12-14 00:52:33.074  1973  1973 W PackageManager: Unknown permission com.google.android.googlequicksearchbox.permission.PAUSE_HOTWORD in package com.google.android.gms
12-14 00:52:33.074  1973  1973 W PackageManager: Unknown permission com.google.android.hangouts.START_HANGOUT in package com.google.android.gms
12-14 00:52:33.074  1973  1973 W PackageManager: Unknown permission com.google.android.wearable.READ_SETTINGS in package com.google.android.gms
12-14 00:52:33.074  1973  1973 W PackageManager: Unknown permission android.permission.INTENT_FILTER_VERIFICATION_AGENT in package com.google.android.gms
12-14 00:52:33.074  1973  1973 W PackageManager: Unknown permission android.permission.LOCAL_MAC_ADDRESS in package com.google.android.gms
12-14 00:52:33.074  1973  1973 W PackageManager: Unknown permission android.permission.CHANGE_DEVICE_IDLE_TEMP_WHITELIST in package com.google.android.gms
12-14 00:52:33.074  1973  1973 W PackageManager: Unknown permission android.permission.NOTIFY_PENDING_SYSTEM_UPDATE in package com.google.android.gms
12-14 00:52:33.074  1973  1973 W PackageManager: Unknown permission com.google.android.launcher.permission.RECEIVE_LAUNCH_BROADCASTS in package com.google.android.gms
12-14 00:52:33.074  1973  1973 W PackageManager: Not granting permission android.permission.MANAGE_DOCUMENTS to package com.google.android.gms (protectionLevel=2 flags=0xc0483e45)
12-14 00:52:33.074  1973  1973 W PackageManager: Unknown permission com.android.launcher.permission.PRELOAD_WORKSPACE in package com.google.android.partnersetup
12-14 00:52:33.074  1973  1973 W PackageManager: Not granting permission android.permission.DELETE_PACKAGES to package com.svox.pico (protectionLevel=18 flags=0x8be45)
12-14 00:52:33.074  1973  1973 W PackageManager: Unknown permission com.cyanogenmod.filemanager.permissions.READ_THEME in package com.cyanogenmod.filemanager
12-14 00:52:33.074  1973  1973 W PackageManager: Not granting permission android.permission.CONTROL_KEYGUARD to package com.google.android.gsf.login (protectionLevel=2 flags=0x4048be45)
12-14 00:52:33.074  1973  1973 W PackageManager: Unknown permission com.android.vending.billing.IBillingAccountService.BIND2 in package com.google.android.gsf.login
12-14 00:52:33.074  1973  1973 W PackageManager: Unknown permission com.android.chrome.TOS_ACKED in package com.google.android.gsf.login
12-14 00:52:33.074  1973  1973 W PackageManager: Unknown permission com.android.launcher.permission.READ_SETTINGS in package com.android.settings
12-14 00:52:33.074  1973  1973 W PackageManager: Unknown permission com.android.launcher.permission.WRITE_SETTINGS in package com.android.settings
12-14 00:52:33.074  1973  1973 W PackageManager: Unknown permission com.android.smspush.WAPPUSH_MANAGER_BIND in package com.android.phone
12-14 00:52:33.074  1973  1973 W PackageManager: Not granting permission android.permission.DEVICE_POWER to package com.android.deskclock (protectionLevel=2 flags=0x48be45)
12-14 00:52:33.074  1973  1973 W PackageManager: Unknown permission com.google.android.gallery3d.permission.GALLERY_PROVIDER in package com.android.bluetooth
12-14 00:52:33.206  1973  1973 I art     : Explicit concurrent mark sweep GC freed 25148(1522KB) AllocSpace objects, 2(32KB) LOS objects, 33% free, 5MB/7MB, paused 152us total 6.648ms
12-14 00:52:33.206  1973  1973 I SystemServer: User Service
12-14 00:52:33.230  1686  1686 I lowmemorykiller: ActivityManager connected
12-14 00:52:33.232  1973  1973 I SystemServiceManager: Starting com.android.server.lights.LightsService
12-14 00:52:33.248  1973  1973 D lights  : Detect /sys/class/backlight/intel_backlight/max_brightness
12-14 00:52:33.248  1973  1973 D lights  : Detect /sys/class/backlight/intel_backlight/brightness
12-14 00:52:33.248  1973  1973 I SystemServiceManager: Starting com.android.server.BatteryService
12-14 00:52:33.250  1973  1973 I SystemServiceManager: Starting com.android.server.usage.UsageStatsService
12-14 00:52:33.324  1973  1973 I UsageStatsService: User[0] Rollover scheduled @ 2015-12-14 19:00:00(1450137600000)
12-14 00:52:33.324  1973  1973 I SystemServiceManager: Starting com.android.server.webkit.WebViewUpdateService
12-14 00:52:33.353  1973  1973 I SystemServer: Reading configuration...
12-14 00:52:33.353  1973  1973 I SystemServer: Scheduling Policy
12-14 00:52:33.353  1973  1973 I SystemServiceManager: Starting com.android.server.telecom.TelecomLoaderService
12-14 00:52:33.361  1973  1973 I SystemServer: Telephony Registry
12-14 00:52:33.383  1973  1973 I SystemServer: Entropy Mixer
12-14 00:52:33.384  1973  1973 I EntropyMixer: Writing entropy...
12-14 00:52:33.426  1973  1973 I SystemServer: Account Manager
12-14 00:52:33.460  1973  1973 I SystemServer: Content Manager
12-14 00:52:33.460  1712  1712 I AudioFlinger: Using module 1 has the primary audio interface
12-14 00:52:33.460  1712  2010 I AudioFlinger: AudioFlinger's thread 0xf58ce000 ready to run
12-14 00:52:33.461  1712  2011 I AudioFlinger: AudioFlinger's thread 0xf5964000 ready to run
12-14 00:52:33.492  1712  1712 D BlueZ   : external/bluetooth/bluez/android/hal-audio.c:audio_open() 
12-14 00:52:33.492  1712  1712 D BlueZ   : external/bluetooth/bluez/android/hal-audio.c:audio_ipc_init() 
12-14 00:52:33.492  1712  2012 D BlueZ   : external/bluetooth/bluez/android/hal-audio.c:ipc_handler() 
12-14 00:52:33.492  1712  2012 D BlueZ   : external/bluetooth/bluez/android/hal-audio.c:ipc_handler() Waiting for connection ...
12-14 00:52:33.492  1712  1712 E BlueZ   : APTX: failed to open library libbt-aptx.so (dlopen failed: library "libbt-aptx.so" not found)
12-14 00:52:33.492  1712  1712 D BlueZ   : external/bluetooth/bluez/android/hal-audio.c:audio_init_check() 
12-14 00:52:33.492  1712  1712 D BlueZ   : external/bluetooth/bluez/android/hal-audio.c:audio_set_master_volume() 
12-14 00:52:33.492  1712  1712 D BlueZ   : external/bluetooth/bluez/android/hal-audio.c:set_master_mute() 
12-14 00:52:33.492  1712  1712 I AudioFlinger: loadHwModule() Loaded a2dp audio interface from A2DP Bluez HW HAL (audio) handle 4
12-14 00:52:33.505  1712  1712 I AudioFlinger: loadHwModule() Loaded usb audio interface from USB audio HW HAL (audio) handle 5
12-14 00:52:33.505  1712  1712 E SoundTriggerHwService: couldn't load sound trigger module sound_trigger.primary (No such file or directory)
12-14 00:52:33.537  1973  1973 I SystemServer: System Content Providers
12-14 00:52:33.694  1973  1973 I SystemServer: Vibrator Service
12-14 00:52:33.694  1973  1973 I SystemServer: Consumer IR Service
12-14 00:52:33.694  1973  1973 E ConsumerIrService: Can't open consumer IR HW Module, error: -2
12-14 00:52:33.700  1973  1973 I SystemServiceManager: Starting com.android.server.AlarmManagerService
12-14 00:52:33.702  1973  1973 D AlarmManagerService: Kernel timezone updated to 300 minutes west of GMT
12-14 00:52:33.703  1973  1973 I SystemServer: Init Watchdog
12-14 00:52:33.703  1973  1973 I SystemServer: Input Manager
12-14 00:52:33.703  1973  1973 I InputManager: Initializing input manager, mUseDevInputEventForAudioJack=true
12-14 00:52:33.734  1973  1973 I SystemServer: Window Manager
12-14 00:52:33.801  1973  2003 I WindowManager: No existing display settings /data/system/display_settings.xml; starting empty
12-14 00:52:33.820  1689  1697 D PermissionCache: checking android.permission.ACCESS_SURFACE_FLINGER for uid=1000 => granted (12721 us)
12-14 00:52:33.962  1973  1973 I InputManager: Starting input manager
12-14 00:52:33.963  1973  1973 I SystemServer: Bluetooth Manager Service
12-14 00:52:33.991  1973  1973 D BluetoothManagerService: Loading stored name and address
12-14 00:52:33.991  1973  1973 D BluetoothManagerService: Stored bluetooth Name=CW37S            ,Address=2C:D0:5A:E8:89:31
12-14 00:52:33.991  1973  1973 I SystemServer: Input Method Service
12-14 00:52:34.003  1973  1973 W InputMethodManagerService: Couldn't create dir.: /data/system/inputmethod
12-14 00:52:34.096  1973  2018 D EventHub: No input device configuration file found for device 'Android Power Button'.
12-14 00:52:34.122  1973  2018 W EventHub: Unable to disable kernel key repeat for /dev/input/event14: Function not implemented
12-14 00:52:34.122  1973  2018 I EventHub: New device: id=1, fd=76, path='/dev/input/event14', name='Android Power Button', classes=0x1, configuration='', keyLayout='/system/usr/keylayout/Generic.kl', keyCharacterMap='/system/usr/keychars/Generic.kcm', builtinKeyboard=false, wakeMechanism=EPOLLWAKEUP, usingClockIoctl=true
12-14 00:52:34.122  1973  2018 I EventHub: ignoring event id /dev/input/event3 driver Power Button
12-14 00:52:34.131  1973  2018 D EventHub: No input device configuration file found for device 'Sleep Button'.
12-14 00:52:34.132  1973  2018 W EventHub: Unable to disable kernel key repeat for /dev/input/event1: Function not implemented
12-14 00:52:34.132  1973  2018 I EventHub: New device: id=2, fd=78, path='/dev/input/event1', name='Sleep Button', classes=0x1, configuration='', keyLayout='/system/usr/keylayout/Generic.kl', keyCharacterMap='/system/usr/keychars/Generic.kcm', builtinKeyboard=false, wakeMechanism=EPOLLWAKEUP, usingClockIoctl=true
12-14 00:52:34.132  1973  2018 D EventHub: No input device configuration file found for device 'Lid Switch'.
12-14 00:52:34.132  1973  2018 I EventHub: New device: id=3, fd=79, path='/dev/input/event2', name='Lid Switch', classes=0x80, configuration='', keyLayout='', keyCharacterMap='', builtinKeyboard=false, wakeMechanism=EPOLLWAKEUP, usingClockIoctl=true
12-14 00:52:34.132  1973  2018 I EventHub: ignoring event id /dev/input/event0 driver Power Button
12-14 00:52:34.137  1973  2018 D EventHub: No input device configuration file found for device 'Video Bus'.
12-14 00:52:34.138  1973  2018 W EventHub: Unable to disable kernel key repeat for /dev/input/event6: Function not implemented
12-14 00:52:34.138  1973  2018 I EventHub: New device: id=4, fd=80, path='/dev/input/event6', name='Video Bus', classes=0x1, configuration='', keyLayout='/system/usr/keylayout/Generic.kl', keyCharacterMap='/system/usr/keychars/Generic.kcm', builtinKeyboard=false, wakeMechanism=EPOLLWAKEUP, usingClockIoctl=true
12-14 00:52:34.138  1973  2018 D EventHub: No input device configuration file found for device 'Video Bus'.
12-14 00:52:34.138  1973  2018 W EventHub: Unable to disable kernel key repeat for /dev/input/event5: Function not implemented
12-14 00:52:34.139  1973  2018 I EventHub: New device: id=5, fd=81, path='/dev/input/event5', name='Video Bus', classes=0x1, configuration='', keyLayout='/system/usr/keylayout/Generic.kl', keyCharacterMap='/system/usr/keychars/Generic.kcm', builtinKeyboard=false, wakeMechanism=EPOLLWAKEUP, usingClockIoctl=true
12-14 00:52:34.139  1973  2018 D EventHub: No input device configuration file found for device 'PC Speaker'.
12-14 00:52:34.146  1973  2018 E EventHub: could not get driver version for /dev/input/mouse0, Not a typewriter
12-14 00:52:34.159  1973  1973 I SystemServer: Accessibility Manager
12-14 00:52:34.187  1973  1973 I ActivityManager: Config changes=1df8 {1.0 ?mcc?mnc en_US ?layoutDir sw720dp w1280dp h720dp 240dpi xlrg long land ?uimode ?night -touch -keyb/v/h -nav/h s.2}
12-14 00:52:34.207  1973  2018 I EventHub: New device: id=7, fd=82, path='/dev/input/event13', name='SynPS/2 Synaptics TouchPad', classes=0x14, configuration='/system/usr/idc/SynPS_2_Synaptics_TouchPad.idc', keyLayout='', keyCharacterMap='', builtinKeyboard=false, wakeMechanism=EPOLLWAKEUP, usingClockIoctl=true
12-14 00:52:34.207  1973  2018 D EventHub: No input device configuration file found for device 'AT Translated Set 2 keyboard'.
12-14 00:52:34.208  1973  2018 I EventHub: New device: id=8, fd=83, path='/dev/input/event4', name='AT Translated Set 2 keyboard', classes=0x3, configuration='', keyLayout='/system/usr/keylayout/Generic.kl', keyCharacterMap='/system/usr/keychars/Generic.kcm', builtinKeyboard=false, wakeMechanism=EPOLLWAKEUP, usingClockIoctl=true
12-14 00:52:34.208  1973  2018 E EventHub: could not get driver version for /dev/input/mice, Not a typewriter
12-14 00:52:34.211  1973  1973 I ActivityManager: Config changes=500 {1.0 ?mcc?mnc en_US ?layoutDir sw720dp w1280dp h646dp 240dpi lrg long land ?uimode ?night -touch -keyb/v/h -nav/h s.3}
12-14 00:52:34.212  1973  1973 I SystemServer: Mount Service
12-14 00:52:34.219  1973  1973 D MountService: got storage path: null description: Internal storage primary: true removable: false emulated: true mtpReserve: 100 allowMassStorage: false maxFileSize: 0
12-14 00:52:34.219  1973  1973 D MountService: addVolumeLocked() StorageVolume:
12-14 00:52:34.219  1973  1973 D MountService:     mStorageId=65537 mPath=/storage/emulated/0 mDescriptionId=17040805 
12-14 00:52:34.219  1973  1973 D MountService:     mPrimary=true mRemovable=false mEmulated=true mMtpReserveSpace=100 
12-14 00:52:34.219  1973  1973 D MountService:     mAllowMassStorage=false mMaxFileSize=0 mOwner=UserHandle{0} mUuid=null 
12-14 00:52:34.219  1973  1973 D MountService:     mUserLabel=null mState=null 
12-14 00:52:34.219  1973  1973 D MountService: got storage path: /storage/sdcard1 description: SD card primary: false removable: true emulated: false mtpReserve: 0 allowMassStorage: false maxFileSize: 4294967296
12-14 00:52:34.219  1973  1973 D MountService: addVolumeLocked() StorageVolume:
12-14 00:52:34.219  1973  1973 D MountService:     mStorageId=0 mPath=/storage/sdcard1 mDescriptionId=17040806 mPrimary=false 
12-14 00:52:34.219  1973  1973 D MountService:     mRemovable=true mEmulated=false mMtpReserveSpace=0 mAllowMassStorage=false 
12-14 00:52:34.219  1973  1973 D MountService:     mMaxFileSize=4294967296 mOwner=null mUuid=null mUserLabel=null mState=null 
12-14 00:52:34.219  1973  1973 D MountService: got storage path: /storage/usb0 description: USB storage primary: false removable: true emulated: false mtpReserve: 0 allowMassStorage: false maxFileSize: 4294967296
12-14 00:52:34.219  1973  1973 D MountService: addVolumeLocked() StorageVolume:
12-14 00:52:34.219  1973  1973 D MountService:     mStorageId=0 mPath=/storage/usb0 mDescriptionId=17040807 mPrimary=false 
12-14 00:52:34.219  1973  1973 D MountService:     mRemovable=true mEmulated=false mMtpReserveSpace=0 mAllowMassStorage=false 
12-14 00:52:34.219  1973  1973 D MountService:     mMaxFileSize=4294967296 mOwner=null mUuid=null mUserLabel=null mState=null 
12-14 00:52:34.219  1973  1973 D MountService: got storage path: /storage/usb1 description: USB storage primary: false removable: true emulated: false mtpReserve: 0 allowMassStorage: false maxFileSize: 4294967296
12-14 00:52:34.219  1973  1973 D MountService: addVolumeLocked() StorageVolume:
12-14 00:52:34.219  1973  1973 D MountService:     mStorageId=0 mPath=/storage/usb1 mDescriptionId=17040807 mPrimary=false 
12-14 00:52:34.219  1973  1973 D MountService:     mRemovable=true mEmulated=false mMtpReserveSpace=0 mAllowMassStorage=false 
12-14 00:52:34.219  1973  1973 D MountService:     mMaxFileSize=4294967296 mOwner=null mUuid=null mUserLabel=null mState=null 
12-14 00:52:34.219  1973  1973 D MountService: got storage path: /storage/usb2 description: USB storage primary: false removable: true emulated: false mtpReserve: 0 allowMassStorage: false maxFileSize: 4294967296
12-14 00:52:34.220  1973  1973 D MountService: addVolumeLocked() StorageVolume:
12-14 00:52:34.220  1973  1973 D MountService:     mStorageId=0 mPath=/storage/usb2 mDescriptionId=17040807 mPrimary=false 
12-14 00:52:34.220  1973  1973 D MountService:     mRemovable=true mEmulated=false mMtpReserveSpace=0 mAllowMassStorage=false 
12-14 00:52:34.220  1973  1973 D MountService:     mMaxFileSize=4294967296 mOwner=null mUuid=null mUserLabel=null mState=null 
12-14 00:52:34.220  1973  1973 D MountService: got storage path: /storage/usb3 description: USB storage primary: false removable: true emulated: false mtpReserve: 0 allowMassStorage: false maxFileSize: 4294967296
12-14 00:52:34.220  1973  1973 D MountService: addVolumeLocked() StorageVolume:
12-14 00:52:34.220  1973  1973 D MountService:     mStorageId=0 mPath=/storage/usb3 mDescriptionId=17040807 mPrimary=false 
12-14 00:52:34.220  1973  1973 D MountService:     mRemovable=true mEmulated=false mMtpReserveSpace=0 mAllowMassStorage=false 
12-14 00:52:34.220  1973  1973 D MountService:     mMaxFileSize=4294967296 mOwner=null mUuid=null mUserLabel=null mState=null 
12-14 00:52:34.221  1973  1973 I PackageManager: Running dexopt on: /system/app/Galaxy4/Galaxy4.apk pkg=com.android.galaxy4 isa=x86 vmSafeMode=false
12-14 00:52:34.221  1973  2021 W MountService: Duplicate state transition (unmounted -> unmounted) for /storage/usb0
12-14 00:52:34.221  1973  2021 D MountService: volume state changed for /storage/usb1 (unmounted -> removed)
12-14 00:52:34.221  1973  2021 D MountService: volume state changed for /storage/usb2 (unmounted -> removed)
12-14 00:52:34.221  1973  2021 D MountService: volume state changed for /storage/usb3 (unmounted -> removed)
12-14 00:52:34.225  1973  2018 D EventHub: No input device configuration file found for device 'HDA Intel PCH Front Headphone'.
12-14 00:52:34.225  1973  2018 I EventHub: New device: id=9, fd=88, path='/dev/input/event11', name='HDA Intel PCH Front Headphone', classes=0x80, configuration='', keyLayout='', keyCharacterMap='', builtinKeyboard=false, wakeMechanism=EPOLLWAKEUP, usingClockIoctl=true
12-14 00:52:34.225  1973  2018 D EventHub: No input device configuration file found for device 'HDA Intel PCH Mic'.
12-14 00:52:34.225  1973  2018 I EventHub: New device: id=10, fd=89, path='/dev/input/event10', name='HDA Intel PCH Mic', classes=0x80, configuration='', keyLayout='', keyCharacterMap='', builtinKeyboard=false, wakeMechanism=EPOLLWAKEUP, usingClockIoctl=true
12-14 00:52:34.225  1973  2018 D EventHub: No input device configuration file found for device 'HDA Intel HDMI HDMI/DP,pcm=8'.
12-14 00:52:34.225  1973  2018 I EventHub: New device: id=11, fd=90, path='/dev/input/event9', name='HDA Intel HDMI HDMI/DP,pcm=8', classes=0x80, configuration='', keyLayout='', keyCharacterMap='', builtinKeyboard=false, wakeMechanism=EPOLLWAKEUP, usingClockIoctl=true
12-14 00:52:34.225  1973  2018 D EventHub: No input device configuration file found for device 'HDA Intel HDMI HDMI/DP,pcm=7'.
12-14 00:52:34.225  1973  2018 I EventHub: New device: id=12, fd=91, path='/dev/input/event8', name='HDA Intel HDMI HDMI/DP,pcm=7', classes=0x80, configuration='', keyLayout='', keyCharacterMap='', builtinKeyboard=false, wakeMechanism=EPOLLWAKEUP, usingClockIoctl=true
12-14 00:52:34.225  1973  2018 D EventHub: No input device configuration file found for device 'HDA Intel HDMI HDMI/DP,pcm=3'.
12-14 00:52:34.225  1973  2018 I EventHub: New device: id=13, fd=92, path='/dev/input/event7', name='HDA Intel HDMI HDMI/DP,pcm=3', classes=0x80, configuration='', keyLayout='', keyCharacterMap='', builtinKeyboard=false, wakeMechanism=EPOLLWAKEUP, usingClockIoctl=true
12-14 00:52:34.352  1973  2021 I PackageManager: No secure containers found
12-14 00:52:34.352  1973  2021 W PackageManager: Not granting permission android.permission.MANAGE_DOCUMENTS to package com.google.android.youtube (protectionLevel=2 flags=0x583e45)
12-14 00:52:34.352  1973  2021 W PackageManager: Unknown permission com.android.launcher.permission.READ_SETTINGS in package com.google.android.onetimeinitializer
12-14 00:52:34.352  1973  2021 W PackageManager: Unknown permission com.android.launcher.permission.WRITE_SETTINGS in package com.google.android.onetimeinitializer
12-14 00:52:34.352  1973  2021 W PackageManager: Unknown permission com.google.android.launcher.permission.READ_SETTINGS in package com.google.android.onetimeinitializer
12-14 00:52:34.352  1973  2021 W PackageManager: Unknown permission com.google.android.launcher.permission.WRITE_SETTINGS in package com.google.android.onetimeinitializer
12-14 00:52:34.352  1973  2021 W PackageManager: Not granting permission android.permission.GLOBAL_SEARCH to package com.android.quicksearchbox (protectionLevel=18 flags=0x8be45)
12-14 00:52:34.352  1973  2021 W PackageManager: Not granting permission android.permission.ACCESS_DOWNLOAD_MANAGER to package com.android.browser (protectionLevel=18 flags=0x9be45)
12-14 00:52:34.352  1973  2021 W PackageManager: Not granting permission android.permission.SEND_DOWNLOAD_COMPLETED_INTENTS to package com.android.browser (protectionLevel=2 flags=0x9be45)
12-14 00:52:34.352  1973  2021 W PackageManager: Not granting permission android.permission.SEND_DOWNLOAD_COMPLETED_INTENTS to package com.android.vending (protectionLevel=2 flags=0x400abe45)
12-14 00:52:34.352  1973  2021 W PackageManager: Unknown permission android.permission.SEND_SMS_NO_CONFIRMATION in package com.android.vending
12-14 00:52:34.352  1973  2021 W PackageManager: Unknown permission android.permission.USE_FINGERPRINT in package com.android.vending
12-14 00:52:34.352  1973  2021 W PackageManager: Unknown permission android.permission.GET_PACKAGE_IMPORTANCE in package com.android.vending
12-14 00:52:34.352  1973  2021 W PackageManager: Unknown permission android.permission.GET_ACCOUNTS_PRIVILEGED in package com.android.vending
12-14 00:52:34.352  1973  2021 W PackageManager: Unknown permission android.permission.INSTALL_GRANT_RUNTIME_PERMISSIONS in package com.android.vending
12-14 00:52:34.352  1973  2021 W PackageManager: Unknown permission android.permission.GRANT_RUNTIME_PERMISSIONS in package com.android.vending
12-14 00:52:34.352  1973  2021 W PackageManager: Unknown permission android.permission.REVOKE_RUNTIME_PERMISSIONS in package com.android.vending
12-14 00:52:34.352  1973  2021 W PackageManager: Not granting permission android.permission.BIND_WALLPAPER to package com.android.camera2 (protectionLevel=18 flags=0x58bc45)
12-14 00:52:34.352  1973  2021 W PackageManager: Unknown permission android.permission.INSTALL_DRM in package com.android.mms
12-14 00:52:34.352  1973  2021 W PackageManager: Not granting permission android.permission.BIND_APPWIDGET to package com.android.launcher3 (protectionLevel=18 flags=0x483e45)
12-14 00:52:34.352  1973  2021 W PackageManager: Unknown permission com.android.launcher.permission.READ_SETTINGS in package com.android.launcher3
12-14 00:52:34.352  1973  2021 W PackageManager: Unknown permission com.android.launcher.permission.WRITE_SETTINGS in package com.android.launcher3
12-14 00:52:34.352  1973  2021 W PackageManager: Unknown permission com.google.android.calendar.permission.READ_OOBE in package com.google.android.gm
12-14 00:52:34.352  1973  2021 W PackageManager: Unknown permission com.google.android.voicesearch.AUDIO_FILE_ACCESS in package com.google.android.gm
12-14 00:52:34.352  1973  2021 W PackageManager: Unknown permission com.google.android.email.permission.READ_ATTACHMENT in package com.google.android.gm
12-14 00:52:34.352  1973  2021 W PackageManager: Unknown permission com.google.android.email.permission.ACCESS_PROVIDER in package com.google.android.gm
12-14 00:52:34.352  1973  2021 W PackageManager: Unknown permission android.permission.READ_OWNER_DATA in package com.google.android.setupwizard
12-14 00:52:34.352  1973  2021 W PackageManager: Unknown permission android.permission.WRITE_OWNER_DATA in package com.google.android.setupwizard
12-14 00:52:34.352  1973  2021 W PackageManager: Unknown permission com.google.android.apps.now.OPT_IN_WIZARD in package com.google.android.setupwizard
12-14 00:52:34.352  1973  2021 W PackageManager: Unknown permission com.google.android.gms.permission.CONTACTS_SYNC_DELEGATION in package com.google.android.syncadapters.contacts
12-14 00:52:34.352  1973  2021 W PackageManager: Unknown permission android.permission.OBSERVE_GRANT_REVOKE_PERMISSIONS in package com.google.android.gms
12-14 00:52:34.352  1973  2021 W PackageManager: Unknown permission com.google.android.apps.enterprise.dmagent.permission.AutoSyncPermission in package com.google.android.gms
12-14 00:52:34.352  1973  2021 W PackageManager: Unknown permission com.google.android.googlequicksearchbox.permission.PAUSE_HOTWORD in package com.google.android.gms
12-14 00:52:34.352  1973  2021 W PackageManager: Unknown permission com.google.android.hangouts.START_HANGOUT in package com.google.android.gms
12-14 00:52:34.352  1973  2021 W PackageManager: Unknown permission com.google.android.wearable.READ_SETTINGS in package com.google.android.gms
12-14 00:52:34.352  1973  2021 W PackageManager: Unknown permission android.permission.INTENT_FILTER_VERIFICATION_AGENT in package com.google.android.gms
12-14 00:52:34.352  1973  2021 W PackageManager: Unknown permission android.permission.LOCAL_MAC_ADDRESS in package com.google.android.gms
12-14 00:52:34.352  1973  2021 W PackageManager: Unknown permission android.permission.CHANGE_DEVICE_IDLE_TEMP_WHITELIST in package com.google.android.gms
12-14 00:52:34.352  1973  2021 W PackageManager: Unknown permission android.permission.NOTIFY_PENDING_SYSTEM_UPDATE in package com.google.android.gms
12-14 00:52:34.352  1973  2021 W PackageManager: Unknown permission com.google.android.launcher.permission.RECEIVE_LAUNCH_BROADCASTS in package com.google.android.gms
12-14 00:52:34.352  1973  2021 W PackageManager: Not granting permission android.permission.MANAGE_DOCUMENTS to package com.google.android.gms (protectionLevel=2 flags=0xc0483e45)
12-14 00:52:34.352  1973  2021 W PackageManager: Unknown permission com.android.launcher.permission.PRELOAD_WORKSPACE in package com.google.android.partnersetup
12-14 00:52:34.352  1973  2021 W PackageManager: Not granting permission android.permission.DELETE_PACKAGES to package com.svox.pico (protectionLevel=18 flags=0x8be45)
12-14 00:52:34.352  1973  2021 W PackageManager: Unknown permission com.cyanogenmod.filemanager.permissions.READ_THEME in package com.cyanogenmod.filemanager
12-14 00:52:34.352  1973  2021 W PackageManager: Not granting permission android.permission.CONTROL_KEYGUARD to package com.google.android.gsf.login (protectionLevel=2 flags=0x4048be45)
12-14 00:52:34.352  1973  2021 W PackageManager: Unknown permission com.android.vending.billing.IBillingAccountService.BIND2 in package com.google.android.gsf.login
12-14 00:52:34.352  1973  2021 W PackageManager: Unknown permission com.android.chrome.TOS_ACKED in package com.google.android.gsf.login
12-14 00:52:34.352  1973  2021 W PackageManager: Unknown permission com.android.launcher.permission.READ_SETTINGS in package com.android.settings
12-14 00:52:34.352  1973  2021 W PackageManager: Unknown permission com.android.launcher.permission.WRITE_SETTINGS in package com.android.settings
12-14 00:52:34.352  1973  2021 W PackageManager: Unknown permission com.android.smspush.WAPPUSH_MANAGER_BIND in package com.android.phone
12-14 00:52:34.352  1973  2021 W PackageManager: Not granting permission android.permission.DEVICE_POWER to package com.android.deskclock (protectionLevel=2 flags=0x48be45)
12-14 00:52:34.352  1973  2021 W PackageManager: Unknown permission com.google.android.gallery3d.permission.GALLERY_PROVIDER in package com.android.bluetooth
12-14 00:52:34.360  1973  2018 I InputReader: Device added: id=-1, name='Virtual', sources=0x00000301
12-14 00:52:34.361  1973  2018 I InputReader: Device added: id=13, name='HDA Intel HDMI HDMI/DP,pcm=3', sources=0x80000000
12-14 00:52:34.361  1973  2018 I InputReader: Device added: id=12, name='HDA Intel HDMI HDMI/DP,pcm=7', sources=0x80000000
12-14 00:52:34.361  1973  2018 I InputReader: Device added: id=11, name='HDA Intel HDMI HDMI/DP,pcm=8', sources=0x80000000
12-14 00:52:34.361  1973  2018 I InputReader: Device added: id=10, name='HDA Intel PCH Mic', sources=0x80000000
12-14 00:52:34.361  1973  2018 I InputReader: Device added: id=9, name='HDA Intel PCH Front Headphone', sources=0x80000000
12-14 00:52:34.361  1973  2018 I InputReader: Device added: id=8, name='AT Translated Set 2 keyboard', sources=0x00000101
