12-14 01:16:10.511  3418  3462 W ContextImpl: Failed to ensure directory: /storage/usb3/Android/data/com.google.android.music/files
12-14 01:16:10.512  1688  1696 E Vold    : Failed to find mounted volume for /storage/sdcard1/Android/data/com.google.android.music/files/
12-14 01:16:10.512  3418  3462 W ContextImpl: Failed to ensure directory: /storage/sdcard1/Android/data/com.google.android.music/files
12-14 01:16:10.512  1688  1696 E Vold    : Failed to find mounted volume for /storage/usb1/Android/data/com.google.android.music/files/
12-14 01:16:10.512  3418  3462 W ContextImpl: Failed to ensure directory: /storage/usb1/Android/data/com.google.android.music/files
12-14 01:16:10.512  1688  1696 E Vold    : Failed to find mounted volume for /storage/usb2/Android/data/com.google.android.music/files/
12-14 01:16:10.512  3418  3462 W ContextImpl: Failed to ensure directory: /storage/usb2/Android/data/com.google.android.music/files
12-14 01:16:10.513  1688  1696 E Vold    : Failed to find mounted volume for /storage/usb3/Android/data/com.google.android.music/files/
12-14 01:16:10.513  3418  3462 W ContextImpl: Failed to ensure directory: /storage/usb3/Android/data/com.google.android.music/files
12-14 01:16:10.513  1688  1696 E Vold    : Failed to find mounted volume for /storage/sdcard1/Android/data/com.google.android.music/files/
12-14 01:16:10.513  3418  3462 W ContextImpl: Failed to ensure directory: /storage/sdcard1/Android/data/com.google.android.music/files
12-14 01:16:10.514  1688  1696 E Vold    : Failed to find mounted volume for /storage/usb1/Android/data/com.google.android.music/files/
12-14 01:16:10.515  3418  3477 W ContextImpl: Failed to ensure directory: /storage/usb1/Android/data/com.google.android.music/files
12-14 01:16:10.515  1688  1696 E Vold    : Failed to find mounted volume for /storage/usb2/Android/data/com.google.android.music/files/
12-14 01:16:10.515  3418  3477 W ContextImpl: Failed to ensure directory: /storage/usb2/Android/data/com.google.android.music/files
12-14 01:16:10.515  1688  1696 E Vold    : Failed to find mounted volume for /storage/usb3/Android/data/com.google.android.music/files/
12-14 01:16:10.515  3418  3477 W ContextImpl: Failed to ensure directory: /storage/usb3/Android/data/com.google.android.music/files
12-14 01:16:10.515  1688  1696 E Vold    : Failed to find mounted volume for /storage/sdcard1/Android/data/com.google.android.music/files/
12-14 01:16:10.515  3418  3477 W ContextImpl: Failed to ensure directory: /storage/sdcard1/Android/data/com.google.android.music/files
12-14 01:16:10.517  1688  1696 E Vold    : Failed to find mounted volume for /storage/usb1/Android/data/com.google.android.music/cache/
12-14 01:16:10.517  3418  3477 W ContextImpl: Failed to ensure directory: /storage/usb1/Android/data/com.google.android.music/cache
12-14 01:16:10.517  1688  1696 E Vold    : Failed to find mounted volume for /storage/usb2/Android/data/com.google.android.music/cache/
12-14 01:16:10.517  3418  3477 W ContextImpl: Failed to ensure directory: /storage/usb2/Android/data/com.google.android.music/cache
12-14 01:16:10.517  1688  1696 E Vold    : Failed to find mounted volume for /storage/usb3/Android/data/com.google.android.music/cache/
12-14 01:16:10.517  3418  3477 W ContextImpl: Failed to ensure directory: /storage/usb3/Android/data/com.google.android.music/cache
12-14 01:16:10.517  1688  1696 E Vold    : Failed to find mounted volume for /storage/sdcard1/Android/data/com.google.android.music/cache/
12-14 01:16:10.517  3418  3477 W ContextImpl: Failed to ensure directory: /storage/sdcard1/Android/data/com.google.android.music/cache
12-14 01:16:10.537  2605  4313 W MediaScanner: Error opening directory '/storage/sdcard1/', skipping: Permission denied.
12-14 01:16:13.261  2605  4313 W MediaScanner: Error opening directory '/storage/usb0/.android_secure/', skipping: Permission denied.
12-14 01:16:13.278  2605  4313 W MediaScanner: Error opening directory '/storage/usb1/', skipping: Permission denied.
12-14 01:16:13.278  2605  4313 W MediaScanner: Error opening directory '/storage/usb2/', skipping: Permission denied.
12-14 01:16:13.278  2605  4313 W MediaScanner: Error opening directory '/storage/usb3/', skipping: Permission denied.
12-14 01:16:13.699  2605  4313 V MediaScanner: pruneDeadThumbnailFiles... android.database.sqlite.SQLiteCursor@118f6d4b
12-14 01:16:13.699  2605  4313 V MediaScanner: /pruneDeadThumbnailFiles... android.database.sqlite.SQLiteCursor@118f6d4b
12-14 01:16:13.719  3418  3418 D MusicLifecycle: com.google.android.music.store.MediaStoreImportService$Receiver generated event: Broadcast received with context android.app.ReceiverRestrictedContext@2e763ee7 and intent Intent { act=android.intent.action.MEDIA_SCANNER_FINISHED dat=file:///storage/emulated/0 flg=0x10 cmp=com.google.android.music/.store.MediaStoreImportService$Receiver }
12-14 01:16:13.720  3418  3418 D MusicLifecycle: com.google.android.music.store.MediaStoreImportService generated event: Service created
12-14 01:16:13.750  3418  4316 I MediaStoreImporter: Update: incremental Added music: 0 Updated music: 0 Deleted music: 0 Created playlists: 0 Updated playlists: 0 Deleted playlists: 0 Inserted playlist items: 0 Deleted playlist items: 0 Removed orphaned playlist items: 0
12-14 01:16:13.750  3418  3418 D MusicLifecycle: com.google.android.music.wear.WearBroadcastReceiver generated event: Broadcast received with context android.app.ReceiverRestrictedContext@2e763ee7 and intent Intent { act=com.google.android.music.IMPORT_COMPLETE flg=0x10 cmp=com.google.android.music/.wear.WearBroadcastReceiver }
12-14 01:16:13.751  3418  3418 D MusicLifecycle: com.google.android.music.store.MediaStoreImportService generated event: Service destroyed
12-14 01:16:13.752  2579  2579 D WearableService: callingUid 10007, callindPid: 2579
12-14 01:16:13.752  3418  3418 D MusicLifecycle: com.google.android.music.wear.WearMetadataSyncService generated event: Service created
12-14 01:16:13.752  3418  3418 D MusicLifecycle: com.google.android.music.wear.WearMetadataSyncService generated event: Service started with intent Intent { cmp=com.google.android.music/.wear.WearMetadataSyncService }
12-14 01:16:13.752  3418  3418 E GmsUtils: Failed to connect to Google API client: ConnectionResult{statusCode=API_UNAVAILABLE, resolution=null}
12-14 01:16:13.752  3418  4317 E GmsUtils: Failed to connect to Google API client: ConnectionResult{statusCode=API_UNAVAILABLE, resolution=null}
12-14 01:16:13.753  3418  3418 D MusicLifecycle: com.google.android.music.wear.WearMetadataSyncService generated event: Service destroyed
12-14 01:17:49.052  4359  4359 I houdini : houdini enabled 
12-14 01:18:22.764  4374  4374 I houdini : houdini64 enabled 
12-14 01:21:05.824  1688  1695 D DirectVolume: Volume usb0 /mnt/media_rw/usb0 partition 8:49 removed
12-14 01:21:05.824  1688  1695 D Vold    : Volume usb0 state changing 4 (Mounted) -> 5 (Unmounting)
12-14 01:21:05.825  1973  2000 D MountService: volume state changed for /storage/usb0 (mounted -> unmounted)
12-14 01:21:05.825  1973  2000 D MountService: sendStorageIntent Intent { act=android.intent.action.MEDIA_UNMOUNTED dat=file:///storage/usb0 flg=0x4000000 (has extras) } to UserHandle{-1}
12-14 01:21:05.825  1973  2000 D MountService: volume state changed for /storage/usb0 (unmounted -> bad_removal)
12-14 01:21:05.825  1973  2000 D MountService: sendStorageIntent Intent { act=android.intent.action.MEDIA_BAD_REMOVAL dat=file:///storage/usb0 flg=0x4000000 (has extras) } to UserHandle{-1}
12-14 01:21:05.825  3418  3418 D MusicLifecycle: com.google.android.music.download.cache.CacheLocationManager$1 generated event: Broadcast received with context com.google.android.music.MusicApplication@121be547 and intent Intent { act=android.intent.action.MEDIA_UNMOUNTED dat=file:///storage/usb0 flg=0x4000010 (has extras) }
12-14 01:21:05.825  1973  2000 D MountService: sendStorageIntent Intent { act=android.intent.action.MEDIA_EJECT dat=file:///storage/usb0 flg=0x4000000 (has extras) } to UserHandle{-1}
12-14 01:21:05.826  3418  3418 D MusicLifecycle: com.google.android.music.download.cache.CacheLocationManager$1 generated event: Broadcast received with context com.google.android.music.MusicApplication@121be547 and intent Intent { act=android.intent.action.MEDIA_BAD_REMOVAL dat=file:///storage/usb0 flg=0x4000010 (has extras) }
12-14 01:21:05.826  4210  4210 D ExternalStorage: After updating volumes, found 1 active roots
12-14 01:21:05.826  2605  2605 D MediaProvider: deleting all entries for storage StorageVolume:
12-14 01:21:05.826  2605  2605 D MediaProvider:     mStorageId=196609 mPath=/storage/usb0 mDescriptionId=17040807 
12-14 01:21:05.826  2605  2605 D MediaProvider:     mPrimary=false mRemovable=true mEmulated=false mMtpReserveSpace=0 
12-14 01:21:05.826  2605  2605 D MediaProvider:     mAllowMassStorage=false mMaxFileSize=4294967296 mOwner=null 
12-14 01:21:05.826  2605  2605 D MediaProvider:     mUuid=12E8-1A44 mUserLabel=IR3_CPRA_X6 mState=bad_removal 
12-14 01:21:05.829  1973  1973 I ValidateNoPeople: skipping global notification
12-14 01:21:05.832  2929  3379 W NavigationActivity: Ignoring '/storage/sdcard1' with state of 'unmounted'
12-14 01:21:05.832  2929  3379 W NavigationActivity: Ignoring '/storage/usb0' with state of 'bad_removal'
12-14 01:21:05.832  2929  3379 W NavigationActivity: Ignoring '/storage/usb1' with state of 'removed'
12-14 01:21:05.832  2929  3379 W NavigationActivity: Ignoring '/storage/usb2' with state of 'removed'
12-14 01:21:05.832  2929  3379 W NavigationActivity: Ignoring '/storage/usb3' with state of 'removed'
12-14 01:21:05.838  1688  1696 E Vold    : Failed to find mounted volume for /storage/usb0/Android/data/com.google.android.music/files/
12-14 01:21:05.838  3418  3462 W ContextImpl: Failed to ensure directory: /storage/usb0/Android/data/com.google.android.music/files
12-14 01:21:05.839  1688  1696 E Vold    : Failed to find mounted volume for /storage/usb1/Android/data/com.google.android.music/files/
12-14 01:21:05.839  3418  3462 W ContextImpl: Failed to ensure directory: /storage/usb1/Android/data/com.google.android.music/files
12-14 01:21:05.839  1688  1696 E Vold    : Failed to find mounted volume for /storage/usb2/Android/data/com.google.android.music/files/
12-14 01:21:05.839  3418  3462 W ContextImpl: Failed to ensure directory: /storage/usb2/Android/data/com.google.android.music/files
12-14 01:21:05.839  1688  1696 E Vold    : Failed to find mounted volume for /storage/usb3/Android/data/com.google.android.music/files/
12-14 01:21:05.839  3418  3462 W ContextImpl: Failed to ensure directory: /storage/usb3/Android/data/com.google.android.music/files
12-14 01:21:05.839  1688  1696 E Vold    : Failed to find mounted volume for /storage/sdcard1/Android/data/com.google.android.music/files/
12-14 01:21:05.839  3418  3462 W ContextImpl: Failed to ensure directory: /storage/sdcard1/Android/data/com.google.android.music/files
12-14 01:21:05.842  1688  1696 E Vold    : Failed to find mounted volume for /storage/usb0/Android/data/com.google.android.music/files/
12-14 01:21:05.842  3418  3462 W ContextImpl: Failed to ensure directory: /storage/usb0/Android/data/com.google.android.music/files
12-14 01:21:05.843  1688  1696 E Vold    : Failed to find mounted volume for /storage/usb1/Android/data/com.google.android.music/files/
12-14 01:21:05.843  3418  3462 W ContextImpl: Failed to ensure directory: /storage/usb1/Android/data/com.google.android.music/files
12-14 01:21:05.843  1688  1696 E Vold    : Failed to find mounted volume for /storage/usb2/Android/data/com.google.android.music/files/
12-14 01:21:05.843  3418  3462 W ContextImpl: Failed to ensure directory: /storage/usb2/Android/data/com.google.android.music/files
12-14 01:21:05.843  1688  1696 E Vold    : Failed to find mounted volume for /storage/usb3/Android/data/com.google.android.music/files/
12-14 01:21:05.843  3418  3462 W ContextImpl: Failed to ensure directory: /storage/usb3/Android/data/com.google.android.music/files
12-14 01:21:05.843  1688  1696 E Vold    : Failed to find mounted volume for /storage/sdcard1/Android/data/com.google.android.music/files/
12-14 01:21:05.844  3418  3462 W ContextImpl: Failed to ensure directory: /storage/sdcard1/Android/data/com.google.android.music/files
12-14 01:21:05.845  1688  1696 E Vold    : Failed to find mounted volume for /storage/usb0/Android/data/com.google.android.music/files/
12-14 01:21:05.845  3418  3462 W ContextImpl: Failed to ensure directory: /storage/usb0/Android/data/com.google.android.music/files
12-14 01:21:05.846  1688  1696 E Vold    : Failed to find mounted volume for /storage/usb1/Android/data/com.google.android.music/files/
12-14 01:21:05.846  3418  3462 W ContextImpl: Failed to ensure directory: /storage/usb1/Android/data/com.google.android.music/files
12-14 01:21:05.846  1688  1696 E Vold    : Failed to find mounted volume for /storage/usb2/Android/data/com.google.android.music/files/
12-14 01:21:05.846  3418  3462 W ContextImpl: Failed to ensure directory: /storage/usb2/Android/data/com.google.android.music/files
12-14 01:21:05.846  1688  1696 E Vold    : Failed to find mounted volume for /storage/usb3/Android/data/com.google.android.music/files/
12-14 01:21:05.846  3418  3462 W ContextImpl: Failed to ensure directory: /storage/usb3/Android/data/com.google.android.music/files
12-14 01:21:05.846  1688  1696 E Vold    : Failed to find mounted volume for /storage/sdcard1/Android/data/com.google.android.music/files/
12-14 01:21:05.847  3418  3462 W ContextImpl: Failed to ensure directory: /storage/sdcard1/Android/data/com.google.android.music/files
12-14 01:21:05.849  1688  1696 E Vold    : Failed to find mounted volume for /storage/usb0/Android/data/com.google.android.music/files/
12-14 01:21:05.849  3418  3462 W ContextImpl: Failed to ensure directory: /storage/usb0/Android/data/com.google.android.music/files
12-14 01:21:05.850  1688  1696 E Vold    : Failed to find mounted volume for /storage/usb1/Android/data/com.google.android.music/files/
12-14 01:21:05.850  3418  3462 W ContextImpl: Failed to ensure directory: /storage/usb1/Android/data/com.google.android.music/files
12-14 01:21:05.850  1688  1696 E Vold    : Failed to find mounted volume for /storage/usb2/Android/data/com.google.android.music/files/
12-14 01:21:05.850  3418  3462 W ContextImpl: Failed to ensure directory: /storage/usb2/Android/data/com.google.android.music/files
12-14 01:21:05.850  1688  1696 E Vold    : Failed to find mounted volume for /storage/usb0/Android/data/com.google.android.music/files/
12-14 01:21:05.850  3418  3477 W ContextImpl: Failed to ensure directory: /storage/usb0/Android/data/com.google.android.music/files
12-14 01:21:05.850  1688  1696 E Vold    : Failed to find mounted volume for /storage/usb3/Android/data/com.google.android.music/files/
12-14 01:21:05.850  3418  3462 W ContextImpl: Failed to ensure directory: /storage/usb3/Android/data/com.google.android.music/files
12-14 01:21:05.850  1688  1696 E Vold    : Failed to find mounted volume for /storage/usb1/Android/data/com.google.android.music/files/
12-14 01:21:05.851  3418  3477 W ContextImpl: Failed to ensure directory: /storage/usb1/Android/data/com.google.android.music/files
12-14 01:21:05.851  1688  1696 E Vold    : Failed to find mounted volume for /storage/sdcard1/Android/data/com.google.android.music/files/
12-14 01:21:05.851  3418  3462 W ContextImpl: Failed to ensure directory: /storage/sdcard1/Android/data/com.google.android.music/files
12-14 01:21:05.851  1688  1696 E Vold    : Failed to find mounted volume for /storage/usb2/Android/data/com.google.android.music/files/
12-14 01:21:05.851  3418  3477 W ContextImpl: Failed to ensure directory: /storage/usb2/Android/data/com.google.android.music/files
12-14 01:21:05.851  1688  1696 E Vold    : Failed to find mounted volume for /storage/usb3/Android/data/com.google.android.music/files/
12-14 01:21:05.852  3418  3477 W ContextImpl: Failed to ensure directory: /storage/usb3/Android/data/com.google.android.music/files
12-14 01:21:05.852  1688  1696 E Vold    : Failed to find mounted volume for /storage/sdcard1/Android/data/com.google.android.music/files/
12-14 01:21:05.852  3418  3477 W ContextImpl: Failed to ensure directory: /storage/sdcard1/Android/data/com.google.android.music/files
12-14 01:21:05.854  1688  1696 E Vold    : Failed to find mounted volume for /storage/usb0/Android/data/com.google.android.music/cache/
12-14 01:21:05.854  3418  3477 W ContextImpl: Failed to ensure directory: /storage/usb0/Android/data/com.google.android.music/cache
12-14 01:21:05.854  1688  1696 E Vold    : Failed to find mounted volume for /storage/usb1/Android/data/com.google.android.music/cache/
12-14 01:21:05.854  3418  3477 W ContextImpl: Failed to ensure directory: /storage/usb1/Android/data/com.google.android.music/cache
12-14 01:21:05.854  1688  1696 E Vold    : Failed to find mounted volume for /storage/usb2/Android/data/com.google.android.music/cache/
12-14 01:21:05.855  3418  3477 W ContextImpl: Failed to ensure directory: /storage/usb2/Android/data/com.google.android.music/cache
12-14 01:21:05.855  1688  1696 E Vold    : Failed to find mounted volume for /storage/usb3/Android/data/com.google.android.music/cache/
12-14 01:21:05.855  3418  3477 W ContextImpl: Failed to ensure directory: /storage/usb3/Android/data/com.google.android.music/cache
12-14 01:21:05.855  1688  1696 E Vold    : Failed to find mounted volume for /storage/sdcard1/Android/data/com.google.android.music/cache/
12-14 01:21:05.855  3418  3477 W ContextImpl: Failed to ensure directory: /storage/sdcard1/Android/data/com.google.android.music/cache
12-14 01:21:05.855  1688  1696 E Vold    : Failed to find mounted volume for /storage/usb0/Android/data/com.google.android.music/files/
12-14 01:21:05.855  3418  3462 W ContextImpl: Failed to ensure directory: /storage/usb0/Android/data/com.google.android.music/files
12-14 01:21:05.856  1688  1696 E Vold    : Failed to find mounted volume for /storage/usb1/Android/data/com.google.android.music/files/
12-14 01:21:05.856  3418  3462 W ContextImpl: Failed to ensure directory: /storage/usb1/Android/data/com.google.android.music/files
12-14 01:21:05.856  1688  1696 E Vold    : Failed to find mounted volume for /storage/usb2/Android/data/com.google.android.music/files/
12-14 01:21:05.856  3418  3462 W ContextImpl: Failed to ensure directory: /storage/usb2/Android/data/com.google.android.music/files
12-14 01:21:05.856  1688  1696 E Vold    : Failed to find mounted volume for /storage/usb3/Android/data/com.google.android.music/files/
12-14 01:21:05.856  3418  3462 W ContextImpl: Failed to ensure directory: /storage/usb3/Android/data/com.google.android.music/files
12-14 01:21:05.856  1688  1696 E Vold    : Failed to find mounted volume for /storage/sdcard1/Android/data/com.google.android.music/files/
12-14 01:21:05.856  3418  3462 W ContextImpl: Failed to ensure directory: /storage/sdcard1/Android/data/com.google.android.music/files
12-14 01:21:05.858  1688  1696 E Vold    : Failed to find mounted volume for /storage/usb0/Android/data/com.google.android.music/files/
12-14 01:21:05.858  3418  3462 W ContextImpl: Failed to ensure directory: /storage/usb0/Android/data/com.google.android.music/files
12-14 01:21:05.858  1688  1696 E Vold    : Failed to find mounted volume for /storage/usb1/Android/data/com.google.android.music/files/
12-14 01:21:05.858  3418  3462 W ContextImpl: Failed to ensure directory: /storage/usb1/Android/data/com.google.android.music/files
12-14 01:21:05.858  1688  1696 E Vold    : Failed to find mounted volume for /storage/usb2/Android/data/com.google.android.music/files/
12-14 01:21:05.858  3418  3462 W ContextImpl: Failed to ensure directory: /storage/usb2/Android/data/com.google.android.music/files
12-14 01:21:05.858  1688  1696 E Vold    : Failed to find mounted volume for /storage/usb3/Android/data/com.google.android.music/files/
12-14 01:21:05.859  3418  3462 W ContextImpl: Failed to ensure directory: /storage/usb3/Android/data/com.google.android.music/files
12-14 01:21:05.859  1688  1696 E Vold    : Failed to find mounted volume for /storage/sdcard1/Android/data/com.google.android.music/files/
12-14 01:21:05.859  3418  3462 W ContextImpl: Failed to ensure directory: /storage/sdcard1/Android/data/com.google.android.music/files
12-14 01:21:05.861  1688  1696 E Vold    : Failed to find mounted volume for /storage/usb0/Android/data/com.google.android.music/files/
12-14 01:21:05.861  3418  3477 W ContextImpl: Failed to ensure directory: /storage/usb0/Android/data/com.google.android.music/files
12-14 01:21:05.861  1688  1696 E Vold    : Failed to find mounted volume for /storage/usb1/Android/data/com.google.android.music/files/
12-14 01:21:05.861  3418  3477 W ContextImpl: Failed to ensure directory: /storage/usb1/Android/data/com.google.android.music/files
12-14 01:21:05.861  1688  1696 E Vold    : Failed to find mounted volume for /storage/usb2/Android/data/com.google.android.music/files/
12-14 01:21:05.862  3418  3477 W ContextImpl: Failed to ensure directory: /storage/usb2/Android/data/com.google.android.music/files
12-14 01:21:05.862  1688  1696 E Vold    : Failed to find mounted volume for /storage/usb3/Android/data/com.google.android.music/files/
12-14 01:21:05.862  3418  3477 W ContextImpl: Failed to ensure directory: /storage/usb3/Android/data/com.google.android.music/files
12-14 01:21:05.862  1688  1696 E Vold    : Failed to find mounted volume for /storage/sdcard1/Android/data/com.google.android.music/files/
12-14 01:21:05.862  3418  3477 W ContextImpl: Failed to ensure directory: /storage/sdcard1/Android/data/com.google.android.music/files
12-14 01:21:05.864  1688  1696 E Vold    : Failed to find mounted volume for /storage/usb0/Android/data/com.google.android.music/cache/
12-14 01:21:05.864  3418  3477 W ContextImpl: Failed to ensure directory: /storage/usb0/Android/data/com.google.android.music/cache
12-14 01:21:05.864  1688  1696 E Vold    : Failed to find mounted volume for /storage/usb1/Android/data/com.google.android.music/cache/
12-14 01:21:05.864  3418  3477 W ContextImpl: Failed to ensure directory: /storage/usb1/Android/data/com.google.android.music/cache
12-14 01:21:05.864  1688  1696 E Vold    : Failed to find mounted volume for /storage/usb2/Android/data/com.google.android.music/cache/
12-14 01:21:05.864  3418  3477 W ContextImpl: Failed to ensure directory: /storage/usb2/Android/data/com.google.android.music/cache
12-14 01:21:05.864  1688  1696 E Vold    : Failed to find mounted volume for /storage/usb3/Android/data/com.google.android.music/cache/
12-14 01:21:05.864  3418  3477 W ContextImpl: Failed to ensure directory: /storage/usb3/Android/data/com.google.android.music/cache
12-14 01:21:05.865  1688  1696 E Vold    : Failed to find mounted volume for /storage/sdcard1/Android/data/com.google.android.music/cache/
12-14 01:21:05.865  3418  3477 W ContextImpl: Failed to ensure directory: /storage/sdcard1/Android/data/com.google.android.music/cache
12-14 01:21:06.699  2605  2605 D MediaScannerReceiver: action: android.intent.action.MEDIA_UNMOUNTED path: /storage/usb0
12-14 01:21:06.700  3418  3418 D MusicLifecycle: com.google.android.music.store.MediaStoreImportService$Receiver generated event: Broadcast received with context android.app.ReceiverRestrictedContext@2e763ee7 and intent Intent { act=android.intent.action.MEDIA_SCANNER_STARTED dat=file:///storage/usb0 flg=0x10 cmp=com.google.android.music/.store.MediaStoreImportService$Receiver }
12-14 01:21:06.701  3418  3418 D MusicLifecycle: com.google.android.music.store.MediaStoreImportService generated event: Service created
12-14 01:21:06.701  3418  3418 D MusicLifecycle: com.google.android.music.store.MediaStoreImportService$Receiver generated event: Broadcast received with context android.app.ReceiverRestrictedContext@2e763ee7 and intent Intent { act=android.intent.action.MEDIA_SCANNER_FINISHED dat=file:///storage/usb0 flg=0x10 cmp=com.google.android.music/.store.MediaStoreImportService$Receiver }
12-14 01:21:06.770  3418  4426 I MediaStoreImporter: Update: incremental Added music: 0 Updated music: 0 Deleted music: 0 Created playlists: 0 Updated playlists: 0 Deleted playlists: 0 Inserted playlist items: 0 Deleted playlist items: 0 Removed orphaned playlist items: 0
12-14 01:21:06.771  3418  3418 D MusicLifecycle: com.google.android.music.wear.WearBroadcastReceiver generated event: Broadcast received with context android.app.ReceiverRestrictedContext@2e763ee7 and intent Intent { act=com.google.android.music.IMPORT_COMPLETE flg=0x10 cmp=com.google.android.music/.wear.WearBroadcastReceiver }
12-14 01:21:06.772  3418  3418 D MusicLifecycle: com.google.android.music.store.MediaStoreImportService generated event: Service destroyed
12-14 01:21:06.772  2579  2579 D WearableService: callingUid 10007, callindPid: 2579
12-14 01:21:06.772  3418  3418 D MusicLifecycle: com.google.android.music.wear.WearMetadataSyncService generated event: Service created
12-14 01:21:06.772  3418  3418 D MusicLifecycle: com.google.android.music.wear.WearMetadataSyncService generated event: Service started with intent Intent { cmp=com.google.android.music/.wear.WearMetadataSyncService }
12-14 01:21:06.773  3418  3418 E GmsUtils: Failed to connect to Google API client: ConnectionResult{statusCode=API_UNAVAILABLE, resolution=null}
12-14 01:21:06.773  3418  4427 E GmsUtils: Failed to connect to Google API client: ConnectionResult{statusCode=API_UNAVAILABLE, resolution=null}
12-14 01:21:06.773  3418  3418 D MusicLifecycle: com.google.android.music.wear.WearMetadataSyncService generated event: Service destroyed
12-14 01:21:07.831  1688  1695 I Vold    : /mnt/secure/asec sucessfully unmounted
12-14 01:21:08.168  1688  1695 I Vold    : /storage/usb0 sucessfully unmounted
12-14 01:21:08.189  1688  1695 I Vold    : /mnt/media_rw/usb0 sucessfully unmounted
12-14 01:21:08.189  1688  1695 I Vold    : /mnt/media_rw/usb0 unmounted successfully
12-14 01:21:08.189  1688  1695 D Vold    : Volume usb0 state changing 5 (Unmounting) -> 1 (Idle-Unmounted)
12-14 01:21:08.189  1688  1695 D DirectVolume: Crisis averted
12-14 01:21:08.189  1688  1695 D DirectVolume: Volume usb0 /mnt/media_rw/usb0 disk 8:48 removed
12-14 01:21:08.189  1688  1695 D Vold    : Volume usb0 state changing 1 (Idle-Unmounted) -> 0 (No-Media)
--------- beginning of main
12-14 01:33:08.057     0  1687 I lowmemorykiller: Using in-kernel low memory killer interface
--------- beginning of system
12-14 01:33:08.057     0  1689 I Vold    : Vold 2.1 (the revenge) firing up
12-14 01:33:08.057  1689  1689 E DirectVolume: Vold managed volumes must have auto mount point; ignoring /storage/usb0
12-14 01:33:08.057  1689  1689 D Vold    : Volume usb0 state changing -1 (Initializing) -> 0 (No-Media)
12-14 01:33:08.057  1689  1689 E DirectVolume: Vold managed volumes must have auto mount point; ignoring /storage/usb1
12-14 01:33:08.057  1689  1689 D Vold    : Volume usb1 state changing -1 (Initializing) -> 0 (No-Media)
12-14 01:33:08.057  1689  1689 E DirectVolume: Vold managed volumes must have auto mount point; ignoring /storage/usb2
12-14 01:33:08.057  1689  1689 D Vold    : Volume usb2 state changing -1 (Initializing) -> 0 (No-Media)
12-14 01:33:08.057  1689  1689 E DirectVolume: Vold managed volumes must have auto mount point; ignoring /storage/usb3
12-14 01:33:08.057  1689  1689 D Vold    : Volume usb3 state changing -1 (Initializing) -> 0 (No-Media)
12-14 01:33:08.065  1695  1695 E ProbeModule: insmod_by_dep: cannot load module: [net-pf-16-proto-9]
12-14 01:33:08.066  1690  1690 I SurfaceFlinger: SurfaceFlinger is starting
12-14 01:33:08.066  1690  1690 I SurfaceFlinger: SurfaceFlinger's main thread ready to run. Initializing graphics H/W...
12-14 01:33:08.088  1690  1690 D libEGL  : loaded /system/lib64/egl/libGLES_mesa.so
12-14 01:33:08.145  1690  1690 I GRALLOC-DRM: create intel for driver i915
12-14 01:33:08.205  1690  1690 I EGL-DRI2: DRI2: found extension DRI_Core version 1
12-14 01:33:08.205  1690  1690 I EGL-DRI2: DRI2: found extension DRI_DRI2 version 4
12-14 01:33:08.237  1690  1690 I EGL-DRI2: DRI2: found extension DRI_TexBuffer version 3
12-14 01:33:08.237  1690  1690 I EGL-DRI2: DRI2: found extension DRI2_Flush version 4
12-14 01:33:08.237  1690  1690 I EGL-DRI2: DRI2: found extension DRI_IMAGE version 11
12-14 01:33:08.238  1690  1690 D GRALLOC-KMS: supported drm planes and formats
12-14 01:33:08.238  1690  1690 D GRALLOC-KMS: plane id 21
12-14 01:33:08.238  1690  1690 D GRALLOC-KMS:     format XB24
12-14 01:33:08.238  1690  1690 D GRALLOC-KMS:     format XR24
12-14 01:33:08.238  1690  1690 D GRALLOC-KMS:     format YUYV
12-14 01:33:08.238  1690  1690 D GRALLOC-KMS:     format YVYU
12-14 01:33:08.238  1690  1690 D GRALLOC-KMS:     format UYVY
12-14 01:33:08.238  1690  1690 D GRALLOC-KMS:     format VYUY
12-14 01:33:08.238  1690  1690 D GRALLOC-KMS: plane id 25
12-14 01:33:08.238  1690  1690 D GRALLOC-KMS:     format XB24
12-14 01:33:08.238  1690  1690 D GRALLOC-KMS:     format XR24
12-14 01:33:08.238  1690  1690 D GRALLOC-KMS:     format YUYV
12-14 01:33:08.238  1690  1690 D GRALLOC-KMS:     format YVYU
12-14 01:33:08.238  1690  1690 D GRALLOC-KMS:     format UYVY
12-14 01:33:08.238  1690  1690 D GRALLOC-KMS:     format VYUY
12-14 01:33:08.238  1690  1690 D GRALLOC-KMS: plane id 29
12-14 01:33:08.238  1690  1690 D GRALLOC-KMS:     format XB24
12-14 01:33:08.238  1690  1690 D GRALLOC-KMS:     format XR24
12-14 01:33:08.238  1690  1690 D GRALLOC-KMS:     format YUYV
12-14 01:33:08.238  1690  1690 D GRALLOC-KMS:     format YVYU
12-14 01:33:08.238  1690  1690 D GRALLOC-KMS:     format UYVY
12-14 01:33:08.238  1690  1690 D GRALLOC-KMS:     format VYUY
12-14 01:33:08.240  1690  1690 I GRALLOC-KMS: there are 2 modes on connector 0x21, type 14
12-14 01:33:08.240  1690  1690 I GRALLOC-KMS:   1920x1080
12-14 01:33:08.240  1690  1690 I GRALLOC-KMS:   1920x1080
12-14 01:33:08.240  1690  1690 I GRALLOC-KMS: Established mode:
12-14 01:33:08.240  1690  1690 I GRALLOC-KMS: clock: 140490, hdisplay: 1920, hsync_start: 1972, hsync_end: 2007, htotal: 2094, hskew: 0
12-14 01:33:08.240  1690  1690 I GRALLOC-KMS: vdisplay: 1080, vsync_start: 1083, vsync_end: 1089, vtotal: 1118, vscan: 0, vrefresh: 60
12-14 01:33:08.240  1690  1690 I GRALLOC-KMS: flags: 9, type: 72, name 1920x1080
12-14 01:33:08.240  1690  1690 I GRALLOC-KMS: the best mode is 1920x1080
12-14 01:33:08.242  1690  1690 D GRALLOC-KMS: will use flip for fb posting
12-14 01:33:08.242  1690  1690 I GRALLOC-MOD: mode.hdisplay 1920
12-14 01:33:08.242  1690  1690 I GRALLOC-MOD: mode.vdisplay 1080
12-14 01:33:08.242  1690  1690 I GRALLOC-MOD: mode.vrefresh 60.000000
12-14 01:33:08.242  1690  1690 I GRALLOC-MOD: format 0x5
12-14 01:33:08.242  1690  1690 I GRALLOC-MOD: xdpi 128.000000
12-14 01:33:08.242  1690  1690 I GRALLOC-MOD: ydpi 130.000000
12-14 01:33:08.286  1690  1690 I GRALLOC-MOD: mode.hdisplay 1920
12-14 01:33:08.286  1690  1690 I GRALLOC-MOD: mode.vdisplay 1080
12-14 01:33:08.286  1690  1690 I GRALLOC-MOD: mode.vrefresh 60.000000
12-14 01:33:08.286  1690  1690 I GRALLOC-MOD: format 0x5
12-14 01:33:08.286  1690  1690 I GRALLOC-MOD: xdpi 128.000000
12-14 01:33:08.286  1690  1690 I GRALLOC-MOD: ydpi 130.000000
12-14 01:33:08.286  1690  1690 W hwcomposer: getting VSYNC period from fb HAL: 16666667
12-14 01:33:08.286  1690  1690 D hwcomposer: Intel hwcomposer module
12-14 01:33:08.286  1690  1690 I SurfaceFlinger: Using composer version 1.0
12-14 01:33:08.286  1690  1690 W SurfaceFlinger: no suitable EGLConfig found, trying a simpler query
12-14 01:33:08.286  1690  1690 I SurfaceFlinger: EGL information:
12-14 01:33:08.286  1690  1690 I SurfaceFlinger: vendor    : Android
12-14 01:33:08.286  1690  1690 I SurfaceFlinger: version   : 1.4 Android META-EGL
12-14 01:33:08.286  1690  1690 I SurfaceFlinger: extensions: EGL_KHR_get_all_proc_addresses EGL_ANDROID_presentation_time EGL_KHR_image_base EGL_KHR_gl_texture_2D_image EGL_KHR_gl_texture_cubemap_image EGL_KHR_gl_renderbuffer_image EGL_KHR_fence_sync EGL_KHR_create_context EGL_EXT_create_context_robustness EGL_ANDROID_image_native_buffer EGL_KHR_wait_sync 
12-14 01:33:08.286  1690  1690 I SurfaceFlinger: Client API: OpenGL_ES
12-14 01:33:08.286  1690  1690 I SurfaceFlinger: EGLSurface: 8-8-8-8, config=0x7fdc8517a040
12-14 01:33:08.355  1690  1690 I SurfaceFlinger: OpenGL ES informations:
12-14 01:33:08.355  1690  1690 I SurfaceFlinger: vendor    : Intel Open Source Technology Center
12-14 01:33:08.355  1690  1690 I SurfaceFlinger: renderer  : Mesa DRI Intel(R) Haswell Mobile 
12-14 01:33:08.355  1690  1690 I SurfaceFlinger: version   : OpenGL ES 3.0 Mesa 11.0.2 (git-68868dc)
12-14 01:33:08.355  1690  1690 I SurfaceFlinger: extensions: GL_EXT_blend_minmax GL_EXT_multi_draw_arrays GL_EXT_texture_filter_anisotropic GL_EXT_texture_compression_dxt1 GL_EXT_texture_format_BGRA8888 GL_OES_compressed_ETC1_RGB8_texture GL_OES_depth24 GL_OES_element_index_uint GL_OES_fbo_render_mipmap GL_OES_mapbuffer GL_OES_rgb8_rgba8 GL_OES_standard_derivatives GL_OES_stencil8 GL_OES_texture_3D GL_OES_texture_float GL_OES_texture_float_linear GL_OES_texture_half_float GL_OES_texture_half_float_linear GL_OES_texture_npot GL_OES_EGL_image GL_OES_depth_texture GL_OES_packed_depth_stencil GL_EXT_texture_type_2_10_10_10_REV GL_OES_get_program_binary GL_APPLE_texture_max_level GL_EXT_discard_framebuffer GL_EXT_read_format_bgra GL_NV_fbo_color_attachments GL_OES_EGL_image_external GL_OES_EGL_sync GL_OES_vertex_array_object GL_ANGLE_texture_compression_dxt3 GL_ANGLE_texture_compression_dxt5 GL_EXT_texture_rg GL_EXT_unpack_subimage GL_NV_draw_buffers GL_NV_read_buffer GL_NV_read_depth GL_NV_read_depth_stencil GL_NV_read_stencil GL_EXT_draw_buffers GL_EXT_map_bu
12-14 01:33:08.355  1690  1690 I SurfaceFlinger: GL_MAX_TEXTURE_SIZE = 8192
12-14 01:33:08.355  1690  1690 I SurfaceFlinger: GL_MAX_VIEWPORT_DIMS = 16384
12-14 01:33:08.355  1690  1690 D SurfaceFlinger: Open /dev/tty0 OK
12-14 01:33:08.410  1707  1707 I Netd    : Netd 1.0 starting
12-14 01:33:08.652  1724  1724 I powerbtn: open event3(Power Button) ok
12-14 01:33:08.660  1690  1690 D SurfaceFlinger: Set power mode=2, type=0 flinger=0x7fdc85062000
12-14 01:33:08.675  1724  1724 I powerbtn: open event0(Power Button) ok
12-14 01:33:08.805  1716  1716 I         : debuggerd: Oct  6 2015 23:16:39
12-14 01:33:08.839  1720  1720 I installd: installd firing up
12-14 01:33:09.149  1707  1707 E Netd    : Failed to open /proc/sys/net/ipv6/conf/default/accept_ra_rt_table: No such file or directory
12-14 01:33:09.149  1707  1707 E Netd    : Failed to open /proc/sys/net/ipv6/conf/eth0/accept_ra_rt_table: No such file or directory
12-14 01:33:09.149  1707  1707 E Netd    : Failed to open /proc/sys/net/ipv6/conf/ip6tnl0/accept_ra_rt_table: No such file or directory
12-14 01:33:09.149  1707  1707 E Netd    : Failed to open /proc/sys/net/ipv6/conf/lo/accept_ra_rt_table: No such file or directory
12-14 01:33:09.149  1707  1707 E Netd    : Failed to open /proc/sys/net/ipv6/conf/sit0/accept_ra_rt_table: No such file or directory
12-14 01:33:09.149  1707  1707 E Netd    : Failed to open /proc/sys/net/ipv6/conf/wlan0/accept_ra_rt_table: No such file or directory
12-14 01:33:09.182  1690  1690 D SurfaceFlinger: shader cache generated - 24 shaders in 485.085724 ms
12-14 01:33:09.437  1721  1721 I keystore: SELinux: Keystore SELinux is disabled.
12-14 01:33:09.817  1715  1715 I         : debuggerd: Oct  6 2015 23:16:39
12-14 01:33:10.088  1707  1707 V NatController: runCmd(/system/bin/iptables -F natctrl_FORWARD) res=0
12-14 01:33:10.089  1707  1707 V NatController: runCmd(/system/bin/iptables -A natctrl_FORWARD -j DROP) res=0
12-14 01:33:10.090  1707  1707 V NatController: runCmd(/system/bin/iptables -t nat -F natctrl_nat_POSTROUTING) res=0
12-14 01:33:10.091  1707  1707 V NatController: runCmd(/system/bin/iptables -F natctrl_tether_counters) res=1
12-14 01:33:10.092  1707  1707 V NatController: runCmd(/system/bin/iptables -X natctrl_tether_counters) res=1
12-14 01:33:10.092  1707  1707 V NatController: runCmd(/system/bin/iptables -N natctrl_tether_counters) res=0
12-14 01:33:10.093  1707  1707 V NatController: runCmd(/system/bin/iptables -t mangle -A natctrl_mangle_FORWARD -p tcp --tcp-flags SYN SYN -j TCPMSS --clamp-mss-to-pmtu) res=0
12-14 01:33:10.132  1707  1707 I iptables: iptables: Invalid argument. Run `dmesg' for more information.
12-14 01:33:10.132  1707  1707 I iptables: iptables terminated by exit(1)
12-14 01:33:10.132  1707  1707 E BandwidthController: runIptablesCmd(): res=1 status=256 failed /system/bin/iptables -A bw_INPUT -m owner --socket-exists
12-14 01:33:10.133  1707  1707 I ip6tables: ip6tables: Invalid argument. Run `dmesg' for more information.
12-14 01:33:10.133  1707  1707 I ip6tables: ip6tables terminated by exit(1)
12-14 01:33:10.133  1707  1707 E BandwidthController: runIptablesCmd(): res=1 status=256 failed /system/bin/ip6tables -A bw_INPUT -m owner --socket-exists
12-14 01:33:11.237  1942  1942 E ProbeModule: insmod_by_dep: cannot load module: [net-pf-16-proto-5]
12-14 01:33:11.237  1707  1707 E Netd    : Unable to create netlink socket: Protocol not supported
12-14 01:33:11.237  1707  1707 E Netd    : Unable to open quota2 logging socket
12-14 01:33:11.237  1707  1707 D MDnsDS  : MDnsSdListener::Hander starting up
12-14 01:33:11.237  1707  1944 D MDnsDS  : MDnsSdListener starting to monitor
12-14 01:33:11.237  1707  1944 D MDnsDS  : Going to poll with pollCount 1
12-14 01:33:11.477  1690  1698 I SurfaceFlinger: auto set density to 240
12-14 01:33:11.477  1730  1937 D libEGL  : loaded /system/lib64/egl/libGLES_mesa.so
12-14 01:33:11.488  1730  1937 I GRALLOC-DRM: create intel for driver i915
12-14 01:33:11.488  1730  1937 I EGL-DRI2: DRI2: found extension DRI_Core version 1
12-14 01:33:11.488  1730  1937 I EGL-DRI2: DRI2: found extension DRI_DRI2 version 4
12-14 01:33:11.491  1730  1937 I EGL-DRI2: DRI2: found extension DRI_TexBuffer version 3
12-14 01:33:11.491  1730  1937 I EGL-DRI2: DRI2: found extension DRI2_Flush version 4
12-14 01:33:11.491  1730  1937 I EGL-DRI2: DRI2: found extension DRI_IMAGE version 11
12-14 01:33:11.768  1719  1719 I mediaserver: ServiceManager: 0xf5c356a0
12-14 01:33:11.768  1719  1719 I AudioFlinger: Using default 3000 mSec as standby time.
12-14 01:33:11.768  1719  1719 I ServiceManager: Waiting for service batterystats...
12-14 01:33:12.768  1719  1719 I ServiceManager: Waiting for service batterystats...
12-14 01:33:13.256  1722  1722 D AndroidRuntime: >>>>>> START com.android.internal.os.ZygoteInit uid 0 <<<<<<
12-14 01:33:13.401  1723  1723 D AndroidRuntime: >>>>>> START com.android.internal.os.ZygoteInit uid 0 <<<<<<
12-14 01:33:13.567  1722  1722 D AndroidRuntime: CheckJNI is OFF
12-14 01:33:13.691  1723  1723 D AndroidRuntime: CheckJNI is OFF
12-14 01:33:13.714  1722  1722 I art     : option[0]=-Xzygote
12-14 01:33:13.715  1722  1722 I art     : option[1]=-Xstacktracefile:/data/anr/traces.txt
12-14 01:33:13.715  1722  1722 I art     : option[2]=exit
12-14 01:33:13.715  1722  1722 I art     : option[3]=vfprintf
12-14 01:33:13.715  1722  1722 I art     : option[4]=sensitiveThread
12-14 01:33:13.715  1722  1722 I art     : option[5]=-verbose:gc
12-14 01:33:13.715  1722  1722 I art     : option[6]=-Xms16m
12-14 01:33:13.715  1722  1722 I art     : option[7]=-Xmx512m
12-14 01:33:13.715  1722  1722 I art     : option[8]=-XX:mainThreadStackSize=24K
12-14 01:33:13.715  1722  1722 I art     : option[9]=-XX:HeapGrowthLimit=192m
12-14 01:33:13.715  1722  1722 I art     : option[10]=-XX:HeapMinFree=512k
12-14 01:33:13.715  1722  1722 I art     : option[11]=-XX:HeapMaxFree=8m
12-14 01:33:13.715  1722  1722 I art     : option[12]=-XX:HeapTargetUtilization=0.75
12-14 01:33:13.715  1722  1722 I art     : option[13]=-Xgenregmap
12-14 01:33:13.715  1722  1722 I art     : option[14]=-Xgc:precise
12-14 01:33:13.715  1722  1722 I art     : option[15]=-agentlib:jdwp=transport=dt_android_adb,suspend=n,server=y
12-14 01:33:13.715  1722  1722 I art     : option[16]=-Xlockprofthreshold:500
12-14 01:33:13.715  1722  1722 I art     : option[17]=-Ximage-compiler-option
12-14 01:33:13.715  1722  1722 I art     : option[18]=--runtime-arg
12-14 01:33:13.715  1722  1722 I art     : option[19]=-Ximage-compiler-option
12-14 01:33:13.715  1722  1722 I art     : option[20]=-Xms64m
12-14 01:33:13.715  1722  1722 I art     : option[21]=-Ximage-compiler-option
12-14 01:33:13.715  1722  1722 I art     : option[22]=--runtime-arg
12-14 01:33:13.715  1722  1722 I art     : option[23]=-Ximage-compiler-option
12-14 01:33:13.715  1722  1722 I art     : option[24]=-Xmx64m
12-14 01:33:13.715  1722  1722 I art     : option[25]=-Ximage-compiler-option
12-14 01:33:13.715  1722  1722 I art     : option[26]=--image-classes=/system/etc/preloaded-classes
12-14 01:33:13.715  1722  1722 I art     : option[27]=-Xcompiler-option
12-14 01:33:13.715  1722  1722 I art     : option[28]=--runtime-arg
12-14 01:33:13.715  1722  1722 I art     : option[29]=-Xcompiler-option
12-14 01:33:13.715  1722  1722 I art     : option[30]=-Xms64m
12-14 01:33:13.715  1722  1722 I art     : option[31]=-Xcompiler-option
12-14 01:33:13.715  1722  1722 I art     : option[32]=--runtime-arg
12-14 01:33:13.715  1722  1722 I art     : option[33]=-Xcompiler-option
12-14 01:33:13.715  1722  1722 I art     : option[34]=-Xmx512m
12-14 01:33:13.715  1722  1722 I art     : option[35]=-Duser.language=en
12-14 01:33:13.715  1722  1722 I art     : option[36]=-Duser.region=US
12-14 01:33:13.715  1722  1722 I art     : option[37]=-XX:NativeBridge=libnb.so
12-14 01:33:13.769  1719  1719 I ServiceManager: Waiting for service batterystats...
12-14 01:33:13.823  1723  1723 I art     : option[0]=-Xzygote
12-14 01:33:13.823  1723  1723 I art     : option[1]=-Xstacktracefile:/data/anr/traces.txt
12-14 01:33:13.823  1723  1723 I art     : option[2]=exit
12-14 01:33:13.823  1723  1723 I art     : option[3]=vfprintf
12-14 01:33:13.823  1723  1723 I art     : option[4]=sensitiveThread
12-14 01:33:13.823  1723  1723 I art     : option[5]=-verbose:gc
12-14 01:33:13.823  1723  1723 I art     : option[6]=-Xms16m
12-14 01:33:13.823  1723  1723 I art     : option[7]=-Xmx512m
12-14 01:33:13.823  1723  1723 I art     : option[8]=-XX:mainThreadStackSize=24K
12-14 01:33:13.823  1723  1723 I art     : option[9]=-XX:HeapGrowthLimit=192m
12-14 01:33:13.823  1723  1723 I art     : option[10]=-XX:HeapMinFree=512k
12-14 01:33:13.823  1723  1723 I art     : option[11]=-XX:HeapMaxFree=8m
12-14 01:33:13.823  1723  1723 I art     : option[12]=-XX:HeapTargetUtilization=0.75
12-14 01:33:13.823  1723  1723 I art     : option[13]=-Xgenregmap
12-14 01:33:13.823  1723  1723 I art     : option[14]=-Xgc:precise
12-14 01:33:13.823  1723  1723 I art     : option[15]=-agentlib:jdwp=transport=dt_android_adb,suspend=n,server=y
12-14 01:33:13.823  1723  1723 I art     : option[16]=-Xlockprofthreshold:500
12-14 01:33:13.823  1723  1723 I art     : option[17]=-Ximage-compiler-option
12-14 01:33:13.823  1723  1723 I art     : option[18]=--runtime-arg
12-14 01:33:13.823  1723  1723 I art     : option[19]=-Ximage-compiler-option
12-14 01:33:13.823  1723  1723 I art     : option[20]=-Xms64m
12-14 01:33:13.823  1723  1723 I art     : option[21]=-Ximage-compiler-option
12-14 01:33:13.823  1723  1723 I art     : option[22]=--runtime-arg
12-14 01:33:13.823  1723  1723 I art     : option[23]=-Ximage-compiler-option
12-14 01:33:13.823  1723  1723 I art     : option[24]=-Xmx64m
12-14 01:33:13.823  1723  1723 I art     : option[25]=-Ximage-compiler-option
12-14 01:33:13.823  1723  1723 I art     : option[26]=--image-classes=/system/etc/preloaded-classes
12-14 01:33:13.823  1723  1723 I art     : option[27]=-Xcompiler-option
12-14 01:33:13.823  1723  1723 I art     : option[28]=--runtime-arg
12-14 01:33:13.823  1723  1723 I art     : option[29]=-Xcompiler-option
12-14 01:33:13.823  1723  1723 I art     : option[30]=-Xms64m
12-14 01:33:13.823  1723  1723 I art     : option[31]=-Xcompiler-option
12-14 01:33:13.823  1723  1723 I art     : option[32]=--runtime-arg
12-14 01:33:13.823  1723  1723 I art     : option[33]=-Xcompiler-option
12-14 01:33:13.823  1723  1723 I art     : option[34]=-Xmx512m
12-14 01:33:13.823  1723  1723 I art     : option[35]=-Duser.language=en
12-14 01:33:13.823  1723  1723 I art     : option[36]=-Duser.region=US
12-14 01:33:13.823  1723  1723 I art     : option[37]=-XX:NativeBridge=libnb.so
12-14 01:33:14.769  1719  1719 I ServiceManager: Waiting for service batterystats...
12-14 01:33:15.769  1719  1719 I ServiceManager: Waiting for service batterystats...
12-14 01:33:16.795  1719  1719 I CameraService: CameraService started (pid=1719)
12-14 01:33:16.815  1719  1719 D Camera_Factory: CameraFactory::CameraFactory
12-14 01:33:16.815  1719  1719 D Camera_Factory: CameraFactory::parseConfig: configFile = /etc/camera.cfg
12-14 01:33:16.815  1719  1719 D Camera_Factory: /etc/camera.cfg not found, using camera configuration defaults
12-14 01:33:16.815  1719  1719 I CameraService: Loaded "Camera Module" camera module
12-14 01:33:16.815  1719  1719 D Camera_Factory: CameraFactory::get_number_of_cameras
12-14 01:33:16.815  1719  1719 D Camera_Factory: CameraFactory::getCameraNum: 0
12-14 01:33:16.824  1719  1719 I AudioPolicyService: AudioPolicyService CSTOR in new mode
12-14 01:33:16.829  1719  1719 I AudioPolicyManager: loadAudioPolicyConfig() loaded /system/etc/audio_policy.conf
12-14 01:33:16.839  1719  1719 E audio_hw_primary: Failed to open /system/etc/mixer_paths.xml
12-14 01:33:16.839  1719  1719 I AudioFlinger: loadHwModule() Loaded primary audio interface from Grouper audio HW HAL (audio) handle 1
12-14 01:33:16.839  1719  1719 I AudioFlinger: HAL output buffer size 512 frames, normal sink buffer size 1024 frames
12-14 01:33:16.873  1719  1719 I AudioMixer: found effect "Multichannel Downmix To Stereo" from The Android Open Source Project
12-14 01:33:16.873  1719  1719 E MonoPipe: Failed to fetch local time frequency when constructing a MonoPipe (res = -32).  getNextWriteTimestamp calls will be non-functional
12-14 01:33:19.451  1723  1723 E memtrack: Couldn't load memtrack module (No such file or directory)
12-14 01:33:19.451  1723  1723 E android.os.Debug: failed to load memtrack module: -2
12-14 01:33:19.635  1722  1722 E memtrack: Couldn't load memtrack module (No such file or directory)
12-14 01:33:19.635  1722  1722 E android.os.Debug: failed to load memtrack module: -2
12-14 01:33:19.656  1723  1723 I SamplingProfilerIntegration: Profiling disabled.
12-14 01:33:19.677  1723  1723 D Zygote  : begin preload
12-14 01:33:19.704  1723  1723 I Zygote  : Preloading classes...
12-14 01:33:19.812  1723  1723 I art     : Explicit concurrent mark sweep GC freed 797(36KB) AllocSpace objects, 0(0B) LOS objects, 95% free, 44KB/1068KB, paused 37us total 108.045ms
12-14 01:33:19.859  1722  1722 I SamplingProfilerIntegration: Profiling disabled.
12-14 01:33:19.873  1722  1722 D Zygote  : begin preload
12-14 01:33:19.895  1722  1722 I Zygote  : Preloading classes...
12-14 01:33:19.970  1722  1722 I art     : Explicit concurrent mark sweep GC freed 797(36KB) AllocSpace objects, 0(0B) LOS objects, 95% free, 47KB/1071KB, paused 63us total 74.969ms
12-14 01:33:20.058  1722  1722 I art     : Counter: 1
12-14 01:33:20.088  1723  1723 I art     : Counter: 1
12-14 01:33:20.166  1722  1722 I art     : Explicit concurrent mark sweep GC freed 553(33KB) AllocSpace objects, 0(0B) LOS objects, 93% free, 67KB/1091KB, paused 26us total 1.266ms
12-14 01:33:20.175  1723  1723 I art     : Explicit concurrent mark sweep GC freed 559(34KB) AllocSpace objects, 0(0B) LOS objects, 94% free, 65KB/1089KB, paused 29us total 1.457ms
12-14 01:33:20.361  1722  1722 I art     : Explicit concurrent mark sweep GC freed 645(41KB) AllocSpace objects, 0(0B) LOS objects, 93% free, 75KB/1099KB, paused 19us total 1.402ms
12-14 01:33:20.373  1723  1723 I art     : Explicit concurrent mark sweep GC freed 650(41KB) AllocSpace objects, 0(0B) LOS objects, 93% free, 72KB/1096KB, paused 30us total 1.614ms
12-14 01:33:20.931  1722  1722 I art     : Explicit concurrent mark sweep GC freed 392(23KB) AllocSpace objects, 0(0B) LOS objects, 90% free, 106KB/1130KB, paused 21us total 1.454ms
12-14 01:33:20.931  1723  1723 I art     : Explicit concurrent mark sweep GC freed 381(22KB) AllocSpace objects, 0(0B) LOS objects, 90% free, 102KB/1126KB, paused 40us total 1.777ms
12-14 01:33:21.301  1722  1722 E Minikin : addFont failed to create font /system/fonts/NotoSansGujarati-Regular.ttf
12-14 01:33:21.301  1722  1722 E Minikin : addFont failed to create font /system/fonts/NotoSansGujarati-Bold.ttf
12-14 01:33:21.301  1723  1723 E Minikin : addFont failed to create font /system/fonts/NotoSansGujarati-Regular.ttf
12-14 01:33:21.301  1722  1722 E Minikin : addFont failed to create font /system/fonts/NotoSansGujaratiUI-Regular.ttf
12-14 01:33:21.301  1722  1722 E Minikin : addFont failed to create font /system/fonts/NotoSansGujaratiUI-Bold.ttf
12-14 01:33:21.301  1723  1723 E Minikin : addFont failed to create font /system/fonts/NotoSansGujarati-Bold.ttf
12-14 01:33:21.301  1722  1722 E Minikin : addFont failed to create font /system/fonts/NotoSansGurmukhi-Regular.ttf
12-14 01:33:21.301  1723  1723 E Minikin : addFont failed to create font /system/fonts/NotoSansGujaratiUI-Regular.ttf
12-14 01:33:21.301  1722  1722 E Minikin : addFont failed to create font /system/fonts/NotoSansGurmukhi-Bold.ttf
12-14 01:33:21.301  1723  1723 E Minikin : addFont failed to create font /system/fonts/NotoSansGujaratiUI-Bold.ttf
12-14 01:33:21.301  1722  1722 E Minikin : addFont failed to create font /system/fonts/NotoSansGurmukhiUI-Regular.ttf
12-14 01:33:21.301  1722  1722 E Minikin : addFont failed to create font /system/fonts/NotoSansGurmukhiUI-Bold.ttf
