12-14 01:33:21.301  1723  1723 E Minikin : addFont failed to create font /system/fonts/NotoSansGurmukhi-Regular.ttf
12-14 01:33:21.301  1723  1723 E Minikin : addFont failed to create font /system/fonts/NotoSansGurmukhi-Bold.ttf
12-14 01:33:21.301  1723  1723 E Minikin : addFont failed to create font /system/fonts/NotoSansGurmukhiUI-Regular.ttf
12-14 01:33:21.301  1723  1723 E Minikin : addFont failed to create font /system/fonts/NotoSansGurmukhiUI-Bold.ttf
12-14 01:33:21.356  1722  1722 E Minikin : addFont failed to create font /system/fonts/NotoSansSinhala-Regular.ttf
12-14 01:33:21.356  1723  1723 E Minikin : addFont failed to create font /system/fonts/NotoSansSinhala-Regular.ttf
12-14 01:33:21.356  1722  1722 E Minikin : addFont failed to create font /system/fonts/NotoSansSinhala-Bold.ttf
12-14 01:33:21.356  1723  1723 E Minikin : addFont failed to create font /system/fonts/NotoSansSinhala-Bold.ttf
12-14 01:33:21.363  1722  1722 E Minikin : addFont failed to create font /system/fonts/NotoSansThaana-Regular.ttf
12-14 01:33:21.363  1723  1723 E Minikin : addFont failed to create font /system/fonts/NotoSansThaana-Regular.ttf
12-14 01:33:21.363  1723  1723 E Minikin : addFont failed to create font /system/fonts/NotoSansThaana-Bold.ttf
12-14 01:33:21.363  1722  1722 E Minikin : addFont failed to create font /system/fonts/NotoSansThaana-Bold.ttf
12-14 01:33:21.363  1722  1722 E Minikin : addFont failed to create font /system/fonts/NotoSansCham-Regular.ttf
12-14 01:33:21.363  1723  1723 E Minikin : addFont failed to create font /system/fonts/NotoSansCham-Regular.ttf
12-14 01:33:21.363  1722  1722 E Minikin : addFont failed to create font /system/fonts/NotoSansCham-Bold.ttf
12-14 01:33:21.363  1723  1723 E Minikin : addFont failed to create font /system/fonts/NotoSansCham-Bold.ttf
12-14 01:33:21.363  1722  1722 E Minikin : addFont failed to create font /system/fonts/NotoSansBalinese-Regular.ttf
12-14 01:33:21.363  1723  1723 E Minikin : addFont failed to create font /system/fonts/NotoSansBalinese-Regular.ttf
12-14 01:33:21.363  1722  1722 E Minikin : addFont failed to create font /system/fonts/NotoSansBatak-Regular.ttf
12-14 01:33:21.363  1723  1723 E Minikin : addFont failed to create font /system/fonts/NotoSansBatak-Regular.ttf
12-14 01:33:21.363  1722  1722 E Minikin : addFont failed to create font /system/fonts/NotoSansBuginese-Regular.ttf
12-14 01:33:21.363  1723  1723 E Minikin : addFont failed to create font /system/fonts/NotoSansBuginese-Regular.ttf
12-14 01:33:21.363  1722  1722 E Minikin : addFont failed to create font /system/fonts/NotoSansBuhid-Regular.ttf
12-14 01:33:21.363  1723  1723 E Minikin : addFont failed to create font /system/fonts/NotoSansBuhid-Regular.ttf
12-14 01:33:21.363  1722  1722 E Minikin : addFont failed to create font /system/fonts/NotoSansCanadianAboriginal-Regular.ttf
12-14 01:33:21.363  1723  1723 E Minikin : addFont failed to create font /system/fonts/NotoSansCanadianAboriginal-Regular.ttf
12-14 01:33:21.363  1723  1723 E Minikin : addFont failed to create font /system/fonts/NotoSansCherokee-Regular.ttf
12-14 01:33:21.363  1722  1722 E Minikin : addFont failed to create font /system/fonts/NotoSansCherokee-Regular.ttf
12-14 01:33:21.363  1723  1723 E Minikin : addFont failed to create font /system/fonts/NotoSansCoptic-Regular.ttf
12-14 01:33:21.363  1722  1722 E Minikin : addFont failed to create font /system/fonts/NotoSansCoptic-Regular.ttf
12-14 01:33:21.363  1723  1723 E Minikin : addFont failed to create font /system/fonts/NotoSansGlagolitic-Regular.ttf
12-14 01:33:21.363  1722  1722 E Minikin : addFont failed to create font /system/fonts/NotoSansGlagolitic-Regular.ttf
12-14 01:33:21.363  1723  1723 E Minikin : addFont failed to create font /system/fonts/NotoSansHanunoo-Regular.ttf
12-14 01:33:21.363  1722  1722 E Minikin : addFont failed to create font /system/fonts/NotoSansHanunoo-Regular.ttf
12-14 01:33:21.363  1723  1723 E Minikin : addFont failed to create font /system/fonts/NotoSansJavanese-Regular.ttf
12-14 01:33:21.363  1722  1722 E Minikin : addFont failed to create font /system/fonts/NotoSansJavanese-Regular.ttf
12-14 01:33:21.363  1723  1723 E Minikin : addFont failed to create font /system/fonts/NotoSansKayahLi-Regular.ttf
12-14 01:33:21.363  1722  1722 E Minikin : addFont failed to create font /system/fonts/NotoSansKayahLi-Regular.ttf
12-14 01:33:21.363  1723  1723 E Minikin : addFont failed to create font /system/fonts/NotoSansLepcha-Regular.ttf
12-14 01:33:21.363  1722  1722 E Minikin : addFont failed to create font /system/fonts/NotoSansLepcha-Regular.ttf
12-14 01:33:21.363  1723  1723 E Minikin : addFont failed to create font /system/fonts/NotoSansLimbu-Regular.ttf
12-14 01:33:21.363  1722  1722 E Minikin : addFont failed to create font /system/fonts/NotoSansLimbu-Regular.ttf
12-14 01:33:21.363  1723  1723 E Minikin : addFont failed to create font /system/fonts/NotoSansMeeteiMayek-Regular.ttf
12-14 01:33:21.363  1722  1722 E Minikin : addFont failed to create font /system/fonts/NotoSansMeeteiMayek-Regular.ttf
12-14 01:33:21.363  1723  1723 E Minikin : addFont failed to create font /system/fonts/NotoSansOlChiki-Regular.ttf
12-14 01:33:21.363  1722  1722 E Minikin : addFont failed to create font /system/fonts/NotoSansOlChiki-Regular.ttf
12-14 01:33:21.364  1723  1723 E Minikin : addFont failed to create font /system/fonts/NotoSansRejang-Regular.ttf
12-14 01:33:21.364  1722  1722 E Minikin : addFont failed to create font /system/fonts/NotoSansRejang-Regular.ttf
12-14 01:33:21.364  1723  1723 E Minikin : addFont failed to create font /system/fonts/NotoSansSaurashtra-Regular.ttf
12-14 01:33:21.364  1722  1722 E Minikin : addFont failed to create font /system/fonts/NotoSansSaurashtra-Regular.ttf
12-14 01:33:21.364  1723  1723 E Minikin : addFont failed to create font /system/fonts/NotoSansSundanese-Regular.ttf
12-14 01:33:21.364  1722  1722 E Minikin : addFont failed to create font /system/fonts/NotoSansSundanese-Regular.ttf
12-14 01:33:21.364  1723  1723 E Minikin : addFont failed to create font /system/fonts/NotoSansSylotiNagri-Regular.ttf
12-14 01:33:21.364  1722  1722 E Minikin : addFont failed to create font /system/fonts/NotoSansSylotiNagri-Regular.ttf
12-14 01:33:21.364  1723  1723 E Minikin : addFont failed to create font /system/fonts/NotoSansTagbanwa-Regular.ttf
12-14 01:33:21.364  1722  1722 E Minikin : addFont failed to create font /system/fonts/NotoSansTagbanwa-Regular.ttf
12-14 01:33:21.364  1723  1723 E Minikin : addFont failed to create font /system/fonts/NotoSansTaiTham-Regular.ttf
12-14 01:33:21.364  1722  1722 E Minikin : addFont failed to create font /system/fonts/NotoSansTaiTham-Regular.ttf
12-14 01:33:21.364  1723  1723 E Minikin : addFont failed to create font /system/fonts/NotoSansTaiViet-Regular.ttf
12-14 01:33:21.364  1722  1722 E Minikin : addFont failed to create font /system/fonts/NotoSansTaiViet-Regular.ttf
12-14 01:33:21.364  1723  1723 E Minikin : addFont failed to create font /system/fonts/NotoSansTifinagh-Regular.ttf
12-14 01:33:21.364  1722  1722 E Minikin : addFont failed to create font /system/fonts/NotoSansTifinagh-Regular.ttf
12-14 01:33:21.364  1723  1723 E Minikin : addFont failed to create font /system/fonts/NotoSansYi-Regular.ttf
12-14 01:33:21.364  1722  1722 E Minikin : addFont failed to create font /system/fonts/NotoSansYi-Regular.ttf
12-14 01:33:21.364  1723  1723 E Minikin : addFont failed to create font /system/fonts/Lohit-Odia.ttf
12-14 01:33:21.364  1722  1722 E Minikin : addFont failed to create font /system/fonts/Lohit-Odia.ttf
12-14 01:33:21.364  1723  1723 E Minikin : addFont failed to create font /system/fonts/NotoSansHans-Regular.otf
12-14 01:33:21.364  1722  1722 E Minikin : addFont failed to create font /system/fonts/NotoSansHans-Regular.otf
12-14 01:33:21.364  1723  1723 E Minikin : addFont failed to create font /system/fonts/NotoSansHant-Regular.otf
12-14 01:33:21.364  1722  1722 E Minikin : addFont failed to create font /system/fonts/NotoSansHant-Regular.otf
12-14 01:33:21.364  1723  1723 E Minikin : addFont failed to create font /system/fonts/NotoSansJP-Regular.otf
12-14 01:33:21.364  1722  1722 E Minikin : addFont failed to create font /system/fonts/NotoSansJP-Regular.otf
12-14 01:33:21.364  1723  1723 E Minikin : addFont failed to create font /system/fonts/NotoSansKR-Regular.otf
12-14 01:33:21.364  1722  1722 E Minikin : addFont failed to create font /system/fonts/NotoSansKR-Regular.otf
12-14 01:33:21.435  1722  1722 E Minikin : addFont failed to create font /system/fonts/NotoSansTaiLe-Regular.ttf
12-14 01:33:21.435  1723  1723 E Minikin : addFont failed to create font /system/fonts/NotoSansTaiLe-Regular.ttf
12-14 01:33:21.600  1722  1722 I art     : Explicit concurrent mark sweep GC freed 1798(129KB) AllocSpace objects, 0(0B) LOS objects, 89% free, 117KB/1141KB, paused 19us total 1.289ms
12-14 01:33:21.605  1723  1723 I art     : Explicit concurrent mark sweep GC freed 1798(129KB) AllocSpace objects, 0(0B) LOS objects, 89% free, 114KB/1138KB, paused 38us total 1.643ms
12-14 01:33:21.682  1723  1723 I art     : Explicit concurrent mark sweep GC freed 1933(92KB) AllocSpace objects, 0(0B) LOS objects, 86% free, 154KB/1178KB, paused 25us total 1.704ms
12-14 01:33:21.684  1723  1723 I art     : Explicit concurrent mark sweep GC freed 1977(87KB) AllocSpace objects, 0(0B) LOS objects, 84% free, 189KB/1213KB, paused 24us total 1.308ms
12-14 01:33:21.689  1723  1723 I art     : Explicit concurrent mark sweep GC freed 371(19KB) AllocSpace objects, 0(0B) LOS objects, 82% free, 222KB/1246KB, paused 32us total 1.845ms
12-14 01:33:21.858  1722  1722 I art     : Explicit concurrent mark sweep GC freed 1933(92KB) AllocSpace objects, 0(0B) LOS objects, 86% free, 162KB/1186KB, paused 14us total 1.344ms
12-14 01:33:21.860  1722  1722 I art     : Explicit concurrent mark sweep GC freed 1977(87KB) AllocSpace objects, 0(0B) LOS objects, 83% free, 198KB/1222KB, paused 12us total 1ms
12-14 01:33:21.873  1722  1722 I art     : Explicit concurrent mark sweep GC freed 371(19KB) AllocSpace objects, 0(0B) LOS objects, 81% free, 234KB/1258KB, paused 18us total 1.579ms
12-14 01:33:22.208  1723  1723 I art     : Thread[1,tid=1723,WaitingForJniOnLoad,Thread*=0xf3c25800,peer=0x12c31160,"main"] recursive attempt to load library "/system/lib/libmedia_jni.so"
12-14 01:33:22.213  1723  1723 D MtpDeviceJNI: register_android_mtp_MtpDevice
12-14 01:33:22.213  1723  1723 I art     : Thread[1,tid=1723,WaitingForJniOnLoad,Thread*=0xf3c25800,peer=0x12c31160,"main"] recursive attempt to load library "/system/lib/libmedia_jni.so"
12-14 01:33:22.213  1723  1723 I art     : Thread[1,tid=1723,WaitingForJniOnLoad,Thread*=0xf3c25800,peer=0x12c31160,"main"] recursive attempt to load library "/system/lib/libmedia_jni.so"
12-14 01:33:22.343  1723  1723 I art     : Explicit concurrent mark sweep GC freed 661(37KB) AllocSpace objects, 0(0B) LOS objects, 80% free, 244KB/1268KB, paused 25us total 1.922ms
12-14 01:33:22.584  1723  1723 I art     : Explicit concurrent mark sweep GC freed 578(29KB) AllocSpace objects, 0(0B) LOS objects, 79% free, 264KB/1288KB, paused 26us total 1.876ms
12-14 01:33:22.624  1723  1723 I art     : Explicit concurrent mark sweep GC freed 454(27KB) AllocSpace objects, 0(0B) LOS objects, 77% free, 303KB/1327KB, paused 27us total 1.517ms
12-14 01:33:22.747  1722  1722 I art     : Thread[1,tid=1722,WaitingForJniOnLoad,Thread*=0x7ff03b495000,peer=0x12c31100,"main"] recursive attempt to load library "/system/lib64/libmedia_jni.so"
12-14 01:33:22.747  1722  1722 D MtpDeviceJNI: register_android_mtp_MtpDevice
12-14 01:33:22.747  1722  1722 I art     : Thread[1,tid=1722,WaitingForJniOnLoad,Thread*=0x7ff03b495000,peer=0x12c31100,"main"] recursive attempt to load library "/system/lib64/libmedia_jni.so"
12-14 01:33:22.747  1722  1722 I art     : Thread[1,tid=1722,WaitingForJniOnLoad,Thread*=0x7ff03b495000,peer=0x12c31100,"main"] recursive attempt to load library "/system/lib64/libmedia_jni.so"
12-14 01:33:22.758  1723  1723 I art     : Explicit concurrent mark sweep GC freed 1788(104KB) AllocSpace objects, 0(0B) LOS objects, 69% free, 453KB/1477KB, paused 25us total 1.502ms
12-14 01:33:22.864  1723  1723 E EmojiFactory_jni: Failed to load libemoji.so: dlopen failed: library "libemoji.so" not found
12-14 01:33:22.878  1722  1722 I art     : Explicit concurrent mark sweep GC freed 641(36KB) AllocSpace objects, 0(0B) LOS objects, 80% free, 247KB/1271KB, paused 14us total 1.523ms
12-14 01:33:22.959  1723  1723 I art     : Explicit concurrent mark sweep GC freed 350(45KB) AllocSpace objects, 0(0B) LOS objects, 57% free, 750KB/1774KB, paused 25us total 1.948ms
12-14 01:33:22.995  1723  1723 I art     : Explicit concurrent mark sweep GC freed 438(30KB) AllocSpace objects, 0(0B) LOS objects, 57% free, 768KB/1792KB, paused 25us total 1.551ms
12-14 01:33:23.140  1722  1722 I art     : Explicit concurrent mark sweep GC freed 429(20KB) AllocSpace objects, 0(0B) LOS objects, 78% free, 275KB/1299KB, paused 20us total 1.658ms
12-14 01:33:23.147  1723  1723 I art     : Explicit concurrent mark sweep GC freed 789(49KB) AllocSpace objects, 0(0B) LOS objects, 57% free, 770KB/1794KB, paused 32us total 1.956ms
12-14 01:33:23.254  1722  1722 I art     : Explicit concurrent mark sweep GC freed 543(30KB) AllocSpace objects, 0(0B) LOS objects, 77% free, 302KB/1326KB, paused 15us total 1.496ms
12-14 01:33:23.304  1723  1723 I art     : Explicit concurrent mark sweep GC freed 956(105KB) AllocSpace objects, 0(0B) LOS objects, 55% free, 813KB/1837KB, paused 33us total 2.335ms
12-14 01:33:23.314  1722  1722 I art     : Explicit concurrent mark sweep GC freed 1868(110KB) AllocSpace objects, 0(0B) LOS objects, 68% free, 467KB/1491KB, paused 18us total 1.592ms
12-14 01:33:23.388  1722  1722 E EmojiFactory_jni: Failed to load libemoji.so: dlopen failed: library "libemoji.so" not found
12-14 01:33:23.465  1723  1723 I art     : Explicit concurrent mark sweep GC freed 597(42KB) AllocSpace objects, 0(0B) LOS objects, 55% free, 819KB/1843KB, paused 30us total 1.892ms
12-14 01:33:23.480  1722  1722 I art     : Explicit concurrent mark sweep GC freed 350(45KB) AllocSpace objects, 0(0B) LOS objects, 57% free, 766KB/1790KB, paused 14us total 1.624ms
12-14 01:33:23.515  1722  1722 I art     : Explicit concurrent mark sweep GC freed 438(30KB) AllocSpace objects, 0(0B) LOS objects, 56% free, 784KB/1808KB, paused 14us total 1.363ms
12-14 01:33:23.649  1722  1722 I art     : Explicit concurrent mark sweep GC freed 789(49KB) AllocSpace objects, 0(0B) LOS objects, 56% free, 786KB/1810KB, paused 32us total 2.741ms
12-14 01:33:23.709  1723  1723 I art     : Explicit concurrent mark sweep GC freed 265(20KB) AllocSpace objects, 0(0B) LOS objects, 54% free, 848KB/1872KB, paused 34us total 2.014ms
12-14 01:33:23.757  1722  1722 I art     : Explicit concurrent mark sweep GC freed 956(105KB) AllocSpace objects, 0(0B) LOS objects, 55% free, 830KB/1854KB, paused 13us total 1.596ms
12-14 01:33:23.905  1722  1722 I art     : Explicit concurrent mark sweep GC freed 597(42KB) AllocSpace objects, 0(0B) LOS objects, 55% free, 837KB/1861KB, paused 23us total 1.973ms
12-14 01:33:23.910  1723  1723 I art     : Explicit concurrent mark sweep GC freed 11(528B) AllocSpace objects, 0(0B) LOS objects, 45% free, 1227KB/2MB, paused 28us total 2.083ms
12-14 01:33:23.912  1723  1723 I art     : Explicit concurrent mark sweep GC freed 575(33KB) AllocSpace objects, 0(0B) LOS objects, 45% free, 1243KB/2MB, paused 28us total 1.824ms
12-14 01:33:23.916  1723  1723 I art     : Explicit concurrent mark sweep GC freed 741(45KB) AllocSpace objects, 0(0B) LOS objects, 45% free, 1246KB/2MB, paused 32us total 2.068ms
12-14 01:33:24.064  1722  1722 I art     : Explicit concurrent mark sweep GC freed 265(20KB) AllocSpace objects, 0(0B) LOS objects, 54% free, 865KB/1889KB, paused 32us total 2.261ms
12-14 01:33:24.098  1723  1723 I System  : Loaded time zone names for "" in 153ms (152ms in ICU)
12-14 01:33:24.165  1723  1723 I System  : Loaded time zone names for "en_US" in 67ms (65ms in ICU)
12-14 01:33:24.168  1723  1723 I art     : Explicit concurrent mark sweep GC freed 2345(178KB) AllocSpace objects, 0(0B) LOS objects, 42% free, 1405KB/2MB, paused 44us total 3.554ms
12-14 01:33:24.171  1723  1723 I art     : Explicit concurrent mark sweep GC freed 136(12KB) AllocSpace objects, 0(0B) LOS objects, 41% free, 1470KB/2MB, paused 29us total 1.957ms
12-14 01:33:24.249  1722  1722 I art     : Explicit concurrent mark sweep GC freed 22(896B) AllocSpace objects, 0(0B) LOS objects, 45% free, 1244KB/2MB, paused 36us total 3.284ms
12-14 01:33:24.255  1722  1722 I art     : Explicit concurrent mark sweep GC freed 565(32KB) AllocSpace objects, 0(0B) LOS objects, 44% free, 1261KB/2MB, paused 35us total 3.724ms
12-14 01:33:24.258  1723  1723 I art     : Explicit concurrent mark sweep GC freed 288(24KB) AllocSpace objects, 0(0B) LOS objects, 40% free, 1515KB/2MB, paused 63us total 4.039ms
12-14 01:33:24.259  1722  1722 I art     : Explicit concurrent mark sweep GC freed 734(45KB) AllocSpace objects, 0(0B) LOS objects, 44% free, 1265KB/2MB, paused 24us total 2.669ms
12-14 01:33:24.266  1722  1722 I System  : Loaded time zone names for "" in 7ms (6ms in ICU)
12-14 01:33:24.270  1722  1722 I System  : Loaded time zone names for "en_US" in 4ms (4ms in ICU)
12-14 01:33:24.271  1722  1722 I art     : Explicit concurrent mark sweep GC freed 2359(179KB) AllocSpace objects, 0(0B) LOS objects, 41% free, 1423KB/2MB, paused 14us total 1.668ms
12-14 01:33:24.274  1722  1722 I art     : Explicit concurrent mark sweep GC freed 136(12KB) AllocSpace objects, 0(0B) LOS objects, 40% free, 1488KB/2MB, paused 22us total 1.537ms
12-14 01:33:24.276  1723  1723 I art     : Explicit concurrent mark sweep GC freed 679(47KB) AllocSpace objects, 0(0B) LOS objects, 40% free, 1517KB/2MB, paused 28us total 1.924ms
12-14 01:33:24.277  1723  1723 I Zygote  : ...preloaded 3005 classes in 4573ms.
12-14 01:33:24.277  1723  1723 I art     : VMRuntime.preloadDexCaches starting
12-14 01:33:24.330  1722  1722 I art     : Explicit concurrent mark sweep GC freed 288(24KB) AllocSpace objects, 0(0B) LOS objects, 39% free, 1540KB/2MB, paused 16us total 2.150ms
12-14 01:33:24.335  1722  1722 I art     : Explicit concurrent mark sweep GC freed 679(47KB) AllocSpace objects, 0(0B) LOS objects, 39% free, 1542KB/2MB, paused 25us total 2.341ms
12-14 01:33:24.335  1722  1722 I Zygote  : ...preloaded 3005 classes in 4439ms.
12-14 01:33:24.335  1722  1722 I art     : VMRuntime.preloadDexCaches starting
12-14 01:33:24.367  1723  1723 I art     : VMRuntime.preloadDexCaches strings total=214641 before=38996 after=38996
12-14 01:33:24.367  1723  1723 I art     : VMRuntime.preloadDexCaches types total=18345 before=6389 after=6425
12-14 01:33:24.367  1723  1723 I art     : VMRuntime.preloadDexCaches fields total=85569 before=32261 after=32595
12-14 01:33:24.367  1723  1723 I art     : VMRuntime.preloadDexCaches methods total=151780 before=66835 after=67736
12-14 01:33:24.367  1723  1723 I art     : VMRuntime.preloadDexCaches finished
12-14 01:33:24.367  1723  1723 I art     : Counter: 0
12-14 01:33:24.367  1723  1723 I art     : Counter: 1
12-14 01:33:24.370  1723  1723 I art     : Explicit concurrent mark sweep GC freed 61(15KB) AllocSpace objects, 0(0B) LOS objects, 40% free, 1503KB/2MB, paused 26us total 2.454ms
12-14 01:33:24.390  1722  1722 I art     : VMRuntime.preloadDexCaches strings total=214641 before=38996 after=38996
12-14 01:33:24.390  1722  1722 I art     : VMRuntime.preloadDexCaches types total=18345 before=6389 after=6425
12-14 01:33:24.390  1722  1722 I art     : VMRuntime.preloadDexCaches fields total=85569 before=32261 after=32595
12-14 01:33:24.390  1722  1722 I art     : VMRuntime.preloadDexCaches methods total=151780 before=66835 after=67736
12-14 01:33:24.390  1722  1722 I art     : VMRuntime.preloadDexCaches finished
12-14 01:33:24.390  1722  1722 I art     : Counter: 0
12-14 01:33:24.390  1722  1722 I art     : Counter: 1
12-14 01:33:24.393  1722  1722 I art     : Explicit concurrent mark sweep GC freed 61(15KB) AllocSpace objects, 0(0B) LOS objects, 40% free, 1528KB/2MB, paused 14us total 2.117ms
12-14 01:33:24.428  1966  1966 D idmap   : error: no read access to /vendor/overlay: No such file or directory
12-14 01:33:24.428  1967  1967 D idmap   : error: no read access to /vendor/overlay: No such file or directory
12-14 01:33:24.523  1722  1722 I Zygote  : Preloading resources...
12-14 01:33:24.584  1722  1722 I art     : Explicit concurrent mark sweep GC freed 86(3KB) AllocSpace objects, 0(0B) LOS objects, 40% free, 1577KB/2MB, paused 16us total 2.157ms
12-14 01:33:24.587  1722  1722 I art     : Explicit concurrent mark sweep GC freed 89(4KB) AllocSpace objects, 0(0B) LOS objects, 39% free, 1623KB/2MB, paused 14us total 1.653ms
12-14 01:33:24.591  1722  1722 I art     : Explicit concurrent mark sweep GC freed 115(5KB) AllocSpace objects, 0(0B) LOS objects, 39% free, 1667KB/2MB, paused 16us total 1.980ms
12-14 01:33:24.593  1722  1722 I art     : Explicit concurrent mark sweep GC freed 99(4KB) AllocSpace objects, 0(0B) LOS objects, 39% free, 1712KB/2MB, paused 17us total 1.469ms
12-14 01:33:24.596  1722  1722 I art     : Explicit concurrent mark sweep GC freed 94(4KB) AllocSpace objects, 0(0B) LOS objects, 39% free, 1757KB/2MB, paused 15us total 1.806ms
12-14 01:33:24.599  1722  1722 I art     : Explicit concurrent mark sweep GC freed 102(4KB) AllocSpace objects, 0(0B) LOS objects, 39% free, 1803KB/2MB, paused 16us total 1.972ms
12-14 01:33:24.602  1722  1722 I art     : Explicit concurrent mark sweep GC freed 112(5KB) AllocSpace objects, 0(0B) LOS objects, 39% free, 1848KB/3MB, paused 17us total 1.770ms
12-14 01:33:24.604  1722  1722 I art     : Explicit concurrent mark sweep GC freed 118(5KB) AllocSpace objects, 0(0B) LOS objects, 39% free, 1896KB/3MB, paused 26us total 1.550ms
12-14 01:33:24.607  1722  1722 I art     : Explicit concurrent mark sweep GC freed 108(5KB) AllocSpace objects, 0(0B) LOS objects, 39% free, 1944KB/3MB, paused 16us total 1.532ms
12-14 01:33:24.611  1723  1723 I Zygote  : Preloading resources...
12-14 01:33:24.649  1723  1723 I art     : Explicit concurrent mark sweep GC freed 86(3KB) AllocSpace objects, 0(0B) LOS objects, 39% free, 1551KB/2MB, paused 29us total 2.290ms
12-14 01:33:24.651  1723  1723 I art     : Explicit concurrent mark sweep GC freed 89(4KB) AllocSpace objects, 0(0B) LOS objects, 40% free, 1598KB/2MB, paused 28us total 1.860ms
12-14 01:33:24.654  1723  1723 I art     : Explicit concurrent mark sweep GC freed 122(5KB) AllocSpace objects, 0(0B) LOS objects, 39% free, 1646KB/2MB, paused 27us total 1.708ms
12-14 01:33:24.657  1723  1723 I art     : Explicit concurrent mark sweep GC freed 101(4KB) AllocSpace objects, 0(0B) LOS objects, 39% free, 1691KB/2MB, paused 27us total 1.707ms
12-14 01:33:24.659  1723  1723 I art     : Explicit concurrent mark sweep GC freed 93(4KB) AllocSpace objects, 0(0B) LOS objects, 40% free, 1735KB/2MB, paused 27us total 1.707ms
12-14 01:33:24.662  1723  1723 I art     : Explicit concurrent mark sweep GC freed 103(4KB) AllocSpace objects, 0(0B) LOS objects, 39% free, 1782KB/2MB, paused 28us total 1.776ms
12-14 01:33:24.665  1723  1723 I art     : Explicit concurrent mark sweep GC freed 112(5KB) AllocSpace objects, 0(0B) LOS objects, 39% free, 1827KB/2MB, paused 31us total 2.141ms
12-14 01:33:24.668  1723  1723 I art     : Explicit concurrent mark sweep GC freed 117(5KB) AllocSpace objects, 0(0B) LOS objects, 39% free, 1874KB/3MB, paused 28us total 1.774ms
12-14 01:33:24.670  1723  1723 I art     : Explicit concurrent mark sweep GC freed 108(5KB) AllocSpace objects, 0(0B) LOS objects, 39% free, 1922KB/3MB, paused 28us total 1.712ms
12-14 01:33:24.680  1722  1722 I art     : Explicit concurrent mark sweep GC freed 153(6KB) AllocSpace objects, 0(0B) LOS objects, 40% free, 2020KB/3MB, paused 18us total 2.067ms
12-14 01:33:24.681  1723  1723 I art     : Explicit concurrent mark sweep GC freed 147(6KB) AllocSpace objects, 0(0B) LOS objects, 40% free, 1993KB/3MB, paused 32us total 2.291ms
12-14 01:33:24.684  1722  1722 I art     : Explicit concurrent mark sweep GC freed 138(6KB) AllocSpace objects, 0(0B) LOS objects, 39% free, 2MB/3MB, paused 17us total 2.020ms
12-14 01:33:24.685  1723  1723 I art     : Explicit concurrent mark sweep GC freed 136(5KB) AllocSpace objects, 0(0B) LOS objects, 39% free, 2036KB/3MB, paused 33us total 2.427ms
12-14 01:33:24.698  1722  1722 I art     : Explicit concurrent mark sweep GC freed 84(7KB) AllocSpace objects, 0(0B) LOS objects, 39% free, 2MB/3MB, paused 18us total 2.152ms
12-14 01:33:24.698  1723  1723 I art     : Explicit concurrent mark sweep GC freed 84(7KB) AllocSpace objects, 0(0B) LOS objects, 40% free, 2MB/3MB, paused 31us total 2.444ms
12-14 01:33:24.705  1722  1722 I art     : Explicit concurrent mark sweep GC freed 112(4KB) AllocSpace objects, 0(0B) LOS objects, 40% free, 2MB/3MB, paused 18us total 1.918ms
12-14 01:33:24.705  1723  1723 I art     : Explicit concurrent mark sweep GC freed 112(4KB) AllocSpace objects, 0(0B) LOS objects, 39% free, 2MB/3MB, paused 32us total 2.381ms
12-14 01:33:24.715  1722  1722 I art     : Explicit concurrent mark sweep GC freed 135(5KB) AllocSpace objects, 0(0B) LOS objects, 39% free, 2MB/3MB, paused 18us total 2.172ms
12-14 01:33:24.716  1723  1723 I art     : Explicit concurrent mark sweep GC freed 135(5KB) AllocSpace objects, 0(0B) LOS objects, 40% free, 2MB/3MB, paused 32us total 2.444ms
12-14 01:33:24.718  1722  1722 I art     : Explicit concurrent mark sweep GC freed 62(2752B) AllocSpace objects, 0(0B) LOS objects, 39% free, 2MB/3MB, paused 18us total 1.718ms
12-14 01:33:24.718  1723  1723 I art     : Explicit concurrent mark sweep GC freed 62(2752B) AllocSpace objects, 0(0B) LOS objects, 39% free, 2MB/3MB, paused 30us total 2.111ms
12-14 01:33:24.723  1722  1722 I art     : Explicit concurrent mark sweep GC freed 111(4KB) AllocSpace objects, 0(0B) LOS objects, 40% free, 2MB/4MB, paused 19us total 2.134ms
12-14 01:33:24.723  1723  1723 I art     : Explicit concurrent mark sweep GC freed 111(4KB) AllocSpace objects, 0(0B) LOS objects, 39% free, 2MB/4MB, paused 33us total 2.408ms
12-14 01:33:24.726  1722  1722 I art     : Explicit concurrent mark sweep GC freed 206(9KB) AllocSpace objects, 0(0B) LOS objects, 40% free, 2MB/4MB, paused 18us total 1.951ms
12-14 01:33:24.727  1723  1723 I art     : Explicit concurrent mark sweep GC freed 206(9KB) AllocSpace objects, 0(0B) LOS objects, 40% free, 2MB/4MB, paused 32us total 2.244ms
12-14 01:33:24.730  1722  1722 I art     : Explicit concurrent mark sweep GC freed 370(16KB) AllocSpace objects, 0(0B) LOS objects, 40% free, 2MB/4MB, paused 30us total 2.491ms
12-14 01:33:24.731  1723  1723 I art     : Explicit concurrent mark sweep GC freed 370(16KB) AllocSpace objects, 0(0B) LOS objects, 39% free, 2MB/4MB, paused 31us total 2.528ms
12-14 01:33:24.738  1722  1722 I art     : Explicit concurrent mark sweep GC freed 214(9KB) AllocSpace objects, 0(0B) LOS objects, 39% free, 2MB/4MB, paused 19us total 2.103ms
12-14 01:33:24.738  1723  1723 I art     : Explicit concurrent mark sweep GC freed 214(9KB) AllocSpace objects, 0(0B) LOS objects, 40% free, 2MB/4MB, paused 33us total 2.612ms
12-14 01:33:24.741  1722  1722 I art     : Explicit concurrent mark sweep GC freed 112(6KB) AllocSpace objects, 0(0B) LOS objects, 39% free, 2MB/4MB, paused 19us total 1.789ms
12-14 01:33:24.742  1723  1723 I art     : Explicit concurrent mark sweep GC freed 112(6KB) AllocSpace objects, 0(0B) LOS objects, 40% free, 2MB/4MB, paused 32us total 2.281ms
12-14 01:33:24.745  1722  1722 I art     : Explicit concurrent mark sweep GC freed 113(5KB) AllocSpace objects, 0(0B) LOS objects, 39% free, 2MB/4MB, paused 19us total 1.963ms
12-14 01:33:24.745  1723  1723 I art     : Explicit concurrent mark sweep GC freed 113(5KB) AllocSpace objects, 0(0B) LOS objects, 39% free, 2MB/4MB, paused 34us total 2.189ms
12-14 01:33:24.747  1722  1722 I art     : Explicit concurrent mark sweep GC freed 49(8KB) AllocSpace objects, 0(0B) LOS objects, 40% free, 2MB/4MB, paused 18us total 1.866ms
12-14 01:33:24.749  1723  1723 I art     : Explicit concurrent mark sweep GC freed 49(8KB) AllocSpace objects, 0(0B) LOS objects, 39% free, 2MB/4MB, paused 59us total 3.012ms
12-14 01:33:24.751  1722  1722 I art     : Explicit concurrent mark sweep GC freed 101(4KB) AllocSpace objects, 0(0B) LOS objects, 39% free, 2MB/4MB, paused 32us total 2.681ms
12-14 01:33:24.753  1723  1723 I art     : Explicit concurrent mark sweep GC freed 101(4KB) AllocSpace objects, 0(0B) LOS objects, 39% free, 2MB/4MB, paused 56us total 2.927ms
12-14 01:33:24.755  1722  1722 I art     : Explicit concurrent mark sweep GC freed 105(4KB) AllocSpace objects, 0(0B) LOS objects, 39% free, 2MB/4MB, paused 30us total 2.530ms
12-14 01:33:24.757  1723  1723 I art     : Explicit concurrent mark sweep GC freed 105(4KB) AllocSpace objects, 0(0B) LOS objects, 40% free, 2MB/4MB, paused 58us total 2.961ms
12-14 01:33:24.759  1722  1722 I art     : Explicit concurrent mark sweep GC freed 99(4KB) AllocSpace objects, 0(0B) LOS objects, 40% free, 2MB/4MB, paused 30us total 2.560ms
12-14 01:33:24.761  1723  1723 I art     : Explicit concurrent mark sweep GC freed 99(4KB) AllocSpace objects, 0(0B) LOS objects, 39% free, 2MB/4MB, paused 57us total 2.930ms
12-14 01:33:24.763  1722  1722 I art     : Explicit concurrent mark sweep GC freed 172(7KB) AllocSpace objects, 0(0B) LOS objects, 40% free, 2MB/4MB, paused 33us total 2.673ms
12-14 01:33:24.766  1723  1723 I art     : Explicit concurrent mark sweep GC freed 172(7KB) AllocSpace objects, 0(0B) LOS objects, 39% free, 2MB/4MB, paused 33us total 2.207ms
12-14 01:33:24.812  1722  1722 I art     : Explicit concurrent mark sweep GC freed 417(18KB) AllocSpace objects, 0(0B) LOS objects, 39% free, 3MB/5MB, paused 20us total 1.939ms
12-14 01:33:24.813  1723  1723 I art     : Explicit concurrent mark sweep GC freed 417(18KB) AllocSpace objects, 0(0B) LOS objects, 40% free, 3MB/5MB, paused 38us total 2.423ms
12-14 01:33:24.816  1722  1722 I art     : Explicit concurrent mark sweep GC freed 363(16KB) AllocSpace objects, 0(0B) LOS objects, 39% free, 3MB/5MB, paused 21us total 1.910ms
12-14 01:33:24.818  1723  1723 I art     : Explicit concurrent mark sweep GC freed 363(16KB) AllocSpace objects, 0(0B) LOS objects, 40% free, 3MB/5MB, paused 37us total 2.320ms
12-14 01:33:24.819  1722  1722 I art     : Explicit concurrent mark sweep GC freed 174(8KB) AllocSpace objects, 0(0B) LOS objects, 40% free, 3MB/5MB, paused 20us total 1.935ms
12-14 01:33:24.821  1723  1723 I art     : Explicit concurrent mark sweep GC freed 174(8KB) AllocSpace objects, 0(0B) LOS objects, 39% free, 3MB/5MB, paused 36us total 2.260ms
12-14 01:33:24.822  1722  1722 I art     : Explicit concurrent mark sweep GC freed 515(19KB) AllocSpace objects, 0(0B) LOS objects, 40% free, 3MB/5MB, paused 20us total 1.978ms
12-14 01:33:24.825  1723  1723 I art     : Explicit concurrent mark sweep GC freed 515(19KB) AllocSpace objects, 0(0B) LOS objects, 39% free, 3MB/5MB, paused 36us total 2.244ms
12-14 01:33:24.825  1722  1722 I art     : Explicit concurrent mark sweep GC freed 353(14KB) AllocSpace objects, 0(0B) LOS objects, 39% free, 3MB/5MB, paused 20us total 2ms
12-14 01:33:24.828  1722  1722 I art     : Explicit concurrent mark sweep GC freed 1153(40KB) AllocSpace objects, 0(0B) LOS objects, 39% free, 3MB/5MB, paused 21us total 2.211ms
12-14 01:33:24.828  1723  1723 I art     : Explicit concurrent mark sweep GC freed 353(14KB) AllocSpace objects, 0(0B) LOS objects, 39% free, 3MB/5MB, paused 37us total 2.533ms
12-14 01:33:24.831  1722  1722 I art     : Explicit concurrent mark sweep GC freed 1499(50KB) AllocSpace objects, 0(0B) LOS objects, 39% free, 3MB/5MB, paused 22us total 2.065ms
12-14 01:33:24.832  1723  1723 I art     : Explicit concurrent mark sweep GC freed 1153(40KB) AllocSpace objects, 0(0B) LOS objects, 39% free, 3MB/5MB, paused 48us total 2.974ms
12-14 01:33:24.834  1722  1722 I art     : Explicit concurrent mark sweep GC freed 1381(49KB) AllocSpace objects, 0(0B) LOS objects, 39% free, 3MB/5MB, paused 20us total 2.527ms
12-14 01:33:24.835  1723  1723 I art     : Explicit concurrent mark sweep GC freed 1499(50KB) AllocSpace objects, 0(0B) LOS objects, 39% free, 3MB/5MB, paused 36us total 2.390ms
12-14 01:33:24.838  1723  1723 I art     : Explicit concurrent mark sweep GC freed 1381(49KB) AllocSpace objects, 0(0B) LOS objects, 39% free, 3MB/5MB, paused 34us total 2.158ms
12-14 01:33:24.872  1722  1722 I art     : Explicit concurrent mark sweep GC freed 1453(56KB) AllocSpace objects, 0(0B) LOS objects, 39% free, 3MB/5MB, paused 21us total 2.491ms
12-14 01:33:24.875  1722  1722 I art     : Explicit concurrent mark sweep GC freed 603(27KB) AllocSpace objects, 0(0B) LOS objects, 39% free, 3MB/5MB, paused 20us total 1.941ms
12-14 01:33:24.878  1722  1722 I art     : Explicit concurrent mark sweep GC freed 344(20KB) AllocSpace objects, 0(0B) LOS objects, 39% free, 3MB/6MB, paused 19us total 1.855ms
12-14 01:33:24.883  1722  1722 I art     : Explicit concurrent mark sweep GC freed 384(17KB) AllocSpace objects, 0(0B) LOS objects, 39% free, 3MB/6MB, paused 21us total 1.951ms
12-14 01:33:24.884  1722  1722 I Zygote  : ...preloaded 343 resources in 361ms.
12-14 01:33:24.886  1722  1722 I art     : Explicit concurrent mark sweep GC freed 639(39KB) AllocSpace objects, 0(0B) LOS objects, 39% free, 3MB/6MB, paused 20us total 1.928ms
12-14 01:33:24.887  1722  1722 I Zygote  : ...preloaded 41 resources in 2ms.
12-14 01:33:24.887  1722  1722 I art     : Counter: 0
12-14 01:33:24.888  1722  1722 D libEGL  : loaded /system/lib64/egl/libGLES_mesa.so
12-14 01:33:24.895  1722  1722 I Zygote  : Preloading shared libraries...
12-14 01:33:24.905  1723  1723 I art     : Explicit concurrent mark sweep GC freed 1453(56KB) AllocSpace objects, 0(0B) LOS objects, 39% free, 3MB/5MB, paused 36us total 2.773ms
12-14 01:33:24.908  1723  1723 I art     : Explicit concurrent mark sweep GC freed 603(27KB) AllocSpace objects, 0(0B) LOS objects, 39% free, 3MB/5MB, paused 34us total 2.194ms
12-14 01:33:24.912  1723  1723 I art     : Explicit concurrent mark sweep GC freed 344(20KB) AllocSpace objects, 0(0B) LOS objects, 39% free, 3MB/6MB, paused 35us total 2.288ms
12-14 01:33:24.918  1723  1723 I art     : Explicit concurrent mark sweep GC freed 384(17KB) AllocSpace objects, 0(0B) LOS objects, 39% free, 3MB/6MB, paused 36us total 2.296ms
12-14 01:33:24.919  1723  1723 I Zygote  : ...preloaded 343 resources in 309ms.
12-14 01:33:24.922  1723  1723 I art     : Explicit concurrent mark sweep GC freed 639(39KB) AllocSpace objects, 0(0B) LOS objects, 39% free, 3MB/6MB, paused 35us total 2.285ms
12-14 01:33:24.923  1723  1723 I Zygote  : ...preloaded 41 resources in 3ms.
12-14 01:33:24.923  1723  1723 I art     : Counter: 0
12-14 01:33:24.962  1722  1722 D Zygote  : end preload
12-14 01:33:24.965  1722  1722 I art     : Explicit concurrent mark sweep GC freed 450(20KB) AllocSpace objects, 0(0B) LOS objects, 39% free, 3MB/6MB, paused 21us total 2.422ms
12-14 01:33:24.967  1722  1722 I art     : Explicit concurrent mark sweep GC freed 389(16KB) AllocSpace objects, 0(0B) LOS objects, 39% free, 3MB/6MB, paused 20us total 2.063ms
12-14 01:33:24.969  1722  1722 I art     : Explicit concurrent mark sweep GC freed 5(160B) AllocSpace objects, 0(0B) LOS objects, 39% free, 3MB/6MB, paused 21us total 1.921ms
12-14 01:33:24.988  1722  1722 I Zygote  : System server process 1968 has been created
12-14 01:33:24.989  1722  1722 I Zygote  : Accepting command socket connections
12-14 01:33:25.006  1723  1723 D libEGL  : loaded /system/lib/egl/libGLES_mesa.so
12-14 01:33:25.031  1723  1723 I Zygote  : Preloading shared libraries...
12-14 01:33:25.122  1723  1723 D Zygote  : end preload
12-14 01:33:25.125  1723  1723 I art     : Explicit concurrent mark sweep GC freed 450(20KB) AllocSpace objects, 0(0B) LOS objects, 39% free, 3MB/6MB, paused 36us total 2.763ms
12-14 01:33:25.127  1723  1723 I art     : Explicit concurrent mark sweep GC freed 389(16KB) AllocSpace objects, 0(0B) LOS objects, 39% free, 3MB/6MB, paused 35us total 2.233ms
12-14 01:33:25.130  1723  1723 I art     : Explicit concurrent mark sweep GC freed 5(160B) AllocSpace objects, 0(0B) LOS objects, 39% free, 3MB/6MB, paused 43us total 2.614ms
12-14 01:33:25.130  1723  1723 I Zygote  : Accepting command socket connections
12-14 01:33:25.142  1968  1968 I Zygote  : Process: zygote socket opened, supported ABIS: x86,armeabi-v7a,armeabi
12-14 01:33:25.222  1968  1968 I InstallerConnection: disconnecting...
12-14 01:33:25.409  1968  1968 I SystemServer: Entered the Android system server!
12-14 01:33:25.526  1968  1968 V Fingerprint-JNI: FingerprintManager JNI ready.
12-14 01:33:25.526  1968  1968 D SensorService: nuSensorService starting...
12-14 01:33:25.545  1968  1968 D KbdSensor: open_kbd_sensor: id=poll
12-14 01:33:25.545  1968  1968 D KbdSensor: SensorFd: module=0x7ff039cd4300 dev=0x7ff03b466680
12-14 01:33:25.620  1968  1968 I KbdSensor: Open AT Translated Set 2 keyboard ok, fd=19
12-14 01:33:25.620  1968  1968 D KbdSensor: SensorPollContext: dev=0x7ff03b466680 fd=19
12-14 01:33:25.621  1968  1968 D KbdSensor: poll_activate: dev=0x7ff03b466680 handle=0 enabled=0
12-14 01:33:25.621  1968  1990 D SensorService: new thread SensorEventAckReceiver
12-14 01:33:25.621  1968  1991 D SensorService: nuSensorService thread starting...
12-14 01:33:25.677  1968  1968 I SystemServiceManager: Starting com.android.server.pm.Installer
12-14 01:33:25.725  1968  1968 I Installer: Waiting for installd to be ready.
12-14 01:33:25.726  1968  1968 I InstallerConnection: connecting...
12-14 01:33:25.726  1720  1720 I installd: new connection
12-14 01:33:25.726  1968  1968 I SystemServiceManager: Starting com.android.server.am.ActivityManagerService$Lifecycle
12-14 01:33:25.821  1968  1968 I ActivityManager: Memory class: 192
12-14 01:33:25.958  1968  1968 I IntentFirewall: Read new rules (A:0 B:0 S:0)
12-14 01:33:26.026  1968  1968 D AppOps  : AppOpsService published
12-14 01:33:26.027  1968  1968 I SystemServiceManager: Starting com.android.server.power.PowerManagerService
12-14 01:33:26.074  1968  1968 I libsuspend: Selected early suspend
12-14 01:33:26.074  1968  1968 E libsuspend: Error accessing /sys/power/wait_for_fb_sleep: No such file or directory
12-14 01:33:26.092  1968  1968 I SystemServiceManager: Starting com.android.server.display.DisplayManagerService
12-14 01:33:26.099  1968  1968 I SystemServiceManager: Starting phase 100
12-14 01:33:26.100  1968  1998 I DisplayManagerService: Display device added: DisplayDeviceInfo{"Built-in Screen": uniqueId="local:0", 1920 x 1080, 60.000004 fps, supportedRefreshRates [60.000004], density 240, 128.0 x 130.0 dpi, appVsyncOff 0, presDeadline 17666666, touch INTERNAL, rotation 0, type BUILT_IN, state UNKNOWN, FLAG_DEFAULT_DISPLAY, FLAG_ROTATES_WITH_CONTENT, FLAG_SECURE, FLAG_SUPPORTS_PROTECTED_BUFFERS}
12-14 01:33:26.100  1968  1968 I SystemServer: Package Manager
12-14 01:33:26.202  1968  1968 W SystemConfig: No directory /system/etc/sysconfig, skipping
12-14 01:33:26.311  1968  1968 D SELinuxMMAC: Using policy file /system/etc/security/mac_permissions.xml
12-14 01:33:26.849  1968  1968 D PackageManager: No files in app dir /vendor/overlay
12-14 01:33:27.042  1968  1968 W PackageManager: Failed to parse /system/framework/x86: Missing base APK in /system/framework/x86
12-14 01:33:27.042  1968  1968 W PackageManager: Failed to parse /system/framework/x86_64: Missing base APK in /system/framework/x86_64
12-14 01:33:27.196  1968  1968 W PackageParser: No actions in intent filter at /system/priv-app/Contacts/Contacts.apk Binary XML file line #356
12-14 01:33:27.304  1968  1987 I art     : Background sticky concurrent mark sweep GC freed 25503(2MB) AllocSpace objects, 36(576KB) LOS objects, 42% free, 3MB/6MB, paused 185us total 125.918ms
12-14 01:33:27.418  1968  1968 W PackageParser: No actions in intent filter at /system/priv-app/Dialer/Dialer.apk Binary XML file line #166
12-14 01:33:27.706  1968  1968 W Resources: Converting to boolean: TypedValue{t=0x3/d=0x333f "true" a=2 r=0x7f120a3e}
12-14 01:33:28.996  1968  1968 W PackageParser: No actions in intent filter at /system/priv-app/SetupWizard/SetupWizard.apk Binary XML file line #170
12-14 01:33:28.996  1968  1968 W PackageParser: No actions in intent filter at /system/priv-app/SetupWizard/SetupWizard.apk Binary XML file line #347
12-14 01:33:29.218  1968  1968 W ResourceType: Failure getting entry for 0x7f08026f (t=7 e=623) (error -75)
12-14 01:33:29.266  1968  1968 W PackageParser: Unknown element under <intent-filter>: android at /system/priv-app/Telecom/Telecom.apk Binary XML file line #232
12-14 01:33:29.387  1968  1968 W PackageParser: No actions in intent filter at /system/app/AndroidTerm/AndroidTerm.apk Binary XML file line #149
12-14 01:33:29.461  1968  1968 W PackageParser: No actions in intent filter at /system/app/Bluetooth/Bluetooth.apk Binary XML file line #209
12-14 01:33:29.605  1968  1968 W PackageParser: No actions in intent filter at /system/app/CMFileManager/CMFileManager.apk Binary XML file line #166
12-14 01:33:30.290  1968  1968 W PackageParser: Unknown element under <application>: permission at /system/app/Gallery2/Gallery2.apk Binary XML file line #242
12-14 01:33:30.290  1968  1968 W PackageParser: Unknown element under <application>: permission at /system/app/Gallery2/Gallery2.apk Binary XML file line #245
12-14 01:33:31.777  1968  1968 D PackageManager: No files in app dir /system/vendor/app
12-14 01:33:31.777  1968  1968 D PackageManager: No files in app dir /oem/app
12-14 01:33:32.234  1968  1968 D PackageManager: No files in app dir /data/app-private
12-14 01:33:32.234  1968  1968 W PackageManager: Package com.google.android.gms desires unavailable shared library com.google.android.ble; ignoring!
12-14 01:33:32.234  1968  1968 I PackageManager: Adjusting ABI for : com.google.android.gsf to x86_64
12-14 01:33:32.234  1968  1968 I PackageManager: Adjusting ABI for : com.google.android.syncadapters.contacts to x86_64
12-14 01:33:32.234  1968  1968 I PackageManager: Adjusting ABI for : com.google.android.backuptransport to x86_64
12-14 01:33:32.234  1968  1968 I PackageManager: Adjusting ABI for : com.google.android.gsf.login to x86_64
12-14 01:33:32.234  1968  1968 I PackageManager: Adjusting ABI for : org.zeroxlab.util.tscal to x86_64
12-14 01:33:32.234  1968  1968 I PackageManager: Adjusting ABI for : com.android.providers.settings to x86_64
12-14 01:33:32.234  1968  1968 I PackageManager: Adjusting ABI for : com.android.inputdevices to x86_64
12-14 01:33:32.234  1968  1968 I PackageManager: Adjusting ABI for : com.android.keychain to x86_64
12-14 01:33:32.234  1968  1968 I PackageManager: Adjusting ABI for : com.android.settings to x86_64
12-14 01:33:32.234  1968  1968 I PackageManager: Adjusting ABI for : com.android.server.telecom to x86_64
12-14 01:33:32.234  1968  1968 I PackageManager: Adjusting ABI for : com.android.location.fused to x86_64
12-14 01:33:32.235  1968  1968 I PackageManager: Time to scan packages: 5.771 seconds
12-14 01:33:32.235  1968  1968 W PackageManager: Not granting permission android.permission.MANAGE_DOCUMENTS to package com.google.android.youtube (protectionLevel=2 flags=0x583e45)
12-14 01:33:32.235  1968  1968 W PackageManager: Unknown permission com.android.launcher.permission.READ_SETTINGS in package com.google.android.onetimeinitializer
12-14 01:33:32.235  1968  1968 W PackageManager: Unknown permission com.android.launcher.permission.WRITE_SETTINGS in package com.google.android.onetimeinitializer
12-14 01:33:32.235  1968  1968 W PackageManager: Unknown permission com.google.android.launcher.permission.READ_SETTINGS in package com.google.android.onetimeinitializer
12-14 01:33:32.235  1968  1968 W PackageManager: Unknown permission com.google.android.launcher.permission.WRITE_SETTINGS in package com.google.android.onetimeinitializer
12-14 01:33:32.235  1968  1968 W PackageManager: Not granting permission android.permission.GLOBAL_SEARCH to package com.android.quicksearchbox (protectionLevel=18 flags=0x8be45)
12-14 01:33:32.235  1968  1968 W PackageManager: Not granting permission android.permission.ACCESS_DOWNLOAD_MANAGER to package com.android.browser (protectionLevel=18 flags=0x9be45)
12-14 01:33:32.235  1968  1968 W PackageManager: Not granting permission android.permission.SEND_DOWNLOAD_COMPLETED_INTENTS to package com.android.browser (protectionLevel=2 flags=0x9be45)
12-14 01:33:32.235  1968  1968 W PackageManager: Not granting permission android.permission.SEND_DOWNLOAD_COMPLETED_INTENTS to package com.android.vending (protectionLevel=2 flags=0x400abe45)
12-14 01:33:32.235  1968  1968 W PackageManager: Unknown permission android.permission.SEND_SMS_NO_CONFIRMATION in package com.android.vending
12-14 01:33:32.235  1968  1968 W PackageManager: Unknown permission android.permission.USE_FINGERPRINT in package com.android.vending
12-14 01:33:32.235  1968  1968 W PackageManager: Unknown permission android.permission.GET_PACKAGE_IMPORTANCE in package com.android.vending
12-14 01:33:32.235  1968  1968 W PackageManager: Unknown permission android.permission.GET_ACCOUNTS_PRIVILEGED in package com.android.vending
12-14 01:33:32.235  1968  1968 W PackageManager: Unknown permission android.permission.INSTALL_GRANT_RUNTIME_PERMISSIONS in package com.android.vending
12-14 01:33:32.235  1968  1968 W PackageManager: Unknown permission android.permission.GRANT_RUNTIME_PERMISSIONS in package com.android.vending
12-14 01:33:32.235  1968  1968 W PackageManager: Unknown permission android.permission.REVOKE_RUNTIME_PERMISSIONS in package com.android.vending
12-14 01:33:32.235  1968  1968 W PackageManager: Not granting permission android.permission.BIND_WALLPAPER to package com.android.camera2 (protectionLevel=18 flags=0x58bc45)
12-14 01:33:32.235  1968  1968 W PackageManager: Unknown permission android.permission.INSTALL_DRM in package com.android.mms
12-14 01:33:32.235  1968  1968 W PackageManager: Not granting permission android.permission.BIND_APPWIDGET to package com.android.launcher3 (protectionLevel=18 flags=0x483e45)
12-14 01:33:32.235  1968  1968 W PackageManager: Unknown permission com.android.launcher.permission.READ_SETTINGS in package com.android.launcher3
12-14 01:33:32.235  1968  1968 W PackageManager: Unknown permission com.android.launcher.permission.WRITE_SETTINGS in package com.android.launcher3
12-14 01:33:32.235  1968  1968 W PackageManager: Unknown permission com.google.android.calendar.permission.READ_OOBE in package com.google.android.gm
12-14 01:33:32.235  1968  1968 W PackageManager: Unknown permission com.google.android.voicesearch.AUDIO_FILE_ACCESS in package com.google.android.gm
12-14 01:33:32.235  1968  1968 W PackageManager: Unknown permission com.google.android.email.permission.READ_ATTACHMENT in package com.google.android.gm
12-14 01:33:32.235  1968  1968 W PackageManager: Unknown permission com.google.android.email.permission.ACCESS_PROVIDER in package com.google.android.gm
12-14 01:33:32.235  1968  1968 W PackageManager: Unknown permission android.permission.READ_OWNER_DATA in package com.google.android.setupwizard
12-14 01:33:32.235  1968  1968 W PackageManager: Unknown permission android.permission.WRITE_OWNER_DATA in package com.google.android.setupwizard
12-14 01:33:32.235  1968  1968 W PackageManager: Unknown permission com.google.android.apps.now.OPT_IN_WIZARD in package com.google.android.setupwizard
12-14 01:33:32.235  1968  1968 W PackageManager: Unknown permission com.google.android.gms.permission.CONTACTS_SYNC_DELEGATION in package com.google.android.syncadapters.contacts
12-14 01:33:32.235  1968  1968 W PackageManager: Unknown permission com.chrome.permission.DEVICE_EXTRAS in package com.android.chrome
12-14 01:33:32.235  1968  1968 W PackageManager: Unknown permission com.sec.enterprise.knox.MDM_CONTENT_PROVIDER in package com.android.chrome
12-14 01:33:32.235  1968  1968 W PackageManager: Unknown permission android.permission.OBSERVE_GRANT_REVOKE_PERMISSIONS in package com.google.android.gms
12-14 01:33:32.235  1968  1968 W PackageManager: Unknown permission com.google.android.apps.enterprise.dmagent.permission.AutoSyncPermission in package com.google.android.gms
12-14 01:33:32.235  1968  1968 W PackageManager: Unknown permission com.google.android.googlequicksearchbox.permission.PAUSE_HOTWORD in package com.google.android.gms
12-14 01:33:32.235  1968  1968 W PackageManager: Unknown permission com.google.android.hangouts.START_HANGOUT in package com.google.android.gms
12-14 01:33:32.235  1968  1968 W PackageManager: Unknown permission com.google.android.wearable.READ_SETTINGS in package com.google.android.gms
12-14 01:33:32.235  1968  1968 W PackageManager: Unknown permission android.permission.INTENT_FILTER_VERIFICATION_AGENT in package com.google.android.gms
12-14 01:33:32.235  1968  1968 W PackageManager: Unknown permission android.permission.LOCAL_MAC_ADDRESS in package com.google.android.gms
12-14 01:33:32.235  1968  1968 W PackageManager: Unknown permission android.permission.CHANGE_DEVICE_IDLE_TEMP_WHITELIST in package com.google.android.gms
12-14 01:33:32.235  1968  1968 W PackageManager: Unknown permission android.permission.NOTIFY_PENDING_SYSTEM_UPDATE in package com.google.android.gms
12-14 01:33:32.235  1968  1968 W PackageManager: Unknown permission com.google.android.launcher.permission.RECEIVE_LAUNCH_BROADCASTS in package com.google.android.gms
12-14 01:33:32.235  1968  1968 W PackageManager: Not granting permission android.permission.MANAGE_DOCUMENTS to package com.google.android.gms (protectionLevel=2 flags=0xc0483e45)
