12-14 00:52:51.062  1973  2425 I ActivityManager: Start proc 2953:com.android.vending/u0a14 for broadcast com.android.vending/com.google.android.finsky.receivers.BootCompletedReceiver
12-14 00:52:51.064  2892  2952 D ConnectivityManager: getMobileDataEnabled()+ subId=-1
12-14 00:52:51.064  2278  2298 D PhoneInterfaceManager: [PhoneIntfMgr] getDataEnabled: subId=-1 phoneId=-1
12-14 00:52:51.064  2278  2298 E PhoneInterfaceManager: [PhoneIntfMgr] getDataEnabled: no phone subId=-1 retVal=false
12-14 00:52:51.064  2892  2952 D ConnectivityManager: getMobileDataEnabled()- subId=-1 retVal=false
12-14 00:52:51.065  2278  2299 D MmsSmsDatabaseHelper: [MmsSmsDb] tableName: threads hasAutoIncrement: CREATE TABLE threads (_id INTEGER PRIMARY KEY AUTOINCREMENT,date INTEGER DEFAULT 0,message_count INTEGER DEFAULT 0,recipient_ids TEXT,snippet TEXT,snippet_cs INTEGER DEFAULT 0,read INTEGER DEFAULT 1,archived INTEGER DEFAULT 0,type INTEGER DEFAULT 0,error INTEGER DEFAULT 0,has_attachment INTEGER DEFAULT 0) result: true
12-14 00:52:51.066  2278  2299 D MmsSmsDatabaseHelper: [MmsSmsDb] tableName: canonical_addresses hasAutoIncrement: CREATE TABLE canonical_addresses (_id INTEGER PRIMARY KEY AUTOINCREMENT,address TEXT) result: true
12-14 00:52:51.066  2278  2299 D MmsSmsDatabaseHelper: [MmsSmsDb] tableName: part hasAutoIncrement: CREATE TABLE part (_id INTEGER PRIMARY KEY AUTOINCREMENT,mid INTEGER,seq INTEGER DEFAULT 0,ct TEXT,name TEXT,chset INTEGER,cd TEXT,fn TEXT,cid TEXT,cl TEXT,ctt_s INTEGER,ctt_t TEXT,_data TEXT,text TEXT) result: true
12-14 00:52:51.066  2278  2299 D MmsSmsDatabaseHelper: [MmsSmsDb] tableName: pdu hasAutoIncrement: CREATE TABLE pdu (_id INTEGER PRIMARY KEY AUTOINCREMENT,thread_id INTEGER,date INTEGER,date_sent INTEGER DEFAULT 0,msg_box INTEGER,read INTEGER DEFAULT 0,m_id TEXT,sub TEXT,sub_cs INTEGER,ct_t TEXT,ct_l TEXT,exp INTEGER,m_cls TEXT,m_type INTEGER,v INTEGER,m_size INTEGER,pri INTEGER,rr INTEGER,rpt_a INTEGER,resp_st INTEGER,st INTEGER,tr_id TEXT,retr_st INTEGER,retr_txt TEXT,retr_txt_cs INTEGER,read_status INTEGER,ct_cls INTEGER,resp_txt TEXT,d_tm INTEGER,d_rpt INTEGER,locked INTEGER DEFAULT 0,sub_id INTEGER DEFAULT -1, seen INTEGER DEFAULT 0,creator TEXT,text_only INTEGER DEFAULT 0) result: true
12-14 00:52:51.066  2278  2299 D MmsSmsDatabaseHelper: [getWritableDatabase] hasAutoIncrementThreads: true hasAutoIncrementAddresses: true hasAutoIncrementPart: true hasAutoIncrementPdu: true
12-14 00:52:51.067  2953  2953 I ActivityThread: Switching default density from 160 to 240
12-14 00:52:51.069  2892  2967 D Mms     : cancelNotification
12-14 00:52:51.818  1973  2017 I InputDispatcher: Dropping event because there is no touchable window at (1078, 349).
12-14 00:52:51.830  1973  2017 I InputDispatcher: Dropping event because there is no touchable window at (1078, 347).
12-14 00:52:51.842  1973  2017 I InputDispatcher: Dropping event because there is no touchable window at (1076, 348).
12-14 00:52:51.856  1973  2017 I InputDispatcher: Dropping event because there is no touchable window at (1075, 347).
12-14 00:52:51.868  1973  2017 I InputDispatcher: Dropping event because there is no touchable window at (1073, 349).
12-14 00:52:51.880  1973  2017 I InputDispatcher: Dropping event because there is no touchable window at (1070, 349).
12-14 00:52:51.892  1973  2017 I InputDispatcher: Dropping event because there is no touchable window at (1065, 350).
12-14 00:52:51.904  1973  2017 I InputDispatcher: Dropping event because there is no touchable window at (1057, 354).
12-14 00:52:51.916  1973  2017 I InputDispatcher: Dropping event because there is no touchable window at (1044, 361).
12-14 00:52:51.928  1973  2017 I InputDispatcher: Dropping event because there is no touchable window at (1027, 372).
12-14 00:52:51.940  1973  2017 I InputDispatcher: Dropping event because there is no touchable window at (1007, 385).
12-14 00:52:51.952  1973  2017 I InputDispatcher: Dropping event because there is no touchable window at (984, 399).
12-14 00:52:51.966  1973  2017 I InputDispatcher: Dropping event because there is no touchable window at (963, 414).
12-14 00:52:51.978  1973  2017 I InputDispatcher: Dropping event because there is no touchable window at (943, 436).
12-14 00:52:51.990  1973  2017 I InputDispatcher: Dropping event because there is no touchable window at (921, 456).
12-14 00:52:52.002  1973  2017 I InputDispatcher: Dropping event because there is no touchable window at (898, 480).
12-14 00:52:52.014  1973  2017 I InputDispatcher: Dropping event because there is no touchable window at (874, 501).
12-14 00:52:52.027  1973  2017 I InputDispatcher: Dropping event because there is no touchable window at (853, 521).
12-14 00:52:52.038  1973  2017 I InputDispatcher: Dropping event because there is no touchable window at (834, 537).
12-14 00:52:52.051  1973  2017 I InputDispatcher: Dropping event because there is no touchable window at (820, 545).
12-14 00:52:52.065  1973  2017 I InputDispatcher: Dropping event because there is no touchable window at (813, 548).
12-14 00:52:52.077  1973  2017 I InputDispatcher: Dropping event because there is no touchable window at (807, 550).
12-14 00:52:52.089  1973  2017 I InputDispatcher: Dropping event because there is no touchable window at (805, 550).
12-14 00:52:52.101  1973  2017 I InputDispatcher: Dropping event because there is no touchable window at (804, 550).
12-14 00:52:52.113  1973  2017 I InputDispatcher: Dropping event because there is no touchable window at (804, 551).
12-14 00:52:52.125  1973  2017 I InputDispatcher: Dropping event because there is no touchable window at (804, 552).
12-14 00:52:52.137  1973  2017 I InputDispatcher: Dropping event because there is no touchable window at (804, 551).
12-14 00:52:52.149  1973  2017 I InputDispatcher: Dropping event because there is no touchable window at (805, 552).
12-14 00:52:52.163  1973  2017 I InputDispatcher: Dropping event because there is no touchable window at (806, 552).
12-14 00:52:52.175  1973  2017 I InputDispatcher: Dropping event because there is no touchable window at (806, 551).
12-14 00:52:52.176  2953  2953 W Finsky  : [1] FinskyApp.getCurrentAccount: No account configured on this device.
12-14 00:52:52.187  1973  2017 I InputDispatcher: Dropping event because there is no touchable window at (806, 552).
12-14 00:52:52.199  1973  2017 I InputDispatcher: Dropping event because there is no touchable window at (806, 553).
12-14 00:52:52.211  1973  2017 I InputDispatcher: Dropping event because there is no touchable window at (805, 551).
12-14 00:52:52.223  1973  2017 I InputDispatcher: Dropping event because there is no touchable window at (805, 552).
12-14 00:52:52.224  2953  2953 W Finsky  : [1] FinskyApp.getCurrentAccount: No account configured on this device.
12-14 00:52:52.236  1973  2017 I InputDispatcher: Dropping event because there is no touchable window at (805, 551).
12-14 00:52:52.247  1973  2017 I InputDispatcher: Dropping event because there is no touchable window at (806, 552).
12-14 00:52:52.262  1973  2017 I InputDispatcher: Dropping event because there is no touchable window at (806, 552).
12-14 00:52:52.263  2953  2953 D Finsky  : [1] FinskyApp.onCreate: Initializing network with DFE https://android.clients.google.com/fdfe/
12-14 00:52:52.263  2953  2953 W Finsky  : [1] FinskyApp.getCurrentAccount: No account configured on this device.
12-14 00:52:52.274  1973  2017 I InputDispatcher: Dropping event because there is no touchable window at (806, 553).
12-14 00:52:52.298  1973  2017 I InputDispatcher: Dropping event because there is no touchable window at (807, 552).
12-14 00:52:52.310  1973  2017 I InputDispatcher: Dropping event because there is no touchable window at (807, 550).
12-14 00:52:52.334  1973  2017 I InputDispatcher: Dropping event because there is no touchable window at (806, 550).
12-14 00:52:52.346  1973  2017 I InputDispatcher: Dropping event because there is no touchable window at (806, 550).
12-14 00:52:52.347  2953  2953 W Finsky  : [1] FinskyApp.getCurrentAccount: No account configured on this device.
12-14 00:52:52.347  2953  2953 W Finsky  : [1] FinskyApp.getCurrentAccount: No account configured on this device.
12-14 00:52:52.348  2953  2953 W Finsky  : [1] FinskyApp.getCurrentAccount: No account configured on this device.
12-14 00:52:52.348  2953  2953 W Finsky  : [1] FinskyApp.getCurrentAccount: No account configured on this device.
12-14 00:52:52.360  1973  2017 I InputDispatcher: Dropping event because there is no touchable window at (806, 551).
12-14 00:52:52.376  2953  2953 W Finsky  : [1] FinskyApp.getCurrentAccount: No account configured on this device.
12-14 00:52:52.377  2953  2953 W Finsky  : [1] FinskyApp.getCurrentAccount: No account configured on this device.
12-14 00:52:52.377  2953  2953 W Finsky  : [1] FinskyApp.getCurrentAccount: No account configured on this device.
12-14 00:52:52.377  2953  2953 W Finsky  : [1] FinskyApp.getCurrentAccount: No account configured on this device.
12-14 00:52:52.377  2953  2953 W Finsky  : [1] FinskyApp.getCurrentAccount: No account configured on this device.
12-14 00:52:52.377  2953  2953 W Finsky  : [1] FinskyApp.getCurrentAccount: No account configured on this device.
12-14 00:52:52.377  2953  2953 W Finsky  : [1] FinskyApp.getCurrentAccount: No account configured on this device.
12-14 00:52:52.377  2953  2953 W Finsky  : [1] FinskyApp.getCurrentAccount: No account configured on this device.
12-14 00:52:52.377  2953  2953 W Finsky  : [1] FinskyApp.getCurrentAccount: No account configured on this device.
12-14 00:52:52.378  2953  2953 W Finsky  : [1] FinskyApp.getCurrentAccount: No account configured on this device.
12-14 00:52:52.378  2953  2953 W Finsky  : [1] FinskyApp.getCurrentAccount: No account configured on this device.
12-14 00:52:52.378  2953  2953 W Finsky  : [1] FinskyApp.getCurrentAccount: No account configured on this device.
12-14 00:52:52.385  1973  2017 I InputDispatcher: Dropping event because there is no touchable window at (807, 551).
12-14 00:52:52.394  2953  2953 D Finsky  : [1] DailyHygiene.goMakeHygieneIfDirty: No need to run daily hygiene.
12-14 00:52:52.397  2953  2953 W Settings: Setting download_manager_max_bytes_over_mobile has moved from android.provider.Settings.Secure to android.provider.Settings.Global.
12-14 00:52:52.397  2953  2953 W Settings: Setting download_manager_recommended_max_bytes_over_mobile has moved from android.provider.Settings.Secure to android.provider.Settings.Global.
12-14 00:52:52.397  1973  2017 I InputDispatcher: Dropping event because there is no touchable window at (807, 552).
12-14 00:52:52.409  1973  2017 I InputDispatcher: Dropping event because there is no touchable window at (806, 551).
12-14 00:52:52.416  2953  2953 W Finsky  : [1] FinskyApp.getCurrentAccount: No account configured on this device.
12-14 00:52:52.416  2953  2953 W Finsky  : [1] FinskyApp.getCurrentAccount: No account configured on this device.
12-14 00:52:52.416  2953  2953 W Finsky  : [1] FinskyApp.getDfeApi: No account configured on this device.
12-14 00:52:52.422  1973  2017 I InputDispatcher: Dropping event because there is no touchable window at (806, 550).
12-14 00:52:52.433  1973  2017 I InputDispatcher: Dropping event because there is no touchable window at (807, 550).
12-14 00:52:52.447  1973  2017 I InputDispatcher: Dropping event because there is no touchable window at (807, 550).
12-14 00:52:52.473  1973  2017 I InputDispatcher: Dropping event because there is no touchable window at (807, 550).
12-14 00:52:52.497  1973  2017 I InputDispatcher: Dropping event because there is no touchable window at (807, 550).
12-14 00:52:52.497  1973  2325 I ActivityManager: Start proc 2998:com.android.settings/1000 for broadcast com.android.settings/.sim.SimBootReceiver
12-14 00:52:52.501  2998  2998 I ActivityThread: Switching default density from 160 to 240
12-14 00:52:52.506  2953  2997 D Ads     : Skipping gmscore version check
12-14 00:52:52.509  1973  2017 I InputDispatcher: Dropping event because there is no touchable window at (807, 550).
12-14 00:52:52.521  1973  2017 I InputDispatcher: Dropping event because there is no touchable window at (807, 550).
12-14 00:52:52.545  1973  2017 I InputDispatcher: Dropping event because there is no touchable window at (807, 550).
12-14 00:52:52.559  1973  2017 I InputDispatcher: Dropping event because there is no touchable window at (807, 550).
12-14 00:52:52.571  1973  2017 I InputDispatcher: Dropping event because there is no touchable window at (807, 550).
12-14 00:52:52.583  1973  2017 I InputDispatcher: Dropping event because there is no touchable window at (807, 549).
12-14 00:52:52.596  1973  2017 I InputDispatcher: Dropping event because there is no touchable window at (807, 550).
12-14 00:52:52.619  1973  2017 I InputDispatcher: Dropping event because there is no touchable window at (807, 549).
12-14 00:52:52.630  2953  2953 D Finsky  : [1] GmsCoreHelper.cleanupNlp: result=false type=4
12-14 00:52:52.644  1973  2017 I InputDispatcher: Dropping event because there is no touchable window at (808, 549).
12-14 00:52:52.655  1973  2017 I InputDispatcher: Dropping event because there is no touchable window at (808, 550).
12-14 00:52:52.670  1973  2017 I InputDispatcher: Dropping event because there is no touchable window at (807, 550).
12-14 00:52:52.682  1973  2017 I InputDispatcher: Dropping event because there is no touchable window at (808, 550).
12-14 00:52:52.694  1973  2017 I InputDispatcher: Dropping event because there is no touchable window at (808, 549).
12-14 00:52:52.706  1973  2017 I InputDispatcher: Dropping event because there is no touchable window at (808, 552).
12-14 00:52:52.742  1973  2017 I InputDispatcher: Dropping event because there is no touchable window at (808, 550).
12-14 00:52:52.750  1973  2302 I ActivityManager: Start proc 3021:com.android.calendar/u0a27 for broadcast com.android.calendar/.alerts.AlertReceiver
12-14 00:52:52.754  3021  3021 I ActivityThread: Switching default density from 160 to 240
12-14 00:52:52.768  1973  2017 I InputDispatcher: Dropping event because there is no touchable window at (809, 550).
12-14 00:52:52.780  1973  2017 I InputDispatcher: Dropping event because there is no touchable window at (809, 549).
12-14 00:52:52.792  1973  2017 I InputDispatcher: Dropping event because there is no touchable window at (810, 548).
12-14 00:52:52.804  1973  2017 I InputDispatcher: Dropping event because there is no touchable window at (809, 548).
12-14 00:52:52.823  2953  2973 W art     : Suspending all threads took: 88.603ms
12-14 00:52:52.836  2534  2554 E JavaBinder: *** Uncaught remote exception!  (Exceptions are not yet supported across processes.)
12-14 00:52:52.836  2534  2554 E JavaBinder: java.lang.RuntimeException: android.os.RemoteException
12-14 00:52:52.836  2534  2554 E JavaBinder: 	at android.os.Parcel.writeException(Parcel.java:1446)
12-14 00:52:52.836  2534  2554 E JavaBinder: 	at android.os.Binder.execTransact(Binder.java:452)
12-14 00:52:52.836  2534  2554 E JavaBinder: Caused by: android.os.RemoteException
12-14 00:52:52.836  2534  2554 E JavaBinder: 	at com.google.android.gms.ads.identifier.service.b.a(SourceFile:77)
12-14 00:52:52.836  2534  2554 E JavaBinder: 	at com.google.android.gms.ads.identifier.a.e.onTransact(SourceFile:63)
12-14 00:52:52.836  2534  2554 E JavaBinder: 	at android.os.Binder.execTransact(Binder.java:446)
12-14 00:52:52.878  2953  2953 D Finsky  : [1] RestoreTracker.stopServiceIfDone: Restore complete with 0 success and 0 failed.
12-14 00:52:52.918  2953  2953 W Finsky  : [1] FinskyApp.getCurrentAccount: No account configured on this device.
12-14 00:52:52.988  3021  3021 D ExtensionsFactory: No custom extensions.
12-14 00:52:53.013  3021  3021 D AlertReceiver: onReceive: a=android.intent.action.BOOT_COMPLETED Intent { act=android.intent.action.BOOT_COMPLETED flg=0x8000010 cmp=com.android.calendar/.alerts.AlertReceiver (has extras) }
12-14 00:52:53.029  1973  1994 I ActivityManager: Start proc 3049:com.google.android.configupdater/u0a31 for broadcast com.google.android.configupdater/.CertPin.CertPinUpdateRequestReceiver
12-14 00:52:53.032  3049  3049 I ActivityThread: Switching default density from 160 to 240
12-14 00:52:53.047  3021  3047 D AlertService: 0 Action = android.intent.action.BOOT_COMPLETED
12-14 00:52:53.049  3021  3047 D AlertService: Scheduling next alarm with AlarmScheduler. sEventReminderReceived: null
12-14 00:52:53.055  2255  2577 I art     : Explicit concurrent mark sweep GC freed 35359(2MB) AllocSpace objects, 22(352KB) LOS objects, 40% free, 6MB/10MB, paused 242us total 7.909ms
12-14 00:52:53.116  3021  3047 D AlarmScheduler: No events found starting within 1 week.
12-14 00:52:53.124  1973  2017 I InputDispatcher: Dropping event because there is no touchable window at (809, 548).
12-14 00:52:53.136  1973  2017 I InputDispatcher: Dropping event because there is no touchable window at (808, 547).
12-14 00:52:53.148  1973  2017 I InputDispatcher: Dropping event because there is no touchable window at (807, 547).
12-14 00:52:53.162  1973  2017 I InputDispatcher: Dropping event because there is no touchable window at (807, 545).
12-14 00:52:53.174  1973  2017 I InputDispatcher: Dropping event because there is no touchable window at (806, 547).
12-14 00:52:53.198  1973  2017 I InputDispatcher: Dropping event because there is no touchable window at (806, 547).
12-14 00:52:53.210  1973  2017 I InputDispatcher: Dropping event because there is no touchable window at (807, 566).
12-14 00:52:53.223  1973  2017 I InputDispatcher: Dropping event because there is no touchable window at (810, 598).
12-14 00:52:53.234  1973  2017 I InputDispatcher: Dropping event because there is no touchable window at (817, 660).
12-14 00:52:53.246  1973  2017 I InputDispatcher: Dropping event because there is no touchable window at (824, 749).
12-14 00:52:53.259  1973  2017 I InputDispatcher: Dropping event because there is no touchable window at (836, 848).
12-14 00:52:53.273  1973  2017 I InputDispatcher: Dropping event because there is no touchable window at (847, 949).
12-14 00:52:53.297  3049  3049 E UpdateRequestReceiver: ignoring update request
12-14 00:52:53.298  3049  3049 E UpdateRequestReceiver: ignoring update request
12-14 00:52:53.299  3049  3049 E UpdateRequestReceiver: ignoring update request
12-14 00:52:53.300  3049  3049 E UpdateRequestReceiver: ignoring update request
12-14 00:52:53.300  3049  3049 E UpdateRequestReceiver: ignoring update request
12-14 00:52:53.301  3049  3049 E UpdateRequestReceiver: ignoring update request
12-14 00:52:53.316  1973  2424 I ActivityManager: Start proc 3085:com.android.deskclock/u0a32 for broadcast com.android.deskclock/.AlarmInitReceiver
12-14 00:52:53.320  3085  3085 I ActivityThread: Switching default density from 160 to 240
12-14 00:52:53.399  3085  3085 V AlarmClock: AlarmInitReceiver android.intent.action.BOOT_COMPLETED
12-14 00:52:53.508  3085  3108 V AlarmClock: AlarmInitReceiver - Reset timers and clear stopwatch data
12-14 00:52:53.625  3085  3108 V AlarmClock: AlarmInitReceiver finished
12-14 00:52:53.641  1973  2425 I ActivityManager: Start proc 3111:com.android.email/u0a35 for broadcast com.android.email/.service.EmailBroadcastReceiver
12-14 00:52:53.646  3111  3111 I ActivityThread: Switching default density from 160 to 240
12-14 00:52:53.715  1688  1696 E Vold    : Failed to find mounted volume for /storage/usb1/Android/data/com.cyanogenmod.filemanager/files/
12-14 00:52:53.715  2929  2929 W ContextImpl: Failed to ensure directory: /storage/usb1/Android/data/com.cyanogenmod.filemanager/files
12-14 00:52:53.715  1688  1696 E Vold    : Failed to find mounted volume for /storage/usb2/Android/data/com.cyanogenmod.filemanager/files/
12-14 00:52:53.715  2929  2929 W ContextImpl: Failed to ensure directory: /storage/usb2/Android/data/com.cyanogenmod.filemanager/files
12-14 00:52:53.715  1688  1696 E Vold    : Failed to find mounted volume for /storage/usb3/Android/data/com.cyanogenmod.filemanager/files/
12-14 00:52:53.716  2929  2929 W ContextImpl: Failed to ensure directory: /storage/usb3/Android/data/com.cyanogenmod.filemanager/files
12-14 00:52:53.716  1688  1696 E Vold    : Failed to find mounted volume for /storage/sdcard1/Android/data/com.cyanogenmod.filemanager/files/
12-14 00:52:53.716  2929  2929 W ContextImpl: Failed to ensure directory: /storage/sdcard1/Android/data/com.cyanogenmod.filemanager/files
12-14 00:52:54.090  2929  2929 V NFC     : this device does not have NFC support
12-14 00:52:54.227  2929  3145 W NavigationActivity: Ignoring '/storage/sdcard1' with state of 'unmounted'
12-14 00:52:54.227  2929  3145 W NavigationActivity: Ignoring '/storage/usb1' with state of 'removed'
12-14 00:52:54.227  2929  3145 W NavigationActivity: Ignoring '/storage/usb2' with state of 'removed'
12-14 00:52:54.227  2929  3145 W NavigationActivity: Ignoring '/storage/usb3' with state of 'removed'
12-14 00:52:54.265  2929  3146 D OpenGLRenderer: Use EGL_SWAP_BEHAVIOR_PRESERVED: true
12-14 00:52:54.265  2929  2929 I GRALLOC-DRM: create intel for driver i915
12-14 00:52:54.265  2929  2929 D Atlas   : Validating map...
12-14 00:52:54.266  1973  1994 V WindowManager: Adding window Window{2ea71e4b u0 com.cyanogenmod.filemanager/com.cyanogenmod.filemanager.activities.NavigationActivity} at 2 of 8 (before Window{35e8afdc u0 Starting com.cyanogenmod.filemanager})
12-14 00:52:54.282  1973  2017 I InputDispatcher: Dropping event because there is no touchable window at (928, 1002).
12-14 00:52:54.294  1973  2017 I InputDispatcher: Dropping event because there is no touchable window at (933, 995).
12-14 00:52:54.306  1973  2017 I InputDispatcher: Dropping event because there is no touchable window at (939, 988).
12-14 00:52:54.312  1973  2325 I ActivityManager: Start proc 3147:com.android.exchange/u0a36 for service com.android.exchange/.service.EasService
12-14 00:52:54.316  3147  3147 I ActivityThread: Switching default density from 160 to 240
12-14 00:52:54.318  1973  2017 I InputDispatcher: Dropping event because there is no touchable window at (943, 981).
12-14 00:52:54.330  1973  2017 I InputDispatcher: Dropping event because there is no touchable window at (946, 977).
12-14 00:52:54.342  1973  2017 I InputDispatcher: Dropping event because there is no touchable window at (948, 976).
12-14 00:52:54.354  1973  2017 I InputDispatcher: Dropping event because there is no touchable window at (949, 976).
12-14 00:52:54.364  1973  2300 V WindowManager: Adding window Window{76b107d u0 com.cyanogenmod.filemanager/com.cyanogenmod.filemanager.activities.NavigationActivity} at 2 of 9 (before Window{2ea71e4b u0 com.cyanogenmod.filemanager/com.cyanogenmod.filemanager.activities.NavigationActivity})
12-14 00:52:54.365  2929  3171 V MimeTypeIndexService: onHandleIntent(Intent { act=com.cyanogenmod.filemanager.ACTION_START_INDEX cmp=com.cyanogenmod.filemanager/.service.MimeTypeIndexService (has extras) })
12-14 00:52:54.365  2929  3171 D MimeTypeIndexService: Action: com.cyanogenmod.filemanager.ACTION_START_INDEX
12-14 00:52:54.365  2929  3171 V MimeTypeIndexService: performIndexAction(/storage/emulated/0)
12-14 00:52:54.365  2929  3171 I MimeTypeIndexService: Starting mime type usage indexing on '/storage/emulated/0'
12-14 00:52:54.368  1973  2017 I InputDispatcher: Dropping event because there is no touchable window at (950, 975).
12-14 00:52:54.368  3111  3169 D ActivityThread: Loading provider com.android.email.provider;com.android.email.notifier: com.android.email.provider.EmailProvider
12-14 00:52:54.368  2929  3171 D MimeTypeIndexService: NONE = 94244
12-14 00:52:54.369  3111  3172 D ActivityThread: Loading provider com.android.email.provider;com.android.email.notifier: com.android.email.provider.EmailProvider
12-14 00:52:54.369  3111  3174 D ActivityThread: Loading provider com.android.email.provider;com.android.email.notifier: com.android.email.provider.EmailProvider
12-14 00:52:54.370  3111  3176 D ActivityThread: Loading provider com.android.email.provider;com.android.email.notifier: com.android.email.provider.EmailProvider
12-14 00:52:54.370  3111  3178 D ActivityThread: Loading provider com.android.email.provider;com.android.email.notifier: com.android.email.provider.EmailProvider
12-14 00:52:54.386  3111  3170 D ActivityThread: Loading provider com.android.email.provider;com.android.email.notifier: com.android.email.provider.EmailProvider
12-14 00:52:54.392  1973  2017 I InputDispatcher: Dropping event because there is no touchable window at (950, 974).
12-14 00:52:54.404  1973  2017 I InputDispatcher: Dropping event because there is no touchable window at (950, 974).
12-14 00:52:54.417  1973  2017 I InputDispatcher: Dropping event because there is no touchable window at (949, 974).
12-14 00:52:54.430  1973  2017 I InputDispatcher: Dropping event because there is no touchable window at (949, 976).
12-14 00:52:54.441  1973  2017 I InputDispatcher: Dropping event because there is no touchable window at (950, 975).
12-14 00:52:54.453  1973  2017 I InputDispatcher: Dropping event because there is no touchable window at (950, 975).
12-14 00:52:54.479  1973  2017 I InputDispatcher: Dropping event because there is no touchable window at (949, 975).
12-14 00:52:54.491  1973  2017 I InputDispatcher: Dropping event because there is no touchable window at (949, 975).
12-14 00:52:54.496  2929  3146 I EGL-DRI2: DRI2: found extension DRI_Core version 1
12-14 00:52:54.496  2929  3146 I EGL-DRI2: DRI2: found extension DRI_DRI2 version 4
12-14 00:52:54.500  2929  3146 I EGL-DRI2: DRI2: found extension DRI_TexBuffer version 3
12-14 00:52:54.500  2929  3146 I EGL-DRI2: DRI2: found extension DRI2_Flush version 4
12-14 00:52:54.500  2929  3146 I EGL-DRI2: DRI2: found extension DRI_IMAGE version 11
12-14 00:52:54.500  2929  3146 I OpenGLRenderer: Initialized EGL, version 1.4
12-14 00:52:54.500  2929  3146 W OpenGLRenderer: Failed to choose config with EGL_SWAP_BEHAVIOR_PRESERVED, retrying without...
12-14 00:52:54.501  2929  3146 D OpenGLRenderer: Enabling debug mode 0
12-14 00:52:54.615  1973  2003 I ActivityManager: Displayed com.cyanogenmod.filemanager/.activities.NavigationActivity: +3s607ms
12-14 00:52:54.649  3111  3169 W art     : Long monitor contention event with owner method=boolean libcore.io.Posix.access(java.lang.String, int) from Posix.java:4294967294 waiters=3 for 155ms
12-14 00:52:54.650  1973  2300 W ActivityManager: Unable to start service Intent { cmp=com.android.email/.service.AttachmentService } U=0: not found
12-14 00:52:54.650  1973  1994 W ActivityManager: Unable to start service Intent { cmp=com.android.email/.service.AttachmentService } U=0: not found
12-14 00:52:54.651  1973  2325 W ActivityManager: Unable to start service Intent { cmp=com.android.email/.service.AttachmentService } U=0: not found
12-14 00:52:54.651  1973  2302 W ActivityManager: Unable to start service Intent { cmp=com.android.email/.service.AttachmentService } U=0: not found
12-14 00:52:54.667  1973  2425 W ActivityManager: Unable to start service Intent { cmp=com.android.email/.service.AttachmentService } U=0: not found
12-14 00:52:54.667  1973  2302 W ActivityManager: Unable to start service Intent { cmp=com.android.email/.service.AttachmentService } U=0: not found
12-14 00:52:54.667  1973  2425 W ActivityManager: Unable to start service Intent { cmp=com.android.email/.service.AttachmentService } U=0: not found
12-14 00:52:54.667  3111  3194 I Email   : Observing account changes for notifications
12-14 00:52:54.668  3111  3177 W art     : Long monitor contention event with owner method=int java.lang.String.hashCode() from String.java:841 waiters=1 for 287ms
12-14 00:52:54.669  3111  3173 W art     : Long monitor contention event with owner method=int java.lang.String.hashCode() from String.java:841 waiters=2 for 288ms
12-14 00:52:54.751  1973  1993 I ActivityManager: Start proc 3196:com.google.android.gm/u0a39 for broadcast com.google.android.gm/.GoogleMailDeviceStartupReceiver
12-14 00:52:54.770  1973  2425 I art     : Explicit concurrent mark sweep GC freed 10816(535KB) AllocSpace objects, 1(16KB) LOS objects, 33% free, 9MB/14MB, paused 344us total 13.979ms
12-14 00:52:54.771  3196  3196 I ActivityThread: Switching default density from 160 to 240
12-14 00:52:54.773  3111  3111 E ActivityThread: Service com.android.email.service.EmailBroadcastProcessorService has leaked ServiceConnection com.android.emailcommon.service.ServiceProxy$ProxyConnection@22028935 that was originally bound here
12-14 00:52:54.773  3111  3111 E ActivityThread: android.app.ServiceConnectionLeaked: Service com.android.email.service.EmailBroadcastProcessorService has leaked ServiceConnection com.android.emailcommon.service.ServiceProxy$ProxyConnection@22028935 that was originally bound here
12-14 00:52:54.773  3111  3111 E ActivityThread: 	at android.app.LoadedApk$ServiceDispatcher.<init>(LoadedApk.java:1077)
12-14 00:52:54.773  3111  3111 E ActivityThread: 	at android.app.LoadedApk.getServiceDispatcher(LoadedApk.java:971)
12-14 00:52:54.773  3111  3111 E ActivityThread: 	at android.app.ContextImpl.bindServiceCommon(ContextImpl.java:1774)
12-14 00:52:54.773  3111  3111 E ActivityThread: 	at android.app.ContextImpl.bindService(ContextImpl.java:1757)
12-14 00:52:54.773  3111  3111 E ActivityThread: 	at android.content.ContextWrapper.bindService(ContextWrapper.java:539)
12-14 00:52:54.773  3111  3111 E ActivityThread: 	at com.android.emailcommon.service.ServiceProxy.setTask(ServiceProxy.java:181)
12-14 00:52:54.773  3111  3111 E ActivityThread: 	at com.android.emailcommon.service.ServiceProxy.test(ServiceProxy.java:224)
12-14 00:52:54.773  3111  3111 E ActivityThread: 	at com.android.email.service.EmailServiceUtils.isServiceAvailable(EmailServiceUtils.java:160)
12-14 00:52:54.773  3111  3111 E ActivityThread: 	at com.android.email.provider.AccountReconciler.reconcileAccountsInternal(AccountReconciler.java:171)
12-14 00:52:54.773  3111  3111 E ActivityThread: 	at com.android.email.provider.AccountReconciler.reconcileAccounts(AccountReconciler.java:115)
12-14 00:52:54.773  3111  3111 E ActivityThread: 	at com.android.email.service.EmailBroadcastProcessorService.reconcileAndStartServices(EmailBroadcastProcessorService.java:305)
12-14 00:52:54.773  3111  3111 E ActivityThread: 	at com.android.email.service.EmailBroadcastProcessorService.onBootCompleted(EmailBroadcastProcessorService.java:295)
12-14 00:52:54.773  3111  3111 E ActivityThread: 	at com.android.email.service.EmailBroadcastProcessorService.onHandleIntent(EmailBroadcastProcessorService.java:130)
12-14 00:52:54.773  3111  3111 E ActivityThread: 	at android.app.IntentService$ServiceHandler.handleMessage(IntentService.java:65)
12-14 00:52:54.773  3111  3111 E ActivityThread: 	at android.os.Handler.dispatchMessage(Handler.java:102)
12-14 00:52:54.773  3111  3111 E ActivityThread: 	at android.os.Looper.loop(Looper.java:135)
12-14 00:52:54.773  3111  3111 E ActivityThread: 	at android.os.HandlerThread.run(HandlerThread.java:61)
12-14 00:52:54.775  3147  3147 I Exchange: EasService.onCreate
12-14 00:52:54.887  3147  3221 I Exchange: RestartPingTask
12-14 00:52:54.888  3147  3147 I Exchange: RestartPingsTask did not start any pings.
12-14 00:52:54.889  3147  3147 I Exchange: PSS stopIfIdle
12-14 00:52:54.889  3147  3147 I Exchange: PSS has no active accounts; stopping service.
12-14 00:52:55.003  3111  3130 W art     : Suspending all threads took: 21.318ms
12-14 00:52:55.014  1973  2127 I ActivityManager: Killing 2352:android.process.acore/u0a2 (adj 15): empty #17
12-14 00:52:55.042  3147  3147 I Exchange: onDestroy
12-14 00:52:55.354  2929  3171 V MimeTypeIndexService: onHandleIntent(Intent { act=com.cyanogenmod.filemanager.ACTION_START_INDEX cmp=com.cyanogenmod.filemanager/.service.MimeTypeIndexService (has extras) })
12-14 00:52:55.354  2929  3171 D MimeTypeIndexService: Action: com.cyanogenmod.filemanager.ACTION_START_INDEX
12-14 00:52:55.354  2929  3171 V MimeTypeIndexService: performIndexAction(/system)
12-14 00:52:55.354  2929  3171 I MimeTypeIndexService: Starting mime type usage indexing on '/system'
12-14 00:52:55.418  3196  3227 D ActivityThread: Loading provider com.google.android.gmail.provider;com.android.mail.notifier;com.google.android.gm.email.provider;com.google.android.gm.email.notifier: com.android.email.provider.EmailProvider
12-14 00:52:55.468  3196  3226 I Gmail   : getAccountsCursor
12-14 00:52:55.470  2465  2465 V GLSActivity: AuthDelegateWrapperCreated with selected intent: Intent { cmp=com.google.android.gms/.auth.DefaultAuthDelegateService }
12-14 00:52:56.141  1973  2325 W ActivityManager: Unable to start service Intent { cmp=com.google.android.gm/com.android.email.service.AttachmentService } U=0: not found
12-14 00:52:56.141  3196  3231 I Gmail   : Observing account changes for notifications
12-14 00:52:56.155  1973  2425 W ActivityManager: Unable to start service Intent { act=com.google.android.gm.email.EXCHANGE_INTENT pkg=com.google.android.gm.exchange } U=0: not found
12-14 00:52:56.505  3196  3196 W GAV2    : Thread[main,5,main]: Need to call initialize() and be in fallback mode to start dispatch.
12-14 00:52:56.681  1973  2300 W ActivityManager: Unable to start service Intent { act=com.google.android.gm.email.EXCHANGE_INTENT pkg=com.google.android.gm.exchange } U=0: not found
12-14 00:52:56.742  3196  3239 I Gmail   : getAccountsCursor
12-14 00:52:56.743  2465  2465 V GLSActivity: AuthDelegateWrapperCreated with selected intent: Intent { cmp=com.google.android.gms/.auth.DefaultAuthDelegateService }
12-14 00:52:56.768  2465  2465 V GLSActivity: AuthDelegateWrapperCreated with selected intent: Intent { cmp=com.google.android.gms/.auth.DefaultAuthDelegateService }
12-14 00:52:56.769  2184  2184 I SystemBroadcastReceiver: Boot has been completed
12-14 00:52:56.769  1973  2300 W ActivityManager: Unable to start service Intent { act=com.google.android.gm.email.EXCHANGE_INTENT pkg=com.google.android.gm.exchange } U=0: not found
12-14 00:52:56.769  2184  2184 I LauncherIconVisibilityManager: Activity has already been disabled: ComponentInfo{com.android.inputmethod.latin/com.android.inputmethod.latin.setup.SetupActivity}
12-14 00:52:56.769  1973  1994 W ActivityManager: Unable to start service Intent { act=com.google.android.gm.email.EXCHANGE_INTENT pkg=com.google.android.gm.exchange } U=0: not found
12-14 00:52:56.786  1973  2325 I ActivityManager: Start proc 3245:android.process.acore/u0a2 for content provider com.android.providers.contacts/.ContactsProvider2
12-14 00:52:56.788  1715  1715 I art     : Explicit concurrent mark sweep GC freed 706(30KB) AllocSpace objects, 0(0B) LOS objects, 39% free, 1950KB/3MB, paused 24us total 2.652ms
12-14 00:52:56.791  1715  1715 I art     : Explicit concurrent mark sweep GC freed 5(160B) AllocSpace objects, 0(0B) LOS objects, 39% free, 1950KB/3MB, paused 21us total 2.402ms
12-14 00:52:56.793  1715  1715 I art     : Explicit concurrent mark sweep GC freed 5(160B) AllocSpace objects, 0(0B) LOS objects, 39% free, 1950KB/3MB, paused 21us total 2.322ms
12-14 00:52:56.809  1973  2127 I ActivityManager: Start proc 3267:com.google.android.youtube/u0a59 for broadcast com.google.android.youtube/com.google.android.libraries.youtube.upload.service.UploadService$BootReceiver
12-14 00:52:56.810  3245  3245 I ActivityThread: Switching default density from 160 to 240
12-14 00:52:56.814  3267  3267 I ActivityThread: Switching default density from 160 to 240
12-14 00:52:56.823  3245  3290 I ContactLocale: AddressBook Labels [en-US]: [, A, B, C, D, E, F, G, H, I, J, K, L, M, N, O, P, Q, R, S, T, U, V, W, X, Y, Z, , , , , , , , , , , , , , , , , , , , , , , , , , , , , , , , , , , , , , , , , , , , , , , , , , , , , , , , , , , , , , , , , , , , , , , , , , , , , , , , , , , , , , , , , , , , , , , , , , , , , , , , , , , , , , , , , , , , , , , , , , , , , , , , , , , , , , , , , , , , , , , , , , , , , , , , , , , , , , , , , , , , , , , , , , , , , , , , , , , , , , , , , , , , #, ]
12-14 00:52:56.831  3196  3196 E ActivityThread: Service com.android.email.service.EmailBroadcastProcessorService has leaked ServiceConnection com.android.emailcommon.service.am@1b489f40 that was originally bound here
12-14 00:52:56.831  3196  3196 E ActivityThread: android.app.ServiceConnectionLeaked: Service com.android.email.service.EmailBroadcastProcessorService has leaked ServiceConnection com.android.emailcommon.service.am@1b489f40 that was originally bound here
12-14 00:52:56.831  3196  3196 E ActivityThread: 	at android.app.LoadedApk$ServiceDispatcher.<init>(LoadedApk.java:1077)
12-14 00:52:56.831  3196  3196 E ActivityThread: 	at android.app.LoadedApk.getServiceDispatcher(LoadedApk.java:971)
12-14 00:52:56.831  3196  3196 E ActivityThread: 	at android.app.ContextImpl.bindServiceCommon(ContextImpl.java:1774)
12-14 00:52:56.831  3196  3196 E ActivityThread: 	at android.app.ContextImpl.bindService(ContextImpl.java:1757)
12-14 00:52:56.831  3196  3196 E ActivityThread: 	at android.content.ContextWrapper.bindService(ContextWrapper.java:539)
12-14 00:52:56.831  3196  3196 E ActivityThread: 	at com.android.emailcommon.service.ak.a(SourceFile:181)
12-14 00:52:56.831  3196  3196 E ActivityThread: 	at com.android.emailcommon.service.ak.e(SourceFile:222)
12-14 00:52:56.831  3196  3196 E ActivityThread: 	at com.android.email.service.m.c(SourceFile:158)
12-14 00:52:56.831  3196  3196 E ActivityThread: 	at com.android.email.provider.b.a(SourceFile:201)
12-14 00:52:56.831  3196  3196 E ActivityThread: 	at com.android.email.provider.b.a(SourceFile:145)
12-14 00:52:56.831  3196  3196 E ActivityThread: 	at com.android.email.service.EmailBroadcastProcessorService.c(SourceFile:349)
12-14 00:52:56.831  3196  3196 E ActivityThread: 	at com.android.email.service.EmailBroadcastProcessorService.onHandleIntent(SourceFile:1334)
12-14 00:52:56.831  3196  3196 E ActivityThread: 	at android.app.IntentService$ServiceHandler.handleMessage(IntentService.java:65)
12-14 00:52:56.831  3196  3196 E ActivityThread: 	at android.os.Handler.dispatchMessage(Handler.java:102)
12-14 00:52:56.831  3196  3196 E ActivityThread: 	at android.os.Looper.loop(Looper.java:135)
12-14 00:52:56.831  3196  3196 E ActivityThread: 	at android.os.HandlerThread.run(HandlerThread.java:61)
12-14 00:52:56.832  1973  2424 W ActivityManager: Unbind failed: could not find connection for android.os.BinderProxy@17d3c9da
12-14 00:52:56.910  3196  3237 E Gmail   : Error finding the version of the Email provider.....
12-14 00:52:56.910  3196  3237 E Gmail   : android.content.pm.PackageManager$NameNotFoundException: com.google.android.email
12-14 00:52:56.910  3196  3237 E Gmail   : 	at android.app.ApplicationPackageManager.getPackageInfo(ApplicationPackageManager.java:114)
12-14 00:52:56.910  3196  3237 E Gmail   : 	at com.google.android.gm.EmailMigrationService.a(SourceFile:1280)
12-14 00:52:56.910  3196  3237 E Gmail   : 	at com.google.android.gm.EmailMigrationService.onHandleIntent(SourceFile:219)
12-14 00:52:56.910  3196  3237 E Gmail   : 	at android.app.IntentService$ServiceHandler.handleMessage(IntentService.java:65)
12-14 00:52:56.910  3196  3237 E Gmail   : 	at android.os.Handler.dispatchMessage(Handler.java:102)
12-14 00:52:56.910  3196  3237 E Gmail   : 	at android.os.Looper.loop(Looper.java:135)
12-14 00:52:56.910  3196  3237 E Gmail   : 	at android.os.HandlerThread.run(HandlerThread.java:61)
12-14 00:52:56.910  3196  3237 W EmailMigration: We do not support migrating this version of the Email provider.
12-14 00:52:56.924  2465  2465 V GLSActivity: AuthDelegateWrapperCreated with selected intent: Intent { cmp=com.google.android.gms/.auth.DefaultAuthDelegateService }
12-14 00:52:56.925  3196  3294 I Gmail   : getAccountsCursor
12-14 00:52:56.925  2465  2465 V GLSActivity: AuthDelegateWrapperCreated with selected intent: Intent { cmp=com.google.android.gms/.auth.DefaultAuthDelegateService }
12-14 00:52:56.941  3196  3295 I Gmail   : getAccountsCursor
12-14 00:52:56.941  1973  2425 I ActivityManager: Killing 2326:com.android.printspooler/u0a53 (adj 15): empty #17
12-14 00:52:56.969  2465  2465 V GLSActivity: AuthDelegateWrapperCreated with selected intent: Intent { cmp=com.google.android.gms/.auth.DefaultAuthDelegateService }
12-14 00:52:57.005  1973  1993 I ActivityManager: Killing 2639:com.android.externalstorage/u0a6 (adj 15): empty #17
12-14 00:52:57.663  1973  2045 W AudioTrack: AUDIO_OUTPUT_FLAG_FAST denied by client
12-14 00:52:57.674  1712  1952 D audio_hw_primary: found out /dev/snd/pcmC1D0p
12-14 00:52:57.682  2929  3146 D OpenGLRenderer: endAllStagingAnimators on 0x7f407bf73400 (RippleDrawable) with handle 0x7f4072945660
12-14 00:52:57.827  1973  2302 W ActivityManager: getRunningAppProcesses: caller 10059 does not hold REAL_GET_TASKS; limiting output
12-14 00:52:58.417  3267  3297 W ResourcesManager: Asset path '/system/framework/com.android.media.remotedisplay.jar' does not exist or contains no resources.
12-14 00:52:58.417  3267  3297 W ResourcesManager: Asset path '/system/framework/com.android.location.provider.jar' does not exist or contains no resources.
12-14 00:52:58.460  3267  3297 V JNIHelp : Registering com/google/android/gms/org/conscrypt/NativeCrypto's 240 native methods...
12-14 00:52:58.467  3267  3297 I ProviderInstaller: Installed default security provider GmsCore_OpenSSL
12-14 00:52:58.585  3267  3286 W art     : Suspending all threads took: 21.718ms
12-14 00:52:58.628  3267  3286 W art     : Suspending all threads took: 8.254ms
12-14 00:52:59.477  3267  3267 E YouTube MDX: Bogus value in shared preferences for key MdxServerSelection value , returning default value.
12-14 00:52:59.717  3267  3298 W ResourcesManager: Asset path '/system/framework/com.android.media.remotedisplay.jar' does not exist or contains no resources.
12-14 00:52:59.717  3267  3298 W ResourcesManager: Asset path '/system/framework/com.android.location.provider.jar' does not exist or contains no resources.
12-14 00:52:59.756  3313  3313 I dex2oat : /system/bin/dex2oat --runtime-arg -classpath --runtime-arg  --instruction-set=x86_64 --instruction-set-features=default --runtime-arg -Xrelocate --boot-image=/system/framework/boot.art --dex-file=/data/data/com.google.android.youtube/cache/ads1077597911.jar --oat-fd=29 --oat-location=/data/data/com.google.android.youtube/cache/ads1077597911.dex --runtime-arg -Xms64m --runtime-arg -Xmx512m
12-14 00:53:00.019  1973  2018 I InputReader: Reconfiguring input devices.  changes=0x00000010
12-14 00:53:00.021  1973  1973 D BackupManagerService: Received broadcast Intent { act=android.intent.action.PACKAGE_CHANGED dat=package:com.google.android.gms flg=0x4000010 (has extras) }
12-14 00:53:00.021  1973  1973 I BackupManagerService: Unbinding ComponentInfo{com.google.android.gms/com.google.android.gms.backup.BackupTransportService}
12-14 00:53:00.022  1973  1973 I BackupManagerService: Binding to transport host ComponentInfo{com.google.android.gms/com.google.android.gms.backup.BackupTransportService}
12-14 00:53:00.023  1973  1973 V BackupManagerService: Connected to transport ComponentInfo{com.google.android.gms/com.google.android.gms.backup.BackupTransportService}
12-14 00:53:00.023  1973  1973 V BackupManagerService: Registering transport com.google.android.gms/.backup.BackupTransportService::com.google.android.gms/.backup.BackupTransportService = com.android.internal.backup.IBackupTransport$Stub$Proxy@3fcf966d
12-14 00:53:00.024  2465  3318 I Backup  : [BackupTransportMigratorService] Starting migration...
12-14 00:53:00.024  2465  3318 W Backup  : [LegacyBackupAccountManager] No google accounts found!
12-14 00:53:00.026  2303  2303 I Launcher: Deferring update until onResume
12-14 00:53:00.027  2255  2255 W GmsBackupAccountManager: Backup account not found in gmscore.
12-14 00:53:00.311  3313  3326 W dex2oat : Compilation of java.lang.String com.google.android.ads.zxxz.i.a() took 101.290ms
12-14 00:53:00.311  3313  3323 W dex2oat : Compilation of java.nio.ByteBuffer com.google.android.ads.zxxz.k.a(android.content.Context) took 100.984ms
12-14 00:53:00.311  3313  3324 W dex2oat : Compilation of int[] com.google.android.ads.zxxz.d.a(android.content.Context) took 101.276ms
12-14 00:53:00.311  3313  3313 W dex2oat : Compilation of java.lang.String com.google.android.ads.zxxz.f.a(android.content.Context) took 101.597ms
12-14 00:53:00.311  3313  3327 W dex2oat : Compilation of int com.google.android.ads.zxxz.a.a(android.content.Context) took 101.629ms
12-14 00:53:00.312  3313  3322 W dex2oat : Compilation of java.lang.String com.google.android.ads.zxxz.c.a(android.content.Context) took 101.462ms
12-14 00:53:00.312  3313  3325 W dex2oat : Compilation of java.util.ArrayList com.google.android.ads.zxxz.j.a(android.content.Context) took 101.881ms
12-14 00:53:00.312  3313  3328 W dex2oat : Compilation of java.nio.ByteBuffer com.google.android.ads.zxxz.g.a(android.content.Context) took 102.090ms
12-14 00:53:00.326  1688  1696 E Vold    : Failed to find mounted volume for /storage/usb1/Android/data/com.google.android.youtube/cache/
12-14 00:53:00.327  3267  3267 W ContextImpl: Failed to ensure directory: /storage/usb1/Android/data/com.google.android.youtube/cache
12-14 00:53:00.327  1688  1696 E Vold    : Failed to find mounted volume for /storage/usb2/Android/data/com.google.android.youtube/cache/
12-14 00:53:00.327  3267  3267 W ContextImpl: Failed to ensure directory: /storage/usb2/Android/data/com.google.android.youtube/cache
12-14 00:53:00.327  1688  1696 E Vold    : Failed to find mounted volume for /storage/usb3/Android/data/com.google.android.youtube/cache/
12-14 00:53:00.327  3267  3267 W ContextImpl: Failed to ensure directory: /storage/usb3/Android/data/com.google.android.youtube/cache
12-14 00:53:00.327  1688  1696 E Vold    : Failed to find mounted volume for /storage/sdcard1/Android/data/com.google.android.youtube/cache/
12-14 00:53:00.327  3267  3267 W ContextImpl: Failed to ensure directory: /storage/sdcard1/Android/data/com.google.android.youtube/cache
12-14 00:53:00.834  1688  1696 E Vold    : Failed to find mounted volume for /storage/usb1/Android/data/com.google.android.youtube/cache/
12-14 00:53:00.834  3267  3267 W ContextImpl: Failed to ensure directory: /storage/usb1/Android/data/com.google.android.youtube/cache
12-14 00:53:00.834  1688  1696 E Vold    : Failed to find mounted volume for /storage/usb2/Android/data/com.google.android.youtube/cache/
12-14 00:53:00.834  3267  3267 W ContextImpl: Failed to ensure directory: /storage/usb2/Android/data/com.google.android.youtube/cache
12-14 00:53:00.834  1688  1696 E Vold    : Failed to find mounted volume for /storage/usb3/Android/data/com.google.android.youtube/cache/
12-14 00:53:00.834  3267  3267 W ContextImpl: Failed to ensure directory: /storage/usb3/Android/data/com.google.android.youtube/cache
12-14 00:53:00.835  1688  1696 E Vold    : Failed to find mounted volume for /storage/sdcard1/Android/data/com.google.android.youtube/cache/
12-14 00:53:00.835  3267  3267 W ContextImpl: Failed to ensure directory: /storage/sdcard1/Android/data/com.google.android.youtube/cache
12-14 00:53:00.836  1688  1696 E Vold    : Failed to find mounted volume for /storage/usb1/Android/data/com.google.android.youtube/files/
12-14 00:53:00.836  3267  3267 W ContextImpl: Failed to ensure directory: /storage/usb1/Android/data/com.google.android.youtube/files
12-14 00:53:00.836  1688  1696 E Vold    : Failed to find mounted volume for /storage/usb2/Android/data/com.google.android.youtube/files/
12-14 00:53:00.836  3267  3267 W ContextImpl: Failed to ensure directory: /storage/usb2/Android/data/com.google.android.youtube/files
12-14 00:53:00.836  1688  1696 E Vold    : Failed to find mounted volume for /storage/usb3/Android/data/com.google.android.youtube/files/
12-14 00:53:00.836  3267  3267 W ContextImpl: Failed to ensure directory: /storage/usb3/Android/data/com.google.android.youtube/files
12-14 00:53:00.836  1688  1696 E Vold    : Failed to find mounted volume for /storage/sdcard1/Android/data/com.google.android.youtube/files/
12-14 00:53:00.836  3267  3267 W ContextImpl: Failed to ensure directory: /storage/sdcard1/Android/data/com.google.android.youtube/files
12-14 00:53:00.837  1688  1696 E Vold    : Failed to find mounted volume for /storage/usb1/Android/data/com.google.android.youtube/files/
12-14 00:53:00.837  3267  3267 W ContextImpl: Failed to ensure directory: /storage/usb1/Android/data/com.google.android.youtube/files
12-14 00:53:00.837  1688  1696 E Vold    : Failed to find mounted volume for /storage/usb2/Android/data/com.google.android.youtube/files/
12-14 00:53:00.837  3267  3267 W ContextImpl: Failed to ensure directory: /storage/usb2/Android/data/com.google.android.youtube/files
12-14 00:53:00.837  1688  1696 E Vold    : Failed to find mounted volume for /storage/usb3/Android/data/com.google.android.youtube/files/
12-14 00:53:00.837  3267  3267 W ContextImpl: Failed to ensure directory: /storage/usb3/Android/data/com.google.android.youtube/files
12-14 00:53:00.837  1688  1696 E Vold    : Failed to find mounted volume for /storage/sdcard1/Android/data/com.google.android.youtube/files/
12-14 00:53:00.837  3267  3267 W ContextImpl: Failed to ensure directory: /storage/sdcard1/Android/data/com.google.android.youtube/files
12-14 00:53:00.838  3267  3267 W InstanceID/Rpc: Found 10007
12-14 00:53:00.903  1688  1696 E Vold    : Failed to find mounted volume for /storage/usb1/Android/data/com.google.android.youtube/cache/
12-14 00:53:00.903  3267  3267 W ContextImpl: Failed to ensure directory: /storage/usb1/Android/data/com.google.android.youtube/cache
12-14 00:53:00.903  1688  1696 E Vold    : Failed to find mounted volume for /storage/usb2/Android/data/com.google.android.youtube/cache/
