12-14 00:52:34.376  1973  2018 I InputReader:   Touch device 'SynPS/2 Synaptics TouchPad' could not query the properties of its associated display.  The device will be inoperable until the display size becomes available.
12-14 00:52:34.376  1973  2018 I InputReader: Device added: id=7, name='SynPS/2 Synaptics TouchPad', sources=0x00002002
12-14 00:52:34.376  1973  2018 I InputReader: Device added: id=5, name='Video Bus', sources=0x00000101
12-14 00:52:34.376  1973  2018 I InputReader: Device added: id=4, name='Video Bus', sources=0x00000101
12-14 00:52:34.376  1973  2018 I InputReader: Device added: id=3, name='Lid Switch', sources=0x80000000
12-14 00:52:34.376  1973  2018 I InputReader: Device added: id=2, name='Sleep Button', sources=0x00000101
12-14 00:52:34.376  1973  2018 I InputReader: Device added: id=1, name='Android Power Button', sources=0x00000101
12-14 00:52:34.377  1973  2018 I InputReader: Reconfiguring input devices.  changes=0x00000004
12-14 00:52:34.395  1973  2018 I InputReader: Device reconfigured: id=7, name='SynPS/2 Synaptics TouchPad', size 1920x1080, orientation 0, mode 4, display id 0
12-14 00:52:34.395  1973  2017 I ActivityManager: Config changes=30 {1.0 ?mcc?mnc en_US ?layoutDir sw720dp w1280dp h646dp 240dpi lrg long land ?uimode ?night -touch qwerty/v/v -nav/h s.4}
12-14 00:52:34.547  2023  2023 I dex2oat : /system/bin/dex2oat --zip-fd=5 --zip-location=/system/app/Galaxy4/Galaxy4.apk --oat-fd=6 --oat-location=/data/dalvik-cache/x86/system@app@Galaxy4@Galaxy4.apk@classes.dex --instruction-set=x86 --instruction-set-features=default --runtime-arg -Xms64m --runtime-arg -Xmx512m --swap-fd=7
12-14 00:52:34.573  1973  2025 D OpenGLRenderer: Use EGL_SWAP_BEHAVIOR_PRESERVED: true
12-14 00:52:34.574  2023  2023 E dex2oat : Failed to open dex from file descriptor for zip file '/system/app/Galaxy4/Galaxy4.apk': Entry not found
12-14 00:52:34.689  1973  1992 I art     : Background sticky concurrent mark sweep GC freed 17503(1308KB) AllocSpace objects, 5(80KB) LOS objects, 18% free, 6MB/7MB, paused 339us total 109.976ms
12-14 00:52:34.729  1973  2025 I GRALLOC-DRM: create intel for driver i915
12-14 00:52:34.730  1973  2025 I EGL-DRI2: DRI2: found extension DRI_Core version 1
12-14 00:52:34.730  1973  2025 I EGL-DRI2: DRI2: found extension DRI_DRI2 version 4
12-14 00:52:34.733  1973  2025 I EGL-DRI2: DRI2: found extension DRI_TexBuffer version 3
12-14 00:52:34.733  1973  2025 I EGL-DRI2: DRI2: found extension DRI2_Flush version 4
12-14 00:52:34.733  1973  2025 I EGL-DRI2: DRI2: found extension DRI_IMAGE version 11
12-14 00:52:34.733  1973  2025 I OpenGLRenderer: Initialized EGL, version 1.4
12-14 00:52:34.733  1973  2025 W OpenGLRenderer: Failed to choose config with EGL_SWAP_BEHAVIOR_PRESERVED, retrying without...
12-14 00:52:34.734  1973  2025 D OpenGLRenderer: Enabling debug mode 0
12-14 00:52:34.756  1689  1697 I SurfaceFlinger: Boot is finished (25809 ms)
12-14 00:52:34.863  1713  1713 E installd: DexInv: --- END '/system/app/Galaxy4/Galaxy4.apk' --- status=0x0100, process failed
12-14 00:52:34.863  1973  1973 I PackageManager: Running dexopt on: /system/app/VisualizationWallpapers/VisualizationWallpapers.apk pkg=com.android.musicvis isa=x86 vmSafeMode=false
12-14 00:52:34.904  2029  2029 I dex2oat : /system/bin/dex2oat --zip-fd=5 --zip-location=/system/app/VisualizationWallpapers/VisualizationWallpapers.apk --oat-fd=6 --oat-location=/data/dalvik-cache/x86/system@app@VisualizationWallpapers@VisualizationWallpapers.apk@classes.dex --instruction-set=x86 --instruction-set-features=default --runtime-arg -Xms64m --runtime-arg -Xmx512m --swap-fd=10
12-14 00:52:34.905  2029  2029 E dex2oat : Failed to open dex from file descriptor for zip file '/system/app/VisualizationWallpapers/VisualizationWallpapers.apk': Entry not found
12-14 00:52:35.130  1713  1713 E installd: DexInv: --- END '/system/app/VisualizationWallpapers/VisualizationWallpapers.apk' --- status=0x0100, process failed
12-14 00:52:35.130  1973  1973 I PackageManager: Running dexopt on: /system/app/HoloSpiralWallpaper/HoloSpiralWallpaper.apk pkg=com.android.wallpaper.holospiral isa=x86 vmSafeMode=false
12-14 00:52:35.147  2031  2031 I dex2oat : /system/bin/dex2oat --zip-fd=5 --zip-location=/system/app/HoloSpiralWallpaper/HoloSpiralWallpaper.apk --oat-fd=6 --oat-location=/data/dalvik-cache/x86/system@app@HoloSpiralWallpaper@HoloSpiralWallpaper.apk@classes.dex --instruction-set=x86 --instruction-set-features=default --runtime-arg -Xms64m --runtime-arg -Xmx512m --swap-fd=11
12-14 00:52:35.148  2031  2031 E dex2oat : Failed to open dex from file descriptor for zip file '/system/app/HoloSpiralWallpaper/HoloSpiralWallpaper.apk': Entry not found
12-14 00:52:35.374  1713  1713 E installd: DexInv: --- END '/system/app/HoloSpiralWallpaper/HoloSpiralWallpaper.apk' --- status=0x0100, process failed
12-14 00:52:35.374  1973  1973 I PackageManager: Running dexopt on: /system/app/PhaseBeam/PhaseBeam.apk pkg=com.android.phasebeam isa=x86 vmSafeMode=false
12-14 00:52:35.379  2033  2033 I dex2oat : /system/bin/dex2oat --zip-fd=5 --zip-location=/system/app/PhaseBeam/PhaseBeam.apk --oat-fd=6 --oat-location=/data/dalvik-cache/x86/system@app@PhaseBeam@PhaseBeam.apk@classes.dex --instruction-set=x86 --instruction-set-features=default --runtime-arg -Xms64m --runtime-arg -Xmx512m --swap-fd=12
12-14 00:52:35.381  2033  2033 E dex2oat : Failed to open dex from file descriptor for zip file '/system/app/PhaseBeam/PhaseBeam.apk': Entry not found
12-14 00:52:35.607  1713  1713 E installd: DexInv: --- END '/system/app/PhaseBeam/PhaseBeam.apk' --- status=0x0100, process failed
12-14 00:52:35.607  1973  1973 I SystemServer: LockSettingsService
12-14 00:52:35.623  1973  1973 I SystemServiceManager: Starting com.android.server.devicepolicy.DevicePolicyManagerService$Lifecycle
12-14 00:52:35.645  1973  1973 I SystemServer: Status Bar
12-14 00:52:35.654  1973  1973 I SystemServer: Clipboard Service
12-14 00:52:35.655  1973  1973 I SystemServer: NetworkManagement Service
12-14 00:52:35.656  1973  1973 I SystemServer: Text Service Manager Service
12-14 00:52:35.668  1973  1973 I SystemServer: Network Score Service
12-14 00:52:35.674  1973  1973 I SystemServer: NetworkStats Service
12-14 00:52:35.698  1973  1973 I SystemServer: NetworkPolicy Service
12-14 00:52:35.725  1973  1973 I SystemServiceManager: Starting com.android.server.wifi.p2p.WifiP2pService
12-14 00:52:35.796  1973  1973 I WifiP2pService: Registering wifip2p
12-14 00:52:35.797  1973  1973 I SystemServiceManager: Starting com.android.server.wifi.WifiService
12-14 00:52:35.834  1973  1973 E WifiConfigStore: associatedPartialScanPeriodMilli set to 20000
12-14 00:52:35.838  1973  1973 D WifiController: isAirplaneModeOn = false, isWifiEnabled = true, isScanningAvailable = true
12-14 00:52:35.839  1973  1973 I WifiService: Registering wifi
12-14 00:52:35.839  1973  1973 I SystemServiceManager: Starting com.android.server.wifi.WifiScanningService
12-14 00:52:35.839  1973  1973 I WifiScanningService: Creating wifiscanner
12-14 00:52:35.839  1973  1973 I WifiScanningService: Starting wifiscanner
12-14 00:52:35.839  1973  1973 I SystemServiceManager: Starting com.android.server.wifi.RttService
12-14 00:52:35.839  1973  1973 I RttService: Creating rttmanager
12-14 00:52:35.839  1973  1973 I RttService: Starting rttmanager
12-14 00:52:35.840  1973  1973 I SystemServiceManager: Starting com.android.server.ethernet.EthernetService
12-14 00:52:35.840  1973  1973 I EthernetServiceImpl: Creating EthernetConfigStore
12-14 00:52:35.846  1973  1973 E IpConfigStore: Error parsing configuration: java.io.FileNotFoundException: /data/misc/ethernet/ipconfig.txt: open failed: ENOENT (No such file or directory)
12-14 00:52:35.846  1973  1973 W EthernetConfigStore: No Ethernet configuration found. Using default.
12-14 00:52:35.846  1973  1973 I EthernetServiceImpl: Read stored IP configuration: IP assignment: DHCP
12-14 00:52:35.846  1973  1973 I EthernetServiceImpl: Proxy settings: NONE
12-14 00:52:35.846  1973  1973 I EthernetService: Registering service ethernet
12-14 00:52:35.846  1973  1973 I SystemServer: Connectivity Service
12-14 00:52:35.847  1973  1973 D ConnectivityService: ConnectivityService starting up
12-14 00:52:35.848  1973  1973 D ConnectivityService: wifiOnly=false
12-14 00:52:35.848  1973  1973 E ConnectivityService: Ignoring protectedNetwork 14
12-14 00:52:35.848  1973  1973 E ConnectivityService: Ignoring protectedNetwork 15
12-14 00:52:35.879  1973  1973 I SystemServer: Network Service Discovery Service
12-14 00:52:35.893  1973  1973 D NsdService: Network service discovery enabled true
12-14 00:52:35.893  1973  1973 I SystemServer: UpdateLock Service
12-14 00:52:36.130  1973  1973 I SystemServiceManager: Starting com.android.server.notification.NotificationManagerService
12-14 00:52:36.154  1973  1973 D ZenLog  : set_zen_mode: off,setting
12-14 00:52:36.155  1973  1973 I SystemServiceManager: Starting com.android.server.storage.DeviceStorageMonitorService
12-14 00:52:36.155  1973  1973 I SystemServer: Location Manager
12-14 00:52:36.166  1973  1973 I SystemServer: Country Detector
12-14 00:52:36.167  1973  1973 I SystemServer: Search Service
12-14 00:52:36.168  1973  1973 I SystemServer: DropBox Service
12-14 00:52:36.168  1973  1973 I SystemServer: Wallpaper Service
12-14 00:52:36.178  1973  1973 I SystemServer: Audio Service
12-14 00:52:36.195  1973  1973 W TelecomManager: Telecom Service not found.
12-14 00:52:36.195  1712  1712 D BlueZ   : external/bluetooth/bluez/android/hal-audio.c:audio_set_mic_mute() 
12-14 00:52:36.219  1973  1973 I SystemServiceManager: Starting com.android.server.DockObserver
12-14 00:52:36.219  1973  1973 W DockObserver: This kernel does not have dock station support
12-14 00:52:36.219  1973  1973 I SystemServer: Wired Accessory Manager
12-14 00:52:36.220  1973  1973 W WiredAccessoryManager: This kernel does not have usb audio support
12-14 00:52:36.220  1973  1973 W WiredAccessoryManager: This kernel does not have HDMI audio support
12-14 00:52:36.220  1973  1973 I SystemServiceManager: Starting com.android.server.usb.UsbService$Lifecycle
12-14 00:52:36.241  1973  1973 I SystemServer: Serial Service
12-14 00:52:36.241  1973  1973 I SystemServiceManager: Starting com.android.server.twilight.TwilightService
12-14 00:52:36.242  1973  1973 I SystemServiceManager: Starting com.android.server.UiModeManagerService
12-14 00:52:36.243  1973  1973 I SystemServiceManager: Starting com.android.server.job.JobSchedulerService
12-14 00:52:36.244  1973  1973 I SystemServiceManager: Starting com.android.server.backup.BackupManagerService$Lifecycle
12-14 00:52:36.245  1973  1973 I SystemServiceManager: Starting com.android.server.appwidget.AppWidgetService
12-14 00:52:36.245  1973  1973 I SystemServiceManager: Starting com.android.server.voiceinteraction.VoiceInteractionManagerService
12-14 00:52:36.246  1973  1973 W SoundTriggerHelper: listModules status=0, # of modules=0
12-14 00:52:36.246  1973  1973 I SystemServer: DiskStats Service
12-14 00:52:36.246  1973  1973 I SystemServer: SamplingProfiler Service
12-14 00:52:36.283  1973  1973 I SystemServer: NetworkTimeUpdateService
12-14 00:52:36.283  1973  1973 I SystemServer: CommonTimeManagementService
12-14 00:52:36.284  1973  1973 I SystemServer: CertBlacklister
12-14 00:52:36.284  1973  1973 I SystemServiceManager: Starting com.android.server.dreams.DreamManagerService
12-14 00:52:36.284  1973  1973 I SystemServer: Assets Atlas Service
12-14 00:52:36.285  1973  1973 I SystemServiceManager: Starting com.android.server.print.PrintManagerService
12-14 00:52:36.297  1973  2048 D AssetAtlas: Loaded configuration: SliceMinArea (768x768) flags=0x2 count=446
12-14 00:52:36.302  1973  2048 D AssetAtlas: Rendered atlas in 4.02ms (1.75+2.27ms)
12-14 00:52:36.316  1973  1973 I SystemServiceManager: Starting com.android.server.restrictions.RestrictionsManagerService
12-14 00:52:36.317  1973  1973 I SystemServiceManager: Starting com.android.server.media.MediaSessionService
12-14 00:52:36.328  1973  1973 I SystemServer: Media Router Service
12-14 00:52:36.328  1973  1973 I SystemServiceManager: Starting com.android.server.trust.TrustManagerService
12-14 00:52:36.329  1973  1973 I SystemServiceManager: Starting com.android.server.fingerprint.FingerprintService
12-14 00:52:36.329  1973  1973 V Fingerprint-JNI: nativeInit()
12-14 00:52:36.329  1973  1973 V Fingerprint-JNI: nativeOpenHal()
12-14 00:52:36.329  1973  1973 E Fingerprint-JNI: Can't open fingerprint HW Module, error: -2
12-14 00:52:36.329  1973  1973 I SystemServer: BackgroundDexOptService
12-14 00:52:36.330  1973  1973 I SystemServiceManager: Starting com.android.server.pm.LauncherAppsService
12-14 00:52:36.330  1973  1973 I SystemServiceManager: Starting com.android.server.media.projection.MediaProjectionManagerService
12-14 00:52:36.339  1973  1973 I WindowManager: SAFE MODE not enabled
12-14 00:52:36.339  1973  1973 I SystemServiceManager: Starting com.android.server.MmsServiceBroker
12-14 00:52:36.366  1973  1973 E SQLiteLog: (283) recovered 16 frames from WAL file /data/system/locksettings.db-wal
12-14 00:52:36.367  1973  1973 E LockSettingsStorage: Cannot read file java.io.FileNotFoundException: /data/system/password.key: open failed: ENOENT (No such file or directory)
12-14 00:52:36.367  1973  1973 E LockSettingsStorage: Cannot read file java.io.FileNotFoundException: /data/system/gesture.key: open failed: ENOENT (No such file or directory)
12-14 00:52:36.367  1973  1973 I SystemServiceManager: Starting phase 480
12-14 00:52:36.380  1973  1973 I SystemServiceManager: Starting phase 500
12-14 00:52:36.380  1973  1973 I WifiService: WifiService starting up with Wi-Fi enabled
12-14 00:52:36.380  1973  1973 D WifiService: setWifiEnabled: true pid=1973, uid=1000
12-14 00:52:36.380  1973  1973 E WifiService: Invoking mWifiStateMachine.setWifiEnabled
12-14 00:52:36.380  1973  2040 D WifiController: WifiController msg { when=0 what=155656 target=com.android.internal.util.StateMachine$SmHandler } deferred for 500ms
12-14 00:52:36.381  1973  2039 E WifiStateMachine: Failed to reload STA firmware java.lang.IllegalArgumentException: command '1 softap fwreload wlan0 STA' failed with '501 1 SoftAP command has failed'
12-14 00:52:36.381  1705  1943 D CommandListener: Setting iface cfg
12-14 00:52:36.381  1705  1943 D CommandListener: Trying to bring down wlan0
12-14 00:52:36.381  1705  1943 D CommandListener: Clearing all IP addresses on wlan0
12-14 00:52:36.382  1973  2040 D WifiService: New client listening to asynchronous messages
12-14 00:52:36.382  1973  2039 E WifiMonitor: killSupplicant p2pfalse init.svc.wpa_supplicant=unknown init.svc.p2p_supplicant=unknown
12-14 00:52:36.382  1973  1973 I WifiScanningService: Registering wifiscanner
12-14 00:52:36.383  1973  1973 D WifiScanningService: New client, channel: null messenger: null
12-14 00:52:36.383  1973  1973 I RttService: Registering rttmanager
12-14 00:52:36.383  1973  2051 D WifiChangeStateMachine: Entering IdleState
12-14 00:52:36.383  1973  2051 D WifiScanningService: DefaultState
12-14 00:52:36.383  1973  1973 I EthernetServiceImpl: Starting Ethernet service
12-14 00:52:36.384  1973  1973 D Ethernet: Registering NetworkFactory
12-14 00:52:36.384  1973  2041 D ConnectivityService: Got NetworkFactory Messenger for Ethernet
12-14 00:52:36.384  1973  2053 D Ethernet: got request NetworkRequest [ id=1, legacyType=-1, [ Capabilities: INTERNET&NOT_RESTRICTED&TRUSTED&NOT_VPN] ] with score 0
12-14 00:52:36.385  1973  1973 D EthernetNetworkFactory: Started tracking interface eth0
12-14 00:52:36.385  1705  1943 D CommandListener: Setting iface cfg
12-14 00:52:36.385  1705  1943 D CommandListener: Trying to bring up eth0
12-14 00:52:36.589  2054  2054 I wpa_supplicant: Successfully initialized wpa_supplicant
12-14 00:52:36.601  2054  2054 I wpa_supplicant: rfkill: Cannot open RFKILL control device
12-14 00:52:36.604  1973  2039 D WifiMonitor: startMonitoring(wlan0) with mConnected = false
12-14 00:52:36.885  1973  2040 D WifiController: DEFERRED_TOGGLE handled
12-14 00:52:36.995  1973  1973 I ActivityManager: Config changes=200 {1.0 ?mcc?mnc en_US ?layoutDir sw720dp w1280dp h646dp 240dpi lrg long land -touch qwerty/v/v -nav/h s.5}
12-14 00:52:37.016  1973  1973 V BackupManagerService: No ancestral data
12-14 00:52:37.062  1973  1973 D BackupManagerService: Now staging backup of com.android.browser
12-14 00:52:37.062  1973  2039 D WifiConfigStore: Loading config and enabling all networks 
12-14 00:52:37.063  1973  2039 E WifiConfigStore: Error parsing configuration: java.io.FileNotFoundException: /data/misc/wifi/ipconfig.txt: open failed: ENOENT (No such file or directory)
12-14 00:52:37.063  1973  2039 E WifiConfigStore: readNetworkHistory: No config file, revert to defaultjava.io.FileNotFoundException: /data/misc/wifi/networkHistory.txt: open failed: ENOENT (No such file or directory)
12-14 00:52:37.063  1973  2039 E WifiConfigStore: --- Begin wpa_supplicant.conf Contents ---
12-14 00:52:37.063  1973  2039 E WifiConfigStore: ctrl_interface=wlan0
12-14 00:52:37.063  1973  2039 E WifiConfigStore: update_config=1
12-14 00:52:37.063  1973  2039 E WifiConfigStore: eapol_version=1
12-14 00:52:37.063  1973  2039 E WifiConfigStore: ap_scan=1
12-14 00:52:37.063  1973  2039 E WifiConfigStore: fast_reauth=1
12-14 00:52:37.063  1973  2039 E WifiConfigStore: --- End wpa_supplicant.conf Contents ---
12-14 00:52:37.063  1973  2039 D WifiNative-HAL: Setting external_sim to 1
12-14 00:52:37.063  1973  2039 D WifiStateMachine: Setting OUI to DA-A1-19
12-14 00:52:37.063  1973  2039 I WifiNative-HAL: startHal
12-14 00:52:37.063  1973  2039 E wifi    : getStaticLongField sWifiHalHandle 0x7f4070a02430
12-14 00:52:37.064  1973  2039 D wifi    : halHandle = 0x0, mVM = 0x7f408687c300, mCls = 0x100b4a
12-14 00:52:37.064  1973  2039 I WifiNative-HAL: Could not start hal
12-14 00:52:37.064  1973  2039 I WifiNative-HAL: startHal
12-14 00:52:37.064  1973  2039 E WifiStateMachine: cancelDelayedScan -> 1
12-14 00:52:37.064  1973  2039 D WifiConfigStore: Loading config and enabling all networks 
12-14 00:52:37.064  1973  2039 E WifiConfigStore: Error parsing configuration: java.io.FileNotFoundException: /data/misc/wifi/ipconfig.txt: open failed: ENOENT (No such file or directory)
12-14 00:52:37.064  1973  2039 E WifiConfigStore: readNetworkHistory: No config file, revert to defaultjava.io.FileNotFoundException: /data/misc/wifi/networkHistory.txt: open failed: ENOENT (No such file or directory)
12-14 00:52:37.065  1973  2039 E WifiConfigStore: --- Begin wpa_supplicant.conf Contents ---
12-14 00:52:37.065  1973  2039 E WifiConfigStore: ctrl_interface=wlan0
12-14 00:52:37.065  1973  2039 E WifiConfigStore: update_config=1
12-14 00:52:37.065  1973  2039 E WifiConfigStore: eapol_version=1
12-14 00:52:37.065  1973  2039 E WifiConfigStore: ap_scan=1
12-14 00:52:37.065  1973  2039 E WifiConfigStore: fast_reauth=1
12-14 00:52:37.065  1973  2039 E WifiConfigStore: --- End wpa_supplicant.conf Contents ---
12-14 00:52:37.065  1973  2039 E native  : do suspend false
12-14 00:52:37.151  1973  1973 D BackupManagerService: Now staging backup of com.android.vending
12-14 00:52:37.196  1973  1973 D BackupManagerService: Now staging backup of android
12-14 00:52:37.240  1973  1973 D BackupManagerService: Now staging backup of com.google.android.gm
12-14 00:52:37.285  1973  1973 D BackupManagerService: Now staging backup of com.android.calendar
12-14 00:52:37.329  1973  1973 D BackupManagerService: Now staging backup of com.android.providers.settings
12-14 00:52:37.374  1973  1973 D BackupManagerService: Now staging backup of com.android.sharedstoragebackup
12-14 00:52:37.418  1973  1973 D BackupManagerService: Now staging backup of com.android.dialer
12-14 00:52:37.462  1973  1973 D BackupManagerService: Now staging backup of com.android.providers.userdictionary
12-14 00:52:37.507  1973  1973 V BackupManagerService: Starting with transport android/com.android.internal.backup.LocalTransport
12-14 00:52:37.507  1973  1973 V BackupManagerService: Found transports: 2
12-14 00:52:37.507  1973  1973 I BackupManagerService: Binding to transport host ComponentInfo{android/com.android.internal.backup.LocalTransportService}
12-14 00:52:37.508  1973  1973 I BackupManagerService: Binding to transport host ComponentInfo{com.google.android.gms/com.google.android.gms.backup.BackupTransportService}
12-14 00:52:37.509  1973  1973 I BackupManagerService: Found stale backup journal, scheduling
12-14 00:52:37.584  1973  1973 I AppOps  : Pruning old package media/1013: new uid=-1
12-14 00:52:37.584  1973  1973 I ActivityManager: System now ready
12-14 00:52:37.585  1973  1973 I SystemServer: Making services ready
12-14 00:52:37.585  1973  1973 I SystemServiceManager: Starting phase 550
12-14 00:52:37.586  1973  1973 I SystemServer: WebViewFactory preparation
12-14 00:52:37.596  1973  1973 I Zygote  : Process: zygote socket opened, supported ABIS: x86_64,arm64-v8a
12-14 00:52:37.606  1973  1973 I Zygote  : Process: zygote socket opened, supported ABIS: x86,armeabi-v7a,armeabi
12-14 00:52:37.629  1973  1973 I ActivityManager: Start proc 2061:WebViewLoader-x86/1037 [android.webkit.WebViewFactory$RelroFileCreator] for 
12-14 00:52:37.644  1973  1973 I ActivityManager: Start proc 2081:WebViewLoader-x86_64/1037 [android.webkit.WebViewFactory$RelroFileCreator] for 
12-14 00:52:37.647  2081  2081 V WebViewFactory: RelroFileCreator (64bit = true),  32-bit lib: /system/app/webview/lib/x86/libwebviewchromium.so, 64-bit lib: /system/app/webview/lib/x86_64/libwebviewchromium.so
12-14 00:52:37.652  2061  2061 V WebViewFactory: RelroFileCreator (64bit = false),  32-bit lib: /system/app/webview/lib/x86/libwebviewchromium.so, 64-bit lib: /system/app/webview/lib/x86_64/libwebviewchromium.so
12-14 00:52:37.660  1973  1973 I ActivityManager: Start proc 2105:com.android.systemui/u0a18 for service com.android.systemui/.SystemUIService
12-14 00:52:37.660  1973  1973 D NetworkManagementService: not enabling bandwidth control
12-14 00:52:37.661  1688  1696 I Vold    : /dev/block/vold/8:49 being considered for volume usb0
12-14 00:52:37.661  1688  1696 D Vold    : Volume usb0 state changing 1 (Idle-Unmounted) -> 3 (Checking)
12-14 00:52:37.661  1688  1696 D Vold    : Trying to get filesystem type for /dev/block/vold/8:49 
12-14 00:52:37.661  1973  2000 D MountService: volume state changed for /storage/usb0 (unmounted -> checking)
12-14 00:52:37.661  1973  2000 D MountService: sendStorageIntent Intent { act=android.intent.action.MEDIA_CHECKING dat=file:///storage/usb0 flg=0x4000000 (has extras) } to UserHandle{-1}
12-14 00:52:37.692  1973  2059 D UsbHostManager: Added device UsbDevice[mName=/dev/bus/usb/002/002,mVendorId=8053,mProductId=2327,mClass=0,mSubclass=0,mProtocol=0,mManufacturerName=innostor,mProductName=USB 3.0,mSerialNumber=201207221826,mConfigurations=[
12-14 00:52:37.692  1973  2059 D UsbHostManager: UsbConfiguration[mId=1,mName=null,mAttributes=128,mMaxPower=38,mInterfaces=[
12-14 00:52:37.692  1973  2059 D UsbHostManager: UsbInterface[mId=0,mAlternateSetting=0,mName=null,mClass=8,mSubclass=6,mProtocol=80,mEndpoints=[
12-14 00:52:37.692  1973  2059 D UsbHostManager: UsbEndpoint[mAddress=2,mAttributes=2,mMaxPacketSize=1024,mInterval=0]
12-14 00:52:37.692  1973  2059 D UsbHostManager: UsbEndpoint[mAddress=129,mAttributes=2,mMaxPacketSize=1024,mInterval=0]]]]
12-14 00:52:37.740  2105  2105 I ActivityThread: Switching default density from 160 to 240
12-14 00:52:37.809  1973  1973 W NetworkStats: bandwidth controls disabled, unable to track stats
12-14 00:52:37.809  1973  1973 W NetworkPolicy: bandwidth controls disabled, unable to enforce policy
12-14 00:52:37.814  1973  1973 D PermissionMonitor: Monitoring
12-14 00:52:37.814  1973  1973 D PermissionMonitor: Users: 1, Apps: 65
12-14 00:52:37.815  1973  1973 I SystemServiceManager: Starting phase 600
12-14 00:52:37.815  1973  2002 D BluetoothManagerService: Message: 20
12-14 00:52:37.815  1973  2002 D BluetoothManagerService: Added callback: android.bluetooth.BluetoothAdapter$1@d9e7cc2:true
12-14 00:52:37.815  1973  1973 I BackupManagerService: Backup enabled => false
12-14 00:52:37.815  1973  1973 I BackupManagerService: Opting out of backup
12-14 00:52:37.850  1973  2059 W ContextImpl: Calling a method in the system process without a qualified user: android.app.ContextImpl.sendBroadcast:1327 com.android.server.usb.UsbSettingsManager.deviceAttached:741 com.android.server.usb.UsbHostManager.endUsbDeviceAdded:224 com.android.server.usb.UsbHostManager.monitorUsbHostBus:-2 com.android.server.usb.UsbHostManager.access$000:42 
12-14 00:52:37.853  1973  2059 D UsbHostManager: Added device UsbDevice[mName=/dev/bus/usb/001/002,mVendorId=3034,mProductId=34595,mClass=224,mSubclass=1,mProtocol=1,mManufacturerName=Realtek,mProductName=RT Bluetooth Radio,mSerialNumber=00e04c000001,mConfigurations=[
12-14 00:52:37.853  1973  2059 D UsbHostManager: UsbConfiguration[mId=1,mName=null,mAttributes=128,mMaxPower=250,mInterfaces=[
12-14 00:52:37.853  1973  2059 D UsbHostManager: UsbInterface[mId=0,mAlternateSetting=0,mName=Bluetooth Radio,mClass=224,mSubclass=1,mProtocol=1,mEndpoints=[
12-14 00:52:37.853  1973  2059 D UsbHostManager: UsbEndpoint[mAddress=129,mAttributes=3,mMaxPacketSize=16,mInterval=1]
12-14 00:52:37.853  1973  2059 D UsbHostManager: UsbEndpoint[mAddress=2,mAttributes=2,mMaxPacketSize=64,mInterval=0]
12-14 00:52:37.853  1973  2059 D UsbHostManager: UsbEndpoint[mAddress=130,mAttributes=2,mMaxPacketSize=64,mInterval=0]]
12-14 00:52:37.853  1973  2059 D UsbHostManager: UsbInterface[mId=1,mAlternateSetting=0,mName=Bluetooth Radio,mClass=224,mSubclass=1,mProtocol=1,mEndpoints=[
12-14 00:52:37.853  1973  2059 D UsbHostManager: UsbEndpoint[mAddress=3,mAttributes=1,mMaxPacketSize=0,mInterval=1]
12-14 00:52:37.853  1973  2059 D UsbHostManager: UsbEndpoint[mAddress=131,mAttributes=1,mMaxPacketSize=0,mInterval=1]]
12-14 00:52:37.853  1973  2059 D UsbHostManager: UsbInterface[mId=1,mAlternateSetting=1,mName=Bluetooth Radio,mClass=224,mSubclass=1,mProtocol=1,mEndpoints=[
12-14 00:52:37.853  1973  2059 D UsbHostManager: UsbEndpoint[mAddress=3,mAttributes=1,mMaxPacketSize=9,mInterval=1]
12-14 00:52:37.853  1973  2059 D UsbHostManager: UsbEndpoint[mAddress=131,mAttributes=1,mMaxPacketSize=9,mInterval=1]]
12-14 00:52:37.853  1973  2059 D UsbHostManager: UsbInterface[mId=1,mAlternateSetting=2,mName=Bluetooth Radio,mClass=224,mSubclass=1,mProtocol=1,mEndpoints=[
12-14 00:52:37.853  1973  2059 D UsbHostManager: UsbEndpoint[mAddress=3,mAttributes=1,mMaxPacketSize=17,mInterval=1]
12-14 00:52:37.853  1973  2059 D UsbHostManager: UsbEndpoint[mAddress=131,mAttributes=1,mMaxPacketSize=17,mInterval=1]]
12-14 00:52:37.853  1973  2059 D UsbHostManager: UsbInterface[mId=1,mAlternateSetting=3,mName=Bluetooth Radio,mClass=224,mSubclass=1,mProtocol=1,mEndpoints=[
12-14 00:52:37.853  1973  2059 D UsbHostManager: UsbEndpoint[mAddress=3,mAttributes=1,mMaxPacketSize=25,mInterval=1]
12-14 00:52:37.853  1973  2059 D UsbHostManager: UsbEndpoint[mAddress=131,mAttributes=1,mMaxPacketSize=25,mInterval=1]]
12-14 00:52:37.853  1973  2059 D UsbHostManager: UsbInterface[mId=1,mAlternateSetting=4,mName=Bluetooth Radio,mClass=224,mSubclass=1,mProtocol=1,mEndpoints=[
12-14 00:52:37.853  1973  2059 D UsbHostManager: UsbEndpoint[mAddress=3,mAttributes=1,mMaxPacketSize=33,mInterval=1]
12-14 00:52:37.853  1973  2059 D UsbHostManager: UsbEndpoint[mAddress=131,mAttributes=1,mMaxPacketSize=33,mInterval=1]]
12-14 00:52:37.853  1973  2059 D UsbHostManager: UsbInterface[mId=1,mAlternateSetting=5,mName=Bluetooth Radio,mClass=224,mSubclass=1,mProtocol=1,mEndpoints=[
12-14 00:52:37.853  1973  2059 D UsbHostManager: UsbEndpoint[mAddress=3,mAttributes=1,mMaxPacketSize=49,mInterval=1]
12-14 00:52:37.853  1973  2059 D UsbHostManager: UsbEndpoint[mAddress=131,mAttributes=1,mMaxPacketSize=49,mInterval=1]]]]
12-14 00:52:37.854  1973  2059 W ContextImpl: Calling a method in the system process without a qualified user: android.app.ContextImpl.sendBroadcast:1327 com.android.server.usb.UsbSettingsManager.deviceAttached:741 com.android.server.usb.UsbHostManager.endUsbDeviceAdded:224 com.android.server.usb.UsbHostManager.monitorUsbHostBus:-2 com.android.server.usb.UsbHostManager.access$000:42 
12-14 00:52:37.927  1973  2045 D BluetoothManagerService: Trying to bind to profile: 1, while Bluetooth was disabled
12-14 00:52:37.927  1973  2002 D BluetoothManagerService: Message: 30
12-14 00:52:37.927  1973  2002 D BluetoothManagerService: Message: 30
12-14 00:52:38.049  1712  2145 E WVMExtractor: Failed to open libwvm.so: dlopen failed: library "libwvm.so" not found
12-14 00:52:38.050  1973  2039 D WIFI    : Registering NetworkFactory
12-14 00:52:38.050  1973  2039 D WIFI_UT : Registering NetworkFactory
12-14 00:52:38.050  1973  2039 I WifiNative-HAL: startHal
12-14 00:52:38.050  1973  2041 D ConnectivityService: Got NetworkFactory Messenger for WIFI
12-14 00:52:38.050  1973  2041 D ConnectivityService: Got NetworkFactory Messenger for WIFI_UT
12-14 00:52:38.050  1973  2039 D WIFI    : got request NetworkRequest [ id=1, legacyType=-1, [ Capabilities: INTERNET&NOT_RESTRICTED&TRUSTED&NOT_VPN] ] with score 0
12-14 00:52:38.050  1973  2039 D WIFI_UT : got request NetworkRequest [ id=1, legacyType=-1, [ Capabilities: INTERNET&NOT_RESTRICTED&TRUSTED&NOT_VPN] ] with score 0
12-14 00:52:38.081  1712  2046 D NuPlayerDriver: start(0xf584edc0)
12-14 00:52:38.081  1712  2144 I GenericSource: start
12-14 00:52:38.178  1712  2147 W OMXNodeInstance: [e:google.mpeg4.decoder] component does not support metadata mode; using fallback
12-14 00:52:38.178  1712  2147 W OMXNodeInstance: [f:google.h263.decoder] component does not support metadata mode; using fallback
12-14 00:52:38.189  1712  2147 W OMXNodeInstance: [10:google.h264.decoder] component does not support metadata mode; using fallback
12-14 00:52:38.197  1712  2147 D SoftHEVC: Number of CPU cores: 8
12-14 00:52:38.197  1712  2147 D SoftHEVC: Initializing decoder
12-14 00:52:38.197  1688  1696 D Vold    : Found vfat filesystem on /dev/block/vold/8:49
12-14 00:52:38.197  1712  2147 D SoftHEVC: Set number of cores to 4
12-14 00:52:38.197  1712  2147 D SoftHEVC: Ittiam decoder version number: @(#)Id:HEVCDEC_production Ver:04.01 Released by ITTIAM Build: Oct  6 2015 @ 23:17:19
12-14 00:52:38.197  1712  2147 W OMXNodeInstance: [11:google.hevc.decoder] component does not support metadata mode; using fallback
12-14 00:52:38.197  1712  2147 D SoftHEVC: Freeing codec memory
12-14 00:52:38.197  1712  2147 D SoftHEVC: Number of CPU cores: 8
12-14 00:52:38.197  1712  2147 D SoftHEVC: Initializing decoder
12-14 00:52:38.197  1712  2147 D SoftHEVC: Set number of cores to 4
12-14 00:52:38.197  1712  2147 D SoftHEVC: Ittiam decoder version number: @(#)Id:HEVCDEC_production Ver:04.01 Released by ITTIAM Build: Oct  6 2015 @ 23:17:19
12-14 00:52:38.197  1712  2147 D SoftHEVC: In SoftHEVC::~SoftHEVC
12-14 00:52:38.197  1712  2147 D SoftHEVC: Freeing codec memory
12-14 00:52:38.224  1973  1973 E InputMethodManagerService: Ignoring setImeWindowStatus due to an invalid token. uid:1000 token:null
12-14 00:52:38.231  1712  2147 W OMXNodeInstance: [12:google.vp8.decoder] component does not support metadata mode; using fallback
12-14 00:52:38.232  1712  2147 W OMXNodeInstance: [13:google.vp9.decoder] component does not support metadata mode; using fallback
12-14 00:52:38.233  1712  2147 I SoftMPEG4Encoder: Construct SoftMPEG4Encoder
12-14 00:52:38.233  1712  2147 W ACodec  : do not know color format 0x7f000789 = 2130708361
12-14 00:52:38.234  1712  2147 I SoftAVCEncoder: Construct SoftAVCEncoder
12-14 00:52:38.234  1712  2147 W ACodec  : do not know color format 0x7f000789 = 2130708361
12-14 00:52:38.234  1712  2147 I SoftMPEG4Encoder: Construct SoftMPEG4Encoder
12-14 00:52:38.234  1712  2147 W ACodec  : do not know color format 0x7f000789 = 2130708361
12-14 00:52:38.236  1973  1973 I ActivityManager: Start proc 2184:com.android.inputmethod.latin/u0a43 for service com.android.inputmethod.latin/.LatinIME
12-14 00:52:38.236  1973  1973 V InputMethodManagerService: Adding window token: android.os.Binder@30edbc70
12-14 00:52:38.237  2184  2184 I ActivityThread: Switching default density from 160 to 240
12-14 00:52:38.247  1712  2147 W ACodec  : do not know color format 0x7f000789 = 2130708361
12-14 00:52:38.250  1712  2046 D NuPlayerDriver: reset(0xf584edc0)
12-14 00:52:38.250  1712  2144 D NuPlayerDriver: notifyResetComplete(0xf584edc0)
12-14 00:52:38.267  1712  1712 D NuPlayerDriver: start(0xf584eca0)
12-14 00:52:38.267  1712  2220 I GenericSource: start
12-14 00:52:38.270  1712  1712 D NuPlayerDriver: reset(0xf584eca0)
12-14 00:52:38.270  1712  2220 D NuPlayerDriver: notifyResetComplete(0xf584eca0)
12-14 00:52:38.275  1712  2013 D NuPlayerDriver: start(0xf502f1c0)
12-14 00:52:38.275  1712  2227 I GenericSource: start
12-14 00:52:38.280  1712  2013 D NuPlayerDriver: reset(0xf502f1c0)
12-14 00:52:38.280  1712  2227 D NuPlayerDriver: notifyResetComplete(0xf502f1c0)
12-14 00:52:38.290  1712  2046 D NuPlayerDriver: start(0xf584edc0)
12-14 00:52:38.291  1712  2234 I GenericSource: start
12-14 00:52:38.293  1712  2046 D NuPlayerDriver: reset(0xf584edc0)
12-14 00:52:38.293  1712  2234 D NuPlayerDriver: notifyResetComplete(0xf584edc0)
12-14 00:52:38.299  1712  1712 D NuPlayerDriver: start(0xf584eca0)
12-14 00:52:38.299  1712  2241 I GenericSource: start
12-14 00:52:38.301  1712  1712 D NuPlayerDriver: reset(0xf584eca0)
12-14 00:52:38.302  1712  2241 D NuPlayerDriver: notifyResetComplete(0xf584eca0)
12-14 00:52:38.311  1712  2013 D NuPlayerDriver: start(0xf502f1c0)
12-14 00:52:38.311  1712  2248 I GenericSource: start
12-14 00:52:38.317  1712  2013 D NuPlayerDriver: reset(0xf502f1c0)
12-14 00:52:38.317  1712  2248 D NuPlayerDriver: notifyResetComplete(0xf502f1c0)
12-14 00:52:38.373  1973  1973 D gps_serial: GPS dev open_gps
12-14 00:52:38.373  1973  1973 D gps_serial: GPS dev get_hardware_interface
12-14 00:52:38.373  1973  1973 D GpsLocationProvider: Reset GPS properties, previous size = 0
12-14 00:52:38.373  1973  1973 D GpsLocationProvider: GpsParamsResource: SUPL_HOST=supl.google.com
12-14 00:52:38.373  1973  1973 D GpsLocationProvider: GpsParamsResource: SUPL_PORT=7275
12-14 00:52:38.373  1973  1973 D GpsLocationProvider: GpsParamsResource: NTP_SERVER=north-america.pool.ntp.org
12-14 00:52:38.373  1973  1973 D GpsLocationProvider: GpsParamsResource: SUPL_VER=0x20000
12-14 00:52:38.373  1973  1973 D GpsLocationProvider: GpsParamsResource: SUPL_MODE=1
12-14 00:52:38.438  1688  1696 I fsck_msdos: ** /dev/block/vold/8:49
12-14 00:52:38.438  1688  1696 I fsck_msdos: ** Phase 1 - Read FAT (compare skipped)
12-14 00:52:38.438  1688  1696 I fsck_msdos: Attempting to allocate 7448 KB for FAT
12-14 00:52:38.460  1973  1973 D GpsLocationProvider: GPS properties reloaded, size = 8
12-14 00:52:38.460  1973  1973 E GpsLocationProvider: no AGPS interface in set_agps_server
12-14 00:52:38.460  1973  1973 E GpsLocationProvider: no GPS configuration interface in configuraiton_update
12-14 00:52:38.460  1973  1973 D GpsLocationProvider: final config = #Mon Dec 14 00:52:38 EST 2015
12-14 00:52:38.460  1973  1973 D GpsLocationProvider: SUPL_VER=0x20000
12-14 00:52:38.460  1973  1973 D GpsLocationProvider: SUPL_HOST=supl.google.com
12-14 00:52:38.460  1973  1973 D GpsLocationProvider: XTRA_SERVER_3=http\://xtra3.gpsonextra.net/xtra.bin
12-14 00:52:38.460  1973  1973 D GpsLocationProvider: XTRA_SERVER_1=http\://xtra1.gpsonextra.net/xtra.bin
12-14 00:52:38.460  1973  1973 D GpsLocationProvider: SUPL_PORT=7275
12-14 00:52:38.460  1973  1973 D GpsLocationProvider: XTRA_SERVER_2=http\://xtra2.gpsonextra.net/xtra.bin
12-14 00:52:38.460  1973  1973 D GpsLocationProvider: NTP_SERVER=north-america.pool.ntp.org
12-14 00:52:38.460  1973  1973 D GpsLocationProvider: SUPL_MODE=1
12-14 00:52:38.464  1973  1973 E FlpHardwareProvider: Error hw_get_module 'flp': -2
12-14 00:52:38.464  1973  1973 E LocationManagerService: FLP HAL not supported
12-14 00:52:38.464  1973  1973 E ActivityRecognitionHardware: Error hw_get_module: -2
12-14 00:52:38.464  1973  1973 E LocationManagerService: Hardware Activity-Recognition not supported.
12-14 00:52:38.466  1973  1997 D gps_serial: serial_gps_init
12-14 00:52:38.466  1973  1997 D gps_serial: gps_state_init
12-14 00:52:38.466  1973  1997 D gps_serial: no kernel-provided gps device name
12-14 00:52:38.466  1973  1997 W GpsLocationProvider: Failed to enable location provider
12-14 00:52:38.481  1973  1998 I ActivityManager: Start proc 2255:com.google.android.gms.persistent/u0a7 for broadcast com.google.android.gms/com.google.android.location.internal.NlpNetworkProviderSettingsUpdateReceiver
12-14 00:52:38.482  1973  1973 I CommonTimeManagementService: No common time service detected on this platform.  Common time services will be unavailable.
12-14 00:52:38.482  1973  2018 I InputReader: Reconfiguring input devices.  changes=0x00000020
12-14 00:52:38.482  1973  1973 I MmsServiceBroker: Delay connecting to MmsService until an API is called
12-14 00:52:38.482  1973  1973 W VoiceInteractionManagerService: no available voice interaction services found for user 0
12-14 00:52:38.482  1973  1973 W VoiceInteractionManagerService: no available voice recognition services found for user 0
12-14 00:52:38.483  1973  2018 I InputReader: Reconfiguring input devices.  changes=0x00000010
12-14 00:52:38.498  1973  1973 I ActivityManager: Start proc 2278:com.android.phone/1001 for added application com.android.phone
12-14 00:52:38.514  1688  1696 I fsck_msdos: ** Phase 2 - Check Cluster Chains
12-14 00:52:38.519  1688  1696 I fsck_msdos: ** Phase 3 - Checking Directories
12-14 00:52:38.971  1973  1973 I ActivityManager: START u0 {act=android.intent.action.MAIN cat=[android.intent.category.HOME] flg=0x10000000 cmp=com.android.launcher3/.Launcher} from uid 0 on display 0
12-14 00:52:38.972  1973  1973 V WindowManager: addAppToken: AppWindowToken{c85c4ec token=Token{2f8efb9f ActivityRecord{28c2e13e u0 com.android.launcher3/.Launcher t1}}} to stack=0 task=1 at 0
12-14 00:52:38.987  1973  1973 I ActivityManager: Start proc 2303:com.android.launcher3/u0a44 for activity com.android.launcher3/.Launcher
12-14 00:52:38.987  1973  1997 W art     : Long monitor contention event with owner method=void com.android.server.am.ActivityManagerService.systemReady(java.lang.Runnable) from ActivityManagerService.java:11323 waiters=0 for 504ms
12-14 00:52:39.002  1973  1997 I ActivityManager: Start proc 2326:com.android.printspooler/u0a53 for service com.android.printspooler/.model.PrintSpoolerService
12-14 00:52:39.002  1973  1994 W art     : Long monitor contention event with owner method=void com.android.server.am.ActivityManagerService.systemReady(java.lang.Runnable) from ActivityManagerService.java:11323 waiters=1 for 518ms
12-14 00:52:39.003  1973  2127 W art     : Long monitor contention event with owner method=void com.android.server.am.ActivityManagerService.systemReady(java.lang.Runnable) from ActivityManagerService.java:11323 waiters=2 for 502ms
12-14 00:52:39.003  1973  1993 W art     : Long monitor contention event with owner method=void com.android.server.am.ActivityManagerService.systemReady(java.lang.Runnable) from ActivityManagerService.java:11323 waiters=3 for 311ms
12-14 00:52:39.003  1973  1973 I ActivityThread: Switching default density from 160 to 240
12-14 00:52:39.003  1973  1973 V ActivityManager: Display changed displayId=0
12-14 00:52:39.004  1973  1973 V ActivityManager: Display changed displayId=0
12-14 00:52:39.005  2255  2255 I ActivityThread: Switching default density from 160 to 240
12-14 00:52:39.005  2278  2278 I ActivityThread: Switching default density from 160 to 240
12-14 00:52:39.006  2303  2303 I ActivityThread: Switching default density from 160 to 240
12-14 00:52:39.006  2255  2255 W ResourcesManager: Asset path '/system/framework/com.android.media.remotedisplay.jar' does not exist or contains no resources.
12-14 00:52:39.006  2255  2255 W ResourcesManager: Asset path '/system/framework/com.android.location.provider.jar' does not exist or contains no resources.
12-14 00:52:39.006  2326  2326 I ActivityThread: Switching default density from 160 to 240
12-14 00:52:39.133  1973  1973 D WifiScanningService: SCAN_AVAILABLE : 1
12-14 00:52:39.133  1973  1973 D RttService: SCAN_AVAILABLE : 1
12-14 00:52:39.133  1973  2051 D WifiScanningService: DefaultState got{ when=0 what=160007 target=com.android.internal.util.StateMachine$SmHandler }
12-14 00:52:39.133  1973  2052 D RttService: DefaultState got{ when=0 what=160513 target=com.android.internal.util.StateMachine$SmHandler }
12-14 00:52:39.134  1973  1973 D WifiScanningService: SCAN_AVAILABLE : 3
12-14 00:52:39.134  1973  1973 D RttService: SCAN_AVAILABLE : 3
12-14 00:52:39.134  1973  2052 D RttService: DefaultState got{ when=0 what=160512 target=com.android.internal.util.StateMachine$SmHandler }
12-14 00:52:39.134  1973  2051 D WifiScanningService: DefaultState got{ when=0 what=160006 target=com.android.internal.util.StateMachine$SmHandler }
12-14 00:52:39.134  1973  2051 I WifiNative-HAL: startHal
12-14 00:52:39.134  1973  2051 E WifiScanningService: could not start HAL
12-14 00:52:39.134  1973  1973 I Choreographer: Skipped 96 frames!  The application may be doing too much work on its main thread.
12-14 00:52:39.149  1688  1696 I fsck_msdos: ** Phase 4 - Checking for Lost Files
12-14 00:52:39.152  1688  1696 I fsck_msdos: Next free cluster in FSInfo block (140850) not free
12-14 00:52:39.152  1688  1696 I fsck_msdos: FIXED
12-14 00:52:39.152  1688  1696 I fsck_msdos: 3491 files, 1981344 free (1765853 clusters)
12-14 00:52:39.156  1688  1696 I Vold    : Filesystem check completed OK
12-14 00:52:39.169  2081  2081 I art     : System.exit called, status: 0
12-14 00:52:39.169  2081  2081 I AndroidRuntime: VM exiting with result code 0, cleanup skipped.
12-14 00:52:39.277  2061  2061 I art     : System.exit called, status: 0
12-14 00:52:39.277  2061  2061 I AndroidRuntime: VM exiting with result code 0, cleanup skipped.
12-14 00:52:39.314  2105  2105 V SystemUIService: Starting SystemUI services.
12-14 00:52:39.337  1973  1973 I Telecom : TelecomGlobals: TelecomGlobals initializing
12-14 00:52:39.442  1715  1715 I art     : Explicit concurrent mark sweep GC freed 706(30KB) AllocSpace objects, 0(0B) LOS objects, 39% free, 1950KB/3MB, paused 24us total 2.474ms
12-14 00:52:39.444  1715  1715 I art     : Explicit concurrent mark sweep GC freed 5(160B) AllocSpace objects, 0(0B) LOS objects, 39% free, 1950KB/3MB, paused 21us total 2.261ms
12-14 00:52:39.447  1715  1715 I art     : Explicit concurrent mark sweep GC freed 5(160B) AllocSpace objects, 0(0B) LOS objects, 39% free, 1950KB/3MB, paused 21us total 2.943ms
12-14 00:52:39.465  1973  2351 I ActivityManager: Start proc 2352:android.process.acore/u0a2 for content provider com.android.providers.contacts/.CallLogProvider
12-14 00:52:39.467  2352  2352 I ActivityThread: Switching default density from 160 to 240
12-14 00:52:39.467  1973  1992 I art     : Background partial concurrent mark sweep GC freed 17914(1316KB) AllocSpace objects, 4(64KB) LOS objects, 33% free, 8MB/13MB, paused 485us total 129.933ms
12-14 00:52:39.503  1973  2325 V FingerprintService: startListening(android.service.fingerprint.IFingerprintServiceReceiver$Stub$Proxy@b072a9b)
12-14 00:52:39.585  1973  1973 D BluetoothManagerService: Trying to bind to profile: 1, while Bluetooth was disabled
12-14 00:52:39.585  1973  2002 D BluetoothManagerService: Message: 30
12-14 00:52:39.587  1973  1973 I Telecom : TelecomGlobals: CallsManager initialized
12-14 00:52:39.587  1973  1973 W ContextImpl: Calling a method in the system process without a qualified user: android.app.ContextImpl.startService:1692 android.content.ContextWrapper.startService:516 com.android.server.telecom.BluetoothPhoneService.start:440 com.android.server.telecom.TelecomGlobals.initialize:93 com.android.server.telecom.TelecomService.onCreate:164 
12-14 00:52:39.587  1973  1973 D ZenLog  : downtime: Autotrigger skipped: not in downtime
12-14 00:52:39.587  1973  1973 D GpsNetInitiatedHandler: location enabled :true
12-14 00:52:39.587  1973  1973 V WiredAccessoryManager: notifyWiredAccessoryChanged: when=0 bits= mask=54
12-14 00:52:39.587  1973  1973 V WiredAccessoryManager: newName=h2w newState=0 headsetState=0 prev headsetState=0
12-14 00:52:39.587  1973  1973 E WiredAccessoryManager: No state change.
12-14 00:52:39.587  1973  1973 V WiredAccessoryManager: init()
12-14 00:52:39.592  1973  1973 W ResourcesManager: Asset path '/system/framework/com.google.android.media.effects.jar' does not exist or contains no resources.
12-14 00:52:39.598  1712  1712 D NuPlayerDriver: start(0xf584eca0)
12-14 00:52:39.598  1712  2376 I GenericSource: start
12-14 00:52:39.603  1712  1712 D NuPlayerDriver: reset(0xf584eca0)
12-14 00:52:39.603  1712  2376 D NuPlayerDriver: notifyResetComplete(0xf584eca0)
12-14 00:52:39.611  1712  2013 D NuPlayerDriver: start(0xf502f1c0)
12-14 00:52:39.611  1712  2383 I GenericSource: start
12-14 00:52:39.615  1712  2013 D NuPlayerDriver: reset(0xf502f1c0)
12-14 00:52:39.616  1712  2383 D NuPlayerDriver: notifyResetComplete(0xf502f1c0)
12-14 00:52:39.625  1712  2046 D NuPlayerDriver: start(0xf584edc0)
12-14 00:52:39.625  1712  2390 I GenericSource: start
12-14 00:52:39.627  1712  2046 D NuPlayerDriver: reset(0xf584edc0)
12-14 00:52:39.628  1712  2390 D NuPlayerDriver: notifyResetComplete(0xf584edc0)
12-14 00:52:39.647  1688  1696 D Vold    : blkid identified as /dev/block/vold/8:49: LABEL="IR3_CPRA_X6" UUID="12E8-1A44" TYPE="vfat" 
12-14 00:52:39.648  1688  1696 D Vold    : Volume usb0 state changing 3 (Checking) -> 4 (Mounted)
12-14 00:52:39.648  1973  2019 E VoldConnector: NDC Command {5 volume mount /storage/usb0} took too long (1987ms)
12-14 00:52:39.648  1973  2000 D MountService: volume state changed for /storage/usb0 (checking -> mounted)
12-14 00:52:39.648  1973  2000 D MountService: sendStorageIntent Intent { act=android.intent.action.MEDIA_MOUNTED dat=file:///storage/usb0 flg=0x4000000 (has extras) } to UserHandle{-1}
12-14 00:52:39.648  1973  2019 E MountService: Boot-time mount failed (-1)
12-14 00:52:39.648  1973  2019 W MountService: Duplicate state transition (mounted -> mounted) for /storage/emulated/0
12-14 00:52:39.746  2184  2184 I LatinIME: Hardware accelerated drawing: true
12-14 00:52:39.792  1973  2002 D BluetoothManagerService: Message: 300
12-14 00:52:39.792  1973  2002 D BluetoothManagerService: MESSAGE_USER_SWITCHED
12-14 00:52:39.793  1689  1697 D PermissionCache: checking android.permission.HARDWARE_TEST for uid=1000 => granted (57 us)
12-14 00:52:39.793  1712  2013 D BlueZ   : external/bluetooth/bluez/android/hal-audio.c:audio_set_mic_mute() 
12-14 00:52:39.796  1973  1973 V BackupManagerService: Connected to transport ComponentInfo{android/com.android.internal.backup.LocalTransportService}
12-14 00:52:39.796  1973  1973 V BackupManagerService: Registering transport android/com.android.internal.backup.LocalTransportService::android/com.android.internal.backup.LocalTransport = android.app.backup.BackupTransport$TransportImpl@a872e36
12-14 00:52:39.801  1973  1973 I Choreographer: Skipped 39 frames!  The application may be doing too much work on its main thread.
12-14 00:52:39.804  1973  1973 D BluetoothManagerService: Trying to bind to profile: 1, while Bluetooth was disabled
12-14 00:52:39.804  1973  2002 D BluetoothManagerService: Message: 30
12-14 00:52:40.351  2303  2303 D Launcher.LauncherProvider: 11683562 - initializeMaxScreenId(): 3
12-14 00:52:40.351  2303  2303 V Launcher: LauncherAppState inited
12-14 00:52:40.484  2303  2303 D Launcher.Model: Old launcher provider: content://com.android.launcher2.settings/favorites?notify=true
12-14 00:52:40.484  2303  2303 D Launcher.Model: Old launcher provider does not exist.
12-14 00:52:40.489  2303  2303 W Launcher: setApplicationContext called twice! old=com.android.launcher3.LauncherApplication@11a67174 new=com.android.launcher3.LauncherApplication@11a67174
12-14 00:52:40.740  2303  2303 W ResourceType: Attempt to retrieve bag 0x7f0d0008 which is invalid or in a cycle.
12-14 00:52:40.908  2105  2124 I art     : Background sticky concurrent mark sweep GC freed 9304(466KB) AllocSpace objects, 0(0B) LOS objects, 12% free, 2MB/3MB, paused 230us total 290.420ms
12-14 00:52:40.909  2105  2105 D VolumeUI: Registering volume controller
12-14 00:52:40.915  2303  2322 I art     : Background sticky concurrent mark sweep GC freed 2868(297KB) AllocSpace objects, 0(0B) LOS objects, 8% free, 2MB/3MB, paused 198us total 172.766ms
12-14 00:52:41.021  2326  2326 I PrintSpoolerService: No existing print spooler state.
12-14 00:52:41.183  1973  1993 I StatusBarManagerService: registerStatusBar bar=com.android.internal.statusbar.IStatusBar$Stub$Proxy@4624c2a
12-14 00:52:41.461  1973  2040 D WifiService: New client listening to asynchronous messages
12-14 00:52:41.464  1973  2002 D BluetoothManagerService: Message: 20
12-14 00:52:41.464  1973  2002 D BluetoothManagerService: Added callback: android.bluetooth.IBluetoothManagerCallback$Stub$Proxy@15f5743d:true
12-14 00:52:41.464  2105  2105 D BluetoothAdapter: 247934589: getState() :  mService = null. Returning STATE_OFF
12-14 00:52:41.464  2105  2415 D BluetoothAdapter: 247934589: getState() :  mService = null. Returning STATE_OFF
12-14 00:52:41.464  1973  2002 D BluetoothManagerService: Message: 30
12-14 00:52:41.465  1973  2002 D BluetoothManagerService: Message: 30
12-14 00:52:41.465  2105  2105 E BluetoothA2dpSink: Could not bind to Bluetooth A2DP Service with Intent { act=android.bluetooth.IBluetoothA2dpSink }
12-14 00:52:41.465  1973  2002 D BluetoothManagerService: Message: 30
