--------- beginning of main
12-14 00:52:08.739  1694  1694 E ProbeModule: insmod_by_dep: cannot load module: [net-pf-16-proto-9]
12-14 00:52:08.753  1686  1686 I lowmemorykiller: Using in-kernel low memory killer interface
--------- beginning of system
12-14 00:52:08.868  1688  1688 I Vold    : Vold 2.1 (the revenge) firing up
12-14 00:52:08.868  1688  1688 E DirectVolume: Vold managed volumes must have auto mount point; ignoring /storage/usb0
12-14 00:52:08.868  1688  1688 D Vold    : Volume usb0 state changing -1 (Initializing) -> 0 (No-Media)
12-14 00:52:08.868  1688  1688 E DirectVolume: Vold managed volumes must have auto mount point; ignoring /storage/usb1
12-14 00:52:08.868  1688  1688 D Vold    : Volume usb1 state changing -1 (Initializing) -> 0 (No-Media)
12-14 00:52:08.868  1688  1688 E DirectVolume: Vold managed volumes must have auto mount point; ignoring /storage/usb2
12-14 00:52:08.868  1688  1688 D Vold    : Volume usb2 state changing -1 (Initializing) -> 0 (No-Media)
12-14 00:52:08.868  1688  1688 E DirectVolume: Vold managed volumes must have auto mount point; ignoring /storage/usb3
12-14 00:52:08.868  1688  1688 D Vold    : Volume usb3 state changing -1 (Initializing) -> 0 (No-Media)
12-14 00:52:08.947  1689  1689 I SurfaceFlinger: SurfaceFlinger is starting
12-14 00:52:08.947  1689  1689 I SurfaceFlinger: SurfaceFlinger's main thread ready to run. Initializing graphics H/W...
12-14 00:52:09.016  1689  1689 D libEGL  : loaded /system/lib64/egl/libGLES_mesa.so
12-14 00:52:09.028  1689  1689 I GRALLOC-DRM: create intel for driver i915
12-14 00:52:09.145  1689  1689 I EGL-DRI2: DRI2: found extension DRI_Core version 1
12-14 00:52:09.145  1689  1689 I EGL-DRI2: DRI2: found extension DRI_DRI2 version 4
12-14 00:52:09.209  1689  1689 I EGL-DRI2: DRI2: found extension DRI_TexBuffer version 3
12-14 00:52:09.209  1689  1689 I EGL-DRI2: DRI2: found extension DRI2_Flush version 4
12-14 00:52:09.209  1689  1689 I EGL-DRI2: DRI2: found extension DRI_IMAGE version 11
12-14 00:52:09.209  1689  1689 D GRALLOC-KMS: supported drm planes and formats
12-14 00:52:09.209  1689  1689 D GRALLOC-KMS: plane id 21
12-14 00:52:09.209  1689  1689 D GRALLOC-KMS:     format XB24
12-14 00:52:09.209  1689  1689 D GRALLOC-KMS:     format XR24
12-14 00:52:09.209  1689  1689 D GRALLOC-KMS:     format YUYV
12-14 00:52:09.209  1689  1689 D GRALLOC-KMS:     format YVYU
12-14 00:52:09.209  1689  1689 D GRALLOC-KMS:     format UYVY
12-14 00:52:09.210  1689  1689 D GRALLOC-KMS:     format VYUY
12-14 00:52:09.210  1689  1689 D GRALLOC-KMS: plane id 25
12-14 00:52:09.210  1689  1689 D GRALLOC-KMS:     format XB24
12-14 00:52:09.210  1689  1689 D GRALLOC-KMS:     format XR24
12-14 00:52:09.210  1689  1689 D GRALLOC-KMS:     format YUYV
12-14 00:52:09.210  1689  1689 D GRALLOC-KMS:     format YVYU
12-14 00:52:09.210  1689  1689 D GRALLOC-KMS:     format UYVY
12-14 00:52:09.210  1689  1689 D GRALLOC-KMS:     format VYUY
12-14 00:52:09.210  1689  1689 D GRALLOC-KMS: plane id 29
12-14 00:52:09.210  1689  1689 D GRALLOC-KMS:     format XB24
12-14 00:52:09.210  1689  1689 D GRALLOC-KMS:     format XR24
12-14 00:52:09.210  1689  1689 D GRALLOC-KMS:     format YUYV
12-14 00:52:09.210  1689  1689 D GRALLOC-KMS:     format YVYU
12-14 00:52:09.210  1689  1689 D GRALLOC-KMS:     format UYVY
12-14 00:52:09.210  1689  1689 D GRALLOC-KMS:     format VYUY
12-14 00:52:09.212  1689  1689 I GRALLOC-KMS: there are 2 modes on connector 0x21, type 14
12-14 00:52:09.212  1689  1689 I GRALLOC-KMS:   1920x1080
12-14 00:52:09.212  1689  1689 I GRALLOC-KMS:   1920x1080
12-14 00:52:09.212  1689  1689 I GRALLOC-KMS: Established mode:
12-14 00:52:09.212  1689  1689 I GRALLOC-KMS: clock: 140490, hdisplay: 1920, hsync_start: 1972, hsync_end: 2007, htotal: 2094, hskew: 0
12-14 00:52:09.212  1689  1689 I GRALLOC-KMS: vdisplay: 1080, vsync_start: 1083, vsync_end: 1089, vtotal: 1118, vscan: 0, vrefresh: 60
12-14 00:52:09.212  1689  1689 I GRALLOC-KMS: flags: 9, type: 72, name 1920x1080
12-14 00:52:09.212  1689  1689 I GRALLOC-KMS: the best mode is 1920x1080
12-14 00:52:09.214  1689  1689 D GRALLOC-KMS: will use flip for fb posting
12-14 00:52:09.214  1689  1689 I GRALLOC-MOD: mode.hdisplay 1920
12-14 00:52:09.214  1689  1689 I GRALLOC-MOD: mode.vdisplay 1080
12-14 00:52:09.214  1689  1689 I GRALLOC-MOD: mode.vrefresh 60.000000
12-14 00:52:09.214  1689  1689 I GRALLOC-MOD: format 0x5
12-14 00:52:09.214  1689  1689 I GRALLOC-MOD: xdpi 128.000000
12-14 00:52:09.214  1689  1689 I GRALLOC-MOD: ydpi 130.000000
12-14 00:52:09.214  1689  1689 I GRALLOC-MOD: mode.hdisplay 1920
12-14 00:52:09.214  1689  1689 I GRALLOC-MOD: mode.vdisplay 1080
12-14 00:52:09.214  1689  1689 I GRALLOC-MOD: mode.vrefresh 60.000000
12-14 00:52:09.214  1689  1689 I GRALLOC-MOD: format 0x5
12-14 00:52:09.214  1689  1689 I GRALLOC-MOD: xdpi 128.000000
12-14 00:52:09.214  1689  1689 I GRALLOC-MOD: ydpi 130.000000
12-14 00:52:09.214  1689  1689 W hwcomposer: getting VSYNC period from fb HAL: 16666667
12-14 00:52:09.214  1689  1689 D hwcomposer: Intel hwcomposer module
12-14 00:52:09.214  1689  1689 I SurfaceFlinger: Using composer version 1.0
12-14 00:52:09.214  1689  1689 W SurfaceFlinger: no suitable EGLConfig found, trying a simpler query
12-14 00:52:09.214  1689  1689 I SurfaceFlinger: EGL information:
12-14 00:52:09.214  1689  1689 I SurfaceFlinger: vendor    : Android
12-14 00:52:09.214  1689  1689 I SurfaceFlinger: version   : 1.4 Android META-EGL
12-14 00:52:09.214  1689  1689 I SurfaceFlinger: extensions: EGL_KHR_get_all_proc_addresses EGL_ANDROID_presentation_time EGL_KHR_image_base EGL_KHR_gl_texture_2D_image EGL_KHR_gl_texture_cubemap_image EGL_KHR_gl_renderbuffer_image EGL_KHR_fence_sync EGL_KHR_create_context EGL_EXT_create_context_robustness EGL_ANDROID_image_native_buffer EGL_KHR_wait_sync 
12-14 00:52:09.214  1689  1689 I SurfaceFlinger: Client API: OpenGL_ES
12-14 00:52:09.214  1689  1689 I SurfaceFlinger: EGLSurface: 8-8-8-8, config=0x7f1b80d7a040
12-14 00:52:09.338  1705  1705 I Netd    : Netd 1.0 starting
12-14 00:52:09.479  1717  1717 I powerbtn: open event3(Power Button) ok
12-14 00:52:09.496  1705  1705 E Netd    : Failed to open /proc/sys/net/ipv6/conf/default/accept_ra_rt_table: No such file or directory
12-14 00:52:09.496  1705  1705 E Netd    : Failed to open /proc/sys/net/ipv6/conf/eth0/accept_ra_rt_table: No such file or directory
12-14 00:52:09.496  1705  1705 E Netd    : Failed to open /proc/sys/net/ipv6/conf/ip6tnl0/accept_ra_rt_table: No such file or directory
12-14 00:52:09.496  1705  1705 E Netd    : Failed to open /proc/sys/net/ipv6/conf/lo/accept_ra_rt_table: No such file or directory
12-14 00:52:09.496  1705  1705 E Netd    : Failed to open /proc/sys/net/ipv6/conf/sit0/accept_ra_rt_table: No such file or directory
12-14 00:52:09.496  1705  1705 E Netd    : Failed to open /proc/sys/net/ipv6/conf/wlan0/accept_ra_rt_table: No such file or directory
12-14 00:52:09.505  1717  1717 I powerbtn: open event0(Power Button) ok
12-14 00:52:09.511  1709  1709 I         : debuggerd: Oct  6 2015 23:16:39
12-14 00:52:09.676  1714  1714 I keystore: SELinux: Keystore SELinux is disabled.
12-14 00:52:09.903  1713  1713 I installd: installd firing up
12-14 00:52:10.059  1689  1689 I SurfaceFlinger: OpenGL ES informations:
12-14 00:52:10.059  1689  1689 I SurfaceFlinger: vendor    : Intel Open Source Technology Center
12-14 00:52:10.059  1689  1689 I SurfaceFlinger: renderer  : Mesa DRI Intel(R) Haswell Mobile 
12-14 00:52:10.059  1689  1689 I SurfaceFlinger: version   : OpenGL ES 3.0 Mesa 11.0.2 (git-68868dc)
12-14 00:52:10.059  1689  1689 I SurfaceFlinger: extensions: GL_EXT_blend_minmax GL_EXT_multi_draw_arrays GL_EXT_texture_filter_anisotropic GL_EXT_texture_compression_dxt1 GL_EXT_texture_format_BGRA8888 GL_OES_compressed_ETC1_RGB8_texture GL_OES_depth24 GL_OES_element_index_uint GL_OES_fbo_render_mipmap GL_OES_mapbuffer GL_OES_rgb8_rgba8 GL_OES_standard_derivatives GL_OES_stencil8 GL_OES_texture_3D GL_OES_texture_float GL_OES_texture_float_linear GL_OES_texture_half_float GL_OES_texture_half_float_linear GL_OES_texture_npot GL_OES_EGL_image GL_OES_depth_texture GL_OES_packed_depth_stencil GL_EXT_texture_type_2_10_10_10_REV GL_OES_get_program_binary GL_APPLE_texture_max_level GL_EXT_discard_framebuffer GL_EXT_read_format_bgra GL_NV_fbo_color_attachments GL_OES_EGL_image_external GL_OES_EGL_sync GL_OES_vertex_array_object GL_ANGLE_texture_compression_dxt3 GL_ANGLE_texture_compression_dxt5 GL_EXT_texture_rg GL_EXT_unpack_subimage GL_NV_draw_buffers GL_NV_read_buffer GL_NV_read_depth GL_NV_read_depth_stencil GL_NV_read_stencil GL_EXT_draw_buffers GL_EXT_map_bu
12-14 00:52:10.059  1689  1689 I SurfaceFlinger: GL_MAX_TEXTURE_SIZE = 8192
12-14 00:52:10.059  1689  1689 I SurfaceFlinger: GL_MAX_VIEWPORT_DIMS = 16384
12-14 00:52:10.060  1689  1689 D SurfaceFlinger: Open /dev/tty0 OK
12-14 00:52:10.064  1689  1689 D SurfaceFlinger: Set power mode=2, type=0 flinger=0x7f1b80c62000
12-14 00:52:10.225  1705  1705 V NatController: runCmd(/system/bin/iptables -F natctrl_FORWARD) res=0
12-14 00:52:10.226  1705  1705 V NatController: runCmd(/system/bin/iptables -A natctrl_FORWARD -j DROP) res=0
12-14 00:52:10.226  1705  1705 V NatController: runCmd(/system/bin/iptables -t nat -F natctrl_nat_POSTROUTING) res=0
12-14 00:52:10.227  1705  1705 V NatController: runCmd(/system/bin/iptables -F natctrl_tether_counters) res=1
12-14 00:52:10.228  1705  1705 V NatController: runCmd(/system/bin/iptables -X natctrl_tether_counters) res=1
12-14 00:52:10.228  1705  1705 V NatController: runCmd(/system/bin/iptables -N natctrl_tether_counters) res=0
12-14 00:52:10.229  1705  1705 V NatController: runCmd(/system/bin/iptables -t mangle -A natctrl_mangle_FORWARD -p tcp --tcp-flags SYN SYN -j TCPMSS --clamp-mss-to-pmtu) res=0
12-14 00:52:10.258  1705  1705 I iptables: iptables: Invalid argument. Run `dmesg' for more information.
12-14 00:52:10.258  1705  1705 I iptables: iptables terminated by exit(1)
12-14 00:52:10.258  1705  1705 E BandwidthController: runIptablesCmd(): res=1 status=256 failed /system/bin/iptables -A bw_INPUT -m owner --socket-exists
12-14 00:52:10.259  1705  1705 I ip6tables: ip6tables: Invalid argument. Run `dmesg' for more information.
12-14 00:52:10.259  1705  1705 I ip6tables: ip6tables terminated by exit(1)
12-14 00:52:10.259  1705  1705 E BandwidthController: runIptablesCmd(): res=1 status=256 failed /system/bin/ip6tables -A bw_INPUT -m owner --socket-exists
12-14 00:52:10.425  1689  1689 D SurfaceFlinger: shader cache generated - 24 shaders in 313.880157 ms
12-14 00:52:10.432  1938  1938 E ProbeModule: insmod_by_dep: cannot load module: [net-pf-16-proto-5]
12-14 00:52:10.432  1705  1705 E Netd    : Unable to create netlink socket: Protocol not supported
12-14 00:52:10.432  1705  1705 E Netd    : Unable to open quota2 logging socket
12-14 00:52:10.432  1705  1705 D MDnsDS  : MDnsSdListener::Hander starting up
12-14 00:52:10.432  1705  1940 D MDnsDS  : MDnsSdListener starting to monitor
12-14 00:52:10.432  1705  1940 D MDnsDS  : Going to poll with pollCount 1
12-14 00:52:11.226  1708  1708 I         : debuggerd: Oct  6 2015 23:16:39
12-14 00:52:12.342  1712  1712 I mediaserver: ServiceManager: 0xf58356a0
12-14 00:52:12.342  1712  1712 I AudioFlinger: Using default 3000 mSec as standby time.
12-14 00:52:12.342  1712  1712 I ServiceManager: Waiting for service batterystats...
12-14 00:52:13.342  1712  1712 I ServiceManager: Waiting for service batterystats...
12-14 00:52:13.547  1689  1697 I SurfaceFlinger: auto set density to 240
12-14 00:52:13.548  1733  1947 D libEGL  : loaded /system/lib64/egl/libGLES_mesa.so
12-14 00:52:13.557  1733  1947 I GRALLOC-DRM: create intel for driver i915
12-14 00:52:13.557  1733  1947 I EGL-DRI2: DRI2: found extension DRI_Core version 1
12-14 00:52:13.557  1733  1947 I EGL-DRI2: DRI2: found extension DRI_DRI2 version 4
12-14 00:52:13.560  1733  1947 I EGL-DRI2: DRI2: found extension DRI_TexBuffer version 3
12-14 00:52:13.560  1733  1947 I EGL-DRI2: DRI2: found extension DRI2_Flush version 4
12-14 00:52:13.560  1733  1947 I EGL-DRI2: DRI2: found extension DRI_IMAGE version 11
12-14 00:52:14.339  1715  1715 D AndroidRuntime: >>>>>> START com.android.internal.os.ZygoteInit uid 0 <<<<<<
12-14 00:52:14.342  1712  1712 I ServiceManager: Waiting for service batterystats...
12-14 00:52:14.617  1716  1716 D AndroidRuntime: >>>>>> START com.android.internal.os.ZygoteInit uid 0 <<<<<<
12-14 00:52:14.683  1715  1715 D AndroidRuntime: CheckJNI is OFF
12-14 00:52:14.875  1715  1715 I art     : option[0]=-Xzygote
12-14 00:52:14.875  1715  1715 I art     : option[1]=-Xstacktracefile:/data/anr/traces.txt
12-14 00:52:14.875  1715  1715 I art     : option[2]=exit
12-14 00:52:14.875  1715  1715 I art     : option[3]=vfprintf
12-14 00:52:14.875  1715  1715 I art     : option[4]=sensitiveThread
12-14 00:52:14.875  1715  1715 I art     : option[5]=-verbose:gc
12-14 00:52:14.875  1715  1715 I art     : option[6]=-Xms16m
12-14 00:52:14.875  1715  1715 I art     : option[7]=-Xmx512m
12-14 00:52:14.875  1715  1715 I art     : option[8]=-XX:mainThreadStackSize=24K
12-14 00:52:14.875  1715  1715 I art     : option[9]=-XX:HeapGrowthLimit=192m
12-14 00:52:14.875  1715  1715 I art     : option[10]=-XX:HeapMinFree=512k
12-14 00:52:14.875  1715  1715 I art     : option[11]=-XX:HeapMaxFree=8m
12-14 00:52:14.875  1715  1715 I art     : option[12]=-XX:HeapTargetUtilization=0.75
12-14 00:52:14.875  1715  1715 I art     : option[13]=-Xgenregmap
12-14 00:52:14.875  1715  1715 I art     : option[14]=-Xgc:precise
12-14 00:52:14.875  1715  1715 I art     : option[15]=-agentlib:jdwp=transport=dt_android_adb,suspend=n,server=y
12-14 00:52:14.875  1715  1715 I art     : option[16]=-Xlockprofthreshold:500
12-14 00:52:14.875  1715  1715 I art     : option[17]=-Ximage-compiler-option
12-14 00:52:14.875  1715  1715 I art     : option[18]=--runtime-arg
12-14 00:52:14.875  1715  1715 I art     : option[19]=-Ximage-compiler-option
12-14 00:52:14.875  1715  1715 I art     : option[20]=-Xms64m
12-14 00:52:14.875  1715  1715 I art     : option[21]=-Ximage-compiler-option
12-14 00:52:14.875  1715  1715 I art     : option[22]=--runtime-arg
12-14 00:52:14.875  1715  1715 I art     : option[23]=-Ximage-compiler-option
12-14 00:52:14.875  1715  1715 I art     : option[24]=-Xmx64m
12-14 00:52:14.875  1715  1715 I art     : option[25]=-Ximage-compiler-option
12-14 00:52:14.875  1715  1715 I art     : option[26]=--image-classes=/system/etc/preloaded-classes
12-14 00:52:14.875  1715  1715 I art     : option[27]=-Xcompiler-option
12-14 00:52:14.875  1715  1715 I art     : option[28]=--runtime-arg
12-14 00:52:14.875  1715  1715 I art     : option[29]=-Xcompiler-option
12-14 00:52:14.875  1715  1715 I art     : option[30]=-Xms64m
12-14 00:52:14.875  1715  1715 I art     : option[31]=-Xcompiler-option
12-14 00:52:14.875  1715  1715 I art     : option[32]=--runtime-arg
12-14 00:52:14.875  1715  1715 I art     : option[33]=-Xcompiler-option
12-14 00:52:14.875  1715  1715 I art     : option[34]=-Xmx512m
12-14 00:52:14.875  1715  1715 I art     : option[35]=-Duser.language=en
12-14 00:52:14.875  1715  1715 I art     : option[36]=-Duser.region=US
12-14 00:52:14.875  1715  1715 I art     : option[37]=-XX:NativeBridge=libnb.so
12-14 00:52:14.985  1716  1716 D AndroidRuntime: CheckJNI is OFF
12-14 00:52:15.117  1716  1716 I art     : option[0]=-Xzygote
12-14 00:52:15.117  1716  1716 I art     : option[1]=-Xstacktracefile:/data/anr/traces.txt
12-14 00:52:15.117  1716  1716 I art     : option[2]=exit
12-14 00:52:15.117  1716  1716 I art     : option[3]=vfprintf
12-14 00:52:15.117  1716  1716 I art     : option[4]=sensitiveThread
12-14 00:52:15.117  1716  1716 I art     : option[5]=-verbose:gc
12-14 00:52:15.117  1716  1716 I art     : option[6]=-Xms16m
12-14 00:52:15.117  1716  1716 I art     : option[7]=-Xmx512m
12-14 00:52:15.117  1716  1716 I art     : option[8]=-XX:mainThreadStackSize=24K
12-14 00:52:15.117  1716  1716 I art     : option[9]=-XX:HeapGrowthLimit=192m
12-14 00:52:15.117  1716  1716 I art     : option[10]=-XX:HeapMinFree=512k
12-14 00:52:15.117  1716  1716 I art     : option[11]=-XX:HeapMaxFree=8m
12-14 00:52:15.117  1716  1716 I art     : option[12]=-XX:HeapTargetUtilization=0.75
12-14 00:52:15.117  1716  1716 I art     : option[13]=-Xgenregmap
12-14 00:52:15.117  1716  1716 I art     : option[14]=-Xgc:precise
12-14 00:52:15.117  1716  1716 I art     : option[15]=-agentlib:jdwp=transport=dt_android_adb,suspend=n,server=y
12-14 00:52:15.117  1716  1716 I art     : option[16]=-Xlockprofthreshold:500
12-14 00:52:15.117  1716  1716 I art     : option[17]=-Ximage-compiler-option
12-14 00:52:15.117  1716  1716 I art     : option[18]=--runtime-arg
12-14 00:52:15.117  1716  1716 I art     : option[19]=-Ximage-compiler-option
12-14 00:52:15.117  1716  1716 I art     : option[20]=-Xms64m
12-14 00:52:15.117  1716  1716 I art     : option[21]=-Ximage-compiler-option
12-14 00:52:15.117  1716  1716 I art     : option[22]=--runtime-arg
12-14 00:52:15.117  1716  1716 I art     : option[23]=-Ximage-compiler-option
12-14 00:52:15.117  1716  1716 I art     : option[24]=-Xmx64m
12-14 00:52:15.117  1716  1716 I art     : option[25]=-Ximage-compiler-option
12-14 00:52:15.117  1716  1716 I art     : option[26]=--image-classes=/system/etc/preloaded-classes
12-14 00:52:15.117  1716  1716 I art     : option[27]=-Xcompiler-option
12-14 00:52:15.117  1716  1716 I art     : option[28]=--runtime-arg
12-14 00:52:15.117  1716  1716 I art     : option[29]=-Xcompiler-option
12-14 00:52:15.117  1716  1716 I art     : option[30]=-Xms64m
12-14 00:52:15.117  1716  1716 I art     : option[31]=-Xcompiler-option
12-14 00:52:15.117  1716  1716 I art     : option[32]=--runtime-arg
12-14 00:52:15.117  1716  1716 I art     : option[33]=-Xcompiler-option
12-14 00:52:15.117  1716  1716 I art     : option[34]=-Xmx512m
12-14 00:52:15.117  1716  1716 I art     : option[35]=-Duser.language=en
12-14 00:52:15.117  1716  1716 I art     : option[36]=-Duser.region=US
12-14 00:52:15.117  1716  1716 I art     : option[37]=-XX:NativeBridge=libnb.so
12-14 00:52:15.343  1712  1712 I ServiceManager: Waiting for service batterystats...
12-14 00:52:16.343  1712  1712 I ServiceManager: Waiting for service batterystats...
12-14 00:52:17.367  1712  1712 I CameraService: CameraService started (pid=1712)
12-14 00:52:17.388  1712  1712 D Camera_Factory: CameraFactory::CameraFactory
12-14 00:52:17.388  1712  1712 D Camera_Factory: CameraFactory::parseConfig: configFile = /etc/camera.cfg
12-14 00:52:17.388  1712  1712 D Camera_Factory: /etc/camera.cfg not found, using camera configuration defaults
12-14 00:52:17.388  1712  1712 I CameraService: Loaded "Camera Module" camera module
12-14 00:52:17.388  1712  1712 D Camera_Factory: CameraFactory::get_number_of_cameras
12-14 00:52:17.388  1712  1712 D Camera_Factory: CameraFactory::getCameraNum: 0
12-14 00:52:17.408  1712  1712 I AudioPolicyService: AudioPolicyService CSTOR in new mode
12-14 00:52:17.413  1712  1712 I AudioPolicyManager: loadAudioPolicyConfig() loaded /system/etc/audio_policy.conf
12-14 00:52:17.422  1712  1712 E audio_hw_primary: Failed to open /system/etc/mixer_paths.xml
12-14 00:52:17.422  1712  1712 I AudioFlinger: loadHwModule() Loaded primary audio interface from Grouper audio HW HAL (audio) handle 1
12-14 00:52:17.422  1712  1712 I AudioFlinger: HAL output buffer size 512 frames, normal sink buffer size 1024 frames
12-14 00:52:17.457  1712  1712 I AudioMixer: found effect "Multichannel Downmix To Stereo" from The Android Open Source Project
12-14 00:52:17.457  1712  1712 E MonoPipe: Failed to fetch local time frequency when constructing a MonoPipe (res = -32).  getNextWriteTimestamp calls will be non-functional
12-14 00:52:19.181  1688  1695 D Vold    : Volume usb0 state changing 0 (No-Media) -> 2 (Pending)
12-14 00:52:19.181  1688  1695 D Vold    : Volume usb0 state changing 2 (Pending) -> 1 (Idle-Unmounted)
12-14 00:52:20.745  1716  1716 E memtrack: Couldn't load memtrack module (No such file or directory)
12-14 00:52:20.745  1716  1716 E android.os.Debug: failed to load memtrack module: -2
12-14 00:52:20.807  1715  1715 E memtrack: Couldn't load memtrack module (No such file or directory)
12-14 00:52:20.807  1715  1715 E android.os.Debug: failed to load memtrack module: -2
12-14 00:52:20.950  1716  1716 I SamplingProfilerIntegration: Profiling disabled.
12-14 00:52:20.971  1716  1716 D Zygote  : begin preload
12-14 00:52:20.998  1716  1716 I Zygote  : Preloading classes...
12-14 00:52:21.020  1715  1715 I SamplingProfilerIntegration: Profiling disabled.
12-14 00:52:21.034  1715  1715 D Zygote  : begin preload
12-14 00:52:21.056  1715  1715 I Zygote  : Preloading classes...
12-14 00:52:21.084  1716  1716 I art     : Explicit concurrent mark sweep GC freed 797(36KB) AllocSpace objects, 0(0B) LOS objects, 95% free, 44KB/1068KB, paused 68us total 86.261ms
12-14 00:52:21.165  1715  1715 I art     : Explicit concurrent mark sweep GC freed 797(36KB) AllocSpace objects, 0(0B) LOS objects, 95% free, 47KB/1071KB, paused 132us total 108.374ms
12-14 00:52:21.260  1716  1716 I art     : Counter: 1
12-14 00:52:21.263  1715  1715 I art     : Counter: 1
12-14 00:52:21.338  1715  1715 I art     : Explicit concurrent mark sweep GC freed 553(33KB) AllocSpace objects, 0(0B) LOS objects, 93% free, 67KB/1091KB, paused 13us total 1.017ms
12-14 00:52:21.347  1716  1716 I art     : Explicit concurrent mark sweep GC freed 559(34KB) AllocSpace objects, 0(0B) LOS objects, 94% free, 65KB/1089KB, paused 29us total 1.486ms
12-14 00:52:21.522  1715  1715 I art     : Explicit concurrent mark sweep GC freed 645(41KB) AllocSpace objects, 0(0B) LOS objects, 93% free, 75KB/1099KB, paused 18us total 1.392ms
12-14 00:52:21.534  1716  1716 I art     : Explicit concurrent mark sweep GC freed 650(41KB) AllocSpace objects, 0(0B) LOS objects, 93% free, 72KB/1096KB, paused 25us total 1.482ms
12-14 00:52:22.102  1716  1716 I art     : Explicit concurrent mark sweep GC freed 381(22KB) AllocSpace objects, 0(0B) LOS objects, 90% free, 102KB/1126KB, paused 25us total 1.465ms
12-14 00:52:22.107  1715  1715 I art     : Explicit concurrent mark sweep GC freed 392(23KB) AllocSpace objects, 0(0B) LOS objects, 90% free, 106KB/1130KB, paused 16us total 1.164ms
12-14 00:52:22.428  1715  1715 E Minikin : addFont failed to create font /system/fonts/NotoSansGujarati-Regular.ttf
12-14 00:52:22.428  1716  1716 E Minikin : addFont failed to create font /system/fonts/NotoSansGujarati-Regular.ttf
12-14 00:52:22.428  1716  1716 E Minikin : addFont failed to create font /system/fonts/NotoSansGujarati-Bold.ttf
12-14 00:52:22.428  1715  1715 E Minikin : addFont failed to create font /system/fonts/NotoSansGujarati-Bold.ttf
12-14 00:52:22.428  1716  1716 E Minikin : addFont failed to create font /system/fonts/NotoSansGujaratiUI-Regular.ttf
12-14 00:52:22.428  1715  1715 E Minikin : addFont failed to create font /system/fonts/NotoSansGujaratiUI-Regular.ttf
12-14 00:52:22.428  1716  1716 E Minikin : addFont failed to create font /system/fonts/NotoSansGujaratiUI-Bold.ttf
12-14 00:52:22.428  1715  1715 E Minikin : addFont failed to create font /system/fonts/NotoSansGujaratiUI-Bold.ttf
12-14 00:52:22.428  1716  1716 E Minikin : addFont failed to create font /system/fonts/NotoSansGurmukhi-Regular.ttf
12-14 00:52:22.428  1715  1715 E Minikin : addFont failed to create font /system/fonts/NotoSansGurmukhi-Regular.ttf
12-14 00:52:22.428  1716  1716 E Minikin : addFont failed to create font /system/fonts/NotoSansGurmukhi-Bold.ttf
12-14 00:52:22.428  1715  1715 E Minikin : addFont failed to create font /system/fonts/NotoSansGurmukhi-Bold.ttf
12-14 00:52:22.428  1716  1716 E Minikin : addFont failed to create font /system/fonts/NotoSansGurmukhiUI-Regular.ttf
12-14 00:52:22.428  1715  1715 E Minikin : addFont failed to create font /system/fonts/NotoSansGurmukhiUI-Regular.ttf
12-14 00:52:22.428  1716  1716 E Minikin : addFont failed to create font /system/fonts/NotoSansGurmukhiUI-Bold.ttf
12-14 00:52:22.428  1715  1715 E Minikin : addFont failed to create font /system/fonts/NotoSansGurmukhiUI-Bold.ttf
12-14 00:52:22.508  1715  1715 E Minikin : addFont failed to create font /system/fonts/NotoSansSinhala-Regular.ttf
12-14 00:52:22.508  1716  1716 E Minikin : addFont failed to create font /system/fonts/NotoSansSinhala-Regular.ttf
12-14 00:52:22.508  1715  1715 E Minikin : addFont failed to create font /system/fonts/NotoSansSinhala-Bold.ttf
12-14 00:52:22.508  1716  1716 E Minikin : addFont failed to create font /system/fonts/NotoSansSinhala-Bold.ttf
12-14 00:52:22.513  1715  1715 E Minikin : addFont failed to create font /system/fonts/NotoSansThaana-Regular.ttf
12-14 00:52:22.513  1716  1716 E Minikin : addFont failed to create font /system/fonts/NotoSansThaana-Regular.ttf
12-14 00:52:22.513  1715  1715 E Minikin : addFont failed to create font /system/fonts/NotoSansThaana-Bold.ttf
12-14 00:52:22.513  1716  1716 E Minikin : addFont failed to create font /system/fonts/NotoSansThaana-Bold.ttf
12-14 00:52:22.513  1715  1715 E Minikin : addFont failed to create font /system/fonts/NotoSansCham-Regular.ttf
12-14 00:52:22.513  1716  1716 E Minikin : addFont failed to create font /system/fonts/NotoSansCham-Regular.ttf
12-14 00:52:22.513  1715  1715 E Minikin : addFont failed to create font /system/fonts/NotoSansCham-Bold.ttf
12-14 00:52:22.513  1716  1716 E Minikin : addFont failed to create font /system/fonts/NotoSansCham-Bold.ttf
12-14 00:52:22.513  1715  1715 E Minikin : addFont failed to create font /system/fonts/NotoSansBalinese-Regular.ttf
12-14 00:52:22.513  1716  1716 E Minikin : addFont failed to create font /system/fonts/NotoSansBalinese-Regular.ttf
12-14 00:52:22.513  1715  1715 E Minikin : addFont failed to create font /system/fonts/NotoSansBatak-Regular.ttf
12-14 00:52:22.513  1715  1715 E Minikin : addFont failed to create font /system/fonts/NotoSansBuginese-Regular.ttf
12-14 00:52:22.513  1716  1716 E Minikin : addFont failed to create font /system/fonts/NotoSansBatak-Regular.ttf
12-14 00:52:22.513  1715  1715 E Minikin : addFont failed to create font /system/fonts/NotoSansBuhid-Regular.ttf
12-14 00:52:22.513  1716  1716 E Minikin : addFont failed to create font /system/fonts/NotoSansBuginese-Regular.ttf
12-14 00:52:22.513  1715  1715 E Minikin : addFont failed to create font /system/fonts/NotoSansCanadianAboriginal-Regular.ttf
12-14 00:52:22.513  1715  1715 E Minikin : addFont failed to create font /system/fonts/NotoSansCherokee-Regular.ttf
12-14 00:52:22.513  1716  1716 E Minikin : addFont failed to create font /system/fonts/NotoSansBuhid-Regular.ttf
12-14 00:52:22.513  1715  1715 E Minikin : addFont failed to create font /system/fonts/NotoSansCoptic-Regular.ttf
12-14 00:52:22.513  1716  1716 E Minikin : addFont failed to create font /system/fonts/NotoSansCanadianAboriginal-Regular.ttf
12-14 00:52:22.513  1715  1715 E Minikin : addFont failed to create font /system/fonts/NotoSansGlagolitic-Regular.ttf
12-14 00:52:22.513  1715  1715 E Minikin : addFont failed to create font /system/fonts/NotoSansHanunoo-Regular.ttf
12-14 00:52:22.513  1716  1716 E Minikin : addFont failed to create font /system/fonts/NotoSansCherokee-Regular.ttf
12-14 00:52:22.513  1715  1715 E Minikin : addFont failed to create font /system/fonts/NotoSansJavanese-Regular.ttf
12-14 00:52:22.513  1716  1716 E Minikin : addFont failed to create font /system/fonts/NotoSansCoptic-Regular.ttf
12-14 00:52:22.513  1715  1715 E Minikin : addFont failed to create font /system/fonts/NotoSansKayahLi-Regular.ttf
12-14 00:52:22.513  1715  1715 E Minikin : addFont failed to create font /system/fonts/NotoSansLepcha-Regular.ttf
12-14 00:52:22.513  1715  1715 E Minikin : addFont failed to create font /system/fonts/NotoSansLimbu-Regular.ttf
12-14 00:52:22.513  1716  1716 E Minikin : addFont failed to create font /system/fonts/NotoSansGlagolitic-Regular.ttf
12-14 00:52:22.513  1715  1715 E Minikin : addFont failed to create font /system/fonts/NotoSansMeeteiMayek-Regular.ttf
12-14 00:52:22.513  1715  1715 E Minikin : addFont failed to create font /system/fonts/NotoSansOlChiki-Regular.ttf
12-14 00:52:22.513  1716  1716 E Minikin : addFont failed to create font /system/fonts/NotoSansHanunoo-Regular.ttf
12-14 00:52:22.513  1715  1715 E Minikin : addFont failed to create font /system/fonts/NotoSansRejang-Regular.ttf
12-14 00:52:22.513  1716  1716 E Minikin : addFont failed to create font /system/fonts/NotoSansJavanese-Regular.ttf
12-14 00:52:22.513  1715  1715 E Minikin : addFont failed to create font /system/fonts/NotoSansSaurashtra-Regular.ttf
12-14 00:52:22.513  1715  1715 E Minikin : addFont failed to create font /system/fonts/NotoSansSundanese-Regular.ttf
12-14 00:52:22.513  1716  1716 E Minikin : addFont failed to create font /system/fonts/NotoSansKayahLi-Regular.ttf
12-14 00:52:22.513  1715  1715 E Minikin : addFont failed to create font /system/fonts/NotoSansSylotiNagri-Regular.ttf
12-14 00:52:22.513  1715  1715 E Minikin : addFont failed to create font /system/fonts/NotoSansTagbanwa-Regular.ttf
12-14 00:52:22.513  1716  1716 E Minikin : addFont failed to create font /system/fonts/NotoSansLepcha-Regular.ttf
12-14 00:52:22.513  1715  1715 E Minikin : addFont failed to create font /system/fonts/NotoSansTaiTham-Regular.ttf
12-14 00:52:22.513  1716  1716 E Minikin : addFont failed to create font /system/fonts/NotoSansLimbu-Regular.ttf
12-14 00:52:22.513  1715  1715 E Minikin : addFont failed to create font /system/fonts/NotoSansTaiViet-Regular.ttf
12-14 00:52:22.513  1715  1715 E Minikin : addFont failed to create font /system/fonts/NotoSansTifinagh-Regular.ttf
12-14 00:52:22.513  1716  1716 E Minikin : addFont failed to create font /system/fonts/NotoSansMeeteiMayek-Regular.ttf
12-14 00:52:22.513  1715  1715 E Minikin : addFont failed to create font /system/fonts/NotoSansYi-Regular.ttf
12-14 00:52:22.513  1716  1716 E Minikin : addFont failed to create font /system/fonts/NotoSansOlChiki-Regular.ttf
12-14 00:52:22.513  1715  1715 E Minikin : addFont failed to create font /system/fonts/Lohit-Odia.ttf
12-14 00:52:22.513  1716  1716 E Minikin : addFont failed to create font /system/fonts/NotoSansRejang-Regular.ttf
12-14 00:52:22.513  1715  1715 E Minikin : addFont failed to create font /system/fonts/NotoSansHans-Regular.otf
12-14 00:52:22.513  1715  1715 E Minikin : addFont failed to create font /system/fonts/NotoSansHant-Regular.otf
12-14 00:52:22.513  1716  1716 E Minikin : addFont failed to create font /system/fonts/NotoSansSaurashtra-Regular.ttf
12-14 00:52:22.513  1715  1715 E Minikin : addFont failed to create font /system/fonts/NotoSansJP-Regular.otf
12-14 00:52:22.513  1715  1715 E Minikin : addFont failed to create font /system/fonts/NotoSansKR-Regular.otf
12-14 00:52:22.513  1716  1716 E Minikin : addFont failed to create font /system/fonts/NotoSansSundanese-Regular.ttf
12-14 00:52:22.513  1716  1716 E Minikin : addFont failed to create font /system/fonts/NotoSansSylotiNagri-Regular.ttf
12-14 00:52:22.513  1716  1716 E Minikin : addFont failed to create font /system/fonts/NotoSansTagbanwa-Regular.ttf
12-14 00:52:22.513  1716  1716 E Minikin : addFont failed to create font /system/fonts/NotoSansTaiTham-Regular.ttf
12-14 00:52:22.513  1716  1716 E Minikin : addFont failed to create font /system/fonts/NotoSansTaiViet-Regular.ttf
12-14 00:52:22.513  1716  1716 E Minikin : addFont failed to create font /system/fonts/NotoSansTifinagh-Regular.ttf
12-14 00:52:22.513  1716  1716 E Minikin : addFont failed to create font /system/fonts/NotoSansYi-Regular.ttf
12-14 00:52:22.513  1716  1716 E Minikin : addFont failed to create font /system/fonts/Lohit-Odia.ttf
12-14 00:52:22.513  1716  1716 E Minikin : addFont failed to create font /system/fonts/NotoSansHans-Regular.otf
12-14 00:52:22.513  1716  1716 E Minikin : addFont failed to create font /system/fonts/NotoSansHant-Regular.otf
12-14 00:52:22.513  1716  1716 E Minikin : addFont failed to create font /system/fonts/NotoSansJP-Regular.otf
12-14 00:52:22.513  1716  1716 E Minikin : addFont failed to create font /system/fonts/NotoSansKR-Regular.otf
12-14 00:52:22.588  1715  1715 E Minikin : addFont failed to create font /system/fonts/NotoSansTaiLe-Regular.ttf
12-14 00:52:22.588  1716  1716 E Minikin : addFont failed to create font /system/fonts/NotoSansTaiLe-Regular.ttf
12-14 00:52:22.709  1716  1716 I art     : Explicit concurrent mark sweep GC freed 1798(129KB) AllocSpace objects, 0(0B) LOS objects, 89% free, 114KB/1138KB, paused 25us total 1.412ms
12-14 00:52:22.716  1715  1715 I art     : Explicit concurrent mark sweep GC freed 1798(129KB) AllocSpace objects, 0(0B) LOS objects, 89% free, 117KB/1141KB, paused 21us total 1.281ms
12-14 00:52:22.841  1715  1715 I art     : Explicit concurrent mark sweep GC freed 1933(92KB) AllocSpace objects, 0(0B) LOS objects, 86% free, 162KB/1186KB, paused 16us total 1.383ms
12-14 00:52:22.843  1715  1715 I art     : Explicit concurrent mark sweep GC freed 1977(87KB) AllocSpace objects, 0(0B) LOS objects, 83% free, 198KB/1222KB, paused 14us total 1.176ms
12-14 00:52:22.846  1715  1715 I art     : Explicit concurrent mark sweep GC freed 371(19KB) AllocSpace objects, 0(0B) LOS objects, 81% free, 234KB/1258KB, paused 18us total 1.754ms
12-14 00:52:22.989  1716  1716 I art     : Explicit concurrent mark sweep GC freed 1933(92KB) AllocSpace objects, 0(0B) LOS objects, 86% free, 154KB/1178KB, paused 75us total 4.275ms
12-14 00:52:22.995  1716  1716 I art     : Explicit concurrent mark sweep GC freed 1977(87KB) AllocSpace objects, 0(0B) LOS objects, 84% free, 189KB/1213KB, paused 54us total 3.420ms
12-14 00:52:23.017  1716  1716 I art     : Explicit concurrent mark sweep GC freed 371(19KB) AllocSpace objects, 0(0B) LOS objects, 82% free, 222KB/1246KB, paused 48us total 2.707ms
12-14 00:52:23.524  1716  1716 I art     : Thread[1,tid=1716,WaitingForJniOnLoad,Thread*=0xf3c25800,peer=0x12c31160,"main"] recursive attempt to load library "/system/lib/libmedia_jni.so"
12-14 00:52:23.536  1716  1716 D MtpDeviceJNI: register_android_mtp_MtpDevice
12-14 00:52:23.536  1716  1716 I art     : Thread[1,tid=1716,WaitingForJniOnLoad,Thread*=0xf3c25800,peer=0x12c31160,"main"] recursive attempt to load library "/system/lib/libmedia_jni.so"
12-14 00:52:23.536  1716  1716 I art     : Thread[1,tid=1716,WaitingForJniOnLoad,Thread*=0xf3c25800,peer=0x12c31160,"main"] recursive attempt to load library "/system/lib/libmedia_jni.so"
12-14 00:52:23.619  1715  1715 I art     : Thread[1,tid=1715,WaitingForJniOnLoad,Thread*=0x7f4086895000,peer=0x12c31100,"main"] recursive attempt to load library "/system/lib64/libmedia_jni.so"
12-14 00:52:23.619  1715  1715 D MtpDeviceJNI: register_android_mtp_MtpDevice
12-14 00:52:23.619  1715  1715 I art     : Thread[1,tid=1715,WaitingForJniOnLoad,Thread*=0x7f4086895000,peer=0x12c31100,"main"] recursive attempt to load library "/system/lib64/libmedia_jni.so"
12-14 00:52:23.619  1715  1715 I art     : Thread[1,tid=1715,WaitingForJniOnLoad,Thread*=0x7f4086895000,peer=0x12c31100,"main"] recursive attempt to load library "/system/lib64/libmedia_jni.so"
12-14 00:52:23.626  1716  1716 I art     : Explicit concurrent mark sweep GC freed 661(37KB) AllocSpace objects, 0(0B) LOS objects, 80% free, 244KB/1268KB, paused 25us total 1.958ms
12-14 00:52:23.697  1715  1715 I art     : Explicit concurrent mark sweep GC freed 641(36KB) AllocSpace objects, 0(0B) LOS objects, 80% free, 247KB/1271KB, paused 14us total 1.475ms
12-14 00:52:23.845  1716  1716 I art     : Explicit concurrent mark sweep GC freed 578(29KB) AllocSpace objects, 0(0B) LOS objects, 79% free, 264KB/1288KB, paused 32us total 2.098ms
12-14 00:52:23.874  1716  1716 I art     : Explicit concurrent mark sweep GC freed 454(27KB) AllocSpace objects, 0(0B) LOS objects, 77% free, 303KB/1327KB, paused 33us total 1.563ms
12-14 00:52:23.924  1715  1715 I art     : Explicit concurrent mark sweep GC freed 429(20KB) AllocSpace objects, 0(0B) LOS objects, 78% free, 275KB/1299KB, paused 21us total 1.681ms
12-14 00:52:23.963  1716  1716 I art     : Explicit concurrent mark sweep GC freed 1788(104KB) AllocSpace objects, 0(0B) LOS objects, 69% free, 453KB/1477KB, paused 29us total 1.650ms
12-14 00:52:24.049  1715  1715 I art     : Explicit concurrent mark sweep GC freed 543(30KB) AllocSpace objects, 0(0B) LOS objects, 77% free, 302KB/1326KB, paused 27us total 1.626ms
12-14 00:52:24.058  1716  1716 E EmojiFactory_jni: Failed to load libemoji.so: dlopen failed: library "libemoji.so" not found
12-14 00:52:24.154  1716  1716 I art     : Explicit concurrent mark sweep GC freed 350(45KB) AllocSpace objects, 0(0B) LOS objects, 57% free, 750KB/1774KB, paused 30us total 2.241ms
12-14 00:52:24.178  1716  1716 I art     : Explicit concurrent mark sweep GC freed 438(30KB) AllocSpace objects, 0(0B) LOS objects, 57% free, 768KB/1792KB, paused 30us total 1.788ms
12-14 00:52:24.185  1715  1715 I art     : Explicit concurrent mark sweep GC freed 1868(110KB) AllocSpace objects, 0(0B) LOS objects, 68% free, 467KB/1491KB, paused 16us total 1.446ms
12-14 00:52:24.282  1715  1715 E EmojiFactory_jni: Failed to load libemoji.so: dlopen failed: library "libemoji.so" not found
12-14 00:52:24.352  1716  1716 I art     : Explicit concurrent mark sweep GC freed 789(49KB) AllocSpace objects, 0(0B) LOS objects, 57% free, 770KB/1794KB, paused 26us total 1.988ms
12-14 00:52:24.363  1715  1715 I art     : Explicit concurrent mark sweep GC freed 350(45KB) AllocSpace objects, 0(0B) LOS objects, 57% free, 766KB/1790KB, paused 14us total 1.646ms
12-14 00:52:24.399  1715  1715 I art     : Explicit concurrent mark sweep GC freed 438(30KB) AllocSpace objects, 0(0B) LOS objects, 56% free, 784KB/1808KB, paused 14us total 1.546ms
12-14 00:52:24.501  1716  1716 I art     : Explicit concurrent mark sweep GC freed 956(105KB) AllocSpace objects, 0(0B) LOS objects, 55% free, 813KB/1837KB, paused 25us total 1.838ms
12-14 00:52:24.532  1715  1715 I art     : Explicit concurrent mark sweep GC freed 789(49KB) AllocSpace objects, 0(0B) LOS objects, 56% free, 786KB/1810KB, paused 17us total 1.702ms
12-14 00:52:24.647  1716  1716 I art     : Explicit concurrent mark sweep GC freed 597(42KB) AllocSpace objects, 0(0B) LOS objects, 55% free, 819KB/1843KB, paused 43us total 2.104ms
12-14 00:52:24.650  1715  1715 I art     : Explicit concurrent mark sweep GC freed 956(105KB) AllocSpace objects, 0(0B) LOS objects, 55% free, 830KB/1854KB, paused 31us total 2.994ms
12-14 00:52:24.830  1715  1715 I art     : Explicit concurrent mark sweep GC freed 597(42KB) AllocSpace objects, 0(0B) LOS objects, 55% free, 837KB/1861KB, paused 29us total 2.873ms
12-14 00:52:24.849  1716  1716 I art     : Explicit concurrent mark sweep GC freed 265(20KB) AllocSpace objects, 0(0B) LOS objects, 54% free, 848KB/1872KB, paused 48us total 2.565ms
12-14 00:52:24.994  1715  1715 I art     : Explicit concurrent mark sweep GC freed 265(20KB) AllocSpace objects, 0(0B) LOS objects, 54% free, 865KB/1889KB, paused 50us total 3.644ms
12-14 00:52:25.074  1716  1716 I art     : WaitForGcToComplete blocked for 5.835ms for cause Explicit
12-14 00:52:25.079  1716  1716 I art     : Explicit concurrent mark sweep GC freed 14(640B) AllocSpace objects, 0(0B) LOS objects, 45% free, 1227KB/2MB, paused 83us total 5.182ms
12-14 00:52:25.087  1716  1716 I art     : Explicit concurrent mark sweep GC freed 572(33KB) AllocSpace objects, 0(0B) LOS objects, 45% free, 1243KB/2MB, paused 76us total 4.995ms
12-14 00:52:25.095  1716  1716 I art     : Explicit concurrent mark sweep GC freed 741(45KB) AllocSpace objects, 0(0B) LOS objects, 45% free, 1246KB/2MB, paused 102us total 4.842ms
12-14 00:52:25.219  1715  1715 I art     : Explicit concurrent mark sweep GC freed 20(832B) AllocSpace objects, 0(0B) LOS objects, 45% free, 1245KB/2MB, paused 44us total 3.282ms
12-14 00:52:25.225  1715  1715 I art     : Explicit concurrent mark sweep GC freed 564(32KB) AllocSpace objects, 0(0B) LOS objects, 44% free, 1261KB/2MB, paused 21us total 3.824ms
12-14 00:52:25.229  1715  1715 I art     : Explicit concurrent mark sweep GC freed 734(45KB) AllocSpace objects, 0(0B) LOS objects, 44% free, 1265KB/2MB, paused 24us total 2.082ms
12-14 00:52:25.247  1715  1715 I System  : Loaded time zone names for "" in 18ms (18ms in ICU)
12-14 00:52:25.248  1716  1716 I System  : Loaded time zone names for "" in 131ms (130ms in ICU)
12-14 00:52:25.259  1715  1715 I System  : Loaded time zone names for "en_US" in 12ms (11ms in ICU)
12-14 00:52:25.260  1716  1716 I System  : Loaded time zone names for "en_US" in 12ms (11ms in ICU)
12-14 00:52:25.261  1715  1715 I art     : Explicit concurrent mark sweep GC freed 2359(179KB) AllocSpace objects, 0(0B) LOS objects, 41% free, 1423KB/2MB, paused 17us total 1.882ms
12-14 00:52:25.263  1716  1716 I art     : Explicit concurrent mark sweep GC freed 2345(178KB) AllocSpace objects, 0(0B) LOS objects, 42% free, 1405KB/2MB, paused 35us total 2.912ms
12-14 00:52:25.264  1715  1715 I art     : Explicit concurrent mark sweep GC freed 136(12KB) AllocSpace objects, 0(0B) LOS objects, 40% free, 1488KB/2MB, paused 17us total 2.224ms
12-14 00:52:25.266  1716  1716 I art     : Explicit concurrent mark sweep GC freed 136(12KB) AllocSpace objects, 0(0B) LOS objects, 41% free, 1470KB/2MB, paused 29us total 1.990ms
12-14 00:52:25.313  1715  1715 I art     : Explicit concurrent mark sweep GC freed 288(24KB) AllocSpace objects, 0(0B) LOS objects, 39% free, 1540KB/2MB, paused 19us total 2.329ms
12-14 00:52:25.336  1715  1715 I art     : Explicit concurrent mark sweep GC freed 679(47KB) AllocSpace objects, 0(0B) LOS objects, 39% free, 1542KB/2MB, paused 14us total 1.821ms
12-14 00:52:25.336  1715  1715 I Zygote  : ...preloaded 3005 classes in 4280ms.
12-14 00:52:25.336  1715  1715 I art     : VMRuntime.preloadDexCaches starting
12-14 00:52:25.339  1716  1716 I art     : Explicit concurrent mark sweep GC freed 288(24KB) AllocSpace objects, 0(0B) LOS objects, 40% free, 1515KB/2MB, paused 27us total 2.056ms
12-14 00:52:25.360  1716  1716 I art     : Explicit concurrent mark sweep GC freed 679(47KB) AllocSpace objects, 0(0B) LOS objects, 40% free, 1517KB/2MB, paused 27us total 2.161ms
12-14 00:52:25.360  1716  1716 I Zygote  : ...preloaded 3005 classes in 4362ms.
12-14 00:52:25.360  1716  1716 I art     : VMRuntime.preloadDexCaches starting
12-14 00:52:25.430  1716  1716 I art     : VMRuntime.preloadDexCaches strings total=214641 before=38996 after=38996
12-14 00:52:25.430  1715  1715 I art     : VMRuntime.preloadDexCaches strings total=214641 before=38996 after=38996
12-14 00:52:25.430  1716  1716 I art     : VMRuntime.preloadDexCaches types total=18345 before=6389 after=6425
12-14 00:52:25.430  1715  1715 I art     : VMRuntime.preloadDexCaches types total=18345 before=6389 after=6425
12-14 00:52:25.430  1715  1715 I art     : VMRuntime.preloadDexCaches fields total=85569 before=32261 after=32595
12-14 00:52:25.430  1716  1716 I art     : VMRuntime.preloadDexCaches fields total=85569 before=32261 after=32595
12-14 00:52:25.430  1715  1715 I art     : VMRuntime.preloadDexCaches methods total=151780 before=66835 after=67736
12-14 00:52:25.430  1715  1715 I art     : VMRuntime.preloadDexCaches finished
12-14 00:52:25.430  1716  1716 I art     : VMRuntime.preloadDexCaches methods total=151780 before=66835 after=67736
12-14 00:52:25.430  1716  1716 I art     : VMRuntime.preloadDexCaches finished
12-14 00:52:25.430  1715  1715 I art     : Counter: 0
12-14 00:52:25.430  1716  1716 I art     : Counter: 0
12-14 00:52:25.430  1715  1715 I art     : Counter: 1
12-14 00:52:25.430  1716  1716 I art     : Counter: 1
12-14 00:52:25.434  1715  1715 I art     : Explicit concurrent mark sweep GC freed 61(15KB) AllocSpace objects, 0(0B) LOS objects, 40% free, 1528KB/2MB, paused 24us total 3.177ms
12-14 00:52:25.434  1716  1716 I art     : Explicit concurrent mark sweep GC freed 61(15KB) AllocSpace objects, 0(0B) LOS objects, 40% free, 1503KB/2MB, paused 28us total 3.713ms
12-14 00:52:25.489  1971  1971 D idmap   : error: no read access to /vendor/overlay: No such file or directory
12-14 00:52:25.489  1972  1972 D idmap   : error: no read access to /vendor/overlay: No such file or directory
12-14 00:52:25.595  1715  1715 I Zygote  : Preloading resources...
12-14 00:52:25.667  1715  1715 I art     : Explicit concurrent mark sweep GC freed 86(3KB) AllocSpace objects, 0(0B) LOS objects, 40% free, 1577KB/2MB, paused 16us total 2.292ms
12-14 00:52:25.670  1715  1715 I art     : Explicit concurrent mark sweep GC freed 89(4KB) AllocSpace objects, 0(0B) LOS objects, 39% free, 1623KB/2MB, paused 14us total 1.524ms
12-14 00:52:25.683  1716  1716 I Zygote  : Preloading resources...
12-14 00:52:25.698  1715  1715 I art     : Explicit concurrent mark sweep GC freed 115(5KB) AllocSpace objects, 0(0B) LOS objects, 39% free, 1667KB/2MB, paused 18us total 1.960ms
12-14 00:52:25.700  1715  1715 I art     : Explicit concurrent mark sweep GC freed 99(4KB) AllocSpace objects, 0(0B) LOS objects, 39% free, 1713KB/2MB, paused 17us total 1.525ms
12-14 00:52:25.720  1715  1715 I art     : Explicit concurrent mark sweep GC freed 94(4KB) AllocSpace objects, 0(0B) LOS objects, 39% free, 1757KB/2MB, paused 29us total 2.747ms
12-14 00:52:25.722  1716  1716 I art     : Explicit concurrent mark sweep GC freed 86(3KB) AllocSpace objects, 0(0B) LOS objects, 39% free, 1551KB/2MB, paused 34us total 3.042ms
12-14 00:52:25.725  1716  1716 I art     : Explicit concurrent mark sweep GC freed 89(4KB) AllocSpace objects, 0(0B) LOS objects, 40% free, 1597KB/2MB, paused 30us total 2.065ms
12-14 00:52:25.727  1716  1716 I art     : Explicit concurrent mark sweep GC freed 122(5KB) AllocSpace objects, 0(0B) LOS objects, 39% free, 1646KB/2MB, paused 31us total 1.907ms
12-14 00:52:25.731  1716  1716 I art     : Explicit concurrent mark sweep GC freed 101(4KB) AllocSpace objects, 0(0B) LOS objects, 39% free, 1691KB/2MB, paused 47us total 2.225ms
12-14 00:52:25.734  1715  1715 I art     : Explicit concurrent mark sweep GC freed 102(4KB) AllocSpace objects, 0(0B) LOS objects, 39% free, 1803KB/2MB, paused 27us total 2.511ms
12-14 00:52:25.734  1716  1716 I art     : Explicit concurrent mark sweep GC freed 93(4KB) AllocSpace objects, 0(0B) LOS objects, 40% free, 1735KB/2MB, paused 37us total 2.767ms
12-14 00:52:25.737  1716  1716 I art     : Explicit concurrent mark sweep GC freed 103(4KB) AllocSpace objects, 0(0B) LOS objects, 39% free, 1782KB/2MB, paused 27us total 1.762ms
12-14 00:52:25.744  1715  1715 I art     : Explicit concurrent mark sweep GC freed 112(5KB) AllocSpace objects, 0(0B) LOS objects, 39% free, 1849KB/3MB, paused 29us total 2.570ms
12-14 00:52:25.745  1716  1716 I art     : Explicit concurrent mark sweep GC freed 112(5KB) AllocSpace objects, 0(0B) LOS objects, 39% free, 1827KB/2MB, paused 41us total 2.839ms
12-14 00:52:25.748  1715  1715 I art     : Explicit concurrent mark sweep GC freed 118(5KB) AllocSpace objects, 0(0B) LOS objects, 39% free, 1896KB/3MB, paused 28us total 2.297ms
12-14 00:52:25.749  1716  1716 I art     : Explicit concurrent mark sweep GC freed 117(5KB) AllocSpace objects, 0(0B) LOS objects, 39% free, 1874KB/3MB, paused 48us total 2.722ms
12-14 00:52:25.751  1715  1715 I art     : Explicit concurrent mark sweep GC freed 108(5KB) AllocSpace objects, 0(0B) LOS objects, 39% free, 1944KB/3MB, paused 28us total 2.293ms
12-14 00:52:25.753  1716  1716 I art     : Explicit concurrent mark sweep GC freed 108(5KB) AllocSpace objects, 0(0B) LOS objects, 39% free, 1922KB/3MB, paused 31us total 2.551ms
12-14 00:52:25.764  1715  1715 I art     : Explicit concurrent mark sweep GC freed 153(6KB) AllocSpace objects, 0(0B) LOS objects, 40% free, 2020KB/3MB, paused 19us total 2.741ms
12-14 00:52:25.764  1716  1716 I art     : Explicit concurrent mark sweep GC freed 147(6KB) AllocSpace objects, 0(0B) LOS objects, 40% free, 1993KB/3MB, paused 32us total 2.647ms
12-14 00:52:25.769  1715  1715 I art     : Explicit concurrent mark sweep GC freed 138(6KB) AllocSpace objects, 0(0B) LOS objects, 39% free, 2MB/3MB, paused 18us total 2.238ms
12-14 00:52:25.769  1716  1716 I art     : Explicit concurrent mark sweep GC freed 136(5KB) AllocSpace objects, 0(0B) LOS objects, 39% free, 2036KB/3MB, paused 32us total 2.537ms
12-14 00:52:25.781  1715  1715 I art     : Explicit concurrent mark sweep GC freed 84(7KB) AllocSpace objects, 0(0B) LOS objects, 39% free, 2MB/3MB, paused 18us total 2.218ms
12-14 00:52:25.781  1716  1716 I art     : Explicit concurrent mark sweep GC freed 84(7KB) AllocSpace objects, 0(0B) LOS objects, 40% free, 2MB/3MB, paused 41us total 2.494ms
12-14 00:52:25.799  1715  1715 I art     : Explicit concurrent mark sweep GC freed 112(4KB) AllocSpace objects, 0(0B) LOS objects, 40% free, 2MB/3MB, paused 21us total 1.992ms
12-14 00:52:25.799  1716  1716 I art     : Explicit concurrent mark sweep GC freed 112(4KB) AllocSpace objects, 0(0B) LOS objects, 39% free, 2MB/3MB, paused 32us total 2.439ms
12-14 00:52:25.802  1715  1715 I art     : Explicit concurrent mark sweep GC freed 135(5KB) AllocSpace objects, 0(0B) LOS objects, 39% free, 2MB/3MB, paused 29us total 2.414ms
12-14 00:52:25.803  1716  1716 I art     : Explicit concurrent mark sweep GC freed 135(5KB) AllocSpace objects, 0(0B) LOS objects, 40% free, 2MB/3MB, paused 52us total 2.875ms
12-14 00:52:25.805  1715  1715 I art     : Explicit concurrent mark sweep GC freed 62(2752B) AllocSpace objects, 0(0B) LOS objects, 39% free, 2MB/3MB, paused 29us total 2.398ms
12-14 00:52:25.807  1716  1716 I art     : Explicit concurrent mark sweep GC freed 62(2752B) AllocSpace objects, 0(0B) LOS objects, 39% free, 2MB/3MB, paused 36us total 2.489ms
12-14 00:52:25.810  1715  1715 I art     : Explicit concurrent mark sweep GC freed 111(4KB) AllocSpace objects, 0(0B) LOS objects, 40% free, 2MB/4MB, paused 19us total 1.958ms
