12-14 00:53:00.904  3267  3267 W ContextImpl: Failed to ensure directory: /storage/usb2/Android/data/com.google.android.youtube/cache
12-14 00:53:00.904  1688  1696 E Vold    : Failed to find mounted volume for /storage/usb3/Android/data/com.google.android.youtube/cache/
12-14 00:53:00.904  3267  3267 W ContextImpl: Failed to ensure directory: /storage/usb3/Android/data/com.google.android.youtube/cache
12-14 00:53:00.904  1688  1696 E Vold    : Failed to find mounted volume for /storage/sdcard1/Android/data/com.google.android.youtube/cache/
12-14 00:53:00.904  3267  3267 W ContextImpl: Failed to ensure directory: /storage/sdcard1/Android/data/com.google.android.youtube/cache
12-14 00:53:00.925  2534  2802 E JavaBinder: *** Uncaught remote exception!  (Exceptions are not yet supported across processes.)
12-14 00:53:00.925  2534  2802 E JavaBinder: java.lang.RuntimeException: android.os.RemoteException
12-14 00:53:00.925  2534  2802 E JavaBinder: 	at android.os.Parcel.writeException(Parcel.java:1446)
12-14 00:53:00.925  2534  2802 E JavaBinder: 	at android.os.Binder.execTransact(Binder.java:452)
12-14 00:53:00.925  2534  2802 E JavaBinder: Caused by: android.os.RemoteException
12-14 00:53:00.925  2534  2802 E JavaBinder: 	at com.google.android.gms.ads.identifier.service.b.a(SourceFile:77)
12-14 00:53:00.925  2534  2802 E JavaBinder: 	at com.google.android.gms.ads.identifier.a.e.onTransact(SourceFile:63)
12-14 00:53:00.925  2534  2802 E JavaBinder: 	at android.os.Binder.execTransact(Binder.java:446)
12-14 00:53:01.008  1973  1998 W ActivityManager: Launch timeout has expired, giving up wake lock!
12-14 00:53:01.219  2534  2631 E JavaBinder: *** Uncaught remote exception!  (Exceptions are not yet supported across processes.)
12-14 00:53:01.219  2534  2631 E JavaBinder: java.lang.RuntimeException: android.os.RemoteException
12-14 00:53:01.219  2534  2631 E JavaBinder: 	at android.os.Parcel.writeException(Parcel.java:1446)
12-14 00:53:01.219  2534  2631 E JavaBinder: 	at android.os.Binder.execTransact(Binder.java:452)
12-14 00:53:01.219  2534  2631 E JavaBinder: Caused by: android.os.RemoteException
12-14 00:53:01.219  2534  2631 E JavaBinder: 	at com.google.android.gms.ads.identifier.service.b.a(SourceFile:77)
12-14 00:53:01.219  2534  2631 E JavaBinder: 	at com.google.android.gms.ads.identifier.a.e.onTransact(SourceFile:63)
12-14 00:53:01.219  2534  2631 E JavaBinder: 	at android.os.Binder.execTransact(Binder.java:446)
12-14 00:53:01.452  1973  2302 I ActivityManager: Killing 2664:com.android.keychain/1000 (adj 15): empty #17
12-14 00:53:01.497  1973  2127 W ActivityManager: Unable to start service Intent { act=com.google.android.gms.analytics.service.START cmp=com.google.android.gms/.analytics.service.AnalyticsService (has extras) } U=0: not found
12-14 00:53:01.497  3196  3233 W GAV2    : Thread[GAThread,5,main]: Service unavailable (code=1), will retry.
12-14 00:53:01.537  3196  3233 I GAV2    : Thread[GAThread,5,main]: No campaign data found.
12-14 00:53:01.622  2929  3171 D MimeTypeIndexService: AUDIO = 1065141
12-14 00:53:01.622  2929  3171 D MimeTypeIndexService: EXEC = 8364
12-14 00:53:01.622  2929  3171 D MimeTypeIndexService: TEXT = 927816
12-14 00:53:01.622  2929  3171 D MimeTypeIndexService: BINARY = 523749830
12-14 00:53:01.622  2929  3171 D MimeTypeIndexService: FONT = 19580216
12-14 00:53:01.622  2929  3171 D MimeTypeIndexService: COMPRESS = 2156745
12-14 00:53:01.622  2929  3171 D MimeTypeIndexService: APP = 210636267
12-14 00:53:01.622  2929  3171 D MimeTypeIndexService: NONE = 776934184
12-14 00:53:01.701  2255  2255 V GmsNetworkLocationProvi: DISABLE
12-14 00:53:01.702  2255  2619 W GmsBackupAccountManager: Backup account not found in gmscore.
12-14 00:53:01.703  2465  3318 I Backup  : [BackupTransportMigratorService] Successfully migrated to use GMS BackupTransportService!
12-14 00:53:01.724  1973  2425 W art     : Long monitor contention event with owner method=void com.android.server.appwidget.AppWidgetServiceImpl$SaveStateRunnable.run() from AppWidgetServiceImpl.java:3456 waiters=0 for 1.697s
12-14 00:53:01.761  2278  3367 D SIP     : [SipSharedPreferences] isReceivingCallsEnabled, option not set; use default value, exception: android.provider.Settings$SettingNotFoundException: sip_receive_calls
12-14 00:53:01.761  2465  3369 D GCM     : GcmService start Intent { act=com.google.android.gms.INITIALIZE flg=0x10 pkg=com.google.android.gms cmp=com.google.android.gms/.gcm.GcmService } com.google.android.gms.INITIALIZE
12-14 00:53:01.761  2465  2465 D AuthorizationBluetoothService: Received GmsCore event: Intent { act=com.google.android.gms.INITIALIZE flg=0x10 pkg=com.google.android.gms cmp=com.google.android.gms/.auth.be.proximity.authorization.bt.AuthorizationBluetoothService$AutoStarter }.
12-14 00:53:01.762  2465  2465 E AuthorizationBluetoothService: Proximity feature is not enabled.
12-14 00:53:01.763  2465  2465 V GLSActivity: AuthDelegateWrapperCreated with selected intent: Intent { cmp=com.google.android.gms/.auth.DefaultAuthDelegateService }
12-14 00:53:01.764  2465  2465 V GLSActivity: AuthDelegateWrapperCreated with selected intent: Intent { cmp=com.google.android.gms/.auth.DefaultAuthDelegateService }
12-14 00:53:01.766  2534  2534 V GmsCoreStatsServiceLauncher: Received broadcast intent Intent { act=com.google.android.gms.INITIALIZE flg=0x10 pkg=com.google.android.gms cmp=com.google.android.gms/.common.stats.GmsCoreStatsServiceLauncher }
12-14 00:53:01.770  2579  2579 D WearableService: callingUid 10007, callindPid: 2579
12-14 00:53:01.796  2255  3371 E MDM     : [76] b.run: Couldn't connect to Google API client: ConnectionResult{statusCode=API_UNAVAILABLE, resolution=null, message=null}
12-14 00:53:01.870  3313  3313 I dex2oat : dex2oat took 2.114s (threads: 8) arena alloc=367KB java alloc=12KB native alloc=2MB free=5MB
12-14 00:53:02.133  1973  1993 W ActivityManager: getRunningAppProcesses: caller 10059 does not hold REAL_GET_TASKS; limiting output
12-14 00:53:02.134  2534  2630 E JavaBinder: *** Uncaught remote exception!  (Exceptions are not yet supported across processes.)
12-14 00:53:02.134  2534  2630 E JavaBinder: java.lang.RuntimeException: android.os.RemoteException
12-14 00:53:02.134  2534  2630 E JavaBinder: 	at android.os.Parcel.writeException(Parcel.java:1446)
12-14 00:53:02.134  2534  2630 E JavaBinder: 	at android.os.Binder.execTransact(Binder.java:452)
12-14 00:53:02.134  2534  2630 E JavaBinder: Caused by: android.os.RemoteException
12-14 00:53:02.134  2534  2630 E JavaBinder: 	at com.google.android.gms.ads.identifier.service.b.a(SourceFile:77)
12-14 00:53:02.134  2534  2630 E JavaBinder: 	at com.google.android.gms.ads.identifier.a.e.onTransact(SourceFile:63)
12-14 00:53:02.134  2534  2630 E JavaBinder: 	at android.os.Binder.execTransact(Binder.java:446)
12-14 00:53:02.152  1973  2302 W ActivityManager: getRunningAppProcesses: caller 10059 does not hold REAL_GET_TASKS; limiting output
12-14 00:53:02.152  2534  2555 E JavaBinder: *** Uncaught remote exception!  (Exceptions are not yet supported across processes.)
12-14 00:53:02.152  2534  2555 E JavaBinder: java.lang.RuntimeException: android.os.RemoteException
12-14 00:53:02.152  2534  2555 E JavaBinder: 	at android.os.Parcel.writeException(Parcel.java:1446)
12-14 00:53:02.152  2534  2555 E JavaBinder: 	at android.os.Binder.execTransact(Binder.java:452)
12-14 00:53:02.152  2534  2555 E JavaBinder: Caused by: android.os.RemoteException
12-14 00:53:02.152  2534  2555 E JavaBinder: 	at com.google.android.gms.ads.identifier.service.b.a(SourceFile:77)
12-14 00:53:02.152  2534  2555 E JavaBinder: 	at com.google.android.gms.ads.identifier.a.e.onTransact(SourceFile:63)
12-14 00:53:02.152  2534  2555 E JavaBinder: 	at android.os.Binder.execTransact(Binder.java:446)
12-14 00:53:02.188  3267  3363 W art     : Long monitor contention event with owner method=void aga.run() from SourceFile:1087 waiters=1 for 967ms
12-14 00:53:02.225  2534  3392 D LocationInitializer: Restart initialization of location
12-14 00:53:02.236  1973  2425 W art     : Long monitor contention event with owner method=void com.android.server.appwidget.AppWidgetServiceImpl$SaveStateRunnable.run() from AppWidgetServiceImpl.java:3456 waiters=0 for 512ms
12-14 00:53:02.236  2255  2255 V GmsNetworkLocationProvi: ENABLE
12-14 00:53:02.236  2255  2277 V GmsNetworkLocationProvi: onSetRequest: ProviderRequestUnbundled, reportLocation is true and interval is 86400000
12-14 00:53:02.236  2255  2255 V GmsNetworkLocationProvi: SET-REQUEST
12-14 00:53:02.237  2255  2255 V GmsNetworkLocationProvi: in Handler: ProviderRequestUnbundled, reportLocation is true and interval is 86400000
12-14 00:53:02.239  2303  2406 W ResourcesManager: Asset path '/system/framework/com.google.android.media.effects.jar' does not exist or contains no resources.
12-14 00:53:02.241  2303  2303 I Launcher: Deferring update until onResume
12-14 00:53:02.303  1973  2127 I art     : Explicit concurrent mark sweep GC freed 25591(1353KB) AllocSpace objects, 3(48KB) LOS objects, 33% free, 9MB/14MB, paused 463us total 54.865ms
12-14 00:53:02.319  1973  2040 D WifiService: New client listening to asynchronous messages
12-14 00:53:02.320  2465  2465 D AuthorizationBluetoothService: Received GmsCore event: Intent { act=com.google.android.gms.INITIALIZE flg=0x10 pkg=com.google.android.gms cmp=com.google.android.gms/.auth.be.proximity.authorization.bt.AuthorizationBluetoothService$AutoStarter }.
12-14 00:53:02.320  2465  2465 E AuthorizationBluetoothService: Proximity feature is not enabled.
12-14 00:53:02.320  2465  3400 D GCM     : GcmService start Intent { act=com.google.android.gms.INITIALIZE flg=0x10 pkg=com.google.android.gms cmp=com.google.android.gms/.gcm.GcmService } com.google.android.gms.INITIALIZE
12-14 00:53:02.321  2465  2465 V GLSActivity: AuthDelegateWrapperCreated with selected intent: Intent { cmp=com.google.android.gms/.auth.DefaultAuthDelegateService }
12-14 00:53:02.321  2534  2534 V GmsCoreStatsServiceLauncher: Received broadcast intent Intent { act=com.google.android.gms.INITIALIZE flg=0x10 pkg=com.google.android.gms cmp=com.google.android.gms/.common.stats.GmsCoreStatsServiceLauncher }
12-14 00:53:02.323  2255  3403 E MDM     : [77] b.run: Couldn't connect to Google API client: ConnectionResult{statusCode=API_UNAVAILABLE, resolution=null, message=null}
12-14 00:53:02.324  2255  2556 W GCoreFlp: No location to return for getLastLocation()
12-14 00:53:02.324  2465  3393 W FusedLocationProvider: location=null
12-14 00:53:02.324  2534  3404 D LocationInitializer: Restart initialization of location
12-14 00:53:02.325  2465  3405 D GCM     : GcmService start Intent { act=com.google.android.gms.INITIALIZE flg=0x10 pkg=com.google.android.gms cmp=com.google.android.gms/.gcm.GcmService } com.google.android.gms.INITIALIZE
12-14 00:53:02.325  2465  2465 D AuthorizationBluetoothService: Received GmsCore event: Intent { act=com.google.android.gms.INITIALIZE flg=0x10 pkg=com.google.android.gms cmp=com.google.android.gms/.auth.be.proximity.authorization.bt.AuthorizationBluetoothService$AutoStarter }.
12-14 00:53:02.325  2465  2465 E AuthorizationBluetoothService: Proximity feature is not enabled.
12-14 00:53:02.326  2465  2465 V GLSActivity: AuthDelegateWrapperCreated with selected intent: Intent { cmp=com.google.android.gms/.auth.DefaultAuthDelegateService }
12-14 00:53:02.326  2534  2534 V GmsCoreStatsServiceLauncher: Received broadcast intent Intent { act=com.google.android.gms.INITIALIZE flg=0x10 pkg=com.google.android.gms cmp=com.google.android.gms/.common.stats.GmsCoreStatsServiceLauncher }
12-14 00:53:02.327  2255  3407 E MDM     : [78] b.run: Couldn't connect to Google API client: ConnectionResult{statusCode=API_UNAVAILABLE, resolution=null, message=null}
12-14 00:53:02.400  1973  1998 I ActivityManager: Waited long enough for: ServiceRecord{3094d68c u0 com.android.providers.media/.MediaScannerService}
12-14 00:53:02.516  2465  2465 W art     : Suspending all threads took: 11.261ms
12-14 00:53:02.584  2465  2465 I art     : Explicit concurrent mark sweep GC freed 8821(468KB) AllocSpace objects, 1(16KB) LOS objects, 39% free, 5MB/9MB, paused 78.613ms total 258.213ms
12-14 00:53:02.585  1688  1696 E Vold    : Failed to find mounted volume for /storage/usb1/Android/data/com.cyanogenmod.filemanager/cache/
12-14 00:53:02.585  2929  3408 W ContextImpl: Failed to ensure directory: /storage/usb1/Android/data/com.cyanogenmod.filemanager/cache
12-14 00:53:02.585  1688  1696 E Vold    : Failed to find mounted volume for /storage/usb2/Android/data/com.cyanogenmod.filemanager/cache/
12-14 00:53:02.585  2929  3408 W ContextImpl: Failed to ensure directory: /storage/usb2/Android/data/com.cyanogenmod.filemanager/cache
12-14 00:53:02.586  1688  1696 E Vold    : Failed to find mounted volume for /storage/usb3/Android/data/com.cyanogenmod.filemanager/cache/
12-14 00:53:02.586  2255  2556 W GCoreFlp: No location to return for getLastLocation()
12-14 00:53:02.586  2929  3408 W ContextImpl: Failed to ensure directory: /storage/usb3/Android/data/com.cyanogenmod.filemanager/cache
12-14 00:53:02.586  2465  3393 W FusedLocationProvider: location=null
12-14 00:53:02.587  1688  1696 E Vold    : Failed to find mounted volume for /storage/sdcard1/Android/data/com.cyanogenmod.filemanager/cache/
12-14 00:53:02.587  2929  3408 W ContextImpl: Failed to ensure directory: /storage/sdcard1/Android/data/com.cyanogenmod.filemanager/cache
12-14 00:53:02.588  2465  3412 D GCM     : GcmService start Intent { act=com.google.android.gms.INITIALIZE flg=0x10 pkg=com.google.android.gms cmp=com.google.android.gms/.gcm.GcmService } com.google.android.gms.INITIALIZE
12-14 00:53:02.588  2534  3410 D LocationInitializer: Restart initialization of location
12-14 00:53:02.589  2465  2465 D AuthorizationBluetoothService: Received GmsCore event: Intent { act=com.google.android.gms.INITIALIZE flg=0x10 pkg=com.google.android.gms cmp=com.google.android.gms/.auth.be.proximity.authorization.bt.AuthorizationBluetoothService$AutoStarter }.
12-14 00:53:02.589  2465  2465 E AuthorizationBluetoothService: Proximity feature is not enabled.
12-14 00:53:02.590  2465  2465 V GLSActivity: AuthDelegateWrapperCreated with selected intent: Intent { cmp=com.google.android.gms/.auth.DefaultAuthDelegateService }
12-14 00:53:02.590  2534  2534 V GmsCoreStatsServiceLauncher: Received broadcast intent Intent { act=com.google.android.gms.INITIALIZE flg=0x10 pkg=com.google.android.gms cmp=com.google.android.gms/.common.stats.GmsCoreStatsServiceLauncher }
12-14 00:53:02.591  2255  2556 W GCoreFlp: No location to return for getLastLocation()
12-14 00:53:02.592  2465  3413 W FusedLocationProvider: location=null
12-14 00:53:02.593  2255  3415 E MDM     : [79] b.run: Couldn't connect to Google API client: ConnectionResult{statusCode=API_UNAVAILABLE, resolution=null, message=null}
12-14 00:53:02.594  2255  2255 I GCoreUlr: Starting service, intent=Intent { act=com.google.android.location.reporting.ACTION_UPDATE_WORLD cmp=com.google.android.gms/com.google.android.location.reporting.service.DispatchingService (has extras) }, extras=Bundle[{receiverAction=com.google.android.location.internal.server.ACTION_RESTARTED}]
12-14 00:53:02.594  2534  3416 D LocationInitializer: Restart initialization of location
12-14 00:53:02.594  2255  2255 I GCoreUlr: DispatchingService.onCreate()
12-14 00:53:02.610  1973  1973 I ActivityManager: Start proc 3418:com.google.android.music:main/u0a47 for broadcast com.google.android.music/.store.MediaStoreImportService$Receiver
12-14 00:53:02.611  2255  2556 W GCoreFlp: No location to return for getLastLocation()
12-14 00:53:02.611  2465  3417 W FusedLocationProvider: location=null
12-14 00:53:02.615  3418  3418 I ActivityThread: Switching default density from 160 to 240
12-14 00:53:02.622  3267  3333 W art     : Long monitor contention event with owner method=long android.database.sqlite.SQLiteConnection.nativeOpen(java.lang.String, int, java.lang.String, boolean, boolean) from SQLiteConnection.java:4294967294 waiters=0 for 1.789s
12-14 00:53:02.650  1973  2002 D BluetoothManagerService: Message: 20
12-14 00:53:02.650  1973  2002 D BluetoothManagerService: Added callback: android.bluetooth.IBluetoothManagerCallback$Stub$Proxy@20e3263f:true
12-14 00:53:02.789  2465  3395 E copresGcore: ObfuscatedGaiaIdLookup: Could not load ObfuscatedGaiaIds: /data/data/com.google.android.gms/files/copresence_gaia_id: open failed: ENOENT (No such file or directory)
12-14 00:53:03.016  1973  2045 W AudioTrack: AUDIO_OUTPUT_FLAG_FAST denied by client
12-14 00:53:03.027  1712  1952 D audio_hw_primary: found out /dev/snd/pcmC1D0p
12-14 00:53:03.036  3418  3418 I MultiDex: VM with version 2.1.0 has multidex support
12-14 00:53:03.036  3418  3418 I MultiDex: install
12-14 00:53:03.036  3418  3418 I MultiDex: VM has multidex support, MultiDex support library is disabled.
12-14 00:53:03.187  2255  3459 I GCoreUlr: WorldUpdater received intent Intent { act=com.google.android.location.reporting.ACTION_UPDATE_WORLD cmp=com.google.android.gms/com.google.android.location.reporting.service.DispatchingService (has extras) } with receiverAction com.google.android.location.internal.server.ACTION_RESTARTED
12-14 00:53:03.189  2255  3459 I GCoreUlr: WorldUpdater:com.google.android.location.internal.server.ACTION_RESTARTED: Ensuring that reporting is stopped because of reasons: (no Google accounts)
12-14 00:53:03.190  2255  3459 I GCoreUlr: Unbound from all location providers
12-14 00:53:03.191  2255  2255 I GCoreUlr: DispatchingService.onDestroy()
12-14 00:53:03.191  2255  2255 I GCoreUlr: Stopping handler for UlrDispSvcFast
12-14 00:53:03.191  2255  2255 I GCoreUlr: Unbound from all location providers
12-14 00:53:03.317  1973  2300 W ActivityManager: getRunningAppProcesses: caller 10047 does not hold REAL_GET_TASKS; limiting output
12-14 00:53:03.317  3418  3418 I MusicStore: Database version: 121
12-14 00:53:03.343  2605  2661 W MediaScanner: Error opening directory '/storage/usb0/.android_secure/', skipping: Permission denied.
12-14 00:53:03.350  2605  2661 W MediaScanner: Error opening directory '/storage/usb1/', skipping: Permission denied.
12-14 00:53:03.350  2605  2661 W MediaScanner: Error opening directory '/storage/usb2/', skipping: Permission denied.
12-14 00:53:03.350  2605  2661 W MediaScanner: Error opening directory '/storage/usb3/', skipping: Permission denied.
12-14 00:53:03.646  3418  3437 W art     : Suspending all threads took: 49.344ms
12-14 00:53:03.872  1688  1696 E Vold    : Failed to find mounted volume for /storage/usb1/Android/data/com.google.android.music/files/
12-14 00:53:03.873  3418  3418 W ContextImpl: Failed to ensure directory: /storage/usb1/Android/data/com.google.android.music/files
12-14 00:53:03.873  1688  1696 E Vold    : Failed to find mounted volume for /storage/usb2/Android/data/com.google.android.music/files/
12-14 00:53:03.873  3418  3418 W ContextImpl: Failed to ensure directory: /storage/usb2/Android/data/com.google.android.music/files
12-14 00:53:03.873  1688  1696 E Vold    : Failed to find mounted volume for /storage/usb3/Android/data/com.google.android.music/files/
12-14 00:53:03.873  3418  3418 W ContextImpl: Failed to ensure directory: /storage/usb3/Android/data/com.google.android.music/files
12-14 00:53:03.873  1688  1696 E Vold    : Failed to find mounted volume for /storage/sdcard1/Android/data/com.google.android.music/files/
12-14 00:53:03.873  3418  3418 W ContextImpl: Failed to ensure directory: /storage/sdcard1/Android/data/com.google.android.music/files
12-14 00:53:03.945  2534  3468 I iu.UploadsManager: #reloadSettings(); account: -1; IU: disabled; IS: disabled; IS account: -1; photoWiFi: true; videoWiFi: true; roam: false; battery: true; size: FULL; maxMobile: 157286400
12-14 00:53:03.970  1688  1696 E Vold    : Failed to find mounted volume for /storage/usb1/Android/data/com.google.android.music/files/
12-14 00:53:03.971  3418  3418 W ContextImpl: Failed to ensure directory: /storage/usb1/Android/data/com.google.android.music/files
12-14 00:53:03.971  1688  1696 E Vold    : Failed to find mounted volume for /storage/usb2/Android/data/com.google.android.music/files/
12-14 00:53:03.971  3418  3418 W ContextImpl: Failed to ensure directory: /storage/usb2/Android/data/com.google.android.music/files
12-14 00:53:03.971  1688  1696 E Vold    : Failed to find mounted volume for /storage/usb3/Android/data/com.google.android.music/files/
12-14 00:53:03.971  3418  3418 W ContextImpl: Failed to ensure directory: /storage/usb3/Android/data/com.google.android.music/files
12-14 00:53:03.972  1688  1696 E Vold    : Failed to find mounted volume for /storage/sdcard1/Android/data/com.google.android.music/files/
12-14 00:53:03.972  3418  3418 W ContextImpl: Failed to ensure directory: /storage/sdcard1/Android/data/com.google.android.music/files
12-14 00:53:03.972  1688  1696 E Vold    : Failed to find mounted volume for /storage/usb1/Android/data/com.google.android.music/files/
12-14 00:53:03.972  3418  3418 W ContextImpl: Failed to ensure directory: /storage/usb1/Android/data/com.google.android.music/files
12-14 00:53:03.972  1688  1696 E Vold    : Failed to find mounted volume for /storage/usb2/Android/data/com.google.android.music/files/
12-14 00:53:03.972  3418  3418 W ContextImpl: Failed to ensure directory: /storage/usb2/Android/data/com.google.android.music/files
12-14 00:53:03.973  1688  1696 E Vold    : Failed to find mounted volume for /storage/usb3/Android/data/com.google.android.music/files/
12-14 00:53:03.973  3418  3418 W ContextImpl: Failed to ensure directory: /storage/usb3/Android/data/com.google.android.music/files
12-14 00:53:03.973  1688  1696 E Vold    : Failed to find mounted volume for /storage/sdcard1/Android/data/com.google.android.music/files/
12-14 00:53:03.973  3418  3418 W ContextImpl: Failed to ensure directory: /storage/sdcard1/Android/data/com.google.android.music/files
12-14 00:53:03.975  2534  3468 I iu.UploadsManager: End new media; added: 0, uploading: 0, time: 30 ms
12-14 00:53:04.065  3418  3418 D MusicLifecycle: com.google.android.music.MusicApplication generated event: Application created
12-14 00:53:04.100  3418  3418 W ResourcesManager: Asset path '/system/framework/com.android.media.remotedisplay.jar' does not exist or contains no resources.
12-14 00:53:04.100  3418  3418 W ResourcesManager: Asset path '/system/framework/com.android.location.provider.jar' does not exist or contains no resources.
12-14 00:53:04.107  3418  3418 V JNIHelp : Registering com/google/android/gms/org/conscrypt/NativeCrypto's 240 native methods...
12-14 00:53:04.146  3418  3418 I ProviderInstaller: Installed default security provider GmsCore_OpenSSL
12-14 00:53:04.146  3418  3418 D AndroidMusic: GMSCore installation verified
12-14 00:53:04.154  3418  3418 I ConfigStore: Config Database version: 1
12-14 00:53:04.224  3418  3418 I MediaRouter: Found default route: MediaRouter.RouteInfo{ uniqueId=android/.support.v7.media.SystemMediaRouteProvider:DEFAULT_ROUTE, name=Tablet, description=null, iconUri=null, enabled=true, connecting=false, connectionState=0, canDisconnect=false, playbackType=0, playbackStream=3, volumeHandling=1, volume=11, volumeMax=15, presentationDisplayId=-1, extras=null, settingsIntent=null, providerPackageName=android }
12-14 00:53:04.229  3418  3418 D MusicLifecycle: com.google.android.music.store.MediaStoreImportService$Receiver generated event: Broadcast received with context android.app.ReceiverRestrictedContext@2e763ee7 and intent Intent { act=android.intent.action.MEDIA_SCANNER_STARTED dat=file:///storage/emulated/0 flg=0x10 cmp=com.google.android.music/.store.MediaStoreImportService$Receiver }
12-14 00:53:04.231  3418  3418 D MusicLifecycle: com.google.android.music.net.NetworkMonitor generated event: Service created
12-14 00:53:04.289  3418  3418 D MusicLifecycle: com.google.android.music.preferences.MusicPreferenceService$MusicPreferenceServiceBinder generated event: Service created
12-14 00:53:04.289  3418  3418 D MusicLifecycle: com.google.android.music.download.cache.StorageMigrationService generated event: Service created
12-14 00:53:04.290  3418  3418 D MusicLifecycle: com.google.android.music.download.artwork.ArtDownloadService generated event: Service created
12-14 00:53:04.312  3418  3418 D MusicLifecycle: com.google.android.music.store.MediaStoreImportService generated event: Service created
12-14 00:53:04.313  3418  3418 D MusicLifecycle: com.google.android.music.download.ArtDownloadQueueService generated event: Service created
12-14 00:53:04.329  3418  3418 I GHttpClientFactory: Using our fixed implementation of GMSCore's GoogleHttpClient
12-14 00:53:04.340  3418  3418 I GoogleURLConnFactory: Using platform SSLCertificateSocketFactory
12-14 00:53:04.347  3418  3418 D MusicLifecycle: com.google.android.music.download.cache.ArtCacheService generated event: Service created
12-14 00:53:04.349  3418  3418 D MusicLifecycle: com.google.android.music.store.MediaStoreImportService generated event: Service destroyed
12-14 00:53:04.380  3418  3418 D MusicLifecycle: com.google.android.music.download.cache.StorageMigrationService generated event: Service destroyed
12-14 00:53:04.453  2534  2630 E JavaBinder: *** Uncaught remote exception!  (Exceptions are not yet supported across processes.)
12-14 00:53:04.453  2534  2630 E JavaBinder: java.lang.RuntimeException: android.os.RemoteException
12-14 00:53:04.453  2534  2630 E JavaBinder: 	at android.os.Parcel.writeException(Parcel.java:1446)
12-14 00:53:04.453  2534  2630 E JavaBinder: 	at android.os.Binder.execTransact(Binder.java:452)
12-14 00:53:04.453  2534  2630 E JavaBinder: Caused by: android.os.RemoteException
12-14 00:53:04.453  2534  2630 E JavaBinder: 	at com.google.android.gms.ads.identifier.service.b.a(SourceFile:77)
12-14 00:53:04.453  2534  2630 E JavaBinder: 	at com.google.android.gms.ads.identifier.a.e.onTransact(SourceFile:63)
12-14 00:53:04.453  2534  2630 E JavaBinder: 	at android.os.Binder.execTransact(Binder.java:446)
12-14 00:53:04.593  2605  2661 V MediaScanner: pruneDeadThumbnailFiles... android.database.sqlite.SQLiteCursor@125f75b
12-14 00:53:04.609  2605  2661 V MediaScanner: /pruneDeadThumbnailFiles... android.database.sqlite.SQLiteCursor@125f75b
12-14 00:53:04.663  2605  2661 E SQLiteLog: (283) recovered 24 frames from WAL file /data/data/com.android.providers.media/databases/internal.db-wal
12-14 00:53:04.676  2605  2661 W MediaScanner: Error opening directory '/oem/media/', skipping: No such file or directory.
12-14 00:53:04.716  3021  3021 D AlertReceiver: onReceive: a=android.intent.action.PROVIDER_CHANGED Intent { act=android.intent.action.PROVIDER_CHANGED dat=content://com.android.calendar flg=0x10 cmp=com.android.calendar/.alerts.AlertReceiver }
12-14 00:53:04.717  3021  3479 D AlertService: 0 Action = android.intent.action.PROVIDER_CHANGED
12-14 00:53:04.738  2255  2556 W GCoreFlp: No location to return for getLastLocation()
12-14 00:53:04.738  2465  3482 W FusedLocationProvider: location=null
12-14 00:53:04.738  2465  3485 D GCM     : GcmService start Intent { act=com.google.android.checkin.CHECKIN_COMPLETE flg=0x10 cmp=com.google.android.gms/.gcm.GcmService (has extras) } com.google.android.checkin.CHECKIN_COMPLETE
12-14 00:53:04.739  2534  2534 D ChimeraCfgMgr: Loading module com.google.android.gms.kids from APK com.google.android.gms
12-14 00:53:04.739  2534  2534 D ChimeraCfgMgr: Loading module com.google.android.gms.kids from APK com.google.android.gms
12-14 00:53:04.740  2534  3486 I Kids    : [KidAccountFixer] No network connection
12-14 00:53:04.745  2605  2661 D MediaProvider: object removed 115
12-14 00:53:04.959  2605  2661 W MediaScanner: Error opening directory '/storage/sdcard1/', skipping: Permission denied.
12-14 00:53:04.993  1973  2300 I art     : Explicit concurrent mark sweep GC freed 17075(861KB) AllocSpace objects, 0(0B) LOS objects, 33% free, 9MB/14MB, paused 321us total 10.931ms
12-14 00:53:04.995  2892  2892 V Mms     : onStart: #1 mResultCode: -1 = Activity.RESULT_OK
12-14 00:53:04.996  1973  2424 D WifiService: releaseWifiLockLocked: WifiLock{NlpWifiLock type=2 binder=android.os.BinderProxy@5accec7}
12-14 00:53:05.000  2714  3491 E SQLiteLog: (284) automatic index on view_events(_id)
12-14 00:53:05.010  2534  3494 D PackageBroadcastService: Received broadcast action=android.intent.action.PACKAGE_CHANGED and uri=com.google.android.gms
12-14 00:53:05.010  2534  3494 I PackageBroadcastService: Null package name or gms related package.  Ignoreing.
12-14 00:53:05.076  2534  2808 I Icing   : Storage manager: low false usage 1.46MB avail 4.40GB capacity 5.99GB
12-14 00:53:05.087  1973  1994 I ActivityManager: Start proc 3499:com.android.gallery3d/u0a38 for broadcast com.android.gallery3d/.app.PackagesMonitor
12-14 00:53:05.175  1973  2045 W AudioTrack: AUDIO_OUTPUT_FLAG_FAST denied by client
12-14 00:53:05.365  3499  3499 I ActivityThread: Switching default density from 160 to 240
12-14 00:53:05.366  3499  3499 W ResourcesManager: Asset path '/system/framework/com.google.android.media.effects.jar' does not exist or contains no resources.
12-14 00:53:05.371  1973  2045 W AudioTrack: AUDIO_OUTPUT_FLAG_FAST denied by client
12-14 00:53:05.440  2605  2661 W MediaScanner: Error opening directory '/storage/usb0/.android_secure/', skipping: Permission denied.
12-14 00:53:05.542  1973  2045 W AudioTrack: AUDIO_OUTPUT_FLAG_FAST denied by client
12-14 00:53:05.795  2534  2808 E Icing   : Loading extension /data/data/com.google.android.gms/files/libAppDataSearchExt_x86_64.so failed
12-14 00:53:05.819  1973  2045 W AudioTrack: AUDIO_OUTPUT_FLAG_FAST denied by client
12-14 00:53:05.849  1973  2141 W AudioTrack: AUDIO_OUTPUT_FLAG_FAST denied by client
12-14 00:53:05.859  2303  2303 W Launcher: setApplicationContext called twice! old=com.android.launcher3.LauncherApplication@11a67174 new=com.android.launcher3.LauncherApplication@11a67174
12-14 00:53:05.865  2465  2465 E GCM     : Missing checkin config file
12-14 00:53:05.865  2465  2465 W GCM     : GCM FAILED TO INITIALIZE - missing checkin
12-14 00:53:05.865  3418  3418 D MusicLifecycle: com.google.android.music.store.MediaStoreImportService$Receiver generated event: Broadcast received with context android.app.ReceiverRestrictedContext@2e763ee7 and intent Intent { act=android.intent.action.MEDIA_SCANNER_FINISHED dat=file:///storage/emulated/0 flg=0x10 cmp=com.google.android.music/.store.MediaStoreImportService$Receiver }
12-14 00:53:05.866  3418  3418 D MusicLifecycle: com.google.android.music.store.MediaStoreImportService generated event: Service created
12-14 00:53:05.879  1973  2141 W AudioTrack: AUDIO_OUTPUT_FLAG_FAST denied by client
12-14 00:53:05.909  1973  2141 W AudioTrack: AUDIO_OUTPUT_FLAG_FAST denied by client
12-14 00:53:05.936  2605  2661 W MediaScanner: Error opening directory '/storage/usb1/', skipping: Permission denied.
12-14 00:53:05.936  2605  2661 W MediaScanner: Error opening directory '/storage/usb2/', skipping: Permission denied.
12-14 00:53:05.936  2605  2661 W MediaScanner: Error opening directory '/storage/usb3/', skipping: Permission denied.
12-14 00:53:05.939  1973  2141 W AudioTrack: AUDIO_OUTPUT_FLAG_FAST denied by client
12-14 00:53:05.969  1973  2141 W AudioTrack: AUDIO_OUTPUT_FLAG_FAST denied by client
12-14 00:53:06.000  1973  2141 W AudioTrack: AUDIO_OUTPUT_FLAG_FAST denied by client
12-14 00:53:06.032  1973  2141 W AudioTrack: AUDIO_OUTPUT_FLAG_FAST denied by client
12-14 00:53:06.061  1973  2141 W AudioTrack: AUDIO_OUTPUT_FLAG_FAST denied by client
12-14 00:53:06.122  3418  3418 D MusicLifecycle: com.google.android.music.store.MediaStoreImportService$Receiver generated event: Broadcast received with context android.app.ReceiverRestrictedContext@2e763ee7 and intent Intent { act=android.intent.action.MEDIA_SCANNER_STARTED dat=file:///system/media flg=0x10 cmp=com.google.android.music/.store.MediaStoreImportService$Receiver }
12-14 00:53:06.122  3418  3418 D MusicLifecycle: com.google.android.music.store.MediaStoreImportService$Receiver generated event: Broadcast received with context android.app.ReceiverRestrictedContext@2e763ee7 and intent Intent { act=android.intent.action.MEDIA_SCANNER_FINISHED dat=file:///system/media flg=0x10 cmp=com.google.android.music/.store.MediaStoreImportService$Receiver }
12-14 00:53:06.122  3418  3418 D MusicLifecycle: com.google.android.music.store.MediaStoreImportService$Receiver generated event: Broadcast received with context android.app.ReceiverRestrictedContext@2e763ee7 and intent Intent { act=android.intent.action.MEDIA_SCANNER_STARTED dat=file:///storage/emulated/0 flg=0x10 cmp=com.google.android.music/.store.MediaStoreImportService$Receiver }
12-14 00:53:06.308  3418  3533 I MediaStoreImporter: Update: incremental Added music: 0 Updated music: 0 Deleted music: 0 Created playlists: 0 Updated playlists: 0 Deleted playlists: 0 Inserted playlist items: 0 Deleted playlist items: 0 Removed orphaned playlist items: 0
12-14 00:53:06.309  3418  3418 D MusicLifecycle: com.google.android.music.wear.WearBroadcastReceiver generated event: Broadcast received with context android.app.ReceiverRestrictedContext@2e763ee7 and intent Intent { act=com.google.android.music.IMPORT_COMPLETE flg=0x10 cmp=com.google.android.music/.wear.WearBroadcastReceiver }
12-14 00:53:06.345  1973  2127 I ActivityManager: Killing 2688:com.android.dialer/u0a4 (adj 15): empty #17
12-14 00:53:06.384  3418  3418 D MusicLifecycle: com.google.android.music.store.MediaStoreImportService generated event: Service destroyed
12-14 00:53:06.397  3418  3418 D MusicLifecycle: com.google.android.music.wear.WearMetadataSyncService generated event: Service created
12-14 00:53:06.398  3418  3418 D MusicLifecycle: com.google.android.music.wear.WearMetadataSyncService generated event: Service started with intent Intent { cmp=com.google.android.music/.wear.WearMetadataSyncService }
12-14 00:53:06.406  3418  3418 D MusicLifecycle: com.google.android.music.store.MediaStoreImportService$Receiver generated event: Broadcast received with context android.app.ReceiverRestrictedContext@2e763ee7 and intent Intent { act=android.intent.action.MEDIA_SCANNER_FINISHED dat=file:///storage/emulated/0 flg=0x10 cmp=com.google.android.music/.store.MediaStoreImportService$Receiver }
12-14 00:53:06.408  3418  3418 D MusicLifecycle: com.google.android.music.store.MediaStoreImportService generated event: Service created
12-14 00:53:06.482  1973  2141 W AudioTrack: AUDIO_OUTPUT_FLAG_FAST denied by client
12-14 00:53:06.498  1973  2127 W ActivityManager: Unable to start service Intent { act=com.google.android.gms.analytics.service.START cmp=com.google.android.gms/.analytics.service.AnalyticsService (has extras) } U=0: not found
12-14 00:53:06.498  3196  3365 W GAV2    : Thread[Service Reconnect,5,main]: Service unavailable (code=1), using local store.
12-14 00:53:06.512  2534  2808 I Icing   : updateResources: need to parse f{com.google.android.gms}
12-14 00:53:06.590  3418  3418 E GmsUtils: Failed to connect to Google API client: ConnectionResult{statusCode=API_UNAVAILABLE, resolution=null}
12-14 00:53:06.590  3418  3544 E GmsUtils: Failed to connect to Google API client: ConnectionResult{statusCode=API_UNAVAILABLE, resolution=null}
12-14 00:53:06.591  3418  3547 I MediaStoreImporter: Update: incremental Added music: 0 Updated music: 0 Deleted music: 0 Created playlists: 0 Updated playlists: 0 Deleted playlists: 0 Inserted playlist items: 0 Deleted playlist items: 0 Removed orphaned playlist items: 0
12-14 00:53:06.591  3418  3418 D MusicLifecycle: com.google.android.music.wear.WearMetadataSyncService generated event: Service destroyed
12-14 00:53:06.591  3418  3418 D MusicLifecycle: com.google.android.music.wear.WearBroadcastReceiver generated event: Broadcast received with context android.app.ReceiverRestrictedContext@2e763ee7 and intent Intent { act=com.google.android.music.IMPORT_COMPLETE flg=0x10 cmp=com.google.android.music/.wear.WearBroadcastReceiver }
12-14 00:53:06.592  3418  3418 D MusicLifecycle: com.google.android.music.store.MediaStoreImportService generated event: Service destroyed
12-14 00:53:06.592  3418  3418 D MusicLifecycle: com.google.android.music.wear.WearMetadataSyncService generated event: Service created
12-14 00:53:06.592  3418  3418 D MusicLifecycle: com.google.android.music.wear.WearMetadataSyncService generated event: Service started with intent Intent { cmp=com.google.android.music/.wear.WearMetadataSyncService }
12-14 00:53:06.593  3418  3418 E GmsUtils: Failed to connect to Google API client: ConnectionResult{statusCode=API_UNAVAILABLE, resolution=null}
12-14 00:53:06.593  3418  3550 E GmsUtils: Failed to connect to Google API client: ConnectionResult{statusCode=API_UNAVAILABLE, resolution=null}
12-14 00:53:06.593  3418  3418 D MusicLifecycle: com.google.android.music.wear.WearMetadataSyncService generated event: Service destroyed
12-14 00:53:06.594  1973  2325 I ActivityManager: Killing 2810:com.google.android.onetimeinitializer/u0a9 (adj 15): empty #17
12-14 00:53:06.663  1973  2141 W AudioTrack: AUDIO_OUTPUT_FLAG_FAST denied by client
12-14 00:53:06.669  2534  2808 I Icing   : Internal init done: storage state 0
12-14 00:53:06.670  2534  2808 I Icing   : Post-init done
12-14 00:53:06.671  2534  2808 I Icing   : updateResources: need to parse f{com.google.android.gms}
12-14 00:53:07.094  1973  2045 W AudioTrack: AUDIO_OUTPUT_FLAG_FAST denied by client
12-14 00:53:07.097  1973  2425 I ActivityManager: START u0 {act=android.intent.action.VIEW dat=file:///storage/usb0/com.android.chrome-v44.0.2403.128-240312811-x86-Android-5.0.apk typ=application/vnd.android.package-archive flg=0x17000000 cmp=com.android.packageinstaller/.PackageInstallerActivity} from uid 10025 on display 0
12-14 00:53:07.097  1973  2425 V WindowManager: addAppToken: AppWindowToken{18b7982c token=Token{256313df ActivityRecord{1df3327e u0 com.android.packageinstaller/.PackageInstallerActivity t3}}} to stack=1 task=3 at 0
12-14 00:53:07.098  1689  1699 D PermissionCache: checking android.permission.READ_FRAME_BUFFER for uid=1000 => granted (25 us)
12-14 00:53:07.120  1973  2300 I ActivityManager: Start proc 3558:com.android.packageinstaller/u0a50 for activity com.android.packageinstaller/.PackageInstallerActivity
12-14 00:53:07.126  3558  3558 I ActivityThread: Switching default density from 160 to 240
12-14 00:53:07.462  3558  3577 I art     : Background partial concurrent mark sweep GC freed 37967(1933KB) AllocSpace objects, 2(340KB) LOS objects, 39% free, 2MB/3MB, paused 298us total 240.110ms
12-14 00:53:07.466  3558  3580 D OpenGLRenderer: Use EGL_SWAP_BEHAVIOR_PRESERVED: true
12-14 00:53:07.467  3558  3558 I GRALLOC-DRM: create intel for driver i915
12-14 00:53:07.467  3558  3558 D Atlas   : Validating map...
12-14 00:53:07.468  1973  2300 V WindowManager: Adding window Window{2be23971 u0 com.android.packageinstaller/com.android.packageinstaller.PackageInstallerActivity} at 3 of 8 (after Window{76b107d u0 com.cyanogenmod.filemanager/com.cyanogenmod.filemanager.activities.NavigationActivity})
12-14 00:53:07.469  1973  1994 V WindowManager: Adding window Window{25b59fd7 u0 com.android.packageinstaller/com.android.packageinstaller.PackageInstallerActivity} at 3 of 9 (before Window{2be23971 u0 com.android.packageinstaller/com.android.packageinstaller.PackageInstallerActivity})
12-14 00:53:07.496  3558  3580 I EGL-DRI2: DRI2: found extension DRI_Core version 1
12-14 00:53:07.496  3558  3580 I EGL-DRI2: DRI2: found extension DRI_DRI2 version 4
12-14 00:53:07.499  3558  3580 I EGL-DRI2: DRI2: found extension DRI_TexBuffer version 3
12-14 00:53:07.499  3558  3580 I EGL-DRI2: DRI2: found extension DRI2_Flush version 4
12-14 00:53:07.499  3558  3580 I EGL-DRI2: DRI2: found extension DRI_IMAGE version 11
12-14 00:53:07.499  3558  3580 I OpenGLRenderer: Initialized EGL, version 1.4
12-14 00:53:07.499  3558  3580 W OpenGLRenderer: Failed to choose config with EGL_SWAP_BEHAVIOR_PRESERVED, retrying without...
12-14 00:53:07.502  3558  3580 D OpenGLRenderer: Enabling debug mode 0
12-14 00:53:07.543  1973  2003 I ActivityManager: Displayed com.android.packageinstaller/.PackageInstallerActivity: +439ms
12-14 00:53:07.596  1973  1994 I ActivityManager: Killing 2866:com.android.managedprovisioning/u0a11 (adj 15): empty #17
12-14 00:53:08.049  1973  1998 I ActivityManager: Waited long enough for: ServiceRecord{287f685b u0 com.android.calendar/.alerts.InitAlarmsService}
12-14 00:53:08.122  2105  2105 W ResourceType: No package identifier when getting value for resource number 0x00000000
12-14 00:53:08.122  2105  2105 W PackageManager: Failure retrieving resources for com.cyanogenmod.filemanager: Resource ID #0x0
12-14 00:53:08.219  1973  2045 W AudioTrack: AUDIO_OUTPUT_FLAG_FAST denied by client
12-14 00:53:09.002  1973  2045 W AudioTrack: AUDIO_OUTPUT_FLAG_FAST denied by client
12-14 00:53:09.011  3558  3558 I PackageInstaller: Launching settings
12-14 00:53:09.012  1973  1994 I ActivityManager: START u0 {act=android.settings.SECURITY_SETTINGS flg=0x10000000 cmp=com.android.settings/.Settings$SecuritySettingsActivity} from uid 10050 on display 0
12-14 00:53:09.013  1973  1994 V WindowManager: addAppToken: AppWindowToken{12ca6273 token=Token{3dcb0ee2 ActivityRecord{218ffbad u0 com.android.settings/.Settings$SecuritySettingsActivity t4}}} to stack=1 task=4 at 0
12-14 00:53:09.017  1973  2003 V WindowManager: Adding window Window{20b46a48 u0 Starting com.android.settings} at 5 of 10 (after Window{2be23971 u0 com.android.packageinstaller/com.android.packageinstaller.PackageInstallerActivity})
12-14 00:53:09.018  3558  3580 D OpenGLRenderer: endAllStagingAnimators on 0x7f407bdaf000 (RippleDrawable) with handle 0x7f4073f5f2a0
12-14 00:53:09.150  2998  2998 W Settings: Setting install_non_market_apps has moved from android.provider.Settings.Global to android.provider.Settings.Secure, returning read-only value.
12-14 00:53:09.212  3418  3418 D MusicLifecycle: com.google.android.music.leanback.AutoCacheSchedulingService$EnablingReceiver generated event: Broadcast received with context android.app.ReceiverRestrictedContext@2e763ee7 and intent Intent { act=com.google.android.music.START_DOWNLOAD_SCHEDULING flg=0x10 cmp=com.google.android.music/.leanback.AutoCacheSchedulingService$EnablingReceiver }
12-14 00:53:09.213  3418  3418 D MusicLifecycle: com.google.android.music.leanback.AutoCacheSchedulingService generated event: Service created
12-14 00:53:09.215  3418  3418 D MusicLifecycle: com.google.android.music.leanback.AutoCacheSchedulingService generated event: Service started with intent Intent { act=com.google.android.music.leanback.APP_IN_USE cmp=com.google.android.music/.leanback.AutoCacheSchedulingService (has extras) }
12-14 00:53:09.215  3418  3418 D MusicLifecycle: com.google.android.music.wear.WearBroadcastReceiver generated event: Broadcast received with context android.app.ReceiverRestrictedContext@2e763ee7 and intent Intent { act=com.google.android.music.START_DOWNLOAD_SCHEDULING flg=0x10 cmp=com.google.android.music/.wear.WearBroadcastReceiver }
12-14 00:53:09.215  2998  3591 D OpenGLRenderer: Use EGL_SWAP_BEHAVIOR_PRESERVED: true
12-14 00:53:09.216  3418  3418 D MusicLifecycle: com.google.android.music.download.TrackDownloadQueueService generated event: Service created
12-14 00:53:09.216  2998  2998 I GRALLOC-DRM: create intel for driver i915
12-14 00:53:09.217  2998  2998 D Atlas   : Validating map...
12-14 00:53:09.217  3418  3418 D MusicLifecycle: com.google.android.music.download.cache.TrackCacheService generated event: Service created
12-14 00:53:09.218  3418  3418 D MusicLifecycle: com.google.android.music.wear.WearMetadataSyncService generated event: Service created
12-14 00:53:09.218  3418  3418 D MusicLifecycle: com.google.android.music.wear.WearMetadataSyncService generated event: Service started with intent Intent { cmp=com.google.android.music/.wear.WearMetadataSyncService }
12-14 00:53:09.231  1973  1994 V WindowManager: Adding window Window{2852aca8 u0 com.android.settings/com.android.settings.Settings$SecuritySettingsActivity} at 5 of 11 (before Window{20b46a48 u0 Starting com.android.settings})
12-14 00:53:09.236  3418  3418 E GmsUtils: Failed to connect to Google API client: ConnectionResult{statusCode=API_UNAVAILABLE, resolution=null}
12-14 00:53:09.236  3418  3594 E GmsUtils: Failed to connect to Google API client: ConnectionResult{statusCode=API_UNAVAILABLE, resolution=null}
12-14 00:53:09.236  3418  3418 D MusicLifecycle: com.google.android.music.wear.WearMetadataSyncService generated event: Service destroyed
12-14 00:53:09.246  3418  3589 I MusicLeanback: Conditions not met for autocaching. okToAttempt=false
12-14 00:53:09.246  3418  3589 I MusicLeanback: Stop autocaching.
12-14 00:53:09.247  3418  3418 D MusicLifecycle: com.google.android.music.download.cache.TrackCacheService generated event: Service destroyed
12-14 00:53:09.247  3418  3418 D MusicLifecycle: com.google.android.music.download.TrackDownloadQueueService generated event: Service destroyed
12-14 00:53:09.311  2998  3588 I IndexDatabaseHelper: Bootstrapped database
12-14 00:53:09.353  2998  3588 I IndexDatabaseHelper: Using schema version: 115
12-14 00:53:09.353  2998  3588 I IndexDatabaseHelper: Index is fine
12-14 00:53:09.354  2998  3588 D Index   : Deleting data for locale 'en_US' took 0 millis
12-14 00:53:09.360  2998  3588 D Index   : Indexing locale 'en_US' took 6 millis
12-14 00:53:09.429  2998  3591 I EGL-DRI2: DRI2: found extension DRI_Core version 1
12-14 00:53:09.429  2998  3591 I EGL-DRI2: DRI2: found extension DRI_DRI2 version 4
12-14 00:53:09.434  2998  3591 I EGL-DRI2: DRI2: found extension DRI_TexBuffer version 3
12-14 00:53:09.434  2998  3591 I EGL-DRI2: DRI2: found extension DRI2_Flush version 4
12-14 00:53:09.434  2998  3591 I EGL-DRI2: DRI2: found extension DRI_IMAGE version 11
12-14 00:53:09.434  2998  3591 I OpenGLRenderer: Initialized EGL, version 1.4
12-14 00:53:09.434  2998  3591 W OpenGLRenderer: Failed to choose config with EGL_SWAP_BEHAVIOR_PRESERVED, retrying without...
12-14 00:53:09.435  2998  3591 D OpenGLRenderer: Enabling debug mode 0
12-14 00:53:09.580  1973  2003 I ActivityManager: Displayed com.android.settings/.Settings$SecuritySettingsActivity: +562ms
12-14 00:53:09.599  1973  2045 W AudioTrack: AUDIO_OUTPUT_FLAG_FAST denied by client
12-14 00:53:09.717  3021  3479 I GlobalDismissManager: no sender configured
12-14 00:53:09.717  3021  3479 D AlertService: Beginning updateAlertNotification
12-14 00:53:09.720  3021  3479 D AlertService: No fired or scheduled alerts
12-14 00:53:09.721  3021  3479 D AlertService: Scheduling next alarm with AlarmScheduler. sEventReminderReceived: null
12-14 00:53:09.722  3021  3479 D AlarmScheduler: No events found starting within 1 week.
12-14 00:53:09.791  1973  2045 W AudioTrack: AUDIO_OUTPUT_FLAG_FAST denied by client
12-14 00:53:09.972  2534  2792 I CheckinService: Done disabling old GoogleServicesFramework version
12-14 00:53:10.002  1973  2045 W AudioTrack: AUDIO_OUTPUT_FLAG_FAST denied by client
12-14 00:53:10.198  1973  2045 W AudioTrack: AUDIO_OUTPUT_FLAG_FAST denied by client
12-14 00:53:10.956  1973  2045 W AudioTrack: AUDIO_OUTPUT_FLAG_FAST denied by client
12-14 00:53:11.202  1973  2045 W AudioTrack: AUDIO_OUTPUT_FLAG_FAST denied by client
12-14 00:53:12.010  1973  2045 W AudioTrack: AUDIO_OUTPUT_FLAG_FAST denied by client
12-14 00:53:12.013  1973  2424 V WindowManager: not Base app: Adding window Window{2b9623f2 u0 com.android.settings/com.android.settings.Settings$SecuritySettingsActivity} at 4 of 9
12-14 00:53:12.870  1973  2045 W AudioTrack: AUDIO_OUTPUT_FLAG_FAST denied by client
12-14 00:53:13.306  1973  2045 W AudioTrack: AUDIO_OUTPUT_FLAG_FAST denied by client
12-14 00:53:13.311  2998  2998 W Settings: Setting install_non_market_apps has moved from android.provider.Settings.Global to android.provider.Settings.Secure, value is unchanged.
12-14 00:53:13.397  2998  3591 D OpenGLRenderer: endAllStagingAnimators on 0x7f4071415400 (RippleDrawable) with handle 0x7f4070d7d440
12-14 00:53:13.400  1973  2300 W InputMethodManagerService: Window already focused, ignoring focus gain of: com.android.internal.view.IInputMethodClient$Stub$Proxy@ade8d3e attribute=null, token = android.os.BinderProxy@3efbfccb
12-14 00:53:14.356  2105  2105 W ResourceType: No package identifier when getting value for resource number 0x00000000
12-14 00:53:14.356  2105  2105 W PackageManager: Failure retrieving resources for com.android.settings: Resource ID #0x0
12-14 00:53:14.358  1973  2300 I ActivityManager: START u0 {act=com.android.systemui.recents.SHOW_RECENTS flg=0x10804000 cmp=com.android.systemui/.recents.RecentsActivity} from uid 10018 on display 0
12-14 00:53:14.359  1973  2300 V WindowManager: addAppToken: AppWindowToken{2ab23f4a token=Token{3d5d8cb5 ActivityRecord{75750ec u0 com.android.systemui/.recents.RecentsActivity t5}}} to stack=0 task=5 at 0
12-14 00:53:14.364  2105  2105 D OpenGLRenderer: setting property ambientRatio to 1.5
12-14 00:53:14.364  2105  2105 D OpenGLRenderer: ambientRatio = 1.50
12-14 00:53:14.367  1973  2424 V WindowManager: Adding window Window{feb468f u0 com.android.systemui/com.android.systemui.recents.RecentsActivity} at 4 of 9 (after Window{1f8466dd u0 com.android.launcher3/com.android.launcher3.Launcher})
12-14 00:53:14.431  1973  2003 I ActivityManager: Displayed com.android.systemui/.recents.RecentsActivity: +70ms
12-14 00:53:15.346  1973  2045 W AudioTrack: AUDIO_OUTPUT_FLAG_FAST denied by client
12-14 00:53:15.447  2105  2105 W ResourceType: No package identifier when getting value for resource number 0x00000000
12-14 00:53:15.447  2105  2105 W PackageManager: Failure retrieving resources for com.android.settings: Resource ID #0x0
12-14 00:53:15.863  1973  2045 W AudioTrack: AUDIO_OUTPUT_FLAG_FAST denied by client
