01-06 02:24:20.422  3933  3933 E art     : No implementation found for byte[] com.baidu.android.pushservice.jni.BaiduAppSSOJni.getKey(java.lang.String) (tried Java_com_baidu_android_pushservice_jni_BaiduAppSSOJni_getKey and Java_com_baidu_android_pushservice_jni_BaiduAppSSOJni_getKey__Ljava_lang_String_2)
01-06 02:24:20.422  3933  3933 E BaiduAppSSOJni: error = No implementation found for byte[] com.baidu.android.pushservice.jni.BaiduAppSSOJni.getKey(java.lang.String) (tried Java_com_baidu_android_pushservice_jni_BaiduAppSSOJni_getKey and Java_com_baidu_android_pushservice_jni_BaiduAppSSOJni_getKey__Ljava_lang_String_2)
01-06 02:24:20.423  3933  3933 I Process : Sending signal. PID: 3933 SIG: 9
01-06 02:24:20.434  2149  2169 I ActivityManager: Process com.baidu.netdisk:bdservice_v1 (pid 3933) has died
01-06 02:24:20.661  2349  2349 W Launcher: setApplicationContext called twice! old=com.android.launcher3.LauncherApplication@95c0a33 new=com.android.launcher3.LauncherApplication@95c0a33
01-06 02:24:20.664  2349  2349 W Launcher: setApplicationContext called twice! old=com.android.launcher3.LauncherApplication@95c0a33 new=com.android.launcher3.LauncherApplication@95c0a33
01-06 02:24:20.671  2267  2267 W ResourceType: No package identifier when getting value for resource number 0x00000000
01-06 02:24:20.671  2267  2267 W PackageManager: Failure retrieving resources for com.cyanogenmod.filemanager: Resource ID #0x0
01-06 02:24:20.680  3901  3901 D AndroidRuntime: Shutting down VM
--------- beginning of crash
01-06 02:24:20.681  3901  3901 E AndroidRuntime: FATAL EXCEPTION: main
01-06 02:24:20.681  3901  3901 E AndroidRuntime: Process: com.baidu.netdisk, PID: 3901
01-06 02:24:20.681  3901  3901 E AndroidRuntime: java.lang.UnsatisfiedLinkError: dalvik.system.PathClassLoader[DexPathList[[zip file "/system/framework/android.test.runner.jar", zip file "/data/app/com.baidu.netdisk-1/base.apk"],nativeLibraryDirectories=[/data/app/com.baidu.netdisk-1/lib/x86, /vendor/lib, /system/lib]]] couldn't find "libBaiduMapSDK_v3_2_0_15.so"
01-06 02:24:20.681  3901  3901 E AndroidRuntime: 	at java.lang.Runtime.loadLibrary(Runtime.java:366)
01-06 02:24:20.681  3901  3901 E AndroidRuntime: 	at java.lang.System.loadLibrary(System.java:988)
01-06 02:24:20.681  3901  3901 E AndroidRuntime: 	at com.baidu.mapapi.a.<clinit>(Unknown Source)
01-06 02:24:20.681  3901  3901 E AndroidRuntime: 	at com.baidu.mapapi.a.a(Unknown Source)
01-06 02:24:20.681  3901  3901 E AndroidRuntime: 	at com.baidu.mapapi.SDKInitializer.initialize(Unknown Source)
01-06 02:24:20.681  3901  3901 E AndroidRuntime: 	at com.baidu.mapapi.SDKInitializer.initialize(Unknown Source)
01-06 02:24:20.681  3901  3901 E AndroidRuntime: 	at com.baidu.netdisk.NetDiskApplication.onCreate(SourceFile:234)
01-06 02:24:20.681  3901  3901 E AndroidRuntime: 	at android.app.Instrumentation.callApplicationOnCreate(Instrumentation.java:1012)
01-06 02:24:20.681  3901  3901 E AndroidRuntime: 	at android.app.ActivityThread.handleBindApplication(ActivityThread.java:4553)
01-06 02:24:20.681  3901  3901 E AndroidRuntime: 	at android.app.ActivityThread.access$1500(ActivityThread.java:151)
01-06 02:24:20.681  3901  3901 E AndroidRuntime: 	at android.app.ActivityThread$H.handleMessage(ActivityThread.java:1364)
01-06 02:24:20.681  3901  3901 E AndroidRuntime: 	at android.os.Handler.dispatchMessage(Handler.java:102)
01-06 02:24:20.681  3901  3901 E AndroidRuntime: 	at android.os.Looper.loop(Looper.java:135)
01-06 02:24:20.681  3901  3901 E AndroidRuntime: 	at android.app.ActivityThread.main(ActivityThread.java:5254)
01-06 02:24:20.681  3901  3901 E AndroidRuntime: 	at java.lang.reflect.Method.invoke(Native Method)
01-06 02:24:20.681  3901  3901 E AndroidRuntime: 	at java.lang.reflect.Method.invoke(Method.java:372)
01-06 02:24:20.681  3901  3901 E AndroidRuntime: 	at com.android.internal.os.ZygoteInit$MethodAndArgsCaller.run(ZygoteInit.java:903)
01-06 02:24:20.681  3901  3901 E AndroidRuntime: 	at com.android.internal.os.ZygoteInit.main(ZygoteInit.java:698)
01-06 02:24:20.683  2149  3044 W ActivityManager:   Force finishing activity 1 com.baidu.netdisk/.ui.Navigate
01-06 02:24:20.686  2149  2180 I WindowManager: Screen frozen for +1s7ms due to Window{34aef62e u0 Starting com.baidu.netdisk}
01-06 02:24:20.689  2149  2190 I InputDispatcher: Dropping event because there is no touchable window at (157, 1177).
01-06 02:24:20.689  2149  2190 I InputDispatcher: Dropping event because there is no touchable window at (156, 1177).
01-06 02:24:20.689  2149  2190 I InputDispatcher: Dropping event because there is no touchable window at (155, 1177).
01-06 02:24:20.689  2149  2190 I InputDispatcher: Dropping event because there is no touchable window at (154, 1177).
01-06 02:24:20.689  2149  2190 I InputDispatcher: Dropping event because there is no touchable window at (153, 1177).
01-06 02:24:20.690  2149  2190 I InputDispatcher: Dropping event because there is no touchable window at (152, 1177).
01-06 02:24:20.690  2149  2190 I InputDispatcher: Dropping event because there is no touchable window at (151, 1177).
01-06 02:24:20.690  2149  2190 I InputDispatcher: Dropping event because there is no touchable window at (150, 1177).
01-06 02:24:20.690  2149  2190 I InputDispatcher: Dropping event because there is no touchable window at (149, 1177).
01-06 02:24:20.697  2149  2190 I InputDispatcher: Dropping event because there is no touchable window at (148, 1177).
01-06 02:24:20.777  2149  2190 I InputDispatcher: Dropping event because there is no touchable window at (147, 1177).
01-06 02:24:20.791  2149  3972 D OpenGLRenderer: Use EGL_SWAP_BEHAVIOR_PRESERVED: true
01-06 02:24:20.791  2149  2175 D Atlas   : Validating map...
01-06 02:24:20.793  2149  2190 I InputDispatcher: Dropping event because there is no touchable window at (146, 1177).
01-06 02:24:20.809  2149  2190 I InputDispatcher: Dropping event because there is no touchable window at (145, 1177).
01-06 02:24:20.842  2149  3972 I EGL-DRI2: DRI2: found extension DRI_Core version 1
01-06 02:24:20.842  2149  3972 I EGL-DRI2: DRI2: found extension DRI_DRI2 version 4
01-06 02:24:20.853  2149  3972 I EGL-DRI2: DRI2: found extension DRI_TexBuffer version 3
01-06 02:24:20.853  2149  3972 I EGL-DRI2: DRI2: found extension DRI2_Flush version 4
01-06 02:24:20.853  2149  3972 I EGL-DRI2: DRI2: found extension DRI_IMAGE version 11
01-06 02:24:20.853  2149  3972 I OpenGLRenderer: Initialized EGL, version 1.4
01-06 02:24:20.853  2149  3972 W OpenGLRenderer: Failed to choose config with EGL_SWAP_BEHAVIOR_PRESERVED, retrying without...
01-06 02:24:20.857  2149  3972 D OpenGLRenderer: Enabling debug mode 0
01-06 02:24:21.284  2149  2175 W ActivityManager: Activity pause timeout for ActivityRecord{39bbf256 u0 com.baidu.netdisk/.ui.Navigate t1065 f}
01-06 02:24:21.317  3975  3975 W linker  : [vdso]: unused DT entry: type 0x6ffffef5 arg 0x160
01-06 02:24:21.322  3976  3976 W linker  : [vdso]: unused DT entry: type 0x6ffffef5 arg 0x160
01-06 02:24:21.327  3977  3977 W linker  : [vdso]: unused DT entry: type 0x6ffffef5 arg 0x160
01-06 02:24:21.331  3978  3978 W linker  : [vdso]: unused DT entry: type 0x6ffffef5 arg 0x160
01-06 02:24:21.457  3642  3703 W PackageParser: No actions in intent filter at /storage/usb0/CTS/test-APK/WPSOffice_140.apk Binary XML file line #895
01-06 02:24:21.489  3981  3981 W linker  : [vdso]: unused DT entry: type 0x6ffffef5 arg 0x160
01-06 02:24:21.490  3982  3982 W linker  : [vdso]: unused DT entry: type 0x6ffffef5 arg 0x160
01-06 02:24:21.491  3983  3983 W linker  : [vdso]: unused DT entry: type 0x6ffffef5 arg 0x160
01-06 02:24:21.544  3984  3984 W linker  : [vdso]: unused DT entry: type 0x6ffffef5 arg 0x160
01-06 02:24:21.548  3985  3985 W linker  : [vdso]: unused DT entry: type 0x6ffffef5 arg 0x160
01-06 02:24:21.551  3986  3986 W linker  : [vdso]: unused DT entry: type 0x6ffffef5 arg 0x160
01-06 02:24:21.862  3642  3703 W PackageParser: Unknown element under <application>: enable-feature at /storage/usb0/CTS/test-APK/Skype_101647489.apk Binary XML file line #159
01-06 02:24:21.862  3642  3703 W PackageParser: No actions in intent filter at /storage/usb0/CTS/test-APK/Skype_101647489.apk Binary XML file line #246
01-06 02:24:21.953  3642  3703 W PackageParser: No actions in intent filter at /storage/usb0/CTS/test-APK/sougouinput.apk Binary XML file line #338
01-06 02:24:21.954  3642  3703 W PackageParser: No actions in intent filter at /storage/usb0/CTS/test-APK/sougouinput.apk Binary XML file line #627
01-06 02:24:21.954  3642  3703 W PackageParser: No actions in intent filter at /storage/usb0/CTS/test-APK/sougouinput.apk Binary XML file line #704
01-06 02:24:21.955  3642  3703 W PackageParser: No actions in intent filter at /storage/usb0/CTS/test-APK/sougouinput.apk Binary XML file line #826
01-06 02:24:22.010  3642  3703 W PackageParser: Unknown element under <service>: action at /storage/usb0/CTS/test-APK/subwayrun.apk Binary XML file line #84
01-06 02:24:22.171  3642  3703 W PackageParser: Unknown element under <application>: uses-sdk at /storage/usb0/CTS/test-APK/wandoujia-wandoujia_web.apk Binary XML file line #1784
01-06 02:24:22.231  2149  2175 I ActivityManager: Killing 2743:com.android.dialer/u0a2 (adj 15): empty #17
01-06 02:24:22.292  2267  2267 W ResourceType: No package identifier when getting value for resource number 0x00000000
01-06 02:24:22.292  2267  2267 W PackageManager: Failure retrieving resources for com.cyanogenmod.filemanager: Resource ID #0x0
01-06 02:24:22.701  2149  2180 I art     : Explicit concurrent mark sweep GC freed 10765(651KB) AllocSpace objects, 7(109KB) LOS objects, 33% free, 16MB/24MB, paused 383us total 11.983ms
01-06 02:24:23.290  3987  3987 W linker  : [vdso]: unused DT entry: type 0x6ffffef5 arg 0x160
01-06 02:24:25.786  2149  2169 I ActivityManager: Killing 2778:com.android.managedprovisioning/u0a4 (adj 15): empty #17
01-06 02:24:28.301  3988  3988 W linker  : [vdso]: unused DT entry: type 0x6ffffef5 arg 0x160
01-06 02:24:31.580  2149  2175 W ActivityManager: Activity destroy timeout for ActivityRecord{39bbf256 u0 com.baidu.netdisk/.ui.Navigate t1065 f}
01-06 02:24:33.310  3989  3989 W linker  : [vdso]: unused DT entry: type 0x6ffffef5 arg 0x160
01-06 02:24:35.081  2149  2220 D TaskPersister: removeObsoleteFile: deleting file=1065_task.xml
01-06 02:24:35.602  2149  2209 W AudioTrack: AUDIO_OUTPUT_FLAG_FAST denied by client
01-06 02:24:35.603  3901  3901 I Process : Sending signal. PID: 3901 SIG: 9
01-06 02:24:35.605  2149  3972 D OpenGLRenderer: endAllStagingAnimators on 0x7f314839e000 (RippleDrawable) with handle 0x7f314be864e0
01-06 02:24:35.608  3754  3754 W IInputConnectionWrapper: showStatusIcon on inactive InputConnection
01-06 02:24:35.614  1876  2146 D audio_hw_primary: found out /dev/snd/pcmC0D0p
01-06 02:24:35.615  2149  3128 I ActivityManager: Process com.baidu.netdisk (pid 3901) has died
01-06 02:24:35.615  2149  3128 W ActivityManager: Scheduling restart of crashed service com.baidu.netdisk/.service.NetdiskService in 30658ms
01-06 02:24:35.665  1867  2115 E Vold    : Failed to find mounted volume for /storage/usb1/Android/data/com.cyanogenmod.filemanager/cache/
01-06 02:24:35.665  3642  3992 W ContextImpl: Failed to ensure directory: /storage/usb1/Android/data/com.cyanogenmod.filemanager/cache
01-06 02:24:35.666  1867  2115 E Vold    : Failed to find mounted volume for /storage/usb2/Android/data/com.cyanogenmod.filemanager/cache/
01-06 02:24:35.666  3642  3992 W ContextImpl: Failed to ensure directory: /storage/usb2/Android/data/com.cyanogenmod.filemanager/cache
01-06 02:24:35.667  1867  2115 E Vold    : Failed to find mounted volume for /storage/usb3/Android/data/com.cyanogenmod.filemanager/cache/
01-06 02:24:35.667  3642  3992 W ContextImpl: Failed to ensure directory: /storage/usb3/Android/data/com.cyanogenmod.filemanager/cache
01-06 02:24:35.668  1867  2115 E Vold    : Failed to find mounted volume for /storage/sdcard1/Android/data/com.cyanogenmod.filemanager/cache/
01-06 02:24:35.668  3642  3992 W ContextImpl: Failed to ensure directory: /storage/sdcard1/Android/data/com.cyanogenmod.filemanager/cache
01-06 02:24:38.317  3993  3993 W linker  : [vdso]: unused DT entry: type 0x6ffffef5 arg 0x160
01-06 02:24:39.227  2149  2209 W AudioTrack: AUDIO_OUTPUT_FLAG_FAST denied by client
01-06 02:24:39.227  2149  2190 I ActivityManager: START u0 {act=android.intent.action.MAIN cat=[android.intent.category.HOME] flg=0x10200000 cmp=com.android.launcher3/.Launcher} from uid 1000 on display 0
01-06 02:24:39.239  1876  2146 D audio_hw_primary: found out /dev/snd/pcmC0D0p
01-06 02:24:39.264  2349  2349 W Launcher: setApplicationContext called twice! old=com.android.launcher3.LauncherApplication@95c0a33 new=com.android.launcher3.LauncherApplication@95c0a33
01-06 02:24:39.271  2349  2349 W ResourceType: Attempt to retrieve bag 0x7f0d0008 which is invalid or in a cycle.
01-06 02:24:39.299  2349  2349 D Launcher: 11683562 - bindAddScreens()
01-06 02:24:39.299  2349  2349 D Launcher: 11683562 -   orderedScreenIds: 3
01-06 02:24:39.299  2349  2349 D Launcher.Workspace: 11683562 - insertNewWorkspaceScreen(): 3 at index: 0
01-06 02:24:39.328  2149  2394 V WindowManager: Adding window Window{20cce4f9 u0 com.android.launcher3/com.android.launcher3.Launcher} at 2 of 7 (after Window{225175f0 u0 com.cyanogenmod.filemanager/com.cyanogenmod.filemanager.activities.NavigationActivity})
01-06 02:24:40.245  2267  2267 W ResourceType: No package identifier when getting value for resource number 0x00000000
01-06 02:24:40.245  2267  2267 W PackageManager: Failure retrieving resources for com.cyanogenmod.filemanager: Resource ID #0x0
01-06 02:24:41.993  1868  1868 D SurfaceFlinger: Set power mode=0, type=0 flinger=0x7fb593462000
01-06 02:24:43.329  3997  3997 W linker  : [vdso]: unused DT entry: type 0x6ffffef5 arg 0x160
01-06 02:24:48.341  3998  3998 W linker  : [vdso]: unused DT entry: type 0x6ffffef5 arg 0x160
01-06 02:24:53.352  3999  3999 W linker  : [vdso]: unused DT entry: type 0x6ffffef5 arg 0x160
01-06 02:24:58.364  4000  4000 W linker  : [vdso]: unused DT entry: type 0x6ffffef5 arg 0x160
01-06 02:25:03.375  4001  4001 W linker  : [vdso]: unused DT entry: type 0x6ffffef5 arg 0x160
01-06 02:25:06.294  2149  2175 I ActivityManager: Start proc 4002:com.baidu.netdisk/u0a53 for service com.baidu.netdisk/.service.NetdiskService
01-06 02:25:06.296  1880  1880 I art     : Explicit concurrent mark sweep GC freed 709(30KB) AllocSpace objects, 0(0B) LOS objects, 40% free, 1904KB/3MB, paused 31us total 2.266ms
01-06 02:25:06.298  1880  1880 I art     : Explicit concurrent mark sweep GC freed 5(160B) AllocSpace objects, 0(0B) LOS objects, 40% free, 1904KB/3MB, paused 29us total 2.082ms
01-06 02:25:06.300  1880  1880 I art     : Explicit concurrent mark sweep GC freed 5(160B) AllocSpace objects, 0(0B) LOS objects, 40% free, 1904KB/3MB, paused 29us total 2.023ms
01-06 02:25:06.302  4002  4002 I ActivityThread: Switching default density from 160 to 240
01-06 02:25:06.303  4002  4002 W ResourcesManager: Asset path '/system/framework/android.test.runner.jar' does not exist or contains no resources.
01-06 02:25:06.304  4002  4002 I MultiDex: VM with version 2.1.0 has multidex support
01-06 02:25:06.304  4002  4002 I MultiDex: install
01-06 02:25:06.304  4002  4002 I MultiDex: VM has multidex support, MultiDex support library is disabled.
01-06 02:25:06.306  4002  4002 D ActivityThread: Loading provider com.baidu.netdisk.account: com.baidu.netdisk.account.storage.AccountProvider
01-06 02:25:06.428  2149  3128 I ActivityManager: Start proc 4028:com.baidu.netdisk:bdservice_v1/u0a53 for service com.baidu.netdisk/com.baidu.android.pushservice.PushService
01-06 02:25:06.429  4002  4002 V CommonParams: cast to int com.baidu.android.pushservice.PushSettings.debug_mode Exception. 
01-06 02:25:06.440  4028  4028 I ActivityThread: Switching default density from 160 to 240
01-06 02:25:06.441  4028  4028 W ResourcesManager: Asset path '/system/framework/android.test.runner.jar' does not exist or contains no resources.
01-06 02:25:06.445  4028  4028 I MultiDex: VM with version 2.1.0 has multidex support
01-06 02:25:06.445  4028  4028 I MultiDex: install
01-06 02:25:06.445  4028  4028 I MultiDex: VM has multidex support, MultiDex support library is disabled.
01-06 02:25:06.450  4028  4028 V CommonParams: cast to int com.baidu.android.pushservice.PushSettings.debug_mode Exception. 
01-06 02:25:06.454  4028  4028 E BaiduAppSSOJni: Native library not found! Please copy libbdpush_V2_4.so into your project!
01-06 02:25:06.454  4028  4028 E art     : No implementation found for byte[] com.baidu.android.pushservice.jni.BaiduAppSSOJni.getKey(java.lang.String) (tried Java_com_baidu_android_pushservice_jni_BaiduAppSSOJni_getKey and Java_com_baidu_android_pushservice_jni_BaiduAppSSOJni_getKey__Ljava_lang_String_2)
01-06 02:25:06.454  4028  4028 E BaiduAppSSOJni: error = No implementation found for byte[] com.baidu.android.pushservice.jni.BaiduAppSSOJni.getKey(java.lang.String) (tried Java_com_baidu_android_pushservice_jni_BaiduAppSSOJni_getKey and Java_com_baidu_android_pushservice_jni_BaiduAppSSOJni_getKey__Ljava_lang_String_2)
01-06 02:25:06.456  2149  3042 W ActivityManager: getRunningAppProcesses: caller 10053 does not hold REAL_GET_TASKS; limiting output
01-06 02:25:06.457  4028  4028 E socket  : Native library not found! Please copy libbdpush_V2_4.so into your project!
01-06 02:25:06.460  4028  4028 E art     : No implementation found for byte[] com.baidu.android.pushservice.jni.BaiduAppSSOJni.getKey(java.lang.String) (tried Java_com_baidu_android_pushservice_jni_BaiduAppSSOJni_getKey and Java_com_baidu_android_pushservice_jni_BaiduAppSSOJni_getKey__Ljava_lang_String_2)
01-06 02:25:06.460  4028  4028 E BaiduAppSSOJni: error = No implementation found for byte[] com.baidu.android.pushservice.jni.BaiduAppSSOJni.getKey(java.lang.String) (tried Java_com_baidu_android_pushservice_jni_BaiduAppSSOJni_getKey and Java_com_baidu_android_pushservice_jni_BaiduAppSSOJni_getKey__Ljava_lang_String_2)
01-06 02:25:06.462  4028  4028 E art     : No implementation found for byte[] com.baidu.android.pushservice.jni.BaiduAppSSOJni.getKey(java.lang.String) (tried Java_com_baidu_android_pushservice_jni_BaiduAppSSOJni_getKey and Java_com_baidu_android_pushservice_jni_BaiduAppSSOJni_getKey__Ljava_lang_String_2)
01-06 02:25:06.462  4028  4028 E BaiduAppSSOJni: error = No implementation found for byte[] com.baidu.android.pushservice.jni.BaiduAppSSOJni.getKey(java.lang.String) (tried Java_com_baidu_android_pushservice_jni_BaiduAppSSOJni_getKey and Java_com_baidu_android_pushservice_jni_BaiduAppSSOJni_getKey__Ljava_lang_String_2)
01-06 02:25:06.463  4028  4028 I Process : Sending signal. PID: 4028 SIG: 9
01-06 02:25:06.472  2349  2349 W Launcher: setApplicationContext called twice! old=com.android.launcher3.LauncherApplication@95c0a33 new=com.android.launcher3.LauncherApplication@95c0a33
01-06 02:25:06.473  2349  2349 W Launcher: setApplicationContext called twice! old=com.android.launcher3.LauncherApplication@95c0a33 new=com.android.launcher3.LauncherApplication@95c0a33
01-06 02:25:06.475  2149  2170 I ActivityManager: Process com.baidu.netdisk:bdservice_v1 (pid 4028) has died
01-06 02:25:06.478  4002  4002 D AndroidRuntime: Shutting down VM
01-06 02:25:06.478  4002  4002 E AndroidRuntime: FATAL EXCEPTION: main
01-06 02:25:06.478  4002  4002 E AndroidRuntime: Process: com.baidu.netdisk, PID: 4002
01-06 02:25:06.478  4002  4002 E AndroidRuntime: java.lang.UnsatisfiedLinkError: dalvik.system.PathClassLoader[DexPathList[[zip file "/system/framework/android.test.runner.jar", zip file "/data/app/com.baidu.netdisk-1/base.apk"],nativeLibraryDirectories=[/data/app/com.baidu.netdisk-1/lib/x86, /vendor/lib, /system/lib]]] couldn't find "libBaiduMapSDK_v3_2_0_15.so"
01-06 02:25:06.478  4002  4002 E AndroidRuntime: 	at java.lang.Runtime.loadLibrary(Runtime.java:366)
01-06 02:25:06.478  4002  4002 E AndroidRuntime: 	at java.lang.System.loadLibrary(System.java:988)
01-06 02:25:06.478  4002  4002 E AndroidRuntime: 	at com.baidu.mapapi.a.<clinit>(Unknown Source)
01-06 02:25:06.478  4002  4002 E AndroidRuntime: 	at com.baidu.mapapi.a.a(Unknown Source)
01-06 02:25:06.478  4002  4002 E AndroidRuntime: 	at com.baidu.mapapi.SDKInitializer.initialize(Unknown Source)
01-06 02:25:06.478  4002  4002 E AndroidRuntime: 	at com.baidu.mapapi.SDKInitializer.initialize(Unknown Source)
01-06 02:25:06.478  4002  4002 E AndroidRuntime: 	at com.baidu.netdisk.NetDiskApplication.onCreate(SourceFile:234)
01-06 02:25:06.478  4002  4002 E AndroidRuntime: 	at android.app.Instrumentation.callApplicationOnCreate(Instrumentation.java:1012)
01-06 02:25:06.478  4002  4002 E AndroidRuntime: 	at android.app.ActivityThread.handleBindApplication(ActivityThread.java:4553)
01-06 02:25:06.478  4002  4002 E AndroidRuntime: 	at android.app.ActivityThread.access$1500(ActivityThread.java:151)
01-06 02:25:06.478  4002  4002 E AndroidRuntime: 	at android.app.ActivityThread$H.handleMessage(ActivityThread.java:1364)
01-06 02:25:06.478  4002  4002 E AndroidRuntime: 	at android.os.Handler.dispatchMessage(Handler.java:102)
01-06 02:25:06.478  4002  4002 E AndroidRuntime: 	at android.os.Looper.loop(Looper.java:135)
01-06 02:25:06.478  4002  4002 E AndroidRuntime: 	at android.app.ActivityThread.main(ActivityThread.java:5254)
01-06 02:25:06.478  4002  4002 E AndroidRuntime: 	at java.lang.reflect.Method.invoke(Native Method)
01-06 02:25:06.478  4002  4002 E AndroidRuntime: 	at java.lang.reflect.Method.invoke(Method.java:372)
01-06 02:25:06.478  4002  4002 E AndroidRuntime: 	at com.android.internal.os.ZygoteInit$MethodAndArgsCaller.run(ZygoteInit.java:903)
01-06 02:25:06.478  4002  4002 E AndroidRuntime: 	at com.android.internal.os.ZygoteInit.main(ZygoteInit.java:698)
01-06 02:25:06.480  2149  2175 W ResourcesManager: Asset path '/system/framework/android.test.runner.jar' does not exist or contains no resources.
01-06 02:25:06.487  2149  2175 W ViewRootImpl: Dropping event due to no window focus: KeyEvent { action=ACTION_DOWN, keyCode=KEYCODE_F1, scanCode=59, metaState=META_ALT_ON|META_ALT_LEFT_ON|META_CTRL_ON|META_CTRL_LEFT_ON, flags=0x8, repeatCount=475, eventTime=906801, downTime=882307, deviceId=16, source=0x101 }
01-06 02:25:06.521  2149  3972 I EGL-DRI2: DRI2: found extension DRI_Core version 1
01-06 02:25:06.521  2149  3972 I EGL-DRI2: DRI2: found extension DRI_DRI2 version 4
01-06 02:25:06.533  2149  3972 I EGL-DRI2: DRI2: found extension DRI_TexBuffer version 3
01-06 02:25:06.533  2149  3972 I EGL-DRI2: DRI2: found extension DRI2_Flush version 4
01-06 02:25:06.533  2149  3972 I EGL-DRI2: DRI2: found extension DRI_IMAGE version 11
01-06 02:25:06.533  2149  3972 I OpenGLRenderer: Initialized EGL, version 1.4
01-06 02:25:06.541  2149  2175 W ViewRootImpl: Dropping event due to no window focus: KeyEvent { action=ACTION_DOWN, keyCode=KEYCODE_F1, scanCode=59, metaState=META_ALT_ON|META_ALT_LEFT_ON|META_CTRL_ON|META_CTRL_LEFT_ON, flags=0x8, repeatCount=476, eventTime=906852, downTime=882307, deviceId=16, source=0x101 }
01-06 02:25:08.385  4067  4067 W linker  : [vdso]: unused DT entry: type 0x6ffffef5 arg 0x160
01-06 02:25:13.394  4068  4068 W linker  : [vdso]: unused DT entry: type 0x6ffffef5 arg 0x160
01-06 02:25:18.406  4069  4069 W linker  : [vdso]: unused DT entry: type 0x6ffffef5 arg 0x160
01-06 02:25:23.416  4070  4070 W linker  : [vdso]: unused DT entry: type 0x6ffffef5 arg 0x160
01-06 02:25:28.428  4071  4071 W linker  : [vdso]: unused DT entry: type 0x6ffffef5 arg 0x160
01-06 02:25:33.439  4072  4072 W linker  : [vdso]: unused DT entry: type 0x6ffffef5 arg 0x160
01-06 02:25:38.451  4073  4073 W linker  : [vdso]: unused DT entry: type 0x6ffffef5 arg 0x160
01-06 02:25:43.463  4074  4074 W linker  : [vdso]: unused DT entry: type 0x6ffffef5 arg 0x160
01-06 02:25:48.474  4075  4075 W linker  : [vdso]: unused DT entry: type 0x6ffffef5 arg 0x160
01-06 02:25:53.486  4076  4076 W linker  : [vdso]: unused DT entry: type 0x6ffffef5 arg 0x160
01-06 02:25:58.497  4077  4077 W linker  : [vdso]: unused DT entry: type 0x6ffffef5 arg 0x160
01-06 02:26:03.509  4078  4078 W linker  : [vdso]: unused DT entry: type 0x6ffffef5 arg 0x160
01-06 02:26:08.520  4079  4079 W linker  : [vdso]: unused DT entry: type 0x6ffffef5 arg 0x160
01-06 02:26:13.532  4080  4080 W linker  : [vdso]: unused DT entry: type 0x6ffffef5 arg 0x160
01-06 02:26:15.693  4081  4081 W linker  : [vdso]: unused DT entry: type 0x6ffffef5 arg 0x160
