12-14 13:25:58.109  2235  2235 W KeyguardUpdateMonitor: invalid subId in handleSimStateChange()
12-14 13:25:58.109  2235  2235 V KeyguardUpdateMonitor: onSubscriptionInfoChanged()
12-14 13:25:58.110  2235  2235 V KeyguardUpdateMonitor: onSubscriptionInfoChanged: list is null
12-14 13:25:58.112  2101  2444 V KeyguardServiceDelegate: **** SHOWN CALLED ****
12-14 13:25:58.117  2363  2363 E GmsWearableLS: GoogleApiClient connection failed: ConnectionResult{statusCode=API_UNAVAILABLE, resolution=null, message=null}
12-14 13:25:58.120  2363  2776 E MDM     : [70] b.run: Couldn't connect to Google API client: ConnectionResult{statusCode=API_UNAVAILABLE, resolution=null, message=null}
12-14 13:25:58.132  2650  2780 D LocationInitializer: Restart initialization of location
12-14 13:25:58.148  2101  2781 I ActivityManager: Start proc 2784:com.android.keychain/1000 for service com.android.keychain/.KeyChainService
12-14 13:25:58.151  2101  2170 D WifiService: New client listening to asynchronous messages
12-14 13:25:58.152  2784  2784 I ActivityThread: Switching default density from 160 to 240
12-14 13:25:58.159  2101  2130 D BluetoothManagerService: Message: 20
12-14 13:25:58.159  2101  2130 D BluetoothManagerService: Added callback: android.bluetooth.IBluetoothManagerCallback$Stub$Proxy@13e23fb5:true
12-14 13:25:58.163  2101  2290 I art     : Explicit concurrent mark sweep GC freed 6958(325KB) AllocSpace objects, 0(0B) LOS objects, 33% free, 9MB/14MB, paused 435us total 14.762ms
12-14 13:25:58.166  2101  2813 I RecoverySystem: No recovery log file
12-14 13:25:58.168  2101  2813 I BootReceiver: Copying audit failures to DropBox
12-14 13:25:58.168  2101  2813 I BootReceiver: Checking for fsck errors
12-14 13:25:58.184  2101  2813 I ActivityManager: Start proc 2820:android.process.media/u0a5 for content provider com.android.providers.downloads/.DownloadProvider
12-14 13:25:58.187  2557  2783 E copresGcore: ObfuscatedGaiaIdLookup: Could not load ObfuscatedGaiaIds: /data/data/com.google.android.gms/files/copresence_gaia_id: open failed: ENOENT (No such file or directory)
12-14 13:25:58.200  2101  2121 I ActivityManager: Start proc 2842:com.android.dialer/u0a4 for broadcast com.android.dialer/.calllog.CallLogReceiver
12-14 13:25:58.202  2820  2820 I ActivityThread: Switching default density from 160 to 240
12-14 13:25:58.206  2842  2842 I ActivityThread: Switching default density from 160 to 240
12-14 13:25:58.214  2363  2672 W GCoreFlp: No location to return for getLastLocation()
12-14 13:25:58.215  2557  2816 W FusedLocationProvider: location=null
12-14 13:25:58.215  2842  2842 D ExtensionsFactory: No custom extensions.
12-14 13:25:58.217  2557  2865 E SQLiteLog: (283) recovered 17 frames from WAL file /data/data/com.google.android.gms/databases/playlog.db-wal
12-14 13:25:58.219  2101  2169 D WIFI    : Registering NetworkFactory
12-14 13:25:58.219  2101  2169 D WIFI_UT : Registering NetworkFactory
12-14 13:25:58.219  2101  2171 D ConnectivityService: Got NetworkFactory Messenger for WIFI
12-14 13:25:58.219  2101  2171 D ConnectivityService: Got NetworkFactory Messenger for WIFI_UT
12-14 13:25:58.219  2101  2169 D WIFI    : got request NetworkRequest [ id=1, legacyType=-1, [ Capabilities: INTERNET&NOT_RESTRICTED&TRUSTED&NOT_VPN] ] with score 0
12-14 13:25:58.219  2101  2169 D WIFI_UT : got request NetworkRequest [ id=1, legacyType=-1, [ Capabilities: INTERNET&NOT_RESTRICTED&TRUSTED&NOT_VPN] ] with score 0
12-14 13:25:58.219  2820  2820 E SQLiteLog: (283) recovered 86 frames from WAL file /data/data/com.android.providers.media/databases/external.db-wal
12-14 13:25:58.235  2101  2101 I ActivityManager: Start proc 2871:com.android.providers.calendar/u0a1 for broadcast com.android.providers.calendar/.CalendarReceiver
12-14 13:25:58.240  2871  2871 I ActivityThread: Switching default density from 160 to 240
12-14 13:25:58.240  2871  2871 W ResourcesManager: Asset path '/system/framework/android.test.runner.jar' does not exist or contains no resources.
12-14 13:25:58.243  2557  2894 D GetCommittedConfigurationOperation: no corresponding serverToken: com.google.android.gms.playlog.uploader
12-14 13:25:58.245  2557  2865 I Scheduler: Use legacy PeriodicScheduler
12-14 13:25:58.247  2557  2865 W InstanceID/Rpc: Found 10007
12-14 13:25:58.258  2871  2871 I CalendarProvider2: Created com.android.providers.calendar.CalendarAlarmManager@18dda09b(com.android.providers.calendar.CalendarProvider2@302ecc38)
12-14 13:25:58.263  2557  2557 V GLSActivity: AuthDelegateWrapperCreated with selected intent: Intent { cmp=com.google.android.gms/.auth.DefaultAuthDelegateService }
12-14 13:25:58.264  2650  2650 V GmsCoreStatsServiceLauncher: Received broadcast intent Intent { act=android.intent.action.BOOT_COMPLETED flg=0x8000010 cmp=com.google.android.gms/.common.stats.GmsCoreStatsServiceLauncher (has extras) }
12-14 13:25:58.267  2557  2557 D PersistentNotificationBroadcastReceiver: Received intent: Intent { act=android.intent.action.BOOT_COMPLETED flg=0x8000010 cmp=com.google.android.gms/.common.notification.PersistentNotificationBroadcastReceiver (has extras) }
12-14 13:25:58.384  2650  2650 W InstanceID/Rpc: Found 10007
12-14 13:25:58.388  2650  2908 D FileApkUtils: Spent 7ms computing apk sha1.
12-14 13:25:58.388  2650  2908 D FileApkUtils: Module already staged or being staged:chimera-modules/MapsModule.apk
12-14 13:25:58.391  2650  2908 D DexOptUtils: Module /data/data/com.google.android.gms/app_chimera/chimera-module-root/module-13de3980f029dc34d7f6bdadf7b693ead0480f20/MapsModule.apk is already optimized. Bailing.
12-14 13:25:58.391  2650  2908 D FileApkUtils: Keeping up-to-date module: module-13de3980f029dc34d7f6bdadf7b693ead0480f20
12-14 13:25:58.393  2650  2912 D GCM     : COMPAT: Multi user ser=0 current=0
12-14 13:25:58.393  2650  2908 D GmsModuleFndr: Beginning GMS chimera module scan
12-14 13:25:58.394  2557  2916 D GCM     : GcmService start Intent { act=android.intent.action.BOOT_COMPLETED flg=0x8000010 cmp=com.google.android.gms/.gcm.GcmService (has extras) } android.intent.action.BOOT_COMPLETED
12-14 13:25:58.394  2650  2919 I CheckinService: Disabling old GoogleServicesFramework version
12-14 13:25:58.396  2650  2922 I CheckinService: Checking schedule, now: 1450070758396 next: 30000
12-14 13:25:58.397  2650  2922 I CheckinService: active receiver: enabled
12-14 13:25:58.397  2650  2912 W BaseAppContext: Using Auth Proxy for data requests.
12-14 13:25:58.397  2650  2908 D GmsModuleFndr: Module pkg com.google.android.play.games not installed, skipping
12-14 13:25:58.397  2650  2908 D ChimeraCfgMgr: Beginning module configuration check
12-14 13:25:58.397  2650  2908 D ChimeraCfgMgr: Module APKs unchanged, check complete
12-14 13:25:58.398  2650  2912 I GLSUser : [ChannelManager] Attempting to channel bind connection HttpClient.
12-14 13:25:58.398  2650  2650 D SystemUpdateService: onCreate
12-14 13:25:58.399  2650  2912 I GLSUser : [ChannelManager] Checking whether channelId is enabled. isEnabledGmsCore? false, isEnabledSdk? true, isAtLeastKitKat? true
12-14 13:25:58.399  2650  2650 D SystemUpdateService: onStartCommand: intent: Intent { cmp=com.google.android.gms/.update.SystemUpdateService (has extras) }
12-14 13:25:58.400  2557  2557 I ConfigService: onCreate
12-14 13:25:58.401  2650  2650 I ConfigFetchService: onStartCommand Intent { cmp=com.google.android.gms/.config.ConfigFetchService (has extras) }
12-14 13:25:58.402  2650  2937 V AuthZen : Handling intent: android.intent.action.BOOT_COMPLETED
12-14 13:25:58.402  2650  2937 D AuthZenEventHandler: Handling event: android.intent.action.BOOT_COMPLETED
12-14 13:25:58.402  2650  2928 I SystemUpdateService: cancelUpdate (empty URL)
12-14 13:25:58.402  2650  2928 I SystemUpdateService: active receiver: disabled
12-14 13:25:58.404  2650  2912 I GCoreUlr: Starting service, intent=Intent { act=com.google.android.location.reporting.ACTION_UPDATE_WORLD cmp=com.google.android.gms/com.google.android.location.reporting.service.DispatchingService (has extras) }, extras=Bundle[{receiverAction=android.intent.action.BOOT_COMPLETED}]
12-14 13:25:58.404  2363  2363 I GCoreUlr: DispatchingService.onCreate()
12-14 13:25:58.405  2650  2937 W BaseAppContext: Using Auth Proxy for data requests.
12-14 13:25:58.406  2650  2650 D ChimeraCfgMgr: Loading module com.google.android.gms.kids from APK com.google.android.gms
12-14 13:25:58.408  2650  2937 D AuthZenTransactionCache: Initialized cache in: /data/data/com.google.android.gms/files
12-14 13:25:58.408  2650  2937 D AuthZenTransactionCache: Clearing transaction cache
12-14 13:25:58.423  2363  2945 I GCoreUlr: WorldUpdater received intent Intent { act=com.google.android.location.reporting.ACTION_UPDATE_WORLD cmp=com.google.android.gms/com.google.android.location.reporting.service.DispatchingService (has extras) } with receiverAction android.intent.action.BOOT_COMPLETED
12-14 13:25:58.426  2557  2925 I art     : Explicit concurrent mark sweep GC freed 13226(860KB) AllocSpace objects, 7(112KB) LOS objects, 40% free, 5MB/9MB, paused 299us total 7.274ms
12-14 13:25:58.428  2363  2945 I GCoreUlr: WorldUpdater:android.intent.action.BOOT_COMPLETED: Ensuring that reporting is stopped because of reasons: (no Google accounts)
12-14 13:25:58.428  2363  2945 I GCoreUlr: Unbound from all location providers
12-14 13:25:58.432  2650  2749 I art     : Explicit concurrent mark sweep GC freed 35272(2MB) AllocSpace objects, 31(496KB) LOS objects, 39% free, 5MB/9MB, paused 346us total 11.974ms
12-14 13:25:58.433  2363  2363 I GCoreUlr: DispatchingService.onDestroy()
12-14 13:25:58.433  2363  2363 I GCoreUlr: Stopping handler for UlrDispSvcFast
12-14 13:25:58.434  2363  2363 I GCoreUlr: Unbound from all location providers
12-14 13:25:58.437  2650  2650 D ChimeraCfgMgr: Loading module com.google.android.gms.kids from APK com.google.android.gms
12-14 13:25:58.437  2650  2650 I ConfigFetchService: service connected
12-14 13:25:58.438  2650  2650 D SystemUpdateService: onDestroy
12-14 13:25:58.438  2557  2557 V GLSActivity: AuthDelegateWrapperCreated with selected intent: Intent { cmp=com.google.android.gms/.auth.DefaultAuthDelegateService }
12-14 13:25:58.454  2101  2512 I ActivityManager: Start proc 2953:com.google.android.onetimeinitializer/u0a9 for broadcast com.google.android.onetimeinitializer/.OneTimeInitializerReceiver
12-14 13:25:58.454  2650  2952 W Kids    : [AbstractKidsOperation] Invalid device state 3
12-14 13:25:58.455  2650  2952 I Kids    : [KidAccountFixer] No network connection
12-14 13:25:58.455  2650  2650 D ConfigFetchService: ConfigApi connection successful.
12-14 13:25:58.457  2953  2953 I ActivityThread: Switching default density from 160 to 240
12-14 13:25:58.460  2953  2953 V OneTimeInitializerReceiver: OneTimeInitializerReceiver.onReceive
12-14 13:25:58.461  2953  2976 V OneTimeService: OneTimeService.onHandleIntent
12-14 13:25:58.463  2101  2121 I ActivityManager: Delay finish: com.google.android.partnersetup/.GooglePartnerSetup
12-14 13:25:58.464  2101  2122 I ActivityManager: Resuming delayed broadcast
12-14 13:25:58.465  2101  2122 I ActivityManager: Delay finish: com.google.android.partnersetup/.RlzPingBroadcastReceiver
12-14 13:25:58.466  2101  2444 I ActivityManager: Resuming delayed broadcast
12-14 13:25:58.481  2101  2444 I ActivityManager: Start proc 2985:com.android.managedprovisioning/u0a11 for broadcast com.android.managedprovisioning/.BootReminder
12-14 13:25:58.484  2720  2984 I RlzPingService: Setting next ping for 1450669855162
12-14 13:25:58.485  2985  2985 I ActivityThread: Switching default density from 160 to 240
12-14 13:25:58.516  2101  2257 I art     : Explicit concurrent mark sweep GC freed 12032(608KB) AllocSpace objects, 3(48KB) LOS objects, 33% free, 9MB/14MB, paused 350us total 11.985ms
12-14 13:25:58.611  2101  2257 I ActivityManager: Start proc 3013:com.android.mms/u0a12 for broadcast com.android.mms/.transaction.MmsSystemEventReceiver
12-14 13:25:58.613  2820  3012 E SQLiteLog: (283) recovered 26 frames from WAL file /data/data/com.android.providers.media/databases/internal.db-wal
12-14 13:25:58.613  1850  1850 I art     : Explicit concurrent mark sweep GC freed 706(30KB) AllocSpace objects, 0(0B) LOS objects, 39% free, 1950KB/3MB, paused 26us total 2.441ms
12-14 13:25:58.615  3013  3013 I ActivityThread: Switching default density from 160 to 240
12-14 13:25:58.616  1850  1850 I art     : Explicit concurrent mark sweep GC freed 5(160B) AllocSpace objects, 0(0B) LOS objects, 39% free, 1950KB/3MB, paused 56us total 2.552ms
12-14 13:25:58.619  1850  1850 I art     : Explicit concurrent mark sweep GC freed 5(160B) AllocSpace objects, 0(0B) LOS objects, 39% free, 1950KB/3MB, paused 20us total 2.511ms
12-14 13:25:58.623  2101  2290 D CountryDetector: The first listener is added
12-14 13:25:58.624  2820  3012 W MediaScanner: Error opening directory '/oem/media/', skipping: No such file or directory.
12-14 13:25:58.627  3013  3013 V Mms     : mnc/mcc: 
12-14 13:25:58.627  3013  3013 V Mms     : tag: bool value: enabledMMS - true
12-14 13:25:58.627  3013  3013 V Mms     : tag: int value: maxMessageSize - 307200
12-14 13:25:58.627  3013  3013 V Mms     : tag: int value: maxImageHeight - 480
12-14 13:25:58.627  3013  3013 V Mms     : tag: int value: maxImageWidth - 640
12-14 13:25:58.627  3013  3013 V Mms     : tag: int value: defaultSMSMessagesPerThread - 10000
12-14 13:25:58.627  3013  3013 V Mms     : tag: int value: defaultMMSMessagesPerThread - 1000
12-14 13:25:58.627  3013  3013 V Mms     : tag: int value: minMessageCountPerThread - 10
12-14 13:25:58.627  3013  3013 V Mms     : tag: int value: maxMessageCountPerThread - 5000
12-14 13:25:58.627  3013  3013 V Mms     : tag: string value: uaProfUrl - http://www.google.com/oha/rdf/ua-profile-kila.xml
12-14 13:25:58.627  3013  3013 V Mms     : tag: int value: recipientLimit - -1
12-14 13:25:58.627  3013  3013 V Mms     : tag: bool value: enableMultipartSMS - true
12-14 13:25:58.627  3013  3013 V Mms     : tag: int value: smsToMmsTextThreshold - -1
12-14 13:25:58.627  3013  3013 V Mms     : tag: bool value: enableSlideDuration - true
12-14 13:25:58.627  3013  3013 V Mms     : tag: int value: maxMessageTextSize - -1
12-14 13:25:58.633  3013  3049 D ConnectivityManager: getMobileDataEnabled()+ subId=-1
12-14 13:25:58.633  2403  2431 D PhoneInterfaceManager: [PhoneIntfMgr] getDataEnabled: subId=-1 phoneId=-1
12-14 13:25:58.633  2403  2431 E PhoneInterfaceManager: [PhoneIntfMgr] getDataEnabled: no phone subId=-1 retVal=false
12-14 13:25:58.633  3013  3049 D ConnectivityManager: getMobileDataEnabled()- subId=-1 retVal=false
12-14 13:25:58.642  2820  3012 D MediaProvider: object removed 7104
12-14 13:25:58.644  2820  3012 D MediaProvider: object removed 7105
12-14 13:25:58.644  2820  3012 D MediaProvider: object removed 7106
12-14 13:25:58.644  2820  3012 D MediaProvider: object removed 7107
12-14 13:25:58.644  2820  3012 D MediaProvider: object removed 7108
12-14 13:25:58.644  2820  3012 D MediaProvider: object removed 7109
12-14 13:25:58.644  2820  3012 D MediaProvider: object removed 7110
12-14 13:25:58.644  2820  3012 D MediaProvider: object removed 7111
12-14 13:25:58.644  2820  3012 D MediaProvider: object removed 7112
12-14 13:25:58.645  2820  3012 D MediaProvider: object removed 7113
12-14 13:25:58.645  2820  3012 D MediaProvider: object removed 7114
12-14 13:25:58.645  2820  3012 D MediaProvider: object removed 7115
12-14 13:25:58.645  2820  3012 D MediaProvider: object removed 7116
12-14 13:25:58.645  2820  3012 D MediaProvider: object removed 7117
12-14 13:25:58.645  2820  3012 D MediaProvider: object removed 7118
12-14 13:25:58.646  2820  3012 D MediaProvider: object removed 7119
12-14 13:25:58.646  2820  3012 D MediaProvider: object removed 7120
12-14 13:25:58.646  2820  3012 D MediaProvider: object removed 7121
12-14 13:25:58.646  2820  3012 D MediaProvider: object removed 7122
12-14 13:25:58.646  2820  3012 D MediaProvider: object removed 7123
12-14 13:25:58.646  2820  3012 D MediaProvider: object removed 7124
12-14 13:25:58.646  2820  3012 D MediaProvider: object removed 7125
12-14 13:25:58.646  2820  3012 D MediaProvider: object removed 7126
12-14 13:25:58.646  2820  3012 D MediaProvider: object removed 7127
12-14 13:25:58.646  2820  3012 D MediaProvider: object removed 7128
12-14 13:25:58.646  2820  3012 D MediaProvider: object removed 7129
12-14 13:25:58.646  2820  3012 D MediaProvider: object removed 7130
12-14 13:25:58.646  2820  3012 D MediaProvider: object removed 7131
12-14 13:25:58.646  2820  3012 D MediaProvider: object removed 7132
12-14 13:25:58.646  2820  3012 D MediaProvider: object removed 7133
12-14 13:25:58.646  2820  3012 D MediaProvider: object removed 7134
12-14 13:25:58.646  2820  3012 D MediaProvider: object removed 7135
12-14 13:25:58.646  2820  3012 D MediaProvider: object removed 7136
12-14 13:25:58.646  2820  3012 D MediaProvider: object removed 7137
12-14 13:25:58.646  2820  3012 D MediaProvider: object removed 7138
12-14 13:25:58.646  2820  3012 D MediaProvider: object removed 7139
12-14 13:25:58.646  2820  3012 D MediaProvider: object removed 7140
12-14 13:25:58.646  2820  3012 D MediaProvider: object removed 7141
12-14 13:25:58.646  2820  3012 D MediaProvider: object removed 7142
12-14 13:25:58.646  2820  3012 D MediaProvider: object removed 7143
12-14 13:25:58.646  2820  3012 D MediaProvider: object removed 7144
12-14 13:25:58.646  2820  3012 D MediaProvider: object removed 7145
12-14 13:25:58.646  2820  3012 D MediaProvider: object removed 7146
12-14 13:25:58.646  2820  3012 D MediaProvider: object removed 7147
12-14 13:25:58.646  2820  3012 D MediaProvider: object removed 7148
12-14 13:25:58.646  2820  3012 D MediaProvider: object removed 7149
12-14 13:25:58.646  2820  3012 D MediaProvider: object removed 7150
12-14 13:25:58.646  2820  3012 D MediaProvider: object removed 7151
12-14 13:25:58.646  2820  3012 D MediaProvider: object removed 7152
12-14 13:25:58.646  2820  3012 D MediaProvider: object removed 7153
12-14 13:25:58.646  2820  3012 D MediaProvider: object removed 7154
12-14 13:25:58.647  2820  3012 D MediaProvider: object removed 7155
12-14 13:25:58.647  2820  3012 D MediaProvider: object removed 7156
12-14 13:25:58.647  2820  3012 D MediaProvider: object removed 7157
12-14 13:25:58.647  2820  3012 D MediaProvider: object removed 7158
12-14 13:25:58.647  2820  3012 D MediaProvider: object removed 7159
12-14 13:25:58.647  2820  3012 D MediaProvider: object removed 7160
12-14 13:25:58.647  2820  3012 D MediaProvider: object removed 7161
12-14 13:25:58.647  2820  3012 D MediaProvider: object removed 7162
12-14 13:25:58.647  2820  3012 D MediaProvider: object removed 7163
12-14 13:25:58.647  2820  3012 D MediaProvider: object removed 7164
12-14 13:25:58.647  2820  3012 D MediaProvider: object removed 7165
12-14 13:25:58.647  2820  3012 D MediaProvider: object removed 7166
12-14 13:25:58.647  2820  3012 D MediaProvider: object removed 7167
12-14 13:25:58.647  2820  3012 D MediaProvider: object removed 7168
12-14 13:25:58.647  2820  3012 D MediaProvider: object removed 7169
12-14 13:25:58.647  2820  3012 D MediaProvider: object removed 7170
12-14 13:25:58.647  2820  3012 D MediaProvider: object removed 7171
12-14 13:25:58.647  2820  3012 D MediaProvider: object removed 7172
12-14 13:25:58.647  2820  3012 D MediaProvider: object removed 7173
12-14 13:25:58.647  2820  3012 D MediaProvider: object removed 7174
12-14 13:25:58.647  2820  3012 D MediaProvider: object removed 7175
12-14 13:25:58.647  2820  3012 D MediaProvider: object removed 7176
12-14 13:25:58.647  2820  3012 D MediaProvider: object removed 7177
12-14 13:25:58.647  2820  3012 D MediaProvider: object removed 7178
12-14 13:25:58.647  2820  3012 D MediaProvider: object removed 7179
12-14 13:25:58.647  2820  3012 D MediaProvider: object removed 7180
12-14 13:25:58.647  2820  3012 D MediaProvider: object removed 7181
12-14 13:25:58.647  2820  3012 D MediaProvider: object removed 7182
12-14 13:25:58.647  2820  3012 D MediaProvider: object removed 7183
12-14 13:25:58.647  2820  3012 D MediaProvider: object removed 7184
12-14 13:25:58.647  2820  3012 D MediaProvider: object removed 7185
12-14 13:25:58.647  2820  3012 D MediaProvider: object removed 7186
12-14 13:25:58.647  2820  3012 D MediaProvider: object removed 7187
12-14 13:25:58.648  2820  3012 D MediaProvider: object removed 7188
12-14 13:25:58.648  2820  3012 D MediaProvider: object removed 7189
12-14 13:25:58.648  2820  3012 D MediaProvider: object removed 7190
12-14 13:25:58.648  2820  3012 D MediaProvider: object removed 7191
12-14 13:25:58.648  2820  3012 D MediaProvider: object removed 7192
12-14 13:25:58.648  2820  3012 D MediaProvider: object removed 7193
12-14 13:25:58.648  2820  3012 D MediaProvider: object removed 7194
12-14 13:25:58.648  2820  3012 D MediaProvider: object removed 7195
12-14 13:25:58.648  2820  3012 D MediaProvider: object removed 7196
12-14 13:25:58.648  2820  3012 D MediaProvider: object removed 7197
12-14 13:25:58.648  2820  3012 D MediaProvider: object removed 7198
12-14 13:25:58.648  2820  3012 D MediaProvider: object removed 7199
12-14 13:25:58.648  2820  3012 D MediaProvider: object removed 7200
12-14 13:25:58.648  2820  3012 D MediaProvider: object removed 7201
12-14 13:25:58.648  2820  3012 D MediaProvider: object removed 7202
12-14 13:25:58.648  2820  3012 D MediaProvider: object removed 7203
12-14 13:25:58.648  2820  3012 D MediaProvider: object removed 7204
12-14 13:25:58.648  2101  2362 I ActivityManager: Start proc 3052:com.android.vending/u0a14 for broadcast com.android.vending/com.google.android.finsky.receivers.BootCompletedReceiver
12-14 13:25:58.649  3013  3049 D ConnectivityManager: getMobileDataEnabled()+ subId=-1
12-14 13:25:58.649  2403  2431 D PhoneInterfaceManager: [PhoneIntfMgr] getDataEnabled: subId=-1 phoneId=-1
12-14 13:25:58.649  2403  2431 E PhoneInterfaceManager: [PhoneIntfMgr] getDataEnabled: no phone subId=-1 retVal=false
12-14 13:25:58.649  3013  3049 D ConnectivityManager: getMobileDataEnabled()- subId=-1 retVal=false
12-14 13:25:58.650  2403  3046 D MmsSmsDatabaseHelper: [MmsSmsDb] tableName: threads hasAutoIncrement: CREATE TABLE threads (_id INTEGER PRIMARY KEY AUTOINCREMENT,date INTEGER DEFAULT 0,message_count INTEGER DEFAULT 0,recipient_ids TEXT,snippet TEXT,snippet_cs INTEGER DEFAULT 0,read INTEGER DEFAULT 1,archived INTEGER DEFAULT 0,type INTEGER DEFAULT 0,error INTEGER DEFAULT 0,has_attachment INTEGER DEFAULT 0) result: true
12-14 13:25:58.650  2403  3046 D MmsSmsDatabaseHelper: [MmsSmsDb] tableName: canonical_addresses hasAutoIncrement: CREATE TABLE canonical_addresses (_id INTEGER PRIMARY KEY AUTOINCREMENT,address TEXT) result: true
12-14 13:25:58.650  2403  3046 D MmsSmsDatabaseHelper: [MmsSmsDb] tableName: part hasAutoIncrement: CREATE TABLE part (_id INTEGER PRIMARY KEY AUTOINCREMENT,mid INTEGER,seq INTEGER DEFAULT 0,ct TEXT,name TEXT,chset INTEGER,cd TEXT,fn TEXT,cid TEXT,cl TEXT,ctt_s INTEGER,ctt_t TEXT,_data TEXT,text TEXT) result: true
12-14 13:25:58.650  2403  3046 D MmsSmsDatabaseHelper: [MmsSmsDb] tableName: pdu hasAutoIncrement: CREATE TABLE pdu (_id INTEGER PRIMARY KEY AUTOINCREMENT,thread_id INTEGER,date INTEGER,date_sent INTEGER DEFAULT 0,msg_box INTEGER,read INTEGER DEFAULT 0,m_id TEXT,sub TEXT,sub_cs INTEGER,ct_t TEXT,ct_l TEXT,exp INTEGER,m_cls TEXT,m_type INTEGER,v INTEGER,m_size INTEGER,pri INTEGER,rr INTEGER,rpt_a INTEGER,resp_st INTEGER,st INTEGER,tr_id TEXT,retr_st INTEGER,retr_txt TEXT,retr_txt_cs INTEGER,read_status INTEGER,ct_cls INTEGER,resp_txt TEXT,d_tm INTEGER,d_rpt INTEGER,locked INTEGER DEFAULT 0,sub_id INTEGER DEFAULT -1, seen INTEGER DEFAULT 0,creator TEXT,text_only INTEGER DEFAULT 0) result: true
12-14 13:25:58.650  2403  3046 D MmsSmsDatabaseHelper: [getWritableDatabase] hasAutoIncrementThreads: true hasAutoIncrementAddresses: true hasAutoIncrementPart: true hasAutoIncrementPdu: true
12-14 13:25:58.650  3013  3048 D Mms     : cancelNotification
12-14 13:25:58.652  3052  3052 I ActivityThread: Switching default density from 160 to 240
12-14 13:25:58.654  3013  3051 D Mms     : cancelNotification
12-14 13:25:58.655  2650  3047 I iu.UploadsManager: #reloadSettings(); account: -1; IU: disabled; IS: disabled; IS account: -1; photoWiFi: true; videoWiFi: true; roam: false; battery: true; size: FULL; maxMobile: 157286400
12-14 13:25:58.656  2820  3012 D MediaProvider: object removed 7205
12-14 13:25:58.656  2820  3012 D MediaProvider: object removed 7206
12-14 13:25:58.656  2820  3012 D MediaProvider: object removed 7207
12-14 13:25:58.656  2820  3012 D MediaProvider: object removed 7208
12-14 13:25:58.656  2820  3012 D MediaProvider: object removed 7209
12-14 13:25:58.656  2820  3012 D MediaProvider: object removed 7210
12-14 13:25:58.656  2820  3012 D MediaProvider: object removed 7211
12-14 13:25:58.656  2820  3012 D MediaProvider: object removed 7212
12-14 13:25:58.656  2820  3012 D MediaProvider: object removed 7213
12-14 13:25:58.656  2820  3012 D MediaProvider: object removed 7214
12-14 13:25:58.656  2820  3012 D MediaProvider: object removed 7215
12-14 13:25:58.656  2820  3012 D MediaProvider: object removed 7216
12-14 13:25:58.656  2820  3012 D MediaProvider: object removed 7217
12-14 13:25:58.656  2820  3012 D MediaProvider: object removed 7218
12-14 13:25:58.656  2820  3012 D MediaProvider: object removed 7219
12-14 13:25:58.656  2820  3012 D MediaProvider: object removed 7220
12-14 13:25:58.657  2820  3012 D MediaProvider: object removed 7221
12-14 13:25:58.657  2820  3012 D MediaProvider: object removed 7222
12-14 13:25:58.657  2820  3012 D MediaProvider: object removed 7223
12-14 13:25:58.657  2820  3012 D MediaProvider: object removed 7224
12-14 13:25:58.657  2820  3012 D MediaProvider: object removed 7225
12-14 13:25:58.657  2820  3012 D MediaProvider: object removed 7226
12-14 13:25:58.657  2820  3012 D MediaProvider: object removed 7227
12-14 13:25:58.657  2820  3012 D MediaProvider: object removed 7228
12-14 13:25:58.657  2820  3012 D MediaProvider: object removed 7229
12-14 13:25:58.657  2820  3012 D MediaProvider: object removed 7230
12-14 13:25:58.657  2820  3012 D MediaProvider: object removed 7231
12-14 13:25:58.657  2820  3012 D MediaProvider: object removed 7232
12-14 13:25:58.657  2820  3012 D MediaProvider: object removed 7233
12-14 13:25:58.657  2820  3012 D MediaProvider: object removed 7234
12-14 13:25:58.657  2820  3012 D MediaProvider: object removed 7235
12-14 13:25:58.657  2820  3012 D MediaProvider: object removed 7236
12-14 13:25:58.657  2820  3012 D MediaProvider: object removed 7237
12-14 13:25:58.657  2820  3012 D MediaProvider: object removed 7238
12-14 13:25:58.657  2820  3012 D MediaProvider: object removed 7239
12-14 13:25:58.657  2820  3012 D MediaProvider: object removed 7240
12-14 13:25:58.657  2820  3012 D MediaProvider: object removed 7241
12-14 13:25:58.657  2820  3012 D MediaProvider: object removed 7242
12-14 13:25:58.657  2820  3012 D MediaProvider: object removed 7243
12-14 13:25:58.657  2820  3012 D MediaProvider: object removed 7244
12-14 13:25:58.657  2820  3012 D MediaProvider: object removed 7245
12-14 13:25:58.657  2820  3012 D MediaProvider: object removed 7246
12-14 13:25:58.657  2820  3012 D MediaProvider: object removed 7247
12-14 13:25:58.657  2820  3012 D MediaProvider: object removed 7248
12-14 13:25:58.657  2820  3012 D MediaProvider: object removed 7249
12-14 13:25:58.657  2820  3012 D MediaProvider: object removed 7250
12-14 13:25:58.657  2820  3012 D MediaProvider: object removed 7251
12-14 13:25:58.657  2820  3012 D MediaProvider: object removed 7252
12-14 13:25:58.657  2820  3012 D MediaProvider: object removed 7253
12-14 13:25:58.657  2820  3012 D MediaProvider: object removed 7254
12-14 13:25:58.657  2820  3012 D MediaProvider: object removed 7255
12-14 13:25:58.657  2820  3012 D MediaProvider: object removed 7256
12-14 13:25:58.657  2820  3012 D MediaProvider: object removed 7257
12-14 13:25:58.657  2820  3012 D MediaProvider: object removed 7258
12-14 13:25:58.657  2820  3012 D MediaProvider: object removed 7259
12-14 13:25:58.657  2820  3012 D MediaProvider: object removed 7260
12-14 13:25:58.657  2820  3012 D MediaProvider: object removed 7261
12-14 13:25:58.657  2820  3012 D MediaProvider: object removed 7262
12-14 13:25:58.657  2820  3012 D MediaProvider: object removed 7263
12-14 13:25:58.657  2820  3012 D MediaProvider: object removed 7264
12-14 13:25:58.658  2820  3012 D MediaProvider: object removed 7265
12-14 13:25:58.658  2820  3012 D MediaProvider: object removed 7266
12-14 13:25:58.658  2820  3012 D MediaProvider: object removed 7267
12-14 13:25:58.658  2820  3012 D MediaProvider: object removed 7268
12-14 13:25:58.658  2820  3012 D MediaProvider: object removed 7269
12-14 13:25:58.658  2820  3012 D MediaProvider: object removed 7270
12-14 13:25:58.659  2820  3012 D MediaProvider: object removed 7271
12-14 13:25:58.659  2820  3012 D MediaProvider: object removed 7272
12-14 13:25:58.659  2820  3012 D MediaProvider: object removed 7273
12-14 13:25:58.659  2820  3012 D MediaProvider: object removed 7274
12-14 13:25:58.659  2820  3012 D MediaProvider: object removed 7275
12-14 13:25:58.659  2820  3012 D MediaProvider: object removed 7276
12-14 13:25:58.659  2820  3012 D MediaProvider: object removed 7277
12-14 13:25:58.659  2820  3012 D MediaProvider: object removed 7278
12-14 13:25:58.659  2820  3012 D MediaProvider: object removed 7279
12-14 13:25:58.659  2820  3012 D MediaProvider: object removed 7280
12-14 13:25:58.659  2820  3012 D MediaProvider: object removed 7281
12-14 13:25:58.659  2820  3012 D MediaProvider: object removed 7282
12-14 13:25:58.659  2820  3012 D MediaProvider: object removed 7283
12-14 13:25:58.659  2820  3012 D MediaProvider: object removed 7284
12-14 13:25:58.659  2820  3012 D MediaProvider: object removed 7285
12-14 13:25:58.659  2820  3012 D MediaProvider: object removed 7286
12-14 13:25:58.659  2820  3012 D MediaProvider: object removed 7287
12-14 13:25:58.659  2820  3012 D MediaProvider: object removed 7288
12-14 13:25:58.659  2820  3012 D MediaProvider: object removed 7289
12-14 13:25:58.659  2820  3012 D MediaProvider: object removed 7290
12-14 13:25:58.659  2820  3012 D MediaProvider: object removed 7291
12-14 13:25:58.659  2820  3012 D MediaProvider: object removed 7292
12-14 13:25:58.659  2820  3012 D MediaProvider: object removed 7293
12-14 13:25:58.659  2820  3012 D MediaProvider: object removed 7294
12-14 13:25:58.659  2820  3012 D MediaProvider: object removed 7295
12-14 13:25:58.659  2820  3012 D MediaProvider: object removed 7296
12-14 13:25:58.659  2820  3012 D MediaProvider: object removed 7297
12-14 13:25:58.659  2820  3012 D MediaProvider: object removed 7298
12-14 13:25:58.659  2820  3012 D MediaProvider: object removed 7299
12-14 13:25:58.659  2820  3012 D MediaProvider: object removed 7300
12-14 13:25:58.659  2820  3012 D MediaProvider: object removed 7301
12-14 13:25:58.659  2820  3012 D MediaProvider: object removed 7302
12-14 13:25:58.659  2820  3012 D MediaProvider: object removed 7303
12-14 13:25:58.659  2820  3012 D MediaProvider: object removed 7304
12-14 13:25:58.659  2820  3012 D MediaProvider: object removed 7305
12-14 13:25:58.666  2820  3012 D MediaProvider: object removed 7306
12-14 13:25:58.667  2820  3012 D MediaProvider: object removed 7307
12-14 13:25:58.667  2820  3012 D MediaProvider: object removed 7308
12-14 13:25:58.667  2820  3012 D MediaProvider: object removed 7309
12-14 13:25:58.667  2820  3012 D MediaProvider: object removed 7310
12-14 13:25:58.667  2820  3012 D MediaProvider: object removed 7311
12-14 13:25:58.667  2820  3012 D MediaProvider: object removed 7312
12-14 13:25:58.667  2820  3012 D MediaProvider: object removed 7313
12-14 13:25:58.667  2820  3012 D MediaProvider: object removed 7314
12-14 13:25:58.667  2820  3012 D MediaProvider: object removed 7315
12-14 13:25:58.667  2820  3012 D MediaProvider: object removed 7316
12-14 13:25:58.667  2820  3012 D MediaProvider: object removed 7317
12-14 13:25:58.667  2820  3012 D MediaProvider: object removed 7318
12-14 13:25:58.667  2820  3012 D MediaProvider: object removed 7319
12-14 13:25:58.667  2820  3012 D MediaProvider: object removed 7320
12-14 13:25:58.667  2820  3012 D MediaProvider: object removed 7321
12-14 13:25:58.667  2820  3012 D MediaProvider: object removed 7322
12-14 13:25:58.667  2820  3012 D MediaProvider: object removed 7323
12-14 13:25:58.667  2820  3012 D MediaProvider: object removed 7324
12-14 13:25:58.667  2820  3012 D MediaProvider: object removed 7325
12-14 13:25:58.667  2820  3012 D MediaProvider: object removed 7326
12-14 13:25:58.667  2820  3012 D MediaProvider: object removed 7327
12-14 13:25:58.667  2820  3012 D MediaProvider: object removed 7328
12-14 13:25:58.667  2820  3012 D MediaProvider: object removed 7329
12-14 13:25:58.667  2820  3012 D MediaProvider: object removed 7330
12-14 13:25:58.667  2820  3012 D MediaProvider: object removed 7331
12-14 13:25:58.667  2820  3012 D MediaProvider: object removed 7332
12-14 13:25:58.667  2820  3012 D MediaProvider: object removed 7333
12-14 13:25:58.667  2820  3012 D MediaProvider: object removed 7334
12-14 13:25:58.667  2820  3012 D MediaProvider: object removed 7335
12-14 13:25:58.667  2820  3012 D MediaProvider: object removed 7336
12-14 13:25:58.667  2820  3012 D MediaProvider: object removed 7337
12-14 13:25:58.667  2820  3012 D MediaProvider: object removed 7338
12-14 13:25:58.668  2820  3012 D MediaProvider: object removed 7339
12-14 13:25:58.669  2820  3012 D MediaProvider: object removed 7340
12-14 13:25:58.669  2820  3012 D MediaProvider: object removed 7341
12-14 13:25:58.669  2820  3012 D MediaProvider: object removed 7342
12-14 13:25:58.670  2820  3012 D MediaProvider: object removed 7343
12-14 13:25:58.670  2820  3012 D MediaProvider: object removed 7344
12-14 13:25:58.670  2820  3012 D MediaProvider: object removed 7345
12-14 13:25:58.670  2820  3012 D MediaProvider: object removed 7346
12-14 13:25:58.670  2820  3012 D MediaProvider: object removed 7347
12-14 13:25:58.670  2820  3012 D MediaProvider: object removed 7348
12-14 13:25:58.670  2820  3012 D MediaProvider: object removed 7349
12-14 13:25:58.670  2820  3012 D MediaProvider: object removed 7350
12-14 13:25:58.671  2820  3012 D MediaProvider: object removed 7351
12-14 13:25:58.671  2820  3012 D MediaProvider: object removed 7352
12-14 13:25:58.671  2820  3012 D MediaProvider: object removed 7353
12-14 13:25:58.671  2820  3012 D MediaProvider: object removed 7354
12-14 13:25:58.671  2820  3012 D MediaProvider: object removed 7355
12-14 13:25:58.671  2820  3012 D MediaProvider: object removed 7356
12-14 13:25:58.671  2820  3012 D MediaProvider: object removed 7357
12-14 13:25:58.671  2820  3012 D MediaProvider: object removed 7358
12-14 13:25:58.671  2820  3012 D MediaProvider: object removed 7359
12-14 13:25:58.671  2820  3012 D MediaProvider: object removed 7360
12-14 13:25:58.671  2820  3012 D MediaProvider: object removed 7361
12-14 13:25:58.671  2820  3012 D MediaProvider: object removed 7362
12-14 13:25:58.671  2820  3012 D MediaProvider: object removed 7363
12-14 13:25:58.671  2820  3012 D MediaProvider: object removed 7364
12-14 13:25:58.671  2820  3012 D MediaProvider: object removed 7365
12-14 13:25:58.671  2820  3012 D MediaProvider: object removed 7366
12-14 13:25:58.671  2820  3012 D MediaProvider: object removed 7367
12-14 13:25:58.671  2820  3012 D MediaProvider: object removed 7368
12-14 13:25:58.671  2820  3012 D MediaProvider: object removed 7369
12-14 13:25:58.671  2820  3012 D MediaProvider: object removed 7370
12-14 13:25:58.671  2820  3012 D MediaProvider: object removed 7371
12-14 13:25:58.671  2820  3012 D MediaProvider: object removed 7372
12-14 13:25:58.671  2820  3012 D MediaProvider: object removed 7373
12-14 13:25:58.671  2820  3012 D MediaProvider: object removed 7374
12-14 13:25:58.671  2820  3012 D MediaProvider: object removed 7375
12-14 13:25:58.671  2820  3012 D MediaProvider: object removed 7376
12-14 13:25:58.671  2820  3012 D MediaProvider: object removed 7377
12-14 13:25:58.671  2820  3012 D MediaProvider: object removed 7378
12-14 13:25:58.671  2820  3012 D MediaProvider: object removed 7379
12-14 13:25:58.671  2820  3012 D MediaProvider: object removed 7380
12-14 13:25:58.671  2820  3012 D MediaProvider: object removed 7381
12-14 13:25:58.673  2820  3012 D MediaProvider: object removed 7382
12-14 13:25:58.673  2820  3012 D MediaProvider: object removed 7383
12-14 13:25:58.673  2820  3012 D MediaProvider: object removed 7384
12-14 13:25:58.673  2820  3012 D MediaProvider: object removed 7385
12-14 13:25:58.673  2820  3012 D MediaProvider: object removed 7386
12-14 13:25:58.673  2820  3012 D MediaProvider: object removed 7387
12-14 13:25:58.673  2820  3012 D MediaProvider: object removed 7388
12-14 13:25:58.673  2820  3012 D MediaProvider: object removed 7389
12-14 13:25:58.673  2820  3012 D MediaProvider: object removed 7390
12-14 13:25:58.673  2820  3012 D MediaProvider: object removed 7391
12-14 13:25:58.673  2820  3012 D MediaProvider: object removed 7392
12-14 13:25:58.673  2820  3012 D MediaProvider: object removed 7393
12-14 13:25:58.673  2820  3012 D MediaProvider: object removed 7394
12-14 13:25:58.673  2820  3012 D MediaProvider: object removed 7395
12-14 13:25:58.673  2820  3012 D MediaProvider: object removed 7396
12-14 13:25:58.673  2820  3012 D MediaProvider: object removed 7397
12-14 13:25:58.673  2820  3012 D MediaProvider: object removed 7398
12-14 13:25:58.673  2820  3012 D MediaProvider: object removed 7399
12-14 13:25:58.674  2820  3012 D MediaProvider: object removed 7400
12-14 13:25:58.674  2820  3012 D MediaProvider: object removed 7401
12-14 13:25:58.674  2820  3012 D MediaProvider: object removed 7402
12-14 13:25:58.676  2820  3012 D MediaProvider: object removed 7403
12-14 13:25:58.677  2820  3012 D MediaProvider: object removed 7404
12-14 13:25:58.677  2820  3012 D MediaProvider: object removed 7405
12-14 13:25:58.677  2820  3012 D MediaProvider: object removed 7406
12-14 13:25:58.695  2820  3012 D MediaProvider: object removed 7407
12-14 13:25:58.695  2820  3012 D MediaProvider: object removed 7408
12-14 13:25:58.695  2820  3012 D MediaProvider: object removed 7409
12-14 13:25:58.696  2820  3012 D MediaProvider: object removed 7410
12-14 13:25:58.696  2820  3012 D MediaProvider: object removed 7411
12-14 13:25:58.696  2820  3012 D MediaProvider: object removed 7412
12-14 13:25:58.696  2820  3012 D MediaProvider: object removed 7413
12-14 13:25:58.696  2820  3012 D MediaProvider: object removed 7414
12-14 13:25:58.696  2820  3012 D MediaProvider: object removed 7415
12-14 13:25:58.697  2820  3012 D MediaProvider: object removed 7416
12-14 13:25:58.697  2820  3012 D MediaProvider: object removed 7417
12-14 13:25:58.697  2820  3012 D MediaProvider: object removed 7418
12-14 13:25:58.697  2820  3012 D MediaProvider: object removed 7419
12-14 13:25:58.697  2820  3012 D MediaProvider: object removed 7420
12-14 13:25:58.697  2820  3012 D MediaProvider: object removed 7421
12-14 13:25:58.697  2820  3012 D MediaProvider: object removed 7422
12-14 13:25:58.697  2820  3012 D MediaProvider: object removed 7423
12-14 13:25:58.697  2820  3012 D MediaProvider: object removed 7424
12-14 13:25:58.697  2820  3012 D MediaProvider: object removed 7425
12-14 13:25:58.697  2820  3012 D MediaProvider: object removed 7426
12-14 13:25:58.697  2820  3012 D MediaProvider: object removed 7427
12-14 13:25:58.697  2820  3012 D MediaProvider: object removed 7428
12-14 13:25:58.697  2820  3012 D MediaProvider: object removed 7429
12-14 13:25:58.698  2820  3012 D MediaProvider: object removed 7430
12-14 13:25:58.698  2820  3012 D MediaProvider: object removed 7431
12-14 13:25:58.698  2820  3012 D MediaProvider: object removed 7432
12-14 13:25:58.698  2820  3012 D MediaProvider: object removed 7433
12-14 13:25:58.698  2820  3012 D MediaProvider: object removed 7434
12-14 13:25:58.698  2820  3012 D MediaProvider: object removed 7435
12-14 13:25:58.698  2820  3012 D MediaProvider: object removed 7436
12-14 13:25:58.698  2820  3012 D MediaProvider: object removed 7437
12-14 13:25:58.698  2820  3012 D MediaProvider: object removed 7438
12-14 13:25:58.698  2820  3012 D MediaProvider: object removed 7439
12-14 13:25:58.698  2820  3012 D MediaProvider: object removed 7440
12-14 13:25:58.698  2820  3012 D MediaProvider: object removed 7441
12-14 13:25:58.698  2820  3012 D MediaProvider: object removed 7442
12-14 13:25:58.698  2820  3012 D MediaProvider: object removed 7443
12-14 13:25:58.698  2820  3012 D MediaProvider: object removed 7444
12-14 13:25:58.698  2820  3012 D MediaProvider: object removed 7445
12-14 13:25:58.698  2820  3012 D MediaProvider: object removed 7446
12-14 13:25:58.698  2820  3012 D MediaProvider: object removed 7447
12-14 13:25:58.698  2820  3012 D MediaProvider: object removed 7448
12-14 13:25:58.698  2820  3012 D MediaProvider: object removed 7449
12-14 13:25:58.698  2820  3012 D MediaProvider: object removed 7450
12-14 13:25:58.698  2820  3012 D MediaProvider: object removed 7451
12-14 13:25:58.698  2820  3012 D MediaProvider: object removed 7452
12-14 13:25:58.698  2820  3012 D MediaProvider: object removed 7453
12-14 13:25:58.698  2820  3012 D MediaProvider: object removed 7454
12-14 13:25:58.698  2820  3012 D MediaProvider: object removed 7455
12-14 13:25:58.699  2820  3012 D MediaProvider: object removed 7456
12-14 13:25:58.699  2820  3012 D MediaProvider: object removed 7457
12-14 13:25:58.699  2820  3012 D MediaProvider: object removed 7458
12-14 13:25:58.699  2820  3012 D MediaProvider: object removed 7459
12-14 13:25:58.699  2820  3012 D MediaProvider: object removed 7460
12-14 13:25:58.699  2820  3012 D MediaProvider: object removed 7461
12-14 13:25:58.699  2820  3012 D MediaProvider: object removed 7462
12-14 13:25:58.699  2820  3012 D MediaProvider: object removed 7463
12-14 13:25:58.699  2820  3012 D MediaProvider: object removed 7464
12-14 13:25:58.699  2820  3012 D MediaProvider: object removed 7465
12-14 13:25:58.699  2820  3012 D MediaProvider: object removed 7466
12-14 13:25:58.699  2820  3012 D MediaProvider: object removed 7467
12-14 13:25:58.699  2820  3012 D MediaProvider: object removed 7468
12-14 13:25:58.699  2820  3012 D MediaProvider: object removed 7469
12-14 13:25:58.699  2820  3012 D MediaProvider: object removed 7470
12-14 13:25:58.699  2820  3012 D MediaProvider: object removed 7471
12-14 13:25:58.699  2820  3012 D MediaProvider: object removed 7472
12-14 13:25:58.699  2820  3012 D MediaProvider: object removed 7473
12-14 13:25:58.699  2820  3012 D MediaProvider: object removed 7474
12-14 13:25:58.699  2820  3012 D MediaProvider: object removed 7475
12-14 13:25:58.699  2820  3012 D MediaProvider: object removed 7476
12-14 13:25:58.699  2820  3012 D MediaProvider: object removed 7477
12-14 13:25:58.699  2820  3012 D MediaProvider: object removed 7478
12-14 13:25:58.699  2820  3012 D MediaProvider: object removed 7479
12-14 13:25:58.699  2820  3012 D MediaProvider: object removed 7480
12-14 13:25:58.699  2820  3012 D MediaProvider: object removed 7481
12-14 13:25:58.699  2820  3012 D MediaProvider: object removed 7482
12-14 13:25:58.699  2820  3012 D MediaProvider: object removed 7483
12-14 13:25:58.699  2820  3012 D MediaProvider: object removed 7484
12-14 13:25:58.699  2820  3012 D MediaProvider: object removed 7485
12-14 13:25:58.699  2820  3012 D MediaProvider: object removed 7486
12-14 13:25:58.699  2820  3012 D MediaProvider: object removed 7487
12-14 13:25:58.699  2820  3012 D MediaProvider: object removed 7488
12-14 13:25:58.699  2820  3012 D MediaProvider: object removed 7489
12-14 13:25:58.699  2820  3012 D MediaProvider: object removed 7490
12-14 13:25:58.699  2820  3012 D MediaProvider: object removed 7491
12-14 13:25:58.699  2820  3012 D MediaProvider: object removed 7492
12-14 13:25:58.699  2820  3012 D MediaProvider: object removed 7493
12-14 13:25:58.699  2820  3012 D MediaProvider: object removed 7494
12-14 13:25:58.699  2820  3012 D MediaProvider: object removed 7495
12-14 13:25:58.699  2820  3012 D MediaProvider: object removed 7496
12-14 13:25:58.699  2820  3012 D MediaProvider: object removed 7497
12-14 13:25:58.699  2820  3012 D MediaProvider: object removed 7498
12-14 13:25:58.699  2820  3012 D MediaProvider: object removed 7499
12-14 13:25:58.699  2820  3012 D MediaProvider: object removed 7500
12-14 13:25:58.699  2820  3012 D MediaProvider: object removed 7501
12-14 13:25:58.699  2820  3012 D MediaProvider: object removed 7502
12-14 13:25:58.699  2820  3012 D MediaProvider: object removed 7503
12-14 13:25:58.699  2820  3012 D MediaProvider: object removed 7504
12-14 13:25:58.699  2820  3012 D MediaProvider: object removed 7505
12-14 13:25:58.700  2820  3012 D MediaProvider: object removed 7506
12-14 13:25:58.700  2820  3012 D MediaProvider: object removed 7507
12-14 13:25:58.708  2820  3012 D MediaProvider: object removed 7508
12-14 13:25:58.709  2820  3012 D MediaProvider: object removed 7509
12-14 13:25:58.709  2820  3012 D MediaProvider: object removed 7510
12-14 13:25:58.709  2820  3012 D MediaProvider: object removed 7511
12-14 13:25:58.709  2820  3012 D MediaProvider: object removed 7512
12-14 13:25:58.709  2820  3012 D MediaProvider: object removed 7513
12-14 13:25:58.709  2820  3012 D MediaProvider: object removed 7514
12-14 13:25:58.709  2820  3012 D MediaProvider: object removed 7515
12-14 13:25:58.709  2820  3012 D MediaProvider: object removed 7516
12-14 13:25:58.709  2820  3012 D MediaProvider: object removed 7517
12-14 13:25:58.709  2820  3012 D MediaProvider: object removed 7518
12-14 13:25:58.709  2820  3012 D MediaProvider: object removed 7519
12-14 13:25:58.709  2820  3012 D MediaProvider: object removed 7520
12-14 13:25:58.709  2820  3012 D MediaProvider: object removed 7521
12-14 13:25:58.709  2820  3012 D MediaProvider: object removed 7522
12-14 13:25:58.709  2820  3012 D MediaProvider: object removed 7523
12-14 13:25:58.709  2820  3012 D MediaProvider: object removed 7524
12-14 13:25:58.709  2820  3012 D MediaProvider: object removed 7525
12-14 13:25:58.709  2820  3012 D MediaProvider: object removed 7526
12-14 13:25:58.709  2820  3012 D MediaProvider: object removed 7527
12-14 13:25:58.709  2820  3012 D MediaProvider: object removed 7528
12-14 13:25:58.709  2820  3012 D MediaProvider: object removed 7529
12-14 13:25:58.709  2820  3012 D MediaProvider: object removed 7530
12-14 13:25:58.709  2820  3012 D MediaProvider: object removed 7531
12-14 13:25:58.709  2820  3012 D MediaProvider: object removed 7532
12-14 13:25:58.709  2820  3012 D MediaProvider: object removed 7533
12-14 13:25:58.709  2820  3012 D MediaProvider: object removed 7534
12-14 13:25:58.709  2820  3012 D MediaProvider: object removed 7535
12-14 13:25:58.709  2820  3012 D MediaProvider: object removed 7536
12-14 13:25:58.709  2820  3012 D MediaProvider: object removed 7537
12-14 13:25:58.709  2820  3012 D MediaProvider: object removed 7538
12-14 13:25:58.709  2820  3012 D MediaProvider: object removed 7539
12-14 13:25:58.709  2820  3012 D MediaProvider: object removed 7540
12-14 13:25:58.709  2820  3012 D MediaProvider: object removed 7541
12-14 13:25:58.709  2820  3012 D MediaProvider: object removed 7542
12-14 13:25:58.709  2820  3012 D MediaProvider: object removed 7543
12-14 13:25:58.709  2820  3012 D MediaProvider: object removed 7544
12-14 13:25:58.709  2820  3012 D MediaProvider: object removed 7545
12-14 13:25:58.709  2820  3012 D MediaProvider: object removed 7546
12-14 13:25:58.710  2820  3012 D MediaProvider: object removed 7547
12-14 13:25:58.710  2820  3012 D MediaProvider: object removed 7548
12-14 13:25:58.710  2820  3012 D MediaProvider: object removed 7549
12-14 13:25:58.710  2820  3012 D MediaProvider: object removed 7550
12-14 13:25:58.710  2820  3012 D MediaProvider: object removed 7551
12-14 13:25:58.710  2820  3012 D MediaProvider: object removed 7552
12-14 13:25:58.710  2820  3012 D MediaProvider: object removed 7553
12-14 13:25:58.710  2820  3012 D MediaProvider: object removed 7554
12-14 13:25:58.710  2820  3012 D MediaProvider: object removed 7555
12-14 13:25:58.710  2820  3012 D MediaProvider: object removed 7556
12-14 13:25:58.710  2820  3012 D MediaProvider: object removed 7557
12-14 13:25:58.710  2820  3012 D MediaProvider: object removed 7558
12-14 13:25:58.710  2820  3012 D MediaProvider: object removed 7559
12-14 13:25:58.710  2820  3012 D MediaProvider: object removed 7560
12-14 13:25:58.710  2820  3012 D MediaProvider: object removed 7561
12-14 13:25:58.710  2820  3012 D MediaProvider: object removed 7562
12-14 13:25:58.710  2820  3012 D MediaProvider: object removed 7563
12-14 13:25:58.710  2820  3012 D MediaProvider: object removed 7564
12-14 13:25:58.710  2820  3012 D MediaProvider: object removed 7565
12-14 13:25:58.710  2820  3012 D MediaProvider: object removed 7566
12-14 13:25:58.710  2820  3012 D MediaProvider: object removed 7567
12-14 13:25:58.710  2820  3012 D MediaProvider: object removed 7568
12-14 13:25:58.710  2820  3012 D MediaProvider: object removed 7569
12-14 13:25:58.710  2820  3012 D MediaProvider: object removed 7570
12-14 13:25:58.710  2820  3012 D MediaProvider: object removed 7571
12-14 13:25:58.710  2820  3012 D MediaProvider: object removed 7572
12-14 13:25:58.710  2820  3012 D MediaProvider: object removed 7573
12-14 13:25:58.710  2820  3012 D MediaProvider: object removed 7574
12-14 13:25:58.710  2820  3012 D MediaProvider: object removed 7575
12-14 13:25:58.710  2820  3012 D MediaProvider: object removed 7576
12-14 13:25:58.710  2820  3012 D MediaProvider: object removed 7577
12-14 13:25:58.710  2820  3012 D MediaProvider: object removed 7578
12-14 13:25:58.710  2820  3012 D MediaProvider: object removed 7579
12-14 13:25:58.710  2820  3012 D MediaProvider: object removed 7580
