12-14 13:25:56.339  2101  2144 E EventHub: could not get driver version for /dev/input/mouse0, Not a typewriter
12-14 13:25:56.347  2101  2151 I GRALLOC-DRM: create intel for driver i915
12-14 13:25:56.348  2101  2151 I EGL-DRI2: DRI2: found extension DRI_Core version 1
12-14 13:25:56.348  2101  2151 I EGL-DRI2: DRI2: found extension DRI_DRI2 version 4
12-14 13:25:56.351  2101  2144 I EventHub: New device: id=6, fd=93, path='/dev/input/event14', name='ETPS/2 Elantech Touchpad', classes=0x14, configuration='/system/usr/idc/ETPS_2_Elantech_Touchpad.idc', keyLayout='', keyCharacterMap='', builtinKeyboard=false, wakeMechanism=EPOLLWAKEUP, usingClockIoctl=true
12-14 13:25:56.351  2101  2144 D EventHub: No input device configuration file found for device 'AT Translated Set 2 keyboard'.
12-14 13:25:56.351  2101  2151 I EGL-DRI2: DRI2: found extension DRI_TexBuffer version 3
12-14 13:25:56.351  2101  2151 I EGL-DRI2: DRI2: found extension DRI2_Flush version 4
12-14 13:25:56.351  2101  2151 I EGL-DRI2: DRI2: found extension DRI_IMAGE version 11
12-14 13:25:56.351  2101  2151 I OpenGLRenderer: Initialized EGL, version 1.4
12-14 13:25:56.351  2101  2151 W OpenGLRenderer: Failed to choose config with EGL_SWAP_BEHAVIOR_PRESERVED, retrying without...
12-14 13:25:56.352  2101  2144 I EventHub: New device: id=7, fd=94, path='/dev/input/event3', name='AT Translated Set 2 keyboard', classes=0x3, configuration='', keyLayout='/system/usr/keylayout/Generic.kl', keyCharacterMap='/system/usr/keychars/Generic.kcm', builtinKeyboard=false, wakeMechanism=EPOLLWAKEUP, usingClockIoctl=true
12-14 13:25:56.352  2101  2144 D EventHub: No input device configuration file found for device 'MSI WMI hotkeys'.
12-14 13:25:56.352  2101  2151 D OpenGLRenderer: Enabling debug mode 0
12-14 13:25:56.352  2101  2144 W EventHub: Unable to disable kernel key repeat for /dev/input/event13: Function not implemented
12-14 13:25:56.352  2101  2144 I EventHub: New device: id=8, fd=95, path='/dev/input/event13', name='MSI WMI hotkeys', classes=0x1, configuration='', keyLayout='/system/usr/keylayout/Generic.kl', keyCharacterMap='/system/usr/keychars/Generic.kcm', builtinKeyboard=false, wakeMechanism=EPOLLWAKEUP, usingClockIoctl=true
12-14 13:25:56.352  2101  2144 E EventHub: could not get driver version for /dev/input/mice, Not a typewriter
12-14 13:25:56.364  1844  1844 I AudioFlinger: Using module 1 has the primary audio interface
12-14 13:25:56.364  1844  2154 I AudioFlinger: AudioFlinger's thread 0xf58bd000 ready to run
12-14 13:25:56.364  1844  2155 I AudioFlinger: AudioFlinger's thread 0xf5951000 ready to run
12-14 13:25:56.365  1844  1844 D BlueZ   : external/bluetooth/bluez/android/hal-audio.c:audio_open() 
12-14 13:25:56.365  1844  1844 D BlueZ   : external/bluetooth/bluez/android/hal-audio.c:audio_ipc_init() 
12-14 13:25:56.365  1844  2156 D BlueZ   : external/bluetooth/bluez/android/hal-audio.c:ipc_handler() 
12-14 13:25:56.365  1844  2156 D BlueZ   : external/bluetooth/bluez/android/hal-audio.c:ipc_handler() Waiting for connection ...
12-14 13:25:56.365  1844  1844 E BlueZ   : APTX: failed to open library libbt-aptx.so (dlopen failed: library "libbt-aptx.so" not found)
12-14 13:25:56.365  1844  1844 D BlueZ   : external/bluetooth/bluez/android/hal-audio.c:audio_init_check() 
12-14 13:25:56.365  1844  1844 D BlueZ   : external/bluetooth/bluez/android/hal-audio.c:audio_set_master_volume() 
12-14 13:25:56.365  1844  1844 D BlueZ   : external/bluetooth/bluez/android/hal-audio.c:set_master_mute() 
12-14 13:25:56.365  1844  1844 I AudioFlinger: loadHwModule() Loaded a2dp audio interface from A2DP Bluez HW HAL (audio) handle 4
12-14 13:25:56.365  1844  1844 I AudioFlinger: loadHwModule() Loaded usb audio interface from USB audio HW HAL (audio) handle 5
12-14 13:25:56.366  1844  1844 E SoundTriggerHwService: couldn't load sound trigger module sound_trigger.primary (No such file or directory)
12-14 13:25:56.372  1830  1864 I SurfaceFlinger: Boot is finished (2098 ms)
12-14 13:25:56.375  2101  2144 D EventHub: No input device configuration file found for device 'HDA Intel PCH Headphone'.
12-14 13:25:56.375  2101  2144 I EventHub: New device: id=9, fd=96, path='/dev/input/event10', name='HDA Intel PCH Headphone', classes=0x80, configuration='', keyLayout='', keyCharacterMap='', builtinKeyboard=false, wakeMechanism=EPOLLWAKEUP, usingClockIoctl=true
12-14 13:25:56.375  2101  2144 D EventHub: No input device configuration file found for device 'HDA Intel PCH Mic'.
12-14 13:25:56.375  2101  2144 I EventHub: New device: id=10, fd=97, path='/dev/input/event9', name='HDA Intel PCH Mic', classes=0x80, configuration='', keyLayout='', keyCharacterMap='', builtinKeyboard=false, wakeMechanism=EPOLLWAKEUP, usingClockIoctl=true
12-14 13:25:56.375  2101  2144 D EventHub: No input device configuration file found for device 'BisonCam, NB Pro'.
12-14 13:25:56.376  2101  2144 W EventHub: Unable to disable kernel key repeat for /dev/input/event12: Function not implemented
12-14 13:25:56.376  2101  2144 I EventHub: New device: id=11, fd=98, path='/dev/input/event12', name='BisonCam, NB Pro', classes=0x80000001, configuration='', keyLayout='/system/usr/keylayout/Generic.kl', keyCharacterMap='/system/usr/keychars/Generic.kcm', builtinKeyboard=false, wakeMechanism=EPOLLWAKEUP, usingClockIoctl=true
12-14 13:25:56.376  2101  2144 D EventHub: No input device configuration file found for device 'HDA Intel HDMI HDMI/DP,pcm=8'.
12-14 13:25:56.376  2101  2144 I EventHub: New device: id=12, fd=99, path='/dev/input/event8', name='HDA Intel HDMI HDMI/DP,pcm=8', classes=0x80, configuration='', keyLayout='', keyCharacterMap='', builtinKeyboard=false, wakeMechanism=EPOLLWAKEUP, usingClockIoctl=true
12-14 13:25:56.376  2101  2144 D EventHub: No input device configuration file found for device 'HDA Intel HDMI HDMI/DP,pcm=7'.
12-14 13:25:56.376  2101  2144 I EventHub: New device: id=13, fd=100, path='/dev/input/event7', name='HDA Intel HDMI HDMI/DP,pcm=7', classes=0x80, configuration='', keyLayout='', keyCharacterMap='', builtinKeyboard=false, wakeMechanism=EPOLLWAKEUP, usingClockIoctl=true
12-14 13:25:56.376  2101  2144 D EventHub: No input device configuration file found for device 'HDA Intel HDMI HDMI/DP,pcm=3'.
12-14 13:25:56.376  2101  2144 I EventHub: New device: id=14, fd=101, path='/dev/input/event6', name='HDA Intel HDMI HDMI/DP,pcm=3', classes=0x80, configuration='', keyLayout='', keyCharacterMap='', builtinKeyboard=false, wakeMechanism=EPOLLWAKEUP, usingClockIoctl=true
12-14 13:25:56.377  2101  2144 I InputReader: Device added: id=-1, name='Virtual', sources=0x00000301
12-14 13:25:56.377  2101  2144 I InputReader: Device added: id=14, name='HDA Intel HDMI HDMI/DP,pcm=3', sources=0x80000000
12-14 13:25:56.377  2101  2144 I InputReader: Device added: id=13, name='HDA Intel HDMI HDMI/DP,pcm=7', sources=0x80000000
12-14 13:25:56.377  2101  2144 I InputReader: Device added: id=12, name='HDA Intel HDMI HDMI/DP,pcm=8', sources=0x80000000
12-14 13:25:56.377  2101  2144 I InputReader: Device added: id=11, name='BisonCam, NB Pro', sources=0x00000101
12-14 13:25:56.377  2101  2144 I InputReader: Device added: id=10, name='HDA Intel PCH Mic', sources=0x80000000
12-14 13:25:56.377  2101  2144 I InputReader: Device added: id=9, name='HDA Intel PCH Headphone', sources=0x80000000
12-14 13:25:56.377  2101  2144 I InputReader: Device added: id=8, name='MSI WMI hotkeys', sources=0x00000101
12-14 13:25:56.377  2101  2144 I InputReader: Device added: id=7, name='AT Translated Set 2 keyboard', sources=0x00000101
12-14 13:25:56.377  2101  2144 I InputReader:   Touch device 'ETPS/2 Elantech Touchpad' could not query the properties of its associated display.  The device will be inoperable until the display size becomes available.
12-14 13:25:56.377  2101  2144 I InputReader: Device added: id=6, name='ETPS/2 Elantech Touchpad', sources=0x00002002
12-14 13:25:56.377  2101  2144 I InputReader: Device added: id=4, name='Lid Switch', sources=0x80000000
12-14 13:25:56.377  2101  2144 I InputReader: Device added: id=3, name='Video Bus', sources=0x00000101
12-14 13:25:56.377  2101  2144 I InputReader: Device added: id=2, name='Video Bus', sources=0x00000101
12-14 13:25:56.377  2101  2144 I InputReader: Device added: id=1, name='Android Power Button', sources=0x00000101
12-14 13:25:56.378  2101  2144 I InputReader: Reconfiguring input devices.  changes=0x00000004
12-14 13:25:56.379  2101  2144 I InputReader: Device reconfigured: id=6, name='ETPS/2 Elantech Touchpad', size 1920x1080, orientation 0, mode 4, display id 0
12-14 13:25:56.379  2101  2143 I ActivityManager: Config changes=30 {1.0 ?mcc?mnc zh_CN ?layoutDir sw720dp w1280dp h646dp 240dpi lrg long land ?uimode ?night -touch qwerty/v/v -nav/h s.4}
12-14 13:25:56.519  1845  1845 E installd: DexInv: --- END '/system/app/HoloSpiralWallpaper/HoloSpiralWallpaper.apk' --- status=0x0100, process failed
12-14 13:25:56.519  2101  2101 I PackageManager: Running dexopt on: /system/app/Galaxy4/Galaxy4.apk pkg=com.android.galaxy4 isa=x86 vmSafeMode=false
12-14 13:25:56.524  2159  2159 I dex2oat : /system/bin/dex2oat --zip-fd=5 --zip-location=/system/app/Galaxy4/Galaxy4.apk --oat-fd=6 --oat-location=/data/dalvik-cache/x86/system@app@Galaxy4@Galaxy4.apk@classes.dex --instruction-set=x86 --instruction-set-features=default --runtime-arg -Xms64m --runtime-arg -Xmx512m --swap-fd=10
12-14 13:25:56.525  2159  2159 E dex2oat : Failed to open dex from file descriptor for zip file '/system/app/Galaxy4/Galaxy4.apk': Entry not found
12-14 13:25:56.727  1845  1845 E installd: DexInv: --- END '/system/app/Galaxy4/Galaxy4.apk' --- status=0x0100, process failed
12-14 13:25:56.727  2101  2101 I PackageManager: Running dexopt on: /system/app/VisualizationWallpapers/VisualizationWallpapers.apk pkg=com.android.musicvis isa=x86 vmSafeMode=false
12-14 13:25:56.732  2161  2161 I dex2oat : /system/bin/dex2oat --zip-fd=5 --zip-location=/system/app/VisualizationWallpapers/VisualizationWallpapers.apk --oat-fd=6 --oat-location=/data/dalvik-cache/x86/system@app@VisualizationWallpapers@VisualizationWallpapers.apk@classes.dex --instruction-set=x86 --instruction-set-features=default --runtime-arg -Xms64m --runtime-arg -Xmx512m --swap-fd=11
12-14 13:25:56.733  2161  2161 E dex2oat : Failed to open dex from file descriptor for zip file '/system/app/VisualizationWallpapers/VisualizationWallpapers.apk': Entry not found
12-14 13:25:56.935  1845  1845 E installd: DexInv: --- END '/system/app/VisualizationWallpapers/VisualizationWallpapers.apk' --- status=0x0100, process failed
12-14 13:25:56.936  2101  2101 I PackageManager: Running dexopt on: /system/app/PhaseBeam/PhaseBeam.apk pkg=com.android.phasebeam isa=x86 vmSafeMode=false
12-14 13:25:56.940  2163  2163 I dex2oat : /system/bin/dex2oat --zip-fd=5 --zip-location=/system/app/PhaseBeam/PhaseBeam.apk --oat-fd=6 --oat-location=/data/dalvik-cache/x86/system@app@PhaseBeam@PhaseBeam.apk@classes.dex --instruction-set=x86 --instruction-set-features=default --runtime-arg -Xms64m --runtime-arg -Xmx512m --swap-fd=12
12-14 13:25:56.941  2163  2163 E dex2oat : Failed to open dex from file descriptor for zip file '/system/app/PhaseBeam/PhaseBeam.apk': Entry not found
12-14 13:25:57.143  1845  1845 E installd: DexInv: --- END '/system/app/PhaseBeam/PhaseBeam.apk' --- status=0x0100, process failed
12-14 13:25:57.143  2101  2101 I SystemServer: LockSettingsService
12-14 13:25:57.144  2101  2101 I SystemServiceManager: Starting com.android.server.devicepolicy.DevicePolicyManagerService$Lifecycle
12-14 13:25:57.146  2101  2101 I SystemServer: Status Bar
12-14 13:25:57.147  2101  2101 I SystemServer: Clipboard Service
12-14 13:25:57.147  2101  2101 I SystemServer: NetworkManagement Service
12-14 13:25:57.149  2101  2101 I SystemServer: Text Service Manager Service
12-14 13:25:57.150  2101  2101 I SystemServer: Network Score Service
12-14 13:25:57.151  2101  2101 I SystemServer: NetworkStats Service
12-14 13:25:57.154  2101  2101 I SystemServer: NetworkPolicy Service
12-14 13:25:57.157  2101  2101 I SystemServiceManager: Starting com.android.server.wifi.p2p.WifiP2pService
12-14 13:25:57.165  2101  2101 I WifiP2pService: Registering wifip2p
12-14 13:25:57.165  2101  2101 I SystemServiceManager: Starting com.android.server.wifi.WifiService
12-14 13:25:57.189  2101  2101 E WifiConfigStore: associatedPartialScanPeriodMilli set to 20000
12-14 13:25:57.193  2101  2101 D WifiController: isAirplaneModeOn = false, isWifiEnabled = true, isScanningAvailable = true
12-14 13:25:57.193  2101  2101 I WifiService: Registering wifi
12-14 13:25:57.193  2101  2101 I SystemServiceManager: Starting com.android.server.wifi.WifiScanningService
12-14 13:25:57.193  2101  2101 I WifiScanningService: Creating wifiscanner
12-14 13:25:57.193  2101  2101 I WifiScanningService: Starting wifiscanner
12-14 13:25:57.194  2101  2101 I SystemServiceManager: Starting com.android.server.wifi.RttService
12-14 13:25:57.194  2101  2101 I RttService: Creating rttmanager
12-14 13:25:57.194  2101  2101 I RttService: Starting rttmanager
12-14 13:25:57.194  2101  2101 I SystemServiceManager: Starting com.android.server.ethernet.EthernetService
12-14 13:25:57.195  2101  2101 I EthernetServiceImpl: Creating EthernetConfigStore
12-14 13:25:57.196  2101  2101 E IpConfigStore: Error parsing configuration: java.io.FileNotFoundException: /data/misc/ethernet/ipconfig.txt: open failed: ENOENT (No such file or directory)
12-14 13:25:57.196  2101  2101 W EthernetConfigStore: No Ethernet configuration found. Using default.
12-14 13:25:57.196  2101  2101 I EthernetServiceImpl: Read stored IP configuration: IP assignment: DHCP
12-14 13:25:57.196  2101  2101 I EthernetServiceImpl: Proxy settings: NONE
12-14 13:25:57.196  2101  2101 I EthernetService: Registering service ethernet
12-14 13:25:57.196  2101  2101 I SystemServer: Connectivity Service
12-14 13:25:57.197  2101  2101 D ConnectivityService: ConnectivityService starting up
12-14 13:25:57.198  2101  2101 D ConnectivityService: wifiOnly=false
12-14 13:25:57.198  2101  2101 E ConnectivityService: Ignoring protectedNetwork 14
12-14 13:25:57.198  2101  2101 E ConnectivityService: Ignoring protectedNetwork 15
12-14 13:25:57.201  2101  2101 I SystemServer: Network Service Discovery Service
12-14 13:25:57.202  2101  2101 D NsdService: Network service discovery enabled true
12-14 13:25:57.203  2101  2101 I SystemServer: UpdateLock Service
12-14 13:25:57.213  2101  2101 I SystemServiceManager: Starting com.android.server.notification.NotificationManagerService
12-14 13:25:57.219  2101  2101 D ZenLog  : set_zen_mode: off,setting
12-14 13:25:57.219  2101  2101 I SystemServiceManager: Starting com.android.server.storage.DeviceStorageMonitorService
12-14 13:25:57.220  2101  2101 I SystemServer: Location Manager
12-14 13:25:57.221  2101  2101 I SystemServer: Country Detector
12-14 13:25:57.222  2101  2101 I SystemServer: Search Service
12-14 13:25:57.222  2101  2101 I SystemServer: DropBox Service
12-14 13:25:57.222  2101  2101 I SystemServer: Wallpaper Service
12-14 13:25:57.223  2101  2101 I SystemServer: Audio Service
12-14 13:25:57.226  2101  2101 W TelecomManager: Telecom Service not found.
12-14 13:25:57.226  1844  2176 D BlueZ   : external/bluetooth/bluez/android/hal-audio.c:audio_set_mic_mute() 
12-14 13:25:57.229  2101  2101 I SystemServiceManager: Starting com.android.server.DockObserver
12-14 13:25:57.229  2101  2101 W DockObserver: This kernel does not have dock station support
12-14 13:25:57.229  2101  2101 I SystemServer: Wired Accessory Manager
12-14 13:25:57.230  2101  2101 W WiredAccessoryManager: This kernel does not have usb audio support
12-14 13:25:57.230  2101  2101 W WiredAccessoryManager: This kernel does not have HDMI audio support
12-14 13:25:57.230  2101  2101 I SystemServiceManager: Starting com.android.server.usb.UsbService$Lifecycle
12-14 13:25:57.231  2101  2101 I SystemServer: Serial Service
12-14 13:25:57.231  2101  2101 I SystemServiceManager: Starting com.android.server.twilight.TwilightService
12-14 13:25:57.232  2101  2101 I SystemServiceManager: Starting com.android.server.UiModeManagerService
12-14 13:25:57.233  2101  2101 I SystemServiceManager: Starting com.android.server.job.JobSchedulerService
12-14 13:25:57.234  2101  2101 I SystemServiceManager: Starting com.android.server.backup.BackupManagerService$Lifecycle
12-14 13:25:57.234  2101  2101 I SystemServiceManager: Starting com.android.server.appwidget.AppWidgetService
12-14 13:25:57.235  2101  2101 I SystemServiceManager: Starting com.android.server.voiceinteraction.VoiceInteractionManagerService
12-14 13:25:57.236  2101  2101 W SoundTriggerHelper: listModules status=0, # of modules=0
12-14 13:25:57.236  2101  2101 I SystemServer: DiskStats Service
12-14 13:25:57.236  2101  2101 I SystemServer: SamplingProfiler Service
12-14 13:25:57.237  2101  2101 I SystemServer: NetworkTimeUpdateService
12-14 13:25:57.237  2101  2101 I SystemServer: CommonTimeManagementService
12-14 13:25:57.238  2101  2101 I SystemServer: CertBlacklister
12-14 13:25:57.238  2101  2101 I SystemServiceManager: Starting com.android.server.dreams.DreamManagerService
12-14 13:25:57.239  2101  2101 I SystemServer: Assets Atlas Service
12-14 13:25:57.239  2101  2101 I SystemServiceManager: Starting com.android.server.print.PrintManagerService
12-14 13:25:57.240  2101  2178 D AssetAtlas: Loaded configuration: SliceMinArea (768x768) flags=0x2 count=446
12-14 13:25:57.240  2101  2101 I SystemServiceManager: Starting com.android.server.restrictions.RestrictionsManagerService
12-14 13:25:57.240  2101  2101 I SystemServiceManager: Starting com.android.server.media.MediaSessionService
12-14 13:25:57.242  2101  2101 I SystemServer: Media Router Service
12-14 13:25:57.242  2101  2101 I SystemServiceManager: Starting com.android.server.trust.TrustManagerService
12-14 13:25:57.242  2101  2101 I SystemServiceManager: Starting com.android.server.fingerprint.FingerprintService
12-14 13:25:57.242  2101  2101 V Fingerprint-JNI: nativeInit()
12-14 13:25:57.242  2101  2101 V Fingerprint-JNI: nativeOpenHal()
12-14 13:25:57.242  2101  2101 E Fingerprint-JNI: Can't open fingerprint HW Module, error: -2
12-14 13:25:57.242  2101  2101 I SystemServer: BackgroundDexOptService
12-14 13:25:57.243  2101  2101 I SystemServiceManager: Starting com.android.server.pm.LauncherAppsService
12-14 13:25:57.243  2101  2101 I SystemServiceManager: Starting com.android.server.media.projection.MediaProjectionManagerService
12-14 13:25:57.245  2101  2101 I WindowManager: SAFE MODE not enabled
12-14 13:25:57.245  2101  2178 D AssetAtlas: Rendered atlas in 3.80ms (1.37+2.42ms)
12-14 13:25:57.245  2101  2101 I SystemServiceManager: Starting com.android.server.MmsServiceBroker
12-14 13:25:57.247  2101  2101 E SQLiteLog: (283) recovered 16 frames from WAL file /data/system/locksettings.db-wal
12-14 13:25:57.250  2101  2101 E LockSettingsStorage: Cannot read file java.io.FileNotFoundException: /data/system/password.key: open failed: ENOENT (No such file or directory)
12-14 13:25:57.250  2101  2101 E LockSettingsStorage: Cannot read file java.io.FileNotFoundException: /data/system/gesture.key: open failed: ENOENT (No such file or directory)
12-14 13:25:57.250  2101  2101 I SystemServiceManager: Starting phase 480
12-14 13:25:57.253  2101  2101 I SystemServiceManager: Starting phase 500
12-14 13:25:57.253  2101  2101 I WifiService: WifiService starting up with Wi-Fi enabled
12-14 13:25:57.254  2101  2101 D WifiService: setWifiEnabled: true pid=2101, uid=1000
12-14 13:25:57.254  2101  2101 E WifiService: Invoking mWifiStateMachine.setWifiEnabled
12-14 13:25:57.254  2101  2170 D WifiController: WifiController msg { when=0 what=155656 target=com.android.internal.util.StateMachine$SmHandler } deferred for 500ms
12-14 13:25:57.255  2101  2170 D WifiService: New client listening to asynchronous messages
12-14 13:25:57.255  2101  2101 I WifiScanningService: Registering wifiscanner
12-14 13:25:57.256  2101  2101 D WifiScanningService: New client, channel: null messenger: null
12-14 13:25:57.256  2101  2101 I RttService: Registering rttmanager
12-14 13:25:57.256  2101  2181 D WifiChangeStateMachine: Entering IdleState
12-14 13:25:57.256  2101  2181 D WifiScanningService: DefaultState
12-14 13:25:57.257  2101  2101 I EthernetServiceImpl: Starting Ethernet service
12-14 13:25:57.257  2101  2101 D Ethernet: Registering NetworkFactory
12-14 13:25:57.257  2101  2171 D ConnectivityService: Got NetworkFactory Messenger for Ethernet
12-14 13:25:57.258  2101  2183 D Ethernet: got request NetworkRequest [ id=1, legacyType=-1, [ Capabilities: INTERNET&NOT_RESTRICTED&TRUSTED&NOT_VPN] ] with score 0
12-14 13:25:57.258  2101  2101 D EthernetNetworkFactory: Started tracking interface eth0
12-14 13:25:57.258  1838  2087 D CommandListener: Setting iface cfg
12-14 13:25:57.258  1838  2087 D CommandListener: Trying to bring up eth0
12-14 13:25:57.460  2101  2169 E WifiStateMachine: Failed to reload STA firmware java.lang.IllegalArgumentException: command '4 softap fwreload wlan0 STA' failed with '501 4 SoftAP command has failed'
12-14 13:25:57.460  1838  2087 D CommandListener: Setting iface cfg
12-14 13:25:57.460  1838  2087 D CommandListener: Trying to bring down wlan0
12-14 13:25:57.460  1838  2087 D CommandListener: Clearing all IP addresses on wlan0
12-14 13:25:57.462  2101  2101 I ActivityManager: Config changes=200 {1.0 ?mcc?mnc zh_CN ?layoutDir sw720dp w1280dp h646dp 240dpi lrg long land -touch qwerty/v/v -nav/h s.5}
12-14 13:25:57.462  2101  2169 E WifiMonitor: killSupplicant p2pfalse init.svc.wpa_supplicant=unknown init.svc.p2p_supplicant=unknown
12-14 13:25:57.464  2101  2101 V BackupManagerService: No ancestral data
12-14 13:25:57.465  2101  2101 D BackupManagerService: Now staging backup of com.android.browser
12-14 13:25:57.467  2101  2101 D BackupManagerService: Now staging backup of com.android.vending
12-14 13:25:57.469  2101  2101 D BackupManagerService: Now staging backup of android
12-14 13:25:57.470  2101  2101 D BackupManagerService: Now staging backup of com.google.android.gm
12-14 13:25:57.471  2101  2101 D BackupManagerService: Now staging backup of com.android.calendar
12-14 13:25:57.473  2101  2101 D BackupManagerService: Now staging backup of com.android.providers.settings
12-14 13:25:57.474  2101  2101 D BackupManagerService: Now staging backup of com.android.sharedstoragebackup
12-14 13:25:57.476  2101  2101 D BackupManagerService: Now staging backup of com.android.dialer
12-14 13:25:57.477  2101  2101 D BackupManagerService: Now staging backup of com.android.providers.userdictionary
12-14 13:25:57.478  2101  2101 V BackupManagerService: Starting with transport android/com.android.internal.backup.LocalTransport
12-14 13:25:57.478  2101  2101 V BackupManagerService: Found transports: 2
12-14 13:25:57.478  2101  2101 I BackupManagerService: Binding to transport host ComponentInfo{android/com.android.internal.backup.LocalTransportService}
12-14 13:25:57.479  2101  2101 I BackupManagerService: Binding to transport host ComponentInfo{com.google.android.gms/com.google.android.gms.backup.BackupTransportService}
12-14 13:25:57.479  2101  2101 I BackupManagerService: Found stale backup journal, scheduling
12-14 13:25:57.488  2101  2101 D TaskPersister: removeObsoleteFile: deleting file=17_task_thumbnail.png
12-14 13:25:57.488  2101  2101 D TaskPersister: removeObsoleteFile: deleting file=13_task_thumbnail.png
12-14 13:25:57.488  2101  2101 D TaskPersister: removeObsoleteFile: deleting file=14_task_thumbnail.png
12-14 13:25:57.489  2101  2101 I AppOps  : Pruning old package media/1013: new uid=-1
12-14 13:25:57.489  2101  2101 I ActivityManager: System now ready
12-14 13:25:57.489  2101  2101 I SystemServer: Making services ready
12-14 13:25:57.489  2101  2101 I SystemServiceManager: Starting phase 550
12-14 13:25:57.490  2101  2101 I SystemServer: WebViewFactory preparation
12-14 13:25:57.491  2101  2187 D UsbHostManager: Added device UsbDevice[mName=/dev/bus/usb/004/003,mVendorId=6000,mProductId=65280,mClass=0,mSubclass=0,mProtocol=0,mManufacturerName=null,mProductName=null,mSerialNumber=null,mConfigurations=[
12-14 13:25:57.491  2101  2187 D UsbHostManager: UsbConfiguration[mId=1,mName=null,mAttributes=160,mMaxPower=1,mInterfaces=[
12-14 13:25:57.491  2101  2187 D UsbHostManager: UsbInterface[mId=0,mAlternateSetting=0,mName=null,mClass=3,mSubclass=0,mProtocol=0,mEndpoints=[
12-14 13:25:57.491  2101  2187 D UsbHostManager: UsbEndpoint[mAddress=129,mAttributes=3,mMaxPacketSize=8,mInterval=10]]]]
12-14 13:25:57.492  2101  2187 W ContextImpl: Calling a method in the system process without a qualified user: android.app.ContextImpl.sendBroadcast:1327 com.android.server.usb.UsbSettingsManager.deviceAttached:741 com.android.server.usb.UsbHostManager.endUsbDeviceAdded:224 com.android.server.usb.UsbHostManager.monitorUsbHostBus:-2 com.android.server.usb.UsbHostManager.access$000:42 
12-14 13:25:57.500  2101  2101 I Zygote  : Process: zygote socket opened, supported ABIS: x86_64,arm64-v8a
12-14 13:25:57.510  2101  2101 I Zygote  : Process: zygote socket opened, supported ABIS: x86,armeabi-v7a,armeabi
12-14 13:25:57.534  2101  2101 I ActivityManager: Start proc 2189:WebViewLoader-x86/1037 [android.webkit.WebViewFactory$RelroFileCreator] for 
12-14 13:25:57.538  2189  2189 V WebViewFactory: RelroFileCreator (64bit = false),  32-bit lib: /system/app/webview/lib/x86/libwebviewchromium.so, 64-bit lib: /system/app/webview/lib/x86_64/libwebviewchromium.so
12-14 13:25:57.550  2101  2101 I ActivityManager: Start proc 2211:WebViewLoader-x86_64/1037 [android.webkit.WebViewFactory$RelroFileCreator] for 
12-14 13:25:57.552  2211  2211 V WebViewFactory: RelroFileCreator (64bit = true),  32-bit lib: /system/app/webview/lib/x86/libwebviewchromium.so, 64-bit lib: /system/app/webview/lib/x86_64/libwebviewchromium.so
12-14 13:25:57.553  2189  2189 I art     : System.exit called, status: 0
12-14 13:25:57.553  2189  2189 I AndroidRuntime: VM exiting with result code 0, cleanup skipped.
12-14 13:25:57.566  2101  2101 I ActivityManager: Start proc 2235:com.android.systemui/u0a18 for service com.android.systemui/.SystemUIService
12-14 13:25:57.566  2101  2101 D NetworkManagementService: not enabling bandwidth control
12-14 13:25:57.567  2101  2146 E MountService: Boot-time mount failed (-1)
12-14 13:25:57.567  2101  2146 W MountService: Duplicate state transition (mounted -> mounted) for /storage/emulated/0
12-14 13:25:57.571  2235  2235 I ActivityThread: Switching default density from 160 to 240
12-14 13:25:57.576  2234  2234 I wpa_supplicant: Successfully initialized wpa_supplicant
12-14 13:25:57.578  2211  2211 I art     : System.exit called, status: 0
12-14 13:25:57.578  2211  2211 I AndroidRuntime: VM exiting with result code 0, cleanup skipped.
12-14 13:25:57.579  2101  2101 W NetworkStats: bandwidth controls disabled, unable to track stats
12-14 13:25:57.579  2101  2101 W NetworkPolicy: bandwidth controls disabled, unable to enforce policy
12-14 13:25:57.582  2235  2235 V SystemUIService: Starting SystemUI services.
12-14 13:25:57.582  2234  2234 I wpa_supplicant: rfkill: Cannot open RFKILL control device
12-14 13:25:57.584  2101  2101 D PermissionMonitor: Monitoring
12-14 13:25:57.584  2101  2101 D PermissionMonitor: Users: 1, Apps: 66
12-14 13:25:57.585  2101  2101 I SystemServiceManager: Starting phase 600
12-14 13:25:57.585  2101  2130 D BluetoothManagerService: Message: 20
12-14 13:25:57.585  2101  2130 D BluetoothManagerService: Added callback: android.bluetooth.BluetoothAdapter$1@2c9c8a4:true
12-14 13:25:57.586  2101  2101 I BackupManagerService: Backup enabled => false
12-14 13:25:57.586  2101  2130 D BluetoothManagerService: Message: 30
12-14 13:25:57.586  2101  2175 D BluetoothManagerService: Trying to bind to profile: 1, while Bluetooth was disabled
12-14 13:25:57.586  2101  2101 I BackupManagerService: Opting out of backup
12-14 13:25:57.586  2101  2130 D BluetoothManagerService: Message: 30
12-14 13:25:57.587  2101  2122 V FingerprintService: startListening(android.service.fingerprint.IFingerprintServiceReceiver$Stub$Proxy@3185bc0f)
12-14 13:25:57.587  2101  2101 E InputMethodManagerService: Ignoring setImeWindowStatus due to an invalid token. uid:1000 token:null
12-14 13:25:57.593  1844  2279 E WVMExtractor: Failed to open libwvm.so: dlopen failed: library "libwvm.so" not found
12-14 13:25:57.594  1844  2176 D NuPlayerDriver: start(0xf584edc0)
12-14 13:25:57.594  1844  2278 I GenericSource: start
12-14 13:25:57.595  2101  2187 D UsbHostManager: Added device UsbDevice[mName=/dev/bus/usb/003/003,mVendorId=22918,mProductId=1372,mClass=239,mSubclass=2,mProtocol=1,mManufacturerName=Generic,mProductName=BisonCam, NB Pro,mSerialNumber=200901010001,mConfigurations=[
12-14 13:25:57.595  2101  2187 D UsbHostManager: UsbConfiguration[mId=1,mName=USB Camera,mAttributes=128,mMaxPower=250,mInterfaces=[
12-14 13:25:57.595  2101  2187 D UsbHostManager: UsbInterface[mId=0,mAlternateSetting=0,mName=BisonCam, NB Pro,mClass=14,mSubclass=1,mProtocol=0,mEndpoints=[
12-14 13:25:57.595  2101  2187 D UsbHostManager: UsbEndpoint[mAddress=131,mAttributes=3,mMaxPacketSize=16,mInterval=6]]
12-14 13:25:57.595  2101  2187 D UsbHostManager: UsbInterface[mId=1,mAlternateSetting=0,mName=null,mClass=14,mSubclass=2,mProtocol=0,mEndpoints=[]
12-14 13:25:57.595  2101  2187 D UsbHostManager: UsbInterface[mId=1,mAlternateSetting=1,mName=null,mClass=14,mSubclass=2,mProtocol=0,mEndpoints=[
12-14 13:25:57.595  2101  2187 D UsbHostManager: UsbEndpoint[mAddress=129,mAttributes=5,mMaxPacketSize=128,mInterval=1]]
12-14 13:25:57.595  2101  2187 D UsbHostManager: UsbInterface[mId=1,mAlternateSetting=2,mName=null,mClass=14,mSubclass=2,mProtocol=0,mEndpoints=[
12-14 13:25:57.595  2101  2187 D UsbHostManager: UsbEndpoint[mAddress=129,mAttributes=5,mMaxPacketSize=512,mInterval=1]]
12-14 13:25:57.595  2101  2187 D UsbHostManager: UsbInterface[mId=1,mAlternateSetting=3,mName=null,mClass=14,mSubclass=2,mProtocol=0,mEndpoints=[
12-14 13:25:57.595  2101  2187 D UsbHostManager: UsbEndpoint[mAddress=129,mAttributes=5,mMaxPacketSize=1024,mInterval=1]]
12-14 13:25:57.595  2101  2187 D UsbHostManager: UsbInterface[mId=1,mAlternateSetting=4,mName=null,mClass=14,mSubclass=2,mProtocol=0,mEndpoints=[
12-14 13:25:57.595  2101  2187 D UsbHostManager: UsbEndpoint[mAddress=129,mAttributes=5,mMaxPacketSize=2816,mInterval=1]]
12-14 13:25:57.595  2101  2187 D UsbHostManager: UsbInterface[mId=1,mAlternateSetting=5,mName=null,mClass=14,mSubclass=2,mProtocol=0,mEndpoints=[
12-14 13:25:57.595  2101  2187 D UsbHostManager: UsbEndpoint[mAddress=129,mAttributes=5,mMaxPacketSize=3072,mInterval=1]]
12-14 13:25:57.595  2101  2187 D UsbHostManager: UsbInterface[mId=1,mAlternateSetting=6,mName=null,mClass=14,mSubclass=2,mProtocol=0,mEndpoints=[
12-14 13:25:57.595  2101  2187 D UsbHostManager: UsbEndpoint[mAddress=129,mAttributes=5,mMaxPacketSize=4992,mInterval=1]]
12-14 13:25:57.595  2101  2187 D UsbHostManager: UsbInterface[mId=1,mAlternateSetting=7,mName=null,mClass=14,mSubclass=2,mProtocol=0,mEndpoints=[
12-14 13:25:57.595  2101  2187 D UsbHostManager: UsbEndpoint[mAddress=129,mAttributes=5,mMaxPacketSize=5120,mInterval=1]]]]
12-14 13:25:57.596  2101  2187 W ContextImpl: Calling a method in the system process without a qualified user: android.app.ContextImpl.sendBroadcast:1327 com.android.server.usb.UsbSettingsManager.deviceAttached:741 com.android.server.usb.UsbHostManager.endUsbDeviceAdded:224 com.android.server.usb.UsbHostManager.monitorUsbHostBus:-2 com.android.server.usb.UsbHostManager.access$000:42 
12-14 13:25:57.596  1844  1844 D NuPlayerDriver: start(0xf584eca0)
12-14 13:25:57.596  1844  2277 I GenericSource: start
12-14 13:25:57.603  2101  2101 I ActivityManager: Start proc 2307:com.android.inputmethod.latin/u0a43 for service com.android.inputmethod.latin/.LatinIME
12-14 13:25:57.603  2101  2101 V InputMethodManagerService: Adding window token: android.os.Binder@281f1e07
12-14 13:25:57.603  2101  2187 D UsbHostManager: Added device UsbDevice[mName=/dev/bus/usb/003/004,mVendorId=32903,mProductId=2012,mClass=224,mSubclass=1,mProtocol=1,mManufacturerName=null,mProductName=null,mSerialNumber=null,mConfigurations=[
12-14 13:25:57.603  2101  2187 D UsbHostManager: UsbConfiguration[mId=1,mName=null,mAttributes=224,mMaxPower=50,mInterfaces=[
12-14 13:25:57.603  2101  2187 D UsbHostManager: UsbInterface[mId=0,mAlternateSetting=0,mName=null,mClass=224,mSubclass=1,mProtocol=1,mEndpoints=[
12-14 13:25:57.603  2101  2187 D UsbHostManager: UsbEndpoint[mAddress=129,mAttributes=3,mMaxPacketSize=64,mInterval=1]
12-14 13:25:57.603  2101  2187 D UsbHostManager: UsbEndpoint[mAddress=2,mAttributes=2,mMaxPacketSize=64,mInterval=1]
12-14 13:25:57.603  2101  2187 D UsbHostManager: UsbEndpoint[mAddress=130,mAttributes=2,mMaxPacketSize=64,mInterval=1]]
12-14 13:25:57.603  2101  2187 D UsbHostManager: UsbInterface[mId=1,mAlternateSetting=0,mName=null,mClass=224,mSubclass=1,mProtocol=1,mEndpoints=[
12-14 13:25:57.603  2101  2187 D UsbHostManager: UsbEndpoint[mAddress=3,mAttributes=1,mMaxPacketSize=0,mInterval=1]
12-14 13:25:57.603  2101  2187 D UsbHostManager: UsbEndpoint[mAddress=131,mAttributes=1,mMaxPacketSize=0,mInterval=1]]
12-14 13:25:57.603  2101  2187 D UsbHostManager: UsbInterface[mId=1,mAlternateSetting=1,mName=null,mClass=224,mSubclass=1,mProtocol=1,mEndpoints=[
12-14 13:25:57.603  2101  2187 D UsbHostManager: UsbEndpoint[mAddress=3,mAttributes=1,mMaxPacketSize=9,mInterval=1]
12-14 13:25:57.603  2101  2187 D UsbHostManager: UsbEndpoint[mAddress=131,mAttributes=1,mMaxPacketSize=9,mInterval=1]]
12-14 13:25:57.603  2101  2187 D UsbHostManager: UsbInterface[mId=1,mAlternateSetting=2,mName=null,mClass=224,mSubclass=1,mProtocol=1,mEndpoints=[
12-14 13:25:57.603  2101  2187 D UsbHostManager: UsbEndpoint[mAddress=3,mAttributes=1,mMaxPacketSize=17,mInterval=1]
12-14 13:25:57.603  2101  2187 D UsbHostManager: UsbEndpoint[mAddress=131,mAttributes=1,mMaxPacketSize=17,mInterval=1]]
12-14 13:25:57.603  2101  2187 D UsbHostManager: UsbInterface[mId=1,mAlternateSetting=3,mName=null,mClass=224,mSubclass=1,mProtocol=1,mEndpoints=[
12-14 13:25:57.603  2101  2187 D UsbHostManager: UsbEndpoint[mAddress=3,mAttributes=1,mMaxPacketSize=25,mInterval=1]
12-14 13:25:57.603  2101  2187 D UsbHostManager: UsbEndpoint[mAddress=131,mAttributes=1,mMaxPacketSize=25,mInterval=1]]
12-14 13:25:57.603  2101  2187 D UsbHostManager: UsbInterface[mId=1,mAlternateSetting=4,mName=null,mClass=224,mSubclass=1,mProtocol=1,mEndpoints=[
12-14 13:25:57.603  2101  2187 D UsbHostManager: UsbEndpoint[mAddress=3,mAttributes=1,mMaxPacketSize=33,mInterval=1]
12-14 13:25:57.603  2101  2187 D UsbHostManager: UsbEndpoint[mAddress=131,mAttributes=1,mMaxPacketSize=33,mInterval=1]]
12-14 13:25:57.603  2101  2187 D UsbHostManager: UsbInterface[mId=1,mAlternateSetting=5,mName=null,mClass=224,mSubclass=1,mProtocol=1,mEndpoints=[
12-14 13:25:57.603  2101  2187 D UsbHostManager: UsbEndpoint[mAddress=3,mAttributes=1,mMaxPacketSize=49,mInterval=1]
12-14 13:25:57.603  2101  2187 D UsbHostManager: UsbEndpoint[mAddress=131,mAttributes=1,mMaxPacketSize=49,mInterval=1]]]]
12-14 13:25:57.603  2101  2187 W ContextImpl: Calling a method in the system process without a qualified user: android.app.ContextImpl.sendBroadcast:1327 com.android.server.usb.UsbSettingsManager.deviceAttached:741 com.android.server.usb.UsbHostManager.endUsbDeviceAdded:224 com.android.server.usb.UsbHostManager.monitorUsbHostBus:-2 com.android.server.usb.UsbHostManager.access$000:42 
12-14 13:25:57.604  2101  2187 D UsbHostManager: Added device UsbDevice[mName=/dev/bus/usb/001/003,mVendorId=3034,mProductId=297,mClass=255,mSubclass=255,mProtocol=255,mManufacturerName=Generic,mProductName=USB2.0-CRW,mSerialNumber=20100201396000000,mConfigurations=[
12-14 13:25:57.604  2101  2187 D UsbHostManager: UsbConfiguration[mId=1,mName=CARD READER,mAttributes=160,mMaxPower=250,mInterfaces=[
12-14 13:25:57.604  2101  2187 D UsbHostManager: UsbInterface[mId=0,mAlternateSetting=0,mName=Bulk-In, Bulk-Out, Interface,mClass=255,mSubclass=6,mProtocol=80,mEndpoints=[
12-14 13:25:57.604  2101  2187 D UsbHostManager: UsbEndpoint[mAddress=1,mAttributes=2,mMaxPacketSize=512,mInterval=0]
12-14 13:25:57.604  2101  2187 D UsbHostManager: UsbEndpoint[mAddress=130,mAttributes=2,mMaxPacketSize=512,mInterval=0]
12-14 13:25:57.604  2101  2187 D UsbHostManager: UsbEndpoint[mAddress=131,mAttributes=3,mMaxPacketSize=3,mInterval=10]]]]
12-14 13:25:57.604  2101  2187 W ContextImpl: Calling a method in the system process without a qualified user: android.app.ContextImpl.sendBroadcast:1327 com.android.server.usb.UsbSettingsManager.deviceAttached:741 com.android.server.usb.UsbHostManager.endUsbDeviceAdded:224 com.android.server.usb.UsbHostManager.monitorUsbHostBus:-2 com.android.server.usb.UsbHostManager.access$000:42 
12-14 13:25:57.604  2101  2101 D gps_serial: GPS dev open_gps
12-14 13:25:57.604  2101  2101 D gps_serial: GPS dev get_hardware_interface
12-14 13:25:57.605  2101  2101 D GpsLocationProvider: Reset GPS properties, previous size = 0
12-14 13:25:57.605  2101  2101 D GpsLocationProvider: GpsParamsResource: SUPL_HOST=supl.google.com
12-14 13:25:57.605  2101  2101 D GpsLocationProvider: GpsParamsResource: SUPL_PORT=7275
12-14 13:25:57.605  2101  2101 D GpsLocationProvider: GpsParamsResource: NTP_SERVER=north-america.pool.ntp.org
12-14 13:25:57.605  2101  2101 D GpsLocationProvider: GpsParamsResource: SUPL_VER=0x20000
12-14 13:25:57.605  2101  2101 D GpsLocationProvider: GpsParamsResource: SUPL_MODE=1
12-14 13:25:57.605  2101  2101 D GpsLocationProvider: GPS properties reloaded, size = 8
12-14 13:25:57.605  2101  2101 E GpsLocationProvider: no AGPS interface in set_agps_server
12-14 13:25:57.606  2101  2101 E GpsLocationProvider: no GPS configuration interface in configuraiton_update
12-14 13:25:57.606  2101  2101 D GpsLocationProvider: final config = #Mon Dec 14 13:25:57 GMT+08:00 2015
12-14 13:25:57.606  2101  2101 D GpsLocationProvider: SUPL_VER=0x20000
12-14 13:25:57.606  2101  2101 D GpsLocationProvider: SUPL_HOST=supl.google.com
12-14 13:25:57.606  2101  2101 D GpsLocationProvider: XTRA_SERVER_3=http\://xtra3.gpsonextra.net/xtra.bin
12-14 13:25:57.606  2101  2101 D GpsLocationProvider: XTRA_SERVER_1=http\://xtra1.gpsonextra.net/xtra.bin
12-14 13:25:57.606  2101  2101 D GpsLocationProvider: SUPL_PORT=7275
12-14 13:25:57.606  2101  2101 D GpsLocationProvider: XTRA_SERVER_2=http\://xtra2.gpsonextra.net/xtra.bin
12-14 13:25:57.606  2101  2101 D GpsLocationProvider: NTP_SERVER=north-america.pool.ntp.org
12-14 13:25:57.606  2101  2101 D GpsLocationProvider: SUPL_MODE=1
12-14 13:25:57.606  2307  2307 I ActivityThread: Switching default density from 160 to 240
12-14 13:25:57.608  2101  2101 E FlpHardwareProvider: Error hw_get_module 'flp': -2
12-14 13:25:57.608  2101  2101 E LocationManagerService: FLP HAL not supported
12-14 13:25:57.608  1844  2283 W OMXNodeInstance: [e:google.mpeg4.decoder] component does not support metadata mode; using fallback
12-14 13:25:57.608  2101  2101 E ActivityRecognitionHardware: Error hw_get_module: -2
12-14 13:25:57.608  2101  2101 E LocationManagerService: Hardware Activity-Recognition not supported.
12-14 13:25:57.608  1844  2283 W OMXNodeInstance: [f:google.h263.decoder] component does not support metadata mode; using fallback
12-14 13:25:57.609  2101  2125 D gps_serial: serial_gps_init
12-14 13:25:57.609  2101  2125 D gps_serial: gps_state_init
12-14 13:25:57.609  2101  2125 D gps_serial: no kernel-provided gps device name
12-14 13:25:57.609  2101  2125 W GpsLocationProvider: Failed to enable location provider
12-14 13:25:57.610  1844  2283 W OMXNodeInstance: [10:google.h264.decoder] component does not support metadata mode; using fallback
12-14 13:25:57.613  1844  2283 D SoftHEVC: Number of CPU cores: 8
12-14 13:25:57.613  1844  2283 D SoftHEVC: Initializing decoder
12-14 13:25:57.613  1844  2283 D SoftHEVC: Set number of cores to 4
12-14 13:25:57.613  1844  2283 D SoftHEVC: Ittiam decoder version number: @(#)Id:HEVCDEC_production Ver:04.01 Released by ITTIAM Build: Oct  6 2015 @ 23:17:19
12-14 13:25:57.613  1844  2283 W OMXNodeInstance: [11:google.hevc.decoder] component does not support metadata mode; using fallback
12-14 13:25:57.613  1844  2283 D SoftHEVC: Freeing codec memory
12-14 13:25:57.613  1844  2283 D SoftHEVC: Number of CPU cores: 8
12-14 13:25:57.613  1844  2283 D SoftHEVC: Initializing decoder
12-14 13:25:57.613  1844  2283 D SoftHEVC: Set number of cores to 4
12-14 13:25:57.613  1844  2283 D SoftHEVC: Ittiam decoder version number: @(#)Id:HEVCDEC_production Ver:04.01 Released by ITTIAM Build: Oct  6 2015 @ 23:17:19
12-14 13:25:57.613  1844  2283 D SoftHEVC: In SoftHEVC::~SoftHEVC
12-14 13:25:57.613  1844  2283 D SoftHEVC: Freeing codec memory
12-14 13:25:57.615  1844  2283 W OMXNodeInstance: [12:google.vp8.decoder] component does not support metadata mode; using fallback
12-14 13:25:57.615  1844  2283 W OMXNodeInstance: [13:google.vp9.decoder] component does not support metadata mode; using fallback
12-14 13:25:57.616  1844  2283 I SoftMPEG4Encoder: Construct SoftMPEG4Encoder
12-14 13:25:57.616  1844  2283 W ACodec  : do not know color format 0x7f000789 = 2130708361
12-14 13:25:57.618  1844  2283 I SoftAVCEncoder: Construct SoftAVCEncoder
12-14 13:25:57.618  1844  2283 W ACodec  : do not know color format 0x7f000789 = 2130708361
12-14 13:25:57.618  1844  2283 I SoftMPEG4Encoder: Construct SoftMPEG4Encoder
12-14 13:25:57.618  1844  2283 W ACodec  : do not know color format 0x7f000789 = 2130708361
12-14 13:25:57.620  1844  2283 W ACodec  : do not know color format 0x7f000789 = 2130708361
12-14 13:25:57.623  1844  1844 D NuPlayerDriver: reset(0xf584eca0)
12-14 13:25:57.623  1844  2277 D NuPlayerDriver: notifyResetComplete(0xf584eca0)
12-14 13:25:57.624  1844  2176 D NuPlayerDriver: reset(0xf584edc0)
12-14 13:25:57.624  2101  2126 I ActivityManager: Start proc 2363:com.google.android.gms.persistent/u0a7 for broadcast com.google.android.gms/com.google.android.location.internal.NlpNetworkProviderSettingsUpdateReceiver
12-14 13:25:57.625  2101  2101 I CommonTimeManagementService: No common time service detected on this platform.  Common time services will be unavailable.
12-14 13:25:57.625  1844  2278 D NuPlayerDriver: notifyResetComplete(0xf584edc0)
12-14 13:25:57.625  2101  2101 I MmsServiceBroker: Delay connecting to MmsService until an API is called
12-14 13:25:57.625  2101  2101 W VoiceInteractionManagerService: no available voice interaction services found for user 0
12-14 13:25:57.625  2101  2101 W VoiceInteractionManagerService: no available voice recognition services found for user 0
12-14 13:25:57.626  2101  2144 I InputReader: Reconfiguring input devices.  changes=0x00000020
12-14 13:25:57.627  2101  2144 I InputReader: Reconfiguring input devices.  changes=0x00000010
12-14 13:25:57.627  1844  2157 D NuPlayerDriver: start(0xf502f1c0)
12-14 13:25:57.627  1844  2376 I GenericSource: start
12-14 13:25:57.628  1844  1844 D NuPlayerDriver: start(0xf584eca0)
12-14 13:25:57.628  1844  2385 I GenericSource: start
12-14 13:25:57.630  1844  2157 D NuPlayerDriver: reset(0xf502f1c0)
12-14 13:25:57.630  1844  2376 D NuPlayerDriver: notifyResetComplete(0xf502f1c0)
12-14 13:25:57.634  2307  2307 I LatinIME: Hardware accelerated drawing: true
12-14 13:25:57.635  1844  1844 D NuPlayerDriver: reset(0xf584eca0)
12-14 13:25:57.635  2235  2235 W ResourceType: No package identifier when getting value for resource number 0x00000000
12-14 13:25:57.635  2235  2235 W PackageManager: Failure retrieving resources for cn.wps.moffice_eng: Resource ID #0x0
12-14 13:25:57.635  1844  2385 D NuPlayerDriver: notifyResetComplete(0xf584eca0)
12-14 13:25:57.636  2101  2101 I ActivityManager: Start proc 2403:com.android.phone/1001 for added application com.android.phone
12-14 13:25:57.636  2101  2101 I ActivityManager: START u0 {act=android.intent.action.MAIN cat=[android.intent.category.HOME] flg=0x10000000 cmp=com.android.launcher3/.Launcher} from uid 0 on display 0
12-14 13:25:57.636  1844  2176 D NuPlayerDriver: start(0xf584edc0)
12-14 13:25:57.636  1844  2400 I GenericSource: start
12-14 13:25:57.637  2101  2101 V WindowManager: addAppToken: AppWindowToken{320f238f token=Token{66bf2ee ActivityRecord{2f0cf869 u0 com.android.launcher3/.Launcher t17}}} to stack=0 task=17 at 0
12-14 13:25:57.640  1844  2157 D NuPlayerDriver: start(0xf502f1c0)
12-14 13:25:57.640  1844  2416 I GenericSource: start
12-14 13:25:57.640  1844  2176 D NuPlayerDriver: reset(0xf584edc0)
12-14 13:25:57.640  1844  2400 D NuPlayerDriver: notifyResetComplete(0xf584edc0)
12-14 13:25:57.642  1844  2157 D NuPlayerDriver: reset(0xf502f1c0)
12-14 13:25:57.642  1844  2416 D NuPlayerDriver: notifyResetComplete(0xf502f1c0)
12-14 13:25:57.644  1844  1844 D NuPlayerDriver: start(0xf584eca0)
12-14 13:25:57.644  1844  2437 I GenericSource: start
12-14 13:25:57.647  1844  1844 D NuPlayerDriver: reset(0xf584eca0)
12-14 13:25:57.648  1844  2437 D NuPlayerDriver: notifyResetComplete(0xf584eca0)
12-14 13:25:57.652  1844  2176 D NuPlayerDriver: start(0xf584edc0)
12-14 13:25:57.652  1844  2446 I GenericSource: start
12-14 13:25:57.652  2101  2101 I ActivityManager: Start proc 2448:com.android.launcher3/u0a44 for activity com.android.launcher3/.Launcher
12-14 13:25:57.655  1844  2176 D NuPlayerDriver: reset(0xf584edc0)
12-14 13:25:57.655  1844  2446 D NuPlayerDriver: notifyResetComplete(0xf584edc0)
12-14 13:25:57.660  1844  2157 D NuPlayerDriver: start(0xf502f1c0)
12-14 13:25:57.660  1844  2475 I GenericSource: start
12-14 13:25:57.662  1844  2157 D NuPlayerDriver: reset(0xf502f1c0)
12-14 13:25:57.663  1844  2475 D NuPlayerDriver: notifyResetComplete(0xf502f1c0)
12-14 13:25:57.668  2101  2125 I ActivityManager: Start proc 2482:com.android.printspooler/u0a53 for service com.android.printspooler/.model.PrintSpoolerService
12-14 13:25:57.669  2363  2363 I ActivityThread: Switching default density from 160 to 240
12-14 13:25:57.670  2363  2363 W ResourcesManager: Asset path '/system/framework/com.android.media.remotedisplay.jar' does not exist or contains no resources.
12-14 13:25:57.670  2363  2363 W ResourcesManager: Asset path '/system/framework/com.android.location.provider.jar' does not exist or contains no resources.
12-14 13:25:57.670  2101  2169 D WifiMonitor: startMonitoring(wlan0) with mConnected = false
12-14 13:25:57.670  2101  2101 I ActivityThread: Switching default density from 160 to 240
12-14 13:25:57.670  2307  2307 W InputAttributes: No editor info for this field. Bug?
12-14 13:25:57.670  2101  2101 V ActivityManager: Display changed displayId=0
12-14 13:25:57.670  2101  2101 V ActivityManager: Display changed displayId=0
12-14 13:25:57.670  2403  2403 I ActivityThread: Switching default density from 160 to 240
12-14 13:25:57.671  2101  2169 D WifiConfigStore: Loading config and enabling all networks 
12-14 13:25:57.671  2101  2101 D WifiScanningService: SCAN_AVAILABLE : 1
12-14 13:25:57.671  2101  2101 D RttService: SCAN_AVAILABLE : 1
12-14 13:25:57.671  2101  2181 D WifiScanningService: DefaultState got{ when=0 what=160007 target=com.android.internal.util.StateMachine$SmHandler }
12-14 13:25:57.671  2101  2182 D RttService: DefaultState got{ when=0 what=160513 target=com.android.internal.util.StateMachine$SmHandler }
12-14 13:25:57.672  2101  2169 E WifiConfigStore: Error parsing configuration: java.io.FileNotFoundException: /data/misc/wifi/ipconfig.txt: open failed: ENOENT (No such file or directory)
12-14 13:25:57.674  2101  2169 D WifiNative-HAL: Setting external_sim to 1
12-14 13:25:57.674  2101  2169 D WifiStateMachine: Setting OUI to DA-A1-19
12-14 13:25:57.674  2101  2169 I WifiNative-HAL: startHal
12-14 13:25:57.674  2101  2169 E wifi    : getStaticLongField sWifiHalHandle 0x7f20d70fe430
12-14 13:25:57.674  2101  2169 D wifi    : halHandle = 0x0, mVM = 0x7f20ed07c300, mCls = 0x100d5a
12-14 13:25:57.674  2101  2169 I WifiNative-HAL: Could not start hal
12-14 13:25:57.675  2307  2506 I LatinIME:LogUtils: Dictionary info: dictionary = PersonalizationDictionary.en_US ; version = 1450070757 ; date = ?
12-14 13:25:57.675  2307  2505 I LatinIME:LogUtils: Dictionary info: dictionary = UserHistoryDictionary.en_US ; version = 1450070757 ; date = ?
12-14 13:25:57.675  2307  2508 I LatinIME:LogUtils: Dictionary info: dictionary = userunigram.en_US ; version = 1450070757 ; date = ?
12-14 13:25:57.675  2101  2169 I WifiNative-HAL: startHal
12-14 13:25:57.675  2101  2169 E WifiStateMachine: cancelDelayedScan -> 1
12-14 13:25:57.676  2448  2448 I ActivityThread: Switching default density from 160 to 240
12-14 13:25:57.676  2307  2509 I LatinIME:LogUtils: Dictionary info: dictionary = contacts.en_US ; version = 1450070757 ; date = ?
12-14 13:25:57.676  2307  2510 I LatinIME:LogUtils: Dictionary info: dictionary = ContextualDictionary.en_US ; version = 1450070757 ; date = ?
12-14 13:25:57.678  2235  2235 W ResourceType: No package identifier when getting value for resource number 0x00000000
12-14 13:25:57.678  2235  2235 W PackageManager: Failure retrieving resources for com.android.settings: Resource ID #0x0
12-14 13:25:57.679  2101  2101 I Telecom : TelecomGlobals: TelecomGlobals initializing
12-14 13:25:57.691  2101  2290 I ActivityManager: Start proc 2513:android.process.acore/u0a2 for content provider com.android.providers.userdictionary/.UserDictionaryProvider
12-14 13:25:57.691  2101  2101 D BluetoothManagerService: Trying to bind to profile: 1, while Bluetooth was disabled
12-14 13:25:57.691  2101  2130 D BluetoothManagerService: Message: 30
12-14 13:25:57.692  2101  2169 E native  : do suspend false
12-14 13:25:57.694  2101  2101 I Telecom : TelecomGlobals: CallsManager initialized
12-14 13:25:57.694  1850  1850 I art     : Explicit concurrent mark sweep GC freed 706(30KB) AllocSpace objects, 0(0B) LOS objects, 39% free, 1950KB/3MB, paused 34us total 3.841ms
