12-14 13:25:57.695  2482  2482 I ActivityThread: Switching default density from 160 to 240
12-14 13:25:57.695  2101  2101 W ContextImpl: Calling a method in the system process without a qualified user: android.app.ContextImpl.startService:1692 android.content.ContextWrapper.startService:516 com.android.server.telecom.BluetoothPhoneService.start:440 com.android.server.telecom.TelecomGlobals.initialize:93 com.android.server.telecom.TelecomService.onCreate:164 
12-14 13:25:57.695  2101  2101 D ZenLog  : downtime: Autotrigger skipped: not in downtime
12-14 13:25:57.695  2513  2513 I ActivityThread: Switching default density from 160 to 240
12-14 13:25:57.696  2101  2101 D GpsNetInitiatedHandler: location enabled :true
12-14 13:25:57.696  2101  2101 V WiredAccessoryManager: notifyWiredAccessoryChanged: when=0 bits= mask=54
12-14 13:25:57.696  2101  2101 V WiredAccessoryManager: newName=h2w newState=0 headsetState=0 prev headsetState=0
12-14 13:25:57.696  2101  2101 E WiredAccessoryManager: No state change.
12-14 13:25:57.696  2101  2101 V WiredAccessoryManager: init()
12-14 13:25:57.699  2235  2235 W ResourceType: No package identifier when getting value for resource number 0x00000000
12-14 13:25:57.699  2235  2235 W PackageManager: Failure retrieving resources for jackpal.androidterm: Resource ID #0x0
12-14 13:25:57.699  1850  1850 I art     : Explicit concurrent mark sweep GC freed 5(160B) AllocSpace objects, 0(0B) LOS objects, 39% free, 1950KB/3MB, paused 33us total 4.362ms
12-14 13:25:57.702  1850  1850 I art     : Explicit concurrent mark sweep GC freed 5(160B) AllocSpace objects, 0(0B) LOS objects, 39% free, 1950KB/3MB, paused 34us total 3.163ms
12-14 13:25:57.703  2101  2101 W ResourcesManager: Asset path '/system/framework/com.google.android.media.effects.jar' does not exist or contains no resources.
12-14 13:25:57.704  2482  2482 I PrintSpoolerService: No existing print spooler state.
12-14 13:25:57.711  2101  2130 D BluetoothManagerService: Message: 300
12-14 13:25:57.711  2101  2130 D BluetoothManagerService: MESSAGE_USER_SWITCHED
12-14 13:25:57.712  1830  2158 D PermissionCache: checking android.permission.HARDWARE_TEST for uid=1000 => granted (38 us)
12-14 13:25:57.712  1844  2176 D BlueZ   : external/bluetooth/bluez/android/hal-audio.c:audio_set_mic_mute() 
12-14 13:25:57.714  2101  2101 V BackupManagerService: Connected to transport ComponentInfo{android/com.android.internal.backup.LocalTransportService}
12-14 13:25:57.714  2101  2101 V BackupManagerService: Registering transport android/com.android.internal.backup.LocalTransportService::android/com.android.internal.backup.LocalTransport = android.app.backup.BackupTransport$TransportImpl@3d87eb36
12-14 13:25:57.715  2235  2235 W ResourceType: No package identifier when getting value for resource number 0x00000000
12-14 13:25:57.715  2235  2235 W PackageManager: Failure retrieving resources for com.android.settings: Resource ID #0x0
12-14 13:25:57.717  2101  2101 D WifiScanningService: SCAN_AVAILABLE : 3
12-14 13:25:57.717  2101  2101 D RttService: SCAN_AVAILABLE : 3
12-14 13:25:57.717  2101  2181 D WifiScanningService: DefaultState got{ when=0 what=160006 target=com.android.internal.util.StateMachine$SmHandler }
12-14 13:25:57.717  2101  2182 D RttService: DefaultState got{ when=0 what=160512 target=com.android.internal.util.StateMachine$SmHandler }
12-14 13:25:57.717  2101  2181 I WifiNative-HAL: startHal
12-14 13:25:57.718  2101  2181 E WifiScanningService: could not start HAL
12-14 13:25:57.718  2101  2101 D BluetoothManagerService: Trying to bind to profile: 1, while Bluetooth was disabled
12-14 13:25:57.718  2101  2130 D BluetoothManagerService: Message: 30
12-14 13:25:57.721  2448  2448 D Launcher.LauncherProvider: 11683562 - initializeMaxScreenId(): 4
12-14 13:25:57.721  2448  2448 V Launcher: LauncherAppState inited
12-14 13:25:57.721  2307  2506 I LatinIME:LogUtils: Dictionary info: dictionary = PersonalizationDictionary.en_US ; version = 1450070757 ; date = ?
12-14 13:25:57.722  2307  2506 I LatinIME:LogUtils: Dictionary info: dictionary = PersonalizationDictionary.en_US ; version = 1450070757 ; date = ?
12-14 13:25:57.724  2235  2235 W ResourceType: No package identifier when getting value for resource number 0x00000000
12-14 13:25:57.724  2235  2235 W PackageManager: Failure retrieving resources for com.android.quicksearchbox: Resource ID #0x0
12-14 13:25:57.724  2363  2363 I art     : Rejecting re-init on previously-failed class java.lang.Class<com.google.android.gms.common.h.c>
12-14 13:25:57.724  2363  2363 I art     : Rejecting re-init on previously-failed class java.lang.Class<com.google.android.gms.common.h.c>
12-14 13:25:57.731  2448  2448 D Launcher.Model: Old launcher provider: content://com.android.launcher2.settings/favorites?notify=true
12-14 13:25:57.731  2448  2448 D Launcher.Model: Old launcher provider does not exist.
12-14 13:25:57.733  2448  2448 W Launcher: setApplicationContext called twice! old=com.android.launcher3.LauncherApplication@302ecc38 new=com.android.launcher3.LauncherApplication@302ecc38
12-14 13:25:57.739  2235  2235 W ResourceType: No package identifier when getting value for resource number 0x00000000
12-14 13:25:57.739  2235  2235 W PackageManager: Failure retrieving resources for com.cyanogenmod.filemanager: Resource ID #0x0
12-14 13:25:57.744  2363  2363 I MultiDex: VM with version 2.1.0 has multidex support
12-14 13:25:57.744  2363  2363 I MultiDex: install
12-14 13:25:57.744  2363  2363 I MultiDex: VM has multidex support, MultiDex support library is disabled.
12-14 13:25:57.747  2448  2448 W ResourceType: Attempt to retrieve bag 0x7f0d0008 which is invalid or in a cycle.
12-14 13:25:57.759  2101  2170 D WifiController: DEFERRED_TOGGLE handled
12-14 13:25:57.759  2101  2169 D WifiConfigStore: Loading config and enabling all networks 
12-14 13:25:57.760  2101  2169 E WifiConfigStore: Error parsing configuration: java.io.FileNotFoundException: /data/misc/wifi/ipconfig.txt: open failed: ENOENT (No such file or directory)
12-14 13:25:57.766  2235  2235 D VolumeUI: Registering volume controller
12-14 13:25:57.766  2513  2538 I ContactLocale: AddressBook Labels [zh-CN]: [, A, B, C, D, E, F, G, H, I, J, K, L, M, N, O, P, Q, R, S, T, U, V, W, X, Y, Z, , , , , , , , , , , , , , , , , , , , , , , , , , , , , , , , , , , , , , , , , , , , , , , , , , , , , , , , , , , , , , , , , , , , , , , , , , , , , , , , , , , , , , , , , , , , , , , , , , , , , , , , , , , , , , , , , , , , , , , , , , , , , , , , , , , , , , , , , , , , , , , , , , , , , , , , , , , , , , , , , , , , , , , , , , , , , , , , , , , , , , , , , , , , #, ]
12-14 13:25:57.767  2448  2543 D Launcher.Model: 11683562 - loadWorkspace()
12-14 13:25:57.768  2448  2543 D Launcher.Model: 11683562 -   loadedOldDb: false
12-14 13:25:57.769  2448  2448 W Launcher: setApplicationContext called twice! old=com.android.launcher3.LauncherApplication@302ecc38 new=com.android.launcher3.LauncherApplication@302ecc38
12-14 13:25:57.770  2448  2555 D OpenGLRenderer: Use EGL_SWAP_BEHAVIOR_PRESERVED: true
12-14 13:25:57.771  2448  2448 I GRALLOC-DRM: create intel for driver i915
12-14 13:25:57.771  2448  2448 D Atlas   : Validating map...
12-14 13:25:57.772  2101  2445 V WindowManager: Based on layer: Adding window Window{18c74e73 u0 com.android.launcher3/com.android.launcher3.Launcher} at 0 of 2
12-14 13:25:57.774  2101  2121 I StatusBarManagerService: registerStatusBar bar=com.android.internal.statusbar.IStatusBar$Stub$Proxy@26b5a130
12-14 13:25:57.774  2403  2403 D TelephonyProvider: dbh.onOpen: ok, queried table=siminfo
12-14 13:25:57.774  2403  2403 D TelephonyProvider: dbh.onOpen: ok, queried table=carriers
12-14 13:25:57.782  2307  2540 I LatinIME:LogUtils: Dictionary info: dictionary = main:en ; version = 47 ; date = 1402373178
12-14 13:25:57.782  2101  2362 I ActivityManager: Start proc 2557:com.google.process.gapps/u0a7 for content provider com.google.android.gsf/.gservices.GservicesProvider
12-14 13:25:57.784  2557  2557 I ActivityThread: Switching default density from 160 to 240
12-14 13:25:57.790  2448  2543 D Launcher.Model: 11683562 - loadWorkspaceScreensDb()
12-14 13:25:57.790  2101  2125 D GpsLocationProvider: received SIM realted action: 
12-14 13:25:57.791  2101  2125 D GpsLocationProvider: SIM MCC/MNC is still not available
12-14 13:25:57.791  2448  2543 D Launcher.Model: 11683562 -   screens: { 0: 3 }, { 1: 4 }
12-14 13:25:57.791  2448  2543 D Launcher.Model: 11683562 -   sBgWorkspaceScreens: 3, 4
12-14 13:25:57.791  2403  2586 E DcSwitchStateMachine-0: DctController is not ready
12-14 13:25:57.791  2557  2557 I GservicesProvider: Gservices pushing to system: true; secure/global: true
12-14 13:25:57.791  2101  2171 E ConnectivityService: Failed to find Messenger in unregisterNetworkFactory
12-14 13:25:57.792  2101  2171 D ConnectivityService: Got NetworkFactory Messenger for Telephony
12-14 13:25:57.798  2448  2555 I EGL-DRI2: DRI2: found extension DRI_Core version 1
12-14 13:25:57.798  2448  2555 I EGL-DRI2: DRI2: found extension DRI_DRI2 version 4
12-14 13:25:57.800  2101  2130 D BluetoothManagerService: Message: 20
12-14 13:25:57.800  2101  2130 D BluetoothManagerService: Added callback: android.bluetooth.IBluetoothManagerCallback$Stub$Proxy@3a1df178:true
12-14 13:25:57.800  2101  2130 D BluetoothManagerService: Message: 30
12-14 13:25:57.800  2101  2445 D BluetoothManagerService: Trying to bind to profile: 1, while Bluetooth was disabled
12-14 13:25:57.802  2448  2555 I EGL-DRI2: DRI2: found extension DRI_TexBuffer version 3
12-14 13:25:57.802  2448  2555 I EGL-DRI2: DRI2: found extension DRI2_Flush version 4
12-14 13:25:57.802  2448  2555 I EGL-DRI2: DRI2: found extension DRI_IMAGE version 11
12-14 13:25:57.802  2448  2555 I OpenGLRenderer: Initialized EGL, version 1.4
12-14 13:25:57.802  2448  2555 W OpenGLRenderer: Failed to choose config with EGL_SWAP_BEHAVIOR_PRESERVED, retrying without...
12-14 13:25:57.803  2448  2555 D OpenGLRenderer: Enabling debug mode 0
12-14 13:25:57.805  2403  2403 I Telephony: TtyManager: updateUiTtyMode -1 -> 0
12-14 13:25:57.806  2101  2101 D GpsLocationProvider: received SIM realted action: 
12-14 13:25:57.806  2101  2101 D GpsLocationProvider: SIM MCC/MNC is still not available
12-14 13:25:57.815  2403  2403 D TelephonyDebugService: TelephonyDebugService()
12-14 13:25:57.816  2101  2131 I ActivityManager: Displayed com.android.launcher3/.Launcher: +179ms
12-14 13:25:57.827  2363  2363 V JNIHelp : Registering com/google/android/gms/org/conscrypt/NativeCrypto's 240 native methods...
12-14 13:25:57.829  2101  2512 I art     : Explicit concurrent mark sweep GC freed 16112(871KB) AllocSpace objects, 8(132KB) LOS objects, 33% free, 9MB/14MB, paused 390us total 11.686ms
12-14 13:25:57.830  2101  2170 D WifiService: New client listening to asynchronous messages
12-14 13:25:57.830  2101  2170 D WifiService: New client listening to asynchronous messages
12-14 13:25:57.830  2448  2448 D Launcher: 11683562 - bindAddScreens()
12-14 13:25:57.830  2448  2448 D Launcher: 11683562 -   orderedScreenIds: 3, 4
12-14 13:25:57.830  2448  2448 D Launcher.Workspace: 11683562 - insertNewWorkspaceScreen(): 3 at index: 0
12-14 13:25:57.833  2448  2448 D Launcher.Workspace: 11683562 - insertNewWorkspaceScreen(): 4 at index: 1
12-14 13:25:57.834  2101  2130 D BluetoothManagerService: Message: 20
12-14 13:25:57.834  2101  2130 D BluetoothManagerService: Added callback: android.bluetooth.IBluetoothManagerCallback$Stub$Proxy@2383db4a:true
12-14 13:25:57.834  2235  2235 D BluetoothAdapter: 355058608: getState() :  mService = null. Returning STATE_OFF
12-14 13:25:57.834  2235  2596 D BluetoothAdapter: 355058608: getState() :  mService = null. Returning STATE_OFF
12-14 13:25:57.835  2101  2130 D BluetoothManagerService: Message: 30
12-14 13:25:57.835  2101  2130 D BluetoothManagerService: Message: 30
12-14 13:25:57.835  2235  2235 E BluetoothA2dpSink: Could not bind to Bluetooth A2DP Service with Intent { act=android.bluetooth.IBluetoothA2dpSink }
12-14 13:25:57.835  2101  2130 D BluetoothManagerService: Message: 30
12-14 13:25:57.835  2235  2235 E BluetoothAvrcpController: Could not bind to Bluetooth AVRCP Controller Service with Intent { act=android.bluetooth.IBluetoothAvrcpController }
12-14 13:25:57.835  2101  2130 D BluetoothManagerService: Message: 30
12-14 13:25:57.835  2101  2444 D BluetoothManagerService: Trying to bind to profile: 1, while Bluetooth was disabled
12-14 13:25:57.836  2101  2130 D BluetoothManagerService: Message: 30
12-14 13:25:57.836  2235  2235 E BluetoothHeadsetClient: Could not bind to Bluetooth Headset Client Service with Intent { act=android.bluetooth.IBluetoothHeadsetClient }
12-14 13:25:57.836  2101  2130 D BluetoothManagerService: Message: 30
12-14 13:25:57.837  2235  2235 D BluetoothMap: Create BluetoothMap proxy object
12-14 13:25:57.837  2101  2130 D BluetoothManagerService: Message: 30
12-14 13:25:57.837  2403  2403 I Telephony: PstnIncomingCallNotifier: Registering: Handler (com.android.internal.telephony.gsm.GSMPhone) {b0abd55}
12-14 13:25:57.837  2101  2130 D BluetoothManagerService: Message: 30
12-14 13:25:57.838  2101  2445 D ConnectivityService: listenForNetwork for NetworkRequest [ id=2, legacyType=-1, [] ]
12-14 13:25:57.840  2235  2235 I CameraManagerGlobal: getCameraService: Reconnecting to camera service
12-14 13:25:57.840  1844  1844 I CameraService: getCameraCharacteristics: Switching to HAL1 shim implementation...
12-14 13:25:57.840  1844  1844 D Camera_Factory: CameraFactory::get_camera_info
12-14 13:25:57.840  1844  1844 D Camera_Factory: CameraFactory::getCameraInfo: id = 0, info = 0xfff14618
12-14 13:25:57.840  1844  1844 D Camera_Factory: CameraFactory::getCameraNum: 1
12-14 13:25:57.840  1844  1844 D CameraHardware: CameraHardware::getCameraInfo
12-14 13:25:57.840  1844  1844 D Camera_Factory: CameraFactory::get_camera_info
12-14 13:25:57.840  1844  1844 D Camera_Factory: CameraFactory::getCameraInfo: id = 0, info = 0xfff143b0
12-14 13:25:57.840  1844  1844 D Camera_Factory: CameraFactory::getCameraNum: 1
12-14 13:25:57.840  1844  1844 D CameraHardware: CameraHardware::getCameraInfo
12-14 13:25:57.841  2363  2363 I ProviderInstaller: Installed default security provider GmsCore_OpenSSL
12-14 13:25:57.848  1844  1844 I CameraClient: Opening camera 0
12-14 13:25:57.848  1844  1844 D Camera_Factory: CameraFactory::get_camera_info
12-14 13:25:57.848  1844  1844 D Camera_Factory: CameraFactory::getCameraInfo: id = 0, info = 0xfff14340
12-14 13:25:57.848  1844  1844 D Camera_Factory: CameraFactory::getCameraNum: 1
12-14 13:25:57.848  1844  1844 D CameraHardware: CameraHardware::getCameraInfo
12-14 13:25:57.848  1844  1844 D Camera_Factory: CameraFactory::device_open: name = 0
12-14 13:25:57.848  1844  1844 D Camera_Factory: CameraFactory::cameraDeviceOpen: id = 0
12-14 13:25:57.848  1844  1844 D Camera_Factory: CameraFactory::getCameraNum: 1
12-14 13:25:57.848  1844  1844 D CameraHardware: CameraHardware::PowerOn: Power ON camera.
12-14 13:25:57.848  1844  1844 D CameraHardware: CameraHardware::PowerOn: no power_file set
12-14 13:25:57.848  1844  1844 D CameraHardware: CameraHardware::initDefaultParameters
12-14 13:25:57.848  1844  1844 D V4L2Camera: V4L2Camera::EnumFrameFormats
12-14 13:25:57.848  1844  1844 D V4L2Camera: { pixelformat = 'MJPG', description = 'MJPEG' }
12-14 13:25:57.848  1844  1844 D V4L2Camera: V4L2Camera::EnumFrameSizes: pixfmt: 0x47504a4d
12-14 13:25:57.848  1844  1844 D V4L2Camera: { discrete: width = 1280, height = 720 }
12-14 13:25:57.848  1844  1844 D V4L2Camera: V4L2Camera::EnumFrameIntervals: pixfmt: 0x47504a4d, w:1280, h:720
12-14 13:25:57.848  1844  1844 D V4L2Camera: 	Time interval between frame: 
12-14 13:25:57.848  1844  1844 D V4L2Camera: 1/30
12-14 13:25:57.848  1844  1844 D V4L2Camera: { discrete: width = 160, height = 120 }
12-14 13:25:57.848  1844  1844 D V4L2Camera: V4L2Camera::EnumFrameIntervals: pixfmt: 0x47504a4d, w:160, h:120
12-14 13:25:57.848  1844  1844 D V4L2Camera: 	Time interval between frame: 
12-14 13:25:57.848  1844  1844 D V4L2Camera: 1/30
12-14 13:25:57.848  1844  1844 D V4L2Camera: { discrete: width = 176, height = 144 }
12-14 13:25:57.848  1844  1844 D V4L2Camera: V4L2Camera::EnumFrameIntervals: pixfmt: 0x47504a4d, w:176, h:144
12-14 13:25:57.848  1844  1844 D V4L2Camera: 	Time interval between frame: 
12-14 13:25:57.848  1844  1844 D V4L2Camera: 1/30
12-14 13:25:57.848  1844  1844 D V4L2Camera: { discrete: width = 320, height = 240 }
12-14 13:25:57.848  1844  1844 D V4L2Camera: V4L2Camera::EnumFrameIntervals: pixfmt: 0x47504a4d, w:320, h:240
12-14 13:25:57.848  1844  1844 D V4L2Camera: 	Time interval between frame: 
12-14 13:25:57.848  1844  1844 D V4L2Camera: 1/30
12-14 13:25:57.848  1844  1844 D V4L2Camera: { discrete: width = 352, height = 288 }
12-14 13:25:57.848  1844  1844 D V4L2Camera: V4L2Camera::EnumFrameIntervals: pixfmt: 0x47504a4d, w:352, h:288
12-14 13:25:57.848  1844  1844 D V4L2Camera: 	Time interval between frame: 
12-14 13:25:57.848  1844  1844 D V4L2Camera: 1/30
12-14 13:25:57.848  1844  1844 D V4L2Camera: { discrete: width = 640, height = 360 }
12-14 13:25:57.848  1844  1844 D V4L2Camera: V4L2Camera::EnumFrameIntervals: pixfmt: 0x47504a4d, w:640, h:360
12-14 13:25:57.848  1844  1844 D V4L2Camera: 	Time interval between frame: 
12-14 13:25:57.848  1844  1844 D V4L2Camera: 1/30
12-14 13:25:57.848  1844  1844 D V4L2Camera: { discrete: width = 640, height = 480 }
12-14 13:25:57.848  1844  1844 D V4L2Camera: V4L2Camera::EnumFrameIntervals: pixfmt: 0x47504a4d, w:640, h:480
12-14 13:25:57.848  1844  1844 D V4L2Camera: 	Time interval between frame: 
12-14 13:25:57.848  1844  1844 D V4L2Camera: 1/30
12-14 13:25:57.849  1844  1844 D V4L2Camera: { discrete: width = 1280, height = 1024 }
12-14 13:25:57.849  1844  1844 D V4L2Camera: V4L2Camera::EnumFrameIntervals: pixfmt: 0x47504a4d, w:1280, h:1024
12-14 13:25:57.849  1844  1844 D V4L2Camera: 	Time interval between frame: 
12-14 13:25:57.849  1844  1844 D V4L2Camera: 1/30
12-14 13:25:57.849  1844  1844 D V4L2Camera: { discrete: width = 1920, height = 1080 }
12-14 13:25:57.849  1844  1844 D V4L2Camera: V4L2Camera::EnumFrameIntervals: pixfmt: 0x47504a4d, w:1920, h:1080
12-14 13:25:57.849  1844  1844 D V4L2Camera: 	Time interval between frame: 
12-14 13:25:57.849  1844  1844 D V4L2Camera: 1/30
12-14 13:25:57.849  1844  1844 D V4L2Camera: { discrete: width = 1280, height = 720 }
12-14 13:25:57.849  1844  1844 D V4L2Camera: V4L2Camera::EnumFrameIntervals: pixfmt: 0x47504a4d, w:1280, h:720
12-14 13:25:57.849  1844  1844 D V4L2Camera: 	Time interval between frame: 
12-14 13:25:57.849  1844  1844 D V4L2Camera: 1/30
12-14 13:25:57.849  1844  1844 D V4L2Camera: { pixelformat = 'YUYV', description = 'YUV 4:2:2 (YUYV)' }
12-14 13:25:57.849  1844  1844 D V4L2Camera: V4L2Camera::EnumFrameSizes: pixfmt: 0x56595559
12-14 13:25:57.849  1844  1844 D V4L2Camera: { discrete: width = 1280, height = 720 }
12-14 13:25:57.849  1844  1844 D V4L2Camera: V4L2Camera::EnumFrameIntervals: pixfmt: 0x56595559, w:1280, h:720
12-14 13:25:57.849  1844  1844 D V4L2Camera: 	Time interval between frame: 
12-14 13:25:57.849  1844  1844 D V4L2Camera: 1/10
12-14 13:25:57.849  1844  1844 D V4L2Camera: { discrete: width = 160, height = 120 }
12-14 13:25:57.849  1844  1844 D V4L2Camera: V4L2Camera::EnumFrameIntervals: pixfmt: 0x56595559, w:160, h:120
12-14 13:25:57.849  1844  1844 D V4L2Camera: 	Time interval between frame: 
12-14 13:25:57.849  1844  1844 D V4L2Camera: 1/30
12-14 13:25:57.849  1844  1844 D V4L2Camera: 1/15
12-14 13:25:57.849  1844  1844 D V4L2Camera: { discrete: width = 176, height = 144 }
12-14 13:25:57.849  1844  1844 D V4L2Camera: V4L2Camera::EnumFrameIntervals: pixfmt: 0x56595559, w:176, h:144
12-14 13:25:57.849  1844  1844 D V4L2Camera: 	Time interval between frame: 
12-14 13:25:57.849  1844  1844 D V4L2Camera: 1/30
12-14 13:25:57.849  1844  1844 D V4L2Camera: 1/15
12-14 13:25:57.849  1844  1844 D V4L2Camera: { discrete: width = 320, height = 240 }
12-14 13:25:57.849  1844  1844 D V4L2Camera: V4L2Camera::EnumFrameIntervals: pixfmt: 0x56595559, w:320, h:240
12-14 13:25:57.849  1844  1844 D V4L2Camera: 	Time interval between frame: 
12-14 13:25:57.849  1844  1844 D V4L2Camera: 1/30
12-14 13:25:57.849  1844  1844 D V4L2Camera: 1/15
12-14 13:25:57.849  1844  1844 D V4L2Camera: { discrete: width = 352, height = 288 }
12-14 13:25:57.849  1844  1844 D V4L2Camera: V4L2Camera::EnumFrameIntervals: pixfmt: 0x56595559, w:352, h:288
12-14 13:25:57.849  1844  1844 D V4L2Camera: 	Time interval between frame: 
12-14 13:25:57.849  1844  1844 D V4L2Camera: 1/30
12-14 13:25:57.849  1844  1844 D V4L2Camera: 1/15
12-14 13:25:57.849  1844  1844 D V4L2Camera: { discrete: width = 640, height = 360 }
12-14 13:25:57.849  1844  1844 D V4L2Camera: V4L2Camera::EnumFrameIntervals: pixfmt: 0x56595559, w:640, h:360
12-14 13:25:57.849  1844  1844 D V4L2Camera: 	Time interval between frame: 
12-14 13:25:57.849  1844  1844 D V4L2Camera: 1/30
12-14 13:25:57.849  1844  1844 D V4L2Camera: 1/15
12-14 13:25:57.849  1844  1844 D V4L2Camera: { discrete: width = 640, height = 480 }
12-14 13:25:57.849  1844  1844 D V4L2Camera: V4L2Camera::EnumFrameIntervals: pixfmt: 0x56595559, w:640, h:480
12-14 13:25:57.849  1844  1844 D V4L2Camera: 	Time interval between frame: 
12-14 13:25:57.849  1844  1844 D V4L2Camera: 1/30
12-14 13:25:57.849  1844  1844 D V4L2Camera: 1/15
12-14 13:25:57.849  1844  1844 D V4L2Camera: { discrete: width = 1280, height = 1024 }
12-14 13:25:57.849  1844  1844 D V4L2Camera: V4L2Camera::EnumFrameIntervals: pixfmt: 0x56595559, w:1280, h:1024
12-14 13:25:57.849  1844  1844 D V4L2Camera: 	Time interval between frame: 
12-14 13:25:57.849  1844  1844 D V4L2Camera: 1/5
12-14 13:25:57.849  1844  1844 D V4L2Camera: { discrete: width = 1920, height = 1080 }
12-14 13:25:57.849  1844  1844 D V4L2Camera: V4L2Camera::EnumFrameIntervals: pixfmt: 0x56595559, w:1920, h:1080
12-14 13:25:57.849  1844  1844 D V4L2Camera: 	Time interval between frame: 
12-14 13:25:57.849  1844  1844 D V4L2Camera: 1/5
12-14 13:25:57.849  1844  1844 D V4L2Camera: { discrete: width = 1280, height = 720 }
12-14 13:25:57.849  1844  1844 D V4L2Camera: V4L2Camera::EnumFrameIntervals: pixfmt: 0x56595559, w:1280, h:720
12-14 13:25:57.849  1844  1844 D V4L2Camera: 	Time interval between frame: 
12-14 13:25:57.849  1844  1844 D V4L2Camera: 1/10
12-14 13:25:57.849  1844  1844 D V4L2Camera: V4L2Camera::getAvailableSizes
12-14 13:25:57.849  1844  1844 D V4L2Camera: V4L2Camera::getAvailableFps
12-14 13:25:57.849  1844  1844 I CameraHardware: Default preview size: (1920 x 1080), fps:30
12-14 13:25:57.849  1844  1844 I CameraHardware: All available formats: 160x120,176x144,240x160,320x200,320x240,352x288,432x320,480x320,640x360,640x480,1280x720,1280x1024,1920x1080
12-14 13:25:57.849  1844  1844 I CameraHardware: All available fps: (5,5),(10,10),(15,15),(30,30)
12-14 13:25:57.849  1844  1844 I CameraHardware: Default picture size: (1920 x 1080)
12-14 13:25:57.849  1844  1844 D CameraHardware: CameraHardware::setParameters
12-14 13:25:57.849  1844  1844 D CameraHardware: CameraHardware::setParameters: PREVIEW: Size 1920x1080, 30 fps, format: yuv422sp
12-14 13:25:57.849  1844  1844 D CameraHardware: CameraHardware::setParameters: PICTURE: Size 1920x1080, format: jpeg
12-14 13:25:57.849  1844  1844 D CameraHardware: CameraHardware::setParameters: VIDEO: Size 1920x1080, format: yuv420p
12-14 13:25:57.849  1844  1844 D CameraHardware: CameraHardware::initHeapLocked
12-14 13:25:57.849  1844  1844 E CameraHardware: No memory allocator available
12-14 13:25:57.849  1844  1844 D CameraHardware: CameraHardware::setParameters: OK
12-14 13:25:57.849  1844  1844 D CameraHardware: CameraHardware::connectCamera
12-14 13:25:57.849  1844  1844 D CameraHardware: CameraHardware::setCallbacks
12-14 13:25:57.849  1844  1844 D CameraHardware: CameraHardware::enableMsgType: 3085
12-14 13:25:57.849  1844  1844 D CameraHardware: CameraHardware::getParameters
12-14 13:25:57.849  1844  1844 D CameraHardware: CameraHardware::putParameters
12-14 13:25:57.849  1844  1844 D CameraHardware: CameraHardware::disableMsgType: 65535
12-14 13:25:57.849  1844  1844 D CameraHardware: CameraHardware::stopPreview
12-14 13:25:57.849  1844  1844 D CameraHardware: CameraHardware::stopPreviewLocked
12-14 13:25:57.849  1844  1844 D CameraHardware: CameraHardware::stopPreviewLocked: OK
12-14 13:25:57.849  1844  1844 D CameraHardware: CameraHardware::cancelPicture
12-14 13:25:57.849  1844  1844 D CameraHardware: CameraHardware::releaseCamera
12-14 13:25:57.849  1844  1844 I CameraClient: Destroying camera 0
12-14 13:25:57.849  1844  1844 D CameraHardware: CameraHardware::closeCamera
12-14 13:25:57.849  1844  1844 D CameraHardware: CameraHardware::releaseCamera
12-14 13:25:57.849  1844  1844 D NuPlayerDriver: reset(0xf584eca0)
12-14 13:25:57.849  1844  2600 D NuPlayerDriver: notifyResetComplete(0xf584eca0)
12-14 13:25:57.849  1844  1844 D NuPlayerDriver: reset(0xf584ee20)
12-14 13:25:57.850  1844  2603 D NuPlayerDriver: notifyResetComplete(0xf584ee20)
12-14 13:25:57.850  1844  2176 D Camera_Factory: CameraFactory::get_camera_info
12-14 13:25:57.850  1844  2176 D Camera_Factory: CameraFactory::getCameraInfo: id = 0, info = 0xf4d03990
12-14 13:25:57.850  1844  2176 D Camera_Factory: CameraFactory::getCameraNum: 1
12-14 13:25:57.850  1844  2176 D CameraHardware: CameraHardware::getCameraInfo
12-14 13:25:57.850  1844  1844 D Camera_Factory: CameraFactory::get_camera_info
12-14 13:25:57.850  1844  1844 D Camera_Factory: CameraFactory::getCameraInfo: id = 0, info = 0xfff14690
12-14 13:25:57.850  1844  1844 D Camera_Factory: CameraFactory::getCameraNum: 1
12-14 13:25:57.850  1844  1844 D CameraHardware: CameraHardware::getCameraInfo
12-14 13:25:57.851  2363  2602 D NativeLibraryUtils: Install completed successfully. count=0 extracted=0
12-14 13:25:57.858  2235  2612 D BluetoothAdapter: 355058608: getState() :  mService = null. Returning STATE_OFF
12-14 13:25:57.858  2235  2612 D BluetoothAdapter: 355058608: getState() :  mService = null. Returning STATE_OFF
12-14 13:25:57.858  2235  2612 D BluetoothAdapter: 355058608: getState() :  mService = null. Returning STATE_OFF
12-14 13:25:57.858  2235  2612 D BluetoothAdapter: 355058608: getState() :  mService = null. Returning STATE_OFF
12-14 13:25:57.860  2235  2614 D OpenGLRenderer: Use EGL_SWAP_BEHAVIOR_PRESERVED: true
12-14 13:25:57.860  2235  2235 I GRALLOC-DRM: create intel for driver i915
12-14 13:25:57.860  2235  2235 D Atlas   : Validating map...
12-14 13:25:57.861  2235  2235 D PhoneStatusBar: disable: < expand icons alerts system_info back home recent clock search >
12-14 13:25:57.864  2101  2101 V BackupManagerService: Connected to transport ComponentInfo{com.google.android.gms/com.google.android.gms.backup.BackupTransportService}
12-14 13:25:57.865  2101  2101 V BackupManagerService: Registering transport com.google.android.gms/.backup.BackupTransportService::com.google.android.gms/.backup.BackupTransportService = com.android.internal.backup.IBackupTransport$Stub$Proxy@4e2d29
12-14 13:25:57.865  2235  2235 D BluetoothAdapter: 355058608: getState() :  mService = null. Returning STATE_OFF
12-14 13:25:57.865  2235  2235 D BluetoothAdapter: 355058608: getState() :  mService = null. Returning STATE_OFF
12-14 13:25:57.865  1845  1845 E installd: Unable to unlink boot marker at /data/dalvik-cache/arm64/.booting, error=No such file or directory
12-14 13:25:57.865  2101  2126 E ActivityManager: Unable to mark boot complete for abi: arm64-v8a
12-14 13:25:57.865  1845  1845 E installd: Unable to unlink boot marker at /data/dalvik-cache/arm/.booting, error=No such file or directory
12-14 13:25:57.865  2101  2126 E ActivityManager: Unable to mark boot complete for abi: armeabi-v7a
12-14 13:25:57.866  2101  2126 I SystemServiceManager: Starting phase 1000
12-14 13:25:57.866  2101  2126 V KeyguardServiceDelegate: *** Keyguard started
12-14 13:25:57.866  2101  2126 W KeyguardServiceDelegate: onScreenTurnedOn(): no keyguard service!
12-14 13:25:57.867  2101  2126 D KbdSensor: poll_activate: dev=0x7f20ed066680 handle=0 enabled=1
12-14 13:25:57.867  2101  2126 D KbdSensor: poll_setDelay: dev=0x7f20ed066680 delay-ns=66667000
12-14 13:25:57.867  2235  2235 D PhoneStatusBar: heads up is enabled
12-14 13:25:57.870  2615  2615 I sh      : + hw_sh=/vendor/etc/init.sh 
12-14 13:25:57.870  2615  2615 I sh      : + '[' -e /vendor/etc/init.sh ']'
12-14 13:25:57.870  2615  2615 I sh      : + do_bootcomplete
12-14 13:25:57.870  2615  2615 I sh      : + init_cpu_governor
12-14 13:25:57.870  2615  2615 I sh      : + getprop cpu.governor
12-14 13:25:57.871  2557  2557 W ResourcesManager: Asset path '/system/framework/com.android.media.remotedisplay.jar' does not exist or contains no resources.
12-14 13:25:57.871  2557  2557 W ResourcesManager: Asset path '/system/framework/com.android.location.provider.jar' does not exist or contains no resources.
12-14 13:25:57.872  2615  2615 I sh      : + governor= 
12-14 13:25:57.872  2615  2615 I sh      : + '[' ']'
12-14 13:25:57.872  2615  2615 I sh      : + getprop persist.sys.root_access
12-14 13:25:57.873  2557  2557 I art     : Rejecting re-init on previously-failed class java.lang.Class<com.google.android.gms.common.h.c>
12-14 13:25:57.873  2557  2557 I art     : Rejecting re-init on previously-failed class java.lang.Class<com.google.android.gms.common.h.c>
12-14 13:25:57.875  2615  2615 I sh      : + '[' -z 3 ']'
12-14 13:25:57.875  2557  2557 I MultiDex: VM with version 2.1.0 has multidex support
12-14 13:25:57.875  2557  2557 I MultiDex: install
12-14 13:25:57.875  2557  2557 I MultiDex: VM has multidex support, MultiDex support library is disabled.
12-14 13:25:57.875  2615  2615 I sh      : + getprop debug.mesa.driver
12-14 13:25:57.877  2615  2615 I sh      : + '['  '=' i965 ']'
12-14 13:25:57.877  2615  2615 I sh      : + lsmod
12-14 13:25:57.877  2615  2615 I sh      : + grep -e brcmfmac
12-14 13:25:57.877  2557  2557 V JNIHelp : Registering com/google/android/gms/org/conscrypt/NativeCrypto's 240 native methods...
12-14 13:25:57.879  2615  2615 I sh      : + grep '\[.*\]' /proc/asound/cards
12-14 13:25:57.879  2615  2615 I sh      : + awk '{print $1}'
12-14 13:25:57.882  2615  2615 I sh      : + cat /proc/asound/card0/id
12-14 13:25:57.882  2615  2615 I sh      : + f=/system/etc/alsa/HDMI.state 
12-14 13:25:57.882  2615  2615 I sh      : + '[' -e /system/etc/alsa/HDMI.state ']'
12-14 13:25:57.882  2615  2615 I sh      : + alsa_ctl init 0
12-14 13:25:57.884  2557  2557 I ProviderInstaller: Installed default security provider GmsCore_OpenSSL
12-14 13:25:57.889  2557  2635 I Backup  : [BackupTransportMigratorService] Starting migration...
12-14 13:25:57.890  2615  2615 I sh      : Found hardware: "HDA-Intel" "Intel Haswell HDMI" "HDA:80862807,80860101,00100000" "0x1462" "0x111d"
12-14 13:25:57.890  2615  2615 I sh      : Hardware is initialized using a generic method
12-14 13:25:57.891  2557  2635 W Backup  : [LegacyBackupAccountManager] No google accounts found!
12-14 13:25:57.891  2615  2615 I sh      : + alsa_amixer -c 0 set Master on
12-14 13:25:57.894  2557  2634 D NativeLibraryUtils: Install completed successfully. count=0 extracted=0
12-14 13:25:57.895  2615  2615 I sh      : amixer: Unable to find simple control 'Master',0
12-14 13:25:57.895  2615  2615 I sh      : + alsa_amixer -c 0 set Master 100%
12-14 13:25:57.899  2615  2615 I sh      : amixer: Unable to find simple control 'Master',0
12-14 13:25:57.899  2615  2615 I sh      : + alsa_amixer -c 0 set Headphone on
12-14 13:25:57.901  2615  2615 I sh      : amixer: Unable to find simple control 'Headphone',0
12-14 13:25:57.901  2615  2615 I sh      : + alsa_amixer -c 0 set Headphone 100%
12-14 13:25:57.904  2615  2615 I sh      : amixer: Unable to find simple control 'Headphone',0
12-14 13:25:57.904  2615  2615 I sh      : + alsa_amixer -c 0 set Speaker 100%
12-14 13:25:57.906  2615  2615 I sh      : amixer: Unable to find simple control 'Speaker',0
12-14 13:25:57.906  2615  2615 I sh      : + alsa_amixer -c 0 set Capture 100%
12-14 13:25:57.908  2448  2543 W ResourceType: No package identifier when getting value for resource number 0x00000000
12-14 13:25:57.908  2448  2543 W ResourceType: No package identifier when getting value for resource number 0x00000000
12-14 13:25:57.908  2448  2543 W PackageManager: Failure retrieving resources for com.example.android.rssreader: Resource ID #0x0
12-14 13:25:57.908  2448  2543 W ResourceType: No package identifier when getting value for resource number 0x00000000
12-14 13:25:57.908  2448  2543 W PackageManager: Failure retrieving resources for com.example.android.rssreader: Resource ID #0x0
12-14 13:25:57.908  2615  2615 I sh      : amixer: Unable to find simple control 'Capture',0
12-14 13:25:57.908  2615  2615 I sh      : + alsa_amixer -c 0 set Capture cap
12-14 13:25:57.910  2615  2615 I sh      : amixer: Unable to find simple control 'Capture',0
12-14 13:25:57.910  2615  2615 I sh      : + alsa_amixer -c 0 set PCM 100 unmute
12-14 13:25:57.912  2615  2615 I sh      : amixer: Unable to find simple control 'PCM',0
12-14 13:25:57.912  2615  2615 I sh      : + alsa_amixer -c 0 set 'Mic Boost' 3
12-14 13:25:57.914  2615  2615 I sh      : amixer: Unable to find simple control 'Mic Boost',0
12-14 13:25:57.914  2615  2615 I sh      : + alsa_amixer -c 0 set 'Internal Mic Boost' 3
12-14 13:25:57.916  2615  2615 I sh      : amixer: Unable to find simple control 'Internal Mic Boost',0
12-14 13:25:57.917  2615  2615 I sh      : + cat /proc/asound/card1/id
12-14 13:25:57.917  2615  2615 I sh      : + f=/system/etc/alsa/PCH.state 
12-14 13:25:57.917  2615  2615 I sh      : + '[' -e /system/etc/alsa/PCH.state ']'
12-14 13:25:57.917  2615  2615 I sh      : + alsa_ctl init 1
12-14 13:25:57.919  2615  2615 I sh      : Found hardware: "HDA-Intel" "Realtek ALC892" "HDA:10ec0892,1462111d,00100302" "0x1462" "0x111d"
12-14 13:25:57.919  2615  2615 I sh      : Hardware is initialized using a generic method
12-14 13:25:57.920  2448  2448 W ResourcesManager: Asset path '/system/framework/com.google.android.media.effects.jar' does not exist or contains no resources.
12-14 13:25:57.923  2101  2121 I ActivityManager: Start proc 2650:com.google.android.gms/u0a7 for service com.google.android.gms/.usagereporting.service.UsageReportingService
12-14 13:25:57.927  2650  2650 I ActivityThread: Switching default density from 160 to 240
12-14 13:25:57.928  2650  2650 W ResourcesManager: Asset path '/system/framework/com.android.media.remotedisplay.jar' does not exist or contains no resources.
12-14 13:25:57.928  2650  2650 W ResourcesManager: Asset path '/system/framework/com.android.location.provider.jar' does not exist or contains no resources.
12-14 13:25:57.933  2650  2650 I art     : Rejecting re-init on previously-failed class java.lang.Class<com.google.android.gms.common.h.c>
12-14 13:25:57.933  2650  2650 I art     : Rejecting re-init on previously-failed class java.lang.Class<com.google.android.gms.common.h.c>
12-14 13:25:57.933  2650  2650 I MultiDex: VM with version 2.1.0 has multidex support
12-14 13:25:57.933  2650  2650 I MultiDex: install
12-14 13:25:57.933  2650  2650 I MultiDex: VM has multidex support, MultiDex support library is disabled.
12-14 13:25:57.939  2363  2388 V GmsNetworkLocationProvi: onSetRequest: ProviderRequestUnbundled, reportLocation is true and interval is 86400000
12-14 13:25:57.941  2363  2363 W GmsBackupAccountManager: Backup account not found in gmscore.
12-14 13:25:57.942  2363  2389 W GmsBackupAccountManager: Backup account not found in gmscore.
12-14 13:25:57.943  2557  2635 I Backup  : [BackupTransportMigratorService] Successfully migrated to use GMS BackupTransportService!
12-14 13:25:57.956  2363  2363 V GmsNetworkLocationProvi: DISABLE
12-14 13:25:57.957  2101  2130 D BluetoothManagerService: Message: 20
12-14 13:25:57.957  2101  2130 D BluetoothManagerService: Added callback: android.bluetooth.IBluetoothManagerCallback$Stub$Proxy@9e818e6:true
12-14 13:25:57.957  2363  2363 V GmsNetworkLocationProvi: ENABLE
12-14 13:25:57.958  2363  2363 V GmsNetworkLocationProvi: SET-REQUEST
12-14 13:25:57.958  2363  2363 V GmsNetworkLocationProvi: in Handler: ProviderRequestUnbundled, reportLocation is true and interval is 86400000
12-14 13:25:57.959  2363  2363 D GeofencerStateMachine: Creating GeofencerStateMachine
12-14 13:25:57.960  2101  2170 D WifiService: New client listening to asynchronous messages
12-14 13:25:57.963  2650  2650 V JNIHelp : Registering com/google/android/gms/org/conscrypt/NativeCrypto's 240 native methods...
12-14 13:25:57.968  2650  2650 I ProviderInstaller: Installed default security provider GmsCore_OpenSSL
12-14 13:25:57.976  2235  2235 I EGL-DRI2: DRI2: found extension DRI_Core version 1
12-14 13:25:57.976  2235  2235 I EGL-DRI2: DRI2: found extension DRI_DRI2 version 4
12-14 13:25:57.976  2101  2444 I art     : Explicit concurrent mark sweep GC freed 6406(325KB) AllocSpace objects, 1(16KB) LOS objects, 33% free, 9MB/14MB, paused 510us total 11.899ms
12-14 13:25:57.977  2363  2363 I art     : Rejecting re-init on previously-failed class java.lang.Class<com.google.android.gms.common.util.bl>
12-14 13:25:57.977  2363  2363 I art     : Rejecting re-init on previously-failed class java.lang.Class<com.google.android.gms.common.util.bl>
12-14 13:25:57.979  2235  2235 I EGL-DRI2: DRI2: found extension DRI_TexBuffer version 3
12-14 13:25:57.979  2235  2235 I EGL-DRI2: DRI2: found extension DRI2_Flush version 4
12-14 13:25:57.979  2235  2235 I EGL-DRI2: DRI2: found extension DRI_IMAGE version 11
12-14 13:25:57.984  2650  2691 D NativeLibraryUtils: Install completed successfully. count=0 extracted=0
12-14 13:25:57.993  2363  2690 W Settings: Setting airplane_mode_on has moved from android.provider.Settings.System to android.provider.Settings.Global, returning read-only value.
12-14 13:25:58.004  2235  2235 D ViewRootImpl: changeCanvasOpacity: opaque=true
12-14 13:25:58.014  2101  2121 I ActivityManager: Start proc 2695:com.google.android.gms.wearable/u0a7 for service com.google.android.gms/.wearable.service.WearableService
12-14 13:25:58.018  2695  2695 I ActivityThread: Switching default density from 160 to 240
12-14 13:25:58.020  2363  2363 I GCoreUlr: Starting service, intent=Intent { act=com.google.android.location.reporting.ACTION_UPDATE_WORLD cmp=com.google.android.gms/com.google.android.location.reporting.service.DispatchingService (has extras) }, extras=Bundle[{receiverAction=android.location.PROVIDERS_CHANGED}]
12-14 13:25:58.020  2695  2695 W ResourcesManager: Asset path '/system/framework/com.android.media.remotedisplay.jar' does not exist or contains no resources.
12-14 13:25:58.020  2695  2695 W ResourcesManager: Asset path '/system/framework/com.android.location.provider.jar' does not exist or contains no resources.
12-14 13:25:58.023  2363  2363 V GeofencerHelper: Initializing geofence's system cache.
12-14 13:25:58.027  2695  2695 I art     : Rejecting re-init on previously-failed class java.lang.Class<com.google.android.gms.common.h.c>
12-14 13:25:58.027  2695  2695 I art     : Rejecting re-init on previously-failed class java.lang.Class<com.google.android.gms.common.h.c>
12-14 13:25:58.027  2695  2695 I MultiDex: VM with version 2.1.0 has multidex support
12-14 13:25:58.027  2695  2695 I MultiDex: install
12-14 13:25:58.027  2695  2695 I MultiDex: VM has multidex support, MultiDex support library is disabled.
12-14 13:25:58.040  2101  2101 I ActivityManager: Start proc 2720:com.google.android.partnersetup/u0a10 for broadcast com.google.android.partnersetup/.PhoneStateReceiver
12-14 13:25:58.041  2695  2695 V JNIHelp : Registering com/google/android/gms/org/conscrypt/NativeCrypto's 240 native methods...
12-14 13:25:58.042  2363  2684 D GeofenceStateCache: Recovered 0 geofences.
12-14 13:25:58.043  2363  2363 I GCoreUlr: DispatchingService.onCreate()
12-14 13:25:58.044  2720  2720 I ActivityThread: Switching default density from 160 to 240
12-14 13:25:58.045  2363  2690 W Settings: Setting airplane_mode_on has moved from android.provider.Settings.System to android.provider.Settings.Global, returning read-only value.
12-14 13:25:58.047  2695  2695 I ProviderInstaller: Installed default security provider GmsCore_OpenSSL
12-14 13:25:58.050  2101  2121 D WifiService: acquireWifiLockLocked: WifiLock{NlpWifiLock type=2 binder=android.os.BinderProxy@1b3f9430}
12-14 13:25:58.051  2403  2746 D SIP     : [SipSharedPreferences] isReceivingCallsEnabled, option not set; use default value, exception: android.provider.Settings$SettingNotFoundException: sip_receive_calls
12-14 13:25:58.053  2235  2614 I EGL-DRI2: DRI2: found extension DRI_Core version 1
12-14 13:25:58.053  2235  2614 I EGL-DRI2: DRI2: found extension DRI_DRI2 version 4
12-14 13:25:58.054  2695  2695 D WearableService: callingUid 10007, callindPid: 2695
12-14 13:25:58.054  2557  2557 D GCM     : COMPAT: Multi user ser=0 current=0
12-14 13:25:58.056  2695  2745 D NativeLibraryUtils: Install completed successfully. count=0 extracted=0
12-14 13:25:58.056  2235  2614 I EGL-DRI2: DRI2: found extension DRI_TexBuffer version 3
12-14 13:25:58.056  2235  2614 I EGL-DRI2: DRI2: found extension DRI2_Flush version 4
12-14 13:25:58.056  2235  2614 I EGL-DRI2: DRI2: found extension DRI_IMAGE version 11
12-14 13:25:58.057  2235  2614 I OpenGLRenderer: Initialized EGL, version 1.4
12-14 13:25:58.057  2235  2614 W OpenGLRenderer: Failed to choose config with EGL_SWAP_BEHAVIOR_PRESERVED, retrying without...
12-14 13:25:58.058  2235  2614 D OpenGLRenderer: Enabling debug mode 0
12-14 13:25:58.061  2363  2748 I GCoreUlr: WorldUpdater received intent Intent { act=com.google.android.location.reporting.ACTION_UPDATE_WORLD cmp=com.google.android.gms/com.google.android.location.reporting.service.DispatchingService (has extras) } with receiverAction android.location.PROVIDERS_CHANGED
12-14 13:25:58.067  2363  2748 I GCoreUlr: WorldUpdater:android.location.PROVIDERS_CHANGED: Ensuring that reporting is stopped because of reasons: (no Google accounts)
12-14 13:25:58.068  2363  2748 I GCoreUlr: Unbound from all location providers
12-14 13:25:58.072  2615  2615 I sh      : + alsa_amixer -c 1 set Master on
12-14 13:25:58.072  2235  2235 V KeyguardUpdateMonitor: action android.intent.action.SIM_STATE_CHANGED state: NOT_READY slotId: 0 subid: -2
12-14 13:25:58.072  2101  2170 D WifiService: New client listening to asynchronous messages
12-14 13:25:58.072  2363  2363 I GCoreUlr: DispatchingService.onDestroy()
12-14 13:25:58.072  2363  2363 I GCoreUlr: Stopping handler for UlrDispSvcFast
12-14 13:25:58.073  2363  2363 I GCoreUlr: Unbound from all location providers
12-14 13:25:58.074  2615  2615 I sh      : Simple mixer control 'Master',0
12-14 13:25:58.074  2615  2615 I sh      :   Capabilities: pvolume pvolume-joined pswitch pswitch-joined penum
12-14 13:25:58.074  2615  2615 I sh      :   Playback channels: Mono
12-14 13:25:58.074  2615  2615 I sh      :   Limits: Playback 0 - 64
12-14 13:25:58.074  2615  2615 I sh      :   Mono: Playback 44 [69%] [-20.00dB] [on]
12-14 13:25:58.074  2615  2615 I sh      : + alsa_amixer -c 1 set Master 100%
12-14 13:25:58.076  2615  2615 I sh      : Simple mixer control 'Master',0
12-14 13:25:58.076  2615  2615 I sh      :   Capabilities: pvolume pvolume-joined pswitch pswitch-joined penum
12-14 13:25:58.076  2615  2615 I sh      :   Playback channels: Mono
12-14 13:25:58.076  2615  2615 I sh      :   Limits: Playback 0 - 64
12-14 13:25:58.076  2615  2615 I sh      :   Mono: Playback 64 [100%] [0.00dB] [on]
12-14 13:25:58.076  2615  2615 I sh      : + alsa_amixer -c 1 set Headphone on
12-14 13:25:58.078  2615  2615 I sh      : Simple mixer control 'Headphone',0
12-14 13:25:58.078  2615  2615 I sh      :   Capabilities: pvolume pswitch penum
12-14 13:25:58.078  2615  2615 I sh      :   Playback channels: Front Left - Front Right
12-14 13:25:58.078  2615  2615 I sh      :   Limits: Playback 0 - 64
12-14 13:25:58.078  2615  2615 I sh      :   Mono:
12-14 13:25:58.078  2615  2615 I sh      :   Front Left: Playback 64 [100%] [0.00dB] [on]
12-14 13:25:58.078  2615  2615 I sh      :   Front Right: Playback 64 [100%] [0.00dB] [on]
12-14 13:25:58.078  2615  2615 I sh      : + alsa_amixer -c 1 set Headphone 100%
12-14 13:25:58.080  2615  2615 I sh      : Simple mixer control 'Headphone',0
12-14 13:25:58.080  2615  2615 I sh      :   Capabilities: pvolume pswitch penum
12-14 13:25:58.080  2615  2615 I sh      :   Playback channels: Front Left - Front Right
12-14 13:25:58.080  2615  2615 I sh      :   Limits: Playback 0 - 64
12-14 13:25:58.080  2615  2615 I sh      :   Mono:
12-14 13:25:58.080  2615  2615 I sh      :   Front Left: Playback 64 [100%] [0.00dB] [on]
12-14 13:25:58.080  2615  2615 I sh      :   Front Right: Playback 64 [100%] [0.00dB] [on]
12-14 13:25:58.080  2615  2615 I sh      : + alsa_amixer -c 1 set Speaker 100%
12-14 13:25:58.082  2615  2615 I sh      : Simple mixer control 'Speaker',0
12-14 13:25:58.082  2615  2615 I sh      :   Capabilities: pvolume pswitch penum
12-14 13:25:58.082  2615  2615 I sh      :   Playback channels: Front Left - Front Right
12-14 13:25:58.082  2615  2615 I sh      :   Limits: Playback 0 - 64
12-14 13:25:58.082  2615  2615 I sh      :   Mono:
12-14 13:25:58.082  2615  2615 I sh      :   Front Left: Playback 64 [100%] [0.00dB] [on]
12-14 13:25:58.082  2615  2615 I sh      :   Front Right: Playback 64 [100%] [0.00dB] [on]
12-14 13:25:58.082  2615  2615 I sh      : + alsa_amixer -c 1 set Capture 100%
12-14 13:25:58.084  2615  2615 I sh      : Simple mixer control 'Capture',0
12-14 13:25:58.084  2615  2615 I sh      :   Capabilities: cvolume cswitch penum
12-14 13:25:58.084  2615  2615 I sh      :   Capture channels: Front Left - Front Right
12-14 13:25:58.084  2615  2615 I sh      :   Limits: Capture 0 - 46
12-14 13:25:58.084  2615  2615 I sh      :   Front Left: Capture 46 [100%] [30.00dB] [on]
12-14 13:25:58.084  2615  2615 I sh      :   Front Right: Capture 46 [100%] [30.00dB] [on]
12-14 13:25:58.084  2615  2615 I sh      : + alsa_amixer -c 1 set Capture cap
12-14 13:25:58.087  2615  2615 I sh      : Simple mixer control 'Capture',0
12-14 13:25:58.087  2615  2615 I sh      :   Capabilities: cvolume cswitch penum
12-14 13:25:58.087  2615  2615 I sh      :   Capture channels: Front Left - Front Right
12-14 13:25:58.087  2615  2615 I sh      :   Limits: Capture 0 - 46
12-14 13:25:58.087  2615  2615 I sh      :   Front Left: Capture 46 [100%] [30.00dB] [on]
12-14 13:25:58.087  2615  2615 I sh      :   Front Right: Capture 46 [100%] [30.00dB] [on]
12-14 13:25:58.087  2615  2615 I sh      : + alsa_amixer -c 1 set PCM 100 unmute
12-14 13:25:58.089  2615  2615 I sh      : amixer: Unable to find simple control 'PCM',0
12-14 13:25:58.089  2615  2615 I sh      : + alsa_amixer -c 1 set 'Mic Boost' 3
12-14 13:25:58.090  2101  2101 V KeyguardServiceDelegate: *** Keyguard connected (yay!)
12-14 13:25:58.091  2615  2615 I sh      : Simple mixer control 'Mic Boost',0
12-14 13:25:58.091  2615  2615 I sh      :   Capabilities: volume penum
12-14 13:25:58.091  2615  2615 I sh      :   Playback channels: Front Left - Front Right
12-14 13:25:58.091  2615  2615 I sh      :   Capture channels: Front Left - Front Right
12-14 13:25:58.091  2615  2615 I sh      :   Limits: 0 - 3
12-14 13:25:58.091  2615  2615 I sh      :   Front Left: 3 [100%] [30.00dB]
12-14 13:25:58.091  2615  2615 I sh      :   Front Right: 3 [100%] [30.00dB]
12-14 13:25:58.092  2615  2615 I sh      : + alsa_amixer -c 1 set 'Internal Mic Boost' 3
12-14 13:25:58.093  2235  2235 D OpenGLRenderer: setting property extraRasterBucket to 0.95
12-14 13:25:58.093  2235  2235 D OpenGLRenderer:     failed
12-14 13:25:58.093  2235  2235 D OpenGLRenderer: setting property extraRasterBucket to 0.0
12-14 13:25:58.093  2235  2235 D OpenGLRenderer:     failed
12-14 13:25:58.093  2615  2615 I sh      : amixer: Unable to find simple control 'Internal Mic Boost',0
12-14 13:25:58.094  2615  2615 I sh      : + return 0
12-14 13:25:58.095  2557  2611 I art     : Explicit concurrent mark sweep GC freed 29090(1651KB) AllocSpace objects, 2(32KB) LOS objects, 40% free, 4MB/7MB, paused 139us total 7.926ms
12-14 13:25:58.097  2363  2363 E GmsWearableLS: GoogleApiClient connection failed: ConnectionResult{statusCode=API_UNAVAILABLE, resolution=null, message=null}
12-14 13:25:58.098  2557  2557 E GCM     : Missing checkin config file
12-14 13:25:58.098  2557  2557 W GCM     : GCM FAILED TO INITIALIZE - missing checkin
12-14 13:25:58.099  2557  2769 D GCM     : GcmService start Intent { act=com.google.android.gms.INITIALIZE flg=0x10 pkg=com.google.android.gms cmp=com.google.android.gms/.gcm.GcmService } com.google.android.gms.INITIALIZE
12-14 13:25:58.100  2557  2557 D AuthorizationBluetoothService: Received GmsCore event: Intent { act=com.google.android.gms.INITIALIZE flg=0x10 pkg=com.google.android.gms cmp=com.google.android.gms/.auth.be.proximity.authorization.bt.AuthorizationBluetoothService$AutoStarter }.
12-14 13:25:58.100  2557  2557 E AuthorizationBluetoothService: Proximity feature is not enabled.
12-14 13:25:58.103  2557  2557 V GLSActivity: AuthDelegateWrapperCreated with selected intent: Intent { cmp=com.google.android.gms/.auth.DefaultAuthDelegateService }
12-14 13:25:58.103  2557  2557 V GLSActivity: AuthDelegateWrapperCreated with selected intent: Intent { cmp=com.google.android.gms/.auth.DefaultAuthDelegateService }
12-14 13:25:58.104  2650  2650 V GmsCoreStatsServiceLauncher: Received broadcast intent Intent { act=com.google.android.gms.INITIALIZE flg=0x10 pkg=com.google.android.gms cmp=com.google.android.gms/.common.stats.GmsCoreStatsServiceLauncher }
12-14 13:25:58.109  2235  2235 D KeyguardUpdateMonitor: handleSimStateChange(subId=-2, slotId=0, state=UNKNOWN)
