12-14 13:25:58.977  2820  3012 D MediaProvider: object removed 8952
12-14 13:25:58.977  2820  3012 D MediaProvider: object removed 8953
12-14 13:25:58.977  2820  3012 D MediaProvider: object removed 8954
12-14 13:25:58.977  2820  3012 D MediaProvider: object removed 8955
12-14 13:25:58.977  2820  3012 D MediaProvider: object removed 8956
12-14 13:25:58.977  2820  3012 D MediaProvider: object removed 8957
12-14 13:25:58.977  2820  3012 D MediaProvider: object removed 8958
12-14 13:25:58.977  2820  3012 D MediaProvider: object removed 8959
12-14 13:25:58.977  2820  3012 D MediaProvider: object removed 8960
12-14 13:25:58.977  2820  3012 D MediaProvider: object removed 8961
12-14 13:25:58.977  2820  3012 D MediaProvider: object removed 8962
12-14 13:25:58.977  2820  3012 D MediaProvider: object removed 8963
12-14 13:25:58.977  2820  3012 D MediaProvider: object removed 8964
12-14 13:25:58.977  2820  3012 D MediaProvider: object removed 8965
12-14 13:25:58.977  2820  3012 D MediaProvider: object removed 8966
12-14 13:25:58.977  2820  3012 D MediaProvider: object removed 8967
12-14 13:25:58.977  2820  3012 D MediaProvider: object removed 8968
12-14 13:25:58.978  2820  3012 D MediaProvider: object removed 8969
12-14 13:25:58.978  2820  3012 D MediaProvider: object removed 8970
12-14 13:25:58.978  2820  3012 D MediaProvider: object removed 8971
12-14 13:25:58.978  2820  3012 D MediaProvider: object removed 8972
12-14 13:25:58.978  2820  3012 D MediaProvider: object removed 8973
12-14 13:25:58.978  2820  3012 D MediaProvider: object removed 8974
12-14 13:25:58.978  2820  3012 D MediaProvider: object removed 8975
12-14 13:25:58.978  2820  3012 D MediaProvider: object removed 8976
12-14 13:25:58.978  2820  3012 D MediaProvider: object removed 8977
12-14 13:25:58.978  2820  3012 D MediaProvider: object removed 8978
12-14 13:25:58.978  2820  3012 D MediaProvider: object removed 8979
12-14 13:25:58.978  2820  3012 D MediaProvider: object removed 8980
12-14 13:25:58.978  2820  3012 D MediaProvider: object removed 8981
12-14 13:25:58.978  2820  3012 D MediaProvider: object removed 8982
12-14 13:25:58.978  2820  3012 D MediaProvider: object removed 8983
12-14 13:25:58.978  2820  3012 D MediaProvider: object removed 8984
12-14 13:25:58.978  2820  3012 D MediaProvider: object removed 8985
12-14 13:25:58.978  2820  3012 D MediaProvider: object removed 8986
12-14 13:25:58.978  2820  3012 D MediaProvider: object removed 8987
12-14 13:25:58.978  2820  3012 D MediaProvider: object removed 8988
12-14 13:25:58.978  2820  3012 D MediaProvider: object removed 8989
12-14 13:25:58.978  2820  3012 D MediaProvider: object removed 8990
12-14 13:25:58.978  2820  3012 D MediaProvider: object removed 8991
12-14 13:25:58.978  2820  3012 D MediaProvider: object removed 8992
12-14 13:25:58.978  2820  3012 D MediaProvider: object removed 8993
12-14 13:25:58.978  2820  3012 D MediaProvider: object removed 8994
12-14 13:25:58.978  2820  3012 D MediaProvider: object removed 8995
12-14 13:25:58.978  2820  3012 D MediaProvider: object removed 8996
12-14 13:25:58.978  2820  3012 D MediaProvider: object removed 8997
12-14 13:25:58.978  2820  3012 D MediaProvider: object removed 8998
12-14 13:25:58.978  2820  3012 D MediaProvider: object removed 8999
12-14 13:25:58.978  2820  3012 D MediaProvider: object removed 9000
12-14 13:25:58.978  2820  3012 D MediaProvider: object removed 9001
12-14 13:25:58.978  2820  3012 D MediaProvider: object removed 9002
12-14 13:25:58.978  2820  3012 D MediaProvider: object removed 9003
12-14 13:25:58.978  2820  3012 D MediaProvider: object removed 9004
12-14 13:25:58.978  2820  3012 D MediaProvider: object removed 9005
12-14 13:25:58.978  2820  3012 D MediaProvider: object removed 9006
12-14 13:25:58.978  2820  3012 D MediaProvider: object removed 9007
12-14 13:25:58.978  2820  3012 D MediaProvider: object removed 9008
12-14 13:25:58.978  2820  3012 D MediaProvider: object removed 9009
12-14 13:25:58.978  2820  3012 D MediaProvider: object removed 9010
12-14 13:25:58.978  2820  3012 D MediaProvider: object removed 9011
12-14 13:25:58.979  2820  3012 D MediaProvider: object removed 9012
12-14 13:25:58.979  2820  3012 D MediaProvider: object removed 9013
12-14 13:25:58.979  2820  3012 D MediaProvider: object removed 9014
12-14 13:25:58.979  2820  3012 D MediaProvider: object removed 9015
12-14 13:25:58.979  2820  3012 D MediaProvider: object removed 9016
12-14 13:25:58.979  2820  3012 D MediaProvider: object removed 9017
12-14 13:25:58.979  2820  3012 D MediaProvider: object removed 9018
12-14 13:25:58.979  2820  3012 D MediaProvider: object removed 9019
12-14 13:25:58.979  2820  3012 D MediaProvider: object removed 9020
12-14 13:25:58.979  2820  3012 D MediaProvider: object removed 9021
12-14 13:25:58.979  2820  3012 D MediaProvider: object removed 9022
12-14 13:25:58.979  2101  2444 I ActivityManager: Start proc 3209:com.android.email/u0a35 for broadcast com.android.email/.service.EmailBroadcastReceiver
12-14 13:25:58.983  3209  3209 I ActivityThread: Switching default density from 160 to 240
12-14 13:25:58.994  2820  3012 D MediaProvider: object removed 9023
12-14 13:25:58.994  2820  3012 D MediaProvider: object removed 9024
12-14 13:25:58.994  2820  3012 D MediaProvider: object removed 9025
12-14 13:25:58.994  2820  3012 D MediaProvider: object removed 9026
12-14 13:25:58.994  2820  3012 D MediaProvider: object removed 9027
12-14 13:25:58.994  2820  3012 D MediaProvider: object removed 9028
12-14 13:25:58.994  2820  3012 D MediaProvider: object removed 9029
12-14 13:25:58.994  2820  3012 D MediaProvider: object removed 9030
12-14 13:25:58.994  2820  3012 D MediaProvider: object removed 9031
12-14 13:25:58.994  2820  3012 D MediaProvider: object removed 9032
12-14 13:25:58.994  2820  3012 D MediaProvider: object removed 9033
12-14 13:25:58.994  2820  3012 D MediaProvider: object removed 9034
12-14 13:25:58.994  2820  3012 D MediaProvider: object removed 9035
12-14 13:25:58.994  2820  3012 D MediaProvider: object removed 9036
12-14 13:25:58.994  2820  3012 D MediaProvider: object removed 9037
12-14 13:25:58.994  2820  3012 D MediaProvider: object removed 9038
12-14 13:25:58.994  2820  3012 D MediaProvider: object removed 9039
12-14 13:25:58.994  2820  3012 D MediaProvider: object removed 9040
12-14 13:25:58.994  2820  3012 D MediaProvider: object removed 9041
12-14 13:25:58.994  2820  3012 D MediaProvider: object removed 9042
12-14 13:25:58.994  2820  3012 D MediaProvider: object removed 9043
12-14 13:25:58.994  2820  3012 D MediaProvider: object removed 9044
12-14 13:25:58.994  2820  3012 D MediaProvider: object removed 9045
12-14 13:25:58.994  2820  3012 D MediaProvider: object removed 9046
12-14 13:25:58.994  2820  3012 D MediaProvider: object removed 9047
12-14 13:25:58.994  2820  3012 D MediaProvider: object removed 9048
12-14 13:25:58.994  2820  3012 D MediaProvider: object removed 9049
12-14 13:25:58.994  2820  3012 D MediaProvider: object removed 9050
12-14 13:25:58.994  2820  3012 D MediaProvider: object removed 9051
12-14 13:25:58.995  2820  3012 D MediaProvider: object removed 9052
12-14 13:25:58.995  2820  3012 D MediaProvider: object removed 9053
12-14 13:25:58.995  2820  3012 D MediaProvider: object removed 9054
12-14 13:25:58.995  2820  3012 D MediaProvider: object removed 9055
12-14 13:25:58.995  2820  3012 D MediaProvider: object removed 9056
12-14 13:25:58.995  2820  3012 D MediaProvider: object removed 9057
12-14 13:25:58.995  2820  3012 D MediaProvider: object removed 9058
12-14 13:25:58.995  2820  3012 D MediaProvider: object removed 9059
12-14 13:25:58.995  2820  3012 D MediaProvider: object removed 9060
12-14 13:25:58.995  2820  3012 D MediaProvider: object removed 9061
12-14 13:25:58.995  2820  3012 D MediaProvider: object removed 9062
12-14 13:25:58.995  2820  3012 D MediaProvider: object removed 9063
12-14 13:25:58.995  2820  3012 D MediaProvider: object removed 9064
12-14 13:25:58.995  2820  3012 D MediaProvider: object removed 9065
12-14 13:25:58.995  2820  3012 D MediaProvider: object removed 9066
12-14 13:25:58.995  2820  3012 D MediaProvider: object removed 9067
12-14 13:25:58.995  2820  3012 D MediaProvider: object removed 9068
12-14 13:25:58.995  2820  3012 D MediaProvider: object removed 9069
12-14 13:25:58.995  2820  3012 D MediaProvider: object removed 9070
12-14 13:25:58.995  2820  3012 D MediaProvider: object removed 9071
12-14 13:25:58.995  2820  3012 D MediaProvider: object removed 9072
12-14 13:25:58.995  2820  3012 D MediaProvider: object removed 9073
12-14 13:25:58.995  2820  3012 D MediaProvider: object removed 9074
12-14 13:25:58.995  2820  3012 D MediaProvider: object removed 9075
12-14 13:25:58.995  2820  3012 D MediaProvider: object removed 9076
12-14 13:25:58.995  2820  3012 D MediaProvider: object removed 9077
12-14 13:25:58.995  2820  3012 D MediaProvider: object removed 9078
12-14 13:25:58.995  2820  3012 D MediaProvider: object removed 9079
12-14 13:25:58.995  2820  3012 D MediaProvider: object removed 9080
12-14 13:25:58.995  2820  3012 D MediaProvider: object removed 9081
12-14 13:25:58.995  2820  3012 D MediaProvider: object removed 9082
12-14 13:25:58.995  2820  3012 D MediaProvider: object removed 9083
12-14 13:25:58.995  2820  3012 D MediaProvider: object removed 9084
12-14 13:25:58.995  2820  3012 D MediaProvider: object removed 9085
12-14 13:25:58.995  2820  3012 D MediaProvider: object removed 9086
12-14 13:25:58.995  2820  3012 D MediaProvider: object removed 9087
12-14 13:25:58.995  2820  3012 D MediaProvider: object removed 9088
12-14 13:25:58.995  2820  3012 D MediaProvider: object removed 9089
12-14 13:25:58.995  2820  3012 D MediaProvider: object removed 9090
12-14 13:25:58.995  2820  3012 D MediaProvider: object removed 9091
12-14 13:25:58.995  2820  3012 D MediaProvider: object removed 9092
12-14 13:25:58.995  2820  3012 D MediaProvider: object removed 9093
12-14 13:25:58.995  2820  3012 D MediaProvider: object removed 9094
12-14 13:25:58.995  2820  3012 D MediaProvider: object removed 9095
12-14 13:25:58.995  2820  3012 D MediaProvider: object removed 9096
12-14 13:25:58.995  2820  3012 D MediaProvider: object removed 9097
12-14 13:25:58.995  2820  3012 D MediaProvider: object removed 9098
12-14 13:25:58.995  2820  3012 D MediaProvider: object removed 9099
12-14 13:25:58.995  2820  3012 D MediaProvider: object removed 9100
12-14 13:25:58.995  2820  3012 D MediaProvider: object removed 9101
12-14 13:25:58.995  2820  3012 D MediaProvider: object removed 9102
12-14 13:25:58.995  2820  3012 D MediaProvider: object removed 9103
12-14 13:25:58.995  2820  3012 D MediaProvider: object removed 9104
12-14 13:25:58.995  2820  3012 D MediaProvider: object removed 9105
12-14 13:25:58.995  2820  3012 D MediaProvider: object removed 9106
12-14 13:25:58.995  2820  3012 D MediaProvider: object removed 9107
12-14 13:25:58.995  2820  3012 D MediaProvider: object removed 9108
12-14 13:25:58.995  2820  3012 D MediaProvider: object removed 9109
12-14 13:25:58.995  2820  3012 D MediaProvider: object removed 9110
12-14 13:25:58.995  2820  3012 D MediaProvider: object removed 9111
12-14 13:25:58.995  2820  3012 D MediaProvider: object removed 9112
12-14 13:25:58.995  2820  3012 D MediaProvider: object removed 9113
12-14 13:25:58.995  2820  3012 D MediaProvider: object removed 9114
12-14 13:25:58.995  2820  3012 D MediaProvider: object removed 9115
12-14 13:25:58.995  2820  3012 D MediaProvider: object removed 9116
12-14 13:25:58.995  2820  3012 D MediaProvider: object removed 9117
12-14 13:25:58.995  2820  3012 D MediaProvider: object removed 9118
12-14 13:25:58.995  2820  3012 D MediaProvider: object removed 9119
12-14 13:25:58.995  2820  3012 D MediaProvider: object removed 9120
12-14 13:25:58.995  2820  3012 D MediaProvider: object removed 9121
12-14 13:25:58.995  2820  3012 D MediaProvider: object removed 9122
12-14 13:25:58.996  2820  3012 D MediaProvider: object removed 9123
12-14 13:25:59.003  2101  2128 D EthernetNetworkFactory: updateInterface: eth0 link up
12-14 13:25:59.003  2820  3012 D MediaProvider: object removed 9124
12-14 13:25:59.003  2820  3012 D MediaProvider: object removed 9125
12-14 13:25:59.003  2820  3012 D MediaProvider: object removed 9126
12-14 13:25:59.003  2820  3012 D MediaProvider: object removed 9127
12-14 13:25:59.003  2820  3012 D MediaProvider: object removed 9128
12-14 13:25:59.003  2820  3012 D MediaProvider: object removed 9129
12-14 13:25:59.003  2820  3012 D MediaProvider: object removed 9130
12-14 13:25:59.003  2820  3012 D MediaProvider: object removed 9131
12-14 13:25:59.003  2820  3012 D MediaProvider: object removed 9132
12-14 13:25:59.003  2820  3012 D MediaProvider: object removed 9133
12-14 13:25:59.003  2101  3231 I EthernetNetworkFactory: dhcpThread(+eth0): mNetworkInfo=[type: Ethernet[], state: UNKNOWN/IDLE, reason: (unspecified), extra: 44:8a:5b:f1:85:ec, roaming: false, failover: false, isAvailable: true, isConnectedToProvisioningNetwork: false]
12-14 13:25:59.003  2820  3012 D MediaProvider: object removed 9134
12-14 13:25:59.003  2820  3012 D MediaProvider: object removed 9135
12-14 13:25:59.003  2820  3012 D MediaProvider: object removed 9136
12-14 13:25:59.003  2820  3012 D MediaProvider: object removed 9137
12-14 13:25:59.003  2820  3012 D MediaProvider: object removed 9138
12-14 13:25:59.003  2820  3012 D MediaProvider: object removed 9139
12-14 13:25:59.003  2820  3012 D MediaProvider: object removed 9140
12-14 13:25:59.003  2820  3012 D MediaProvider: object removed 9141
12-14 13:25:59.003  2820  3012 D MediaProvider: object removed 9142
12-14 13:25:59.003  2820  3012 D MediaProvider: object removed 9143
12-14 13:25:59.003  2820  3012 D MediaProvider: object removed 9144
12-14 13:25:59.003  2820  3012 D MediaProvider: object removed 9145
12-14 13:25:59.003  2820  3012 D MediaProvider: object removed 9146
12-14 13:25:59.003  2820  3012 D MediaProvider: object removed 9147
12-14 13:25:59.003  2820  3012 D MediaProvider: object removed 9148
12-14 13:25:59.003  2820  3012 D MediaProvider: object removed 9149
12-14 13:25:59.003  2820  3012 D MediaProvider: object removed 9150
12-14 13:25:59.003  2820  3012 D MediaProvider: object removed 9151
12-14 13:25:59.003  2820  3012 D MediaProvider: object removed 9152
12-14 13:25:59.003  2820  3012 D MediaProvider: object removed 9153
12-14 13:25:59.004  2820  3012 D MediaProvider: object removed 9154
12-14 13:25:59.004  2820  3012 D MediaProvider: object removed 9155
12-14 13:25:59.004  2820  3012 D MediaProvider: object removed 9156
12-14 13:25:59.004  2820  3012 D MediaProvider: object removed 9157
12-14 13:25:59.004  2820  3012 D MediaProvider: object removed 9158
12-14 13:25:59.004  2820  3012 D MediaProvider: object removed 9159
12-14 13:25:59.004  2820  3012 D MediaProvider: object removed 9160
12-14 13:25:59.004  2820  3012 D MediaProvider: object removed 9161
12-14 13:25:59.004  2820  3012 D MediaProvider: object removed 9162
12-14 13:25:59.004  2820  3012 D MediaProvider: object removed 9163
12-14 13:25:59.004  2820  3012 D MediaProvider: object removed 9164
12-14 13:25:59.004  2820  3012 D MediaProvider: object removed 9165
12-14 13:25:59.004  2820  3012 D MediaProvider: object removed 9166
12-14 13:25:59.004  2820  3012 D MediaProvider: object removed 9167
12-14 13:25:59.004  2820  3012 D MediaProvider: object removed 9168
12-14 13:25:59.004  2820  3012 D MediaProvider: object removed 9169
12-14 13:25:59.004  2820  3012 D MediaProvider: object removed 9170
12-14 13:25:59.004  2820  3012 D MediaProvider: object removed 9171
12-14 13:25:59.004  2820  3012 D MediaProvider: object removed 9172
12-14 13:25:59.004  2820  3012 D MediaProvider: object removed 9173
12-14 13:25:59.004  2820  3012 D MediaProvider: object removed 9174
12-14 13:25:59.004  2820  3012 D MediaProvider: object removed 9175
12-14 13:25:59.004  2820  3012 D MediaProvider: object removed 9176
12-14 13:25:59.004  2820  3012 D MediaProvider: object removed 9177
12-14 13:25:59.004  2820  3012 D MediaProvider: object removed 9178
12-14 13:25:59.004  2820  3012 D MediaProvider: object removed 9179
12-14 13:25:59.004  2820  3012 D MediaProvider: object removed 9180
12-14 13:25:59.004  2820  3012 D MediaProvider: object removed 9181
12-14 13:25:59.004  2820  3012 D MediaProvider: object removed 9182
12-14 13:25:59.004  2820  3012 D MediaProvider: object removed 9183
12-14 13:25:59.004  2820  3012 D MediaProvider: object removed 9184
12-14 13:25:59.004  2820  3012 D MediaProvider: object removed 9185
12-14 13:25:59.004  2820  3012 D MediaProvider: object removed 9186
12-14 13:25:59.004  2820  3012 D MediaProvider: object removed 9187
12-14 13:25:59.004  2820  3012 D MediaProvider: object removed 9188
12-14 13:25:59.004  2820  3012 D MediaProvider: object removed 9189
12-14 13:25:59.004  2820  3012 D MediaProvider: object removed 9190
12-14 13:25:59.004  2820  3012 D MediaProvider: object removed 9191
12-14 13:25:59.004  2820  3012 D MediaProvider: object removed 9192
12-14 13:25:59.004  2820  3012 D MediaProvider: object removed 9193
12-14 13:25:59.004  2820  3012 D MediaProvider: object removed 9194
12-14 13:25:59.004  2820  3012 D MediaProvider: object removed 9195
12-14 13:25:59.004  2820  3012 D MediaProvider: object removed 9196
12-14 13:25:59.004  2820  3012 D MediaProvider: object removed 9197
12-14 13:25:59.004  2820  3012 D MediaProvider: object removed 9198
12-14 13:25:59.005  2820  3012 D MediaProvider: object removed 9199
12-14 13:25:59.005  2820  3012 D MediaProvider: object removed 9200
12-14 13:25:59.005  2820  3012 D MediaProvider: object removed 9201
12-14 13:25:59.005  2820  3012 D MediaProvider: object removed 9202
12-14 13:25:59.005  2820  3012 D MediaProvider: object removed 9203
12-14 13:25:59.005  2820  3012 D MediaProvider: object removed 9204
12-14 13:25:59.005  2820  3012 D MediaProvider: object removed 9205
12-14 13:25:59.005  2820  3012 D MediaProvider: object removed 9206
12-14 13:25:59.005  2820  3012 D MediaProvider: object removed 9207
12-14 13:25:59.005  2820  3012 D MediaProvider: object removed 9208
12-14 13:25:59.005  2820  3012 D MediaProvider: object removed 9209
12-14 13:25:59.005  2820  3012 D MediaProvider: object removed 9210
12-14 13:25:59.005  2820  3012 D MediaProvider: object removed 9211
12-14 13:25:59.005  2820  3012 D MediaProvider: object removed 9212
12-14 13:25:59.005  2820  3012 D MediaProvider: object removed 9213
12-14 13:25:59.005  2820  3012 D MediaProvider: object removed 9214
12-14 13:25:59.005  2820  3012 D MediaProvider: object removed 9215
12-14 13:25:59.005  2820  3012 D MediaProvider: object removed 9216
12-14 13:25:59.005  2820  3012 D MediaProvider: object removed 9217
12-14 13:25:59.005  2820  3012 D MediaProvider: object removed 9218
12-14 13:25:59.005  2820  3012 D MediaProvider: object removed 9219
12-14 13:25:59.005  2820  3012 D MediaProvider: object removed 9220
12-14 13:25:59.005  2820  3012 D MediaProvider: object removed 9221
12-14 13:25:59.005  2820  3012 D MediaProvider: object removed 9222
12-14 13:25:59.005  2820  3012 D MediaProvider: object removed 9223
12-14 13:25:59.005  2820  3012 D MediaProvider: object removed 9224
12-14 13:25:59.006  3233  3233 E dhcpcd  : fopen `/system/etc/dhcpcd/dhcpcd.conf': No such file or directory
12-14 13:25:59.007  3233  3233 I dhcpcd  : version 5.5.6 starting
12-14 13:25:59.007  3233  3233 E dhcpcd  : fopen `/system/etc/dhcpcd/dhcpcd.conf': No such file or directory
12-14 13:25:59.007  3233  3233 E dhcpcd  : get_duid: Permission denied
12-14 13:25:59.017  2820  3012 D MediaProvider: object removed 9225
12-14 13:25:59.018  2820  3012 D MediaProvider: object removed 9226
12-14 13:25:59.018  2820  3012 D MediaProvider: object removed 9227
12-14 13:25:59.018  2820  3012 D MediaProvider: object removed 9228
12-14 13:25:59.018  2820  3012 D MediaProvider: object removed 9229
12-14 13:25:59.018  2820  3012 D MediaProvider: object removed 9230
12-14 13:25:59.018  2820  3012 D MediaProvider: object removed 9231
12-14 13:25:59.018  2820  3012 D MediaProvider: object removed 9232
12-14 13:25:59.018  2820  3012 D MediaProvider: object removed 9233
12-14 13:25:59.018  2820  3012 D MediaProvider: object removed 9234
12-14 13:25:59.018  2820  3012 D MediaProvider: object removed 9235
12-14 13:25:59.018  2820  3012 D MediaProvider: object removed 9236
12-14 13:25:59.018  2820  3012 D MediaProvider: object removed 9237
12-14 13:25:59.018  2820  3012 D MediaProvider: object removed 9238
12-14 13:25:59.018  2820  3012 D MediaProvider: object removed 9239
12-14 13:25:59.018  2820  3012 D MediaProvider: object removed 9240
12-14 13:25:59.018  2820  3012 D MediaProvider: object removed 9241
12-14 13:25:59.018  2820  3012 D MediaProvider: object removed 9242
12-14 13:25:59.018  2820  3012 D MediaProvider: object removed 9243
12-14 13:25:59.018  2820  3012 D MediaProvider: object removed 9244
12-14 13:25:59.018  2820  3012 D MediaProvider: object removed 9245
12-14 13:25:59.018  2820  3012 D MediaProvider: object removed 9246
12-14 13:25:59.018  2820  3012 D MediaProvider: object removed 9247
12-14 13:25:59.018  2820  3012 D MediaProvider: object removed 9248
12-14 13:25:59.018  2820  3012 D MediaProvider: object removed 9249
12-14 13:25:59.018  2820  3012 D MediaProvider: object removed 9250
12-14 13:25:59.018  2820  3012 D MediaProvider: object removed 9251
12-14 13:25:59.018  2820  3012 D MediaProvider: object removed 9252
12-14 13:25:59.018  2820  3012 D MediaProvider: object removed 9253
12-14 13:25:59.018  2820  3012 D MediaProvider: object removed 9254
12-14 13:25:59.018  2820  3012 D MediaProvider: object removed 9255
12-14 13:25:59.018  2820  3012 D MediaProvider: object removed 9256
12-14 13:25:59.018  2820  3012 D MediaProvider: object removed 9257
12-14 13:25:59.018  2820  3012 D MediaProvider: object removed 9258
12-14 13:25:59.018  2820  3012 D MediaProvider: object removed 9259
12-14 13:25:59.018  2820  3012 D MediaProvider: object removed 9260
12-14 13:25:59.018  2820  3012 D MediaProvider: object removed 9261
12-14 13:25:59.018  2820  3012 D MediaProvider: object removed 9262
12-14 13:25:59.018  2820  3012 D MediaProvider: object removed 9263
12-14 13:25:59.018  2820  3012 D MediaProvider: object removed 9264
12-14 13:25:59.019  2820  3012 D MediaProvider: object removed 9265
12-14 13:25:59.019  2820  3012 D MediaProvider: object removed 9266
12-14 13:25:59.019  2820  3012 D MediaProvider: object removed 9267
12-14 13:25:59.019  2820  3012 D MediaProvider: object removed 9268
12-14 13:25:59.019  2820  3012 D MediaProvider: object removed 9269
12-14 13:25:59.019  2820  3012 D MediaProvider: object removed 9270
12-14 13:25:59.019  2820  3012 D MediaProvider: object removed 9271
12-14 13:25:59.019  2820  3012 D MediaProvider: object removed 9272
12-14 13:25:59.019  2820  3012 D MediaProvider: object removed 9273
12-14 13:25:59.019  2820  3012 D MediaProvider: object removed 9274
12-14 13:25:59.019  2820  3012 D MediaProvider: object removed 9275
12-14 13:25:59.019  2820  3012 D MediaProvider: object removed 9276
12-14 13:25:59.019  2820  3012 D MediaProvider: object removed 9277
12-14 13:25:59.019  2820  3012 D MediaProvider: object removed 9278
12-14 13:25:59.019  2820  3012 D MediaProvider: object removed 9279
12-14 13:25:59.019  2820  3012 D MediaProvider: object removed 9280
12-14 13:25:59.019  2820  3012 D MediaProvider: object removed 9281
12-14 13:25:59.019  2820  3012 D MediaProvider: object removed 9282
12-14 13:25:59.019  2820  3012 D MediaProvider: object removed 9283
12-14 13:25:59.019  2820  3012 D MediaProvider: object removed 9284
12-14 13:25:59.019  2820  3012 D MediaProvider: object removed 9285
12-14 13:25:59.019  2820  3012 D MediaProvider: object removed 9286
12-14 13:25:59.019  2820  3012 D MediaProvider: object removed 9287
12-14 13:25:59.019  2820  3012 D MediaProvider: object removed 9288
12-14 13:25:59.019  2820  3012 D MediaProvider: object removed 9289
12-14 13:25:59.019  2820  3012 D MediaProvider: object removed 9290
12-14 13:25:59.019  2820  3012 D MediaProvider: object removed 9291
12-14 13:25:59.019  2820  3012 D MediaProvider: object removed 9292
12-14 13:25:59.019  2820  3012 D MediaProvider: object removed 9293
12-14 13:25:59.019  2820  3012 D MediaProvider: object removed 9294
12-14 13:25:59.019  2820  3012 D MediaProvider: object removed 9295
12-14 13:25:59.019  2820  3012 D MediaProvider: object removed 9296
12-14 13:25:59.019  2820  3012 D MediaProvider: object removed 9297
12-14 13:25:59.019  2820  3012 D MediaProvider: object removed 9298
12-14 13:25:59.019  2820  3012 D MediaProvider: object removed 9299
12-14 13:25:59.019  2820  3012 D MediaProvider: object removed 9300
12-14 13:25:59.019  2820  3012 D MediaProvider: object removed 9301
12-14 13:25:59.019  2820  3012 D MediaProvider: object removed 9302
12-14 13:25:59.019  2820  3012 D MediaProvider: object removed 9303
12-14 13:25:59.019  2820  3012 D MediaProvider: object removed 9304
12-14 13:25:59.019  2820  3012 D MediaProvider: object removed 9305
12-14 13:25:59.019  2820  3012 D MediaProvider: object removed 9306
12-14 13:25:59.019  2820  3012 D MediaProvider: object removed 9307
12-14 13:25:59.019  2820  3012 D MediaProvider: object removed 9308
12-14 13:25:59.019  2820  3012 D MediaProvider: object removed 9309
12-14 13:25:59.019  2820  3012 D MediaProvider: object removed 9310
12-14 13:25:59.019  2820  3012 D MediaProvider: object removed 9311
12-14 13:25:59.019  2820  3012 D MediaProvider: object removed 9312
12-14 13:25:59.019  2820  3012 D MediaProvider: object removed 9313
12-14 13:25:59.019  2820  3012 D MediaProvider: object removed 9314
12-14 13:25:59.019  2820  3012 D MediaProvider: object removed 9315
12-14 13:25:59.019  2820  3012 D MediaProvider: object removed 9316
12-14 13:25:59.019  2820  3012 D MediaProvider: object removed 9317
12-14 13:25:59.019  2820  3012 D MediaProvider: object removed 9318
12-14 13:25:59.019  2820  3012 D MediaProvider: object removed 9319
12-14 13:25:59.020  2820  3012 D MediaProvider: object removed 9320
12-14 13:25:59.020  2820  3012 D MediaProvider: object removed 9321
12-14 13:25:59.020  2820  3012 D MediaProvider: object removed 9322
12-14 13:25:59.020  2820  3012 D MediaProvider: object removed 9323
12-14 13:25:59.020  2820  3012 D MediaProvider: object removed 9324
12-14 13:25:59.020  2820  3012 D MediaProvider: object removed 9325
12-14 13:25:59.021  3233  3233 I dhcpcd  : eth0: rebinding lease of 192.168.0.117
12-14 13:25:59.025  2101  2362 I art     : Explicit concurrent mark sweep GC freed 7784(385KB) AllocSpace objects, 0(0B) LOS objects, 33% free, 9MB/14MB, paused 443us total 11.441ms
12-14 13:25:59.025  2820  3012 D MediaProvider: object removed 9326
12-14 13:25:59.025  2820  3012 D MediaProvider: object removed 9327
12-14 13:25:59.025  2820  3012 D MediaProvider: object removed 9328
12-14 13:25:59.025  2820  3012 D MediaProvider: object removed 9329
12-14 13:25:59.025  2820  3012 D MediaProvider: object removed 9330
12-14 13:25:59.025  2820  3012 D MediaProvider: object removed 9331
12-14 13:25:59.025  2820  3012 D MediaProvider: object removed 9332
12-14 13:25:59.025  2820  3012 D MediaProvider: object removed 9333
12-14 13:25:59.025  2820  3012 D MediaProvider: object removed 9334
12-14 13:25:59.025  2820  3012 D MediaProvider: object removed 9335
12-14 13:25:59.025  2820  3012 D MediaProvider: object removed 9336
12-14 13:25:59.025  2820  3012 D MediaProvider: object removed 9337
12-14 13:25:59.025  2820  3012 D MediaProvider: object removed 9338
12-14 13:25:59.025  2820  3012 D MediaProvider: object removed 9339
12-14 13:25:59.025  2820  3012 D MediaProvider: object removed 9340
12-14 13:25:59.025  2820  3012 D MediaProvider: object removed 9341
12-14 13:25:59.025  2820  3012 D MediaProvider: object removed 9342
12-14 13:25:59.025  2820  3012 D MediaProvider: object removed 9343
12-14 13:25:59.025  2820  3012 D MediaProvider: object removed 9344
12-14 13:25:59.025  2820  3012 D MediaProvider: object removed 9345
12-14 13:25:59.025  2820  3012 D MediaProvider: object removed 9346
12-14 13:25:59.025  2820  3012 D MediaProvider: object removed 9347
12-14 13:25:59.025  2820  3012 D MediaProvider: object removed 9348
12-14 13:25:59.025  2820  3012 D MediaProvider: object removed 9349
12-14 13:25:59.025  2820  3012 D MediaProvider: object removed 9350
12-14 13:25:59.025  2820  3012 D MediaProvider: object removed 9351
12-14 13:25:59.025  2820  3012 D MediaProvider: object removed 9352
12-14 13:25:59.025  2820  3012 D MediaProvider: object removed 9353
12-14 13:25:59.025  2820  3012 D MediaProvider: object removed 9354
12-14 13:25:59.025  2820  3012 D MediaProvider: object removed 9355
12-14 13:25:59.025  2820  3012 D MediaProvider: object removed 9356
12-14 13:25:59.025  2820  3012 D MediaProvider: object removed 9357
12-14 13:25:59.025  2820  3012 D MediaProvider: object removed 9358
12-14 13:25:59.025  2820  3012 D MediaProvider: object removed 9359
12-14 13:25:59.025  2820  3012 D MediaProvider: object removed 9360
12-14 13:25:59.025  2820  3012 D MediaProvider: object removed 9361
12-14 13:25:59.025  2820  3012 D MediaProvider: object removed 9362
12-14 13:25:59.025  2820  3012 D MediaProvider: object removed 9363
12-14 13:25:59.026  2820  3012 D MediaProvider: object removed 9364
12-14 13:25:59.026  2820  3012 D MediaProvider: object removed 9365
12-14 13:25:59.026  2820  3012 D MediaProvider: object removed 9366
12-14 13:25:59.026  2820  3012 D MediaProvider: object removed 9367
12-14 13:25:59.026  2820  3012 D MediaProvider: object removed 9368
12-14 13:25:59.026  2820  3012 D MediaProvider: object removed 9369
12-14 13:25:59.026  2820  3012 D MediaProvider: object removed 9370
12-14 13:25:59.026  2820  3012 D MediaProvider: object removed 9371
12-14 13:25:59.026  2820  3012 D MediaProvider: object removed 9372
12-14 13:25:59.026  2820  3012 D MediaProvider: object removed 9373
12-14 13:25:59.026  2820  3012 D MediaProvider: object removed 9374
12-14 13:25:59.026  2820  3012 D MediaProvider: object removed 9375
12-14 13:25:59.026  2820  3012 D MediaProvider: object removed 9376
12-14 13:25:59.026  2820  3012 D MediaProvider: object removed 9377
12-14 13:25:59.026  2820  3012 D MediaProvider: object removed 9378
12-14 13:25:59.026  2820  3012 D MediaProvider: object removed 9379
12-14 13:25:59.026  2820  3012 D MediaProvider: object removed 9380
12-14 13:25:59.026  2820  3012 D MediaProvider: object removed 9381
12-14 13:25:59.026  2820  3012 D MediaProvider: object removed 9382
12-14 13:25:59.026  2820  3012 D MediaProvider: object removed 9383
12-14 13:25:59.026  2820  3012 D MediaProvider: object removed 9384
12-14 13:25:59.026  2820  3012 D MediaProvider: object removed 9385
12-14 13:25:59.026  2820  3012 D MediaProvider: object removed 9386
12-14 13:25:59.026  2820  3012 D MediaProvider: object removed 9387
12-14 13:25:59.026  2820  3012 D MediaProvider: object removed 9388
12-14 13:25:59.026  2820  3012 D MediaProvider: object removed 9389
12-14 13:25:59.026  2820  3012 D MediaProvider: object removed 9390
12-14 13:25:59.026  2820  3012 D MediaProvider: object removed 9391
12-14 13:25:59.026  2820  3012 D MediaProvider: object removed 9392
12-14 13:25:59.026  2820  3012 D MediaProvider: object removed 9393
12-14 13:25:59.026  2820  3012 D MediaProvider: object removed 9394
12-14 13:25:59.026  2820  3012 D MediaProvider: object removed 9395
12-14 13:25:59.026  2820  3012 D MediaProvider: object removed 9396
12-14 13:25:59.026  2820  3012 D MediaProvider: object removed 9397
12-14 13:25:59.026  2820  3012 D MediaProvider: object removed 9398
12-14 13:25:59.026  2820  3012 D MediaProvider: object removed 9399
12-14 13:25:59.026  2820  3012 D MediaProvider: object removed 9400
12-14 13:25:59.026  2820  3012 D MediaProvider: object removed 9401
12-14 13:25:59.026  2820  3012 D MediaProvider: object removed 9402
12-14 13:25:59.026  2820  3012 D MediaProvider: object removed 9403
12-14 13:25:59.026  2820  3012 D MediaProvider: object removed 9404
12-14 13:25:59.026  2820  3012 D MediaProvider: object removed 9405
12-14 13:25:59.026  2820  3012 D MediaProvider: object removed 9406
12-14 13:25:59.026  2820  3012 D MediaProvider: object removed 9407
12-14 13:25:59.026  2820  3012 D MediaProvider: object removed 9408
12-14 13:25:59.026  2820  3012 D MediaProvider: object removed 9409
12-14 13:25:59.026  2820  3012 D MediaProvider: object removed 9410
12-14 13:25:59.026  2820  3012 D MediaProvider: object removed 9411
12-14 13:25:59.026  2820  3012 D MediaProvider: object removed 9412
12-14 13:25:59.026  2820  3012 D MediaProvider: object removed 9413
12-14 13:25:59.026  2820  3012 D MediaProvider: object removed 9414
12-14 13:25:59.026  2820  3012 D MediaProvider: object removed 9415
12-14 13:25:59.026  2820  3012 D MediaProvider: object removed 9416
12-14 13:25:59.026  2820  3012 D MediaProvider: object removed 9417
12-14 13:25:59.026  2820  3012 D MediaProvider: object removed 9418
12-14 13:25:59.027  2820  3012 D MediaProvider: object removed 9419
12-14 13:25:59.027  2820  3012 D MediaProvider: object removed 9420
12-14 13:25:59.027  2820  3012 D MediaProvider: object removed 9421
12-14 13:25:59.027  2820  3012 D MediaProvider: object removed 9422
12-14 13:25:59.027  2820  3012 D MediaProvider: object removed 9423
12-14 13:25:59.027  2820  3012 D MediaProvider: object removed 9424
12-14 13:25:59.027  2820  3012 D MediaProvider: object removed 9425
12-14 13:25:59.027  2820  3012 D MediaProvider: object removed 9426
12-14 13:25:59.039  2820  3012 D MediaProvider: object removed 9427
12-14 13:25:59.039  2820  3012 D MediaProvider: object removed 9428
12-14 13:25:59.039  2820  3012 D MediaProvider: object removed 9429
12-14 13:25:59.039  2820  3012 D MediaProvider: object removed 9430
12-14 13:25:59.039  2820  3012 D MediaProvider: object removed 9431
12-14 13:25:59.039  2820  3012 D MediaProvider: object removed 9432
12-14 13:25:59.039  2820  3012 D MediaProvider: object removed 9433
12-14 13:25:59.039  2820  3012 D MediaProvider: object removed 9434
12-14 13:25:59.039  2820  3012 D MediaProvider: object removed 9435
12-14 13:25:59.039  2820  3012 D MediaProvider: object removed 9436
12-14 13:25:59.039  2820  3012 D MediaProvider: object removed 9437
12-14 13:25:59.039  2820  3012 D MediaProvider: object removed 9438
12-14 13:25:59.039  2820  3012 D MediaProvider: object removed 9439
12-14 13:25:59.039  2820  3012 D MediaProvider: object removed 9440
12-14 13:25:59.039  2820  3012 D MediaProvider: object removed 9441
12-14 13:25:59.039  2820  3012 D MediaProvider: object removed 9442
12-14 13:25:59.039  2820  3012 D MediaProvider: object removed 9443
12-14 13:25:59.039  2820  3012 D MediaProvider: object removed 9444
12-14 13:25:59.039  2820  3012 D MediaProvider: object removed 9445
12-14 13:25:59.039  2820  3012 D MediaProvider: object removed 9446
12-14 13:25:59.039  2820  3012 D MediaProvider: object removed 9447
12-14 13:25:59.039  2820  3012 D MediaProvider: object removed 9448
12-14 13:25:59.039  2820  3012 D MediaProvider: object removed 9449
12-14 13:25:59.039  2820  3012 D MediaProvider: object removed 9450
12-14 13:25:59.039  2820  3012 D MediaProvider: object removed 9451
12-14 13:25:59.039  2820  3012 D MediaProvider: object removed 9452
12-14 13:25:59.039  2820  3012 D MediaProvider: object removed 9453
12-14 13:25:59.039  2820  3012 D MediaProvider: object removed 9454
12-14 13:25:59.039  2820  3012 D MediaProvider: object removed 9455
12-14 13:25:59.039  2820  3012 D MediaProvider: object removed 9456
12-14 13:25:59.039  2820  3012 D MediaProvider: object removed 9457
12-14 13:25:59.039  2820  3012 D MediaProvider: object removed 9458
12-14 13:25:59.039  2820  3012 D MediaProvider: object removed 9459
12-14 13:25:59.039  2820  3012 D MediaProvider: object removed 9460
12-14 13:25:59.039  2820  3012 D MediaProvider: object removed 9461
12-14 13:25:59.039  2820  3012 D MediaProvider: object removed 9462
12-14 13:25:59.039  2820  3012 D MediaProvider: object removed 9463
12-14 13:25:59.039  2820  3012 D MediaProvider: object removed 9464
12-14 13:25:59.039  2820  3012 D MediaProvider: object removed 9465
12-14 13:25:59.039  2820  3012 D MediaProvider: object removed 9466
12-14 13:25:59.039  2820  3012 D MediaProvider: object removed 9467
12-14 13:25:59.039  2820  3012 D MediaProvider: object removed 9468
12-14 13:25:59.039  2820  3012 D MediaProvider: object removed 9469
12-14 13:25:59.039  2820  3012 D MediaProvider: object removed 9470
12-14 13:25:59.039  2820  3012 D MediaProvider: object removed 9471
12-14 13:25:59.040  2820  3012 D MediaProvider: object removed 9472
12-14 13:25:59.040  2820  3012 D MediaProvider: object removed 9473
12-14 13:25:59.040  2820  3012 D MediaProvider: object removed 9474
12-14 13:25:59.040  2820  3012 D MediaProvider: object removed 9475
12-14 13:25:59.040  2820  3012 D MediaProvider: object removed 9476
12-14 13:25:59.040  2820  3012 D MediaProvider: object removed 9477
12-14 13:25:59.040  2820  3012 D MediaProvider: object removed 9478
12-14 13:25:59.040  2820  3012 D MediaProvider: object removed 9479
12-14 13:25:59.040  2820  3012 D MediaProvider: object removed 9480
12-14 13:25:59.040  2820  3012 D MediaProvider: object removed 9481
12-14 13:25:59.040  2820  3012 D MediaProvider: object removed 9482
12-14 13:25:59.040  2820  3012 D MediaProvider: object removed 9483
12-14 13:25:59.040  2820  3012 D MediaProvider: object removed 9484
12-14 13:25:59.040  2820  3012 D MediaProvider: object removed 9485
12-14 13:25:59.040  2820  3012 D MediaProvider: object removed 9486
12-14 13:25:59.040  2820  3012 D MediaProvider: object removed 9487
12-14 13:25:59.040  2820  3012 D MediaProvider: object removed 9488
12-14 13:25:59.040  2820  3012 D MediaProvider: object removed 9489
12-14 13:25:59.040  2820  3012 D MediaProvider: object removed 9490
12-14 13:25:59.040  2820  3012 D MediaProvider: object removed 9491
12-14 13:25:59.040  2820  3012 D MediaProvider: object removed 9492
12-14 13:25:59.040  2820  3012 D MediaProvider: object removed 9493
12-14 13:25:59.040  2820  3012 D MediaProvider: object removed 9494
12-14 13:25:59.040  2820  3012 D MediaProvider: object removed 9495
12-14 13:25:59.040  2820  3012 D MediaProvider: object removed 9496
12-14 13:25:59.040  2820  3012 D MediaProvider: object removed 9497
12-14 13:25:59.040  2820  3012 D MediaProvider: object removed 9498
12-14 13:25:59.040  2820  3012 D MediaProvider: object removed 9499
12-14 13:25:59.040  2820  3012 D MediaProvider: object removed 9500
12-14 13:25:59.040  2820  3012 D MediaProvider: object removed 9501
12-14 13:25:59.040  2820  3012 D MediaProvider: object removed 9502
12-14 13:25:59.040  2820  3012 D MediaProvider: object removed 9503
12-14 13:25:59.040  2820  3012 D MediaProvider: object removed 9504
12-14 13:25:59.040  2820  3012 D MediaProvider: object removed 9505
12-14 13:25:59.040  2820  3012 D MediaProvider: object removed 9506
12-14 13:25:59.040  2820  3012 D MediaProvider: object removed 9507
12-14 13:25:59.040  2820  3012 D MediaProvider: object removed 9508
12-14 13:25:59.040  2820  3012 D MediaProvider: object removed 9509
12-14 13:25:59.040  2820  3012 D MediaProvider: object removed 9510
12-14 13:25:59.040  2820  3012 D MediaProvider: object removed 9511
12-14 13:25:59.040  2820  3012 D MediaProvider: object removed 9512
12-14 13:25:59.040  2820  3012 D MediaProvider: object removed 9513
12-14 13:25:59.040  2820  3012 D MediaProvider: object removed 9514
12-14 13:25:59.040  2820  3012 D MediaProvider: object removed 9515
12-14 13:25:59.040  2820  3012 D MediaProvider: object removed 9516
12-14 13:25:59.040  2820  3012 D MediaProvider: object removed 9517
12-14 13:25:59.040  2820  3012 D MediaProvider: object removed 9518
12-14 13:25:59.040  2820  3012 D MediaProvider: object removed 9519
12-14 13:25:59.040  2820  3012 D MediaProvider: object removed 9520
12-14 13:25:59.040  2820  3012 D MediaProvider: object removed 9521
12-14 13:25:59.040  2820  3012 D MediaProvider: object removed 9522
12-14 13:25:59.040  2820  3012 D MediaProvider: object removed 9523
12-14 13:25:59.040  2820  3012 D MediaProvider: object removed 9524
12-14 13:25:59.040  2820  3012 D MediaProvider: object removed 9525
12-14 13:25:59.040  2820  3012 D MediaProvider: object removed 9526
12-14 13:25:59.040  2820  3012 D MediaProvider: object removed 9527
12-14 13:25:59.042  3233  3233 W dhcpcd  : eth0: NAK: lease not found from 192.168.0.1
12-14 13:25:59.045  2820  3012 D MediaProvider: object removed 9528
12-14 13:25:59.045  2820  3012 D MediaProvider: object removed 9529
12-14 13:25:59.045  2820  3012 D MediaProvider: object removed 9530
12-14 13:25:59.045  2820  3012 D MediaProvider: object removed 9531
12-14 13:25:59.045  2820  3012 D MediaProvider: object removed 9532
12-14 13:25:59.045  2820  3012 D MediaProvider: object removed 9533
12-14 13:25:59.045  2820  3012 D MediaProvider: object removed 9534
12-14 13:25:59.045  2820  3012 D MediaProvider: object removed 9535
12-14 13:25:59.045  2820  3012 D MediaProvider: object removed 9536
12-14 13:25:59.045  2820  3012 D MediaProvider: object removed 9537
12-14 13:25:59.045  2820  3012 D MediaProvider: object removed 9538
12-14 13:25:59.045  2820  3012 D MediaProvider: object removed 9539
12-14 13:25:59.045  2820  3012 D MediaProvider: object removed 9540
12-14 13:25:59.045  2820  3012 D MediaProvider: object removed 9541
12-14 13:25:59.045  2820  3012 D MediaProvider: object removed 9542
12-14 13:25:59.045  2820  3012 D MediaProvider: object removed 9543
12-14 13:25:59.045  2820  3012 D MediaProvider: object removed 9544
12-14 13:25:59.045  2820  3012 D MediaProvider: object removed 9545
12-14 13:25:59.045  2820  3012 D MediaProvider: object removed 9546
12-14 13:25:59.045  2820  3012 D MediaProvider: object removed 9547
12-14 13:25:59.045  2820  3012 D MediaProvider: object removed 9548
12-14 13:25:59.045  2820  3012 D MediaProvider: object removed 9549
12-14 13:25:59.046  2820  3012 D MediaProvider: object removed 9550
12-14 13:25:59.046  2820  3012 D MediaProvider: object removed 9551
12-14 13:25:59.046  2820  3012 D MediaProvider: object removed 9552
12-14 13:25:59.046  2820  3012 D MediaProvider: object removed 9553
12-14 13:25:59.046  2820  3012 D MediaProvider: object removed 9554
12-14 13:25:59.046  2820  3012 D MediaProvider: object removed 9555
12-14 13:25:59.046  2820  3012 D MediaProvider: object removed 9556
12-14 13:25:59.046  2820  3012 D MediaProvider: object removed 9557
12-14 13:25:59.046  2820  3012 D MediaProvider: object removed 9558
12-14 13:25:59.046  2820  3012 D MediaProvider: object removed 9559
12-14 13:25:59.046  2820  3012 D MediaProvider: object removed 9560
12-14 13:25:59.046  2820  3012 D MediaProvider: object removed 9561
12-14 13:25:59.046  2820  3012 D MediaProvider: object removed 9562
12-14 13:25:59.046  2820  3012 D MediaProvider: object removed 9563
12-14 13:25:59.046  2820  3012 D MediaProvider: object removed 9564
12-14 13:25:59.046  2820  3012 D MediaProvider: object removed 9565
12-14 13:25:59.046  2820  3012 D MediaProvider: object removed 9566
12-14 13:25:59.046  2820  3012 D MediaProvider: object removed 9567
12-14 13:25:59.046  2820  3012 D MediaProvider: object removed 9568
12-14 13:25:59.046  2820  3012 D MediaProvider: object removed 9569
12-14 13:25:59.046  2820  3012 D MediaProvider: object removed 9570
12-14 13:25:59.046  2820  3012 D MediaProvider: object removed 9571
12-14 13:25:59.046  2820  3012 D MediaProvider: object removed 9572
12-14 13:25:59.046  2820  3012 D MediaProvider: object removed 9573
12-14 13:25:59.046  2820  3012 D MediaProvider: object removed 9574
12-14 13:25:59.046  2820  3012 D MediaProvider: object removed 9575
12-14 13:25:59.046  2820  3012 D MediaProvider: object removed 9576
12-14 13:25:59.046  2820  3012 D MediaProvider: object removed 9577
12-14 13:25:59.046  2820  3012 D MediaProvider: object removed 9578
12-14 13:25:59.046  2820  3012 D MediaProvider: object removed 9579
12-14 13:25:59.046  2820  3012 D MediaProvider: object removed 9580
12-14 13:25:59.046  2820  3012 D MediaProvider: object removed 9581
12-14 13:25:59.046  2820  3012 D MediaProvider: object removed 9582
12-14 13:25:59.046  2820  3012 D MediaProvider: object removed 9583
12-14 13:25:59.046  2820  3012 D MediaProvider: object removed 9584
12-14 13:25:59.046  2820  3012 D MediaProvider: object removed 9585
12-14 13:25:59.046  2820  3012 D MediaProvider: object removed 9586
12-14 13:25:59.046  2820  3012 D MediaProvider: object removed 9587
12-14 13:25:59.046  2820  3012 D MediaProvider: object removed 9588
12-14 13:25:59.046  2820  3012 D MediaProvider: object removed 9589
12-14 13:25:59.046  2820  3012 D MediaProvider: object removed 9590
12-14 13:25:59.046  2820  3012 D MediaProvider: object removed 9591
12-14 13:25:59.047  2820  3012 D MediaProvider: object removed 9592
12-14 13:25:59.047  2820  3012 D MediaProvider: object removed 9593
12-14 13:25:59.047  2820  3012 D MediaProvider: object removed 9594
12-14 13:25:59.047  2820  3012 D MediaProvider: object removed 9595
12-14 13:25:59.047  2820  3012 D MediaProvider: object removed 9596
12-14 13:25:59.047  2820  3012 D MediaProvider: object removed 9597
12-14 13:25:59.047  2820  3012 D MediaProvider: object removed 9598
12-14 13:25:59.047  2820  3012 D MediaProvider: object removed 9599
12-14 13:25:59.047  2820  3012 D MediaProvider: object removed 9600
12-14 13:25:59.047  2820  3012 D MediaProvider: object removed 9601
12-14 13:25:59.047  2820  3012 D MediaProvider: object removed 9602
12-14 13:25:59.047  2820  3012 D MediaProvider: object removed 9603
12-14 13:25:59.047  2820  3012 D MediaProvider: object removed 9604
12-14 13:25:59.047  2820  3012 D MediaProvider: object removed 9605
12-14 13:25:59.047  2820  3012 D MediaProvider: object removed 9606
12-14 13:25:59.047  2820  3012 D MediaProvider: object removed 9607
12-14 13:25:59.047  2820  3012 D MediaProvider: object removed 9608
12-14 13:25:59.047  2820  3012 D MediaProvider: object removed 9609
12-14 13:25:59.047  2820  3012 D MediaProvider: object removed 9610
12-14 13:25:59.047  2820  3012 D MediaProvider: object removed 9611
12-14 13:25:59.047  2820  3012 D MediaProvider: object removed 9612
12-14 13:25:59.047  2820  3012 D MediaProvider: object removed 9613
12-14 13:25:59.047  2820  3012 D MediaProvider: object removed 9614
12-14 13:25:59.047  2820  3012 D MediaProvider: object removed 9615
12-14 13:25:59.047  2820  3012 D MediaProvider: object removed 9616
12-14 13:25:59.047  2820  3012 D MediaProvider: object removed 9617
12-14 13:25:59.047  2820  3012 D MediaProvider: object removed 9618
12-14 13:25:59.047  2820  3012 D MediaProvider: object removed 9619
12-14 13:25:59.047  2820  3012 D MediaProvider: object removed 9620
12-14 13:25:59.047  2820  3012 D MediaProvider: object removed 9621
12-14 13:25:59.047  2820  3012 D MediaProvider: object removed 9622
12-14 13:25:59.047  2820  3012 D MediaProvider: object removed 9623
12-14 13:25:59.047  2820  3012 D MediaProvider: object removed 9624
12-14 13:25:59.047  2820  3012 D MediaProvider: object removed 9625
12-14 13:25:59.047  2101  2445 I ActivityManager: Start proc 3246:com.android.exchange/u0a36 for service com.android.exchange/.service.EasService
12-14 13:25:59.047  2820  3012 D MediaProvider: object removed 9626
12-14 13:25:59.047  2820  3012 D MediaProvider: object removed 9627
12-14 13:25:59.047  2820  3012 D MediaProvider: object removed 9628
12-14 13:25:59.051  3246  3246 I ActivityThread: Switching default density from 160 to 240
12-14 13:25:59.051  3209  3271 D ActivityThread: Loading provider com.android.email.provider;com.android.email.notifier: com.android.email.provider.EmailProvider
12-14 13:25:59.052  3209  3274 D ActivityThread: Loading provider com.android.email.provider;com.android.email.notifier: com.android.email.provider.EmailProvider
12-14 13:25:59.052  3209  3276 D ActivityThread: Loading provider com.android.email.provider;com.android.email.notifier: com.android.email.provider.EmailProvider
12-14 13:25:59.053  3209  3278 D ActivityThread: Loading provider com.android.email.provider;com.android.email.notifier: com.android.email.provider.EmailProvider
12-14 13:25:59.069  2820  3012 D MediaProvider: object removed 9629
12-14 13:25:59.069  2820  3012 D MediaProvider: object removed 9630
12-14 13:25:59.070  2820  3012 D MediaProvider: object removed 9631
12-14 13:25:59.070  2820  3012 D MediaProvider: object removed 9632
12-14 13:25:59.070  2820  3012 D MediaProvider: object removed 9633
12-14 13:25:59.070  2820  3012 D MediaProvider: object removed 9634
12-14 13:25:59.070  2820  3012 D MediaProvider: object removed 9635
12-14 13:25:59.070  2820  3012 D MediaProvider: object removed 9636
12-14 13:25:59.070  2820  3012 D MediaProvider: object removed 9637
12-14 13:25:59.070  2820  3012 D MediaProvider: object removed 9638
12-14 13:25:59.070  2820  3012 D MediaProvider: object removed 9639
12-14 13:25:59.070  2820  3012 D MediaProvider: object removed 9640
12-14 13:25:59.070  2820  3012 D MediaProvider: object removed 9641
12-14 13:25:59.070  2820  3012 D MediaProvider: object removed 9642
12-14 13:25:59.070  2820  3012 D MediaProvider: object removed 9643
12-14 13:25:59.070  2820  3012 D MediaProvider: object removed 9644
12-14 13:25:59.070  2820  3012 D MediaProvider: object removed 9645
12-14 13:25:59.070  2820  3012 D MediaProvider: object removed 9646
12-14 13:25:59.070  2820  3012 D MediaProvider: object removed 9647
12-14 13:25:59.070  2820  3012 D MediaProvider: object removed 9648
12-14 13:25:59.070  2820  3012 D MediaProvider: object removed 9649
12-14 13:25:59.070  2820  3012 D MediaProvider: object removed 9650
12-14 13:25:59.070  2820  3012 D MediaProvider: object removed 9651
12-14 13:25:59.070  2820  3012 D MediaProvider: object removed 9652
12-14 13:25:59.070  2820  3012 D MediaProvider: object removed 9653
12-14 13:25:59.070  2820  3012 D MediaProvider: object removed 9654
