I/ExcludingStoppedHook( 2431): actioncom.google.android.gms.gcm.ACTION_SCHEDULE
I/ExcludingStoppedHook( 2431): actioncom.google.android.gms.gcm.ACTION_SCHEDULE
I/ExcludingStoppedHook( 2431): actioncom.google.android.gms.gcm.ACTION_SCHEDULE
I/ExcludingStoppedHook( 2431): actioncom.google.android.gms.gcm.ACTION_SCHEDULE
I/ExcludingStoppedHook( 2431): actioncom.google.android.gms.gcm.ACTION_SCHEDULE
I/ExcludingStoppedHook( 2431): actioncom.google.android.gms.gcm.ACTION_SCHEDULE
I/ExcludingStoppedHook( 2431): actioncom.google.android.gms.gcm.ACTION_SCHEDULE
I/ExcludingStoppedHook( 2431): actioncom.google.android.gms.gcm.ACTION_SCHEDULE
I/ExcludingStoppedHook( 2431): actioncom.google.android.gms.gcm.ACTION_SCHEDULE
I/ExcludingStoppedHook( 2431): actioncom.google.android.gms.gcm.ACTION_SCHEDULE
I/ExcludingStoppedHook( 2431): actioncom.google.android.gms.gcm.ACTION_SCHEDULE
I/ExcludingStoppedHook( 2431): actioncom.google.android.gms.gcm.ACTION_SCHEDULE
I/ExcludingStoppedHook( 2431): actioncom.google.android.gms.gcm.ACTION_SCHEDULE
I/ExcludingStoppedHook( 2431): actioncom.google.android.gms.gcm.ACTION_SCHEDULE
I/ExcludingStoppedHook( 2431): actioncom.google.android.gms.gcm.ACTION_SCHEDULE
I/ExcludingStoppedHook( 2431): actioncom.google.android.gms.gcm.ACTION_SCHEDULE
D/Prevent ( 2431): allow com.google.android.gms to use gms for next service
I/ExcludingStoppedHook( 2431): actioncom.google.android.gms.gcm.ACTION_SCHEDULE
I/ExcludingStoppedHook( 2431): actioncom.google.android.gms.gcm.ACTION_SCHEDULE
I/ExcludingStoppedHook( 2431): actioncom.google.android.gms.gcm.ACTION_SCHEDULE
I/ExcludingStoppedHook( 2431): actioncom.google.android.gms.gcm.ACTION_SCHEDULE
I/ExcludingStoppedHook( 2431): actioncom.google.android.gms.gcm.ACTION_SCHEDULE
I/ExcludingStoppedHook( 2431): actioncom.google.android.gms.gcm.ACTION_SCHEDULE
I/ExcludingStoppedHook( 2431): actioncom.google.android.gms.gcm.ACTION_SCHEDULE
I/ExcludingStoppedHook( 2431): actioncom.google.android.gms.gcm.ACTION_SCHEDULE
I/ExcludingStoppedHook( 2431): actioncom.google.android.gms.gcm.ACTION_SCHEDULE
I/ExcludingStoppedHook( 2431): actioncom.google.android.gms.gcm.ACTION_SCHEDULE
I/ExcludingStoppedHook( 2431): actioncom.google.android.gms.gcm.ACTION_SCHEDULE
I/ExcludingStoppedHook( 2431): actioncom.google.android.gms.gcm.ACTION_SCHEDULE
I/ExcludingStoppedHook( 2431): actioncom.google.android.gms.gcm.ACTION_SCHEDULE
I/ExcludingStoppedHook( 2431): actioncom.google.android.gms.gcm.ACTION_SCHEDULE
I/ExcludingStoppedHook( 2431): actioncom.google.android.gms.gcm.ACTION_SCHEDULE
I/ExcludingStoppedHook( 2431): actioncom.google.android.gms.gcm.ACTION_SCHEDULE
I/ExcludingStoppedHook( 2431): actioncom.google.android.gms.gcm.ACTION_SCHEDULE
I/ExcludingStoppedHook( 2431): actioncom.google.android.gms.gcm.ACTION_SCHEDULE
I/ExcludingStoppedHook( 2431): actioncom.google.android.gms.gcm.ACTION_SCHEDULE
I/ExcludingStoppedHook( 2431): actioncom.google.android.gms.gcm.ACTION_SCHEDULE
I/ExcludingStoppedHook( 2431): actioncom.google.android.gms.gcm.ACTION_SCHEDULE
I/ExcludingStoppedHook( 2431): actioncom.google.android.gms.gcm.ACTION_SCHEDULE
I/ExcludingStoppedHook( 2431): actioncom.google.android.gms.gcm.ACTION_SCHEDULE
I/ExcludingStoppedHook( 2431): actioncom.google.android.gms.gcm.ACTION_SCHEDULE
I/ExcludingStoppedHook( 2431): actioncom.google.android.gms.gcm.ACTION_SCHEDULE
I/ExcludingStoppedHook( 2431): actioncom.google.android.gms.gcm.ACTION_SCHEDULE
I/ExcludingStoppedHook( 2431): actioncom.google.android.gms.gcm.ACTION_SCHEDULE
I/ExcludingStoppedHook( 2431): actioncom.google.android.gms.gcm.ACTION_SCHEDULE
I/ExcludingStoppedHook( 2431): actioncom.google.android.gms.gcm.ACTION_SCHEDULE
I/ExcludingStoppedHook( 2431): actioncom.google.android.gms.gcm.ACTION_SCHEDULE
I/ExcludingStoppedHook( 2431): actioncom.google.android.gms.gcm.ACTION_SCHEDULE
I/ExcludingStoppedHook( 2431): actioncom.google.android.gms.gcm.ACTION_SCHEDULE
I/ExcludingStoppedHook( 2431): actioncom.google.android.gms.gcm.ACTION_SCHEDULE
I/ExcludingStoppedHook( 2431): actioncom.google.android.gms.gcm.ACTION_SCHEDULE
I/ExcludingStoppedHook( 2431): actioncom.google.android.gms.gcm.ACTION_SCHEDULE
D/houdini (28987): [29016] Added shared library /data/app/com.tencent.mm-2/lib/arm/libwechatmm.so for ClassLoader by Native Bridge.
D/houdini (28987): [29016] Added shared library /data/app/com.tencent.mm-2/lib/arm/libFFmpeg.so for ClassLoader by Native Bridge.
D/houdini (28987): [29016] Added shared library /data/app/com.tencent.mm-2/lib/arm/libwechatpack.so for ClassLoader by Native Bridge.
D/houdini (28987): [29016] Added shared library /data/app/com.tencent.mm-2/lib/arm/libwechatsight_v7a.so for ClassLoader by Native Bridge.
E/Vold    ( 2150): Failed to find mounted volume for /storage/usb0/Android/data/com.tencent.mm/cache/
W/ContextImpl(28987): Failed to ensure directory: /storage/usb0/Android/data/com.tencent.mm/cache
E/Vold    ( 2150): Failed to find mounted volume for /storage/usb1/Android/data/com.tencent.mm/cache/
W/art     ( 4923): Native thread exiting without having called DetachCurrentThread (maybe it's going to use a pthread_key_create destructor?): Thread[38,tid=28982,Native,Thread*=0xedc84400,peer=0x137621c0,"default"]
W/ContextImpl(28987): Failed to ensure directory: /storage/usb1/Android/data/com.tencent.mm/cache
E/Vold    ( 2150): Failed to find mounted volume for /storage/usb2/Android/data/com.tencent.mm/cache/
W/ContextImpl(28987): Failed to ensure directory: /storage/usb2/Android/data/com.tencent.mm/cache
E/Vold    ( 2150): Failed to find mounted volume for /storage/usb3/Android/data/com.tencent.mm/cache/
W/ContextImpl(28987): Failed to ensure directory: /storage/usb3/Android/data/com.tencent.mm/cache
E/Vold    ( 2150): Failed to find mounted volume for /storage/sdcard1/Android/data/com.tencent.mm/cache/
W/ContextImpl(28987): Failed to ensure directory: /storage/sdcard1/Android/data/com.tencent.mm/cache
I/ActivityManager( 2431): START u0 {flg=0x18000000 cmp=com.tencent.docs/.wxapi.WXEntryActivity (has extras)} from uid 10067 on display 0
W/ContextImpl( 2431): Calling a method in the system process without a qualified user: android.app.ContextImpl.sendBroadcast:1327 com.android.server.wm.WindowManagerService.showStatusbarBroadcast:12104 com.android.server.am.ActivityStackSupervisor.adjustStackFocus:1672 com.android.server.am.ActivityStackSupervisor.startActivityUncheckedLocked:2402 com.android.server.am.ActivityStackSupervisor.startActivityLocked:1585 
I/ExcludingStoppedHook( 2431): actionandroid.intent.statusbar.show
V/WindowManager( 2431): ++++xiej, 04-13,7:26, getOrientationFromAppTokensLocked
W/ContextImpl( 2431): Calling a method in the system process without a qualified user: android.app.ContextImpl.sendBroadcast:1327 com.android.server.wm.WindowManagerService.hideStatusbarBroadcast:12094 com.android.server.am.ActivityStackSupervisor.mayAutoHideStatusBar:1884 com.android.server.am.ActivityStackSupervisor.adjustStatusBar:1891 com.android.server.am.ActivityStackSupervisor.setFocusedStack:1861 
I/ExcludingStoppedHook( 2431): actionandroid.intent.statusbar.hide
W/ContextImpl( 2431): Calling a method in the system process without a qualified user: android.app.ContextImpl.sendBroadcast:1327 com.android.server.wm.WindowManagerService.hideStatusbarBroadcast:12094 com.android.server.am.ActivityStackSupervisor.mayAutoHideStatusBar:1884 com.android.server.am.ActivityStackSupervisor.moveHomeStack:455 com.android.server.am.ActivityStack.moveToFront:493 
I/ExcludingStoppedHook( 2431): actionandroid.intent.statusbar.hide
W/ContextImpl( 2431): Calling a method in the system process without a qualified user: android.app.ContextImpl.sendBroadcast:1327 com.android.server.wm.WindowManagerService.hideStatusbarBroadcast:12094 com.android.server.am.ActivityStackSupervisor.mayAutoHideStatusBar:1884 com.android.server.am.ActivityStackSupervisor.adjustStatusBar:1891 com.android.server.am.ActivityStackSupervisor.setFocusedStack:1861 
I/ExcludingStoppedHook( 2431): actionandroid.intent.statusbar.hide
V/WindowManager( 2431): addAppToken: AppWindowToken{30e0697a token=Token{2afe41a5 ActivityRecord{2f47039c u0 com.tencent.docs/.wxapi.WXEntryActivity t89}}} to stack=53 task=89 at 0
W/System.err( 2431): java.io.FileNotFoundException: /proc/21699/stat: open failed: ENOENT (No such file or directory)
W/System.err( 2431): 	at libcore.io.IoBridge.open(IoBridge.java:456)
W/System.err( 2431): 	at java.io.FileInputStream.<init>(FileInputStream.java:76)
W/System.err( 2431): 	at java.io.FileInputStream.<init>(FileInputStream.java:103)
W/System.err( 2431): 	at java.io.FileReader.<init>(FileReader.java:66)
W/System.err( 2431): 	at com.wenming.library.processutil.models.ProcFile.readFile(ProcFile.java:43)
W/System.err( 2431): 	at com.wenming.library.processutil.models.ProcFile.<init>(ProcFile.java:60)
W/System.err( 2431): 	at com.wenming.library.processutil.models.Stat.<init>(Stat.java:180)
W/System.err( 2431): 	at com.wenming.library.processutil.models.Stat.get(Stat.java:174)
W/System.err( 2431): 	at com.wenming.library.processutil.models.AndroidProcess.getProcessName(AndroidProcess.java:44)
W/System.err( 2431): 	at com.wenming.library.processutil.models.AndroidProcess.<init>(AndroidProcess.java:65)
W/System.err( 2431): 	at com.wenming.library.processutil.models.AndroidAppProcess.<init>(AndroidAppProcess.java:46)
W/System.err( 2431): 	at org.openthos.taskmanager.prevent.framework.ActivityReceiver.checkPid(ActivityReceiver.java:86)
W/System.err( 2431): 	at org.openthos.taskmanager.prevent.framework.ActivityReceiver.countCounter(ActivityReceiver.java:68)
W/System.err( 2431): 	at org.openthos.taskmanager.prevent.framework.ActivityReceiver.countCounter(ActivityReceiver.java:55)
W/System.err( 2431): 	at org.openthos.taskmanager.prevent.framework.ActivityReceiver.onUserLeavingActivity(ActivityReceiver.java:223)
W/System.err( 2431): 	at org.openthos.taskmanager.prevent.framework.SystemReceiver.onUserLeavingActivity(SystemReceiver.java:53)
W/System.err( 2431): 	at org.openthos.taskmanager.prevent.framework.SystemHook.onUserLeavingActivity(SystemHook.java:467)
W/System.err( 2431): 	at org.openthos.taskmanager.prevent.framework.PreventRunning.onUserLeavingActivity(PreventRunning.java:98)
W/System.err( 2431): 	at org.openthos.taskmanager.prevent.xposed.SystemServiceHook$PauseActivityHook.afterHookedMethod(SystemServiceHook.java:662)
W/System.err( 2431): 	at de.robv.android.xposed.XposedBridge.handleHookedMethod(XposedBridge.java:374)
W/System.err( 2431): 	at android.app.ApplicationThreadProxy.schedulePauseActivity(<Xposed>)
W/System.err( 2431): 	at com.android.server.am.ActivityStack.startPausingLocked(ActivityStack.java:839)
W/System.err( 2431): 	at com.android.server.am.ActivityStackSupervisor.pauseBackStacks(ActivityStackSupervisor.java:690)
W/System.err( 2431): 	at com.android.server.am.ActivityStack.resumeTopActivityInnerLocked(ActivityStack.java:1656)
W/System.err( 2431): 	at com.android.server.am.ActivityStack.resumeTopActivityLocked(ActivityStack.java:1487)
W/System.err( 2431): 	at com.android.server.am.ActivityStackSupervisor.resumeTopActivitiesLocked(ActivityStackSupervisor.java:2809)
W/System.err( 2431): 	at com.android.server.am.ActivityStack.startActivityLocked(ActivityStack.java:2132)
W/System.err( 2431): 	at com.android.server.am.ActivityStackSupervisor.startActivityUncheckedLocked(ActivityStackSupervisor.java:2549)
W/System.err( 2431): 	at com.android.server.am.ActivityStackSupervisor.startActivityLocked(ActivityStackSupervisor.java:1585)
W/System.err( 2431): 	at com.android.server.am.ActivityStackSupervisor.startActivityMayWait(ActivityStackSupervisor.java:1011)
W/System.err( 2431): 	at com.android.server.am.ActivityManagerService.startActivityAsUser(ActivityManagerService.java:3521)
W/System.err( 2431): 	at com.android.server.am.ActivityManagerService.startActivity(ActivityManagerService.java:3508)
W/System.err( 2431): 	at de.robv.android.xposed.XposedBridge.invokeOriginalMethodNative(Native Method)
W/System.err( 2431): 	at de.robv.android.xposed.XposedBridge.handleHookedMethod(XposedBridge.java:360)
W/System.err( 2431): 	at com.android.server.am.ActivityManagerService.startActivity(<Xposed>)
W/System.err( 2431): 	at android.app.ActivityManagerNative.onTransact(ActivityManagerNative.java:154)
W/System.err( 2431): 	at com.android.server.am.ActivityManagerService.onTransact(ActivityManagerService.java:2309)
W/System.err( 2431): 	at android.os.Binder.execTransact(Binder.java:446)
W/System.err( 2431): Caused by: android.system.ErrnoException: open failed: ENOENT (No such file or directory)
W/System.err( 2431): 	at libcore.io.Posix.open(Native Method)
W/System.err( 2431): 	at libcore.io.BlockGuardOs.open(BlockGuardOs.java:186)
W/System.err( 2431): 	at libcore.io.IoBridge.open(IoBridge.java:442)
W/System.err( 2431): 	... 37 more
D/Prevent ( 2431): action: user leaving activity, package: com.tencent.mm, count: 1
W/ContextImpl( 2431): Calling a method in the system process without a qualified user: android.app.ContextImpl.sendBroadcast:1327 com.android.server.wm.WindowManagerService.hideStatusbarBroadcast:12094 com.android.server.am.ActivityStackSupervisor.mayAutoHideStatusBar:1884 com.android.server.am.ActivityStackSupervisor.adjustStatusBar:1891 com.android.server.am.ActivityStackSupervisor.setFocusedStack:1861 
I/ExcludingStoppedHook( 2431): actionandroid.intent.statusbar.hide
I/ExcludingStoppedHook( 2431): actioncom.tencent.mm.Intent.ACTION_NET_STATS
I/ExcludingStoppedHook( 2431): actioncom.tencent.mm.ui.ACTION_DEACTIVE
E/WindowState( 2431): getStack: Window{f5732b3 u0 com.tencent.mm/com.tencent.mm.plugin.webview.ui.tools.SDKOAuthUI} couldn't find taskId=88 Callers=com.android.server.wm.WindowState.getDisplayContent:866 com.android.server.wm.WindowState.getDisplayId:871 com.android.server.wm.InputMonitor.updateInputWindowsLw:294 com.android.server.wm.InputMonitor.resumeDispatchingLw:464 
E/WindowState( 2431): getStack: Window{f5732b3 u0 com.tencent.mm/com.tencent.mm.plugin.webview.ui.tools.SDKOAuthUI} couldn't find taskId=88 Callers=com.android.server.wm.WindowState.getStackBounds:896 com.android.server.wm.InputMonitor.addInputWindowHandleLw:180 com.android.server.wm.InputMonitor.updateInputWindowsLw:313 com.android.server.wm.InputMonitor.resumeDispatchingLw:464 
V/WindowManager( 2431): ++++xiej, 04-13,7:26, getOrientationFromAppTokensLocked
V/Prevent ( 2431): launch, current: [com.tencent.docs, com.termux, org.mozilla.fennec_openthos, org.openthos.filemanager, com.android.launcher3]
W/System.err( 2431): java.io.FileNotFoundException: /proc/27089/stat: open failed: ENOENT (No such file or directory)
W/System.err( 2431): 	at libcore.io.IoBridge.open(IoBridge.java:456)
W/System.err( 2431): 	at java.io.FileInputStream.<init>(FileInputStream.java:76)
W/System.err( 2431): 	at java.io.FileInputStream.<init>(FileInputStream.java:103)
W/System.err( 2431): 	at java.io.FileReader.<init>(FileReader.java:66)
W/System.err( 2431): 	at com.wenming.library.processutil.models.ProcFile.readFile(ProcFile.java:43)
W/System.err( 2431): 	at com.wenming.library.processutil.models.ProcFile.<init>(ProcFile.java:60)
W/System.err( 2431): 	at com.wenming.library.processutil.models.Stat.<init>(Stat.java:180)
W/System.err( 2431): 	at com.wenming.library.processutil.models.Stat.get(Stat.java:174)
W/System.err( 2431): 	at com.wenming.library.processutil.models.AndroidProcess.getProcessName(AndroidProcess.java:44)
W/System.err( 2431): 	at com.wenming.library.processutil.models.AndroidProcess.<init>(AndroidProcess.java:65)
W/System.err( 2431): 	at com.wenming.library.processutil.models.AndroidAppProcess.<init>(AndroidAppProcess.java:46)
W/System.err( 2431): 	at org.openthos.taskmanager.prevent.framework.ActivityReceiver.checkPid(ActivityReceiver.java:86)
W/System.err( 2431): 	at org.openthos.taskmanager.prevent.framework.ActivityReceiver.countCounter(ActivityReceiver.java:68)
W/System.err( 2431): 	at org.openthos.taskmanager.prevent.framework.ActivityReceiver.onLaunchActivity(ActivityReceiver.java:165)
W/System.err( 2431): 	at org.openthos.taskmanager.prevent.framework.SystemReceiver.onLaunchActivity(SystemReceiver.java:53)
W/System.err( 2431): 	at org.openthos.taskmanager.prevent.framework.SystemHook.onLaunchActivity(SystemHook.java:443)
W/System.err( 2431): 	at org.openthos.taskmanager.prevent.framework.PreventRunning.onLaunchActivity(PreventRunning.java:84)
W/System.err( 2431): 	at org.openthos.taskmanager.prevent.xposed.SystemServiceHook$LaunchActivityHook.afterHookedMethod(SystemServiceHook.java:644)
W/System.err( 2431): 	at de.robv.android.xposed.XposedBridge.handleHookedMethod(XposedBridge.java:374)
W/System.err( 2431): 	at android.app.ApplicationThreadProxy.scheduleLaunchActivity(<Xposed>)
W/System.err( 2431): 	at com.android.server.am.ActivityStackSupervisor.realStartActivityLocked(ActivityStackSupervisor.java:1251)
W/System.err( 2431): 	at com.android.server.am.ActivityStackSupervisor.startSpecificActivityLocked(ActivityStackSupervisor.java:1351)
W/System.err( 2431): 	at com.android.server.am.ActivityStack.resumeTopActivityInnerLocked(ActivityStack.java:1933)
W/System.err( 2431): 	at com.android.server.am.ActivityStack.resumeTopActivityLocked(ActivityStack.java:1487)
W/System.err( 2431): 	at com.android.server.am.ActivityStackSupervisor.resumeTopActivitiesLocked(ActivityStackSupervisor.java:2809)
W/System.err( 2431): 	at com.android.server.am.ActivityStack.completePauseLocked(ActivityStack.java:1012)
W/System.err( 2431): 	at com.android.server.am.ActivityStack.activityPausedLocked(ActivityStack.java:910)
W/System.err( 2431): 	at com.android.server.am.ActivityManagerService.activityPaused(ActivityManagerService.java:6504)
W/System.err( 2431): 	at android.app.ActivityManagerNative.onTransact(ActivityManagerNative.java:527)
W/System.err( 2431): 	at com.android.server.am.ActivityManagerService.onTransact(ActivityManagerService.java:2309)
W/System.err( 2431): 	at android.os.Binder.execTransact(Binder.java:446)
W/System.err( 2431): Caused by: android.system.ErrnoException: open failed: ENOENT (No such file or directory)
W/System.err( 2431): 	at libcore.io.Posix.open(Native Method)
W/System.err( 2431): 	at libcore.io.BlockGuardOs.open(BlockGuardOs.java:186)
W/System.err( 2431): 	at libcore.io.IoBridge.open(IoBridge.java:442)
W/System.err( 2431): 	... 30 more
D/Prevent ( 2431): action: start activity, package: com.tencent.docs, count: 2
E/WindowState( 2431): getStack: Window{521c1ed u0 com.tencent.mm/com.tencent.mm.plugin.webview.ui.tools.SDKOAuthUI EXITING} couldn't find taskId=88 Callers=com.android.server.wm.WindowManagerService.performLayoutAndPlaceSurfacesLockedInner:9976 com.android.server.wm.WindowManagerService.performLayoutAndPlaceSurfacesLockedLoop:9015 com.android.server.wm.WindowManagerService.performLayoutAndPlaceSurfacesLocked:8957 com.android.server.wm.WindowManagerService.executeAppTransition:4241 
E/WindowState( 2431): getStack: Window{521c1ed u0 com.tencent.mm/com.tencent.mm.plugin.webview.ui.tools.SDKOAuthUI EXITING} couldn't find taskId=88 Callers=com.android.server.wm.WindowState.getDisplayContent:866 com.android.server.wm.WindowManagerService.handleNotObscuredLocked:9747 com.android.server.wm.WindowManagerService.performLayoutAndPlaceSurfacesLockedInner:9986 com.android.server.wm.WindowManagerService.performLayoutAndPlaceSurfacesLockedLoop:9015 
E/WindowState( 2431): getStack: Window{521c1ed u0 com.tencent.mm/com.tencent.mm.plugin.webview.ui.tools.SDKOAuthUI EXITING} couldn't find taskId=88 Callers=com.android.server.wm.WindowState.getDisplayContent:866 com.android.server.wm.WindowStateAnimator.updateSurfaceWindowCrop:1292 com.android.server.wm.WindowStateAnimator.setSurfaceBoundariesLocked:1467 com.android.server.wm.WindowManagerService.performLayoutAndPlaceSurfacesLockedInner:10064 
E/WindowState( 2431): getStack: Window{521c1ed u0 com.tencent.mm/com.tencent.mm.plugin.webview.ui.tools.SDKOAuthUI EXITING} couldn't find taskId=88 Callers=com.android.server.wm.WindowState.getDisplayContent:866 com.android.server.wm.WindowState.isDefaultDisplay:1406 com.android.server.wm.WindowStateAnimator.updateSurfaceWindowCrop:1302 com.android.server.wm.WindowStateAnimator.setSurfaceBoundariesLocked:1467 
E/WindowState( 2431): getStack: Window{f5732b3 u0 com.tencent.mm/com.tencent.mm.plugin.webview.ui.tools.SDKOAuthUI} couldn't find taskId=88 Callers=com.android.server.wm.WindowManagerService.performLayoutAndPlaceSurfacesLockedInner:9976 com.android.server.wm.WindowManagerService.performLayoutAndPlaceSurfacesLockedLoop:9015 com.android.server.wm.WindowManagerService.performLayoutAndPlaceSurfacesLocked:8957 com.android.server.wm.WindowManagerService.executeAppTransition:4241 
E/WindowState( 2431): getStack: Window{f5732b3 u0 com.tencent.mm/com.tencent.mm.plugin.webview.ui.tools.SDKOAuthUI} couldn't find taskId=88 Callers=com.android.server.wm.WindowState.getDisplayContent:866 com.android.server.wm.WindowManagerService.handleNotObscuredLocked:9747 com.android.server.wm.WindowManagerService.performLayoutAndPlaceSurfacesLockedInner:9986 com.android.server.wm.WindowManagerService.performLayoutAndPlaceSurfacesLockedLoop:9015 
E/WindowState( 2431): getStack: Window{f5732b3 u0 com.tencent.mm/com.tencent.mm.plugin.webview.ui.tools.SDKOAuthUI} couldn't find taskId=88 Callers=com.android.server.wm.WindowState.getDisplayContent:866 com.android.server.wm.WindowStateAnimator.updateSurfaceWindowCrop:1292 com.android.server.wm.WindowStateAnimator.setSurfaceBoundariesLocked:1467 com.android.server.wm.WindowManagerService.performLayoutAndPlaceSurfacesLockedInner:10064 
E/WindowState( 2431): getStack: Window{f5732b3 u0 com.tencent.mm/com.tencent.mm.plugin.webview.ui.tools.SDKOAuthUI} couldn't find taskId=88 Callers=com.android.server.wm.WindowState.getDisplayContent:866 com.android.server.wm.WindowState.isDefaultDisplay:1406 com.android.server.wm.WindowStateAnimator.updateSurfaceWindowCrop:1302 com.android.server.wm.WindowStateAnimator.setSurfaceBoundariesLocked:1467 
E/WindowState( 2431): getStack: Window{f5732b3 u0 com.tencent.mm/com.tencent.mm.plugin.webview.ui.tools.SDKOAuthUI} couldn't find taskId=88 Callers=com.android.server.wm.WindowState.getDisplayContent:866 com.android.server.wm.WindowState.getDisplayId:871 com.android.server.wm.InputMonitor.updateInputWindowsLw:294 com.android.server.wm.WindowManagerService.performLayoutAndPlaceSurfacesLockedInner:10315 
E/WindowState( 2431): getStack: Window{f5732b3 u0 com.tencent.mm/com.tencent.mm.plugin.webview.ui.tools.SDKOAuthUI} couldn't find taskId=88 Callers=com.android.server.wm.WindowState.getStackBounds:896 com.android.server.wm.InputMonitor.addInputWindowHandleLw:180 com.android.server.wm.InputMonitor.updateInputWindowsLw:313 com.android.server.wm.WindowManagerService.performLayoutAndPlaceSurfacesLockedInner:10315 
E/WindowState( 2431): getStack: Window{521c1ed u0 com.tencent.mm/com.tencent.mm.plugin.webview.ui.tools.SDKOAuthUI EXITING} couldn't find taskId=88 Callers=com.android.server.wm.DisplayContent.setTouchExcludeRegion:284 com.android.server.wm.WindowManagerService.setFocusedStackFrame:4083 com.android.server.wm.WindowManagerService.performLayoutAndPlaceSurfacesLockedInner:10391 com.android.server.wm.WindowManagerService.performLayoutAndPlaceSurfacesLockedLoop:9015 
E/WindowState( 2431): getStack: Window{f5732b3 u0 com.tencent.mm/com.tencent.mm.plugin.webview.ui.tools.SDKOAuthUI} couldn't find taskId=88 Callers=com.android.server.wm.DisplayContent.setTouchExcludeRegion:284 com.android.server.wm.WindowManagerService.setFocusedStackFrame:4083 com.android.server.wm.WindowManagerService.performLayoutAndPlaceSurfacesLockedInner:10391 com.android.server.wm.WindowManagerService.performLayoutAndPlaceSurfacesLockedLoop:9015 
W/ActivityManager( 2431): getTasks: caller 10067 does not hold REAL_GET_TASKS; limiting output
D/WXEntryHelper(28794): WXEntryActivity onCreate
I/ExcludingStoppedHook( 2431): actioncom.tencent.docs.action.ACTION_WECHAT_RESPONSE
E/WindowState( 2431): getStack: Window{f5732b3 u0 com.tencent.mm/com.tencent.mm.plugin.webview.ui.tools.SDKOAuthUI} couldn't find taskId=88 Callers=com.android.server.wm.WindowState.getDisplayContent:866 com.android.server.wm.WindowState.getDisplayId:871 com.android.server.wm.InputMonitor.updateInputWindowsLw:294 com.android.server.wm.InputMonitor.pauseDispatchingLw:453 
E/WindowState( 2431): getStack: Window{f5732b3 u0 com.tencent.mm/com.tencent.mm.plugin.webview.ui.tools.SDKOAuthUI} couldn't find taskId=88 Callers=com.android.server.wm.WindowState.getStackBounds:896 com.android.server.wm.InputMonitor.addInputWindowHandleLw:180 com.android.server.wm.InputMonitor.updateInputWindowsLw:313 com.android.server.wm.InputMonitor.pauseDispatchingLw:453 
E/WindowState( 2431): getStack: Window{521c1ed u0 com.tencent.mm/com.tencent.mm.plugin.webview.ui.tools.SDKOAuthUI EXITING} couldn't find taskId=88 Callers=com.android.server.wm.WindowManagerService.performLayoutAndPlaceSurfacesLockedInner:9976 com.android.server.wm.WindowManagerService.performLayoutAndPlaceSurfacesLockedLoop:9015 com.android.server.wm.WindowManagerService.performLayoutAndPlaceSurfacesLocked:8957 com.android.server.wm.WindowManagerService.relayoutWindowLocked:12032 
E/WindowState( 2431): getStack: Window{521c1ed u0 com.tencent.mm/com.tencent.mm.plugin.webview.ui.tools.SDKOAuthUI EXITING} couldn't find taskId=88 Callers=com.android.server.wm.WindowState.getDisplayContent:866 com.android.server.wm.WindowManagerService.handleNotObscuredLocked:9747 com.android.server.wm.WindowManagerService.performLayoutAndPlaceSurfacesLockedInner:9986 com.android.server.wm.WindowManagerService.performLayoutAndPlaceSurfacesLockedLoop:9015 
E/WindowState( 2431): getStack: Window{521c1ed u0 com.tencent.mm/com.tencent.mm.plugin.webview.ui.tools.SDKOAuthUI EXITING} couldn't find taskId=88 Callers=com.android.server.wm.WindowState.getDisplayContent:866 com.android.server.wm.WindowStateAnimator.updateSurfaceWindowCrop:1292 com.android.server.wm.WindowStateAnimator.setSurfaceBoundariesLocked:1467 com.android.server.wm.WindowManagerService.performLayoutAndPlaceSurfacesLockedInner:10064 
E/WindowState( 2431): getStack: Window{521c1ed u0 com.tencent.mm/com.tencent.mm.plugin.webview.ui.tools.SDKOAuthUI EXITING} couldn't find taskId=88 Callers=com.android.server.wm.WindowState.getDisplayContent:866 com.android.server.wm.WindowState.isDefaultDisplay:1406 com.android.server.wm.WindowStateAnimator.updateSurfaceWindowCrop:1302 com.android.server.wm.WindowStateAnimator.setSurfaceBoundariesLocked:1467 
E/WindowState( 2431): getStack: Window{f5732b3 u0 com.tencent.mm/com.tencent.mm.plugin.webview.ui.tools.SDKOAuthUI} couldn't find taskId=88 Callers=com.android.server.wm.WindowManagerService.performLayoutAndPlaceSurfacesLockedInner:9976 com.android.server.wm.WindowManagerService.performLayoutAndPlaceSurfacesLockedLoop:9015 com.android.server.wm.WindowManagerService.performLayoutAndPlaceSurfacesLocked:8957 com.android.server.wm.WindowManagerService.relayoutWindowLocked:12032 
E/WindowState( 2431): getStack: Window{f5732b3 u0 com.tencent.mm/com.tencent.mm.plugin.webview.ui.tools.SDKOAuthUI} couldn't find taskId=88 Callers=com.android.server.wm.WindowState.getDisplayContent:866 com.android.server.wm.WindowManagerService.handleNotObscuredLocked:9747 com.android.server.wm.WindowManagerService.performLayoutAndPlaceSurfacesLockedInner:9986 com.android.server.wm.WindowManagerService.performLayoutAndPlaceSurfacesLockedLoop:9015 
E/WindowState( 2431): getStack: Window{f5732b3 u0 com.tencent.mm/com.tencent.mm.plugin.webview.ui.tools.SDKOAuthUI} couldn't find taskId=88 Callers=com.android.server.wm.WindowState.getDisplayContent:866 com.android.server.wm.WindowStateAnimator.updateSurfaceWindowCrop:1292 com.android.server.wm.WindowStateAnimator.setSurfaceBoundariesLocked:1467 com.android.server.wm.WindowManagerService.performLayoutAndPlaceSurfacesLockedInner:10064 
E/WindowState( 2431): getStack: Window{f5732b3 u0 com.tencent.mm/com.tencent.mm.plugin.webview.ui.tools.SDKOAuthUI} couldn't find taskId=88 Callers=com.android.server.wm.WindowState.getDisplayContent:866 com.android.server.wm.WindowState.isDefaultDisplay:1406 com.android.server.wm.WindowStateAnimator.updateSurfaceWindowCrop:1302 com.android.server.wm.WindowStateAnimator.setSurfaceBoundariesLocked:1467 
E/WindowState( 2431): getStack: Window{f5732b3 u0 com.tencent.mm/com.tencent.mm.plugin.webview.ui.tools.SDKOAuthUI} couldn't find taskId=88 Callers=com.android.server.wm.WindowState.getDisplayContent:866 com.android.server.wm.WindowState.getDisplayId:871 com.android.server.wm.InputMonitor.updateInputWindowsLw:294 com.android.server.wm.WindowManagerService.performLayoutAndPlaceSurfacesLockedInner:10315 
E/WindowState( 2431): getStack: Window{f5732b3 u0 com.tencent.mm/com.tencent.mm.plugin.webview.ui.tools.SDKOAuthUI} couldn't find taskId=88 Callers=com.android.server.wm.WindowState.getStackBounds:896 com.android.server.wm.InputMonitor.addInputWindowHandleLw:180 com.android.server.wm.InputMonitor.updateInputWindowsLw:313 com.android.server.wm.WindowManagerService.performLayoutAndPlaceSurfacesLockedInner:10315 
E/WindowState( 2431): getStack: Window{521c1ed u0 com.tencent.mm/com.tencent.mm.plugin.webview.ui.tools.SDKOAuthUI EXITING} couldn't find taskId=88 Callers=com.android.server.wm.DisplayContent.setTouchExcludeRegion:284 com.android.server.wm.WindowManagerService.setFocusedStackFrame:4083 com.android.server.wm.WindowManagerService.performLayoutAndPlaceSurfacesLockedInner:10391 com.android.server.wm.WindowManagerService.performLayoutAndPlaceSurfacesLockedLoop:9015 
E/WindowState( 2431): getStack: Window{f5732b3 u0 com.tencent.mm/com.tencent.mm.plugin.webview.ui.tools.SDKOAuthUI} couldn't find taskId=88 Callers=com.android.server.wm.DisplayContent.setTouchExcludeRegion:284 com.android.server.wm.WindowManagerService.setFocusedStackFrame:4083 com.android.server.wm.WindowManagerService.performLayoutAndPlaceSurfacesLockedInner:10391 com.android.server.wm.WindowManagerService.performLayoutAndPlaceSurfacesLockedLoop:9015 
D/WXEntryHelper(28794): onReceive and handleIntent
I/MicroMsg.SDK.WXApiImplV10(28794): handleIntent, cmd = 1
D/WXEntryHelper(28794): onResp
D/LoginActivity(28794): LoginActivity onWXApiResp errCode = 0
E/WindowState( 2431): getStack: Window{f5732b3 u0 com.tencent.mm/com.tencent.mm.plugin.webview.ui.tools.SDKOAuthUI} couldn't find taskId=88 Callers=com.android.server.wm.WindowState.getDisplayContent:866 com.android.server.wm.WindowState.getDisplayId:871 com.android.server.wm.InputMonitor.updateInputWindowsLw:294 com.android.server.wm.InputMonitor.resumeDispatchingLw:464 
E/WindowState( 2431): getStack: Window{f5732b3 u0 com.tencent.mm/com.tencent.mm.plugin.webview.ui.tools.SDKOAuthUI} couldn't find taskId=88 Callers=com.android.server.wm.WindowState.getStackBounds:896 com.android.server.wm.InputMonitor.addInputWindowHandleLw:180 com.android.server.wm.InputMonitor.updateInputWindowsLw:313 com.android.server.wm.InputMonitor.resumeDispatchingLw:464 
E/WindowState( 2431): getStack: Window{521c1ed u0 com.tencent.mm/com.tencent.mm.plugin.webview.ui.tools.SDKOAuthUI EXITING} couldn't find taskId=88 Callers=com.android.server.wm.WindowState.getDisplayContent:866 com.android.server.wm.WindowStateAnimator.stepAnimationLocked:293 com.android.server.wm.WindowAnimator.updateWindowsLocked:289 com.android.server.wm.WindowAnimator.animateLocked:674 
E/WindowState( 2431): getStack: Window{f5732b3 u0 com.tencent.mm/com.tencent.mm.plugin.webview.ui.tools.SDKOAuthUI} couldn't find taskId=88 Callers=com.android.server.wm.WindowState.getDisplayContent:866 com.android.server.wm.WindowStateAnimator.stepAnimationLocked:293 com.android.server.wm.WindowAnimator.updateWindowsLocked:289 com.android.server.wm.WindowAnimator.animateLocked:674 
E/WindowState( 2431): getStack: Window{3c173d7f u0 com.android.systemui.ImageWallpaper} couldn't find taskId=89 Callers=com.android.server.wm.WindowStateAnimator.computeShownFrameLocked:1038 com.android.server.wm.WindowStateAnimator.prepareSurfaceLocked:1484 com.android.server.wm.WindowAnimator.animateLocked:680 com.android.server.wm.WindowAnimator.access$000:54 
E/WindowState( 2431): getStack: Window{f5732b3 u0 com.tencent.mm/com.tencent.mm.plugin.webview.ui.tools.SDKOAuthUI} couldn't find taskId=88 Callers=com.android.server.wm.WindowStateAnimator.computeShownFrameLocked:1038 com.android.server.wm.WindowStateAnimator.prepareSurfaceLocked:1484 com.android.server.wm.WindowAnimator.animateLocked:680 com.android.server.wm.WindowAnimator.access$000:54 
E/WindowState( 2431): getStack: Window{f5732b3 u0 com.tencent.mm/com.tencent.mm.plugin.webview.ui.tools.SDKOAuthUI} couldn't find taskId=88 Callers=com.android.server.wm.WindowState.getDisplayContent:866 com.android.server.wm.WindowState.getDisplayId:871 com.android.server.wm.WindowStateAnimator.computeShownFrameLocked:1074 com.android.server.wm.WindowStateAnimator.prepareSurfaceLocked:1484 
E/WindowState( 2431): getStack: Window{f5732b3 u0 com.tencent.mm/com.tencent.mm.plugin.webview.ui.tools.SDKOAuthUI} couldn't find taskId=88 Callers=com.android.server.wm.WindowState.getDisplayContent:866 com.android.server.wm.WindowStateAnimator.updateSurfaceWindowCrop:1292 com.android.server.wm.WindowStateAnimator.setSurfaceBoundariesLocked:1467 com.android.server.wm.WindowStateAnimator.prepareSurfaceLocked:1486 
E/WindowState( 2431): getStack: Window{f5732b3 u0 com.tencent.mm/com.tencent.mm.plugin.webview.ui.tools.SDKOAuthUI} couldn't find taskId=88 Callers=com.android.server.wm.WindowState.getDisplayContent:866 com.android.server.wm.WindowState.isDefaultDisplay:1406 com.android.server.wm.WindowStateAnimator.updateSurfaceWindowCrop:1302 com.android.server.wm.WindowStateAnimator.setSurfaceBoundariesLocked:1467 
E/WindowState( 2431): getStack: Window{521c1ed u0 com.tencent.mm/com.tencent.mm.plugin.webview.ui.tools.SDKOAuthUI EXITING} couldn't find taskId=88 Callers=com.android.server.wm.WindowStateAnimator.computeShownFrameLocked:1038 com.android.server.wm.WindowStateAnimator.prepareSurfaceLocked:1484 com.android.server.wm.WindowAnimator.animateLocked:680 com.android.server.wm.WindowAnimator.access$000:54 
E/WindowState( 2431): getStack: Window{521c1ed u0 com.tencent.mm/com.tencent.mm.plugin.webview.ui.tools.SDKOAuthUI EXITING} couldn't find taskId=88 Callers=com.android.server.wm.WindowState.getDisplayContent:866 com.android.server.wm.WindowState.getDisplayId:871 com.android.server.wm.WindowStateAnimator.computeShownFrameLocked:1074 com.android.server.wm.WindowStateAnimator.prepareSurfaceLocked:1484 
E/WindowState( 2431): getStack: Window{521c1ed u0 com.tencent.mm/com.tencent.mm.plugin.webview.ui.tools.SDKOAuthUI EXITING} couldn't find taskId=88 Callers=com.android.server.wm.WindowState.getDisplayContent:866 com.android.server.wm.WindowStateAnimator.updateSurfaceWindowCrop:1292 com.android.server.wm.WindowStateAnimator.setSurfaceBoundariesLocked:1467 com.android.server.wm.WindowStateAnimator.prepareSurfaceLocked:1486 
E/WindowState( 2431): getStack: Window{521c1ed u0 com.tencent.mm/com.tencent.mm.plugin.webview.ui.tools.SDKOAuthUI EXITING} couldn't find taskId=88 Callers=com.android.server.wm.WindowState.getDisplayContent:866 com.android.server.wm.WindowState.isDefaultDisplay:1406 com.android.server.wm.WindowStateAnimator.updateSurfaceWindowCrop:1302 com.android.server.wm.WindowStateAnimator.setSurfaceBoundariesLocked:1467 
I/MMKV    (28987): loading [UPDATELOG] with 144133 size in total, file size is 262144
I/MMKV    (28987): loading [UPDATELOG] with crc 173881308 sequence 54
I/MMKV    (28987): loaded [UPDATELOG] with 1 values
E/WindowState( 2431): getStack: Window{521c1ed u0 com.tencent.mm/com.tencent.mm.plugin.webview.ui.tools.SDKOAuthUI EXITING} couldn't find taskId=88 Callers=com.android.server.wm.WindowState.getDisplayContent:866 com.android.server.wm.WindowStateAnimator.stepAnimationLocked:293 com.android.server.wm.WindowAnimator.updateWindowsLocked:289 com.android.server.wm.WindowAnimator.animateLocked:674 
E/WindowState( 2431): getStack: Window{f5732b3 u0 com.tencent.mm/com.tencent.mm.plugin.webview.ui.tools.SDKOAuthUI} couldn't find taskId=88 Callers=com.android.server.wm.WindowState.getDisplayContent:866 com.android.server.wm.WindowStateAnimator.stepAnimationLocked:293 com.android.server.wm.WindowAnimator.updateWindowsLocked:289 com.android.server.wm.WindowAnimator.animateLocked:674 
E/WindowState( 2431): getStack: Window{3c173d7f u0 com.android.systemui.ImageWallpaper} couldn't find taskId=89 Callers=com.android.server.wm.WindowStateAnimator.computeShownFrameLocked:1038 com.android.server.wm.WindowStateAnimator.prepareSurfaceLocked:1484 com.android.server.wm.WindowAnimator.animateLocked:680 com.android.server.wm.WindowAnimator.access$000:54 
E/WindowState( 2431): getStack: Window{f5732b3 u0 com.tencent.mm/com.tencent.mm.plugin.webview.ui.tools.SDKOAuthUI} couldn't find taskId=88 Callers=com.android.server.wm.WindowStateAnimator.computeShownFrameLocked:1038 com.android.server.wm.WindowStateAnimator.prepareSurfaceLocked:1484 com.android.server.wm.WindowAnimator.animateLocked:680 com.android.server.wm.WindowAnimator.access$000:54 
E/WindowState( 2431): getStack: Window{f5732b3 u0 com.tencent.mm/com.tencent.mm.plugin.webview.ui.tools.SDKOAuthUI} couldn't find taskId=88 Callers=com.android.server.wm.WindowState.getDisplayContent:866 com.android.server.wm.WindowState.getDisplayId:871 com.android.server.wm.WindowStateAnimator.computeShownFrameLocked:1074 com.android.server.wm.WindowStateAnimator.prepareSurfaceLocked:1484 
E/WindowState( 2431): getStack: Window{f5732b3 u0 com.tencent.mm/com.tencent.mm.plugin.webview.ui.tools.SDKOAuthUI} couldn't find taskId=88 Callers=com.android.server.wm.WindowState.getDisplayContent:866 com.android.server.wm.WindowStateAnimator.updateSurfaceWindowCrop:1292 com.android.server.wm.WindowStateAnimator.setSurfaceBoundariesLocked:1467 com.android.server.wm.WindowStateAnimator.prepareSurfaceLocked:1486 
E/WindowState( 2431): getStack: Window{f5732b3 u0 com.tencent.mm/com.tencent.mm.plugin.webview.ui.tools.SDKOAuthUI} couldn't find taskId=88 Callers=com.android.server.wm.WindowState.getDisplayContent:866 com.android.server.wm.WindowState.isDefaultDisplay:1406 com.android.server.wm.WindowStateAnimator.updateSurfaceWindowCrop:1302 com.android.server.wm.WindowStateAnimator.setSurfaceBoundariesLocked:1467 
E/WindowState( 2431): getStack: Window{521c1ed u0 com.tencent.mm/com.tencent.mm.plugin.webview.ui.tools.SDKOAuthUI EXITING} couldn't find taskId=88 Callers=com.android.server.wm.WindowStateAnimator.computeShownFrameLocked:1038 com.android.server.wm.WindowStateAnimator.prepareSurfaceLocked:1484 com.android.server.wm.WindowAnimator.animateLocked:680 com.android.server.wm.WindowAnimator.access$000:54 
E/WindowState( 2431): getStack: Window{521c1ed u0 com.tencent.mm/com.tencent.mm.plugin.webview.ui.tools.SDKOAuthUI EXITING} couldn't find taskId=88 Callers=com.android.server.wm.WindowState.getDisplayContent:866 com.android.server.wm.WindowState.getDisplayId:871 com.android.server.wm.WindowStateAnimator.computeShownFrameLocked:1074 com.android.server.wm.WindowStateAnimator.prepareSurfaceLocked:1484 
E/WindowState( 2431): getStack: Window{521c1ed u0 com.tencent.mm/com.tencent.mm.plugin.webview.ui.tools.SDKOAuthUI EXITING} couldn't find taskId=88 Callers=com.android.server.wm.WindowState.getDisplayContent:866 com.android.server.wm.WindowStateAnimator.updateSurfaceWindowCrop:1292 com.android.server.wm.WindowStateAnimator.setSurfaceBoundariesLocked:1467 com.android.server.wm.WindowStateAnimator.prepareSurfaceLocked:1486 
E/WindowState( 2431): getStack: Window{521c1ed u0 com.tencent.mm/com.tencent.mm.plugin.webview.ui.tools.SDKOAuthUI EXITING} couldn't find taskId=88 Callers=com.android.server.wm.WindowState.getDisplayContent:866 com.android.server.wm.WindowState.isDefaultDisplay:1406 com.android.server.wm.WindowStateAnimator.updateSurfaceWindowCrop:1302 com.android.server.wm.WindowStateAnimator.setSurfaceBoundariesLocked:1467 
D/TaskPersister( 2431): removeObsoleteFile: deleting file=88_task_thumbnail.png
I/MMKV    (28987): loading [INIT_SP_TAG_WV_KIND_SYSLOAD_CORE] with 1539 size in total, file size is 4096
I/MMKV    (28987): loading [INIT_SP_TAG_WV_KIND_SYSLOAD_CORE] with crc 639931710 sequence 8
I/MMKV    (28987): loaded [INIT_SP_TAG_WV_KIND_SYSLOAD_CORE] with 3 values
I/MMKV    (28987): loading [INIT_SP_TAG_WV_KIND_SYSCREATE_WEBVIEW] with 3083 size in total, file size is 4096
I/MMKV    (28987): loading [INIT_SP_TAG_WV_KIND_SYSCREATE_WEBVIEW] with crc 3910388646 sequence 2
I/MMKV    (28987): loaded [INIT_SP_TAG_WV_KIND_SYSCREATE_WEBVIEW] with 3 values
E/WindowState( 2431): getStack: Window{521c1ed u0 com.tencent.mm/com.tencent.mm.plugin.webview.ui.tools.SDKOAuthUI EXITING} couldn't find taskId=88 Callers=com.android.server.wm.WindowState.getDisplayContent:866 com.android.server.wm.WindowStateAnimator.stepAnimationLocked:293 com.android.server.wm.WindowAnimator.updateWindowsLocked:289 com.android.server.wm.WindowAnimator.animateLocked:674 
E/WindowState( 2431): getStack: Window{f5732b3 u0 com.tencent.mm/com.tencent.mm.plugin.webview.ui.tools.SDKOAuthUI} couldn't find taskId=88 Callers=com.android.server.wm.WindowState.getDisplayContent:866 com.android.server.wm.WindowStateAnimator.stepAnimationLocked:293 com.android.server.wm.WindowAnimator.updateWindowsLocked:289 com.android.server.wm.WindowAnimator.animateLocked:674 
E/WindowState( 2431): getStack: Window{3c173d7f u0 com.android.systemui.ImageWallpaper} couldn't find taskId=89 Callers=com.android.server.wm.WindowStateAnimator.computeShownFrameLocked:1038 com.android.server.wm.WindowStateAnimator.prepareSurfaceLocked:1484 com.android.server.wm.WindowAnimator.animateLocked:680 com.android.server.wm.WindowAnimator.access$000:54 
E/WindowState( 2431): getStack: Window{f5732b3 u0 com.tencent.mm/com.tencent.mm.plugin.webview.ui.tools.SDKOAuthUI} couldn't find taskId=88 Callers=com.android.server.wm.WindowStateAnimator.computeShownFrameLocked:1038 com.android.server.wm.WindowStateAnimator.prepareSurfaceLocked:1484 com.android.server.wm.WindowAnimator.animateLocked:680 com.android.server.wm.WindowAnimator.access$000:54 
E/WindowState( 2431): getStack: Window{f5732b3 u0 com.tencent.mm/com.tencent.mm.plugin.webview.ui.tools.SDKOAuthUI} couldn't find taskId=88 Callers=com.android.server.wm.WindowState.getDisplayContent:866 com.android.server.wm.WindowState.getDisplayId:871 com.android.server.wm.WindowStateAnimator.computeShownFrameLocked:1074 com.android.server.wm.WindowStateAnimator.prepareSurfaceLocked:1484 
E/WindowState( 2431): getStack: Window{f5732b3 u0 com.tencent.mm/com.tencent.mm.plugin.webview.ui.tools.SDKOAuthUI} couldn't find taskId=88 Callers=com.android.server.wm.WindowState.getDisplayContent:866 com.android.server.wm.WindowStateAnimator.updateSurfaceWindowCrop:1292 com.android.server.wm.WindowStateAnimator.setSurfaceBoundariesLocked:1467 com.android.server.wm.WindowStateAnimator.prepareSurfaceLocked:1486 
E/WindowState( 2431): getStack: Window{f5732b3 u0 com.tencent.mm/com.tencent.mm.plugin.webview.ui.tools.SDKOAuthUI} couldn't find taskId=88 Callers=com.android.server.wm.WindowState.getDisplayContent:866 com.android.server.wm.WindowState.isDefaultDisplay:1406 com.android.server.wm.WindowStateAnimator.updateSurfaceWindowCrop:1302 com.android.server.wm.WindowStateAnimator.setSurfaceBoundariesLocked:1467 
E/WindowState( 2431): getStack: Window{521c1ed u0 com.tencent.mm/com.tencent.mm.plugin.webview.ui.tools.SDKOAuthUI EXITING} couldn't find taskId=88 Callers=com.android.server.wm.WindowStateAnimator.computeShownFrameLocked:1038 com.android.server.wm.WindowStateAnimator.prepareSurfaceLocked:1484 com.android.server.wm.WindowAnimator.animateLocked:680 com.android.server.wm.WindowAnimator.access$000:54 
E/WindowState( 2431): getStack: Window{521c1ed u0 com.tencent.mm/com.tencent.mm.plugin.webview.ui.tools.SDKOAuthUI EXITING} couldn't find taskId=88 Callers=com.android.server.wm.WindowState.getDisplayContent:866 com.android.server.wm.WindowState.getDisplayId:871 com.android.server.wm.WindowStateAnimator.computeShownFrameLocked:1074 com.android.server.wm.WindowStateAnimator.prepareSurfaceLocked:1484 
E/WindowState( 2431): getStack: Window{521c1ed u0 com.tencent.mm/com.tencent.mm.plugin.webview.ui.tools.SDKOAuthUI EXITING} couldn't find taskId=88 Callers=com.android.server.wm.WindowState.getDisplayContent:866 com.android.server.wm.WindowStateAnimator.updateSurfaceWindowCrop:1292 com.android.server.wm.WindowStateAnimator.setSurfaceBoundariesLocked:1467 com.android.server.wm.WindowStateAnimator.prepareSurfaceLocked:1486 
E/WindowState( 2431): getStack: Window{521c1ed u0 com.tencent.mm/com.tencent.mm.plugin.webview.ui.tools.SDKOAuthUI EXITING} couldn't find taskId=88 Callers=com.android.server.wm.WindowState.getDisplayContent:866 com.android.server.wm.WindowState.isDefaultDisplay:1406 com.android.server.wm.WindowStateAnimator.updateSurfaceWindowCrop:1302 com.android.server.wm.WindowStateAnimator.setSurfaceBoundariesLocked:1467 
E/WindowState( 2431): getStack: Window{521c1ed u0 com.tencent.mm/com.tencent.mm.plugin.webview.ui.tools.SDKOAuthUI EXITING} couldn't find taskId=88 Callers=com.android.server.wm.WindowState.getDisplayContent:866 com.android.server.wm.WindowStateAnimator.stepAnimationLocked:293 com.android.server.wm.WindowAnimator.updateWindowsLocked:289 com.android.server.wm.WindowAnimator.animateLocked:674 
E/WindowState( 2431): getStack: Window{f5732b3 u0 com.tencent.mm/com.tencent.mm.plugin.webview.ui.tools.SDKOAuthUI} couldn't find taskId=88 Callers=com.android.server.wm.WindowState.getDisplayContent:866 com.android.server.wm.WindowStateAnimator.stepAnimationLocked:293 com.android.server.wm.WindowAnimator.updateWindowsLocked:289 com.android.server.wm.WindowAnimator.animateLocked:674 
E/WindowState( 2431): getStack: Window{3c173d7f u0 com.android.systemui.ImageWallpaper} couldn't find taskId=89 Callers=com.android.server.wm.WindowStateAnimator.computeShownFrameLocked:1038 com.android.server.wm.WindowStateAnimator.prepareSurfaceLocked:1484 com.android.server.wm.WindowAnimator.animateLocked:680 com.android.server.wm.WindowAnimator.access$000:54 
E/WindowState( 2431): getStack: Window{f5732b3 u0 com.tencent.mm/com.tencent.mm.plugin.webview.ui.tools.SDKOAuthUI} couldn't find taskId=88 Callers=com.android.server.wm.WindowStateAnimator.computeShownFrameLocked:1038 com.android.server.wm.WindowStateAnimator.prepareSurfaceLocked:1484 com.android.server.wm.WindowAnimator.animateLocked:680 com.android.server.wm.WindowAnimator.access$000:54 
E/WindowState( 2431): getStack: Window{f5732b3 u0 com.tencent.mm/com.tencent.mm.plugin.webview.ui.tools.SDKOAuthUI} couldn't find taskId=88 Callers=com.android.server.wm.WindowState.getDisplayContent:866 com.android.server.wm.WindowState.getDisplayId:871 com.android.server.wm.WindowStateAnimator.computeShownFrameLocked:1074 com.android.server.wm.WindowStateAnimator.prepareSurfaceLocked:1484 
E/WindowState( 2431): getStack: Window{f5732b3 u0 com.tencent.mm/com.tencent.mm.plugin.webview.ui.tools.SDKOAuthUI} couldn't find taskId=88 Callers=com.android.server.wm.WindowState.getDisplayContent:866 com.android.server.wm.WindowStateAnimator.updateSurfaceWindowCrop:1292 com.android.server.wm.WindowStateAnimator.setSurfaceBoundariesLocked:1467 com.android.server.wm.WindowStateAnimator.prepareSurfaceLocked:1486 
E/WindowState( 2431): getStack: Window{f5732b3 u0 com.tencent.mm/com.tencent.mm.plugin.webview.ui.tools.SDKOAuthUI} couldn't find taskId=88 Callers=com.android.server.wm.WindowState.getDisplayContent:866 com.android.server.wm.WindowState.isDefaultDisplay:1406 com.android.server.wm.WindowStateAnimator.updateSurfaceWindowCrop:1302 com.android.server.wm.WindowStateAnimator.setSurfaceBoundariesLocked:1467 
E/WindowState( 2431): getStack: Window{521c1ed u0 com.tencent.mm/com.tencent.mm.plugin.webview.ui.tools.SDKOAuthUI EXITING} couldn't find taskId=88 Callers=com.android.server.wm.WindowStateAnimator.computeShownFrameLocked:1038 com.android.server.wm.WindowStateAnimator.prepareSurfaceLocked:1484 com.android.server.wm.WindowAnimator.animateLocked:680 com.android.server.wm.WindowAnimator.access$000:54 
E/WindowState( 2431): getStack: Window{521c1ed u0 com.tencent.mm/com.tencent.mm.plugin.webview.ui.tools.SDKOAuthUI EXITING} couldn't find taskId=88 Callers=com.android.server.wm.WindowState.getDisplayContent:866 com.android.server.wm.WindowState.getDisplayId:871 com.android.server.wm.WindowStateAnimator.computeShownFrameLocked:1074 com.android.server.wm.WindowStateAnimator.prepareSurfaceLocked:1484 
E/WindowState( 2431): getStack: Window{521c1ed u0 com.tencent.mm/com.tencent.mm.plugin.webview.ui.tools.SDKOAuthUI EXITING} couldn't find taskId=88 Callers=com.android.server.wm.WindowState.getDisplayContent:866 com.android.server.wm.WindowStateAnimator.updateSurfaceWindowCrop:1292 com.android.server.wm.WindowStateAnimator.setSurfaceBoundariesLocked:1467 com.android.server.wm.WindowStateAnimator.prepareSurfaceLocked:1486 
E/WindowState( 2431): getStack: Window{521c1ed u0 com.tencent.mm/com.tencent.mm.plugin.webview.ui.tools.SDKOAuthUI EXITING} couldn't find taskId=88 Callers=com.android.server.wm.WindowState.getDisplayContent:866 com.android.server.wm.WindowState.isDefaultDisplay:1406 com.android.server.wm.WindowStateAnimator.updateSurfaceWindowCrop:1302 com.android.server.wm.WindowStateAnimator.setSurfaceBoundariesLocked:1467 
E/WindowState( 2431): getStack: Window{521c1ed u0 com.tencent.mm/com.tencent.mm.plugin.webview.ui.tools.SDKOAuthUI EXITING} couldn't find taskId=88 Callers=com.android.server.wm.WindowState.getDisplayContent:866 com.android.server.wm.WindowStateAnimator.stepAnimationLocked:293 com.android.server.wm.WindowAnimator.updateWindowsLocked:289 com.android.server.wm.WindowAnimator.animateLocked:674 
