E/WindowState( 2431): getStack: Window{f5732b3 u0 com.tencent.mm/com.tencent.mm.plugin.webview.ui.tools.SDKOAuthUI} couldn't find taskId=88 Callers=com.android.server.wm.WindowManagerService.performLayoutAndPlaceSurfacesLockedInner:9976 com.android.server.wm.WindowManagerService.performLayoutAndPlaceSurfacesLockedLoop:9015 com.android.server.wm.WindowManagerService.performLayoutAndPlaceSurfacesLocked:8957 com.android.server.wm.WindowManagerService.executeAppTransition:4241 
D/QQInitHandler(28794): g setResult 7, when 1
D/QQInitHandler(28794): g waitResult 7 0
D/QQInitHandler(28794): g cost: 1
D/QQInitHandler(28794): {4} setResult 7, when 1
D/QQInitHandler(28794): {4} waitResult 7 0
D/QQInitHandler(28794): {4} cost: 1
D/QQInitHandler(28794): j setResult 7, when 1
D/QQInitHandler(28794): j waitResult 7 0
D/QQInitHandler(28794): j cost: 1
E/WindowState( 2431): getStack: Window{f5732b3 u0 com.tencent.mm/com.tencent.mm.plugin.webview.ui.tools.SDKOAuthUI} couldn't find taskId=88 Callers=com.android.server.wm.WindowState.getDisplayContent:866 com.android.server.wm.WindowManagerService.handleNotObscuredLocked:9747 com.android.server.wm.WindowManagerService.performLayoutAndPlaceSurfacesLockedInner:9986 com.android.server.wm.WindowManagerService.performLayoutAndPlaceSurfacesLockedLoop:9015 
E/WindowState( 2431): getStack: Window{f5732b3 u0 com.tencent.mm/com.tencent.mm.plugin.webview.ui.tools.SDKOAuthUI} couldn't find taskId=88 Callers=com.android.server.wm.WindowState.getDisplayContent:866 com.android.server.wm.WindowStateAnimator.updateSurfaceWindowCrop:1292 com.android.server.wm.WindowStateAnimator.setSurfaceBoundariesLocked:1467 com.android.server.wm.WindowManagerService.performLayoutAndPlaceSurfacesLockedInner:10064 
D/QQInitHandler(28794): e begin with 1
E/WindowState( 2431): getStack: Window{f5732b3 u0 com.tencent.mm/com.tencent.mm.plugin.webview.ui.tools.SDKOAuthUI} couldn't find taskId=88 Callers=com.android.server.wm.WindowState.getDisplayContent:866 com.android.server.wm.WindowState.isDefaultDisplay:1406 com.android.server.wm.WindowStateAnimator.updateSurfaceWindowCrop:1302 com.android.server.wm.WindowStateAnimator.setSurfaceBoundariesLocked:1467 
D/set_sp  (28794): get k=qqsetting_bothonline_key144115213420691834 v=null
D/set_sp  (28794): file exist:false
D/set_sp  (28794): get k=qqsetting_bothonline_key144115213420691834 v=null
D/set_sp  (28794): read boolean. sp ok, k=login_accounts144115213420691834 v=true
D/set_sp  (28794): key is new, key=qqsetting_bothonline_key144115213420691834 v=true tag=sp
D/ab      (28794): kickPC get value........... kickpc = false
D/ab      (28794): kickPC get value in sendRegisterPush........... kickpc = false
D/set_sp  (28794): get k=qqsetting_bothonline_key144115213420691834 v=true
D/ab      (28794): kickPC get value........... kickpc = false
E/WindowState( 2431): getStack: Window{f5732b3 u0 com.tencent.mm/com.tencent.mm.plugin.webview.ui.tools.SDKOAuthUI} couldn't find taskId=88 Callers=com.android.server.wm.WindowState.getDisplayContent:866 com.android.server.wm.WindowState.getDisplayId:871 com.android.server.wm.InputMonitor.updateInputWindowsLw:294 com.android.server.wm.WindowManagerService.performLayoutAndPlaceSurfacesLockedInner:10315 
E/WindowState( 2431): getStack: Window{f5732b3 u0 com.tencent.mm/com.tencent.mm.plugin.webview.ui.tools.SDKOAuthUI} couldn't find taskId=88 Callers=com.android.server.wm.WindowState.getStackBounds:896 com.android.server.wm.InputMonitor.addInputWindowHandleLw:180 com.android.server.wm.InputMonitor.updateInputWindowsLw:313 com.android.server.wm.WindowManagerService.performLayoutAndPlaceSurfacesLockedInner:10315 
E/WindowState( 2431): getStack: Window{f5732b3 u0 com.tencent.mm/com.tencent.mm.plugin.webview.ui.tools.SDKOAuthUI} couldn't find taskId=88 Callers=com.android.server.wm.DisplayContent.setTouchExcludeRegion:284 com.android.server.wm.WindowManagerService.setFocusedStackFrame:4083 com.android.server.wm.WindowManagerService.performLayoutAndPlaceSurfacesLockedInner:10391 com.android.server.wm.WindowManagerService.performLayoutAndPlaceSurfacesLockedLoop:9015 
E/WindowState( 2431): getStack: Window{f5732b3 u0 com.tencent.mm/com.tencent.mm.plugin.webview.ui.tools.SDKOAuthUI} couldn't find taskId=88 Callers=com.android.server.wm.WindowState.getDisplayContent:866 com.android.server.wm.WindowState.getDisplayId:871 com.android.server.wm.InputMonitor.updateInputWindowsLw:294 com.android.server.wm.InputMonitor.resumeDispatchingLw:464 
E/WindowState( 2431): getStack: Window{f5732b3 u0 com.tencent.mm/com.tencent.mm.plugin.webview.ui.tools.SDKOAuthUI} couldn't find taskId=88 Callers=com.android.server.wm.WindowState.getStackBounds:896 com.android.server.wm.InputMonitor.addInputWindowHandleLw:180 com.android.server.wm.InputMonitor.updateInputWindowsLw:313 com.android.server.wm.InputMonitor.resumeDispatchingLw:464 
D/MSF.D.Proxy(28794):  send req to msfService:ToServiceMsg msName:registerCmdCallback ssoSeq:-1 appId:537060958 appSeq:5 sName:com.tencent.mobileqq.msf.service.MsfService uin:144115213420691834 sCmd:push.cmdRegister t:30000 needResp:true needQuickSend:false strategy:-1
D/MSF.S.ReqHandler(28822): recv com.tencent.docs req:ToServiceMsg msName:registerCmdCallback ssoSeq:16195 appId:537060958 appSeq:5 sName:com.tencent.mobileqq.msf.service.MsfService uin:144115213420691834 sCmd:push.cmdRegister t:30000 needResp:true needQuickSend:false strategy:-1
D/MSF.S.ReqHandler(28822): msfCommand: registerCmdCallback
D/MSF.C.PushManager(28822): recv processName:com.tencent.docs appCmdCallbacker 
I/MSF.C.PushManager:PushCoder(28822): saveAppPushInfo:com.tencent.docs
D/MSF.S.RespHandler(28822): com.tencent.docs add resp to queue:16195 from:FromServiceMsg msName:registerCmdCallback ssoSeq:16195 failCode:1000 errorMsg: uin:144115213420691834 serviceCmd:push.cmdRegister appId:537060958 appSeq:5
D/MSF.S.AppProcessManager(28822): send push com.tencent.docs, to=0 from=0
D/MSF.S.AppProcessManager(28822): send resp com.tencent.docs to:ToServiceMsg msName:registerCmdCallback ssoSeq:16195 appId:537060958 appSeq:5 sName:com.tencent.mobileqq.msf.service.MsfService uin:144115213420691834 sCmd:push.cmdRegister t:30000 needResp:true needQuickSend:false strategy:-1 from:FromServiceMsg msName:registerCmdCallback ssoSeq:16195 failCode:1000 errorMsg: uin:144115213420691834 serviceCmd:push.cmdRegister appId:537060958 appSeq:5
D/mqq     (28794): [MSF Send]push.cmdRegister appSeq:5 from c
D/houdini (29064): [29125] Added shared library /data/app/com.tencent.mm-2/lib/arm/libwechatImgTools.so for ClassLoader by Native Bridge.
D/MSF.D.Proxy(28794):  onResponse 16195 FromServiceMsg msName:registerCmdCallback ssoSeq:16195 failCode:1000 errorMsg: uin:144115213420691834 serviceCmd:push.cmdRegister appId:537060958 appSeq:5
D/houdini (29064): [29125] Added shared library /data/app/com.tencent.mm-2/lib/arm/libFFmpeg.so for ClassLoader by Native Bridge.
D/MSF.C.CoreUtil(28794): load save root dir is /data/data/com.tencent.docs/files
D/Q.contacts.(28794): BuiltInServlet.ACTION_REGIST_MESSAGE_PUSH online, 0, 0
D/MSF.D.Proxy(28794):  send req to msfService:ToServiceMsg msName:registerPush ssoSeq:-1 appId:537060958 appSeq:6 sName:com.tencent.mobileqq.msf.service.MsfService uin:144115213420691834 sCmd:push.register t:30000 needResp:true needQuickSend:false strategy:-1
D/MSF.D.Proxy(28794): add queue req:ToServiceMsg msName:registerCmdCallback ssoSeq:16195 appId:537060958 appSeq:5 sName:com.tencent.mobileqq.msf.service.MsfService uin:144115213420691834 sCmd:push.cmdRegister t:30000 needResp:true needQuickSend:false strategy:-1 from:FromServiceMsg msName:registerCmdCallback ssoSeq:16195 failCode:1000 errorMsg: uin:144115213420691834 serviceCmd:push.cmdRegister appId:537060958 appSeq:5
D/MSF.S.ReqHandler(28822): recv com.tencent.docs req:ToServiceMsg msName:registerPush ssoSeq:16196 appId:537060958 appSeq:6 sName:com.tencent.mobileqq.msf.service.MsfService uin:144115213420691834 sCmd:push.register t:30000 needResp:true needQuickSend:false strategy:-1
D/MSF.S.ReqHandler(28822): msfCommand: registerPush
D/MSF.C.AccountCenter(28822): setMainAccount from=0 to=*1834 src: regPush
D/TicketManager(28794): loadWxTicket try load accounts 1
D/TicketManager(28794): set alter tickets for *1834
D/mqq     (28794): [MSF End][notifyMSFServlet],ssoseq=16193,cost=17ms.
D/w       (28794): checkVerifyDevLockSmsResp ssoSeq:16194 msfCmd:getServerConfig ret:1001 busCode:1000
D/MSF.D.RespHandleUtil(28794): handle fmsg:FromServiceMsg msName:getServerConfig ssoSeq:16194 failCode:1000 errorMsg: uin:0 serviceCmd:cmd_getServerConfig appId:537060958 appSeq:65311
D/w       (28794): checkVerifyDevLockSmsResp ssoSeq:16195 msfCmd:registerCmdCallback ret:1001 busCode:1000
D/MSF.D.RespHandleUtil(28794): handle fmsg:FromServiceMsg msName:registerCmdCallback ssoSeq:16195 failCode:1000 errorMsg: uin:144115213420691834 serviceCmd:push.cmdRegister appId:537060958 appSeq:5
D/mqq     (28794): [MSF Receive]push.cmdRegister appSeq:5,cost=4ms.
D/mqq     (28794): [MSF End][notifyMSFServlet]push.cmdRegister,ssoseq=16195,cost=0ms.
D/houdini (29081): [29132] Added shared library /data/app/com.tencent.mm-2/lib/arm/libwechatmm.so for ClassLoader by Native Bridge.
D/MSF.C.TokenChecker(28822): RandomRevise: -419738
D/MSF.C.TokenChecker(28822): changeWebkeyByAccount for *1834 now: 1559610007419 lastCheckWebviewKeyTime: 0 interval: 1559610007419 needChangeToken: true
D/MSF.C.WTLoginCenter(28822): changeTokenAfterLogin checkIsNeedLoginWithPasswd 0 process: cmd:login.chgTok_WEBVIEW_KEY
E/MSF.C.WTLoginCenter(28822): changeTokenAfterLogin error account is wx.
D/MSF.C.TokenChecker(28822): changeWebkeyByAccount for *1834 renew webKey
D/houdini (29064): [29125] Added shared library /data/app/com.tencent.mm-2/lib/arm/libwechatpack.so for ClassLoader by Native Bridge.
D/houdini (29081): [29132] Added shared library /data/app/com.tencent.mm-2/lib/arm/libFFmpeg.so for ClassLoader by Native Bridge.
D/houdini (29064): [29125] Added shared library /data/app/com.tencent.mm-2/lib/arm/libwechatsight_v7a.so for ClassLoader by Native Bridge.
D/houdini (29081): [29132] Added shared library /data/app/com.tencent.mm-2/lib/arm/libwechatpack.so for ClassLoader by Native Bridge.
D/houdini (29081): [29132] Added shared library /data/app/com.tencent.mm-2/lib/arm/libwechatsight_v7a.so for ClassLoader by Native Bridge.
V/WindowManager( 2431): ++++xiej, 04-13,7:26, getOrientationFromAppTokensLocked
E/Vold    ( 2150): Failed to find mounted volume for /storage/usb0/Android/data/com.tencent.mm/cache/
W/ContextImpl(29064): Failed to ensure directory: /storage/usb0/Android/data/com.tencent.mm/cache
E/WindowState( 2431): getStack: Window{f5732b3 u0 com.tencent.mm/com.tencent.mm.plugin.webview.ui.tools.SDKOAuthUI} couldn't find taskId=88 Callers=com.android.server.wm.WindowManagerService.performLayoutAndPlaceSurfacesLockedInner:9976 com.android.server.wm.WindowManagerService.performLayoutAndPlaceSurfacesLockedLoop:9015 com.android.server.wm.WindowManagerService.performLayoutAndPlaceSurfacesLocked:8957 com.android.server.wm.WindowManagerService.relayoutWindow:3349 
E/WindowState( 2431): getStack: Window{f5732b3 u0 com.tencent.mm/com.tencent.mm.plugin.webview.ui.tools.SDKOAuthUI} couldn't find taskId=88 Callers=com.android.server.wm.WindowState.getDisplayContent:866 com.android.server.wm.WindowManagerService.handleNotObscuredLocked:9747 com.android.server.wm.WindowManagerService.performLayoutAndPlaceSurfacesLockedInner:9986 com.android.server.wm.WindowManagerService.performLayoutAndPlaceSurfacesLockedLoop:9015 
E/WindowState( 2431): getStack: Window{f5732b3 u0 com.tencent.mm/com.tencent.mm.plugin.webview.ui.tools.SDKOAuthUI} couldn't find taskId=88 Callers=com.android.server.wm.WindowState.getDisplayContent:866 com.android.server.wm.WindowStateAnimator.updateSurfaceWindowCrop:1292 com.android.server.wm.WindowStateAnimator.setSurfaceBoundariesLocked:1467 com.android.server.wm.WindowManagerService.performLayoutAndPlaceSurfacesLockedInner:10064 
E/WindowState( 2431): getStack: Window{f5732b3 u0 com.tencent.mm/com.tencent.mm.plugin.webview.ui.tools.SDKOAuthUI} couldn't find taskId=88 Callers=com.android.server.wm.WindowState.getDisplayContent:866 com.android.server.wm.WindowState.isDefaultDisplay:1406 com.android.server.wm.WindowStateAnimator.updateSurfaceWindowCrop:1302 com.android.server.wm.WindowStateAnimator.setSurfaceBoundariesLocked:1467 
E/Vold    ( 2150): Failed to find mounted volume for /storage/usb1/Android/data/com.tencent.mm/cache/
W/ContextImpl(29064): Failed to ensure directory: /storage/usb1/Android/data/com.tencent.mm/cache
E/Vold    ( 2150): Failed to find mounted volume for /storage/usb2/Android/data/com.tencent.mm/cache/
W/ContextImpl(29064): Failed to ensure directory: /storage/usb2/Android/data/com.tencent.mm/cache
E/Vold    ( 2150): Failed to find mounted volume for /storage/usb3/Android/data/com.tencent.mm/cache/
W/ContextImpl(29064): Failed to ensure directory: /storage/usb3/Android/data/com.tencent.mm/cache
E/Vold    ( 2150): Failed to find mounted volume for /storage/sdcard1/Android/data/com.tencent.mm/cache/
W/ContextImpl(29064): Failed to ensure directory: /storage/sdcard1/Android/data/com.tencent.mm/cache
D/MSF.C.PushManager(28822): recv processName:com.tencent.docs recv regPush 
W/System.err(28822): java.io.FileNotFoundException: soconfig.cfg
W/System.err(28822): 	at android.content.res.AssetManager.openAsset(Native Method)
W/System.err(28822): 	at android.content.res.AssetManager.open(AssetManager.java:313)
W/System.err(28822): 	at android.content.res.AssetManager.open(AssetManager.java:287)
W/System.err(28822): 	at com.tencent.commonsdk.d.j.a(SoLoadCore.java:369)
W/System.err(28822): 	at com.tencent.commonsdk.d.j.a(SoLoadCore.java:94)
W/System.err(28822): 	at com.tencent.qphone.base.util.StringUtils.msfLoadSo(StringUtils.java:53)
W/System.err(28822): 	at com.tencent.qphone.base.util.MD5.<clinit>(MD5.java:436)
W/System.err(28822): 	at com.tencent.mobileqq.msf.core.push.PushManager.a(PushManager.java:271)
W/System.err(28822): 	at com.tencent.mobileqq.msf.core.MsfCore.registerPush(MsfCore.java:789)
W/System.err(28822): 	at com.tencent.mobileqq.msf.service.f.a(MsfServiceReqHandler.java:199)
W/System.err(28822): 	at com.tencent.mobileqq.msf.service.MsfService$1.sendToServiceMsg(MsfService.java:187)
W/System.err(28822): 	at com.tencent.qphone.base.remote.IBaseService$Stub.onTransact(IBaseService.java:77)
W/System.err(28822): 	at android.os.Binder.execTransact(Binder.java:446)
E/MD5     (28822): loadso arm msfbootV2 resultCode=2883584
E/MD5     (28822): loadso msfbootV2 true resultCode=2883584 cost=0
E/MSF.C.PushManager(28822): handlerPush not found the same register Push C86A6206CC5EDBED3F99E314841EB628 iStatus:11
I/MSF.C.PushManager:PushCoder(28822): saveAppPushInfo:com.tencent.docs
E/Vold    ( 2150): Failed to find mounted volume for /storage/usb0/Android/data/com.tencent.mm/cache/
W/ContextImpl(29081): Failed to ensure directory: /storage/usb0/Android/data/com.tencent.mm/cache
E/Vold    ( 2150): Failed to find mounted volume for /storage/usb1/Android/data/com.tencent.mm/cache/
W/ContextImpl(29081): Failed to ensure directory: /storage/usb1/Android/data/com.tencent.mm/cache
E/Vold    ( 2150): Failed to find mounted volume for /storage/usb2/Android/data/com.tencent.mm/cache/
W/ContextImpl(29081): Failed to ensure directory: /storage/usb2/Android/data/com.tencent.mm/cache
E/Vold    ( 2150): Failed to find mounted volume for /storage/usb3/Android/data/com.tencent.mm/cache/
W/ContextImpl(29081): Failed to ensure directory: /storage/usb3/Android/data/com.tencent.mm/cache
E/Vold    ( 2150): Failed to find mounted volume for /storage/sdcard1/Android/data/com.tencent.mm/cache/
W/ContextImpl(29081): Failed to ensure directory: /storage/sdcard1/Android/data/com.tencent.mm/cache
E/WindowState( 2431): getStack: Window{f5732b3 u0 com.tencent.mm/com.tencent.mm.plugin.webview.ui.tools.SDKOAuthUI} couldn't find taskId=88 Callers=com.android.server.wm.WindowState.getDisplayContent:866 com.android.server.wm.WindowState.getDisplayId:871 com.android.server.wm.InputMonitor.updateInputWindowsLw:294 com.android.server.wm.WindowManagerService.performLayoutAndPlaceSurfacesLockedInner:10315 
E/WindowState( 2431): getStack: Window{f5732b3 u0 com.tencent.mm/com.tencent.mm.plugin.webview.ui.tools.SDKOAuthUI} couldn't find taskId=88 Callers=com.android.server.wm.WindowState.getStackBounds:896 com.android.server.wm.InputMonitor.addInputWindowHandleLw:180 com.android.server.wm.InputMonitor.updateInputWindowsLw:313 com.android.server.wm.WindowManagerService.performLayoutAndPlaceSurfacesLockedInner:10315 
E/WindowState( 2431): getStack: Window{f5732b3 u0 com.tencent.mm/com.tencent.mm.plugin.webview.ui.tools.SDKOAuthUI} couldn't find taskId=88 Callers=com.android.server.wm.DisplayContent.setTouchExcludeRegion:284 com.android.server.wm.WindowManagerService.setFocusedStackFrame:4083 com.android.server.wm.WindowManagerService.performLayoutAndPlaceSurfacesLockedInner:10391 com.android.server.wm.WindowManagerService.performLayoutAndPlaceSurfacesLockedLoop:9015 
E/WindowState( 2431): getStack: Window{f5732b3 u0 com.tencent.mm/com.tencent.mm.plugin.webview.ui.tools.SDKOAuthUI} couldn't find taskId=88 Callers=com.android.server.wm.WindowManagerService.performLayoutAndPlaceSurfacesLockedInner:9976 com.android.server.wm.WindowManagerService.performLayoutAndPlaceSurfacesLockedLoop:9015 com.android.server.wm.WindowManagerService.performLayoutAndPlaceSurfacesLocked:8957 com.android.server.wm.WindowManagerService.relayoutWindow:3349 
E/WindowState( 2431): getStack: Window{f5732b3 u0 com.tencent.mm/com.tencent.mm.plugin.webview.ui.tools.SDKOAuthUI} couldn't find taskId=88 Callers=com.android.server.wm.WindowState.getDisplayContent:866 com.android.server.wm.WindowManagerService.handleNotObscuredLocked:9747 com.android.server.wm.WindowManagerService.performLayoutAndPlaceSurfacesLockedInner:9986 com.android.server.wm.WindowManagerService.performLayoutAndPlaceSurfacesLockedLoop:9015 
E/WindowState( 2431): getStack: Window{f5732b3 u0 com.tencent.mm/com.tencent.mm.plugin.webview.ui.tools.SDKOAuthUI} couldn't find taskId=88 Callers=com.android.server.wm.WindowState.getDisplayContent:866 com.android.server.wm.WindowStateAnimator.updateSurfaceWindowCrop:1292 com.android.server.wm.WindowStateAnimator.setSurfaceBoundariesLocked:1467 com.android.server.wm.WindowManagerService.performLayoutAndPlaceSurfacesLockedInner:10064 
E/WindowState( 2431): getStack: Window{f5732b3 u0 com.tencent.mm/com.tencent.mm.plugin.webview.ui.tools.SDKOAuthUI} couldn't find taskId=88 Callers=com.android.server.wm.WindowState.getDisplayContent:866 com.android.server.wm.WindowState.isDefaultDisplay:1406 com.android.server.wm.WindowStateAnimator.updateSurfaceWindowCrop:1302 com.android.server.wm.WindowStateAnimator.setSurfaceBoundariesLocked:1467 
E/WindowState( 2431): getStack: Window{f5732b3 u0 com.tencent.mm/com.tencent.mm.plugin.webview.ui.tools.SDKOAuthUI} couldn't find taskId=88 Callers=com.android.server.wm.WindowState.getDisplayContent:866 com.android.server.wm.WindowState.getDisplayId:871 com.android.server.wm.InputMonitor.updateInputWindowsLw:294 com.android.server.wm.WindowManagerService.performLayoutAndPlaceSurfacesLockedInner:10315 
E/WindowState( 2431): getStack: Window{f5732b3 u0 com.tencent.mm/com.tencent.mm.plugin.webview.ui.tools.SDKOAuthUI} couldn't find taskId=88 Callers=com.android.server.wm.WindowState.getStackBounds:896 com.android.server.wm.InputMonitor.addInputWindowHandleLw:180 com.android.server.wm.InputMonitor.updateInputWindowsLw:313 com.android.server.wm.WindowManagerService.performLayoutAndPlaceSurfacesLockedInner:10315 
E/WindowState( 2431): getStack: Window{f5732b3 u0 com.tencent.mm/com.tencent.mm.plugin.webview.ui.tools.SDKOAuthUI} couldn't find taskId=88 Callers=com.android.server.wm.DisplayContent.setTouchExcludeRegion:284 com.android.server.wm.WindowManagerService.setFocusedStackFrame:4083 com.android.server.wm.WindowManagerService.performLayoutAndPlaceSurfacesLockedInner:10391 com.android.server.wm.WindowManagerService.performLayoutAndPlaceSurfacesLockedLoop:9015 
E/WindowState( 2431): getStack: Window{f5732b3 u0 com.tencent.mm/com.tencent.mm.plugin.webview.ui.tools.SDKOAuthUI} couldn't find taskId=88 Callers=com.android.server.wm.WindowState.getDisplayContent:866 com.android.server.wm.WindowState.getDisplayId:871 com.android.server.wm.InputMonitor.updateInputWindowsLw:294 com.android.server.wm.WindowManagerService.relayoutWindow:3380 
E/WindowState( 2431): getStack: Window{f5732b3 u0 com.tencent.mm/com.tencent.mm.plugin.webview.ui.tools.SDKOAuthUI} couldn't find taskId=88 Callers=com.android.server.wm.WindowState.getStackBounds:896 com.android.server.wm.InputMonitor.addInputWindowHandleLw:180 com.android.server.wm.InputMonitor.updateInputWindowsLw:313 com.android.server.wm.WindowManagerService.relayoutWindow:3380 
E/WindowState( 2431): getStack: Window{f5732b3 u0 com.tencent.mm/com.tencent.mm.plugin.webview.ui.tools.SDKOAuthUI} couldn't find taskId=88 Callers=com.android.server.wm.WindowState.getDisplayContent:866 com.android.server.wm.WindowStateAnimator.stepAnimationLocked:293 com.android.server.wm.WindowAnimator.updateWindowsLocked:289 com.android.server.wm.WindowAnimator.animateLocked:674 
E/WindowState( 2431): getStack: Window{f5732b3 u0 com.tencent.mm/com.tencent.mm.plugin.webview.ui.tools.SDKOAuthUI} couldn't find taskId=88 Callers=com.android.server.wm.WindowStateAnimator.computeShownFrameLocked:1038 com.android.server.wm.WindowStateAnimator.prepareSurfaceLocked:1484 com.android.server.wm.WindowAnimator.animateLocked:680 com.android.server.wm.WindowAnimator.access$000:54 
E/WindowState( 2431): getStack: Window{f5732b3 u0 com.tencent.mm/com.tencent.mm.plugin.webview.ui.tools.SDKOAuthUI} couldn't find taskId=88 Callers=com.android.server.wm.WindowState.getDisplayContent:866 com.android.server.wm.WindowState.getDisplayId:871 com.android.server.wm.WindowStateAnimator.computeShownFrameLocked:1074 com.android.server.wm.WindowStateAnimator.prepareSurfaceLocked:1484 
E/WindowState( 2431): getStack: Window{f5732b3 u0 com.tencent.mm/com.tencent.mm.plugin.webview.ui.tools.SDKOAuthUI} couldn't find taskId=88 Callers=com.android.server.wm.WindowState.getDisplayContent:866 com.android.server.wm.WindowStateAnimator.updateSurfaceWindowCrop:1292 com.android.server.wm.WindowStateAnimator.setSurfaceBoundariesLocked:1467 com.android.server.wm.WindowStateAnimator.prepareSurfaceLocked:1486 
E/WindowState( 2431): getStack: Window{f5732b3 u0 com.tencent.mm/com.tencent.mm.plugin.webview.ui.tools.SDKOAuthUI} couldn't find taskId=88 Callers=com.android.server.wm.WindowState.getDisplayContent:866 com.android.server.wm.WindowState.isDefaultDisplay:1406 com.android.server.wm.WindowStateAnimator.updateSurfaceWindowCrop:1302 com.android.server.wm.WindowStateAnimator.setSurfaceBoundariesLocked:1467 
D/SplashActivity(28794): doOnCreate
I/qqBaseActivity(28794): [1012645306]SplashActivity process id =28794 onCreate task : 87
I/qqBaseActivity(28794): updateAppRuntime, com.tencent.mobileqq.app.e@2da05e67
W/ActivityManager( 2431): getTasks: caller 10069 does not hold REAL_GET_TASKS; limiting output
D/qqBaseActivity(28794): setOnMultiScreenChangeListener:0,Activity name:com.tencent.mobileqq.activity.SplashActivity
D/change_token_refresh_web_list(28794): app.startServlet askIfChangePskey
I/WebLog_SwiftWebAccelerator(28794): switch 2 RealWorld and cancel state machine schedule.
D/change_token_refresh_web_list(28794): askIfChangePskey make ToServiceMsg
D/MSF.D.Proxy(28794):  send req to msfService:ToServiceMsg msName:askIfChangePskey ssoSeq:-1 appId:537060958 appSeq:7 sName:com.tencent.mobileqq.msf.service.MsfService uin:144115213420691834 sCmd:MSF.askIfChangePskey t:30000 needResp:true needQuickSend:false strategy:-1
D/AuthorizeConfig(28794): do not support preload.
I/SwiftBrowserCookieMonster(28794): setAllCookies state:1
I/SwiftBrowserCookieMonster(28794): setAllCookies state:STATE_EMPTY to STATE_LOADING
I/SwiftBrowserCookieMonster(28794): post thread to set all cookies
D/SplashActivity(28794): start request: false
D/WebViewTitleStyleHelper(28794): parseJson file not exists
D/MSF.S.ReqHandler(28822): recv com.tencent.docs req:ToServiceMsg msName:askIfChangePskey ssoSeq:16198 appId:537060958 appSeq:7 sName:com.tencent.mobileqq.msf.service.MsfService uin:144115213420691834 sCmd:MSF.askIfChangePskey t:30000 needResp:true needQuickSend:false strategy:-1
D/MSF.S.ReqHandler(28822): msfCommand: askIfChangePskey
I/SwiftBrowserCookieMonster(28794): SwiftBrowserCookieMonster: removeLastUinCookies,cost=0
E/SwiftWebViewUtils(28794): no WebviewCrashReport.json exists!
D/QLog    (28794): Get 1 level domain= qq.com from https://docs.qq.com/
D/AuthorizeConfig(28794): https://docs.qq.com/ not need a2
D/AuthorizeConfig(28794): docs.qq.com need p_skey which extract from https://docs.qq.com/
D/AuthorizeConfig(28794): https://docs.qq.com/ not need pt4_token
D/AuthorizeConfig(28794): docs.qq.com need wechat_a2 which extract from https://docs.qq.com/
D/AuthorizeConfig(28794): docs.qq.com need wechat_tinyId which extract from https://docs.qq.com/
D/SwiftBrowserCookieMonster(28794): CookieMonsterTask:topLevelDomain=qq.com,pSkeyDomain=docs.qq.com,Pt4TokenDomain=,a2Domain=,wechatA2Domain=docs.qq.com,wechatTinyId=docs.qq.com
I/SwiftBrowserCookieMonster(28794): start set all cookies https://docs.qq.com/
I/Web_qqbrowser_ web SwiftWebAccelerator init start: 2473461(28794): Web_qqbrowser_ web SwiftWebAccelerator init start: 2473461
E/WindowState( 2431): getStack: Window{f5732b3 u0 com.tencent.mm/com.tencent.mm.plugin.webview.ui.tools.SDKOAuthUI} couldn't find taskId=88 Callers=com.android.server.wm.WindowState.getDisplayContent:866 com.android.server.wm.WindowStateAnimator.stepAnimationLocked:293 com.android.server.wm.WindowAnimator.updateWindowsLocked:289 com.android.server.wm.WindowAnimator.animateLocked:674 
E/WindowState( 2431): getStack: Window{f5732b3 u0 com.tencent.mm/com.tencent.mm.plugin.webview.ui.tools.SDKOAuthUI} couldn't find taskId=88 Callers=com.android.server.wm.WindowStateAnimator.computeShownFrameLocked:1038 com.android.server.wm.WindowStateAnimator.prepareSurfaceLocked:1484 com.android.server.wm.WindowAnimator.animateLocked:680 com.android.server.wm.WindowAnimator.access$000:54 
E/WindowState( 2431): getStack: Window{f5732b3 u0 com.tencent.mm/com.tencent.mm.plugin.webview.ui.tools.SDKOAuthUI} couldn't find taskId=88 Callers=com.android.server.wm.WindowState.getDisplayContent:866 com.android.server.wm.WindowState.getDisplayId:871 com.android.server.wm.WindowStateAnimator.computeShownFrameLocked:1074 com.android.server.wm.WindowStateAnimator.prepareSurfaceLocked:1484 
E/WindowState( 2431): getStack: Window{f5732b3 u0 com.tencent.mm/com.tencent.mm.plugin.webview.ui.tools.SDKOAuthUI} couldn't find taskId=88 Callers=com.android.server.wm.WindowState.getDisplayContent:866 com.android.server.wm.WindowStateAnimator.updateSurfaceWindowCrop:1292 com.android.server.wm.WindowStateAnimator.setSurfaceBoundariesLocked:1467 com.android.server.wm.WindowStateAnimator.prepareSurfaceLocked:1486 
E/WindowState( 2431): getStack: Window{f5732b3 u0 com.tencent.mm/com.tencent.mm.plugin.webview.ui.tools.SDKOAuthUI} couldn't find taskId=88 Callers=com.android.server.wm.WindowState.getDisplayContent:866 com.android.server.wm.WindowState.isDefaultDisplay:1406 com.android.server.wm.WindowStateAnimator.updateSurfaceWindowCrop:1302 com.android.server.wm.WindowStateAnimator.setSurfaceBoundariesLocked:1467 
D/qqBaseActivity(28794): [1012645306]SplashActivity onStart 2
D/WebLog_WebViewFragment(28794): already has classloader for this fragment: dalvik.system.PathClassLoader[DexPathList[[zip file "/data/app/com.tencent.docs-1/base.apk"],nativeLibraryDirectories=[/data/app/com.tencent.docs-1/lib/arm, /vendor/lib, /system/lib]]]
I/Web_qqbrowser_ web webviewFragment onCreateView  isUsePreloadBrowserView: true(28794): Web_qqbrowser_ web webviewFragment onCreateView  isUsePreloadBrowserView: true
D/MSF.C.PushManager:PushCoder(28822): sendMsgPushRegister start regPushReason appRegister
I/MMKV    (29081): loading [UPDATELOG] with 175444 size in total, file size is 262144
D/MSF.C.PushManager:PushCoder(28822): ConfigManager.isAutoStarting():false
I/MMKV    (29081): loading [UPDATELOG] with crc 1992058727 sequence 54
I/MMKV    (29081): loaded [UPDATELOG] with 1 values
D/MSF.C.PushManager:PushCoder(28822): sendMsgPushRegister ReqBody: bidid = 7 conn type = 0 status = 11 kick_pc = 0 uint32_timestamp = 0 regtype = 0 guid = [B@3b0dbb1d localeid = 2052
I/GOTOWEB (28794): onQQBrowserCreate() time = 2473474833790
D/WebLog_WebViewFragment(28794): initSonicSession url = :https://docs.qq.com/desktop/m/index.html
D/MSF.C.NetConnTag(28822): add ToServiceMsg msName:_msf_RegPush ssoSeq:16199 appId:537060958 appSeq:6 sName: uin:144115213420691834 sCmd:tencent_document.stat_reg t:30000 needResp:true needQuickSend:false strategy:-1 to sendQueue
D/MSF.C.PushManager:PushCoder(28822): sendMsgPushRegister send uin:C86A6206CC5EDBED3F99E314841EB628 register push id 7 pushStatus:11 bRegType:0 timeStamp:0 appid=537060958
D/msfCore (28822): stopPCActivePolling by regPush
D/PCActiveEchoManager(28822): stopEcho succ
D/mqq     (28794): [MSF Send]push.register appSeq:6 from c
D/QQInitHandler(28794): e setResult 2, when 1
D/MSF.C.NetConnTag(28822): correctMsgUinType|Uin=*1834, uinType=0, serviceCmd=tencent_document.stat_reg
E/MSF.C.NetConnTag(28822): correctMsgUinType|Invalid QQ uin, correct to WX uinType!
D/SonicSdk_Impl_SonicRuntimeImpl(28794): isSonicUrl:check sonic enable cost 1 ms.
E/SonicSdk_Impl_SonicRuntimeImpl(28794): isSonicUrl: dpc disable sonic, enableSonic = -1
D/WebLog_WebViewFragment(28794): initSonicSession sonicSession = null, url = https://docs.qq.com/desktop/m/index.html
D/MSF.C.NetConnTag(28822): pa ok: 16199
D/AuthorizeConfig(28794): do not support preload.
I/WebLog_WebViewFragment(28794): tencent_docs_list_tag InitData time =0ms
I/WebLog_WebViewFragment(28794): CreateLoop:step[2] -> step[4] cost0 ms.
I/WebLog_WebViewFragment(28794): tencent_docs_list_tag InitX5Environment time =0ms
I/WebLog_WebViewFragment(28794): CreateLoop:step[4] -> step[8] cost0 ms.
D/WebLog_WebViewFragment(28794): -->web engine and plugin initialized at process preload!
D/h       (28794): initExitWebViewReceiver!
D/MSF.C.NetConnTag(28822): add ToServiceMsg msName:checkRole ssoSeq:16201 appId:537060958 appSeq:-1 sName: uin:144115213420691834 sCmd:GrayUinPro.Check t:30000 needResp:true needQuickSend:false strategy:-1 to sendQueue
D/MSF.C.NetConnTag(28822): role send gray check for 144115213420691834 use 537060958 to:ToServiceMsg msName:checkRole ssoSeq:16201 appId:537060958 appSeq:-1 sName: uin:144115213420691834 sCmd:GrayUinPro.Check t:30000 needResp:true needQuickSend:false strategy:-1
D/MSF.C.NetConnTag(28822): netSend appid:537060958 appSeq:6 ssoSeq:16199 uin:*1834 cmd:tencent_document.stat_reg len:340
D/MSF.C.NetworkTraffic(28822): write|340|2|tencent_document.stat_reg
D/MSF.C.NetConnTag(28822): send Packet addQueue, ssoSeq=16199, uin=*1834
D/h       (28794): put current UiApiPlugin into sUiApiPluginReferences: java.lang.ref.WeakReference@1c7784ca
D/EventApiPlugin(28794): init dispatch Event Receiver!
D/EventApiPlugin(28794): put current EventApiPlugin into sDispatchEventPlugins: java.lang.ref.WeakReference@2971158
D/WebAccelerateHelper(28794): -->prepare plugin runtime cost:1(ms)
D/WebAccelerateHelper(28794): bindFragment cost : 0
I/WebViewPluginEngine(28794): now start handle system key event: 1
I/c       (28794): handleEvent https://docs.qq.com/desktop/m/index.html, type=1, info=null
I/WebViewPluginEngine(28794): plugin [c] handleEvent cost: 0ms. 
I/WebViewPluginEngine(28794): At the end no plugin can handleEvent!
I/WebLog_WebViewFragment(28794): tencent_docs_list_tag InitAppAndWebVieEngine time =1ms
I/WebLog_WebViewFragment(28794): CreateLoop:step[8] -> step[16] cost1 ms.
D/web_report(28794): web_before_create, cost = 0, url = https://docs.qq.com/desktop/m/index.html, isFromLeba = false, hasRedDot = false, isProgressCreate = true, flag=4
I/TDocListFragment(28794): tencent_docs_list_tag onCreate
D/SwiftOfflinePackageUtils(28794): read offline data start
D/SplashActivity(28794): doOnStart
D/Q.gesturelock.util(28794): getAppForground.uin=,isAppFroground=true
D/qqBaseActivity(28794): [1012645306]SplashActivity onResume .mAppForground = true,mCanLock=false HeapAlloc=19561 KB HeapFree=1788 KB
D/SplashActivity(28794): doOnResume
D/change_token_refresh_web_list(28794):  new ChangeTokenReceiver
D/GuardManager(28794): EMPTY onEvent RESUME, null, 0, 0
D/change_token_refresh_web_list(28794): registerReceiver already
D/MSF.D.AppNetInfoNewImpl(28794): registerNetInfoHandler 2c17eb04
D/Conversation(28794): createHandler,cost time:0
D/TroopRedTouchHandler docs_push_message_tag(28794): getRedPointInfo<requestedRedPoint:0
D/SplashActivity(28794): SplashActivity onResume, getRedPointInfo
I/MMKV    (29064): loading [UPDATELOG] with 183466 size in total, file size is 262144
I/MMKV    (29064): loading [UPDATELOG] with crc 1121389295 sequence 54
I/MMKV    (29064): loaded [UPDATELOG] with 1 values
D/WebLog_WebViewFragment(28794): onResume
I/ExcludingStoppedHook( 2431): actiontencent.notify.foreground
I/ExcludingStoppedHook( 2431): actiontencent.notify.foreground
I/GOTOWEB (28794): onQQBrowserResume() time = 1559610007483
V/WindowManager( 2431): Adding window Window{24f60af5 u0 com.tencent.docs/com.tencent.mobileqq.activity.SplashActivity} at 8 of 14 (after Window{36cff7d u0 com.tencent.docs/com.tencent.docs.LoginActivity EXITING})
E/WindowState( 2431): getStack: Window{f5732b3 u0 com.tencent.mm/com.tencent.mm.plugin.webview.ui.tools.SDKOAuthUI} couldn't find taskId=88 Callers=com.android.server.wm.WindowManagerService.assignLayersLocked:8931 com.android.server.wm.WindowManagerService.addWindow:2623 com.android.server.wm.Session.addToDisplay:168 android.view.IWindowSession$Stub.onTransact:122 
E/WindowState( 2431): getStack: Window{f5732b3 u0 com.tencent.mm/com.tencent.mm.plugin.webview.ui.tools.SDKOAuthUI} couldn't find taskId=88 Callers=com.android.server.wm.WindowState.getDisplayContent:866 com.android.server.wm.WindowState.getDisplayId:871 com.android.server.wm.InputMonitor.updateInputWindowsLw:294 com.android.server.wm.WindowManagerService.addWindow:2630 
E/WindowState( 2431): getStack: Window{f5732b3 u0 com.tencent.mm/com.tencent.mm.plugin.webview.ui.tools.SDKOAuthUI} couldn't find taskId=88 Callers=com.android.server.wm.WindowState.getStackBounds:896 com.android.server.wm.InputMonitor.addInputWindowHandleLw:180 com.android.server.wm.InputMonitor.updateInputWindowsLw:313 com.android.server.wm.WindowManagerService.addWindow:2630 
D/qqBaseActivity(28794): doOnWindowFocusChanged, isFocused[false], appIsNull[false], curName[com.tencent.docs.LoginActivity]
V/WindowManager( 2431): ++++xiej, 04-13,7:26, getOrientationFromAppTokensLocked
E/WindowState( 2431): getStack: Window{f5732b3 u0 com.tencent.mm/com.tencent.mm.plugin.webview.ui.tools.SDKOAuthUI} couldn't find taskId=88 Callers=com.android.server.wm.WindowManagerService.performLayoutAndPlaceSurfacesLockedInner:9976 com.android.server.wm.WindowManagerService.performLayoutAndPlaceSurfacesLockedLoop:9015 com.android.server.wm.WindowManagerService.performLayoutAndPlaceSurfacesLocked:8957 com.android.server.wm.WindowManagerService.relayoutWindow:3349 
E/WindowState( 2431): getStack: Window{f5732b3 u0 com.tencent.mm/com.tencent.mm.plugin.webview.ui.tools.SDKOAuthUI} couldn't find taskId=88 Callers=com.android.server.wm.WindowState.getDisplayContent:866 com.android.server.wm.WindowManagerService.handleNotObscuredLocked:9747 com.android.server.wm.WindowManagerService.performLayoutAndPlaceSurfacesLockedInner:9986 com.android.server.wm.WindowManagerService.performLayoutAndPlaceSurfacesLockedLoop:9015 
E/WindowState( 2431): getStack: Window{f5732b3 u0 com.tencent.mm/com.tencent.mm.plugin.webview.ui.tools.SDKOAuthUI} couldn't find taskId=88 Callers=com.android.server.wm.WindowState.getDisplayContent:866 com.android.server.wm.WindowStateAnimator.updateSurfaceWindowCrop:1292 com.android.server.wm.WindowStateAnimator.setSurfaceBoundariesLocked:1467 com.android.server.wm.WindowManagerService.performLayoutAndPlaceSurfacesLockedInner:10064 
E/WindowState( 2431): getStack: Window{f5732b3 u0 com.tencent.mm/com.tencent.mm.plugin.webview.ui.tools.SDKOAuthUI} couldn't find taskId=88 Callers=com.android.server.wm.WindowState.getDisplayContent:866 com.android.server.wm.WindowState.isDefaultDisplay:1406 com.android.server.wm.WindowStateAnimator.updateSurfaceWindowCrop:1302 com.android.server.wm.WindowStateAnimator.setSurfaceBoundariesLocked:1467 
D/TroopRedTouchHandler docs_push_message_tag(28794): getRedPointInfo() start
E/WindowState( 2431): getStack: Window{f5732b3 u0 com.tencent.mm/com.tencent.mm.plugin.webview.ui.tools.SDKOAuthUI} couldn't find taskId=88 Callers=com.android.server.wm.WindowState.getDisplayContent:866 com.android.server.wm.WindowState.getDisplayId:871 com.android.server.wm.InputMonitor.updateInputWindowsLw:294 com.android.server.wm.WindowManagerService.performLayoutAndPlaceSurfacesLockedInner:10315 
E/WindowState( 2431): getStack: Window{f5732b3 u0 com.tencent.mm/com.tencent.mm.plugin.webview.ui.tools.SDKOAuthUI} couldn't find taskId=88 Callers=com.android.server.wm.WindowState.getStackBounds:896 com.android.server.wm.InputMonitor.addInputWindowHandleLw:180 com.android.server.wm.InputMonitor.updateInputWindowsLw:313 com.android.server.wm.WindowManagerService.performLayoutAndPlaceSurfacesLockedInner:10315 
E/WindowState( 2431): getStack: Window{f5732b3 u0 com.tencent.mm/com.tencent.mm.plugin.webview.ui.tools.SDKOAuthUI} couldn't find taskId=88 Callers=com.android.server.wm.DisplayContent.setTouchExcludeRegion:284 com.android.server.wm.WindowManagerService.setFocusedStackFrame:4083 com.android.server.wm.WindowManagerService.performLayoutAndPlaceSurfacesLockedInner:10391 com.android.server.wm.WindowManagerService.performLayoutAndPlaceSurfacesLockedLoop:9015 
E/WindowState( 2431): getStack: Window{f5732b3 u0 com.tencent.mm/com.tencent.mm.plugin.webview.ui.tools.SDKOAuthUI} couldn't find taskId=88 Callers=com.android.server.wm.WindowState.getDisplayContent:866 com.android.server.wm.WindowState.getDisplayId:871 com.android.server.wm.InputMonitor.updateInputWindowsLw:294 com.android.server.wm.WindowManagerService.relayoutWindow:3380 
E/WindowState( 2431): getStack: Window{f5732b3 u0 com.tencent.mm/com.tencent.mm.plugin.webview.ui.tools.SDKOAuthUI} couldn't find taskId=88 Callers=com.android.server.wm.WindowState.getStackBounds:896 com.android.server.wm.InputMonitor.addInputWindowHandleLw:180 com.android.server.wm.InputMonitor.updateInputWindowsLw:313 com.android.server.wm.WindowManagerService.relayoutWindow:3380 
I/ProtoServlet(28794): onSend
I/ProtoServlet(28794): onSend exit
D/Packet  (28794): getLoginedAccountList uinType:60 uin:*1834 SSOCommand:OidbSvc.0x791_0
D/MSF.D.Proxy(28794):  send req to msfService:ToServiceMsg msName:unknown ssoSeq:-1 appId:537060958 appSeq:8 sName:com.tencent.mobileqq.msf.service.MsfService uin:144115213420691834 sCmd:OidbSvc.0x791_0 t:30000 needResp:true needQuickSend:false strategy:0
I/MMKV    (29081): loading [INIT_SP_TAG_WV_KIND_SYSLOAD_CORE] with 1653 size in total, file size is 4096
E/WindowState( 2431): getStack: Window{f5732b3 u0 com.tencent.mm/com.tencent.mm.plugin.webview.ui.tools.SDKOAuthUI} couldn't find taskId=88 Callers=com.android.server.wm.WindowManagerService.performLayoutAndPlaceSurfacesLockedInner:9976 com.android.server.wm.WindowManagerService.performLayoutAndPlaceSurfacesLockedLoop:9015 com.android.server.wm.WindowManagerService.performLayoutAndPlaceSurfacesLocked:8957 com.android.server.wm.WindowManagerService.access$900:165 
I/MMKV    (29081): loading [INIT_SP_TAG_WV_KIND_SYSLOAD_CORE] with crc 903269979 sequence 8
E/WindowState( 2431): getStack: Window{f5732b3 u0 com.tencent.mm/com.tencent.mm.plugin.webview.ui.tools.SDKOAuthUI} couldn't find taskId=88 Callers=com.android.server.wm.WindowState.getDisplayContent:866 com.android.server.wm.WindowManagerService.handleNotObscuredLocked:9747 com.android.server.wm.WindowManagerService.performLayoutAndPlaceSurfacesLockedInner:9986 com.android.server.wm.WindowManagerService.performLayoutAndPlaceSurfacesLockedLoop:9015 
E/WindowState( 2431): getStack: Window{f5732b3 u0 com.tencent.mm/com.tencent.mm.plugin.webview.ui.tools.SDKOAuthUI} couldn't find taskId=88 Callers=com.android.server.wm.WindowState.getDisplayContent:866 com.android.server.wm.WindowStateAnimator.updateSurfaceWindowCrop:1292 com.android.server.wm.WindowStateAnimator.setSurfaceBoundariesLocked:1467 com.android.server.wm.WindowManagerService.performLayoutAndPlaceSurfacesLockedInner:10064 
E/WindowState( 2431): getStack: Window{f5732b3 u0 com.tencent.mm/com.tencent.mm.plugin.webview.ui.tools.SDKOAuthUI} couldn't find taskId=88 Callers=com.android.server.wm.WindowState.getDisplayContent:866 com.android.server.wm.WindowState.isDefaultDisplay:1406 com.android.server.wm.WindowStateAnimator.updateSurfaceWindowCrop:1302 com.android.server.wm.WindowStateAnimator.setSurfaceBoundariesLocked:1467 
E/WindowState( 2431): getStack: Window{f5732b3 u0 com.tencent.mm/com.tencent.mm.plugin.webview.ui.tools.SDKOAuthUI} couldn't find taskId=88 Callers=com.android.server.wm.WindowState.getDisplayContent:866 com.android.server.wm.WindowState.getDisplayId:871 com.android.server.wm.InputMonitor.updateInputWindowsLw:294 com.android.server.wm.WindowManagerService.performLayoutAndPlaceSurfacesLockedInner:10315 
E/WindowState( 2431): getStack: Window{f5732b3 u0 com.tencent.mm/com.tencent.mm.plugin.webview.ui.tools.SDKOAuthUI} couldn't find taskId=88 Callers=com.android.server.wm.WindowState.getStackBounds:896 com.android.server.wm.InputMonitor.addInputWindowHandleLw:180 com.android.server.wm.InputMonitor.updateInputWindowsLw:313 com.android.server.wm.WindowManagerService.performLayoutAndPlaceSurfacesLockedInner:10315 
E/WindowState( 2431): getStack: Window{f5732b3 u0 com.tencent.mm/com.tencent.mm.plugin.webview.ui.tools.SDKOAuthUI} couldn't find taskId=88 Callers=com.android.server.wm.DisplayContent.setTouchExcludeRegion:284 com.android.server.wm.WindowManagerService.setFocusedStackFrame:4083 com.android.server.wm.WindowManagerService.performLayoutAndPlaceSurfacesLockedInner:10391 com.android.server.wm.WindowManagerService.performLayoutAndPlaceSurfacesLockedLoop:9015 
D/MSF.S.ReqHandler(28822): recv com.tencent.docs req:ToServiceMsg msName:unknown ssoSeq:16202 appId:537060958 appSeq:8 sName:com.tencent.mobileqq.msf.service.MsfService uin:144115213420691834 sCmd:OidbSvc.0x791_0 t:30000 needResp:true needQuickSend:false strategy:0
D/MSF.S.ReqHandler(28822): msfCommand: unknown
D/MSF.C.NetConnTag(28822): add ToServiceMsg msName:unknown ssoSeq:16202 appId:537060958 appSeq:8 sName:com.tencent.mobileqq.msf.service.MsfService uin:144115213420691834 sCmd:OidbSvc.0x791_0 t:30000 needResp:true needQuickSend:false strategy:0 to sendQueue
D/mqq     (28794): [MSF Send]OidbSvc.0x791_0 appSeq:8 from b
E/WindowState( 2431): getStack: Window{f5732b3 u0 com.tencent.mm/com.tencent.mm.plugin.webview.ui.tools.SDKOAuthUI} couldn't find taskId=88 Callers=com.android.server.wm.WindowState.getDisplayContent:866 com.android.server.wm.WindowStateAnimator.stepAnimationLocked:293 com.android.server.wm.WindowAnimator.updateWindowsLocked:289 com.android.server.wm.WindowAnimator.animateLocked:674 
E/WindowState( 2431): getStack: Window{f5732b3 u0 com.tencent.mm/com.tencent.mm.plugin.webview.ui.tools.SDKOAuthUI} couldn't find taskId=88 Callers=com.android.server.wm.WindowStateAnimator.computeShownFrameLocked:1038 com.android.server.wm.WindowStateAnimator.prepareSurfaceLocked:1484 com.android.server.wm.WindowAnimator.animateLocked:680 com.android.server.wm.WindowAnimator.access$000:54 
E/WindowState( 2431): getStack: Window{f5732b3 u0 com.tencent.mm/com.tencent.mm.plugin.webview.ui.tools.SDKOAuthUI} couldn't find taskId=88 Callers=com.android.server.wm.WindowState.getDisplayContent:866 com.android.server.wm.WindowState.getDisplayId:871 com.android.server.wm.WindowStateAnimator.computeShownFrameLocked:1074 com.android.server.wm.WindowStateAnimator.prepareSurfaceLocked:1484 
E/WindowState( 2431): getStack: Window{f5732b3 u0 com.tencent.mm/com.tencent.mm.plugin.webview.ui.tools.SDKOAuthUI} couldn't find taskId=88 Callers=com.android.server.wm.WindowState.getDisplayContent:866 com.android.server.wm.WindowStateAnimator.updateSurfaceWindowCrop:1292 com.android.server.wm.WindowStateAnimator.setSurfaceBoundariesLocked:1467 com.android.server.wm.WindowStateAnimator.prepareSurfaceLocked:1486 
E/WindowState( 2431): getStack: Window{f5732b3 u0 com.tencent.mm/com.tencent.mm.plugin.webview.ui.tools.SDKOAuthUI} couldn't find taskId=88 Callers=com.android.server.wm.WindowState.getDisplayContent:866 com.android.server.wm.WindowState.isDefaultDisplay:1406 com.android.server.wm.WindowStateAnimator.updateSurfaceWindowCrop:1302 com.android.server.wm.WindowStateAnimator.setSurfaceBoundariesLocked:1467 
I/MMKV    (29081): loaded [INIT_SP_TAG_WV_KIND_SYSLOAD_CORE] with 3 values
E/WindowState( 2431): getStack: Window{f5732b3 u0 com.tencent.mm/com.tencent.mm.plugin.webview.ui.tools.SDKOAuthUI} couldn't find taskId=88 Callers=com.android.server.wm.WindowManagerService.performLayoutAndPlaceSurfacesLockedInner:9976 com.android.server.wm.WindowManagerService.performLayoutAndPlaceSurfacesLockedLoop:9015 com.android.server.wm.WindowManagerService.performLayoutAndPlaceSurfacesLocked:8957 com.android.server.wm.WindowManagerService.access$900:165 
E/WindowState( 2431): getStack: Window{f5732b3 u0 com.tencent.mm/com.tencent.mm.plugin.webview.ui.tools.SDKOAuthUI} couldn't find taskId=88 Callers=com.android.server.wm.WindowState.getDisplayContent:866 com.android.server.wm.WindowManagerService.handleNotObscuredLocked:9747 com.android.server.wm.WindowManagerService.performLayoutAndPlaceSurfacesLockedInner:9986 com.android.server.wm.WindowManagerService.performLayoutAndPlaceSurfacesLockedLoop:9015 
E/WindowState( 2431): getStack: Window{f5732b3 u0 com.tencent.mm/com.tencent.mm.plugin.webview.ui.tools.SDKOAuthUI} couldn't find taskId=88 Callers=com.android.server.wm.WindowState.getDisplayContent:866 com.android.server.wm.WindowStateAnimator.updateSurfaceWindowCrop:1292 com.android.server.wm.WindowStateAnimator.setSurfaceBoundariesLocked:1467 com.android.server.wm.WindowManagerService.performLayoutAndPlaceSurfacesLockedInner:10064 
E/WindowState( 2431): getStack: Window{f5732b3 u0 com.tencent.mm/com.tencent.mm.plugin.webview.ui.tools.SDKOAuthUI} couldn't find taskId=88 Callers=com.android.server.wm.WindowState.getDisplayContent:866 com.android.server.wm.WindowState.isDefaultDisplay:1406 com.android.server.wm.WindowStateAnimator.updateSurfaceWindowCrop:1302 com.android.server.wm.WindowStateAnimator.setSurfaceBoundariesLocked:1467 
E/WindowState( 2431): getStack: Window{f5732b3 u0 com.tencent.mm/com.tencent.mm.plugin.webview.ui.tools.SDKOAuthUI} couldn't find taskId=88 Callers=com.android.server.wm.WindowState.getDisplayContent:866 com.android.server.wm.WindowState.getDisplayId:871 com.android.server.wm.InputMonitor.updateInputWindowsLw:294 com.android.server.wm.WindowManagerService.performLayoutAndPlaceSurfacesLockedInner:10315 
E/WindowState( 2431): getStack: Window{f5732b3 u0 com.tencent.mm/com.tencent.mm.plugin.webview.ui.tools.SDKOAuthUI} couldn't find taskId=88 Callers=com.android.server.wm.WindowState.getStackBounds:896 com.android.server.wm.InputMonitor.addInputWindowHandleLw:180 com.android.server.wm.InputMonitor.updateInputWindowsLw:313 com.android.server.wm.WindowManagerService.performLayoutAndPlaceSurfacesLockedInner:10315 
E/WindowState( 2431): getStack: Window{f5732b3 u0 com.tencent.mm/com.tencent.mm.plugin.webview.ui.tools.SDKOAuthUI} couldn't find taskId=88 Callers=com.android.server.wm.DisplayContent.setTouchExcludeRegion:284 com.android.server.wm.WindowManagerService.setFocusedStackFrame:4083 com.android.server.wm.WindowManagerService.performLayoutAndPlaceSurfacesLockedInner:10391 com.android.server.wm.WindowManagerService.performLayoutAndPlaceSurfacesLockedLoop:9015 
D/MSF.C.NetConnTag(28822): correctMsgUinType|Uin=*1834, uinType=0, serviceCmd=GrayUinPro.Check
E/MSF.C.NetConnTag(28822): correctMsgUinType|Invalid QQ uin, correct to WX uinType!
D/MSF.C.NetConnTag(28822): pa ok: 16201
D/MSF.C.NetConnTag(28822): netSend appid:537060958 appSeq:-1 ssoSeq:16201 uin:*1834 cmd:GrayUinPro.Check len:332
D/MSF.C.NetworkTraffic(28822): write|332|2|GrayUinPro.Check
I/MMKV    (29064): loading [INIT_SP_TAG_WV_KIND_SYSLOAD_CORE] with 1653 size in total, file size is 4096
I/MMKV    (29064): loading [INIT_SP_TAG_WV_KIND_SYSLOAD_CORE] with crc 903269979 sequence 8
I/MMKV    (29081): loading [INIT_SP_TAG_WV_KIND_SYSCREATE_WEBVIEW] with 3083 size in total, file size is 4096
I/MMKV    (29081): loading [INIT_SP_TAG_WV_KIND_SYSCREATE_WEBVIEW] with crc 3910388646 sequence 2
I/MMKV    (29064): loaded [INIT_SP_TAG_WV_KIND_SYSLOAD_CORE] with 3 values
I/MMKV    (29081): loaded [INIT_SP_TAG_WV_KIND_SYSCREATE_WEBVIEW] with 3 values
I/MMKV    (29064): loading [INIT_SP_TAG_WV_KIND_SYSCREATE_WEBVIEW] with 3083 size in total, file size is 4096
I/MMKV    (29064): loading [INIT_SP_TAG_WV_KIND_SYSCREATE_WEBVIEW] with crc 3910388646 sequence 2
I/MMKV    (29064): loaded [INIT_SP_TAG_WV_KIND_SYSCREATE_WEBVIEW] with 3 values
D/MSF.C.NetConnTag(28822): correctMsgUinType|Uin=*1834, uinType=60, serviceCmd=OidbSvc.0x791_0
D/MSF.C.NetConnTag(28822): pa ok: 16202
D/MSF.C.NetConnTag(28822): netSend appid:537060958 appSeq:8 ssoSeq:16202 uin:*1834 cmd:OidbSvc.0x791_0 len:316
D/MSF.C.NetworkTraffic(28822): write|316|2|OidbSvc.0x791_0
D/MSF.C.NetConnTag(28822): send Packet addQueue, ssoSeq=16202, uin=*1834
V/WindowManager( 2431): ++++xiej, 04-13,7:26, getOrientationFromAppTokensLocked
