06-10 08:52:46.082  2238  2301 D VoldConnector: RCV <- {655 emulated /storage/emulated}
06-10 08:52:46.082  2106  2109 V vold    : Waiting for FUSE to spin up...
06-10 08:52:46.083  2238  2238 D UsbAlsaManager: Adding ALSA device AlsaDevice: [card: 0, device: 0, type: 1]
06-10 08:52:46.083  2238  2238 D UsbAlsaManager: Adding ALSA device AlsaDevice: [card: 1, device: 0, type: 2]
06-10 08:52:46.083  2238  2238 D UsbAlsaManager: Adding ALSA device AlsaDevice: [card: 0, device: 3, type: 1]
06-10 08:52:46.083  2238  2238 D UsbAlsaManager: Adding ALSA device AlsaDevice: [card: 0, device: 9, type: 1]
06-10 08:52:46.083  2238  2238 D UsbAlsaManager: Adding ALSA device AlsaDevice: [card: 0, device: 8, type: 1]
06-10 08:52:46.083  2238  2238 D UsbAlsaManager: Adding ALSA device AlsaDevice: [card: 0, device: 7, type: 1]
06-10 08:52:46.083  2238  2238 D UsbAlsaManager: Adding ALSA device AlsaDevice: [card: 0, device: 10, type: 1]
06-10 08:52:46.083  2238  2238 D UsbAlsaManager: Adding ALSA device AlsaDevice: [card: 0, device: 0, type: 2]
06-10 08:52:46.083  2238  2238 D SystemServerTiming: StartActivityManagerReadyPhase took to complete: 56ms
06-10 08:52:46.083  2238  2321 D BluetoothManagerService: Trying to bind to profile: 1, while Bluetooth was disabled
06-10 08:52:46.083  2238  2238 I SystemServer: StartObservingNativeCrashes
06-10 08:52:46.083  2238  2238 D SystemServerTiming: StartObservingNativeCrashes took to complete: 0ms
06-10 08:52:46.083  2238  2238 I SystemServer: StartSystemUI
06-10 08:52:46.083  2238  2288 D SystemServerInitThreadPool: Started executing WebViewFactoryPreparation
06-10 08:52:46.083  2238  2288 I SystemServer: WebViewFactoryPreparation
06-10 08:52:46.083  2238  2297 E UsbPortManager: port status enquiry failed
06-10 08:52:46.084  2238  2238 D SystemServerTiming: StartSystemUI took to complete: 1ms
06-10 08:52:46.084  2238  2238 I SystemServer: MakeNetworkScoreReady
06-10 08:52:46.084  2238  2382 D UsbHostManager: Added device UsbDevice[mName=/dev/bus/usb/001/002,mVendorId=32903,mProductId=2727,mClass=224,mSubclass=1,mProtocol=1,mManufacturerName=null,mProductName=null,mVersion=2.0,mSerialNumber=null,mConfigurations=[
06-10 08:52:46.084  2238  2382 D UsbHostManager: UsbConfiguration[mId=1,mName=null,mAttributes=224,mMaxPower=50,mInterfaces=[
06-10 08:52:46.084  2238  2382 D UsbHostManager: UsbInterface[mId=0,mAlternateSetting=0,mName=null,mClass=224,mSubclass=1,mProtocol=1,mEndpoints=[
06-10 08:52:46.084  2238  2382 D UsbHostManager: UsbEndpoint[mAddress=129,mAttributes=3,mMaxPacketSize=64,mInterval=1]
06-10 08:52:46.084  2238  2382 D UsbHostManager: UsbEndpoint[mAddress=2,mAttributes=2,mMaxPacketSize=64,mInterval=1]
06-10 08:52:46.084  2238  2382 D UsbHostManager: UsbEndpoint[mAddress=130,mAttributes=2,mMaxPacketSize=64,mInterval=1]]
06-10 08:52:46.084  2238  2382 D UsbHostManager: UsbInterface[mId=1,mAlternateSetting=0,mName=null,mClass=224,mSubclass=1,mProtocol=1,mEndpoints=[
06-10 08:52:46.084  2238  2382 D UsbHostManager: UsbEndpoint[mAddress=3,mAttributes=1,mMaxPacketSize=0,mInterval=1]
06-10 08:52:46.084  2238  2382 D UsbHostManager: UsbEndpoint[mAddress=131,mAttributes=1,mMaxPacketSize=0,mInterval=1]]
06-10 08:52:46.084  2238  2382 D UsbHostManager: UsbInterface[mId=1,mAlternateSetting=1,mName=null,mClass=224,mSubclass=1,mProtocol=1,mEndpoints=[
06-10 08:52:46.084  2238  2382 D UsbHostManager: UsbEndpoint[mAddress=3,mAttributes=1,mMaxPacketSize=9,mInterval=1]
06-10 08:52:46.084  2238  2382 D UsbHostManager: UsbEndpoint[mAddress=131,mAttributes=1,mMaxPacketSize=9,mInterval=1]]
06-10 08:52:46.084  2238  2382 D UsbHostManager: UsbInterface[mId=1,mAlternateSetting=2,mName=null,mClass=224,mSubclass=1,mProtocol=1,mEndpoints=[
06-10 08:52:46.084  2238  2382 D UsbHostManager: UsbEndpoint[mAddress=3,mAttributes=1,mMaxPacketSize=17,mInterval=1]
06-10 08:52:46.084  2238  2382 D UsbHostManager: UsbEndpoint[mAddress=131,mAttributes=1,mMaxPacketSize=17,mInterval=1]]
06-10 08:52:46.084  2238  2382 D UsbHostManager: UsbInterface[mId=1,mAlternateSetting=3,mName=null,mClass=224,mSubclass=1,mProtocol=1,mEndpoints=[
06-10 08:52:46.084  2238  2382 D UsbHostManager: UsbEndpoint[mAddress=3,mAttributes=1,mMaxPacketSize=25,mInterval=1]
06-10 08:52:46.084  2238  2382 D UsbHostManager: UsbEndpoint[mAddress=131,mAttributes=1,mMaxPacketSize=25,mInterval=1]]
06-10 08:52:46.084  2238  2382 D UsbHostManager: UsbInterface[mId=1,mAlternateSetting=4,mName=null,mClass=224,mSubclass=1,mProtocol=1,mEndpoints=[
06-10 08:52:46.084  2238  2382 D UsbHostManager: UsbEndpoint[mAddress=3,mAttributes=1,mMaxPacketSize=33,mInterval=1]
06-10 08:52:46.084  2238  2382 D UsbHostManager: UsbEndpoint[mAddress=131,mAttributes=1,mMaxPacketSize=33,mInterval=1]]
06-10 08:52:46.084  2238  2382 D UsbHostManager: UsbInterface[mId=1,mAlternateSetting=5,mName=null,mClass=224,mSubclass=1,mProtocol=1,mEndpoints=[
06-10 08:52:46.084  2238  2382 D UsbHostManager: UsbEndpoint[mAddress=3,mAttributes=1,mMaxPacketSize=49,mInterval=1]
06-10 08:52:46.084  2238  2382 D UsbHostManager: UsbEndpoint[mAddress=131,mAttributes=1,mMaxPacketSize=49,mInterval=1]]]]
06-10 08:52:46.084  2238  2238 D SystemServerTiming: MakeNetworkScoreReady took to complete: 0ms
06-10 08:52:46.084  2238  2238 I SystemServer: MakeNetworkManagementServiceReady
06-10 08:52:46.084  2238  2238 I NetworkManagement: not enabling bandwidth control
06-10 08:52:46.085  2238  2382 I UsbHostManager: ---- isHeadset[in: false , out: false]
06-10 08:52:46.107  2238  2288 I ActivityManager: Start proc 2391:WebViewLoader-x86/1037 [android.webkit.WebViewLibraryLoader$RelroFileCreator] for 
06-10 08:52:46.114  2147  2147 I wificond: create scanner for interface with index: 5
06-10 08:52:46.114  2147  2147 I wificond: subscribe scan result for interface with index: 5
06-10 08:52:46.116  2147  2147 E wificond: No Offload Service available
06-10 08:52:46.116  2147  2147 I wificond: Offload HAL not supported 
06-10 08:52:46.117  2238  2288 I ActivityManager: Start proc 2397:WebViewLoader-x86_64/1037 [android.webkit.WebViewLibraryLoader$RelroFileCreator] for 
06-10 08:52:46.118  2238  2288 D SystemServerTimingAsync: WebViewFactoryPreparation took to complete: 34ms
06-10 08:52:46.118  2238  2288 D SystemServerInitThreadPool: Finished executing WebViewFactoryPreparation
06-10 08:52:46.121  2238  2238 D SystemServerTiming: MakeNetworkManagementServiceReady took to complete: 37ms
06-10 08:52:46.121  2238  2238 I SystemServer: MakeNetworkStatsServiceReady
06-10 08:52:46.121  2238  2238 W NetworkStats: bandwidth controls disabled, unable to track stats
06-10 08:52:46.121  2238  2238 D SystemServerTiming: MakeNetworkStatsServiceReady took to complete: 0ms
06-10 08:52:46.121  2238  2306 W NetworkPolicy: bandwidth controls disabled, unable to enforce policy
06-10 08:52:46.121  2238  2238 I SystemServer: MakeConnectivityServiceReady
06-10 08:52:46.124  2364  2364 D SystemUIBootTiming: StartServicesDependency took to complete: 3ms
06-10 08:52:46.124  2238  2238 D SystemServerTiming: MakeConnectivityServiceReady took to complete: 3ms
06-10 08:52:46.124  2238  2238 I SystemServer: MakeNetworkPolicyServiceReady
06-10 08:52:46.127  2364  2364 D SystemUIBootTiming: StartServicesNotificationChannels took to complete: 3ms
06-10 08:52:46.129  2364  2364 D SystemUIBootTiming: StartServicesCommandQueueStart took to complete: 2ms
06-10 08:52:46.133  2238  2301 D VoldConnector: RCV <- {651 emulated 2}
06-10 08:52:46.133  2238  2301 D VoldConnector: RCV <- {200 6 Command succeeded}
06-10 08:52:46.136  2238  2382 D UsbHostManager: Added device UsbDevice[mName=/dev/bus/usb/001/003,mVendorId=911,mProductId=1345,mClass=239,mSubclass=2,mProtocol=1,mManufacturerName=lihappe8 Corp.,mProductName=USB 2.0 Camera,mVersion=2.0,mSerialNumber=null,mConfigurations=[
06-10 08:52:46.136  2238  2382 D UsbHostManager: UsbConfiguration[mId=1,mName=null,mAttributes=128,mMaxPower=250,mInterfaces=[
06-10 08:52:46.136  2238  2382 D UsbHostManager: UsbInterface[mId=0,mAlternateSetting=0,mName=USB 2.0 Camera,mClass=14,mSubclass=1,mProtocol=0,mEndpoints=[
06-10 08:52:46.136  2238  2382 D UsbHostManager: UsbEndpoint[mAddress=129,mAttributes=3,mMaxPacketSize=16,mInterval=7]]
06-10 08:52:46.136  2238  2382 D UsbHostManager: UsbInterface[mId=1,mAlternateSetting=0,mName=USB 2.0 Camera,mClass=14,mSubclass=2,mProtocol=0,mEndpoints=[]
06-10 08:52:46.136  2238  2382 D UsbHostManager: UsbInterface[mId=1,mAlternateSetting=1,mName=USB 2.0 Camera,mClass=14,mSubclass=2,mProtocol=0,mEndpoints=[
06-10 08:52:46.136  2238  2382 D UsbHostManager: UsbEndpoint[mAddress=130,mAttributes=5,mMaxPacketSize=5120,mInterval=1]]
06-10 08:52:46.136  2238  2382 D UsbHostManager: UsbInterface[mId=1,mAlternateSetting=2,mName=USB 2.0 Camera,mClass=14,mSubclass=2,mProtocol=0,mEndpoints=[
06-10 08:52:46.136  2238  2382 D UsbHostManager: UsbEndpoint[mAddress=130,mAttributes=5,mMaxPacketSize=3072,mInterval=1]]
06-10 08:52:46.136  2238  2382 D UsbHostManager: UsbInterface[mId=1,mAlternateSetting=3,mName=USB 2.0 Camera,mClass=14,mSubclass=2,mProtocol=0,mEndpoints=[
06-10 08:52:46.136  2238  2382 D UsbHostManager: UsbEndpoint[mAddress=130,mAttributes=5,mMaxPacketSize=1024,mInterval=1]]
06-10 08:52:46.136  2238  2382 D UsbHostManager: UsbInterface[mId=1,mAlternateSetting=4,mName=USB 2.0 Camera,mClass=14,mSubclass=2,mProtocol=0,mEndpoints=[
06-10 08:52:46.136  2238  2382 D UsbHostManager: UsbEndpoint[mAddress=130,mAttributes=5,mMaxPacketSize=512,mInterval=1]]
06-10 08:52:46.136  2238  2382 D UsbHostManager: UsbInterface[mId=2,mAlternateSetting=0,mName=USB Digital Audio,mClass=1,mSubclass=1,mProtocol=0,mEndpoints=[]
06-10 08:52:46.136  2238  2382 D UsbHostManager: UsbInterface[mId=3,mAlternateSetting=0,mName=USB Digital Audio,mClass=1,mSubclass=2,mProtocol=0,mEndpoints=[]
06-10 08:52:46.136  2238  2382 D UsbHostManager: UsbInterface[mId=3,mAlternateSetting=1,mName=USB Digital Audio,mClass=1,mSubclass=2,mProtocol=0,mEndpoints=[
06-10 08:52:46.136  2238  2382 D UsbHostManager: UsbEndpoint[mAddress=131,mAttributes=13,mMaxPacketSize=200,mInterval=4]]]]
06-10 08:52:46.137  2238  2382 I UsbHostManager: ---- isHeadset[in: false , out: false]
06-10 08:52:46.137  2238  2382 I UsbAlsaManager: USB Audio Device Added: UsbAudioDevice: [card: 1, device: 0, name: USB-Audio - USB 2.0 Camera, hasPlayback: false, hasCapture: true, class: 0x80000002]
06-10 08:52:46.138  2238  2382 D UsbHostManager: Added device UsbDevice[mName=/dev/bus/usb/001/004,mVendorId=1578,mProductId=16641,mClass=0,mSubclass=0,mProtocol=0,mManufacturerName=MOSART Semi.,mProductName=2.4G Wireless Receiver,mVersion=1.16,mSerialNumber=null,mConfigurations=[
06-10 08:52:46.138  2238  2382 D UsbHostManager: UsbConfiguration[mId=1,mName=null,mAttributes=160,mMaxPower=50,mInterfaces=[
06-10 08:52:46.138  2238  2382 D UsbHostManager: UsbInterface[mId=0,mAlternateSetting=0,mName=null,mClass=3,mSubclass=1,mProtocol=1,mEndpoints=[
06-10 08:52:46.138  2238  2382 D UsbHostManager: UsbEndpoint[mAddress=129,mAttributes=3,mMaxPacketSize=8,mInterval=10]]
06-10 08:52:46.138  2238  2382 D UsbHostManager: UsbInterface[mId=1,mAlternateSetting=0,mName=null,mClass=3,mSubclass=1,mProtocol=2,mEndpoints=[
06-10 08:52:46.138  2238  2382 D UsbHostManager: UsbEndpoint[mAddress=130,mAttributes=3,mMaxPacketSize=7,mInterval=2]]]]
06-10 08:52:46.138  2238  2382 I UsbHostManager: ---- isHeadset[in: false , out: false]
06-10 08:52:46.144  2349  2446 E ActivityThread: Failed to find provider info for user_dictionary
06-10 08:52:46.158  2364  2364 D SystemUIBootTiming: StartServicesKeyguardViewMediator took to complete: 29ms
06-10 08:52:46.190  2238  2250 I ActivityManager: user 0 is still locked. Cannot load recents
06-10 08:52:46.192  2364  2364 D SystemUIBootTiming: StartServicesRecents took to complete: 34ms
06-10 08:52:46.245  2364  2364 D SystemUIBootTiming: StartServicesVolumeUI took to complete: 53ms
06-10 08:52:46.254  2364  2364 D SystemUIBootTiming: StartServicesDivider took to complete: 9ms
06-10 08:52:46.285  2238  2256 E BatteryExternalStatsWorker: no controller energy info supplied for wifi
06-10 08:52:46.285  2238  2256 E BatteryExternalStatsWorker: no controller energy info supplied for wifi
06-10 08:52:46.287  2238  2414 W WallpaperManagerService: Cannot extract colors because wallpaper could not be read.
06-10 08:52:46.287  2238  2414 W WallpaperManagerService: Cannot extract colors because wallpaper could not be read.
06-10 08:52:46.290  2238  2414 I StatusBarManagerService: registerStatusBar bar=com.android.internal.statusbar.IStatusBar$Stub$Proxy@2ed2a5
06-10 08:52:46.373  2364  2364 I StatusBar: isKeyguardShowing() called before startKeyguard(), returning true
06-10 08:52:46.389  2364  2364 I chatty  : uid=10033(com.android.systemui) identical 1 line
06-10 08:52:46.410  2364  2364 I StatusBar: isKeyguardShowing() called before startKeyguard(), returning true
06-10 08:52:46.422  2364  2599 E ActivityThread: Failed to find provider info for com.android.contacts
06-10 08:52:46.429  2364  2364 D SystemUIBootTiming: StartServicesSystemBars took to complete: 175ms
06-10 08:52:46.431  2364  2364 D SystemUIBootTiming: StartServicesStorageNotification took to complete: 2ms
06-10 08:52:46.434  2364  2364 D SystemUIBootTiming: StartServicesPowerUI took to complete: 3ms
06-10 08:52:46.435  2364  2364 D SystemUIBootTiming: StartServicesRingtonePlayer took to complete: 1ms
06-10 08:52:46.435  2364  2364 D SystemUIBootTiming: StartServicesKeyboardUI took to complete: 0ms
06-10 08:52:46.441  2364  2364 D SystemUIBootTiming: StartServicesPipUI took to complete: 5ms
06-10 08:52:46.441  2364  2364 D SystemUIBootTiming: StartServicesShortcutKeyDispatcher took to complete: 1ms
06-10 08:52:46.441  2364  2364 D SystemUIBootTiming: StartServicesVendorServices took to complete: 0ms
06-10 08:52:46.441  2364  2364 D SystemUIBootTiming: StartServicesService took to complete: 0ms
06-10 08:52:46.442  2364  2364 D SystemUIBootTiming: StartServicesLatencyTester took to complete: 0ms
06-10 08:52:46.442  2364  2364 D SystemUIBootTiming: StartServicesGlobalActionsComponent took to complete: 1ms
06-10 08:52:46.443  2364  2364 D SystemUIBootTiming: StartServicesRoundedCorners took to complete: 1ms
06-10 08:52:46.443  2364  2364 D SystemUIBootTiming: StartServices took to complete: 324ms
06-10 08:52:46.473  2364  2602 E ActivityThread: Failed to find provider info for com.android.contacts
06-10 08:52:46.477  2364  2614 E ActivityThread: Failed to find provider info for com.android.contacts
06-10 08:52:46.507  2238  2308 D WifiService: New client listening to asynchronous messages
06-10 08:52:46.519  2238  2256 E BatteryExternalStatsWorker: no controller energy info supplied for wifi
06-10 08:52:46.519  2238  2256 E BatteryExternalStatsWorker: no controller energy info supplied for wifi
06-10 08:52:49.041  2238  2259 E BluetoothManagerService: MESSAGE_TIMEOUT_BIND
06-10 08:53:10.009  2238  2253 W BroadcastQueue: Timeout of broadcast BroadcastRecord{a521dab u-1 android.intent.action.TIME_TICK} - receiver=android.app.LoadedApk$ReceiverDispatcher$InnerReceiver@ea99821, started 10009ms ago
06-10 08:53:10.010  2238  2253 W BroadcastQueue: Receiver during timeout of BroadcastRecord{a521dab u-1 android.intent.action.TIME_TICK} : BroadcastFilter{3d15607 u0 ReceiverList{5160446 2238 system/1000/u0 local:ea99821}}
06-10 08:53:15.818  2238  2259 I ActivityManager: Start proc 2626:com.google.android.ext.services/u0a15 for service com.google.android.ext.services/android.ext.services.storage.CacheQuotaServiceImpl
06-10 08:53:16.125  2238  2238 W SystemServer: ***********************************************
06-10 08:53:16.126  2238  2238 E SystemServer: BOOT FAILURE making Network Policy Service ready
06-10 08:53:16.126  2238  2238 E SystemServer: java.lang.IllegalStateException: Service NetworkPolicy init timeout
06-10 08:53:16.126  2238  2238 E SystemServer: 	at com.android.server.net.NetworkPolicyManagerService.systemReady(NetworkPolicyManagerService.java:816)
06-10 08:53:16.126  2238  2238 E SystemServer: 	at com.android.server.SystemServer.lambda$-com_android_server_SystemServer_75815(SystemServer.java:1752)
06-10 08:53:16.126  2238  2238 E SystemServer: 	at com.android.server.-$Lambda$T7cKu_OKm_Fk2kBNthmo_uUJTSo$1.$m$0(Unknown Source:98)
06-10 08:53:16.126  2238  2238 E SystemServer: 	at com.android.server.-$Lambda$T7cKu_OKm_Fk2kBNthmo_uUJTSo$1.run(Unknown Source:0)
06-10 08:53:16.126  2238  2238 E SystemServer: 	at com.android.server.am.ActivityManagerService.systemReady(ActivityManagerService.java:14463)
06-10 08:53:16.126  2238  2238 E SystemServer: 	at com.android.server.SystemServer.startOtherServices(SystemServer.java:1672)
06-10 08:53:16.126  2238  2238 E SystemServer: 	at com.android.server.SystemServer.run(SystemServer.java:391)
06-10 08:53:16.126  2238  2238 E SystemServer: 	at com.android.server.SystemServer.main(SystemServer.java:267)
06-10 08:53:16.126  2238  2238 E SystemServer: 	at java.lang.reflect.Method.invoke(Native Method)
06-10 08:53:16.126  2238  2238 E SystemServer: 	at com.android.internal.os.RuntimeInit$MethodAndArgsCaller.run(RuntimeInit.java:463)
06-10 08:53:16.126  2238  2238 E SystemServer: 	at com.android.internal.os.ZygoteInit.main(ZygoteInit.java:787)
06-10 08:53:16.127  2238  2238 D SystemServerTiming: MakeNetworkPolicyServiceReady took to complete: 30003ms
06-10 08:53:16.128  2238  2238 I SystemServer: StartWatchdog
06-10 08:53:16.128  2238  2238 D SystemServerTiming: StartWatchdog took to complete: 0ms
06-10 08:53:16.128  2238  2238 I SystemServer: PhaseThirdPartyAppsCanStart
06-10 08:53:16.128  2238  2238 I SystemServiceManager: Starting phase 600
06-10 08:53:16.130  2238  2238 V WallpaperManagerService: bindWallpaperComponentLocked: componentName=ComponentInfo{com.android.systemui/com.android.systemui.ImageWallpaper}
06-10 08:53:16.131  2238  2258 W WallpaperManagerService: Cannot extract colors because wallpaper could not be read.
06-10 08:53:16.131  2238  2258 W WallpaperManagerService: Cannot extract colors because wallpaper could not be read.
06-10 08:53:16.137  2238  2238 D SystemServerTiming: PhaseThirdPartyAppsCanStart took to complete: 9ms
06-10 08:53:16.137  2238  2238 I SystemServer: MakeLocationServiceReady
06-10 08:53:16.142  2238  2238 W LocationProviderProxy-network: Odd, no component found for service com.android.location.service.v3.NetworkLocationProvider
06-10 08:53:16.144  2238  2238 W GeocoderProxy: Odd, no component found for service com.android.location.service.GeocodeProvider
06-10 08:53:16.145  2238  2238 D LocationManagerService: FLP HAL not supported
06-10 08:53:16.145  2238  2238 W GeofenceProxy: Odd, no component found for service com.android.location.service.GeofenceProvider
06-10 08:53:16.146  2238  2238 D LocationManagerService: Hardware Activity-Recognition not supported.
06-10 08:53:16.146  2238  2238 W ActivityRecognitionProxy: Odd, no component found for service com.android.location.service.ActivityRecognitionProvider
06-10 08:53:16.147  2238  2238 D SystemServerTiming: MakeLocationServiceReady took to complete: 10ms
06-10 08:53:16.147  2238  2238 I SystemServer: MakeCountryDetectionServiceReady
06-10 08:53:16.147  2238  2238 D SystemServerTiming: MakeCountryDetectionServiceReady took to complete: 0ms
06-10 08:53:16.147  2238  2238 I SystemServer: MakeNetworkTimeUpdateReady
06-10 08:53:16.147  2238  2238 D ConnectivityService: requestNetwork for uid/pid:1000/2238 NetworkRequest [ TRACK_DEFAULT id=5, [ Capabilities: INTERNET&NOT_RESTRICTED&TRUSTED&NOT_VPN] ]
06-10 08:53:16.147  2238  2238 D SystemServerTiming: MakeNetworkTimeUpdateReady took to complete: 0ms
06-10 08:53:16.147  2238  2238 I SystemServer: MakeCommonTimeManagementServiceReady
06-10 08:53:16.147  2238  2238 D SystemServerTiming: MakeCommonTimeManagementServiceReady took to complete: 0ms
06-10 08:53:16.147  2238  2238 I SystemServer: MakeInputManagerServiceReady
06-10 08:53:16.147  2238  2238 D SystemServerTiming: MakeInputManagerServiceReady took to complete: 0ms
06-10 08:53:16.147  2238  2238 I SystemServer: MakeTelephonyRegistryReady
06-10 08:53:16.148  2238  2238 D SystemServerTiming: MakeTelephonyRegistryReady took to complete: 0ms
06-10 08:53:16.148  2238  2238 I SystemServer: MakeMediaRouterServiceReady
06-10 08:53:16.148  2238  2238 D SystemServerTiming: MakeMediaRouterServiceReady took to complete: 0ms
06-10 08:53:16.148  2238  2238 I SystemServer: MakeMmsServiceReady
06-10 08:53:16.148  2238  2238 I MmsServiceBroker: Delay connecting to MmsService until an API is called
06-10 08:53:16.148  2238  2238 D SystemServerTiming: MakeMmsServiceReady took to complete: 0ms
06-10 08:53:16.148  2238  2238 I SystemServer: MakeNetworkScoreServiceReady
06-10 08:53:16.148  2238  2238 D SystemServerTiming: MakeNetworkScoreServiceReady took to complete: 0ms
06-10 08:53:16.148  2238  2238 I SystemServer: IncidentDaemonReady
06-10 08:53:16.148  2238  2238 D SystemServerTiming: IncidentDaemonReady took to complete: 0ms
06-10 08:53:16.148  2238  2238 I SystemServiceManager: Calling onStartUser u0
06-10 08:53:16.159  2238  2238 I ActivityManager: Start proc 2645:com.android.phone/1001 for added application com.android.phone
06-10 08:53:16.159  2238  2238 I ActivityManager: START u0 {act=android.intent.action.MAIN cat=[android.intent.category.HOME] flg=0x10000100 cmp=com.android.settings/.FallbackHome} from uid 0
06-10 08:53:16.161  2238  2238 I ActivityManager: Loaded persisted task ids for user 0
06-10 08:53:16.172  2238  2238 I ActivityManager: Start proc 2659:com.android.settings/1000 for activity com.android.settings/.FallbackHome
06-10 08:53:16.173  2238  2238 D SystemServerTiming: ActivityManagerStartApps took to complete: 26ms
06-10 08:53:16.173  2238  2238 D SystemServerTiming: PhaseActivityManagerReady took to complete: 30148ms
06-10 08:53:16.174  2238  2238 D SystemServerInitThreadPool: Shutdown successful
06-10 08:53:16.174  2238  2238 D SystemServerTiming: StartServices took to complete: 35306ms
06-10 08:53:16.176  2238  2252 W LocationProviderProxy-network: Odd, no component found for service com.android.location.service.v3.NetworkLocationProvider
06-10 08:53:16.176  2238  2252 W GeocoderProxy: Odd, no component found for service com.android.location.service.GeocodeProvider
06-10 08:53:16.176  2238  2252 W GeofenceProxy: Odd, no component found for service com.android.location.service.GeofenceProvider
06-10 08:53:16.176  2238  2252 W ActivityRecognitionProxy: Odd, no component found for service com.android.location.service.ActivityRecognitionProvider
06-10 08:53:16.177  2238  2238 D ConditionProviders.SCP: onConnected
06-10 08:53:16.177  2364  2600 E ActivityThread: Failed to find provider info for com.android.contacts
06-10 08:53:16.177  2238  2238 D ZenLog  : set_zen_mode: off,readXml
06-10 08:53:16.177  2238  2238 D ConditionProviders: Subscribing to condition://android/event?userId=-10000&calendar=&reply=1 with ComponentInfo{android/com.android.server.notification.EventConditionProvider}
06-10 08:53:16.177  2238  2238 D ZenLog  : subscribe: condition://android/event?userId=-10000&calendar=&reply=1,ok
06-10 08:53:16.177  2238  2238 D ConditionProviders: Subscribing to condition://android/schedule?days=1.2.3.4.5&start=22.0&end=7.0&exitAtAlarm=false with ComponentInfo{android/com.android.server.notification.ScheduleConditionProvider}
06-10 08:53:16.177  2238  2238 D ZenLog  : subscribe: condition://android/schedule?days=1.2.3.4.5&start=22.0&end=7.0&exitAtAlarm=false,ok
06-10 08:53:16.177  2238  2238 D ConditionProviders: Subscribing to condition://android/schedule?days=6.7&start=23.30&end=10.0&exitAtAlarm=false with ComponentInfo{android/com.android.server.notification.ScheduleConditionProvider}
06-10 08:53:16.177  2238  2238 D ZenLog  : subscribe: condition://android/schedule?days=6.7&start=23.30&end=10.0&exitAtAlarm=false,ok
06-10 08:53:16.178  2238  2238 D ZenLog  : set_zen_mode: off,cleanUpZenRules
06-10 08:53:16.180  2238  2238 W ContextImpl: Calling a method in the system process without a qualified user: android.app.ContextImpl.startService:1476 com.android.server.content.SyncManager$13.run:722 android.os.Handler.handleCallback:790 android.os.Handler.dispatchMessage:99 android.os.Looper.loop:164 
06-10 08:53:16.184  2238  2238 D BluetoothManagerService: BluetoothServiceConnection: com.android.bluetooth.btservice.AdapterService
06-10 08:53:16.184  2238  2259 D BluetoothManagerService: MESSAGE_BLUETOOTH_SERVICE_CONNECTED: 1
06-10 08:53:16.184  2238  2259 D BluetoothManagerService: MESSAGE_GET_NAME_AND_ADDRESS
06-10 08:53:16.186  2238  2259 D BluetoothManagerService: unbindAndFinish(): android.bluetooth.IBluetooth$Stub$Proxy@a7403c1 mBinding = false mUnbinding = false
06-10 08:53:16.195  2238  2238 I WiredAccessoryManager: notifyWiredAccessoryChanged: when=0 bits= mask=154
06-10 08:53:16.195  2238  2238 V WiredAccessoryManager: newName=h2w newState=0 headsetState=0 prev headsetState=0
06-10 08:53:16.195  2238  2238 V WiredAccessoryManager: init()
06-10 08:53:16.205  2238  2250 I ActivityManager: Process com.android.bluetooth (pid 2333) has died: fore SVC 
06-10 08:53:16.214  2238  2238 D AccessibilityManagerService: Ignoring non-encryption-aware service ComponentInfo{com.sohu.inputmethod.sogou/com.sohu.inputmethod.flx.quicktype.QuickAccessibilityService}
06-10 08:53:16.220  2238  2238 D ConditionProviders.SCP: onSubscribe condition://android/schedule?days=1.2.3.4.5&start=22.0&end=7.0&exitAtAlarm=false
06-10 08:53:16.220  2238  2238 D ConditionProviders.SCP: setRegistered true
06-10 08:53:16.220  2238  2238 D ConditionProviders.SCP: notifyCondition condition://android/schedule?days=1.2.3.4.5&start=22.0&end=7.0&exitAtAlarm=false STATE_FALSE reason=!meetsSchedule
06-10 08:53:16.223  2238  2319 E ActivityThread: Failed to find provider info for com.android.calendar
06-10 08:53:16.223  2238  2319 E ActivityThread: Failed to find provider info for com.android.calendar
06-10 08:53:16.224  2238  2238 D ConditionProviders.SCP: Scheduling evaluate for Mon Jun 10 22:00:00 GMT+08:00 2019 (1560175200000), in +13h6m43s780ms, now=Mon Jun 10 08:53:16 GMT+08:00 2019 (1560127996220)
06-10 08:53:16.224  2238  2238 D ConditionProviders.SCP: onSubscribe condition://android/schedule?days=6.7&start=23.30&end=10.0&exitAtAlarm=false
06-10 08:53:16.224  2238  2238 D ConditionProviders.SCP: notifyCondition condition://android/schedule?days=6.7&start=23.30&end=10.0&exitAtAlarm=false STATE_FALSE reason=!meetsSchedule
06-10 08:53:16.224  2238  2238 D ConditionProviders.SCP: notifyCondition condition://android/schedule?days=1.2.3.4.5&start=22.0&end=7.0&exitAtAlarm=false STATE_FALSE reason=!meetsSchedule
06-10 08:53:16.224  2238  2238 D ConditionProviders.SCP: Scheduling evaluate for Mon Jun 10 10:00:00 GMT+08:00 2019 (1560132000000), in +1h6m43s776ms, now=Mon Jun 10 08:53:16 GMT+08:00 2019 (1560127996224)
06-10 08:53:16.224  2238  2252 I SyncManager: Got SyncJobService instance.
06-10 08:53:16.225  2238  2238 D AutofillManagerService: Autofill restriction did not change for user 0: null
06-10 08:53:16.263  2238  2415 I ActivityManager: user 0 is still locked. Cannot load recents
06-10 08:53:16.263  2238  2415 I ActivityManager: user 0 is still locked. Cannot load recents
06-10 08:53:16.275  2238  2313 D ConnectivityService: Got NetworkFactory Messenger for PhoneSwitcherNetworkRequstListener
06-10 08:53:16.277  2238  2313 D ConnectivityService: Got NetworkFactory Messenger for TelephonyNetworkFactory[0]
06-10 08:53:16.287  2645  2702 E ActivityThread: Failed to find provider info for com.android.contacts
06-10 08:53:16.294  2238  2682 D BluetoothManagerService: Trying to bind to profile: 1, while Bluetooth was disabled
06-10 08:53:16.301  2645  2645 I TelecomFramework: TtyManager: updateUiTtyMode -1 -> 0
06-10 08:53:16.318  2238  2260 I WindowManager: ******* TELLING SURFACE FLINGER WE ARE BOOTED!
06-10 08:53:16.318  2238  2260 W ActivityManager: Unable to mark boot complete for abi: armeabi-v7a (android.os.ServiceSpecificException: Failed to unlink /data//dalvik-cache/arm/.booting (code 2))
06-10 08:53:16.319  2238  2260 I SystemServiceManager: Starting phase 1000
06-10 08:53:16.320  2238  2260 D ActivityManager: Finishing user boot 0
06-10 08:53:16.320  2238  2260 I ActivityManager: User 0 state changed from BOOTING to RUNNING_LOCKED
06-10 08:53:16.321  2238  2260 D StorageManagerService: Setting property: sys.user.0.ce_available=true
06-10 08:53:16.321  2238  2260 I ActivityManager: User 0 state changed from RUNNING_LOCKED to RUNNING_UNLOCKING
06-10 08:53:16.321  2238  2260 D CryptdConnector: SND -> {3 cryptfs prepare_user_storage ! 0 0 2}
06-10 08:53:16.322  2106  2110 D vold    : e4crypt_prepare_user_storage for volume null, user 0, serial 0, flags 2
06-10 08:53:16.322  2106  2110 D vold    : Preparing: /data/system_ce/0
06-10 08:53:16.322  2106  2110 D vold    : Preparing: /data/misc_ce/0
06-10 08:53:16.322  2106  2110 D vold    : Preparing: /data/media/0
06-10 08:53:16.322  2106  2110 D vold    : Preparing: /data/data
06-10 08:53:16.322  2238  2302 D CryptdConnector: RCV <- {200 3 Command succeeded}
06-10 08:53:16.322  2238  2260 V UserDataPreparer: Found /data/user/0 with serial number 0
06-10 08:53:16.322  2238  2260 V UserDataPreparer: Found /data/system_ce/0 with serial number 0
06-10 08:53:16.322  2645  2645 I TelecomFramework: AccountEntry: Registered phoneAccount: [[ ] PhoneAccount: ComponentInfo{com.android.phone/com.android.services.telephony.TelephonyConnectionService}, [e0184adedf913b076626646d3f52c3b49c39ad6d], UserHandle{0} Capabilities: CallProvider MultiUser PlaceEmerg SimSub  Audio Routes: BESW Schemes: tel voicemail  Extras: Bundle[{android.telecom.extra.SUPPORTS_VIDEO_CALLING_FALLBACK=false}] GroupId: [da39a3ee5e6b4b0d3255bfef95601890afd80709]] with handle: ComponentInfo{com.android.phone/com.android.services.telephony.TelephonyConnectionService}, [e0184adedf913b076626646d3f52c3b49c39ad6d], UserHandle{0}
06-10 08:53:16.323  2238  2260 V PackageManager: reconcileAppsData for null u0 0x2 migrateAppData=false
06-10 08:53:16.324  2645  2645 I TelecomFramework: PstnIncomingCallNotifier: Registering: Handler (com.android.internal.telephony.GsmCdmaPhone) {f44757}
06-10 08:53:16.327  2645  2645 I TelecomFramework: PstnPhoneCapabilitiesNotifier: handleVideoCapabilitesChanged. Video capability - false
06-10 08:53:16.338  2238  2260 V PackageManager: reconcileAppsData finished 102 packages
06-10 08:53:16.338  2238  2253 I SystemServiceManager: Calling onUnlockUser u0
06-10 08:53:16.338  2238  2253 D BluetoothManagerService: User 0 unlocked
06-10 08:53:16.338  2238  2253 D StorageManagerService: onUnlockUser 0
06-10 08:53:16.338  2238  2259 D BluetoothManagerService: MESSAGE_USER_UNLOCKED
06-10 08:53:16.338  2238  2253 D VoldConnector: SND -> {7 volume user_started 0}
06-10 08:53:16.338  2106  2109 D vold    : Linking /storage/emulated/0 to /mnt/user/0/primary
06-10 08:53:16.338  2238  2301 D VoldConnector: RCV <- {200 7 Command succeeded}
06-10 08:53:16.338  2238  2300 D StorageManagerService: Volume emulated broadcasting mounted to UserHandle{0}
06-10 08:53:16.340  2238  2253 I BackupManagerService: Instantiating BackupManagerService
06-10 08:53:16.348  2238  2238 I ActivityManager: Start proc 2715:com.android.deskclock/u0a52 for broadcast com.android.deskclock/.AlarmInitReceiver
06-10 08:53:16.348  2238  2313 D ConnectivityService: Got NetworkFactory Messenger for WIFI
06-10 08:53:16.348  2238  2313 D ConnectivityService: Got NetworkFactory Messenger for WIFI_UT
06-10 08:53:16.350  2238  2253 V BackupManagerService: No ancestral data
06-10 08:53:16.353  2238  2253 V BackupManagerService: Starting with transport com.google.android.gms/.backup.BackupTransportService
06-10 08:53:16.353  2238  2253 D BackupTransportManager: Binding to transport: android/com.android.internal.backup.LocalTransportService
06-10 08:53:16.353  2238  2253 W BackupTransportManager: BackupTransport com.google.android.gms/.backup.component.D2dTransportService not whitelisted.
06-10 08:53:16.353  2238  2253 W BackupTransportManager: BackupTransport com.google.android.gms/.backup.BackupTransportService not whitelisted.
06-10 08:53:16.354  2238  2253 I BackupManagerService: Backup enabled => false
06-10 08:53:16.358  2238  2720 V KeyValueBackupJob: Scheduling k/v pass in 248 minutes
06-10 08:53:16.367  2238  2258 I AppWidgetServiceImpl: Async processing of onUserUnlocked u0 took 9 ms
06-10 08:53:16.368  2238  2598 I ActivityManager: Start proc 2738:com.android.keychain/1000 for service com.android.keychain/.KeyChainService
06-10 08:53:16.379  2238  2253 I ActivityManager: Start proc 2754:com.google.android.googlequicksearchbox:interactor/u0a36 for service com.google.android.googlequicksearchbox/com.google.android.voiceinteraction.GsaVoiceInteractionService
06-10 08:53:16.380  2238  2253 D AutofillManagerServiceImpl: Reset component for user 0
06-10 08:53:16.380  2238  2253 D AutofillManagerServiceImpl: Reset component for user 0
06-10 08:53:16.391  2238  2682 I ActivityManager: Start proc 2776:com.sohu.inputmethod.sogou/u0a75 for service com.sohu.inputmethod.sogou/.SogouIME
06-10 08:53:16.401  2238  2238 I ActivityManager: Start proc 2795:org.chromium.chrome/u0a54 for service org.chromium.chrome/org.chromium.components.background_task_scheduler.BackgroundTaskJobService
06-10 08:53:16.401  2238  2253 I ActivityManager: Loading recents for user 0 into memory.
06-10 08:53:16.403  2238  2253 E TaskPersister: Unable to parse /data/system_ce/0/recent_tasks/5_task.xml. Error 
06-10 08:53:16.403  2238  2253 E TaskPersister: java.lang.NullPointerException: Attempt to invoke virtual method 'android.content.res.Configuration com.android.server.am.ConfigurationContainer.getConfiguration()' on a null object reference
06-10 08:53:16.403  2238  2253 E TaskPersister: 	at com.android.server.am.TaskRecord.computeOverrideConfiguration(TaskRecord.java:2256)
06-10 08:53:16.403  2238  2253 E TaskPersister: 	at com.android.server.am.TaskRecord.updateOverrideConfiguration(TaskRecord.java:2229)
06-10 08:53:16.403  2238  2253 E TaskPersister: 	at com.android.server.am.TaskRecord.updateOverrideConfiguration(TaskRecord.java:2192)
06-10 08:53:16.403  2238  2253 E TaskPersister: 	at com.android.server.am.TaskRecord.restoreFromXml(TaskRecord.java:2104)
06-10 08:53:16.403  2238  2253 E TaskPersister: 	at com.android.server.am.TaskPersister.restoreTasksForUserLocked(TaskPersister.java:464)
06-10 08:53:16.403  2238  2253 E TaskPersister: 	at com.android.server.am.RecentTasks.loadUserRecentsLocked(RecentTasks.java:124)
06-10 08:53:16.403  2238  2253 E TaskPersister: 	at com.android.server.am.ActivityManagerService$MainHandler.handleMessage(ActivityManagerService.java:2220)
06-10 08:53:16.403  2238  2253 E TaskPersister: 	at android.os.Handler.dispatchMessage(Handler.java:106)
06-10 08:53:16.403  2238  2253 E TaskPersister: 	at android.os.Looper.loop(Looper.java:164)
06-10 08:53:16.403  2238  2253 E TaskPersister: 	at android.os.HandlerThread.run(HandlerThread.java:65)
06-10 08:53:16.403  2238  2253 E TaskPersister: 	at com.android.server.ServiceThread.run(ServiceThread.java:46)
06-10 08:53:16.404  2238  2253 E TaskPersister: Failing file: <?xml version='1.0' encoding='utf-8' standalone='yes' ?>
06-10 08:53:16.404  2238  2253 E TaskPersister: <task task_id="5" real_activity="com.github.uiautomator/.MainActivity" real_activity_suspended="false" affinity="com.github.uiautomator" root_has_reset="false" auto_remove_recents="false" asked_compat_mode="false" user_id="0" user_setup_complete="true" effective_uid="10079" task_type="0" first_active_time="1559800994315" last_active_time="1559800998977" last_time_moved="1559800999040" never_relinquish_identity="true" task_description_color="ff212121" task_description_colorBackground="fffafafa" task_thumbnailinfo_task_width="0" task_thumbnailinfo_task_height="0" task_thumbnailinfo_screen_orientation="0" task_affiliation_color="-14606047" task_affiliation="5" prev_affiliation="-1" next_affiliation="-1" calling_uid="10033" calling_package="com.android.systemui" resize_mode="4" supports_picture_in_picture="false" privileged="false" non_fullscreen_bounds="480 270 1440 810" min_width="-1" min_height="-1" persist_task_version="1">
06-10 08:53:16.404  2238  2253 E TaskPersister: <intent action="android.intent.action.MAIN" component="com.github.uiautomator/.MainActivity" flags="30000000">
06-10 08:53:16.404  2238  2253 E TaskPersister: <categories category="android.intent.category.LAUNCHER" />
06-10 08:53:16.404  2238  2253 E TaskPersister: </intent>
06-10 08:53:16.404  2238  2253 E TaskPersister: </task>
06-10 08:53:16.404  2238  2253 E TaskPersister: 
06-10 08:53:16.404  2238  2253 E TaskPersister: Unable to parse /data/system_ce/0/recent_tasks/7_task.xml. Error 
06-10 08:53:16.404  2238  2253 E TaskPersister: java.lang.NullPointerException: Attempt to invoke virtual method 'android.content.res.Configuration com.android.server.am.ConfigurationContainer.getConfiguration()' on a null object reference
06-10 08:53:16.404  2238  2253 E TaskPersister: 	at com.android.server.am.TaskRecord.computeOverrideConfiguration(TaskRecord.java:2256)
06-10 08:53:16.404  2238  2253 E TaskPersister: 	at com.android.server.am.TaskRecord.updateOverrideConfiguration(TaskRecord.java:2229)
06-10 08:53:16.404  2238  2253 E TaskPersister: 	at com.android.server.am.TaskRecord.updateOverrideConfiguration(TaskRecord.java:2192)
06-10 08:53:16.404  2238  2253 E TaskPersister: 	at com.android.server.am.TaskRecord.restoreFromXml(TaskRecord.java:2104)
06-10 08:53:16.404  2238  2253 E TaskPersister: 	at com.android.server.am.TaskPersister.restoreTasksForUserLocked(TaskPersister.java:464)
06-10 08:53:16.404  2238  2253 E TaskPersister: 	at com.android.server.am.RecentTasks.loadUserRecentsLocked(RecentTasks.java:124)
06-10 08:53:16.404  2238  2253 E TaskPersister: 	at com.android.server.am.ActivityManagerService$MainHandler.handleMessage(ActivityManagerService.java:2220)
06-10 08:53:16.404  2238  2253 E TaskPersister: 	at android.os.Handler.dispatchMessage(Handler.java:106)
06-10 08:53:16.404  2238  2253 E TaskPersister: 	at android.os.Looper.loop(Looper.java:164)
06-10 08:53:16.404  2238  2253 E TaskPersister: 	at android.os.HandlerThread.run(HandlerThread.java:65)
06-10 08:53:16.404  2238  2253 E TaskPersister: 	at com.android.server.ServiceThread.run(ServiceThread.java:46)
06-10 08:53:16.404  2238  2253 E TaskPersister: Failing file: <?xml version='1.0' encoding='utf-8' standalone='yes' ?>
06-10 08:53:16.404  2238  2253 E TaskPersister: <task task_id="7" real_activity="com.android.calculator2/.Calculator" real_activity_suspended="false" affinity="com.android.calculator2" root_has_reset="true" auto_remove_recents="false" asked_compat_mode="false" user_id="0" user_setup_complete="true" effective_uid="10055" task_type="0" first_active_time="1559808197401" last_active_time="1559814409884" last_time_moved="1559814409940" never_relinquish_identity="true" task_description_color="ff00bcd4" task_description_colorBackground="fffafafa" task_thumbnailinfo_task_width="0" task_thumbnailinfo_task_height="0" task_thumbnailinfo_screen_orientation="0" task_affiliation_color="-16728876" task_affiliation="7" prev_affiliation="-1" next_affiliation="-1" calling_uid="0" calling_package="" resize_mode="1" supports_picture_in_picture="false" privileged="false" non_fullscreen_bounds="480 270 1440 810" min_width="345" min_height="330" persist_task_version="1">
06-10 08:53:16.404  2238  2253 E TaskPersister: <intent action="android.intent.action.MAIN" component="com.android.calculator2/.Calculator" flags="10200000">
06-10 08:53:16.404  2238  2253 E TaskPersister: <categories category="android.intent.category.LAUNCHER" />
06-10 08:53:16.404  2238  2253 E TaskPersister: </intent>
06-10 08:53:16.404  2238  2253 E TaskPersister: </task>
06-10 08:53:16.404  2238  2253 E TaskPersister: 
06-10 08:53:16.405  2238  2253 E TaskPersister: Unable to parse /data/system_ce/0/recent_tasks/4_task.xml. Error 
06-10 08:53:16.405  2238  2253 E TaskPersister: java.lang.NullPointerException: Attempt to invoke virtual method 'android.content.res.Configuration com.android.server.am.ConfigurationContainer.getConfiguration()' on a null object reference
06-10 08:53:16.405  2238  2253 E TaskPersister: 	at com.android.server.am.TaskRecord.computeOverrideConfiguration(TaskRecord.java:2256)
06-10 08:53:16.405  2238  2253 E TaskPersister: 	at com.android.server.am.TaskRecord.updateOverrideConfiguration(TaskRecord.java:2229)
06-10 08:53:16.405  2238  2253 E TaskPersister: 	at com.android.server.am.TaskRecord.updateOverrideConfiguration(TaskRecord.java:2192)
06-10 08:53:16.405  2238  2253 E TaskPersister: 	at com.android.server.am.TaskRecord.restoreFromXml(TaskRecord.java:2104)
06-10 08:53:16.405  2238  2253 E TaskPersister: 	at com.android.server.am.TaskPersister.restoreTasksForUserLocked(TaskPersister.java:464)
06-10 08:53:16.405  2238  2253 E TaskPersister: 	at com.android.server.am.RecentTasks.loadUserRecentsLocked(RecentTasks.java:124)
06-10 08:53:16.405  2238  2253 E TaskPersister: 	at com.android.server.am.ActivityManagerService$MainHandler.handleMessage(ActivityManagerService.java:2220)
06-10 08:53:16.405  2238  2253 E TaskPersister: 	at android.os.Handler.dispatchMessage(Handler.java:106)
06-10 08:53:16.405  2238  2253 E TaskPersister: 	at android.os.Looper.loop(Looper.java:164)
06-10 08:53:16.405  2238  2253 E TaskPersister: 	at android.os.HandlerThread.run(HandlerThread.java:65)
06-10 08:53:16.405  2238  2253 E TaskPersister: 	at com.android.server.ServiceThread.run(ServiceThread.java:46)
06-10 08:53:16.405  2238  2253 E TaskPersister: Failing file: <?xml version='1.0' encoding='utf-8' standalone='yes' ?>
06-10 08:53:16.405  2238  2253 E TaskPersister: <task task_id="4" real_activity="com.android.launcher3/org.openthos.launcher.activity.MainActivity" real_activity_suspended="false" affinity="com.android.launcher3" root_has_reset="false" auto_remove_recents="false" asked_compat_mode="false" user_id="0" user_setup_complete="true" effective_uid="10063" task_type="1" first_active_time="1559789871087" last_active_time="1559814414816" last_time_moved="1559789871087" never_relinquish_identity="true" task_description_color="ff212121" task_description_colorBackground="ff303030" task_thumbnailinfo_task_width="0" task_thumbnailinfo_task_height="0" task_thumbnailinfo_screen_orientation="0" task_affiliation_color="-14606047" task_affiliation="4" prev_affiliation="-1" next_affiliation="-1" calling_uid="0" calling_package="" resize_mode="0" supports_picture_in_picture="false" privileged="false" non_fullscreen_bounds="0 0 1920 1080" min_width="-1" min_height="-1" persist_task_version="1">
06-10 08:53:16.405  2238  2253 E TaskPersister: <intent action="android.intent.action.MAIN" component="com.android.launcher3/org.openthos.launcher.activity.MainActivity" flags="10000100">
06-10 08:53:16.405  2238  2253 E TaskPersister: <categories category="android.intent.category.HOME" />
06-10 08:53:16.405  2238  2253 E TaskPersister: </intent>
06-10 08:53:16.405  2238  2253 E TaskPersister: </task>
06-10 08:53:16.405  2238  2253 E TaskPersister: 
06-10 08:53:16.416  2238  2253 I ActivityManager: Start proc 2817:org.android_x86.analytics/u0a3 for added application org.android_x86.analytics
06-10 08:53:16.416  2238  2253 I ActivityManager: User 0 state changed from RUNNING_UNLOCKING to RUNNING_UNLOCKED
06-10 08:53:16.416  2238  2253 I ActivityManager: Sending BOOT_COMPLETE user #0
06-10 08:53:16.417  2238  2254 D AutofillUI: destroySaveUiUiThread(): already destroyed
06-10 08:53:16.420  2238  2720 I BackupManagerService: Found stale backup journal, scheduling
06-10 08:53:16.428  2238  2252 I ActivityManager: Start proc 2837:com.android.printspooler/u0a69 for service com.android.printspooler/.model.PrintSpoolerService
06-10 08:53:16.431  2238  2238 D BackupTransportManager: Bound to transport: android/com.android.internal.backup.LocalTransportService
06-10 08:53:16.437  2238  2598 I ActivityManager: START u0 {act=android.intent.action.MAIN cat=[android.intent.category.HOME] flg=0x10000100 cmp=com.android.launcher3/org.openthos.launcher.activity.MainActivity} from uid 0
06-10 08:53:16.449  2238  2598 I ActivityManager: Start proc 2870:com.android.launcher3/u0a63 for activity com.android.launcher3/org.openthos.launcher.activity.MainActivity
06-10 08:53:16.457  2238  2252 I ActivityManager: Start proc 2891:com.google.android.gms.persistent/u0a14 for service com.google.android.gms/com.google.android.location.network.NetworkLocationService
06-10 08:53:16.467  2238  2415 I ActivityManager: Start proc 2896:com.google.android.youtube/u0a73 for broadcast com.google.android.youtube/com.google.android.libraries.youtube.mdx.background.MdxBackgroundScanBootReceiver
06-10 08:53:16.472  2238  2252 I SyncManager: Loaded persisted syncs: 0 periodic syncs, 0 oneshot syncs, 7 total system server jobs, JobStats: FirstLoad: 34/0/0 LastSave: -1/-1/-1
06-10 08:53:16.526  2238  2682 I ActivityManager: Start proc 2948:com.google.android.googlequicksearchbox:search/u0a36 for service com.google.android.googlequicksearchbox/com.google.android.hotword.service.HotwordService
06-10 08:53:16.570  2238  2379 D AutofillManagerServiceImpl: Reset component for user 0
06-10 08:53:16.581  2238  2415 I ActivityManager: Start proc 2992:com.google.process.gservices/u0a14 for content provider com.google.android.gsf/.gservices.GservicesProvider
06-10 08:53:16.700  2238  2415 I ActivityManager: Start proc 3042:com.google.android.gms/u0a14 for service com.google.android.gms/.ads.identifier.service.AdvertisingIdService
06-10 08:53:16.777  2754  2754 W KeyphraseEnrollmentInfo: No enrollment application supports the given keyphrase/locale: 'Ok Google'/cmn_CN_#Hans
06-10 08:53:16.855  2238  3058 I ActivityManager: Start proc 3131:com.google.process.gapps/u0a14 for content provider com.google.android.gsf/.settings.GoogleSettingsProvider
06-10 08:53:16.867  2238  2249 I ActivityManager: Start proc 3150:android.process.media/u0a12 for broadcast com.android.providers.downloads/.DownloadReceiver
06-10 08:53:16.933  2238  2414 I ActivityManager: Start proc 3196:com.google.android.partnersetup/u0a20 for content provider com.google.android.partnersetup/.RlzAppProvider
06-10 08:53:16.948  2238  2598 I ActivityManager: Start proc 3212:com.sohuott.tv.vod:sohunews/u0a76 for broadcast com.sohuott.tv.vod/com.sohu.push.alive.SystemStateChangeReceiver
06-10 08:53:16.996  2238  2238 I ActivityManager: Start proc 3247:com.google.android.setupwizard/u0a31 for service com.google.android.setupwizard/.deferred.DeferredSetupScheduler
06-10 08:53:17.035  2238  2249 W ActivityManager: Unable to start service Intent { act=com.sohu.plugin.action.CORE_SERVICE pkg=com.sohuott.tv.vod (has extras) } U=0: not found
06-10 08:53:17.087  2238  2414 I ActivityManager: Start proc 3302:com.google.android.gms.unstable/u0a14 for service com.google.android.gms/.droidguard.DroidGuardService
06-10 08:53:17.130  2238  3058 W SettingsProvider: You shouldn't keep your settings in the secure settings. This will soon become an error.
06-10 08:53:17.132  2238  3058 W SettingsProvider: You shouldn't keep your settings in the secure settings. This will soon become an error.
06-10 08:53:17.137  2238  2250 W SettingsProvider: You shouldn't keep your settings in the secure settings. This will soon become an error.
06-10 08:53:17.150  2238  2249 I ActivityManager: Start proc 3344:com.sohuott.tv.vod:thirdparty/u0a76 for service com.sohuott.tv.vod/com.sohu.news.mp.sp.ThirdPartyService
06-10 08:53:17.165  2238  2250 W ActivityManager: Unable to start service Intent { act=com.sohu.plugin.action.CORE_SERVICE pkg=com.sohuott.tv.vod (has extras) } U=0: not found
06-10 08:53:17.175  2238  3367 I BootReceiver: Copying audit failures to DropBox
06-10 08:53:17.175  2238  3367 I BootReceiver: Checking for fsck errors
06-10 08:53:17.180  2238  2238 I ActivityManager: Start proc 3368:com.android.dialer/u0a16 for broadcast com.android.dialer/.app.calllog.CallLogReceiver
06-10 08:53:17.227  2238  3381 I ActivityManager: Start proc 3402:com.android.calendar/u0a44 for broadcast com.android.calendar/.alerts.AlertReceiver
06-10 08:53:17.255  2238  2379 I ActivityManager: Start proc 3435:com.android.cellbroadcastreceiver/u0a8 for broadcast com.android.cellbroadcastreceiver/.CellBroadcastReceiver
06-10 08:53:17.266  2238  3381 I ActivityManager: Start proc 3450:com.android.providers.calendar/u0a4 for content provider com.android.providers.calendar/.CalendarProvider2
06-10 08:53:17.281  2238  3060 I ActivityManager: Start proc 3471:com.android.contacts/u0a9 for broadcast com.android.contacts/.interactions.OnBootOrUpgradeReceiver
06-10 08:53:17.310  2238  3058 I ActivityManager: Start proc 3495:android.process.acore/u0a1 for content provider com.android.providers.contacts/.ContactsProvider2
06-10 08:53:17.311  2238  2682 W ShortcutService: Clock rewound
06-10 08:53:17.332  2238  2682 I ActivityManager: Process com.android.inputmethod.latin (pid 2349) has died: fore RCVR
06-10 08:53:17.343  2238  2253 I ActivityManager: Start proc 3519:com.android.managedprovisioning/u0a21 for broadcast com.android.managedprovisioning/.preprovisioning.BootReminder
06-10 08:53:17.496  2238  2682 I ActivityManager: Start proc 3547:com.android.vending/u0a27 for broadcast com.android.vending/com.google.android.finsky.boothandler.BootCompletedReceiver
06-10 08:53:17.833  2238  2379 I ActivityManager: Start proc 3597:com.google.android.gm/u0a61 for broadcast com.google.android.gm/.GoogleMailDeviceStartupReceiver
06-10 08:53:17.923  3597  3616 D ActivityThread: Loading provider com.google.android.gmail.provider;com.android.mail.notifier;com.google.android.gm.email.provider;com.google.android.gm.tasks.provider;com.google.android.gm.email.notifier: com.android.email.provider.EmailProvider
