E/WindowState( 2431): getStack: Window{f5732b3 u0 com.tencent.mm/com.tencent.mm.plugin.webview.ui.tools.SDKOAuthUI} couldn't find taskId=88 Callers=com.android.server.wm.WindowState.getDisplayContent:866 com.android.server.wm.WindowStateAnimator.stepAnimationLocked:293 com.android.server.wm.WindowAnimator.updateWindowsLocked:289 com.android.server.wm.WindowAnimator.animateLocked:674 
E/WindowState( 2431): getStack: Window{3c173d7f u0 com.android.systemui.ImageWallpaper} couldn't find taskId=89 Callers=com.android.server.wm.WindowStateAnimator.computeShownFrameLocked:1038 com.android.server.wm.WindowStateAnimator.prepareSurfaceLocked:1484 com.android.server.wm.WindowAnimator.animateLocked:680 com.android.server.wm.WindowAnimator.access$000:54 
E/WindowState( 2431): getStack: Window{f5732b3 u0 com.tencent.mm/com.tencent.mm.plugin.webview.ui.tools.SDKOAuthUI} couldn't find taskId=88 Callers=com.android.server.wm.WindowStateAnimator.computeShownFrameLocked:1038 com.android.server.wm.WindowStateAnimator.prepareSurfaceLocked:1484 com.android.server.wm.WindowAnimator.animateLocked:680 com.android.server.wm.WindowAnimator.access$000:54 
E/WindowState( 2431): getStack: Window{f5732b3 u0 com.tencent.mm/com.tencent.mm.plugin.webview.ui.tools.SDKOAuthUI} couldn't find taskId=88 Callers=com.android.server.wm.WindowState.getDisplayContent:866 com.android.server.wm.WindowState.getDisplayId:871 com.android.server.wm.WindowStateAnimator.computeShownFrameLocked:1074 com.android.server.wm.WindowStateAnimator.prepareSurfaceLocked:1484 
E/WindowState( 2431): getStack: Window{f5732b3 u0 com.tencent.mm/com.tencent.mm.plugin.webview.ui.tools.SDKOAuthUI} couldn't find taskId=88 Callers=com.android.server.wm.WindowState.getDisplayContent:866 com.android.server.wm.WindowStateAnimator.updateSurfaceWindowCrop:1292 com.android.server.wm.WindowStateAnimator.setSurfaceBoundariesLocked:1467 com.android.server.wm.WindowStateAnimator.prepareSurfaceLocked:1486 
E/WindowState( 2431): getStack: Window{f5732b3 u0 com.tencent.mm/com.tencent.mm.plugin.webview.ui.tools.SDKOAuthUI} couldn't find taskId=88 Callers=com.android.server.wm.WindowState.getDisplayContent:866 com.android.server.wm.WindowState.isDefaultDisplay:1406 com.android.server.wm.WindowStateAnimator.updateSurfaceWindowCrop:1302 com.android.server.wm.WindowStateAnimator.setSurfaceBoundariesLocked:1467 
E/WindowState( 2431): getStack: Window{521c1ed u0 com.tencent.mm/com.tencent.mm.plugin.webview.ui.tools.SDKOAuthUI EXITING} couldn't find taskId=88 Callers=com.android.server.wm.WindowStateAnimator.computeShownFrameLocked:1038 com.android.server.wm.WindowStateAnimator.prepareSurfaceLocked:1484 com.android.server.wm.WindowAnimator.animateLocked:680 com.android.server.wm.WindowAnimator.access$000:54 
E/WindowState( 2431): getStack: Window{521c1ed u0 com.tencent.mm/com.tencent.mm.plugin.webview.ui.tools.SDKOAuthUI EXITING} couldn't find taskId=88 Callers=com.android.server.wm.WindowState.getDisplayContent:866 com.android.server.wm.WindowState.getDisplayId:871 com.android.server.wm.WindowStateAnimator.computeShownFrameLocked:1074 com.android.server.wm.WindowStateAnimator.prepareSurfaceLocked:1484 
E/WindowState( 2431): getStack: Window{521c1ed u0 com.tencent.mm/com.tencent.mm.plugin.webview.ui.tools.SDKOAuthUI EXITING} couldn't find taskId=88 Callers=com.android.server.wm.WindowState.getDisplayContent:866 com.android.server.wm.WindowStateAnimator.updateSurfaceWindowCrop:1292 com.android.server.wm.WindowStateAnimator.setSurfaceBoundariesLocked:1467 com.android.server.wm.WindowStateAnimator.prepareSurfaceLocked:1486 
E/WindowState( 2431): getStack: Window{521c1ed u0 com.tencent.mm/com.tencent.mm.plugin.webview.ui.tools.SDKOAuthUI EXITING} couldn't find taskId=88 Callers=com.android.server.wm.WindowState.getDisplayContent:866 com.android.server.wm.WindowState.isDefaultDisplay:1406 com.android.server.wm.WindowStateAnimator.updateSurfaceWindowCrop:1302 com.android.server.wm.WindowStateAnimator.setSurfaceBoundariesLocked:1467 
E/WindowState( 2431): getStack: Window{521c1ed u0 com.tencent.mm/com.tencent.mm.plugin.webview.ui.tools.SDKOAuthUI EXITING} couldn't find taskId=88 Callers=com.android.server.wm.WindowState.getDisplayContent:866 com.android.server.wm.WindowStateAnimator.stepAnimationLocked:293 com.android.server.wm.WindowAnimator.updateWindowsLocked:289 com.android.server.wm.WindowAnimator.animateLocked:674 
E/WindowState( 2431): getStack: Window{f5732b3 u0 com.tencent.mm/com.tencent.mm.plugin.webview.ui.tools.SDKOAuthUI} couldn't find taskId=88 Callers=com.android.server.wm.WindowState.getDisplayContent:866 com.android.server.wm.WindowStateAnimator.stepAnimationLocked:293 com.android.server.wm.WindowAnimator.updateWindowsLocked:289 com.android.server.wm.WindowAnimator.animateLocked:674 
E/WindowState( 2431): getStack: Window{3c173d7f u0 com.android.systemui.ImageWallpaper} couldn't find taskId=89 Callers=com.android.server.wm.WindowStateAnimator.computeShownFrameLocked:1038 com.android.server.wm.WindowStateAnimator.prepareSurfaceLocked:1484 com.android.server.wm.WindowAnimator.animateLocked:680 com.android.server.wm.WindowAnimator.access$000:54 
E/WindowState( 2431): getStack: Window{f5732b3 u0 com.tencent.mm/com.tencent.mm.plugin.webview.ui.tools.SDKOAuthUI} couldn't find taskId=88 Callers=com.android.server.wm.WindowStateAnimator.computeShownFrameLocked:1038 com.android.server.wm.WindowStateAnimator.prepareSurfaceLocked:1484 com.android.server.wm.WindowAnimator.animateLocked:680 com.android.server.wm.WindowAnimator.access$000:54 
E/WindowState( 2431): getStack: Window{f5732b3 u0 com.tencent.mm/com.tencent.mm.plugin.webview.ui.tools.SDKOAuthUI} couldn't find taskId=88 Callers=com.android.server.wm.WindowState.getDisplayContent:866 com.android.server.wm.WindowState.getDisplayId:871 com.android.server.wm.WindowStateAnimator.computeShownFrameLocked:1074 com.android.server.wm.WindowStateAnimator.prepareSurfaceLocked:1484 
E/WindowState( 2431): getStack: Window{f5732b3 u0 com.tencent.mm/com.tencent.mm.plugin.webview.ui.tools.SDKOAuthUI} couldn't find taskId=88 Callers=com.android.server.wm.WindowState.getDisplayContent:866 com.android.server.wm.WindowStateAnimator.updateSurfaceWindowCrop:1292 com.android.server.wm.WindowStateAnimator.setSurfaceBoundariesLocked:1467 com.android.server.wm.WindowStateAnimator.prepareSurfaceLocked:1486 
E/WindowState( 2431): getStack: Window{f5732b3 u0 com.tencent.mm/com.tencent.mm.plugin.webview.ui.tools.SDKOAuthUI} couldn't find taskId=88 Callers=com.android.server.wm.WindowState.getDisplayContent:866 com.android.server.wm.WindowState.isDefaultDisplay:1406 com.android.server.wm.WindowStateAnimator.updateSurfaceWindowCrop:1302 com.android.server.wm.WindowStateAnimator.setSurfaceBoundariesLocked:1467 
E/WindowState( 2431): getStack: Window{521c1ed u0 com.tencent.mm/com.tencent.mm.plugin.webview.ui.tools.SDKOAuthUI EXITING} couldn't find taskId=88 Callers=com.android.server.wm.WindowStateAnimator.computeShownFrameLocked:1038 com.android.server.wm.WindowStateAnimator.prepareSurfaceLocked:1484 com.android.server.wm.WindowAnimator.animateLocked:680 com.android.server.wm.WindowAnimator.access$000:54 
E/WindowState( 2431): getStack: Window{521c1ed u0 com.tencent.mm/com.tencent.mm.plugin.webview.ui.tools.SDKOAuthUI EXITING} couldn't find taskId=88 Callers=com.android.server.wm.WindowState.getDisplayContent:866 com.android.server.wm.WindowState.getDisplayId:871 com.android.server.wm.WindowStateAnimator.computeShownFrameLocked:1074 com.android.server.wm.WindowStateAnimator.prepareSurfaceLocked:1484 
E/WindowState( 2431): getStack: Window{521c1ed u0 com.tencent.mm/com.tencent.mm.plugin.webview.ui.tools.SDKOAuthUI EXITING} couldn't find taskId=88 Callers=com.android.server.wm.WindowState.getDisplayContent:866 com.android.server.wm.WindowStateAnimator.updateSurfaceWindowCrop:1292 com.android.server.wm.WindowStateAnimator.setSurfaceBoundariesLocked:1467 com.android.server.wm.WindowStateAnimator.prepareSurfaceLocked:1486 
E/WindowState( 2431): getStack: Window{521c1ed u0 com.tencent.mm/com.tencent.mm.plugin.webview.ui.tools.SDKOAuthUI EXITING} couldn't find taskId=88 Callers=com.android.server.wm.WindowState.getDisplayContent:866 com.android.server.wm.WindowState.isDefaultDisplay:1406 com.android.server.wm.WindowStateAnimator.updateSurfaceWindowCrop:1302 com.android.server.wm.WindowStateAnimator.setSurfaceBoundariesLocked:1467 
W/linker  (28987): libwebviewchromium.so: unused DT entry: type 0x6ffffffe arg 0x528f08
W/linker  (28987): libwebviewchromium.so: unused DT entry: type 0x6fffffff arg 0x3
E/WindowState( 2431): getStack: Window{521c1ed u0 com.tencent.mm/com.tencent.mm.plugin.webview.ui.tools.SDKOAuthUI EXITING} couldn't find taskId=88 Callers=com.android.server.wm.WindowState.getDisplayContent:866 com.android.server.wm.WindowStateAnimator.stepAnimationLocked:293 com.android.server.wm.WindowAnimator.updateWindowsLocked:289 com.android.server.wm.WindowAnimator.animateLocked:674 
E/WindowState( 2431): getStack: Window{f5732b3 u0 com.tencent.mm/com.tencent.mm.plugin.webview.ui.tools.SDKOAuthUI} couldn't find taskId=88 Callers=com.android.server.wm.WindowState.getDisplayContent:866 com.android.server.wm.WindowStateAnimator.stepAnimationLocked:293 com.android.server.wm.WindowAnimator.updateWindowsLocked:289 com.android.server.wm.WindowAnimator.animateLocked:674 
E/WindowState( 2431): getStack: Window{3c173d7f u0 com.android.systemui.ImageWallpaper} couldn't find taskId=89 Callers=com.android.server.wm.WindowStateAnimator.computeShownFrameLocked:1038 com.android.server.wm.WindowStateAnimator.prepareSurfaceLocked:1484 com.android.server.wm.WindowAnimator.animateLocked:680 com.android.server.wm.WindowAnimator.access$000:54 
E/WindowState( 2431): getStack: Window{f5732b3 u0 com.tencent.mm/com.tencent.mm.plugin.webview.ui.tools.SDKOAuthUI} couldn't find taskId=88 Callers=com.android.server.wm.WindowStateAnimator.computeShownFrameLocked:1038 com.android.server.wm.WindowStateAnimator.prepareSurfaceLocked:1484 com.android.server.wm.WindowAnimator.animateLocked:680 com.android.server.wm.WindowAnimator.access$000:54 
E/WindowState( 2431): getStack: Window{f5732b3 u0 com.tencent.mm/com.tencent.mm.plugin.webview.ui.tools.SDKOAuthUI} couldn't find taskId=88 Callers=com.android.server.wm.WindowState.getDisplayContent:866 com.android.server.wm.WindowState.getDisplayId:871 com.android.server.wm.WindowStateAnimator.computeShownFrameLocked:1074 com.android.server.wm.WindowStateAnimator.prepareSurfaceLocked:1484 
E/WindowState( 2431): getStack: Window{f5732b3 u0 com.tencent.mm/com.tencent.mm.plugin.webview.ui.tools.SDKOAuthUI} couldn't find taskId=88 Callers=com.android.server.wm.WindowState.getDisplayContent:866 com.android.server.wm.WindowStateAnimator.updateSurfaceWindowCrop:1292 com.android.server.wm.WindowStateAnimator.setSurfaceBoundariesLocked:1467 com.android.server.wm.WindowStateAnimator.prepareSurfaceLocked:1486 
E/WindowState( 2431): getStack: Window{f5732b3 u0 com.tencent.mm/com.tencent.mm.plugin.webview.ui.tools.SDKOAuthUI} couldn't find taskId=88 Callers=com.android.server.wm.WindowState.getDisplayContent:866 com.android.server.wm.WindowState.isDefaultDisplay:1406 com.android.server.wm.WindowStateAnimator.updateSurfaceWindowCrop:1302 com.android.server.wm.WindowStateAnimator.setSurfaceBoundariesLocked:1467 
E/WindowState( 2431): getStack: Window{521c1ed u0 com.tencent.mm/com.tencent.mm.plugin.webview.ui.tools.SDKOAuthUI EXITING} couldn't find taskId=88 Callers=com.android.server.wm.WindowStateAnimator.computeShownFrameLocked:1038 com.android.server.wm.WindowStateAnimator.prepareSurfaceLocked:1484 com.android.server.wm.WindowAnimator.animateLocked:680 com.android.server.wm.WindowAnimator.access$000:54 
E/WindowState( 2431): getStack: Window{521c1ed u0 com.tencent.mm/com.tencent.mm.plugin.webview.ui.tools.SDKOAuthUI EXITING} couldn't find taskId=88 Callers=com.android.server.wm.WindowState.getDisplayContent:866 com.android.server.wm.WindowState.getDisplayId:871 com.android.server.wm.WindowStateAnimator.computeShownFrameLocked:1074 com.android.server.wm.WindowStateAnimator.prepareSurfaceLocked:1484 
E/WindowState( 2431): getStack: Window{521c1ed u0 com.tencent.mm/com.tencent.mm.plugin.webview.ui.tools.SDKOAuthUI EXITING} couldn't find taskId=88 Callers=com.android.server.wm.WindowState.getDisplayContent:866 com.android.server.wm.WindowStateAnimator.updateSurfaceWindowCrop:1292 com.android.server.wm.WindowStateAnimator.setSurfaceBoundariesLocked:1467 com.android.server.wm.WindowStateAnimator.prepareSurfaceLocked:1486 
E/WindowState( 2431): getStack: Window{521c1ed u0 com.tencent.mm/com.tencent.mm.plugin.webview.ui.tools.SDKOAuthUI EXITING} couldn't find taskId=88 Callers=com.android.server.wm.WindowState.getDisplayContent:866 com.android.server.wm.WindowState.isDefaultDisplay:1406 com.android.server.wm.WindowStateAnimator.updateSurfaceWindowCrop:1302 com.android.server.wm.WindowStateAnimator.setSurfaceBoundariesLocked:1467 
I/WebViewFactory(28987): Loading com.google.android.webview version 68.0.3440.91 (code 344009160)
E/WindowState( 2431): getStack: Window{521c1ed u0 com.tencent.mm/com.tencent.mm.plugin.webview.ui.tools.SDKOAuthUI EXITING} couldn't find taskId=88 Callers=com.android.server.wm.WindowState.getDisplayContent:866 com.android.server.wm.WindowStateAnimator.stepAnimationLocked:293 com.android.server.wm.WindowAnimator.updateWindowsLocked:289 com.android.server.wm.WindowAnimator.animateLocked:674 
E/WindowState( 2431): getStack: Window{f5732b3 u0 com.tencent.mm/com.tencent.mm.plugin.webview.ui.tools.SDKOAuthUI} couldn't find taskId=88 Callers=com.android.server.wm.WindowState.getDisplayContent:866 com.android.server.wm.WindowStateAnimator.stepAnimationLocked:293 com.android.server.wm.WindowAnimator.updateWindowsLocked:289 com.android.server.wm.WindowAnimator.animateLocked:674 
E/WindowState( 2431): getStack: Window{3c173d7f u0 com.android.systemui.ImageWallpaper} couldn't find taskId=89 Callers=com.android.server.wm.WindowStateAnimator.computeShownFrameLocked:1038 com.android.server.wm.WindowStateAnimator.prepareSurfaceLocked:1484 com.android.server.wm.WindowAnimator.animateLocked:680 com.android.server.wm.WindowAnimator.access$000:54 
E/WindowState( 2431): getStack: Window{f5732b3 u0 com.tencent.mm/com.tencent.mm.plugin.webview.ui.tools.SDKOAuthUI} couldn't find taskId=88 Callers=com.android.server.wm.WindowStateAnimator.computeShownFrameLocked:1038 com.android.server.wm.WindowStateAnimator.prepareSurfaceLocked:1484 com.android.server.wm.WindowAnimator.animateLocked:680 com.android.server.wm.WindowAnimator.access$000:54 
E/WindowState( 2431): getStack: Window{f5732b3 u0 com.tencent.mm/com.tencent.mm.plugin.webview.ui.tools.SDKOAuthUI} couldn't find taskId=88 Callers=com.android.server.wm.WindowState.getDisplayContent:866 com.android.server.wm.WindowState.getDisplayId:871 com.android.server.wm.WindowStateAnimator.computeShownFrameLocked:1074 com.android.server.wm.WindowStateAnimator.prepareSurfaceLocked:1484 
E/WindowState( 2431): getStack: Window{f5732b3 u0 com.tencent.mm/com.tencent.mm.plugin.webview.ui.tools.SDKOAuthUI} couldn't find taskId=88 Callers=com.android.server.wm.WindowState.getDisplayContent:866 com.android.server.wm.WindowStateAnimator.updateSurfaceWindowCrop:1292 com.android.server.wm.WindowStateAnimator.setSurfaceBoundariesLocked:1467 com.android.server.wm.WindowStateAnimator.prepareSurfaceLocked:1486 
E/WindowState( 2431): getStack: Window{f5732b3 u0 com.tencent.mm/com.tencent.mm.plugin.webview.ui.tools.SDKOAuthUI} couldn't find taskId=88 Callers=com.android.server.wm.WindowState.getDisplayContent:866 com.android.server.wm.WindowState.isDefaultDisplay:1406 com.android.server.wm.WindowStateAnimator.updateSurfaceWindowCrop:1302 com.android.server.wm.WindowStateAnimator.setSurfaceBoundariesLocked:1467 
E/WindowState( 2431): getStack: Window{521c1ed u0 com.tencent.mm/com.tencent.mm.plugin.webview.ui.tools.SDKOAuthUI EXITING} couldn't find taskId=88 Callers=com.android.server.wm.WindowStateAnimator.computeShownFrameLocked:1038 com.android.server.wm.WindowStateAnimator.prepareSurfaceLocked:1484 com.android.server.wm.WindowAnimator.animateLocked:680 com.android.server.wm.WindowAnimator.access$000:54 
E/WindowState( 2431): getStack: Window{521c1ed u0 com.tencent.mm/com.tencent.mm.plugin.webview.ui.tools.SDKOAuthUI EXITING} couldn't find taskId=88 Callers=com.android.server.wm.WindowState.getDisplayContent:866 com.android.server.wm.WindowState.getDisplayId:871 com.android.server.wm.WindowStateAnimator.computeShownFrameLocked:1074 com.android.server.wm.WindowStateAnimator.prepareSurfaceLocked:1484 
E/WindowState( 2431): getStack: Window{521c1ed u0 com.tencent.mm/com.tencent.mm.plugin.webview.ui.tools.SDKOAuthUI EXITING} couldn't find taskId=88 Callers=com.android.server.wm.WindowState.getDisplayContent:866 com.android.server.wm.WindowStateAnimator.updateSurfaceWindowCrop:1292 com.android.server.wm.WindowStateAnimator.setSurfaceBoundariesLocked:1467 com.android.server.wm.WindowStateAnimator.prepareSurfaceLocked:1486 
E/WindowState( 2431): getStack: Window{521c1ed u0 com.tencent.mm/com.tencent.mm.plugin.webview.ui.tools.SDKOAuthUI EXITING} couldn't find taskId=88 Callers=com.android.server.wm.WindowState.getDisplayContent:866 com.android.server.wm.WindowState.isDefaultDisplay:1406 com.android.server.wm.WindowStateAnimator.updateSurfaceWindowCrop:1302 com.android.server.wm.WindowStateAnimator.setSurfaceBoundariesLocked:1467 
D/MSF.C.NetConnTag(28822): add ToServiceMsg msName:_msf_HeartbeatAlive ssoSeq:16190 appId:537060958 appSeq:-1 sName: uin:0 sCmd:Heartbeat.Alive t:10000 needResp:true needQuickSend:false strategy:-1 to send
D/MSF.C.NetConnTag(28822): send fast net detect Heartbeat msg ok
D/MSF.C.NetConnTag(28822): correctMsgUinType|Uin=0, uinType=0, serviceCmd=Heartbeat.Alive
D/MSF.C.NetConnTag(28822): pa ok: 16190
D/MSF.C.NetConnTag(28822): netSend appid:537060958 appSeq:-1 ssoSeq:16190 uin:0 cmd:Heartbeat.Alive len:122
D/MSF.C.NetworkTraffic(28822): write|122|2|Heartbeat.Alive
E/WindowState( 2431): getStack: Window{521c1ed u0 com.tencent.mm/com.tencent.mm.plugin.webview.ui.tools.SDKOAuthUI EXITING} couldn't find taskId=88 Callers=com.android.server.wm.WindowState.getDisplayContent:866 com.android.server.wm.WindowStateAnimator.stepAnimationLocked:293 com.android.server.wm.WindowAnimator.updateWindowsLocked:289 com.android.server.wm.WindowAnimator.animateLocked:674 
E/WindowState( 2431): getStack: Window{f5732b3 u0 com.tencent.mm/com.tencent.mm.plugin.webview.ui.tools.SDKOAuthUI} couldn't find taskId=88 Callers=com.android.server.wm.WindowState.getDisplayContent:866 com.android.server.wm.WindowStateAnimator.stepAnimationLocked:293 com.android.server.wm.WindowAnimator.updateWindowsLocked:289 com.android.server.wm.WindowAnimator.animateLocked:674 
E/WindowState( 2431): getStack: Window{3c173d7f u0 com.android.systemui.ImageWallpaper} couldn't find taskId=89 Callers=com.android.server.wm.WindowStateAnimator.computeShownFrameLocked:1038 com.android.server.wm.WindowStateAnimator.prepareSurfaceLocked:1484 com.android.server.wm.WindowAnimator.animateLocked:680 com.android.server.wm.WindowAnimator.access$000:54 
E/WindowState( 2431): getStack: Window{f5732b3 u0 com.tencent.mm/com.tencent.mm.plugin.webview.ui.tools.SDKOAuthUI} couldn't find taskId=88 Callers=com.android.server.wm.WindowStateAnimator.computeShownFrameLocked:1038 com.android.server.wm.WindowStateAnimator.prepareSurfaceLocked:1484 com.android.server.wm.WindowAnimator.animateLocked:680 com.android.server.wm.WindowAnimator.access$000:54 
E/WindowState( 2431): getStack: Window{f5732b3 u0 com.tencent.mm/com.tencent.mm.plugin.webview.ui.tools.SDKOAuthUI} couldn't find taskId=88 Callers=com.android.server.wm.WindowState.getDisplayContent:866 com.android.server.wm.WindowState.getDisplayId:871 com.android.server.wm.WindowStateAnimator.computeShownFrameLocked:1074 com.android.server.wm.WindowStateAnimator.prepareSurfaceLocked:1484 
E/WindowState( 2431): getStack: Window{f5732b3 u0 com.tencent.mm/com.tencent.mm.plugin.webview.ui.tools.SDKOAuthUI} couldn't find taskId=88 Callers=com.android.server.wm.WindowState.getDisplayContent:866 com.android.server.wm.WindowStateAnimator.updateSurfaceWindowCrop:1292 com.android.server.wm.WindowStateAnimator.setSurfaceBoundariesLocked:1467 com.android.server.wm.WindowStateAnimator.prepareSurfaceLocked:1486 
E/WindowState( 2431): getStack: Window{f5732b3 u0 com.tencent.mm/com.tencent.mm.plugin.webview.ui.tools.SDKOAuthUI} couldn't find taskId=88 Callers=com.android.server.wm.WindowState.getDisplayContent:866 com.android.server.wm.WindowState.isDefaultDisplay:1406 com.android.server.wm.WindowStateAnimator.updateSurfaceWindowCrop:1302 com.android.server.wm.WindowStateAnimator.setSurfaceBoundariesLocked:1467 
E/WindowState( 2431): getStack: Window{521c1ed u0 com.tencent.mm/com.tencent.mm.plugin.webview.ui.tools.SDKOAuthUI EXITING} couldn't find taskId=88 Callers=com.android.server.wm.WindowStateAnimator.computeShownFrameLocked:1038 com.android.server.wm.WindowStateAnimator.prepareSurfaceLocked:1484 com.android.server.wm.WindowAnimator.animateLocked:680 com.android.server.wm.WindowAnimator.access$000:54 
E/WindowState( 2431): getStack: Window{521c1ed u0 com.tencent.mm/com.tencent.mm.plugin.webview.ui.tools.SDKOAuthUI EXITING} couldn't find taskId=88 Callers=com.android.server.wm.WindowState.getDisplayContent:866 com.android.server.wm.WindowState.getDisplayId:871 com.android.server.wm.WindowStateAnimator.computeShownFrameLocked:1074 com.android.server.wm.WindowStateAnimator.prepareSurfaceLocked:1484 
E/WindowState( 2431): getStack: Window{521c1ed u0 com.tencent.mm/com.tencent.mm.plugin.webview.ui.tools.SDKOAuthUI EXITING} couldn't find taskId=88 Callers=com.android.server.wm.WindowState.getDisplayContent:866 com.android.server.wm.WindowStateAnimator.updateSurfaceWindowCrop:1292 com.android.server.wm.WindowStateAnimator.setSurfaceBoundariesLocked:1467 com.android.server.wm.WindowStateAnimator.prepareSurfaceLocked:1486 
E/WindowState( 2431): getStack: Window{521c1ed u0 com.tencent.mm/com.tencent.mm.plugin.webview.ui.tools.SDKOAuthUI EXITING} couldn't find taskId=88 Callers=com.android.server.wm.WindowState.getDisplayContent:866 com.android.server.wm.WindowState.isDefaultDisplay:1406 com.android.server.wm.WindowStateAnimator.updateSurfaceWindowCrop:1302 com.android.server.wm.WindowStateAnimator.setSurfaceBoundariesLocked:1467 
I/cr_LibraryLoader(28987): Time to load native libraries: 0 ms (timestamps 2723-2723)
I/chromium(28987): [INFO:library_loader_hooks.cc(36)] Chromium logging enabled: level = 0, default verbosity = 0
I/cr_LibraryLoader(28987): Expected native library version number "68.0.3440.91", actual native library version number "68.0.3440.91"
I/ExcludingStoppedHook( 2431): actioncom.google.android.gms.gcm.ACTION_SCHEDULE
I/ExcludingStoppedHook( 2431): actioncom.google.android.gms.gcm.ACTION_SCHEDULE
I/ExcludingStoppedHook( 2431): actioncom.google.android.gms.gcm.ACTION_SCHEDULE
I/ExcludingStoppedHook( 2431): actioncom.google.android.gms.gcm.ACTION_SCHEDULE
I/ExcludingStoppedHook( 2431): actioncom.google.android.gms.gcm.ACTION_SCHEDULE
I/ExcludingStoppedHook( 2431): actioncom.google.android.gms.gcm.ACTION_SCHEDULE
I/ExcludingStoppedHook( 2431): actioncom.google.android.gms.gcm.ACTION_SCHEDULE
I/ExcludingStoppedHook( 2431): actioncom.google.android.gms.gcm.ACTION_SCHEDULE
I/ExcludingStoppedHook( 2431): actioncom.google.android.gms.gcm.ACTION_SCHEDULE
I/ExcludingStoppedHook( 2431): actioncom.google.android.gms.gcm.ACTION_SCHEDULE
I/ExcludingStoppedHook( 2431): actioncom.google.android.gms.gcm.ACTION_SCHEDULE
I/ExcludingStoppedHook( 2431): actioncom.google.android.gms.gcm.ACTION_SCHEDULE
I/ExcludingStoppedHook( 2431): actioncom.google.android.gms.gcm.ACTION_SCHEDULE
I/ExcludingStoppedHook( 2431): actioncom.google.android.gms.gcm.ACTION_SCHEDULE
I/ExcludingStoppedHook( 2431): actioncom.google.android.gms.gcm.ACTION_SCHEDULE
I/ExcludingStoppedHook( 2431): actioncom.google.android.gms.gcm.ACTION_SCHEDULE
I/ExcludingStoppedHook( 2431): actioncom.google.android.gms.gcm.ACTION_SCHEDULE
I/ExcludingStoppedHook( 2431): actioncom.google.android.gms.gcm.ACTION_SCHEDULE
I/ExcludingStoppedHook( 2431): actioncom.google.android.gms.gcm.ACTION_SCHEDULE
I/ExcludingStoppedHook( 2431): actioncom.google.android.gms.gcm.ACTION_SCHEDULE
I/ExcludingStoppedHook( 2431): actioncom.google.android.gms.gcm.ACTION_SCHEDULE
I/ExcludingStoppedHook( 2431): actioncom.google.android.gms.gcm.ACTION_SCHEDULE
E/WindowState( 2431): getStack: Window{521c1ed u0 com.tencent.mm/com.tencent.mm.plugin.webview.ui.tools.SDKOAuthUI EXITING} couldn't find taskId=88 Callers=com.android.server.wm.WindowState.getDisplayContent:866 com.android.server.wm.WindowStateAnimator.stepAnimationLocked:293 com.android.server.wm.WindowAnimator.updateWindowsLocked:289 com.android.server.wm.WindowAnimator.animateLocked:674 
E/WindowState( 2431): getStack: Window{f5732b3 u0 com.tencent.mm/com.tencent.mm.plugin.webview.ui.tools.SDKOAuthUI} couldn't find taskId=88 Callers=com.android.server.wm.WindowState.getDisplayContent:866 com.android.server.wm.WindowStateAnimator.stepAnimationLocked:293 com.android.server.wm.WindowAnimator.updateWindowsLocked:289 com.android.server.wm.WindowAnimator.animateLocked:674 
E/WindowState( 2431): getStack: Window{3c173d7f u0 com.android.systemui.ImageWallpaper} couldn't find taskId=89 Callers=com.android.server.wm.WindowStateAnimator.computeShownFrameLocked:1038 com.android.server.wm.WindowStateAnimator.prepareSurfaceLocked:1484 com.android.server.wm.WindowAnimator.animateLocked:680 com.android.server.wm.WindowAnimator.access$000:54 
D/MSF.C.NetworkTraffic(28822): read|62|2|Heartbeat.Alive
E/WindowState( 2431): getStack: Window{f5732b3 u0 com.tencent.mm/com.tencent.mm.plugin.webview.ui.tools.SDKOAuthUI} couldn't find taskId=88 Callers=com.android.server.wm.WindowStateAnimator.computeShownFrameLocked:1038 com.android.server.wm.WindowStateAnimator.prepareSurfaceLocked:1484 com.android.server.wm.WindowAnimator.animateLocked:680 com.android.server.wm.WindowAnimator.access$000:54 
E/WindowState( 2431): getStack: Window{f5732b3 u0 com.tencent.mm/com.tencent.mm.plugin.webview.ui.tools.SDKOAuthUI} couldn't find taskId=88 Callers=com.android.server.wm.WindowState.getDisplayContent:866 com.android.server.wm.WindowState.getDisplayId:871 com.android.server.wm.WindowStateAnimator.computeShownFrameLocked:1074 com.android.server.wm.WindowStateAnimator.prepareSurfaceLocked:1484 
E/WindowState( 2431): getStack: Window{f5732b3 u0 com.tencent.mm/com.tencent.mm.plugin.webview.ui.tools.SDKOAuthUI} couldn't find taskId=88 Callers=com.android.server.wm.WindowState.getDisplayContent:866 com.android.server.wm.WindowStateAnimator.updateSurfaceWindowCrop:1292 com.android.server.wm.WindowStateAnimator.setSurfaceBoundariesLocked:1467 com.android.server.wm.WindowStateAnimator.prepareSurfaceLocked:1486 
E/WindowState( 2431): getStack: Window{f5732b3 u0 com.tencent.mm/com.tencent.mm.plugin.webview.ui.tools.SDKOAuthUI} couldn't find taskId=88 Callers=com.android.server.wm.WindowState.getDisplayContent:866 com.android.server.wm.WindowState.isDefaultDisplay:1406 com.android.server.wm.WindowStateAnimator.updateSurfaceWindowCrop:1302 com.android.server.wm.WindowStateAnimator.setSurfaceBoundariesLocked:1467 
E/WindowState( 2431): getStack: Window{521c1ed u0 com.tencent.mm/com.tencent.mm.plugin.webview.ui.tools.SDKOAuthUI EXITING} couldn't find taskId=88 Callers=com.android.server.wm.WindowStateAnimator.computeShownFrameLocked:1038 com.android.server.wm.WindowStateAnimator.prepareSurfaceLocked:1484 com.android.server.wm.WindowAnimator.animateLocked:680 com.android.server.wm.WindowAnimator.access$000:54 
E/WindowState( 2431): getStack: Window{521c1ed u0 com.tencent.mm/com.tencent.mm.plugin.webview.ui.tools.SDKOAuthUI EXITING} couldn't find taskId=88 Callers=com.android.server.wm.WindowState.getDisplayContent:866 com.android.server.wm.WindowState.getDisplayId:871 com.android.server.wm.WindowStateAnimator.computeShownFrameLocked:1074 com.android.server.wm.WindowStateAnimator.prepareSurfaceLocked:1484 
E/WindowState( 2431): getStack: Window{521c1ed u0 com.tencent.mm/com.tencent.mm.plugin.webview.ui.tools.SDKOAuthUI EXITING} couldn't find taskId=88 Callers=com.android.server.wm.WindowState.getDisplayContent:866 com.android.server.wm.WindowStateAnimator.updateSurfaceWindowCrop:1292 com.android.server.wm.WindowStateAnimator.setSurfaceBoundariesLocked:1467 com.android.server.wm.WindowStateAnimator.prepareSurfaceLocked:1486 
E/WindowState( 2431): getStack: Window{521c1ed u0 com.tencent.mm/com.tencent.mm.plugin.webview.ui.tools.SDKOAuthUI EXITING} couldn't find taskId=88 Callers=com.android.server.wm.WindowState.getDisplayContent:866 com.android.server.wm.WindowState.isDefaultDisplay:1406 com.android.server.wm.WindowStateAnimator.updateSurfaceWindowCrop:1302 com.android.server.wm.WindowStateAnimator.setSurfaceBoundariesLocked:1467 
D/Prevent ( 2431): allow com.google.android.gms to use gms for next service
I/ExcludingStoppedHook( 2431): actioncom.google.android.gms.gcm.ACTION_SCHEDULE
I/ExcludingStoppedHook( 2431): actioncom.google.android.gms.gcm.ACTION_SCHEDULE
I/ExcludingStoppedHook( 2431): actioncom.google.android.gms.gcm.ACTION_SCHEDULE
I/ExcludingStoppedHook( 2431): actioncom.google.android.gms.gcm.ACTION_SCHEDULE
I/ExcludingStoppedHook( 2431): actioncom.google.android.gms.gcm.ACTION_SCHEDULE
I/ExcludingStoppedHook( 2431): actioncom.google.android.gms.gcm.ACTION_SCHEDULE
I/ExcludingStoppedHook( 2431): actioncom.google.android.gms.gcm.ACTION_SCHEDULE
I/ExcludingStoppedHook( 2431): actioncom.google.android.gms.gcm.ACTION_SCHEDULE
I/ExcludingStoppedHook( 2431): actioncom.google.android.gms.gcm.ACTION_SCHEDULE
I/ExcludingStoppedHook( 2431): actioncom.google.android.gms.gcm.ACTION_SCHEDULE
I/ExcludingStoppedHook( 2431): actioncom.google.android.gms.gcm.ACTION_SCHEDULE
I/ExcludingStoppedHook( 2431): actioncom.google.android.gms.gcm.ACTION_SCHEDULE
I/ExcludingStoppedHook( 2431): actioncom.google.android.gms.gcm.ACTION_SCHEDULE
I/ExcludingStoppedHook( 2431): actioncom.google.android.gms.gcm.ACTION_SCHEDULE
I/ExcludingStoppedHook( 2431): actioncom.google.android.gms.gcm.ACTION_SCHEDULE
I/ExcludingStoppedHook( 2431): actioncom.google.android.gms.gcm.ACTION_SCHEDULE
I/ExcludingStoppedHook( 2431): actioncom.google.android.gms.gcm.ACTION_SCHEDULE
I/ExcludingStoppedHook( 2431): actioncom.google.android.gms.gcm.ACTION_SCHEDULE
I/ExcludingStoppedHook( 2431): actioncom.google.android.gms.gcm.ACTION_SCHEDULE
I/ExcludingStoppedHook( 2431): actioncom.google.android.gms.gcm.ACTION_SCHEDULE
I/ExcludingStoppedHook( 2431): actioncom.google.android.gms.gcm.ACTION_SCHEDULE
I/ExcludingStoppedHook( 2431): actioncom.google.android.gms.gcm.ACTION_SCHEDULE
I/ExcludingStoppedHook( 2431): actioncom.google.android.gms.gcm.ACTION_SCHEDULE
I/ExcludingStoppedHook( 2431): actioncom.google.android.gms.gcm.ACTION_SCHEDULE
I/ExcludingStoppedHook( 2431): actioncom.google.android.gms.gcm.ACTION_SCHEDULE
I/ExcludingStoppedHook( 2431): actioncom.google.android.gms.gcm.ACTION_SCHEDULE
I/ExcludingStoppedHook( 2431): actioncom.google.android.gms.gcm.ACTION_SCHEDULE
I/ExcludingStoppedHook( 2431): actioncom.google.android.gms.gcm.ACTION_SCHEDULE
I/ExcludingStoppedHook( 2431): actioncom.google.android.gms.gcm.ACTION_SCHEDULE
I/ExcludingStoppedHook( 2431): actioncom.google.android.gms.gcm.ACTION_SCHEDULE
I/ExcludingStoppedHook( 2431): actioncom.google.android.gms.gcm.ACTION_SCHEDULE
I/ExcludingStoppedHook( 2431): actioncom.google.android.gms.gcm.ACTION_SCHEDULE
I/ExcludingStoppedHook( 2431): actioncom.google.android.gms.gcm.ACTION_SCHEDULE
I/ExcludingStoppedHook( 2431): actioncom.google.android.gms.gcm.ACTION_SCHEDULE
I/ExcludingStoppedHook( 2431): actioncom.google.android.gms.gcm.ACTION_SCHEDULE
E/cr_VariationsUtils(28987): Failed reading seed file "/data/data/com.tencent.mm/app_webview/variations_seed": /data/data/com.tencent.mm/app_webview/variations_seed: open failed: ENOENT (No such file or directory)
D/MSF.C.NetConnTag(28822): netRecv ssoSeq:16190 uin:0 cmd:Heartbeat.Alive len:62 costTime:31 SignalStrengths wifi:0 gsm:0 cdma:0 net:2
D/MSF.C.NetConnTag(28822): recv heart resp.now conn is alive.
I/ExcludingStoppedHook( 2431): actioncom.google.android.gms.gcm.ACTION_SCHEDULE
I/ExcludingStoppedHook( 2431): actioncom.google.android.gms.gcm.ACTION_SCHEDULE
I/ExcludingStoppedHook( 2431): actioncom.google.android.gms.gcm.ACTION_SCHEDULE
I/ExcludingStoppedHook( 2431): actioncom.google.android.gms.gcm.ACTION_SCHEDULE
I/ExcludingStoppedHook( 2431): actioncom.google.android.gms.gcm.ACTION_SCHEDULE
I/ExcludingStoppedHook( 2431): actioncom.google.android.gms.gcm.ACTION_SCHEDULE
I/ExcludingStoppedHook( 2431): actioncom.google.android.gms.gcm.ACTION_SCHEDULE
I/ExcludingStoppedHook( 2431): actioncom.google.android.gms.gcm.ACTION_SCHEDULE
I/ExcludingStoppedHook( 2431): actioncom.google.android.gms.gcm.ACTION_SCHEDULE
I/ExcludingStoppedHook( 2431): actioncom.google.android.gms.gcm.ACTION_SCHEDULE
I/ExcludingStoppedHook( 2431): actioncom.google.android.gms.gcm.ACTION_SCHEDULE
I/ExcludingStoppedHook( 2431): actioncom.google.android.gms.gcm.ACTION_SCHEDULE
I/ExcludingStoppedHook( 2431): actioncom.google.android.gms.gcm.ACTION_SCHEDULE
I/ExcludingStoppedHook( 2431): actioncom.google.android.gms.gcm.ACTION_SCHEDULE
I/ExcludingStoppedHook( 2431): actioncom.google.android.gms.gcm.ACTION_SCHEDULE
I/ExcludingStoppedHook( 2431): actioncom.google.android.gms.gcm.ACTION_SCHEDULE
I/ExcludingStoppedHook( 2431): actioncom.google.android.gms.gcm.ACTION_SCHEDULE
I/ExcludingStoppedHook( 2431): actioncom.google.android.gms.gcm.ACTION_SCHEDULE
I/ExcludingStoppedHook( 2431): actioncom.google.android.gms.gcm.ACTION_SCHEDULE
I/ExcludingStoppedHook( 2431): actioncom.google.android.gms.gcm.ACTION_SCHEDULE
I/ExcludingStoppedHook( 2431): actioncom.google.android.gms.gcm.ACTION_SCHEDULE
I/ExcludingStoppedHook( 2431): actioncom.google.android.gms.gcm.ACTION_SCHEDULE
E/WindowState( 2431): getStack: Window{521c1ed u0 com.tencent.mm/com.tencent.mm.plugin.webview.ui.tools.SDKOAuthUI EXITING} couldn't find taskId=88 Callers=com.android.server.wm.WindowState.getDisplayContent:866 com.android.server.wm.WindowStateAnimator.stepAnimationLocked:293 com.android.server.wm.WindowAnimator.updateWindowsLocked:289 com.android.server.wm.WindowAnimator.animateLocked:674 
E/WindowState( 2431): getStack: Window{f5732b3 u0 com.tencent.mm/com.tencent.mm.plugin.webview.ui.tools.SDKOAuthUI} couldn't find taskId=88 Callers=com.android.server.wm.WindowState.getDisplayContent:866 com.android.server.wm.WindowStateAnimator.stepAnimationLocked:293 com.android.server.wm.WindowAnimator.updateWindowsLocked:289 com.android.server.wm.WindowAnimator.animateLocked:674 
E/WindowState( 2431): getStack: Window{3c173d7f u0 com.android.systemui.ImageWallpaper} couldn't find taskId=89 Callers=com.android.server.wm.WindowStateAnimator.computeShownFrameLocked:1038 com.android.server.wm.WindowStateAnimator.prepareSurfaceLocked:1484 com.android.server.wm.WindowAnimator.animateLocked:680 com.android.server.wm.WindowAnimator.access$000:54 
E/WindowState( 2431): getStack: Window{f5732b3 u0 com.tencent.mm/com.tencent.mm.plugin.webview.ui.tools.SDKOAuthUI} couldn't find taskId=88 Callers=com.android.server.wm.WindowStateAnimator.computeShownFrameLocked:1038 com.android.server.wm.WindowStateAnimator.prepareSurfaceLocked:1484 com.android.server.wm.WindowAnimator.animateLocked:680 com.android.server.wm.WindowAnimator.access$000:54 
E/WindowState( 2431): getStack: Window{f5732b3 u0 com.tencent.mm/com.tencent.mm.plugin.webview.ui.tools.SDKOAuthUI} couldn't find taskId=88 Callers=com.android.server.wm.WindowState.getDisplayContent:866 com.android.server.wm.WindowState.getDisplayId:871 com.android.server.wm.WindowStateAnimator.computeShownFrameLocked:1074 com.android.server.wm.WindowStateAnimator.prepareSurfaceLocked:1484 
E/WindowState( 2431): getStack: Window{f5732b3 u0 com.tencent.mm/com.tencent.mm.plugin.webview.ui.tools.SDKOAuthUI} couldn't find taskId=88 Callers=com.android.server.wm.WindowState.getDisplayContent:866 com.android.server.wm.WindowStateAnimator.updateSurfaceWindowCrop:1292 com.android.server.wm.WindowStateAnimator.setSurfaceBoundariesLocked:1467 com.android.server.wm.WindowStateAnimator.prepareSurfaceLocked:1486 
E/WindowState( 2431): getStack: Window{f5732b3 u0 com.tencent.mm/com.tencent.mm.plugin.webview.ui.tools.SDKOAuthUI} couldn't find taskId=88 Callers=com.android.server.wm.WindowState.getDisplayContent:866 com.android.server.wm.WindowState.isDefaultDisplay:1406 com.android.server.wm.WindowStateAnimator.updateSurfaceWindowCrop:1302 com.android.server.wm.WindowStateAnimator.setSurfaceBoundariesLocked:1467 
E/WindowState( 2431): getStack: Window{521c1ed u0 com.tencent.mm/com.tencent.mm.plugin.webview.ui.tools.SDKOAuthUI EXITING} couldn't find taskId=88 Callers=com.android.server.wm.WindowStateAnimator.computeShownFrameLocked:1038 com.android.server.wm.WindowStateAnimator.prepareSurfaceLocked:1484 com.android.server.wm.WindowAnimator.animateLocked:680 com.android.server.wm.WindowAnimator.access$000:54 
E/WindowState( 2431): getStack: Window{521c1ed u0 com.tencent.mm/com.tencent.mm.plugin.webview.ui.tools.SDKOAuthUI EXITING} couldn't find taskId=88 Callers=com.android.server.wm.WindowState.getDisplayContent:866 com.android.server.wm.WindowState.getDisplayId:871 com.android.server.wm.WindowStateAnimator.computeShownFrameLocked:1074 com.android.server.wm.WindowStateAnimator.prepareSurfaceLocked:1484 
E/WindowState( 2431): getStack: Window{521c1ed u0 com.tencent.mm/com.tencent.mm.plugin.webview.ui.tools.SDKOAuthUI EXITING} couldn't find taskId=88 Callers=com.android.server.wm.WindowState.getDisplayContent:866 com.android.server.wm.WindowStateAnimator.updateSurfaceWindowCrop:1292 com.android.server.wm.WindowStateAnimator.setSurfaceBoundariesLocked:1467 com.android.server.wm.WindowStateAnimator.prepareSurfaceLocked:1486 
E/WindowState( 2431): getStack: Window{521c1ed u0 com.tencent.mm/com.tencent.mm.plugin.webview.ui.tools.SDKOAuthUI EXITING} couldn't find taskId=88 Callers=com.android.server.wm.WindowState.getDisplayContent:866 com.android.server.wm.WindowState.isDefaultDisplay:1406 com.android.server.wm.WindowStateAnimator.updateSurfaceWindowCrop:1302 com.android.server.wm.WindowStateAnimator.setSurfaceBoundariesLocked:1467 
D/Prevent ( 2431): allow com.google.android.gms to use gms for next service
I/ExcludingStoppedHook( 2431): actioncom.google.android.gms.gcm.ACTION_SCHEDULE
I/ExcludingStoppedHook( 2431): actioncom.google.android.gms.gcm.ACTION_SCHEDULE
I/ExcludingStoppedHook( 2431): actioncom.google.android.gms.gcm.ACTION_SCHEDULE
I/ExcludingStoppedHook( 2431): actioncom.google.android.gms.gcm.ACTION_SCHEDULE
I/ExcludingStoppedHook( 2431): actioncom.google.android.gms.gcm.ACTION_SCHEDULE
I/ExcludingStoppedHook( 2431): actioncom.google.android.gms.gcm.ACTION_SCHEDULE
I/ExcludingStoppedHook( 2431): actioncom.google.android.gms.gcm.ACTION_SCHEDULE
I/ExcludingStoppedHook( 2431): actioncom.google.android.gms.gcm.ACTION_SCHEDULE
I/ExcludingStoppedHook( 2431): actioncom.google.android.gms.gcm.ACTION_SCHEDULE
I/ExcludingStoppedHook( 2431): actioncom.google.android.gms.gcm.ACTION_SCHEDULE
I/ExcludingStoppedHook( 2431): actioncom.google.android.gms.gcm.ACTION_SCHEDULE
I/ExcludingStoppedHook( 2431): actioncom.google.android.gms.gcm.ACTION_SCHEDULE
I/ExcludingStoppedHook( 2431): actioncom.google.android.gms.gcm.ACTION_SCHEDULE
I/ExcludingStoppedHook( 2431): actioncom.google.android.gms.gcm.ACTION_SCHEDULE
I/ExcludingStoppedHook( 2431): actioncom.google.android.gms.gcm.ACTION_SCHEDULE
I/ExcludingStoppedHook( 2431): actioncom.google.android.gms.gcm.ACTION_SCHEDULE
I/ExcludingStoppedHook( 2431): actioncom.google.android.gms.gcm.ACTION_SCHEDULE
I/ExcludingStoppedHook( 2431): actioncom.google.android.gms.gcm.ACTION_SCHEDULE
I/ExcludingStoppedHook( 2431): actioncom.google.android.gms.gcm.ACTION_SCHEDULE
I/ExcludingStoppedHook( 2431): actioncom.google.android.gms.gcm.ACTION_SCHEDULE
I/ExcludingStoppedHook( 2431): actioncom.google.android.gms.gcm.ACTION_SCHEDULE
I/ExcludingStoppedHook( 2431): actioncom.google.android.gms.gcm.ACTION_SCHEDULE
I/ExcludingStoppedHook( 2431): actioncom.google.android.gms.gcm.ACTION_SCHEDULE
I/ExcludingStoppedHook( 2431): actioncom.google.android.gms.gcm.ACTION_SCHEDULE
I/ExcludingStoppedHook( 2431): actioncom.google.android.gms.gcm.ACTION_SCHEDULE
I/ExcludingStoppedHook( 2431): actioncom.google.android.gms.gcm.ACTION_SCHEDULE
I/ExcludingStoppedHook( 2431): actioncom.google.android.gms.gcm.ACTION_SCHEDULE
I/ExcludingStoppedHook( 2431): actioncom.google.android.gms.gcm.ACTION_SCHEDULE
I/ExcludingStoppedHook( 2431): actioncom.google.android.gms.gcm.ACTION_SCHEDULE
I/ExcludingStoppedHook( 2431): actioncom.google.android.gms.gcm.ACTION_SCHEDULE
I/ExcludingStoppedHook( 2431): actioncom.google.android.gms.gcm.ACTION_SCHEDULE
I/ExcludingStoppedHook( 2431): actioncom.google.android.gms.gcm.ACTION_SCHEDULE
I/ExcludingStoppedHook( 2431): actioncom.google.android.gms.gcm.ACTION_SCHEDULE
I/ExcludingStoppedHook( 2431): actioncom.google.android.gms.gcm.ACTION_SCHEDULE
I/ExcludingStoppedHook( 2431): actioncom.google.android.gms.gcm.ACTION_SCHEDULE
E/WindowState( 2431): getStack: Window{521c1ed u0 com.tencent.mm/com.tencent.mm.plugin.webview.ui.tools.SDKOAuthUI EXITING} couldn't find taskId=88 Callers=com.android.server.wm.WindowState.getDisplayContent:866 com.android.server.wm.WindowStateAnimator.stepAnimationLocked:293 com.android.server.wm.WindowAnimator.updateWindowsLocked:289 com.android.server.wm.WindowAnimator.animateLocked:674 
E/WindowState( 2431): getStack: Window{f5732b3 u0 com.tencent.mm/com.tencent.mm.plugin.webview.ui.tools.SDKOAuthUI} couldn't find taskId=88 Callers=com.android.server.wm.WindowState.getDisplayContent:866 com.android.server.wm.WindowStateAnimator.stepAnimationLocked:293 com.android.server.wm.WindowAnimator.updateWindowsLocked:289 com.android.server.wm.WindowAnimator.animateLocked:674 
E/WindowState( 2431): getStack: Window{3c173d7f u0 com.android.systemui.ImageWallpaper} couldn't find taskId=89 Callers=com.android.server.wm.WindowStateAnimator.computeShownFrameLocked:1038 com.android.server.wm.WindowStateAnimator.prepareSurfaceLocked:1484 com.android.server.wm.WindowAnimator.animateLocked:680 com.android.server.wm.WindowAnimator.access$000:54 
E/WindowState( 2431): getStack: Window{f5732b3 u0 com.tencent.mm/com.tencent.mm.plugin.webview.ui.tools.SDKOAuthUI} couldn't find taskId=88 Callers=com.android.server.wm.WindowStateAnimator.computeShownFrameLocked:1038 com.android.server.wm.WindowStateAnimator.prepareSurfaceLocked:1484 com.android.server.wm.WindowAnimator.animateLocked:680 com.android.server.wm.WindowAnimator.access$000:54 
E/WindowState( 2431): getStack: Window{f5732b3 u0 com.tencent.mm/com.tencent.mm.plugin.webview.ui.tools.SDKOAuthUI} couldn't find taskId=88 Callers=com.android.server.wm.WindowState.getDisplayContent:866 com.android.server.wm.WindowState.getDisplayId:871 com.android.server.wm.WindowStateAnimator.computeShownFrameLocked:1074 com.android.server.wm.WindowStateAnimator.prepareSurfaceLocked:1484 
E/WindowState( 2431): getStack: Window{f5732b3 u0 com.tencent.mm/com.tencent.mm.plugin.webview.ui.tools.SDKOAuthUI} couldn't find taskId=88 Callers=com.android.server.wm.WindowState.getDisplayContent:866 com.android.server.wm.WindowStateAnimator.updateSurfaceWindowCrop:1292 com.android.server.wm.WindowStateAnimator.setSurfaceBoundariesLocked:1467 com.android.server.wm.WindowStateAnimator.prepareSurfaceLocked:1486 
E/WindowState( 2431): getStack: Window{f5732b3 u0 com.tencent.mm/com.tencent.mm.plugin.webview.ui.tools.SDKOAuthUI} couldn't find taskId=88 Callers=com.android.server.wm.WindowState.getDisplayContent:866 com.android.server.wm.WindowState.isDefaultDisplay:1406 com.android.server.wm.WindowStateAnimator.updateSurfaceWindowCrop:1302 com.android.server.wm.WindowStateAnimator.setSurfaceBoundariesLocked:1467 
E/WindowState( 2431): getStack: Window{521c1ed u0 com.tencent.mm/com.tencent.mm.plugin.webview.ui.tools.SDKOAuthUI EXITING} couldn't find taskId=88 Callers=com.android.server.wm.WindowStateAnimator.computeShownFrameLocked:1038 com.android.server.wm.WindowStateAnimator.prepareSurfaceLocked:1484 com.android.server.wm.WindowAnimator.animateLocked:680 com.android.server.wm.WindowAnimator.access$000:54 
E/WindowState( 2431): getStack: Window{521c1ed u0 com.tencent.mm/com.tencent.mm.plugin.webview.ui.tools.SDKOAuthUI EXITING} couldn't find taskId=88 Callers=com.android.server.wm.WindowState.getDisplayContent:866 com.android.server.wm.WindowState.getDisplayId:871 com.android.server.wm.WindowStateAnimator.computeShownFrameLocked:1074 com.android.server.wm.WindowStateAnimator.prepareSurfaceLocked:1484 
E/WindowState( 2431): getStack: Window{521c1ed u0 com.tencent.mm/com.tencent.mm.plugin.webview.ui.tools.SDKOAuthUI EXITING} couldn't find taskId=88 Callers=com.android.server.wm.WindowState.getDisplayContent:866 com.android.server.wm.WindowStateAnimator.updateSurfaceWindowCrop:1292 com.android.server.wm.WindowStateAnimator.setSurfaceBoundariesLocked:1467 com.android.server.wm.WindowStateAnimator.prepareSurfaceLocked:1486 
E/WindowState( 2431): getStack: Window{521c1ed u0 com.tencent.mm/com.tencent.mm.plugin.webview.ui.tools.SDKOAuthUI EXITING} couldn't find taskId=88 Callers=com.android.server.wm.WindowState.getDisplayContent:866 com.android.server.wm.WindowState.isDefaultDisplay:1406 com.android.server.wm.WindowStateAnimator.updateSurfaceWindowCrop:1302 com.android.server.wm.WindowStateAnimator.setSurfaceBoundariesLocked:1467 
E/WindowState( 2431): getStack: Window{521c1ed u0 com.tencent.mm/com.tencent.mm.plugin.webview.ui.tools.SDKOAuthUI EXITING} couldn't find taskId=88 Callers=com.android.server.wm.WindowState.getDisplayContent:866 com.android.server.wm.WindowStateAnimator.stepAnimationLocked:293 com.android.server.wm.WindowAnimator.updateWindowsLocked:289 com.android.server.wm.WindowAnimator.animateLocked:674 
E/WindowState( 2431): getStack: Window{f5732b3 u0 com.tencent.mm/com.tencent.mm.plugin.webview.ui.tools.SDKOAuthUI} couldn't find taskId=88 Callers=com.android.server.wm.WindowState.getDisplayContent:866 com.android.server.wm.WindowStateAnimator.stepAnimationLocked:293 com.android.server.wm.WindowAnimator.updateWindowsLocked:289 com.android.server.wm.WindowAnimator.animateLocked:674 
E/WindowState( 2431): getStack: Window{3c173d7f u0 com.android.systemui.ImageWallpaper} couldn't find taskId=89 Callers=com.android.server.wm.WindowStateAnimator.computeShownFrameLocked:1038 com.android.server.wm.WindowStateAnimator.prepareSurfaceLocked:1484 com.android.server.wm.WindowAnimator.animateLocked:680 com.android.server.wm.WindowAnimator.access$000:54 
E/WindowState( 2431): getStack: Window{f5732b3 u0 com.tencent.mm/com.tencent.mm.plugin.webview.ui.tools.SDKOAuthUI} couldn't find taskId=88 Callers=com.android.server.wm.WindowStateAnimator.computeShownFrameLocked:1038 com.android.server.wm.WindowStateAnimator.prepareSurfaceLocked:1484 com.android.server.wm.WindowAnimator.animateLocked:680 com.android.server.wm.WindowAnimator.access$000:54 
E/WindowState( 2431): getStack: Window{f5732b3 u0 com.tencent.mm/com.tencent.mm.plugin.webview.ui.tools.SDKOAuthUI} couldn't find taskId=88 Callers=com.android.server.wm.WindowState.getDisplayContent:866 com.android.server.wm.WindowState.getDisplayId:871 com.android.server.wm.WindowStateAnimator.computeShownFrameLocked:1074 com.android.server.wm.WindowStateAnimator.prepareSurfaceLocked:1484 
E/WindowState( 2431): getStack: Window{f5732b3 u0 com.tencent.mm/com.tencent.mm.plugin.webview.ui.tools.SDKOAuthUI} couldn't find taskId=88 Callers=com.android.server.wm.WindowState.getDisplayContent:866 com.android.server.wm.WindowStateAnimator.updateSurfaceWindowCrop:1292 com.android.server.wm.WindowStateAnimator.setSurfaceBoundariesLocked:1467 com.android.server.wm.WindowStateAnimator.prepareSurfaceLocked:1486 
E/WindowState( 2431): getStack: Window{f5732b3 u0 com.tencent.mm/com.tencent.mm.plugin.webview.ui.tools.SDKOAuthUI} couldn't find taskId=88 Callers=com.android.server.wm.WindowState.getDisplayContent:866 com.android.server.wm.WindowState.isDefaultDisplay:1406 com.android.server.wm.WindowStateAnimator.updateSurfaceWindowCrop:1302 com.android.server.wm.WindowStateAnimator.setSurfaceBoundariesLocked:1467 
E/WindowState( 2431): getStack: Window{521c1ed u0 com.tencent.mm/com.tencent.mm.plugin.webview.ui.tools.SDKOAuthUI EXITING} couldn't find taskId=88 Callers=com.android.server.wm.WindowStateAnimator.computeShownFrameLocked:1038 com.android.server.wm.WindowStateAnimator.prepareSurfaceLocked:1484 com.android.server.wm.WindowAnimator.animateLocked:680 com.android.server.wm.WindowAnimator.access$000:54 
E/WindowState( 2431): getStack: Window{521c1ed u0 com.tencent.mm/com.tencent.mm.plugin.webview.ui.tools.SDKOAuthUI EXITING} couldn't find taskId=88 Callers=com.android.server.wm.WindowState.getDisplayContent:866 com.android.server.wm.WindowState.getDisplayId:871 com.android.server.wm.WindowStateAnimator.computeShownFrameLocked:1074 com.android.server.wm.WindowStateAnimator.prepareSurfaceLocked:1484 
E/WindowState( 2431): getStack: Window{521c1ed u0 com.tencent.mm/com.tencent.mm.plugin.webview.ui.tools.SDKOAuthUI EXITING} couldn't find taskId=88 Callers=com.android.server.wm.WindowState.getDisplayContent:866 com.android.server.wm.WindowStateAnimator.updateSurfaceWindowCrop:1292 com.android.server.wm.WindowStateAnimator.setSurfaceBoundariesLocked:1467 com.android.server.wm.WindowStateAnimator.prepareSurfaceLocked:1486 
