06-10 10:19:12.140  2891  2891 E ctxmgr  : 	at com.android.volley.toolbox.BasicNetwork.performRequest(:com.google.android.gms@12688056@12.6.88 (090800-197970725):33)
06-10 10:19:12.140  2891  2891 E ctxmgr  : 	at ono.performRequest(:com.google.android.gms@12688056@12.6.88 (090800-197970725):17)
06-10 10:19:12.140  2891  2891 E ctxmgr  : 	at com.android.volley.NetworkDispatcher.a(:com.google.android.gms@12688056@12.6.88 (090800-197970725):7)
06-10 10:19:12.140  2891  2891 E ctxmgr  : 	at com.android.volley.NetworkDispatcher.run(:com.google.android.gms@12688056@12.6.88 (090800-197970725):2)
06-10 10:19:12.142  2891  6587 E ctxmgr  : [DailyCheckinOperation]Failed daily get config: network status=-1
06-10 10:19:18.499  2776  6912 W System.err: java.lang.SecurityException: getCellLocation: Neither user 10075 nor current process has android.permission.ACCESS_COARSE_LOCATION.
06-10 10:19:18.499  2776  6912 W System.err: 	at android.os.Parcel.readException(Parcel.java:2013)
06-10 10:19:18.499  2776  6912 W System.err: 	at android.os.Parcel.readException(Parcel.java:1959)
06-10 10:19:18.499  2776  6912 W System.err: 	at com.android.internal.telephony.ITelephony$Stub$Proxy.getCellLocation(ITelephony.java:2879)
06-10 10:19:18.499  2776  6912 W System.err: 	at android.telephony.TelephonyManager.getCellLocation(TelephonyManager.java:1163)
06-10 10:19:18.499  2776  6912 W System.err: 	at com.sogou.m.android.c.l.CellCollecter.gainCells(SogouSource:68)
06-10 10:19:18.499  2776  6912 W System.err: 	at com.sogou.m.android.c.l.CollecterTool.passvieStartCollecter(SogouSource:724)
06-10 10:19:18.499  2776  6912 W System.err: 	at com.sogou.m.android.c.l.CollecterTool.access$000(SogouSource:38)
06-10 10:19:18.499  2776  6912 W System.err: 	at com.sogou.m.android.c.l.CollecterTool$DataCollectTask.doInBackground(SogouSource:668)
06-10 10:19:18.500  2776  6912 W System.err: 	at com.sogou.m.android.c.l.CollecterTool$DataCollectTask.doInBackground(SogouSource:657)
06-10 10:19:18.500  2776  6912 W System.err: 	at android.os.AsyncTask$2.call(AsyncTask.java:333)
06-10 10:19:18.500  2776  6912 W System.err: 	at java.util.concurrent.FutureTask.run(FutureTask.java:266)
06-10 10:19:18.500  2776  6912 W System.err: 	at android.os.AsyncTask$SerialExecutor$1.run(AsyncTask.java:245)
06-10 10:19:18.500  2776  6912 W System.err: 	at java.util.concurrent.ThreadPoolExecutor.runWorker(ThreadPoolExecutor.java:1162)
06-10 10:19:18.500  2776  6912 W System.err: 	at java.util.concurrent.ThreadPoolExecutor$Worker.run(ThreadPoolExecutor.java:636)
06-10 10:19:18.500  2776  6912 W System.err: 	at java.lang.Thread.run(Thread.java:764)
06-10 10:19:18.501  2891  6587 W ctxmgr  : [AclManager]null policy map (1) 57, clientInfo=(accnt=account#-517948760#, com.google.android.gms(10014):IndoorOutdoorProducer, vrsn=12688000, 0, 3pPkg = null ,  3pMdlId = null ,  pid = 2891)
06-10 10:19:18.502  2891  6587 W ctxmgr  : [AclManager]null policy map (2) 57, clientInfo=(accnt=account#-517948760#, com.google.android.gms(10014):IndoorOutdoorProducer, vrsn=12688000, 0, 3pPkg = null ,  3pMdlId = null ,  pid = 2891)
06-10 10:19:18.502  2891  6587 W ctxmgr  : [AclManager]null policy map (1) 57, clientInfo=(accnt=account#-517948760#, com.google.android.gms(10014):IndoorOutdoorProducer, vrsn=12688000, 0, 3pPkg = null ,  3pMdlId = null ,  pid = 2891)
06-10 10:19:18.503  2891  6587 E ctxmgr  : [NetworkUtil]No active synchronizable contexts.
06-10 10:19:35.751  6671  6671 I chatty  : uid=10054(org.chromium.chrome) expire 14 lines
06-10 10:19:52.173  2891  2891 E ctxmgr  : [BaseServerTask]Server task (GetConfigTask) got error statusCode=-1.
06-10 10:19:52.173  2891  2891 E ctxmgr  : com.android.volley.TimeoutError
06-10 10:19:52.173  2891  2891 E ctxmgr  : 	at com.android.volley.toolbox.BasicNetwork.performRequest(:com.google.android.gms@12688056@12.6.88 (090800-197970725):33)
06-10 10:19:52.173  2891  2891 E ctxmgr  : 	at ono.performRequest(:com.google.android.gms@12688056@12.6.88 (090800-197970725):17)
06-10 10:19:52.173  2891  2891 E ctxmgr  : 	at com.android.volley.NetworkDispatcher.a(:com.google.android.gms@12688056@12.6.88 (090800-197970725):7)
06-10 10:19:52.173  2891  2891 E ctxmgr  : 	at com.android.volley.NetworkDispatcher.run(:com.google.android.gms@12688056@12.6.88 (090800-197970725):2)
06-10 10:19:52.175  2891  6587 E ctxmgr  : [DailyCheckinOperation]Failed daily get config: network status=-1
06-10 10:20:07.232  2238  2252 I chatty  : uid=1000(system) android.bg expire 12 lines
06-10 10:20:10.787  6671  6671 I chatty  : uid=10054(org.chromium.chrome) expire 56 lines
06-10 10:20:18.859  2891  2891 E ctxmgr  : [BaseServerTask]Server task (GetConfigTask) got error statusCode=-1.
06-10 10:20:18.859  2891  2891 E ctxmgr  : com.android.volley.TimeoutError
06-10 10:20:18.859  2891  2891 E ctxmgr  : 	at com.android.volley.toolbox.BasicNetwork.performRequest(:com.google.android.gms@12688056@12.6.88 (090800-197970725):33)
06-10 10:20:18.859  2891  2891 E ctxmgr  : 	at ono.performRequest(:com.google.android.gms@12688056@12.6.88 (090800-197970725):17)
06-10 10:20:18.859  2891  2891 E ctxmgr  : 	at com.android.volley.NetworkDispatcher.a(:com.google.android.gms@12688056@12.6.88 (090800-197970725):7)
06-10 10:20:18.859  2891  2891 E ctxmgr  : 	at com.android.volley.NetworkDispatcher.run(:com.google.android.gms@12688056@12.6.88 (090800-197970725):2)
06-10 10:20:18.860  2891  6197 E ctxmgr  : [DailyCheckinOperation]Failed daily get config: network status=-1
06-10 10:22:21.227  2238  5016 I chatty  : uid=1000(system) Binder:2238_12 expire 2 lines
06-10 10:22:21.240  2238  3922 I chatty  : uid=1000(system) Binder:2238_E expire 10 lines
06-10 10:22:21.240  2776  6927 W System.err: java.lang.SecurityException: getCellLocation: Neither user 10075 nor current process has android.permission.ACCESS_COARSE_LOCATION.
06-10 10:22:21.241  2776  6927 W System.err: 	at android.os.Parcel.readException(Parcel.java:2013)
06-10 10:22:21.241  2776  6927 W System.err: 	at android.os.Parcel.readException(Parcel.java:1959)
06-10 10:22:21.241  2776  6927 W System.err: 	at com.android.internal.telephony.ITelephony$Stub$Proxy.getCellLocation(ITelephony.java:2879)
06-10 10:22:21.241  2776  6927 W System.err: 	at android.telephony.TelephonyManager.getCellLocation(TelephonyManager.java:1163)
06-10 10:22:21.241  2776  6927 W System.err: 	at com.sogou.m.android.c.l.CellCollecter.gainCells(SogouSource:68)
06-10 10:22:21.241  2776  6927 W System.err: 	at com.sogou.m.android.c.l.CollecterTool.passvieStartCollecter(SogouSource:724)
06-10 10:22:21.241  2776  6927 W System.err: 	at com.sogou.m.android.c.l.CollecterTool.access$000(SogouSource:38)
06-10 10:22:21.241  2776  6927 W System.err: 	at com.sogou.m.android.c.l.CollecterTool$DataCollectTask.doInBackground(SogouSource:668)
06-10 10:22:21.241  2776  6927 W System.err: 	at com.sogou.m.android.c.l.CollecterTool$DataCollectTask.doInBackground(SogouSource:657)
06-10 10:22:21.241  2776  6927 W System.err: 	at android.os.AsyncTask$2.call(AsyncTask.java:333)
06-10 10:22:21.241  2776  6927 W System.err: 	at java.util.concurrent.FutureTask.run(FutureTask.java:266)
06-10 10:22:21.241  2776  6927 W System.err: 	at android.os.AsyncTask$SerialExecutor$1.run(AsyncTask.java:245)
06-10 10:22:21.241  2776  6927 W System.err: 	at java.util.concurrent.ThreadPoolExecutor.runWorker(ThreadPoolExecutor.java:1162)
06-10 10:22:21.241  2776  6927 W System.err: 	at java.util.concurrent.ThreadPoolExecutor$Worker.run(ThreadPoolExecutor.java:636)
06-10 10:22:21.241  2776  6927 W System.err: 	at java.lang.Thread.run(Thread.java:764)
06-10 10:22:21.243  2891  6336 W ctxmgr  : [AclManager]null policy map (1) 57, clientInfo=(accnt=account#-517948760#, com.google.android.gms(10014):IndoorOutdoorProducer, vrsn=12688000, 0, 3pPkg = null ,  3pMdlId = null ,  pid = 2891)
06-10 10:22:21.244  2891  6336 W ctxmgr  : [AclManager]null policy map (2) 57, clientInfo=(accnt=account#-517948760#, com.google.android.gms(10014):IndoorOutdoorProducer, vrsn=12688000, 0, 3pPkg = null ,  3pMdlId = null ,  pid = 2891)
06-10 10:22:21.244  2891  6336 W ctxmgr  : [AclManager]null policy map (1) 57, clientInfo=(accnt=account#-517948760#, com.google.android.gms(10014):IndoorOutdoorProducer, vrsn=12688000, 0, 3pPkg = null ,  3pMdlId = null ,  pid = 2891)
06-10 10:22:21.245  2891  6336 E ctxmgr  : [NetworkUtil]No active synchronizable contexts.
06-10 10:22:25.939  6671  6671 I chatty  : uid=10054(org.chromium.chrome) expire 18 lines
06-10 10:22:34.892  2238  2256 I chatty  : uid=1000(system) batterystats-wo expire 3 lines
06-10 10:15:13.909  2364  2364 D ViewRootImpl[StatusBar]: updatePointerIcon called with position out of bounds
06-10 10:22:34.892  2238  2256 E BatteryExternalStatsWorker: no controller energy info supplied for wifi
06-10 10:22:34.892  2238  2256 E BatteryExternalStatsWorker: no controller energy info supplied for bluetooth
06-10 10:22:34.893  2645  2645 E PhoneInterfaceManager: [PhoneIntfMgr] queryModemActivityInfo: Empty response
06-10 10:22:34.893  2238  2256 E KernelCpuSpeedReader: Failed to read cpu-freq: /sys/devices/system/cpu/cpu0/cpufreq/stats/time_in_state (No such file or directory)
06-10 10:22:34.894  2238  2256 E BatteryExternalStatsWorker: modem info is invalid: ModemActivityInfo{ mTimestamp=0 mSleepTimeMs=0 mIdleTimeMs=0 mTxTimeMs[]=[0, 0, 0, 0, 0] mRxTimeMs=0 mEnergyUsed=0}
06-10 10:23:09.142  3042  3297 I CastDatabase: Saving the database
06-10 10:23:09.144  3042  3297 I SQLiteCastStore: [CastNetworkInfo] saved: 0, skipped: 0, [CastDeviceInfo]: saved 0, skipped 0, Paired Guest Mode DeviceInfo] saved: 0, skipped: 0. [ProbedNetworks]: save 0, skipped: 0
06-10 10:23:10.993  6671  6671 I chatty  : uid=10054(org.chromium.chrome) expire 10 lines
06-10 10:23:16.809  2119  2119 D Camera_Factory: CameraFactory::get_camera_info
06-10 10:23:16.810  2119  2119 D Camera_Factory: CameraFactory::getCameraInfo: id = 0, info = 0xffd4f610
06-10 10:23:16.810  2119  2119 D Camera_Factory: CameraFactory::getCameraNum: 1
06-10 10:23:18.925  2891  2891 E ctxmgr  : [BaseServerTask]Server task (GetConfigTask) got error statusCode=-1.
06-10 10:23:18.925  2891  2891 E ctxmgr  : com.android.volley.TimeoutError
06-10 10:23:18.925  2891  2891 E ctxmgr  : 	at com.android.volley.toolbox.BasicNetwork.performRequest(:com.google.android.gms@12688056@12.6.88 (090800-197970725):33)
06-10 10:23:18.925  2891  2891 E ctxmgr  : 	at ono.performRequest(:com.google.android.gms@12688056@12.6.88 (090800-197970725):17)
06-10 10:23:18.925  2891  2891 E ctxmgr  : 	at com.android.volley.NetworkDispatcher.a(:com.google.android.gms@12688056@12.6.88 (090800-197970725):7)
06-10 10:23:18.925  2891  2891 E ctxmgr  : 	at com.android.volley.NetworkDispatcher.run(:com.google.android.gms@12688056@12.6.88 (090800-197970725):2)
06-10 10:23:18.927  2891  6336 E ctxmgr  : [DailyCheckinOperation]Failed daily get config: network status=-1
06-10 10:23:28.209  2128  2128 E lowmemorykiller: Error opening /dev/memcg/apps/uid_99003/pid_6457/memory.soft_limit_in_bytes; errno=2
06-10 10:23:28.211  2128  2128 E lowmemorykiller: Error opening /dev/memcg/apps/uid_99003/pid_6457/memory.soft_limit_in_bytes; errno=2
06-10 10:23:28.218  5577  6931 I SetupWizard: [DeferredSetupNotificationSchedulerService] Deferred notification scheduled at Wed Jun 05 21:00:00 GMT+08:00 2019
06-10 10:23:28.222  2238  2249 I chatty  : uid=1000(system) Binder:2238_1 expire 5 lines
06-10 10:23:28.225  2891  6880 I AsyncOpDispatcher: 50-LightweightReportNetworkQuality
06-10 10:23:28.225  3042  6933 W WakefulBroadcastReceiv.: No active wake lock id #5
06-10 10:23:28.225  2128  2128 E lowmemorykiller: Error opening /dev/memcg/apps/uid_99003/pid_6457/memory.soft_limit_in_bytes; errno=2
06-10 10:23:28.226  2128  2128 E lowmemorykiller: Error opening /dev/memcg/apps/uid_99003/pid_6457/memory.soft_limit_in_bytes; errno=2
06-10 10:23:28.228  2891  6197 W Herrevad: [484] wtf.b: Invalid mccmnc 
06-10 10:23:28.228  2891  6197 W Herrevad: [484] wtf.b: Invalid mccmnc 
06-10 10:23:28.230  2891  6197 W Herrevad: [484] wta.a: Package name not recognized after it was verified
06-10 10:23:28.235  3042  6940 I EventLogChimeraService: Opted in for usage reporting
06-10 10:23:28.235  3042  6940 I EventLogChimeraService: Aggregate from 1560131372155 (log), 1560131372155 (data)
06-10 10:23:28.257  3042  3297 I Icing   : Performing maintenance.
06-10 10:23:28.264  3042  3297 I Icing   : updateResources: need to parse wzf{com.google.android.gms}
06-10 10:23:28.298  3042  3297 W Icing   : isOptedInForAppHistory: empty Account Name encountered
06-10 10:23:28.301  3042  3297 I Icing   : Performing maintenance usage 1887899 budget 19256366925 free 99.990% index free 99.981% purge? false target 7106276447
06-10 10:23:28.303  3042  3237 E AsyncOpDispatcher: Unable to get current module info in ModuleManager created with non-module Context
06-10 10:23:28.303  3042  3237 I AsyncOpDispatcher: 152-GetFileGroupOperation
06-10 10:23:28.313  3042  3237 I AsyncOpDispatcher: 152-GetFileGroupOperation
06-10 10:23:28.330  3042  3297 I Icing   : Flash index sort hb 73 prefix-hits 84 -> 84 at 0.507ms
06-10 10:23:30.334  3212  4952 I chatty  : uid=10076 com.sohuott.tv.vod:sohunews expire 19 lines
06-10 10:23:35.380  2128  2128 E lowmemorykiller: Error opening /dev/memcg/apps/uid_99003/pid_6457/memory.soft_limit_in_bytes; errno=2
06-10 10:23:36.022  6671  6671 I chatty  : uid=10054(org.chromium.chrome) expire 10 lines
06-10 10:23:38.348  2128  2128 E lowmemorykiller: Error opening /dev/memcg/apps/uid_99003/pid_6457/memory.soft_limit_in_bytes; errno=2
06-10 10:23:38.363  3042  3237 I zygote64: Deoptimizing boolean nur.handleMessage(android.os.Message) due to JIT inline cache
06-10 10:23:38.364  2891  3337 I AsyncOpDispatcher: 50-GetFileDescriptorAndDelete
06-10 10:23:38.374  3042  6954 E ClearcutLogger: addMendelPackage forbidden on anonymous logger
06-10 10:23:38.380  3042  6954 I chatty  : uid=10014(com.google.android.gms) identical 1 line
06-10 10:23:38.385  3042  6954 E ClearcutLogger: addMendelPackage forbidden on anonymous logger
06-10 10:23:38.390  2128  2128 E lowmemorykiller: Error opening /dev/memcg/apps/uid_99003/pid_6457/memory.soft_limit_in_bytes; errno=2
06-10 10:23:53.478  2128  2128 E lowmemorykiller: Error opening /dev/memcg/apps/uid_99003/pid_6457/memory.soft_limit_in_bytes; errno=2
06-10 10:24:00.000  2238  2252 I chatty  : uid=1000(system) android.bg expire 28 lines
06-10 10:24:01.049  6671  6671 I chatty  : uid=10054(org.chromium.chrome) expire 25 lines
06-10 10:24:10.214  2238  6956 I chatty  : uid=1000 system_server expire 2 lines
06-10 10:24:10.215  2238  6955 I chatty  : uid=1000 system_server expire 2 lines
06-10 10:24:23.222  2238  4226 I chatty  : uid=1000(system) NetworkMonitorN expire 2 lines
06-10 10:24:23.222  2238  2313 D ConnectivityService: NetworkAgentInfo [WIFI () - 100] validation failed
06-10 10:24:23.223  2238  2309 I chatty  : uid=1000(system) WifiStateMachin expire 1 line
06-10 10:24:28.370  2891  6943 E Uploader: Clearcut transport failed to make network request.
06-10 10:24:28.370  2891  6943 E Uploader: java.net.SocketTimeoutException: failed to connect to play.googleapis.com/6.6.6.6 (port 443) from /192.168.0.150 (port 44616) after 60000ms
06-10 10:24:28.370  2891  6943 E Uploader: 	at libcore.io.IoBridge.connectErrno(IoBridge.java:185)
06-10 10:24:28.370  2891  6943 E Uploader: 	at libcore.io.IoBridge.connect(IoBridge.java:130)
06-10 10:24:28.370  2891  6943 E Uploader: 	at java.net.PlainSocketImpl.socketConnect(PlainSocketImpl.java:129)
06-10 10:24:28.370  2891  6943 E Uploader: 	at java.net.AbstractPlainSocketImpl.doConnect(AbstractPlainSocketImpl.java:356)
06-10 10:24:28.370  2891  6943 E Uploader: 	at java.net.AbstractPlainSocketImpl.connectToAddress(AbstractPlainSocketImpl.java:200)
06-10 10:24:28.370  2891  6943 E Uploader: 	at java.net.AbstractPlainSocketImpl.connect(AbstractPlainSocketImpl.java:182)
06-10 10:24:28.370  2891  6943 E Uploader: 	at java.net.SocksSocketImpl.connect(SocksSocketImpl.java:357)
06-10 10:24:28.370  2891  6943 E Uploader: 	at java.net.Socket.connect(Socket.java:616)
06-10 10:24:28.370  2891  6943 E Uploader: 	at com.android.okhttp.internal.Platform.connectSocket(Platform.java:145)
06-10 10:24:28.370  2891  6943 E Uploader: 	at com.android.okhttp.internal.io.RealConnection.connectSocket(RealConnection.java:141)
06-10 10:24:28.370  2891  6943 E Uploader: 	at com.android.okhttp.internal.io.RealConnection.connect(RealConnection.java:112)
06-10 10:24:28.370  2891  6943 E Uploader: 	at com.android.okhttp.internal.http.StreamAllocation.findConnection(StreamAllocation.java:184)
06-10 10:24:28.370  2891  6943 E Uploader: 	at com.android.okhttp.internal.http.StreamAllocation.findHealthyConnection(StreamAllocation.java:126)
06-10 10:24:28.370  2891  6943 E Uploader: 	at com.android.okhttp.internal.http.StreamAllocation.newStream(StreamAllocation.java:95)
06-10 10:24:28.370  2891  6943 E Uploader: 	at com.android.okhttp.internal.http.HttpEngine.connect(HttpEngine.java:281)
06-10 10:24:28.370  2891  6943 E Uploader: 	at com.android.okhttp.internal.http.HttpEngine.sendRequest(HttpEngine.java:224)
06-10 10:24:28.370  2891  6943 E Uploader: 	at com.android.okhttp.internal.huc.HttpURLConnectionImpl.execute(HttpURLConnectionImpl.java:461)
06-10 10:24:28.370  2891  6943 E Uploader: 	at com.android.okhttp.internal.huc.HttpURLConnectionImpl.connect(HttpURLConnectionImpl.java:127)
06-10 10:24:28.370  2891  6943 E Uploader: 	at com.android.okhttp.internal.huc.HttpURLConnectionImpl.getOutputStream(HttpURLConnectionImpl.java:258)
06-10 10:24:28.370  2891  6943 E Uploader: 	at com.android.okhttp.internal.huc.DelegatingHttpsURLConnection.getOutputStream(DelegatingHttpsURLConnection.java:218)
06-10 10:24:28.370  2891  6943 E Uploader: 	at com.android.okhttp.internal.huc.HttpsURLConnectionImpl.getOutputStream(Unknown Source:0)
06-10 10:24:28.370  2891  6943 E Uploader: 	at wua.a(:com.google.android.gms@12688056@12.6.88 (090800-197970725):60)
06-10 10:24:28.370  2891  6943 E Uploader: 	at wua.execute(:com.google.android.gms@12688056@12.6.88 (090800-197970725):8)
06-10 10:24:28.370  2891  6943 E Uploader: 	at wua.execute(:com.google.android.gms@12688056@12.6.88 (090800-197970725):7)
06-10 10:24:28.370  2891  6943 E Uploader: 	at nmd.a(:com.google.android.gms@12688056@12.6.88 (090800-197970725):10)
06-10 10:24:28.370  2891  6943 E Uploader: 	at nmd.a(:com.google.android.gms@12688056@12.6.88 (090800-197970725):50)
06-10 10:24:28.370  2891  6943 E Uploader: 	at nms.a(:com.google.android.gms@12688056@12.6.88 (090800-197970725):164)
06-10 10:24:28.370  2891  6943 E Uploader: 	at nms.a(:com.google.android.gms@12688056@12.6.88 (090800-197970725):211)
06-10 10:24:28.370  2891  6943 E Uploader: 	at com.google.android.gms.clearcut.uploader.QosUploaderChimeraService.c(:com.google.android.gms@12688056@12.6.88 (090800-197970725):44)
06-10 10:24:28.370  2891  6943 E Uploader: 	at com.google.android.gms.clearcut.uploader.QosUploaderChimeraService.a(:com.google.android.gms@12688056@12.6.88 (090800-197970725):19)
06-10 10:24:28.370  2891  6943 E Uploader: 	at com.google.android.gms.clearcut.uploader.QosUploaderChimeraService.a(:com.google.android.gms@12688056@12.6.88 (090800-197970725):8)
06-10 10:24:28.370  2891  6943 E Uploader: 	at vos.run(:com.google.android.gms@12688056@12.6.88 (090800-197970725):1)
06-10 10:24:28.370  2891  6943 E Uploader: 	at java.util.concurrent.ThreadPoolExecutor.runWorker(ThreadPoolExecutor.java:1162)
06-10 10:24:28.370  2891  6943 E Uploader: 	at java.util.concurrent.ThreadPoolExecutor$Worker.run(ThreadPoolExecutor.java:636)
06-10 10:24:28.370  2891  6943 E Uploader: 	at java.lang.Thread.run(Thread.java:764)
06-10 10:24:28.379  2891  2902 I zygote64: Do full code cache collection, code=1017KB, data=608KB
06-10 10:24:28.380  2891  2902 I zygote64: After code cache collection, code=977KB, data=533KB
06-10 10:24:58.591  2776  6966 W System.err: java.lang.SecurityException: getCellLocation: Neither user 10075 nor current process has android.permission.ACCESS_COARSE_LOCATION.
06-10 10:24:58.591  2776  6966 W System.err: 	at android.os.Parcel.readException(Parcel.java:2013)
06-10 10:24:58.591  2776  6966 W System.err: 	at android.os.Parcel.readException(Parcel.java:1959)
06-10 10:24:58.591  2776  6966 W System.err: 	at com.android.internal.telephony.ITelephony$Stub$Proxy.getCellLocation(ITelephony.java:2879)
06-10 10:24:58.591  2776  6966 W System.err: 	at android.telephony.TelephonyManager.getCellLocation(TelephonyManager.java:1163)
06-10 10:24:58.591  2776  6966 W System.err: 	at com.sogou.m.android.c.l.CellCollecter.gainCells(SogouSource:68)
06-10 10:24:58.591  2776  6966 W System.err: 	at com.sogou.m.android.c.l.CollecterTool.passvieStartCollecter(SogouSource:724)
06-10 10:24:58.591  2776  6966 W System.err: 	at com.sogou.m.android.c.l.CollecterTool.access$000(SogouSource:38)
06-10 10:24:58.591  2776  6966 W System.err: 	at com.sogou.m.android.c.l.CollecterTool$DataCollectTask.doInBackground(SogouSource:668)
06-10 10:24:58.591  2776  6966 W System.err: 	at com.sogou.m.android.c.l.CollecterTool$DataCollectTask.doInBackground(SogouSource:657)
06-10 10:24:58.591  2776  6966 W System.err: 	at android.os.AsyncTask$2.call(AsyncTask.java:333)
06-10 10:24:58.591  2776  6966 W System.err: 	at java.util.concurrent.FutureTask.run(FutureTask.java:266)
06-10 10:24:58.591  2776  6966 W System.err: 	at android.os.AsyncTask$SerialExecutor$1.run(AsyncTask.java:245)
06-10 10:24:58.591  2776  6966 W System.err: 	at java.util.concurrent.ThreadPoolExecutor.runWorker(ThreadPoolExecutor.java:1162)
06-10 10:24:58.591  2776  6966 W System.err: 	at java.util.concurrent.ThreadPoolExecutor$Worker.run(ThreadPoolExecutor.java:636)
06-10 10:24:58.591  2776  6966 W System.err: 	at java.lang.Thread.run(Thread.java:764)
06-10 10:24:58.593  2891  6587 W ctxmgr  : [AclManager]null policy map (1) 57, clientInfo=(accnt=account#-517948760#, com.google.android.gms(10014):IndoorOutdoorProducer, vrsn=12688000, 0, 3pPkg = null ,  3pMdlId = null ,  pid = 2891)
06-10 10:24:58.594  2891  6587 W ctxmgr  : [AclManager]null policy map (2) 57, clientInfo=(accnt=account#-517948760#, com.google.android.gms(10014):IndoorOutdoorProducer, vrsn=12688000, 0, 3pPkg = null ,  3pMdlId = null ,  pid = 2891)
06-10 10:24:58.594  2891  6587 W ctxmgr  : [AclManager]null policy map (1) 57, clientInfo=(accnt=account#-517948760#, com.google.android.gms(10014):IndoorOutdoorProducer, vrsn=12688000, 0, 3pPkg = null ,  3pMdlId = null ,  pid = 2891)
06-10 10:24:58.595  2891  6587 E ctxmgr  : [NetworkUtil]No active synchronizable contexts.
06-10 10:25:00.016  2364  2364 I RenderThread: type=1400 audit(0.0:899): avc: denied { ioctl } for path="/dev/dri/card0" dev="tmpfs" ino=12343 ioctlcmd=0x640b scontext=u:r:platform_app:s0:c512,c768 tcontext=u:object_r:device:s0 tclass=chr_file permissive=1
06-10 10:25:00.017  2238  2252 I chatty  : uid=1000(system) android.bg expire 14 lines
06-10 10:25:01.112  6671  6671 I chatty  : uid=10054(org.chromium.chrome) expire 16 lines
06-10 10:25:38.806  2817  3783 W GAV3    : Thread[GAThread,5,main]: Exception sending hit: HttpHostConnectException
06-10 10:25:38.806  2817  3783 W GAV3    : Thread[GAThread,5,main]: Connection to https://ssl.google-analytics.com refused
06-10 10:25:38.806  2817  3783 W GAV3    : Thread[GAThread,5,main]: Empty/Null collection passed to deleteHits.
06-10 10:25:41.156  6671  6671 I chatty  : uid=10054(org.chromium.chrome) expire 18 lines
06-10 10:26:21.659  2891  2891 E ctxmgr  : [BaseServerTask]Server task (GetConfigTask) got error statusCode=-1.
06-10 10:26:21.659  2891  2891 E ctxmgr  : com.android.volley.TimeoutError
06-10 10:26:21.659  2891  2891 E ctxmgr  : 	at com.android.volley.toolbox.BasicNetwork.performRequest(:com.google.android.gms@12688056@12.6.88 (090800-197970725):33)
06-10 10:26:21.659  2891  2891 E ctxmgr  : 	at ono.performRequest(:com.google.android.gms@12688056@12.6.88 (090800-197970725):17)
06-10 10:26:21.659  2891  2891 E ctxmgr  : 	at com.android.volley.NetworkDispatcher.a(:com.google.android.gms@12688056@12.6.88 (090800-197970725):7)
06-10 10:26:21.659  2891  2891 E ctxmgr  : 	at com.android.volley.NetworkDispatcher.run(:com.google.android.gms@12688056@12.6.88 (090800-197970725):2)
06-10 10:26:21.660  2891  6197 E ctxmgr  : [DailyCheckinOperation]Failed daily get config: network status=-1
06-10 10:26:23.998  2238  2252 I chatty  : uid=1000(system) android.bg expire 7 lines
06-10 10:26:26.210  6671  6671 I chatty  : uid=10054(org.chromium.chrome) expire 33 lines
06-10 10:27:01.246  6671  6676 I chatty  : uid=10054(org.chromium.chrome) Jit thread pool expire 2 lines
06-10 10:27:37.173  3042  6978 I GCM-GMS : Registering GMS 745476177629
06-10 10:27:37.176  2891  6336 E GCM     : Missing checkin config file
06-10 10:27:37.176  2891  6336 W GCM     : GCM FAILED TO INITIALIZE - missing checkin
06-10 10:27:37.176  3042  6978 W GCM-GMS : Failed to get registration: java.io.IOException: AUTHENTICATION_FAILED
06-10 10:27:38.867  2238  4162 I chatty  : uid=1000(system) Binder:2238_10 expire 10 lines
06-10 10:27:38.868  2776  6982 W System.err: java.lang.SecurityException: getCellLocation: Neither user 10075 nor current process has android.permission.ACCESS_COARSE_LOCATION.
06-10 10:27:38.868  2776  6982 W System.err: 	at android.os.Parcel.readException(Parcel.java:2013)
06-10 10:27:38.868  2776  6982 W System.err: 	at android.os.Parcel.readException(Parcel.java:1959)
06-10 10:27:38.868  2776  6982 W System.err: 	at com.android.internal.telephony.ITelephony$Stub$Proxy.getCellLocation(ITelephony.java:2879)
06-10 10:27:38.868  2776  6982 W System.err: 	at android.telephony.TelephonyManager.getCellLocation(TelephonyManager.java:1163)
06-10 10:27:38.868  2776  6982 W System.err: 	at com.sogou.m.android.c.l.CellCollecter.gainCells(SogouSource:68)
06-10 10:27:38.868  2776  6982 W System.err: 	at com.sogou.m.android.c.l.CollecterTool.passvieStartCollecter(SogouSource:724)
06-10 10:27:38.868  2776  6982 W System.err: 	at com.sogou.m.android.c.l.CollecterTool.access$000(SogouSource:38)
06-10 10:27:38.868  2776  6982 W System.err: 	at com.sogou.m.android.c.l.CollecterTool$DataCollectTask.doInBackground(SogouSource:668)
06-10 10:27:38.868  2776  6982 W System.err: 	at com.sogou.m.android.c.l.CollecterTool$DataCollectTask.doInBackground(SogouSource:657)
06-10 10:27:38.868  2776  6982 W System.err: 	at android.os.AsyncTask$2.call(AsyncTask.java:333)
06-10 10:27:38.868  2776  6982 W System.err: 	at java.util.concurrent.FutureTask.run(FutureTask.java:266)
06-10 10:27:38.868  2776  6982 W System.err: 	at android.os.AsyncTask$SerialExecutor$1.run(AsyncTask.java:245)
06-10 10:27:38.868  2776  6982 W System.err: 	at java.util.concurrent.ThreadPoolExecutor.runWorker(ThreadPoolExecutor.java:1162)
06-10 10:27:38.868  2776  6982 W System.err: 	at java.util.concurrent.ThreadPoolExecutor$Worker.run(ThreadPoolExecutor.java:636)
06-10 10:27:38.868  2776  6982 W System.err: 	at java.lang.Thread.run(Thread.java:764)
06-10 10:27:38.870  2891  6336 W ctxmgr  : [AclManager]null policy map (1) 57, clientInfo=(accnt=account#-517948760#, com.google.android.gms(10014):IndoorOutdoorProducer, vrsn=12688000, 0, 3pPkg = null ,  3pMdlId = null ,  pid = 2891)
06-10 10:27:38.871  2891  6336 W ctxmgr  : [AclManager]null policy map (2) 57, clientInfo=(accnt=account#-517948760#, com.google.android.gms(10014):IndoorOutdoorProducer, vrsn=12688000, 0, 3pPkg = null ,  3pMdlId = null ,  pid = 2891)
06-10 10:27:38.871  2891  6336 W ctxmgr  : [AclManager]null policy map (1) 57, clientInfo=(accnt=account#-517948760#, com.google.android.gms(10014):IndoorOutdoorProducer, vrsn=12688000, 0, 3pPkg = null ,  3pMdlId = null ,  pid = 2891)
06-10 10:27:38.872  2891  6336 E ctxmgr  : [NetworkUtil]No active synchronizable contexts.
06-10 10:27:46.282  6671  6671 I chatty  : uid=10054(org.chromium.chrome) expire 10 lines
06-10 10:28:00.022  2238  2252 I chatty  : uid=1000(system) android.bg expire 13 lines
06-10 10:28:09.182  3042  3297 I CastDatabase: Saving the database
06-10 10:28:09.185  3042  3297 I SQLiteCastStore: [CastNetworkInfo] saved: 0, skipped: 0, [CastDeviceInfo]: saved 0, skipped 0, Paired Guest Mode DeviceInfo] saved: 0, skipped: 0. [ProbedNetworks]: save 0, skipped: 0
06-10 10:28:11.308  6671  6671 I chatty  : uid=10054(org.chromium.chrome) expire 20 lines
06-10 10:28:58.947  2891  2891 E ctxmgr  : [BaseServerTask]Server task (GetConfigTask) got error statusCode=-1.
06-10 10:28:58.947  2891  2891 E ctxmgr  : com.android.volley.TimeoutError
06-10 10:28:58.947  2891  2891 E ctxmgr  : 	at com.android.volley.toolbox.BasicNetwork.performRequest(:com.google.android.gms@12688056@12.6.88 (090800-197970725):33)
06-10 10:28:58.947  2891  2891 E ctxmgr  : 	at ono.performRequest(:com.google.android.gms@12688056@12.6.88 (090800-197970725):17)
06-10 10:28:58.947  2891  2891 E ctxmgr  : 	at com.android.volley.NetworkDispatcher.a(:com.google.android.gms@12688056@12.6.88 (090800-197970725):7)
06-10 10:28:58.947  2891  2891 E ctxmgr  : 	at com.android.volley.NetworkDispatcher.run(:com.google.android.gms@12688056@12.6.88 (090800-197970725):2)
06-10 10:28:58.949  2891  6599 E ctxmgr  : [DailyCheckinOperation]Failed daily get config: network status=-1
06-10 10:29:01.345  6671  6671 I chatty  : uid=10054(org.chromium.chrome) expire 35 lines
06-10 10:30:18.448  2238  3922 I chatty  : uid=1000(system) Binder:2238_E expire 13 lines
06-10 10:30:18.455  2238  2311 I chatty  : uid=1000(system) WifiScanningSer expire 1 line
06-10 10:30:18.457  2238  5015 I chatty  : uid=1000(system) Binder:2238_11 expire 9 lines
06-10 10:30:18.458  2776  6993 W System.err: java.lang.SecurityException: getCellLocation: Neither user 10075 nor current process has android.permission.ACCESS_COARSE_LOCATION.
06-10 10:30:18.458  2776  6993 W System.err: 	at android.os.Parcel.readException(Parcel.java:2013)
06-10 10:30:18.458  2776  6993 W System.err: 	at android.os.Parcel.readException(Parcel.java:1959)
06-10 10:30:18.458  2776  6993 W System.err: 	at com.android.internal.telephony.ITelephony$Stub$Proxy.getCellLocation(ITelephony.java:2879)
06-10 10:30:18.458  2776  6993 W System.err: 	at android.telephony.TelephonyManager.getCellLocation(TelephonyManager.java:1163)
06-10 10:30:18.458  2776  6993 W System.err: 	at com.sogou.m.android.c.l.CellCollecter.gainCells(SogouSource:68)
06-10 10:30:18.458  2776  6993 W System.err: 	at com.sogou.m.android.c.l.CollecterTool.passvieStartCollecter(SogouSource:724)
06-10 10:30:18.458  2776  6993 W System.err: 	at com.sogou.m.android.c.l.CollecterTool.access$000(SogouSource:38)
06-10 10:30:18.458  2776  6993 W System.err: 	at com.sogou.m.android.c.l.CollecterTool$DataCollectTask.doInBackground(SogouSource:668)
06-10 10:30:18.458  2776  6993 W System.err: 	at com.sogou.m.android.c.l.CollecterTool$DataCollectTask.doInBackground(SogouSource:657)
06-10 10:30:18.458  2776  6993 W System.err: 	at android.os.AsyncTask$2.call(AsyncTask.java:333)
06-10 10:30:18.458  2776  6993 W System.err: 	at java.util.concurrent.FutureTask.run(FutureTask.java:266)
06-10 10:30:18.458  2776  6993 W System.err: 	at android.os.AsyncTask$SerialExecutor$1.run(AsyncTask.java:245)
06-10 10:30:18.458  2776  6993 W System.err: 	at java.util.concurrent.ThreadPoolExecutor.runWorker(ThreadPoolExecutor.java:1162)
06-10 10:30:18.458  2776  6993 W System.err: 	at java.util.concurrent.ThreadPoolExecutor$Worker.run(ThreadPoolExecutor.java:636)
06-10 10:30:18.458  2776  6993 W System.err: 	at java.lang.Thread.run(Thread.java:764)
06-10 10:30:18.460  2891  6976 W ctxmgr  : [AclManager]null policy map (1) 57, clientInfo=(accnt=account#-517948760#, com.google.android.gms(10014):IndoorOutdoorProducer, vrsn=12688000, 0, 3pPkg = null ,  3pMdlId = null ,  pid = 2891)
06-10 10:30:18.460  2891  6976 W ctxmgr  : [AclManager]null policy map (2) 57, clientInfo=(accnt=account#-517948760#, com.google.android.gms(10014):IndoorOutdoorProducer, vrsn=12688000, 0, 3pPkg = null ,  3pMdlId = null ,  pid = 2891)
06-10 10:30:18.461  2891  6976 W ctxmgr  : [AclManager]null policy map (1) 57, clientInfo=(accnt=account#-517948760#, com.google.android.gms(10014):IndoorOutdoorProducer, vrsn=12688000, 0, 3pPkg = null ,  3pMdlId = null ,  pid = 2891)
06-10 10:30:18.461  2891  6976 E ctxmgr  : [NetworkUtil]No active synchronizable contexts.
06-10 10:30:26.421  6671  6671 I chatty  : uid=10054(org.chromium.chrome) expire 30 lines
06-10 10:31:39.146  2891  2891 E ctxmgr  : [BaseServerTask]Server task (GetConfigTask) got error statusCode=-1.
06-10 10:31:39.146  2891  2891 E ctxmgr  : com.android.volley.TimeoutError
06-10 10:31:39.146  2891  2891 E ctxmgr  : 	at com.android.volley.toolbox.BasicNetwork.performRequest(:com.google.android.gms@12688056@12.6.88 (090800-197970725):33)
06-10 10:31:39.146  2891  2891 E ctxmgr  : 	at ono.performRequest(:com.google.android.gms@12688056@12.6.88 (090800-197970725):17)
06-10 10:31:39.146  2891  2891 E ctxmgr  : 	at com.android.volley.NetworkDispatcher.a(:com.google.android.gms@12688056@12.6.88 (090800-197970725):7)
06-10 10:31:39.146  2891  2891 E ctxmgr  : 	at com.android.volley.NetworkDispatcher.run(:com.google.android.gms@12688056@12.6.88 (090800-197970725):2)
06-10 10:31:39.148  2891  6336 E ctxmgr  : [DailyCheckinOperation]Failed daily get config: network status=-1
06-10 10:31:41.511  6671  6671 I chatty  : uid=10054(org.chromium.chrome) expire 20 lines
06-10 10:32:00.018  2238  2252 I chatty  : uid=1000(system) android.bg expire 22 lines
06-10 10:32:31.350  2891  6998 E WakeLock: release without a matched acquire!
06-10 10:32:31.571  6671  6671 I chatty  : uid=10054(org.chromium.chrome) expire 6 lines
06-10 10:32:46.591  6671  6671 I cr_OfflineIndicator: Reported by system: [ Transports: WIFI Capabilities: NOT_METERED&INTERNET&NOT_RESTRICTED&TRUSTED&NOT_VPN&FOREGROUND LinkUpBandwidth>=1048576Kbps LinkDnBandwidth>=1048576Kbps SignalStrength: -57]
06-10 10:32:46.591  6671  6671 I cr_OfflineIndicator: Retry after 5000ms
06-10 10:32:51.377  2891  7003 E WakeLock: release without a matched acquire!
06-10 10:32:51.597  6671  6671 I cr_OfflineIndicator: Reported by system: [ Transports: WIFI Capabilities: NOT_METERED&INTERNET&NOT_RESTRICTED&TRUSTED&NOT_VPN&FOREGROUND LinkUpBandwidth>=1048576Kbps LinkDnBandwidth>=1048576Kbps SignalStrength: -57]
06-10 10:32:51.597  6671  6671 I cr_OfflineIndicator: Retry after 5000ms
06-10 10:32:56.604  6671  6671 I cr_OfflineIndicator: Reported by system: [ Transports: WIFI Capabilities: NOT_METERED&INTERNET&NOT_RESTRICTED&TRUSTED&NOT_VPN&FOREGROUND LinkUpBandwidth>=1048576Kbps LinkDnBandwidth>=1048576Kbps SignalStrength: -57]
06-10 10:32:56.604  6671  6671 I cr_OfflineIndicator: Retry after 5000ms
06-10 10:32:58.374  2776  7006 W System.err: java.lang.SecurityException: getCellLocation: Neither user 10075 nor current process has android.permission.ACCESS_COARSE_LOCATION.
06-10 10:32:58.374  2776  7006 W System.err: 	at android.os.Parcel.readException(Parcel.java:2013)
06-10 10:32:58.374  2776  7006 W System.err: 	at android.os.Parcel.readException(Parcel.java:1959)
06-10 10:32:58.374  2776  7006 W System.err: 	at com.android.internal.telephony.ITelephony$Stub$Proxy.getCellLocation(ITelephony.java:2879)
06-10 10:32:58.374  2776  7006 W System.err: 	at android.telephony.TelephonyManager.getCellLocation(TelephonyManager.java:1163)
06-10 10:32:58.374  2776  7006 W System.err: 	at com.sogou.m.android.c.l.CellCollecter.gainCells(SogouSource:68)
06-10 10:32:58.374  2776  7006 W System.err: 	at com.sogou.m.android.c.l.CollecterTool.passvieStartCollecter(SogouSource:724)
06-10 10:32:58.374  2776  7006 W System.err: 	at com.sogou.m.android.c.l.CollecterTool.access$000(SogouSource:38)
06-10 10:32:58.374  2776  7006 W System.err: 	at com.sogou.m.android.c.l.CollecterTool$DataCollectTask.doInBackground(SogouSource:668)
06-10 10:32:58.374  2776  7006 W System.err: 	at com.sogou.m.android.c.l.CollecterTool$DataCollectTask.doInBackground(SogouSource:657)
06-10 10:32:58.374  2776  7006 W System.err: 	at android.os.AsyncTask$2.call(AsyncTask.java:333)
06-10 10:32:58.374  2776  7006 W System.err: 	at java.util.concurrent.FutureTask.run(FutureTask.java:266)
06-10 10:32:58.374  2776  7006 W System.err: 	at android.os.AsyncTask$SerialExecutor$1.run(AsyncTask.java:245)
06-10 10:32:58.374  2776  7006 W System.err: 	at java.util.concurrent.ThreadPoolExecutor.runWorker(ThreadPoolExecutor.java:1162)
06-10 10:32:58.374  2776  7006 W System.err: 	at java.util.concurrent.ThreadPoolExecutor$Worker.run(ThreadPoolExecutor.java:636)
06-10 10:32:58.374  2776  7006 W System.err: 	at java.lang.Thread.run(Thread.java:764)
06-10 10:32:58.374  2238  4162 I chatty  : uid=1000(system) Binder:2238_10 expire 5 lines
06-10 10:32:58.376  2891  6599 W ctxmgr  : [AclManager]null policy map (1) 57, clientInfo=(accnt=account#-517948760#, com.google.android.gms(10014):IndoorOutdoorProducer, vrsn=12688000, 0, 3pPkg = null ,  3pMdlId = null ,  pid = 2891)
06-10 10:32:58.377  2891  6599 W ctxmgr  : [AclManager]null policy map (2) 57, clientInfo=(accnt=account#-517948760#, com.google.android.gms(10014):IndoorOutdoorProducer, vrsn=12688000, 0, 3pPkg = null ,  3pMdlId = null ,  pid = 2891)
06-10 10:32:58.377  2891  6599 W ctxmgr  : [AclManager]null policy map (1) 57, clientInfo=(accnt=account#-517948760#, com.google.android.gms(10014):IndoorOutdoorProducer, vrsn=12688000, 0, 3pPkg = null ,  3pMdlId = null ,  pid = 2891)
06-10 10:32:58.378  2891  6599 E ctxmgr  : [NetworkUtil]No active synchronizable contexts.
06-10 10:33:01.610  6671  6671 I cr_OfflineIndicator: Reported by system: [ Transports: WIFI Capabilities: NOT_METERED&INTERNET&NOT_RESTRICTED&TRUSTED&NOT_VPN&FOREGROUND LinkUpBandwidth>=1048576Kbps LinkDnBandwidth>=1048576Kbps SignalStrength: -57]
06-10 10:33:01.610  6671  6671 I cr_OfflineIndicator: Retry after 5000ms
06-10 10:33:06.617  6671  6671 I cr_OfflineIndicator: Reported by system: [ Transports: WIFI Capabilities: NOT_METERED&INTERNET&NOT_RESTRICTED&TRUSTED&NOT_VPN&FOREGROUND LinkUpBandwidth>=1048576Kbps LinkDnBandwidth>=1048576Kbps SignalStrength: -57]
06-10 10:33:06.617  6671  6671 I cr_OfflineIndicator: Retry after 5000ms
06-10 10:33:09.223  3042  3297 I CastDatabase: Saving the database
06-10 10:33:09.225  3042  3297 I SQLiteCastStore: [CastNetworkInfo] saved: 0, skipped: 0, [CastDeviceInfo]: saved 0, skipped 0, Paired Guest Mode DeviceInfo] saved: 0, skipped: 0. [ProbedNetworks]: save 0, skipped: 0
06-10 10:33:11.619  6671  6671 I cr_OfflineIndicator: Reported by system: [ Transports: WIFI Capabilities: NOT_METERED&INTERNET&NOT_RESTRICTED&TRUSTED&NOT_VPN&FOREGROUND LinkUpBandwidth>=1048576Kbps LinkDnBandwidth>=1048576Kbps SignalStrength: -57]
06-10 10:33:11.619  6671  6671 I cr_OfflineIndicator: Retry after 5000ms
06-10 10:33:16.625  6671  6671 I cr_OfflineIndicator: Reported by system: [ Transports: WIFI Capabilities: NOT_METERED&INTERNET&NOT_RESTRICTED&TRUSTED&NOT_VPN&FOREGROUND LinkUpBandwidth>=1048576Kbps LinkDnBandwidth>=1048576Kbps SignalStrength: -57]
06-10 10:33:16.625  6671  6671 I cr_OfflineIndicator: Retry after 5000ms
06-10 10:33:16.911  2119  2119 D Camera_Factory: CameraFactory::get_camera_info
06-10 10:33:16.911  2119  2119 D Camera_Factory: CameraFactory::getCameraInfo: id = 0, info = 0xffd4f610
06-10 10:33:16.911  2119  2119 D Camera_Factory: CameraFactory::getCameraNum: 1
06-10 10:33:21.631  6671  6671 I cr_OfflineIndicator: Reported by system: [ Transports: WIFI Capabilities: NOT_METERED&INTERNET&NOT_RESTRICTED&TRUSTED&NOT_VPN&FOREGROUND LinkUpBandwidth>=1048576Kbps LinkDnBandwidth>=1048576Kbps SignalStrength: -57]
06-10 10:33:21.631  6671  6671 I cr_OfflineIndicator: Retry after 5000ms
06-10 10:33:26.638  6671  6671 I cr_OfflineIndicator: Reported by system: [ Transports: WIFI Capabilities: NOT_METERED&INTERNET&NOT_RESTRICTED&TRUSTED&NOT_VPN&FOREGROUND LinkUpBandwidth>=1048576Kbps LinkDnBandwidth>=1048576Kbps SignalStrength: -57]
06-10 10:33:26.638  6671  6671 I cr_OfflineIndicator: Retry after 5000ms
06-10 10:33:31.644  6671  6671 I cr_OfflineIndicator: Reported by system: [ Transports: WIFI Capabilities: NOT_METERED&INTERNET&NOT_RESTRICTED&TRUSTED&NOT_VPN&FOREGROUND LinkUpBandwidth>=1048576Kbps LinkDnBandwidth>=1048576Kbps SignalStrength: -57]
06-10 10:33:31.644  6671  6671 I cr_OfflineIndicator: Retry after 5000ms
06-10 10:33:36.650  6671  6671 I cr_OfflineIndicator: Reported by system: [ Transports: WIFI Capabilities: NOT_METERED&INTERNET&NOT_RESTRICTED&TRUSTED&NOT_VPN&FOREGROUND LinkUpBandwidth>=1048576Kbps LinkDnBandwidth>=1048576Kbps SignalStrength: -57]
06-10 10:33:36.650  6671  6671 I cr_OfflineIndicator: Retry after 5000ms
06-10 10:33:41.656  6671  6671 I cr_OfflineIndicator: Reported by system: [ Transports: WIFI Capabilities: NOT_METERED&INTERNET&NOT_RESTRICTED&TRUSTED&NOT_VPN&FOREGROUND LinkUpBandwidth>=1048576Kbps LinkDnBandwidth>=1048576Kbps SignalStrength: -57]
06-10 10:33:41.656  6671  6671 I cr_OfflineIndicator: Retry after 5000ms
06-10 10:33:46.662  6671  6671 I cr_OfflineIndicator: Reported by system: [ Transports: WIFI Capabilities: NOT_METERED&INTERNET&NOT_RESTRICTED&TRUSTED&NOT_VPN&FOREGROUND LinkUpBandwidth>=1048576Kbps LinkDnBandwidth>=1048576Kbps SignalStrength: -57]
06-10 10:33:46.662  6671  6671 I cr_OfflineIndicator: Retry after 5000ms
06-10 10:33:51.669  6671  6671 I cr_OfflineIndicator: Reported by system: [ Transports: WIFI Capabilities: NOT_METERED&INTERNET&NOT_RESTRICTED&TRUSTED&NOT_VPN&FOREGROUND LinkUpBandwidth>=1048576Kbps LinkDnBandwidth>=1048576Kbps SignalStrength: -57]
06-10 10:33:51.669  6671  6671 I cr_OfflineIndicator: Retry after 5000ms
06-10 10:33:56.674  6671  6671 I cr_OfflineIndicator: Reported by system: [ Transports: WIFI Capabilities: NOT_METERED&INTERNET&NOT_RESTRICTED&TRUSTED&NOT_VPN&FOREGROUND LinkUpBandwidth>=1048576Kbps LinkDnBandwidth>=1048576Kbps SignalStrength: -57]
06-10 10:33:56.674  6671  6671 I cr_OfflineIndicator: Retry after 5000ms
06-10 10:34:01.678  6671  6671 I cr_OfflineIndicator: Reported by system: [ Transports: WIFI Capabilities: NOT_METERED&INTERNET&NOT_RESTRICTED&TRUSTED&NOT_VPN&FOREGROUND LinkUpBandwidth>=1048576Kbps LinkDnBandwidth>=1048576Kbps SignalStrength: -59]
06-10 10:34:01.678  6671  6671 I cr_OfflineIndicator: Retry after 5000ms
06-10 10:34:06.684  6671  6671 I cr_OfflineIndicator: Reported by system: [ Transports: WIFI Capabilities: NOT_METERED&INTERNET&NOT_RESTRICTED&TRUSTED&NOT_VPN&FOREGROUND LinkUpBandwidth>=1048576Kbps LinkDnBandwidth>=1048576Kbps SignalStrength: -59]
06-10 10:34:06.684  6671  6671 I cr_OfflineIndicator: Retry after 5000ms
06-10 10:34:11.691  6671  6671 I cr_OfflineIndicator: Reported by system: [ Transports: WIFI Capabilities: NOT_METERED&INTERNET&NOT_RESTRICTED&TRUSTED&NOT_VPN&FOREGROUND LinkUpBandwidth>=1048576Kbps LinkDnBandwidth>=1048576Kbps SignalStrength: -59]
06-10 10:34:11.691  6671  6671 I cr_OfflineIndicator: Retry after 5000ms
06-10 10:34:16.697  6671  6671 I cr_OfflineIndicator: Reported by system: [ Transports: WIFI Capabilities: NOT_METERED&INTERNET&NOT_RESTRICTED&TRUSTED&NOT_VPN&FOREGROUND LinkUpBandwidth>=1048576Kbps LinkDnBandwidth>=1048576Kbps SignalStrength: -59]
06-10 10:34:16.697  6671  6671 I cr_OfflineIndicator: Retry after 5000ms
06-10 10:34:18.876  2891  2891 E ctxmgr  : [BaseServerTask]Server task (GetConfigTask) got error statusCode=-1.
06-10 10:34:18.876  2891  2891 E ctxmgr  : com.android.volley.TimeoutError
06-10 10:34:18.876  2891  2891 E ctxmgr  : 	at com.android.volley.toolbox.BasicNetwork.performRequest(:com.google.android.gms@12688056@12.6.88 (090800-197970725):33)
06-10 10:34:18.876  2891  2891 E ctxmgr  : 	at ono.performRequest(:com.google.android.gms@12688056@12.6.88 (090800-197970725):17)
06-10 10:34:18.876  2891  2891 E ctxmgr  : 	at com.android.volley.NetworkDispatcher.a(:com.google.android.gms@12688056@12.6.88 (090800-197970725):7)
06-10 10:34:18.876  2891  2891 E ctxmgr  : 	at com.android.volley.NetworkDispatcher.run(:com.google.android.gms@12688056@12.6.88 (090800-197970725):2)
06-10 10:34:18.878  2891  7011 E ctxmgr  : [DailyCheckinOperation]Failed daily get config: network status=-1
06-10 10:34:21.704  6671  6671 I cr_OfflineIndicator: Reported by system: [ Transports: WIFI Capabilities: NOT_METERED&INTERNET&NOT_RESTRICTED&TRUSTED&NOT_VPN&FOREGROUND LinkUpBandwidth>=1048576Kbps LinkDnBandwidth>=1048576Kbps SignalStrength: -59]
06-10 10:34:21.704  6671  6671 I cr_OfflineIndicator: Retry after 5000ms
06-10 10:34:23.325  2238  7015 I chatty  : uid=1000 system_server expire 2 lines
06-10 10:34:23.333  2238  7016 I chatty  : uid=1000 system_server expire 2 lines
06-10 10:34:26.710  6671  6671 I cr_OfflineIndicator: Reported by system: [ Transports: WIFI Capabilities: NOT_METERED&INTERNET&NOT_RESTRICTED&TRUSTED&NOT_VPN&FOREGROUND LinkUpBandwidth>=1048576Kbps LinkDnBandwidth>=1048576Kbps SignalStrength: -59]
06-10 10:34:26.710  6671  6671 I cr_OfflineIndicator: Retry after 5000ms
06-10 10:34:31.717  6671  6671 I cr_OfflineIndicator: Reported by system: [ Transports: WIFI Capabilities: NOT_METERED&INTERNET&NOT_RESTRICTED&TRUSTED&NOT_VPN&FOREGROUND LinkUpBandwidth>=1048576Kbps LinkDnBandwidth>=1048576Kbps SignalStrength: -59]
06-10 10:34:31.717  6671  6671 I cr_OfflineIndicator: Retry after 5000ms
06-10 10:34:36.336  2238  4226 I chatty  : uid=1000(system) NetworkMonitorN expire 2 lines
06-10 10:34:36.337  2238  2313 D ConnectivityService: NetworkAgentInfo [WIFI () - 100] validation failed
06-10 10:34:36.337  2238  2309 I chatty  : uid=1000(system) WifiStateMachin expire 4 lines
06-10 10:34:36.724  6671  6671 I cr_OfflineIndicator: Reported by system: [ Transports: WIFI Capabilities: NOT_METERED&INTERNET&NOT_RESTRICTED&TRUSTED&NOT_VPN&FOREGROUND LinkUpBandwidth>=1048576Kbps LinkDnBandwidth>=1048576Kbps SignalStrength: -59]
06-10 10:34:36.724  6671  6671 I cr_OfflineIndicator: Retry after 5000ms
06-10 10:34:41.730  6671  6671 I cr_OfflineIndicator: Reported by system: [ Transports: WIFI Capabilities: NOT_METERED&INTERNET&NOT_RESTRICTED&TRUSTED&NOT_VPN&FOREGROUND LinkUpBandwidth>=1048576Kbps LinkDnBandwidth>=1048576Kbps SignalStrength: -59]
06-10 10:34:41.730  6671  6671 I cr_OfflineIndicator: Retry after 5000ms
06-10 10:34:46.734  6671  6671 I cr_OfflineIndicator: Reported by system: [ Transports: WIFI Capabilities: NOT_METERED&INTERNET&NOT_RESTRICTED&TRUSTED&NOT_VPN&FOREGROUND LinkUpBandwidth>=1048576Kbps LinkDnBandwidth>=1048576Kbps SignalStrength: -52]
06-10 10:34:46.734  6671  6671 I cr_OfflineIndicator: Retry after 5000ms
06-10 10:34:51.739  6671  6671 I cr_OfflineIndicator: Reported by system: [ Transports: WIFI Capabilities: NOT_METERED&INTERNET&NOT_RESTRICTED&TRUSTED&NOT_VPN&FOREGROUND LinkUpBandwidth>=1048576Kbps LinkDnBandwidth>=1048576Kbps SignalStrength: -60]
06-10 10:34:51.739  6671  6671 I cr_OfflineIndicator: Retry after 5000ms
06-10 10:34:56.745  6671  6671 I cr_OfflineIndicator: Reported by system: [ Transports: WIFI Capabilities: NOT_METERED&INTERNET&NOT_RESTRICTED&TRUSTED&NOT_VPN&FOREGROUND LinkUpBandwidth>=1048576Kbps LinkDnBandwidth>=1048576Kbps SignalStrength: -60]
06-10 10:34:56.745  6671  6671 I cr_OfflineIndicator: Retry after 5000ms
06-10 10:34:58.585  2238  2252 I chatty  : uid=1000(system) android.bg expire 10 lines
06-10 10:35:01.752  6671  6671 I cr_OfflineIndicator: Reported by system: [ Transports: WIFI Capabilities: NOT_METERED&INTERNET&NOT_RESTRICTED&TRUSTED&NOT_VPN&FOREGROUND LinkUpBandwidth>=1048576Kbps LinkDnBandwidth>=1048576Kbps SignalStrength: -60]
06-10 10:35:01.752  6671  6671 I cr_OfflineIndicator: Retry after 5000ms
06-10 10:35:06.758  6671  6671 I cr_OfflineIndicator: Reported by system: [ Transports: WIFI Capabilities: NOT_METERED&INTERNET&NOT_RESTRICTED&TRUSTED&NOT_VPN&FOREGROUND LinkUpBandwidth>=1048576Kbps LinkDnBandwidth>=1048576Kbps SignalStrength: -60]
06-10 10:35:06.758  6671  6671 I cr_OfflineIndicator: Retry after 5000ms
06-10 10:35:09.829  2238  2252 I UsageStatsService: User[0] Flushing usage stats to disk
06-10 10:35:11.761  6671  6671 I cr_OfflineIndicator: Reported by system: [ Transports: WIFI Capabilities: NOT_METERED&INTERNET&NOT_RESTRICTED&TRUSTED&NOT_VPN&FOREGROUND LinkUpBandwidth>=1048576Kbps LinkDnBandwidth>=1048576Kbps SignalStrength: -60]
06-10 10:35:11.761  6671  6671 I cr_OfflineIndicator: Retry after 5000ms
06-10 10:35:16.768  6671  6671 I cr_OfflineIndicator: Reported by system: [ Transports: WIFI Capabilities: NOT_METERED&INTERNET&NOT_RESTRICTED&TRUSTED&NOT_VPN&FOREGROUND LinkUpBandwidth>=1048576Kbps LinkDnBandwidth>=1048576Kbps SignalStrength: -60]
06-10 10:35:16.768  6671  6671 I cr_OfflineIndicator: Retry after 5000ms
06-10 10:35:21.774  6671  6671 I cr_OfflineIndicator: Reported by system: [ Transports: WIFI Capabilities: NOT_METERED&INTERNET&NOT_RESTRICTED&TRUSTED&NOT_VPN&FOREGROUND LinkUpBandwidth>=1048576Kbps LinkDnBandwidth>=1048576Kbps SignalStrength: -60]
06-10 10:35:21.774  6671  6671 I cr_OfflineIndicator: Retry after 5000ms
06-10 10:35:26.781  6671  6671 I cr_OfflineIndicator: Reported by system: [ Transports: WIFI Capabilities: NOT_METERED&INTERNET&NOT_RESTRICTED&TRUSTED&NOT_VPN&FOREGROUND LinkUpBandwidth>=1048576Kbps LinkDnBandwidth>=1048576Kbps SignalStrength: -60]
06-10 10:35:26.781  6671  6671 I cr_OfflineIndicator: Retry after 5000ms
06-10 10:35:31.787  6671  6671 I cr_OfflineIndicator: Reported by system: [ Transports: WIFI Capabilities: NOT_METERED&INTERNET&NOT_RESTRICTED&TRUSTED&NOT_VPN&FOREGROUND LinkUpBandwidth>=1048576Kbps LinkDnBandwidth>=1048576Kbps SignalStrength: -60]
06-10 10:35:31.787  6671  6671 I cr_OfflineIndicator: Retry after 5000ms
06-10 10:35:36.794  6671  6671 I cr_OfflineIndicator: Reported by system: [ Transports: WIFI Capabilities: NOT_METERED&INTERNET&NOT_RESTRICTED&TRUSTED&NOT_VPN&FOREGROUND LinkUpBandwidth>=1048576Kbps LinkDnBandwidth>=1048576Kbps SignalStrength: -60]
06-10 10:35:36.794  6671  6671 I cr_OfflineIndicator: Retry after 5000ms
