--------- beginning of system
D/WifiService( 2913): New client listening to asynchronous messages
I/ActivityManager( 2913): Start proc 4425:cn.wps.moffice_eng:pushservice/u0a62 for broadcast cn.wps.moffice_eng/com.igexin.sdk.PushReceiver
W/ActivityManager( 2913): getRunningAppProcesses: caller 10062 does not hold REAL_GET_TASKS; limiting output
I/ActivityManager( 2913): Start proc 4457:cn.wps.moffice_eng/u0a62 for content provider cn.wps.moffice_eng/cn.wps.moffice.persistence.AppDataProvider
W/ActivityManager( 2913): getRunningAppProcesses: caller 10062 does not hold REAL_GET_TASKS; limiting output
E/Vold    ( 2601): Failed to find mounted volume for /storage/usb0/Android/data/cn.wps.moffice_eng/cache/
E/Vold    ( 2601): Failed to find mounted volume for /storage/usb0/Android/data/cn.wps.moffice_eng/cache/
E/Vold    ( 2601): Failed to find mounted volume for /storage/usb1/Android/data/cn.wps.moffice_eng/cache/
E/Vold    ( 2601): Failed to find mounted volume for /storage/usb1/Android/data/cn.wps.moffice_eng/cache/
E/Vold    ( 2601): Failed to find mounted volume for /storage/usb2/Android/data/cn.wps.moffice_eng/cache/
E/Vold    ( 2601): Failed to find mounted volume for /storage/usb2/Android/data/cn.wps.moffice_eng/cache/
E/Vold    ( 2601): Failed to find mounted volume for /storage/usb3/Android/data/cn.wps.moffice_eng/cache/
E/Vold    ( 2601): Failed to find mounted volume for /storage/usb3/Android/data/cn.wps.moffice_eng/cache/
E/Vold    ( 2601): Failed to find mounted volume for /storage/sdcard1/Android/data/cn.wps.moffice_eng/cache/
E/Vold    ( 2601): Failed to find mounted volume for /storage/sdcard1/Android/data/cn.wps.moffice_eng/cache/
E/Vold    ( 2601): Failed to find mounted volume for /storage/usb0/Android/data/cn.wps.moffice_eng/cache/
E/Vold    ( 2601): Failed to find mounted volume for /storage/usb0/Android/data/cn.wps.moffice_eng/cache/
E/Vold    ( 2601): Failed to find mounted volume for /storage/usb1/Android/data/cn.wps.moffice_eng/cache/
E/Vold    ( 2601): Failed to find mounted volume for /storage/usb1/Android/data/cn.wps.moffice_eng/cache/
E/Vold    ( 2601): Failed to find mounted volume for /storage/usb2/Android/data/cn.wps.moffice_eng/cache/
E/Vold    ( 2601): Failed to find mounted volume for /storage/usb2/Android/data/cn.wps.moffice_eng/cache/
E/Vold    ( 2601): Failed to find mounted volume for /storage/usb3/Android/data/cn.wps.moffice_eng/cache/
E/Vold    ( 2601): Failed to find mounted volume for /storage/usb3/Android/data/cn.wps.moffice_eng/cache/
E/Vold    ( 2601): Failed to find mounted volume for /storage/sdcard1/Android/data/cn.wps.moffice_eng/cache/
E/Vold    ( 2601): Failed to find mounted volume for /storage/sdcard1/Android/data/cn.wps.moffice_eng/cache/
I/ActivityManager( 2913): Start proc 4498:com.google.android.partnersetup/u0a6 for broadcast com.google.android.partnersetup/.PhoneStateReceiver
I/ActivityManager( 2913): Process cn.wps.moffice_eng:pushservice (pid 4425) has died
W/ActivityManager( 2913): Scheduling restart of crashed service cn.wps.moffice_eng/cn.wps.moffice.main.pushunion.PushInitService in 1000ms
I/ActivityManager( 2913): Start proc 4521:com.android.settings/1000 for broadcast com.android.settings/.cyanogenmod.superuser.SuReceiver
W/ActivityManager( 2913): getRunningAppProcesses: caller 10066 does not hold REAL_GET_TASKS; limiting output
D/WifiService( 2913): New client listening to asynchronous messages
I/ActivityManager( 2913): Start proc 4572:cn.wps.moffice_eng:pushservice/u0a62 for service cn.wps.moffice_eng/cn.wps.moffice.main.pushunion.PushInitService
W/ActivityManager( 2913): getRunningAppProcesses: caller 10062 does not hold REAL_GET_TASKS; limiting output
E/Vold    ( 2601): Failed to find mounted volume for /storage/usb0/Android/data/cn.wps.moffice_eng/cache/
E/Vold    ( 2601): Failed to find mounted volume for /storage/usb1/Android/data/cn.wps.moffice_eng/cache/
E/Vold    ( 2601): Failed to find mounted volume for /storage/usb2/Android/data/cn.wps.moffice_eng/cache/
E/Vold    ( 2601): Failed to find mounted volume for /storage/usb3/Android/data/cn.wps.moffice_eng/cache/
E/Vold    ( 2601): Failed to find mounted volume for /storage/sdcard1/Android/data/cn.wps.moffice_eng/cache/
E/Vold    ( 2601): Failed to find mounted volume for /storage/usb0/Android/data/cn.wps.moffice_eng/cache/
E/Vold    ( 2601): Failed to find mounted volume for /storage/usb1/Android/data/cn.wps.moffice_eng/cache/
E/Vold    ( 2601): Failed to find mounted volume for /storage/usb2/Android/data/cn.wps.moffice_eng/cache/
E/Vold    ( 2601): Failed to find mounted volume for /storage/usb3/Android/data/cn.wps.moffice_eng/cache/
E/Vold    ( 2601): Failed to find mounted volume for /storage/sdcard1/Android/data/cn.wps.moffice_eng/cache/
W/ActivityManager( 2913): Unable to start service Intent { act=com.tencent.soter.soterserver.ISoterService pkg=com.tencent.soter.soterserver } U=0: not found
W/ContextImpl( 2913): Calling a method in the system process without a qualified user: android.app.ContextImpl.sendBroadcast:1327 com.android.server.wm.WindowManagerService.hideStatusbarBroadcast:12094 com.android.server.wm.WindowManagerService$1.onReceive:335 android.app.LoadedApk$ReceiverDispatcher$Args.run:866 android.os.Handler.handleCallback:739 
V/WindowManager( 2913): ++++xiej, 04-13,7:26, getOrientationFromAppTokensLocked
V/WindowManager( 2913): ++++xiej, 04-13,7:26, getOrientationFromAppTokensLocked
E/ActivityThread( 3674): Failed to find provider info for com.huawei.android.launcher.settings
E/ActivityThread( 3674): Failed to find provider info for com.android.badge
E/ActivityThread( 3674): Failed to find provider info for com.android.badge
V/WindowManager( 2913): ++++xiej, 04-13,7:26, getOrientationFromAppTokensLocked
I/ActivityManager( 2913): Start proc 4632:com.android.bluetooth/1002 for service com.android.bluetooth/.btservice.AdapterService
D/WifiService( 2913): New client listening to asynchronous messages
I/ActivityManager( 2913): Start proc 4654:com.android.keychain/1000 for service com.android.keychain/.KeyChainService
W/ContextImpl( 2913): Calling a method in the system process without a qualified user: android.app.ContextImpl.sendBroadcast:1327 com.android.server.wm.WindowManagerService.showStatusbarBroadcast:12104 com.android.server.wm.WindowManagerService$H.onCheckingStatusBar:7757 com.android.server.wm.WindowManagerService$H.handleMessage:8281 android.os.Handler.dispatchMessage:102 
W/ContextImpl( 2913): Calling a method in the system process without a qualified user: android.app.ContextImpl.sendBroadcast:1327 com.android.server.wm.WindowManagerService.showStatusbarBroadcast:12104 com.android.server.wm.WindowManagerService$H.onCheckingStatusBar:7757 com.android.server.wm.WindowManagerService$H.handleMessage:8281 android.os.Handler.dispatchMessage:102 
W/ContextImpl( 2913): Calling a method in the system process without a qualified user: android.app.ContextImpl.sendBroadcast:1327 com.android.server.wm.WindowManagerService.showStatusbarBroadcast:12104 com.android.server.wm.WindowManagerService$H.onCheckingStatusBar:7757 com.android.server.wm.WindowManagerService$H.handleMessage:8281 android.os.Handler.dispatchMessage:102 
V/WindowManager( 2913): ++++xiej, 04-13,7:26, getOrientationFromAppTokensLocked
W/ContextImpl( 2913): Calling a method in the system process without a qualified user: android.app.ContextImpl.sendBroadcast:1327 com.android.server.wm.WindowManagerService.showStatusbarBroadcast:12104 com.android.server.wm.WindowManagerService$H.onCheckingStatusBar:7757 com.android.server.wm.WindowManagerService$H.handleMessage:8281 android.os.Handler.dispatchMessage:102 
I/ActivityManager( 2913): Start proc 4693:com.android.onetimeinitializer/u0a14 for broadcast com.android.onetimeinitializer/.OneTimeInitializerReceiver
I/ActivityManager( 2913): Start proc 4714:android.process.media/u0a4 for broadcast com.android.providers.media/.MediaScannerReceiver
W/ResourcesManager( 4632): Asset path '/system/framework/javax.obex.jar' does not exist or contains no resources.
W/ContextImpl( 2913): Calling a method in the system process without a qualified user: android.app.ContextImpl.sendBroadcast:1327 com.android.server.wm.WindowManagerService.showStatusbarBroadcast:12104 com.android.server.wm.WindowManagerService$H.onCheckingStatusBar:7757 com.android.server.wm.WindowManagerService$H.handleMessage:8281 android.os.Handler.dispatchMessage:102 
W/ContextImpl( 2913): Calling a method in the system process without a qualified user: android.app.ContextImpl.sendBroadcast:1327 com.android.server.wm.WindowManagerService.showStatusbarBroadcast:12104 com.android.server.wm.WindowManagerService$H.onCheckingStatusBar:7757 com.android.server.wm.WindowManagerService$H.handleMessage:8281 android.os.Handler.dispatchMessage:102 
W/ContextImpl( 2913): Calling a method in the system process without a qualified user: android.app.ContextImpl.sendBroadcast:1327 com.android.server.wm.WindowManagerService.showStatusbarBroadcast:12104 com.android.server.wm.WindowManagerService$H.onCheckingStatusBar:7757 com.android.server.wm.WindowManagerService$H.handleMessage:8281 android.os.Handler.dispatchMessage:102 
W/ContextImpl( 2913): Calling a method in the system process without a qualified user: android.app.ContextImpl.sendBroadcast:1327 com.android.server.wm.WindowManagerService.showStatusbarBroadcast:12104 com.android.server.wm.WindowManagerService$H.onCheckingStatusBar:7757 com.android.server.wm.WindowManagerService$H.handleMessage:8281 android.os.Handler.dispatchMessage:102 
W/ContextImpl( 2913): Calling a method in the system process without a qualified user: android.app.ContextImpl.sendBroadcast:1327 com.android.server.wm.WindowManagerService.showStatusbarBroadcast:12104 com.android.server.wm.WindowManagerService$H.onCheckingStatusBar:7757 com.android.server.wm.WindowManagerService$H.handleMessage:8281 android.os.Handler.dispatchMessage:102 
W/ContextImpl( 2913): Calling a method in the system process without a qualified user: android.app.ContextImpl.sendBroadcast:1327 com.android.server.wm.WindowManagerService.showStatusbarBroadcast:12104 com.android.server.wm.WindowManagerService$H.onCheckingStatusBar:7757 com.android.server.wm.WindowManagerService$H.handleMessage:8281 android.os.Handler.dispatchMessage:102 
W/ContextImpl( 2913): Calling a method in the system process without a qualified user: android.app.ContextImpl.sendBroadcast:1327 com.android.server.wm.WindowManagerService.showStatusbarBroadcast:12104 com.android.server.wm.WindowManagerService$H.onCheckingStatusBar:7757 com.android.server.wm.WindowManagerService$H.handleMessage:8281 android.os.Handler.dispatchMessage:102 
W/ContextImpl( 2913): Calling a method in the system process without a qualified user: android.app.ContextImpl.sendBroadcast:1327 com.android.server.wm.WindowManagerService.showStatusbarBroadcast:12104 com.android.server.wm.WindowManagerService$H.onCheckingStatusBar:7757 com.android.server.wm.WindowManagerService$H.handleMessage:8281 android.os.Handler.dispatchMessage:102 
W/ContextImpl( 2913): Calling a method in the system process without a qualified user: android.app.ContextImpl.sendBroadcast:1327 com.android.server.wm.WindowManagerService.showStatusbarBroadcast:12104 com.android.server.wm.WindowManagerService$H.onCheckingStatusBar:7757 com.android.server.wm.WindowManagerService$H.handleMessage:8281 android.os.Handler.dispatchMessage:102 
W/ContextImpl( 2913): Calling a method in the system process without a qualified user: android.app.ContextImpl.sendBroadcast:1327 com.android.server.wm.WindowManagerService.showStatusbarBroadcast:12104 com.android.server.wm.WindowManagerService$H.onCheckingStatusBar:7757 com.android.server.wm.WindowManagerService$H.handleMessage:8281 android.os.Handler.dispatchMessage:102 
I/bluetoothd( 4734): Bluetooth daemon 5.36
I/bluetoothd( 4734): Starting SDP server
I/bluetoothd( 4734): Bluetooth management interface 1.14 initialized
I/bluetoothd( 4734): Kernel connection control will be used
W/ContextImpl( 2913): Calling a method in the system process without a qualified user: android.app.ContextImpl.sendBroadcast:1327 com.android.server.wm.WindowManagerService.showStatusbarBroadcast:12104 com.android.server.wm.WindowManagerService$H.onCheckingStatusBar:7757 com.android.server.wm.WindowManagerService$H.handleMessage:8281 android.os.Handler.dispatchMessage:102 
W/ContextImpl( 2913): Calling a method in the system process without a qualified user: android.app.ContextImpl.sendBroadcast:1327 com.android.server.wm.WindowManagerService.showStatusbarBroadcast:12104 com.android.server.wm.WindowManagerService$H.onCheckingStatusBar:7757 com.android.server.wm.WindowManagerService$H.handleMessage:8281 android.os.Handler.dispatchMessage:102 
W/ContextImpl( 2913): Calling a method in the system process without a qualified user: android.app.ContextImpl.sendBroadcast:1327 com.android.server.wm.WindowManagerService.showStatusbarBroadcast:12104 com.android.server.wm.WindowManagerService$H.onCheckingStatusBar:7757 com.android.server.wm.WindowManagerService$H.handleMessage:8281 android.os.Handler.dispatchMessage:102 
W/ContextImpl( 2913): Calling a method in the system process without a qualified user: android.app.ContextImpl.sendBroadcast:1327 com.android.server.wm.WindowManagerService.showStatusbarBroadcast:12104 com.android.server.wm.WindowManagerService$H.onCheckingStatusBar:7757 com.android.server.wm.WindowManagerService$H.handleMessage:8281 android.os.Handler.dispatchMessage:102 
W/ContextImpl( 2913): Calling a method in the system process without a qualified user: android.app.ContextImpl.sendBroadcast:1327 com.android.server.wm.WindowManagerService.showStatusbarBroadcast:12104 com.android.server.wm.WindowManagerService$H.onCheckingStatusBar:7757 com.android.server.wm.WindowManagerService$H.handleMessage:8281 android.os.Handler.dispatchMessage:102 
W/ContextImpl( 2913): Calling a method in the system process without a qualified user: android.app.ContextImpl.sendBroadcast:1327 com.android.server.wm.WindowManagerService.showStatusbarBroadcast:12104 com.android.server.wm.WindowManagerService$H.onCheckingStatusBar:7757 com.android.server.wm.WindowManagerService$H.handleMessage:8281 android.os.Handler.dispatchMessage:102 
W/ContextImpl( 2913): Calling a method in the system process without a qualified user: android.app.ContextImpl.sendBroadcast:1327 com.android.server.wm.WindowManagerService.showStatusbarBroadcast:12104 com.android.server.wm.WindowManagerService$H.onCheckingStatusBar:7757 com.android.server.wm.WindowManagerService$H.handleMessage:8281 android.os.Handler.dispatchMessage:102 
W/ContextImpl( 2913): Calling a method in the system process without a qualified user: android.app.ContextImpl.sendBroadcast:1327 com.android.server.wm.WindowManagerService.showStatusbarBroadcast:12104 com.android.server.wm.WindowManagerService$H.onCheckingStatusBar:7757 com.android.server.wm.WindowManagerService$H.handleMessage:8281 android.os.Handler.dispatchMessage:102 
W/ContextImpl( 2913): Calling a method in the system process without a qualified user: android.app.ContextImpl.sendBroadcast:1327 com.android.server.wm.WindowManagerService.showStatusbarBroadcast:12104 com.android.server.wm.WindowManagerService$H.onCheckingStatusBar:7757 com.android.server.wm.WindowManagerService$H.handleMessage:8281 android.os.Handler.dispatchMessage:102 
I/ActivityManager( 2913): Start proc 4753:org.openthos.seafile/u0a18 for broadcast org.openthos.seafile/.BootCompleteReceiver
I/ActivityManager( 2913): Start proc 4776:com.android.managedprovisioning/u0a13 for broadcast com.android.managedprovisioning/.BootReminder
V/WindowManager( 2913): ++++xiej, 04-13,7:26, getOrientationFromAppTokensLocked
I/BootReceiver( 2913): Copying audit failures to DropBox
I/BootReceiver( 2913): Checking for fsck errors
W/ContextImpl( 2913): Calling a method in the system process without a qualified user: android.app.ContextImpl.sendBroadcast:1327 com.android.server.wm.WindowManagerService.showStatusbarBroadcast:12104 com.android.server.wm.WindowManagerService$1.onReceive:331 android.app.LoadedApk$ReceiverDispatcher$Args.run:866 android.os.Handler.handleCallback:739 
I/ActivityManager( 2913): Start proc 4812:org.openthos.filemanager/u0a64 for broadcast org.openthos.filemanager/.system.BootCompleteReceiver
W/ActivityManager( 2913): Launch timeout has expired, giving up wake lock!
W/ContextImpl( 2913): Calling a method in the system process without a qualified user: android.app.ContextImpl.sendBroadcast:1327 com.android.server.wm.WindowManagerService.showStatusbarBroadcast:12104 com.android.server.wm.WindowManagerService$1.onReceive:331 android.app.LoadedApk$ReceiverDispatcher$Args.run:866 android.os.Handler.handleCallback:739 
W/ContextImpl( 2913): Calling a method in the system process without a qualified user: android.app.ContextImpl.sendBroadcast:1327 com.android.server.wm.WindowManagerService.showStatusbarBroadcast:12104 com.android.server.wm.WindowManagerService$1.onReceive:331 android.app.LoadedApk$ReceiverDispatcher$Args.run:866 android.os.Handler.handleCallback:739 
V/WindowManager( 2913): ++++xiej, 04-13,7:26, getOrientationFromAppTokensLocked
W/InputMethodManagerService( 2913): Window already focused, ignoring focus gain of: com.android.internal.view.IInputMethodClient$Stub$Proxy@23cfc53a attribute=null, token = android.os.BinderProxy@36f7bd68
V/WindowManager( 2913): ++++xiej, 04-13,7:26, getOrientationFromAppTokensLocked
W/ContextImpl( 2913): Calling a method in the system process without a qualified user: android.app.ContextImpl.sendBroadcast:1327 com.android.server.wm.WindowManagerService.showStatusbarBroadcast:12104 com.android.server.wm.WindowManagerService$1.onReceive:331 android.app.LoadedApk$ReceiverDispatcher$Args.run:866 android.os.Handler.handleCallback:739 
I/ValidateNoPeople( 2913): skipping global notification
W/ContextImpl( 2913): Calling a method in the system process without a qualified user: android.app.ContextImpl.sendBroadcast:1327 com.android.server.wm.WindowManagerService.showStatusbarBroadcast:12104 com.android.server.wm.WindowManagerService$1.onReceive:331 android.app.LoadedApk$ReceiverDispatcher$Args.run:866 android.os.Handler.handleCallback:739 
V/WindowManager( 2913): ++++xiej, 04-13,7:26, getOrientationFromAppTokensLocked
W/InputMethodManagerService( 2913): Window already focused, ignoring focus gain of: com.android.internal.view.IInputMethodClient$Stub$Proxy@d1ee5c7 attribute=null, token = android.os.BinderProxy@36f7bd68
W/ContextImpl( 2913): Calling a method in the system process without a qualified user: android.app.ContextImpl.sendBroadcast:1327 com.android.server.wm.WindowManagerService.showStatusbarBroadcast:12104 com.android.server.wm.WindowManagerService$H.onCheckingStatusBar:7757 com.android.server.wm.WindowManagerService$H.handleMessage:8281 android.os.Handler.dispatchMessage:102 
W/ContextImpl( 2913): Calling a method in the system process without a qualified user: android.app.ContextImpl.sendBroadcast:1327 com.android.server.wm.WindowManagerService.showStatusbarBroadcast:12104 com.android.server.wm.WindowManagerService$H.onCheckingStatusBar:7757 com.android.server.wm.WindowManagerService$H.handleMessage:8281 android.os.Handler.dispatchMessage:102 
W/ContextImpl( 2913): Calling a method in the system process without a qualified user: android.app.ContextImpl.sendBroadcast:1327 com.android.server.wm.WindowManagerService.showStatusbarBroadcast:12104 com.android.server.wm.WindowManagerService$H.onCheckingStatusBar:7757 com.android.server.wm.WindowManagerService$H.handleMessage:8281 android.os.Handler.dispatchMessage:102 
W/ContextImpl( 2913): Calling a method in the system process without a qualified user: android.app.ContextImpl.sendBroadcast:1327 com.android.server.wm.WindowManagerService.showStatusbarBroadcast:12104 com.android.server.wm.WindowManagerService$H.onCheckingStatusBar:7757 com.android.server.wm.WindowManagerService$H.handleMessage:8281 android.os.Handler.dispatchMessage:102 
W/ContextImpl( 2913): Calling a method in the system process without a qualified user: android.app.ContextImpl.sendBroadcast:1327 com.android.server.wm.WindowManagerService.showStatusbarBroadcast:12104 com.android.server.wm.WindowManagerService$H.onCheckingStatusBar:7757 com.android.server.wm.WindowManagerService$H.handleMessage:8281 android.os.Handler.dispatchMessage:102 
W/ContextImpl( 2913): Calling a method in the system process without a qualified user: android.app.ContextImpl.sendBroadcast:1327 com.android.server.wm.WindowManagerService.showStatusbarBroadcast:12104 com.android.server.wm.WindowManagerService$H.onCheckingStatusBar:7757 com.android.server.wm.WindowManagerService$H.handleMessage:8281 android.os.Handler.dispatchMessage:102 
W/ContextImpl( 2913): Calling a method in the system process without a qualified user: android.app.ContextImpl.sendBroadcast:1327 com.android.server.wm.WindowManagerService.showStatusbarBroadcast:12104 com.android.server.wm.WindowManagerService$H.onCheckingStatusBar:7757 com.android.server.wm.WindowManagerService$H.handleMessage:8281 android.os.Handler.dispatchMessage:102 
W/ContextImpl( 2913): Calling a method in the system process without a qualified user: android.app.ContextImpl.sendBroadcast:1327 com.android.server.wm.WindowManagerService.showStatusbarBroadcast:12104 com.android.server.wm.WindowManagerService$H.onCheckingStatusBar:7757 com.android.server.wm.WindowManagerService$H.handleMessage:8281 android.os.Handler.dispatchMessage:102 
W/ContextImpl( 2913): Calling a method in the system process without a qualified user: android.app.ContextImpl.sendBroadcast:1327 com.android.server.wm.WindowManagerService.showStatusbarBroadcast:12104 com.android.server.wm.WindowManagerService$H.onCheckingStatusBar:7757 com.android.server.wm.WindowManagerService$H.handleMessage:8281 android.os.Handler.dispatchMessage:102 
W/ContextImpl( 2913): Calling a method in the system process without a qualified user: android.app.ContextImpl.sendBroadcast:1327 com.android.server.wm.WindowManagerService.showStatusbarBroadcast:12104 com.android.server.wm.WindowManagerService$H.onCheckingStatusBar:7757 com.android.server.wm.WindowManagerService$H.handleMessage:8281 android.os.Handler.dispatchMessage:102 
W/ContextImpl( 2913): Calling a method in the system process without a qualified user: android.app.ContextImpl.sendBroadcast:1327 com.android.server.wm.WindowManagerService.showStatusbarBroadcast:12104 com.android.server.wm.WindowManagerService$H.onCheckingStatusBar:7757 com.android.server.wm.WindowManagerService$H.handleMessage:8281 android.os.Handler.dispatchMessage:102 
W/ContextImpl( 2913): Calling a method in the system process without a qualified user: android.app.ContextImpl.sendBroadcast:1327 com.android.server.wm.WindowManagerService.showStatusbarBroadcast:12104 com.android.server.wm.WindowManagerService$H.onCheckingStatusBar:7757 com.android.server.wm.WindowManagerService$H.handleMessage:8281 android.os.Handler.dispatchMessage:102 
W/ContextImpl( 2913): Calling a method in the system process without a qualified user: android.app.ContextImpl.sendBroadcast:1327 com.android.server.wm.WindowManagerService.showStatusbarBroadcast:12104 com.android.server.wm.WindowManagerService$H.onCheckingStatusBar:7757 com.android.server.wm.WindowManagerService$H.handleMessage:8281 android.os.Handler.dispatchMessage:102 
V/WindowManager( 2913): ++++xiej, 04-13,7:26, getOrientationFromAppTokensLocked
V/WindowManager( 2913): ++++xiej, 04-13,7:26, getOrientationFromAppTokensLocked
W/InputMethodManagerService( 2913): Starting input on non-focused client com.android.internal.view.IInputMethodClient$Stub$Proxy@2e1a1763 (uid=10067 pid=3922)
V/WindowManager( 2913): ++++xiej, 04-13,7:26, getOrientationFromAppTokensLocked
V/WindowManager( 2913): ++++xiej, 04-13,7:26, getOrientationFromAppTokensLocked
V/WindowManager( 2913): ++++xiej, 04-13,7:26, getOrientationFromAppTokensLocked
W/InputMethodManagerService( 2913): Starting input on non-focused client com.android.internal.view.IInputMethodClient$Stub$Proxy@2e1a1763 (uid=10067 pid=3922)
I/bluetoothd( 4734): Stopping SDP server
I/bluetoothd( 4734): Exit
I/ActivityManager( 2913): START u0 {act=android.settings.SETTINGS flg=0x10008000 cmp=com.android.settings/.Settings} from uid 10015 on display 0
W/ContextImpl( 2913): Calling a method in the system process without a qualified user: android.app.ContextImpl.sendBroadcast:1327 com.android.server.wm.WindowManagerService.showStatusbarBroadcast:12104 com.android.server.am.ActivityStackSupervisor.adjustStackFocus:1672 com.android.server.am.ActivityStackSupervisor.startActivityUncheckedLocked:2402 com.android.server.am.ActivityStackSupervisor.startActivityLocked:1585 
W/ContextImpl( 2913): Calling a method in the system process without a qualified user: android.app.ContextImpl.sendBroadcast:1327 com.android.server.wm.WindowManagerService.hideStatusbarBroadcast:12094 com.android.server.am.ActivityStackSupervisor.mayAutoHideStatusBar:1884 com.android.server.am.ActivityStackSupervisor.adjustStatusBar:1891 com.android.server.am.ActivityStackSupervisor.setFocusedStack:1861 
W/ContextImpl( 2913): Calling a method in the system process without a qualified user: android.app.ContextImpl.sendBroadcast:1327 com.android.server.wm.WindowManagerService.hideStatusbarBroadcast:12094 com.android.server.am.ActivityStackSupervisor.mayAutoHideStatusBar:1884 com.android.server.am.ActivityStackSupervisor.moveHomeStack:455 com.android.server.am.ActivityStack.moveToFront:493 
W/ContextImpl( 2913): Calling a method in the system process without a qualified user: android.app.ContextImpl.sendBroadcast:1327 com.android.server.wm.WindowManagerService.hideStatusbarBroadcast:12094 com.android.server.am.ActivityStackSupervisor.mayAutoHideStatusBar:1884 com.android.server.am.ActivityStackSupervisor.adjustStatusBar:1891 com.android.server.am.ActivityStackSupervisor.setFocusedStack:1861 
V/WindowManager( 2913): addAppToken: AppWindowToken{36510fdb token=Token{2343f0ea ActivityRecord{298680d5 u0 com.android.settings/.Settings t33}}} to stack=3 task=33 at 0
V/WindowManager( 2913): ++++xiej, 04-13,7:26, getOrientationFromAppTokensLocked
W/ContextImpl( 2913): Calling a method in the system process without a qualified user: android.app.ContextImpl.sendBroadcast:1327 com.android.server.wm.WindowManagerService.hideStatusbarBroadcast:12094 com.android.server.am.ActivityStackSupervisor.mayAutoHideStatusBar:1884 com.android.server.am.ActivityStackSupervisor.adjustStatusBar:1891 com.android.server.am.ActivityStackSupervisor.setFocusedStack:1861 
V/WindowManager( 2913): ++++xiej, 04-13,7:26, getOrientationFromAppTokensLocked
V/WindowManager( 2913): ++++xiej, 04-13,7:26, getOrientationFromAppTokensLocked
V/WindowManager( 2913): Adding window Window{2cbe7466 u0 Starting com.android.settings} at 2 of 5 (after Window{9a18581 u0 com.android.launcher3/org.openthos.launcher.activity.MainActivity})
V/WindowManager( 2913): ++++xiej, 04-13,7:26, getOrientationFromAppTokensLocked
V/WindowManager( 2913): ++++xiej, 04-13,7:26, getOrientationFromAppTokensLocked
V/WindowManager( 2913): ++++xiej, 04-13,7:26, getOrientationFromAppTokensLocked
V/WindowManager( 2913): ++++xiej, 04-13,7:26, getOrientationFromAppTokensLocked
V/WindowManager( 2913): Adding window Window{3361f497 u0 com.android.settings/com.android.settings.Settings} at 2 of 6 (before Window{2cbe7466 u0 Starting com.android.settings})
W/ActivityManager( 2913): getRunningAppProcesses: caller 10066 does not hold REAL_GET_TASKS; limiting output
I/ActivityManager( 2913): Waited long enough for: ServiceRecord{e62d15b u0 com.google.android.gms/.gcm.GcmService}
V/WindowManager( 2913): ++++xiej, 04-13,7:26, getOrientationFromAppTokensLocked
W/ContextImpl( 2913): Calling a method in the system process without a qualified user: android.app.ContextImpl.sendBroadcast:1327 com.android.server.am.ActivityManagerService.setFocusedStack:2506 com.android.server.wm.WindowManagerService$H.handleMessage:8274 android.os.Handler.dispatchMessage:102 android.os.Looper.loop:135 
I/ActivityManager( 2913): =============== gchen_tag: stackId: 3 in moveTaskToFrontLocked: moveTaskToFront
W/ContextImpl( 2913): Calling a method in the system process without a qualified user: android.app.ContextImpl.sendBroadcast:1327 com.android.server.wm.WindowManagerService.hideStatusbarBroadcast:12094 com.android.server.am.ActivityStackSupervisor.mayAutoHideStatusBar:1884 com.android.server.am.ActivityStackSupervisor.adjustStatusBar:1891 com.android.server.am.ActivityStackSupervisor.setFocusedStack:1861 
W/ContextImpl( 2913): Calling a method in the system process without a qualified user: android.app.ContextImpl.sendBroadcast:1327 com.android.server.wm.WindowManagerService.hideStatusbarBroadcast:12094 com.android.server.am.ActivityStackSupervisor.mayAutoHideStatusBar:1884 com.android.server.am.ActivityStackSupervisor.moveHomeStack:455 com.android.server.am.ActivityStack.moveToFront:493 
V/WindowManager( 2913): ++++xiej, 04-13,7:26, getOrientationFromAppTokensLocked
I/ActivityManager( 2913): Delay finish: com.google.android.gms/.tron.AlarmReceiver
I/ActivityManager( 2913): Resuming delayed broadcast
W/ContextImpl( 2913): Calling a method in the system process without a qualified user: android.app.ContextImpl.sendBroadcast:1327 com.android.server.am.ActivityManagerService.setFocusedStack:2506 com.android.server.wm.WindowManagerService$H.handleMessage:8274 android.os.Handler.dispatchMessage:102 android.os.Looper.loop:135 
I/ActivityManager( 2913): =============== gchen_tag: stackId: 3 in moveTaskToFrontLocked: moveTaskToFront
W/ContextImpl( 2913): Calling a method in the system process without a qualified user: android.app.ContextImpl.sendBroadcast:1327 com.android.server.wm.WindowManagerService.hideStatusbarBroadcast:12094 com.android.server.am.ActivityStackSupervisor.mayAutoHideStatusBar:1884 com.android.server.am.ActivityStackSupervisor.adjustStatusBar:1891 com.android.server.am.ActivityStackSupervisor.setFocusedStack:1861 
W/ContextImpl( 2913): Calling a method in the system process without a qualified user: android.app.ContextImpl.sendBroadcast:1327 com.android.server.wm.WindowManagerService.hideStatusbarBroadcast:12094 com.android.server.am.ActivityStackSupervisor.mayAutoHideStatusBar:1884 com.android.server.am.ActivityStackSupervisor.moveHomeStack:455 com.android.server.am.ActivityStack.moveToFront:493 
V/WindowManager( 2913): ++++xiej, 04-13,7:26, getOrientationFromAppTokensLocked
D/TaskPersister( 2913): removeObsoleteFile: deleting file=30_task.xml
D/TaskPersister( 2913): removeObsoleteFile: deleting file=30_task_thumbnail.png
I/ActivityManager( 2913): START u0 {act=android.intent.action.MAIN cmp=com.android.settings/.SubSettings (has extras)} from uid 1000 on display 0
W/ContextImpl( 2913): Calling a method in the system process without a qualified user: android.app.ContextImpl.sendBroadcast:1327 com.android.server.wm.WindowManagerService.hideStatusbarBroadcast:12094 com.android.server.am.ActivityStackSupervisor.mayAutoHideStatusBar:1884 com.android.server.am.ActivityStackSupervisor.moveHomeStack:455 com.android.server.am.ActivityStack.moveToFront:493 
W/ContextImpl( 2913): Calling a method in the system process without a qualified user: android.app.ContextImpl.sendBroadcast:1327 com.android.server.wm.WindowManagerService.hideStatusbarBroadcast:12094 com.android.server.am.ActivityStackSupervisor.mayAutoHideStatusBar:1884 com.android.server.am.ActivityStackSupervisor.adjustStatusBar:1891 com.android.server.am.ActivityStackSupervisor.setFocusedStack:1861 
V/WindowManager( 2913): addAppToken: AppWindowToken{286d4305 token=Token{10b5ae7c ActivityRecord{3aed516f u0 com.android.settings/.SubSettings t33}}} to stack=3 task=33 at 1
W/ContextImpl( 2913): Calling a method in the system process without a qualified user: android.app.ContextImpl.sendBroadcast:1327 com.android.server.wm.WindowManagerService.hideStatusbarBroadcast:12094 com.android.server.am.ActivityStackSupervisor.mayAutoHideStatusBar:1884 com.android.server.am.ActivityStackSupervisor.adjustStatusBar:1891 com.android.server.am.ActivityStackSupervisor.setFocusedStack:1861 
V/WindowManager( 2913): ++++xiej, 04-13,7:26, getOrientationFromAppTokensLocked
D/WifiService( 2913): New client listening to asynchronous messages
E/ActivityThread( 4200): Failed to find provider info for com.google.android.wearable.settings
I/ActivityManager( 2913): Start proc 5094:com.android.vending/u0a23 for broadcast com.android.vending/com.google.android.finsky.receivers.BootCompletedReceiver
I/ActivityManager( 2913): Start proc 5128:com.google.android.gms.unstable/u0a12 for service com.google.android.gms/.droidguard.DroidGuardService
W/ResourcesManager( 5128): Asset path '/system/framework/com.android.media.remotedisplay.jar' does not exist or contains no resources.
W/ResourcesManager( 5128): Asset path '/system/framework/com.android.location.provider.jar' does not exist or contains no resources.
I/ActivityManager( 2913): Start proc 5177:com.android.providers.calendar/u0a5 for broadcast com.android.providers.calendar/.CalendarReceiver
W/ResourcesManager( 5177): Asset path '/system/framework/android.test.runner.jar' does not exist or contains no resources.
V/WindowManager( 2913): Adding window Window{18b972ba u0 com.android.settings/com.android.settings.SubSettings} at 3 of 6 (after Window{3361f497 u0 com.android.settings/com.android.settings.Settings})
V/WindowManager( 2913): ++++xiej, 04-13,7:26, getOrientationFromAppTokensLocked
I/ActivityManager( 2913): Start proc 5225:com.android.inputmethod.latin/u0a49 for broadcast com.android.inputmethod.latin/.SystemBroadcastReceiver
I/ActivityManager( 2913): Process com.android.inputmethod.latin (pid 5225) has died
I/ActivityManager( 2913): Start proc 5245:com.android.deskclock/u0a54 for broadcast com.android.deskclock/.AlarmInitReceiver
V/WindowManager( 2913): ++++xiej, 04-13,7:26, getOrientationFromAppTokensLocked
I/ActivityManager( 2913): Start proc 5266:org.openthos.privacyman/u0a29 for broadcast org.openthos.privacyman/.BootReceiver
I/ActivityManager( 2913): Start proc 5297:org.mozilla.fennec_openthos/u0a26 for broadcast org.mozilla.fennec_openthos/org.mozilla.mozstumbler.service.mainthread.SystemReceiver
I/ActivityManager( 2913): Delay finish: org.mozilla.fennec_openthos/org.mozilla.mozstumbler.service.mainthread.SystemReceiver
I/ActivityManager( 2913): Resuming delayed broadcast
I/ActivityManager( 2913): Start proc 5318:com.android.calendar/u0a56 for broadcast com.android.calendar/.alerts.AlertReceiver
I/ActivityManager( 2913): Start proc 5344:org.videolan.vlc/u0a46 for broadcast org.videolan.vlc/.BootupReceiver
E/Vold    ( 2601): Failed to find mounted volume for /storage/usb0/Android/data/org.videolan.vlc/cache/
E/Vold    ( 2601): Failed to find mounted volume for /storage/usb1/Android/data/org.videolan.vlc/cache/
E/Vold    ( 2601): Failed to find mounted volume for /storage/usb2/Android/data/org.videolan.vlc/cache/
E/Vold    ( 2601): Failed to find mounted volume for /storage/usb3/Android/data/org.videolan.vlc/cache/
E/Vold    ( 2601): Failed to find mounted volume for /storage/sdcard1/Android/data/org.videolan.vlc/cache/
E/Vold    ( 2601): Failed to find mounted volume for /storage/usb0/Android/data/org.videolan.vlc/cache/
E/Vold    ( 2601): Failed to find mounted volume for /storage/usb1/Android/data/org.videolan.vlc/cache/
E/Vold    ( 2601): Failed to find mounted volume for /storage/usb2/Android/data/org.videolan.vlc/cache/
E/Vold    ( 2601): Failed to find mounted volume for /storage/usb3/Android/data/org.videolan.vlc/cache/
E/Vold    ( 2601): Failed to find mounted volume for /storage/sdcard1/Android/data/org.videolan.vlc/cache/
I/ActivityManager( 2913): Start proc 5365:com.android.email/u0a33 for broadcast com.android.email/.service.EmailBroadcastReceiver
I/ActivityManager( 2913): Start proc 5384:com.android.exchange/u0a48 for service com.android.exchange/.service.EasService
D/ActivityThread( 5365): Loading provider com.android.email.provider;com.android.email.notifier: com.android.email.provider.EmailProvider
D/ActivityThread( 5365): Loading provider com.android.email.provider;com.android.email.notifier: com.android.email.provider.EmailProvider
D/ActivityThread( 5365): Loading provider com.android.email.provider;com.android.email.notifier: com.android.email.provider.EmailProvider
D/ActivityThread( 5365): Loading provider com.android.email.provider;com.android.email.notifier: com.android.email.provider.EmailProvider
I/ActivityManager( 2913): Start proc 5412:com.google.android.inputmethod.pinyin/u0a40 for broadcast com.google.android.inputmethod.pinyin/com.google.android.apps.inputmethod.libs.framework.core.LauncherIconVisibilityInitializer
W/ActivityManager( 2913): Unable to start service Intent { cmp=com.android.email/.service.AttachmentService } U=0: not found
W/ActivityManager( 2913): Unable to start service Intent { cmp=com.android.email/.service.AttachmentService } U=0: not found
W/ActivityManager( 2913): Unable to start service Intent { cmp=com.android.email/.service.AttachmentService } U=0: not found
W/ActivityManager( 2913): Unable to start service Intent { cmp=com.android.email/.service.AttachmentService } U=0: not found
W/ActivityManager( 2913): Unable to start service Intent { cmp=com.android.email/.service.AttachmentService } U=0: not found
E/ActivityThread( 5365): Service com.android.email.service.EmailBroadcastProcessorService has leaked ServiceConnection com.android.emailcommon.service.ServiceProxy$ProxyConnection@2a1b9533 that was originally bound here
E/ActivityThread( 5365): android.app.ServiceConnectionLeaked: Service com.android.email.service.EmailBroadcastProcessorService has leaked ServiceConnection com.android.emailcommon.service.ServiceProxy$ProxyConnection@2a1b9533 that was originally bound here
E/ActivityThread( 5365): 	at android.app.LoadedApk$ServiceDispatcher.<init>(LoadedApk.java:1077)
E/ActivityThread( 5365): 	at android.app.LoadedApk.getServiceDispatcher(LoadedApk.java:971)
E/ActivityThread( 5365): 	at android.app.ContextImpl.bindServiceCommon(ContextImpl.java:1774)
E/ActivityThread( 5365): 	at android.app.ContextImpl.bindService(ContextImpl.java:1757)
E/ActivityThread( 5365): 	at android.content.ContextWrapper.bindService(ContextWrapper.java:539)
E/ActivityThread( 5365): 	at com.android.emailcommon.service.ServiceProxy.setTask(ServiceProxy.java:181)
E/ActivityThread( 5365): 	at com.android.emailcommon.service.ServiceProxy.test(ServiceProxy.java:224)
E/ActivityThread( 5365): 	at com.android.email.service.EmailServiceUtils.isServiceAvailable(EmailServiceUtils.java:160)
E/ActivityThread( 5365): 	at com.android.email.provider.AccountReconciler.reconcileAccountsInternal(AccountReconciler.java:171)
E/ActivityThread( 5365): 	at com.android.email.provider.AccountReconciler.reconcileAccounts(AccountReconciler.java:115)
E/ActivityThread( 5365): 	at com.android.email.service.EmailBroadcastProcessorService.reconcileAndStartServices(EmailBroadcastProcessorService.java:305)
E/ActivityThread( 5365): 	at com.android.email.service.EmailBroadcastProcessorService.onBootCompleted(EmailBroadcastProcessorService.java:295)
E/ActivityThread( 5365): 	at com.android.email.service.EmailBroadcastProcessorService.onHandleIntent(EmailBroadcastProcessorService.java:130)
E/ActivityThread( 5365): 	at android.app.IntentService$ServiceHandler.handleMessage(IntentService.java:65)
E/ActivityThread( 5365): 	at android.os.Handler.dispatchMessage(Handler.java:102)
E/ActivityThread( 5365): 	at android.os.Looper.loop(Looper.java:135)
E/ActivityThread( 5365): 	at android.os.HandlerThread.run(HandlerThread.java:61)
W/ActivityManager( 2913): Unable to start service Intent { cmp=com.android.email/.service.AttachmentService } U=0: not found
I/ActivityManager( 2913): Killing 4030:android.process.acore/u0a11 (adj 15): empty #17
I/ActivityManager( 2913): Killing 3943:com.android.printspooler/u0a32 (adj 15): empty #17
W/ActivityManager( 2913): getRunningAppProcesses: caller 10040 does not hold REAL_GET_TASKS; limiting output
I/ActivityManager( 2913): Killing 3674:com.tencent.mm/u0a66 (adj 15): empty #17
D/WifiService( 2913): Client connection lost with reason: 4
I/ActivityManager( 2913): Start proc 5461:com.tencent.mm:exdevice/u0a66 for broadcast com.tencent.mm/.booter.MMReceivers$ExdeviceProcessReceiver
I/ActivityManager( 2913): Start proc 5479:android.process.acore/u0a11 for content provider com.android.providers.contacts/.ContactsProvider2
W/ActivityManager( 2913): getRunningAppProcesses: caller 10066 does not hold REAL_GET_TASKS; limiting output
W/ActivityManager( 2913): getRunningAppProcesses: caller 10066 does not hold REAL_GET_TASKS; limiting output
E/ActivityThread( 5461): Failed to find provider info for com.tencent.mm.coolassist.debugprovider
I/ActivityManager( 2913): Killing 4457:cn.wps.moffice_eng/u0a62 (adj 15): empty #17
W/ActivityManager( 2913): getRunningAppProcesses: caller 10066 does not hold REAL_GET_TASKS; limiting output
E/Vold    ( 2601): Failed to find mounted volume for /storage/usb0/Android/data/com.tencent.mm/cache/
E/Vold    ( 2601): Failed to find mounted volume for /storage/usb1/Android/data/com.tencent.mm/cache/
E/Vold    ( 2601): Failed to find mounted volume for /storage/usb2/Android/data/com.tencent.mm/cache/
E/Vold    ( 2601): Failed to find mounted volume for /storage/usb3/Android/data/com.tencent.mm/cache/
E/Vold    ( 2601): Failed to find mounted volume for /storage/sdcard1/Android/data/com.tencent.mm/cache/
I/ActivityManager( 2913): Killing 4498:com.google.android.partnersetup/u0a6 (adj 15): empty #17
I/ActivityManager( 2913): Start proc 5529:com.microsoft.office.powerpoint/u0a59 for broadcast com.microsoft.office.powerpoint/com.microsoft.office.notification.SystemBroadcastReceiver
W/ActivityManager( 2913): getRunningAppProcesses: caller 10059 does not hold REAL_GET_TASKS; limiting output
E/Vold    ( 2601): Failed to find mounted volume for /storage/usb0/Android/data/com.microsoft.office.powerpoint/cache/
E/Vold    ( 2601): Failed to find mounted volume for /storage/usb1/Android/data/com.microsoft.office.powerpoint/cache/
W/ActivityManager( 2913): getRunningAppProcesses: caller 10059 does not hold REAL_GET_TASKS; limiting output
E/Vold    ( 2601): Failed to find mounted volume for /storage/usb2/Android/data/com.microsoft.office.powerpoint/cache/
E/Vold    ( 2601): Failed to find mounted volume for /storage/usb3/Android/data/com.microsoft.office.powerpoint/cache/
E/Vold    ( 2601): Failed to find mounted volume for /storage/sdcard1/Android/data/com.microsoft.office.powerpoint/cache/
I/ActivityManager( 2913): Start proc 5556:com.microsoft.office.word/u0a59 for broadcast com.microsoft.office.word/com.microsoft.office.notification.SystemBroadcastReceiver
I/ActivityManager( 2913): Killing 4693:com.android.onetimeinitializer/u0a14 (adj 15): empty #17
I/ActivityManager( 2913): Waited long enough for: ServiceRecord{cf83931 u0 cn.wps.moffice_eng/cn.wps.moffice.main.pushunion.PushInitService}
W/ActivityManager( 2913): getRunningAppProcesses: caller 10059 does not hold REAL_GET_TASKS; limiting output
E/Vold    ( 2601): Failed to find mounted volume for /storage/usb0/Android/data/com.microsoft.office.word/cache/
E/Vold    ( 2601): Failed to find mounted volume for /storage/usb1/Android/data/com.microsoft.office.word/cache/
W/ActivityManager( 2913): getRunningAppProcesses: caller 10059 does not hold REAL_GET_TASKS; limiting output
E/Vold    ( 2601): Failed to find mounted volume for /storage/usb2/Android/data/com.microsoft.office.word/cache/
E/Vold    ( 2601): Failed to find mounted volume for /storage/usb3/Android/data/com.microsoft.office.word/cache/
E/Vold    ( 2601): Failed to find mounted volume for /storage/sdcard1/Android/data/com.microsoft.office.word/cache/
I/ActivityManager( 2913): Start proc 5585:com.microsoft.office.BootBroadCastReceiver/u0a59 for broadcast com.microsoft.office.word/com.microsoft.office.preinstallservice.BootBroadCastReceiver
I/ActivityManager( 2913): Killing 4776:com.android.managedprovisioning/u0a13 (adj 15): empty #17
W/ActivityManager( 2913): getRunningAppProcesses: caller 10059 does not hold REAL_GET_TASKS; limiting output
W/ActivityManager( 2913): getRunningAppProcesses: caller 10059 does not hold REAL_GET_TASKS; limiting output
I/ActivityManager( 2913): Start proc 5610:com.microsoft.office.outlook/u0a58 for broadcast com.microsoft.office.outlook/.receiver.OutlookBootReceiver
I/ActivityManager( 2913): Killing 4654:com.android.keychain/1000 (adj 15): empty #17
E/ActivityThread( 5610): Failed to find provider info for com.google.android.gms.phenotype
W/ActivityManager( 2913): getRunningAppProcesses: caller 10058 does not hold REAL_GET_TASKS; limiting output
E/Vold    ( 2601): Failed to find mounted volume for /storage/usb0/Android/data/com.microsoft.office.outlook/cache/
E/Vold    ( 2601): Failed to find mounted volume for /storage/usb1/Android/data/com.microsoft.office.outlook/cache/
E/Vold    ( 2601): Failed to find mounted volume for /storage/usb2/Android/data/com.microsoft.office.outlook/cache/
E/Vold    ( 2601): Failed to find mounted volume for /storage/usb3/Android/data/com.microsoft.office.outlook/cache/
E/Vold    ( 2601): Failed to find mounted volume for /storage/sdcard1/Android/data/com.microsoft.office.outlook/cache/
W/ResourcesManager( 5610): Asset path '/system/framework/com.android.media.remotedisplay.jar' does not exist or contains no resources.
W/ResourcesManager( 5610): Asset path '/system/framework/com.android.location.provider.jar' does not exist or contains no resources.
W/ResourcesManager( 5610): Asset path '/system/framework/com.android.media.remotedisplay.jar' does not exist or contains no resources.
W/ResourcesManager( 5610): Asset path '/system/framework/com.android.location.provider.jar' does not exist or contains no resources.
E/Vold    ( 2601): Failed to find mounted volume for /storage/usb0/Android/data/com.microsoft.office.outlook/cache/
E/Vold    ( 2601): Failed to find mounted volume for /storage/usb1/Android/data/com.microsoft.office.outlook/cache/
E/Vold    ( 2601): Failed to find mounted volume for /storage/usb2/Android/data/com.microsoft.office.outlook/cache/
E/Vold    ( 2601): Failed to find mounted volume for /storage/usb3/Android/data/com.microsoft.office.outlook/cache/
E/Vold    ( 2601): Failed to find mounted volume for /storage/sdcard1/Android/data/com.microsoft.office.outlook/cache/
W/BroadcastQueue( 2913): Permission Denial: receiving Intent { act=android.intent.action.BOOT_COMPLETED flg=0x8000010 (has extras) } to cn.wps.moffice_eng/com.igexin.sdk.PushReceiver requires android.permission.RECEIVE_BOOT_COMPLETED due to sender null (uid 1000)
I/ActivityManager( 2913): Start proc 5721:com.microsoft.office.excel/u0a59 for broadcast com.microsoft.office.excel/com.microsoft.office.notification.SystemBroadcastReceiver
E/ActivityThread( 5610): Failed to find provider info for com.facebook.katana.provider.AttributionIdProvider
W/ResourcesManager( 5610): Asset path '/system/framework/com.android.media.remotedisplay.jar' does not exist or contains no resources.
W/ResourcesManager( 5610): Asset path '/system/framework/com.android.location.provider.jar' does not exist or contains no resources.
W/ResourcesManager( 5610): Asset path '/system/framework/com.android.media.remotedisplay.jar' does not exist or contains no resources.
W/ResourcesManager( 5610): Asset path '/system/framework/com.android.location.provider.jar' does not exist or contains no resources.
W/ActivityManager( 2913): getRunningAppProcesses: caller 10059 does not hold REAL_GET_TASKS; limiting output
E/Vold    ( 2601): Failed to find mounted volume for /storage/usb0/Android/data/com.microsoft.office.excel/cache/
E/Vold    ( 2601): Failed to find mounted volume for /storage/usb1/Android/data/com.microsoft.office.excel/cache/
E/Vold    ( 2601): Failed to find mounted volume for /storage/usb2/Android/data/com.microsoft.office.excel/cache/
E/Vold    ( 2601): Failed to find mounted volume for /storage/usb3/Android/data/com.microsoft.office.excel/cache/
W/ActivityManager( 2913): getRunningAppProcesses: caller 10059 does not hold REAL_GET_TASKS; limiting output
E/Vold    ( 2601): Failed to find mounted volume for /storage/sdcard1/Android/data/com.microsoft.office.excel/cache/
I/ActivityManager( 2913): Start proc 5765:com.microsoft.office.onenote.libraryExtractionService/u0a59 for broadcast com.microsoft.office.onenote/com.microsoft.office.BackgroundTaskHost.SystemBroadcastReceiver
I/ActivityManager( 2913): Killing 4812:org.openthos.filemanager/u0a64 (adj 15): empty #17
W/ActivityManager( 2913): getRunningAppProcesses: caller 10059 does not hold REAL_GET_TASKS; limiting output
W/ActivityManager( 2913): getRunningAppProcesses: caller 10059 does not hold REAL_GET_TASKS; limiting output
W/ActivityManager( 2913): getRunningAppProcesses: caller 10059 does not hold REAL_GET_TASKS; limiting output
W/ActivityManager( 2913): getRunningAppProcesses: caller 10059 does not hold REAL_GET_TASKS; limiting output
W/ActivityManager( 2913): getRunningAppProcesses: caller 10059 does not hold REAL_GET_TASKS; limiting output
W/ActivityManager( 2913): getRunningAppProcesses: caller 10059 does not hold REAL_GET_TASKS; limiting output
W/ActivityManager( 2913): getRunningAppProcesses: caller 10059 does not hold REAL_GET_TASKS; limiting output
W/ActivityManager( 2913): getRunningAppProcesses: caller 10059 does not hold REAL_GET_TASKS; limiting output
W/ActivityThread( 5765): ClassLoader.loadClass: The class loader returned by Thread.getContextClassLoader() may fail for processes that host multiple applications. You should explicitly specify a context class loader. For example: Thread.setContextClassLoader(getClass().getClassLoader());
