E/Vold    ( 2601): Failed to find mounted volume for /storage/usb0/Android/data/com.microsoft.office.onenote/cache/
E/Vold    ( 2601): Failed to find mounted volume for /storage/usb1/Android/data/com.microsoft.office.onenote/cache/
E/Vold    ( 2601): Failed to find mounted volume for /storage/usb2/Android/data/com.microsoft.office.onenote/cache/
E/Vold    ( 2601): Failed to find mounted volume for /storage/usb3/Android/data/com.microsoft.office.onenote/cache/
E/Vold    ( 2601): Failed to find mounted volume for /storage/sdcard1/Android/data/com.microsoft.office.onenote/cache/
I/ActivityManager( 2913): Start proc 5796:com.microsoft.office.onenote.notificationSetupService/u0a59 for broadcast com.microsoft.office.onenote/.ui.clipper.BootReceiver
I/ActivityManager( 2913): Killing 4239:com.google.android.gms.wearable/u0a12 (adj 15): empty #17
W/ActivityManager( 2913): getRunningAppProcesses: caller 10059 does not hold REAL_GET_TASKS; limiting output
W/ActivityManager( 2913): getRunningAppProcesses: caller 10059 does not hold REAL_GET_TASKS; limiting output
W/ActivityManager( 2913): getRunningAppProcesses: caller 10059 does not hold REAL_GET_TASKS; limiting output
W/ActivityManager( 2913): getRunningAppProcesses: caller 10059 does not hold REAL_GET_TASKS; limiting output
W/ActivityManager( 2913): getRunningAppProcesses: caller 10059 does not hold REAL_GET_TASKS; limiting output
W/ActivityManager( 2913): getRunningAppProcesses: caller 10059 does not hold REAL_GET_TASKS; limiting output
W/ActivityManager( 2913): getRunningAppProcesses: caller 10059 does not hold REAL_GET_TASKS; limiting output
W/ActivityManager( 2913): getRunningAppProcesses: caller 10059 does not hold REAL_GET_TASKS; limiting output
W/ActivityManager( 2913): getRunningAppProcesses: caller 10059 does not hold REAL_GET_TASKS; limiting output
E/Vold    ( 2601): Failed to find mounted volume for /storage/usb0/Android/data/com.microsoft.office.onenote/cache/
E/Vold    ( 2601): Failed to find mounted volume for /storage/usb1/Android/data/com.microsoft.office.onenote/cache/
E/Vold    ( 2601): Failed to find mounted volume for /storage/usb2/Android/data/com.microsoft.office.onenote/cache/
E/Vold    ( 2601): Failed to find mounted volume for /storage/usb3/Android/data/com.microsoft.office.onenote/cache/
E/Vold    ( 2601): Failed to find mounted volume for /storage/sdcard1/Android/data/com.microsoft.office.onenote/cache/
W/ActivityManager( 2913): getRunningAppProcesses: caller 10059 does not hold REAL_GET_TASKS; limiting output
I/ActivityManager( 2913): Process com.microsoft.office.onenote.notificationSetupService (pid 5796) has died
I/ActivityManager( 2913): Start proc 5822:cn.wps.moffice_eng/u0a62 for broadcast cn.wps.moffice_eng/cn.wps.moffice.service.receivers.MonitorServiceReceiver
W/ActivityManager( 2913): getRunningAppProcesses: caller 10062 does not hold REAL_GET_TASKS; limiting output
E/Vold    ( 2601): Failed to find mounted volume for /storage/usb0/Android/data/cn.wps.moffice_eng/cache/
E/Vold    ( 2601): Failed to find mounted volume for /storage/usb1/Android/data/cn.wps.moffice_eng/cache/
E/Vold    ( 2601): Failed to find mounted volume for /storage/usb2/Android/data/cn.wps.moffice_eng/cache/
E/Vold    ( 2601): Failed to find mounted volume for /storage/usb3/Android/data/cn.wps.moffice_eng/cache/
E/Vold    ( 2601): Failed to find mounted volume for /storage/sdcard1/Android/data/cn.wps.moffice_eng/cache/
E/Vold    ( 2601): Failed to find mounted volume for /storage/usb0/Android/data/cn.wps.moffice_eng/cache/
E/Vold    ( 2601): Failed to find mounted volume for /storage/usb1/Android/data/cn.wps.moffice_eng/cache/
E/Vold    ( 2601): Failed to find mounted volume for /storage/usb2/Android/data/cn.wps.moffice_eng/cache/
E/Vold    ( 2601): Failed to find mounted volume for /storage/usb3/Android/data/cn.wps.moffice_eng/cache/
E/Vold    ( 2601): Failed to find mounted volume for /storage/sdcard1/Android/data/cn.wps.moffice_eng/cache/
I/ActivityManager( 2913): Killing 5094:com.android.vending/u0a23 (adj 15): empty #17
I/ActivityManager( 2913): Delay finish: com.google.android.gms/.gcm.ServiceAutoStarter
I/ActivityManager( 2913): Process cn.wps.moffice_eng:pushservice (pid 4572) has died
W/ActivityManager( 2913): Scheduling restart of crashed service cn.wps.moffice_eng/cn.wps.moffice.service.MOfficeSyncService in 1000ms
W/ActivityManager( 2913): Scheduling restart of crashed service cn.wps.moffice_eng/cn.wps.moffice.main.pushunion.PushInitService in 11000ms
I/ActivityManager( 2913): Resuming delayed broadcast
I/ActivityManager( 2913): Delay finish: com.google.android.gms/.auth.be.account.AccountStatusChecker$InitializeReceiver
I/ActivityManager( 2913): Resuming delayed broadcast
I/ActivityManager( 2913): Start proc 5870:com.google.android.gms.wearable/u0a12 for service com.google.android.gms/.wearable.service.WearableService
I/ActivityManager( 2913): Delay finish: com.google.android.gms/.init.InitializeGmsReceiver
I/ActivityManager( 2913): Resuming delayed broadcast
W/ResourcesManager( 5870): Asset path '/system/framework/com.android.media.remotedisplay.jar' does not exist or contains no resources.
W/ResourcesManager( 5870): Asset path '/system/framework/com.android.location.provider.jar' does not exist or contains no resources.
W/ContextImpl( 2913): Calling a method in the system process without a qualified user: android.app.ContextImpl.sendBroadcast:1327 com.android.server.am.ActivityManagerService.setFocusedStack:2506 com.android.server.wm.WindowManagerService$H.handleMessage:8274 android.os.Handler.dispatchMessage:102 android.os.Looper.loop:135 
I/ActivityManager( 2913): =============== gchen_tag: stackId: 3 in moveTaskToFrontLocked: moveTaskToFront
W/ContextImpl( 2913): Calling a method in the system process without a qualified user: android.app.ContextImpl.sendBroadcast:1327 com.android.server.wm.WindowManagerService.hideStatusbarBroadcast:12094 com.android.server.am.ActivityStackSupervisor.mayAutoHideStatusBar:1884 com.android.server.am.ActivityStackSupervisor.adjustStatusBar:1891 com.android.server.am.ActivityStackSupervisor.setFocusedStack:1861 
W/ContextImpl( 2913): Calling a method in the system process without a qualified user: android.app.ContextImpl.sendBroadcast:1327 com.android.server.wm.WindowManagerService.hideStatusbarBroadcast:12094 com.android.server.am.ActivityStackSupervisor.mayAutoHideStatusBar:1884 com.android.server.am.ActivityStackSupervisor.moveHomeStack:455 com.android.server.am.ActivityStack.moveToFront:493 
V/WindowManager( 2913): ++++xiej, 04-13,7:26, getOrientationFromAppTokensLocked
I/ActivityManager( 2913): Start proc 5910:com.tencent.mm/u0a66 for broadcast com.tencent.mm/.plugin.base.stub.WXEntryActivity$EntryReceiver
I/ActivityManager( 2913): Waited long enough for: ServiceRecord{3c6cdcfc u0 org.openthos.seafile/.SeafileService}
I/ActivityManager( 2913): START u0 {act=android.intent.action.MAIN cat=[android.intent.category.LAUNCHER] cmp=org.openthos.ota/.MainActivity} from uid 1000 on display 0
W/ContextImpl( 2913): Calling a method in the system process without a qualified user: android.app.ContextImpl.sendBroadcast:1327 com.android.server.wm.WindowManagerService.hideStatusbarBroadcast:12094 com.android.server.am.ActivityStackSupervisor.mayAutoHideStatusBar:1884 com.android.server.am.ActivityStackSupervisor.moveHomeStack:455 com.android.server.am.ActivityStack.moveToFront:493 
W/ContextImpl( 2913): Calling a method in the system process without a qualified user: android.app.ContextImpl.sendBroadcast:1327 com.android.server.wm.WindowManagerService.hideStatusbarBroadcast:12094 com.android.server.am.ActivityStackSupervisor.mayAutoHideStatusBar:1884 com.android.server.am.ActivityStackSupervisor.adjustStatusBar:1891 com.android.server.am.ActivityStackSupervisor.setFocusedStack:1861 
V/WindowManager( 2913): addAppToken: AppWindowToken{1f9ce181 token=Token{1c970968 ActivityRecord{25d8d48b u0 org.openthos.ota/.MainActivity t33}}} to stack=3 task=33 at 2
W/ContextImpl( 2913): Calling a method in the system process without a qualified user: android.app.ContextImpl.sendBroadcast:1327 com.android.server.wm.WindowManagerService.hideStatusbarBroadcast:12094 com.android.server.am.ActivityStackSupervisor.mayAutoHideStatusBar:1884 com.android.server.am.ActivityStackSupervisor.adjustStatusBar:1891 com.android.server.am.ActivityStackSupervisor.setFocusedStack:1861 
V/WindowManager( 2913): ++++xiej, 04-13,7:26, getOrientationFromAppTokensLocked
W/ActivityManager( 2913): getRunningAppProcesses: caller 10066 does not hold REAL_GET_TASKS; limiting output
W/ActivityManager( 2913): getRunningAppProcesses: caller 10066 does not hold REAL_GET_TASKS; limiting output
W/ActivityManager( 2913): getTasks: caller 10000 does not hold REAL_GET_TASKS; limiting output
E/ActivityThread( 5910): Failed to find provider info for com.tencent.mm.coolassist.debugprovider
V/WindowManager( 2913): Adding window Window{32999ab2 u0 org.openthos.ota/org.openthos.ota.MainActivity} at 4 of 7 (after Window{18b972ba u0 com.android.settings/com.android.settings.SubSettings})
V/WindowManager( 2913): ++++xiej, 04-13,7:26, getOrientationFromAppTokensLocked
E/ActivityThread( 5910): Failed to find provider info for com.google.android.gms.phenotype
V/WindowManager( 2913): ++++xiej, 04-13,7:26, getOrientationFromAppTokensLocked
E/Vold    ( 2601): Failed to find mounted volume for /storage/usb0/Android/data/com.tencent.mm/cache/
E/Vold    ( 2601): Failed to find mounted volume for /storage/usb1/Android/data/com.tencent.mm/cache/
E/Vold    ( 2601): Failed to find mounted volume for /storage/usb2/Android/data/com.tencent.mm/cache/
E/Vold    ( 2601): Failed to find mounted volume for /storage/usb3/Android/data/com.tencent.mm/cache/
E/Vold    ( 2601): Failed to find mounted volume for /storage/sdcard1/Android/data/com.tencent.mm/cache/
I/ActivityManager( 2913): Start proc 6020:cn.wps.moffice_eng:pushservice/u0a62 for service cn.wps.moffice_eng/cn.wps.moffice.service.MOfficeSyncService
W/ActivityManager( 2913): getTasks: caller 10066 does not hold REAL_GET_TASKS; limiting output
W/ActivityManager( 2913): getRunningAppProcesses: caller 10062 does not hold REAL_GET_TASKS; limiting output
E/Vold    ( 2601): Failed to find mounted volume for /storage/usb0/Android/data/cn.wps.moffice_eng/cache/
E/Vold    ( 2601): Failed to find mounted volume for /storage/usb1/Android/data/cn.wps.moffice_eng/cache/
E/Vold    ( 2601): Failed to find mounted volume for /storage/usb2/Android/data/cn.wps.moffice_eng/cache/
E/Vold    ( 2601): Failed to find mounted volume for /storage/usb3/Android/data/cn.wps.moffice_eng/cache/
E/Vold    ( 2601): Failed to find mounted volume for /storage/sdcard1/Android/data/cn.wps.moffice_eng/cache/
E/Vold    ( 2601): Failed to find mounted volume for /storage/usb0/Android/data/cn.wps.moffice_eng/cache/
E/Vold    ( 2601): Failed to find mounted volume for /storage/usb1/Android/data/cn.wps.moffice_eng/cache/
E/Vold    ( 2601): Failed to find mounted volume for /storage/usb2/Android/data/cn.wps.moffice_eng/cache/
E/Vold    ( 2601): Failed to find mounted volume for /storage/usb3/Android/data/cn.wps.moffice_eng/cache/
E/Vold    ( 2601): Failed to find mounted volume for /storage/sdcard1/Android/data/cn.wps.moffice_eng/cache/
W/ActivityManager( 2913): getRunningAppProcesses: caller 10066 does not hold REAL_GET_TASKS; limiting output
W/ActivityManager( 2913): getTasks: caller 10066 does not hold REAL_GET_TASKS; limiting output
W/ContextImpl( 2913): Calling a method in the system process without a qualified user: android.app.ContextImpl.sendBroadcast:1327 com.android.server.am.ActivityManagerService.setFocusedStack:2506 android.app.ActivityManagerNative.onTransact:803 com.android.server.am.ActivityManagerService.onTransact:2309 android.os.Binder.execTransact:446 
I/ActivityManager( 2913): =============== gchen_tag: stackId: 3 in moveTaskToFrontLocked: moveTaskToFront
W/ContextImpl( 2913): Calling a method in the system process without a qualified user: android.app.ContextImpl.sendBroadcast:1327 com.android.server.wm.WindowManagerService.hideStatusbarBroadcast:12094 com.android.server.am.ActivityStackSupervisor.mayAutoHideStatusBar:1884 com.android.server.am.ActivityStackSupervisor.adjustStatusBar:1891 com.android.server.am.ActivityStackSupervisor.setFocusedStack:1861 
W/ContextImpl( 2913): Calling a method in the system process without a qualified user: android.app.ContextImpl.sendBroadcast:1327 com.android.server.wm.WindowManagerService.hideStatusbarBroadcast:12094 com.android.server.am.ActivityStackSupervisor.mayAutoHideStatusBar:1884 com.android.server.am.ActivityStackSupervisor.moveHomeStack:455 com.android.server.am.ActivityStack.moveToFront:493 
V/WindowManager( 2913): ++++xiej, 04-13,7:26, getOrientationFromAppTokensLocked
W/ActivityManager( 2913): getRunningAppProcesses: caller 10066 does not hold REAL_GET_TASKS; limiting output
I/ActivityManager( 2913): Killing 5177:com.android.providers.calendar/u0a5 (adj 15): empty #17
I/ActivityManager( 2913): Process cn.wps.moffice_eng:pushservice (pid 6020) has died
W/ActivityManager( 2913): Scheduling restart of crashed service cn.wps.moffice_eng/cn.wps.moffice.service.MOfficeSyncService in 4000ms
W/ActivityManager( 2913): Scheduling restart of crashed service cn.wps.moffice_eng/cn.wps.moffice.main.pushunion.PushInitService in 44000ms
I/ActivityManager( 2913): Killing 5297:org.mozilla.fennec_openthos/u0a26 (adj 15): empty #17
W/ContextImpl( 2913): Calling a method in the system process without a qualified user: android.app.ContextImpl.sendBroadcast:1327 com.android.server.am.ActivityManagerService.setFocusedStack:2506 android.app.ActivityManagerNative.onTransact:803 com.android.server.am.ActivityManagerService.onTransact:2309 android.os.Binder.execTransact:446 
I/ActivityManager( 2913): =============== gchen_tag: stackId: 3 in moveTaskToFrontLocked: moveTaskToFront
W/ContextImpl( 2913): Calling a method in the system process without a qualified user: android.app.ContextImpl.sendBroadcast:1327 com.android.server.wm.WindowManagerService.hideStatusbarBroadcast:12094 com.android.server.am.ActivityStackSupervisor.mayAutoHideStatusBar:1884 com.android.server.am.ActivityStackSupervisor.adjustStatusBar:1891 com.android.server.am.ActivityStackSupervisor.setFocusedStack:1861 
W/ContextImpl( 2913): Calling a method in the system process without a qualified user: android.app.ContextImpl.sendBroadcast:1327 com.android.server.wm.WindowManagerService.hideStatusbarBroadcast:12094 com.android.server.am.ActivityStackSupervisor.mayAutoHideStatusBar:1884 com.android.server.am.ActivityStackSupervisor.moveHomeStack:455 com.android.server.am.ActivityStack.moveToFront:493 
V/WindowManager( 2913): ++++xiej, 04-13,7:26, getOrientationFromAppTokensLocked
D/WifiService( 2913): New client listening to asynchronous messages
W/ActivityManager( 2913): getRunningAppProcesses: caller 10066 does not hold REAL_GET_TASKS; limiting output
E/ActivityThread( 5910): Failed to find provider info for com.huawei.android.launcher.settings
E/ActivityThread( 5910): Failed to find provider info for com.android.badge
E/ActivityThread( 5910): Failed to find provider info for com.android.badge
W/ActivityManager( 2913): getRunningAppProcesses: caller 10066 does not hold REAL_GET_TASKS; limiting output
W/ActivityManager( 2913): Unable to start service Intent { act=com.tencent.soter.soterserver.ISoterService pkg=com.tencent.soter.soterserver } U=0: not found
W/ActivityThread( 4714): ClassLoader.loadClass: The class loader returned by Thread.getContextClassLoader() may fail for processes that host multiple applications. You should explicitly specify a context class loader. For example: Thread.setContextClassLoader(getClass().getClassLoader());
I/ActivityManager( 2913): Start proc 6210:com.android.providers.calendar/u0a5 for content provider com.android.providers.calendar/.CalendarProvider2
W/ResourcesManager( 6210): Asset path '/system/framework/android.test.runner.jar' does not exist or contains no resources.
I/ActivityManager( 2913): Delay finish: com.android.providers.calendar/.CalendarProviderBroadcastReceiver
D/BackupManagerService( 2913): Received broadcast Intent { act=android.intent.action.PACKAGE_CHANGED dat=package:com.google.android.gms flg=0x4000010 (has extras) }
W/BackupManagerService( 2913): Proposed transport ComponentInfo{com.google.android.gms/com.google.android.gms.backup.BackupTransportService} not whitelisted; ignoring
I/ActivityManager( 2913): Resuming delayed broadcast
W/ActivityManager( 2913): getRunningAppProcesses: caller 10066 does not hold REAL_GET_TASKS; limiting output
W/ActivityManager( 2913): getRunningAppProcesses: caller 10066 does not hold REAL_GET_TASKS; limiting output
W/ActivityManager( 2913): getRunningAppProcesses: caller 10066 does not hold REAL_GET_TASKS; limiting output
I/ActivityManager( 2913): Start proc 6247:com.android.vending/u0a23 for broadcast com.android.vending/com.google.android.finsky.receivers.PackageMonitorReceiver$RegisteredReceiver
W/ActivityManager( 2913): getRunningAppProcesses: caller 10066 does not hold REAL_GET_TASKS; limiting output
W/ActivityManager( 2913): getRunningAppProcesses: caller 10066 does not hold REAL_GET_TASKS; limiting output
W/ActivityManager( 2913): getRunningAppProcesses: caller 10066 does not hold REAL_GET_TASKS; limiting output
W/ActivityManager( 2913): getRunningAppProcesses: caller 10066 does not hold REAL_GET_TASKS; limiting output
W/ActivityManager( 2913): getRunningAppProcesses: caller 10066 does not hold REAL_GET_TASKS; limiting output
I/ActivityManager( 2913): Delay finish: com.microsoft.office.powerpoint/com.microsoft.android.crosssell.PackageStateReceiver
I/ActivityManager( 2913): Resuming delayed broadcast
I/ActivityManager( 2913): Start proc 6299:de.robv.android.xposed.installer/u0a65 for broadcast de.robv.android.xposed.installer/.receivers.PackageChangeReceiver
E/Vold    ( 2601): Failed to find mounted volume for /storage/usb0/Android/data/de.robv.android.xposed.installer/cache/
E/Vold    ( 2601): Failed to find mounted volume for /storage/usb1/Android/data/de.robv.android.xposed.installer/cache/
E/Vold    ( 2601): Failed to find mounted volume for /storage/usb2/Android/data/de.robv.android.xposed.installer/cache/
E/Vold    ( 2601): Failed to find mounted volume for /storage/usb3/Android/data/de.robv.android.xposed.installer/cache/
E/Vold    ( 2601): Failed to find mounted volume for /storage/sdcard1/Android/data/de.robv.android.xposed.installer/cache/
W/ActivityManager( 2913): getRunningAppProcesses: caller 10066 does not hold REAL_GET_TASKS; limiting output
I/ActivityManager( 2913): Killing 5344:org.videolan.vlc/u0a46 (adj 15): empty #17
I/ActivityManager( 2913): Killing 5412:com.google.android.inputmethod.pinyin/u0a40 (adj 15): empty #17
I/ActivityManager( 2913): Start proc 6333:cn.wps.moffice_eng:pushservice/u0a62 for service cn.wps.moffice_eng/cn.wps.moffice.service.MOfficeSyncService
W/ActivityManager( 2913): getRunningAppProcesses: caller 10062 does not hold REAL_GET_TASKS; limiting output
E/Vold    ( 2601): Failed to find mounted volume for /storage/usb0/Android/data/cn.wps.moffice_eng/cache/
E/Vold    ( 2601): Failed to find mounted volume for /storage/usb1/Android/data/cn.wps.moffice_eng/cache/
E/Vold    ( 2601): Failed to find mounted volume for /storage/usb2/Android/data/cn.wps.moffice_eng/cache/
E/Vold    ( 2601): Failed to find mounted volume for /storage/usb3/Android/data/cn.wps.moffice_eng/cache/
E/Vold    ( 2601): Failed to find mounted volume for /storage/sdcard1/Android/data/cn.wps.moffice_eng/cache/
E/Vold    ( 2601): Failed to find mounted volume for /storage/usb0/Android/data/cn.wps.moffice_eng/cache/
E/Vold    ( 2601): Failed to find mounted volume for /storage/usb1/Android/data/cn.wps.moffice_eng/cache/
E/Vold    ( 2601): Failed to find mounted volume for /storage/usb2/Android/data/cn.wps.moffice_eng/cache/
E/Vold    ( 2601): Failed to find mounted volume for /storage/usb3/Android/data/cn.wps.moffice_eng/cache/
E/Vold    ( 2601): Failed to find mounted volume for /storage/sdcard1/Android/data/cn.wps.moffice_eng/cache/
W/ContextImpl( 2913): Calling a method in the system process without a qualified user: android.app.ContextImpl.sendBroadcast:1327 com.android.server.am.ActivityManagerService.setFocusedStack:2506 com.android.server.wm.WindowManagerService$H.handleMessage:8274 android.os.Handler.dispatchMessage:102 android.os.Looper.loop:135 
I/ActivityManager( 2913): =============== gchen_tag: stackId: 3 in moveTaskToFrontLocked: moveTaskToFront
W/ContextImpl( 2913): Calling a method in the system process without a qualified user: android.app.ContextImpl.sendBroadcast:1327 com.android.server.wm.WindowManagerService.hideStatusbarBroadcast:12094 com.android.server.am.ActivityStackSupervisor.mayAutoHideStatusBar:1884 com.android.server.am.ActivityStackSupervisor.adjustStatusBar:1891 com.android.server.am.ActivityStackSupervisor.setFocusedStack:1861 
W/ContextImpl( 2913): Calling a method in the system process without a qualified user: android.app.ContextImpl.sendBroadcast:1327 com.android.server.wm.WindowManagerService.hideStatusbarBroadcast:12094 com.android.server.am.ActivityStackSupervisor.mayAutoHideStatusBar:1884 com.android.server.am.ActivityStackSupervisor.moveHomeStack:455 com.android.server.am.ActivityStack.moveToFront:493 
V/WindowManager( 2913): ++++xiej, 04-13,7:26, getOrientationFromAppTokensLocked
W/ContextImpl( 2913): Calling a method in the system process without a qualified user: android.app.ContextImpl.sendBroadcast:1327 com.android.server.wm.WindowManagerService.hideStatusbarBroadcast:12094 com.android.server.am.ActivityStackSupervisor.mayAutoHideStatusBar:1884 com.android.server.am.ActivityStackSupervisor.adjustStatusBar:1891 com.android.server.am.ActivityStackSupervisor.setFocusedStack:1861 
V/WindowManager( 2913): ++++xiej, 04-13,7:26, getOrientationFromAppTokensLocked
V/WindowManager( 2913): ++++xiej, 04-13,7:26, getOrientationFromAppTokensLocked
V/WindowManager( 2913): ++++xiej, 04-13,7:26, getOrientationFromAppTokensLocked
I/ActivityManager( 2913): Waited long enough for: ServiceRecord{8c356f0 u0 com.google.android.gms/.checkin.CheckinService}
I/ActivityManager( 2913): Waited long enough for: ServiceRecord{28df8f u0 com.google.android.gms/.config.ConfigFetchService}
I/ActivityManager( 2913): Killing 5384:com.android.exchange/u0a48 (adj 15): empty #17
I/ActivityManager( 2913): Process com.android.bluetooth (pid 4632) has died
W/ActivityManager( 2913): Scheduling restart of crashed service com.android.bluetooth/.gatt.GattService in 1000ms
W/ActivityManager( 2913): Scheduling restart of crashed service com.android.bluetooth/.hdp.HealthService in 1000ms
W/ActivityManager( 2913): Scheduling restart of crashed service com.android.bluetooth/.hfp.HeadsetService in 1000ms
W/ActivityManager( 2913): Scheduling restart of crashed service com.android.bluetooth/.hid.HidService in 1000ms
W/ActivityManager( 2913): Scheduling restart of crashed service com.android.bluetooth/.pan.PanService in 1000ms
W/ActivityManager( 2913): Scheduling restart of crashed service com.android.bluetooth/.a2dp.A2dpService in 1000ms
W/ActivityManager( 2913): Scheduling restart of crashed service com.android.bluetooth/.map.BluetoothMapService in 1000ms
I/ActivityManager( 2913): Start proc 6401:com.tencent.mm:tools/u0a66 for broadcast com.tencent.mm/.booter.MMReceivers$ToolsProcessReceiver
W/ActivityManager( 2913): getRunningAppProcesses: caller 10066 does not hold REAL_GET_TASKS; limiting output
W/ActivityManager( 2913): getRunningAppProcesses: caller 10066 does not hold REAL_GET_TASKS; limiting output
E/ActivityThread( 6401): Failed to find provider info for com.tencent.mm.coolassist.debugprovider
E/Vold    ( 2601): Failed to find mounted volume for /storage/usb0/Android/data/com.tencent.mm/cache/
E/Vold    ( 2601): Failed to find mounted volume for /storage/usb1/Android/data/com.tencent.mm/cache/
E/Vold    ( 2601): Failed to find mounted volume for /storage/usb2/Android/data/com.tencent.mm/cache/
E/Vold    ( 2601): Failed to find mounted volume for /storage/usb3/Android/data/com.tencent.mm/cache/
E/Vold    ( 2601): Failed to find mounted volume for /storage/sdcard1/Android/data/com.tencent.mm/cache/
E/Vold    ( 2601): Failed to find mounted volume for /storage/usb0/Android/data/com.tencent.mm/files/tbslog/
E/Vold    ( 2601): Failed to find mounted volume for /storage/usb1/Android/data/com.tencent.mm/files/tbslog/
E/Vold    ( 2601): Failed to find mounted volume for /storage/usb2/Android/data/com.tencent.mm/files/tbslog/
E/Vold    ( 2601): Failed to find mounted volume for /storage/usb3/Android/data/com.tencent.mm/files/tbslog/
E/Vold    ( 2601): Failed to find mounted volume for /storage/sdcard1/Android/data/com.tencent.mm/files/tbslog/
W/ActivityManager( 2913): getRunningAppProcesses: caller 10066 does not hold REAL_GET_TASKS; limiting output
I/ActivityManager( 2913): Start proc 6462:com.tencent.mm:sandbox/u0a66 for service com.tencent.mm/.service.ProcessService$SandBoxProcessService
W/ActivityManager( 2913): getRunningAppProcesses: caller 10066 does not hold REAL_GET_TASKS; limiting output
W/ActivityManager( 2913): getRunningAppProcesses: caller 10066 does not hold REAL_GET_TASKS; limiting output
E/ActivityThread( 6462): Failed to find provider info for com.tencent.mm.coolassist.debugprovider
E/Vold    ( 2601): Failed to find mounted volume for /storage/usb0/Android/data/com.tencent.mm/cache/
E/Vold    ( 2601): Failed to find mounted volume for /storage/usb1/Android/data/com.tencent.mm/cache/
E/Vold    ( 2601): Failed to find mounted volume for /storage/usb2/Android/data/com.tencent.mm/cache/
E/Vold    ( 2601): Failed to find mounted volume for /storage/usb3/Android/data/com.tencent.mm/cache/
E/Vold    ( 2601): Failed to find mounted volume for /storage/sdcard1/Android/data/com.tencent.mm/cache/
W/ActivityManager( 2913): getRunningAppProcesses: caller 10066 does not hold REAL_GET_TASKS; limiting output
E/Vold    ( 2601): Failed to find mounted volume for /storage/usb0/Android/data/com.tencent.mm/files/
E/Vold    ( 2601): Failed to find mounted volume for /storage/usb1/Android/data/com.tencent.mm/files/
E/Vold    ( 2601): Failed to find mounted volume for /storage/usb2/Android/data/com.tencent.mm/files/
E/Vold    ( 2601): Failed to find mounted volume for /storage/usb3/Android/data/com.tencent.mm/files/
E/Vold    ( 2601): Failed to find mounted volume for /storage/sdcard1/Android/data/com.tencent.mm/files/
E/Vold    ( 2601): Failed to find mounted volume for /storage/usb0/Android/data/com.tencent.mm/files/
E/Vold    ( 2601): Failed to find mounted volume for /storage/usb1/Android/data/com.tencent.mm/files/
E/Vold    ( 2601): Failed to find mounted volume for /storage/usb2/Android/data/com.tencent.mm/files/
E/Vold    ( 2601): Failed to find mounted volume for /storage/usb3/Android/data/com.tencent.mm/files/
E/Vold    ( 2601): Failed to find mounted volume for /storage/sdcard1/Android/data/com.tencent.mm/files/
I/ActivityManager( 2913): Killing 5585:com.microsoft.office.BootBroadCastReceiver/u0a59 (adj 15): empty #17
I/ActivityManager( 2913): Killing 5461:com.tencent.mm:exdevice/u0a66 (adj 15): empty #18
E/Vold    ( 2601): Failed to find mounted volume for /storage/usb0/Android/data/com.tencent.mm/files/tbslog/
E/Vold    ( 2601): Failed to find mounted volume for /storage/usb1/Android/data/com.tencent.mm/files/tbslog/
E/Vold    ( 2601): Failed to find mounted volume for /storage/usb2/Android/data/com.tencent.mm/files/tbslog/
E/Vold    ( 2601): Failed to find mounted volume for /storage/usb3/Android/data/com.tencent.mm/files/tbslog/
E/Vold    ( 2601): Failed to find mounted volume for /storage/sdcard1/Android/data/com.tencent.mm/files/tbslog/
I/ActivityManager( 2913): Waited long enough for: ServiceRecord{1b289fbe u0 org.openthos.privacyman/.LocationService}
I/ActivityManager( 2913): Waited long enough for: ServiceRecord{1352ec17 u0 com.android.calendar/.alerts.InitAlarmsService}
W/ActivityManager( 2913): getRunningAppProcesses: caller 10066 does not hold REAL_GET_TASKS; limiting output
W/ContextImpl( 2913): Calling a method in the system process without a qualified user: android.app.ContextImpl.sendBroadcast:1327 com.android.server.am.ActivityManagerService.setFocusedStack:2506 com.android.server.wm.WindowManagerService$H.handleMessage:8274 android.os.Handler.dispatchMessage:102 android.os.Looper.loop:135 
I/ActivityManager( 2913): =============== gchen_tag: stackId: 3 in moveTaskToFrontLocked: moveTaskToFront
W/ContextImpl( 2913): Calling a method in the system process without a qualified user: android.app.ContextImpl.sendBroadcast:1327 com.android.server.wm.WindowManagerService.hideStatusbarBroadcast:12094 com.android.server.am.ActivityStackSupervisor.mayAutoHideStatusBar:1884 com.android.server.am.ActivityStackSupervisor.adjustStatusBar:1891 com.android.server.am.ActivityStackSupervisor.setFocusedStack:1861 
W/ContextImpl( 2913): Calling a method in the system process without a qualified user: android.app.ContextImpl.sendBroadcast:1327 com.android.server.wm.WindowManagerService.hideStatusbarBroadcast:12094 com.android.server.am.ActivityStackSupervisor.mayAutoHideStatusBar:1884 com.android.server.am.ActivityStackSupervisor.moveHomeStack:455 com.android.server.am.ActivityStack.moveToFront:493 
V/WindowManager( 2913): ++++xiej, 04-13,7:26, getOrientationFromAppTokensLocked
E/WindowState( 2913): getStack: Window{3361f497 u0 com.android.settings/com.android.settings.Settings} couldn't find taskId=33 Callers=com.android.server.wm.WindowState.getDisplayContent:866 com.android.server.wm.WindowState.getWindowList:1474 com.android.server.wm.WindowManagerService.removeWindowInnerLocked:2858 com.android.server.wm.WindowManagerService.removeWindowLocked:2759 
E/WindowState( 2913): getStack: Window{1900ac77 u0 com.android.systemui.ImageWallpaper} couldn't find taskId=33 Callers=com.android.server.wm.WindowManagerService.assignLayersLocked:8931 com.android.server.wm.WindowManagerService.removeWindowInnerLocked:2862 com.android.server.wm.WindowManagerService.removeWindowLocked:2759 com.android.server.wm.WindowManagerService.removeWindow:2681 
E/WindowState( 2913): getStack: Window{18b972ba u0 com.android.settings/com.android.settings.SubSettings} couldn't find taskId=33 Callers=com.android.server.wm.WindowManagerService.assignLayersLocked:8931 com.android.server.wm.WindowManagerService.removeWindowInnerLocked:2862 com.android.server.wm.WindowManagerService.removeWindowLocked:2759 com.android.server.wm.WindowManagerService.removeWindow:2681 
E/WindowState( 2913): getStack: Window{229af418 u0 KeyguardScrim} couldn't find taskId=33 Callers=com.android.server.wm.WindowManagerService.assignLayersLocked:8931 com.android.server.wm.WindowManagerService.removeWindowInnerLocked:2862 com.android.server.wm.WindowManagerService.removeWindowLocked:2759 com.android.server.wm.WindowManagerService.removeWindow:2681 
E/WindowState( 2913): getStack: Window{1e62a231 u0 StatusBar} couldn't find taskId=33 Callers=com.android.server.wm.WindowManagerService.assignLayersLocked:8931 com.android.server.wm.WindowManagerService.removeWindowInnerLocked:2862 com.android.server.wm.WindowManagerService.removeWindowLocked:2759 com.android.server.wm.WindowManagerService.removeWindow:2681 
E/WindowState( 2913): getStack: Window{10ba0025 u0 Heads Up} couldn't find taskId=33 Callers=com.android.server.wm.WindowManagerService.assignLayersLocked:8931 com.android.server.wm.WindowManagerService.removeWindowInnerLocked:2862 com.android.server.wm.WindowManagerService.removeWindowLocked:2759 com.android.server.wm.WindowManagerService.removeWindow:2681 
E/WindowState( 2913): getStack: Window{3361f497 u0 com.android.settings/com.android.settings.Settings} couldn't find taskId=33 Callers=com.android.server.wm.WindowState.getDisplayContent:866 com.android.server.wm.WindowManagerService.removeWindowInnerLocked:2863 com.android.server.wm.WindowManagerService.removeWindowLocked:2759 com.android.server.wm.WindowManagerService.removeWindow:2681 
E/WindowState( 2913): getStack: Window{18b972ba u0 com.android.settings/com.android.settings.SubSettings} couldn't find taskId=33 Callers=com.android.server.wm.WindowState.getDisplayContent:866 com.android.server.wm.WindowState.getWindowList:1474 com.android.server.wm.WindowState.getNeedsMenuLw:810 com.android.internal.policy.impl.PhoneWindowManager.updateSystemUiVisibilityLw:6572 
E/WindowState( 2913): getStack: Window{10ba0025 u0 Heads Up} couldn't find taskId=33 Callers=com.android.server.wm.WindowManagerService.performLayoutAndPlaceSurfacesLockedInner:9976 com.android.server.wm.WindowManagerService.performLayoutAndPlaceSurfacesLockedLoop:9015 com.android.server.wm.WindowManagerService.performLayoutAndPlaceSurfacesLocked:8957 com.android.server.wm.WindowManagerService.removeWindowInnerLocked:2867 
E/WindowState( 2913): getStack: Window{1e62a231 u0 StatusBar} couldn't find taskId=33 Callers=com.android.server.wm.WindowManagerService.performLayoutAndPlaceSurfacesLockedInner:9976 com.android.server.wm.WindowManagerService.performLayoutAndPlaceSurfacesLockedLoop:9015 com.android.server.wm.WindowManagerService.performLayoutAndPlaceSurfacesLocked:8957 com.android.server.wm.WindowManagerService.removeWindowInnerLocked:2867 
E/WindowState( 2913): getStack: Window{229af418 u0 KeyguardScrim} couldn't find taskId=33 Callers=com.android.server.wm.WindowManagerService.performLayoutAndPlaceSurfacesLockedInner:9976 com.android.server.wm.WindowManagerService.performLayoutAndPlaceSurfacesLockedLoop:9015 com.android.server.wm.WindowManagerService.performLayoutAndPlaceSurfacesLocked:8957 com.android.server.wm.WindowManagerService.removeWindowInnerLocked:2867 
E/WindowState( 2913): getStack: Window{18b972ba u0 com.android.settings/com.android.settings.SubSettings} couldn't find taskId=33 Callers=com.android.server.wm.WindowManagerService.performLayoutAndPlaceSurfacesLockedInner:9976 com.android.server.wm.WindowManagerService.performLayoutAndPlaceSurfacesLockedLoop:9015 com.android.server.wm.WindowManagerService.performLayoutAndPlaceSurfacesLocked:8957 com.android.server.wm.WindowManagerService.removeWindowInnerLocked:2867 
E/WindowState( 2913): getStack: Window{18b972ba u0 com.android.settings/com.android.settings.SubSettings} couldn't find taskId=33 Callers=com.android.server.wm.WindowState.getDisplayContent:866 com.android.server.wm.WindowManagerService.handleNotObscuredLocked:9747 com.android.server.wm.WindowManagerService.performLayoutAndPlaceSurfacesLockedInner:9986 com.android.server.wm.WindowManagerService.performLayoutAndPlaceSurfacesLockedLoop:9015 
E/WindowState( 2913): getStack: Window{18b972ba u0 com.android.settings/com.android.settings.SubSettings} couldn't find taskId=33 Callers=com.android.server.wm.WindowState.getDisplayContent:866 com.android.server.wm.WindowStateAnimator.updateSurfaceWindowCrop:1292 com.android.server.wm.WindowStateAnimator.setSurfaceBoundariesLocked:1467 com.android.server.wm.WindowManagerService.performLayoutAndPlaceSurfacesLockedInner:10064 
E/WindowState( 2913): getStack: Window{18b972ba u0 com.android.settings/com.android.settings.SubSettings} couldn't find taskId=33 Callers=com.android.server.wm.WindowState.getDisplayContent:866 com.android.server.wm.WindowState.isDefaultDisplay:1406 com.android.server.wm.WindowStateAnimator.updateSurfaceWindowCrop:1302 com.android.server.wm.WindowStateAnimator.setSurfaceBoundariesLocked:1467 
E/WindowState( 2913): getStack: Window{1900ac77 u0 com.android.systemui.ImageWallpaper} couldn't find taskId=33 Callers=com.android.server.wm.WindowManagerService.performLayoutAndPlaceSurfacesLockedInner:9976 com.android.server.wm.WindowManagerService.performLayoutAndPlaceSurfacesLockedLoop:9015 com.android.server.wm.WindowManagerService.performLayoutAndPlaceSurfacesLocked:8957 com.android.server.wm.WindowManagerService.removeWindowInnerLocked:2867 
E/WindowState( 2913): getStack: Window{18b972ba u0 com.android.settings/com.android.settings.SubSettings} couldn't find taskId=33 Callers=com.android.server.wm.WindowState.getDisplayContent:866 com.android.server.wm.WindowState.getDisplayId:871 com.android.server.wm.InputMonitor.updateInputWindowsLw:294 com.android.server.wm.WindowManagerService.performLayoutAndPlaceSurfacesLockedInner:10315 
E/WindowState( 2913): getStack: Window{18b972ba u0 com.android.settings/com.android.settings.SubSettings} couldn't find taskId=33 Callers=com.android.server.wm.WindowState.getStackBounds:896 com.android.server.wm.InputMonitor.addInputWindowHandleLw:180 com.android.server.wm.InputMonitor.updateInputWindowsLw:313 com.android.server.wm.WindowManagerService.performLayoutAndPlaceSurfacesLockedInner:10315 
E/WindowState( 2913): getStack: Window{18b972ba u0 com.android.settings/com.android.settings.SubSettings} couldn't find taskId=33 Callers=com.android.server.wm.WindowState.getDisplayContent:866 com.android.server.wm.WindowState.getDisplayId:871 com.android.server.wm.InputMonitor.updateInputWindowsLw:294 com.android.server.wm.WindowManagerService.removeWindowInnerLocked:2874 
E/WindowState( 2913): getStack: Window{18b972ba u0 com.android.settings/com.android.settings.SubSettings} couldn't find taskId=33 Callers=com.android.server.wm.WindowState.getStackBounds:896 com.android.server.wm.InputMonitor.addInputWindowHandleLw:180 com.android.server.wm.InputMonitor.updateInputWindowsLw:313 com.android.server.wm.WindowManagerService.removeWindowInnerLocked:2874 
V/WindowManager( 2913): ++++xiej, 04-13,7:26, getOrientationFromAppTokensLocked
E/WindowState( 2913): getStack: Window{18b972ba u0 com.android.settings/com.android.settings.SubSettings} couldn't find taskId=33 Callers=com.android.server.wm.WindowState.getDisplayContent:866 com.android.server.wm.WindowState.getDisplayId:871 com.android.server.wm.InputMonitor.updateInputWindowsLw:294 com.android.server.wm.InputMonitor.setInputFocusLw:428 
E/WindowState( 2913): getStack: Window{18b972ba u0 com.android.settings/com.android.settings.SubSettings} couldn't find taskId=33 Callers=com.android.server.wm.WindowState.getStackBounds:896 com.android.server.wm.InputMonitor.addInputWindowHandleLw:180 com.android.server.wm.InputMonitor.updateInputWindowsLw:313 com.android.server.wm.InputMonitor.setInputFocusLw:428 
E/WindowState( 2913): getStack: Window{18b972ba u0 com.android.settings/com.android.settings.SubSettings} couldn't find taskId=33 Callers=com.android.server.wm.WindowState.getDisplayContent:866 com.android.server.wm.WindowState.getDisplayId:871 com.android.server.wm.InputMonitor.updateInputWindowsLw:294 com.android.server.wm.InputMonitor.resumeDispatchingLw:464 
E/WindowState( 2913): getStack: Window{18b972ba u0 com.android.settings/com.android.settings.SubSettings} couldn't find taskId=33 Callers=com.android.server.wm.WindowState.getStackBounds:896 com.android.server.wm.InputMonitor.addInputWindowHandleLw:180 com.android.server.wm.InputMonitor.updateInputWindowsLw:313 com.android.server.wm.InputMonitor.resumeDispatchingLw:464 
I/ActivityManager( 2913): Killing 5765:com.microsoft.office.onenote.libraryExtractionService/u0a59 (adj 15): empty #17
E/WindowState( 2913): getStack: Window{18b972ba u0 com.android.settings/com.android.settings.SubSettings} couldn't find taskId=33 Callers=com.android.server.wm.WindowState.getDisplayContent:866 com.android.server.wm.WindowStateAnimator.stepAnimationLocked:293 com.android.server.wm.WindowAnimator.updateWindowsLocked:289 com.android.server.wm.WindowAnimator.animateLocked:674 
E/WindowState( 2913): getStack: Window{1900ac77 u0 com.android.systemui.ImageWallpaper} couldn't find taskId=33 Callers=com.android.server.wm.WindowStateAnimator.computeShownFrameLocked:1038 com.android.server.wm.WindowStateAnimator.prepareSurfaceLocked:1484 com.android.server.wm.WindowAnimator.animateLocked:680 com.android.server.wm.WindowAnimator.access$000:54 
E/WindowState( 2913): getStack: Window{18b972ba u0 com.android.settings/com.android.settings.SubSettings} couldn't find taskId=33 Callers=com.android.server.wm.WindowStateAnimator.computeShownFrameLocked:1038 com.android.server.wm.WindowStateAnimator.prepareSurfaceLocked:1484 com.android.server.wm.WindowAnimator.animateLocked:680 com.android.server.wm.WindowAnimator.access$000:54 
E/WindowState( 2913): getStack: Window{18b972ba u0 com.android.settings/com.android.settings.SubSettings} couldn't find taskId=33 Callers=com.android.server.wm.WindowState.getDisplayContent:866 com.android.server.wm.WindowState.getDisplayId:871 com.android.server.wm.WindowStateAnimator.computeShownFrameLocked:1074 com.android.server.wm.WindowStateAnimator.prepareSurfaceLocked:1484 
E/WindowState( 2913): getStack: Window{18b972ba u0 com.android.settings/com.android.settings.SubSettings} couldn't find taskId=33 Callers=com.android.server.wm.WindowState.getDisplayContent:866 com.android.server.wm.WindowStateAnimator.updateSurfaceWindowCrop:1292 com.android.server.wm.WindowStateAnimator.setSurfaceBoundariesLocked:1467 com.android.server.wm.WindowStateAnimator.prepareSurfaceLocked:1486 
E/WindowState( 2913): getStack: Window{18b972ba u0 com.android.settings/com.android.settings.SubSettings} couldn't find taskId=33 Callers=com.android.server.wm.WindowState.getDisplayContent:866 com.android.server.wm.WindowState.isDefaultDisplay:1406 com.android.server.wm.WindowStateAnimator.updateSurfaceWindowCrop:1302 com.android.server.wm.WindowStateAnimator.setSurfaceBoundariesLocked:1467 
D/TaskPersister( 2913): removeObsoleteFile: deleting file=33_task.xml
D/TaskPersister( 2913): removeObsoleteFile: deleting file=33_task_thumbnail.png
E/WindowState( 2913): getStack: Window{18b972ba u0 com.android.settings/com.android.settings.SubSettings EXITING} couldn't find taskId=33 Callers=com.android.server.wm.WindowState.getDisplayContent:866 com.android.server.wm.WindowManagerService.removeWindowLocked:2740 com.android.server.wm.WindowManagerService.removeWindow:2681 com.android.server.wm.Session.remove:187 
E/WindowState( 2913): getStack: Window{10ba0025 u0 Heads Up} couldn't find taskId=33 Callers=com.android.server.wm.WindowManagerService.performLayoutAndPlaceSurfacesLockedInner:9976 com.android.server.wm.WindowManagerService.performLayoutAndPlaceSurfacesLockedLoop:9015 com.android.server.wm.WindowManagerService.performLayoutAndPlaceSurfacesLocked:8957 com.android.server.wm.WindowManagerService.removeWindowLocked:2746 
E/WindowState( 2913): getStack: Window{1e62a231 u0 StatusBar} couldn't find taskId=33 Callers=com.android.server.wm.WindowManagerService.performLayoutAndPlaceSurfacesLockedInner:9976 com.android.server.wm.WindowManagerService.performLayoutAndPlaceSurfacesLockedLoop:9015 com.android.server.wm.WindowManagerService.performLayoutAndPlaceSurfacesLocked:8957 com.android.server.wm.WindowManagerService.removeWindowLocked:2746 
E/WindowState( 2913): getStack: Window{229af418 u0 KeyguardScrim} couldn't find taskId=33 Callers=com.android.server.wm.WindowManagerService.performLayoutAndPlaceSurfacesLockedInner:9976 com.android.server.wm.WindowManagerService.performLayoutAndPlaceSurfacesLockedLoop:9015 com.android.server.wm.WindowManagerService.performLayoutAndPlaceSurfacesLocked:8957 com.android.server.wm.WindowManagerService.removeWindowLocked:2746 
E/WindowState( 2913): getStack: Window{18b972ba u0 com.android.settings/com.android.settings.SubSettings EXITING} couldn't find taskId=33 Callers=com.android.server.wm.WindowManagerService.performLayoutAndPlaceSurfacesLockedInner:9976 com.android.server.wm.WindowManagerService.performLayoutAndPlaceSurfacesLockedLoop:9015 com.android.server.wm.WindowManagerService.performLayoutAndPlaceSurfacesLocked:8957 com.android.server.wm.WindowManagerService.removeWindowLocked:2746 
E/WindowState( 2913): getStack: Window{18b972ba u0 com.android.settings/com.android.settings.SubSettings EXITING} couldn't find taskId=33 Callers=com.android.server.wm.WindowState.getDisplayContent:866 com.android.server.wm.WindowManagerService.handleNotObscuredLocked:9747 com.android.server.wm.WindowManagerService.performLayoutAndPlaceSurfacesLockedInner:9986 com.android.server.wm.WindowManagerService.performLayoutAndPlaceSurfacesLockedLoop:9015 
E/WindowState( 2913): getStack: Window{18b972ba u0 com.android.settings/com.android.settings.SubSettings EXITING} couldn't find taskId=33 Callers=com.android.server.wm.WindowState.getDisplayContent:866 com.android.server.wm.WindowStateAnimator.updateSurfaceWindowCrop:1292 com.android.server.wm.WindowStateAnimator.setSurfaceBoundariesLocked:1467 com.android.server.wm.WindowManagerService.performLayoutAndPlaceSurfacesLockedInner:10064 
E/WindowState( 2913): getStack: Window{18b972ba u0 com.android.settings/com.android.settings.SubSettings EXITING} couldn't find taskId=33 Callers=com.android.server.wm.WindowState.getDisplayContent:866 com.android.server.wm.WindowState.isDefaultDisplay:1406 com.android.server.wm.WindowStateAnimator.updateSurfaceWindowCrop:1302 com.android.server.wm.WindowStateAnimator.setSurfaceBoundariesLocked:1467 
E/WindowState( 2913): getStack: Window{1900ac77 u0 com.android.systemui.ImageWallpaper} couldn't find taskId=33 Callers=com.android.server.wm.WindowManagerService.performLayoutAndPlaceSurfacesLockedInner:9976 com.android.server.wm.WindowManagerService.performLayoutAndPlaceSurfacesLockedLoop:9015 com.android.server.wm.WindowManagerService.performLayoutAndPlaceSurfacesLocked:8957 com.android.server.wm.WindowManagerService.removeWindowLocked:2746 
W/ContextImpl( 2913): Calling a method in the system process without a qualified user: android.app.ContextImpl.sendBroadcast:1327 com.android.server.wm.WindowManagerService.hideStatusbarBroadcast:12094 com.android.server.am.ActivityStackSupervisor.mayAutoHideStatusBar:1884 com.android.server.am.ActivityStackSupervisor.moveHomeStack:455 com.android.server.am.ActivityStack.removeTask:4091 
W/ContextImpl( 2913): Calling a method in the system process without a qualified user: android.app.ContextImpl.sendBroadcast:1327 com.android.server.wm.WindowManagerService.hideStatusbarBroadcast:12094 com.android.server.am.ActivityStackSupervisor.mayAutoHideStatusBar:1884 com.android.server.am.ActivityStackSupervisor.adjustStatusBar:1891 com.android.server.am.ActivityStackSupervisor.setFocusedStack:1861 
W/ContextImpl( 2913): Calling a method in the system process without a qualified user: android.app.ContextImpl.sendBroadcast:1327 com.android.server.wm.WindowManagerService.hideStatusbarBroadcast:12094 com.android.server.am.ActivityStackSupervisor.mayAutoHideStatusBar:1884 com.android.server.am.ActivityStackSupervisor.moveHomeStack:455 com.android.server.am.ActivityStackSupervisor.setFocusedStack:1823 
E/WindowState( 2913): getStack: Window{18b972ba u0 com.android.settings/com.android.settings.SubSettings EXITING} couldn't find taskId=33 Callers=com.android.server.wm.WindowManagerService.performLayoutAndPlaceSurfacesLockedInner:9976 com.android.server.wm.WindowManagerService.performLayoutAndPlaceSurfacesLockedLoop:9015 com.android.server.wm.WindowManagerService.performLayoutAndPlaceSurfacesLocked:8957 com.android.server.wm.WindowManagerService.executeAppTransition:4241 
E/WindowState( 2913): getStack: Window{18b972ba u0 com.android.settings/com.android.settings.SubSettings EXITING} couldn't find taskId=33 Callers=com.android.server.wm.WindowState.getDisplayContent:866 com.android.server.wm.WindowManagerService.handleNotObscuredLocked:9747 com.android.server.wm.WindowManagerService.performLayoutAndPlaceSurfacesLockedInner:9986 com.android.server.wm.WindowManagerService.performLayoutAndPlaceSurfacesLockedLoop:9015 
E/WindowState( 2913): getStack: Window{18b972ba u0 com.android.settings/com.android.settings.SubSettings EXITING} couldn't find taskId=33 Callers=com.android.server.wm.WindowState.getDisplayContent:866 com.android.server.wm.WindowStateAnimator.updateSurfaceWindowCrop:1292 com.android.server.wm.WindowStateAnimator.setSurfaceBoundariesLocked:1467 com.android.server.wm.WindowManagerService.performLayoutAndPlaceSurfacesLockedInner:10064 
E/WindowState( 2913): getStack: Window{18b972ba u0 com.android.settings/com.android.settings.SubSettings EXITING} couldn't find taskId=33 Callers=com.android.server.wm.WindowState.getDisplayContent:866 com.android.server.wm.WindowState.isDefaultDisplay:1406 com.android.server.wm.WindowStateAnimator.updateSurfaceWindowCrop:1302 com.android.server.wm.WindowStateAnimator.setSurfaceBoundariesLocked:1467 
W/WindowManager( 2913): On display=0 Rebuild removed 2 windows but added 1
W/WindowManager( 2913): java.lang.RuntimeException: here
W/WindowManager( 2913): 	at com.android.server.wm.WindowManagerService.rebuildAppWindowListLocked(WindowManagerService.java:8861)
W/WindowManager( 2913): 	at com.android.server.wm.WindowManagerService.rebuildAppWindowListLocked(WindowManagerService.java:8788)
W/WindowManager( 2913): 	at com.android.server.wm.WindowManagerService.handleAppTransitionReadyLocked(WindowManagerService.java:9281)
W/WindowManager( 2913): 	at com.android.server.wm.WindowManagerService.performLayoutAndPlaceSurfacesLockedInner(WindowManagerService.java:10155)
W/WindowManager( 2913): 	at com.android.server.wm.WindowManagerService.performLayoutAndPlaceSurfacesLockedLoop(WindowManagerService.java:9015)
W/WindowManager( 2913): 	at com.android.server.wm.WindowManagerService.performLayoutAndPlaceSurfacesLocked(WindowManagerService.java:8957)
W/WindowManager( 2913): 	at com.android.server.wm.WindowManagerService.executeAppTransition(WindowManagerService.java:4241)
W/WindowManager( 2913): 	at com.android.server.am.ActivityStack.resumeTopActivityInnerLocked(ActivityStack.java:1551)
W/WindowManager( 2913): 	at com.android.server.am.ActivityStack.resumeTopActivityLocked(ActivityStack.java:1487)
W/WindowManager( 2913): 	at com.android.server.am.ActivityStack.resumeTopActivityLocked(ActivityStack.java:1470)
