06-10 10:41:22.745  7385  7385 I zygote  :   at void android.app.ActivityThread.-wrap4(android.app.ActivityThread, android.app.ActivityThread$CreateServiceData) (ActivityThread.java:-1)
06-10 10:41:22.745  7385  7385 I zygote  :   at void android.app.ActivityThread$H.handleMessage(android.os.Message) (ActivityThread.java:1677)
06-10 10:41:22.745  7385  7385 I zygote  :   at void android.os.Handler.dispatchMessage(android.os.Message) (Handler.java:106)
06-10 10:41:22.745  7385  7385 I zygote  :   at void android.os.Looper.loop() (Looper.java:164)
06-10 10:41:22.745  7385  7385 I zygote  :   at void android.app.ActivityThread.main(java.lang.String[]) (ActivityThread.java:6494)
06-10 10:41:22.745  7385  7385 I zygote  :   at java.lang.Object java.lang.reflect.Method.invoke(java.lang.Object, java.lang.Object[]) (Method.java:-2)
06-10 10:41:22.745  7385  7385 I zygote  :   at void com.android.internal.os.RuntimeInit$MethodAndArgsCaller.run() (RuntimeInit.java:463)
06-10 10:41:22.745  7385  7385 I zygote  :   at void com.android.internal.os.ZygoteInit.main(java.lang.String[]) (ZygoteInit.java:807)
06-10 10:41:22.745  7385  7385 I zygote  : Caused by: java.lang.ClassNotFoundException: Didn't find class "android.webkit.TracingController" on path: DexPathList[[zip file "/system/app/WebViewGoogle/WebViewGoogle.apk"],nativeLibraryDirectories=[/system/app/WebViewGoogle/lib/x86, /system/app/WebViewGoogle/WebViewGoogle.apk!/lib/x86, /system/lib, /system/vendor/lib, /system/lib, /system/vendor/lib]]
06-10 10:41:22.745  7385  7385 I zygote  :   at java.lang.Class dalvik.system.BaseDexClassLoader.findClass(java.lang.String) (BaseDexClassLoader.java:125)
06-10 10:41:22.745  7385  7385 I zygote  :   at java.lang.Class java.lang.ClassLoader.loadClass(java.lang.String, boolean) (ClassLoader.java:379)
06-10 10:41:22.745  7385  7385 I zygote  :   at java.lang.Class java.lang.ClassLoader.loadClass(java.lang.String) (ClassLoader.java:312)
06-10 10:41:22.745  7385  7385 I zygote  :   at java.lang.Class java.lang.Class.classForName(java.lang.String, boolean, java.lang.ClassLoader) (Class.java:-2)
06-10 10:41:22.745  7385  7385 I zygote  :   at java.lang.Class java.lang.Class.forName(java.lang.String, boolean, java.lang.ClassLoader) (Class.java:453)
06-10 10:41:22.745  7385  7385 I zygote  :   at java.lang.Class android.webkit.WebViewFactory.getWebViewProviderClass(java.lang.ClassLoader) (WebViewFactory.java:128)
06-10 10:41:22.745  7385  7385 I zygote  :   at java.lang.Class android.webkit.WebViewFactory.getProviderClass() (WebViewFactory.java:402)
06-10 10:41:22.745  7385  7385 I zygote  :   at android.webkit.WebViewFactoryProvider android.webkit.WebViewFactory.getProvider() (WebViewFactory.java:194)
06-10 10:41:22.745  7385  7385 I zygote  :   at android.webkit.WebViewFactoryProvider android.webkit.WebView.getFactory() (WebView.java:2530)
06-10 10:41:22.745  7385  7385 I zygote  :   at void android.webkit.WebView.ensureProviderCreated() (WebView.java:2525)
06-10 10:41:22.745  7385  7385 I zygote  :   at void android.webkit.WebView.setOverScrollMode(int) (WebView.java:2590)
06-10 10:41:22.745  7385  7385 I zygote  :   at void android.view.View.<init>(android.content.Context) (View.java:4575)
06-10 10:41:22.745  7385  7385 I zygote  :   at void android.view.View.<init>(android.content.Context, android.util.AttributeSet, int, int) (View.java:4707)
06-10 10:41:22.745  7385  7385 I zygote  :   at void android.view.ViewGroup.<init>(android.content.Context, android.util.AttributeSet, int, int) (ViewGroup.java:597)
06-10 10:41:22.745  7385  7385 I zygote  :   at void android.widget.AbsoluteLayout.<init>(android.content.Context, android.util.AttributeSet, int, int) (AbsoluteLayout.java:55)
06-10 10:41:22.745  7385  7385 I zygote  :   at void android.webkit.WebView.<init>(android.content.Context, android.util.AttributeSet, int, int, java.util.Map, boolean) (WebView.java:643)
06-10 10:41:22.745  7385  7385 I zygote  :   at void android.webkit.WebView.<init>(android.content.Context, android.util.AttributeSet, int, int) (WebView.java:588)
06-10 10:41:22.745  7385  7385 I zygote  :   at void android.webkit.WebView.<init>(android.content.Context, android.util.AttributeSet, int) (WebView.java:571)
06-10 10:41:22.745  7385  7385 I zygote  :   at void android.webkit.WebView.<init>(android.content.Context, android.util.AttributeSet) (WebView.java:558)
06-10 10:41:22.745  7385  7385 I zygote  :   at void android.webkit.WebView.<init>(android.content.Context) (WebView.java:548)
06-10 10:41:22.745  7385  7385 I zygote  :   at void com.netease.cloudmusic.module.mp.service.a.onCreate() (ProGuard:59)
06-10 10:41:22.745  7385  7385 I zygote  :   at void android.app.ActivityThread.handleCreateService(android.app.ActivityThread$CreateServiceData) (ActivityThread.java:3339)
06-10 10:41:22.745  7385  7385 I zygote  :   at void android.app.ActivityThread.-wrap4(android.app.ActivityThread, android.app.ActivityThread$CreateServiceData) (ActivityThread.java:-1)
06-10 10:41:22.745  7385  7385 I zygote  :   at void android.app.ActivityThread$H.handleMessage(android.os.Message) (ActivityThread.java:1677)
06-10 10:41:22.745  7385  7385 I zygote  :   at void android.os.Handler.dispatchMessage(android.os.Message) (Handler.java:106)
06-10 10:41:22.745  7385  7385 I zygote  :   at void android.os.Looper.loop() (Looper.java:164)
06-10 10:41:22.745  7385  7385 I zygote  :   at void android.app.ActivityThread.main(java.lang.String[]) (ActivityThread.java:6494)
06-10 10:41:22.745  7385  7385 I zygote  :   at java.lang.Object java.lang.reflect.Method.invoke(java.lang.Object, java.lang.Object[]) (Method.java:-2)
06-10 10:41:22.745  7385  7385 I zygote  :   at void com.android.internal.os.RuntimeInit$MethodAndArgsCaller.run() (RuntimeInit.java:463)
06-10 10:41:22.745  7385  7385 I zygote  :   at void com.android.internal.os.ZygoteInit.main(java.lang.String[]) (ZygoteInit.java:807)
06-10 10:41:22.745  7385  7385 I zygote  : 
06-10 10:41:22.745  7385  7385 I zygote  : Rejecting re-init on previously-failed class java.lang.Class<com.android.webview.chromium.TracingControllerAdapter>: java.lang.NoClassDefFoundError: Failed resolution of: Landroid/webkit/TracingController;
06-10 10:41:22.745  7385  7385 I zygote  :   at java.lang.Class java.lang.Class.classForName(java.lang.String, boolean, java.lang.ClassLoader) (Class.java:-2)
06-10 10:41:22.745  7385  7385 I zygote  :   at java.lang.Class java.lang.Class.forName(java.lang.String, boolean, java.lang.ClassLoader) (Class.java:453)
06-10 10:41:22.745  7385  7385 I zygote  :   at java.lang.Class android.webkit.WebViewFactory.getWebViewProviderClass(java.lang.ClassLoader) (WebViewFactory.java:128)
06-10 10:41:22.745  7385  7385 I zygote  :   at java.lang.Class android.webkit.WebViewFactory.getProviderClass() (WebViewFactory.java:402)
06-10 10:41:22.745  7385  7385 I zygote  :   at android.webkit.WebViewFactoryProvider android.webkit.WebViewFactory.getProvider() (WebViewFactory.java:194)
06-10 10:41:22.745  7385  7385 I zygote  :   at android.webkit.WebViewFactoryProvider android.webkit.WebView.getFactory() (WebView.java:2530)
06-10 10:41:22.745  7385  7385 I zygote  :   at void android.webkit.WebView.ensureProviderCreated() (WebView.java:2525)
06-10 10:41:22.745  7385  7385 I zygote  :   at void android.webkit.WebView.setOverScrollMode(int) (WebView.java:2590)
06-10 10:41:22.745  7385  7385 I zygote  :   at void android.view.View.<init>(android.content.Context) (View.java:4575)
06-10 10:41:22.745  7385  7385 I zygote  :   at void android.view.View.<init>(android.content.Context, android.util.AttributeSet, int, int) (View.java:4707)
06-10 10:41:22.745  7385  7385 I zygote  :   at void android.view.ViewGroup.<init>(android.content.Context, android.util.AttributeSet, int, int) (ViewGroup.java:597)
06-10 10:41:22.745  7385  7385 I zygote  :   at void android.widget.AbsoluteLayout.<init>(android.content.Context, android.util.AttributeSet, int, int) (AbsoluteLayout.java:55)
06-10 10:41:22.745  7385  7385 I zygote  :   at void android.webkit.WebView.<init>(android.content.Context, android.util.AttributeSet, int, int, java.util.Map, boolean) (WebView.java:643)
06-10 10:41:22.745  7385  7385 I zygote  :   at void android.webkit.WebView.<init>(android.content.Context, android.util.AttributeSet, int, int) (WebView.java:588)
06-10 10:41:22.745  7385  7385 I zygote  :   at void android.webkit.WebView.<init>(android.content.Context, android.util.AttributeSet, int) (WebView.java:571)
06-10 10:41:22.745  7385  7385 I zygote  :   at void android.webkit.WebView.<init>(android.content.Context, android.util.AttributeSet) (WebView.java:558)
06-10 10:41:22.745  7385  7385 I zygote  :   at void android.webkit.WebView.<init>(android.content.Context) (WebView.java:548)
06-10 10:41:22.745  7385  7385 I zygote  :   at void com.netease.cloudmusic.module.mp.service.a.onCreate() (ProGuard:59)
06-10 10:41:22.745  7385  7385 I zygote  :   at void android.app.ActivityThread.handleCreateService(android.app.ActivityThread$CreateServiceData) (ActivityThread.java:3339)
06-10 10:41:22.745  7385  7385 I zygote  :   at void android.app.ActivityThread.-wrap4(android.app.ActivityThread, android.app.ActivityThread$CreateServiceData) (ActivityThread.java:-1)
06-10 10:41:22.745  7385  7385 I zygote  :   at void android.app.ActivityThread$H.handleMessage(android.os.Message) (ActivityThread.java:1677)
06-10 10:41:22.745  7385  7385 I zygote  :   at void android.os.Handler.dispatchMessage(android.os.Message) (Handler.java:106)
06-10 10:41:22.745  7385  7385 I zygote  :   at void android.os.Looper.loop() (Looper.java:164)
06-10 10:41:22.745  7385  7385 I zygote  :   at void android.app.ActivityThread.main(java.lang.String[]) (ActivityThread.java:6494)
06-10 10:41:22.745  7385  7385 I zygote  :   at java.lang.Object java.lang.reflect.Method.invoke(java.lang.Object, java.lang.Object[]) (Method.java:-2)
06-10 10:41:22.745  7385  7385 I zygote  :   at void com.android.internal.os.RuntimeInit$MethodAndArgsCaller.run() (RuntimeInit.java:463)
06-10 10:41:22.745  7385  7385 I zygote  :   at void com.android.internal.os.ZygoteInit.main(java.lang.String[]) (ZygoteInit.java:807)
06-10 10:41:22.745  7385  7385 I zygote  : Caused by: java.lang.ClassNotFoundException: Didn't find class "android.webkit.TracingController" on path: DexPathList[[zip file "/system/app/WebViewGoogle/WebViewGoogle.apk"],nativeLibraryDirectories=[/system/app/WebViewGoogle/lib/x86, /system/app/WebViewGoogle/WebViewGoogle.apk!/lib/x86, /system/lib, /system/vendor/lib, /system/lib, /system/vendor/lib]]
06-10 10:41:22.745  7385  7385 I zygote  :   at java.lang.Class dalvik.system.BaseDexClassLoader.findClass(java.lang.String) (BaseDexClassLoader.java:125)
06-10 10:41:22.745  7385  7385 I zygote  :   at java.lang.Class java.lang.ClassLoader.loadClass(java.lang.String, boolean) (ClassLoader.java:379)
06-10 10:41:22.745  7385  7385 I zygote  :   at java.lang.Class java.lang.ClassLoader.loadClass(java.lang.String) (ClassLoader.java:312)
06-10 10:41:22.745  7385  7385 I zygote  :   at java.lang.Class java.lang.Class.classForName(java.lang.String, boolean, java.lang.ClassLoader) (Class.java:-2)
06-10 10:41:22.745  7385  7385 I zygote  :   at java.lang.Class java.lang.Class.forName(java.lang.String, boolean, java.lang.ClassLoader) (Class.java:453)
06-10 10:41:22.745  7385  7385 I zygote  :   at java.lang.Class android.webkit.WebViewFactory.getWebViewProviderClass(java.lang.ClassLoader) (WebViewFactory.java:128)
06-10 10:41:22.745  7385  7385 I zygote  :   at java.lang.Class android.webkit.WebViewFactory.getProviderClass() (WebViewFactory.java:402)
06-10 10:41:22.745  7385  7385 I zygote  :   at android.webkit.WebViewFactoryProvider android.webkit.WebViewFactory.getProvider() (WebViewFactory.java:194)
06-10 10:41:22.745  7385  7385 I zygote  :   at android.webkit.WebViewFactoryProvider android.webkit.WebView.getFactory() (WebView.java:2530)
06-10 10:41:22.745  7385  7385 I zygote  :   at void android.webkit.WebView.ensureProviderCreated() (WebView.java:2525)
06-10 10:41:22.745  7385  7385 I zygote  :   at void android.webkit.WebView.setOverScrollMode(int) (WebView.java:2590)
06-10 10:41:22.745  7385  7385 I zygote  :   at void android.view.View.<init>(android.content.Context) (View.java:4575)
06-10 10:41:22.745  7385  7385 I zygote  :   at void android.view.View.<init>(android.content.Context, android.util.AttributeSet, int, int) (View.java:4707)
06-10 10:41:22.745  7385  7385 I zygote  :   at void android.view.ViewGroup.<init>(android.content.Context, android.util.AttributeSet, int, int) (ViewGroup.java:597)
06-10 10:41:22.745  7385  7385 I zygote  :   at void android.widget.AbsoluteLayout.<init>(android.content.Context, android.util.AttributeSet, int, int) (AbsoluteLayout.java:55)
06-10 10:41:22.745  7385  7385 I zygote  :   at void android.webkit.WebView.<init>(android.content.Context, android.util.AttributeSet, int, int, java.util.Map, boolean) (WebView.java:643)
06-10 10:41:22.745  7385  7385 I zygote  :   at void android.webkit.WebView.<init>(android.content.Context, android.util.AttributeSet, int, int) (WebView.java:588)
06-10 10:41:22.745  7385  7385 I zygote  :   at void android.webkit.WebView.<init>(android.content.Context, android.util.AttributeSet, int) (WebView.java:571)
06-10 10:41:22.745  7385  7385 I zygote  :   at void android.webkit.WebView.<init>(android.content.Context, android.util.AttributeSet) (WebView.java:558)
06-10 10:41:22.745  7385  7385 I zygote  :   at void android.webkit.WebView.<init>(android.content.Context) (WebView.java:548)
06-10 10:41:22.745  7385  7385 I zygote  :   at void com.netease.cloudmusic.module.mp.service.a.onCreate() (ProGuard:59)
06-10 10:41:22.745  7385  7385 I zygote  :   at void android.app.ActivityThread.handleCreateService(android.app.ActivityThread$CreateServiceData) (ActivityThread.java:3339)
06-10 10:41:22.745  7385  7385 I zygote  :   at void android.app.ActivityThread.-wrap4(android.app.ActivityThread, android.app.ActivityThread$CreateServiceData) (ActivityThread.java:-1)
06-10 10:41:22.745  7385  7385 I zygote  :   at void android.app.ActivityThread$H.handleMessage(android.os.Message) (ActivityThread.java:1677)
06-10 10:41:22.745  7385  7385 I zygote  :   at void android.os.Handler.dispatchMessage(android.os.Message) (Handler.java:106)
06-10 10:41:22.745  7385  7385 I zygote  :   at void android.os.Looper.loop() (Looper.java:164)
06-10 10:41:22.745  7385  7385 I zygote  :   at void android.app.ActivityThread.main(java.lang.String[]) (ActivityThread.java:6494)
06-10 10:41:22.745  7385  7385 I zygote  :   at java.lang.Object java.lang.reflect.Method.invoke(java.lang.Object, java.lang.Object[]) (Method.java:-2)
06-10 10:41:22.745  7385  7385 I zygote  :   at void com.android.internal.os.RuntimeInit$MethodAndArgsCaller.run() (RuntimeInit.java:463)
06-10 10:41:22.745  7385  7385 I zygote  :   at void com.android.internal.os.ZygoteInit.main(java.lang.String[]) (ZygoteInit.java:807)
06-10 10:41:22.745  7385  7385 I zygote  : 
06-10 10:41:22.750  7385  7385 I cr_LibraryLoader: Time to load native libraries: 2 ms (timestamps 7867-7869)
06-10 10:41:22.755  7385  7517 E cr_VariationsUtils: Failed reading seed file "/data/user/0/com.netease.cloudmusic/app_webview/variations_seed": /data/user/0/com.netease.cloudmusic/app_webview/variations_seed (No such file or directory)
06-10 10:41:22.758  7385  7385 I chromium: [INFO:library_loader_hooks.cc(36)] Chromium logging enabled: level = 0, default verbosity = 0
06-10 10:41:22.758  7385  7385 I cr_LibraryLoader: Expected native library version number "69.0.3497.100", actual native library version number "69.0.3497.100"
06-10 10:41:22.764  7385  7518 W cr_ChildProcLH: Create a new ChildConnectionAllocator with package name = com.google.android.webview, sandboxed = true
06-10 10:41:22.768  7519  7519 E /system/bin/webview_zygote32: Failed to make and chown /acct/uid_99006: Permission denied
06-10 10:41:22.768  7519  7519 E Zygote  : createProcessGroup(99006, 0) failed: Permission denied
06-10 10:41:22.769  7519  7519 W /system/bin/webview_zygote32: Unexpected CPU variant for X86 using defaults: x86_64
06-10 10:41:22.770  7385  7385 I cr_BrowserStartup: Initializing chromium process, singleProcess=false
06-10 10:41:22.775  2238  3518 I ActivityManager: Start proc 7519:com.google.android.webview:sandboxed_process0/u0i6 for webview_service com.netease.cloudmusic/org.chromium.content.app.SandboxedProcessService0
06-10 10:41:22.776  2128  2128 E lowmemorykiller: Error opening /dev/memcg/apps/uid_99006/pid_7519/memory.soft_limit_in_bytes; errno=2
06-10 10:41:22.779  7536  7536 E asset   : setgid: Operation not permitted
06-10 10:41:22.785  7519  7519 I LoadedApk: No resource references to update in package com.google.android.webview
06-10 10:41:22.786  2128  2128 I lmkd    : type=1400 audit(0.0:1020): avc: denied { dac_read_search } for capability=2 scontext=u:r:lmkd:s0 tcontext=u:r:lmkd:s0 tclass=capability permissive=1
06-10 10:41:22.788  7519  7519 I cr_ChildProcessService: Creating new ChildProcessService pid=7519
06-10 10:41:22.789  2128  2128 E lowmemorykiller: Error opening /dev/memcg/apps/uid_99006/pid_7519/memory.soft_limit_in_bytes; errno=2
06-10 10:41:22.825  3042  3759 I AsyncOpDispatcher: 45-vappsprompt
06-10 10:41:22.827  7385  7560 W cr_CrashFileManager: /data/user/0/com.netease.cloudmusic/cache/WebView/Crash Reports does not exist or is not a directory
06-10 10:41:22.909  4582  7483 V xiaomi  : [Thread:107] receive a message, appid=2882303761517142681, msgid= TbfH0
06-10 10:41:22.909  4582  7483 V xiaomi  : [Thread:107] Perf_code  packetType  1010  length 335
06-10 10:41:23.466  2129  2129 E SurfaceFlinger: [Sprite#0] rejecting buffer: bufWidth=38, bufHeight=38, front.active.{w=33, h=42}
06-10 10:41:24.043  2238  2598 I ActivityManager: START u0 {flg=0x24000000 cmp=com.netease.cloudmusic/.activity.MainActivity} from uid 10078
06-10 10:41:24.046  2364  2364 I StatusBar: taskId 6 keep true cmpComponentInfo{com.netease.cloudmusic/com.netease.cloudmusic.activity.LoadingActivity}
06-10 10:41:24.060  7363  7363 I AppCompatDelegate: The Activity's LayoutInflater already has a Factory installed so we can not install AppCompat's
06-10 10:41:24.140  7363  7368 I zygote  : Do full code cache collection, code=119KB, data=97KB
06-10 10:41:24.140  7363  7368 I zygote  : After code cache collection, code=87KB, data=58KB
06-10 10:41:24.161  7363  7363 D PushManager: resumePush
06-10 10:41:24.162  7363  7363 D NeteaseMusicApplication: >>>bindPlayService
06-10 10:41:24.162  4582  4582 D PlayService: >>>>onStartCommand:Intent { cmp=com.netease.cloudmusic/.service.PlayService },null
06-10 10:41:24.162  4582  7483 V xiaomi  : [Thread:107] JOB: Handle intent action = com.xiaomi.mipush.SEND_MESSAGE
06-10 10:41:24.162  4582  7483 V xiaomi  : [Thread:107] Perf_code  packetType  1010  length 283
06-10 10:41:24.162  4582  7483 V xiaomi  : [Thread:107] try send mi push message. packagename:com.netease.cloudmusic action:Command
06-10 10:41:24.173  7363  7363 D houdini : [7363] loaded library /data/app/com.netease.cloudmusic-NFGwHNN35tj1ayh0YFcOtg==/lib/arm/libnetsecsdk-4.0.9.so via Native Bridge.
06-10 10:41:24.175  7363  7368 I zygote  : Do partial code cache collection, code=107KB, data=82KB
06-10 10:41:24.175  7363  7368 I zygote  : After code cache collection, code=107KB, data=82KB
06-10 10:41:24.175  7363  7368 I zygote  : Increasing code cache capacity to 512KB
06-10 10:41:24.179  4582  4756 D PlayService: PlayerHandler,action:49,null,0,0
06-10 10:41:24.179  4582  4756 D PlayService: PlayerHandler,action:51,null,0,0
06-10 10:41:24.182  4582  7483 V xiaomi  : [Thread:107] receive a message, appid=2882303761517142681, msgid= TbfH1
06-10 10:41:24.183  4582  7483 V xiaomi  : [Thread:107] Perf_code  packetType  1010  length 335
06-10 10:41:24.187  7363  7363 D PushService: PushService onCreate
06-10 10:41:24.188  7363  7569 D PushService: begin to query server, isBackground:false
06-10 10:41:24.190  4582  7483 V xiaomi  : [Thread:107] JOB: Handle intent action = com.xiaomi.mipush.SEND_MESSAGE
06-10 10:41:24.190  4582  7483 V xiaomi  : [Thread:107] Perf_code  packetType  1009  length 261
06-10 10:41:24.190  4582  7483 V xiaomi  : [Thread:107] try send mi push message. packagename:com.netease.cloudmusic action:Notification
06-10 10:41:24.193  7363  7363 D PushService: PushService onStartCommand
06-10 10:41:24.193  7363  7570 D PushManager: >>>pull pushMsgCount
06-10 10:41:24.197  4582  7483 V xiaomi  : [Thread:107] JOB: Handle intent action = com.xiaomi.mipush.SEND_MESSAGE
06-10 10:41:24.197  4582  7483 V xiaomi  : [Thread:107] Perf_code  packetType  1010  length 266
06-10 10:41:24.197  4582  7483 V xiaomi  : [Thread:107] try send mi push message. packagename:com.netease.cloudmusic action:Command
06-10 10:41:24.198  4582  7483 V xiaomi  : [Thread:107] JOB: Handle intent action = com.xiaomi.mipush.SEND_MESSAGE
06-10 10:41:24.198  4582  7483 V xiaomi  : [Thread:107] Perf_code  packetType  1010  length 266
06-10 10:41:24.198  4582  7483 V xiaomi  : [Thread:107] try send mi push message. packagename:com.netease.cloudmusic action:Command
06-10 10:41:24.201  4582  7483 V xiaomi  : [Thread:107] JOB: Handle intent action = com.xiaomi.mipush.SEND_MESSAGE
06-10 10:41:24.201  4582  7483 V xiaomi  : [Thread:107] Perf_code  packetType  1010  length 254
06-10 10:41:24.202  4582  7483 V xiaomi  : [Thread:107] try send mi push message. packagename:com.netease.cloudmusic action:Command
06-10 10:41:24.203  4582  7483 V xiaomi  : [Thread:107] JOB: Handle intent action = action_cr_config
06-10 10:41:24.205  4582  7483 V xiaomi  : [Thread:107] JOB: Handle intent action = com.xiaomi.mipush.SEND_MESSAGE
06-10 10:41:24.206  4582  7483 V xiaomi  : [Thread:107] Perf_code  packetType  1009  length 246
06-10 10:41:24.206  4582  7483 V xiaomi  : [Thread:107] try send mi push message. packagename:com.netease.cloudmusic action:Notification
06-10 10:41:24.209  4582  7483 V xiaomi  : [Thread:107] JOB: Handle intent action = com.xiaomi.mipush.SEND_MESSAGE
06-10 10:41:24.209  4582  7483 V xiaomi  : [Thread:107] Perf_code  packetType  1009  length 266
06-10 10:41:24.210  4582  7483 V xiaomi  : [Thread:107] try send mi push message. packagename:com.netease.cloudmusic action:Notification
06-10 10:41:24.218  7580  7580 I mount   : type=1400 audit(0.0:1022): avc: denied { read } for name="/" dev="sysfs" ino=1 scontext=u:r:untrusted_app_25:s0:c512,c768 tcontext=u:object_r:sysfs:s0 tclass=dir permissive=1
06-10 10:41:24.218  7580  7580 I mount   : type=1400 audit(0.0:1023): avc: denied { open } for path="/sys" dev="sysfs" ino=1 scontext=u:r:untrusted_app_25:s0:c512,c768 tcontext=u:object_r:sysfs:s0 tclass=dir permissive=1
06-10 10:41:24.227  7363  7579 D AudioMetaIO: supportMediaFormat:aac,mka,flac,amr,oga,mid,wma,smf,ogg,mpga,ac3,xmf,midi,imy,rtttl,ape,ncm,m4a,ota,wav,awb,mp3,pls,mxmf,rtx
06-10 10:41:24.275  7363  7570 I PushParseHelper: new message : PushMessage{at=0, notice=0, msg=0, follow=0, pushMsg='null', comment=0, event=0, celebrityCount=0, hasNewTheme=false, count=0}
06-10 10:41:24.299  7363  7591 D SoLoader: About to load: libimagepipeline.so
06-10 10:41:24.299  7363  7591 D SoLoader: libimagepipeline.so not found on /data/data/com.netease.cloudmusic/lib-main
06-10 10:41:24.299  7363  7591 D SoLoader: libimagepipeline.so found on /data/app/com.netease.cloudmusic-NFGwHNN35tj1ayh0YFcOtg==/lib/arm
06-10 10:41:24.299  7363  7591 D SoLoader: Not resolving dependencies for libimagepipeline.so
06-10 10:41:24.305  7363  7591 D houdini : [7591] loaded library /data/app/com.netease.cloudmusic-NFGwHNN35tj1ayh0YFcOtg==/lib/arm/libimagepipeline.so via Native Bridge.
06-10 10:41:24.305  7363  7591 D SoLoader: Loaded: libimagepipeline.so
06-10 10:41:24.340  7363  7363 D CloudMusicLocationMgr: mLocationClient.startLocation, mLocationClient.isStarted  false, request time: 1560134484340
06-10 10:41:24.352  7363  7363 D circleRadius: totemBoundSize:72
06-10 10:41:24.355  7363  7363 D circleRadius: totemBoundSize:72
06-10 10:41:24.363  7363  7363 I MusicActivityBase: com.netease.cloudmusic.activity.MainActivity@5267d12:onReceive msg count is 0 follow count0
06-10 10:41:24.363  7363  7363 I MusicActivityBase: com.netease.cloudmusic.activity.MainActivity@5267d12:onReceive msg count is 0 follow count0
06-10 10:41:24.382  2238  3518 E WindowManager: Unknown window type: 2039
06-10 10:41:24.382  2238  3518 I chatty  : uid=1000(system) Binder:2238_D identical 1 line
06-10 10:41:24.383  2238  3518 E WindowManager: Unknown window type: 2039
06-10 10:41:24.384  2238  2286 E WindowManager: Unknown window type: 2039
06-10 10:41:24.386  2238  7102 E WindowManager: Unknown window type: 2039
06-10 10:41:24.393  2238  7102 E WindowManager: Unknown window type: 2039
06-10 10:41:24.404  2238  2286 E WindowManager: Unknown window type: 2039
06-10 10:41:24.406  7363  7608 W System.err: java.lang.IllegalArgumentException: provider doesn't exist: gps
06-10 10:41:24.406  7363  7608 W System.err: 	at android.os.Parcel.readException(Parcel.java:2017)
06-10 10:41:24.406  7363  7608 W System.err: 	at android.os.Parcel.readException(Parcel.java:1959)
06-10 10:41:24.406  7363  7608 W System.err: 	at android.location.ILocationManager$Stub$Proxy.requestLocationUpdates(ILocationManager.java:691)
06-10 10:41:24.406  7363  7608 W System.err: 	at android.location.LocationManager.requestLocationUpdates(LocationManager.java:888)
06-10 10:41:24.406  7363  7608 W System.err: 	at android.location.LocationManager.requestLocationUpdates(LocationManager.java:502)
06-10 10:41:24.406  7363  7608 W System.err: 	at com.e.bt.a(Unknown Source:27)
06-10 10:41:24.406  7363  7608 W System.err: 	at com.e.bt.a(Unknown Source:9)
06-10 10:41:24.406  7363  7608 W System.err: 	at com.e.a$b.run(Unknown Source:8)
06-10 10:41:24.406  7363  7608 W System.err: 	at java.util.concurrent.Executors$RunnableAdapter.call(Executors.java:457)
06-10 10:41:24.406  7363  7608 W System.err: 	at java.util.concurrent.FutureTask.run(FutureTask.java:266)
06-10 10:41:24.406  7363  7608 W System.err: 	at java.util.concurrent.ScheduledThreadPoolExecutor$ScheduledFutureTask.run(ScheduledThreadPoolExecutor.java:301)
06-10 10:41:24.407  7363  7608 W System.err: 	at java.util.concurrent.ThreadPoolExecutor.runWorker(ThreadPoolExecutor.java:1162)
06-10 10:41:24.407  7363  7608 W System.err: 	at java.util.concurrent.ThreadPoolExecutor$Worker.run(ThreadPoolExecutor.java:636)
06-10 10:41:24.407  7363  7608 W System.err: 	at java.lang.Thread.run(Thread.java:764)
06-10 10:41:24.408  2238  7102 E WindowManager: Unknown window type: 2039
06-10 10:41:24.416  2238  2286 E WindowManager: Unknown window type: 2039
06-10 10:41:24.423  7363  7363 D circleRadius: totemBoundSize:72
06-10 10:41:24.424  7363  7363 D circleRadius: totemBoundSize:72
06-10 10:41:24.436  2238  2598 E WindowManager: Unknown window type: 2039
06-10 10:41:24.440  7363  7368 I zygote  : Do full code cache collection, code=251KB, data=194KB
06-10 10:41:24.440  7363  7368 I zygote  : After code cache collection, code=220KB, data=141KB
06-10 10:41:24.445  2238  2598 E WindowManager: Unknown window type: 2039
06-10 10:41:24.503  7363  7363 D CloudMusicLocationMgr: Cloudmusic location release, release time: 1560134484503, from callback
06-10 10:41:24.504  7363  7363 D CloudMusicLocationMgr: onLocationChanged: latitude=39.9972822longitude=116.3316146province=#city=#district=#cityCode=#adCode=#address=#country=#road=#poiName=#street=#streetNum=#aoiName=#errorCode=0#errorInfo=success#locationDetail=-1 #csid:4654db314073482a891e0972435e6396#locationType=5
06-10 10:41:24.513  7363  7601 W Settings: Setting adb_enabled has moved from android.provider.Settings.Secure to android.provider.Settings.Global.
06-10 10:41:24.532  2238  2286 E WindowManager: Unknown window type: 2039
06-10 10:41:24.549  7363  7368 I zygote  : Do partial code cache collection, code=241KB, data=174KB
06-10 10:41:24.550  7363  7368 I zygote  : After code cache collection, code=241KB, data=174KB
06-10 10:41:24.550  7363  7368 I zygote  : Increasing code cache capacity to 1024KB
06-10 10:41:24.571  7363  7363 I zygote  : Deoptimizing android.graphics.drawable.Drawable com.facebook.drawee.drawable.ForwardingDrawable.mutate() due to JIT inline cache
06-10 10:41:24.574  7363  7363 D circleRadius: totemBoundSize:72
06-10 10:41:24.575  7363  7363 D circleRadius: totemBoundSize:72
06-10 10:41:24.579  4582  7483 V xiaomi  : [Thread:107] receive a message, appid=2882303761517142681, msgid= TbfH3
06-10 10:41:24.579  4582  7483 V xiaomi  : [Thread:107] Perf_code  packetType  1010  length 441
06-10 10:41:24.580  4582  7483 V xiaomi  : [Thread:107] receive a message, appid=2882303761517142681, msgid= TbfH4
06-10 10:41:24.580  4582  7483 V xiaomi  : [Thread:107] Perf_code  packetType  1010  length 441
06-10 10:41:24.631  4582  7483 V xiaomi  : [Thread:107] receive a message, appid=2882303761517142681, msgid= TbfH6
06-10 10:41:24.631  4582  7483 V xiaomi  : [Thread:107] Perf_code  packetType  1009  length 674
06-10 10:41:24.716  2238  2286 I chatty  : uid=1000(system) android.anim identical 2 lines
06-10 10:41:24.718  2238  2286 E WindowManager: Unknown window type: 2039
06-10 10:41:25.102  7363  7363 W System.err: android.content.pm.PackageManager$NameNotFoundException: com.huawei.android.thememanager
06-10 10:41:25.103  7363  7363 W System.err: 	at android.app.ApplicationPackageManager.getApplicationInfoAsUser(ApplicationPackageManager.java:378)
06-10 10:41:25.104  7363  7363 W System.err: 	at android.app.ApplicationPackageManager.getApplicationInfo(ApplicationPackageManager.java:360)
06-10 10:41:25.104  7363  7363 W System.err: 	at com.netease.cloudmusic.utils.v.M(ProGuard:510)
06-10 10:41:25.104  7363  7363 W System.err: 	at com.netease.cloudmusic.utils.as.a(ProGuard:16)
06-10 10:41:25.104  7363  7363 W System.err: 	at com.netease.cloudmusic.NeteaseMusicApplication.onActivityDestroyed(ProGuard:1823)
06-10 10:41:25.104  7363  7363 W System.err: 	at android.app.Application.dispatchActivityDestroyed(Application.java:253)
06-10 10:41:25.104  7363  7363 W System.err: 	at android.app.Activity.onDestroy(Activity.java:1958)
06-10 10:41:25.104  7363  7363 W System.err: 	at android.support.v4.app.FragmentActivity.onDestroy(ProGuard:346)
06-10 10:41:25.104  7363  7363 W System.err: 	at android.support.v7.app.AppCompatActivity.onDestroy(ProGuard:209)
06-10 10:41:25.104  7363  7363 W System.err: 	at com.netease.cloudmusic.activity.c.onDestroy(ProGuard:212)
06-10 10:41:25.104  7363  7363 W System.err: 	at com.netease.cloudmusic.activity.LoadingActivity.onDestroy(ProGuard:192)
06-10 10:41:25.104  7363  7363 W System.err: 	at android.app.Activity.performDestroy(Activity.java:7314)
06-10 10:41:25.104  7363  7363 W System.err: 	at android.app.Instrumentation.callActivityOnDestroy(Instrumentation.java:1249)
06-10 10:41:25.104  7363  7363 W System.err: 	at android.app.ActivityThread.performDestroyActivity(ActivityThread.java:4370)
06-10 10:41:25.104  7363  7363 W System.err: 	at android.app.ActivityThread.handleDestroyActivity(ActivityThread.java:4401)
06-10 10:41:25.104  7363  7363 W System.err: 	at android.app.ActivityThread.-wrap5(Unknown Source:0)
06-10 10:41:25.104  7363  7363 W System.err: 	at android.app.ActivityThread$H.handleMessage(ActivityThread.java:1649)
06-10 10:41:25.104  7363  7363 W System.err: 	at android.os.Handler.dispatchMessage(Handler.java:106)
06-10 10:41:25.104  7363  7363 W System.err: 	at android.os.Looper.loop(Looper.java:164)
06-10 10:41:25.104  7363  7363 W System.err: 	at android.app.ActivityThread.main(ActivityThread.java:6494)
06-10 10:41:25.104  7363  7363 W System.err: 	at java.lang.reflect.Method.invoke(Native Method)
06-10 10:41:25.104  7363  7363 W System.err: 	at com.android.internal.os.RuntimeInit$MethodAndArgsCaller.run(RuntimeInit.java:463)
06-10 10:41:25.104  7363  7363 W System.err: 	at com.android.internal.os.ZygoteInit.main(ZygoteInit.java:807)
06-10 10:41:25.106  2238  2249 E WindowManager: Unknown window type: 2039
06-10 10:41:25.563  7363  7363 I MusicActivityBase: onReceive msg count is 0 follow count0
06-10 10:41:26.332  2364  2364 D ViewRootImpl[]: updatePointerIcon called with position out of bounds
06-10 10:41:27.098  2364  2364 I chatty  : uid=10033(com.android.systemui) identical 39 lines
06-10 10:41:27.115  2364  2364 D ViewRootImpl[]: updatePointerIcon called with position out of bounds
06-10 10:41:27.223  2364  2364 D ViewRootImpl[OpenthosStatusBar]: updatePointerIcon called with position out of bounds
06-10 10:41:27.223  2364  2364 D ViewRootImpl[StatusBar]: updatePointerIcon called with position out of bounds
06-10 10:41:27.226  2238  2598 E WindowManager: Unknown window type: 2039
06-10 10:41:27.227  2364  2364 D ViewRootImpl[]: updatePointerIcon called after view was removed
06-10 10:41:27.227  2364  2364 W InputEventReceiver: Attempted to finish an input event but the input event receiver has already been disposed.
06-10 10:41:27.227  2364  2364 W ViewRootImpl[]: Dropping event due to root view being removed: MotionEvent { action=ACTION_BUTTON_PRESS, actionButton=BUTTON_PRIMARY, id[0]=0, x[0]=1374.597, y[0]=-890.0, toolType[0]=TOOL_TYPE_MOUSE, buttonState=BUTTON_PRIMARY, metaState=0, flags=0x0, edgeFlags=0x0, pointerCount=1, historySize=0, eventTime=6532341, downTime=6532341, deviceId=3, source=0x2002 }
06-10 10:41:27.227  2364  2364 W InputEventReceiver: Attempted to finish an input event but the input event receiver has already been disposed.
06-10 10:41:27.233  2238  2249 E WindowManager: Unknown window type: 2039
06-10 10:41:27.233  2776  7619 V Cursor  : Filling cursor window with start position:0 required position:0
06-10 10:41:27.238  2776  7619 V Cursor  : Filling cursor window with start position:0 required position:0
06-10 10:41:27.316  7621  7621 I ping    : type=1400 audit(0.0:1024): avc: denied { create } for scontext=u:r:untrusted_app_25:s0:c512,c768 tcontext=u:r:untrusted_app_25:s0:c512,c768 tclass=icmp_socket permissive=1
06-10 10:41:27.316  7621  7621 I ping    : type=1400 audit(0.0:1025): avc: denied { setopt } for scontext=u:r:untrusted_app_25:s0:c512,c768 tcontext=u:r:untrusted_app_25:s0:c512,c768 tclass=icmp_socket permissive=1
06-10 10:41:27.316  7621  7621 I ping    : type=1400 audit(0.0:1026): avc: denied { getopt } for scontext=u:r:untrusted_app_25:s0:c512,c768 tcontext=u:r:untrusted_app_25:s0:c512,c768 tclass=icmp_socket permissive=1
06-10 10:41:27.317  7621  7621 I ping    : type=1400 audit(0.0:1027): avc: denied { write } for scontext=u:r:untrusted_app_25:s0:c512,c768 tcontext=u:r:untrusted_app_25:s0:c512,c768 tclass=icmp_socket permissive=1
06-10 10:41:27.317  7621  7621 I ping    : type=1400 audit(0.0:1028): avc: denied { read } for lport=12 scontext=u:r:untrusted_app_25:s0:c512,c768 tcontext=u:r:untrusted_app_25:s0:c512,c768 tclass=icmp_socket permissive=1
06-10 10:41:27.349  2238  2286 E WindowManager: Unknown window type: 2039
06-10 10:41:27.535  6671  6671 I cr_OfflineIndicator: Reported by system: [ Transports: WIFI Capabilities: NOT_METERED&INTERNET&NOT_RESTRICTED&TRUSTED&NOT_VPN&FOREGROUND LinkUpBandwidth>=1048576Kbps LinkDnBandwidth>=1048576Kbps SignalStrength: -65]
06-10 10:41:27.535  6671  6671 I cr_OfflineIndicator: Retry after 5000ms
06-10 10:41:28.850  2364  2364 D ViewRootImpl[StatusBar]: updatePointerIcon called with position out of bounds
06-10 10:41:28.882  2129  2129 E SurfaceFlinger: [Sprite#0] rejecting buffer: bufWidth=33, bufHeight=42, front.active.{w=38, h=38}
06-10 10:41:28.997  4582  4582 D PlayService: onTaskRemoved
06-10 10:41:29.072  2128  2128 E lowmemorykiller: Error opening /dev/memcg/apps/uid_99006/pid_7519/memory.soft_limit_in_bytes; errno=2
06-10 10:41:29.072  2128  2128 E lowmemorykiller: Error opening /dev/memcg/apps/uid_99005/pid_7223/memory.soft_limit_in_bytes; errno=2
06-10 10:41:29.072  2128  2128 E lowmemorykiller: Error opening /dev/memcg/apps/uid_99005/pid_7223/memory.soft_limit_in_bytes; errno=2
06-10 10:41:29.072  7363  7363 D NeteaseMusicApplication: in onTrimMemory:20
06-10 10:41:29.074  4582  4756 D PlayService: PlayerHandler,action:48,null,0,0
06-10 10:41:29.083  7363  7625 D houdini : [7625] loaded library /data/app/com.netease.cloudmusic-NFGwHNN35tj1ayh0YFcOtg==/lib/arm/libnelpengine.so via Native Bridge.
06-10 10:41:29.113  7363  7625 D houdini : [7625] loaded library /data/app/com.netease.cloudmusic-NFGwHNN35tj1ayh0YFcOtg==/lib/arm/libnelprender.so via Native Bridge.
06-10 10:41:29.113  7363  7625 D J4A     : J4ALoader: OK: 'android.os.Build$VERSION' loaded
06-10 10:41:29.113  7363  7625 D J4A     : J4ALoader: OK: 'android.os.Build' loaded
06-10 10:41:29.113  7363  7625 D J4A     : J4ALoader: OK: 'java.nio.Buffer' loaded
06-10 10:41:29.113  7363  7625 D J4A     : J4ALoader: OK: 'java.nio.ByteBuffer' loaded
06-10 10:41:29.113  7363  7625 D J4A     : J4ALoader: OK: 'java.util.ArrayList' loaded
06-10 10:41:29.114  7363  7625 I J4A     : API-Level: 27
06-10 10:41:29.114  7363  7625 D J4A     : J4ALoader: OK: 'android.media.AudioTrack' loaded
06-10 10:41:29.114  7363  7625 D J4A     : J4ALoader: OK: 'android.media.MediaCodec$BufferInfo' loaded
06-10 10:41:29.114  7363  7625 D J4A     : J4ALoader: OK: 'android.media.MediaCodec' loaded
06-10 10:41:29.114  7363  7625 D J4A     : J4ALoader: OK: 'android.media.MediaFormat' loaded
06-10 10:41:29.114  7363  7625 D J4A     : J4ALoader: OK: 'android.media.PlaybackParams' loaded
06-10 10:41:29.114  7363  7625 D J4A     : J4ALoader: OK: 'android.os.Bundle' loaded
06-10 10:41:29.114  7363  7625 D J4A     : J4ALoader: OK: '()V' loaded
06-10 10:41:29.115  7363  7625 D J4A     : J4ALoader: OK: 'com.netease.neliveplayer.NEMediaPlayer' loaded
06-10 10:41:29.121  7363  7625 D houdini : [7625] loaded library /data/app/com.netease.cloudmusic-NFGwHNN35tj1ayh0YFcOtg==/lib/arm/libneliveplayer.so via Native Bridge.
06-10 10:41:29.147  7363  7633 I NELogUtils: 234/create_time = 2019-06-10-10:41:29:144
06-10 10:41:29.147  7363  7633 I NELogUtils: vendor = TSINGHUA TONGFANG COMPUTER
06-10 10:41:29.147  7363  7633 I NELogUtils: model = Z1-520V
06-10 10:41:29.147  7363  7633 I NELogUtils: cpuABI = armeabi-v7a
06-10 10:41:29.147  7363  7633 I NELogUtils: osVersion = 8.1.0
06-10 10:41:29.147  7363  7633 I NELogUtils: device_id = 38556967946490
06-10 10:41:29.147  7363  7633 I NELogUtils: network = WIFI
06-10 10:41:29.147  7363  7633 I NELogUtils: isp = null
06-10 10:41:29.147  7363  7633 I NELogUtils: sdk_version = v1.5.9-and
06-10 10:41:29.147  7363  7633 I NELogUtils: 
06-10 10:41:29.147  7363  7633 I NELogUtils: 
06-10 10:41:29.148  7363  7633 I NELogUtils: 234/NEDBHelper open
06-10 10:41:29.149  7363  7633 I NEMEDIA : 234/NEMediaPlayer setTraceLevel 4
06-10 10:41:29.149  7363  7633 I NEMEDIA : 
06-10 10:41:29.149  7363  7633 I NEMEDIA : 234/nelp_set_log_level(4)
06-10 10:41:29.149  7363  7633 I NEMEDIA : 
06-10 10:41:29.149  7363  7633 I NEMediaPlayer: 234/initPlayer completed
06-10 10:41:29.150  7363  7633 I NEAbstractMediaPlayer: 234/setOnVideoSizeChangedListener:com.netease.cloudmusic.module.video.ai$24$2@3710eb7
06-10 10:41:29.150  7363  7633 I NEAbstractMediaPlayer: 234/setOnCompletionListener:com.netease.cloudmusic.module.video.ai$20$2@2293624
06-10 10:41:29.150  7363  7633 I NEAbstractMediaPlayer: 234/setOnErrorListener:com.netease.cloudmusic.module.video.ai$25$2@de3358d
06-10 10:41:29.150  7363  7633 I NEAbstractMediaPlayer: 234/setOnBufferingUpdateListener:com.netease.cloudmusic.module.video.ai$21$2@c1cf342
06-10 10:41:29.150  7363  7633 I NEAbstractMediaPlayer: 234/setOnInfoListener:com.netease.cloudmusic.module.video.ai$26$2@17ddf53
06-10 10:41:29.150  7363  7633 I NEAbstractMediaPlayer: 234/setOnPreparedListener:com.netease.cloudmusic.module.video.ai$19$2@9d59090
06-10 10:41:29.150  7363  7633 I NEAbstractMediaPlayer: 234/setOnSeekCompleteListener:com.netease.cloudmusic.module.video.ai$22$2@15a9d89
06-10 10:41:29.151  7363  7633 I NEMediaPlayer: 234/set volume : 0.0
06-10 10:41:29.151  7363  7633 I NEMEDIA : 234/NEMediaPlayer set volume = 0.000000
06-10 10:41:29.151  7363  7633 I NEMEDIA : 
06-10 10:41:29.151  7363  7633 I NEMEDIA : 234/nemp_android_set_volume(0.000000, 0.000000)
06-10 10:41:29.151  7363  7633 D NEMEDIA : 234/ffpipeline_set_volume
06-10 10:41:29.151  7363  7633 D NEMEDIA : 
06-10 10:41:29.151  7363  7633 I NEMEDIA : 234/nemp_android_set_volume(0.000000, 0.000000)=void
06-10 10:41:29.151  7363  7633 I NEMediaPlayer: 236/releaseSync player!
06-10 10:41:29.151  7363  7633 I NEMediaPlayer: 236/release player,isAsyn:false
06-10 10:41:29.152  7363  7633 I NEDeviceInfo: 236/releaseLocation
06-10 10:41:29.152  7363  7633 I NEAbstractMediaPlayer: 236/resetListeners
06-10 10:41:29.152  7363  7633 I NEMEDIA : 236/NEMediaPlayer release
06-10 10:41:29.152  7363  7633 I NEMEDIA : 
06-10 10:41:29.152  7363  7633 I NEMEDIA : 236/nemp_set_android_surface(surface=0x0)
06-10 10:41:29.152  7363  7633 D NEMEDIA : 236/ffpipeline_set_surface()
06-10 10:41:29.152  7363  7633 D NEMEDIA : 
06-10 10:41:29.152  7363  7633 I NEMEDIA : 236/nemp_set_android_surface(surface=0x0)=void
06-10 10:41:29.152  7363  7633 I NEMEDIA : 236/ijkmp_set_ifromat_name
06-10 10:41:29.152  7363  7633 I NEMEDIA : 
06-10 10:41:29.153  7363  7633 I NEMEDIA : 236/nelp_shutdown_l()
06-10 10:41:29.153  7363  7633 I NEMEDIA : 
06-10 10:41:29.153  7363  7633 I NEMEDIA : 236/nelp_shutdown_l()=void
06-10 10:41:29.153  7363  7633 I NEMEDIA : 
06-10 10:41:29.153  7363  7633 I NEMEDIA : 236/nelp_dec_ref(): ref=0
06-10 10:41:29.153  7363  7633 I NEMEDIA : 
06-10 10:41:29.153  7363  7633 I NEMEDIA : 236/nelp_shutdown_l()
06-10 10:41:29.153  7363  7633 I NEMEDIA : 
06-10 10:41:29.153  7363  7633 I NEMEDIA : 236/nelp_shutdown_l()=void
06-10 10:41:29.153  7363  7633 I NEMEDIA : 
06-10 10:41:29.153  7363  7633 I NEMediaPlayer: 236/sendNELog
06-10 10:41:29.153  7363  7633 I NELogUtils: 236/ uninit: mCurrentLogFileName /storage/emulated/0/com.netease.cloudmusic/log/2019-06-10-10-41-29.log#true
06-10 10:41:29.154  7363  7633 I NELogUtils: 236/start sendSDKLog
06-10 10:41:29.154  7363  7633 I NELogUtils: 242/sendSDKLog SharedMiscThread run， log output end and db close
06-10 10:41:29.156  7363  7363 I zygote  : Deoptimizing int com.facebook.drawee.drawable.ArrayDrawable.getOpacity() due to JIT inline cache
06-10 10:41:29.158  2364  2364 I StatusBar: taskId 6 keep false cmpComponentInfo{com.netease.cloudmusic/com.netease.cloudmusic.activity.LoadingActivity}
06-10 10:41:29.204  4582  7483 V xiaomi  : [Thread:107] JOB: Handle intent action = com.xiaomi.mipush.SEND_MESSAGE
06-10 10:41:29.205  4582  7483 V xiaomi  : [Thread:107] Perf_code  packetType  1009  length 231
06-10 10:41:29.206  4582  7483 V xiaomi  : [Thread:107] try send mi push message. packagename:com.netease.cloudmusic action:Notification
06-10 10:41:29.415  2129  2129 E SurfaceFlinger: [Sprite#0] rejecting buffer: bufWidth=38, bufHeight=38, front.active.{w=33, h=42}
06-10 10:41:29.451  2238  3264 I chatty  : uid=1000(system) RenderThread expire 19 lines
06-10 10:41:29.779  2364  2364 D ViewRootImpl[StatusBar]: updatePointerIcon called with position out of bounds
06-10 10:41:30.232  2129  2129 E SurfaceFlinger: [Sprite#0] rejecting buffer: bufWidth=38, bufHeight=38, front.active.{w=33, h=42}
06-10 10:41:31.145  2238  3518 E WindowManager: Unknown window type: 2039
06-10 10:41:31.150  2238  3518 I chatty  : uid=1000(system) Binder:2238_D identical 3 lines
06-10 10:41:31.152  2238  3518 E WindowManager: Unknown window type: 2039
06-10 10:41:31.170  2238  2286 E WindowManager: Unknown window type: 2039
06-10 10:41:31.183  2238  2286 I chatty  : uid=1000(system) android.anim identical 1 line
06-10 10:41:31.299  2238  2286 E WindowManager: Unknown window type: 2039
06-10 10:41:31.642  3042  3617 I CastDatabase: Saving the database
06-10 10:41:31.644  3042  3617 I SQLiteCastStore: [CastNetworkInfo] saved: 0, skipped: 0, [CastDeviceInfo]: saved 0, skipped 0, Paired Guest Mode DeviceInfo] saved: 0, skipped: 0. [ProbedNetworks]: save 0, skipped: 0
06-10 10:41:32.577  6671  6671 I cr_OfflineIndicator: Reported by system: [ Transports: WIFI Capabilities: NOT_METERED&INTERNET&NOT_RESTRICTED&TRUSTED&NOT_VPN&FOREGROUND LinkUpBandwidth>=1048576Kbps LinkDnBandwidth>=1048576Kbps SignalStrength: -65]
06-10 10:41:32.577  6671  6671 I cr_OfflineIndicator: Retry after 5000ms
06-10 10:41:32.842  2364  2364 D ViewRootImpl[]: updatePointerIcon called with position out of bounds
06-10 10:41:32.850  2129  2129 E SurfaceFlinger: [Sprite#0] rejecting buffer: bufWidth=38, bufHeight=38, front.active.{w=33, h=42}
06-10 10:41:32.965  2364  2364 I chatty  : uid=10033(com.android.systemui) identical 8 lines
06-10 10:41:32.982  2364  2364 D ViewRootImpl[]: updatePointerIcon called with position out of bounds
06-10 10:41:35.001  2364  2364 D ViewRootImpl[OpenthosStatusBar]: updatePointerIcon called with position out of bounds
06-10 10:41:35.001  2364  2364 D ViewRootImpl[StatusBar]: updatePointerIcon called with position out of bounds
06-10 10:41:35.003  2238  7102 E WindowManager: Unknown window type: 2039
06-10 10:41:35.004  2364  2364 D ViewRootImpl[]: updatePointerIcon called after view was removed
06-10 10:41:35.004  2364  2364 W InputEventReceiver: Attempted to finish an input event but the input event receiver has already been disposed.
06-10 10:41:35.004  2364  2364 W ViewRootImpl[]: Dropping event due to root view being removed: MotionEvent { action=ACTION_BUTTON_PRESS, actionButton=BUTTON_PRIMARY, id[0]=0, x[0]=861.6768, y[0]=39.37793, toolType[0]=TOOL_TYPE_MOUSE, buttonState=BUTTON_PRIMARY, metaState=0, flags=0x0, edgeFlags=0x0, pointerCount=1, historySize=0, eventTime=6540119, downTime=6540119, deviceId=3, source=0x2002 }
06-10 10:41:35.004  2364  2364 W InputEventReceiver: Attempted to finish an input event but the input event receiver has already been disposed.
06-10 10:41:35.133  2238  2286 E WindowManager: Unknown window type: 2039
06-10 10:41:36.559  2238  2249 E WindowManager: Unknown window type: 2039
06-10 10:41:36.566  2238  2249 I chatty  : uid=1000(system) Binder:2238_1 identical 3 lines
06-10 10:41:36.569  2238  2249 E WindowManager: Unknown window type: 2039
06-10 10:41:36.586  2238  2286 E WindowManager: Unknown window type: 2039
06-10 10:41:36.616  7363  7363 I pool-10-thread-: type=1400 audit(0.0:1030): avc: denied { bind } for scontext=u:r:untrusted_app_25:s0:c512,c768 tcontext=u:r:untrusted_app_25:s0:c512,c768 tclass=icmp_socket permissive=1
06-10 10:41:36.616  7363  7363 I pool-10-thread-: type=1400 audit(0.0:1031): avc: denied { connect } for lport=13 scontext=u:r:untrusted_app_25:s0:c512,c768 tcontext=u:r:untrusted_app_25:s0:c512,c768 tclass=icmp_socket permissive=1
06-10 10:41:36.616  7363  7363 I pool-10-thread-: type=1400 audit(0.0:1032): avc: denied { getattr } for laddr=192.168.0.150 lport=13 faddr=220.181.38.148 scontext=u:r:untrusted_app_25:s0:c512,c768 tcontext=u:r:untrusted_app_25:s0:c512,c768 tclass=icmp_socket permissive=1
06-10 10:41:37.049  2129  2129 E SurfaceFlinger: [Sprite#0] rejecting buffer: bufWidth=38, bufHeight=38, front.active.{w=33, h=42}
06-10 10:41:37.617  6671  6671 I cr_OfflineIndicator: Reported by system: [ Transports: WIFI Capabilities: NOT_METERED&INTERNET&NOT_RESTRICTED&TRUSTED&NOT_VPN&FOREGROUND LinkUpBandwidth>=1048576Kbps LinkDnBandwidth>=1048576Kbps SignalStrength: -64]
06-10 10:41:37.617  6671  6671 I cr_OfflineIndicator: Retry after 5000ms
06-10 10:41:42.658  6671  6671 I cr_OfflineIndicator: Reported by system: [ Transports: WIFI Capabilities: NOT_METERED&INTERNET&NOT_RESTRICTED&TRUSTED&NOT_VPN&FOREGROUND LinkUpBandwidth>=1048576Kbps LinkDnBandwidth>=1048576Kbps SignalStrength: -52]
06-10 10:41:42.658  6671  6671 I cr_OfflineIndicator: Retry after 5000ms
06-10 10:41:36.600  2238  2286 I chatty  : uid=1000(system) android.anim identical 1 line
06-10 10:41:36.716  2238  2286 E WindowManager: Unknown window type: 2039
06-10 10:41:42.773  2364  2364 D ViewRootImpl[OpenthosStatusBar]: updatePointerIcon called with position out of bounds
06-10 10:41:42.773  2364  2364 D ViewRootImpl[StatusBar]: updatePointerIcon called with position out of bounds
06-10 10:41:42.888  2117  6737 I audio_hw_primary: choose pcmC0D0p for 0
06-10 10:41:42.889  2238  7102 E WindowManager: Unknown window type: 2039
06-10 10:41:43.016  2238  2286 E WindowManager: Unknown window type: 2039
06-10 10:41:43.397  2364  2364 D ViewRootImpl[StatusBar]: updatePointerIcon called with position out of bounds
06-10 10:41:45.474  2238  7102 E WindowManager: Unknown window type: 2039
06-10 10:41:45.483  2238  7102 I chatty  : uid=1000(system) Binder:2238_16 identical 3 lines
06-10 10:41:45.485  2238  7102 E WindowManager: Unknown window type: 2039
06-10 10:41:45.503  2238  2286 E WindowManager: Unknown window type: 2039
06-10 10:41:45.516  2238  2286 I chatty  : uid=1000(system) android.anim identical 1 line
06-10 10:41:45.633  2238  2286 E WindowManager: Unknown window type: 2039
06-10 10:41:46.749  2364  2364 D ViewRootImpl[]: updatePointerIcon called with position out of bounds
06-10 10:41:46.865  2364  2364 I chatty  : uid=10033(com.android.systemui) identical 7 lines
06-10 10:41:46.882  2364  2364 D ViewRootImpl[]: updatePointerIcon called with position out of bounds
06-10 10:41:46.961  2364  2364 D ViewRootImpl[OpenthosStatusBar]: updatePointerIcon called with position out of bounds
06-10 10:41:46.961  2364  2364 D ViewRootImpl[StatusBar]: updatePointerIcon called with position out of bounds
06-10 10:41:46.963  2238  2249 E WindowManager: Unknown window type: 2039
06-10 10:41:46.964  2364  2364 D ViewRootImpl[]: updatePointerIcon called after view was removed
06-10 10:41:46.964  2364  2364 W InputEventReceiver: Attempted to finish an input event but the input event receiver has already been disposed.
