--------- beginning of system
06-10 08:52:39.406  2106  2106 I vold    : Vold 3.0 (the awakening) firing up
06-10 08:52:39.407  2106  2106 V vold    : Detected support for: exfat ext4 f2fs iso9660 ntfs vfat
06-10 08:52:39.409  2106  2106 I vold    : [libfs_mgr]fs_mgr_read_fstab_dt(): failed to read fstab from dt
06-10 08:52:39.414  2106  2110 D vold    : e4crypt_init_user0
06-10 08:52:39.414  2106  2110 D vold    : e4crypt_prepare_user_storage for volume null, user 0, serial 0, flags 1
06-10 08:52:39.414  2106  2110 D vold    : Preparing: /data/system/users/0
06-10 08:52:39.414  2106  2110 D vold    : Preparing: /data/misc/profiles/cur/0
06-10 08:52:39.415  2106  2110 D vold    : Preparing: /data/system_de/0
06-10 08:52:39.415  2106  2110 D vold    : Preparing: /data/misc_de/0
06-10 08:52:39.415  2106  2110 D vold    : Preparing: /data/user_de/0
06-10 08:52:39.416  2106  2110 D vold    : e4crypt_unlock_user_key 0 serial=0 token_present=0
06-10 08:52:39.508  2140  2140 I installd: installd firing up
06-10 08:52:39.529  2147  2147 I wificond: wificond is starting up...
06-10 08:52:39.543  2126  2126 I android.hardware.wifi@1.0-service: Wifi Hal is booting up...
06-10 08:52:40.164  2114  2114 D Zygote32Timing: PostZygoteInitGC took to complete: 11ms
06-10 08:52:40.164  2114  2114 D Zygote32Timing: ZygoteInit took to complete: 12ms
06-10 08:52:40.185  2113  2113 D Zygote64Timing: BeginIcuCachePinning took to complete: 41ms
06-10 08:52:40.515  2113  2113 D Zygote64Timing: PreloadClasses took to complete: 330ms
06-10 08:52:40.636  2113  2113 D Zygote64Timing: PreloadResources took to complete: 120ms
06-10 08:52:40.680  2113  2113 D Zygote64Timing: ZygotePreload took to complete: 535ms
06-10 08:52:40.686  2113  2113 D Zygote64Timing: PostZygoteInitGC took to complete: 7ms
06-10 08:52:40.686  2113  2113 D Zygote64Timing: ZygoteInit took to complete: 542ms
06-10 08:52:40.746  2238  2238 I SystemServer: InitBeforeStartServices
06-10 08:52:40.747  2238  2238 I SystemServer: Entered the Android system server!
06-10 08:52:40.868  2238  2238 D SystemServerTiming: InitBeforeStartServices took to complete: 121ms
06-10 08:52:40.868  2238  2238 I SystemServer: StartServices
06-10 08:52:40.868  2238  2238 I SystemServer: Reading configuration...
06-10 08:52:40.868  2238  2238 I SystemServer: ReadingSystemConfig
06-10 08:52:40.868  2238  2238 D SystemServerTiming: ReadingSystemConfig took to complete: 0ms
06-10 08:52:40.868  2238  2238 I SystemServer: StartInstaller
06-10 08:52:40.868  2238  2238 I SystemServiceManager: Starting com.android.server.pm.Installer
06-10 08:52:40.868  2238  2251 D SystemServerInitThreadPool: Started executing ReadingSystemConfig
06-10 08:52:40.870  2238  2238 D SystemServerTiming: StartInstaller took to complete: 1ms
06-10 08:52:40.870  2238  2238 I SystemServer: DeviceIdentifiersPolicyService
06-10 08:52:40.870  2238  2238 I SystemServiceManager: Starting com.android.server.os.DeviceIdentifiersPolicyService
06-10 08:52:40.870  2238  2238 D SystemServerTiming: DeviceIdentifiersPolicyService took to complete: 1ms
06-10 08:52:40.870  2238  2238 I SystemServer: StartActivityManager
06-10 08:52:40.870  2238  2238 I SystemServiceManager: Starting com.android.server.am.ActivityManagerService$Lifecycle
06-10 08:52:40.886  2238  2238 I ActivityManager: Memory class: 192
06-10 08:52:40.889  2238  2251 D SystemServerInitThreadPool: Finished executing ReadingSystemConfig
06-10 08:52:40.904  2238  2238 D BatteryStatsImpl: Reading daily items from /data/system/batterystats-daily.xml
06-10 08:52:40.917  2238  2256 E BatteryExternalStatsWorker: no controller energy info supplied for telephony
06-10 08:52:40.919  2238  2256 E KernelUidCpuFreqTimeReader: Failed to read /proc/uid_time_in_state: java.io.FileNotFoundException: /proc/uid_time_in_state (No such file or directory)
06-10 08:52:40.919  2238  2256 E KernelCpuSpeedReader: Failed to read cpu-freq: /sys/devices/system/cpu/cpu0/cpufreq/stats/time_in_state (No such file or directory)
06-10 08:52:40.921  2238  2256 W KernelMemoryBandwidthStats: No kernel memory bandwidth stats available
06-10 08:52:40.956  2238  2238 I IntentFirewall: Read new rules (A:0 B:0 S:0)
06-10 08:52:40.958  2238  2238 D AppOps  : AppOpsService published
06-10 08:52:40.959  2238  2238 D SystemServerTiming: StartActivityManager took to complete: 88ms
06-10 08:52:40.959  2238  2238 I SystemServer: StartPowerManager
06-10 08:52:40.959  2238  2238 I SystemServiceManager: Starting com.android.server.power.PowerManagerService
06-10 08:52:40.963  2238  2238 D SystemServerTiming: StartPowerManager took to complete: 5ms
06-10 08:52:40.963  2238  2238 I SystemServer: InitPowerManagement
06-10 08:52:40.965  2238  2238 D SystemServerTiming: InitPowerManagement took to complete: 1ms
06-10 08:52:40.965  2238  2238 I SystemServer: StartRecoverySystemService
06-10 08:52:40.965  2238  2238 I SystemServiceManager: Starting com.android.server.RecoverySystemService
06-10 08:52:40.965  2238  2238 D SystemServerTiming: StartRecoverySystemService took to complete: 1ms
06-10 08:52:40.965  2238  2238 V RescueParty: Disabled because of eng build
06-10 08:52:40.965  2238  2238 I SystemServer: StartLightsService
06-10 08:52:40.965  2238  2238 I SystemServiceManager: Starting com.android.server.lights.LightsService
06-10 08:52:40.965  2238  2238 D SystemServerTiming: StartLightsService took to complete: 0ms
06-10 08:52:40.965  2238  2238 I SystemServer: StartDisplayManager
06-10 08:52:40.965  2238  2238 I SystemServiceManager: Starting com.android.server.display.DisplayManagerService
06-10 08:52:40.967  2238  2238 D SystemServerTiming: StartDisplayManager took to complete: 2ms
06-10 08:52:40.967  2238  2238 I SystemServer: WaitForDisplay
06-10 08:52:40.967  2238  2238 I SystemServiceManager: Starting phase 100
06-10 08:52:40.969  2238  2260 I DisplayManagerService: Display device added: DisplayDeviceInfo{"内置屏幕": uniqueId="local:0", 1920 x 1080, modeId 1, defaultModeId 1, supportedModes [{id=1, width=1920, height=1080, fps=60.000004}], colorMode 0, supportedColorModes [0], HdrCapabilities android.view.Display$HdrCapabilities@a69d6308, density 240, 92.0 x 94.0 dpi, appVsyncOff 1000000, presDeadline 16666666, touch INTERNAL, rotation 0, type BUILT_IN, state UNKNOWN, FLAG_DEFAULT_DISPLAY, FLAG_ROTATES_WITH_CONTENT, FLAG_SECURE, FLAG_SUPPORTS_PROTECTED_BUFFERS}
06-10 08:52:40.984  2238  2260 I DisplayManagerService: Display device changed state: "内置屏幕", ON
06-10 08:52:40.984  2238  2238 D SystemServerTiming: WaitForDisplay took to complete: 16ms
06-10 08:52:40.984  2238  2238 I SystemServer: StartPackageManagerService
06-10 08:52:40.997  2238  2238 D SELinuxMMAC: Using policy file /system/etc/selinux/plat_mac_permissions.xml
06-10 08:52:40.998  2238  2238 D SELinuxMMAC: Using policy file /vendor/etc/selinux/nonplat_mac_permissions.xml
06-10 08:52:41.039  2238  2238 W PackageSettings: Couldn't write 10079 to /config/sdcardfs/com.github.uiautomator/appid
06-10 08:52:41.039  2238  2238 W PackageSettings: Couldn't write 10006 to /config/sdcardfs/com.android.cts.priv.ctsshim/appid
06-10 08:52:41.039  2238  2238 W PackageSettings: Couldn't write 10073 to /config/sdcardfs/com.google.android.youtube/appid
06-10 08:52:41.039  2238  2238 W PackageSettings: Couldn't write 10054 to /config/sdcardfs/org.chromium.chrome/appid
06-10 08:52:41.040  2238  2238 W PackageSettings: Couldn't write 10015 to /config/sdcardfs/com.google.android.ext.services/appid
06-10 08:52:41.040  2238  2238 W PackageSettings: Couldn't write 1001 to /config/sdcardfs/com.android.providers.telephony/appid
06-10 08:52:41.040  2238  2238 W PackageSettings: Couldn't write 10003 to /config/sdcardfs/org.android_x86.analytics/appid
06-10 08:52:41.040  2238  2238 W PackageSettings: Couldn't write 10036 to /config/sdcardfs/com.google.android.googlequicksearchbox/appid
06-10 08:52:41.040  2238  2238 W PackageSettings: Couldn't write 10004 to /config/sdcardfs/com.android.providers.calendar/appid
06-10 08:52:41.040  2238  2238 W PackageSettings: Couldn't write 10012 to /config/sdcardfs/com.android.providers.media/appid
06-10 08:52:41.040  2238  2238 W PackageSettings: Couldn't write 10018 to /config/sdcardfs/com.google.android.onetimeinitializer/appid
06-10 08:52:41.040  2238  2238 W PackageSettings: Couldn't write 10056 to /config/sdcardfs/com.google.android.ext.shared/appid
06-10 08:52:41.040  2238  2238 W PackageSettings: Couldn't write 10075 to /config/sdcardfs/com.sohu.inputmethod.sogou/appid
06-10 08:52:41.040  2238  2238 W PackageSettings: Couldn't write 10037 to /config/sdcardfs/com.android.wallpapercropper/appid
06-10 08:52:41.040  2238  2238 W PackageSettings: Couldn't write 10010 to /config/sdcardfs/com.android.documentsui/appid
06-10 08:52:41.040  2238  2238 W PackageSettings: Couldn't write 10011 to /config/sdcardfs/com.android.externalstorage/appid
06-10 08:52:41.040  2238  2238 W PackageSettings: Couldn't write 10060 to /config/sdcardfs/com.android.htmlviewer/appid
06-10 08:52:41.040  2238  2238 W PackageSettings: Couldn't write 10049 to /config/sdcardfs/com.android.companiondevicemanager/appid
06-10 08:52:41.040  2238  2238 W PackageSettings: Couldn't write 1001 to /config/sdcardfs/com.android.mms.service/appid
06-10 08:52:41.040  2238  2238 W PackageSettings: Couldn't write 10012 to /config/sdcardfs/com.android.providers.downloads/appid
06-10 08:52:41.040  2238  2238 W PackageSettings: Couldn't write 10080 to /config/sdcardfs/com.github.uiautomator.test/appid
06-10 08:52:41.040  2238  2238 W PackageSettings: Couldn't write 10025 to /config/sdcardfs/de.k3b.android.androFotoFinder/appid
06-10 08:52:41.040  2238  2238 W PackageSettings: Couldn't write 10076 to /config/sdcardfs/com.sohuott.tv.vod/appid
06-10 08:52:41.040  2238  2238 W PackageSettings: Couldn't write 10007 to /config/sdcardfs/com.android.defcontainer/appid
06-10 08:52:41.041  2238  2238 W PackageSettings: Couldn't write 10024 to /config/sdcardfs/org.openthos.filemanager/appid
06-10 08:52:41.041  2238  2238 W PackageSettings: Couldn't write 10012 to /config/sdcardfs/com.android.providers.downloads.ui/appid
06-10 08:52:41.041  2238  2238 W PackageSettings: Couldn't write 10027 to /config/sdcardfs/com.android.vending/appid
06-10 08:52:41.041  2238  2238 W PackageSettings: Couldn't write 10066 to /config/sdcardfs/com.android.pacprocessor/appid
06-10 08:52:41.041  2238  2238 W PackageSettings: Couldn't write 10046 to /config/sdcardfs/com.android.certinstaller/appid
06-10 08:52:41.041  2238  2238 W PackageSettings: Couldn't write 10005 to /config/sdcardfs/com.android.carrierconfig/appid
06-10 08:52:41.041  2238  2238 W PackageSettings: Couldn't write 1000 to /config/sdcardfs/android/appid
06-10 08:52:41.041  2238  2238 W PackageSettings: Couldn't write 10009 to /config/sdcardfs/com.android.contacts/appid
06-10 08:52:41.041  2238  2238 W PackageSettings: Couldn't write 10047 to /config/sdcardfs/com.android.camera2/appid
06-10 08:52:41.041  2238  2238 W PackageSettings: Couldn't write 10074 to /config/sdcardfs/com.eolwral.osmonitor/appid
06-10 08:52:41.041  2238  2238 W PackageSettings: Couldn't write 10026 to /config/sdcardfs/org.openthos.soundrecorder/appid
06-10 08:52:41.041  2238  2238 W PackageSettings: Couldn't write 10053 to /config/sdcardfs/com.android.egg/appid
06-10 08:52:41.041  2238  2238 W PackageSettings: Couldn't write 10012 to /config/sdcardfs/com.android.mtp/appid
06-10 08:52:41.041  2238  2238 W PackageSettings: Couldn't write 10063 to /config/sdcardfs/com.android.launcher3/appid
06-10 08:52:41.041  2238  2238 W PackageSettings: Couldn't write 10002 to /config/sdcardfs/com.android.backupconfirm/appid
06-10 08:52:41.041  2238  2238 W PackageSettings: Couldn't write 10062 to /config/sdcardfs/org.openthos.compress/appid
06-10 08:52:41.041  2238  2238 W PackageSettings: Couldn't write 10030 to /config/sdcardfs/com.android.statementservice/appid
06-10 08:52:41.041  2238  2238 W PackageSettings: Couldn't write 10061 to /config/sdcardfs/com.google.android.gm/appid
06-10 08:52:41.041  2238  2238 W PackageSettings: Couldn't write 10044 to /config/sdcardfs/com.android.calendar/appid
06-10 08:52:41.042  2238  2238 W PackageSettings: Couldn't write 10000 to /config/sdcardfs/com.android.systemui.theme.dark/appid
06-10 08:52:41.042  2238  2238 W PackageSettings: Couldn't write 10031 to /config/sdcardfs/com.google.android.setupwizard/appid
06-10 08:52:41.042  2238  2238 W PackageSettings: Couldn't write 10065 to /config/sdcardfs/org.openthos.inputmethod.pinyin/appid
06-10 08:52:41.042  2238  2238 W PackageSettings: Couldn't write 1000 to /config/sdcardfs/com.android.providers.settings/appid
06-10 08:52:41.042  2238  2238 W PackageSettings: Couldn't write 10029 to /config/sdcardfs/com.android.sharedstoragebackup/appid
06-10 08:52:41.042  2238  2238 W PackageSettings: Couldn't write 10069 to /config/sdcardfs/com.android.printspooler/appid
06-10 08:52:41.042  2238  2238 W PackageSettings: Couldn't write 10023 to /config/sdcardfs/org.openthos.seafile/appid
06-10 08:52:41.042  2238  2238 W PackageSettings: Couldn't write 10039 to /config/sdcardfs/com.android.dreams.basic/appid
06-10 08:52:41.042  2238  2238 W PackageSettings: Couldn't write 1000 to /config/sdcardfs/com.android.inputdevices/appid
06-10 08:52:41.042  2238  2238 W PackageSettings: Couldn't write 10042 to /config/sdcardfs/com.android.bips/appid
06-10 08:52:41.042  2238  2238 W PackageSettings: Couldn't write 10008 to /config/sdcardfs/com.android.cellbroadcastreceiver/appid
06-10 08:52:41.042  2238  2238 W PackageSettings: Couldn't write 10072 to /config/sdcardfs/com.google.android.webview/appid
06-10 08:52:41.042  2238  2238 W PackageSettings: Couldn't write 10059 to /config/sdcardfs/com.google.android.syncadapters.contacts/appid
06-10 08:52:41.042  2238  2238 W PackageSettings: Couldn't write 1000 to /config/sdcardfs/com.android.keychain/appid
06-10 08:52:41.042  2238  2238 W PackageSettings: Couldn't write 10051 to /config/sdcardfs/com.android.chrome/appid
06-10 08:52:41.042  2238  2238 W PackageSettings: Couldn't write 10016 to /config/sdcardfs/com.android.dialer/appid
06-10 08:52:41.042  2238  2238 W PackageSettings: Couldn't write 10019 to /config/sdcardfs/com.google.android.packageinstaller/appid
06-10 08:52:41.042  2238  2238 W PackageSettings: Couldn't write 10014 to /config/sdcardfs/com.google.android.gms/appid
06-10 08:52:41.042  2238  2238 W PackageSettings: Couldn't write 10014 to /config/sdcardfs/com.google.android.gsf/appid
06-10 08:52:41.042  2238  2238 W PackageSettings: Couldn't write 10001 to /config/sdcardfs/com.android.calllogbackup/appid
06-10 08:52:41.042  2238  2238 W PackageSettings: Couldn't write 10020 to /config/sdcardfs/com.google.android.partnersetup/appid
06-10 08:52:41.043  2238  2238 W PackageSettings: Couldn't write 10038 to /config/sdcardfs/com.android.basicsmsreceiver/appid
06-10 08:52:41.043  2238  2238 W PackageSettings: Couldn't write 10045 to /config/sdcardfs/com.android.carrierdefaultapp/appid
06-10 08:52:41.043  2238  2238 W PackageSettings: Couldn't write 10068 to /config/sdcardfs/com.svox.pico/appid
06-10 08:52:41.043  2238  2238 W PackageSettings: Couldn't write 10028 to /config/sdcardfs/com.android.proxyhandler/appid
06-10 08:52:41.043  2238  2238 W PackageSettings: Couldn't write 10064 to /config/sdcardfs/com.android.inputmethod.latin/appid
06-10 08:52:41.043  2238  2238 W PackageSettings: Couldn't write 10017 to /config/sdcardfs/com.google.android.feedback/appid
06-10 08:52:41.043  2238  2238 W PackageSettings: Couldn't write 10058 to /config/sdcardfs/com.google.android.printservice.recommendation/appid
06-10 08:52:41.043  2238  2238 W PackageSettings: Couldn't write 10057 to /config/sdcardfs/com.google.android.syncadapters.calendar/appid
06-10 08:52:41.043  2238  2238 W PackageSettings: Couldn't write 10021 to /config/sdcardfs/com.android.managedprovisioning/appid
06-10 08:52:41.043  2238  2238 W PackageSettings: Couldn't write 10067 to /config/sdcardfs/com.android.providers.partnerbookmarks/appid
06-10 08:52:41.043  2238  2238 W PackageSettings: Couldn't write 10014 to /config/sdcardfs/com.google.android.gsf.login/appid
06-10 08:52:41.043  2238  2238 W PackageSettings: Couldn't write 10014 to /config/sdcardfs/com.google.android.backuptransport/appid
06-10 08:52:41.043  2238  2238 W PackageSettings: Couldn't write 10022 to /config/sdcardfs/org.openthos.appstore/appid
06-10 08:52:41.043  2238  2238 W PackageSettings: Couldn't write 10032 to /config/sdcardfs/com.android.storagemanager/appid
06-10 08:52:41.043  2238  2238 W PackageSettings: Couldn't write 10041 to /config/sdcardfs/com.android.bookmarkprovider/appid
06-10 08:52:41.043  2238  2238 W PackageSettings: Couldn't write 1000 to /config/sdcardfs/com.android.settings/appid
06-10 08:52:41.043  2238  2238 W PackageSettings: Couldn't write 10034 to /config/sdcardfs/com.termux/appid
06-10 08:52:41.043  2238  2238 W PackageSettings: Couldn't write 10055 to /config/sdcardfs/com.android.calculator2/appid
06-10 08:52:41.043  2238  2238 W PackageSettings: Couldn't write 10048 to /config/sdcardfs/com.android.cts.ctsshim/appid
06-10 08:52:41.043  2238  2238 W PackageSettings: Couldn't write 10035 to /config/sdcardfs/com.android.vpndialogs/appid
06-10 08:52:41.043  2238  2238 W PackageSettings: Couldn't write 1001 to /config/sdcardfs/com.android.phone/appid
06-10 08:52:41.043  2238  2238 W PackageSettings: Couldn't write 2000 to /config/sdcardfs/com.android.shell/appid
06-10 08:52:41.043  2238  2238 W PackageSettings: Couldn't write 1000 to /config/sdcardfs/com.android.wallpaperbackup/appid
06-10 08:52:41.043  2238  2238 W PackageSettings: Couldn't write 10001 to /config/sdcardfs/com.android.providers.blockednumber/appid
06-10 08:52:41.044  2238  2238 W PackageSettings: Couldn't write 10001 to /config/sdcardfs/com.android.providers.userdictionary/appid
06-10 08:52:41.044  2238  2238 W PackageSettings: Couldn't write 10013 to /config/sdcardfs/com.android.emergency/appid
06-10 08:52:41.044  2238  2238 W PackageSettings: Couldn't write 1000 to /config/sdcardfs/com.android.location.fused/appid
06-10 08:52:41.044  2238  2238 W PackageSettings: Couldn't write 10052 to /config/sdcardfs/com.android.deskclock/appid
06-10 08:52:41.044  2238  2238 W PackageSettings: Couldn't write 10033 to /config/sdcardfs/com.android.systemui/appid
06-10 08:52:41.044  2238  2238 W PackageSettings: Couldn't write 10040 to /config/sdcardfs/com.android.bluetoothmidiservice/appid
06-10 08:52:41.044  2238  2238 W PackageSettings: Couldn't write 10070 to /config/sdcardfs/com.termoneplus/appid
06-10 08:52:41.044  2238  2238 W PackageSettings: Couldn't write 10077 to /config/sdcardfs/com.example.test.notificationtest/appid
06-10 08:52:41.044  2238  2238 W PackageSettings: Couldn't write 1002 to /config/sdcardfs/com.android.bluetooth/appid
06-10 08:52:41.044  2238  2238 W PackageSettings: Couldn't write 10050 to /config/sdcardfs/com.android.development/appid
06-10 08:52:41.044  2238  2238 W PackageSettings: Couldn't write 10071 to /config/sdcardfs/com.android.wallpaperpicker/appid
06-10 08:52:41.044  2238  2238 W PackageSettings: Couldn't write 10001 to /config/sdcardfs/com.android.providers.contacts/appid
06-10 08:52:41.044  2238  2238 W PackageSettings: Couldn't write 10078 to /config/sdcardfs/com.netease.cloudmusic/appid
06-10 08:52:41.044  2238  2238 W PackageSettings: Couldn't write 10043 to /config/sdcardfs/com.android.captiveportallogin/appid
06-10 08:52:41.049  2238  2238 W PackageManager: Failed to parse /system/framework/oat: Missing base APK in /system/framework/oat
06-10 08:52:41.049  2238  2238 W PackageManager: Failed to parse /system/framework/x86: Missing base APK in /system/framework/x86
06-10 08:52:41.049  2238  2238 W PackageManager: Failed to parse /system/framework/x86_64: Missing base APK in /system/framework/x86_64
06-10 08:52:41.085  2238  2275 W PackageParser: No actions in intent filter at /system/priv-app/Contacts/Contacts.apk Binary XML file line #443
06-10 08:52:41.132  2238  2273 W PackageParser: Ignoring duplicate uses-permissions/uses-permissions-sdk-m: android.permission.RECEIVE_BOOT_COMPLETED in package: org.openthos.appstore at: Binary XML file line #13
06-10 08:52:41.141  2238  2273 W PackageParser: No actions in intent filter at /system/priv-app/OtoPhoto/OtoPhoto.apk Binary XML file line #252
06-10 08:52:41.165  2238  2275 W PackageParser: Ignoring duplicate uses-permissions/uses-permissions-sdk-m: android.permission.INSTALL_GRANT_RUNTIME_PERMISSIONS in package: com.android.shell at: Binary XML file line #106
06-10 08:52:41.204  2238  2275 W PackageParser: Ignoring duplicate uses-permissions/uses-permissions-sdk-m: android.permission.CONFIGURE_WIFI_DISPLAY in package: com.android.systemui at: Binary XML file line #131
06-10 08:52:41.246  2238  2272 W PackageParser: Ignoring duplicate uses-permissions/uses-permissions-sdk-m: android.permission.READ_PHONE_STATE in package: com.google.android.googlequicksearchbox at: Binary XML file line #233
06-10 08:52:41.247  2238  2272 W PackageParser: Ignoring duplicate uses-permissions/uses-permissions-sdk-m: android.permission.CAMERA in package: com.google.android.googlequicksearchbox at: Binary XML file line #269
06-10 08:52:41.271  2238  2273 I PackageParser: Parse times for '/system/priv-app/Settings': parse=127ms, update_cache=0 ms
06-10 08:52:41.274  2238  2238 W PackageManager: Permission group android.permission-group.SUPERUSER from package com.android.settings ignored: original from org.openthos.seafile
06-10 08:52:41.283  2238  2278 W PackageParser: Ignoring duplicate uses-permissions/uses-permissions-sdk-m: android.permission.READ_CONTACTS in package: com.android.bluetooth at: Binary XML file line #61
06-10 08:52:41.285  2238  2278 W PackageParser: No actions in intent filter at /system/app/Bluetooth/Bluetooth.apk Binary XML file line #225
06-10 08:52:41.291  2238  2278 W PackageParser: No actions in intent filter at /system/app/CarrierDefaultApp/CarrierDefaultApp.apk Binary XML file line #50
06-10 08:52:41.319  2238  2278 W PackageParser: Ignoring duplicate uses-permissions/uses-permissions-sdk-m: android.permission.REQUEST_INSTALL_PACKAGES in package: org.chromium.chrome at: Binary XML file line #21
06-10 08:52:41.325  2238  2238 W PackageManager: Failed to scan /system/app/Chrome: Package com.android.chrome at /system/app/Chrome ignored: updated version 368309011 better than this 266108911
06-10 08:52:41.362  2238  2279 W PackageParser: No actions in intent filter at /system/app/Gmail2/Gmail2.apk Binary XML file line #281
06-10 08:52:41.370  2238  2277 W PackageParser: No actions in intent filter at /system/app/TermOnePlus/TermOnePlus.apk Binary XML file line #145
06-10 08:52:41.405  2238  2238 I PackageManager: Finished scanning system apps. Time: 360 ms, packageCount: 94 , timePerPackage: 3 , cached: 0
06-10 08:52:41.430  2238  2281 W PackageParser: Unknown element under <manifest>: meta-data at /data/app/com.example.test.notificationtest-GS4qJ2UedYCbkeV7-JxECA==/base.apk Binary XML file line #11
06-10 08:52:41.443  2238  2280 W PackageParser: Ignoring duplicate uses-permissions/uses-permissions-sdk-m: android.permission.READ_EXTERNAL_STORAGE in package: com.netease.cloudmusic at: Binary XML file line #-1
06-10 08:52:41.482  2238  2282 W PackageParser: Ignoring duplicate uses-permissions/uses-permissions-sdk-m: permission_null in package: com.sohuott.tv.vod at: Binary XML file line #34
06-10 08:52:41.482  2238  2282 W PackageParser: Unknown element under <manifest>: meta-data at /data/app/com.sohuott.tv.vod-MyGdwo1Xc3KDS4LKWKyvoA==/base.apk Binary XML file line #44
06-10 08:52:41.494  2238  2280 W PackageParser: Ignoring duplicate uses-permissions/uses-permissions-sdk-m: android.permission.INTERNET in package: com.github.uiautomator at: Binary XML file line #39
06-10 08:52:41.494  2238  2280 W PackageParser: Unknown element under <manifest>: meta-data at /data/app/com.github.uiautomator-2LAcHk7hOtJz8hqlsiKOsA==/base.apk Binary XML file line #47
06-10 08:52:41.495  2238  2283 W PackageParser: No actions in intent filter at /data/app/com.sohu.inputmethod.sogou-TV5jYJusa7E2VOAMsmHrIQ==/base.apk Binary XML file line #979
06-10 08:52:41.501  2238  2238 I PackageManager: Finished scanning non-system apps. Time: 95 ms, packageCount: 8 , timePerPackage: 11 , cached: 0
06-10 08:52:41.505  2238  2238 I PackageManager: Time to scan packages: 0.46 seconds
06-10 08:52:41.506  2238  2238 I PackageManager: Un-granting permission android.permission.INSTALL_GRANT_RUNTIME_PERMISSIONS from package com.android.vending (protectionLevel=770 flags=0x384abe45)
06-10 08:52:41.506  2238  2238 I PackageManager: Un-granting permission android.permission.GRANT_RUNTIME_PERMISSIONS from package com.android.vending (protectionLevel=770 flags=0x384abe45)
06-10 08:52:41.506  2238  2238 I PackageManager: Un-granting permission android.permission.REVOKE_RUNTIME_PERMISSIONS from package com.android.vending (protectionLevel=770 flags=0x384abe45)
06-10 08:52:41.506  2238  2238 I PackageManager: Un-granting permission android.permission.SET_PREFERRED_APPLICATIONS from package com.android.vending (protectionLevel=514 flags=0x384abe45)
06-10 08:52:41.506  2238  2238 I PackageManager: Un-granting permission android.permission.ACCESS_INSTANT_APPS from package com.android.vending (protectionLevel=770 flags=0x384abe45)
06-10 08:52:41.506  2238  2238 I PackageManager: Un-granting permission android.permission.CLEAR_APP_USER_DATA from package com.google.android.packageinstaller (protectionLevel=258 flags=0x38483e45)
06-10 08:52:41.506  2238  2238 I PackageManager: Un-granting permission android.permission.GRANT_RUNTIME_PERMISSIONS from package com.google.android.packageinstaller (protectionLevel=770 flags=0x38483e45)
06-10 08:52:41.506  2238  2238 I PackageManager: Un-granting permission android.permission.REVOKE_RUNTIME_PERMISSIONS from package com.google.android.packageinstaller (protectionLevel=770 flags=0x38483e45)
06-10 08:52:41.506  2238  2238 I PackageManager: Un-granting permission android.permission.INSTALL_GRANT_RUNTIME_PERMISSIONS from package com.google.android.packageinstaller (protectionLevel=770 flags=0x38483e45)
06-10 08:52:41.506  2238  2238 I PackageManager: Un-granting permission android.permission.INTERACT_ACROSS_USERS_FULL from package com.google.android.packageinstaller (protectionLevel=258 flags=0x38483e45)
06-10 08:52:41.506  2238  2238 I PackageManager: Un-granting permission android.permission.KILL_UID from package com.google.android.packageinstaller (protectionLevel=258 flags=0x38483e45)
06-10 08:52:41.506  2238  2238 I PackageManager: Un-granting permission android.permission.MANAGE_APP_OPS_RESTRICTIONS from package com.google.android.packageinstaller (protectionLevel=258 flags=0x38483e45)
06-10 08:52:41.506  2238  2238 I PackageManager: Un-granting permission android.permission.HIDE_NON_SYSTEM_OVERLAY_WINDOWS from package com.google.android.packageinstaller (protectionLevel=258 flags=0x38483e45)
06-10 08:52:41.506  2238  2238 I PackageManager: Un-granting permission android.permission.ACCESS_INSTANT_APPS from package com.google.android.packageinstaller (protectionLevel=770 flags=0x38483e45)
06-10 08:52:41.506  2238  2238 V PackageManager: reconcileAppsData for null u0 0x3 migrateAppData=true
06-10 08:52:41.527  2238  2238 V PackageManager: reconcileAppsData finished 17 packages
06-10 08:52:41.527  2238  2284 D SystemServerInitThreadPool: Started executing prepareAppData
06-10 08:52:41.533  2238  2238 W PackageSettings: Couldn't write 10079 to /config/sdcardfs/com.github.uiautomator/appid
06-10 08:52:41.533  2238  2238 W PackageSettings: Couldn't write 10006 to /config/sdcardfs/com.android.cts.priv.ctsshim/appid
06-10 08:52:41.533  2238  2238 W PackageSettings: Couldn't write 10073 to /config/sdcardfs/com.google.android.youtube/appid
06-10 08:52:41.533  2238  2238 W PackageSettings: Couldn't write 10054 to /config/sdcardfs/org.chromium.chrome/appid
06-10 08:52:41.533  2238  2238 W PackageSettings: Couldn't write 10015 to /config/sdcardfs/com.google.android.ext.services/appid
06-10 08:52:41.533  2238  2238 W PackageSettings: Couldn't write 1001 to /config/sdcardfs/com.android.providers.telephony/appid
06-10 08:52:41.533  2238  2238 W PackageSettings: Couldn't write 10003 to /config/sdcardfs/org.android_x86.analytics/appid
06-10 08:52:41.533  2238  2238 W PackageSettings: Couldn't write 10036 to /config/sdcardfs/com.google.android.googlequicksearchbox/appid
06-10 08:52:41.533  2238  2238 W PackageSettings: Couldn't write 10004 to /config/sdcardfs/com.android.providers.calendar/appid
06-10 08:52:41.533  2238  2238 W PackageSettings: Couldn't write 10012 to /config/sdcardfs/com.android.providers.media/appid
06-10 08:52:41.533  2238  2238 W PackageSettings: Couldn't write 10018 to /config/sdcardfs/com.google.android.onetimeinitializer/appid
06-10 08:52:41.533  2238  2238 W PackageSettings: Couldn't write 10056 to /config/sdcardfs/com.google.android.ext.shared/appid
06-10 08:52:41.533  2238  2238 W PackageSettings: Couldn't write 10075 to /config/sdcardfs/com.sohu.inputmethod.sogou/appid
06-10 08:52:41.533  2238  2238 W PackageSettings: Couldn't write 10037 to /config/sdcardfs/com.android.wallpapercropper/appid
06-10 08:52:41.534  2238  2238 W PackageSettings: Couldn't write 10010 to /config/sdcardfs/com.android.documentsui/appid
06-10 08:52:41.534  2238  2238 W PackageSettings: Couldn't write 10011 to /config/sdcardfs/com.android.externalstorage/appid
06-10 08:52:41.534  2238  2238 W PackageSettings: Couldn't write 10060 to /config/sdcardfs/com.android.htmlviewer/appid
06-10 08:52:41.534  2238  2238 W PackageSettings: Couldn't write 10049 to /config/sdcardfs/com.android.companiondevicemanager/appid
06-10 08:52:41.534  2238  2238 W PackageSettings: Couldn't write 1001 to /config/sdcardfs/com.android.mms.service/appid
06-10 08:52:41.534  2238  2238 W PackageSettings: Couldn't write 10012 to /config/sdcardfs/com.android.providers.downloads/appid
06-10 08:52:41.534  2238  2238 W PackageSettings: Couldn't write 10080 to /config/sdcardfs/com.github.uiautomator.test/appid
06-10 08:52:41.534  2238  2238 W PackageSettings: Couldn't write 10025 to /config/sdcardfs/de.k3b.android.androFotoFinder/appid
06-10 08:52:41.534  2238  2238 W PackageSettings: Couldn't write 10076 to /config/sdcardfs/com.sohuott.tv.vod/appid
06-10 08:52:41.534  2238  2238 W PackageSettings: Couldn't write 10007 to /config/sdcardfs/com.android.defcontainer/appid
06-10 08:52:41.534  2238  2238 W PackageSettings: Couldn't write 10024 to /config/sdcardfs/org.openthos.filemanager/appid
06-10 08:52:41.534  2238  2238 W PackageSettings: Couldn't write 10012 to /config/sdcardfs/com.android.providers.downloads.ui/appid
06-10 08:52:41.534  2238  2238 W PackageSettings: Couldn't write 10027 to /config/sdcardfs/com.android.vending/appid
06-10 08:52:41.534  2238  2238 W PackageSettings: Couldn't write 10066 to /config/sdcardfs/com.android.pacprocessor/appid
06-10 08:52:41.534  2238  2238 W PackageSettings: Couldn't write 10046 to /config/sdcardfs/com.android.certinstaller/appid
06-10 08:52:41.534  2238  2238 W PackageSettings: Couldn't write 10005 to /config/sdcardfs/com.android.carrierconfig/appid
06-10 08:52:41.534  2238  2238 W PackageSettings: Couldn't write 1000 to /config/sdcardfs/android/appid
06-10 08:52:41.534  2238  2238 W PackageSettings: Couldn't write 10009 to /config/sdcardfs/com.android.contacts/appid
06-10 08:52:41.534  2238  2238 W PackageSettings: Couldn't write 10047 to /config/sdcardfs/com.android.camera2/appid
06-10 08:52:41.534  2238  2238 W PackageSettings: Couldn't write 10074 to /config/sdcardfs/com.eolwral.osmonitor/appid
06-10 08:52:41.534  2238  2238 W PackageSettings: Couldn't write 10026 to /config/sdcardfs/org.openthos.soundrecorder/appid
06-10 08:52:41.534  2238  2238 W PackageSettings: Couldn't write 10053 to /config/sdcardfs/com.android.egg/appid
06-10 08:52:41.534  2238  2238 W PackageSettings: Couldn't write 10012 to /config/sdcardfs/com.android.mtp/appid
06-10 08:52:41.534  2238  2238 W PackageSettings: Couldn't write 10063 to /config/sdcardfs/com.android.launcher3/appid
06-10 08:52:41.534  2238  2238 W PackageSettings: Couldn't write 10002 to /config/sdcardfs/com.android.backupconfirm/appid
06-10 08:52:41.534  2238  2238 W PackageSettings: Couldn't write 10062 to /config/sdcardfs/org.openthos.compress/appid
06-10 08:52:41.534  2238  2238 W PackageSettings: Couldn't write 10030 to /config/sdcardfs/com.android.statementservice/appid
06-10 08:52:41.534  2238  2238 W PackageSettings: Couldn't write 10061 to /config/sdcardfs/com.google.android.gm/appid
06-10 08:52:41.534  2238  2238 W PackageSettings: Couldn't write 10044 to /config/sdcardfs/com.android.calendar/appid
06-10 08:52:41.534  2238  2238 W PackageSettings: Couldn't write 10000 to /config/sdcardfs/com.android.systemui.theme.dark/appid
06-10 08:52:41.535  2238  2238 W PackageSettings: Couldn't write 10031 to /config/sdcardfs/com.google.android.setupwizard/appid
06-10 08:52:41.535  2238  2238 W PackageSettings: Couldn't write 10065 to /config/sdcardfs/org.openthos.inputmethod.pinyin/appid
06-10 08:52:41.535  2238  2238 W PackageSettings: Couldn't write 1000 to /config/sdcardfs/com.android.providers.settings/appid
06-10 08:52:41.535  2238  2238 W PackageSettings: Couldn't write 10029 to /config/sdcardfs/com.android.sharedstoragebackup/appid
06-10 08:52:41.535  2238  2238 W PackageSettings: Couldn't write 10069 to /config/sdcardfs/com.android.printspooler/appid
06-10 08:52:41.535  2238  2238 W PackageSettings: Couldn't write 10023 to /config/sdcardfs/org.openthos.seafile/appid
06-10 08:52:41.535  2238  2238 W PackageSettings: Couldn't write 10039 to /config/sdcardfs/com.android.dreams.basic/appid
06-10 08:52:41.535  2238  2238 W PackageSettings: Couldn't write 1000 to /config/sdcardfs/com.android.inputdevices/appid
06-10 08:52:41.535  2238  2238 W PackageSettings: Couldn't write 10042 to /config/sdcardfs/com.android.bips/appid
06-10 08:52:41.535  2238  2238 W PackageSettings: Couldn't write 10008 to /config/sdcardfs/com.android.cellbroadcastreceiver/appid
06-10 08:52:41.535  2238  2238 W PackageSettings: Couldn't write 10072 to /config/sdcardfs/com.google.android.webview/appid
06-10 08:52:41.535  2238  2238 W PackageSettings: Couldn't write 10059 to /config/sdcardfs/com.google.android.syncadapters.contacts/appid
06-10 08:52:41.535  2238  2238 W PackageSettings: Couldn't write 1000 to /config/sdcardfs/com.android.keychain/appid
06-10 08:52:41.535  2238  2238 W PackageSettings: Couldn't write 10051 to /config/sdcardfs/com.android.chrome/appid
06-10 08:52:41.535  2238  2238 W PackageSettings: Couldn't write 10016 to /config/sdcardfs/com.android.dialer/appid
06-10 08:52:41.535  2238  2238 W PackageSettings: Couldn't write 10019 to /config/sdcardfs/com.google.android.packageinstaller/appid
06-10 08:52:41.535  2238  2238 W PackageSettings: Couldn't write 10014 to /config/sdcardfs/com.google.android.gms/appid
06-10 08:52:41.535  2238  2238 W PackageSettings: Couldn't write 10014 to /config/sdcardfs/com.google.android.gsf/appid
06-10 08:52:41.535  2238  2238 W PackageSettings: Couldn't write 10001 to /config/sdcardfs/com.android.calllogbackup/appid
06-10 08:52:41.535  2238  2238 W PackageSettings: Couldn't write 10020 to /config/sdcardfs/com.google.android.partnersetup/appid
06-10 08:52:41.535  2238  2238 W PackageSettings: Couldn't write 10038 to /config/sdcardfs/com.android.basicsmsreceiver/appid
06-10 08:52:41.535  2238  2238 W PackageSettings: Couldn't write 10045 to /config/sdcardfs/com.android.carrierdefaultapp/appid
06-10 08:52:41.535  2238  2238 W PackageSettings: Couldn't write 10068 to /config/sdcardfs/com.svox.pico/appid
06-10 08:52:41.535  2238  2238 W PackageSettings: Couldn't write 10028 to /config/sdcardfs/com.android.proxyhandler/appid
06-10 08:52:41.535  2238  2238 W PackageSettings: Couldn't write 10064 to /config/sdcardfs/com.android.inputmethod.latin/appid
06-10 08:52:41.535  2238  2238 W PackageSettings: Couldn't write 10017 to /config/sdcardfs/com.google.android.feedback/appid
06-10 08:52:41.535  2238  2238 W PackageSettings: Couldn't write 10058 to /config/sdcardfs/com.google.android.printservice.recommendation/appid
06-10 08:52:41.535  2238  2238 W PackageSettings: Couldn't write 10057 to /config/sdcardfs/com.google.android.syncadapters.calendar/appid
06-10 08:52:41.535  2238  2238 W PackageSettings: Couldn't write 10021 to /config/sdcardfs/com.android.managedprovisioning/appid
06-10 08:52:41.535  2238  2238 W PackageSettings: Couldn't write 10067 to /config/sdcardfs/com.android.providers.partnerbookmarks/appid
06-10 08:52:41.535  2238  2238 W PackageSettings: Couldn't write 10014 to /config/sdcardfs/com.google.android.gsf.login/appid
06-10 08:52:41.536  2238  2238 W PackageSettings: Couldn't write 10014 to /config/sdcardfs/com.google.android.backuptransport/appid
06-10 08:52:41.536  2238  2238 W PackageSettings: Couldn't write 10022 to /config/sdcardfs/org.openthos.appstore/appid
06-10 08:52:41.536  2238  2238 W PackageSettings: Couldn't write 10032 to /config/sdcardfs/com.android.storagemanager/appid
06-10 08:52:41.536  2238  2238 W PackageSettings: Couldn't write 10041 to /config/sdcardfs/com.android.bookmarkprovider/appid
06-10 08:52:41.536  2238  2238 W PackageSettings: Couldn't write 1000 to /config/sdcardfs/com.android.settings/appid
06-10 08:52:41.536  2238  2238 W PackageSettings: Couldn't write 10034 to /config/sdcardfs/com.termux/appid
06-10 08:52:41.536  2238  2238 W PackageSettings: Couldn't write 10055 to /config/sdcardfs/com.android.calculator2/appid
06-10 08:52:41.536  2238  2238 W PackageSettings: Couldn't write 10048 to /config/sdcardfs/com.android.cts.ctsshim/appid
06-10 08:52:41.536  2238  2238 W PackageSettings: Couldn't write 10035 to /config/sdcardfs/com.android.vpndialogs/appid
06-10 08:52:41.536  2238  2238 W PackageSettings: Couldn't write 1001 to /config/sdcardfs/com.android.phone/appid
06-10 08:52:41.536  2238  2238 W PackageSettings: Couldn't write 2000 to /config/sdcardfs/com.android.shell/appid
06-10 08:52:41.536  2238  2238 W PackageSettings: Couldn't write 1000 to /config/sdcardfs/com.android.wallpaperbackup/appid
06-10 08:52:41.536  2238  2238 W PackageSettings: Couldn't write 10001 to /config/sdcardfs/com.android.providers.blockednumber/appid
06-10 08:52:41.536  2238  2238 W PackageSettings: Couldn't write 10001 to /config/sdcardfs/com.android.providers.userdictionary/appid
06-10 08:52:41.536  2238  2238 W PackageSettings: Couldn't write 10013 to /config/sdcardfs/com.android.emergency/appid
06-10 08:52:41.536  2238  2238 W PackageSettings: Couldn't write 1000 to /config/sdcardfs/com.android.location.fused/appid
06-10 08:52:41.536  2238  2238 W PackageSettings: Couldn't write 10052 to /config/sdcardfs/com.android.deskclock/appid
06-10 08:52:41.536  2238  2238 W PackageSettings: Couldn't write 10033 to /config/sdcardfs/com.android.systemui/appid
06-10 08:52:41.536  2238  2238 W PackageSettings: Couldn't write 10040 to /config/sdcardfs/com.android.bluetoothmidiservice/appid
06-10 08:52:41.536  2238  2238 W PackageSettings: Couldn't write 10070 to /config/sdcardfs/com.termoneplus/appid
06-10 08:52:41.536  2238  2238 W PackageSettings: Couldn't write 10077 to /config/sdcardfs/com.example.test.notificationtest/appid
06-10 08:52:41.536  2238  2238 W PackageSettings: Couldn't write 1002 to /config/sdcardfs/com.android.bluetooth/appid
06-10 08:52:41.536  2238  2238 W PackageSettings: Couldn't write 10050 to /config/sdcardfs/com.android.development/appid
06-10 08:52:41.536  2238  2238 W PackageSettings: Couldn't write 10071 to /config/sdcardfs/com.android.wallpaperpicker/appid
06-10 08:52:41.536  2238  2238 W PackageSettings: Couldn't write 10001 to /config/sdcardfs/com.android.providers.contacts/appid
06-10 08:52:41.536  2238  2238 W PackageSettings: Couldn't write 10078 to /config/sdcardfs/com.netease.cloudmusic/appid
06-10 08:52:41.536  2238  2238 W PackageSettings: Couldn't write 10043 to /config/sdcardfs/com.android.captiveportallogin/appid
06-10 08:52:41.543  2238  2238 V PackageManager: Ephemeral resolver found; pkg: com.google.android.gms, info:ResolveInfo{625928b com.google.android.gms/.chimera.PersistentBoundBrokerService m=0x108000}
06-10 08:52:41.543  2238  2238 D PackageManager: Set ephemeral resolver: Pair{ComponentInfo{com.google.android.gms/com.google.android.gms.chimera.PersistentBoundBrokerService} android.intent.action.RESOLVE_INSTANT_APP_PACKAGE}
06-10 08:52:41.546  2238  2238 D PackageManager: Set ephemeral installer activity: ComponentInfo{com.android.vending/com.google.android.finsky.instantapps.EphemeralInstallerActivity}
06-10 08:52:41.582  2238  2238 D SystemServerTiming: StartPackageManagerService took to complete: 599ms
06-10 08:52:41.583  2238  2238 I SystemServer: StartOtaDexOptService
06-10 08:52:41.583  2238  2238 D OTADexopt: No upgrade, skipping A/B artifacts check.
06-10 08:52:41.583  2238  2238 D SystemServerTiming: StartOtaDexOptService took to complete: 1ms
06-10 08:52:41.583  2238  2238 I SystemServer: StartUserManagerService
06-10 08:52:41.583  2238  2238 I SystemServiceManager: Starting com.android.server.pm.UserManagerService$LifeCycle
06-10 08:52:41.583  2238  2238 D SystemServerTiming: StartUserManagerService took to complete: 0ms
06-10 08:52:41.583  2238  2238 I SystemServer: InitAttributerCache
06-10 08:52:41.584  2238  2238 D SystemServerTiming: InitAttributerCache took to complete: 0ms
06-10 08:52:41.584  2238  2238 I SystemServer: SetSystemProcess
06-10 08:52:41.588  2238  2284 D SystemServerTimingAsync: AppDataFixup took to complete: 59ms
06-10 08:52:41.589  2238  2238 D SystemServerTiming: SetSystemProcess took to complete: 6ms
06-10 08:52:41.590  2238  2238 I SystemServer: StartOverlayManagerService
06-10 08:52:41.592  2238  2238 D SystemServerTiming: StartOverlayManagerService took to complete: 1ms
06-10 08:52:41.592  2238  2287 D SystemServerInitThreadPool: Started executing Init OverlayManagerService
06-10 08:52:41.592  2238  2238 I SystemServer: StartDropBoxManager
06-10 08:52:41.592  2238  2238 I SystemServiceManager: Starting com.android.server.DropBoxManagerService
06-10 08:52:41.592  2238  2288 D SystemServerInitThreadPool: Started executing StartSensorService
06-10 08:52:41.594  2238  2238 D SystemServerTiming: StartDropBoxManager took to complete: 3ms
06-10 08:52:41.594  2238  2238 I SystemServer: StartBatteryService
06-10 08:52:41.594  2238  2238 I SystemServiceManager: Starting com.android.server.BatteryService
06-10 08:52:41.596  2238  2238 D SystemServerTiming: StartBatteryService took to complete: 2ms
06-10 08:52:41.596  2238  2238 I SystemServer: StartUsageService
06-10 08:52:41.597  2238  2238 I SystemServiceManager: Starting com.android.server.usage.UsageStatsService
06-10 08:52:41.602  2238  2238 D SystemServerTiming: StartUsageService took to complete: 6ms
06-10 08:52:41.602  2238  2238 I SystemServer: StartWebViewUpdateService
06-10 08:52:41.603  2238  2238 I SystemServiceManager: Starting com.android.server.webkit.WebViewUpdateService
06-10 08:52:41.607  2238  2238 D SystemServerTiming: StartWebViewUpdateService took to complete: 5ms
06-10 08:52:41.608  2238  2238 I SystemServer: StartKeyAttestationApplicationIdProviderService
06-10 08:52:41.608  2238  2251 D SystemServerInitThreadPool: Started executing SecondaryZygotePreload
06-10 08:52:41.608  2238  2251 I SystemServer: SecondaryZygotePreload
06-10 08:52:41.610  2238  2238 D SystemServerTiming: StartKeyAttestationApplicationIdProviderService took to complete: 3ms
06-10 08:52:41.610  2238  2238 I SystemServer: StartKeyChainSystemService
06-10 08:52:41.610  2238  2238 I SystemServiceManager: Starting com.android.server.security.KeyChainSystemService
06-10 08:52:41.610  2238  2238 D SystemServerTiming: StartKeyChainSystemService took to complete: 0ms
06-10 08:52:41.610  2238  2238 I SystemServer: StartSchedulingPolicyService
06-10 08:52:41.610  2238  2238 D SystemServerTiming: StartSchedulingPolicyService took to complete: 0ms
06-10 08:52:41.610  2238  2238 I SystemServer: StartTelecomLoaderService
06-10 08:52:41.611  2238  2238 I SystemServiceManager: Starting com.android.server.telecom.TelecomLoaderService
06-10 08:52:41.611  2238  2238 D SystemServerTiming: StartTelecomLoaderService took to complete: 1ms
06-10 08:52:41.611  2238  2238 I SystemServer: StartTelephonyRegistry
06-10 08:52:41.615  2238  2238 D SystemServerTiming: StartTelephonyRegistry took to complete: 4ms
06-10 08:52:41.615  2238  2238 I SystemServer: StartEntropyMixer
06-10 08:52:41.616  2238  2238 I EntropyMixer: Writing entropy...
06-10 08:52:41.620  2238  2238 D SystemServerTiming: StartEntropyMixer took to complete: 4ms
06-10 08:52:41.620  2238  2238 I SystemServer: StartAccountManagerService
06-10 08:52:41.620  2238  2238 I SystemServiceManager: Starting com.android.server.accounts.AccountManagerService$Lifecycle
06-10 08:52:41.622  2238  2287 D SystemServerInitThreadPool: Finished executing Init OverlayManagerService
06-10 08:52:41.628  2238  2238 D SystemServerTiming: StartAccountManagerService took to complete: 9ms
06-10 08:52:41.628  2238  2238 I SystemServer: StartContentService
06-10 08:52:41.631  2238  2238 I SystemServiceManager: Starting com.android.server.content.ContentService$Lifecycle
06-10 08:52:41.631  2238  2238 D SystemServerTiming: StartContentService took to complete: 3ms
06-10 08:52:41.631  2238  2238 I SystemServer: InstallSystemProviders
06-10 08:52:41.647  2238  2238 D SystemServerTiming: InstallSystemProviders took to complete: 16ms
06-10 08:52:41.647  2238  2238 I SystemServer: StartVibratorService
06-10 08:52:41.648  2114  2114 D ZygoteInitTiming_lazy: BeginIcuCachePinning took to complete: 20ms
06-10 08:52:41.648  2238  2238 D SystemServerTiming: StartVibratorService took to complete: 1ms
06-10 08:52:41.648  2238  2238 I SystemServer: StartConsumerIrService
06-10 08:52:41.649  2238  2238 D SystemServerTiming: StartConsumerIrService took to complete: 0ms
06-10 08:52:41.649  2238  2238 I SystemServer: StartAlarmManagerService
06-10 08:52:41.649  2238  2238 I SystemServiceManager: Starting com.android.server.AlarmManagerService
06-10 08:52:41.650  2238  2238 D SystemServerTiming: StartAlarmManagerService took to complete: 2ms
06-10 08:52:41.650  2238  2238 I SystemServer: InitWatchdog
06-10 08:52:41.651  2238  2238 D SystemServerTiming: InitWatchdog took to complete: 0ms
06-10 08:52:41.651  2238  2238 I SystemServer: StartInputManagerService
06-10 08:52:41.653  2238  2238 I InputManager: Initializing input manager, mUseDevInputEventForAudioJack=true
06-10 08:52:41.653  2238  2238 D SystemServerTiming: StartInputManagerService took to complete: 3ms
06-10 08:52:41.653  2238  2238 I SystemServer: StartWindowManagerService
06-10 08:52:41.675  2238  2284 D SystemServerTimingAsync: AppDataPrepare took to complete: 88ms
06-10 08:52:41.675  2238  2284 I PackageManager: Deferred reconcileAppsData finished 85 packages
06-10 08:52:41.675  2238  2284 D SystemServerInitThreadPool: Finished executing prepareAppData
06-10 08:52:41.839  2114  2114 D ZygoteInitTiming_lazy: PreloadClasses took to complete: 191ms
06-10 08:52:41.869  2114  2114 D ZygoteInitTiming_lazy: PreloadResources took to complete: 29ms
06-10 08:52:41.919  2238  2251 D SystemServerTimingAsync: SecondaryZygotePreload took to complete: 312ms
06-10 08:52:41.919  2238  2251 D SystemServerInitThreadPool: Finished executing SecondaryZygotePreload
06-10 08:52:42.512  2146  2157 I /system/bin/storaged: storaged: Start
06-10 08:52:45.684  2238  2288 D SystemServerTimingAsync: StartSensorService took to complete: 4092ms
06-10 08:52:45.684  2238  2288 D SystemServerInitThreadPool: Finished executing StartSensorService
06-10 08:52:45.706  2238  2260 I WindowManager: No existing display settings /data/system/display_settings.xml; starting empty
06-10 08:52:45.734  2238  2238 D SystemServerTiming: StartWindowManagerService took to complete: 4081ms
06-10 08:52:45.734  2238  2238 I SystemServer: StartVrManagerService
06-10 08:52:45.734  2238  2238 I SystemServiceManager: Starting com.android.server.vr.VrManagerService
06-10 08:52:45.734  2238  2287 D SystemServerInitThreadPool: Started executing StartHidlServices
06-10 08:52:45.735  2238  2287 D SystemServerTimingAsync: StartHidlServices took to complete: 1ms
06-10 08:52:45.735  2238  2287 D SystemServerInitThreadPool: Finished executing StartHidlServices
06-10 08:52:45.736  2238  2238 D SystemServerTiming: StartVrManagerService took to complete: 1ms
06-10 08:52:45.736  2238  2238 I SystemServer: SetWindowManagerService
06-10 08:52:45.738  2238  2238 D SystemServerTiming: SetWindowManagerService took to complete: 2ms
06-10 08:52:45.738  2238  2238 I SystemServer: StartInputManager
06-10 08:52:45.738  2238  2238 I InputManager: Starting input manager
06-10 08:52:45.740  2238  2238 D SystemServerTiming: StartInputManager took to complete: 2ms
06-10 08:52:45.740  2238  2238 I SystemServer: DisplayManagerWindowManagerAndInputReady
06-10 08:52:45.740  2238  2238 D SystemServerTiming: DisplayManagerWindowManagerAndInputReady took to complete: 0ms
06-10 08:52:45.740  2238  2238 I SystemServer: StartBluetoothService
06-10 08:52:45.740  2238  2238 I SystemServiceManager: Starting com.android.server.BluetoothService
06-10 08:52:45.743  2238  2238 D BluetoothManagerService: Loading stored name and address
06-10 08:52:45.743  2238  2238 D BluetoothManagerService: Stored bluetooth Name=Z1-520V,Address=null
06-10 08:52:45.743  2238  2238 D BluetoothManagerService: Bluetooth persisted state: 0
06-10 08:52:45.744  2238  2238 D SystemServerTiming: StartBluetoothService took to complete: 4ms
06-10 08:52:45.744  2238  2238 I SystemServer: IpConnectivityMetrics
06-10 08:52:45.744  2238  2238 I SystemServiceManager: Starting com.android.server.connectivity.IpConnectivityMetrics
06-10 08:52:45.745  2238  2238 D SystemServerTiming: IpConnectivityMetrics took to complete: 2ms
