W/System.err( 2431): 	at de.robv.android.xposed.XposedBridge.handleHookedMethod(XposedBridge.java:374)
W/System.err( 2431): 	at android.app.ApplicationThreadProxy.scheduleLaunchActivity(<Xposed>)
W/System.err( 2431): 	at com.android.server.am.ActivityStackSupervisor.realStartActivityLocked(ActivityStackSupervisor.java:1251)
W/System.err( 2431): 	at com.android.server.am.ActivityStackSupervisor.startSpecificActivityLocked(ActivityStackSupervisor.java:1351)
W/System.err( 2431): 	at com.android.server.am.ActivityStack.resumeTopActivityInnerLocked(ActivityStack.java:1933)
W/System.err( 2431): 	at com.android.server.am.ActivityStack.resumeTopActivityLocked(ActivityStack.java:1487)
W/System.err( 2431): 	at com.android.server.am.ActivityStackSupervisor.resumeTopActivitiesLocked(ActivityStackSupervisor.java:2809)
W/System.err( 2431): 	at com.android.server.am.ActivityStack.startActivityLocked(ActivityStack.java:2132)
W/System.err( 2431): 	at com.android.server.am.ActivityStackSupervisor.startActivityUncheckedLocked(ActivityStackSupervisor.java:2549)
W/System.err( 2431): 	at com.android.server.am.ActivityStackSupervisor.startActivityLocked(ActivityStackSupervisor.java:1585)
W/System.err( 2431): 	at com.android.server.am.ActivityStackSupervisor.startActivityMayWait(ActivityStackSupervisor.java:1011)
W/System.err( 2431): 	at com.android.server.am.ActivityManagerService.startActivityAsUser(ActivityManagerService.java:3521)
W/System.err( 2431): 	at com.android.server.am.ActivityManagerService.startActivity(ActivityManagerService.java:3508)
W/System.err( 2431): 	at de.robv.android.xposed.XposedBridge.invokeOriginalMethodNative(Native Method)
W/System.err( 2431): 	at de.robv.android.xposed.XposedBridge.handleHookedMethod(XposedBridge.java:360)
W/System.err( 2431): 	at com.android.server.am.ActivityManagerService.startActivity(<Xposed>)
W/System.err( 2431): 	at android.app.ActivityManagerNative.onTransact(ActivityManagerNative.java:154)
W/System.err( 2431): 	at com.android.server.am.ActivityManagerService.onTransact(ActivityManagerService.java:2309)
W/System.err( 2431): 	at android.os.Binder.execTransact(Binder.java:446)
W/System.err( 2431): Caused by: android.system.ErrnoException: open failed: ENOENT (No such file or directory)
W/System.err( 2431): 	at libcore.io.Posix.open(Native Method)
W/System.err( 2431): 	at libcore.io.BlockGuardOs.open(BlockGuardOs.java:186)
W/System.err( 2431): 	at libcore.io.IoBridge.open(IoBridge.java:442)
W/System.err( 2431): 	... 36 more
D/Prevent ( 2431): action: start activity, package: com.tencent.mm, count: 1
D/Prevent ( 2431): check sync for com.tencent.mm/.plugin.account.model.ContactsSyncService
V/Prevent ( 2431): com.tencent.mm/.plugin.account.model.ContactsSyncService, accountType: com.tencent.mm.account, contentAuthority: com.android.contacts, userVisible: true, supportsUploading: false
V/Prevent ( 2431): check account com.tencent.mm.account for com.android.contacts
D/Prevent ( 2431): com.tencent.mm/.plugin.account.model.ContactsSyncService is syncable, account type: com.tencent.mm.account, authority: com.android.contacts
D/Prevent ( 2431): sync for com.tencent.mm: true
W/ContextImpl( 2431): Calling a method in the system process without a qualified user: android.app.ContextImpl.sendBroadcast:1327 com.android.server.wm.WindowManagerService.hideStatusbarBroadcast:12094 com.android.server.am.ActivityStackSupervisor.mayAutoHideStatusBar:1884 com.android.server.am.ActivityStackSupervisor.adjustStatusBar:1891 com.android.server.am.ActivityStackSupervisor.setFocusedStack:1861 
I/ExcludingStoppedHook( 2431): actionandroid.intent.statusbar.hide
D/MicroMsg.SDK.MMessageAct(28794): send mm message, intent=Intent { flg=0x18000000 cmp=com.tencent.mm/.plugin.base.stub.WXEntryActivity (has extras) }
D/ReportController(28794): ReportRuntime: dc03206, ||||Account|Login|0X8009197|0X8009197|0|1|0|0|0|0|0|||||
I/ExcludingStoppedHook( 2431): actioncom.tencent.mm.Intent.ACTION_NET_STATS
D/Packet  (28794): getLoginedAccountList uinType:0 uin:0 SSOCommand:CliLogSvc.UploadReq
D/MSF.D.Proxy(28794):  send req to msfService:ToServiceMsg msName:unknown ssoSeq:-1 appId:537060958 appSeq:2 sName:com.tencent.mobileqq.msf.service.MsfService uin:0 sCmd:CliLogSvc.UploadReq t:30000 needResp:false needQuickSend:false strategy:0
D/MSF.S.ReqHandler(28822): recv com.tencent.docs req:ToServiceMsg msName:unknown ssoSeq:16188 appId:537060958 appSeq:2 sName:com.tencent.mobileqq.msf.service.MsfService uin:0 sCmd:CliLogSvc.UploadReq t:30000 needResp:false needQuickSend:false strategy:0
D/MSF.S.ReqHandler(28822): msfCommand: unknown
D/MSF.C.NetConnTag(28822): add ToServiceMsg msName:unknown ssoSeq:16188 appId:537060958 appSeq:2 sName:com.tencent.mobileqq.msf.service.MsfService uin:0 sCmd:CliLogSvc.UploadReq t:30000 needResp:false needQuickSend:false strategy:0 to sendQueue
D/MSF.C.NetConnTag(28822): correctMsgUinType|Uin=0, uinType=0, serviceCmd=CliLogSvc.UploadReq
D/mqq     (28794): [MSF Send]CliLogSvc.UploadReq appSeq:2 from b
D/MSF.C.ConfigManager(28822): save next get Wifi sso time is 19-06-04 10:00:06
D/MSF.C.ConfigManager(28822): load confReq iGetAppidTime1551084182 iGetSdkLastTime:1546091947 iGetEspLastTime:0
W/ActivityManager( 2431): getTasks: caller 10067 does not hold REAL_GET_TASKS; limiting output
D/MSF.C.NetConnTag(28822): add ToServiceMsg msName:_msf_getConfig ssoSeq:16189 appId:537060958 appSeq:-1 sName: uin:0 sCmd:ConfigService.ClientReq t:60000 needResp:true needQuickSend:false strategy:-1 to sendQueue
D/MSF.C.ConfigManager(28822): send checkConfig msg ok...
D/MSF.C.NetConnTag(28822): resetUserSimpleHead network type changed
D/MSF.C.NetConnTag(28822): pa ok: 16188
D/MSF.C.NetConnTag(28822): netSend appid:537060958 appSeq:2 ssoSeq:16188 uin:0 cmd:CliLogSvc.UploadReq len:291
D/MSF.C.NetworkTraffic(28822): write|291|2|CliLogSvc.UploadReq
D/MSF.C.ConfigManager(28822): entry getSsoListByHttp getspeedtest false
D/MSF.C.ConfigManager(28822): get ssolist use url:http://configsvr.msf.3g.qq.com/configsvr/serverlist.jsp?mType=getssolist
D/MSF.C.ConfigManager(28822): start send checkSso msg
V/WindowManager( 2431): ++++xiej, 04-13,7:26, getOrientationFromAppTokensLocked
D/MSF.C.NetConnTag(28822): correctMsgUinType|Uin=0, uinType=0, serviceCmd=ConfigService.ClientReq
D/MSF.C.NetConnTag(28822): pa ok: 16189
D/MSF.C.NetConnTag(28822): netSend appid:537060958 appSeq:-1 ssoSeq:16189 uin:0 cmd:ConfigService.ClientReq len:259
D/MSF.C.NetworkTraffic(28822): write|259|2|ConfigService.ClientReq
W/ActivityManager( 2431): getTasks: caller 10067 does not hold REAL_GET_TASKS; limiting output
I/ActivityManager( 2431): START u0 {flg=0x14000000 cmp=com.tencent.mm/.plugin.base.stub.UIEntryStub (has extras)} from uid 10067 on display 0
W/ContextImpl( 2431): Calling a method in the system process without a qualified user: android.app.ContextImpl.sendBroadcast:1327 com.android.server.wm.WindowManagerService.hideStatusbarBroadcast:12094 com.android.server.am.ActivityStackSupervisor.mayAutoHideStatusBar:1884 com.android.server.am.ActivityStackSupervisor.moveHomeStack:455 com.android.server.am.ActivityStack.moveToFront:493 
I/ExcludingStoppedHook( 2431): actionandroid.intent.statusbar.hide
V/WindowManager( 2431): ++++xiej, 04-13,7:26, getOrientationFromAppTokensLocked
V/WindowManager( 2431): ++++xiej, 04-13,7:26, getOrientationFromAppTokensLocked
W/ContextImpl( 2431): Calling a method in the system process without a qualified user: android.app.ContextImpl.sendBroadcast:1327 com.android.server.wm.WindowManagerService.hideStatusbarBroadcast:12094 com.android.server.am.ActivityStackSupervisor.mayAutoHideStatusBar:1884 com.android.server.am.ActivityStackSupervisor.adjustStatusBar:1891 com.android.server.am.ActivityStackSupervisor.setFocusedStack:1861 
V/WindowManager( 2431): ++++xiej, 04-13,7:26, getOrientationFromAppTokensLocked
D/MSF.C.NetworkTraffic(28822): read|279|2|ConfigService.ClientReq
D/MSF.C.NetConnTag(28822): netRecv ssoSeq:16189 uin:0 cmd:ConfigService.ClientReq len:279 costTime:35 SignalStrengths wifi:0 gsm:0 cdma:0 net:2
D/MSF.C.ConfigManager(28822): handle check ConfigResp .32
D/MSF.C.ConfigManager(28822): recvServerConfig: 
D/MSF.C.ConfigManager(28822): configInfo.iUpdateType is 0 , return
I/ExcludingStoppedHook( 2431): actionandroid.intent.statusbar.hide
W/ContextImpl( 2431): Calling a method in the system process without a qualified user: android.app.ContextImpl.sendBroadcast:1327 com.android.server.wm.WindowManagerService.hideStatusbarBroadcast:12094 com.android.server.am.ActivityStackSupervisor.mayAutoHideStatusBar:1884 com.android.server.am.ActivityStackSupervisor.moveHomeStack:455 com.android.server.am.ActivityStack.moveToFront:493 
I/ExcludingStoppedHook( 2431): actionandroid.intent.statusbar.hide
W/ContextImpl( 2431): Calling a method in the system process without a qualified user: android.app.ContextImpl.sendBroadcast:1327 com.android.server.wm.WindowManagerService.hideStatusbarBroadcast:12094 com.android.server.am.ActivityStackSupervisor.mayAutoHideStatusBar:1884 com.android.server.am.ActivityStackSupervisor.adjustStatusBar:1891 com.android.server.am.ActivityStackSupervisor.setFocusedStack:1861 
I/ExcludingStoppedHook( 2431): actionandroid.intent.statusbar.hide
V/WindowManager( 2431): addAppToken: AppWindowToken{3863181f token=Token{331b9fbe ActivityRecord{164f1679 u0 com.tencent.mm/.plugin.base.stub.UIEntryStub t88}}} to stack=52 task=88 at 1
W/System.err( 2431): java.io.FileNotFoundException: /proc/21699/stat: open failed: ENOENT (No such file or directory)
W/System.err( 2431): 	at libcore.io.IoBridge.open(IoBridge.java:456)
W/System.err( 2431): 	at java.io.FileInputStream.<init>(FileInputStream.java:76)
W/System.err( 2431): 	at java.io.FileInputStream.<init>(FileInputStream.java:103)
W/System.err( 2431): 	at java.io.FileReader.<init>(FileReader.java:66)
W/System.err( 2431): 	at com.wenming.library.processutil.models.ProcFile.readFile(ProcFile.java:43)
W/System.err( 2431): 	at com.wenming.library.processutil.models.ProcFile.<init>(ProcFile.java:60)
W/System.err( 2431): 	at com.wenming.library.processutil.models.Stat.<init>(Stat.java:180)
W/System.err( 2431): 	at com.wenming.library.processutil.models.Stat.get(Stat.java:174)
W/System.err( 2431): 	at com.wenming.library.processutil.models.AndroidProcess.getProcessName(AndroidProcess.java:44)
W/System.err( 2431): 	at com.wenming.library.processutil.models.AndroidProcess.<init>(AndroidProcess.java:65)
W/System.err( 2431): 	at com.wenming.library.processutil.models.AndroidAppProcess.<init>(AndroidAppProcess.java:46)
W/System.err( 2431): 	at org.openthos.taskmanager.prevent.framework.ActivityReceiver.checkPid(ActivityReceiver.java:86)
W/System.err( 2431): 	at org.openthos.taskmanager.prevent.framework.ActivityReceiver.countCounter(ActivityReceiver.java:68)
W/System.err( 2431): 	at org.openthos.taskmanager.prevent.framework.ActivityReceiver.countCounter(ActivityReceiver.java:55)
W/System.err( 2431): 	at org.openthos.taskmanager.prevent.framework.ActivityReceiver.onUserLeavingActivity(ActivityReceiver.java:223)
W/System.err( 2431): 	at org.openthos.taskmanager.prevent.framework.SystemReceiver.onUserLeavingActivity(SystemReceiver.java:53)
W/System.err( 2431): 	at org.openthos.taskmanager.prevent.framework.SystemHook.onUserLeavingActivity(SystemHook.java:467)
W/System.err( 2431): 	at org.openthos.taskmanager.prevent.framework.PreventRunning.onUserLeavingActivity(PreventRunning.java:98)
W/System.err( 2431): 	at org.openthos.taskmanager.prevent.xposed.SystemServiceHook$PauseActivityHook.afterHookedMethod(SystemServiceHook.java:662)
W/System.err( 2431): 	at de.robv.android.xposed.XposedBridge.handleHookedMethod(XposedBridge.java:374)
W/System.err( 2431): 	at android.app.ApplicationThreadProxy.schedulePauseActivity(<Xposed>)
W/System.err( 2431): 	at com.android.server.am.ActivityStack.startPausingLocked(ActivityStack.java:839)
W/System.err( 2431): 	at com.android.server.am.ActivityStack.resumeTopActivityInnerLocked(ActivityStack.java:1659)
W/System.err( 2431): 	at com.android.server.am.ActivityStack.resumeTopActivityLocked(ActivityStack.java:1487)
W/System.err( 2431): 	at com.android.server.am.ActivityStackSupervisor.resumeTopActivitiesLocked(ActivityStackSupervisor.java:2809)
W/System.err( 2431): 	at com.android.server.am.ActivityStack.startActivityLocked(ActivityStack.java:2132)
W/System.err( 2431): 	at com.android.server.am.ActivityStackSupervisor.startActivityUncheckedLocked(ActivityStackSupervisor.java:2549)
W/System.err( 2431): 	at com.android.server.am.ActivityStackSupervisor.startActivityLocked(ActivityStackSupervisor.java:1585)
W/System.err( 2431): 	at com.android.server.am.ActivityStackSupervisor.startActivityMayWait(ActivityStackSupervisor.java:1011)
W/System.err( 2431): 	at com.android.server.am.ActivityManagerService.startActivityAsUser(ActivityManagerService.java:3521)
W/System.err( 2431): 	at com.android.server.am.ActivityManagerService.startActivity(ActivityManagerService.java:3508)
W/System.err( 2431): 	at de.robv.android.xposed.XposedBridge.invokeOriginalMethodNative(Native Method)
W/System.err( 2431): 	at de.robv.android.xposed.XposedBridge.handleHookedMethod(XposedBridge.java:360)
W/System.err( 2431): 	at com.android.server.am.ActivityManagerService.startActivity(<Xposed>)
W/System.err( 2431): 	at android.app.ActivityManagerNative.onTransact(ActivityManagerNative.java:154)
W/System.err( 2431): 	at com.android.server.am.ActivityManagerService.onTransact(ActivityManagerService.java:2309)
W/System.err( 2431): 	at android.os.Binder.execTransact(Binder.java:446)
W/System.err( 2431): Caused by: android.system.ErrnoException: open failed: ENOENT (No such file or directory)
W/System.err( 2431): 	at libcore.io.Posix.open(Native Method)
W/System.err( 2431): 	at libcore.io.BlockGuardOs.open(BlockGuardOs.java:186)
W/System.err( 2431): 	at libcore.io.IoBridge.open(IoBridge.java:442)
W/System.err( 2431): 	... 36 more
D/Prevent ( 2431): action: user leaving activity, package: com.tencent.mm, count: 1
W/ContextImpl( 2431): Calling a method in the system process without a qualified user: android.app.ContextImpl.sendBroadcast:1327 com.android.server.wm.WindowManagerService.hideStatusbarBroadcast:12094 com.android.server.am.ActivityStackSupervisor.mayAutoHideStatusBar:1884 com.android.server.am.ActivityStackSupervisor.adjustStatusBar:1891 com.android.server.am.ActivityStackSupervisor.setFocusedStack:1861 
I/ExcludingStoppedHook( 2431): actionandroid.intent.statusbar.hide
V/WindowManager( 2431): ++++xiej, 04-13,7:26, getOrientationFromAppTokensLocked
V/Prevent ( 2431): launch, current: [com.tencent.mm, com.tencent.docs, com.termux, org.mozilla.fennec_openthos, org.openthos.filemanager, com.android.launcher3]
W/System.err( 2431): java.io.FileNotFoundException: /proc/21699/stat: open failed: ENOENT (No such file or directory)
W/System.err( 2431): 	at libcore.io.IoBridge.open(IoBridge.java:456)
W/System.err( 2431): 	at java.io.FileInputStream.<init>(FileInputStream.java:76)
W/System.err( 2431): 	at java.io.FileInputStream.<init>(FileInputStream.java:103)
W/System.err( 2431): 	at java.io.FileReader.<init>(FileReader.java:66)
W/System.err( 2431): 	at com.wenming.library.processutil.models.ProcFile.readFile(ProcFile.java:43)
W/System.err( 2431): 	at com.wenming.library.processutil.models.ProcFile.<init>(ProcFile.java:60)
W/System.err( 2431): 	at com.wenming.library.processutil.models.Stat.<init>(Stat.java:180)
W/System.err( 2431): 	at com.wenming.library.processutil.models.Stat.get(Stat.java:174)
W/System.err( 2431): 	at com.wenming.library.processutil.models.AndroidProcess.getProcessName(AndroidProcess.java:44)
W/System.err( 2431): 	at com.wenming.library.processutil.models.AndroidProcess.<init>(AndroidProcess.java:65)
W/System.err( 2431): 	at com.wenming.library.processutil.models.AndroidAppProcess.<init>(AndroidAppProcess.java:46)
W/System.err( 2431): 	at org.openthos.taskmanager.prevent.framework.ActivityReceiver.checkPid(ActivityReceiver.java:86)
W/System.err( 2431): 	at org.openthos.taskmanager.prevent.framework.ActivityReceiver.countCounter(ActivityReceiver.java:68)
W/System.err( 2431): 	at org.openthos.taskmanager.prevent.framework.ActivityReceiver.onLaunchActivity(ActivityReceiver.java:165)
W/System.err( 2431): 	at org.openthos.taskmanager.prevent.framework.SystemReceiver.onLaunchActivity(SystemReceiver.java:53)
W/System.err( 2431): 	at org.openthos.taskmanager.prevent.framework.SystemHook.onLaunchActivity(SystemHook.java:443)
W/System.err( 2431): 	at org.openthos.taskmanager.prevent.framework.PreventRunning.onLaunchActivity(PreventRunning.java:84)
W/System.err( 2431): 	at org.openthos.taskmanager.prevent.xposed.SystemServiceHook$LaunchActivityHook.afterHookedMethod(SystemServiceHook.java:644)
W/System.err( 2431): 	at de.robv.android.xposed.XposedBridge.handleHookedMethod(XposedBridge.java:374)
W/System.err( 2431): 	at android.app.ApplicationThreadProxy.scheduleLaunchActivity(<Xposed>)
W/System.err( 2431): 	at com.android.server.am.ActivityStackSupervisor.realStartActivityLocked(ActivityStackSupervisor.java:1251)
W/System.err( 2431): 	at com.android.server.am.ActivityStackSupervisor.startSpecificActivityLocked(ActivityStackSupervisor.java:1351)
W/System.err( 2431): 	at com.android.server.am.ActivityStack.resumeTopActivityInnerLocked(ActivityStack.java:1933)
W/System.err( 2431): 	at com.android.server.am.ActivityStack.resumeTopActivityLocked(ActivityStack.java:1487)
W/System.err( 2431): 	at com.android.server.am.ActivityStackSupervisor.resumeTopActivitiesLocked(ActivityStackSupervisor.java:2809)
W/System.err( 2431): 	at com.android.server.am.ActivityStack.completePauseLocked(ActivityStack.java:1012)
W/System.err( 2431): 	at com.android.server.am.ActivityStack.activityPausedLocked(ActivityStack.java:910)
W/System.err( 2431): 	at com.android.server.am.ActivityManagerService.activityPaused(ActivityManagerService.java:6504)
W/System.err( 2431): 	at android.app.ActivityManagerNative.onTransact(ActivityManagerNative.java:527)
W/System.err( 2431): 	at com.android.server.am.ActivityManagerService.onTransact(ActivityManagerService.java:2309)
W/System.err( 2431): 	at android.os.Binder.execTransact(Binder.java:446)
W/System.err( 2431): Caused by: android.system.ErrnoException: open failed: ENOENT (No such file or directory)
W/System.err( 2431): 	at libcore.io.Posix.open(Native Method)
W/System.err( 2431): 	at libcore.io.BlockGuardOs.open(BlockGuardOs.java:186)
W/System.err( 2431): 	at libcore.io.IoBridge.open(IoBridge.java:442)
W/System.err( 2431): 	... 30 more
D/Prevent ( 2431): action: start activity, package: com.tencent.mm, count: 2
I/ExcludingStoppedHook( 2431): actioncom.tencent.mm.Intent.ACTION_NET_STATS
I/ExcludingStoppedHook( 2431): actioncom.tencent.mm.Intent.ACTION_NET_STATS
I/ExcludingStoppedHook( 2431): actioncom.tencent.mm.Intent.ACTION_NET_STATS
I/ActivityManager( 2431): START u0 {cmp=com.tencent.mm/.plugin.webview.ui.tools.SDKOAuthUI (has extras)} from uid 10067 on display 0
W/ContextImpl( 2431): Calling a method in the system process without a qualified user: android.app.ContextImpl.sendBroadcast:1327 com.android.server.wm.WindowManagerService.hideStatusbarBroadcast:12094 com.android.server.am.ActivityStackSupervisor.mayAutoHideStatusBar:1884 com.android.server.am.ActivityStackSupervisor.moveHomeStack:455 com.android.server.am.ActivityStack.moveToFront:493 
I/ExcludingStoppedHook( 2431): actionandroid.intent.statusbar.hide
W/ContextImpl( 2431): Calling a method in the system process without a qualified user: android.app.ContextImpl.sendBroadcast:1327 com.android.server.wm.WindowManagerService.hideStatusbarBroadcast:12094 com.android.server.am.ActivityStackSupervisor.mayAutoHideStatusBar:1884 com.android.server.am.ActivityStackSupervisor.adjustStatusBar:1891 com.android.server.am.ActivityStackSupervisor.setFocusedStack:1861 
I/ExcludingStoppedHook( 2431): actionandroid.intent.statusbar.hide
V/WindowManager( 2431): addAppToken: AppWindowToken{f581bb1 token=Token{3c8f0e58 ActivityRecord{20ab173b u0 com.tencent.mm/.plugin.webview.ui.tools.SDKOAuthUI t88}}} to stack=52 task=88 at 2
W/System.err( 2431): java.io.FileNotFoundException: /proc/21699/stat: open failed: ENOENT (No such file or directory)
W/System.err( 2431): 	at libcore.io.IoBridge.open(IoBridge.java:456)
W/System.err( 2431): 	at java.io.FileInputStream.<init>(FileInputStream.java:76)
W/System.err( 2431): 	at java.io.FileInputStream.<init>(FileInputStream.java:103)
W/System.err( 2431): 	at java.io.FileReader.<init>(FileReader.java:66)
W/System.err( 2431): 	at com.wenming.library.processutil.models.ProcFile.readFile(ProcFile.java:43)
W/System.err( 2431): 	at com.wenming.library.processutil.models.ProcFile.<init>(ProcFile.java:60)
W/System.err( 2431): 	at com.wenming.library.processutil.models.Stat.<init>(Stat.java:180)
W/System.err( 2431): 	at com.wenming.library.processutil.models.Stat.get(Stat.java:174)
W/System.err( 2431): 	at com.wenming.library.processutil.models.AndroidProcess.getProcessName(AndroidProcess.java:44)
W/System.err( 2431): 	at com.wenming.library.processutil.models.AndroidProcess.<init>(AndroidProcess.java:65)
W/System.err( 2431): 	at com.wenming.library.processutil.models.AndroidAppProcess.<init>(AndroidAppProcess.java:46)
W/System.err( 2431): 	at org.openthos.taskmanager.prevent.framework.ActivityReceiver.checkPid(ActivityReceiver.java:86)
W/System.err( 2431): 	at org.openthos.taskmanager.prevent.framework.ActivityReceiver.countCounter(ActivityReceiver.java:68)
W/System.err( 2431): 	at org.openthos.taskmanager.prevent.framework.ActivityReceiver.countCounter(ActivityReceiver.java:55)
W/System.err( 2431): 	at org.openthos.taskmanager.prevent.framework.ActivityReceiver.onUserLeavingActivity(ActivityReceiver.java:223)
W/System.err( 2431): 	at org.openthos.taskmanager.prevent.framework.SystemReceiver.onUserLeavingActivity(SystemReceiver.java:53)
W/System.err( 2431): 	at org.openthos.taskmanager.prevent.framework.SystemHook.onUserLeavingActivity(SystemHook.java:467)
W/System.err( 2431): 	at org.openthos.taskmanager.prevent.framework.PreventRunning.onUserLeavingActivity(PreventRunning.java:98)
W/System.err( 2431): 	at org.openthos.taskmanager.prevent.xposed.SystemServiceHook$PauseActivityHook.afterHookedMethod(SystemServiceHook.java:662)
W/System.err( 2431): 	at de.robv.android.xposed.XposedBridge.handleHookedMethod(XposedBridge.java:374)
W/System.err( 2431): 	at android.app.ApplicationThreadProxy.schedulePauseActivity(<Xposed>)
W/System.err( 2431): 	at com.android.server.am.ActivityStack.startPausingLocked(ActivityStack.java:839)
W/System.err( 2431): 	at com.android.server.am.ActivityStack.resumeTopActivityInnerLocked(ActivityStack.java:1659)
W/System.err( 2431): 	at com.android.server.am.ActivityStack.resumeTopActivityLocked(ActivityStack.java:1487)
W/System.err( 2431): 	at com.android.server.am.ActivityStackSupervisor.resumeTopActivitiesLocked(ActivityStackSupervisor.java:2809)
W/System.err( 2431): 	at com.android.server.am.ActivityStack.startActivityLocked(ActivityStack.java:2132)
W/System.err( 2431): 	at com.android.server.am.ActivityStackSupervisor.startActivityUncheckedLocked(ActivityStackSupervisor.java:2549)
W/System.err( 2431): 	at com.android.server.am.ActivityStackSupervisor.startActivityLocked(ActivityStackSupervisor.java:1585)
W/System.err( 2431): 	at com.android.server.am.ActivityStackSupervisor.startActivityMayWait(ActivityStackSupervisor.java:1011)
W/System.err( 2431): 	at com.android.server.am.ActivityManagerService.startActivityAsUser(ActivityManagerService.java:3521)
W/System.err( 2431): 	at com.android.server.am.ActivityManagerService.startActivity(ActivityManagerService.java:3508)
W/System.err( 2431): 	at de.robv.android.xposed.XposedBridge.invokeOriginalMethodNative(Native Method)
W/System.err( 2431): 	at de.robv.android.xposed.XposedBridge.handleHookedMethod(XposedBridge.java:360)
W/System.err( 2431): 	at com.android.server.am.ActivityManagerService.startActivity(<Xposed>)
W/System.err( 2431): 	at android.app.ActivityManagerNative.onTransact(ActivityManagerNative.java:154)
W/System.err( 2431): 	at com.android.server.am.ActivityManagerService.onTransact(ActivityManagerService.java:2309)
W/System.err( 2431): 	at android.os.Binder.execTransact(Binder.java:446)
W/System.err( 2431): Caused by: android.system.ErrnoException: open failed: ENOENT (No such file or directory)
W/System.err( 2431): 	at libcore.io.Posix.open(Native Method)
W/System.err( 2431): 	at libcore.io.BlockGuardOs.open(BlockGuardOs.java:186)
W/System.err( 2431): 	at libcore.io.IoBridge.open(IoBridge.java:442)
W/System.err( 2431): 	... 36 more
D/Prevent ( 2431): action: user leaving activity, package: com.tencent.mm, count: 2
W/ContextImpl( 2431): Calling a method in the system process without a qualified user: android.app.ContextImpl.sendBroadcast:1327 com.android.server.wm.WindowManagerService.hideStatusbarBroadcast:12094 com.android.server.am.ActivityStackSupervisor.mayAutoHideStatusBar:1884 com.android.server.am.ActivityStackSupervisor.adjustStatusBar:1891 com.android.server.am.ActivityStackSupervisor.setFocusedStack:1861 
I/ExcludingStoppedHook( 2431): actionandroid.intent.statusbar.hide
W/ActivityManager( 2431): getTasks: caller 10067 does not hold REAL_GET_TASKS; limiting output
V/WindowManager( 2431): Based on layer: Adding window Window{7a9ec17 u0 com.tencent.mm/com.tencent.mm.plugin.base.stub.UIEntryStub} at 8 of 12
I/ExcludingStoppedHook( 2431): actioncom.tencent.mm.Intent.ACTION_NET_STATS
V/WindowManager( 2431): ++++xiej, 04-13,7:26, getOrientationFromAppTokensLocked
V/Prevent ( 2431): launch, current: [com.tencent.mm, com.tencent.docs, com.termux, org.mozilla.fennec_openthos, org.openthos.filemanager, com.android.launcher3]
W/System.err( 2431): java.io.FileNotFoundException: /proc/21699/stat: open failed: ENOENT (No such file or directory)
W/System.err( 2431): 	at libcore.io.IoBridge.open(IoBridge.java:456)
W/System.err( 2431): 	at java.io.FileInputStream.<init>(FileInputStream.java:76)
W/System.err( 2431): 	at java.io.FileInputStream.<init>(FileInputStream.java:103)
W/System.err( 2431): 	at java.io.FileReader.<init>(FileReader.java:66)
W/System.err( 2431): 	at com.wenming.library.processutil.models.ProcFile.readFile(ProcFile.java:43)
W/System.err( 2431): 	at com.wenming.library.processutil.models.ProcFile.<init>(ProcFile.java:60)
W/System.err( 2431): 	at com.wenming.library.processutil.models.Stat.<init>(Stat.java:180)
W/System.err( 2431): 	at com.wenming.library.processutil.models.Stat.get(Stat.java:174)
W/System.err( 2431): 	at com.wenming.library.processutil.models.AndroidProcess.getProcessName(AndroidProcess.java:44)
W/System.err( 2431): 	at com.wenming.library.processutil.models.AndroidProcess.<init>(AndroidProcess.java:65)
W/System.err( 2431): 	at com.wenming.library.processutil.models.AndroidAppProcess.<init>(AndroidAppProcess.java:46)
W/System.err( 2431): 	at org.openthos.taskmanager.prevent.framework.ActivityReceiver.checkPid(ActivityReceiver.java:86)
W/System.err( 2431): 	at org.openthos.taskmanager.prevent.framework.ActivityReceiver.countCounter(ActivityReceiver.java:68)
W/System.err( 2431): 	at org.openthos.taskmanager.prevent.framework.ActivityReceiver.onLaunchActivity(ActivityReceiver.java:165)
W/System.err( 2431): 	at org.openthos.taskmanager.prevent.framework.SystemReceiver.onLaunchActivity(SystemReceiver.java:53)
W/System.err( 2431): 	at org.openthos.taskmanager.prevent.framework.SystemHook.onLaunchActivity(SystemHook.java:443)
W/System.err( 2431): 	at org.openthos.taskmanager.prevent.framework.PreventRunning.onLaunchActivity(PreventRunning.java:84)
W/System.err( 2431): 	at org.openthos.taskmanager.prevent.xposed.SystemServiceHook$LaunchActivityHook.afterHookedMethod(SystemServiceHook.java:644)
W/System.err( 2431): 	at de.robv.android.xposed.XposedBridge.handleHookedMethod(XposedBridge.java:374)
W/System.err( 2431): 	at android.app.ApplicationThreadProxy.scheduleLaunchActivity(<Xposed>)
W/System.err( 2431): 	at com.android.server.am.ActivityStackSupervisor.realStartActivityLocked(ActivityStackSupervisor.java:1251)
W/System.err( 2431): 	at com.android.server.am.ActivityStackSupervisor.startSpecificActivityLocked(ActivityStackSupervisor.java:1351)
W/System.err( 2431): 	at com.android.server.am.ActivityStack.resumeTopActivityInnerLocked(ActivityStack.java:1933)
W/System.err( 2431): 	at com.android.server.am.ActivityStack.resumeTopActivityLocked(ActivityStack.java:1487)
W/System.err( 2431): 	at com.android.server.am.ActivityStackSupervisor.resumeTopActivitiesLocked(ActivityStackSupervisor.java:2809)
W/System.err( 2431): 	at com.android.server.am.ActivityStack.completePauseLocked(ActivityStack.java:1012)
W/System.err( 2431): 	at com.android.server.am.ActivityStack.activityPausedLocked(ActivityStack.java:910)
W/System.err( 2431): 	at com.android.server.am.ActivityManagerService.activityPaused(ActivityManagerService.java:6504)
W/System.err( 2431): 	at android.app.ActivityManagerNative.onTransact(ActivityManagerNative.java:527)
W/System.err( 2431): 	at com.android.server.am.ActivityManagerService.onTransact(ActivityManagerService.java:2309)
W/System.err( 2431): 	at android.os.Binder.execTransact(Binder.java:446)
W/System.err( 2431): Caused by: android.system.ErrnoException: open failed: ENOENT (No such file or directory)
W/System.err( 2431): 	at libcore.io.Posix.open(Native Method)
W/System.err( 2431): 	at libcore.io.BlockGuardOs.open(BlockGuardOs.java:186)
W/System.err( 2431): 	at libcore.io.IoBridge.open(IoBridge.java:442)
W/System.err( 2431): 	... 30 more
D/Prevent ( 2431): action: start activity, package: com.tencent.mm, count: 3
V/WindowManager( 2431): ++++xiej, 04-13,7:26, getOrientationFromAppTokensLocked
W/ActivityManager( 2431): getTasks: caller 10067 does not hold REAL_GET_TASKS; limiting output
I/ExcludingStoppedHook( 2431): actioncom.tencent.mm.Intent.ACTION_NET_STATS
W/ActivityManager( 2431): getTasks: caller 10067 does not hold REAL_GET_TASKS; limiting output
W/ActivityManager( 2431): getTasks: caller 10067 does not hold REAL_GET_TASKS; limiting output
I/ExcludingStoppedHook( 2431): actioncom.tencent.mm.ui.ACTION_ACTIVE
V/WindowManager( 2431): Adding window Window{521c1ed u0 com.tencent.mm/com.tencent.mm.plugin.webview.ui.tools.SDKOAuthUI} at 9 of 13 (after Window{7a9ec17 u0 com.tencent.mm/com.tencent.mm.plugin.base.stub.UIEntryStub})
V/WindowManager( 2431): ++++xiej, 04-13,7:26, getOrientationFromAppTokensLocked
I/ExcludingStoppedHook( 2431): actioncom.tencent.mm.Intent.ACTION_NET_STATS
I/ExcludingStoppedHook( 2431): actioncom.tencent.mm.Intent.ACTION_NET_STATS
I/ExcludingStoppedHook( 2431): actioncom.tencent.mm.ui.ACTION_ACTIVE
V/WindowManager( 2431): Adding window Window{f5732b3 u0 com.tencent.mm/com.tencent.mm.plugin.webview.ui.tools.SDKOAuthUI} at 9 of 14 (before Window{521c1ed u0 com.tencent.mm/com.tencent.mm.plugin.webview.ui.tools.SDKOAuthUI})
I/ProcessHook::( 2431): param-->ApplicationInfo{1b01641d com.tencent.mm}---broadcast
I/ProcessHook::( 2431): param-->ApplicationInfo{1b01641d com.tencent.mm}---broadcast
W/art     ( 4923): Native thread exiting without having called DetachCurrentThread (maybe it's going to use a pthread_key_create destructor?): Thread[39,tid=28984,Native,Thread*=0xedc84400,peer=0x13771100,"default"]
W/art     ( 4923): Native thread exiting without having called DetachCurrentThread (maybe it's going to use a pthread_key_create destructor?): Thread[38,tid=28983,Native,Thread*=0xf43c8400,peer=0x13762160,"default"]
D/houdini (28987): [28987] Initialize library(version: 5.2.3_y.48127 RELEASE)... successfully.
I/ActivityManager( 2431): Start proc 28987:com.tencent.mm:appbrand0/u0a67 for broadcast com.tencent.mm/.plugin.appbrand.task.AppBrandTaskPreloadReceiver
D/MSF.C.ConfigManager(28822): http rsp code 200
D/MSF.C.ConfigManager(28822): send checkSso msg , costTime 129 allData len is 1328
D/MSF.C.ConfigManager(28822): recv wifi socket://121.51.90.163:8080#00000:0:0:8:true:sh:others;socket://125.39.133.142:14000#00000:0:0:8:true:tj:uni;socket://61.129.6.104:80#00000:0:0:8:true:sh:tel;socket://14.215.138.108:14000#00000:0:0:8:true:sz:tel;socket://123.151.137.102:443#00000:0:0:8:true:tj:tel;socket://120.198.199.172:80#00000:0:0:8:true:sz:cm;socket://112.90.78.169:14000#00000:0:0:8:true:sz:uni;socket://msfwifi.3g.qq.com:8080#00000:0:0:8:false:others:others;
V/WindowManager( 2431): ++++xiej, 04-13,7:26, getOrientationFromAppTokensLocked
D/MSF.C.SsoListManager(28822): save http get wifisso for socket://121.51.90.163:8080#00000:0:0:8:true:sh:others;socket://125.39.133.142:14000#00000:0:0:8:true:tj:uni;socket://61.129.6.104:80#00000:0:0:8:true:sh:tel;socket://14.215.138.108:14000#00000:0:0:8:true:sz:tel;socket://123.151.137.102:443#00000:0:0:8:true:tj:tel;socket://120.198.199.172:80#00000:0:0:8:true:sz:cm;socket://112.90.78.169:14000#00000:0:0:8:true:sz:uni;socket://msfwifi.3g.qq.com:8080#00000:0:0:8:false:others:others;
D/MSF.C.ConfigManager(28822): begin_to_parse_speedtest info len 0
W/ActivityManager( 2431): getRunningAppProcesses: caller 10067 does not hold REAL_GET_TASKS; limiting output
W/ActivityManager( 2431): getRunningAppProcesses: caller 10067 does not hold REAL_GET_TASKS; limiting output
V/WindowManager( 2431): ++++xiej, 04-13,7:26, getOrientationFromAppTokensLocked
V/WindowManager( 2431): ++++xiej, 04-13,7:26, getOrientationFromAppTokensLocked
D/qqBaseActivity(28794): doOnWindowFocusChanged, isFocused[false], appIsNull[false], curName[com.tencent.docs.LoginActivity]
V/WindowManager( 2431): ++++xiej, 04-13,7:26, getOrientationFromAppTokensLocked
I/ActivityManager( 2431): Displayed com.tencent.mm/.plugin.webview.ui.tools.SDKOAuthUI: +120ms (total +205ms)
D/houdini (28987): [28987] Added shared library /data/app/com.tencent.mm-2/lib/arm/libstlport_shared.so for ClassLoader by Native Bridge.
D/houdini (28987): [28987] Added shared library /data/app/com.tencent.mm-2/lib/arm/libc++_shared.so for ClassLoader by Native Bridge.
D/houdini (28987): [28987] Added shared library /data/app/com.tencent.mm-2/lib/arm/libwechatxlog.so for ClassLoader by Native Bridge.
E/ActivityThread(28987): Failed to find provider info for com.tencent.mm.coolassist.debugprovider
V/WindowManager( 2431): ++++xiej, 04-13,7:26, getOrientationFromAppTokensLocked
W/System.err( 2431): java.io.FileNotFoundException: /proc/21699/stat: open failed: ENOENT (No such file or directory)
W/System.err( 2431): 	at libcore.io.IoBridge.open(IoBridge.java:456)
W/System.err( 2431): 	at java.io.FileInputStream.<init>(FileInputStream.java:76)
W/System.err( 2431): 	at java.io.FileInputStream.<init>(FileInputStream.java:103)
W/System.err( 2431): 	at java.io.FileReader.<init>(FileReader.java:66)
W/System.err( 2431): 	at com.wenming.library.processutil.models.ProcFile.readFile(ProcFile.java:43)
W/System.err( 2431): 	at com.wenming.library.processutil.models.ProcFile.<init>(ProcFile.java:60)
W/System.err( 2431): 	at com.wenming.library.processutil.models.Stat.<init>(Stat.java:180)
W/System.err( 2431): 	at com.wenming.library.processutil.models.Stat.get(Stat.java:174)
W/System.err( 2431): 	at com.wenming.library.processutil.models.AndroidProcess.getProcessName(AndroidProcess.java:44)
W/System.err( 2431): 	at com.wenming.library.processutil.models.AndroidProcess.<init>(AndroidProcess.java:65)
W/System.err( 2431): 	at com.wenming.library.processutil.models.AndroidAppProcess.<init>(AndroidAppProcess.java:46)
W/System.err( 2431): 	at org.openthos.taskmanager.prevent.framework.ActivityReceiver.checkPid(ActivityReceiver.java:86)
W/System.err( 2431): 	at org.openthos.taskmanager.prevent.framework.ActivityReceiver.countCounter(ActivityReceiver.java:68)
W/System.err( 2431): 	at org.openthos.taskmanager.prevent.framework.ActivityReceiver.countCounter(ActivityReceiver.java:55)
W/System.err( 2431): 	at org.openthos.taskmanager.prevent.framework.ActivityReceiver.onDestroyActivity(ActivityReceiver.java:182)
W/System.err( 2431): 	at org.openthos.taskmanager.prevent.framework.SystemReceiver.onDestroyActivity(SystemReceiver.java:53)
W/System.err( 2431): 	at org.openthos.taskmanager.prevent.framework.SystemHook.onDestroyActivity(SystemHook.java:449)
W/System.err( 2431): 	at org.openthos.taskmanager.prevent.framework.PreventRunning.onDestroyActivity(PreventRunning.java:105)
W/System.err( 2431): 	at org.openthos.taskmanager.prevent.xposed.SystemServiceHook$DestroyActivityHook.afterHookedMethod(SystemServiceHook.java:671)
W/System.err( 2431): 	at de.robv.android.xposed.XposedBridge.handleHookedMethod(XposedBridge.java:374)
W/System.err( 2431): 	at android.app.ApplicationThreadProxy.scheduleDestroyActivity(<Xposed>)
W/System.err( 2431): 	at com.android.server.am.ActivityStack.destroyActivityLocked(ActivityStack.java:3225)
W/System.err( 2431): 	at com.android.server.am.ActivityStackSupervisor.activityIdleInternalLocked(ActivityStackSupervisor.java:2690)
W/System.err( 2431): 	at com.android.server.am.ActivityManagerService.activityIdle(ActivityManagerService.java:6287)
W/System.err( 2431): 	at android.app.ActivityManagerNative.onTransact(ActivityManagerNative.java:510)
W/System.err( 2431): 	at com.android.server.am.ActivityManagerService.onTransact(ActivityManagerService.java:2309)
W/System.err( 2431): 	at android.os.Binder.execTransact(Binder.java:446)
W/System.err( 2431): Caused by: android.system.ErrnoException: open failed: ENOENT (No such file or directory)
W/System.err( 2431): 	at libcore.io.Posix.open(Native Method)
W/System.err( 2431): 	at libcore.io.BlockGuardOs.open(BlockGuardOs.java:186)
W/System.err( 2431): 	at libcore.io.IoBridge.open(IoBridge.java:442)
W/System.err( 2431): 	... 26 more
D/houdini (28987): [28987] Added shared library /data/app/com.tencent.mm-2/lib/arm/libmmkv.so for ClassLoader by Native Bridge.
D/Prevent ( 2431): action: destroy activity, package: com.tencent.mm, count: 2
I/art     (28987): Thread[1,tid=28987,WaitingForJniOnLoad,Thread*=0xf4025800,peer=0x74493000,"main"] recursive attempt to load library "/data/app/com.tencent.mm-2/lib/arm/libmmkv.so"
W/System.err( 2431): java.io.FileNotFoundException: /proc/21699/stat: open failed: ENOENT (No such file or directory)
W/System.err( 2431): 	at libcore.io.IoBridge.open(IoBridge.java:456)
W/System.err( 2431): 	at java.io.FileInputStream.<init>(FileInputStream.java:76)
W/System.err( 2431): 	at java.io.FileInputStream.<init>(FileInputStream.java:103)
W/System.err( 2431): 	at java.io.FileReader.<init>(FileReader.java:66)
W/System.err( 2431): 	at com.wenming.library.processutil.models.ProcFile.readFile(ProcFile.java:43)
W/System.err( 2431): 	at com.wenming.library.processutil.models.ProcFile.<init>(ProcFile.java:60)
W/System.err( 2431): 	at com.wenming.library.processutil.models.Stat.<init>(Stat.java:180)
W/System.err( 2431): 	at com.wenming.library.processutil.models.Stat.get(Stat.java:174)
W/System.err( 2431): 	at com.wenming.library.processutil.models.AndroidProcess.getProcessName(AndroidProcess.java:44)
W/System.err( 2431): 	at com.wenming.library.processutil.models.AndroidProcess.<init>(AndroidProcess.java:65)
W/System.err( 2431): 	at com.wenming.library.processutil.models.AndroidAppProcess.<init>(AndroidAppProcess.java:46)
W/System.err( 2431): 	at org.openthos.taskmanager.prevent.framework.ActivityReceiver.checkPid(ActivityReceiver.java:86)
W/System.err( 2431): 	at org.openthos.taskmanager.prevent.framework.ActivityReceiver.countCounter(ActivityReceiver.java:68)
W/System.err( 2431): 	at org.openthos.taskmanager.prevent.framework.ActivityReceiver.countCounter(ActivityReceiver.java:55)
W/System.err( 2431): 	at org.openthos.taskmanager.prevent.framework.ActivityReceiver.onDestroyActivity(ActivityReceiver.java:182)
W/System.err( 2431): 	at org.openthos.taskmanager.prevent.framework.SystemReceiver.onDestroyActivity(SystemReceiver.java:53)
W/System.err( 2431): 	at org.openthos.taskmanager.prevent.framework.SystemHook.onDestroyActivity(SystemHook.java:449)
W/System.err( 2431): 	at org.openthos.taskmanager.prevent.framework.PreventRunning.onDestroyActivity(PreventRunning.java:105)
W/System.err( 2431): 	at org.openthos.taskmanager.prevent.xposed.SystemServiceHook$DestroyActivityHook.afterHookedMethod(SystemServiceHook.java:671)
W/System.err( 2431): 	at de.robv.android.xposed.XposedBridge.handleHookedMethod(XposedBridge.java:374)
W/System.err( 2431): 	at android.app.ApplicationThreadProxy.scheduleDestroyActivity(<Xposed>)
W/System.err( 2431): 	at com.android.server.am.ActivityStack.destroyActivityLocked(ActivityStack.java:3225)
W/System.err( 2431): 	at com.android.server.am.ActivityStackSupervisor.activityIdleInternalLocked(ActivityStackSupervisor.java:2690)
W/System.err( 2431): 	at com.android.server.am.ActivityManagerService.activityIdle(ActivityManagerService.java:6287)
W/System.err( 2431): 	at android.app.ActivityManagerNative.onTransact(ActivityManagerNative.java:510)
W/System.err( 2431): 	at com.android.server.am.ActivityManagerService.onTransact(ActivityManagerService.java:2309)
W/System.err( 2431): 	at android.os.Binder.execTransact(Binder.java:446)
W/System.err( 2431): Caused by: android.system.ErrnoException: open failed: ENOENT (No such file or directory)
I/MMKV    (28987): page size:4096
W/System.err( 2431): 	at libcore.io.Posix.open(Native Method)
W/System.err( 2431): 	at libcore.io.BlockGuardOs.open(BlockGuardOs.java:186)
W/System.err( 2431): 	at libcore.io.IoBridge.open(IoBridge.java:442)
W/System.err( 2431): 	... 26 more
I/MMKV    (28987): root dir: /data/data/com.tencent.mm/files/mmkv
D/Prevent ( 2431): action: destroy activity, package: com.tencent.mm, count: 1
W/ActivityManager( 2431): getTasks: caller 10067 does not hold REAL_GET_TASKS; limiting output
I/MMKV    (28987): loading [prm_DeviceInfo_86400000] with 123 size in total, file size is 4096
I/ExcludingStoppedHook( 2431): actioncom.tencent.mm.Intent.ACTION_NET_STATS
I/MMKV    (28987): loading [prm_DeviceInfo_86400000] with crc 2507142090 sequence 4
I/MMKV    (28987): loaded [prm_DeviceInfo_86400000] with 7 values
I/ExcludingStoppedHook( 2431): actioncom.tencent.mm.Intent.ACTION_NET_STATS
I/MMKV    (28987): loading [MULTIPROCESSMMKV_PERSERVED_NAME] with 304 size in total, file size is 4096
I/MMKV    (28987): loading [MULTIPROCESSMMKV_PERSERVED_NAME] with crc 3438774346 sequence 2
I/MMKV    (28987): loaded [MULTIPROCESSMMKV_PERSERVED_NAME] with 12 values
I/ExcludingStoppedHook( 2431): actioncom.tencent.mm.Intent.ACTION_NET_STATS
D/houdini (28987): [28987] Added shared library /data/app/com.tencent.mm-2/lib/arm/libwechatCrashForJni.so for ClassLoader by Native Bridge.
W/jni crash monitor(28987): JNI_OnLoad
V/jni crash monitor(28987): set alternate stack, old size: 0, new size: 16384
D/houdini (28987): [29027] Added shared library /data/app/com.tencent.mm-2/lib/arm/libhardcoder.so for ClassLoader by Native Bridge.
D/houdini (28987): [29016] Added shared library /data/app/com.tencent.mm-2/lib/arm/libwcdb.so for ClassLoader by Native Bridge.
I/WCDB    (28987): Initialize JNI module (1/11) CursorWindow...
V/WCDB.JNIHelp(28987): Registering com/tencent/wcdb/CursorWindow natives
I/WCDB    (28987): Initialize JNI module (2/11) FileUtils...
V/WCDB.JNIHelp(28987): Registering com/tencent/wcdb/FileUtils natives
I/WCDB    (28987): Initialize JNI module (3/11) ChunkedCursorWindow...
V/WCDB.JNIHelp(28987): Registering com/tencent/wcdb/database/ChunkedCursorWindow natives
V/WCDB.JNIHelp(28987): Registering com/tencent/wcdb/database/SQLiteAsyncQuery natives
I/WCDB    (28987): Initialize JNI module (4/11) SQLiteConnection...
I/WCDB    (28987): Initialize JNI module (5/11) SQLiteDebug...
V/WCDB.JNIHelp(28987): Registering com/tencent/wcdb/database/SQLiteDebug natives
I/WCDB    (28987): Initialize JNI module (6/11) SQLiteDirectCursor...
V/WCDB.JNIHelp(28987): Registering com/tencent/wcdb/database/SQLiteDirectQuery natives
I/WCDB    (28987): Initialize JNI module (7/11) SQLiteGlobal...
V/WCDB.JNIHelp(28987): Registering com/tencent/wcdb/database/SQLiteGlobal natives
I/WCDB    (28987): Initialize JNI module (8/11) DBBackup...
V/WCDB.JNIHelp(28987): Registering com/tencent/wcdb/repair/BackupKit natives
V/WCDB.JNIHelp(28987): Registering com/tencent/wcdb/repair/RecoverKit natives
I/WCDB    (28987): Initialize JNI module (9/11) DBDumpUtil...
V/WCDB.JNIHelp(28987): Registering com/tencent/wcdb/repair/DBDumpUtil natives
I/WCDB    (28987): Initialize JNI module (10/11) DBRepair...
V/WCDB.JNIHelp(28987): Registering com/tencent/wcdb/repair/RepairKit$RepairCursor natives
I/WCDB    (28987): Initialize JNI module (11/11) Log...
V/WCDB.JNIHelp(28987): Registering com/tencent/wcdb/support/Log natives
D/houdini (28987): [29016] Added shared library /data/app/com.tencent.mm-2/lib/arm/libcommonimgdec.so for ClassLoader by Native Bridge.
D/houdini (28987): [29016] Added shared library /data/app/com.tencent.mm-2/lib/arm/libwechatcommon.so for ClassLoader by Native Bridge.
I/ExcludingStoppedHook( 2431): actioncom.google.android.gms.gcm.ACTION_SCHEDULE
I/ExcludingStoppedHook( 2431): actioncom.google.android.gms.gcm.ACTION_SCHEDULE
I/ExcludingStoppedHook( 2431): actioncom.google.android.gms.gcm.ACTION_SCHEDULE
I/ExcludingStoppedHook( 2431): actioncom.google.android.gms.gcm.ACTION_SCHEDULE
I/ExcludingStoppedHook( 2431): actioncom.google.android.gms.gcm.ACTION_SCHEDULE
I/ExcludingStoppedHook( 2431): actioncom.google.android.gms.gcm.ACTION_SCHEDULE
I/ExcludingStoppedHook( 2431): actioncom.google.android.gms.gcm.ACTION_SCHEDULE
I/ExcludingStoppedHook( 2431): actioncom.google.android.gms.gcm.ACTION_SCHEDULE
I/ExcludingStoppedHook( 2431): actioncom.google.android.gms.gcm.ACTION_SCHEDULE
I/ExcludingStoppedHook( 2431): actioncom.google.android.gms.gcm.ACTION_SCHEDULE
I/ExcludingStoppedHook( 2431): actioncom.google.android.gms.gcm.ACTION_SCHEDULE
I/ExcludingStoppedHook( 2431): actioncom.google.android.gms.gcm.ACTION_SCHEDULE
I/ExcludingStoppedHook( 2431): actioncom.google.android.gms.gcm.ACTION_SCHEDULE
I/ExcludingStoppedHook( 2431): actioncom.google.android.gms.gcm.ACTION_SCHEDULE
I/ExcludingStoppedHook( 2431): actioncom.google.android.gms.gcm.ACTION_SCHEDULE
I/ExcludingStoppedHook( 2431): actioncom.google.android.gms.gcm.ACTION_SCHEDULE
I/ExcludingStoppedHook( 2431): actioncom.google.android.gms.gcm.ACTION_SCHEDULE
I/ExcludingStoppedHook( 2431): actioncom.google.android.gms.gcm.ACTION_SCHEDULE
I/ExcludingStoppedHook( 2431): actioncom.google.android.gms.gcm.ACTION_SCHEDULE
I/ExcludingStoppedHook( 2431): actioncom.google.android.gms.gcm.ACTION_SCHEDULE
I/ExcludingStoppedHook( 2431): actioncom.google.android.gms.gcm.ACTION_SCHEDULE
I/ExcludingStoppedHook( 2431): actioncom.google.android.gms.gcm.ACTION_SCHEDULE
D/Prevent ( 2431): allow com.google.android.gms to use gms for next service
I/ExcludingStoppedHook( 2431): actioncom.google.android.gms.gcm.ACTION_SCHEDULE
I/ExcludingStoppedHook( 2431): actioncom.google.android.gms.gcm.ACTION_SCHEDULE
I/ExcludingStoppedHook( 2431): actioncom.google.android.gms.gcm.ACTION_SCHEDULE
I/ExcludingStoppedHook( 2431): actioncom.google.android.gms.gcm.ACTION_SCHEDULE
I/ExcludingStoppedHook( 2431): actioncom.google.android.gms.gcm.ACTION_SCHEDULE
I/ExcludingStoppedHook( 2431): actioncom.google.android.gms.gcm.ACTION_SCHEDULE
I/ExcludingStoppedHook( 2431): actioncom.google.android.gms.gcm.ACTION_SCHEDULE
I/ExcludingStoppedHook( 2431): actioncom.google.android.gms.gcm.ACTION_SCHEDULE
I/ExcludingStoppedHook( 2431): actioncom.google.android.gms.gcm.ACTION_SCHEDULE
I/ExcludingStoppedHook( 2431): actioncom.google.android.gms.gcm.ACTION_SCHEDULE
I/ExcludingStoppedHook( 2431): actioncom.google.android.gms.gcm.ACTION_SCHEDULE
I/ExcludingStoppedHook( 2431): actioncom.google.android.gms.gcm.ACTION_SCHEDULE
I/ExcludingStoppedHook( 2431): actioncom.google.android.gms.gcm.ACTION_SCHEDULE
I/ExcludingStoppedHook( 2431): actioncom.google.android.gms.gcm.ACTION_SCHEDULE
I/ExcludingStoppedHook( 2431): actioncom.google.android.gms.gcm.ACTION_SCHEDULE
I/ExcludingStoppedHook( 2431): actioncom.google.android.gms.gcm.ACTION_SCHEDULE
I/ExcludingStoppedHook( 2431): actioncom.google.android.gms.gcm.ACTION_SCHEDULE
I/ExcludingStoppedHook( 2431): actioncom.google.android.gms.gcm.ACTION_SCHEDULE
I/ExcludingStoppedHook( 2431): actioncom.google.android.gms.gcm.ACTION_SCHEDULE
I/ExcludingStoppedHook( 2431): actioncom.google.android.gms.gcm.ACTION_SCHEDULE
I/ExcludingStoppedHook( 2431): actioncom.google.android.gms.gcm.ACTION_SCHEDULE
I/ExcludingStoppedHook( 2431): actioncom.google.android.gms.gcm.ACTION_SCHEDULE
I/ExcludingStoppedHook( 2431): actioncom.google.android.gms.gcm.ACTION_SCHEDULE
I/ExcludingStoppedHook( 2431): actioncom.google.android.gms.gcm.ACTION_SCHEDULE
I/ExcludingStoppedHook( 2431): actioncom.google.android.gms.gcm.ACTION_SCHEDULE
I/ExcludingStoppedHook( 2431): actioncom.google.android.gms.gcm.ACTION_SCHEDULE
I/ExcludingStoppedHook( 2431): actioncom.google.android.gms.gcm.ACTION_SCHEDULE
I/ExcludingStoppedHook( 2431): actioncom.google.android.gms.gcm.ACTION_SCHEDULE
I/ExcludingStoppedHook( 2431): actioncom.google.android.gms.gcm.ACTION_SCHEDULE
I/ExcludingStoppedHook( 2431): actioncom.google.android.gms.gcm.ACTION_SCHEDULE
I/ExcludingStoppedHook( 2431): actioncom.google.android.gms.gcm.ACTION_SCHEDULE
I/ExcludingStoppedHook( 2431): actioncom.google.android.gms.gcm.ACTION_SCHEDULE
I/ExcludingStoppedHook( 2431): actioncom.google.android.gms.gcm.ACTION_SCHEDULE
I/ExcludingStoppedHook( 2431): actioncom.google.android.gms.gcm.ACTION_SCHEDULE
I/ExcludingStoppedHook( 2431): actioncom.google.android.gms.gcm.ACTION_SCHEDULE
I/ExcludingStoppedHook( 2431): actioncom.google.android.gms.gcm.ACTION_SCHEDULE
I/ExcludingStoppedHook( 2431): actioncom.google.android.gms.gcm.ACTION_SCHEDULE
I/ExcludingStoppedHook( 2431): actioncom.google.android.gms.gcm.ACTION_SCHEDULE
I/ExcludingStoppedHook( 2431): actioncom.google.android.gms.gcm.ACTION_SCHEDULE
I/ExcludingStoppedHook( 2431): actioncom.google.android.gms.gcm.ACTION_SCHEDULE
I/ExcludingStoppedHook( 2431): actioncom.google.android.gms.gcm.ACTION_SCHEDULE
