04-09 09:57:17.804  2709  2709 D MSF.D.NetworkProvider: netchange NONE to WiFi
04-09 09:57:17.804  2141  2153 I chatty  : uid=1000(system) Binder:2141_2 expire 14 lines
04-09 09:57:17.804  2709  3076 D WifiDetector: WIFI detect onWifiConnected!
04-09 09:57:17.804  2709  3076 D WifiDetector: WIFI detect started!
04-09 09:57:17.806  2709  3076 D StandbyModeManager: onWifiOn
04-09 09:57:17.810  2141  2159 E BatteryExternalStatsWorker: no controller energy info supplied for wifi
04-09 09:57:17.824  5472  5472 I sh      : type=1400 audit(0.0:725): avc: denied { ioctl } for path="/dev/pts/0" dev="devpts" ino=3 ioctlcmd=0x5401 scontext=u:r:init:s0 tcontext=u:object_r:devpts:s0 tclass=chr_file permissive=1
04-09 09:57:17.830  5479  5479 I cat     : type=1400 audit(0.0:726): avc: denied { write } for path="pipe:[67360]" dev="pipefs" ino=67360 scontext=u:r:toolbox:s0 tcontext=u:r:init:s0 tclass=fifo_file permissive=1
04-09 09:57:17.830  5479  5479 I cat     : type=1400 audit(0.0:727): avc: denied { getattr } for path="/vendor" dev="tmpfs" ino=12358 scontext=u:r:toolbox:s0 tcontext=u:object_r:tmpfs:s0 tclass=lnk_file permissive=1
04-09 09:57:17.830  5479  5479 I cat     : type=1400 audit(0.0:728): avc: denied { read } for name="vendor" dev="tmpfs" ino=12358 scontext=u:r:toolbox:s0 tcontext=u:object_r:tmpfs:s0 tclass=lnk_file permissive=1
04-09 09:57:17.830  2141  5466 I chatty  : uid=1000 system_server expire 2 lines
04-09 09:57:17.834  2141  5465 I chatty  : uid=1000 system_server expire 2 lines
04-09 09:57:17.835  5479  5479 I cat     : type=1400 audit(0.0:729): avc: denied { read } for name="board_name" dev="sysfs" ino=397 scontext=u:r:toolbox:s0 tcontext=u:object_r:sysfs:s0 tclass=file permissive=1
04-09 09:57:17.835  5479  5479 I cat     : type=1400 audit(0.0:730): avc: denied { open } for path="/sys/devices/virtual/dmi/id/board_name" dev="sysfs" ino=397 scontext=u:r:toolbox:s0 tcontext=u:object_r:sysfs:s0 tclass=file permissive=1
04-09 09:57:17.840  2961  5483 I chatty  : uid=10013(com.google.android.gms) expire 2 lines
04-09 09:57:17.849  5485  5485 I cat     : type=1400 audit(0.0:731): avc: denied { read } for name="cmdline" dev="proc" ino=4026532020 scontext=u:r:toolbox:s0 tcontext=u:object_r:proc:s0 tclass=file permissive=1
04-09 09:57:17.849  5485  5485 I cat     : type=1400 audit(0.0:732): avc: denied { open } for path="/proc/cmdline" dev="proc" ino=4026532020 scontext=u:r:toolbox:s0 tcontext=u:object_r:proc:s0 tclass=file permissive=1
04-09 09:57:17.851  2824  5201 I chatty  : uid=10013 com.google.android.gms.persistent expire 4 lines
04-09 09:57:17.878  2961  5488 I chatty  : uid=10013(com.google.android.gms) expire 2 lines
04-09 09:57:17.926  2709  5469 D WifiDetector: WIFI detect result, WIFI_OK
04-09 09:57:30.806  2141  5460 I chatty  : uid=1000 system_server expire 6 lines
04-09 09:57:30.815  2141  2220 D ConnectivityService: NetworkAgentInfo [WIFI () - 107] validation failed
04-09 09:57:30.830  2141  2500 I chatty  : uid=1000(system) Binder:2141_7 expire 15 lines
04-09 09:57:30.831  2824  3803 I chatty  : uid=10013(com.google.android.gms) Binder:2824_7 expire 3 lines
04-09 09:57:30.831  2961  5499 I chatty  : uid=10013(com.google.android.gms) expire 1 line
04-09 09:57:31.818  2141  5504 I chatty  : uid=1000 system_server expire 2 lines
04-09 09:57:31.820  2141  5503 I chatty  : uid=1000 system_server expire 2 lines
04-09 09:57:37.840  2824  5471 I chatty  : uid=10013 com.google.android.gms.persistent expire 1 line
04-09 09:57:46.848  2141  5515 I chatty  : uid=1000 system_server expire 2 lines
04-09 09:57:46.850  2141  5514 I chatty  : uid=1000 system_server expire 2 lines
04-09 09:57:53.290  2468  2468 I wpa_supplicant: wlan0: CTRL-EVENT-DISCONNECTED bssid=a0:63:91:d4:f9:89 reason=3 locally_generated=1
04-09 09:57:53.291  2709  3162 D WorkerThreadMonitor: Kill MSF check result[ senderSize:0,sendInterval:3483730,receiveInterval=3483730,addCmdCount=0
04-09 09:57:44.844  2141  2220 D ConnectivityService: NetworkAgentInfo [WIFI () - 107] validation failed
04-09 09:57:53.292  2141  2220 D ConnectivityService: NetworkAgentInfo [WIFI () - 107] EVENT_NETWORK_INFO_CHANGED, going from CONNECTED to DISCONNECTED
04-09 09:57:53.292  2141  2220 D ConnectivityService: NetworkAgentInfo [WIFI () - 107] got DISCONNECTED, was satisfying 4
04-09 09:57:53.293  2012  2073 D CommandListener: Setting iface cfg
04-09 09:57:53.295  2012  2064 I Netd    : Destroyed 9 sockets on 192.168.0.123 in 0.7 ms
04-09 09:57:53.295  2824  5509 I chatty  : uid=10013 com.google.android.gms.persistent expire 1 line
04-09 09:57:53.299  2141  2220 D ConnectivityService: Sending DISCONNECTED broadcast for type 1 NetworkAgentInfo [WIFI () - 107] isDefaultNetwork=true
04-09 09:57:53.308  2709  2709 D NetConnInfoCenter: receive broadcast Intent { act=android.net.conn.CONNECTIVITY_CHANGE flg=0x4000010 cmp=com.tencent.mobileqq/.msf.core.NetConnInfoCenter (has extras) }
04-09 09:57:53.308  2709  2709 D MSF.D.NetworkProvider: currentAPN:. ActiveNetInfo: null. ExtraNetInfo: [type: WIFI[], state: DISCONNECTED/DISCONNECTED, reason: (unspecified), extra: <unknown ssid>, failover: false, available: true, roaming: false]
04-09 09:57:53.308  2709  2709 D MSF.D.NetworkProvider: netchange WiFi to NONE
04-09 09:57:53.309  2141  2159 I chatty  : uid=1000(system) batterystats-wo expire 12 lines
04-09 09:57:53.311  2141  2216 I chatty  : uid=1000(system) WifiStateMachin expire 28 lines
04-09 09:57:53.311  2141  2159 E BatteryExternalStatsWorker: no controller energy info supplied for wifi
04-09 09:57:53.312  2012  2073 D CommandListener: Clearing all IP addresses on wlan0
04-09 09:57:53.321  2141  2290 I UsbAlsaManager: USB Audio Device Removed: null
04-09 09:57:53.325  2824  5521 I chatty  : uid=10013 com.google.android.gms.persistent expire 1 line
04-09 09:57:53.326  2824  5523 I chatty  : uid=10013 com.google.android.gms.persistent expire 2 lines
04-09 09:57:53.328  2824  5526 I chatty  : uid=10013 com.google.android.gms.persistent expire 16 lines
04-09 09:57:53.328  2961  5527 I chatty  : uid=10013(com.google.android.gms) expire 1 line
04-09 09:57:53.475  2141  2290 D UsbHostManager: Added device UsbDevice[mName=/dev/bus/usb/002/014,mVendorId=6000,mProductId=65280,mClass=0,mSubclass=0,mProtocol=0,mManufacturerName=MSI EPF USB,mProductName=MSI EPF USB,mVersion=1.16,mSerialNumber=MSI EPF USB,mConfigurations=[
04-09 09:57:53.475  2141  2290 D UsbHostManager: UsbConfiguration[mId=1,mName=null,mAttributes=160,mMaxPower=1,mInterfaces=[
04-09 09:57:53.475  2141  2290 D UsbHostManager: UsbInterface[mId=0,mAlternateSetting=0,mName=null,mClass=3,mSubclass=0,mProtocol=0,mEndpoints=[
04-09 09:57:53.475  2141  2290 D UsbHostManager: UsbEndpoint[mAddress=129,mAttributes=3,mMaxPacketSize=8,mInterval=10]]]]
04-09 09:57:53.477  2141  2290 I UsbHostManager: ---- isHeadset[in: false , out: false]
04-09 09:57:56.367  2141  2488 I chatty  : uid=1000(system) Binder:2141_6 expire 10 lines
04-09 09:57:56.379  2050  2050 W wificond: Scan is not started. Ignore abort request
04-09 09:57:56.379  2468  2468 I wpa_supplicant: wlan0: SME: Trying to authenticate with a0:63:91:d4:f9:89 (SSID='oslab' freq=2437 MHz)
04-09 09:57:56.383  2468  2468 I wpa_supplicant: wlan0: Trying to associate with a0:63:91:d4:f9:89 (SSID='oslab' freq=2437 MHz)
04-09 09:57:56.390  2468  2468 I wpa_supplicant: wlan0: Associated with a0:63:91:d4:f9:89
04-09 09:57:56.390  2468  2468 I wpa_supplicant: wlan0: CTRL-EVENT-SUBNET-STATUS-UPDATE status=0
04-09 09:57:56.416  2468  2468 I wpa_supplicant: wlan0: WPA: Key negotiation completed with a0:63:91:d4:f9:89 [PTK=CCMP GTK=CCMP]
04-09 09:57:56.416  2468  2468 I wpa_supplicant: wlan0: CTRL-EVENT-CONNECTED - Connection to a0:63:91:d4:f9:89 completed [id=0 id_str=%7B%22configKey%22%3A%22%5C%22oslab%5C%22WPA_PSK%22%2C%22creatorUid%22%3A%221000%22%7D]
04-09 09:57:56.420  2141  2216 D ConnectivityService: registerNetworkAgent NetworkAgentInfo{ ni{[type: WIFI[], state: CONNECTING/CONNECTING, reason: (unspecified), extra: "oslab", failover: false, available: true, roaming: false]}  network{108}  nethandle{463872903902}  lp{{LinkAddresses: []  Routes: [] DnsAddresses: [] Domains: null MTU: 0}}  nc{[ Transports: WIFI Capabilities: NOT_METERED&INTERNET&NOT_RESTRICTED&TRUSTED&NOT_VPN LinkUpBandwidth>=1048576Kbps LinkDnBandwidth>=1048576Kbps]}  Score{20}  everValidated{false}  lastValidated{false}  created{false} lingering{false} explicitlySelected{false} acceptUnvalidated{false} everCaptivePortalDetected{false} lastCaptivePortalDetected{false} clat{null} }
04-09 09:57:56.420  2141  2220 D ConnectivityService: NetworkAgentInfo [WIFI () - 108] EVENT_NETWORK_INFO_CHANGED, going from null to CONNECTING
04-09 09:57:56.429  2141  5534 I chatty  : uid=1000 system_server expire 4 lines
04-09 09:57:56.430  2141  5532 I chatty  : uid=1000 system_server expire 9 lines
04-09 09:58:01.438  2272  2272 I RenderThread: type=1400 audit(0.0:733): avc: denied { ioctl } for path="/dev/dri/card0" dev="tmpfs" ino=1087 ioctlcmd=0x640b scontext=u:r:platform_app:s0:c512,c768 tcontext=u:object_r:device:s0 tclass=chr_file permissive=1
04-09 09:58:01.443  2012  2073 D CommandListener: Setting iface cfg
04-09 09:58:01.446  2141  2220 D ConnectivityService: NetworkAgentInfo [WIFI () - 108] EVENT_NETWORK_INFO_CHANGED, going from CONNECTING to CONNECTED
04-09 09:58:01.446  2141  2220 D ConnectivityService: Adding iface wlan0 to network 108
04-09 09:58:01.448  2141  2220 D ConnectivityService: Setting DNS servers for network 108 to [/192.168.0.1]
04-09 09:58:01.449  2141  2220 D ConnectivityService: Switching to new default network: NetworkAgentInfo{ ni{[type: WIFI[], state: CONNECTED/CONNECTED, reason: (unspecified), extra: "oslab", failover: false, available: true, roaming: false]}  network{108}  nethandle{463872903902}  lp{{InterfaceName: wlan0 LinkAddresses: [fe80::756f:6c1b:1beb:8611/64,192.168.0.123/24,]  Routes: [fe80::/64 -> :: wlan0,192.168.0.0/24 -> 0.0.0.0 wlan0,0.0.0.0/0 -> 192.168.0.1 wlan0,] DnsAddresses: [192.168.0.1,] Domains: null MTU: 0 TcpBufferSizes: 524288,1048576,2097152,262144,524288,1048576}}  nc{[ Transports: WIFI Capabilities: NOT_METERED&INTERNET&NOT_RESTRICTED&TRUSTED&NOT_VPN&FOREGROUND LinkUpBandwidth>=1048576Kbps LinkDnBandwidth>=1048576Kbps]}  Score{20}  everValidated{false}  lastValidated{false}  created{true} lingering{false} explicitlySelected{false} acceptUnvalidated{false} everCaptivePortalDetected{false} lastCaptivePortalDetected{false} clat{null} }
04-09 09:58:01.452     1     1 I init    : type=1400 audit(0.0:734): avc: denied { dac_read_search } for capability=2 scontext=u:r:init:s0 tcontext=u:r:init:s0 tclass=capability permissive=1
04-09 09:58:01.452  2141  2220 E ConnectivityService: Can't set TCP buffer sizes:java.io.FileNotFoundException: /sys/kernel/ipv4/tcp_rmem_min (No such file or directory)
04-09 09:58:01.453  2141  2220 D ConnectivityService: Sending CONNECTED broadcast for type 1 NetworkAgentInfo [WIFI () - 108] isDefaultNetwork=true
04-09 09:58:01.455  2141  2159 E BatteryExternalStatsWorker: no controller energy info supplied for wifi
04-09 09:58:01.456  2961  2961 I chatty  : uid=10013(com.google.android.gms) expire 10 lines
04-09 09:58:01.457  2141  5252 I chatty  : uid=1000(system) Binder:2141_15 expire 10 lines
04-09 09:58:01.457  2709  2709 D NetConnInfoCenter: receive broadcast Intent { act=android.net.conn.CONNECTIVITY_CHANGE flg=0x4000010 cmp=com.tencent.mobileqq/.msf.core.NetConnInfoCenter (has extras) }
04-09 09:58:01.458  2709  2709 I MSF.D.NetworkProvider: refresh currentAPN:. received networkInfo: CONNECTED :NetworkInfo: type: WIFI[], state: CONNECTED/CONNECTED, reason: (unspecified), extra: "os, roaming: false, failover: false, isAvailable: true, isConnectedToProvisioningNetwork: true. ExtraNetInfo: NetworkInfo: type: WIFI[], state: CONNECTED/CONNECTED, reason: (unspecified), extra: "os, roaming: false, failover: false, isAvailable: true, isConnectedToProvisioningNetwork: true
04-09 09:58:01.458  2709  2709 D MSF.D.NetworkProvider: netchange NONE to WiFi
04-09 09:58:01.459  2709  3076 D WifiDetector: WIFI detect onWifiConnected!
04-09 09:58:01.459  2709  3076 D WifiDetector: WIFI detect started!
04-09 09:58:01.460  2709  3076 D StandbyModeManager: onWifiOn
04-09 09:58:01.489  2141  5537 I chatty  : uid=1000 system_server expire 2 lines
04-09 09:58:01.492  2141  5536 I chatty  : uid=1000 system_server expire 2 lines
04-09 09:58:01.588  2709  5541 D WifiDetector: WIFI detect result, WIFI_OK
04-09 09:58:14.462  2141  5530 I chatty  : uid=1000 system_server expire 8 lines
04-09 09:58:14.471  2141  2220 D ConnectivityService: NetworkAgentInfo [WIFI () - 108] validation failed
04-09 09:58:14.487  2961  5559 I chatty  : uid=10013(com.google.android.gms) expire 1 line
04-09 09:58:14.488  2824  5500 I chatty  : uid=10013 com.google.android.gms.persistent expire 2 lines
04-09 09:58:14.507  2824  2865 I chatty  : uid=10013(com.google.android.gms) Profile Saver expire 1 line
04-09 09:58:15.474  2141  5567 I chatty  : uid=1000 system_server expire 2 lines
04-09 09:58:15.476  2141  5566 I chatty  : uid=1000 system_server expire 2 lines
04-09 09:58:21.513  2824  5542 I chatty  : uid=10013 com.google.android.gms.persistent expire 1 line
04-09 09:58:30.513  2141  5576 I chatty  : uid=1000 system_server expire 2 lines
04-09 09:58:30.515  2141  5575 I chatty  : uid=1000 system_server expire 2 lines
04-09 09:58:41.636  2824  5571 I chatty  : uid=10013 com.google.android.gms.persistent expire 1 line
04-09 09:58:47.539  2141  5585 I chatty  : uid=1000 system_server expire 2 lines
04-09 09:58:47.541  2141  5584 I chatty  : uid=1000 system_server expire 2 lines
04-09 09:58:53.351  2709  3162 D WorkerThreadMonitor: Kill MSF check result[ senderSize:0,sendInterval:3543790,receiveInterval=3543790,addCmdCount=0
04-09 09:58:54.840  2468  2468 I wpa_supplicant: wlan0: CTRL-EVENT-DISCONNECTED bssid=a0:63:91:d4:f9:89 reason=3 locally_generated=1
04-09 09:58:28.509  2141  2220 I chatty  : uid=1000(system) ConnectivitySer identical 1 line
04-09 09:58:43.533  2141  2220 D ConnectivityService: NetworkAgentInfo [WIFI () - 108] validation failed
04-09 09:58:54.842  2141  2220 D ConnectivityService: NetworkAgentInfo [WIFI () - 108] EVENT_NETWORK_INFO_CHANGED, going from CONNECTED to DISCONNECTED
04-09 09:58:54.842  2141  2220 D ConnectivityService: NetworkAgentInfo [WIFI () - 108] got DISCONNECTED, was satisfying 4
04-09 09:58:54.843  2012  2073 D CommandListener: Setting iface cfg
04-09 09:58:54.845  2012  2064 I Netd    : Destroyed 9 sockets on 192.168.0.123 in 0.7 ms
04-09 09:58:54.845  2824  5582 I chatty  : uid=10013 com.google.android.gms.persistent expire 1 line
04-09 09:58:54.851  2141  2220 D ConnectivityService: Sending DISCONNECTED broadcast for type 1 NetworkAgentInfo [WIFI () - 108] isDefaultNetwork=true
04-09 09:58:54.857  2141  3040 I chatty  : uid=1000(system) Binder:2141_E expire 12 lines
04-09 09:58:54.859  2709  2709 D NetConnInfoCenter: receive broadcast Intent { act=android.net.conn.CONNECTIVITY_CHANGE flg=0x4000010 cmp=com.tencent.mobileqq/.msf.core.NetConnInfoCenter (has extras) }
04-09 09:58:54.861  2012  2073 D CommandListener: Clearing all IP addresses on wlan0
04-09 09:58:54.868  2709  2709 D MSF.D.NetworkProvider: currentAPN:. ActiveNetInfo: null. ExtraNetInfo: [type: WIFI[], state: DISCONNECTED/DISCONNECTED, reason: (unspecified), extra: <unknown ssid>, failover: false, available: true, roaming: false]
04-09 09:58:54.868  2709  2709 D MSF.D.NetworkProvider: netchange WiFi to NONE
04-09 09:58:54.868  2141  2576 I chatty  : uid=1000(system) Binder:2141_8 expire 9 lines
04-09 09:58:54.871  2141  2159 E BatteryExternalStatsWorker: no controller energy info supplied for wifi
04-09 09:58:54.876  2141  2290 I UsbAlsaManager: USB Audio Device Removed: null
04-09 09:58:54.879  2824  5526 I chatty  : uid=10013 com.google.android.gms.persistent expire 1 line
04-09 09:58:54.880  2824  5594 I chatty  : uid=10013 com.google.android.gms.persistent expire 1 line
04-09 09:58:54.880  2824  5596 I chatty  : uid=10013 com.google.android.gms.persistent expire 1 line
04-09 09:58:54.881  2824  5595 I chatty  : uid=10013 com.google.android.gms.persistent expire 1 line
04-09 09:58:54.882  2824  5599 I chatty  : uid=10013 com.google.android.gms.persistent expire 24 lines
04-09 09:58:54.883  2961  5600 I chatty  : uid=10013(com.google.android.gms) expire 1 line
04-09 09:58:55.023  2141  2290 D UsbHostManager: Added device UsbDevice[mName=/dev/bus/usb/002/015,mVendorId=6000,mProductId=65280,mClass=0,mSubclass=0,mProtocol=0,mManufacturerName=MSI EPF USB,mProductName=MSI EPF USB,mVersion=1.16,mSerialNumber=MSI EPF USB,mConfigurations=[
04-09 09:58:55.023  2141  2290 D UsbHostManager: UsbConfiguration[mId=1,mName=null,mAttributes=160,mMaxPower=1,mInterfaces=[
04-09 09:58:55.023  2141  2290 D UsbHostManager: UsbInterface[mId=0,mAlternateSetting=0,mName=null,mClass=3,mSubclass=0,mProtocol=0,mEndpoints=[
04-09 09:58:55.023  2141  2290 D UsbHostManager: UsbEndpoint[mAddress=129,mAttributes=3,mMaxPacketSize=8,mInterval=10]]]]
04-09 09:58:55.024  2141  2290 I UsbHostManager: ---- isHeadset[in: false , out: false]
04-09 09:59:04.882  2824  5607 I chatty  : uid=10013 com.google.android.gms.persistent expire 1 line
04-09 09:59:11.118  2141  2141 I chatty  : uid=1000 system_server expire 2 lines
04-09 09:59:11.119  2539  2539 E PhoneInterfaceManager: [PhoneIntfMgr] queryModemActivityInfo: Empty response
04-09 09:59:11.119  2141  2159 E BatteryExternalStatsWorker: no controller energy info supplied for wifi
04-09 09:59:11.119  2141  2159 E BatteryExternalStatsWorker: no controller energy info supplied for bluetooth
04-09 09:59:11.119  2141  2159 E KernelUidCpuFreqTimeReader: Failed to read /proc/uid_time_in_state: java.io.FileNotFoundException: /proc/uid_time_in_state (No such file or directory)
04-09 09:59:11.119  2141  2159 E KernelCpuSpeedReader: Failed to read cpu-freq: /sys/devices/system/cpu/cpu0/cpufreq/stats/time_in_state (No such file or directory)
04-09 09:59:11.120  2141  2159 E BatteryExternalStatsWorker: modem info is invalid: ModemActivityInfo{ mTimestamp=0 mSleepTimeMs=0 mIdleTimeMs=0 mTxTimeMs[]=[0, 0, 0, 0, 0] mRxTimeMs=0 mEnergyUsed=0}
04-09 09:59:18.282  2049  2049 I storaged: type=1400 audit(0.0:736): avc: denied { map } for path="/dev/event-log-tags" dev="tmpfs" ino=14425 scontext=u:r:storaged:s0 tcontext=u:object_r:runtime_event_log_tags_file:s0 tclass=file permissive=1
04-09 09:59:19.924  2824  5599 I chatty  : uid=10013 com.google.android.gms.persistent expire 2 lines
04-09 09:59:24.888  2824  5612 I chatty  : uid=10013 com.google.android.gms.persistent expire 1 line
04-09 09:59:27.644  2141  2488 I chatty  : uid=1000(system) Binder:2141_6 expire 9 lines
04-09 09:59:30.438  2141  2216 I chatty  : uid=1000(system) WifiStateMachin expire 24 lines
04-09 09:59:30.439  2050  2050 W wificond: Scan is not started. Ignore abort request
04-09 09:59:30.439  2468  2468 I wpa_supplicant: wlan0: SME: Trying to authenticate with a0:63:91:d4:f9:89 (SSID='oslab' freq=2437 MHz)
04-09 09:59:30.449  2468  2468 I wpa_supplicant: wlan0: Trying to associate with a0:63:91:d4:f9:89 (SSID='oslab' freq=2437 MHz)
04-09 09:59:30.474  2468  2468 I wpa_supplicant: wlan0: Associated with a0:63:91:d4:f9:89
04-09 09:59:30.474  2468  2468 I wpa_supplicant: wlan0: CTRL-EVENT-SUBNET-STATUS-UPDATE status=0
04-09 09:59:30.485  2468  2468 I wpa_supplicant: wlan0: WPA: Key negotiation completed with a0:63:91:d4:f9:89 [PTK=CCMP GTK=CCMP]
04-09 09:59:30.485  2468  2468 I wpa_supplicant: wlan0: CTRL-EVENT-CONNECTED - Connection to a0:63:91:d4:f9:89 completed [id=0 id_str=%7B%22configKey%22%3A%22%5C%22oslab%5C%22WPA_PSK%22%2C%22creatorUid%22%3A%221000%22%7D]
04-09 09:59:30.489  2141  2216 D ConnectivityService: registerNetworkAgent NetworkAgentInfo{ ni{[type: WIFI[], state: CONNECTING/CONNECTING, reason: (unspecified), extra: "oslab", failover: false, available: true, roaming: false]}  network{109}  nethandle{468167871198}  lp{{LinkAddresses: []  Routes: [] DnsAddresses: [] Domains: null MTU: 0}}  nc{[ Transports: WIFI Capabilities: NOT_METERED&INTERNET&NOT_RESTRICTED&TRUSTED&NOT_VPN LinkUpBandwidth>=1048576Kbps LinkDnBandwidth>=1048576Kbps]}  Score{20}  everValidated{false}  lastValidated{false}  created{false} lingering{false} explicitlySelected{false} acceptUnvalidated{false} everCaptivePortalDetected{false} lastCaptivePortalDetected{false} clat{null} }
04-09 09:59:30.489  2141  2220 D ConnectivityService: NetworkAgentInfo [WIFI () - 109] EVENT_NETWORK_INFO_CHANGED, going from null to CONNECTING
04-09 09:59:30.498  2141  5618 I chatty  : uid=1000 system_server expire 4 lines
04-09 09:59:30.499  2141  5616 I chatty  : uid=1000 system_server expire 9 lines
04-09 09:59:35.511  2012  2073 D CommandListener: Setting iface cfg
04-09 09:59:35.517  2141  2220 D ConnectivityService: NetworkAgentInfo [WIFI () - 109] EVENT_NETWORK_INFO_CHANGED, going from CONNECTING to CONNECTED
04-09 09:59:35.517  2141  2220 D ConnectivityService: Adding iface wlan0 to network 109
04-09 09:59:35.520  2141  2220 D ConnectivityService: Setting DNS servers for network 109 to [/192.168.0.1]
04-09 09:59:35.521  2141  2220 D ConnectivityService: Switching to new default network: NetworkAgentInfo{ ni{[type: WIFI[], state: CONNECTED/CONNECTED, reason: (unspecified), extra: "oslab", failover: false, available: true, roaming: false]}  network{109}  nethandle{468167871198}  lp{{InterfaceName: wlan0 LinkAddresses: [fe80::756f:6c1b:1beb:8611/64,192.168.0.123/24,]  Routes: [fe80::/64 -> :: wlan0,192.168.0.0/24 -> 0.0.0.0 wlan0,0.0.0.0/0 -> 192.168.0.1 wlan0,] DnsAddresses: [192.168.0.1,] Domains: null MTU: 0 TcpBufferSizes: 524288,1048576,2097152,262144,524288,1048576}}  nc{[ Transports: WIFI Capabilities: NOT_METERED&INTERNET&NOT_RESTRICTED&TRUSTED&NOT_VPN&FOREGROUND LinkUpBandwidth>=1048576Kbps LinkDnBandwidth>=1048576Kbps]}  Score{20}  everValidated{false}  lastValidated{false}  created{true} lingering{false} explicitlySelected{false} acceptUnvalidated{false} everCaptivePortalDetected{false} lastCaptivePortalDetected{false} clat{null} }
04-09 09:59:35.524  2141  2220 E ConnectivityService: Can't set TCP buffer sizes:java.io.FileNotFoundException: /sys/kernel/ipv4/tcp_rmem_min (No such file or directory)
04-09 09:59:35.524  2141  2159 I chatty  : uid=1000(system) batterystats-wo expire 15 lines
04-09 09:59:35.525  2141  2220 D ConnectivityService: Sending CONNECTED broadcast for type 1 NetworkAgentInfo [WIFI () - 109] isDefaultNetwork=true
04-09 09:59:35.525  2141  2159 E BatteryExternalStatsWorker: no controller energy info supplied for wifi
04-09 09:59:35.527  2709  2709 D NetConnInfoCenter: receive broadcast Intent { act=android.net.conn.CONNECTIVITY_CHANGE flg=0x4000010 cmp=com.tencent.mobileqq/.msf.core.NetConnInfoCenter (has extras) }
04-09 09:59:35.528  2709  2709 I MSF.D.NetworkProvider: refresh currentAPN:. received networkInfo: CONNECTED :NetworkInfo: type: WIFI[], state: CONNECTED/CONNECTED, reason: (unspecified), extra: "os, roaming: false, failover: false, isAvailable: true, isConnectedToProvisioningNetwork: true. ExtraNetInfo: NetworkInfo: type: WIFI[], state: CONNECTED/CONNECTED, reason: (unspecified), extra: "os, roaming: false, failover: false, isAvailable: true, isConnectedToProvisioningNetwork: true
04-09 09:59:35.528  2709  2709 D MSF.D.NetworkProvider: netchange NONE to WiFi
04-09 09:59:35.528  2709  3076 D WifiDetector: WIFI detect onWifiConnected!
04-09 09:59:35.528  2709  3076 D WifiDetector: WIFI detect started!
04-09 09:59:35.530  2709  3076 D StandbyModeManager: onWifiOn
04-09 09:59:35.533  5621  5621 I init    : type=1400 audit(0.0:737): avc: denied { execute_no_trans } for path="/system/bin/logwrapper" dev="sdb2" ino=429 scontext=u:r:init:s0 tcontext=u:object_r:system_file:s0 tclass=file permissive=1
04-09 09:59:35.537  5631  5631 I logwrapper: type=1400 audit(0.0:738): avc: denied { execute_no_trans } for path="/system/bin/sh" dev="sdb2" ino=529 scontext=u:r:init:s0 tcontext=u:object_r:shell_exec:s0 tclass=file permissive=1
04-09 09:59:35.546  2141  5620 I chatty  : uid=1000 system_server expire 2 lines
04-09 09:59:35.546  2141  5619 I chatty  : uid=1000 system_server expire 2 lines
04-09 09:59:35.619  2709  5623 D WifiDetector: WIFI detect result, WIFI_OK
04-09 09:59:48.533  2141  5614 I chatty  : uid=1000 system_server expire 10 lines
04-09 09:59:48.545  2141  2220 D ConnectivityService: NetworkAgentInfo [WIFI () - 109] validation failed
04-09 09:59:48.561  2824  3624 I chatty  : uid=10013(com.google.android.gms) Binder:2824_6 expire 1 line
04-09 09:59:48.562  2961  5641 I chatty  : uid=10013(com.google.android.gms) expire 1 line
04-09 09:59:48.565  2824  5528 I chatty  : uid=10013 com.google.android.gms.persistent expire 2 lines
04-09 09:59:49.550  2141  5649 I chatty  : uid=1000 system_server expire 2 lines
04-09 09:59:49.551  2141  5648 I chatty  : uid=1000 system_server expire 2 lines
04-09 09:59:50.712  5652  5652 I main    : type=1400 audit(0.0:739): avc: denied { mounton } for path="/storage" dev="tmpfs" ino=12353 scontext=u:r:zygote:s0 tcontext=u:object_r:tmpfs:s0 tclass=dir permissive=1
04-09 09:59:50.712  5652  5652 I main    : type=1400 audit(0.0:740): avc: denied { dac_read_search } for capability=2 scontext=u:r:zygote:s0 tcontext=u:r:zygote:s0 tclass=capability permissive=1
04-09 09:59:50.712  5652  5652 I main    : type=1400 audit(0.0:741): avc: denied { create } for name="cgroup.procs" scontext=u:r:zygote:s0 tcontext=u:object_r:cgroup:s0 tclass=file permissive=1
04-09 09:59:50.714  5652  5652 W zygote64: Unexpected CPU variant for X86 using defaults: x86_64
04-09 09:59:50.717  2031  2031 I lmkd    : type=1400 audit(0.0:742): avc: denied { dac_read_search } for capability=2 scontext=u:r:lmkd:s0 tcontext=u:r:lmkd:s0 tclass=capability permissive=1
04-09 09:59:50.718  2141  2141 I ActivityManager: Start proc 5652:com.google.android.partnersetup/u0a20 for service com.google.android.partnersetup/.InstalledAppJobService
04-09 09:59:50.720  2141  2500 I chatty  : uid=1000(system) Binder:2141_7 expire 2 lines
04-09 09:59:50.721  2961  5640 I chatty  : uid=10013(com.google.android.gms) expire 1 line
04-09 09:59:50.726  5652  5652 I zygote64: The ClassLoaderContext is a special shared library.
04-09 09:59:50.728  2824  5645 I chatty  : uid=10013 com.google.android.gms.persistent expire 3 lines
04-09 09:59:50.730  4570  5666 I SetupWizard: [DeferredSetupNotificationSchedulerService] Deferred notification scheduled at Mon Apr 08 11:02:16 GMT+08:00 2019
04-09 09:59:53.378  2709  3162 D WorkerThreadMonitor: Kill MSF check result[ senderSize:0,sendInterval:3603817,receiveInterval=3603817,addCmdCount=0
04-09 09:59:55.567  2824  5625 I chatty  : uid=10013 com.google.android.gms.persistent expire 1 line
04-09 09:59:59.623  2709  2709 D MSFAliveJobService: MSF_Alive_Log MSFAliveJobService onCreate 
04-09 09:59:59.625  2709  2709 D MSFAliveJobService: MSF_Alive_Log MSFAliveJobService onStartJob 
04-09 09:59:59.626  2709  3076 D MSF.C.ConfigManager: MSF_Alive_Log get config jobscheduler_enable=2
04-09 09:59:59.626  2709  3076 D MSFAliveManager: MSF_Alive_Log get job state = 2
04-09 09:59:59.626  2709  3076 D MSFAliveJobService: MSF_Alive_Log MSFAliveJobService handleMessage start service
04-09 09:59:59.626  2709  3076 D MSFAliveJobService: MSF_Alive_Log : isDeviceIdleMode=false, netWorkFailTime=0, enterIdle=0 levelIdle=0,netFailInterval=1554775199626
04-09 10:00:00.010  2141  2141 D ConditionProviders.SCP: onReceive ScheduleConditionProvider.EVALUATE
04-09 10:00:00.010  2141  2141 D ConditionProviders.SCP: notifyCondition condition://android/schedule?days=6.7&start=23.30&end=10.0&exitAtAlarm=false STATE_FALSE reason=!meetsSchedule
04-09 10:00:00.010  2141  2141 D ConditionProviders.SCP: notifyCondition condition://android/schedule?days=1.2.3.4.5&start=22.0&end=7.0&exitAtAlarm=false STATE_FALSE reason=!meetsSchedule
04-09 10:00:00.010  2141  2141 D ConditionProviders.SCP: Scheduling evaluate for Tue Apr 09 22:00:00 GMT+08:00 2019 (1554818400000), in +11h59m59s990ms, now=Tue Apr 09 10:00:00 GMT+08:00 2019 (1554775200010)
04-09 10:00:02.000  2709  2826 D MSF.D.QLog: QLog init
04-09 10:00:02.577  2141  2220 D ConnectivityService: NetworkAgentInfo [WIFI () - 109] validation failed
04-09 10:00:04.580  2141  5684 I chatty  : uid=1000 system_server expire 2 lines
04-09 10:00:04.584  2141  5685 I chatty  : uid=1000 system_server expire 2 lines
04-09 10:00:12.818  3444  3466 I PlayCommon: [145] com.google.android.play.b.g.f(543): Preparing logs for uploading
04-09 10:00:12.818  3444  3466 I PlayCommon: [145] com.google.android.play.b.x.a(45): Connecting to server for timestamp: https://play.googleapis.com/play/log/timestamp
04-09 10:00:14.929  2141  2155 I ActivityManager: Killing 4300:com.android.keychain/1000 (adj 906): empty for 3596s
04-09 10:00:14.936  2141  2158 I chatty  : uid=1000(system) ActivityManager expire 3 lines
04-09 10:00:15.588  2824  5679 I chatty  : uid=10013 com.google.android.gms.persistent expire 1 line
04-09 10:00:17.600  2141  2220 D ConnectivityService: NetworkAgentInfo [WIFI () - 109] validation failed
04-09 10:00:21.606  2141  5696 I chatty  : uid=1000 system_server expire 2 lines
04-09 10:00:21.608  2141  5695 I chatty  : uid=1000 system_server expire 2 lines
04-09 10:00:40.621  2824  5693 I chatty  : uid=10013 com.google.android.gms.persistent expire 1 line
04-09 10:00:42.638  2141  5705 I chatty  : uid=1000 system_server expire 2 lines
04-09 10:00:42.640  2141  5704 I chatty  : uid=1000 system_server expire 2 lines
04-09 10:00:52.233  2468  2468 I wpa_supplicant: type=1400 audit(0.0:744): avc: denied { write } for name="drop_unicast_in_l2_multicast" dev="proc" ino=13121 scontext=u:r:hal_wifi_supplicant_default:s0 tcontext=u:object_r:proc_net:s0 tclass=file permissive=1
04-09 10:00:52.234  2468  2468 I wpa_supplicant: wlan0: CTRL-EVENT-DISCONNECTED bssid=a0:63:91:d4:f9:89 reason=3 locally_generated=1
04-09 10:00:34.628  2141  2220 D ConnectivityService: NetworkAgentInfo [WIFI () - 109] validation failed
04-09 10:00:52.236  2141  2220 D ConnectivityService: NetworkAgentInfo [WIFI () - 109] EVENT_NETWORK_INFO_CHANGED, going from CONNECTED to DISCONNECTED
04-09 10:00:52.236  2141  2220 D ConnectivityService: NetworkAgentInfo [WIFI () - 109] got DISCONNECTED, was satisfying 4
04-09 10:00:52.237  2012  2073 D CommandListener: Setting iface cfg
04-09 10:00:52.239  2012  2064 I Netd    : Destroyed 10 sockets on 192.168.0.123 in 0.7 ms
04-09 10:00:52.239  2824  5702 I chatty  : uid=10013 com.google.android.gms.persistent expire 1 line
04-09 10:00:52.240  3444  3466 E PlayCommon: [145] com.google.android.play.b.x.a(63): Failed to connect to server for server timestamp: java.net.ConnectException: Failed to connect to play.googleapis.com/6.6.6.6:443
04-09 10:00:52.240  3444  3466 W PlayCommon: [145] com.google.android.play.b.g.a(214): No account for auth token provided
04-09 10:00:52.240  3444  3466 I PlayCommon: [145] com.google.android.play.b.g.a(792): Connecting to server: https://play.googleapis.com/play/log?format=raw&proto_v2=true
04-09 10:00:52.243  2141  2220 D ConnectivityService: Sending DISCONNECTED broadcast for type 1 NetworkAgentInfo [WIFI () - 109] isDefaultNetwork=true
04-09 10:00:52.249  2141  5252 I chatty  : uid=1000(system) Binder:2141_15 expire 14 lines
04-09 10:00:52.252  2709  2709 D NetConnInfoCenter: receive broadcast Intent { act=android.net.conn.CONNECTIVITY_CHANGE flg=0x4000010 cmp=com.tencent.mobileqq/.msf.core.NetConnInfoCenter (has extras) }
04-09 10:00:52.252  2709  2709 D MSF.D.NetworkProvider: currentAPN:. ActiveNetInfo: null. ExtraNetInfo: [type: WIFI[], state: DISCONNECTED/DISCONNECTED, reason: (unspecified), extra: <unknown ssid>, failover: false, available: true, roaming: false]
04-09 10:00:52.252  2709  2709 D MSF.D.NetworkProvider: netchange WiFi to NONE
04-09 10:00:52.252  2141  2216 I chatty  : uid=1000(system) WifiStateMachin expire 30 lines
04-09 10:00:52.253  2141  2159 E BatteryExternalStatsWorker: no controller energy info supplied for wifi
04-09 10:00:52.256  2012  2073 D CommandListener: Clearing all IP addresses on wlan0
04-09 10:00:52.262  2141  2290 I UsbAlsaManager: USB Audio Device Removed: null
04-09 10:00:52.269  3444  3466 E PlayCommon: [145] com.google.android.play.b.g.a(841): Failed to connect to server: java.net.UnknownHostException: Unable to resolve host "play.googleapis.com": No address associated with hostname
04-09 10:00:52.271  2824  5713 I chatty  : uid=10013 com.google.android.gms.persistent expire 1 line
04-09 10:00:52.272  2824  5719 I chatty  : uid=10013 com.google.android.gms.persistent expire 1 line
04-09 10:00:52.272  2824  5714 I chatty  : uid=10013 com.google.android.gms.persistent expire 1 line
04-09 10:00:52.272  2824  5715 I chatty  : uid=10013 com.google.android.gms.persistent expire 1 line
04-09 10:00:52.273  2961  5720 I chatty  : uid=10013(com.google.android.gms) expire 1 line
04-09 10:00:52.274  2824  5718 I chatty  : uid=10013 com.google.android.gms.persistent expire 16 lines
04-09 10:00:52.416  2141  2290 D UsbHostManager: Added device UsbDevice[mName=/dev/bus/usb/002/016,mVendorId=6000,mProductId=65280,mClass=0,mSubclass=0,mProtocol=0,mManufacturerName=MSI EPF USB,mProductName=MSI EPF USB,mVersion=1.16,mSerialNumber=MSI EPF USB,mConfigurations=[
04-09 10:00:52.416  2141  2290 D UsbHostManager: UsbConfiguration[mId=1,mName=null,mAttributes=160,mMaxPower=1,mInterfaces=[
04-09 10:00:52.416  2141  2290 D UsbHostManager: UsbInterface[mId=0,mAlternateSetting=0,mName=null,mClass=3,mSubclass=0,mProtocol=0,mEndpoints=[
04-09 10:00:52.416  2141  2290 D UsbHostManager: UsbEndpoint[mAddress=129,mAttributes=3,mMaxPacketSize=8,mInterval=10]]]]
04-09 10:00:52.419  2141  2290 I UsbHostManager: ---- isHeadset[in: false , out: false]
04-09 10:00:53.392  2709  3162 D WorkerThreadMonitor: Kill MSF check result[ senderSize:0,sendInterval:3663831,receiveInterval=3663831,addCmdCount=0
04-09 10:00:55.376  2050  2050 W wificond: Scan is not started. Ignore abort request
04-09 10:00:55.377  2468  2468 I wpa_supplicant: wlan0: SME: Trying to authenticate with a0:63:91:d4:f9:89 (SSID='oslab' freq=2437 MHz)
04-09 10:00:55.386  2468  2468 I wpa_supplicant: wlan0: Trying to associate with a0:63:91:d4:f9:89 (SSID='oslab' freq=2437 MHz)
04-09 10:00:55.419  2468  2468 I wpa_supplicant: wlan0: Associated with a0:63:91:d4:f9:89
04-09 10:00:55.419  2468  2468 I wpa_supplicant: wlan0: CTRL-EVENT-SUBNET-STATUS-UPDATE status=0
04-09 10:00:55.493  2468  2468 I wpa_supplicant: wlan0: WPA: Key negotiation completed with a0:63:91:d4:f9:89 [PTK=CCMP GTK=CCMP]
04-09 10:00:55.493  2468  2468 I wpa_supplicant: wlan0: CTRL-EVENT-CONNECTED - Connection to a0:63:91:d4:f9:89 completed [id=0 id_str=%7B%22configKey%22%3A%22%5C%22oslab%5C%22WPA_PSK%22%2C%22creatorUid%22%3A%221000%22%7D]
04-09 10:00:55.498  2141  2216 D ConnectivityService: registerNetworkAgent NetworkAgentInfo{ ni{[type: WIFI[], state: CONNECTING/CONNECTING, reason: (unspecified), extra: "oslab", failover: false, available: true, roaming: false]}  network{110}  nethandle{472462838494}  lp{{LinkAddresses: []  Routes: [] DnsAddresses: [] Domains: null MTU: 0}}  nc{[ Transports: WIFI Capabilities: NOT_METERED&INTERNET&NOT_RESTRICTED&TRUSTED&NOT_VPN LinkUpBandwidth>=1048576Kbps LinkDnBandwidth>=1048576Kbps]}  Score{20}  everValidated{false}  lastValidated{false}  created{false} lingering{false} explicitlySelected{false} acceptUnvalidated{false} everCaptivePortalDetected{false} lastCaptivePortalDetected{false} clat{null} }
04-09 10:00:55.498  2141  2220 D ConnectivityService: NetworkAgentInfo [WIFI () - 110] EVENT_NETWORK_INFO_CHANGED, going from null to CONNECTING
04-09 10:00:55.510  2141  5730 I chatty  : uid=1000 system_server expire 4 lines
04-09 10:00:55.511  2141  5728 I chatty  : uid=1000 system_server expire 9 lines
04-09 10:01:00.525  2824  5732 I chatty  : uid=10013 com.google.android.gms.persistent expire 1 line
04-09 10:01:00.528  2824  3131 I chatty  : uid=10013(com.google.android.gms) GoogleApiHandle expire 2 lines
04-09 10:01:00.536  2272  2272 I RenderThread: type=1400 audit(0.0:745): avc: denied { map } for path=2F69393135202864656C6574656429 dev="tmpfs" ino=69986 scontext=u:r:platform_app:s0:c512,c768 tcontext=u:object_r:platform_app_tmpfs:s0:c512,c768 tclass=file permissive=1
04-09 10:01:00.551  2012  2073 D CommandListener: Setting iface cfg
04-09 10:01:00.553  2032  2032 I surfaceflinger: type=1400 audit(0.0:746): avc: denied { map } for path=2F69393135202864656C6574656429 dev="tmpfs" ino=70068 scontext=u:r:surfaceflinger:s0 tcontext=u:object_r:surfaceflinger_tmpfs:s0 tclass=file permissive=1
04-09 10:01:00.555  2141  2220 D ConnectivityService: NetworkAgentInfo [WIFI () - 110] EVENT_NETWORK_INFO_CHANGED, going from CONNECTING to CONNECTED
04-09 10:01:00.555  2141  2220 D ConnectivityService: Adding iface wlan0 to network 110
04-09 10:01:00.559  2141  2220 D ConnectivityService: Setting DNS servers for network 110 to [/192.168.0.1]
04-09 10:01:00.560  2141  2220 D ConnectivityService: Switching to new default network: NetworkAgentInfo{ ni{[type: WIFI[], state: CONNECTED/CONNECTED, reason: (unspecified), extra: "oslab", failover: false, available: true, roaming: false]}  network{110}  nethandle{472462838494}  lp{{InterfaceName: wlan0 LinkAddresses: [fe80::756f:6c1b:1beb:8611/64,192.168.0.123/24,]  Routes: [fe80::/64 -> :: wlan0,192.168.0.0/24 -> 0.0.0.0 wlan0,0.0.0.0/0 -> 192.168.0.1 wlan0,] DnsAddresses: [192.168.0.1,] Domains: null MTU: 0 TcpBufferSizes: 524288,1048576,2097152,262144,524288,1048576}}  nc{[ Transports: WIFI Capabilities: NOT_METERED&INTERNET&NOT_RESTRICTED&TRUSTED&NOT_VPN&FOREGROUND LinkUpBandwidth>=1048576Kbps LinkDnBandwidth>=1048576Kbps]}  Score{20}  everValidated{false}  lastValidated{false}  created{true} lingering{false} explicitlySelected{false} acceptUnvalidated{false} everCaptivePortalDetected{false} lastCaptivePortalDetected{false} clat{null} }
04-09 10:01:00.562     1     1 I init    : type=1400 audit(0.0:747): avc: denied { create } for name="cgroup.procs" scontext=u:r:init:s0 tcontext=u:object_r:cgroup:s0 tclass=file permissive=1
04-09 10:01:00.563  2141  2220 E ConnectivityService: Can't set TCP buffer sizes:java.io.FileNotFoundException: /sys/kernel/ipv4/tcp_rmem_min (No such file or directory)
04-09 10:01:00.564  2141  2220 D ConnectivityService: Sending CONNECTED broadcast for type 1 NetworkAgentInfo [WIFI () - 110] isDefaultNetwork=true
04-09 10:01:00.564  2141  2159 E BatteryExternalStatsWorker: no controller energy info supplied for wifi
04-09 10:01:00.567  2709  2709 D NetConnInfoCenter: receive broadcast Intent { act=android.net.conn.CONNECTIVITY_CHANGE flg=0x4000010 cmp=com.tencent.mobileqq/.msf.core.NetConnInfoCenter (has extras) }
04-09 10:01:00.567  2709  2709 I MSF.D.NetworkProvider: refresh currentAPN:. received networkInfo: CONNECTED :NetworkInfo: type: WIFI[], state: CONNECTED/CONNECTED, reason: (unspecified), extra: "os, roaming: false, failover: false, isAvailable: true, isConnectedToProvisioningNetwork: true. ExtraNetInfo: NetworkInfo: type: WIFI[], state: CONNECTED/CONNECTED, reason: (unspecified), extra: "os, roaming: false, failover: false, isAvailable: true, isConnectedToProvisioningNetwork: true
04-09 10:01:00.567  2709  2709 D MSF.D.NetworkProvider: netchange NONE to WiFi
04-09 10:01:00.567  2141  5642 I chatty  : uid=1000(system) Binder:2141_17 expire 10 lines
04-09 10:01:00.569  2709  3076 D WifiDetector: WIFI detect onWifiConnected!
04-09 10:01:00.569  2709  3076 D WifiDetector: WIFI detect started!
04-09 10:01:00.574  2709  3076 D StandbyModeManager: onWifiOn
04-09 10:01:00.595  2141  5734 I chatty  : uid=1000 system_server expire 2 lines
04-09 10:01:00.601  2141  5733 I chatty  : uid=1000 system_server expire 2 lines
04-09 10:01:00.706  2709  5739 D WifiDetector: WIFI detect result, WIFI_OK
04-09 10:01:13.573  2141  5726 I chatty  : uid=1000 system_server expire 8 lines
04-09 10:01:13.582  2141  2220 D ConnectivityService: NetworkAgentInfo [WIFI () - 110] validation failed
04-09 10:01:14.585  2141  5762 I chatty  : uid=1000 system_server expire 2 lines
04-09 10:01:14.587  2141  5761 I chatty  : uid=1000 system_server expire 2 lines
04-09 10:01:16.598  2824  2839 I chatty  : uid=10013(com.google.android.gms) Binder:2824_1 expire 1 line
04-09 10:01:16.599  2961  5756 I chatty  : uid=10013(com.google.android.gms) expire 1 line
04-09 10:01:16.608  2824  5597 I chatty  : uid=10013 com.google.android.gms.persistent expire 2 lines
04-09 10:01:20.625  2824  5737 I chatty  : uid=10013 com.google.android.gms.persistent expire 1 line
04-09 10:01:27.845  2141  2155 I chatty  : uid=1000(system) android.bg expire 4 lines
04-09 10:01:29.852  2141  5776 I chatty  : uid=1000 system_server expire 2 lines
04-09 10:01:29.854  2141  5775 I chatty  : uid=1000 system_server expire 2 lines
04-09 10:01:40.698  2824  5771 I chatty  : uid=10013 com.google.android.gms.persistent expire 1 line
04-09 10:01:46.878  2141  5785 I chatty  : uid=1000 system_server expire 2 lines
04-09 10:01:46.880  2141  5784 I chatty  : uid=1000 system_server expire 2 lines
04-09 10:01:52.370  5298  5298 I kworker/u16:48: type=1400 audit(0.0:748): avc: denied { read } for name="firmware" dev="tmpfs" ino=2392 scontext=u:r:kernel:s0 tcontext=u:object_r:tmpfs:s0 tclass=lnk_file permissive=1
04-09 10:01:53.774  2468  2468 I wpa_supplicant: wlan0: CTRL-EVENT-DISCONNECTED bssid=a0:63:91:d4:f9:89 reason=3 locally_generated=1
04-09 10:01:53.775  2709  3162 D WorkerThreadMonitor: Kill MSF check result[ senderSize:0,sendInterval:3724214,receiveInterval=3724214,addCmdCount=0
04-09 10:01:27.848  2141  2220 I chatty  : uid=1000(system) ConnectivitySer identical 1 line
04-09 10:01:42.872  2141  2220 D ConnectivityService: NetworkAgentInfo [WIFI () - 110] validation failed
04-09 10:01:53.775  2141  2220 D ConnectivityService: NetworkAgentInfo [WIFI () - 110] EVENT_NETWORK_INFO_CHANGED, going from CONNECTED to DISCONNECTED
04-09 10:01:53.775  2141  2220 D ConnectivityService: NetworkAgentInfo [WIFI () - 110] got DISCONNECTED, was satisfying 4
04-09 10:01:53.777  2012  2073 D CommandListener: Setting iface cfg
04-09 10:01:53.779  2012  2064 I Netd    : Destroyed 10 sockets on 192.168.0.123 in 0.7 ms
04-09 10:01:53.779  2824  5782 I chatty  : uid=10013 com.google.android.gms.persistent expire 1 line
04-09 10:01:53.779  2824  5758 I chatty  : uid=10013 com.google.android.gms.persistent expire 1 line
04-09 10:01:53.782  2824  2824 I chatty  : uid=10013 com.google.android.gms.persistent expire 1 line
04-09 10:01:53.783  2141  2220 D ConnectivityService: Sending DISCONNECTED broadcast for type 1 NetworkAgentInfo [WIFI () - 110] isDefaultNetwork=true
04-09 10:01:53.785  2961  2961 I chatty  : uid=10013(com.google.android.gms) expire 2 lines
04-09 10:01:53.785  2709  2709 D NetConnInfoCenter: receive broadcast Intent { act=android.net.conn.CONNECTIVITY_CHANGE flg=0x4000010 cmp=com.tencent.mobileqq/.msf.core.NetConnInfoCenter (has extras) }
04-09 10:01:53.786  2709  2709 D MSF.D.NetworkProvider: currentAPN:. ActiveNetInfo: null. ExtraNetInfo: [type: WIFI[], state: DISCONNECTED/DISCONNECTED, reason: (unspecified), extra: <unknown ssid>, failover: false, available: true, roaming: false]
04-09 10:01:53.786  2709  2709 D MSF.D.NetworkProvider: netchange WiFi to NONE
04-09 10:01:53.789  2141  2218 I chatty  : uid=1000(system) WifiScanningSer expire 1 line
04-09 10:01:53.791  2141  2159 E BatteryExternalStatsWorker: no controller energy info supplied for wifi
04-09 10:01:53.792  2012  2073 D CommandListener: Clearing all IP addresses on wlan0
04-09 10:01:53.793  2141  5252 I chatty  : uid=1000(system) Binder:2141_15 expire 4 lines
04-09 10:01:53.798  2141  2290 I UsbAlsaManager: USB Audio Device Removed: null
04-09 10:01:53.804  2824  5718 I chatty  : uid=10013 com.google.android.gms.persistent expire 1 line
04-09 10:01:53.805  2824  5793 I chatty  : uid=10013 com.google.android.gms.persistent expire 1 line
04-09 10:01:53.806  2961  5798 I chatty  : uid=10013(com.google.android.gms) expire 1 line
04-09 10:01:53.808  2824  5795 I chatty  : uid=10013 com.google.android.gms.persistent expire 1 line
04-09 10:01:53.808  2824  5796 I chatty  : uid=10013 com.google.android.gms.persistent expire 12 lines
04-09 10:01:53.951  2141  2290 D UsbHostManager: Added device UsbDevice[mName=/dev/bus/usb/002/017,mVendorId=6000,mProductId=65280,mClass=0,mSubclass=0,mProtocol=0,mManufacturerName=MSI EPF USB,mProductName=MSI EPF USB,mVersion=1.16,mSerialNumber=MSI EPF USB,mConfigurations=[
04-09 10:01:53.951  2141  2290 D UsbHostManager: UsbConfiguration[mId=1,mName=null,mAttributes=160,mMaxPower=1,mInterfaces=[
04-09 10:01:53.951  2141  2290 D UsbHostManager: UsbInterface[mId=0,mAlternateSetting=0,mName=null,mClass=3,mSubclass=0,mProtocol=0,mEndpoints=[
04-09 10:01:53.951  2141  2290 D UsbHostManager: UsbEndpoint[mAddress=129,mAttributes=3,mMaxPacketSize=8,mInterval=10]]]]
04-09 10:01:53.954  2141  2290 I chatty  : uid=1000(system) UsbService host expire 2 lines
04-09 10:01:53.954  2141  2290 I UsbHostManager: ---- isHeadset[in: false , out: false]
04-09 10:01:56.917  2050  2050 W wificond: Scan is not started. Ignore abort request
04-09 10:01:56.917  2468  2468 I wpa_supplicant: wlan0: SME: Trying to authenticate with a0:63:91:d4:f9:89 (SSID='oslab' freq=2437 MHz)
04-09 10:01:56.954  2468  2468 I wpa_supplicant: wlan0: Trying to associate with a0:63:91:d4:f9:89 (SSID='oslab' freq=2437 MHz)
04-09 10:01:56.996  2468  2468 I wpa_supplicant: wlan0: Associated with a0:63:91:d4:f9:89
04-09 10:01:56.996  2468  2468 I wpa_supplicant: wlan0: CTRL-EVENT-SUBNET-STATUS-UPDATE status=0
04-09 10:01:57.223  2468  2468 I wpa_supplicant: wlan0: WPA: Key negotiation completed with a0:63:91:d4:f9:89 [PTK=CCMP GTK=CCMP]
04-09 10:01:57.224  2468  2468 I wpa_supplicant: wlan0: CTRL-EVENT-CONNECTED - Connection to a0:63:91:d4:f9:89 completed [id=0 id_str=%7B%22configKey%22%3A%22%5C%22oslab%5C%22WPA_PSK%22%2C%22creatorUid%22%3A%221000%22%7D]
04-09 10:01:57.228  2141  2216 D ConnectivityService: registerNetworkAgent NetworkAgentInfo{ ni{[type: WIFI[], state: CONNECTING/CONNECTING, reason: (unspecified), extra: "oslab", failover: false, available: true, roaming: false]}  network{111}  nethandle{476757805790}  lp{{LinkAddresses: []  Routes: [] DnsAddresses: [] Domains: null MTU: 0}}  nc{[ Transports: WIFI Capabilities: NOT_METERED&INTERNET&NOT_RESTRICTED&TRUSTED&NOT_VPN LinkUpBandwidth>=1048576Kbps LinkDnBandwidth>=1048576Kbps]}  Score{20}  everValidated{false}  lastValidated{false}  created{false} lingering{false} explicitlySelected{false} acceptUnvalidated{false} everCaptivePortalDetected{false} lastCaptivePortalDetected{false} clat{null} }
04-09 10:01:57.228  2141  2220 D ConnectivityService: NetworkAgentInfo [WIFI () - 111] EVENT_NETWORK_INFO_CHANGED, going from null to CONNECTING
04-09 10:01:57.233  2141  2216 I chatty  : uid=1000(system) WifiStateMachin expire 11 lines
04-09 10:01:57.240  2141  5804 I chatty  : uid=1000 system_server expire 3 lines
04-09 10:01:57.243  2141  5802 I chatty  : uid=1000 system_server expire 8 lines
04-09 10:02:02.269  2032  2032 I surfaceflinger: type=1400 audit(0.0:749): avc: denied { ioctl } for path="/dev/dri/card0" dev="tmpfs" ino=1087 ioctlcmd=0x6469 scontext=u:r:surfaceflinger:s0 tcontext=u:object_r:device:s0 tclass=chr_file permissive=1
04-09 10:02:02.468  2012  2073 D CommandListener: Setting iface cfg
04-09 10:02:02.475  2141  2220 D ConnectivityService: NetworkAgentInfo [WIFI () - 111] EVENT_NETWORK_INFO_CHANGED, going from CONNECTING to CONNECTED
04-09 10:02:02.476  2141  2220 D ConnectivityService: Adding iface wlan0 to network 111
04-09 10:02:02.478  2141  2220 D ConnectivityService: Setting DNS servers for network 111 to [/192.168.0.1]
04-09 10:02:02.479  2141  2220 D ConnectivityService: Switching to new default network: NetworkAgentInfo{ ni{[type: WIFI[], state: CONNECTED/CONNECTED, reason: (unspecified), extra: "oslab", failover: false, available: true, roaming: false]}  network{111}  nethandle{476757805790}  lp{{InterfaceName: wlan0 LinkAddresses: [fe80::756f:6c1b:1beb:8611/64,192.168.0.123/24,]  Routes: [fe80::/64 -> :: wlan0,192.168.0.0/24 -> 0.0.0.0 wlan0,0.0.0.0/0 -> 192.168.0.1 wlan0,] DnsAddresses: [192.168.0.1,] Domains: null MTU: 0 TcpBufferSizes: 524288,1048576,2097152,262144,524288,1048576}}  nc{[ Transports: WIFI Capabilities: NOT_METERED&INTERNET&NOT_RESTRICTED&TRUSTED&NOT_VPN&FOREGROUND LinkUpBandwidth>=1048576Kbps LinkDnBandwidth>=1048576Kbps]}  Score{20}  everValidated{false}  lastValidated{false}  created{true} lingering{false} explicitlySelected{false} acceptUnvalidated{false} everCaptivePortalDetected{false} lastCaptivePortalDetected{false} clat{null} }
04-09 10:02:02.480  2141  5642 I chatty  : uid=1000(system) Binder:2141_17 expire 9 lines
04-09 10:02:02.480  2824  2824 I chatty  : uid=10013 com.google.android.gms.persistent expire 1 line
04-09 10:02:02.491  2141  2220 E ConnectivityService: Can't set TCP buffer sizes:java.io.FileNotFoundException: /sys/kernel/ipv4/tcp_rmem_min (No such file or directory)
04-09 10:02:02.496  2141  2220 D ConnectivityService: Sending CONNECTED broadcast for type 1 NetworkAgentInfo [WIFI () - 111] isDefaultNetwork=true
04-09 10:02:02.498  2961  2961 I chatty  : uid=10013(com.google.android.gms) expire 2 lines
04-09 10:02:02.499  2709  2709 D NetConnInfoCenter: receive broadcast Intent { act=android.net.conn.CONNECTIVITY_CHANGE flg=0x4000010 cmp=com.tencent.mobileqq/.msf.core.NetConnInfoCenter (has extras) }
