04-09 08:59:18.441  2141  2208 D VoldConnector: RCV <- {656 emulated /data/media}
04-09 08:59:18.441  2141  2208 D VoldConnector: RCV <- {655 emulated /storage/emulated}
04-09 08:59:18.441  2006  2009 V vold    : Waiting for FUSE to spin up...
04-09 08:59:18.442  2141  2141 D UsbAlsaManager: Adding ALSA device AlsaDevice: [card: 0, device: 3, type: 1]
04-09 08:59:18.442  2141  2141 D UsbAlsaManager: Adding ALSA device AlsaDevice: [card: 0, device: 8, type: 1]
04-09 08:59:18.442  2141  2141 D UsbAlsaManager: Adding ALSA device AlsaDevice: [card: 0, device: 9, type: 1]
04-09 08:59:18.442  2141  2141 D UsbAlsaManager: Adding ALSA device AlsaDevice: [card: 1, device: 0, type: 1]
04-09 08:59:18.442  2141  2141 D UsbAlsaManager: Adding ALSA device AlsaDevice: [card: 1, device: 1, type: 1]
04-09 08:59:18.442  2141  2141 D UsbAlsaManager: Adding ALSA device AlsaDevice: [card: 0, device: 10, type: 1]
04-09 08:59:18.442  2141  2141 D UsbAlsaManager: Adding ALSA device AlsaDevice: [card: 1, device: 0, type: 2]
04-09 08:59:18.442  2141  2141 D UsbAlsaManager: Adding ALSA device AlsaDevice: [card: 0, device: 7, type: 1]
04-09 08:59:18.442  2141  2141 D SystemServerTiming: StartActivityManagerReadyPhase took to complete: 61ms
04-09 08:59:18.442  2141  2141 I SystemServer: StartObservingNativeCrashes
04-09 08:59:18.442  2141  2204 E UsbPortManager: port status enquiry failed
04-09 08:59:18.442  2141  2141 D SystemServerTiming: StartObservingNativeCrashes took to complete: 0ms
04-09 08:59:18.442  2141  2141 I SystemServer: StartSystemUI
04-09 08:59:18.442  2141  2191 D SystemServerInitThreadPool: Started executing WebViewFactoryPreparation
04-09 08:59:18.442  2141  2191 I SystemServer: WebViewFactoryPreparation
04-09 08:59:18.442  2141  2229 D BluetoothManagerService: Trying to bind to profile: 1, while Bluetooth was disabled
04-09 08:59:18.443  2141  2141 D SystemServerTiming: StartSystemUI took to complete: 1ms
04-09 08:59:18.443  2141  2141 I SystemServer: MakeNetworkScoreReady
04-09 08:59:18.443  2141  2141 D SystemServerTiming: MakeNetworkScoreReady took to complete: 0ms
04-09 08:59:18.443  2141  2141 I SystemServer: MakeNetworkManagementServiceReady
04-09 08:59:18.443  2141  2141 I NetworkManagement: not enabling bandwidth control
04-09 08:59:18.480  2141  2191 I ActivityManager: Start proc 2303:WebViewLoader-x86/1037 [android.webkit.WebViewLibraryLoader$RelroFileCreator] for 
04-09 08:59:18.490  2141  2191 I ActivityManager: Start proc 2309:WebViewLoader-x86_64/1037 [android.webkit.WebViewLibraryLoader$RelroFileCreator] for 
04-09 08:59:18.491  2141  2191 D SystemServerTimingAsync: WebViewFactoryPreparation took to complete: 49ms
04-09 08:59:18.491  2141  2191 D SystemServerInitThreadPool: Finished executing WebViewFactoryPreparation
04-09 08:59:18.492  2141  2208 D VoldConnector: RCV <- {651 emulated 2}
04-09 08:59:18.492  2141  2208 D VoldConnector: RCV <- {200 5 Command succeeded}
04-09 08:59:18.518  2256  2345 E ActivityThread: Failed to find provider info for user_dictionary
04-09 08:59:18.538  2141  2290 D UsbHostManager: Added device UsbDevice[mName=/dev/bus/usb/003/003,mVendorId=3034,mProductId=297,mClass=255,mSubclass=255,mProtocol=255,mManufacturerName=Generic,mProductName=USB2.0-CRW,mVersion=2.0,mSerialNumber=20100201396000000,mConfigurations=[
04-09 08:59:18.538  2141  2290 D UsbHostManager: UsbConfiguration[mId=1,mName=CARD READER,mAttributes=160,mMaxPower=250,mInterfaces=[
04-09 08:59:18.538  2141  2290 D UsbHostManager: UsbInterface[mId=0,mAlternateSetting=0,mName=Bulk-In, Bulk-Out, Interface,mClass=255,mSubclass=6,mProtocol=80,mEndpoints=[
04-09 08:59:18.538  2141  2290 D UsbHostManager: UsbEndpoint[mAddress=1,mAttributes=2,mMaxPacketSize=512,mInterval=0]
04-09 08:59:18.538  2141  2290 D UsbHostManager: UsbEndpoint[mAddress=130,mAttributes=2,mMaxPacketSize=512,mInterval=0]
04-09 08:59:18.538  2141  2290 D UsbHostManager: UsbEndpoint[mAddress=131,mAttributes=3,mMaxPacketSize=3,mInterval=10]]]]
04-09 08:59:18.539  2141  2290 I UsbHostManager: ---- isHeadset[in: false , out: false]
04-09 08:59:18.541  2141  2290 D UsbHostManager: Added device UsbDevice[mName=/dev/bus/usb/003/002,mVendorId=2362,mProductId=9488,mClass=0,mSubclass=0,mProtocol=0,mManufacturerName=PixArt,mProductName=USB Optical Mouse,mVersion=2.0,mSerialNumber=null,mConfigurations=[
04-09 08:59:18.541  2141  2290 D UsbHostManager: UsbConfiguration[mId=1,mName=null,mAttributes=160,mMaxPower=50,mInterfaces=[
04-09 08:59:18.541  2141  2290 D UsbHostManager: UsbInterface[mId=0,mAlternateSetting=0,mName=null,mClass=3,mSubclass=1,mProtocol=2,mEndpoints=[
04-09 08:59:18.541  2141  2290 D UsbHostManager: UsbEndpoint[mAddress=129,mAttributes=3,mMaxPacketSize=4,mInterval=10]]]]
04-09 08:59:18.541  2141  2290 I UsbHostManager: ---- isHeadset[in: false , out: false]
04-09 08:59:18.543  2141  2290 D UsbHostManager: Added device UsbDevice[mName=/dev/bus/usb/002/003,mVendorId=6000,mProductId=65280,mClass=0,mSubclass=0,mProtocol=0,mManufacturerName=MSI EPF USB,mProductName=MSI EPF USB,mVersion=1.16,mSerialNumber=MSI EPF USB,mConfigurations=[
04-09 08:59:18.543  2141  2290 D UsbHostManager: UsbConfiguration[mId=1,mName=null,mAttributes=160,mMaxPower=1,mInterfaces=[
04-09 08:59:18.543  2141  2290 D UsbHostManager: UsbInterface[mId=0,mAlternateSetting=0,mName=null,mClass=3,mSubclass=0,mProtocol=0,mEndpoints=[
04-09 08:59:18.543  2141  2290 D UsbHostManager: UsbEndpoint[mAddress=129,mAttributes=3,mMaxPacketSize=8,mInterval=10]]]]
04-09 08:59:18.543  2141  2290 I UsbHostManager: ---- isHeadset[in: false , out: false]
04-09 08:59:18.543  2141  2290 D UsbHostManager: Added device UsbDevice[mName=/dev/bus/usb/001/003,mVendorId=32903,mProductId=2012,mClass=224,mSubclass=1,mProtocol=1,mManufacturerName=null,mProductName=null,mVersion=2.0,mSerialNumber=null,mConfigurations=[
04-09 08:59:18.543  2141  2290 D UsbHostManager: UsbConfiguration[mId=1,mName=null,mAttributes=224,mMaxPower=50,mInterfaces=[
04-09 08:59:18.543  2141  2290 D UsbHostManager: UsbInterface[mId=0,mAlternateSetting=0,mName=null,mClass=224,mSubclass=1,mProtocol=1,mEndpoints=[
04-09 08:59:18.543  2141  2290 D UsbHostManager: UsbEndpoint[mAddress=129,mAttributes=3,mMaxPacketSize=64,mInterval=1]
04-09 08:59:18.543  2141  2290 D UsbHostManager: UsbEndpoint[mAddress=2,mAttributes=2,mMaxPacketSize=64,mInterval=1]
04-09 08:59:18.543  2141  2290 D UsbHostManager: UsbEndpoint[mAddress=130,mAttributes=2,mMaxPacketSize=64,mInterval=1]]
04-09 08:59:18.543  2141  2290 D UsbHostManager: UsbInterface[mId=1,mAlternateSetting=0,mName=null,mClass=224,mSubclass=1,mProtocol=1,mEndpoints=[
04-09 08:59:18.543  2141  2290 D UsbHostManager: UsbEndpoint[mAddress=3,mAttributes=1,mMaxPacketSize=0,mInterval=1]
04-09 08:59:18.543  2141  2290 D UsbHostManager: UsbEndpoint[mAddress=131,mAttributes=1,mMaxPacketSize=0,mInterval=1]]
04-09 08:59:18.543  2141  2290 D UsbHostManager: UsbInterface[mId=1,mAlternateSetting=1,mName=null,mClass=224,mSubclass=1,mProtocol=1,mEndpoints=[
04-09 08:59:18.543  2141  2290 D UsbHostManager: UsbEndpoint[mAddress=3,mAttributes=1,mMaxPacketSize=9,mInterval=1]
04-09 08:59:18.543  2141  2290 D UsbHostManager: UsbEndpoint[mAddress=131,mAttributes=1,mMaxPacketSize=9,mInterval=1]]
04-09 08:59:18.543  2141  2290 D UsbHostManager: UsbInterface[mId=1,mAlternateSetting=2,mName=null,mClass=224,mSubclass=1,mProtocol=1,mEndpoints=[
04-09 08:59:18.543  2141  2290 D UsbHostManager: UsbEndpoint[mAddress=3,mAttributes=1,mMaxPacketSize=17,mInterval=1]
04-09 08:59:18.543  2141  2290 D UsbHostManager: UsbEndpoint[mAddress=131,mAttributes=1,mMaxPacketSize=17,mInterval=1]]
04-09 08:59:18.543  2141  2290 D UsbHostManager: UsbInterface[mId=1,mAlternateSetting=3,mName=null,mClass=224,mSubclass=1,mProtocol=1,mEndpoints=[
04-09 08:59:18.543  2141  2290 D UsbHostManager: UsbEndpoint[mAddress=3,mAttributes=1,mMaxPacketSize=25,mInterval=1]
04-09 08:59:18.543  2141  2290 D UsbHostManager: UsbEndpoint[mAddress=131,mAttributes=1,mMaxPacketSize=25,mInterval=1]]
04-09 08:59:18.543  2141  2290 D UsbHostManager: UsbInterface[mId=1,mAlternateSetting=4,mName=null,mClass=224,mSubclass=1,mProtocol=1,mEndpoints=[
04-09 08:59:18.543  2141  2290 D UsbHostManager: UsbEndpoint[mAddress=3,mAttributes=1,mMaxPacketSize=33,mInterval=1]
04-09 08:59:18.543  2141  2290 D UsbHostManager: UsbEndpoint[mAddress=131,mAttributes=1,mMaxPacketSize=33,mInterval=1]]
04-09 08:59:18.543  2141  2290 D UsbHostManager: UsbInterface[mId=1,mAlternateSetting=5,mName=null,mClass=224,mSubclass=1,mProtocol=1,mEndpoints=[
04-09 08:59:18.543  2141  2290 D UsbHostManager: UsbEndpoint[mAddress=3,mAttributes=1,mMaxPacketSize=49,mInterval=1]
04-09 08:59:18.543  2141  2290 D UsbHostManager: UsbEndpoint[mAddress=131,mAttributes=1,mMaxPacketSize=49,mInterval=1]]]]
04-09 08:59:18.543  2141  2290 I UsbHostManager: ---- isHeadset[in: false , out: false]
04-09 08:59:18.560  2272  2272 D SystemUIBootTiming: StartServicesDependency took to complete: 0ms
04-09 08:59:18.564  2272  2272 D SystemUIBootTiming: StartServicesNotificationChannels took to complete: 4ms
04-09 08:59:18.565  2272  2272 D SystemUIBootTiming: StartServicesCommandQueueStart took to complete: 1ms
04-09 08:59:18.577  2272  2272 D SystemUIBootTiming: StartServicesKeyguardViewMediator took to complete: 12ms
04-09 08:59:18.596  2141  2153 I ActivityManager: user 0 is still locked. Cannot load recents
04-09 08:59:18.598  2272  2272 D SystemUIBootTiming: StartServicesRecents took to complete: 21ms
04-09 08:59:18.617  2141  2141 D SystemServerTiming: MakeNetworkManagementServiceReady took to complete: 174ms
04-09 08:59:18.617  2141  2141 I SystemServer: MakeNetworkStatsServiceReady
04-09 08:59:18.617  2141  2141 W NetworkStats: bandwidth controls disabled, unable to track stats
04-09 08:59:18.617  2141  2141 D SystemServerTiming: MakeNetworkStatsServiceReady took to complete: 0ms
04-09 08:59:18.617  2141  2213 W NetworkPolicy: bandwidth controls disabled, unable to enforce policy
04-09 08:59:18.617  2141  2141 I SystemServer: MakeConnectivityServiceReady
04-09 08:59:18.620  2141  2141 D SystemServerTiming: MakeConnectivityServiceReady took to complete: 3ms
04-09 08:59:18.620  2141  2141 I SystemServer: MakeNetworkPolicyServiceReady
04-09 08:59:18.644  2272  2272 D SystemUIBootTiming: StartServicesVolumeUI took to complete: 46ms
04-09 08:59:18.649  2272  2272 D SystemUIBootTiming: StartServicesDivider took to complete: 5ms
04-09 08:59:18.663  2141  2500 W WallpaperManagerService: Cannot extract colors because wallpaper could not be read.
04-09 08:59:18.663  2141  2500 W WallpaperManagerService: Cannot extract colors because wallpaper could not be read.
04-09 08:59:18.666  2141  2500 I StatusBarManagerService: registerStatusBar bar=com.android.internal.statusbar.IStatusBar$Stub$Proxy@ea945e0
04-09 08:59:18.733  2272  2272 I StatusBar: isKeyguardShowing() called before startKeyguard(), returning true
04-09 08:59:18.744  2272  2272 I chatty  : uid=10033(com.android.systemui) identical 1 line
04-09 08:59:18.756  2272  2272 I StatusBar: isKeyguardShowing() called before startKeyguard(), returning true
04-09 08:59:18.763  2272  2498 E ActivityThread: Failed to find provider info for com.android.contacts
04-09 08:59:18.766  2272  2272 D SystemUIBootTiming: StartServicesSystemBars took to complete: 116ms
04-09 08:59:18.768  2272  2272 D SystemUIBootTiming: StartServicesStorageNotification took to complete: 2ms
04-09 08:59:18.770  2272  2272 D SystemUIBootTiming: StartServicesPowerUI took to complete: 2ms
04-09 08:59:18.770  2272  2272 D SystemUIBootTiming: StartServicesRingtonePlayer took to complete: 0ms
04-09 08:59:18.770  2272  2272 D SystemUIBootTiming: StartServicesKeyboardUI took to complete: 0ms
04-09 08:59:18.773  2272  2272 D SystemUIBootTiming: StartServicesPipUI took to complete: 3ms
04-09 08:59:18.773  2272  2272 D SystemUIBootTiming: StartServicesShortcutKeyDispatcher took to complete: 0ms
04-09 08:59:18.773  2272  2272 D SystemUIBootTiming: StartServicesVendorServices took to complete: 0ms
04-09 08:59:18.773  2272  2272 D SystemUIBootTiming: StartServicesService took to complete: 0ms
04-09 08:59:18.773  2272  2272 D SystemUIBootTiming: StartServicesLatencyTester took to complete: 0ms
04-09 08:59:18.774  2272  2272 D SystemUIBootTiming: StartServicesGlobalActionsComponent took to complete: 1ms
04-09 08:59:18.774  2272  2272 D SystemUIBootTiming: StartServicesRoundedCorners took to complete: 0ms
04-09 08:59:18.774  2272  2272 D SystemUIBootTiming: StartServices took to complete: 216ms
04-09 08:59:18.822  2272  2509 E ActivityThread: Failed to find provider info for com.android.contacts
04-09 08:59:18.825  2272  2512 E ActivityThread: Failed to find provider info for com.android.contacts
04-09 08:59:18.854  2141  2215 D WifiService: New client listening to asynchronous messages
04-09 08:59:18.913  2141  2159 E BatteryExternalStatsWorker: no controller energy info supplied for wifi
04-09 08:59:18.913  2141  2159 E BatteryExternalStatsWorker: no controller energy info supplied for wifi
04-09 08:59:21.403  2141  2162 E BluetoothManagerService: MESSAGE_TIMEOUT_BIND
04-09 08:59:48.215  2141  2162 I ActivityManager: Start proc 2520:com.google.android.ext.services/u0a15 for service com.google.android.ext.services/android.ext.services.storage.CacheQuotaServiceImpl
04-09 08:59:48.621  2141  2141 W SystemServer: ***********************************************
04-09 08:59:48.625  2141  2141 E SystemServer: BOOT FAILURE making Network Policy Service ready
04-09 08:59:48.625  2141  2141 E SystemServer: java.lang.IllegalStateException: Service NetworkPolicy init timeout
04-09 08:59:48.625  2141  2141 E SystemServer: 	at com.android.server.net.NetworkPolicyManagerService.systemReady(NetworkPolicyManagerService.java:816)
04-09 08:59:48.625  2141  2141 E SystemServer: 	at com.android.server.SystemServer.lambda$-com_android_server_SystemServer_75815(SystemServer.java:1752)
04-09 08:59:48.625  2141  2141 E SystemServer: 	at com.android.server.-$Lambda$T7cKu_OKm_Fk2kBNthmo_uUJTSo$1.$m$0(Unknown Source:98)
04-09 08:59:48.625  2141  2141 E SystemServer: 	at com.android.server.-$Lambda$T7cKu_OKm_Fk2kBNthmo_uUJTSo$1.run(Unknown Source:0)
04-09 08:59:48.625  2141  2141 E SystemServer: 	at com.android.server.am.ActivityManagerService.systemReady(ActivityManagerService.java:14461)
04-09 08:59:48.625  2141  2141 E SystemServer: 	at com.android.server.SystemServer.startOtherServices(SystemServer.java:1672)
04-09 08:59:48.625  2141  2141 E SystemServer: 	at com.android.server.SystemServer.run(SystemServer.java:391)
04-09 08:59:48.625  2141  2141 E SystemServer: 	at com.android.server.SystemServer.main(SystemServer.java:267)
04-09 08:59:48.625  2141  2141 E SystemServer: 	at java.lang.reflect.Method.invoke(Native Method)
04-09 08:59:48.625  2141  2141 E SystemServer: 	at com.android.internal.os.RuntimeInit$MethodAndArgsCaller.run(RuntimeInit.java:463)
04-09 08:59:48.625  2141  2141 E SystemServer: 	at com.android.internal.os.ZygoteInit.main(ZygoteInit.java:787)
04-09 08:59:48.626  2141  2141 D SystemServerTiming: MakeNetworkPolicyServiceReady took to complete: 30006ms
04-09 08:59:48.626  2141  2141 I SystemServer: StartWatchdog
04-09 08:59:48.626  2141  2141 D SystemServerTiming: StartWatchdog took to complete: 0ms
04-09 08:59:48.626  2141  2141 I SystemServer: PhaseThirdPartyAppsCanStart
04-09 08:59:48.626  2141  2141 I SystemServiceManager: Starting phase 600
04-09 08:59:48.628  2141  2141 V WallpaperManagerService: bindWallpaperComponentLocked: componentName=ComponentInfo{com.android.systemui/com.android.systemui.ImageWallpaper}
04-09 08:59:48.629  2141  2161 W WallpaperManagerService: Cannot extract colors because wallpaper could not be read.
04-09 08:59:48.629  2141  2161 W WallpaperManagerService: Cannot extract colors because wallpaper could not be read.
04-09 08:59:48.633  2141  2141 D SystemServerTiming: PhaseThirdPartyAppsCanStart took to complete: 7ms
04-09 08:59:48.633  2141  2141 I SystemServer: MakeLocationServiceReady
04-09 08:59:48.636  2141  2141 W LocationProviderProxy-network: Odd, no component found for service com.android.location.service.v3.NetworkLocationProvider
04-09 08:59:48.636  2141  2141 W GeocoderProxy: Odd, no component found for service com.android.location.service.GeocodeProvider
04-09 08:59:48.637  2141  2141 D LocationManagerService: FLP HAL not supported
04-09 08:59:48.637  2141  2141 W GeofenceProxy: Odd, no component found for service com.android.location.service.GeofenceProvider
04-09 08:59:48.637  2141  2141 D LocationManagerService: Hardware Activity-Recognition not supported.
04-09 08:59:48.638  2141  2141 W ActivityRecognitionProxy: Odd, no component found for service com.android.location.service.ActivityRecognitionProvider
04-09 08:59:48.638  2141  2141 D SystemServerTiming: MakeLocationServiceReady took to complete: 6ms
04-09 08:59:48.638  2141  2141 I SystemServer: MakeCountryDetectionServiceReady
04-09 08:59:48.638  2141  2141 D SystemServerTiming: MakeCountryDetectionServiceReady took to complete: 0ms
04-09 08:59:48.638  2141  2141 I SystemServer: MakeNetworkTimeUpdateReady
04-09 08:59:48.639  2141  2141 D ConnectivityService: requestNetwork for uid/pid:1000/2141 NetworkRequest [ TRACK_DEFAULT id=5, [ Capabilities: INTERNET&NOT_RESTRICTED&TRUSTED&NOT_VPN] ]
04-09 08:59:48.639  2141  2141 D SystemServerTiming: MakeNetworkTimeUpdateReady took to complete: 0ms
04-09 08:59:48.639  2141  2141 I SystemServer: MakeCommonTimeManagementServiceReady
04-09 08:59:48.639  2141  2141 D SystemServerTiming: MakeCommonTimeManagementServiceReady took to complete: 0ms
04-09 08:59:48.639  2141  2141 I SystemServer: MakeInputManagerServiceReady
04-09 08:59:48.640  2141  2141 D SystemServerTiming: MakeInputManagerServiceReady took to complete: 1ms
04-09 08:59:48.640  2141  2141 I SystemServer: MakeTelephonyRegistryReady
04-09 08:59:48.640  2141  2141 D SystemServerTiming: MakeTelephonyRegistryReady took to complete: 0ms
04-09 08:59:48.640  2141  2141 I SystemServer: MakeMediaRouterServiceReady
04-09 08:59:48.640  2141  2141 D SystemServerTiming: MakeMediaRouterServiceReady took to complete: 0ms
04-09 08:59:48.640  2141  2141 I SystemServer: MakeMmsServiceReady
04-09 08:59:48.640  2141  2141 I MmsServiceBroker: Delay connecting to MmsService until an API is called
04-09 08:59:48.640  2141  2141 D SystemServerTiming: MakeMmsServiceReady took to complete: 0ms
04-09 08:59:48.640  2141  2141 I SystemServer: MakeNetworkScoreServiceReady
04-09 08:59:48.640  2141  2141 D SystemServerTiming: MakeNetworkScoreServiceReady took to complete: 0ms
04-09 08:59:48.640  2141  2141 I SystemServer: IncidentDaemonReady
04-09 08:59:48.640  2141  2141 D SystemServerTiming: IncidentDaemonReady took to complete: 0ms
04-09 08:59:48.640  2141  2141 I SystemServiceManager: Calling onStartUser u0
04-09 08:59:48.651  2141  2141 I ActivityManager: Start proc 2539:com.android.phone/1001 for added application com.android.phone
04-09 08:59:48.652  2141  2141 I ActivityManager: START u0 {act=android.intent.action.MAIN cat=[android.intent.category.HOME] flg=0x10000100 cmp=com.android.settings/.FallbackHome} from uid 0
04-09 08:59:48.655  2141  2141 I ActivityManager: Loaded persisted task ids for user 0
04-09 08:59:48.667  2141  2141 I ActivityManager: Start proc 2553:com.android.settings/1000 for activity com.android.settings/.FallbackHome
04-09 08:59:48.667  2141  2141 D SystemServerTiming: ActivityManagerStartApps took to complete: 28ms
04-09 08:59:48.667  2141  2141 D SystemServerTiming: PhaseActivityManagerReady took to complete: 30289ms
04-09 08:59:48.668  2141  2141 D SystemServerInitThreadPool: Shutdown successful
04-09 08:59:48.668  2141  2141 D SystemServerTiming: StartServices took to complete: 31181ms
04-09 08:59:48.669  2141  2155 W LocationProviderProxy-network: Odd, no component found for service com.android.location.service.v3.NetworkLocationProvider
04-09 08:59:48.670  2141  2141 D ConditionProviders.SCP: onConnected
04-09 08:59:48.670  2141  2155 W GeocoderProxy: Odd, no component found for service com.android.location.service.GeocodeProvider
04-09 08:59:48.670  2141  2141 D ZenLog  : set_zen_mode: off,readXml
04-09 08:59:48.670  2141  2155 W GeofenceProxy: Odd, no component found for service com.android.location.service.GeofenceProvider
04-09 08:59:48.670  2141  2155 W ActivityRecognitionProxy: Odd, no component found for service com.android.location.service.ActivityRecognitionProvider
04-09 08:59:48.671  2141  2141 D ConditionProviders: Subscribing to condition://android/event?userId=-10000&calendar=&reply=1 with ComponentInfo{android/com.android.server.notification.EventConditionProvider}
04-09 08:59:48.671  2141  2141 D ZenLog  : subscribe: condition://android/event?userId=-10000&calendar=&reply=1,ok
04-09 08:59:48.671  2141  2141 D ConditionProviders: Subscribing to condition://android/schedule?days=1.2.3.4.5&start=22.0&end=7.0&exitAtAlarm=false with ComponentInfo{android/com.android.server.notification.ScheduleConditionProvider}
04-09 08:59:48.671  2141  2141 D ZenLog  : subscribe: condition://android/schedule?days=1.2.3.4.5&start=22.0&end=7.0&exitAtAlarm=false,ok
04-09 08:59:48.671  2141  2141 D ConditionProviders: Subscribing to condition://android/schedule?days=6.7&start=23.30&end=10.0&exitAtAlarm=false with ComponentInfo{android/com.android.server.notification.ScheduleConditionProvider}
04-09 08:59:48.671  2141  2141 D ZenLog  : subscribe: condition://android/schedule?days=6.7&start=23.30&end=10.0&exitAtAlarm=false,ok
04-09 08:59:48.679  2272  2499 E ActivityThread: Failed to find provider info for com.android.contacts
04-09 08:59:48.679  2141  2141 D ZenLog  : set_zen_mode: off,cleanUpZenRules
04-09 08:59:48.681  2141  2141 W ContextImpl: Calling a method in the system process without a qualified user: android.app.ContextImpl.startService:1476 com.android.server.content.SyncManager$13.run:722 android.os.Handler.handleCallback:790 android.os.Handler.dispatchMessage:99 android.os.Looper.loop:164 
04-09 08:59:48.681  2141  2141 D BluetoothManagerService: BluetoothServiceConnection: com.android.bluetooth.btservice.AdapterService
04-09 08:59:48.681  2141  2162 D BluetoothManagerService: MESSAGE_BLUETOOTH_SERVICE_CONNECTED: 1
04-09 08:59:48.681  2141  2162 D BluetoothManagerService: MESSAGE_GET_NAME_AND_ADDRESS
04-09 08:59:48.682  2141  2162 D BluetoothManagerService: unbindAndFinish(): android.bluetooth.IBluetooth$Stub$Proxy@dc0a318 mBinding = false mUnbinding = false
04-09 08:59:48.708  2141  2141 I WiredAccessoryManager: notifyWiredAccessoryChanged: when=0 bits= mask=154
04-09 08:59:48.708  2141  2141 V WiredAccessoryManager: newName=h2w newState=0 headsetState=0 prev headsetState=0
04-09 08:59:48.708  2141  2141 V WiredAccessoryManager: init()
04-09 08:59:48.713  2141  2141 D ConditionProviders.SCP: onSubscribe condition://android/schedule?days=1.2.3.4.5&start=22.0&end=7.0&exitAtAlarm=false
04-09 08:59:48.713  2141  2141 D ConditionProviders.SCP: setRegistered true
04-09 08:59:48.713  2141  2141 D ConditionProviders.SCP: notifyCondition condition://android/schedule?days=1.2.3.4.5&start=22.0&end=7.0&exitAtAlarm=false STATE_FALSE reason=!meetsSchedule
04-09 08:59:48.714  2141  2227 E ActivityThread: Failed to find provider info for com.android.calendar
04-09 08:59:48.714  2141  2227 E ActivityThread: Failed to find provider info for com.android.calendar
04-09 08:59:48.717  2141  2141 D ConditionProviders.SCP: Scheduling evaluate for Tue Apr 09 22:00:00 GMT+08:00 2019 (1554818400000), in +13h0m11s287ms, now=Tue Apr 09 08:59:48 GMT+08:00 2019 (1554771588713)
04-09 08:59:48.718  2141  2141 D ConditionProviders.SCP: onSubscribe condition://android/schedule?days=6.7&start=23.30&end=10.0&exitAtAlarm=false
04-09 08:59:48.718  2141  2141 D ConditionProviders.SCP: notifyCondition condition://android/schedule?days=6.7&start=23.30&end=10.0&exitAtAlarm=false STATE_FALSE reason=!meetsSchedule
04-09 08:59:48.718  2141  2141 D ConditionProviders.SCP: notifyCondition condition://android/schedule?days=1.2.3.4.5&start=22.0&end=7.0&exitAtAlarm=false STATE_FALSE reason=!meetsSchedule
04-09 08:59:48.718  2141  2141 D ConditionProviders.SCP: Scheduling evaluate for Tue Apr 09 10:00:00 GMT+08:00 2019 (1554775200000), in +1h0m11s282ms, now=Tue Apr 09 08:59:48 GMT+08:00 2019 (1554771588718)
04-09 08:59:48.718  2141  2287 I ActivityManager: Process com.android.bluetooth (pid 2241) has died: fore SVC 
04-09 08:59:48.719  2141  2155 I SyncManager: Got SyncJobService instance.
04-09 08:59:48.719  2141  2141 D AutofillManagerService: Autofill restriction did not change for user 0: null
04-09 08:59:48.762  2141  2287 I ActivityManager: user 0 is still locked. Cannot load recents
04-09 08:59:48.764  2141  2287 I ActivityManager: user 0 is still locked. Cannot load recents
04-09 08:59:48.774  2141  2220 D ConnectivityService: Got NetworkFactory Messenger for PhoneSwitcherNetworkRequstListener
04-09 08:59:48.775  2141  2220 D ConnectivityService: Got NetworkFactory Messenger for TelephonyNetworkFactory[0]
04-09 08:59:48.780  2539  2591 E ActivityThread: Failed to find provider info for com.android.contacts
04-09 08:59:48.782  2141  2287 D BluetoothManagerService: Trying to bind to profile: 1, while Bluetooth was disabled
04-09 08:59:48.784  2539  2539 I TelecomFramework: TtyManager: updateUiTtyMode -1 -> 0
04-09 08:59:48.799  2539  2539 I TelecomFramework: AccountEntry: Registered phoneAccount: [[ ] PhoneAccount: ComponentInfo{com.android.phone/com.android.services.telephony.TelephonyConnectionService}, [e0184adedf913b076626646d3f52c3b49c39ad6d], UserHandle{0} Capabilities: CallProvider MultiUser PlaceEmerg SimSub  Audio Routes: BESW Schemes: tel voicemail  Extras: Bundle[{android.telecom.extra.SUPPORTS_VIDEO_CALLING_FALLBACK=false}] GroupId: [da39a3ee5e6b4b0d3255bfef95601890afd80709]] with handle: ComponentInfo{com.android.phone/com.android.services.telephony.TelephonyConnectionService}, [e0184adedf913b076626646d3f52c3b49c39ad6d], UserHandle{0}
04-09 08:59:48.800  2539  2539 I TelecomFramework: PstnIncomingCallNotifier: Registering: Handler (com.android.internal.telephony.GsmCdmaPhone) {946fbc8}
04-09 08:59:48.801  2539  2539 I TelecomFramework: PstnPhoneCapabilitiesNotifier: handleVideoCapabilitesChanged. Video capability - false
04-09 08:59:48.841  2141  2163 I WindowManager: ******* TELLING SURFACE FLINGER WE ARE BOOTED!
04-09 08:59:48.841  2141  2163 W ActivityManager: Unable to mark boot complete for abi: armeabi-v7a (android.os.ServiceSpecificException: Failed to unlink /data//dalvik-cache/arm/.booting (code 2))
04-09 08:59:48.842  2141  2163 I SystemServiceManager: Starting phase 1000
04-09 08:59:48.843  2141  2163 D ActivityManager: Finishing user boot 0
04-09 08:59:48.843  2141  2163 I ActivityManager: User 0 state changed from BOOTING to RUNNING_LOCKED
04-09 08:59:48.843  2141  2163 D StorageManagerService: Setting property: sys.user.0.ce_available=true
04-09 08:59:48.843  2141  2163 I ActivityManager: User 0 state changed from RUNNING_LOCKED to RUNNING_UNLOCKING
04-09 08:59:48.843  2141  2163 D CryptdConnector: SND -> {3 cryptfs prepare_user_storage ! 0 0 2}
04-09 08:59:48.843  2006  2010 D vold    : e4crypt_prepare_user_storage for volume null, user 0, serial 0, flags 2
04-09 08:59:48.843  2006  2010 D vold    : Preparing: /data/system_ce/0
04-09 08:59:48.843  2006  2010 D vold    : Preparing: /data/misc_ce/0
04-09 08:59:48.843  2006  2010 D vold    : Preparing: /data/media/0
04-09 08:59:48.843  2006  2010 D vold    : Preparing: /data/data
04-09 08:59:48.843  2141  2209 D CryptdConnector: RCV <- {200 3 Command succeeded}
04-09 08:59:48.844  2141  2163 V UserDataPreparer: Found /data/user/0 with serial number 0
04-09 08:59:48.844  2141  2163 V UserDataPreparer: Found /data/system_ce/0 with serial number 0
04-09 08:59:48.844  2141  2163 V PackageManager: reconcileAppsData for null u0 0x2 migrateAppData=false
04-09 08:59:48.862  2141  2163 V PackageManager: reconcileAppsData finished 99 packages
04-09 08:59:48.862  2141  2156 I SystemServiceManager: Calling onUnlockUser u0
04-09 08:59:48.862  2141  2156 D BluetoothManagerService: User 0 unlocked
04-09 08:59:48.862  2141  2162 D BluetoothManagerService: MESSAGE_USER_UNLOCKED
04-09 08:59:48.862  2141  2156 D StorageManagerService: onUnlockUser 0
04-09 08:59:48.862  2141  2156 D VoldConnector: SND -> {6 volume user_started 0}
04-09 08:59:48.862  2006  2009 D vold    : Linking /storage/emulated/0 to /mnt/user/0/primary
04-09 08:59:48.862  2141  2208 D VoldConnector: RCV <- {200 6 Command succeeded}
04-09 08:59:48.863  2141  2207 D StorageManagerService: Volume emulated broadcasting mounted to UserHandle{0}
04-09 08:59:48.864  2141  2156 I BackupManagerService: Instantiating BackupManagerService
04-09 08:59:48.872  2141  2141 I ActivityManager: Start proc 2603:com.android.deskclock/u0a54 for broadcast com.android.deskclock/.AlarmInitReceiver
04-09 08:59:48.873  2141  2220 D ConnectivityService: Got NetworkFactory Messenger for WIFI
04-09 08:59:48.873  2141  2220 D ConnectivityService: Got NetworkFactory Messenger for WIFI_UT
04-09 08:59:48.874  2141  2156 V BackupManagerService: No ancestral data
04-09 08:59:48.877  2141  2156 V BackupManagerService: Starting with transport com.google.android.gms/.backup.BackupTransportService
04-09 08:59:48.877  2141  2156 D BackupTransportManager: Binding to transport: android/com.android.internal.backup.LocalTransportService
04-09 08:59:48.878  2141  2156 W BackupTransportManager: BackupTransport com.google.android.gms/.backup.component.D2dTransportService not whitelisted.
04-09 08:59:48.878  2141  2156 W BackupTransportManager: BackupTransport com.google.android.gms/.backup.BackupTransportService not whitelisted.
04-09 08:59:48.879  2141  2156 I BackupManagerService: Backup enabled => false
04-09 08:59:48.888  2141  2605 V KeyValueBackupJob: Scheduling k/v pass in 247 minutes
04-09 08:59:48.908  2141  2156 I ActivityManager: Start proc 2627:com.google.android.googlequicksearchbox:interactor/u0a36 for service com.google.android.googlequicksearchbox/com.google.android.voiceinteraction.GsaVoiceInteractionService
04-09 08:59:48.909  2141  2156 D AutofillManagerServiceImpl: Reset component for user 0
04-09 08:59:48.909  2141  2156 D AutofillManagerServiceImpl: Reset component for user 0
04-09 08:59:48.909  2141  2156 I ActivityManager: Loading recents for user 0 into memory.
04-09 08:59:48.910  2141  2161 I AppWidgetServiceImpl: Async processing of onUserUnlocked u0 took 22 ms
04-09 08:59:48.914  2141  2156 E TaskPersister: Unable to parse /data/system_ce/0/recent_tasks/38_task.xml. Error 
04-09 08:59:48.914  2141  2156 E TaskPersister: java.lang.NullPointerException: Attempt to invoke virtual method 'android.content.res.Configuration com.android.server.am.ConfigurationContainer.getConfiguration()' on a null object reference
04-09 08:59:48.914  2141  2156 E TaskPersister: 	at com.android.server.am.TaskRecord.computeOverrideConfiguration(TaskRecord.java:2256)
04-09 08:59:48.914  2141  2156 E TaskPersister: 	at com.android.server.am.TaskRecord.updateOverrideConfiguration(TaskRecord.java:2229)
04-09 08:59:48.914  2141  2156 E TaskPersister: 	at com.android.server.am.TaskRecord.updateOverrideConfiguration(TaskRecord.java:2192)
04-09 08:59:48.914  2141  2156 E TaskPersister: 	at com.android.server.am.TaskRecord.restoreFromXml(TaskRecord.java:2104)
04-09 08:59:48.914  2141  2156 E TaskPersister: 	at com.android.server.am.TaskPersister.restoreTasksForUserLocked(TaskPersister.java:464)
04-09 08:59:48.914  2141  2156 E TaskPersister: 	at com.android.server.am.RecentTasks.loadUserRecentsLocked(RecentTasks.java:124)
04-09 08:59:48.914  2141  2156 E TaskPersister: 	at com.android.server.am.ActivityManagerService$MainHandler.handleMessage(ActivityManagerService.java:2220)
04-09 08:59:48.914  2141  2156 E TaskPersister: 	at android.os.Handler.dispatchMessage(Handler.java:106)
04-09 08:59:48.914  2141  2156 E TaskPersister: 	at android.os.Looper.loop(Looper.java:164)
04-09 08:59:48.914  2141  2156 E TaskPersister: 	at android.os.HandlerThread.run(HandlerThread.java:65)
04-09 08:59:48.914  2141  2156 E TaskPersister: 	at com.android.server.ServiceThread.run(ServiceThread.java:46)
04-09 08:59:48.915  2141  2156 E TaskPersister: Failing file: <?xml version='1.0' encoding='utf-8' standalone='yes' ?>
04-09 08:59:48.915  2141  2156 E TaskPersister: <task task_id="38" real_activity="com.tencent.mobileqq/.activity.SplashActivity" real_activity_suspended="false" affinity="com.tencent.mobileqq" root_has_reset="false" auto_remove_recents="false" asked_compat_mode="false" user_id="0" user_setup_complete="true" effective_uid="10074" task_type="0" first_active_time="1554710657035" last_active_time="1554710673642" last_time_moved="1554710673705" never_relinquish_identity="true" task_description_color="ff222222" task_description_colorBackground="ff000000" task_thumbnailinfo_task_width="0" task_thumbnailinfo_task_height="0" task_thumbnailinfo_screen_orientation="0" task_affiliation_color="-14540254" task_affiliation="38" prev_affiliation="-1" next_affiliation="-1" calling_uid="10074" calling_package="com.tencent.mobileqq" resize_mode="2" supports_picture_in_picture="false" privileged="false" non_fullscreen_bounds="480 270 885 990" min_width="-1" min_height="-1" persist_task_version="1">
04-09 08:59:48.915  2141  2156 E TaskPersister: <intent action="android.intent.action.MAIN" component="com.tencent.mobileqq/.activity.SplashActivity" flags="10000000">
04-09 08:59:48.915  2141  2156 E TaskPersister: <categories category="android.intent.category.LAUNCHER" />
04-09 08:59:48.915  2141  2156 E TaskPersister: </intent>
04-09 08:59:48.915  2141  2156 E TaskPersister: </task>
04-09 08:59:48.915  2141  2156 E TaskPersister: 
04-09 08:59:48.916  2141  2156 E TaskPersister: Unable to parse /data/system_ce/0/recent_tasks/34_task.xml. Error 
04-09 08:59:48.916  2141  2156 E TaskPersister: java.lang.NullPointerException: Attempt to invoke virtual method 'android.content.res.Configuration com.android.server.am.ConfigurationContainer.getConfiguration()' on a null object reference
04-09 08:59:48.916  2141  2156 E TaskPersister: 	at com.android.server.am.TaskRecord.computeOverrideConfiguration(TaskRecord.java:2256)
04-09 08:59:48.916  2141  2156 E TaskPersister: 	at com.android.server.am.TaskRecord.updateOverrideConfiguration(TaskRecord.java:2229)
04-09 08:59:48.916  2141  2156 E TaskPersister: 	at com.android.server.am.TaskRecord.updateOverrideConfiguration(TaskRecord.java:2192)
04-09 08:59:48.916  2141  2156 E TaskPersister: 	at com.android.server.am.TaskRecord.restoreFromXml(TaskRecord.java:2104)
04-09 08:59:48.916  2141  2156 E TaskPersister: 	at com.android.server.am.TaskPersister.restoreTasksForUserLocked(TaskPersister.java:464)
04-09 08:59:48.916  2141  2156 E TaskPersister: 	at com.android.server.am.RecentTasks.loadUserRecentsLocked(RecentTasks.java:124)
04-09 08:59:48.916  2141  2156 E TaskPersister: 	at com.android.server.am.ActivityManagerService$MainHandler.handleMessage(ActivityManagerService.java:2220)
04-09 08:59:48.916  2141  2156 E TaskPersister: 	at android.os.Handler.dispatchMessage(Handler.java:106)
04-09 08:59:48.916  2141  2156 E TaskPersister: 	at android.os.Looper.loop(Looper.java:164)
04-09 08:59:48.916  2141  2156 E TaskPersister: 	at android.os.HandlerThread.run(HandlerThread.java:65)
04-09 08:59:48.916  2141  2156 E TaskPersister: 	at com.android.server.ServiceThread.run(ServiceThread.java:46)
04-09 08:59:48.916  2141  2156 E TaskPersister: Failing file: <?xml version='1.0' encoding='utf-8' standalone='yes' ?>
04-09 08:59:48.916  2141  2156 E TaskPersister: <task task_id="34" real_activity="de.k3b.android.androFotoFinder/.FotoGalleryActivity" real_activity_suspended="false" affinity="de.k3b.android.androFotoFinder" root_has_reset="false" auto_remove_recents="false" asked_compat_mode="false" user_id="0" user_setup_complete="true" effective_uid="10025" task_type="0" first_active_time="1554708568860" last_active_time="1554708667700" last_time_moved="1554708667816" never_relinquish_identity="true" task_description_color="ffe6e6e6" task_description_colorBackground="fff3f3f3" task_thumbnailinfo_task_width="0" task_thumbnailinfo_task_height="0" task_thumbnailinfo_screen_orientation="0" task_affiliation_color="-1644826" task_affiliation="34" prev_affiliation="-1" next_affiliation="-1" calling_uid="10025" calling_package="de.k3b.android.androFotoFinder" resize_mode="4" supports_picture_in_picture="false" privileged="true" non_fullscreen_bounds="0 0 1920 1080" min_width="-1" min_height="-1" persist_task_version="1">
04-09 08:59:48.916  2141  2156 E TaskPersister: <intent action="android.intent.action.MAIN" component="de.k3b.android.androFotoFinder/.FotoGalleryActivity" flags="30000000">
04-09 08:59:48.916  2141  2156 E TaskPersister: <categories category="android.intent.category.LAUNCHER" />
04-09 08:59:48.916  2141  2156 E TaskPersister: </intent>
04-09 08:59:48.916  2141  2156 E TaskPersister: </task>
04-09 08:59:48.916  2141  2156 E TaskPersister: 
04-09 08:59:48.918  2141  2156 E TaskPersister: Unable to parse /data/system_ce/0/recent_tasks/41_task.xml. Error 
04-09 08:59:48.918  2141  2156 E TaskPersister: java.lang.NullPointerException: Attempt to invoke virtual method 'android.content.res.Configuration com.android.server.am.ConfigurationContainer.getConfiguration()' on a null object reference
04-09 08:59:48.918  2141  2156 E TaskPersister: 	at com.android.server.am.TaskRecord.computeOverrideConfiguration(TaskRecord.java:2256)
04-09 08:59:48.918  2141  2156 E TaskPersister: 	at com.android.server.am.TaskRecord.updateOverrideConfiguration(TaskRecord.java:2229)
04-09 08:59:48.918  2141  2156 E TaskPersister: 	at com.android.server.am.TaskRecord.updateOverrideConfiguration(TaskRecord.java:2192)
04-09 08:59:48.918  2141  2156 E TaskPersister: 	at com.android.server.am.TaskRecord.restoreFromXml(TaskRecord.java:2104)
04-09 08:59:48.918  2141  2156 E TaskPersister: 	at com.android.server.am.TaskPersister.restoreTasksForUserLocked(TaskPersister.java:464)
04-09 08:59:48.918  2141  2156 E TaskPersister: 	at com.android.server.am.RecentTasks.loadUserRecentsLocked(RecentTasks.java:124)
04-09 08:59:48.918  2141  2156 E TaskPersister: 	at com.android.server.am.ActivityManagerService$MainHandler.handleMessage(ActivityManagerService.java:2220)
04-09 08:59:48.918  2141  2156 E TaskPersister: 	at android.os.Handler.dispatchMessage(Handler.java:106)
04-09 08:59:48.918  2141  2156 E TaskPersister: 	at android.os.Looper.loop(Looper.java:164)
04-09 08:59:48.918  2141  2156 E TaskPersister: 	at android.os.HandlerThread.run(HandlerThread.java:65)
04-09 08:59:48.918  2141  2156 E TaskPersister: 	at com.android.server.ServiceThread.run(ServiceThread.java:46)
04-09 08:59:48.918  2141  2156 E TaskPersister: Failing file: <?xml version='1.0' encoding='utf-8' standalone='yes' ?>
04-09 08:59:48.918  2141  2156 E TaskPersister: <task task_id="41" real_activity="org.openthos.appstore/.MainActivity" real_activity_suspended="false" affinity="org.openthos.appstore" root_has_reset="false" auto_remove_recents="false" asked_compat_mode="false" user_id="0" user_setup_complete="true" effective_uid="10022" task_type="0" first_active_time="1554712269153" last_active_time="1554712433813" last_time_moved="1554712273547" never_relinquish_identity="true" task_description_color="ff222222" task_description_colorBackground="ff000000" task_thumbnailinfo_task_width="0" task_thumbnailinfo_task_height="0" task_thumbnailinfo_screen_orientation="0" task_affiliation_color="-14540254" task_affiliation="41" prev_affiliation="-1" next_affiliation="-1" calling_uid="10033" calling_package="com.android.systemui" resize_mode="1" supports_picture_in_picture="false" privileged="true" non_fullscreen_bounds="0 0 220 220" min_width="-1" min_height="-1" persist_task_version="1">
04-09 08:59:48.918  2141  2156 E TaskPersister: <intent action="android.intent.action.MAIN" component="org.openthos.appstore/.MainActivity" flags="30100000">
04-09 08:59:48.918  2141  2156 E TaskPersister: <categories category="android.intent.category.LAUNCHER" />
04-09 08:59:48.918  2141  2156 E TaskPersister: </intent>
04-09 08:59:48.918  2141  2156 E TaskPersister: </task>
04-09 08:59:48.918  2141  2156 E TaskPersister: 
04-09 08:59:48.919  2141  2156 E TaskPersister: Unable to parse /data/system_ce/0/recent_tasks/3_task.xml. Error 
04-09 08:59:48.919  2141  2156 E TaskPersister: java.lang.NullPointerException: Attempt to invoke virtual method 'android.content.res.Configuration com.android.server.am.ConfigurationContainer.getConfiguration()' on a null object reference
04-09 08:59:48.919  2141  2156 E TaskPersister: 	at com.android.server.am.TaskRecord.computeOverrideConfiguration(TaskRecord.java:2256)
04-09 08:59:48.919  2141  2156 E TaskPersister: 	at com.android.server.am.TaskRecord.updateOverrideConfiguration(TaskRecord.java:2229)
04-09 08:59:48.919  2141  2156 E TaskPersister: 	at com.android.server.am.TaskRecord.updateOverrideConfiguration(TaskRecord.java:2192)
04-09 08:59:48.919  2141  2156 E TaskPersister: 	at com.android.server.am.TaskRecord.restoreFromXml(TaskRecord.java:2104)
04-09 08:59:48.919  2141  2156 E TaskPersister: 	at com.android.server.am.TaskPersister.restoreTasksForUserLocked(TaskPersister.java:464)
04-09 08:59:48.919  2141  2156 E TaskPersister: 	at com.android.server.am.RecentTasks.loadUserRecentsLocked(RecentTasks.java:124)
04-09 08:59:48.919  2141  2156 E TaskPersister: 	at com.android.server.am.ActivityManagerService$MainHandler.handleMessage(ActivityManagerService.java:2220)
04-09 08:59:48.919  2141  2156 E TaskPersister: 	at android.os.Handler.dispatchMessage(Handler.java:106)
04-09 08:59:48.919  2141  2156 E TaskPersister: 	at android.os.Looper.loop(Looper.java:164)
04-09 08:59:48.919  2141  2156 E TaskPersister: 	at android.os.HandlerThread.run(HandlerThread.java:65)
04-09 08:59:48.919  2141  2156 E TaskPersister: 	at com.android.server.ServiceThread.run(ServiceThread.java:46)
04-09 08:59:48.919  2141  2156 E TaskPersister: Failing file: <?xml version='1.0' encoding='utf-8' standalone='yes' ?>
04-09 08:59:48.919  2141  2156 E TaskPersister: <task task_id="3" real_activity="com.android.launcher3/org.openthos.launcher.activity.MainActivity" real_activity_suspended="false" affinity="com.android.launcher3" root_has_reset="false" auto_remove_recents="false" asked_compat_mode="false" user_id="0" user_setup_complete="true" effective_uid="10062" task_type="1" first_active_time="1554705784107" last_active_time="1554720269621" last_time_moved="1554712235095" never_relinquish_identity="true" task_description_color="ff212121" task_description_colorBackground="ff303030" task_thumbnailinfo_task_width="0" task_thumbnailinfo_task_height="0" task_thumbnailinfo_screen_orientation="0" task_affiliation_color="-14606047" task_affiliation="3" prev_affiliation="-1" next_affiliation="-1" calling_uid="0" calling_package="" resize_mode="0" supports_picture_in_picture="false" privileged="false" non_fullscreen_bounds="0 0 1920 1080" min_width="-1" min_height="-1" persist_task_version="1">
04-09 08:59:48.919  2141  2156 E TaskPersister: <intent action="android.intent.action.MAIN" component="com.android.launcher3/org.openthos.launcher.activity.MainActivity" flags="10000100">
04-09 08:59:48.919  2141  2156 E TaskPersister: <categories category="android.intent.category.HOME" />
04-09 08:59:48.919  2141  2156 E TaskPersister: </intent>
04-09 08:59:48.919  2141  2156 E TaskPersister: </task>
04-09 08:59:48.919  2141  2156 E TaskPersister: 
04-09 08:59:48.920  2141  2156 E TaskPersister: Unable to parse /data/system_ce/0/recent_tasks/20_task.xml. Error 
04-09 08:59:48.920  2141  2156 E TaskPersister: java.lang.NullPointerException: Attempt to invoke virtual method 'android.content.res.Configuration com.android.server.am.ConfigurationContainer.getConfiguration()' on a null object reference
04-09 08:59:48.920  2141  2156 E TaskPersister: 	at com.android.server.am.TaskRecord.computeOverrideConfiguration(TaskRecord.java:2256)
04-09 08:59:48.920  2141  2156 E TaskPersister: 	at com.android.server.am.TaskRecord.updateOverrideConfiguration(TaskRecord.java:2229)
04-09 08:59:48.920  2141  2156 E TaskPersister: 	at com.android.server.am.TaskRecord.updateOverrideConfiguration(TaskRecord.java:2192)
04-09 08:59:48.920  2141  2156 E TaskPersister: 	at com.android.server.am.TaskRecord.restoreFromXml(TaskRecord.java:2104)
04-09 08:59:48.920  2141  2156 E TaskPersister: 	at com.android.server.am.TaskPersister.restoreTasksForUserLocked(TaskPersister.java:464)
04-09 08:59:48.920  2141  2156 E TaskPersister: 	at com.android.server.am.RecentTasks.loadUserRecentsLocked(RecentTasks.java:124)
04-09 08:59:48.920  2141  2156 E TaskPersister: 	at com.android.server.am.ActivityManagerService$MainHandler.handleMessage(ActivityManagerService.java:2220)
04-09 08:59:48.920  2141  2156 E TaskPersister: 	at android.os.Handler.dispatchMessage(Handler.java:106)
04-09 08:59:48.920  2141  2156 E TaskPersister: 	at android.os.Looper.loop(Looper.java:164)
04-09 08:59:48.920  2141  2156 E TaskPersister: 	at android.os.HandlerThread.run(HandlerThread.java:65)
04-09 08:59:48.920  2141  2156 E TaskPersister: 	at com.android.server.ServiceThread.run(ServiceThread.java:46)
04-09 08:59:48.920  2141  2156 E TaskPersister: Failing file: <?xml version='1.0' encoding='utf-8' standalone='yes' ?>
04-09 08:59:48.920  2141  2156 E TaskPersister: <task task_id="20" real_activity="org.openthos.filemanager/.MainActivity" real_activity_suspended="false" affinity="org.openthos.filemanager" root_has_reset="false" auto_remove_recents="false" asked_compat_mode="false" user_id="0" user_setup_complete="true" effective_uid="10024" task_type="0" first_active_time="1554708200724" last_active_time="1554710252014" last_time_moved="1554712191410" never_relinquish_identity="true" task_description_color="ffe6e6e6" task_description_colorBackground="ffffffff" task_thumbnailinfo_task_width="0" task_thumbnailinfo_task_height="0" task_thumbnailinfo_screen_orientation="0" task_affiliation_color="-1644826" task_affiliation="20" prev_affiliation="-1" next_affiliation="-1" calling_uid="10033" calling_package="com.android.systemui" resize_mode="1" supports_picture_in_picture="false" privileged="true" non_fullscreen_bounds="0 0 1920 1080" min_width="-1" min_height="-1" persist_task_version="1">
04-09 08:59:48.920  2141  2156 E TaskPersister: <intent action="android.intent.action.MAIN" component="org.openthos.filemanager/.MainActivity" flags="30000000">
04-09 08:59:48.920  2141  2156 E TaskPersister: <categories category="android.intent.category.LAUNCHER" />
04-09 08:59:48.920  2141  2156 E TaskPersister: </intent>
04-09 08:59:48.920  2141  2156 E TaskPersister: </task>
04-09 08:59:48.920  2141  2156 E TaskPersister: 
04-09 08:59:48.922  2141  2156 E TaskPersister: Unable to parse /data/system_ce/0/recent_tasks/39_task.xml. Error 
04-09 08:59:48.922  2141  2156 E TaskPersister: java.lang.NullPointerException: Attempt to invoke virtual method 'android.content.res.Configuration com.android.server.am.ConfigurationContainer.getConfiguration()' on a null object reference
04-09 08:59:48.922  2141  2156 E TaskPersister: 	at com.android.server.am.TaskRecord.computeOverrideConfiguration(TaskRecord.java:2256)
04-09 08:59:48.922  2141  2156 E TaskPersister: 	at com.android.server.am.TaskRecord.updateOverrideConfiguration(TaskRecord.java:2229)
04-09 08:59:48.922  2141  2156 E TaskPersister: 	at com.android.server.am.TaskRecord.updateOverrideConfiguration(TaskRecord.java:2192)
04-09 08:59:48.922  2141  2156 E TaskPersister: 	at com.android.server.am.TaskRecord.restoreFromXml(TaskRecord.java:2104)
04-09 08:59:48.922  2141  2156 E TaskPersister: 	at com.android.server.am.TaskPersister.restoreTasksForUserLocked(TaskPersister.java:464)
04-09 08:59:48.922  2141  2156 E TaskPersister: 	at com.android.server.am.RecentTasks.loadUserRecentsLocked(RecentTasks.java:124)
04-09 08:59:48.922  2141  2156 E TaskPersister: 	at com.android.server.am.ActivityManagerService$MainHandler.handleMessage(ActivityManagerService.java:2220)
04-09 08:59:48.922  2141  2156 E TaskPersister: 	at android.os.Handler.dispatchMessage(Handler.java:106)
04-09 08:59:48.922  2141  2156 E TaskPersister: 	at android.os.Looper.loop(Looper.java:164)
04-09 08:59:48.922  2141  2156 E TaskPersister: 	at android.os.HandlerThread.run(HandlerThread.java:65)
04-09 08:59:48.922  2141  2156 E TaskPersister: 	at com.android.server.ServiceThread.run(ServiceThread.java:46)
04-09 08:59:48.922  2141  2156 E TaskPersister: Failing file: <?xml version='1.0' encoding='utf-8' standalone='yes' ?>
04-09 08:59:48.922  2141  2156 E TaskPersister: <task task_id="39" real_activity="com.termux/.app.TermuxActivity" real_activity_suspended="false" affinity="com.termux" root_has_reset="false" auto_remove_recents="false" asked_compat_mode="false" user_id="0" user_setup_complete="true" effective_uid="10034" task_type="0" first_active_time="1554712197411" last_active_time="1554712269027" last_time_moved="1554712271665" never_relinquish_identity="true" task_description_color="ff000000" task_description_colorBackground="fffafafa" task_thumbnailinfo_task_width="0" task_thumbnailinfo_task_height="0" task_thumbnailinfo_screen_orientation="0" task_affiliation_color="-16777216" task_affiliation="39" prev_affiliation="-1" next_affiliation="-1" calling_uid="10033" calling_package="com.android.systemui" resize_mode="1" supports_picture_in_picture="false" privileged="true" non_fullscreen_bounds="480 270 1440 810" min_width="-1" min_height="-1" persist_task_version="1">
04-09 08:59:48.922  2141  2156 E TaskPersister: <intent action="android.intent.action.MAIN" component="com.termux/.app.TermuxActivity" flags="30000000">
04-09 08:59:48.922  2141  2156 E TaskPersister: <categories category="android.intent.category.LAUNCHER" />
04-09 08:59:48.922  2141  2156 E TaskPersister: </intent>
