04-09 08:59:18.145  2141  2141 D BluetoothManagerService: Stored bluetooth Name=Android-x86,Address=null
04-09 08:59:18.145  2141  2141 D BluetoothManagerService: Bluetooth persisted state: 0
04-09 08:59:18.145  2141  2141 D SystemServerTiming: StartBluetoothService took to complete: 2ms
04-09 08:59:18.145  2141  2141 I SystemServer: IpConnectivityMetrics
04-09 08:59:18.145  2141  2141 I SystemServiceManager: Starting com.android.server.connectivity.IpConnectivityMetrics
04-09 08:59:18.146  2141  2141 D SystemServerTiming: IpConnectivityMetrics took to complete: 1ms
04-09 08:59:18.146  2141  2141 I SystemServer: PinnerService
04-09 08:59:18.146  2141  2141 I SystemServiceManager: Starting com.android.server.PinnerService
04-09 08:59:18.146  2141  2141 D SystemServerTiming: PinnerService took to complete: 0ms
04-09 08:59:18.146  2141  2141 I SystemServer: StartInputMethodManagerLifecycle
04-09 08:59:18.146  2141  2141 I SystemServiceManager: Starting com.android.server.InputMethodManagerService$Lifecycle
04-09 08:59:18.152  2141  2141 D SystemServerTiming: StartInputMethodManagerLifecycle took to complete: 5ms
04-09 08:59:18.152  2141  2141 I SystemServer: StartAccessibilityManagerService
04-09 08:59:18.154  2141  2141 D SystemServerTiming: StartAccessibilityManagerService took to complete: 2ms
04-09 08:59:18.154  2141  2141 I SystemServer: MakeDisplayReady
04-09 08:59:18.155  2141  2141 I ActivityManager: Config changes=5df8 {1.0 ?mcc?mnc [zh_CN_#Hans] ldltr sw720dp w1280dp h720dp 240dpi xlrg long land ?uimode ?night -touch -keyb/v/h -nav/h appBounds=Rect(0, 0 - 1920, 1080) s.2}
04-09 08:59:18.155  2141  2141 I ActivityManager: Override config changes=40007dfc {1.0 ?mcc?mnc [zh_CN_#Hans] ldltr sw720dp w1280dp h720dp 240dpi xlrg long land ?uimode ?night -touch -keyb/v/h -nav/h appBounds=Rect(0, 0 - 1920, 1080) s.2} for displayId=0
04-09 08:59:18.163  2141  2155 I UsageStatsService: User[0] Rollover scheduled @ 2019-04-09 10:45:24(1554777924548)
04-09 08:59:18.172  2141  2141 D SystemServerTiming: MakeDisplayReady took to complete: 18ms
04-09 08:59:18.172  2141  2141 I SystemServer: StartStorageManagerService
04-09 08:59:18.172  2141  2141 I SystemServiceManager: Starting com.android.server.StorageManagerService$Lifecycle
04-09 08:59:18.175  2141  2141 D SystemServerTiming: StartStorageManagerService took to complete: 3ms
04-09 08:59:18.175  2141  2141 I SystemServer: StartStorageStatsService
04-09 08:59:18.175  2141  2207 D StorageManagerService: Thinking about init, mSystemReady=false, mDaemonConnected=true
04-09 08:59:18.175  2141  2141 I SystemServiceManager: Starting com.android.server.usage.StorageStatsService$Lifecycle
04-09 08:59:18.175  2141  2207 D StorageManagerService: Thinking about reset, mSystemReady=false, mDaemonConnected=true
04-09 08:59:18.175  2141  2207 D StorageManagerService: Thinking about init, mSystemReady=false, mDaemonConnected=true
04-09 08:59:18.175  2141  2207 D StorageManagerService: Thinking about reset, mSystemReady=false, mDaemonConnected=true
04-09 08:59:18.175  2141  2207 D CryptdConnector: SND -> {1 cryptfs getfield SystemLocale}
04-09 08:59:18.177  2141  2141 D SystemServerTiming: StartStorageStatsService took to complete: 2ms
04-09 08:59:18.177  2141  2141 I SystemServer: StartUiModeManager
04-09 08:59:18.177  2141  2141 I SystemServiceManager: Starting com.android.server.UiModeManagerService
04-09 08:59:18.177  2141  2188 D SystemServerInitThreadPool: Started executing UiModeManager.onStart
04-09 08:59:18.177  2141  2188 I ActivityManager: Config changes=200 {1.0 ?mcc?mnc [zh_CN_#Hans] ldltr sw720dp w1280dp h720dp 240dpi xlrg long land -touch -keyb/v/h -nav/h appBounds=Rect(0, 0 - 1920, 1080) s.3}
04-09 08:59:18.177  2141  2141 D SystemServerTiming: StartUiModeManager took to complete: 0ms
04-09 08:59:18.177  2141  2141 I SystemServer: UpdatePackagesIfNeeded
04-09 08:59:18.177  2141  2141 D SystemServerTiming: UpdatePackagesIfNeeded took to complete: 0ms
04-09 08:59:18.177  2141  2141 I SystemServer: PerformFstrimIfNeeded
04-09 08:59:18.177  2141  2141 D SystemServerTiming: PerformFstrimIfNeeded took to complete: 0ms
04-09 08:59:18.177  2141  2141 I SystemServer: StartLockSettingsService
04-09 08:59:18.177  2141  2141 I SystemServiceManager: Starting com.android.server.locksettings.LockSettingsService$Lifecycle
04-09 08:59:18.178  2141  2188 I ActivityManager: Override config changes=200 {1.0 ?mcc?mnc [zh_CN_#Hans] ldltr sw720dp w1280dp h720dp 240dpi xlrg long land -touch -keyb/v/h -nav/h appBounds=Rect(0, 0 - 1920, 1080) s.3} for displayId=0
04-09 08:59:18.178  2141  2188 D SystemServerInitThreadPool: Finished executing UiModeManager.onStart
04-09 08:59:18.181  2141  2141 D SystemServerTiming: StartLockSettingsService took to complete: 4ms
04-09 08:59:18.182  2141  2141 I OemLock : OemLock HAL not present on device
04-09 08:59:18.182  2141  2141 I SystemServer: StartDeviceIdleController
04-09 08:59:18.183  2141  2141 I SystemServiceManager: Starting com.android.server.DeviceIdleController
04-09 08:59:18.183  2141  2209 D CryptdConnector: RCV <- {200 1 -1}
04-09 08:59:18.184  2141  2207 W StorageManagerService: No primary storage mounted!
04-09 08:59:18.184  2141  2207 D VoldConnector: SND -> {1 asec list}
04-09 08:59:18.184  2141  2141 D SystemServerTiming: StartDeviceIdleController took to complete: 2ms
04-09 08:59:18.184  2141  2141 I SystemServer: StartDevicePolicyManager
04-09 08:59:18.184  2141  2141 I SystemServiceManager: Starting com.android.server.devicepolicy.DevicePolicyManagerService$Lifecycle
04-09 08:59:18.184  2141  2208 D VoldConnector: RCV <- {200 1 asec operation succeeded}
04-09 08:59:18.192  2014  2014 D ZygoteInitTiming_lazy: PreloadClasses took to complete: 184ms
04-09 08:59:18.193  2141  2141 D SystemServerTiming: StartDevicePolicyManager took to complete: 9ms
04-09 08:59:18.193  2141  2141 I SystemServer: StartStatusBarManagerService
04-09 08:59:18.196  2141  2141 D SystemServerTiming: StartStatusBarManagerService took to complete: 3ms
04-09 08:59:18.196  2141  2141 I SystemServer: StartClipboardService
04-09 08:59:18.196  2141  2141 I SystemServiceManager: Starting com.android.server.clipboard.ClipboardService
04-09 08:59:18.198  2141  2207 W PackageSettings: Couldn't write 10007 to /config/sdcardfs/com.android.cts.priv.ctsshim/appid
04-09 08:59:18.198  2141  2207 W PackageSettings: Couldn't write 10072 to /config/sdcardfs/com.google.android.youtube/appid
04-09 08:59:18.198  2141  2207 W PackageSettings: Couldn't write 10015 to /config/sdcardfs/com.google.android.ext.services/appid
04-09 08:59:18.198  2141  2207 W PackageSettings: Couldn't write 1001 to /config/sdcardfs/com.android.providers.telephony/appid
04-09 08:59:18.198  2141  2207 W PackageSettings: Couldn't write 10001 to /config/sdcardfs/org.android_x86.analytics/appid
04-09 08:59:18.198  2141  2207 W PackageSettings: Couldn't write 10036 to /config/sdcardfs/com.google.android.googlequicksearchbox/appid
04-09 08:59:18.198  2141  2207 W PackageSettings: Couldn't write 10004 to /config/sdcardfs/com.android.providers.calendar/appid
04-09 08:59:18.198  2141  2207 W PackageSettings: Couldn't write 10012 to /config/sdcardfs/com.android.providers.media/appid
04-09 08:59:18.198  2141  2207 W PackageSettings: Couldn't write 10017 to /config/sdcardfs/com.google.android.onetimeinitializer/appid
04-09 08:59:18.198  2141  2207 W PackageSettings: Couldn't write 10055 to /config/sdcardfs/com.google.android.ext.shared/appid
04-09 08:59:18.198  2141  2207 W PackageSettings: Couldn't write 10037 to /config/sdcardfs/com.android.wallpapercropper/appid
04-09 08:59:18.198  2141  2141 D SystemServerTiming: StartClipboardService took to complete: 2ms
04-09 08:59:18.198  2141  2207 W PackageSettings: Couldn't write 10010 to /config/sdcardfs/com.android.documentsui/appid
04-09 08:59:18.198  2141  2141 I SystemServer: StartNetworkManagementService
04-09 08:59:18.198  2141  2207 W PackageSettings: Couldn't write 10011 to /config/sdcardfs/com.android.externalstorage/appid
04-09 08:59:18.198  2141  2207 W PackageSettings: Couldn't write 10059 to /config/sdcardfs/com.android.htmlviewer/appid
04-09 08:59:18.198  2141  2207 W PackageSettings: Couldn't write 10046 to /config/sdcardfs/com.android.companiondevicemanager/appid
04-09 08:59:18.198  2141  2207 W PackageSettings: Couldn't write 1001 to /config/sdcardfs/com.android.mms.service/appid
04-09 08:59:18.198  2141  2207 W PackageSettings: Couldn't write 10012 to /config/sdcardfs/com.android.providers.downloads/appid
04-09 08:59:18.198  2141  2207 W PackageSettings: Couldn't write 10025 to /config/sdcardfs/de.k3b.android.androFotoFinder/appid
04-09 08:59:18.198  2141  2207 W PackageSettings: Couldn't write 10006 to /config/sdcardfs/com.android.defcontainer/appid
04-09 08:59:18.198  2141  2207 W PackageSettings: Couldn't write 10024 to /config/sdcardfs/org.openthos.filemanager/appid
04-09 08:59:18.198  2141  2207 W PackageSettings: Couldn't write 10012 to /config/sdcardfs/com.android.providers.downloads.ui/appid
04-09 08:59:18.198  2141  2207 W PackageSettings: Couldn't write 10027 to /config/sdcardfs/com.android.vending/appid
04-09 08:59:18.198  2141  2207 W PackageSettings: Couldn't write 10064 to /config/sdcardfs/com.android.pacprocessor/appid
04-09 08:59:18.198  2141  2207 W PackageSettings: Couldn't write 10048 to /config/sdcardfs/com.android.certinstaller/appid
04-09 08:59:18.198  2141  2207 W PackageSettings: Couldn't write 10005 to /config/sdcardfs/com.android.carrierconfig/appid
04-09 08:59:18.198  2141  2207 W PackageSettings: Couldn't write 1000 to /config/sdcardfs/android/appid
04-09 08:59:18.198  2141  2207 W PackageSettings: Couldn't write 10009 to /config/sdcardfs/com.android.contacts/appid
04-09 08:59:18.198  2141  2207 W PackageSettings: Couldn't write 10047 to /config/sdcardfs/com.android.camera2/appid
04-09 08:59:18.198  2141  2207 W PackageSettings: Couldn't write 10026 to /config/sdcardfs/org.openthos.soundrecorder/appid
04-09 08:59:18.198  2141  2207 W PackageSettings: Couldn't write 10051 to /config/sdcardfs/com.android.egg/appid
04-09 08:59:18.198  2141  2207 W PackageSettings: Couldn't write 10012 to /config/sdcardfs/com.android.mtp/appid
04-09 08:59:18.198  2141  2207 W PackageSettings: Couldn't write 10062 to /config/sdcardfs/com.android.launcher3/appid
04-09 08:59:18.198  2141  2207 W PackageSettings: Couldn't write 10002 to /config/sdcardfs/com.android.backupconfirm/appid
04-09 08:59:18.199  2141  2207 W PackageSettings: Couldn't write 10060 to /config/sdcardfs/org.openthos.compress/appid
04-09 08:59:18.199  2141  2207 W PackageSettings: Couldn't write 10030 to /config/sdcardfs/com.android.statementservice/appid
04-09 08:59:18.199  2141  2207 W PackageSettings: Couldn't write 10065 to /config/sdcardfs/com.google.android.gm/appid
04-09 08:59:18.199  2141  2207 W PackageSettings: Couldn't write 10045 to /config/sdcardfs/com.android.calendar/appid
04-09 08:59:18.199  2141  2207 W PackageSettings: Couldn't write 10000 to /config/sdcardfs/com.android.systemui.theme.dark/appid
04-09 08:59:18.199  2141  2207 W PackageSettings: Couldn't write 10077 to /config/sdcardfs/com.microsoft.office.outlook/appid
04-09 08:59:18.199  2141  2207 W PackageSettings: Couldn't write 10031 to /config/sdcardfs/com.google.android.setupwizard/appid
04-09 08:59:18.199  2141  2207 W PackageSettings: Couldn't write 10061 to /config/sdcardfs/org.openthos.inputmethod.pinyin/appid
04-09 08:59:18.199  2141  2207 W PackageSettings: Couldn't write 1000 to /config/sdcardfs/com.android.providers.settings/appid
04-09 08:59:18.199  2141  2207 W PackageSettings: Couldn't write 10029 to /config/sdcardfs/com.android.sharedstoragebackup/appid
04-09 08:59:18.199  2141  2207 W PackageSettings: Couldn't write 10068 to /config/sdcardfs/com.android.printspooler/appid
04-09 08:59:18.199  2141  2207 W PackageSettings: Couldn't write 10023 to /config/sdcardfs/org.openthos.seafile/appid
04-09 08:59:18.199  2141  2207 W PackageSettings: Couldn't write 10038 to /config/sdcardfs/com.android.dreams.basic/appid
04-09 08:59:18.199  2141  2207 W PackageSettings: Couldn't write 1000 to /config/sdcardfs/com.android.inputdevices/appid
04-09 08:59:18.199  2141  2207 W PackageSettings: Couldn't write 10042 to /config/sdcardfs/com.android.bips/appid
04-09 08:59:18.199  2141  2207 W PackageSettings: Couldn't write 10073 to /config/sdcardfs/com.microsoft.office.word/appid
04-09 08:59:18.199  2141  2207 W PackageSettings: Couldn't write 10008 to /config/sdcardfs/com.android.cellbroadcastreceiver/appid
04-09 08:59:18.199  2141  2207 W PackageSettings: Couldn't write 10071 to /config/sdcardfs/com.google.android.webview/appid
04-09 08:59:18.199  2141  2207 W PackageSettings: Couldn't write 10073 to /config/sdcardfs/com.microsoft.office.powerpoint/appid
04-09 08:59:18.199  2141  2207 W PackageSettings: Couldn't write 10058 to /config/sdcardfs/com.google.android.syncadapters.contacts/appid
04-09 08:59:18.199  2141  2207 W PackageSettings: Couldn't write 1000 to /config/sdcardfs/com.android.keychain/appid
04-09 08:59:18.199  2141  2207 W PackageSettings: Couldn't write 10053 to /config/sdcardfs/com.android.chrome/appid
04-09 08:59:18.199  2141  2207 W PackageSettings: Couldn't write 10016 to /config/sdcardfs/com.android.dialer/appid
04-09 08:59:18.199  2141  2207 W PackageSettings: Couldn't write 10019 to /config/sdcardfs/com.google.android.packageinstaller/appid
04-09 08:59:18.199  2141  2207 W PackageSettings: Couldn't write 10013 to /config/sdcardfs/com.google.android.gms/appid
04-09 08:59:18.199  2141  2207 W PackageSettings: Couldn't write 10013 to /config/sdcardfs/com.google.android.gsf/appid
04-09 08:59:18.199  2141  2207 W PackageSettings: Couldn't write 10003 to /config/sdcardfs/com.android.calllogbackup/appid
04-09 08:59:18.199  2141  2207 W PackageSettings: Couldn't write 10020 to /config/sdcardfs/com.google.android.partnersetup/appid
04-09 08:59:18.199  2141  2207 W PackageSettings: Couldn't write 10074 to /config/sdcardfs/com.tencent.mobileqq/appid
04-09 08:59:18.199  2141  2207 W PackageSettings: Couldn't write 10040 to /config/sdcardfs/com.android.basicsmsreceiver/appid
04-09 08:59:18.199  2141  2207 W PackageSettings: Couldn't write 10044 to /config/sdcardfs/com.android.carrierdefaultapp/appid
04-09 08:59:18.199  2141  2207 W PackageSettings: Couldn't write 10067 to /config/sdcardfs/com.svox.pico/appid
04-09 08:59:18.199  2141  2207 W PackageSettings: Couldn't write 10028 to /config/sdcardfs/com.android.proxyhandler/appid
04-09 08:59:18.199  2141  2207 W PackageSettings: Couldn't write 10066 to /config/sdcardfs/com.android.inputmethod.latin/appid
04-09 08:59:18.199  2141  2207 W PackageSettings: Couldn't write 10018 to /config/sdcardfs/com.google.android.feedback/appid
04-09 08:59:18.199  2141  2207 W PackageSettings: Couldn't write 10057 to /config/sdcardfs/com.google.android.printservice.recommendation/appid
04-09 08:59:18.199  2141  2207 W PackageSettings: Couldn't write 10056 to /config/sdcardfs/com.google.android.syncadapters.calendar/appid
04-09 08:59:18.200  2141  2207 W PackageSettings: Couldn't write 10021 to /config/sdcardfs/com.android.managedprovisioning/appid
04-09 08:59:18.200  2141  2207 W PackageSettings: Couldn't write 10063 to /config/sdcardfs/com.android.providers.partnerbookmarks/appid
04-09 08:59:18.200  2141  2207 W PackageSettings: Couldn't write 10013 to /config/sdcardfs/com.google.android.gsf.login/appid
04-09 08:59:18.200  2141  2207 W PackageSettings: Couldn't write 10013 to /config/sdcardfs/com.google.android.backuptransport/appid
04-09 08:59:18.200  2141  2207 W PackageSettings: Couldn't write 10022 to /config/sdcardfs/org.openthos.appstore/appid
04-09 08:59:18.200  2141  2207 W PackageSettings: Couldn't write 10032 to /config/sdcardfs/com.android.storagemanager/appid
04-09 08:59:18.200  2141  2207 W PackageSettings: Couldn't write 10041 to /config/sdcardfs/com.android.bookmarkprovider/appid
04-09 08:59:18.200  2141  2207 W PackageSettings: Couldn't write 1000 to /config/sdcardfs/com.android.settings/appid
04-09 08:59:18.200  2141  2207 W PackageSettings: Couldn't write 10034 to /config/sdcardfs/com.termux/appid
04-09 08:59:18.200  2141  2207 W PackageSettings: Couldn't write 10052 to /config/sdcardfs/com.android.calculator2/appid
04-09 08:59:18.200  2141  2207 W PackageSettings: Couldn't write 10049 to /config/sdcardfs/com.android.cts.ctsshim/appid
04-09 08:59:18.200  2141  2207 W PackageSettings: Couldn't write 10076 to /config/sdcardfs/com.alibaba.android.rimet/appid
04-09 08:59:18.200  2141  2207 W PackageSettings: Couldn't write 10035 to /config/sdcardfs/com.android.vpndialogs/appid
04-09 08:59:18.200  2141  2207 W PackageSettings: Couldn't write 1001 to /config/sdcardfs/com.android.phone/appid
04-09 08:59:18.200  2141  2211 I NetworkManagement: onDaemonConnected()
04-09 08:59:18.200  2141  2207 W PackageSettings: Couldn't write 2000 to /config/sdcardfs/com.android.shell/appid
04-09 08:59:18.200  2141  2207 W PackageSettings: Couldn't write 1000 to /config/sdcardfs/com.android.wallpaperbackup/appid
04-09 08:59:18.200  2141  2207 W PackageSettings: Couldn't write 10003 to /config/sdcardfs/com.android.providers.blockednumber/appid
04-09 08:59:18.200  2141  2207 W PackageSettings: Couldn't write 10003 to /config/sdcardfs/com.android.providers.userdictionary/appid
04-09 08:59:18.200  2141  2207 W PackageSettings: Couldn't write 10014 to /config/sdcardfs/com.android.emergency/appid
04-09 08:59:18.200  2141  2207 W PackageSettings: Couldn't write 1000 to /config/sdcardfs/com.android.location.fused/appid
04-09 08:59:18.200  2141  2207 W PackageSettings: Couldn't write 10054 to /config/sdcardfs/com.android.deskclock/appid
04-09 08:59:18.200  2141  2207 W PackageSettings: Couldn't write 10033 to /config/sdcardfs/com.android.systemui/appid
04-09 08:59:18.200  2141  2207 W PackageSettings: Couldn't write 10039 to /config/sdcardfs/com.android.bluetoothmidiservice/appid
04-09 08:59:18.200  2141  2207 W PackageSettings: Couldn't write 10069 to /config/sdcardfs/com.termoneplus/appid
04-09 08:59:18.200  2141  2207 W PackageSettings: Couldn't write 1002 to /config/sdcardfs/com.android.bluetooth/appid
04-09 08:59:18.200  2141  2207 W PackageSettings: Couldn't write 10050 to /config/sdcardfs/com.android.development/appid
04-09 08:59:18.200  2141  2207 W PackageSettings: Couldn't write 10070 to /config/sdcardfs/com.android.wallpaperpicker/appid
04-09 08:59:18.200  2141  2207 W PackageSettings: Couldn't write 10003 to /config/sdcardfs/com.android.providers.contacts/appid
04-09 08:59:18.200  2141  2207 W PackageSettings: Couldn't write 10043 to /config/sdcardfs/com.android.captiveportallogin/appid
04-09 08:59:18.201  2141  2141 D SystemServerTiming: StartNetworkManagementService took to complete: 3ms
04-09 08:59:18.201  2141  2141 I SystemServer: StartTextServicesManager
04-09 08:59:18.201  2141  2141 I SystemServiceManager: Starting com.android.server.TextServicesManagerService$Lifecycle
04-09 08:59:18.207  2141  2207 W StorageManagerService: No primary storage mounted!
04-09 08:59:18.207  2141  2207 D VoldConnector: SND -> {2 asec list}
04-09 08:59:18.207  2141  2208 D VoldConnector: RCV <- {200 2 asec operation succeeded}
04-09 08:59:18.218  2141  2141 D SystemServerTiming: StartTextServicesManager took to complete: 17ms
04-09 08:59:18.218  2141  2141 I SystemServer: StartNetworkScoreService
04-09 08:59:18.219  2141  2141 D SystemServerTiming: StartNetworkScoreService took to complete: 1ms
04-09 08:59:18.219  2141  2141 I SystemServer: StartNetworkStatsService
04-09 08:59:18.226  2141  2141 D SystemServerTiming: StartNetworkStatsService took to complete: 7ms
04-09 08:59:18.226  2141  2141 I SystemServer: StartNetworkPolicyManagerService
04-09 08:59:18.228  2141  2141 D SystemServerTiming: StartNetworkPolicyManagerService took to complete: 2ms
04-09 08:59:18.228  2141  2141 I SystemServer: StartWifi
04-09 08:59:18.232  2014  2014 D ZygoteInitTiming_lazy: PreloadResources took to complete: 40ms
04-09 08:59:18.238  2141  2141 I SystemServiceManager: Starting com.android.server.wifi.WifiService
04-09 08:59:18.261  2049  2061 I /system/bin/storaged: storaged: Start
04-09 08:59:18.268  2141  2205 I ActivityManager: Config changes=30 {1.0 ?mcc?mnc [zh_CN_#Hans] ldltr sw720dp w1280dp h720dp 240dpi xlrg long land -touch qwerty/v/v -nav/h appBounds=Rect(0, 0 - 1920, 1080) s.4}
04-09 08:59:18.269  2141  2205 I ActivityManager: Override config changes=30 {1.0 ?mcc?mnc [zh_CN_#Hans] ldltr sw720dp w1280dp h720dp 240dpi xlrg long land -touch qwerty/v/v -nav/h appBounds=Rect(0, 0 - 1920, 1080) s.4} for displayId=0
04-09 08:59:18.272  2141  2141 D SystemServerTiming: StartWifi took to complete: 45ms
04-09 08:59:18.272  2141  2141 I SystemServer: StartWifiScanning
04-09 08:59:18.274  2141  2141 I SystemServiceManager: Starting com.android.server.wifi.scanner.WifiScanningService
04-09 08:59:18.274  2141  2141 D SystemServerTiming: StartWifiScanning took to complete: 2ms
04-09 08:59:18.274  2141  2141 I SystemServer: StartWifiRtt
04-09 08:59:18.275  2141  2141 I SystemServiceManager: Starting com.android.server.wifi.RttService
04-09 08:59:18.275  2141  2141 D SystemServerTiming: StartWifiRtt took to complete: 0ms
04-09 08:59:18.275  2141  2141 I SystemServer: No Wi-Fi Aware Service (Aware support Not Present)
04-09 08:59:18.275  2141  2141 I SystemServer: StartEthernet
04-09 08:59:18.275  2141  2141 I SystemServiceManager: Starting com.android.server.ethernet.EthernetService
04-09 08:59:18.277  2141  2141 D SystemServerTiming: StartEthernet took to complete: 3ms
04-09 08:59:18.277  2141  2141 I SystemServer: StartConnectivityService
04-09 08:59:18.279  2141  2141 D ConnectivityService: ConnectivityService starting up
04-09 08:59:18.280  2141  2141 D ConnectivityService: wifiOnly=true
04-09 08:59:18.280  2141  2141 D ConnectivityService: networkAttributes - ignoring mobile as this dev is wifiOnly 0
04-09 08:59:18.280  2141  2141 D ConnectivityService: networkAttributes - ignoring mobile as this dev is wifiOnly 2
04-09 08:59:18.280  2141  2141 D ConnectivityService: networkAttributes - ignoring mobile as this dev is wifiOnly 3
04-09 08:59:18.280  2141  2141 D ConnectivityService: networkAttributes - ignoring mobile as this dev is wifiOnly 5
04-09 08:59:18.280  2141  2141 D ConnectivityService: networkAttributes - ignoring mobile as this dev is wifiOnly 10
04-09 08:59:18.280  2141  2141 D ConnectivityService: networkAttributes - ignoring mobile as this dev is wifiOnly 11
04-09 08:59:18.280  2141  2141 D ConnectivityService: networkAttributes - ignoring mobile as this dev is wifiOnly 12
04-09 08:59:18.280  2141  2141 E ConnectivityService: Ignoring protectedNetwork 10
04-09 08:59:18.280  2141  2141 E ConnectivityService: Ignoring protectedNetwork 11
04-09 08:59:18.280  2141  2141 E ConnectivityService: Ignoring protectedNetwork 12
04-09 08:59:18.280  2141  2141 E ConnectivityService: Ignoring protectedNetwork 14
04-09 08:59:18.280  2141  2141 E ConnectivityService: Ignoring protectedNetwork 15
04-09 08:59:18.282  2141  2154 D SystemServerTimingAsync: SecondaryZygotePreload took to complete: 318ms
04-09 08:59:18.282  2141  2154 D SystemServerInitThreadPool: Finished executing SecondaryZygotePreload
04-09 08:59:18.282  2141  2141 D SystemServerTiming: StartConnectivityService took to complete: 4ms
04-09 08:59:18.282  2141  2141 I SystemServer: StartNsdService
04-09 08:59:18.283  2141  2141 D NsdService: Network service discovery is enabled
04-09 08:59:18.283  2141  2141 D SystemServerTiming: StartNsdService took to complete: 1ms
04-09 08:59:18.283  2141  2141 I SystemServer: StartUpdateLockService
04-09 08:59:18.283  2141  2141 D SystemServerTiming: StartUpdateLockService took to complete: 0ms
04-09 08:59:18.283  2141  2141 I SystemServer: WaitForAsecScan
04-09 08:59:18.283  2141  2141 D SystemServerTiming: WaitForAsecScan took to complete: 0ms
04-09 08:59:18.283  2141  2141 I SystemServer: StartNotificationManager
04-09 08:59:18.285  2141  2141 I SystemServiceManager: Starting com.android.server.notification.NotificationManagerService
04-09 08:59:18.292  2141  2141 D ConditionProviders.SCP: new ScheduleConditionProvider()
04-09 08:59:18.293  2141  2141 D ZenLog  : config: readXml,ZenModeConfig[user=0,allowCalls=true,allowRepeatCallers=false,allowMessages=false,allowCallsFrom=contacts,allowMessagesFrom=contacts,allowReminders=true,allowEvents=true,allowWhenScreenOff=true,allowWhenScreenOn=true,automaticRules={EVENTS_DEFAULT_RULE=ZenRule[enabled=false,snoozing=false,name=Event,zenMode=ZEN_MODE_ALARMS,conditionId=condition://android/event?userId=-10000&calendar=&reply=1,condition=Condition[id=condition://android/event?userId=-10000&calendar=&reply=1,summary=...,line1=...,line2=...,icon=0,state=STATE_FALSE,flags=2],component=ComponentInfo{android/com.android.server.notification.EventConditionProvider},id=EVENTS_DEFAULT_RULE,creationTime=1554720388004,enabler=null], SCHEDULED_DEFAULT_RULE_1=ZenRule[enabled=false,snoozing=false,name=Weeknight,zenMode=ZEN_MODE_ALARMS,conditionId=condition://android/schedule?days=1.2.3.4.5&start=22.0&end=7.0&exitAtAlarm=false,condition=Condition[id=condition://android/schedule?days=1.2.3.4.5&start=22.0&end=7.0&exitAtAlarm=false,summary=...,line1=...,line2=...,icon=0,state=STATE_FALSE,flags=2],component=ComponentInfo{android/com.android.server.notification.ScheduleConditionProvider},id=SCHEDULED_DEFAULT_RULE_1,creationTime=1554720388004,enabler=null], SCHEDULED_DEFAULT_RULE_2=ZenRule[enabled=false,snoozing=false,name=Weekend,zenMode=ZEN_MODE_ALARMS,conditionId=condition://android/schedule?days=6.7&start=23.30&end=10.0&exitAtAlarm=false,condition=Condition[id=condition://android/schedule?days=6.7&start=23.30&end=10.0&exitAtAlarm=false,summary=...,line1=...,line2=...,icon=0,state=STATE_FALSE,flags=2],component=ComponentInfo{android/com.android.server.notification.ScheduleConditionProvider},id=SCHEDULED_DEFAULT_RULE_2,creationTime=1554720388004,enabler=null]},manualRule=null],Diff[automaticRule[EVENTS_DEFAULT_RULE].name:活动->Event,automaticRule[EVENTS_DEFAULT_RULE].condition:null->Condition[id=condition://android/event?userId=-10000&calendar=&reply=1,summary=...,line1=...,line2=...,icon=0,state=STATE_FALSE,flags=2],automaticRule[EVENTS_DEFAULT_RULE].creationTime:1554771558291->1554720388004,automaticRule[SCHEDULED_DEFAULT_RULE_1].name:周一至周五夜间->Weeknight,automaticRule[SCHEDULED_DEFAULT_RULE_1].condition:null->Condition[id=condition://android/schedule?days=1.2.3.4.5&start=22.0&end=7.0&exitAtAlarm=false,summary=...,line1=...,line2=...,icon=0,state=STATE_FALSE,flags=2],automaticRule[SCHEDULED_DEFAULT_RULE_1].creationTime:1554771558291->1554720388004,automaticRule[SCHEDULED_DEFAULT_RULE_2].name:周末->Weekend,automaticRule[SCHEDULED_DEFAULT_RULE_2].condition:null->Condition[id=condition://android/schedule?days=6.7&start=23.30&end=10.0&exitAtAlarm=false,summary=...,line1=...,line2=...,icon=0,state=STATE_FALSE,flags=2],automaticRule[SCHEDULED_DEFAULT_RULE_2].creationTime:1554771558291->1554720388004]
04-09 08:59:18.294  2141  2141 I ConditionProviders: Read condition provider permissions from xml
04-09 08:59:18.294  2141  2141 D ZenLog  : set_zen_mode: off,init
04-09 08:59:18.294  2141  2141 D SystemServerTiming: StartNotificationManager took to complete: 12ms
04-09 08:59:18.294  2141  2141 I SystemServer: StartDeviceMonitor
04-09 08:59:18.294  2141  2141 I SystemServiceManager: Starting com.android.server.storage.DeviceStorageMonitorService
04-09 08:59:18.295  2141  2141 D SystemServerTiming: StartDeviceMonitor took to complete: 0ms
04-09 08:59:18.295  2141  2141 I SystemServer: StartLocationManagerService
04-09 08:59:18.296  2141  2141 D SystemServerTiming: StartLocationManagerService took to complete: 1ms
04-09 08:59:18.296  2141  2141 I SystemServer: StartCountryDetectorService
04-09 08:59:18.296  2141  2141 D SystemServerTiming: StartCountryDetectorService took to complete: 0ms
04-09 08:59:18.296  2141  2141 I SystemServer: StartSearchManagerService
04-09 08:59:18.296  2141  2141 I SystemServiceManager: Starting com.android.server.search.SearchManagerService$Lifecycle
04-09 08:59:18.297  2141  2141 D SystemServerTiming: StartSearchManagerService took to complete: 1ms
04-09 08:59:18.297  2141  2141 I SystemServer: StartWallpaperManagerService
04-09 08:59:18.297  2141  2141 I SystemServiceManager: Starting com.android.server.wallpaper.WallpaperManagerService$Lifecycle
04-09 08:59:18.297  2141  2141 I WallpaperManagerService: No static wallpaper imagery; defaults will be shown
04-09 08:59:18.297  2141  2141 D SystemServerTiming: StartWallpaperManagerService took to complete: 1ms
04-09 08:59:18.297  2141  2141 I SystemServer: StartAudioService
04-09 08:59:18.297  2141  2141 I SystemServiceManager: Starting com.android.server.audio.AudioService$Lifecycle
04-09 08:59:18.304  2141  2141 D SystemServerTiming: StartAudioService took to complete: 7ms
04-09 08:59:18.304  2141  2141 I SystemServer: StartDockObserver
04-09 08:59:18.305  2141  2141 I SystemServiceManager: Starting com.android.server.DockObserver
04-09 08:59:18.305  2141  2141 W DockObserver: This kernel does not have dock station support
04-09 08:59:18.305  2141  2141 D SystemServerTiming: StartDockObserver took to complete: 0ms
04-09 08:59:18.305  2141  2141 I SystemServer: StartWiredAccessoryManager
04-09 08:59:18.305  2141  2141 W WiredAccessoryManager: This kernel does not have usb audio support
04-09 08:59:18.305  2141  2141 W WiredAccessoryManager: This kernel does not have HDMI audio support
04-09 08:59:18.305  2141  2141 D SystemServerTiming: StartWiredAccessoryManager took to complete: 0ms
04-09 08:59:18.305  2141  2141 I SystemServer: StartUsbService
04-09 08:59:18.306  2141  2141 I SystemServiceManager: Starting com.android.server.usb.UsbService$Lifecycle
04-09 08:59:18.309  2141  2204 I UsbPortManager: Usb hal service started android.hardware.usb@1.0::IUsb default
04-09 08:59:18.310  2141  2141 D SystemServerTiming: StartUsbService took to complete: 5ms
04-09 08:59:18.310  2141  2141 I SystemServer: StartSerialService
04-09 08:59:18.310  2141  2141 D SystemServerTiming: StartSerialService took to complete: 0ms
04-09 08:59:18.310  2141  2141 I SystemServer: StartHardwarePropertiesManagerService
04-09 08:59:18.310  2141  2141 D SystemServerTiming: StartHardwarePropertiesManagerService took to complete: 1ms
04-09 08:59:18.310  2141  2141 I SystemServer: StartTwilightService
04-09 08:59:18.311  2141  2141 I SystemServiceManager: Starting com.android.server.twilight.TwilightService
04-09 08:59:18.311  2141  2141 D SystemServerTiming: StartTwilightService took to complete: 0ms
04-09 08:59:18.311  2141  2141 I SystemServer: StartJobScheduler
04-09 08:59:18.311  2141  2141 I SystemServiceManager: Starting com.android.server.job.JobSchedulerService
04-09 08:59:18.312  2141  2141 D JobStore: Start tag: job-info
04-09 08:59:18.313  2141  2141 I JobStore: Read 31 jobs
04-09 08:59:18.314  2141  2141 D ConnectivityService: requestNetwork for uid/pid:1000/2141 NetworkRequest [ TRACK_DEFAULT id=3, [ Capabilities: INTERNET&NOT_RESTRICTED&TRUSTED&NOT_VPN] ]
04-09 08:59:18.315  2141  2141 D SystemServerTiming: StartJobScheduler took to complete: 4ms
04-09 08:59:18.315  2141  2141 I SystemServer: StartSoundTrigger
04-09 08:59:18.315  2141  2141 I SystemServiceManager: Starting com.android.server.soundtrigger.SoundTriggerService
04-09 08:59:18.315  2141  2141 D SystemServerTiming: StartSoundTrigger took to complete: 0ms
04-09 08:59:18.315  2141  2141 I SystemServer: StartTrustManager
04-09 08:59:18.316  2141  2141 I SystemServiceManager: Starting com.android.server.trust.TrustManagerService
04-09 08:59:18.317  2141  2141 D SystemServerTiming: StartTrustManager took to complete: 2ms
04-09 08:59:18.317  2141  2141 I SystemServer: StartBackupManager
04-09 08:59:18.317  2141  2141 I SystemServiceManager: Starting com.android.server.backup.BackupManagerService$Lifecycle
04-09 08:59:18.318  2141  2141 D SystemServerTiming: StartBackupManager took to complete: 1ms
04-09 08:59:18.318  2141  2141 I SystemServer: StartAppWidgerService
04-09 08:59:18.318  2141  2141 I SystemServiceManager: Starting com.android.server.appwidget.AppWidgetService
04-09 08:59:18.321  2141  2141 D SystemServerTiming: StartAppWidgerService took to complete: 3ms
04-09 08:59:18.321  2141  2141 I SystemServer: StartVoiceRecognitionManager
04-09 08:59:18.321  2141  2141 I SystemServiceManager: Starting com.android.server.voiceinteraction.VoiceInteractionManagerService
04-09 08:59:18.321  2141  2141 D SystemServerTiming: StartVoiceRecognitionManager took to complete: 0ms
04-09 08:59:18.321  2141  2141 I SystemServer: StartGestureLauncher
04-09 08:59:18.321  2141  2141 I SystemServiceManager: Starting com.android.server.GestureLauncherService
04-09 08:59:18.322  2141  2141 D SystemServerTiming: StartGestureLauncher took to complete: 0ms
04-09 08:59:18.322  2141  2141 I SystemServer: StartSensorNotification
04-09 08:59:18.322  2141  2141 I SystemServiceManager: Starting com.android.server.SensorNotificationService
04-09 08:59:18.322  2141  2141 D SystemServerTiming: StartSensorNotification took to complete: 0ms
04-09 08:59:18.322  2141  2141 I SystemServer: StartContextHubSystemService
04-09 08:59:18.322  2141  2141 I SystemServiceManager: Starting com.android.server.ContextHubSystemService
04-09 08:59:18.322  2141  2141 D SystemServerTiming: StartContextHubSystemService took to complete: 0ms
04-09 08:59:18.322  2141  2141 I SystemServer: StartDiskStatsService
04-09 08:59:18.322  2141  2192 D SystemServerInitThreadPool: Started executing Init ContextHubSystemService
04-09 08:59:18.322  2141  2141 D SystemServerTiming: StartDiskStatsService took to complete: 0ms
04-09 08:59:18.322  2141  2141 I SystemServer: StartNetworkTimeUpdateService
04-09 08:59:18.322  2141  2192 D SystemServerInitThreadPool: Finished executing Init ContextHubSystemService
04-09 08:59:18.322  2141  2141 D SystemServerTiming: StartNetworkTimeUpdateService took to complete: 0ms
04-09 08:59:18.322  2141  2141 I SystemServer: StartCommonTimeManagementService
04-09 08:59:18.323  2141  2141 D SystemServerTiming: StartCommonTimeManagementService took to complete: 0ms
04-09 08:59:18.323  2141  2141 I SystemServer: CertBlacklister
04-09 08:59:18.323  2141  2141 D SystemServerTiming: CertBlacklister took to complete: 0ms
04-09 08:59:18.323  2141  2141 I SystemServer: StartEmergencyAffordanceService
04-09 08:59:18.323  2141  2141 I SystemServiceManager: Starting com.android.server.emergency.EmergencyAffordanceService
04-09 08:59:18.324  2141  2141 D SystemServerTiming: StartEmergencyAffordanceService took to complete: 1ms
04-09 08:59:18.324  2141  2141 I SystemServer: StartDreamManager
04-09 08:59:18.324  2141  2141 I SystemServiceManager: Starting com.android.server.dreams.DreamManagerService
04-09 08:59:18.324  2141  2141 D SystemServerTiming: StartDreamManager took to complete: 0ms
04-09 08:59:18.324  2141  2141 I SystemServer: AddGraphicsStatsService
04-09 08:59:18.325  2141  2141 D SystemServerTiming: AddGraphicsStatsService took to complete: 1ms
04-09 08:59:18.325  2141  2141 I SystemServer: StartPrintManager
04-09 08:59:18.325  2141  2141 I SystemServiceManager: Starting com.android.server.print.PrintManagerService
04-09 08:59:18.325  2141  2141 D SystemServerTiming: StartPrintManager took to complete: 1ms
04-09 08:59:18.325  2141  2141 I SystemServer: StartCompanionDeviceManager
04-09 08:59:18.326  2141  2141 I SystemServiceManager: Starting com.android.server.companion.CompanionDeviceManagerService
04-09 08:59:18.326  2141  2141 D SystemServerTiming: StartCompanionDeviceManager took to complete: 0ms
04-09 08:59:18.326  2141  2141 I SystemServer: StartRestrictionManager
04-09 08:59:18.326  2141  2141 I SystemServiceManager: Starting com.android.server.restrictions.RestrictionsManagerService
04-09 08:59:18.326  2141  2141 D SystemServerTiming: StartRestrictionManager took to complete: 1ms
04-09 08:59:18.326  2141  2141 I SystemServer: StartMediaSessionService
04-09 08:59:18.327  2141  2141 I SystemServiceManager: Starting com.android.server.media.MediaSessionService
04-09 08:59:18.327  2141  2141 D SystemServerTiming: StartMediaSessionService took to complete: 0ms
04-09 08:59:18.327  2141  2141 I SystemServer: StartMediaResourceMonitor
04-09 08:59:18.327  2141  2141 I SystemServiceManager: Starting com.android.server.media.MediaResourceMonitorService
04-09 08:59:18.327  2141  2141 D SystemServerTiming: StartMediaResourceMonitor took to complete: 1ms
04-09 08:59:18.327  2141  2141 I SystemServer: StartMediaRouterService
04-09 08:59:18.328  2141  2141 D SystemServerTiming: StartMediaRouterService took to complete: 0ms
04-09 08:59:18.328  2141  2141 I SystemServer: StartBackgroundDexOptService
04-09 08:59:18.329  2141  2141 D SystemServerTiming: StartBackgroundDexOptService took to complete: 0ms
04-09 08:59:18.329  2141  2141 I SystemServer: StartPruneInstantAppsJobService
04-09 08:59:18.329  2141  2141 D SystemServerTiming: StartPruneInstantAppsJobService took to complete: 0ms
04-09 08:59:18.329  2141  2141 I SystemServer: StartShortcutServiceLifecycle
04-09 08:59:18.329  2141  2141 I SystemServiceManager: Starting com.android.server.pm.ShortcutService$Lifecycle
04-09 08:59:18.331  2141  2141 D SystemServerTiming: StartShortcutServiceLifecycle took to complete: 2ms
04-09 08:59:18.331  2141  2141 I SystemServer: StartLauncherAppsService
04-09 08:59:18.331  2141  2141 I SystemServiceManager: Starting com.android.server.pm.LauncherAppsService
04-09 08:59:18.332  2141  2141 D SystemServerTiming: StartLauncherAppsService took to complete: 1ms
04-09 08:59:18.332  2141  2141 I SystemServer: StartMediaProjectionManager
04-09 08:59:18.332  2141  2141 I SystemServiceManager: Starting com.android.server.media.projection.MediaProjectionManagerService
04-09 08:59:18.336  2141  2141 D SystemServerTiming: StartMediaProjectionManager took to complete: 4ms
04-09 08:59:18.336  2141  2141 I SystemServer: StartCameraServiceProxy
04-09 08:59:18.337  2141  2141 I SystemServiceManager: Starting com.android.server.camera.CameraServiceProxy
04-09 08:59:18.337  2141  2141 D SystemServerTiming: StartCameraServiceProxy took to complete: 1ms
04-09 08:59:18.337  2141  2141 I SystemServer: StartJitCompilation
04-09 08:59:18.337  2141  2141 D SystemServerTiming: StartJitCompilation took to complete: 0ms
04-09 08:59:18.337  2141  2141 I SystemServer: StartMmsService
04-09 08:59:18.337  2141  2141 I SystemServiceManager: Starting com.android.server.MmsServiceBroker
04-09 08:59:18.338  2141  2141 D SystemServerTiming: StartMmsService took to complete: 0ms
04-09 08:59:18.338  2141  2141 I SystemServer: StartAutoFillService
04-09 08:59:18.338  2141  2141 I SystemServiceManager: Starting com.android.server.autofill.AutofillManagerService
04-09 08:59:18.338  2141  2141 I AutofillManagerService: Setting debug to true
04-09 08:59:18.339  2141  2141 D SystemServerTiming: StartAutoFillService took to complete: 2ms
04-09 08:59:18.339  2141  2141 I SystemServer: MakeVibratorServiceReady
04-09 08:59:18.340  2141  2141 D SystemServerTiming: MakeVibratorServiceReady took to complete: 0ms
04-09 08:59:18.340  2141  2141 I SystemServer: MakeLockSettingsServiceReady
04-09 08:59:18.349  2141  2141 I SyntheticPasswordManager: Device does not support weaver
04-09 08:59:18.350  2141  2141 E LockSettingsStorage: Cannot read file java.io.FileNotFoundException: /data/system/gatekeeper.password.key: open failed: ENOENT (No such file or directory)
04-09 08:59:18.350  2141  2141 E LockSettingsStorage: Cannot read file java.io.FileNotFoundException: /data/system/password.key: open failed: ENOENT (No such file or directory)
04-09 08:59:18.350  2141  2141 E LockSettingsStorage: Cannot read file java.io.FileNotFoundException: /data/system/gatekeeper.pattern.key: open failed: ENOENT (No such file or directory)
04-09 08:59:18.350  2141  2141 E LockSettingsStorage: Cannot read file java.io.FileNotFoundException: /data/system/gatekeeper.gesture.key: open failed: ENOENT (No such file or directory)
04-09 08:59:18.350  2141  2141 E LockSettingsStorage: Cannot read file java.io.FileNotFoundException: /data/system/gesture.key: open failed: ENOENT (No such file or directory)
04-09 08:59:18.350  2141  2141 D SystemServerTiming: MakeLockSettingsServiceReady took to complete: 10ms
04-09 08:59:18.350  2141  2141 I SystemServer: StartBootPhaseLockSettingsReady
04-09 08:59:18.350  2141  2141 I SystemServiceManager: Starting phase 480
04-09 08:59:18.363  2141  2141 I DevicePolicyManager: Set ro.device_owner property to false
04-09 08:59:18.364  2141  2141 D SystemServerTiming: StartBootPhaseLockSettingsReady took to complete: 14ms
04-09 08:59:18.364  2141  2141 I SystemServer: StartBootPhaseSystemServicesReady
04-09 08:59:18.364  2141  2141 I SystemServiceManager: Starting phase 500
04-09 08:59:18.365  2141  2141 I VrManagerService: No default vr listener service found.
04-09 08:59:18.367  2141  2141 I WifiService: WifiService starting up with Wi-Fi enabled
04-09 08:59:18.369  2141  2141 D WifiService: setWifiEnabled: true pid=2141, uid=1000, package=android
04-09 08:59:18.371  2141  2220 D ConnectivityService: Got NetworkFactory Messenger for Ethernet
04-09 08:59:18.372  2141  2141 D ZenLog  : config: cleanUpZenRules,ZenModeConfig[user=0,allowCalls=true,allowRepeatCallers=false,allowMessages=false,allowCallsFrom=contacts,allowMessagesFrom=contacts,allowReminders=true,allowEvents=true,allowWhenScreenOff=true,allowWhenScreenOn=true,automaticRules={EVENTS_DEFAULT_RULE=ZenRule[enabled=false,snoozing=false,name=Event,zenMode=ZEN_MODE_ALARMS,conditionId=condition://android/event?userId=-10000&calendar=&reply=1,condition=Condition[id=condition://android/event?userId=-10000&calendar=&reply=1,summary=...,line1=...,line2=...,icon=0,state=STATE_FALSE,flags=2],component=ComponentInfo{android/com.android.server.notification.EventConditionProvider},id=EVENTS_DEFAULT_RULE,creationTime=1554720388004,enabler=null], SCHEDULED_DEFAULT_RULE_1=ZenRule[enabled=false,snoozing=false,name=Weeknight,zenMode=ZEN_MODE_ALARMS,conditionId=condition://android/schedule?days=1.2.3.4.5&start=22.0&end=7.0&exitAtAlarm=false,condition=Condition[id=condition://android/schedule?days=1.2.3.4.5&start=22.0&end=7.0&exitAtAlarm=false,summary=...,line1=...,line2=...,icon=0,state=STATE_FALSE,flags=2],component=ComponentInfo{android/com.android.server.notification.ScheduleConditionProvider},id=SCHEDULED_DEFAULT_RULE_1,creationTime=1554720388004,enabler=null], SCHEDULED_DEFAULT_RULE_2=ZenRule[enabled=false,snoozing=false,name=Weekend,zenMode=ZEN_MODE_ALARMS,conditionId=condition://android/schedule?days=6.7&start=23.30&end=10.0&exitAtAlarm=false,condition=Condition[id=condition://android/schedule?days=6.7&start=23.30&end=10.0&exitAtAlarm=false,summary=...,line1=...,line2=...,icon=0,state=STATE_FALSE,flags=2],component=ComponentInfo{android/com.android.server.notification.ScheduleConditionProvider},id=SCHEDULED_DEFAULT_RULE_2,creationTime=1554720388004,enabler=null]},manualRule=null],Diff[]
04-09 08:59:18.372  2141  2141 D ZenLog  : set_zen_mode: off,onSystemReady
04-09 08:59:18.372  2050  2050 I wificond: create scanner for interface with index: 5
04-09 08:59:18.372  2050  2050 I wificond: subscribe scan result for interface with index: 5
04-09 08:59:18.372  2050  2050 E wificond: No Offload Service available
04-09 08:59:18.373  2050  2050 I wificond: Offload HAL not supported 
04-09 08:59:18.373  2141  2141 W SoundTriggerHelper: listModules status=0, # of modules=0
04-09 08:59:18.373  2141  2141 D SystemServerTiming: StartBootPhaseSystemServicesReady took to complete: 9ms
04-09 08:59:18.373  2141  2141 I SystemServer: MakeWindowManagerServiceReady
04-09 08:59:18.375  2141  2141 D SystemServerTiming: MakeWindowManagerServiceReady took to complete: 2ms
04-09 08:59:18.375  2141  2141 I SystemServer: MakePowerManagerServiceReady
04-09 08:59:18.377  2141  2141 D SystemServerTiming: MakePowerManagerServiceReady took to complete: 2ms
04-09 08:59:18.377  2141  2141 I SystemServer: MakePackageManagerServiceReady
04-09 08:59:18.377  2141  2165 W KeyguardServiceDelegate: onScreenTurningOn(): no keyguard service!
04-09 08:59:18.378  2141  2156 E KernelCpuSpeedReader: Failed to read cpu-freq: /sys/devices/system/cpu/cpu0/cpufreq/stats/time_in_state (No such file or directory)
04-09 08:59:18.378  2141  2141 V UserDataPreparer: Found /data/user_de/0 with serial number 0
04-09 08:59:18.378  2141  2141 V UserDataPreparer: Found /data/user/0 with serial number 0
04-09 08:59:18.378  2141  2141 V UserDataPreparer: Found /data/system_de/0 with serial number 0
04-09 08:59:18.378  2141  2141 V UserDataPreparer: Found /data/system_ce/0 with serial number 0
04-09 08:59:18.378  2141  2141 V UserDataPreparer: Found /data/misc_ce/0 with serial number 0
04-09 08:59:18.379  2141  2141 D SystemServerTiming: MakePackageManagerServiceReady took to complete: 2ms
04-09 08:59:18.379  2141  2141 I SystemServer: MakeDisplayManagerServiceReady
04-09 08:59:18.379  2141  2141 D SystemServerTiming: MakeDisplayManagerServiceReady took to complete: 0ms
04-09 08:59:18.379  2141  2141 I ActivityManager: System now ready
04-09 08:59:18.380  2141  2141 I ActivityManager: Config changes=100 {1.0 ?mcc?mnc [zh_CN_#Hans] ldltr sw720dp w1280dp h720dp 240dpi xlrg long land -touch qwerty/v/v -nav/h appBounds=Rect(0, 0 - 1920, 1080) s.5}
04-09 08:59:18.380  2141  2141 I ActivityManager: Override config changes=100 {1.0 ?mcc?mnc [zh_CN_#Hans] ldltr sw720dp w1280dp h720dp 240dpi xlrg long land -touch qwerty/v/v -nav/h appBounds=Rect(0, 0 - 1920, 1080) s.5} for displayId=0
04-09 08:59:18.381  2141  2141 I SystemServer: Making services ready
04-09 08:59:18.381  2141  2141 I SystemServer: StartActivityManagerReadyPhase
04-09 08:59:18.381  2141  2141 I SystemServiceManager: Starting phase 550
04-09 08:59:18.381  2141  2163 I ActivityManager: Config changes=100 {1.0 ?mcc?mnc [zh_CN_#Hans] ldltr sw720dp w1280dp h720dp 240dpi xlrg long land -touch qwerty/v/v -nav/h appBounds=Rect(0, 0 - 1920, 1080) s.6}
04-09 08:59:18.382  2141  2163 I ActivityManager: Override config changes=100 {1.0 ?mcc?mnc [zh_CN_#Hans] ldltr sw720dp w1280dp h720dp 240dpi xlrg long land -touch qwerty/v/v -nav/h appBounds=Rect(0, 0 - 1920, 1080) s.6} for displayId=0
04-09 08:59:18.383  2141  2141 W ActivityManager: Unable to start service Intent { act=com.android.ITelecomService cmp=com.android.server.telecom/.components.TelecomService } U=0: not found
04-09 08:59:18.400  2141  2141 D BluetoothManagerService: Bluetooth boot completed
04-09 08:59:18.400  2141  2141 D BluetoothManagerService: Getting adapter name and address
04-09 08:59:18.400  2141  2162 D BluetoothManagerService: MESSAGE_GET_NAME_AND_ADDRESS
04-09 08:59:18.400  2141  2162 D BluetoothManagerService: Binding to service to get name and address
04-09 08:59:18.411  2141  2162 I ActivityManager: Start proc 2241:com.android.bluetooth/1002 for service com.android.bluetooth/.btservice.AdapterService
04-09 08:59:18.413  2141  2141 W InputMethodManagerService: Default IME is uninstalled. Choose new default IME.
04-09 08:59:18.419  2141  2141 W InputMethodManagerService: Illegal subtype state: old subtype = null, new subtype = android.view.inputmethod.InputMethodSubtype@c9194f98
04-09 08:59:18.429  2141  2141 I ActivityManager: Start proc 2256:com.android.inputmethod.latin/u0a66 for service com.android.inputmethod.latin/.LatinIME
04-09 08:59:18.430  2141  2207 D StorageManagerService: Thinking about init, mSystemReady=true, mDaemonConnected=true
04-09 08:59:18.430  2141  2207 D StorageManagerService: Setting up emulation state, initlocked=false
04-09 08:59:18.430  2141  2207 D CryptdConnector: SND -> {2 cryptfs unlock_user_key 0 0 ! !}
04-09 08:59:18.430  2006  2010 D vold    : e4crypt_unlock_user_key 0 serial=0 token_present=0
04-09 08:59:18.430  2141  2209 D CryptdConnector: RCV <- {200 2 Command succeeded}
04-09 08:59:18.430  2141  2141 W WallpaperManagerService: Invalid wallpaper data
04-09 08:59:18.430  2141  2207 D StorageManagerService: Thinking about reset, mSystemReady=true, mDaemonConnected=true
04-09 08:59:18.430  2141  2141 E WallpaperManagerService: Unable to apply new wallpaper
04-09 08:59:18.430  2141  2141 V WallpaperManagerService: bindWallpaperComponentLocked: componentName=null
04-09 08:59:18.430  2141  2141 V WallpaperManagerService: No default component; using image wallpaper
04-09 08:59:18.430  2141  2207 D VoldConnector: SND -> {3 volume reset}
04-09 08:59:18.430  2141  2156 I ActivityManager: Force stopping com.android.providers.media appid=10012 user=-1: vold reset
04-09 08:59:18.430  2141  2208 D VoldConnector: RCV <- {651 emulated 7}
04-09 08:59:18.430  2141  2208 D VoldConnector: RCV <- {659 emulated}
04-09 08:59:18.430  2141  2208 D VoldConnector: RCV <- {650 emulated 2 "" ""}
04-09 08:59:18.430  2141  2208 D VoldConnector: RCV <- {651 emulated 0}
04-09 08:59:18.430  2141  2208 D VoldConnector: RCV <- {200 3 Command succeeded}
04-09 08:59:18.431  2141  2207 D VoldConnector: SND -> {4 volume user_added 0 0}
04-09 08:59:18.431  2141  2208 D VoldConnector: RCV <- {200 4 Command succeeded}
04-09 08:59:18.431  2141  2161 V StorageManagerService: Found primary storage at VolumeInfo{emulated}:
04-09 08:59:18.431  2141  2161 V StorageManagerService:     type=EMULATED diskId=null partGuid=null mountFlags=0 mountUserId=-1 
04-09 08:59:18.431  2141  2161 V StorageManagerService:     state=UNMOUNTED 
04-09 08:59:18.431  2141  2161 V StorageManagerService:     fsType=null fsUuid=null fsLabel=null 
04-09 08:59:18.431  2141  2161 V StorageManagerService:     path=null internalPath=null 
04-09 08:59:18.441  2141  2141 I ActivityManager: Start proc 2272:com.android.systemui/u0a33 for service com.android.systemui/.ImageWallpaper
04-09 08:59:18.441  2141  2207 D VoldConnector: SND -> {5 volume mount emulated 3 -1}
04-09 08:59:18.441  2141  2208 D VoldConnector: RCV <- {651 emulated 1}
