04-09 10:02:02.500  2709  2709 I MSF.D.NetworkProvider: refresh currentAPN:. received networkInfo: CONNECTED :NetworkInfo: type: WIFI[], state: CONNECTED/CONNECTED, reason: (unspecified), extra: "os, roaming: false, failover: false, isAvailable: true, isConnectedToProvisioningNetwork: true. ExtraNetInfo: NetworkInfo: type: WIFI[], state: CONNECTED/CONNECTED, reason: (unspecified), extra: "os, roaming: false, failover: false, isAvailable: true, isConnectedToProvisioningNetwork: true
04-09 10:02:02.500  2709  2709 D MSF.D.NetworkProvider: netchange NONE to WiFi
04-09 10:02:02.500  2141  2500 I chatty  : uid=1000(system) Binder:2141_7 expire 10 lines
04-09 10:02:02.502  2709  3076 D WifiDetector: WIFI detect onWifiConnected!
04-09 10:02:02.502  2709  3076 D WifiDetector: WIFI detect started!
04-09 10:02:02.504  2141  2159 E BatteryExternalStatsWorker: no controller energy info supplied for wifi
04-09 10:02:02.505  2709  3076 D StandbyModeManager: onWifiOn
04-09 10:02:02.522  5820  5820 I cat     : type=1400 audit(0.0:750): avc: denied { getattr } for path="/vendor" dev="tmpfs" ino=12358 scontext=u:r:toolbox:s0 tcontext=u:object_r:tmpfs:s0 tclass=lnk_file permissive=1
04-09 10:02:02.522  5820  5820 I cat     : type=1400 audit(0.0:751): avc: denied { read } for name="vendor" dev="tmpfs" ino=12358 scontext=u:r:toolbox:s0 tcontext=u:object_r:tmpfs:s0 tclass=lnk_file permissive=1
04-09 10:02:02.524  5820  5820 I cat     : type=1400 audit(0.0:752): avc: denied { read } for name="board_name" dev="sysfs" ino=397 scontext=u:r:toolbox:s0 tcontext=u:object_r:sysfs:s0 tclass=file permissive=1
04-09 10:02:02.524  5820  5820 I cat     : type=1400 audit(0.0:753): avc: denied { open } for path="/sys/devices/virtual/dmi/id/board_name" dev="sysfs" ino=397 scontext=u:r:toolbox:s0 tcontext=u:object_r:sysfs:s0 tclass=file permissive=1
04-09 10:02:02.533  5822  5822 I cat     : type=1400 audit(0.0:754): avc: denied { read } for name="cmdline" dev="proc" ino=4026532020 scontext=u:r:toolbox:s0 tcontext=u:object_r:proc:s0 tclass=file permissive=1
04-09 10:02:02.533  5822  5822 I cat     : type=1400 audit(0.0:755): avc: denied { open } for path="/proc/cmdline" dev="proc" ino=4026532020 scontext=u:r:toolbox:s0 tcontext=u:object_r:proc:s0 tclass=file permissive=1
04-09 10:02:02.618  2141  5808 I chatty  : uid=1000 system_server expire 2 lines
04-09 10:02:02.619  2141  5807 I chatty  : uid=1000 system_server expire 2 lines
04-09 10:02:04.378  2709  5814 D WifiDetector: WIFI detect result, WIFI_OK
04-09 10:02:15.492  2141  5800 I chatty  : uid=1000 system_server expire 4 lines
04-09 10:02:15.500  2141  2220 D ConnectivityService: NetworkAgentInfo [WIFI () - 111] validation failed
04-09 10:02:15.511  2824  5602 I chatty  : uid=10013(com.google.android.gms) Binder:2824_C expire 1 line
04-09 10:02:15.515  2961  5832 I chatty  : uid=10013(com.google.android.gms) expire 1 line
04-09 10:02:15.516  2824  5766 I chatty  : uid=10013 com.google.android.gms.persistent expire 2 lines
04-09 10:02:16.503  2141  5838 I chatty  : uid=1000 system_server expire 2 lines
04-09 10:02:16.505  2141  5837 I chatty  : uid=1000 system_server expire 2 lines
04-09 10:02:22.728  2824  5813 I chatty  : uid=10013 com.google.android.gms.persistent expire 1 line
04-09 10:02:29.523  2141  2216 I chatty  : uid=1000(system) WifiStateMachin expire 13 lines
04-09 10:02:31.527  2141  5847 I chatty  : uid=1000 system_server expire 2 lines
04-09 10:02:31.529  2141  5846 I chatty  : uid=1000 system_server expire 2 lines
04-09 10:02:42.859  2824  5842 I chatty  : uid=10013 com.google.android.gms.persistent expire 1 line
04-09 10:02:44.538  2141  5800 I chatty  : uid=1000 system_server expire 4 lines
04-09 10:02:48.553  2141  5854 I chatty  : uid=1000 system_server expire 2 lines
04-09 10:02:48.555  2141  5853 I chatty  : uid=1000 system_server expire 2 lines
04-09 10:02:53.835  2709  3162 D WorkerThreadMonitor: Kill MSF check result[ senderSize:0,sendInterval:3784274,receiveInterval=3784274,addCmdCount=0
04-09 10:02:55.514  2468  2468 I wpa_supplicant: wlan0: CTRL-EVENT-DISCONNECTED bssid=a0:63:91:d4:f9:89 reason=3 locally_generated=1
04-09 10:02:55.515  2141  2217 I chatty  : uid=1000(system) IpManager.wlan0 expire 2 lines
04-09 10:02:29.523  2141  2220 I chatty  : uid=1000(system) ConnectivitySer identical 1 line
04-09 10:02:44.547  2141  2220 D ConnectivityService: NetworkAgentInfo [WIFI () - 111] validation failed
04-09 10:02:55.515  2141  2220 D ConnectivityService: NetworkAgentInfo [WIFI () - 111] EVENT_NETWORK_INFO_CHANGED, going from CONNECTED to DISCONNECTED
04-09 10:02:55.515  2141  2220 D ConnectivityService: NetworkAgentInfo [WIFI () - 111] got DISCONNECTED, was satisfying 4
04-09 10:02:55.516  2141  5802 I chatty  : uid=1000 system_server expire 1 line
04-09 10:02:55.517  2012  2073 D CommandListener: Setting iface cfg
04-09 10:02:55.519  2012  2064 I Netd    : Destroyed 8 sockets on 192.168.0.123 in 0.7 ms
04-09 10:02:55.519  2824  5857 I chatty  : uid=10013 com.google.android.gms.persistent expire 1 line
04-09 10:02:55.520  2824  2824 I chatty  : uid=10013 com.google.android.gms.persistent expire 1 line
04-09 10:02:55.523  2141  2220 D ConnectivityService: Sending DISCONNECTED broadcast for type 1 NetworkAgentInfo [WIFI () - 111] isDefaultNetwork=true
04-09 10:02:55.528  2141  5642 I chatty  : uid=1000(system) Binder:2141_17 expire 7 lines
04-09 10:02:55.529  2141  2218 I chatty  : uid=1000(system) WifiScanningSer expire 2 lines
04-09 10:02:55.529  2141  2159 I chatty  : uid=1000(system) batterystats-wo expire 12 lines
04-09 10:02:55.530  2141  2500 I chatty  : uid=1000(system) Binder:2141_7 expire 8 lines
04-09 10:02:55.531  2709  2709 D NetConnInfoCenter: receive broadcast Intent { act=android.net.conn.CONNECTIVITY_CHANGE flg=0x4000010 cmp=com.tencent.mobileqq/.msf.core.NetConnInfoCenter (has extras) }
04-09 10:02:55.531  2709  2709 D MSF.D.NetworkProvider: currentAPN:. ActiveNetInfo: null. ExtraNetInfo: [type: WIFI[], state: DISCONNECTED/DISCONNECTED, reason: (unspecified), extra: <unknown ssid>, failover: false, available: true, roaming: false]
04-09 10:02:55.531  2709  2709 D MSF.D.NetworkProvider: netchange WiFi to NONE
04-09 10:02:55.533  2141  2159 E BatteryExternalStatsWorker: no controller energy info supplied for wifi
04-09 10:02:55.533  2961  2961 I chatty  : uid=10013(com.google.android.gms) expire 2 lines
04-09 10:02:55.534  2012  2073 D CommandListener: Clearing all IP addresses on wlan0
04-09 10:02:55.539  2141  5804 I chatty  : uid=1000 system_server expire 1 line
04-09 10:02:55.541  2141  2290 I UsbAlsaManager: USB Audio Device Removed: null
04-09 10:02:55.543  2824  5796 I chatty  : uid=10013 com.google.android.gms.persistent expire 1 line
04-09 10:02:55.544  2824  5865 I chatty  : uid=10013 com.google.android.gms.persistent expire 1 line
04-09 10:02:55.544  2824  5866 I chatty  : uid=10013 com.google.android.gms.persistent expire 1 line
04-09 10:02:55.545  2961  5869 I chatty  : uid=10013(com.google.android.gms) expire 1 line
04-09 10:02:55.546  2824  5867 I chatty  : uid=10013 com.google.android.gms.persistent expire 11 lines
04-09 10:02:55.695  2141  2290 D UsbHostManager: Added device UsbDevice[mName=/dev/bus/usb/002/018,mVendorId=6000,mProductId=65280,mClass=0,mSubclass=0,mProtocol=0,mManufacturerName=MSI EPF USB,mProductName=MSI EPF USB,mVersion=1.16,mSerialNumber=MSI EPF USB,mConfigurations=[
04-09 10:02:55.695  2141  2290 D UsbHostManager: UsbConfiguration[mId=1,mName=null,mAttributes=160,mMaxPower=1,mInterfaces=[
04-09 10:02:55.695  2141  2290 D UsbHostManager: UsbInterface[mId=0,mAlternateSetting=0,mName=null,mClass=3,mSubclass=0,mProtocol=0,mEndpoints=[
04-09 10:02:55.695  2141  2290 D UsbHostManager: UsbEndpoint[mAddress=129,mAttributes=3,mMaxPacketSize=8,mInterval=10]]]]
04-09 10:02:55.695  2141  2290 I chatty  : uid=1000(system) UsbService host expire 4 lines
04-09 10:02:55.696  2141  2290 I UsbHostManager: ---- isHeadset[in: false , out: false]
04-09 10:02:58.562  2050  2050 W wificond: Scan is not started. Ignore abort request
04-09 10:02:58.562  2468  2468 I wpa_supplicant: wlan0: SME: Trying to authenticate with a0:63:91:d4:f9:89 (SSID='oslab' freq=2437 MHz)
04-09 10:02:58.618  2468  2468 I wpa_supplicant: wlan0: Trying to associate with a0:63:91:d4:f9:89 (SSID='oslab' freq=2437 MHz)
04-09 10:02:58.640  2468  2468 I wpa_supplicant: wlan0: Associated with a0:63:91:d4:f9:89
04-09 10:02:58.640  2468  2468 I wpa_supplicant: wlan0: CTRL-EVENT-SUBNET-STATUS-UPDATE status=0
04-09 10:02:58.869  2468  2468 I wpa_supplicant: wlan0: WPA: Key negotiation completed with a0:63:91:d4:f9:89 [PTK=CCMP GTK=CCMP]
04-09 10:02:58.869  2468  2468 I wpa_supplicant: wlan0: CTRL-EVENT-CONNECTED - Connection to a0:63:91:d4:f9:89 completed [id=0 id_str=%7B%22configKey%22%3A%22%5C%22oslab%5C%22WPA_PSK%22%2C%22creatorUid%22%3A%221000%22%7D]
04-09 10:02:58.874  2141  2216 D ConnectivityService: registerNetworkAgent NetworkAgentInfo{ ni{[type: WIFI[], state: CONNECTING/CONNECTING, reason: (unspecified), extra: "oslab", failover: false, available: true, roaming: false]}  network{112}  nethandle{481052773086}  lp{{LinkAddresses: []  Routes: [] DnsAddresses: [] Domains: null MTU: 0}}  nc{[ Transports: WIFI Capabilities: NOT_METERED&INTERNET&NOT_RESTRICTED&TRUSTED&NOT_VPN LinkUpBandwidth>=1048576Kbps LinkDnBandwidth>=1048576Kbps]}  Score{20}  everValidated{false}  lastValidated{false}  created{false} lingering{false} explicitlySelected{false} acceptUnvalidated{false} everCaptivePortalDetected{false} lastCaptivePortalDetected{false} clat{null} }
04-09 10:02:58.874  2141  2220 D ConnectivityService: NetworkAgentInfo [WIFI () - 112] EVENT_NETWORK_INFO_CHANGED, going from null to CONNECTING
04-09 10:02:58.887  2141  2216 I chatty  : uid=1000(system) WifiStateMachin expire 11 lines
04-09 10:02:58.896  2141  5875 I chatty  : uid=1000 system_server expire 4 lines
04-09 10:02:58.902  2141  5873 I chatty  : uid=1000 system_server expire 9 lines
04-09 10:03:04.060  2012  2073 D CommandListener: Setting iface cfg
04-09 10:03:04.070  2141  2220 D ConnectivityService: NetworkAgentInfo [WIFI () - 112] EVENT_NETWORK_INFO_CHANGED, going from CONNECTING to CONNECTED
04-09 10:03:04.071  2141  2220 D ConnectivityService: Adding iface wlan0 to network 112
04-09 10:03:04.072  2141  5252 I chatty  : uid=1000(system) Binder:2141_15 expire 4 lines
04-09 10:03:04.073  2824  2824 I chatty  : uid=10013 com.google.android.gms.persistent expire 1 line
04-09 10:03:04.080  2141  2220 D ConnectivityService: Setting DNS servers for network 112 to [/192.168.0.1]
04-09 10:03:04.081  2141  2220 D ConnectivityService: Switching to new default network: NetworkAgentInfo{ ni{[type: WIFI[], state: CONNECTED/CONNECTED, reason: (unspecified), extra: "oslab", failover: false, available: true, roaming: false]}  network{112}  nethandle{481052773086}  lp{{InterfaceName: wlan0 LinkAddresses: [fe80::756f:6c1b:1beb:8611/64,192.168.0.123/24,]  Routes: [fe80::/64 -> :: wlan0,192.168.0.0/24 -> 0.0.0.0 wlan0,0.0.0.0/0 -> 192.168.0.1 wlan0,] DnsAddresses: [192.168.0.1,] Domains: null MTU: 0 TcpBufferSizes: 524288,1048576,2097152,262144,524288,1048576}}  nc{[ Transports: WIFI Capabilities: NOT_METERED&INTERNET&NOT_RESTRICTED&TRUSTED&NOT_VPN&FOREGROUND LinkUpBandwidth>=1048576Kbps LinkDnBandwidth>=1048576Kbps]}  Score{20}  everValidated{false}  lastValidated{false}  created{true} lingering{false} explicitlySelected{false} acceptUnvalidated{false} everCaptivePortalDetected{false} lastCaptivePortalDetected{false} clat{null} }
04-09 10:03:04.083  2141  2220 E ConnectivityService: Can't set TCP buffer sizes:java.io.FileNotFoundException: /sys/kernel/ipv4/tcp_rmem_min (No such file or directory)
04-09 10:03:04.084  2141  2220 D ConnectivityService: Sending CONNECTED broadcast for type 1 NetworkAgentInfo [WIFI () - 112] isDefaultNetwork=true
04-09 10:03:04.084  2141  2538 I chatty  : uid=1000(system) NetworkTimeUpda expire 3 lines
04-09 10:03:04.086  2961  2961 I chatty  : uid=10013(com.google.android.gms) expire 2 lines
04-09 10:03:04.087  2709  2709 D NetConnInfoCenter: receive broadcast Intent { act=android.net.conn.CONNECTIVITY_CHANGE flg=0x4000010 cmp=com.tencent.mobileqq/.msf.core.NetConnInfoCenter (has extras) }
04-09 10:03:04.087  2709  2709 I MSF.D.NetworkProvider: refresh currentAPN:. received networkInfo: CONNECTED :NetworkInfo: type: WIFI[], state: CONNECTED/CONNECTED, reason: (unspecified), extra: "os, roaming: false, failover: false, isAvailable: true, isConnectedToProvisioningNetwork: true. ExtraNetInfo: NetworkInfo: type: WIFI[], state: CONNECTED/CONNECTED, reason: (unspecified), extra: "os, roaming: false, failover: false, isAvailable: true, isConnectedToProvisioningNetwork: true
04-09 10:03:04.088  2709  2709 D MSF.D.NetworkProvider: netchange NONE to WiFi
04-09 10:03:04.089  2141  3037 I chatty  : uid=1000(system) Binder:2141_B expire 9 lines
04-09 10:03:04.089  2709  3076 D WifiDetector: WIFI detect onWifiConnected!
04-09 10:03:04.089  2709  3076 D WifiDetector: WIFI detect started!
04-09 10:03:04.090  2709  3076 D StandbyModeManager: onWifiOn
04-09 10:03:04.094  2141  2159 E BatteryExternalStatsWorker: no controller energy info supplied for wifi
04-09 10:03:04.100  5891  5891 I cat     : type=1400 audit(0.0:756): avc: denied { write } for path="pipe:[71683]" dev="pipefs" ino=71683 scontext=u:r:toolbox:s0 tcontext=u:r:init:s0 tclass=fifo_file permissive=1
04-09 10:03:04.312  2141  5879 I chatty  : uid=1000 system_server expire 2 lines
04-09 10:03:04.313  2141  5878 I chatty  : uid=1000 system_server expire 2 lines
04-09 10:03:04.582  2709  5883 D WifiDetector: WIFI detect result, WIFI_OK
04-09 10:03:17.094  2141  5871 I chatty  : uid=1000 system_server expire 8 lines
04-09 10:03:17.103  2141  2220 D ConnectivityService: NetworkAgentInfo [WIFI () - 112] validation failed
04-09 10:03:17.114  2141  3038 I chatty  : uid=1000(system) Binder:2141_C expire 5 lines
04-09 10:03:17.115  2824  5876 I chatty  : uid=10013(com.google.android.gms) Binder:2824_D expire 1 line
04-09 10:03:17.121  2961  5901 I chatty  : uid=10013(com.google.android.gms) expire 1 line
04-09 10:03:17.126  2824  5766 I chatty  : uid=10013 com.google.android.gms.persistent expire 2 lines
04-09 10:03:17.132  2824  2836 I chatty  : uid=10013(com.google.android.gms) FinalizerDaemon expire 1 line
04-09 10:03:18.106  2141  5907 I chatty  : uid=1000 system_server expire 2 lines
04-09 10:03:18.162  2141  5908 I chatty  : uid=1000 system_server expire 2 lines
04-09 10:03:24.332  2824  5884 I chatty  : uid=10013 com.google.android.gms.persistent expire 1 line
04-09 10:03:31.217  2141  2155 I chatty  : uid=1000(system) android.bg expire 2 lines
04-09 10:03:31.218  2141  2216 I chatty  : uid=1000(system) WifiStateMachin expire 13 lines
04-09 10:03:33.222  2141  5917 I chatty  : uid=1000 system_server expire 2 lines
04-09 10:03:33.224  2141  5916 I chatty  : uid=1000 system_server expire 2 lines
04-09 10:03:44.989  2824  5912 I chatty  : uid=10013 com.google.android.gms.persistent expire 1 line
04-09 10:03:50.239  2141  5926 I chatty  : uid=1000 system_server expire 2 lines
04-09 10:03:50.240  2141  5925 I chatty  : uid=1000 system_server expire 2 lines
04-09 10:03:53.882  2709  3162 D WorkerThreadMonitor: Kill MSF check result[ senderSize:0,sendInterval:3844321,receiveInterval=3844321,addCmdCount=0
04-09 10:03:57.136  2468  2468 I wpa_supplicant: wlan0: CTRL-EVENT-DISCONNECTED bssid=a0:63:91:d4:f9:89 reason=3 locally_generated=1
04-09 10:03:31.218  2141  2220 I chatty  : uid=1000(system) ConnectivitySer identical 1 line
04-09 10:03:46.233  2141  2220 D ConnectivityService: NetworkAgentInfo [WIFI () - 112] validation failed
04-09 10:03:57.138  2141  2220 D ConnectivityService: NetworkAgentInfo [WIFI () - 112] EVENT_NETWORK_INFO_CHANGED, going from CONNECTED to DISCONNECTED
04-09 10:03:57.138  2141  2220 D ConnectivityService: NetworkAgentInfo [WIFI () - 112] got DISCONNECTED, was satisfying 4
04-09 10:03:57.139  2012  2073 D CommandListener: Setting iface cfg
04-09 10:03:57.141  2012  2064 I Netd    : Destroyed 8 sockets on 192.168.0.123 in 0.7 ms
04-09 10:03:57.141  2824  5923 I chatty  : uid=10013 com.google.android.gms.persistent expire 1 line
04-09 10:03:57.143  2824  2824 I chatty  : uid=10013 com.google.android.gms.persistent expire 1 line
04-09 10:03:57.147  2141  2220 D ConnectivityService: Sending DISCONNECTED broadcast for type 1 NetworkAgentInfo [WIFI () - 112] isDefaultNetwork=true
04-09 10:03:57.150  2141  2488 I chatty  : uid=1000(system) Binder:2141_6 expire 13 lines
04-09 10:03:57.151  2961  2961 I chatty  : uid=10013(com.google.android.gms) expire 2 lines
04-09 10:03:57.152  2709  2709 D NetConnInfoCenter: receive broadcast Intent { act=android.net.conn.CONNECTIVITY_CHANGE flg=0x4000010 cmp=com.tencent.mobileqq/.msf.core.NetConnInfoCenter (has extras) }
04-09 10:03:57.152  2709  2709 D MSF.D.NetworkProvider: currentAPN:. ActiveNetInfo: null. ExtraNetInfo: [type: WIFI[], state: DISCONNECTED/DISCONNECTED, reason: (unspecified), extra: <unknown ssid>, failover: false, available: true, roaming: false]
04-09 10:03:57.152  2709  2709 D MSF.D.NetworkProvider: netchange WiFi to NONE
04-09 10:03:57.157  2141  2159 E BatteryExternalStatsWorker: no controller energy info supplied for wifi
04-09 10:03:57.158  2012  2073 D CommandListener: Clearing all IP addresses on wlan0
04-09 10:03:57.164  2141  2290 I UsbAlsaManager: USB Audio Device Removed: null
04-09 10:03:57.167  2824  5867 I chatty  : uid=10013 com.google.android.gms.persistent expire 1 line
04-09 10:03:57.168  2824  5935 I chatty  : uid=10013 com.google.android.gms.persistent expire 1 line
04-09 10:03:57.168  2824  5936 I chatty  : uid=10013 com.google.android.gms.persistent expire 1 line
04-09 10:03:57.169  2824  5937 I chatty  : uid=10013 com.google.android.gms.persistent expire 1 line
04-09 10:03:57.170  2961  5939 I chatty  : uid=10013(com.google.android.gms) expire 1 line
04-09 10:03:57.314  2141  2290 D UsbHostManager: Added device UsbDevice[mName=/dev/bus/usb/002/019,mVendorId=6000,mProductId=65280,mClass=0,mSubclass=0,mProtocol=0,mManufacturerName=MSI EPF USB,mProductName=MSI EPF USB,mVersion=1.16,mSerialNumber=MSI EPF USB,mConfigurations=[
04-09 10:03:57.314  2141  2290 D UsbHostManager: UsbConfiguration[mId=1,mName=null,mAttributes=160,mMaxPower=1,mInterfaces=[
04-09 10:03:57.314  2141  2290 D UsbHostManager: UsbInterface[mId=0,mAlternateSetting=0,mName=null,mClass=3,mSubclass=0,mProtocol=0,mEndpoints=[
04-09 10:03:57.314  2141  2290 D UsbHostManager: UsbEndpoint[mAddress=129,mAttributes=3,mMaxPacketSize=8,mInterval=10]]]]
04-09 10:03:57.316  2141  2290 I UsbHostManager: ---- isHeadset[in: false , out: false]
04-09 10:03:58.105  2824  5937 I chatty  : uid=10013 com.google.android.gms.persistent expire 11 lines
04-09 10:04:00.309  2050  2050 W wificond: Scan is not started. Ignore abort request
04-09 10:04:00.309  2468  2468 I wpa_supplicant: wlan0: SME: Trying to authenticate with a0:63:91:d4:f9:89 (SSID='oslab' freq=2437 MHz)
04-09 10:04:00.373  2468  2468 I wpa_supplicant: wlan0: Trying to associate with a0:63:91:d4:f9:89 (SSID='oslab' freq=2437 MHz)
04-09 10:04:00.390  2468  2468 I wpa_supplicant: wlan0: Associated with a0:63:91:d4:f9:89
04-09 10:04:00.390  2468  2468 I wpa_supplicant: wlan0: CTRL-EVENT-SUBNET-STATUS-UPDATE status=0
04-09 10:04:00.699  2468  2468 I wpa_supplicant: wlan0: WPA: Key negotiation completed with a0:63:91:d4:f9:89 [PTK=CCMP GTK=CCMP]
04-09 10:04:00.699  2468  2468 I wpa_supplicant: wlan0: CTRL-EVENT-CONNECTED - Connection to a0:63:91:d4:f9:89 completed [id=0 id_str=%7B%22configKey%22%3A%22%5C%22oslab%5C%22WPA_PSK%22%2C%22creatorUid%22%3A%221000%22%7D]
04-09 10:04:00.706  2141  2216 D ConnectivityService: registerNetworkAgent NetworkAgentInfo{ ni{[type: WIFI[], state: CONNECTING/CONNECTING, reason: (unspecified), extra: "oslab", failover: false, available: true, roaming: false]}  network{113}  nethandle{485347740382}  lp{{LinkAddresses: []  Routes: [] DnsAddresses: [] Domains: null MTU: 0}}  nc{[ Transports: WIFI Capabilities: NOT_METERED&INTERNET&NOT_RESTRICTED&TRUSTED&NOT_VPN LinkUpBandwidth>=1048576Kbps LinkDnBandwidth>=1048576Kbps]}  Score{20}  everValidated{false}  lastValidated{false}  created{false} lingering{false} explicitlySelected{false} acceptUnvalidated{false} everCaptivePortalDetected{false} lastCaptivePortalDetected{false} clat{null} }
04-09 10:04:00.706  2141  2220 D ConnectivityService: NetworkAgentInfo [WIFI () - 113] EVENT_NETWORK_INFO_CHANGED, going from null to CONNECTING
04-09 10:04:00.719  2141  2216 I chatty  : uid=1000(system) WifiStateMachin expire 24 lines
04-09 10:04:00.727  2141  5946 I chatty  : uid=1000 system_server expire 4 lines
04-09 10:04:00.730  2141  5944 I chatty  : uid=1000 system_server expire 9 lines
04-09 10:04:06.042  2012  2073 D CommandListener: Setting iface cfg
04-09 10:04:06.053  2141  2220 D ConnectivityService: NetworkAgentInfo [WIFI () - 113] EVENT_NETWORK_INFO_CHANGED, going from CONNECTING to CONNECTED
04-09 10:04:06.053  2141  2220 D ConnectivityService: Adding iface wlan0 to network 113
04-09 10:04:06.059  2141  4075 I chatty  : uid=1000(system) Binder:2141_11 expire 12 lines
04-09 10:04:06.059  2824  2824 I chatty  : uid=10013 com.google.android.gms.persistent expire 9 lines
04-09 10:04:06.060  2141  2220 D ConnectivityService: Setting DNS servers for network 113 to [/192.168.0.1]
04-09 10:04:06.061  2141  2220 D ConnectivityService: Switching to new default network: NetworkAgentInfo{ ni{[type: WIFI[], state: CONNECTED/CONNECTED, reason: (unspecified), extra: "oslab", failover: false, available: true, roaming: false]}  network{113}  nethandle{485347740382}  lp{{InterfaceName: wlan0 LinkAddresses: [fe80::756f:6c1b:1beb:8611/64,192.168.0.123/24,]  Routes: [fe80::/64 -> :: wlan0,192.168.0.0/24 -> 0.0.0.0 wlan0,0.0.0.0/0 -> 192.168.0.1 wlan0,] DnsAddresses: [192.168.0.1,] Domains: null MTU: 0 TcpBufferSizes: 524288,1048576,2097152,262144,524288,1048576}}  nc{[ Transports: WIFI Capabilities: NOT_METERED&INTERNET&NOT_RESTRICTED&TRUSTED&NOT_VPN&FOREGROUND LinkUpBandwidth>=1048576Kbps LinkDnBandwidth>=1048576Kbps]}  Score{20}  everValidated{false}  lastValidated{false}  created{true} lingering{false} explicitlySelected{false} acceptUnvalidated{false} everCaptivePortalDetected{false} lastCaptivePortalDetected{false} clat{null} }
04-09 10:04:06.062     1     1 I init    : type=1400 audit(0.0:757): avc: denied { dac_read_search } for capability=2 scontext=u:r:init:s0 tcontext=u:r:init:s0 tclass=capability permissive=1
04-09 10:04:06.062  2141  2220 E ConnectivityService: Can't set TCP buffer sizes:java.io.FileNotFoundException: /sys/kernel/ipv4/tcp_rmem_min (No such file or directory)
04-09 10:04:06.063  2141  2220 D ConnectivityService: Sending CONNECTED broadcast for type 1 NetworkAgentInfo [WIFI () - 113] isDefaultNetwork=true
04-09 10:04:06.065  2961  2961 I chatty  : uid=10013(com.google.android.gms) expire 10 lines
04-09 10:04:06.070  2709  2709 D NetConnInfoCenter: receive broadcast Intent { act=android.net.conn.CONNECTIVITY_CHANGE flg=0x4000010 cmp=com.tencent.mobileqq/.msf.core.NetConnInfoCenter (has extras) }
04-09 10:04:06.070  2709  2709 I MSF.D.NetworkProvider: refresh currentAPN:. received networkInfo: CONNECTED :NetworkInfo: type: WIFI[], state: CONNECTED/CONNECTED, reason: (unspecified), extra: "os, roaming: false, failover: false, isAvailable: true, isConnectedToProvisioningNetwork: true. ExtraNetInfo: NetworkInfo: type: WIFI[], state: CONNECTED/CONNECTED, reason: (unspecified), extra: "os, roaming: false, failover: false, isAvailable: true, isConnectedToProvisioningNetwork: true
04-09 10:04:06.070  2709  2709 D MSF.D.NetworkProvider: netchange NONE to WiFi
04-09 10:04:06.070  2709  3076 D WifiDetector: WIFI detect onWifiConnected!
04-09 10:04:06.070  2709  3076 D WifiDetector: WIFI detect started!
04-09 10:04:06.072  2709  3076 D StandbyModeManager: onWifiOn
04-09 10:04:06.077  2141  2159 E BatteryExternalStatsWorker: no controller energy info supplied for wifi
04-09 10:04:06.414  2141  5950 I chatty  : uid=1000 system_server expire 2 lines
04-09 10:04:06.466  2141  5949 I chatty  : uid=1000 system_server expire 2 lines
04-09 10:04:07.771  2709  5955 D WifiDetector: WIFI detect result, WIFI_OK
04-09 10:04:11.425  2141  2538 I chatty  : uid=1000(system) NetworkTimeUpda expire 11 lines
04-09 10:04:19.074  2141  5942 I chatty  : uid=1000 system_server expire 8 lines
04-09 10:04:19.082  2141  2220 D ConnectivityService: NetworkAgentInfo [WIFI () - 113] validation failed
04-09 10:04:19.094  2141  3038 I chatty  : uid=1000(system) Binder:2141_C expire 10 lines
04-09 10:04:19.094  2824  5602 I chatty  : uid=10013(com.google.android.gms) Binder:2824_C expire 2 lines
04-09 10:04:19.097  2961  5974 I chatty  : uid=10013(com.google.android.gms) expire 1 line
04-09 10:04:19.098  2824  5717 I chatty  : uid=10013 com.google.android.gms.persistent expire 9 lines
04-09 10:04:20.086  2141  5980 I chatty  : uid=1000 system_server expire 2 lines
04-09 10:04:20.088  2141  5979 I chatty  : uid=1000 system_server expire 2 lines
04-09 10:04:26.486  2824  5953 I chatty  : uid=10013 com.google.android.gms.persistent expire 1 line
04-09 10:04:33.105  2141  2155 I chatty  : uid=1000(system) android.bg expire 18 lines
04-09 10:04:35.109  2141  5990 I chatty  : uid=1000 system_server expire 2 lines
04-09 10:04:35.111  2141  5989 I chatty  : uid=1000 system_server expire 2 lines
04-09 10:04:46.581  2824  5984 I chatty  : uid=10013 com.google.android.gms.persistent expire 1 line
04-09 10:04:52.191  2141  5999 I chatty  : uid=1000 system_server expire 2 lines
04-09 10:04:52.193  2141  5998 I chatty  : uid=1000 system_server expire 2 lines
04-09 10:04:53.942  2709  3162 D WorkerThreadMonitor: Kill MSF check result[ senderSize:0,sendInterval:3904381,receiveInterval=3904381,addCmdCount=0
04-09 10:04:58.761  2468  2468 I wpa_supplicant: wlan0: CTRL-EVENT-DISCONNECTED bssid=a0:63:91:d4:f9:89 reason=3 locally_generated=1
04-09 10:04:58.763  2141  2217 I chatty  : uid=1000(system) IpManager.wlan0 expire 5 lines
04-09 10:04:33.105  2141  2220 I chatty  : uid=1000(system) ConnectivitySer identical 1 line
04-09 10:04:48.185  2141  2220 D ConnectivityService: NetworkAgentInfo [WIFI () - 113] validation failed
04-09 10:04:58.763  2141  2220 D ConnectivityService: NetworkAgentInfo [WIFI () - 113] EVENT_NETWORK_INFO_CHANGED, going from CONNECTED to DISCONNECTED
04-09 10:04:58.763  2141  2220 D ConnectivityService: NetworkAgentInfo [WIFI () - 113] got DISCONNECTED, was satisfying 4
04-09 10:04:58.765  2012  2073 D CommandListener: Setting iface cfg
04-09 10:04:58.766  2012  2064 I Netd    : Destroyed 8 sockets on 192.168.0.123 in 0.7 ms
04-09 10:04:58.767  2824  5996 I chatty  : uid=10013 com.google.android.gms.persistent expire 1 line
04-09 10:04:58.773  2141  2220 D ConnectivityService: Sending DISCONNECTED broadcast for type 1 NetworkAgentInfo [WIFI () - 113] isDefaultNetwork=true
04-09 10:04:58.778  2709  2709 D NetConnInfoCenter: receive broadcast Intent { act=android.net.conn.CONNECTIVITY_CHANGE flg=0x4000010 cmp=com.tencent.mobileqq/.msf.core.NetConnInfoCenter (has extras) }
04-09 10:04:58.778  2709  2709 D MSF.D.NetworkProvider: currentAPN:. ActiveNetInfo: null. ExtraNetInfo: [type: WIFI[], state: DISCONNECTED/DISCONNECTED, reason: (unspecified), extra: <unknown ssid>, failover: false, available: true, roaming: false]
04-09 10:04:58.778  2709  2709 D MSF.D.NetworkProvider: netchange WiFi to NONE
04-09 10:04:58.779  2141  2218 I chatty  : uid=1000(system) WifiScanningSer expire 5 lines
04-09 10:04:58.779  2141  2159 I chatty  : uid=1000(system) batterystats-wo expire 12 lines
04-09 10:04:58.779  2141  4075 I chatty  : uid=1000(system) Binder:2141_11 expire 10 lines
04-09 10:04:58.782  2141  2159 E BatteryExternalStatsWorker: no controller energy info supplied for wifi
04-09 10:04:58.783  2012  2073 D CommandListener: Clearing all IP addresses on wlan0
04-09 10:04:58.790  2141  2290 I UsbAlsaManager: USB Audio Device Removed: null
04-09 10:04:58.795  2824  5937 I chatty  : uid=10013 com.google.android.gms.persistent expire 1 line
04-09 10:04:58.796  2824  6008 I chatty  : uid=10013 com.google.android.gms.persistent expire 1 line
04-09 10:04:58.796  2824  6009 I chatty  : uid=10013 com.google.android.gms.persistent expire 1 line
04-09 10:04:58.797  2961  6012 I chatty  : uid=10013(com.google.android.gms) expire 1 line
04-09 10:04:58.797  2824  6010 I chatty  : uid=10013 com.google.android.gms.persistent expire 11 lines
04-09 10:04:58.944  2141  2290 D UsbHostManager: Added device UsbDevice[mName=/dev/bus/usb/002/020,mVendorId=6000,mProductId=65280,mClass=0,mSubclass=0,mProtocol=0,mManufacturerName=MSI EPF USB,mProductName=MSI EPF USB,mVersion=1.16,mSerialNumber=MSI EPF USB,mConfigurations=[
04-09 10:04:58.944  2141  2290 D UsbHostManager: UsbConfiguration[mId=1,mName=null,mAttributes=160,mMaxPower=1,mInterfaces=[
04-09 10:04:58.944  2141  2290 D UsbHostManager: UsbInterface[mId=0,mAlternateSetting=0,mName=null,mClass=3,mSubclass=0,mProtocol=0,mEndpoints=[
04-09 10:04:58.944  2141  2290 D UsbHostManager: UsbEndpoint[mAddress=129,mAttributes=3,mMaxPacketSize=8,mInterval=10]]]]
04-09 10:04:58.944  2141  2290 I chatty  : uid=1000(system) UsbService host expire 8 lines
04-09 10:04:58.944  2141  2290 I UsbHostManager: ---- isHeadset[in: false , out: false]
04-09 10:05:01.851  2050  2050 W wificond: Scan is not started. Ignore abort request
04-09 10:05:01.851  2468  2468 I wpa_supplicant: wlan0: SME: Trying to authenticate with a0:63:91:d4:f9:89 (SSID='oslab' freq=2437 MHz)
04-09 10:05:01.857  2468  2468 I wpa_supplicant: wlan0: Trying to associate with a0:63:91:d4:f9:89 (SSID='oslab' freq=2437 MHz)
04-09 10:05:01.865  2468  2468 I wpa_supplicant: wlan0: Associated with a0:63:91:d4:f9:89
04-09 10:05:01.866  2468  2468 I wpa_supplicant: wlan0: CTRL-EVENT-SUBNET-STATUS-UPDATE status=0
04-09 10:05:01.888  2468  2468 I wpa_supplicant: wlan0: WPA: Key negotiation completed with a0:63:91:d4:f9:89 [PTK=CCMP GTK=CCMP]
04-09 10:05:01.888  2468  2468 I wpa_supplicant: wlan0: CTRL-EVENT-CONNECTED - Connection to a0:63:91:d4:f9:89 completed [id=0 id_str=%7B%22configKey%22%3A%22%5C%22oslab%5C%22WPA_PSK%22%2C%22creatorUid%22%3A%221000%22%7D]
04-09 10:05:01.892  2141  2216 D ConnectivityService: registerNetworkAgent NetworkAgentInfo{ ni{[type: WIFI[], state: CONNECTING/CONNECTING, reason: (unspecified), extra: "oslab", failover: false, available: true, roaming: false]}  network{114}  nethandle{489642707678}  lp{{LinkAddresses: []  Routes: [] DnsAddresses: [] Domains: null MTU: 0}}  nc{[ Transports: WIFI Capabilities: NOT_METERED&INTERNET&NOT_RESTRICTED&TRUSTED&NOT_VPN LinkUpBandwidth>=1048576Kbps LinkDnBandwidth>=1048576Kbps]}  Score{20}  everValidated{false}  lastValidated{false}  created{false} lingering{false} explicitlySelected{false} acceptUnvalidated{false} everCaptivePortalDetected{false} lastCaptivePortalDetected{false} clat{null} }
04-09 10:05:01.892  2141  2220 D ConnectivityService: NetworkAgentInfo [WIFI () - 114] EVENT_NETWORK_INFO_CHANGED, going from null to CONNECTING
04-09 10:05:01.894  2141  2216 I chatty  : uid=1000(system) WifiStateMachin expire 24 lines
04-09 10:05:01.900  2141  6018 I chatty  : uid=1000 system_server expire 4 lines
04-09 10:05:01.902  2141  6016 I chatty  : uid=1000 system_server expire 9 lines
04-09 10:05:06.919  2012  2073 D CommandListener: Setting iface cfg
04-09 10:05:06.920  2272  2272 I RenderThread: type=1400 audit(0.0:758): avc: denied { ioctl } for path="/dev/dri/card0" dev="tmpfs" ino=1087 ioctlcmd=0x640b scontext=u:r:platform_app:s0:c512,c768 tcontext=u:object_r:device:s0 tclass=chr_file permissive=1
04-09 10:05:06.922  2141  2220 D ConnectivityService: NetworkAgentInfo [WIFI () - 114] EVENT_NETWORK_INFO_CHANGED, going from CONNECTING to CONNECTED
04-09 10:05:06.922  2141  2220 D ConnectivityService: Adding iface wlan0 to network 114
04-09 10:05:06.926  2141  3038 I chatty  : uid=1000(system) Binder:2141_C expire 8 lines
04-09 10:05:06.926  2141  2220 D ConnectivityService: Setting DNS servers for network 114 to [/192.168.0.1]
04-09 10:05:06.927  2141  2220 D ConnectivityService: Switching to new default network: NetworkAgentInfo{ ni{[type: WIFI[], state: CONNECTED/CONNECTED, reason: (unspecified), extra: "oslab", failover: false, available: true, roaming: false]}  network{114}  nethandle{489642707678}  lp{{InterfaceName: wlan0 LinkAddresses: [fe80::756f:6c1b:1beb:8611/64,192.168.0.123/24,]  Routes: [fe80::/64 -> :: wlan0,192.168.0.0/24 -> 0.0.0.0 wlan0,0.0.0.0/0 -> 192.168.0.1 wlan0,] DnsAddresses: [192.168.0.1,] Domains: null MTU: 0 TcpBufferSizes: 524288,1048576,2097152,262144,524288,1048576}}  nc{[ Transports: WIFI Capabilities: NOT_METERED&INTERNET&NOT_RESTRICTED&TRUSTED&NOT_VPN&FOREGROUND LinkUpBandwidth>=1048576Kbps LinkDnBandwidth>=1048576Kbps]}  Score{20}  everValidated{false}  lastValidated{false}  created{true} lingering{false} explicitlySelected{false} acceptUnvalidated{false} everCaptivePortalDetected{false} lastCaptivePortalDetected{false} clat{null} }
04-09 10:05:06.930  2141  2220 E ConnectivityService: Can't set TCP buffer sizes:java.io.FileNotFoundException: /sys/kernel/ipv4/tcp_rmem_min (No such file or directory)
04-09 10:05:06.931  2141  2220 D ConnectivityService: Sending CONNECTED broadcast for type 1 NetworkAgentInfo [WIFI () - 114] isDefaultNetwork=true
04-09 10:05:06.932  2141  2159 E BatteryExternalStatsWorker: no controller energy info supplied for wifi
04-09 10:05:06.933  2141  2477 I chatty  : uid=1000(system) Binder:2141_5 expire 18 lines
04-09 10:05:06.934  2709  2709 D NetConnInfoCenter: receive broadcast Intent { act=android.net.conn.CONNECTIVITY_CHANGE flg=0x4000010 cmp=com.tencent.mobileqq/.msf.core.NetConnInfoCenter (has extras) }
04-09 10:05:06.934  2709  2709 I MSF.D.NetworkProvider: refresh currentAPN:. received networkInfo: CONNECTED :NetworkInfo: type: WIFI[], state: CONNECTED/CONNECTED, reason: (unspecified), extra: "os, roaming: false, failover: false, isAvailable: true, isConnectedToProvisioningNetwork: true. ExtraNetInfo: NetworkInfo: type: WIFI[], state: CONNECTED/CONNECTED, reason: (unspecified), extra: "os, roaming: false, failover: false, isAvailable: true, isConnectedToProvisioningNetwork: true
04-09 10:05:06.934  2709  2709 D MSF.D.NetworkProvider: netchange NONE to WiFi
04-09 10:05:06.934  2141  2488 I chatty  : uid=1000(system) Binder:2141_6 expire 14 lines
04-09 10:05:06.935  2709  3076 D WifiDetector: WIFI detect onWifiConnected!
04-09 10:05:06.935  2709  3076 D WifiDetector: WIFI detect started!
04-09 10:05:06.936  2709  3076 D StandbyModeManager: onWifiOn
04-09 10:05:06.947  6032  6032 I logwrapper: type=1400 audit(0.0:759): avc: denied { execute_no_trans } for path="/system/bin/sh" dev="sdb2" ino=529 scontext=u:r:init:s0 tcontext=u:object_r:shell_exec:s0 tclass=file permissive=1
04-09 10:05:06.972  2141  6021 I chatty  : uid=1000 system_server expire 2 lines
04-09 10:05:06.972  2141  6020 I chatty  : uid=1000 system_server expire 2 lines
04-09 10:05:07.004  2709  6025 D WifiDetector: WIFI detect result, WIFI_OK
04-09 10:05:19.939  2141  6014 I chatty  : uid=1000 system_server expire 8 lines
04-09 10:05:19.942  2141  2141 I chatty  : uid=1000 system_server expire 1 line
04-09 10:05:19.949  2141  2220 D ConnectivityService: NetworkAgentInfo [WIFI () - 114] validation failed
04-09 10:05:19.961  2824  2840 I chatty  : uid=10013(com.google.android.gms) Binder:2824_2 expire 1 line
04-09 10:05:19.966  2961  6043 I chatty  : uid=10013(com.google.android.gms) expire 1 line
04-09 10:05:20.952  2141  6049 I chatty  : uid=1000 system_server expire 2 lines
04-09 10:05:20.954  2141  6048 I chatty  : uid=1000 system_server expire 2 lines
04-09 10:05:26.990  2824  6026 I chatty  : uid=10013 com.google.android.gms.persistent expire 1 line
04-09 10:05:35.976  2141  6058 I chatty  : uid=1000 system_server expire 2 lines
04-09 10:05:35.978  2141  6057 I chatty  : uid=1000 system_server expire 2 lines
04-09 10:05:47.026  2824  6053 I chatty  : uid=10013 com.google.android.gms.persistent expire 1 line
04-09 10:05:52.292  3444  3466 I PlayCommon: [145] com.google.android.play.b.g.f(543): Preparing logs for uploading
04-09 10:05:52.293  3444  3466 I PlayCommon: [145] com.google.android.play.b.x.a(45): Connecting to server for timestamp: https://play.googleapis.com/play/log/timestamp
04-09 10:05:53.005  2141  6069 I chatty  : uid=1000 system_server expire 2 lines
04-09 10:05:53.007  2141  6068 I chatty  : uid=1000 system_server expire 2 lines
04-09 10:05:53.992  2709  3162 D WorkerThreadMonitor: Kill MSF check result[ senderSize:0,sendInterval:3964431,receiveInterval=3964431,addCmdCount=0
04-09 10:06:00.291  2468  2468 I wpa_supplicant: wlan0: CTRL-EVENT-DISCONNECTED bssid=a0:63:91:d4:f9:89 reason=3 locally_generated=1
04-09 10:05:33.972  2141  2220 I chatty  : uid=1000(system) ConnectivitySer identical 1 line
04-09 10:05:49.000  2141  2220 D ConnectivityService: NetworkAgentInfo [WIFI () - 114] validation failed
04-09 10:06:00.293  2141  2220 D ConnectivityService: NetworkAgentInfo [WIFI () - 114] EVENT_NETWORK_INFO_CHANGED, going from CONNECTED to DISCONNECTED
04-09 10:06:00.293  2141  2220 D ConnectivityService: NetworkAgentInfo [WIFI () - 114] got DISCONNECTED, was satisfying 4
04-09 10:06:00.294  2012  2073 D CommandListener: Setting iface cfg
04-09 10:06:00.296  2012  2064 I Netd    : Destroyed 9 sockets on 192.168.0.123 in 0.7 ms
04-09 10:06:00.297  2824  6066 I chatty  : uid=10013 com.google.android.gms.persistent expire 1 line
04-09 10:06:00.297  3444  3466 E PlayCommon: [145] com.google.android.play.b.x.a(63): Failed to connect to server for server timestamp: java.net.ConnectException: Failed to connect to play.googleapis.com/6.6.6.6:443
04-09 10:06:00.297  3444  3466 W PlayCommon: [145] com.google.android.play.b.g.a(214): No account for auth token provided
04-09 10:06:00.297  3444  3466 I PlayCommon: [145] com.google.android.play.b.g.a(792): Connecting to server: https://play.googleapis.com/play/log?format=raw&proto_v2=true
04-09 10:06:00.302  2141  2220 D ConnectivityService: Sending DISCONNECTED broadcast for type 1 NetworkAgentInfo [WIFI () - 114] isDefaultNetwork=true
04-09 10:06:00.306  2141  2488 I chatty  : uid=1000(system) Binder:2141_6 expire 24 lines
04-09 10:06:00.307  2709  2709 D NetConnInfoCenter: receive broadcast Intent { act=android.net.conn.CONNECTIVITY_CHANGE flg=0x4000010 cmp=com.tencent.mobileqq/.msf.core.NetConnInfoCenter (has extras) }
04-09 10:06:00.307  2709  2709 D MSF.D.NetworkProvider: currentAPN:. ActiveNetInfo: null. ExtraNetInfo: [type: WIFI[], state: DISCONNECTED/DISCONNECTED, reason: (unspecified), extra: <unknown ssid>, failover: false, available: true, roaming: false]
04-09 10:06:00.307  2709  2709 D MSF.D.NetworkProvider: netchange WiFi to NONE
04-09 10:06:00.313  2141  2159 E BatteryExternalStatsWorker: no controller energy info supplied for wifi
04-09 10:06:00.313  2012  2073 D CommandListener: Clearing all IP addresses on wlan0
04-09 10:06:00.320  2141  2290 I UsbAlsaManager: USB Audio Device Removed: null
04-09 10:06:00.323  2824  6010 I chatty  : uid=10013 com.google.android.gms.persistent expire 1 line
04-09 10:06:00.324  3444  3466 E PlayCommon: [145] com.google.android.play.b.g.a(841): Failed to connect to server: java.net.UnknownHostException: Unable to resolve host "play.googleapis.com": No address associated with hostname
04-09 10:06:00.324  2824  6080 I chatty  : uid=10013 com.google.android.gms.persistent expire 1 line
04-09 10:06:00.324  2824  6081 I chatty  : uid=10013 com.google.android.gms.persistent expire 1 line
04-09 10:06:00.325  2824  6082 I chatty  : uid=10013 com.google.android.gms.persistent expire 11 lines
04-09 10:06:00.325  2961  6084 I chatty  : uid=10013(com.google.android.gms) expire 1 line
04-09 10:06:00.473  2141  2290 D UsbHostManager: Added device UsbDevice[mName=/dev/bus/usb/002/021,mVendorId=6000,mProductId=65280,mClass=0,mSubclass=0,mProtocol=0,mManufacturerName=MSI EPF USB,mProductName=MSI EPF USB,mVersion=1.16,mSerialNumber=MSI EPF USB,mConfigurations=[
04-09 10:06:00.473  2141  2290 D UsbHostManager: UsbConfiguration[mId=1,mName=null,mAttributes=160,mMaxPower=1,mInterfaces=[
04-09 10:06:00.473  2141  2290 D UsbHostManager: UsbInterface[mId=0,mAlternateSetting=0,mName=null,mClass=3,mSubclass=0,mProtocol=0,mEndpoints=[
04-09 10:06:00.473  2141  2290 D UsbHostManager: UsbEndpoint[mAddress=129,mAttributes=3,mMaxPacketSize=8,mInterval=10]]]]
04-09 10:06:00.474  2141  2290 I UsbHostManager: ---- isHeadset[in: false , out: false]
04-09 10:06:03.394  2050  2050 W wificond: Scan is not started. Ignore abort request
04-09 10:06:03.394  2468  2468 I wpa_supplicant: wlan0: SME: Trying to authenticate with a0:63:91:d4:f9:89 (SSID='oslab' freq=2437 MHz)
04-09 10:06:03.399  2468  2468 I wpa_supplicant: wlan0: Trying to associate with a0:63:91:d4:f9:89 (SSID='oslab' freq=2437 MHz)
04-09 10:06:03.407  2468  2468 I wpa_supplicant: wlan0: Associated with a0:63:91:d4:f9:89
04-09 10:06:03.407  2468  2468 I wpa_supplicant: wlan0: CTRL-EVENT-SUBNET-STATUS-UPDATE status=0
04-09 10:06:03.430  2468  2468 I wpa_supplicant: wlan0: WPA: Key negotiation completed with a0:63:91:d4:f9:89 [PTK=CCMP GTK=CCMP]
04-09 10:06:03.430  2468  2468 I wpa_supplicant: wlan0: CTRL-EVENT-CONNECTED - Connection to a0:63:91:d4:f9:89 completed [id=0 id_str=%7B%22configKey%22%3A%22%5C%22oslab%5C%22WPA_PSK%22%2C%22creatorUid%22%3A%221000%22%7D]
04-09 10:06:03.435  2141  2216 D ConnectivityService: registerNetworkAgent NetworkAgentInfo{ ni{[type: WIFI[], state: CONNECTING/CONNECTING, reason: (unspecified), extra: "oslab", failover: false, available: true, roaming: false]}  network{115}  nethandle{493937674974}  lp{{LinkAddresses: []  Routes: [] DnsAddresses: [] Domains: null MTU: 0}}  nc{[ Transports: WIFI Capabilities: NOT_METERED&INTERNET&NOT_RESTRICTED&TRUSTED&NOT_VPN LinkUpBandwidth>=1048576Kbps LinkDnBandwidth>=1048576Kbps]}  Score{20}  everValidated{false}  lastValidated{false}  created{false} lingering{false} explicitlySelected{false} acceptUnvalidated{false} everCaptivePortalDetected{false} lastCaptivePortalDetected{false} clat{null} }
04-09 10:06:03.435  2141  2220 D ConnectivityService: NetworkAgentInfo [WIFI () - 115] EVENT_NETWORK_INFO_CHANGED, going from null to CONNECTING
04-09 10:06:03.436  2141  2216 I chatty  : uid=1000(system) WifiStateMachin expire 24 lines
04-09 10:06:03.444  2141  6090 I chatty  : uid=1000 system_server expire 4 lines
04-09 10:06:03.446  2141  6088 I chatty  : uid=1000 system_server expire 9 lines
04-09 10:06:08.459  2012  2073 D CommandListener: Setting iface cfg
04-09 10:06:08.461  2141  2220 D ConnectivityService: NetworkAgentInfo [WIFI () - 115] EVENT_NETWORK_INFO_CHANGED, going from CONNECTING to CONNECTED
04-09 10:06:08.461  2141  2220 D ConnectivityService: Adding iface wlan0 to network 115
04-09 10:06:08.464  2141  2220 D ConnectivityService: Setting DNS servers for network 115 to [/192.168.0.1]
04-09 10:06:08.464  2141  2220 D ConnectivityService: Switching to new default network: NetworkAgentInfo{ ni{[type: WIFI[], state: CONNECTED/CONNECTED, reason: (unspecified), extra: "oslab", failover: false, available: true, roaming: false]}  network{115}  nethandle{493937674974}  lp{{InterfaceName: wlan0 LinkAddresses: [fe80::756f:6c1b:1beb:8611/64,192.168.0.123/24,]  Routes: [fe80::/64 -> :: wlan0,192.168.0.0/24 -> 0.0.0.0 wlan0,0.0.0.0/0 -> 192.168.0.1 wlan0,] DnsAddresses: [192.168.0.1,] Domains: null MTU: 0 TcpBufferSizes: 524288,1048576,2097152,262144,524288,1048576}}  nc{[ Transports: WIFI Capabilities: NOT_METERED&INTERNET&NOT_RESTRICTED&TRUSTED&NOT_VPN&FOREGROUND LinkUpBandwidth>=1048576Kbps LinkDnBandwidth>=1048576Kbps]}  Score{20}  everValidated{false}  lastValidated{false}  created{true} lingering{false} explicitlySelected{false} acceptUnvalidated{false} everCaptivePortalDetected{false} lastCaptivePortalDetected{false} clat{null} }
04-09 10:06:08.466  2141  2220 E ConnectivityService: Can't set TCP buffer sizes:java.io.FileNotFoundException: /sys/kernel/ipv4/tcp_rmem_min (No such file or directory)
04-09 10:06:08.468  2141  2220 D ConnectivityService: Sending CONNECTED broadcast for type 1 NetworkAgentInfo [WIFI () - 115] isDefaultNetwork=true
04-09 10:06:08.468  2141  2159 E BatteryExternalStatsWorker: no controller energy info supplied for wifi
04-09 10:06:08.474  2709  2709 D NetConnInfoCenter: receive broadcast Intent { act=android.net.conn.CONNECTIVITY_CHANGE flg=0x4000010 cmp=com.tencent.mobileqq/.msf.core.NetConnInfoCenter (has extras) }
04-09 10:06:08.475  2709  2709 I MSF.D.NetworkProvider: refresh currentAPN:. received networkInfo: CONNECTED :NetworkInfo: type: WIFI[], state: CONNECTED/CONNECTED, reason: (unspecified), extra: "os, roaming: false, failover: false, isAvailable: true, isConnectedToProvisioningNetwork: true. ExtraNetInfo: NetworkInfo: type: WIFI[], state: CONNECTED/CONNECTED, reason: (unspecified), extra: "os, roaming: false, failover: false, isAvailable: true, isConnectedToProvisioningNetwork: true
04-09 10:06:08.475  2709  2709 D MSF.D.NetworkProvider: netchange NONE to WiFi
04-09 10:06:08.475  2141  4075 I chatty  : uid=1000(system) Binder:2141_11 expire 13 lines
04-09 10:06:08.475  2709  3076 D WifiDetector: WIFI detect onWifiConnected!
04-09 10:06:08.475  2709  3076 D WifiDetector: WIFI detect started!
04-09 10:06:08.477  2709  3076 D StandbyModeManager: onWifiOn
04-09 10:06:08.493  2141  6093 I chatty  : uid=1000 system_server expire 2 lines
04-09 10:06:08.493  2141  6092 I chatty  : uid=1000 system_server expire 2 lines
04-09 10:06:08.613  2709  6097 D WifiDetector: WIFI detect result, WIFI_OK
04-09 10:06:21.477  2141  6086 I chatty  : uid=1000 system_server expire 8 lines
04-09 10:06:21.486  2141  2220 D ConnectivityService: NetworkAgentInfo [WIFI () - 115] validation failed
04-09 10:06:21.499  2824  5455 I chatty  : uid=10013(com.google.android.gms) Binder:2824_B expire 1 line
04-09 10:06:21.502  2961  6115 I chatty  : uid=10013(com.google.android.gms) expire 1 line
04-09 10:06:22.489  2141  6121 I chatty  : uid=1000 system_server expire 2 lines
04-09 10:06:22.491  2141  6120 I chatty  : uid=1000 system_server expire 2 lines
04-09 10:06:28.519  2824  6096 I chatty  : uid=10013 com.google.android.gms.persistent expire 1 line
04-09 10:06:37.521  2141  6130 I chatty  : uid=1000 system_server expire 2 lines
04-09 10:06:37.523  2141  6129 I chatty  : uid=1000 system_server expire 2 lines
04-09 10:06:48.547  2824  6125 I chatty  : uid=10013 com.google.android.gms.persistent expire 1 line
04-09 10:06:54.020  2709  3162 D WorkerThreadMonitor: Kill MSF check result[ senderSize:0,sendInterval:4024459,receiveInterval=4024459,addCmdCount=0
04-09 10:06:54.547  2141  6139 I chatty  : uid=1000 system_server expire 2 lines
04-09 10:06:54.549  2141  6138 I chatty  : uid=1000 system_server expire 2 lines
04-09 10:07:01.864  2468  2468 I wpa_supplicant: wlan0: CTRL-EVENT-DISCONNECTED bssid=a0:63:91:d4:f9:89 reason=3 locally_generated=1
04-09 10:06:35.516  2141  2220 I chatty  : uid=1000(system) ConnectivitySer identical 1 line
04-09 10:06:50.541  2141  2220 D ConnectivityService: NetworkAgentInfo [WIFI () - 115] validation failed
04-09 10:07:01.866  2141  2220 D ConnectivityService: NetworkAgentInfo [WIFI () - 115] EVENT_NETWORK_INFO_CHANGED, going from CONNECTED to DISCONNECTED
04-09 10:07:01.866  2141  2220 D ConnectivityService: NetworkAgentInfo [WIFI () - 115] got DISCONNECTED, was satisfying 4
04-09 10:07:01.867  2012  2073 D CommandListener: Setting iface cfg
04-09 10:07:01.869  2012  2064 I Netd    : Destroyed 8 sockets on 192.168.0.123 in 0.7 ms
04-09 10:07:01.869  2824  6136 I chatty  : uid=10013 com.google.android.gms.persistent expire 1 line
04-09 10:07:01.875  2141  2220 D ConnectivityService: Sending DISCONNECTED broadcast for type 1 NetworkAgentInfo [WIFI () - 115] isDefaultNetwork=true
04-09 10:07:01.880  2709  2709 D NetConnInfoCenter: receive broadcast Intent { act=android.net.conn.CONNECTIVITY_CHANGE flg=0x4000010 cmp=com.tencent.mobileqq/.msf.core.NetConnInfoCenter (has extras) }
04-09 10:07:01.880  2709  2709 D MSF.D.NetworkProvider: currentAPN:. ActiveNetInfo: null. ExtraNetInfo: [type: WIFI[], state: DISCONNECTED/DISCONNECTED, reason: (unspecified), extra: <unknown ssid>, failover: false, available: true, roaming: false]
04-09 10:07:01.880  2709  2709 D MSF.D.NetworkProvider: netchange WiFi to NONE
04-09 10:07:01.881  2141  2159 I chatty  : uid=1000(system) batterystats-wo expire 12 lines
04-09 10:07:01.883  2141  2159 E BatteryExternalStatsWorker: no controller energy info supplied for wifi
04-09 10:07:01.884  2961  2961 I chatty  : uid=10013(com.google.android.gms) expire 8 lines
04-09 10:07:01.885  2012  2073 D CommandListener: Clearing all IP addresses on wlan0
04-09 10:07:01.892  2141  2290 I UsbAlsaManager: USB Audio Device Removed: null
04-09 10:07:01.896  2824  6082 I chatty  : uid=10013 com.google.android.gms.persistent expire 1 line
04-09 10:07:01.896  2824  6148 I chatty  : uid=10013 com.google.android.gms.persistent expire 1 line
04-09 10:07:01.897  2824  6149 I chatty  : uid=10013 com.google.android.gms.persistent expire 1 line
04-09 10:07:01.897  2824  6150 I chatty  : uid=10013 com.google.android.gms.persistent expire 11 lines
04-09 10:07:01.898  2961  6152 I chatty  : uid=10013(com.google.android.gms) expire 1 line
04-09 10:07:02.045  2141  2290 D UsbHostManager: Added device UsbDevice[mName=/dev/bus/usb/002/022,mVendorId=6000,mProductId=65280,mClass=0,mSubclass=0,mProtocol=0,mManufacturerName=MSI EPF USB,mProductName=MSI EPF USB,mVersion=1.16,mSerialNumber=MSI EPF USB,mConfigurations=[
04-09 10:07:02.045  2141  2290 D UsbHostManager: UsbConfiguration[mId=1,mName=null,mAttributes=160,mMaxPower=1,mInterfaces=[
04-09 10:07:02.045  2141  2290 D UsbHostManager: UsbInterface[mId=0,mAlternateSetting=0,mName=null,mClass=3,mSubclass=0,mProtocol=0,mEndpoints=[
