--------- beginning of system
06-03 09:04:13.208  2106  2106 I vold    : Vold 3.0 (the awakening) firing up
06-03 09:04:13.208  2106  2106 V vold    : Detected support for: exfat ext4 f2fs iso9660 ntfs vfat
06-03 09:04:13.211  2106  2106 I vold    : [libfs_mgr]fs_mgr_read_fstab_dt(): failed to read fstab from dt
06-03 09:04:13.215  2106  2110 D vold    : e4crypt_init_user0
06-03 09:04:13.215  2106  2110 D vold    : e4crypt_prepare_user_storage for volume null, user 0, serial 0, flags 1
06-03 09:04:13.215  2106  2110 D vold    : Preparing: /data/system/users/0
06-03 09:04:13.215  2106  2110 D vold    : Preparing: /data/misc/profiles/cur/0
06-03 09:04:13.215  2106  2110 D vold    : Preparing: /data/system_de/0
06-03 09:04:13.215  2106  2110 D vold    : Preparing: /data/misc_de/0
06-03 09:04:13.216  2106  2110 D vold    : Preparing: /data/user_de/0
06-03 09:04:13.216  2106  2110 D vold    : e4crypt_unlock_user_key 0 serial=0 token_present=0
06-03 09:04:13.291  2141  2141 I installd: installd firing up
06-03 09:04:13.315  2148  2148 I wificond: wificond is starting up...
06-03 09:04:13.348  2128  2128 I android.hardware.wifi@1.0-service: Wifi Hal is booting up...
06-03 09:04:13.940  2114  2114 D Zygote32Timing: PostZygoteInitGC took to complete: 11ms
06-03 09:04:13.940  2114  2114 D Zygote32Timing: ZygoteInit took to complete: 12ms
06-03 09:04:13.968  2113  2113 D Zygote64Timing: BeginIcuCachePinning took to complete: 41ms
06-03 09:04:14.301  2113  2113 D Zygote64Timing: PreloadClasses took to complete: 333ms
06-03 09:04:14.418  2113  2113 D Zygote64Timing: PreloadResources took to complete: 117ms
06-03 09:04:14.462  2113  2113 D Zygote64Timing: ZygotePreload took to complete: 534ms
06-03 09:04:14.469  2113  2113 D Zygote64Timing: PostZygoteInitGC took to complete: 7ms
06-03 09:04:14.469  2113  2113 D Zygote64Timing: ZygoteInit took to complete: 542ms
06-03 09:04:14.541  2238  2238 I chatty  : uid=1000 system_server expire 208 lines
06-03 09:04:14.641  2238  2251 I chatty  : uid=1000 system_server expire 2 lines
06-03 09:04:14.674  2238  2256 I chatty  : uid=1000(system) batterystats-wo expire 4 lines
06-03 09:04:14.710  2238  2260 I chatty  : uid=1000(system) android.display expire 2 lines
06-03 09:04:14.825  2238  2275 I chatty  : uid=1000 system_server expire 2 lines
06-03 09:04:14.879  2238  2272 I chatty  : uid=1000 system_server expire 2 lines
06-03 09:04:14.887  2238  2273 I chatty  : uid=1000 system_server expire 2 lines
06-03 09:04:14.989  2238  2274 I chatty  : uid=1000 system_server expire 2 lines
06-03 09:04:15.027  2238  2278 I chatty  : uid=1000 system_server expire 3 lines
06-03 09:04:15.061  2238  2279 I chatty  : uid=1000 system_server expire 2 lines
06-03 09:04:15.104  2238  2276 I chatty  : uid=1000 system_server expire 1 line
06-03 09:04:15.215  2238  2281 I chatty  : uid=1000 system_server expire 9 lines
06-03 09:04:15.234  2238  2238 I chatty  : uid=1000 system_server expire 173 lines
06-03 09:04:15.320  2238  2286 I chatty  : uid=1000 system_server expire 5 lines
06-03 09:04:15.320  2238  2287 I chatty  : uid=1000 system_server expire 3 lines
06-03 09:04:15.335  2238  2251 I chatty  : uid=1000 system_server expire 4 lines
06-03 09:04:15.375  2114  2114 D ZygoteInitTiming_lazy: BeginIcuCachePinning took to complete: 20ms
06-03 09:04:15.608  2114  2114 D ZygoteInitTiming_lazy: PreloadClasses took to complete: 233ms
06-03 09:04:15.636  2114  2114 D ZygoteInitTiming_lazy: PreloadResources took to complete: 28ms
06-03 09:04:16.297  2147  2158 I /system/bin/storaged: storaged: Start
06-03 09:04:19.431  2238  2260 I chatty  : uid=1000(system) android.display expire 1 line
06-03 09:04:19.490  2238  2252 I chatty  : uid=1000(system) android.bg expire 5 lines
06-03 09:04:19.507  2238  2298 I chatty  : uid=1000(system) StorageManagerS expire 27 lines
06-03 09:04:19.521  2238  2300 I chatty  : uid=1000(system) CryptdConnector expire 1 line
06-03 09:04:19.523  2238  2299 I chatty  : uid=1000(system) VoldConnector expire 4 lines
06-03 09:04:19.533  2238  2298 I chatty  : uid=1000(system) StorageManagerS expire 80 lines
06-03 09:04:19.533  2238  2238 I chatty  : uid=1000 system_server expire 132 lines
06-03 09:04:19.536  2238  2301 I chatty  : uid=1000(system) NetdConnector expire 1 line
06-03 09:04:19.541  2106  2109 I vold    : [libfs_mgr]fs_mgr_read_fstab_dt(): failed to read fstab from dt
06-03 09:04:19.542  2106  2302 D vold    : Starting trim of /cache
06-03 09:04:19.542  2106  2302 W vold    : Trim failed on /cache: Not a typewriter
06-03 09:04:19.579  2238  2296 I chatty  : uid=1000(system) InputDispatcher expire 2 lines
06-03 09:04:19.673  2238  2295 I chatty  : uid=1000(system) HwBinder:2238_2 expire 1 line
06-03 09:04:19.688  2238  2251 I chatty  : uid=1000 system_server expire 2 lines
06-03 09:04:19.690  2238  2238 I chatty  : uid=1000 system_server expire 162 lines
06-03 09:04:19.730  2238  2311 I chatty  : uid=1000(system) ConnectivitySer expire 1 line
06-03 09:04:19.731  2148  2148 I wificond: create scanner for interface with index: 5
06-03 09:04:19.731  2148  2148 I wificond: subscribe scan result for interface with index: 5
06-03 09:04:19.732  2148  2148 E wificond: No Offload Service available
06-03 09:04:19.732  2148  2148 I wificond: Offload HAL not supported 
06-03 09:04:19.741  2238  2262 I chatty  : uid=1000(system) PowerManagerSer expire 1 line
06-03 09:04:19.745  2238  2260 I chatty  : uid=1000(system) android.display expire 2 lines
06-03 09:04:19.764  2238  2259 I chatty  : uid=1000(system) android.io expire 4 lines
06-03 09:04:19.797  2238  2298 I chatty  : uid=1000(system) StorageManagerS expire 7 lines
06-03 09:04:19.798  2106  2110 D vold    : e4crypt_unlock_user_key 0 serial=0 token_present=0
06-03 09:04:19.798  2238  2300 I chatty  : uid=1000(system) CryptdConnector expire 1 line
06-03 09:04:19.798  2238  2253 I chatty  : uid=1000(system) ActivityManager expire 1 line
06-03 09:04:19.799  2238  2299 I chatty  : uid=1000(system) VoldConnector expire 11 lines
06-03 09:04:19.799  2238  2258 I chatty  : uid=1000(system) android.fg expire 3 lines
06-03 09:04:19.811  2106  2109 V vold    : Waiting for FUSE to spin up...
06-03 09:04:19.812  2238  2319 I chatty  : uid=1000(system) AudioService expire 1 line
06-03 09:04:19.812  2238  2295 I chatty  : uid=1000(system) HwBinder:2238_2 expire 1 line
06-03 09:04:19.813  2238  2287 I chatty  : uid=1000 system_server expire 6 lines
06-03 09:04:19.815  2238  2380 I chatty  : uid=1000(system) UsbService host expire 7 lines
06-03 09:04:19.840  2238  2304 I chatty  : uid=1000(system) NetworkPolicy expire 1 line
06-03 09:04:19.861  2362  2362 D SystemUIBootTiming: StartServicesDependency took to complete: 4ms
06-03 09:04:19.869  2362  2362 D SystemUIBootTiming: StartServicesNotificationChannels took to complete: 8ms
06-03 09:04:19.880  2346  2441 E ActivityThread: Failed to find provider info for user_dictionary
06-03 09:04:19.882  2362  2362 D SystemUIBootTiming: StartServicesCommandQueueStart took to complete: 7ms
06-03 09:04:19.900  2362  2362 D SystemUIBootTiming: StartServicesKeyguardViewMediator took to complete: 18ms
06-03 09:04:19.919  2238  2377 I chatty  : uid=1000(system) Binder:2238_3 expire 1 line
06-03 09:04:19.919  2362  2362 D SystemUIBootTiming: StartServicesRecents took to complete: 18ms
06-03 09:04:19.962  2362  2362 D SystemUIBootTiming: StartServicesVolumeUI took to complete: 43ms
06-03 09:04:19.968  2362  2362 D SystemUIBootTiming: StartServicesDivider took to complete: 6ms
06-03 09:04:19.981  2238  2382 I chatty  : uid=1000(system) Binder:2238_4 expire 2 lines
06-03 09:04:19.985  2238  2591 I chatty  : uid=1000(system) Binder:2238_6 expire 1 line
06-03 09:04:20.000  2238  2256 I chatty  : uid=1000(system) batterystats-wo expire 4 lines
06-03 09:04:20.045  2362  2362 I StatusBar: isKeyguardShowing() called before startKeyguard(), returning true
06-03 09:04:20.050  2362  2362 I chatty  : uid=10033(com.android.systemui) identical 1 line
06-03 09:04:20.057  2362  2362 I StatusBar: isKeyguardShowing() called before startKeyguard(), returning true
06-03 09:04:20.064  2362  2581 E ActivityThread: Failed to find provider info for com.android.contacts
06-03 09:04:20.066  2362  2362 D SystemUIBootTiming: StartServicesSystemBars took to complete: 98ms
06-03 09:04:20.068  2362  2362 D SystemUIBootTiming: StartServicesStorageNotification took to complete: 3ms
06-03 09:04:20.069  2362  2362 D SystemUIBootTiming: StartServicesPowerUI took to complete: 1ms
06-03 09:04:20.070  2362  2362 D SystemUIBootTiming: StartServicesRingtonePlayer took to complete: 0ms
06-03 09:04:20.070  2362  2362 D SystemUIBootTiming: StartServicesKeyboardUI took to complete: 0ms
06-03 09:04:20.072  2362  2362 D SystemUIBootTiming: StartServicesPipUI took to complete: 3ms
06-03 09:04:20.072  2362  2362 D SystemUIBootTiming: StartServicesShortcutKeyDispatcher took to complete: 0ms
06-03 09:04:20.072  2362  2362 D SystemUIBootTiming: StartServicesVendorServices took to complete: 0ms
06-03 09:04:20.072  2362  2362 D SystemUIBootTiming: StartServicesService took to complete: 0ms
06-03 09:04:20.072  2362  2362 D SystemUIBootTiming: StartServicesLatencyTester took to complete: 0ms
06-03 09:04:20.073  2362  2362 D SystemUIBootTiming: StartServicesGlobalActionsComponent took to complete: 0ms
06-03 09:04:20.073  2362  2362 D SystemUIBootTiming: StartServicesRoundedCorners took to complete: 0ms
06-03 09:04:20.073  2362  2362 D SystemUIBootTiming: StartServices took to complete: 218ms
06-03 09:04:20.097  2362  2603 E ActivityThread: Failed to find provider info for com.android.contacts
06-03 09:04:20.101  2362  2617 E ActivityThread: Failed to find provider info for com.android.contacts
06-03 09:04:20.139  2238  2306 I chatty  : uid=1000(system) WifiService expire 1 line
06-03 09:04:49.892  2238  2238 I chatty  : uid=1000 system_server expire 52 lines
06-03 09:04:49.924  2238  2252 I chatty  : uid=1000(system) android.bg expire 8 lines
06-03 09:04:49.925  2362  2583 E ActivityThread: Failed to find provider info for com.android.contacts
06-03 09:04:49.937  2238  2259 I chatty  : uid=1000(system) android.io expire 17 lines
06-03 09:04:49.961  2238  2317 I chatty  : uid=1000(system) onProviders.ECP expire 2 lines
06-03 09:04:50.008  2238  2382 I chatty  : uid=1000(system) Binder:2238_4 expire 9 lines
06-03 09:04:50.034  2238  2311 I chatty  : uid=1000(system) ConnectivitySer expire 13 lines
06-03 09:04:50.040  2644  2722 E ActivityThread: Failed to find provider info for com.android.contacts
06-03 09:04:50.044  2644  2644 I TelecomFramework: TtyManager: updateUiTtyMode -1 -> 0
06-03 09:04:50.066  2644  2644 I TelecomFramework: AccountEntry: Registered phoneAccount: [[ ] PhoneAccount: ComponentInfo{com.android.phone/com.android.services.telephony.TelephonyConnectionService}, [e0184adedf913b076626646d3f52c3b49c39ad6d], UserHandle{0} Capabilities: CallProvider MultiUser PlaceEmerg SimSub  Audio Routes: BESW Schemes: tel voicemail  Extras: Bundle[{android.telecom.extra.SUPPORTS_VIDEO_CALLING_FALLBACK=false}] GroupId: [da39a3ee5e6b4b0d3255bfef95601890afd80709]] with handle: ComponentInfo{com.android.phone/com.android.services.telephony.TelephonyConnectionService}, [e0184adedf913b076626646d3f52c3b49c39ad6d], UserHandle{0}
06-03 09:04:50.066  2644  2644 I TelecomFramework: PstnIncomingCallNotifier: Registering: Handler (com.android.internal.telephony.GsmCdmaPhone) {a90805}
06-03 09:04:50.068  2644  2644 I TelecomFramework: PstnPhoneCapabilitiesNotifier: handleVideoCapabilitesChanged. Video capability - false
06-03 09:04:50.090  2238  2260 I chatty  : uid=1000(system) android.display expire 13 lines
06-03 09:04:50.095  2106  2110 D vold    : e4crypt_prepare_user_storage for volume null, user 0, serial 0, flags 2
06-03 09:04:50.095  2106  2110 D vold    : Preparing: /data/system_ce/0
06-03 09:04:50.095  2106  2110 D vold    : Preparing: /data/misc_ce/0
06-03 09:04:50.095  2106  2110 D vold    : Preparing: /data/media/0
06-03 09:04:50.095  2106  2110 D vold    : Preparing: /data/data
06-03 09:04:50.095  2238  2300 I chatty  : uid=1000(system) CryptdConnector expire 1 line
06-03 09:04:50.110  2238  2253 I chatty  : uid=1000(system) ActivityManager expire 40 lines
06-03 09:04:50.110  2106  2109 D vold    : Linking /storage/emulated/0 to /mnt/user/0/primary
06-03 09:04:50.110  2238  2299 I chatty  : uid=1000(system) VoldConnector expire 1 line
06-03 09:04:50.110  2238  2298 I chatty  : uid=1000(system) StorageManagerS expire 1 line
06-03 09:04:50.166  2238  2755 I chatty  : uid=1000(system) backup expire 2 lines
06-03 09:04:50.175  2238  2258 I chatty  : uid=1000(system) android.fg expire 1 line
06-03 09:04:50.179  2238  2254 I chatty  : uid=1000(system) android.ui expire 1 line
06-03 09:04:50.245  2238  2249 I chatty  : uid=1000(system) Binder:2238_1 expire 3 lines
06-03 09:04:50.255  2238  2595 I chatty  : uid=1000(system) Binder:2238_7 expire 1 line
06-03 09:04:50.271  2238  2250 I chatty  : uid=1000(system) Binder:2238_2 expire 4 lines
06-03 09:04:50.391  2839  2839 W KeyphraseEnrollmentInfo: No enrollment application supports the given keyphrase/locale: 'Ok Google'/cmn_CN_#Hans
06-03 09:04:50.416  2238  2825 I chatty  : uid=1000(system) Binder:2238_9 expire 6 lines
06-03 09:04:50.461  2238  3129 I chatty  : uid=1000(system) Binder:2238_A expire 3 lines
06-03 09:04:50.506  2238  3167 I chatty  : uid=1000 system_server expire 2 lines
06-03 09:04:50.630  2238  2377 I chatty  : uid=1000(system) Binder:2238_3 expire 3 lines
06-03 09:04:50.703  2238  3136 I chatty  : uid=1000(system) Binder:2238_C expire 7 lines
06-03 09:04:50.767  2238  2591 I chatty  : uid=1000(system) Binder:2238_6 expire 14 lines
06-03 09:04:51.063  3530  3556 D ActivityThread: Loading provider com.google.android.gmail.provider;com.android.mail.notifier;com.google.android.gm.email.provider;com.google.android.gm.tasks.provider;com.google.android.gm.email.notifier: com.android.email.provider.EmailProvider
06-03 09:04:51.175  2238  3133 I chatty  : uid=1000(system) Binder:2238_B expire 2 lines
06-03 09:04:51.261  2929  2942 V PackageManager: [0347d72f-950e-4bdf-8fdd-830eded3f437] Phase1 called; posting
06-03 09:04:51.261  2929  2929 D PackageManager: [0347d72f-950e-4bdf-8fdd-830eded3f437] Phase1 request; prefix: [-474955776]
06-03 09:04:51.876  2929  2929 E ActivityThread: Failed to find provider info for com.google.android.gms.common.phenotype
06-03 09:04:51.942  2238  2824 I chatty  : uid=1000(system) Binder:2238_8 expire 2 lines
06-03 09:04:52.085  2238  2383 I chatty  : uid=1000(system) Binder:2238_5 expire 1 line
06-03 09:04:52.139  2238  2256 I chatty  : uid=1000(system) batterystats-wo expire 6 lines
06-03 09:04:53.056  2929  3921 V PackageManager: [d08ccbb0-2813-4a2a-8823-097d6ff0f9a2] Phase1 called; posting
06-03 09:04:53.057  2929  2929 D PackageManager: [d08ccbb0-2813-4a2a-8823-097d6ff0f9a2] Phase1 request; prefix: [936960000]
06-03 09:04:53.295  2148  2148 W wificond: Scan is not started. Ignore abort request
06-03 09:04:53.456  2238  2307 I chatty  : uid=1000(system) WifiStateMachin expire 1 line
06-03 09:04:56.154  2238  4251 I chatty  : uid=1000(system) Binder:2238_10 expire 1 line
06-03 09:05:00.261  2238  3144 I chatty  : uid=1000(system) Binder:2238_F expire 3 lines
06-03 09:05:12.287  2238  2825 W BroadcastQueue: Background execution not allowed: receiving Intent { act=android.bluetooth.device.action.UUID flg=0x10 (has extras) } to com.google.android.googlequicksearchbox/com.google.android.apps.gsa.broadcastreceiver.CommonBroadcastReceiver
06-03 09:05:16.863  2238  2377 I ActivityManager: Killing 3367:com.android.managedprovisioning/u0a21 (adj 906): empty #17
06-03 09:05:20.058  2238  3144 I ActivityManager: Start proc 4411:com.android.keychain/1000 for service com.android.keychain/.KeyChainService
06-03 09:05:20.081  2238  3144 I ActivityManager: Killing 3609:com.google.android.onetimeinitializer/u0a18 (adj 906): empty #17
06-03 09:05:22.354  2238  2825 I ActivityManager: Killing 3233:com.android.calendar/u0a44 (adj 906): empty #17
06-03 09:05:22.358  2238  3144 W BroadcastQueue: Background execution not allowed: receiving Intent { act=android.bluetooth.device.action.UUID flg=0x10 (has extras) } to com.google.android.googlequicksearchbox/com.google.android.apps.gsa.broadcastreceiver.CommonBroadcastReceiver
06-03 09:05:22.359  2238  3144 I ActivityManager: Killing 3635:com.google.android.packageinstaller/u0a19 (adj 906): empty #17
06-03 09:05:22.363  2238  3144 W BroadcastQueue: Background execution not allowed: receiving Intent { act=android.bluetooth.device.action.UUID flg=0x10 (has extras) } to com.google.android.googlequicksearchbox/com.google.android.apps.gsa.broadcastreceiver.CommonBroadcastReceiver
06-03 09:05:32.411  2238  2377 W BroadcastQueue: Background execution not allowed: receiving Intent { act=android.bluetooth.device.action.UUID flg=0x10 (has extras) } to com.google.android.googlequicksearchbox/com.google.android.apps.gsa.broadcastreceiver.CommonBroadcastReceiver
06-03 09:05:32.421  2238  2377 I chatty  : uid=1000(system) Binder:2238_3 identical 1 line
06-03 09:05:42.476  2238  2377 W BroadcastQueue: Background execution not allowed: receiving Intent { act=android.bluetooth.device.action.UUID flg=0x10 (has extras) } to com.google.android.googlequicksearchbox/com.google.android.apps.gsa.broadcastreceiver.CommonBroadcastReceiver
06-03 09:05:42.480  2238  3144 W BroadcastQueue: Background execution not allowed: receiving Intent { act=android.bluetooth.device.action.UUID flg=0x10 (has extras) } to com.google.android.googlequicksearchbox/com.google.android.apps.gsa.broadcastreceiver.CommonBroadcastReceiver
06-03 09:05:52.531  2238  2250 W BroadcastQueue: Background execution not allowed: receiving Intent { act=android.bluetooth.device.action.UUID flg=0x10 (has extras) } to com.google.android.googlequicksearchbox/com.google.android.apps.gsa.broadcastreceiver.CommonBroadcastReceiver
06-03 09:05:52.537  2238  2377 W BroadcastQueue: Background execution not allowed: receiving Intent { act=android.bluetooth.device.action.UUID flg=0x10 (has extras) } to com.google.android.googlequicksearchbox/com.google.android.apps.gsa.broadcastreceiver.CommonBroadcastReceiver
06-03 09:05:57.252  2238  2253 I ActivityManager: Waited long enough for: ServiceRecord{fc8e2be u0 com.android.vending/com.google.android.finsky.heterodyne.HeterodyneSyncService}
06-03 09:06:02.604  2238  3136 W BroadcastQueue: Background execution not allowed: receiving Intent { act=android.bluetooth.device.action.UUID flg=0x10 (has extras) } to com.google.android.googlequicksearchbox/com.google.android.apps.gsa.broadcastreceiver.CommonBroadcastReceiver
06-03 09:06:02.614  2238  3136 W BroadcastQueue: Background execution not allowed: receiving Intent { act=android.bluetooth.device.action.UUID flg=0x10 (has extras) } to com.google.android.googlequicksearchbox/com.google.android.apps.gsa.broadcastreceiver.CommonBroadcastReceiver
06-03 09:06:07.547  2238  2253 I ActivityManager: Waited long enough for: ServiceRecord{f2b9032 u0 com.android.vending/com.google.android.finsky.verifier.impl.PackageVerificationService}
06-03 09:06:07.554  2238  2253 I ActivityManager: Waited long enough for: ServiceRecord{1fe7d7e u0 com.android.vending/com.google.android.finsky.flushlogs.FlushLogsReceiver$FlushLogsService}
06-03 09:06:12.619  2238  2292 W ActivityManager: Unable to start service Intent { act=com.google.android.gms.drive.ApiService.RESET_AFTER_BOOT flg=0x4 cmp=com.google.android.gms/.drive.api.ApiService (has extras) } U=0: not found
06-03 09:06:12.668  2238  2377 W BroadcastQueue: Background execution not allowed: receiving Intent { act=android.bluetooth.device.action.UUID flg=0x10 (has extras) } to com.google.android.googlequicksearchbox/com.google.android.apps.gsa.broadcastreceiver.CommonBroadcastReceiver
06-03 09:06:12.673  2238  3144 W BroadcastQueue: Background execution not allowed: receiving Intent { act=android.bluetooth.device.action.UUID flg=0x10 (has extras) } to com.google.android.googlequicksearchbox/com.google.android.apps.gsa.broadcastreceiver.CommonBroadcastReceiver
06-03 09:06:22.722  2238  2377 W BroadcastQueue: Background execution not allowed: receiving Intent { act=android.bluetooth.device.action.UUID flg=0x10 (has extras) } to com.google.android.googlequicksearchbox/com.google.android.apps.gsa.broadcastreceiver.CommonBroadcastReceiver
06-03 09:06:22.724  2238  2825 W BroadcastQueue: Background execution not allowed: receiving Intent { act=android.bluetooth.device.action.UUID flg=0x10 (has extras) } to com.google.android.googlequicksearchbox/com.google.android.apps.gsa.broadcastreceiver.CommonBroadcastReceiver
06-03 09:06:22.727  2238  2377 I ActivityManager: Killing 3124:com.google.android.partnersetup/u0a20 (adj 906): empty #17
06-03 09:06:32.778  2238  4366 W BroadcastQueue: Background execution not allowed: receiving Intent { act=android.bluetooth.device.action.UUID flg=0x10 (has extras) } to com.google.android.googlequicksearchbox/com.google.android.apps.gsa.broadcastreceiver.CommonBroadcastReceiver
06-03 09:06:32.783  2238  2250 W BroadcastQueue: Background execution not allowed: receiving Intent { act=android.bluetooth.device.action.UUID flg=0x10 (has extras) } to com.google.android.googlequicksearchbox/com.google.android.apps.gsa.broadcastreceiver.CommonBroadcastReceiver
06-03 09:06:42.838  2238  4366 W BroadcastQueue: Background execution not allowed: receiving Intent { act=android.bluetooth.device.action.UUID flg=0x10 (has extras) } to com.google.android.googlequicksearchbox/com.google.android.apps.gsa.broadcastreceiver.CommonBroadcastReceiver
06-03 09:06:42.840  2238  2382 W BroadcastQueue: Background execution not allowed: receiving Intent { act=android.bluetooth.device.action.UUID flg=0x10 (has extras) } to com.google.android.googlequicksearchbox/com.google.android.apps.gsa.broadcastreceiver.CommonBroadcastReceiver
06-03 09:06:52.890  2238  3136 W BroadcastQueue: Background execution not allowed: receiving Intent { act=android.bluetooth.device.action.UUID flg=0x10 (has extras) } to com.google.android.googlequicksearchbox/com.google.android.apps.gsa.broadcastreceiver.CommonBroadcastReceiver
06-03 09:06:52.894  2238  2382 W BroadcastQueue: Background execution not allowed: receiving Intent { act=android.bluetooth.device.action.UUID flg=0x10 (has extras) } to com.google.android.googlequicksearchbox/com.google.android.apps.gsa.broadcastreceiver.CommonBroadcastReceiver
06-03 09:07:02.648  2238  3136 I ActivityManager: Killing 3669:com.google.process.gapps/u0a58 (adj 906): empty #17
06-03 09:07:02.949  2238  2382 W BroadcastQueue: Background execution not allowed: receiving Intent { act=android.bluetooth.device.action.UUID flg=0x10 (has extras) } to com.google.android.googlequicksearchbox/com.google.android.apps.gsa.broadcastreceiver.CommonBroadcastReceiver
06-03 09:07:02.952  2238  4366 I ActivityManager: Killing 3703:org.openthos.filemanager/u0a24 (adj 906): empty #17
06-03 09:07:02.954  2238  3136 W BroadcastQueue: Background execution not allowed: receiving Intent { act=android.bluetooth.device.action.UUID flg=0x10 (has extras) } to com.google.android.googlequicksearchbox/com.google.android.apps.gsa.broadcastreceiver.CommonBroadcastReceiver
06-03 09:07:13.001  2238  2250 W BroadcastQueue: Background execution not allowed: receiving Intent { act=android.bluetooth.device.action.UUID flg=0x10 (has extras) } to com.google.android.googlequicksearchbox/com.google.android.apps.gsa.broadcastreceiver.CommonBroadcastReceiver
06-03 09:07:13.006  2238  3136 W BroadcastQueue: Background execution not allowed: receiving Intent { act=android.bluetooth.device.action.UUID flg=0x10 (has extras) } to com.google.android.googlequicksearchbox/com.google.android.apps.gsa.broadcastreceiver.CommonBroadcastReceiver
06-03 09:07:23.060  2238  4366 W BroadcastQueue: Background execution not allowed: receiving Intent { act=android.bluetooth.device.action.UUID flg=0x10 (has extras) } to com.google.android.googlequicksearchbox/com.google.android.apps.gsa.broadcastreceiver.CommonBroadcastReceiver
06-03 09:07:23.064  2238  2382 W BroadcastQueue: Background execution not allowed: receiving Intent { act=android.bluetooth.device.action.UUID flg=0x10 (has extras) } to com.google.android.googlequicksearchbox/com.google.android.apps.gsa.broadcastreceiver.CommonBroadcastReceiver
06-03 09:07:33.112  2238  3136 W BroadcastQueue: Background execution not allowed: receiving Intent { act=android.bluetooth.device.action.UUID flg=0x10 (has extras) } to com.google.android.googlequicksearchbox/com.google.android.apps.gsa.broadcastreceiver.CommonBroadcastReceiver
06-03 09:07:33.117  2238  2250 W BroadcastQueue: Background execution not allowed: receiving Intent { act=android.bluetooth.device.action.UUID flg=0x10 (has extras) } to com.google.android.googlequicksearchbox/com.google.android.apps.gsa.broadcastreceiver.CommonBroadcastReceiver
06-03 09:07:43.172  2238  3136 W BroadcastQueue: Background execution not allowed: receiving Intent { act=android.bluetooth.device.action.UUID flg=0x10 (has extras) } to com.google.android.googlequicksearchbox/com.google.android.apps.gsa.broadcastreceiver.CommonBroadcastReceiver
06-03 09:07:43.175  2238  2382 W BroadcastQueue: Background execution not allowed: receiving Intent { act=com.google.android.checkin.CHECKIN_COMPLETE flg=0x10 (has extras) } to com.google.android.gsf/.settings.GoogleLocationSettings$LocationSettingsChangedListener
06-03 09:07:43.178  2238  2825 W BroadcastQueue: Background execution not allowed: receiving Intent { act=android.bluetooth.device.action.UUID flg=0x10 (has extras) } to com.google.android.googlequicksearchbox/com.google.android.apps.gsa.broadcastreceiver.CommonBroadcastReceiver
06-03 09:07:53.228  2238  2382 W BroadcastQueue: Background execution not allowed: receiving Intent { act=android.bluetooth.device.action.UUID flg=0x10 (has extras) } to com.google.android.googlequicksearchbox/com.google.android.apps.gsa.broadcastreceiver.CommonBroadcastReceiver
06-03 09:07:53.233  2238  2250 W BroadcastQueue: Background execution not allowed: receiving Intent { act=android.bluetooth.device.action.UUID flg=0x10 (has extras) } to com.google.android.googlequicksearchbox/com.google.android.apps.gsa.broadcastreceiver.CommonBroadcastReceiver
06-03 09:08:03.288  2238  2250 W BroadcastQueue: Background execution not allowed: receiving Intent { act=android.bluetooth.device.action.UUID flg=0x10 (has extras) } to com.google.android.googlequicksearchbox/com.google.android.apps.gsa.broadcastreceiver.CommonBroadcastReceiver
06-03 09:08:03.291  2238  2382 W BroadcastQueue: Background execution not allowed: receiving Intent { act=android.bluetooth.device.action.UUID flg=0x10 (has extras) } to com.google.android.googlequicksearchbox/com.google.android.apps.gsa.broadcastreceiver.CommonBroadcastReceiver
06-03 09:08:13.340  2238  2250 W BroadcastQueue: Background execution not allowed: receiving Intent { act=android.bluetooth.device.action.UUID flg=0x10 (has extras) } to com.google.android.googlequicksearchbox/com.google.android.apps.gsa.broadcastreceiver.CommonBroadcastReceiver
06-03 09:08:13.349  2238  2382 W BroadcastQueue: Background execution not allowed: receiving Intent { act=android.bluetooth.device.action.UUID flg=0x10 (has extras) } to com.google.android.googlequicksearchbox/com.google.android.apps.gsa.broadcastreceiver.CommonBroadcastReceiver
06-03 09:08:23.400  2238  3136 W BroadcastQueue: Background execution not allowed: receiving Intent { act=android.bluetooth.device.action.UUID flg=0x10 (has extras) } to com.google.android.googlequicksearchbox/com.google.android.apps.gsa.broadcastreceiver.CommonBroadcastReceiver
06-03 09:08:23.404  2238  2382 W BroadcastQueue: Background execution not allowed: receiving Intent { act=android.bluetooth.device.action.UUID flg=0x10 (has extras) } to com.google.android.googlequicksearchbox/com.google.android.apps.gsa.broadcastreceiver.CommonBroadcastReceiver
06-03 09:08:33.452  2238  2382 W BroadcastQueue: Background execution not allowed: receiving Intent { act=android.bluetooth.device.action.UUID flg=0x10 (has extras) } to com.google.android.googlequicksearchbox/com.google.android.apps.gsa.broadcastreceiver.CommonBroadcastReceiver
06-03 09:08:33.457  2238  3136 W BroadcastQueue: Background execution not allowed: receiving Intent { act=android.bluetooth.device.action.UUID flg=0x10 (has extras) } to com.google.android.googlequicksearchbox/com.google.android.apps.gsa.broadcastreceiver.CommonBroadcastReceiver
06-03 09:08:43.491  2238  2382 W BroadcastQueue: Background execution not allowed: receiving Intent { act=android.bluetooth.device.action.UUID flg=0x10 (has extras) } to com.google.android.googlequicksearchbox/com.google.android.apps.gsa.broadcastreceiver.CommonBroadcastReceiver
06-03 09:08:43.493  2238  3136 W BroadcastQueue: Background execution not allowed: receiving Intent { act=android.bluetooth.device.action.UUID flg=0x10 (has extras) } to com.google.android.googlequicksearchbox/com.google.android.apps.gsa.broadcastreceiver.CommonBroadcastReceiver
06-03 09:09:03.622  2238  3136 I chatty  : uid=1000(system) Binder:2238_C identical 4 lines
06-03 09:09:13.672  2238  3136 W BroadcastQueue: Background execution not allowed: receiving Intent { act=android.bluetooth.device.action.UUID flg=0x10 (has extras) } to com.google.android.googlequicksearchbox/com.google.android.apps.gsa.broadcastreceiver.CommonBroadcastReceiver
06-03 09:09:13.677  2238  4366 W BroadcastQueue: Background execution not allowed: receiving Intent { act=android.bluetooth.device.action.UUID flg=0x10 (has extras) } to com.google.android.googlequicksearchbox/com.google.android.apps.gsa.broadcastreceiver.CommonBroadcastReceiver
06-03 09:09:23.732  2238  2382 W BroadcastQueue: Background execution not allowed: receiving Intent { act=android.bluetooth.device.action.UUID flg=0x10 (has extras) } to com.google.android.googlequicksearchbox/com.google.android.apps.gsa.broadcastreceiver.CommonBroadcastReceiver
06-03 09:09:23.736  2238  4366 W BroadcastQueue: Background execution not allowed: receiving Intent { act=android.bluetooth.device.action.UUID flg=0x10 (has extras) } to com.google.android.googlequicksearchbox/com.google.android.apps.gsa.broadcastreceiver.CommonBroadcastReceiver
06-03 09:09:33.784  2238  2250 W BroadcastQueue: Background execution not allowed: receiving Intent { act=android.bluetooth.device.action.UUID flg=0x10 (has extras) } to com.google.android.googlequicksearchbox/com.google.android.apps.gsa.broadcastreceiver.CommonBroadcastReceiver
06-03 09:09:33.793  2238  2250 I chatty  : uid=1000(system) Binder:2238_2 identical 1 line
06-03 09:09:43.843  2238  2250 W BroadcastQueue: Background execution not allowed: receiving Intent { act=android.bluetooth.device.action.UUID flg=0x10 (has extras) } to com.google.android.googlequicksearchbox/com.google.android.apps.gsa.broadcastreceiver.CommonBroadcastReceiver
06-03 09:09:43.846  2238  4366 W BroadcastQueue: Background execution not allowed: receiving Intent { act=android.bluetooth.device.action.UUID flg=0x10 (has extras) } to com.google.android.googlequicksearchbox/com.google.android.apps.gsa.broadcastreceiver.CommonBroadcastReceiver
06-03 09:09:53.896  2238  3136 W BroadcastQueue: Background execution not allowed: receiving Intent { act=android.bluetooth.device.action.UUID flg=0x10 (has extras) } to com.google.android.googlequicksearchbox/com.google.android.apps.gsa.broadcastreceiver.CommonBroadcastReceiver
06-03 09:09:53.904  2238  2250 W BroadcastQueue: Background execution not allowed: receiving Intent { act=android.bluetooth.device.action.UUID flg=0x10 (has extras) } to com.google.android.googlequicksearchbox/com.google.android.apps.gsa.broadcastreceiver.CommonBroadcastReceiver
06-03 09:10:03.957  2238  2382 W BroadcastQueue: Background execution not allowed: receiving Intent { act=android.bluetooth.device.action.UUID flg=0x10 (has extras) } to com.google.android.googlequicksearchbox/com.google.android.apps.gsa.broadcastreceiver.CommonBroadcastReceiver
06-03 09:10:03.961  2238  3136 W BroadcastQueue: Background execution not allowed: receiving Intent { act=android.bluetooth.device.action.UUID flg=0x10 (has extras) } to com.google.android.googlequicksearchbox/com.google.android.apps.gsa.broadcastreceiver.CommonBroadcastReceiver
06-03 09:10:14.006  2238  2382 W BroadcastQueue: Background execution not allowed: receiving Intent { act=android.bluetooth.device.action.UUID flg=0x10 (has extras) } to com.google.android.googlequicksearchbox/com.google.android.apps.gsa.broadcastreceiver.CommonBroadcastReceiver
06-03 09:10:24.040  2238  2382 I chatty  : uid=1000(system) Binder:2238_4 identical 2 lines
06-03 09:10:24.049  2238  2382 W BroadcastQueue: Background execution not allowed: receiving Intent { act=android.bluetooth.device.action.UUID flg=0x10 (has extras) } to com.google.android.googlequicksearchbox/com.google.android.apps.gsa.broadcastreceiver.CommonBroadcastReceiver
06-03 09:10:34.109  2238  4366 W BroadcastQueue: Background execution not allowed: receiving Intent { act=android.bluetooth.device.action.UUID flg=0x10 (has extras) } to com.google.android.googlequicksearchbox/com.google.android.apps.gsa.broadcastreceiver.CommonBroadcastReceiver
06-03 09:10:34.118  2238  4366 W BroadcastQueue: Background execution not allowed: receiving Intent { act=android.bluetooth.device.action.UUID flg=0x10 (has extras) } to com.google.android.googlequicksearchbox/com.google.android.apps.gsa.broadcastreceiver.CommonBroadcastReceiver
06-03 09:10:44.169  2238  3136 W BroadcastQueue: Background execution not allowed: receiving Intent { act=android.bluetooth.device.action.UUID flg=0x10 (has extras) } to com.google.android.googlequicksearchbox/com.google.android.apps.gsa.broadcastreceiver.CommonBroadcastReceiver
06-03 09:10:44.172  2238  4366 W BroadcastQueue: Background execution not allowed: receiving Intent { act=android.bluetooth.device.action.UUID flg=0x10 (has extras) } to com.google.android.googlequicksearchbox/com.google.android.apps.gsa.broadcastreceiver.CommonBroadcastReceiver
06-03 09:10:54.221  2238  4366 I chatty  : uid=1000(system) Binder:2238_11 identical 1 line
06-03 09:10:54.230  2238  4366 W BroadcastQueue: Background execution not allowed: receiving Intent { act=android.bluetooth.device.action.UUID flg=0x10 (has extras) } to com.google.android.googlequicksearchbox/com.google.android.apps.gsa.broadcastreceiver.CommonBroadcastReceiver
06-03 09:11:04.279  2238  2382 W BroadcastQueue: Background execution not allowed: receiving Intent { act=android.bluetooth.device.action.UUID flg=0x10 (has extras) } to com.google.android.googlequicksearchbox/com.google.android.apps.gsa.broadcastreceiver.CommonBroadcastReceiver
06-03 09:11:04.280  2238  2382 W BroadcastQueue: Background execution not allowed: receiving Intent { act=android.bluetooth.device.action.UUID flg=0x10 (has extras) } to com.google.android.googlequicksearchbox/com.google.android.apps.gsa.broadcastreceiver.CommonBroadcastReceiver
06-03 09:11:14.329  2238  4366 W BroadcastQueue: Background execution not allowed: receiving Intent { act=android.bluetooth.device.action.UUID flg=0x10 (has extras) } to com.google.android.googlequicksearchbox/com.google.android.apps.gsa.broadcastreceiver.CommonBroadcastReceiver
06-03 09:11:14.333  2238  3136 W BroadcastQueue: Background execution not allowed: receiving Intent { act=android.bluetooth.device.action.UUID flg=0x10 (has extras) } to com.google.android.googlequicksearchbox/com.google.android.apps.gsa.broadcastreceiver.CommonBroadcastReceiver
06-03 09:11:24.387  2238  4366 W BroadcastQueue: Background execution not allowed: receiving Intent { act=android.bluetooth.device.action.UUID flg=0x10 (has extras) } to com.google.android.googlequicksearchbox/com.google.android.apps.gsa.broadcastreceiver.CommonBroadcastReceiver
06-03 09:11:24.390  2238  2382 W BroadcastQueue: Background execution not allowed: receiving Intent { act=android.bluetooth.device.action.UUID flg=0x10 (has extras) } to com.google.android.googlequicksearchbox/com.google.android.apps.gsa.broadcastreceiver.CommonBroadcastReceiver
06-03 09:11:34.439  2238  4366 W BroadcastQueue: Background execution not allowed: receiving Intent { act=android.bluetooth.device.action.UUID flg=0x10 (has extras) } to com.google.android.googlequicksearchbox/com.google.android.apps.gsa.broadcastreceiver.CommonBroadcastReceiver
06-03 09:11:34.448  2238  4366 W BroadcastQueue: Background execution not allowed: receiving Intent { act=android.bluetooth.device.action.UUID flg=0x10 (has extras) } to com.google.android.googlequicksearchbox/com.google.android.apps.gsa.broadcastreceiver.CommonBroadcastReceiver
06-03 09:11:44.505  2238  3136 W BroadcastQueue: Background execution not allowed: receiving Intent { act=android.bluetooth.device.action.UUID flg=0x10 (has extras) } to com.google.android.googlequicksearchbox/com.google.android.apps.gsa.broadcastreceiver.CommonBroadcastReceiver
06-03 09:11:44.507  2238  2825 W BroadcastQueue: Background execution not allowed: receiving Intent { act=android.bluetooth.device.action.UUID flg=0x10 (has extras) } to com.google.android.googlequicksearchbox/com.google.android.apps.gsa.broadcastreceiver.CommonBroadcastReceiver
06-03 09:11:54.557  2238  3136 W BroadcastQueue: Background execution not allowed: receiving Intent { act=android.bluetooth.device.action.UUID flg=0x10 (has extras) } to com.google.android.googlequicksearchbox/com.google.android.apps.gsa.broadcastreceiver.CommonBroadcastReceiver
06-03 09:11:54.562  2238  2382 W BroadcastQueue: Background execution not allowed: receiving Intent { act=android.bluetooth.device.action.UUID flg=0x10 (has extras) } to com.google.android.googlequicksearchbox/com.google.android.apps.gsa.broadcastreceiver.CommonBroadcastReceiver
06-03 09:12:04.617  2238  2825 W BroadcastQueue: Background execution not allowed: receiving Intent { act=android.bluetooth.device.action.UUID flg=0x10 (has extras) } to com.google.android.googlequicksearchbox/com.google.android.apps.gsa.broadcastreceiver.CommonBroadcastReceiver
06-03 09:12:04.621  2238  4366 W BroadcastQueue: Background execution not allowed: receiving Intent { act=android.bluetooth.device.action.UUID flg=0x10 (has extras) } to com.google.android.googlequicksearchbox/com.google.android.apps.gsa.broadcastreceiver.CommonBroadcastReceiver
06-03 09:12:14.670  2238  2382 W BroadcastQueue: Background execution not allowed: receiving Intent { act=android.bluetooth.device.action.UUID flg=0x10 (has extras) } to com.google.android.googlequicksearchbox/com.google.android.apps.gsa.broadcastreceiver.CommonBroadcastReceiver
06-03 09:12:14.675  2238  4366 W BroadcastQueue: Background execution not allowed: receiving Intent { act=android.bluetooth.device.action.UUID flg=0x10 (has extras) } to com.google.android.googlequicksearchbox/com.google.android.apps.gsa.broadcastreceiver.CommonBroadcastReceiver
06-03 09:12:24.730  2238  4366 W BroadcastQueue: Background execution not allowed: receiving Intent { act=android.bluetooth.device.action.UUID flg=0x10 (has extras) } to com.google.android.googlequicksearchbox/com.google.android.apps.gsa.broadcastreceiver.CommonBroadcastReceiver
06-03 09:12:24.733  2238  2382 W BroadcastQueue: Background execution not allowed: receiving Intent { act=android.bluetooth.device.action.UUID flg=0x10 (has extras) } to com.google.android.googlequicksearchbox/com.google.android.apps.gsa.broadcastreceiver.CommonBroadcastReceiver
06-03 09:12:34.783  2238  2382 I chatty  : uid=1000(system) Binder:2238_4 identical 1 line
06-03 09:12:34.792  2238  2382 W BroadcastQueue: Background execution not allowed: receiving Intent { act=android.bluetooth.device.action.UUID flg=0x10 (has extras) } to com.google.android.googlequicksearchbox/com.google.android.apps.gsa.broadcastreceiver.CommonBroadcastReceiver
06-03 09:12:44.843  2238  2825 W BroadcastQueue: Background execution not allowed: receiving Intent { act=android.bluetooth.device.action.UUID flg=0x10 (has extras) } to com.google.android.googlequicksearchbox/com.google.android.apps.gsa.broadcastreceiver.CommonBroadcastReceiver
06-03 09:12:44.846  2238  2825 I chatty  : uid=1000(system) Binder:2238_9 identical 1 line
06-03 09:12:54.895  2238  2825 W BroadcastQueue: Background execution not allowed: receiving Intent { act=android.bluetooth.device.action.UUID flg=0x10 (has extras) } to com.google.android.googlequicksearchbox/com.google.android.apps.gsa.broadcastreceiver.CommonBroadcastReceiver
06-03 09:12:54.900  2238  2382 W BroadcastQueue: Background execution not allowed: receiving Intent { act=android.bluetooth.device.action.UUID flg=0x10 (has extras) } to com.google.android.googlequicksearchbox/com.google.android.apps.gsa.broadcastreceiver.CommonBroadcastReceiver
06-03 09:13:04.955  2238  2382 W BroadcastQueue: Background execution not allowed: receiving Intent { act=android.bluetooth.device.action.UUID flg=0x10 (has extras) } to com.google.android.googlequicksearchbox/com.google.android.apps.gsa.broadcastreceiver.CommonBroadcastReceiver
06-03 09:13:04.957  2238  2825 W BroadcastQueue: Background execution not allowed: receiving Intent { act=android.bluetooth.device.action.UUID flg=0x10 (has extras) } to com.google.android.googlequicksearchbox/com.google.android.apps.gsa.broadcastreceiver.CommonBroadcastReceiver
06-03 09:13:15.008  2238  2383 W BroadcastQueue: Background execution not allowed: receiving Intent { act=android.bluetooth.device.action.UUID flg=0x10 (has extras) } to com.google.android.googlequicksearchbox/com.google.android.apps.gsa.broadcastreceiver.CommonBroadcastReceiver
06-03 09:13:15.013  2238  4366 W BroadcastQueue: Background execution not allowed: receiving Intent { act=android.bluetooth.device.action.UUID flg=0x10 (has extras) } to com.google.android.googlequicksearchbox/com.google.android.apps.gsa.broadcastreceiver.CommonBroadcastReceiver
06-03 09:13:25.068  2238  2383 W BroadcastQueue: Background execution not allowed: receiving Intent { act=android.bluetooth.device.action.UUID flg=0x10 (has extras) } to com.google.android.googlequicksearchbox/com.google.android.apps.gsa.broadcastreceiver.CommonBroadcastReceiver
06-03 09:13:25.073  2238  2383 W BroadcastQueue: Background execution not allowed: receiving Intent { act=android.bluetooth.device.action.UUID flg=0x10 (has extras) } to com.google.android.googlequicksearchbox/com.google.android.apps.gsa.broadcastreceiver.CommonBroadcastReceiver
06-03 09:13:35.133  2238  2825 W BroadcastQueue: Background execution not allowed: receiving Intent { act=android.bluetooth.device.action.UUID flg=0x10 (has extras) } to com.google.android.googlequicksearchbox/com.google.android.apps.gsa.broadcastreceiver.CommonBroadcastReceiver
06-03 09:13:35.137  2238  3136 W BroadcastQueue: Background execution not allowed: receiving Intent { act=android.bluetooth.device.action.UUID flg=0x10 (has extras) } to com.google.android.googlequicksearchbox/com.google.android.apps.gsa.broadcastreceiver.CommonBroadcastReceiver
06-03 09:13:45.193  2238  3136 W BroadcastQueue: Background execution not allowed: receiving Intent { act=android.bluetooth.device.action.UUID flg=0x10 (has extras) } to com.google.android.googlequicksearchbox/com.google.android.apps.gsa.broadcastreceiver.CommonBroadcastReceiver
06-03 09:13:45.198  2238  2825 W BroadcastQueue: Background execution not allowed: receiving Intent { act=android.bluetooth.device.action.UUID flg=0x10 (has extras) } to com.google.android.googlequicksearchbox/com.google.android.apps.gsa.broadcastreceiver.CommonBroadcastReceiver
06-03 09:13:55.246  2238  2825 W BroadcastQueue: Background execution not allowed: receiving Intent { act=android.bluetooth.device.action.UUID flg=0x10 (has extras) } to com.google.android.googlequicksearchbox/com.google.android.apps.gsa.broadcastreceiver.CommonBroadcastReceiver
06-03 09:13:55.255  2238  3136 W BroadcastQueue: Background execution not allowed: receiving Intent { act=android.bluetooth.device.action.UUID flg=0x10 (has extras) } to com.google.android.googlequicksearchbox/com.google.android.apps.gsa.broadcastreceiver.CommonBroadcastReceiver
06-03 09:14:05.306  2238  3136 W BroadcastQueue: Background execution not allowed: receiving Intent { act=android.bluetooth.device.action.UUID flg=0x10 (has extras) } to com.google.android.googlequicksearchbox/com.google.android.apps.gsa.broadcastreceiver.CommonBroadcastReceiver
06-03 09:14:05.308  2238  2383 W BroadcastQueue: Background execution not allowed: receiving Intent { act=android.bluetooth.device.action.UUID flg=0x10 (has extras) } to com.google.android.googlequicksearchbox/com.google.android.apps.gsa.broadcastreceiver.CommonBroadcastReceiver
06-03 09:14:15.358  2238  2825 W BroadcastQueue: Background execution not allowed: receiving Intent { act=android.bluetooth.device.action.UUID flg=0x10 (has extras) } to com.google.android.googlequicksearchbox/com.google.android.apps.gsa.broadcastreceiver.CommonBroadcastReceiver
06-03 09:14:15.367  2238  2825 W BroadcastQueue: Background execution not allowed: receiving Intent { act=android.bluetooth.device.action.UUID flg=0x10 (has extras) } to com.google.android.googlequicksearchbox/com.google.android.apps.gsa.broadcastreceiver.CommonBroadcastReceiver
06-03 09:14:16.731  2148  2148 W wificond: Scan is not started. Ignore abort request
06-03 09:14:17.709  2148  2148 I wificond: Received external scan result notification from kernel.
06-03 09:14:18.423  2148  2148 I wificond: Fail RSSI polling because wifi is not associated.
06-03 09:14:20.703  2238  2311 D ConnectivityService: NetworkAgentInfo [WIFI () - 100] EVENT_NETWORK_INFO_CHANGED, going from CONNECTED to DISCONNECTED
06-03 09:14:20.703  2238  2311 D ConnectivityService: NetworkAgentInfo [WIFI () - 100] got DISCONNECTED, was satisfying 6
06-03 09:14:20.708  2238  2256 E BatteryExternalStatsWorker: no controller energy info supplied for wifi
06-03 09:14:20.709  2238  2311 D ConnectivityService: Sending DISCONNECTED broadcast for type 1 NetworkAgentInfo [WIFI () - 100] isDefaultNetwork=true
06-03 09:14:20.711  2238  2311 D NetworkNotificationManager: clearing notification tag=ConnectivityNotification:100 event=SIGN_IN
06-03 09:14:25.423  2238  3136 W BroadcastQueue: Background execution not allowed: receiving Intent { act=android.bluetooth.device.action.UUID flg=0x10 (has extras) } to com.google.android.googlequicksearchbox/com.google.android.apps.gsa.broadcastreceiver.CommonBroadcastReceiver
06-03 09:14:25.426  2238  4366 W BroadcastQueue: Background execution not allowed: receiving Intent { act=android.bluetooth.device.action.UUID flg=0x10 (has extras) } to com.google.android.googlequicksearchbox/com.google.android.apps.gsa.broadcastreceiver.CommonBroadcastReceiver
06-03 09:14:25.647  2148  2148 I wificond: Received external scan result notification from kernel.
06-03 09:14:31.516  2148  2148 I wificond: Received external scan result notification from kernel.
06-03 09:14:35.474  2238  2825 W BroadcastQueue: Background execution not allowed: receiving Intent { act=android.bluetooth.device.action.UUID flg=0x10 (has extras) } to com.google.android.googlequicksearchbox/com.google.android.apps.gsa.broadcastreceiver.CommonBroadcastReceiver
06-03 09:14:35.483  2238  3136 W BroadcastQueue: Background execution not allowed: receiving Intent { act=android.bluetooth.device.action.UUID flg=0x10 (has extras) } to com.google.android.googlequicksearchbox/com.google.android.apps.gsa.broadcastreceiver.CommonBroadcastReceiver
06-03 09:14:42.575  2148  2148 I wificond: Received external scan result notification from kernel.
06-03 09:14:45.533  2238  4366 W BroadcastQueue: Background execution not allowed: receiving Intent { act=android.bluetooth.device.action.UUID flg=0x10 (has extras) } to com.google.android.googlequicksearchbox/com.google.android.apps.gsa.broadcastreceiver.CommonBroadcastReceiver
06-03 09:14:45.537  2238  2250 W BroadcastQueue: Background execution not allowed: receiving Intent { act=android.bluetooth.device.action.UUID flg=0x10 (has extras) } to com.google.android.googlequicksearchbox/com.google.android.apps.gsa.broadcastreceiver.CommonBroadcastReceiver
--------- beginning of crash
06-03 09:14:51.108  4710  4710 F libc    : Fatal signal 6 (SIGABRT), code -6 in tid 4710 (main), pid 4710 (main)
06-03 09:14:51.117  4763  4763 F DEBUG   : *** *** *** *** *** *** *** *** *** *** *** *** *** *** *** ***
06-03 09:14:51.117  4763  4763 F DEBUG   : Build fingerprint: 'OPENTHOS/openthos_x86_64/openthos:8.1.0/OPM8.190105.002/root05290437:eng/test-keys'
06-03 09:14:51.117  4763  4763 F DEBUG   : Revision: '0'
06-03 09:14:51.117  4763  4763 F DEBUG   : ABI: 'x86_64'
06-03 09:14:51.117  4763  4763 F DEBUG   : pid: 4710, tid: 4710, name: main  >>> /system/bin/app_process64 <<<
06-03 09:14:51.117  4763  4763 F DEBUG   : signal 6 (SIGABRT), code -6 (SI_TKILL), fault addr --------
06-03 09:14:51.117  4763  4763 F DEBUG   : Abort message: 'java_vm_ext.cc:534] JNI DETECTED ERROR IN APPLICATION: JNI NewGlobalRef called with pending exception java.lang.ClassNotFoundException: Didn't find class "org.chromium.components.crash.browser.CrashpadMain" on path: DexPathList[[zip file "/system/app/Chromium/Chromium.apk"],nativeLibraryDirectories=[/system/app/Chromium/lib/x86_64, /system/app/Chromium/Chromium.apk!/lib/x86_64, /system/lib64, /system/vendor/lib64, /system/app/Chromium/lib/x86_64, /system/lib64, /system/vendor/lib64]]'
06-03 09:14:51.117  4763  4763 F DEBUG   :     rax 0000000000000000  rbx 0000000000001266  rcx 00007e76692ea738  rdx 0000000000000006
06-03 09:14:51.117  4763  4763 F DEBUG   :     rsi 0000000000001266  rdi 0000000000001266
06-03 09:14:51.117  4763  4763 F DEBUG   :     r8  00007e75e505c800  r9  00007e75e505c800  r10 00007e75e505c800  r11 0000000000000246
