06-03 14:13:25.422  2929  9599 E Uploader: 	at com.android.okhttp.internal.huc.HttpURLConnectionImpl.execute(HttpURLConnectionImpl.java:461)
06-03 14:13:25.422  2929  9599 E Uploader: 	at com.android.okhttp.internal.huc.HttpURLConnectionImpl.connect(HttpURLConnectionImpl.java:127)
06-03 14:13:25.422  2929  9599 E Uploader: 	at com.android.okhttp.internal.huc.HttpURLConnectionImpl.getOutputStream(HttpURLConnectionImpl.java:258)
06-03 14:13:25.422  2929  9599 E Uploader: 	at com.android.okhttp.internal.huc.DelegatingHttpsURLConnection.getOutputStream(DelegatingHttpsURLConnection.java:218)
06-03 14:13:25.422  2929  9599 E Uploader: 	at com.android.okhttp.internal.huc.HttpsURLConnectionImpl.getOutputStream(Unknown Source:0)
06-03 14:13:25.422  2929  9599 E Uploader: 	at wua.a(:com.google.android.gms@12688056@12.6.88 (090800-197970725):60)
06-03 14:13:25.422  2929  9599 E Uploader: 	at wua.execute(:com.google.android.gms@12688056@12.6.88 (090800-197970725):8)
06-03 14:13:25.422  2929  9599 E Uploader: 	at wua.execute(:com.google.android.gms@12688056@12.6.88 (090800-197970725):7)
06-03 14:13:25.422  2929  9599 E Uploader: 	at nmd.a(:com.google.android.gms@12688056@12.6.88 (090800-197970725):10)
06-03 14:13:25.422  2929  9599 E Uploader: 	at nmd.a(:com.google.android.gms@12688056@12.6.88 (090800-197970725):50)
06-03 14:13:25.422  2929  9599 E Uploader: 	at nms.a(:com.google.android.gms@12688056@12.6.88 (090800-197970725):164)
06-03 14:13:25.422  2929  9599 E Uploader: 	at nms.a(:com.google.android.gms@12688056@12.6.88 (090800-197970725):211)
06-03 14:13:25.422  2929  9599 E Uploader: 	at com.google.android.gms.clearcut.uploader.QosUploaderChimeraService.c(:com.google.android.gms@12688056@12.6.88 (090800-197970725):44)
06-03 14:13:25.422  2929  9599 E Uploader: 	at com.google.android.gms.clearcut.uploader.QosUploaderChimeraService.a(:com.google.android.gms@12688056@12.6.88 (090800-197970725):19)
06-03 14:13:25.422  2929  9599 E Uploader: 	at com.google.android.gms.clearcut.uploader.QosUploaderChimeraService.a(:com.google.android.gms@12688056@12.6.88 (090800-197970725):8)
06-03 14:13:25.422  2929  9599 E Uploader: 	at vos.run(:com.google.android.gms@12688056@12.6.88 (090800-197970725):1)
06-03 14:13:25.422  2929  9599 E Uploader: 	at java.util.concurrent.ThreadPoolExecutor.runWorker(ThreadPoolExecutor.java:1162)
06-03 14:13:25.422  2929  9599 E Uploader: 	at java.util.concurrent.ThreadPoolExecutor$Worker.run(ThreadPoolExecutor.java:636)
06-03 14:13:25.422  2929  9599 E Uploader: 	at java.lang.Thread.run(Thread.java:764)
06-03 14:13:25.491  2929  3335 I AsyncOpDispatcher: 51-GetConfigurationSnapshotOperationCall
06-03 14:13:25.493  2929  3335 I AsyncOpDispatcher: 51-CommitToConfigurationOperationCall
06-03 14:13:25.535  9484  9519 I chatty  : uid=10082(com.seafile.seadroid2.debug) expire 10 lines
06-03 14:13:28.372  6540  6540 I chatty  : uid=10054(org.chromium.chrome) expire 10 lines
06-03 14:13:35.537  2929  2938 W SQLiteConnectionPool: A SQLiteConnection object for database '/data/user/0/com.google.android.gms/databases/config.db' was leaked!  Please fix your application to end transactions in progress properly and to close the database when it is no longer needed.
06-03 14:13:47.418  9484  9518 I chatty  : uid=10082(com.seafile.seadroid2.debug) expire 14 lines
06-03 14:13:49.750  2929  9636 E WakeLock: release without a matched acquire!
06-03 14:13:53.383  6540  6540 I chatty  : uid=10054(org.chromium.chrome) expire 10 lines
06-03 14:13:55.550  9484  9519 I chatty  : uid=10082(com.seafile.seadroid2.debug) expire 13 lines
06-03 14:14:09.777  2929  9639 E WakeLock: release without a matched acquire!
06-03 14:14:18.392  6540  6540 I chatty  : uid=10054(org.chromium.chrome) expire 14 lines
06-03 14:14:34.571  9484  9519 I chatty  : uid=10082(com.seafile.seadroid2.debug) expire 10 lines
06-03 14:14:52.371  2121  2189 D Camera_Factory: CameraFactory::get_camera_info
06-03 14:14:52.371  2121  2189 D Camera_Factory: CameraFactory::getCameraInfo: id = 0, info = 0xf545a130
06-03 14:14:52.371  2121  2189 D Camera_Factory: CameraFactory::getCameraNum: 1
06-03 14:14:52.970  3084  3433 I CastDatabase: Saving the database
06-03 14:14:52.973  3084  3433 I SQLiteCastStore: [CastNetworkInfo] saved: 0, skipped: 0, [CastDeviceInfo]: saved 0, skipped 0, Paired Guest Mode DeviceInfo] saved: 0, skipped: 0. [ProbedNetworks]: save 0, skipped: 0
06-03 14:14:53.402  6540  6540 I chatty  : uid=10054(org.chromium.chrome) expire 10 lines
06-03 14:14:57.438  9484  9518 I chatty  : uid=10082(com.seafile.seadroid2.debug) expire 10 lines
06-03 14:15:00.001  2238  2252 I chatty  : uid=1000(system) android.bg expire 14 lines
06-03 14:15:04.587  9484  9519 I chatty  : uid=10082(com.seafile.seadroid2.debug) expire 20 lines
06-03 14:15:09.361  2929  8583 W ctxmgr  : [AclManager]null policy map (1) 57, clientInfo=(accnt=account#-517948760#, com.google.android.gms(10014):IndoorOutdoorProducer, vrsn=12688000, 0, 3pPkg = null ,  3pMdlId = null ,  pid = 2929)
06-03 14:15:09.362  2929  8583 W ctxmgr  : [AclManager]null policy map (2) 57, clientInfo=(accnt=account#-517948760#, com.google.android.gms(10014):IndoorOutdoorProducer, vrsn=12688000, 0, 3pPkg = null ,  3pMdlId = null ,  pid = 2929)
06-03 14:15:09.362  2929  8583 W ctxmgr  : [AclManager]null policy map (1) 57, clientInfo=(accnt=account#-517948760#, com.google.android.gms(10014):IndoorOutdoorProducer, vrsn=12688000, 0, 3pPkg = null ,  3pMdlId = null ,  pid = 2929)
06-03 14:15:09.362  2929  8583 E ctxmgr  : [NetworkUtil]No active synchronizable contexts.
06-03 14:15:18.413  6540  6540 I chatty  : uid=10054(org.chromium.chrome) expire 28 lines
06-03 14:15:47.450  9484  9518 I chatty  : uid=10082(com.seafile.seadroid2.debug) expire 10 lines
06-03 14:16:04.618  9484  9519 I chatty  : uid=10082(com.seafile.seadroid2.debug) expire 10 lines
06-03 14:16:26.793  2929  2929 E ctxmgr  : [BaseServerTask]Server task (GetConfigTask) got error statusCode=-1.
06-03 14:16:26.793  2929  2929 E ctxmgr  : com.android.volley.TimeoutError
06-03 14:16:26.793  2929  2929 E ctxmgr  : 	at com.android.volley.toolbox.BasicNetwork.performRequest(:com.google.android.gms@12688056@12.6.88 (090800-197970725):33)
06-03 14:16:26.793  2929  2929 E ctxmgr  : 	at ono.performRequest(:com.google.android.gms@12688056@12.6.88 (090800-197970725):17)
06-03 14:16:26.793  2929  2929 E ctxmgr  : 	at com.android.volley.NetworkDispatcher.a(:com.google.android.gms@12688056@12.6.88 (090800-197970725):7)
06-03 14:16:26.793  2929  2929 E ctxmgr  : 	at com.android.volley.NetworkDispatcher.run(:com.google.android.gms@12688056@12.6.88 (090800-197970725):2)
06-03 14:16:26.793  2929  8583 E ctxmgr  : [DailyCheckinOperation]Failed daily get config: network status=-1
06-03 14:16:28.441  6540  6540 I chatty  : uid=10054(org.chromium.chrome) expire 32 lines
06-03 14:16:29.757  2238  2252 I chatty  : uid=1000(system) android.bg expire 14 lines
06-03 14:16:34.633  9484  9519 I chatty  : uid=10082(com.seafile.seadroid2.debug) expire 25 lines
06-03 14:16:37.462  9484  9518 I chatty  : uid=10082(com.seafile.seadroid2.debug) expire 22 lines
06-03 14:17:46.519  2929  8038 W ctxmgr  : [AclManager]null policy map (1) 57, clientInfo=(accnt=account#-517948760#, com.google.android.gms(10014):IndoorOutdoorProducer, vrsn=12688000, 0, 3pPkg = null ,  3pMdlId = null ,  pid = 2929)
06-03 14:17:46.519  2929  8038 W ctxmgr  : [AclManager]null policy map (2) 57, clientInfo=(accnt=account#-517948760#, com.google.android.gms(10014):IndoorOutdoorProducer, vrsn=12688000, 0, 3pPkg = null ,  3pMdlId = null ,  pid = 2929)
06-03 14:17:46.519  2929  8038 W ctxmgr  : [AclManager]null policy map (1) 57, clientInfo=(accnt=account#-517948760#, com.google.android.gms(10014):IndoorOutdoorProducer, vrsn=12688000, 0, 3pPkg = null ,  3pMdlId = null ,  pid = 2929)
06-03 14:17:46.520  2929  8038 E ctxmgr  : [NetworkUtil]No active synchronizable contexts.
06-03 14:17:48.468  6540  6540 I chatty  : uid=10054(org.chromium.chrome) expire 34 lines
06-03 14:17:49.669  9484  9519 I chatty  : uid=10082(com.seafile.seadroid2.debug) expire 31 lines
06-03 14:18:27.487  9484  9518 I chatty  : uid=10082(com.seafile.seadroid2.debug) expire 10 lines
06-03 14:19:00.004  2238  2252 I chatty  : uid=1000(system) android.bg expire 12 lines
06-03 14:19:09.776  2929  2929 E ctxmgr  : [BaseServerTask]Server task (GetConfigTask) got error statusCode=-1.
06-03 14:19:09.776  2929  2929 E ctxmgr  : com.android.volley.TimeoutError
06-03 14:19:09.776  2929  2929 E ctxmgr  : 	at com.android.volley.toolbox.BasicNetwork.performRequest(:com.google.android.gms@12688056@12.6.88 (090800-197970725):33)
06-03 14:19:09.776  2929  2929 E ctxmgr  : 	at ono.performRequest(:com.google.android.gms@12688056@12.6.88 (090800-197970725):17)
06-03 14:19:09.776  2929  2929 E ctxmgr  : 	at com.android.volley.NetworkDispatcher.a(:com.google.android.gms@12688056@12.6.88 (090800-197970725):7)
06-03 14:19:09.776  2929  2929 E ctxmgr  : 	at com.android.volley.NetworkDispatcher.run(:com.google.android.gms@12688056@12.6.88 (090800-197970725):2)
06-03 14:19:09.777  2929  8583 E ctxmgr  : [DailyCheckinOperation]Failed daily get config: network status=-1
06-03 14:19:13.499  6540  6540 I chatty  : uid=10054(org.chromium.chrome) expire 16 lines
06-03 14:19:17.499  9484  9518 I chatty  : uid=10082(com.seafile.seadroid2.debug) expire 8 lines
06-03 14:19:22.716  9484  9519 I chatty  : uid=10082(com.seafile.seadroid2.debug) expire 10 lines
06-03 14:19:50.048  2120  2120 I bt_vendor: bt_vendor_op op 7
06-03 14:19:50.048  2120  2120 I bt_vendor: bt_vendor_op op 7 retval 0
06-03 14:19:50.049  2120  2682 D android.hardware.bluetooth-hci-h4: OnDataReady Command complete event ncmds = 1
06-03 14:19:50.051  2120  2682 D android.hardware.bluetooth-hci-h4: OnDataReady Command complete event ncmds = 1
06-03 14:19:52.731  9484  9519 I chatty  : uid=10082(com.seafile.seadroid2.debug) expire 2 lines
06-03 14:19:53.000  3084  3433 I CastDatabase: Saving the database
06-03 14:19:53.003  3084  3433 I SQLiteCastStore: [CastNetworkInfo] saved: 0, skipped: 0, [CastDeviceInfo]: saved 0, skipped 0, Paired Guest Mode DeviceInfo] saved: 0, skipped: 0. [ProbedNetworks]: save 0, skipped: 0
06-03 14:19:53.511  6540  6540 I chatty  : uid=10054(org.chromium.chrome) expire 14 lines
06-03 14:19:56.052  2120  2682 I bt_vendor: bt_vendor_op op 7
06-03 14:19:56.053  2120  2682 I bt_vendor: bt_vendor_op op 7 retval 0
06-03 14:19:57.509  9484  9518 I chatty  : uid=10082(com.seafile.seadroid2.debug) expire 17 lines
06-03 14:19:58.734  9484  9519 I chatty  : uid=10082(com.seafile.seadroid2.debug) expire 19 lines
06-03 14:20:00.013  2362  2362 I RenderThread: type=1400 audit(0.0:1144): avc: denied { ioctl } for path="/dev/dri/card0" dev="tmpfs" ino=2397 ioctlcmd=0x640b scontext=u:r:platform_app:s0:c512,c768 tcontext=u:object_r:device:s0 tclass=chr_file permissive=1
06-03 14:20:25.121  4973  9671 I SetupWizard: [DeferredSetupNotificationSchedulerService] Deferred notification scheduled at Wed May 29 21:00:00 GMT+08:00 2019
06-03 14:20:26.710  2929  7063 W ctxmgr  : [AclManager]null policy map (1) 57, clientInfo=(accnt=account#-517948760#, com.google.android.gms(10014):IndoorOutdoorProducer, vrsn=12688000, 0, 3pPkg = null ,  3pMdlId = null ,  pid = 2929)
06-03 14:20:26.710  2929  7063 W ctxmgr  : [AclManager]null policy map (2) 57, clientInfo=(accnt=account#-517948760#, com.google.android.gms(10014):IndoorOutdoorProducer, vrsn=12688000, 0, 3pPkg = null ,  3pMdlId = null ,  pid = 2929)
06-03 14:20:26.710  2929  7063 W ctxmgr  : [AclManager]null policy map (1) 57, clientInfo=(accnt=account#-517948760#, com.google.android.gms(10014):IndoorOutdoorProducer, vrsn=12688000, 0, 3pPkg = null ,  3pMdlId = null ,  pid = 2929)
06-03 14:20:26.711  2929  7063 E ctxmgr  : [NetworkUtil]No active synchronizable contexts.
06-03 14:20:28.519  6540  6540 I chatty  : uid=10054(org.chromium.chrome) expire 32 lines
06-03 14:20:51.849  2238  2252 I chatty  : uid=1000(system) android.bg expire 24 lines
06-03 14:20:55.762  9484  9519 I chatty  : uid=10082(com.seafile.seadroid2.debug) expire 18 lines
06-03 14:21:17.529  9484  9518 I chatty  : uid=10082(com.seafile.seadroid2.debug) expire 7 lines
06-03 14:21:46.945  2929  2929 E ctxmgr  : [BaseServerTask]Server task (GetConfigTask) got error statusCode=-1.
06-03 14:21:46.945  2929  2929 E ctxmgr  : com.android.volley.TimeoutError
06-03 14:21:46.945  2929  2929 E ctxmgr  : 	at com.android.volley.toolbox.BasicNetwork.performRequest(:com.google.android.gms@12688056@12.6.88 (090800-197970725):33)
06-03 14:21:46.945  2929  2929 E ctxmgr  : 	at ono.performRequest(:com.google.android.gms@12688056@12.6.88 (090800-197970725):17)
06-03 14:21:46.945  2929  2929 E ctxmgr  : 	at com.android.volley.NetworkDispatcher.a(:com.google.android.gms@12688056@12.6.88 (090800-197970725):7)
06-03 14:21:46.945  2929  2929 E ctxmgr  : 	at com.android.volley.NetworkDispatcher.run(:com.google.android.gms@12688056@12.6.88 (090800-197970725):2)
06-03 14:21:46.946  2929  8583 E ctxmgr  : [DailyCheckinOperation]Failed daily get config: network status=-1
06-03 14:21:48.546  6540  6540 I chatty  : uid=10054(org.chromium.chrome) expire 14 lines
06-03 14:21:49.790  9484  9519 I chatty  : uid=10082(com.seafile.seadroid2.debug) expire 16 lines
06-03 14:21:57.536  9484  9518 I chatty  : uid=10082(com.seafile.seadroid2.debug) expire 8 lines
06-03 14:22:20.447  2131  2131 E SurfaceFlinger: [Sprite#0] rejecting buffer: bufWidth=38, bufHeight=38, front.active.{w=33, h=42}
06-03 14:22:21.449  2362  2362 V PanelBar: onTouch: no panel for touch at (1891,35)
06-03 14:22:21.848  2131  2131 E SurfaceFlinger: [Sprite#0] rejecting buffer: bufWidth=38, bufHeight=38, front.active.{w=33, h=42}
06-03 14:22:22.843  2362  2362 V PanelBar: onTouch: no panel for touch at (1912,26)
06-03 14:22:23.545  2362  2362 V PanelBar: onTouch: no panel for touch at (1912,26)
06-03 14:22:23.558  6540  6540 I chatty  : uid=10054(org.chromium.chrome) expire 3 lines
06-03 14:22:23.947  2131  2131 E SurfaceFlinger: [Sprite#0] rejecting buffer: bufWidth=38, bufHeight=38, front.active.{w=33, h=42}
06-03 14:22:23.989  9553  9553 D ViewRootImpl[TermuxActivity]: updatePointerIcon called with position out of bounds
06-03 14:22:23.998  9553  9553 D ViewRootImpl[TermuxActivity]: updatePointerIcon called with position out of bounds
06-03 14:22:24.947  2131  2131 E SurfaceFlinger: [Sprite#0] rejecting buffer: bufWidth=38, bufHeight=38, front.active.{w=33, h=42}
06-03 14:22:26.409  2238  2377 I WindowManager: Failed to capture screenshot of Token{7682d5 ActivityRecord{73fcb8c u0 com.termux/.app.TermuxActivity t12}} appWin=Window{16d9cf9 u0 com.termux/com.termux.app.TermuxActivity} drawState=4
06-03 14:22:26.410  2238  2238 I chatty  : uid=1000 system_server expire 9 lines
06-03 14:22:26.420  2238  2377 I WindowManager: Failed to capture screenshot of Token{cc350c4 ActivityRecord{64e6fd7 u0 org.chromium.chrome/com.google.android.apps.chrome.Main t7}} appWin=Window{acacfd5 u0 org.chromium.chrome/com.google.android.apps.chrome.Main} drawState=4
06-03 14:22:26.424  2362  2362 V PanelBar: onTouch: no panel for touch at (1909,44)
06-03 14:22:26.424  2362  2362 I StatusBar: taskId 7 keep true cmpComponentInfo{org.chromium.chrome/org.chromium.chrome.browser.ChromeTabbedActivity}
06-03 14:22:26.427  2929  2944 V PackageManager: [e525f317-73fe-4271-b194-1bdc89d5db9c] Phase1 called; posting
06-03 14:22:26.428  2929  2929 D PackageManager: [e525f317-73fe-4271-b194-1bdc89d5db9c] Phase1 request; prefix: [1208311808, 305614848]
06-03 14:22:26.430  2929  2944 V PackageManager: [79a45a7f-84e6-49f1-87c7-fe3a01aa607b] Phase1 called; posting
06-03 14:22:26.430  2929  2929 D PackageManager: [79a45a7f-84e6-49f1-87c7-fe3a01aa607b] Phase1 request; prefix: [1208311808, 305614848]
06-03 14:22:26.430  6540  6573 I chatty  : uid=10054(org.chromium.chrome) Chrome_ProcessL expire 1 line
06-03 14:22:26.446  6540  6540 I chatty  : uid=10054(org.chromium.chrome) expire 8 lines
06-03 14:22:26.477  2131  2191 E BufferQueueProducer: [SurfaceView - org.chromium.chrome/com.google.android.apps.chrome.Main#0] cancelBuffer: BufferQueue has been abandoned
06-03 14:22:27.097  2131  2131 E SurfaceFlinger: [Sprite#0] rejecting buffer: bufWidth=38, bufHeight=38, front.active.{w=33, h=42}
06-03 14:22:27.197  2131  2131 E SurfaceFlinger: [Sprite#0] rejecting buffer: bufWidth=38, bufHeight=38, front.active.{w=33, h=42}
06-03 14:22:27.465  2362  2362 D ViewRootImpl[StatusBar]: updatePointerIcon called with position out of bounds
06-03 14:22:28.635  2362  2362 I chatty  : uid=10033(com.android.systemui) identical 1 line
06-03 14:22:28.899  2362  2362 D ViewRootImpl[StatusBar]: updatePointerIcon called with position out of bounds
06-03 14:22:28.901  2238  3136 I ActivityManager: START u0 {act=android.intent.action.MAIN cat=[android.intent.category.LAUNCHER] flg=0x18000000 pkg=org.openthos.filemanager cmp=org.openthos.filemanager/.MainActivity (has extras)} from uid 10064
06-03 14:22:28.909  9694  9694 I main    : type=1400 audit(0.0:1149): avc: denied { mounton } for path="/storage" dev="tmpfs" ino=9274 scontext=u:r:zygote:s0 tcontext=u:object_r:tmpfs:s0 tclass=dir permissive=1
06-03 14:22:28.912  9694  9694 W zygote64: Unexpected CPU variant for X86 using defaults: x86_64
06-03 14:22:28.916  2238  3136 I ActivityManager: Start proc 9694:org.openthos.filemanager/u0a24 for activity org.openthos.filemanager/.MainActivity
06-03 14:22:28.922  2362  2362 I StatusBar: taskId 13 keep true cmpComponentInfo{org.openthos.filemanager/org.openthos.filemanager.MainActivity}
06-03 14:22:29.029  9694  9694 I FileManager: org.openthos.filemanager.MainActivity Start
06-03 14:22:29.030  9694  9694 I FileManager: org.openthos.filemanager.MainActivity Resume
06-03 14:22:29.032  9694  9711 D OpenGLRenderer: HWUI GL Pipeline
06-03 14:22:29.049  9694  9694 I RenderThread: type=1400 audit(0.0:1150): avc: denied { read write } for name="card0" dev="tmpfs" ino=2397 scontext=u:r:platform_app:s0:c512,c768 tcontext=u:object_r:device:s0 tclass=chr_file permissive=1
06-03 14:22:29.049  9694  9694 I RenderThread: type=1400 audit(0.0:1151): avc: denied { open } for path="/dev/dri/card0" dev="tmpfs" ino=2397 scontext=u:r:platform_app:s0:c512,c768 tcontext=u:object_r:device:s0 tclass=chr_file permissive=1
06-03 14:22:29.049  9694  9694 I RenderThread: type=1400 audit(0.0:1152): avc: denied { getattr } for path="/dev/dri/card0" dev="tmpfs" ino=2397 scontext=u:r:platform_app:s0:c512,c768 tcontext=u:object_r:device:s0 tclass=chr_file permissive=1
06-03 14:22:29.049  9694  9694 I RenderThread: type=1400 audit(0.0:1153): avc: denied { read } for name="dri" dev="tmpfs" ino=10566 scontext=u:r:platform_app:s0:c512,c768 tcontext=u:object_r:device:s0 tclass=dir permissive=1
06-03 14:22:29.049  9694  9694 I RenderThread: type=1400 audit(0.0:1154): avc: denied { open } for path="/dev/dri" dev="tmpfs" ino=10566 scontext=u:r:platform_app:s0:c512,c768 tcontext=u:object_r:device:s0 tclass=dir permissive=1
06-03 14:22:29.050  9694  9711 D vndksupport: Loading /vendor/lib64/hw/gralloc.drm.so from current namespace instead of sphal namespace.
06-03 14:22:29.051  9694  9711 I GRALLOC-DRM: create intel for driver i915
06-03 14:22:29.053  9694  9711 I EGL-MAIN: found extension DRI_Core version 2
06-03 14:22:29.053  9694  9711 I EGL-MAIN: found extension DRI_DRI2 version 4
06-03 14:22:29.059  9694  9711 I EGL-MAIN: found extension DRI_TexBuffer version 3
06-03 14:22:29.059  9694  9711 I EGL-MAIN: found extension DRI2_Flush version 4
06-03 14:22:29.059  9694  9711 I EGL-MAIN: found extension DRI_IMAGE version 16
06-03 14:22:29.059  9694  9711 I EGL-MAIN: found extension DRI2_Fence version 2
06-03 14:22:29.059  9694  9711 I EGL-MAIN: found extension DRI_IMAGE version 16
06-03 14:22:29.059  9694  9711 I EGL-MAIN: found extension DRI_RENDERER_QUERY version 1
06-03 14:22:29.059  9694  9711 I EGL-MAIN: found extension DRI_MutableRenderBufferDriver version 1
06-03 14:22:29.059  9694  9711 I EGL-MAIN: found extension DRI_CONFIG_QUERY version 1
06-03 14:22:29.059  9694  9711 I EGL-MAIN: found extension DRI_Robustness version 1
06-03 14:22:29.059  9694  9711 I EGL-MAIN: found extension DRI_NoError version 1
06-03 14:22:29.059  9694  9711 I EGL-MAIN: found extension DRI2_Blob version 1
06-03 14:22:29.060  9694  9711 I org.openthos.filemanager: android::hardware::configstore::V1_0::ISurfaceFlingerConfigs::hasWideColorDisplay retrieved: 0
06-03 14:22:29.060  9694  9711 I OpenGLRenderer: Initialized EGL, version 1.4
06-03 14:22:29.060  9694  9711 D OpenGLRenderer: Swap behavior 2
06-03 14:22:29.061  9694  9711 E OpenGLRenderer: Device claims wide gamut support, cannot find matching config, error = EGL_SUCCESS
06-03 14:22:29.073  9694  9711 D vndksupport: Loading /vendor/lib64/hw/android.hardware.graphics.mapper@2.0-impl.so from current namespace instead of sphal namespace.
06-03 14:22:29.073  9694  9711 D vndksupport: Loading /vendor/lib64/hw/gralloc.drm.so from current namespace instead of sphal namespace.
06-03 14:22:30.669  2362  2362 D ViewRootImpl[StatusBar]: updatePointerIcon called with position out of bounds
06-03 14:22:30.674  9694  9694 I SystemSpaceFragment: computeScrollPosition: result pos: /storage/emulated/0/Download 0 stack count:0
06-03 14:22:31.351  2362  2362 D ViewRootImpl[StatusBar]: updatePointerIcon called with position out of bounds
06-03 14:22:33.052  2131  2131 E SurfaceFlinger: [Sprite#0] rejecting buffer: bufWidth=38, bufHeight=38, front.active.{w=33, h=42}
06-03 14:22:34.020  2238  2249 W WindowManager: Attempted to set replacing window on non-existing app token Token{7682d5 ActivityRecord{73fcb8c u0 com.termux/.app.TermuxActivity t12}}
06-03 14:22:34.022  2117  4941 I audio_hw_primary: choose pcmC0D0p for 0
06-03 14:22:34.036  2362  2362 I StatusBar: taskId 12 keep true cmpComponentInfo{com.termux/com.termux.app.TermuxActivity}
06-03 14:22:34.352  2131  2131 I surfaceflinger: type=1400 audit(0.0:1156): avc: denied { map } for path=2F69393135202864656C6574656429 dev="tmpfs" ino=151513 scontext=u:r:surfaceflinger:s0 tcontext=u:object_r:surfaceflinger_tmpfs:s0 tclass=file permissive=1
06-03 14:22:34.470  9553  9553 D ViewRootImpl[TermuxActivity]: updatePointerIcon called with position out of bounds
06-03 14:22:34.503  2131  2131 E SurfaceFlinger: [Sprite#0] rejecting buffer: bufWidth=38, bufHeight=38, front.active.{w=33, h=42}
06-03 14:22:36.485  6540  6573 I chatty  : uid=10054(org.chromium.chrome) Chrome_ProcessL expire 1 line
06-03 14:22:37.545  9484  9518 I chatty  : uid=10082(com.seafile.seadroid2.debug) expire 2 lines
06-03 14:22:37.814  9484  9519 I chatty  : uid=10082(com.seafile.seadroid2.debug) expire 4 lines
06-03 14:22:43.722  6540  6540 I chatty  : uid=10054(org.chromium.chrome) expire 10 lines
06-03 14:22:46.214  2131  2131 E SurfaceFlinger: [Sprite#0] rejecting buffer: bufWidth=38, bufHeight=38, front.active.{w=33, h=42}
06-03 14:22:34.481  9553  9553 D ViewRootImpl[TermuxActivity]: updatePointerIcon called with position out of bounds
06-03 14:22:46.652  2238  2824 E WindowManager: Unknown window type: 2039
06-03 14:22:46.655  2362  2362 V PanelBar: onTouch: no panel for touch at (26,28)
06-03 14:22:46.670  2238  2824 I chatty  : uid=1000(system) Binder:2238_8 identical 3 lines
06-03 14:22:46.671  2238  2824 E WindowManager: Unknown window type: 2039
06-03 14:22:46.677  2238  2252 I chatty  : uid=1000(system) android.bg expire 24 lines
06-03 14:22:46.684  2238  2249 E WindowManager: Unknown window type: 2039
06-03 14:22:46.693  2238  2285 E WindowManager: Unknown window type: 2039
06-03 14:22:46.697  2238  2285 E WindowManager: Unknown window type: 2039
06-03 14:22:46.698  2238  3143 E WindowManager: Unknown window type: 2039
06-03 14:22:46.815  2238  2285 E WindowManager: Unknown window type: 2039
06-03 14:22:47.547  9484  9518 I chatty  : uid=10082(com.seafile.seadroid2.debug) expire 6 lines
06-03 14:22:48.731  2131  2131 E SurfaceFlinger: [Sprite#0] rejecting buffer: bufWidth=38, bufHeight=38, front.active.{w=33, h=42}
06-03 14:22:49.407  2362  2362 D ViewRootImpl[OpenthosStatusBar]: updatePointerIcon called with position out of bounds
06-03 14:22:49.407  2362  2362 D ViewRootImpl[StatusBar]: updatePointerIcon called with position out of bounds
06-03 14:22:49.504  2238  2249 I ActivityManager: START u0 {act=android.intent.action.MAIN cat=[android.intent.category.LAUNCHER] flg=0x30000000 cmp=com.seafile.seadroid2.debug/com.seafile.seadroid2.ui.activity.SplashActivity} from uid 10033
06-03 14:22:49.506  2117  4941 I audio_hw_primary: choose pcmC0D0p for 0
06-03 14:22:49.507  2238  2249 E ActivityManager: applyOptionsLocked: Unknown animationType=0
06-03 14:22:49.510  2238  2249 E WindowManager: Unknown window type: 2039
06-03 14:22:49.513  2238  3143 E WindowManager: Unknown window type: 2039
06-03 14:22:49.514  2362  2362 I StatusBar: taskId 14 keep true cmpComponentInfo{com.seafile.seadroid2.debug/com.seafile.seadroid2.ui.activity.SplashActivity}
06-03 14:22:49.514  2238  2285 E WindowManager: Unknown window type: 2039
06-03 14:22:49.547  2238  2285 I chatty  : uid=1000(system) android.anim identical 3 lines
06-03 14:22:49.559  9484  9484 I chatty  : uid=10082(com.seafile.seadroid2.debug) expire 34 lines
06-03 14:22:49.564  2238  2285 E WindowManager: Unknown window type: 2039
06-03 14:22:49.566  2238  3143 E WindowManager: Unknown window type: 2039
06-03 14:22:49.567  2238  3143 E WindowManager: Unknown window type: 2039
06-03 14:22:49.595  2238  2285 E WindowManager: Unknown window type: 2039
06-03 14:22:49.597  2238  2285 I chatty  : uid=1000(system) android.anim identical 3 lines
06-03 14:22:49.648  2238  2285 E WindowManager: Unknown window type: 2039
06-03 14:22:49.712  9484  9484 D ViewRootImpl[SplashActivity]: updatePointerIcon called with position out of bounds
06-03 14:22:49.731  2131  2131 E SurfaceFlinger: [Sprite#0] rejecting buffer: bufWidth=38, bufHeight=38, front.active.{w=33, h=42}
06-03 14:22:49.779  9484  9484 I chatty  : uid=10082(com.seafile.seadroid2.debug) identical 1 line
06-03 14:22:49.798  9484  9484 D ViewRootImpl[SplashActivity]: updatePointerIcon called with position out of bounds
06-03 14:22:49.821  9484  9519 I chatty  : uid=10082(com.seafile.seadroid2.debug) expire 9 lines
06-03 14:22:50.559  2238  3143 I ActivityManager: START u0 {cmp=com.seafile.seadroid2.debug/com.seafile.seadroid2.ui.activity.BrowserActivity} from uid 10082
06-03 14:22:50.563  2362  2362 I StatusBar: taskId 14 keep true cmpComponentInfo{com.seafile.seadroid2.debug/com.seafile.seadroid2.ui.activity.SplashActivity}
06-03 14:22:50.661  2238  2253 V ActivityManager: Attempted to start a foreground service (ComponentInfo{com.seafile.seadroid2.debug/com.seafile.seadroid2.cameraupload.MediaObserverService}) with a broken notification (no icon: Notification(channel=null pri=0 contentView=null vibrate=null sound=null defaults=0x0 flags=0x40 color=0x00000000 vis=PRIVATE))
06-03 14:22:50.663  9484  9507 I chatty  : uid=10082(com.seafile.seadroid2.debug) expire 1 line
06-03 14:22:50.667  9484  9737 I chatty  : uid=10082(com.seafile.seadroid2.debug) expire 1 line
06-03 14:22:50.700  2238  3467 I chatty  : uid=1000(system) RenderThread expire 57 lines
06-03 14:22:50.729  9484  9489 I chatty  : uid=10082(com.seafile.seadroid2.debug) expire 7 lines
06-03 14:22:50.916  2131  2191 E SurfaceFlinger: Failed to find layer (com.seafile.seadroid2.debug/com.seafile.seadroid2.ui.activity.SplashActivity#0) in layer parent (no-parent).
06-03 14:22:52.666  2238  2238 W WindowManager: removeWindowToken: Attempted to remove non-existing token: android.os.Binder@1822a50
06-03 14:22:53.043  2362  2362 D ViewRootImpl[StatusBar]: updatePointerIcon called with position out of bounds
06-03 14:22:53.067  2131  2131 E SurfaceFlinger: [Sprite#0] rejecting buffer: bufWidth=33, bufHeight=42, front.active.{w=38, h=38}
06-03 14:22:53.164  2130  2130 I lmkd    : type=1400 audit(0.0:1160): avc: denied { dac_read_search } for capability=2 scontext=u:r:lmkd:s0 tcontext=u:r:lmkd:s0 tclass=capability permissive=1
06-03 14:22:53.164  2362  2362 I StatusBar: taskId 12 keep true cmpComponentInfo{com.termux/com.termux.app.TermuxActivity}
06-03 14:22:53.216  2238  3143 I chatty  : uid=1000(system) Binder:2238_E expire 4 lines
06-03 14:22:53.238  2238  2253 I chatty  : uid=1000(system) ActivityManager expire 2 lines
06-03 14:22:53.267  2362  2362 I StatusBar: taskId 14 keep false cmpComponentInfo{com.seafile.seadroid2.debug/com.seafile.seadroid2.ui.activity.SplashActivity}
06-03 14:22:53.305  9553  9553 D ViewRootImpl[TermuxActivity]: updatePointerIcon called with position out of bounds
06-03 14:22:53.315  9553  9553 I chatty  : uid=10034(com.termux) identical 1 line
06-03 14:22:53.331  9553  9553 D ViewRootImpl[TermuxActivity]: updatePointerIcon called with position out of bounds
06-03 14:22:54.717  2238  3143 E WindowManager: Unknown window type: 2039
06-03 14:22:54.717  2238  3143 I chatty  : uid=1000(system) Binder:2238_E identical 1 line
06-03 14:22:54.717  2238  3143 E WindowManager: Unknown window type: 2039
06-03 14:22:54.719  2362  2362 V PanelBar: onTouch: no panel for touch at (40,45)
06-03 14:22:54.735  2238  2249 E WindowManager: Unknown window type: 2039
06-03 14:22:54.737  2238  2249 E WindowManager: Unknown window type: 2039
06-03 14:22:54.791  2238  3143 E WindowManager: Unknown window type: 2039
06-03 14:22:54.833  2238  2285 E WindowManager: Unknown window type: 2039
06-03 14:22:54.835  2238  3143 E WindowManager: Unknown window type: 2039
06-03 14:22:54.849  2238  2249 E WindowManager: Unknown window type: 2039
06-03 14:22:54.851  2238  2285 E WindowManager: Unknown window type: 2039
06-03 14:22:54.965  2238  2285 E WindowManager: Unknown window type: 2039
06-03 14:22:55.219  2131  2131 E SurfaceFlinger: [Sprite#0] rejecting buffer: bufWidth=38, bufHeight=38, front.active.{w=33, h=42}
06-03 14:22:56.641  2362  2362 D ViewRootImpl[OpenthosStatusBar]: updatePointerIcon called with position out of bounds
06-03 14:22:56.641  2362  2362 D ViewRootImpl[StatusBar]: updatePointerIcon called with position out of bounds
06-03 14:22:56.647  2238  2249 E WindowManager: Unknown window type: 2039
06-03 14:22:56.653  2238  2249 I chatty  : uid=1000(system) Binder:2238_1 identical 1 line
06-03 14:22:56.670  2131  2131 D SurfaceFlinger: duplicate layer name: changing  to #1
06-03 14:22:56.672  2238  2249 E WindowManager: Unknown window type: 2039
06-03 14:22:56.685  2238  2285 E WindowManager: Unknown window type: 2039
06-03 14:22:56.698  2238  2285 E WindowManager: Unknown window type: 2039
06-03 14:22:56.801  2362  2362 D ViewRootImpl[]: updatePointerIcon called with position out of bounds
06-03 14:22:56.814  2362  2362 D ViewRootImpl[]: updatePointerIcon called with position out of bounds
06-03 14:22:56.948  2238  2285 E WindowManager: Unknown window type: 2039
06-03 14:22:57.164  2362  2362 D ViewRootImpl[]: updatePointerIcon called with position out of bounds
06-03 14:22:57.204  2131  2131 E SurfaceFlinger: [Sprite#0] rejecting buffer: bufWidth=38, bufHeight=38, front.active.{w=33, h=42}
06-03 14:22:57.995  2362  2362 D ViewRootImpl[OpenthosStatusBar]: updatePointerIcon called with position out of bounds
06-03 14:22:57.995  2362  2362 D ViewRootImpl[StatusBar]: updatePointerIcon called with position out of bounds
06-03 14:22:58.109  2238  2249 I ActivityManager: START u0 {act=android.intent.action.MAIN cat=[android.intent.category.LAUNCHER] flg=0x30000000 cmp=com.seafile.seadroid2.debug/com.seafile.seadroid2.ui.activity.SplashActivity} from uid 10033
06-03 14:22:58.110  2117  4941 I audio_hw_primary: choose pcmC0D0p for 0
06-03 14:22:58.113  2238  2249 E ActivityManager: applyOptionsLocked: Unknown animationType=0
06-03 14:22:58.114  2238  2249 E WindowManager: Unknown window type: 2039
06-03 14:22:58.116  2238  2249 E WindowManager: Unknown window type: 2039
06-03 14:22:58.118  2238  3143 E WindowManager: Unknown window type: 2039
06-03 14:22:58.118  2362  2362 I StatusBar: taskId 15 keep true cmpComponentInfo{com.seafile.seadroid2.debug/com.seafile.seadroid2.ui.activity.SplashActivity}
06-03 14:22:58.138  2238  2285 E WindowManager: Unknown window type: 2039
06-03 14:22:58.152  2238  2285 I chatty  : uid=1000(system) android.anim identical 2 lines
06-03 14:22:58.164  2238  2285 E WindowManager: Unknown window type: 2039
06-03 14:22:58.183  2238  2249 E WindowManager: Unknown window type: 2039
06-03 14:22:58.189  2238  2249 E WindowManager: Unknown window type: 2039
06-03 14:22:58.211  2238  2285 E WindowManager: Unknown window type: 2039
06-03 14:22:58.214  2238  2285 I chatty  : uid=1000(system) android.anim identical 3 lines
06-03 14:22:58.248  2238  2285 E WindowManager: Unknown window type: 2039
06-03 14:22:58.299  9484  9484 D ViewRootImpl[SplashActivity]: updatePointerIcon called with position out of bounds
06-03 14:22:58.304  9484  9484 D ViewRootImpl[SplashActivity]: updatePointerIcon called with position out of bounds
06-03 14:22:58.314  2131  2131 E SurfaceFlinger: [Sprite#0] rejecting buffer: bufWidth=38, bufHeight=38, front.active.{w=33, h=42}
06-03 14:22:58.384  2238  2285 W AppOps  : Finishing op nesting under-run: uid 10033 pkg com.android.systemui code 24 time=0 duration=0 nesting=0
06-03 14:22:58.515  9553  9553 D ViewRootImpl[TermuxActivity]: updatePointerIcon called with position out of bounds
06-03 14:22:58.516  9553  9553 D ViewRootImpl[TermuxActivity]: updatePointerIcon called with position out of bounds
06-03 14:22:58.571  9484  9484 D ViewRootImpl[SplashActivity]: updatePointerIcon called with position out of bounds
06-03 14:22:58.916  9484  9484 I chatty  : uid=10082(com.seafile.seadroid2.debug) identical 6 lines
06-03 14:22:58.931  9484  9484 D ViewRootImpl[SplashActivity]: updatePointerIcon called with position out of bounds
06-03 14:22:59.162  2238  2249 I ActivityManager: START u0 {cmp=com.seafile.seadroid2.debug/com.seafile.seadroid2.ui.activity.BrowserActivity} from uid 10082
06-03 14:22:59.165  2362  2362 I StatusBar: taskId 15 keep true cmpComponentInfo{com.seafile.seadroid2.debug/com.seafile.seadroid2.ui.activity.SplashActivity}
06-03 14:22:59.261  9484  9484 W ViewRootImpl[SplashActivity]: Dropping event due to no window focus: MotionEvent { action=ACTION_HOVER_MOVE, actionButton=0, id[0]=0, x[0]=89.44177, y[0]=361.58405, toolType[0]=TOOL_TYPE_MOUSE, buttonState=0, metaState=0, flags=0x0, edgeFlags=0x0, pointerCount=1, historySize=1, eventTime=19130289, downTime=19129114, deviceId=3, source=0x2002 }
06-03 14:22:59.290  9484  9484 W ViewRootImpl[SplashActivity]: Cancelling event due to no window focus: MotionEvent { action=ACTION_CANCEL, actionButton=0, id[0]=0, x[0]=94.38208, y[0]=361.58405, toolType[0]=TOOL_TYPE_MOUSE, buttonState=0, metaState=0, flags=0x0, edgeFlags=0x0, pointerCount=1, historySize=0, eventTime=19130293, downTime=19129114, deviceId=3, source=0x2002 }
06-03 14:22:59.290  9484  9484 I chatty  : uid=10082(com.seafile.seadroid2.debug) identical 2 lines
06-03 14:22:59.291  9484  9484 W ViewRootImpl[SplashActivity]: Cancelling event due to no window focus: MotionEvent { action=ACTION_CANCEL, actionButton=0, id[0]=0, x[0]=94.38208, y[0]=361.58405, toolType[0]=TOOL_TYPE_MOUSE, buttonState=0, metaState=0, flags=0x0, edgeFlags=0x0, pointerCount=1, historySize=0, eventTime=19130293, downTime=19129114, deviceId=3, source=0x2002 }
06-03 14:22:59.291  2238  2253 V ActivityManager: Attempted to start a foreground service (ComponentInfo{com.seafile.seadroid2.debug/com.seafile.seadroid2.cameraupload.MediaObserverService}) with a broken notification (no icon: Notification(channel=null pri=0 contentView=null vibrate=null sound=null defaults=0x0 flags=0x40 color=0x00000000 vis=PRIVATE))
06-03 14:22:59.293  9484  9512 I chatty  : uid=10082(com.seafile.seadroid2.debug) expire 1 line
06-03 14:23:01.295  2238  2238 W WindowManager: removeWindowToken: Attempted to remove non-existing token: android.os.Binder@784d64b
06-03 14:23:04.427  2362  2362 D ViewRootImpl[StatusBar]: updatePointerIcon called with position out of bounds
06-03 14:23:04.529  2117  4941 I audio_hw_primary: choose pcmC0D0p for 0
06-03 14:23:06.283  2929  9163 W ctxmgr  : [AclManager]null policy map (1) 57, clientInfo=(accnt=account#-517948760#, com.google.android.gms(10014):IndoorOutdoorProducer, vrsn=12688000, 0, 3pPkg = null ,  3pMdlId = null ,  pid = 2929)
06-03 14:23:06.284  2929  9163 W ctxmgr  : [AclManager]null policy map (2) 57, clientInfo=(accnt=account#-517948760#, com.google.android.gms(10014):IndoorOutdoorProducer, vrsn=12688000, 0, 3pPkg = null ,  3pMdlId = null ,  pid = 2929)
06-03 14:23:06.285  2929  9163 W ctxmgr  : [AclManager]null policy map (1) 57, clientInfo=(accnt=account#-517948760#, com.google.android.gms(10014):IndoorOutdoorProducer, vrsn=12688000, 0, 3pPkg = null ,  3pMdlId = null ,  pid = 2929)
06-03 14:23:06.285  2362  2362 I chatty  : uid=10033(com.android.systemui) identical 2 lines
06-03 14:23:06.286  2929  9163 E ctxmgr  : [NetworkUtil]No active synchronizable contexts.
06-03 14:23:07.135  2362  2362 D ViewRootImpl[StatusBar]: updatePointerIcon called with position out of bounds
06-03 14:23:08.895  6540  6540 I chatty  : uid=10054(org.chromium.chrome) expire 10 lines
06-03 14:23:09.164  2131  2131 E SurfaceFlinger: [Sprite#0] rejecting buffer: bufWidth=38, bufHeight=38, front.active.{w=33, h=42}
06-03 14:23:10.141  2238  2252 I chatty  : uid=1000(system) android.bg expire 14 lines
06-03 14:23:10.774  2238  2238 W WindowManager: removeWindowToken: Attempted to remove non-existing token: android.os.Binder@c3d709c
06-03 14:23:10.792  2238  9747 I chatty  : uid=1000 system_server expire 2 lines
06-03 14:23:10.793  2238  9748 I chatty  : uid=1000 system_server expire 2 lines
06-03 14:23:11.051  2362  2362 D ViewRootImpl[StatusBar]: updatePointerIcon called with position out of bounds
06-03 14:23:11.168  9484  9484 I chatty  : uid=10082(com.seafile.seadroid2.debug) expire 47 lines
06-03 14:23:11.169  2362  2362 I StatusBar: taskId 12 keep true cmpComponentInfo{com.termux/com.termux.app.TermuxActivity}
06-03 14:23:11.240  2238  2253 I chatty  : uid=1000(system) ActivityManager expire 11 lines
06-03 14:23:11.252  2362  2362 I StatusBar: taskId 15 keep false cmpComponentInfo{com.seafile.seadroid2.debug/com.seafile.seadroid2.ui.activity.SplashActivity}
06-03 14:23:11.428  9553  9553 D ViewRootImpl[TermuxActivity]: updatePointerIcon called with position out of bounds
06-03 14:23:11.448  9553  9553 I chatty  : uid=10034(com.termux) identical 1 line
06-03 14:23:11.900  2238  3467 I chatty  : uid=1000(system) RenderThread expire 38 lines
06-03 14:23:11.929  9553  9553 D ViewRootImpl[TermuxActivity]: updatePointerIcon called with position out of bounds
06-03 14:23:11.932  2131  2131 E SurfaceFlinger: [Sprite#0] rejecting buffer: bufWidth=38, bufHeight=38, front.active.{w=33, h=42}
06-03 14:23:12.082  2131  2131 E SurfaceFlinger: [Sprite#0] rejecting buffer: bufWidth=38, bufHeight=38, front.active.{w=33, h=42}
06-03 14:23:13.063  2362  2362 V PanelBar: onTouch: no panel for touch at (0,32)
06-03 14:23:14.343  2238  2249 E WindowManager: Unknown window type: 2039
06-03 14:23:14.345  2362  2362 V PanelBar: onTouch: no panel for touch at (24,54)
06-03 14:23:14.361  2238  2249 I chatty  : uid=1000(system) Binder:2238_1 identical 3 lines
06-03 14:23:14.363  2238  2249 E WindowManager: Unknown window type: 2039
06-03 14:23:14.401  2238  3143 I chatty  : uid=1000(system) Binder:2238_E expire 1 line
06-03 14:23:14.403  2238  2238 I chatty  : uid=1000 system_server expire 16 lines
06-03 14:23:14.416  2238  2824 E WindowManager: Unknown window type: 2039
06-03 14:23:14.458  2238  2285 E WindowManager: Unknown window type: 2039
06-03 14:23:14.459  2238  2824 E WindowManager: Unknown window type: 2039
06-03 14:23:14.464  2238  2285 E WindowManager: Unknown window type: 2039
06-03 14:23:14.464  2238  2824 E WindowManager: Unknown window type: 2039
06-03 14:23:14.581  2238  2285 E WindowManager: Unknown window type: 2039
06-03 14:23:14.671  2238  2260 E WindowManager: Unknown window type: 2039
06-03 14:23:14.918  2131  2131 E SurfaceFlinger: [Sprite#0] rejecting buffer: bufWidth=38, bufHeight=38, front.active.{w=33, h=42}
06-03 14:23:15.885  2131  2131 E SurfaceFlinger: [Sprite#0] rejecting buffer: bufWidth=38, bufHeight=38, front.active.{w=33, h=42}
06-03 14:23:16.191  2362  2362 D ViewRootImpl[OpenthosStatusBar]: updatePointerIcon called with position out of bounds
06-03 14:23:16.191  2362  2362 D ViewRootImpl[StatusBar]: updatePointerIcon called with position out of bounds
06-03 14:23:16.304  2238  2824 I ActivityManager: START u0 {act=android.intent.action.MAIN cat=[android.intent.category.LAUNCHER] flg=0x30000000 cmp=com.seafile.seadroid2.debug/com.seafile.seadroid2.ui.activity.SplashActivity} from uid 10033
06-03 14:23:16.306  2117  4941 I audio_hw_primary: choose pcmC0D0p for 0
06-03 14:23:16.307  2238  2824 E ActivityManager: applyOptionsLocked: Unknown animationType=0
06-03 14:23:16.309  2238  2824 E WindowManager: Unknown window type: 2039
06-03 14:23:16.311  2238  2824 E WindowManager: Unknown window type: 2039
06-03 14:23:16.311  2362  2362 I StatusBar: taskId 16 keep true cmpComponentInfo{com.seafile.seadroid2.debug/com.seafile.seadroid2.ui.activity.SplashActivity}
06-03 14:23:16.314  2238  2285 E WindowManager: Unknown window type: 2039
06-03 14:23:16.333  2238  2824 E WindowManager: Unknown window type: 2039
06-03 14:23:16.355  2238  2824 E WindowManager: Unknown window type: 2039
06-03 14:23:16.360  2238  2285 E WindowManager: Unknown window type: 2039
06-03 14:23:16.398  2238  2260 I chatty  : uid=1000(system) android.display expire 11 lines
06-03 14:23:16.400  2238  2285 I chatty  : uid=1000(system) android.anim identical 6 lines
06-03 14:23:16.431  2238  2285 E WindowManager: Unknown window type: 2039
06-03 14:23:16.466  9553  9553 D ViewRootImpl[TermuxActivity]: updatePointerIcon called with position out of bounds
06-03 14:23:16.498  9553  9553 I chatty  : uid=10034(com.termux) identical 2 lines
06-03 14:23:16.515  9553  9553 D ViewRootImpl[TermuxActivity]: updatePointerIcon called with position out of bounds
06-03 14:23:16.562  9484  9484 D ViewRootImpl[SplashActivity]: updatePointerIcon called with position out of bounds
06-03 14:23:16.586  2131  2131 E SurfaceFlinger: [Sprite#0] rejecting buffer: bufWidth=38, bufHeight=38, front.active.{w=33, h=42}
06-03 14:23:16.834  9484  9519 I chatty  : uid=10082(com.seafile.seadroid2.debug) expire 11 lines
06-03 14:23:17.318  2238  2249 I ActivityManager: START u0 {cmp=com.seafile.seadroid2.debug/com.seafile.seadroid2.ui.activity.BrowserActivity} from uid 10082
06-03 14:23:17.321  2362  2362 I StatusBar: taskId 16 keep true cmpComponentInfo{com.seafile.seadroid2.debug/com.seafile.seadroid2.ui.activity.SplashActivity}
06-03 14:23:17.383  9484  9484 W ViewRootImpl[SplashActivity]: Dropping event due to no window focus: MotionEvent { action=ACTION_HOVER_MOVE, actionButton=0, id[0]=0, x[0]=501.57312, y[0]=111.180786, toolType[0]=TOOL_TYPE_MOUSE, buttonState=0, metaState=0, flags=0x0, edgeFlags=0x0, pointerCount=1, historySize=2, eventTime=19148445, downTime=19147310, deviceId=3, source=0x2002 }
06-03 14:23:17.399  2238  2253 V ActivityManager: Attempted to start a foreground service (ComponentInfo{com.seafile.seadroid2.debug/com.seafile.seadroid2.cameraupload.MediaObserverService}) with a broken notification (no icon: Notification(channel=null pri=0 contentView=null vibrate=null sound=null defaults=0x0 flags=0x40 color=0x00000000 vis=PRIVATE))
06-03 14:23:17.403  9484  9736 I chatty  : uid=10082(com.seafile.seadroid2.debug) expire 1 line
06-03 14:23:17.554  9484  9518 I chatty  : uid=10082(com.seafile.seadroid2.debug) expire 8 lines
06-03 14:23:19.402  2238  2238 W WindowManager: removeWindowToken: Attempted to remove non-existing token: android.os.Binder@ca2d018
06-03 14:23:22.215  2362  2362 D ViewRootImpl[StatusBar]: updatePointerIcon called with position out of bounds
06-03 14:23:22.247  2131  2131 E SurfaceFlinger: [Sprite#0] rejecting buffer: bufWidth=33, bufHeight=42, front.active.{w=38, h=38}
06-03 14:23:22.374  2131  2131 D SurfaceFlinger: duplicate layer name: changing com.seafile.seadroid2.debug/com.seafile.seadroid2.ui.activity.BrowserActivity to com.seafile.seadroid2.debug/com.seafile.seadroid2.ui.activity.BrowserActivity#1
06-03 14:23:23.803  2238  7571 I chatty  : uid=1000(system) NetworkMonitorN expire 2 lines
06-03 14:23:23.805  2238  2311 D ConnectivityService: NetworkAgentInfo [WIFI () - 106] validation failed
06-03 14:23:23.805  2238  2307 I chatty  : uid=1000(system) WifiStateMachin expire 2 lines
06-03 14:23:24.609  2362  2362 D ViewRootImpl[StatusBar]: updatePointerIcon called with position out of bounds
06-03 14:23:25.307  2362  2362 D ViewRootImpl[StatusBar]: updatePointerIcon called with position out of bounds
06-03 14:23:25.502  2238  5368 I ActivityManager: START u0 {flg=0x4000000 cmp=com.seafile.seadroid2.debug/com.seafile.seadroid2.ui.activity.OpenthosSettingsActivity} from uid 10082
06-03 14:23:25.502  2117  4941 I audio_hw_primary: choose pcmC0D0p for 0
06-03 14:23:25.505  2362  2362 I StatusBar: taskId 16 keep true cmpComponentInfo{com.seafile.seadroid2.debug/com.seafile.seadroid2.ui.activity.SplashActivity}
06-03 14:23:25.554  9484  9484 W ViewRootImpl[BrowserActivity]: Dropping event due to no window focus: MotionEvent { action=ACTION_HOVER_MOVE, actionButton=0, id[0]=0, x[0]=1643.8123, y[0]=27.264824, toolType[0]=TOOL_TYPE_MOUSE, buttonState=0, metaState=0, flags=0x0, edgeFlags=0x0, pointerCount=1, historySize=0, eventTime=19156618, downTime=19156426, deviceId=3, source=0x2002 }
06-03 14:23:25.579  9484  9484 W ViewRootImpl[BrowserActivity]: Cancelling event due to no window focus: MotionEvent { action=ACTION_CANCEL, actionButton=0, id[0]=0, x[0]=1644.8123, y[0]=28.264824, toolType[0]=TOOL_TYPE_MOUSE, buttonState=0, metaState=0, flags=0x0, edgeFlags=0x0, pointerCount=1, historySize=0, eventTime=19156698, downTime=19156426, deviceId=3, source=0x2002 }
06-03 14:23:25.579  9484  9484 I chatty  : uid=10082(com.seafile.seadroid2.debug) identical 2 lines
06-03 14:23:25.579  9484  9484 W ViewRootImpl[BrowserActivity]: Cancelling event due to no window focus: MotionEvent { action=ACTION_CANCEL, actionButton=0, id[0]=0, x[0]=1644.8123, y[0]=28.264824, toolType[0]=TOOL_TYPE_MOUSE, buttonState=0, metaState=0, flags=0x0, edgeFlags=0x0, pointerCount=1, historySize=0, eventTime=19156698, downTime=19156426, deviceId=3, source=0x2002 }
06-03 14:23:28.575  2362  2362 D ViewRootImpl[StatusBar]: updatePointerIcon called with position out of bounds
06-03 14:23:28.723  2117  4941 I audio_hw_primary: choose pcmC0D0p for 0
06-03 14:23:33.169  9484  9484 I chatty  : uid=10082(com.seafile.seadroid2.debug) expire 21 lines
06-03 14:23:33.170  2362  2362 I StatusBar: taskId 16 keep true cmpComponentInfo{com.seafile.seadroid2.debug/com.seafile.seadroid2.ui.activity.SplashActivity}
06-03 14:23:33.516  2131  2131 W SurfaceFlinger: couldn't log to binary event log: overflow.
06-03 14:23:34.084  6540  6540 I chatty  : uid=10054(org.chromium.chrome) expire 10 lines
06-03 14:23:38.709  2362  2362 I chatty  : uid=10033(com.android.systemui) identical 4 lines
06-03 14:23:40.871  2362  2362 D ViewRootImpl[StatusBar]: updatePointerIcon called with position out of bounds
06-03 14:23:41.033  2238  5368 I ActivityManager: START u0 {flg=0x4000000 cmp=com.seafile.seadroid2.debug/com.seafile.seadroid2.ui.activity.OpenthosSettingsActivity} from uid 10082
06-03 14:23:41.035  2117  4941 I audio_hw_primary: choose pcmC0D0p for 0
06-03 14:23:41.036  2362  2362 I StatusBar: taskId 16 keep true cmpComponentInfo{com.seafile.seadroid2.debug/com.seafile.seadroid2.ui.activity.SplashActivity}
06-03 14:23:41.071  9484  9484 W ViewRootImpl[BrowserActivity]: Dropping event due to no window focus: MotionEvent { action=ACTION_HOVER_MOVE, actionButton=0, id[0]=0, x[0]=1634.3757, y[0]=19.423859, toolType[0]=TOOL_TYPE_MOUSE, buttonState=0, metaState=0, flags=0x0, edgeFlags=0x0, pointerCount=1, historySize=0, eventTime=19172150, downTime=19171990, deviceId=3, source=0x2002 }
06-03 14:23:41.778  9484  9484 W ViewRootImpl[BrowserActivity]: Cancelling event due to no window focus: MotionEvent { action=ACTION_CANCEL, actionButton=0, id[0]=0, x[0]=1633.3757, y[0]=19.423859, toolType[0]=TOOL_TYPE_MOUSE, buttonState=0, metaState=0, flags=0x0, edgeFlags=0x0, pointerCount=1, historySize=0, eventTime=19172896, downTime=19171990, deviceId=3, source=0x2002 }
06-03 14:23:41.778  9484  9484 I chatty  : uid=10082(com.seafile.seadroid2.debug) identical 2 lines
06-03 14:23:41.779  9484  9484 W ViewRootImpl[BrowserActivity]: Cancelling event due to no window focus: MotionEvent { action=ACTION_CANCEL, actionButton=0, id[0]=0, x[0]=1633.3757, y[0]=19.423859, toolType[0]=TOOL_TYPE_MOUSE, buttonState=0, metaState=0, flags=0x0, edgeFlags=0x0, pointerCount=1, historySize=0, eventTime=19172896, downTime=19171990, deviceId=3, source=0x2002 }
06-03 14:23:43.057  2362  2362 D ViewRootImpl[StatusBar]: updatePointerIcon called with position out of bounds
06-03 14:23:45.349  2362  2362 I chatty  : uid=10033(com.android.systemui) identical 1 line
06-03 14:23:45.466  2362  2362 I StatusBar: taskId 16 keep true cmpComponentInfo{com.seafile.seadroid2.debug/com.seafile.seadroid2.ui.activity.SplashActivity}
06-03 14:23:45.809  2131  2131 W SurfaceFlinger: couldn't log to binary event log: overflow.
06-03 14:23:47.264  2131  2131 E SurfaceFlinger: [Sprite#0] rejecting buffer: bufWidth=38, bufHeight=38, front.active.{w=33, h=42}
06-03 14:23:48.185  2362  2362 D ViewRootImpl[StatusBar]: updatePointerIcon called with position out of bounds
06-03 14:23:48.314  9484  9484 I chatty  : uid=10082(com.seafile.seadroid2.debug) expire 4 lines
06-03 14:23:48.321  9484  9484 E AndroidRuntime: FATAL EXCEPTION: main
06-03 14:23:48.321  9484  9484 E AndroidRuntime: Process: com.seafile.seadroid2.debug, PID: 9484
