06-03 14:05:36.937  2362  2362 D ViewRootImpl[StatusBar]: updatePointerIcon called with position out of bounds
06-03 14:05:37.053  2117  4941 I audio_hw_primary: choose pcmC0D0p for 0
06-03 14:05:37.075  3967  3994 I chatty  : uid=10082(com.seafile.seadroid2.debug) expire 1 line
06-03 14:05:37.078  2238  9142 I ActivityManager: START u0 {cmp=com.seafile.seadroid2.debug/com.seafile.seadroid2.account.ui.SeafileAuthenticatorActivity (has extras)} from uid 10082
06-03 14:05:37.081  2362  2362 I StatusBar: taskId 10 keep true cmpComponentInfo{com.seafile.seadroid2.debug/com.seafile.seadroid2.ui.activity.SplashActivity}
06-03 14:05:37.130  3967  3967 W ViewRootImpl[AccountsActivity]: Dropping event due to no window focus: MotionEvent { action=ACTION_HOVER_MOVE, actionButton=0, id[0]=0, x[0]=202.07147, y[0]=527.9157, toolType[0]=TOOL_TYPE_MOUSE, buttonState=0, metaState=0, flags=0x0, edgeFlags=0x0, pointerCount=1, historySize=1, eventTime=18088236, downTime=18088055, deviceId=3, source=0x2002 }
06-03 14:05:37.130  3967  3967 W ViewRootImpl[AccountsActivity]: Cancelling event due to no window focus: MotionEvent { action=ACTION_CANCEL, actionButton=0, id[0]=0, x[0]=206.07147, y[0]=527.9157, toolType[0]=TOOL_TYPE_MOUSE, buttonState=0, metaState=0, flags=0x0, edgeFlags=0x0, pointerCount=1, historySize=0, eventTime=18088247, downTime=18088055, deviceId=3, source=0x2002 }
06-03 14:05:37.130  3967  3967 I chatty  : uid=10082(com.seafile.seadroid2.debug) identical 2 lines
06-03 14:05:37.130  3967  3967 W ViewRootImpl[AccountsActivity]: Cancelling event due to no window focus: MotionEvent { action=ACTION_CANCEL, actionButton=0, id[0]=0, x[0]=206.07147, y[0]=527.9157, toolType[0]=TOOL_TYPE_MOUSE, buttonState=0, metaState=0, flags=0x0, edgeFlags=0x0, pointerCount=1, historySize=0, eventTime=18088247, downTime=18088055, deviceId=3, source=0x2002 }
06-03 14:05:37.773  3967  3967 D ViewRootImpl[SeafileAuthenticatorActivity]: updatePointerIcon called with position out of bounds
06-03 14:05:37.798  3967  3967 I chatty  : uid=10082(com.seafile.seadroid2.debug) identical 2 lines
06-03 14:05:37.815  3967  3967 D ViewRootImpl[SeafileAuthenticatorActivity]: updatePointerIcon called with position out of bounds
06-03 14:05:37.854  2402  2402 I wpa_supplicant: wlan0: WPA: Group rekeying completed with a0:63:91:d4:f9:89 [GTK=CCMP]
06-03 14:05:39.243  2362  2362 D ViewRootImpl[StatusBar]: updatePointerIcon called with position out of bounds
06-03 14:05:39.355  2362  2362 I StatusBar: taskId 10 keep true cmpComponentInfo{com.seafile.seadroid2.debug/com.seafile.seadroid2.ui.activity.SplashActivity}
06-03 14:05:39.703  2131  2131 W SurfaceFlinger: couldn't log to binary event log: overflow.
06-03 14:05:42.809  2362  2362 I chatty  : uid=10033(com.android.systemui) identical 2 lines
06-03 14:05:44.715  2362  2362 D ViewRootImpl[StatusBar]: updatePointerIcon called with position out of bounds
06-03 14:05:44.927  2117  4941 I audio_hw_primary: choose pcmC0D0p for 0
06-03 14:05:44.929  2238  2383 I ActivityManager: START u0 {cmp=com.seafile.seadroid2.debug/com.seafile.seadroid2.ui.activity.BrowserActivity} from uid 10082
06-03 14:05:44.929  2238  2383 W ActivityManager: startActivity called from finishing ActivityRecord{5ac3a91 u0 com.seafile.seadroid2.debug/com.seafile.seadroid2.ui.activity.AccountsActivity t10 f}; forcing Intent.FLAG_ACTIVITY_NEW_TASK for: Intent { cmp=com.seafile.seadroid2.debug/com.seafile.seadroid2.ui.activity.BrowserActivity }
06-03 14:05:44.935  3967  3967 I chatty  : uid=10082(com.seafile.seadroid2.debug) expire 10 lines
06-03 14:05:44.936  2362  2362 I StatusBar: taskId 10 keep true cmpComponentInfo{com.seafile.seadroid2.debug/com.seafile.seadroid2.ui.activity.SplashActivity}
06-03 14:05:45.084  3967  4953 I chatty  : uid=10082(com.seafile.seadroid2.debug) expire 1 line
06-03 14:05:53.187  6540  6540 I chatty  : uid=10054(org.chromium.chrome) expire 10 lines
06-03 14:05:54.583  2362  2362 D ViewRootImpl[StatusBar]: updatePointerIcon called with position out of bounds
06-03 14:05:54.702  2117  4941 I audio_hw_primary: choose pcmC0D0p for 0
06-03 14:06:00.000  2238  2252 I chatty  : uid=1000(system) android.bg expire 10 lines
06-03 14:06:01.695  2362  2362 I chatty  : uid=10033(com.android.systemui) identical 3 lines
06-03 14:06:03.967  2362  2362 D ViewRootImpl[StatusBar]: updatePointerIcon called with position out of bounds
06-03 14:06:04.077  2238  2383 I ActivityManager: START u0 {flg=0x4000000 cmp=com.seafile.seadroid2.debug/com.seafile.seadroid2.ui.activity.SettingsActivity} from uid 10082
06-03 14:06:04.080  2362  2362 I StatusBar: taskId 10 keep true cmpComponentInfo{com.seafile.seadroid2.debug/com.seafile.seadroid2.ui.activity.SplashActivity}
06-03 14:06:04.112  3967  3967 I chatty  : uid=10082(com.seafile.seadroid2.debug) expire 11 lines
06-03 14:06:04.171  3967  3967 W ViewRootImpl[BrowserActivity]: Dropping event due to no window focus: MotionEvent { action=ACTION_HOVER_MOVE, actionButton=0, id[0]=0, x[0]=239.1972, y[0]=322.38837, toolType[0]=TOOL_TYPE_MOUSE, buttonState=0, metaState=0, flags=0x1, edgeFlags=0x0, pointerCount=1, historySize=5, eventTime=18115277, downTime=18115086, deviceId=3, source=0x2002 }
06-03 14:06:04.190  3967  3967 W ViewRootImpl[BrowserActivity]: Dropping event due to no window focus: MotionEvent { action=ACTION_HOVER_MOVE, actionButton=0, id[0]=0, x[0]=255.112, y[0]=324.49, toolType[0]=TOOL_TYPE_MOUSE, buttonState=0, metaState=0, flags=0x1, edgeFlags=0x0, pointerCount=1, historySize=1, eventTime=18115297, downTime=18115086, deviceId=3, source=0x2002 }
06-03 14:06:04.190  3967  3967 W ViewRootImpl[BrowserActivity]: Cancelling event due to no window focus: MotionEvent { action=ACTION_CANCEL, actionButton=0, id[0]=0, x[0]=266.78143, y[0]=325.78662, toolType[0]=TOOL_TYPE_MOUSE, buttonState=0, metaState=0, flags=0x0, edgeFlags=0x0, pointerCount=1, historySize=0, eventTime=18115305, downTime=18115086, deviceId=3, source=0x2002 }
06-03 14:06:04.190  3967  3967 I chatty  : uid=10082(com.seafile.seadroid2.debug) identical 2 lines
06-03 14:06:04.190  3967  3967 W ViewRootImpl[BrowserActivity]: Cancelling event due to no window focus: MotionEvent { action=ACTION_CANCEL, actionButton=0, id[0]=0, x[0]=266.78143, y[0]=325.78662, toolType[0]=TOOL_TYPE_MOUSE, buttonState=0, metaState=0, flags=0x0, edgeFlags=0x0, pointerCount=1, historySize=0, eventTime=18115305, downTime=18115086, deviceId=3, source=0x2002 }
06-03 14:06:04.248  3967  3967 D ViewRootImpl[SettingsActivity]: updatePointerIcon called with position out of bounds
06-03 14:06:04.651  3967  3967 I chatty  : uid=10082(com.seafile.seadroid2.debug) identical 1 line
06-03 14:06:04.665  3967  3967 D ViewRootImpl[SettingsActivity]: updatePointerIcon called with position out of bounds
06-03 14:06:06.269  3967  4960 I chatty  : uid=10082(com.seafile.seadroid2.debug) expire 11 lines
06-03 14:06:10.599  3967  4959 I chatty  : uid=10082(com.seafile.seadroid2.debug) expire 6 lines
06-03 14:06:18.196  6540  6540 I chatty  : uid=10054(org.chromium.chrome) expire 10 lines
06-03 14:06:25.057  2929  2929 I AsyncOpDispatcher: 51-RegisterOperationCall
06-03 14:06:25.059  2929  3335 I AsyncOpDispatcher: 51-GetConfigurationSnapshotOperationCall
06-03 14:06:25.061  2929  3335 I AsyncOpDispatcher: 51-CommitToConfigurationOperationCall
06-03 14:06:25.219  2929  9454 W FetchTask: exception on config fetch: java.net.SocketTimeoutException: failed to connect to cloudconfig.googleapis.com/6.6.6.6 (port 443) from /192.168.0.149 (port 47872) after 60000ms
06-03 14:06:25.219  2929  9454 W FetchTask: java.net.SocketTimeoutException: failed to connect to cloudconfig.googleapis.com/6.6.6.6 (port 443) from /192.168.0.149 (port 47872) after 60000ms
06-03 14:06:25.219  2929  9454 W FetchTask: 	at libcore.io.IoBridge.connectErrno(IoBridge.java:185)
06-03 14:06:25.219  2929  9454 W FetchTask: 	at libcore.io.IoBridge.connect(IoBridge.java:130)
06-03 14:06:25.219  2929  9454 W FetchTask: 	at java.net.PlainSocketImpl.socketConnect(PlainSocketImpl.java:129)
06-03 14:06:25.219  2929  9454 W FetchTask: 	at java.net.AbstractPlainSocketImpl.doConnect(AbstractPlainSocketImpl.java:356)
06-03 14:06:25.219  2929  9454 W FetchTask: 	at java.net.AbstractPlainSocketImpl.connectToAddress(AbstractPlainSocketImpl.java:200)
06-03 14:06:25.219  2929  9454 W FetchTask: 	at java.net.AbstractPlainSocketImpl.connect(AbstractPlainSocketImpl.java:182)
06-03 14:06:25.219  2929  9454 W FetchTask: 	at java.net.SocksSocketImpl.connect(SocksSocketImpl.java:357)
06-03 14:06:25.219  2929  9454 W FetchTask: 	at java.net.Socket.connect(Socket.java:616)
06-03 14:06:25.219  2929  9454 W FetchTask: 	at com.android.okhttp.internal.Platform.connectSocket(Platform.java:145)
06-03 14:06:25.219  2929  9454 W FetchTask: 	at com.android.okhttp.internal.io.RealConnection.connectSocket(RealConnection.java:141)
06-03 14:06:25.219  2929  9454 W FetchTask: 	at com.android.okhttp.internal.io.RealConnection.connect(RealConnection.java:112)
06-03 14:06:25.219  2929  9454 W FetchTask: 	at com.android.okhttp.internal.http.StreamAllocation.findConnection(StreamAllocation.java:184)
06-03 14:06:25.219  2929  9454 W FetchTask: 	at com.android.okhttp.internal.http.StreamAllocation.findHealthyConnection(StreamAllocation.java:126)
06-03 14:06:25.219  2929  9454 W FetchTask: 	at com.android.okhttp.internal.http.StreamAllocation.newStream(StreamAllocation.java:95)
06-03 14:06:25.219  2929  9454 W FetchTask: 	at com.android.okhttp.internal.http.HttpEngine.connect(HttpEngine.java:281)
06-03 14:06:25.219  2929  9454 W FetchTask: 	at com.android.okhttp.internal.http.HttpEngine.sendRequest(HttpEngine.java:224)
06-03 14:06:25.219  2929  9454 W FetchTask: 	at com.android.okhttp.internal.huc.HttpURLConnectionImpl.execute(HttpURLConnectionImpl.java:461)
06-03 14:06:25.219  2929  9454 W FetchTask: 	at com.android.okhttp.internal.huc.HttpURLConnectionImpl.connect(HttpURLConnectionImpl.java:127)
06-03 14:06:25.219  2929  9454 W FetchTask: 	at com.android.okhttp.internal.huc.HttpURLConnectionImpl.getOutputStream(HttpURLConnectionImpl.java:258)
06-03 14:06:25.219  2929  9454 W FetchTask: 	at com.android.okhttp.internal.huc.DelegatingHttpsURLConnection.getOutputStream(DelegatingHttpsURLConnection.java:218)
06-03 14:06:25.219  2929  9454 W FetchTask: 	at com.android.okhttp.internal.huc.HttpsURLConnectionImpl.getOutputStream(Unknown Source:0)
06-03 14:06:25.219  2929  9454 W FetchTask: 	at pcy.a(:com.google.android.gms@12688056@12.6.88 (090800-197970725):75)
06-03 14:06:25.219  2929  9454 W FetchTask: 	at pcy.a(:com.google.android.gms@12688056@12.6.88 (090800-197970725):123)
06-03 14:06:25.219  2929  9454 W FetchTask: 	at pcy.run(:com.google.android.gms@12688056@12.6.88 (090800-197970725):1)
06-03 14:06:25.219  2929  9454 W FetchTask: 	at java.lang.Thread.run(Thread.java:764)
06-03 14:06:29.231  2362  2362 D ViewRootImpl[StatusBar]: updatePointerIcon called with position out of bounds
06-03 14:06:29.378  2117  4941 I audio_hw_primary: choose pcmC0D0p for 0
06-03 14:06:30.657  2362  2362 D ViewRootImpl[StatusBar]: updatePointerIcon called with position out of bounds
06-03 14:06:30.833  2131  2131 D SurfaceFlinger: duplicate layer name: changing com.seafile.seadroid2.debug/com.seafile.seadroid2.ui.activity.SettingsActivity to com.seafile.seadroid2.debug/com.seafile.seadroid2.ui.activity.SettingsActivity#1
06-03 14:06:31.007  3967  3967 D ViewRootImpl[SettingsActivity]: updatePointerIcon called with position out of bounds
06-03 14:06:31.497  3967  3967 I chatty  : uid=10082(com.seafile.seadroid2.debug) identical 30 lines
06-03 14:06:31.514  3967  3967 D ViewRootImpl[SettingsActivity]: updatePointerIcon called with position out of bounds
06-03 14:06:34.771  2362  2362 D ViewRootImpl[StatusBar]: updatePointerIcon called with position out of bounds
06-03 14:06:34.854  3967  3967 I chatty  : uid=10082(com.seafile.seadroid2.debug) expire 1 line
06-03 14:06:34.855  2117  4941 I audio_hw_primary: choose pcmC0D0p for 0
06-03 14:06:34.856  3967  3967 E AndroidRuntime: FATAL EXCEPTION: main
06-03 14:06:34.856  3967  3967 E AndroidRuntime: Process: com.seafile.seadroid2.debug, PID: 3967
06-03 14:06:34.856  3967  3967 E AndroidRuntime: java.lang.NullPointerException: Attempt to invoke virtual method 'android.content.Intent android.content.Intent.addFlags(int)' on a null object reference
06-03 14:06:34.856  3967  3967 E AndroidRuntime: 	at com.seafile.seadroid2.ui.fragment.SettingsFragment$10$1.onClick(SettingsFragment.java:433)
06-03 14:06:34.856  3967  3967 E AndroidRuntime: 	at android.view.View.performClick(View.java:6295)
06-03 14:06:34.856  3967  3967 E AndroidRuntime: 	at android.view.View$PerformClick.run(View.java:24791)
06-03 14:06:34.856  3967  3967 E AndroidRuntime: 	at android.os.Handler.handleCallback(Handler.java:790)
06-03 14:06:34.856  3967  3967 E AndroidRuntime: 	at android.os.Handler.dispatchMessage(Handler.java:99)
06-03 14:06:34.856  3967  3967 E AndroidRuntime: 	at android.os.Looper.loop(Looper.java:164)
06-03 14:06:34.856  3967  3967 E AndroidRuntime: 	at android.app.ActivityThread.main(ActivityThread.java:6494)
06-03 14:06:34.856  3967  3967 E AndroidRuntime: 	at java.lang.reflect.Method.invoke(Native Method)
06-03 14:06:34.856  3967  3967 E AndroidRuntime: 	at com.android.internal.os.RuntimeInit$MethodAndArgsCaller.run(RuntimeInit.java:463)
06-03 14:06:34.856  3967  3967 E AndroidRuntime: 	at com.android.internal.os.ZygoteInit.main(ZygoteInit.java:807)
06-03 14:06:34.858  2238  3136 W ActivityManager:   Force finishing activity com.seafile.seadroid2.debug/com.seafile.seadroid2.ui.activity.SettingsActivity
06-03 14:06:34.862  2238  2254 I ActivityManager: Showing crash dialog for package com.seafile.seadroid2.debug u0
06-03 14:06:34.882  2238  3467 I chatty  : uid=1000(system) RenderThread expire 57 lines
06-03 14:06:35.106  2238  2254 D ViewRootImpl[debug]: updatePointerIcon called with position out of bounds
06-03 14:06:35.331  2238  2254 I chatty  : uid=1000(system) android.ui identical 13 lines
06-03 14:06:35.347  2238  2254 D ViewRootImpl[debug]: updatePointerIcon called with position out of bounds
06-03 14:06:35.360  2238  2253 W ActivityManager: Activity pause timeout for ActivityRecord{8e76051 u0 com.seafile.seadroid2.debug/com.seafile.seadroid2.ui.activity.SettingsActivity t10 f}
06-03 14:06:35.361  2362  2362 I StatusBar: taskId 10 keep true cmpComponentInfo{com.seafile.seadroid2.debug/com.seafile.seadroid2.ui.activity.SplashActivity}
06-03 14:06:35.365  2238  2254 D ViewRootImpl[debug]: updatePointerIcon called with position out of bounds
06-03 14:06:35.914  2238  2254 I chatty  : uid=1000(system) android.ui identical 28 lines
06-03 14:06:35.931  2238  2254 D ViewRootImpl[debug]: updatePointerIcon called with position out of bounds
06-03 14:06:36.064  2131  2131 E SurfaceFlinger: [Sprite#0] rejecting buffer: bufWidth=38, bufHeight=38, front.active.{w=33, h=42}
06-03 14:06:36.877  2362  2362 D ViewRootImpl[StatusBar]: updatePointerIcon called with position out of bounds
06-03 14:06:37.016  2238  3136 I ActivityManager: Killing 3967:com.seafile.seadroid2.debug/u0a82 (adj 0): crash
06-03 14:06:37.017  2238  3136 W ActivityManager: Scheduling restart of crashed service com.seafile.seadroid2.debug/com.seafile.seadroid2.monitor.FileMonitorService in 1000ms
06-03 14:06:37.017  2238  3136 W ActivityManager: Scheduling restart of crashed service com.seafile.seadroid2.debug/com.seafile.seadroid2.account.AuthenticatorService in 11000ms
06-03 14:06:37.017  2238  3136 W ActivityManager: Scheduling restart of crashed service com.seafile.seadroid2.debug/com.seafile.seadroid2.cameraupload.MediaObserverService in 21000ms
06-03 14:06:37.017  2238  3136 W ActivityManager: Scheduling restart of crashed service com.seafile.seadroid2.debug/com.seafile.seadroid2.transfer.TransferService in 31000ms
06-03 14:06:37.028  2238  2296 I chatty  : uid=1000(system) InputDispatcher expire 6 lines
06-03 14:06:37.031  2238  6338 I WindowManager: WIN DEATH: Window{5875c4b u0 com.seafile.seadroid2.debug/com.seafile.seadroid2.ui.activity.BrowserActivity}
06-03 14:06:37.031  2238  6338 I chatty  : uid=1000(system) Binder:2238_15 expire 1 line
06-03 14:06:37.031  2238  2382 I WindowManager: WIN DEATH: Window{880f93e u0 com.seafile.seadroid2.debug/com.seafile.seadroid2.ui.activity.SettingsActivity}
06-03 14:06:37.031  2238  2382 I chatty  : uid=1000(system) Binder:2238_4 expire 5 lines
06-03 14:06:37.032  2238  2249 I WindowManager: WIN DEATH: Window{670b08d u0 com.seafile.seadroid2.debug/com.seafile.seadroid2.ui.activity.SettingsActivity}
06-03 14:06:37.032  2238  2249 I chatty  : uid=1000(system) Binder:2238_1 expire 5 lines
06-03 14:06:37.035  9484  9484 I main    : type=1400 audit(0.0:1107): avc: denied { mounton } for path="/storage" dev="tmpfs" ino=9274 scontext=u:r:zygote:s0 tcontext=u:object_r:tmpfs:s0 tclass=dir permissive=1
06-03 14:06:37.035  9484  9484 I main    : type=1400 audit(0.0:1108): avc: denied { dac_read_search } for capability=2 scontext=u:r:zygote:s0 tcontext=u:r:zygote:s0 tclass=capability permissive=1
06-03 14:06:37.035  9484  9484 I main    : type=1400 audit(0.0:1109): avc: denied { create } for name="cgroup.procs" scontext=u:r:zygote:s0 tcontext=u:object_r:cgroup:s0 tclass=file permissive=1
06-03 14:06:37.038  9484  9484 I chatty  : uid=10082(com.seafile.seadroid2.debug) identical 32 lines
06-03 14:06:37.043  2238  3136 I ActivityManager: Start proc 9484:com.seafile.seadroid2.debug/u0a82 for activity com.seafile.seadroid2.debug/com.seafile.seadroid2.ui.activity.BrowserActivity
06-03 14:06:37.066  2238  3136 E ActivityManager: applyOptionsLocked: Unknown animationType=0
06-03 14:06:37.067  2238  2383 W ActivityManager: Stopping service due to app idle: u0a82 -4h47m19s302ms com.seafile.seadroid2.debug/com.seafile.seadroid2.monitor.FileMonitorService
06-03 14:06:37.067  2238  2383 W ActivityManager: Stopping service due to app idle: u0a82 -5h1m45s32ms com.seafile.seadroid2.debug/com.seafile.seadroid2.cameraupload.MediaObserverService
06-03 14:06:37.067  2238  2383 W ActivityManager: Stopping service due to app idle: u0a82 -4h47m19s303ms com.seafile.seadroid2.debug/com.seafile.seadroid2.transfer.TransferService
06-03 14:06:37.070  2362  2362 I StatusBar: taskId 10 keep true cmpComponentInfo{com.seafile.seadroid2.debug/com.seafile.seadroid2.ui.activity.SplashActivity}
06-03 14:06:37.071  2238  2260 W ActivityManager: setHasOverlayUi called on unknown pid: 3967
06-03 14:06:37.079  2362  2362 I RenderThread: type=1400 audit(0.0:1110): avc: denied { ioctl } for path="/dev/dri/card0" dev="tmpfs" ino=2397 ioctlcmd=0x640b scontext=u:r:platform_app:s0:c512,c768 tcontext=u:object_r:device:s0 tclass=chr_file permissive=1
06-03 14:06:37.145  9484  9489 I chatty  : uid=10082(com.seafile.seadroid2.debug) expire 12 lines
06-03 14:06:37.198  2238  2285 W AppOps  : Finishing op nesting under-run: uid 1000 pkg android code 24 time=0 duration=0 nesting=0
06-03 14:06:37.225  9484  9507 I chatty  : uid=10082(com.seafile.seadroid2.debug) expire 1 line
06-03 14:06:37.258  9484  9513 I chatty  : uid=10082(com.seafile.seadroid2.debug) expire 22 lines
06-03 14:06:37.263  2238  2253 V ActivityManager: Attempted to start a foreground service (ComponentInfo{com.seafile.seadroid2.debug/com.seafile.seadroid2.cameraupload.MediaObserverService}) with a broken notification (no icon: Notification(channel=null pri=0 contentView=null vibrate=null sound=null defaults=0x0 flags=0x40 color=0x00000000 vis=PRIVATE))
06-03 14:06:37.285  2238  2238 I chatty  : uid=1000 system_server expire 11 lines
06-03 14:06:37.298  9484  9517 I chatty  : uid=10082(com.seafile.seadroid2.debug) expire 2 lines
06-03 14:06:37.300  9484  9518 I chatty  : uid=10082(com.seafile.seadroid2.debug) expire 10 lines
06-03 14:06:37.303  9484  9512 I chatty  : uid=10082(com.seafile.seadroid2.debug) expire 1 line
06-03 14:06:37.328  9484  9519 I chatty  : uid=10082(com.seafile.seadroid2.debug) expire 10 lines
06-03 14:06:37.354  2238  2260 I chatty  : uid=1000(system) android.display expire 7 lines
06-03 14:06:37.416  9484  9484 D ViewRootImpl[BrowserActivity]: updatePointerIcon called with position out of bounds
06-03 14:06:37.432  2131  2131 E SurfaceFlinger: [Sprite#0] rejecting buffer: bufWidth=38, bufHeight=38, front.active.{w=33, h=42}
06-03 14:06:37.902  9484  9484 I chatty  : uid=10082(com.seafile.seadroid2.debug) identical 2 lines
06-03 14:06:37.915  9484  9484 D ViewRootImpl[BrowserActivity]: updatePointerIcon called with position out of bounds
06-03 14:06:39.271  2238  2238 W WindowManager: removeWindowToken: Attempted to remove non-existing token: android.os.Binder@f1742e5
06-03 14:06:40.113  2238  2252 I chatty  : uid=1000(system) android.bg expire 26 lines
06-03 14:06:43.206  6540  6540 I chatty  : uid=10054(org.chromium.chrome) expire 10 lines
06-03 14:06:46.579  2929  2929 E ctxmgr  : [BaseServerTask]Server task (GetConfigTask) got error statusCode=-1.
06-03 14:06:46.579  2929  2929 E ctxmgr  : com.android.volley.TimeoutError
06-03 14:06:46.579  2929  2929 E ctxmgr  : 	at com.android.volley.toolbox.BasicNetwork.performRequest(:com.google.android.gms@12688056@12.6.88 (090800-197970725):33)
06-03 14:06:46.579  2929  2929 E ctxmgr  : 	at ono.performRequest(:com.google.android.gms@12688056@12.6.88 (090800-197970725):17)
06-03 14:06:46.579  2929  2929 E ctxmgr  : 	at com.android.volley.NetworkDispatcher.a(:com.google.android.gms@12688056@12.6.88 (090800-197970725):7)
06-03 14:06:46.579  2929  2929 E ctxmgr  : 	at com.android.volley.NetworkDispatcher.run(:com.google.android.gms@12688056@12.6.88 (090800-197970725):2)
06-03 14:06:46.581  2929  9163 E ctxmgr  : [DailyCheckinOperation]Failed daily get config: network status=-1
06-03 14:06:53.464  2131  2131 I surfaceflinger: type=1400 audit(0.0:1124): avc: denied { map } for path=2F69393135202864656C6574656429 dev="tmpfs" ino=155511 scontext=u:r:surfaceflinger:s0 tcontext=u:object_r:surfaceflinger_tmpfs:s0 tclass=file permissive=1
06-03 14:07:04.342  9484  9519 I chatty  : uid=10082(com.seafile.seadroid2.debug) expire 22 lines
06-03 14:07:08.216  6540  6540 I chatty  : uid=10054(org.chromium.chrome) expire 46 lines
06-03 14:07:27.315  9484  9518 I chatty  : uid=10082(com.seafile.seadroid2.debug) expire 32 lines
06-03 14:08:06.180  2929  9163 W ctxmgr  : [AclManager]null policy map (1) 57, clientInfo=(accnt=account#-517948760#, com.google.android.gms(10014):IndoorOutdoorProducer, vrsn=12688000, 0, 3pPkg = null ,  3pMdlId = null ,  pid = 2929)
06-03 14:08:06.180  2929  9163 W ctxmgr  : [AclManager]null policy map (2) 57, clientInfo=(accnt=account#-517948760#, com.google.android.gms(10014):IndoorOutdoorProducer, vrsn=12688000, 0, 3pPkg = null ,  3pMdlId = null ,  pid = 2929)
06-03 14:08:06.180  2929  9163 W ctxmgr  : [AclManager]null policy map (1) 57, clientInfo=(accnt=account#-517948760#, com.google.android.gms(10014):IndoorOutdoorProducer, vrsn=12688000, 0, 3pPkg = null ,  3pMdlId = null ,  pid = 2929)
06-03 14:08:06.181  2929  9163 E ctxmgr  : [NetworkUtil]No active synchronizable contexts.
06-03 14:08:10.377  9484  9519 I chatty  : uid=10082(com.seafile.seadroid2.debug) expire 35 lines
06-03 14:09:00.001  2238  2252 I chatty  : uid=1000(system) android.bg expire 12 lines
06-03 14:09:03.265  6540  6540 I chatty  : uid=10054(org.chromium.chrome) expire 10 lines
06-03 14:09:27.055  2929  2929 E ctxmgr  : [BaseServerTask]Server task (GetConfigTask) got error statusCode=-1.
06-03 14:09:27.055  2929  2929 E ctxmgr  : com.android.volley.TimeoutError
06-03 14:09:27.055  2929  2929 E ctxmgr  : 	at com.android.volley.toolbox.BasicNetwork.performRequest(:com.google.android.gms@12688056@12.6.88 (090800-197970725):33)
06-03 14:09:27.055  2929  2929 E ctxmgr  : 	at ono.performRequest(:com.google.android.gms@12688056@12.6.88 (090800-197970725):17)
06-03 14:09:27.055  2929  2929 E ctxmgr  : 	at com.android.volley.NetworkDispatcher.a(:com.google.android.gms@12688056@12.6.88 (090800-197970725):7)
06-03 14:09:27.055  2929  2929 E ctxmgr  : 	at com.android.volley.NetworkDispatcher.run(:com.google.android.gms@12688056@12.6.88 (090800-197970725):2)
06-03 14:09:27.056  2929  9163 E ctxmgr  : [DailyCheckinOperation]Failed daily get config: network status=-1
06-03 14:09:28.275  6540  6540 I chatty  : uid=10054(org.chromium.chrome) expire 10 lines
06-03 14:09:52.930  3084  3433 I CastDatabase: Saving the database
06-03 14:09:52.932  3084  3433 I SQLiteCastStore: [CastNetworkInfo] saved: 0, skipped: 0, [CastDeviceInfo]: saved 0, skipped 0, Paired Guest Mode DeviceInfo] saved: 0, skipped: 0. [ProbedNetworks]: save 0, skipped: 0
06-03 14:09:53.285  6540  6540 I chatty  : uid=10054(org.chromium.chrome) expire 10 lines
06-03 14:09:55.431  9484  9519 I chatty  : uid=10082(com.seafile.seadroid2.debug) expire 20 lines
06-03 14:10:07.359  9484  9518 I chatty  : uid=10082(com.seafile.seadroid2.debug) expire 14 lines
06-03 14:10:14.241  9484  9484 D ViewRootImpl[BrowserActivity]: updatePointerIcon called with position out of bounds
06-03 14:10:14.253  2131  2131 E SurfaceFlinger: [Sprite#0] rejecting buffer: bufWidth=38, bufHeight=38, front.active.{w=33, h=42}
06-03 14:10:14.519  2131  2131 E SurfaceFlinger: [Sprite#0] rejecting buffer: bufWidth=38, bufHeight=38, front.active.{w=33, h=42}
06-03 14:10:15.645  2238  3136 E WindowManager: Unknown window type: 2039
06-03 14:10:15.647  2362  2362 V PanelBar: onTouch: no panel for touch at (26,48)
06-03 14:10:15.669  2238  3136 I chatty  : uid=1000(system) Binder:2238_C identical 3 lines
06-03 14:10:15.688  2238  3136 E WindowManager: Unknown window type: 2039
06-03 14:10:15.737  2238  2285 E WindowManager: Unknown window type: 2039
06-03 14:10:15.748  2238  2285 E WindowManager: Unknown window type: 2039
06-03 14:10:15.749  2238  3136 E WindowManager: Unknown window type: 2039
06-03 14:10:15.753  9484  9489 I chatty  : uid=10082(com.seafile.seadroid2.debug) expire 5 lines
06-03 14:10:15.754  2238  2383 E WindowManager: Unknown window type: 2039
06-03 14:10:15.865  2238  2285 E WindowManager: Unknown window type: 2039
06-03 14:10:16.505  2131  2131 E SurfaceFlinger: [Sprite#0] rejecting buffer: bufWidth=38, bufHeight=38, front.active.{w=33, h=42}
06-03 14:10:18.295  6540  6540 I chatty  : uid=10054(org.chromium.chrome) expire 10 lines
06-03 14:10:18.480  2131  2131 E SurfaceFlinger: [Sprite#0] rejecting buffer: bufWidth=38, bufHeight=38, front.active.{w=33, h=42}
06-03 14:10:19.041  2362  2362 D ViewRootImpl[OpenthosStatusBar]: updatePointerIcon called with position out of bounds
06-03 14:10:19.041  2362  2362 D ViewRootImpl[StatusBar]: updatePointerIcon called with position out of bounds
06-03 14:10:19.106  2238  3136 I ActivityManager: START u0 {act=android.intent.action.MAIN cat=[android.intent.category.LAUNCHER] flg=0x30000000 cmp=com.termux/.app.TermuxActivity} from uid 10033
06-03 14:10:19.108  2117  4941 I audio_hw_primary: choose pcmC0D0p for 0
06-03 14:10:19.110  2130  2130 I lmkd    : type=1400 audit(0.0:1125): avc: denied { dac_read_search } for capability=2 scontext=u:r:lmkd:s0 tcontext=u:r:lmkd:s0 tclass=capability permissive=1
06-03 14:10:19.110  2238  3136 E ActivityManager: applyOptionsLocked: Unknown animationType=0
06-03 14:10:19.113  2238  3136 E WindowManager: Unknown window type: 2039
06-03 14:10:19.116  2238  2285 E WindowManager: Unknown window type: 2039
06-03 14:10:19.118  2238  2285 E WindowManager: Unknown window type: 2039
06-03 14:10:19.120  2238  3136 E WindowManager: Unknown window type: 2039
06-03 14:10:19.122  2362  2362 I StatusBar: taskId 11 keep true cmpComponentInfo{com.termux/com.termux.app.TermuxActivity}
06-03 14:10:19.132  2238  3136 W ActivityManager: Background start not allowed: service Intent { cmp=com.termux/.app.TermuxService } to com.termux/.app.TermuxService from pid=7688 uid=10034 pkg=com.termux
06-03 14:10:19.133  7688  7688 D AndroidRuntime: Shutting down VM
06-03 14:10:19.133  7688  7688 E AndroidRuntime: FATAL EXCEPTION: main
06-03 14:10:19.133  7688  7688 E AndroidRuntime: Process: com.termux, PID: 7688
06-03 14:10:19.133  7688  7688 E AndroidRuntime: java.lang.RuntimeException: Unable to start activity ComponentInfo{com.termux/com.termux.app.TermuxActivity}: java.lang.IllegalStateException: Not allowed to start service Intent { cmp=com.termux/.app.TermuxService }: app is in background uid UidRecord{a3350ce u0a34 CAC  bg:+2h58m42s238ms idle procs:1 seq(0,0,0)}
06-03 14:10:19.133  7688  7688 E AndroidRuntime: 	at android.app.ActivityThread.performLaunchActivity(ActivityThread.java:2778)
06-03 14:10:19.133  7688  7688 E AndroidRuntime: 	at android.app.ActivityThread.handleLaunchActivity(ActivityThread.java:2856)
06-03 14:10:19.133  7688  7688 E AndroidRuntime: 	at android.app.ActivityThread.-wrap11(Unknown Source:0)
06-03 14:10:19.133  7688  7688 E AndroidRuntime: 	at android.app.ActivityThread$H.handleMessage(ActivityThread.java:1589)
06-03 14:10:19.133  7688  7688 E AndroidRuntime: 	at android.os.Handler.dispatchMessage(Handler.java:106)
06-03 14:10:19.133  7688  7688 E AndroidRuntime: 	at android.os.Looper.loop(Looper.java:164)
06-03 14:10:19.133  7688  7688 E AndroidRuntime: 	at android.app.ActivityThread.main(ActivityThread.java:6494)
06-03 14:10:19.133  7688  7688 E AndroidRuntime: 	at java.lang.reflect.Method.invoke(Native Method)
06-03 14:10:19.133  7688  7688 E AndroidRuntime: 	at com.android.internal.os.RuntimeInit$MethodAndArgsCaller.run(RuntimeInit.java:463)
06-03 14:10:19.133  7688  7688 E AndroidRuntime: 	at com.android.internal.os.ZygoteInit.main(ZygoteInit.java:807)
06-03 14:10:19.133  7688  7688 E AndroidRuntime: Caused by: java.lang.IllegalStateException: Not allowed to start service Intent { cmp=com.termux/.app.TermuxService }: app is in background uid UidRecord{a3350ce u0a34 CAC  bg:+2h58m42s238ms idle procs:1 seq(0,0,0)}
06-03 14:10:19.133  7688  7688 E AndroidRuntime: 	at android.app.ContextImpl.startServiceCommon(ContextImpl.java:1521)
06-03 14:10:19.133  7688  7688 E AndroidRuntime: 	at android.app.ContextImpl.startService(ContextImpl.java:1477)
06-03 14:10:19.133  7688  7688 E AndroidRuntime: 	at android.content.ContextWrapper.startService(ContextWrapper.java:650)
06-03 14:10:19.133  7688  7688 E AndroidRuntime: 	at com.termux.app.TermuxActivity.onCreate(TermuxActivity.java:236)
06-03 14:10:19.133  7688  7688 E AndroidRuntime: 	at android.app.Activity.performCreate(Activity.java:7105)
06-03 14:10:19.133  7688  7688 E AndroidRuntime: 	at android.app.Activity.performCreate(Activity.java:7096)
06-03 14:10:19.133  7688  7688 E AndroidRuntime: 	at android.app.Instrumentation.callActivityOnCreate(Instrumentation.java:1214)
06-03 14:10:19.133  7688  7688 E AndroidRuntime: 	at android.app.ActivityThread.performLaunchActivity(ActivityThread.java:2731)
06-03 14:10:19.133  7688  7688 E AndroidRuntime: 	... 9 more
06-03 14:10:19.134  2238  2285 E WindowManager: Unknown window type: 2039
06-03 14:10:19.135  2238  2285 E WindowManager: Unknown window type: 2039
06-03 14:10:19.136  2238  3136 W ActivityManager:   Force finishing activity com.termux/.app.TermuxActivity
06-03 14:10:19.136  2238  3136 E WindowManager: Unknown window type: 2039
06-03 14:10:19.137  2238  3136 W ActivityManager:   Force finishing activity com.seafile.seadroid2.debug/com.seafile.seadroid2.ui.activity.BrowserActivity
06-03 14:10:19.137  2238  3136 E WindowManager: Unknown window type: 2039
06-03 14:10:19.138  2238  3136 I WindowManager: Failed to capture screenshot of Token{2d73915 ActivityRecord{2f472cc u0 com.termux/.app.TermuxActivity t11 f}} appWin=Window{649b993 u0 Splash Screen com.termux EXITING} drawState=4
06-03 14:10:19.159  2238  3136 E WindowManager: Unknown window type: 2039
06-03 14:10:19.160  2238  2254 I ActivityManager: Showing crash dialog for package com.termux u0
06-03 14:10:19.160  2238  5349 E WindowManager: Unknown window type: 2039
06-03 14:10:19.161  2238  2285 E WindowManager: Unknown window type: 2039
06-03 14:10:19.163  2238  2254 E WindowManager: Unknown window type: 2039
06-03 14:10:19.183  2238  2254 I chatty  : uid=1000(system) android.ui identical 1 line
06-03 14:10:19.190  2238  2254 E WindowManager: Unknown window type: 2039
06-03 14:10:19.246  2238  2254 D ViewRootImpl[termux]: updatePointerIcon called with position out of bounds
06-03 14:10:19.246  2238  2285 E WindowManager: Unknown window type: 2039
06-03 14:10:19.246  2238  2254 D ViewRootImpl[termux]: updatePointerIcon called with position out of bounds
06-03 14:10:19.248  2238  2285 E WindowManager: Unknown window type: 2039
06-03 14:10:19.253  2238  2254 D ViewRootImpl[termux]: updatePointerIcon called with position out of bounds
06-03 14:10:19.264  2238  2254 D ViewRootImpl[termux]: updatePointerIcon called with position out of bounds
06-03 14:10:19.636  2238  2253 W ActivityManager: Activity pause timeout for ActivityRecord{2f472cc u0 com.termux/.app.TermuxActivity t11 f}
06-03 14:10:19.638  2362  2362 I StatusBar: taskId 7 keep true cmpComponentInfo{org.chromium.chrome/org.chromium.chrome.browser.ChromeTabbedActivity}
06-03 14:10:19.671  2929  3399 V PackageManager: [7679ccbf-f6df-4d98-a17e-c73b1804fd13] Phase1 called; posting
06-03 14:10:19.671  2929  2929 D PackageManager: [7679ccbf-f6df-4d98-a17e-c73b1804fd13] Phase1 request; prefix: [1208311808, 305614848]
06-03 14:10:19.674  2929  3399 V PackageManager: [15c2595a-aa94-4770-bfc8-39baacd2977b] Phase1 called; posting
06-03 14:10:19.674  2929  2929 D PackageManager: [15c2595a-aa94-4770-bfc8-39baacd2977b] Phase1 request; prefix: [1208311808, 305614848]
06-03 14:10:19.675  9484  9484 I chatty  : uid=10082(com.seafile.seadroid2.debug) expire 19 lines
06-03 14:10:19.732  2362  2362 I StatusBar: taskId 10 keep false cmpComponentInfo{com.seafile.seadroid2.debug/com.seafile.seadroid2.ui.activity.SplashActivity}
06-03 14:10:19.883  2238  2285 W WindowManager: Failed looking up window callers=com.android.server.wm.WindowManagerService.windowForClientLocked:5821 com.android.server.wm.WindowManagerService.removeWindow:1718 com.android.server.wm.Session.remove:222 
06-03 14:10:19.981  2131  2131 E SurfaceFlinger: [Sprite#0] rejecting buffer: bufWidth=38, bufHeight=38, front.active.{w=33, h=42}
06-03 14:10:19.987  2238  2254 D ViewRootImpl[termux]: updatePointerIcon called with position out of bounds
06-03 14:10:20.181  2131  2131 E SurfaceFlinger: [Sprite#0] rejecting buffer: bufWidth=38, bufHeight=38, front.active.{w=33, h=42}
06-03 14:10:20.364  2238  2254 I chatty  : uid=1000(system) android.ui identical 23 lines
06-03 14:10:20.381  2238  2254 D ViewRootImpl[termux]: updatePointerIcon called with position out of bounds
06-03 14:10:21.213  2362  2362 D ViewRootImpl[StatusBar]: updatePointerIcon called with position out of bounds
06-03 14:10:21.342  2238  3136 I ActivityManager: Killing 7688:com.termux/u0a34 (adj 900): crash
06-03 14:10:21.344  2362  2362 I StatusBar: taskId 11 keep false cmpComponentInfo{com.termux/com.termux.app.TermuxActivity}
06-03 14:10:21.365  2238  3136 I ActivityManager: START u0 {act=android.intent.action.MAIN cat=[android.intent.category.LAUNCHER] flg=0x30000000 cmp=com.termux/.app.TermuxActivity} from uid 10033
06-03 14:10:21.387  2238  3136 E ActivityManager: applyOptionsLocked: Unknown animationType=0
06-03 14:10:21.388  9553  9553 I main    : type=1400 audit(0.0:1130): avc: denied { mounton } for path="/storage" dev="tmpfs" ino=9274 scontext=u:r:zygote:s0 tcontext=u:object_r:tmpfs:s0 tclass=dir permissive=1
06-03 14:10:21.388  9553  9553 I main    : type=1400 audit(0.0:1131): avc: denied { dac_read_search } for capability=2 scontext=u:r:zygote:s0 tcontext=u:r:zygote:s0 tclass=capability permissive=1
06-03 14:10:21.388  9553  9553 I main    : type=1400 audit(0.0:1132): avc: denied { create } for name="cgroup.procs" scontext=u:r:zygote:s0 tcontext=u:object_r:cgroup:s0 tclass=file permissive=1
06-03 14:10:21.390  9553  9553 W zygote64: Unexpected CPU variant for X86 using defaults: x86_64
06-03 14:10:21.398  2238  3136 I ActivityManager: Start proc 9553:com.termux/u0a34 for activity com.termux/.app.TermuxActivity
06-03 14:10:21.399  2238  2260 W ActivityManager: setHasOverlayUi called on unknown pid: 7688
06-03 14:10:21.400  2362  2362 I StatusBar: taskId 12 keep true cmpComponentInfo{com.termux/com.termux.app.TermuxActivity}
06-03 14:10:21.424  9553  9570 V NuMediaExtractor: setDataSource fd=33 (/system/priv-app/Termux/Termux.apk), offset=4939488, length=5090
06-03 14:10:21.426  9553  9570 V NuMediaExtractor: track of type 'audio/vorbis' does not publish bitrate
06-03 14:10:21.427  9553  9574 D OpenGLRenderer: HWUI GL Pipeline
06-03 14:10:21.427  9553  9573 I OMXClient: Treble IOmx obtained
06-03 14:10:21.427  2149  2183 I OMXMaster: makeComponentInstance(OMX.google.vorbis.decoder) in omx@1.0-service process
06-03 14:10:21.428  2149  2183 E OMXNodeInstance: getConfig(0xf631b2a0:google.vorbis.decoder, ConfigAndroidVendorExtension(0x6f100004)) ERROR: Undefined(0x80001001)
06-03 14:10:21.428  2116  2116 W /system/bin/hw/android.hidl.allocator@1.0-service: ashmem_create_region(32768) returning hidl_memory(0x7afae502c2d0, 32768)
06-03 14:10:21.433  2116  2116 I chatty  : uid=1000(system) allocator@1.0-s identical 10 lines
06-03 14:10:21.434  2116  2116 W /system/bin/hw/android.hidl.allocator@1.0-service: ashmem_create_region(32768) returning hidl_memory(0x7afae502c2d0, 32768)
06-03 14:10:21.436  2145  2203 D MediaAnalyticsService: MediaAnalyticsService::newSummarizerSet
06-03 14:10:21.442  9553  9553 I RenderThread: type=1400 audit(0.0:1134): avc: denied { read write } for name="card0" dev="tmpfs" ino=2397 scontext=u:r:platform_app:s0:c512,c768 tcontext=u:object_r:device:s0 tclass=chr_file permissive=1
06-03 14:10:21.442  9553  9553 I RenderThread: type=1400 audit(0.0:1135): avc: denied { open } for path="/dev/dri/card0" dev="tmpfs" ino=2397 scontext=u:r:platform_app:s0:c512,c768 tcontext=u:object_r:device:s0 tclass=chr_file permissive=1
06-03 14:10:21.442  9553  9553 I RenderThread: type=1400 audit(0.0:1136): avc: denied { getattr } for path="/dev/dri/card0" dev="tmpfs" ino=2397 scontext=u:r:platform_app:s0:c512,c768 tcontext=u:object_r:device:s0 tclass=chr_file permissive=1
06-03 14:10:21.442  9553  9553 I RenderThread: type=1400 audit(0.0:1137): avc: denied { read } for name="dri" dev="tmpfs" ino=10566 scontext=u:r:platform_app:s0:c512,c768 tcontext=u:object_r:device:s0 tclass=dir permissive=1
06-03 14:10:21.442  9553  9553 I RenderThread: type=1400 audit(0.0:1138): avc: denied { open } for path="/dev/dri" dev="tmpfs" ino=10566 scontext=u:r:platform_app:s0:c512,c768 tcontext=u:object_r:device:s0 tclass=dir permissive=1
06-03 14:10:21.443  9553  9553 I com.termux: type=1400 audit(0.0:1139): avc: denied { execute } for name="login" dev="nvme0n1p10" ino=655492 scontext=u:r:platform_app:s0:c512,c768 tcontext=u:object_r:app_data_file:s0:c512,c768 tclass=file permissive=1
06-03 14:10:21.443  9553  9574 D vndksupport: Loading /vendor/lib64/hw/gralloc.drm.so from current namespace instead of sphal namespace.
06-03 14:10:21.443  9553  9574 I GRALLOC-DRM: create intel for driver i915
06-03 14:10:21.445  9553  9574 I EGL-MAIN: found extension DRI_Core version 2
06-03 14:10:21.445  9553  9574 I EGL-MAIN: found extension DRI_DRI2 version 4
06-03 14:10:21.450  9579  9579 I com.termux: type=1400 audit(0.0:1140): avc: denied { open } for path="/dev/pts/0" dev="devpts" ino=3 scontext=u:r:platform_app:s0:c512,c768 tcontext=u:object_r:devpts:s0:c512,c768 tclass=chr_file permissive=1
06-03 14:10:21.450  9553  9574 I EGL-MAIN: found extension DRI_TexBuffer version 3
06-03 14:10:21.450  9553  9574 I EGL-MAIN: found extension DRI2_Flush version 4
06-03 14:10:21.450  9553  9574 I EGL-MAIN: found extension DRI_IMAGE version 16
06-03 14:10:21.450  9553  9574 I EGL-MAIN: found extension DRI2_Fence version 2
06-03 14:10:21.450  9553  9574 I EGL-MAIN: found extension DRI_IMAGE version 16
06-03 14:10:21.450  9553  9574 I EGL-MAIN: found extension DRI_RENDERER_QUERY version 1
06-03 14:10:21.450  9553  9574 I EGL-MAIN: found extension DRI_MutableRenderBufferDriver version 1
06-03 14:10:21.450  9553  9574 I EGL-MAIN: found extension DRI_CONFIG_QUERY version 1
06-03 14:10:21.450  9553  9574 I EGL-MAIN: found extension DRI_Robustness version 1
06-03 14:10:21.450  9553  9574 I EGL-MAIN: found extension DRI_NoError version 1
06-03 14:10:21.450  9553  9574 I EGL-MAIN: found extension DRI2_Blob version 1
06-03 14:10:21.451  9579  9579 I com.termux: type=1400 audit(0.0:1141): avc: denied { execute_no_trans } for path="/data/data/com.termux/files/usr/bin/login" dev="nvme0n1p10" ino=655492 scontext=u:r:platform_app:s0:c512,c768 tcontext=u:object_r:app_data_file:s0:c512,c768 tclass=file permissive=1
06-03 14:10:21.453  9553  9574 I com.termux: android::hardware::configstore::V1_0::ISurfaceFlingerConfigs::hasWideColorDisplay retrieved: 0
06-03 14:10:21.453  9553  9574 I OpenGLRenderer: Initialized EGL, version 1.4
06-03 14:10:21.454  9553  9574 D OpenGLRenderer: Swap behavior 2
06-03 14:10:21.454  9553  9574 E OpenGLRenderer: Device claims wide gamut support, cannot find matching config, error = EGL_SUCCESS
06-03 14:10:21.464  9553  9574 D vndksupport: Loading /vendor/lib64/hw/android.hardware.graphics.mapper@2.0-impl.so from current namespace instead of sphal namespace.
06-03 14:10:21.464  9553  9574 D vndksupport: Loading /vendor/lib64/hw/gralloc.drm.so from current namespace instead of sphal namespace.
06-03 14:10:21.532  2238  2285 W AppOps  : Finishing op nesting under-run: uid 1000 pkg android code 24 time=0 duration=0 nesting=0
06-03 14:10:21.565  9553  9553 D ViewRootImpl[TermuxActivity]: updatePointerIcon called with position out of bounds
06-03 14:10:24.356  2058  2058 W /system/bin/hwservicemanager: getTransport: Cannot find entry android.hardware.vibrator@1.0::IVibrator/default in either framework or device manifest.
06-03 14:10:26.097  2131  2131 E SurfaceFlinger: [Sprite#0] rejecting buffer: bufWidth=38, bufHeight=38, front.active.{w=33, h=42}
06-03 14:10:26.164  2131  2131 E SurfaceFlinger: [Sprite#0] rejecting buffer: bufWidth=38, bufHeight=38, front.active.{w=33, h=42}
06-03 14:10:34.254  2238  2252 I chatty  : uid=1000(system) android.bg expire 14 lines
06-03 14:10:41.312  2131  2131 I surfaceflinger: type=1400 audit(0.0:1142): avc: denied { ioctl } for path="/dev/dri/card0" dev="tmpfs" ino=2397 ioctlcmd=0x6469 scontext=u:r:surfaceflinger:s0 tcontext=u:object_r:device:s0 tclass=chr_file permissive=1
06-03 14:10:43.307  6540  6540 I chatty  : uid=10054(org.chromium.chrome) expire 14 lines
06-03 14:10:55.460  9484  9519 I chatty  : uid=10082(com.seafile.seadroid2.debug) expire 30 lines
06-03 14:11:00.013  2362  2362 I RenderThread: type=1400 audit(0.0:1143): avc: denied { map } for path=2F69393135202864656C6574656429 dev="tmpfs" ino=157783 scontext=u:r:platform_app:s0:c512,c768 tcontext=u:object_r:platform_app_tmpfs:s0:c512,c768 tclass=file permissive=1
06-03 14:11:17.378  9484  9518 I chatty  : uid=10082(com.seafile.seadroid2.debug) expire 10 lines
06-03 14:11:18.321  6540  6540 I chatty  : uid=10054(org.chromium.chrome) expire 20 lines
06-03 14:12:06.588  2929  2929 E ctxmgr  : [BaseServerTask]Server task (GetConfigTask) got error statusCode=-1.
06-03 14:12:06.588  2929  2929 E ctxmgr  : com.android.volley.TimeoutError
06-03 14:12:06.588  2929  2929 E ctxmgr  : 	at com.android.volley.toolbox.BasicNetwork.performRequest(:com.google.android.gms@12688056@12.6.88 (090800-197970725):33)
06-03 14:12:06.588  2929  2929 E ctxmgr  : 	at ono.performRequest(:com.google.android.gms@12688056@12.6.88 (090800-197970725):17)
06-03 14:12:06.588  2929  2929 E ctxmgr  : 	at com.android.volley.NetworkDispatcher.a(:com.google.android.gms@12688056@12.6.88 (090800-197970725):7)
06-03 14:12:06.588  2929  2929 E ctxmgr  : 	at com.android.volley.NetworkDispatcher.run(:com.google.android.gms@12688056@12.6.88 (090800-197970725):2)
06-03 14:12:06.589  2929  8583 E ctxmgr  : [DailyCheckinOperation]Failed daily get config: network status=-1
06-03 14:12:07.392  9484  9518 I chatty  : uid=10082(com.seafile.seadroid2.debug) expire 10 lines
06-03 14:12:08.338  6540  6540 I chatty  : uid=10054(org.chromium.chrome) expire 14 lines
06-03 14:12:25.172  4071  9597 I DynamiteModule: Considering local module com.google.android.gms.brella_dynamite:0 and remote module com.google.android.gms.brella_dynamite:222
06-03 14:12:25.172  4071  9597 I DynamiteModule: Selected remote version of com.google.android.gms.brella_dynamite, version >= 222
06-03 14:12:25.194  3084  3098 E AsyncOpDispatcher: Unable to get current module info in ModuleManager created with non-module Context
06-03 14:12:25.203  2929  3335 I AsyncOpDispatcher: 51-GetConfigurationSnapshotOperationCall
06-03 14:12:25.204  2929  3335 I AsyncOpDispatcher: 51-CommitToConfigurationOperationCall
06-03 14:12:25.208  4071  9597 E memtrack: Couldn't load memtrack module
06-03 14:12:25.208  4071  9597 W android.os.Debug: failed to get memory consumption info: -1
06-03 14:12:25.223  4071  9597 W native  : tensor_slice_reader_cache.cc:71 Caching disabled because the open function is a lambda or RTTI is not enabled in this build.
06-03 14:12:25.224  4071  9597 I chatty  : uid=10014 com.google.android.gms.learning identical 2 lines
06-03 14:12:25.225  4071  9597 W native  : tensor_slice_reader_cache.cc:71 Caching disabled because the open function is a lambda or RTTI is not enabled in this build.
06-03 14:12:25.344  4071  9597 E memtrack: Couldn't load memtrack module
06-03 14:12:25.344  4071  9597 W android.os.Debug: failed to get memory consumption info: -1
06-03 14:12:25.350  2929  3399 E NetworkScheduler.ATC: Received callback from client for task that is already complete. ComponentInfo{com.google.android.gms/com.google.android.gms.learning.training.background.TrainingGcmTaskService} com.google.android.gms.learning.BACKGROUND_TRAINING_TASK
06-03 14:12:25.506  9484  9519 I chatty  : uid=10082(com.seafile.seadroid2.debug) expire 20 lines
06-03 14:12:26.368  2238  3136 I chatty  : uid=1000(system) Binder:2238_C expire 2 lines
06-03 14:12:26.377  2238  2377 I chatty  : uid=1000(system) Binder:2238_3 expire 1 line
06-03 14:12:26.380  2929  7063 W ctxmgr  : [AclManager]null policy map (1) 57, clientInfo=(accnt=account#-517948760#, com.google.android.gms(10014):IndoorOutdoorProducer, vrsn=12688000, 0, 3pPkg = null ,  3pMdlId = null ,  pid = 2929)
06-03 14:12:26.380  2929  7063 W ctxmgr  : [AclManager]null policy map (2) 57, clientInfo=(accnt=account#-517948760#, com.google.android.gms(10014):IndoorOutdoorProducer, vrsn=12688000, 0, 3pPkg = null ,  3pMdlId = null ,  pid = 2929)
06-03 14:12:26.380  2929  7063 W ctxmgr  : [AclManager]null policy map (1) 57, clientInfo=(accnt=account#-517948760#, com.google.android.gms(10014):IndoorOutdoorProducer, vrsn=12688000, 0, 3pPkg = null ,  3pMdlId = null ,  pid = 2929)
06-03 14:12:26.381  2929  7063 E ctxmgr  : [NetworkUtil]No active synchronizable contexts.
06-03 14:12:40.210  2238  2252 I chatty  : uid=1000(system) android.bg expire 14 lines
06-03 14:12:43.351  6540  6540 I chatty  : uid=10054(org.chromium.chrome) expire 18 lines
06-03 14:12:57.404  9484  9518 I chatty  : uid=10082(com.seafile.seadroid2.debug) expire 10 lines
06-03 14:12:57.676  2238  9621 I chatty  : uid=1000 system_server expire 2 lines
06-03 14:12:57.678  2238  9622 I chatty  : uid=1000 system_server expire 2 lines
06-03 14:10:22.281  9553  9553 I chatty  : uid=10034(com.termux) identical 8 lines
06-03 14:10:26.081  9553  9553 D ViewRootImpl[TermuxActivity]: updatePointerIcon called with position out of bounds
06-03 14:13:10.689  2238  2311 D ConnectivityService: NetworkAgentInfo [WIFI () - 106] validation failed
06-03 14:13:25.422  2929  9599 E Uploader: Clearcut transport failed to make network request.
06-03 14:13:25.422  2929  9599 E Uploader: java.net.SocketTimeoutException: failed to connect to play.googleapis.com/6.6.6.6 (port 443) from /192.168.0.149 (port 47908) after 60000ms
06-03 14:13:25.422  2929  9599 E Uploader: 	at libcore.io.IoBridge.connectErrno(IoBridge.java:185)
06-03 14:13:25.422  2929  9599 E Uploader: 	at libcore.io.IoBridge.connect(IoBridge.java:130)
06-03 14:13:25.422  2929  9599 E Uploader: 	at java.net.PlainSocketImpl.socketConnect(PlainSocketImpl.java:129)
06-03 14:13:25.422  2929  9599 E Uploader: 	at java.net.AbstractPlainSocketImpl.doConnect(AbstractPlainSocketImpl.java:356)
06-03 14:13:25.422  2929  9599 E Uploader: 	at java.net.AbstractPlainSocketImpl.connectToAddress(AbstractPlainSocketImpl.java:200)
06-03 14:13:25.422  2929  9599 E Uploader: 	at java.net.AbstractPlainSocketImpl.connect(AbstractPlainSocketImpl.java:182)
06-03 14:13:25.422  2929  9599 E Uploader: 	at java.net.SocksSocketImpl.connect(SocksSocketImpl.java:357)
06-03 14:13:25.422  2929  9599 E Uploader: 	at java.net.Socket.connect(Socket.java:616)
06-03 14:13:25.422  2929  9599 E Uploader: 	at com.android.okhttp.internal.Platform.connectSocket(Platform.java:145)
06-03 14:13:25.422  2929  9599 E Uploader: 	at com.android.okhttp.internal.io.RealConnection.connectSocket(RealConnection.java:141)
06-03 14:13:25.422  2929  9599 E Uploader: 	at com.android.okhttp.internal.io.RealConnection.connect(RealConnection.java:112)
06-03 14:13:25.422  2929  9599 E Uploader: 	at com.android.okhttp.internal.http.StreamAllocation.findConnection(StreamAllocation.java:184)
06-03 14:13:25.422  2929  9599 E Uploader: 	at com.android.okhttp.internal.http.StreamAllocation.findHealthyConnection(StreamAllocation.java:126)
06-03 14:13:25.422  2929  9599 E Uploader: 	at com.android.okhttp.internal.http.StreamAllocation.newStream(StreamAllocation.java:95)
06-03 14:13:25.422  2929  9599 E Uploader: 	at com.android.okhttp.internal.http.HttpEngine.connect(HttpEngine.java:281)
06-03 14:13:25.422  2929  9599 E Uploader: 	at com.android.okhttp.internal.http.HttpEngine.sendRequest(HttpEngine.java:224)
