06-03 14:25:05.855  2238  4366 E WindowManager: Unknown window type: 2039
06-03 14:25:05.855  2362  2362 I StatusBar: taskId 19 keep true cmpComponentInfo{com.android.settings/com.android.settings.Settings}
06-03 14:25:05.862  2131  2131 I surfaceflinger: type=1400 audit(0.0:1189): avc: denied { map } for path=2F69393135202864656C6574656429 dev="tmpfs" ino=161844 scontext=u:r:surfaceflinger:s0 tcontext=u:object_r:surfaceflinger_tmpfs:s0 tclass=file permissive=1
06-03 14:25:05.865  2238  3141 E WindowManager: Unknown window type: 2039
06-03 14:25:05.873  2238  2285 E WindowManager: Unknown window type: 2039
06-03 14:25:05.874  2238  2285 I chatty  : uid=1000(system) android.anim identical 1 line
06-03 14:25:05.881  2238  2285 E WindowManager: Unknown window type: 2039
06-03 14:25:05.895  9899  9919 I chatty  : uid=1000(system) com.android.settings expire 6 lines
06-03 14:25:05.899  9899  9918 I chatty  : uid=1000(system) com.android.settings expire 3 lines
06-03 14:25:05.900  9899  9922 I chatty  : uid=1000(system) com.android.settings expire 1 line
06-03 14:25:05.904  2238  4366 I chatty  : uid=1000(system) Binder:2238_11 expire 1 line
06-03 14:25:05.905  9899  9924 I chatty  : uid=1000(system) com.android.settings expire 3 lines
06-03 14:25:05.911  9899  9925 I chatty  : uid=1000(system) com.android.settings expire 1 line
06-03 14:25:05.911  2238  2256 I chatty  : uid=1000(system) batterystats-wo expire 6 lines
06-03 14:25:05.912  2238  2256 E BatteryExternalStatsWorker: no controller energy info supplied for wifi
06-03 14:25:05.912  2238  2256 E BatteryExternalStatsWorker: no controller energy info supplied for bluetooth
06-03 14:25:05.912  2644  2644 E PhoneInterfaceManager: [PhoneIntfMgr] queryModemActivityInfo: Empty response
06-03 14:25:05.912  2238  2256 E KernelCpuSpeedReader: Failed to read cpu-freq: /sys/devices/system/cpu/cpu0/cpufreq/stats/time_in_state (No such file or directory)
06-03 14:25:05.913  2238  2256 E BatteryExternalStatsWorker: modem info is invalid: ModemActivityInfo{ mTimestamp=0 mSleepTimeMs=0 mIdleTimeMs=0 mTxTimeMs[]=[0, 0, 0, 0, 0] mRxTimeMs=0 mEnergyUsed=0}
06-03 14:25:05.914  2238  2285 E WindowManager: Unknown window type: 2039
06-03 14:25:05.918  2238  9892 E WindowManager: Unknown window type: 2039
06-03 14:25:05.923  2238  9892 E WindowManager: Unknown window type: 2039
06-03 14:25:05.924  9899  9923 I chatty  : uid=1000(system) RenderThread expire 21 lines
06-03 14:25:05.926  2238  3141 I chatty  : uid=1000(system) Binder:2238_D expire 2 lines
06-03 14:25:05.959  2238  2285 E WindowManager: Unknown window type: 2039
06-03 14:25:05.965  2238  2285 I chatty  : uid=1000(system) android.anim identical 3 lines
06-03 14:25:05.981  2238  2285 E WindowManager: Unknown window type: 2039
06-03 14:25:06.585  9899  9904 I chatty  : uid=1000(system) Jit thread pool expire 11 lines
06-03 14:25:13.186  2238  2252 I UsageStatsService: User[0] Flushing usage stats to disk
06-03 14:25:14.121  2362  2362 D ViewRootImpl[StatusBar]: updatePointerIcon called with position out of bounds
06-03 14:25:14.235  2238  9892 I ActivityManager: START u0 {flg=0x8000 cmp=com.android.settings/.Settings$AppAndNotificationDashboardActivity (has extras)} from uid 1000
06-03 14:25:14.236  2117  4941 I audio_hw_primary: choose pcmC0D0p for 0
06-03 14:25:14.240  2362  2362 I StatusBar: taskId 19 keep true cmpComponentInfo{com.android.settings/com.android.settings.Settings}
06-03 14:25:14.294  2238  9892 E UserRestrictionsUtils: Unknown restriction: null
06-03 14:25:14.320  9899  9935 I chatty  : uid=1000(system) com.android.settings expire 2 lines
06-03 14:25:14.392  9899  9899 W ViewRootImpl[Settings]: Dropping event due to no window focus: MotionEvent { action=ACTION_HOVER_MOVE, actionButton=0, id[0]=0, x[0]=919.1197, y[0]=592.10547, toolType[0]=TOOL_TYPE_MOUSE, buttonState=0, metaState=0, flags=0x0, edgeFlags=0x0, pointerCount=1, historySize=11, eventTime=19265483, downTime=19265239, deviceId=3, source=0x2002 }
06-03 14:25:14.410  9899  9899 W ViewRootImpl[Settings]: Dropping event due to no window focus: MotionEvent { action=ACTION_HOVER_MOVE, actionButton=0, id[0]=0, x[0]=1099.798, y[0]=614.8342, toolType[0]=TOOL_TYPE_MOUSE, buttonState=0, metaState=0, flags=0x0, edgeFlags=0x0, pointerCount=1, historySize=3, eventTime=19265515, downTime=19265239, deviceId=3, source=0x2002 }
06-03 14:25:14.410  9899  9899 W ViewRootImpl[Settings]: Cancelling event due to no window focus: MotionEvent { action=ACTION_CANCEL, actionButton=0, id[0]=0, x[0]=1105.4926, y[0]=614.8342, toolType[0]=TOOL_TYPE_MOUSE, buttonState=0, metaState=0, flags=0x0, edgeFlags=0x0, pointerCount=1, historySize=0, eventTime=19265527, downTime=19265239, deviceId=3, source=0x2002 }
06-03 14:25:14.410  9899  9899 I chatty  : uid=1000(system) com.android.settings identical 2 lines
06-03 14:25:14.410  9899  9899 W ViewRootImpl[Settings]: Cancelling event due to no window focus: MotionEvent { action=ACTION_CANCEL, actionButton=0, id[0]=0, x[0]=1105.4926, y[0]=614.8342, toolType[0]=TOOL_TYPE_MOUSE, buttonState=0, metaState=0, flags=0x0, edgeFlags=0x0, pointerCount=1, historySize=0, eventTime=19265527, downTime=19265239, deviceId=3, source=0x2002 }
06-03 14:25:14.415  9899  9936 I chatty  : uid=1000(system) SummaryLoader expire 2 lines
06-03 14:25:14.833  6540  6540 I chatty  : uid=10054(org.chromium.chrome) expire 10 lines
06-03 14:25:16.417  2362  2362 D ViewRootImpl[StatusBar]: updatePointerIcon called with position out of bounds
06-03 14:25:16.548  2238  4366 I ActivityManager: START u0 {act=android.intent.action.MAIN cmp=com.android.settings/.SubSettings (has extras)} from uid 1000
06-03 14:25:16.552  2362  2362 I StatusBar: taskId 19 keep true cmpComponentInfo{com.android.settings/com.android.settings.Settings}
06-03 14:25:16.597  9899  9899 I chatty  : uid=1000(system) com.android.settings expire 110 lines
06-03 14:25:16.656  9899  9899 W ContextImpl: Calling a method in the system process without a qualified user: android.app.ContextImpl.bindService:1556 android.content.ContextWrapper.bindService:684 android.content.pm.permission.RuntimePermissionPresenter$RemoteService.processMessage:171 android.content.pm.permission.RuntimePermissionPresenter.getAppPermissions:118 com.android.settingslib.applications.PermissionsSummaryHelper.getPermissionSummary:34 
06-03 14:25:16.658  9938  9938 I main    : type=1400 audit(0.0:1200): avc: denied { mounton } for path="/storage" dev="tmpfs" ino=9274 scontext=u:r:zygote:s0 tcontext=u:object_r:tmpfs:s0 tclass=dir permissive=1
06-03 14:25:16.658  9938  9938 I main    : type=1400 audit(0.0:1201): avc: denied { dac_read_search } for capability=2 scontext=u:r:zygote:s0 tcontext=u:r:zygote:s0 tclass=capability permissive=1
06-03 14:25:16.661  9938  9938 W zygote64: Unexpected CPU variant for X86 using defaults: x86_64
06-03 14:25:16.667  2130  2130 I lmkd    : type=1400 audit(0.0:1202): avc: denied { dac_read_search } for capability=2 scontext=u:r:lmkd:s0 tcontext=u:r:lmkd:s0 tclass=capability permissive=1
06-03 14:25:16.667  2238  4366 I ActivityManager: Start proc 9938:com.google.android.packageinstaller/u0a19 for service com.google.android.packageinstaller/com.android.packageinstaller.permission.service.RuntimePermissionPresenterServiceImpl
06-03 14:25:16.671  2238  2256 E BatteryExternalStatsWorker: no controller energy info supplied for wifi
06-03 14:25:16.671  2238  2256 E BatteryExternalStatsWorker: no controller energy info supplied for bluetooth
06-03 14:25:16.671  2644  2644 E PhoneInterfaceManager: [PhoneIntfMgr] queryModemActivityInfo: Empty response
06-03 14:25:16.672  2238  2256 E KernelCpuSpeedReader: Failed to read cpu-freq: /sys/devices/system/cpu/cpu0/cpufreq/stats/time_in_state (No such file or directory)
06-03 14:25:16.673  2238  2256 E BatteryExternalStatsWorker: modem info is invalid: ModemActivityInfo{ mTimestamp=0 mSleepTimeMs=0 mIdleTimeMs=0 mTxTimeMs[]=[0, 0, 0, 0, 0] mRxTimeMs=0 mEnergyUsed=0}
06-03 14:25:16.675  9899  9899 W ViewRootImpl[Settings$AppAndNotificationDashboardActivity]: Dropping event due to no window focus: MotionEvent { action=ACTION_HOVER_MOVE, actionButton=0, id[0]=0, x[0]=550.87604, y[0]=245.08534, toolType[0]=TOOL_TYPE_MOUSE, buttonState=0, metaState=0, flags=0x0, edgeFlags=0x0, pointerCount=1, historySize=10, eventTime=19267775, downTime=19267535, deviceId=3, source=0x2002 }
06-03 14:25:16.699  9899  9899 W ViewRootImpl[Settings$AppAndNotificationDashboardActivity]: Dropping event due to no window focus: MotionEvent { action=ACTION_HOVER_MOVE, actionButton=0, id[0]=0, x[0]=594.3341, y[0]=260.64664, toolType[0]=TOOL_TYPE_MOUSE, buttonState=0, metaState=0, flags=0x0, edgeFlags=0x0, pointerCount=1, historySize=2, eventTime=19267795, downTime=19267535, deviceId=3, source=0x2002 }
06-03 14:25:16.699  9899  9899 W ViewRootImpl[Settings$AppAndNotificationDashboardActivity]: Cancelling event due to no window focus: MotionEvent { action=ACTION_CANCEL, actionButton=0, id[0]=0, x[0]=610.5854, y[0]=267.14716, toolType[0]=TOOL_TYPE_MOUSE, buttonState=0, metaState=0, flags=0x0, edgeFlags=0x0, pointerCount=1, historySize=0, eventTime=19267807, downTime=19267535, deviceId=3, source=0x2002 }
06-03 14:25:16.699  9899  9899 I chatty  : uid=1000(system) com.android.settings identical 2 lines
06-03 14:25:16.699  9899  9899 W ViewRootImpl[Settings$AppAndNotificationDashboardActivity]: Cancelling event due to no window focus: MotionEvent { action=ACTION_CANCEL, actionButton=0, id[0]=0, x[0]=610.5854, y[0]=267.14716, toolType[0]=TOOL_TYPE_MOUSE, buttonState=0, metaState=0, flags=0x0, edgeFlags=0x0, pointerCount=1, historySize=0, eventTime=19267807, downTime=19267535, deviceId=3, source=0x2002 }
06-03 14:25:16.734  2141  2141 I Binder:2141_4: type=1400 audit(0.0:1204): avc: denied { dac_read_search } for capability=2 scontext=u:r:installd:s0 tcontext=u:r:installd:s0 tclass=capability permissive=1
06-03 14:25:16.964  2131  2131 W SurfaceFlinger: couldn't log to binary event log: overflow.
06-03 14:25:18.523  2362  2362 D ViewRootImpl[StatusBar]: updatePointerIcon called with position out of bounds
06-03 14:25:18.682  2131  2131 D SurfaceFlinger: duplicate layer name: changing com.android.settings/com.android.settings.SubSettings to com.android.settings/com.android.settings.SubSettings#1
06-03 14:25:18.724  9899  9899 D ViewRootImpl[SubSettings]: updatePointerIcon called with position out of bounds
06-03 14:25:18.964  9899  9899 I chatty  : uid=1000(system) com.android.settings identical 15 lines
06-03 14:25:18.981  9899  9899 D ViewRootImpl[SubSettings]: updatePointerIcon called with position out of bounds
06-03 14:25:19.757  2362  2362 D ViewRootImpl[StatusBar]: updatePointerIcon called with position out of bounds
06-03 14:25:19.899  2238  2824 I ActivityManager: Force stopping com.seafile.seadroid2.debug appid=10082 user=0: from pid 9899
06-03 14:25:19.902  2644  2644 E PhoneInterfaceManager: [PhoneIntfMgr] getCarrierPackageNamesForIntent: No UICC
06-03 14:25:19.902  2644  2644 D CarrierSvcBindHelper: No carrier app for: 0
06-03 14:25:19.907  9899  9923 I chatty  : uid=1000(system) RenderThread expire 1 line
06-03 14:25:22.239  2362  2362 D ViewRootImpl[StatusBar]: updatePointerIcon called with position out of bounds
06-03 14:25:22.440  2238  9892 I ActivityManager: Killing 9107:system:ui/1000 (adj 906): empty for 2964s
06-03 14:25:22.440  2238  9892 I ActivityManager: Killing 2911:com.google.android.youtube/u0a73 (adj 906): empty for 3452s
06-03 14:25:22.445  2362  2362 I StatusBar: taskId 19 keep false cmpComponentInfo{com.android.settings/com.android.settings.Settings}
06-03 14:25:22.453  3084  3433 I DiscoveryManager: Filter criteria(null) scannerFlags(0)
06-03 14:25:22.454  3084  3390 I AsyncOpDispatcher: 168-stopSearch
06-03 14:25:22.454  2238  2260 W ActivityManager: setHasOverlayUi called on unknown pid: 9107
06-03 14:25:22.618  2131  2131 E SurfaceFlinger: [Sprite#0] rejecting buffer: bufWidth=38, bufHeight=38, front.active.{w=33, h=42}
06-03 14:25:22.669  2131  2131 E SurfaceFlinger: [Sprite#0] rejecting buffer: bufWidth=38, bufHeight=38, front.active.{w=33, h=42}
06-03 14:25:22.817  2238  3467 I chatty  : uid=1000(system) RenderThread expire 38 lines
06-03 14:25:22.993  2362  2362 D ViewRootImpl[StatusBar]: updatePointerIcon called with position out of bounds
06-03 14:25:24.213  2238  5368 E WindowManager: Unknown window type: 2039
06-03 14:25:24.213  2238  5368 I chatty  : uid=1000(system) Binder:2238_13 identical 1 line
06-03 14:25:24.213  2238  5368 E WindowManager: Unknown window type: 2039
06-03 14:25:24.214  2362  2362 V PanelBar: onTouch: no panel for touch at (38,24)
06-03 14:25:24.245  2238  3141 E WindowManager: Unknown window type: 2039
06-03 14:25:24.247  2238  3141 I chatty  : uid=1000(system) Binder:2238_D identical 1 line
06-03 14:25:24.295  2238  3141 E WindowManager: Unknown window type: 2039
06-03 14:25:24.336  2238  2285 E WindowManager: Unknown window type: 2039
06-03 14:25:24.337  2238  5368 E WindowManager: Unknown window type: 2039
06-03 14:25:24.348  2238  2285 E WindowManager: Unknown window type: 2039
06-03 14:25:24.465  2238  2285 E WindowManager: Unknown window type: 2039
06-03 14:25:24.997  2362  2362 D ViewRootImpl[]: updatePointerIcon called with position out of bounds
06-03 14:25:25.431  2362  2362 I chatty  : uid=10033(com.android.systemui) identical 32 lines
06-03 14:25:25.447  2362  2362 D ViewRootImpl[]: updatePointerIcon called with position out of bounds
06-03 14:25:26.845  2362  2362 D ViewRootImpl[OpenthosStatusBar]: updatePointerIcon called with position out of bounds
06-03 14:25:26.845  2362  2362 D ViewRootImpl[StatusBar]: updatePointerIcon called with position out of bounds
06-03 14:25:26.850  2238  5368 E WindowManager: Unknown window type: 2039
06-03 14:25:26.854  2238  3141 E WindowManager: Unknown window type: 2039
06-03 14:25:26.856  2131  2131 D SurfaceFlinger: duplicate layer name: changing  to #1
06-03 14:25:26.857  2238  3141 E WindowManager: Unknown window type: 2039
06-03 14:25:26.867  2238  2285 E WindowManager: Unknown window type: 2039
06-03 14:25:26.882  2238  2285 E WindowManager: Unknown window type: 2039
06-03 14:25:27.027  2362  2362 D ViewRootImpl[]: updatePointerIcon called with position out of bounds
06-03 14:25:27.047  2362  2362 D ViewRootImpl[]: updatePointerIcon called with position out of bounds
06-03 14:25:27.132  2238  2285 E WindowManager: Unknown window type: 2039
06-03 14:25:27.231  2362  2362 D ViewRootImpl[]: updatePointerIcon called with position out of bounds
06-03 14:25:28.231  2362  2362 D ViewRootImpl[OpenthosStatusBar]: updatePointerIcon called with position out of bounds
06-03 14:25:28.231  2362  2362 D ViewRootImpl[StatusBar]: updatePointerIcon called with position out of bounds
06-03 14:25:28.347  2238  2824 I ActivityManager: START u0 {act=android.intent.action.MAIN cat=[android.intent.category.LAUNCHER] flg=0x30000000 cmp=com.seafile.seadroid2.debug/com.seafile.seadroid2.ui.activity.SplashActivity} from uid 10033
06-03 14:25:28.348  2117  4941 I audio_hw_primary: choose pcmC0D0p for 0
06-03 14:25:28.350  2238  2824 E ActivityManager: applyOptionsLocked: Unknown animationType=0
06-03 14:25:28.354  9955  9955 I chatty  : uid=10082(com.seafile.seadroid2.debug) expire 54 lines
06-03 14:25:28.361  2238  2824 I ActivityManager: Start proc 9955:com.seafile.seadroid2.debug/u0a82 for activity com.seafile.seadroid2.debug/com.seafile.seadroid2.ui.activity.SplashActivity
06-03 14:25:28.361  2238  2824 E WindowManager: Unknown window type: 2039
06-03 14:25:28.362  2238  2824 I chatty  : uid=1000(system) Binder:2238_8 identical 1 line
06-03 14:25:28.363  2238  2824 E WindowManager: Unknown window type: 2039
06-03 14:25:28.364  2238  2285 E WindowManager: Unknown window type: 2039
06-03 14:25:28.369  2362  2362 I StatusBar: taskId 20 keep true cmpComponentInfo{com.seafile.seadroid2.debug/com.seafile.seadroid2.ui.activity.SplashActivity}
06-03 14:25:28.369  2238  2824 E WindowManager: Unknown window type: 2039
06-03 14:25:28.381  2238  2824 E WindowManager: Unknown window type: 2039
06-03 14:25:28.382  2963  2963 I RenderThread: type=1400 audit(0.0:1208): avc: denied { map } for path=2F69393135202864656C6574656429 dev="tmpfs" ino=161444 scontext=u:r:platform_app:s0:c512,c768 tcontext=u:object_r:platform_app_tmpfs:s0:c512,c768 tclass=file permissive=1
06-03 14:25:28.384  2238  2285 E WindowManager: Unknown window type: 2039
06-03 14:25:28.397  2238  2285 I chatty  : uid=1000(system) android.anim identical 2 lines
06-03 14:25:28.417  9955  9960 I chatty  : uid=10082(com.seafile.seadroid2.debug) expire 11 lines
06-03 14:25:28.481  2238  2285 E WindowManager: Unknown window type: 2039
06-03 14:25:28.494  9955  9975 I chatty  : uid=10082(com.seafile.seadroid2.debug) expire 22 lines
06-03 14:25:28.512  2131  2131 I surfaceflinger: type=1400 audit(0.0:1221): avc: denied { ioctl } for path="/dev/dri/card0" dev="tmpfs" ino=2397 ioctlcmd=0x6457 scontext=u:r:surfaceflinger:s0 tcontext=u:object_r:device:s0 tclass=chr_file permissive=1
06-03 14:25:28.537  2238  2252 I chatty  : uid=1000(system) android.bg expire 2 lines
06-03 14:25:28.617  2238  2285 W AppOps  : Finishing op nesting under-run: uid 10033 pkg com.android.systemui code 24 time=0 duration=0 nesting=0
06-03 14:25:29.492  2238  5368 I ActivityManager: START u0 {cmp=com.seafile.seadroid2.debug/com.seafile.seadroid2.ui.activity.BrowserActivity} from uid 10082
06-03 14:25:29.495  2362  2362 I StatusBar: taskId 20 keep true cmpComponentInfo{com.seafile.seadroid2.debug/com.seafile.seadroid2.ui.activity.SplashActivity}
06-03 14:25:29.562  9955  9979 I chatty  : uid=10082(com.seafile.seadroid2.debug) expire 1 line
06-03 14:25:29.571  2238  2253 I chatty  : uid=1000(system) ActivityManager expire 7 lines
06-03 14:25:29.571  2238  2253 V ActivityManager: Attempted to start a foreground service (ComponentInfo{com.seafile.seadroid2.debug/com.seafile.seadroid2.cameraupload.MediaObserverService}) with a broken notification (no icon: Notification(channel=null pri=0 contentView=null vibrate=null sound=null defaults=0x0 flags=0x40 color=0x00000000 vis=PRIVATE))
06-03 14:25:29.581  2238  2238 I chatty  : uid=1000 system_server expire 2 lines
06-03 14:25:29.601  9955  9987 I chatty  : uid=10082(com.seafile.seadroid2.debug) expire 2 lines
06-03 14:25:29.602  9955  9990 I chatty  : uid=10082(com.seafile.seadroid2.debug) expire 4 lines
06-03 14:25:29.629  9955  9991 I chatty  : uid=10082(com.seafile.seadroid2.debug) expire 5 lines
06-03 14:25:29.673  2238  2260 I chatty  : uid=1000(system) android.display expire 3 lines
06-03 14:25:31.574  2238  2238 W WindowManager: removeWindowToken: Attempted to remove non-existing token: android.os.Binder@f21446a
06-03 14:25:33.875  2362  2362 D ViewRootImpl[StatusBar]: updatePointerIcon called with position out of bounds
06-03 14:25:33.897  2131  2131 E SurfaceFlinger: [Sprite#0] rejecting buffer: bufWidth=33, bufHeight=42, front.active.{w=38, h=38}
06-03 14:25:34.033  2362  2362 I StatusBar: taskId 20 keep false cmpComponentInfo{com.seafile.seadroid2.debug/com.seafile.seadroid2.ui.activity.SplashActivity}
06-03 14:25:34.433  2238  3467 I chatty  : uid=1000(system) RenderThread expire 38 lines
06-03 14:25:34.848  2131  2131 E SurfaceFlinger: [Sprite#0] rejecting buffer: bufWidth=38, bufHeight=38, front.active.{w=33, h=42}
06-03 14:25:35.389  2238  5368 E WindowManager: Unknown window type: 2039
06-03 14:25:35.391  2362  2362 V PanelBar: onTouch: no panel for touch at (24,35)
06-03 14:25:35.406  2238  5368 I chatty  : uid=1000(system) Binder:2238_13 identical 3 lines
06-03 14:25:35.413  2238  5368 E WindowManager: Unknown window type: 2039
06-03 14:25:35.459  2238  2285 E WindowManager: Unknown window type: 2039
06-03 14:25:35.467  2238  2285 E WindowManager: Unknown window type: 2039
06-03 14:25:35.478  2238  5368 E WindowManager: Unknown window type: 2039
06-03 14:25:35.581  2238  2285 E WindowManager: Unknown window type: 2039
06-03 14:25:35.698  2131  2131 E SurfaceFlinger: [Sprite#0] rejecting buffer: bufWidth=38, bufHeight=38, front.active.{w=33, h=42}
06-03 14:25:36.581  2131  2131 E SurfaceFlinger: [Sprite#0] rejecting buffer: bufWidth=38, bufHeight=38, front.active.{w=33, h=42}
06-03 14:25:37.236  2238  5368 E WindowManager: Unknown window type: 2039
06-03 14:25:37.238  2362  2362 D ViewRootImpl[OpenthosStatusBar]: updatePointerIcon called with position out of bounds
06-03 14:25:37.243  2238  5368 E WindowManager: Unknown window type: 2039
06-03 14:25:37.247  2131  2131 D SurfaceFlinger: duplicate layer name: changing  to #1
06-03 14:25:37.248  2238  5368 E WindowManager: Unknown window type: 2039
06-03 14:25:37.252  2362  2362 D ViewRootImpl[StatusBar]: updatePointerIcon called with position out of bounds
06-03 14:25:37.259  2238  2285 E WindowManager: Unknown window type: 2039
06-03 14:25:37.265  2238  2285 E WindowManager: Unknown window type: 2039
06-03 14:25:37.407  2362  2362 D ViewRootImpl[]: updatePointerIcon called with position out of bounds
06-03 14:25:37.414  2362  2362 D ViewRootImpl[]: updatePointerIcon called with position out of bounds
06-03 14:25:37.515  2238  2285 E WindowManager: Unknown window type: 2039
06-03 14:25:37.630  2362  2362 D ViewRootImpl[]: updatePointerIcon called with position out of bounds
06-03 14:25:37.647  2362  2362 I chatty  : uid=10033(com.android.systemui) identical 1 line
06-03 14:25:37.664  2362  2362 D ViewRootImpl[]: updatePointerIcon called with position out of bounds
06-03 14:25:38.745  2362  2362 D ViewRootImpl[OpenthosStatusBar]: updatePointerIcon called with position out of bounds
06-03 14:25:38.745  2362  2362 D ViewRootImpl[StatusBar]: updatePointerIcon called with position out of bounds
06-03 14:25:38.827  2238  2824 I ActivityManager: START u0 {act=android.intent.action.MAIN cat=[android.intent.category.LAUNCHER] flg=0x30000000 cmp=com.seafile.seadroid2.debug/com.seafile.seadroid2.ui.activity.SplashActivity} from uid 10033
06-03 14:25:38.828  2117  4941 I audio_hw_primary: choose pcmC0D0p for 0
06-03 14:25:38.830  2238  2824 E ActivityManager: applyOptionsLocked: Unknown animationType=0
06-03 14:25:38.832  2238  2824 E WindowManager: Unknown window type: 2039
06-03 14:25:38.833  2238  3141 E WindowManager: Unknown window type: 2039
06-03 14:25:38.835  2238  3141 I chatty  : uid=1000(system) Binder:2238_D identical 1 line
06-03 14:25:38.835  2362  2362 I StatusBar: taskId 21 keep true cmpComponentInfo{com.seafile.seadroid2.debug/com.seafile.seadroid2.ui.activity.SplashActivity}
06-03 14:25:38.847  2238  3141 E WindowManager: Unknown window type: 2039
06-03 14:25:38.848  2238  2285 E WindowManager: Unknown window type: 2039
06-03 14:25:38.850  2238  3141 E WindowManager: Unknown window type: 2039
06-03 14:25:38.869  2238  2285 E WindowManager: Unknown window type: 2039
06-03 14:25:38.881  2238  2285 I chatty  : uid=1000(system) android.anim identical 5 lines
06-03 14:25:38.965  2238  2285 E WindowManager: Unknown window type: 2039
06-03 14:25:39.100  2238  2285 W AppOps  : Finishing op nesting under-run: uid 10033 pkg com.android.systemui code 24 time=0 duration=0 nesting=0
06-03 14:25:39.844  2238  2824 I ActivityManager: START u0 {cmp=com.seafile.seadroid2.debug/com.seafile.seadroid2.ui.activity.BrowserActivity} from uid 10082
06-03 14:25:39.848  2362  2362 I StatusBar: taskId 21 keep true cmpComponentInfo{com.seafile.seadroid2.debug/com.seafile.seadroid2.ui.activity.SplashActivity}
06-03 14:25:39.881  9955  9955 I chatty  : uid=10082(com.seafile.seadroid2.debug) expire 26 lines
06-03 14:25:39.890  9955  9955 W ViewRootImpl[SplashActivity]: Dropping event due to no window focus: MotionEvent { action=ACTION_HOVER_MOVE, actionButton=0, id[0]=0, x[0]=387.05487, y[0]=373.227, toolType[0]=TOOL_TYPE_MOUSE, buttonState=0, metaState=0, flags=0x0, edgeFlags=0x0, pointerCount=1, historySize=1, eventTime=19290965, downTime=19289863, deviceId=3, source=0x2002 }
06-03 14:25:39.891  9955  9960 I chatty  : uid=10082(com.seafile.seadroid2.debug) expire 2 lines
06-03 14:25:39.930  9955  9955 W ViewRootImpl[SplashActivity]: Cancelling event due to no window focus: MotionEvent { action=ACTION_CANCEL, actionButton=0, id[0]=0, x[0]=388.05487, y[0]=372.227, toolType[0]=TOOL_TYPE_MOUSE, buttonState=0, metaState=0, flags=0x0, edgeFlags=0x0, pointerCount=1, historySize=0, eventTime=19290977, downTime=19289863, deviceId=3, source=0x2002 }
06-03 14:25:39.930  9955  9955 I chatty  : uid=10082(com.seafile.seadroid2.debug) identical 2 lines
06-03 14:25:39.930  9955  9955 W ViewRootImpl[SplashActivity]: Cancelling event due to no window focus: MotionEvent { action=ACTION_CANCEL, actionButton=0, id[0]=0, x[0]=388.05487, y[0]=372.227, toolType[0]=TOOL_TYPE_MOUSE, buttonState=0, metaState=0, flags=0x0, edgeFlags=0x0, pointerCount=1, historySize=0, eventTime=19290977, downTime=19289863, deviceId=3, source=0x2002 }
06-03 14:25:39.931  2238  2253 V ActivityManager: Attempted to start a foreground service (ComponentInfo{com.seafile.seadroid2.debug/com.seafile.seadroid2.cameraupload.MediaObserverService}) with a broken notification (no icon: Notification(channel=null pri=0 contentView=null vibrate=null sound=null defaults=0x0 flags=0x40 color=0x00000000 vis=PRIVATE))
06-03 14:25:39.935  9955 10007 I chatty  : uid=10082(com.seafile.seadroid2.debug) expire 1 line
06-03 14:25:40.034  6540  6540 I chatty  : uid=10054(org.chromium.chrome) expire 10 lines
06-03 14:25:41.636  9955  9991 I chatty  : uid=10082(com.seafile.seadroid2.debug) expire 4 lines
06-03 14:25:41.936  2238  2238 W WindowManager: removeWindowToken: Attempted to remove non-existing token: android.os.Binder@b409e64
06-03 14:25:46.059  2362  2362 D ViewRootImpl[StatusBar]: updatePointerIcon called with position out of bounds
06-03 14:25:46.063  9955  9955 I chatty  : uid=10082(com.seafile.seadroid2.debug) expire 7 lines
06-03 14:25:47.709  2362  2362 D ViewRootImpl[StatusBar]: updatePointerIcon called with position out of bounds
06-03 14:25:47.794  9955  9955 E AndroidRuntime: FATAL EXCEPTION: main
06-03 14:25:47.794  9955  9955 E AndroidRuntime: Process: com.seafile.seadroid2.debug, PID: 9955
06-03 14:25:47.794  9955  9955 E AndroidRuntime: java.lang.NullPointerException: Attempt to invoke virtual method 'void android.support.v7.widget.Toolbar.setTitle(int)' on a null object reference
06-03 14:25:47.794  9955  9955 E AndroidRuntime: 	at com.seafile.seadroid2.ui.activity.BrowserActivity.onBackPressed(BrowserActivity.java:2170)
06-03 14:25:47.794  9955  9955 E AndroidRuntime: 	at android.app.Activity.pressKeyBack(Activity.java:3294)
06-03 14:25:47.794  9955  9955 E AndroidRuntime: 	at com.android.internal.widget.DecorCaptionView.keyBackWindow(DecorCaptionView.java:417)
06-03 14:25:47.794  9955  9955 E AndroidRuntime: 	at com.android.internal.widget.DecorCaptionView.onSingleTapUp(DecorCaptionView.java:588)
06-03 14:25:47.794  9955  9955 E AndroidRuntime: 	at android.view.GestureDetector.onTouchEvent(GestureDetector.java:640)
06-03 14:25:47.794  9955  9955 E AndroidRuntime: 	at com.android.internal.widget.DecorCaptionView.onTouchEvent(DecorCaptionView.java:220)
06-03 14:25:47.794  9955  9955 E AndroidRuntime: 	at android.view.View.dispatchTouchEvent(View.java:11777)
06-03 14:25:47.794  9955  9955 E AndroidRuntime: 	at android.view.ViewGroup.dispatchTransformedTouchEvent(ViewGroup.java:2962)
06-03 14:25:47.794  9955  9955 E AndroidRuntime: 	at android.view.ViewGroup.dispatchTouchEvent(ViewGroup.java:2643)
06-03 14:25:47.794  9955  9955 E AndroidRuntime: 	at android.view.ViewGroup.dispatchTransformedTouchEvent(ViewGroup.java:2968)
06-03 14:25:47.794  9955  9955 E AndroidRuntime: 	at android.view.ViewGroup.dispatchTouchEvent(ViewGroup.java:2657)
06-03 14:25:47.794  9955  9955 E AndroidRuntime: 	at com.android.internal.policy.DecorView.superDispatchTouchEvent(DecorView.java:455)
06-03 14:25:47.794  9955  9955 E AndroidRuntime: 	at com.android.internal.policy.PhoneWindow.superDispatchTouchEvent(PhoneWindow.java:1829)
06-03 14:25:47.794  9955  9955 E AndroidRuntime: 	at android.app.Activity.dispatchTouchEvent(Activity.java:3378)
06-03 14:25:47.794  9955  9955 E AndroidRuntime: 	at android.support.v7.view.WindowCallbackWrapper.dispatchTouchEvent(WindowCallbackWrapper.java:68)
06-03 14:25:47.794  9955  9955 E AndroidRuntime: 	at com.android.internal.policy.DecorView.dispatchTouchEvent(DecorView.java:414)
06-03 14:25:47.794  9955  9955 E AndroidRuntime: 	at android.view.View.dispatchPointerEvent(View.java:12016)
06-03 14:25:47.794  9955  9955 E AndroidRuntime: 	at android.view.ViewRootImpl$ViewPostImeInputStage.processPointerEvent(ViewRootImpl.java:4795)
06-03 14:25:47.794  9955  9955 E AndroidRuntime: 	at android.view.ViewRootImpl$ViewPostImeInputStage.onProcess(ViewRootImpl.java:4609)
06-03 14:25:47.794  9955  9955 E AndroidRuntime: 	at android.view.ViewRootImpl$InputStage.deliver(ViewRootImpl.java:4147)
06-03 14:25:47.794  9955  9955 E AndroidRuntime: 	at android.view.ViewRootImpl$InputStage.onDeliverToNext(ViewRootImpl.java:4200)
06-03 14:25:47.794  9955  9955 E AndroidRuntime: 	at android.view.ViewRootImpl$InputStage.forward(ViewRootImpl.java:4166)
06-03 14:25:47.794  9955  9955 E AndroidRuntime: 	at android.view.ViewRootImpl$AsyncInputStage.forward(ViewRootImpl.java:4293)
06-03 14:25:47.794  9955  9955 E AndroidRuntime: 	at android.view.ViewRootImpl$InputStage.apply(ViewRootImpl.java:4174)
06-03 14:25:47.794  9955  9955 E AndroidRuntime: 	at android.view.ViewRootImpl$AsyncInputStage.apply(ViewRootImpl.java:4350)
06-03 14:25:47.794  9955  9955 E AndroidRuntime: 	at android.view.ViewRootImpl$InputStage.deliver(ViewRootImpl.java:4147)
06-03 14:25:47.794  9955  9955 E AndroidRuntime: 	at android.view.ViewRootImpl$InputStage.onDeliverToNext(ViewRootImpl.java:4200)
06-03 14:25:47.794  9955  9955 E AndroidRuntime: 	at android.view.ViewRootImpl$InputStage.forward(ViewRootImpl.java:4166)
06-03 14:25:47.794  9955  9955 E AndroidRuntime: 	at android.view.ViewRootImpl$InputStage.apply(ViewRootImpl.java:4174)
06-03 14:25:47.794  9955  9955 E AndroidRuntime: 	at android.view.ViewRootImpl$InputStage.deliver(ViewRootImpl.java:4147)
06-03 14:25:47.794  9955  9955 E AndroidRuntime: 	at android.view.ViewRootImpl.deliverInputEvent(ViewRootImpl.java:6661)
06-03 14:25:47.794  9955  9955 E AndroidRuntime: 	at android.view.ViewRootImpl.doProcessInputEvents(ViewRootImpl.java:6635)
06-03 14:25:47.794  9955  9955 E AndroidRuntime: 	at android.view.ViewRootImpl.enqueueInputEvent(ViewRootImpl.java:6596)
06-03 14:25:47.794  9955  9955 E AndroidRuntime: 	at android.view.ViewRootImpl$WindowInputEventReceiver.onInputEvent(ViewRootImpl.java:6764)
06-03 14:25:47.794  9955  9955 E AndroidRuntime: 	at android.view.InputEventReceiver.dispatchInputEvent(InputEventReceiver.java:186)
06-03 14:25:47.794  9955  9955 E AndroidRuntime: 	at android.os.MessageQueue.nativePollOnce(Native Method)
06-03 14:25:47.794  9955  9955 E AndroidRuntime: 	at android.os.MessageQueue.next(MessageQueue.java:325)
06-03 14:25:47.794  9955  9955 E AndroidRuntime: 	at android.os.Looper.loop(Looper.java:142)
06-03 14:25:47.794  9955  9955 E AndroidRuntime: 	at android.app.ActivityThread.main(ActivityThread.java:6494)
06-03 14:25:47.794  9955  9955 E AndroidRuntime: 	at java.lang.reflect.Method.invoke(Native Method)
06-03 14:25:47.794  9955  9955 E AndroidRuntime: 	at com.android.internal.os.RuntimeInit$MethodAndArgsCaller.run(RuntimeInit.java:463)
06-03 14:25:47.794  9955  9955 E AndroidRuntime: 	at com.android.internal.os.ZygoteInit.main(ZygoteInit.java:807)
06-03 14:25:47.795  2238  3141 W ActivityManager:   Force finishing activity com.seafile.seadroid2.debug/com.seafile.seadroid2.ui.activity.BrowserActivity
06-03 14:25:47.797  2238  2254 I ActivityManager: Showing crash dialog for package com.seafile.seadroid2.debug u0
06-03 14:25:47.816  2238  3467 I chatty  : uid=1000(system) RenderThread expire 19 lines
06-03 14:25:47.874  2238  2254 D ViewRootImpl[debug]: updatePointerIcon called with position out of bounds
06-03 14:25:47.964  2131  2131 E SurfaceFlinger: [Sprite#0] rejecting buffer: bufWidth=33, bufHeight=42, front.active.{w=38, h=38}
06-03 14:25:48.181  2238  2254 I chatty  : uid=1000(system) android.ui identical 15 lines
06-03 14:25:48.197  2238  2254 D ViewRootImpl[debug]: updatePointerIcon called with position out of bounds
06-03 14:25:48.295  2238  2253 W ActivityManager: Activity pause timeout for ActivityRecord{e5433d2 u0 com.seafile.seadroid2.debug/com.seafile.seadroid2.ui.activity.BrowserActivity t21 f}
06-03 14:25:48.514  2238  2254 D ViewRootImpl[debug]: updatePointerIcon called with position out of bounds
06-03 14:25:49.231  2238  2254 I chatty  : uid=1000(system) android.ui identical 40 lines
06-03 14:25:49.247  2238  2254 D ViewRootImpl[debug]: updatePointerIcon called with position out of bounds
06-03 14:25:49.607  9955  9990 I chatty  : uid=10082(com.seafile.seadroid2.debug) expire 2 lines
06-03 14:25:50.609  2362  2362 D ViewRootImpl[StatusBar]: updatePointerIcon called with position out of bounds
06-03 14:25:50.762  2238  3141 W ActivityManager:   Force finishing activity com.seafile.seadroid2.debug/com.seafile.seadroid2.ui.activity.BrowserActivity
06-03 14:25:50.763  2117  4941 I audio_hw_primary: choose pcmC0D0p for 0
06-03 14:25:50.783  2362  2362 I StatusBar: taskId 21 keep false cmpComponentInfo{com.seafile.seadroid2.debug/com.seafile.seadroid2.ui.activity.SplashActivity}
06-03 14:25:50.783  2238  3141 I ActivityManager: Killing 9955:com.seafile.seadroid2.debug/u0a82 (adj 200): crash
06-03 14:25:50.784  2238  2255 I chatty  : uid=1000(system) ActivityManager expire 3 lines
06-03 14:25:50.797  2238  2260 W ActivityManager: setHasOverlayUi called on unknown pid: 9955
06-03 14:25:50.950  2238  2285 W AppOps  : Finishing op nesting under-run: uid 1000 pkg android code 24 time=0 duration=0 nesting=0
06-03 14:25:51.080  2131  2131 E SurfaceFlinger: [Sprite#0] rejecting buffer: bufWidth=38, bufHeight=38, front.active.{w=33, h=42}
06-03 14:25:51.325  2362  2362 D ViewRootImpl[StatusBar]: updatePointerIcon called with position out of bounds
06-03 14:25:51.980  2131  2131 E SurfaceFlinger: [Sprite#0] rejecting buffer: bufWidth=38, bufHeight=38, front.active.{w=33, h=42}
06-03 14:25:52.252  2238  3141 E WindowManager: Unknown window type: 2039
06-03 14:25:52.253  2238  3141 I chatty  : uid=1000(system) Binder:2238_D identical 1 line
06-03 14:25:52.253  2238  3141 E WindowManager: Unknown window type: 2039
06-03 14:25:52.254  2362  2362 V PanelBar: onTouch: no panel for touch at (35,41)
06-03 14:25:52.278  2238 10012 E WindowManager: Unknown window type: 2039
06-03 14:25:52.281  2238 10012 E WindowManager: Unknown window type: 2039
06-03 14:25:52.326  2238  3141 E WindowManager: Unknown window type: 2039
06-03 14:25:52.368  2238  2285 E WindowManager: Unknown window type: 2039
06-03 14:25:52.369  2238  3141 E WindowManager: Unknown window type: 2039
06-03 14:25:52.381  2238  2285 E WindowManager: Unknown window type: 2039
06-03 14:25:52.498  2238  2285 E WindowManager: Unknown window type: 2039
06-03 14:25:54.331  2362  2362 D ViewRootImpl[]: updatePointerIcon called with position out of bounds
06-03 14:25:54.414  2362  2362 D ViewRootImpl[]: updatePointerIcon called with position out of bounds
06-03 14:25:54.845  2238  2252 I chatty  : uid=1000(system) android.bg expire 10 lines
06-03 14:25:56.153  2362  2362 D ViewRootImpl[OpenthosStatusBar]: updatePointerIcon called with position out of bounds
06-03 14:25:56.153  2362  2362 D ViewRootImpl[StatusBar]: updatePointerIcon called with position out of bounds
06-03 14:25:56.252  2238  3141 I ActivityManager: START u0 {act=android.intent.action.MAIN cat=[android.intent.category.LAUNCHER] flg=0x30000000 cmp=com.android.settings/.Settings} from uid 10033
06-03 14:25:56.253  2117  4941 I audio_hw_primary: choose pcmC0D0p for 0
06-03 14:25:56.255  2238  3141 E ActivityManager: applyOptionsLocked: Unknown animationType=0
06-03 14:25:56.258  2238  3141 E WindowManager: Unknown window type: 2039
06-03 14:25:56.260  2238  3141 E WindowManager: Unknown window type: 2039
06-03 14:25:56.261  2362  2362 I StatusBar: taskId 22 keep true cmpComponentInfo{com.android.settings/com.android.settings.Settings}
06-03 14:25:56.264  2238  2250 E WindowManager: Unknown window type: 2039
06-03 14:25:56.265  2238  2285 E WindowManager: Unknown window type: 2039
06-03 14:25:56.268  9899 10014 I chatty  : uid=1000(system) SummaryLoader expire 2 lines
06-03 14:25:56.268  2238  2256 I chatty  : uid=1000(system) batterystats-wo expire 6 lines
06-03 14:25:56.268  9899 10016 I chatty  : uid=1000(system) com.android.settings expire 3 lines
06-03 14:25:56.268  2238  2256 E BatteryExternalStatsWorker: no controller energy info supplied for wifi
06-03 14:25:56.269  2238  2256 E BatteryExternalStatsWorker: no controller energy info supplied for bluetooth
06-03 14:25:56.269  2644  2644 E PhoneInterfaceManager: [PhoneIntfMgr] queryModemActivityInfo: Empty response
06-03 14:25:56.269  2238  2256 E KernelCpuSpeedReader: Failed to read cpu-freq: /sys/devices/system/cpu/cpu0/cpufreq/stats/time_in_state (No such file or directory)
06-03 14:25:56.270  2238  2256 E BatteryExternalStatsWorker: modem info is invalid: ModemActivityInfo{ mTimestamp=0 mSleepTimeMs=0 mIdleTimeMs=0 mTxTimeMs[]=[0, 0, 0, 0, 0] mRxTimeMs=0 mEnergyUsed=0}
06-03 14:25:56.270  9899 10017 I chatty  : uid=1000(system) com.android.settings expire 3 lines
06-03 14:25:56.271  9899  9899 I chatty  : uid=1000(system) com.android.settings expire 107 lines
06-03 14:25:56.274  9899 10018 I chatty  : uid=1000(system) com.android.settings expire 2 lines
06-03 14:25:56.280  2238  2238 I chatty  : uid=1000 system_server expire 9 lines
06-03 14:25:56.282  2238 10012 E WindowManager: Unknown window type: 2039
06-03 14:25:56.296  2238 10012 E WindowManager: Unknown window type: 2039
06-03 14:25:56.297  2238  2285 E WindowManager: Unknown window type: 2039
06-03 14:25:56.304  2238  2250 I chatty  : uid=1000(system) Binder:2238_2 expire 1 line
06-03 14:25:56.313  2238  2260 I chatty  : uid=1000(system) android.display expire 7 lines
06-03 14:25:56.315  2238  2285 I chatty  : uid=1000(system) android.anim identical 5 lines
06-03 14:25:56.381  2238  2285 E WindowManager: Unknown window type: 2039
06-03 14:25:57.963  2362  2362 D ViewRootImpl[StatusBar]: updatePointerIcon called with position out of bounds
06-03 14:25:58.067  2238 10012 I ActivityManager: START u0 {flg=0x8000 cmp=com.android.settings/.Settings$AppAndNotificationDashboardActivity (has extras)} from uid 1000
06-03 14:25:58.071  2362  2362 I StatusBar: taskId 22 keep true cmpComponentInfo{com.android.settings/com.android.settings.Settings}
06-03 14:25:58.120  2238  2250 E UserRestrictionsUtils: Unknown restriction: null
06-03 14:25:58.130  9899 10020 I chatty  : uid=1000(system) com.android.settings expire 2 lines
06-03 14:25:58.174  9899  9899 W ViewRootImpl[Settings]: Dropping event due to no window focus: MotionEvent { action=ACTION_HOVER_MOVE, actionButton=0, id[0]=0, x[0]=559.18823, y[0]=688.9648, toolType[0]=TOOL_TYPE_MOUSE, buttonState=0, metaState=0, flags=0x0, edgeFlags=0x0, pointerCount=1, historySize=7, eventTime=19309277, downTime=19309081, deviceId=3, source=0x2002 }
06-03 14:25:58.192  9899  9899 W ViewRootImpl[Settings]: Dropping event due to no window focus: MotionEvent { action=ACTION_HOVER_MOVE, actionButton=0, id[0]=0, x[0]=605.42017, y[0]=690.9024, toolType[0]=TOOL_TYPE_MOUSE, buttonState=0, metaState=0, flags=0x0, edgeFlags=0x0, pointerCount=1, historySize=1, eventTime=19309293, downTime=19309081, deviceId=3, source=0x2002 }
06-03 14:25:58.192  9899  9899 W ViewRootImpl[Settings]: Cancelling event due to no window focus: MotionEvent { action=ACTION_CANCEL, actionButton=0, id[0]=0, x[0]=631.05176, y[0]=692.8741, toolType[0]=TOOL_TYPE_MOUSE, buttonState=0, metaState=0, flags=0x0, edgeFlags=0x0, pointerCount=1, historySize=0, eventTime=19309305, downTime=19309081, deviceId=3, source=0x2002 }
06-03 14:25:58.192  9899  9899 I chatty  : uid=1000(system) com.android.settings identical 2 lines
06-03 14:25:58.192  9899  9899 W ViewRootImpl[Settings]: Cancelling event due to no window focus: MotionEvent { action=ACTION_CANCEL, actionButton=0, id[0]=0, x[0]=631.05176, y[0]=692.8741, toolType[0]=TOOL_TYPE_MOUSE, buttonState=0, metaState=0, flags=0x0, edgeFlags=0x0, pointerCount=1, historySize=0, eventTime=19309305, downTime=19309081, deviceId=3, source=0x2002 }
06-03 14:25:58.194  9899 10021 I chatty  : uid=1000(system) com.android.settings expire 2 lines
06-03 14:25:59.725  2362  2362 D ViewRootImpl[StatusBar]: updatePointerIcon called with position out of bounds
06-03 14:25:59.851  2238  3136 I ActivityManager: START u0 {act=android.intent.action.MAIN cmp=com.android.settings/.SubSettings (has extras)} from uid 1000
06-03 14:25:59.855  2362  2362 I StatusBar: taskId 22 keep true cmpComponentInfo{com.android.settings/com.android.settings.Settings}
06-03 14:25:59.921  2141  2141 I Binder:2141_4: type=1400 audit(0.0:1229): avc: denied { dac_read_search } for capability=2 scontext=u:r:installd:s0 tcontext=u:r:installd:s0 tclass=capability permissive=1
06-03 14:25:59.923  9899  9899 W ContextImpl: Calling a method in the system process without a qualified user: android.app.ContextImpl.bindService:1556 android.content.ContextWrapper.bindService:684 android.content.pm.permission.RuntimePermissionPresenter$RemoteService.processMessage:171 android.content.pm.permission.RuntimePermissionPresenter.getAppPermissions:118 com.android.settingslib.applications.PermissionsSummaryHelper.getPermissionSummary:34 
06-03 14:25:59.925  2238  2256 E BatteryExternalStatsWorker: no controller energy info supplied for wifi
06-03 14:25:59.925  2238  2256 E BatteryExternalStatsWorker: no controller energy info supplied for bluetooth
06-03 14:25:59.925  2644  2644 E PhoneInterfaceManager: [PhoneIntfMgr] queryModemActivityInfo: Empty response
06-03 14:25:59.926  2238  2256 E KernelCpuSpeedReader: Failed to read cpu-freq: /sys/devices/system/cpu/cpu0/cpufreq/stats/time_in_state (No such file or directory)
06-03 14:25:59.926  2238  2256 E BatteryExternalStatsWorker: modem info is invalid: ModemActivityInfo{ mTimestamp=0 mSleepTimeMs=0 mIdleTimeMs=0 mTxTimeMs[]=[0, 0, 0, 0, 0] mRxTimeMs=0 mEnergyUsed=0}
06-03 14:25:59.926  9899  9899 W ViewRootImpl[Settings$AppAndNotificationDashboardActivity]: Dropping event due to no window focus: MotionEvent { action=ACTION_HOVER_MOVE, actionButton=0, id[0]=0, x[0]=489.29242, y[0]=257.07217, toolType[0]=TOOL_TYPE_MOUSE, buttonState=0, metaState=0, flags=0x0, edgeFlags=0x0, pointerCount=1, historySize=5, eventTime=19311023, downTime=19310843, deviceId=3, source=0x2002 }
06-03 14:25:59.927  9899  9923 I chatty  : uid=1000(system) RenderThread expire 3 lines
06-03 14:25:59.942  9899  9899 W ViewRootImpl[Settings$AppAndNotificationDashboardActivity]: Dropping event due to no window focus: MotionEvent { action=ACTION_HOVER_MOVE, actionButton=0, id[0]=0, x[0]=506.80286, y[0]=262.2371, toolType[0]=TOOL_TYPE_MOUSE, buttonState=0, metaState=0, flags=0x0, edgeFlags=0x0, pointerCount=1, historySize=1, eventTime=19311039, downTime=19310843, deviceId=3, source=0x2002 }
06-03 14:25:59.942  9899  9899 W ViewRootImpl[Settings$AppAndNotificationDashboardActivity]: Cancelling event due to no window focus: MotionEvent { action=ACTION_CANCEL, actionButton=0, id[0]=0, x[0]=519.53564, y[0]=266.48135, toolType[0]=TOOL_TYPE_MOUSE, buttonState=0, metaState=0, flags=0x0, edgeFlags=0x0, pointerCount=1, historySize=0, eventTime=19311051, downTime=19310843, deviceId=3, source=0x2002 }
06-03 14:25:59.942  9899  9899 I chatty  : uid=1000(system) com.android.settings identical 2 lines
06-03 14:25:59.942  9899  9899 W ViewRootImpl[Settings$AppAndNotificationDashboardActivity]: Cancelling event due to no window focus: MotionEvent { action=ACTION_CANCEL, actionButton=0, id[0]=0, x[0]=519.53564, y[0]=266.48135, toolType[0]=TOOL_TYPE_MOUSE, buttonState=0, metaState=0, flags=0x0, edgeFlags=0x0, pointerCount=1, historySize=0, eventTime=19311051, downTime=19310843, deviceId=3, source=0x2002 }
06-03 14:26:00.199  2131  2131 W SurfaceFlinger: couldn't log to binary event log: overflow.
06-03 14:26:01.103  2362  2362 D ViewRootImpl[StatusBar]: updatePointerIcon called with position out of bounds
06-03 14:26:01.249  2131  2131 D SurfaceFlinger: duplicate layer name: changing com.android.settings/com.android.settings.SubSettings to com.android.settings/com.android.settings.SubSettings#1
06-03 14:26:01.307  9899  9899 D ViewRootImpl[SubSettings]: updatePointerIcon called with position out of bounds
06-03 14:26:01.597  9899  9899 I chatty  : uid=1000(system) com.android.settings identical 18 lines
06-03 14:26:01.614  9899  9899 D ViewRootImpl[SubSettings]: updatePointerIcon called with position out of bounds
06-03 14:26:02.224  2362  2362 D ViewRootImpl[StatusBar]: updatePointerIcon called with position out of bounds
06-03 14:26:02.365  2238 10012 I ActivityManager: Force stopping com.seafile.seadroid2.debug appid=10082 user=0: from pid 9899
06-03 14:26:02.368  2644  2644 E PhoneInterfaceManager: [PhoneIntfMgr] getCarrierPackageNamesForIntent: No UICC
06-03 14:26:02.368  2644  2644 D CarrierSvcBindHelper: No carrier app for: 0
06-03 14:26:02.550  2131  2621 E SurfaceFlinger: Failed to find layer (com.android.settings/com.android.settings.SubSettings#1) in layer parent (no-parent).
06-03 14:26:03.534  2131  2131 E SurfaceFlinger: [Sprite#0] rejecting buffer: bufWidth=38, bufHeight=38, front.active.{w=33, h=42}
06-03 14:26:04.393  2238  2250 E WindowManager: Unknown window type: 2039
06-03 14:26:04.393  2238  2250 I chatty  : uid=1000(system) Binder:2238_2 identical 1 line
06-03 14:26:04.393  2238  2250 E WindowManager: Unknown window type: 2039
06-03 14:26:04.395  2362  2362 V PanelBar: onTouch: no panel for touch at (30,26)
06-03 14:26:04.411  2238  3136 E WindowManager: Unknown window type: 2039
06-03 14:26:04.414  2238  3136 E WindowManager: Unknown window type: 2039
06-03 14:26:04.465  2238  3141 E WindowManager: Unknown window type: 2039
06-03 14:26:04.510  2238  2285 E WindowManager: Unknown window type: 2039
06-03 14:26:04.514  2238  3136 E WindowManager: Unknown window type: 2039
06-03 14:26:04.517  2238  2285 E WindowManager: Unknown window type: 2039
06-03 14:26:04.532  2238  3136 E WindowManager: Unknown window type: 2039
06-03 14:26:04.631  2238  2285 E WindowManager: Unknown window type: 2039
06-03 14:26:05.239  6540  6540 I chatty  : uid=10054(org.chromium.chrome) expire 12 lines
06-03 14:26:05.972  2362  2362 D ViewRootImpl[OpenthosStatusBar]: updatePointerIcon called with position out of bounds
06-03 14:26:05.973  2362  2362 D ViewRootImpl[StatusBar]: updatePointerIcon called with position out of bounds
06-03 14:26:05.977  2238  3136 E WindowManager: Unknown window type: 2039
06-03 14:26:05.984  2238  3136 I chatty  : uid=1000(system) Binder:2238_C identical 1 line
06-03 14:26:06.003  2131  2131 D SurfaceFlinger: duplicate layer name: changing  to #1
06-03 14:26:06.004  2238  3136 E WindowManager: Unknown window type: 2039
06-03 14:26:06.018  2238  2285 E WindowManager: Unknown window type: 2039
06-03 14:26:06.032  2238  2285 E WindowManager: Unknown window type: 2039
06-03 14:26:06.117  2362  2362 D ViewRootImpl[]: updatePointerIcon called with position out of bounds
06-03 14:26:06.131  2362  2362 D ViewRootImpl[]: updatePointerIcon called with position out of bounds
06-03 14:26:06.281  2238  2285 E WindowManager: Unknown window type: 2039
06-03 14:26:07.463  2362  2362 D ViewRootImpl[OpenthosStatusBar]: updatePointerIcon called with position out of bounds
06-03 14:26:07.463  2362  2362 D ViewRootImpl[StatusBar]: updatePointerIcon called with position out of bounds
06-03 14:26:07.577  2238  3141 I ActivityManager: START u0 {act=android.intent.action.MAIN cat=[android.intent.category.LAUNCHER] flg=0x30000000 cmp=com.seafile.seadroid2.debug/com.seafile.seadroid2.ui.activity.SplashActivity} from uid 10033
06-03 14:26:07.578  2117  4941 I audio_hw_primary: choose pcmC0D0p for 0
06-03 14:26:07.581  2238  3141 E ActivityManager: applyOptionsLocked: Unknown animationType=0
06-03 14:26:07.588 10025 10025 I chatty  : uid=10082(com.seafile.seadroid2.debug) expire 47 lines
06-03 14:26:07.592  2238  3141 I ActivityManager: Start proc 10025:com.seafile.seadroid2.debug/u0a82 for activity com.seafile.seadroid2.debug/com.seafile.seadroid2.ui.activity.SplashActivity
06-03 14:26:07.592  2238  3141 E WindowManager: Unknown window type: 2039
06-03 14:26:07.594  2238  3141 I chatty  : uid=1000(system) Binder:2238_D identical 1 line
06-03 14:26:07.595  2238  3141 E WindowManager: Unknown window type: 2039
06-03 14:26:07.597  2238  2285 E WindowManager: Unknown window type: 2039
06-03 14:26:07.598  2238  3136 E WindowManager: Unknown window type: 2039
06-03 14:26:07.601  2362  2362 I StatusBar: taskId 23 keep true cmpComponentInfo{com.seafile.seadroid2.debug/com.seafile.seadroid2.ui.activity.SplashActivity}
06-03 14:26:07.602  2238  3136 I chatty  : uid=1000(system) Binder:2238_C identical 1 line
06-03 14:26:07.614  2238  3136 E WindowManager: Unknown window type: 2039
06-03 14:26:07.617  2238  2285 E WindowManager: Unknown window type: 2039
06-03 14:26:07.631  2238  2285 I chatty  : uid=1000(system) android.anim identical 2 lines
06-03 14:26:07.659 10025 10030 I chatty  : uid=10082(com.seafile.seadroid2.debug) expire 18 lines
06-03 14:26:07.714  2238  2285 E WindowManager: Unknown window type: 2039
06-03 14:26:07.741 10025 10045 I chatty  : uid=10082(com.seafile.seadroid2.debug) expire 22 lines
06-03 14:26:07.849  2238  2285 W AppOps  : Finishing op nesting under-run: uid 10033 pkg com.android.systemui code 24 time=0 duration=0 nesting=0
06-03 14:26:08.739  2238  3141 I ActivityManager: START u0 {cmp=com.seafile.seadroid2.debug/com.seafile.seadroid2.ui.activity.BrowserActivity} from uid 10082
