07-16 10:45:06.826  2700  2700 W ViewRootImpl[SuggestedActionsActivity]: Cancelling event due to no window focus: MotionEvent { action=ACTION_CANCEL, actionButton=0, id[0]=0, x[0]=526.92804, y[0]=867.8643, toolType[0]=TOOL_TYPE_MOUSE, buttonState=0, metaState=0, flags=0x0, edgeFlags=0x0, pointerCount=1, historySize=0, eventTime=58952, downTime=58776, deviceId=6, source=0x2002 }
07-16 10:45:08.295  2257  2756 I ActivityManager: START u0 {act=com.android.wizard.NEXT cmp=com.google.android.setupwizard/.WizardManagerActivity (has extras)} from uid 10029
07-16 10:45:08.305  2257  3576 I ActivityManager: START u0 {act=com.google.android.setupwizard.KID_POST_SETUP flg=0x4000000 cmp=com.google.android.setupwizard/.account.KidPostSetupWrapper (has extras)} from uid 10029
07-16 10:45:08.345  2257  3576 I ActivityManager: START u0 {act=com.android.wizard.NEXT cmp=com.google.android.setupwizard/.WizardManagerActivity (has extras)} from uid 10029
07-16 10:45:08.381  2257  3576 I ActivityManager: START u0 {act=com.android.setupwizard.EXIT flg=0x4000000 cmp=com.google.android.setupwizard/.SetupWizardExitActivity (has extras)} from uid 10029
07-16 10:45:08.469  2257  3576 D WifiService: setWifiEnabled: true pid=2700, uid=10029, package=com.google.android.setupwizard
07-16 10:45:08.472  2257  2275 E BatteryExternalStatsWorker: no controller energy info supplied for wifi
07-16 10:45:08.472  2257  2275 E BatteryExternalStatsWorker: no controller energy info supplied for wifi
07-16 10:45:08.482  2257  2272 W BroadcastQueue: Permission Denial: broadcasting Intent { act=com.google.android.gsf.settings.GoogleLocationSettings.UPDATE_LOCATION_SETTINGS flg=0x10 } from com.google.android.setupwizard (pid=2700, uid=10029) is not exported from uid 10013 due to receiver com.google.android.gms/.chimera.GmsIntentOperationService$PersistentInternalReceiver
07-16 10:45:08.483  2257  2272 W BroadcastQueue: Background execution not allowed: receiving Intent { act=com.google.android.gsf.settings.GoogleLocationSettings.UPDATE_LOCATION_SETTINGS flg=0x10 } to com.google.android.gsf/.settings.GoogleLocationSettings$LocationSettingsChangedListener
07-16 10:45:08.509  2257  2257 I LockSettingsService: Reporting device setup complete to IGateKeeperService
07-16 10:45:08.512  2257  2271 E SyncManager: Couldn't find backoff values for @@ContextManagerNullAccount@@/com.google.android.location.reporting:u0
07-16 10:45:08.512  2257  3576 I ActivityManager: START u0 {act=android.intent.action.MAIN cat=[android.intent.category.HOME] flg=0x10208000 cmp=com.android.launcher3/org.openthos.launcher.activity.MainActivity} from uid 10029
07-16 10:45:08.512  2257  2257 I DevicePolicyManager: Set ro.device_owner property to false
07-16 10:45:08.525  2257  3576 I ActivityManager: Start proc 4915:com.android.launcher3/u0a62 for activity com.android.launcher3/org.openthos.launcher.activity.MainActivity
07-16 10:45:08.527  2257  2273 D AutofillUI: destroySaveUiUiThread(): already destroyed
07-16 10:45:08.527  2257  2271 D AutofillManagerServiceImpl: Reset component for user 0
07-16 10:45:08.537  2257  2651 W ActivityManager: Finishing task with all activities already finished
07-16 10:45:08.537  2257  2651 W ActivityManager: Duplicate finish request for ActivityRecord{b2708b3 u0 com.google.android.setupwizard/.SetupWizardExitActivity t2 f}
07-16 10:45:08.763  2257  3576 I ActivityManager: START u0 {flg=0x10000000 cmp=com.android.settings/.cyanogenmod.superuser.RequestActivity (has extras)} from uid 0
07-16 10:45:08.769  2257  2651 I ActivityManager: START u0 {flg=0x10800000 cmp=com.android.settings/.cyanogenmod.superuser.MultitaskSuRequestActivity (has extras)} from uid 1000
07-16 10:45:08.783  2257  2651 D AutofillManagerServiceImpl: Reset component for user 0
07-16 10:45:12.098  2257  2435 E TaskPersister: File error accessing recents directory (directory doesn't exist?).
07-16 10:45:17.379  4208  4208 D ViewRootImpl[MultitaskSuRequestActivity]: updatePointerIcon called with position out of bounds
07-16 10:45:17.399  4208  4208 D ViewRootImpl[MultitaskSuRequestActivity]: updatePointerIcon called with position out of bounds
07-16 10:45:18.367  2474  2474 D ViewRootImpl[StatusBar]: updatePointerIcon called with position out of bounds
07-16 10:45:19.385  2474  2474 D ViewRootImpl[StatusBar]: updatePointerIcon called with position out of bounds
07-16 10:45:20.078  2257  2651 I ActivityManager: Killing 4084:org.openthos.filemanager/u0a24 (adj 906): empty #17
07-16 10:45:21.043  2474  2474 D ViewRootImpl[StatusBar]: updatePointerIcon called with position out of bounds
07-16 10:45:21.638  2257  2257 W WindowManager: removeWindowToken: Attempted to remove non-existing token: android.os.Binder@5f3c4fa
07-16 10:45:21.639  2257  2257 I ActivityManager: Killing 4515:com.android.carrierdefaultapp/u0a45 (adj 906): empty #17
07-16 10:45:22.559  2257  2435 E TaskPersister: File error accessing recents directory (directory doesn't exist?).
07-16 10:45:22.682  2257  2651 E WindowManager: Unknown window type: 2039
07-16 10:45:22.682  2257  2651 I chatty  : uid=1000(system) Binder:2257_5 identical 1 line
07-16 10:45:22.682  2257  2651 E WindowManager: Unknown window type: 2039
07-16 10:45:22.702  2257  2756 E WindowManager: Unknown window type: 2039
07-16 10:45:22.704  2257  2756 E WindowManager: Unknown window type: 2039
07-16 10:45:22.726  2257  2302 E WindowManager: Unknown window type: 2039
07-16 10:45:22.732  2257  2651 E WindowManager: Unknown window type: 2039
07-16 10:45:22.733  2257  2302 E WindowManager: Unknown window type: 2039
07-16 10:45:22.751  2257  2651 E WindowManager: Unknown window type: 2039
07-16 10:45:22.850  2257  2302 E WindowManager: Unknown window type: 2039
07-16 10:45:23.138  2257  2280 E WindowManager: Unknown window type: 2039
07-16 10:45:24.943  2474  2474 D ViewRootImpl[OpenthosStatusBar]: updatePointerIcon called with position out of bounds
07-16 10:45:24.943  2474  2474 D ViewRootImpl[StatusBar]: updatePointerIcon called with position out of bounds
07-16 10:45:25.011  2257  2651 I ActivityManager: START u0 {act=android.intent.action.MAIN cat=[android.intent.category.LAUNCHER] flg=0x30000000 cmp=com.android.settings/.Settings} from uid 10033
07-16 10:45:25.014  2257  2651 E ActivityManager: applyOptionsLocked: Unknown animationType=0
07-16 10:45:25.016  2257  2651 E WindowManager: Unknown window type: 2039
07-16 10:45:25.019  2257  2651 I chatty  : uid=1000(system) Binder:2257_5 identical 1 line
07-16 10:45:25.033  2257  2651 E WindowManager: Unknown window type: 2039
07-16 10:45:25.052  2257  2302 E WindowManager: Unknown window type: 2039
07-16 10:45:25.059  2257  2275 E BatteryExternalStatsWorker: no controller energy info supplied for wifi
07-16 10:45:25.059  2257  2275 E BatteryExternalStatsWorker: no controller energy info supplied for bluetooth
07-16 10:45:25.060  2257  2275 E KernelUidCpuFreqTimeReader: Failed to read /proc/uid_time_in_state: java.io.FileNotFoundException: /proc/uid_time_in_state (No such file or directory)
07-16 10:45:25.060  2257  2275 E KernelCpuSpeedReader: Failed to read cpu-freq: /sys/devices/system/cpu/cpu0/cpufreq/stats/time_in_state (No such file or directory)
07-16 10:45:25.060  2257  2275 E BatteryExternalStatsWorker: modem info is invalid: ModemActivityInfo{ mTimestamp=0 mSleepTimeMs=0 mIdleTimeMs=0 mTxTimeMs[]=[0, 0, 0, 0, 0] mRxTimeMs=0 mEnergyUsed=0}
07-16 10:45:25.067  2257  3576 E WindowManager: Unknown window type: 2039
07-16 10:45:25.069  2257  3576 E WindowManager: Unknown window type: 2039
07-16 10:45:25.071  2257  2302 E WindowManager: Unknown window type: 2039
07-16 10:45:25.117  2257  2302 I chatty  : uid=1000(system) android.anim identical 6 lines
07-16 10:45:25.149  2257  2302 E WindowManager: Unknown window type: 2039
07-16 10:45:25.349  4781  4781 D ViewRootImpl[Settings]: updatePointerIcon called with position out of bounds
07-16 10:45:25.367  4781  4781 D ViewRootImpl[Settings]: updatePointerIcon called with position out of bounds
07-16 10:45:27.043  2474  2474 D ViewRootImpl[StatusBar]: updatePointerIcon called with position out of bounds
07-16 10:45:27.102  2257  2651 I ActivityManager: START u0 {flg=0x8000 cmp=com.android.settings/.Settings$SystemDashboardActivity (has extras)} from uid 1000
07-16 10:45:27.177  4781  4781 W ViewRootImpl[Settings]: Dropping event due to no window focus: MotionEvent { action=ACTION_HOVER_MOVE, actionButton=0, id[0]=0, x[0]=353.74896, y[0]=478.8177, toolType[0]=TOOL_TYPE_MOUSE, buttonState=0, metaState=0, flags=0x0, edgeFlags=0x0, pointerCount=1, historySize=3, eventTime=79294, downTime=79178, deviceId=6, source=0x2002 }
07-16 10:45:27.195  4781  4781 W ViewRootImpl[Settings]: Dropping event due to no window focus: MotionEvent { action=ACTION_HOVER_MOVE, actionButton=0, id[0]=0, x[0]=378.33673, y[0]=478.8177, toolType[0]=TOOL_TYPE_MOUSE, buttonState=0, metaState=0, flags=0x0, edgeFlags=0x0, pointerCount=1, historySize=2, eventTime=79322, downTime=79178, deviceId=6, source=0x2002 }
07-16 10:45:27.195  4781  4781 W ViewRootImpl[Settings]: Cancelling event due to no window focus: MotionEvent { action=ACTION_CANCEL, actionButton=0, id[0]=0, x[0]=388.27606, y[0]=478.8177, toolType[0]=TOOL_TYPE_MOUSE, buttonState=0, metaState=0, flags=0x0, edgeFlags=0x0, pointerCount=1, historySize=0, eventTime=79326, downTime=79178, deviceId=6, source=0x2002 }
07-16 10:45:27.195  4781  4781 I chatty  : uid=1000(system) com.android.settings identical 2 lines
07-16 10:45:27.195  4781  4781 W ViewRootImpl[Settings]: Cancelling event due to no window focus: MotionEvent { action=ACTION_CANCEL, actionButton=0, id[0]=0, x[0]=388.27606, y[0]=478.8177, toolType[0]=TOOL_TYPE_MOUSE, buttonState=0, metaState=0, flags=0x0, edgeFlags=0x0, pointerCount=1, historySize=0, eventTime=79326, downTime=79178, deviceId=6, source=0x2002 }
07-16 10:45:29.205  2474  2474 D ViewRootImpl[StatusBar]: updatePointerIcon called with position out of bounds
07-16 10:45:29.317  2257  2651 I ActivityManager: START u0 {act=android.intent.action.MAIN cmp=com.android.settings/.SubSettings (has extras)} from uid 1000
07-16 10:45:29.393  4781  4781 W ViewRootImpl[Settings$SystemDashboardActivity]: Dropping event due to no window focus: MotionEvent { action=ACTION_HOVER_MOVE, actionButton=0, id[0]=0, x[0]=249.41492, y[0]=496.54218, toolType[0]=TOOL_TYPE_MOUSE, buttonState=0, metaState=0, flags=0x0, edgeFlags=0x0, pointerCount=1, historySize=2, eventTime=81516, downTime=81340, deviceId=6, source=0x2002 }
07-16 10:45:29.393  4781  4781 W ViewRootImpl[Settings$SystemDashboardActivity]: Cancelling event due to no window focus: MotionEvent { action=ACTION_CANCEL, actionButton=0, id[0]=0, x[0]=254.71393, y[0]=497.86694, toolType[0]=TOOL_TYPE_MOUSE, buttonState=0, metaState=0, flags=0x0, edgeFlags=0x0, pointerCount=1, historySize=0, eventTime=81520, downTime=81340, deviceId=6, source=0x2002 }
07-16 10:45:29.393  4781  4781 I chatty  : uid=1000(system) com.android.settings identical 2 lines
07-16 10:45:29.394  4781  4781 W ViewRootImpl[Settings$SystemDashboardActivity]: Cancelling event due to no window focus: MotionEvent { action=ACTION_CANCEL, actionButton=0, id[0]=0, x[0]=254.71393, y[0]=497.86694, toolType[0]=TOOL_TYPE_MOUSE, buttonState=0, metaState=0, flags=0x0, edgeFlags=0x0, pointerCount=1, historySize=0, eventTime=81520, downTime=81340, deviceId=6, source=0x2002 }
07-16 10:45:38.585  2474  2474 D ViewRootImpl[StatusBar]: updatePointerIcon called with position out of bounds
07-16 10:45:48.721  2474  2474 D ViewRootImpl[StatusBar]: updatePointerIcon called with position out of bounds
07-16 10:46:11.964  2257  2744 E WindowManager: Unknown window type: 2039
07-16 10:46:11.964  2257  2744 I chatty  : uid=1000(system) Binder:2257_8 identical 1 line
07-16 10:46:11.964  2257  2744 E WindowManager: Unknown window type: 2039
07-16 10:46:11.972  2257  2651 E WindowManager: Unknown window type: 2039
07-16 10:46:11.990  2257  2651 E WindowManager: Unknown window type: 2039
07-16 10:46:12.015  2257  2488 E WindowManager: Unknown window type: 2039
07-16 10:46:12.040  2257  2302 E WindowManager: Unknown window type: 2039
07-16 10:46:12.050  2257  2302 E WindowManager: Unknown window type: 2039
07-16 10:46:12.051  2257  2488 E WindowManager: Unknown window type: 2039
07-16 10:46:12.052  2257  2744 E WindowManager: Unknown window type: 2039
07-16 10:46:12.166  2257  2302 E WindowManager: Unknown window type: 2039
07-16 10:46:14.449  2474  2474 D ViewRootImpl[]: updatePointerIcon called with position out of bounds
07-16 10:46:14.682  2474  2474 I chatty  : uid=10033(com.android.systemui) identical 14 lines
07-16 10:46:14.689  2474  2474 D ViewRootImpl[]: updatePointerIcon called with position out of bounds
07-16 10:46:15.911  2257  2744 E WindowManager: Unknown window type: 2039
07-16 10:46:15.917  2257  2651 E WindowManager: Unknown window type: 2039
07-16 10:46:15.927  2257  2651 I chatty  : uid=1000(system) Binder:2257_5 identical 8 lines
07-16 10:46:15.928  2257  2651 E WindowManager: Unknown window type: 2039
07-16 10:46:15.939  2257  2302 E WindowManager: Unknown window type: 2039
07-16 10:46:15.949  2257  2302 I chatty  : uid=1000(system) android.anim identical 2 lines
07-16 10:46:15.949  2257  2302 E WindowManager: Unknown window type: 2039
07-16 10:46:15.950  2257  2488 E WindowManager: Unknown window type: 2039
07-16 10:46:15.950  2257  2488 E WindowManager: Unknown window type: 2039
07-16 10:46:16.033  2257  2302 E WindowManager: Unknown window type: 2039
07-16 10:46:16.035  2257  2302 I chatty  : uid=1000(system) android.anim identical 2 lines
07-16 10:46:16.067  2257  2302 E WindowManager: Unknown window type: 2039
07-16 10:46:16.266  2474  2474 D ViewRootImpl[]: updatePointerIcon called with position out of bounds
07-16 10:46:16.382  2474  2474 I chatty  : uid=10033(com.android.systemui) identical 7 lines
07-16 10:46:16.399  2474  2474 D ViewRootImpl[]: updatePointerIcon called with position out of bounds
07-16 10:46:19.209  2474  2474 D ViewRootImpl[OpenthosStatusBar]: updatePointerIcon called with position out of bounds
07-16 10:46:19.209  2474  2474 D ViewRootImpl[StatusBar]: updatePointerIcon called with position out of bounds
07-16 10:46:19.339  2257  2744 E WindowManager: Unknown window type: 2039
07-16 10:46:19.341  2257  2744 I ActivityManager: START u0 {flg=0x10000000 cmp=com.android.settings/.wifi.WifiSettings} from uid 10033
07-16 10:46:19.345  2257  2744 E WindowManager: Unknown window type: 2039
07-16 10:46:19.350  2257  2488 E WindowManager: Unknown window type: 2039
07-16 10:46:19.378  2257  2302 E WindowManager: Unknown window type: 2039
07-16 10:46:19.388  2257  2302 I chatty  : uid=1000(system) android.anim identical 1 line
07-16 10:46:19.389  2257  2302 E WindowManager: Unknown window type: 2039
07-16 10:46:19.395  2257  2744 E WindowManager: Unknown window type: 2039
07-16 10:46:19.399  2257  2302 E WindowManager: Unknown window type: 2039
07-16 10:46:19.399  2257  2744 E WindowManager: Unknown window type: 2039
07-16 10:46:19.420  2257  2302 E WindowManager: Unknown window type: 2039
07-16 10:46:19.432  2257  2302 I chatty  : uid=1000(system) android.anim identical 3 lines
07-16 10:46:19.466  2257  2302 E WindowManager: Unknown window type: 2039
07-16 10:46:19.515  4781  4781 D ViewRootImpl[WifiSettings]: updatePointerIcon called with position out of bounds
07-16 10:46:19.708  4781  4781 I chatty  : uid=1000(system) com.android.settings identical 2 lines
07-16 10:46:20.011  4781  4781 D ViewRootImpl[WifiSettings]: updatePointerIcon called with position out of bounds
07-16 10:46:22.259  2474  2474 D ViewRootImpl[StatusBar]: updatePointerIcon called with position out of bounds
07-16 10:46:25.999  2474  2474 I chatty  : uid=10033(com.android.systemui) identical 2 lines
07-16 10:46:26.923  2474  2474 D ViewRootImpl[StatusBar]: updatePointerIcon called with position out of bounds
07-16 10:46:27.289  4781  4781 D ViewRootImpl[oslab]: updatePointerIcon called with position out of bounds
07-16 10:46:27.649  4781  4781 I chatty  : uid=1000(system) com.android.settings identical 12 lines
07-16 10:46:27.666  4781  4781 D ViewRootImpl[oslab]: updatePointerIcon called with position out of bounds
07-16 10:46:35.641  2474  2474 D ViewRootImpl[StatusBar]: updatePointerIcon called with position out of bounds
07-16 10:46:35.804  2257  2408 D WifiService: New client listening to asynchronous messages
07-16 10:46:35.804  2257  2408 D WifiService: SAVE nid=0 uid=1000 name=android.uid.system:1000
07-16 10:46:35.804  2257  2408 D WifiService: Save network with config * ID: -1 SSID: "oslab" PROVIDER-NAME: null BSSID: null FQDN: null PRIO: 0 HIDDEN: false
07-16 10:46:35.804  2257  2408 D WifiService:  NetworkSelectionStatus NETWORK_SELECTION_ENABLED
07-16 10:46:35.804  2257  2408 D WifiService:  hasEverConnected: false
07-16 10:46:35.804  2257  2408 D WifiService:  KeyMgmt: WPA_PSK Protocols:
07-16 10:46:35.804  2257  2408 D WifiService:  AuthAlgorithms:
07-16 10:46:35.804  2257  2408 D WifiService:  PairwiseCiphers:
07-16 10:46:35.804  2257  2408 D WifiService:  GroupCiphers:
07-16 10:46:35.804  2257  2408 D WifiService:  PSK: *
07-16 10:46:35.804  2257  2408 D WifiService: Enterprise config:
07-16 10:46:35.804  2257  2408 D WifiService: IP config:
07-16 10:46:35.804  2257  2408 D WifiService: IP assignment: DHCP
07-16 10:46:35.804  2257  2408 D WifiService: Proxy settings: NONE
07-16 10:46:35.804  2257  2408 D WifiService:  cuid=-1 luid=-1 lcuid=0 userApproved=USER_UNSPECIFIED noInternetAccessExpected=false roamingFailureBlackListTimeMilli: 1000
07-16 10:46:35.804  2257  2408 D WifiService: recentFailure: Association Rejection code: 0
07-16 10:46:35.805  2257  2408 D WifiService: CONNECT  nid=-1 uid=1000 name=android.uid.system:1000
07-16 10:46:35.805  2257  2408 D WifiService: Connect with config * ID: -1 SSID: "oslab" PROVIDER-NAME: null BSSID: null FQDN: null PRIO: 0 HIDDEN: false
07-16 10:46:35.805  2257  2408 D WifiService:  NetworkSelectionStatus NETWORK_SELECTION_ENABLED
07-16 10:46:35.805  2257  2408 D WifiService:  hasEverConnected: false
07-16 10:46:35.805  2257  2408 D WifiService:  KeyMgmt: WPA_PSK Protocols:
07-16 10:46:35.805  2257  2408 D WifiService:  AuthAlgorithms:
07-16 10:46:35.805  2257  2408 D WifiService:  PairwiseCiphers:
07-16 10:46:35.805  2257  2408 D WifiService:  GroupCiphers:
07-16 10:46:35.805  2257  2408 D WifiService:  PSK: *
07-16 10:46:35.805  2257  2408 D WifiService: Enterprise config:
07-16 10:46:35.805  2257  2408 D WifiService: IP config:
07-16 10:46:35.805  2257  2408 D WifiService: IP assignment: DHCP
07-16 10:46:35.805  2257  2408 D WifiService: Proxy settings: NONE
07-16 10:46:35.805  2257  2408 D WifiService:  cuid=-1 luid=-1 lcuid=0 userApproved=USER_UNSPECIFIED noInternetAccessExpected=false roamingFailureBlackListTimeMilli: 1000
07-16 10:46:35.805  2257  2408 D WifiService: recentFailure: Association Rejection code: 0
07-16 10:46:35.835  2161  2161 W wificond: Scan is not started. Ignore abort request
07-16 10:46:38.883  2161  2161 I wificond: Received external scan result notification from kernel.
07-16 10:46:39.030  2257  2409 D ConnectivityService: registerNetworkAgent NetworkAgentInfo{ ni{[type: WIFI[], state: CONNECTING/CONNECTING, reason: (unspecified), extra: "oslab", failover: false, available: true, roaming: false]}  network{100}  nethandle{429513165534}  lp{{LinkAddresses: []  Routes: [] DnsAddresses: [] Domains: null MTU: 0}}  nc{[ Transports: WIFI Capabilities: NOT_METERED&INTERNET&NOT_RESTRICTED&TRUSTED&NOT_VPN LinkUpBandwidth>=1048576Kbps LinkDnBandwidth>=1048576Kbps]}  Score{20}  everValidated{false}  lastValidated{false}  created{false} lingering{false} explicitlySelected{false} acceptUnvalidated{false} everCaptivePortalDetected{false} lastCaptivePortalDetected{false} clat{null} }
07-16 10:46:39.030  2257  2413 D ConnectivityService: NetworkAgentInfo [WIFI () - 100] EVENT_NETWORK_INFO_CHANGED, going from null to CONNECTING
07-16 10:46:40.910  2257  2413 D ConnectivityService: NetworkAgentInfo [WIFI () - 100] EVENT_NETWORK_INFO_CHANGED, going from CONNECTING to CONNECTED
07-16 10:46:40.911  2257  2413 D ConnectivityService: Adding iface wlan0 to network 100
07-16 10:46:40.921  2257  2275 E BatteryExternalStatsWorker: no controller energy info supplied for wifi
07-16 10:46:40.921  2257  2413 D ConnectivityService: Setting DNS servers for network 100 to [/192.168.0.1]
07-16 10:46:40.927  2257  2413 D ConnectivityService: Switching to new default network: NetworkAgentInfo{ ni{[type: WIFI[], state: CONNECTED/CONNECTED, reason: (unspecified), extra: "oslab", failover: false, available: true, roaming: false]}  network{100}  nethandle{429513165534}  lp{{InterfaceName: wlan0 LinkAddresses: [fe80::cde9:adc4:400d:6fc8/64,192.168.0.149/24,]  Routes: [fe80::/64 -> :: wlan0,192.168.0.0/24 -> 0.0.0.0 wlan0,0.0.0.0/0 -> 192.168.0.1 wlan0,] DnsAddresses: [192.168.0.1,] Domains: null MTU: 0 TcpBufferSizes: 524288,1048576,2097152,262144,524288,1048576}}  nc{[ Transports: WIFI Capabilities: NOT_METERED&INTERNET&NOT_RESTRICTED&TRUSTED&NOT_VPN&FOREGROUND LinkUpBandwidth>=1048576Kbps LinkDnBandwidth>=1048576Kbps SignalStrength: -52]}  Score{17}  everValidated{false}  lastValidated{false}  created{true} lingering{false} explicitlySelected{true} acceptUnvalidated{false} everCaptivePortalDetected{false} lastCaptivePortalDetected{false} clat{null} }
07-16 10:46:40.928  2257  2413 E ConnectivityService: Can't set TCP buffer sizes:java.io.FileNotFoundException: /sys/kernel/ipv4/tcp_rmem_min (No such file or directory)
07-16 10:46:40.928  2257  2413 D ConnectivityService: Sending CONNECTED broadcast for type 1 NetworkAgentInfo [WIFI () - 100] isDefaultNetwork=true
07-16 10:46:40.985  2257  2744 I ActivityManager: Start proc 5112:com.google.android.gms.unstable/u0a13 for service com.google.android.gms/.droidguard.DroidGuardService
07-16 10:46:44.975  2257  2310 W ActivityManager: Unable to start service Intent { act=com.google.android.gms.drive.ApiService.RESET_AFTER_BOOT flg=0x4 cmp=com.google.android.gms/.drive.api.ApiService (has extras) } U=0: not found
07-16 10:46:48.934  2257  2413 D NetworkNotificationManager: showNotification tag=ConnectivityNotification:100 event=NO_INTERNET transport=WLAN extraInfo="oslab" highPrioriy=true
07-16 10:46:55.945  2257  2413 D ConnectivityService: NetworkAgentInfo [WIFI () - 100] validation failed
07-16 10:47:41.998  2257  2413 I chatty  : uid=1000(system) ConnectivitySer identical 3 lines
07-16 10:48:03.020  2257  2413 D ConnectivityService: NetworkAgentInfo [WIFI () - 100] validation failed
07-16 10:48:18.451  2474  2474 D ViewRootImpl[StatusBar]: updatePointerIcon called with position out of bounds
07-16 10:48:21.791  2474  2474 D ViewRootImpl[StatusBar]: updatePointerIcon called with position out of bounds
07-16 10:48:22.008  2257  3594 I ActivityManager: Killing 2815:com.android.cellbroadcastreceiver/u0a8 (adj 906): empty #17
07-16 10:48:23.131  2257  4507 E WindowManager: Unknown window type: 2039
07-16 10:48:23.157  2257  4507 I chatty  : uid=1000(system) Binder:2257_14 identical 4 lines
07-16 10:48:23.178  2257  4507 E WindowManager: Unknown window type: 2039
07-16 10:48:23.206  2257  2302 E WindowManager: Unknown window type: 2039
07-16 10:48:23.217  2257  2302 I chatty  : uid=1000(system) android.anim identical 1 line
07-16 10:48:23.333  2257  2302 E WindowManager: Unknown window type: 2039
07-16 10:48:24.755  2474  2474 D ViewRootImpl[OpenthosStatusBar]: updatePointerIcon called with position out of bounds
07-16 10:48:24.755  2474  2474 D ViewRootImpl[StatusBar]: updatePointerIcon called with position out of bounds
07-16 10:48:24.868  2257  3940 I ActivityManager: START u0 {act=android.intent.action.MAIN cat=[android.intent.category.LAUNCHER] flg=0x30000000 cmp=com.termux/.app.TermuxActivity} from uid 10033
07-16 10:48:24.872  2257  3940 E ActivityManager: applyOptionsLocked: Unknown animationType=0
07-16 10:48:24.882  2257  2302 E WindowManager: Unknown window type: 2039
07-16 10:48:24.883  2257  3940 I ActivityManager: Start proc 5279:com.termux/u0a34 for activity com.termux/.app.TermuxActivity
07-16 10:48:24.895  2257  2302 E WindowManager: Unknown window type: 2039
07-16 10:48:24.897  2257  3940 E WindowManager: Unknown window type: 2039
07-16 10:48:24.902  2257  3940 E WindowManager: Unknown window type: 2039
07-16 10:48:24.903  2257  4507 E WindowManager: Unknown window type: 2039
07-16 10:48:24.905  2257  2302 E WindowManager: Unknown window type: 2039
07-16 10:48:24.907  2257  2302 E WindowManager: Unknown window type: 2039
07-16 10:48:24.917  2257  4507 E WindowManager: Unknown window type: 2039
07-16 10:48:24.999  2257  4507 I chatty  : uid=1000(system) Binder:2257_14 identical 1 line
07-16 10:48:25.016  2257  4507 E WindowManager: Unknown window type: 2039
07-16 10:48:25.018  2257  2302 E WindowManager: Unknown window type: 2039
07-16 10:48:25.033  2257  2302 E WindowManager: Unknown window type: 2039
07-16 10:48:25.101  5279  5279 D ViewRootImpl[TermuxActivity]: updatePointerIcon called with position out of bounds
07-16 10:48:25.916  5279  5279 I chatty  : uid=10034(com.termux) identical 14 lines
07-16 10:48:25.933  5279  5279 D ViewRootImpl[TermuxActivity]: updatePointerIcon called with position out of bounds
07-16 10:48:32.045  2257  2413 D ConnectivityService: NetworkAgentInfo [WIFI () - 100] validation failed
07-16 10:49:17.091  2257  2413 D ConnectivityService: NetworkAgentInfo [WIFI () - 100] validation failed
07-16 10:49:41.446  2257  3940 W BroadcastQueue: Background execution not allowed: receiving Intent { act=com.google.android.checkin.CHECKIN_COMPLETE flg=0x10 (has extras) } to com.google.android.gsf/.settings.GoogleLocationSettings$LocationSettingsChangedListener
07-16 10:49:53.771  2257  2286 I ActivityManager: Start proc 5380:com.android.defcontainer/u0a7 for service com.android.defcontainer/.DefaultContainerService
07-16 10:49:53.789  2257  2272 I ActivityManager: Start proc 5397:com.android.vending/u0a27 for broadcast com.android.vending/com.google.android.finsky.verifier.impl.PackageVerificationReceiver
07-16 10:49:53.861  2257  2488 I ActivityManager: Start proc 5447:android.process.media/u0a11 for content provider com.android.providers.downloads/.DownloadProvider
07-16 10:49:54.031  2257  3593 I ActivityManager: START u0 {flg=0x50000000 cmp=com.android.vending/com.google.android.finsky.verifier.impl.ConsentDialog} from uid 10027
07-16 10:49:57.459  5397  5397 D ViewRootImpl[ConsentDialog]: updatePointerIcon called with position out of bounds
07-16 10:49:57.465  5397  5397 D ViewRootImpl[ConsentDialog]: updatePointerIcon called with position out of bounds
07-16 10:49:58.065  2474  2474 D ViewRootImpl[StatusBar]: updatePointerIcon called with position out of bounds
07-16 10:50:04.994  2257  3593 D PackageManager: Set ephemeral installer activity: ComponentInfo{com.android.vending/com.google.android.finsky.instantapps.EphemeralInstallerActivity}
07-16 10:50:12.771  2257  2286 W PackageSettings: Couldn't write 10006 to /config/sdcardfs/com.android.cts.priv.ctsshim/appid
07-16 10:50:12.771  2257  2286 W PackageSettings: Couldn't write 10073 to /config/sdcardfs/com.google.android.youtube/appid
07-16 10:50:12.771  2257  2286 W PackageSettings: Couldn't write 10054 to /config/sdcardfs/org.chromium.chrome/appid
07-16 10:50:12.771  2257  2286 W PackageSettings: Couldn't write 10015 to /config/sdcardfs/com.google.android.ext.services/appid
07-16 10:50:12.771  2257  2286 W PackageSettings: Couldn't write 1001 to /config/sdcardfs/com.android.providers.telephony/appid
07-16 10:50:12.771  2257  2286 W PackageSettings: Couldn't write 10003 to /config/sdcardfs/org.android_x86.analytics/appid
07-16 10:50:12.771  2257  2286 W PackageSettings: Couldn't write 10036 to /config/sdcardfs/com.google.android.googlequicksearchbox/appid
07-16 10:50:12.771  2257  2286 W PackageSettings: Couldn't write 10004 to /config/sdcardfs/com.android.providers.calendar/appid
07-16 10:50:12.771  2257  2286 W PackageSettings: Couldn't write 10011 to /config/sdcardfs/com.android.providers.media/appid
07-16 10:50:12.771  2257  2286 W PackageSettings: Couldn't write 10018 to /config/sdcardfs/com.google.android.onetimeinitializer/appid
07-16 10:50:12.771  2257  2286 W PackageSettings: Couldn't write 10056 to /config/sdcardfs/com.google.android.ext.shared/appid
07-16 10:50:12.771  2257  2286 W PackageSettings: Couldn't write 10037 to /config/sdcardfs/com.android.wallpapercropper/appid
07-16 10:50:12.771  2257  2286 W PackageSettings: Couldn't write 10010 to /config/sdcardfs/com.android.documentsui/appid
07-16 10:50:12.771  2257  2286 W PackageSettings: Couldn't write 10012 to /config/sdcardfs/com.android.externalstorage/appid
07-16 10:50:12.771  2257  2286 W PackageSettings: Couldn't write 10060 to /config/sdcardfs/com.android.htmlviewer/appid
07-16 10:50:12.771  2257  2286 W PackageSettings: Couldn't write 10047 to /config/sdcardfs/com.android.companiondevicemanager/appid
07-16 10:50:12.771  2257  2286 W PackageSettings: Couldn't write 1001 to /config/sdcardfs/com.android.mms.service/appid
07-16 10:50:12.771  2257  2286 W PackageSettings: Couldn't write 10011 to /config/sdcardfs/com.android.providers.downloads/appid
07-16 10:50:12.771  2257  2286 W PackageSettings: Couldn't write 10025 to /config/sdcardfs/de.k3b.android.androFotoFinder/appid
07-16 10:50:12.771  2257  2286 W PackageSettings: Couldn't write 10007 to /config/sdcardfs/com.android.defcontainer/appid
07-16 10:50:12.771  2257  2286 W PackageSettings: Couldn't write 10024 to /config/sdcardfs/org.openthos.filemanager/appid
07-16 10:50:12.771  2257  2286 W PackageSettings: Couldn't write 10011 to /config/sdcardfs/com.android.providers.downloads.ui/appid
07-16 10:50:12.772  2257  2286 W PackageSettings: Couldn't write 10027 to /config/sdcardfs/com.android.vending/appid
07-16 10:50:12.772  2257  2286 W PackageSettings: Couldn't write 10066 to /config/sdcardfs/com.android.pacprocessor/appid
07-16 10:50:12.772  2257  2286 W PackageSettings: Couldn't write 10074 to /config/sdcardfs/com.seafile.seadroid2.debug/appid
07-16 10:50:12.772  2257  2286 W PackageSettings: Couldn't write 10046 to /config/sdcardfs/com.android.certinstaller/appid
07-16 10:50:12.772  2257  2286 W PackageSettings: Couldn't write 10005 to /config/sdcardfs/com.android.carrierconfig/appid
07-16 10:50:12.772  2257  2286 W PackageSettings: Couldn't write 1000 to /config/sdcardfs/android/appid
07-16 10:50:12.772  2257  2286 W PackageSettings: Couldn't write 10009 to /config/sdcardfs/com.android.contacts/appid
07-16 10:50:12.772  2257  2286 W PackageSettings: Couldn't write 10048 to /config/sdcardfs/com.android.camera2/appid
07-16 10:50:12.772  2257  2286 W PackageSettings: Couldn't write 10026 to /config/sdcardfs/org.openthos.soundrecorder/appid
07-16 10:50:12.772  2257  2286 W PackageSettings: Couldn't write 10053 to /config/sdcardfs/com.android.egg/appid
07-16 10:50:12.772  2257  2286 W PackageSettings: Couldn't write 10011 to /config/sdcardfs/com.android.mtp/appid
07-16 10:50:12.772  2257  2286 W PackageSettings: Couldn't write 10062 to /config/sdcardfs/com.android.launcher3/appid
07-16 10:50:12.772  2257  2286 W PackageSettings: Couldn't write 10002 to /config/sdcardfs/com.android.backupconfirm/appid
07-16 10:50:12.772  2257  2286 W PackageSettings: Couldn't write 10061 to /config/sdcardfs/org.openthos.compress/appid
07-16 10:50:12.772  2257  2286 W PackageSettings: Couldn't write 10031 to /config/sdcardfs/com.android.statementservice/appid
07-16 10:50:12.772  2257  2286 W PackageSettings: Couldn't write 10063 to /config/sdcardfs/com.google.android.gm/appid
07-16 10:50:12.772  2257  2286 W PackageSettings: Couldn't write 10043 to /config/sdcardfs/com.android.calendar/appid
07-16 10:50:12.772  2257  2286 W PackageSettings: Couldn't write 10000 to /config/sdcardfs/com.android.systemui.theme.dark/appid
07-16 10:50:12.772  2257  2286 W PackageSettings: Couldn't write 10029 to /config/sdcardfs/com.google.android.setupwizard/appid
07-16 10:50:12.772  2257  2286 W PackageSettings: Couldn't write 10064 to /config/sdcardfs/org.openthos.inputmethod.pinyin/appid
07-16 10:50:12.772  2257  2286 W PackageSettings: Couldn't write 1000 to /config/sdcardfs/com.android.providers.settings/appid
07-16 10:50:12.772  2257  2286 W PackageSettings: Couldn't write 10030 to /config/sdcardfs/com.android.sharedstoragebackup/appid
07-16 10:50:12.772  2257  2286 W PackageSettings: Couldn't write 10069 to /config/sdcardfs/com.android.printspooler/appid
07-16 10:50:12.772  2257  2286 W PackageSettings: Couldn't write 10023 to /config/sdcardfs/org.openthos.seafile/appid
07-16 10:50:12.772  2257  2286 W PackageSettings: Couldn't write 10040 to /config/sdcardfs/com.android.dreams.basic/appid
07-16 10:50:12.772  2257  2286 W PackageSettings: Couldn't write 1000 to /config/sdcardfs/com.android.inputdevices/appid
07-16 10:50:12.772  2257  2286 W PackageSettings: Couldn't write 10042 to /config/sdcardfs/com.android.bips/appid
07-16 10:50:12.772  2257  2286 W PackageSettings: Couldn't write 10008 to /config/sdcardfs/com.android.cellbroadcastreceiver/appid
07-16 10:50:12.772  2257  2286 W PackageSettings: Couldn't write 10072 to /config/sdcardfs/com.google.android.webview/appid
07-16 10:50:12.772  2257  2286 W PackageSettings: Couldn't write 10058 to /config/sdcardfs/com.google.android.syncadapters.contacts/appid
07-16 10:50:12.772  2257  2286 W PackageSettings: Couldn't write 1000 to /config/sdcardfs/com.android.keychain/appid
07-16 10:50:12.772  2257  2286 W PackageSettings: Couldn't write 10052 to /config/sdcardfs/com.android.chrome/appid
07-16 10:50:12.772  2257  2286 W PackageSettings: Couldn't write 10016 to /config/sdcardfs/com.android.dialer/appid
07-16 10:50:12.772  2257  2286 W PackageSettings: Couldn't write 10019 to /config/sdcardfs/com.google.android.packageinstaller/appid
07-16 10:50:12.772  2257  2286 W PackageSettings: Couldn't write 10013 to /config/sdcardfs/com.google.android.gms/appid
07-16 10:50:12.772  2257  2286 W PackageSettings: Couldn't write 10013 to /config/sdcardfs/com.google.android.gsf/appid
07-16 10:50:12.772  2257  2286 W PackageSettings: Couldn't write 10001 to /config/sdcardfs/com.android.calllogbackup/appid
07-16 10:50:12.772  2257  2286 W PackageSettings: Couldn't write 10020 to /config/sdcardfs/com.google.android.partnersetup/appid
07-16 10:50:12.772  2257  2286 W PackageSettings: Couldn't write 10039 to /config/sdcardfs/com.android.basicsmsreceiver/appid
07-16 10:50:12.772  2257  2286 W PackageSettings: Couldn't write 10045 to /config/sdcardfs/com.android.carrierdefaultapp/appid
07-16 10:50:12.772  2257  2286 W PackageSettings: Couldn't write 10068 to /config/sdcardfs/com.svox.pico/appid
07-16 10:50:12.772  2257  2286 W PackageSettings: Couldn't write 10028 to /config/sdcardfs/com.android.proxyhandler/appid
07-16 10:50:12.772  2257  2286 W PackageSettings: Couldn't write 10065 to /config/sdcardfs/com.android.inputmethod.latin/appid
07-16 10:50:12.772  2257  2286 W PackageSettings: Couldn't write 10017 to /config/sdcardfs/com.google.android.feedback/appid
07-16 10:50:12.772  2257  2286 W PackageSettings: Couldn't write 10059 to /config/sdcardfs/com.google.android.printservice.recommendation/appid
07-16 10:50:12.772  2257  2286 W PackageSettings: Couldn't write 10057 to /config/sdcardfs/com.google.android.syncadapters.calendar/appid
07-16 10:50:12.772  2257  2286 W PackageSettings: Couldn't write 10021 to /config/sdcardfs/com.android.managedprovisioning/appid
07-16 10:50:12.773  2257  2286 W PackageSettings: Couldn't write 10067 to /config/sdcardfs/com.android.providers.partnerbookmarks/appid
07-16 10:50:12.773  2257  2286 W PackageSettings: Couldn't write 10013 to /config/sdcardfs/com.google.android.gsf.login/appid
07-16 10:50:12.773  2257  2286 W PackageSettings: Couldn't write 10013 to /config/sdcardfs/com.google.android.backuptransport/appid
07-16 10:50:12.773  2257  2286 W PackageSettings: Couldn't write 10022 to /config/sdcardfs/org.openthos.appstore/appid
07-16 10:50:12.773  2257  2286 W PackageSettings: Couldn't write 10032 to /config/sdcardfs/com.android.storagemanager/appid
07-16 10:50:12.773  2257  2286 W PackageSettings: Couldn't write 10041 to /config/sdcardfs/com.android.bookmarkprovider/appid
07-16 10:50:12.773  2257  2286 W PackageSettings: Couldn't write 1000 to /config/sdcardfs/com.android.settings/appid
07-16 10:50:12.773  2257  2286 W PackageSettings: Couldn't write 10034 to /config/sdcardfs/com.termux/appid
07-16 10:50:12.773  2257  2286 W PackageSettings: Couldn't write 10055 to /config/sdcardfs/com.android.calculator2/appid
07-16 10:50:12.773  2257  2286 W PackageSettings: Couldn't write 10049 to /config/sdcardfs/com.android.cts.ctsshim/appid
07-16 10:50:12.773  2257  2286 W PackageSettings: Couldn't write 10035 to /config/sdcardfs/com.android.vpndialogs/appid
07-16 10:50:12.773  2257  2286 W PackageSettings: Couldn't write 1001 to /config/sdcardfs/com.android.phone/appid
07-16 10:50:12.773  2257  2286 W PackageSettings: Couldn't write 2000 to /config/sdcardfs/com.android.shell/appid
07-16 10:50:12.773  2257  2286 W PackageSettings: Couldn't write 1000 to /config/sdcardfs/com.android.wallpaperbackup/appid
07-16 10:50:12.773  2257  2286 W PackageSettings: Couldn't write 10001 to /config/sdcardfs/com.android.providers.blockednumber/appid
07-16 10:50:12.773  2257  2286 W PackageSettings: Couldn't write 10001 to /config/sdcardfs/com.android.providers.userdictionary/appid
07-16 10:50:12.773  2257  2286 W PackageSettings: Couldn't write 10014 to /config/sdcardfs/com.android.emergency/appid
07-16 10:50:12.773  2257  2286 W PackageSettings: Couldn't write 1000 to /config/sdcardfs/com.android.location.fused/appid
07-16 10:50:12.773  2257  2286 W PackageSettings: Couldn't write 10051 to /config/sdcardfs/com.android.deskclock/appid
07-16 10:50:12.773  2257  2286 W PackageSettings: Couldn't write 10033 to /config/sdcardfs/com.android.systemui/appid
07-16 10:50:12.773  2257  2286 W PackageSettings: Couldn't write 10038 to /config/sdcardfs/com.android.bluetoothmidiservice/appid
07-16 10:50:12.773  2257  2286 W PackageSettings: Couldn't write 10070 to /config/sdcardfs/com.termoneplus/appid
07-16 10:50:12.773  2257  2286 W PackageSettings: Couldn't write 1002 to /config/sdcardfs/com.android.bluetooth/appid
07-16 10:50:12.773  2257  2286 W PackageSettings: Couldn't write 10050 to /config/sdcardfs/com.android.development/appid
07-16 10:50:12.773  2257  2286 W PackageSettings: Couldn't write 10071 to /config/sdcardfs/com.android.wallpaperpicker/appid
07-16 10:50:12.773  2257  2286 W PackageSettings: Couldn't write 10001 to /config/sdcardfs/com.android.providers.contacts/appid
07-16 10:50:12.773  2257  2286 W PackageSettings: Couldn't write 10044 to /config/sdcardfs/com.android.captiveportallogin/appid
07-16 10:50:12.776  2257  2286 W PackageSettings: Couldn't write 10074 to /config/sdcardfs/com.seafile.seadroid2.debug/appid
07-16 10:50:12.782  2257  2286 W PackageSettings: Couldn't write 10006 to /config/sdcardfs/com.android.cts.priv.ctsshim/appid
07-16 10:50:12.782  2257  2286 W PackageSettings: Couldn't write 10073 to /config/sdcardfs/com.google.android.youtube/appid
07-16 10:50:12.782  2257  2286 W PackageSettings: Couldn't write 10054 to /config/sdcardfs/org.chromium.chrome/appid
07-16 10:50:12.782  2257  2286 W PackageSettings: Couldn't write 10015 to /config/sdcardfs/com.google.android.ext.services/appid
07-16 10:50:12.782  2257  2286 W PackageSettings: Couldn't write 1001 to /config/sdcardfs/com.android.providers.telephony/appid
07-16 10:50:12.782  2257  2286 W PackageSettings: Couldn't write 10003 to /config/sdcardfs/org.android_x86.analytics/appid
07-16 10:50:12.782  2257  2286 W PackageSettings: Couldn't write 10036 to /config/sdcardfs/com.google.android.googlequicksearchbox/appid
07-16 10:50:12.782  2257  2286 W PackageSettings: Couldn't write 10004 to /config/sdcardfs/com.android.providers.calendar/appid
07-16 10:50:12.782  2257  2286 W PackageSettings: Couldn't write 10011 to /config/sdcardfs/com.android.providers.media/appid
07-16 10:50:12.782  2257  2286 W PackageSettings: Couldn't write 10018 to /config/sdcardfs/com.google.android.onetimeinitializer/appid
07-16 10:50:12.782  2257  2286 W PackageSettings: Couldn't write 10056 to /config/sdcardfs/com.google.android.ext.shared/appid
07-16 10:50:12.782  2257  2286 W PackageSettings: Couldn't write 10037 to /config/sdcardfs/com.android.wallpapercropper/appid
07-16 10:50:12.782  2257  2286 W PackageSettings: Couldn't write 10010 to /config/sdcardfs/com.android.documentsui/appid
07-16 10:50:12.782  2257  2286 W PackageSettings: Couldn't write 10012 to /config/sdcardfs/com.android.externalstorage/appid
07-16 10:50:12.782  2257  2286 W PackageSettings: Couldn't write 10060 to /config/sdcardfs/com.android.htmlviewer/appid
07-16 10:50:12.782  2257  2286 W PackageSettings: Couldn't write 10047 to /config/sdcardfs/com.android.companiondevicemanager/appid
07-16 10:50:12.782  2257  2286 W PackageSettings: Couldn't write 1001 to /config/sdcardfs/com.android.mms.service/appid
07-16 10:50:12.782  2257  2286 W PackageSettings: Couldn't write 10011 to /config/sdcardfs/com.android.providers.downloads/appid
07-16 10:50:12.782  2257  2286 W PackageSettings: Couldn't write 10025 to /config/sdcardfs/de.k3b.android.androFotoFinder/appid
07-16 10:50:12.782  2257  2286 W PackageSettings: Couldn't write 10007 to /config/sdcardfs/com.android.defcontainer/appid
07-16 10:50:12.782  2257  2286 W PackageSettings: Couldn't write 10024 to /config/sdcardfs/org.openthos.filemanager/appid
07-16 10:50:12.782  2257  2286 W PackageSettings: Couldn't write 10011 to /config/sdcardfs/com.android.providers.downloads.ui/appid
07-16 10:50:12.782  2257  2286 W PackageSettings: Couldn't write 10027 to /config/sdcardfs/com.android.vending/appid
07-16 10:50:12.782  2257  2286 W PackageSettings: Couldn't write 10066 to /config/sdcardfs/com.android.pacprocessor/appid
07-16 10:50:12.782  2257  2286 W PackageSettings: Couldn't write 10074 to /config/sdcardfs/com.seafile.seadroid2.debug/appid
07-16 10:50:12.782  2257  2286 W PackageSettings: Couldn't write 10046 to /config/sdcardfs/com.android.certinstaller/appid
07-16 10:50:12.782  2257  2286 W PackageSettings: Couldn't write 10005 to /config/sdcardfs/com.android.carrierconfig/appid
07-16 10:50:12.782  2257  2286 W PackageSettings: Couldn't write 1000 to /config/sdcardfs/android/appid
07-16 10:50:12.782  2257  2286 W PackageSettings: Couldn't write 10009 to /config/sdcardfs/com.android.contacts/appid
07-16 10:50:12.782  2257  2286 W PackageSettings: Couldn't write 10048 to /config/sdcardfs/com.android.camera2/appid
07-16 10:50:12.782  2257  2286 W PackageSettings: Couldn't write 10026 to /config/sdcardfs/org.openthos.soundrecorder/appid
07-16 10:50:12.782  2257  2286 W PackageSettings: Couldn't write 10053 to /config/sdcardfs/com.android.egg/appid
07-16 10:50:12.782  2257  2286 W PackageSettings: Couldn't write 10011 to /config/sdcardfs/com.android.mtp/appid
07-16 10:50:12.782  2257  2286 W PackageSettings: Couldn't write 10062 to /config/sdcardfs/com.android.launcher3/appid
07-16 10:50:12.782  2257  2286 W PackageSettings: Couldn't write 10002 to /config/sdcardfs/com.android.backupconfirm/appid
07-16 10:50:12.782  2257  2286 W PackageSettings: Couldn't write 10061 to /config/sdcardfs/org.openthos.compress/appid
07-16 10:50:12.782  2257  2286 W PackageSettings: Couldn't write 10031 to /config/sdcardfs/com.android.statementservice/appid
07-16 10:50:12.782  2257  2286 W PackageSettings: Couldn't write 10063 to /config/sdcardfs/com.google.android.gm/appid
07-16 10:50:12.782  2257  2286 W PackageSettings: Couldn't write 10043 to /config/sdcardfs/com.android.calendar/appid
07-16 10:50:12.782  2257  2286 W PackageSettings: Couldn't write 10000 to /config/sdcardfs/com.android.systemui.theme.dark/appid
07-16 10:50:12.782  2257  2286 W PackageSettings: Couldn't write 10029 to /config/sdcardfs/com.google.android.setupwizard/appid
07-16 10:50:12.783  2257  2286 W PackageSettings: Couldn't write 10064 to /config/sdcardfs/org.openthos.inputmethod.pinyin/appid
07-16 10:50:12.783  2257  2286 W PackageSettings: Couldn't write 1000 to /config/sdcardfs/com.android.providers.settings/appid
07-16 10:50:12.783  2257  2286 W PackageSettings: Couldn't write 10030 to /config/sdcardfs/com.android.sharedstoragebackup/appid
07-16 10:50:12.783  2257  2286 W PackageSettings: Couldn't write 10069 to /config/sdcardfs/com.android.printspooler/appid
07-16 10:50:12.783  2257  2286 W PackageSettings: Couldn't write 10023 to /config/sdcardfs/org.openthos.seafile/appid
07-16 10:50:12.783  2257  2286 W PackageSettings: Couldn't write 10040 to /config/sdcardfs/com.android.dreams.basic/appid
07-16 10:50:12.783  2257  2286 W PackageSettings: Couldn't write 1000 to /config/sdcardfs/com.android.inputdevices/appid
07-16 10:50:12.783  2257  2286 W PackageSettings: Couldn't write 10042 to /config/sdcardfs/com.android.bips/appid
07-16 10:50:12.783  2257  2286 W PackageSettings: Couldn't write 10008 to /config/sdcardfs/com.android.cellbroadcastreceiver/appid
07-16 10:50:12.783  2257  2286 W PackageSettings: Couldn't write 10072 to /config/sdcardfs/com.google.android.webview/appid
07-16 10:50:12.783  2257  2286 W PackageSettings: Couldn't write 10058 to /config/sdcardfs/com.google.android.syncadapters.contacts/appid
07-16 10:50:12.783  2257  2286 W PackageSettings: Couldn't write 1000 to /config/sdcardfs/com.android.keychain/appid
07-16 10:50:12.783  2257  2286 W PackageSettings: Couldn't write 10052 to /config/sdcardfs/com.android.chrome/appid
07-16 10:50:12.783  2257  2286 W PackageSettings: Couldn't write 10016 to /config/sdcardfs/com.android.dialer/appid
07-16 10:50:12.783  2257  2286 W PackageSettings: Couldn't write 10019 to /config/sdcardfs/com.google.android.packageinstaller/appid
07-16 10:50:12.783  2257  2286 W PackageSettings: Couldn't write 10013 to /config/sdcardfs/com.google.android.gms/appid
07-16 10:50:12.783  2257  2286 W PackageSettings: Couldn't write 10013 to /config/sdcardfs/com.google.android.gsf/appid
07-16 10:50:12.783  2257  2286 W PackageSettings: Couldn't write 10001 to /config/sdcardfs/com.android.calllogbackup/appid
07-16 10:50:12.783  2257  2286 W PackageSettings: Couldn't write 10020 to /config/sdcardfs/com.google.android.partnersetup/appid
07-16 10:50:12.783  2257  2286 W PackageSettings: Couldn't write 10039 to /config/sdcardfs/com.android.basicsmsreceiver/appid
07-16 10:50:12.783  2257  2286 W PackageSettings: Couldn't write 10045 to /config/sdcardfs/com.android.carrierdefaultapp/appid
07-16 10:50:12.783  2257  2286 W PackageSettings: Couldn't write 10068 to /config/sdcardfs/com.svox.pico/appid
07-16 10:50:12.783  2257  2286 W PackageSettings: Couldn't write 10028 to /config/sdcardfs/com.android.proxyhandler/appid
07-16 10:50:12.783  2257  2286 W PackageSettings: Couldn't write 10065 to /config/sdcardfs/com.android.inputmethod.latin/appid
07-16 10:50:12.783  2257  2286 W PackageSettings: Couldn't write 10017 to /config/sdcardfs/com.google.android.feedback/appid
07-16 10:50:12.783  2257  2286 W PackageSettings: Couldn't write 10059 to /config/sdcardfs/com.google.android.printservice.recommendation/appid
07-16 10:50:12.783  2257  2286 W PackageSettings: Couldn't write 10057 to /config/sdcardfs/com.google.android.syncadapters.calendar/appid
07-16 10:50:12.783  2257  2286 W PackageSettings: Couldn't write 10021 to /config/sdcardfs/com.android.managedprovisioning/appid
07-16 10:50:12.783  2257  2286 W PackageSettings: Couldn't write 10067 to /config/sdcardfs/com.android.providers.partnerbookmarks/appid
07-16 10:50:12.783  2257  2286 W PackageSettings: Couldn't write 10013 to /config/sdcardfs/com.google.android.gsf.login/appid
07-16 10:50:12.783  2257  2286 W PackageSettings: Couldn't write 10013 to /config/sdcardfs/com.google.android.backuptransport/appid
07-16 10:50:12.783  2257  2286 W PackageSettings: Couldn't write 10022 to /config/sdcardfs/org.openthos.appstore/appid
07-16 10:50:12.783  2257  2286 W PackageSettings: Couldn't write 10032 to /config/sdcardfs/com.android.storagemanager/appid
07-16 10:50:12.783  2257  2286 W PackageSettings: Couldn't write 10041 to /config/sdcardfs/com.android.bookmarkprovider/appid
07-16 10:50:12.783  2257  2286 W PackageSettings: Couldn't write 1000 to /config/sdcardfs/com.android.settings/appid
07-16 10:50:12.783  2257  2286 W PackageSettings: Couldn't write 10034 to /config/sdcardfs/com.termux/appid
07-16 10:50:12.783  2257  2286 W PackageSettings: Couldn't write 10055 to /config/sdcardfs/com.android.calculator2/appid
07-16 10:50:12.783  2257  2286 W PackageSettings: Couldn't write 10049 to /config/sdcardfs/com.android.cts.ctsshim/appid
07-16 10:50:12.783  2257  2286 W PackageSettings: Couldn't write 10035 to /config/sdcardfs/com.android.vpndialogs/appid
07-16 10:50:12.783  2257  2286 W PackageSettings: Couldn't write 1001 to /config/sdcardfs/com.android.phone/appid
07-16 10:50:12.783  2257  2286 W PackageSettings: Couldn't write 2000 to /config/sdcardfs/com.android.shell/appid
07-16 10:50:12.783  2257  2286 W PackageSettings: Couldn't write 1000 to /config/sdcardfs/com.android.wallpaperbackup/appid
07-16 10:50:12.783  2257  2286 W PackageSettings: Couldn't write 10001 to /config/sdcardfs/com.android.providers.blockednumber/appid
07-16 10:50:12.783  2257  2286 W PackageSettings: Couldn't write 10001 to /config/sdcardfs/com.android.providers.userdictionary/appid
07-16 10:50:12.783  2257  2286 W PackageSettings: Couldn't write 10014 to /config/sdcardfs/com.android.emergency/appid
07-16 10:50:12.783  2257  2286 W PackageSettings: Couldn't write 1000 to /config/sdcardfs/com.android.location.fused/appid
07-16 10:50:12.783  2257  2286 W PackageSettings: Couldn't write 10051 to /config/sdcardfs/com.android.deskclock/appid
07-16 10:50:12.784  2257  2286 W PackageSettings: Couldn't write 10033 to /config/sdcardfs/com.android.systemui/appid
