07-16 10:50:12.784  2257  2286 W PackageSettings: Couldn't write 10038 to /config/sdcardfs/com.android.bluetoothmidiservice/appid
07-16 10:50:12.784  2257  2286 W PackageSettings: Couldn't write 10070 to /config/sdcardfs/com.termoneplus/appid
07-16 10:50:12.784  2257  2286 W PackageSettings: Couldn't write 1002 to /config/sdcardfs/com.android.bluetooth/appid
07-16 10:50:12.784  2257  2286 W PackageSettings: Couldn't write 10050 to /config/sdcardfs/com.android.development/appid
07-16 10:50:12.784  2257  2286 W PackageSettings: Couldn't write 10071 to /config/sdcardfs/com.android.wallpaperpicker/appid
07-16 10:50:12.784  2257  2286 W PackageSettings: Couldn't write 10001 to /config/sdcardfs/com.android.providers.contacts/appid
07-16 10:50:12.784  2257  2286 W PackageSettings: Couldn't write 10044 to /config/sdcardfs/com.android.captiveportallogin/appid
07-16 10:50:12.787  2257  2286 W PackageSettings: Couldn't write 10074 to /config/sdcardfs/com.seafile.seadroid2.debug/appid
07-16 10:50:12.789  2257  2286 V BackupManagerService: restoreAtInstall pkg=com.seafile.seadroid2.debug token=1 restoreSet=0
07-16 10:50:12.789  2257  2286 W BackupTransportManager: Transport com.google.android.gms/.backup.BackupTransportService not bound.
07-16 10:50:12.789  2257  2286 W BackupManagerService: No transport
07-16 10:50:12.789  2257  2286 V BackupManagerService: Finishing install immediately
07-16 10:50:12.799  2257  2488 W BroadcastQueue: Background execution not allowed: receiving Intent { act=android.intent.action.PACKAGE_ADDED dat=package:com.seafile.seadroid2.debug flg=0x4000010 (has extras) } to com.google.android.googlequicksearchbox/com.google.android.apps.gsa.googlequicksearchbox.GelStubAppWatcher
07-16 10:50:12.799  2257  2272 W BroadcastQueue: Background execution not allowed: receiving Intent { act=android.intent.action.PACKAGE_ADDED dat=package:com.seafile.seadroid2.debug flg=0x4000010 (has extras) } to com.svox.pico/.VoiceDataInstallerReceiver
07-16 10:50:12.800  2257  2273 D AutofillUI: destroySaveUiUiThread(): already destroyed
07-16 10:50:12.800  2257  2271 D AutofillManagerServiceImpl: Reset component for user 0
07-16 10:50:19.956  2257  2272 I ActivityManager: Waited long enough for: ServiceRecord{8eb243e u0 com.android.vending/com.google.android.finsky.heterodyne.HeterodyneSyncService}
07-16 10:50:34.169  2257  2413 D ConnectivityService: NetworkAgentInfo [WIFI () - 100] validation failed
07-16 10:50:34.170  2257  2272 I ActivityManager: Killing 4535:com.android.vending:instant_app_installer/u0a27 (adj 906): empty #17
07-16 10:50:40.139  2257  3940 I ActivityManager: Killing 3417:android.process.acore/u0a1 (adj 906): empty #17
07-16 10:51:05.002  2257  2488 I ActivityManager: Killing 4569:org.chromium.chrome/u0a54 (adj 906): empty #17
07-16 10:51:17.016  5279  5279 D ViewRootImpl[TermuxActivity]: updatePointerIcon called with position out of bounds
07-16 10:51:17.399  2474  2474 D ViewRootImpl[StatusBar]: updatePointerIcon called with position out of bounds
07-16 10:51:17.408  2257  2488 D AutofillManagerServiceImpl: Reset component for user 0
07-16 10:51:19.940  2474  2474 D ViewRootImpl[StatusBar]: updatePointerIcon called with position out of bounds
07-16 10:51:20.195  2474  2474 D ViewRootImpl[StatusBar]: updatePointerIcon called with position out of bounds
07-16 10:51:20.197  2257  3940 I ActivityManager: START u0 {act=android.intent.action.MAIN cat=[android.intent.category.LAUNCHER] flg=0x18000000 pkg=org.openthos.filemanager cmp=org.openthos.filemanager/.MainActivity (has extras)} from uid 10062
07-16 10:51:20.211  2257  3940 I ActivityManager: Start proc 5626:org.openthos.filemanager/u0a24 for activity org.openthos.filemanager/.MainActivity
07-16 10:51:20.331  5626  5644 I EGL-MAIN: found extension DRI_NoError version 1
07-16 10:51:20.331  5626  5644 I EGL-MAIN: found extension DRI2_Blob version 1
07-16 10:51:20.332  5626  5644 I org.openthos.filemanager: android::hardware::configstore::V1_0::ISurfaceFlingerConfigs::hasWideColorDisplay retrieved: 0
07-16 10:51:20.332  5626  5644 I OpenGLRenderer: Initialized EGL, version 1.4
07-16 10:51:20.332  5626  5644 D OpenGLRenderer: Swap behavior 2
07-16 10:51:20.332  5626  5644 E OpenGLRenderer: Device claims wide gamut support, cannot find matching config, error = EGL_SUCCESS
07-16 10:51:20.342  5626  5644 D vndksupport: Loading /vendor/lib64/hw/android.hardware.graphics.mapper@2.0-impl.so from current namespace instead of sphal namespace.
07-16 10:51:20.342  5626  5644 D vndksupport: Loading /vendor/lib64/hw/gralloc.drm.so from current namespace instead of sphal namespace.
07-16 10:51:20.374  2257  2280 I chatty  : uid=1000(system) android.display expire 8 lines
07-16 10:51:21.066  2146  2146 E SurfaceFlinger: [Sprite#0] rejecting buffer: bufWidth=38, bufHeight=38, front.active.{w=33, h=42}
07-16 10:51:21.600  2146  2146 E SurfaceFlinger: [Sprite#0] rejecting buffer: bufWidth=33, bufHeight=42, front.active.{w=38, h=38}
07-16 10:51:22.453  2474  2474 D ViewRootImpl[StatusBar]: updatePointerIcon called with position out of bounds
07-16 10:51:23.415  2474  2474 D ViewRootImpl[StatusBar]: updatePointerIcon called with position out of bounds
07-16 10:51:23.455  4599  5615 E WakeLock: release without a matched acquire!
07-16 10:51:23.521  2146  2146 D SurfaceFlinger: duplicate layer name: changing org.openthos.filemanager/org.openthos.filemanager.MainActivity to org.openthos.filemanager/org.openthos.filemanager.MainActivity#1
07-16 10:51:24.201  5397  5442 W ProxyAndroidLoggerBackend: Too many Flogger logs received before configuration. Dropping old logs.
07-16 10:51:24.204  5397  5442 I chatty  : uid=10027(com.android.vending) identical 4 lines
07-16 10:51:24.216  2257  3940 I ActivityManager: Killing 3924:com.google.android.gm/u0a63 (adj 906): empty #17
07-16 10:51:24.218  4617  4617 E lxx-ActivityThread: getServiceRunMode--pck=com.google.android.gms mode:0
07-16 10:51:24.473  2474  2474 D ViewRootImpl[StatusBar]: updatePointerIcon called with position out of bounds
07-16 10:51:24.729  2474  2474 D ViewRootImpl[StatusBar]: updatePointerIcon called with position out of bounds
07-16 10:51:24.735  5626  5626 I SystemSpaceFragment: computeScrollPosition: result pos: /storage/emulated/0 0 stack count:0
07-16 10:51:24.746  4617  4617 E lxx-ActivityThread: getServiceRunMode--pck=com.google.android.gms mode:0
07-16 10:51:24.747  4617  5656 I GCM-GMS : Registering GMS 745476177629
07-16 10:51:24.752  4599  4599 E lxx-ActivityThread: getServiceRunMode--pck=com.google.android.gms mode:0
07-16 10:51:24.759  4599  5605 E GCM     : Missing checkin config file
07-16 10:51:24.759  4599  5605 W GCM     : GCM FAILED TO INITIALIZE - missing checkin
07-16 10:51:24.760  4617  5656 W GCM-GMS : Failed to get registration: java.io.IOException: AUTHENTICATION_FAILED
07-16 10:51:24.761  4599  4599 E lxx-ActivityThread: getServiceRunMode--pck=com.google.android.gms mode:0
07-16 10:51:26.537  2146  2146 E SurfaceFlinger: [Sprite#0] rejecting buffer: bufWidth=38, bufHeight=38, front.active.{w=33, h=42}
07-16 10:51:27.200  2257  2268 E WindowManager: Unknown window type: 2039
07-16 10:51:27.200  2257  2268 I chatty  : uid=1000(system) Binder:2257_1 identical 1 line
07-16 10:51:27.200  2257  2268 E WindowManager: Unknown window type: 2039
07-16 10:51:27.201  2474  2474 V PanelBar: onTouch: no panel for touch at (20,33)
07-16 10:51:27.221  2257  3940 E WindowManager: Unknown window type: 2039
07-16 10:51:27.223  2257  3940 E WindowManager: Unknown window type: 2039
07-16 10:51:27.246  2257  2652 E WindowManager: Unknown window type: 2039
07-16 10:51:27.270  2257  2302 E WindowManager: Unknown window type: 2039
07-16 10:51:27.283  2257  2302 E WindowManager: Unknown window type: 2039
07-16 10:51:27.283  2257  2652 E WindowManager: Unknown window type: 2039
07-16 10:51:27.400  2257  2302 E WindowManager: Unknown window type: 2039
07-16 10:51:27.638  2146  2146 E SurfaceFlinger: [Sprite#0] rejecting buffer: bufWidth=38, bufHeight=38, front.active.{w=33, h=42}
07-16 10:51:30.329  2474  2474 D ViewRootImpl[OpenthosStatusBar]: updatePointerIcon called with position out of bounds
07-16 10:51:30.329  2474  2474 D ViewRootImpl[StatusBar]: updatePointerIcon called with position out of bounds
07-16 10:51:30.475  2257  2268 I ActivityManager: START u0 {act=android.intent.action.MAIN cat=[android.intent.category.LAUNCHER] flg=0x30000000 cmp=com.seafile.seadroid2.debug/com.seafile.seadroid2.ui.activity.SplashActivity} from uid 10033
07-16 10:51:30.476  2133  4323 I audio_hw_primary: choose pcmC0D0p for 0
07-16 10:51:30.479  2257  2268 E ActivityManager: applyOptionsLocked: Unknown animationType=0
07-16 10:51:30.482  5664  5664 I zygote  : Late-enabling -Xcheck:jni
07-16 10:51:30.482  2257  2302 E WindowManager: Unknown window type: 2039
07-16 10:51:30.483  2257  2302 E WindowManager: Unknown window type: 2039
07-16 10:51:30.487  5664  5664 W zygote  : Unexpected CPU variant for X86 using defaults: x86_64
07-16 10:51:30.490  2257  2268 I ActivityManager: Start proc 5664:com.seafile.seadroid2.debug/u0a74 for activity com.seafile.seadroid2.debug/com.seafile.seadroid2.ui.activity.SplashActivity
07-16 10:51:30.490  2257  2268 E WindowManager: Unknown window type: 2039
07-16 10:51:30.492  2257  2268 E WindowManager: Unknown window type: 2039
07-16 10:51:30.494  2474  2474 I StatusBar: taskId 11 keep true cmpComponentInfo{com.seafile.seadroid2.debug/com.seafile.seadroid2.ui.activity.SplashActivity}
07-16 10:51:30.495  2257  2652 E WindowManager: Unknown window type: 2039
07-16 10:51:30.498  2146  2146 I surfaceflinger: type=1400 audit(0.0:1115): avc: denied { map } for path=2F69393135202864656C6574656429 dev="tmpfs" ino=69640 scontext=u:r:surfaceflinger:s0 tcontext=u:object_r:surfaceflinger_tmpfs:s0 tclass=file permissive=1
07-16 10:51:30.499  2257  2652 E WindowManager: Unknown window type: 2039
07-16 10:51:30.499  5664  5664 E lxx-ActivityThread: getServiceRunMode--pck=com.seafile.seadroid2.debug mode:0
07-16 10:51:30.503  2257  2302 E WindowManager: Unknown window type: 2039
07-16 10:51:30.504  2257  2302 E WindowManager: Unknown window type: 2039
07-16 10:51:30.509  5664  5664 E lxx-LoadedApk: makeApplication--pck=com.seafile.seadroid2.debug mode=0
07-16 10:51:30.516  2257  2652 E WindowManager: Unknown window type: 2039
07-16 10:51:30.599  5664  5669 I zygote  : Do partial code cache collection, code=29KB, data=20KB
07-16 10:51:30.599  5664  5669 I zygote  : After code cache collection, code=29KB, data=20KB
07-16 10:51:30.599  5664  5669 I zygote  : Increasing code cache capacity to 128KB
07-16 10:51:30.616  2257  2302 E WindowManager: Unknown window type: 2039
07-16 10:51:30.618  2257  2268 D VoldConnector: SND -> {35 volume mkdirs /storage/emulated/0/Android/media/com.seafile.seadroid2.debug/}
07-16 10:51:30.618  2257  2317 D VoldConnector: RCV <- {200 35 Command succeeded}
07-16 10:51:30.619  2257  2268 D VoldConnector: SND -> {36 volume mkdirs /storage/emulated/0/Android/data/com.seafile.seadroid2.debug/cache/}
07-16 10:51:30.619  2257  2317 D VoldConnector: RCV <- {200 36 Command succeeded}
07-16 10:51:30.623  5664  5669 I zygote  : Do partial code cache collection, code=60KB, data=38KB
07-16 10:51:30.623  5664  5669 I zygote  : After code cache collection, code=60KB, data=38KB
07-16 10:51:30.623  5664  5669 I zygote  : Increasing code cache capacity to 256KB
07-16 10:51:30.624  5664  5664 I StorageManager: First start of Seadroid, auto-setting storage directory to -1
07-16 10:51:30.628  5664  5664 W ImageLoader: diskCache() and diskCacheFileNameGenerator() calls overlap each other
07-16 10:51:30.628  5664  5664 W ImageLoader: diskCache(), diskCacheSize() and diskCacheFileCount calls overlap each other
07-16 10:51:30.629  5664  5664 D ImageLoader: Initialize ImageLoader with configuration
07-16 10:51:30.709  5664  5664 I seadroid2.debug: type=1400 audit(0.0:1116): avc: denied { map } for path="/dev/event-log-tags" dev="tmpfs" ino=470 scontext=u:r:untrusted_app:s0:c512,c768 tcontext=u:object_r:runtime_event_log_tags_file:s0 tclass=file permissive=1
07-16 10:51:30.710  5664  5664 D DefaultAppLock: onActivityResumed
07-16 10:51:30.714  5664  5684 D OpenGLRenderer: HWUI GL Pipeline
07-16 10:51:30.725  5664  5664 I RenderThread: type=1400 audit(0.0:1117): avc: denied { read } for name="drm" dev="sysfs" ino=19682 scontext=u:r:untrusted_app:s0:c512,c768 tcontext=u:object_r:sysfs:s0 tclass=dir permissive=1
07-16 10:51:30.725  5664  5664 I RenderThread: type=1400 audit(0.0:1118): avc: denied { open } for path="/sys/devices/pci0000:00/0000:00:02.0/drm" dev="sysfs" ino=19682 scontext=u:r:untrusted_app:s0:c512,c768 tcontext=u:object_r:sysfs:s0 tclass=dir permissive=1
07-16 10:51:30.725  5664  5664 I RenderThread: type=1400 audit(0.0:1119): avc: denied { read write } for name="card0" dev="tmpfs" ino=7986 scontext=u:r:untrusted_app:s0:c512,c768 tcontext=u:object_r:device:s0 tclass=chr_file permissive=1
07-16 10:51:30.725  5664  5664 I RenderThread: type=1400 audit(0.0:1120): avc: denied { open } for path="/dev/dri/card0" dev="tmpfs" ino=7986 scontext=u:r:untrusted_app:s0:c512,c768 tcontext=u:object_r:device:s0 tclass=chr_file permissive=1
07-16 10:51:30.725  5664  5664 I RenderThread: type=1400 audit(0.0:1121): avc: denied { ioctl } for path="/dev/dri/card0" dev="tmpfs" ino=7986 ioctlcmd=0x6400 scontext=u:r:untrusted_app:s0:c512,c768 tcontext=u:object_r:device:s0 tclass=chr_file permissive=1
07-16 10:51:30.725  5664  5664 I RenderThread: type=1400 audit(0.0:1122): avc: denied { getattr } for path="/dev/dri/card0" dev="tmpfs" ino=7986 scontext=u:r:untrusted_app:s0:c512,c768 tcontext=u:object_r:device:s0 tclass=chr_file permissive=1
07-16 10:51:30.725  5664  5664 I RenderThread: type=1400 audit(0.0:1123): avc: denied { read } for name="dri" dev="tmpfs" ino=384 scontext=u:r:untrusted_app:s0:c512,c768 tcontext=u:object_r:device:s0 tclass=dir permissive=1
07-16 10:51:30.725  5664  5664 I RenderThread: type=1400 audit(0.0:1124): avc: denied { open } for path="/dev/dri" dev="tmpfs" ino=384 scontext=u:r:untrusted_app:s0:c512,c768 tcontext=u:object_r:device:s0 tclass=dir permissive=1
07-16 10:51:30.725  5664  5664 I RenderThread: type=1400 audit(0.0:1125): avc: denied { read } for name="uevent" dev="sysfs" ino=6554 scontext=u:r:untrusted_app:s0:c512,c768 tcontext=u:object_r:sysfs:s0 tclass=file permissive=1
07-16 10:51:30.725  5664  5664 I RenderThread: type=1400 audit(0.0:1126): avc: denied { open } for path="/sys/devices/pci0000:00/0000:00:02.0/uevent" dev="sysfs" ino=6554 scontext=u:r:untrusted_app:s0:c512,c768 tcontext=u:object_r:sysfs:s0 tclass=file permissive=1
07-16 10:51:30.725  5664  5664 I RenderThread: type=1400 audit(0.0:1127): avc: denied { getattr } for path="/sys/devices/pci0000:00/0000:00:02.0/uevent" dev="sysfs" ino=6554 scontext=u:r:untrusted_app:s0:c512,c768 tcontext=u:object_r:sysfs:s0 tclass=file permissive=1
07-16 10:51:30.725  5664  5684 D vndksupport: Loading /vendor/lib/hw/gralloc.drm.so from current namespace instead of sphal namespace.
07-16 10:51:30.726  5664  5684 I GRALLOC-DRM: create intel for driver i915
07-16 10:51:30.733  5664  5684 I EGL-MAIN: found extension DRI_Core version 2
07-16 10:51:30.733  5664  5684 I EGL-MAIN: found extension DRI_DRI2 version 4
07-16 10:51:30.743  5664  5684 I EGL-MAIN: found extension DRI_TexBuffer version 3
07-16 10:51:30.743  5664  5684 I EGL-MAIN: found extension DRI2_Flush version 4
07-16 10:51:30.743  5664  5684 I EGL-MAIN: found extension DRI_IMAGE version 16
07-16 10:51:30.743  5664  5684 I EGL-MAIN: found extension DRI2_Fence version 2
07-16 10:51:30.743  5664  5684 I EGL-MAIN: found extension DRI_IMAGE version 16
07-16 10:51:30.743  5664  5684 I EGL-MAIN: found extension DRI_RENDERER_QUERY version 1
07-16 10:51:30.743  5664  5684 I EGL-MAIN: found extension DRI_MutableRenderBufferDriver version 1
07-16 10:51:30.743  5664  5684 I EGL-MAIN: found extension DRI_CONFIG_QUERY version 1
07-16 10:51:30.743  5664  5684 I EGL-MAIN: found extension DRI_Robustness version 1
07-16 10:51:30.743  5664  5684 I EGL-MAIN: found extension DRI_NoError version 1
07-16 10:51:30.743  5664  5684 I EGL-MAIN: found extension DRI2_Blob version 1
07-16 10:51:30.744  5664  5684 I com.seafile.seadroid2.debug: android::hardware::configstore::V1_0::ISurfaceFlingerConfigs::hasWideColorDisplay retrieved: 0
07-16 10:51:30.744  5664  5684 I OpenGLRenderer: Initialized EGL, version 1.4
07-16 10:51:30.744  5664  5684 D OpenGLRenderer: Swap behavior 2
07-16 10:51:30.744  5664  5684 E OpenGLRenderer: Device claims wide gamut support, cannot find matching config, error = EGL_SUCCESS
07-16 10:51:30.751  5664  5664 I RenderThread: type=1400 audit(0.0:1128): avc: denied { map } for path=2F69393135202864656C6574656429 dev="tmpfs" ino=65187 scontext=u:r:untrusted_app:s0:c512,c768 tcontext=u:object_r:untrusted_app_tmpfs:s0:c512,c768 tclass=file permissive=1
07-16 10:51:30.751  5664  5664 I RenderThread: type=1400 audit(0.0:1129): avc: denied { ioctl } for path="/dev/dri/card0" dev="tmpfs" ino=7986 ioctlcmd=0x645b scontext=u:r:untrusted_app:s0:c512,c768 tcontext=u:object_r:device:s0 tclass=chr_file permissive=1
07-16 10:51:30.807  5664  5684 D vndksupport: Loading /vendor/lib/hw/android.hardware.graphics.mapper@2.0-impl.so from current namespace instead of sphal namespace.
07-16 10:51:30.807  5664  5684 D vndksupport: Loading /vendor/lib/hw/gralloc.drm.so from current namespace instead of sphal namespace.
07-16 10:51:31.233  4599  4599 E ctxmgr  : [BaseServerTask]Server task (GetConfigTask) got error statusCode=-1.
07-16 10:51:31.233  4599  4599 E ctxmgr  : com.android.volley.TimeoutError
07-16 10:51:31.233  4599  4599 E ctxmgr  : 	at com.android.volley.toolbox.BasicNetwork.performRequest(:com.google.android.gms@12688056@12.6.88 (090800-197970725):33)
07-16 10:51:31.233  4599  4599 E ctxmgr  : 	at ono.performRequest(:com.google.android.gms@12688056@12.6.88 (090800-197970725):17)
07-16 10:51:31.233  4599  4599 E ctxmgr  : 	at com.android.volley.NetworkDispatcher.a(:com.google.android.gms@12688056@12.6.88 (090800-197970725):7)
07-16 10:51:31.233  4599  4599 E ctxmgr  : 	at com.android.volley.NetworkDispatcher.run(:com.google.android.gms@12688056@12.6.88 (090800-197970725):2)
07-16 10:51:31.235  4599  5605 E ctxmgr  : [DailyCheckinOperation]Failed daily get config: network status=-1
07-16 10:51:31.236  4599  4599 E lxx-ActivityThread: getServiceRunMode--pck=com.google.android.gms mode:0
07-16 10:51:31.711  2257  2652 I ActivityManager: START u0 {cmp=com.seafile.seadroid2.debug/com.seafile.seadroid2.ui.activity.BrowserActivity} from uid 10074
07-16 10:51:31.713  2474  2474 I StatusBar: taskId 11 keep true cmpComponentInfo{com.seafile.seadroid2.debug/com.seafile.seadroid2.ui.activity.SplashActivity}
07-16 10:51:31.767  5664  5664 V openthos_cloud1: this port runing
07-16 10:51:31.771  5664  5669 I zygote  : Do full code cache collection, code=72KB, data=70KB
07-16 10:51:31.771  5664  5669 I zygote  : After code cache collection, code=38KB, data=32KB
07-16 10:51:31.773  5664  5664 I AppCompatViewInflater: app:theme is now deprecated. Please move to using android:theme instead.
07-16 10:51:31.780  2257  3940 I ActivityManager: START u0 {flg=0x14000000 cmp=com.seafile.seadroid2.debug/com.seafile.seadroid2.ui.activity.AccountsActivity} from uid 10074
07-16 10:51:31.782  5664  5664 D DefaultAppLock: onActivityPaused
07-16 10:51:31.784  5664  5664 E lxx-ActivityThread: getServiceRunMode--pck=com.seafile.seadroid2.debug mode:0
07-16 10:51:31.786  2257  2272 V ActivityManager: Attempted to start a foreground service (ComponentInfo{com.seafile.seadroid2.debug/com.seafile.seadroid2.cameraupload.MediaObserverService}) with a broken notification (no icon: Notification(channel=null pri=0 contentView=null vibrate=null sound=null defaults=0x0 flags=0x40 color=0x00000000 vis=PRIVATE))
07-16 10:51:31.787  2474  2474 I StatusBar: taskId 12 keep true cmpComponentInfo{com.seafile.seadroid2.debug/com.seafile.seadroid2.ui.activity.AccountsActivity}
07-16 10:51:31.816  2257  4382 I chatty  : uid=1000(system) RenderThread expire 19 lines
07-16 10:51:31.822  5664  5664 D AccountsActivity: AccountsActivity.onCreate is called
07-16 10:51:31.836  5664  5664 V openthos_cloud1: this port runing
07-16 10:51:31.837  5664  5664 I AppCompatViewInflater: app:theme is now deprecated. Please move to using android:theme instead.
07-16 10:51:31.865  5664  5664 D AccountsActivity: onStart
07-16 10:51:31.866  5664  5664 D AccountsActivity: onResume
07-16 10:51:31.866  5664  5664 D DefaultAppLock: onActivityResumed
07-16 10:51:31.867  5664  5664 D AccountsActivity: refreshView
07-16 10:51:31.887  5664  5664 E lxx-ActivityThread: getServiceRunMode--pck=com.seafile.seadroid2.debug mode:0
07-16 10:51:31.888  5664  5664 D FileMonitorService: onCreate
07-16 10:51:31.891  5664  5664 D FileMonitorService: onBind
07-16 10:51:31.943  5664  5664 E lxx-ActivityThread: getServiceRunMode--pck=com.seafile.seadroid2.debug mode:0
07-16 10:51:31.967  5664  5694 D MonitorDBHelper: loaded 0 auto update info
07-16 10:51:31.968  5664  5694 V AutoUpdateManager: check auto upload tasks, 0 in queue
07-16 10:51:32.205  5664  5664 D BrowserActivity: onDestroy is called
07-16 10:51:32.207  2474  2474 I StatusBar: taskId 11 keep false cmpComponentInfo{com.seafile.seadroid2.debug/com.seafile.seadroid2.ui.activity.SplashActivity}
07-16 10:51:32.494  5664  5664 D ViewRootImpl[AccountsActivity]: updatePointerIcon called with position out of bounds
07-16 10:51:32.501  5664  5664 D ViewRootImpl[AccountsActivity]: updatePointerIcon called with position out of bounds
07-16 10:51:32.515  2146  2146 E SurfaceFlinger: [Sprite#0] rejecting buffer: bufWidth=38, bufHeight=38, front.active.{w=33, h=42}
07-16 10:51:33.260  2474  2474 D ViewRootImpl[StatusBar]: updatePointerIcon called with position out of bounds
07-16 10:51:33.282  2146  2146 E SurfaceFlinger: [Sprite#0] rejecting buffer: bufWidth=33, bufHeight=42, front.active.{w=38, h=38}
07-16 10:51:33.417  5664  5664 E lxx-ActivityThread: getServiceRunMode--pck=com.seafile.seadroid2.debug mode:0
07-16 10:51:33.418  5664  5664 D SeafileAuthenticator: SeafileAuthenticator created.
07-16 10:51:33.432  5664  5685 D SeafileAuthenticator: addAccount of type com.seafile.seadroid2.debug.account.api2
07-16 10:51:33.434  2257  2268 I ActivityManager: START u0 {cmp=com.seafile.seadroid2.debug/com.seafile.seadroid2.account.ui.SeafileAuthenticatorActivity (has extras)} from uid 10074
07-16 10:51:33.437  2474  2474 I StatusBar: taskId 12 keep true cmpComponentInfo{com.seafile.seadroid2.debug/com.seafile.seadroid2.ui.activity.AccountsActivity}
07-16 10:51:33.465  5664  5664 D SeafileAuthenticatorActivity: onCreate
07-16 10:51:33.507  5664  5664 V openthos_cloud1: this port runing
07-16 10:51:33.507  5664  5664 I AppCompatViewInflater: app:theme is now deprecated. Please move to using android:theme instead.
07-16 10:51:33.514  5664  5664 D DefaultAppLock: onActivityResumed
07-16 10:51:33.517  5664  5664 D DefaultAppLock: onActivityPaused
07-16 10:51:33.522  5664  5664 D AccountsActivity: onStop
07-16 10:51:33.522  5664  5669 I zygote  : Do partial code cache collection, code=81KB, data=98KB
07-16 10:51:33.522  5664  5669 I zygote  : After code cache collection, code=81KB, data=98KB
07-16 10:51:33.522  5664  5669 I zygote  : Increasing code cache capacity to 512KB
07-16 10:51:33.522  5664  5669 I zygote  : JIT allocated 71KB for compiled code of void android.widget.TextView.<init>(android.content.Context, android.util.AttributeSet, int, int)
07-16 10:51:33.522  5664  5669 I zygote  : Compiler allocated 4MB to compile void android.widget.TextView.<init>(android.content.Context, android.util.AttributeSet, int, int)
07-16 10:51:33.539  5664  5684 D OpenGLRenderer: endAllActiveAnimators on 0xcfa69980 (RippleDrawable) with handle 0xce545420
07-16 10:51:33.555  5664  5664 W ViewRootImpl[AccountsActivity]: Cancelling event due to no window focus: MotionEvent { action=ACTION_CANCEL, actionButton=0, id[0]=0, x[0]=208.24103, y[0]=401.86102, toolType[0]=TOOL_TYPE_MOUSE, buttonState=0, metaState=0, flags=0x0, edgeFlags=0x0, pointerCount=1, historySize=0, eventTime=445684, downTime=445394, deviceId=6, source=0x2002 }
07-16 10:51:33.555  5664  5664 I chatty  : uid=10074(com.seafile.seadroid2.debug) identical 2 lines
07-16 10:51:33.555  5664  5664 W ViewRootImpl[AccountsActivity]: Cancelling event due to no window focus: MotionEvent { action=ACTION_CANCEL, actionButton=0, id[0]=0, x[0]=208.24103, y[0]=401.86102, toolType[0]=TOOL_TYPE_MOUSE, buttonState=0, metaState=0, flags=0x0, edgeFlags=0x0, pointerCount=1, historySize=0, eventTime=445684, downTime=445394, deviceId=6, source=0x2002 }
07-16 10:51:33.791  2257  2257 W WindowManager: removeWindowToken: Attempted to remove non-existing token: android.os.Binder@9e86075
07-16 10:51:34.970  5664  5694 V AutoUpdateManager: check auto upload tasks, 0 in queue
07-16 10:51:35.503  2474  2474 D ViewRootImpl[StatusBar]: updatePointerIcon called with position out of bounds
07-16 10:51:35.670  2257  2268 I ActivityManager: START u0 {cmp=com.seafile.seadroid2.debug/com.seafile.seadroid2.account.ui.AccountDetailActivity (has extras)} from uid 10074
07-16 10:51:35.672  2474  2474 I StatusBar: taskId 12 keep true cmpComponentInfo{com.seafile.seadroid2.debug/com.seafile.seadroid2.ui.activity.AccountsActivity}
07-16 10:51:35.698  5664  5664 V openthos_cloud1: this port runing
07-16 10:51:35.699  5664  5664 I AppCompatViewInflater: app:theme is now deprecated. Please move to using android:theme instead.
07-16 10:51:35.712  5664  5669 I zygote  : Do full code cache collection, code=246KB, data=176KB
07-16 10:51:35.712  5664  5669 I zygote  : After code cache collection, code=224KB, data=136KB
07-16 10:51:35.729  5664  5664 I TextInputLayout: EditText added is not a TextInputEditText. Please switch to using that class instead.
07-16 10:51:35.742  5664  5664 I chatty  : uid=10074(com.seafile.seadroid2.debug) identical 32 lines
07-16 10:51:35.749  5664  5669 I chatty  : uid=10074(com.seafile.seadroid2.debug) Jit thread pool expire 9 lines
07-16 10:51:35.761  5664  5664 W ViewRootImpl[SeafileAuthenticatorActivity]: Dropping event due to no window focus: MotionEvent { action=ACTION_HOVER_MOVE, actionButton=0, id[0]=0, x[0]=215.86053, y[0]=282.563, toolType[0]=TOOL_TYPE_MOUSE, buttonState=0, metaState=0, flags=0x0, edgeFlags=0x0, pointerCount=1, historySize=4, eventTime=447878, downTime=447638, deviceId=6, source=0x2002 }
07-16 10:51:35.762  5664  5684 I chatty  : uid=10074(com.seafile.seadroid2.debug) RenderThread expire 2 lines
07-16 10:51:35.788  5664  5664 W ViewRootImpl[SeafileAuthenticatorActivity]: Dropping event due to no window focus: MotionEvent { action=ACTION_HOVER_MOVE, actionButton=0, id[0]=0, x[0]=221.88611, y[0]=283.563, toolType[0]=TOOL_TYPE_MOUSE, buttonState=0, metaState=0, flags=0x0, edgeFlags=0x0, pointerCount=1, historySize=1, eventTime=447894, downTime=447638, deviceId=6, source=0x2002 }
07-16 10:51:35.789  5664  5664 W ViewRootImpl[SeafileAuthenticatorActivity]: Cancelling event due to no window focus: MotionEvent { action=ACTION_CANCEL, actionButton=0, id[0]=0, x[0]=225.88611, y[0]=286.563, toolType[0]=TOOL_TYPE_MOUSE, buttonState=0, metaState=0, flags=0x0, edgeFlags=0x0, pointerCount=1, historySize=0, eventTime=447898, downTime=447638, deviceId=6, source=0x2002 }
07-16 10:51:35.789  5664  5664 I chatty  : uid=10074(com.seafile.seadroid2.debug) identical 2 lines
07-16 10:51:35.789  5664  5664 W ViewRootImpl[SeafileAuthenticatorActivity]: Cancelling event due to no window focus: MotionEvent { action=ACTION_CANCEL, actionButton=0, id[0]=0, x[0]=225.88611, y[0]=286.563, toolType[0]=TOOL_TYPE_MOUSE, buttonState=0, metaState=0, flags=0x0, edgeFlags=0x0, pointerCount=1, historySize=0, eventTime=447898, downTime=447638, deviceId=6, source=0x2002 }
07-16 10:51:35.811  3579  3579 I LatinIME: Starting input. Cursor position = 0,0
07-16 10:51:35.848  3579  3579 I RenderThread: type=1400 audit(0.0:1139): avc: denied { ioctl } for path="/dev/dri/card0" dev="tmpfs" ino=7986 ioctlcmd=0x6469 scontext=u:r:untrusted_app_25:s0:c512,c768 tcontext=u:object_r:device:s0 tclass=chr_file permissive=1
07-16 10:51:35.862  3579  3579 I RenderThread: type=1400 audit(0.0:1140): avc: denied { map } for path=2F69393135202864656C6574656429 dev="tmpfs" ino=68818 scontext=u:r:untrusted_app_25:s0:c512,c768 tcontext=u:object_r:untrusted_app_25_tmpfs:s0:c512,c768 tclass=file permissive=1
07-16 10:51:36.066  2146  2146 W SurfaceFlinger: couldn't log to binary event log: overflow.
07-16 10:51:37.972  5664  5694 I chatty  : uid=10074(com.seafile.seadroid2.debug) expire 10 lines
07-16 10:51:41.790  4599  4599 E lxx-ActivityThread: getServiceRunMode--pck=com.google.android.gms mode:0
07-16 10:51:44.328  5397  5443 W ProxyAndroidLoggerBackend: Too many Flogger logs received before configuration. Dropping old logs.
07-16 10:51:44.328  5397  5443 I Finsky  : [269] com.google.android.finsky.ct.a.a.a.b(111): Already at the latest configurations for experiment package com.google.android.finsky.regular.
07-16 10:51:44.328  5397  5440 W zygote64: Long monitor contention with owner AsyncTask #2 (5442) at int com.google.android.finsky.ct.a.a.a.b()(SourceFile:89) waiters=2 in int com.google.android.finsky.ct.a.a.a.b() for 60.309s
07-16 10:51:44.328  5397  5440 I Finsky  : [266] com.google.android.finsky.ct.a.a.a.b(90): Triggered update for experiment package com.google.android.finsky.stable.
07-16 10:51:44.334  5397  5440 W ProxyAndroidLoggerBackend: Too many Flogger logs received before configuration. Dropping old logs.
07-16 10:51:44.335  5397  5440 E Finsky  : [266] com.google.android.finsky.ac.d.a(1598): Unexpected android-id = 0
07-16 10:51:44.340  4617  4617 E lxx-ActivityThread: getServiceRunMode--pck=com.google.android.gms mode:0
07-16 10:51:44.343  5397  5440 E Finsky  : [266] com.google.android.finsky.deviceconfig.k.a(9): Unable to fetch checkin consistency token: empty token
07-16 10:51:44.350  5397  5440 W ProxyAndroidLoggerBackend: Too many Flogger logs received before configuration. Dropping old logs.
07-16 10:51:44.355  5397  5440 W ProxyAndroidLoggerBackend: Too many Flogger logs received before configuration. Dropping old logs.
07-16 10:51:52.816  2146  2146 E SurfaceFlinger: [Sprite#0] rejecting buffer: bufWidth=33, bufHeight=42, front.active.{w=38, h=38}
07-16 10:51:53.271  2474  2474 D ViewRootImpl[StatusBar]: updatePointerIcon called with position out of bounds
07-16 10:51:53.424  3579  3579 I LatinIME: Starting input. Cursor position = 0,0
07-16 10:51:56.400  4599  4599 E lxx-ActivityThread: getServiceRunMode--pck=com.google.android.gms mode:0
07-16 10:52:04.381  5397  5440 W ProxyAndroidLoggerBackend: Too many Flogger logs received before configuration. Dropping old logs.
07-16 10:52:04.384  5397  5440 W ProxyAndroidLoggerBackend: Too many Flogger logs received before configuration. Dropping old logs.
07-16 10:52:04.384  5397  5440 I Finsky  : [266] com.google.android.finsky.ct.a.a.a.b(111): Already at the latest configurations for experiment package com.google.android.finsky.stable.
07-16 10:52:04.385  5397  5445 I Finsky  : [271] com.google.android.finsky.ct.a.a.a.b(90): Triggered update for experiment package com.google.android.finsky.stable.
07-16 10:52:04.390  5397  5445 W ProxyAndroidLoggerBackend: Too many Flogger logs received before configuration. Dropping old logs.
07-16 10:52:04.391  5397  5445 E Finsky  : [271] com.google.android.finsky.ac.d.a(1598): Unexpected android-id = 0
07-16 10:52:04.396  4617  4617 E lxx-ActivityThread: getServiceRunMode--pck=com.google.android.gms mode:0
07-16 10:52:04.399  5397  5445 E Finsky  : [271] com.google.android.finsky.deviceconfig.k.a(9): Unable to fetch checkin consistency token: empty token
07-16 10:52:04.403  5397  5445 W ProxyAndroidLoggerBackend: Too many Flogger logs received before configuration. Dropping old logs.
07-16 10:52:04.407  5397  5445 W ProxyAndroidLoggerBackend: Too many Flogger logs received before configuration. Dropping old logs.
07-16 10:52:04.917  2146  2146 E SurfaceFlinger: [Sprite#0] rejecting buffer: bufWidth=33, bufHeight=42, front.active.{w=38, h=38}
07-16 10:52:06.151  2474  2474 D ViewRootImpl[StatusBar]: updatePointerIcon called with position out of bounds
07-16 10:52:06.287  2133  4323 I audio_hw_primary: choose pcmC0D0p for 0
07-16 10:52:06.311  5664  5708 I chatty  : uid=10074(com.seafile.seadroid2.debug) SeadroidAsyncTa expire 1 line
07-16 10:52:06.312  2146  2146 D SurfaceFlinger: duplicate layer name: changing com.seafile.seadroid2.debug/com.seafile.seadroid2.account.ui.AccountDetailActivity to com.seafile.seadroid2.debug/com.seafile.seadroid2.account.ui.AccountDetailActivity#1
07-16 10:52:06.424  5664  5664 D ViewRootImpl[AccountDetailActivity]: updatePointerIcon called with position out of bounds
07-16 10:52:06.432  5664  5664 I chatty  : uid=10074(com.seafile.seadroid2.debug) identical 1 line
07-16 10:52:06.449  5664  5664 D ViewRootImpl[AccountDetailActivity]: updatePointerIcon called with position out of bounds
07-16 10:52:06.485  2474  2474 I StatusBar: taskId 12 keep true cmpComponentInfo{com.seafile.seadroid2.debug/com.seafile.seadroid2.ui.activity.AccountsActivity}
07-16 10:52:06.510  2145  2145 I lmkd    : type=1400 audit(0.0:1141): avc: denied { dac_read_search } for capability=2 scontext=u:r:lmkd:s0 tcontext=u:r:lmkd:s0 tclass=capability permissive=1
07-16 10:52:06.515  4617  4617 E lxx-ActivityThread: getServiceRunMode--pck=com.google.android.gms mode:0
07-16 10:52:06.515  4617  4685 I Icing   : updateResources: need to parse wzf{com.google.android.gms}
07-16 10:52:06.533  5716  5716 I main    : type=1400 audit(0.0:1142): avc: denied { mounton } for path="/storage" dev="tmpfs" ino=8457 scontext=u:r:zygote:s0 tcontext=u:object_r:tmpfs:s0 tclass=dir permissive=1
07-16 10:52:06.533  5716  5716 I main    : type=1400 audit(0.0:1143): avc: denied { dac_read_search } for capability=2 scontext=u:r:zygote:s0 tcontext=u:r:zygote:s0 tclass=capability permissive=1
07-16 10:52:06.534  5716  5716 I main    : type=1400 audit(0.0:1144): avc: denied { create } for name="cgroup.procs" scontext=u:r:zygote:s0 tcontext=u:object_r:cgroup:s0 tclass=file permissive=1
07-16 10:52:06.537  5716  5716 W zygote64: Unexpected CPU variant for X86 using defaults: x86_64
07-16 10:52:06.540  2257  2652 I ActivityManager: Start proc 5716:com.google.android.gm/u0a63 for broadcast com.google.android.gm/.AccountsChangedReceiver
07-16 10:52:06.552  5716  5716 E lxx-ActivityThread: getServiceRunMode--pck=com.google.android.gm mode:0
07-16 10:52:06.556  5716  5716 I zygote64: The ClassLoaderContext is a special shared library.
07-16 10:52:06.559  5397  5397 I Finsky  : [2] com.google.android.finsky.scheduler.ba.a(51): Jobs in database: 12-1 
07-16 10:52:06.561  5397  5397 I Finsky  : [2] com.google.android.finsky.scheduler.h.a(309): ConstraintMapping: 12-1,  -> L: 14969ms, D: 86399969ms, C: false, I: false, N: 1
07-16 10:52:06.561  5397  5397 I Finsky  : [2] com.google.android.finsky.scheduler.JobSchedulerEngine.a(155): Scheduling job Id: 9000, L: 14969, D: 86399969, C: false, I: false, N: 1
07-16 10:52:06.562  5716  5716 E lxx-LoadedApk: makeApplication--pck=com.google.android.gm mode=0
07-16 10:52:06.571  5716  5716 W EasBundling: in EasBundling.init, isBundlingEnabled=true
07-16 10:52:06.577  5716  5734 D ActivityThread: Loading provider com.google.android.gmail.provider;com.android.mail.notifier;com.google.android.gm.email.provider;com.google.android.gm.tasks.provider;com.google.android.gm.email.notifier: com.android.email.provider.EmailProvider
07-16 10:52:06.582  2257  3338 I ActivityManager: START u0 {cmp=com.seafile.seadroid2.debug/com.seafile.seadroid2.ui.activity.BrowserActivity} from uid 10074
07-16 10:52:06.582  2257  3338 W ActivityManager: startActivity called from finishing ActivityRecord{3cedb7c u0 com.seafile.seadroid2.debug/com.seafile.seadroid2.ui.activity.AccountsActivity t12 f}; forcing Intent.FLAG_ACTIVITY_NEW_TASK for: Intent { cmp=com.seafile.seadroid2.debug/com.seafile.seadroid2.ui.activity.BrowserActivity }
07-16 10:52:06.583  2474  2474 I StatusBar: taskId 13 keep true cmpComponentInfo{com.seafile.seadroid2.debug/com.seafile.seadroid2.ui.activity.AccountsActivity}
07-16 10:52:06.586  2257  2652 W ActivityManager: Finishing task with all activities already finished
07-16 10:52:06.586  2257  2652 W ActivityManager: Duplicate finish request for ActivityRecord{3cedb7c u0 com.seafile.seadroid2.debug/com.seafile.seadroid2.ui.activity.AccountsActivity t12 f}
07-16 10:52:06.588  2257  2652 I ActivityManager: START u0 {cmp=com.seafile.seadroid2.debug/com.seafile.seadroid2.ui.activity.BrowserActivity} from uid 10074
07-16 10:52:06.588  2257  2652 W ActivityManager: startActivity called from finishing ActivityRecord{3cedb7c u0 com.seafile.seadroid2.debug/com.seafile.seadroid2.ui.activity.AccountsActivity t12 f}; forcing Intent.FLAG_ACTIVITY_NEW_TASK for: Intent { cmp=com.seafile.seadroid2.debug/com.seafile.seadroid2.ui.activity.BrowserActivity }
07-16 10:52:06.597  5716  5716 W GAV2    : Thread[main,5,main]: Need to call initialize() and be in fallback mode to start dispatch.
07-16 10:52:06.600  4599  4599 E lxx-ActivityThread: getServiceRunMode--pck=com.google.android.gms mode:0
07-16 10:52:06.615  2257  2652 W ActivityManager: Unable to start service Intent { cmp=com.google.android.gm/com.android.email.service.AttachmentService } U=0: not found
07-16 10:52:06.633  2257  3338 I ActivityManager: START u0 {act=android.content.pm.action.REQUEST_PERMISSIONS pkg=com.google.android.packageinstaller cmp=com.google.android.packageinstaller/com.android.packageinstaller.permission.ui.GrantPermissionsActivity (has extras)} from uid 10074
07-16 10:52:06.646  5748  5748 W zygote64: Unexpected CPU variant for X86 using defaults: x86_64
07-16 10:52:06.652  2257  3338 I ActivityManager: Start proc 5748:com.google.android.packageinstaller/u0a19 for activity com.google.android.packageinstaller/com.android.packageinstaller.permission.ui.GrantPermissionsActivity
07-16 10:52:06.657  2474  2474 I StatusBar: taskId 13 keep true cmpComponentInfo{com.seafile.seadroid2.debug/com.seafile.seadroid2.ui.activity.AccountsActivity}
07-16 10:52:06.660  5716  5716 E lxx-ActivityThread: getServiceRunMode--pck=com.google.android.gm mode:0
07-16 10:52:06.660  5748  5748 E lxx-ActivityThread: getServiceRunMode--pck=com.google.android.packageinstaller mode:0
07-16 10:52:06.660  5716  5716 E lxx-ActivityThread: getServiceRunMode--pck=com.google.android.gm mode:0
07-16 10:52:06.661  2257  3940 W ActivityManager: Unable to start service Intent { cmp=com.google.android.gm.exchange/com.android.exchange.service.EasService } U=0: not found
07-16 10:52:06.661  5748  5748 I zygote64: The ClassLoaderContext is a special shared library.
07-16 10:52:06.662  5748  5748 E lxx-LoadedApk: makeApplication--pck=com.google.android.packageinstaller mode=0
07-16 10:52:06.665  5716  5716 E lxx-ActivityThread: getServiceRunMode--pck=com.google.android.gm mode:0
07-16 10:52:06.668  4599  4599 E lxx-ActivityThread: getServiceRunMode--pck=com.google.android.gms mode:0
07-16 10:52:06.676  4599  5772 W WakefulBroadcastReceiv.: No active wake lock id #1
07-16 10:52:06.676  4617  4617 E lxx-ActivityThread: getServiceRunMode--pck=com.google.android.gms mode:0
07-16 10:52:06.683  5748  5774 D OpenGLRenderer: HWUI GL Pipeline
07-16 10:52:06.684  2146  2146 I surfaceflinger: type=1400 audit(0.0:1147): avc: denied { ioctl } for path="/dev/dri/card0" dev="tmpfs" ino=7986 ioctlcmd=0x6469 scontext=u:r:surfaceflinger:s0 tcontext=u:object_r:device:s0 tclass=chr_file permissive=1
07-16 10:52:06.688  4617  4617 E ChimeraProxyRslvr: Chimera config error: com.google.android.chimera.config.InvalidConfigException: No registered Chimera impl for ComponentInfo{com.google.android.gms/com.google.android.gms.mdm.receivers.AccountsChangedReceiver}
07-16 10:52:06.688  4617  4617 E ChimeraRcvrProxy: com.google.android.gms.mdm.receivers.AccountsChangedReceiver dropping broadcast android.accounts.LOGIN_ACCOUNTS_CHANGED
07-16 10:52:06.692  4617  4617 E lxx-ActivityThread: getServiceRunMode--pck=com.google.android.gms mode:0
07-16 10:52:06.694  4599  4599 E lxx-ActivityThread: getServiceRunMode--pck=com.google.android.gms mode:0
07-16 10:52:06.696  4617  5781 I GCM-GMS : Scheduling task to register GMS
07-16 10:52:06.698  5785  5785 W zygote64: Unexpected CPU variant for X86 using defaults: x86_64
07-16 10:52:06.704  5748  5774 D vndksupport: Loading /vendor/lib64/hw/gralloc.drm.so from current namespace instead of sphal namespace.
07-16 10:52:06.705  2257  3940 I ActivityManager: Start proc 5785:com.google.process.gapps/u0a58 for broadcast com.google.android.syncadapters.contacts/.ContactsSyncAdapterBroadcastReceiver
07-16 10:52:06.706  5748  5748 I RenderThread: type=1400 audit(0.0:1148): avc: denied { read write } for name="card0" dev="tmpfs" ino=7986 scontext=u:r:priv_app:s0:c512,c768 tcontext=u:object_r:device:s0 tclass=chr_file permissive=1
07-16 10:52:06.706  5748  5748 I RenderThread: type=1400 audit(0.0:1149): avc: denied { open } for path="/dev/dri/card0" dev="tmpfs" ino=7986 scontext=u:r:priv_app:s0:c512,c768 tcontext=u:object_r:device:s0 tclass=chr_file permissive=1
07-16 10:52:06.706  5748  5748 I RenderThread: type=1400 audit(0.0:1150): avc: denied { ioctl } for path="/dev/dri/card0" dev="tmpfs" ino=7986 ioctlcmd=0x6400 scontext=u:r:priv_app:s0:c512,c768 tcontext=u:object_r:device:s0 tclass=chr_file permissive=1
07-16 10:52:06.706  5748  5748 I RenderThread: type=1400 audit(0.0:1151): avc: denied { getattr } for path="/dev/dri/card0" dev="tmpfs" ino=7986 scontext=u:r:priv_app:s0:c512,c768 tcontext=u:object_r:device:s0 tclass=chr_file permissive=1
07-16 10:52:06.707  5748  5774 I GRALLOC-DRM: create intel for driver i915
07-16 10:52:06.709  3110  3110 E lxx-ActivityThread: getServiceRunMode--pck=com.google.android.googlequicksearchbox mode:0
07-16 10:52:06.709  4617  4617 E lxx-ActivityThread: getServiceRunMode--pck=com.google.android.gms mode:0
07-16 10:52:06.709  5748  5774 I EGL-MAIN: found extension DRI_Core version 2
07-16 10:52:06.709  5748  5774 I EGL-MAIN: found extension DRI_DRI2 version 4
07-16 10:52:06.710  4617  5781 I PmtsSwAccountIntentOp: Processing intent action=android.accounts.LOGIN_ACCOUNTS_CHANGED
07-16 10:52:06.712  5785  5785 E lxx-ActivityThread: getServiceRunMode--pck=com.google.android.syncadapters.contacts mode:0
07-16 10:52:06.712  5785  5785 I zygote64: The ClassLoaderContext is a special shared library.
07-16 10:52:06.712  5748  5774 I EGL-MAIN: found extension DRI_TexBuffer version 3
07-16 10:52:06.712  5748  5774 I EGL-MAIN: found extension DRI2_Flush version 4
07-16 10:52:06.712  5748  5774 I EGL-MAIN: found extension DRI_IMAGE version 16
07-16 10:52:06.713  5748  5774 I EGL-MAIN: found extension DRI2_Fence version 2
07-16 10:52:06.713  5748  5774 I EGL-MAIN: found extension DRI_IMAGE version 16
07-16 10:52:06.713  5748  5774 I EGL-MAIN: found extension DRI_RENDERER_QUERY version 1
07-16 10:52:06.713  5748  5774 I EGL-MAIN: found extension DRI_MutableRenderBufferDriver version 1
07-16 10:52:06.713  5748  5774 I EGL-MAIN: found extension DRI_CONFIG_QUERY version 1
07-16 10:52:06.713  5748  5774 I EGL-MAIN: found extension DRI_Robustness version 1
07-16 10:52:06.713  5748  5774 I EGL-MAIN: found extension DRI_NoError version 1
07-16 10:52:06.713  5748  5774 I EGL-MAIN: found extension DRI2_Blob version 1
07-16 10:52:06.713  5748  5774 I com.google.android.packageinstaller: android::hardware::configstore::V1_0::ISurfaceFlingerConfigs::hasWideColorDisplay retrieved: 0
07-16 10:52:06.713  5748  5774 I OpenGLRenderer: Initialized EGL, version 1.4
07-16 10:52:06.713  5748  5774 D OpenGLRenderer: Swap behavior 2
07-16 10:52:06.713  5748  5774 E OpenGLRenderer: Device claims wide gamut support, cannot find matching config, error = EGL_SUCCESS
07-16 10:52:06.713  5785  5785 E lxx-LoadedApk: makeApplication--pck=com.google.android.syncadapters.contacts mode=0
07-16 10:52:06.715  4617  5781 I PmtsSwAccountIntentOp: Sw accountsLength=0
07-16 10:52:06.717  5785  5785 E lxx-ActivityThread: getServiceRunMode--pck=com.google.android.syncadapters.contacts mode:0
07-16 10:52:06.726  5748  5774 D vndksupport: Loading /vendor/lib64/hw/android.hardware.graphics.mapper@2.0-impl.so from current namespace instead of sphal namespace.
07-16 10:52:06.726  5748  5774 D vndksupport: Loading /vendor/lib64/hw/gralloc.drm.so from current namespace instead of sphal namespace.
07-16 10:52:06.728  5814  5814 W zygote64: Unexpected CPU variant for X86 using defaults: x86_64
07-16 10:52:06.736  2257  2488 I ActivityManager: Start proc 5814:android.process.acore/u0a1 for content provider com.android.providers.contacts/.ContactsProvider2
07-16 10:52:06.739  2257  2272 V ActivityManager: Attempted to start a foreground service (ComponentInfo{com.seafile.seadroid2.debug/com.seafile.seadroid2.cameraupload.MediaObserverService}) with a broken notification (no icon: Notification(channel=null pri=0 contentView=null vibrate=null sound=null defaults=0x0 flags=0x40 color=0x00000000 vis=PRIVATE))
07-16 10:52:06.743  5748  5748 I RenderThread: type=1400 audit(0.0:1152): avc: denied { map } for path=2F69393135202864656C6574656429 dev="tmpfs" ino=68961 scontext=u:r:priv_app:s0:c512,c768 tcontext=u:object_r:priv_app_tmpfs:s0:c512,c768 tclass=file permissive=1
07-16 10:52:06.744  5830  5830 I zygote64: Late-enabling -Xcheck:jni
07-16 10:52:06.748  5830  5830 W zygote64: Unexpected CPU variant for X86 using defaults: x86_64
07-16 10:52:06.750  2257  4596 I ActivityManager: Start proc 5830:org.chromium.chrome/u0a54 for broadcast org.chromium.chrome/.browser.services.AccountsChangedReceiver
07-16 10:52:06.750  5814  5814 E lxx-ActivityThread: getServiceRunMode--pck=com.android.providers.contacts mode:0
07-16 10:52:06.751  5814  5814 I zygote64: The ClassLoaderContext is a special shared library.
07-16 10:52:06.753  5814  5814 E lxx-LoadedApk: makeApplication--pck=com.android.providers.contacts mode=0
07-16 10:52:06.759  5664  5802 I chatty  : uid=10074(com.seafile.seadroid2.debug) SeadroidAsyncTa expire 1 line
07-16 10:52:06.761  5830  5830 E lxx-ActivityThread: getServiceRunMode--pck=org.chromium.chrome mode:0
07-16 10:52:06.762  5830  5830 I zygote64: The ClassLoaderContext is a special shared library.
07-16 10:52:06.765  5830  5830 E lxx-LoadedApk: makeApplication--pck=org.chromium.chrome mode=0
07-16 10:52:06.766  5814  5814 I ContactsPerf: VoicemailContentProvider.onCreate start
07-16 10:52:06.767  5664  5845 I chatty  : uid=10074(com.seafile.seadroid2.debug) SeadroidAsyncTa expire 2 lines
07-16 10:52:06.768  5664  5853 I chatty  : uid=10074(com.seafile.seadroid2.debug) Thread-4 expire 2 lines
07-16 10:52:06.768  5814  5814 I ContactsPerf: VoicemailContentProvider.onCreate finish
07-16 10:52:06.773  5814  5814 I zygote64: The ClassLoaderContext is a special shared library.
07-16 10:52:06.774  5814  5849 D ContactsDatabaseHelper: WAL enabled for contacts2.db: true
07-16 10:52:06.777  5814  5814 I zygote64: The ClassLoaderContext is a special shared library.
07-16 10:52:06.779  5716  5716 E lxx-ActivityThread: getServiceRunMode--pck=com.google.android.gm mode:0
07-16 10:52:06.780  5716  5716 I chatty  : uid=10063(com.google.android.gm) identical 1 line
07-16 10:52:06.780  5716  5716 E lxx-ActivityThread: getServiceRunMode--pck=com.google.android.gm mode:0
07-16 10:52:06.781  2257  4596 I ActivityManager: Killing 4839:com.android.keychain/1000 (adj 906): empty #17
07-16 10:52:06.782  5716  5716 E lxx-ActivityThread: getServiceRunMode--pck=com.google.android.gm mode:0
07-16 10:52:06.787  5814  5849 I ContactLocale: AddressBook Labels [[zh_CN_#Hans]]: [, A, B, C, D, E, F, G, H, I, J, K, L, M, N, O, P, Q, R, S, T, U, V, W, X, Y, Z, , , , , , , , , , , , , , , , , , , , , , , , , , , , , , , , , , , , , , , , , , , , , , , , , , , , , , , , , , , , , , , , , , , , , , , , , , , , , , , , , , , , , , , , , , , , , , , , , , , , , , , , , , , , , , , , , , , , , , , , , , , , , , , , , , , , , , , , , , , , , , , , , , , , , , , , , , , , , , , , , , , , , , , , , , , , , , , , , , , , , , , , , , , #, ]
07-16 10:52:06.792  5814  5849 D ContactsDatabaseHelper: WAL enabled for profile.db: false
07-16 10:52:06.803  2257  4382 I chatty  : uid=1000(system) RenderThread expire 38 lines
07-16 10:52:06.809  5814  5849 I ContactsProvider: Accounts changed
07-16 10:52:06.810  2257  2488 I ActivityManager: Killing 3815:com.android.calendar/u0a43 (adj 906): empty #17
07-16 10:52:06.812  5814  5849 I ContactsProvider: Accounts changed
07-16 10:52:06.817  4617  4617 E lxx-ActivityThread: getServiceRunMode--pck=com.google.android.gms mode:0
07-16 10:52:06.827  4599  4599 E lxx-ActivityThread: getServiceRunMode--pck=com.google.android.gms mode:0
07-16 10:52:06.829  4599  4658 I zygote64: Deoptimizing boolean vh.add(java.lang.Object) due to JIT inline cache
07-16 10:52:06.852  5814  5849 I ContactDirectoryManager: deleted 0 stale rows which don't have any relevant directory
07-16 10:52:06.855  5814  5849 I ContactDirectoryManager: Discovered 0 contact directories in 38ms
07-16 10:52:06.863  5664  5865 I chatty  : uid=10074(com.seafile.seadroid2.debug) Thread-5 expire 5 lines
07-16 10:52:06.863  4599  4599 E lxx-ActivityThread: getServiceRunMode--pck=com.google.android.gms mode:0
07-16 10:52:06.868  4617  4617 E lxx-ActivityThread: getServiceRunMode--pck=com.google.android.gms mode:0
07-16 10:52:06.869  4599  4599 E lxx-ActivityThread: getServiceRunMode--pck=com.google.android.gms mode:0
07-16 10:52:06.876  4599  4599 E lxx-ActivityThread: getServiceRunMode--pck=com.google.android.gms mode:0
07-16 10:52:06.914  5664  5664 I chatty  : uid=10074(com.seafile.seadroid2.debug) expire 85 lines
