07-16 18:44:44.390  2257  2257 I SystemServer: MakeCountryDetectionServiceReady
07-16 18:44:44.390  2257  2257 D SystemServerTiming: MakeCountryDetectionServiceReady took to complete: 0ms
07-16 18:44:44.390  2257  2257 I SystemServer: MakeNetworkTimeUpdateReady
07-16 18:44:44.390  2257  2257 D ConnectivityService: requestNetwork for uid/pid:1000/2257 NetworkRequest [ TRACK_DEFAULT id=5, [ Capabilities: INTERNET&NOT_RESTRICTED&TRUSTED&NOT_VPN] ]
07-16 18:44:44.390  2257  2257 D SystemServerTiming: MakeNetworkTimeUpdateReady took to complete: 1ms
07-16 18:44:44.390  2257  2257 I SystemServer: MakeCommonTimeManagementServiceReady
07-16 18:44:44.390  2257  2257 D SystemServerTiming: MakeCommonTimeManagementServiceReady took to complete: 0ms
07-16 18:44:44.390  2257  2257 I SystemServer: MakeInputManagerServiceReady
07-16 18:44:44.390  2257  2257 D SystemServerTiming: MakeInputManagerServiceReady took to complete: 0ms
07-16 18:44:44.390  2257  2257 I SystemServer: MakeTelephonyRegistryReady
07-16 18:44:44.390  2257  2257 D SystemServerTiming: MakeTelephonyRegistryReady took to complete: 0ms
07-16 18:44:44.390  2257  2257 I SystemServer: MakeMediaRouterServiceReady
07-16 18:44:44.390  2257  2257 D SystemServerTiming: MakeMediaRouterServiceReady took to complete: 0ms
07-16 18:44:44.390  2257  2257 I SystemServer: MakeMmsServiceReady
07-16 18:44:44.390  2257  2257 I MmsServiceBroker: Delay connecting to MmsService until an API is called
07-16 18:44:44.390  2257  2257 D SystemServerTiming: MakeMmsServiceReady took to complete: 0ms
07-16 18:44:44.390  2257  2257 I SystemServer: MakeNetworkScoreServiceReady
07-16 18:44:44.390  2257  2257 D SystemServerTiming: MakeNetworkScoreServiceReady took to complete: 0ms
07-16 18:44:44.390  2257  2257 I SystemServer: IncidentDaemonReady
07-16 18:44:44.390  2257  2257 D SystemServerTiming: IncidentDaemonReady took to complete: 0ms
07-16 18:44:44.390  2257  2257 I SystemServiceManager: Calling onStartUser u0
07-16 18:44:44.401  2257  2257 I ActivityManager: Start proc 2605:com.android.phone/1001 for added application com.android.phone
07-16 18:44:44.402  2257  2257 I ActivityManager: START u0 {act=android.intent.action.MAIN cat=[android.intent.category.HOME] flg=0x10000100 cmp=com.android.settings/.CryptKeeper} from uid 0
07-16 18:44:44.403  2257  2257 I ActivityManager: Loaded persisted task ids for user 0
07-16 18:44:44.414  2257  2257 I ActivityManager: Start proc 2631:com.android.settings:CryptKeeper/1000 for activity com.android.settings/.CryptKeeper
07-16 18:44:44.414  2257  2257 D SystemServerTiming: ActivityManagerStartApps took to complete: 24ms
07-16 18:44:44.414  2257  2257 D SystemServerTiming: PhaseActivityManagerReady took to complete: 169ms
07-16 18:44:44.415  2257  2257 D SystemServerInitThreadPool: Shutdown successful
07-16 18:44:44.415  2257  2257 D SystemServerTiming: StartServices took to complete: 14414ms
07-16 18:44:44.416  2257  2257 D ConditionProviders.SCP: onConnected
07-16 18:44:44.416  2257  2271 W LocationProviderProxy-network: Odd, no component found for service com.android.location.service.v3.NetworkLocationProvider
07-16 18:44:44.417  2257  2271 W GeocoderProxy: Odd, no component found for service com.android.location.service.GeocodeProvider
07-16 18:44:44.417  2257  2271 W GeofenceProxy: Odd, no component found for service com.android.location.service.GeofenceProvider
07-16 18:44:44.417  2257  2271 W ActivityRecognitionProxy: Odd, no component found for service com.android.location.service.ActivityRecognitionProvider
07-16 18:44:44.421  2257  2257 D ZenLog  : set_zen_mode: off,cleanUpZenRules
07-16 18:44:44.421  2257  2257 D ConditionProviders: Subscribing to condition://android/event?userId=-10000&calendar=&reply=1 with ComponentInfo{android/com.android.server.notification.EventConditionProvider}
07-16 18:44:44.421  2257  2257 D ZenLog  : subscribe: condition://android/event?userId=-10000&calendar=&reply=1,ok
07-16 18:44:44.421  2257  2257 D ConditionProviders: Subscribing to condition://android/schedule?days=1.2.3.4.5&start=22.0&end=7.0&exitAtAlarm=false with ComponentInfo{android/com.android.server.notification.ScheduleConditionProvider}
07-16 18:44:44.421  2257  2257 D ZenLog  : subscribe: condition://android/schedule?days=1.2.3.4.5&start=22.0&end=7.0&exitAtAlarm=false,ok
07-16 18:44:44.421  2257  2257 D ConditionProviders: Subscribing to condition://android/schedule?days=6.7&start=23.30&end=10.0&exitAtAlarm=false with ComponentInfo{android/com.android.server.notification.ScheduleConditionProvider}
07-16 18:44:44.421  2257  2257 D ZenLog  : subscribe: condition://android/schedule?days=6.7&start=23.30&end=10.0&exitAtAlarm=false,ok
07-16 18:44:44.431  2257  2269 I ActivityManager: user 0 is still locked. Cannot load recents
07-16 18:44:44.433  2474  2474 D SystemUIBootTiming: StartServicesRecents took to complete: 48ms
07-16 18:44:44.444  2257  2488 D PackageManager: Ephemeral installer not found with new action; try old one
07-16 18:44:44.444  2257  2488 D PackageManager: Clear ephemeral installer activity
07-16 18:44:44.446  2257  2488 I ActivityManager: START u0 {act=android.intent.action.MAIN cat=[android.intent.category.HOME] flg=0x10000100 cmp=com.google.android.setupwizard/.SetupWizardActivity} from uid 0
07-16 18:44:44.457  2257  2488 I ActivityManager: Start proc 2700:com.google.android.setupwizard/u0a29 for activity com.google.android.setupwizard/.SetupWizardActivity
07-16 18:44:44.473  2257  2257 W ContextImpl: Calling a method in the system process without a qualified user: android.app.ContextImpl.startService:1477 com.android.server.content.SyncManager$13.run:722 android.os.Handler.handleCallback:790 android.os.Handler.dispatchMessage:99 android.os.Looper.loop:164 
07-16 18:44:44.473  2474  2474 D SystemUIBootTiming: StartServicesVolumeUI took to complete: 40ms
07-16 18:44:44.474  2257  2257 D BluetoothManagerService: BluetoothServiceConnection: com.android.bluetooth.btservice.AdapterService
07-16 18:44:44.474  2257  2279 D BluetoothManagerService: MESSAGE_BLUETOOTH_SERVICE_CONNECTED: 1
07-16 18:44:44.474  2257  2279 D BluetoothManagerService: MESSAGE_GET_NAME_AND_ADDRESS
07-16 18:44:44.475  2257  2279 D BluetoothManagerService: unbindAndFinish(): android.bluetooth.IBluetooth$Stub$Proxy@4cc885 mBinding = false mUnbinding = false
07-16 18:44:44.479  2257  2257 I WiredAccessoryManager: notifyWiredAccessoryChanged: when=0 bits= mask=154
07-16 18:44:44.479  2257  2257 V WiredAccessoryManager: newName=h2w newState=0 headsetState=0 prev headsetState=0
07-16 18:44:44.479  2257  2257 V WiredAccessoryManager: init()
07-16 18:44:44.481  2257  2651 D PackageManager: Ephemeral installer not found with new action; try old one
07-16 18:44:44.481  2257  2651 D PackageManager: Clear ephemeral installer activity
07-16 18:44:44.481  2257  2651 D PackageManager: Ephemeral installer not found with new action; try old one
07-16 18:44:44.481  2257  2651 D PackageManager: Clear ephemeral installer activity
07-16 18:44:44.481  2257  2651 D PackageManager: Ephemeral installer not found with new action; try old one
07-16 18:44:44.481  2257  2651 D PackageManager: Clear ephemeral installer activity
07-16 18:44:44.481  2257  2651 D PackageManager: Ephemeral installer not found with new action; try old one
07-16 18:44:44.481  2257  2651 D PackageManager: Clear ephemeral installer activity
07-16 18:44:44.481  2257  2651 D PackageManager: Ephemeral installer not found with new action; try old one
07-16 18:44:44.481  2257  2651 D PackageManager: Clear ephemeral installer activity
07-16 18:44:44.481  2257  2651 D PackageManager: Ephemeral installer not found with new action; try old one
07-16 18:44:44.481  2257  2651 D PackageManager: Clear ephemeral installer activity
07-16 18:44:44.481  2257  2651 D PackageManager: Ephemeral installer not found with new action; try old one
07-16 18:44:44.481  2257  2651 D PackageManager: Clear ephemeral installer activity
07-16 18:44:44.481  2257  2651 D PackageManager: Ephemeral installer not found with new action; try old one
07-16 18:44:44.481  2257  2651 D PackageManager: Clear ephemeral installer activity
07-16 18:44:44.481  2257  2651 D PackageManager: Ephemeral installer not found with new action; try old one
07-16 18:44:44.481  2257  2651 D PackageManager: Clear ephemeral installer activity
07-16 18:44:44.481  2257  2652 D PackageManager: Ephemeral installer not found with new action; try old one
07-16 18:44:44.481  2257  2652 D PackageManager: Clear ephemeral installer activity
07-16 18:44:44.481  2257  2651 D PackageManager: Ephemeral installer not found with new action; try old one
07-16 18:44:44.481  2257  2651 D PackageManager: Clear ephemeral installer activity
07-16 18:44:44.481  2257  2744 D PackageManager: Ephemeral installer not found with new action; try old one
07-16 18:44:44.481  2257  2744 D PackageManager: Clear ephemeral installer activity
07-16 18:44:44.481  2257  2744 D PackageManager: Ephemeral installer not found with new action; try old one
07-16 18:44:44.481  2257  2744 D PackageManager: Clear ephemeral installer activity
07-16 18:44:44.482  2257  2744 D PackageManager: Ephemeral installer not found with new action; try old one
07-16 18:44:44.482  2257  2744 D PackageManager: Clear ephemeral installer activity
07-16 18:44:44.482  2257  2744 D PackageManager: Ephemeral installer not found with new action; try old one
07-16 18:44:44.482  2257  2744 D PackageManager: Clear ephemeral installer activity
07-16 18:44:44.482  2257  2744 D PackageManager: Ephemeral installer not found with new action; try old one
07-16 18:44:44.482  2257  2744 D PackageManager: Clear ephemeral installer activity
07-16 18:44:44.482  2257  2744 D PackageManager: Ephemeral installer not found with new action; try old one
07-16 18:44:44.482  2257  2744 D PackageManager: Clear ephemeral installer activity
07-16 18:44:44.482  2257  2744 D PackageManager: Ephemeral installer not found with new action; try old one
07-16 18:44:44.482  2257  2744 D PackageManager: Clear ephemeral installer activity
07-16 18:44:44.482  2257  2744 D PackageManager: Ephemeral installer not found with new action; try old one
07-16 18:44:44.482  2257  2744 D PackageManager: Clear ephemeral installer activity
07-16 18:44:44.482  2257  2744 D PackageManager: Ephemeral installer not found with new action; try old one
07-16 18:44:44.482  2257  2744 D PackageManager: Clear ephemeral installer activity
07-16 18:44:44.482  2257  2744 D PackageManager: Ephemeral installer not found with new action; try old one
07-16 18:44:44.482  2257  2744 D PackageManager: Clear ephemeral installer activity
07-16 18:44:44.482  2257  2744 D PackageManager: Ephemeral installer not found with new action; try old one
07-16 18:44:44.482  2257  2744 D PackageManager: Clear ephemeral installer activity
07-16 18:44:44.482  2257  2744 D PackageManager: Ephemeral installer not found with new action; try old one
07-16 18:44:44.482  2257  2744 D PackageManager: Clear ephemeral installer activity
07-16 18:44:44.482  2474  2474 D SystemUIBootTiming: StartServicesDivider took to complete: 9ms
07-16 18:44:44.482  2257  2489 D PackageManager: Ephemeral installer not found with new action; try old one
07-16 18:44:44.482  2257  2489 D PackageManager: Clear ephemeral installer activity
07-16 18:44:44.482  2257  2489 D PackageManager: Ephemeral installer not found with new action; try old one
07-16 18:44:44.482  2257  2489 D PackageManager: Clear ephemeral installer activity
07-16 18:44:44.482  2257  2489 D PackageManager: Ephemeral installer not found with new action; try old one
07-16 18:44:44.482  2257  2489 D PackageManager: Clear ephemeral installer activity
07-16 18:44:44.483  2257  2744 D PackageManager: Ephemeral installer not found with new action; try old one
07-16 18:44:44.483  2257  2744 D PackageManager: Clear ephemeral installer activity
07-16 18:44:44.483  2257  2744 D PackageManager: Ephemeral installer not found with new action; try old one
07-16 18:44:44.483  2257  2744 D PackageManager: Clear ephemeral installer activity
07-16 18:44:44.483  2257  2744 D PackageManager: Ephemeral installer not found with new action; try old one
07-16 18:44:44.483  2257  2744 D PackageManager: Clear ephemeral installer activity
07-16 18:44:44.483  2257  2744 D PackageManager: Ephemeral installer not found with new action; try old one
07-16 18:44:44.483  2257  2744 D PackageManager: Clear ephemeral installer activity
07-16 18:44:44.483  2257  2744 D PackageManager: Ephemeral installer not found with new action; try old one
07-16 18:44:44.483  2257  2744 D PackageManager: Clear ephemeral installer activity
07-16 18:44:44.483  2257  2744 D PackageManager: Ephemeral installer not found with new action; try old one
07-16 18:44:44.483  2257  2744 D PackageManager: Clear ephemeral installer activity
07-16 18:44:44.483  2257  2489 D PackageManager: Ephemeral installer not found with new action; try old one
07-16 18:44:44.483  2257  2489 D PackageManager: Clear ephemeral installer activity
07-16 18:44:44.483  2257  2489 D PackageManager: Ephemeral installer not found with new action; try old one
07-16 18:44:44.483  2257  2489 D PackageManager: Clear ephemeral installer activity
07-16 18:44:44.483  2257  2489 D PackageManager: Ephemeral installer not found with new action; try old one
07-16 18:44:44.483  2257  2489 D PackageManager: Clear ephemeral installer activity
07-16 18:44:44.483  2257  2744 D PackageManager: Ephemeral installer not found with new action; try old one
07-16 18:44:44.483  2257  2744 D PackageManager: Clear ephemeral installer activity
07-16 18:44:44.483  2257  2744 D PackageManager: Ephemeral installer not found with new action; try old one
07-16 18:44:44.483  2257  2744 D PackageManager: Clear ephemeral installer activity
07-16 18:44:44.483  2257  2744 D PackageManager: Ephemeral installer not found with new action; try old one
07-16 18:44:44.483  2257  2744 D PackageManager: Clear ephemeral installer activity
07-16 18:44:44.483  2257  2744 D PackageManager: Ephemeral installer not found with new action; try old one
07-16 18:44:44.483  2257  2744 D PackageManager: Clear ephemeral installer activity
07-16 18:44:44.484  2257  2744 D PackageManager: Ephemeral installer not found with new action; try old one
07-16 18:44:44.484  2257  2744 D PackageManager: Clear ephemeral installer activity
07-16 18:44:44.484  2257  2489 D PackageManager: Ephemeral installer not found with new action; try old one
07-16 18:44:44.484  2257  2489 D PackageManager: Clear ephemeral installer activity
07-16 18:44:44.484  2257  2489 D PackageManager: Ephemeral installer not found with new action; try old one
07-16 18:44:44.484  2257  2489 D PackageManager: Clear ephemeral installer activity
07-16 18:44:44.484  2257  2744 D PackageManager: Ephemeral installer not found with new action; try old one
07-16 18:44:44.484  2257  2744 D PackageManager: Clear ephemeral installer activity
07-16 18:44:44.484  2257  2744 D PackageManager: Ephemeral installer not found with new action; try old one
07-16 18:44:44.484  2257  2744 D PackageManager: Clear ephemeral installer activity
07-16 18:44:44.484  2257  2489 D PackageManager: Ephemeral installer not found with new action; try old one
07-16 18:44:44.484  2257  2489 D PackageManager: Clear ephemeral installer activity
07-16 18:44:44.484  2257  2744 D PackageManager: Ephemeral installer not found with new action; try old one
07-16 18:44:44.484  2257  2744 D PackageManager: Clear ephemeral installer activity
07-16 18:44:44.484  2257  2489 D PackageManager: Ephemeral installer not found with new action; try old one
07-16 18:44:44.484  2257  2489 D PackageManager: Clear ephemeral installer activity
07-16 18:44:44.484  2257  2744 D PackageManager: Ephemeral installer not found with new action; try old one
07-16 18:44:44.484  2257  2744 D PackageManager: Clear ephemeral installer activity
07-16 18:44:44.484  2257  2489 D PackageManager: Ephemeral installer not found with new action; try old one
07-16 18:44:44.484  2257  2489 D PackageManager: Clear ephemeral installer activity
07-16 18:44:44.484  2257  2268 I ActivityManager: Process com.android.bluetooth (pid 2438) has died: fore SVC 
07-16 18:44:44.484  2257  2489 D PackageManager: Ephemeral installer not found with new action; try old one
07-16 18:44:44.484  2257  2489 D PackageManager: Clear ephemeral installer activity
07-16 18:44:44.484  2257  2488 D PackageManager: Ephemeral installer not found with new action; try old one
07-16 18:44:44.484  2257  2488 D PackageManager: Clear ephemeral installer activity
07-16 18:44:44.484  2257  2488 D PackageManager: Ephemeral installer not found with new action; try old one
07-16 18:44:44.484  2257  2488 D PackageManager: Clear ephemeral installer activity
07-16 18:44:44.484  2257  2269 D PackageManager: Ephemeral installer not found with new action; try old one
07-16 18:44:44.484  2257  2269 D PackageManager: Clear ephemeral installer activity
07-16 18:44:44.484  2257  2651 D PackageManager: Ephemeral installer not found with new action; try old one
07-16 18:44:44.484  2257  2651 D PackageManager: Clear ephemeral installer activity
07-16 18:44:44.485  2257  2651 D PackageManager: Ephemeral installer not found with new action; try old one
07-16 18:44:44.485  2257  2651 D PackageManager: Clear ephemeral installer activity
07-16 18:44:44.485  2257  2651 D PackageManager: Ephemeral installer not found with new action; try old one
07-16 18:44:44.485  2257  2651 D PackageManager: Clear ephemeral installer activity
07-16 18:44:44.485  2257  2651 D PackageManager: Ephemeral installer not found with new action; try old one
07-16 18:44:44.485  2257  2651 D PackageManager: Clear ephemeral installer activity
07-16 18:44:44.485  2257  2651 D PackageManager: Ephemeral installer not found with new action; try old one
07-16 18:44:44.485  2257  2651 D PackageManager: Clear ephemeral installer activity
07-16 18:44:44.485  2257  2651 D PackageManager: Ephemeral installer not found with new action; try old one
07-16 18:44:44.485  2257  2651 D PackageManager: Clear ephemeral installer activity
07-16 18:44:44.485  2257  2651 D PackageManager: Ephemeral installer not found with new action; try old one
07-16 18:44:44.485  2257  2651 D PackageManager: Clear ephemeral installer activity
07-16 18:44:44.485  2257  2651 D PackageManager: Ephemeral installer not found with new action; try old one
07-16 18:44:44.485  2257  2651 D PackageManager: Clear ephemeral installer activity
07-16 18:44:44.485  2257  2651 D PackageManager: Ephemeral installer not found with new action; try old one
07-16 18:44:44.485  2257  2651 D PackageManager: Clear ephemeral installer activity
07-16 18:44:44.485  2257  2651 D PackageManager: Ephemeral installer not found with new action; try old one
07-16 18:44:44.485  2257  2651 D PackageManager: Clear ephemeral installer activity
07-16 18:44:44.485  2257  2651 D PackageManager: Ephemeral installer not found with new action; try old one
07-16 18:44:44.485  2257  2651 D PackageManager: Clear ephemeral installer activity
07-16 18:44:44.485  2257  2651 D PackageManager: Ephemeral installer not found with new action; try old one
07-16 18:44:44.485  2257  2651 D PackageManager: Clear ephemeral installer activity
07-16 18:44:44.485  2257  2651 D PackageManager: Ephemeral installer not found with new action; try old one
07-16 18:44:44.485  2257  2651 D PackageManager: Clear ephemeral installer activity
07-16 18:44:44.485  2257  2257 D ConditionProviders.SCP: onSubscribe condition://android/schedule?days=1.2.3.4.5&start=22.0&end=7.0&exitAtAlarm=false
07-16 18:44:44.485  2257  2268 D PackageManager: Ephemeral installer not found with new action; try old one
07-16 18:44:44.485  2257  2268 D PackageManager: Clear ephemeral installer activity
07-16 18:44:44.485  2257  2268 D PackageManager: Ephemeral installer not found with new action; try old one
07-16 18:44:44.485  2257  2268 D PackageManager: Clear ephemeral installer activity
07-16 18:44:44.485  2257  2257 D ConditionProviders.SCP: setRegistered true
07-16 18:44:44.486  2257  2257 D ConditionProviders.SCP: notifyCondition condition://android/schedule?days=1.2.3.4.5&start=22.0&end=7.0&exitAtAlarm=false STATE_FALSE reason=!meetsSchedule
07-16 18:44:44.486  2257  2489 D PackageManager: Ephemeral installer not found with new action; try old one
07-16 18:44:44.486  2257  2489 D PackageManager: Clear ephemeral installer activity
07-16 18:44:44.486  2257  2268 D PackageManager: Ephemeral installer not found with new action; try old one
07-16 18:44:44.486  2257  2268 D PackageManager: Clear ephemeral installer activity
07-16 18:44:44.486  2257  2756 D PackageManager: Ephemeral installer not found with new action; try old one
07-16 18:44:44.486  2257  2756 D PackageManager: Clear ephemeral installer activity
07-16 18:44:44.486  2257  2651 D PackageManager: Ephemeral installer not found with new action; try old one
07-16 18:44:44.486  2257  2651 D PackageManager: Clear ephemeral installer activity
07-16 18:44:44.486  2257  2651 D PackageManager: Ephemeral installer not found with new action; try old one
07-16 18:44:44.486  2257  2651 D PackageManager: Clear ephemeral installer activity
07-16 18:44:44.486  2257  2756 D PackageManager: Ephemeral installer not found with new action; try old one
07-16 18:44:44.486  2257  2756 D PackageManager: Clear ephemeral installer activity
07-16 18:44:44.486  2257  2268 D PackageManager: Ephemeral installer not found with new action; try old one
07-16 18:44:44.486  2257  2268 D PackageManager: Clear ephemeral installer activity
07-16 18:44:44.486  2257  2419 E ActivityThread: Failed to find provider info for com.android.calendar
07-16 18:44:44.486  2257  2268 D PackageManager: Ephemeral installer not found with new action; try old one
07-16 18:44:44.486  2257  2268 D PackageManager: Clear ephemeral installer activity
07-16 18:44:44.486  2257  2419 E ActivityThread: Failed to find provider info for com.android.calendar
07-16 18:44:44.486  2257  2268 D PackageManager: Ephemeral installer not found with new action; try old one
07-16 18:44:44.486  2257  2268 D PackageManager: Clear ephemeral installer activity
07-16 18:44:44.486  2257  2268 D PackageManager: Ephemeral installer not found with new action; try old one
07-16 18:44:44.486  2257  2268 D PackageManager: Clear ephemeral installer activity
07-16 18:44:44.486  2257  2268 D PackageManager: Ephemeral installer not found with new action; try old one
07-16 18:44:44.486  2257  2268 D PackageManager: Clear ephemeral installer activity
07-16 18:44:44.486  2257  2651 D PackageManager: Ephemeral installer not found with new action; try old one
07-16 18:44:44.486  2257  2651 D PackageManager: Clear ephemeral installer activity
07-16 18:44:44.490  2257  2257 D ConditionProviders.SCP: Scheduling evaluate for Tue Jul 16 22:00:00 GMT+00:00 2019 (1563314400000), in +11h15m15s515ms, now=Tue Jul 16 10:44:44 GMT+00:00 2019 (1563273884485)
07-16 18:44:44.491  2257  2257 D ConditionProviders.SCP: onSubscribe condition://android/schedule?days=6.7&start=23.30&end=10.0&exitAtAlarm=false
07-16 18:44:44.491  2257  2257 D ConditionProviders.SCP: notifyCondition condition://android/schedule?days=6.7&start=23.30&end=10.0&exitAtAlarm=false STATE_FALSE reason=!meetsSchedule
07-16 18:44:44.491  2257  2257 D ConditionProviders.SCP: notifyCondition condition://android/schedule?days=1.2.3.4.5&start=22.0&end=7.0&exitAtAlarm=false STATE_FALSE reason=!meetsSchedule
07-16 18:44:44.491  2257  2257 D ConditionProviders.SCP: Scheduling evaluate for Tue Jul 16 22:00:00 GMT+00:00 2019 (1563314400000), in +11h15m15s509ms, now=Tue Jul 16 10:44:44 GMT+00:00 2019 (1563273884491)
07-16 18:44:44.491  2700  2700 E ActivityThread: Failed to find provider info for com.google.android.gsf.gservices
07-16 18:44:44.491  2257  2271 I SyncManager: Got SyncJobService instance.
07-16 18:44:44.492  2257  2257 D AutofillManagerService: Autofill restriction did not change for user 0: null
07-16 18:44:44.492  2257  2269 W ActivityManager: Unable to start service Intent { act=com.google.android.gms.checkin.START pkg=com.google.android.gms } U=0: not found
07-16 18:44:44.492  2257  2269 W ActivityManager: Unbind failed: could not find connection for android.os.BinderProxy@7fb06b6
07-16 18:44:44.492  2257  2269 W ActivityManager: Unable to start service Intent { act=com.google.android.gms.clearcut.service.START pkg=com.google.android.gms } U=0: not found
07-16 18:44:44.492  2257  2257 D ZenLog  : config: conditionChanged,ZenModeConfig[user=0,allowCalls=true,allowRepeatCallers=false,allowMessages=false,allowCallsFrom=contacts,allowMessagesFrom=contacts,allowReminders=true,allowEvents=true,allowWhenScreenOff=true,allowWhenScreenOn=true,automaticRules={EVENTS_DEFAULT_RULE=ZenRule[enabled=false,snoozing=false,name=Event,zenMode=ZEN_MODE_ALARMS,conditionId=condition://android/event?userId=-10000&calendar=&reply=1,condition=null,component=ComponentInfo{android/com.android.server.notification.EventConditionProvider},id=EVENTS_DEFAULT_RULE,creationTime=1563273884022,enabler=null], SCHEDULED_DEFAULT_RULE_1=ZenRule[enabled=false,snoozing=false,name=Weeknight,zenMode=ZEN_MODE_ALARMS,conditionId=condition://android/schedule?days=1.2.3.4.5&start=22.0&end=7.0&exitAtAlarm=false,condition=Condition[id=condition://android/schedule?days=1.2.3.4.5&start=22.0&end=7.0&exitAtAlarm=false,summary=...,line1=...,line2=...,icon=0,state=STATE_FALSE,flags=2],component=ComponentInfo{android/com.android.server.notification.ScheduleConditionProvider},id=SCHEDULED_DEFAULT_RULE_1,creationTime=1563273884022,enabler=null], SCHEDULED_DEFAULT_RULE_2=ZenRule[enabled=false,snoozing=false,name=Weekend,zenMode=ZEN_MODE_ALARMS,conditionId=condition://android/schedule?days=6.7&start=23.30&end=10.0&exitAtAlarm=false,condition=null,component=ComponentInfo{android/com.android.server.notification.ScheduleConditionProvider},id=SCHEDULED_DEFAULT_RULE_2,creationTime=1563273884022,enabler=null]},manualRule=null],Diff[automaticRule[SCHEDULED_DEFAULT_RULE_1].condition:null->Condition[id=condition://android/schedule?days=1.2.3.4.5&start=22.0&end=7.0&exitAtAlarm=false,summary=...,line1=...,line2=...,icon=0,state=STATE_FALSE,flags=2]]
07-16 18:44:44.492  2257  2257 D ZenLog  : config: conditionChanged,ZenModeConfig[user=0,allowCalls=true,allowRepeatCallers=false,allowMessages=false,allowCallsFrom=contacts,allowMessagesFrom=contacts,allowReminders=true,allowEvents=true,allowWhenScreenOff=true,allowWhenScreenOn=true,automaticRules={EVENTS_DEFAULT_RULE=ZenRule[enabled=false,snoozing=false,name=Event,zenMode=ZEN_MODE_ALARMS,conditionId=condition://android/event?userId=-10000&calendar=&reply=1,condition=Condition[id=condition://android/event?userId=-10000&calendar=&reply=1,summary=...,line1=...,line2=...,icon=0,state=STATE_FALSE,flags=2],component=ComponentInfo{android/com.android.server.notification.EventConditionProvider},id=EVENTS_DEFAULT_RULE,creationTime=1563273884022,enabler=null], SCHEDULED_DEFAULT_RULE_1=ZenRule[enabled=false,snoozing=false,name=Weeknight,zenMode=ZEN_MODE_ALARMS,conditionId=condition://android/schedule?days=1.2.3.4.5&start=22.0&end=7.0&exitAtAlarm=false,condition=Condition[id=condition://android/schedule?days=1.2.3.4.5&start=22.0&end=7.0&exitAtAlarm=false,summary=...,line1=...,line2=...,icon=0,state=STATE_FALSE,flags=2],component=ComponentInfo{android/com.android.server.notification.ScheduleConditionProvider},id=SCHEDULED_DEFAULT_RULE_1,creationTime=1563273884022,enabler=null], SCHEDULED_DEFAULT_RULE_2=ZenRule[enabled=false,snoozing=false,name=Weekend,zenMode=ZEN_MODE_ALARMS,conditionId=condition://android/schedule?days=6.7&start=23.30&end=10.0&exitAtAlarm=false,condition=null,component=ComponentInfo{android/com.android.server.notification.ScheduleConditionProvider},id=SCHEDULED_DEFAULT_RULE_2,creationTime=1563273884022,enabler=null]},manualRule=null],Diff[automaticRule[EVENTS_DEFAULT_RULE].condition:null->Condition[id=condition://android/event?userId=-10000&calendar=&reply=1,summary=...,line1=...,line2=...,icon=0,state=STATE_FALSE,flags=2]]
07-16 18:44:44.493  2257  2257 D ZenLog  : config: conditionChanged,ZenModeConfig[user=0,allowCalls=true,allowRepeatCallers=false,allowMessages=false,allowCallsFrom=contacts,allowMessagesFrom=contacts,allowReminders=true,allowEvents=true,allowWhenScreenOff=true,allowWhenScreenOn=true,automaticRules={EVENTS_DEFAULT_RULE=ZenRule[enabled=false,snoozing=false,name=Event,zenMode=ZEN_MODE_ALARMS,conditionId=condition://android/event?userId=-10000&calendar=&reply=1,condition=Condition[id=condition://android/event?userId=-10000&calendar=&reply=1,summary=...,line1=...,line2=...,icon=0,state=STATE_FALSE,flags=2],component=ComponentInfo{android/com.android.server.notification.EventConditionProvider},id=EVENTS_DEFAULT_RULE,creationTime=1563273884022,enabler=null], SCHEDULED_DEFAULT_RULE_1=ZenRule[enabled=false,snoozing=false,name=Weeknight,zenMode=ZEN_MODE_ALARMS,conditionId=condition://android/schedule?days=1.2.3.4.5&start=22.0&end=7.0&exitAtAlarm=false,condition=Condition[id=condition://android/schedule?days=1.2.3.4.5&start=22.0&end=7.0&exitAtAlarm=false,summary=...,line1=...,line2=...,icon=0,state=STATE_FALSE,flags=2],component=ComponentInfo{android/com.android.server.notification.ScheduleConditionProvider},id=SCHEDULED_DEFAULT_RULE_1,creationTime=1563273884022,enabler=null], SCHEDULED_DEFAULT_RULE_2=ZenRule[enabled=false,snoozing=false,name=Weekend,zenMode=ZEN_MODE_ALARMS,conditionId=condition://android/schedule?days=6.7&start=23.30&end=10.0&exitAtAlarm=false,condition=Condition[id=condition://android/schedule?days=6.7&start=23.30&end=10.0&exitAtAlarm=false,summary=...,line1=...,line2=...,icon=0,state=STATE_FALSE,flags=2],component=ComponentInfo{android/com.android.server.notification.ScheduleConditionProvider},id=SCHEDULED_DEFAULT_RULE_2,creationTime=1563273884022,enabler=null]},manualRule=null],Diff[automaticRule[SCHEDULED_DEFAULT_RULE_2].condition:null->Condition[id=condition://android/schedule?days=6.7&start=23.30&end=10.0&exitAtAlarm=false,summary=...,line1=...,line2=...,icon=0,state=STATE_FALSE,flags=2]]
07-16 18:44:44.493  2257  2257 D ZenLog  : set_zen_mode: off,conditionChanged
07-16 18:44:44.493  2257  2257 D ZenLog  : set_zen_mode: off,conditionChanged
07-16 18:44:44.493  2257  2269 W WallpaperManagerService: Cannot extract colors because wallpaper could not be read.
07-16 18:44:44.493  2257  2652 W ActivityManager: Unbind failed: could not find connection for android.os.BinderProxy@b4b8e8d
07-16 18:44:44.493  2257  2652 W WallpaperManagerService: Cannot extract colors because wallpaper could not be read.
07-16 18:44:44.494  2257  2269 W ActivityManager: Unable to start service Intent { act=com.google.android.gms.clearcut.service.START pkg=com.google.android.gms } U=0: not found
07-16 18:44:44.494  2257  2269 W ActivityManager: Unbind failed: could not find connection for android.os.BinderProxy@8d46053
07-16 18:44:44.495  2257  2257 D ZenLog  : set_zen_mode: off,conditionChanged
07-16 18:44:44.499  2257  2269 I StatusBarManagerService: registerStatusBar bar=com.android.internal.statusbar.IStatusBar$Stub$Proxy@88fe2bc
07-16 18:44:44.499  2257  2651 I ActivityManager: START u0 {act=com.android.setupwizard.WELCOME flg=0x4000000 cmp=com.google.android.setupwizard/.user.WelcomeActivity (has extras)} from uid 10029
07-16 18:44:44.528  2257  2488 I ActivityManager: Config changes=4 {1.0 ?mcc?mnc [en_US] ldltr sw720dp w1280dp h720dp 240dpi xlrg long land -touch qwerty/v/v dpad/v appBounds=Rect(0, 0 - 1920, 1080) s.5}
07-16 18:44:44.528  2257  2272 D CryptdConnector: SND -> {3 cryptfs setfield SystemLocale en-US}
07-16 18:44:44.529  2257  2318 D CryptdConnector: RCV <- {200 3 0}
07-16 18:44:44.529  2257  2488 I ActivityManager: Override config changes=4 {1.0 ?mcc?mnc [en_US] ldltr sw720dp w1280dp h720dp 240dpi xlrg long land -touch qwerty/v/v dpad/v appBounds=Rect(0, 0 - 1920, 1080) s.5} for displayId=0
07-16 18:44:44.540  2257  2272 I ActivityManager: Start proc 2796:com.android.carrierdefaultapp/u0a45 for broadcast com.android.carrierdefaultapp/.CarrierDefaultBroadcastReceiver
07-16 18:44:44.554  2257  2488 I ActivityManager: Start proc 2815:com.android.cellbroadcastreceiver/u0a8 for broadcast com.android.cellbroadcastreceiver/.PrivilegedCellBroadcastReceiver
07-16 18:44:44.564  2474  2474 I StatusBar: isKeyguardShowing() called before startKeyguard(), returning true
07-16 18:44:44.573  2474  2474 I StatusBar: isKeyguardShowing() called before startKeyguard(), returning true
07-16 18:44:44.592  2257  2489 I ActivityManager: Start proc 2835:com.android.deskclock/u0a51 for broadcast com.android.deskclock/.AlarmInitReceiver
07-16 18:44:44.604  2474  2758 E ActivityThread: Failed to find provider info for com.android.contacts
07-16 18:44:44.607  2474  2474 D SystemUIBootTiming: StartServicesSystemBars took to complete: 125ms
07-16 18:44:44.610  2474  2474 D SystemUIBootTiming: StartServicesStorageNotification took to complete: 2ms
07-16 18:44:44.611  2257  2488 E PowerManagerService: Failed to read last_reboot_reason file
07-16 18:44:44.611  2257  2488 E PowerManagerService: java.io.FileNotFoundException: /data/misc/reboot/last_reboot_reason (No such file or directory)
07-16 18:44:44.611  2257  2488 E PowerManagerService: 	at java.io.FileInputStream.open0(Native Method)
07-16 18:44:44.611  2257  2488 E PowerManagerService: 	at java.io.FileInputStream.open(FileInputStream.java:200)
07-16 18:44:44.611  2257  2488 E PowerManagerService: 	at java.io.FileInputStream.<init>(FileInputStream.java:150)
07-16 18:44:44.611  2257  2488 E PowerManagerService: 	at java.io.FileReader.<init>(FileReader.java:72)
07-16 18:44:44.611  2257  2488 E PowerManagerService: 	at com.android.server.power.PowerManagerService.getLastShutdownReasonInternal(PowerManagerService.java:4641)
07-16 18:44:44.611  2257  2488 E PowerManagerService: 	at com.android.server.power.PowerManagerService$BinderService.getLastShutdownReason(PowerManagerService.java:4405)
07-16 18:44:44.611  2257  2488 E PowerManagerService: 	at android.os.IPowerManager$Stub.onTransact(IPowerManager.java:302)
07-16 18:44:44.611  2257  2488 E PowerManagerService: 	at android.os.Binder.execTransact(Binder.java:697)
07-16 18:44:44.611  2474  2474 D SystemUIBootTiming: StartServicesPowerUI took to complete: 2ms
07-16 18:44:44.611  2474  2474 D SystemUIBootTiming: StartServicesRingtonePlayer took to complete: 0ms
07-16 18:44:44.612  2474  2474 D SystemUIBootTiming: StartServicesKeyboardUI took to complete: 0ms
07-16 18:44:44.613  2474  2474 D SystemUIBootTiming: StartServicesPipUI took to complete: 2ms
07-16 18:44:44.614  2474  2474 D SystemUIBootTiming: StartServicesShortcutKeyDispatcher took to complete: 0ms
07-16 18:44:44.614  2474  2474 D SystemUIBootTiming: StartServicesVendorServices took to complete: 0ms
07-16 18:44:44.614  2474  2474 D SystemUIBootTiming: StartServicesService took to complete: 0ms
07-16 18:44:44.614  2474  2474 D SystemUIBootTiming: StartServicesLatencyTester took to complete: 1ms
07-16 18:44:44.615  2474  2474 D SystemUIBootTiming: StartServicesGlobalActionsComponent took to complete: 1ms
07-16 18:44:44.615  2474  2474 D SystemUIBootTiming: StartServicesRoundedCorners took to complete: 0ms
07-16 18:44:44.615  2474  2474 D SystemUIBootTiming: StartServices took to complete: 246ms
07-16 18:44:44.618  2474  2785 E ActivityThread: Failed to find provider info for com.android.contacts
07-16 18:44:44.635  2257  2269 I ActivityManager: Process com.android.inputmethod.latin (pid 2455) has died: fore IMPB
07-16 18:44:44.635  2257  2269 W ActivityManager: Scheduling restart of crashed service com.android.inputmethod.latin/.LatinIME in 1000ms
07-16 18:44:44.643  2474  2851 E ActivityThread: Failed to find provider info for com.android.contacts
07-16 18:44:44.645  2474  2759 E ActivityThread: Failed to find provider info for com.android.contacts
07-16 18:44:44.660  2257  2408 D WifiService: New client listening to asynchronous messages
07-16 18:44:44.699  2257  2257 D ZenLog  : disable_effects: -1|android|19|null|1000,booleanState
07-16 18:44:44.767  2257  2413 D ConnectivityService: Got NetworkFactory Messenger for PhoneSwitcherNetworkRequstListener
07-16 18:44:44.770  2257  2413 D ConnectivityService: Got NetworkFactory Messenger for TelephonyNetworkFactory[0]
07-16 18:44:44.777  2605  2885 E ActivityThread: Failed to find provider info for com.android.contacts
07-16 18:44:44.780  2257  2744 D BluetoothManagerService: Trying to bind to profile: 1, while Bluetooth was disabled
07-16 18:44:44.785  2605  2605 I TelecomFramework: TtyManager: updateUiTtyMode -1 -> 0
07-16 18:44:44.811  2605  2605 I TelecomFramework: AccountEntry: Registered phoneAccount: [[ ] PhoneAccount: ComponentInfo{com.android.phone/com.android.services.telephony.TelephonyConnectionService}, [e0184adedf913b076626646d3f52c3b49c39ad6d], UserHandle{0} Capabilities: CallProvider MultiUser PlaceEmerg SimSub  Audio Routes: BESW Schemes: tel voicemail  Extras: Bundle[{android.telecom.extra.SUPPORTS_VIDEO_CALLING_FALLBACK=false}] GroupId: [da39a3ee5e6b4b0d3255bfef95601890afd80709]] with handle: ComponentInfo{com.android.phone/com.android.services.telephony.TelephonyConnectionService}, [e0184adedf913b076626646d3f52c3b49c39ad6d], UserHandle{0}
07-16 18:44:44.811  2605  2605 I TelecomFramework: PstnIncomingCallNotifier: Registering: Handler (com.android.internal.telephony.GsmCdmaPhone) {1ef8909}
07-16 18:44:44.812  2605  2605 I TelecomFramework: PstnPhoneCapabilitiesNotifier: handleVideoCapabilitesChanged. Video capability - false
07-16 18:44:44.833  2257  2744 I ActivityManager: user 0 is still locked. Cannot load recents
07-16 18:44:44.834  2257  2744 I ActivityManager: user 0 is still locked. Cannot load recents
07-16 18:44:44.867  2257  2280 I WindowManager: ******* TELLING SURFACE FLINGER WE ARE BOOTED!
07-16 18:44:44.868  2257  2280 W ActivityManager: Unable to mark boot complete for abi: x86_64 (android.os.ServiceSpecificException: Failed to unlink /data//dalvik-cache/x86_64/.booting (code 2))
07-16 18:44:44.868  2257  2280 W ActivityManager: Unable to mark boot complete for abi: x86 (android.os.ServiceSpecificException: Failed to unlink /data//dalvik-cache/x86/.booting (code 2))
07-16 18:44:44.868  2257  2280 W ActivityManager: Unable to mark boot complete for abi: armeabi-v7a (android.os.ServiceSpecificException: Failed to unlink /data//dalvik-cache/arm/.booting (code 2))
07-16 18:44:44.868  2257  2280 I SystemServiceManager: Starting phase 1000
07-16 18:44:44.880  2257  2280 I ActivityManager: Start proc 2889:com.google.android.ext.services/u0a15 for on-hold
07-16 18:44:44.880  2257  2280 D ActivityManager: Finishing user boot 0
07-16 18:44:44.880  2257  2280 I ActivityManager: User 0 state changed from BOOTING to RUNNING_LOCKED
07-16 18:44:44.881  2257  2280 D StorageManagerService: Setting property: sys.user.0.ce_available=true
07-16 18:44:44.881  2257  2280 I ActivityManager: User 0 state changed from RUNNING_LOCKED to RUNNING_UNLOCKING
07-16 18:44:44.881  2257  2280 D CryptdConnector: SND -> {4 cryptfs prepare_user_storage ! 0 0 2}
07-16 18:44:44.881  2122  2126 D vold    : e4crypt_prepare_user_storage for volume null, user 0, serial 0, flags 2
07-16 18:44:44.881  2122  2126 D vold    : Preparing: /data/system_ce/0
07-16 18:44:44.881  2122  2126 D vold    : Preparing: /data/misc_ce/0
07-16 18:44:44.881  2122  2126 D vold    : Preparing: /data/media/0
07-16 18:44:44.881  2122  2126 D vold    : Preparing: /data/data
07-16 18:44:44.881  2257  2318 D CryptdConnector: RCV <- {200 4 Command succeeded}
07-16 18:44:44.881  2257  2280 V UserDataPreparer: Found /data/user/0 with serial number 0
07-16 18:44:44.881  2257  2280 V UserDataPreparer: Found /data/system_ce/0 with serial number -1
07-16 18:44:44.881  2257  2280 D UserDataPreparer: Serial number missing on /data/system_ce/0; assuming current is valid
07-16 18:44:44.882  2257  2280 V PackageManager: reconcileAppsData for null u0 0x2 migrateAppData=true
07-16 18:44:44.908  2257  2280 V PackageManager: reconcileAppsData finished 95 packages
07-16 18:44:44.908  2257  2272 I SystemServiceManager: Calling onUnlockUser u0
07-16 18:44:44.908  2257  2272 D BluetoothManagerService: User 0 unlocked
07-16 18:44:44.908  2257  2413 D ConnectivityService: Got NetworkFactory Messenger for WIFI
07-16 18:44:44.908  2257  2279 D BluetoothManagerService: MESSAGE_USER_UNLOCKED
07-16 18:44:44.908  2257  2272 D StorageManagerService: onUnlockUser 0
07-16 18:44:44.908  2257  2413 D ConnectivityService: Got NetworkFactory Messenger for WIFI_UT
07-16 18:44:44.908  2257  2272 D VoldConnector: SND -> {32 volume user_started 0}
07-16 18:44:44.908  2122  2125 D vold    : Linking /storage/emulated/0 to /mnt/user/0/primary
07-16 18:44:44.909  2257  2317 D VoldConnector: RCV <- {200 32 Command succeeded}
07-16 18:44:44.912  2257  2272 I BackupManagerService: Instantiating BackupManagerService
07-16 18:44:44.913  2257  2316 D StorageManagerService: Volume emulated broadcasting mounted to UserHandle{0}
07-16 18:44:44.914  2257  2272 V BackupManagerService: No ancestral data
07-16 18:44:44.915  2257  2272 V BackupManagerService: Starting with transport com.google.android.gms/.backup.BackupTransportService
07-16 18:44:44.915  2257  2272 D BackupTransportManager: Binding to transport: android/com.android.internal.backup.LocalTransportService
07-16 18:44:44.915  2257  2272 W BackupTransportManager: BackupTransport com.google.android.gms/.backup.BackupTransportService not whitelisted.
07-16 18:44:44.916  2257  2272 I BackupManagerService: Backup enable apparently not migrated
07-16 18:44:44.916  2257  2272 I BackupManagerService: Migrating enable state false
07-16 18:44:44.916  2257  2272 I BackupManagerService: Backup enabled => false
07-16 18:44:44.919  2257  2919 V KeyValueBackupJob: Scheduling k/v pass in 241 minutes
07-16 18:44:44.919  2257  2278 W AppWidgetServiceImpl: Failed to read state: java.io.FileNotFoundException: /data/system/users/0/appwidgets.xml (No such file or directory)
07-16 18:44:44.919  2257  2278 V AppWidgetServiceImpl: Upgrading widget database from 0 to 1
07-16 18:44:44.919  2257  2278 I AppWidgetServiceImpl: Async processing of onUserUnlocked u0 took 2 ms
07-16 18:44:44.926  2257  2269 I ActivityManager: Start proc 2923:com.google.android.youtube/u0a73 for broadcast com.google.android.youtube/com.google.android.libraries.youtube.mdx.background.MdxBackgroundScanBootReceiver
07-16 18:44:44.939  2257  2272 I ActivityManager: Start proc 2939:com.google.android.googlequicksearchbox:interactor/u0a36 for service com.google.android.googlequicksearchbox/com.google.android.voiceinteraction.GsaVoiceInteractionService
07-16 18:44:44.940  2257  2272 D AutofillManagerServiceImpl: Reset component for user 0
07-16 18:44:44.940  2257  2272 D AutofillManagerServiceImpl: Reset component for user 0
07-16 18:44:44.940  2257  2273 D AutofillUI: destroySaveUiUiThread(): already destroyed
07-16 18:44:44.940  2257  2272 I ActivityManager: Loading recents for user 0 into memory.
07-16 18:44:44.950  2257  2272 I ActivityManager: Start proc 2961:org.android_x86.analytics/u0a3 for added application org.android_x86.analytics
07-16 18:44:44.951  2257  2272 I ActivityManager: User 0 state changed from RUNNING_UNLOCKING to RUNNING_UNLOCKED
07-16 18:44:44.951  2257  2272 I PreBootBroadcaster: Pre-boot of {com.android.managedprovisioning/com.android.managedprovisioning.ota.PreBootListener} for user 0
07-16 18:44:44.961  2257  2271 I ActivityManager: Start proc 2980:com.android.printspooler/u0a69 for service com.android.printspooler/.model.PrintSpoolerService
07-16 18:44:44.975  2257  2269 I ActivityManager: Start proc 3007:com.google.android.gms.persistent/u0a13 for service com.google.android.gms/.auth.frp.FrpService
07-16 18:44:44.997  2257  2257 D BackupTransportManager: Bound to transport: android/com.android.internal.backup.LocalTransportService
07-16 18:44:44.997  2257  2858 I ActivityManager: Start proc 3032:com.google.process.gservices/u0a13 for content provider com.google.android.gsf/.gservices.GservicesProvider
07-16 18:44:45.013  2257  2271 I ActivityManager: Start proc 3054:com.android.keychain/1000 for service com.android.keychain/.KeyChainService
07-16 18:44:45.018  2257  2271 I SyncManager: Loaded persisted syncs: 0 periodic syncs, 0 oneshot syncs, 7 total system server jobs, JobStats: FirstLoad: 0/0/0 LastSave: -1/-1/-1
07-16 18:44:45.031  2923  3077 W FileUtils: Failed to chmod(/data/user_de/0/com.google.android.gms/app_extracted_libs): android.system.ErrnoException: chmod failed: EACCES (Permission denied)
07-16 18:44:45.031  2923  3077 I chatty  : uid=10073(com.google.android.youtube) background2-1 identical 3 lines
07-16 18:44:45.031  2923  3077 W FileUtils: Failed to chmod(/data/user_de/0/com.google.android.gms/app_extracted_libs): android.system.ErrnoException: chmod failed: EACCES (Permission denied)
07-16 18:44:45.032  2923  3081 W FileUtils: Failed to chmod(/data/user_de/0/com.google.android.gms/app_chimera): android.system.ErrnoException: chmod failed: EACCES (Permission denied)
07-16 18:44:45.038  2923  3077 W FileUtils: Failed to chmod(/data/user_de/0/com.google.android.gms/app_extracted_libs): android.system.ErrnoException: chmod failed: EACCES (Permission denied)
07-16 18:44:45.038  2923  3077 I chatty  : uid=10073(com.google.android.youtube) background2-1 identical 3 lines
07-16 18:44:45.038  2923  3077 W FileUtils: Failed to chmod(/data/user_de/0/com.google.android.gms/app_extracted_libs): android.system.ErrnoException: chmod failed: EACCES (Permission denied)
07-16 18:44:45.043  2257  2858 I ActivityManager: Start proc 3091:com.google.android.gms/u0a13 for service com.google.android.gms/.chimera.container.FileApkIntentOperation$ExternalFileApkService
07-16 18:44:45.058  2257  2744 I ActivityManager: Start proc 3110:com.google.android.googlequicksearchbox:search/u0a36 for service com.google.android.googlequicksearchbox/com.google.android.hotword.service.HotwordService
07-16 18:44:45.095  2257  2858 D VoldConnector: SND -> {33 volume mkdirs /storage/emulated/0/Android/data/com.google.android.youtube/files/}
07-16 18:44:45.095  2257  2317 D VoldConnector: RCV <- {200 33 Command succeeded}
07-16 18:44:45.096  2257  2858 D VoldConnector: SND -> {34 volume mkdirs /storage/emulated/0/Android/data/com.google.android.youtube/cache/}
07-16 18:44:45.096  2257  2317 D VoldConnector: RCV <- {200 34 Command succeeded}
07-16 18:44:45.117  2257  2714 I ActivityManager: Start proc 3175:android.process.media/u0a11 for broadcast com.android.providers.downloads/.DownloadReceiver
07-16 18:44:45.170  3110  3122 E ActivityThread: Failed to find provider info for com.google.android.voicesearch
07-16 18:44:45.203  2939  2939 W KeyphraseEnrollmentInfo: No enrollment application supports the given keyphrase/locale: 'Ok Google'/en_US
07-16 18:44:45.235  2257  2858 D PackageManager: Ephemeral installer not found with new action; try old one
07-16 18:44:45.235  2257  2858 D PackageManager: Clear ephemeral installer activity
07-16 18:44:45.246  2257  2714 I ActivityManager: Start proc 3208:com.android.managedprovisioning/u0a21 for broadcast com.android.managedprovisioning/.ota.PreBootListener
07-16 18:44:45.249  2257  2858 D PackageManager: Ephemeral installer not found with new action; try old one
07-16 18:44:45.249  2257  2858 D PackageManager: Clear ephemeral installer activity
07-16 18:44:45.252  2257  2858 D PackageManager: Ephemeral installer not found with new action; try old one
07-16 18:44:45.253  2257  2858 D PackageManager: Clear ephemeral installer activity
07-16 18:44:45.261  2257  2858 I PreBootBroadcaster: Pre-boot of {com.android.providers.calendar/com.android.providers.calendar.CalendarUpgradeReceiver} for user 0
07-16 18:44:45.264  2257  2858 D PackageManager: Ephemeral installer not found with new action; try old one
07-16 18:44:45.265  2257  2858 D PackageManager: Clear ephemeral installer activity
07-16 18:44:45.284  2257  2858 I ActivityManager: Start proc 3238:com.google.android.partnersetup/u0a20 for content provider com.google.android.partnersetup/.RlzAppProvider
07-16 18:44:45.303  2257  2714 I ActivityManager: Start proc 3263:com.google.process.gapps/u0a13 for content provider com.google.android.gsf/.settings.GoogleSettingsProvider
07-16 18:44:45.327  2257  2714 I ActivityManager: Start proc 3289:com.google.android.webview:webview_service/u0a72 for service com.google.android.webview/org.chromium.android_webview.services.VariationsSeedServer
07-16 18:44:45.328  2257  2744 W ActivityManager: Permission Denial: getIntentSender() from pid=2923, uid=10073, (need uid=10013) is not allowed to send as package com.google.android.gms
07-16 18:44:45.385  2257  2858 I ActivityManager: Start proc 3348:com.android.providers.calendar/u0a4 for broadcast com.android.providers.calendar/.CalendarUpgradeReceiver
07-16 18:44:45.401  2257  2652 D PackageManager: Ephemeral installer not found with new action; try old one
07-16 18:44:45.401  2257  2652 D PackageManager: Clear ephemeral installer activity
07-16 18:44:45.401  2257  2756 D PackageManager: Ephemeral installer not found with new action; try old one
07-16 18:44:45.401  2257  2756 D PackageManager: Clear ephemeral installer activity
07-16 18:44:45.402  2257  2652 D PackageManager: Ephemeral installer not found with new action; try old one
07-16 18:44:45.402  2257  2652 D PackageManager: Clear ephemeral installer activity
07-16 18:44:45.408  2257  2714 D PackageManager: Ephemeral installer not found with new action; try old one
07-16 18:44:45.408  2257  2714 D PackageManager: Clear ephemeral installer activity
07-16 18:44:45.409  2257  2756 D PackageManager: Ephemeral installer not found with new action; try old one
07-16 18:44:45.409  2257  2756 D PackageManager: Clear ephemeral installer activity
