05-31 15:10:32.906  5346  5346 E AndroidRuntime: 	at com.seafile.seadroid2.ui.activity.BrowserActivity.onCreateLandView(BrowserActivity.java:400)
05-31 15:10:32.906  5346  5346 E AndroidRuntime: 	at com.seafile.seadroid2.ui.activity.BrowserActivity.onCreate(BrowserActivity.java:385)
05-31 15:10:32.906  5346  5346 E AndroidRuntime: 	at android.app.Activity.performCreate(Activity.java:7105)
05-31 15:10:32.906  5346  5346 E AndroidRuntime: 	at android.app.Activity.performCreate(Activity.java:7096)
05-31 15:10:32.906  5346  5346 E AndroidRuntime: 	at android.app.Instrumentation.callActivityOnCreate(Instrumentation.java:1214)
05-31 15:10:32.906  5346  5346 E AndroidRuntime: 	at android.app.ActivityThread.performLaunchActivity(ActivityThread.java:2731)
05-31 15:10:32.906  5346  5346 E AndroidRuntime: 	... 9 more
05-31 15:10:32.907  2239  2980 W ActivityManager:   Force finishing activity com.seafile.seadroid2.debug/com.seafile.seadroid2.ui.activity.BrowserActivity
05-31 15:10:32.908  2239  2255 I ActivityManager: Showing crash dialog for package com.seafile.seadroid2.debug u0
05-31 15:10:33.141  2239  2255 D ViewRootImpl[debug]: updatePointerIcon called with position out of bounds
05-31 15:10:33.152  2239  2255 D ViewRootImpl[debug]: updatePointerIcon called with position out of bounds
05-31 15:10:33.407  2239  2254 W ActivityManager: Activity pause timeout for ActivityRecord{cb74eb0 u0 com.seafile.seadroid2.debug/com.seafile.seadroid2.ui.activity.BrowserActivity t15 f}
05-31 15:10:33.413  2363  2363 I StatusBar: taskId 14 keep true cmpComponentInfo{org.openthos.filemanager/org.openthos.filemanager.MainActivity}
05-31 15:10:33.416  5547  5547 I FileManager: org.openthos.filemanager.MainActivity Resume
05-31 15:10:33.428  2239  2254 I WindowManager: Failed to capture screenshot of Token{265129 ActivityRecord{cb74eb0 u0 com.seafile.seadroid2.debug/com.seafile.seadroid2.ui.activity.BrowserActivity t15 f}} appWin=Window{ea4f447 u0 Splash Screen com.seafile.seadroid2.debug EXITING} drawState=4
05-31 15:10:33.465  2239  2254 I chatty  : uid=1000(system) ActivityManager expire 14 lines
05-31 15:10:33.718  2239  2255 D ViewRootImpl[debug]: updatePointerIcon called with position out of bounds
05-31 15:10:34.135  2239  2255 I chatty  : uid=1000(system) android.ui identical 23 lines
05-31 15:10:34.152  2239  2255 D ViewRootImpl[debug]: updatePointerIcon called with position out of bounds
05-31 15:10:34.170  2239  2285 W WindowManager: Failed looking up window callers=com.android.server.wm.WindowManagerService.windowForClientLocked:5821 com.android.server.wm.WindowManagerService.removeWindow:1718 com.android.server.wm.Session.remove:222 
05-31 15:10:35.024  2331  2331 D BluetoothPhonePolicy: Received ACTION_UUID for device 88:10:8F:15:53:3F
05-31 15:10:35.024  2331  2331 D BluetoothPhonePolicy: index=0uuid=0000110a-0000-1000-8000-00805f9b34fb
05-31 15:10:35.024  2331  2331 D BluetoothPhonePolicy: index=1uuid=00001105-0000-1000-8000-00805f9b34fb
05-31 15:10:35.024  2331  2331 D BluetoothPhonePolicy: index=2uuid=00001115-0000-1000-8000-00805f9b34fb
05-31 15:10:35.025  2331  2331 D BluetoothPhonePolicy: index=3uuid=00001116-0000-1000-8000-00805f9b34fb
05-31 15:10:35.025  2331  2331 D BluetoothPhonePolicy: index=4uuid=0000112f-0000-1000-8000-00805f9b34fb
05-31 15:10:35.025  2331  2331 D BluetoothPhonePolicy: index=5uuid=00001112-0000-1000-8000-00805f9b34fb
05-31 15:10:35.025  2331  2331 D BluetoothPhonePolicy: index=6uuid=0000111f-0000-1000-8000-00805f9b34fb
05-31 15:10:35.025  2331  2331 D BluetoothPhonePolicy: index=7uuid=00001132-0000-1000-8000-00805f9b34fb
05-31 15:10:35.025  2331  2331 D BluetoothPhonePolicy: index=8uuid=00000000-0000-1000-8000-00805f9b34fb
05-31 15:10:35.025  2331  2331 D BluetoothPhonePolicy: index=9uuid=00000000-0000-1000-8000-00805f9b34fb
05-31 15:10:35.025  2331  2331 D BluetoothPhonePolicy: processInitProfilePriorities() - device 88:10:8F:15:53:3F
05-31 15:10:35.025  2331  2331 D HidService: getHidService(): returning com.android.bluetooth.hid.HidService@f45131f
05-31 15:10:35.031  2363  2531 D LocalBluetoothProfileManager: Current Profiles[PAN]
05-31 15:10:35.031  2363  2531 D BluetoothMap: getConnectedDevices()
05-31 15:10:35.032  2363  2531 D BluetoothMap: getConnectionState(88:10:8F:15:53:3F)
05-31 15:10:35.033  2331  2685 I bt_btm_sec: btm_sec_disconnected clearing pending flag handle:256 reason:22
05-31 15:10:35.033  2331  2431 W bt_btif : btif_av_move_idle: ACL Disconnected state 0 bd_addr=88:10:8f:15:53:3f peer_bda=00:00:00:00:00:00
05-31 15:10:35.034  2363  2531 D MapProfile: getConnectionStatus: status is: 0
05-31 15:10:35.034  2363  2531 D LocalBluetoothProfileManager: New Profiles[PAN]
05-31 15:10:35.036  2331  2331 D BluetoothMapService: onReceive
05-31 15:10:35.036  2331  2331 D BluetoothMapService: onReceive: android.bluetooth.device.action.ACL_DISCONNECTED
05-31 15:10:35.036  2331  2331 D BluetoothPbapService: action: android.bluetooth.device.action.ACL_DISCONNECTED
05-31 15:10:35.036  2331  2331 D BluetoothPbapService: state: -2147483648
05-31 15:10:35.036  2331  2331 W BluetoothPbapService: Unrecognized intent!
05-31 15:10:35.625  2239  2980 I ActivityManager: Killing 5346:com.seafile.seadroid2.debug/u0a75 (adj 200): crash
05-31 15:10:35.626  2239  2980 W ActivityManager: Scheduling restart of crashed service com.seafile.seadroid2.debug/com.seafile.seadroid2.monitor.FileMonitorService in 5454ms
05-31 15:10:35.626  2239  2980 W ActivityManager: Scheduling restart of crashed service com.seafile.seadroid2.debug/com.seafile.seadroid2.cameraupload.MediaObserverService in 15454ms
05-31 15:10:35.626  2239  2980 W ActivityManager: Scheduling restart of crashed service com.seafile.seadroid2.debug/com.seafile.seadroid2.transfer.TransferService in 25454ms
05-31 15:10:35.626  2117  4291 I audio_hw_primary: choose pcmC0D0p for 0
05-31 15:10:35.627  2363  2363 I StatusBar: taskId 15 keep false cmpComponentInfo{com.seafile.seadroid2.debug/com.seafile.seadroid2.ui.activity.AccountsActivity}
05-31 15:10:35.670  2363  2363 I StatusBar: taskId 11 keep false cmpComponentInfo{com.seafile.seadroid2.debug/com.seafile.seadroid2.ui.activity.AccountsActivity}
05-31 15:10:35.673  2239  2261 W ActivityManager: setHasOverlayUi called on unknown pid: 5346
05-31 15:10:35.821  2239  2285 W AppOps  : Finishing op nesting under-run: uid 1000 pkg android code 24 time=0 duration=0 nesting=0
05-31 15:10:37.943  2239  5746 E WindowManager: Unknown window type: 2039
05-31 15:10:37.943  2239  5746 I chatty  : uid=1000(system) Binder:2239_16 identical 1 line
05-31 15:10:37.943  2239  5746 E WindowManager: Unknown window type: 2039
05-31 15:10:37.945  2363  2363 V PanelBar: onTouch: no panel for touch at (31,44)
05-31 15:10:37.965  2239  2980 E WindowManager: Unknown window type: 2039
05-31 15:10:37.968  2239  2980 E WindowManager: Unknown window type: 2039
05-31 15:10:38.019  2239  2251 E WindowManager: Unknown window type: 2039
05-31 15:10:38.061  2239  2285 E WindowManager: Unknown window type: 2039
05-31 15:10:38.063  2239  2251 E WindowManager: Unknown window type: 2039
05-31 15:10:38.071  2239  2251 E WindowManager: Unknown window type: 2039
05-31 15:10:38.073  2239  2285 E WindowManager: Unknown window type: 2039
05-31 15:10:38.186  2239  2285 E WindowManager: Unknown window type: 2039
05-31 15:10:39.052  2791  3058 W NamedFutures: Timeout future task has been cancelled: 10000 milliseconds
05-31 15:10:39.053  2791  2791 E SearchServiceStarter: Task 174 failed or timed out. Client 12276507098062706 disconnecting from SearchService!
05-31 15:10:39.053  2791  2791 E SearchServiceStarter: java.util.concurrent.CancellationException: Task was cancelled.
05-31 15:10:39.053  2791  2791 E SearchServiceStarter: 	at com.google.common.util.concurrent.d.ct(SourceFile:75)
05-31 15:10:39.053  2791  2791 E SearchServiceStarter: 	at com.google.common.util.concurrent.d.get(SourceFile:57)
05-31 15:10:39.053  2791  2791 E SearchServiceStarter: 	at com.google.common.util.concurrent.cg.n(SourceFile:2)
05-31 15:10:39.053  2791  2791 E SearchServiceStarter: 	at com.google.common.util.concurrent.av.l(SourceFile:50)
05-31 15:10:39.053  2791  2791 E SearchServiceStarter: 	at com.google.common.util.concurrent.ax.run(SourceFile:5)
05-31 15:10:39.053  2791  2791 E SearchServiceStarter: 	at com.google.android.apps.gsa.shared.util.concurrent.a.bc.run(SourceFile:2)
05-31 15:10:39.053  2791  2791 E SearchServiceStarter: 	at android.os.Handler.handleCallback(Handler.java:790)
05-31 15:10:39.053  2791  2791 E SearchServiceStarter: 	at android.os.Handler.dispatchMessage(Handler.java:99)
05-31 15:10:39.053  2791  2791 E SearchServiceStarter: 	at android.os.Looper.loop(Looper.java:164)
05-31 15:10:39.053  2791  2791 E SearchServiceStarter: 	at android.app.ActivityThread.main(ActivityThread.java:6494)
05-31 15:10:39.053  2791  2791 E SearchServiceStarter: 	at java.lang.reflect.Method.invoke(Native Method)
05-31 15:10:39.053  2791  2791 E SearchServiceStarter: 	at com.android.internal.os.RuntimeInit$MethodAndArgsCaller.run(RuntimeInit.java:463)
05-31 15:10:39.053  2791  2791 E SearchServiceStarter: 	at com.android.internal.os.ZygoteInit.main(ZygoteInit.java:807)
05-31 15:10:39.058  2239  5746 W BroadcastQueue: Background execution not allowed: receiving Intent { act=android.bluetooth.device.action.UUID flg=0x10 (has extras) } to com.google.android.googlequicksearchbox/com.google.android.apps.gsa.broadcastreceiver.CommonBroadcastReceiver
05-31 15:10:39.061  2239  5746 W BroadcastQueue: Background execution not allowed: receiving Intent { act=android.bluetooth.device.action.UUID flg=0x10 (has extras) } to com.google.android.googlequicksearchbox/com.google.android.apps.gsa.broadcastreceiver.CommonBroadcastReceiver
05-31 15:10:39.068  2791  2791 W SearchService: Abort, client detached.
05-31 15:10:39.710  2363  2363 D ViewRootImpl[OpenthosStatusBar]: updatePointerIcon called with position out of bounds
05-31 15:10:39.820  2239  2251 I ActivityManager: START u0 {act=android.intent.action.MAIN cat=[android.intent.category.LAUNCHER] flg=0x30000000 cmp=com.seafile.seadroid2.debug/com.seafile.seadroid2.ui.activity.SplashActivity} from uid 10033
05-31 15:10:39.822  2117  4291 I audio_hw_primary: choose pcmC0D0p for 0
05-31 15:10:39.824  2239  2251 E ActivityManager: applyOptionsLocked: Unknown animationType=0
05-31 15:10:39.831  5750  5750 I chatty  : uid=10075(u0_a75) com.seafile.seadroid2.debug expire 51 lines
05-31 15:10:39.835  2239  2251 I ActivityManager: Start proc 5750:com.seafile.seadroid2.debug/u0a75 for activity com.seafile.seadroid2.debug/com.seafile.seadroid2.ui.activity.SplashActivity
05-31 15:10:39.835  2239  2251 E WindowManager: Unknown window type: 2039
05-31 15:10:39.848  2239  2285 E WindowManager: Unknown window type: 2039
05-31 15:10:39.849  2239  2251 E WindowManager: Unknown window type: 2039
05-31 15:10:39.850  2363  2363 I StatusBar: taskId 16 keep true cmpComponentInfo{com.seafile.seadroid2.debug/com.seafile.seadroid2.ui.activity.SplashActivity}
05-31 15:10:39.850  2239  5746 E WindowManager: Unknown window type: 2039
05-31 15:10:39.853  2239  5746 E WindowManager: Unknown window type: 2039
05-31 15:10:39.855  2239  2254 E WindowManager: Unknown window type: 2039
05-31 15:10:39.858  2239  2285 E WindowManager: Unknown window type: 2039
05-31 15:10:39.859  2239  2285 E WindowManager: Unknown window type: 2039
05-31 15:10:39.868  2239  2239 E WindowManager: Unknown window type: 2039
05-31 15:10:39.881  2239  2239 E WindowManager: Unknown window type: 2039
05-31 15:10:39.882  2239  3454 I chatty  : uid=1000(system) RenderThread expire 57 lines
05-31 15:10:39.882  2239  2251 E WindowManager: Unknown window type: 2039
05-31 15:10:39.883  2239  2285 E WindowManager: Unknown window type: 2039
05-31 15:10:39.902  2239  2285 I chatty  : uid=1000(system) android.anim identical 2 lines
05-31 15:10:39.912  5750  5755 I chatty  : uid=10075(u0_a75) com.seafile.seadroid2.debug expire 16 lines
05-31 15:10:39.968  2239  2285 E WindowManager: Unknown window type: 2039
05-31 15:10:39.996  5750  5771 I chatty  : uid=10075(u0_a75) com.seafile.seadroid2.debug expire 22 lines
05-31 15:10:40.007  2239  2254 V ActivityManager: Attempted to start a foreground service (ComponentInfo{com.seafile.seadroid2.debug/com.seafile.seadroid2.cameraupload.MediaObserverService}) with a broken notification (no icon: Notification(channel=null pri=0 contentView=null vibrate=null sound=null defaults=0x0 flags=0x40 color=0x00000000 vis=PRIVATE))
05-31 15:10:40.013  5750  5772 I chatty  : uid=10075(u0_a75) com.seafile.seadroid2.debug expire 2 lines
05-31 15:10:40.013  5750  5774 I chatty  : uid=10075(u0_a75) com.seafile.seadroid2.debug expire 10 lines
05-31 15:10:40.094  2239  2261 I chatty  : uid=1000(system) android.display expire 12 lines
05-31 15:10:40.096  5750  5777 I chatty  : uid=10075(u0_a75) com.seafile.seadroid2.debug expire 10 lines
05-31 15:10:40.130  5750  5750 D ViewRootImpl[SplashActivity]: updatePointerIcon called with position out of bounds
05-31 15:10:40.136  5750  5750 D ViewRootImpl[SplashActivity]: updatePointerIcon called with position out of bounds
05-31 15:10:40.151  2129  2129 E SurfaceFlinger: [Sprite#0] rejecting buffer: bufWidth=38, bufHeight=38, front.active.{w=33, h=42}
05-31 15:10:40.994  2239  5746 I ActivityManager: START u0 {cmp=com.seafile.seadroid2.debug/com.seafile.seadroid2.ui.activity.BrowserActivity} from uid 10075
05-31 15:10:40.998  2363  2363 I StatusBar: taskId 16 keep true cmpComponentInfo{com.seafile.seadroid2.debug/com.seafile.seadroid2.ui.activity.SplashActivity}
05-31 15:10:41.100  2239  5746 I ActivityManager: START u0 {act=android.content.pm.action.REQUEST_PERMISSIONS pkg=com.google.android.packageinstaller cmp=com.google.android.packageinstaller/com.android.packageinstaller.permission.ui.GrantPermissionsActivity (has extras)} from uid 10075
05-31 15:10:41.100  5750  5779 I chatty  : uid=10075(u0_a75) com.seafile.seadroid2.debug expire 3 lines
05-31 15:10:41.103  5780  5780 I main    : type=1400 audit(0.0:887): avc: denied { dac_read_search } for capability=2 scontext=u:r:zygote:s0 tcontext=u:r:zygote:s0 tclass=capability permissive=1
05-31 15:10:41.106  5780  5780 W zygote64: Unexpected CPU variant for X86 using defaults: x86_64
05-31 15:10:41.111  2239  5746 I ActivityManager: Start proc 5780:com.google.android.packageinstaller/u0a19 for activity com.google.android.packageinstaller/com.android.packageinstaller.permission.ui.GrantPermissionsActivity
05-31 15:10:41.113  2363  2363 I StatusBar: taskId 16 keep true cmpComponentInfo{com.seafile.seadroid2.debug/com.seafile.seadroid2.ui.activity.SplashActivity}
05-31 15:10:41.121  5750  5750 W ViewRootImpl[SplashActivity]: Dropping event due to no window focus: MotionEvent { action=ACTION_HOVER_MOVE, actionButton=0, id[0]=0, x[0]=182.49414, y[0]=330.61548, toolType[0]=TOOL_TYPE_MOUSE, buttonState=0, metaState=0, flags=0x0, edgeFlags=0x0, pointerCount=1, historySize=2, eventTime=1111115, downTime=1109825, deviceId=3, source=0x2002 }
05-31 15:10:41.139  5780  5804 D OpenGLRenderer: HWUI GL Pipeline
05-31 15:10:41.169  5780  5780 I RenderThread: type=1400 audit(0.0:889): avc: denied { read write } for name="card0" dev="tmpfs" ino=11630 scontext=u:r:priv_app:s0:c512,c768 tcontext=u:object_r:device:s0 tclass=chr_file permissive=1
05-31 15:10:41.169  5780  5780 I RenderThread: type=1400 audit(0.0:890): avc: denied { open } for path="/dev/dri/card0" dev="tmpfs" ino=11630 scontext=u:r:priv_app:s0:c512,c768 tcontext=u:object_r:device:s0 tclass=chr_file permissive=1
05-31 15:10:41.169  5780  5780 I RenderThread: type=1400 audit(0.0:891): avc: denied { ioctl } for path="/dev/dri/card0" dev="tmpfs" ino=11630 ioctlcmd=0x6400 scontext=u:r:priv_app:s0:c512,c768 tcontext=u:object_r:device:s0 tclass=chr_file permissive=1
05-31 15:10:41.169  5780  5780 I RenderThread: type=1400 audit(0.0:892): avc: denied { getattr } for path="/dev/dri/card0" dev="tmpfs" ino=11630 scontext=u:r:priv_app:s0:c512,c768 tcontext=u:object_r:device:s0 tclass=chr_file permissive=1
05-31 15:10:41.169  5780  5804 D vndksupport: Loading /vendor/lib64/hw/gralloc.drm.so from current namespace instead of sphal namespace.
05-31 15:10:41.171  5780  5804 I GRALLOC-DRM: create intel for driver i915
05-31 15:10:41.173  5780  5804 I EGL-MAIN: found extension DRI_Core version 2
05-31 15:10:41.173  5780  5804 I EGL-MAIN: found extension DRI_DRI2 version 4
05-31 15:10:41.174  5750  5750 W ViewRootImpl[SplashActivity]: Cancelling event due to no window focus: MotionEvent { action=ACTION_CANCEL, actionButton=0, id[0]=0, x[0]=185.60663, y[0]=331.65295, toolType[0]=TOOL_TYPE_MOUSE, buttonState=0, metaState=0, flags=0x0, edgeFlags=0x0, pointerCount=1, historySize=0, eventTime=1111119, downTime=1109825, deviceId=3, source=0x2002 }
05-31 15:10:41.174  5750  5750 I chatty  : uid=10075(u0_a75) com.seafile.seadroid2.debug identical 2 lines
05-31 15:10:41.174  5750  5750 W ViewRootImpl[SplashActivity]: Cancelling event due to no window focus: MotionEvent { action=ACTION_CANCEL, actionButton=0, id[0]=0, x[0]=185.60663, y[0]=331.65295, toolType[0]=TOOL_TYPE_MOUSE, buttonState=0, metaState=0, flags=0x0, edgeFlags=0x0, pointerCount=1, historySize=0, eventTime=1111119, downTime=1109825, deviceId=3, source=0x2002 }
05-31 15:10:41.175  2239  2254 V ActivityManager: Attempted to start a foreground service (ComponentInfo{com.seafile.seadroid2.debug/com.seafile.seadroid2.cameraupload.MediaObserverService}) with a broken notification (no icon: Notification(channel=null pri=0 contentView=null vibrate=null sound=null defaults=0x0 flags=0x40 color=0x00000000 vis=PRIVATE))
05-31 15:10:41.176  5780  5780 I RenderThread: type=1400 audit(0.0:893): avc: denied { map } for path=2F69393135202864656C6574656429 dev="tmpfs" ino=63503 scontext=u:r:priv_app:s0:c512,c768 tcontext=u:object_r:priv_app_tmpfs:s0:c512,c768 tclass=file permissive=1
05-31 15:10:41.176  5780  5804 I EGL-MAIN: found extension DRI_TexBuffer version 3
05-31 15:10:41.176  5780  5804 I EGL-MAIN: found extension DRI2_Flush version 4
05-31 15:10:41.176  5780  5804 I EGL-MAIN: found extension DRI_IMAGE version 16
05-31 15:10:41.176  5780  5804 I EGL-MAIN: found extension DRI2_Fence version 2
05-31 15:10:41.176  5780  5804 I EGL-MAIN: found extension DRI_IMAGE version 16
05-31 15:10:41.176  5780  5804 I EGL-MAIN: found extension DRI_RENDERER_QUERY version 1
05-31 15:10:41.176  5780  5804 I EGL-MAIN: found extension DRI_MutableRenderBufferDriver version 1
05-31 15:10:41.176  5780  5804 I EGL-MAIN: found extension DRI_CONFIG_QUERY version 1
05-31 15:10:41.176  5780  5804 I EGL-MAIN: found extension DRI_Robustness version 1
05-31 15:10:41.176  5780  5804 I EGL-MAIN: found extension DRI_NoError version 1
05-31 15:10:41.176  5780  5804 I EGL-MAIN: found extension DRI2_Blob version 1
05-31 15:10:41.177  5780  5804 I com.google.android.packageinstaller: android::hardware::configstore::V1_0::ISurfaceFlingerConfigs::hasWideColorDisplay retrieved: 0
05-31 15:10:41.177  5780  5804 I OpenGLRenderer: Initialized EGL, version 1.4
05-31 15:10:41.177  5780  5804 D OpenGLRenderer: Swap behavior 2
05-31 15:10:41.177  5780  5804 E OpenGLRenderer: Device claims wide gamut support, cannot find matching config, error = EGL_SUCCESS
05-31 15:10:41.177  5750  5805 I chatty  : uid=10075(u0_a75) com.seafile.seadroid2.debug expire 1 line
05-31 15:10:41.180  5780  5804 D vndksupport: Loading /vendor/lib64/hw/android.hardware.graphics.mapper@2.0-impl.so from current namespace instead of sphal namespace.
05-31 15:10:41.180  5780  5804 D vndksupport: Loading /vendor/lib64/hw/gralloc.drm.so from current namespace instead of sphal namespace.
05-31 15:10:41.308  5780  5780 D ViewRootImpl[GrantPermissionsActivity]: updatePointerIcon called with position out of bounds
05-31 15:10:41.335  2129  2129 E SurfaceFlinger: [Sprite#0] rejecting buffer: bufWidth=38, bufHeight=38, front.active.{w=33, h=42}
05-31 15:10:41.847  5780  5780 D ViewRootImpl[GrantPermissionsActivity]: updatePointerIcon called with position out of bounds
05-31 15:10:41.861  2239  2239 W WindowManager: removeWindowToken: Attempted to remove non-existing token: android.os.Binder@1168afc
05-31 15:10:41.868  5780  5780 D ViewRootImpl[GrantPermissionsActivity]: updatePointerIcon called with position out of bounds
05-31 15:10:41.882  2129  2129 D SurfaceFlinger: duplicate layer name: changing Toast to Toast#1
05-31 15:10:41.885  5780  5780 D ViewRootImpl[GrantPermissionsActivity]: updatePointerIcon called with position out of bounds
05-31 15:10:42.876  2239  2251 D VoldConnector: SND -> {11 volume remount_uid 10075 read}
05-31 15:10:42.877  2105  2108 D vold    : Remounting 10075 as mode read
05-31 15:10:42.880  2105  2108 D vold    : Found matching PID 5750
05-31 15:10:42.914  2239  2300 D VoldConnector: RCV <- {200 11 Command succeeded}
05-31 15:10:42.915  2239  2251 D VoldConnector: SND -> {12 volume remount_uid 10075 write}
05-31 15:10:42.915  2105  2108 D vold    : Remounting 10075 as mode write
05-31 15:10:42.917  2105  2108 D vold    : Found matching PID 5750
05-31 15:10:42.943  2239  2300 D VoldConnector: RCV <- {200 12 Command succeeded}
05-31 15:10:42.950  2363  2363 I StatusBar: taskId 16 keep true cmpComponentInfo{com.seafile.seadroid2.debug/com.seafile.seadroid2.ui.activity.SplashActivity}
05-31 15:10:42.969  5780  5804 D OpenGLRenderer: endAllActiveAnimators on 0x717410ba5400 (RippleDrawable) with handle 0x717411958360
05-31 15:10:43.168  2129  2129 W SurfaceFlinger: couldn't log to binary event log: overflow.
05-31 15:10:43.864  2239  2239 W WindowManager: removeWindowToken: Attempted to remove non-existing token: android.os.Binder@2d18e56
05-31 15:10:44.200  2331  2685 I bt_bta_dm: bta_dm_find_services services_to_search=7fffffff
05-31 15:10:44.201  2331  2685 I bt_bta_dm: bta_dm_find_services search UUID = 1200
05-31 15:10:45.080  2331  2331 D BluetoothPhonePolicy: Received ACTION_UUID for device 88:10:8F:15:53:3F
05-31 15:10:45.080  2331  2331 D BluetoothPhonePolicy: index=0uuid=0000110a-0000-1000-8000-00805f9b34fb
05-31 15:10:45.080  2331  2331 D BluetoothPhonePolicy: index=1uuid=00001105-0000-1000-8000-00805f9b34fb
05-31 15:10:45.080  2331  2331 D BluetoothPhonePolicy: index=2uuid=00001115-0000-1000-8000-00805f9b34fb
05-31 15:10:45.080  2331  2331 D BluetoothPhonePolicy: index=3uuid=00001116-0000-1000-8000-00805f9b34fb
05-31 15:10:45.080  2331  2331 D BluetoothPhonePolicy: index=4uuid=0000112f-0000-1000-8000-00805f9b34fb
05-31 15:10:45.081  2331  2331 D BluetoothPhonePolicy: index=5uuid=00001112-0000-1000-8000-00805f9b34fb
05-31 15:10:45.081  2331  2331 D BluetoothPhonePolicy: index=6uuid=0000111f-0000-1000-8000-00805f9b34fb
05-31 15:10:45.081  2331  2331 D BluetoothPhonePolicy: index=7uuid=00001132-0000-1000-8000-00805f9b34fb
05-31 15:10:45.081  2331  2331 D BluetoothPhonePolicy: index=8uuid=00000000-0000-1000-8000-00805f9b34fb
05-31 15:10:45.081  2331  2331 D BluetoothPhonePolicy: index=9uuid=00000000-0000-1000-8000-00805f9b34fb
05-31 15:10:45.081  2331  2331 D BluetoothPhonePolicy: processInitProfilePriorities() - device 88:10:8F:15:53:3F
05-31 15:10:45.081  2331  2331 D HidService: getHidService(): returning com.android.bluetooth.hid.HidService@f45131f
05-31 15:10:45.088  2363  2531 D LocalBluetoothProfileManager: Current Profiles[PAN]
05-31 15:10:45.088  2363  2531 D BluetoothMap: getConnectedDevices()
05-31 15:10:45.089  2363  2531 D BluetoothMap: getConnectionState(88:10:8F:15:53:3F)
05-31 15:10:45.091  2363  2531 D MapProfile: getConnectionStatus: status is: 0
05-31 15:10:45.091  2363  2531 D LocalBluetoothProfileManager: New Profiles[PAN]
05-31 15:10:45.675  2331  2685 W bt_btif : bta_dm_acl_change info: 0x10
05-31 15:10:45.675  2331  2431 D bt_btif_dm: remote version info [88:10:8f:15:53:3f]: 0, 0, 0
05-31 15:10:45.681  2239  5746 I chatty  : uid=1000(system) Binder:2239_16 expire 1 line
05-31 15:10:45.682  2118  2679 D android.hardware.bluetooth-hci-h4: OnDataReady Command complete event ncmds = 1
05-31 15:10:45.684  2239  4091 I chatty  : uid=1000(system) Binder:2239_E expire 4 lines
05-31 15:10:45.685  2118  2679 D android.hardware.bluetooth-hci-h4: OnDataReady Command complete event ncmds = 1
05-31 15:10:45.688  2118  2679 D android.hardware.bluetooth-hci-h4: OnDataReady Command complete event ncmds = 1
05-31 15:10:45.726  2331  2685 W bt_sdp  : process_service_search_attr_rsp
05-31 15:10:45.726  2331  2685 W bt_sdp  : sdp_copy_raw_data: list_len:54 cpy_len:54 p:0x71741cfbe80a p_ccb:0x717411a9de10 p_db:0x71740f633008 raw_size:4096 raw_used:0 raw_data:0x7174119b0560
05-31 15:10:45.734  2331  2685 I bt_bta_dm: bta_dm_find_services services_to_search=7ffffffe
05-31 15:10:45.734  2331  2685 I bt_bta_dm: bta_dm_find_services search UUID = 0100
05-31 15:10:45.785  2331  2685 W bt_sdp  : process_service_search_attr_rsp
05-31 15:10:45.785  2331  2685 W bt_sdp  : sdp_copy_raw_data: list_len:1340 cpy_len:1340 p:0x71741cfbfc0b p_ccb:0x717411a9de10 p_db:0x71740f633008 raw_size:4096 raw_used:0 raw_data:0x7174119b0560
05-31 15:10:45.792  2331  2431 I bt_btif_dm: btif_dm_search_services_evt index:0 uuid:0000110a-0000-1000-8000-00805f9b34fb
05-31 15:10:45.793  2331  2431 I bt_btif_dm: btif_dm_search_services_evt index:1 uuid:00001105-0000-1000-8000-00805f9b34fb
05-31 15:10:45.793  2331  2431 I bt_btif_dm: btif_dm_search_services_evt index:2 uuid:00001115-0000-1000-8000-00805f9b34fb
05-31 15:10:45.793  2331  2431 I bt_btif_dm: btif_dm_search_services_evt index:3 uuid:00001116-0000-1000-8000-00805f9b34fb
05-31 15:10:45.793  2331  2431 I bt_btif_dm: btif_dm_search_services_evt index:4 uuid:0000112f-0000-1000-8000-00805f9b34fb
05-31 15:10:45.793  2331  2431 I bt_btif_dm: btif_dm_search_services_evt index:5 uuid:00001112-0000-1000-8000-00805f9b34fb
05-31 15:10:45.793  2331  2431 I bt_btif_dm: btif_dm_search_services_evt index:6 uuid:0000111f-0000-1000-8000-00805f9b34fb
05-31 15:10:45.793  2331  2431 I bt_btif_dm: btif_dm_search_services_evt index:7 uuid:00001132-0000-1000-8000-00805f9b34fb
05-31 15:10:45.793  2331  2431 I bt_btif_dm: btif_dm_search_services_evt index:8 uuid:00000000-0000-1000-8000-00805f9b34fb
05-31 15:10:45.793  2331  2431 I bt_btif_dm: btif_dm_search_services_evt index:9 uuid:00000000-0000-1000-8000-00805f9b34fb
05-31 15:10:45.798  2331  2331 D BluetoothPhonePolicy: Received ACTION_UUID for device 88:10:8F:15:53:3F
05-31 15:10:45.798  2331  2331 D BluetoothPhonePolicy: index=0uuid=0000110a-0000-1000-8000-00805f9b34fb
05-31 15:10:45.799  2331  2331 D BluetoothPhonePolicy: index=1uuid=00001105-0000-1000-8000-00805f9b34fb
05-31 15:10:45.799  2331  2331 D BluetoothPhonePolicy: index=2uuid=00001115-0000-1000-8000-00805f9b34fb
05-31 15:10:45.799  2331  2331 D BluetoothPhonePolicy: index=3uuid=00001116-0000-1000-8000-00805f9b34fb
05-31 15:10:45.799  2331  2331 D BluetoothPhonePolicy: index=4uuid=0000112f-0000-1000-8000-00805f9b34fb
05-31 15:10:45.799  2331  2331 D BluetoothPhonePolicy: index=5uuid=00001112-0000-1000-8000-00805f9b34fb
05-31 15:10:45.799  2331  2331 D BluetoothPhonePolicy: index=6uuid=0000111f-0000-1000-8000-00805f9b34fb
05-31 15:10:45.799  2331  2331 D BluetoothPhonePolicy: index=7uuid=00001132-0000-1000-8000-00805f9b34fb
05-31 15:10:45.799  2331  2331 D BluetoothPhonePolicy: index=8uuid=00000000-0000-1000-8000-00805f9b34fb
05-31 15:10:45.799  2331  2331 D BluetoothPhonePolicy: index=9uuid=00000000-0000-1000-8000-00805f9b34fb
05-31 15:10:45.799  2331  2331 D BluetoothPhonePolicy: processInitProfilePriorities() - device 88:10:8F:15:53:3F
05-31 15:10:45.799  2331  2331 D HidService: getHidService(): returning com.android.bluetooth.hid.HidService@f45131f
05-31 15:10:45.803  2363  2531 D LocalBluetoothProfileManager: Current Profiles[PAN]
05-31 15:10:45.803  2363  2531 D BluetoothMap: getConnectedDevices()
05-31 15:10:45.804  2363  2531 D BluetoothMap: getConnectionState(88:10:8F:15:53:3F)
05-31 15:10:45.804  2363  2531 D MapProfile: getConnectionStatus: status is: 0
05-31 15:10:45.804  2363  2531 D LocalBluetoothProfileManager: New Profiles[PAN]
05-31 15:10:45.867  2239  2239 W WindowManager: removeWindowToken: Attempted to remove non-existing token: android.os.Binder@be16d5
05-31 15:10:45.886  2129  2129 D SurfaceFlinger: duplicate layer name: changing Toast to Toast#1
05-31 15:10:46.157  2129  2129 I surfaceflinger: type=1400 audit(0.0:895): avc: denied { ioctl } for path="/dev/dri/card0" dev="tmpfs" ino=11630 ioctlcmd=0x64b0 scontext=u:r:surfaceflinger:s0 tcontext=u:object_r:device:s0 tclass=chr_file permissive=1
05-31 15:10:49.108  2791  3058 W NamedFutures: Timeout future task has been cancelled: 10000 milliseconds
05-31 15:10:49.109  2791  2791 E SearchServiceStarter: Task 174 failed or timed out. Client 12276507098062707 disconnecting from SearchService!
05-31 15:10:49.109  2791  2791 E SearchServiceStarter: java.util.concurrent.CancellationException: Task was cancelled.
05-31 15:10:49.109  2791  2791 E SearchServiceStarter: 	at com.google.common.util.concurrent.d.ct(SourceFile:75)
05-31 15:10:49.109  2791  2791 E SearchServiceStarter: 	at com.google.common.util.concurrent.d.get(SourceFile:57)
05-31 15:10:49.109  2791  2791 E SearchServiceStarter: 	at com.google.common.util.concurrent.cg.n(SourceFile:2)
05-31 15:10:49.109  2791  2791 E SearchServiceStarter: 	at com.google.common.util.concurrent.av.l(SourceFile:50)
05-31 15:10:49.109  2791  2791 E SearchServiceStarter: 	at com.google.common.util.concurrent.ax.run(SourceFile:5)
05-31 15:10:49.109  2791  2791 E SearchServiceStarter: 	at com.google.android.apps.gsa.shared.util.concurrent.a.bc.run(SourceFile:2)
05-31 15:10:49.109  2791  2791 E SearchServiceStarter: 	at android.os.Handler.handleCallback(Handler.java:790)
05-31 15:10:49.109  2791  2791 E SearchServiceStarter: 	at android.os.Handler.dispatchMessage(Handler.java:99)
05-31 15:10:49.109  2791  2791 E SearchServiceStarter: 	at android.os.Looper.loop(Looper.java:164)
05-31 15:10:49.109  2791  2791 E SearchServiceStarter: 	at android.app.ActivityThread.main(ActivityThread.java:6494)
05-31 15:10:49.109  2791  2791 E SearchServiceStarter: 	at java.lang.reflect.Method.invoke(Native Method)
05-31 15:10:49.109  2791  2791 E SearchServiceStarter: 	at com.android.internal.os.RuntimeInit$MethodAndArgsCaller.run(RuntimeInit.java:463)
05-31 15:10:49.109  2791  2791 E SearchServiceStarter: 	at com.android.internal.os.ZygoteInit.main(ZygoteInit.java:807)
05-31 15:10:49.109  2239  4091 I ActivityManager: Killing 5158:com.android.mtp/u0a11 (adj 906): empty #17
05-31 15:10:49.113  2239  5746 W BroadcastQueue: Background execution not allowed: receiving Intent { act=android.bluetooth.device.action.UUID flg=0x10 (has extras) } to com.google.android.googlequicksearchbox/com.google.android.apps.gsa.broadcastreceiver.CommonBroadcastReceiver
05-31 15:10:49.115  2791  2791 E WorkerRegistryImpl: getWorker() is called after WorkerRegistry disposal.
05-31 15:10:49.115  2791  2791 E WorkerRegistryImpl: getWorker() is called after WorkerRegistry disposal.
05-31 15:10:49.120  2239  2251 W ActivityManager: Unable to start service Intent { cmp=com.google.android.gm.exchange/com.android.exchange.service.EasService } U=0: not found
05-31 15:10:49.121  2986  5818 W WakefulBroadcastReceiv.: No active wake lock id #3
05-31 15:10:49.126  3106  3106 E ChimeraProxyRslvr: Chimera config error: com.google.android.chimera.config.InvalidConfigException: No registered Chimera impl for ComponentInfo{com.google.android.gms/com.google.android.gms.mdm.receivers.AccountsChangedReceiver}
05-31 15:10:49.126  3106  3106 E ChimeraRcvrProxy: com.google.android.gms.mdm.receivers.AccountsChangedReceiver dropping broadcast android.accounts.LOGIN_ACCOUNTS_CHANGED
05-31 15:10:49.128  3106  5822 I GCM-GMS : Scheduling task to register GMS
05-31 15:10:49.128  3106  5825 I PmtsSwAccountIntentOp: Processing intent action=android.accounts.LOGIN_ACCOUNTS_CHANGED
05-31 15:10:49.128  3106  5825 I PmtsSwAccountIntentOp: Sw accountsLength=0
05-31 15:10:49.132  5832  5832 I main    : type=1400 audit(0.0:896): avc: denied { create } for name="cgroup.procs" scontext=u:r:zygote:s0 tcontext=u:object_r:cgroup:s0 tclass=file permissive=1
05-31 15:10:49.134  5832  5832 W zygote64: Unexpected CPU variant for X86 using defaults: x86_64
05-31 15:10:49.141  2239  2251 I ActivityManager: Start proc 5832:android.process.acore/u0a3 for content provider com.android.providers.contacts/.ContactsProvider2
05-31 15:10:49.150  2239  5746 W BroadcastQueue: Background execution not allowed: receiving Intent { act=android.bluetooth.device.action.UUID flg=0x10 (has extras) } to com.google.android.googlequicksearchbox/com.google.android.apps.gsa.broadcastreceiver.CommonBroadcastReceiver
05-31 15:10:49.152  2239  5194 W BroadcastQueue: Background execution not allowed: receiving Intent { act=android.bluetooth.device.action.UUID flg=0x10 (has extras) } to com.google.android.googlequicksearchbox/com.google.android.apps.gsa.broadcastreceiver.CommonBroadcastReceiver
05-31 15:10:49.154  2239  2256 I chatty  : uid=1000(system) ActivityManager expire 14 lines
05-31 15:10:49.154  5832  5832 I ContactsPerf: VoicemailContentProvider.onCreate start
05-31 15:10:49.156  5832  5853 D ContactsDatabaseHelper: WAL enabled for contacts2.db: true
05-31 15:10:49.156  5832  5832 I ContactsPerf: VoicemailContentProvider.onCreate finish
05-31 15:10:49.164  3106  5858 I GCM-GMS : Registering GMS 745476177629
05-31 15:10:49.165  2986  3005 I AsyncOpDispatcher: 52-GetVoiceUnlockStateOperation
05-31 15:10:49.174  5408  5859 I DynamiteModule: Considering local module com.google.android.gms.brella_dynamite:0 and remote module com.google.android.gms.brella_dynamite:222
05-31 15:10:49.175  5408  5859 I DynamiteModule: Selected remote version of com.google.android.gms.brella_dynamite, version >= 222
05-31 15:10:49.179  5832  5853 I ContactLocale: AddressBook Labels [[zh_CN_#Hans]]: [, A, B, C, D, E, F, G, H, I, J, K, L, M, N, O, P, Q, R, S, T, U, V, W, X, Y, Z, , , , , , , , , , , , , , , , , , , , , , , , , , , , , , , , , , , , , , , , , , , , , , , , , , , , , , , , , , , , , , , , , , , , , , , , , , , , , , , , , , , , , , , , , , , , , , , , , , , , , , , , , , , , , , , , , , , , , , , , , , , , , , , , , , , , , , , , , , , , , , , , , , , , , , , , , , , , , , , , , , , , , , , , , , , , , , , , , , , , , , , , , , , #, ]
05-31 15:10:49.181  5832  5853 D ContactsDatabaseHelper: WAL enabled for profile.db: false
05-31 15:10:49.192  5832  5853 I ContactsProvider: Accounts changed
05-31 15:10:49.194  5832  5853 I ContactsProvider: Accounts changed
05-31 15:10:49.194  3106  3855 E AsyncOpDispatcher: Unable to get current module info in ModuleManager created with non-module Context
05-31 15:10:49.206  5832  5853 I ContactDirectoryManager: deleted 0 stale rows which don't have any relevant directory
05-31 15:10:49.206  5832  5853 I ContactDirectoryManager: Discovered 0 contact directories in 6ms
05-31 15:10:49.207  2331  2331 D BluetoothPbapService:  onChange on contact uri 
05-31 15:10:49.208  5408  5859 E memtrack: Couldn't load memtrack module
05-31 15:10:49.208  5408  5859 W android.os.Debug: failed to get memory consumption info: -1
05-31 15:10:49.222  5408  5859 W native  : tensor_slice_reader_cache.cc:71 Caching disabled because the open function is a lambda or RTTI is not enabled in this build.
05-31 15:10:49.224  5408  5859 I chatty  : uid=10014 com.google.android.gms.learning identical 2 lines
05-31 15:10:49.224  5408  5859 W native  : tensor_slice_reader_cache.cc:71 Caching disabled because the open function is a lambda or RTTI is not enabled in this build.
05-31 15:10:49.345  5408  5859 E memtrack: Couldn't load memtrack module
05-31 15:10:49.345  5408  5859 W android.os.Debug: failed to get memory consumption info: -1
05-31 15:10:49.354  2331  2685 I bt_bta_dm: bta_dm_find_services services_to_search=7fffffff
05-31 15:10:49.354  2331  2685 I bt_bta_dm: bta_dm_find_services search UUID = 1200
05-31 15:10:49.371  2239  2239 W WindowManager: removeWindowToken: Attempted to remove non-existing token: android.os.Binder@2b58933
05-31 15:10:49.507  2331  2685 W bt_sdp  : process_service_search_attr_rsp
05-31 15:10:49.507  2331  2685 W bt_sdp  : sdp_copy_raw_data: list_len:54 cpy_len:54 p:0x71740f63880a p_ccb:0x717411a9de10 p_db:0x71740f633008 raw_size:4096 raw_used:0 raw_data:0x7174119b0560
05-31 15:10:49.560  2331  2685 I bt_bta_dm: bta_dm_find_services services_to_search=7ffffffe
05-31 15:10:49.560  2331  2685 I bt_bta_dm: bta_dm_find_services search UUID = 0100
05-31 15:10:49.730  2331  2685 W bt_sdp  : process_service_search_attr_rsp
05-31 15:10:49.730  2331  2685 W bt_sdp  : sdp_copy_raw_data: list_len:1340 cpy_len:1340 p:0x71741ce6100b p_ccb:0x717411a9de10 p_db:0x71740f633008 raw_size:4096 raw_used:0 raw_data:0x7174119b0560
05-31 15:10:49.737  2331  2431 I bt_btif_dm: btif_dm_search_services_evt index:0 uuid:0000110a-0000-1000-8000-00805f9b34fb
05-31 15:10:49.737  2331  2431 I bt_btif_dm: btif_dm_search_services_evt index:1 uuid:00001105-0000-1000-8000-00805f9b34fb
05-31 15:10:49.737  2331  2431 I bt_btif_dm: btif_dm_search_services_evt index:2 uuid:00001115-0000-1000-8000-00805f9b34fb
05-31 15:10:49.737  2331  2431 I bt_btif_dm: btif_dm_search_services_evt index:3 uuid:00001116-0000-1000-8000-00805f9b34fb
05-31 15:10:49.737  2331  2431 I bt_btif_dm: btif_dm_search_services_evt index:4 uuid:0000112f-0000-1000-8000-00805f9b34fb
05-31 15:10:49.737  2331  2431 I bt_btif_dm: btif_dm_search_services_evt index:5 uuid:00001112-0000-1000-8000-00805f9b34fb
05-31 15:10:49.738  2331  2431 I bt_btif_dm: btif_dm_search_services_evt index:6 uuid:0000111f-0000-1000-8000-00805f9b34fb
05-31 15:10:49.738  2331  2431 I bt_btif_dm: btif_dm_search_services_evt index:7 uuid:00001132-0000-1000-8000-00805f9b34fb
05-31 15:10:49.738  2331  2431 I bt_btif_dm: btif_dm_search_services_evt index:8 uuid:00000000-0000-1000-8000-00805f9b34fb
05-31 15:10:49.738  2331  2431 I bt_btif_dm: btif_dm_search_services_evt index:9 uuid:00000000-0000-1000-8000-00805f9b34fb
05-31 15:10:49.745  2331  2331 D BluetoothPhonePolicy: Received ACTION_UUID for device 88:10:8F:15:53:3F
05-31 15:10:49.745  2331  2331 D BluetoothPhonePolicy: index=0uuid=0000110a-0000-1000-8000-00805f9b34fb
05-31 15:10:49.745  2331  2331 D BluetoothPhonePolicy: index=1uuid=00001105-0000-1000-8000-00805f9b34fb
05-31 15:10:49.745  2331  2331 D BluetoothPhonePolicy: index=2uuid=00001115-0000-1000-8000-00805f9b34fb
05-31 15:10:49.745  2331  2331 D BluetoothPhonePolicy: index=3uuid=00001116-0000-1000-8000-00805f9b34fb
05-31 15:10:49.745  2331  2331 D BluetoothPhonePolicy: index=4uuid=0000112f-0000-1000-8000-00805f9b34fb
05-31 15:10:49.745  2331  2331 D BluetoothPhonePolicy: index=5uuid=00001112-0000-1000-8000-00805f9b34fb
05-31 15:10:49.745  2331  2331 D BluetoothPhonePolicy: index=6uuid=0000111f-0000-1000-8000-00805f9b34fb
05-31 15:10:49.745  2331  2331 D BluetoothPhonePolicy: index=7uuid=00001132-0000-1000-8000-00805f9b34fb
05-31 15:10:49.745  2331  2331 D BluetoothPhonePolicy: index=8uuid=00000000-0000-1000-8000-00805f9b34fb
05-31 15:10:49.745  2331  2331 D BluetoothPhonePolicy: index=9uuid=00000000-0000-1000-8000-00805f9b34fb
05-31 15:10:49.745  2331  2331 D BluetoothPhonePolicy: processInitProfilePriorities() - device 88:10:8F:15:53:3F
05-31 15:10:49.745  2331  2331 D HidService: getHidService(): returning com.android.bluetooth.hid.HidService@f45131f
05-31 15:10:49.751  2363  2531 D LocalBluetoothProfileManager: Current Profiles[PAN]
05-31 15:10:49.751  2363  2531 D BluetoothMap: getConnectedDevices()
05-31 15:10:49.752  2363  2531 D BluetoothMap: getConnectionState(88:10:8F:15:53:3F)
05-31 15:10:49.754  2363  2531 D MapProfile: getConnectionStatus: status is: 0
05-31 15:10:49.754  2363  2531 D LocalBluetoothProfileManager: New Profiles[PAN]
05-31 15:10:50.124  3440  3440 I Finsky  : [2] com.google.android.finsky.hygiene.d.a(51): Beginning daily hygiene, foreground = false, reason = 2
05-31 15:10:50.125  3440  3440 I Finsky  : [2] com.google.android.finsky.hygiene.d.a(80): Diff version or system, clear token & cache
05-31 15:10:50.127  3440  3440 W Finsky  : [2] com.google.android.finsky.application.impl.a.b(583): For unauth, use getDfeApiNonAuthenticated() instead!
05-31 15:10:50.129  3440  3497 D Volley  : [149] f.a: Cache cleared.
05-31 15:10:50.130  3440  3511 D Volley  : [157] f.a: Cache cleared.
05-31 15:10:50.133  3440  3440 D Volley  : [2] f.a: Cache cleared.
05-31 15:10:50.144  3440  3440 W Finsky  : [2] com.google.android.finsky.application.impl.a.b(583): For unauth, use getDfeApiNonAuthenticated() instead!
05-31 15:10:50.144  3440  3440 I Finsky  : [2] com.google.android.finsky.hygiene.a.a.a(93): Probe unauthenticated for hygiene pass
05-31 15:10:50.147  3440  3498 E Finsky  : [150] com.google.android.finsky.ac.d.a(1598): Unexpected android-id = 0
05-31 15:10:52.115  2239  3747 I chatty  : uid=1000(system) Binder:2239_D expire 1 line
05-31 15:10:52.123  2239  2251 I chatty  : uid=1000(system) Binder:2239_2 expire 2 lines
05-31 15:10:52.127  2986  5852 W ctxmgr  : [AclManager]null policy map (1) 57, clientInfo=(accnt=account#-517948760#, com.google.android.gms(10014):IndoorOutdoorProducer, vrsn=12688000, 0, 3pPkg = null ,  3pMdlId = null ,  pid = 2986)
05-31 15:10:52.127  2986  5852 W ctxmgr  : [AclManager]null policy map (2) 57, clientInfo=(accnt=account#-517948760#, com.google.android.gms(10014):IndoorOutdoorProducer, vrsn=12688000, 0, 3pPkg = null ,  3pMdlId = null ,  pid = 2986)
05-31 15:10:52.127  2986  5852 W ctxmgr  : [AclManager]null policy map (1) 57, clientInfo=(accnt=account#-517948760#, com.google.android.gms(10014):IndoorOutdoorProducer, vrsn=12688000, 0, 3pPkg = null ,  3pMdlId = null ,  pid = 2986)
05-31 15:10:52.129  2986  5852 E ctxmgr  : [NetworkUtil]No active synchronizable contexts.
05-31 15:10:53.319  5750  5750 I chatty  : uid=10075(u0_a75) com.seafile.seadroid2.debug expire 23 lines
05-31 15:10:53.559  5750  5882 I chatty  : uid=10075(u0_a75) com.seafile.seadroid2.debug expire 1 line
05-31 15:10:53.821  2331  2685 I bt_btm_sec: btm_sec_disconnected clearing pending flag handle:256 reason:22
05-31 15:10:53.821  2331  2431 W bt_btif : btif_av_move_idle: ACL Disconnected state 0 bd_addr=88:10:8f:15:53:3f peer_bda=00:00:00:00:00:00
05-31 15:10:53.823  2331  2331 D BluetoothMapService: onReceive
05-31 15:10:53.823  2331  2331 D BluetoothMapService: onReceive: android.bluetooth.device.action.ACL_DISCONNECTED
05-31 15:10:53.823  2331  2331 D BluetoothPbapService: action: android.bluetooth.device.action.ACL_DISCONNECTED
05-31 15:10:53.823  2331  2331 D BluetoothPbapService: state: -2147483648
05-31 15:10:53.823  2331  2331 W BluetoothPbapService: Unrecognized intent!
05-31 15:10:53.824  2239  5155 I chatty  : uid=1000(system) Binder:2239_13 expire 2 lines
05-31 15:10:54.344  5750  5885 I chatty  : uid=10075(u0_a75) com.seafile.seadroid2.debug expire 1 line
05-31 15:10:55.161  3440  3498 E Finsky  : [150] com.google.android.finsky.ac.d.a(1598): Unexpected android-id = 0
05-31 15:10:55.166  2331  2331 D BluetoothPhonePolicy: Received ACTION_UUID for device 88:10:8F:15:53:3F
05-31 15:10:55.166  2331  2331 D BluetoothPhonePolicy: index=0uuid=0000110a-0000-1000-8000-00805f9b34fb
05-31 15:10:55.166  2331  2331 D BluetoothPhonePolicy: index=1uuid=00001105-0000-1000-8000-00805f9b34fb
05-31 15:10:55.166  2331  2331 D BluetoothPhonePolicy: index=2uuid=00001115-0000-1000-8000-00805f9b34fb
05-31 15:10:55.166  2331  2331 D BluetoothPhonePolicy: index=3uuid=00001116-0000-1000-8000-00805f9b34fb
05-31 15:10:55.166  2331  2331 D BluetoothPhonePolicy: index=4uuid=0000112f-0000-1000-8000-00805f9b34fb
05-31 15:10:55.166  2331  2331 D BluetoothPhonePolicy: index=5uuid=00001112-0000-1000-8000-00805f9b34fb
05-31 15:10:55.166  2331  2331 D BluetoothPhonePolicy: index=6uuid=0000111f-0000-1000-8000-00805f9b34fb
05-31 15:10:55.166  2331  2331 D BluetoothPhonePolicy: index=7uuid=00001132-0000-1000-8000-00805f9b34fb
05-31 15:10:55.166  2331  2331 D BluetoothPhonePolicy: index=8uuid=00000000-0000-1000-8000-00805f9b34fb
05-31 15:10:55.166  2331  2331 D BluetoothPhonePolicy: index=9uuid=00000000-0000-1000-8000-00805f9b34fb
05-31 15:10:55.166  2331  2331 D BluetoothPhonePolicy: processInitProfilePriorities() - device 88:10:8F:15:53:3F
05-31 15:10:55.167  2331  2331 D HidService: getHidService(): returning com.android.bluetooth.hid.HidService@f45131f
05-31 15:10:55.172  2363  2531 D LocalBluetoothProfileManager: Current Profiles[PAN]
05-31 15:10:55.172  2363  2531 D BluetoothMap: getConnectedDevices()
05-31 15:10:55.174  2363  2531 D BluetoothMap: getConnectionState(88:10:8F:15:53:3F)
05-31 15:10:55.176  2363  2531 D MapProfile: getConnectionStatus: status is: 0
05-31 15:10:55.176  2363  2531 D LocalBluetoothProfileManager: New Profiles[PAN]
05-31 15:10:58.771  2117  4291 I audio_hw_primary: choose pcmC0D0p for 0
05-31 15:10:59.166  2791  3058 W NamedFutures: Timeout future task has been cancelled: 10000 milliseconds
05-31 15:10:59.166  2791  2791 E SearchServiceStarter: Task 174 failed or timed out. Client 12276507098062708 disconnecting from SearchService!
05-31 15:10:59.166  2791  2791 E SearchServiceStarter: java.util.concurrent.CancellationException: Task was cancelled.
05-31 15:10:59.166  2791  2791 E SearchServiceStarter: 	at com.google.common.util.concurrent.d.ct(SourceFile:75)
05-31 15:10:59.166  2791  2791 E SearchServiceStarter: 	at com.google.common.util.concurrent.d.get(SourceFile:57)
05-31 15:10:59.166  2791  2791 E SearchServiceStarter: 	at com.google.common.util.concurrent.cg.n(SourceFile:2)
05-31 15:10:59.166  2791  2791 E SearchServiceStarter: 	at com.google.common.util.concurrent.av.l(SourceFile:50)
05-31 15:10:59.166  2791  2791 E SearchServiceStarter: 	at com.google.common.util.concurrent.ax.run(SourceFile:5)
05-31 15:10:59.166  2791  2791 E SearchServiceStarter: 	at com.google.android.apps.gsa.shared.util.concurrent.a.bc.run(SourceFile:2)
05-31 15:10:59.166  2791  2791 E SearchServiceStarter: 	at android.os.Handler.handleCallback(Handler.java:790)
05-31 15:10:59.166  2791  2791 E SearchServiceStarter: 	at android.os.Handler.dispatchMessage(Handler.java:99)
05-31 15:10:59.166  2791  2791 E SearchServiceStarter: 	at android.os.Looper.loop(Looper.java:164)
05-31 15:10:59.166  2791  2791 E SearchServiceStarter: 	at android.app.ActivityThread.main(ActivityThread.java:6494)
05-31 15:10:59.166  2791  2791 E SearchServiceStarter: 	at java.lang.reflect.Method.invoke(Native Method)
05-31 15:10:59.166  2791  2791 E SearchServiceStarter: 	at com.android.internal.os.RuntimeInit$MethodAndArgsCaller.run(RuntimeInit.java:463)
05-31 15:10:59.166  2791  2791 E SearchServiceStarter: 	at com.android.internal.os.ZygoteInit.main(ZygoteInit.java:807)
05-31 15:10:59.172  2239  4091 W BroadcastQueue: Background execution not allowed: receiving Intent { act=android.bluetooth.device.action.UUID flg=0x10 (has extras) } to com.google.android.googlequicksearchbox/com.google.android.apps.gsa.broadcastreceiver.CommonBroadcastReceiver
05-31 15:10:59.188  2986  5850 E GCM     : Missing checkin config file
05-31 15:10:59.188  2986  5850 W GCM     : GCM FAILED TO INITIALIZE - missing checkin
05-31 15:10:59.189  3106  5858 W GCM-GMS : Failed to get registration: java.io.IOException: AUTHENTICATION_FAILED
05-31 15:10:59.190  2986  3005 E NetworkScheduler.ATC: Received callback from client for task that is already complete. ComponentInfo{com.google.android.gms/com.google.android.gms.gcm.gmsproc.GcmInGmsTaskService} gms_registration
05-31 15:10:59.190  2239  5155 W BroadcastQueue: Background execution not allowed: receiving Intent { act=android.bluetooth.device.action.UUID flg=0x10 (has extras) } to com.google.android.googlequicksearchbox/com.google.android.apps.gsa.broadcastreceiver.CommonBroadcastReceiver
05-31 15:11:00.018  2363  2363 I RenderThread: type=1400 audit(0.0:901): avc: denied { map } for path=2F69393135202864656C6574656429 dev="tmpfs" ino=60295 scontext=u:r:platform_app:s0:c512,c768 tcontext=u:object_r:platform_app_tmpfs:s0:c512,c768 tclass=file permissive=1
05-31 15:11:00.203  3440  3440 W Finsky  : [2] com.google.android.finsky.hygiene.a.f.a(2): Self-update check failed with error: com.android.volley.TimeoutError
05-31 15:11:00.210  3440  5893 I Finsky  : [228] com.google.android.finsky.heterodyne.HeterodyneSyncService.onHandleIntent(6): Triggered Heterodyne Sync.
05-31 15:11:00.214  3440  5893 W ProxyAndroidLoggerBackend: Too many Flogger logs received before configuration. Dropping old logs.
05-31 15:11:00.215  3440  5893 E Finsky  : [228] com.google.android.finsky.ac.d.a(1598): Unexpected android-id = 0
05-31 15:11:00.221  3440  3440 I Finsky  : [2] com.google.android.finsky.hygiene.d.b(260): Logging device features
05-31 15:11:00.231  3440  5895 I Finsky  : [230] com.google.android.finsky.datasync.v.a(73): [Cache and Sync] mode not available for any accounts.
05-31 15:11:00.234  3440  3440 I Finsky  : [2] com.google.android.finsky.hygiene.impl.d.a(25): Dispatching hygiene task 11
05-31 15:11:00.235  3440  5895 D Volley  : [230] f.a: Cache cleared.
05-31 15:11:00.236  3440  3440 I Finsky  : [2] com.google.android.finsky.hygiene.impl.d.a(25): Dispatching hygiene task 26
05-31 15:11:00.240  3440  3440 W Settings: Setting install_non_market_apps has moved from android.provider.Settings.Global to android.provider.Settings.Secure, returning read-only value.
05-31 15:11:00.241  3440  3440 W Settings: Setting download_manager_max_bytes_over_mobile has moved from android.provider.Settings.Secure to android.provider.Settings.Global.
05-31 15:11:00.247  3440  3440 I Finsky  : [2] com.google.android.finsky.hygiene.impl.d.a(181): Giving up. (failures=11)
05-31 15:11:00.251  3440  3440 I Finsky  : [2] com.google.android.finsky.verifier.impl.VerifyInstalledPackagesReceiver.onReceive(18): Verify installed apps requested
