05-31 15:13:13.412  2239  5985 I chatty  : uid=1000(system) Binder:2239_17 identical 1 line
05-31 15:13:13.412  2239  5985 E WindowManager: Unknown window type: 2039
05-31 15:13:13.413  2363  2363 V PanelBar: onTouch: no panel for touch at (31,60)
05-31 15:13:13.432  2239  6072 E WindowManager: Unknown window type: 2039
05-31 15:13:13.434  2239  6072 E WindowManager: Unknown window type: 2039
05-31 15:13:13.482  2239  5985 E WindowManager: Unknown window type: 2039
05-31 15:13:13.522  2239  2285 E WindowManager: Unknown window type: 2039
05-31 15:13:13.522  2239  6072 E WindowManager: Unknown window type: 2039
05-31 15:13:13.535  2239  2285 E WindowManager: Unknown window type: 2039
05-31 15:13:13.653  2239  2285 E WindowManager: Unknown window type: 2039
05-31 15:13:15.970  2363  2363 D ViewRootImpl[OpenthosStatusBar]: updatePointerIcon called with position out of bounds
05-31 15:13:16.100  2239  6072 I ActivityManager: START u0 {act=android.intent.action.MAIN cat=[android.intent.category.LAUNCHER] flg=0x30000000 cmp=com.seafile.seadroid2.debug/com.seafile.seadroid2.ui.activity.SplashActivity} from uid 10033
05-31 15:13:16.101  2117  4291 I audio_hw_primary: choose pcmC0D0p for 0
05-31 15:13:16.103  2239  6072 E ActivityManager: applyOptionsLocked: Unknown animationType=0
05-31 15:13:16.110  6073  6073 I chatty  : uid=10075(u0_a75) com.seafile.seadroid2.debug expire 9 lines
05-31 15:13:16.114  2239  6072 I ActivityManager: Start proc 6073:com.seafile.seadroid2.debug/u0a75 for activity com.seafile.seadroid2.debug/com.seafile.seadroid2.ui.activity.SplashActivity
05-31 15:13:16.114  2239  6072 E WindowManager: Unknown window type: 2039
05-31 15:13:16.116  2239  5985 E WindowManager: Unknown window type: 2039
05-31 15:13:16.119  2239  2285 E WindowManager: Unknown window type: 2039
05-31 15:13:16.121  2363  2363 I StatusBar: taskId 18 keep true cmpComponentInfo{com.seafile.seadroid2.debug/com.seafile.seadroid2.ui.activity.SplashActivity}
05-31 15:13:16.122  2239  5985 E WindowManager: Unknown window type: 2039
05-31 15:13:16.135  2239  5985 E WindowManager: Unknown window type: 2039
05-31 15:13:16.140  2239  2285 E WindowManager: Unknown window type: 2039
05-31 15:13:16.152  2239  2285 I chatty  : uid=1000(system) android.anim identical 2 lines
05-31 15:13:16.170  6073  6078 I chatty  : uid=10075(u0_a75) com.seafile.seadroid2.debug expire 6 lines
05-31 15:13:16.235  2239  2285 E WindowManager: Unknown window type: 2039
05-31 15:13:16.248  6073  6093 I chatty  : uid=10075(u0_a75) com.seafile.seadroid2.debug expire 1 line
05-31 15:13:16.272  6073  6073 I chatty  : uid=10075(u0_a75) com.seafile.seadroid2.debug expire 2 lines
05-31 15:13:16.272  6073  6073 I RenderThread: type=1400 audit(0.0:952): avc: denied { read } for name="uevent" dev="sysfs" ino=6486 scontext=u:r:untrusted_app:s0:c512,c768 tcontext=u:object_r:sysfs:s0 tclass=file permissive=1
05-31 15:13:16.272  6073  6073 I RenderThread: type=1400 audit(0.0:953): avc: denied { open } for path="/sys/devices/pci0000:00/0000:00:02.0/uevent" dev="sysfs" ino=6486 scontext=u:r:untrusted_app:s0:c512,c768 tcontext=u:object_r:sysfs:s0 tclass=file permissive=1
05-31 15:13:16.272  6073  6073 I RenderThread: type=1400 audit(0.0:954): avc: denied { getattr } for path="/sys/devices/pci0000:00/0000:00:02.0/uevent" dev="sysfs" ino=6486 scontext=u:r:untrusted_app:s0:c512,c768 tcontext=u:object_r:sysfs:s0 tclass=file permissive=1
05-31 15:13:16.273  6073  6093 D vndksupport: Loading /vendor/lib/hw/gralloc.drm.so from current namespace instead of sphal namespace.
05-31 15:13:16.274  6073  6093 I GRALLOC-DRM: create intel for driver i915
05-31 15:13:16.275  6073  6093 I EGL-MAIN: found extension DRI_Core version 2
05-31 15:13:16.275  6073  6093 I EGL-MAIN: found extension DRI_DRI2 version 4
05-31 15:13:16.279  6073  6093 I EGL-MAIN: found extension DRI_TexBuffer version 3
05-31 15:13:16.279  6073  6093 I EGL-MAIN: found extension DRI2_Flush version 4
05-31 15:13:16.279  6073  6093 I EGL-MAIN: found extension DRI_IMAGE version 16
05-31 15:13:16.279  6073  6093 I EGL-MAIN: found extension DRI2_Fence version 2
05-31 15:13:16.279  6073  6093 I EGL-MAIN: found extension DRI_IMAGE version 16
05-31 15:13:16.279  6073  6093 I EGL-MAIN: found extension DRI_RENDERER_QUERY version 1
05-31 15:13:16.279  6073  6093 I EGL-MAIN: found extension DRI_MutableRenderBufferDriver version 1
05-31 15:13:16.279  6073  6093 I EGL-MAIN: found extension DRI_CONFIG_QUERY version 1
05-31 15:13:16.279  6073  6093 I EGL-MAIN: found extension DRI_Robustness version 1
05-31 15:13:16.279  6073  6093 I EGL-MAIN: found extension DRI_NoError version 1
05-31 15:13:16.279  6073  6093 I EGL-MAIN: found extension DRI2_Blob version 1
05-31 15:13:16.279  6073  6093 I com.seafile.seadroid2.debug: android::hardware::configstore::V1_0::ISurfaceFlingerConfigs::hasWideColorDisplay retrieved: 0
05-31 15:13:16.279  6073  6093 I OpenGLRenderer: Initialized EGL, version 1.4
05-31 15:13:16.279  6073  6093 D OpenGLRenderer: Swap behavior 2
05-31 15:13:16.279  6073  6093 E OpenGLRenderer: Device claims wide gamut support, cannot find matching config, error = EGL_SUCCESS
05-31 15:13:16.297  6073  6093 D vndksupport: Loading /vendor/lib/hw/android.hardware.graphics.mapper@2.0-impl.so from current namespace instead of sphal namespace.
05-31 15:13:16.297  6073  6093 D vndksupport: Loading /vendor/lib/hw/gralloc.drm.so from current namespace instead of sphal namespace.
05-31 15:13:17.246  2239  5985 I ActivityManager: START u0 {cmp=com.seafile.seadroid2.debug/com.seafile.seadroid2.ui.activity.BrowserActivity} from uid 10075
05-31 15:13:17.249  2363  2363 I StatusBar: taskId 18 keep true cmpComponentInfo{com.seafile.seadroid2.debug/com.seafile.seadroid2.ui.activity.SplashActivity}
05-31 15:13:17.301  6073  6073 V openthos_cloud1: this port runing
05-31 15:13:17.333  6073  6078 I zygote  : Do full code cache collection, code=98KB, data=88KB
05-31 15:13:17.334  6073  6078 I zygote  : After code cache collection, code=69KB, data=51KB
05-31 15:13:17.341  6073  6073 I repo------: ddddddnull
05-31 15:13:17.342  6073  6073 D BrowserActivity: start TransferService
05-31 15:13:17.342  6073  6073 D BrowserActivity: try bind TransferService
05-31 15:13:17.347  6073  6073 I refresh-------: false
05-31 15:13:17.352  6073  6097 D NetworkSecurityConfig: Using Network Security Config from resource network_security_config debugBuild: true
05-31 15:13:17.352  6073  6073 D BrowserActivity: onStart
05-31 15:13:17.353  6073  6073 D DefaultAppLock: onActivityResumed
05-31 15:13:17.353  6073  6098 D SSLTrustManager: a SecureX509TrustManager is created:160996775
05-31 15:13:17.354  6073  6098 D SSLTrustManager: a SSLSocketFactory is created:com.seafile.seadroid2.ssl.SSLSeafileSocketFactory@e3d42f2
05-31 15:13:17.369  6073  6073 W StaticLayout: maxLineHeight should not be -1.  maxLines:1 lineCount:1
05-31 15:13:17.397  6073  6073 I chatty  : uid=10075(u0_a75) com.seafile.seadroid2.debug identical 14 lines
05-31 15:13:17.397  6073  6073 W StaticLayout: maxLineHeight should not be -1.  maxLines:1 lineCount:1
05-31 15:13:17.405  6073  6073 E RecyclerView: No adapter attached; skipping layout
05-31 15:13:17.411  6073  6073 D DefaultAppLock: onActivityPaused
05-31 15:13:17.417  2239  2254 I chatty  : uid=1000(system) ActivityManager expire 2 lines
05-31 15:13:17.418  2239  2254 V ActivityManager: Attempted to start a foreground service (ComponentInfo{com.seafile.seadroid2.debug/com.seafile.seadroid2.cameraupload.MediaObserverService}) with a broken notification (no icon: Notification(channel=null pri=0 contentView=null vibrate=null sound=null defaults=0x0 flags=0x40 color=0x00000000 vis=PRIVATE))
05-31 15:13:17.419  6073  6073 D FileMonitorService: onCreate
05-31 15:13:17.420  6073  6073 D FileMonitorService: onStartCommand called.
05-31 15:13:17.428  6073  6105 D SeafileObserver: watching files, # total watched 0
05-31 15:13:17.429  6073  6105 D SeafileMonitor: monitor started
05-31 15:13:17.429  6073  6106 V SeafileObserver: FileAlterationObserver[file='/storage/emulated/0/Seafile/qijw053107@openthos.org (dev.openthos.org)', listeners=1] start checking event!
05-31 15:13:17.429  6073  6106 V SeafileObserver: FileAlterationObserver[file='/storage/emulated/0/Seafile/qijw053107@openthos.org (dev.openthos.org)', listeners=1] finished checking event!
05-31 15:13:17.434  6073  6073 D BrowserActivity: bind TransferService
05-31 15:13:17.436  6073  6107 D MonitorDBHelper: loaded 0 auto update info
05-31 15:13:17.437  6073  6107 V AutoUpdateManager: check auto upload tasks, 0 in queue
05-31 15:13:17.452  6073  6078 I zygote  : Do partial code cache collection, code=120KB, data=98KB
05-31 15:13:17.452  6073  6078 I zygote  : After code cache collection, code=120KB, data=98KB
05-31 15:13:17.452  6073  6078 I zygote  : Increasing code cache capacity to 512KB
05-31 15:13:17.462  2239  3454 I chatty  : uid=1000(system) RenderThread expire 5 lines
05-31 15:13:17.504  2129  2129 I surfaceflinger: type=1400 audit(0.0:955): avc: denied { map } for path=2F69393135202864656C6574656429 dev="tmpfs" ino=67697 scontext=u:r:surfaceflinger:s0 tcontext=u:object_r:surfaceflinger_tmpfs:s0 tclass=file permissive=1
05-31 15:13:19.422  2239  2239 W WindowManager: removeWindowToken: Attempted to remove non-existing token: android.os.Binder@41a9e34
05-31 15:13:20.438  6073  6107 V AutoUpdateManager: check auto upload tasks, 0 in queue
05-31 15:13:23.440  6073  6107 I chatty  : uid=10075(u0_a75) com.seafile.seadroid2.debug identical 10 lines
05-31 15:13:26.442  6073  6107 V AutoUpdateManager: check auto upload tasks, 0 in queue
05-31 15:13:27.430  6073  6106 V SeafileObserver: FileAlterationObserver[file='/storage/emulated/0/Seafile/qijw053107@openthos.org (dev.openthos.org)', listeners=1] start checking event!
05-31 15:13:27.430  6073  6106 V SeafileObserver: FileAlterationObserver[file='/storage/emulated/0/Seafile/qijw053107@openthos.org (dev.openthos.org)', listeners=1] finished checking event!
05-31 15:13:29.443  6073  6107 V AutoUpdateManager: check auto upload tasks, 0 in queue
05-31 15:13:30.119  2239  2253 I chatty  : uid=1000(system) android.bg expire 2 lines
05-31 15:13:32.445  6073  6107 V AutoUpdateManager: check auto upload tasks, 0 in queue
05-31 15:13:34.459  2239  5985 I chatty  : uid=1000(system) Binder:2239_17 expire 2 lines
05-31 15:13:34.468  2239  6072 I chatty  : uid=1000(system) Binder:2239_18 expire 1 line
05-31 15:13:34.471  2986  6039 W ctxmgr  : [AclManager]null policy map (1) 57, clientInfo=(accnt=account#-517948760#, com.google.android.gms(10014):IndoorOutdoorProducer, vrsn=12688000, 0, 3pPkg = null ,  3pMdlId = null ,  pid = 2986)
05-31 15:13:34.471  2986  6039 W ctxmgr  : [AclManager]null policy map (2) 57, clientInfo=(accnt=account#-517948760#, com.google.android.gms(10014):IndoorOutdoorProducer, vrsn=12688000, 0, 3pPkg = null ,  3pMdlId = null ,  pid = 2986)
05-31 15:13:34.471  2986  6039 W ctxmgr  : [AclManager]null policy map (1) 57, clientInfo=(accnt=account#-517948760#, com.google.android.gms(10014):IndoorOutdoorProducer, vrsn=12688000, 0, 3pPkg = null ,  3pMdlId = null ,  pid = 2986)
05-31 15:13:34.472  2986  6039 E ctxmgr  : [NetworkUtil]No active synchronizable contexts.
05-31 15:13:35.447  6073  6107 V AutoUpdateManager: check auto upload tasks, 0 in queue
05-31 15:13:37.431  6073  6106 V SeafileObserver: FileAlterationObserver[file='/storage/emulated/0/Seafile/qijw053107@openthos.org (dev.openthos.org)', listeners=1] start checking event!
05-31 15:13:37.431  6073  6106 V SeafileObserver: FileAlterationObserver[file='/storage/emulated/0/Seafile/qijw053107@openthos.org (dev.openthos.org)', listeners=1] finished checking event!
05-31 15:13:38.448  6073  6107 V AutoUpdateManager: check auto upload tasks, 0 in queue
05-31 15:13:44.452  6073  6107 V AutoUpdateManager: check auto upload tasks, 0 in queue
05-31 15:13:45.903  2911  3063 E YouTube : Giving up device auth after 5 tries
05-31 15:13:45.903  2911  3063 E YouTube : java.util.concurrent.ExecutionException: org.apache.http.conn.ConnectTimeoutException: Connect to /6.6.6.6:443 timed out
05-31 15:13:45.903  2911  3063 E YouTube : 	at nso.get(SourceFile:23)
05-31 15:13:45.903  2911  3063 E YouTube : 	at tpg.c(SourceFile:49)
05-31 15:13:45.903  2911  3063 E YouTube : 	at tpg.a(SourceFile:70)
05-31 15:13:45.903  2911  3063 E YouTube : 	at pxf.e(SourceFile:32)
05-31 15:13:45.903  2911  3063 E YouTube : 	at odm.g(SourceFile:52)
05-31 15:13:45.903  2911  3063 E YouTube : 	at oeh.a(SourceFile:46)
05-31 15:13:45.903  2911  3063 E YouTube : 	at awh.a(SourceFile:21)
05-31 15:13:45.903  2911  3063 E YouTube : 	at oek.a(SourceFile:13)
05-31 15:13:45.903  2911  3063 E YouTube : 	at oek.a(SourceFile:6)
05-31 15:13:45.903  2911  3063 E YouTube : 	at oen.a(SourceFile:10)
05-31 15:13:45.903  2911  3063 E YouTube : 	at oen.a(SourceFile:8)
05-31 15:13:45.903  2911  3063 E YouTube : 	at avo.run(SourceFile:25)
05-31 15:13:45.903  2911  3063 E YouTube : Caused by: org.apache.http.conn.ConnectTimeoutException: Connect to /6.6.6.6:443 timed out
05-31 15:13:45.903  2911  3063 E YouTube : 	at org.apache.http.conn.scheme.PlainSocketFactory.connectSocket(PlainSocketFactory.java:126)
05-31 15:13:45.903  2911  3063 E YouTube : 	at org.apache.http.impl.conn.DefaultClientConnectionOperator.openConnection(DefaultClientConnectionOperator.java:149)
05-31 15:13:45.903  2911  3063 E YouTube : 	at org.apache.http.impl.conn.AbstractPoolEntry.open(AbstractPoolEntry.java:169)
05-31 15:13:45.903  2911  3063 E YouTube : 	at org.apache.http.impl.conn.AbstractPooledConnAdapter.open(AbstractPooledConnAdapter.java:124)
05-31 15:13:45.903  2911  3063 E YouTube : 	at org.apache.http.impl.client.DefaultRequestDirector.execute(DefaultRequestDirector.java:366)
05-31 15:13:45.903  2911  3063 E YouTube : 	at org.apache.http.impl.client.AbstractHttpClient.execute(AbstractHttpClient.java:560)
05-31 15:13:45.903  2911  3063 E YouTube : 	at org.apache.http.impl.client.AbstractHttpClient.execute(AbstractHttpClient.java:492)
05-31 15:13:45.903  2911  3063 E YouTube : 	at org.apache.http.impl.client.AbstractHttpClient.execute(AbstractHttpClient.java:470)
05-31 15:13:45.903  2911  3063 E YouTube : 	at oau.a(SourceFile:29)
05-31 15:13:45.903  2911  3063 E YouTube : 	at obm.a(SourceFile:19)
05-31 15:13:45.903  2911  3063 E YouTube : 	at obb.a(SourceFile:6)
05-31 15:13:45.903  2911  3063 E YouTube : 	at tsr.b(SourceFile:19)
05-31 15:13:45.903  2911  3063 E YouTube : 	at tsg.a(SourceFile:18)
05-31 15:13:45.903  2911  3063 E YouTube : 	at tpg.c(SourceFile:48)
05-31 15:13:45.903  2911  3063 E YouTube : 	... 10 more
05-31 15:13:45.903  2911  3060 W zygote64: Long monitor contention with owner Thread-6 (3063) at int libcore.io.Linux.poll(android.system.StructPollfd[], int)(Linux.java:-2) waiters=0 in tpk tpg.c() for 146.681s
05-31 15:13:47.432  6073  6106 V SeafileObserver: FileAlterationObserver[file='/storage/emulated/0/Seafile/qijw053107@openthos.org (dev.openthos.org)', listeners=1] start checking event!
05-31 15:13:47.432  6073  6106 V SeafileObserver: FileAlterationObserver[file='/storage/emulated/0/Seafile/qijw053107@openthos.org (dev.openthos.org)', listeners=1] finished checking event!
05-31 15:13:47.453  6073  6107 V AutoUpdateManager: check auto upload tasks, 0 in queue
05-31 15:13:56.458  6073  6107 V AutoUpdateManager: check auto upload tasks, 0 in queue
05-31 15:13:57.433  6073  6106 V SeafileObserver: FileAlterationObserver[file='/storage/emulated/0/Seafile/qijw053107@openthos.org (dev.openthos.org)', listeners=1] start checking event!
05-31 15:13:57.433  6073  6106 V SeafileObserver: FileAlterationObserver[file='/storage/emulated/0/Seafile/qijw053107@openthos.org (dev.openthos.org)', listeners=1] finished checking event!
05-31 15:13:59.460  6073  6107 V AutoUpdateManager: check auto upload tasks, 0 in queue
05-31 15:14:01.681  4233  4233 W chromium: [WARNING:gaia_auth_fetcher.cc(882)] Could not reach Google Accounts servers: errno -118
05-31 15:14:02.461  6073  6107 V AutoUpdateManager: check auto upload tasks, 0 in queue
05-31 15:14:05.463  6073  6107 V AutoUpdateManager: check auto upload tasks, 0 in queue
05-31 15:14:07.257  2911  5899 E YouTube : Failed to fetch offline what to watch browse
05-31 15:14:07.257  2911  5899 E YouTube : pyk: java.util.concurrent.ExecutionException: awc
05-31 15:14:07.257  2911  5899 E YouTube : 	at pyf.a(SourceFile:19)
05-31 15:14:07.257  2911  5899 E YouTube : 	at pyh.b(SourceFile:10)
05-31 15:14:07.257  2911  5899 E YouTube : 	at pzz.a(SourceFile:17)
05-31 15:14:07.257  2911  5899 E YouTube : 	at eqd.a(SourceFile:12)
05-31 15:14:07.257  2911  5899 E YouTube : 	at com.google.android.libraries.youtube.net.gcm.service.YouTubeGcmTaskService.a(SourceFile:20)
05-31 15:14:07.257  2911  5899 E YouTube : 	at com.google.android.libraries.youtube.common.gcore.gcoreclient.gcm.impl.GcmTaskServiceDelegator.a(SourceFile:19)
05-31 15:14:07.257  2911  5899 E YouTube : 	at juu.run(Unknown Source:11)
05-31 15:14:07.257  2911  5899 E YouTube : 	at java.util.concurrent.ThreadPoolExecutor.runWorker(ThreadPoolExecutor.java:1162)
05-31 15:14:07.257  2911  5899 E YouTube : 	at java.util.concurrent.ThreadPoolExecutor$Worker.run(ThreadPoolExecutor.java:636)
05-31 15:14:07.257  2911  5899 E YouTube : 	at java.lang.Thread.run(Thread.java:764)
05-31 15:14:07.257  2911  5899 E YouTube : Caused by: java.util.concurrent.ExecutionException: awc
05-31 15:14:07.257  2911  5899 E YouTube : 	at awv.a(SourceFile:18)
05-31 15:14:07.257  2911  5899 E YouTube : 	at awv.get(SourceFile:5)
05-31 15:14:07.257  2911  5899 E YouTube : 	at ttg.get(SourceFile:14)
05-31 15:14:07.257  2911  5899 E YouTube : 	at pyf.a(SourceFile:17)
05-31 15:14:07.257  2911  5899 E YouTube : 	... 9 more
05-31 15:14:07.257  2911  5899 E YouTube : Caused by: awc
05-31 15:14:07.257  2911  5899 E YouTube : 	at awh.a(SourceFile:57)
05-31 15:14:07.257  2911  5899 E YouTube : 	at oek.a(SourceFile:13)
05-31 15:14:07.257  2911  5899 E YouTube : 	at oek.a(SourceFile:6)
05-31 15:14:07.257  2911  5899 E YouTube : 	at oen.a(SourceFile:10)
05-31 15:14:07.257  2911  5899 E YouTube : 	at oen.a(SourceFile:8)
05-31 15:14:07.257  2911  5899 E YouTube : 	at avo.run(SourceFile:25)
05-31 15:14:07.434  6073  6106 V SeafileObserver: FileAlterationObserver[file='/storage/emulated/0/Seafile/qijw053107@openthos.org (dev.openthos.org)', listeners=1] start checking event!
05-31 15:14:07.434  6073  6106 V SeafileObserver: FileAlterationObserver[file='/storage/emulated/0/Seafile/qijw053107@openthos.org (dev.openthos.org)', listeners=1] finished checking event!
05-31 15:14:08.464  6073  6107 V AutoUpdateManager: check auto upload tasks, 0 in queue
05-31 15:14:14.467  6073  6107 V AutoUpdateManager: check auto upload tasks, 0 in queue
05-31 15:14:17.339  2239  2239 I chatty  : uid=1000 system_server expire 2 lines
05-31 15:14:17.343  3106  6126 I GCM-GMS : Registering GMS 745476177629
05-31 15:14:17.352  2986  6129 E GCM     : Missing checkin config file
05-31 15:14:17.352  2986  6129 W GCM     : GCM FAILED TO INITIALIZE - missing checkin
05-31 15:14:17.353  3106  6126 W GCM-GMS : Failed to get registration: java.io.IOException: AUTHENTICATION_FAILED
05-31 15:14:17.419  3106  6132 I EventLogChimeraService: Opted in for usage reporting
05-31 15:14:17.419  3106  6132 I EventLogChimeraService: Aggregate from 1559285905203 (log), 1559285572926 (data)
05-31 15:14:17.434  6073  6106 V SeafileObserver: FileAlterationObserver[file='/storage/emulated/0/Seafile/qijw053107@openthos.org (dev.openthos.org)', listeners=1] start checking event!
05-31 15:14:17.435  6073  6106 V SeafileObserver: FileAlterationObserver[file='/storage/emulated/0/Seafile/qijw053107@openthos.org (dev.openthos.org)', listeners=1] finished checking event!
05-31 15:14:17.469  6073  6107 V AutoUpdateManager: check auto upload tasks, 0 in queue
05-31 15:14:26.474  6073  6107 V AutoUpdateManager: check auto upload tasks, 0 in queue
05-31 15:14:27.435  6073  6106 V SeafileObserver: FileAlterationObserver[file='/storage/emulated/0/Seafile/qijw053107@openthos.org (dev.openthos.org)', listeners=1] start checking event!
05-31 15:14:27.436  6073  6106 V SeafileObserver: FileAlterationObserver[file='/storage/emulated/0/Seafile/qijw053107@openthos.org (dev.openthos.org)', listeners=1] finished checking event!
05-31 15:14:29.475  6073  6107 V AutoUpdateManager: check auto upload tasks, 0 in queue
05-31 15:14:32.477  6073  6107 V AutoUpdateManager: check auto upload tasks, 0 in queue
05-31 15:14:35.068  2129  2129 E SurfaceFlinger: [Sprite#0] rejecting buffer: bufWidth=38, bufHeight=38, front.active.{w=33, h=42}
05-31 15:14:35.478  6073  6107 V AutoUpdateManager: check auto upload tasks, 0 in queue
05-31 15:14:37.436  6073  6106 V SeafileObserver: FileAlterationObserver[file='/storage/emulated/0/Seafile/qijw053107@openthos.org (dev.openthos.org)', listeners=1] start checking event!
05-31 15:14:37.437  6073  6106 V SeafileObserver: FileAlterationObserver[file='/storage/emulated/0/Seafile/qijw053107@openthos.org (dev.openthos.org)', listeners=1] finished checking event!
05-31 15:14:37.798  2363  2363 V PanelBar: onTouch: no panel for touch at (0,28)
05-31 15:14:38.480  6073  6107 V AutoUpdateManager: check auto upload tasks, 0 in queue
05-31 15:14:38.982  2239  2980 E WindowManager: Unknown window type: 2039
05-31 15:14:38.984  2363  2363 V PanelBar: onTouch: no panel for touch at (13,27)
05-31 15:14:39.003  2239  2980 I chatty  : uid=1000(system) Binder:2239_B identical 4 lines
05-31 15:14:39.050  2239  2980 E WindowManager: Unknown window type: 2039
05-31 15:14:39.091  2239  2285 E WindowManager: Unknown window type: 2039
05-31 15:14:39.093  2239  6072 E WindowManager: Unknown window type: 2039
05-31 15:14:39.102  2239  2285 E WindowManager: Unknown window type: 2039
05-31 15:14:39.104  2239  6072 E WindowManager: Unknown window type: 2039
05-31 15:14:39.110  6073  6073 I RenderThread: type=1400 audit(0.0:957): avc: denied { ioctl } for path="/dev/dri/card0" dev="tmpfs" ino=11630 ioctlcmd=0x640b scontext=u:r:untrusted_app:s0:c512,c768 tcontext=u:object_r:device:s0 tclass=chr_file permissive=1
05-31 15:14:39.219  2239  2285 E WindowManager: Unknown window type: 2039
05-31 15:14:41.481  6073  6107 V AutoUpdateManager: check auto upload tasks, 0 in queue
05-31 15:14:41.940  2363  2363 D ViewRootImpl[OpenthosStatusBar]: updatePointerIcon called with position out of bounds
05-31 15:14:42.054  2239  6072 I ActivityManager: START u0 {act=android.intent.action.MAIN cat=[android.intent.category.LAUNCHER] flg=0x30000000 cmp=com.termux/.app.TermuxActivity} from uid 10033
05-31 15:14:42.055  2117  4291 I audio_hw_primary: choose pcmC0D0p for 0
05-31 15:14:42.058  2239  6072 E ActivityManager: applyOptionsLocked: Unknown animationType=0
05-31 15:14:42.059  2239  6072 E WindowManager: Unknown window type: 2039
05-31 15:14:42.062  2239  6072 E WindowManager: Unknown window type: 2039
05-31 15:14:42.063  2363  2363 I StatusBar: taskId 19 keep true cmpComponentInfo{com.termux/com.termux.app.TermuxActivity}
05-31 15:14:42.065  2239  6072 W ActivityManager: Background start not allowed: service Intent { cmp=com.termux/.app.TermuxService } to com.termux/.app.TermuxService from pid=5479 uid=10034 pkg=com.termux
05-31 15:14:42.066  5479  5479 D AndroidRuntime: Shutting down VM
05-31 15:14:42.066  5479  5479 E AndroidRuntime: FATAL EXCEPTION: main
05-31 15:14:42.066  5479  5479 E AndroidRuntime: Process: com.termux, PID: 5479
05-31 15:14:42.066  5479  5479 E AndroidRuntime: java.lang.RuntimeException: Unable to start activity ComponentInfo{com.termux/com.termux.app.TermuxActivity}: java.lang.IllegalStateException: Not allowed to start service Intent { cmp=com.termux/.app.TermuxService }: app is in background uid UidRecord{a3e01b7 u0a34 CAC  bg:+4m34s355ms idle procs:1 seq(0,0,0)}
05-31 15:14:42.066  5479  5479 E AndroidRuntime: 	at android.app.ActivityThread.performLaunchActivity(ActivityThread.java:2778)
05-31 15:14:42.066  5479  5479 E AndroidRuntime: 	at android.app.ActivityThread.handleLaunchActivity(ActivityThread.java:2856)
05-31 15:14:42.066  5479  5479 E AndroidRuntime: 	at android.app.ActivityThread.-wrap11(Unknown Source:0)
05-31 15:14:42.066  5479  5479 E AndroidRuntime: 	at android.app.ActivityThread$H.handleMessage(ActivityThread.java:1589)
05-31 15:14:42.066  5479  5479 E AndroidRuntime: 	at android.os.Handler.dispatchMessage(Handler.java:106)
05-31 15:14:42.066  5479  5479 E AndroidRuntime: 	at android.os.Looper.loop(Looper.java:164)
05-31 15:14:42.066  5479  5479 E AndroidRuntime: 	at android.app.ActivityThread.main(ActivityThread.java:6494)
05-31 15:14:42.066  5479  5479 E AndroidRuntime: 	at java.lang.reflect.Method.invoke(Native Method)
05-31 15:14:42.066  5479  5479 E AndroidRuntime: 	at com.android.internal.os.RuntimeInit$MethodAndArgsCaller.run(RuntimeInit.java:463)
05-31 15:14:42.066  5479  5479 E AndroidRuntime: 	at com.android.internal.os.ZygoteInit.main(ZygoteInit.java:807)
05-31 15:14:42.066  5479  5479 E AndroidRuntime: Caused by: java.lang.IllegalStateException: Not allowed to start service Intent { cmp=com.termux/.app.TermuxService }: app is in background uid UidRecord{a3e01b7 u0a34 CAC  bg:+4m34s355ms idle procs:1 seq(0,0,0)}
05-31 15:14:42.066  5479  5479 E AndroidRuntime: 	at android.app.ContextImpl.startServiceCommon(ContextImpl.java:1521)
05-31 15:14:42.066  5479  5479 E AndroidRuntime: 	at android.app.ContextImpl.startService(ContextImpl.java:1477)
05-31 15:14:42.066  5479  5479 E AndroidRuntime: 	at android.content.ContextWrapper.startService(ContextWrapper.java:650)
05-31 15:14:42.066  5479  5479 E AndroidRuntime: 	at com.termux.app.TermuxActivity.onCreate(TermuxActivity.java:236)
05-31 15:14:42.066  5479  5479 E AndroidRuntime: 	at android.app.Activity.performCreate(Activity.java:7105)
05-31 15:14:42.066  5479  5479 E AndroidRuntime: 	at android.app.Activity.performCreate(Activity.java:7096)
05-31 15:14:42.066  5479  5479 E AndroidRuntime: 	at android.app.Instrumentation.callActivityOnCreate(Instrumentation.java:1214)
05-31 15:14:42.066  5479  5479 E AndroidRuntime: 	at android.app.ActivityThread.performLaunchActivity(ActivityThread.java:2731)
05-31 15:14:42.066  5479  5479 E AndroidRuntime: 	... 9 more
05-31 15:14:42.066  2239  6072 W ActivityManager:   Force finishing activity com.termux/.app.TermuxActivity
05-31 15:14:42.066  2239  6072 E WindowManager: Unknown window type: 2039
05-31 15:14:42.067  2239  6072 W ActivityManager:   Force finishing activity com.seafile.seadroid2.debug/com.seafile.seadroid2.ui.activity.BrowserActivity
05-31 15:14:42.067  2239  6072 E WindowManager: Unknown window type: 2039
05-31 15:14:42.095  2239  6072 E WindowManager: Unknown window type: 2039
05-31 15:14:42.097  2239  4215 E WindowManager: Unknown window type: 2039
05-31 15:14:42.098  2239  2255 I ActivityManager: Showing crash dialog for package com.termux u0
05-31 15:14:42.106  2239  2285 E WindowManager: Unknown window type: 2039
05-31 15:14:42.109  2239  2255 E WindowManager: Unknown window type: 2039
05-31 15:14:42.119  2239  2255 I chatty  : uid=1000(system) android.ui identical 1 line
05-31 15:14:42.123  2239  2255 E WindowManager: Unknown window type: 2039
05-31 15:14:42.124  2239  3454 I chatty  : uid=1000(system) RenderThread expire 19 lines
05-31 15:14:42.127  2239  2285 E WindowManager: Unknown window type: 2039
05-31 15:14:42.131  2239  2255 D ViewRootImpl[termux]: updatePointerIcon called with position out of bounds
05-31 15:14:42.166  2239  2255 D ViewRootImpl[termux]: updatePointerIcon called with position out of bounds
05-31 15:14:42.166  2239  2285 E WindowManager: Unknown window type: 2039
05-31 15:14:42.168  2239  2255 D ViewRootImpl[termux]: updatePointerIcon called with position out of bounds
05-31 15:14:42.168  2239  2285 E WindowManager: Unknown window type: 2039
05-31 15:14:42.185  2239  2255 D ViewRootImpl[termux]: updatePointerIcon called with position out of bounds
05-31 15:14:42.189  2239  2285 E WindowManager: Unknown window type: 2039
05-31 15:14:42.201  2239  2255 D ViewRootImpl[termux]: updatePointerIcon called with position out of bounds
05-31 15:14:42.272  2129  2129 E SurfaceFlinger: [Sprite#0] rejecting buffer: bufWidth=38, bufHeight=38, front.active.{w=33, h=42}
05-31 15:14:42.535  2239  2255 I chatty  : uid=1000(system) android.ui identical 20 lines
05-31 15:14:42.551  2239  2255 D ViewRootImpl[termux]: updatePointerIcon called with position out of bounds
05-31 15:14:42.566  2239  2254 W ActivityManager: Activity pause timeout for ActivityRecord{521361d u0 com.termux/.app.TermuxActivity t19 f}
05-31 15:14:42.568  2239  2255 D ViewRootImpl[termux]: updatePointerIcon called with position out of bounds
05-31 15:14:42.645  6073  6073 D BrowserActivity: onPause
05-31 15:14:42.645  6073  6073 D DefaultAppLock: onActivityPaused
05-31 15:14:42.646  6073  6073 D BrowserActivity: onStop
05-31 15:14:42.646  2239  2254 I chatty  : uid=1000(system) ActivityManager expire 1 line
05-31 15:14:42.646  6073  6073 D BrowserActivity: onDestroy is called
05-31 15:14:42.668  2363  2363 I StatusBar: taskId 18 keep false cmpComponentInfo{com.seafile.seadroid2.debug/com.seafile.seadroid2.ui.activity.SplashActivity}
05-31 15:14:43.135  2239  2255 I chatty  : uid=1000(system) android.ui identical 26 lines
05-31 15:14:43.152  2239  2255 D ViewRootImpl[termux]: updatePointerIcon called with position out of bounds
05-31 15:14:43.783  2239  6072 I ActivityManager: Killing 5479:com.termux/u0a34 (adj 900): crash
05-31 15:14:43.783  2239  2256 I chatty  : uid=1000(system) ActivityManager expire 3 lines
05-31 15:14:43.784  2363  2363 I StatusBar: taskId 19 keep false cmpComponentInfo{com.termux/com.termux.app.TermuxActivity}
05-31 15:14:43.836  2239  6072 I ActivityManager: START u0 {act=android.intent.action.MAIN cat=[android.intent.category.LAUNCHER] flg=0x30000000 cmp=com.termux/.app.TermuxActivity} from uid 10033
05-31 15:14:43.839  2239  6072 E ActivityManager: applyOptionsLocked: Unknown animationType=0
05-31 15:14:43.843  6155  6155 I main    : type=1400 audit(0.0:959): avc: denied { mounton } for path="/storage" dev="tmpfs" ino=516 scontext=u:r:zygote:s0 tcontext=u:object_r:tmpfs:s0 tclass=dir permissive=1
05-31 15:14:43.843  6155  6155 I main    : type=1400 audit(0.0:960): avc: denied { dac_read_search } for capability=2 scontext=u:r:zygote:s0 tcontext=u:r:zygote:s0 tclass=capability permissive=1
05-31 15:14:43.847  6155  6155 W zygote64: Unexpected CPU variant for X86 using defaults: x86_64
05-31 15:14:43.850  2239  6072 I ActivityManager: Start proc 6155:com.termux/u0a34 for activity com.termux/.app.TermuxActivity
05-31 15:14:43.851  2239  2261 W ActivityManager: setHasOverlayUi called on unknown pid: 5479
05-31 15:14:43.877  2128  2128 I lmkd    : type=1400 audit(0.0:961): avc: denied { dac_read_search } for capability=2 scontext=u:r:lmkd:s0 tcontext=u:r:lmkd:s0 tclass=capability permissive=1
05-31 15:14:43.879  2363  2363 I StatusBar: taskId 20 keep true cmpComponentInfo{com.termux/com.termux.app.TermuxActivity}
05-31 15:14:43.949  6155  6172 V NuMediaExtractor: setDataSource fd=33 (/system/priv-app/Termux/Termux.apk), offset=4939488, length=5090
05-31 15:14:43.953  6155  6172 V NuMediaExtractor: track of type 'audio/vorbis' does not publish bitrate
05-31 15:14:43.956  6155  6175 I OMXClient: Treble IOmx obtained
05-31 15:14:43.956  6155  6176 D OpenGLRenderer: HWUI GL Pipeline
05-31 15:14:43.956  2148  2183 I OMXMaster: makeComponentInstance(OMX.google.vorbis.decoder) in omx@1.0-service process
05-31 15:14:43.959  2148  2183 E OMXNodeInstance: getConfig(0xe9a9b1e0:google.vorbis.decoder, ConfigAndroidVendorExtension(0x6f100004)) ERROR: Undefined(0x80001001)
05-31 15:14:43.960  2116  2116 W /system/bin/hw/android.hidl.allocator@1.0-service: ashmem_create_region(32768) returning hidl_memory(0x78ace682c2d0, 32768)
05-31 15:14:43.972  2116  2116 I chatty  : uid=1000(system) allocator@1.0-s identical 10 lines
05-31 15:14:43.972  2116  2116 W /system/bin/hw/android.hidl.allocator@1.0-service: ashmem_create_region(32768) returning hidl_memory(0x78ace682c2d0, 32768)
05-31 15:14:43.994  6155  6155 I RenderThread: type=1400 audit(0.0:962): avc: denied { read write } for name="card0" dev="tmpfs" ino=11630 scontext=u:r:platform_app:s0:c512,c768 tcontext=u:object_r:device:s0 tclass=chr_file permissive=1
05-31 15:14:43.994  6155  6155 I RenderThread: type=1400 audit(0.0:963): avc: denied { open } for path="/dev/dri/card0" dev="tmpfs" ino=11630 scontext=u:r:platform_app:s0:c512,c768 tcontext=u:object_r:device:s0 tclass=chr_file permissive=1
05-31 15:14:43.994  6155  6155 I RenderThread: type=1400 audit(0.0:964): avc: denied { getattr } for path="/dev/dri/card0" dev="tmpfs" ino=11630 scontext=u:r:platform_app:s0:c512,c768 tcontext=u:object_r:device:s0 tclass=chr_file permissive=1
05-31 15:14:43.994  6155  6176 D vndksupport: Loading /vendor/lib64/hw/gralloc.drm.so from current namespace instead of sphal namespace.
05-31 15:14:43.996  6155  6176 I GRALLOC-DRM: create intel for driver i915
05-31 15:14:43.996  2239  2285 W AppOps  : Finishing op nesting under-run: uid 1000 pkg android code 24 time=0 duration=0 nesting=0
05-31 15:14:44.001  6155  6176 I EGL-MAIN: found extension DRI_Core version 2
05-31 15:14:44.001  6155  6176 I EGL-MAIN: found extension DRI_DRI2 version 4
05-31 15:14:44.002  6155  6155 I com.termux: type=1400 audit(0.0:965): avc: denied { execute } for name="login" dev="nvme0n1p10" ino=655492 scontext=u:r:platform_app:s0:c512,c768 tcontext=u:object_r:app_data_file:s0:c512,c768 tclass=file permissive=1
05-31 15:14:44.013  6155  6176 I EGL-MAIN: found extension DRI_TexBuffer version 3
05-31 15:14:44.013  6155  6176 I EGL-MAIN: found extension DRI2_Flush version 4
05-31 15:14:44.013  6155  6176 I EGL-MAIN: found extension DRI_IMAGE version 16
05-31 15:14:44.013  6155  6176 I EGL-MAIN: found extension DRI2_Fence version 2
05-31 15:14:44.013  6155  6176 I EGL-MAIN: found extension DRI_IMAGE version 16
05-31 15:14:44.013  6155  6176 I EGL-MAIN: found extension DRI_RENDERER_QUERY version 1
05-31 15:14:44.013  6155  6176 I EGL-MAIN: found extension DRI_MutableRenderBufferDriver version 1
05-31 15:14:44.013  6155  6176 I EGL-MAIN: found extension DRI_CONFIG_QUERY version 1
05-31 15:14:44.013  6155  6176 I EGL-MAIN: found extension DRI_Robustness version 1
05-31 15:14:44.013  6155  6176 I EGL-MAIN: found extension DRI_NoError version 1
05-31 15:14:44.013  6155  6176 I EGL-MAIN: found extension DRI2_Blob version 1
05-31 15:14:44.015  6181  6181 I com.termux: type=1400 audit(0.0:966): avc: denied { open } for path="/dev/pts/0" dev="devpts" ino=3 scontext=u:r:platform_app:s0:c512,c768 tcontext=u:object_r:devpts:s0:c512,c768 tclass=chr_file permissive=1
05-31 15:14:44.015  6181  6181 I com.termux: type=1400 audit(0.0:967): avc: denied { execute_no_trans } for path="/data/data/com.termux/files/usr/bin/login" dev="nvme0n1p10" ino=655492 scontext=u:r:platform_app:s0:c512,c768 tcontext=u:object_r:app_data_file:s0:c512,c768 tclass=file permissive=1
05-31 15:14:44.017  6155  6176 I com.termux: android::hardware::configstore::V1_0::ISurfaceFlingerConfigs::hasWideColorDisplay retrieved: 0
05-31 15:14:44.017  6155  6176 I OpenGLRenderer: Initialized EGL, version 1.4
05-31 15:14:44.017  6155  6176 D OpenGLRenderer: Swap behavior 2
05-31 15:14:44.017  6155  6176 E OpenGLRenderer: Device claims wide gamut support, cannot find matching config, error = EGL_SUCCESS
05-31 15:14:44.029  6155  6176 D vndksupport: Loading /vendor/lib64/hw/android.hardware.graphics.mapper@2.0-impl.so from current namespace instead of sphal namespace.
05-31 15:14:44.029  6155  6176 D vndksupport: Loading /vendor/lib64/hw/gralloc.drm.so from current namespace instead of sphal namespace.
05-31 15:14:44.037  2239  2261 I chatty  : uid=1000(system) android.display expire 1 line
05-31 15:14:44.038  2239  2567 I chatty  : uid=1000(system) Binder:2239_7 expire 1 line
05-31 15:14:44.039  2239  6072 I chatty  : uid=1000(system) Binder:2239_18 expire 1 line
05-31 15:14:44.482  6073  6107 V AutoUpdateManager: check auto upload tasks, 0 in queue
05-31 15:14:47.393  2986  3703 E NetworkScheduler.ATC: Trying to release unacquired lock: com.google.android.youtube/com.google.android.libraries.youtube.common.gcore.gcoreclient.gcm.impl.GcmTaskServiceDelegator
05-31 15:14:47.424  3106  6196 I GCM-GMS : Registering GMS 745476177629
05-31 15:14:47.428  2986  6194 E GCM     : Missing checkin config file
05-31 15:14:47.428  2986  6194 W GCM     : GCM FAILED TO INITIALIZE - missing checkin
05-31 15:14:47.428  3106  6196 W GCM-GMS : Failed to get registration: java.io.IOException: AUTHENTICATION_FAILED
05-31 15:14:47.437  6073  6106 V SeafileObserver: FileAlterationObserver[file='/storage/emulated/0/Seafile/qijw053107@openthos.org (dev.openthos.org)', listeners=1] start checking event!
05-31 15:14:47.437  6073  6106 V SeafileObserver: FileAlterationObserver[file='/storage/emulated/0/Seafile/qijw053107@openthos.org (dev.openthos.org)', listeners=1] finished checking event!
05-31 15:14:47.483  6073  6107 V AutoUpdateManager: check auto upload tasks, 0 in queue
05-31 15:14:50.485  6073  6107 V AutoUpdateManager: check auto upload tasks, 0 in queue
05-31 15:14:52.410  2239  2253 I chatty  : uid=1000(system) android.bg expire 8 lines
05-31 15:14:52.541  2986  2986 E ctxmgr  : [BaseServerTask]Server task (GetConfigTask) got error statusCode=-1.
05-31 15:14:52.541  2986  2986 E ctxmgr  : com.android.volley.TimeoutError
05-31 15:14:52.541  2986  2986 E ctxmgr  : 	at com.android.volley.toolbox.BasicNetwork.performRequest(:com.google.android.gms@12688056@12.6.88 (090800-197970725):33)
05-31 15:14:52.541  2986  2986 E ctxmgr  : 	at ono.performRequest(:com.google.android.gms@12688056@12.6.88 (090800-197970725):17)
05-31 15:14:52.541  2986  2986 E ctxmgr  : 	at com.android.volley.NetworkDispatcher.a(:com.google.android.gms@12688056@12.6.88 (090800-197970725):7)
05-31 15:14:52.541  2986  2986 E ctxmgr  : 	at com.android.volley.NetworkDispatcher.run(:com.google.android.gms@12688056@12.6.88 (090800-197970725):2)
05-31 15:14:52.541  2986  6137 E ctxmgr  : [DailyCheckinOperation]Failed daily get config: network status=-1
05-31 15:14:53.486  6073  6107 V AutoUpdateManager: check auto upload tasks, 0 in queue
05-31 15:14:56.488  6073  6107 V AutoUpdateManager: check auto upload tasks, 0 in queue
05-31 15:14:57.438  6073  6106 V SeafileObserver: FileAlterationObserver[file='/storage/emulated/0/Seafile/qijw053107@openthos.org (dev.openthos.org)', listeners=1] start checking event!
05-31 15:14:57.438  6073  6106 V SeafileObserver: FileAlterationObserver[file='/storage/emulated/0/Seafile/qijw053107@openthos.org (dev.openthos.org)', listeners=1] finished checking event!
05-31 15:14:59.490  6073  6107 V AutoUpdateManager: check auto upload tasks, 0 in queue
05-31 15:15:02.491  6073  6107 V AutoUpdateManager: check auto upload tasks, 0 in queue
05-31 15:15:05.493  6073  6107 V AutoUpdateManager: check auto upload tasks, 0 in queue
05-31 15:15:07.438  6073  6106 V SeafileObserver: FileAlterationObserver[file='/storage/emulated/0/Seafile/qijw053107@openthos.org (dev.openthos.org)', listeners=1] start checking event!
05-31 15:15:07.439  6073  6106 V SeafileObserver: FileAlterationObserver[file='/storage/emulated/0/Seafile/qijw053107@openthos.org (dev.openthos.org)', listeners=1] finished checking event!
05-31 15:15:08.494  6073  6107 V AutoUpdateManager: check auto upload tasks, 0 in queue
05-31 15:15:14.498  6073  6107 V AutoUpdateManager: check auto upload tasks, 0 in queue
05-31 15:15:17.439  6073  6106 V SeafileObserver: FileAlterationObserver[file='/storage/emulated/0/Seafile/qijw053107@openthos.org (dev.openthos.org)', listeners=1] start checking event!
05-31 15:15:17.440  6073  6106 V SeafileObserver: FileAlterationObserver[file='/storage/emulated/0/Seafile/qijw053107@openthos.org (dev.openthos.org)', listeners=1] finished checking event!
05-31 15:15:17.499  6073  6107 V AutoUpdateManager: check auto upload tasks, 0 in queue
05-31 15:15:18.571  6155  6160 I zygote64: Do partial code cache collection, code=30KB, data=16KB
05-31 15:15:18.572  6155  6160 I zygote64: After code cache collection, code=26KB, data=15KB
05-31 15:15:18.572  6155  6160 I zygote64: Increasing code cache capacity to 128KB
05-31 15:15:20.501  6073  6107 V AutoUpdateManager: check auto upload tasks, 0 in queue
05-31 15:15:26.504  6073  6107 V AutoUpdateManager: check auto upload tasks, 0 in queue
05-31 15:15:27.440  6073  6106 V SeafileObserver: FileAlterationObserver[file='/storage/emulated/0/Seafile/qijw053107@openthos.org (dev.openthos.org)', listeners=1] start checking event!
05-31 15:15:27.440  6073  6106 V SeafileObserver: FileAlterationObserver[file='/storage/emulated/0/Seafile/qijw053107@openthos.org (dev.openthos.org)', listeners=1] finished checking event!
05-31 15:15:29.505  6073  6107 V AutoUpdateManager: check auto upload tasks, 0 in queue
05-31 15:15:35.509  6073  6107 V AutoUpdateManager: check auto upload tasks, 0 in queue
05-31 15:15:37.441  6073  6106 V SeafileObserver: FileAlterationObserver[file='/storage/emulated/0/Seafile/qijw053107@openthos.org (dev.openthos.org)', listeners=1] start checking event!
05-31 15:15:37.441  6073  6106 V SeafileObserver: FileAlterationObserver[file='/storage/emulated/0/Seafile/qijw053107@openthos.org (dev.openthos.org)', listeners=1] finished checking event!
05-31 15:15:38.510  6073  6107 V AutoUpdateManager: check auto upload tasks, 0 in queue
05-31 15:15:41.512  6073  6107 I chatty  : uid=10075(u0_a75) com.seafile.seadroid2.debug identical 7 lines
05-31 15:15:44.514  6073  6107 V AutoUpdateManager: check auto upload tasks, 0 in queue
05-31 15:15:47.442  6073  6106 V SeafileObserver: FileAlterationObserver[file='/storage/emulated/0/Seafile/qijw053107@openthos.org (dev.openthos.org)', listeners=1] start checking event!
05-31 15:15:47.442  6073  6106 V SeafileObserver: FileAlterationObserver[file='/storage/emulated/0/Seafile/qijw053107@openthos.org (dev.openthos.org)', listeners=1] finished checking event!
05-31 15:15:47.515  6073  6107 V AutoUpdateManager: check auto upload tasks, 0 in queue
05-31 15:15:56.520  6073  6107 V AutoUpdateManager: check auto upload tasks, 0 in queue
05-31 15:15:57.443  6073  6106 V SeafileObserver: FileAlterationObserver[file='/storage/emulated/0/Seafile/qijw053107@openthos.org (dev.openthos.org)', listeners=1] start checking event!
05-31 15:15:57.443  6073  6106 V SeafileObserver: FileAlterationObserver[file='/storage/emulated/0/Seafile/qijw053107@openthos.org (dev.openthos.org)', listeners=1] finished checking event!
05-31 15:15:59.522  6073  6107 V AutoUpdateManager: check auto upload tasks, 0 in queue
05-31 15:16:01.401  2129  2129 E SurfaceFlinger: [Sprite#0] rejecting buffer: bufWidth=38, bufHeight=38, front.active.{w=33, h=42}
05-31 15:16:01.701  6155  6155 D ViewRootImpl[TermuxActivity]: updatePointerIcon called with position out of bounds
05-31 15:16:01.735  2129  2129 E SurfaceFlinger: [Sprite#0] rejecting buffer: bufWidth=38, bufHeight=38, front.active.{w=33, h=42}
05-31 15:16:01.968  2129  2129 E SurfaceFlinger: [Sprite#0] rejecting buffer: bufWidth=33, bufHeight=42, front.active.{w=38, h=38}
05-31 15:16:02.523  6073  6107 V AutoUpdateManager: check auto upload tasks, 0 in queue
05-31 15:16:02.953  2129  2129 E SurfaceFlinger: [Sprite#0] rejecting buffer: bufWidth=33, bufHeight=42, front.active.{w=38, h=38}
05-31 15:16:03.102  2129  2129 D SurfaceFlinger: duplicate layer name: changing com.termux/com.termux.app.TermuxActivity to com.termux/com.termux.app.TermuxActivity#1
05-31 15:16:05.525  6073  6107 V AutoUpdateManager: check auto upload tasks, 0 in queue
05-31 15:16:06.219  6155  6155 I chatty  : uid=10034(com.termux) identical 7 lines
05-31 15:16:06.236  6155  6155 D ViewRootImpl[TermuxActivity]: updatePointerIcon called with position out of bounds
05-31 15:16:06.238  2129  2129 E SurfaceFlinger: [Sprite#0] rejecting buffer: bufWidth=33, bufHeight=42, front.active.{w=38, h=38}
05-31 15:16:07.444  6073  6106 V SeafileObserver: FileAlterationObserver[file='/storage/emulated/0/Seafile/qijw053107@openthos.org (dev.openthos.org)', listeners=1] start checking event!
05-31 15:16:07.444  6073  6106 V SeafileObserver: FileAlterationObserver[file='/storage/emulated/0/Seafile/qijw053107@openthos.org (dev.openthos.org)', listeners=1] finished checking event!
05-31 15:16:07.657  2239  6072 I WindowManager: Failed to capture screenshot of Token{b88c7dd ActivityRecord{d9b5fb4 u0 com.termux/.app.TermuxActivity t20}} appWin=Window{e693d68 u0 com.termux/com.termux.app.TermuxActivity} drawState=4
05-31 15:16:07.667  2239  2567 I chatty  : uid=1000(system) Binder:2239_7 expire 1 line
05-31 15:16:07.668  2239  2239 I chatty  : uid=1000 system_server expire 1 line
05-31 15:16:07.746  6155  6155 W ViewRootImpl[TermuxActivity]: Cancelling event due to no window focus: MotionEvent { action=ACTION_CANCEL, actionButton=0, id[0]=0, x[0]=828.1997, y[0]=33.52899, toolType[0]=TOOL_TYPE_MOUSE, buttonState=0, metaState=0, flags=0x0, edgeFlags=0x0, pointerCount=1, historySize=0, eventTime=1437861, downTime=1437669, deviceId=3, source=0x2002 }
05-31 15:16:07.746  6155  6155 I chatty  : uid=10034(com.termux) identical 2 lines
05-31 15:16:07.746  6155  6155 W ViewRootImpl[TermuxActivity]: Cancelling event due to no window focus: MotionEvent { action=ACTION_CANCEL, actionButton=0, id[0]=0, x[0]=828.1997, y[0]=33.52899, toolType[0]=TOOL_TYPE_MOUSE, buttonState=0, metaState=0, flags=0x0, edgeFlags=0x0, pointerCount=1, historySize=0, eventTime=1437861, downTime=1437669, deviceId=3, source=0x2002 }
05-31 15:16:07.902  2129  2129 E SurfaceFlinger: [Sprite#0] rejecting buffer: bufWidth=38, bufHeight=38, front.active.{w=33, h=42}
05-31 15:16:07.985  2129  2129 E SurfaceFlinger: [Sprite#0] rejecting buffer: bufWidth=38, bufHeight=38, front.active.{w=33, h=42}
05-31 15:16:08.526  6073  6107 V AutoUpdateManager: check auto upload tasks, 0 in queue
05-31 15:16:09.811  2239  2567 E WindowManager: Unknown window type: 2039
05-31 15:16:09.813  2363  2363 V PanelBar: onTouch: no panel for touch at (43,34)
05-31 15:16:09.832  2239  2567 I chatty  : uid=1000(system) Binder:2239_7 identical 3 lines
05-31 15:16:09.834  2239  2567 E WindowManager: Unknown window type: 2039
05-31 15:16:09.880  2239  2285 E WindowManager: Unknown window type: 2039
05-31 15:16:09.886  2239  2285 E WindowManager: Unknown window type: 2039
05-31 15:16:09.899  2239  2398 E WindowManager: Unknown window type: 2039
05-31 15:16:10.002  2239  2285 E WindowManager: Unknown window type: 2039
05-31 15:16:11.528  6073  6107 V AutoUpdateManager: check auto upload tasks, 0 in queue
05-31 15:16:11.584  2363  2363 D ViewRootImpl[OpenthosStatusBar]: updatePointerIcon called with position out of bounds
05-31 15:16:11.671  2239  2398 I ActivityManager: START u0 {act=android.intent.action.MAIN cat=[android.intent.category.LAUNCHER] flg=0x30000000 cmp=com.seafile.seadroid2.debug/com.seafile.seadroid2.ui.activity.SplashActivity} from uid 10033
05-31 15:16:11.672  2117  4291 I audio_hw_primary: choose pcmC0D0p for 0
05-31 15:16:11.675  2239  2398 E ActivityManager: applyOptionsLocked: Unknown animationType=0
05-31 15:16:11.678  2239  2398 E WindowManager: Unknown window type: 2039
05-31 15:16:11.684  2239  2398 E WindowManager: Unknown window type: 2039
05-31 15:16:11.685  2363  2363 I StatusBar: taskId 21 keep true cmpComponentInfo{com.seafile.seadroid2.debug/com.seafile.seadroid2.ui.activity.SplashActivity}
05-31 15:16:11.694  2239  2285 E WindowManager: Unknown window type: 2039
05-31 15:16:11.696  2239  4707 E WindowManager: Unknown window type: 2039
05-31 15:16:11.712  2239  2285 E WindowManager: Unknown window type: 2039
05-31 15:16:11.719  2239  2285 I chatty  : uid=1000(system) android.anim identical 2 lines
05-31 15:16:11.738  6073  6073 D DefaultAppLock: onActivityResumed
05-31 15:16:11.752  2239  2285 E WindowManager: Unknown window type: 2039
05-31 15:16:11.759  2239  6072 E WindowManager: Unknown window type: 2039
05-31 15:16:11.762  2239  6072 E WindowManager: Unknown window type: 2039
05-31 15:16:11.799  2239  2285 E WindowManager: Unknown window type: 2039
05-31 15:16:11.803  2239  2285 I chatty  : uid=1000(system) android.anim identical 2 lines
05-31 15:16:11.805  2239  2285 E WindowManager: Unknown window type: 2039
05-31 15:16:11.807  2239  2254 I chatty  : uid=1000(system) ActivityManager expire 2 lines
05-31 15:16:11.808  2239  2261 I chatty  : uid=1000(system) android.display expire 1 line
05-31 15:16:12.737  2239  4707 I ActivityManager: START u0 {cmp=com.seafile.seadroid2.debug/com.seafile.seadroid2.ui.activity.BrowserActivity} from uid 10075
05-31 15:16:12.738  2363  2363 I StatusBar: taskId 21 keep true cmpComponentInfo{com.seafile.seadroid2.debug/com.seafile.seadroid2.ui.activity.SplashActivity}
05-31 15:16:12.763  6073  6073 V openthos_cloud1: this port runing
05-31 15:16:12.794  6073  6073 I repo------: ddddddnull
05-31 15:16:12.794  6073  6073 D BrowserActivity: start TransferService
05-31 15:16:12.794  6073  6073 D BrowserActivity: try bind TransferService
05-31 15:16:12.795  6073  6073 I refresh-------: false
05-31 15:16:12.799  6073  6073 D BrowserActivity: onStart
05-31 15:16:12.799  6073  6073 D DefaultAppLock: onActivityResumed
05-31 15:16:12.802  6073  6073 D DefaultAppLock: onActivityPaused
05-31 15:16:12.803  6073  6078 I zygote  : JIT allocated 71KB for compiled code of void android.widget.TextView.<init>(android.content.Context, android.util.AttributeSet, int, int)
05-31 15:16:12.803  6073  6078 I zygote  : Compiler allocated 4MB to compile void android.widget.TextView.<init>(android.content.Context, android.util.AttributeSet, int, int)
