04-08 18:46:20.873  2142  2156 I UsageStatsService: User[0] Rollover scheduled @ 2019-04-09 10:46:20(1554806780871)
04-08 18:46:20.873  2142  2156 D UsageStatsService: Initializing defaults for system apps on user 0
04-08 18:46:20.874  2142  2156 E AppIdleHistory: Unable to read app idle file for user 0
04-08 18:46:20.878  2142  2142 D SystemServerTiming: MakeDisplayReady took to complete: 7ms
04-08 18:46:20.878  2142  2142 I SystemServer: StartStorageManagerService
04-08 18:46:20.878  2142  2142 I SystemServiceManager: Starting com.android.server.StorageManagerService$Lifecycle
04-08 18:46:20.882  2142  2142 D SystemServerTiming: StartStorageManagerService took to complete: 4ms
04-08 18:46:20.882  2142  2142 I SystemServer: StartStorageStatsService
04-08 18:46:20.882  2142  2204 D StorageManagerService: Thinking about init, mSystemReady=false, mDaemonConnected=true
04-08 18:46:20.882  2142  2204 D StorageManagerService: Thinking about reset, mSystemReady=false, mDaemonConnected=true
04-08 18:46:20.882  2142  2204 D StorageManagerService: Thinking about init, mSystemReady=false, mDaemonConnected=true
04-08 18:46:20.882  2142  2142 I SystemServiceManager: Starting com.android.server.usage.StorageStatsService$Lifecycle
04-08 18:46:20.882  2142  2204 D StorageManagerService: Thinking about reset, mSystemReady=false, mDaemonConnected=true
04-08 18:46:20.882  2142  2204 D CryptdConnector: SND -> {1 cryptfs getfield SystemLocale}
04-08 18:46:20.884  2142  2142 D SystemServerTiming: StartStorageStatsService took to complete: 2ms
04-08 18:46:20.884  2142  2142 I SystemServer: StartUiModeManager
04-08 18:46:20.884  2142  2142 I SystemServiceManager: Starting com.android.server.UiModeManagerService
04-08 18:46:20.885  2142  2185 D SystemServerInitThreadPool: Started executing UiModeManager.onStart
04-08 18:46:20.885  2142  2185 I ActivityManager: Config changes=200 {1.0 ?mcc?mnc [en_US] ldltr sw720dp w1280dp h720dp 240dpi xlrg long land -touch -keyb/h/h -nav/h appBounds=Rect(0, 0 - 1920, 1080) s.3}
04-08 18:46:20.885  2142  2142 D SystemServerTiming: StartUiModeManager took to complete: 1ms
04-08 18:46:20.885  2142  2142 I SystemServer: UpdatePackagesIfNeeded
04-08 18:46:20.885  2142  2206 D CryptdConnector: RCV <- {200 1 -1}
04-08 18:46:20.886  2142  2204 W StorageManagerService: No primary storage mounted!
04-08 18:46:20.886  2142  2204 D VoldConnector: SND -> {1 asec list}
04-08 18:46:20.886  2142  2185 I ActivityManager: Override config changes=200 {1.0 ?mcc?mnc [en_US] ldltr sw720dp w1280dp h720dp 240dpi xlrg long land -touch -keyb/h/h -nav/h appBounds=Rect(0, 0 - 1920, 1080) s.3} for displayId=0
04-08 18:46:20.886  2142  2205 D VoldConnector: RCV <- {200 1 asec operation succeeded}
04-08 18:46:20.886  2142  2185 D SystemServerInitThreadPool: Finished executing UiModeManager.onStart
04-08 18:46:20.901  2142  2204 W PackageSettings: Couldn't write 10007 to /config/sdcardfs/com.android.cts.priv.ctsshim/appid
04-08 18:46:20.901  2142  2204 W PackageSettings: Couldn't write 10072 to /config/sdcardfs/com.google.android.youtube/appid
04-08 18:46:20.901  2142  2204 W PackageSettings: Couldn't write 10015 to /config/sdcardfs/com.google.android.ext.services/appid
04-08 18:46:20.901  2142  2204 W PackageSettings: Couldn't write 1001 to /config/sdcardfs/com.android.providers.telephony/appid
04-08 18:46:20.901  2142  2204 W PackageSettings: Couldn't write 10001 to /config/sdcardfs/org.android_x86.analytics/appid
04-08 18:46:20.901  2142  2204 W PackageSettings: Couldn't write 10036 to /config/sdcardfs/com.google.android.googlequicksearchbox/appid
04-08 18:46:20.901  2142  2204 W PackageSettings: Couldn't write 10004 to /config/sdcardfs/com.android.providers.calendar/appid
04-08 18:46:20.901  2142  2204 W PackageSettings: Couldn't write 10012 to /config/sdcardfs/com.android.providers.media/appid
04-08 18:46:20.901  2142  2204 W PackageSettings: Couldn't write 10017 to /config/sdcardfs/com.google.android.onetimeinitializer/appid
04-08 18:46:20.901  2142  2204 W PackageSettings: Couldn't write 10055 to /config/sdcardfs/com.google.android.ext.shared/appid
04-08 18:46:20.901  2142  2204 W PackageSettings: Couldn't write 10037 to /config/sdcardfs/com.android.wallpapercropper/appid
04-08 18:46:20.901  2142  2204 W PackageSettings: Couldn't write 10010 to /config/sdcardfs/com.android.documentsui/appid
04-08 18:46:20.901  2142  2204 W PackageSettings: Couldn't write 10011 to /config/sdcardfs/com.android.externalstorage/appid
04-08 18:46:20.901  2142  2204 W PackageSettings: Couldn't write 10059 to /config/sdcardfs/com.android.htmlviewer/appid
04-08 18:46:20.901  2142  2204 W PackageSettings: Couldn't write 10046 to /config/sdcardfs/com.android.companiondevicemanager/appid
04-08 18:46:20.901  2142  2204 W PackageSettings: Couldn't write 1001 to /config/sdcardfs/com.android.mms.service/appid
04-08 18:46:20.901  2142  2204 W PackageSettings: Couldn't write 10012 to /config/sdcardfs/com.android.providers.downloads/appid
04-08 18:46:20.901  2142  2204 W PackageSettings: Couldn't write 10025 to /config/sdcardfs/de.k3b.android.androFotoFinder/appid
04-08 18:46:20.901  2142  2204 W PackageSettings: Couldn't write 10006 to /config/sdcardfs/com.android.defcontainer/appid
04-08 18:46:20.901  2142  2204 W PackageSettings: Couldn't write 10024 to /config/sdcardfs/org.openthos.filemanager/appid
04-08 18:46:20.901  2142  2204 W PackageSettings: Couldn't write 10012 to /config/sdcardfs/com.android.providers.downloads.ui/appid
04-08 18:46:20.901  2142  2204 W PackageSettings: Couldn't write 10027 to /config/sdcardfs/com.android.vending/appid
04-08 18:46:20.901  2142  2204 W PackageSettings: Couldn't write 10064 to /config/sdcardfs/com.android.pacprocessor/appid
04-08 18:46:20.901  2142  2204 W PackageSettings: Couldn't write 10048 to /config/sdcardfs/com.android.certinstaller/appid
04-08 18:46:20.901  2142  2204 W PackageSettings: Couldn't write 10005 to /config/sdcardfs/com.android.carrierconfig/appid
04-08 18:46:20.901  2142  2204 W PackageSettings: Couldn't write 1000 to /config/sdcardfs/android/appid
04-08 18:46:20.902  2142  2204 W PackageSettings: Couldn't write 10009 to /config/sdcardfs/com.android.contacts/appid
04-08 18:46:20.902  2142  2204 W PackageSettings: Couldn't write 10047 to /config/sdcardfs/com.android.camera2/appid
04-08 18:46:20.902  2142  2204 W PackageSettings: Couldn't write 10026 to /config/sdcardfs/org.openthos.soundrecorder/appid
04-08 18:46:20.902  2142  2204 W PackageSettings: Couldn't write 10051 to /config/sdcardfs/com.android.egg/appid
04-08 18:46:20.902  2142  2204 W PackageSettings: Couldn't write 10012 to /config/sdcardfs/com.android.mtp/appid
04-08 18:46:20.902  2142  2204 W PackageSettings: Couldn't write 10062 to /config/sdcardfs/com.android.launcher3/appid
04-08 18:46:20.902  2142  2204 W PackageSettings: Couldn't write 10002 to /config/sdcardfs/com.android.backupconfirm/appid
04-08 18:46:20.902  2142  2204 W PackageSettings: Couldn't write 10060 to /config/sdcardfs/org.openthos.compress/appid
04-08 18:46:20.902  2142  2204 W PackageSettings: Couldn't write 10030 to /config/sdcardfs/com.android.statementservice/appid
04-08 18:46:20.902  2142  2204 W PackageSettings: Couldn't write 10065 to /config/sdcardfs/com.google.android.gm/appid
04-08 18:46:20.902  2142  2204 W PackageSettings: Couldn't write 10045 to /config/sdcardfs/com.android.calendar/appid
04-08 18:46:20.902  2142  2204 W PackageSettings: Couldn't write 10000 to /config/sdcardfs/com.android.systemui.theme.dark/appid
04-08 18:46:20.902  2142  2204 W PackageSettings: Couldn't write 10031 to /config/sdcardfs/com.google.android.setupwizard/appid
04-08 18:46:20.902  2142  2204 W PackageSettings: Couldn't write 10061 to /config/sdcardfs/org.openthos.inputmethod.pinyin/appid
04-08 18:46:20.902  2142  2204 W PackageSettings: Couldn't write 1000 to /config/sdcardfs/com.android.providers.settings/appid
04-08 18:46:20.902  2142  2204 W PackageSettings: Couldn't write 10029 to /config/sdcardfs/com.android.sharedstoragebackup/appid
04-08 18:46:20.902  2142  2204 W PackageSettings: Couldn't write 10068 to /config/sdcardfs/com.android.printspooler/appid
04-08 18:46:20.902  2142  2204 W PackageSettings: Couldn't write 10023 to /config/sdcardfs/org.openthos.seafile/appid
04-08 18:46:20.902  2142  2204 W PackageSettings: Couldn't write 10038 to /config/sdcardfs/com.android.dreams.basic/appid
04-08 18:46:20.902  2142  2204 W PackageSettings: Couldn't write 1000 to /config/sdcardfs/com.android.inputdevices/appid
04-08 18:46:20.902  2142  2204 W PackageSettings: Couldn't write 10042 to /config/sdcardfs/com.android.bips/appid
04-08 18:46:20.902  2142  2204 W PackageSettings: Couldn't write 10008 to /config/sdcardfs/com.android.cellbroadcastreceiver/appid
04-08 18:46:20.902  2142  2204 W PackageSettings: Couldn't write 10071 to /config/sdcardfs/com.google.android.webview/appid
04-08 18:46:20.902  2142  2204 W PackageSettings: Couldn't write 10058 to /config/sdcardfs/com.google.android.syncadapters.contacts/appid
04-08 18:46:20.902  2142  2204 W PackageSettings: Couldn't write 1000 to /config/sdcardfs/com.android.keychain/appid
04-08 18:46:20.903  2142  2204 W PackageSettings: Couldn't write 10053 to /config/sdcardfs/com.android.chrome/appid
04-08 18:46:20.903  2142  2204 W PackageSettings: Couldn't write 10016 to /config/sdcardfs/com.android.dialer/appid
04-08 18:46:20.903  2142  2204 W PackageSettings: Couldn't write 10019 to /config/sdcardfs/com.google.android.packageinstaller/appid
04-08 18:46:20.903  2142  2204 W PackageSettings: Couldn't write 10013 to /config/sdcardfs/com.google.android.gms/appid
04-08 18:46:20.903  2142  2204 W PackageSettings: Couldn't write 10013 to /config/sdcardfs/com.google.android.gsf/appid
04-08 18:46:20.903  2142  2204 W PackageSettings: Couldn't write 10003 to /config/sdcardfs/com.android.calllogbackup/appid
04-08 18:46:20.903  2142  2204 W PackageSettings: Couldn't write 10020 to /config/sdcardfs/com.google.android.partnersetup/appid
04-08 18:46:20.903  2142  2204 W PackageSettings: Couldn't write 10040 to /config/sdcardfs/com.android.basicsmsreceiver/appid
04-08 18:46:20.903  2142  2204 W PackageSettings: Couldn't write 10044 to /config/sdcardfs/com.android.carrierdefaultapp/appid
04-08 18:46:20.903  2142  2204 W PackageSettings: Couldn't write 10067 to /config/sdcardfs/com.svox.pico/appid
04-08 18:46:20.903  2142  2204 W PackageSettings: Couldn't write 10028 to /config/sdcardfs/com.android.proxyhandler/appid
04-08 18:46:20.903  2142  2204 W PackageSettings: Couldn't write 10066 to /config/sdcardfs/com.android.inputmethod.latin/appid
04-08 18:46:20.903  2142  2204 W PackageSettings: Couldn't write 10018 to /config/sdcardfs/com.google.android.feedback/appid
04-08 18:46:20.903  2142  2204 W PackageSettings: Couldn't write 10057 to /config/sdcardfs/com.google.android.printservice.recommendation/appid
04-08 18:46:20.903  2142  2204 W PackageSettings: Couldn't write 10056 to /config/sdcardfs/com.google.android.syncadapters.calendar/appid
04-08 18:46:20.903  2142  2204 W PackageSettings: Couldn't write 10021 to /config/sdcardfs/com.android.managedprovisioning/appid
04-08 18:46:20.903  2142  2204 W PackageSettings: Couldn't write 10063 to /config/sdcardfs/com.android.providers.partnerbookmarks/appid
04-08 18:46:20.903  2142  2204 W PackageSettings: Couldn't write 10013 to /config/sdcardfs/com.google.android.gsf.login/appid
04-08 18:46:20.903  2142  2204 W PackageSettings: Couldn't write 10013 to /config/sdcardfs/com.google.android.backuptransport/appid
04-08 18:46:20.903  2142  2204 W PackageSettings: Couldn't write 10022 to /config/sdcardfs/org.openthos.appstore/appid
04-08 18:46:20.903  2142  2204 W PackageSettings: Couldn't write 10032 to /config/sdcardfs/com.android.storagemanager/appid
04-08 18:46:20.904  2142  2204 W PackageSettings: Couldn't write 10041 to /config/sdcardfs/com.android.bookmarkprovider/appid
04-08 18:46:20.904  2142  2204 W PackageSettings: Couldn't write 1000 to /config/sdcardfs/com.android.settings/appid
04-08 18:46:20.904  2142  2204 W PackageSettings: Couldn't write 10034 to /config/sdcardfs/com.termux/appid
04-08 18:46:20.904  2142  2204 W PackageSettings: Couldn't write 10052 to /config/sdcardfs/com.android.calculator2/appid
04-08 18:46:20.904  2142  2204 W PackageSettings: Couldn't write 10049 to /config/sdcardfs/com.android.cts.ctsshim/appid
04-08 18:46:20.904  2142  2204 W PackageSettings: Couldn't write 10035 to /config/sdcardfs/com.android.vpndialogs/appid
04-08 18:46:20.904  2142  2204 W PackageSettings: Couldn't write 1001 to /config/sdcardfs/com.android.phone/appid
04-08 18:46:20.904  2142  2204 W PackageSettings: Couldn't write 2000 to /config/sdcardfs/com.android.shell/appid
04-08 18:46:20.904  2142  2204 W PackageSettings: Couldn't write 1000 to /config/sdcardfs/com.android.wallpaperbackup/appid
04-08 18:46:20.904  2142  2204 W PackageSettings: Couldn't write 10003 to /config/sdcardfs/com.android.providers.blockednumber/appid
04-08 18:46:20.904  2142  2204 W PackageSettings: Couldn't write 10003 to /config/sdcardfs/com.android.providers.userdictionary/appid
04-08 18:46:20.904  2142  2204 W PackageSettings: Couldn't write 10014 to /config/sdcardfs/com.android.emergency/appid
04-08 18:46:20.904  2142  2204 W PackageSettings: Couldn't write 1000 to /config/sdcardfs/com.android.location.fused/appid
04-08 18:46:20.904  2142  2204 W PackageSettings: Couldn't write 10054 to /config/sdcardfs/com.android.deskclock/appid
04-08 18:46:20.904  2142  2204 W PackageSettings: Couldn't write 10033 to /config/sdcardfs/com.android.systemui/appid
04-08 18:46:20.904  2142  2204 W PackageSettings: Couldn't write 10039 to /config/sdcardfs/com.android.bluetoothmidiservice/appid
04-08 18:46:20.904  2142  2204 W PackageSettings: Couldn't write 10069 to /config/sdcardfs/com.termoneplus/appid
04-08 18:46:20.905  2142  2204 W PackageSettings: Couldn't write 1002 to /config/sdcardfs/com.android.bluetooth/appid
04-08 18:46:20.905  2142  2204 W PackageSettings: Couldn't write 10050 to /config/sdcardfs/com.android.development/appid
04-08 18:46:20.905  2142  2204 W PackageSettings: Couldn't write 10070 to /config/sdcardfs/com.android.wallpaperpicker/appid
04-08 18:46:20.905  2142  2204 W PackageSettings: Couldn't write 10003 to /config/sdcardfs/com.android.providers.contacts/appid
04-08 18:46:20.905  2142  2204 W PackageSettings: Couldn't write 10043 to /config/sdcardfs/com.android.captiveportallogin/appid
04-08 18:46:20.916  2142  2204 W StorageManagerService: No primary storage mounted!
04-08 18:46:20.916  2142  2204 D VoldConnector: SND -> {2 asec list}
04-08 18:46:20.916  2142  2205 D VoldConnector: RCV <- {200 2 asec operation succeeded}
04-08 18:46:20.951  2013  2013 D ZygoteInitTiming_lazy: PreloadClasses took to complete: 231ms
04-08 18:46:20.984  2013  2013 D ZygoteInitTiming_lazy: PreloadResources took to complete: 33ms
04-08 18:46:20.989  2142  2202 I ActivityManager: Config changes=30 {1.0 ?mcc?mnc [en_US] ldltr sw720dp w1280dp h720dp 240dpi xlrg long land -touch qwerty/v/v -nav/h appBounds=Rect(0, 0 - 1920, 1080) s.4}
04-08 18:46:20.989  2142  2202 I ActivityManager: Override config changes=30 {1.0 ?mcc?mnc [en_US] ldltr sw720dp w1280dp h720dp 240dpi xlrg long land -touch qwerty/v/v -nav/h appBounds=Rect(0, 0 - 1920, 1080) s.4} for displayId=0
04-08 18:46:21.056  2142  2155 D SystemServerTimingAsync: SecondaryZygotePreload took to complete: 378ms
04-08 18:46:21.056  2142  2155 D SystemServerInitThreadPool: Finished executing SecondaryZygotePreload
04-08 18:46:27.905  2142  2142 D SystemServerTiming: UpdatePackagesIfNeeded took to complete: 7020ms
04-08 18:46:27.905  2142  2142 I SystemServer: PerformFstrimIfNeeded
04-08 18:46:27.905  2142  2142 W PackageManager: No disk maintenance in 1554720387905; running immediately
04-08 18:46:27.905  2142  2142 D SystemServerTiming: PerformFstrimIfNeeded took to complete: 0ms
04-08 18:46:27.905  2142  2142 I SystemServer: StartLockSettingsService
04-08 18:46:27.905  2142  2204 I StorageManagerService: Running fstrim idle maintenance
04-08 18:46:27.906  2142  2142 I SystemServiceManager: Starting com.android.server.locksettings.LockSettingsService$Lifecycle
04-08 18:46:27.906  2142  2204 D VoldConnector: SND -> {3 fstrim dotrim}
04-08 18:46:27.906  2005  2008 I vold    : [libfs_mgr]fs_mgr_read_fstab_dt(): failed to read fstab from dt
04-08 18:46:27.907  2142  2205 D VoldConnector: RCV <- {200 3 Command succeeded}
04-08 18:46:27.907  2005  2319 D vold    : Starting trim of /cache
04-08 18:46:27.907  2005  2319 W vold    : Trim failed on /cache: Not a typewriter
04-08 18:46:27.907  2142  2205 D VoldConnector: RCV <- {662 /cache -1 -1}
04-08 18:46:27.913  2142  2142 D SystemServerTiming: StartLockSettingsService took to complete: 8ms
04-08 18:46:27.915  2142  2142 I OemLock : OemLock HAL not present on device
04-08 18:46:27.915  2142  2142 I SystemServer: StartDeviceIdleController
04-08 18:46:27.916  2142  2142 I SystemServiceManager: Starting com.android.server.DeviceIdleController
04-08 18:46:27.916  2142  2142 D SystemServerTiming: StartDeviceIdleController took to complete: 1ms
04-08 18:46:27.916  2142  2142 I SystemServer: StartDevicePolicyManager
04-08 18:46:27.916  2142  2142 I SystemServiceManager: Starting com.android.server.devicepolicy.DevicePolicyManagerService$Lifecycle
04-08 18:46:27.921  2142  2142 D SystemServerTiming: StartDevicePolicyManager took to complete: 5ms
04-08 18:46:27.921  2142  2142 I SystemServer: StartStatusBarManagerService
04-08 18:46:27.922  2142  2142 D SystemServerTiming: StartStatusBarManagerService took to complete: 1ms
04-08 18:46:27.922  2142  2142 I SystemServer: StartClipboardService
04-08 18:46:27.922  2142  2142 I SystemServiceManager: Starting com.android.server.clipboard.ClipboardService
04-08 18:46:27.922  2142  2142 D SystemServerTiming: StartClipboardService took to complete: 0ms
04-08 18:46:27.922  2142  2142 I SystemServer: StartNetworkManagementService
04-08 18:46:27.924  2142  2320 I NetworkManagement: onDaemonConnected()
04-08 18:46:27.926  2142  2142 D SystemServerTiming: StartNetworkManagementService took to complete: 4ms
04-08 18:46:27.926  2142  2142 I SystemServer: StartTextServicesManager
04-08 18:46:27.926  2142  2142 I SystemServiceManager: Starting com.android.server.TextServicesManagerService$Lifecycle
04-08 18:46:27.930  2142  2142 D SystemServerTiming: StartTextServicesManager took to complete: 4ms
04-08 18:46:27.930  2142  2142 I SystemServer: StartNetworkScoreService
04-08 18:46:27.930  2142  2142 D SystemServerTiming: StartNetworkScoreService took to complete: 0ms
04-08 18:46:27.930  2142  2142 I SystemServer: StartNetworkStatsService
04-08 18:46:27.934  2142  2142 D SystemServerTiming: StartNetworkStatsService took to complete: 4ms
04-08 18:46:27.934  2142  2142 I SystemServer: StartNetworkPolicyManagerService
04-08 18:46:27.936  2142  2142 D SystemServerTiming: StartNetworkPolicyManagerService took to complete: 2ms
04-08 18:46:27.936  2142  2142 I SystemServer: StartWifi
04-08 18:46:27.946  2142  2142 I SystemServiceManager: Starting com.android.server.wifi.WifiService
04-08 18:46:27.986  2142  2142 D SystemServerTiming: StartWifi took to complete: 50ms
04-08 18:46:27.986  2142  2142 I SystemServer: StartWifiScanning
04-08 18:46:27.987  2142  2142 I SystemServiceManager: Starting com.android.server.wifi.scanner.WifiScanningService
04-08 18:46:27.988  2142  2142 D SystemServerTiming: StartWifiScanning took to complete: 2ms
04-08 18:46:27.988  2142  2142 I SystemServer: StartWifiRtt
04-08 18:46:27.988  2142  2142 I SystemServiceManager: Starting com.android.server.wifi.RttService
04-08 18:46:27.989  2142  2142 D SystemServerTiming: StartWifiRtt took to complete: 1ms
04-08 18:46:27.989  2142  2142 I SystemServer: No Wi-Fi Aware Service (Aware support Not Present)
04-08 18:46:27.989  2142  2142 I SystemServer: StartEthernet
04-08 18:46:27.989  2142  2142 I SystemServiceManager: Starting com.android.server.ethernet.EthernetService
04-08 18:46:27.990  2142  2142 D SystemServerTiming: StartEthernet took to complete: 1ms
04-08 18:46:27.990  2142  2142 I SystemServer: StartConnectivityService
04-08 18:46:27.993  2142  2142 D ConnectivityService: ConnectivityService starting up
04-08 18:46:27.993  2142  2142 D ConnectivityService: wifiOnly=true
04-08 18:46:27.993  2142  2142 D ConnectivityService: networkAttributes - ignoring mobile as this dev is wifiOnly 0
04-08 18:46:27.993  2142  2142 D ConnectivityService: networkAttributes - ignoring mobile as this dev is wifiOnly 2
04-08 18:46:27.993  2142  2142 D ConnectivityService: networkAttributes - ignoring mobile as this dev is wifiOnly 3
04-08 18:46:27.993  2142  2142 D ConnectivityService: networkAttributes - ignoring mobile as this dev is wifiOnly 5
04-08 18:46:27.993  2142  2142 D ConnectivityService: networkAttributes - ignoring mobile as this dev is wifiOnly 10
04-08 18:46:27.993  2142  2142 D ConnectivityService: networkAttributes - ignoring mobile as this dev is wifiOnly 11
04-08 18:46:27.993  2142  2142 D ConnectivityService: networkAttributes - ignoring mobile as this dev is wifiOnly 12
04-08 18:46:27.993  2142  2142 E ConnectivityService: Ignoring protectedNetwork 10
04-08 18:46:27.993  2142  2142 E ConnectivityService: Ignoring protectedNetwork 11
04-08 18:46:27.993  2142  2142 E ConnectivityService: Ignoring protectedNetwork 12
04-08 18:46:27.993  2142  2142 E ConnectivityService: Ignoring protectedNetwork 14
04-08 18:46:27.993  2142  2142 E ConnectivityService: Ignoring protectedNetwork 15
04-08 18:46:27.995  2142  2142 D SystemServerTiming: StartConnectivityService took to complete: 5ms
04-08 18:46:27.995  2142  2142 I SystemServer: StartNsdService
04-08 18:46:27.996  2142  2142 D NsdService: Network service discovery is enabled
04-08 18:46:27.996  2142  2142 D SystemServerTiming: StartNsdService took to complete: 1ms
04-08 18:46:27.996  2142  2142 I SystemServer: StartUpdateLockService
04-08 18:46:27.997  2142  2142 D SystemServerTiming: StartUpdateLockService took to complete: 1ms
04-08 18:46:27.997  2142  2142 I SystemServer: WaitForAsecScan
04-08 18:46:27.997  2142  2142 D SystemServerTiming: WaitForAsecScan took to complete: 0ms
04-08 18:46:27.997  2142  2142 I SystemServer: StartNotificationManager
04-08 18:46:27.998  2142  2142 I SystemServiceManager: Starting com.android.server.notification.NotificationManagerService
04-08 18:46:28.005  2142  2142 D ConditionProviders.SCP: new ScheduleConditionProvider()
04-08 18:46:28.005  2142  2142 I ConditionProviders:  Allowing condition provider com.android.camera2
04-08 18:46:28.005  2142  2142 D ZenLog  : set_zen_mode: off,init
04-08 18:46:28.007  2142  2142 D SystemServerTiming: StartNotificationManager took to complete: 10ms
04-08 18:46:28.007  2142  2142 I SystemServer: StartDeviceMonitor
04-08 18:46:28.007  2142  2142 I SystemServiceManager: Starting com.android.server.storage.DeviceStorageMonitorService
04-08 18:46:28.007  2142  2142 D SystemServerTiming: StartDeviceMonitor took to complete: 0ms
04-08 18:46:28.007  2142  2142 I SystemServer: StartLocationManagerService
04-08 18:46:28.009  2142  2142 D SystemServerTiming: StartLocationManagerService took to complete: 2ms
04-08 18:46:28.009  2142  2142 I SystemServer: StartCountryDetectorService
04-08 18:46:28.009  2142  2142 D SystemServerTiming: StartCountryDetectorService took to complete: 0ms
04-08 18:46:28.009  2142  2142 I SystemServer: StartSearchManagerService
04-08 18:46:28.009  2142  2142 I SystemServiceManager: Starting com.android.server.search.SearchManagerService$Lifecycle
04-08 18:46:28.010  2142  2142 D SystemServerTiming: StartSearchManagerService took to complete: 1ms
04-08 18:46:28.010  2142  2142 I SystemServer: StartWallpaperManagerService
04-08 18:46:28.010  2142  2142 I SystemServiceManager: Starting com.android.server.wallpaper.WallpaperManagerService$Lifecycle
04-08 18:46:28.011  2142  2142 I WallpaperManagerService: No static wallpaper imagery; defaults will be shown
04-08 18:46:28.011  2142  2142 W WallpaperManagerService: no current wallpaper -- first boot?
04-08 18:46:28.011  2142  2142 D SystemServerTiming: StartWallpaperManagerService took to complete: 1ms
04-08 18:46:28.011  2142  2142 I SystemServer: StartAudioService
04-08 18:46:28.011  2142  2142 I SystemServiceManager: Starting com.android.server.audio.AudioService$Lifecycle
04-08 18:46:28.017  2142  2142 D SystemServerTiming: StartAudioService took to complete: 6ms
04-08 18:46:28.017  2142  2142 I SystemServer: StartDockObserver
04-08 18:46:28.017  2142  2142 I SystemServiceManager: Starting com.android.server.DockObserver
04-08 18:46:28.017  2142  2142 W DockObserver: This kernel does not have dock station support
04-08 18:46:28.017  2142  2142 D SystemServerTiming: StartDockObserver took to complete: 0ms
04-08 18:46:28.017  2142  2142 I SystemServer: StartWiredAccessoryManager
04-08 18:46:28.018  2142  2142 W WiredAccessoryManager: This kernel does not have usb audio support
04-08 18:46:28.018  2142  2142 W WiredAccessoryManager: This kernel does not have HDMI audio support
04-08 18:46:28.018  2142  2142 D SystemServerTiming: StartWiredAccessoryManager took to complete: 1ms
04-08 18:46:28.018  2142  2142 I SystemServer: StartUsbService
04-08 18:46:28.018  2142  2142 I SystemServiceManager: Starting com.android.server.usb.UsbService$Lifecycle
04-08 18:46:28.021  2142  2201 I UsbPortManager: Usb hal service started android.hardware.usb@1.0::IUsb default
04-08 18:46:28.023  2142  2142 D SystemServerTiming: StartUsbService took to complete: 5ms
04-08 18:46:28.023  2142  2142 I SystemServer: StartSerialService
04-08 18:46:28.023  2142  2142 D SystemServerTiming: StartSerialService took to complete: 0ms
04-08 18:46:28.023  2142  2142 I SystemServer: StartHardwarePropertiesManagerService
04-08 18:46:28.024  2142  2142 D SystemServerTiming: StartHardwarePropertiesManagerService took to complete: 1ms
04-08 18:46:28.024  2142  2142 I SystemServer: StartTwilightService
04-08 18:46:28.024  2142  2142 I SystemServiceManager: Starting com.android.server.twilight.TwilightService
04-08 18:46:28.024  2142  2142 D SystemServerTiming: StartTwilightService took to complete: 0ms
04-08 18:46:28.024  2142  2142 I SystemServer: StartJobScheduler
04-08 18:46:28.024  2142  2142 I SystemServiceManager: Starting com.android.server.job.JobSchedulerService
04-08 18:46:28.025  2142  2142 I JobStore: Read 0 jobs
04-08 18:46:28.026  2142  2142 D ConnectivityService: requestNetwork for uid/pid:1000/2142 NetworkRequest [ TRACK_DEFAULT id=3, [ Capabilities: INTERNET&NOT_RESTRICTED&TRUSTED&NOT_VPN] ]
04-08 18:46:28.027  2142  2142 D SystemServerTiming: StartJobScheduler took to complete: 3ms
04-08 18:46:28.027  2142  2142 I SystemServer: StartSoundTrigger
04-08 18:46:28.027  2142  2142 I SystemServiceManager: Starting com.android.server.soundtrigger.SoundTriggerService
04-08 18:46:28.028  2142  2142 D SystemServerTiming: StartSoundTrigger took to complete: 1ms
04-08 18:46:28.028  2142  2142 I SystemServer: StartTrustManager
04-08 18:46:28.028  2142  2142 I SystemServiceManager: Starting com.android.server.trust.TrustManagerService
04-08 18:46:28.029  2142  2142 D SystemServerTiming: StartTrustManager took to complete: 1ms
04-08 18:46:28.029  2142  2142 I SystemServer: StartBackupManager
04-08 18:46:28.029  2142  2142 I SystemServiceManager: Starting com.android.server.backup.BackupManagerService$Lifecycle
04-08 18:46:28.031  2142  2142 D SystemServerTiming: StartBackupManager took to complete: 2ms
04-08 18:46:28.031  2142  2142 I SystemServer: StartAppWidgerService
04-08 18:46:28.031  2142  2142 I SystemServiceManager: Starting com.android.server.appwidget.AppWidgetService
04-08 18:46:28.034  2142  2142 D SystemServerTiming: StartAppWidgerService took to complete: 3ms
04-08 18:46:28.034  2142  2142 I SystemServer: StartVoiceRecognitionManager
04-08 18:46:28.034  2142  2142 I SystemServiceManager: Starting com.android.server.voiceinteraction.VoiceInteractionManagerService
04-08 18:46:28.035  2142  2142 D SystemServerTiming: StartVoiceRecognitionManager took to complete: 1ms
04-08 18:46:28.035  2142  2142 I SystemServer: StartGestureLauncher
04-08 18:46:28.035  2142  2142 I SystemServiceManager: Starting com.android.server.GestureLauncherService
04-08 18:46:28.035  2142  2142 D SystemServerTiming: StartGestureLauncher took to complete: 0ms
04-08 18:46:28.035  2142  2142 I SystemServer: StartSensorNotification
04-08 18:46:28.035  2142  2142 I SystemServiceManager: Starting com.android.server.SensorNotificationService
04-08 18:46:28.035  2142  2142 D SystemServerTiming: StartSensorNotification took to complete: 0ms
04-08 18:46:28.035  2142  2142 I SystemServer: StartContextHubSystemService
04-08 18:46:28.035  2142  2142 I SystemServiceManager: Starting com.android.server.ContextHubSystemService
04-08 18:46:28.035  2142  2142 D SystemServerTiming: StartContextHubSystemService took to complete: 0ms
04-08 18:46:28.035  2142  2142 I SystemServer: StartDiskStatsService
04-08 18:46:28.035  2142  2189 D SystemServerInitThreadPool: Started executing Init ContextHubSystemService
04-08 18:46:28.035  2142  2142 D SystemServerTiming: StartDiskStatsService took to complete: 0ms
04-08 18:46:28.035  2142  2142 I SystemServer: StartNetworkTimeUpdateService
04-08 18:46:28.035  2142  2189 D SystemServerInitThreadPool: Finished executing Init ContextHubSystemService
04-08 18:46:28.036  2142  2142 D SystemServerTiming: StartNetworkTimeUpdateService took to complete: 1ms
04-08 18:46:28.036  2142  2142 I SystemServer: StartCommonTimeManagementService
04-08 18:46:28.036  2142  2142 D SystemServerTiming: StartCommonTimeManagementService took to complete: 0ms
04-08 18:46:28.036  2142  2142 I SystemServer: CertBlacklister
04-08 18:46:28.036  2142  2142 D SystemServerTiming: CertBlacklister took to complete: 0ms
04-08 18:46:28.036  2142  2142 I SystemServer: StartEmergencyAffordanceService
04-08 18:46:28.036  2142  2142 I SystemServiceManager: Starting com.android.server.emergency.EmergencyAffordanceService
04-08 18:46:28.037  2142  2142 D SystemServerTiming: StartEmergencyAffordanceService took to complete: 1ms
04-08 18:46:28.037  2142  2142 I SystemServer: StartDreamManager
04-08 18:46:28.037  2142  2142 I SystemServiceManager: Starting com.android.server.dreams.DreamManagerService
04-08 18:46:28.037  2142  2142 D SystemServerTiming: StartDreamManager took to complete: 0ms
04-08 18:46:28.037  2142  2142 I SystemServer: AddGraphicsStatsService
04-08 18:46:28.038  2142  2142 D SystemServerTiming: AddGraphicsStatsService took to complete: 1ms
04-08 18:46:28.038  2142  2142 I SystemServer: StartPrintManager
04-08 18:46:28.038  2142  2142 I SystemServiceManager: Starting com.android.server.print.PrintManagerService
04-08 18:46:28.039  2142  2142 D SystemServerTiming: StartPrintManager took to complete: 1ms
04-08 18:46:28.039  2142  2142 I SystemServer: StartCompanionDeviceManager
04-08 18:46:28.039  2142  2142 I SystemServiceManager: Starting com.android.server.companion.CompanionDeviceManagerService
04-08 18:46:28.039  2142  2142 D SystemServerTiming: StartCompanionDeviceManager took to complete: 0ms
04-08 18:46:28.039  2142  2142 I SystemServer: StartRestrictionManager
04-08 18:46:28.039  2142  2142 I SystemServiceManager: Starting com.android.server.restrictions.RestrictionsManagerService
04-08 18:46:28.040  2142  2142 D SystemServerTiming: StartRestrictionManager took to complete: 1ms
04-08 18:46:28.040  2142  2142 I SystemServer: StartMediaSessionService
04-08 18:46:28.040  2142  2142 I SystemServiceManager: Starting com.android.server.media.MediaSessionService
04-08 18:46:28.040  2142  2142 D SystemServerTiming: StartMediaSessionService took to complete: 0ms
04-08 18:46:28.040  2142  2142 I SystemServer: StartMediaResourceMonitor
04-08 18:46:28.040  2142  2142 I SystemServiceManager: Starting com.android.server.media.MediaResourceMonitorService
04-08 18:46:28.041  2142  2142 D SystemServerTiming: StartMediaResourceMonitor took to complete: 1ms
04-08 18:46:28.041  2142  2142 I SystemServer: StartMediaRouterService
04-08 18:46:28.041  2142  2142 D SystemServerTiming: StartMediaRouterService took to complete: 0ms
04-08 18:46:28.041  2142  2142 I SystemServer: StartBackgroundDexOptService
04-08 18:46:28.042  2142  2142 D SystemServerTiming: StartBackgroundDexOptService took to complete: 1ms
04-08 18:46:28.042  2142  2142 I SystemServer: StartPruneInstantAppsJobService
04-08 18:46:28.042  2142  2142 D SystemServerTiming: StartPruneInstantAppsJobService took to complete: 0ms
04-08 18:46:28.042  2142  2142 I SystemServer: StartShortcutServiceLifecycle
04-08 18:46:28.042  2142  2142 I SystemServiceManager: Starting com.android.server.pm.ShortcutService$Lifecycle
04-08 18:46:28.044  2142  2142 D SystemServerTiming: StartShortcutServiceLifecycle took to complete: 2ms
04-08 18:46:28.044  2142  2142 I SystemServer: StartLauncherAppsService
04-08 18:46:28.044  2142  2142 I SystemServiceManager: Starting com.android.server.pm.LauncherAppsService
04-08 18:46:28.044  2142  2142 D SystemServerTiming: StartLauncherAppsService took to complete: 0ms
04-08 18:46:28.044  2142  2142 I SystemServer: StartMediaProjectionManager
04-08 18:46:28.045  2142  2142 I SystemServiceManager: Starting com.android.server.media.projection.MediaProjectionManagerService
04-08 18:46:28.060  2142  2142 D SystemServerTiming: StartMediaProjectionManager took to complete: 16ms
04-08 18:46:28.060  2142  2142 I SystemServer: StartCameraServiceProxy
04-08 18:46:28.060  2142  2142 I SystemServiceManager: Starting com.android.server.camera.CameraServiceProxy
04-08 18:46:28.061  2142  2142 D SystemServerTiming: StartCameraServiceProxy took to complete: 1ms
04-08 18:46:28.061  2142  2142 I SystemServer: StartJitCompilation
04-08 18:46:28.061  2142  2142 D SystemServerTiming: StartJitCompilation took to complete: 0ms
04-08 18:46:28.061  2142  2142 I SystemServer: StartMmsService
04-08 18:46:28.061  2142  2142 I SystemServiceManager: Starting com.android.server.MmsServiceBroker
04-08 18:46:28.061  2142  2142 D SystemServerTiming: StartMmsService took to complete: 0ms
04-08 18:46:28.061  2142  2142 I SystemServer: StartAutoFillService
04-08 18:46:28.061  2142  2142 I SystemServiceManager: Starting com.android.server.autofill.AutofillManagerService
04-08 18:46:28.064  2142  2142 I AutofillManagerService: Setting debug to true
04-08 18:46:28.065  2142  2142 D SystemServerTiming: StartAutoFillService took to complete: 4ms
04-08 18:46:28.065  2142  2142 I SystemServer: MakeVibratorServiceReady
04-08 18:46:28.065  2142  2142 D SystemServerTiming: MakeVibratorServiceReady took to complete: 0ms
04-08 18:46:28.065  2142  2142 I SystemServer: MakeLockSettingsServiceReady
04-08 18:46:28.097  2142  2142 I LockSettingsService: Migrated lock settings to new location
04-08 18:46:28.100  2142  2142 I LockSettingsService: Migrated per-user lock settings to new location
04-08 18:46:28.107  2142  2142 I LockSettingsService: Migrated biometric weak to use the fallback instead
04-08 18:46:28.112  2142  2142 I LockSettingsService: Migrated lockscreen disabled flag
04-08 18:46:28.115  2142  2142 I SyntheticPasswordManager: Device does not support weaver
04-08 18:46:28.116  2142  2142 E LockSettingsStorage: Cannot read file java.io.FileNotFoundException: /data/system/gatekeeper.password.key: open failed: ENOENT (No such file or directory)
04-08 18:46:28.116  2142  2142 E LockSettingsStorage: Cannot read file java.io.FileNotFoundException: /data/system/password.key: open failed: ENOENT (No such file or directory)
04-08 18:46:28.116  2142  2142 E LockSettingsStorage: Cannot read file java.io.FileNotFoundException: /data/system/gatekeeper.pattern.key: open failed: ENOENT (No such file or directory)
04-08 18:46:28.116  2142  2142 E LockSettingsStorage: Cannot read file java.io.FileNotFoundException: /data/system/gatekeeper.gesture.key: open failed: ENOENT (No such file or directory)
04-08 18:46:28.116  2142  2142 E LockSettingsStorage: Cannot read file java.io.FileNotFoundException: /data/system/gesture.key: open failed: ENOENT (No such file or directory)
04-08 18:46:28.116  2142  2142 D SystemServerTiming: MakeLockSettingsServiceReady took to complete: 51ms
04-08 18:46:28.116  2142  2142 I SystemServer: StartBootPhaseLockSettingsReady
04-08 18:46:28.116  2142  2142 I SystemServiceManager: Starting phase 480
04-08 18:46:28.118  2142  2142 D SystemServerTiming: StartBootPhaseLockSettingsReady took to complete: 2ms
04-08 18:46:28.118  2142  2142 I SystemServer: StartBootPhaseSystemServicesReady
04-08 18:46:28.118  2142  2142 I SystemServiceManager: Starting phase 500
04-08 18:46:28.119  2142  2142 I VrManagerService: No default vr listener service found.
04-08 18:46:28.122  2142  2142 I WifiService: WifiService starting up with Wi-Fi disabled
04-08 18:46:28.125  2142  2329 D ConnectivityService: Got NetworkFactory Messenger for Ethernet
04-08 18:46:28.125  2142  2142 D ZenLog  : config: cleanUpZenRules,ZenModeConfig[user=0,allowCalls=true,allowRepeatCallers=false,allowMessages=false,allowCallsFrom=contacts,allowMessagesFrom=contacts,allowReminders=true,allowEvents=true,allowWhenScreenOff=true,allowWhenScreenOn=true,automaticRules={EVENTS_DEFAULT_RULE=ZenRule[enabled=false,snoozing=false,name=Event,zenMode=ZEN_MODE_ALARMS,conditionId=condition://android/event?userId=-10000&calendar=&reply=1,condition=null,component=ComponentInfo{android/com.android.server.notification.EventConditionProvider},id=EVENTS_DEFAULT_RULE,creationTime=1554720388004,enabler=null], SCHEDULED_DEFAULT_RULE_1=ZenRule[enabled=false,snoozing=false,name=Weeknight,zenMode=ZEN_MODE_ALARMS,conditionId=condition://android/schedule?days=1.2.3.4.5&start=22.0&end=7.0&exitAtAlarm=false,condition=null,component=ComponentInfo{android/com.android.server.notification.ScheduleConditionProvider},id=SCHEDULED_DEFAULT_RULE_1,creationTime=1554720388004,enabler=null], SCHEDULED_DEFAULT_RULE_2=ZenRule[enabled=false,snoozing=false,name=Weekend,zenMode=ZEN_MODE_ALARMS,conditionId=condition://android/schedule?days=6.7&start=23.30&end=10.0&exitAtAlarm=false,condition=null,component=ComponentInfo{android/com.android.server.notification.ScheduleConditionProvider},id=SCHEDULED_DEFAULT_RULE_2,creationTime=1554720388004,enabler=null]},manualRule=null],Diff[]
04-08 18:46:28.125  2142  2142 D ZenLog  : set_zen_mode: off,onSystemReady
04-08 18:46:28.126  2142  2142 W SoundTriggerHelper: listModules status=0, # of modules=0
04-08 18:46:28.126  2142  2142 D SystemServerTiming: StartBootPhaseSystemServicesReady took to complete: 8ms
04-08 18:46:28.126  2142  2142 I SystemServer: MakeWindowManagerServiceReady
04-08 18:46:28.127  2142  2142 D SystemServerTiming: MakeWindowManagerServiceReady took to complete: 1ms
04-08 18:46:28.127  2142  2142 I SystemServer: MakePowerManagerServiceReady
04-08 18:46:28.129  2142  2142 D SystemServerTiming: MakePowerManagerServiceReady took to complete: 1ms
04-08 18:46:28.129  2142  2142 I SystemServer: MakePackageManagerServiceReady
04-08 18:46:28.130  2142  2157 E KernelCpuSpeedReader: Failed to read cpu-freq: /sys/devices/system/cpu/cpu0/cpufreq/stats/time_in_state (No such file or directory)
04-08 18:46:28.130  2142  2166 W KeyguardServiceDelegate: onScreenTurningOn(): no keyguard service!
04-08 18:46:28.130  2142  2142 D VoldConnector: SND -> {4 volume remount_uid 1001 none}
04-08 18:46:28.131  2005  2008 D vold    : Remounting 1001 as mode none
04-08 18:46:28.132  2005  2008 D vold    : Found matching PID 2047
04-08 18:46:28.132  2005  2008 W vold    : Skipping due to root namespace
04-08 18:46:28.132  2142  2205 D VoldConnector: RCV <- {200 4 Command succeeded}
04-08 18:46:28.132  2142  2142 D VoldConnector: SND -> {5 volume remount_uid 1001 none}
04-08 18:46:28.132  2005  2008 D vold    : Remounting 1001 as mode none
04-08 18:46:28.133  2005  2008 D vold    : Found matching PID 2047
04-08 18:46:28.133  2005  2008 W vold    : Skipping due to root namespace
04-08 18:46:28.133  2142  2205 D VoldConnector: RCV <- {200 5 Command succeeded}
04-08 18:46:28.133  2142  2142 D VoldConnector: SND -> {6 volume remount_uid 1000 none}
04-08 18:46:28.133  2005  2008 D vold    : Remounting 1000 as mode none
04-08 18:46:28.133  2005  2008 D vold    : Found matching PID 1956
04-08 18:46:28.133  2005  2008 W vold    : Skipping due to root namespace
04-08 18:46:28.133  2005  2008 D vold    : Found matching PID 1957
04-08 18:46:28.133  2005  2008 W vold    : Skipping due to root namespace
04-08 18:46:28.134  2005  2008 D vold    : Found matching PID 1958
04-08 18:46:28.134  2005  2008 W vold    : Skipping due to root namespace
04-08 18:46:28.134  2005  2008 D vold    : Found matching PID 2015
04-08 18:46:28.134  2005  2008 W vold    : Skipping due to root namespace
04-08 18:46:28.134  2005  2008 D vold    : Found matching PID 2020
04-08 18:46:28.134  2005  2008 W vold    : Skipping due to root namespace
04-08 18:46:28.134  2005  2008 D vold    : Found matching PID 2021
04-08 18:46:28.134  2005  2008 W vold    : Skipping due to root namespace
04-08 18:46:28.134  2005  2008 D vold    : Found matching PID 2022
04-08 18:46:28.134  2005  2008 W vold    : Skipping due to root namespace
04-08 18:46:28.134  2005  2008 D vold    : Found matching PID 2023
04-08 18:46:28.134  2005  2008 W vold    : Skipping due to root namespace
04-08 18:46:28.134  2005  2008 D vold    : Found matching PID 2024
04-08 18:46:28.134  2005  2008 W vold    : Skipping due to root namespace
04-08 18:46:28.134  2005  2008 D vold    : Found matching PID 2048
04-08 18:46:28.134  2005  2008 W vold    : Skipping due to root namespace
04-08 18:46:28.134  2005  2008 D vold    : Found matching PID 2142
04-08 18:46:28.150  2142  2205 D VoldConnector: RCV <- {200 6 Command succeeded}
04-08 18:46:28.150  2142  2142 D VoldConnector: SND -> {7 volume remount_uid 1000 none}
04-08 18:46:28.151  2005  2008 D vold    : Remounting 1000 as mode none
04-08 18:46:28.151  2005  2008 D vold    : Found matching PID 1956
04-08 18:46:28.151  2005  2008 W vold    : Skipping due to root namespace
04-08 18:46:28.151  2005  2008 D vold    : Found matching PID 1957
04-08 18:46:28.151  2005  2008 W vold    : Skipping due to root namespace
04-08 18:46:28.151  2005  2008 D vold    : Found matching PID 1958
04-08 18:46:28.151  2005  2008 W vold    : Skipping due to root namespace
04-08 18:46:28.151  2005  2008 D vold    : Found matching PID 2015
04-08 18:46:28.151  2005  2008 W vold    : Skipping due to root namespace
04-08 18:46:28.151  2005  2008 D vold    : Found matching PID 2020
04-08 18:46:28.151  2005  2008 W vold    : Skipping due to root namespace
04-08 18:46:28.151  2005  2008 D vold    : Found matching PID 2021
04-08 18:46:28.151  2005  2008 W vold    : Skipping due to root namespace
04-08 18:46:28.151  2005  2008 D vold    : Found matching PID 2022
04-08 18:46:28.151  2005  2008 W vold    : Skipping due to root namespace
04-08 18:46:28.151  2005  2008 D vold    : Found matching PID 2023
04-08 18:46:28.151  2005  2008 W vold    : Skipping due to root namespace
04-08 18:46:28.151  2005  2008 D vold    : Found matching PID 2024
04-08 18:46:28.151  2005  2008 W vold    : Skipping due to root namespace
04-08 18:46:28.151  2005  2008 D vold    : Found matching PID 2048
04-08 18:46:28.151  2005  2008 W vold    : Skipping due to root namespace
04-08 18:46:28.151  2005  2008 D vold    : Found matching PID 2142
04-08 18:46:28.152  2142  2205 D VoldConnector: RCV <- {200 7 Command succeeded}
04-08 18:46:28.153  2142  2142 D VoldConnector: SND -> {8 volume remount_uid 2000 none}
04-08 18:46:28.153  2005  2008 D vold    : Remounting 2000 as mode none
04-08 18:46:28.154  2005  2008 D vold    : Found matching PID 2033
04-08 18:46:28.154  2005  2008 W vold    : Skipping due to root namespace
04-08 18:46:28.154  2142  2205 D VoldConnector: RCV <- {200 8 Command succeeded}
04-08 18:46:28.154  2142  2142 D VoldConnector: SND -> {9 volume remount_uid 2000 none}
04-08 18:46:28.154  2005  2008 D vold    : Remounting 2000 as mode none
04-08 18:46:28.155  2005  2008 D vold    : Found matching PID 2033
04-08 18:46:28.155  2005  2008 W vold    : Skipping due to root namespace
04-08 18:46:28.155  2142  2205 D VoldConnector: RCV <- {200 9 Command succeeded}
04-08 18:46:28.155  2142  2142 D VoldConnector: SND -> {10 volume remount_uid 10033 none}
04-08 18:46:28.156  2005  2008 D vold    : Remounting 10033 as mode none
04-08 18:46:28.156  2142  2205 D VoldConnector: RCV <- {200 10 Command succeeded}
04-08 18:46:28.157  2142  2142 D VoldConnector: SND -> {11 volume remount_uid 10033 none}
04-08 18:46:28.157  2005  2008 D vold    : Remounting 10033 as mode none
04-08 18:46:28.158  2142  2205 D VoldConnector: RCV <- {200 11 Command succeeded}
04-08 18:46:28.158  2142  2142 D VoldConnector: SND -> {12 volume remount_uid 1002 none}
04-08 18:46:28.158  2005  2008 D vold    : Remounting 1002 as mode none
04-08 18:46:28.159  2005  2008 D vold    : Found matching PID 2017
04-08 18:46:28.159  2005  2008 W vold    : Skipping due to root namespace
04-08 18:46:28.159  2142  2205 D VoldConnector: RCV <- {200 12 Command succeeded}
04-08 18:46:28.159  2142  2142 D VoldConnector: SND -> {13 volume remount_uid 1002 none}
04-08 18:46:28.159  2005  2008 D vold    : Remounting 1002 as mode none
04-08 18:46:28.160  2005  2008 D vold    : Found matching PID 2017
04-08 18:46:28.160  2005  2008 W vold    : Skipping due to root namespace
04-08 18:46:28.160  2142  2205 D VoldConnector: RCV <- {200 13 Command succeeded}
04-08 18:46:28.166  2142  2142 I SyncManager: No initial accounts
04-08 18:46:28.166  2142  2142 I SyncManager: No initial status
04-08 18:46:28.166  2142  2142 I SyncManager: No initial statistics
04-08 18:46:28.187  2142  2142 D VoldConnector: SND -> {14 volume remount_uid 10019 none}
04-08 18:46:28.187  2005  2008 D vold    : Remounting 10019 as mode none
04-08 18:46:28.188  2142  2205 D VoldConnector: RCV <- {200 14 Command succeeded}
04-08 18:46:28.188  2142  2142 D VoldConnector: SND -> {15 volume remount_uid 10027 none}
04-08 18:46:28.188  2005  2008 D vold    : Remounting 10027 as mode none
04-08 18:46:28.189  2142  2205 D VoldConnector: RCV <- {200 15 Command succeeded}
04-08 18:46:28.189  2142  2142 D VoldConnector: SND -> {16 volume remount_uid 10027 none}
04-08 18:46:28.189  2005  2008 D vold    : Remounting 10027 as mode none
04-08 18:46:28.189  2142  2205 D VoldConnector: RCV <- {200 16 Command succeeded}
04-08 18:46:28.190  2142  2142 D VoldConnector: SND -> {17 volume remount_uid 10047 none}
04-08 18:46:28.190  2005  2008 D vold    : Remounting 10047 as mode none
04-08 18:46:28.191  2142  2205 D VoldConnector: RCV <- {200 17 Command succeeded}
04-08 18:46:28.191  2142  2142 D VoldConnector: SND -> {18 volume remount_uid 10047 none}
04-08 18:46:28.191  2005  2008 D vold    : Remounting 10047 as mode none
04-08 18:46:28.191  2142  2205 D VoldConnector: RCV <- {200 18 Command succeeded}
04-08 18:46:28.191  2142  2142 D VoldConnector: SND -> {19 volume remount_uid 10012 none}
04-08 18:46:28.192  2005  2008 D vold    : Remounting 10012 as mode none
04-08 18:46:28.192  2142  2205 D VoldConnector: RCV <- {200 19 Command succeeded}
04-08 18:46:28.192  2142  2142 D VoldConnector: SND -> {20 volume remount_uid 10012 none}
04-08 18:46:28.192  2005  2008 D vold    : Remounting 10012 as mode none
04-08 18:46:28.193  2142  2205 D VoldConnector: RCV <- {200 20 Command succeeded}
04-08 18:46:28.193  2142  2142 D VoldConnector: SND -> {21 volume remount_uid 10011 none}
04-08 18:46:28.193  2005  2008 D vold    : Remounting 10011 as mode none
04-08 18:46:28.194  2142  2205 D VoldConnector: RCV <- {200 21 Command succeeded}
04-08 18:46:28.194  2142  2142 D VoldConnector: SND -> {22 volume remount_uid 10011 none}
04-08 18:46:28.194  2005  2008 D vold    : Remounting 10011 as mode none
04-08 18:46:28.195  2142  2205 D VoldConnector: RCV <- {200 22 Command succeeded}
04-08 18:46:28.195  2142  2142 D VoldConnector: SND -> {23 volume remount_uid 10004 none}
04-08 18:46:28.195  2005  2008 D vold    : Remounting 10004 as mode none
04-08 18:46:28.196  2142  2205 D VoldConnector: RCV <- {200 23 Command succeeded}
04-08 18:46:28.196  2142  2142 D VoldConnector: SND -> {24 volume remount_uid 10004 none}
04-08 18:46:28.196  2005  2008 D vold    : Remounting 10004 as mode none
04-08 18:46:28.197  2142  2205 D VoldConnector: RCV <- {200 24 Command succeeded}
04-08 18:46:28.199  2142  2142 D VoldConnector: SND -> {25 volume remount_uid 10013 none}
04-08 18:46:28.199  2005  2008 D vold    : Remounting 10013 as mode none
04-08 18:46:28.199  2142  2205 D VoldConnector: RCV <- {200 25 Command succeeded}
04-08 18:46:28.200  2142  2142 D VoldConnector: SND -> {26 volume remount_uid 10013 none}
04-08 18:46:28.200  2005  2008 D vold    : Remounting 10013 as mode none
04-08 18:46:28.200  2142  2205 D VoldConnector: RCV <- {200 26 Command succeeded}
04-08 18:46:28.200  2142  2142 D VoldConnector: SND -> {27 volume remount_uid 10032 none}
04-08 18:46:28.200  2005  2008 D vold    : Remounting 10032 as mode none
04-08 18:46:28.201  2142  2205 D VoldConnector: RCV <- {200 27 Command succeeded}
04-08 18:46:28.201  2142  2142 D VoldConnector: SND -> {28 volume remount_uid 10032 none}
04-08 18:46:28.201  2005  2008 D vold    : Remounting 10032 as mode none
04-08 18:46:28.202  2142  2205 D VoldConnector: RCV <- {200 28 Command succeeded}
04-08 18:46:28.202  2142  2142 V UserDataPreparer: Found /data/user_de/0 with serial number -1
04-08 18:46:28.202  2142  2142 D UserDataPreparer: Serial number missing on /data/user_de/0; assuming current is valid
04-08 18:46:28.202  2142  2142 V UserDataPreparer: Found /data/user/0 with serial number -1
04-08 18:46:28.202  2142  2142 D UserDataPreparer: Serial number missing on /data/user/0; assuming current is valid
04-08 18:46:28.202  2142  2142 V UserDataPreparer: Found /data/system_de/0 with serial number -1
