04-08 18:47:00.600  3544  3592 I chatty  : uid=10013 com.google.android.gms.ui expire 3 lines
04-08 18:47:00.602  3593  3593 I chatty  : uid=10013(com.google.android.gms) /system/bin/dex2oat expire 4 lines
04-08 18:47:00.704  3448  3463 I chatty  : uid=10013 com.google.android.gms.unstable expire 65 lines
04-08 18:47:00.772  3170  3170 I ContactsProvider: Locale has changed from null to [en_US]
04-08 18:47:00.772  3170  3170 I ContactsDatabaseHelper: Switching to locale [en_US] (ICU v58.2)
04-08 18:47:00.783  3170  3170 I ContactsDatabaseHelper: Locale change completed in 11ms
04-08 18:47:00.783  3170  3170 I ContactsDatabaseHelper: Switching to locale [en_US] (ICU v58.2)
04-08 18:47:00.791  3614  3614 W zygote64: Unexpected CPU variant for X86 using defaults: x86_64
04-08 18:47:00.797  3170  3170 I ContactsDatabaseHelper: Locale change completed in 14ms
04-08 18:47:00.798  2142  2401 I ActivityManager: Start proc 3614:com.google.process.gapps/u0a58 for content provider com.google.android.syncadapters.contacts/.ProxyGalProvider
04-08 18:47:00.801  3614  3614 I zygote64: The ClassLoaderContext is a special shared library.
04-08 18:47:00.808  3170  3170 I d.process.acore: type=1400 audit(0.0:551): avc: denied { map } for path="/dev/event-log-tags" dev="tmpfs" ino=7396 scontext=u:r:untrusted_app:s0:c512,c768 tcontext=u:object_r:runtime_event_log_tags_file:s0 tclass=file permissive=1
04-08 18:47:00.810  3170  3170 D StrictMode: StrictMode policy violation; ~duration=275 ms: android.os.StrictMode$StrictModeDiskReadViolation: policy=65599 violation=2
04-08 18:47:00.810  3170  3170 D StrictMode: 	at android.os.StrictMode$AndroidBlockGuardPolicy.onReadFromDisk(StrictMode.java:1440)
04-08 18:47:00.810  3170  3170 D StrictMode: 	at java.io.UnixFileSystem.checkAccess(UnixFileSystem.java:251)
04-08 18:47:00.810  3170  3170 D StrictMode: 	at java.io.File.exists(File.java:807)
04-08 18:47:00.810  3170  3170 D StrictMode: 	at android.app.ContextImpl.getDataDir(ContextImpl.java:2197)
04-08 18:47:00.810  3170  3170 D StrictMode: 	at android.app.ContextImpl.getPreferencesDir(ContextImpl.java:517)
04-08 18:47:00.810  3170  3170 D StrictMode: 	at android.app.ContextImpl.getSharedPreferencesPath(ContextImpl.java:714)
04-08 18:47:00.810  3170  3170 D StrictMode: 	at android.app.ContextImpl.getSharedPreferences(ContextImpl.java:368)
04-08 18:47:00.810  3170  3170 D StrictMode: 	at android.content.ContextWrapper.getSharedPreferences(ContextWrapper.java:167)
04-08 18:47:00.810  3170  3170 D StrictMode: 	at android.content.ContextWrapper.getSharedPreferences(ContextWrapper.java:167)
04-08 18:47:00.810  3170  3170 D StrictMode: 	at com.android.providers.contacts.ContactsUpgradeReceiver.onReceive(ContactsUpgradeReceiver.java:56)
04-08 18:47:00.810  3170  3170 D StrictMode: 	at android.app.ActivityThread.handleReceiver(ActivityThread.java:3187)
04-08 18:47:00.810  3170  3170 D StrictMode: 	at android.app.ActivityThread.-wrap17(Unknown Source:0)
04-08 18:47:00.810  3170  3170 D StrictMode: 	at android.app.ActivityThread$H.handleMessage(ActivityThread.java:1672)
04-08 18:47:00.810  3170  3170 D StrictMode: 	at android.os.Handler.dispatchMessage(Handler.java:106)
04-08 18:47:00.810  3170  3170 D StrictMode: 	at android.os.Looper.loop(Looper.java:164)
04-08 18:47:00.810  3170  3170 D StrictMode: 	at android.app.ActivityThread.main(ActivityThread.java:6494)
04-08 18:47:00.810  3170  3170 D StrictMode: 	at java.lang.reflect.Method.invoke(Native Method)
04-08 18:47:00.810  3170  3170 D StrictMode: 	at com.android.internal.os.RuntimeInit$MethodAndArgsCaller.run(RuntimeInit.java:463)
04-08 18:47:00.810  3170  3170 D StrictMode: 	at com.android.internal.os.ZygoteInit.main(ZygoteInit.java:807)
04-08 18:47:00.810  3170  3170 D StrictMode: StrictMode policy violation; ~duration=275 ms: android.os.StrictMode$StrictModeDiskReadViolation: policy=65599 violation=2
04-08 18:47:00.810  3170  3170 D StrictMode: 	at android.os.StrictMode$AndroidBlockGuardPolicy.onReadFromDisk(StrictMode.java:1440)
04-08 18:47:00.810  3170  3170 D StrictMode: 	at java.io.UnixFileSystem.checkAccess(UnixFileSystem.java:251)
04-08 18:47:00.810  3170  3170 D StrictMode: 	at java.io.File.exists(File.java:807)
04-08 18:47:00.810  3170  3170 D StrictMode: 	at android.app.ContextImpl.ensurePrivateDirExists(ContextImpl.java:572)
04-08 18:47:00.810  3170  3170 D StrictMode: 	at android.app.ContextImpl.ensurePrivateDirExists(ContextImpl.java:563)
04-08 18:47:00.810  3170  3170 D StrictMode: 	at android.app.ContextImpl.getPreferencesDir(ContextImpl.java:519)
04-08 18:47:00.810  3170  3170 D StrictMode: 	at android.app.ContextImpl.getSharedPreferencesPath(ContextImpl.java:714)
04-08 18:47:00.810  3170  3170 D StrictMode: 	at android.app.ContextImpl.getSharedPreferences(ContextImpl.java:368)
04-08 18:47:00.810  3170  3170 D StrictMode: 	at android.content.ContextWrapper.getSharedPreferences(ContextWrapper.java:167)
04-08 18:47:00.810  3170  3170 D StrictMode: 	at android.content.ContextWrapper.getSharedPreferences(ContextWrapper.java:167)
04-08 18:47:00.810  3170  3170 D StrictMode: 	at com.android.providers.contacts.ContactsUpgradeReceiver.onReceive(ContactsUpgradeReceiver.java:56)
04-08 18:47:00.810  3170  3170 D StrictMode: 	at android.app.ActivityThread.handleReceiver(ActivityThread.java:3187)
04-08 18:47:00.810  3170  3170 D StrictMode: 	at android.app.ActivityThread.-wrap17(Unknown Source:0)
04-08 18:47:00.810  3170  3170 D StrictMode: 	at android.app.ActivityThread$H.handleMessage(ActivityThread.java:1672)
04-08 18:47:00.810  3170  3170 D StrictMode: 	at android.os.Handler.dispatchMessage(Handler.java:106)
04-08 18:47:00.810  3170  3170 D StrictMode: 	at android.os.Looper.loop(Looper.java:164)
04-08 18:47:00.810  3170  3170 D StrictMode: 	at android.app.ActivityThread.main(ActivityThread.java:6494)
04-08 18:47:00.810  3170  3170 D StrictMode: 	at java.lang.reflect.Method.invoke(Native Method)
04-08 18:47:00.810  3170  3170 D StrictMode: 	at com.android.internal.os.RuntimeInit$MethodAndArgsCaller.run(RuntimeInit.java:463)
04-08 18:47:00.810  3170  3170 D StrictMode: 	at com.android.internal.os.ZygoteInit.main(ZygoteInit.java:807)
04-08 18:47:00.810  3170  3170 D StrictMode: StrictMode policy violation; ~duration=274 ms: android.os.StrictMode$StrictModeDiskReadViolation: policy=65599 violation=2
04-08 18:47:00.810  3170  3170 D StrictMode: 	at android.os.StrictMode$AndroidBlockGuardPolicy.onReadFromDisk(StrictMode.java:1440)
04-08 18:47:00.810  3170  3170 D StrictMode: 	at java.io.UnixFileSystem.checkAccess(UnixFileSystem.java:251)
04-08 18:47:00.810  3170  3170 D StrictMode: 	at java.io.File.exists(File.java:807)
04-08 18:47:00.810  3170  3170 D StrictMode: 	at android.app.SharedPreferencesImpl.writeToFile(SharedPreferencesImpl.java:665)
04-08 18:47:00.810  3170  3170 D StrictMode: 	at android.app.SharedPreferencesImpl.-wrap2(Unknown Source:0)
04-08 18:47:00.810  3170  3170 D StrictMode: 	at android.app.SharedPreferencesImpl$2.run(SharedPreferencesImpl.java:599)
04-08 18:47:00.810  3170  3170 D StrictMode: 	at android.app.SharedPreferencesImpl.enqueueDiskWrite(SharedPreferencesImpl.java:618)
04-08 18:47:00.810  3170  3170 D StrictMode: 	at android.app.SharedPreferencesImpl.-wrap0(Unknown Source:0)
04-08 18:47:00.810  3170  3170 D StrictMode: 	at android.app.SharedPreferencesImpl$EditorImpl.commit(SharedPreferencesImpl.java:534)
04-08 18:47:00.810  3170  3170 D StrictMode: 	at com.android.providers.contacts.ContactsUpgradeReceiver.onReceive(ContactsUpgradeReceiver.java:77)
04-08 18:47:00.810  3170  3170 D StrictMode: 	at android.app.ActivityThread.handleReceiver(ActivityThread.java:3187)
04-08 18:47:00.810  3170  3170 D StrictMode: 	at android.app.ActivityThread.-wrap17(Unknown Source:0)
04-08 18:47:00.810  3170  3170 D StrictMode: 	at android.app.ActivityThread$H.handleMessage(ActivityThread.java:1672)
04-08 18:47:00.810  3170  3170 D StrictMode: 	at android.os.Handler.dispatchMessage(Handler.java:106)
04-08 18:47:00.810  3170  3170 D StrictMode: 	at android.os.Looper.loop(Looper.java:164)
04-08 18:47:00.810  3170  3170 D StrictMode: 	at android.app.ActivityThread.main(ActivityThread.java:6494)
04-08 18:47:00.810  3170  3170 D StrictMode: 	at java.lang.reflect.Method.invoke(Native Method)
04-08 18:47:00.810  3170  3170 D StrictMode: 	at com.android.internal.os.RuntimeInit$MethodAndArgsCaller.run(RuntimeInit.java:463)
04-08 18:47:00.810  3170  3170 D StrictMode: 	at com.android.internal.os.ZygoteInit.main(ZygoteInit.java:807)
04-08 18:47:00.810  3170  3170 D StrictMode: StrictMode policy violation; ~duration=273 ms: android.os.StrictMode$StrictModeDiskWriteViolation: policy=65599 violation=1
04-08 18:47:00.810  3170  3170 D StrictMode: 	at android.os.StrictMode$AndroidBlockGuardPolicy.onWriteToDisk(StrictMode.java:1386)
04-08 18:47:00.810  3170  3170 D StrictMode: 	at java.io.FileOutputStream.<init>(FileOutputStream.java:222)
04-08 18:47:00.810  3170  3170 D StrictMode: 	at java.io.FileOutputStream.<init>(FileOutputStream.java:171)
04-08 18:47:00.810  3170  3170 D StrictMode: 	at android.app.SharedPreferencesImpl.createFileOutputStream(SharedPreferencesImpl.java:629)
04-08 18:47:00.810  3170  3170 D StrictMode: 	at android.app.SharedPreferencesImpl.writeToFile(SharedPreferencesImpl.java:720)
04-08 18:47:00.810  3170  3170 D StrictMode: 	at android.app.SharedPreferencesImpl.-wrap2(Unknown Source:0)
04-08 18:47:00.810  3170  3170 D StrictMode: 	at android.app.SharedPreferencesImpl$2.run(SharedPreferencesImpl.java:599)
04-08 18:47:00.810  3170  3170 D StrictMode: 	at android.app.SharedPreferencesImpl.enqueueDiskWrite(SharedPreferencesImpl.java:618)
04-08 18:47:00.810  3170  3170 D StrictMode: 	at android.app.SharedPreferencesImpl.-wrap0(Unknown Source:0)
04-08 18:47:00.810  3170  3170 D StrictMode: 	at android.app.SharedPreferencesImpl$EditorImpl.commit(SharedPreferencesImpl.java:534)
04-08 18:47:00.810  3170  3170 D StrictMode: 	at com.android.providers.contacts.ContactsUpgradeReceiver.onReceive(ContactsUpgradeReceiver.java:77)
04-08 18:47:00.810  3170  3170 D StrictMode: 	at android.app.ActivityThread.handleReceiver(ActivityThread.java:3187)
04-08 18:47:00.810  3170  3170 D StrictMode: 	at android.app.ActivityThread.-wrap17(Unknown Source:0)
04-08 18:47:00.810  3170  3170 D StrictMode: 	at android.app.ActivityThread$H.handleMessage(ActivityThread.java:1672)
04-08 18:47:00.810  3170  3170 D StrictMode: 	at android.os.Handler.dispatchMessage(Handler.java:106)
04-08 18:47:00.810  3170  3170 D StrictMode: 	at android.os.Looper.loop(Looper.java:164)
04-08 18:47:00.810  3170  3170 D StrictMode: 	at android.app.ActivityThread.main(ActivityThread.java:6494)
04-08 18:47:00.810  3170  3170 D StrictMode: 	at java.lang.reflect.Method.invoke(Native Method)
04-08 18:47:00.810  3170  3170 D StrictMode: 	at com.android.internal.os.RuntimeInit$MethodAndArgsCaller.run(RuntimeInit.java:463)
04-08 18:47:00.810  3170  3170 D StrictMode: 	at com.android.internal.os.ZygoteInit.main(ZygoteInit.java:807)
04-08 18:47:00.810  3170  3170 D StrictMode: StrictMode policy violation; ~duration=273 ms: android.os.StrictMode$StrictModeDiskWriteViolation: policy=65599 violation=1
04-08 18:47:00.810  3170  3170 D StrictMode: 	at android.os.StrictMode$AndroidBlockGuardPolicy.onWriteToDisk(StrictMode.java:1386)
04-08 18:47:00.810  3170  3170 D StrictMode: 	at libcore.io.BlockGuardOs.write(BlockGuardOs.java:344)
04-08 18:47:00.810  3170  3170 D StrictMode: 	at libcore.io.IoBridge.write(IoBridge.java:553)
04-08 18:47:00.810  3170  3170 D StrictMode: 	at java.io.FileOutputStream.write(FileOutputStream.java:326)
04-08 18:47:00.810  3170  3170 D StrictMode: 	at com.android.internal.util.FastXmlSerializer.flushBytes(FastXmlSerializer.java:250)
04-08 18:47:00.810  3170  3170 D StrictMode: 	at com.android.internal.util.FastXmlSerializer.flush(FastXmlSerializer.java:271)
04-08 18:47:00.810  3170  3170 D StrictMode: 	at com.android.internal.util.FastXmlSerializer.endDocument(FastXmlSerializer.java:216)
04-08 18:47:00.810  3170  3170 D StrictMode: 	at com.android.internal.util.XmlUtils.writeMapXml(XmlUtils.java:193)
04-08 18:47:00.810  3170  3170 D StrictMode: 	at android.app.SharedPreferencesImpl.writeToFile(SharedPreferencesImpl.java:730)
04-08 18:47:00.810  3170  3170 D StrictMode: 	at android.app.SharedPreferencesImpl.-wrap2(Unknown Source:0)
04-08 18:47:00.810  3170  3170 D StrictMode: 	at android.app.SharedPreferencesImpl$2.run(SharedPreferencesImpl.java:599)
04-08 18:47:00.810  3170  3170 D StrictMode: 	at android.app.SharedPreferencesImpl.enqueueDiskWrite(SharedPreferencesImpl.java:618)
04-08 18:47:00.810  3170  3170 D StrictMode: 	at android.app.SharedPreferencesImpl.-wrap0(Unknown Source:0)
04-08 18:47:00.810  3170  3170 D StrictMode: 	at android.app.SharedPreferencesImpl$EditorImpl.commit(SharedPreferencesImpl.java:534)
04-08 18:47:00.810  3170  3170 D StrictMode: 	at com.android.providers.contacts.ContactsUpgradeReceiver.onReceive(ContactsUpgradeReceiver.java:77)
04-08 18:47:00.810  3170  3170 D StrictMode: 	at android.app.ActivityThread.handleReceiver(ActivityThread.java:3187)
04-08 18:47:00.810  3170  3170 D StrictMode: 	at android.app.ActivityThread.-wrap17(Unknown Source:0)
04-08 18:47:00.810  3170  3170 D StrictMode: 	at android.app.ActivityThread$H.handleMessage(ActivityThread.java:1672)
04-08 18:47:00.810  3170  3170 D StrictMode: 	at android.os.Handler.dispatchMessage(Handler.java:106)
04-08 18:47:00.810  3170  3170 D StrictMode: 	at android.os.Looper.loop(Looper.java:164)
04-08 18:47:00.810  3170  3170 D StrictMode: 	at android.app.ActivityThread.main(ActivityThread.java:6494)
04-08 18:47:00.810  3170  3170 D StrictMode: 	at java.lang.reflect.Method.invoke(Native Method)
04-08 18:47:00.810  3170  3170 D StrictMode: 	at com.android.internal.os.RuntimeInit$MethodAndArgsCaller.run(RuntimeInit.java:463)
04-08 18:47:00.810  3170  3170 D StrictMode: 	at com.android.internal.os.ZygoteInit.main(ZygoteInit.java:807)
04-08 18:47:00.810  3170  3170 D StrictMode: StrictMode policy violation; ~duration=267 ms: android.os.StrictMode$StrictModeDiskWriteViolation: policy=65599 violation=1
04-08 18:47:00.810  3170  3170 D StrictMode: 	at android.os.StrictMode$AndroidBlockGuardPolicy.onWriteToDisk(StrictMode.java:1386)
04-08 18:47:00.810  3170  3170 D StrictMode: 	at libcore.io.BlockGuardOs.chmod(BlockGuardOs.java:77)
04-08 18:47:00.810  3170  3170 D StrictMode: 	at android.system.Os.chmod(Os.java:87)
04-08 18:47:00.810  3170  3170 D StrictMode: 	at android.os.FileUtils.setPermissions(FileUtils.java:106)
04-08 18:47:00.810  3170  3170 D StrictMode: 	at android.app.ContextImpl.setFilePermissionsFromMode(ContextImpl.java:2444)
04-08 18:47:00.810  3170  3170 D StrictMode: 	at android.app.SharedPreferencesImpl.writeToFile(SharedPreferencesImpl.java:739)
04-08 18:47:00.810  3170  3170 D StrictMode: 	at android.app.SharedPreferencesImpl.-wrap2(Unknown Source:0)
04-08 18:47:00.810  3170  3170 D StrictMode: 	at android.app.SharedPreferencesImpl$2.run(SharedPreferencesImpl.java:599)
04-08 18:47:00.810  3170  3170 D StrictMode: 	at android.app.SharedPreferencesImpl.enqueueDiskWrite(SharedPreferencesImpl.java:618)
04-08 18:47:00.810  3170  3170 D StrictMode: 	at android.app.SharedPreferencesImpl.-wrap0(Unknown Source:0)
04-08 18:47:00.810  3170  3170 D StrictMode: 	at android.app.SharedPreferencesImpl$EditorImpl.commit(SharedPreferencesImpl.java:534)
04-08 18:47:00.810  3170  3170 D StrictMode: 	at com.android.providers.contacts.ContactsUpgradeReceiver.onReceive(ContactsUpgradeReceiver.java:77)
04-08 18:47:00.810  3170  3170 D StrictMode: 	at android.app.ActivityThread.handleReceiver(ActivityThread.java:3187)
04-08 18:47:00.810  3170  3170 D StrictMode: 	at android.app.ActivityThread.-wrap17(Unknown Source:0)
04-08 18:47:00.810  3170  3170 D StrictMode: 	at android.app.ActivityThread$H.handleMessage(ActivityThread.java:1672)
04-08 18:47:00.810  3170  3170 D StrictMode: 	at android.os.Handler.dispatchMessage(Handler.java:106)
04-08 18:47:00.810  3170  3170 D StrictMode: 	at android.os.Looper.loop(Looper.java:164)
04-08 18:47:00.810  3170  3170 D StrictMode: 	at android.app.ActivityThread.main(ActivityThread.java:6494)
04-08 18:47:00.810  3170  3170 D StrictMode: 	at java.lang.reflect.Method.invoke(Native Method)
04-08 18:47:00.810  3170  3170 D StrictMode: 	at com.android.internal.os.RuntimeInit$MethodAndArgsCaller.run(RuntimeInit.java:463)
04-08 18:47:00.810  3170  3170 D StrictMode: 	at com.android.internal.os.ZygoteInit.main(ZygoteInit.java:807)
04-08 18:47:00.810  3170  3170 D StrictMode: StrictMode policy violation; ~duration=267 ms: android.os.StrictMode$StrictModeDiskReadViolation: policy=65599 violation=2
04-08 18:47:00.810  3170  3170 D StrictMode: 	at android.os.StrictMode$AndroidBlockGuardPolicy.onReadFromDisk(StrictMode.java:1440)
04-08 18:47:00.810  3170  3170 D StrictMode: 	at libcore.io.BlockGuardOs.stat(BlockGuardOs.java:324)
04-08 18:47:00.810  3170  3170 D StrictMode: 	at android.system.Os.stat(Os.java:551)
04-08 18:47:00.810  3170  3170 D StrictMode: 	at android.app.SharedPreferencesImpl.writeToFile(SharedPreferencesImpl.java:746)
04-08 18:47:00.810  3170  3170 D StrictMode: 	at android.app.SharedPreferencesImpl.-wrap2(Unknown Source:0)
04-08 18:47:00.810  3170  3170 D StrictMode: 	at android.app.SharedPreferencesImpl$2.run(SharedPreferencesImpl.java:599)
04-08 18:47:00.810  3170  3170 D StrictMode: 	at android.app.SharedPreferencesImpl.enqueueDiskWrite(SharedPreferencesImpl.java:618)
04-08 18:47:00.810  3170  3170 D StrictMode: 	at android.app.SharedPreferencesImpl.-wrap0(Unknown Source:0)
04-08 18:47:00.810  3170  3170 D StrictMode: 	at android.app.SharedPreferencesImpl$EditorImpl.commit(SharedPreferencesImpl.java:534)
04-08 18:47:00.810  3170  3170 D StrictMode: 	at com.android.providers.contacts.ContactsUpgradeReceiver.onReceive(ContactsUpgradeReceiver.java:77)
04-08 18:47:00.810  3170  3170 D StrictMode: 	at android.app.ActivityThread.handleReceiver(ActivityThread.java:3187)
04-08 18:47:00.810  3170  3170 D StrictMode: 	at android.app.ActivityThread.-wrap17(Unknown Source:0)
04-08 18:47:00.810  3170  3170 D StrictMode: 	at android.app.ActivityThread$H.handleMessage(ActivityThread.java:1672)
04-08 18:47:00.810  3170  3170 D StrictMode: 	at android.os.Handler.dispatchMessage(Handler.java:106)
04-08 18:47:00.810  3170  3170 D StrictMode: 	at android.os.Looper.loop(Looper.java:164)
04-08 18:47:00.810  3170  3170 D StrictMode: 	at android.app.ActivityThread.main(ActivityThread.java:6494)
04-08 18:47:00.810  3170  3170 D StrictMode: 	at java.lang.reflect.Method.invoke(Native Method)
04-08 18:47:00.810  3170  3170 D StrictMode: 	at com.android.internal.os.RuntimeInit$MethodAndArgsCaller.run(RuntimeInit.java:463)
04-08 18:47:00.810  3170  3170 D StrictMode: 	at com.android.internal.os.ZygoteInit.main(ZygoteInit.java:807)
04-08 18:47:00.810  2142  2597 I PreBootBroadcaster: Pre-boot of {com.android.providers.media/com.android.providers.media.MediaUpgradeReceiver} for user 0
04-08 18:47:00.810  3170  3170 D StrictMode: StrictMode policy violation; ~duration=267 ms: android.os.StrictMode$StrictModeDiskWriteViolation: policy=65599 violation=1
04-08 18:47:00.810  3170  3170 D StrictMode: 	at android.os.StrictMode$AndroidBlockGuardPolicy.onWriteToDisk(StrictMode.java:1386)
04-08 18:47:00.810  3170  3170 D StrictMode: 	at java.io.UnixFileSystem.delete(UnixFileSystem.java:294)
04-08 18:47:00.810  3170  3170 D StrictMode: 	at java.io.File.delete(File.java:1029)
04-08 18:47:00.810  3170  3170 D StrictMode: 	at android.app.SharedPreferencesImpl.writeToFile(SharedPreferencesImpl.java:760)
04-08 18:47:00.810  3170  3170 D StrictMode: 	at android.app.SharedPreferencesImpl.-wrap2(Unknown Source:0)
04-08 18:47:00.810  3170  3170 D StrictMode: 	at android.app.SharedPreferencesImpl$2.run(SharedPreferencesImpl.java:599)
04-08 18:47:00.810  3170  3170 D StrictMode: 	at android.app.SharedPreferencesImpl.enqueueDiskWrite(SharedPreferencesImpl.java:618)
04-08 18:47:00.810  3170  3170 D StrictMode: 	at android.app.SharedPreferencesImpl.-wrap0(Unknown Source:0)
04-08 18:47:00.810  3170  3170 D StrictMode: 	at android.app.SharedPreferencesImpl$EditorImpl.commit(SharedPreferencesImpl.java:534)
04-08 18:47:00.810  3170  3170 D StrictMode: 	at com.android.providers.contacts.ContactsUpgradeReceiver.onReceive(ContactsUpgradeReceiver.java:77)
04-08 18:47:00.810  3170  3170 D StrictMode: 	at android.app.ActivityThread.handleReceiver(ActivityThread.java:3187)
04-08 18:47:00.810  3170  3170 D StrictMode: 	at android.app.ActivityThread.-wrap17(Unknown Source:0)
04-08 18:47:00.810  3170  3170 D StrictMode: 	at android.app.ActivityThread$H.handleMessage(ActivityThread.java:1672)
04-08 18:47:00.810  3170  3170 D StrictMode: 	at android.os.Handler.dispatchMessage(Handler.java:106)
04-08 18:47:00.810  3170  3170 D StrictMode: 	at android.os.Looper.loop(Looper.java:164)
04-08 18:47:00.810  3170  3170 D StrictMode: 	at android.app.ActivityThread.main(ActivityThread.java:6494)
04-08 18:47:00.810  3170  3170 D StrictMode: 	at java.lang.reflect.Method.invoke(Native Method)
04-08 18:47:00.810  3170  3170 D StrictMode: 	at com.android.internal.os.RuntimeInit$MethodAndArgsCaller.run(RuntimeInit.java:463)
04-08 18:47:00.810  3170  3170 D StrictMode: 	at com.android.internal.os.ZygoteInit.main(ZygoteInit.java:807)
04-08 18:47:00.810  3170  3170 D StrictMode: StrictMode policy violation; ~duration=266 ms: android.os.StrictMode$StrictModeDiskWriteViolation: policy=65599 violation=1
04-08 18:47:00.810  3170  3170 D StrictMode: 	at android.os.StrictMode$AndroidBlockGuardPolicy.onWriteToDisk(StrictMode.java:1386)
04-08 18:47:00.810  3170  3170 D StrictMode: 	at android.database.sqlite.SQLiteConnection.applyBlockGuardPolicy(SQLiteConnection.java:1044)
04-08 18:47:00.810  3170  3170 D StrictMode: 	at android.database.sqlite.SQLiteConnection.executeForLastInsertedRowId(SQLiteConnection.java:780)
04-08 18:47:00.810  3170  3170 D StrictMode: 	at android.database.sqlite.SQLiteSession.executeForLastInsertedRowId(SQLiteSession.java:788)
04-08 18:47:00.810  3170  3170 D StrictMode: 	at android.database.sqlite.SQLiteStatement.executeInsert(SQLiteStatement.java:86)
04-08 18:47:00.810  3170  3170 D StrictMode: 	at android.database.sqlite.SQLiteDatabase.insertWithOnConflict(SQLiteDatabase.java:1548)
04-08 18:47:00.810  3170  3170 D StrictMode: 	at android.database.sqlite.SQLiteDatabase.replace(SQLiteDatabase.java:1464)
04-08 18:47:00.810  3170  3170 D StrictMode: 	at com.android.providers.contacts.util.PropertyUtils.setProperty(PropertyUtils.java:77)
04-08 18:47:00.810  3170  3170 D StrictMode: 	at com.android.providers.contacts.ContactsDatabaseHelper.setProperty(ContactsDatabaseHelper.java:4417)
04-08 18:47:00.810  3170  3170 D StrictMode: 	at com.android.providers.contacts.ContactsDatabaseHelper.forceDirectoryRescan(ContactsDatabaseHelper.java:4421)
04-08 18:47:00.810  3170  3170 D StrictMode: 	at com.android.providers.contacts.ContactsUpgradeReceiver.onReceive(ContactsUpgradeReceiver.java:89)
04-08 18:47:00.810  3170  3170 D StrictMode: 	at android.app.ActivityThread.handleReceiver(ActivityThread.java:3187)
04-08 18:47:00.810  3170  3170 D StrictMode: 	at android.app.ActivityThread.-wrap17(Unknown Source:0)
04-08 18:47:00.810  3170  3170 D StrictMode: 	at android.app.ActivityThread$H.handleMessage(ActivityThread.java:1672)
04-08 18:47:00.810  3170  3170 D StrictMode: 	at android.os.Handler.dispatchMessage(Handler.java:106)
04-08 18:47:00.810  3170  3170 D StrictMode: 	at android.os.Looper.loop(Looper.java:164)
04-08 18:47:00.810  3170  3170 D StrictMode: 	at android.app.ActivityThread.main(ActivityThread.java:6494)
04-08 18:47:00.810  3170  3170 D StrictMode: 	at java.lang.reflect.Method.invoke(Native Method)
04-08 18:47:00.810  3170  3170 D StrictMode: 	at com.android.internal.os.RuntimeInit$MethodAndArgsCaller.run(RuntimeInit.java:463)
04-08 18:47:00.810  3170  3170 D StrictMode: 	at com.android.internal.os.ZygoteInit.main(ZygoteInit.java:807)
04-08 18:47:00.810  3170  3170 D StrictMode: StrictMode policy violation; ~duration=38 ms: android.os.StrictMode$StrictModeDiskReadViolation: policy=65599 violation=2
04-08 18:47:00.810  3170  3170 D StrictMode: 	at android.os.StrictMode$AndroidBlockGuardPolicy.onReadFromDisk(StrictMode.java:1440)
04-08 18:47:00.810  3170  3170 D StrictMode: 	at java.io.UnixFileSystem.checkAccess(UnixFileSystem.java:251)
04-08 18:47:00.810  3170  3170 D StrictMode: 	at java.io.File.exists(File.java:807)
04-08 18:47:00.810  3170  3170 D StrictMode: 	at android.app.ContextImpl.ensurePrivateDirExists(ContextImpl.java:572)
04-08 18:47:00.810  3170  3170 D StrictMode: 	at android.app.ContextImpl.ensurePrivateDirExists(ContextImpl.java:563)
04-08 18:47:00.810  3170  3170 D StrictMode: 	at android.app.ContextImpl.getPreferencesDir(ContextImpl.java:519)
04-08 18:47:00.810  3170  3170 D StrictMode: 	at android.app.ContextImpl.getSharedPreferencesPath(ContextImpl.java:714)
04-08 18:47:00.810  3170  3170 D StrictMode: 	at android.app.ContextImpl.getSharedPreferences(ContextImpl.java:368)
04-08 18:47:00.810  3170  3170 D StrictMode: 	at android.content.ContextWrapper.getSharedPreferences(ContextWrapper.java:167)
04-08 18:47:00.810  3170  3170 D StrictMode: 	at android.content.ContextWrapper.getSharedPreferences(ContextWrapper.java:167)
04-08 18:47:00.810  3170  3170 D StrictMode: 	at android.preference.PreferenceManager.getDefaultSharedPreferences(PreferenceManager.java:526)
04-08 18:47:00.810  3170  3170 D StrictMode: 	at com.android.providers.contacts.ContactsProvider2.updateLocaleOffline(ContactsProvider2.java:1912)
04-08 18:47:00.810  3170  3170 D StrictMode: 	at com.android.providers.contacts.ContactsUpgradeReceiver.onReceive(ContactsUpgradeReceiver.java:94)
04-08 18:47:00.810  3170  3170 D StrictMode: 	at android.app.ActivityThread.handleReceiver(ActivityThread.java:3187)
04-08 18:47:00.810  3170  3170 D StrictMode: 	at android.app.ActivityThread.-wrap17(Unknown Source:0)
04-08 18:47:00.810  3170  3170 D StrictMode: 	at android.app.ActivityThread$H.handleMessage(ActivityThread.java:1672)
04-08 18:47:00.810  3170  3170 D StrictMode: 	at android.os.Handler.dispatchMessage(Handler.java:106)
04-08 18:47:00.810  3170  3170 D StrictMode: 	at android.os.Looper.loop(Looper.java:164)
04-08 18:47:00.810  3170  3170 D StrictMode: 	at android.app.ActivityThread.main(ActivityThread.java:6494)
04-08 18:47:00.810  3170  3170 D StrictMode: 	at java.lang.reflect.Method.invoke(Native Method)
04-08 18:47:00.810  3170  3170 D StrictMode: 	at com.android.internal.os.RuntimeInit$MethodAndArgsCaller.run(RuntimeInit.java:463)
04-08 18:47:00.810  3170  3170 D StrictMode: 	at com.android.internal.os.ZygoteInit.main(ZygoteInit.java:807)
04-08 18:47:00.814  2142  2400 W ActivityManager: Permission Denial: getIntentSender() from pid=2822, uid=10072, (need uid=10013) is not allowed to send as package com.google.android.gms
04-08 18:47:00.822  3078  3078 I MediaUpgradeReceiver: ---> Start upgrade of media database external.db
04-08 18:47:00.833  3078  3078 I MediaUpgradeReceiver: <--- Finished upgrade of media database external.db in 11ms
04-08 18:47:00.834  3631  3631 W zygote64: Unexpected CPU variant for X86 using defaults: x86_64
04-08 18:47:00.841  2142  2401 I ActivityManager: Start proc 3631:com.google.android.gm/u0a65 for content provider com.google.android.gm/com.android.exchange.provider.ExchangeDirectoryProvider
04-08 18:47:00.841  2142  2597 I PreBootBroadcaster: Pre-boot of {com.android.settings/com.android.settings.SettingsInitialize} for user 0
04-08 18:47:00.846  3631  3631 I zygote64: The ClassLoaderContext is a special shared library.
04-08 18:47:00.847  3645  3645 W zygote64: Unexpected CPU variant for X86 using defaults: x86_64
04-08 18:47:00.854  2142  2611 I ActivityManager: Start proc 3645:com.android.settings/1000 for broadcast com.android.settings/.SettingsInitialize
04-08 18:47:00.857  3645  3645 I zygote64: The ClassLoaderContext is a special shared library.
04-08 18:47:00.866  2142  2611 I PreBootBroadcaster: Pre-boot of {com.google.android.googlequicksearchbox/com.google.android.apps.gsa.googlequicksearchbox.GelStubAppWatcher} for user 0
04-08 18:47:00.868  2142  3319 I PreBootBroadcaster: Pre-boot of {com.google.android.gsf/com.google.android.gsf.loginservice.MigrateToAccountManagerBroadcastReceiver} for user 0
04-08 18:47:00.868  2142  2400 I ActivityManager: Sending BOOT_COMPLETE user #0
04-08 18:47:00.871  2142  3662 I chatty  : uid=1000 system_server expire 1 line
04-08 18:47:00.871  2142  3662 I BootReceiver: No existing last log timestamp file /data/system/log-files.xml; starting empty
04-08 18:47:00.872  3663  3663 I main    : type=1400 audit(0.0:553): avc: denied { mounton } for path="/storage" dev="tmpfs" ino=9264 scontext=u:r:zygote:s0 tcontext=u:object_r:tmpfs:s0 tclass=dir permissive=1
04-08 18:47:00.874  3663  3663 W zygote64: Unexpected CPU variant for X86 using defaults: x86_64
04-08 18:47:00.878  2142  3662 I BootReceiver: Copying audit failures to DropBox
04-08 18:47:00.878  2142  3662 I BootReceiver: Checking for fsck errors
04-08 18:47:00.881  2142  2142 I ActivityManager: Start proc 3663:com.android.dialer/u0a16 for broadcast com.android.dialer/.app.calllog.CallLogReceiver
04-08 18:47:00.884  3663  3663 I zygote64: The ClassLoaderContext is a special shared library.
04-08 18:47:00.888  3678  3678 I chatty  : uid=10013(com.google.android.gms) /system/bin/dex2oat expire 4 lines
04-08 18:47:00.889  2998  3379 I chatty  : uid=10013(com.google.android.gms) expire 4 lines
04-08 18:47:00.897  2998  3682 I chatty  : uid=10013(com.google.android.gms) expire 10 lines
04-08 18:47:00.934  3663  3663 I Dialer  : NonUiTaskBuilder.newThread - creating parallel thread
04-08 18:47:00.943  2998  3219 I chatty  : uid=10013(com.google.android.gms) expire 2 lines
04-08 18:47:00.948  3663  3693 W TelecomManager: Telecom Service not found.
04-08 18:47:00.948  3663  3693 W Dialer  : TelecomUtil - Dialer is not currently set to be default dialer
04-08 18:47:00.948  3663  3693 I Dialer  : BlockedNumbersAutoMigrator - not attempting auto-migrate: current user can't block
04-08 18:47:00.957  3663  3663 I Dialer  : CallLogFramework.registerContentObservers - enter
04-08 18:47:00.958  3631  3631 W EasBundling: in EasBundling.init, isBundlingEnabled=false
04-08 18:47:00.960  3663  3663 I Dialer  : CallLogFramework.registerContentObservers - new call log not enabled
04-08 18:47:00.960  3663  3663 I Dialer  : NotificationChannelManager.initChannels - doing an expensive initialization of all notification channels
04-08 18:47:00.960  3663  3663 I Dialer  : NotificationChannelManager.initChannels - desired channel IDs: {phone_ongoing_call, phone_incoming_call, phone_voicemail, phone_missed_call, phone_default}
04-08 18:47:00.960  3663  3663 I Dialer  : NotificationChannelManager.initChannels - existing channel IDs: {}
04-08 18:47:00.961  3663  3663 W TelecomManager: Telecom Service not found.
04-08 18:47:00.961  3663  3663 I Dialer  : VoicemailChannelUtils.createGlobalVoicemailChannel - phone account is null, not migrating sound settings
04-08 18:47:00.962  3663  3663 W TelecomManager: Telecom Service not found.
04-08 18:47:00.962  3663  3663 I Dialer  : VisualVoicemailUpdateTask.scheduleTask - not default dialer, not running
04-08 18:47:00.962  2638  2638 D CarrierConfigLoader: mHandler: 13 phoneId: 0
04-08 18:47:00.962  3631  3703 D ActivityThread: Loading provider com.google.android.gmail.provider;com.android.mail.notifier;com.google.android.gm.email.provider;com.google.android.gm.tasks.provider;com.google.android.gm.email.notifier: com.android.email.provider.EmailProvider
04-08 18:47:00.964  2638  2638 W TelecomManager: Telecom Service not found.
04-08 18:47:00.965  3707  3707 I main    : type=1400 audit(0.0:555): avc: denied { dac_read_search } for capability=2 scontext=u:r:zygote:s0 tcontext=u:r:zygote:s0 tclass=capability permissive=1
04-08 18:47:00.965  2638  3706 D SIP     : [SipPreferences] isReceivingCallsEnabled, option not set; use default value, exception: android.provider.Settings$SettingNotFoundException: sip_receive_calls
04-08 18:47:00.967  3707  3707 W zygote64: Unexpected CPU variant for X86 using defaults: x86_64
04-08 18:47:00.974  2142  2611 I ActivityManager: Start proc 3707:com.android.calendar/u0a45 for broadcast com.android.calendar/.UpgradeReceiver
04-08 18:47:00.977  3707  3707 I zygote64: The ClassLoaderContext is a special shared library.
04-08 18:47:00.993  3707  3707 D ExtensionsFactory: No custom extensions.
04-08 18:47:00.995  3170  3210 I ContactDirectoryManager: deleted 0 stale rows which don't have any relevant directory
04-08 18:47:00.996  3631  3631 W GAV2    : Thread[main,5,main]: Need to call initialize() and be in fallback mode to start dispatch.
04-08 18:47:00.999  3170  3210 I ContactDirectoryManager: Discovered 0 contact directories in 220ms
04-08 18:47:01.002  3170  3210 I ContactsProvider: Upgrading aggregation algorithm
04-08 18:47:01.003  3170  3210 I ContactAggregator: Marked all visible contacts for aggregation: 0 raw contacts, 0 ms
04-08 18:47:01.004  2998  3677 I chatty  : uid=10013(com.google.android.gms) expire 5 lines
04-08 18:47:01.008  2142  2740 W ActivityManager: Unable to start service Intent { act=com.google.android.gm.email.EXCHANGE_INTENT pkg=com.google.android.gm.exchange } U=0: not found
04-08 18:47:01.013  3170  3210 I ContactsProvider: Aggregation algorithm upgraded for 0 raw contacts in 11ms
04-08 18:47:01.015  3736  3736 I chatty  : uid=10013(com.google.android.gms) /system/bin/dex2oat expire 4 lines
04-08 18:47:01.017  3170  3210 I ContactsFTS: Rebuild contact search index in 4ms, 0 contacts
04-08 18:47:01.019  3707  3707 D AlertReceiver: onReceive: a=android.intent.action.BOOT_COMPLETED Intent { act=android.intent.action.BOOT_COMPLETED flg=0x9000010 cmp=com.android.calendar/.alerts.AlertReceiver (has extras) }
04-08 18:47:01.021  3707  3707 D AlertUtils: Flushing old alerts from shared prefs table
04-08 18:47:01.022  3707  3741 D AlertService: 0 Action = android.intent.action.BOOT_COMPLETED
04-08 18:47:01.025  3743  3743 W zygote64: Unexpected CPU variant for X86 using defaults: x86_64
04-08 18:47:01.031  2142  2597 I ActivityManager: Start proc 3743:com.android.camera2/u0a47 for broadcast com.android.camera2/com.android.camera.DisableCameraReceiver
04-08 18:47:01.032  3707  3741 D AlertService: Scheduling next alarm with AlarmScheduler. sEventReminderReceived: null
04-08 18:47:01.034  3707  3741 D AlarmScheduler: No events found starting within 1 week.
04-08 18:47:01.034  3743  3743 I zygote64: The ClassLoaderContext is a special shared library.
04-08 18:47:01.050  3743  3743 V CAM_Profiler: [  0.000ms][ui] GUARD: CameraApp onCreate() - START
04-08 18:47:01.050  3743  3743 V CAM_Profiler: [  0.000ms][ui] GUARD: FirstRunDetector getTimeOfFirstRun - START
04-08 18:47:01.050  3761  3761 I chatty  : uid=10013(com.google.android.gms) /system/bin/dex2oat expire 4 lines
04-08 18:47:01.050  3743  3743 V CAM_Profiler: [  0.224ms][ui] GUARD: FirstRunDetector getTimeOfFirstRun - [ 0.224ms] PreferenceManager.getDefaultSharedPreferences
04-08 18:47:01.050  3743  3743 V CAM_Profiler: [  0.361ms][ui] GUARD: FirstRunDetector getTimeOfFirstRun - [ 0.137ms] preferences.getLong
04-08 18:47:01.050  3743  3743 V CAM_Profiler: [  0.455ms][ui] GUARD: FirstRunDetector getTimeOfFirstRun - [ 0.094ms] getSharedPreferences
04-08 18:47:01.050  3743  3743 V CAM_Profiler: [  0.664ms][ui] GUARD: FirstRunDetector getTimeOfFirstRun - [ 0.208ms] preferences.edit()
04-08 18:47:01.051  3743  3743 V CAM_Profiler: [  0.700ms][ui] GUARD: FirstRunDetector getTimeOfFirstRun - STOP
04-08 18:47:01.051  3743  3743 V CAM_Profiler: [  1.098ms][ui] GUARD: CameraApp onCreate() - [ 1.098ms] initializeTimeOfFirstRun
04-08 18:47:01.051  3743  3743 V CAM_Profiler: [  1.144ms][ui] GUARD: CameraApp onCreate() - [ 0.047ms] UsageStatistics.initialize
04-08 18:47:01.051  3743  3743 V CAM_Profiler: [  1.387ms][ui] GUARD: CameraApp onCreate() - [ 0.243ms] clearNotifications
04-08 18:47:01.051  3743  3743 V CAM_Profiler: [  1.387ms][ui] GUARD: CameraApp onCreate() - STOP
04-08 18:47:01.051  3743  3743 I CAM_DisableCamRcver: no back camera
04-08 18:47:01.051  3743  3743 I CAM_DisableCamRcver: disable all camera activities
04-08 18:47:01.058  2712  2712 D CellBroadcastReceiver: onReceive Intent { act=android.intent.action.BOOT_COMPLETED flg=0x9000010 cmp=com.android.cellbroadcastreceiver/.CellBroadcastReceiver (has extras) }
04-08 18:47:01.058  2712  2712 D CellBroadcastReceiver: Start Cell Broadcast configuration.
04-08 18:47:01.059  2712  2712 D CellBroadcastReceiver: Default interval 0 did not change.
04-08 18:47:01.060  2638  2651 D IccSmsInterfaceManager: [IccSmsInterfaceManager] Calling setCdmaBroadcastConfig with 1 configurations
04-08 18:47:01.060  2638  2651 D IccSmsInterfaceManager: [IccSmsInterfaceManager] Failed to add cdma broadcast subscription for MID range 4096 to 4096 from client com.android.cellbroadcastreceiver
04-08 18:47:01.060  2638  2651 D IccSmsInterfaceManager: [IccSmsInterfaceManager] Calling setCdmaBroadcastConfig with 1 configurations
04-08 18:47:01.060  2638  2651 D IccSmsInterfaceManager: [IccSmsInterfaceManager] Failed to add cdma broadcast subscription for MID range 4097 to 4097 from client com.android.cellbroadcastreceiver
04-08 18:47:01.061  2638  2651 D IccSmsInterfaceManager: [IccSmsInterfaceManager] Calling setCdmaBroadcastConfig with 1 configurations
04-08 18:47:01.061  2638  2651 D IccSmsInterfaceManager: [IccSmsInterfaceManager] Failed to add cdma broadcast subscription for MID range 4098 to 4098 from client com.android.cellbroadcastreceiver
04-08 18:47:01.061  2638  2651 D IccSmsInterfaceManager: [IccSmsInterfaceManager] Calling setCdmaBroadcastConfig with 1 configurations
04-08 18:47:01.061  2638  2651 D IccSmsInterfaceManager: [IccSmsInterfaceManager] Failed to add cdma broadcast subscription for MID range 4099 to 4099 from client com.android.cellbroadcastreceiver
04-08 18:47:01.062  2638  2651 D IccSmsInterfaceManager: [IccSmsInterfaceManager] Failed to remove cdma broadcast subscription for MID range 4100 to 4100 from client com.android.cellbroadcastreceiver
04-08 18:47:01.062  3769  3769 W zygote64: Unexpected CPU variant for X86 using defaults: x86_64
04-08 18:47:01.062  2638  2651 D IccSmsInterfaceManager: [IccSmsInterfaceManager] Calling setGsmBroadcastConfig with 1 configurations
04-08 18:47:01.062  2638  2651 D IccSmsInterfaceManager: [IccSmsInterfaceManager] Failed to add GSM cell broadcast subscription for MID range 4352 to 4354 from client com.android.cellbroadcastreceiver
04-08 18:47:01.062  2638  2651 D IccSmsInterfaceManager: [IccSmsInterfaceManager] Calling setGsmBroadcastConfig with 1 configurations
04-08 18:47:01.062  2638  2651 D IccSmsInterfaceManager: [IccSmsInterfaceManager] Failed to add GSM cell broadcast subscription for MID range 4356 to 4356 from client com.android.cellbroadcastreceiver
04-08 18:47:01.063  2638  2651 D IccSmsInterfaceManager: [IccSmsInterfaceManager] Failed to remove GSM cell broadcast subscription for MID range 4355 to 4355 from client com.android.cellbroadcastreceiver
04-08 18:47:01.063  2638  2651 D IccSmsInterfaceManager: [IccSmsInterfaceManager] Calling setGsmBroadcastConfig with 1 configurations
04-08 18:47:01.063  2638  2651 D IccSmsInterfaceManager: [IccSmsInterfaceManager] Failed to add GSM cell broadcast subscription for MID range 4370 to 4370 from client com.android.cellbroadcastreceiver
04-08 18:47:01.063  2638  2651 D IccSmsInterfaceManager: [IccSmsInterfaceManager] Calling setGsmBroadcastConfig with 1 configurations
04-08 18:47:01.063  2638  2651 D IccSmsInterfaceManager: [IccSmsInterfaceManager] Failed to add GSM cell broadcast subscription for MID range 4371 to 4372 from client com.android.cellbroadcastreceiver
04-08 18:47:01.064  2638  2651 D IccSmsInterfaceManager: [IccSmsInterfaceManager] Calling setGsmBroadcastConfig with 1 configurations
04-08 18:47:01.064  2638  2651 D IccSmsInterfaceManager: [IccSmsInterfaceManager] Failed to add GSM cell broadcast subscription for MID range 4373 to 4378 from client com.android.cellbroadcastreceiver
04-08 18:47:01.064  2638  2651 D IccSmsInterfaceManager: [IccSmsInterfaceManager] Calling setGsmBroadcastConfig with 1 configurations
04-08 18:47:01.064  2638  2651 D IccSmsInterfaceManager: [IccSmsInterfaceManager] Failed to add GSM cell broadcast subscription for MID range 4379 to 4379 from client com.android.cellbroadcastreceiver
04-08 18:47:01.064  2638  2651 D IccSmsInterfaceManager: [IccSmsInterfaceManager] Failed to remove GSM cell broadcast subscription for MID range 4380 to 4382 from client com.android.cellbroadcastreceiver
04-08 18:47:01.065  2638  2651 D IccSmsInterfaceManager: [IccSmsInterfaceManager] Calling setGsmBroadcastConfig with 1 configurations
04-08 18:47:01.065  2638  2651 D IccSmsInterfaceManager: [IccSmsInterfaceManager] Failed to add GSM cell broadcast subscription for MID range 4383 to 4383 from client com.android.cellbroadcastreceiver
04-08 18:47:01.065  2638  2651 D IccSmsInterfaceManager: [IccSmsInterfaceManager] Calling setGsmBroadcastConfig with 1 configurations
04-08 18:47:01.065  2638  2651 D IccSmsInterfaceManager: [IccSmsInterfaceManager] Failed to add GSM cell broadcast subscription for MID range 4384 to 4385 from client com.android.cellbroadcastreceiver
04-08 18:47:01.065  2638  2651 D IccSmsInterfaceManager: [IccSmsInterfaceManager] Calling setGsmBroadcastConfig with 1 configurations
04-08 18:47:01.065  2638  2651 D IccSmsInterfaceManager: [IccSmsInterfaceManager] Failed to add GSM cell broadcast subscription for MID range 4386 to 4391 from client com.android.cellbroadcastreceiver
04-08 18:47:01.066  2638  2651 D IccSmsInterfaceManager: [IccSmsInterfaceManager] Calling setGsmBroadcastConfig with 1 configurations
04-08 18:47:01.066  2638  2651 D IccSmsInterfaceManager: [IccSmsInterfaceManager] Failed to add GSM cell broadcast subscription for MID range 4392 to 4392 from client com.android.cellbroadcastreceiver
04-08 18:47:01.066  2638  2651 D IccSmsInterfaceManager: [IccSmsInterfaceManager] Failed to remove GSM cell broadcast subscription for MID range 4393 to 4395 from client com.android.cellbroadcastreceiver
04-08 18:47:01.069  2142  2597 I ActivityManager: Start proc 3769:com.android.contacts/u0a9 for broadcast com.android.contacts/.interactions.OnBootOrUpgradeReceiver
04-08 18:47:01.072  3769  3769 I zygote64: The ClassLoaderContext is a special shared library.
04-08 18:47:01.141  2735  2735 I AlarmClock: AlarmInitReceiver android.intent.action.BOOT_COMPLETED
04-08 18:47:01.143  2735  2765 I AlarmClock: Fixing alarm instances
04-08 18:47:01.144  2735  2765 V AlarmClock: AlarmInitReceiver finished
04-08 18:47:01.151  3663  3663 I Dialer  : VoicemailModule.provideVoicemailClient - providing VoicemailClientImpl
04-08 18:47:01.151  3663  3663 I Dialer  : VvmOmtpService - onBoot
04-08 18:47:01.160  2142  2401 I ActivityManager: Killing 2652:com.android.settings:CryptKeeper/1000 (adj 906): empty #17
04-08 18:47:01.162  3137  3137 I SystemBroadcastReceiver: Boot has been completed
04-08 18:47:01.162  3137  3137 I SystemBroadcastReceiver: toggleAppIcon() : FLAG_SYSTEM = true
04-08 18:47:01.165  2638  2638 I VvmSimStateTracker: android.intent.action.BOOT_COMPLETED
04-08 18:47:01.193  2028  2028 I surfaceflinger: type=1400 audit(0.0:559): avc: denied { ioctl } for path="/dev/dri/card0" dev="tmpfs" ino=11385 ioctlcmd=0x6469 scontext=u:r:surfaceflinger:s0 tcontext=u:object_r:device:s0 tclass=chr_file permissive=1
04-08 18:47:01.193  2028  2028 I surfaceflinger: type=1400 audit(0.0:560): avc: denied { map } for path=2F69393135202864656C6574656429 dev="tmpfs" ino=40491 scontext=u:r:surfaceflinger:s0 tcontext=u:object_r:surfaceflinger_tmpfs:s0 tclass=file permissive=1
04-08 18:47:01.239  2142  2611 W ActivityManager: Unable to start service Intent { cmp=com.google.android.gm/com.android.email.service.AttachmentService } U=0: not found
04-08 18:47:01.240  2142  2401 W ActivityManager: Unable to start service Intent { act=com.google.android.gm.email.EXCHANGE_INTENT pkg=com.google.android.gm.exchange } U=0: not found
04-08 18:47:01.332  3302  3302 I Finsky  : [2] com.google.android.finsky.scheduler.w.a(45): Scheduling fallback job with id: 9034, and delay: 43200000 ms
04-08 18:47:01.332  3302  3302 I Finsky  : [2] com.google.android.finsky.scheduler.w.a(14): Scheduling fallback in 64800000 (absolute: 64851222)
04-08 18:47:01.334  3302  3432 D Volley  : [129] f.a: Cache cleared.
04-08 18:47:01.334  3302  3469 D Volley  : [139] f.a: Cache cleared.
04-08 18:47:01.341  3302  3302 D Volley  : [2] f.a: Cache cleared.
04-08 18:47:01.350  2027  2027 I lmkd    : type=1400 audit(0.0:563): avc: denied { dac_read_search } for capability=2 scontext=u:r:lmkd:s0 tcontext=u:r:lmkd:s0 tclass=capability permissive=1
04-08 18:47:01.361  2902  3573 I chatty  : uid=10013 com.google.android.gms.persistent expire 5 lines
04-08 18:47:01.389  2998  3831 I chatty  : uid=10013(com.google.android.gms) expire 5 lines
04-08 18:47:01.389  3078  3803 E SQLiteLog: (1) no such table: files
04-08 18:47:01.391  3078  3803 I MediaScanner: forcing rescan of /system/media/audio/alarms/Barium.ogg since build fingerprint changed
04-08 18:47:01.400  3078  3803 I MediaScanner: forcing rescan of /system/media/audio/alarms/Cesium.ogg since build fingerprint changed
04-08 18:47:01.405  3078  3803 I MediaScanner: forcing rescan of /system/media/audio/alarms/Plutonium.ogg since build fingerprint changed
04-08 18:47:01.412  3078  3803 I MediaScanner: forcing rescan of /system/media/audio/alarms/Scandium.ogg since build fingerprint changed
04-08 18:47:01.420  3078  3803 I MediaScanner: forcing rescan of /system/media/audio/notifications/Antimony.ogg since build fingerprint changed
04-08 18:47:01.425  3078  3803 I MediaScanner: forcing rescan of /system/media/audio/notifications/Argon.ogg since build fingerprint changed
04-08 18:47:01.427  3078  3803 I MediaScanner: forcing rescan of /system/media/audio/notifications/Beryllium.ogg since build fingerprint changed
04-08 18:47:01.432  3078  3803 I MediaScanner: forcing rescan of /system/media/audio/notifications/Cobalt.ogg since build fingerprint changed
04-08 18:47:01.438  3078  3803 I MediaScanner: forcing rescan of /system/media/audio/notifications/Fluorine.ogg since build fingerprint changed
04-08 18:47:01.442  3078  3803 I MediaScanner: forcing rescan of /system/media/audio/notifications/Gallium.ogg since build fingerprint changed
04-08 18:47:01.445  3078  3803 I MediaScanner: forcing rescan of /system/media/audio/notifications/Helium.ogg since build fingerprint changed
04-08 18:47:01.450  3078  3803 I MediaScanner: forcing rescan of /system/media/audio/notifications/Iridium.ogg since build fingerprint changed
04-08 18:47:01.457  3078  3803 I MediaScanner: forcing rescan of /system/media/audio/notifications/Krypton.ogg since build fingerprint changed
04-08 18:47:01.460  3302  3302 I Finsky  : [2] com.google.android.finsky.hygiene.d.a(114): DailyHygiene holdoff continue
04-08 18:47:01.461  3078  3803 I MediaScanner: forcing rescan of /system/media/audio/notifications/Palladium.ogg since build fingerprint changed
04-08 18:47:01.464  3078  3803 I MediaScanner: forcing rescan of /system/media/audio/notifications/Radon.ogg since build fingerprint changed
04-08 18:47:01.469  3631  3631 W EasBundling: ExchangeUpgradeReceiver: action=android.intent.action.BOOT_COMPLETED data=null
04-08 18:47:01.470  3631  3631 W EasBundling: ExchangeUpgradeUtils: isExchangeLegacy=false
04-08 18:47:01.470  3078  3803 I MediaScanner: forcing rescan of /system/media/audio/notifications/Rubidium.ogg since build fingerprint changed
04-08 18:47:01.472  2142  2170 I ActivityManager: Killing 3631:com.google.android.gm/u0a65 (adj 0): change com.google.android.gm
04-08 18:47:01.472  2142  2170 W ActivityManager: Scheduling restart of crashed service com.google.android.gm/.GmailIntentService in 1000ms
04-08 18:47:01.472  2142  2170 W ActivityManager: Scheduling restart of crashed service com.google.android.gm/com.android.email.service.EmailBroadcastProcessorService in 1000ms
04-08 18:47:01.474  2638  2638 D ImsResolver: maybeAddedImsService, packageName: com.google.android.gm
04-08 18:47:01.474  2638  2638 E PhoneInterfaceManager: [PhoneIntfMgr] getCarrierPackageNamesForIntent: No UICC
04-08 18:47:01.474  2638  2638 D CarrierSvcBindHelper: No carrier app for: 0
04-08 18:47:01.476  3846  3846 I main    : type=1400 audit(0.0:564): avc: denied { create } for name="cgroup.procs" scontext=u:r:zygote:s0 tcontext=u:object_r:cgroup:s0 tclass=file permissive=1
04-08 18:47:01.477  3078  3803 I MediaScanner: forcing rescan of /system/media/audio/notifications/Selenium.ogg since build fingerprint changed
04-08 18:47:01.478  3846  3846 W zygote64: Unexpected CPU variant for X86 using defaults: x86_64
04-08 18:47:01.481  3078  3803 I MediaScanner: forcing rescan of /system/media/audio/notifications/Strontium.ogg since build fingerprint changed
04-08 18:47:01.482  3843  3843 I chatty  : uid=10013(com.google.android.gms) /system/bin/dex2oat expire 4 lines
04-08 18:47:01.484  2142  2157 I ActivityManager: Start proc 3846:com.google.android.gm/u0a65 for broadcast com.google.android.gm/com.android.email.task.notification.TaskReminderReceiver
04-08 18:47:01.488  3846  3846 I zygote64: The ClassLoaderContext is a special shared library.
04-08 18:47:01.496  3846  3846 W EasBundling: in EasBundling.init, isBundlingEnabled=true
04-08 18:47:01.499  3078  3803 I MediaScanner: forcing rescan of /system/media/audio/notifications/Thallium.ogg since build fingerprint changed
