04-08 18:46:58.525  2142  2597 D PackageManager: Clear ephemeral installer activity
04-08 18:46:58.525  2142  2597 D PackageManager: Ephemeral installer not found with new action; try old one
04-08 18:46:58.525  2142  2597 D PackageManager: Clear ephemeral installer activity
04-08 18:46:58.525  2142  2597 D PackageManager: Ephemeral installer not found with new action; try old one
04-08 18:46:58.525  2142  2597 D PackageManager: Clear ephemeral installer activity
04-08 18:46:58.525  2142  2597 D PackageManager: Ephemeral installer not found with new action; try old one
04-08 18:46:58.525  2142  2597 D PackageManager: Clear ephemeral installer activity
04-08 18:46:58.525  2142  2597 D PackageManager: Ephemeral installer not found with new action; try old one
04-08 18:46:58.525  2142  2597 D PackageManager: Clear ephemeral installer activity
04-08 18:46:58.525  2142  2597 D PackageManager: Ephemeral installer not found with new action; try old one
04-08 18:46:58.525  2142  2597 D PackageManager: Clear ephemeral installer activity
04-08 18:46:58.525  2142  2597 D PackageManager: Ephemeral installer not found with new action; try old one
04-08 18:46:58.525  2142  2597 D PackageManager: Clear ephemeral installer activity
04-08 18:46:58.525  2142  2597 D PackageManager: Ephemeral installer not found with new action; try old one
04-08 18:46:58.525  2142  2597 D PackageManager: Clear ephemeral installer activity
04-08 18:46:58.525  2142  2597 D PackageManager: Ephemeral installer not found with new action; try old one
04-08 18:46:58.525  2142  2597 D PackageManager: Clear ephemeral installer activity
04-08 18:46:58.525  2142  2597 D PackageManager: Ephemeral installer not found with new action; try old one
04-08 18:46:58.526  2142  2597 D PackageManager: Clear ephemeral installer activity
04-08 18:46:58.526  2142  2597 D PackageManager: Ephemeral installer not found with new action; try old one
04-08 18:46:58.526  2142  2597 D PackageManager: Clear ephemeral installer activity
04-08 18:46:58.526  2142  2597 D PackageManager: Ephemeral installer not found with new action; try old one
04-08 18:46:58.526  2142  2597 D PackageManager: Clear ephemeral installer activity
04-08 18:46:58.526  2142  2597 D PackageManager: Ephemeral installer not found with new action; try old one
04-08 18:46:58.526  2142  2597 D PackageManager: Clear ephemeral installer activity
04-08 18:46:58.526  2142  2597 D PackageManager: Ephemeral installer not found with new action; try old one
04-08 18:46:58.526  2142  2597 D PackageManager: Clear ephemeral installer activity
04-08 18:46:58.526  2142  2597 D PackageManager: Ephemeral installer not found with new action; try old one
04-08 18:46:58.526  2142  2597 D PackageManager: Clear ephemeral installer activity
04-08 18:46:58.526  2142  2597 D PackageManager: Ephemeral installer not found with new action; try old one
04-08 18:46:58.526  2142  2597 D PackageManager: Clear ephemeral installer activity
04-08 18:46:58.526  2142  2597 D PackageManager: Ephemeral installer not found with new action; try old one
04-08 18:46:58.526  2142  2597 D PackageManager: Clear ephemeral installer activity
04-08 18:46:58.526  2142  2597 D PackageManager: Ephemeral installer not found with new action; try old one
04-08 18:46:58.526  2142  2597 D PackageManager: Clear ephemeral installer activity
04-08 18:46:58.526  2142  2597 D PackageManager: Ephemeral installer not found with new action; try old one
04-08 18:46:58.526  2142  2597 D PackageManager: Clear ephemeral installer activity
04-08 18:46:58.526  2142  2597 D PackageManager: Ephemeral installer not found with new action; try old one
04-08 18:46:58.526  2142  2597 D PackageManager: Clear ephemeral installer activity
04-08 18:46:58.526  2142  2597 D PackageManager: Ephemeral installer not found with new action; try old one
04-08 18:46:58.526  2142  2597 D PackageManager: Clear ephemeral installer activity
04-08 18:46:58.526  2142  2597 D PackageManager: Ephemeral installer not found with new action; try old one
04-08 18:46:58.526  2142  2597 D PackageManager: Clear ephemeral installer activity
04-08 18:46:58.536  2142  2400 W ActivityManager: Unable to start service Intent { act=com.google.android.gms.checkin.START pkg=com.google.android.gms } U=0: not found
04-08 18:46:58.536  2671  2671 E ActivityThread: Failed to find provider info for com.google.android.gsf.gservices
04-08 18:46:58.536  2142  2400 W ActivityManager: Unbind failed: could not find connection for android.os.BinderProxy@20dd2d3
04-08 18:46:58.536  2142  2597 W ActivityManager: Unable to start service Intent { act=com.google.android.gms.clearcut.service.START pkg=com.google.android.gms } U=0: not found
04-08 18:46:58.536  2142  2597 W ActivityManager: Unbind failed: could not find connection for android.os.BinderProxy@8513e10
04-08 18:46:58.537  2142  2597 W ActivityManager: Unable to start service Intent { act=com.google.android.gms.clearcut.service.START pkg=com.google.android.gms } U=0: not found
04-08 18:46:58.537  2142  2597 W ActivityManager: Unbind failed: could not find connection for android.os.BinderProxy@a8ae0c5
04-08 18:46:58.541  2142  2597 I ActivityManager: START u0 {act=com.android.setupwizard.WELCOME flg=0x4000000 cmp=com.google.android.setupwizard/.user.WelcomeActivity (has extras)} from uid 10031
04-08 18:46:58.579  2142  2597 I ActivityManager: Config changes=4 {1.0 ?mcc?mnc [en_US] ldltr sw720dp w1280dp h720dp 240dpi xlrg long land -touch qwerty/v/v -nav/h appBounds=Rect(0, 0 - 1920, 1080) s.5}
04-08 18:46:58.579  2142  2157 D CryptdConnector: SND -> {3 cryptfs setfield SystemLocale en-US}
04-08 18:46:58.579  2142  2206 D CryptdConnector: RCV <- {200 3 0}
04-08 18:46:58.580  2142  2597 I ActivityManager: Override config changes=4 {1.0 ?mcc?mnc [en_US] ldltr sw720dp w1280dp h720dp 240dpi xlrg long land -touch qwerty/v/v -nav/h appBounds=Rect(0, 0 - 1920, 1080) s.5} for displayId=0
04-08 18:46:58.591  2142  2157 I ActivityManager: Start proc 2696:com.android.carrierdefaultapp/u0a44 for broadcast com.android.carrierdefaultapp/.CarrierDefaultBroadcastReceiver
04-08 18:46:58.606  2142  2597 I ActivityManager: Start proc 2712:com.android.cellbroadcastreceiver/u0a8 for broadcast com.android.cellbroadcastreceiver/.PrivilegedCellBroadcastReceiver
04-08 18:46:58.608  2142  2142 W ContextImpl: Calling a method in the system process without a qualified user: android.app.ContextImpl.startService:1476 com.android.server.content.SyncManager$13.run:722 android.os.Handler.handleCallback:790 android.os.Handler.dispatchMessage:99 android.os.Looper.loop:164 
04-08 18:46:58.611  2142  2142 D BluetoothManagerService: BluetoothServiceConnection: com.android.bluetooth.btservice.AdapterService
04-08 18:46:58.611  2142  2163 D BluetoothManagerService: MESSAGE_BLUETOOTH_SERVICE_CONNECTED: 1
04-08 18:46:58.611  2142  2163 D BluetoothManagerService: MESSAGE_GET_NAME_AND_ADDRESS
04-08 18:46:58.613  2142  2163 D BluetoothManagerService: unbindAndFinish(): android.bluetooth.IBluetooth$Stub$Proxy@48536b3 mBinding = false mUnbinding = false
04-08 18:46:58.620  2142  2142 I WiredAccessoryManager: notifyWiredAccessoryChanged: when=0 bits= mask=154
04-08 18:46:58.620  2142  2142 V WiredAccessoryManager: newName=h2w newState=0 headsetState=0 prev headsetState=0
04-08 18:46:58.620  2142  2142 V WiredAccessoryManager: init()
04-08 18:46:58.625  2142  2142 D ConditionProviders.SCP: onSubscribe condition://android/schedule?days=1.2.3.4.5&start=22.0&end=7.0&exitAtAlarm=false
04-08 18:46:58.625  2142  2142 D ConditionProviders.SCP: setRegistered true
04-08 18:46:58.625  2142  2142 D ConditionProviders.SCP: notifyCondition condition://android/schedule?days=1.2.3.4.5&start=22.0&end=7.0&exitAtAlarm=false STATE_FALSE reason=!meetsSchedule
04-08 18:46:58.625  2142  2335 E ActivityThread: Failed to find provider info for com.android.calendar
04-08 18:46:58.626  2142  2335 E ActivityThread: Failed to find provider info for com.android.calendar
04-08 18:46:58.635  2142  2142 D ConditionProviders.SCP: Scheduling evaluate for Mon Apr 08 22:00:00 GMT+00:00 2019 (1554760800000), in +11h13m1s375ms, now=Mon Apr 08 10:46:58 GMT+00:00 2019 (1554720418625)
04-08 18:46:58.635  2142  2142 D ConditionProviders.SCP: onSubscribe condition://android/schedule?days=6.7&start=23.30&end=10.0&exitAtAlarm=false
04-08 18:46:58.635  2142  2142 D ConditionProviders.SCP: notifyCondition condition://android/schedule?days=6.7&start=23.30&end=10.0&exitAtAlarm=false STATE_FALSE reason=!meetsSchedule
04-08 18:46:58.635  2142  2142 D ConditionProviders.SCP: notifyCondition condition://android/schedule?days=1.2.3.4.5&start=22.0&end=7.0&exitAtAlarm=false STATE_FALSE reason=!meetsSchedule
04-08 18:46:58.635  2142  2142 D ConditionProviders.SCP: Scheduling evaluate for Mon Apr 08 22:00:00 GMT+00:00 2019 (1554760800000), in +11h13m1s365ms, now=Mon Apr 08 10:46:58 GMT+00:00 2019 (1554720418635)
04-08 18:46:58.636  2142  2156 I SyncManager: Got SyncJobService instance.
04-08 18:46:58.646  2142  2597 I ActivityManager: Start proc 2735:com.android.deskclock/u0a54 for broadcast com.android.deskclock/.AlarmInitReceiver
04-08 18:46:58.646  2142  2153 I ActivityManager: Process com.android.bluetooth (pid 2351) has died: fore SVC 
04-08 18:46:58.649  2142  2142 D AutofillManagerService: Autofill restriction did not change for user 0: null
04-08 18:46:58.649  2142  2142 D ZenLog  : config: conditionChanged,ZenModeConfig[user=0,allowCalls=true,allowRepeatCallers=false,allowMessages=false,allowCallsFrom=contacts,allowMessagesFrom=contacts,allowReminders=true,allowEvents=true,allowWhenScreenOff=true,allowWhenScreenOn=true,automaticRules={EVENTS_DEFAULT_RULE=ZenRule[enabled=false,snoozing=false,name=Event,zenMode=ZEN_MODE_ALARMS,conditionId=condition://android/event?userId=-10000&calendar=&reply=1,condition=null,component=ComponentInfo{android/com.android.server.notification.EventConditionProvider},id=EVENTS_DEFAULT_RULE,creationTime=1554720388004,enabler=null], SCHEDULED_DEFAULT_RULE_1=ZenRule[enabled=false,snoozing=false,name=Weeknight,zenMode=ZEN_MODE_ALARMS,conditionId=condition://android/schedule?days=1.2.3.4.5&start=22.0&end=7.0&exitAtAlarm=false,condition=Condition[id=condition://android/schedule?days=1.2.3.4.5&start=22.0&end=7.0&exitAtAlarm=false,summary=...,line1=...,line2=...,icon=0,state=STATE_FALSE,flags=2],component=ComponentInfo{android/com.android.server.notification.ScheduleConditionProvider},id=SCHEDULED_DEFAULT_RULE_1,creationTime=1554720388004,enabler=null], SCHEDULED_DEFAULT_RULE_2=ZenRule[enabled=false,snoozing=false,name=Weekend,zenMode=ZEN_MODE_ALARMS,conditionId=condition://android/schedule?days=6.7&start=23.30&end=10.0&exitAtAlarm=false,condition=null,component=ComponentInfo{android/com.android.server.notification.ScheduleConditionProvider},id=SCHEDULED_DEFAULT_RULE_2,creationTime=1554720388004,enabler=null]},manualRule=null],Diff[automaticRule[SCHEDULED_DEFAULT_RULE_1].condition:null->Condition[id=condition://android/schedule?days=1.2.3.4.5&start=22.0&end=7.0&exitAtAlarm=false,summary=...,line1=...,line2=...,icon=0,state=STATE_FALSE,flags=2]]
04-08 18:46:58.649  2142  2142 D ZenLog  : config: conditionChanged,ZenModeConfig[user=0,allowCalls=true,allowRepeatCallers=false,allowMessages=false,allowCallsFrom=contacts,allowMessagesFrom=contacts,allowReminders=true,allowEvents=true,allowWhenScreenOff=true,allowWhenScreenOn=true,automaticRules={EVENTS_DEFAULT_RULE=ZenRule[enabled=false,snoozing=false,name=Event,zenMode=ZEN_MODE_ALARMS,conditionId=condition://android/event?userId=-10000&calendar=&reply=1,condition=Condition[id=condition://android/event?userId=-10000&calendar=&reply=1,summary=...,line1=...,line2=...,icon=0,state=STATE_FALSE,flags=2],component=ComponentInfo{android/com.android.server.notification.EventConditionProvider},id=EVENTS_DEFAULT_RULE,creationTime=1554720388004,enabler=null], SCHEDULED_DEFAULT_RULE_1=ZenRule[enabled=false,snoozing=false,name=Weeknight,zenMode=ZEN_MODE_ALARMS,conditionId=condition://android/schedule?days=1.2.3.4.5&start=22.0&end=7.0&exitAtAlarm=false,condition=Condition[id=condition://android/schedule?days=1.2.3.4.5&start=22.0&end=7.0&exitAtAlarm=false,summary=...,line1=...,line2=...,icon=0,state=STATE_FALSE,flags=2],component=ComponentInfo{android/com.android.server.notification.ScheduleConditionProvider},id=SCHEDULED_DEFAULT_RULE_1,creationTime=1554720388004,enabler=null], SCHEDULED_DEFAULT_RULE_2=ZenRule[enabled=false,snoozing=false,name=Weekend,zenMode=ZEN_MODE_ALARMS,conditionId=condition://android/schedule?days=6.7&start=23.30&end=10.0&exitAtAlarm=false,condition=null,component=ComponentInfo{android/com.android.server.notification.ScheduleConditionProvider},id=SCHEDULED_DEFAULT_RULE_2,creationTime=1554720388004,enabler=null]},manualRule=null],Diff[automaticRule[EVENTS_DEFAULT_RULE].condition:null->Condition[id=condition://android/event?userId=-10000&calendar=&reply=1,summary=...,line1=...,line2=...,icon=0,state=STATE_FALSE,flags=2]]
04-08 18:46:58.650  2142  2142 D ZenLog  : config: conditionChanged,ZenModeConfig[user=0,allowCalls=true,allowRepeatCallers=false,allowMessages=false,allowCallsFrom=contacts,allowMessagesFrom=contacts,allowReminders=true,allowEvents=true,allowWhenScreenOff=true,allowWhenScreenOn=true,automaticRules={EVENTS_DEFAULT_RULE=ZenRule[enabled=false,snoozing=false,name=Event,zenMode=ZEN_MODE_ALARMS,conditionId=condition://android/event?userId=-10000&calendar=&reply=1,condition=Condition[id=condition://android/event?userId=-10000&calendar=&reply=1,summary=...,line1=...,line2=...,icon=0,state=STATE_FALSE,flags=2],component=ComponentInfo{android/com.android.server.notification.EventConditionProvider},id=EVENTS_DEFAULT_RULE,creationTime=1554720388004,enabler=null], SCHEDULED_DEFAULT_RULE_1=ZenRule[enabled=false,snoozing=false,name=Weeknight,zenMode=ZEN_MODE_ALARMS,conditionId=condition://android/schedule?days=1.2.3.4.5&start=22.0&end=7.0&exitAtAlarm=false,condition=Condition[id=condition://android/schedule?days=1.2.3.4.5&start=22.0&end=7.0&exitAtAlarm=false,summary=...,line1=...,line2=...,icon=0,state=STATE_FALSE,flags=2],component=ComponentInfo{android/com.android.server.notification.ScheduleConditionProvider},id=SCHEDULED_DEFAULT_RULE_1,creationTime=1554720388004,enabler=null], SCHEDULED_DEFAULT_RULE_2=ZenRule[enabled=false,snoozing=false,name=Weekend,zenMode=ZEN_MODE_ALARMS,conditionId=condition://android/schedule?days=6.7&start=23.30&end=10.0&exitAtAlarm=false,condition=Condition[id=condition://android/schedule?days=6.7&start=23.30&end=10.0&exitAtAlarm=false,summary=...,line1=...,line2=...,icon=0,state=STATE_FALSE,flags=2],component=ComponentInfo{android/com.android.server.notification.ScheduleConditionProvider},id=SCHEDULED_DEFAULT_RULE_2,creationTime=1554720388004,enabler=null]},manualRule=null],Diff[automaticRule[SCHEDULED_DEFAULT_RULE_2].condition:null->Condition[id=condition://android/schedule?days=6.7&start=23.30&end=10.0&exitAtAlarm=false,summary=...,line1=...,line2=...,icon=0,state=STATE_FALSE,flags=2]]
04-08 18:46:58.650  2142  2142 D ZenLog  : set_zen_mode: off,conditionChanged
04-08 18:46:58.651  2142  2142 I chatty  : uid=1000 system_server identical 1 line
04-08 18:46:58.654  2142  2142 D ZenLog  : set_zen_mode: off,conditionChanged
04-08 18:46:58.738  2142  2153 I ActivityManager: Process com.android.inputmethod.latin (pid 2367) has died: fore IMPB
04-08 18:46:58.738  2142  2153 W ActivityManager: Scheduling restart of crashed service com.android.inputmethod.latin/.LatinIME in 1000ms
04-08 18:46:58.901  2142  2329 D ConnectivityService: Got NetworkFactory Messenger for PhoneSwitcherNetworkRequstListener
04-08 18:46:58.902  2142  2329 D ConnectivityService: Got NetworkFactory Messenger for TelephonyNetworkFactory[0]
04-08 18:46:58.906  2638  2783 E ActivityThread: Failed to find provider info for com.android.contacts
04-08 18:46:58.908  2142  2153 D BluetoothManagerService: Trying to bind to profile: 1, while Bluetooth was disabled
--------- beginning of main
04-08 18:46:58.910  2638  2638 W TelecomManager: Telecom Service not found.
04-08 18:46:58.910  2638  2638 I TelecomFramework: TtyManager: updateUiTtyMode -1 -> 0
04-08 18:46:58.912  2638  2638 D ImsResolver: maybeAddedImsService, packageName: null
04-08 18:46:58.914  2638  2638 D ServiceStateProvider: subId=-2
04-08 18:46:58.914  2386  2386 W KeyguardUpdateMonitor: invalid subId in handleServiceStateChange()
04-08 18:46:58.917  2142  2164 I chatty  : uid=1000(system) android.display expire 6 lines
04-08 18:46:58.920  2142  2767 I ActivityManager: user 0 is still locked. Cannot load recents
04-08 18:46:58.922  2142  2597 I ActivityManager: user 0 is still locked. Cannot load recents
04-08 18:46:58.924  2638  2638 D PhoneSwitcherNetworkRequstListener: got request NetworkRequest [ TRACK_DEFAULT id=3, [ Capabilities: INTERNET&NOT_RESTRICTED&TRUSTED&NOT_VPN] ] with score 0
04-08 18:46:58.924  2638  2638 D PhoneSwitcherNetworkRequstListener: got request NetworkRequest [ TRACK_DEFAULT id=5, [ Capabilities: INTERNET&NOT_RESTRICTED&TRUSTED&NOT_VPN] ] with score 0
04-08 18:46:58.924  2638  2638 D PhoneSwitcherNetworkRequstListener: got request NetworkRequest [ REQUEST id=1, [ Capabilities: INTERNET&NOT_RESTRICTED&TRUSTED&NOT_VPN] ] with score 0
04-08 18:46:58.924  2638  2638 D PhoneSwitcherNetworkRequstListener: got request NetworkRequest [ BACKGROUND_REQUEST id=2, [ Transports: CELLULAR Capabilities: INTERNET&NOT_RESTRICTED&TRUSTED&NOT_VPN] ] with score 0
04-08 18:46:58.924  2638  2638 D TelephonyDebugService: TelephonyDebugService()
04-08 18:46:58.929  2638  2638 D CarrierConfigLoader: mHandler: 12 phoneId: 0
04-08 18:46:58.929  2638  2638 D CarrierConfigLoader: Build fingerprint changed. old: null new: OPENTHOS/openthos_x86_64/openthos:8.1.0/OPM8.190105.002/root04020210:userdebug/test-keys
04-08 18:46:58.930  2638  2638 E PhoneInterfaceManager: [PhoneIntfMgr] getIccId: No UICC
04-08 18:46:58.931  2638  2638 D OpenGLRenderer: HWUI GL Pipeline
04-08 18:46:58.931  2638  2638 W TelecomManager: Telecom Service not found.
04-08 18:46:58.931  2638  2638 I TelecomFramework: AccountEntry: Registered phoneAccount: [[ ] PhoneAccount: ComponentInfo{com.android.phone/com.android.services.telephony.TelephonyConnectionService}, [e0184adedf913b076626646d3f52c3b49c39ad6d], UserHandle{0} Capabilities: CallProvider MultiUser PlaceEmerg SimSub  Audio Routes: BESW Schemes: tel voicemail  Extras: Bundle[{android.telecom.extra.SUPPORTS_VIDEO_CALLING_FALLBACK=false}] GroupId: [da39a3ee5e6b4b0d3255bfef95601890afd80709]] with handle: ComponentInfo{com.android.phone/com.android.services.telephony.TelephonyConnectionService}, [e0184adedf913b076626646d3f52c3b49c39ad6d], UserHandle{0}
04-08 18:46:58.932  2638  2638 I TelecomFramework: PstnIncomingCallNotifier: Registering: Handler (com.android.internal.telephony.GsmCdmaPhone) {5230e4}
04-08 18:46:58.933  2638  2638 W TelecomManager: Telecom Service not found.
04-08 18:46:58.934  2638  2638 I TelecomFramework: PstnPhoneCapabilitiesNotifier: handleVideoCapabilitesChanged. Video capability - false
04-08 18:46:58.934  2638  2638 E PhoneInterfaceManager: [PhoneIntfMgr] getIccId: No UICC
04-08 18:46:58.934  2638  2638 W TelecomManager: Telecom Service not found.
04-08 18:46:59.096  2142  2164 I WindowManager: ******* TELLING SURFACE FLINGER WE ARE BOOTED!
04-08 18:46:59.096  2028  2093 I SurfaceFlinger: Boot is finished (43985 ms)
04-08 18:46:59.097  2038  2191 E installd: Failed to unlink /data//dalvik-cache/x86_64/.booting: No such file or directory
04-08 18:46:59.097  2142  2164 W ActivityManager: Unable to mark boot complete for abi: x86_64 (android.os.ServiceSpecificException: Failed to unlink /data//dalvik-cache/x86_64/.booting (code 2))
04-08 18:46:59.097  2038  2191 E installd: Failed to unlink /data//dalvik-cache/x86/.booting: No such file or directory
04-08 18:46:59.097  2142  2164 W ActivityManager: Unable to mark boot complete for abi: x86 (android.os.ServiceSpecificException: Failed to unlink /data//dalvik-cache/x86/.booting (code 2))
04-08 18:46:59.097  2038  2191 E installd: Failed to unlink /data//dalvik-cache/arm/.booting: No such file or directory
04-08 18:46:59.097  2142  2164 W ActivityManager: Unable to mark boot complete for abi: armeabi-v7a (android.os.ServiceSpecificException: Failed to unlink /data//dalvik-cache/arm/.booting (code 2))
04-08 18:46:59.098  2142  2164 I SystemServiceManager: Starting phase 1000
04-08 18:46:59.109  2787  2787 W zygote64: Unexpected CPU variant for X86 using defaults: x86_64
04-08 18:46:59.114  2142  2164 I ActivityManager: Start proc 2787:com.google.android.ext.services/u0a15 for on-hold
04-08 18:46:59.114  2142  2164 D ActivityManager: Finishing user boot 0
04-08 18:46:59.114  2142  2164 I ActivityManager: User 0 state changed from BOOTING to RUNNING_LOCKED
04-08 18:46:59.115  2142  2164 D StorageManagerService: Setting property: sys.user.0.ce_available=true
04-08 18:46:59.115  2142  2164 I ActivityManager: User 0 state changed from RUNNING_LOCKED to RUNNING_UNLOCKING
04-08 18:46:59.115  2142  2164 D CryptdConnector: SND -> {4 cryptfs prepare_user_storage ! 0 0 2}
04-08 18:46:59.115  2005  2009 D vold    : e4crypt_prepare_user_storage for volume null, user 0, serial 0, flags 2
04-08 18:46:59.116  2005  2009 D vold    : Preparing: /data/system_ce/0
04-08 18:46:59.116  2005  2009 D vold    : Preparing: /data/misc_ce/0
04-08 18:46:59.116  2005  2009 D vold    : Preparing: /data/media/0
04-08 18:46:59.116  2005  2009 D vold    : Preparing: /data/data
04-08 18:46:59.116  2142  2206 D CryptdConnector: RCV <- {200 4 Command succeeded}
04-08 18:46:59.116  2142  2164 V UserDataPreparer: Found /data/user/0 with serial number 0
04-08 18:46:59.116  2142  2164 V UserDataPreparer: Found /data/system_ce/0 with serial number -1
04-08 18:46:59.116  2142  2164 D UserDataPreparer: Serial number missing on /data/system_ce/0; assuming current is valid
04-08 18:46:59.117  2142  2164 V PackageManager: reconcileAppsData for null u0 0x2 migrateAppData=true
04-08 18:46:59.154  2142  2164 V PackageManager: reconcileAppsData finished 94 packages
04-08 18:46:59.155  2142  2157 I SystemServiceManager: Calling onUnlockUser u0
04-08 18:46:59.155  2142  2325 I chatty  : uid=1000(system) WifiStateMachin expire 13 lines
04-08 18:46:59.155  2142  2329 D ConnectivityService: Got NetworkFactory Messenger for WIFI
04-08 18:46:59.155  2142  2329 D ConnectivityService: Got NetworkFactory Messenger for WIFI_UT
04-08 18:46:59.155  2142  2157 D BluetoothManagerService: User 0 unlocked
04-08 18:46:59.155  2142  2157 D StorageManagerService: onUnlockUser 0
04-08 18:46:59.155  2142  2157 D VoldConnector: SND -> {32 volume user_started 0}
04-08 18:46:59.155  2142  2163 D BluetoothManagerService: MESSAGE_USER_UNLOCKED
04-08 18:46:59.155  2005  2008 D vold    : Linking /storage/emulated/0 to /mnt/user/0/primary
04-08 18:46:59.155  2142  2205 D VoldConnector: RCV <- {200 32 Command succeeded}
04-08 18:46:59.156  2142  2204 D StorageManagerService: Volume emulated broadcasting mounted to UserHandle{0}
04-08 18:46:59.156  2735  2735 I AlarmClock: AlarmInitReceiver android.intent.action.LOCKED_BOOT_COMPLETED
04-08 18:46:59.157  2735  2765 I AlarmClock: Fixing alarm instances
04-08 18:46:59.157  2142  2157 I BackupManagerService: Instantiating BackupManagerService
04-08 18:46:59.157  2787  2787 I zygote64: The ClassLoaderContext is a special shared library.
04-08 18:46:59.158  2142  2157 V BackupManagerService: No ancestral data
04-08 18:46:59.159  2735  2765 V AlarmClock: AlarmInitReceiver finished
04-08 18:46:59.161  2142  2157 V BackupManagerService: Starting with transport com.google.android.gms/.backup.BackupTransportService
04-08 18:46:59.161  2142  2157 D BackupTransportManager: Binding to transport: android/com.android.internal.backup.LocalTransportService
04-08 18:46:59.161  2142  2157 W BackupTransportManager: BackupTransport com.google.android.gms/.backup.BackupTransportService not whitelisted.
04-08 18:46:59.161  2142  2157 I BackupManagerService: Backup enable apparently not migrated
04-08 18:46:59.161  2142  2157 I BackupManagerService: Migrating enable state false
04-08 18:46:59.161  2142  2157 I BackupManagerService: Backup enabled => false
04-08 18:46:59.168  2142  2162 W AppWidgetServiceImpl: Failed to read state: java.io.FileNotFoundException: /data/system/users/0/appwidgets.xml (No such file or directory)
04-08 18:46:59.168  2142  2162 V AppWidgetServiceImpl: Upgrading widget database from 0 to 1
04-08 18:46:59.168  2142  2162 I AppWidgetServiceImpl: Async processing of onUserUnlocked u0 took 2 ms
04-08 18:46:59.169  2822  2822 W zygote64: Unexpected CPU variant for X86 using defaults: x86_64
04-08 18:46:59.176  2142  2153 I ActivityManager: Start proc 2822:com.google.android.youtube/u0a72 for broadcast com.google.android.youtube/com.google.android.libraries.youtube.mdx.background.MdxBackgroundScanBootReceiver
04-08 18:46:59.178  2142  2816 V KeyValueBackupJob: Scheduling k/v pass in 242 minutes
04-08 18:46:59.180  2836  2836 W zygote  : Unexpected CPU variant for X86 using defaults: x86_64
04-08 18:46:59.187  2142  2157 I ActivityManager: Start proc 2836:com.google.android.googlequicksearchbox:interactor/u0a36 for service com.google.android.googlequicksearchbox/com.google.android.voiceinteraction.GsaVoiceInteractionService
04-08 18:46:59.187  2142  2157 D AutofillManagerServiceImpl: Reset component for user 0
04-08 18:46:59.187  2142  2157 D AutofillManagerServiceImpl: Reset component for user 0
04-08 18:46:59.188  2142  2142 D BackupTransportManager: Bound to transport: android/com.android.internal.backup.LocalTransportService
04-08 18:46:59.188  2142  2158 D AutofillUI: destroySaveUiUiThread(): already destroyed
04-08 18:46:59.189  2142  2157 I ActivityManager: Loading recents for user 0 into memory.
04-08 18:46:59.190  2142  2852 I chatty  : uid=1000 system_server expire 20 lines
04-08 18:46:59.191  2822  2822 I zygote64: The ClassLoaderContext is a special shared library.
04-08 18:46:59.192  2855  2855 W zygote64: Unexpected CPU variant for X86 using defaults: x86_64
04-08 18:46:59.197  2836  2836 I zygote  : The ClassLoaderContext is a special shared library.
04-08 18:46:59.199  2142  2157 I ActivityManager: Start proc 2855:org.android_x86.analytics/u0a1 for added application org.android_x86.analytics
04-08 18:46:59.202  2874  2874 W zygote64: Unexpected CPU variant for X86 using defaults: x86_64
04-08 18:46:59.210  2142  2156 I ActivityManager: Start proc 2874:com.android.printspooler/u0a68 for service com.android.printspooler/.model.PrintSpoolerService
04-08 18:46:59.211  2142  2157 I ActivityManager: User 0 state changed from RUNNING_UNLOCKING to RUNNING_UNLOCKED
04-08 18:46:59.212  2142  2157 I PreBootBroadcaster: Pre-boot of {com.android.managedprovisioning/com.android.managedprovisioning.ota.PreBootListener} for user 0
04-08 18:46:59.213  2638  2638 D CarrierSvcBindHelper: Received android.intent.action.USER_UNLOCKED
04-08 18:46:59.213  2671  2671 I SetupWizard: [FrpHelper] FrpTask is going to execute.
04-08 18:46:59.213  2855  2855 I zygote64: The ClassLoaderContext is a special shared library.
04-08 18:46:59.214  2638  2638 E PhoneInterfaceManager: [PhoneIntfMgr] getCarrierPackageNamesForIntent: No UICC
04-08 18:46:59.214  2142  2158 I chatty  : uid=1000(system) android.ui expire 7 lines
04-08 18:46:59.214  2638  2638 D CarrierSvcBindHelper: No carrier app for: 0
04-08 18:46:59.214  2874  2874 I zygote64: The ClassLoaderContext is a special shared library.
04-08 18:46:59.217  2902  2902 I chatty  : uid=10013 com.google.android.gms.persistent expire 62 lines
04-08 18:46:59.224  2142  2597 I ActivityManager: Start proc 2902:com.google.android.gms.persistent/u0a13 for service com.google.android.gms/.auth.frp.FrpService
04-08 18:46:59.239  2925  2925 I chatty  : uid=10013(com.google.android.gms) com.google.process.gservices expire 3 lines
04-08 18:46:59.246  2142  2767 I ActivityManager: Start proc 2925:com.google.process.gservices/u0a13 for content provider com.google.android.gsf/.gservices.GservicesProvider
04-08 18:46:59.284  2952  2952 I bootstat: Service started: /system/bin/bootstat --record_boot_complete 
04-08 18:46:59.284  2952  2952 E bootstat: Failed to read /data/misc/bootstat/last_boot_time_utc: No such file or directory
04-08 18:46:59.284  2952  2952 E bootstat: Failed to parse boot time record: /data/misc/bootstat/last_boot_time_utc
04-08 18:46:59.284  2952  2952 E bootstat: Failed to read /data/misc/bootstat/build_date: No such file or directory
04-08 18:46:59.284  2952  2952 E bootstat: Failed to parse boot time record: /data/misc/bootstat/build_date
04-08 18:46:59.284  2952  2952 E bootstat: Failed to read /data/misc/bootstat/post_decrypt_time_elapsed: No such file or directory
04-08 18:46:59.284  2952  2952 E bootstat: Failed to parse boot time record: /data/misc/bootstat/post_decrypt_time_elapsed
04-08 18:46:59.286  2953  2953 I bootstat: Service started: /system/bin/bootstat --record_boot_reason 
04-08 18:46:59.287  2953  2953 I bootstat: Unknown boot reason: 
04-08 18:46:59.290  2954  2954 I bootstat: Service started: /system/bin/bootstat --record_time_since_factory_reset 
04-08 18:46:59.290  2954  2954 E bootstat: Failed to read /data/misc/bootstat/factory_reset: No such file or directory
04-08 18:46:59.290  2954  2954 E bootstat: Failed to parse boot time record: /data/misc/bootstat/factory_reset
04-08 18:46:59.293  2955  2955 I bootstat: Service started: /system/bin/bootstat -l 
04-08 18:46:59.326  2822  2963 W YouTube : Fetching the Gservices key 'failsafe_maxnumbercrash_12_15' before the end of the bulk initialization
04-08 18:46:59.328  2965  2965 W zygote64: Unexpected CPU variant for X86 using defaults: x86_64
04-08 18:46:59.335  2142  2156 I ActivityManager: Start proc 2965:com.android.keychain/1000 for service com.android.keychain/.KeyChainService
04-08 18:46:59.336  2822  2960 I zygote64: The ClassLoaderContext is a special shared library.
04-08 18:46:59.336  2822  2960 I zygote64: The ClassLoaderContext is a special shared library.
04-08 18:46:59.337  2965  2965 I zygote64: The ClassLoaderContext is a special shared library.
04-08 18:46:59.339  2822  2960 W FileUtils: Failed to chmod(/data/user_de/0/com.google.android.gms/app_extracted_libs): android.system.ErrnoException: chmod failed: EACCES (Permission denied)
04-08 18:46:59.339  2822  2960 I chatty  : uid=10072(com.google.android.youtube) background2-1 identical 3 lines
04-08 18:46:59.339  2822  2960 W FileUtils: Failed to chmod(/data/user_de/0/com.google.android.gms/app_extracted_libs): android.system.ErrnoException: chmod failed: EACCES (Permission denied)
04-08 18:46:59.341  2836  2836 I InteractorInitializer: Initialized process com.google.android.googlequicksearchbox:interactor
04-08 18:46:59.342  2142  2156 I SyncManager: Loaded persisted syncs: 0 periodic syncs, 0 oneshot syncs, 7 total system server jobs, JobStats: FirstLoad: 0/0/0 LastSave: -1/-1/-1
04-08 18:46:59.362  2822  2960 W FileUtils: Failed to chmod(/data/user_de/0/com.google.android.gms/app_extracted_libs): android.system.ErrnoException: chmod failed: EACCES (Permission denied)
04-08 18:46:59.363  2822  2960 I chatty  : uid=10072(com.google.android.youtube) background2-1 identical 3 lines
04-08 18:46:59.363  2822  2960 W FileUtils: Failed to chmod(/data/user_de/0/com.google.android.gms/app_extracted_libs): android.system.ErrnoException: chmod failed: EACCES (Permission denied)
04-08 18:46:59.364  2822  2960 W linker  : "/system/priv-app/GmsCore/GmsCore.apk!/lib/x86_64/libconscrypt_gmscore_jni.so" unused DT entry: type 0xf arg 0x10b
04-08 18:46:59.367  2822  2960 V NativeCrypto: Registering com/google/android/gms/org/conscrypt/NativeCrypto's 280 native methods...
04-08 18:46:59.384  2822  2960 D NetworkSecurityConfig: No Network Security Config specified, using platform default
04-08 18:46:59.385  2822  2960 I ProviderInstaller: Installed default security provider GmsCore_OpenSSL
04-08 18:46:59.390  2822  2973 W FileUtils: Failed to chmod(/data/user_de/0/com.google.android.gms/app_chimera): android.system.ErrnoException: chmod failed: EACCES (Permission denied)
04-08 18:46:59.390  2822  2973 E ChimeraCfgMgr: Failed to read module config: java.io.FileNotFoundException: /data/user_de/0/com.google.android.gms/app_chimera/current_config.fb (Permission denied)
04-08 18:46:59.390  2822  2973 W DynamiteUtils: Failed to load module: java.io.FileNotFoundException: /data/user_de/0/com.google.android.gms/app_chimera/current_config.fb (Permission denied)
04-08 18:46:59.390  2822  2973 W DynamiteUtils: Attempt 1 failed.
04-08 18:46:59.394  2998  2998 I chatty  : uid=10013(com.google.android.gms) expire 33 lines
04-08 18:46:59.401  2142  2597 I ActivityManager: Start proc 2998:com.google.android.gms/u0a13 for service com.google.android.gms/.chimera.container.FileApkIntentOperation$ExternalFileApkService
04-08 18:46:59.423  3018  3018 W zygote  : Unexpected CPU variant for X86 using defaults: x86_64
04-08 18:46:59.430  2142  2333 I chatty  : uid=1000(system) notification-sq expire 1 line
04-08 18:46:59.431  2142  2611 I ActivityManager: Start proc 3018:com.google.android.googlequicksearchbox:search/u0a36 for service com.google.android.googlequicksearchbox/com.google.android.hotword.service.HotwordService
04-08 18:46:59.434  3018  3018 I zygote  : The ClassLoaderContext is a special shared library.
04-08 18:46:59.444  2836  2836 I CameraManagerGlobal: Connecting to camera service
04-08 18:46:59.460  2822  2822 V MediaRouter: Adding route: RouteInfo{ name=Tablet, description=null, status=null, category=RouteCategory{ name=System types=ROUTE_TYPE_LIVE_AUDIO ROUTE_TYPE_LIVE_VIDEO  groupable=false }, supportedTypes=ROUTE_TYPE_LIVE_AUDIO ROUTE_TYPE_LIVE_VIDEO , presentationDisplay=null }
04-08 18:46:59.460  2902  2907 I chatty  : uid=10013 com.google.android.gms.persistent expire 24 lines
04-08 18:46:59.461  2822  2822 V MediaRouter: Selecting route: RouteInfo{ name=Tablet, description=null, status=null, category=RouteCategory{ name=System types=ROUTE_TYPE_LIVE_AUDIO ROUTE_TYPE_LIVE_VIDEO  groupable=false }, supportedTypes=ROUTE_TYPE_LIVE_AUDIO ROUTE_TYPE_LIVE_VIDEO , presentationDisplay=null }
04-08 18:46:59.464  2902  3033 I chatty  : uid=10013 com.google.android.gms.persistent expire 19 lines
04-08 18:46:59.481  2142  2153 D VoldConnector: SND -> {33 volume mkdirs /storage/emulated/0/Android/data/com.google.android.youtube/files/}
04-08 18:46:59.481  2142  2205 D VoldConnector: RCV <- {200 33 Command succeeded}
04-08 18:46:59.482  2822  2822 W InstanceID/Rpc: Found 10013
04-08 18:46:59.489  2998  3003 I chatty  : uid=10013(com.google.android.gms) expire 28 lines
04-08 18:46:59.492  2822  2822 V MediaRouter: Selecting route: RouteInfo{ name=Tablet, description=null, status=null, category=RouteCategory{ name=System types=ROUTE_TYPE_LIVE_AUDIO ROUTE_TYPE_LIVE_VIDEO  groupable=false }, supportedTypes=ROUTE_TYPE_LIVE_AUDIO ROUTE_TYPE_LIVE_VIDEO , presentationDisplay=null }
04-08 18:46:59.517  2142  2740 D VoldConnector: SND -> {34 volume mkdirs /storage/emulated/0/Android/data/com.google.android.youtube/cache/}
04-08 18:46:59.517  2142  2205 D VoldConnector: RCV <- {200 34 Command succeeded}
04-08 18:46:59.526  3078  3078 W zygote64: Unexpected CPU variant for X86 using defaults: x86_64
04-08 18:46:59.533  2142  2740 I ActivityManager: Start proc 3078:android.process.media/u0a12 for broadcast com.android.providers.downloads/.DownloadReceiver
04-08 18:46:59.536  3078  3078 I zygote64: The ClassLoaderContext is a special shared library.
04-08 18:46:59.541  2822  2973 E ChimeraCfgMgr: Failed to read module config: java.io.FileNotFoundException: /data/user_de/0/com.google.android.gms/app_chimera/current_config.fb (No such file or directory)
04-08 18:46:59.541  2822  2973 W DynamiteUtils: Failed to load module: java.io.FileNotFoundException: /data/user_de/0/com.google.android.gms/app_chimera/current_config.fb (No such file or directory)
04-08 18:46:59.541  2822  2973 W DynamiteUtils: Attempt 2 failed.
04-08 18:46:59.541  3078  3078 I zygote64: The ClassLoaderContext is a special shared library.
04-08 18:46:59.643  3078  3078 I DownloadManager: Upgrading downloads database from version 0 to version 110, which will destroy all old data
04-08 18:46:59.682  2142  2740 W ActivityManager: Permission Denial: getIntentSender() from pid=2822, uid=10072, (need uid=10013) is not allowed to send as package com.google.android.gms
04-08 18:46:59.682  2822  2973 W DynamiteUtils: Failed to load module: module com.google.android.gms.ads.dynamite not found
04-08 18:46:59.682  2822  2973 W DynamiteUtils: Attempt 3 failed.
04-08 18:46:59.682  2822  2973 W FileUtils: Failed to set world executable: /data/user_de/0/com.google.android.gms/app_chimera/m
04-08 18:46:59.683  2822  2973 D DynamitePackage: Module could not be loaded.
04-08 18:46:59.688  2902  2916 I chatty  : uid=10013 com.google.android.gms.persistent expire 3 lines
04-08 18:46:59.691  3106  3106 I chatty  : uid=10013(com.google.android.gms) com.google.process.gapps expire 5 lines
04-08 18:46:59.692  2822  2973 E DynamitePackage: Failed to load ads dynamite module.
04-08 18:46:59.692  2822  2973 E DynamitePackage: android.os.RemoteException
04-08 18:46:59.692  2822  2973 E DynamitePackage: 	at etj.<init>(:com.google.android.gms@12688056@12.6.88 (090800-197970725):3)
04-08 18:46:59.692  2822  2973 E DynamitePackage: 	at etj.a(:com.google.android.gms@12688056@12.6.88 (090800-197970725):1)
04-08 18:46:59.692  2822  2973 E DynamitePackage: 	at com.google.android.gms.ads.adshield.AdShieldCreatorImpl.newAdShieldClient(:com.google.android.gms@12688056@12.6.88 (090800-197970725):2)
04-08 18:46:59.692  2822  2973 E DynamitePackage: 	at com.google.android.gms.ads.adshield.internal.b.onTransact(:com.google.android.gms@12688056@12.6.88 (090800-197970725):7)
04-08 18:46:59.692  2822  2973 E DynamitePackage: 	at android.os.Binder.transact(Binder.java:627)
04-08 18:46:59.692  2822  2973 E DynamitePackage: 	at kbs.a(Unknown Source:29)
04-08 18:46:59.692  2822  2973 E DynamitePackage: 	at kbn.b(Unknown Source:2)
04-08 18:46:59.692  2822  2973 E DynamitePackage: 	at kbn.a(Unknown Source:1)
04-08 18:46:59.692  2822  2973 E DynamitePackage: 	at jdq.<init>(Unknown Source:3)
04-08 18:46:59.692  2822  2973 E DynamitePackage: 	at ksp.<init>(SourceFile:1)
04-08 18:46:59.692  2822  2973 E DynamitePackage: 	at ksq.a(SourceFile:4)
04-08 18:46:59.692  2822  2973 E DynamitePackage: 	at ksq.a(SourceFile:2)
04-08 18:46:59.692  2822  2973 E DynamitePackage: 	at mlt.a(SourceFile:79)
04-08 18:46:59.692  2822  2973 E DynamitePackage: 	at mlu.a(SourceFile:3)
04-08 18:46:59.692  2822  2973 E DynamitePackage: 	at olc.get(SourceFile:21)
04-08 18:46:59.692  2822  2973 E DynamitePackage: 	at mlt.g(SourceFile:49)
04-08 18:46:59.692  2822  2973 E DynamitePackage: 	at mlt.c(SourceFile:31)
04-08 18:46:59.692  2822  2973 E DynamitePackage: 	at mmo.i(SourceFile:63)
04-08 18:46:59.692  2822  2973 E DynamitePackage: 	at mmo.c(SourceFile:38)
04-08 18:46:59.692  2822  2973 E DynamitePackage: 	at mmo.a(SourceFile:10)
04-08 18:46:59.692  2822  2973 E DynamitePackage: 	at cjc.run(SourceFile:4)
04-08 18:46:59.692  2822  2973 E DynamitePackage: 	at java.util.concurrent.Executors$RunnableAdapter.call(Executors.java:457)
04-08 18:46:59.692  2822  2973 E DynamitePackage: 	at java.util.concurrent.FutureTask.run(FutureTask.java:266)
04-08 18:46:59.692  2822  2973 E DynamitePackage: 	at java.util.concurrent.ScheduledThreadPoolExecutor$ScheduledFutureTask.run(ScheduledThreadPoolExecutor.java:301)
04-08 18:46:59.692  2822  2973 E DynamitePackage: 	at java.util.concurrent.ThreadPoolExecutor.runWorker(ThreadPoolExecutor.java:1162)
04-08 18:46:59.692  2822  2973 E DynamitePackage: 	at java.util.concurrent.ThreadPoolExecutor$Worker.run(ThreadPoolExecutor.java:636)
04-08 18:46:59.692  2822  2973 E DynamitePackage: 	at nty.run(SourceFile:24)
04-08 18:46:59.692  2822  2973 E DynamitePackage: 	at java.lang.Thread.run(Thread.java:764)
04-08 18:46:59.692  2822  2973 D DynamitePackage: Instantiated singleton DynamitePackage.
04-08 18:46:59.698  2822  3121 W ContextImpl: Failed to ensure /data/user/0/com.google.android.gms/shared_prefs: mkdir failed: EACCES (Permission denied)
04-08 18:46:59.698  2822  3121 E Ads     : Unexpected exception.
04-08 18:46:59.698  2822  3121 E Ads     : java.lang.SecurityException: MODE_WORLD_READABLE no longer supported
04-08 18:46:59.698  2822  3121 E Ads     : 	at android.app.ContextImpl.checkMode(ContextImpl.java:2420)
04-08 18:46:59.698  2822  3121 E Ads     : 	at android.app.ContextImpl.getSharedPreferences(ContextImpl.java:382)
04-08 18:46:59.698  2822  3121 E Ads     : 	at android.app.ContextImpl.getSharedPreferences(ContextImpl.java:372)
04-08 18:46:59.698  2822  3121 E Ads     : 	at jfc.a(Unknown Source:6)
04-08 18:46:59.698  2822  3121 E Ads     : 	at jfc.call(Unknown Source:0)
04-08 18:46:59.698  2822  3121 E Ads     : 	at kdz.a(Unknown Source:1)
04-08 18:46:59.698  2822  3121 E Ads     : 	at jfb.a(Unknown Source:5)
04-08 18:46:59.698  2822  3121 E Ads     : 	at kal.run(Unknown Source:4)
04-08 18:46:59.698  2822  3121 E Ads     : 	at java.util.concurrent.ThreadPoolExecutor.runWorker(ThreadPoolExecutor.java:1162)
04-08 18:46:59.698  2822  3121 E Ads     : 	at java.util.concurrent.ThreadPoolExecutor$Worker.run(ThreadPoolExecutor.java:636)
04-08 18:46:59.698  2822  3121 E Ads     : 	at java.lang.Thread.run(Thread.java:764)
04-08 18:46:59.699  2142  2740 I ActivityManager: Start proc 3106:com.google.process.gapps/u0a13 for content provider com.google.android.gsf/.settings.GoogleSettingsProvider
04-08 18:46:59.705  3018  3129 I SharedPreferencesProto: load shared preferences: file not found
04-08 18:46:59.708  3126  3126 W dex2oat : Unexpected CPU variant for X86 using defaults: x86_64
04-08 18:46:59.708  3126  3126 I dex2oat : The ClassLoaderContext is a special shared library.
04-08 18:46:59.708  3126  3126 I dex2oat : /system/bin/dex2oat --dex-file=/data/data/com.google.android.youtube/cache/1470286953684.jar --output-vdex-fd=47 --oat-fd=48 --oat-location=/data/data/com.google.android.youtube/cache/oat/x86_64/1470286953684.odex --compiler-filter=quicken --class-loader-context=&
04-08 18:46:59.712  3018  3132 I SharedPreferencesProto: load shared preferences: file not found
04-08 18:46:59.712  3018  3032 E ActivityThread: Failed to find provider info for com.google.android.voicesearch
04-08 18:46:59.729  3018  3132 W com.google.protobuf.fi: copyMemory is missing from platform - proto runtime falling back to safer methods.
04-08 18:46:59.736  2142  2740 D PackageManager: Ephemeral installer not found with new action; try old one
04-08 18:46:59.736  2142  2740 D PackageManager: Clear ephemeral installer activity
04-08 18:46:59.737  2142  2740 D PackageManager: Ephemeral installer not found with new action; try old one
04-08 18:46:59.737  2142  2740 D PackageManager: Clear ephemeral installer activity
04-08 18:46:59.740  2142  2740 D PackageManager: Ephemeral installer not found with new action; try old one
04-08 18:46:59.740  2142  2740 D PackageManager: Clear ephemeral installer activity
04-08 18:46:59.741  3137  3137 W zygote64: Unexpected CPU variant for X86 using defaults: x86_64
04-08 18:46:59.748  2142  2157 I ActivityManager: Start proc 3137:com.android.inputmethod.latin/u0a66 for service com.android.inputmethod.latin/.LatinIME
04-08 18:46:59.751  3137  3137 I zygote64: The ClassLoaderContext is a special shared library.
04-08 18:46:59.756  3137  3137 I LatinIME: Hardware accelerated drawing: true
04-08 18:46:59.756  3018  3023 I zygote  : Compiler allocated 8MB to compile void com.google.android.apps.gsa.shared.config.a.n.ame()
04-08 18:46:59.761  2836  2836 W KeyphraseEnrollmentInfo: No enrollment application supports the given keyphrase/locale: 'Ok Google'/en_US
04-08 18:46:59.765  2142  2154 D PackageManager: Ephemeral installer not found with new action; try old one
04-08 18:46:59.765  2142  2154 D PackageManager: Clear ephemeral installer activity
04-08 18:46:59.772  3018  3023 I zygote  : Do partial code cache collection, code=26KB, data=18KB
04-08 18:46:59.772  3018  3023 I zygote  : After code cache collection, code=25KB, data=18KB
04-08 18:46:59.772  3018  3023 I zygote  : Increasing code cache capacity to 128KB
04-08 18:46:59.774  2142  2153 I chatty  : uid=1000(system) Binder:2142_1 expire 1 line
04-08 18:46:59.779  3018  3018 I VelvetUpgradeTasks: Velvet upgraded from -1 to 300738799: running upgrade tasks.
04-08 18:46:59.779  3018  3018 I VelvetUpgradeTasks: System upgraded from null to OPM8.190105.002: running system upgrade tasks.
04-08 18:46:59.779  3137  3137 W InputAttributes: No editor info for this field. Bug?
04-08 18:46:59.782  3137  3169 I LatinIME:LogUtils: Dictionary info: dictionary = UserHistoryDictionary.en_US ; version = 1554720419 ; date = ?
04-08 18:46:59.782  3137  3169 I LatinIME:LogUtils: Dictionary info: dictionary = userunigram.en_US ; version = 1554720419 ; date = ?
04-08 18:46:59.783  3170  3170 I main    : type=1400 audit(0.0:536): avc: denied { mounton } for path="/storage" dev="tmpfs" ino=9264 scontext=u:r:zygote:s0 tcontext=u:object_r:tmpfs:s0 tclass=dir permissive=1
04-08 18:46:59.785  3170  3170 W zygote64: Unexpected CPU variant for X86 using defaults: x86_64
04-08 18:46:59.792  2142  2740 I ActivityManager: Start proc 3170:android.process.acore/u0a3 for content provider com.android.providers.userdictionary/.UserDictionaryProvider
04-08 18:46:59.795  3170  3170 I zygote64: The ClassLoaderContext is a special shared library.
04-08 18:46:59.797  3170  3170 I zygote64: The ClassLoaderContext is a special shared library.
04-08 18:46:59.799  3018  3018 I zygote  : Deoptimizing java.lang.Object b.a.m.get() due to JIT inline cache
04-08 18:46:59.800  3018  3018 I zygote  : Deoptimizing int[] com.google.common.collect.gx.b(java.lang.Object[], int, int, int) due to JIT inline cache
04-08 18:46:59.801  3190  3190 I main    : type=1400 audit(0.0:538): avc: denied { dac_read_search } for capability=2 scontext=u:r:zygote:s0 tcontext=u:r:zygote:s0 tclass=capability permissive=1
04-08 18:46:59.803  3190  3190 W zygote64: Unexpected CPU variant for X86 using defaults: x86_64
04-08 18:46:59.810  2142  2154 I ActivityManager: Start proc 3190:com.google.android.partnersetup/u0a20 for content provider com.google.android.partnersetup/.RlzAppProvider
04-08 18:46:59.812  3190  3190 I zygote64: The ClassLoaderContext is a special shared library.
04-08 18:46:59.834  3078  3078 E SQLiteLog: (1) no such table: album_info
04-08 18:46:59.853  3018  3154 I WebViewFactory: Loading com.google.android.webview version 69.0.3497.100 (code 349710060)
04-08 18:46:59.860  3170  3170 I ContactsPerf: VoicemailContentProvider.onCreate start
04-08 18:46:59.863  3170  3170 I ContactsPerf: VoicemailContentProvider.onCreate finish
04-08 18:46:59.864  3170  3170 I zygote64: The ClassLoaderContext is a special shared library.
04-08 18:46:59.871  3170  3170 D StrictMode: StrictMode policy violation; ~duration=15 ms: android.os.StrictMode$StrictModeDiskWriteViolation: policy=65597 violation=1
04-08 18:46:59.871  3170  3170 D StrictMode: 	at android.os.StrictMode$AndroidBlockGuardPolicy.onWriteToDisk(StrictMode.java:1386)
04-08 18:46:59.871  3170  3170 D StrictMode: 	at libcore.io.BlockGuardOs.mkdir(BlockGuardOs.java:193)
04-08 18:46:59.871  3170  3170 D StrictMode: 	at android.system.Os.mkdir(Os.java:321)
04-08 18:46:59.871  3170  3170 D StrictMode: 	at android.app.ContextImpl.ensurePrivateDirExists(ContextImpl.java:575)
04-08 18:46:59.871  3170  3170 D StrictMode: 	at android.app.ContextImpl.ensurePrivateDirExists(ContextImpl.java:563)
04-08 18:46:59.871  3170  3170 D StrictMode: 	at android.app.ContextImpl.getPreferencesDir(ContextImpl.java:519)
04-08 18:46:59.871  3170  3170 D StrictMode: 	at android.app.ContextImpl.getSharedPreferencesPath(ContextImpl.java:714)
04-08 18:46:59.871  3170  3170 D StrictMode: 	at android.app.ContextImpl.getSharedPreferences(ContextImpl.java:368)
04-08 18:46:59.871  3170  3170 D StrictMode: 	at android.preference.PreferenceManager.getDefaultSharedPreferences(PreferenceManager.java:526)
04-08 18:46:59.871  3170  3170 D StrictMode: 	at com.android.providers.contacts.FastScrollingIndexCache.getInstance(FastScrollingIndexCache.java:95)
04-08 18:46:59.871  3170  3170 D StrictMode: 	at com.android.providers.contacts.ContactsProvider2.initialize(ContactsProvider2.java:1586)
04-08 18:46:59.871  3170  3170 D StrictMode: 	at com.android.providers.contacts.ContactsProvider2.onCreate(ContactsProvider2.java:1561)
04-08 18:46:59.871  3170  3170 D StrictMode: 	at android.content.ContentProvider.attachInfo(ContentProvider.java:1919)
04-08 18:46:59.871  3170  3170 D StrictMode: 	at android.content.ContentProvider.attachInfo(ContentProvider.java:1894)
04-08 18:46:59.871  3170  3170 D StrictMode: 	at android.app.ActivityThread.installProvider(ActivityThread.java:6239)
04-08 18:46:59.871  3170  3170 D StrictMode: 	at android.app.ActivityThread.installContentProviders(ActivityThread.java:5805)
04-08 18:46:59.871  3170  3170 D StrictMode: 	at android.app.ActivityThread.handleBindApplication(ActivityThread.java:5722)
04-08 18:46:59.871  3170  3170 D StrictMode: 	at android.app.ActivityThread.-wrap1(Unknown Source:0)
04-08 18:46:59.871  3170  3170 D StrictMode: 	at android.app.ActivityThread$H.handleMessage(ActivityThread.java:1656)
04-08 18:46:59.871  3170  3170 D StrictMode: 	at android.os.Handler.dispatchMessage(Handler.java:106)
04-08 18:46:59.871  3170  3170 D StrictMode: 	at android.os.Looper.loop(Looper.java:164)
04-08 18:46:59.871  3170  3170 D StrictMode: 	at android.app.ActivityThread.main(ActivityThread.java:6494)
04-08 18:46:59.871  3170  3170 D StrictMode: 	at java.lang.reflect.Method.invoke(Native Method)
04-08 18:46:59.871  3170  3170 D StrictMode: 	at com.android.internal.os.RuntimeInit$MethodAndArgsCaller.run(RuntimeInit.java:463)
