06-03 16:47:58.763  2362  2362 D ViewRootImpl[OpenthosStatusBar]: updatePointerIcon called with position out of bounds
06-03 16:47:58.763  2362  2362 D ViewRootImpl[StatusBar]: updatePointerIcon called with position out of bounds
06-03 16:47:59.263  2362  2362 D ViewRootImpl[OpenthosStatusBar]: updatePointerIcon called with position out of bounds
06-03 16:47:59.263  2362  2362 D ViewRootImpl[StatusBar]: updatePointerIcon called with position out of bounds
06-03 16:47:59.268  2238  2824 E WindowManager: Unknown window type: 2039
06-03 16:47:59.283  2238  9142 E WindowManager: Unknown window type: 2039
06-03 16:47:59.286  2238  9142 E WindowManager: Unknown window type: 2039
06-03 16:47:59.301  2238  2285 E WindowManager: Unknown window type: 2039
06-03 16:47:59.315  2238  2285 E WindowManager: Unknown window type: 2039
06-03 16:47:59.391  2362  2362 D ViewRootImpl[]: updatePointerIcon called with position out of bounds
06-03 16:47:59.397  2362  2362 D ViewRootImpl[]: updatePointerIcon called with position out of bounds
06-03 16:47:59.565  2238  2285 E WindowManager: Unknown window type: 2039
06-03 16:47:59.580  2362  2362 D ViewRootImpl[]: updatePointerIcon called with position out of bounds
06-03 16:48:00.030  2362  2362 D ViewRootImpl[]: updatePointerIcon called with position out of bounds
06-03 16:48:00.257  2362  2362 D ViewRootImpl[OpenthosStatusBar]: updatePointerIcon called with position out of bounds
06-03 16:48:00.257  2362  2362 D ViewRootImpl[StatusBar]: updatePointerIcon called with position out of bounds
06-03 16:48:00.341  2238  2824 E WindowManager: Unknown window type: 2039
06-03 16:48:00.345  2238  9142 E WindowManager: Unknown window type: 2039
06-03 16:48:00.347  2238  9142 I ActivityManager: START u0 {act=android.intent.action.DELETE dat=package:com.seafile.seadroid2.debug cmp=com.google.android.packageinstaller/com.android.packageinstaller.UninstallerActivity} from uid 10033
06-03 16:48:00.348  2238  9142 W ActivityManager: startActivity called from non-Activity context; forcing Intent.FLAG_ACTIVITY_NEW_TASK for: Intent { act=android.intent.action.DELETE dat=package:com.seafile.seadroid2.debug flg=0x800000 cmp=com.google.android.packageinstaller/com.android.packageinstaller.UninstallerActivity }
06-03 16:48:00.355  2238  9142 E WindowManager: Unknown window type: 2039
06-03 16:48:00.365  2238  9142 E WindowManager: Unknown window type: 2039
06-03 16:48:00.381  2238  2285 E WindowManager: Unknown window type: 2039
06-03 16:48:00.391  2238  2824 E WindowManager: Unknown window type: 2039
06-03 16:48:00.417  2238  2824 E WindowManager: Unknown window type: 2039
06-03 16:48:00.430  2238  2285 E WindowManager: Unknown window type: 2039
06-03 16:48:00.438  2238  2285 E WindowManager: Unknown window type: 2039
06-03 16:48:00.449  2238  9142 E WindowManager: Unknown window type: 2039
06-03 16:48:00.452  2238  2285 E WindowManager: Unknown window type: 2039
06-03 16:48:00.484  2238  2285 E WindowManager: Unknown window type: 2039
06-03 16:48:00.497 14307 14307 D ViewRootImpl[UninstallerActivity]: updatePointerIcon called with position out of bounds
06-03 16:48:00.597 14307 14307 D ViewRootImpl[UninstallerActivity]: updatePointerIcon called with position out of bounds
06-03 16:48:00.601  2238  2285 W AppOps  : Finishing op nesting under-run: uid 10033 pkg com.android.systemui code 24 time=0 duration=0 nesting=0
06-03 16:48:00.614 14307 14307 D ViewRootImpl[UninstallerActivity]: updatePointerIcon called with position out of bounds
06-03 16:48:00.664 14307 14307 D ViewRootImpl[UninstallerActivity]: updatePointerIcon called with position out of bounds
06-03 16:48:03.365  2362  2362 D ViewRootImpl[StatusBar]: updatePointerIcon called with position out of bounds
06-03 16:48:04.269  2238  2824 E WindowManager: Unknown window type: 2039
06-03 16:48:04.269  2238  2824 E WindowManager: Unknown window type: 2039
06-03 16:48:04.295  2238  3141 E WindowManager: Unknown window type: 2039
06-03 16:48:04.348  2238  3141 E WindowManager: Unknown window type: 2039
06-03 16:48:04.390  2238  2285 E WindowManager: Unknown window type: 2039
06-03 16:48:04.393  2238  2824 E WindowManager: Unknown window type: 2039
06-03 16:48:04.398  2238  2285 E WindowManager: Unknown window type: 2039
06-03 16:48:04.514  2238  2285 E WindowManager: Unknown window type: 2039
06-03 16:48:04.697  2362  2362 D ViewRootImpl[]: updatePointerIcon called with position out of bounds
06-03 16:48:05.097  2362  2362 D ViewRootImpl[]: updatePointerIcon called with position out of bounds
06-03 16:48:06.193  2362  2362 D ViewRootImpl[OpenthosStatusBar]: updatePointerIcon called with position out of bounds
06-03 16:48:06.193  2362  2362 D ViewRootImpl[StatusBar]: updatePointerIcon called with position out of bounds
06-03 16:48:06.198  2238  2824 E WindowManager: Unknown window type: 2039
06-03 16:48:06.206  2238  2824 E WindowManager: Unknown window type: 2039
06-03 16:48:06.218  2238  2285 E WindowManager: Unknown window type: 2039
06-03 16:48:06.231  2238  2285 E WindowManager: Unknown window type: 2039
06-03 16:48:06.321  2362  2362 D ViewRootImpl[]: updatePointerIcon called with position out of bounds
06-03 16:48:06.330  2362  2362 D ViewRootImpl[]: updatePointerIcon called with position out of bounds
06-03 16:48:06.481  2238  2285 E WindowManager: Unknown window type: 2039
06-03 16:48:07.595  2362  2362 D ViewRootImpl[OpenthosStatusBar]: updatePointerIcon called with position out of bounds
06-03 16:48:07.595  2362  2362 D ViewRootImpl[StatusBar]: updatePointerIcon called with position out of bounds
06-03 16:48:07.678  2238  3141 E WindowManager: Unknown window type: 2039
06-03 16:48:07.683  2238  9142 E WindowManager: Unknown window type: 2039
06-03 16:48:07.685  2238  9142 I ActivityManager: START u0 {act=android.intent.action.DELETE dat=package:com.seafile.seadroid2.debug cmp=com.google.android.packageinstaller/com.android.packageinstaller.UninstallerActivity} from uid 10033
06-03 16:48:07.685  2238  9142 W ActivityManager: startActivity called from non-Activity context; forcing Intent.FLAG_ACTIVITY_NEW_TASK for: Intent { act=android.intent.action.DELETE dat=package:com.seafile.seadroid2.debug flg=0x800000 cmp=com.google.android.packageinstaller/com.android.packageinstaller.UninstallerActivity }
06-03 16:48:07.691  2238  9142 E WindowManager: Unknown window type: 2039
06-03 16:48:07.697  2238  9142 E WindowManager: Unknown window type: 2039
06-03 16:48:07.697  2238  2285 E WindowManager: Unknown window type: 2039
06-03 16:48:07.698  2238  2824 E WindowManager: Unknown window type: 2039
06-03 16:48:07.722  2238  2824 E WindowManager: Unknown window type: 2039
06-03 16:48:07.726  2238  2285 E WindowManager: Unknown window type: 2039
06-03 16:48:07.729  2238  2285 I chatty  : uid=1000 system_server identical 3 lines
06-03 16:48:07.733  2238  2285 E WindowManager: Unknown window type: 2039
06-03 16:48:07.748  2238  2824 E WindowManager: Unknown window type: 2039
06-03 16:48:07.765  2238  2285 E WindowManager: Unknown window type: 2039
06-03 16:48:07.815  2238  2285 E WindowManager: Unknown window type: 2039
06-03 16:48:07.950  2238  2285 W AppOps  : Finishing op nesting under-run: uid 10033 pkg com.android.systemui code 24 time=0 duration=0 nesting=0
06-03 16:48:08.317 14307 14307 D ViewRootImpl[UninstallerActivity]: updatePointerIcon called with position out of bounds
06-03 16:48:08.897 14307 14307 D ViewRootImpl[UninstallerActivity]: updatePointerIcon called with position out of bounds
06-03 16:48:09.725  2362  2362 D ViewRootImpl[StatusBar]: updatePointerIcon called with position out of bounds
06-03 16:48:12.135  2238  9142 E WindowManager: Unknown window type: 2039
06-03 16:48:12.135  2238  9142 I chatty  : uid=1000 system_server identical 1 line
06-03 16:48:12.135  2238  9142 E WindowManager: Unknown window type: 2039
06-03 16:48:12.150  2238  3141 E WindowManager: Unknown window type: 2039
06-03 16:48:12.151  2238  3141 E WindowManager: Unknown window type: 2039
06-03 16:48:12.167  2238  2824 E WindowManager: Unknown window type: 2039
06-03 16:48:12.176  2238  2285 E WindowManager: Unknown window type: 2039
06-03 16:48:12.298  2238  2285 E WindowManager: Unknown window type: 2039
06-03 16:48:14.154  2362  2362 D ViewRootImpl[OpenthosStatusBar]: updatePointerIcon called with position out of bounds
06-03 16:48:14.155  2362  2362 D ViewRootImpl[StatusBar]: updatePointerIcon called with position out of bounds
06-03 16:48:14.284  2238  2824 I ActivityManager: START u0 {act=android.intent.action.MAIN cat=[android.intent.category.LAUNCHER] flg=0x30000000 cmp=com.android.settings/.Settings} from uid 10033
06-03 16:48:14.289  2238  2824 W ActivityManager: Activity ActivityRecord{bf732bc u0 com.android.settings/.Settings$AppAndNotificationDashboardActivity t22 f} being finished, but not in LRU list
06-03 16:48:14.289  2238  2824 W WindowManager: Attempted to set replacing window on non-existing app token Token{e9baaa8 ActivityRecord{8f232cb u0 com.android.settings/.Settings t22}}
06-03 16:48:14.290  2238  2824 E WindowManager: Unknown window type: 2039
06-03 16:48:14.291  2238  9142 E WindowManager: Unknown window type: 2039
06-03 16:48:14.294  2238  3141 E WindowManager: Unknown window type: 2039
06-03 16:48:14.328  2238  3141 E WindowManager: Unknown window type: 2039
06-03 16:48:14.333  2238  2824 E WindowManager: Unknown window type: 2039
06-03 16:48:14.335  2238  9142 E WindowManager: Unknown window type: 2039
06-03 16:48:14.335  2238  2285 W WindowManager: Failed looking up window callers=com.android.server.wm.WindowManagerService.windowForClientLocked:5821 com.android.server.wm.WindowManagerService.relayoutWindow:1934 com.android.server.wm.Session.relayout:239 
06-03 16:48:14.336  2238  2285 W WindowManager: Failed looking up window callers=com.android.server.wm.WindowManagerService.windowForClientLocked:5821 com.android.server.wm.WindowManagerService.removeWindow:1718 com.android.server.wm.Session.remove:222 
06-03 16:48:14.336  2238  2253 E AndroidRuntime: *** FATAL EXCEPTION IN SYSTEM PROCESS: ActivityManager
06-03 16:48:14.336  2238  2253 E AndroidRuntime: java.lang.ArrayIndexOutOfBoundsException: length=2; index=4
06-03 16:48:14.336  2238  2253 E AndroidRuntime: 	at com.android.server.am.ActivityMetricsLogger.logWindowState(ActivityMetricsLogger.java:136)
06-03 16:48:14.336  2238  2253 E AndroidRuntime: 	at com.android.server.am.ActivityStackSupervisor.logStackState(ActivityStackSupervisor.java:4394)
06-03 16:48:14.336  2238  2253 E AndroidRuntime: 	at com.android.server.am.TaskChangeNotificationController$MainHandler.handleMessage(TaskChangeNotificationController.java:152)
06-03 16:48:14.336  2238  2253 E AndroidRuntime: 	at android.os.Handler.dispatchMessage(Handler.java:106)
06-03 16:48:14.336  2238  2253 E AndroidRuntime: 	at android.os.Looper.loop(Looper.java:164)
06-03 16:48:14.336  2238  2253 E AndroidRuntime: 	at android.os.HandlerThread.run(HandlerThread.java:65)
06-03 16:48:14.336  2238  2253 E AndroidRuntime: 	at com.android.server.ServiceThread.run(ServiceThread.java:46)
06-03 16:48:14.348 10462 10462 E AndroidRuntime: FATAL EXCEPTION: main
06-03 16:48:14.348 10462 10462 E AndroidRuntime: Process: org.openthos.filemanager, PID: 10462
06-03 16:48:14.348 10462 10462 E AndroidRuntime: DeadSystemException: The system died; earlier logs will point to the root cause
06-03 16:48:14.815 14486 14486 I wificond: wificond is starting up...
06-03 16:48:14.870 14481 14481 D Zygote64Timing: BeginIcuCachePinning took to complete: 2ms
06-03 16:48:14.928 14481 14481 D Zygote64Timing: PreloadClasses took to complete: 57ms
06-03 16:48:14.951 14481 14481 D Zygote64Timing: PreloadResources took to complete: 23ms
06-03 16:48:14.981 14481 14481 D Zygote64Timing: ZygotePreload took to complete: 113ms
06-03 16:48:14.988 14481 14481 D Zygote64Timing: PostZygoteInitGC took to complete: 6ms
06-03 16:48:14.988 14481 14481 D Zygote64Timing: ZygoteInit took to complete: 120ms
06-03 16:48:15.018 14534 14534 I chatty  : uid=1000 system_server expire 154 lines
06-03 16:48:15.051 14534 14547 I chatty  : uid=1000 system_server expire 2 lines
06-03 16:48:15.066 14534 14552 I chatty  : uid=1000(system) batterystats-wo expire 7 lines
06-03 16:48:15.085 14534 14556 I chatty  : uid=1000(system) android.display expire 2 lines
06-03 16:48:15.126 14534 14572 I chatty  : uid=1000 system_server expire 1 line
06-03 16:48:15.134 14534 14569 I chatty  : uid=1000 system_server expire 4 lines
06-03 16:48:15.151 14534 14571 I chatty  : uid=1000 system_server expire 2 lines
06-03 16:48:15.161 14534 14575 I chatty  : uid=1000 system_server expire 3 lines
06-03 16:48:15.162 14534 14573 I chatty  : uid=1000 system_server expire 2 lines
06-03 16:48:15.164 14534 14576 I chatty  : uid=1000 system_server expire 1 line
06-03 16:48:15.177 14534 14534 I chatty  : uid=1000 system_server expire 6 lines
06-03 16:48:15.186 14534 14578 I chatty  : uid=1000 system_server expire 2 lines
06-03 16:48:15.191 14534 14534 I chatty  : uid=1000 system_server expire 225 lines
06-03 16:48:15.246 14534 14581 I chatty  : uid=1000 system_server expire 5 lines
06-03 16:48:15.246 14534 14582 I chatty  : uid=1000 system_server expire 3 lines
06-03 16:48:15.250 14534 14547 I chatty  : uid=1000 system_server expire 9 lines
06-03 16:48:15.283 14534 14578 I chatty  : uid=1000 system_server expire 3 lines
06-03 16:48:19.446 14534 14556 I chatty  : uid=1000(system) android.display expire 1 line
06-03 16:48:19.462 14534 14548 I chatty  : uid=1000(system) android.bg expire 1 line
06-03 16:48:19.466 14534 14591 I chatty  : uid=1000(system) StorageManagerS expire 7 lines
06-03 16:48:19.470 14534 14593 I chatty  : uid=1000(system) CryptdConnector expire 1 line
06-03 16:48:19.471 14534 14592 I chatty  : uid=1000(system) VoldConnector expire 1 line
06-03 16:48:19.473 14534 14594 I chatty  : uid=1000(system) NetdConnector expire 1 line
06-03 16:48:19.476 14534 14591 I chatty  : uid=1000(system) StorageManagerS expire 98 lines
06-03 16:48:19.485 14534 14592 I chatty  : uid=1000(system) VoldConnector expire 1 line
06-03 16:48:19.485 14534 14534 I chatty  : uid=1000 system_server expire 147 lines
06-03 16:48:19.527 14534 14588 I chatty  : uid=1000(system) HwBinder:14534_ expire 1 line
06-03 16:48:19.534 14534 14578 I chatty  : uid=1000 system_server expire 2 lines
06-03 16:48:19.534 14534 14589 I chatty  : uid=1000(system) InputDispatcher expire 2 lines
06-03 16:48:19.538 14534 14534 I chatty  : uid=1000 system_server expire 145 lines
06-03 16:48:19.549 14534 14603 I chatty  : uid=1000(system) ConnectivitySer expire 1 line
06-03 16:48:19.549 14486 14486 I wificond: create scanner for interface with index: 5
06-03 16:48:19.549 14486 14486 I wificond: subscribe scan result for interface with index: 5
06-03 16:48:19.549 14486 14486 E wificond: No Offload Service available
06-03 16:48:19.549 14486 14486 I wificond: Offload HAL not supported 
06-03 16:48:19.552 14534 14558 I chatty  : uid=1000(system) PowerManagerSer expire 1 line
06-03 16:48:19.555 14534 14556 I chatty  : uid=1000(system) android.display expire 2 lines
06-03 16:48:19.566 14534 14555 I chatty  : uid=1000(system) android.io expire 4 lines
06-03 16:48:19.592 14534 14591 I chatty  : uid=1000(system) StorageManagerS expire 7 lines
06-03 16:48:19.592  2106  2110 D vold    : e4crypt_unlock_user_key 0 serial=0 token_present=0
06-03 16:48:19.592 14534 14593 I chatty  : uid=1000(system) CryptdConnector expire 1 line
06-03 16:48:19.592 14534 14549 I chatty  : uid=1000(system) ActivityManager expire 1 line
06-03 16:48:19.592 14534 14592 I chatty  : uid=1000(system) VoldConnector expire 13 lines
06-03 16:48:19.604 14534 14611 I chatty  : uid=1000(system) AudioService expire 1 line
06-03 16:48:19.605 14534 14587 I chatty  : uid=1000(system) HwBinder:14534_ expire 1 line
06-03 16:48:19.606 14534 14582 I chatty  : uid=1000 system_server expire 6 lines
06-03 16:48:19.610 14534 14677 I chatty  : uid=1000(system) UsbService host expire 7 lines
06-03 16:48:19.614 14534 14596 I chatty  : uid=1000(system) NetworkPolicy expire 1 line
06-03 16:48:19.616 14661 14661 D SystemUIBootTiming: StartServicesDependency took to complete: 0ms
06-03 16:48:19.618 14661 14661 D SystemUIBootTiming: StartServicesNotificationChannels took to complete: 2ms
06-03 16:48:19.618 14661 14661 D SystemUIBootTiming: StartServicesCommandQueueStart took to complete: 0ms
06-03 16:48:19.639 14534 14554 I chatty  : uid=1000(system) android.fg expire 3 lines
06-03 16:48:19.640  2106  2109 V vold    : Waiting for FUSE to spin up...
06-03 16:48:19.642 14643 14823 E ActivityThread: Failed to find provider info for user_dictionary
06-03 16:48:19.645 14661 14661 D SystemUIBootTiming: StartServicesKeyguardViewMediator took to complete: 28ms
06-03 16:48:19.652 14534 14545 I chatty  : uid=1000(system) Binder:14534_1 expire 2 lines
06-03 16:48:19.652 14661 14661 D SystemUIBootTiming: StartServicesRecents took to complete: 7ms
06-03 16:48:19.653 14534 14552 I chatty  : uid=1000(system) batterystats-wo expire 4 lines
06-03 16:48:19.679 14661 14661 D SystemUIBootTiming: StartServicesVolumeUI took to complete: 26ms
06-03 16:48:19.683 14661 14661 D SystemUIBootTiming: StartServicesDivider took to complete: 4ms
06-03 16:48:19.698 14534 14806 I chatty  : uid=1000(system) Binder:14534_6 expire 3 lines
06-03 16:48:19.738 14661 14661 I StatusBar: isKeyguardShowing() called before startKeyguard(), returning true
06-03 16:48:19.743 14661 14661 I chatty  : uid=10033(com.android.systemui) identical 1 line
06-03 16:48:19.750 14661 14661 I StatusBar: isKeyguardShowing() called before startKeyguard(), returning true
06-03 16:48:19.755 14661 14878 E ActivityThread: Failed to find provider info for com.android.contacts
06-03 16:48:19.756 14661 14661 D SystemUIBootTiming: StartServicesSystemBars took to complete: 73ms
06-03 16:48:19.758 14661 14661 D SystemUIBootTiming: StartServicesStorageNotification took to complete: 1ms
06-03 16:48:19.759 14661 14661 D SystemUIBootTiming: StartServicesPowerUI took to complete: 1ms
06-03 16:48:19.759 14661 14661 D SystemUIBootTiming: StartServicesRingtonePlayer took to complete: 0ms
06-03 16:48:19.759 14661 14661 D SystemUIBootTiming: StartServicesKeyboardUI took to complete: 1ms
06-03 16:48:19.762 14661 14661 D SystemUIBootTiming: StartServicesPipUI took to complete: 3ms
06-03 16:48:19.762 14661 14661 D SystemUIBootTiming: StartServicesShortcutKeyDispatcher took to complete: 0ms
06-03 16:48:19.762 14661 14661 D SystemUIBootTiming: StartServicesVendorServices took to complete: 0ms
06-03 16:48:19.763 14661 14661 D SystemUIBootTiming: StartServicesService took to complete: 0ms
06-03 16:48:19.763 14661 14661 D SystemUIBootTiming: StartServicesLatencyTester took to complete: 0ms
06-03 16:48:19.763 14661 14661 D SystemUIBootTiming: StartServicesGlobalActionsComponent took to complete: 0ms
06-03 16:48:19.763 14661 14661 D SystemUIBootTiming: StartServicesRoundedCorners took to complete: 1ms
06-03 16:48:19.763 14661 14661 D SystemUIBootTiming: StartServices took to complete: 148ms
06-03 16:48:19.793 14661 14883 E ActivityThread: Failed to find provider info for com.android.contacts
06-03 16:48:19.796 14661 14895 E ActivityThread: Failed to find provider info for com.android.contacts
06-03 16:48:19.816 14534 14598 I chatty  : uid=1000(system) WifiService expire 1 line
06-03 16:48:49.653 14534 14534 I chatty  : uid=1000 system_server expire 35 lines
06-03 16:48:49.659 14534 14548 I chatty  : uid=1000(system) android.bg expire 5 lines
06-03 16:48:49.660 14661 14879 E ActivityThread: Failed to find provider info for com.android.contacts
06-03 16:48:49.667 14534 14555 I chatty  : uid=1000(system) android.io expire 17 lines
06-03 16:48:49.683 14534 14806 I chatty  : uid=1000(system) Binder:14534_6 expire 2 lines
06-03 16:48:49.686 14534 14609 I chatty  : uid=1000(system) onProviders.ECP expire 2 lines
06-03 16:48:49.711 14534 14603 I chatty  : uid=1000(system) ConnectivitySer expire 4 lines
06-03 16:48:49.718 14922 14922 I TelecomFramework: TtyManager: updateUiTtyMode -1 -> 0
06-03 16:48:49.719 14922 14984 E ActivityThread: Failed to find provider info for com.android.contacts
06-03 16:48:49.736 14922 14922 I TelecomFramework: AccountEntry: Registered phoneAccount: [[ ] PhoneAccount: ComponentInfo{com.android.phone/com.android.services.telephony.TelephonyConnectionService}, [e0184adedf913b076626646d3f52c3b49c39ad6d], UserHandle{0} Capabilities: CallProvider MultiUser PlaceEmerg SimSub  Audio Routes: BESW Schemes: tel voicemail  Extras: Bundle[{android.telecom.extra.SUPPORTS_VIDEO_CALLING_FALLBACK=false}] GroupId: [da39a3ee5e6b4b0d3255bfef95601890afd80709]] with handle: ComponentInfo{com.android.phone/com.android.services.telephony.TelephonyConnectionService}, [e0184adedf913b076626646d3f52c3b49c39ad6d], UserHandle{0}
06-03 16:48:49.736 14922 14922 I TelecomFramework: PstnIncomingCallNotifier: Registering: Handler (com.android.internal.telephony.GsmCdmaPhone) {2598765}
06-03 16:48:49.737 14922 14922 I TelecomFramework: PstnPhoneCapabilitiesNotifier: handleVideoCapabilitesChanged. Video capability - false
06-03 16:48:49.798 14534 14556 I chatty  : uid=1000(system) android.display expire 13 lines
06-03 16:48:49.804  2106  2110 D vold    : e4crypt_prepare_user_storage for volume null, user 0, serial 0, flags 2
06-03 16:48:49.804  2106  2110 D vold    : Preparing: /data/system_ce/0
06-03 16:48:49.804  2106  2110 D vold    : Preparing: /data/misc_ce/0
06-03 16:48:49.804  2106  2110 D vold    : Preparing: /data/media/0
06-03 16:48:49.804  2106  2110 D vold    : Preparing: /data/data
06-03 16:48:49.804 14534 14593 I chatty  : uid=1000(system) CryptdConnector expire 1 line
06-03 16:48:49.819 14534 14549 I chatty  : uid=1000(system) ActivityManager expire 26 lines
06-03 16:48:49.819  2106  2109 D vold    : Linking /storage/emulated/0 to /mnt/user/0/primary
06-03 16:48:49.819 14534 14592 I chatty  : uid=1000(system) VoldConnector expire 1 line
06-03 16:48:49.820 14534 14591 I chatty  : uid=1000(system) StorageManagerS expire 1 line
06-03 16:48:49.837 14534 15035 I chatty  : uid=1000(system) backup expire 2 lines
06-03 16:48:49.845 14534 14865 I chatty  : uid=1000(system) Binder:14534_7 expire 1 line
06-03 16:48:49.851 14534 14554 I chatty  : uid=1000(system) android.fg expire 1 line
06-03 16:48:49.865 14534 14550 I chatty  : uid=1000(system) android.ui expire 1 line
06-03 16:48:49.869 14534 14549 I chatty  : uid=1000(system) ActivityManager expire 15 lines
06-03 16:48:49.894 14534 15035 I chatty  : uid=1000(system) backup expire 1 line
06-03 16:48:49.894 14534 14548 I chatty  : uid=1000(system) android.bg expire 4 lines
06-03 16:48:49.906 14534 14805 I chatty  : uid=1000(system) Binder:14534_5 expire 5 lines
06-03 16:48:49.920 14534 14659 I chatty  : uid=1000(system) Binder:14534_4 expire 3 lines
06-03 16:48:49.935 14534 14546 I chatty  : uid=1000(system) Binder:14534_2 expire 5 lines
06-03 16:48:49.963 15077 15077 W KeyphraseEnrollmentInfo: No enrollment application supports the given keyphrase/locale: 'Ok Google'/cmn_CN_#Hans
06-03 16:48:49.979 14534 15180 I chatty  : uid=1000(system) Binder:14534_8 expire 16 lines
06-03 16:48:49.991 14534 15263 I chatty  : uid=1000(system) Binder:14534_9 expire 3 lines
06-03 16:48:50.047 14534 14865 I chatty  : uid=1000(system) Binder:14534_7 expire 4 lines
06-03 16:48:50.063 14534 15409 I chatty  : uid=1000 system_server expire 1 line
06-03 16:48:50.069 14534 14534 I chatty  : uid=1000 system_server expire 9 lines
06-03 16:48:50.159 14534 14658 I chatty  : uid=1000(system) Binder:14534_3 expire 5 lines
06-03 16:48:50.447 15763 15789 D ActivityThread: Loading provider com.google.android.gmail.provider;com.android.mail.notifier;com.google.android.gm.email.provider;com.google.android.gm.tasks.provider;com.google.android.gm.email.notifier: com.android.email.provider.EmailProvider
06-03 16:48:50.469 14534 14806 I chatty  : uid=1000(system) Binder:14534_6 expire 20 lines
06-03 16:48:50.515 15239 15778 V PackageManager: [c68c602e-db09-42c8-80e8-9622db41f7bd] Phase1 called; posting
06-03 16:48:50.518 15239 15239 D PackageManager: [c68c602e-db09-42c8-80e8-9622db41f7bd] Phase1 request; prefix: [-474955776]
--------- beginning of main
06-03 16:48:50.655 15987 15987 I ls      : type=1400 audit(0.0:2239): avc: denied { getattr } for path="/dev/block/nvme0n1p4" dev="tmpfs" ino=901 scontext=u:r:platform_app:s0:c512,c768 tcontext=u:object_r:block_device:s0 tclass=blk_file permissive=1
06-03 16:48:50.655 15987 15987 I ls      : type=1400 audit(0.0:2240): avc: denied { getattr } for path="/dev/block/loop5" dev="tmpfs" ino=8146 scontext=u:r:platform_app:s0:c512,c768 tcontext=u:object_r:loop_device:s0 tclass=blk_file permissive=1
06-03 16:48:50.656 15102 15962 I org.android_x86.analytics: android::hardware::configstore::V1_0::ISurfaceFlingerConfigs::hasWideColorDisplay retrieved: 0
06-03 16:48:50.658 15102 15962 D vndksupport: Loading /vendor/lib64/hw/android.hardware.graphics.mapper@2.0-impl.so from current namespace instead of sphal namespace.
06-03 16:48:50.658 15102 15962 D vndksupport: Loading /vendor/lib64/hw/gralloc.drm.so from current namespace instead of sphal namespace.
06-03 16:48:50.659 15386 15701 I chatty  : uid=10014(com.google.android.gms) lowpool[1] expire 2 lines
06-03 16:48:50.660 15994 15994 D su      : su invoked.
06-03 16:48:50.662 15102 15962 D vndksupport: Loading /vendor/lib64/hw/android.hardware.graphics.allocator@2.0-impl.so from current namespace instead of sphal namespace.
06-03 16:48:50.662 15102 15962 D vndksupport: Loading /vendor/lib64/hw/gralloc.drm.so from current namespace instead of sphal namespace.
06-03 16:48:50.664 15386 15816 I chatty  : uid=10014(com.google.android.gms) expire 5 lines
06-03 16:48:50.664 15998 15998 D su      : starting daemon client 10024 0
06-03 16:48:50.665 15102 15962 D AnalyticsHelper: send CustomEvent {Category: system:hardware_info Action: has_battery Package: org.android_x86.analytics Label: battery Value: null Sampling: true}
06-03 16:48:50.666 15102 15962 D LogHelper: Google Analytics log entry: {&ea=has_battery, &ec=system:hardware_info, &cd13=240, &el=battery, &cd12=1920 * 1080 60Hz, &t=event, &an=org.android_x86.analytics, &ev=null, &cd1=eng, &cd5=8.1.0-eng.root.20190529.043740, &cd3=openthos, &cd4=Z1-520V}
06-03 16:48:50.667 16005 16005 D su      : connecting client 15993
06-03 16:48:50.668 15239 15991 I chatty  : uid=10014(com.google.android.gms) Binder:15239_8 expire 3 lines
06-03 16:48:50.669 16008 16008 D su      : remote pid: 15993
06-03 16:48:50.672 15661 15779 I Finsky  : [165] com.google.android.finsky.contentfilterui.m.a(13): Received content filters request from sharedUserId=com.google.uid.shared:10014
06-03 16:48:50.673 16009 16009 D su      : remote pts_slave: 
06-03 16:48:50.674 16012 16012 I chatty  : uid=10014 com.google.android.gms.ui expire 7 lines
06-03 16:48:50.675 16011 16011 D su      : remote uid: 10024
06-03 16:48:50.677 16024 16024 D su      : remote req pid: 15965
06-03 16:48:50.679 16027 16027 D su      : remote args: 3
06-03 16:48:50.681 16031 16031 D su      : su invoked.
06-03 16:48:50.681 16029 16029 D su      : waiting for child exit
06-03 16:48:50.684 16032 16032 D su      : db allowed
06-03 16:48:50.687 16036 16036 D su      : 10024 /system/bin/app_process64 executing 0 mount using binary /system/bin/sh : sh -c mount
06-03 16:48:50.694 14534 15263 I chatty  : uid=1000(system) Binder:14534_9 expire 11 lines
06-03 16:48:50.696 15239 16050 I chatty  : uid=10014 com.google.android.gms.persistent expire 1 line
06-03 16:48:50.698 16044 16044 D su      : sending code
06-03 16:48:50.702 15239 15239 I chatty  : uid=10014 com.google.android.gms.persistent expire 18 lines
06-03 16:48:50.702 15386 16010 I chatty  : uid=10014(com.google.android.gms) expire 2 lines
06-03 16:48:50.703 15386 15828 I chatty  : uid=10014(com.google.android.gms) expire 4 lines
06-03 16:48:50.704 16055 16055 D su      : client exited 0
06-03 16:48:50.705 15386 15930 I chatty  : uid=10014(com.google.android.gms) highpool[1] expire 6 lines
06-03 16:48:50.706 16054 16054 D su      : child exited
06-03 16:48:50.716 16064 16064 D su      : su invoked.
06-03 16:48:50.724 16069 16069 D su      : starting daemon client 10024 0
06-03 16:48:50.728 16073 16073 D su      : connecting client 16063
06-03 16:48:50.730 15386 15844 I chatty  : uid=10014(com.google.android.gms) expire 4 lines
06-03 16:48:50.734 16085 16085 D su      : remote pid: 16063
06-03 16:48:50.740 16086 16086 D su      : remote pts_slave: 
06-03 16:48:50.741 16012 16082 I chatty  : uid=10014 com.google.android.gms.ui expire 1 line
06-03 16:48:50.744 15239 15501 I chatty  : uid=10014(com.google.android.gms) GoogleApiHandle expire 5 lines
06-03 16:48:50.746 16087 16087 D su      : remote uid: 10024
06-03 16:48:50.749 16090 16090 D su      : remote req pid: 15965
06-03 16:48:50.750 15239 15818 I chatty  : uid=10014 com.google.android.gms.persistent expire 5 lines
06-03 16:48:50.751 16094 16094 D su      : remote args: 3
06-03 16:48:50.753 14534 14806 I chatty  : uid=1000(system) Binder:14534_6 expire 19 lines
06-03 16:48:50.754 16098 16098 D su      : waiting for child exit
06-03 16:48:50.757 16102 16102 D su      : su invoked.
06-03 16:48:50.760 16104 16104 D su      : db allowed
06-03 16:48:50.763 16107 16107 D su      : 10024 /system/bin/app_process64 executing 0 sgdisk --print /dev/block/nvme0n1 using binary /system/bin/sh : sh -c sgdisk --print /dev/block/nvme0n1
06-03 16:48:50.767 15239 15628 I chatty  : uid=10014 com.google.android.gms.persistent expire 1 line
06-03 16:48:50.772 15239 15676 I chatty  : uid=10014(com.google.android.gms) lowpool[3] expire 7 lines
06-03 16:48:50.772 16116 16116 D su      : sending code
06-03 16:48:50.778 16122 16122 D su      : client exited 0
06-03 16:48:50.782 16121 16121 D su      : child exited
06-03 16:48:50.783 15239 16128 I chatty  : uid=10014(com.google.android.gms) Binder:15239_B expire 4 lines
06-03 16:48:50.786 15386 16078 I chatty  : uid=10014(com.google.android.gms) expire 1 line
06-03 16:48:50.791 16134 16134 D su      : su invoked.
06-03 16:48:50.793 15724 15894 I chatty  : uid=10014(com.google.android.gms) Binder:15724_5 expire 64 lines
06-03 16:48:50.794 16144 16144 D su      : starting daemon client 10024 0
06-03 16:48:50.795 15239 15572 I chatty  : uid=10014 com.google.android.gms.persistent expire 14 lines
06-03 16:48:50.797 16035 16035 D AndroidRuntime: >>>>>> START com.android.internal.os.RuntimeInit uid 0 <<<<<<
06-03 16:48:50.803 16150 16150 D su      : connecting client 16133
06-03 16:48:50.811 16159 16159 D su      : remote pid: 16133
06-03 16:48:50.819 16163 16163 D su      : remote pts_slave: 
06-03 16:48:50.819 15239 16127 I chatty  : uid=10014 com.google.android.gms.persistent expire 1 line
06-03 16:48:50.825 16167 16167 D su      : remote uid: 10024
06-03 16:48:50.825 14534 15604 I chatty  : uid=1000(system) Binder:14534_B expire 7 lines
06-03 16:48:50.826 15386 15703 I chatty  : uid=10014(com.google.android.gms) lowpool[2] expire 2 lines
06-03 16:48:50.829 16035 16035 W /system/bin/app_process: Unexpected CPU variant for X86 using defaults: x86_64
06-03 16:48:50.830 16035 16035 I /system/bin/app_process: The ClassLoaderContext is a special shared library.
06-03 16:48:50.832 15239 16157 I chatty  : uid=10014 com.google.android.gms.persistent expire 1 line
06-03 16:48:50.833 15239 15955 I chatty  : uid=10014(com.google.android.gms) highpool[3] expire 2 lines
06-03 16:48:50.834 16170 16170 D su      : remote req pid: 15965
06-03 16:48:50.840 16035 16035 D AndroidRuntime: Calling main entry com.android.commands.am.Am
06-03 16:48:50.842 16177 16177 D su      : remote args: 3
06-03 16:48:50.845 16185 16185 D su      : waiting for child exit
06-03 16:48:50.849 16187 16187 D su      : su invoked.
06-03 16:48:50.852 15239 15239 E ActivityThread: Failed to find provider info for com.google.android.gms.common.phenotype
06-03 16:48:50.852 16188 16188 D su      : db allowed
06-03 16:48:50.855 16190 16190 D su      : 10024 /system/bin/app_process64 executing 0 blkid using binary /system/bin/sh : sh -c blkid
06-03 16:48:50.881 16199 16199 D su      : sending code
06-03 16:48:50.883 16201 16201 D su      : child exited
06-03 16:48:50.883 16200 16200 D su      : client exited 0
06-03 16:48:50.887 16206 16206 W zygote64: Unexpected CPU variant for X86 using defaults: x86_64
06-03 16:48:50.889 16210 16210 D su      : su invoked.
06-03 16:48:50.890 16106 16106 D AndroidRuntime: >>>>>> START com.android.internal.os.RuntimeInit uid 0 <<<<<<
06-03 16:48:50.895 16221 16221 D su      : starting daemon client 10024 0
06-03 16:48:50.898 16222 16222 D su      : connecting client 16205
06-03 16:48:50.899 15239 15496 I chatty  : uid=10014(com.google.android.gms) FlpThread expire 1 line
06-03 16:48:50.901 16225 16225 D su      : remote pid: 16205
06-03 16:48:50.903 16229 16229 I chatty  : uid=10083(com.seafile.seadroid2.debug) expire 53 lines
06-03 16:48:50.903 16228 16228 D su      : remote pts_slave: 
06-03 16:48:50.905 16234 16234 D su      : remote uid: 10024
06-03 16:48:50.908 16235 16235 D su      : remote req pid: 15965
06-03 16:48:50.910 16236 16236 D su      : remote args: 3
06-03 16:48:50.911 14534 14545 I chatty  : uid=1000(system) Binder:14534_1 expire 1 line
06-03 16:48:50.911 15239 16158 I chatty  : uid=10014(com.google.android.gms) NearbyMessages expire 2 lines
06-03 16:48:50.913 14534 14549 I chatty  : uid=1000(system) ActivityManager expire 12 lines
06-03 16:48:50.914 16247 16247 D su      : su invoked.
06-03 16:48:50.915 16245 16245 D su      : waiting for child exit
06-03 16:48:50.917 14661 16254 W MediaPlayer: Couldn't open content://0@settings/system/notification_sound_cache: java.io.FileNotFoundException: open failed: ENOENT (No such file or directory)
06-03 16:48:50.917 14661 16254 W MediaPlayer: Couldn't open null: java.lang.NullPointerException: uri
06-03 16:48:50.917 16106 16106 W /system/bin/app_process: Unexpected CPU variant for X86 using defaults: x86_64
06-03 16:48:50.917 16252 16252 D su      : db allowed
06-03 16:48:50.918 15239 16178 I chatty  : uid=10014(com.google.android.gms) NearbyDirectMai expire 13 lines
06-03 16:48:50.918 16106 16106 I /system/bin/app_process: The ClassLoaderContext is a special shared library.
06-03 16:48:50.918 14484 14509 E MediaPlayerService: Couldn't open fd for content://settings/system/notification_sound
06-03 16:48:50.918 14661 16254 E MediaPlayerNative: Unable to create media player
06-03 16:48:50.919 14661 16254 W RingtonePlayer: error loading sound for content://settings/system/notification_sound
06-03 16:48:50.919 14661 16254 W RingtonePlayer: java.io.IOException: setDataSource failed.: status=0x80000000
06-03 16:48:50.919 14661 16254 W RingtonePlayer: 	at android.media.MediaPlayer.nativeSetDataSource(Native Method)
06-03 16:48:50.919 14661 16254 W RingtonePlayer: 	at android.media.MediaPlayer.setDataSource(MediaPlayer.java:1172)
06-03 16:48:50.919 14661 16254 W RingtonePlayer: 	at android.media.MediaPlayer.setDataSource(MediaPlayer.java:1160)
06-03 16:48:50.919 14661 16254 W RingtonePlayer: 	at android.media.MediaPlayer.setDataSource(MediaPlayer.java:1071)
06-03 16:48:50.919 14661 16254 W RingtonePlayer: 	at android.media.MediaPlayer.setDataSource(MediaPlayer.java:1003)
06-03 16:48:50.919 14661 16254 W RingtonePlayer: 	at com.android.systemui.media.NotificationPlayer$CreationAndCompletionThread.run(NotificationPlayer.java:101)
06-03 16:48:50.921 15239 15921 I chatty  : uid=10014(com.google.android.gms) Binder:15239_7 expire 4 lines
06-03 16:48:50.924 16257 16257 D su      : 10024 /system/bin/app_process64 executing 0 mount using binary /system/bin/sh : sh -c mount
06-03 16:48:50.927 16106 16106 D AndroidRuntime: Calling main entry com.android.commands.am.Am
06-03 16:48:50.933 16267 16267 D su      : sending code
06-03 16:48:50.935 16269 16269 D su      : client exited 0
06-03 16:48:50.936 16268 16268 D su      : child exited
06-03 16:48:50.941 16274 16274 D su      : su invoked.
06-03 16:48:50.944 16275 16275 D su      : starting daemon client 10024 0
06-03 16:48:50.944 16189 16189 D AndroidRuntime: >>>>>> START com.android.internal.os.RuntimeInit uid 0 <<<<<<
06-03 16:48:50.946 16276 16276 D su      : connecting client 16273
06-03 16:48:50.948 16279 16279 D su      : remote pid: 16273
06-03 16:48:50.951 16280 16280 D su      : remote pts_slave: 
06-03 16:48:50.953 16281 16281 D su      : remote uid: 10024
06-03 16:48:50.955 16282 16282 D su      : remote req pid: 15965
06-03 16:48:50.958 16283 16283 D su      : remote args: 3
06-03 16:48:50.960 16287 16287 D su      : su invoked.
06-03 16:48:50.961 16285 16285 D su      : waiting for child exit
06-03 16:48:50.962 16288 16288 D su      : db allowed
06-03 16:48:50.965 16290 16290 D su      : 10024 /system/bin/app_process64 executing 0 busybox mount --bind /sdcard/samba /storage/samba using binary /system/bin/sh : sh -c busybox mount --bind /sdcard/samba /storage/samba
06-03 16:48:50.969 15965 16203 I OtoFileManager: mount: mounting /sdcard/samba on /storage/samba failed: No such file or directory
06-03 16:48:50.970 16189 16189 W /system/bin/app_process: Unexpected CPU variant for X86 using defaults: x86_64
06-03 16:48:50.971 16189 16189 I /system/bin/app_process: The ClassLoaderContext is a special shared library.
06-03 16:48:50.972 16291 16291 D su      : sending code
06-03 16:48:50.974 16299 16299 D su      : client exited 255
06-03 16:48:50.974 16298 16298 D su      : child exited
06-03 16:48:50.981 16189 16189 D AndroidRuntime: Calling main entry com.android.commands.am.Am
06-03 16:48:51.010 16256 16256 D AndroidRuntime: >>>>>> START com.android.internal.os.RuntimeInit uid 0 <<<<<<
06-03 16:48:51.035 16256 16256 W /system/bin/app_process: Unexpected CPU variant for X86 using defaults: x86_64
06-03 16:48:51.035 16256 16256 I /system/bin/app_process: The ClassLoaderContext is a special shared library.
06-03 16:48:51.037 15145 15242 W BlobLobber: Not processing download id 9, not a BlobLobber blob
06-03 16:48:51.037 15145 15242 W BlobLobber: Notification for download id 9 which we didn't know or failed
06-03 16:48:51.041 15145 15145 I DownloadCompleteRrvr: Download Completed
06-03 16:48:51.042 15145 16314 I ModelDnldProcssHelpr: Ignoring download ID 9, hotword model id is 10
06-03 16:48:51.042 15145 16309 W LanguagePackUpdateContr: Querying download manager failed for ID : 9
06-03 16:48:51.044 15145 15242 E DownloadManagerWrapper: Can't find downloadId=9
06-03 16:48:51.047 16289 16289 D AndroidRuntime: >>>>>> START com.android.internal.os.RuntimeInit uid 0 <<<<<<
06-03 16:48:51.048 16256 16256 D AndroidRuntime: Calling main entry com.android.commands.am.Am
06-03 16:48:51.056 15403 15403 D AndroidRuntime: Shutting down VM
06-03 16:48:51.063 14534 14586 I chatty  : uid=1000(system) AlarmManager expire 1 line
06-03 16:48:51.068 15145 15145 W SearchService: Abort, client detached.
06-03 16:48:51.076 16289 16289 W /system/bin/app_process: Unexpected CPU variant for X86 using defaults: x86_64
06-03 16:48:51.076 16289 16289 I /system/bin/app_process: The ClassLoaderContext is a special shared library.
06-03 16:48:51.085 16289 16289 D AndroidRuntime: Calling main entry com.android.commands.am.Am
06-03 16:48:51.656 14534 14556 I chatty  : uid=1000(system) android.display expire 3 lines
06-03 16:48:51.930  2131  2131 E SurfaceFlinger: [Sprite#0] rejecting buffer: bufWidth=38, bufHeight=38, front.active.{w=33, h=42}
06-03 16:48:51.997  2131  2131 E SurfaceFlinger: [Sprite#0] rejecting buffer: bufWidth=38, bufHeight=38, front.active.{w=33, h=42}
06-03 16:48:52.230  2131  2131 E SurfaceFlinger: [Sprite#0] rejecting buffer: bufWidth=38, bufHeight=38, front.active.{w=33, h=42}
06-03 16:48:52.513  2131  2131 E SurfaceFlinger: [Sprite#0] rejecting buffer: bufWidth=38, bufHeight=38, front.active.{w=33, h=42}
06-03 16:48:53.053  2131  2131 D SurfaceFlinger: duplicate layer name: changing Toast to Toast#1
06-03 16:48:53.055 14936 14936 I RenderThread: type=1400 audit(0.0:2272): avc: denied { getattr } for path="/dev/dri/card0" dev="tmpfs" ino=2397 scontext=u:r:system_app:s0 tcontext=u:object_r:device:s0 tclass=chr_file permissive=1
06-03 16:48:53.055 14936 14936 I RenderThread: type=1400 audit(0.0:2273): avc: denied { read } for name="dri" dev="tmpfs" ino=10566 scontext=u:r:system_app:s0 tcontext=u:object_r:device:s0 tclass=dir permissive=1
06-03 16:48:53.055 14936 14936 I RenderThread: type=1400 audit(0.0:2274): avc: denied { open } for path="/dev/dri" dev="tmpfs" ino=10566 scontext=u:r:system_app:s0 tcontext=u:object_r:device:s0 tclass=dir permissive=1
06-03 16:48:53.056 14936 14965 D vndksupport: Loading /vendor/lib64/hw/gralloc.drm.so from current namespace instead of sphal namespace.
06-03 16:48:53.057 14936 14936 I RenderThread: type=1400 audit(0.0:2275): avc: denied { ioctl } for path="/dev/dri/card0" dev="tmpfs" ino=2397 ioctlcmd=0x6446 scontext=u:r:system_app:s0 tcontext=u:object_r:device:s0 tclass=chr_file permissive=1
06-03 16:48:53.058 14936 14965 I EGL-MAIN: found extension DRI_Core version 2
06-03 16:48:53.058 14936 14965 I EGL-MAIN: found extension DRI_DRI2 version 4
06-03 16:48:53.065 14936 14936 I RenderThread: type=1400 audit(0.0:2276): avc: denied { map } for path=2F69393135202864656C6574656429 dev="tmpfs" ino=259840 scontext=u:r:system_app:s0 tcontext=u:object_r:system_app_tmpfs:s0 tclass=file permissive=1
06-03 16:48:53.065 14936 14965 I EGL-MAIN: found extension DRI_TexBuffer version 3
06-03 16:48:53.065 14936 14965 I EGL-MAIN: found extension DRI2_Flush version 4
06-03 16:48:53.065 14936 14965 I EGL-MAIN: found extension DRI_IMAGE version 16
06-03 16:48:53.065 14936 14965 I EGL-MAIN: found extension DRI2_Fence version 2
06-03 16:48:53.065 14936 14965 I EGL-MAIN: found extension DRI_IMAGE version 16
06-03 16:48:53.065 14936 14965 I EGL-MAIN: found extension DRI_RENDERER_QUERY version 1
06-03 16:48:53.065 14936 14965 I EGL-MAIN: found extension DRI_MutableRenderBufferDriver version 1
06-03 16:48:53.065 14936 14965 I EGL-MAIN: found extension DRI_CONFIG_QUERY version 1
06-03 16:48:53.065 14936 14965 I EGL-MAIN: found extension DRI_Robustness version 1
06-03 16:48:53.065 14936 14965 I EGL-MAIN: found extension DRI_NoError version 1
06-03 16:48:53.065 14936 14965 I EGL-MAIN: found extension DRI2_Blob version 1
06-03 16:48:53.065 14936 14965 I com.android.settings: android::hardware::configstore::V1_0::ISurfaceFlingerConfigs::hasWideColorDisplay retrieved: 0
06-03 16:48:53.065 14936 14965 E libEGL  : eglSetBlobCacheFuncsANDROID resulted in an error: 0x300c
06-03 16:48:53.065 14936 14965 I OpenGLRenderer: Initialized EGL, version 1.4
06-03 16:48:53.065 14936 14965 D OpenGLRenderer: Swap behavior 2
06-03 16:48:53.065 14936 14965 E OpenGLRenderer: Device claims wide gamut support, cannot find matching config, error = EGL_SUCCESS
06-03 16:48:53.162 14534 15180 I chatty  : uid=1000(system) Binder:14534_8 expire 10 lines
06-03 16:48:53.166 14486 14486 W wificond: Scan is not started. Ignore abort request
06-03 16:48:53.180  2131  2131 E SurfaceFlinger: [Sprite#0] rejecting buffer: bufWidth=38, bufHeight=38, front.active.{w=33, h=42}
06-03 16:48:53.181 14620 14620 I wpa_supplicant: wlan0: SME: Trying to authenticate with a0:63:91:d4:f9:89 (SSID='oslab' freq=2417 MHz)
06-03 16:48:53.192 14620 14620 I wpa_supplicant: wlan0: Trying to associate with a0:63:91:d4:f9:89 (SSID='oslab' freq=2417 MHz)
06-03 16:48:53.208 14620 14620 I wpa_supplicant: wlan0: Associated with a0:63:91:d4:f9:89
06-03 16:48:53.208 14620 14620 I wpa_supplicant: wlan0: CTRL-EVENT-SUBNET-STATUS-UPDATE status=0
06-03 16:48:53.274 14620 14620 I wpa_supplicant: wlan0: WPA: Key negotiation completed with a0:63:91:d4:f9:89 [PTK=CCMP GTK=CCMP]
06-03 16:48:53.274 14620 14620 I wpa_supplicant: wlan0: CTRL-EVENT-CONNECTED - Connection to a0:63:91:d4:f9:89 completed [id=0 id_str=%7B%22configKey%22%3A%22%5C%22oslab%5C%22WPA_PSK%22%2C%22creatorUid%22%3A%221000%22%7D]
06-03 16:48:53.278 14534 14599 I chatty  : uid=1000(system) WifiStateMachin expire 1 line
06-03 16:48:53.279 14534 14603 I chatty  : uid=1000(system) ConnectivitySer expire 7 lines
06-03 16:48:53.300 14534 16338 I chatty  : uid=1000(system) Thread-11 expire 3 lines
06-03 16:48:53.304 14534 16336 I chatty  : uid=1000(system) DhcpClient expire 8 lines
06-03 16:48:53.473 15724 15724 I chatty  : uid=10014 com.google.android.gms.unstable expire 5 lines
06-03 16:48:53.720 14661 14853 D LocalBluetoothProfileManager: Current Profiles[PAN]
06-03 16:48:53.720 14661 14853 D BluetoothMap: getConnectedDevices()
06-03 16:48:53.721 14661 14853 D BluetoothMap: getConnectionState(88:10:8F:15:53:3F)
06-03 16:48:53.723 14661 14853 D MapProfile: getConnectionStatus: status is: 0
06-03 16:48:53.723 14661 14853 D LocalBluetoothProfileManager: New Profiles[PAN]
06-03 16:48:54.238 14661 14661 V PanelBar: onTouch: no panel for touch at (9,36)
06-03 16:48:54.263 14661 14661 I RenderThread: type=1400 audit(0.0:2280): avc: denied { ioctl } for path="/dev/dri/card0" dev="tmpfs" ino=2397 ioctlcmd=0x6469 scontext=u:r:platform_app:s0:c512,c768 tcontext=u:object_r:device:s0 tclass=chr_file permissive=1
06-03 16:48:54.270 14661 14661 I RenderThread: type=1400 audit(0.0:2281): avc: denied { map } for path=2F69393135202864656C6574656429 dev="tmpfs" ino=258398 scontext=u:r:platform_app:s0:c512,c768 tcontext=u:object_r:platform_app_tmpfs:s0:c512,c768 tclass=file permissive=1
06-03 16:48:54.273 14534 14580 I chatty  : uid=1000(system) android.anim expire 11 lines
06-03 16:48:54.847  2131  2131 E SurfaceFlinger: [Sprite#0] rejecting buffer: bufWidth=38, bufHeight=38, front.active.{w=33, h=42}
06-03 16:48:54.979 15171 15224 I zygote64: Waiting for a blocking GC ProfileSaver
06-03 16:48:55.003 15171 15224 I zygote64: WaitForGcToComplete blocked ProfileSaver on AddRemoveAppImageSpace for 23.559ms
06-03 16:48:55.040 14534 15604 I chatty  : uid=1000(system) Binder:14534_B expire 2 lines
06-03 16:48:55.125 15413 15458 I zygote64: Waiting for a blocking GC ProfileSaver
06-03 16:48:55.321 15643 15659 I zygote64: Waiting for a blocking GC ProfileSaver
06-03 16:48:55.475 15763 15780 I zygote64: Waiting for a blocking GC ProfileSaver
06-03 16:48:55.483 15763 15780 I zygote64: Waiting for a blocking GC ProfileSaver
06-03 16:48:55.483 15763 15780 I zygote64: WaitForGcToComplete blocked ProfileSaver on HeapTrim for 7.576ms
06-03 16:48:55.502 15763 15796 W GAV2    : Thread[GAThread,5,main]: Service unavailable (code=1), will retry.
06-03 16:48:55.612 15901 15916 I zygote64: Waiting for a blocking GC ProfileSaver
06-03 16:48:55.649 15102 15979 W GAV3    : Thread[GAThread,5,main]: Service unavailable (code=1), will retry.
06-03 16:48:55.650 15102 15979 I GAV3    : Thread[GAThread,5,main]: No campaign data found.
06-03 16:48:55.689 15965 15985 I zygote64: Waiting for a blocking GC ProfileSaver
06-03 16:48:55.825 14661 14661 D StatusBar: disable<e i a s b h r c s q >
06-03 16:48:56.298 14661 14661 D ViewRootImpl[OpenthosStatusBar]: updatePointerIcon called with position out of bounds
06-03 16:48:56.299 14661 14661 D ViewRootImpl[StatusBar]: updatePointerIcon called with position out of bounds
06-03 16:48:56.414 14534 14611 I chatty  : uid=1000(system) AudioService expire 1 line
06-03 16:48:56.416 14487 14500 W DeviceHAL: Device 0xecd4b000 set_voice_volume: Function not implemented
06-03 16:48:56.421 14661 14661 I StatusBar: taskId 3 keep true cmpComponentInfo{com.seafile.seadroid2.debug/com.seafile.seadroid2.ui.activity.SplashActivity}
06-03 16:48:56.486 16229 16356 I chatty  : uid=10083(com.seafile.seadroid2.debug) expire 22 lines
06-03 16:48:56.544 14487 16364 I audio_hw_primary: choose pcmC0D0p for 0
06-03 16:48:56.547  2131  2131 E SurfaceFlinger: [Sprite#0] rejecting buffer: bufWidth=33, bufHeight=42, front.active.{w=38, h=38}
06-03 16:48:56.599  2130  2130 I lmkd    : type=1400 audit(0.0:2299): avc: denied { dac_read_search } for capability=2 scontext=u:r:lmkd:s0 tcontext=u:r:lmkd:s0 tclass=capability permissive=1
06-03 16:48:56.603 16229 16229 D ViewRootImpl[SplashActivity]: updatePointerIcon called with position out of bounds
06-03 16:48:56.615 16229 16229 D ViewRootImpl[SplashActivity]: updatePointerIcon called with position out of bounds
06-03 16:48:56.754 16229 16237 I chatty  : uid=10083(com.seafile.seadroid2.debug) expire 19 lines
06-03 16:48:57.081 14661 14853 D LocalBluetoothProfileManager: Current Profiles[PAN]
06-03 16:48:57.081 14661 14853 D BluetoothMap: getConnectedDevices()
06-03 16:48:57.082 14661 14853 D BluetoothMap: getConnectionState(88:10:8F:15:53:3F)
06-03 16:48:57.084 14661 14853 D MapProfile: getConnectionStatus: status is: 0
06-03 16:48:57.084 14661 14853 D LocalBluetoothProfileManager: New Profiles[PAN]
06-03 16:48:57.485 14661 14661 I StatusBar: taskId 3 keep true cmpComponentInfo{com.seafile.seadroid2.debug/com.seafile.seadroid2.ui.activity.SplashActivity}
06-03 16:48:57.602 16229 16366 I chatty  : uid=10083(com.seafile.seadroid2.debug) expire 2 lines
06-03 16:48:57.613 16229 16368 I chatty  : uid=10083(com.seafile.seadroid2.debug) expire 2 lines
06-03 16:48:57.614 16229 16369 I chatty  : uid=10083(com.seafile.seadroid2.debug) expire 8 lines
06-03 16:48:57.696 16229 16372 I chatty  : uid=10083(com.seafile.seadroid2.debug) expire 11 lines
06-03 16:48:58.320 14485 14523 D CommandListener: Setting iface cfg
06-03 16:48:58.329 14534 14552 I chatty  : uid=1000(system) batterystats-wo expire 3 lines
06-03 16:48:58.329 14534 14552 I chatty  : uid=1000(system) batterystats-wo expire 1 line
06-03 16:48:58.334     1     1 I init    : type=1400 audit(0.0:2303): avc: denied { dac_read_search } for capability=2 scontext=u:r:init:s0 tcontext=u:r:init:s0 tclass=capability permissive=1
06-03 16:48:58.334     1     1 I init    : type=1400 audit(0.0:2304): avc: denied { create } for name="cgroup.procs" scontext=u:r:init:s0 tcontext=u:object_r:cgroup:s0 tclass=file permissive=1
