--------- beginning of crash
06-03 09:14:51.108  4710  4710 F libc    : Fatal signal 6 (SIGABRT), code -6 in tid 4710 (main), pid 4710 (main)
06-03 09:14:51.117  4763  4763 F DEBUG   : *** *** *** *** *** *** *** *** *** *** *** *** *** *** *** ***
06-03 09:14:51.117  4763  4763 F DEBUG   : Build fingerprint: 'OPENTHOS/openthos_x86_64/openthos:8.1.0/OPM8.190105.002/root05290437:eng/test-keys'
06-03 09:14:51.117  4763  4763 F DEBUG   : Revision: '0'
06-03 09:14:51.117  4763  4763 F DEBUG   : ABI: 'x86_64'
06-03 09:14:51.117  4763  4763 F DEBUG   : pid: 4710, tid: 4710, name: main  >>> /system/bin/app_process64 <<<
06-03 09:14:51.117  4763  4763 F DEBUG   : signal 6 (SIGABRT), code -6 (SI_TKILL), fault addr --------
06-03 09:14:51.117  4763  4763 F DEBUG   : Abort message: 'java_vm_ext.cc:534] JNI DETECTED ERROR IN APPLICATION: JNI NewGlobalRef called with pending exception java.lang.ClassNotFoundException: Didn't find class "org.chromium.components.crash.browser.CrashpadMain" on path: DexPathList[[zip file "/system/app/Chromium/Chromium.apk"],nativeLibraryDirectories=[/system/app/Chromium/lib/x86_64, /system/app/Chromium/Chromium.apk!/lib/x86_64, /system/lib64, /system/vendor/lib64, /system/app/Chromium/lib/x86_64, /system/lib64, /system/vendor/lib64]]'
06-03 09:14:51.117  4763  4763 F DEBUG   :     rax 0000000000000000  rbx 0000000000001266  rcx 00007e76692ea738  rdx 0000000000000006
06-03 09:14:51.117  4763  4763 F DEBUG   :     rsi 0000000000001266  rdi 0000000000001266
06-03 09:14:51.117  4763  4763 F DEBUG   :     r8  00007e75e505c800  r9  00007e75e505c800  r10 00007e75e505c800  r11 0000000000000246
06-03 09:14:51.117  4763  4763 F DEBUG   :     r12 00007ffd11452f68  r13 0000000000000b18  r14 0000000000001266  r15 00007ffd11452f38
06-03 09:14:51.117  4763  4763 F DEBUG   :     cs  0000000000000033  ss  000000000000002b
06-03 09:14:51.117  4763  4763 F DEBUG   :     rip 00007e76692ea738  rbp 0000000000000002  rsp 00007ffd11452f08  eflags 0000000000000246
06-03 09:14:51.124  4763  4763 F DEBUG   : 
06-03 09:14:51.124  4763  4763 F DEBUG   : backtrace:
06-03 09:14:51.124  4763  4763 F DEBUG   :     #00 pc 0000000000027738  /system/lib64/libc.so (syscall+24)
06-03 09:14:51.124  4763  4763 F DEBUG   :     #01 pc 00000000000278d5  /system/lib64/libc.so (abort+101)
06-03 09:14:51.124  4763  4763 F DEBUG   :     #02 pc 000000000052f32e  /system/lib64/libart.so (art::Runtime::Abort(char const*)+558)
06-03 09:14:51.124  4763  4763 F DEBUG   :     #03 pc 00000000006341a8  /system/lib64/libart.so (android::base::LogMessage::~LogMessage()+1016)
06-03 09:14:51.124  4763  4763 F DEBUG   :     #04 pc 0000000000399339  /system/lib64/libart.so (art::JavaVMExt::JniAbort(char const*, char const*)+1657)
06-03 09:14:51.124  4763  4763 F DEBUG   :     #05 pc 00000000003994c2  /system/lib64/libart.so (art::JavaVMExt::JniAbortV(char const*, char const*, __va_list_tag*)+82)
06-03 09:14:51.124  4763  4763 F DEBUG   :     #06 pc 0000000000178aab  /system/lib64/libart.so (art::ScopedCheck::AbortF(char const*, ...)+187)
06-03 09:14:51.124  4763  4763 F DEBUG   :     #07 pc 00000000001785b8  /system/lib64/libart.so (art::ScopedCheck::CheckThread(_JNIEnv*)+472)
06-03 09:14:51.124  4763  4763 F DEBUG   :     #08 pc 0000000000176871  /system/lib64/libart.so (art::ScopedCheck::Check(art::ScopedObjectAccess&, bool, char const*, art::JniValueType*)+801)
06-03 09:14:51.124  4763  4763 F DEBUG   :     #09 pc 000000000017962b  /system/lib64/libart.so (art::CheckJNI::NewRef(char const*, _JNIEnv*, _jobject*, art::IndirectRefKind)+779)
06-03 09:14:51.124  4763  4763 F DEBUG   :     #10 pc 0000000000002865  /system/bin/app_process64 (android::AppRuntime::onVmCreated(_JNIEnv*)+117)
06-03 09:14:51.124  4763  4763 F DEBUG   :     #11 pc 00000000000b9d8a  /system/lib64/libandroid_runtime.so (android::AndroidRuntime::start(char const*, android::Vector<android::String8> const&, bool)+410)
06-03 09:14:51.124  4763  4763 F DEBUG   :     #12 pc 000000000000252a  /system/bin/app_process64 (main+1482)
06-03 09:14:51.124  4763  4763 F DEBUG   :     #13 pc 00000000000b844c  /system/lib64/libc.so (__libc_init+76)
06-03 09:14:51.124  4763  4763 F DEBUG   :     #14 pc 0000000000001ed3  /system/bin/app_process64 (_start_main+75)
06-03 09:14:51.124  4763  4763 F DEBUG   :     #15 pc 0000000000001edf  /system/bin/app_process64 (_start+11)
06-03 09:14:51.201  4269  4269 F libc    : Fatal signal 6 (SIGABRT), code -6 in tid 4269 (chromium.chrome), pid 4269 (chromium.chrome)
06-03 09:14:51.212  4770  4770 F DEBUG   : *** *** *** *** *** *** *** *** *** *** *** *** *** *** *** ***
06-03 09:14:51.212  4770  4770 F DEBUG   : Build fingerprint: 'OPENTHOS/openthos_x86_64/openthos:8.1.0/OPM8.190105.002/root05290437:eng/test-keys'
06-03 09:14:51.212  4770  4770 F DEBUG   : Revision: '0'
06-03 09:14:51.212  4770  4770 F DEBUG   : ABI: 'x86_64'
06-03 09:14:51.212  4770  4770 F DEBUG   : pid: 4269, tid: 4269, name: chromium.chrome  >>> org.chromium.chrome <<<
06-03 09:14:51.212  4770  4770 F DEBUG   : signal 6 (SIGABRT), code -6 (SI_TKILL), fault addr --------
06-03 09:14:51.213  4770  4770 F DEBUG   : Abort message: '[FATAL:jni_android.cc(249)] Please include Java exception stack in crash report'
06-03 09:14:51.213  4770  4770 F DEBUG   :     rax 0000000000000000  rbx 00000000000010ad  rcx 00007a8f95d32738  rdx 0000000000000006
06-03 09:14:51.213  4770  4770 F DEBUG   :     rsi 00000000000010ad  rdi 00000000000010ad
06-03 09:14:51.213  4770  4770 F DEBUG   :     r8  00007ffdd64f1218  r9  00007ffdd64f1218  r10 00007ffdd64f1218  r11 0000000000000246
06-03 09:14:51.213  4770  4770 F DEBUG   :     r12 00007ffdd64f1240  r13 00007ffdd64f1880  r14 00000000000010ad  r15 00007ffdd64f11b8
06-03 09:14:51.213  4770  4770 F DEBUG   :     cs  0000000000000033  ss  000000000000002b
06-03 09:14:51.213  4770  4770 F DEBUG   :     rip 00007a8f95d32738  rbp 00007ffdd64f1890  rsp 00007ffdd64f1188  eflags 0000000000000246
06-03 09:14:51.371  4770  4770 F DEBUG   : 
06-03 09:14:51.371  4770  4770 F DEBUG   : backtrace:
06-03 09:14:51.371  4770  4770 F DEBUG   :     #00 pc 0000000000027738  /system/lib64/libc.so (syscall+24)
06-03 09:14:51.371  4770  4770 F DEBUG   :     #01 pc 00000000000278d5  /system/lib64/libc.so (abort+101)
06-03 09:14:51.371  4770  4770 F DEBUG   :     #02 pc 0000000000253792  /system/app/Chromium/Chromium.apk (offset 0x1a09000)
06-03 09:14:51.371  4770  4770 F DEBUG   :     #03 pc 000000000019e194  /system/app/Chromium/Chromium.apk (offset 0x1a09000)
06-03 09:14:51.371  4770  4770 F DEBUG   :     #04 pc 000000000026de69  /system/app/Chromium/Chromium.apk (offset 0x1a09000)
06-03 09:14:51.371  4770  4770 F DEBUG   :     #05 pc 000000000160be7c  /system/app/Chromium/Chromium.apk (offset 0x926e000)
06-03 09:14:51.371  4770  4770 F DEBUG   :     #06 pc 00000000020bc215  /system/app/Chromium/Chromium.apk (offset 0x926e000)
06-03 09:14:51.371  4770  4770 F DEBUG   :     #07 pc 00000000015e6628  /system/app/Chromium/Chromium.apk (offset 0x926e000)
06-03 09:14:51.371  4770  4770 F DEBUG   :     #08 pc 0000000002295e67  /system/app/Chromium/Chromium.apk (offset 0x926e000)
06-03 09:14:51.371  4770  4770 F DEBUG   :     #09 pc 0000000002295984  /system/app/Chromium/Chromium.apk (offset 0x926e000)
06-03 09:14:51.371  4770  4770 F DEBUG   :     #10 pc 000000000229593e  /system/app/Chromium/Chromium.apk (offset 0x926e000)
06-03 09:14:51.371  4770  4770 F DEBUG   :     #11 pc 000000000017ddb0  /system/app/Chromium/Chromium.apk (offset 0x1a09000)
06-03 09:14:51.371  4770  4770 F DEBUG   :     #12 pc 00000000001ea481  /system/app/Chromium/Chromium.apk (offset 0x1a09000)
06-03 09:14:51.371  4770  4770 F DEBUG   :     #13 pc 00000000001fff03  /system/app/Chromium/Chromium.apk (offset 0x1a09000)
06-03 09:14:51.371  4770  4770 F DEBUG   :     #14 pc 00000000002001b1  /system/app/Chromium/Chromium.apk (offset 0x1a09000)
06-03 09:14:51.371  4770  4770 F DEBUG   :     #15 pc 00000000001a80e7  /system/app/Chromium/Chromium.apk (offset 0x1a09000)
06-03 09:14:51.371  4770  4770 F DEBUG   :     #16 pc 00000000001a7de4  /system/app/Chromium/Chromium.apk (offset 0x1a09000)
06-03 09:14:51.371  4770  4770 F DEBUG   :     #17 pc 0000000000016234  /system/lib64/libutils.so (android::Looper::pollInner(int)+916)
06-03 09:14:51.371  4770  4770 F DEBUG   :     #18 pc 0000000000015e0e  /system/lib64/libutils.so (android::Looper::pollOnce(int, int*, int*, void**)+94)
06-03 09:14:51.371  4770  4770 F DEBUG   :     #19 pc 000000000011e5c5  /system/lib64/libandroid_runtime.so (android::android_os_MessageQueue_nativePollOnce(_JNIEnv*, _jobject*, long, int)+37)
06-03 09:14:51.371  4770  4770 F DEBUG   :     #20 pc 00000000007f003b  /system/framework/x86_64/boot-framework.oat (offset 0x60a000) (android.app.NativeActivity.onWindowFocusChangedNative [DEDUPED]+187)
06-03 09:14:51.371  4770  4770 F DEBUG   :     #21 pc 0000000000611514  /system/lib64/libart.so (art_quick_invoke_stub+756)
06-03 09:14:51.371  4770  4770 F DEBUG   :     #22 pc 00000000001470d7  /system/lib64/libart.so (art::ArtMethod::Invoke(art::Thread*, unsigned int*, unsigned int, art::JValue*, char const*)+215)
06-03 09:14:51.371  4770  4770 F DEBUG   :     #23 pc 00000000003244c5  /system/lib64/libart.so (art::interpreter::ArtInterpreterToCompiledCodeBridge(art::Thread*, art::ArtMethod*, art::ShadowFrame*, unsigned short, art::JValue*)+325)
06-03 09:14:51.371  4770  4770 F DEBUG   :     #24 pc 000000000031e3a7  /system/lib64/libart.so (_ZN3art11interpreter6DoCallILb0ELb0EEEbPNS_9ArtMethodEPNS_6ThreadERNS_11ShadowFrameEPKNS_11InstructionEtPNS_6JValueE+839)
06-03 09:14:51.371  4770  4770 F DEBUG   :     #25 pc 00000000005f89bd  /system/lib64/libart.so (MterpInvokeDirect+381)
06-03 09:14:51.371  4770  4770 F DEBUG   :     #26 pc 0000000000601919  /system/lib64/libart.so (artMterpAsmInstructionStart+14361)
06-03 09:14:51.371  4770  4770 F DEBUG   :     #27 pc 00000000002fbd2a  /system/lib64/libart.so (art::interpreter::Execute(art::Thread*, art::DexFile::CodeItem const*, art::ShadowFrame&, art::JValue, bool)+490)
06-03 09:14:51.371  4770  4770 F DEBUG   :     #28 pc 00000000003018d4  /system/lib64/libart.so (art::interpreter::ArtInterpreterToInterpreterBridge(art::Thread*, art::DexFile::CodeItem const*, art::ShadowFrame*, art::JValue*)+212)
06-03 09:14:51.371  4770  4770 F DEBUG   :     #29 pc 000000000031e38f  /system/lib64/libart.so (_ZN3art11interpreter6DoCallILb0ELb0EEEbPNS_9ArtMethodEPNS_6ThreadERNS_11ShadowFrameEPKNS_11InstructionEtPNS_6JValueE+815)
06-03 09:14:51.371  4770  4770 F DEBUG   :     #30 pc 00000000005f754c  /system/lib64/libart.so (MterpInvokeVirtual+684)
06-03 09:14:51.371  4770  4770 F DEBUG   :     #31 pc 0000000000601819  /system/lib64/libart.so (artMterpAsmInstructionStart+14105)
06-03 09:14:51.371  4770  4770 F DEBUG   :     #32 pc 00000000002fbd2a  /system/lib64/libart.so (art::interpreter::Execute(art::Thread*, art::DexFile::CodeItem const*, art::ShadowFrame&, art::JValue, bool)+490)
06-03 09:14:51.371  4770  4770 F DEBUG   :     #33 pc 00000000003018d4  /system/lib64/libart.so (art::interpreter::ArtInterpreterToInterpreterBridge(art::Thread*, art::DexFile::CodeItem const*, art::ShadowFrame*, art::JValue*)+212)
06-03 09:14:51.371  4770  4770 F DEBUG   :     #34 pc 000000000031e38f  /system/lib64/libart.so (_ZN3art11interpreter6DoCallILb0ELb0EEEbPNS_9ArtMethodEPNS_6ThreadERNS_11ShadowFrameEPKNS_11InstructionEtPNS_6JValueE+815)
06-03 09:14:51.371  4770  4770 F DEBUG   :     #35 pc 00000000005f8bc8  /system/lib64/libart.so (MterpInvokeStatic+264)
06-03 09:14:51.371  4770  4770 F DEBUG   :     #36 pc 0000000000601999  /system/lib64/libart.so (artMterpAsmInstructionStart+14489)
06-03 09:14:51.371  4770  4770 F DEBUG   :     #37 pc 00000000002fbd2a  /system/lib64/libart.so (art::interpreter::Execute(art::Thread*, art::DexFile::CodeItem const*, art::ShadowFrame&, art::JValue, bool)+490)
06-03 09:14:51.371  4770  4770 F DEBUG   :     #38 pc 00000000005e8bbc  /system/lib64/libart.so (artQuickToInterpreterBridge+1324)
06-03 09:14:51.371  4770  4770 F DEBUG   :     #39 pc 000000000061bc2c  /system/lib64/libart.so (art_quick_to_interpreter_bridge+140)
06-03 09:14:51.371  4770  4770 F DEBUG   :     #40 pc 0000000000611876  /system/lib64/libart.so (art_quick_invoke_static_stub+806)
06-03 09:14:51.371  4770  4770 F DEBUG   :     #41 pc 00000000001470fd  /system/lib64/libart.so (art::ArtMethod::Invoke(art::Thread*, unsigned int*, unsigned int, art::JValue*, char const*)+253)
06-03 09:14:51.371  4770  4770 F DEBUG   :     #42 pc 0000000000527ab6  /system/lib64/libart.so (art::InvokeWithArgArray(art::ScopedObjectAccessAlreadyRunnable const&, art::ArtMethod*, art::ArgArray*, art::JValue*, char const*)+86)
06-03 09:14:51.371  4770  4770 F DEBUG   :     #43 pc 0000000000529ada  /system/lib64/libart.so (art::InvokeMethod(art::ScopedObjectAccessAlreadyRunnable const&, _jobject*, _jobject*, _jobject*, unsigned long)+1450)
06-03 09:14:51.371  4770  4770 F DEBUG   :     #44 pc 0000000000498c18  /system/lib64/libart.so (art::Method_invoke(_JNIEnv*, _jobject*, _jobject*, _jobject*)+56)
06-03 09:14:51.371  4770  4770 F DEBUG   :     #45 pc 0000000000266d53  /system/framework/x86_64/boot.oat (offset 0x1d3000) (java.lang.Class.getDeclaredMethodInternal [DEDUPED]+227)
06-03 09:14:51.371  4770  4770 F DEBUG   :     #46 pc 0000000000611514  /system/lib64/libart.so (art_quick_invoke_stub+756)
06-03 09:14:51.371  4770  4770 F DEBUG   :     #47 pc 00000000001470d7  /system/lib64/libart.so (art::ArtMethod::Invoke(art::Thread*, unsigned int*, unsigned int, art::JValue*, char const*)+215)
06-03 09:14:51.371  4770  4770 F DEBUG   :     #48 pc 00000000003244c5  /system/lib64/libart.so (art::interpreter::ArtInterpreterToCompiledCodeBridge(art::Thread*, art::ArtMethod*, art::ShadowFrame*, unsigned short, art::JValue*)+325)
06-03 09:14:51.371  4770  4770 F DEBUG   :     #49 pc 000000000031e3a7  /system/lib64/libart.so (_ZN3art11interpreter6DoCallILb0ELb0EEEbPNS_9ArtMethodEPNS_6ThreadERNS_11ShadowFrameEPKNS_11InstructionEtPNS_6JValueE+839)
06-03 09:14:51.371  4770  4770 F DEBUG   :     #50 pc 00000000005f754c  /system/lib64/libart.so (MterpInvokeVirtual+684)
06-03 09:14:51.371  4770  4770 F DEBUG   :     #51 pc 0000000000601819  /system/lib64/libart.so (artMterpAsmInstructionStart+14105)
06-03 09:14:51.371  4770  4770 F DEBUG   :     #52 pc 00000000002fbd2a  /system/lib64/libart.so (art::interpreter::Execute(art::Thread*, art::DexFile::CodeItem const*, art::ShadowFrame&, art::JValue, bool)+490)
06-03 09:14:51.371  4770  4770 F DEBUG   :     #53 pc 00000000005e8bbc  /system/lib64/libart.so (artQuickToInterpreterBridge+1324)
06-03 09:14:51.371  4770  4770 F DEBUG   :     #54 pc 000000000061bc2c  /system/lib64/libart.so (art_quick_to_interpreter_bridge+140)
06-03 09:14:51.371  4770  4770 F DEBUG   :     #55 pc 00000000016bffa8  /system/framework/x86_64/boot-framework.oat (offset 0x60a000) (com.android.internal.os.ZygoteInit.main+2600)
06-03 09:14:51.371  4770  4770 F DEBUG   :     #56 pc 0000000000611876  /system/lib64/libart.so (art_quick_invoke_static_stub+806)
06-03 09:14:51.371  4770  4770 F DEBUG   :     #57 pc 00000000001470fd  /system/lib64/libart.so (art::ArtMethod::Invoke(art::Thread*, unsigned int*, unsigned int, art::JValue*, char const*)+253)
06-03 09:14:51.371  4770  4770 F DEBUG   :     #58 pc 0000000000527ab6  /system/lib64/libart.so (art::InvokeWithArgArray(art::ScopedObjectAccessAlreadyRunnable const&, art::ArtMethod*, art::ArgArray*, art::JValue*, char const*)+86)
06-03 09:14:51.371  4770  4770 F DEBUG   :     #59 pc 0000000000527650  /system/lib64/libart.so (art::InvokeWithVarArgs(art::ScopedObjectAccessAlreadyRunnable const&, _jobject*, _jmethodID*, __va_list_tag*)+432)
06-03 09:14:51.371  4770  4770 F DEBUG   :     #60 pc 0000000000414428  /system/lib64/libart.so (art::JNI::CallStaticVoidMethodV(_JNIEnv*, _jclass*, _jmethodID*, __va_list_tag*)+760)
06-03 09:14:51.371  4770  4770 F DEBUG   :     #61 pc 000000000017b640  /system/lib64/libart.so (art::CheckJNI::CallMethodV(char const*, _JNIEnv*, _jobject*, _jclass*, _jmethodID*, __va_list_tag*, art::Primitive::Type, art::InvokeType)+2784)
06-03 09:14:51.371  4770  4770 F DEBUG   :     #62 pc 000000000016bd31  /system/lib64/libart.so (art::CheckJNI::CallStaticVoidMethodV(_JNIEnv*, _jclass*, _jmethodID*, __va_list_tag*)+33)
06-03 09:14:51.371  4770  4770 F DEBUG   :     #63 pc 00000000000b715d  /system/lib64/libandroid_runtime.so (_JNIEnv::CallStaticVoidMethod(_jclass*, _jmethodID*, ...)+157)
06-03 10:13:32.962  6304  6304 F libc    : Fatal signal 6 (SIGABRT), code -6 in tid 6304 (main), pid 6304 (main)
06-03 10:13:32.970  6319  6319 F DEBUG   : *** *** *** *** *** *** *** *** *** *** *** *** *** *** *** ***
06-03 10:13:32.970  6319  6319 F DEBUG   : Build fingerprint: 'OPENTHOS/openthos_x86_64/openthos:8.1.0/OPM8.190105.002/root05290437:eng/test-keys'
06-03 10:13:32.970  6319  6319 F DEBUG   : Revision: '0'
06-03 10:13:32.970  6319  6319 F DEBUG   : ABI: 'x86_64'
06-03 10:13:32.970  6319  6319 F DEBUG   : pid: 6304, tid: 6304, name: main  >>> /system/bin/app_process64 <<<
06-03 10:13:32.970  6319  6319 F DEBUG   : signal 6 (SIGABRT), code -6 (SI_TKILL), fault addr --------
06-03 10:13:32.970  6319  6319 F DEBUG   : Abort message: 'java_vm_ext.cc:534] JNI DETECTED ERROR IN APPLICATION: JNI NewGlobalRef called with pending exception java.lang.ClassNotFoundException: Didn't find class "org.chromium.components.crash.browser.CrashpadMain" on path: DexPathList[[zip file "/system/app/Chromium/Chromium.apk"],nativeLibraryDirectories=[/system/app/Chromium/lib/x86_64, /system/app/Chromium/Chromium.apk!/lib/x86_64, /system/lib64, /system/vendor/lib64, /system/app/Chromium/lib/x86_64, /system/lib64, /system/vendor/lib64]]'
06-03 10:13:32.970  6319  6319 F DEBUG   :     rax 0000000000000000  rbx 00000000000018a0  rcx 000076e149c75738  rdx 0000000000000006
06-03 10:13:32.970  6319  6319 F DEBUG   :     rsi 00000000000018a0  rdi 00000000000018a0
06-03 10:13:32.970  6319  6319 F DEBUG   :     r8  000076e0c925c800  r9  000076e0c925c800  r10 000076e0c925c800  r11 0000000000000246
06-03 10:13:32.970  6319  6319 F DEBUG   :     r12 00007fff4d8c8be8  r13 0000000000000b19  r14 00000000000018a0  r15 00007fff4d8c8bb8
06-03 10:13:32.970  6319  6319 F DEBUG   :     cs  0000000000000033  ss  000000000000002b
06-03 10:13:32.970  6319  6319 F DEBUG   :     rip 000076e149c75738  rbp 0000000000000002  rsp 00007fff4d8c8b88  eflags 0000000000000246
06-03 10:13:32.977  6319  6319 F DEBUG   : 
06-03 10:13:32.977  6319  6319 F DEBUG   : backtrace:
06-03 10:13:32.977  6319  6319 F DEBUG   :     #00 pc 0000000000027738  /system/lib64/libc.so (syscall+24)
06-03 10:13:32.977  6319  6319 F DEBUG   :     #01 pc 00000000000278d5  /system/lib64/libc.so (abort+101)
06-03 10:13:32.977  6319  6319 F DEBUG   :     #02 pc 000000000052f32e  /system/lib64/libart.so (art::Runtime::Abort(char const*)+558)
06-03 10:13:32.977  6319  6319 F DEBUG   :     #03 pc 00000000006341a8  /system/lib64/libart.so (android::base::LogMessage::~LogMessage()+1016)
06-03 10:13:32.977  6319  6319 F DEBUG   :     #04 pc 0000000000399339  /system/lib64/libart.so (art::JavaVMExt::JniAbort(char const*, char const*)+1657)
06-03 10:13:32.977  6319  6319 F DEBUG   :     #05 pc 00000000003994c2  /system/lib64/libart.so (art::JavaVMExt::JniAbortV(char const*, char const*, __va_list_tag*)+82)
06-03 10:13:32.977  6319  6319 F DEBUG   :     #06 pc 0000000000178aab  /system/lib64/libart.so (art::ScopedCheck::AbortF(char const*, ...)+187)
06-03 10:13:32.977  6319  6319 F DEBUG   :     #07 pc 00000000001785b8  /system/lib64/libart.so (art::ScopedCheck::CheckThread(_JNIEnv*)+472)
06-03 10:13:32.977  6319  6319 F DEBUG   :     #08 pc 0000000000176871  /system/lib64/libart.so (art::ScopedCheck::Check(art::ScopedObjectAccess&, bool, char const*, art::JniValueType*)+801)
06-03 10:13:32.977  6319  6319 F DEBUG   :     #09 pc 000000000017962b  /system/lib64/libart.so (art::CheckJNI::NewRef(char const*, _JNIEnv*, _jobject*, art::IndirectRefKind)+779)
06-03 10:13:32.977  6319  6319 F DEBUG   :     #10 pc 0000000000002865  /system/bin/app_process64 (android::AppRuntime::onVmCreated(_JNIEnv*)+117)
06-03 10:13:32.977  6319  6319 F DEBUG   :     #11 pc 00000000000b9d8a  /system/lib64/libandroid_runtime.so (android::AndroidRuntime::start(char const*, android::Vector<android::String8> const&, bool)+410)
06-03 10:13:32.977  6319  6319 F DEBUG   :     #12 pc 000000000000252a  /system/bin/app_process64 (main+1482)
06-03 10:13:32.977  6319  6319 F DEBUG   :     #13 pc 00000000000b844c  /system/lib64/libc.so (__libc_init+76)
06-03 10:13:32.977  6319  6319 F DEBUG   :     #14 pc 0000000000001ed3  /system/bin/app_process64 (_start_main+75)
06-03 10:13:32.977  6319  6319 F DEBUG   :     #15 pc 0000000000001edf  /system/bin/app_process64 (_start+11)
06-03 10:13:33.049  5592  5592 F libc    : Fatal signal 6 (SIGABRT), code -6 in tid 5592 (chromium.chrome), pid 5592 (chromium.chrome)
06-03 10:13:33.064  6327  6327 F DEBUG   : *** *** *** *** *** *** *** *** *** *** *** *** *** *** *** ***
06-03 10:13:33.064  6327  6327 F DEBUG   : Build fingerprint: 'OPENTHOS/openthos_x86_64/openthos:8.1.0/OPM8.190105.002/root05290437:eng/test-keys'
06-03 10:13:33.064  6327  6327 F DEBUG   : Revision: '0'
06-03 10:13:33.064  6327  6327 F DEBUG   : ABI: 'x86_64'
06-03 10:13:33.064  6327  6327 F DEBUG   : pid: 5592, tid: 5592, name: chromium.chrome  >>> org.chromium.chrome <<<
06-03 10:13:33.064  6327  6327 F DEBUG   : signal 6 (SIGABRT), code -6 (SI_TKILL), fault addr --------
06-03 10:13:33.064  6327  6327 F DEBUG   : Abort message: '[FATAL:jni_android.cc(249)] Please include Java exception stack in crash report'
06-03 10:13:33.064  6327  6327 F DEBUG   :     rax 0000000000000000  rbx 00000000000015d8  rcx 00007a8f95d32738  rdx 0000000000000006
06-03 10:13:33.064  6327  6327 F DEBUG   :     rsi 00000000000015d8  rdi 00000000000015d8
06-03 10:13:33.064  6327  6327 F DEBUG   :     r8  00007ffdd64f1478  r9  00007ffdd64f1478  r10 00007ffdd64f1478  r11 0000000000000246
06-03 10:13:33.064  6327  6327 F DEBUG   :     r12 00007ffdd64f14a0  r13 00007ffdd64f1ae0  r14 00000000000015d8  r15 00007ffdd64f1418
06-03 10:13:33.064  6327  6327 F DEBUG   :     cs  0000000000000033  ss  000000000000002b
06-03 10:13:33.064  6327  6327 F DEBUG   :     rip 00007a8f95d32738  rbp 00007ffdd64f1af0  rsp 00007ffdd64f13e8  eflags 0000000000000246
06-03 10:13:33.187  6327  6327 F DEBUG   : 
06-03 10:13:33.187  6327  6327 F DEBUG   : backtrace:
06-03 10:13:33.187  6327  6327 F DEBUG   :     #00 pc 0000000000027738  /system/lib64/libc.so (syscall+24)
06-03 10:13:33.187  6327  6327 F DEBUG   :     #01 pc 00000000000278d5  /system/lib64/libc.so (abort+101)
06-03 10:13:33.187  6327  6327 F DEBUG   :     #02 pc 0000000000253792  /system/app/Chromium/Chromium.apk (offset 0x1a09000)
06-03 10:13:33.187  6327  6327 F DEBUG   :     #03 pc 000000000019e194  /system/app/Chromium/Chromium.apk (offset 0x1a09000)
06-03 10:13:33.187  6327  6327 F DEBUG   :     #04 pc 000000000026de69  /system/app/Chromium/Chromium.apk (offset 0x1a09000)
06-03 10:13:33.187  6327  6327 F DEBUG   :     #05 pc 000000000160be7c  /system/app/Chromium/Chromium.apk (offset 0x926e000)
06-03 10:13:33.187  6327  6327 F DEBUG   :     #06 pc 00000000020bc215  /system/app/Chromium/Chromium.apk (offset 0x926e000)
06-03 10:13:33.187  6327  6327 F DEBUG   :     #07 pc 00000000015e6628  /system/app/Chromium/Chromium.apk (offset 0x926e000)
06-03 10:13:33.187  6327  6327 F DEBUG   :     #08 pc 0000000002295e67  /system/app/Chromium/Chromium.apk (offset 0x926e000)
06-03 10:13:33.187  6327  6327 F DEBUG   :     #09 pc 0000000002295984  /system/app/Chromium/Chromium.apk (offset 0x926e000)
06-03 10:13:33.187  6327  6327 F DEBUG   :     #10 pc 000000000229593e  /system/app/Chromium/Chromium.apk (offset 0x926e000)
06-03 10:13:33.187  6327  6327 F DEBUG   :     #11 pc 000000000017ddb0  /system/app/Chromium/Chromium.apk (offset 0x1a09000)
06-03 10:13:33.187  6327  6327 F DEBUG   :     #12 pc 00000000001ea481  /system/app/Chromium/Chromium.apk (offset 0x1a09000)
06-03 10:13:33.187  6327  6327 F DEBUG   :     #13 pc 00000000001fff03  /system/app/Chromium/Chromium.apk (offset 0x1a09000)
06-03 10:13:33.187  6327  6327 F DEBUG   :     #14 pc 00000000002001b1  /system/app/Chromium/Chromium.apk (offset 0x1a09000)
06-03 10:13:33.187  6327  6327 F DEBUG   :     #15 pc 00000000001a80e7  /system/app/Chromium/Chromium.apk (offset 0x1a09000)
06-03 10:13:33.187  6327  6327 F DEBUG   :     #16 pc 00000000001a7de4  /system/app/Chromium/Chromium.apk (offset 0x1a09000)
06-03 10:13:33.187  6327  6327 F DEBUG   :     #17 pc 0000000000016234  /system/lib64/libutils.so (android::Looper::pollInner(int)+916)
06-03 10:13:33.187  6327  6327 F DEBUG   :     #18 pc 0000000000015e0e  /system/lib64/libutils.so (android::Looper::pollOnce(int, int*, int*, void**)+94)
06-03 10:13:33.187  6327  6327 F DEBUG   :     #19 pc 000000000011e5c5  /system/lib64/libandroid_runtime.so (android::android_os_MessageQueue_nativePollOnce(_JNIEnv*, _jobject*, long, int)+37)
06-03 10:13:33.187  6327  6327 F DEBUG   :     #20 pc 00000000007f003b  /system/framework/x86_64/boot-framework.oat (offset 0x60a000) (android.app.NativeActivity.onWindowFocusChangedNative [DEDUPED]+187)
06-03 10:13:33.187  6327  6327 F DEBUG   :     #21 pc 000000000003c5fc  /dev/ashmem/dalvik-jit-code-cache (deleted)
--------- beginning of system
06-03 13:32:57.659  2362  2362 D ViewRootImpl[StatusBar]: updatePointerIcon called with position out of bounds
06-03 13:33:11.149  2362  2362 D ViewRootImpl[StatusBar]: updatePointerIcon called with position out of bounds
06-03 13:33:17.629  2362  2362 D ViewRootImpl[StatusBar]: updatePointerIcon called with position out of bounds
06-03 13:33:20.207  2362  2362 I chatty  : uid=10033(com.android.systemui) identical 20 lines
06-03 13:33:21.564  3967  3967 I chatty  : uid=10082(u0_a82) com.seafile.seadroid2.debug expire 31 lines
06-03 13:33:36.881  2929  4210 V PackageManager: [632afbc9-a846-492c-abc3-98ffa83ec1e6] Phase1 called; posting
06-03 13:33:36.882  2929  2929 D PackageManager: [632afbc9-a846-492c-abc3-98ffa83ec1e6] Phase1 request; prefix: [1208311808, 305614848]
06-03 13:33:36.883  2929  4210 V PackageManager: [f14108c6-7d64-4987-bef6-8ffbdbd0c9db] Phase1 called; posting
06-03 13:33:36.884  2929  2929 D PackageManager: [f14108c6-7d64-4987-bef6-8ffbdbd0c9db] Phase1 request; prefix: [1208311808, 305614848]
06-03 13:33:36.901  2238  3143 I chatty  : uid=1000 system_server expire 12 lines
06-03 13:33:40.363  2362  2362 I chatty  : uid=10033(com.android.systemui) expire 21 lines
06-03 13:33:40.490  2238  2285 I chatty  : uid=1000 system_server expire 12 lines
06-03 13:33:41.582  3967  3967 I chatty  : uid=10082(u0_a82) com.seafile.seadroid2.debug expire 70 lines
06-03 13:34:08.915  2238  2256 I chatty  : uid=1000 system_server expire 20 lines
06-03 13:34:25.124  2238  2238 I chatty  : uid=1000 system_server expire 17 lines
06-03 13:35:06.231  2238  9142 I chatty  : uid=1000 system_server expire 12 lines
06-03 13:35:11.781  9107  9107 D ViewRootImpl[ResolverActivity]: updatePointerIcon called with position out of bounds
06-03 13:35:35.481  9107  9107 I chatty  : uid=1000 system:ui identical 25 lines
06-03 13:35:35.948  9107  9107 D ViewRootImpl[ResolverActivity]: updatePointerIcon called with position out of bounds
06-03 13:35:37.179  2362  2362 I chatty  : uid=10033(com.android.systemui) expire 87 lines
06-03 13:55:01.382  3967  3967 I chatty  : uid=10082(u0_a82) com.seafile.seadroid2.debug expire 14 lines
06-03 13:57:16.339  2238  2285 I chatty  : uid=1000 system_server expire 11 lines
06-03 14:05:13.140  2238  3136 I chatty  : uid=1000 system_server expire 10 lines
06-03 14:05:13.148  2929  2944 V PackageManager: [fb2bd18d-bf69-4770-b69b-f9d6b98e6c56] Phase1 called; posting
06-03 14:05:13.148  2929  2929 D PackageManager: [fb2bd18d-bf69-4770-b69b-f9d6b98e6c56] Phase1 request; prefix: [1208311808, 305614848]
06-03 14:05:13.149  2929  2944 V PackageManager: [5c6ad867-e896-4923-8671-812407b44d3b] Phase1 called; posting
06-03 14:05:13.149  2929  2929 D PackageManager: [5c6ad867-e896-4923-8671-812407b44d3b] Phase1 request; prefix: [1208311808, 305614848]
06-03 14:05:13.281  2362  2362 I chatty  : uid=10033(com.android.systemui) expire 73 lines
06-03 14:05:18.725  3967  3967 I chatty  : uid=10082(u0_a82) com.seafile.seadroid2.debug expire 64 lines
06-03 14:05:44.929  2238  2383 I chatty  : uid=1000 system_server expire 11 lines
06-03 14:06:34.856  3967  3967 E AndroidRuntime: FATAL EXCEPTION: main
06-03 14:06:34.856  3967  3967 E AndroidRuntime: Process: com.seafile.seadroid2.debug, PID: 3967
06-03 14:06:34.856  3967  3967 E AndroidRuntime: java.lang.NullPointerException: Attempt to invoke virtual method 'android.content.Intent android.content.Intent.addFlags(int)' on a null object reference
06-03 14:06:34.856  3967  3967 E AndroidRuntime: 	at com.seafile.seadroid2.ui.fragment.SettingsFragment$10$1.onClick(SettingsFragment.java:433)
06-03 14:06:34.856  3967  3967 E AndroidRuntime: 	at android.view.View.performClick(View.java:6295)
06-03 14:06:34.856  3967  3967 E AndroidRuntime: 	at android.view.View$PerformClick.run(View.java:24791)
06-03 14:06:34.856  3967  3967 E AndroidRuntime: 	at android.os.Handler.handleCallback(Handler.java:790)
06-03 14:06:34.856  3967  3967 E AndroidRuntime: 	at android.os.Handler.dispatchMessage(Handler.java:99)
06-03 14:06:34.856  3967  3967 E AndroidRuntime: 	at android.os.Looper.loop(Looper.java:164)
06-03 14:06:34.856  3967  3967 E AndroidRuntime: 	at android.app.ActivityThread.main(ActivityThread.java:6494)
06-03 14:06:34.856  3967  3967 E AndroidRuntime: 	at java.lang.reflect.Method.invoke(Native Method)
06-03 14:06:34.856  3967  3967 E AndroidRuntime: 	at com.android.internal.os.RuntimeInit$MethodAndArgsCaller.run(RuntimeInit.java:463)
06-03 14:06:34.856  3967  3967 E AndroidRuntime: 	at com.android.internal.os.ZygoteInit.main(ZygoteInit.java:807)
06-03 14:06:37.031  2238  6338 I chatty  : uid=1000 system_server expire 7 lines
06-03 14:06:37.031  2238  2382 I chatty  : uid=1000 system_server expire 16 lines
06-03 14:06:37.032  2238  2249 I chatty  : uid=1000 system_server expire 12 lines
06-03 14:06:37.416  9484  9484 I chatty  : uid=10082(u0_a82) com.seafile.seadroid2.debug expire 14 lines
06-03 14:10:15.645  2238  3136 I chatty  : uid=1000 system_server expire 21 lines
06-03 14:10:19.116  2238  2285 I chatty  : uid=1000 system_server expire 12 lines
06-03 14:10:19.133  7688  7688 E AndroidRuntime: FATAL EXCEPTION: main
06-03 14:10:19.133  7688  7688 E AndroidRuntime: Process: com.termux, PID: 7688
06-03 14:10:19.133  7688  7688 E AndroidRuntime: java.lang.RuntimeException: Unable to start activity ComponentInfo{com.termux/com.termux.app.TermuxActivity}: java.lang.IllegalStateException: Not allowed to start service Intent { cmp=com.termux/.app.TermuxService }: app is in background uid UidRecord{a3350ce u0a34 CAC  bg:+2h58m42s238ms idle procs:1 seq(0,0,0)}
06-03 14:10:19.133  7688  7688 E AndroidRuntime: 	at android.app.ActivityThread.performLaunchActivity(ActivityThread.java:2778)
06-03 14:10:19.133  7688  7688 E AndroidRuntime: 	at android.app.ActivityThread.handleLaunchActivity(ActivityThread.java:2856)
06-03 14:10:19.133  7688  7688 E AndroidRuntime: 	at android.app.ActivityThread.-wrap11(Unknown Source:0)
06-03 14:10:19.133  7688  7688 E AndroidRuntime: 	at android.app.ActivityThread$H.handleMessage(ActivityThread.java:1589)
06-03 14:10:19.133  7688  7688 E AndroidRuntime: 	at android.os.Handler.dispatchMessage(Handler.java:106)
06-03 14:10:19.133  7688  7688 E AndroidRuntime: 	at android.os.Looper.loop(Looper.java:164)
06-03 14:10:19.133  7688  7688 E AndroidRuntime: 	at android.app.ActivityThread.main(ActivityThread.java:6494)
06-03 14:10:19.133  7688  7688 E AndroidRuntime: 	at java.lang.reflect.Method.invoke(Native Method)
06-03 14:10:19.133  7688  7688 E AndroidRuntime: 	at com.android.internal.os.RuntimeInit$MethodAndArgsCaller.run(RuntimeInit.java:463)
06-03 14:10:19.133  7688  7688 E AndroidRuntime: 	at com.android.internal.os.ZygoteInit.main(ZygoteInit.java:807)
06-03 14:10:19.133  7688  7688 E AndroidRuntime: Caused by: java.lang.IllegalStateException: Not allowed to start service Intent { cmp=com.termux/.app.TermuxService }: app is in background uid UidRecord{a3350ce u0a34 CAC  bg:+2h58m42s238ms idle procs:1 seq(0,0,0)}
06-03 14:10:19.133  7688  7688 E AndroidRuntime: 	at android.app.ContextImpl.startServiceCommon(ContextImpl.java:1521)
06-03 14:10:19.133  7688  7688 E AndroidRuntime: 	at android.app.ContextImpl.startService(ContextImpl.java:1477)
06-03 14:10:19.133  7688  7688 E AndroidRuntime: 	at android.content.ContextWrapper.startService(ContextWrapper.java:650)
06-03 14:10:19.133  7688  7688 E AndroidRuntime: 	at com.termux.app.TermuxActivity.onCreate(TermuxActivity.java:236)
06-03 14:10:19.133  7688  7688 E AndroidRuntime: 	at android.app.Activity.performCreate(Activity.java:7105)
06-03 14:10:19.133  7688  7688 E AndroidRuntime: 	at android.app.Activity.performCreate(Activity.java:7096)
06-03 14:10:19.133  7688  7688 E AndroidRuntime: 	at android.app.Instrumentation.callActivityOnCreate(Instrumentation.java:1214)
06-03 14:10:19.133  7688  7688 E AndroidRuntime: 	at android.app.ActivityThread.performLaunchActivity(ActivityThread.java:2731)
06-03 14:10:19.133  7688  7688 E AndroidRuntime: 	... 9 more
06-03 14:10:19.160  2238  2254 I chatty  : uid=1000 system_server expire 33 lines
06-03 14:10:19.671  2929  3399 V PackageManager: [7679ccbf-f6df-4d98-a17e-c73b1804fd13] Phase1 called; posting
06-03 14:10:19.671  2929  2929 D PackageManager: [7679ccbf-f6df-4d98-a17e-c73b1804fd13] Phase1 request; prefix: [1208311808, 305614848]
06-03 14:10:19.674  2929  3399 V PackageManager: [15c2595a-aa94-4770-bfc8-39baacd2977b] Phase1 called; posting
06-03 14:10:19.674  2929  2929 D PackageManager: [15c2595a-aa94-4770-bfc8-39baacd2977b] Phase1 request; prefix: [1208311808, 305614848]
06-03 14:10:21.213  2362  2362 I chatty  : uid=10033(com.android.systemui) expire 13 lines
06-03 14:10:21.565  9553  9553 D ViewRootImpl[TermuxActivity]: updatePointerIcon called with position out of bounds
06-03 14:10:22.281  9553  9553 I chatty  : uid=10034(com.termux) identical 10 lines
06-03 14:10:26.081  9553  9553 D ViewRootImpl[TermuxActivity]: updatePointerIcon called with position out of bounds
06-03 14:22:23.989  9553  9553 D ViewRootImpl[TermuxActivity]: updatePointerIcon called with position out of bounds
06-03 14:22:23.998  9553  9553 D ViewRootImpl[TermuxActivity]: updatePointerIcon called with position out of bounds
06-03 14:22:26.409  2238  2377 I chatty  : uid=1000 system_server expire 12 lines
06-03 14:22:26.427  2929  2944 V PackageManager: [e525f317-73fe-4271-b194-1bdc89d5db9c] Phase1 called; posting
06-03 14:22:26.428  2929  2929 D PackageManager: [e525f317-73fe-4271-b194-1bdc89d5db9c] Phase1 request; prefix: [1208311808, 305614848]
06-03 14:22:26.430  2929  2944 V PackageManager: [79a45a7f-84e6-49f1-87c7-fe3a01aa607b] Phase1 called; posting
06-03 14:22:26.430  2929  2929 D PackageManager: [79a45a7f-84e6-49f1-87c7-fe3a01aa607b] Phase1 request; prefix: [1208311808, 305614848]
06-03 14:22:28.901  2238  3136 I chatty  : uid=1000 system_server expire 13 lines
06-03 14:22:34.470  9553  9553 D ViewRootImpl[TermuxActivity]: updatePointerIcon called with position out of bounds
06-03 14:22:34.481  9553  9553 D ViewRootImpl[TermuxActivity]: updatePointerIcon called with position out of bounds
06-03 14:22:46.652  2238  2824 I chatty  : uid=1000 system_server expire 14 lines
06-03 14:22:49.514  2238  2285 I chatty  : uid=1000 system_server expire 26 lines
06-03 14:22:49.712  9484  9484 I chatty  : uid=10082(u0_a82) com.seafile.seadroid2.debug expire 11 lines
06-03 14:22:53.305  9553  9553 D ViewRootImpl[TermuxActivity]: updatePointerIcon called with position out of bounds
06-03 14:22:53.331  9553  9553 D ViewRootImpl[TermuxActivity]: updatePointerIcon called with position out of bounds
06-03 14:22:57.995  2362  2362 I chatty  : uid=10033(com.android.systemui) expire 10 lines
06-03 14:22:58.109  2238  2249 I chatty  : uid=1000 system_server expire 12 lines
06-03 14:22:58.118  2238  3143 I chatty  : uid=1000 system_server expire 14 lines
06-03 14:22:58.515  9553  9553 D ViewRootImpl[TermuxActivity]: updatePointerIcon called with position out of bounds
06-03 14:22:58.516  9553  9553 D ViewRootImpl[TermuxActivity]: updatePointerIcon called with position out of bounds
06-03 14:23:11.428  9553  9553 D ViewRootImpl[TermuxActivity]: updatePointerIcon called with position out of bounds
06-03 14:23:11.929  9553  9553 D ViewRootImpl[TermuxActivity]: updatePointerIcon called with position out of bounds
06-03 14:23:14.458  2238  2285 I chatty  : uid=1000 system_server expire 12 lines
06-03 14:23:16.466  9553  9553 D ViewRootImpl[TermuxActivity]: updatePointerIcon called with position out of bounds
06-03 14:23:16.498  9553  9553 I chatty  : uid=10034(com.termux) identical 2 lines
06-03 14:23:16.515  9553  9553 D ViewRootImpl[TermuxActivity]: updatePointerIcon called with position out of bounds
06-03 14:23:17.318  2238  2249 I chatty  : uid=1000 system_server expire 10 lines
06-03 14:23:25.502  2238  5368 I chatty  : uid=1000 system_server expire 11 lines
06-03 14:23:25.554  9484  9484 I chatty  : uid=10082(u0_a82) com.seafile.seadroid2.debug expire 10 lines
06-03 14:23:28.575  2362  2362 I chatty  : uid=10033(com.android.systemui) expire 76 lines
06-03 14:23:48.321  9484  9484 E AndroidRuntime: FATAL EXCEPTION: main
06-03 14:23:48.321  9484  9484 E AndroidRuntime: Process: com.seafile.seadroid2.debug, PID: 9484
06-03 14:23:48.321  9484  9484 E AndroidRuntime: java.lang.NullPointerException: Attempt to invoke virtual method 'void android.support.v7.widget.Toolbar.setTitle(java.lang.CharSequence)' on a null object reference
06-03 14:23:48.321  9484  9484 E AndroidRuntime: 	at com.seafile.seadroid2.ui.activity.BrowserActivity.onBackPressed(BrowserActivity.java:2176)
06-03 14:23:48.321  9484  9484 E AndroidRuntime: 	at android.app.Activity.pressKeyBack(Activity.java:3294)
06-03 14:23:48.321  9484  9484 E AndroidRuntime: 	at com.android.internal.widget.DecorCaptionView.keyBackWindow(DecorCaptionView.java:417)
06-03 14:23:48.321  9484  9484 E AndroidRuntime: 	at com.android.internal.widget.DecorCaptionView.onSingleTapUp(DecorCaptionView.java:588)
06-03 14:23:48.321  9484  9484 E AndroidRuntime: 	at android.view.GestureDetector.onTouchEvent(GestureDetector.java:640)
06-03 14:23:48.321  9484  9484 E AndroidRuntime: 	at com.android.internal.widget.DecorCaptionView.onTouchEvent(DecorCaptionView.java:220)
06-03 14:23:48.321  9484  9484 E AndroidRuntime: 	at android.view.View.dispatchTouchEvent(View.java:11777)
06-03 14:23:48.321  9484  9484 E AndroidRuntime: 	at android.view.ViewGroup.dispatchTransformedTouchEvent(ViewGroup.java:2962)
06-03 14:23:48.321  9484  9484 E AndroidRuntime: 	at android.view.ViewGroup.dispatchTouchEvent(ViewGroup.java:2643)
06-03 14:23:48.321  9484  9484 E AndroidRuntime: 	at android.view.ViewGroup.dispatchTransformedTouchEvent(ViewGroup.java:2968)
06-03 14:23:48.321  9484  9484 E AndroidRuntime: 	at android.view.ViewGroup.dispatchTouchEvent(ViewGroup.java:2657)
06-03 14:23:48.321  9484  9484 E AndroidRuntime: 	at com.android.internal.policy.DecorView.superDispatchTouchEvent(DecorView.java:455)
06-03 14:23:48.321  9484  9484 E AndroidRuntime: 	at com.android.internal.policy.PhoneWindow.superDispatchTouchEvent(PhoneWindow.java:1829)
06-03 14:23:48.321  9484  9484 E AndroidRuntime: 	at android.app.Activity.dispatchTouchEvent(Activity.java:3378)
06-03 14:23:48.321  9484  9484 E AndroidRuntime: 	at android.support.v7.view.WindowCallbackWrapper.dispatchTouchEvent(WindowCallbackWrapper.java:68)
06-03 14:23:48.321  9484  9484 E AndroidRuntime: 	at com.android.internal.policy.DecorView.dispatchTouchEvent(DecorView.java:414)
06-03 14:23:48.321  9484  9484 E AndroidRuntime: 	at android.view.View.dispatchPointerEvent(View.java:12016)
06-03 14:23:48.321  9484  9484 E AndroidRuntime: 	at android.view.ViewRootImpl$ViewPostImeInputStage.processPointerEvent(ViewRootImpl.java:4795)
06-03 14:23:48.321  9484  9484 E AndroidRuntime: 	at android.view.ViewRootImpl$ViewPostImeInputStage.onProcess(ViewRootImpl.java:4609)
06-03 14:23:48.321  9484  9484 E AndroidRuntime: 	at android.view.ViewRootImpl$InputStage.deliver(ViewRootImpl.java:4147)
06-03 14:23:48.321  9484  9484 E AndroidRuntime: 	at android.view.ViewRootImpl$InputStage.onDeliverToNext(ViewRootImpl.java:4200)
06-03 14:23:48.321  9484  9484 E AndroidRuntime: 	at android.view.ViewRootImpl$InputStage.forward(ViewRootImpl.java:4166)
06-03 14:23:48.321  9484  9484 E AndroidRuntime: 	at android.view.ViewRootImpl$AsyncInputStage.forward(ViewRootImpl.java:4293)
06-03 14:23:48.321  9484  9484 E AndroidRuntime: 	at android.view.ViewRootImpl$InputStage.apply(ViewRootImpl.java:4174)
06-03 14:23:48.321  9484  9484 E AndroidRuntime: 	at android.view.ViewRootImpl$AsyncInputStage.apply(ViewRootImpl.java:4350)
06-03 14:23:48.321  9484  9484 E AndroidRuntime: 	at android.view.ViewRootImpl$InputStage.deliver(ViewRootImpl.java:4147)
06-03 14:23:48.321  9484  9484 E AndroidRuntime: 	at android.view.ViewRootImpl$InputStage.onDeliverToNext(ViewRootImpl.java:4200)
06-03 14:23:48.321  9484  9484 E AndroidRuntime: 	at android.view.ViewRootImpl$InputStage.forward(ViewRootImpl.java:4166)
06-03 14:23:48.321  9484  9484 E AndroidRuntime: 	at android.view.ViewRootImpl$InputStage.apply(ViewRootImpl.java:4174)
06-03 14:23:48.321  9484  9484 E AndroidRuntime: 	at android.view.ViewRootImpl$InputStage.deliver(ViewRootImpl.java:4147)
06-03 14:23:48.321  9484  9484 E AndroidRuntime: 	at android.view.ViewRootImpl.deliverInputEvent(ViewRootImpl.java:6661)
06-03 14:23:48.321  9484  9484 E AndroidRuntime: 	at android.view.ViewRootImpl.doProcessInputEvents(ViewRootImpl.java:6635)
06-03 14:23:48.321  9484  9484 E AndroidRuntime: 	at android.view.ViewRootImpl.enqueueInputEvent(ViewRootImpl.java:6596)
06-03 14:23:48.321  9484  9484 E AndroidRuntime: 	at android.view.ViewRootImpl$WindowInputEventReceiver.onInputEvent(ViewRootImpl.java:6764)
06-03 14:23:48.321  9484  9484 E AndroidRuntime: 	at android.view.InputEventReceiver.dispatchInputEvent(InputEventReceiver.java:186)
06-03 14:23:48.321  9484  9484 E AndroidRuntime: 	at android.os.MessageQueue.nativePollOnce(Native Method)
06-03 14:23:48.321  9484  9484 E AndroidRuntime: 	at android.os.MessageQueue.next(MessageQueue.java:325)
06-03 14:23:48.321  9484  9484 E AndroidRuntime: 	at android.os.Looper.loop(Looper.java:142)
06-03 14:23:48.321  9484  9484 E AndroidRuntime: 	at android.app.ActivityThread.main(ActivityThread.java:6494)
06-03 14:23:48.321  9484  9484 E AndroidRuntime: 	at java.lang.reflect.Method.invoke(Native Method)
06-03 14:23:48.321  9484  9484 E AndroidRuntime: 	at com.android.internal.os.RuntimeInit$MethodAndArgsCaller.run(RuntimeInit.java:463)
06-03 14:23:48.321  9484  9484 E AndroidRuntime: 	at com.android.internal.os.ZygoteInit.main(ZygoteInit.java:807)
06-03 14:23:48.386  2238  2254 I chatty  : uid=1000 system_server expire 72 lines
06-03 14:23:50.698  2238  2285 I chatty  : uid=1000 system_server expire 41 lines
06-03 14:23:51.713  2238  2824 I chatty  : uid=1000 system_server expire 10 lines
06-03 14:23:51.838  9779  9779 I chatty  : uid=10082(u0_a82) com.seafile.seadroid2.debug expire 161 lines
06-03 14:23:59.337  2238  9778 I chatty  : uid=1000 system_server expire 24 lines
06-03 14:24:07.684  9779  9779 E AndroidRuntime: FATAL EXCEPTION: main
06-03 14:24:07.684  9779  9779 E AndroidRuntime: Process: com.seafile.seadroid2.debug, PID: 9779
06-03 14:24:07.684  9779  9779 E AndroidRuntime: java.lang.NullPointerException: Attempt to invoke virtual method 'android.content.Intent android.content.Intent.addFlags(int)' on a null object reference
06-03 14:24:07.684  9779  9779 E AndroidRuntime: 	at com.seafile.seadroid2.ui.fragment.SettingsFragment$10$1.onClick(SettingsFragment.java:433)
06-03 14:24:07.684  9779  9779 E AndroidRuntime: 	at android.view.View.performClick(View.java:6295)
06-03 14:24:07.684  9779  9779 E AndroidRuntime: 	at android.view.View$PerformClick.run(View.java:24791)
06-03 14:24:07.684  9779  9779 E AndroidRuntime: 	at android.os.Handler.handleCallback(Handler.java:790)
06-03 14:24:07.684  9779  9779 E AndroidRuntime: 	at android.os.Handler.dispatchMessage(Handler.java:99)
06-03 14:24:07.684  9779  9779 E AndroidRuntime: 	at android.os.Looper.loop(Looper.java:164)
06-03 14:24:07.684  9779  9779 E AndroidRuntime: 	at android.app.ActivityThread.main(ActivityThread.java:6494)
06-03 14:24:07.684  9779  9779 E AndroidRuntime: 	at java.lang.reflect.Method.invoke(Native Method)
06-03 14:24:07.684  9779  9779 E AndroidRuntime: 	at com.android.internal.os.RuntimeInit$MethodAndArgsCaller.run(RuntimeInit.java:463)
06-03 14:24:07.684  9779  9779 E AndroidRuntime: 	at com.android.internal.os.ZygoteInit.main(ZygoteInit.java:807)
06-03 14:24:07.686  2238  5368 I chatty  : uid=1000 system_server expire 17 lines
06-03 14:24:14.678  2238  2253 I chatty  : uid=1000 system_server expire 13 lines
06-03 14:24:14.744  9831  9831 I chatty  : uid=10082(u0_a82) com.seafile.seadroid2.debug expire 10 lines
06-03 14:24:16.681  2238  2238 I chatty  : uid=1000 system_server expire 11 lines
06-03 14:24:21.361  2238  2377 I chatty  : uid=1000 system_server expire 11 lines
06-03 14:24:57.860  9831  9831 E AndroidRuntime: FATAL EXCEPTION: main
06-03 14:24:57.860  9831  9831 E AndroidRuntime: Process: com.seafile.seadroid2.debug, PID: 9831
06-03 14:24:57.860  9831  9831 E AndroidRuntime: java.lang.NullPointerException: Attempt to invoke virtual method 'void android.support.v7.widget.Toolbar.setTitle(java.lang.CharSequence)' on a null object reference
06-03 14:24:57.860  9831  9831 E AndroidRuntime: 	at com.seafile.seadroid2.ui.activity.BrowserActivity.onBackPressed(BrowserActivity.java:2176)
06-03 14:24:57.860  9831  9831 E AndroidRuntime: 	at android.app.Activity.pressKeyBack(Activity.java:3294)
06-03 14:24:57.860  9831  9831 E AndroidRuntime: 	at com.android.internal.widget.DecorCaptionView.keyBackWindow(DecorCaptionView.java:417)
06-03 14:24:57.860  9831  9831 E AndroidRuntime: 	at com.android.internal.widget.DecorCaptionView.onSingleTapUp(DecorCaptionView.java:588)
06-03 14:24:57.860  9831  9831 E AndroidRuntime: 	at android.view.GestureDetector.onTouchEvent(GestureDetector.java:640)
06-03 14:24:57.860  9831  9831 E AndroidRuntime: 	at com.android.internal.widget.DecorCaptionView.onTouchEvent(DecorCaptionView.java:220)
06-03 14:24:57.860  9831  9831 E AndroidRuntime: 	at android.view.View.dispatchTouchEvent(View.java:11777)
06-03 14:24:57.860  9831  9831 E AndroidRuntime: 	at android.view.ViewGroup.dispatchTransformedTouchEvent(ViewGroup.java:2962)
06-03 14:24:57.860  9831  9831 E AndroidRuntime: 	at android.view.ViewGroup.dispatchTouchEvent(ViewGroup.java:2643)
06-03 14:24:57.860  9831  9831 E AndroidRuntime: 	at android.view.ViewGroup.dispatchTransformedTouchEvent(ViewGroup.java:2968)
06-03 14:24:57.860  9831  9831 E AndroidRuntime: 	at android.view.ViewGroup.dispatchTouchEvent(ViewGroup.java:2657)
06-03 14:24:57.860  9831  9831 E AndroidRuntime: 	at com.android.internal.policy.DecorView.superDispatchTouchEvent(DecorView.java:455)
06-03 14:24:57.860  9831  9831 E AndroidRuntime: 	at com.android.internal.policy.PhoneWindow.superDispatchTouchEvent(PhoneWindow.java:1829)
06-03 14:24:57.860  9831  9831 E AndroidRuntime: 	at android.app.Activity.dispatchTouchEvent(Activity.java:3378)
06-03 14:24:57.860  9831  9831 E AndroidRuntime: 	at android.support.v7.view.WindowCallbackWrapper.dispatchTouchEvent(WindowCallbackWrapper.java:68)
06-03 14:24:57.860  9831  9831 E AndroidRuntime: 	at com.android.internal.policy.DecorView.dispatchTouchEvent(DecorView.java:414)
06-03 14:24:57.860  9831  9831 E AndroidRuntime: 	at android.view.View.dispatchPointerEvent(View.java:12016)
06-03 14:24:57.860  9831  9831 E AndroidRuntime: 	at android.view.ViewRootImpl$ViewPostImeInputStage.processPointerEvent(ViewRootImpl.java:4795)
06-03 14:24:57.860  9831  9831 E AndroidRuntime: 	at android.view.ViewRootImpl$ViewPostImeInputStage.onProcess(ViewRootImpl.java:4609)
06-03 14:24:57.860  9831  9831 E AndroidRuntime: 	at android.view.ViewRootImpl$InputStage.deliver(ViewRootImpl.java:4147)
06-03 14:24:57.860  9831  9831 E AndroidRuntime: 	at android.view.ViewRootImpl$InputStage.onDeliverToNext(ViewRootImpl.java:4200)
06-03 14:24:57.860  9831  9831 E AndroidRuntime: 	at android.view.ViewRootImpl$InputStage.forward(ViewRootImpl.java:4166)
06-03 14:24:57.860  9831  9831 E AndroidRuntime: 	at android.view.ViewRootImpl$AsyncInputStage.forward(ViewRootImpl.java:4293)
06-03 14:24:57.860  9831  9831 E AndroidRuntime: 	at android.view.ViewRootImpl$InputStage.apply(ViewRootImpl.java:4174)
06-03 14:24:57.860  9831  9831 E AndroidRuntime: 	at android.view.ViewRootImpl$AsyncInputStage.apply(ViewRootImpl.java:4350)
06-03 14:24:57.860  9831  9831 E AndroidRuntime: 	at android.view.ViewRootImpl$InputStage.deliver(ViewRootImpl.java:4147)
06-03 14:24:57.860  9831  9831 E AndroidRuntime: 	at android.view.ViewRootImpl$InputStage.onDeliverToNext(ViewRootImpl.java:4200)
06-03 14:24:57.860  9831  9831 E AndroidRuntime: 	at android.view.ViewRootImpl$InputStage.forward(ViewRootImpl.java:4166)
06-03 14:24:57.860  9831  9831 E AndroidRuntime: 	at android.view.ViewRootImpl$InputStage.apply(ViewRootImpl.java:4174)
06-03 14:24:57.860  9831  9831 E AndroidRuntime: 	at android.view.ViewRootImpl$InputStage.deliver(ViewRootImpl.java:4147)
06-03 14:24:57.860  9831  9831 E AndroidRuntime: 	at android.view.ViewRootImpl.deliverInputEvent(ViewRootImpl.java:6661)
06-03 14:24:57.860  9831  9831 E AndroidRuntime: 	at android.view.ViewRootImpl.doProcessInputEvents(ViewRootImpl.java:6635)
