06-03 14:24:57.860  9831  9831 E AndroidRuntime: 	at android.view.ViewRootImpl.enqueueInputEvent(ViewRootImpl.java:6596)
06-03 14:24:57.860  9831  9831 E AndroidRuntime: 	at android.view.ViewRootImpl$WindowInputEventReceiver.onInputEvent(ViewRootImpl.java:6764)
06-03 14:24:57.860  9831  9831 E AndroidRuntime: 	at android.view.InputEventReceiver.dispatchInputEvent(InputEventReceiver.java:186)
06-03 14:24:57.860  9831  9831 E AndroidRuntime: 	at android.os.MessageQueue.nativePollOnce(Native Method)
06-03 14:24:57.860  9831  9831 E AndroidRuntime: 	at android.os.MessageQueue.next(MessageQueue.java:325)
06-03 14:24:57.860  9831  9831 E AndroidRuntime: 	at android.os.Looper.loop(Looper.java:142)
06-03 14:24:57.860  9831  9831 E AndroidRuntime: 	at android.app.ActivityThread.main(ActivityThread.java:6494)
06-03 14:24:57.860  9831  9831 E AndroidRuntime: 	at java.lang.reflect.Method.invoke(Native Method)
06-03 14:24:57.860  9831  9831 E AndroidRuntime: 	at com.android.internal.os.RuntimeInit$MethodAndArgsCaller.run(RuntimeInit.java:463)
06-03 14:24:57.860  9831  9831 E AndroidRuntime: 	at com.android.internal.os.ZygoteInit.main(ZygoteInit.java:807)
06-03 14:24:59.979  2238  2260 I chatty  : uid=1000 system_server expire 16 lines
06-03 14:25:04.210  2238  9892 I chatty  : uid=1000 system_server expire 10 lines
06-03 14:25:13.186  2238  2252 I chatty  : uid=1000 system_server expire 8 lines
06-03 14:25:14.392  9899  9899 W ViewRootImpl[Settings]: Dropping event due to no window focus: MotionEvent { action=ACTION_HOVER_MOVE, actionButton=0, id[0]=0, x[0]=919.1197, y[0]=592.10547, toolType[0]=TOOL_TYPE_MOUSE, buttonState=0, metaState=0, flags=0x0, edgeFlags=0x0, pointerCount=1, historySize=11, eventTime=19265483, downTime=19265239, deviceId=3, source=0x2002 }
06-03 14:25:14.410  9899  9899 W ViewRootImpl[Settings]: Dropping event due to no window focus: MotionEvent { action=ACTION_HOVER_MOVE, actionButton=0, id[0]=0, x[0]=1099.798, y[0]=614.8342, toolType[0]=TOOL_TYPE_MOUSE, buttonState=0, metaState=0, flags=0x0, edgeFlags=0x0, pointerCount=1, historySize=3, eventTime=19265515, downTime=19265239, deviceId=3, source=0x2002 }
06-03 14:25:14.410  9899  9899 W ViewRootImpl[Settings]: Cancelling event due to no window focus: MotionEvent { action=ACTION_CANCEL, actionButton=0, id[0]=0, x[0]=1105.4926, y[0]=614.8342, toolType[0]=TOOL_TYPE_MOUSE, buttonState=0, metaState=0, flags=0x0, edgeFlags=0x0, pointerCount=1, historySize=0, eventTime=19265527, downTime=19265239, deviceId=3, source=0x2002 }
06-03 14:25:14.410  9899  9899 I chatty  : uid=1000(system) com.android.settings identical 19 lines
06-03 14:25:14.410  9899  9899 W ViewRootImpl[Settings]: Cancelling event due to no window focus: MotionEvent { action=ACTION_CANCEL, actionButton=0, id[0]=0, x[0]=1105.4926, y[0]=614.8342, toolType[0]=TOOL_TYPE_MOUSE, buttonState=0, metaState=0, flags=0x0, edgeFlags=0x0, pointerCount=1, historySize=0, eventTime=19265527, downTime=19265239, deviceId=3, source=0x2002 }
06-03 14:25:16.417  2362  2362 I chatty  : uid=10033(com.android.systemui) expire 76 lines
06-03 14:25:16.656  9899  9899 W ContextImpl: Calling a method in the system process without a qualified user: android.app.ContextImpl.bindService:1556 android.content.ContextWrapper.bindService:684 android.content.pm.permission.RuntimePermissionPresenter$RemoteService.processMessage:171 android.content.pm.permission.RuntimePermissionPresenter.getAppPermissions:118 com.android.settingslib.applications.PermissionsSummaryHelper.getPermissionSummary:34 
06-03 14:25:16.675  9899  9899 W ViewRootImpl[Settings$AppAndNotificationDashboardActivity]: Dropping event due to no window focus: MotionEvent { action=ACTION_HOVER_MOVE, actionButton=0, id[0]=0, x[0]=550.87604, y[0]=245.08534, toolType[0]=TOOL_TYPE_MOUSE, buttonState=0, metaState=0, flags=0x0, edgeFlags=0x0, pointerCount=1, historySize=10, eventTime=19267775, downTime=19267535, deviceId=3, source=0x2002 }
06-03 14:25:16.699  9899  9899 W ViewRootImpl[Settings$AppAndNotificationDashboardActivity]: Dropping event due to no window focus: MotionEvent { action=ACTION_HOVER_MOVE, actionButton=0, id[0]=0, x[0]=594.3341, y[0]=260.64664, toolType[0]=TOOL_TYPE_MOUSE, buttonState=0, metaState=0, flags=0x0, edgeFlags=0x0, pointerCount=1, historySize=2, eventTime=19267795, downTime=19267535, deviceId=3, source=0x2002 }
06-03 14:25:16.699  9899  9899 W ViewRootImpl[Settings$AppAndNotificationDashboardActivity]: Cancelling event due to no window focus: MotionEvent { action=ACTION_CANCEL, actionButton=0, id[0]=0, x[0]=610.5854, y[0]=267.14716, toolType[0]=TOOL_TYPE_MOUSE, buttonState=0, metaState=0, flags=0x0, edgeFlags=0x0, pointerCount=1, historySize=0, eventTime=19267807, downTime=19267535, deviceId=3, source=0x2002 }
06-03 14:25:16.699  9899  9899 W ViewRootImpl[Settings$AppAndNotificationDashboardActivity]: Cancelling event due to no window focus: MotionEvent { action=ACTION_CANCEL, actionButton=0, id[0]=0, x[0]=610.5854, y[0]=267.14716, toolType[0]=TOOL_TYPE_MOUSE, buttonState=0, metaState=0, flags=0x0, edgeFlags=0x0, pointerCount=1, historySize=0, eventTime=19267807, downTime=19267535, deviceId=3, source=0x2002 }
06-03 14:25:18.724  9899  9899 D ViewRootImpl[SubSettings]: updatePointerIcon called with position out of bounds
06-03 14:25:18.981  9899  9899 D ViewRootImpl[SubSettings]: updatePointerIcon called with position out of bounds
06-03 14:25:19.899  2238  2824 I chatty  : uid=1000 system_server expire 13 lines
06-03 14:25:24.336  2238  2285 I chatty  : uid=1000 system_server expire 39 lines
06-03 14:25:26.854  2238  3141 I chatty  : uid=1000 system_server expire 26 lines
06-03 14:25:37.243  2238  5368 I chatty  : uid=1000 system_server expire 3 lines
06-03 14:25:39.890  9955  9955 I chatty  : uid=10082(u0_a82) com.seafile.seadroid2.debug expire 5 lines
06-03 14:25:47.794  9955  9955 E AndroidRuntime: FATAL EXCEPTION: main
06-03 14:25:47.794  9955  9955 E AndroidRuntime: Process: com.seafile.seadroid2.debug, PID: 9955
06-03 14:25:47.794  9955  9955 E AndroidRuntime: java.lang.NullPointerException: Attempt to invoke virtual method 'void android.support.v7.widget.Toolbar.setTitle(int)' on a null object reference
06-03 14:25:47.794  9955  9955 E AndroidRuntime: 	at com.seafile.seadroid2.ui.activity.BrowserActivity.onBackPressed(BrowserActivity.java:2170)
06-03 14:25:47.794  9955  9955 E AndroidRuntime: 	at android.app.Activity.pressKeyBack(Activity.java:3294)
06-03 14:25:47.794  9955  9955 E AndroidRuntime: 	at com.android.internal.widget.DecorCaptionView.keyBackWindow(DecorCaptionView.java:417)
06-03 14:25:47.794  9955  9955 E AndroidRuntime: 	at com.android.internal.widget.DecorCaptionView.onSingleTapUp(DecorCaptionView.java:588)
06-03 14:25:47.794  9955  9955 E AndroidRuntime: 	at android.view.GestureDetector.onTouchEvent(GestureDetector.java:640)
06-03 14:25:47.794  9955  9955 E AndroidRuntime: 	at com.android.internal.widget.DecorCaptionView.onTouchEvent(DecorCaptionView.java:220)
06-03 14:25:47.794  9955  9955 E AndroidRuntime: 	at android.view.View.dispatchTouchEvent(View.java:11777)
06-03 14:25:47.794  9955  9955 E AndroidRuntime: 	at android.view.ViewGroup.dispatchTransformedTouchEvent(ViewGroup.java:2962)
06-03 14:25:47.794  9955  9955 E AndroidRuntime: 	at android.view.ViewGroup.dispatchTouchEvent(ViewGroup.java:2643)
06-03 14:25:47.794  9955  9955 E AndroidRuntime: 	at android.view.ViewGroup.dispatchTransformedTouchEvent(ViewGroup.java:2968)
06-03 14:25:47.794  9955  9955 E AndroidRuntime: 	at android.view.ViewGroup.dispatchTouchEvent(ViewGroup.java:2657)
06-03 14:25:47.794  9955  9955 E AndroidRuntime: 	at com.android.internal.policy.DecorView.superDispatchTouchEvent(DecorView.java:455)
06-03 14:25:47.794  9955  9955 E AndroidRuntime: 	at com.android.internal.policy.PhoneWindow.superDispatchTouchEvent(PhoneWindow.java:1829)
06-03 14:25:47.794  9955  9955 E AndroidRuntime: 	at android.app.Activity.dispatchTouchEvent(Activity.java:3378)
06-03 14:25:47.794  9955  9955 E AndroidRuntime: 	at android.support.v7.view.WindowCallbackWrapper.dispatchTouchEvent(WindowCallbackWrapper.java:68)
06-03 14:25:47.794  9955  9955 E AndroidRuntime: 	at com.android.internal.policy.DecorView.dispatchTouchEvent(DecorView.java:414)
06-03 14:25:47.794  9955  9955 E AndroidRuntime: 	at android.view.View.dispatchPointerEvent(View.java:12016)
06-03 14:25:47.794  9955  9955 E AndroidRuntime: 	at android.view.ViewRootImpl$ViewPostImeInputStage.processPointerEvent(ViewRootImpl.java:4795)
06-03 14:25:47.794  9955  9955 E AndroidRuntime: 	at android.view.ViewRootImpl$ViewPostImeInputStage.onProcess(ViewRootImpl.java:4609)
06-03 14:25:47.794  9955  9955 E AndroidRuntime: 	at android.view.ViewRootImpl$InputStage.deliver(ViewRootImpl.java:4147)
06-03 14:25:47.794  9955  9955 E AndroidRuntime: 	at android.view.ViewRootImpl$InputStage.onDeliverToNext(ViewRootImpl.java:4200)
06-03 14:25:47.794  9955  9955 E AndroidRuntime: 	at android.view.ViewRootImpl$InputStage.forward(ViewRootImpl.java:4166)
06-03 14:25:47.794  9955  9955 E AndroidRuntime: 	at android.view.ViewRootImpl$AsyncInputStage.forward(ViewRootImpl.java:4293)
06-03 14:25:47.794  9955  9955 E AndroidRuntime: 	at android.view.ViewRootImpl$InputStage.apply(ViewRootImpl.java:4174)
06-03 14:25:47.794  9955  9955 E AndroidRuntime: 	at android.view.ViewRootImpl$AsyncInputStage.apply(ViewRootImpl.java:4350)
06-03 14:25:47.794  9955  9955 E AndroidRuntime: 	at android.view.ViewRootImpl$InputStage.deliver(ViewRootImpl.java:4147)
06-03 14:25:47.794  9955  9955 E AndroidRuntime: 	at android.view.ViewRootImpl$InputStage.onDeliverToNext(ViewRootImpl.java:4200)
06-03 14:25:47.794  9955  9955 E AndroidRuntime: 	at android.view.ViewRootImpl$InputStage.forward(ViewRootImpl.java:4166)
06-03 14:25:47.794  9955  9955 E AndroidRuntime: 	at android.view.ViewRootImpl$InputStage.apply(ViewRootImpl.java:4174)
06-03 14:25:47.794  9955  9955 E AndroidRuntime: 	at android.view.ViewRootImpl$InputStage.deliver(ViewRootImpl.java:4147)
06-03 14:25:47.794  9955  9955 E AndroidRuntime: 	at android.view.ViewRootImpl.deliverInputEvent(ViewRootImpl.java:6661)
06-03 14:25:47.794  9955  9955 E AndroidRuntime: 	at android.view.ViewRootImpl.doProcessInputEvents(ViewRootImpl.java:6635)
06-03 14:25:47.794  9955  9955 E AndroidRuntime: 	at android.view.ViewRootImpl.enqueueInputEvent(ViewRootImpl.java:6596)
06-03 14:25:47.794  9955  9955 E AndroidRuntime: 	at android.view.ViewRootImpl$WindowInputEventReceiver.onInputEvent(ViewRootImpl.java:6764)
06-03 14:25:47.794  9955  9955 E AndroidRuntime: 	at android.view.InputEventReceiver.dispatchInputEvent(InputEventReceiver.java:186)
06-03 14:25:47.794  9955  9955 E AndroidRuntime: 	at android.os.MessageQueue.nativePollOnce(Native Method)
06-03 14:25:47.794  9955  9955 E AndroidRuntime: 	at android.os.MessageQueue.next(MessageQueue.java:325)
06-03 14:25:47.794  9955  9955 E AndroidRuntime: 	at android.os.Looper.loop(Looper.java:142)
06-03 14:25:47.794  9955  9955 E AndroidRuntime: 	at android.app.ActivityThread.main(ActivityThread.java:6494)
06-03 14:25:47.794  9955  9955 E AndroidRuntime: 	at java.lang.reflect.Method.invoke(Native Method)
06-03 14:25:47.794  9955  9955 E AndroidRuntime: 	at com.android.internal.os.RuntimeInit$MethodAndArgsCaller.run(RuntimeInit.java:463)
06-03 14:25:47.794  9955  9955 E AndroidRuntime: 	at com.android.internal.os.ZygoteInit.main(ZygoteInit.java:807)
06-03 14:25:47.797  2238  2254 I chatty  : uid=1000 system_server expire 60 lines
06-03 14:25:52.278  2238 10012 I chatty  : uid=1000 system_server expire 16 lines
06-03 14:25:58.174  9899  9899 W ViewRootImpl[Settings]: Dropping event due to no window focus: MotionEvent { action=ACTION_HOVER_MOVE, actionButton=0, id[0]=0, x[0]=559.18823, y[0]=688.9648, toolType[0]=TOOL_TYPE_MOUSE, buttonState=0, metaState=0, flags=0x0, edgeFlags=0x0, pointerCount=1, historySize=7, eventTime=19309277, downTime=19309081, deviceId=3, source=0x2002 }
06-03 14:25:58.192  9899  9899 W ViewRootImpl[Settings]: Dropping event due to no window focus: MotionEvent { action=ACTION_HOVER_MOVE, actionButton=0, id[0]=0, x[0]=605.42017, y[0]=690.9024, toolType[0]=TOOL_TYPE_MOUSE, buttonState=0, metaState=0, flags=0x0, edgeFlags=0x0, pointerCount=1, historySize=1, eventTime=19309293, downTime=19309081, deviceId=3, source=0x2002 }
06-03 14:25:58.192  9899  9899 W ViewRootImpl[Settings]: Cancelling event due to no window focus: MotionEvent { action=ACTION_CANCEL, actionButton=0, id[0]=0, x[0]=631.05176, y[0]=692.8741, toolType[0]=TOOL_TYPE_MOUSE, buttonState=0, metaState=0, flags=0x0, edgeFlags=0x0, pointerCount=1, historySize=0, eventTime=19309305, downTime=19309081, deviceId=3, source=0x2002 }
06-03 14:25:58.192  9899  9899 I chatty  : uid=1000(system) com.android.settings identical 22 lines
06-03 14:25:58.192  9899  9899 W ViewRootImpl[Settings]: Cancelling event due to no window focus: MotionEvent { action=ACTION_CANCEL, actionButton=0, id[0]=0, x[0]=631.05176, y[0]=692.8741, toolType[0]=TOOL_TYPE_MOUSE, buttonState=0, metaState=0, flags=0x0, edgeFlags=0x0, pointerCount=1, historySize=0, eventTime=19309305, downTime=19309081, deviceId=3, source=0x2002 }
06-03 14:25:59.725  2362  2362 I chatty  : uid=10033(com.android.systemui) expire 16 lines
06-03 14:25:59.923  9899  9899 W ContextImpl: Calling a method in the system process without a qualified user: android.app.ContextImpl.bindService:1556 android.content.ContextWrapper.bindService:684 android.content.pm.permission.RuntimePermissionPresenter$RemoteService.processMessage:171 android.content.pm.permission.RuntimePermissionPresenter.getAppPermissions:118 com.android.settingslib.applications.PermissionsSummaryHelper.getPermissionSummary:34 
06-03 14:25:59.925  2238  2256 I chatty  : uid=1000 system_server expire 12 lines
06-03 14:25:59.926  9899  9899 W ViewRootImpl[Settings$AppAndNotificationDashboardActivity]: Dropping event due to no window focus: MotionEvent { action=ACTION_HOVER_MOVE, actionButton=0, id[0]=0, x[0]=489.29242, y[0]=257.07217, toolType[0]=TOOL_TYPE_MOUSE, buttonState=0, metaState=0, flags=0x0, edgeFlags=0x0, pointerCount=1, historySize=5, eventTime=19311023, downTime=19310843, deviceId=3, source=0x2002 }
06-03 14:25:59.942  9899  9899 W ViewRootImpl[Settings$AppAndNotificationDashboardActivity]: Dropping event due to no window focus: MotionEvent { action=ACTION_HOVER_MOVE, actionButton=0, id[0]=0, x[0]=506.80286, y[0]=262.2371, toolType[0]=TOOL_TYPE_MOUSE, buttonState=0, metaState=0, flags=0x0, edgeFlags=0x0, pointerCount=1, historySize=1, eventTime=19311039, downTime=19310843, deviceId=3, source=0x2002 }
06-03 14:25:59.942  9899  9899 W ViewRootImpl[Settings$AppAndNotificationDashboardActivity]: Cancelling event due to no window focus: MotionEvent { action=ACTION_CANCEL, actionButton=0, id[0]=0, x[0]=519.53564, y[0]=266.48135, toolType[0]=TOOL_TYPE_MOUSE, buttonState=0, metaState=0, flags=0x0, edgeFlags=0x0, pointerCount=1, historySize=0, eventTime=19311051, downTime=19310843, deviceId=3, source=0x2002 }
06-03 14:25:59.942  9899  9899 W ViewRootImpl[Settings$AppAndNotificationDashboardActivity]: Cancelling event due to no window focus: MotionEvent { action=ACTION_CANCEL, actionButton=0, id[0]=0, x[0]=519.53564, y[0]=266.48135, toolType[0]=TOOL_TYPE_MOUSE, buttonState=0, metaState=0, flags=0x0, edgeFlags=0x0, pointerCount=1, historySize=0, eventTime=19311051, downTime=19310843, deviceId=3, source=0x2002 }
06-03 14:26:01.307  9899  9899 D ViewRootImpl[SubSettings]: updatePointerIcon called with position out of bounds
06-03 14:26:01.614  9899  9899 D ViewRootImpl[SubSettings]: updatePointerIcon called with position out of bounds
06-03 14:26:04.510  2238  2285 I chatty  : uid=1000 system_server expire 23 lines
06-03 14:26:12.965 10025 10025 I chatty  : uid=10082(u0_a82) com.seafile.seadroid2.debug expire 12 lines
06-03 14:26:17.842 10025 10025 E AndroidRuntime: FATAL EXCEPTION: main
06-03 14:26:17.842 10025 10025 E AndroidRuntime: Process: com.seafile.seadroid2.debug, PID: 10025
06-03 14:26:17.842 10025 10025 E AndroidRuntime: java.lang.NullPointerException: Attempt to invoke virtual method 'void android.support.v7.widget.Toolbar.setTitle(java.lang.CharSequence)' on a null object reference
06-03 14:26:17.842 10025 10025 E AndroidRuntime: 	at com.seafile.seadroid2.ui.activity.BrowserActivity.onBackPressed(BrowserActivity.java:2176)
06-03 14:26:17.842 10025 10025 E AndroidRuntime: 	at android.app.Activity.pressKeyBack(Activity.java:3294)
06-03 14:26:17.842 10025 10025 E AndroidRuntime: 	at com.android.internal.widget.DecorCaptionView.keyBackWindow(DecorCaptionView.java:417)
06-03 14:26:17.842 10025 10025 E AndroidRuntime: 	at com.android.internal.widget.DecorCaptionView.onSingleTapUp(DecorCaptionView.java:588)
06-03 14:26:17.842 10025 10025 E AndroidRuntime: 	at android.view.GestureDetector.onTouchEvent(GestureDetector.java:640)
06-03 14:26:17.842 10025 10025 E AndroidRuntime: 	at com.android.internal.widget.DecorCaptionView.onTouchEvent(DecorCaptionView.java:220)
06-03 14:26:17.842 10025 10025 E AndroidRuntime: 	at android.view.View.dispatchTouchEvent(View.java:11777)
06-03 14:26:17.842 10025 10025 E AndroidRuntime: 	at android.view.ViewGroup.dispatchTransformedTouchEvent(ViewGroup.java:2962)
06-03 14:26:17.842 10025 10025 E AndroidRuntime: 	at android.view.ViewGroup.dispatchTouchEvent(ViewGroup.java:2643)
06-03 14:26:17.842 10025 10025 E AndroidRuntime: 	at android.view.ViewGroup.dispatchTransformedTouchEvent(ViewGroup.java:2968)
06-03 14:26:17.842 10025 10025 E AndroidRuntime: 	at android.view.ViewGroup.dispatchTouchEvent(ViewGroup.java:2657)
06-03 14:26:17.842 10025 10025 E AndroidRuntime: 	at com.android.internal.policy.DecorView.superDispatchTouchEvent(DecorView.java:455)
06-03 14:26:17.842 10025 10025 E AndroidRuntime: 	at com.android.internal.policy.PhoneWindow.superDispatchTouchEvent(PhoneWindow.java:1829)
06-03 14:26:17.842 10025 10025 E AndroidRuntime: 	at android.app.Activity.dispatchTouchEvent(Activity.java:3378)
06-03 14:26:17.842 10025 10025 E AndroidRuntime: 	at android.support.v7.view.WindowCallbackWrapper.dispatchTouchEvent(WindowCallbackWrapper.java:68)
06-03 14:26:17.842 10025 10025 E AndroidRuntime: 	at com.android.internal.policy.DecorView.dispatchTouchEvent(DecorView.java:414)
06-03 14:26:17.842 10025 10025 E AndroidRuntime: 	at android.view.View.dispatchPointerEvent(View.java:12016)
06-03 14:26:17.842 10025 10025 E AndroidRuntime: 	at android.view.ViewRootImpl$ViewPostImeInputStage.processPointerEvent(ViewRootImpl.java:4795)
06-03 14:26:17.842 10025 10025 E AndroidRuntime: 	at android.view.ViewRootImpl$ViewPostImeInputStage.onProcess(ViewRootImpl.java:4609)
06-03 14:26:17.842 10025 10025 E AndroidRuntime: 	at android.view.ViewRootImpl$InputStage.deliver(ViewRootImpl.java:4147)
06-03 14:26:17.842 10025 10025 E AndroidRuntime: 	at android.view.ViewRootImpl$InputStage.onDeliverToNext(ViewRootImpl.java:4200)
06-03 14:26:17.842 10025 10025 E AndroidRuntime: 	at android.view.ViewRootImpl$InputStage.forward(ViewRootImpl.java:4166)
06-03 14:26:17.842 10025 10025 E AndroidRuntime: 	at android.view.ViewRootImpl$AsyncInputStage.forward(ViewRootImpl.java:4293)
06-03 14:26:17.842 10025 10025 E AndroidRuntime: 	at android.view.ViewRootImpl$InputStage.apply(ViewRootImpl.java:4174)
06-03 14:26:17.842 10025 10025 E AndroidRuntime: 	at android.view.ViewRootImpl$AsyncInputStage.apply(ViewRootImpl.java:4350)
06-03 14:26:17.842 10025 10025 E AndroidRuntime: 	at android.view.ViewRootImpl$InputStage.deliver(ViewRootImpl.java:4147)
06-03 14:26:17.842 10025 10025 E AndroidRuntime: 	at android.view.ViewRootImpl$InputStage.onDeliverToNext(ViewRootImpl.java:4200)
06-03 14:26:17.842 10025 10025 E AndroidRuntime: 	at android.view.ViewRootImpl$InputStage.forward(ViewRootImpl.java:4166)
06-03 14:26:17.842 10025 10025 E AndroidRuntime: 	at android.view.ViewRootImpl$InputStage.apply(ViewRootImpl.java:4174)
06-03 14:26:17.842 10025 10025 E AndroidRuntime: 	at android.view.ViewRootImpl$InputStage.deliver(ViewRootImpl.java:4147)
06-03 14:26:17.842 10025 10025 E AndroidRuntime: 	at android.view.ViewRootImpl.deliverInputEvent(ViewRootImpl.java:6661)
06-03 14:26:17.842 10025 10025 E AndroidRuntime: 	at android.view.ViewRootImpl.doProcessInputEvents(ViewRootImpl.java:6635)
06-03 14:26:17.842 10025 10025 E AndroidRuntime: 	at android.view.ViewRootImpl.enqueueInputEvent(ViewRootImpl.java:6596)
06-03 14:26:17.842 10025 10025 E AndroidRuntime: 	at android.view.ViewRootImpl$WindowInputEventReceiver.onInputEvent(ViewRootImpl.java:6764)
06-03 14:26:17.842 10025 10025 E AndroidRuntime: 	at android.view.InputEventReceiver.dispatchInputEvent(InputEventReceiver.java:186)
06-03 14:26:17.842 10025 10025 E AndroidRuntime: 	at android.os.MessageQueue.nativePollOnce(Native Method)
06-03 14:26:17.842 10025 10025 E AndroidRuntime: 	at android.os.MessageQueue.next(MessageQueue.java:325)
06-03 14:26:17.842 10025 10025 E AndroidRuntime: 	at android.os.Looper.loop(Looper.java:142)
06-03 14:26:17.842 10025 10025 E AndroidRuntime: 	at android.app.ActivityThread.main(ActivityThread.java:6494)
06-03 14:26:17.842 10025 10025 E AndroidRuntime: 	at java.lang.reflect.Method.invoke(Native Method)
06-03 14:26:17.842 10025 10025 E AndroidRuntime: 	at com.android.internal.os.RuntimeInit$MethodAndArgsCaller.run(RuntimeInit.java:463)
06-03 14:26:17.842 10025 10025 E AndroidRuntime: 	at com.android.internal.os.ZygoteInit.main(ZygoteInit.java:807)
06-03 14:26:17.843  2238  3141 I chatty  : uid=1000 system_server expire 11 lines
06-03 14:26:17.901  2238  2254 I chatty  : uid=1000 system_server expire 37 lines
06-03 14:26:38.579  9899  9899 W ContextImpl: Calling a method in the system process without a qualified user: android.app.ContextImpl.bindService:1556 android.content.ContextWrapper.bindService:684 android.content.pm.permission.RuntimePermissionPresenter$RemoteService.processMessage:171 android.content.pm.permission.RuntimePermissionPresenter.getAppPermissions:118 com.android.settingslib.applications.PermissionsSummaryHelper.getPermissionSummary:34 
06-03 14:26:38.682  2362  2362 I chatty  : uid=10033(com.android.systemui) expire 54 lines
06-03 14:26:38.683  9899  9899 W ViewRootImpl[Settings$AppAndNotificationDashboardActivity]: Cancelling event due to no window focus: MotionEvent { action=ACTION_CANCEL, actionButton=0, id[0]=0, x[0]=814.5804, y[0]=222.68207, toolType[0]=TOOL_TYPE_MOUSE, buttonState=BUTTON_PRIMARY, metaState=0, flags=0x0, edgeFlags=0x0, pointerCount=1, historySize=0, eventTime=19349801, downTime=19349801, deviceId=3, source=0x2002 }
06-03 14:26:38.683  9899  9899 I chatty  : uid=1000(system) com.android.settings identical 26 lines
06-03 14:26:38.683  9899  9899 W ViewRootImpl[Settings$AppAndNotificationDashboardActivity]: Cancelling event due to no window focus: MotionEvent { action=ACTION_CANCEL, actionButton=0, id[0]=0, x[0]=814.5804, y[0]=222.68207, toolType[0]=TOOL_TYPE_MOUSE, buttonState=BUTTON_PRIMARY, metaState=0, flags=0x0, edgeFlags=0x0, pointerCount=1, historySize=0, eventTime=19349801, downTime=19349801, deviceId=3, source=0x2002 }
06-03 14:26:39.788  9899  9899 D ViewRootImpl[SubSettings]: updatePointerIcon called with position out of bounds
06-03 14:26:40.197  9899  9899 D ViewRootImpl[SubSettings]: updatePointerIcon called with position out of bounds
06-03 14:26:40.809  2238  2250 I chatty  : uid=1000 system_server expire 18 lines
06-03 14:26:43.093  2238  2285 I chatty  : uid=1000 system_server expire 13 lines
06-03 14:27:22.272  2238  4251 I chatty  : uid=1000 system_server expire 15 lines
06-03 14:27:22.311  2929  3921 V PackageManager: [5dfc911b-0d92-421b-95c2-aeec4f8167ea] Phase1 called; posting
06-03 14:27:22.312  2929  2929 D PackageManager: [5dfc911b-0d92-421b-95c2-aeec4f8167ea] Phase1 request; prefix: [1208311808, 305614848]
06-03 14:27:22.312  2929  3921 V PackageManager: [3fa9d09d-2b4f-44dc-a626-7328dca74431] Phase1 called; posting
06-03 14:27:22.312  2929  2929 D PackageManager: [3fa9d09d-2b4f-44dc-a626-7328dca74431] Phase1 request; prefix: [1208311808, 305614848]
06-03 14:27:24.097  2362  2362 I chatty  : uid=10033(com.android.systemui) expire 24 lines
06-03 14:28:12.397  9553  9553 E AndroidRuntime: FATAL EXCEPTION: main
06-03 14:28:12.397  9553  9553 E AndroidRuntime: Process: com.termux, PID: 9553
06-03 14:28:12.397  9553  9553 E AndroidRuntime: java.lang.RuntimeException: Unable to start activity ComponentInfo{com.termux/com.termux.app.TermuxActivity}: java.lang.IllegalStateException: Not allowed to start service Intent { cmp=com.termux/.app.TermuxService }: app is in background uid UidRecord{e9f9b12 u0a34 LAST bg:+4m23s545ms idle procs:1 seq(0,0,0)}
06-03 14:28:12.397  9553  9553 E AndroidRuntime: 	at android.app.ActivityThread.performLaunchActivity(ActivityThread.java:2778)
06-03 14:28:12.397  9553  9553 E AndroidRuntime: 	at android.app.ActivityThread.handleLaunchActivity(ActivityThread.java:2856)
06-03 14:28:12.397  9553  9553 E AndroidRuntime: 	at android.app.ActivityThread.-wrap11(Unknown Source:0)
06-03 14:28:12.397  9553  9553 E AndroidRuntime: 	at android.app.ActivityThread$H.handleMessage(ActivityThread.java:1589)
06-03 14:28:12.397  9553  9553 E AndroidRuntime: 	at android.os.Handler.dispatchMessage(Handler.java:106)
06-03 14:28:12.397  9553  9553 E AndroidRuntime: 	at android.os.Looper.loop(Looper.java:164)
06-03 14:28:12.397  9553  9553 E AndroidRuntime: 	at android.app.ActivityThread.main(ActivityThread.java:6494)
06-03 14:28:12.397  9553  9553 E AndroidRuntime: 	at java.lang.reflect.Method.invoke(Native Method)
06-03 14:28:12.397  9553  9553 E AndroidRuntime: 	at com.android.internal.os.RuntimeInit$MethodAndArgsCaller.run(RuntimeInit.java:463)
06-03 14:28:12.397  9553  9553 E AndroidRuntime: 	at com.android.internal.os.ZygoteInit.main(ZygoteInit.java:807)
06-03 14:28:12.397  9553  9553 E AndroidRuntime: Caused by: java.lang.IllegalStateException: Not allowed to start service Intent { cmp=com.termux/.app.TermuxService }: app is in background uid UidRecord{e9f9b12 u0a34 LAST bg:+4m23s545ms idle procs:1 seq(0,0,0)}
06-03 14:28:12.397  9553  9553 E AndroidRuntime: 	at android.app.ContextImpl.startServiceCommon(ContextImpl.java:1521)
06-03 14:28:12.397  9553  9553 E AndroidRuntime: 	at android.app.ContextImpl.startService(ContextImpl.java:1477)
06-03 14:28:12.397  9553  9553 E AndroidRuntime: 	at android.content.ContextWrapper.startService(ContextWrapper.java:650)
06-03 14:28:12.397  9553  9553 E AndroidRuntime: 	at com.termux.app.TermuxActivity.onCreate(TermuxActivity.java:236)
06-03 14:28:12.397  9553  9553 E AndroidRuntime: 	at android.app.Activity.performCreate(Activity.java:7105)
06-03 14:28:12.397  9553  9553 E AndroidRuntime: 	at android.app.Activity.performCreate(Activity.java:7096)
06-03 14:28:12.397  9553  9553 E AndroidRuntime: 	at android.app.Instrumentation.callActivityOnCreate(Instrumentation.java:1214)
06-03 14:28:12.397  9553  9553 E AndroidRuntime: 	at android.app.ActivityThread.performLaunchActivity(ActivityThread.java:2731)
06-03 14:28:12.397  9553  9553 E AndroidRuntime: 	... 9 more
06-03 14:28:12.478  2238  2254 I chatty  : uid=1000 system_server expire 57 lines
06-03 14:28:14.964  2238  2285 I chatty  : uid=1000 system_server expire 10 lines
06-03 14:28:43.983 10124 10124 D ViewRootImpl[TermuxActivity]: updatePointerIcon called with position out of bounds
06-03 14:28:44.306 10124 10124 I chatty  : uid=10034(com.termux) identical 10 lines
06-03 14:28:44.317 10124 10124 D ViewRootImpl[TermuxActivity]: updatePointerIcon called with position out of bounds
06-03 14:28:45.279  2362  2362 I chatty  : uid=10033(com.android.systemui) expire 103 lines
06-03 14:28:46.819  2238  3143 I chatty  : uid=1000 system_server expire 10 lines
06-03 14:28:50.443  2238  5349 I chatty  : uid=1000 system_server expire 27 lines
06-03 14:28:51.773 10178 10178 I chatty  : uid=10082(u0_a82) com.seafile.seadroid2.debug expire 4 lines
06-03 14:28:56.154 10178 10178 E AndroidRuntime: FATAL EXCEPTION: main
06-03 14:28:56.154 10178 10178 E AndroidRuntime: Process: com.seafile.seadroid2.debug, PID: 10178
06-03 14:28:56.154 10178 10178 E AndroidRuntime: java.lang.NullPointerException: Attempt to invoke virtual method 'void android.support.v7.widget.Toolbar.setTitle(java.lang.CharSequence)' on a null object reference
06-03 14:28:56.154 10178 10178 E AndroidRuntime: 	at com.seafile.seadroid2.ui.activity.BrowserActivity.onBackPressed(BrowserActivity.java:2176)
06-03 14:28:56.154 10178 10178 E AndroidRuntime: 	at android.app.Activity.pressKeyBack(Activity.java:3294)
06-03 14:28:56.154 10178 10178 E AndroidRuntime: 	at com.android.internal.widget.DecorCaptionView.keyBackWindow(DecorCaptionView.java:417)
06-03 14:28:56.154 10178 10178 E AndroidRuntime: 	at com.android.internal.widget.DecorCaptionView.onSingleTapUp(DecorCaptionView.java:588)
06-03 14:28:56.154 10178 10178 E AndroidRuntime: 	at android.view.GestureDetector.onTouchEvent(GestureDetector.java:640)
06-03 14:28:56.154 10178 10178 E AndroidRuntime: 	at com.android.internal.widget.DecorCaptionView.onTouchEvent(DecorCaptionView.java:220)
06-03 14:28:56.154 10178 10178 E AndroidRuntime: 	at android.view.View.dispatchTouchEvent(View.java:11777)
06-03 14:28:56.154 10178 10178 E AndroidRuntime: 	at android.view.ViewGroup.dispatchTransformedTouchEvent(ViewGroup.java:2962)
06-03 14:28:56.154 10178 10178 E AndroidRuntime: 	at android.view.ViewGroup.dispatchTouchEvent(ViewGroup.java:2643)
06-03 14:28:56.154 10178 10178 E AndroidRuntime: 	at android.view.ViewGroup.dispatchTransformedTouchEvent(ViewGroup.java:2968)
06-03 14:28:56.154 10178 10178 E AndroidRuntime: 	at android.view.ViewGroup.dispatchTouchEvent(ViewGroup.java:2657)
06-03 14:28:56.154 10178 10178 E AndroidRuntime: 	at com.android.internal.policy.DecorView.superDispatchTouchEvent(DecorView.java:455)
06-03 14:28:56.154 10178 10178 E AndroidRuntime: 	at com.android.internal.policy.PhoneWindow.superDispatchTouchEvent(PhoneWindow.java:1829)
06-03 14:28:56.154 10178 10178 E AndroidRuntime: 	at android.app.Activity.dispatchTouchEvent(Activity.java:3378)
06-03 14:28:56.154 10178 10178 E AndroidRuntime: 	at android.support.v7.view.WindowCallbackWrapper.dispatchTouchEvent(WindowCallbackWrapper.java:68)
06-03 14:28:56.154 10178 10178 E AndroidRuntime: 	at com.android.internal.policy.DecorView.dispatchTouchEvent(DecorView.java:414)
06-03 14:28:56.154 10178 10178 E AndroidRuntime: 	at android.view.View.dispatchPointerEvent(View.java:12016)
06-03 14:28:56.154 10178 10178 E AndroidRuntime: 	at android.view.ViewRootImpl$ViewPostImeInputStage.processPointerEvent(ViewRootImpl.java:4795)
06-03 14:28:56.154 10178 10178 E AndroidRuntime: 	at android.view.ViewRootImpl$ViewPostImeInputStage.onProcess(ViewRootImpl.java:4609)
06-03 14:28:56.154 10178 10178 E AndroidRuntime: 	at android.view.ViewRootImpl$InputStage.deliver(ViewRootImpl.java:4147)
06-03 14:28:56.154 10178 10178 E AndroidRuntime: 	at android.view.ViewRootImpl$InputStage.onDeliverToNext(ViewRootImpl.java:4200)
06-03 14:28:56.154 10178 10178 E AndroidRuntime: 	at android.view.ViewRootImpl$InputStage.forward(ViewRootImpl.java:4166)
06-03 14:28:56.154 10178 10178 E AndroidRuntime: 	at android.view.ViewRootImpl$AsyncInputStage.forward(ViewRootImpl.java:4293)
06-03 14:28:56.154 10178 10178 E AndroidRuntime: 	at android.view.ViewRootImpl$InputStage.apply(ViewRootImpl.java:4174)
06-03 14:28:56.154 10178 10178 E AndroidRuntime: 	at android.view.ViewRootImpl$AsyncInputStage.apply(ViewRootImpl.java:4350)
06-03 14:28:56.154 10178 10178 E AndroidRuntime: 	at android.view.ViewRootImpl$InputStage.deliver(ViewRootImpl.java:4147)
06-03 14:28:56.154 10178 10178 E AndroidRuntime: 	at android.view.ViewRootImpl$InputStage.onDeliverToNext(ViewRootImpl.java:4200)
06-03 14:28:56.154 10178 10178 E AndroidRuntime: 	at android.view.ViewRootImpl$InputStage.forward(ViewRootImpl.java:4166)
06-03 14:28:56.154 10178 10178 E AndroidRuntime: 	at android.view.ViewRootImpl$InputStage.apply(ViewRootImpl.java:4174)
06-03 14:28:56.154 10178 10178 E AndroidRuntime: 	at android.view.ViewRootImpl$InputStage.deliver(ViewRootImpl.java:4147)
06-03 14:28:56.154 10178 10178 E AndroidRuntime: 	at android.view.ViewRootImpl.deliverInputEvent(ViewRootImpl.java:6661)
06-03 14:28:56.154 10178 10178 E AndroidRuntime: 	at android.view.ViewRootImpl.doProcessInputEvents(ViewRootImpl.java:6635)
06-03 14:28:56.154 10178 10178 E AndroidRuntime: 	at android.view.ViewRootImpl.enqueueInputEvent(ViewRootImpl.java:6596)
06-03 14:28:56.154 10178 10178 E AndroidRuntime: 	at android.view.ViewRootImpl$WindowInputEventReceiver.onInputEvent(ViewRootImpl.java:6764)
06-03 14:28:56.154 10178 10178 E AndroidRuntime: 	at android.view.InputEventReceiver.dispatchInputEvent(InputEventReceiver.java:186)
06-03 14:28:56.154 10178 10178 E AndroidRuntime: 	at android.os.MessageQueue.nativePollOnce(Native Method)
06-03 14:28:56.154 10178 10178 E AndroidRuntime: 	at android.os.MessageQueue.next(MessageQueue.java:325)
06-03 14:28:56.154 10178 10178 E AndroidRuntime: 	at android.os.Looper.loop(Looper.java:142)
06-03 14:28:56.154 10178 10178 E AndroidRuntime: 	at android.app.ActivityThread.main(ActivityThread.java:6494)
06-03 14:28:56.154 10178 10178 E AndroidRuntime: 	at java.lang.reflect.Method.invoke(Native Method)
06-03 14:28:56.154 10178 10178 E AndroidRuntime: 	at com.android.internal.os.RuntimeInit$MethodAndArgsCaller.run(RuntimeInit.java:463)
06-03 14:28:56.154 10178 10178 E AndroidRuntime: 	at com.android.internal.os.ZygoteInit.main(ZygoteInit.java:807)
06-03 14:28:56.243  2238  2254 I chatty  : uid=1000 system_server expire 88 lines
06-03 14:29:01.791  2238  2285 I chatty  : uid=1000 system_server expire 42 lines
06-03 14:29:04.055  2238  2253 I chatty  : uid=1000 system_server expire 11 lines
06-03 14:29:05.889  2238  2238 I chatty  : uid=1000 system_server expire 10 lines
06-03 14:29:08.783 10124 10124 D ViewRootImpl[TermuxActivity]: updatePointerIcon called with position out of bounds
06-03 14:29:10.537 10124 10124 D ViewRootImpl[TermuxActivity]: updatePointerIcon called with position out of bounds
06-03 14:29:11.903 10225 10225 I chatty  : uid=10082(u0_a82) com.seafile.seadroid2.debug expire 11 lines
06-03 14:29:17.153  2362  2362 I chatty  : uid=10033(com.android.systemui) expire 14 lines
06-03 14:29:23.659 10124 10124 D ViewRootImpl[TermuxActivity]: updatePointerIcon called with position out of bounds
06-03 14:29:26.025 10124 10124 D ViewRootImpl[TermuxActivity]: updatePointerIcon called with position out of bounds
06-03 14:29:27.367  9899  9899 W ViewRootImpl[Settings]: Cancelling event due to no window focus: MotionEvent { action=ACTION_CANCEL, actionButton=0, id[0]=0, x[0]=1785.1035, y[0]=21.364872, toolType[0]=TOOL_TYPE_MOUSE, buttonState=0, metaState=0, flags=0x0, edgeFlags=0x0, pointerCount=1, historySize=0, eventTime=19518486, downTime=19518278, deviceId=3, source=0x2002 }
06-03 14:29:27.367  9899  9899 I chatty  : uid=1000(system) com.android.settings identical 17 lines
06-03 14:29:27.367  9899  9899 W ViewRootImpl[Settings]: Cancelling event due to no window focus: MotionEvent { action=ACTION_CANCEL, actionButton=0, id[0]=0, x[0]=1785.1035, y[0]=21.364872, toolType[0]=TOOL_TYPE_MOUSE, buttonState=0, metaState=0, flags=0x0, edgeFlags=0x0, pointerCount=1, historySize=0, eventTime=19518486, downTime=19518278, deviceId=3, source=0x2002 }
06-03 14:29:29.161  2929  4847 V PackageManager: [7118f065-8a64-4776-8dda-f1792edfc529] Phase1 called; posting
06-03 14:29:29.161  2929  2929 D PackageManager: [7118f065-8a64-4776-8dda-f1792edfc529] Phase1 request; prefix: [1208311808, 305614848]
06-03 14:29:29.167  2929  4847 V PackageManager: [eb4d010a-f222-4c75-b1e9-f921d6d8c4dd] Phase1 called; posting
06-03 14:29:29.167  2929  2929 D PackageManager: [eb4d010a-f222-4c75-b1e9-f921d6d8c4dd] Phase1 request; prefix: [1208311808, 305614848]
06-03 14:29:33.098 10124 10124 D ViewRootImpl[TermuxActivity]: updatePointerIcon called with position out of bounds
06-03 14:29:33.114 10124 10124 D ViewRootImpl[TermuxActivity]: updatePointerIcon called with position out of bounds
06-03 14:30:42.835 10124 10124 D ViewRootImpl[TermuxActivity]: updatePointerIcon called with position out of bounds
06-03 14:30:42.937 10124 10124 D ViewRootImpl[TermuxActivity]: updatePointerIcon called with position out of bounds
06-03 14:30:44.147  2238  2285 I chatty  : uid=1000 system_server expire 11 lines
06-03 14:30:46.179  2362  2362 I chatty  : uid=10033(com.android.systemui) expire 12 lines
06-03 14:31:32.119  2238  2238 I chatty  : uid=1000 system_server expire 17 lines
06-03 14:31:32.178  2238  2285 I chatty  : uid=1000 system_server expire 21 lines
06-03 14:31:34.659  2362  2362 D ViewRootImpl[]: updatePointerIcon called with position out of bounds
06-03 14:31:34.664  2362  2362 D ViewRootImpl[]: updatePointerIcon called with position out of bounds
06-03 14:31:35.747  2362  2362 D ViewRootImpl[OpenthosStatusBar]: updatePointerIcon called with position out of bounds
06-03 14:31:35.747  2362  2362 D ViewRootImpl[StatusBar]: updatePointerIcon called with position out of bounds
06-03 14:31:35.880  2238 10012 I chatty  : uid=1000 system_server expire 11 lines
06-03 14:31:36.013 10225 10225 I chatty  : uid=10082(u0_a82) com.seafile.seadroid2.debug expire 51 lines
06-03 14:32:00.842 10124 10124 D ViewRootImpl[TermuxActivity]: updatePointerIcon called with position out of bounds
06-03 14:32:00.987 10124 10124 D ViewRootImpl[TermuxActivity]: updatePointerIcon called with position out of bounds
06-03 14:32:25.761  2362  2362 D ViewRootImpl[StatusBar]: updatePointerIcon called with position out of bounds
06-03 14:32:59.307  2362  2362 D ViewRootImpl[StatusBar]: updatePointerIcon called with position out of bounds
06-03 14:32:59.309 10225 10225 I chatty  : uid=10082(u0_a82) com.seafile.seadroid2.debug expire 12 lines
06-03 14:33:00.533  2362  2362 D ViewRootImpl[StatusBar]: updatePointerIcon called with position out of bounds
06-03 14:33:00.824 10124 10124 D ViewRootImpl[TermuxActivity]: updatePointerIcon called with position out of bounds
06-03 14:33:01.715 10124 10124 D ViewRootImpl[TermuxActivity]: updatePointerIcon called with position out of bounds
06-03 14:33:04.739  2362  2362 D ViewRootImpl[StatusBar]: updatePointerIcon called with position out of bounds
06-03 14:33:04.748  2929  3386 V PackageManager: [503657d3-d06f-4997-8bbd-d280ec2a643d] Phase1 called; posting
06-03 14:33:04.749  2929  2929 D PackageManager: [503657d3-d06f-4997-8bbd-d280ec2a643d] Phase1 request; prefix: [1208311808, 305614848]
06-03 14:33:04.749  2929  3386 V PackageManager: [f9fa31bc-e5d4-4cbb-9b77-b087cf18d3be] Phase1 called; posting
06-03 14:33:04.749  2929  2929 D PackageManager: [f9fa31bc-e5d4-4cbb-9b77-b087cf18d3be] Phase1 request; prefix: [1208311808, 305614848]
06-03 14:33:05.255  6540  6540 W ViewRootImpl[Main]: Cancelling event due to no window focus: MotionEvent { action=ACTION_CANCEL, actionButton=0, id[0]=0, x[0]=1788.4271, y[0]=24.841728, toolType[0]=TOOL_TYPE_MOUSE, buttonState=0, metaState=0, flags=0x0, edgeFlags=0x0, pointerCount=1, historySize=0, eventTime=19736374, downTime=19735858, deviceId=3, source=0x2002 }
06-03 14:33:05.255  6540  6540 I chatty  : uid=10054(org.chromium.chrome) identical 4 lines
06-03 14:33:05.255  6540  6540 W ViewRootImpl[Main]: Cancelling event due to no window focus: MotionEvent { action=ACTION_CANCEL, actionButton=0, id[0]=0, x[0]=1788.4271, y[0]=24.841728, toolType[0]=TOOL_TYPE_MOUSE, buttonState=0, metaState=0, flags=0x0, edgeFlags=0x0, pointerCount=1, historySize=0, eventTime=19736374, downTime=19735858, deviceId=3, source=0x2002 }
06-03 14:33:05.419 10124 10124 D ViewRootImpl[TermuxActivity]: updatePointerIcon called with position out of bounds
06-03 14:33:05.659 10124 10124 D ViewRootImpl[TermuxActivity]: updatePointerIcon called with position out of bounds
06-03 14:33:06.081  2362  2362 D ViewRootImpl[StatusBar]: updatePointerIcon called with position out of bounds
06-03 14:33:07.827  2362  2362 D ViewRootImpl[StatusBar]: updatePointerIcon called with position out of bounds
06-03 14:33:50.114  2238  5349 I chatty  : uid=1000 system_server expire 12 lines
06-03 14:33:50.237  2238  2285 I chatty  : uid=1000 system_server expire 10 lines
06-03 14:33:52.013  2362  2362 D ViewRootImpl[OpenthosStatusBar]: updatePointerIcon called with position out of bounds
06-03 14:33:52.013  2362  2362 D ViewRootImpl[StatusBar]: updatePointerIcon called with position out of bounds
06-03 14:33:52.173  2362  2362 D ViewRootImpl[]: updatePointerIcon called with position out of bounds
06-03 14:33:52.181  2362  2362 D ViewRootImpl[]: updatePointerIcon called with position out of bounds
06-03 14:34:08.920  2238  2256 I chatty  : uid=1000 system_server expire 16 lines
06-03 14:37:50.230  2362  2362 D ViewRootImpl[]: updatePointerIcon called with position out of bounds
06-03 14:37:51.280  2362  2362 I chatty  : uid=10033(com.android.systemui) identical 106 lines
06-03 14:37:51.297  2362  2362 D ViewRootImpl[]: updatePointerIcon called with position out of bounds
06-03 14:37:51.391  2362  2362 D ViewRootImpl[OpenthosStatusBar]: updatePointerIcon called with position out of bounds
06-03 14:37:51.391  2362  2362 D ViewRootImpl[StatusBar]: updatePointerIcon called with position out of bounds
06-03 14:37:51.394  2238  2250 I chatty  : uid=1000 system_server expire 13 lines
06-03 14:37:51.396  2362  2362 D ViewRootImpl[]: updatePointerIcon called after view was removed
06-03 14:37:51.396  2362  2362 W ViewRootImpl[]: Dropping event due to root view being removed: MotionEvent { action=ACTION_BUTTON_PRESS, actionButton=BUTTON_PRIMARY, id[0]=0, x[0]=261.45886, y[0]=-229.19708, toolType[0]=TOOL_TYPE_MOUSE, buttonState=BUTTON_PRIMARY, metaState=0, flags=0x0, edgeFlags=0x0, pointerCount=1, historySize=0, eventTime=20022510, downTime=20022510, deviceId=3, source=0x2002 }
06-03 14:37:51.536  2362  2362 D ViewRootImpl[]: updatePointerIcon called with position out of bounds
06-03 14:37:51.664  2362  2362 D ViewRootImpl[]: updatePointerIcon called with position out of bounds
06-03 14:37:51.681  2362  2362 D ViewRootImpl[]: updatePointerIcon called with position out of bounds
06-03 14:37:52.714  2362  2362 D ViewRootImpl[]: updatePointerIcon called with position out of bounds
06-03 14:37:52.897  2362  2362 D ViewRootImpl[OpenthosStatusBar]: updatePointerIcon called with position out of bounds
06-03 14:37:52.897  2362  2362 D ViewRootImpl[StatusBar]: updatePointerIcon called with position out of bounds
06-03 14:37:52.903  2362  2362 D ViewRootImpl[]: updatePointerIcon called after view was removed
06-03 14:37:52.903  2362  2362 W ViewRootImpl[]: Dropping event due to root view being removed: MotionEvent { action=ACTION_BUTTON_PRESS, actionButton=BUTTON_PRIMARY, id[0]=0, x[0]=1125.2504, y[0]=387.94745, toolType[0]=TOOL_TYPE_MOUSE, buttonState=BUTTON_PRIMARY, metaState=0, flags=0x0, edgeFlags=0x0, pointerCount=1, historySize=0, eventTime=20024016, downTime=20024016, deviceId=3, source=0x2002 }
06-03 14:37:54.083  2362  2362 D ViewRootImpl[StatusBar]: updatePointerIcon called with position out of bounds
06-03 14:39:01.148 10124 10124 D ViewRootImpl[TermuxActivity]: updatePointerIcon called with position out of bounds
06-03 14:39:01.163 10124 10124 D ViewRootImpl[TermuxActivity]: updatePointerIcon called with position out of bounds
06-03 14:39:02.525  2238  2285 I chatty  : uid=1000 system_server expire 13 lines
06-03 14:39:04.961  2362  2362 D ViewRootImpl[OpenthosStatusBar]: updatePointerIcon called with position out of bounds
06-03 14:39:04.961  2362  2362 D ViewRootImpl[StatusBar]: updatePointerIcon called with position out of bounds
06-03 14:39:05.121  2362  2362 D ViewRootImpl[]: updatePointerIcon called with position out of bounds
06-03 14:39:05.131  2362  2362 D ViewRootImpl[]: updatePointerIcon called with position out of bounds
06-03 14:39:05.514  2362  2362 D ViewRootImpl[]: updatePointerIcon called with position out of bounds
06-03 14:39:06.771  2362  2362 D ViewRootImpl[OpenthosStatusBar]: updatePointerIcon called with position out of bounds
06-03 14:39:06.771  2362  2362 D ViewRootImpl[StatusBar]: updatePointerIcon called with position out of bounds
06-03 14:39:06.907  2238  2250 I chatty  : uid=1000 system_server expire 12 lines
06-03 14:39:10.647  2362  2362 D ViewRootImpl[StatusBar]: updatePointerIcon called with position out of bounds
06-03 14:39:12.947  2362  2362 D ViewRootImpl[StatusBar]: updatePointerIcon called with position out of bounds
06-03 14:39:17.977  2362  2362 D ViewRootImpl[StatusBar]: updatePointerIcon called with position out of bounds
06-03 14:39:18.201 10225 10225 I chatty  : uid=10082(u0_a82) com.seafile.seadroid2.debug expire 30 lines
06-03 14:39:22.335  2362  2362 D ViewRootImpl[StatusBar]: updatePointerIcon called with position out of bounds
06-03 14:39:22.483 10225 10225 E AndroidRuntime: FATAL EXCEPTION: main
06-03 14:39:22.483 10225 10225 E AndroidRuntime: Process: com.seafile.seadroid2.debug, PID: 10225
06-03 14:39:22.483 10225 10225 E AndroidRuntime: java.lang.NullPointerException: Attempt to invoke virtual method 'android.content.Intent android.content.Intent.addFlags(int)' on a null object reference
06-03 14:39:22.483 10225 10225 E AndroidRuntime: 	at com.seafile.seadroid2.ui.fragment.SettingsFragment$10$1.onClick(SettingsFragment.java:433)
06-03 14:39:22.483 10225 10225 E AndroidRuntime: 	at android.view.View.performClick(View.java:6295)
06-03 14:39:22.483 10225 10225 E AndroidRuntime: 	at android.view.View$PerformClick.run(View.java:24791)
06-03 14:39:22.483 10225 10225 E AndroidRuntime: 	at android.os.Handler.handleCallback(Handler.java:790)
06-03 14:39:22.483 10225 10225 E AndroidRuntime: 	at android.os.Handler.dispatchMessage(Handler.java:99)
06-03 14:39:22.483 10225 10225 E AndroidRuntime: 	at android.os.Looper.loop(Looper.java:164)
06-03 14:39:22.483 10225 10225 E AndroidRuntime: 	at android.app.ActivityThread.main(ActivityThread.java:6494)
06-03 14:39:22.483 10225 10225 E AndroidRuntime: 	at java.lang.reflect.Method.invoke(Native Method)
06-03 14:39:22.483 10225 10225 E AndroidRuntime: 	at com.android.internal.os.RuntimeInit$MethodAndArgsCaller.run(RuntimeInit.java:463)
06-03 14:39:22.483 10225 10225 E AndroidRuntime: 	at com.android.internal.os.ZygoteInit.main(ZygoteInit.java:807)
06-03 14:39:22.486  2238  3129 I chatty  : uid=1000 system_server expire 19 lines
06-03 14:39:22.490  2238  2254 I chatty  : uid=1000 system_server expire 113 lines
06-03 14:39:23.993  2362  2362 D ViewRootImpl[StatusBar]: updatePointerIcon called with position out of bounds
06-03 14:39:24.107  2238  2383 I chatty  : uid=1000 system_server expire 1 line
06-03 14:39:24.165  2238  2285 I chatty  : uid=1000 system_server expire 15 lines
06-03 14:40:17.319  2362  2362 D ViewRootImpl[StatusBar]: updatePointerIcon called with position out of bounds
06-03 14:40:17.630  2238  2254 I chatty  : uid=1000 system_server expire 26 lines
06-03 14:40:18.311  2362  2362 D ViewRootImpl[StatusBar]: updatePointerIcon called with position out of bounds
06-03 14:40:19.089  2362  2362 D ViewRootImpl[StatusBar]: updatePointerIcon called with position out of bounds
06-03 14:40:30.105 10124 10124 D ViewRootImpl[TermuxActivity]: updatePointerIcon called with position out of bounds
06-03 14:40:31.141  2362  2362 D ViewRootImpl[StatusBar]: updatePointerIcon called with position out of bounds
06-03 14:40:31.959  2362  2362 I chatty  : uid=10033(com.android.systemui) identical 10 lines
06-03 14:40:32.199  2362  2362 D ViewRootImpl[StatusBar]: updatePointerIcon called with position out of bounds
06-03 14:40:34.347  2362  2362 D ViewRootImpl[StatusBar]: updatePointerIcon called with position out of bounds
06-03 14:40:37.823  2362  2362 D ViewRootImpl[StatusBar]: updatePointerIcon called with position out of bounds
06-03 14:40:38.079  2362  2362 D ViewRootImpl[StatusBar]: updatePointerIcon called with position out of bounds
06-03 14:40:41.355  2362  2362 D ViewRootImpl[StatusBar]: updatePointerIcon called with position out of bounds
06-03 14:40:41.645  2362  2362 D ViewRootImpl[StatusBar]: updatePointerIcon called with position out of bounds
06-03 14:40:41.648  2238  3141 I chatty  : uid=1000 system_server expire 11 lines
06-03 14:40:43.783  2362  2362 D ViewRootImpl[StatusBar]: updatePointerIcon called with position out of bounds
06-03 14:40:50.463  2362  2362 D ViewRootImpl[StatusBar]: updatePointerIcon called with position out of bounds
06-03 14:40:58.649  2362  2362 D ViewRootImpl[StatusBar]: updatePointerIcon called with position out of bounds
06-03 14:40:58.844  2238  2250 I chatty  : uid=1000 system_server expire 10 lines
06-03 14:40:59.771  2362  2362 D ViewRootImpl[StatusBar]: updatePointerIcon called with position out of bounds
06-03 14:41:04.751  2362  2362 D ViewRootImpl[StatusBar]: updatePointerIcon called with position out of bounds
06-03 14:41:05.630 10462 10462 D ViewRootImpl[MainActivity]: updatePointerIcon called with position out of bounds
06-03 14:41:05.880 10462 10462 I chatty  : uid=10024(org.openthos.filemanager) identical 58 lines
06-03 14:41:05.897 10462 10462 D ViewRootImpl[MainActivity]: updatePointerIcon called with position out of bounds
06-03 14:41:06.227  2362  2362 D ViewRootImpl[StatusBar]: updatePointerIcon called with position out of bounds
06-03 14:41:06.358 10462 10462 D ViewRootImpl[MainActivity]: updatePointerIcon called after view was removed
06-03 14:41:06.359 10462 10462 W ViewRootImpl[MainActivity]: Dropping event due to root view being removed: MotionEvent { action=ACTION_HOVER_ENTER, actionButton=0, id[0]=0, x[0]=189.7392, y[0]=123.877625, toolType[0]=TOOL_TYPE_MOUSE, buttonState=0, metaState=0, flags=0x0, edgeFlags=0x0, pointerCount=1, historySize=0, eventTime=20217459, downTime=20217346, deviceId=3, source=0x2002 }
