06-03 16:49:40.654 15661 15754 I Finsky  : [160] com.google.android.finsky.ct.a.l.b(61): Finished reading experiment flags from file [v6B-2IolLQRBwrwPhscSaeg04As].
06-03 16:49:40.654 15661 15754 I Finsky  : [160] com.google.android.finsky.ct.a.a.a.b(111): Already at the latest configurations for experiment package com.google.android.finsky.regular.
06-03 16:49:41.210 16631 16657 V SeafileObserver: FileAlterationObserver[file='/storage/emulated/0/Seafile/qijw053107@openthos.org (dev.openthos.org)', listeners=1] start checking event!
06-03 16:49:41.212 16631 16657 V SeafileObserver: FileAlterationObserver[file='/storage/emulated/0/Seafile/qijw053107@openthos.org (dev.openthos.org)', listeners=1] finished checking event!
06-03 16:49:41.312 15661 15661 W Finsky  : [2] com.google.android.finsky.hygiene.a.f.a(2): Self-update check failed with error: com.android.volley.TimeoutError
06-03 16:49:41.315 15661 16682 I Finsky  : [179] com.google.android.finsky.heterodyne.HeterodyneSyncService.onHandleIntent(6): Triggered Heterodyne Sync.
06-03 16:49:41.318 15661 16682 E Finsky  : [179] com.google.android.finsky.ac.d.a(1598): Unexpected android-id = 0
06-03 16:49:41.319 15661 15661 I Finsky  : [2] com.google.android.finsky.hygiene.d.b(260): Logging device features
06-03 16:49:41.322 15661 16684 I Finsky  : [181] com.google.android.finsky.datasync.v.a(73): [Cache and Sync] mode not available for any accounts.
06-03 16:49:41.323 15661 16684 D Volley  : [181] f.a: Cache cleared.
06-03 16:49:41.324 15661 15661 I Finsky  : [2] com.google.android.finsky.hygiene.impl.d.a(25): Dispatching hygiene task 11
06-03 16:49:41.325 15661 15661 I Finsky  : [2] com.google.android.finsky.hygiene.impl.d.a(25): Dispatching hygiene task 26
06-03 16:49:41.327 15661 15661 W Settings: Setting install_non_market_apps has moved from android.provider.Settings.Global to android.provider.Settings.Secure, returning read-only value.
06-03 16:49:41.327 15661 15661 W Settings: Setting download_manager_max_bytes_over_mobile has moved from android.provider.Settings.Secure to android.provider.Settings.Global.
06-03 16:49:41.328 15661 15661 I Finsky  : [2] com.google.android.finsky.hygiene.impl.d.a(181): Giving up. (failures=29)
06-03 16:49:41.329 15661 16682 E Finsky  : [179] com.google.android.finsky.deviceconfig.k.a(9): Unable to fetch checkin consistency token: empty token
06-03 16:49:41.333 15661 15661 I Finsky  : [2] com.google.android.finsky.wear.WearSupportService.onStartCommand(26): Starting WearSupportService for hygiene
06-03 16:49:41.334 15661 15661 I Finsky  : [2] com.google.android.finsky.wear.x.a(18): Connecting to wearable
06-03 16:49:41.334 15386 16118 I AsyncOpDispatcher: 45-attest
06-03 16:49:41.335 15239 15991 I AsyncOpDispatcher: 20-GetDevFeaturesOp
06-03 16:49:41.335 15239 15239 I WearableService: Wearable Services not starting - Wear is not available on this device.
06-03 16:49:41.337 15661 15661 I Finsky  : [2] com.google.android.finsky.scheduler.JobSchedulerEngine.a(38): Scheduling immediate wakeup job with id: 9000
06-03 16:49:41.339 15239 15991 W WearableService: onGetService - Wear is not available on this device.
06-03 16:49:41.340 15661 15661 E Finsky  : [2] com.google.android.finsky.wear.y.a(3): onConnectionFailed: ConnectionResult{statusCode=API_UNAVAILABLE, resolution=null, message=null}
06-03 16:49:41.340 15661 15661 W Finsky  : [2] com.google.android.finsky.wear.x.b(31): GoogleApiClient instance is not connected when requested
06-03 16:49:41.340 15661 15661 W Finsky  : [2] com.google.android.finsky.wear.dq.run(16): Dropping command=hygiene due to Gms not connected
06-03 16:49:41.340 15661 15661 I Finsky  : [2] com.google.android.finsky.wear.WearSupportService.b(65): Stopping WearSupportService
06-03 16:49:41.341 15661 15661 I Finsky  : [2] com.google.android.finsky.scheduler.JobSchedulerEngine.a(19): Cancelling existing job with id: 9000
06-03 16:49:41.341 15661 15661 I Finsky  : [2] com.google.android.finsky.scheduler.JobSchedulerEngine.a(38): Scheduling immediate wakeup job with id: 9000
06-03 16:49:41.341 15661 15661 I Finsky  : [2] com.google.android.finsky.scheduler.JobSchedulerEngine$PhoneskyJobSchedulerJobService.onStartJob(11): onJobSchedulerWakeup with jobId 9000
06-03 16:49:41.341 15661 15661 I Finsky  : [2] com.google.android.finsky.scheduler.w.a(45): Scheduling fallback job with id: 9034, and delay: 43200000 ms
06-03 16:49:41.342 15661 15661 I Finsky  : [2] com.google.android.finsky.scheduler.w.a(14): Scheduling fallback in 64800000 (absolute: 92732461)
06-03 16:49:41.345 15661 15661 I Finsky  : [2] com.google.android.finsky.scheduler.y.b(342): Will halt after 0
06-03 16:49:41.346 15661 15661 I Finsky  : [2] com.google.android.finsky.scheduler.ad.handleMessage(39): DeviceState: DeviceState{currentTime=1559551781344, isCharging=true, isIdle=false, netAny=true, netNotRoaming=true, netUnmetered=true}
06-03 16:49:41.346 15661 15661 I Finsky  : [2] com.google.android.finsky.scheduler.ad.handleMessage(64): Executor halting due to timeout
06-03 16:49:41.346 15661 15661 I Finsky  : [2] com.google.android.finsky.scheduler.ad.handleMessage(78): Executor finished
06-03 16:49:41.348 15661 15661 I Finsky  : [2] com.google.android.finsky.scheduler.JobSchedulerEngine$PhoneskyJobSchedulerJobService.onStartJob(11): onJobSchedulerWakeup with jobId 9000
06-03 16:49:41.348 15661 15661 I Finsky  : [2] com.google.android.finsky.scheduler.w.a(45): Scheduling fallback job with id: 9034, and delay: 43200000 ms
06-03 16:49:41.348 15661 15661 I Finsky  : [2] com.google.android.finsky.scheduler.w.a(14): Scheduling fallback in 64799999 (absolute: 92732467)
06-03 16:49:41.350 15661 15661 I Finsky  : [2] com.google.android.finsky.scheduler.ad.handleMessage(39): DeviceState: DeviceState{currentTime=1559551781349, isCharging=true, isIdle=false, netAny=true, netNotRoaming=true, netUnmetered=true}
06-03 16:49:41.350 15661 15661 I Finsky  : [2] com.google.android.finsky.scheduler.ba.a(51): Jobs in database: 10-11 10-26 12-1 
06-03 16:49:41.350 15661 15661 I Finsky  : [2] com.google.android.finsky.scheduler.bt.a(4): JobExecutor already running, not rescheduling
06-03 16:49:41.350 15661 15661 I Finsky  : [2] com.google.android.finsky.scheduler.ba.a(51): Jobs in database: 10-11 10-26 12-1 
06-03 16:49:41.351 15661 15661 I Finsky  : [2] com.google.android.finsky.scheduler.y.a(138): Running job: 10-11
06-03 16:49:41.351 15661 15661 W Finsky  : [2] com.google.android.finsky.hygiene.HygieneJob.a(9): Failed to find the Hygiene logging context. Creating a new one.
06-03 16:49:41.351 15661 15661 I Finsky  : [2] com.google.android.finsky.scheduler.y.a(138): Running job: 10-26
06-03 16:49:41.351 15661 15661 W Finsky  : [2] com.google.android.finsky.hygiene.HygieneJob.a(9): Failed to find the Hygiene logging context. Creating a new one.
06-03 16:49:41.352 15661 15661 I Finsky  : [2] com.google.android.finsky.scheduler.y.a(196): RunningQueue size: 2, PendingQueue size: 0
06-03 16:49:41.352 15661 15661 I Finsky  : [2] com.google.android.finsky.scheduler.y.a(213): Running queue: 10-11 10-26 
06-03 16:49:41.352 15661 16690 I Finsky  : [185] com.google.android.finsky.scheduler.ax.b(8): jobFinished: 10-26. TimeElapsed: 0ms
06-03 16:49:41.352 15661 15661 I Finsky  : [2] com.google.android.finsky.scheduler.y.b(38): Job 10-26 finished
06-03 16:49:41.352 15661 15661 I Finsky  : [2] com.google.android.finsky.scheduler.y.a(196): RunningQueue size: 1, PendingQueue size: 0
06-03 16:49:41.352 15661 15661 I Finsky  : [2] com.google.android.finsky.scheduler.y.a(213): Running queue: 10-11 
06-03 16:49:41.353 15661 16689 I Finsky  : [184] com.google.android.finsky.splitinstallservice.SplitInstallCleanerHygieneJob.a(5): Running split install cleaner
06-03 16:49:41.354 15661 16689 I Finsky  : [184] com.google.android.finsky.splitinstallservice.SplitInstallCleanerHygieneJob.a(24): Removed 0 obsolete sessions.
06-03 16:49:41.355 15661 16689 I Finsky  : [184] com.google.android.finsky.scheduler.ax.b(8): jobFinished: 10-11. TimeElapsed: 5ms
06-03 16:49:41.355 15661 15661 I Finsky  : [2] com.google.android.finsky.scheduler.y.b(38): Job 10-11 finished
06-03 16:49:41.356 15661 15661 I Finsky  : [2] com.google.android.finsky.scheduler.y.a(196): RunningQueue size: 0, PendingQueue size: 0
06-03 16:49:41.356 15661 15661 I Finsky  : [2] com.google.android.finsky.scheduler.ad.handleMessage(78): Executor finished
06-03 16:49:41.362 15661 15661 I Finsky  : [2] com.google.android.finsky.scheduler.ba.a(51): Jobs in database: 12-1 
06-03 16:49:41.364 15661 15661 I Finsky  : [2] com.google.android.finsky.scheduler.h.a(309): ConstraintMapping: 12-1,  -> L: 14971ms, D: 86399971ms, C: false, I: false, N: 1
06-03 16:49:41.364 15661 15661 I Finsky  : [2] com.google.android.finsky.scheduler.JobSchedulerEngine.a(112): Throttling wakeup for job 9001 (expected to run in 14971 ms) due to recent wakeup
06-03 16:49:41.364 15661 15661 I Finsky  : [2] com.google.android.finsky.scheduler.JobSchedulerEngine.a(155): Scheduling job Id: 9001, L: 30000, D: 86399971, C: false, I: false, N: 1
06-03 16:49:41.537 15145 15270 W NamedFutures: Timeout future task has been cancelled: 10000 milliseconds
06-03 16:49:41.538 14534 14548 I chatty  : uid=1000(system) android.bg expire 10 lines
06-03 16:49:41.541 14534 16630 I chatty  : uid=1000(system) Binder:14534_10 expire 9 lines
06-03 16:49:41.546 15145 15145 E SearchServiceStarter: Task 174 failed or timed out. Client 66609973962400023 disconnecting from SearchService!
06-03 16:49:41.546 15145 15145 E SearchServiceStarter: java.util.concurrent.CancellationException: Task was cancelled.
06-03 16:49:41.546 15145 15145 E SearchServiceStarter: 	at com.google.common.util.concurrent.d.ct(SourceFile:75)
06-03 16:49:41.546 15145 15145 E SearchServiceStarter: 	at com.google.common.util.concurrent.d.get(SourceFile:57)
06-03 16:49:41.546 15145 15145 E SearchServiceStarter: 	at com.google.common.util.concurrent.cg.n(SourceFile:2)
06-03 16:49:41.546 15145 15145 E SearchServiceStarter: 	at com.google.common.util.concurrent.av.l(SourceFile:50)
06-03 16:49:41.546 15145 15145 E SearchServiceStarter: 	at com.google.common.util.concurrent.ax.run(SourceFile:5)
06-03 16:49:41.546 15145 15145 E SearchServiceStarter: 	at com.google.android.apps.gsa.shared.util.concurrent.a.bc.run(SourceFile:2)
06-03 16:49:41.546 15145 15145 E SearchServiceStarter: 	at android.os.Handler.handleCallback(Handler.java:790)
06-03 16:49:41.546 15145 15145 E SearchServiceStarter: 	at android.os.Handler.dispatchMessage(Handler.java:99)
06-03 16:49:41.546 15145 15145 E SearchServiceStarter: 	at android.os.Looper.loop(Looper.java:164)
06-03 16:49:41.546 15145 15145 E SearchServiceStarter: 	at android.app.ActivityThread.main(ActivityThread.java:6494)
06-03 16:49:41.546 15145 15145 E SearchServiceStarter: 	at java.lang.reflect.Method.invoke(Native Method)
06-03 16:49:41.546 15145 15145 E SearchServiceStarter: 	at com.android.internal.os.RuntimeInit$MethodAndArgsCaller.run(RuntimeInit.java:463)
06-03 16:49:41.546 15145 15145 E SearchServiceStarter: 	at com.android.internal.os.ZygoteInit.main(ZygoteInit.java:807)
06-03 16:49:41.553 15145 15145 E WorkerRegistryImpl: getWorker() is called after WorkerRegistry disposal.
06-03 16:49:41.553 15145 15145 E WorkerRegistryImpl: getWorker() is called after WorkerRegistry disposal.
06-03 16:49:41.608 15239 15260 I AsyncOpDispatcher: 52-GetVoiceUnlockStateOperation
06-03 16:49:42.126 15939 15946 I zygote64: Debugger is no longer active
06-03 16:49:42.126 15171 15178 I zygote64: Debugger is no longer active
06-03 16:49:42.127 14661 14669 I zygote64: Debugger is no longer active
06-03 16:49:42.127 14922 14929 I zygote64: Debugger is no longer active
06-03 16:49:42.127 14534 14540 I chatty  : uid=1000(system) JDWP expire 1 line
06-03 16:49:42.127 15304 15312 I zygote64: Debugger is no longer active
06-03 16:49:42.127 15430 15438 I zygote64: Debugger is no longer active
06-03 16:49:42.127 15239 15251 I zygote64: Debugger is no longer active
06-03 16:49:42.127 16012 16019 I zygote64: Debugger is no longer active
06-03 16:49:42.127 16206 16214 I zygote64: Debugger is no longer active
06-03 16:49:42.127 15055 15062 I zygote64: Debugger is no longer active
06-03 16:49:42.127 16399 16406 I zygote64: Debugger is no longer active
06-03 16:49:42.127 15122 15131 I zygote64: Debugger is no longer active
06-03 16:49:42.127 15763 15770 I zygote64: Debugger is no longer active
06-03 16:49:42.127 14936 14943 I chatty  : uid=1000(system) JDWP expire 1 line
06-03 16:49:42.127 15901 15908 I zygote64: Debugger is no longer active
06-03 16:49:42.127 15523 15532 I zygote64: Debugger is no longer active
06-03 16:49:42.127 15386 15393 I zygote64: Debugger is no longer active
06-03 16:49:42.127 15077 15085 I zygote  : Debugger is no longer active
06-03 16:49:42.127 15965 15972 I zygote64: Debugger is no longer active
06-03 16:49:42.127 15210 15217 I zygote64: Debugger is no longer active
06-03 16:49:42.128 14628 14635 I chatty  : uid=1002(bluetooth) JDWP expire 1 line
06-03 16:49:42.128 15145 15153 I zygote  : Debugger is no longer active
06-03 16:49:42.128 15612 15619 I zygote64: Debugger is no longer active
06-03 16:49:42.128 15271 15278 I zygote64: Debugger is no longer active
06-03 16:49:42.128 15287 15295 I zygote64: Debugger is no longer active
06-03 16:49:42.128 15724 15731 I zygote64: Debugger is no longer active
06-03 16:49:42.128 15846 15854 I zygote  : Debugger is no longer active
06-03 16:49:42.128 15661 15668 I zygote64: Debugger is no longer active
06-03 16:49:42.128 16597 16604 I zygote64: Debugger is no longer active
06-03 16:49:42.128 15102 15110 I zygote64: Debugger is no longer active
06-03 16:49:42.128 16631 16638 I zygote  : Debugger is no longer active
06-03 16:49:42.971  2120 14966 I chatty  : uid=1002 bluetooth@1.0-s expire 10 lines
06-03 16:49:43.011 14628 14968 I chatty  : uid=1002(bluetooth) btu message loo expire 16 lines
06-03 16:49:43.081 14628 14689 I chatty  : uid=1002(bluetooth) BT Service Call expire 22 lines
06-03 16:49:43.087 14628 14628 I chatty  : uid=1002(bluetooth) com.android.bluetooth expire 44 lines
06-03 16:49:43.093 14661 14853 D LocalBluetoothProfileManager: Current Profiles[PAN]
06-03 16:49:43.093 14661 14853 D BluetoothMap: getConnectedDevices()
06-03 16:49:43.095 14661 14853 D BluetoothMap: getConnectionState(88:10:8F:15:53:3F)
06-03 16:49:43.096 14661 14853 D MapProfile: getConnectionStatus: status is: 0
06-03 16:49:43.096 14661 14853 D LocalBluetoothProfileManager: New Profiles[PAN]
06-03 16:49:43.245 16631 16662 V AutoUpdateManager: check auto upload tasks, 0 in queue
06-03 16:49:43.443 14661 14661 D ViewRootImpl[StatusBar]: updatePointerIcon called with position out of bounds
06-03 16:49:43.559 14487 16364 I audio_hw_primary: choose pcmC0D0p for 0
06-03 16:49:43.577  2131  2131 D SurfaceFlinger: duplicate layer name: changing com.seafile.seadroid2.debug/com.seafile.seadroid2.ui.activity.SettingsActivity to com.seafile.seadroid2.debug/com.seafile.seadroid2.ui.activity.SettingsActivity#1
06-03 16:49:43.651 16631 16631 D ViewRootImpl[SettingsActivity]: updatePointerIcon called with position out of bounds
06-03 16:49:44.347 16631 16631 D ViewRootImpl[SettingsActivity]: updatePointerIcon called with position out of bounds
06-03 16:49:44.377 14534 16707 I chatty  : uid=1000 system_server expire 2 lines
06-03 16:49:44.377 14534 16708 I chatty  : uid=1000 system_server expire 2 lines
06-03 16:49:44.965 14661 14661 D ViewRootImpl[StatusBar]: updatePointerIcon called with position out of bounds
06-03 16:49:45.096 16631 16631 D AndroidRuntime: Shutting down VM
06-03 16:49:45.098 16631 16631 E AndroidRuntime: FATAL EXCEPTION: main
06-03 16:49:45.098 16631 16631 E AndroidRuntime: Process: com.seafile.seadroid2.debug, PID: 16631
06-03 16:49:45.098 16631 16631 E AndroidRuntime: java.lang.NullPointerException: Attempt to invoke virtual method 'android.content.Intent android.content.Intent.addFlags(int)' on a null object reference
06-03 16:49:45.098 16631 16631 E AndroidRuntime: 	at com.seafile.seadroid2.ui.fragment.SettingsFragment$10$1.onClick(SettingsFragment.java:433)
06-03 16:49:45.098 16631 16631 E AndroidRuntime: 	at android.view.View.performClick(View.java:6295)
06-03 16:49:45.098 16631 16631 E AndroidRuntime: 	at android.view.View$PerformClick.run(View.java:24791)
06-03 16:49:45.098 16631 16631 E AndroidRuntime: 	at android.os.Handler.handleCallback(Handler.java:790)
06-03 16:49:45.098 16631 16631 E AndroidRuntime: 	at android.os.Handler.dispatchMessage(Handler.java:99)
06-03 16:49:45.098 16631 16631 E AndroidRuntime: 	at android.os.Looper.loop(Looper.java:164)
06-03 16:49:45.098 16631 16631 E AndroidRuntime: 	at android.app.ActivityThread.main(ActivityThread.java:6494)
06-03 16:49:45.098 16631 16631 E AndroidRuntime: 	at java.lang.reflect.Method.invoke(Native Method)
06-03 16:49:45.098 16631 16631 E AndroidRuntime: 	at com.android.internal.os.RuntimeInit$MethodAndArgsCaller.run(RuntimeInit.java:463)
06-03 16:49:45.098 16631 16631 E AndroidRuntime: 	at com.android.internal.os.ZygoteInit.main(ZygoteInit.java:807)
06-03 16:49:45.105 14534 14550 I chatty  : uid=1000(system) android.ui expire 30 lines
06-03 16:49:45.136 14534 15836 I chatty  : uid=1000(system) RenderThread expire 57 lines
06-03 16:49:45.605 14661 14661 I StatusBar: taskId 4 keep true cmpComponentInfo{com.seafile.seadroid2.debug/com.seafile.seadroid2.ui.activity.SplashActivity}
06-03 16:49:46.247 16631 16662 V AutoUpdateManager: check auto upload tasks, 0 in queue
06-03 16:49:46.327 14661 14661 D ViewRootImpl[StatusBar]: updatePointerIcon called with position out of bounds
06-03 16:49:46.363  2130  2130 I lmkd    : type=1400 audit(0.0:2366): avc: denied { dac_read_search } for capability=2 scontext=u:r:lmkd:s0 tcontext=u:r:lmkd:s0 tclass=capability permissive=1
06-03 16:49:46.365 15239 15239 I WearableService: Wearable Services stopping
06-03 16:49:46.488 14661 14661 I StatusBar: taskId 4 keep false cmpComponentInfo{com.seafile.seadroid2.debug/com.seafile.seadroid2.ui.activity.SplashActivity}
06-03 16:49:46.499  2131  2131 E SurfaceFlinger: [Sprite#0] rejecting buffer: bufWidth=38, bufHeight=38, front.active.{w=33, h=42}
06-03 16:49:46.576 14534 14589 I chatty  : uid=1000(system) InputDispatcher expire 6 lines
06-03 16:49:46.579 14534 15180 I chatty  : uid=1000(system) Binder:14534_8 expire 10 lines
06-03 16:49:47.049  2131  2131 E SurfaceFlinger: [Sprite#0] rejecting buffer: bufWidth=38, bufHeight=38, front.active.{w=33, h=42}
06-03 16:49:47.131 14661 14661 D ViewRootImpl[StatusBar]: updatePointerIcon called with position out of bounds
06-03 16:49:47.366  2131  2131 E SurfaceFlinger: [Sprite#0] rejecting buffer: bufWidth=33, bufHeight=42, front.active.{w=38, h=38}
06-03 16:49:47.614 14661 14853 D LocalBluetoothProfileManager: Current Profiles[PAN]
06-03 16:49:47.614 14661 14853 D BluetoothMap: getConnectedDevices()
06-03 16:49:47.615 14661 14853 D BluetoothMap: getConnectionState(88:10:8F:15:53:3F)
06-03 16:49:47.615 14661 14853 D MapProfile: getConnectionStatus: status is: 0
06-03 16:49:47.615 14661 14853 D LocalBluetoothProfileManager: New Profiles[PAN]
06-03 16:49:47.800  2131  2131 E SurfaceFlinger: [Sprite#0] rejecting buffer: bufWidth=38, bufHeight=38, front.active.{w=33, h=42}
06-03 16:49:48.416 14661 14661 V PanelBar: onTouch: no panel for touch at (9,31)
06-03 16:49:50.370 16717 16717 I main    : type=1400 audit(0.0:2367): avc: denied { mounton } for path="/storage" dev="tmpfs" ino=9274 scontext=u:r:zygote:s0 tcontext=u:object_r:tmpfs:s0 tclass=dir permissive=1
06-03 16:49:50.370 16717 16717 I main    : type=1400 audit(0.0:2368): avc: denied { dac_read_search } for capability=2 scontext=u:r:zygote:s0 tcontext=u:r:zygote:s0 tclass=capability permissive=1
06-03 16:49:50.370 16717 16717 I main    : type=1400 audit(0.0:2369): avc: denied { create } for name="cgroup.procs" scontext=u:r:zygote:s0 tcontext=u:object_r:cgroup:s0 tclass=file permissive=1
06-03 16:49:50.373 16717 16717 W zygote64: Unexpected CPU variant for X86 using defaults: x86_64
06-03 16:49:50.400 16717 16717 I SetupWizard: [FrpHelper] FrpTask is going to execute.
06-03 16:49:50.404 15239 15239 W SystemServiceRegistry: No service published for: persistent_data_block
06-03 16:49:50.413 16717 16717 W zygote64: Class com.google.android.gms.internal.zzbtf failed lock verification and will run slower.
06-03 16:49:50.413 16717 16717 W zygote64: Common causes for lock verification issues are non-optimized dex code
06-03 16:49:50.413 16717 16717 W zygote64: and incorrect proguard optimizations.
06-03 16:49:50.414 16717 16739 W zygote64: Class com.google.android.gms.common.GoogleSignatureVerifier failed lock verification and will run slower.
06-03 16:49:50.415 16717 16717 I SetupWizard: [FrpHelper] FRP status: supported=false, challengeRequired=false,  took = 11 to run
06-03 16:49:50.416 16717 16717 I SetupWizard: [LoggingHelper] Connected to Google Play Services.
06-03 16:49:50.417 16717 16737 I SetupWizard: [DeferredSetupNotificationSchedulerService] Deferred notification scheduled at Wed May 29 21:00:00 GMT+08:00 2019
06-03 16:49:50.422 16717 16717 W SystemServiceRegistry: No service published for: fingerprint
06-03 16:49:50.442 14661 14661 D ViewRootImpl[OpenthosStatusBar]: updatePointerIcon called with position out of bounds
06-03 16:49:50.442 14661 14661 D ViewRootImpl[StatusBar]: updatePointerIcon called with position out of bounds
06-03 16:49:50.449  2131  2131 D SurfaceFlinger: duplicate layer name: changing  to #1
06-03 16:49:50.457 14661 14671 W MediaPlayer-JNI: MediaPlayer finalized without being released
06-03 16:49:50.549 15145 15270 W NamedFutures: Timeout future task has been cancelled: 60000 milliseconds
06-03 16:49:50.549 15145 15242 E CustomTabsSyncTask: Failed to sync Custom Tabs availability.
06-03 16:49:50.549 15145 15242 E CustomTabsSyncTask: java.util.concurrent.CancellationException: Task was cancelled.
06-03 16:49:50.549 15145 15242 E CustomTabsSyncTask: 	at com.google.common.util.concurrent.d.ct(SourceFile:75)
06-03 16:49:50.549 15145 15242 E CustomTabsSyncTask: 	at com.google.common.util.concurrent.d.get(SourceFile:57)
06-03 16:49:50.549 15145 15242 E CustomTabsSyncTask: 	at com.google.common.util.concurrent.cg.n(SourceFile:2)
06-03 16:49:50.549 15145 15242 E CustomTabsSyncTask: 	at com.google.common.util.concurrent.av.l(SourceFile:50)
06-03 16:49:50.549 15145 15242 E CustomTabsSyncTask: 	at com.google.common.util.concurrent.ax.run(SourceFile:5)
06-03 16:49:50.549 15145 15242 E CustomTabsSyncTask: 	at java.util.concurrent.Executors$RunnableAdapter.call(Executors.java:457)
06-03 16:49:50.549 15145 15242 E CustomTabsSyncTask: 	at java.util.concurrent.FutureTask.run(FutureTask.java:266)
06-03 16:49:50.549 15145 15242 E CustomTabsSyncTask: 	at com.google.android.apps.gsa.shared.util.concurrent.a.ax.run(SourceFile:14)
06-03 16:49:50.549 15145 15242 E CustomTabsSyncTask: 	at com.google.android.apps.gsa.shared.util.concurrent.a.bl.run(SourceFile:4)
06-03 16:49:50.549 15145 15242 E CustomTabsSyncTask: 	at com.google.android.apps.gsa.shared.util.concurrent.a.bl.run(SourceFile:4)
06-03 16:49:50.549 15145 15242 E CustomTabsSyncTask: 	at java.util.concurrent.ThreadPoolExecutor.runWorker(ThreadPoolExecutor.java:1162)
06-03 16:49:50.549 15145 15242 E CustomTabsSyncTask: 	at java.util.concurrent.ThreadPoolExecutor$Worker.run(ThreadPoolExecutor.java:636)
06-03 16:49:50.549 15145 15242 E CustomTabsSyncTask: 	at java.lang.Thread.run(Thread.java:764)
06-03 16:49:50.549 15145 15242 E CustomTabsSyncTask: 	at com.google.android.apps.gsa.shared.util.concurrent.a.ai.run(SourceFile:6)
06-03 16:49:50.603 14661 14661 D ViewRootImpl[]: updatePointerIcon called with position out of bounds
06-03 16:49:50.614 14661 14661 D ViewRootImpl[]: updatePointerIcon called with position out of bounds
06-03 16:49:51.437 14661 14661 D ViewRootImpl[OpenthosStatusBar]: updatePointerIcon called with position out of bounds
06-03 16:49:51.437 14661 14661 D ViewRootImpl[StatusBar]: updatePointerIcon called with position out of bounds
06-03 16:49:51.536 14487 16364 I audio_hw_primary: choose pcmC0D0p for 0
06-03 16:49:51.545 16746 16746 I zygote  : Not late-enabling -Xcheck:jni (already on)
06-03 16:49:51.553 16746 16746 W zygote  : Unexpected CPU variant for X86 using defaults: x86_64
06-03 16:49:51.558 14661 14661 I StatusBar: taskId 5 keep true cmpComponentInfo{com.seafile.seadroid2.debug/com.seafile.seadroid2.ui.activity.SplashActivity}
06-03 16:49:51.562  2131  2131 I Binder:2131_2: type=1400 audit(0.0:2370): avc: denied { ioctl } for path="/dev/dri/card0" dev="tmpfs" ino=2397 ioctlcmd=0x645b scontext=u:r:surfaceflinger:s0 tcontext=u:object_r:device:s0 tclass=chr_file permissive=1
06-03 16:49:51.565 15210 15210 I RenderThread: type=1400 audit(0.0:2371): avc: denied { map } for path=2F69393135202864656C6574656429 dev="tmpfs" ino=264612 scontext=u:r:platform_app:s0:c512,c768 tcontext=u:object_r:platform_app_tmpfs:s0:c512,c768 tclass=file permissive=1
06-03 16:49:51.611 16746 16751 I zygote  : Do partial code cache collection, code=29KB, data=21KB
06-03 16:49:51.611 16746 16751 I zygote  : After code cache collection, code=28KB, data=21KB
06-03 16:49:51.611 16746 16751 I zygote  : Increasing code cache capacity to 128KB
06-03 16:49:51.619 15145 15270 W NamedFutures: Timeout future task has been cancelled: 10000 milliseconds
06-03 16:49:51.619 15145 15145 E SearchServiceStarter: Task 174 failed or timed out. Client 66609973962400024 disconnecting from SearchService!
06-03 16:49:51.619 15145 15145 E SearchServiceStarter: java.util.concurrent.CancellationException: Task was cancelled.
06-03 16:49:51.619 15145 15145 E SearchServiceStarter: 	at com.google.common.util.concurrent.d.ct(SourceFile:75)
06-03 16:49:51.619 15145 15145 E SearchServiceStarter: 	at com.google.common.util.concurrent.d.get(SourceFile:57)
06-03 16:49:51.619 15145 15145 E SearchServiceStarter: 	at com.google.common.util.concurrent.cg.n(SourceFile:2)
06-03 16:49:51.619 15145 15145 E SearchServiceStarter: 	at com.google.common.util.concurrent.av.l(SourceFile:50)
06-03 16:49:51.619 15145 15145 E SearchServiceStarter: 	at com.google.common.util.concurrent.ax.run(SourceFile:5)
06-03 16:49:51.619 15145 15145 E SearchServiceStarter: 	at com.google.android.apps.gsa.shared.util.concurrent.a.bc.run(SourceFile:2)
06-03 16:49:51.619 15145 15145 E SearchServiceStarter: 	at android.os.Handler.handleCallback(Handler.java:790)
06-03 16:49:51.619 15145 15145 E SearchServiceStarter: 	at android.os.Handler.dispatchMessage(Handler.java:99)
06-03 16:49:51.619 15145 15145 E SearchServiceStarter: 	at android.os.Looper.loop(Looper.java:164)
06-03 16:49:51.619 15145 15145 E SearchServiceStarter: 	at android.app.ActivityThread.main(ActivityThread.java:6494)
06-03 16:49:51.619 15145 15145 E SearchServiceStarter: 	at java.lang.reflect.Method.invoke(Native Method)
06-03 16:49:51.619 15145 15145 E SearchServiceStarter: 	at com.android.internal.os.RuntimeInit$MethodAndArgsCaller.run(RuntimeInit.java:463)
06-03 16:49:51.619 15145 15145 E SearchServiceStarter: 	at com.android.internal.os.ZygoteInit.main(ZygoteInit.java:807)
06-03 16:49:51.626 15661 15661 I Finsky  : [2] com.google.android.finsky.verifier.impl.VerifyInstalledPackagesReceiver.onReceive(18): Verify installed apps requested
06-03 16:49:51.627 16746 16746 W ImageLoader: diskCache() and diskCacheFileNameGenerator() calls overlap each other
06-03 16:49:51.627 16746 16746 W ImageLoader: diskCache(), diskCacheSize() and diskCacheFileCount calls overlap each other
06-03 16:49:51.627 15661 16765 I Finsky  : [187] com.google.android.finsky.verifier.impl.ep.a(98): Verifying installed packages
06-03 16:49:51.627 16746 16746 D ImageLoader: Initialize ImageLoader with configuration
06-03 16:49:51.633 15145 15145 W SearchService: Abort, client detached.
06-03 16:49:51.636 15661 15700 I PlayCommon: [138] com.google.android.play.b.g.f(543): Preparing logs for uploading
06-03 16:49:51.636 15661 15700 I PlayCommon: [138] com.google.android.play.b.x.a(45): Connecting to server for timestamp: https://play.googleapis.com/play/log/timestamp
06-03 16:49:51.688 16746 16746 I seadroid2.debug: type=1400 audit(0.0:2373): avc: denied { map } for path="/dev/event-log-tags" dev="tmpfs" ino=10652 scontext=u:r:untrusted_app:s0:c512,c768 tcontext=u:object_r:runtime_event_log_tags_file:s0 tclass=file permissive=1
06-03 16:49:51.689 16746 16746 D DefaultAppLock: onActivityResumed
06-03 16:49:51.692 16746 16751 I zygote  : Do partial code cache collection, code=59KB, data=40KB
06-03 16:49:51.692 16746 16751 I zygote  : After code cache collection, code=59KB, data=40KB
06-03 16:49:51.692 16746 16751 I zygote  : Increasing code cache capacity to 256KB
06-03 16:49:51.692 16746 16771 D OpenGLRenderer: HWUI GL Pipeline
06-03 16:49:51.703 16746 16746 I RenderThread: type=1400 audit(0.0:2374): avc: denied { read } for name="drm" dev="sysfs" ino=19602 scontext=u:r:untrusted_app:s0:c512,c768 tcontext=u:object_r:sysfs:s0 tclass=dir permissive=1
06-03 16:49:51.703 16746 16746 I RenderThread: type=1400 audit(0.0:2375): avc: denied { open } for path="/sys/devices/pci0000:00/0000:00:02.0/drm" dev="sysfs" ino=19602 scontext=u:r:untrusted_app:s0:c512,c768 tcontext=u:object_r:sysfs:s0 tclass=dir permissive=1
06-03 16:49:51.703 16746 16746 I RenderThread: type=1400 audit(0.0:2376): avc: denied { read write } for name="card0" dev="tmpfs" ino=2397 scontext=u:r:untrusted_app:s0:c512,c768 tcontext=u:object_r:device:s0 tclass=chr_file permissive=1
06-03 16:49:51.703 16746 16746 I RenderThread: type=1400 audit(0.0:2377): avc: denied { open } for path="/dev/dri/card0" dev="tmpfs" ino=2397 scontext=u:r:untrusted_app:s0:c512,c768 tcontext=u:object_r:device:s0 tclass=chr_file permissive=1
06-03 16:49:51.703 16746 16746 I RenderThread: type=1400 audit(0.0:2378): avc: denied { getattr } for path="/dev/dri/card0" dev="tmpfs" ino=2397 scontext=u:r:untrusted_app:s0:c512,c768 tcontext=u:object_r:device:s0 tclass=chr_file permissive=1
06-03 16:49:51.704 16746 16771 D vndksupport: Loading /vendor/lib/hw/gralloc.drm.so from current namespace instead of sphal namespace.
06-03 16:49:51.705 16746 16771 I GRALLOC-DRM: create intel for driver i915
06-03 16:49:51.706 16746 16771 I EGL-MAIN: found extension DRI_Core version 2
06-03 16:49:51.706 16746 16771 I EGL-MAIN: found extension DRI_DRI2 version 4
06-03 16:49:51.709 16746 16746 I RenderThread: type=1400 audit(0.0:2379): avc: denied { map } for path=2F69393135202864656C6574656429 dev="tmpfs" ino=264027 scontext=u:r:untrusted_app:s0:c512,c768 tcontext=u:object_r:untrusted_app_tmpfs:s0:c512,c768 tclass=file permissive=1
06-03 16:49:51.710 16746 16771 I EGL-MAIN: found extension DRI_TexBuffer version 3
06-03 16:49:51.710 16746 16771 I EGL-MAIN: found extension DRI2_Flush version 4
06-03 16:49:51.710 16746 16771 I EGL-MAIN: found extension DRI_IMAGE version 16
06-03 16:49:51.710 16746 16771 I EGL-MAIN: found extension DRI2_Fence version 2
06-03 16:49:51.710 16746 16771 I EGL-MAIN: found extension DRI_IMAGE version 16
06-03 16:49:51.710 16746 16771 I EGL-MAIN: found extension DRI_RENDERER_QUERY version 1
06-03 16:49:51.710 16746 16771 I EGL-MAIN: found extension DRI_MutableRenderBufferDriver version 1
06-03 16:49:51.710 16746 16771 I EGL-MAIN: found extension DRI_CONFIG_QUERY version 1
06-03 16:49:51.710 16746 16771 I EGL-MAIN: found extension DRI_Robustness version 1
06-03 16:49:51.710 16746 16771 I EGL-MAIN: found extension DRI_NoError version 1
06-03 16:49:51.710 16746 16771 I EGL-MAIN: found extension DRI2_Blob version 1
06-03 16:49:51.710 16746 16771 I com.seafile.seadroid2.debug: android::hardware::configstore::V1_0::ISurfaceFlingerConfigs::hasWideColorDisplay retrieved: 0
06-03 16:49:51.710 16746 16771 I OpenGLRenderer: Initialized EGL, version 1.4
06-03 16:49:51.710 16746 16771 D OpenGLRenderer: Swap behavior 2
06-03 16:49:51.710 16746 16771 E OpenGLRenderer: Device claims wide gamut support, cannot find matching config, error = EGL_SUCCESS
06-03 16:49:51.726 16746 16771 D vndksupport: Loading /vendor/lib/hw/android.hardware.graphics.mapper@2.0-impl.so from current namespace instead of sphal namespace.
06-03 16:49:51.727 16746 16771 D vndksupport: Loading /vendor/lib/hw/gralloc.drm.so from current namespace instead of sphal namespace.
06-03 16:49:51.730  2131  2131 E SurfaceFlinger: [Sprite#0] rejecting buffer: bufWidth=33, bufHeight=42, front.active.{w=38, h=38}
06-03 16:49:51.733 16746 16746 D ViewRootImpl[SplashActivity]: updatePointerIcon called with position out of bounds
06-03 16:49:51.738 15661 16472 I Finsky  : [172] com.google.android.finsky.verifier.impl.fa.a(6): Cleaning the verify apps datastore
06-03 16:49:51.740 15661 16472 I Finsky  : [172] com.google.android.finsky.verifier.impl.fa.a(101): Finished cleaning the verify apps datastore
06-03 16:49:51.742 15661 16765 E Finsky  : [187] com.google.android.finsky.ac.d.a(1598): Unexpected android-id = 0
06-03 16:49:51.744 15661 16765 W Settings: Setting install_non_market_apps has moved from android.provider.Settings.Global to android.provider.Settings.Secure, returning read-only value.
06-03 16:49:51.744 15386 16129 I AsyncOpDispatcher: 45-id
06-03 16:49:51.747 16746 16746 I chatty  : uid=10083(com.seafile.seadroid2.debug) identical 8 lines
06-03 16:49:51.764 16746 16746 D ViewRootImpl[SplashActivity]: updatePointerIcon called with position out of bounds
06-03 16:49:51.815 14534 14580 I chatty  : uid=1000(system) android.anim expire 12 lines
06-03 16:49:51.832 16746 16746 D ViewRootImpl[SplashActivity]: updatePointerIcon called with position out of bounds
06-03 16:49:51.932 16746 16746 D ViewRootImpl[SplashActivity]: updatePointerIcon called with position out of bounds
06-03 16:49:52.690 14534 14658 I chatty  : uid=1000(system) Binder:14534_3 expire 3 lines
06-03 16:49:52.693 14661 14661 I StatusBar: taskId 5 keep true cmpComponentInfo{com.seafile.seadroid2.debug/com.seafile.seadroid2.ui.activity.SplashActivity}
06-03 16:49:52.738 16746 16746 V openthos_cloud1: this port runing
06-03 16:49:52.773 16746 16751 I zygote  : Do full code cache collection, code=97KB, data=87KB
06-03 16:49:52.773 16746 16751 I zygote  : After code cache collection, code=68KB, data=51KB
06-03 16:49:52.782 16746 16746 I repo------: ddddddnull
06-03 16:49:52.783 16746 16746 D BrowserActivity: start TransferService
06-03 16:49:52.783 16746 16746 D BrowserActivity: try bind TransferService
06-03 16:49:52.789 16746 16746 I refresh-------: false
06-03 16:49:52.794 16746 16776 D NetworkSecurityConfig: Using Network Security Config from resource network_security_config debugBuild: true
06-03 16:49:52.794 16746 16746 D BrowserActivity: onStart
06-03 16:49:52.795 16746 16746 D DefaultAppLock: onActivityResumed
06-03 16:49:52.799 16746 16746 D DefaultAppLock: onActivityPaused
06-03 16:49:52.801 16746 16746 W ViewRootImpl[SplashActivity]: Dropping event due to no window focus: MotionEvent { action=ACTION_HOVER_MOVE, actionButton=0, id[0]=0, x[0]=663.5596, y[0]=412.02484, toolType[0]=TOOL_TYPE_MOUSE, buttonState=0, metaState=0, flags=0x0, edgeFlags=0x0, pointerCount=1, historySize=1, eventTime=27943809, downTime=27942556, deviceId=3, source=0x2002 }
06-03 16:49:52.812 16746 16746 W StaticLayout: maxLineHeight should not be -1.  maxLines:1 lineCount:1
06-03 16:49:52.827 16746 16746 I chatty  : uid=10083(com.seafile.seadroid2.debug) identical 27 lines
06-03 16:49:52.842 16746 16746 W ViewRootImpl[SplashActivity]: Cancelling event due to no window focus: MotionEvent { action=ACTION_CANCEL, actionButton=0, id[0]=0, x[0]=663.5596, y[0]=407.38513, toolType[0]=TOOL_TYPE_MOUSE, buttonState=0, metaState=0, flags=0x0, edgeFlags=0x0, pointerCount=1, historySize=0, eventTime=27943821, downTime=27942556, deviceId=3, source=0x2002 }
06-03 16:49:52.842 16746 16746 W ViewRootImpl[SplashActivity]: Cancelling event due to no window focus: MotionEvent { action=ACTION_CANCEL, actionButton=0, id[0]=0, x[0]=663.5596, y[0]=407.38513, toolType[0]=TOOL_TYPE_MOUSE, buttonState=0, metaState=0, flags=0x0, edgeFlags=0x0, pointerCount=1, historySize=0, eventTime=27943821, downTime=27942556, deviceId=3, source=0x2002 }
06-03 16:49:52.856 16746 16785 I chatty  : uid=10083(com.seafile.seadroid2.debug) expire 2 lines
06-03 16:49:52.857 16746 16786 I chatty  : uid=10083(com.seafile.seadroid2.debug) expire 4 lines
06-03 16:49:52.888 16746 16787 I chatty  : uid=10083(com.seafile.seadroid2.debug) expire 8 lines
06-03 16:49:53.869 14661 14853 D LocalBluetoothProfileManager: Current Profiles[PAN]
06-03 16:49:53.869 14661 14853 D BluetoothMap: getConnectedDevices()
06-03 16:49:53.870 14661 14853 D BluetoothMap: getConnectionState(88:10:8F:15:53:3F)
06-03 16:49:53.872 14661 14853 D MapProfile: getConnectionStatus: status is: 0
06-03 16:49:53.872 14661 14853 D LocalBluetoothProfileManager: New Profiles[PAN]
06-03 16:49:54.506 16746 16751 I chatty  : uid=10083(com.seafile.seadroid2.debug) expire 10 lines
06-03 16:49:56.051 14661 14661 D ViewRootImpl[StatusBar]: updatePointerIcon called with position out of bounds
06-03 16:49:57.605 14661 14661 D ViewRootImpl[StatusBar]: updatePointerIcon called with position out of bounds
06-03 16:49:57.639 14628 14628 I chatty  : uid=1002(bluetooth) com.android.bluetooth expire 60 lines
06-03 16:49:57.645 14661 14853 D LocalBluetoothProfileManager: Current Profiles[PAN]
06-03 16:49:57.645 14661 14853 D BluetoothMap: getConnectedDevices()
06-03 16:49:57.647 14661 14853 D BluetoothMap: getConnectionState(88:10:8F:15:53:3F)
06-03 16:49:57.648 14661 14853 D MapProfile: getConnectionStatus: status is: 0
06-03 16:49:57.648 14661 14853 D LocalBluetoothProfileManager: New Profiles[PAN]
06-03 16:49:57.941 14628 14968 I chatty  : uid=1002(bluetooth) btu message loo expire 20 lines
06-03 16:49:57.941 14628 14689 I chatty  : uid=1002(bluetooth) BT Service Call expire 24 lines
06-03 16:50:00.643 14661 14661 D ViewRootImpl[StatusBar]: updatePointerIcon called with position out of bounds
06-03 16:50:01.376 15661 15754 I Finsky  : [160] com.google.android.finsky.ct.a.a.a.b(90): Triggered update for experiment package com.google.android.finsky.regular.
06-03 16:50:01.385 15661 15754 E Finsky  : [160] com.google.android.finsky.ac.d.a(1598): Unexpected android-id = 0
06-03 16:50:01.387 15661 15754 E Finsky  : [160] com.google.android.finsky.deviceconfig.k.a(9): Unable to fetch checkin consistency token: empty token
06-03 16:50:01.389 15661 15754 W ProxyAndroidLoggerBackend: Too many Flogger logs received before configuration. Dropping old logs.
06-03 16:50:01.390 15661 15754 W ProxyAndroidLoggerBackend: Too many Flogger logs received before configuration. Dropping old logs.
06-03 16:50:01.394 14534 14548 I chatty  : uid=1000(system) android.bg expire 8 lines
06-03 16:50:01.673 15145 15270 W NamedFutures: Timeout future task has been cancelled: 10000 milliseconds
06-03 16:50:01.677 15145 15145 E SearchServiceStarter: Task 174 failed or timed out. Client 66609973962400025 disconnecting from SearchService!
06-03 16:50:01.677 15145 15145 E SearchServiceStarter: java.util.concurrent.CancellationException: Task was cancelled.
06-03 16:50:01.677 15145 15145 E SearchServiceStarter: 	at com.google.common.util.concurrent.d.ct(SourceFile:75)
06-03 16:50:01.677 15145 15145 E SearchServiceStarter: 	at com.google.common.util.concurrent.d.get(SourceFile:57)
06-03 16:50:01.677 15145 15145 E SearchServiceStarter: 	at com.google.common.util.concurrent.cg.n(SourceFile:2)
06-03 16:50:01.677 15145 15145 E SearchServiceStarter: 	at com.google.common.util.concurrent.av.l(SourceFile:50)
06-03 16:50:01.677 15145 15145 E SearchServiceStarter: 	at com.google.common.util.concurrent.ax.run(SourceFile:5)
06-03 16:50:01.677 15145 15145 E SearchServiceStarter: 	at com.google.android.apps.gsa.shared.util.concurrent.a.bc.run(SourceFile:2)
06-03 16:50:01.677 15145 15145 E SearchServiceStarter: 	at android.os.Handler.handleCallback(Handler.java:790)
06-03 16:50:01.677 15145 15145 E SearchServiceStarter: 	at android.os.Handler.dispatchMessage(Handler.java:99)
06-03 16:50:01.677 15145 15145 E SearchServiceStarter: 	at android.os.Looper.loop(Looper.java:164)
06-03 16:50:01.677 15145 15145 E SearchServiceStarter: 	at android.app.ActivityThread.main(ActivityThread.java:6494)
06-03 16:50:01.677 15145 15145 E SearchServiceStarter: 	at java.lang.reflect.Method.invoke(Native Method)
06-03 16:50:01.677 15145 15145 E SearchServiceStarter: 	at com.android.internal.os.RuntimeInit$MethodAndArgsCaller.run(RuntimeInit.java:463)
06-03 16:50:01.677 15145 15145 E SearchServiceStarter: 	at com.android.internal.os.ZygoteInit.main(ZygoteInit.java:807)
06-03 16:50:01.687 15145 15145 E WorkerRegistryImpl: getWorker() is called after WorkerRegistry disposal.
06-03 16:50:01.687 15145 15145 E WorkerRegistryImpl: getWorker() is called after WorkerRegistry disposal.
06-03 16:50:01.689 14534 15180 I chatty  : uid=1000(system) Binder:14534_8 expire 2 lines
06-03 16:50:01.701 15239 15991 I AsyncOpDispatcher: 52-GetVoiceUnlockStateOperation
06-03 16:50:03.941 14661 14661 D ViewRootImpl[StatusBar]: updatePointerIcon called with position out of bounds
06-03 16:50:05.328 14661 14853 D LocalBluetoothProfileManager: Current Profiles[PAN]
06-03 16:50:05.328 14661 14853 D BluetoothMap: getConnectedDevices()
06-03 16:50:05.329 14661 14853 D BluetoothMap: getConnectionState(88:10:8F:15:53:3F)
06-03 16:50:05.331 14661 14853 D MapProfile: getConnectionStatus: status is: 0
06-03 16:50:05.331 14661 14853 D LocalBluetoothProfileManager: New Profiles[PAN]
06-03 16:50:05.398 14534 16800 I chatty  : uid=1000 system_server expire 1 line
06-03 16:50:05.398 14534 16801 I chatty  : uid=1000 system_server expire 2 lines
06-03 16:50:06.891 15661 15666 I zygote64: Do partial code cache collection, code=30KB, data=17KB
06-03 16:50:06.891 15661 15666 I zygote64: After code cache collection, code=30KB, data=17KB
06-03 16:50:06.891 15661 15666 I zygote64: Increasing code cache capacity to 128KB
06-03 16:50:07.025 14661 14661 D ViewRootImpl[StatusBar]: updatePointerIcon called with position out of bounds
06-03 16:50:07.711 14661 14853 D LocalBluetoothProfileManager: Current Profiles[PAN]
06-03 16:50:07.711 14661 14853 D BluetoothMap: getConnectedDevices()
06-03 16:50:07.713 14661 14853 D BluetoothMap: getConnectionState(88:10:8F:15:53:3F)
06-03 16:50:07.714 14661 14853 D MapProfile: getConnectionStatus: status is: 0
06-03 16:50:07.714 14661 14853 D LocalBluetoothProfileManager: New Profiles[PAN]
06-03 16:50:09.419 14534 16713 I chatty  : uid=1000(system) Binder:14534_11 expire 4 lines
06-03 16:50:10.565 14661 14661 D ViewRootImpl[StatusBar]: updatePointerIcon called with position out of bounds
06-03 16:50:10.712 16746 16746 I chatty  : uid=10083(com.seafile.seadroid2.debug) expire 3 lines
06-03 16:50:10.717 16746 16746 E AndroidRuntime: FATAL EXCEPTION: main
06-03 16:50:10.717 16746 16746 E AndroidRuntime: Process: com.seafile.seadroid2.debug, PID: 16746
06-03 16:50:10.717 16746 16746 E AndroidRuntime: java.lang.NullPointerException: Attempt to invoke virtual method 'void android.support.v7.widget.Toolbar.setTitle(int)' on a null object reference
06-03 16:50:10.717 16746 16746 E AndroidRuntime: 	at com.seafile.seadroid2.ui.activity.BrowserActivity.onBackPressed(BrowserActivity.java:2169)
06-03 16:50:10.717 16746 16746 E AndroidRuntime: 	at android.app.Activity.pressKeyBack(Activity.java:3294)
06-03 16:50:10.717 16746 16746 E AndroidRuntime: 	at com.android.internal.widget.DecorCaptionView.keyBackWindow(DecorCaptionView.java:417)
06-03 16:50:10.717 16746 16746 E AndroidRuntime: 	at com.android.internal.widget.DecorCaptionView.onSingleTapUp(DecorCaptionView.java:588)
06-03 16:50:10.717 16746 16746 E AndroidRuntime: 	at android.view.GestureDetector.onTouchEvent(GestureDetector.java:640)
06-03 16:50:10.717 16746 16746 E AndroidRuntime: 	at com.android.internal.widget.DecorCaptionView.onTouchEvent(DecorCaptionView.java:220)
06-03 16:50:10.717 16746 16746 E AndroidRuntime: 	at android.view.View.dispatchTouchEvent(View.java:11777)
06-03 16:50:10.717 16746 16746 E AndroidRuntime: 	at android.view.ViewGroup.dispatchTransformedTouchEvent(ViewGroup.java:2962)
06-03 16:50:10.717 16746 16746 E AndroidRuntime: 	at android.view.ViewGroup.dispatchTouchEvent(ViewGroup.java:2643)
06-03 16:50:10.717 16746 16746 E AndroidRuntime: 	at android.view.ViewGroup.dispatchTransformedTouchEvent(ViewGroup.java:2968)
06-03 16:50:10.717 16746 16746 E AndroidRuntime: 	at android.view.ViewGroup.dispatchTouchEvent(ViewGroup.java:2657)
06-03 16:50:10.717 16746 16746 E AndroidRuntime: 	at com.android.internal.policy.DecorView.superDispatchTouchEvent(DecorView.java:455)
06-03 16:50:10.717 16746 16746 E AndroidRuntime: 	at com.android.internal.policy.PhoneWindow.superDispatchTouchEvent(PhoneWindow.java:1829)
06-03 16:50:10.717 16746 16746 E AndroidRuntime: 	at android.app.Activity.dispatchTouchEvent(Activity.java:3378)
06-03 16:50:10.717 16746 16746 E AndroidRuntime: 	at android.support.v7.view.WindowCallbackWrapper.dispatchTouchEvent(WindowCallbackWrapper.java:68)
06-03 16:50:10.717 16746 16746 E AndroidRuntime: 	at com.android.internal.policy.DecorView.dispatchTouchEvent(DecorView.java:414)
06-03 16:50:10.717 16746 16746 E AndroidRuntime: 	at android.view.View.dispatchPointerEvent(View.java:12016)
06-03 16:50:10.717 16746 16746 E AndroidRuntime: 	at android.view.ViewRootImpl$ViewPostImeInputStage.processPointerEvent(ViewRootImpl.java:4795)
06-03 16:50:10.717 16746 16746 E AndroidRuntime: 	at android.view.ViewRootImpl$ViewPostImeInputStage.onProcess(ViewRootImpl.java:4609)
06-03 16:50:10.717 16746 16746 E AndroidRuntime: 	at android.view.ViewRootImpl$InputStage.deliver(ViewRootImpl.java:4147)
06-03 16:50:10.717 16746 16746 E AndroidRuntime: 	at android.view.ViewRootImpl$InputStage.onDeliverToNext(ViewRootImpl.java:4200)
06-03 16:50:10.717 16746 16746 E AndroidRuntime: 	at android.view.ViewRootImpl$InputStage.forward(ViewRootImpl.java:4166)
06-03 16:50:10.717 16746 16746 E AndroidRuntime: 	at android.view.ViewRootImpl$AsyncInputStage.forward(ViewRootImpl.java:4293)
06-03 16:50:10.717 16746 16746 E AndroidRuntime: 	at android.view.ViewRootImpl$InputStage.apply(ViewRootImpl.java:4174)
06-03 16:50:10.717 16746 16746 E AndroidRuntime: 	at android.view.ViewRootImpl$AsyncInputStage.apply(ViewRootImpl.java:4350)
06-03 16:50:10.717 16746 16746 E AndroidRuntime: 	at android.view.ViewRootImpl$InputStage.deliver(ViewRootImpl.java:4147)
06-03 16:50:10.717 16746 16746 E AndroidRuntime: 	at android.view.ViewRootImpl$InputStage.onDeliverToNext(ViewRootImpl.java:4200)
06-03 16:50:10.717 16746 16746 E AndroidRuntime: 	at android.view.ViewRootImpl$InputStage.forward(ViewRootImpl.java:4166)
06-03 16:50:10.717 16746 16746 E AndroidRuntime: 	at android.view.ViewRootImpl$InputStage.apply(ViewRootImpl.java:4174)
06-03 16:50:10.717 16746 16746 E AndroidRuntime: 	at android.view.ViewRootImpl$InputStage.deliver(ViewRootImpl.java:4147)
06-03 16:50:10.717 16746 16746 E AndroidRuntime: 	at android.view.ViewRootImpl.deliverInputEvent(ViewRootImpl.java:6661)
06-03 16:50:10.717 16746 16746 E AndroidRuntime: 	at android.view.ViewRootImpl.doProcessInputEvents(ViewRootImpl.java:6635)
06-03 16:50:10.717 16746 16746 E AndroidRuntime: 	at android.view.ViewRootImpl.enqueueInputEvent(ViewRootImpl.java:6596)
06-03 16:50:10.717 16746 16746 E AndroidRuntime: 	at android.view.ViewRootImpl$WindowInputEventReceiver.onInputEvent(ViewRootImpl.java:6764)
06-03 16:50:10.717 16746 16746 E AndroidRuntime: 	at android.view.InputEventReceiver.dispatchInputEvent(InputEventReceiver.java:186)
06-03 16:50:10.717 16746 16746 E AndroidRuntime: 	at android.os.MessageQueue.nativePollOnce(Native Method)
06-03 16:50:10.717 16746 16746 E AndroidRuntime: 	at android.os.MessageQueue.next(MessageQueue.java:325)
06-03 16:50:10.717 16746 16746 E AndroidRuntime: 	at android.os.Looper.loop(Looper.java:142)
06-03 16:50:10.717 16746 16746 E AndroidRuntime: 	at android.app.ActivityThread.main(ActivityThread.java:6494)
06-03 16:50:10.717 16746 16746 E AndroidRuntime: 	at java.lang.reflect.Method.invoke(Native Method)
06-03 16:50:10.717 16746 16746 E AndroidRuntime: 	at com.android.internal.os.RuntimeInit$MethodAndArgsCaller.run(RuntimeInit.java:463)
06-03 16:50:10.717 16746 16746 E AndroidRuntime: 	at com.android.internal.os.ZygoteInit.main(ZygoteInit.java:807)
06-03 16:50:10.719 14534 14550 I chatty  : uid=1000(system) android.ui expire 7 lines
06-03 16:50:10.732 14534 15836 I chatty  : uid=1000(system) RenderThread expire 19 lines
06-03 16:50:11.439 15724 15724 I Binder:15724_5: type=1400 audit(0.0:2384): avc: denied { getattr } for path="/dev/dri/card0" dev="tmpfs" ino=2397 scontext=u:r:priv_app:s0:c512,c768 tcontext=u:object_r:device:s0 tclass=chr_file permissive=1
06-03 16:50:11.440 15724 15724 I Binder:15724_5: type=1400 audit(0.0:2385): avc: denied { ioctl } for path="/dev/dri/card0" dev="tmpfs" ino=2397 ioctlcmd=0x6446 scontext=u:r:priv_app:s0:c512,c768 tcontext=u:object_r:device:s0 tclass=chr_file permissive=1
06-03 16:50:11.440 15724 15724 I Binder:15724_5: type=1400 audit(0.0:2386): avc: denied { ioctl } for path="/dev/dri/card0" dev="tmpfs" ino=2397 ioctlcmd=0x6474 scontext=u:r:priv_app:s0:c512,c768 tcontext=u:object_r:device:s0 tclass=chr_file permissive=1
06-03 16:50:11.440 15724 15894 D vndksupport: Loading /vendor/lib64/hw/gralloc.drm.so from current namespace instead of sphal namespace.
06-03 16:50:11.442 15724 15894 I EGL-MAIN: found extension DRI_Core version 2
06-03 16:50:11.442 15724 15894 I EGL-MAIN: found extension DRI_DRI2 version 4
06-03 16:50:11.443 15724 15724 I Binder:15724_5: type=1400 audit(0.0:2387): avc: denied { getattr } for path="/dev/dri/card0" dev="tmpfs" ino=2397 scontext=u:r:priv_app:s0:c512,c768 tcontext=u:object_r:device:s0 tclass=chr_file permissive=1
