03-22 08:00:02.928  4481  4500 I PtvTemplateManager:             "type":0
03-22 08:00:02.928  4481  4500 I PtvTemplateManager:         },
03-22 08:00:02.928  4481  4500 I PtvTemplateManager:       {
03-22 08:00:02.928  4481  4500 I PtvTemplateManager:       "predownload": false,
03-22 08:00:02.928  4481  4500 I PtvTemplateManager:       "md5": "77a4d336da2007ac412dc3cdceb19714",
03-22 08:00:02.928  4481  4500 I PtvTemplateManager:       "id": "318",
03-22 08:00:02.928  4481  4500 I PtvTemplateManager:       "iconurl": "http://dl.url.cn/myapp/qq_desk/qqrm/videofilter/online/preonline/chapai4.png",
03-22 08:00:02.928  4481  4500 I PtvTemplateManager:       "resurl": "http://dl.url.cn/myapp/qq_desk/qqrm/videofilter/online/test/video_chapai4_iOS.zip",
03-22 08:00:02.928  4481  4500 I PtvTemplateManager:       "name": "video_chapai4_iOS"
03-22 08:00:02.928  4481  4500 I PtvTemplateManager:       }, 
03-22 08:00:02.928  4481  4500 I PtvTemplateManager: {
03-22 08:00:02.928  4481  4500 I PtvTemplateManager:             "predownload": false, 
03-22 08:00:02.928  4481  4500 I PtvTemplateManager:             "md5": "991ec8d91178906f325e766e6443ad00", 
03-22 08:00:02.928  4481  4500 I PtvTemplateManager:             "id": "2007", 
03-22 08:00:02.928  4481  4500 I PtvTemplateManager:             "iconurl": "http://dl.url.cn/myapp/qq_desk/qqrm/videofilter/online/preonline/chapai3.png",
03-22 08:00:02.928  4481  4500 I PtvTemplateManager:             "resurl":"http://dl.url.cn/myapp/qq_desk/qqrm/videofilter/online/preonline/video_chapai3_iOS_bixing_09191607.zip", 
03-22 08:00:02.928  4481  4500 I PtvTemplateManager:             "name": "video_chapai3_iOS_bixing_09191607",
03-22 08:00:02.928  4481  4500 I PtvTemplateManager:             "category":2,
03-22 08:00:02.928  4481  4500 I PtvTemplateManager:              "gestureType":"qheart",
03-22 08:00:02.928  4481  4500 I PtvTemplateManager:              "gestureWording":"在屏幕内单手比心",
03-22 08:00:02.928  4481  4500 I PtvTemplateManager:             "type":0
03-22 08:00:02.928  4481  4500 I PtvTemplateManager:         },  
03-22 08:00:02.928  4481  4500 I PtvTemplateManager: {
03-22 08:00:02.928  4481  4500 I PtvTemplateManager:             "predownload": false, 
03-22 08:00:02.928  4481  4500 I PtvTemplateManager:             "md5": "16743580095d5f35f4bf88631888dafa", 
03-22 08:00:02.928  4481  4500 I PtvTemplateManager:             "id": "317", 
03-22 08:00:02.928  4481  4500 I PtvTemplateManager:             "iconurl": "http://dl.url.cn/myapp/qq_desk/qqrm/videofilter/online/preonline/chapai1.png", 
03-22 08:00:02.928  4481  4500 I PtvTemplateManager:             "resurl": "http://dl.url.cn/myapp/qq_desk/qqrm/videofilter/online/test/video_chapai1_iOS.zip", 
03-22 08:00:02.928  4481  4500 I PtvTemplateManager:             "name": "video_chapai1_iOS"
03-22 08:00:02.928  4481  4500 I PtvTemplateManager:         }
03-22 08:00:02.928  4481  4500 I PtvTemplateManager:     ]
03-22 08:00:02.928  4481  4500 I PtvTemplateManager: }
03-22 08:00:02.930  4481  4500 D CameraCompatibleList: isFoundProduct key=BLACK_NOT_SUPPORT_FILTER_PHONE
03-22 08:00:02.930  4481  4500 D CameraCompatibleList: isFoundProductManufacturer =TSINGHUA TONGFANG Computer;H110-4S
03-22 08:00:02.930  4481  4500 D CameraCompatibleList: isFoundProduct buildType:TSINGHUA TONGFANG Computer;H110-4S, result:false
03-22 08:00:02.930  4481  4500 D CameraCompatibleList: isFoundProduct buildType:TSINGHUA TONGFANG Computer;H110-4S;27, result:false
03-22 08:00:02.931  4481  4500 D Doodle_Strokes_PtvTemplateManager: parseDoodleConfig|templateInfo= PtvTemplateInfo{id='-3', name='doodle_filter', dooleInfos=[PtvTemplateInfo{id='1', doodleName='doodle_highlighter', doodleUsable='false'}, PtvTemplateInfo{id='2', doodleName='doodle_fireworks', doodleUsable='false'}, PtvTemplateInfo{id='3', doodleName='doodle_image_xin', doodleUsable='false'}, PtvTemplateInfo{id='4', doodleName='doodle_image_family', doodleUsable='false'}, PtvTemplateInfo{id='5', doodleName='doodle_image_mouth', doodleUsable='false'}]',usable=false}
03-22 08:00:02.934  4481  4500 D CameraCompatibleList: isFoundProduct key=BLACK_NOT_SUPPORT_FILTER_PHONE
03-22 08:00:02.934  4481  4500 D CameraCompatibleList: isFoundProductManufacturer =TSINGHUA TONGFANG Computer;H110-4S
03-22 08:00:02.934  4481  4500 D CameraCompatibleList: isFoundProduct buildType:TSINGHUA TONGFANG Computer;H110-4S, result:false
03-22 08:00:02.934  4481  4500 D CameraCompatibleList: isFoundProduct buildType:TSINGHUA TONGFANG Computer;H110-4S;27, result:false
03-22 08:00:02.953  3105  3192 D WorkerThreadMonitor: Kill MSF check result[ senderSize:0,sendInterval:40983,receiveInterval=28922,addCmdCount=87
03-22 08:00:03.888  2121  2121 D ViewRootImpl[StatusBar]: updatePointerIcon called with position out of bounds
03-22 08:00:03.972  4481  4709 D Q.richmedia.T.c2c.fil.dw: id:null 	step:scheduleRetry 	cont:mIsCancelled:false 	ver:7.9.9.1010 	tid:178
03-22 08:00:03.973  4481  4709 D Q.richmedia.T.c2c.fil.dw: id:null 	step:retry 	cont:tryTime:1 consumeTime:60374 isLastGetData:false 	ver:7.9.9.1010 	tid:178
03-22 08:00:03.973  4481  4709 D Q.richmedia.T.c2c.fil.dw: id:null 	step:scheduleRetry 	cont:mIsCancelled:false 	ver:7.9.9.1010 	tid:178
03-22 08:00:04.034  1896  3187 I audio_hw_primary: choose pcmC0D0p for 0
03-22 08:00:04.363  3421  3473 W ProxyAndroidLoggerBackend: Too many Flogger logs received before configuration. Dropping old logs.
03-22 08:00:04.366  3421  3473 I chatty  : uid=10028(com.android.vending) identical 2 lines
03-22 08:00:04.367  3421  3473 W ProxyAndroidLoggerBackend: Too many Flogger logs received before configuration. Dropping old logs.
03-22 08:00:04.367  3421  3473 I Finsky  : [158] com.google.android.finsky.ct.a.a.a.b(111): Already at the latest configurations for experiment package com.google.android.finsky.regular.
03-22 08:00:06.722  5189  5189 I chatty  : uid=10077(com.microsoft.office.excel) expire 220 lines
03-22 08:00:06.777  5189  5438 I chatty  : uid=10077(com.microsoft.office.excel) expire 2 lines
03-22 08:00:06.787  5439  5439 I main    : type=1400 audit(0.0:822): avc: denied { dac_read_search } for capability=2 scontext=u:r:zygote:s0 tcontext=u:r:zygote:s0 tclass=capability permissive=1
03-22 08:00:06.787  5439  5439 I main    : type=1400 audit(0.0:823): avc: denied { create } for name="cgroup.procs" scontext=u:r:zygote:s0 tcontext=u:object_r:cgroup:s0 tclass=file permissive=1
03-22 08:00:06.791  5439  5439 W zygote  : Unexpected CPU variant for X86 using defaults: x86_64
03-22 08:00:06.792  2013  3799 I ActivityManager: Start proc 5439:com.google.android.webview:webview_service/u0a71 for service com.google.android.webview/org.chromium.android_webview.services.VariationsSeedServer
03-22 08:00:06.798  1907  1907 I lmkd    : type=1400 audit(0.0:824): avc: denied { dac_read_search } for capability=2 scontext=u:r:lmkd:s0 tcontext=u:r:lmkd:s0 tclass=capability permissive=1
03-22 08:00:06.810  5439  5439 I LoadedApk: No resource references to update in package com.google.android.webview
03-22 08:00:06.969  5189  5457 I chatty  : uid=10077(com.microsoft.office.excel) expire 1 line
03-22 08:00:06.994  2177  2177 I WebViewZygoteInit: Beginning package preload
03-22 08:00:07.008  2177  2177 I /system/bin/webview_zygote32: Rejecting re-init on previously-failed class java.lang.Class<com.android.webview.chromium.TracingControllerAdapter>: java.lang.NoClassDefFoundError: Failed resolution of: Landroid/webkit/TracingController;
03-22 08:00:07.008  2177  2177 I /system/bin/webview_zygote32:   at java.lang.Class java.lang.Class.classForName(java.lang.String, boolean, java.lang.ClassLoader) (Class.java:-2)
03-22 08:00:07.008  2177  2177 I /system/bin/webview_zygote32:   at java.lang.Class java.lang.Class.forName(java.lang.String, boolean, java.lang.ClassLoader) (Class.java:453)
03-22 08:00:07.008  2177  2177 I /system/bin/webview_zygote32:   at java.lang.Class android.webkit.WebViewFactory.getWebViewProviderClass(java.lang.ClassLoader) (WebViewFactory.java:128)
03-22 08:00:07.008  2177  2177 I /system/bin/webview_zygote32:   at void com.android.internal.os.WebViewZygoteInit$WebViewZygoteConnection.handlePreloadPackage(java.lang.String, java.lang.String, java.lang.String) (WebViewZygoteInit.java:93)
03-22 08:00:07.008  2177  2177 I /system/bin/webview_zygote32:   at java.lang.Runnable com.android.internal.os.ZygoteConnection.processOneCommand(com.android.internal.os.ZygoteServer) (ZygoteConnection.java:157)
03-22 08:00:07.008  2177  2177 I /system/bin/webview_zygote32:   at java.lang.Runnable com.android.internal.os.ZygoteServer.runSelectLoop(java.lang.String) (ZygoteServer.java:174)
03-22 08:00:07.008  2177  2177 I /system/bin/webview_zygote32:   at void com.android.internal.os.WebViewZygoteInit.main(java.lang.String[]) (WebViewZygoteInit.java:135)
03-22 08:00:07.008  2177  2177 I /system/bin/webview_zygote32: Caused by: java.lang.ClassNotFoundException: Didn't find class "android.webkit.TracingController" on path: DexPathList[[zip file "/system/app/WebViewGoogle/WebViewGoogle.apk"],nativeLibraryDirectories=[/system/app/WebViewGoogle/lib/x86, /system/app/WebViewGoogle/WebViewGoogle.apk!/lib/x86, /system/lib, /system/vendor/lib]]
03-22 08:00:07.008  2177  2177 I /system/bin/webview_zygote32:   at java.lang.Class dalvik.system.BaseDexClassLoader.findClass(java.lang.String) (BaseDexClassLoader.java:125)
03-22 08:00:07.008  2177  2177 I /system/bin/webview_zygote32:   at java.lang.Class java.lang.ClassLoader.loadClass(java.lang.String, boolean) (ClassLoader.java:379)
03-22 08:00:07.008  2177  2177 I /system/bin/webview_zygote32:   at java.lang.Class java.lang.ClassLoader.loadClass(java.lang.String) (ClassLoader.java:312)
03-22 08:00:07.008  2177  2177 I /system/bin/webview_zygote32:   at java.lang.Class java.lang.Class.classForName(java.lang.String, boolean, java.lang.ClassLoader) (Class.java:-2)
03-22 08:00:07.008  2177  2177 I /system/bin/webview_zygote32:   at java.lang.Class java.lang.Class.forName(java.lang.String, boolean, java.lang.ClassLoader) (Class.java:453)
03-22 08:00:07.008  2177  2177 I /system/bin/webview_zygote32:   at java.lang.Class android.webkit.WebViewFactory.getWebViewProviderClass(java.lang.ClassLoader) (WebViewFactory.java:128)
03-22 08:00:07.008  2177  2177 I /system/bin/webview_zygote32:   at void com.android.internal.os.WebViewZygoteInit$WebViewZygoteConnection.handlePreloadPackage(java.lang.String, java.lang.String, java.lang.String) (WebViewZygoteInit.java:93)
03-22 08:00:07.008  2177  2177 I /system/bin/webview_zygote32:   at java.lang.Runnable com.android.internal.os.ZygoteConnection.processOneCommand(com.android.internal.os.ZygoteServer) (ZygoteConnection.java:157)
03-22 08:00:07.008  2177  2177 I /system/bin/webview_zygote32:   at java.lang.Runnable com.android.internal.os.ZygoteServer.runSelectLoop(java.lang.String) (ZygoteServer.java:174)
03-22 08:00:07.008  2177  2177 I /system/bin/webview_zygote32:   at void com.android.internal.os.WebViewZygoteInit.main(java.lang.String[]) (WebViewZygoteInit.java:135)
03-22 08:00:07.008  2177  2177 I /system/bin/webview_zygote32: 
03-22 08:00:07.008  2177  2177 I /system/bin/webview_zygote32: Rejecting re-init on previously-failed class java.lang.Class<com.android.webview.chromium.TracingControllerAdapter>: java.lang.NoClassDefFoundError: Failed resolution of: Landroid/webkit/TracingController;
03-22 08:00:07.008  2177  2177 I /system/bin/webview_zygote32:   at java.lang.Class java.lang.Class.classForName(java.lang.String, boolean, java.lang.ClassLoader) (Class.java:-2)
03-22 08:00:07.008  2177  2177 I /system/bin/webview_zygote32:   at java.lang.Class java.lang.Class.forName(java.lang.String, boolean, java.lang.ClassLoader) (Class.java:453)
03-22 08:00:07.008  2177  2177 I /system/bin/webview_zygote32:   at java.lang.Class android.webkit.WebViewFactory.getWebViewProviderClass(java.lang.ClassLoader) (WebViewFactory.java:128)
03-22 08:00:07.008  2177  2177 I /system/bin/webview_zygote32:   at void com.android.internal.os.WebViewZygoteInit$WebViewZygoteConnection.handlePreloadPackage(java.lang.String, java.lang.String, java.lang.String) (WebViewZygoteInit.java:93)
03-22 08:00:07.008  2177  2177 I /system/bin/webview_zygote32:   at java.lang.Runnable com.android.internal.os.ZygoteConnection.processOneCommand(com.android.internal.os.ZygoteServer) (ZygoteConnection.java:157)
03-22 08:00:07.008  2177  2177 I /system/bin/webview_zygote32:   at java.lang.Runnable com.android.internal.os.ZygoteServer.runSelectLoop(java.lang.String) (ZygoteServer.java:174)
03-22 08:00:07.008  2177  2177 I /system/bin/webview_zygote32:   at void com.android.internal.os.WebViewZygoteInit.main(java.lang.String[]) (WebViewZygoteInit.java:135)
03-22 08:00:07.008  2177  2177 I /system/bin/webview_zygote32: Caused by: java.lang.ClassNotFoundException: Didn't find class "android.webkit.TracingController" on path: DexPathList[[zip file "/system/app/WebViewGoogle/WebViewGoogle.apk"],nativeLibraryDirectories=[/system/app/WebViewGoogle/lib/x86, /system/app/WebViewGoogle/WebViewGoogle.apk!/lib/x86, /system/lib, /system/vendor/lib]]
03-22 08:00:07.008  2177  2177 I /system/bin/webview_zygote32:   at java.lang.Class dalvik.system.BaseDexClassLoader.findClass(java.lang.String) (BaseDexClassLoader.java:125)
03-22 08:00:07.008  2177  2177 I /system/bin/webview_zygote32:   at java.lang.Class java.lang.ClassLoader.loadClass(java.lang.String, boolean) (ClassLoader.java:379)
03-22 08:00:07.008  2177  2177 I /system/bin/webview_zygote32:   at java.lang.Class java.lang.ClassLoader.loadClass(java.lang.String) (ClassLoader.java:312)
03-22 08:00:07.008  2177  2177 I /system/bin/webview_zygote32:   at java.lang.Class java.lang.Class.classForName(java.lang.String, boolean, java.lang.ClassLoader) (Class.java:-2)
03-22 08:00:07.008  2177  2177 I /system/bin/webview_zygote32:   at java.lang.Class java.lang.Class.forName(java.lang.String, boolean, java.lang.ClassLoader) (Class.java:453)
03-22 08:00:07.008  2177  2177 I /system/bin/webview_zygote32:   at java.lang.Class android.webkit.WebViewFactory.getWebViewProviderClass(java.lang.ClassLoader) (WebViewFactory.java:128)
03-22 08:00:07.008  2177  2177 I /system/bin/webview_zygote32:   at void com.android.internal.os.WebViewZygoteInit$WebViewZygoteConnection.handlePreloadPackage(java.lang.String, java.lang.String, java.lang.String) (WebViewZygoteInit.java:93)
03-22 08:00:07.008  2177  2177 I /system/bin/webview_zygote32:   at java.lang.Runnable com.android.internal.os.ZygoteConnection.processOneCommand(com.android.internal.os.ZygoteServer) (ZygoteConnection.java:157)
03-22 08:00:07.008  2177  2177 I /system/bin/webview_zygote32:   at java.lang.Runnable com.android.internal.os.ZygoteServer.runSelectLoop(java.lang.String) (ZygoteServer.java:174)
03-22 08:00:07.008  2177  2177 I /system/bin/webview_zygote32:   at void com.android.internal.os.WebViewZygoteInit.main(java.lang.String[]) (WebViewZygoteInit.java:135)
03-22 08:00:07.008  2177  2177 I /system/bin/webview_zygote32: 
03-22 08:00:07.008  2177  2177 I /system/bin/webview_zygote32: Rejecting re-init on previously-failed class java.lang.Class<com.android.webview.chromium.TracingControllerAdapter>: java.lang.NoClassDefFoundError: Failed resolution of: Landroid/webkit/TracingController;
03-22 08:00:07.008  2177  2177 I /system/bin/webview_zygote32:   at java.lang.Class java.lang.Class.classForName(java.lang.String, boolean, java.lang.ClassLoader) (Class.java:-2)
03-22 08:00:07.008  2177  2177 I /system/bin/webview_zygote32:   at java.lang.Class java.lang.Class.forName(java.lang.String, boolean, java.lang.ClassLoader) (Class.java:453)
03-22 08:00:07.008  2177  2177 I /system/bin/webview_zygote32:   at java.lang.Class android.webkit.WebViewFactory.getWebViewProviderClass(java.lang.ClassLoader) (WebViewFactory.java:128)
03-22 08:00:07.008  2177  2177 I /system/bin/webview_zygote32:   at void com.android.internal.os.WebViewZygoteInit$WebViewZygoteConnection.handlePreloadPackage(java.lang.String, java.lang.String, java.lang.String) (WebViewZygoteInit.java:93)
03-22 08:00:07.008  2177  2177 I /system/bin/webview_zygote32:   at java.lang.Runnable com.android.internal.os.ZygoteConnection.processOneCommand(com.android.internal.os.ZygoteServer) (ZygoteConnection.java:157)
03-22 08:00:07.008  2177  2177 I /system/bin/webview_zygote32:   at java.lang.Runnable com.android.internal.os.ZygoteServer.runSelectLoop(java.lang.String) (ZygoteServer.java:174)
03-22 08:00:07.008  2177  2177 I /system/bin/webview_zygote32:   at void com.android.internal.os.WebViewZygoteInit.main(java.lang.String[]) (WebViewZygoteInit.java:135)
03-22 08:00:07.008  2177  2177 I /system/bin/webview_zygote32: Caused by: java.lang.ClassNotFoundException: Didn't find class "android.webkit.TracingController" on path: DexPathList[[zip file "/system/app/WebViewGoogle/WebViewGoogle.apk"],nativeLibraryDirectories=[/system/app/WebViewGoogle/lib/x86, /system/app/WebViewGoogle/WebViewGoogle.apk!/lib/x86, /system/lib, /system/vendor/lib]]
03-22 08:00:07.008  2177  2177 I /system/bin/webview_zygote32:   at java.lang.Class dalvik.system.BaseDexClassLoader.findClass(java.lang.String) (BaseDexClassLoader.java:125)
03-22 08:00:07.008  2177  2177 I /system/bin/webview_zygote32:   at java.lang.Class java.lang.ClassLoader.loadClass(java.lang.String, boolean) (ClassLoader.java:379)
03-22 08:00:07.008  2177  2177 I /system/bin/webview_zygote32:   at java.lang.Class java.lang.ClassLoader.loadClass(java.lang.String) (ClassLoader.java:312)
03-22 08:00:07.008  2177  2177 I /system/bin/webview_zygote32:   at java.lang.Class java.lang.Class.classForName(java.lang.String, boolean, java.lang.ClassLoader) (Class.java:-2)
03-22 08:00:07.008  2177  2177 I /system/bin/webview_zygote32:   at java.lang.Class java.lang.Class.forName(java.lang.String, boolean, java.lang.ClassLoader) (Class.java:453)
03-22 08:00:07.008  2177  2177 I /system/bin/webview_zygote32:   at java.lang.Class android.webkit.WebViewFactory.getWebViewProviderClass(java.lang.ClassLoader) (WebViewFactory.java:128)
03-22 08:00:07.008  2177  2177 I /system/bin/webview_zygote32:   at void com.android.internal.os.WebViewZygoteInit$WebViewZygoteConnection.handlePreloadPackage(java.lang.String, java.lang.String, java.lang.String) (WebViewZygoteInit.java:93)
03-22 08:00:07.008  2177  2177 I /system/bin/webview_zygote32:   at java.lang.Runnable com.android.internal.os.ZygoteConnection.processOneCommand(com.android.internal.os.ZygoteServer) (ZygoteConnection.java:157)
03-22 08:00:07.008  2177  2177 I /system/bin/webview_zygote32:   at java.lang.Runnable com.android.internal.os.ZygoteServer.runSelectLoop(java.lang.String) (ZygoteServer.java:174)
03-22 08:00:07.008  2177  2177 I /system/bin/webview_zygote32:   at void com.android.internal.os.WebViewZygoteInit.main(java.lang.String[]) (WebViewZygoteInit.java:135)
03-22 08:00:07.008  2177  2177 I /system/bin/webview_zygote32: 
03-22 08:00:07.020  2177  2177 I WebViewZygoteInit: Package preload done
03-22 08:00:07.036  2013  3799 W ActivityManager: Slow operation: 63ms so far, now at startProcess: returned from zygote!
03-22 08:00:07.036  2013  3799 W ActivityManager: Slow operation: 63ms so far, now at startProcess: done updating battery stats
03-22 08:00:07.036  2013  3799 W ActivityManager: Slow operation: 63ms so far, now at startProcess: building log message
03-22 08:00:07.036  2013  3799 I ActivityManager: Start proc 5459:com.google.android.webview:sandboxed_process0/u0i0 for webview_service com.microsoft.office.excel/org.chromium.content.app.SandboxedProcessService0
03-22 08:00:07.036  2013  3799 W ActivityManager: Slow operation: 63ms so far, now at startProcess: starting to update pids map
03-22 08:00:07.036  5459  5459 E /system/bin/webview_zygote32: Failed to make and chown /acct/uid_99000: Permission denied
03-22 08:00:07.036  2013  3799 W ActivityManager: Slow operation: 63ms so far, now at startProcess: done updating pids map
03-22 08:00:07.036  2013  3799 W ActivityManager: Slow operation: 63ms so far, now at startProcess: done starting proc!
03-22 08:00:07.036  5459  5459 E Zygote  : createProcessGroup(99000, 0) failed: Permission denied
03-22 08:00:07.037  5459  5459 W /system/bin/webview_zygote32: Unexpected CPU variant for X86 using defaults: x86_64
03-22 08:00:07.043  1907  1907 E lowmemorykiller: Error opening /dev/memcg/apps/uid_99000/pid_5459/memory.soft_limit_in_bytes; errno=2
03-22 08:00:07.046  5474  5474 E asset   : setgid: Operation not permitted
03-22 08:00:07.062  5459  5459 I LoadedApk: No resource references to update in package com.google.android.webview
03-22 08:00:07.062  5459  5459 I cr_ChildProcessService: Creating new ChildProcessService pid=5459
03-22 08:00:07.063  1907  1907 E lowmemorykiller: Error opening /dev/memcg/apps/uid_99000/pid_5459/memory.soft_limit_in_bytes; errno=2
03-22 08:00:07.438  2678  5413 E WakeLock: release without a matched acquire!
03-22 08:00:07.602  5189  5426 I chatty  : uid=10077(com.microsoft.office.excel) expire 4 lines
03-22 08:00:07.675  1908  1908 D SurfaceFlinger: duplicate layer name: changing com.microsoft.office.excel/com.microsoft.office.apphost.LaunchActivity to com.microsoft.office.excel/com.microsoft.office.apphost.LaunchActivity#2
03-22 08:00:07.677  1908  1908 I Binder:1908_3: type=1400 audit(0.0:825): avc: denied { sys_admin } for capability=21 scontext=u:r:surfaceflinger:s0 tcontext=u:r:surfaceflinger:s0 tclass=capability permissive=1
03-22 08:00:07.692  5459  5459 I ChildProcessMai: type=1400 audit(0.0:826): avc: denied { read } for name="etc" dev="tmpfs" ino=1633 scontext=u:r:isolated_app:s0:c512,c768 tcontext=u:object_r:tmpfs:s0 tclass=lnk_file permissive=1
03-22 08:00:07.701  1907  1907 E lowmemorykiller: Error opening /dev/memcg/apps/uid_99000/pid_5459/memory.soft_limit_in_bytes; errno=2
03-22 08:00:07.706  5189  5481 I chatty  : uid=10077(com.microsoft.office.excel) expire 1 line
03-22 08:00:07.711  2816  2963 I AsyncOpDispatcher: 45-vappsprompt
03-22 08:00:07.712  5459  5475 I cr_LibraryLoader: Time to load native libraries: 0 ms (timestamps 7528-7528)
03-22 08:00:07.713  5459  5475 I chromium: [INFO:library_loader_hooks.cc(36)] Chromium logging enabled: level = 0, default verbosity = 0
03-22 08:00:07.713  5459  5475 I cr_LibraryLoader: Expected native library version number "69.0.3497.100", actual native library version number "69.0.3497.100"
03-22 08:00:07.724  5439  5456 E cr_VariationsUtils: Failed reading seed file "/data/user/0/com.google.android.webview/app_webview/variations_seed": /data/user/0/com.google.android.webview/app_webview/variations_seed (No such file or directory)
03-22 08:00:07.846  5189  5436 I chatty  : uid=10077(com.microsoft.office.excel) expire 1 line
03-22 08:00:07.847  2816  2831 I AsyncOpDispatcher: 45-xlb
03-22 08:00:07.902  5189  5492 I chatty  : uid=10077(com.microsoft.office.excel) expire 13 lines
03-22 08:00:07.906  1908  1908 I surfaceflinger: type=1400 audit(0.0:828): avc: denied { ioctl } for path="/dev/dri/card0" dev="tmpfs" ino=7195 ioctlcmd=0x640b scontext=u:r:surfaceflinger:s0 tcontext=u:object_r:device:s0 tclass=chr_file permissive=1
03-22 08:00:08.361  3938  4948 D ClClient: Not sending keepalive.  Current connection state=STOPPED
03-22 08:00:08.673  2816  2823 I zygote64: Do partial code cache collection, code=125KB, data=95KB
03-22 08:00:08.673  2816  2823 I zygote64: After code cache collection, code=123KB, data=95KB
03-22 08:00:08.673  2816  2823 I zygote64: Increasing code cache capacity to 512KB
03-22 08:00:08.972  3421  3445 E PlayCommon: [134] com.google.android.play.b.g.a(841): Failed to connect to server: java.net.SocketTimeoutException: failed to connect to play.googleapis.com/6.6.6.6 (port 443) from /192.168.0.79 (port 37520) after 40000ms
03-22 08:00:09.998  4481  4709 D Q.richmedia.T.c2c.fil.dw: id:null 	step:scheduleRetry 	cont:mIsCancelled:false 	ver:7.9.9.1010 	tid:178
03-22 08:00:09.999  4481  4709 D Q.richmedia.T.c2c.fil.dw: id:null 	step:retry 	cont:tryTime:1 consumeTime:66399 isLastGetData:false 	ver:7.9.9.1010 	tid:178
03-22 08:00:09.999  4481  4709 D Q.richmedia.T.c2c.fil.dw: id:null 	step:scheduleRetry 	cont:mIsCancelled:false 	ver:7.9.9.1010 	tid:178
03-22 08:00:10.297  2013  3529 I chatty  : uid=1000(system) Binder:2013_A expire 4 lines
03-22 08:00:10.972  2816  2831 I AsyncOpDispatcher: 45-xlb
03-22 08:00:10.973  2816  2831 I AsyncOpDispatcher: 45-xlb
03-22 08:00:10.977  2816  2963 I AsyncOpDispatcher: 45-xlb
03-22 08:00:10.981  2816  2963 I chatty  : uid=10013(com.google.android.gms) Binder:2816_5 identical 2 lines
03-22 08:00:10.986  2816  2963 I AsyncOpDispatcher: 45-xlb
03-22 08:00:11.797  2816  2963 I AsyncOpDispatcher: 45-xlb
03-22 08:00:12.654  2816  2963 I AsyncOpDispatcher: 45-xlb
03-22 08:00:12.657  2816  2963 I AsyncOpDispatcher: 45-xlb
03-22 08:00:13.332  4481  4768 D Q.fts.sync_worker: isSaveDBAtOnce unActionLoginB atOnce:true
03-22 08:00:13.333  4481  4768 I Q.fts.FTSMsgOperator: transToDBForInsert size: 0
03-22 08:00:13.333  4481  4768 E SQLiteLog: (1) no such table: msg_del_log
03-22 08:00:13.334  4481  4768 I Q.fts.FTSMsgOperator: transToDBForDelete size: 0
03-22 08:00:13.444  2816  2963 I AsyncOpDispatcher: 45-xlb
03-22 08:00:14.692  2816  2963 I AsyncOpDispatcher: 45-xlb
03-22 08:00:16.039  4481  4709 D Q.richmedia.T.c2c.fil.dw: id:null 	step:scheduleRetry 	cont:mIsCancelled:false 	ver:7.9.9.1010 	tid:178
03-22 08:00:16.039  4481  4709 D Q.richmedia.T.c2c.fil.dw: id:null 	step:retry 	cont:tryTime:1 consumeTime:72439 isLastGetData:false 	ver:7.9.9.1010 	tid:178
03-22 08:00:16.039  4481  4709 D Q.richmedia.T.c2c.fil.dw: id:null 	step:scheduleRetry 	cont:mIsCancelled:false 	ver:7.9.9.1010 	tid:178
03-22 08:00:18.363  3938  4948 D ClClient: Not sending keepalive.  Current connection state=STOPPED
03-22 08:00:18.702  2013  2027 I chatty  : uid=1000(system) android.bg expire 10 lines
03-22 08:00:19.436  2678  4173 E GCM     : Missing checkin config file
03-22 08:00:19.436  2678  4173 W GCM     : GCM FAILED TO INITIALIZE - missing checkin
03-22 08:00:19.438  3938  4268 E FirebaseInstanceId: Token retrieval failed: AUTHENTICATION_FAILED
03-22 08:00:19.887  4481  4499 D MemoryReporter: ReportDump  calculateSharpMemory heapSize= 11912896
03-22 08:00:19.958  4481  4768 D Q.fts.sync_worker: isSaveDBAtOnce unActionLoginB atOnce:true
03-22 08:00:19.959  4481  4768 D Q.fts.troop.operator: transToDatabase list.size=0
03-22 08:00:19.959  4481  4768 D Q.fts.sync_worker: isSaveDBAtOnce unActionLoginB atOnce:true
03-22 08:00:19.959  4481  4768 D Q.fts.troop.operator.new: getOptSyncList size:0
03-22 08:00:19.959  4481  4768 D Q.fts.troop.operator: transToDatabase list.size=0
03-22 08:00:22.079  4481  4709 D Q.richmedia.T.c2c.fil.dw: id:null 	step:scheduleRetry 	cont:mIsCancelled:false 	ver:7.9.9.1010 	tid:178
03-22 08:00:22.080  4481  4709 D Q.richmedia.T.c2c.fil.dw: id:null 	step:retry 	cont:tryTime:1 consumeTime:78479 isLastGetData:false 	ver:7.9.9.1010 	tid:178
03-22 08:00:22.080  4481  4709 D Q.richmedia.T.c2c.fil.dw: id:null 	step:scheduleRetry 	cont:mIsCancelled:false 	ver:7.9.9.1010 	tid:178
03-22 08:00:22.327  2013  2308 I chatty  : uid=1000(system) Binder:2013_6 expire 2 lines
03-22 08:00:23.675  2816  5361 I AsyncOpDispatcher: 45-xlb
03-22 08:00:24.380  2816  5361 I AsyncOpDispatcher: 45-xlb
03-22 08:00:24.612  5189  5189 I chatty  : uid=10077(com.microsoft.office.excel) expire 47 lines
03-22 08:00:28.115  4481  4709 D Q.richmedia.T.c2c.fil.dw: id:null 	step:scheduleRetry 	cont:mIsCancelled:false 	ver:7.9.9.1010 	tid:178
03-22 08:00:28.115  4481  4709 D Q.richmedia.T.c2c.fil.dw: id:null 	step:retry 	cont:tryTime:1 consumeTime:84514 isLastGetData:false 	ver:7.9.9.1010 	tid:178
03-22 08:00:28.115  4481  4709 D Q.richmedia.T.c2c.fil.dw: id:null 	step:scheduleRetry 	cont:mIsCancelled:false 	ver:7.9.9.1010 	tid:178
03-22 08:00:28.205  1908  1908 I Binder:1908_1: type=1400 audit(0.0:829): avc: denied { map } for path="/dev/dri/card0" dev="tmpfs" ino=7195 scontext=u:r:surfaceflinger:s0 tcontext=u:object_r:device:s0 tclass=chr_file permissive=1
03-22 08:00:28.205  1908  1908 I Binder:1908_1: type=1400 audit(0.0:830): avc: denied { read write } for path="/dev/dri/card0" dev="tmpfs" ino=7195 scontext=u:r:surfaceflinger:s0 tcontext=u:object_r:device:s0 tclass=chr_file permissive=1
03-22 08:00:28.208  5189  5189 D ViewRootImpl[LaunchActivity]: updatePointerIcon called with position out of bounds
03-22 08:00:28.222  1908  1908 E SurfaceFlinger: [Sprite#0] rejecting buffer: bufWidth=25, bufHeight=25, front.active.{w=22, h=28}
03-22 08:00:28.349  3938  4948 D ClClient: Not sending keepalive.  Current connection state=STOPPED
03-22 08:00:28.623  1908  1908 E SurfaceFlinger: [Sprite#0] rejecting buffer: bufWidth=22, bufHeight=28, front.active.{w=25, h=25}
03-22 08:00:28.632  5189  5189 I chatty  : uid=10077(com.microsoft.office.excel) identical 2 lines
03-22 08:00:28.648  5189  5189 D ViewRootImpl[LaunchActivity]: updatePointerIcon called with position out of bounds
03-22 08:00:29.264  4481  5529 D MobileQQServiceBase: req cmd: ClientInfoB.SecReport
03-22 08:00:29.264  4481  5529 D MobileQQServiceBase: PB cmd: req cmd: ClientInfoB.SecReport
03-22 08:00:29.267  3105  3208 I MSF.D.NetworkProvider: refresh currentAPN:. received networkInfo: CONNECTED :NetworkInfo: type: Ethernet[], state: CONNECTED/CONNECTED, reason: (unspecified), extra: 9c:5c:8e, roaming: false, failover: false, isAvailable: true, isConnectedToProvisioningNetwork: true. ExtraNetInfo: null
03-22 08:00:29.267  3105  3208 D MSF.D.NetworkProvider: Unexcepted activeNetInfo type:9
03-22 08:00:29.267  3105  3208 D MSF.C.NetConnTag: pa ok: 48126
03-22 08:00:29.269  3105  3208 D MSF.C.NetConnTag: netSend ssoSeq:48126 uin:*6764 cmd:CS85MTQsDDQsLBJ6CT0mCC8zPyYu 48281 74b6ddf
03-22 08:00:29.269  4481  5529 D MSF.D.Proxy:  sendMsgToService ToServiceMsg msName:unknown ssoSeq:-1 appId:537060899 appSeq:88 uin:276696764 sCmd:ClientInfoB.SecReport t:30000 needResp:false needQuickSend:false strategy:0
03-22 08:00:29.269  4481  5529 D mqq     : [MSF Send]ClientInfoB.SecReport appSeq:88  QQAppInterface@34230765  from TempServlet
03-22 08:00:29.272  5189  5194 I chatty  : uid=10077(com.microsoft.office.excel) expire 3 lines
03-22 08:00:29.392  2121  2121 D ViewRootImpl[StatusBar]: updatePointerIcon called with position out of bounds
03-22 08:00:30.096  2116  2116 I LatinIME: Starting input. Cursor position = 0,0
03-22 08:00:30.106  2816  5361 I AsyncOpDispatcher: 45-xlb
03-22 08:00:31.174  2816  5361 I AsyncOpDispatcher: 45-xlb
03-22 08:00:34.156  4481  4709 D Q.richmedia.T.c2c.fil.dw: id:null 	step:scheduleRetry 	cont:mIsCancelled:false 	ver:7.9.9.1010 	tid:178
03-22 08:00:34.156  4481  4709 D Q.richmedia.T.c2c.fil.dw: id:null 	step:retry 	cont:tryTime:1 consumeTime:90555 isLastGetData:false 	ver:7.9.9.1010 	tid:178
03-22 08:00:34.156  4481  4709 D Q.richmedia.T.c2c.fil.dw: id:null 	step:scheduleRetry 	cont:mIsCancelled:false 	ver:7.9.9.1010 	tid:178
03-22 08:00:37.484  2116  2116 I LatinIME: Starting input. Cursor position = 10,10
03-22 08:00:31.320  2121  2121 I chatty  : uid=10033(com.android.systemui) identical 1 line
03-22 08:00:37.304  2121  2121 D ViewRootImpl[StatusBar]: updatePointerIcon called with position out of bounds
03-22 08:00:37.486  2013  2308 D WindowManager: relayoutVisibleWindow: Window{d70210f u0 InputMethod EXITING} mAnimatingExit=true, mRemoveOnExit=false, mDestroying=false
03-22 08:00:37.496  1908  1908 D SurfaceFlinger: duplicate layer name: changing InputMethod to InputMethod#1
03-22 08:00:37.568  5189  5189 D ViewRootImpl[LaunchActivity]: updatePointerIcon called with position out of bounds
03-22 08:00:37.596  1908  1908 E SurfaceFlinger: [Sprite#0] rejecting buffer: bufWidth=22, bufHeight=28, front.active.{w=25, h=25}
03-22 08:00:37.629  1908  1908 I chatty  : uid=0(root) /system/bin/surfaceflinger identical 4 lines
03-22 08:00:37.663  1908  1908 E SurfaceFlinger: [Sprite#0] rejecting buffer: bufWidth=22, bufHeight=28, front.active.{w=25, h=25}
03-22 08:00:38.362  3938  4948 D ClClient: Not sending keepalive.  Current connection state=STOPPED
03-22 08:00:38.674  2816  5361 I AsyncOpDispatcher: 45-xlb
03-22 08:00:40.196  4481  4709 D Q.richmedia.T.c2c.fil.dw: id:null 	step:scheduleRetry 	cont:mIsCancelled:false 	ver:7.9.9.1010 	tid:178
03-22 08:00:40.196  4481  4709 D Q.richmedia.T.c2c.fil.dw: id:null 	step:retry 	cont:tryTime:1 consumeTime:96595 isLastGetData:false 	ver:7.9.9.1010 	tid:178
03-22 08:00:40.196  4481  4709 D Q.richmedia.T.c2c.fil.dw: id:null 	step:scheduleRetry 	cont:mIsCancelled:false 	ver:7.9.9.1010 	tid:178
03-22 08:00:41.821  5189  5189 I chatty  : uid=10077(com.microsoft.office.excel) expire 44 lines
03-22 08:00:43.432  4481  4768 D Q.fts.sync_worker: isSaveDBAtOnce unActionLoginB atOnce:true
03-22 08:00:43.433  4481  4768 I Q.fts.FTSMsgOperator: transToDBForInsert size: 0
03-22 08:00:43.433  4481  4768 E SQLiteLog: (1) no such table: msg_del_log
03-22 08:00:43.433  4481  4768 I Q.fts.FTSMsgOperator: transToDBForDelete size: 0
03-22 08:00:46.174  2816  5361 I AsyncOpDispatcher: 45-xlb
03-22 08:00:46.215  4481  4709 D Q.richmedia.T.c2c.fil.dw: id:null 	step:scheduleRetry 	cont:mIsCancelled:false 	ver:7.9.9.1010 	tid:178
03-22 08:00:46.215  4481  4709 D Q.richmedia.T.c2c.fil.dw: id:null 	step:retry 	cont:tryTime:1 consumeTime:102614 isLastGetData:false 	ver:7.9.9.1010 	tid:178
03-22 08:00:46.215  4481  4709 D Q.richmedia.T.c2c.fil.dw: id:null 	step:scheduleRetry 	cont:mIsCancelled:false 	ver:7.9.9.1010 	tid:178
03-22 08:00:46.386  2013  4619 I chatty  : uid=1000(system) Binder:2013_12 expire 11 lines
03-22 08:00:48.348  3938  4948 D ClClient: Not sending keepalive.  Current connection state=STOPPED
03-22 08:00:48.987  2013  5533 I chatty  : uid=1000 system_server expire 2 lines
03-22 08:00:48.990  2013  5534 I chatty  : uid=1000 system_server expire 2 lines
03-22 08:00:49.257  2622  3919 W GAV3    : Thread[GAThread,5,main]: Exception sending hit: HttpHostConnectException
03-22 08:00:49.257  2622  3919 W GAV3    : Thread[GAThread,5,main]: Connection to https://ssl.google-analytics.com refused
03-22 08:00:49.257  2622  3919 W GAV3    : Thread[GAThread,5,main]: Empty/Null collection passed to deleteHits.
03-22 08:00:49.904  4481  4499 D MemoryReporter: ReportDump  calculateSharpMemory heapSize= 11994816
03-22 08:00:49.982  4481  4768 D Q.fts.sync_worker: isSaveDBAtOnce unActionLoginB atOnce:true
03-22 08:00:49.983  4481  4768 D Q.fts.troop.operator: transToDatabase list.size=0
03-22 08:00:49.983  4481  4768 D Q.fts.sync_worker: isSaveDBAtOnce unActionLoginB atOnce:true
03-22 08:00:49.983  4481  4768 D Q.fts.troop.operator.new: getOptSyncList size:0
03-22 08:00:49.983  4481  4768 D Q.fts.troop.operator: transToDatabase list.size=0
03-22 08:00:38.031  5189  5189 I chatty  : uid=10077(com.microsoft.office.excel) identical 2 lines
03-22 08:00:38.031  5189  5189 D ViewRootImpl[LaunchActivity]: updatePointerIcon called with position out of bounds
03-22 08:00:51.592  2121  2121 D ViewRootImpl[StatusBar]: updatePointerIcon called with position out of bounds
03-22 08:00:51.605  2013  2027 I chatty  : uid=1000(system) android.bg expire 10 lines
03-22 08:00:52.094  2816  5361 I AsyncOpDispatcher: 45-xlb
03-22 08:00:52.254  4481  4709 D Q.richmedia.T.c2c.fil.dw: id:null 	step:scheduleRetry 	cont:mIsCancelled:false 	ver:7.9.9.1010 	tid:178
03-22 08:00:52.255  4481  4709 D Q.richmedia.T.c2c.fil.dw: id:null 	step:retry 	cont:tryTime:1 consumeTime:108653 isLastGetData:false 	ver:7.9.9.1010 	tid:178
03-22 08:00:52.255  4481  4709 D Q.richmedia.T.c2c.fil.dw: id:null 	step:scheduleRetry 	cont:mIsCancelled:false 	ver:7.9.9.1010 	tid:178
03-22 08:00:52.338  2116  2116 I LatinIME: Starting input. Cursor position = 0,0
03-22 08:00:52.375  5189  5189 I chatty  : uid=10077(com.microsoft.office.excel) expire 4 lines
03-22 08:00:52.870  2816  5361 I AsyncOpDispatcher: 45-xlb
03-22 08:00:53.674  2816  5361 I AsyncOpDispatcher: 45-xlb
03-22 08:00:56.584  2816  3676 E ProcessCheckinRequest: CheckinNowTaskTag : Checkin failed: https://android.clients.google.com/checkin (request #0): java.net.SocketTimeoutException: failed to connect to android.clients.google.com/6.6.6.6 (port 443) from /192.168.0.79 (port 37466) after 120000ms
03-22 08:00:56.593  2013  3529 W BroadcastQueue: Background execution not allowed: receiving Intent { act=com.google.android.checkin.CHECKIN_COMPLETE flg=0x10 (has extras) } to com.google.android.gsf/.settings.GoogleLocationSettings$LocationSettingsChangedListener
03-22 08:00:57.556  2678  5418 E Uploader: Clearcut transport failed to make network request.
03-22 08:00:57.556  2678  5418 E Uploader: java.net.SocketTimeoutException: failed to connect to play.googleapis.com/6.6.6.6 (port 443) from /192.168.0.79 (port 37562) after 60000ms
03-22 08:00:57.556  2678  5418 E Uploader: 	at libcore.io.IoBridge.connectErrno(IoBridge.java:185)
03-22 08:00:57.556  2678  5418 E Uploader: 	at libcore.io.IoBridge.connect(IoBridge.java:130)
03-22 08:00:57.556  2678  5418 E Uploader: 	at java.net.PlainSocketImpl.socketConnect(PlainSocketImpl.java:129)
03-22 08:00:57.556  2678  5418 E Uploader: 	at java.net.AbstractPlainSocketImpl.doConnect(AbstractPlainSocketImpl.java:356)
03-22 08:00:57.556  2678  5418 E Uploader: 	at java.net.AbstractPlainSocketImpl.connectToAddress(AbstractPlainSocketImpl.java:200)
03-22 08:00:57.556  2678  5418 E Uploader: 	at java.net.AbstractPlainSocketImpl.connect(AbstractPlainSocketImpl.java:182)
03-22 08:00:57.556  2678  5418 E Uploader: 	at java.net.SocksSocketImpl.connect(SocksSocketImpl.java:357)
03-22 08:00:57.556  2678  5418 E Uploader: 	at java.net.Socket.connect(Socket.java:616)
03-22 08:00:57.556  2678  5418 E Uploader: 	at com.android.okhttp.internal.Platform.connectSocket(Platform.java:145)
03-22 08:00:57.556  2678  5418 E Uploader: 	at com.android.okhttp.internal.io.RealConnection.connectSocket(RealConnection.java:141)
03-22 08:00:57.556  2678  5418 E Uploader: 	at com.android.okhttp.internal.io.RealConnection.connect(RealConnection.java:112)
03-22 08:00:57.556  2678  5418 E Uploader: 	at com.android.okhttp.internal.http.StreamAllocation.findConnection(StreamAllocation.java:184)
03-22 08:00:57.556  2678  5418 E Uploader: 	at com.android.okhttp.internal.http.StreamAllocation.findHealthyConnection(StreamAllocation.java:126)
03-22 08:00:57.556  2678  5418 E Uploader: 	at com.android.okhttp.internal.http.StreamAllocation.newStream(StreamAllocation.java:95)
03-22 08:00:57.556  2678  5418 E Uploader: 	at com.android.okhttp.internal.http.HttpEngine.connect(HttpEngine.java:281)
03-22 08:00:57.556  2678  5418 E Uploader: 	at com.android.okhttp.internal.http.HttpEngine.sendRequest(HttpEngine.java:224)
03-22 08:00:57.556  2678  5418 E Uploader: 	at com.android.okhttp.internal.huc.HttpURLConnectionImpl.execute(HttpURLConnectionImpl.java:461)
03-22 08:00:57.556  2678  5418 E Uploader: 	at com.android.okhttp.internal.huc.HttpURLConnectionImpl.connect(HttpURLConnectionImpl.java:127)
03-22 08:00:57.556  2678  5418 E Uploader: 	at com.android.okhttp.internal.huc.HttpURLConnectionImpl.getOutputStream(HttpURLConnectionImpl.java:258)
03-22 08:00:57.556  2678  5418 E Uploader: 	at com.android.okhttp.internal.huc.DelegatingHttpsURLConnection.getOutputStream(DelegatingHttpsURLConnection.java:218)
03-22 08:00:57.556  2678  5418 E Uploader: 	at com.android.okhttp.internal.huc.HttpsURLConnectionImpl.getOutputStream(Unknown Source:0)
03-22 08:00:57.556  2678  5418 E Uploader: 	at wua.a(:com.google.android.gms@12688056@12.6.88 (090800-197970725):60)
03-22 08:00:57.556  2678  5418 E Uploader: 	at wua.execute(:com.google.android.gms@12688056@12.6.88 (090800-197970725):8)
03-22 08:00:57.556  2678  5418 E Uploader: 	at wua.execute(:com.google.android.gms@12688056@12.6.88 (090800-197970725):7)
03-22 08:00:57.556  2678  5418 E Uploader: 	at nmd.a(:com.google.android.gms@12688056@12.6.88 (090800-197970725):10)
03-22 08:00:57.556  2678  5418 E Uploader: 	at nmd.a(:com.google.android.gms@12688056@12.6.88 (090800-197970725):50)
03-22 08:00:57.556  2678  5418 E Uploader: 	at nms.a(:com.google.android.gms@12688056@12.6.88 (090800-197970725):164)
03-22 08:00:57.556  2678  5418 E Uploader: 	at nms.a(:com.google.android.gms@12688056@12.6.88 (090800-197970725):211)
03-22 08:00:57.556  2678  5418 E Uploader: 	at com.google.android.gms.clearcut.uploader.QosUploaderChimeraService.c(:com.google.android.gms@12688056@12.6.88 (090800-197970725):44)
03-22 08:00:57.556  2678  5418 E Uploader: 	at com.google.android.gms.clearcut.uploader.QosUploaderChimeraService.a(:com.google.android.gms@12688056@12.6.88 (090800-197970725):19)
03-22 08:00:57.556  2678  5418 E Uploader: 	at com.google.android.gms.clearcut.uploader.QosUploaderChimeraService.a(:com.google.android.gms@12688056@12.6.88 (090800-197970725):8)
03-22 08:00:57.556  2678  5418 E Uploader: 	at vos.run(:com.google.android.gms@12688056@12.6.88 (090800-197970725):1)
03-22 08:00:57.556  2678  5418 E Uploader: 	at java.util.concurrent.ThreadPoolExecutor.runWorker(ThreadPoolExecutor.java:1162)
03-22 08:00:57.556  2678  5418 E Uploader: 	at java.util.concurrent.ThreadPoolExecutor$Worker.run(ThreadPoolExecutor.java:636)
03-22 08:00:57.556  2678  5418 E Uploader: 	at java.lang.Thread.run(Thread.java:764)
03-22 08:00:57.614  2678  2684 I zygote64: Do partial code cache collection, code=222KB, data=151KB
03-22 08:00:57.614  2678  2684 I zygote64: After code cache collection, code=222KB, data=151KB
03-22 08:00:57.614  2678  2684 I zygote64: Increasing code cache capacity to 1024KB
03-22 08:00:57.769  2816  5543 I GCM-GMS : Registering GMS 745476177629
03-22 08:00:57.777  2678  3002 E GCM     : Missing checkin config file
03-22 08:00:57.777  2678  3002 W GCM     : GCM FAILED TO INITIALIZE - missing checkin
03-22 08:00:57.777  2816  5543 W GCM-GMS : Failed to get registration: java.io.IOException: AUTHENTICATION_FAILED
03-22 08:00:58.282  4481  4709 D Q.richmedia.T.c2c.fil.dw: id:null 	step:scheduleRetry 	cont:mIsCancelled:false 	ver:7.9.9.1010 	tid:178
03-22 08:00:58.282  4481  4709 D Q.richmedia.T.c2c.fil.dw: id:null 	step:retry 	cont:tryTime:1 consumeTime:114680 isLastGetData:false 	ver:7.9.9.1010 	tid:178
03-22 08:00:58.282  4481  4709 D Q.richmedia.T.c2c.fil.dw: id:null 	step:scheduleRetry 	cont:mIsCancelled:false 	ver:7.9.9.1010 	tid:178
03-22 08:00:58.339  3938  4948 D ClClient: Not sending keepalive.  Current connection state=STOPPED
03-22 08:00:58.343  2984  2984 I Binder:2984_2: type=1400 audit(0.0:831): avc: denied { getattr } for path="/dev/dri/card0" dev="tmpfs" ino=7195 scontext=u:r:priv_app:s0:c512,c768 tcontext=u:object_r:device:s0 tclass=chr_file permissive=1
03-22 08:00:58.343  2984  3003 D vndksupport: Loading /vendor/lib64/hw/gralloc.drm.so from current namespace instead of sphal namespace.
03-22 08:00:58.345  2984  3003 I EGL-MAIN: found extension DRI_Core version 2
03-22 08:00:58.345  2984  3003 I EGL-MAIN: found extension DRI_DRI2 version 4
03-22 08:00:58.347  2984  2984 I Binder:2984_2: type=1400 audit(0.0:832): avc: denied { ioctl } for path="/dev/dri/card0" dev="tmpfs" ino=7195 ioctlcmd=0x6400 scontext=u:r:priv_app:s0:c512,c768 tcontext=u:object_r:device:s0 tclass=chr_file permissive=1
03-22 08:00:58.355  2984  2984 I Binder:2984_2: type=1400 audit(0.0:833): avc: denied { map } for path="/dev/dri/card0" dev="tmpfs" ino=7195 scontext=u:r:priv_app:s0:c512,c768 tcontext=u:object_r:device:s0 tclass=chr_file permissive=1
03-22 08:00:58.355  2984  2984 I Binder:2984_2: type=1400 audit(0.0:834): avc: denied { read write } for path="/dev/dri/card0" dev="tmpfs" ino=7195 scontext=u:r:priv_app:s0:c512,c768 tcontext=u:object_r:device:s0 tclass=chr_file permissive=1
03-22 08:00:58.361  2984  3003 I EGL-MAIN: found extension DRI_TexBuffer version 2
03-22 08:00:58.361  2984  3003 I EGL-MAIN: found extension DRI2_Flush version 4
03-22 08:00:58.361  2984  3003 I EGL-MAIN: found extension DRI_IMAGE version 17
03-22 08:00:58.361  2984  3003 I EGL-MAIN: found extension DRI_IMAGE version 17
03-22 08:00:58.361  2984  3003 I EGL-MAIN: found extension DRI_RENDERER_QUERY version 1
03-22 08:00:58.361  2984  3003 I EGL-MAIN: found extension DRI_CONFIG_QUERY version 1
03-22 08:00:58.361  2984  3003 I EGL-MAIN: found extension DRI2_Fence version 2
03-22 08:00:58.361  2984  3003 I EGL-MAIN: found extension DRI2_Interop version 1
03-22 08:00:58.361  2984  3003 I EGL-MAIN: found extension DRI_Robustness version 1
03-22 08:00:58.361  2984  3003 I EGL-MAIN: found extension DRI_NoError version 1
03-22 08:00:58.363  2984  3003 I com.google.android.gms.unstable: android::hardware::configstore::V1_0::ISurfaceFlingerConfigs::hasWideColorDisplay retrieved: 0
03-22 08:00:58.984  5189  5214 I chatty  : uid=10077(com.microsoft.office.excel) expire 8 lines
03-22 08:00:58.986  5189  5556 I chatty  : uid=10077(com.microsoft.office.excel) expire 3 lines
03-22 08:00:59.987  5189  5213 I chatty  : uid=10077(com.microsoft.office.excel) expire 5 lines
03-22 08:00:59.990  5189  5292 I chatty  : uid=10077(com.microsoft.office.excel) expire 4 lines
03-22 08:01:00.018  2013  2013 I chatty  : uid=1000 system_server expire 10 lines
03-22 08:01:00.031  3938  5557 D EventNotificationJob: Running EventNotificationJob, isDetail=true
03-22 08:01:00.033  3938  5557 D EventNotificationJob:   finished processing events.
03-22 08:01:01.992  2013  2364 I chatty  : uid=1000(system) NetworkMonitorN expire 3 lines
03-22 08:01:01.992  2013  2090 D ConnectivityService: NetworkAgentInfo [Ethernet () - 100] validation failed
03-22 08:01:02.178  2678  5558 E AppUsageEventWatcher: wrong time range: [1553264758624, 1553212862178)
03-22 08:01:03.002  3105  3192 D WorkerThreadMonitor: Kill MSF check result[ senderSize:0,sendInterval:33733,receiveInterval=28915,addCmdCount=88
03-22 08:01:04.321  4481  4709 D Q.richmedia.T.c2c.fil.dw: id:null 	step:scheduleRetry 	cont:mIsCancelled:false 	ver:7.9.9.1010 	tid:178
03-22 08:01:04.322  4481  4709 D Q.richmedia.T.c2c.fil.dw: id:null 	step:retry 	cont:tryTime:1 consumeTime:120720 isLastGetData:false 	ver:7.9.9.1010 	tid:178
03-22 08:01:04.322  4481  4709 D Q.richmedia.T.c2c.fil.dw: id:null 	step:scheduleRetry 	cont:mIsCancelled:false 	ver:7.9.9.1010 	tid:178
03-22 08:01:07.182  2013  2402 I chatty  : uid=1000(system) NetworkTimeUpda expire 1 line
03-22 08:01:08.348  3938  4948 D ClClient: Not sending keepalive.  Current connection state=STOPPED
03-22 08:01:10.348  4481  4709 D Q.richmedia.T.c2c.fil.dw: id:null 	step:scheduleRetry 	cont:mIsCancelled:false 	ver:7.9.9.1010 	tid:178
03-22 08:01:10.348  4481  4709 D Q.richmedia.T.c2c.fil.dw: id:null 	step:retry 	cont:tryTime:1 consumeTime:126746 isLastGetData:false 	ver:7.9.9.1010 	tid:178
03-22 08:01:10.349  4481  4709 D Q.richmedia.T.c2c.fil.dw: id:null 	step:scheduleRetry 	cont:mIsCancelled:false 	ver:7.9.9.1010 	tid:178
03-22 08:01:10.448  2013  5106 I chatty  : uid=1000(system) Binder:2013_13 expire 10 lines
03-22 08:01:13.532  4481  4768 D Q.fts.sync_worker: isSaveDBAtOnce unActionLoginB atOnce:true
03-22 08:01:13.533  4481  4768 I Q.fts.FTSMsgOperator: transToDBForInsert size: 0
03-22 08:01:13.533  4481  4768 E SQLiteLog: (1) no such table: msg_del_log
03-22 08:01:13.533  4481  4768 I Q.fts.FTSMsgOperator: transToDBForDelete size: 0
03-22 08:01:14.978  3818  3886 E YouTube : Giving up device auth after 5 tries
03-22 08:01:14.978  3818  3886 E YouTube : java.util.concurrent.ExecutionException: org.apache.http.conn.ConnectTimeoutException: Connect to /6.6.6.6:443 timed out
03-22 08:01:14.978  3818  3886 E YouTube : 	at nso.get(SourceFile:23)
03-22 08:01:14.978  3818  3886 E YouTube : 	at tpg.c(SourceFile:49)
03-22 08:01:14.978  3818  3886 E YouTube : 	at tpg.a(SourceFile:83)
03-22 08:01:14.978  3818  3886 E YouTube : 	at ckw.run(SourceFile:19)
03-22 08:01:14.978  3818  3886 E YouTube : 	at java.util.concurrent.Executors$RunnableAdapter.call(Executors.java:457)
03-22 08:01:14.978  3818  3886 E YouTube : 	at java.util.concurrent.FutureTask.run(FutureTask.java:266)
03-22 08:01:14.978  3818  3886 E YouTube : 	at java.util.concurrent.ScheduledThreadPoolExecutor$ScheduledFutureTask.run(ScheduledThreadPoolExecutor.java:301)
03-22 08:01:14.978  3818  3886 E YouTube : 	at java.util.concurrent.ThreadPoolExecutor.runWorker(ThreadPoolExecutor.java:1162)
03-22 08:01:14.978  3818  3886 E YouTube : 	at java.util.concurrent.ThreadPoolExecutor$Worker.run(ThreadPoolExecutor.java:636)
03-22 08:01:14.978  3818  3886 E YouTube : 	at nty.run(SourceFile:24)
03-22 08:01:14.978  3818  3886 E YouTube : 	at java.lang.Thread.run(Thread.java:764)
03-22 08:01:14.978  3818  3886 E YouTube : Caused by: org.apache.http.conn.ConnectTimeoutException: Connect to /6.6.6.6:443 timed out
03-22 08:01:14.978  3818  3886 E YouTube : 	at org.apache.http.conn.scheme.PlainSocketFactory.connectSocket(PlainSocketFactory.java:126)
03-22 08:01:14.978  3818  3886 E YouTube : 	at org.apache.http.impl.conn.DefaultClientConnectionOperator.openConnection(DefaultClientConnectionOperator.java:149)
03-22 08:01:14.978  3818  3886 E YouTube : 	at org.apache.http.impl.conn.AbstractPoolEntry.open(AbstractPoolEntry.java:169)
03-22 08:01:14.978  3818  3886 E YouTube : 	at org.apache.http.impl.conn.AbstractPooledConnAdapter.open(AbstractPooledConnAdapter.java:124)
03-22 08:01:14.978  3818  3886 E YouTube : 	at org.apache.http.impl.client.DefaultRequestDirector.execute(DefaultRequestDirector.java:366)
03-22 08:01:14.978  3818  3886 E YouTube : 	at org.apache.http.impl.client.AbstractHttpClient.execute(AbstractHttpClient.java:560)
03-22 08:01:14.978  3818  3886 E YouTube : 	at org.apache.http.impl.client.AbstractHttpClient.execute(AbstractHttpClient.java:492)
03-22 08:01:14.978  3818  3886 E YouTube : 	at org.apache.http.impl.client.AbstractHttpClient.execute(AbstractHttpClient.java:470)
03-22 08:01:14.978  3818  3886 E YouTube : 	at oau.a(SourceFile:29)
03-22 08:01:14.978  3818  3886 E YouTube : 	at obm.a(SourceFile:19)
