03-22 07:58:29.926  2013  2281 W ActivityManager: Unable to start service Intent { act=com.google.android.gms.analytics.service.START cmp=com.google.android.gms/.analytics.service.AnalyticsService (has extras) } U=0: not found
03-22 07:58:30.079  2013  2281 I ActivityManager: START u0 {act=android.content.pm.action.REQUEST_PERMISSIONS pkg=com.google.android.packageinstaller cmp=com.google.android.packageinstaller/com.android.packageinstaller.permission.ui.GrantPermissionsActivity (has extras)} from uid 10077
03-22 07:58:30.123  2678  2678 E ActivityThread: Failed to find provider info for com.google.android.gms.common.phenotype
03-22 07:58:30.164  2013  2071 W ActivityManager: Unable to start service Intent { act=com.google.android.gms.drive.ApiService.RESET_AFTER_BOOT flg=0x4 cmp=com.google.android.gms/.drive.api.ApiService (has extras) } U=0: not found
03-22 07:58:30.202  4343  4343 E ActivityThread: Failed to find provider info for com.tencent.mm.coolassist.debugprovider
03-22 07:58:30.877  2013  2090 D ConnectivityService: NetworkAgentInfo [Ethernet () - 100] validation failed
03-22 07:58:31.055  2013  4357 I ActivityManager: Finished processing BOOT_COMPLETED for u0
03-22 07:58:31.056  2013  4357 I ActivityManager: Killing 3404:com.android.managedprovisioning/u0a21 (adj 906): empty #17
03-22 07:58:31.096  2013  4357 I ActivityManager: Start proc 4412:com.tencent.mm/u0a79 for broadcast com.tencent.mm/.booter.MountReceiver
03-22 07:58:31.208  4412  4412 E ActivityThread: Failed to find provider info for com.tencent.mm.coolassist.debugprovider
03-22 07:58:31.238  4412  4412 E SchedPolicy: set_timerslack_ns write failed: Operation not permitted
03-22 07:58:31.458  2013  2756 W BroadcastQueue: Permission Denial: broadcasting Intent { act=android.intent.action.MEDIA_SCANNER_STARTED dat=file:///storage/emulated/0 flg=0x10 } from com.android.providers.downloads (pid=2803, uid=10011) is not exported from uid 10076 due to receiver com.tencent.mobileqq/.msf.core.NetConnInfoCenter
03-22 07:58:31.887  2013  2756 W BroadcastQueue: Permission Denial: broadcasting Intent { act=android.intent.action.MEDIA_SCANNER_FINISHED dat=file:///storage/emulated/0 flg=0x10 } from com.android.providers.downloads (pid=2803, uid=10011) is not exported from uid 10076 due to receiver com.tencent.mobileqq/.msf.core.NetConnInfoCenter
03-22 07:58:31.898  2013  2028 I ActivityManager: Start proc 4481:com.tencent.mobileqq/u0a76 for broadcast com.tencent.mobileqq/mqq.app.QQBroadcastReceiver
03-22 07:58:33.611  2013  4357 I ActivityManager: Start proc 4545:cn.wps.moffice_eng/u0a73 for broadcast cn.wps.moffice_eng/cn.wps.moffice.service.receivers.MonitorServiceReceiver
03-22 07:58:33.611  2013  4357 I ActivityManager: Killing 3359:com.android.providers.calendar/u0a4 (adj 906): empty #17
03-22 07:58:34.624  2013  2029 D ViewRootImpl[seafile]: updatePointerIcon called with position out of bounds
03-22 07:58:34.848  2013  2029 I chatty  : uid=1000(system) android.ui identical 10 lines
03-22 07:58:34.865  2013  2029 D ViewRootImpl[seafile]: updatePointerIcon called with position out of bounds
03-22 07:58:34.928  2013  2756 W ActivityManager: Unable to start service Intent { act=com.google.android.gms.analytics.service.START cmp=com.google.android.gms/.analytics.service.AnalyticsService (has extras) } U=0: not found
03-22 07:58:34.965  2013  2029 D ViewRootImpl[seafile]: updatePointerIcon called with position out of bounds
03-22 07:58:35.248  2013  2029 I chatty  : uid=1000(system) android.ui identical 14 lines
03-22 07:58:35.265  2013  2029 D ViewRootImpl[seafile]: updatePointerIcon called with position out of bounds
03-22 07:58:35.481  2121  2121 D ViewRootImpl[StatusBar]: updatePointerIcon called with position out of bounds
03-22 07:58:35.481  2013  3773 I ActivityManager: Killing 4129:org.openthos.seafile/u0a23 (adj 902): crash
03-22 07:58:35.530  2013  2029 D ViewRootImpl[seafile]: updatePointerIcon called after view was removed
03-22 07:58:35.530  2013  2029 W ViewRootImpl[seafile]: Dropping event due to root view being removed: MotionEvent { action=ACTION_BUTTON_PRESS, actionButton=BUTTON_PRIMARY, id[0]=0, x[0]=155.56488, y[0]=189.28113, toolType[0]=TOOL_TYPE_MOUSE, buttonState=BUTTON_PRIMARY, metaState=0, flags=0x0, edgeFlags=0x0, pointerCount=1, historySize=0, eventTime=125315, downTime=125315, deviceId=8, source=0x2002 }
03-22 07:58:35.664  3576  3576 D ViewRootImpl[GrantPermissionsActivity]: updatePointerIcon called with position out of bounds
03-22 07:58:35.682  3576  3576 D ViewRootImpl[GrantPermissionsActivity]: updatePointerIcon called with position out of bounds
03-22 07:58:35.684  2013  2063 W AppOps  : Finishing op nesting under-run: uid 1000 pkg android code 24 time=0 duration=0 nesting=0
03-22 07:58:36.115  3576  3576 D ViewRootImpl[GrantPermissionsActivity]: updatePointerIcon called with position out of bounds
03-22 07:58:36.358  2013  2067 I ActivityManager: Start proc 4596:cn.wps.moffice_eng:pushservice/u0a73 for service cn.wps.moffice_eng/cn.wps.moffice.service.MOfficeSyncService
03-22 07:58:36.507  2013  2028 I ActivityManager: Waited long enough for: ServiceRecord{6a57274 u0 com.android.vending/com.google.android.finsky.verifier.impl.PackageVerificationService}
03-22 07:58:37.128  2013  2025 I ActivityManager: Start proc 4629:com.android.providers.calendar/u0a4 for content provider com.android.providers.calendar/.CalendarProvider2
03-22 07:58:37.831  2013  3799 W BroadcastQueue: Permission Denial: broadcasting Intent { act=android.intent.action.MEDIA_SCANNER_STARTED dat=file:///system/media flg=0x10 } from com.android.providers.downloads (pid=2803, uid=10011) is not exported from uid 10076 due to receiver com.tencent.mobileqq/.msf.core.NetConnInfoCenter
03-22 07:58:37.836  2013  3656 W BroadcastQueue: Permission Denial: broadcasting Intent { act=android.intent.action.MEDIA_SCANNER_FINISHED dat=file:///system/media flg=0x10 } from com.android.providers.downloads (pid=2803, uid=10011) is not exported from uid 10076 due to receiver com.tencent.mobileqq/.msf.core.NetConnInfoCenter
03-22 07:58:38.024  2121  2121 D ViewRootImpl[StatusBar]: updatePointerIcon called with position out of bounds
03-22 07:58:38.118  2013  2025 W ActivityManager: Permission Denial: opening provider com.android.providers.contacts.ContactsProvider2 from ProcessRecord{dfd3cd9 4481:com.tencent.mobileqq/u0a76} (pid=4481, uid=10076) requires android.permission.READ_CONTACTS or android.permission.WRITE_CONTACTS
03-22 07:58:40.486  2013  2028 I ActivityManager: Waited long enough for: ServiceRecord{dc34bb2 u0 com.android.vending/com.google.android.finsky.heterodyne.HeterodyneSyncService}
03-22 07:58:44.096  2121  2121 D ViewRootImpl[StatusBar]: updatePointerIcon called with position out of bounds
03-22 07:58:46.784  2121  2121 I chatty  : uid=10033(com.android.systemui) identical 3 lines
03-22 07:58:47.448  2121  2121 D ViewRootImpl[StatusBar]: updatePointerIcon called with position out of bounds
03-22 07:58:48.273  2013  2025 I ActivityManager: Start proc 4929:com.android.settings/1000 for broadcast com.android.settings/.cyanogenmod.superuser.SuReceiver
03-22 07:58:48.828  3938  4835 E ActivityThread: Failed to find provider info for com.facebook.katana.provider.AttributionIdProvider
03-22 07:58:48.904  2121  2121 D ViewRootImpl[StatusBar]: updatePointerIcon called with position out of bounds
03-22 07:58:49.028  2013  2028 I ActivityManager: Waited long enough for: ServiceRecord{54cf644 u0 com.tencent.mobileqq/.app.CoreService}
03-22 07:58:49.552  2121  2121 D ViewRootImpl[StatusBar]: updatePointerIcon called with position out of bounds
03-22 07:58:49.932  3171  3171 D ViewRootImpl[LaunchActivity]: updatePointerIcon called with position out of bounds
03-22 07:58:50.215  3171  3171 I chatty  : uid=10077(com.microsoft.office.excel) identical 5 lines
03-22 07:58:50.232  3171  3171 D ViewRootImpl[LaunchActivity]: updatePointerIcon called with position out of bounds
03-22 07:58:51.126  2013  2013 W WindowManager: removeWindowToken: Attempted to remove non-existing token: android.os.Binder@c9ecbee
03-22 07:58:51.358  2013  2028 I ActivityManager: Waited long enough for: ServiceRecord{8aa2789 u0 cn.wps.moffice_eng/cn.wps.moffice.service.MOfficeSyncService}
03-22 07:58:52.114  2013  2028 I ActivityManager: Waited long enough for: ServiceRecord{589dca2 u0 cn.wps.moffice_eng/cn.wps.moffice.main.pushunion.PushInitService}
03-22 07:58:52.601  2013  2024 E WindowManager: Unknown window type: 2039
03-22 07:58:52.620  2013  2024 I chatty  : uid=1000(system) Binder:2013_1 identical 8 lines
03-22 07:58:52.620  2013  2024 E WindowManager: Unknown window type: 2039
03-22 07:58:52.629  2013  2036 E WindowManager: Unknown window type: 2039
03-22 07:58:52.629  2013  2036 I chatty  : uid=1000(system) android.display identical 4 lines
03-22 07:58:52.629  2013  2036 E WindowManager: Unknown window type: 2039
03-22 07:58:52.638  2013  2063 E WindowManager: Unknown window type: 2039
03-22 07:58:52.650  2013  2063 I chatty  : uid=1000(system) android.anim identical 10 lines
03-22 07:58:52.650  2013  2063 E WindowManager: Unknown window type: 2039
03-22 07:58:52.652  2013  3529 E WindowManager: Unknown window type: 2039
03-22 07:58:52.652  2013  3529 I chatty  : uid=1000(system) Binder:2013_A identical 4 lines
03-22 07:58:52.652  2013  3529 E WindowManager: Unknown window type: 2039
03-22 07:58:52.766  2013  2063 E WindowManager: Unknown window type: 2039
03-22 07:58:52.766  2013  2063 I chatty  : uid=1000(system) android.anim identical 4 lines
03-22 07:58:52.766  2013  2063 E WindowManager: Unknown window type: 2039
03-22 07:58:52.819  2013  2028 I ActivityManager: Waited long enough for: ServiceRecord{cc07ab4 u0 cn.wps.moffice_eng/com.igexin.sdk.PushService}
03-22 07:58:52.832  2013  2063 E WindowManager: Unknown window type: 2039
03-22 07:58:52.832  2013  2063 I chatty  : uid=1000(system) android.anim identical 4 lines
03-22 07:58:52.832  2013  2063 E WindowManager: Unknown window type: 2039
03-22 07:58:53.126  2013  2013 E WindowManager: Unknown window type: 2039
03-22 07:58:53.128  2013  2013 E WindowManager: Unknown window type: 2039
03-22 07:58:53.128  2013  2013 W WindowManager: removeWindowToken: Attempted to remove non-existing token: android.os.Binder@cbbaad9
03-22 07:58:53.129  2013  3529 E WindowManager: Unknown window type: 2039
03-22 07:58:53.154  2013  3529 I chatty  : uid=1000(system) Binder:2013_A identical 2 lines
03-22 07:58:53.162  2013  3529 E WindowManager: Unknown window type: 2039
03-22 07:58:53.167  2013  2063 E WindowManager: Unknown window type: 2039
03-22 07:58:53.182  2013  2063 I chatty  : uid=1000(system) android.anim identical 1 line
03-22 07:58:53.283  2013  2063 E WindowManager: Unknown window type: 2039
03-22 07:58:53.325  2013  3529 E WindowManager: Unknown window type: 2039
03-22 07:58:53.325  2013  3529 I chatty  : uid=1000(system) Binder:2013_A identical 1 line
03-22 07:58:53.325  2013  3529 E WindowManager: Unknown window type: 2039
03-22 07:58:53.332  2013  2063 E WindowManager: Unknown window type: 2039
03-22 07:58:53.334  2013  3529 E WindowManager: Unknown window type: 2039
03-22 07:58:53.337  2013  3529 E WindowManager: Unknown window type: 2039
03-22 07:58:53.351  2013  2063 E WindowManager: Unknown window type: 2039
03-22 07:58:53.654  2013  2063 I chatty  : uid=1000(system) android.anim identical 4 lines
03-22 07:58:53.700  2013  2063 E WindowManager: Unknown window type: 2039
03-22 07:58:54.343  2013  2024 E WindowManager: Unknown window type: 2039
03-22 07:58:54.387  2013  2024 I chatty  : uid=1000(system) Binder:2013_1 identical 9 lines
03-22 07:58:54.387  2013  2024 E WindowManager: Unknown window type: 2039
03-22 07:58:54.419  2013  2063 E WindowManager: Unknown window type: 2039
03-22 07:58:54.467  2013  2063 I chatty  : uid=1000(system) android.anim identical 6 lines
03-22 07:58:54.550  2013  2063 E WindowManager: Unknown window type: 2039
03-22 07:58:54.893  2013  2036 E WindowManager: Unknown window type: 2039
03-22 07:58:55.129  2013  2013 E WindowManager: Unknown window type: 2039
03-22 07:58:55.131  2013  2013 E WindowManager: Unknown window type: 2039
03-22 07:58:55.131  2013  2013 W WindowManager: removeWindowToken: Attempted to remove non-existing token: android.os.Binder@5204f4c
03-22 07:58:55.132  2013  3529 E WindowManager: Unknown window type: 2039
03-22 07:58:55.150  2013  3529 I chatty  : uid=1000(system) Binder:2013_A identical 1 line
03-22 07:58:55.154  2013  3529 E WindowManager: Unknown window type: 2039
03-22 07:58:55.168  2013  2063 E WindowManager: Unknown window type: 2039
03-22 07:58:55.183  2013  2063 E WindowManager: Unknown window type: 2039
03-22 07:58:55.283  2013  3529 I ActivityManager: Killing 3314:com.android.calendar/u0a52 (adj 906): empty #17
03-22 07:58:55.294  2013  2024 E WindowManager: Unknown window type: 2039
03-22 07:58:55.649  2013  2063 E WindowManager: Unknown window type: 2039
03-22 07:58:55.650  2013  2063 E WindowManager: Unknown window type: 2039
03-22 07:58:55.696  2121  2121 D ViewRootImpl[OpenthosStatusBar]: updatePointerIcon called with position out of bounds
03-22 07:58:55.696  2121  2121 D ViewRootImpl[StatusBar]: updatePointerIcon called with position out of bounds
03-22 07:58:55.700  2013  2063 E WindowManager: Unknown window type: 2039
03-22 07:58:55.827  2013  3773 E WindowManager: Unknown window type: 2039
03-22 07:58:55.833  2013  2024 I ActivityManager: Killing 3537:com.android.chrome/u0a48 (adj 906): empty #17
03-22 07:58:55.836  2013  2024 E WindowManager: Unknown window type: 2039
03-22 07:58:55.877  2013  2024 E WindowManager: Unknown window type: 2039
03-22 07:58:55.880  2013  2063 E WindowManager: Unknown window type: 2039
03-22 07:58:55.881  2013  3773 E WindowManager: Unknown window type: 2039
03-22 07:58:55.883  2013  2297 E WindowManager: Unknown window type: 2039
03-22 07:58:55.890  2013  2025 E WindowManager: Unknown window type: 2039
03-22 07:58:55.901  2013  2025 E WindowManager: Unknown window type: 2039
03-22 07:58:55.905  2013  2297 E WindowManager: Unknown window type: 2039
03-22 07:58:55.906  2013  2025 I ActivityManager: Killing 3171:com.microsoft.office.excel/u0a77 (adj 900): remove task
03-22 07:58:55.909  2013  2025 I ActivityManager: Killing 3552:com.google.android.onetimeinitializer/u0a18 (adj 906): empty #17
03-22 07:58:55.929  2013  2297 I WindowManager: WIN DEATH: Window{3e0e175 u0 com.microsoft.office.excel/com.microsoft.office.apphost.LaunchActivity EXITING}
03-22 07:58:55.929  2013  2297 E WindowManager: Unknown window type: 2039
03-22 07:58:55.929  2013  3529 I WindowManager: WIN DEATH: Window{e866707 u0 com.microsoft.office.excel/com.microsoft.office.apphost.LaunchActivity}
03-22 07:58:55.929  2013  3529 E WindowManager: Unknown window type: 2039
03-22 07:58:55.930  2013  2308 E WindowManager: Unknown window type: 2039
03-22 07:58:55.930  2013  5106 E WindowManager: Unknown window type: 2039
03-22 07:58:55.982  2013  2063 E WindowManager: Unknown window type: 2039
03-22 07:58:56.283  2013  2036 W ActivityManager: setHasOverlayUi called on unknown pid: 3171
03-22 07:58:57.134  2013  2013 W WindowManager: removeWindowToken: Attempted to remove non-existing token: android.os.Binder@3f73be4
03-22 07:58:57.433  2013  5106 E WindowManager: Unknown window type: 2039
03-22 07:58:57.433  2013  5106 I chatty  : uid=1000(system) Binder:2013_13 identical 1 line
03-22 07:58:57.433  2013  5106 E WindowManager: Unknown window type: 2039
03-22 07:58:57.451  2013  2063 E WindowManager: Unknown window type: 2039
03-22 07:58:57.486  2013  2308 E WindowManager: Unknown window type: 2039
03-22 07:58:57.490  2013  2308 E WindowManager: Unknown window type: 2039
03-22 07:58:57.523  2013  2063 E WindowManager: Unknown window type: 2039
03-22 07:58:57.670  2013  2063 I chatty  : uid=1000(system) android.anim identical 4 lines
03-22 07:58:57.699  2013  2063 E WindowManager: Unknown window type: 2039
03-22 07:58:58.636  2013  2036 E WindowManager: Unknown window type: 2039
03-22 07:58:58.696  2121  2121 D ViewRootImpl[OpenthosStatusBar]: updatePointerIcon called with position out of bounds
03-22 07:58:58.696  2121  2121 D ViewRootImpl[StatusBar]: updatePointerIcon called with position out of bounds
03-22 07:58:58.826  2013  5142 I ActivityManager: START u0 {act=android.intent.action.MAIN cat=[android.intent.category.LAUNCHER] flg=0x30000000 cmp=com.microsoft.office.excel/com.microsoft.office.apphost.LaunchActivity} from uid 10033
03-22 07:58:58.832  2013  5142 E ActivityManager: applyOptionsLocked: Unknown animationType=0
03-22 07:58:58.842  2013  5142 I ActivityManager: Start proc 5189:com.microsoft.office.excel/u0a77 for activity com.microsoft.office.excel/com.microsoft.office.apphost.LaunchActivity
03-22 07:58:58.843  2013  5142 E WindowManager: Unknown window type: 2039
03-22 07:58:58.874  2013  2063 E WindowManager: Unknown window type: 2039
03-22 07:58:58.875  2013  3773 E WindowManager: Unknown window type: 2039
03-22 07:58:58.887  2013  2024 E WindowManager: Unknown window type: 2039
03-22 07:58:58.888  2013  2063 E WindowManager: Unknown window type: 2039
03-22 07:58:58.893  2013  2025 E WindowManager: Unknown window type: 2039
03-22 07:58:58.895  2013  2025 E WindowManager: Unknown window type: 2039
03-22 07:58:58.903  2013  2063 E WindowManager: Unknown window type: 2039
03-22 07:58:58.990  2013  2063 E WindowManager: Unknown window type: 2039
03-22 07:58:59.136  2013  2013 W WindowManager: removeWindowToken: Attempted to remove non-existing token: android.os.Binder@6e2d94e
03-22 07:58:59.137  2013  2013 I ActivityManager: Killing 2901:com.google.android.partnersetup/u0a19 (adj 906): empty #17
03-22 07:58:59.863  2013  2297 D VoldConnector: SND -> {7 volume mkdirs /storage/emulated/0/Android/data/com.microsoft.office.outlook/cache/}
03-22 07:58:59.863  2013  2078 D VoldConnector: RCV <- {200 7 Command succeeded}
03-22 07:58:59.904  2013  2090 D ConnectivityService: NetworkAgentInfo [Ethernet () - 100] validation failed
03-22 07:59:01.851  5189  5215 W ActivityThread: ClassLoader.getResources: The class loader returned by Thread.getContextClassLoader() may fail for processes that host multiple applications. You should explicitly specify a context class loader. For example: Thread.setContextClassLoader(getClass().getClassLoader());
03-22 07:59:03.112  2121  2121 D ViewRootImpl[StatusBar]: updatePointerIcon called with position out of bounds
03-22 07:59:03.245  2013  2028 I ActivityManager: Waited long enough for: ServiceRecord{dc4bbf9 u0 com.android.vending/com.google.android.finsky.verifier.impl.PackageVerificationService}
03-22 07:59:03.247  2013  2028 I ActivityManager: Waited long enough for: ServiceRecord{832f99f u0 com.android.vending/com.google.android.finsky.flushlogs.FlushLogsReceiver$FlushLogsService}
03-22 07:59:03.760  2013  2297 I ActivityManager: Killing 3784:com.google.process.gapps/u0a56 (adj 906): empty #17
03-22 07:59:06.288  2121  2121 D ViewRootImpl[StatusBar]: updatePointerIcon called with position out of bounds
--------- beginning of main
03-22 07:59:18.796  2678  3675 E NetworkScheduler.ATC: Provided calling package not found: com.google.android.apps.photos
03-22 07:59:18.857  2678  5353 I NetRec  : [231] adoy.a: Running CleanupDatabaseTask GCM task
03-22 07:59:18.874  2678  5353 I NetRec  : [231] adoy.a: Removed 0 records from the database
03-22 07:59:19.329  4481  4499 I chatty  : uid=10076(com.tencent.mobileqq) expire 10 lines
03-22 07:59:19.400  2678  4173 E GCM     : Missing checkin config file
03-22 07:59:19.400  2678  4173 W GCM     : GCM FAILED TO INITIALIZE - missing checkin
03-22 07:59:19.400  3938  4268 E FirebaseInstanceId: Token retrieval failed: AUTHENTICATION_FAILED
03-22 07:59:21.967  4481  5360 I chatty  : uid=10076(com.tencent.mobileqq) expire 4 lines
03-22 07:59:24.015  3421  3473 I Finsky  : [158] com.google.android.finsky.ct.a.l.b(25): Started reading experiment flags from file [v6B-2IolLQRBwrwPhscSaeg04As].
03-22 07:59:24.016  3421  3473 I Finsky  : [158] com.google.android.finsky.ct.a.l.b(61): Finished reading experiment flags from file [v6B-2IolLQRBwrwPhscSaeg04As].
03-22 07:59:24.016  3421  3473 I Finsky  : [158] com.google.android.finsky.ct.a.a.a.b(111): Already at the latest configurations for experiment package com.google.android.finsky.regular.
03-22 07:59:24.016  3421  3471 W zygote64: Long monitor contention with owner AsyncTask #2 (3473) at boolean android.os.BinderProxy.transactNative(int, android.os.Parcel, android.os.Parcel, int)(Binder.java:-2) waiters=0 in int com.google.android.finsky.ct.a.a.a.b() for 20.056s
03-22 07:59:24.016  3421  3471 I Finsky  : [156] com.google.android.finsky.ct.a.a.a.b(90): Triggered update for experiment package com.google.android.finsky.stable.
03-22 07:59:24.073  3421  3471 E Finsky  : [156] com.google.android.finsky.ac.d.a(1598): Unexpected android-id = 0
03-22 07:59:24.081  3421  3471 E Finsky  : [156] com.google.android.finsky.deviceconfig.k.a(9): Unable to fetch checkin consistency token: empty token
03-22 07:59:24.090  3421  3471 W ProxyAndroidLoggerBackend: Too many Flogger logs received before configuration. Dropping old logs.
03-22 07:59:24.095  3421  3471 W ProxyAndroidLoggerBackend: Too many Flogger logs received before configuration. Dropping old logs.
03-22 07:59:26.381  2013  2027 I chatty  : uid=1000(system) android.bg expire 10 lines
03-22 07:59:26.699  2678  4057 W FetchTask: exception on config fetch: java.net.SocketTimeoutException: failed to connect to cloudconfig.googleapis.com/6.6.6.6 (port 443) from /192.168.0.79 (port 37394) after 60000ms
03-22 07:59:26.699  2678  4057 W FetchTask: java.net.SocketTimeoutException: failed to connect to cloudconfig.googleapis.com/6.6.6.6 (port 443) from /192.168.0.79 (port 37394) after 60000ms
03-22 07:59:26.699  2678  4057 W FetchTask: 	at libcore.io.IoBridge.connectErrno(IoBridge.java:185)
03-22 07:59:26.699  2678  4057 W FetchTask: 	at libcore.io.IoBridge.connect(IoBridge.java:130)
03-22 07:59:26.699  2678  4057 W FetchTask: 	at java.net.PlainSocketImpl.socketConnect(PlainSocketImpl.java:129)
03-22 07:59:26.699  2678  4057 W FetchTask: 	at java.net.AbstractPlainSocketImpl.doConnect(AbstractPlainSocketImpl.java:356)
03-22 07:59:26.699  2678  4057 W FetchTask: 	at java.net.AbstractPlainSocketImpl.connectToAddress(AbstractPlainSocketImpl.java:200)
03-22 07:59:26.699  2678  4057 W FetchTask: 	at java.net.AbstractPlainSocketImpl.connect(AbstractPlainSocketImpl.java:182)
03-22 07:59:26.699  2678  4057 W FetchTask: 	at java.net.SocksSocketImpl.connect(SocksSocketImpl.java:357)
03-22 07:59:26.699  2678  4057 W FetchTask: 	at java.net.Socket.connect(Socket.java:616)
03-22 07:59:26.699  2678  4057 W FetchTask: 	at com.android.okhttp.internal.Platform.connectSocket(Platform.java:145)
03-22 07:59:26.699  2678  4057 W FetchTask: 	at com.android.okhttp.internal.io.RealConnection.connectSocket(RealConnection.java:141)
03-22 07:59:26.699  2678  4057 W FetchTask: 	at com.android.okhttp.internal.io.RealConnection.connect(RealConnection.java:112)
03-22 07:59:26.699  2678  4057 W FetchTask: 	at com.android.okhttp.internal.http.StreamAllocation.findConnection(StreamAllocation.java:184)
03-22 07:59:26.699  2678  4057 W FetchTask: 	at com.android.okhttp.internal.http.StreamAllocation.findHealthyConnection(StreamAllocation.java:126)
03-22 07:59:26.699  2678  4057 W FetchTask: 	at com.android.okhttp.internal.http.StreamAllocation.newStream(StreamAllocation.java:95)
03-22 07:59:26.699  2678  4057 W FetchTask: 	at com.android.okhttp.internal.http.HttpEngine.connect(HttpEngine.java:281)
03-22 07:59:26.699  2678  4057 W FetchTask: 	at com.android.okhttp.internal.http.HttpEngine.sendRequest(HttpEngine.java:224)
03-22 07:59:26.699  2678  4057 W FetchTask: 	at com.android.okhttp.internal.huc.HttpURLConnectionImpl.execute(HttpURLConnectionImpl.java:461)
03-22 07:59:26.699  2678  4057 W FetchTask: 	at com.android.okhttp.internal.huc.HttpURLConnectionImpl.connect(HttpURLConnectionImpl.java:127)
03-22 07:59:26.699  2678  4057 W FetchTask: 	at com.android.okhttp.internal.huc.HttpURLConnectionImpl.getOutputStream(HttpURLConnectionImpl.java:258)
03-22 07:59:26.699  2678  4057 W FetchTask: 	at com.android.okhttp.internal.huc.DelegatingHttpsURLConnection.getOutputStream(DelegatingHttpsURLConnection.java:218)
03-22 07:59:26.699  2678  4057 W FetchTask: 	at com.android.okhttp.internal.huc.HttpsURLConnectionImpl.getOutputStream(Unknown Source:0)
03-22 07:59:26.699  2678  4057 W FetchTask: 	at pcy.a(:com.google.android.gms@12688056@12.6.88 (090800-197970725):75)
03-22 07:59:26.699  2678  4057 W FetchTask: 	at pcy.a(:com.google.android.gms@12688056@12.6.88 (090800-197970725):123)
03-22 07:59:26.699  2678  4057 W FetchTask: 	at pcy.run(:com.google.android.gms@12688056@12.6.88 (090800-197970725):1)
03-22 07:59:26.699  2678  4057 W FetchTask: 	at java.lang.Thread.run(Thread.java:764)
03-22 07:59:28.360  3938  4948 D ClClient: Not sending keepalive.  Current connection state=STOPPED
03-22 07:59:28.880  3421  3445 E PlayCommon: [134] com.google.android.play.b.x.a(63): Failed to connect to server for server timestamp: java.net.SocketTimeoutException: failed to connect to play.googleapis.com/6.6.6.6 (port 443) from /192.168.0.79 (port 37444) after 40000ms
03-22 07:59:28.880  3421  3445 W PlayCommon: [134] com.google.android.play.b.g.a(214): No account for auth token provided
03-22 07:59:28.880  3421  3445 I PlayCommon: [134] com.google.android.play.b.g.a(792): Connecting to server: https://play.googleapis.com/play/log?format=raw&proto_v2=true
03-22 07:59:29.682  5189  5189 I chatty  : uid=10077(com.microsoft.office.excel) expire 71 lines
03-22 07:59:07.136  2121  2121 I chatty  : uid=10033(com.android.systemui) identical 1 line
03-22 07:59:08.688  2121  2121 D ViewRootImpl[StatusBar]: updatePointerIcon called with position out of bounds
03-22 07:59:31.635  2013  5142 W ActivityManager: Permission Denial: opening provider com.android.providers.contacts.ContactsProvider2 from ProcessRecord{97dd004 4343:com.tencent.mm:push/u0a79} (pid=4343, uid=10079) requires android.permission.READ_CONTACTS or android.permission.WRITE_CONTACTS
03-22 07:59:31.635  2013  5142 I chatty  : uid=1000(system) Binder:2013_14 expire 3 lines
03-22 07:59:31.915  2013  5398 I chatty  : uid=1000 system_server expire 2 lines
03-22 07:59:31.915  2013  5399 I chatty  : uid=1000 system_server expire 2 lines
03-22 07:59:33.841  4481  4709 I chatty  : uid=10076(com.tencent.mobileqq) expire 12 lines
03-22 07:59:34.205  2013  2434 I chatty  : uid=1000(system) Binder:2013_7 expire 2 lines
03-22 07:59:34.492  3421  3421 E Finsky  : [2] com.google.android.finsky.verifier.impl.fd.a(3): Multi verification error response com.android.volley.TimeoutError
03-22 07:59:34.496  3421  3421 E Finsky  : [2] com.google.android.finsky.verifier.impl.bu.a(10): Could not connect to Clearcut: java.lang.IllegalStateException: blockingConnect must not be called on the UI thread
03-22 07:59:34.502  3421  3421 I Finsky  : [2] com.google.android.finsky.verifier.impl.ep.c(731): Done verifying installed packages
03-22 07:59:35.165  5189  5189 D ViewRootImpl[LaunchActivity]: updatePointerIcon called with position out of bounds
03-22 07:59:35.183  1908  1908 E SurfaceFlinger: [Sprite#0] rejecting buffer: bufWidth=25, bufHeight=25, front.active.{w=22, h=28}
03-22 07:59:38.326  3938  4948 D ClClient: Not sending keepalive.  Current connection state=STOPPED
03-22 07:59:43.231  4481  4768 I chatty  : uid=10076(com.tencent.mobileqq) expire 9 lines
03-22 07:59:44.199  3421  3471 W ProxyAndroidLoggerBackend: Too many Flogger logs received before configuration. Dropping old logs.
03-22 07:59:44.202  3421  3471 I chatty  : uid=10028(com.android.vending) identical 2 lines
03-22 07:59:44.202  3421  3471 W ProxyAndroidLoggerBackend: Too many Flogger logs received before configuration. Dropping old logs.
03-22 07:59:44.203  3421  3471 I Finsky  : [156] com.google.android.finsky.ct.a.a.a.b(111): Already at the latest configurations for experiment package com.google.android.finsky.stable.
03-22 07:59:44.203  3421  3473 W zygote64: Long monitor contention with owner AsyncTask #1 (3471) at int com.google.android.finsky.ct.a.a.a.b()(SourceFile:89) waiters=0 in int com.google.android.finsky.ct.a.a.a.b() for 20.186s
03-22 07:59:44.203  3421  3473 I Finsky  : [158] com.google.android.finsky.ct.a.a.a.b(90): Triggered update for experiment package com.google.android.finsky.regular.
03-22 07:59:44.242  3421  3473 W ProxyAndroidLoggerBackend: Too many Flogger logs received before configuration. Dropping old logs.
03-22 07:59:44.244  3421  3473 E Finsky  : [158] com.google.android.finsky.ac.d.a(1598): Unexpected android-id = 0
03-22 07:59:44.249  3421  3473 E Finsky  : [158] com.google.android.finsky.deviceconfig.k.a(9): Unable to fetch checkin consistency token: empty token
03-22 07:59:44.253  3421  3473 W ProxyAndroidLoggerBackend: Too many Flogger logs received before configuration. Dropping old logs.
03-22 07:59:44.258  3421  3473 W ProxyAndroidLoggerBackend: Too many Flogger logs received before configuration. Dropping old logs.
03-22 07:59:44.601  3938  4275 W ACCore  : Timed out waiting for a successful connection count increase
03-22 07:59:44.602  3938  4275 I ACCalendarManager: Hydration: Can't move forward as not connected to the FE
03-22 07:59:35.176  5189  5189 D ViewRootImpl[LaunchActivity]: updatePointerIcon called with position out of bounds
03-22 07:59:44.921  2013  2090 D ConnectivityService: NetworkAgentInfo [Ethernet () - 100] validation failed
03-22 07:59:45.172  3938  4275 D com.microsoft.tokenshare.RemoteTokenShareConfiguration_v1.4.7: Can't get configuration from networkjava.io.FileNotFoundException: /storage/emulated/0/Android/data/com.microsoft.office.outlook/cache/ts_configuration.jwt (Permission denied)
03-22 07:59:47.415  2013  2027 I chatty  : uid=1000(system) android.bg expire 10 lines
03-22 07:59:48.270  3421  4928 I Finsky  : [182] com.google.android.finsky.flushlogs.FlushLogsReceiver$FlushLogsService.onHandleIntent(39): Logs flushing took more than 60000 ms. Releasing wake lock.
03-22 07:59:48.308  2013  5142 I ActivityManager: Killing 3740:android.process.acore/u0a3 (adj 906): empty #17
03-22 07:59:48.348  3938  4948 D ClClient: Not sending keepalive.  Current connection state=STOPPED
03-22 07:59:49.400  4481  4499 I chatty  : uid=10076(com.tencent.mobileqq) expire 149 lines
03-22 07:59:54.649  2404  2404 E PhoneInterfaceManager: [PhoneIntfMgr] getCarrierPackageNamesForIntent: No UICC
03-22 07:59:54.649  2404  2404 D CarrierSvcBindHelper: No carrier app for: 0
03-22 07:59:54.649  2404  2404 D ImsResolver: maybeAddedImsService, packageName: com.microsoft.office.outlook
03-22 07:59:54.681  4481  4499 D EarlyDown: same version, state not suc. isUserClick=true. notPreDownInLowEndPhone=false. isLowEndPhone=true
03-22 07:59:54.681  4481  4499 D EarlyDown: isNetValid2Down() return:false, no wifi and no MobileNet.
03-22 07:59:54.681  4481  4499 D EarlyDown: isTimeValid() true res=android.qq.apollo.js.799g1 tLoadFail=0
03-22 07:59:54.681  4481  4499 D EarlyDown: isTimeValid() = false,  data = null
03-22 07:59:54.681  4481  4499 D EarlyDown: downloadResource() return false, netValid=false timeValid=true strResName=android.qq.apollo.js.799g1
03-22 07:59:54.681  4481  4499 I EarlyDown: removeRequesting android.qq.apollo.js.799g1
03-22 07:59:54.790  4481  4499 D EarlyDown: EarlyDownloadManager handleMessage,msg.what = 131332
03-22 07:59:54.790  4481  4499 D EarlyDown: ACTION_ON_SERVER_RESP object[] 
03-22 07:59:54.790  4481  4499 D EarlyDown: doOnServerResp() android.qq.apollo.jsc792 serverVer=1 localVer=1 localState=0,strResURL_big = http://d.url.cn/myapp/qq_desk/pre_res/official/null/WUetI6Hm.zip
03-22 07:59:54.790  4481  4499 D EarlyDown: fStorage=/data/user/0/com.tencent.mobileqq/files/pddata/prd/early/android.qq.apollo.jsc792, exist=false
03-22 07:59:54.790  4481  4499 D EarlyDown: fBackup=/storage/emulated/0/Tencent/MobileQQ/pddata/prd/early/android.qq.apollo.jsc792, exist=false
03-22 07:59:54.790  4481  4499 D EarlyDown: fBackup.length=0
03-22 07:59:54.790  4481  4499 D EarlyDown: copy oldBackupFile=/storage/emulated/0/Tencent/MobileQQ/early/android.qq.apollo.jsc792, exist=false
03-22 07:59:54.790  4481  4499 D EarlyDown: EarlyHandler, doOnServerResp, fValidRes NotExist, hasResDownloaded=false, resName=android.qq.apollo.jsc792
03-22 07:59:54.791  4481  4499 D EarlyDown: same version, loadState=0. resName=android.qq.apollo.jsc792
03-22 07:59:54.792  4481  4499 D EarlyDown: same version, state not suc. isUserClick=true. notPreDownInLowEndPhone=false. isLowEndPhone=true
03-22 07:59:54.792  4481  4499 D EarlyDown: isNetValid2Down() return:false, no wifi and no MobileNet.
03-22 07:59:54.792  4481  4499 D EarlyDown: isTimeValid() true res=android.qq.apollo.jsc792 tLoadFail=0
03-22 07:59:54.792  4481  4499 D EarlyDown: isTimeValid() = false,  data = null
03-22 07:59:54.792  4481  4499 D EarlyDown: downloadResource() return false, netValid=false timeValid=true strResName=android.qq.apollo.jsc792
03-22 07:59:54.792  4481  4499 I EarlyDown: removeRequesting android.qq.apollo.jsc792
03-22 07:59:54.872  4481  4499 D EarlyDown: EarlyDownloadManager handleMessage,msg.what = 131332
03-22 07:59:54.872  4481  4499 D EarlyDown: ACTION_ON_SERVER_RESP object[] 
03-22 07:59:54.872  4481  4499 D EarlyDown: doOnServerResp() qq.android.hotfriend.res serverVer=3 localVer=3 localState=0,strResURL_big = http://d.url.cn/myapp/qq_desk/pre_res/official/3317/PRwAS9ei.zip
03-22 07:59:54.872  4481  4499 D EarlyDown: fStorage=/data/user/0/com.tencent.mobileqq/files/pddata/prd/early/qq.android.hotfriend.res, exist=false
03-22 07:59:54.872  4481  4499 D EarlyDown: fBackup=/storage/emulated/0/Tencent/MobileQQ/pddata/prd/early/qq.android.hotfriend.res, exist=false
03-22 07:59:54.872  4481  4499 D EarlyDown: fBackup.length=0
03-22 07:59:54.872  4481  4499 D EarlyDown: copy oldBackupFile=/storage/emulated/0/Tencent/MobileQQ/early/qq.android.hotfriend.res, exist=false
03-22 07:59:54.873  4481  4499 D EarlyDown: EarlyHandler, doOnServerResp, fValidRes NotExist, hasResDownloaded=false, resName=qq.android.hotfriend.res
03-22 07:59:54.873  4481  4499 D EarlyDown: same version, loadState=0. resName=qq.android.hotfriend.res
03-22 07:59:54.874  4481  4499 D EarlyDown: same version, state not suc. isUserClick=false. notPreDownInLowEndPhone=false. isLowEndPhone=true
03-22 07:59:54.874  4481  4499 D EarlyDown: isNetValid2Down() return:false, no wifi and no MobileNet.
03-22 07:59:54.874  4481  4499 D EarlyDown: isTimeValid() true res=qq.android.hotfriend.res tLoadFail=0
03-22 07:59:54.874  4481  4499 D EarlyDown: isTimeValid() = false,  data = null
03-22 07:59:54.874  4481  4499 D EarlyDown: downloadResource() return false, netValid=false timeValid=true strResName=qq.android.hotfriend.res
03-22 07:59:54.874  4481  4499 I EarlyDown: removeRequesting qq.android.hotfriend.res
03-22 07:59:54.984  4481  4499 D EarlyDown: EarlyDownloadManager handleMessage,msg.what = 131332
03-22 07:59:54.984  4481  4499 D EarlyDown: ACTION_ON_SERVER_RESP object[] 
03-22 07:59:54.984  4481  4499 D EarlyDown: doOnServerResp() qq.android.poke.res_0625 serverVer=1 localVer=1 localState=0,strResURL_big = http://d.url.cn/myapp/qq_desk/pre_res/official/null/VwqdWKcx.zip
03-22 07:59:54.984  4481  4499 D EarlyDown: fStorage=/data/user/0/com.tencent.mobileqq/files/pddata/prd/early/qq.android.poke.res_0625, exist=false
03-22 07:59:54.984  4481  4499 D EarlyDown: fBackup=/storage/emulated/0/Tencent/MobileQQ/pddata/prd/early/qq.android.poke.res_0625, exist=false
03-22 07:59:54.984  4481  4499 D EarlyDown: fBackup.length=0
03-22 07:59:54.984  4481  4499 D EarlyDown: copy oldBackupFile=/storage/emulated/0/Tencent/MobileQQ/early/qq.android.poke.res_0625, exist=false
03-22 07:59:54.984  4481  4499 D EarlyDown: EarlyHandler, doOnServerResp, fValidRes NotExist, hasResDownloaded=false, resName=qq.android.poke.res_0625
03-22 07:59:54.985  4481  4499 D EarlyDown: same version, loadState=0. resName=qq.android.poke.res_0625
03-22 07:59:54.986  4481  4499 D EarlyDown: same version, state not suc. isUserClick=false. notPreDownInLowEndPhone=false. isLowEndPhone=true
03-22 07:59:54.986  4481  4499 D EarlyDown: isNetValid2Down() return:false, no wifi and no MobileNet.
03-22 07:59:54.986  4481  4499 D EarlyDown: isTimeValid() true res=qq.android.poke.res_0625 tLoadFail=0
03-22 07:59:54.986  4481  4499 D EarlyDown: isTimeValid() = false,  data = null
03-22 07:59:54.986  4481  4499 D EarlyDown: downloadResource() return false, netValid=false timeValid=true strResName=qq.android.poke.res_0625
03-22 07:59:54.986  4481  4499 I EarlyDown: removeRequesting qq.android.poke.res_0625
03-22 07:59:55.089  4481  4499 D EarlyDown: EarlyDownloadManager handleMessage,msg.what = 131332
03-22 07:59:55.089  4481  4499 D EarlyDown: ACTION_ON_SERVER_RESP object[] 
03-22 07:59:55.089  4481  4499 D EarlyDown: doOnServerResp() qq.android.ar.face.so_v7.9.5 serverVer=1 localVer=1 localState=0,strResURL_big = http://d.url.cn/myapp/qq_desk/pre_res/official/null/3syUc2rp.zip
03-22 07:59:55.089  4481  4499 D EarlyDown: fStorage=/data/user/0/com.tencent.mobileqq/files/pddata/prd/early/qq.android.ar.face.so_v7.9.5, exist=false
03-22 07:59:55.089  4481  4499 D EarlyDown: fBackup=/storage/emulated/0/Tencent/MobileQQ/pddata/prd/early/qq.android.ar.face.so_v7.9.5, exist=false
03-22 07:59:55.089  4481  4499 D EarlyDown: fBackup.length=0
03-22 07:59:55.089  4481  4499 D EarlyDown: copy oldBackupFile=/storage/emulated/0/Tencent/MobileQQ/early/qq.android.ar.face.so_v7.9.5, exist=false
03-22 07:59:55.089  4481  4499 D EarlyDown: EarlyHandler, doOnServerResp, fValidRes NotExist, hasResDownloaded=false, resName=qq.android.ar.face.so_v7.9.5
03-22 07:59:55.090  4481  4499 D EarlyDown: same version, loadState=0. resName=qq.android.ar.face.so_v7.9.5
03-22 07:59:55.091  4481  4499 D EarlyDown: same version, state not suc. isUserClick=false. notPreDownInLowEndPhone=false. isLowEndPhone=true
03-22 07:59:55.091  4481  4499 D FaceScanNativeSoDownloadHandler: downloadResource later false
03-22 07:59:55.091  4481  4499 D FaceScanNativeSoDownloadHandler: isNetValid2Download by startup 
03-22 07:59:55.091  4481  4499 D EarlyDown: isNetValid2Down() return:false, no wifi and no MobileNet.
03-22 07:59:55.091  4481  4499 D EarlyDown: isTimeValid() true res=qq.android.ar.face.so_v7.9.5 tLoadFail=0
03-22 07:59:55.091  4481  4499 D EarlyDown: isTimeValid() = false,  data = null
03-22 07:59:55.091  4481  4499 D EarlyDown: downloadResource() return false, netValid=false timeValid=true strResName=qq.android.ar.face.so_v7.9.5
03-22 07:59:55.091  4481  4499 I EarlyDown: removeRequesting qq.android.ar.face.so_v7.9.5
03-22 07:59:55.201  4481  4499 D EarlyDown: EarlyDownloadManager handleMessage,msg.what = 131332
03-22 07:59:55.201  4481  4499 D EarlyDown: ACTION_ON_SERVER_RESP object[] 
03-22 07:59:55.201  4481  4499 D EarlyDown: doOnServerResp() qq.android.ar.face.models_v7.1.5 serverVer=4 localVer=4 localState=0,strResURL_big = http://d.url.cn/myapp/qq_desk/qq_term/f/4348/face_models_v2.zip
03-22 07:59:55.201  4481  4499 D EarlyDown: fStorage=/data/user/0/com.tencent.mobileqq/files/pddata/prd/early/qq.android.ar.face.models_v7.1.5, exist=false
03-22 07:59:55.201  4481  4499 D EarlyDown: fBackup=/storage/emulated/0/Tencent/MobileQQ/pddata/prd/early/qq.android.ar.face.models_v7.1.5, exist=false
03-22 07:59:55.201  4481  4499 D EarlyDown: fBackup.length=0
03-22 07:59:55.201  4481  4499 D EarlyDown: copy oldBackupFile=/storage/emulated/0/Tencent/MobileQQ/early/qq.android.ar.face.models_v7.1.5, exist=false
03-22 07:59:55.202  4481  4499 D EarlyDown: EarlyHandler, doOnServerResp, fValidRes NotExist, hasResDownloaded=false, resName=qq.android.ar.face.models_v7.1.5
03-22 07:59:55.202  4481  4499 D EarlyDown: same version, loadState=0. resName=qq.android.ar.face.models_v7.1.5
03-22 07:59:55.203  4481  4499 D EarlyDown: same version, state not suc. isUserClick=false. notPreDownInLowEndPhone=false. isLowEndPhone=true
03-22 07:59:55.203  4481  4499 D FaceModelsDownloadHandler: downloadResource later false
03-22 07:59:55.203  4481  4499 D FaceModelsDownloadHandler: isNetValid2Download by startup 
03-22 07:59:55.203  4481  4499 D EarlyDown: isNetValid2Down() return:false, no wifi and no MobileNet.
03-22 07:59:55.203  4481  4499 D EarlyDown: isTimeValid() true res=qq.android.ar.face.models_v7.1.5 tLoadFail=0
03-22 07:59:55.203  4481  4499 D EarlyDown: isTimeValid() = false,  data = null
03-22 07:59:55.203  4481  4499 D EarlyDown: downloadResource() return false, netValid=false timeValid=true strResName=qq.android.ar.face.models_v7.1.5
03-22 07:59:55.203  4481  4499 I EarlyDown: removeRequesting qq.android.ar.face.models_v7.1.5
03-22 07:59:55.273  4481  4499 D EarlyDown: EarlyDownloadManager handleMessage,msg.what = 131332
03-22 07:59:55.274  4481  4499 D EarlyDown: ACTION_ON_SERVER_RESP object[] 
03-22 07:59:55.274  4481  4499 D EarlyDown: doOnServerResp() android.qq.readinjoy.viola_795 serverVer=5 localVer=5 localState=0,strResURL_big = http://d.url.cn/myapp/qq_desk/pre_res/official/7200/cwQZbYXk.zip
03-22 07:59:55.274  4481  4499 D EarlyDown: fStorage=/data/user/0/com.tencent.mobileqq/files/pddata/prd/early/android.qq.readinjoy.viola_795, exist=false
03-22 07:59:55.274  4481  4499 D EarlyDown: fBackup=/storage/emulated/0/Tencent/MobileQQ/pddata/prd/early/android.qq.readinjoy.viola_795, exist=false
03-22 07:59:55.274  4481  4499 D EarlyDown: fBackup.length=0
03-22 07:59:55.274  4481  4499 D EarlyDown: copy oldBackupFile=/storage/emulated/0/Tencent/MobileQQ/early/android.qq.readinjoy.viola_795, exist=false
03-22 07:59:55.274  4481  4499 D EarlyDown: EarlyHandler, doOnServerResp, fValidRes NotExist, hasResDownloaded=false, resName=android.qq.readinjoy.viola_795
03-22 07:59:55.274  4481  4499 D EarlyDown: same version, loadState=0. resName=android.qq.readinjoy.viola_795
03-22 07:59:55.275  4481  4499 D EarlyDown: same version, state not suc. isUserClick=false. notPreDownInLowEndPhone=false. isLowEndPhone=true
03-22 07:59:55.275  4481  4499 D EarlyDown: isNetValid2Down() return:false, no wifi and no MobileNet.
03-22 07:59:55.275  4481  4499 D EarlyDown: isTimeValid() true res=android.qq.readinjoy.viola_795 tLoadFail=0
03-22 07:59:55.275  4481  4499 D EarlyDown: isTimeValid() = false,  data = null
03-22 07:59:55.275  4481  4499 D EarlyDown: downloadResource() return false, netValid=false timeValid=true strResName=android.qq.readinjoy.viola_795
03-22 07:59:55.275  4481  4499 I EarlyDown: removeRequesting android.qq.readinjoy.viola_795
03-22 07:59:55.365  4481  4499 D EarlyDown: EarlyDownloadManager handleMessage,msg.what = 131332
03-22 07:59:55.365  4481  4499 D EarlyDown: ACTION_ON_SERVER_RESP object[] 
03-22 07:59:55.365  4481  4499 D EarlyDown: doOnServerResp() android.qq.readinjoy.viola_biz_799 serverVer=2 localVer=2 localState=0,strResURL_big = http://d.url.cn/myapp/qq_desk/pre_res/official/null/2Zr3qS8o.zip
03-22 07:59:55.365  4481  4499 D EarlyDown: fStorage=/data/user/0/com.tencent.mobileqq/files/pddata/prd/early/android.qq.readinjoy.viola_biz_799, exist=false
03-22 07:59:55.366  4481  4499 D EarlyDown: fBackup=/storage/emulated/0/Tencent/MobileQQ/pddata/prd/early/android.qq.readinjoy.viola_biz_799, exist=false
03-22 07:59:55.366  4481  4499 D EarlyDown: fBackup.length=0
03-22 07:59:55.366  4481  4499 D EarlyDown: copy oldBackupFile=/storage/emulated/0/Tencent/MobileQQ/early/android.qq.readinjoy.viola_biz_799, exist=false
03-22 07:59:55.366  4481  4499 D EarlyDown: EarlyHandler, doOnServerResp, fValidRes NotExist, hasResDownloaded=false, resName=android.qq.readinjoy.viola_biz_799
03-22 07:59:55.366  4481  4499 D EarlyDown: same version, loadState=0. resName=android.qq.readinjoy.viola_biz_799
03-22 07:59:55.367  4481  4499 D EarlyDown: same version, state not suc. isUserClick=false. notPreDownInLowEndPhone=false. isLowEndPhone=true
03-22 07:59:55.367  4481  4499 D EarlyDown: isNetValid2Down() return:false, no wifi and no MobileNet.
03-22 07:59:55.367  4481  4499 D EarlyDown: isTimeValid() true res=android.qq.readinjoy.viola_biz_799 tLoadFail=0
03-22 07:59:55.367  4481  4499 D EarlyDown: isTimeValid() = false,  data = null
03-22 07:59:55.367  4481  4499 D EarlyDown: downloadResource() return false, netValid=false timeValid=true strResName=android.qq.readinjoy.viola_biz_799
03-22 07:59:55.367  4481  4499 I EarlyDown: removeRequesting android.qq.readinjoy.viola_biz_799
03-22 07:59:56.406  4481  4499 D QlinkReliableReport: doStopReportTimer :  on timer
03-22 07:59:57.147  2013  2028 I ActivityManager: Killing 3902:org.openthos.filemanager/u0a24 (adj 906): empty #17
03-22 07:59:57.168  2678  5415 E AppUsageEventWatcher: wrong time range: [1553264758624, 1553212797168)
03-22 07:59:57.180  2678  2688 W SQLiteConnectionPool: A SQLiteConnection object for database '/data/user/0/com.google.android.gms/databases/config.db' was leaked!  Please fix your application to end transactions in progress properly and to close the database when it is no longer needed.
03-22 07:59:57.192  2013  2030 I chatty  : uid=1000(system) ActivityManager expire 2 lines
03-22 07:59:57.312  2678  2930 I AsyncOpDispatcher: 51-GetConfigurationSnapshotOperationCall
03-22 07:59:57.321  2678  2930 I AsyncOpDispatcher: 51-CommitToConfigurationOperationCall
03-22 07:59:57.454  2678  2684 I zygote64: Do full code cache collection, code=249KB, data=187KB
03-22 07:59:57.454  2678  2684 I zygote64: After code cache collection, code=199KB, data=124KB
03-22 07:59:57.969  4481  4709 D Q.richmedia.T.c2c.fil.dw: id:null 	step:scheduleRetry 	cont:mIsCancelled:false 	ver:7.9.9.1010 	tid:178
03-22 07:59:57.969  4481  4709 D Q.richmedia.T.c2c.fil.dw: id:null 	step:retry 	cont:tryTime:1 consumeTime:54370 isLastGetData:false 	ver:7.9.9.1010 	tid:178
03-22 07:59:57.969  4481  4709 D Q.richmedia.T.c2c.fil.dw: id:null 	step:scheduleRetry 	cont:mIsCancelled:false 	ver:7.9.9.1010 	tid:178
03-22 07:59:58.255  2013  3799 I chatty  : uid=1000(system) Binder:2013_D expire 5 lines
03-22 07:59:58.261  4481  5163 W IdleConnectionHandler: Removing a connection that never existed!
03-22 07:59:58.363  3938  4948 D ClClient: Not sending keepalive.  Current connection state=STOPPED
03-22 07:59:58.984  5189  5214 I chatty  : uid=10077(com.microsoft.office.excel) expire 8 lines
03-22 07:59:58.986  5189  5425 I chatty  : uid=10077(com.microsoft.office.excel) expire 4 lines
03-22 07:59:59.990  5189  5292 I chatty  : uid=10077(com.microsoft.office.excel) expire 4 lines
03-22 08:00:00.022  3938  5427 D EventNotificationJob: Running EventNotificationJob, isDetail=true
03-22 08:00:00.022  3938  5427 D EventNotificationJob:   finished processing events.
03-22 08:00:01.159  3105  3123 D MSF.D.QLog: QLog init
03-22 08:00:01.928  4481  5428 D QQProtect.QPUpdate: [SFU] startSFU last time: 1553253284422, interval: -40482494
03-22 08:00:02.001  4481  4497 D MSF.D.QLog: QLog init
03-22 08:00:02.303  1908  1908 E SurfaceFlinger: [Sprite#0] rejecting buffer: bufWidth=25, bufHeight=25, front.active.{w=22, h=28}
03-22 08:00:02.820  1908  1908 I chatty  : uid=0(root) /system/bin/surfaceflinger identical 1 line
03-22 08:00:02.870  1908  1908 E SurfaceFlinger: [Sprite#0] rejecting buffer: bufWidth=25, bufHeight=25, front.active.{w=22, h=28}
03-22 08:00:02.914  4481  4500 I PtvTemplateManager: rebuildTemplateInfos, app[true], isUpdateedByServer[false], cur_runnable[171693465]
03-22 08:00:02.928  4481  4500 I PtvTemplateManager: parse config: {
03-22 08:00:02.928  4481  4500 I PtvTemplateManager: "ufaurl_ios": "http://sqimg.qq.com/qq_product_operations/zaqizaba/sdknew.zip",
03-22 08:00:02.928  4481  4500 I PtvTemplateManager: "ufaurl_ios_md5": "29af015548e76ed6dfd7401db8c0b819",
03-22 08:00:02.928  4481  4500 I PtvTemplateManager:  "newufaurl_ios":
03-22 08:00:02.928  4481  4500 I PtvTemplateManager:   "http://sqimg.qq.com/qq_product_operations/zaqizaba/qq_ufa_bin3_sdk_11042252.zip",
03-22 08:00:02.928  4481  4500 I PtvTemplateManager:   "newufaurl_ios_md5":"db9aa4c7761b382e91c718b95067cb65",
03-22 08:00:02.928  4481  4500 I PtvTemplateManager: "NEWUFAURL_IOS_715":"http://sqimg.qq.com/qq_product_operations/zaqizaba/qq_ufa_bin3_sdk_20170707.zip",
03-22 08:00:02.928  4481  4500 I PtvTemplateManager: "NEWUFAURL_IOS_MD5_715":"31a71debbe72f934475a002619e8a2c3",
03-22 08:00:02.928  4481  4500 I PtvTemplateManager: "gesture_ios": "http://dl.url.cn/myapp/qq_desk/qqrm/gesture/gestureSDK.zip",
03-22 08:00:02.928  4481  4500 I PtvTemplateManager: "gesture_ios_md5": "3615e1061c68d02b7ffc0fca6aa8c421",
03-22 08:00:02.928  4481  4500 I PtvTemplateManager: "gestureGapFrame": 5, 
03-22 08:00:02.928  4481  4500 I PtvTemplateManager: "gestureGapTime":500,  
03-22 08:00:02.928  4481  4500 I PtvTemplateManager: "gestureShouldUpload": false,
03-22 08:00:02.928  4481  4500 I PtvTemplateManager: "content": [  
03-22 08:00:02.928  4481  4500 I PtvTemplateManager: {
03-22 08:00:02.928  4481  4500 I PtvTemplateManager:             "predownload": false, 
03-22 08:00:02.928  4481  4500 I PtvTemplateManager:             "md5": "0606c0db8292ce6c2b06134354e84f24", 
03-22 08:00:02.928  4481  4500 I PtvTemplateManager:             "id": "2008", 
03-22 08:00:02.928  4481  4500 I PtvTemplateManager:             "iconurl": "http://dl.url.cn/myapp/qq_desk/qqrm/videofilter/online/preonline/chapai2.png", 
03-22 08:00:02.928  4481  4500 I PtvTemplateManager:             "resurl": "http://dl.url.cn/myapp/qq_desk/qqrm/videofilter/online/test/video_chapai9_Android.zip", 
03-22 08:00:02.928  4481  4500 I PtvTemplateManager:             "name": "video_chapai9_Android",
03-22 08:00:02.928  4481  4500 I PtvTemplateManager:             "category":2,
03-22 08:00:02.928  4481  4500 I PtvTemplateManager:              "gestureType":"qheart",
03-22 08:00:02.928  4481  4500 I PtvTemplateManager:              "gestureWording":"在屏幕内单手比心",
