03-22 07:57:35.993  2013  2028 E TaskPersister: java.lang.NullPointerException: Attempt to invoke virtual method 'android.content.res.Configuration com.android.server.am.ConfigurationContainer.getConfiguration()' on a null object reference
03-22 07:57:35.993  2013  2028 E TaskPersister: 	at com.android.server.am.TaskRecord.computeOverrideConfiguration(TaskRecord.java:2218)
03-22 07:57:35.993  2013  2028 E TaskPersister: 	at com.android.server.am.TaskRecord.updateOverrideConfiguration(TaskRecord.java:2196)
03-22 07:57:35.993  2013  2028 E TaskPersister: 	at com.android.server.am.TaskRecord.updateOverrideConfiguration(TaskRecord.java:2159)
03-22 07:57:35.993  2013  2028 E TaskPersister: 	at com.android.server.am.TaskRecord.restoreFromXml(TaskRecord.java:2081)
03-22 07:57:35.993  2013  2028 E TaskPersister: 	at com.android.server.am.TaskPersister.restoreTasksForUserLocked(TaskPersister.java:464)
03-22 07:57:35.993  2013  2028 E TaskPersister: 	at com.android.server.am.RecentTasks.loadUserRecentsLocked(RecentTasks.java:124)
03-22 07:57:35.993  2013  2028 E TaskPersister: 	at com.android.server.am.ActivityManagerService$MainHandler.handleMessage(ActivityManagerService.java:2215)
03-22 07:57:35.993  2013  2028 E TaskPersister: 	at android.os.Handler.dispatchMessage(Handler.java:106)
03-22 07:57:35.993  2013  2028 E TaskPersister: 	at android.os.Looper.loop(Looper.java:164)
03-22 07:57:35.993  2013  2028 E TaskPersister: 	at android.os.HandlerThread.run(HandlerThread.java:65)
03-22 07:57:35.993  2013  2028 E TaskPersister: 	at com.android.server.ServiceThread.run(ServiceThread.java:46)
03-22 07:57:35.994  2013  2028 E TaskPersister: Failing file: <?xml version='1.0' encoding='utf-8' standalone='yes' ?>
03-22 07:57:35.994  2013  2028 E TaskPersister: <task task_id="10" real_activity="cn.wps.moffice_eng/cn.wps.moffice.spreadsheet.multiactivity.Spreadsheet1" real_activity_suspended="false" affinity="cn.wps.moffice_eng.spreadsheet1" root_has_reset="false" auto_remove_recents="false" asked_compat_mode="false" user_id="0" user_setup_complete="true" effective_uid="10073" task_type="0" first_active_time="1553252813358" last_active_time="1553262596124" last_time_moved="1553262596321" never_relinquish_identity="true" task_description_color="ff222222" task_description_colorBackground="ff000000" task_thumbnailinfo_task_width="0" task_thumbnailinfo_task_height="0" task_thumbnailinfo_screen_orientation="0" task_affiliation_color="-14540254" task_affiliation="10" prev_affiliation="-1" next_affiliation="-1" calling_uid="10073" calling_package="cn.wps.moffice_eng" resize_mode="2" supports_picture_in_picture="false" privileged="false" non_fullscreen_bounds="420 164 1260 744" min_width="-1" min_height="-1" persist_task_version="1">
03-22 07:57:35.994  2013  2028 E TaskPersister: <intent component="cn.wps.moffice_eng/cn.wps.moffice.spreadsheet.multiactivity.Spreadsheet1" flags="10000000" />
03-22 07:57:35.994  2013  2028 E TaskPersister: </task>
03-22 07:57:35.994  2013  2028 E TaskPersister: 
03-22 07:57:36.033  2013  2028 E TaskPersister: Unable to parse /data/system_ce/0/recent_tasks/36_task.xml. Error 
03-22 07:57:36.033  2013  2028 E TaskPersister: java.lang.NullPointerException: Attempt to invoke virtual method 'android.content.res.Configuration com.android.server.am.ConfigurationContainer.getConfiguration()' on a null object reference
03-22 07:57:36.033  2013  2028 E TaskPersister: 	at com.android.server.am.TaskRecord.computeOverrideConfiguration(TaskRecord.java:2218)
03-22 07:57:36.033  2013  2028 E TaskPersister: 	at com.android.server.am.TaskRecord.updateOverrideConfiguration(TaskRecord.java:2196)
03-22 07:57:36.033  2013  2028 E TaskPersister: 	at com.android.server.am.TaskRecord.updateOverrideConfiguration(TaskRecord.java:2159)
03-22 07:57:36.033  2013  2028 E TaskPersister: 	at com.android.server.am.TaskRecord.restoreFromXml(TaskRecord.java:2081)
03-22 07:57:36.033  2013  2028 E TaskPersister: 	at com.android.server.am.TaskPersister.restoreTasksForUserLocked(TaskPersister.java:464)
03-22 07:57:36.033  2013  2028 E TaskPersister: 	at com.android.server.am.RecentTasks.loadUserRecentsLocked(RecentTasks.java:124)
03-22 07:57:36.033  2013  2028 E TaskPersister: 	at com.android.server.am.ActivityManagerService$MainHandler.handleMessage(ActivityManagerService.java:2215)
03-22 07:57:36.033  2013  2028 E TaskPersister: 	at android.os.Handler.dispatchMessage(Handler.java:106)
03-22 07:57:36.033  2013  2028 E TaskPersister: 	at android.os.Looper.loop(Looper.java:164)
03-22 07:57:36.033  2013  2028 E TaskPersister: 	at android.os.HandlerThread.run(HandlerThread.java:65)
03-22 07:57:36.033  2013  2028 E TaskPersister: 	at com.android.server.ServiceThread.run(ServiceThread.java:46)
03-22 07:57:36.034  2013  2028 E TaskPersister: Failing file: <?xml version='1.0' encoding='utf-8' standalone='yes' ?>
03-22 07:57:36.034  2013  2028 E TaskPersister: <task task_id="36" real_activity="com.tencent.mobileqq/.activity.SplashActivity" real_activity_suspended="false" affinity="com.tencent.mobileqq" root_has_reset="false" auto_remove_recents="false" asked_compat_mode="false" user_id="0" user_setup_complete="true" effective_uid="10076" task_type="0" first_active_time="1553262057307" last_active_time="1553263094595" last_time_moved="1553262992951" never_relinquish_identity="true" task_description_color="ff222222" task_description_colorBackground="ff000000" task_thumbnailinfo_task_width="0" task_thumbnailinfo_task_height="0" task_thumbnailinfo_screen_orientation="0" task_affiliation_color="-14540254" task_affiliation="36" prev_affiliation="-1" next_affiliation="-1" calling_uid="10033" calling_package="com.android.systemui" resize_mode="2" supports_picture_in_picture="false" privileged="false" non_fullscreen_bounds="714 179 1083 841" min_width="-1" min_height="-1" persist_task_version="1">
03-22 07:57:36.034  2013  2028 E TaskPersister: <intent action="android.intent.action.MAIN" component="com.tencent.mobileqq/.activity.SplashActivity" flags="30000000">
03-22 07:57:36.034  2013  2028 E TaskPersister: <categories category="android.intent.category.LAUNCHER" />
03-22 07:57:36.034  2013  2028 E TaskPersister: </intent>
03-22 07:57:36.034  2013  2028 E TaskPersister: </task>
03-22 07:57:36.034  2013  2028 E TaskPersister: 
03-22 07:57:36.093  2013  2028 E TaskPersister: Unable to parse /data/system_ce/0/recent_tasks/53_task.xml. Error 
03-22 07:57:36.093  2013  2028 E TaskPersister: java.lang.NullPointerException: Attempt to invoke virtual method 'android.content.res.Configuration com.android.server.am.ConfigurationContainer.getConfiguration()' on a null object reference
03-22 07:57:36.093  2013  2028 E TaskPersister: 	at com.android.server.am.TaskRecord.computeOverrideConfiguration(TaskRecord.java:2218)
03-22 07:57:36.093  2013  2028 E TaskPersister: 	at com.android.server.am.TaskRecord.updateOverrideConfiguration(TaskRecord.java:2196)
03-22 07:57:36.093  2013  2028 E TaskPersister: 	at com.android.server.am.TaskRecord.updateOverrideConfiguration(TaskRecord.java:2159)
03-22 07:57:36.093  2013  2028 E TaskPersister: 	at com.android.server.am.TaskRecord.restoreFromXml(TaskRecord.java:2081)
03-22 07:57:36.093  2013  2028 E TaskPersister: 	at com.android.server.am.TaskPersister.restoreTasksForUserLocked(TaskPersister.java:464)
03-22 07:57:36.093  2013  2028 E TaskPersister: 	at com.android.server.am.RecentTasks.loadUserRecentsLocked(RecentTasks.java:124)
03-22 07:57:36.093  2013  2028 E TaskPersister: 	at com.android.server.am.ActivityManagerService$MainHandler.handleMessage(ActivityManagerService.java:2215)
03-22 07:57:36.093  2013  2028 E TaskPersister: 	at android.os.Handler.dispatchMessage(Handler.java:106)
03-22 07:57:36.093  2013  2028 E TaskPersister: 	at android.os.Looper.loop(Looper.java:164)
03-22 07:57:36.093  2013  2028 E TaskPersister: 	at android.os.HandlerThread.run(HandlerThread.java:65)
03-22 07:57:36.093  2013  2028 E TaskPersister: 	at com.android.server.ServiceThread.run(ServiceThread.java:46)
03-22 07:57:36.094  2013  2028 E TaskPersister: Failing file: <?xml version='1.0' encoding='utf-8' standalone='yes' ?>
03-22 07:57:36.094  2013  2028 E TaskPersister: <task task_id="53" real_activity="com.microsoft.office.word/.WordActivity" real_activity_suspended="false" affinity="com.microsoft.office.word" root_has_reset="false" auto_remove_recents="false" asked_compat_mode="false" user_id="0" user_setup_complete="true" effective_uid="10077" task_type="0" first_active_time="1553263681475" last_active_time="1553264660729" last_time_moved="1553264660953" never_relinquish_identity="true" task_description_color="ff2b579a" task_description_colorBackground="fffafafa" task_description_icon_filename="/data/system_ce/0/recent_images/53_activity_icon_1553263681472.png" task_thumbnailinfo_task_width="0" task_thumbnailinfo_task_height="0" task_thumbnailinfo_screen_orientation="0" task_affiliation_color="-13936742" task_affiliation="53" prev_affiliation="-1" next_affiliation="-1" calling_uid="10024" calling_package="org.openthos.filemanager" resize_mode="1" supports_picture_in_picture="false" privileged="false" non_fullscreen_bounds="525 310 1365 807" min_width="-1" min_height="-1" persist_task_version="1">
03-22 07:57:36.094  2013  2028 E TaskPersister: <intent action="android.intent.action.VIEW" data="content://org.openthos.support.filemanager.fileprovider/external/Android/data/com.tencent.mm/files/tbslog/tbslog.txt" type="text/plain" component="com.microsoft.office.word/.WordActivity" flags="10000003" />
03-22 07:57:36.094  2013  2028 E TaskPersister: </task>
03-22 07:57:36.094  2013  2028 E TaskPersister: 
03-22 07:57:36.182  2013  2028 E TaskPersister: Unable to parse /data/system_ce/0/recent_tasks/2_task.xml. Error 
03-22 07:57:36.182  2013  2028 E TaskPersister: java.lang.NullPointerException: Attempt to invoke virtual method 'android.content.res.Configuration com.android.server.am.ConfigurationContainer.getConfiguration()' on a null object reference
03-22 07:57:36.182  2013  2028 E TaskPersister: 	at com.android.server.am.TaskRecord.computeOverrideConfiguration(TaskRecord.java:2218)
03-22 07:57:36.182  2013  2028 E TaskPersister: 	at com.android.server.am.TaskRecord.updateOverrideConfiguration(TaskRecord.java:2196)
03-22 07:57:36.182  2013  2028 E TaskPersister: 	at com.android.server.am.TaskRecord.updateOverrideConfiguration(TaskRecord.java:2159)
03-22 07:57:36.182  2013  2028 E TaskPersister: 	at com.android.server.am.TaskRecord.restoreFromXml(TaskRecord.java:2081)
03-22 07:57:36.182  2013  2028 E TaskPersister: 	at com.android.server.am.TaskPersister.restoreTasksForUserLocked(TaskPersister.java:464)
03-22 07:57:36.182  2013  2028 E TaskPersister: 	at com.android.server.am.RecentTasks.loadUserRecentsLocked(RecentTasks.java:124)
03-22 07:57:36.182  2013  2028 E TaskPersister: 	at com.android.server.am.ActivityManagerService$MainHandler.handleMessage(ActivityManagerService.java:2215)
03-22 07:57:36.182  2013  2028 E TaskPersister: 	at android.os.Handler.dispatchMessage(Handler.java:106)
03-22 07:57:36.182  2013  2028 E TaskPersister: 	at android.os.Looper.loop(Looper.java:164)
03-22 07:57:36.182  2013  2028 E TaskPersister: 	at android.os.HandlerThread.run(HandlerThread.java:65)
03-22 07:57:36.182  2013  2028 E TaskPersister: 	at com.android.server.ServiceThread.run(ServiceThread.java:46)
03-22 07:57:36.183  2013  2028 E TaskPersister: Failing file: <?xml version='1.0' encoding='utf-8' standalone='yes' ?>
03-22 07:57:36.183  2013  2028 E TaskPersister: <task task_id="2" real_activity="com.android.launcher3/org.openthos.launcher.activity.MainActivity" real_activity_suspended="false" affinity="com.android.launcher3" root_has_reset="true" auto_remove_recents="false" asked_compat_mode="false" user_id="0" user_setup_complete="true" effective_uid="10066" task_type="1" first_active_time="1553252150210" last_active_time="1553252150305" last_time_moved="1553252150211" never_relinquish_identity="true" task_description_color="ff212121" task_description_colorBackground="ff303030" task_thumbnailinfo_task_width="0" task_thumbnailinfo_task_height="0" task_thumbnailinfo_screen_orientation="0" task_affiliation_color="-14606047" task_affiliation="2" prev_affiliation="-1" next_affiliation="-1" calling_uid="10030" calling_package="com.google.android.setupwizard" resize_mode="0" supports_picture_in_picture="false" privileged="false" non_fullscreen_bounds="0 0 1680 994" min_width="-1" min_height="-1" persist_task_version="1">
03-22 07:57:36.183  2013  2028 E TaskPersister: <intent action="android.intent.action.MAIN" component="com.android.launcher3/org.openthos.launcher.activity.MainActivity" flags="10208000">
03-22 07:57:36.183  2013  2028 E TaskPersister: <categories category="android.intent.category.HOME" />
03-22 07:57:36.183  2013  2028 E TaskPersister: </intent>
03-22 07:57:36.183  2013  2028 E TaskPersister: </task>
03-22 07:57:36.183  2013  2028 E TaskPersister: 
03-22 07:57:36.260  2013  2028 E TaskPersister: Unable to parse /data/system_ce/0/recent_tasks/32_task.xml. Error 
03-22 07:57:36.260  2013  2028 E TaskPersister: java.lang.NullPointerException: Attempt to invoke virtual method 'android.content.res.Configuration com.android.server.am.ConfigurationContainer.getConfiguration()' on a null object reference
03-22 07:57:36.260  2013  2028 E TaskPersister: 	at com.android.server.am.TaskRecord.computeOverrideConfiguration(TaskRecord.java:2218)
03-22 07:57:36.260  2013  2028 E TaskPersister: 	at com.android.server.am.TaskRecord.updateOverrideConfiguration(TaskRecord.java:2196)
03-22 07:57:36.260  2013  2028 E TaskPersister: 	at com.android.server.am.TaskRecord.updateOverrideConfiguration(TaskRecord.java:2159)
03-22 07:57:36.260  2013  2028 E TaskPersister: 	at com.android.server.am.TaskRecord.restoreFromXml(TaskRecord.java:2081)
03-22 07:57:36.260  2013  2028 E TaskPersister: 	at com.android.server.am.TaskPersister.restoreTasksForUserLocked(TaskPersister.java:464)
03-22 07:57:36.260  2013  2028 E TaskPersister: 	at com.android.server.am.RecentTasks.loadUserRecentsLocked(RecentTasks.java:124)
03-22 07:57:36.260  2013  2028 E TaskPersister: 	at com.android.server.am.ActivityManagerService$MainHandler.handleMessage(ActivityManagerService.java:2215)
03-22 07:57:36.260  2013  2028 E TaskPersister: 	at android.os.Handler.dispatchMessage(Handler.java:106)
03-22 07:57:36.260  2013  2028 E TaskPersister: 	at android.os.Looper.loop(Looper.java:164)
03-22 07:57:36.260  2013  2028 E TaskPersister: 	at android.os.HandlerThread.run(HandlerThread.java:65)
03-22 07:57:36.260  2013  2028 E TaskPersister: 	at com.android.server.ServiceThread.run(ServiceThread.java:46)
03-22 07:57:36.261  2013  2028 E TaskPersister: Failing file: <?xml version='1.0' encoding='utf-8' standalone='yes' ?>
03-22 07:57:36.261  2013  2028 E TaskPersister: <task task_id="32" real_activity="com.android.chrome/org.chromium.chrome.browser.document.ChromeLauncherActivity" real_activity_suspended="false" orig_activity="com.android.chrome/com.google.android.apps.chrome.Main" affinity="com.android.chrome" root_has_reset="false" auto_remove_recents="false" asked_compat_mode="false" user_id="0" user_setup_complete="true" effective_uid="10048" task_type="0" first_active_time="1553261282348" last_active_time="1553261373422" last_time_moved="1553261373415" never_relinquish_identity="true" task_description_color="ffe6e6e6" task_description_colorBackground="ffffffff" task_thumbnailinfo_task_width="0" task_thumbnailinfo_task_height="0" task_thumbnailinfo_screen_orientation="0" task_affiliation_color="-1644826" task_affiliation="32" prev_affiliation="-1" next_affiliation="-1" calling_uid="10048" calling_package="com.android.chrome" resize_mode="4" supports_picture_in_picture="false" privileged="false" non_fullscreen_bounds="0 0 1680 994" min_width="-1" min_height="-1" persist_task_version="1">
03-22 07:57:36.261  2013  2028 E TaskPersister: <intent action="android.intent.action.MAIN" component="com.android.chrome/org.chromium.chrome.browser.document.ChromeLauncherActivity" flags="30000000">
03-22 07:57:36.261  2013  2028 E TaskPersister: <categories category="android.intent.category.LAUNCHER" />
03-22 07:57:36.261  2013  2028 E TaskPersister: </intent>
03-22 07:57:36.261  2013  2028 E TaskPersister: </task>
03-22 07:57:36.261  2013  2028 E TaskPersister: 
03-22 07:57:36.289  2013  2028 E TaskPersister: Unable to parse /data/system_ce/0/recent_tasks/52_task.xml. Error 
03-22 07:57:36.289  2013  2028 E TaskPersister: java.lang.NullPointerException: Attempt to invoke virtual method 'android.content.res.Configuration com.android.server.am.ConfigurationContainer.getConfiguration()' on a null object reference
03-22 07:57:36.289  2013  2028 E TaskPersister: 	at com.android.server.am.TaskRecord.computeOverrideConfiguration(TaskRecord.java:2218)
03-22 07:57:36.289  2013  2028 E TaskPersister: 	at com.android.server.am.TaskRecord.updateOverrideConfiguration(TaskRecord.java:2196)
03-22 07:57:36.289  2013  2028 E TaskPersister: 	at com.android.server.am.TaskRecord.updateOverrideConfiguration(TaskRecord.java:2159)
03-22 07:57:36.289  2013  2028 E TaskPersister: 	at com.android.server.am.TaskRecord.restoreFromXml(TaskRecord.java:2081)
03-22 07:57:36.289  2013  2028 E TaskPersister: 	at com.android.server.am.TaskPersister.restoreTasksForUserLocked(TaskPersister.java:464)
03-22 07:57:36.289  2013  2028 E TaskPersister: 	at com.android.server.am.RecentTasks.loadUserRecentsLocked(RecentTasks.java:124)
03-22 07:57:36.289  2013  2028 E TaskPersister: 	at com.android.server.am.ActivityManagerService$MainHandler.handleMessage(ActivityManagerService.java:2215)
03-22 07:57:36.289  2013  2028 E TaskPersister: 	at android.os.Handler.dispatchMessage(Handler.java:106)
03-22 07:57:36.289  2013  2028 E TaskPersister: 	at android.os.Looper.loop(Looper.java:164)
03-22 07:57:36.289  2013  2028 E TaskPersister: 	at android.os.HandlerThread.run(HandlerThread.java:65)
03-22 07:57:36.289  2013  2028 E TaskPersister: 	at com.android.server.ServiceThread.run(ServiceThread.java:46)
03-22 07:57:36.290  2013  2028 E TaskPersister: Failing file: <?xml version='1.0' encoding='utf-8' standalone='yes' ?>
03-22 07:57:36.290  2013  2028 E TaskPersister: <task task_id="52" real_activity="cn.wps.moffice_eng/cn.wps.moffice.writer.multiactivity.Writer1" real_activity_suspended="false" affinity="cn.wps.moffice_eng.writer1" root_has_reset="false" auto_remove_recents="false" asked_compat_mode="false" user_id="0" user_setup_complete="true" effective_uid="10073" task_type="0" first_active_time="1553263590547" last_active_time="1553263595115" last_time_moved="1553263595257" never_relinquish_identity="true" task_description_color="fffc5538" task_description_colorBackground="fffafafa" task_thumbnailinfo_task_width="0" task_thumbnailinfo_task_height="0" task_thumbnailinfo_screen_orientation="0" task_affiliation_color="-240328" task_affiliation="52" prev_affiliation="-1" next_affiliation="-1" calling_uid="10073" calling_package="cn.wps.moffice_eng" resize_mode="2" supports_picture_in_picture="false" privileged="false" non_fullscreen_bounds="0 0 1680 994" min_width="-1" min_height="-1" persist_task_version="1">
03-22 07:57:36.290  2013  2028 E TaskPersister: <intent component="cn.wps.moffice_eng/cn.wps.moffice.writer.multiactivity.Writer1" flags="10000000" />
03-22 07:57:36.290  2013  2028 E TaskPersister: </task>
03-22 07:57:36.290  2013  2028 E TaskPersister: 
03-22 07:57:36.359  2013  2028 E TaskPersister: Unable to parse /data/system_ce/0/recent_tasks/34_task.xml. Error 
03-22 07:57:36.359  2013  2028 E TaskPersister: java.lang.NullPointerException: Attempt to invoke virtual method 'android.content.res.Configuration com.android.server.am.ConfigurationContainer.getConfiguration()' on a null object reference
03-22 07:57:36.359  2013  2028 E TaskPersister: 	at com.android.server.am.TaskRecord.computeOverrideConfiguration(TaskRecord.java:2218)
03-22 07:57:36.359  2013  2028 E TaskPersister: 	at com.android.server.am.TaskRecord.updateOverrideConfiguration(TaskRecord.java:2196)
03-22 07:57:36.359  2013  2028 E TaskPersister: 	at com.android.server.am.TaskRecord.updateOverrideConfiguration(TaskRecord.java:2159)
03-22 07:57:36.359  2013  2028 E TaskPersister: 	at com.android.server.am.TaskRecord.restoreFromXml(TaskRecord.java:2081)
03-22 07:57:36.359  2013  2028 E TaskPersister: 	at com.android.server.am.TaskPersister.restoreTasksForUserLocked(TaskPersister.java:464)
03-22 07:57:36.359  2013  2028 E TaskPersister: 	at com.android.server.am.RecentTasks.loadUserRecentsLocked(RecentTasks.java:124)
03-22 07:57:36.359  2013  2028 E TaskPersister: 	at com.android.server.am.ActivityManagerService$MainHandler.handleMessage(ActivityManagerService.java:2215)
03-22 07:57:36.359  2013  2028 E TaskPersister: 	at android.os.Handler.dispatchMessage(Handler.java:106)
03-22 07:57:36.359  2013  2028 E TaskPersister: 	at android.os.Looper.loop(Looper.java:164)
03-22 07:57:36.359  2013  2028 E TaskPersister: 	at android.os.HandlerThread.run(HandlerThread.java:65)
03-22 07:57:36.359  2013  2028 E TaskPersister: 	at com.android.server.ServiceThread.run(ServiceThread.java:46)
03-22 07:57:36.360  2013  2028 E TaskPersister: Failing file: <?xml version='1.0' encoding='utf-8' standalone='yes' ?>
03-22 07:57:36.360  2013  2028 E TaskPersister: <task task_id="34" real_activity="org.openthos.filemanager/.MainActivity" real_activity_suspended="false" affinity="org.openthos.filemanager" root_has_reset="false" auto_remove_recents="false" asked_compat_mode="false" user_id="0" user_setup_complete="true" effective_uid="10024" task_type="0" first_active_time="1553261400930" last_active_time="1553266331684" last_time_moved="1553266331680" never_relinquish_identity="true" task_description_color="ffe6e6e6" task_description_colorBackground="ffffffff" task_thumbnailinfo_task_width="0" task_thumbnailinfo_task_height="0" task_thumbnailinfo_screen_orientation="0" task_affiliation_color="-1644826" task_affiliation="34" prev_affiliation="-1" next_affiliation="-1" calling_uid="10033" calling_package="com.android.systemui" resize_mode="1" supports_picture_in_picture="false" privileged="true" non_fullscreen_bounds="0 0 1680 994" min_width="-1" min_height="-1" persist_task_version="1">
03-22 07:57:36.360  2013  2028 E TaskPersister: <intent action="android.intent.action.MAIN" component="org.openthos.filemanager/.MainActivity" flags="30000000">
03-22 07:57:36.360  2013  2028 E TaskPersister: <categories category="android.intent.category.LAUNCHER" />
03-22 07:57:36.360  2013  2028 E TaskPersister: </intent>
03-22 07:57:36.360  2013  2028 E TaskPersister: </task>
03-22 07:57:36.360  2013  2028 E TaskPersister: 
03-22 07:57:36.384  2013  2028 E TaskPersister: Unable to parse /data/system_ce/0/recent_tasks/54_task.xml. Error 
03-22 07:57:36.384  2013  2028 E TaskPersister: java.lang.NullPointerException: Attempt to invoke virtual method 'android.content.res.Configuration com.android.server.am.ConfigurationContainer.getConfiguration()' on a null object reference
03-22 07:57:36.384  2013  2028 E TaskPersister: 	at com.android.server.am.TaskRecord.computeOverrideConfiguration(TaskRecord.java:2218)
03-22 07:57:36.384  2013  2028 E TaskPersister: 	at com.android.server.am.TaskRecord.updateOverrideConfiguration(TaskRecord.java:2196)
03-22 07:57:36.384  2013  2028 E TaskPersister: 	at com.android.server.am.TaskRecord.updateOverrideConfiguration(TaskRecord.java:2159)
03-22 07:57:36.384  2013  2028 E TaskPersister: 	at com.android.server.am.TaskRecord.restoreFromXml(TaskRecord.java:2081)
03-22 07:57:36.384  2013  2028 E TaskPersister: 	at com.android.server.am.TaskPersister.restoreTasksForUserLocked(TaskPersister.java:464)
03-22 07:57:36.384  2013  2028 E TaskPersister: 	at com.android.server.am.RecentTasks.loadUserRecentsLocked(RecentTasks.java:124)
03-22 07:57:36.384  2013  2028 E TaskPersister: 	at com.android.server.am.ActivityManagerService$MainHandler.handleMessage(ActivityManagerService.java:2215)
03-22 07:57:36.384  2013  2028 E TaskPersister: 	at android.os.Handler.dispatchMessage(Handler.java:106)
03-22 07:57:36.384  2013  2028 E TaskPersister: 	at android.os.Looper.loop(Looper.java:164)
03-22 07:57:36.384  2013  2028 E TaskPersister: 	at android.os.HandlerThread.run(HandlerThread.java:65)
03-22 07:57:36.384  2013  2028 E TaskPersister: 	at com.android.server.ServiceThread.run(ServiceThread.java:46)
03-22 07:57:36.385  2013  2028 E TaskPersister: Failing file: <?xml version='1.0' encoding='utf-8' standalone='yes' ?>
03-22 07:57:36.385  2013  2028 E TaskPersister: <task task_id="54" real_activity="com.tencent.mm/.ui.LauncherUI" real_activity_suspended="false" affinity="com.tencent.mm" root_has_reset="false" auto_remove_recents="false" asked_compat_mode="false" user_id="0" user_setup_complete="true" effective_uid="10079" task_type="0" first_active_time="1553264758622" last_active_time="1553264758623" last_time_moved="1553264758623" never_relinquish_identity="true" task_description_color="ff212121" task_description_colorBackground="fffafafa" task_thumbnailinfo_task_width="0" task_thumbnailinfo_task_height="0" task_thumbnailinfo_screen_orientation="0" task_affiliation_color="-14606047" task_affiliation="54" prev_affiliation="-1" next_affiliation="-1" calling_uid="10033" calling_package="com.android.systemui" resize_mode="4" supports_picture_in_picture="false" privileged="false" non_fullscreen_bounds="525 310 1365 807" min_width="-1" min_height="-1" persist_task_version="1">
03-22 07:57:36.385  2013  2028 E TaskPersister: <intent action="android.intent.action.MAIN" component="com.tencent.mm/.ui.LauncherUI" flags="30000000">
03-22 07:57:36.385  2013  2028 E TaskPersister: <categories category="android.intent.category.LAUNCHER" />
03-22 07:57:36.385  2013  2028 E TaskPersister: </intent>
03-22 07:57:36.385  2013  2028 E TaskPersister: </task>
03-22 07:57:36.385  2013  2028 E TaskPersister: 
03-22 07:57:36.476  2013  2028 E TaskPersister: Unable to parse /data/system_ce/0/recent_tasks/43_task.xml. Error 
03-22 07:57:36.476  2013  2028 E TaskPersister: java.lang.NullPointerException: Attempt to invoke virtual method 'android.content.res.Configuration com.android.server.am.ConfigurationContainer.getConfiguration()' on a null object reference
03-22 07:57:36.476  2013  2028 E TaskPersister: 	at com.android.server.am.TaskRecord.computeOverrideConfiguration(TaskRecord.java:2218)
03-22 07:57:36.476  2013  2028 E TaskPersister: 	at com.android.server.am.TaskRecord.updateOverrideConfiguration(TaskRecord.java:2196)
03-22 07:57:36.476  2013  2028 E TaskPersister: 	at com.android.server.am.TaskRecord.updateOverrideConfiguration(TaskRecord.java:2159)
03-22 07:57:36.476  2013  2028 E TaskPersister: 	at com.android.server.am.TaskRecord.restoreFromXml(TaskRecord.java:2081)
03-22 07:57:36.476  2013  2028 E TaskPersister: 	at com.android.server.am.TaskPersister.restoreTasksForUserLocked(TaskPersister.java:464)
03-22 07:57:36.476  2013  2028 E TaskPersister: 	at com.android.server.am.RecentTasks.loadUserRecentsLocked(RecentTasks.java:124)
03-22 07:57:36.476  2013  2028 E TaskPersister: 	at com.android.server.am.ActivityManagerService$MainHandler.handleMessage(ActivityManagerService.java:2215)
03-22 07:57:36.476  2013  2028 E TaskPersister: 	at android.os.Handler.dispatchMessage(Handler.java:106)
03-22 07:57:36.476  2013  2028 E TaskPersister: 	at android.os.Looper.loop(Looper.java:164)
03-22 07:57:36.476  2013  2028 E TaskPersister: 	at android.os.HandlerThread.run(HandlerThread.java:65)
03-22 07:57:36.476  2013  2028 E TaskPersister: 	at com.android.server.ServiceThread.run(ServiceThread.java:46)
03-22 07:57:36.476  2013  2028 E TaskPersister: Failing file: <?xml version='1.0' encoding='utf-8' standalone='yes' ?>
03-22 07:57:36.476  2013  2028 E TaskPersister: <task task_id="43" real_activity="cn.wps.moffice_eng/cn.wps.moffice.presentation.multiactivity.Presentation1" real_activity_suspended="false" affinity="cn.wps.moffice_eng.presentation1" root_has_reset="false" auto_remove_recents="false" asked_compat_mode="false" user_id="0" user_setup_complete="true" effective_uid="10073" task_type="0" first_active_time="1553263333199" last_active_time="1553263370752" last_time_moved="1553263371377" never_relinquish_identity="true" task_description_color="fffc5538" task_description_colorBackground="fffafafa" task_thumbnailinfo_task_width="0" task_thumbnailinfo_task_height="0" task_thumbnailinfo_screen_orientation="0" task_affiliation_color="-240328" task_affiliation="43" prev_affiliation="-1" next_affiliation="-1" calling_uid="10073" calling_package="cn.wps.moffice_eng" resize_mode="2" supports_picture_in_picture="false" privileged="false" non_fullscreen_bounds="420 247 1260 744" min_width="-1" min_height="-1" persist_task_version="1">
03-22 07:57:36.476  2013  2028 E TaskPersister: <intent component="cn.wps.moffice_eng/cn.wps.moffice.presentation.multiactivity.Presentation1" flags="10000000" />
03-22 07:57:36.476  2013  2028 E TaskPersister: </task>
03-22 07:57:36.476  2013  2028 E TaskPersister: 
03-22 07:57:36.509  2013  2028 E TaskPersister: Unable to parse /data/system_ce/0/recent_tasks/6_task.xml. Error 
03-22 07:57:36.509  2013  2028 E TaskPersister: java.lang.NullPointerException: Attempt to invoke virtual method 'android.content.res.Configuration com.android.server.am.ConfigurationContainer.getConfiguration()' on a null object reference
03-22 07:57:36.509  2013  2028 E TaskPersister: 	at com.android.server.am.TaskRecord.computeOverrideConfiguration(TaskRecord.java:2218)
03-22 07:57:36.509  2013  2028 E TaskPersister: 	at com.android.server.am.TaskRecord.updateOverrideConfiguration(TaskRecord.java:2196)
03-22 07:57:36.509  2013  2028 E TaskPersister: 	at com.android.server.am.TaskRecord.updateOverrideConfiguration(TaskRecord.java:2159)
03-22 07:57:36.509  2013  2028 E TaskPersister: 	at com.android.server.am.TaskRecord.restoreFromXml(TaskRecord.java:2081)
03-22 07:57:36.509  2013  2028 E TaskPersister: 	at com.android.server.am.TaskPersister.restoreTasksForUserLocked(TaskPersister.java:464)
03-22 07:57:36.509  2013  2028 E TaskPersister: 	at com.android.server.am.RecentTasks.loadUserRecentsLocked(RecentTasks.java:124)
03-22 07:57:36.509  2013  2028 E TaskPersister: 	at com.android.server.am.ActivityManagerService$MainHandler.handleMessage(ActivityManagerService.java:2215)
03-22 07:57:36.509  2013  2028 E TaskPersister: 	at android.os.Handler.dispatchMessage(Handler.java:106)
03-22 07:57:36.509  2013  2028 E TaskPersister: 	at android.os.Looper.loop(Looper.java:164)
03-22 07:57:36.509  2013  2028 E TaskPersister: 	at android.os.HandlerThread.run(HandlerThread.java:65)
03-22 07:57:36.509  2013  2028 E TaskPersister: 	at com.android.server.ServiceThread.run(ServiceThread.java:46)
03-22 07:57:36.509  2013  2028 E TaskPersister: Failing file: <?xml version='1.0' encoding='utf-8' standalone='yes' ?>
03-22 07:57:36.509  2013  2028 E TaskPersister: <task task_id="6" real_activity="cn.wps.moffice_eng/cn.wps.moffice.main.StartPublicActivity" real_activity_suspended="false" affinity="cn.wps.moffice_eng.lancher" root_has_reset="false" auto_remove_recents="false" asked_compat_mode="false" user_id="0" user_setup_complete="true" effective_uid="10073" task_type="0" first_active_time="1553252450318" last_active_time="1553263658104" last_time_moved="1553263658100" never_relinquish_identity="true" task_description_color="fffc5538" task_description_colorBackground="fffafafa" task_thumbnailinfo_task_width="0" task_thumbnailinfo_task_height="0" task_thumbnailinfo_screen_orientation="0" task_affiliation_color="-240328" task_affiliation="6" prev_affiliation="-1" next_affiliation="-1" calling_uid="10073" calling_package="cn.wps.moffice_eng" resize_mode="2" supports_picture_in_picture="false" privileged="false" non_fullscreen_bounds="0 0 1680 994" min_width="-1" min_height="-1" persist_task_version="1">
03-22 07:57:36.509  2013  2028 E TaskPersister: <intent action="android.intent.action.MAIN" component="cn.wps.moffice_eng/cn.wps.moffice.main.StartPublicActivity" flags="10000000">
03-22 07:57:36.509  2013  2028 E TaskPersister: <categories category="android.intent.category.LAUNCHER" />
03-22 07:57:36.509  2013  2028 E TaskPersister: </intent>
03-22 07:57:36.509  2013  2028 E TaskPersister: </task>
03-22 07:57:36.509  2013  2028 E TaskPersister: 
03-22 07:57:36.520  2013  2028 I ActivityManager: Start proc 2622:org.android_x86.analytics/u0a2 for added application org.android_x86.analytics
03-22 07:57:36.521  2013  2028 I ActivityManager: User 0 state changed from RUNNING_UNLOCKING to RUNNING_UNLOCKED
03-22 07:57:36.521  2013  2028 I ActivityManager: Sending BOOT_COMPLETE user #0
03-22 07:57:36.536  2013  2027 I ActivityManager: Start proc 2633:com.android.printspooler/u0a67 for service com.android.printspooler/.model.PrintSpoolerService
03-22 07:57:37.049  2013  2024 I ActivityManager: START u0 {act=android.intent.action.MAIN cat=[android.intent.category.HOME] flg=0x10000100 cmp=com.android.launcher3/org.openthos.launcher.activity.MainActivity} from uid 0
03-22 07:57:37.282  2013  2024 I ActivityManager: Start proc 2657:com.android.launcher3/u0a66 for activity com.android.launcher3/org.openthos.launcher.activity.MainActivity
03-22 07:57:37.644  2013  2027 I ActivityManager: Start proc 2678:com.google.android.gms.persistent/u0a13 for service com.google.android.gms/com.google.android.location.network.NetworkLocationService
03-22 07:57:37.764  2013  2434 D AutofillManagerServiceImpl: Reset component for user 0
03-22 07:57:38.046  2013  2024 I ActivityManager: Start proc 2714:com.google.process.gservices/u0a13 for content provider com.google.android.gsf/.gservices.GservicesProvider
03-22 07:57:38.484  2013  2297 I ActivityManager: Start proc 2734:com.google.android.googlequicksearchbox:search/u0a37 for service com.google.android.googlequicksearchbox/com.google.android.hotword.service.HotwordService
03-22 07:57:39.859  2013  2504 I BackupManagerService: Found stale backup journal, scheduling
03-22 07:57:41.377  2013  2024 I ActivityManager: Start proc 2803:android.process.media/u0a11 for broadcast com.android.providers.downloads/.DownloadReceiver
03-22 07:57:41.390  2013  2025 I ActivityManager: Start proc 2816:com.google.android.gms/u0a13 for service com.google.android.gms/.cast.media.CastMediaRouteProviderService
03-22 07:57:42.589  2606  2606 W KeyphraseEnrollmentInfo: No enrollment application supports the given keyphrase/locale: 'Ok Google'/cmn_CN_#Hans
03-22 07:57:42.610  2013  2434 I ActivityManager: Start proc 2861:com.tencent.mm/u0a79 for broadcast com.tencent.mm/.booter.MountReceiver
03-22 07:57:42.874  2013  2025 I ActivityManager: Start proc 2901:com.google.android.partnersetup/u0a19 for content provider com.google.android.partnersetup/.RlzAppProvider
03-22 07:57:45.919  2013  2434 I ActivityManager: Start proc 2935:com.google.process.gapps/u0a13 for content provider com.google.android.gsf/.settings.GoogleSettingsProvider
03-22 07:57:47.637  2013  2025 I ActivityManager: Start proc 2984:com.google.android.gms.unstable/u0a13 for service com.google.android.gms/.droidguard.DroidGuardService
03-22 07:57:47.814  2013  2090 D ConnectivityService: NetworkAgentInfo [Ethernet () - 100] validation failed
03-22 07:57:47.897  2013  2297 E WindowManager: Unknown window type: 2039
03-22 07:57:47.897  2013  2297 I chatty  : uid=1000(system) Binder:2013_5 identical 1 line
03-22 07:57:47.898  2013  2297 E WindowManager: Unknown window type: 2039
03-22 07:57:47.918  2013  2067 E WindowManager: Unknown window type: 2039
03-22 07:57:47.920  2013  2067 E WindowManager: Unknown window type: 2039
03-22 07:57:47.960  2013  2063 E WindowManager: Unknown window type: 2039
03-22 07:57:47.965  2013  2063 I chatty  : uid=1000(system) android.anim identical 1 line
03-22 07:57:48.082  2013  2063 E WindowManager: Unknown window type: 2039
03-22 07:57:48.883  2861  2861 E ActivityThread: Failed to find provider info for com.tencent.mm.coolassist.debugprovider
03-22 07:57:52.468  2861  2861 E SchedPolicy: set_timerslack_ns write failed: Operation not permitted
03-22 07:57:57.917  2013  2297 I ActivityManager: Start proc 3105:com.tencent.mobileqq:MSF/u0a76 for broadcast com.tencent.mobileqq/.msf.core.NetConnInfoCenter
03-22 07:57:58.359  2013  2297 I ActivityManager: Start proc 3124:com.tencent.mobileqq/u0a76 for content provider com.tencent.mobileqq/com.tencent.mqq.shared_file_accessor.ContentProviderImpl
03-22 07:57:59.056  2121  2121 D ViewRootImpl[OpenthosStatusBar]: updatePointerIcon called with position out of bounds
03-22 07:57:59.056  2121  2121 D ViewRootImpl[StatusBar]: updatePointerIcon called with position out of bounds
03-22 07:57:59.298  2013  2297 I ActivityManager: START u0 {act=android.intent.action.MAIN cat=[android.intent.category.LAUNCHER] flg=0x30000000 cmp=com.microsoft.office.excel/com.microsoft.office.apphost.LaunchActivity} from uid 10033
03-22 07:57:59.311  2013  2297 E ActivityManager: applyOptionsLocked: Unknown animationType=0
03-22 07:57:59.316  2013  2297 I ActivityManager: Start proc 3171:com.microsoft.office.excel/u0a77 for activity com.microsoft.office.excel/com.microsoft.office.apphost.LaunchActivity
03-22 07:57:59.317  2013  2297 E WindowManager: Unknown window type: 2039
03-22 07:57:59.323  2013  2297 I chatty  : uid=1000(system) Binder:2013_5 identical 1 line
03-22 07:57:59.331  2013  2297 E WindowManager: Unknown window type: 2039
03-22 07:57:59.333  2013  2308 E WindowManager: Unknown window type: 2039
03-22 07:57:59.417  2013  2063 E WindowManager: Unknown window type: 2039
03-22 07:57:59.450  2013  2063 I chatty  : uid=1000(system) android.anim identical 4 lines
03-22 07:57:59.532  2013  2063 E WindowManager: Unknown window type: 2039
03-22 07:58:02.065  2013  2308 W ActivityManager: Unable to start service Intent { cmp=com.tencent.mobileqq/.qipc.QIPCService } U=0: not found
03-22 07:58:02.590  2013  2028 I ActivityManager: Waited long enough for: ServiceRecord{66fadf4 u0 com.google.android.gms/.chimera.GmsIntentOperationService}
03-22 07:58:03.860  2013  2013 I ActivityManager: Start proc 3282:com.android.dialer/u0a14 for broadcast com.android.dialer/.app.calllog.CallLogReceiver
03-22 07:58:04.264  2013  3281 I BootReceiver: Copying audit failures to DropBox
03-22 07:58:04.264  2013  3281 I BootReceiver: Checking for fsck errors
03-22 07:58:05.511  2013  2308 I ActivityManager: Start proc 3314:com.android.calendar/u0a52 for broadcast com.android.calendar/.alerts.AlertReceiver
03-22 07:58:06.906  2013  2308 I ActivityManager: Start proc 3344:com.android.cellbroadcastreceiver/u0a9 for broadcast com.android.cellbroadcastreceiver/.CellBroadcastReceiver
03-22 07:58:06.977  2013  2024 I ActivityManager: Start proc 3359:com.android.providers.calendar/u0a4 for content provider com.android.providers.calendar/.CalendarProvider2
03-22 07:58:07.409  2013  2756 I ActivityManager: Start proc 3379:com.android.contacts/u0a6 for broadcast com.android.contacts/.interactions.OnBootOrUpgradeReceiver
03-22 07:58:07.602  2013  2756 W ShortcutService: Clock rewound
03-22 07:58:08.522  2013  2024 I ActivityManager: Start proc 3404:com.android.managedprovisioning/u0a21 for broadcast com.android.managedprovisioning/.preprovisioning.BootReminder
03-22 07:58:08.818  2013  2024 I ActivityManager: Start proc 3421:com.android.vending/u0a28 for broadcast com.android.vending/com.google.android.finsky.boothandler.BootCompletedReceiver
03-22 07:58:09.846  2013  2090 D ConnectivityService: NetworkAgentInfo [Ethernet () - 100] validation failed
03-22 07:58:13.727  2013  2024 I ActivityManager: Start proc 3476:com.google.android.gm/u0a60 for broadcast com.google.android.gm/.GoogleMailDeviceStartupReceiver
03-22 07:58:14.034  2013  2028 I ActivityManager: Waited long enough for: ServiceRecord{ea30029 u0 com.tencent.mobileqq/.msf.service.MsfService}
03-22 07:58:15.435  3476  3499 D ActivityThread: Loading provider com.google.android.gmail.provider;com.android.mail.notifier;com.google.android.gm.email.provider;com.google.android.gm.tasks.provider;com.google.android.gm.email.notifier: com.android.email.provider.EmailProvider
03-22 07:58:16.760  2013  2025 W ActivityManager: Unable to start service Intent { cmp=com.google.android.gm.exchange/com.android.exchange.service.EasService } U=0: not found
03-22 07:58:17.681  2013  2025 W ActivityManager: Unable to start service Intent { cmp=com.google.android.gm/com.android.email.service.AttachmentService } U=0: not found
03-22 07:58:17.773  2013  2024 W ActivityManager: Unable to start service Intent { cmp=com.google.android.gm.exchange/com.android.exchange.service.EasService } U=0: not found
03-22 07:58:18.006  2013  2297 V PackageManager: [27742fb5-a7be-46ab-a5ce-cccace08a9fc] Binding to instant app resolver
03-22 07:58:18.323  2013  2297 I ActivityManager: Start proc 3537:com.android.chrome/u0a48 for service com.android.chrome/org.chromium.chrome.browser.customtabs.CustomTabsConnectionService
03-22 07:58:18.339  2013  2297 I ActivityManager: Start proc 3552:com.google.android.onetimeinitializer/u0a18 for broadcast com.google.android.onetimeinitializer/.OneTimeInitializerReceiver
03-22 07:58:18.776  2013  2024 I ActivityManager: Start proc 3576:com.google.android.packageinstaller/u0a20 for broadcast com.google.android.packageinstaller/com.android.packageinstaller.TemporaryFileManager
03-22 07:58:19.859  2013  3529 I ActivityManager: Killing 2384:com.google.android.ext.services/u0a17 (adj 906): empty #17
03-22 07:58:21.462  2013  2013 D PackageManager: Connected to instant app resolver
03-22 07:58:21.557  2013  3529 W ActivityManager: Unable to start service Intent { act=com.google.android.gms.analytics.service.START cmp=com.google.android.gms/.analytics.service.AnalyticsService (has extras) } U=0: not found
03-22 07:58:21.966  2013  2028 I ActivityManager: Waited long enough for: ServiceRecord{99f5b2a u0 com.android.calendar/.alerts.InitAlarmsService}
03-22 07:58:22.486  2013  3529 I ActivityManager: Start proc 3681:com.google.android.gms.ui/u0a13 for service com.google.android.gms/.chimera.UiIntentOperationService
03-22 07:58:23.254  2013  2025 I ActivityManager: Killing 2488:android.process.acore/u0a3 (adj 906): empty #17
03-22 07:58:23.395  2013  2756 I ActivityManager: Start proc 3740:android.process.acore/u0a3 for content provider com.android.providers.contacts/.ContactsProvider2
03-22 07:58:24.579  2013  2434 I ActivityManager: Start proc 3784:com.google.process.gapps/u0a56 for broadcast com.google.android.syncadapters.contacts/.ContactsSyncAdapterBroadcastReceiver
03-22 07:58:24.579  2013  3773 I ActivityManager: Killing 2588:com.google.android.youtube/u0a72 (adj 906): empty #17
03-22 07:58:24.735  2013  2756 I ActivityManager: Start proc 3818:com.google.android.youtube/u0a72 for broadcast com.google.android.youtube/com.google.android.libraries.youtube.mdx.background.MdxBackgroundScanBootReceiver
03-22 07:58:24.905  2013  2434 I ActivityManager: Killing 2519:com.android.keychain/1000 (adj 906): empty #17
03-22 07:58:24.917  2013  2067 I ActivityManager: Start proc 3902:org.openthos.filemanager/u0a24 for broadcast org.openthos.filemanager/.system.BootCompleteReceiver
03-22 07:58:25.086  2013  2067 I ActivityManager: Start proc 3938:com.microsoft.office.outlook/u0a78 for service com.microsoft.office.outlook/com.microsoft.tokenshare.TokenSharingService
03-22 07:58:25.098  2013  2434 I ActivityManager: Start proc 3952:com.microsoft.office.powerpoint/u0a77 for service com.microsoft.office.powerpoint/com.microsoft.tokenshare.TokenSharingService
03-22 07:58:25.303  2013  2308 I ActivityManager: Killing 2418:com.android.settings/1000 (adj 906): empty #17
03-22 07:58:25.309  2013  2036 W ActivityManager: setHasOverlayUi called on unknown pid: 2418
03-22 07:58:26.597  2013  3990 W ActivityManager: Unable to start service Intent { act=com.google.android.gms.analytics.service.START cmp=com.google.android.gms/.analytics.service.AnalyticsService (has extras) } U=0: not found
03-22 07:58:26.736  3171  3205 W ActivityThread: ClassLoader.getResources: The class loader returned by Thread.getContextClassLoader() may fail for processes that host multiple applications. You should explicitly specify a context class loader. For example: Thread.setContextClassLoader(getClass().getClassLoader());
03-22 07:58:27.417  2013  2281 I ActivityManager: Start proc 4129:org.openthos.seafile/u0a23 for broadcast org.openthos.seafile/.BootCompleteReceiver
03-22 07:58:27.418  2013  2281 I ActivityManager: Killing 2633:com.android.printspooler/u0a67 (adj 906): empty #17
03-22 07:58:27.570  2013  3799 W ActivityManager: Background start not allowed: service Intent { cmp=org.openthos.seafile/.SeafileService } to org.openthos.seafile/.SeafileService from pid=4129 uid=10023 pkg=org.openthos.seafile
--------- beginning of crash
03-22 07:58:27.570  4129  4129 E AndroidRuntime: FATAL EXCEPTION: main
03-22 07:58:27.570  4129  4129 E AndroidRuntime: Process: org.openthos.seafile, PID: 4129
03-22 07:58:27.570  4129  4129 E AndroidRuntime: java.lang.RuntimeException: Unable to start receiver org.openthos.seafile.BootCompleteReceiver: java.lang.IllegalStateException: Not allowed to start service Intent { cmp=org.openthos.seafile/.SeafileService }: app is in background uid UidRecord{d1ef279 u0a23 RCVR idle change:uncached procs:1 seq(0,0,0)}
03-22 07:58:27.570  4129  4129 E AndroidRuntime: 	at android.app.ActivityThread.handleReceiver(ActivityThread.java:3194)
03-22 07:58:27.570  4129  4129 E AndroidRuntime: 	at android.app.ActivityThread.-wrap17(Unknown Source:0)
03-22 07:58:27.570  4129  4129 E AndroidRuntime: 	at android.app.ActivityThread$H.handleMessage(ActivityThread.java:1672)
03-22 07:58:27.570  4129  4129 E AndroidRuntime: 	at android.os.Handler.dispatchMessage(Handler.java:106)
03-22 07:58:27.570  4129  4129 E AndroidRuntime: 	at android.os.Looper.loop(Looper.java:164)
03-22 07:58:27.570  4129  4129 E AndroidRuntime: 	at android.app.ActivityThread.main(ActivityThread.java:6494)
03-22 07:58:27.570  4129  4129 E AndroidRuntime: 	at java.lang.reflect.Method.invoke(Native Method)
03-22 07:58:27.570  4129  4129 E AndroidRuntime: 	at com.android.internal.os.RuntimeInit$MethodAndArgsCaller.run(RuntimeInit.java:463)
03-22 07:58:27.570  4129  4129 E AndroidRuntime: 	at com.android.internal.os.ZygoteInit.main(ZygoteInit.java:807)
03-22 07:58:27.570  4129  4129 E AndroidRuntime: Caused by: java.lang.IllegalStateException: Not allowed to start service Intent { cmp=org.openthos.seafile/.SeafileService }: app is in background uid UidRecord{d1ef279 u0a23 RCVR idle change:uncached procs:1 seq(0,0,0)}
03-22 07:58:27.570  4129  4129 E AndroidRuntime: 	at android.app.ContextImpl.startServiceCommon(ContextImpl.java:1521)
03-22 07:58:27.570  4129  4129 E AndroidRuntime: 	at android.app.ContextImpl.startService(ContextImpl.java:1477)
03-22 07:58:27.570  4129  4129 E AndroidRuntime: 	at android.content.ContextWrapper.startService(ContextWrapper.java:650)
03-22 07:58:27.570  4129  4129 E AndroidRuntime: 	at android.content.ContextWrapper.startService(ContextWrapper.java:650)
03-22 07:58:27.570  4129  4129 E AndroidRuntime: 	at org.openthos.seafile.BootCompleteReceiver.onReceive(BootCompleteReceiver.java:14)
03-22 07:58:27.570  4129  4129 E AndroidRuntime: 	at android.app.ActivityThread.handleReceiver(ActivityThread.java:3187)
03-22 07:58:27.570  4129  4129 E AndroidRuntime: 	... 8 more
03-22 07:58:27.571  2013  3799 W BroadcastQueue: Permission Denial: receiving Intent { act=android.intent.action.BOOT_COMPLETED flg=0x9000010 (has extras) } to cn.wps.moffice_eng/com.igexin.sdk.PushReceiver requires android.permission.RECEIVE_BOOT_COMPLETED due to sender null (uid 1000)
03-22 07:58:27.581  2013  2028 I ActivityManager: Start proc 4174:com.microsoft.office.word/u0a77 for broadcast com.microsoft.office.word/com.microsoft.office.notification.SystemBroadcastReceiver
03-22 07:58:27.581  2013  3799 I ActivityManager: Killing 2861:com.tencent.mm/u0a79 (adj 906): empty #17
03-22 07:58:27.623  2013  2029 I ActivityManager: Showing crash dialog for package org.openthos.seafile u0
03-22 07:58:27.880  2013  2029 W Looper  : Dispatch took 296ms on android.ui, h=Handler (com.android.server.am.ActivityManagerService$UiHandler) {d5d17cc} cb=null msg=1
03-22 07:58:28.010  2013  2029 W Looper  : Dispatch took 109ms on android.ui, h=Handler (android.view.Choreographer$FrameHandler) {5ebcb1b} cb=android.view.Choreographer$FrameDisplayEventReceiver@f29e4b8 msg=0
03-22 07:58:28.261  2013  4194 I ActivityManager: Killing 3124:com.tencent.mobileqq/u0a76 (adj 906): empty #17
03-22 07:58:29.346  2013  4194 I ActivityManager: Start proc 4277:com.microsoft.office.BootBroadCastReceiver/u0a77 for broadcast com.microsoft.office.word/com.microsoft.office.preinstallservice.BootBroadCastReceiver
03-22 07:58:29.347  2013  3656 I ActivityManager: Killing 3344:com.android.cellbroadcastreceiver/u0a9 (adj 906): empty #17
03-22 07:58:29.376  2013  2281 I ActivityManager: Start proc 4296:com.tencent.mm:exdevice/u0a79 for broadcast com.tencent.mm/.booter.MMReceivers$ExdeviceProcessReceiver
03-22 07:58:29.377  2013  3656 I ActivityManager: Killing 3379:com.android.contacts/u0a6 (adj 906): empty #17
03-22 07:58:29.402  4296  4296 E ActivityThread: Failed to find provider info for com.tencent.mm.coolassist.debugprovider
03-22 07:58:29.758  2013  3656 I ActivityManager: Start proc 4343:com.tencent.mm:push/u0a79 for broadcast com.tencent.mm/.booter.MMReceivers$BootReceiver
03-22 07:58:29.759  2013  3656 I ActivityManager: Killing 2472:com.android.deskclock/u0a49 (adj 906): empty #17
03-22 07:58:29.895  2013  2281 I ActivityManager: Killing 3282:com.android.dialer/u0a14 (adj 906): empty #17
