03-22 07:57:01.927  2013  2013 I SystemServer: MakePackageManagerServiceReady
03-22 07:57:01.937  2013  2013 V UserDataPreparer: Found /data/user_de/0 with serial number 0
03-22 07:57:01.937  2013  2013 V UserDataPreparer: Found /data/user/0 with serial number 0
03-22 07:57:01.937  2013  2013 V UserDataPreparer: Found /data/system_de/0 with serial number 0
03-22 07:57:01.937  2013  2013 V UserDataPreparer: Found /data/system_ce/0 with serial number 0
03-22 07:57:01.937  2013  2013 V UserDataPreparer: Found /data/misc_ce/0 with serial number 0
03-22 07:57:01.937  2013  2013 D SystemServerTiming: MakePackageManagerServiceReady took to complete: 10ms
03-22 07:57:01.937  2013  2013 I SystemServer: MakeDisplayManagerServiceReady
03-22 07:57:01.937  2013  2013 D SystemServerTiming: MakeDisplayManagerServiceReady took to complete: 0ms
03-22 07:57:01.937  2013  2013 I ActivityManager: System now ready
03-22 07:57:01.938  2013  2013 I ActivityManager: Config changes=100 {1.0 ?mcc?mnc [zh_CN_#Hans] ldltr sw1050dp w1680dp h994dp 160dpi xlrg land -touch qwerty/v/v -nav/h appBounds=Rect(0, 0 - 1680, 994) s.6}
03-22 07:57:01.939  2013  2013 I ActivityManager: Override config changes=100 {1.0 ?mcc?mnc [zh_CN_#Hans] ldltr sw1050dp w1680dp h994dp 160dpi xlrg land -touch qwerty/v/v -nav/h appBounds=Rect(0, 0 - 1680, 994) s.6} for displayId=0
03-22 07:57:01.939  2013  2036 I ActivityManager: Config changes=100 {1.0 ?mcc?mnc [zh_CN_#Hans] ldltr sw1050dp w1680dp h994dp 160dpi xlrg land -touch qwerty/v/v -nav/h appBounds=Rect(0, 0 - 1680, 994) s.7}
03-22 07:57:01.940  2013  2036 I ActivityManager: Override config changes=100 {1.0 ?mcc?mnc [zh_CN_#Hans] ldltr sw1050dp w1680dp h994dp 160dpi xlrg land -touch qwerty/v/v -nav/h appBounds=Rect(0, 0 - 1680, 994) s.7} for displayId=0
03-22 07:57:01.941  2013  2013 I SystemServer: Making services ready
03-22 07:57:01.941  2013  2013 I SystemServer: StartActivityManagerReadyPhase
03-22 07:57:01.941  2013  2013 I SystemServiceManager: Starting phase 550
03-22 07:57:01.942  2013  2013 W ActivityManager: Unable to start service Intent { act=com.android.ITelecomService cmp=com.android.server.telecom/.components.TelecomService } U=0: not found
03-22 07:57:02.018  1924  1924 E wificond: Failed to get wiphy index
03-22 07:57:02.393  1924  1924 I chatty  : uid=1010(wifi) /system/bin/wificond identical 2 lines
03-22 07:57:02.395  1924  1924 E wificond: Failed to get wiphy index
03-22 07:57:02.397  2013  2013 W SystemServiceManager: Service com.android.server.content.ContentService$Lifecycle took 454 ms in onBootPhase
03-22 07:57:02.397  2013  2013 D BluetoothManagerService: Bluetooth boot completed
03-22 07:57:02.397  2013  2013 D BluetoothManagerService: Getting adapter name and address
03-22 07:57:02.397  2013  2035 D BluetoothManagerService: MESSAGE_GET_NAME_AND_ADDRESS
03-22 07:57:02.397  2013  2035 D BluetoothManagerService: Binding to service to get name and address
03-22 07:57:02.397  2013  2035 E BluetoothManagerService: Fail to bind to: Intent { act=android.bluetooth.IBluetooth }
03-22 07:57:02.470  2013  2013 I ActivityManager: Start proc 2116:com.android.inputmethod.latin/u0a62 for service com.android.inputmethod.latin/.LatinIME
03-22 07:57:02.471  2013  2013 W SystemServiceManager: Service com.android.server.InputMethodManagerService$Lifecycle took 73 ms in onBootPhase
03-22 07:57:02.471  2013  2077 D StorageManagerService: Thinking about init, mSystemReady=true, mDaemonConnected=true
03-22 07:57:02.471  2013  2077 D StorageManagerService: Setting up emulation state, initlocked=false
03-22 07:57:02.472  2013  2077 D CryptdConnector: SND -> {2 cryptfs unlock_user_key 0 0 ! !}
03-22 07:57:02.472  2013  2013 W WallpaperManagerService: Invalid wallpaper data
03-22 07:57:02.472  2013  2013 E WallpaperManagerService: Unable to apply new wallpaper
03-22 07:57:02.472  2013  2013 V WallpaperManagerService: bindWallpaperComponentLocked: componentName=null
03-22 07:57:02.472  2013  2013 V WallpaperManagerService: No default component; using image wallpaper
03-22 07:57:02.472  1868  1871 D vold    : e4crypt_unlock_user_key 0 serial=0 token_present=0
03-22 07:57:02.472  2013  2079 D CryptdConnector: RCV <- {200 2 Command succeeded}
03-22 07:57:02.472  2013  2077 D StorageManagerService: Thinking about reset, mSystemReady=true, mDaemonConnected=true
03-22 07:57:02.473  2013  2077 D VoldConnector: SND -> {3 volume reset}
03-22 07:57:02.473  2013  2078 D VoldConnector: RCV <- {651 emulated 7}
03-22 07:57:02.473  2013  2078 D VoldConnector: RCV <- {659 emulated}
03-22 07:57:02.474  2013  2078 D VoldConnector: RCV <- {650 emulated 2 "" ""}
03-22 07:57:02.474  2013  2078 D VoldConnector: RCV <- {651 emulated 0}
03-22 07:57:02.474  2013  2078 D VoldConnector: RCV <- {200 3 Command succeeded}
03-22 07:57:02.474  2013  2077 D VoldConnector: SND -> {4 volume user_added 0 0}
03-22 07:57:02.474  2013  2034 V StorageManagerService: Found primary storage at VolumeInfo{emulated}:
03-22 07:57:02.474  2013  2034 V StorageManagerService:     type=EMULATED diskId=null partGuid=null mountFlags=0 mountUserId=-1 
03-22 07:57:02.474  2013  2034 V StorageManagerService:     state=UNMOUNTED 
03-22 07:57:02.474  2013  2034 V StorageManagerService:     fsType=null fsUuid=null fsLabel=null 
03-22 07:57:02.474  2013  2034 V StorageManagerService:     path=null internalPath=null 
03-22 07:57:02.475  2013  2078 D VoldConnector: RCV <- {200 4 Command succeeded}
03-22 07:57:02.479  2013  2013 I ActivityManager: Start proc 2121:com.android.systemui/u0a33 for service com.android.systemui/.ImageWallpaper
03-22 07:57:02.479  2013  2028 I ActivityManager: Force stopping com.android.providers.media appid=10011 user=-1: vold reset
03-22 07:57:02.480  2013  2077 D VoldConnector: SND -> {5 volume mount emulated 3 -1}
03-22 07:57:02.482  1868  1870 V vold    : Waiting for FUSE to spin up...
03-22 07:57:02.482  2013  2078 D VoldConnector: RCV <- {651 emulated 1}
03-22 07:57:02.482  2013  2013 D UsbAlsaManager: Adding ALSA device AlsaDevice: [card: 0, device: 0, type: 1]
03-22 07:57:02.482  2013  2013 D UsbAlsaManager: Adding ALSA device AlsaDevice: [card: 1, device: 3, type: 1]
03-22 07:57:02.483  2013  2013 D UsbAlsaManager: Adding ALSA device AlsaDevice: [card: 0, device: 0, type: 2]
03-22 07:57:02.483  2013  2013 D UsbAlsaManager: Adding ALSA device AlsaDevice: [card: 0, device: 2, type: 2]
03-22 07:57:02.483  2013  2013 D UsbAlsaManager: Adding ALSA device AlsaDevice: [card: 1, device: 7, type: 1]
03-22 07:57:02.483  2013  2078 D VoldConnector: RCV <- {656 emulated /data/media}
03-22 07:57:02.483  2013  2078 D VoldConnector: RCV <- {655 emulated /storage/emulated}
03-22 07:57:02.483  2013  2013 D SystemServerTiming: StartActivityManagerReadyPhase took to complete: 542ms
03-22 07:57:02.483  2013  2013 I SystemServer: StartObservingNativeCrashes
03-22 07:57:02.483  2013  2013 D SystemServerTiming: StartObservingNativeCrashes took to complete: 0ms
03-22 07:57:02.483  2013  2074 E UsbPortManager: port status enquiry failed
03-22 07:57:02.483  2013  2013 I SystemServer: StartSystemUI
03-22 07:57:02.484  2013  2013 D SystemServerTiming: StartSystemUI took to complete: 1ms
03-22 07:57:02.484  2013  2013 I SystemServer: MakeNetworkScoreReady
03-22 07:57:02.484  2013  2013 D SystemServerTiming: MakeNetworkScoreReady took to complete: 0ms
03-22 07:57:02.484  2013  2013 I SystemServer: MakeNetworkManagementServiceReady
03-22 07:57:02.484  2013  2013 I NetworkManagement: not enabling bandwidth control
03-22 07:57:02.485  2013  2065 D SystemServerInitThreadPool: Started executing WebViewFactoryPreparation
03-22 07:57:02.485  2013  2065 I SystemServer: WebViewFactoryPreparation
03-22 07:57:02.488  2013  2099 D BluetoothManagerService: Trying to bind to profile: 1, while Bluetooth was disabled
03-22 07:57:02.500  2013  2127 D UsbHostManager: Added device UsbDevice[mName=/dev/bus/usb/001/003,mVendorId=1133,mProductId=49949,mClass=0,mSubclass=0,mProtocol=0,mManufacturerName=Logitech,mProductName=USB Keyboard,mVersion=1.16,mSerialNumber=null,mConfigurations=[
03-22 07:57:02.500  2013  2127 D UsbHostManager: UsbConfiguration[mId=1,mName=U66.00_B0001,mAttributes=160,mMaxPower=45,mInterfaces=[
03-22 07:57:02.500  2013  2127 D UsbHostManager: UsbInterface[mId=0,mAlternateSetting=0,mName=USB Keyboard,mClass=3,mSubclass=1,mProtocol=1,mEndpoints=[
03-22 07:57:02.500  2013  2127 D UsbHostManager: UsbEndpoint[mAddress=129,mAttributes=3,mMaxPacketSize=8,mInterval=10]]
03-22 07:57:02.500  2013  2127 D UsbHostManager: UsbInterface[mId=1,mAlternateSetting=0,mName=USB Keyboard,mClass=3,mSubclass=0,mProtocol=0,mEndpoints=[
03-22 07:57:02.500  2013  2127 D UsbHostManager: UsbEndpoint[mAddress=130,mAttributes=3,mMaxPacketSize=4,mInterval=255]]]]
03-22 07:57:02.503  2013  2013 D SystemServerTiming: MakeNetworkManagementServiceReady took to complete: 19ms
03-22 07:57:02.503  2013  2013 I SystemServer: MakeNetworkStatsServiceReady
03-22 07:57:02.503  2013  2013 W NetworkStats: bandwidth controls disabled, unable to track stats
03-22 07:57:02.503  2013  2013 D SystemServerTiming: MakeNetworkStatsServiceReady took to complete: 0ms
03-22 07:57:02.503  2013  2082 W NetworkPolicy: bandwidth controls disabled, unable to enforce policy
03-22 07:57:02.503  2013  2013 I SystemServer: MakeConnectivityServiceReady
03-22 07:57:02.506  2013  2013 D SystemServerTiming: MakeConnectivityServiceReady took to complete: 3ms
03-22 07:57:02.506  2013  2013 I SystemServer: MakeNetworkPolicyServiceReady
03-22 07:57:02.532  1868  1870 V vold    : Waiting for FUSE to spin up...
03-22 07:57:02.561  2013  2127 I UsbHostManager: ---- isHeadset[in: false , out: false]
03-22 07:57:02.563  2013  2127 D UsbHostManager: Added device UsbDevice[mName=/dev/bus/usb/001/002,mVendorId=1133,mProductId=49242,mClass=0,mSubclass=0,mProtocol=0,mManufacturerName=Logitech,mProductName=USB Optical Mouse,mVersion=2.0,mSerialNumber=null,mConfigurations=[
03-22 07:57:02.563  2013  2127 D UsbHostManager: UsbConfiguration[mId=1,mName=null,mAttributes=160,mMaxPower=50,mInterfaces=[
03-22 07:57:02.563  2013  2127 D UsbHostManager: UsbInterface[mId=0,mAlternateSetting=0,mName=null,mClass=3,mSubclass=1,mProtocol=2,mEndpoints=[
03-22 07:57:02.563  2013  2127 D UsbHostManager: UsbEndpoint[mAddress=129,mAttributes=3,mMaxPacketSize=4,mInterval=10]]]]
03-22 07:57:02.564  2013  2127 I UsbHostManager: ---- isHeadset[in: false , out: false]
03-22 07:57:02.582  2013  2078 D VoldConnector: RCV <- {651 emulated 2}
03-22 07:57:02.583  2013  2078 D VoldConnector: RCV <- {200 5 Command succeeded}
03-22 07:57:03.182  2013  2065 W ActivityManager: Slow operation: 130ms so far, now at startProcess: returned from zygote!
03-22 07:57:03.182  2013  2065 W ActivityManager: Slow operation: 130ms so far, now at startProcess: done updating battery stats
03-22 07:57:03.182  2013  2065 W ActivityManager: Slow operation: 130ms so far, now at startProcess: building log message
03-22 07:57:03.182  2013  2065 I ActivityManager: Start proc 2157:WebViewLoader-x86/1037 [android.webkit.WebViewLibraryLoader$RelroFileCreator] for 
03-22 07:57:03.182  2013  2065 W ActivityManager: Slow operation: 130ms so far, now at startProcess: starting to update pids map
03-22 07:57:03.182  2013  2065 W ActivityManager: Slow operation: 130ms so far, now at startProcess: done updating pids map
03-22 07:57:03.182  2013  2065 W ActivityManager: Slow operation: 130ms so far, now at startProcess: done starting proc!
03-22 07:57:03.193  2013  2065 I ActivityManager: Start proc 2163:WebViewLoader-x86_64/1037 [android.webkit.WebViewLibraryLoader$RelroFileCreator] for 
03-22 07:57:03.193  2013  2065 D SystemServerTimingAsync: WebViewFactoryPreparation took to complete: 709ms
03-22 07:57:03.193  2013  2065 D SystemServerInitThreadPool: Finished executing WebViewFactoryPreparation
03-22 07:57:03.565  2121  2121 D SystemUIBootTiming: StartServicesDependency took to complete: 2ms
03-22 07:57:03.603  2121  2121 D SystemUIBootTiming: StartServicesNotificationChannels took to complete: 38ms
03-22 07:57:03.605  2121  2121 D SystemUIBootTiming: StartServicesCommandQueueStart took to complete: 0ms
03-22 07:57:03.679  2116  2277 E ActivityThread: Failed to find provider info for user_dictionary
03-22 07:57:03.933  2121  2121 D SystemUIBootTiming: StartServicesKeyguardViewMediator took to complete: 329ms
03-22 07:57:04.251  2013  2024 I ActivityManager: user 0 is still locked. Cannot load recents
03-22 07:57:04.261  2121  2121 D SystemUIBootTiming: StartServicesRecents took to complete: 327ms
03-22 07:57:04.610  2121  2121 D SystemUIBootTiming: StartServicesVolumeUI took to complete: 349ms
03-22 07:57:04.616  2121  2121 D SystemUIBootTiming: StartServicesDivider took to complete: 5ms
03-22 07:57:04.641  2013  2024 W WallpaperManagerService: Cannot extract colors because wallpaper could not be read.
03-22 07:57:04.641  2013  2024 W WallpaperManagerService: Cannot extract colors because wallpaper could not be read.
03-22 07:57:04.647  2013  2024 I StatusBarManagerService: registerStatusBar bar=com.android.internal.statusbar.IStatusBar$Stub$Proxy@847ad73
03-22 07:57:05.112  2121  2121 I StatusBar: isKeyguardShowing() called before startKeyguard(), returning true
03-22 07:57:05.219  2121  2121 I chatty  : uid=10033(com.android.systemui) identical 1 line
03-22 07:57:05.248  2121  2121 I StatusBar: isKeyguardShowing() called before startKeyguard(), returning true
03-22 07:57:05.260  2121  2343 E ActivityThread: Failed to find provider info for com.android.contacts
03-22 07:57:05.286  2121  2121 D SystemUIBootTiming: StartServicesSystemBars took to complete: 671ms
03-22 07:57:05.335  2121  2121 D SystemUIBootTiming: StartServicesStorageNotification took to complete: 49ms
03-22 07:57:05.363  2121  2121 D SystemUIBootTiming: StartServicesPowerUI took to complete: 28ms
03-22 07:57:05.364  2121  2121 D SystemUIBootTiming: StartServicesRingtonePlayer took to complete: 1ms
03-22 07:57:05.364  2121  2121 D SystemUIBootTiming: StartServicesKeyboardUI took to complete: 0ms
03-22 07:57:05.374  2121  2121 D SystemUIBootTiming: StartServicesPipUI took to complete: 9ms
03-22 07:57:05.375  2121  2121 D SystemUIBootTiming: StartServicesShortcutKeyDispatcher took to complete: 1ms
03-22 07:57:05.375  2121  2121 D SystemUIBootTiming: StartServicesVendorServices took to complete: 0ms
03-22 07:57:05.375  2121  2121 D SystemUIBootTiming: StartServicesService took to complete: 0ms
03-22 07:57:05.377  2121  2121 D SystemUIBootTiming: StartServicesLatencyTester took to complete: 2ms
03-22 07:57:05.378  2121  2121 D SystemUIBootTiming: StartServicesGlobalActionsComponent took to complete: 1ms
03-22 07:57:05.379  2121  2121 D SystemUIBootTiming: StartServicesRoundedCorners took to complete: 1ms
03-22 07:57:05.380  2121  2121 D SystemUIBootTiming: StartServices took to complete: 2185ms
03-22 07:57:05.599  2121  2344 E ActivityThread: Failed to find provider info for com.android.contacts
03-22 07:57:05.602  2121  2343 E ActivityThread: Failed to find provider info for com.android.contacts
03-22 07:57:05.748  2013  2084 D WifiService: New client listening to asynchronous messages
03-22 07:57:05.772  2013  2107 D ConnectivityService: registerNetworkAgent NetworkAgentInfo{ ni{[type: Ethernet[], state: CONNECTED/CONNECTED, reason: (unspecified), extra: 9c:5c:8e:93:70:3c, failover: false, available: true, roaming: false]}  network{100}  nethandle{429513165534}  lp{{InterfaceName: eth0 LinkAddresses: [fe80::83b5:771f:a1fc:a2bc/64,192.168.0.79/24,]  Routes: [fe80::/64 -> :: eth0,192.168.0.0/24 -> 0.0.0.0 eth0,0.0.0.0/0 -> 192.168.0.1 eth0,] DnsAddresses: [192.168.0.1,] Domains: null MTU: 0 TcpBufferSizes: 524288,1048576,3145728,524288,1048576,2097152}}  nc{[ Transports: ETHERNET Capabilities: INTERNET&NOT_RESTRICTED&TRUSTED&NOT_VPN LinkUpBandwidth>=100000Kbps LinkDnBandwidth>=100000Kbps]}  Score{30}  everValidated{false}  lastValidated{false}  created{false} lingering{false} explicitlySelected{false} acceptUnvalidated{false} everCaptivePortalDetected{false} lastCaptivePortalDetected{false} clat{null} }
03-22 07:57:05.772  2013  2090 D ConnectivityService: NetworkAgentInfo [Ethernet () - 100] EVENT_NETWORK_INFO_CHANGED, going from null to CONNECTED
03-22 07:57:05.773  2013  2090 D ConnectivityService: Adding iface eth0 to network 100
03-22 07:57:05.775  2013  2090 D ConnectivityService: Setting DNS servers for network 100 to [/192.168.0.1]
03-22 07:57:05.776  2013  2090 D ConnectivityService: Switching to new default network: NetworkAgentInfo{ ni{[type: Ethernet[], state: CONNECTED/CONNECTED, reason: (unspecified), extra: 9c:5c:8e:93:70:3c, failover: false, available: true, roaming: false]}  network{100}  nethandle{429513165534}  lp{{InterfaceName: eth0 LinkAddresses: [fe80::83b5:771f:a1fc:a2bc/64,192.168.0.79/24,]  Routes: [fe80::/64 -> :: eth0,192.168.0.0/24 -> 0.0.0.0 eth0,0.0.0.0/0 -> 192.168.0.1 eth0,] DnsAddresses: [192.168.0.1,] Domains: null MTU: 0 TcpBufferSizes: 524288,1048576,3145728,524288,1048576,2097152}}  nc{[ Transports: ETHERNET Capabilities: INTERNET&NOT_RESTRICTED&TRUSTED&NOT_VPN&FOREGROUND LinkUpBandwidth>=100000Kbps LinkDnBandwidth>=100000Kbps]}  Score{30}  everValidated{false}  lastValidated{false}  created{true} lingering{false} explicitlySelected{false} acceptUnvalidated{false} everCaptivePortalDetected{false} lastCaptivePortalDetected{false} clat{null} }
03-22 07:57:05.777  2013  2090 E ConnectivityService: Can't set TCP buffer sizes:java.io.FileNotFoundException: /sys/kernel/ipv4/tcp_rmem_min (No such file or directory)
03-22 07:57:05.778  2013  2090 D ConnectivityService: Sending CONNECTED broadcast for type 9 NetworkAgentInfo [Ethernet () - 100] isDefaultNetwork=true
03-22 07:57:11.665  2013  2028 W BroadcastQueue: Timeout of broadcast BroadcastRecord{709bdae u-1 android.intent.action.TIME_TICK} - receiver=android.app.LoadedApk$ReceiverDispatcher$InnerReceiver@cb5b735, started 10002ms ago
03-22 07:57:11.666  2013  2028 W BroadcastQueue: Receiver during timeout of BroadcastRecord{709bdae u-1 android.intent.action.TIME_TICK} : BroadcastFilter{4241d3b u0 ReceiverList{f2f57ca 2013 system/1000/u0 local:cb5b735}}
03-22 07:57:18.788  2013  2090 D ConnectivityService: NetworkAgentInfo [Ethernet () - 100] validation failed
03-22 07:57:30.093  2013  2035 I ActivityManager: Start proc 2384:com.google.android.ext.services/u0a17 for service com.google.android.ext.services/android.ext.services.storage.CacheQuotaServiceImpl
03-22 07:57:32.506  2013  2013 W SystemServer: ***********************************************
03-22 07:57:32.531  2013  2013 E SystemServer: BOOT FAILURE making Network Policy Service ready
03-22 07:57:32.531  2013  2013 E SystemServer: java.lang.IllegalStateException: Service NetworkPolicy init timeout
03-22 07:57:32.531  2013  2013 E SystemServer: 	at com.android.server.net.NetworkPolicyManagerService.systemReady(NetworkPolicyManagerService.java:816)
03-22 07:57:32.531  2013  2013 E SystemServer: 	at com.android.server.SystemServer.lambda$-com_android_server_SystemServer_75815(SystemServer.java:1752)
03-22 07:57:32.531  2013  2013 E SystemServer: 	at com.android.server.-$Lambda$T7cKu_OKm_Fk2kBNthmo_uUJTSo$1.$m$0(Unknown Source:98)
03-22 07:57:32.531  2013  2013 E SystemServer: 	at com.android.server.-$Lambda$T7cKu_OKm_Fk2kBNthmo_uUJTSo$1.run(Unknown Source:0)
03-22 07:57:32.531  2013  2013 E SystemServer: 	at com.android.server.am.ActivityManagerService.systemReady(ActivityManagerService.java:14401)
03-22 07:57:32.531  2013  2013 E SystemServer: 	at com.android.server.SystemServer.startOtherServices(SystemServer.java:1672)
03-22 07:57:32.531  2013  2013 E SystemServer: 	at com.android.server.SystemServer.run(SystemServer.java:391)
03-22 07:57:32.531  2013  2013 E SystemServer: 	at com.android.server.SystemServer.main(SystemServer.java:267)
03-22 07:57:32.531  2013  2013 E SystemServer: 	at java.lang.reflect.Method.invoke(Native Method)
03-22 07:57:32.531  2013  2013 E SystemServer: 	at com.android.internal.os.RuntimeInit$MethodAndArgsCaller.run(RuntimeInit.java:463)
03-22 07:57:32.531  2013  2013 E SystemServer: 	at com.android.internal.os.ZygoteInit.main(ZygoteInit.java:787)
03-22 07:57:32.540  2013  2013 D SystemServerTiming: MakeNetworkPolicyServiceReady took to complete: 30034ms
03-22 07:57:32.540  2013  2013 I SystemServer: StartWatchdog
03-22 07:57:32.541  2013  2013 D SystemServerTiming: StartWatchdog took to complete: 0ms
03-22 07:57:32.541  2013  2013 I SystemServer: PhaseThirdPartyAppsCanStart
03-22 07:57:32.541  2013  2013 I SystemServiceManager: Starting phase 600
03-22 07:57:32.543  2013  2013 V WallpaperManagerService: bindWallpaperComponentLocked: componentName=ComponentInfo{com.android.systemui/com.android.systemui.ImageWallpaper}
03-22 07:57:32.546  2013  2034 W WallpaperManagerService: Cannot extract colors because wallpaper could not be read.
03-22 07:57:32.546  2013  2034 W WallpaperManagerService: Cannot extract colors because wallpaper could not be read.
03-22 07:57:32.547  2013  2013 D SystemServerTiming: PhaseThirdPartyAppsCanStart took to complete: 7ms
03-22 07:57:32.547  2013  2013 I SystemServer: MakeLocationServiceReady
03-22 07:57:32.582  2013  2013 W LocationProviderProxy-network: Odd, no component found for service com.android.location.service.v3.NetworkLocationProvider
03-22 07:57:32.584  2013  2013 W GeocoderProxy: Odd, no component found for service com.android.location.service.GeocodeProvider
03-22 07:57:32.584  2013  2013 D LocationManagerService: FLP HAL not supported
03-22 07:57:32.585  2013  2013 W GeofenceProxy: Odd, no component found for service com.android.location.service.GeofenceProvider
03-22 07:57:32.585  2013  2013 D LocationManagerService: Hardware Activity-Recognition not supported.
03-22 07:57:32.585  2013  2013 W ActivityRecognitionProxy: Odd, no component found for service com.android.location.service.ActivityRecognitionProvider
03-22 07:57:32.587  2013  2013 D SystemServerTiming: MakeLocationServiceReady took to complete: 39ms
03-22 07:57:32.587  2013  2013 I SystemServer: MakeCountryDetectionServiceReady
03-22 07:57:32.587  2013  2013 D SystemServerTiming: MakeCountryDetectionServiceReady took to complete: 0ms
03-22 07:57:32.587  2013  2013 I SystemServer: MakeNetworkTimeUpdateReady
03-22 07:57:32.588  2013  2013 D ConnectivityService: requestNetwork for uid/pid:1000/2013 NetworkRequest [ TRACK_DEFAULT id=5, [ Capabilities: INTERNET&NOT_RESTRICTED&TRUSTED&NOT_VPN] ]
03-22 07:57:32.588  2013  2013 D SystemServerTiming: MakeNetworkTimeUpdateReady took to complete: 1ms
03-22 07:57:32.588  2013  2013 I SystemServer: MakeCommonTimeManagementServiceReady
03-22 07:57:32.588  2013  2013 D SystemServerTiming: MakeCommonTimeManagementServiceReady took to complete: 0ms
03-22 07:57:32.588  2013  2013 I SystemServer: MakeInputManagerServiceReady
03-22 07:57:32.590  2013  2013 D SystemServerTiming: MakeInputManagerServiceReady took to complete: 2ms
03-22 07:57:32.590  2013  2013 I SystemServer: MakeTelephonyRegistryReady
03-22 07:57:32.590  2013  2013 D SystemServerTiming: MakeTelephonyRegistryReady took to complete: 0ms
03-22 07:57:32.590  2013  2013 I SystemServer: MakeMediaRouterServiceReady
03-22 07:57:32.591  2013  2013 D SystemServerTiming: MakeMediaRouterServiceReady took to complete: 0ms
03-22 07:57:32.591  2013  2013 I SystemServer: MakeMmsServiceReady
03-22 07:57:32.591  2013  2013 I MmsServiceBroker: Delay connecting to MmsService until an API is called
03-22 07:57:32.591  2013  2013 D SystemServerTiming: MakeMmsServiceReady took to complete: 0ms
03-22 07:57:32.591  2013  2013 I SystemServer: MakeNetworkScoreServiceReady
03-22 07:57:32.591  2013  2013 D SystemServerTiming: MakeNetworkScoreServiceReady took to complete: 0ms
03-22 07:57:32.591  2013  2013 I SystemServer: IncidentDaemonReady
03-22 07:57:32.591  2013  2013 D SystemServerTiming: IncidentDaemonReady took to complete: 0ms
03-22 07:57:32.591  2013  2013 I SystemServiceManager: Calling onStartUser u0
03-22 07:57:32.598  2013  2013 I ActivityManager: Start proc 2404:com.android.phone/1001 for added application com.android.phone
03-22 07:57:32.619  2013  2013 I ActivityManager: START u0 {act=android.intent.action.MAIN cat=[android.intent.category.HOME] flg=0x10000100 cmp=com.android.settings/.FallbackHome} from uid 0
03-22 07:57:32.659  2013  2013 I ActivityManager: Loaded persisted task ids for user 0
03-22 07:57:32.673  2013  2013 I ActivityManager: Start proc 2418:com.android.settings/1000 for activity com.android.settings/.FallbackHome
03-22 07:57:32.675  2013  2013 D SystemServerTiming: ActivityManagerStartApps took to complete: 83ms
03-22 07:57:32.675  2013  2013 D SystemServerTiming: PhaseActivityManagerReady took to complete: 30737ms
03-22 07:57:32.677  2013  2013 D SystemServerInitThreadPool: Shutdown successful
03-22 07:57:32.677  2013  2013 D SystemServerTiming: StartServices took to complete: 40957ms
03-22 07:57:32.678  2013  2013 E SystemServerTiming: SystemServer init took too long. uptimeMillis=62513
03-22 07:57:32.685  2013  2013 D ConditionProviders.SCP: onConnected
03-22 07:57:32.686  2013  2013 D ZenLog  : set_zen_mode: off,readXml
03-22 07:57:32.691  2013  2027 W LocationProviderProxy-network: Odd, no component found for service com.android.location.service.v3.NetworkLocationProvider
03-22 07:57:32.696  2013  2013 D ConditionProviders: Subscribing to condition://android/event?userId=-10000&calendar=&reply=1 with ComponentInfo{android/com.android.server.notification.EventConditionProvider}
03-22 07:57:32.696  2013  2013 D ZenLog  : subscribe: condition://android/event?userId=-10000&calendar=&reply=1,ok
03-22 07:57:32.696  2013  2027 W GeocoderProxy: Odd, no component found for service com.android.location.service.GeocodeProvider
03-22 07:57:32.696  2013  2027 W GeofenceProxy: Odd, no component found for service com.android.location.service.GeofenceProvider
03-22 07:57:32.696  2013  2013 D ConditionProviders: Subscribing to condition://android/schedule?days=1.2.3.4.5&start=22.0&end=7.0&exitAtAlarm=false with ComponentInfo{android/com.android.server.notification.ScheduleConditionProvider}
03-22 07:57:32.696  2013  2013 D ZenLog  : subscribe: condition://android/schedule?days=1.2.3.4.5&start=22.0&end=7.0&exitAtAlarm=false,ok
03-22 07:57:32.696  2013  2013 D ConditionProviders: Subscribing to condition://android/schedule?days=6.7&start=23.30&end=10.0&exitAtAlarm=false with ComponentInfo{android/com.android.server.notification.ScheduleConditionProvider}
03-22 07:57:32.696  2013  2013 D ZenLog  : subscribe: condition://android/schedule?days=6.7&start=23.30&end=10.0&exitAtAlarm=false,ok
03-22 07:57:32.698  2013  2027 W ActivityRecognitionProxy: Odd, no component found for service com.android.location.service.ActivityRecognitionProvider
03-22 07:57:32.705  2121  2344 E ActivityThread: Failed to find provider info for com.android.contacts
03-22 07:57:32.706  2013  2013 D ZenLog  : set_zen_mode: off,cleanUpZenRules
03-22 07:57:32.709  1924  1924 E wificond: Failed to get wiphy index
03-22 07:57:32.709  1924  1924 E wificond: Failed to get wiphy index
03-22 07:57:32.800  2013  2090 D ConnectivityService: NetworkAgentInfo [Ethernet () - 100] validation failed
03-22 07:57:32.806  2013  2013 W ContextImpl: Calling a method in the system process without a qualified user: android.app.ContextImpl.startService:1476 com.android.server.content.SyncManager$13.run:722 android.os.Handler.handleCallback:790 android.os.Handler.dispatchMessage:99 android.os.Looper.loop:164 
03-22 07:57:32.981  2013  2013 I SyncManager: Loaded persisted syncs: 0 periodic syncs, 0 oneshot syncs, 6 total system server jobs, JobStats: FirstLoad: 31/0/0 LastSave: -1/-1/-1
03-22 07:57:33.221  2013  2013 I WiredAccessoryManager: notifyWiredAccessoryChanged: when=0 bits= mask=154
03-22 07:57:33.221  2013  2013 V WiredAccessoryManager: newName=h2w newState=0 headsetState=0 prev headsetState=0
03-22 07:57:33.221  2013  2013 V WiredAccessoryManager: init()
03-22 07:57:33.245  2013  2013 D ConditionProviders.SCP: onSubscribe condition://android/schedule?days=1.2.3.4.5&start=22.0&end=7.0&exitAtAlarm=false
03-22 07:57:33.245  2013  2013 D ConditionProviders.SCP: setRegistered true
03-22 07:57:33.245  2013  2013 D ConditionProviders.SCP: notifyCondition condition://android/schedule?days=1.2.3.4.5&start=22.0&end=7.0&exitAtAlarm=false STATE_FALSE reason=!meetsSchedule
03-22 07:57:33.279  2013  2097 E ActivityThread: Failed to find provider info for com.android.calendar
03-22 07:57:33.279  2013  2097 E ActivityThread: Failed to find provider info for com.android.calendar
03-22 07:57:33.324  2013  2013 D ConditionProviders.SCP: Scheduling evaluate for Fri Mar 22 22:00:00 GMT+08:00 2019 (1553263200000), in +14h2m26s755ms, now=Fri Mar 22 07:57:33 GMT+08:00 2019 (1553212653245)
03-22 07:57:33.324  2013  2013 D ConditionProviders.SCP: onSubscribe condition://android/schedule?days=6.7&start=23.30&end=10.0&exitAtAlarm=false
03-22 07:57:33.324  2013  2013 D ConditionProviders.SCP: notifyCondition condition://android/schedule?days=6.7&start=23.30&end=10.0&exitAtAlarm=false STATE_FALSE reason=!meetsSchedule
03-22 07:57:33.324  2013  2013 D ConditionProviders.SCP: notifyCondition condition://android/schedule?days=1.2.3.4.5&start=22.0&end=7.0&exitAtAlarm=false STATE_FALSE reason=!meetsSchedule
03-22 07:57:33.324  2013  2013 D ConditionProviders.SCP: Scheduling evaluate for Fri Mar 22 10:00:00 GMT+08:00 2019 (1553220000000), in +2h2m26s676ms, now=Fri Mar 22 07:57:33 GMT+08:00 2019 (1553212653324)
03-22 07:57:33.324  2013  2027 I SyncManager: Got SyncJobService instance.
03-22 07:57:33.326  2013  2013 D AutofillManagerService: Autofill restriction did not change for user 0: null
03-22 07:57:33.410  2013  2025 I ActivityManager: user 0 is still locked. Cannot load recents
03-22 07:57:33.413  2013  2025 I ActivityManager: user 0 is still locked. Cannot load recents
03-22 07:57:33.685  2013  2090 D ConnectivityService: Got NetworkFactory Messenger for PhoneSwitcherNetworkRequstListener
03-22 07:57:33.688  2013  2090 D ConnectivityService: Got NetworkFactory Messenger for TelephonyNetworkFactory[0]
03-22 07:57:33.733  2013  2036 I WindowManager: ******* TELLING SURFACE FLINGER WE ARE BOOTED!
03-22 07:57:33.735  2013  2036 W ActivityManager: Unable to mark boot complete for abi: armeabi-v7a (android.os.ServiceSpecificException: Failed to unlink /data//dalvik-cache/arm/.booting (code 2))
03-22 07:57:33.735  2013  2036 I SystemServiceManager: Starting phase 1000
03-22 07:57:33.737  2013  2036 D ActivityManager: Finishing user boot 0
03-22 07:57:33.737  2013  2036 I ActivityManager: User 0 state changed from BOOTING to RUNNING_LOCKED
03-22 07:57:33.738  2013  2036 D StorageManagerService: Setting property: sys.user.0.ce_available=true
03-22 07:57:33.739  2013  2036 I ActivityManager: User 0 state changed from RUNNING_LOCKED to RUNNING_UNLOCKING
03-22 07:57:33.739  2013  2036 D CryptdConnector: SND -> {3 cryptfs prepare_user_storage ! 0 0 2}
03-22 07:57:33.739  1868  1871 D vold    : e4crypt_prepare_user_storage for volume null, user 0, serial 0, flags 2
03-22 07:57:33.739  1868  1871 D vold    : Preparing: /data/system_ce/0
03-22 07:57:33.739  1868  1871 D vold    : Preparing: /data/misc_ce/0
03-22 07:57:33.739  1868  1871 D vold    : Preparing: /data/media/0
03-22 07:57:33.739  1868  1871 D vold    : Preparing: /data/data
03-22 07:57:33.740  2013  2079 D CryptdConnector: RCV <- {200 3 Command succeeded}
03-22 07:57:33.740  2013  2036 V UserDataPreparer: Found /data/user/0 with serial number 0
03-22 07:57:33.740  2013  2036 V UserDataPreparer: Found /data/system_ce/0 with serial number 0
03-22 07:57:33.740  2013  2036 V PackageManager: reconcileAppsData for null u0 0x2 migrateAppData=false
03-22 07:57:33.784  2013  2036 V PackageManager: reconcileAppsData finished 103 packages
03-22 07:57:33.784  2013  2028 I SystemServiceManager: Calling onUnlockUser u0
03-22 07:57:33.785  2013  2028 D BluetoothManagerService: User 0 unlocked
03-22 07:57:33.785  2013  2028 D StorageManagerService: onUnlockUser 0
03-22 07:57:33.785  2013  2028 D VoldConnector: SND -> {6 volume user_started 0}
03-22 07:57:33.785  1868  1870 D vold    : Linking /storage/emulated/0 to /mnt/user/0/primary
03-22 07:57:33.785  2013  2035 D BluetoothManagerService: MESSAGE_USER_UNLOCKED
03-22 07:57:33.785  2013  2078 D VoldConnector: RCV <- {200 6 Command succeeded}
03-22 07:57:33.786  2013  2077 D StorageManagerService: Volume emulated broadcasting mounted to UserHandle{0}
03-22 07:57:33.795  2013  2013 I ActivityManager: Start proc 2472:com.android.deskclock/u0a49 for broadcast com.android.deskclock/.AlarmInitReceiver
03-22 07:57:33.797  2013  2297 D BluetoothManagerService: Trying to bind to profile: 1, while Bluetooth was disabled
03-22 07:57:33.804  2013  2028 I BackupManagerService: Instantiating BackupManagerService
03-22 07:57:33.806  2013  2434 I ActivityManager: Start proc 2488:android.process.acore/u0a3 for content provider com.android.providers.contacts/.ContactsProvider2
03-22 07:57:33.807  2013  2090 D ConnectivityService: Got NetworkFactory Messenger for WIFI
03-22 07:57:33.807  2013  2090 D ConnectivityService: Got NetworkFactory Messenger for WIFI_UT
03-22 07:57:33.809  2013  2028 V BackupManagerService: No ancestral data
03-22 07:57:33.935  2404  2404 I TelecomFramework: TtyManager: updateUiTtyMode -1 -> 0
03-22 07:57:33.993  2013  2028 V BackupManagerService: Starting with transport com.google.android.gms/.backup.BackupTransportService
03-22 07:57:33.994  2013  2028 D BackupTransportManager: Binding to transport: android/com.android.internal.backup.LocalTransportService
03-22 07:57:33.994  2013  2028 W BackupTransportManager: BackupTransport com.google.android.gms/.backup.component.D2dTransportService not whitelisted.
03-22 07:57:33.994  2013  2028 W BackupTransportManager: BackupTransport com.google.android.gms/.backup.BackupTransportService not whitelisted.
03-22 07:57:34.154  2013  2028 I BackupManagerService: Backup enabled => false
03-22 07:57:34.312  2404  2404 I TelecomFramework: AccountEntry: Registered phoneAccount: [[ ] PhoneAccount: ComponentInfo{com.android.phone/com.android.services.telephony.TelephonyConnectionService}, [e0184adedf913b076626646d3f52c3b49c39ad6d], UserHandle{0} Capabilities: CallProvider MultiUser PlaceEmerg SimSub  Audio Routes: BESW Schemes: tel voicemail  Extras: Bundle[{android.telecom.extra.SUPPORTS_VIDEO_CALLING_FALLBACK=false}] GroupId: [da39a3ee5e6b4b0d3255bfef95601890afd80709]] with handle: ComponentInfo{com.android.phone/com.android.services.telephony.TelephonyConnectionService}, [e0184adedf913b076626646d3f52c3b49c39ad6d], UserHandle{0}
03-22 07:57:34.319  2404  2404 I TelecomFramework: PstnIncomingCallNotifier: Registering: Handler (com.android.internal.telephony.GsmCdmaPhone) {afe6fb7}
03-22 07:57:34.346  2404  2404 I TelecomFramework: PstnPhoneCapabilitiesNotifier: handleVideoCapabilitesChanged. Video capability - false
03-22 07:57:34.696  2013  2036 W WindowManager: App freeze timeout expired.
03-22 07:57:34.750  2013  2434 I ActivityManager: Start proc 2519:com.android.keychain/1000 for service com.android.keychain/.KeyChainService
03-22 07:57:35.105  2013  2013 D BackupTransportManager: Bound to transport: android/com.android.internal.backup.LocalTransportService
03-22 07:57:35.318  2013  2504 V KeyValueBackupJob: Scheduling k/v pass in 246 minutes
03-22 07:57:35.470  2013  2308 I ActivityManager: Start proc 2588:com.google.android.youtube/u0a72 for broadcast com.google.android.youtube/com.google.android.libraries.youtube.mdx.background.MdxBackgroundScanBootReceiver
03-22 07:57:35.474  2013  2028 W SystemServiceManager: Service com.android.server.backup.BackupManagerService$Lifecycle took 1687 ms in onUnlockUser 
03-22 07:57:35.587  2013  2028 I ActivityManager: Start proc 2606:com.google.android.googlequicksearchbox:interactor/u0a37 for service com.google.android.googlequicksearchbox/com.google.android.voiceinteraction.GsaVoiceInteractionService
03-22 07:57:35.587  2013  2028 W SystemServiceManager: Service com.android.server.voiceinteraction.VoiceInteractionManagerService took 114 ms in onUnlockUser 
03-22 07:57:35.589  2013  2028 D AutofillManagerServiceImpl: Reset component for user 0
03-22 07:57:35.590  2013  2028 D AutofillManagerServiceImpl: Reset component for user 0
03-22 07:57:35.590  2013  2028 I ActivityManager: Loading recents for user 0 into memory.
03-22 07:57:35.590  2013  2029 D AutofillUI: destroySaveUiUiThread(): already destroyed
03-22 07:57:35.669  2013  2504 V KeyValueBackupJob: Scheduling k/v pass in 242 minutes
03-22 07:57:35.865  2013  2028 E TaskPersister: Unable to parse /data/system_ce/0/recent_tasks/3_task.xml. Error 
03-22 07:57:35.865  2013  2028 E TaskPersister: java.lang.NullPointerException: Attempt to invoke virtual method 'android.content.res.Configuration com.android.server.am.ConfigurationContainer.getConfiguration()' on a null object reference
03-22 07:57:35.865  2013  2028 E TaskPersister: 	at com.android.server.am.TaskRecord.computeOverrideConfiguration(TaskRecord.java:2218)
03-22 07:57:35.865  2013  2028 E TaskPersister: 	at com.android.server.am.TaskRecord.updateOverrideConfiguration(TaskRecord.java:2196)
03-22 07:57:35.865  2013  2028 E TaskPersister: 	at com.android.server.am.TaskRecord.updateOverrideConfiguration(TaskRecord.java:2159)
03-22 07:57:35.865  2013  2028 E TaskPersister: 	at com.android.server.am.TaskRecord.restoreFromXml(TaskRecord.java:2081)
03-22 07:57:35.865  2013  2028 E TaskPersister: 	at com.android.server.am.TaskPersister.restoreTasksForUserLocked(TaskPersister.java:464)
03-22 07:57:35.865  2013  2028 E TaskPersister: 	at com.android.server.am.RecentTasks.loadUserRecentsLocked(RecentTasks.java:124)
03-22 07:57:35.865  2013  2028 E TaskPersister: 	at com.android.server.am.ActivityManagerService$MainHandler.handleMessage(ActivityManagerService.java:2215)
03-22 07:57:35.865  2013  2028 E TaskPersister: 	at android.os.Handler.dispatchMessage(Handler.java:106)
03-22 07:57:35.865  2013  2028 E TaskPersister: 	at android.os.Looper.loop(Looper.java:164)
03-22 07:57:35.865  2013  2028 E TaskPersister: 	at android.os.HandlerThread.run(HandlerThread.java:65)
03-22 07:57:35.865  2013  2028 E TaskPersister: 	at com.android.server.ServiceThread.run(ServiceThread.java:46)
03-22 07:57:35.866  2013  2028 E TaskPersister: Failing file: <?xml version='1.0' encoding='utf-8' standalone='yes' ?>
03-22 07:57:35.866  2013  2028 E TaskPersister: <task task_id="3" real_activity="org.openthos.appstore/.MainActivity" real_activity_suspended="false" affinity="org.openthos.appstore" root_has_reset="false" auto_remove_recents="false" asked_compat_mode="false" user_id="0" user_setup_complete="true" effective_uid="10022" task_type="0" first_active_time="1553252159474" last_active_time="1553261276623" last_time_moved="1553261213895" never_relinquish_identity="true" task_description_color="ff222222" task_description_colorBackground="ff000000" task_thumbnailinfo_task_width="0" task_thumbnailinfo_task_height="0" task_thumbnailinfo_screen_orientation="0" task_affiliation_color="-14540254" task_affiliation="3" prev_affiliation="-1" next_affiliation="-1" calling_uid="10033" calling_package="com.android.systemui" resize_mode="1" supports_picture_in_picture="false" privileged="true" non_fullscreen_bounds="0 0 1680 994" min_width="-1" min_height="-1" persist_task_version="1">
03-22 07:57:35.866  2013  2028 E TaskPersister: <intent action="android.intent.action.MAIN" component="org.openthos.appstore/.MainActivity" flags="30000000">
03-22 07:57:35.866  2013  2028 E TaskPersister: <categories category="android.intent.category.LAUNCHER" />
03-22 07:57:35.866  2013  2028 E TaskPersister: </intent>
03-22 07:57:35.866  2013  2028 E TaskPersister: </task>
03-22 07:57:35.866  2013  2028 E TaskPersister: 
03-22 07:57:35.914  2013  2034 I AppWidgetServiceImpl: Async processing of onUserUnlocked u0 took 441 ms
03-22 07:57:35.922  2013  2028 E TaskPersister: Unable to parse /data/system_ce/0/recent_tasks/40_task.xml. Error 
03-22 07:57:35.922  2013  2028 E TaskPersister: java.lang.NullPointerException: Attempt to invoke virtual method 'android.content.res.Configuration com.android.server.am.ConfigurationContainer.getConfiguration()' on a null object reference
03-22 07:57:35.922  2013  2028 E TaskPersister: 	at com.android.server.am.TaskRecord.computeOverrideConfiguration(TaskRecord.java:2218)
03-22 07:57:35.922  2013  2028 E TaskPersister: 	at com.android.server.am.TaskRecord.updateOverrideConfiguration(TaskRecord.java:2196)
03-22 07:57:35.922  2013  2028 E TaskPersister: 	at com.android.server.am.TaskRecord.updateOverrideConfiguration(TaskRecord.java:2159)
03-22 07:57:35.922  2013  2028 E TaskPersister: 	at com.android.server.am.TaskRecord.restoreFromXml(TaskRecord.java:2081)
03-22 07:57:35.922  2013  2028 E TaskPersister: 	at com.android.server.am.TaskPersister.restoreTasksForUserLocked(TaskPersister.java:464)
03-22 07:57:35.922  2013  2028 E TaskPersister: 	at com.android.server.am.RecentTasks.loadUserRecentsLocked(RecentTasks.java:124)
03-22 07:57:35.922  2013  2028 E TaskPersister: 	at com.android.server.am.ActivityManagerService$MainHandler.handleMessage(ActivityManagerService.java:2215)
03-22 07:57:35.922  2013  2028 E TaskPersister: 	at android.os.Handler.dispatchMessage(Handler.java:106)
03-22 07:57:35.922  2013  2028 E TaskPersister: 	at android.os.Looper.loop(Looper.java:164)
03-22 07:57:35.922  2013  2028 E TaskPersister: 	at android.os.HandlerThread.run(HandlerThread.java:65)
03-22 07:57:35.922  2013  2028 E TaskPersister: 	at com.android.server.ServiceThread.run(ServiceThread.java:46)
03-22 07:57:35.923  2013  2028 E TaskPersister: Failing file: <?xml version='1.0' encoding='utf-8' standalone='yes' ?>
03-22 07:57:35.923  2013  2028 E TaskPersister: <task task_id="40" real_activity="com.android.camera2/com.android.camera.CameraActivity" real_activity_suspended="false" affinity="com.android.camera.CameraActivity" root_has_reset="false" auto_remove_recents="false" asked_compat_mode="false" user_id="0" user_setup_complete="true" effective_uid="10045" task_type="0" first_active_time="1553262976634" last_active_time="1553262981528" last_time_moved="1553262981847" never_relinquish_identity="true" task_description_color="ff212121" task_description_colorBackground="ff1b1b1b" task_thumbnailinfo_task_width="0" task_thumbnailinfo_task_height="0" task_thumbnailinfo_screen_orientation="0" task_affiliation_color="-14606047" task_affiliation="40" prev_affiliation="-1" next_affiliation="-1" calling_uid="10045" calling_package="com.android.camera2" resize_mode="0" supports_picture_in_picture="false" privileged="false" non_fullscreen_bounds="525 310 1365 807" min_width="-1" min_height="-1" persist_task_version="1">
03-22 07:57:35.923  2013  2028 E TaskPersister: <intent component="com.android.camera2/com.android.camera.CameraActivity" flags="10000000" />
03-22 07:57:35.923  2013  2028 E TaskPersister: </task>
03-22 07:57:35.923  2013  2028 E TaskPersister: 
03-22 07:57:35.924  2013  2028 E TaskPersister: Unable to parse /data/system_ce/0/recent_tasks/17_task.xml. Error 
03-22 07:57:35.924  2013  2028 E TaskPersister: java.lang.NullPointerException: Attempt to invoke virtual method 'android.content.res.Configuration com.android.server.am.ConfigurationContainer.getConfiguration()' on a null object reference
03-22 07:57:35.924  2013  2028 E TaskPersister: 	at com.android.server.am.TaskRecord.computeOverrideConfiguration(TaskRecord.java:2218)
03-22 07:57:35.924  2013  2028 E TaskPersister: 	at com.android.server.am.TaskRecord.updateOverrideConfiguration(TaskRecord.java:2196)
03-22 07:57:35.924  2013  2028 E TaskPersister: 	at com.android.server.am.TaskRecord.updateOverrideConfiguration(TaskRecord.java:2159)
03-22 07:57:35.924  2013  2028 E TaskPersister: 	at com.android.server.am.TaskRecord.restoreFromXml(TaskRecord.java:2081)
03-22 07:57:35.924  2013  2028 E TaskPersister: 	at com.android.server.am.TaskPersister.restoreTasksForUserLocked(TaskPersister.java:464)
03-22 07:57:35.924  2013  2028 E TaskPersister: 	at com.android.server.am.RecentTasks.loadUserRecentsLocked(RecentTasks.java:124)
03-22 07:57:35.924  2013  2028 E TaskPersister: 	at com.android.server.am.ActivityManagerService$MainHandler.handleMessage(ActivityManagerService.java:2215)
03-22 07:57:35.924  2013  2028 E TaskPersister: 	at android.os.Handler.dispatchMessage(Handler.java:106)
03-22 07:57:35.924  2013  2028 E TaskPersister: 	at android.os.Looper.loop(Looper.java:164)
03-22 07:57:35.924  2013  2028 E TaskPersister: 	at android.os.HandlerThread.run(HandlerThread.java:65)
03-22 07:57:35.924  2013  2028 E TaskPersister: 	at com.android.server.ServiceThread.run(ServiceThread.java:46)
03-22 07:57:35.925  2013  2028 E TaskPersister: Failing file: <?xml version='1.0' encoding='utf-8' standalone='yes' ?>
03-22 07:57:35.925  2013  2028 E TaskPersister: <task task_id="17" real_activity="com.termux/.app.TermuxActivity" real_activity_suspended="false" affinity="com.termux" root_has_reset="false" auto_remove_recents="false" asked_compat_mode="false" user_id="0" user_setup_complete="true" effective_uid="10036" task_type="0" first_active_time="1553260577236" last_active_time="1553261211411" last_time_moved="1553261068948" never_relinquish_identity="true" task_description_color="ff000000" task_description_colorBackground="fffafafa" task_thumbnailinfo_task_width="0" task_thumbnailinfo_task_height="0" task_thumbnailinfo_screen_orientation="0" task_affiliation_color="-16777216" task_affiliation="17" prev_affiliation="-1" next_affiliation="-1" calling_uid="10033" calling_package="com.android.systemui" resize_mode="1" supports_picture_in_picture="false" privileged="true" non_fullscreen_bounds="420 248 1260 745" min_width="-1" min_height="-1" persist_task_version="1">
03-22 07:57:35.925  2013  2028 E TaskPersister: <intent action="android.intent.action.MAIN" component="com.termux/.app.TermuxActivity" flags="30000000">
03-22 07:57:35.925  2013  2028 E TaskPersister: <categories category="android.intent.category.LAUNCHER" />
03-22 07:57:35.925  2013  2028 E TaskPersister: </intent>
03-22 07:57:35.925  2013  2028 E TaskPersister: </task>
03-22 07:57:35.925  2013  2028 E TaskPersister: 
03-22 07:57:35.934  2013  2028 E TaskPersister: Unable to parse /data/system_ce/0/recent_tasks/26_task.xml. Error 
03-22 07:57:35.934  2013  2028 E TaskPersister: java.lang.NullPointerException: Attempt to invoke virtual method 'android.content.res.Configuration com.android.server.am.ConfigurationContainer.getConfiguration()' on a null object reference
03-22 07:57:35.934  2013  2028 E TaskPersister: 	at com.android.server.am.TaskRecord.computeOverrideConfiguration(TaskRecord.java:2218)
03-22 07:57:35.934  2013  2028 E TaskPersister: 	at com.android.server.am.TaskRecord.updateOverrideConfiguration(TaskRecord.java:2196)
03-22 07:57:35.934  2013  2028 E TaskPersister: 	at com.android.server.am.TaskRecord.updateOverrideConfiguration(TaskRecord.java:2159)
03-22 07:57:35.934  2013  2028 E TaskPersister: 	at com.android.server.am.TaskRecord.restoreFromXml(TaskRecord.java:2081)
03-22 07:57:35.934  2013  2028 E TaskPersister: 	at com.android.server.am.TaskPersister.restoreTasksForUserLocked(TaskPersister.java:464)
03-22 07:57:35.934  2013  2028 E TaskPersister: 	at com.android.server.am.RecentTasks.loadUserRecentsLocked(RecentTasks.java:124)
03-22 07:57:35.934  2013  2028 E TaskPersister: 	at com.android.server.am.ActivityManagerService$MainHandler.handleMessage(ActivityManagerService.java:2215)
03-22 07:57:35.934  2013  2028 E TaskPersister: 	at android.os.Handler.dispatchMessage(Handler.java:106)
03-22 07:57:35.934  2013  2028 E TaskPersister: 	at android.os.Looper.loop(Looper.java:164)
03-22 07:57:35.934  2013  2028 E TaskPersister: 	at android.os.HandlerThread.run(HandlerThread.java:65)
03-22 07:57:35.934  2013  2028 E TaskPersister: 	at com.android.server.ServiceThread.run(ServiceThread.java:46)
03-22 07:57:35.935  2013  2028 E TaskPersister: Failing file: <?xml version='1.0' encoding='utf-8' standalone='yes' ?>
03-22 07:57:35.935  2013  2028 E TaskPersister: <task task_id="26" real_activity="com.android.settings/.Settings" real_activity_suspended="false" orig_activity="com.android.settings/.Settings" affinity="com.android.settings" root_has_reset="false" auto_remove_recents="false" asked_compat_mode="false" user_id="0" user_setup_complete="true" effective_uid="1000" task_type="0" first_active_time="1553260935224" last_active_time="1553261026465" last_time_moved="1553261026467" never_relinquish_identity="true" task_description_color="fff5f5f5" task_description_colorBackground="fffafafa" task_description_icon_filename="/data/system_ce/0/recent_images/26_activity_icon_1553261019553.png" task_thumbnailinfo_task_width="0" task_thumbnailinfo_task_height="0" task_thumbnailinfo_screen_orientation="0" task_affiliation_color="-657931" task_affiliation="26" prev_affiliation="-1" next_affiliation="-1" calling_uid="10033" calling_package="com.android.systemui" resize_mode="1" supports_picture_in_picture="false" privileged="true" non_fullscreen_bounds="420 248 1260 745" min_width="-1" min_height="-1" persist_task_version="1">
03-22 07:57:35.935  2013  2028 E TaskPersister: <intent action="android.intent.action.MAIN" component="com.android.settings/.Settings" flags="30000000">
03-22 07:57:35.935  2013  2028 E TaskPersister: <categories category="android.intent.category.LAUNCHER" />
03-22 07:57:35.935  2013  2028 E TaskPersister: </intent>
03-22 07:57:35.935  2013  2028 E TaskPersister: </task>
03-22 07:57:35.935  2013  2028 E TaskPersister: 
03-22 07:57:35.993  2013  2028 E TaskPersister: Unable to parse /data/system_ce/0/recent_tasks/10_task.xml. Error 
