03-22 21:15:14.152  2012  2027 E ActivityManager:   0% 1888/android.hardware.power@1.0-service: 0% user + 0% kernel
03-22 21:15:14.152  2012  2027 E ActivityManager:   0% 1960/mdnsd: 0% user + 0% kernel
03-22 21:15:14.152  2012  2027 E ActivityManager:   0% 3122/com.google.android.gms.unstable: 0% user + 0% kernel / faults: 8 minor
03-22 21:15:14.152  2012  2027 E ActivityManager:   0% 5017/com.android.chrome:sandboxed_process0: 0% user + 0% kernel / faults: 44 minor
03-22 21:15:14.152  2012  2027 E ActivityManager:   0% 11218/kworker/0:0-events_power_efficient: 0% user + 0% kernel
03-22 21:15:14.152  2012  2027 E ActivityManager:   0% 12762/kworker/0:0H-kblockd: 0% user + 0% kernel
03-22 21:15:14.152  2012  2027 E ActivityManager: 7.6% TOTAL: 4.4% user + 2.4% kernel + 0.7% iowait + 0% softirq
03-22 21:15:14.152  2012  2027 E ActivityManager: CPU usage from 2ms to 220ms later (2019-03-22 21:15:13.647 to 2019-03-22 21:15:13.864):
03-22 21:15:14.152  2012  2027 E ActivityManager:   9.3% 2012/system_server: 4.6% user + 4.6% kernel / faults: 351 minor
03-22 21:15:14.152  2012  2027 E ActivityManager:     9.3% 2027/ActivityManager: 4.6% user + 4.6% kernel
03-22 21:15:14.152  2012  2027 E ActivityManager: 6.9% TOTAL: 2.3% user + 4.6% kernel
03-22 21:15:14.172  1893  1893 I Binder:1893_2: type=1400 audit(0.0:1506): avc: denied { map } for path="/dev/dri/card0" dev="tmpfs" ino=6548 scontext=u:r:surfaceflinger:s0 tcontext=u:object_r:device:s0 tclass=chr_file permissive=1
03-22 21:15:14.172  1893  1893 I Binder:1893_2: type=1400 audit(0.0:1507): avc: denied { read write } for path="/dev/dri/card0" dev="tmpfs" ino=6548 scontext=u:r:surfaceflinger:s0 tcontext=u:object_r:device:s0 tclass=chr_file permissive=1
03-22 21:15:14.173  2012  2012 I RenderThread: type=1400 audit(0.0:1508): avc: denied { getattr } for path="/dev/dri/card0" dev="tmpfs" ino=6548 scontext=u:r:system_server:s0 tcontext=u:object_r:device:s0 tclass=chr_file permissive=1
03-22 21:15:14.173  2012  2012 I RenderThread: type=1400 audit(0.0:1509): avc: denied { ioctl } for path="/dev/dri/card0" dev="tmpfs" ino=6548 ioctlcmd=0x6400 scontext=u:r:system_server:s0 tcontext=u:object_r:device:s0 tclass=chr_file permissive=1
03-22 21:15:14.173  2012  3752 D vndksupport: Loading /vendor/lib64/hw/gralloc.drm.so from current namespace instead of sphal namespace.
03-22 21:15:14.174  2012  3752 I EGL-MAIN: found extension DRI_Core version 2
03-22 21:15:14.174  2012  3752 I EGL-MAIN: found extension DRI_DRI2 version 4
03-22 21:15:14.175  2012  2028 D ViewRootImpl[mobileqq]: updatePointerIcon called with position out of bounds
03-22 21:15:14.176  2012  2028 I chatty  : uid=1000(system) android.ui identical 1 line
03-22 21:15:14.176  2012  2028 D ViewRootImpl[mobileqq]: updatePointerIcon called with position out of bounds
03-22 21:15:14.176  2117  2117 D ViewRootImpl[StatusBar]: updatePointerIcon called with position out of bounds
03-22 21:15:14.177  2012  2028 D ViewRootImpl[mobileqq]: updatePointerIcon called with position out of bounds
03-22 21:15:14.177  2012  2028 I chatty  : uid=1000(system) android.ui identical 3 lines
03-22 21:15:14.178  2012  2028 D ViewRootImpl[mobileqq]: updatePointerIcon called with position out of bounds
03-22 21:15:14.178  2117  2117 D ViewRootImpl[StatusBar]: updatePointerIcon called with position out of bounds
03-22 21:15:14.178  2012  2028 D ViewRootImpl[mobileqq]: updatePointerIcon called with position out of bounds
03-22 21:15:14.178  2012  2028 I chatty  : uid=1000(system) android.ui identical 3 lines
03-22 21:15:14.178  2012  2028 D ViewRootImpl[mobileqq]: updatePointerIcon called with position out of bounds
03-22 21:15:14.179  2012  2012 I RenderThread: type=1400 audit(0.0:1510): avc: denied { map } for path="/dev/dri/card0" dev="tmpfs" ino=6548 scontext=u:r:system_server:s0 tcontext=u:object_r:device:s0 tclass=chr_file permissive=1
03-22 21:15:14.179  2117  2117 D ViewRootImpl[StatusBar]: updatePointerIcon called with position out of bounds
03-22 21:15:14.179  2012  2028 D ViewRootImpl[mobileqq]: updatePointerIcon called with position out of bounds
03-22 21:15:14.180  2012  2012 I RenderThread: type=1400 audit(0.0:1511): avc: denied { read write } for path="/dev/dri/card0" dev="tmpfs" ino=6548 scontext=u:r:system_server:s0 tcontext=u:object_r:device:s0 tclass=chr_file permissive=1
03-22 21:15:14.181  2012  3752 I EGL-MAIN: found extension DRI_TexBuffer version 2
03-22 21:15:14.181  2012  3752 I EGL-MAIN: found extension DRI2_Flush version 4
03-22 21:15:14.181  2012  3752 I EGL-MAIN: found extension DRI_IMAGE version 17
03-22 21:15:14.181  2012  3752 I EGL-MAIN: found extension DRI_IMAGE version 17
03-22 21:15:14.181  2012  3752 I EGL-MAIN: found extension DRI_RENDERER_QUERY version 1
03-22 21:15:14.181  2012  3752 I EGL-MAIN: found extension DRI_CONFIG_QUERY version 1
03-22 21:15:14.181  2012  3752 I EGL-MAIN: found extension DRI2_Fence version 2
03-22 21:15:14.181  2012  3752 I EGL-MAIN: found extension DRI2_Interop version 1
03-22 21:15:14.181  2012  3752 I EGL-MAIN: found extension DRI_Robustness version 1
03-22 21:15:14.181  2012  3752 I EGL-MAIN: found extension DRI_NoError version 1
03-22 21:15:14.182  2012  3752 I system_server: android::hardware::configstore::V1_0::ISurfaceFlingerConfigs::hasWideColorDisplay retrieved: 0
03-22 21:15:14.182  2012  3752 I OpenGLRenderer: Initialized EGL, version 1.4
03-22 21:15:14.182  2012  3752 D OpenGLRenderer: Swap behavior 2
03-22 21:15:14.182  2012  3752 E OpenGLRenderer: Device claims wide gamut support, cannot find matching config, error = EGL_SUCCESS
03-22 21:15:14.229  2012  2028 I chatty  : uid=1000(system) android.ui identical 7 lines
03-22 21:15:14.271  2012  2028 D ViewRootImpl[mobileqq]: updatePointerIcon called with position out of bounds
03-22 21:15:14.310  2117  2117 D ViewRootImpl[StatusBar]: updatePointerIcon called with position out of bounds
03-22 21:15:14.355  2012  2028 D ViewRootImpl[mobileqq]: updatePointerIcon called with position out of bounds
03-22 21:15:14.955  2012  2028 I chatty  : uid=1000(system) android.ui identical 23 lines
03-22 21:15:14.971  2012  2028 D ViewRootImpl[mobileqq]: updatePointerIcon called with position out of bounds
03-22 21:15:15.966  2117  2117 D ViewRootImpl[StatusBar]: updatePointerIcon called with position out of bounds
03-22 21:15:16.000  2012  2012 I android.display: type=1400 audit(0.0:1512): avc: denied { write } for name="timerslack_ns" dev="proc" ino=197731 scontext=u:r:system_server:s0 tcontext=u:r:platform_app:s0:c512,c768 tclass=file permissive=1
03-22 21:15:16.000  2117  2117 I StatusBar: taskId 3 keep true cmpComponentInfo{org.openthos.appstore/org.openthos.appstore.MainActivity}
03-22 21:15:16.001  2012  2012 I android.display: type=1400 audit(0.0:1513): avc: denied { write } for name="timerslack_ns" dev="proc" ino=204210 scontext=u:r:system_server:s0 tcontext=u:r:untrusted_app_25:s0:c512,c768 tclass=file permissive=1
03-22 21:15:16.004  2117  2117 I RenderThread: type=1400 audit(0.0:1514): avc: denied { ioctl } for path="/dev/dri/card0" dev="tmpfs" ino=6548 ioctlcmd=0x640b scontext=u:r:platform_app:s0:c512,c768 tcontext=u:object_r:device:s0 tclass=chr_file permissive=1
03-22 21:15:16.151  2012  2028 W Looper  : Dispatch took 101ms on android.ui, h=Handler (com.android.server.am.ActivityManagerService$UiHandler) {720aa53} cb=null msg=30
03-22 21:15:16.152  2012  2028 I ActivityManager: Killing 14956:com.tencent.mobileqq/u0a76 (adj 0): user request after error
03-22 21:15:16.156  2012  2029 W system_server: kill(-14956, 9) failed: No such process
03-22 21:15:16.157  1881  3878 I audio_hw_primary: choose pcmC0D0p for 0
03-22 21:15:16.188  2012  2071 W InputDispatcher: channel '8a2ff45 com.tencent.mobileqq/com.tencent.mobileqq.activity.SplashActivity (server)' ~ Consumer closed input channel or an error occurred.  events=0xd
03-22 21:15:16.189  2012  2071 E InputDispatcher: channel '8a2ff45 com.tencent.mobileqq/com.tencent.mobileqq.activity.SplashActivity (server)' ~ Channel is unrecoverably broken and will be disposed!
03-22 21:15:16.194  2012  6258 D ConnectivityService: ConnectivityService NetworkRequestInfo binderDied(NetworkRequest [ LISTEN id=44, [ Capabilities: NOT_RESTRICTED&TRUSTED&NOT_VPN] ], android.os.BinderProxy@39cf139)
03-22 21:15:16.200  2012  2029 W system_server: kill(-14956, 9) failed: No such process
03-22 21:15:16.200  2012  2029 I system_server: Successfully killed process cgroup uid 10076 pid 14956 in 44ms
03-22 21:15:16.201  2012  6258 W ActivityManager: Scheduling restart of crashed service com.tencent.mobileqq/.qipc.QIPCServiceEx in 1000ms
03-22 21:15:16.201  2012  6258 W ActivityManager: Scheduling restart of crashed service com.tencent.mobileqq/.app.CoreService in 11000ms
03-22 21:15:16.201  2012  6258 W ActivityManager: Force removing ActivityRecord{11d7142 u0 com.tencent.mobileqq/.activity.SplashActivity t15}: app died, no saved state
03-22 21:15:16.251  2012  5385 I WindowManager: WIN DEATH: Window{8a2ff45 u0 com.tencent.mobileqq/com.tencent.mobileqq.activity.SplashActivity}
03-22 21:15:16.251  2012  5385 W InputDispatcher: Attempted to unregister already unregistered input channel '8a2ff45 com.tencent.mobileqq/com.tencent.mobileqq.activity.SplashActivity (server)'
03-22 21:15:16.305  2117  2117 I StatusBar: taskId 15 keep false cmpComponentInfo{com.tencent.mobileqq/com.tencent.mobileqq.activity.SplashActivity}
03-22 21:15:16.310  1892  1892 E lowmemorykiller: Error opening /dev/memcg/apps/uid_99000/pid_4479/memory.soft_limit_in_bytes; errno=2
03-22 21:15:16.313  2012  7774 W zygote64: Long monitor contention with owner Binder:2012_1E (7713) at void com.android.server.am.ActivityManagerService.activityResumed(android.os.IBinder)(ActivityManagerService.java:7457) waiters=2 in int com.android.server.am.ActivityManagerService.bindService(android.app.IApplicationThread, android.os.IBinder, android.content.Intent, java.lang.String, android.app.IServiceConnection, int, java.lang.String, int) for 118ms
03-22 21:15:16.318 16049 16049 I main    : type=1400 audit(0.0:1515): avc: denied { mounton } for path="/storage" dev="tmpfs" ino=6275 scontext=u:r:zygote:s0 tcontext=u:object_r:tmpfs:s0 tclass=dir permissive=1
03-22 21:15:16.319 16049 16049 I main    : type=1400 audit(0.0:1516): avc: denied { dac_read_search } for capability=2 scontext=u:r:zygote:s0 tcontext=u:r:zygote:s0 tclass=capability permissive=1
03-22 21:15:16.319 16049 16049 I main    : type=1400 audit(0.0:1517): avc: denied { create } for name="cgroup.procs" scontext=u:r:zygote:s0 tcontext=u:object_r:cgroup:s0 tclass=file permissive=1
03-22 21:15:16.324 16049 16049 I chatty  : uid=10076(com.tencent.mobileqq) identical 59 lines
03-22 21:15:16.324  2012  7774 I ActivityManager: Start proc 16049:com.tencent.mobileqq/u0a76 for service com.tencent.mobileqq/.qipc.QIPCServiceEx
03-22 21:15:16.325  2012  2034 W ActivityManager: setHasOverlayUi called on unknown pid: 14956
03-22 21:15:16.357  2012  2059 W AppOps  : Finishing op nesting under-run: uid 1000 pkg android code 24 time=0 duration=0 nesting=0
03-22 21:15:16.418  6003  6003 I chatty  : uid=10076 com.tencent.mobileqq:MSF expire 3 lines
03-22 21:15:16.423 16049 16084 I chatty  : uid=10076(com.tencent.mobileqq) ServletForward expire 4 lines
03-22 21:15:16.430 16049 16068 I chatty  : uid=10076(com.tencent.mobileqq) QQ_SUB expire 7 lines
03-22 21:15:16.432 16049 16085 I chatty  : uid=10076(com.tencent.mobileqq) expire 30 lines
03-22 21:15:16.472 16049 16069 I chatty  : uid=10076(com.tencent.mobileqq) QQ_FILE_RW expire 3 lines
03-22 21:15:16.479 16049 16102 I chatty  : uid=10076(com.tencent.mobileqq) expire 3 lines
03-22 21:15:16.482  6003  6019 I chatty  : uid=10076(com.tencent.mobileqq) Binder:6003_4 expire 11 lines
03-22 21:15:16.492  6003  6110 I chatty  : uid=10076(com.tencent.mobileqq) MsfServiceAppMs expire 22 lines
03-22 21:15:16.495 16049 16102 I chatty  : uid=10076(com.tencent.mobileqq) expire 41 lines
03-22 21:15:16.503 16049 16085 I chatty  : uid=10076(com.tencent.mobileqq) expire 8 lines
03-22 21:15:16.510  2012  8063 I WifiService: getConnectionInfo uid=10076
03-22 21:15:16.510  2012  8063 I WifiService: getConnectionInfo uid=10076
03-22 21:15:16.512  2012  8063 I WifiService: getConnectionInfo uid=10076
03-22 21:15:16.513  2012  8063 I chatty  : uid=1000(system) Binder:2012_20 identical 2 lines
03-22 21:15:16.513  2012  8063 I WifiService: getConnectionInfo uid=10076
03-22 21:15:16.570 16049 16068 I chatty  : uid=10076(com.tencent.mobileqq) QQ_SUB expire 31 lines
03-22 21:15:16.581 16049 16054 I chatty  : uid=10076(com.tencent.mobileqq) Jit thread pool expire 6 lines
03-22 21:15:16.585 16049 16101 I chatty  : uid=10076(com.tencent.mobileqq) MSF-Receiver expire 4 lines
03-22 21:15:16.592  6003  6103 I chatty  : uid=10076(com.tencent.mobileqq) MsfCoreMsgSende expire 18 lines
03-22 21:15:16.613  2012  8063 W ActivityManager: Permission Denial: opening provider com.android.providers.contacts.ContactsProvider2 from ProcessRecord{16c0f73 16049:com.tencent.mobileqq/u0a76} (pid=16049, uid=10076) requires android.permission.READ_CONTACTS or android.permission.WRITE_CONTACTS
03-22 21:15:16.613  2012  8063 W ContentService: Ignoring content changes for content://com.android.contacts/data/phones from 10076: Permission Denial: opening provider com.android.providers.contacts.ContactsProvider2 from ProcessRecord{16c0f73 16049:com.tencent.mobileqq/u0a76} (pid=16049, uid=10076) requires android.permission.READ_CONTACTS or android.permission.WRITE_CONTACTS
03-22 21:15:16.638  6003  6122 I chatty  : uid=10076(com.tencent.mobileqq) MsfCoreSocketRe expire 19 lines
03-22 21:15:16.660 16049 16049 I chatty  : uid=10076(com.tencent.mobileqq) expire 11 lines
03-22 21:15:16.660 16049 16147 I chatty  : uid=10076(com.tencent.mobileqq) ArkAppThread expire 54 lines
03-22 21:15:16.708 16049 16095 I chatty  : uid=10076(com.tencent.mobileqq) BuglyThread-2 expire 3 lines
03-22 21:15:16.726 16049 16156 I chatty  : uid=10076(com.tencent.mobileqq) expire 9 lines
03-22 21:15:16.763  6003  6015 I chatty  : uid=10076(com.tencent.mobileqq) Binder:6003_1 expire 4 lines
03-22 21:15:16.830  6003  6126 I chatty  : uid=10076(com.tencent.mobileqq) MsfCheckDeepSle expire 6 lines
03-22 21:15:16.944 16049 16169 I chatty  : uid=10076(com.tencent.mobileqq) expire 1 line
03-22 21:15:17.075 16049 16099 I chatty  : uid=10076(com.tencent.mobileqq) expire 1 line
03-22 21:15:17.160  2012  7774 I WifiService: getConnectionInfo uid=10076
03-22 21:15:17.186 16049 16188 I chatty  : uid=10076(com.tencent.mobileqq) QQ_FTS_Sync expire 6 lines
03-22 21:15:17.262 16049 16069 I chatty  : uid=10076(com.tencent.mobileqq) QQ_FILE_RW expire 5 lines
03-22 21:15:17.396  2012  7774 I WifiService: getConnectionInfo uid=10076
03-22 21:15:17.397  2012  7774 I WifiService: getConnectionInfo uid=10076
03-22 21:15:17.403  2012  7774 I WifiService: getConnectionInfo uid=10076
03-22 21:15:17.408  2012  7774 I chatty  : uid=1000(system) Binder:2012_1F identical 2 lines
03-22 21:15:17.409  2012  7774 I WifiService: getConnectionInfo uid=10076
03-22 21:15:17.419 16049 16102 I chatty  : uid=10076(com.tencent.mobileqq) expire 60 lines
03-22 21:15:17.423 16049 16068 I chatty  : uid=10076(com.tencent.mobileqq) QQ_SUB expire 17 lines
03-22 21:15:17.436 16049 16166 I chatty  : uid=10076(com.tencent.mobileqq) QQ_DB expire 1 line
03-22 21:15:17.450  6003  6122 I chatty  : uid=10076(com.tencent.mobileqq) MsfCoreSocketRe expire 7 lines
03-22 21:15:17.452  6003  6110 I chatty  : uid=10076(com.tencent.mobileqq) MsfServiceAppMs expire 7 lines
03-22 21:15:17.462  6003  6103 I chatty  : uid=10076(com.tencent.mobileqq) MsfCoreMsgSende expire 12 lines
03-22 21:15:17.491 16049 16097 I chatty  : uid=10076(com.tencent.mobileqq) BuglyThread-3 expire 2 lines
03-22 21:15:17.522 16049 16146 I chatty  : uid=10076(com.tencent.mobileqq) Thread-11 expire 41 lines
03-22 21:15:17.525 16049 16212 I chatty  : uid=10076(com.tencent.mobileqq) ArkAnalyseThrea expire 41 lines
03-22 21:15:17.568 16049 16111 I chatty  : uid=10076(com.tencent.mobileqq) expire 4 lines
03-22 21:15:17.568 16049 16085 I chatty  : uid=10076(com.tencent.mobileqq) expire 5 lines
03-22 21:15:17.577 16049 16049 I chatty  : uid=10076(com.tencent.mobileqq) expire 1 line
03-22 21:15:17.578 16049 16226 I chatty  : uid=10076(com.tencent.mobileqq) download_async expire 2 lines
03-22 21:15:17.580 16049 16103 I chatty  : uid=10076(com.tencent.mobileqq) expire 1 line
03-22 21:15:17.593 16049 16228 I chatty  : uid=10076(com.tencent.mobileqq) resolver_thread expire 2 lines
03-22 21:15:17.614 16049 16227 I chatty  : uid=10076(com.tencent.mobileqq) BackGround_Hand expire 7 lines
03-22 21:15:17.616  1893  1893 I surfaceflinger: type=1400 audit(0.0:1532): avc: denied { sys_admin } for capability=21 scontext=u:r:surfaceflinger:s0 tcontext=u:r:surfaceflinger:s0 tclass=capability permissive=1
03-22 21:15:17.617 16049 16248 I chatty  : uid=10076(com.tencent.mobileqq) Recent_Handler expire 2 lines
03-22 21:15:17.655 16049 16259 I chatty  : uid=10076(com.tencent.mobileqq) expire 1 line
03-22 21:15:17.655  2012  8063 I WifiService: getConnectionInfo uid=10076
03-22 21:15:17.663 16049 16262 I chatty  : uid=10076(com.tencent.mobileqq) TVK_NetworkDisp expire 1 line
03-22 21:15:17.668 16049 16260 I chatty  : uid=10076(com.tencent.mobileqq) TVK_SDKReportTh expire 12 lines
03-22 21:15:17.679 16049 16270 I chatty  : uid=10076(com.tencent.mobileqq) expire 3 lines
03-22 21:15:17.682 16049 16095 I chatty  : uid=10076(com.tencent.mobileqq) BuglyThread-2 expire 1 line
03-22 21:15:17.700  1893  1893 E SurfaceFlinger: [Sprite#0] rejecting buffer: bufWidth=25, bufHeight=25, front.active.{w=22, h=28}
03-22 21:15:17.826 16049 16284 I chatty  : uid=10076(com.tencent.mobileqq) player_odk_main expire 2 lines
03-22 21:15:17.830 16049 16286 I chatty  : uid=10076(com.tencent.mobileqq) player_odk_data expire 2 lines
03-22 21:15:17.837 16049 16288 I chatty  : uid=10076(com.tencent.mobileqq) player_odk_stat expire 1 line
03-22 21:15:17.852  2012  7646 E WindowManager: Unknown window type: 2039
03-22 21:15:17.853 16049 16289 I chatty  : uid=10076(com.tencent.mobileqq) player_odk_erro expire 1 line
03-22 21:15:17.856  2012  7646 I chatty  : uid=1000(system) Binder:2012_1D identical 3 lines
03-22 21:15:17.863 16049 16267 I chatty  : uid=10076(com.tencent.mobileqq) expire 1 line
03-22 21:15:17.885  2012  7646 E WindowManager: Unknown window type: 2039
03-22 21:15:17.894  2012  2059 E WindowManager: Unknown window type: 2039
03-22 21:15:17.904  2012  8063 I WifiService: getConnectionInfo uid=10076
03-22 21:15:17.905  2012  7774 E WindowManager: Unknown window type: 2039
03-22 21:15:17.909  2012  2059 E WindowManager: Unknown window type: 2039
03-22 21:15:17.915 16049 16251 I chatty  : uid=10076(com.tencent.mobileqq) expire 1 line
03-22 21:15:17.955  2012  8063 E WindowManager: Unknown window type: 2039
03-22 21:15:17.960 16049 16293 I chatty  : uid=10076(com.tencent.mobileqq) player_odk_send expire 3 lines
03-22 21:15:17.971  2012  8063 E WindowManager: Unknown window type: 2039
03-22 21:15:17.979 16049 16054 I chatty  : uid=10076(com.tencent.mobileqq) Jit thread pool expire 2 lines
03-22 21:15:18.145 16049 16068 I chatty  : uid=10076(com.tencent.mobileqq) QQ_SUB expire 21 lines
03-22 21:15:18.148 16049 16102 I chatty  : uid=10076(com.tencent.mobileqq) expire 98 lines
03-22 21:15:18.152  6003  6103 I chatty  : uid=10076(com.tencent.mobileqq) MsfCoreMsgSende expire 10 lines
03-22 21:15:18.169 16049 16095 I chatty  : uid=10076(com.tencent.mobileqq) BuglyThread-2 expire 1 line
03-22 21:15:18.177 16049 16289 I chatty  : uid=10076(com.tencent.mobileqq) player_odk_erro expire 2 lines
03-22 21:15:18.235  6003  6122 I chatty  : uid=10076(com.tencent.mobileqq) MsfCoreSocketRe expire 3 lines
03-22 21:15:18.237  6003  6110 I chatty  : uid=10076(com.tencent.mobileqq) MsfServiceAppMs expire 3 lines
03-22 21:15:18.330 16049 16293 I chatty  : uid=10076(com.tencent.mobileqq) player_odk_send expire 1 line
03-22 21:15:18.378 16049 16104 I chatty  : uid=10076(com.tencent.mobileqq) expire 1 line
03-22 21:15:18.378 16049 16142 I chatty  : uid=10076(com.tencent.mobileqq) expire 1 line
03-22 21:15:18.379 16049 16049 I chatty  : uid=10076(com.tencent.mobileqq) expire 21 lines
03-22 21:15:18.380 16049 16097 I chatty  : uid=10076(com.tencent.mobileqq) BuglyThread-3 expire 1 line
03-22 21:15:18.384 16049 16069 I chatty  : uid=10076(com.tencent.mobileqq) QQ_FILE_RW expire 12 lines
03-22 21:15:18.388 16049 16317 I chatty  : uid=10076(com.tencent.mobileqq) expire 6 lines
03-22 21:15:18.392  2012  2059 E WindowManager: Unknown window type: 2039
03-22 21:15:18.394  2012  8063 E WindowManager: Unknown window type: 2039
03-22 21:15:18.431 16049 16287 I chatty  : uid=10076(com.tencent.mobileqq) Binder:16049_4 expire 2 lines
03-22 21:15:18.431 16049 16101 I chatty  : uid=10076(com.tencent.mobileqq) MSF-Receiver expire 10 lines
03-22 21:15:18.434 16049 16323 I chatty  : uid=10076(com.tencent.mobileqq) kandian_network expire 5 lines
03-22 21:15:18.459 16049 16326 I chatty  : uid=10076(com.tencent.mobileqq) expire 2 lines
03-22 21:15:18.473 16049 16328 I chatty  : uid=10076(com.tencent.mobileqq) expire 5 lines
03-22 21:15:18.482 16049 16188 I chatty  : uid=10076(com.tencent.mobileqq) QQ_FTS_Sync expire 34 lines
03-22 21:15:18.489 16049 16332 I chatty  : uid=10076(com.tencent.mobileqq) unified-monitor expire 14 lines
03-22 21:15:18.494 16049 16099 I chatty  : uid=10076(com.tencent.mobileqq) expire 21 lines
03-22 21:15:18.496 16049 16102 I chatty  : uid=10076(com.tencent.mobileqq) expire 32 lines
03-22 21:15:18.497 16049 16104 I chatty  : uid=10076(com.tencent.mobileqq) expire 2 lines
03-22 21:15:18.498 16049 16188 I chatty  : uid=10076(com.tencent.mobileqq) QQ_FTS_Sync expire 14 lines
03-22 21:15:18.500 16049 16049 I chatty  : uid=10076(com.tencent.mobileqq) expire 1 line
03-22 21:15:18.509 16049 16101 I chatty  : uid=10076(com.tencent.mobileqq) MSF-Receiver expire 5 lines
03-22 21:15:18.535 16049 16069 I chatty  : uid=10076(com.tencent.mobileqq) QQ_FILE_RW expire 8 lines
03-22 21:15:18.539  6003  6103 I chatty  : uid=10076(com.tencent.mobileqq) MsfCoreMsgSende expire 6 lines
03-22 21:15:18.542  6003  6122 I chatty  : uid=10076(com.tencent.mobileqq) MsfCoreSocketRe expire 4 lines
03-22 21:15:18.542 16049 16287 I chatty  : uid=10076(com.tencent.mobileqq) Binder:16049_4 expire 8 lines
03-22 21:15:18.542  6003  6110 I chatty  : uid=10076(com.tencent.mobileqq) MsfServiceAppMs expire 4 lines
03-22 21:15:18.560 16049 16068 I chatty  : uid=10076(com.tencent.mobileqq) QQ_SUB expire 120 lines
03-22 21:15:18.583 16049 16166 I chatty  : uid=10076(com.tencent.mobileqq) QQ_DB expire 2 lines
03-22 21:15:18.600 16049 16146 I chatty  : uid=10076(com.tencent.mobileqq) Thread-11 expire 22 lines
03-22 21:15:18.612  2399  6317 E PhoneInterfaceManager: [PhoneIntfMgr] getIccId: No UICC
03-22 21:15:18.615  2012  8063 I WifiService: getConnectionInfo uid=10076
03-22 21:15:18.620  2012  8063 I WifiService: getConnectionInfo uid=10076
03-22 21:15:18.633 16049 16095 I chatty  : uid=10076(com.tencent.mobileqq) BuglyThread-2 expire 1 line
03-22 21:15:18.651  2012  8063 I WifiService: getConnectionInfo uid=10076
03-22 21:15:18.658 16049 16323 I chatty  : uid=10076(com.tencent.mobileqq) kandian_network expire 4 lines
03-22 21:15:18.673  2012  8063 I chatty  : uid=1000(system) Binder:2012_20 identical 2 lines
03-22 21:15:18.676 16049 16054 I chatty  : uid=10076(com.tencent.mobileqq) Jit thread pool expire 3 lines
03-22 21:15:18.679 16049 16146 I chatty  : uid=10076(com.tencent.mobileqq) Thread-11 expire 31 lines
03-22 21:15:18.689  2012  8063 E WindowManager: Unknown window type: 2039
03-22 21:15:18.691  6003  6103 I chatty  : uid=10076(com.tencent.mobileqq) MsfCoreMsgSende expire 10 lines
03-22 21:15:18.700 16049 16102 I chatty  : uid=10076(com.tencent.mobileqq) expire 44 lines
03-22 21:15:18.721  6003  6122 I chatty  : uid=10076(com.tencent.mobileqq) MsfCoreSocketRe expire 6 lines
03-22 21:15:18.723 16049 16287 I chatty  : uid=10076(com.tencent.mobileqq) Binder:16049_4 expire 12 lines
03-22 21:15:18.723  6003  6110 I chatty  : uid=10076(com.tencent.mobileqq) MsfServiceAppMs expire 6 lines
03-22 21:15:18.761 16049 16101 I chatty  : uid=10076(com.tencent.mobileqq) MSF-Receiver expire 91 lines
03-22 21:15:18.762 16049 16166 I chatty  : uid=10076(com.tencent.mobileqq) QQ_DB expire 6 lines
03-22 21:15:18.774 16049 16049 I chatty  : uid=10076(com.tencent.mobileqq) expire 3 lines
03-22 21:15:18.806  2012  2059 E WindowManager: Unknown window type: 2039
03-22 21:15:18.826 16049 16068 I chatty  : uid=10076(com.tencent.mobileqq) QQ_SUB expire 23 lines
03-22 21:15:18.965 16049 16097 I chatty  : uid=10076(com.tencent.mobileqq) BuglyThread-3 expire 1 line
03-22 21:15:19.392 16049 16066 I chatty  : uid=10076(com.tencent.mobileqq) logWriteThread expire 21 lines
03-22 21:15:19.406 16049 16095 I chatty  : uid=10076(com.tencent.mobileqq) BuglyThread-2 expire 2 lines
03-22 21:15:19.444  2012  7774 E WindowManager: Unknown window type: 2039
03-22 21:15:19.444  2012  7774 I chatty  : uid=1000(system) Binder:2012_1F identical 1 line
03-22 21:15:19.444  2012  7774 E WindowManager: Unknown window type: 2039
03-22 21:15:19.446 16049 16068 I chatty  : uid=10076(com.tencent.mobileqq) QQ_SUB expire 75 lines
03-22 21:15:19.453  2117  2117 V PanelBar: onTouch: no panel for touch at (29,31)
03-22 21:15:19.465  2012  8063 E WindowManager: Unknown window type: 2039
03-22 21:15:19.467  2012  8063 E WindowManager: Unknown window type: 2039
03-22 21:15:19.503 16049 16102 I chatty  : uid=10076(com.tencent.mobileqq) expire 90 lines
03-22 21:15:19.525  2117  2117 I RenderThread: type=1400 audit(0.0:1533): avc: denied { map } for path="/dev/dri/card0" dev="tmpfs" ino=6548 scontext=u:r:platform_app:s0:c512,c768 tcontext=u:object_r:device:s0 tclass=chr_file permissive=1
03-22 21:15:19.525  2117  2117 I RenderThread: type=1400 audit(0.0:1534): avc: denied { read write } for path="/dev/dri/card0" dev="tmpfs" ino=6548 scontext=u:r:platform_app:s0:c512,c768 tcontext=u:object_r:device:s0 tclass=chr_file permissive=1
03-22 21:15:19.530  2012  2059 E WindowManager: Unknown window type: 2039
03-22 21:15:19.539  2012  2059 E WindowManager: Unknown window type: 2039
03-22 21:15:19.540  2012  8063 E WindowManager: Unknown window type: 2039
03-22 21:15:19.625 16049 16097 I chatty  : uid=10076(com.tencent.mobileqq) BuglyThread-3 expire 2 lines
03-22 21:15:19.656  2012  2059 E WindowManager: Unknown window type: 2039
03-22 21:15:19.740 16049 16069 I chatty  : uid=10076(com.tencent.mobileqq) QQ_FILE_RW expire 15 lines
03-22 21:15:19.865  6003  6103 I chatty  : uid=10076(com.tencent.mobileqq) MsfCoreMsgSende expire 8 lines
03-22 21:15:19.868 16049 16049 I chatty  : uid=10076(com.tencent.mobileqq) expire 8 lines
03-22 21:15:19.868 16049 16084 I chatty  : uid=10076(com.tencent.mobileqq) ServletForward expire 3 lines
03-22 21:15:19.908  6003  6122 I chatty  : uid=10076(com.tencent.mobileqq) MsfCoreSocketRe expire 3 lines
03-22 21:15:19.909 16049 16287 I chatty  : uid=10076(com.tencent.mobileqq) Binder:16049_4 expire 6 lines
03-22 21:15:19.910  6003  6110 I chatty  : uid=10076(com.tencent.mobileqq) MsfServiceAppMs expire 3 lines
03-22 21:15:19.910 16049 16101 I chatty  : uid=10076(com.tencent.mobileqq) MSF-Receiver expire 39 lines
03-22 21:15:20.077 16049 16366 I chatty  : uid=10076(com.tencent.mobileqq) expire 2 lines
03-22 21:15:20.150 16049 16069 I chatty  : uid=10076(com.tencent.mobileqq) QQ_FILE_RW expire 25 lines
03-22 21:15:20.154 16049 16101 I chatty  : uid=10076(com.tencent.mobileqq) MSF-Receiver expire 73 lines
03-22 21:15:20.158 16049 16068 I chatty  : uid=10076(com.tencent.mobileqq) QQ_SUB expire 13 lines
03-22 21:15:20.174 16049 16095 I chatty  : uid=10076(com.tencent.mobileqq) BuglyThread-2 expire 1 line
03-22 21:15:20.396 16049 16097 I chatty  : uid=10076(com.tencent.mobileqq) BuglyThread-3 expire 1 line
03-22 21:15:20.498 16049 16049 I chatty  : uid=10076(com.tencent.mobileqq) expire 2 lines
03-22 21:15:20.498 16049 16102 I chatty  : uid=10076(com.tencent.mobileqq) expire 4 lines
03-22 21:15:20.500 16049 16369 I chatty  : uid=10076(com.tencent.mobileqq) expire 72 lines
03-22 21:15:20.503 16049 16370 I chatty  : uid=10076(com.tencent.mobileqq) expire 64 lines
03-22 21:15:20.512  6003  6103 I chatty  : uid=10076(com.tencent.mobileqq) MsfCoreMsgSende expire 4 lines
03-22 21:15:20.528 16049 16374 I chatty  : uid=10076(com.tencent.mobileqq) FaceDecodeThrea expire 3 lines
03-22 21:15:20.571  6003  6122 I chatty  : uid=10076(com.tencent.mobileqq) MsfCoreSocketRe expire 1 line
03-22 21:15:20.573 16049 16287 I chatty  : uid=10076(com.tencent.mobileqq) Binder:16049_4 expire 8 lines
03-22 21:15:20.574 16049 16101 I chatty  : uid=10076(com.tencent.mobileqq) MSF-Receiver expire 27 lines
03-22 21:15:20.575  6003  6110 I chatty  : uid=10076(com.tencent.mobileqq) MsfServiceAppMs expire 4 lines
03-22 21:15:20.587 16049 16095 I chatty  : uid=10076(com.tencent.mobileqq) BuglyThread-2 expire 1 line
03-22 21:15:20.611 16049 16376 I chatty  : uid=10076(com.tencent.mobileqq) expire 4 lines
03-22 21:15:20.613 16049 16369 I chatty  : uid=10076(com.tencent.mobileqq) expire 170 lines
03-22 21:15:20.615  6003  6103 I chatty  : uid=10076(com.tencent.mobileqq) MsfCoreMsgSende expire 4 lines
03-22 21:15:20.617 16049 16378 I chatty  : uid=10076(com.tencent.mobileqq) expire 10 lines
03-22 21:15:20.618  6003  6122 I chatty  : uid=10076(com.tencent.mobileqq) MsfCoreSocketRe expire 3 lines
03-22 21:15:20.621 16049 16068 I chatty  : uid=10076(com.tencent.mobileqq) QQ_SUB expire 4 lines
03-22 21:15:20.633 16049 16379 I chatty  : uid=10076(com.tencent.mobileqq) expire 7 lines
03-22 21:15:20.707 16049 16382 I chatty  : uid=10076(com.tencent.mobileqq) expire 9 lines
03-22 21:15:20.710 16049 16383 I chatty  : uid=10076(com.tencent.mobileqq) expire 6 lines
03-22 21:15:20.714 16049 16369 I chatty  : uid=10076(com.tencent.mobileqq) expire 239 lines
03-22 21:15:20.715  6003  6103 I chatty  : uid=10076(com.tencent.mobileqq) MsfCoreMsgSende expire 4 lines
03-22 21:15:20.739 16049 16049 I chatty  : uid=10076(com.tencent.mobileqq) expire 1 line
03-22 21:15:20.752 16049 16392 I chatty  : uid=10076(com.tencent.mobileqq) expire 5 lines
03-22 21:15:20.752  6003  6122 I chatty  : uid=10076(com.tencent.mobileqq) MsfCoreSocketRe expire 1 line
03-22 21:15:20.753 16049 16287 I chatty  : uid=10076(com.tencent.mobileqq) Binder:16049_4 expire 2 lines
03-22 21:15:20.754  6003  6110 I chatty  : uid=10076(com.tencent.mobileqq) MsfServiceAppMs expire 1 line
03-22 21:15:20.788 16049 16068 I chatty  : uid=10076(com.tencent.mobileqq) QQ_SUB expire 2 lines
03-22 21:15:20.813 16049 16369 I chatty  : uid=10076(com.tencent.mobileqq) expire 248 lines
03-22 21:15:20.815  6003  6103 I chatty  : uid=10076(com.tencent.mobileqq) MsfCoreMsgSende expire 2 lines
03-22 21:15:20.834  6003  6122 I chatty  : uid=10076(com.tencent.mobileqq) MsfCoreSocketRe expire 1 line
03-22 21:15:20.835 16049 16287 I chatty  : uid=10076(com.tencent.mobileqq) Binder:16049_4 expire 2 lines
03-22 21:15:20.835  6003  6110 I chatty  : uid=10076(com.tencent.mobileqq) MsfServiceAppMs expire 1 line
03-22 21:15:20.849 16049 16097 I chatty  : uid=10076(com.tencent.mobileqq) BuglyThread-3 expire 1 line
03-22 21:15:20.855 16049 16369 I chatty  : uid=10076(com.tencent.mobileqq) expire 179 lines
03-22 21:15:20.865  6003  6103 I chatty  : uid=10076(com.tencent.mobileqq) MsfCoreMsgSende expire 4 lines
03-22 21:15:20.904 16049 16068 I chatty  : uid=10076(com.tencent.mobileqq) QQ_SUB expire 1 line
03-22 21:15:20.917  6003  6122 I chatty  : uid=10076(com.tencent.mobileqq) MsfCoreSocketRe expire 1 line
03-22 21:15:20.917 16049 16287 I chatty  : uid=10076(com.tencent.mobileqq) Binder:16049_4 expire 2 lines
03-22 21:15:20.917  6003  6110 I chatty  : uid=10076(com.tencent.mobileqq) MsfServiceAppMs expire 1 line
03-22 21:15:20.940 16049 16101 I chatty  : uid=10076(com.tencent.mobileqq) MSF-Receiver expire 141 lines
03-22 21:15:20.945  1892  1892 I lmkd    : type=1400 audit(0.0:1538): avc: denied { dac_read_search } for capability=2 scontext=u:r:lmkd:s0 tcontext=u:r:lmkd:s0 tclass=capability permissive=1
03-22 21:15:20.947 16049 16429 I chatty  : uid=10076(com.tencent.mobileqq) expire 46 lines
03-22 21:15:20.950 16049 16069 I chatty  : uid=10076(com.tencent.mobileqq) QQ_FILE_RW expire 9 lines
03-22 21:15:20.964  6003  6103 I chatty  : uid=10076(com.tencent.mobileqq) MsfCoreMsgSende expire 6 lines
03-22 21:15:20.979 16049 16068 I chatty  : uid=10076(com.tencent.mobileqq) QQ_SUB expire 100 lines
03-22 21:15:20.987  6003  6122 I chatty  : uid=10076(com.tencent.mobileqq) MsfCoreSocketRe expire 3 lines
03-22 21:15:20.987 16049 16287 I chatty  : uid=10076(com.tencent.mobileqq) Binder:16049_4 expire 6 lines
03-22 21:15:20.987  6003  6110 I chatty  : uid=10076(com.tencent.mobileqq) MsfServiceAppMs expire 3 lines
03-22 21:15:20.989 16049 16054 I chatty  : uid=10076(com.tencent.mobileqq) Jit thread pool expire 2 lines
03-22 21:15:21.015 16049 16369 I chatty  : uid=10076(com.tencent.mobileqq) expire 1 line
03-22 21:15:21.028 16049 16392 I chatty  : uid=10076(com.tencent.mobileqq) expire 4 lines
03-22 21:15:21.061 16049 16166 I chatty  : uid=10076(com.tencent.mobileqq) QQ_DB expire 26 lines
03-22 21:15:21.072 16049 16068 I chatty  : uid=10076(com.tencent.mobileqq) QQ_SUB expire 29 lines
03-22 21:15:21.094  6003  6122 I chatty  : uid=10076(com.tencent.mobileqq) MsfCoreSocketRe expire 9 lines
03-22 21:15:21.095 16049 16287 I chatty  : uid=10076(com.tencent.mobileqq) Binder:16049_4 expire 18 lines
03-22 21:15:21.095  6003  6110 I chatty  : uid=10076(com.tencent.mobileqq) MsfServiceAppMs expire 9 lines
03-22 21:15:21.110  2117  2117 D ViewRootImpl[OpenthosStatusBar]: updatePointerIcon called with position out of bounds
03-22 21:15:21.110  2117  2117 D ViewRootImpl[StatusBar]: updatePointerIcon called with position out of bounds
03-22 21:15:21.115  6003  6103 I chatty  : uid=10076(com.tencent.mobileqq) MsfCoreMsgSende expire 22 lines
03-22 21:15:21.158 16049 16369 I chatty  : uid=10076(com.tencent.mobileqq) expire 80 lines
03-22 21:15:21.161 16049 16379 I chatty  : uid=10076(com.tencent.mobileqq) expire 23 lines
03-22 21:15:21.196 16049 16095 I chatty  : uid=10076(com.tencent.mobileqq) BuglyThread-2 expire 1 line
03-22 21:15:21.201 16049 16049 I chatty  : uid=10076(com.tencent.mobileqq) expire 8 lines
03-22 21:15:21.202 16049 16099 I chatty  : uid=10076(com.tencent.mobileqq) expire 1 line
03-22 21:15:21.208 16049 16437 I chatty  : uid=10076(com.tencent.mobileqq) expire 1 line
03-22 21:15:21.241 16049 16101 I chatty  : uid=10076(com.tencent.mobileqq) MSF-Receiver expire 29 lines
03-22 21:15:21.273  1881  3878 I audio_hw_primary: choose pcmC0D0p for 0
03-22 21:15:21.273  2012  8063 I ActivityManager: START u0 {act=android.intent.action.MAIN cat=[android.intent.category.LAUNCHER] flg=0x30000000 cmp=com.tencent.mobileqq/.activity.SplashActivity} from uid 10033
03-22 21:15:21.275  2012  8063 E ActivityManager: applyOptionsLocked: Unknown animationType=0
03-22 21:15:21.277  2012  8063 E WindowManager: Unknown window type: 2039
03-22 21:15:21.280  2012  7646 E WindowManager: Unknown window type: 2039
03-22 21:15:21.281  2117  2117 I StatusBar: taskId 16 keep true cmpComponentInfo{com.tencent.mobileqq/com.tencent.mobileqq.activity.SplashActivity}
03-22 21:15:21.322  2012  2059 E WindowManager: Unknown window type: 2039
03-22 21:15:21.324  2012  8063 E WindowManager: Unknown window type: 2039
03-22 21:15:21.340  2012  8063 E WindowManager: Unknown window type: 2039
03-22 21:15:21.342 16049 16440 I chatty  : uid=10076(com.tencent.mobileqq) RenderThread expire 5 lines
03-22 21:15:21.407  2012  2059 E WindowManager: Unknown window type: 2039
03-22 21:15:21.436 16049 16259 I chatty  : uid=10076(com.tencent.mobileqq) expire 2 lines
03-22 21:15:21.448 16049 16097 I chatty  : uid=10076(com.tencent.mobileqq) BuglyThread-3 expire 1 line
03-22 21:15:21.488  6003  6015 I chatty  : uid=10076(com.tencent.mobileqq) Binder:6003_1 expire 1 line
03-22 21:15:21.489 16049 16248 I chatty  : uid=10076(com.tencent.mobileqq) Recent_Handler expire 20 lines
03-22 21:15:21.490 16049 16166 I chatty  : uid=10076(com.tencent.mobileqq) QQ_DB expire 22 lines
03-22 21:15:21.490  2012  2034 I ActivityManager: Displayed com.tencent.mobileqq/.activity.SplashActivity: +212ms
03-22 21:15:21.491 16049 16101 I chatty  : uid=10076(com.tencent.mobileqq) MSF-Receiver expire 163 lines
03-22 21:15:21.492 16049 16068 I chatty  : uid=10076(com.tencent.mobileqq) QQ_SUB expire 26 lines
03-22 21:15:21.493 16049 16049 I chatty  : uid=10076(com.tencent.mobileqq) expire 10 lines
03-22 21:15:21.495 16049 16446 I chatty  : uid=10076(com.tencent.mobileqq) expire 2 lines
03-22 21:15:21.498  6003  6103 I chatty  : uid=10076(com.tencent.mobileqq) MsfCoreMsgSende expire 10 lines
03-22 21:15:21.522  6003  6122 I chatty  : uid=10076(com.tencent.mobileqq) MsfCoreSocketRe expire 1 line
03-22 21:15:21.522 16049 16287 I chatty  : uid=10076(com.tencent.mobileqq) Binder:16049_4 expire 2 lines
03-22 21:15:21.522  6003  6110 I chatty  : uid=10076(com.tencent.mobileqq) MsfServiceAppMs expire 1 line
03-22 21:15:21.534 16049 16069 I chatty  : uid=10076(com.tencent.mobileqq) QQ_FILE_RW expire 8 lines
03-22 21:15:21.535 16049 16383 I chatty  : uid=10076(com.tencent.mobileqq) expire 1 line
03-22 21:15:21.537 16049 16370 I chatty  : uid=10076(com.tencent.mobileqq) expire 7 lines
03-22 21:15:21.540 16049 16101 I chatty  : uid=10076(com.tencent.mobileqq) MSF-Receiver expire 213 lines
03-22 21:15:21.540 16049 16068 I chatty  : uid=10076(com.tencent.mobileqq) QQ_SUB expire 12 lines
03-22 21:15:21.558  6003  6122 I chatty  : uid=10076(com.tencent.mobileqq) MsfCoreSocketRe expire 7 lines
03-22 21:15:21.559 16049 16287 I chatty  : uid=10076(com.tencent.mobileqq) Binder:16049_4 expire 14 lines
03-22 21:15:21.561  6003  6110 I chatty  : uid=10076(com.tencent.mobileqq) MsfServiceAppMs expire 7 lines
03-22 21:15:21.595 16049 16049 I chatty  : uid=10076(com.tencent.mobileqq) expire 49 lines
03-22 21:15:21.666 16049 16101 I chatty  : uid=10076(com.tencent.mobileqq) MSF-Receiver expire 96 lines
03-22 21:15:21.674 16049 16068 I chatty  : uid=10076(com.tencent.mobileqq) QQ_SUB expire 26 lines
03-22 21:15:21.675 16049 16370 I chatty  : uid=10076(com.tencent.mobileqq) expire 21 lines
03-22 21:15:21.676 16049 16427 I chatty  : uid=10076(com.tencent.mobileqq) expire 4 lines
03-22 21:15:21.676  6003  6103 I chatty  : uid=10076(com.tencent.mobileqq) MsfCoreMsgSende expire 6 lines
03-22 21:15:21.678 16049 16448 I chatty  : uid=10076(com.tencent.mobileqq) expire 1 line
03-22 21:15:21.682  6003  6122 I chatty  : uid=10076(com.tencent.mobileqq) MsfCoreSocketRe expire 3 lines
03-22 21:15:21.682 16049 16287 I chatty  : uid=10076(com.tencent.mobileqq) Binder:16049_4 expire 6 lines
03-22 21:15:21.682  6003  6110 I chatty  : uid=10076(com.tencent.mobileqq) MsfServiceAppMs expire 3 lines
03-22 21:15:21.713 16049 16095 I chatty  : uid=10076(com.tencent.mobileqq) BuglyThread-2 expire 1 line
03-22 21:15:21.718 16049 16049 D ViewRootImpl[SplashActivity]: updatePointerIcon called with position out of bounds
03-22 21:15:21.766 16049 16166 I chatty  : uid=10076(com.tencent.mobileqq) QQ_DB expire 7 lines
03-22 21:15:21.766 16049 16382 I chatty  : uid=10076(com.tencent.mobileqq) expire 2 lines
03-22 21:15:21.769 16049 16248 I chatty  : uid=10076(com.tencent.mobileqq) Recent_Handler expire 30 lines
03-22 21:15:21.818 16049 16376 I chatty  : uid=10076(com.tencent.mobileqq) expire 1 line
03-22 21:15:21.822 16049 16099 I chatty  : uid=10076(com.tencent.mobileqq) expire 1 line
03-22 21:15:21.825 16049 16453 I chatty  : uid=10076(com.tencent.mobileqq) expire 1 line
03-22 21:15:21.826 16049 16049 I chatty  : uid=10076(com.tencent.mobileqq) expire 107 lines
03-22 21:15:21.826 16049 16068 I chatty  : uid=10076(com.tencent.mobileqq) QQ_SUB expire 39 lines
03-22 21:15:21.831 16049 16069 I chatty  : uid=10076(com.tencent.mobileqq) QQ_FILE_RW expire 7 lines
03-22 21:15:21.836 16049 16376 I chatty  : uid=10076(com.tencent.mobileqq) expire 6 lines
03-22 21:15:21.838 16049 16448 I chatty  : uid=10076(com.tencent.mobileqq) expire 12 lines
03-22 21:15:21.842 16049 16437 I chatty  : uid=10076(com.tencent.mobileqq) expire 4 lines
03-22 21:15:21.843  6003  6103 I chatty  : uid=10076(com.tencent.mobileqq) MsfCoreMsgSende expire 4 lines
03-22 21:15:21.844 16049 16378 I chatty  : uid=10076(com.tencent.mobileqq) expire 1 line
03-22 21:15:21.846  2399  6317 E PhoneInterfaceManager: [PhoneIntfMgr] getIccId: No UICC
03-22 21:15:21.846 16049 16456 I chatty  : uid=10076(com.tencent.mobileqq) expire 1 line
03-22 21:15:21.849  2012  7646 I WifiService: getConnectionInfo uid=10076
03-22 21:15:21.849 16049 16101 I chatty  : uid=10076(com.tencent.mobileqq) MSF-Receiver expire 2 lines
03-22 21:15:21.851  2012  7646 I WifiService: getConnectionInfo uid=10076
03-22 21:15:21.852 16049 16461 I chatty  : uid=10076(com.tencent.mobileqq) expire 3 lines
03-22 21:15:21.852 16049 16460 I chatty  : uid=10076(com.tencent.mobileqq) expire 12 lines
03-22 21:15:21.853 16049 16459 I chatty  : uid=10076(com.tencent.mobileqq) expire 36 lines
03-22 21:15:21.854 16049 16458 I chatty  : uid=10076(com.tencent.mobileqq) expire 1 line
03-22 21:15:21.855 16049 16427 I chatty  : uid=10076(com.tencent.mobileqq) expire 1 line
03-22 21:15:21.855 16049 16457 I chatty  : uid=10076(com.tencent.mobileqq) expire 2 lines
03-22 21:15:21.857  2012  8063 I WifiService: getConnectionInfo uid=10076
03-22 21:15:21.876  6003  6126 I chatty  : uid=10076(com.tencent.mobileqq) MsfCheckDeepSle expire 11 lines
03-22 21:15:21.878 16049 16323 I chatty  : uid=10076(com.tencent.mobileqq) kandian_network expire 4 lines
03-22 21:15:21.881  6003  6122 I chatty  : uid=10076(com.tencent.mobileqq) MsfCoreSocketRe expire 1 line
03-22 21:15:21.882 16049 16287 I chatty  : uid=10076(com.tencent.mobileqq) Binder:16049_4 expire 2 lines
03-22 21:15:21.882  6003  6110 I chatty  : uid=10076(com.tencent.mobileqq) MsfServiceAppMs expire 2 lines
03-22 21:15:21.904 16049 16049 I chatty  : uid=10076(com.tencent.mobileqq) expire 148 lines
03-22 21:15:21.907  6003  6126 I chatty  : uid=10076(com.tencent.mobileqq) MsfCheckDeepSle expire 10 lines
03-22 21:15:21.911 16049 16248 I chatty  : uid=10076(com.tencent.mobileqq) Recent_Handler expire 33 lines
03-22 21:15:21.911 16049 16382 I chatty  : uid=10076(com.tencent.mobileqq) expire 1 line
03-22 21:15:21.911 16049 16068 I chatty  : uid=10076(com.tencent.mobileqq) QQ_SUB expire 27 lines
03-22 21:15:21.912 16049 16099 I chatty  : uid=10076(com.tencent.mobileqq) expire 1 line
03-22 21:15:21.914 16049 16378 I chatty  : uid=10076(com.tencent.mobileqq) expire 1 line
03-22 21:15:21.949 16049 16101 I chatty  : uid=10076(com.tencent.mobileqq) MSF-Receiver expire 34 lines
03-22 21:15:21.952 16049 16069 I chatty  : uid=10076(com.tencent.mobileqq) QQ_FILE_RW expire 1 line
03-22 21:15:21.968  6003  6122 I chatty  : uid=10076(com.tencent.mobileqq) MsfCoreSocketRe expire 1 line
03-22 21:15:21.970 16049 16287 I chatty  : uid=10076(com.tencent.mobileqq) Binder:16049_4 expire 2 lines
03-22 21:15:21.987 16049 16460 I chatty  : uid=10076(com.tencent.mobileqq) expire 1 line
03-22 21:15:21.992 16049 16049 I chatty  : uid=10076(com.tencent.mobileqq) expire 24 lines
03-22 21:15:21.997  6003  6122 I chatty  : uid=10076(com.tencent.mobileqq) MsfCoreSocketRe expire 1 line
03-22 21:15:21.997 16049 16287 I chatty  : uid=10076(com.tencent.mobileqq) Binder:16049_4 expire 2 lines
03-22 21:15:21.997  6003  6110 I chatty  : uid=10076(com.tencent.mobileqq) MsfServiceAppMs expire 1 line
03-22 21:15:22.012 16049 16068 I chatty  : uid=10076(com.tencent.mobileqq) QQ_SUB expire 10 lines
03-22 21:15:22.041 16049 16097 I chatty  : uid=10076(com.tencent.mobileqq) BuglyThread-3 expire 1 line
03-22 21:15:22.056 16049 16049 I chatty  : uid=10076(com.tencent.mobileqq) identical 7 lines
03-22 21:15:22.073 16049 16049 D ViewRootImpl[SplashActivity]: updatePointerIcon called with position out of bounds
03-22 21:15:22.094 16049 16166 I chatty  : uid=10076(com.tencent.mobileqq) QQ_DB expire 3 lines
03-22 21:15:22.094 16049 16448 I chatty  : uid=10076(com.tencent.mobileqq) expire 6 lines
03-22 21:15:22.095 16049 16248 I chatty  : uid=10076(com.tencent.mobileqq) Recent_Handler expire 17 lines
03-22 21:15:22.118 16049 16101 I chatty  : uid=10076(com.tencent.mobileqq) MSF-Receiver expire 177 lines
03-22 21:15:22.123 16049 16376 I chatty  : uid=10076(com.tencent.mobileqq) expire 6 lines
03-22 21:15:22.130 16049 16158 I chatty  : uid=10076(com.tencent.mobileqq) expire 6 lines
03-22 21:15:22.137 16049 16437 I chatty  : uid=10076(com.tencent.mobileqq) expire 1 line
03-22 21:15:22.140 16049 16101 I chatty  : uid=10076(com.tencent.mobileqq) MSF-Receiver expire 240 lines
03-22 21:15:22.195 16049 16459 I chatty  : uid=10076(com.tencent.mobileqq) expire 6 lines
03-22 21:15:22.199 16049 16427 I chatty  : uid=10076(com.tencent.mobileqq) expire 1 line
03-22 21:15:22.211 16049 16095 I chatty  : uid=10076(com.tencent.mobileqq) BuglyThread-2 expire 1 line
03-22 21:15:22.270 16049 16049 I chatty  : uid=10076(com.tencent.mobileqq) expire 13 lines
03-22 21:15:22.272 16049 16101 I chatty  : uid=10076(com.tencent.mobileqq) MSF-Receiver expire 148 lines
03-22 21:15:22.273 16049 16382 I chatty  : uid=10076(com.tencent.mobileqq) expire 7 lines
03-22 21:15:22.274 16049 16068 I chatty  : uid=10076(com.tencent.mobileqq) QQ_SUB expire 67 lines
03-22 21:15:22.276 16049 16099 I chatty  : uid=10076(com.tencent.mobileqq) expire 1 line
03-22 21:15:22.279  6003  6103 I chatty  : uid=10076(com.tencent.mobileqq) MsfCoreMsgSende expire 4 lines
03-22 21:15:22.281 16049 16378 I chatty  : uid=10076(com.tencent.mobileqq) expire 1 line
03-22 21:15:22.284 16049 16427 I chatty  : uid=10076(com.tencent.mobileqq) expire 1 line
03-22 21:15:22.345 16049 16097 I chatty  : uid=10076(com.tencent.mobileqq) BuglyThread-3 expire 2 lines
03-22 21:15:22.346  6003  6122 I chatty  : uid=10076(com.tencent.mobileqq) MsfCoreSocketRe expire 2 lines
03-22 21:15:22.347 16049 16287 I chatty  : uid=10076(com.tencent.mobileqq) Binder:16049_4 expire 12 lines
03-22 21:15:22.347  6003  6110 I chatty  : uid=10076(com.tencent.mobileqq) MsfServiceAppMs expire 6 lines
03-22 21:15:22.413 16049 16457 I chatty  : uid=10076(com.tencent.mobileqq) expire 4 lines
03-22 21:15:22.885 16049 16101 I chatty  : uid=10076(com.tencent.mobileqq) MSF-Receiver expire 93 lines
03-22 21:15:22.890 16049 16369 I chatty  : uid=10076(com.tencent.mobileqq) expire 103 lines
03-22 21:15:22.896 16049 16049 I chatty  : uid=10076(com.tencent.mobileqq) expire 10 lines
03-22 21:15:22.900  6003  6103 I chatty  : uid=10076(com.tencent.mobileqq) MsfCoreMsgSende expire 6 lines
03-22 21:15:22.906 16049 16099 I chatty  : uid=10076(com.tencent.mobileqq) expire 1 line
03-22 21:15:22.907 16049 16097 I chatty  : uid=10076(com.tencent.mobileqq) BuglyThread-3 expire 1 line
03-22 21:15:22.940  6003  6122 I chatty  : uid=10076(com.tencent.mobileqq) MsfCoreSocketRe expire 1 line
03-22 21:15:22.941 16049 16287 I chatty  : uid=10076(com.tencent.mobileqq) Binder:16049_4 expire 2 lines
03-22 21:15:22.941  6003  6110 I chatty  : uid=10076(com.tencent.mobileqq) MsfServiceAppMs expire 1 line
03-22 21:15:22.969 16049 16068 I chatty  : uid=10076(com.tencent.mobileqq) QQ_SUB expire 33 lines
03-22 21:15:23.021 16049 16378 I chatty  : uid=10076(com.tencent.mobileqq) expire 1 line
03-22 21:15:23.042 16049 16054 I chatty  : uid=10076(com.tencent.mobileqq) Jit thread pool expire 3 lines
03-22 21:15:23.058  2012  7646 I WifiService: getConnectionInfo uid=10076
03-22 21:15:23.234 16049 16097 I chatty  : uid=10076(com.tencent.mobileqq) BuglyThread-3 expire 1 line
03-22 21:15:23.234 16049 16068 I chatty  : uid=10076(com.tencent.mobileqq) QQ_SUB expire 75 lines
03-22 21:15:23.236 16049 16437 I chatty  : uid=10076(com.tencent.mobileqq) expire 1 line
03-22 21:15:23.240  6003  6122 I chatty  : uid=10076(com.tencent.mobileqq) MsfCoreSocketRe expire 6 lines
03-22 21:15:23.241 16049 16287 I chatty  : uid=10076(com.tencent.mobileqq) Binder:16049_4 expire 8 lines
03-22 21:15:23.241 16049 16101 I chatty  : uid=10076(com.tencent.mobileqq) MSF-Receiver expire 42 lines
03-22 21:15:23.242 16049 16427 I chatty  : uid=10076(com.tencent.mobileqq) expire 1 line
03-22 21:15:23.243  6003  6110 I chatty  : uid=10076(com.tencent.mobileqq) MsfServiceAppMs expire 6 lines
03-22 21:15:23.278 16049 16369 I chatty  : uid=10076(com.tencent.mobileqq) expire 14 lines
03-22 21:15:23.282 16049 16069 I chatty  : uid=10076(com.tencent.mobileqq) QQ_FILE_RW expire 17 lines
03-22 21:15:23.286  6003  6103 I chatty  : uid=10076(com.tencent.mobileqq) MsfCoreMsgSende expire 10 lines
03-22 21:15:23.441 16049 16049 I chatty  : uid=10076(com.tencent.mobileqq) expire 29 lines
03-22 21:15:23.450  2012  7774 I WifiService: getConnectionInfo uid=10076
03-22 21:15:24.254 16492 16492 I main    : type=1400 audit(0.0:1539): avc: denied { dac_read_search } for capability=2 scontext=u:r:zygote:s0 tcontext=u:r:zygote:s0 tclass=capability permissive=1
03-22 21:15:24.255 16492 16492 I main    : type=1400 audit(0.0:1540): avc: denied { create } for name="cgroup.procs" scontext=u:r:zygote:s0 tcontext=u:object_r:cgroup:s0 tclass=file permissive=1
03-22 21:15:24.257 16492 16492 W zygote64: Unexpected CPU variant for X86 using defaults: x86_64
03-22 21:15:24.260  2012  2066 I ActivityManager: Start proc 16492:com.android.vending/u0a28 for service com.android.vending/com.google.android.finsky.hygiene.DailyHygiene$DailyHygieneService
03-22 21:15:24.285 16492 16492 I zygote64: The ClassLoaderContext is a special shared library.
03-22 21:15:24.345  2012  2012 I Binder:2012_20: type=1400 audit(0.0:1541): avc: denied { write } for name="timerslack_ns" dev="proc" ino=217391 scontext=u:r:system_server:s0 tcontext=u:r:priv_app:s0:c512,c768 tclass=file permissive=1
