03-22 19:12:55.980  4034  4034 W PackageParser: Ignoring duplicate uses-permissions/uses-permissions-sdk-m: android.permission.WAKE_LOCK in package: com.tencent.mobileqq at: Binary XML file line #7551
03-22 19:12:55.980  4034  4034 W PackageParser: Ignoring duplicate uses-permissions/uses-permissions-sdk-m: com.android.launcher.permission.INSTALL_SHORTCUT in package: com.tencent.mobileqq at: Binary XML file line #7552
03-22 19:12:55.980  4034  4034 W PackageParser: Ignoring duplicate uses-permissions/uses-permissions-sdk-m: android.permission.RECEIVE_BOOT_COMPLETED in package: com.tencent.mobileqq at: Binary XML file line #7553
03-22 19:12:55.980  4034  4034 W PackageParser: Ignoring duplicate uses-permissions/uses-permissions-sdk-m: com.tencent.msf.permission.account.sync in package: com.tencent.mobileqq at: Binary XML file line #7555
03-22 19:12:55.981  4034  4034 W PackageParser: Unknown element under <manifest>: meta-data at /storage/emulated/0/Download/app/powerpoint_16_0_10730_20043.apk Binary XML file line #76
03-22 19:12:59.278  2012  2012 I chatty  : uid=1000 system_server expire 1 line
03-22 19:13:02.360  2117  2117 D ViewRootImpl[StatusBar]: updatePointerIcon called with position out of bounds
03-22 19:13:05.733  2012  4300 I chatty  : uid=1000(system) Binder:2012_10 expire 3 lines
03-22 19:13:05.756  2012  2034 I chatty  : uid=1000(system) android.display expire 2 lines
03-22 19:13:13.214  2117  2117 D ViewRootImpl[StatusBar]: updatePointerIcon called with position out of bounds
03-22 19:13:13.846  5945  5945 D ViewRootImpl[LoginActivity]: updatePointerIcon called with position out of bounds
03-22 19:13:14.471  5945  5945 I chatty  : uid=10076(com.tencent.mobileqq) identical 27 lines
03-22 19:13:14.488  5945  5945 D ViewRootImpl[LoginActivity]: updatePointerIcon called with position out of bounds
03-22 19:13:14.568  2012  6258 I chatty  : uid=1000(system) Binder:2012_1B expire 9 lines
03-22 19:13:15.076  2012  5836 I chatty  : uid=1000(system) Binder:2012_19 expire 1 line
03-22 19:13:15.079  2012  5071 I chatty  : uid=1000(system) Binder:2012_11 expire 1 line
03-22 19:13:15.112  2012  3592 I chatty  : uid=1000(system) Binder:2012_C expire 1 line
03-22 19:13:19.390  2117  2117 D ViewRootImpl[StatusBar]: updatePointerIcon called with position out of bounds
03-22 19:13:19.605  2012  5737 I chatty  : uid=1000(system) Binder:2012_17 expire 1 line
03-22 19:13:19.632  2012  5221 I chatty  : uid=1000(system) Binder:2012_12 expire 2 lines
03-22 19:13:19.806  2012  2023 I chatty  : uid=1000(system) Binder:2012_1 expire 2 lines
03-22 19:13:20.019  4424  4424 W ViewRootImpl[AssistActivity]: Dropping event due to no window focus: MotionEvent { action=ACTION_HOVER_MOVE, actionButton=0, id[0]=0, x[0]=576.2391, y[0]=387.16296, toolType[0]=TOOL_TYPE_MOUSE, buttonState=0, metaState=0, flags=0x0, edgeFlags=0x0, pointerCount=1, historySize=11, eventTime=1168843, downTime=1168235, deviceId=8, source=0x2002 }
03-22 19:13:20.118  4424  4424 W ViewRootImpl[AssistActivity]: Cancelling event due to no window focus: MotionEvent { action=ACTION_CANCEL, actionButton=0, id[0]=0, x[0]=577.2391, y[0]=387.16296, toolType[0]=TOOL_TYPE_MOUSE, buttonState=0, metaState=0, flags=0x0, edgeFlags=0x0, pointerCount=1, historySize=0, eventTime=1168963, downTime=1168235, deviceId=8, source=0x2002 }
03-22 19:13:20.118  4424  4424 I chatty  : uid=10073(cn.wps.moffice_eng) identical 2 lines
03-22 19:13:20.118  4424  4424 W ViewRootImpl[AssistActivity]: Cancelling event due to no window focus: MotionEvent { action=ACTION_CANCEL, actionButton=0, id[0]=0, x[0]=577.2391, y[0]=387.16296, toolType[0]=TOOL_TYPE_MOUSE, buttonState=0, metaState=0, flags=0x0, edgeFlags=0x0, pointerCount=1, historySize=0, eventTime=1168963, downTime=1168235, deviceId=8, source=0x2002 }
03-22 19:13:20.629  6527  6527 D ViewRootImpl[AuthorityActivity]: updatePointerIcon called with position out of bounds
03-22 19:13:20.688  6527  6527 I chatty  : uid=10076 com.tencent.mobileqq:openSdk identical 9 lines
03-22 19:13:20.705  6527  6527 D ViewRootImpl[AuthorityActivity]: updatePointerIcon called with position out of bounds
03-22 19:13:20.721  6527  6527 D ViewRootImpl[AuthorityActivity]: updatePointerIcon called with position out of bounds
03-22 19:13:20.855  6527  6527 D ViewRootImpl[AuthorityActivity]: updatePointerIcon called with position out of bounds
03-22 19:13:22.094  2012  2040 I chatty  : uid=1000(system) PackageManager expire 102 lines
03-22 19:13:22.266  2012  2297 I chatty  : uid=1000(system) Binder:2012_5 expire 4 lines
03-22 19:13:22.912  6527  6527 D ViewRootImpl[AuthorityActivity]: updatePointerIcon called with position out of bounds
03-22 19:13:31.356  6527  6527 D ViewRootImpl[AuthorityActivity]: updatePointerIcon called with position out of bounds
03-22 19:13:31.372  6527  6527 D ViewRootImpl[AuthorityActivity]: updatePointerIcon called with position out of bounds
03-22 19:13:31.923  2012  2059 I chatty  : uid=1000(system) android.anim expire 4 lines
03-22 19:13:33.438  2117  2117 D ViewRootImpl[]: updatePointerIcon called with position out of bounds
03-22 19:13:33.541  6527  6527 D ViewRootImpl[AuthorityActivity]: updatePointerIcon called with position out of bounds
03-22 19:13:33.556  6527  6527 D ViewRootImpl[AuthorityActivity]: updatePointerIcon called with position out of bounds
03-22 19:13:35.364  2012  3298 I chatty  : uid=1000(system) Binder:2012_A expire 3 lines
03-22 19:13:35.655  2012  5591 I chatty  : uid=1000(system) Binder:2012_15 expire 3 lines
03-22 19:13:36.572  6527  6527 D ViewRootImpl[AuthorityActivity]: updatePointerIcon called with position out of bounds
03-22 19:13:36.582  6527  6527 D ViewRootImpl[AuthorityActivity]: updatePointerIcon called with position out of bounds
03-22 19:13:39.672  4034  4034 W PackageParser: No actions in intent filter at /storage/emulated/0/Download/app/rimet_700219.apk Binary XML file line #5586
03-22 19:13:39.672  4034  4034 W PackageParser: No actions in intent filter at /storage/emulated/0/Download/app/rimet_700219.apk Binary XML file line #5591
03-22 19:13:39.697  4034  4034 W PackageParser: Unknown element under <manifest>: meta-data at /storage/emulated/0/Download/app/moffice_11.1.3_2052_cn00563_multidex_bf33c62487.apk Binary XML file line #79
03-22 19:13:39.699  4034  4034 W PackageParser: No actions in intent filter at /storage/emulated/0/Download/app/moffice_11.1.3_2052_cn00563_multidex_bf33c62487.apk Binary XML file line #4029
03-22 19:13:39.701  4034  4034 W PackageParser: Unknown element under <manifest>: meta-data at /storage/emulated/0/Download/app/word_16_0_10730_20043.apk Binary XML file line #69
03-22 19:13:39.704  4034  4034 W PackageParser: Unknown element under <manifest>: meta-data at /storage/emulated/0/Download/app/excel_16_0_10730_20043.apk Binary XML file line #66
03-22 19:13:39.704  4034  4034 W PackageParser: Unknown element under <manifest>: activity at /storage/emulated/0/Download/app/excel_16_0_10730_20043.apk Binary XML file line #86
03-22 19:13:39.708  4034  4034 W PackageParser: Ignoring duplicate uses-permissions/uses-permissions-sdk-m: com.android.launcher2.permission.READ_SETTINGS in package: com.tencent.mobileqq at: Binary XML file line #76
03-22 19:13:39.708  4034  4034 W PackageParser: Ignoring duplicate uses-permissions/uses-permissions-sdk-m: android.permission.WRITE_CONTACTS in package: com.tencent.mobileqq at: Binary XML file line #107
03-22 19:13:39.709  4034  4034 W PackageParser: No actions in intent filter at /storage/emulated/0/Download/app/mobileqq_android.apk Binary XML file line #1850
03-22 19:13:39.712  4034  4034 W PackageParser: Ignoring duplicate uses-permissions/uses-permissions-sdk-m: com.tencent.msf.permission.account.sync in package: com.tencent.mobileqq at: Binary XML file line #7535
03-22 19:13:39.712  4034  4034 W PackageParser: Ignoring duplicate uses-permissions/uses-permissions-sdk-m: android.permission.CHANGE_WIFI_STATE in package: com.tencent.mobileqq at: Binary XML file line #7542
03-22 19:13:39.712  4034  4034 W PackageParser: Ignoring duplicate uses-permissions/uses-permissions-sdk-m: android.permission.INTERNET in package: com.tencent.mobileqq at: Binary XML file line #7543
03-22 19:13:39.712  4034  4034 W PackageParser: Ignoring duplicate uses-permissions/uses-permissions-sdk-m: android.permission.ACCESS_WIFI_STATE in package: com.tencent.mobileqq at: Binary XML file line #7544
03-22 19:13:39.712  4034  4034 W PackageParser: Ignoring duplicate uses-permissions/uses-permissions-sdk-m: android.permission.ACCESS_NETWORK_STATE in package: com.tencent.mobileqq at: Binary XML file line #7545
03-22 19:13:39.712  4034  4034 W PackageParser: Ignoring duplicate uses-permissions/uses-permissions-sdk-m: android.permission.CAMERA in package: com.tencent.mobileqq at: Binary XML file line #7549
03-22 19:13:39.712  4034  4034 W PackageParser: Ignoring duplicate uses-permissions/uses-permissions-sdk-m: android.permission.READ_PHONE_STATE in package: com.tencent.mobileqq at: Binary XML file line #7550
03-22 19:13:39.712  4034  4034 W PackageParser: Ignoring duplicate uses-permissions/uses-permissions-sdk-m: android.permission.WAKE_LOCK in package: com.tencent.mobileqq at: Binary XML file line #7551
03-22 19:13:39.712  4034  4034 W PackageParser: Ignoring duplicate uses-permissions/uses-permissions-sdk-m: com.android.launcher.permission.INSTALL_SHORTCUT in package: com.tencent.mobileqq at: Binary XML file line #7552
03-22 19:13:39.712  4034  4034 W PackageParser: Ignoring duplicate uses-permissions/uses-permissions-sdk-m: android.permission.RECEIVE_BOOT_COMPLETED in package: com.tencent.mobileqq at: Binary XML file line #7553
03-22 19:13:39.712  4034  4034 W PackageParser: Ignoring duplicate uses-permissions/uses-permissions-sdk-m: com.tencent.msf.permission.account.sync in package: com.tencent.mobileqq at: Binary XML file line #7555
03-22 19:13:39.714  4034  4034 W PackageParser: Unknown element under <manifest>: meta-data at /storage/emulated/0/Download/app/powerpoint_16_0_10730_20043.apk Binary XML file line #76
03-22 19:13:44.053  5945  7110 W PackageParser: Ignoring duplicate uses-permissions/uses-permissions-sdk-m: com.android.launcher2.permission.READ_SETTINGS in package: com.tencent.mobileqq at: Binary XML file line #76
03-22 19:13:44.054  5945  7110 W PackageParser: Ignoring duplicate uses-permissions/uses-permissions-sdk-m: android.permission.WRITE_CONTACTS in package: com.tencent.mobileqq at: Binary XML file line #107
03-22 19:13:44.060  5945  7110 W PackageParser: No actions in intent filter at /data/app/com.tencent.mobileqq-N7VlCQKzAIXbMjB0xUU_GQ==/base.apk Binary XML file line #1850
03-22 19:13:44.067  5945  7110 W PackageParser: Ignoring duplicate uses-permissions/uses-permissions-sdk-m: com.tencent.msf.permission.account.sync in package: com.tencent.mobileqq at: Binary XML file line #7535
03-22 19:13:44.067  5945  7110 W PackageParser: Ignoring duplicate uses-permissions/uses-permissions-sdk-m: android.permission.CHANGE_WIFI_STATE in package: com.tencent.mobileqq at: Binary XML file line #7542
03-22 19:13:44.067  5945  7110 W PackageParser: Ignoring duplicate uses-permissions/uses-permissions-sdk-m: android.permission.INTERNET in package: com.tencent.mobileqq at: Binary XML file line #7543
03-22 19:13:44.067  5945  7110 W PackageParser: Ignoring duplicate uses-permissions/uses-permissions-sdk-m: android.permission.ACCESS_WIFI_STATE in package: com.tencent.mobileqq at: Binary XML file line #7544
03-22 19:13:44.067  5945  7110 W PackageParser: Ignoring duplicate uses-permissions/uses-permissions-sdk-m: android.permission.ACCESS_NETWORK_STATE in package: com.tencent.mobileqq at: Binary XML file line #7545
03-22 19:13:44.067  5945  7110 W PackageParser: Ignoring duplicate uses-permissions/uses-permissions-sdk-m: android.permission.CAMERA in package: com.tencent.mobileqq at: Binary XML file line #7549
03-22 19:13:44.067  5945  7110 W PackageParser: Ignoring duplicate uses-permissions/uses-permissions-sdk-m: android.permission.READ_PHONE_STATE in package: com.tencent.mobileqq at: Binary XML file line #7550
03-22 19:13:44.067  5945  7110 W PackageParser: Ignoring duplicate uses-permissions/uses-permissions-sdk-m: android.permission.WAKE_LOCK in package: com.tencent.mobileqq at: Binary XML file line #7551
03-22 19:13:44.067  5945  7110 W PackageParser: Ignoring duplicate uses-permissions/uses-permissions-sdk-m: com.android.launcher.permission.INSTALL_SHORTCUT in package: com.tencent.mobileqq at: Binary XML file line #7552
03-22 19:13:44.067  5945  7110 W PackageParser: Ignoring duplicate uses-permissions/uses-permissions-sdk-m: android.permission.RECEIVE_BOOT_COMPLETED in package: com.tencent.mobileqq at: Binary XML file line #7553
03-22 19:13:44.067  5945  7110 W PackageParser: Ignoring duplicate uses-permissions/uses-permissions-sdk-m: com.tencent.msf.permission.account.sync in package: com.tencent.mobileqq at: Binary XML file line #7555
03-22 19:13:45.643  2012  2086 I chatty  : uid=1000(system) ConnectivitySer expire 2 lines
03-22 19:13:46.374  2117  2117 D ViewRootImpl[StatusBar]: updatePointerIcon called with position out of bounds
03-22 19:13:46.646  4034  4034 W ViewRootImpl[MainActivity]: Cancelling event due to no window focus: MotionEvent { action=ACTION_CANCEL, actionButton=0, id[0]=0, x[0]=1600.4741, y[0]=16.096924, toolType[0]=TOOL_TYPE_MOUSE, buttonState=0, metaState=0, flags=0x0, edgeFlags=0x0, pointerCount=1, historySize=0, eventTime=1195491, downTime=1195219, deviceId=8, source=0x2002 }
03-22 19:13:46.646  4034  4034 I chatty  : uid=10022(org.openthos.appstore) identical 2 lines
03-22 19:13:46.646  4034  4034 W ViewRootImpl[MainActivity]: Cancelling event due to no window focus: MotionEvent { action=ACTION_CANCEL, actionButton=0, id[0]=0, x[0]=1600.4741, y[0]=16.096924, toolType[0]=TOOL_TYPE_MOUSE, buttonState=0, metaState=0, flags=0x0, edgeFlags=0x0, pointerCount=1, historySize=0, eventTime=1195491, downTime=1195219, deviceId=8, source=0x2002 }
03-22 19:13:46.854  6527  6527 D ViewRootImpl[AuthorityActivity]: updatePointerIcon called with position out of bounds
03-22 19:13:49.628  2012  2106 I chatty  : uid=1000(system) LazyTaskWriterT expire 10 lines
03-22 19:13:52.158  2117  2117 D ViewRootImpl[StatusBar]: updatePointerIcon called with position out of bounds
03-22 19:13:54.029  2012  2040 I chatty  : uid=1000(system) PackageManager expire 102 lines
03-22 19:13:55.670  2117  2117 D ViewRootImpl[StatusBar]: updatePointerIcon called with position out of bounds
03-22 19:13:57.262  2117  2117 D ViewRootImpl[StatusBar]: updatePointerIcon called with position out of bounds
03-22 19:14:06.073  6527  6527 D ViewRootImpl[AuthorityActivity]: updatePointerIcon called with position out of bounds
03-22 19:14:06.489  6527  6527 I chatty  : uid=10076 com.tencent.mobileqq:openSdk identical 25 lines
03-22 19:14:07.523  6527  6527 D ViewRootImpl[AuthorityActivity]: updatePointerIcon called with position out of bounds
03-22 19:14:08.054  2117  2117 D ViewRootImpl[StatusBar]: updatePointerIcon called with position out of bounds
03-22 19:14:08.054  6527  6527 D ViewRootImpl[AuthorityActivity]: updatePointerIcon called with position out of bounds
03-22 19:14:11.872  6527  6527 D ViewRootImpl[AuthorityActivity]: updatePointerIcon called with position out of bounds
03-22 19:14:12.590  2117  2117 D ViewRootImpl[StatusBar]: updatePointerIcon called with position out of bounds
03-22 19:14:13.251  2012  5836 I chatty  : uid=1000(system) Binder:2012_19 expire 3 lines
03-22 19:14:13.252  2012  6258 I chatty  : uid=1000(system) Binder:2012_1B expire 4 lines
03-22 19:14:13.256  2012  2034 I chatty  : uid=1000(system) android.display expire 4 lines
03-22 19:14:14.917  2117  2117 D ViewRootImpl[StatusBar]: updatePointerIcon called with position out of bounds
03-22 19:14:15.672  5488  5488 D ViewRootImpl[Spreadsheet1]: updatePointerIcon called with position out of bounds
03-22 19:14:15.972  5488  5488 I chatty  : uid=10073 cn.wps.moffice_eng:spreadsheet1 identical 11 lines
03-22 19:14:15.988  5488  5488 D ViewRootImpl[Spreadsheet1]: updatePointerIcon called with position out of bounds
03-22 19:14:16.786  2012  2026 I chatty  : uid=1000(system) android.bg expire 1 line
03-22 19:14:17.926  2117  2117 D ViewRootImpl[StatusBar]: updatePointerIcon called with position out of bounds
03-22 19:14:20.622  5488  5488 D ViewRootImpl[Spreadsheet1]: updatePointerIcon called with position out of bounds
03-22 19:14:20.638  5488  5488 D ViewRootImpl[Spreadsheet1]: updatePointerIcon called with position out of bounds
03-22 19:14:21.174  2012  4116 I chatty  : uid=1000(system) Binder:2012_F expire 23 lines
03-22 19:14:21.196  2012  2059 I chatty  : uid=1000(system) android.anim expire 15 lines
03-22 19:14:23.899  2012  3179 I chatty  : uid=1000(system) Binder:2012_9 expire 23 lines
03-22 19:14:24.731  2117  2117 W ViewRootImpl[]: Dropping event due to root view being removed: MotionEvent { action=ACTION_HOVER_ENTER, actionButton=0, id[0]=0, x[0]=74.00037, y[0]=30.043884, toolType[0]=TOOL_TYPE_MOUSE, buttonState=0, metaState=0, flags=0x0, edgeFlags=0x0, pointerCount=1, historySize=0, eventTime=1233571, downTime=1232739, deviceId=8, source=0x2002 }
03-22 19:14:24.731  2117  2117 W ViewRootImpl[]: Dropping event due to root view being removed: MotionEvent { action=ACTION_HOVER_MOVE, actionButton=0, id[0]=0, x[0]=74.00037, y[0]=30.043884, toolType[0]=TOOL_TYPE_MOUSE, buttonState=0, metaState=0, flags=0x0, edgeFlags=0x0, pointerCount=1, historySize=0, eventTime=1233571, downTime=1232739, deviceId=8, source=0x2002 }
03-22 19:14:24.732  2117  2117 D ViewRootImpl[]: updatePointerIcon called after view was removed
03-22 19:14:25.422  2117  2117 D ViewRootImpl[OpenthosStatusBar]: updatePointerIcon called with position out of bounds
03-22 19:14:25.422  2117  2117 D ViewRootImpl[StatusBar]: updatePointerIcon called with position out of bounds
03-22 19:14:25.576  2012  5759 I chatty  : uid=1000(system) Binder:2012_18 expire 5 lines
03-22 19:14:26.230  5945  5945 D ViewRootImpl[SplashActivity]: updatePointerIcon called with position out of bounds
03-22 19:14:26.240  5945  5945 I chatty  : uid=10076(com.tencent.mobileqq) identical 12 lines
03-22 19:14:26.255  5945  5945 D ViewRootImpl[SplashActivity]: updatePointerIcon called with position out of bounds
03-22 19:14:26.581  2012  5385 I chatty  : uid=1000(system) Binder:2012_14 expire 3 lines
03-22 19:14:27.488  2012  3298 I chatty  : uid=1000(system) Binder:2012_A expire 5 lines
03-22 19:14:31.021  2117  2117 D ViewRootImpl[StatusBar]: updatePointerIcon called with position out of bounds
03-22 19:14:33.158  2117  2117 D ViewRootImpl[StatusBar]: updatePointerIcon called with position out of bounds
03-22 19:14:33.340  2012  2428 I chatty  : uid=1000(system) Binder:2012_7 expire 3 lines
03-22 19:14:33.372  5945  5945 W ViewRootImpl[SplashActivity]: Dropping event due to no window focus: MotionEvent { action=ACTION_HOVER_MOVE, actionButton=0, id[0]=0, x[0]=537.6826, y[0]=180.42151, toolType[0]=TOOL_TYPE_MOUSE, buttonState=0, metaState=0, flags=0x0, edgeFlags=0x0, pointerCount=1, historySize=1, eventTime=1242211, downTime=1242003, deviceId=8, source=0x2002 }
03-22 19:14:33.383  5945  5945 W ViewRootImpl[SplashActivity]: Dropping event due to no window focus: MotionEvent { action=ACTION_HOVER_MOVE, actionButton=0, id[0]=0, x[0]=540.6826, y[0]=182.42151, toolType[0]=TOOL_TYPE_MOUSE, buttonState=0, metaState=0, flags=0x0, edgeFlags=0x0, pointerCount=1, historySize=0, eventTime=1242219, downTime=1242003, deviceId=8, source=0x2002 }
03-22 19:14:33.383  5945  5945 W ViewRootImpl[SplashActivity]: Cancelling event due to no window focus: MotionEvent { action=ACTION_CANCEL, actionButton=0, id[0]=0, x[0]=542.6826, y[0]=184.42151, toolType[0]=TOOL_TYPE_MOUSE, buttonState=0, metaState=0, flags=0x0, edgeFlags=0x0, pointerCount=1, historySize=0, eventTime=1242227, downTime=1242003, deviceId=8, source=0x2002 }
03-22 19:14:33.384  5945  5945 W ViewRootImpl[SplashActivity]: Cancelling event due to no window focus: MotionEvent { action=ACTION_CANCEL, actionButton=0, id[0]=0, x[0]=542.6826, y[0]=184.42151, toolType[0]=TOOL_TYPE_MOUSE, buttonState=0, metaState=0, flags=0x0, edgeFlags=0x0, pointerCount=1, historySize=0, eventTime=1242227, downTime=1242003, deviceId=8, source=0x2002 }
03-22 19:14:41.198  2117  2117 D ViewRootImpl[StatusBar]: updatePointerIcon called with position out of bounds
03-22 19:14:41.408  5945  5945 W ViewRootImpl[NewFriendActivity]: Dropping event due to no window focus: MotionEvent { action=ACTION_HOVER_MOVE, actionButton=0, id[0]=0, x[0]=275.57666, y[0]=283.1916, toolType[0]=TOOL_TYPE_MOUSE, buttonState=0, metaState=0, flags=0x0, edgeFlags=0x0, pointerCount=1, historySize=0, eventTime=1250203, downTime=1250043, deviceId=8, source=0x2002 }
03-22 19:14:41.425  5945  5945 W ViewRootImpl[NewFriendActivity]: Dropping event due to no window focus: MotionEvent { action=ACTION_HOVER_MOVE, actionButton=0, id[0]=0, x[0]=276.57666, y[0]=282.1916, toolType[0]=TOOL_TYPE_MOUSE, buttonState=0, metaState=0, flags=0x0, edgeFlags=0x0, pointerCount=1, historySize=0, eventTime=1250251, downTime=1250043, deviceId=8, source=0x2002 }
03-22 19:14:41.425  5945  5945 W ViewRootImpl[NewFriendActivity]: Cancelling event due to no window focus: MotionEvent { action=ACTION_CANCEL, actionButton=0, id[0]=0, x[0]=278.57666, y[0]=282.1916, toolType[0]=TOOL_TYPE_MOUSE, buttonState=0, metaState=0, flags=0x0, edgeFlags=0x0, pointerCount=1, historySize=0, eventTime=1250267, downTime=1250043, deviceId=8, source=0x2002 }
03-22 19:14:41.425  5945  5945 W ViewRootImpl[NewFriendActivity]: Cancelling event due to no window focus: MotionEvent { action=ACTION_CANCEL, actionButton=0, id[0]=0, x[0]=278.57666, y[0]=282.1916, toolType[0]=TOOL_TYPE_MOUSE, buttonState=0, metaState=0, flags=0x0, edgeFlags=0x0, pointerCount=1, historySize=0, eventTime=1250267, downTime=1250043, deviceId=8, source=0x2002 }
03-22 19:14:47.485  2117  2117 D ViewRootImpl[StatusBar]: updatePointerIcon called with position out of bounds
03-22 19:14:53.710  2117  2117 D ViewRootImpl[StatusBar]: updatePointerIcon called with position out of bounds
03-22 19:14:54.789  5945  5945 D ViewRootImpl[NewFriendActivity]: updatePointerIcon called with position out of bounds
03-22 19:14:54.839  5945  5945 D ViewRootImpl[NewFriendActivity]: updatePointerIcon called with position out of bounds
03-22 19:14:58.006  2117  2117 D ViewRootImpl[StatusBar]: updatePointerIcon called with position out of bounds
03-22 19:15:04.598  2117  2117 D ViewRootImpl[StatusBar]: updatePointerIcon called with position out of bounds
03-22 19:15:39.014  2117  2117 D ViewRootImpl[StatusBar]: updatePointerIcon called with position out of bounds
03-22 19:15:45.966  2117  2117 I chatty  : uid=10033(com.android.systemui) identical 10 lines
03-22 19:15:50.118  2117  2117 D ViewRootImpl[StatusBar]: updatePointerIcon called with position out of bounds
03-22 19:17:04.928  2012  4300 I chatty  : uid=1000(system) Binder:2012_10 expire 4 lines
03-22 19:17:04.936  2012  2030 I chatty  : uid=1000(system) batterystats-wo expire 11 lines
03-22 19:17:05.758  2012  2027 I chatty  : uid=1000(system) ActivityManager expire 4 lines
03-22 19:17:29.429  2117  2117 D ViewRootImpl[StatusBar]: updatePointerIcon called with position out of bounds
03-22 19:17:30.702  2117  2117 D ViewRootImpl[StatusBar]: updatePointerIcon called with position out of bounds
03-22 19:17:46.139  2012  3781 I chatty  : uid=1000(system) Binder:2012_D expire 1 line
03-22 19:18:04.950  2012  8063 I chatty  : uid=1000(system) Binder:2012_20 expire 1 line
03-22 19:18:11.310  2012  4116 I chatty  : uid=1000(system) Binder:2012_F expire 2 lines
03-22 19:18:11.650  2012  2024 I chatty  : uid=1000(system) Binder:2012_2 expire 4 lines
03-22 19:18:13.857  5945  5945 D ViewRootImpl[SplashActivity]: updatePointerIcon called with position out of bounds
03-22 19:18:13.886  5945  5945 D ViewRootImpl[SplashActivity]: updatePointerIcon called with position out of bounds
03-22 19:18:13.886  5488  5488 D ViewRootImpl[Spreadsheet1]: updatePointerIcon called with position out of bounds
03-22 19:18:14.022  5488  5488 I chatty  : uid=10073 cn.wps.moffice_eng:spreadsheet1 identical 10 lines
03-22 19:18:14.040  5488  5488 D ViewRootImpl[Spreadsheet1]: updatePointerIcon called with position out of bounds
03-22 19:18:15.734  5945  5945 D ViewRootImpl[SplashActivity]: updatePointerIcon called with position out of bounds
03-22 19:18:16.110  5945  5945 D ViewRootImpl[SplashActivity]: updatePointerIcon called with position out of bounds
03-22 19:18:17.398  5488  5488 D ViewRootImpl[Spreadsheet1]: updatePointerIcon called with position out of bounds
03-22 19:18:17.405  5488  5488 D ViewRootImpl[Spreadsheet1]: updatePointerIcon called with position out of bounds
03-22 19:18:20.743  2117  2117 D ViewRootImpl[StatusBar]: updatePointerIcon called with position out of bounds
03-22 19:18:27.382  2117  2117 D ViewRootImpl[StatusBar]: updatePointerIcon called with position out of bounds
03-22 19:18:29.790  2117  2117 D ViewRootImpl[StatusBar]: updatePointerIcon called with position out of bounds
03-22 19:18:30.855  5488  5488 W ViewRootImpl[Spreadsheet1]: Dropping event due to no window focus: MotionEvent { action=ACTION_HOVER_MOVE, actionButton=0, id[0]=0, x[0]=205.81342, y[0]=307.91858, toolType[0]=TOOL_TYPE_MOUSE, buttonState=0, metaState=0, flags=0x0, edgeFlags=0x0, pointerCount=1, historySize=0, eventTime=1479691, downTime=1478635, deviceId=8, source=0x2002 }
03-22 19:18:30.872  5488  5488 W ViewRootImpl[Spreadsheet1]: Dropping event due to no window focus: MotionEvent { action=ACTION_HOVER_MOVE, actionButton=0, id[0]=0, x[0]=206.84119, y[0]=303.83527, toolType[0]=TOOL_TYPE_MOUSE, buttonState=0, metaState=0, flags=0x0, edgeFlags=0x0, pointerCount=1, historySize=1, eventTime=1479707, downTime=1478635, deviceId=8, source=0x2002 }
03-22 19:18:30.888  5488  5488 W ViewRootImpl[Spreadsheet1]: Dropping event due to no window focus: MotionEvent { action=ACTION_HOVER_MOVE, actionButton=0, id[0]=0, x[0]=209.84119, y[0]=300.83527, toolType[0]=TOOL_TYPE_MOUSE, buttonState=0, metaState=0, flags=0x0, edgeFlags=0x0, pointerCount=1, historySize=1, eventTime=1479723, downTime=1478635, deviceId=8, source=0x2002 }
03-22 19:18:30.905  5488  5488 W ViewRootImpl[Spreadsheet1]: Dropping event due to no window focus: MotionEvent { action=ACTION_HOVER_MOVE, actionButton=0, id[0]=0, x[0]=209.84119, y[0]=298.83527, toolType[0]=TOOL_TYPE_MOUSE, buttonState=0, metaState=0, flags=0x0, edgeFlags=0x0, pointerCount=1, historySize=1, eventTime=1479739, downTime=1478635, deviceId=8, source=0x2002 }
03-22 19:18:30.922  5488  5488 W ViewRootImpl[Spreadsheet1]: Dropping event due to no window focus: MotionEvent { action=ACTION_HOVER_MOVE, actionButton=0, id[0]=0, x[0]=212.84119, y[0]=294.83527, toolType[0]=TOOL_TYPE_MOUSE, buttonState=0, metaState=0, flags=0x0, edgeFlags=0x0, pointerCount=1, historySize=1, eventTime=1479755, downTime=1478635, deviceId=8, source=0x2002 }
03-22 19:18:30.939  5488  5488 W ViewRootImpl[Spreadsheet1]: Dropping event due to no window focus: MotionEvent { action=ACTION_HOVER_MOVE, actionButton=0, id[0]=0, x[0]=214.84119, y[0]=291.83527, toolType[0]=TOOL_TYPE_MOUSE, buttonState=0, metaState=0, flags=0x0, edgeFlags=0x0, pointerCount=1, historySize=1, eventTime=1479771, downTime=1478635, deviceId=8, source=0x2002 }
03-22 19:18:30.955  5488  5488 W ViewRootImpl[Spreadsheet1]: Dropping event due to no window focus: MotionEvent { action=ACTION_HOVER_MOVE, actionButton=0, id[0]=0, x[0]=216.84119, y[0]=285.83527, toolType[0]=TOOL_TYPE_MOUSE, buttonState=0, metaState=0, flags=0x0, edgeFlags=0x0, pointerCount=1, historySize=2, eventTime=1479795, downTime=1478635, deviceId=8, source=0x2002 }
03-22 19:18:30.971  5488  5488 W ViewRootImpl[Spreadsheet1]: Dropping event due to no window focus: MotionEvent { action=ACTION_HOVER_MOVE, actionButton=0, id[0]=0, x[0]=217.84119, y[0]=282.83527, toolType[0]=TOOL_TYPE_MOUSE, buttonState=0, metaState=0, flags=0x0, edgeFlags=0x0, pointerCount=1, historySize=1, eventTime=1479811, downTime=1478635, deviceId=8, source=0x2002 }
03-22 19:18:30.988  5488  5488 W ViewRootImpl[Spreadsheet1]: Dropping event due to no window focus: MotionEvent { action=ACTION_HOVER_MOVE, actionButton=0, id[0]=0, x[0]=218.84119, y[0]=277.83527, toolType[0]=TOOL_TYPE_MOUSE, buttonState=0, metaState=0, flags=0x0, edgeFlags=0x0, pointerCount=1, historySize=1, eventTime=1479827, downTime=1478635, deviceId=8, source=0x2002 }
03-22 19:18:31.005  5488  5488 W ViewRootImpl[Spreadsheet1]: Dropping event due to no window focus: MotionEvent { action=ACTION_HOVER_MOVE, actionButton=0, id[0]=0, x[0]=218.84119, y[0]=274.83527, toolType[0]=TOOL_TYPE_MOUSE, buttonState=0, metaState=0, flags=0x0, edgeFlags=0x0, pointerCount=1, historySize=0, eventTime=1479843, downTime=1478635, deviceId=8, source=0x2002 }
03-22 19:18:31.022  5488  5488 W ViewRootImpl[Spreadsheet1]: Dropping event due to no window focus: MotionEvent { action=ACTION_HOVER_MOVE, actionButton=0, id[0]=0, x[0]=219.84119, y[0]=271.83527, toolType[0]=TOOL_TYPE_MOUSE, buttonState=0, metaState=0, flags=0x0, edgeFlags=0x0, pointerCount=1, historySize=1, eventTime=1479859, downTime=1478635, deviceId=8, source=0x2002 }
03-22 19:18:31.043  5488  5488 W ViewRootImpl[Spreadsheet1]: Dropping event due to no window focus: MotionEvent { action=ACTION_HOVER_MOVE, actionButton=0, id[0]=0, x[0]=221.84119, y[0]=266.83527, toolType[0]=TOOL_TYPE_MOUSE, buttonState=0, metaState=0, flags=0x0, edgeFlags=0x0, pointerCount=1, historySize=1, eventTime=1479875, downTime=1478635, deviceId=8, source=0x2002 }
03-22 19:18:31.080  5488  5488 W ViewRootImpl[Spreadsheet1]: Dropping event due to no window focus: MotionEvent { action=ACTION_HOVER_MOVE, actionButton=0, id[0]=0, x[0]=222.84119, y[0]=260.83527, toolType[0]=TOOL_TYPE_MOUSE, buttonState=0, metaState=0, flags=0x0, edgeFlags=0x0, pointerCount=1, historySize=1, eventTime=1479891, downTime=1478635, deviceId=8, source=0x2002 }
03-22 19:18:31.080  5488  5488 W ViewRootImpl[Spreadsheet1]: Cancelling event due to no window focus: MotionEvent { action=ACTION_CANCEL, actionButton=0, id[0]=0, x[0]=222.84119, y[0]=257.83527, toolType[0]=TOOL_TYPE_MOUSE, buttonState=0, metaState=0, flags=0x0, edgeFlags=0x0, pointerCount=1, historySize=0, eventTime=1479899, downTime=1478635, deviceId=8, source=0x2002 }
03-22 19:18:31.080  5488  5488 W ViewRootImpl[Spreadsheet1]: Cancelling event due to no window focus: MotionEvent { action=ACTION_CANCEL, actionButton=0, id[0]=0, x[0]=222.84119, y[0]=257.83527, toolType[0]=TOOL_TYPE_MOUSE, buttonState=0, metaState=0, flags=0x0, edgeFlags=0x0, pointerCount=1, historySize=0, eventTime=1479899, downTime=1478635, deviceId=8, source=0x2002 }
03-22 19:18:31.176  8225  8225 D ViewRootImpl[AuthorityActivity]: updatePointerIcon called with position out of bounds
03-22 19:18:31.194  8225  8225 I chatty  : uid=10076 com.tencent.mobileqq:openSdk identical 9 lines
03-22 19:18:31.257  8225  8225 D ViewRootImpl[AuthorityActivity]: updatePointerIcon called with position out of bounds
03-22 19:18:39.286  2117  2117 D ViewRootImpl[StatusBar]: updatePointerIcon called with position out of bounds
03-22 19:18:46.574  2117  2117 D ViewRootImpl[StatusBar]: updatePointerIcon called with position out of bounds
03-22 19:20:41.662  2117  2117 D ViewRootImpl[StatusBar]: updatePointerIcon called with position out of bounds
03-22 19:20:43.894  2117  2117 D ViewRootImpl[StatusBar]: updatePointerIcon called with position out of bounds
03-22 19:20:44.589  8225  8225 D ViewRootImpl[AuthorityActivity]: updatePointerIcon called with position out of bounds
03-22 19:20:44.839  8225  8225 D ViewRootImpl[AuthorityActivity]: updatePointerIcon called with position out of bounds
03-22 19:20:45.318  2117  2117 D ViewRootImpl[StatusBar]: updatePointerIcon called with position out of bounds
03-22 19:20:51.726  2117  2117 D ViewRootImpl[StatusBar]: updatePointerIcon called with position out of bounds
03-22 19:20:52.293  2012  2023 I chatty  : uid=1000(system) Binder:2012_1 expire 1 line
03-22 19:20:54.221  2117  2117 D ViewRootImpl[StatusBar]: updatePointerIcon called with position out of bounds
03-22 19:20:54.453  2012  5881 I chatty  : uid=1000(system) Binder:2012_1A expire 2 lines
03-22 19:20:54.638  2012  3113 I chatty  : uid=1000(system) Binder:2012_8 expire 2 lines
03-22 19:20:54.825  4424  4424 W ViewRootImpl[AssistActivity]: Dropping event due to no window focus: MotionEvent { action=ACTION_HOVER_MOVE, actionButton=0, id[0]=0, x[0]=499.9616, y[0]=391.8307, toolType[0]=TOOL_TYPE_MOUSE, buttonState=0, metaState=0, flags=0x0, edgeFlags=0x0, pointerCount=1, historySize=1, eventTime=1623659, downTime=1623067, deviceId=8, source=0x2002 }
03-22 19:20:54.825  4424  4424 W ViewRootImpl[AssistActivity]: Cancelling event due to no window focus: MotionEvent { action=ACTION_CANCEL, actionButton=0, id[0]=0, x[0]=499.9616, y[0]=392.8307, toolType[0]=TOOL_TYPE_MOUSE, buttonState=0, metaState=0, flags=0x0, edgeFlags=0x0, pointerCount=1, historySize=0, eventTime=1623667, downTime=1623067, deviceId=8, source=0x2002 }
03-22 19:20:54.825  4424  4424 I chatty  : uid=10073(cn.wps.moffice_eng) identical 15 lines
03-22 19:20:54.825  4424  4424 W ViewRootImpl[AssistActivity]: Cancelling event due to no window focus: MotionEvent { action=ACTION_CANCEL, actionButton=0, id[0]=0, x[0]=499.9616, y[0]=392.8307, toolType[0]=TOOL_TYPE_MOUSE, buttonState=0, metaState=0, flags=0x0, edgeFlags=0x0, pointerCount=1, historySize=0, eventTime=1623667, downTime=1623067, deviceId=8, source=0x2002 }
03-22 19:20:55.079  8449  8449 D ViewRootImpl[AuthorityActivity]: updatePointerIcon called with position out of bounds
03-22 19:20:55.081  8449  8449 I chatty  : uid=10076 com.tencent.mobileqq:openSdk identical 10 lines
03-22 19:20:55.135  8449  8449 D ViewRootImpl[AuthorityActivity]: updatePointerIcon called with position out of bounds
03-22 19:20:58.189  8449  8449 D ViewRootImpl[AuthorityActivity]: updatePointerIcon called with position out of bounds
03-22 19:20:58.339  8449  8449 D ViewRootImpl[AuthorityActivity]: updatePointerIcon called with position out of bounds
03-22 19:20:59.534  2117  2117 D ViewRootImpl[StatusBar]: updatePointerIcon called with position out of bounds
03-22 19:21:04.246  2117  2117 D ViewRootImpl[StatusBar]: updatePointerIcon called with position out of bounds
03-22 19:21:05.155  5945  5945 D ViewRootImpl[SplashActivity]: updatePointerIcon called with position out of bounds
03-22 19:21:05.174  8449  8449 D ViewRootImpl[AuthorityActivity]: updatePointerIcon called with position out of bounds
03-22 19:21:09.110  2117  2117 D ViewRootImpl[StatusBar]: updatePointerIcon called with position out of bounds
03-22 19:21:13.614  2117  2117 I chatty  : uid=10033(com.android.systemui) identical 4 lines
03-22 19:21:13.902  2117  2117 D ViewRootImpl[StatusBar]: updatePointerIcon called with position out of bounds
03-22 19:21:14.089  2012  3789 I chatty  : uid=1000(system) Binder:2012_E expire 1 line
03-22 19:21:14.334  8449  8449 W ViewRootImpl[AuthorityActivity]: Cancelling event due to no window focus: MotionEvent { action=ACTION_CANCEL, actionButton=0, id[0]=0, x[0]=125.15192, y[0]=560.5559, toolType[0]=TOOL_TYPE_MOUSE, buttonState=0, metaState=0, flags=0x0, edgeFlags=0x0, pointerCount=1, historySize=0, eventTime=1643179, downTime=1642747, deviceId=8, source=0x2002 }
03-22 19:21:14.334  8449  8449 W ViewRootImpl[AuthorityActivity]: Cancelling event due to no window focus: MotionEvent { action=ACTION_CANCEL, actionButton=0, id[0]=0, x[0]=125.15192, y[0]=560.5559, toolType[0]=TOOL_TYPE_MOUSE, buttonState=0, metaState=0, flags=0x0, edgeFlags=0x0, pointerCount=1, historySize=0, eventTime=1643179, downTime=1642747, deviceId=8, source=0x2002 }
03-22 19:21:16.686  2117  2117 D ViewRootImpl[StatusBar]: updatePointerIcon called with position out of bounds
03-22 19:21:18.365  2012  2106 I chatty  : uid=1000(system) LazyTaskWriterT expire 7 lines
03-22 19:21:20.190  2117  2117 D ViewRootImpl[StatusBar]: updatePointerIcon called with position out of bounds
03-22 19:21:24.422  8449  8449 D ViewRootImpl[AuthorityActivity]: updatePointerIcon called with position out of bounds
03-22 19:21:24.455  8449  8449 I chatty  : uid=10076 com.tencent.mobileqq:openSdk identical 2 lines
03-22 19:21:24.470  8449  8449 D ViewRootImpl[AuthorityActivity]: updatePointerIcon called with position out of bounds
03-22 19:21:25.766  2117  2117 D ViewRootImpl[StatusBar]: updatePointerIcon called with position out of bounds
03-22 19:21:28.134  2117  2117 D ViewRootImpl[StatusBar]: updatePointerIcon called with position out of bounds
03-22 19:21:33.662  2117  2117 D ViewRootImpl[StatusBar]: updatePointerIcon called with position out of bounds
03-22 19:21:42.790  2117  2117 D ViewRootImpl[StatusBar]: updatePointerIcon called with position out of bounds
03-22 19:21:42.990  2012  2427 I chatty  : uid=1000(system) Binder:2012_6 expire 1 line
03-22 19:21:43.031  5945  5945 W ViewRootImpl[SplashActivity]: Dropping event due to no window focus: MotionEvent { action=ACTION_HOVER_MOVE, actionButton=0, id[0]=0, x[0]=87.37317, y[0]=193.33984, toolType[0]=TOOL_TYPE_MOUSE, buttonState=0, metaState=0, flags=0x0, edgeFlags=0x0, pointerCount=1, historySize=1, eventTime=1671859, downTime=1671635, deviceId=8, source=0x2002 }
03-22 19:21:43.039  5945  5945 W ViewRootImpl[SplashActivity]: Dropping event due to no window focus: MotionEvent { action=ACTION_HOVER_MOVE, actionButton=0, id[0]=0, x[0]=91.37317, y[0]=197.33984, toolType[0]=TOOL_TYPE_MOUSE, buttonState=0, metaState=0, flags=0x0, edgeFlags=0x0, pointerCount=1, historySize=1, eventTime=1671875, downTime=1671635, deviceId=8, source=0x2002 }
03-22 19:21:43.039  5945  5945 W ViewRootImpl[SplashActivity]: Cancelling event due to no window focus: MotionEvent { action=ACTION_CANCEL, actionButton=0, id[0]=0, x[0]=92.37317, y[0]=199.33984, toolType[0]=TOOL_TYPE_MOUSE, buttonState=0, metaState=0, flags=0x0, edgeFlags=0x0, pointerCount=1, historySize=0, eventTime=1671883, downTime=1671635, deviceId=8, source=0x2002 }
03-22 19:21:43.039  5945  5945 I chatty  : uid=10076(com.tencent.mobileqq) identical 9 lines
03-22 19:21:43.039  5945  5945 W ViewRootImpl[SplashActivity]: Cancelling event due to no window focus: MotionEvent { action=ACTION_CANCEL, actionButton=0, id[0]=0, x[0]=92.37317, y[0]=199.33984, toolType[0]=TOOL_TYPE_MOUSE, buttonState=0, metaState=0, flags=0x0, edgeFlags=0x0, pointerCount=1, historySize=0, eventTime=1671883, downTime=1671635, deviceId=8, source=0x2002 }
03-22 19:21:43.323  2012  3408 I chatty  : uid=1000(system) Binder:2012_B expire 1 line
03-22 19:21:46.494  2117  2117 D ViewRootImpl[StatusBar]: updatePointerIcon called with position out of bounds
03-22 19:21:46.888  8081  8081 D ViewRootImpl[QzoneFeedsPluginProxyActivity]: updatePointerIcon called with position out of bounds
03-22 19:21:50.522  8081  8081 I chatty  : uid=10076 com.tencent.mobileqq:qzone identical 34 lines
03-22 19:21:50.538  8081  8081 D ViewRootImpl[QzoneFeedsPluginProxyActivity]: updatePointerIcon called with position out of bounds
03-22 19:21:50.870  2117  2117 D ViewRootImpl[StatusBar]: updatePointerIcon called with position out of bounds
03-22 19:22:27.414  2117  2117 D ViewRootImpl[StatusBar]: updatePointerIcon called with position out of bounds
03-22 19:22:28.739  8081  8081 D ViewRootImpl[QzoneFeedsPluginProxyActivity]: updatePointerIcon called with position out of bounds
03-22 19:22:28.922  8081  8081 I chatty  : uid=10076 com.tencent.mobileqq:qzone identical 13 lines
03-22 19:22:28.939  8081  8081 D ViewRootImpl[QzoneFeedsPluginProxyActivity]: updatePointerIcon called with position out of bounds
03-22 19:22:29.318  2117  2117 D ViewRootImpl[StatusBar]: updatePointerIcon called with position out of bounds
03-22 19:22:49.089  8081  8081 D ViewRootImpl[QzoneFeedsPluginProxyActivity]: updatePointerIcon called with position out of bounds
03-22 19:22:49.489  8081  8081 D ViewRootImpl[QzoneFeedsPluginProxyActivity]: updatePointerIcon called with position out of bounds
03-22 19:22:56.510  2117  2117 D ViewRootImpl[StatusBar]: updatePointerIcon called with position out of bounds
03-22 19:22:57.294  8449  8449 D ViewRootImpl[AuthorityActivity]: updatePointerIcon called with position out of bounds
03-22 19:22:57.305  8449  8449 D ViewRootImpl[AuthorityActivity]: updatePointerIcon called with position out of bounds
03-22 19:22:57.446  8081  8081 D ViewRootImpl[QzoneFeedsPluginProxyActivity]: updatePointerIcon called with position out of bounds
03-22 19:22:57.489  8081  8081 I chatty  : uid=10076 com.tencent.mobileqq:qzone identical 3 lines
03-22 19:22:57.505  8081  8081 D ViewRootImpl[QzoneFeedsPluginProxyActivity]: updatePointerIcon called with position out of bounds
03-22 19:23:00.086  2117  2117 D ViewRootImpl[StatusBar]: updatePointerIcon called with position out of bounds
03-22 19:23:04.534  8449  8449 D ViewRootImpl[AuthorityActivity]: updatePointerIcon called with position out of bounds
03-22 19:23:04.590  8081  8081 D ViewRootImpl[QzoneFeedsPluginProxyActivity]: updatePointerIcon called with position out of bounds
03-22 19:23:04.606  8081  8081 D ViewRootImpl[QzoneFeedsPluginProxyActivity]: updatePointerIcon called with position out of bounds
03-22 19:23:07.862  2117  2117 D ViewRootImpl[StatusBar]: updatePointerIcon called with position out of bounds
03-22 19:23:11.558  2117  2117 D ViewRootImpl[StatusBar]: updatePointerIcon called with position out of bounds
03-22 19:23:12.022  5945  5945 D ViewRootImpl[SplashActivity]: updatePointerIcon called with position out of bounds
03-22 19:23:12.122  5945  5945 D ViewRootImpl[SplashActivity]: updatePointerIcon called with position out of bounds
03-22 19:23:13.686  2117  2117 D ViewRootImpl[StatusBar]: updatePointerIcon called with position out of bounds
03-22 19:23:15.918  2117  2117 D ViewRootImpl[StatusBar]: updatePointerIcon called with position out of bounds
03-22 19:24:42.462  2117  2117 D ViewRootImpl[StatusBar]: updatePointerIcon called with position out of bounds
03-22 19:24:48.022  5945  5945 D ViewRootImpl[SplashActivity]: updatePointerIcon called with position out of bounds
03-22 19:24:48.054  5945  5945 D ViewRootImpl[SplashActivity]: updatePointerIcon called with position out of bounds
03-22 19:24:49.710  2117  2117 D ViewRootImpl[StatusBar]: updatePointerIcon called with position out of bounds
03-22 19:25:08.212  2012  7646 I chatty  : uid=1000(system) Binder:2012_1D expire 5 lines
03-22 19:25:08.212  2012  5662 I chatty  : uid=1000(system) Binder:2012_16 expire 5 lines
03-22 19:26:58.639  8449  8449 D ViewRootImpl[AuthorityActivity]: updatePointerIcon called with position out of bounds
03-22 19:26:58.646  8449  8449 D ViewRootImpl[AuthorityActivity]: updatePointerIcon called with position out of bounds
03-22 19:26:59.189  5945  5945 D ViewRootImpl[SplashActivity]: updatePointerIcon called with position out of bounds
03-22 19:26:59.198  5945  5945 D ViewRootImpl[SplashActivity]: updatePointerIcon called with position out of bounds
03-22 19:27:00.990  2012  3592 I chatty  : uid=1000(system) Binder:2012_C expire 3 lines
03-22 19:27:01.654  5945  5945 D ViewRootImpl[SplashActivity]: updatePointerIcon called with position out of bounds
03-22 19:27:02.246  5945  5945 D ViewRootImpl[SplashActivity]: updatePointerIcon called with position out of bounds
03-22 19:27:02.918  2117  2117 D ViewRootImpl[StatusBar]: updatePointerIcon called with position out of bounds
03-22 19:27:04.350  2117  2117 D ViewRootImpl[StatusBar]: updatePointerIcon called with position out of bounds
03-22 19:27:05.710  2117  2117 D ViewRootImpl[StatusBar]: updatePointerIcon called with position out of bounds
03-22 19:27:08.319  2012  5222 I chatty  : uid=1000(system) Binder:2012_13 expire 8 lines
03-22 19:27:08.327  2012  2030 I chatty  : uid=1000(system) batterystats-wo expire 3 lines
03-22 19:27:09.437  2012  2012 I chatty  : uid=1000 system_server expire 1 line
03-22 19:27:11.739  4424  4424 D ViewRootImpl[QingLoginActivity]: updatePointerIcon called with position out of bounds
03-22 19:27:12.454  4424  4424 D ViewRootImpl[QingLoginActivity]: updatePointerIcon called with position out of bounds
03-22 19:27:12.502  5945  5945 D ViewRootImpl[SplashActivity]: updatePointerIcon called with position out of bounds
03-22 19:27:12.674  2012  2297 I chatty  : uid=1000(system) Binder:2012_5 expire 11 lines
03-22 19:27:12.704  2012  2059 I chatty  : uid=1000(system) android.anim expire 22 lines
03-22 19:27:14.230  2012  5222 I chatty  : uid=1000(system) Binder:2012_13 expire 19 lines
03-22 19:27:14.649  2012  2297 I chatty  : uid=1000(system) Binder:2012_5 expire 13 lines
03-22 19:27:14.864  2012  5221 I chatty  : uid=1000(system) Binder:2012_12 expire 5 lines
03-22 19:27:15.497  2117  2117 W ViewRootImpl[]: Dropping event due to root view being removed: MotionEvent { action=ACTION_HOVER_ENTER, actionButton=0, id[0]=0, x[0]=111.671524, y[0]=36.159546, toolType[0]=TOOL_TYPE_MOUSE, buttonState=0, metaState=0, flags=0x0, edgeFlags=0x0, pointerCount=1, historySize=0, eventTime=2004331, downTime=2003491, deviceId=8, source=0x2002 }
03-22 19:27:15.497  2117  2117 W ViewRootImpl[]: Dropping event due to root view being removed: MotionEvent { action=ACTION_HOVER_MOVE, actionButton=0, id[0]=0, x[0]=127.153305, y[0]=25.838379, toolType[0]=TOOL_TYPE_MOUSE, buttonState=0, metaState=0, flags=0x0, edgeFlags=0x0, pointerCount=1, historySize=1, eventTime=2004339, downTime=2003491, deviceId=8, source=0x2002 }
03-22 19:27:15.497  2117  2117 D ViewRootImpl[]: updatePointerIcon called after view was removed
03-22 19:27:16.878  2117  2117 D ViewRootImpl[StatusBar]: updatePointerIcon called with position out of bounds
03-22 19:27:17.905  2012  2106 I chatty  : uid=1000(system) LazyTaskWriterT expire 3 lines
03-22 19:27:18.942  2117  2117 D ViewRootImpl[StatusBar]: updatePointerIcon called with position out of bounds
03-22 19:27:21.204  2012  2012 I chatty  : uid=1000 system_server expire 1 line
03-22 19:27:24.023  2012  4116 I chatty  : uid=1000(system) Binder:2012_F expire 4 lines
03-22 19:27:25.062  5945  5945 D ViewRootImpl[SplashActivity]: updatePointerIcon called with position out of bounds
03-22 19:27:25.272  5945  5945 I chatty  : uid=10076(com.tencent.mobileqq) identical 8 lines
03-22 19:27:25.289  5945  5945 D ViewRootImpl[SplashActivity]: updatePointerIcon called with position out of bounds
03-22 19:27:28.654  2117  2117 D ViewRootImpl[StatusBar]: updatePointerIcon called with position out of bounds
03-22 19:27:33.438  2117  2117 D ViewRootImpl[StatusBar]: updatePointerIcon called with position out of bounds
03-22 19:27:33.622  5945  5945 W ViewRootImpl[SplashActivity]: Cancelling event due to no window focus: MotionEvent { action=ACTION_CANCEL, actionButton=0, id[0]=0, x[0]=71.663086, y[0]=208.78644, toolType[0]=TOOL_TYPE_MOUSE, buttonState=0, metaState=0, flags=0x0, edgeFlags=0x0, pointerCount=1, historySize=0, eventTime=2022467, downTime=2022283, deviceId=8, source=0x2002 }
03-22 19:27:33.622  5945  5945 W ViewRootImpl[SplashActivity]: Cancelling event due to no window focus: MotionEvent { action=ACTION_CANCEL, actionButton=0, id[0]=0, x[0]=71.663086, y[0]=208.78644, toolType[0]=TOOL_TYPE_MOUSE, buttonState=0, metaState=0, flags=0x0, edgeFlags=0x0, pointerCount=1, historySize=0, eventTime=2022467, downTime=2022283, deviceId=8, source=0x2002 }
03-22 19:27:36.871  2012  2297 I chatty  : uid=1000(system) Binder:2012_5 expire 1 line
03-22 19:27:47.795  2012  6258 I chatty  : uid=1000(system) Binder:2012_1B expire 1 line
03-22 19:27:52.021  2012  2040 I chatty  : uid=1000(system) PackageManager expire 210 lines
03-22 19:27:52.027  4172  4186 D DefContainer: Copying /storage/emulated/0/Download/app/weixin667android1320.apk to base.apk
03-22 19:28:00.813  2012  4300 I chatty  : uid=1000(system) Binder:2012_10 expire 1 line
03-22 19:28:00.813  2012  2027 I chatty  : uid=1000(system) ActivityManager expire 7 lines
03-22 19:28:01.267  2012  2028 I chatty  : uid=1000(system) android.ui expire 1 line
03-22 19:28:01.267  2012  2026 I chatty  : uid=1000(system) android.bg expire 3 lines
03-22 19:28:04.264  2012  2012 I chatty  : uid=1000 system_server expire 2 lines
03-22 19:28:23.446  2117  2117 D ViewRootImpl[StatusBar]: updatePointerIcon called with position out of bounds
03-22 19:28:23.691  2012  5759 I chatty  : uid=1000(system) Binder:2012_18 expire 1 line
03-22 19:28:27.068  2012  2106 I chatty  : uid=1000(system) LazyTaskWriterT expire 6 lines
03-22 19:28:33.082  2012  5222 I chatty  : uid=1000(system) Binder:2012_13 expire 2 lines
03-22 19:30:23.880  2012  5221 I chatty  : uid=1000(system) Binder:2012_12 expire 10 lines
03-22 19:30:23.889  2012  2030 I chatty  : uid=1000(system) batterystats-wo expire 6 lines
03-22 19:30:25.104  2012  3789 I chatty  : uid=1000(system) Binder:2012_E expire 1 line
03-22 19:31:11.222  5945  5945 D ViewRootImpl[SplashActivity]: updatePointerIcon called with position out of bounds
03-22 19:31:11.505  5945  5945 I chatty  : uid=10076(com.tencent.mobileqq) identical 23 lines
03-22 19:31:11.522  5945  5945 D ViewRootImpl[SplashActivity]: updatePointerIcon called with position out of bounds
03-22 19:31:11.918  2117  2117 D ViewRootImpl[StatusBar]: updatePointerIcon called with position out of bounds
03-22 19:31:17.574  2117  2117 I chatty  : uid=10033(com.android.systemui) identical 46 lines
03-22 19:31:23.230  2117  2117 D ViewRootImpl[StatusBar]: updatePointerIcon called with position out of bounds
03-22 19:31:23.864  2012  6358 I chatty  : uid=1000(system) Binder:2012_1C expire 1 line
03-22 19:31:23.866  2012  2034 I chatty  : uid=1000(system) android.display expire 2 lines
03-22 19:31:29.460  5945  5945 D ViewRootImpl[SplashActivity]: updatePointerIcon called with position out of bounds
03-22 19:31:43.339  5945  5945 D ViewRootImpl[SplashActivity]: updatePointerIcon called with position out of bounds
