05-09 23:33:27.390  5864  5993 W dex2oat : Method processed more than once: void com.tencent.mm.pluginsdk.c.c.<clinit>()
05-09 23:33:27.390  5864  5993 W dex2oat : Method processed more than once: void com.tencent.mm.pluginsdk.c.c.<init>()
05-09 23:33:27.390  5864  5993 W dex2oat : Method processed more than once: void com.tencent.mm.pluginsdk.c.c.k(com.tencent.mm.sdk.b.b)
05-09 23:33:27.390  5864  5993 W dex2oat : Method processed more than once: void com.tencent.mm.pluginsdk.c.c.bER()
05-09 23:33:27.390  5864  5993 W dex2oat : Method processed more than once: void com.tencent.mm.pluginsdk.c.c.dbz()
05-09 23:33:27.390  5864  5993 W dex2oat : Method processed more than once: void com.tencent.mm.pluginsdk.c.c.l(com.tencent.mm.sdk.b.b)
05-09 23:33:27.390  5864  5993 W dex2oat : Method processed more than once: void com.tencent.mm.pluginsdk.c.c.onSceneEnd(int, int, java.lang.String, com.tencent.mm.ah.m)
05-09 23:33:27.391  5864  5993 W dex2oat : Method processed more than once: void com.tencent.mm.pluginsdk.g.a.c.a.<init>(java.lang.String, java.lang.String, java.lang.String, int, int, java.lang.String, long, java.lang.String, java.lang.String, java.lang.String, int)
05-09 23:33:27.391  5864  5993 W dex2oat : Method processed more than once: int com.tencent.mm.pluginsdk.g.a.c.a.aht(java.lang.String)
05-09 23:33:27.391  5864  5993 W dex2oat : Method processed more than once: com.tencent.mm.pluginsdk.g.a.c.s com.tencent.mm.pluginsdk.g.a.c.a.dcO()
05-09 23:33:27.391  5864  5993 W dex2oat : Method processed more than once: java.lang.String com.tencent.mm.pluginsdk.g.a.c.a.toString()
05-09 23:33:27.392  5864  5993 W dex2oat : Method processed more than once: void com.tencent.mm.pluginsdk.model.app.f.<clinit>()
05-09 23:33:27.392  5864  5993 W dex2oat : Method processed more than once: void com.tencent.mm.pluginsdk.model.app.f.<init>()
05-09 23:33:27.392  5864  5993 W dex2oat : Method processed more than once: android.content.ContentValues com.tencent.mm.pluginsdk.model.app.f.FL()
05-09 23:33:27.392  5864  5993 W dex2oat : Method processed more than once: boolean com.tencent.mm.pluginsdk.model.app.f.dca()
05-09 23:33:27.393  5864  5993 W dex2oat : Method processed more than once: boolean com.tencent.mm.pluginsdk.model.app.f.dcb()
05-09 23:33:27.393  5864  5993 W dex2oat : Method processed more than once: boolean com.tencent.mm.pluginsdk.model.app.f.dcc()
05-09 23:33:27.393  5864  5993 W dex2oat : Method processed more than once: boolean com.tencent.mm.pluginsdk.model.app.f.dcd()
05-09 23:33:27.393  5864  5993 W dex2oat : Method processed more than once: boolean com.tencent.mm.pluginsdk.model.app.f.equals(java.lang.Object)
05-09 23:33:27.393  5864  5993 W dex2oat : Method processed more than once: int com.tencent.mm.pluginsdk.model.app.f.hashCode()
05-09 23:33:27.393  5864  5993 W dex2oat : Method processed more than once: boolean com.tencent.mm.pluginsdk.model.app.f.wi()
05-09 23:33:27.393  5864  5993 W dex2oat : Method processed more than once: com.tencent.mm.sdk.e.c$a com.tencent.mm.pluginsdk.model.app.f.yU()
05-09 23:33:27.393  5864  5993 W dex2oat : Method processed more than once: void com.tencent.mm.pluginsdk.model.app.x.<init>()
05-09 23:33:27.400  5864  5864 W dex2oat : Method processed more than once: void com.tencent.mm.pluginsdk.ui.emoji.RTChattingEmojiView.<init>(android.content.Context, android.util.AttributeSet)
05-09 23:33:27.400  5864  5864 W dex2oat : Method processed more than once: void com.tencent.mm.pluginsdk.ui.emoji.RTChattingEmojiView.<init>(android.content.Context, android.util.AttributeSet, int)
05-09 23:33:27.401  5864  5864 W dex2oat : Method processed more than once: void com.tencent.mm.pluginsdk.ui.emoji.RTChattingEmojiView.Kf(int)
05-09 23:33:27.401  5864  5864 W dex2oat : Method processed more than once: void com.tencent.mm.pluginsdk.ui.emoji.RTChattingEmojiView.dfz()
05-09 23:33:27.401  5864  5864 W dex2oat : Method processed more than once: void com.tencent.mm.pluginsdk.ui.emoji.RTChattingEmojiView.a(com.tencent.mm.storage.emotion.EmojiInfo, long)
05-09 23:33:27.401  5864  5864 W dex2oat : Method processed more than once: void com.tencent.mm.pluginsdk.ui.emoji.RTChattingEmojiView.a(com.tencent.mm.storage.emotion.EmojiInfo, long, com.tencent.mm.storage.ap)
05-09 23:33:27.401  5864  5864 W dex2oat : Method processed more than once: void com.tencent.mm.pluginsdk.ui.emoji.RTChattingEmojiView.dfx()
05-09 23:33:27.401  5864  5864 W dex2oat : Method processed more than once: void com.tencent.mm.pluginsdk.ui.emoji.RTChattingEmojiView.dfy()
05-09 23:33:27.408  5864  5864 W dex2oat : Method processed more than once: void com.tencent.mm.pluginsdk.ui.emoji.RTChattingEmojiView.initView()
05-09 23:33:27.408  5864  5864 W dex2oat : Method processed more than once: void com.tencent.mm.pluginsdk.ui.emoji.RTChattingEmojiView.onAttachedToWindow()
05-09 23:33:27.408  5864  5864 W dex2oat : Method processed more than once: void com.tencent.mm.pluginsdk.ui.emoji.RTChattingEmojiView.onDetachedFromWindow()
05-09 23:33:27.408  5864  5864 W dex2oat : Method processed more than once: void com.tencent.mm.pluginsdk.ui.emoji.RTChattingEmojiView.onMeasure(int, int)
05-09 23:33:27.408  5864  5864 W dex2oat : Method processed more than once: boolean com.tencent.mm.pluginsdk.ui.emoji.RTChattingEmojiView.performClick()
05-09 23:33:27.408  5864  5864 W dex2oat : Method processed more than once: void com.tencent.mm.pluginsdk.ui.emoji.RTChattingEmojiView.setImageBitmap(android.graphics.Bitmap)
05-09 23:33:27.425  5864  5993 W dex2oat : Method processed more than once: void com.tencent.mm.sdk.g.b.c.<clinit>()
05-09 23:33:27.425  5864  5993 W dex2oat : Method processed more than once: void com.tencent.mm.sdk.g.b.c.<init>(java.lang.String, int, int, java.util.concurrent.BlockingQueue)
05-09 23:33:27.425  5864  5993 W dex2oat : Method processed more than once: void com.tencent.mm.sdk.g.b.c.<init>(java.lang.String, java.util.concurrent.BlockingQueue)
05-09 23:33:27.425  5864  5993 W dex2oat : Method processed more than once: boolean com.tencent.mm.sdk.g.b.c.KY(int)
05-09 23:33:27.425  5864  5993 W dex2oat : Method processed more than once: void com.tencent.mm.sdk.g.b.c.KZ(int)
05-09 23:33:27.425  5864  5993 W dex2oat : Method processed more than once: java.lang.String com.tencent.mm.sdk.g.b.c.a(com.tencent.mm.sdk.g.b.c)
05-09 23:33:27.425  5864  5993 W dex2oat : Method processed more than once: void com.tencent.mm.sdk.g.b.c.a(com.tencent.mm.sdk.g.b.c$c)
05-09 23:33:27.425  5864  5993 W dex2oat : Method processed more than once: void com.tencent.mm.sdk.g.b.c.a(com.tencent.mm.sdk.g.b.c$c, boolean)
05-09 23:33:27.425  5864  5993 W dex2oat : Method processed more than once: boolean com.tencent.mm.sdk.g.b.c.a(java.lang.Runnable, boolean)
05-09 23:33:27.425  5864  5993 W dex2oat : Method processed more than once: void com.tencent.mm.sdk.g.b.c.am(java.lang.Runnable)
05-09 23:33:27.425  5864  5993 W dex2oat : Method processed more than once: void com.tencent.mm.sdk.g.b.c.dkE()
05-09 23:33:27.425  5864  5993 W dex2oat : Method processed more than once: void com.tencent.mm.sdk.g.b.c.dkF()
05-09 23:33:27.425  5864  5993 W dex2oat : Method processed more than once: java.lang.Runnable com.tencent.mm.sdk.g.b.c.dkG()
05-09 23:33:27.425  5864  5993 W dex2oat : Method processed more than once: boolean com.tencent.mm.sdk.g.b.c.dkH()
05-09 23:33:27.425  5864  5993 W dex2oat : Method processed more than once: boolean com.tencent.mm.sdk.g.b.c.gx(int, int)
05-09 23:33:27.425  5864  5993 W dex2oat : Method processed more than once: java.util.List com.tencent.mm.sdk.g.b.c.shutdownNow()
05-09 23:33:27.425  5864  5991 W dex2oat : Method processed more than once: void com.tencent.mm.sdk.platformtools.x.<clinit>()
05-09 23:33:27.425  5864  5991 W dex2oat : Method processed more than once: int com.tencent.mm.sdk.platformtools.x.aj(android.app.Activity)
05-09 23:33:27.425  5864  5991 W dex2oat : Method processed more than once: int com.tencent.mm.sdk.platformtools.x.at(android.content.Context, int)
05-09 23:33:27.425  5864  5991 W dex2oat : Method processed more than once: int com.tencent.mm.sdk.platformtools.x.au(android.content.Context, int)
05-09 23:33:27.425  5864  5993 W dex2oat : Method processed more than once: void com.tencent.mm.sdk.g.b.c.b(com.tencent.mm.sdk.g.b.c$c)
05-09 23:33:27.425  5864  5991 W dex2oat : Method processed more than once: int[] com.tencent.mm.sdk.platformtools.x.de(android.content.Context)
05-09 23:33:27.425  5864  5993 W dex2oat : Method processed more than once: void com.tencent.mm.sdk.g.b.c.beforeExecute(java.lang.Thread, java.lang.Runnable)
05-09 23:33:27.425  5864  5991 W dex2oat : Method processed more than once: void com.tencent.mm.sdk.platformtools.x.diz()
05-09 23:33:27.425  5864  5991 W dex2oat : Method processed more than once: int com.tencent.mm.sdk.platformtools.x.f(android.content.Context, int, int)
05-09 23:33:27.426  5864  5993 W dex2oat : Method processed more than once: void com.tencent.mm.sdk.g.b.c.execute(java.lang.Runnable)
05-09 23:33:27.426  5864  5993 W dex2oat : Method processed more than once: void com.tencent.mm.sdk.g.b.c.finalize()
05-09 23:33:27.426  5864  5993 W dex2oat : Method processed more than once: int com.tencent.mm.sdk.g.b.c.getCorePoolSize()
05-09 23:33:27.426  5864  5993 W dex2oat : Method processed more than once: boolean com.tencent.mm.sdk.g.b.c.isShutdown()
05-09 23:33:27.426  5864  5993 W dex2oat : Method processed more than once: void com.tencent.mm.sdk.g.b.c.p(java.lang.Runnable, long)
05-09 23:33:27.426  5864  5993 W dex2oat : Method processed more than once: boolean com.tencent.mm.sdk.g.b.c.remove(java.lang.Runnable)
05-09 23:33:27.426  5864  5993 W dex2oat : Method processed more than once: void com.tencent.mm.sdk.g.b.c.reset()
05-09 23:33:27.426  5864  5993 W dex2oat : Method processed more than once: void com.tencent.mm.sdk.g.b.c.shutdown()
05-09 23:33:27.426  5864  5993 W dex2oat : Method processed more than once: java.lang.String com.tencent.mm.sdk.g.b.c.toString()
05-09 23:33:27.428  5864  5992 W dex2oat : Method processed more than once: void com.tencent.mm.ui.BaseActivity.<init>()
05-09 23:33:27.428  5864  5992 W dex2oat : Method processed more than once: android.view.MenuItem com.tencent.mm.ui.BaseActivity.a(com.tencent.mm.ui.BaseActivity)
05-09 23:33:27.428  5864  5992 W dex2oat : Method processed more than once: void com.tencent.mm.ui.BaseActivity.a(android.view.MenuItem$OnMenuItemClickListener, com.tencent.mm.ui.BaseActivity$a)
05-09 23:33:27.428  5864  5992 W dex2oat : Method processed more than once: void com.tencent.mm.ui.BaseActivity.a(android.view.MenuItem, com.tencent.mm.ui.BaseActivity$b)
05-09 23:33:27.428  5864  5992 W dex2oat : Method processed more than once: boolean com.tencent.mm.ui.BaseActivity.a(android.view.View, com.tencent.mm.ui.BaseActivity$b)
05-09 23:33:27.428  5864  5992 W dex2oat : Method processed more than once: android.view.MenuItem com.tencent.mm.ui.BaseActivity.b(com.tencent.mm.ui.BaseActivity)
05-09 23:33:27.428  5864  5992 W dex2oat : Method processed more than once: void com.tencent.mm.ui.BaseActivity.dqM()
05-09 23:33:27.428  5864  5992 W dex2oat : Method processed more than once: void com.tencent.mm.ui.BaseActivity.dqN()
05-09 23:33:27.428  5864  5992 W dex2oat : Method processed more than once: void com.tencent.mm.ui.BaseActivity.dqO()
05-09 23:33:27.429  5864  5991 W dex2oat : Method processed more than once: int com.tencent.mm.sdk.platformtools.x.gq(android.content.Context)
05-09 23:33:27.429  5864  5991 W dex2oat : Method processed more than once: int com.tencent.mm.sdk.platformtools.x.gr(android.content.Context)
05-09 23:33:27.429  5864  5991 W dex2oat : Method processed more than once: int com.tencent.mm.sdk.platformtools.x.gs(android.content.Context)
05-09 23:33:27.429  5864  5991 W dex2oat : Method processed more than once: int com.tencent.mm.sdk.platformtools.x.gt(android.content.Context)
05-09 23:33:27.429  5864  5991 W dex2oat : Method processed more than once: int com.tencent.mm.sdk.platformtools.x.gu(android.content.Context)
05-09 23:33:27.429  5864  5991 W dex2oat : Method processed more than once: boolean com.tencent.mm.sdk.platformtools.x.gv(android.content.Context)
05-09 23:33:27.429  5864  5991 W dex2oat : Method processed more than once: boolean com.tencent.mm.sdk.platformtools.x.gw(android.content.Context)
05-09 23:33:27.429  5864  5991 W dex2oat : Method processed more than once: int com.tencent.mm.sdk.platformtools.x.gx(android.content.Context)
05-09 23:33:27.429  5864  5992 W dex2oat : Method processed more than once: void com.tencent.mm.ui.BaseActivity.onCreate(android.os.Bundle)
05-09 23:33:27.430  5864  5992 W dex2oat : Method processed more than once: boolean com.tencent.mm.ui.BaseActivity.onCreateOptionsMenu(android.view.Menu)
05-09 23:33:27.430  5864  5992 W dex2oat : Method processed more than once: void com.tencent.mm.ui.BaseActivity.setBackBtn(android.view.MenuItem$OnMenuItemClickListener)
05-09 23:33:27.430  5864  5992 W dex2oat : Method processed more than once: void com.tencent.mm.ui.BaseActivity.setTitle(java.lang.CharSequence)
05-09 23:33:27.456  5864  5991 W dex2oat : Method processed more than once: void com.tencent.mm.ui.chatting.viewitems.ak$b.<clinit>()
05-09 23:33:27.456  5864  5991 W dex2oat : Method processed more than once: void com.tencent.mm.ui.chatting.viewitems.ak$b.<init>()
05-09 23:33:27.456  5864  5991 W dex2oat : Method processed more than once: void com.tencent.mm.ui.chatting.viewitems.ak$b.aU(com.tencent.mm.storage.bi)
05-09 23:33:27.456  5864  5991 W dex2oat : Method processed more than once: int com.tencent.mm.ui.chatting.viewitems.ak$b.access$000()
05-09 23:33:27.456  5864  5991 W dex2oat : Method processed more than once: int com.tencent.mm.ui.chatting.viewitems.ak$b.access$100()
05-09 23:33:27.456  5864  5991 W dex2oat : Method processed more than once: java.lang.String com.tencent.mm.ui.chatting.viewitems.ak$b.bK(com.tencent.mm.storage.bi)
05-09 23:33:27.456  5864  5991 W dex2oat : Method processed more than once: com.tencent.mm.ui.chatting.viewitems.ak$d com.tencent.mm.ui.chatting.viewitems.ak$b.dBv()
05-09 23:33:27.456  5864  5991 W dex2oat : Method processed more than once: android.view.View com.tencent.mm.ui.chatting.viewitems.ak$b.a(android.view.LayoutInflater, android.view.View)
05-09 23:33:27.456  5864  5991 W dex2oat : Method processed more than once: void com.tencent.mm.ui.chatting.viewitems.ak$b.a(com.tencent.mm.ui.chatting.d.a, com.tencent.mm.storage.bi)
05-09 23:33:27.457  5864  5991 W dex2oat : Method processed more than once: void com.tencent.mm.ui.chatting.viewitems.ak$b.a(com.tencent.mm.ui.chatting.viewitems.c$a, int, com.tencent.mm.ui.chatting.d.a, com.tencent.mm.storage.bi, java.lang.String)
05-09 23:33:27.458  5864  5991 W dex2oat : Method processed more than once: boolean com.tencent.mm.ui.chatting.viewitems.ak$b.a(android.view.ContextMenu, android.view.View, com.tencent.mm.storage.bi)
05-09 23:33:27.458  5864  5991 W dex2oat : Method processed more than once: boolean com.tencent.mm.ui.chatting.viewitems.ak$b.a(android.view.MenuItem, com.tencent.mm.ui.chatting.d.a, com.tencent.mm.storage.bi)
05-09 23:33:27.458  5864  5991 W dex2oat : Method processed more than once: boolean com.tencent.mm.ui.chatting.viewitems.ak$b.aE(int, boolean)
05-09 23:33:27.458  5864  5991 W dex2oat : Method processed more than once: boolean com.tencent.mm.ui.chatting.viewitems.ak$b.b(android.view.View, com.tencent.mm.ui.chatting.d.a, com.tencent.mm.storage.bi)
05-09 23:33:27.458  5864  5991 W dex2oat : Method processed more than once: boolean com.tencent.mm.ui.chatting.viewitems.ak$b.dBr()
05-09 23:33:27.458  5864  5991 W dex2oat : Method processed more than once: boolean com.tencent.mm.ui.chatting.viewitems.ak$b.fd(android.view.View)
05-09 23:33:27.461  5864  5993 W dex2oat : Method processed more than once: void com.tencent.mm.ui.chatting.viewitems.s$b.<init>()
05-09 23:33:27.461  5864  5993 W dex2oat : Method processed more than once: void com.tencent.mm.ui.chatting.viewitems.s$b.eX(android.view.View)
05-09 23:33:27.463  5864  5992 W dex2oat : Method processed more than once: void com.tencent.mm.ui.contact.a.e.<clinit>()
05-09 23:33:27.463  5864  5992 W dex2oat : Method processed more than once: void com.tencent.mm.ui.contact.a.e.<init>(int)
05-09 23:33:27.463  5864  5991 W dex2oat : Method processed more than once: void com.tencent.mm.ui.contact.o.<init>(com.tencent.mm.ui.contact.l, java.util.List, boolean, boolean)
05-09 23:33:27.463  5864  5991 W dex2oat : Method processed more than once: void com.tencent.mm.ui.contact.o.<init>(com.tencent.mm.ui.contact.l, java.util.List, boolean, boolean, int)
05-09 23:33:27.464  5864  5991 W dex2oat : Method processed more than once: void com.tencent.mm.ui.contact.o.<init>(com.tencent.mm.ui.contact.l, java.util.List, boolean, boolean, int, boolean)
05-09 23:33:27.464  5864  5991 W dex2oat : Method processed more than once: void com.tencent.mm.ui.contact.o.<init>(com.tencent.mm.ui.contact.l, java.util.List, boolean, boolean, boolean)
05-09 23:33:27.464  5864  5991 W dex2oat : Method processed more than once: int com.tencent.mm.ui.contact.o.aqg(java.lang.String)
05-09 23:33:27.464  5864  5992 W dex2oat : Method processed more than once: void com.tencent.mm.ui.contact.a.e.a(android.content.Context, com.tencent.mm.ui.contact.a.a$a)
05-09 23:33:27.464  5864  5992 W dex2oat : Method processed more than once: com.tencent.mm.ui.contact.a.a$b com.tencent.mm.ui.contact.a.e.ams()
05-09 23:33:27.464  5864  5992 W dex2oat : Method processed more than once: com.tencent.mm.ui.contact.a.a$a com.tencent.mm.ui.contact.a.e.chB()
05-09 23:33:27.465  5864  5991 W dex2oat : Method processed more than once: void com.tencent.mm.ui.f.<init>(android.content.Context)
05-09 23:33:27.465  5864  5991 W dex2oat : Method processed more than once: void com.tencent.mm.ui.f.<init>(android.content.Context, byte)
05-09 23:33:27.465  5864  5991 W dex2oat : Method processed more than once: void com.tencent.mm.ui.f.<init>(android.content.Context, char)
05-09 23:33:27.465  5864  5991 W dex2oat : Method processed more than once: void com.tencent.mm.ui.f.<init>(android.content.Context, short)
05-09 23:33:27.465  5864  5991 W dex2oat : Method processed more than once: int com.tencent.mm.ui.f.a(com.tencent.mm.ui.f)
05-09 23:33:27.466  5864  5991 W dex2oat : Method processed more than once: void com.tencent.mm.ui.f.a(com.tencent.mm.cf.a.d)
05-09 23:33:27.466  5864  5991 W dex2oat : Method processed more than once: void com.tencent.mm.ui.f.a(com.tencent.mm.ui.f$c)
05-09 23:33:27.466  5864  5991 W dex2oat : Method processed more than once: void com.tencent.mm.ui.f.a(com.tencent.mm.ui.f$c, boolean, boolean)
05-09 23:33:27.466  5864  5991 W dex2oat : Method processed more than once: void com.tencent.mm.ui.f.a(com.tencent.mm.ui.f$d)
05-09 23:33:27.466  5864  5991 W dex2oat : Method processed more than once: void com.tencent.mm.ui.f.a(com.tencent.mm.ui.f, com.tencent.mm.ui.f$c)
05-09 23:33:27.466  5864  5991 W dex2oat : Method processed more than once: void com.tencent.mm.ui.f.a(com.tencent.mm.ui.f, com.tencent.mm.ui.f$c, boolean, boolean)
05-09 23:33:27.466  5864  5991 W dex2oat : Method processed more than once: boolean com.tencent.mm.ui.f.a(com.tencent.mm.ui.f, java.util.HashMap)
05-09 23:33:27.466  5864  5991 W dex2oat : Method processed more than once: java.util.HashMap com.tencent.mm.ui.f.b(com.tencent.mm.ui.f)
05-09 23:33:27.466  5864  5991 W dex2oat : Method processed more than once: void com.tencent.mm.ui.f.bQ(java.lang.String, boolean)
05-09 23:33:27.466  5864  5991 W dex2oat : Method processed more than once: com.tencent.mm.ui.f$c com.tencent.mm.ui.f.c(com.tencent.mm.ui.f)
05-09 23:33:27.466  5864  5991 W dex2oat : Method processed more than once: void com.tencent.mm.ui.f.d(com.tencent.mm.ui.f)
05-09 23:33:27.466  5864  5991 W dex2oat : Method processed more than once: void com.tencent.mm.ui.f.dqX()
05-09 23:33:27.466  5864  5991 W dex2oat : Method processed more than once: void com.tencent.mm.ui.f.drb()
05-09 23:33:27.466  5864  5991 W dex2oat : Method processed more than once: void com.tencent.mm.ui.f.drc()
05-09 23:33:27.466  5864  5991 W dex2oat : Method processed more than once: boolean com.tencent.mm.ui.f.drd()
05-09 23:33:27.466  5864  5991 W dex2oat : Method processed more than once: boolean com.tencent.mm.ui.f.dre()
05-09 23:33:27.466  5864  5991 W dex2oat : Method processed more than once: void com.tencent.mm.ui.f.drf()
05-09 23:33:27.466  5864  5991 W dex2oat : Method processed more than once: int com.tencent.mm.ui.f.getChangeType()
05-09 23:33:27.466  5864  5991 W dex2oat : Method processed more than once: com.tencent.mm.cf.a.a com.tencent.mm.ui.f.Lz(int)
05-09 23:33:27.466  5864  5991 W dex2oat : Method processed more than once: void com.tencent.mm.ui.f.a(com.tencent.mm.ui.f$a)
05-09 23:33:27.466  5864  5991 W dex2oat : Method processed more than once: void com.tencent.mm.ui.f.a(android.util.SparseArray[])
05-09 23:33:27.466  5864  5991 W dex2oat : Method processed more than once: com.tencent.mm.cf.a.a com.tencent.mm.ui.f.cI(java.lang.Object)
05-09 23:33:27.466  5864  5991 W dex2oat : Method processed more than once: boolean com.tencent.mm.ui.f.dpQ()
05-09 23:33:27.466  5864  5991 W dex2oat : Method processed more than once: void com.tencent.mm.ui.f.dqW()
05-09 23:33:27.466  5864  5991 W dex2oat : Method processed more than once: int com.tencent.mm.ui.f.dqY()
05-09 23:33:27.467  5864  5991 W dex2oat : Method processed more than once: android.util.SparseArray[] com.tencent.mm.ui.f.dra()
05-09 23:33:27.467  5864  5991 W dex2oat : Method processed more than once: int com.tencent.mm.ui.f.getCount()
05-09 23:33:27.467  5864  5991 W dex2oat : Method processed more than once: java.lang.Object com.tencent.mm.ui.f.getItem(int)
05-09 23:33:27.467  5864  5991 W dex2oat : Method processed more than once: long com.tencent.mm.ui.f.getItemId(int)
05-09 23:33:27.467  5864  5991 W dex2oat : Method processed more than once: void com.tencent.mm.ui.f.j(java.lang.Object, int)
05-09 23:33:27.467  5864  5991 W dex2oat : Method processed more than once: void com.tencent.mm.ui.f.oZ(boolean)
05-09 23:33:27.467  5864  5991 W dex2oat : Method processed more than once: void com.tencent.mm.ui.f.pa(boolean)
05-09 23:33:27.467  5864  5991 W dex2oat : Method processed more than once: void com.tencent.mm.ui.f.pause()
05-09 23:33:27.467  5864  5991 W dex2oat : Method processed more than once: void com.tencent.mm.ui.f.resume()
05-09 23:33:27.468  5864  5993 W dex2oat : Method processed more than once: void com.tencent.mm.ui.tools.MaskImageButton.<init>(android.content.Context, android.util.AttributeSet)
05-09 23:33:27.468  5864  5993 W dex2oat : Method processed more than once: java.lang.Runnable com.tencent.mm.ui.tools.MaskImageButton.a(com.tencent.mm.ui.tools.MaskImageButton)
05-09 23:33:27.468  5864  5993 W dex2oat : Method processed more than once: com.tencent.mm.sdk.platformtools.ak com.tencent.mm.ui.tools.MaskImageButton.b(com.tencent.mm.ui.tools.MaskImageButton)
05-09 23:33:27.469  5864  5993 W dex2oat : Method processed more than once: void com.tencent.mm.ui.tools.MaskImageButton.onDraw(android.graphics.Canvas)
05-09 23:33:27.469  5864  5993 W dex2oat : Method processed more than once: void com.tencent.mm.ui.tools.MaskImageButton.onMeasure(int, int)
05-09 23:33:27.472  5864  5992 W dex2oat : Method processed more than once: void com.tencent.mm.ui.widget.b.<init>()
05-09 23:33:27.472  5864  5992 W dex2oat : Method processed more than once: void com.tencent.mm.ui.widget.b.onAnimationEnd(android.view.animation.Animation)
05-09 23:33:27.472  5864  5992 W dex2oat : Method processed more than once: void com.tencent.mm.ui.widget.b.onAnimationRepeat(android.view.animation.Animation)
05-09 23:33:27.472  5864  5992 W dex2oat : Method processed more than once: void com.tencent.mm.ui.widget.b.onAnimationStart(android.view.animation.Animation)
05-09 23:33:27.475  5864  5992 W dex2oat : Method processed more than once: void com.tencent.mm.view.popview.AbstractPopView.<init>(android.content.Context, android.util.AttributeSet)
05-09 23:33:27.475  5864  5992 W dex2oat : Method processed more than once: void com.tencent.mm.view.popview.AbstractPopView.<init>(android.content.Context, android.util.AttributeSet, int)
05-09 23:33:27.475  5864  5992 W dex2oat : Method processed more than once: void com.tencent.mm.wallet_core.c.<init>()
05-09 23:33:27.475  5864  5992 W dex2oat : Method processed more than once: java.lang.String com.tencent.mm.wallet_core.c.cV(java.lang.Object)
05-09 23:33:27.476  5864  5992 W dex2oat : Method processed more than once: java.lang.String com.tencent.mm.wallet_core.c.u(java.lang.Object[])
05-09 23:33:27.476  5864  5992 W dex2oat : Method processed more than once: void com.tencent.mm.wallet_core.c.G(android.app.Activity)
05-09 23:33:27.476  5864  5992 W dex2oat : Method processed more than once: void com.tencent.mm.wallet_core.c.H(java.lang.Object[])
05-09 23:33:27.476  5864  5992 W dex2oat : Method processed more than once: int com.tencent.mm.wallet_core.c.a(com.tencent.mm.ui.MMActivity, int)
05-09 23:33:27.476  5864  5992 W dex2oat : Method processed more than once: com.tencent.mm.wallet_core.c com.tencent.mm.wallet_core.c.a(android.app.Activity, android.os.Bundle)
05-09 23:33:27.476  5864  5992 W dex2oat : Method processed more than once: com.tencent.mm.wallet_core.d.g com.tencent.mm.wallet_core.c.a(com.tencent.mm.ui.MMActivity, com.tencent.mm.wallet_core.d.i)
05-09 23:33:27.476  5864  5992 W dex2oat : Method processed more than once: void com.tencent.mm.wallet_core.c.a(android.app.Activity, java.lang.Class, int)
05-09 23:33:27.476  5864  5992 W dex2oat : Method processed more than once: void com.tencent.mm.wallet_core.c.a(android.app.Activity, java.lang.Class, int, android.content.Intent, boolean)
05-09 23:33:27.477  5864  5992 W dex2oat : Method processed more than once: void com.tencent.mm.wallet_core.c.a(android.app.Activity, java.lang.Class, int, boolean)
05-09 23:33:27.477  5864  5992 W dex2oat : Method processed more than once: void com.tencent.mm.wallet_core.c.a(android.app.Activity, java.lang.Class, android.content.Intent)
05-09 23:33:27.477  5864  5992 W dex2oat : Method processed more than once: void com.tencent.mm.wallet_core.c.a(android.app.Activity, java.lang.Class, android.os.Bundle, int)
05-09 23:33:27.477  5864  5992 W dex2oat : Method processed more than once: void com.tencent.mm.wallet_core.c.a(android.app.Activity, java.lang.Class, android.os.Bundle, android.os.Bundle)
05-09 23:33:27.477  5864  5992 W dex2oat : Method processed more than once: void com.tencent.mm.wallet_core.c.a(android.app.Activity, java.lang.String, java.lang.String, int, android.content.Intent, boolean)
05-09 23:33:27.477  5864  5992 W dex2oat : Method processed more than once: void com.tencent.mm.wallet_core.c.a(android.app.Activity, java.lang.String, java.lang.String, int, boolean)
05-09 23:33:27.477  5864  5993 W dex2oat : Method processed more than once: void com.tencent.mm.wallet_core.ui.d.<init>()
05-09 23:33:27.477  5864  5993 W dex2oat : Method processed more than once: void com.tencent.mm.wallet_core.ui.d.onClick(android.view.View)
05-09 23:33:27.478  5864  5992 W dex2oat : Method processed more than once: void com.tencent.mm.wallet_core.c.a(android.app.Activity, java.lang.String, java.lang.String, android.os.Bundle)
05-09 23:33:27.478  5864  5992 W dex2oat : Method processed more than once: void com.tencent.mm.wallet_core.c.a(com.tencent.mm.wallet_core.c$a, android.content.Context)
05-09 23:33:27.478  5864  5992 W dex2oat : Method processed more than once: boolean com.tencent.mm.wallet_core.c.a(com.tencent.mm.wallet_core.ui.WalletBaseUI, int, java.lang.String)
05-09 23:33:27.478  5864  5992 W dex2oat : Method processed more than once: com.tencent.mm.wallet_core.c com.tencent.mm.wallet_core.c.aC(android.os.Bundle)
05-09 23:33:27.478  5864  5992 W dex2oat : Method processed more than once: void com.tencent.mm.wallet_core.c.aC(android.app.Activity)
05-09 23:33:27.478  5864  5992 W dex2oat : Method processed more than once: void com.tencent.mm.wallet_core.c.b(android.app.Activity, java.lang.Class, android.os.Bundle)
05-09 23:33:27.478  5864  5992 W dex2oat : Method processed more than once: void com.tencent.mm.wallet_core.c.c(android.app.Activity, java.lang.Class)
05-09 23:33:27.478  5864  5992 W dex2oat : Method processed more than once: boolean com.tencent.mm.wallet_core.c.cMz()
05-09 23:33:27.478  5864  5992 W dex2oat : Method processed more than once: void com.tencent.mm.wallet_core.c.d(android.app.Activity, java.lang.String, java.lang.String)
05-09 23:33:27.478  5864  5992 W dex2oat : Method processed more than once: void com.tencent.mm.wallet_core.c.dHC()
05-09 23:33:27.478  5864  5992 W dex2oat : Method processed more than once: int com.tencent.mm.wallet_core.c.dHD()
05-09 23:33:27.478  5864  5992 W dex2oat : Method processed more than once: boolean com.tencent.mm.wallet_core.c.dHE()
05-09 23:33:27.478  5864  5992 W dex2oat : Method processed more than once: boolean com.tencent.mm.wallet_core.c.dHF()
05-09 23:33:27.478  5864  5992 W dex2oat : Method processed more than once: boolean com.tencent.mm.wallet_core.c.dHG()
05-09 23:33:27.479  5864  5992 W dex2oat : Method processed more than once: boolean com.tencent.mm.wallet_core.c.dHH()
05-09 23:33:27.479  5864  5992 W dex2oat : Method processed more than once: boolean com.tencent.mm.wallet_core.c.h(android.app.Activity, android.os.Bundle)
05-09 23:33:27.480  5864  5992 W dex2oat : Method processed more than once: void com.tencent.mm.wallet_core.c.l(android.app.Activity, android.os.Bundle)
05-09 23:33:27.481  5864  5993 W dex2oat : Method processed more than once: void com.tencent.pb.common.c.e.<init>()
05-09 23:33:27.481  5864  5993 W dex2oat : Method processed more than once: java.lang.Object com.tencent.pb.common.c.e.get()
05-09 23:33:27.481  5864  5993 W dex2oat : Method processed more than once: void com.tencent.qqmusic.mediaplayer.BaseDecodeDataComponent.<clinit>()
05-09 23:33:27.482  5864  5992 W dex2oat : Method processed more than once: void com.tencent.qqmusic.mediaplayer.audioplaylist.charsetdetector.CharsetRecog_2022.<init>()
05-09 23:33:27.482  5864  5992 W dex2oat : Method processed more than once: int com.tencent.qqmusic.mediaplayer.audioplaylist.charsetdetector.CharsetRecog_2022.match(byte[], int, byte[][])
05-09 23:33:27.482  5864  5992 W dex2oat : Method processed more than once: void com.tencent.qqmusic.mediaplayer.audioplaylist.charsetdetector.CharsetRecog_mbcs$CharsetRecog_euc.<init>()
05-09 23:33:27.482  5864  5992 W dex2oat : Method processed more than once: boolean com.tencent.qqmusic.mediaplayer.audioplaylist.charsetdetector.CharsetRecog_mbcs$CharsetRecog_euc.nextChar(com.tencent.qqmusic.mediaplayer.audioplaylist.charsetdetector.CharsetRecog_mbcs$iteratedChar, com.tencent.qqmusic.mediaplayer.audioplaylist.charsetdetector.CharsetDetector)
05-09 23:33:27.482  5864  5992 W dex2oat : Method processed more than once: void com.tencent.qqmusic.mediaplayer.audioplaylist.charsetdetector.CharsetRecog_sbcs$CharsetRecog_8859_9.<clinit>()
05-09 23:33:27.482  5864  5992 W dex2oat : Method processed more than once: void com.tencent.qqmusic.mediaplayer.audioplaylist.charsetdetector.CharsetRecog_sbcs$CharsetRecog_8859_9.<init>()
05-09 23:33:27.482  5864  5992 W dex2oat : Method processed more than once: java.lang.String com.tencent.qqmusic.mediaplayer.audioplaylist.charsetdetector.CharsetRecog_sbcs$CharsetRecog_8859_9.getName()
05-09 23:33:27.482  5864  5992 W dex2oat : Method processed more than once: void com.tencent.qqmusic.mediaplayer.audioplaylist.itemparser.AudioPlayListItemParser.<init>()
05-09 23:33:27.482  5864  5992 W dex2oat : Method processed more than once: java.lang.String com.tencent.qqmusic.mediaplayer.audioplaylist.itemparser.AudioPlayListItemParser.delSeprator(java.lang.String)
05-09 23:33:27.483  5864  5992 W dex2oat : Method processed more than once: java.lang.String com.tencent.qqmusic.mediaplayer.audioplaylist.itemparser.AudioPlayListItemParser.guessCharsetEncoding(java.io.InputStream)
05-09 23:33:27.484  5864  5991 W dex2oat : Method processed more than once: void com.tencent.rtmp.ui.TXCloudVideoView.<init>(android.content.Context)
05-09 23:33:27.485  5864  5991 W dex2oat : Method processed more than once: void com.tencent.rtmp.ui.TXCloudVideoView.<init>(android.content.Context, android.util.AttributeSet)
05-09 23:33:27.485  5864  5991 W dex2oat : Method processed more than once: int com.tencent.rtmp.ui.TXCloudVideoView.clamp(int, int, int)
05-09 23:33:27.485  5864  5991 W dex2oat : Method processed more than once: android.graphics.Rect com.tencent.rtmp.ui.TXCloudVideoView.getTouchRect(int, int, int, int, float)
05-09 23:33:27.485  5864  5993 W dex2oat : Method processed more than once: void com.tencent.qqmusic.mediaplayer.BaseDecodeDataComponent.<init>(com.tencent.qqmusic.mediaplayer.CorePlayer, com.tencent.qqmusic.mediaplayer.PlayerStateRunner, com.tencent.qqmusic.mediaplayer.AudioInformation, com.tencent.qqmusic.mediaplayer.PlayerCallback, com.tencent.qqmusic.mediaplayer.BaseDecodeDataComponent$HandleDecodeDataCallback, android.os.Handler, int)
05-09 23:33:27.485  5864  5993 W dex2oat : Method processed more than once: int com.tencent.qqmusic.mediaplayer.BaseDecodeDataComponent.getAudioTrackPosition(long, android.media.AudioTrack)
05-09 23:33:27.485  5864  5993 W dex2oat : Method processed more than once: boolean com.tencent.qqmusic.mediaplayer.BaseDecodeDataComponent.processAudioListener(com.tencent.qqmusic.mediaplayer.audiofx.IAudioListener, com.tencent.qqmusic.mediaplayer.BufferInfo, com.tencent.qqmusic.mediaplayer.BufferInfo)
05-09 23:33:27.485  5864  5993 W dex2oat : Method processed more than once: boolean com.tencent.qqmusic.mediaplayer.BaseDecodeDataComponent.processAudioListener(com.tencent.qqmusic.mediaplayer.audiofx.IAudioListener, com.tencent.qqmusic.mediaplayer.FloatBufferInfo, com.tencent.qqmusic.mediaplayer.FloatBufferInfo)
05-09 23:33:27.485  5864  5993 W dex2oat : Method processed more than once: void com.tencent.qqmusic.mediaplayer.BaseDecodeDataComponent.addAudioListener(com.tencent.qqmusic.mediaplayer.audiofx.IAudioListener)
05-09 23:33:27.485  5864  5993 W dex2oat : Method processed more than once: java.lang.String com.tencent.qqmusic.mediaplayer.BaseDecodeDataComponent.axiliary(java.lang.String)
05-09 23:33:27.485  5864  5993 W dex2oat : Method processed more than once: void com.tencent.qqmusic.mediaplayer.BaseDecodeDataComponent.callExceptionCallback(int, int)
05-09 23:33:27.485  5864  5993 W dex2oat : Method processed more than once: void com.tencent.qqmusic.mediaplayer.BaseDecodeDataComponent.callExceptionCallback(int, int, int)
05-09 23:33:27.485  5864  5993 W dex2oat : Method processed more than once: void com.tencent.qqmusic.mediaplayer.BaseDecodeDataComponent.changePlayThreadPriorityImmediately()
05-09 23:33:27.485  5864  5993 W dex2oat : Method processed more than once: void com.tencent.qqmusic.mediaplayer.BaseDecodeDataComponent.convertBytePcmToFloatPcm(com.tencent.qqmusic.mediaplayer.BufferInfo, com.tencent.qqmusic.mediaplayer.FloatBufferInfo)
05-09 23:33:27.485  5864  5993 W dex2oat : Method processed more than once: void com.tencent.qqmusic.mediaplayer.BaseDecodeDataComponent.destroyAudioListeners()
05-09 23:33:27.485  5864  5993 W dex2oat : Method processed more than once: void com.tencent.qqmusic.mediaplayer.BaseDecodeDataComponent.doWaitForPaused()
05-09 23:33:27.485  5864  5993 W dex2oat : Method processed more than once: void com.tencent.qqmusic.mediaplayer.BaseDecodeDataComponent.flush()
05-09 23:33:27.485  5864  5993 W dex2oat : Method processed more than once: int com.tencent.qqmusic.mediaplayer.BaseDecodeDataComponent.getBytesPerSampleInPlay(int)
05-09 23:33:27.485  5864  5993 W dex2oat : Method processed more than once: int com.tencent.qqmusic.mediaplayer.BaseDecodeDataComponent.getPlayerState()
05-09 23:33:27.485  5864  5993 W dex2oat : Method processed more than once: int com.tencent.qqmusic.mediaplayer.BaseDecodeDataComponent.getSessionId()
05-09 23:33:27.485  5864  5993 W dex2oat : Method processed more than once: void com.tencent.qqmusic.mediaplayer.BaseDecodeDataComponent.handleHighBitDept(com.tencent.qqmusic.mediaplayer.BufferInfo, com.tencent.qqmusic.mediaplayer.BufferInfo)
05-09 23:33:27.485  5864  5993 W dex2oat : Method processed more than once: void com.tencent.qqmusic.mediaplayer.BaseDecodeDataComponent.handleHighSample(com.tencent.qqmusic.mediaplayer.BufferInfo, com.tencent.qqmusic.mediaplayer.BufferInfo)
05-09 23:33:27.485  5864  5993 W dex2oat : Method processed more than once: boolean com.tencent.qqmusic.mediaplayer.BaseDecodeDataComponent.hasDecodeData()
05-09 23:33:27.485  5864  5993 W dex2oat : Method processed more than once: boolean com.tencent.qqmusic.mediaplayer.BaseDecodeDataComponent.hasDecodeDataSuccess()
05-09 23:33:27.485  5864  5993 W dex2oat : Method processed more than once: void com.tencent.qqmusic.mediaplayer.BaseDecodeDataComponent.initAudioListeners(long, int, int)
05-09 23:33:27.485  5864  5993 W dex2oat : Method processed more than once: boolean com.tencent.qqmusic.mediaplayer.BaseDecodeDataComponent.isCompleted()
05-09 23:33:27.486  5864  5993 W dex2oat : Method processed more than once: boolean com.tencent.qqmusic.mediaplayer.BaseDecodeDataComponent.isCreateAudioTrackFail()
05-09 23:33:27.486  5864  5993 W dex2oat : Method processed more than once: boolean com.tencent.qqmusic.mediaplayer.BaseDecodeDataComponent.isError()
05-09 23:33:27.486  5864  5993 W dex2oat : Method processed more than once: boolean com.tencent.qqmusic.mediaplayer.BaseDecodeDataComponent.isIdle()
05-09 23:33:27.486  5864  5993 W dex2oat : Method processed more than once: boolean com.tencent.qqmusic.mediaplayer.BaseDecodeDataComponent.isInit()
05-09 23:33:27.486  5864  5993 W dex2oat : Method processed more than once: boolean com.tencent.qqmusic.mediaplayer.BaseDecodeDataComponent.isPaused()
05-09 23:33:27.486  5864  5993 W dex2oat : Method processed more than once: boolean com.tencent.qqmusic.mediaplayer.BaseDecodeDataComponent.isPlaying()
05-09 23:33:27.486  5864  5993 W dex2oat : Method processed more than once: boolean com.tencent.qqmusic.mediaplayer.BaseDecodeDataComponent.isStopped()
05-09 23:33:27.486  5864  5993 W dex2oat : Method processed more than once: void com.tencent.qqmusic.mediaplayer.BaseDecodeDataComponent.notifySeekCompleteForAudioListeners(long)
05-09 23:33:27.486  5864  5993 W dex2oat : Method processed more than once: void com.tencent.qqmusic.mediaplayer.BaseDecodeDataComponent.pause()
05-09 23:33:27.486  5864  5993 W dex2oat : Method processed more than once: void com.tencent.qqmusic.mediaplayer.BaseDecodeDataComponent.play()
05-09 23:33:27.486  5864  5993 W dex2oat : Method processed more than once: void com.tencent.qqmusic.mediaplayer.BaseDecodeDataComponent.postRunnable(java.lang.Runnable, int)
05-09 23:33:27.486  5864  5993 W dex2oat : Method processed more than once: void com.tencent.qqmusic.mediaplayer.BaseDecodeDataComponent.processAudioListeners(com.tencent.qqmusic.mediaplayer.BufferInfo, com.tencent.qqmusic.mediaplayer.BufferInfo)
05-09 23:33:27.486  5864  5993 W dex2oat : Method processed more than once: void com.tencent.qqmusic.mediaplayer.BaseDecodeDataComponent.processAudioListeners(com.tencent.qqmusic.mediaplayer.FloatBufferInfo, com.tencent.qqmusic.mediaplayer.FloatBufferInfo)
05-09 23:33:27.486  5864  5993 W dex2oat : Method processed more than once: void com.tencent.qqmusic.mediaplayer.BaseDecodeDataComponent.refreshTimeAndNotify(int)
05-09 23:33:27.486  5864  5993 W dex2oat : Method processed more than once: void com.tencent.qqmusic.mediaplayer.BaseDecodeDataComponent.release()
05-09 23:33:27.486  5864  5993 W dex2oat : Method processed more than once: void com.tencent.qqmusic.mediaplayer.BaseDecodeDataComponent.releaseNotify()
05-09 23:33:27.486  5864  5993 W dex2oat : Method processed more than once: void com.tencent.qqmusic.mediaplayer.BaseDecodeDataComponent.removeAudioListener(com.tencent.qqmusic.mediaplayer.audiofx.IAudioListener)
05-09 23:33:27.486  5864  5993 W dex2oat : Method processed more than once: void com.tencent.qqmusic.mediaplayer.BaseDecodeDataComponent.seek(int)
05-09 23:33:27.486  5864  5993 W dex2oat : Method processed more than once: void com.tencent.qqmusic.mediaplayer.BaseDecodeDataComponent.setAudioStreamType(int)
05-09 23:33:27.486  5864  5993 W dex2oat : Method processed more than once: void com.tencent.qqmusic.mediaplayer.BaseDecodeDataComponent.setPerformanceTracer(com.tencent.qqmusic.mediaplayer.perf.PerformanceTracer)
05-09 23:33:27.486  5864  5993 W dex2oat : Method processed more than once: void com.tencent.qqmusic.mediaplayer.BaseDecodeDataComponent.setVolume(float, float)
05-09 23:33:27.486  5864  5993 W dex2oat : Method processed more than once: void com.tencent.qqmusic.mediaplayer.BaseDecodeDataComponent.stop()
05-09 23:33:27.487  5864  5992 W dex2oat : Method processed more than once: void com.tencent.smtt.sdk.WebChromeClient.<init>()
05-09 23:33:27.487  5864  5992 W dex2oat : Method processed more than once: android.graphics.Bitmap com.tencent.smtt.sdk.WebChromeClient.getDefaultVideoPoster()
05-09 23:33:27.487  5864  5992 W dex2oat : Method processed more than once: android.view.View com.tencent.smtt.sdk.WebChromeClient.getVideoLoadingProgressView()
05-09 23:33:27.487  5864  5992 W dex2oat : Method processed more than once: void com.tencent.smtt.sdk.WebChromeClient.getVisitedHistory(com.tencent.smtt.sdk.ValueCallback)
05-09 23:33:27.487  5864  5992 W dex2oat : Method processed more than once: void com.tencent.smtt.sdk.WebChromeClient.onCloseWindow(com.tencent.smtt.sdk.WebView)
05-09 23:33:27.487  5864  5992 W dex2oat : Method processed more than once: boolean com.tencent.smtt.sdk.WebChromeClient.onConsoleMessage(com.tencent.smtt.export.external.interfaces.ConsoleMessage)
05-09 23:33:27.487  5864  5992 W dex2oat : Method processed more than once: boolean com.tencent.smtt.sdk.WebChromeClient.onCreateWindow(com.tencent.smtt.sdk.WebView, boolean, boolean, android.os.Message)
05-09 23:33:27.487  5864  5992 W dex2oat : Method processed more than once: void com.tencent.smtt.sdk.WebChromeClient.onExceededDatabaseQuota(java.lang.String, java.lang.String, long, long, long, com.tencent.smtt.sdk.WebStorage$QuotaUpdater)
05-09 23:33:27.487  5864  5992 W dex2oat : Method processed more than once: void com.tencent.smtt.sdk.WebChromeClient.onGeolocationPermissionsHidePrompt()
05-09 23:33:27.487  5864  5992 W dex2oat : Method processed more than once: void com.tencent.smtt.sdk.WebChromeClient.onGeolocationPermissionsShowPrompt(java.lang.String, com.tencent.smtt.export.external.interfaces.GeolocationPermissionsCallback)
05-09 23:33:27.487  5864  5992 W dex2oat : Method processed more than once: void com.tencent.smtt.sdk.WebChromeClient.onHideCustomView()
05-09 23:33:27.487  5864  5992 W dex2oat : Method processed more than once: boolean com.tencent.smtt.sdk.WebChromeClient.onJsAlert(com.tencent.smtt.sdk.WebView, java.lang.String, java.lang.String, com.tencent.smtt.export.external.interfaces.JsResult)
05-09 23:33:27.487  5864  5992 W dex2oat : Method processed more than once: boolean com.tencent.smtt.sdk.WebChromeClient.onJsBeforeUnload(com.tencent.smtt.sdk.WebView, java.lang.String, java.lang.String, com.tencent.smtt.export.external.interfaces.JsResult)
05-09 23:33:27.487  5864  5992 W dex2oat : Method processed more than once: boolean com.tencent.smtt.sdk.WebChromeClient.onJsConfirm(com.tencent.smtt.sdk.WebView, java.lang.String, java.lang.String, com.tencent.smtt.export.external.interfaces.JsResult)
05-09 23:33:27.487  5864  5992 W dex2oat : Method processed more than once: boolean com.tencent.smtt.sdk.WebChromeClient.onJsPrompt(com.tencent.smtt.sdk.WebView, java.lang.String, java.lang.String, java.lang.String, com.tencent.smtt.export.external.interfaces.JsPromptResult)
05-09 23:33:27.487  5864  5992 W dex2oat : Method processed more than once: boolean com.tencent.smtt.sdk.WebChromeClient.onJsTimeout()
05-09 23:33:27.487  5864  5992 W dex2oat : Method processed more than once: void com.tencent.smtt.sdk.WebChromeClient.onProgressChanged(com.tencent.smtt.sdk.WebView, int)
05-09 23:33:27.487  5864  5992 W dex2oat : Method processed more than once: void com.tencent.smtt.sdk.WebChromeClient.onReachedMaxAppCacheSize(long, long, com.tencent.smtt.sdk.WebStorage$QuotaUpdater)
05-09 23:33:27.487  5864  5992 W dex2oat : Method processed more than once: void com.tencent.smtt.sdk.WebChromeClient.onReceivedIcon(com.tencent.smtt.sdk.WebView, android.graphics.Bitmap)
05-09 23:33:27.487  5864  5992 W dex2oat : Method processed more than once: void com.tencent.smtt.sdk.WebChromeClient.onReceivedTitle(com.tencent.smtt.sdk.WebView, java.lang.String)
05-09 23:33:27.488  5864  5992 W dex2oat : Method processed more than once: void com.tencent.smtt.sdk.WebChromeClient.onReceivedTouchIconUrl(com.tencent.smtt.sdk.WebView, java.lang.String, boolean)
05-09 23:33:27.488  5864  5992 W dex2oat : Method processed more than once: void com.tencent.smtt.sdk.WebChromeClient.onRequestFocus(com.tencent.smtt.sdk.WebView)
05-09 23:33:27.488  5864  5992 W dex2oat : Method processed more than once: void com.tencent.smtt.sdk.WebChromeClient.onShowCustomView(android.view.View, int, com.tencent.smtt.export.external.interfaces.IX5WebChromeClient$CustomViewCallback)
05-09 23:33:27.488  5864  5992 W dex2oat : Method processed more than once: void com.tencent.smtt.sdk.WebChromeClient.onShowCustomView(android.view.View, com.tencent.smtt.export.external.interfaces.IX5WebChromeClient$CustomViewCallback)
05-09 23:33:27.488  5864  5992 W dex2oat : Method processed more than once: boolean com.tencent.smtt.sdk.WebChromeClient.onShowFileChooser(com.tencent.smtt.sdk.WebView, com.tencent.smtt.sdk.ValueCallback, com.tencent.smtt.sdk.WebChromeClient$FileChooserParams)
05-09 23:33:27.488  5864  5992 W dex2oat : Method processed more than once: void com.tencent.smtt.sdk.WebChromeClient.openFileChooser(com.tencent.smtt.sdk.ValueCallback, java.lang.String, java.lang.String)
05-09 23:33:27.488  5864  5991 W dex2oat : Method processed more than once: void com.tencent.rtmp.ui.TXCloudVideoView.addVideoView(android.view.TextureView)
05-09 23:33:27.488  5864  5991 W dex2oat : Method processed more than once: void com.tencent.rtmp.ui.TXCloudVideoView.addVideoView(com.tencent.liteav.renderer.d)
05-09 23:33:27.488  5864  5991 W dex2oat : Method processed more than once: void com.tencent.rtmp.ui.TXCloudVideoView.adjustVideoSize()
05-09 23:33:27.488  5864  5991 W dex2oat : Method processed more than once: void com.tencent.rtmp.ui.TXCloudVideoView.clearLastFrame(boolean)
05-09 23:33:27.488  5864  5991 W dex2oat : Method processed more than once: void com.tencent.rtmp.ui.TXCloudVideoView.clearLog()
05-09 23:33:27.488  5864  5991 W dex2oat : Method processed more than once: void com.tencent.rtmp.ui.TXCloudVideoView.disableLog(boolean)
05-09 23:33:27.488  5864  5991 W dex2oat : Method processed more than once: void com.tencent.rtmp.ui.TXCloudVideoView.enableHardwareDecode(boolean)
05-09 23:33:27.488  5864  5991 W dex2oat : Method processed more than once: com.tencent.liteav.renderer.d com.tencent.rtmp.ui.TXCloudVideoView.getGLSurfaceView()
05-09 23:33:27.488  5864  5991 W dex2oat : Method processed more than once: android.view.TextureView com.tencent.rtmp.ui.TXCloudVideoView.getHWVideoView()
05-09 23:33:27.488  5864  5991 W dex2oat : Method processed more than once: android.view.TextureView com.tencent.rtmp.ui.TXCloudVideoView.getVideoView()
05-09 23:33:27.488  5864  5991 W dex2oat : Method processed more than once: void com.tencent.rtmp.ui.TXCloudVideoView.onDestroy()
05-09 23:33:27.488  5864  5991 W dex2oat : Method processed more than once: void com.tencent.rtmp.ui.TXCloudVideoView.onPause()
05-09 23:33:27.488  5864  5991 W dex2oat : Method processed more than once: void com.tencent.rtmp.ui.TXCloudVideoView.onResume()
05-09 23:33:27.488  5864  5991 W dex2oat : Method processed more than once: void com.tencent.rtmp.ui.TXCloudVideoView.onTouchFocus(int, int)
05-09 23:33:27.488  5864  5991 W dex2oat : Method processed more than once: void com.tencent.rtmp.ui.TXCloudVideoView.refreshLastFrame()
05-09 23:33:27.488  5864  5991 W dex2oat : Method processed more than once: void com.tencent.rtmp.ui.TXCloudVideoView.removeFocusIndicatorView()
05-09 23:33:27.488  5864  5991 W dex2oat : Method processed more than once: void com.tencent.rtmp.ui.TXCloudVideoView.removeVideoView()
05-09 23:33:27.488  5864  5991 W dex2oat : Method processed more than once: void com.tencent.rtmp.ui.TXCloudVideoView.setGLOnTouchListener(android.view.View$OnTouchListener)
05-09 23:33:27.488  5864  5991 W dex2oat : Method processed more than once: void com.tencent.rtmp.ui.TXCloudVideoView.setLogMargin(int, int, int, int)
05-09 23:33:27.488  5864  5991 W dex2oat : Method processed more than once: void com.tencent.rtmp.ui.TXCloudVideoView.setLogText(android.os.Bundle, android.os.Bundle, int)
05-09 23:33:27.488  5864  5991 W dex2oat : Method processed more than once: void com.tencent.rtmp.ui.TXCloudVideoView.setMirror(boolean)
05-09 23:33:27.488  5864  5991 W dex2oat : Method processed more than once: void com.tencent.rtmp.ui.TXCloudVideoView.setRenderMode(int)
05-09 23:33:27.488  5864  5991 W dex2oat : Method processed more than once: void com.tencent.rtmp.ui.TXCloudVideoView.setRenderRotation(int)
05-09 23:33:27.488  5864  5991 W dex2oat : Method processed more than once: void com.tencent.rtmp.ui.TXCloudVideoView.setStreamUrl(java.lang.String)
05-09 23:33:27.488  5864  5991 W dex2oat : Method processed more than once: void com.tencent.rtmp.ui.TXCloudVideoView.setSurfaceTextureListener(android.view.TextureView$SurfaceTextureListener)
05-09 23:33:27.488  5864  5991 W dex2oat : Method processed more than once: void com.tencent.rtmp.ui.TXCloudVideoView.setUseBeautyView(boolean)
