03-22 19:58:21.677  2012  2040 W PackageSettings: Couldn't write 10022 to /config/sdcardfs/org.openthos.appstore/appid
03-22 19:58:21.677  2012  2040 W PackageSettings: Couldn't write 10032 to /config/sdcardfs/com.android.storagemanager/appid
03-22 19:58:21.677  2012  2040 W PackageSettings: Couldn't write 10040 to /config/sdcardfs/com.android.bookmarkprovider/appid
03-22 19:58:21.677  2012  2040 W PackageSettings: Couldn't write 1000 to /config/sdcardfs/com.android.settings/appid
03-22 19:58:21.677  2012  2040 W PackageSettings: Couldn't write 10036 to /config/sdcardfs/com.termux/appid
03-22 19:58:21.677  2012  2040 W PackageSettings: Couldn't write 10054 to /config/sdcardfs/com.android.calculator2/appid
03-22 19:58:21.677  2012  2040 W PackageSettings: Couldn't write 10047 to /config/sdcardfs/com.android.cts.ctsshim/appid
03-22 19:58:21.677  2012  2040 W PackageSettings: Couldn't write 10074 to /config/sdcardfs/com.alibaba.android.rimet/appid
03-22 19:58:21.677  2012  2040 W PackageSettings: Couldn't write 10034 to /config/sdcardfs/com.android.vpndialogs/appid
03-22 19:58:21.677  2012  2040 W PackageSettings: Couldn't write 1001 to /config/sdcardfs/com.android.phone/appid
03-22 19:58:21.677  2012  2040 W PackageSettings: Couldn't write 2000 to /config/sdcardfs/com.android.shell/appid
03-22 19:58:21.677  2012  2040 W PackageSettings: Couldn't write 1000 to /config/sdcardfs/com.android.wallpaperbackup/appid
03-22 19:58:21.678  2012  2040 W PackageSettings: Couldn't write 10003 to /config/sdcardfs/com.android.providers.blockednumber/appid
03-22 19:58:21.678  2012  2040 W PackageSettings: Couldn't write 10003 to /config/sdcardfs/com.android.providers.userdictionary/appid
03-22 19:58:21.678  2012  2040 W PackageSettings: Couldn't write 10016 to /config/sdcardfs/com.android.emergency/appid
03-22 19:58:21.678  2012  2040 W PackageSettings: Couldn't write 1000 to /config/sdcardfs/com.android.location.fused/appid
03-22 19:58:21.678  2012  2040 W PackageSettings: Couldn't write 10049 to /config/sdcardfs/com.android.deskclock/appid
03-22 19:58:21.678  2012  2040 W PackageSettings: Couldn't write 10033 to /config/sdcardfs/com.android.systemui/appid
03-22 19:58:21.678  2012  2040 W PackageSettings: Couldn't write 10041 to /config/sdcardfs/com.android.bluetoothmidiservice/appid
03-22 19:58:21.678  2012  2040 W PackageSettings: Couldn't write 10070 to /config/sdcardfs/com.termoneplus/appid
03-22 19:58:21.678  2012  2040 W PackageSettings: Couldn't write 1002 to /config/sdcardfs/com.android.bluetooth/appid
03-22 19:58:21.678  2012  2040 W PackageSettings: Couldn't write 10050 to /config/sdcardfs/com.android.development/appid
03-22 19:58:21.678  2012  2040 W PackageSettings: Couldn't write 10069 to /config/sdcardfs/com.android.wallpaperpicker/appid
03-22 19:58:21.679  2012  2040 W PackageSettings: Couldn't write 10003 to /config/sdcardfs/com.android.providers.contacts/appid
03-22 19:58:21.679  2012  2040 W PackageSettings: Couldn't write 10043 to /config/sdcardfs/com.android.captiveportallogin/appid
03-22 19:58:21.679  2012  2040 W PackageSettings: Couldn't write 10073 to /config/sdcardfs/cn.wps.moffice_eng/appid
03-22 19:58:22.684  3089  4189 W PackageParser: No actions in intent filter at /storage/emulated/0/Download/app/rimet_700219.apk Binary XML file line #5586
03-22 19:58:22.684  3089  4189 W PackageParser: No actions in intent filter at /storage/emulated/0/Download/app/rimet_700219.apk Binary XML file line #5591
03-22 19:58:38.077  2012  2040 W PackageManager: Invalid verification token 3 received
03-22 19:58:42.781  3089  4205 W PackageParser: Ignoring duplicate uses-permissions/uses-permissions-sdk-m: com.android.launcher2.permission.READ_SETTINGS in package: com.tencent.mobileqq at: Binary XML file line #76
03-22 19:58:42.781  3089  4205 W PackageParser: Ignoring duplicate uses-permissions/uses-permissions-sdk-m: android.permission.WRITE_CONTACTS in package: com.tencent.mobileqq at: Binary XML file line #107
03-22 19:58:42.782  3089  4205 W PackageParser: No actions in intent filter at /storage/emulated/0/Download/app/mobileqq_android.apk Binary XML file line #1850
03-22 19:58:42.785  3089  4205 W PackageParser: Ignoring duplicate uses-permissions/uses-permissions-sdk-m: com.tencent.msf.permission.account.sync in package: com.tencent.mobileqq at: Binary XML file line #7535
03-22 19:58:42.785  3089  4205 W PackageParser: Ignoring duplicate uses-permissions/uses-permissions-sdk-m: android.permission.CHANGE_WIFI_STATE in package: com.tencent.mobileqq at: Binary XML file line #7542
03-22 19:58:42.785  3089  4205 W PackageParser: Ignoring duplicate uses-permissions/uses-permissions-sdk-m: android.permission.INTERNET in package: com.tencent.mobileqq at: Binary XML file line #7543
03-22 19:58:42.785  3089  4205 W PackageParser: Ignoring duplicate uses-permissions/uses-permissions-sdk-m: android.permission.ACCESS_WIFI_STATE in package: com.tencent.mobileqq at: Binary XML file line #7544
03-22 19:58:42.785  3089  4205 W PackageParser: Ignoring duplicate uses-permissions/uses-permissions-sdk-m: android.permission.ACCESS_NETWORK_STATE in package: com.tencent.mobileqq at: Binary XML file line #7545
03-22 19:58:42.785  3089  4205 W PackageParser: Ignoring duplicate uses-permissions/uses-permissions-sdk-m: android.permission.CAMERA in package: com.tencent.mobileqq at: Binary XML file line #7549
03-22 19:58:42.785  3089  4205 W PackageParser: Ignoring duplicate uses-permissions/uses-permissions-sdk-m: android.permission.READ_PHONE_STATE in package: com.tencent.mobileqq at: Binary XML file line #7550
03-22 19:58:42.785  3089  4205 W PackageParser: Ignoring duplicate uses-permissions/uses-permissions-sdk-m: android.permission.WAKE_LOCK in package: com.tencent.mobileqq at: Binary XML file line #7551
03-22 19:58:42.785  3089  4205 W PackageParser: Ignoring duplicate uses-permissions/uses-permissions-sdk-m: com.android.launcher.permission.INSTALL_SHORTCUT in package: com.tencent.mobileqq at: Binary XML file line #7552
03-22 19:58:42.785  3089  4205 W PackageParser: Ignoring duplicate uses-permissions/uses-permissions-sdk-m: android.permission.RECEIVE_BOOT_COMPLETED in package: com.tencent.mobileqq at: Binary XML file line #7553
03-22 19:58:42.785  3089  4205 W PackageParser: Ignoring duplicate uses-permissions/uses-permissions-sdk-m: com.tencent.msf.permission.account.sync in package: com.tencent.mobileqq at: Binary XML file line #7555
03-22 19:58:52.477  2012  2040 W PackageManager: Invalid verification token 4 received
03-22 19:58:52.486  3089  4189 W PackageParser: Unknown element under <manifest>: meta-data at /storage/emulated/0/Download/app/excel_16_0_10730_20043.apk Binary XML file line #66
03-22 19:58:52.486  3089  4189 W PackageParser: Unknown element under <manifest>: activity at /storage/emulated/0/Download/app/excel_16_0_10730_20043.apk Binary XML file line #86
03-22 19:58:57.411  2012  2040 W PackageManager: Invalid verification token 5 received
03-22 19:58:57.432  3089  4205 W PackageParser: Unknown element under <manifest>: meta-data at /storage/emulated/0/Download/app/powerpoint_16_0_10730_20043.apk Binary XML file line #76
03-22 19:59:07.158  2012  2040 W PackageManager: Invalid verification token 6 received
03-22 19:59:12.114  2012  2040 W PackageManager: Invalid verification token 7 received
03-22 19:59:38.628  3089  4189 W PackageParser: Unknown element under <manifest>: meta-data at /storage/emulated/0/Download/app/word_16_0_10730_20043.apk Binary XML file line #69
03-22 19:59:52.531  3089  4205 W PackageParser: Unknown element under <manifest>: meta-data at /storage/emulated/0/Download/app/word_16_0_10730_20043.apk Binary XML file line #69
03-22 19:59:53.406  2012  2040 W PackageManager: Invalid verification token 8 received
03-22 20:00:07.233  2012  2040 W PackageManager: Invalid verification token 9 received
03-22 20:00:09.968  2012  2040 W PackageManager: Invalid verification token 10 received
03-22 20:00:22.605  2012  2040 W PackageManager: Invalid verification token 11 received
03-22 20:00:24.744  2012  4116 I ActivityManager: Killing 10035:com.tencent.mobileqq:tool/u0a76 (adj 906): empty for 1800s
03-22 20:00:24.757  2012  6258 D ConnectivityService: ConnectivityService NetworkRequestInfo binderDied(NetworkRequest [ LISTEN id=33, [ Capabilities: INTERNET&NOT_RESTRICTED&TRUSTED] ], android.os.BinderProxy@6f6a74c)
03-22 20:00:24.757  2012  6258 D ConnectivityService: ConnectivityService NetworkRequestInfo binderDied(NetworkRequest [ LISTEN id=34, [ Capabilities: INTERNET&NOT_RESTRICTED&TRUSTED] ], android.os.BinderProxy@ec69395)
03-22 20:00:24.757  2012  6258 D ConnectivityService: ConnectivityService NetworkRequestInfo binderDied(NetworkRequest [ LISTEN id=32, [ Capabilities: NOT_RESTRICTED&TRUSTED&NOT_VPN] ], android.os.BinderProxy@5c26caa)
03-22 20:00:24.760  2012  6258 I ActivityManager: Killing 10124:com.google.android.webview:sandboxed_process0/u0a76i6 (adj 0): isolated not needed
03-22 20:00:24.762  2012  2030 E KernelCpuSpeedReader: Failed to read cpu-freq: /sys/devices/system/cpu/cpu0/cpufreq/stats/time_in_state (No such file or directory)
03-22 20:00:24.762  2012  2030 D KernelUidCpuTimeReader: Removing uids 99006-99006
03-22 20:04:50.963  2012  2086 D ConnectivityService: NetworkAgentInfo [Ethernet () - 100] validation failed
03-22 20:09:51.831  2012  2024 I ActivityManager: Start proc 11652:com.google.process.gapps/u0a13 for content provider com.google.android.gsf/.settings.GoogleSettingsProvider
03-22 20:15:03.997  2012  2086 D ConnectivityService: NetworkAgentInfo [Ethernet () - 100] validation failed
03-22 20:17:30.007  2012  2026 I UsageStatsService: User[0] Flushing usage stats to disk
03-22 20:23:51.169  2012  2030 E BatteryExternalStatsWorker: no controller energy info supplied for wifi
03-22 20:23:51.169  2012  2030 E BatteryExternalStatsWorker: no controller energy info supplied for bluetooth
03-22 20:23:51.171  2012  2030 E KernelCpuSpeedReader: Failed to read cpu-freq: /sys/devices/system/cpu/cpu0/cpufreq/stats/time_in_state (No such file or directory)
03-22 20:23:51.172  2012  2030 E BatteryExternalStatsWorker: modem info is invalid: ModemActivityInfo{ mTimestamp=0 mSleepTimeMs=0 mIdleTimeMs=0 mTxTimeMs[]=[0, 0, 0, 0, 0] mRxTimeMs=0 mEnergyUsed=0}
03-22 20:25:17.037  2012  2086 D ConnectivityService: NetworkAgentInfo [Ethernet () - 100] validation failed
03-22 20:35:30.141  2012  2086 D ConnectivityService: NetworkAgentInfo [Ethernet () - 100] validation failed
03-22 20:45:43.230  2012  2086 D ConnectivityService: NetworkAgentInfo [Ethernet () - 100] validation failed
03-22 20:53:51.172  2012  2030 E BatteryExternalStatsWorker: no controller energy info supplied for wifi
03-22 20:53:51.172  2012  2030 E BatteryExternalStatsWorker: no controller energy info supplied for bluetooth
03-22 20:53:51.174  2012  2030 E KernelCpuSpeedReader: Failed to read cpu-freq: /sys/devices/system/cpu/cpu0/cpufreq/stats/time_in_state (No such file or directory)
03-22 20:53:51.175  2012  2030 E BatteryExternalStatsWorker: modem info is invalid: ModemActivityInfo{ mTimestamp=0 mSleepTimeMs=0 mIdleTimeMs=0 mTxTimeMs[]=[0, 0, 0, 0, 0] mRxTimeMs=0 mEnergyUsed=0}
03-22 20:55:56.252  2012  2086 D ConnectivityService: NetworkAgentInfo [Ethernet () - 100] validation failed
03-22 20:57:08.573 10544 10544 D ViewRootImpl[AuthorityActivity]: updatePointerIcon called with position out of bounds
03-22 20:57:08.807  2012  6358 E WindowManager: Unknown window type: 2039
03-22 20:57:08.810  2012  6358 I chatty  : uid=1000(system) Binder:2012_1C identical 3 lines
03-22 20:57:08.821  2012  6358 E WindowManager: Unknown window type: 2039
03-22 20:57:08.831  2012  2059 E WindowManager: Unknown window type: 2039
03-22 20:57:08.840  2012  6358 E WindowManager: Unknown window type: 2039
03-22 20:57:08.842  2012  2059 E WindowManager: Unknown window type: 2039
03-22 20:57:08.846  2012  5662 E WindowManager: Unknown window type: 2039
03-22 20:57:09.374  2012  5662 I chatty  : uid=1000(system) Binder:2012_16 identical 6 lines
03-22 20:57:09.389  2012  5662 E WindowManager: Unknown window type: 2039
03-22 20:57:09.806  2012  2059 E WindowManager: Unknown window type: 2039
03-22 20:57:09.873  2012  5662 E WindowManager: Unknown window type: 2039
03-22 20:57:09.890  2012  3781 E WindowManager: Unknown window type: 2039
03-22 20:57:10.006  2012  2059 E WindowManager: Unknown window type: 2039
03-22 20:57:10.025  2012  3781 E WindowManager: Unknown window type: 2039
03-22 20:57:10.025  2012  3781 I chatty  : uid=1000(system) Binder:2012_D identical 1 line
03-22 20:57:10.025  2012  3781 E WindowManager: Unknown window type: 2039
03-22 20:57:10.027  2012  5662 W WindowManager: Attempted to set replacing window on non-existing app token Token{bc0b05e ActivityRecord{9518599 u0 com.tencent.mobileqq/.activity.SplashActivity t12}}
03-22 20:57:10.030  2012  5662 E WindowManager: Unknown window type: 2039
03-22 20:57:10.031  2012  5662 I chatty  : uid=1000(system) Binder:2012_16 identical 1 line
03-22 20:57:10.042  2012  5662 E WindowManager: Unknown window type: 2039
03-22 20:57:10.043  2012  6358 E WindowManager: Unknown window type: 2039
03-22 20:57:10.045  2012  5662 E WindowManager: Unknown window type: 2039
03-22 20:57:10.073  2012  7774 E WindowManager: Unknown window type: 2039
03-22 20:57:10.089  2012  7774 E WindowManager: Unknown window type: 2039
03-22 20:57:10.104  2012  5662 E WindowManager: Unknown window type: 2039
03-22 20:57:10.112  2012  2059 E WindowManager: Unknown window type: 2039
03-22 20:57:10.117  2012  2059 I chatty  : uid=1000(system) android.anim identical 2 lines
03-22 20:57:10.123  2012  2059 E WindowManager: Unknown window type: 2039
03-22 20:57:10.124  2012  7774 E WindowManager: Unknown window type: 2039
03-22 20:57:10.165  2012  2027 I ActivityManager: Start proc 12092:com.tencent.mobileqq:tool/u0a76 for broadcast com.tencent.mobileqq/.webprocess.WebProcessReceiver
03-22 20:57:10.240  2012  2059 E WindowManager: Unknown window type: 2039
03-22 20:57:10.308  2012  7774 E WindowManager: Unknown window type: 2039
03-22 20:57:10.311  2012  6358 D AutofillManagerServiceImpl: Reset component for user 0
03-22 20:57:10.324  2012  6358 E WindowManager: Unknown window type: 2039
03-22 20:57:10.441  2012  2059 E WindowManager: Unknown window type: 2039
03-22 20:57:10.590 10544 10544 D ViewRootImpl[AuthorityActivity]: updatePointerIcon called with position out of bounds
03-22 20:57:10.607 10544 10544 I chatty  : uid=10076 com.tencent.mobileqq:openSdk identical 1 line
03-22 20:57:10.624 10544 10544 D ViewRootImpl[AuthorityActivity]: updatePointerIcon called with position out of bounds
03-22 20:57:10.774  5945  5945 D ViewRootImpl[SplashActivity]: updatePointerIcon called with position out of bounds
03-22 20:57:10.806  5945  5945 I chatty  : uid=10076(com.tencent.mobileqq) identical 2 lines
03-22 20:57:10.823  5945  5945 D ViewRootImpl[SplashActivity]: updatePointerIcon called with position out of bounds
03-22 20:57:10.833  2012  6358 I ActivityManager: Killing 4985:android.process.media/u0a11 (adj 906): empty for 5124s
03-22 20:57:10.980  2012  6358 I ActivityManager: Start proc 12186:com.google.android.webview:webview_service/u0a71 for service com.google.android.webview/org.chromium.android_webview.services.VariationsSeedServer
03-22 20:57:10.995  2012  5662 I ActivityManager: Start proc 12191:com.google.android.webview:sandboxed_process0/u0i7 for webview_service com.tencent.mobileqq/org.chromium.content.app.SandboxedProcessService0
03-22 20:57:11.240  2012  6358 I ActivityManager: Killing 4172:com.android.defcontainer/u0a7 (adj 906): empty for 3571s
03-22 20:57:11.260  2012  2288 I ActivityManager: Killing 11230:com.android.keychain/1000 (adj 906): empty for 3571s
03-22 20:57:11.275  5945  5945 D ViewRootImpl[SplashActivity]: updatePointerIcon called with position out of bounds
03-22 20:57:13.122  5945  5945 I chatty  : uid=10076(com.tencent.mobileqq) identical 25 lines
03-22 20:57:13.139  5945  5945 D ViewRootImpl[SplashActivity]: updatePointerIcon called with position out of bounds
03-22 20:57:13.141  2012  2106 E TaskPersister: File error accessing recents directory (directory doesn't exist?).
03-22 20:57:14.372  5945  5945 D ViewRootImpl[SplashActivity]: updatePointerIcon called with position out of bounds
03-22 20:57:14.383  5945  5945 D ViewRootImpl[SplashActivity]: updatePointerIcon called with position out of bounds
03-22 20:57:14.422 10544 10544 D ViewRootImpl[AuthorityActivity]: updatePointerIcon called with position out of bounds
03-22 20:57:14.439 10544 10544 D ViewRootImpl[AuthorityActivity]: updatePointerIcon called with position out of bounds
03-22 20:57:15.452  2012  3781 E WindowManager: Unknown window type: 2039
03-22 20:57:15.468  2012  3781 I chatty  : uid=1000(system) Binder:2012_D identical 3 lines
03-22 20:57:15.510  2012  3781 E WindowManager: Unknown window type: 2039
03-22 20:57:15.565  2012  2059 E WindowManager: Unknown window type: 2039
03-22 20:57:15.572  2012  2059 E WindowManager: Unknown window type: 2039
03-22 20:57:15.573  2012  3781 E WindowManager: Unknown window type: 2039
03-22 20:57:15.689  2012  2059 E WindowManager: Unknown window type: 2039
03-22 20:57:18.342  2117  2117 D ViewRootImpl[OpenthosStatusBar]: updatePointerIcon called with position out of bounds
03-22 20:57:18.342  2117  2117 D ViewRootImpl[StatusBar]: updatePointerIcon called with position out of bounds
03-22 20:57:18.577  2012  3781 I ActivityManager: START u0 {act=android.intent.action.MAIN cat=[android.intent.category.LAUNCHER] flg=0x30000000 cmp=com.tencent.mobileqq/.activity.SplashActivity} from uid 10033
03-22 20:57:18.579  2012  3781 E WindowManager: Unknown window type: 2039
03-22 20:57:18.584  2012  5385 E WindowManager: Unknown window type: 2039
03-22 20:57:18.588  2012  3781 E WindowManager: Unknown window type: 2039
03-22 20:57:18.706  2012  2059 E WindowManager: Unknown window type: 2039
03-22 20:57:19.454 10544 10544 D ViewRootImpl[AuthorityActivity]: updatePointerIcon called with position out of bounds
03-22 20:57:19.472 10544 10544 D ViewRootImpl[AuthorityActivity]: updatePointerIcon called with position out of bounds
03-22 20:57:19.566  5945  5945 D ViewRootImpl[SplashActivity]: updatePointerIcon called with position out of bounds
03-22 20:57:19.572  5945  5945 D ViewRootImpl[SplashActivity]: updatePointerIcon called with position out of bounds
03-22 20:57:20.887  2117  2117 D ViewRootImpl[StatusBar]: updatePointerIcon called with position out of bounds
03-22 20:57:23.094  2117  2117 D ViewRootImpl[StatusBar]: updatePointerIcon called with position out of bounds
03-22 20:57:25.439  5945  5945 D ViewRootImpl[SplashActivity]: updatePointerIcon called with position out of bounds
03-22 20:57:25.588  5945  5945 I chatty  : uid=10076(com.tencent.mobileqq) identical 8 lines
03-22 20:57:25.605  5945  5945 D ViewRootImpl[SplashActivity]: updatePointerIcon called with position out of bounds
03-22 20:57:26.142  2117  2117 D ViewRootImpl[StatusBar]: updatePointerIcon called with position out of bounds
03-22 20:57:26.337  2012  2067 I ActivityManager: START u0 {flg=0x40000 cmp=com.tencent.mobileqq/.activity.QQSettingSettingActivity (has extras)} from uid 10076
03-22 20:57:26.392  5945  5945 W ViewRootImpl[SplashActivity]: Dropping event due to no window focus: MotionEvent { action=ACTION_HOVER_MOVE, actionButton=0, id[0]=0, x[0]=29.409668, y[0]=621.2015, toolType[0]=TOOL_TYPE_MOUSE, buttonState=0, metaState=0, flags=0x0, edgeFlags=0x0, pointerCount=1, historySize=0, eventTime=7415180, downTime=7414988, deviceId=8, source=0x2002 }
03-22 20:57:26.503  5945  5945 W ViewRootImpl[SplashActivity]: Cancelling event due to no window focus: MotionEvent { action=ACTION_CANCEL, actionButton=0, id[0]=0, x[0]=28.409668, y[0]=621.2015, toolType[0]=TOOL_TYPE_MOUSE, buttonState=0, metaState=0, flags=0x0, edgeFlags=0x0, pointerCount=1, historySize=0, eventTime=7415348, downTime=7414988, deviceId=8, source=0x2002 }
03-22 20:57:26.503  5945  5945 I chatty  : uid=10076(com.tencent.mobileqq) identical 2 lines
03-22 20:57:26.503  5945  5945 W ViewRootImpl[SplashActivity]: Cancelling event due to no window focus: MotionEvent { action=ACTION_CANCEL, actionButton=0, id[0]=0, x[0]=28.409668, y[0]=621.2015, toolType[0]=TOOL_TYPE_MOUSE, buttonState=0, metaState=0, flags=0x0, edgeFlags=0x0, pointerCount=1, historySize=0, eventTime=7415348, downTime=7414988, deviceId=8, source=0x2002 }
03-22 20:57:28.542  2117  2117 D ViewRootImpl[StatusBar]: updatePointerIcon called with position out of bounds
03-22 20:57:28.705  2012  3781 I ActivityManager: START u0 {flg=0x40000 cmp=com.tencent.mobileqq/.activity.AboutActivity (has extras)} from uid 10076
03-22 20:57:28.746  5945  5945 W ViewRootImpl[QQSettingSettingActivity]: Dropping event due to no window focus: MotionEvent { action=ACTION_HOVER_MOVE, actionButton=0, id[0]=0, x[0]=91.44977, y[0]=574.0182, toolType[0]=TOOL_TYPE_MOUSE, buttonState=0, metaState=0, flags=0x0, edgeFlags=0x0, pointerCount=1, historySize=0, eventTime=7417548, downTime=7417388, deviceId=8, source=0x2002 }
03-22 20:57:28.803  5945  5945 W ViewRootImpl[QQSettingSettingActivity]: Cancelling event due to no window focus: MotionEvent { action=ACTION_CANCEL, actionButton=0, id[0]=0, x[0]=92.44977, y[0]=574.0182, toolType[0]=TOOL_TYPE_MOUSE, buttonState=0, metaState=0, flags=0x0, edgeFlags=0x0, pointerCount=1, historySize=0, eventTime=7417628, downTime=7417388, deviceId=8, source=0x2002 }
03-22 20:57:28.803  5945  5945 I chatty  : uid=10076(com.tencent.mobileqq) identical 2 lines
03-22 20:57:28.803  5945  5945 W ViewRootImpl[QQSettingSettingActivity]: Cancelling event due to no window focus: MotionEvent { action=ACTION_CANCEL, actionButton=0, id[0]=0, x[0]=92.44977, y[0]=574.0182, toolType[0]=TOOL_TYPE_MOUSE, buttonState=0, metaState=0, flags=0x0, edgeFlags=0x0, pointerCount=1, historySize=0, eventTime=7417628, downTime=7417388, deviceId=8, source=0x2002 }
03-22 20:57:29.966  2012  2106 E TaskPersister: File error accessing recents directory (directory doesn't exist?).
03-22 20:58:59.605  5945  5945 D ViewRootImpl[AboutActivity]: updatePointerIcon called with position out of bounds
03-22 20:59:00.755  5945  5945 I chatty  : uid=10076(com.tencent.mobileqq) identical 34 lines
03-22 20:59:00.772  5945  5945 D ViewRootImpl[AboutActivity]: updatePointerIcon called with position out of bounds
03-22 20:59:01.478  2117  2117 D ViewRootImpl[StatusBar]: updatePointerIcon called with position out of bounds
03-22 20:59:03.398  2117  2117 D ViewRootImpl[StatusBar]: updatePointerIcon called with position out of bounds
03-22 20:59:05.554  2012  2106 E TaskPersister: File error accessing recents directory (directory doesn't exist?).
03-22 20:59:09.118  2117  2117 D ViewRootImpl[StatusBar]: updatePointerIcon called with position out of bounds
03-22 20:59:11.955  5945  5945 D ViewRootImpl[SplashActivity]: updatePointerIcon called with position out of bounds
03-22 20:59:12.173  5945  5945 I chatty  : uid=10076(com.tencent.mobileqq) identical 6 lines
03-22 20:59:12.190  5945  5945 D ViewRootImpl[SplashActivity]: updatePointerIcon called with position out of bounds
03-22 20:59:12.630  2117  2117 D ViewRootImpl[StatusBar]: updatePointerIcon called with position out of bounds
03-22 20:59:14.118  2117  2117 I chatty  : uid=10033(com.android.systemui) identical 1 line
03-22 20:59:15.582  2117  2117 D ViewRootImpl[StatusBar]: updatePointerIcon called with position out of bounds
03-22 20:59:16.372  5945  5945 D ViewRootImpl[SplashActivity]: updatePointerIcon called with position out of bounds
03-22 20:59:16.755  5945  5945 I chatty  : uid=10076(com.tencent.mobileqq) identical 18 lines
03-22 20:59:16.772  5945  5945 D ViewRootImpl[SplashActivity]: updatePointerIcon called with position out of bounds
03-22 20:59:17.230  2117  2117 D ViewRootImpl[StatusBar]: updatePointerIcon called with position out of bounds
03-22 20:59:21.230  2117  2117 D ViewRootImpl[StatusBar]: updatePointerIcon called with position out of bounds
03-22 20:59:21.470  2012  3298 I ActivityManager: Start proc 12395:com.tencent.mobileqq:peak/u0a76 for service com.tencent.mobileqq/.activity.photo.PeakService
03-22 20:59:21.820  2012  3179 I ActivityManager: Killing 11239:com.android.vending:instant_app_installer/u0a28 (adj 906): empty for 3702s
03-22 20:59:22.222  5945  5945 D ViewRootImpl[PopupWindow:5dedd9a]: updatePointerIcon called with position out of bounds
03-22 20:59:22.938  5945  5945 I chatty  : uid=10076(com.tencent.mobileqq) identical 30 lines
03-22 20:59:22.971  5945  5945 D ViewRootImpl[PopupWindow:5dedd9a]: updatePointerIcon called with position out of bounds
03-22 20:59:23.078  2117  2117 D ViewRootImpl[StatusBar]: updatePointerIcon called with position out of bounds
03-22 20:59:23.084  5945  5945 D ViewRootImpl[PopupWindow:5dedd9a]: updatePointerIcon called after view was removed
03-22 20:59:23.084  5945  5945 W ViewRootImpl[PopupWindow:5dedd9a]: Dropping event due to root view being removed: MotionEvent { action=ACTION_BUTTON_PRESS, actionButton=BUTTON_PRIMARY, id[0]=0, x[0]=48.60376, y[0]=-41.237732, toolType[0]=TOOL_TYPE_MOUSE, buttonState=BUTTON_PRIMARY, metaState=0, flags=0x0, edgeFlags=0x0, pointerCount=1, historySize=0, eventTime=7531924, downTime=7531924, deviceId=8, source=0x2002 }
03-22 20:59:24.022  5945  5945 D ViewRootImpl[SplashActivity]: updatePointerIcon called with position out of bounds
03-22 20:59:24.572  5945  5945 I chatty  : uid=10076(com.tencent.mobileqq) identical 4 lines
03-22 20:59:24.588  5945  5945 D ViewRootImpl[SplashActivity]: updatePointerIcon called with position out of bounds
03-22 20:59:24.950  2117  2117 D ViewRootImpl[StatusBar]: updatePointerIcon called with position out of bounds
03-22 20:59:25.539  5945  5945 D ViewRootImpl[SplashActivity]: updatePointerIcon called with position out of bounds
03-22 20:59:26.055  5945  5945 I chatty  : uid=10076(com.tencent.mobileqq) identical 27 lines
03-22 20:59:26.072  5945  5945 D ViewRootImpl[SplashActivity]: updatePointerIcon called with position out of bounds
03-22 20:59:27.430  2117  2117 D ViewRootImpl[StatusBar]: updatePointerIcon called with position out of bounds
03-22 20:59:29.505  5945  5945 D ViewRootImpl[SplashActivity]: updatePointerIcon called with position out of bounds
03-22 20:59:29.880  5945  5945 I chatty  : uid=10076(com.tencent.mobileqq) identical 11 lines
03-22 20:59:29.930  5945  5945 D ViewRootImpl[SplashActivity]: updatePointerIcon called with position out of bounds
03-22 20:59:30.990  2117  2117 D ViewRootImpl[StatusBar]: updatePointerIcon called with position out of bounds
03-22 20:59:31.862  5945  5945 D ViewRootImpl[PopupWindow:fa91e14]: updatePointerIcon called with position out of bounds
03-22 20:59:32.321  5945  5945 I chatty  : uid=10076(com.tencent.mobileqq) identical 25 lines
03-22 20:59:32.338  5945  5945 D ViewRootImpl[PopupWindow:fa91e14]: updatePointerIcon called with position out of bounds
03-22 20:59:32.438  2117  2117 D ViewRootImpl[StatusBar]: updatePointerIcon called with position out of bounds
03-22 20:59:32.443  5945  5945 D ViewRootImpl[PopupWindow:fa91e14]: updatePointerIcon called after view was removed
03-22 20:59:32.444  5945  5945 W ViewRootImpl[PopupWindow:fa91e14]: Dropping event due to root view being removed: MotionEvent { action=ACTION_BUTTON_PRESS, actionButton=BUTTON_PRIMARY, id[0]=0, x[0]=76.46387, y[0]=-47.132477, toolType[0]=TOOL_TYPE_MOUSE, buttonState=BUTTON_PRIMARY, metaState=0, flags=0x0, edgeFlags=0x0, pointerCount=1, historySize=0, eventTime=7541284, downTime=7541284, deviceId=8, source=0x2002 }
03-22 21:00:04.966  2117  2117 D ViewRootImpl[StatusBar]: updatePointerIcon called with position out of bounds
03-22 21:00:09.222  2117  2117 D ViewRootImpl[StatusBar]: updatePointerIcon called with position out of bounds
03-22 21:00:09.457  2012  5071 I ActivityManager: START u0 {flg=0x40000 cmp=com.tencent.mobileqq/.activity.contact.addcontact.AddContactsActivity (has extras)} from uid 10076
03-22 21:00:10.583  5945  5945 W ViewRootImpl[SplashActivity]: Cancelling event due to no window focus: MotionEvent { action=ACTION_CANCEL, actionButton=0, id[0]=0, x[0]=341.95544, y[0]=85.00705, toolType[0]=TOOL_TYPE_MOUSE, buttonState=0, metaState=0, flags=0x0, edgeFlags=0x0, pointerCount=1, historySize=0, eventTime=7579428, downTime=7578068, deviceId=8, source=0x2002 }
03-22 21:00:10.583  5945  5945 I chatty  : uid=10076(com.tencent.mobileqq) identical 2 lines
03-22 21:00:10.583  5945  5945 W ViewRootImpl[SplashActivity]: Cancelling event due to no window focus: MotionEvent { action=ACTION_CANCEL, actionButton=0, id[0]=0, x[0]=341.95544, y[0]=85.00705, toolType[0]=TOOL_TYPE_MOUSE, buttonState=0, metaState=0, flags=0x0, edgeFlags=0x0, pointerCount=1, historySize=0, eventTime=7579428, downTime=7578068, deviceId=8, source=0x2002 }
03-22 21:00:11.638  2117  2117 D ViewRootImpl[StatusBar]: updatePointerIcon called with position out of bounds
03-22 21:00:12.335  5945  5945 D ViewRootImpl[SplashActivity]: updatePointerIcon called with position out of bounds
03-22 21:00:12.550  5945  5945 I chatty  : uid=10076(com.tencent.mobileqq) identical 1 line
03-22 21:00:12.572  5945  5945 D ViewRootImpl[SplashActivity]: updatePointerIcon called with position out of bounds
03-22 21:00:13.149  2012  2106 E TaskPersister: File error accessing recents directory (directory doesn't exist?).
03-22 21:00:43.755  5945  5945 D ViewRootImpl[SplashActivity]: updatePointerIcon called with position out of bounds
03-22 21:00:44.189  5945  5945 I chatty  : uid=10076(com.tencent.mobileqq) identical 10 lines
03-22 21:00:44.205  5945  5945 D ViewRootImpl[SplashActivity]: updatePointerIcon called with position out of bounds
03-22 21:00:45.238  2117  2117 D ViewRootImpl[StatusBar]: updatePointerIcon called with position out of bounds
03-22 21:00:48.190  2117  2117 D ViewRootImpl[StatusBar]: updatePointerIcon called with position out of bounds
03-22 21:00:48.394  2012  3592 I ActivityManager: START u0 {flg=0x40000 cmp=com.tencent.mobileqq/.activity.LebaListMgrActivity (has extras)} from uid 10076
03-22 21:00:49.279  5945  5945 W ViewRootImpl[SplashActivity]: Cancelling event due to no window focus: MotionEvent { action=ACTION_CANCEL, actionButton=0, id[0]=0, x[0]=349.03992, y[0]=84.04892, toolType[0]=TOOL_TYPE_MOUSE, buttonState=0, metaState=0, flags=0x0, edgeFlags=0x0, pointerCount=1, historySize=0, eventTime=7618124, downTime=7617036, deviceId=8, source=0x2002 }
03-22 21:00:49.279  5945  5945 I chatty  : uid=10076(com.tencent.mobileqq) identical 2 lines
03-22 21:00:49.279  5945  5945 W ViewRootImpl[SplashActivity]: Cancelling event due to no window focus: MotionEvent { action=ACTION_CANCEL, actionButton=0, id[0]=0, x[0]=349.03992, y[0]=84.04892, toolType[0]=TOOL_TYPE_MOUSE, buttonState=0, metaState=0, flags=0x0, edgeFlags=0x0, pointerCount=1, historySize=0, eventTime=7618124, downTime=7617036, deviceId=8, source=0x2002 }
03-22 21:00:51.278  2117  2117 D ViewRootImpl[StatusBar]: updatePointerIcon called with position out of bounds
03-22 21:00:51.492  2012  2106 E TaskPersister: File error accessing recents directory (directory doesn't exist?).
03-22 21:00:51.972  5945  5945 D ViewRootImpl[SplashActivity]: updatePointerIcon called with position out of bounds
03-22 21:00:52.272  5945  5945 I chatty  : uid=10076(com.tencent.mobileqq) identical 5 lines
03-22 21:00:52.289  5945  5945 D ViewRootImpl[SplashActivity]: updatePointerIcon called with position out of bounds
03-22 21:00:53.899  2012  2026 I UsageStatsService: User[0] Flushing usage stats to disk
03-22 21:00:54.855  2012  2106 E TaskPersister: File error accessing recents directory (directory doesn't exist?).
03-22 21:02:51.663  2012  2427 D ConnectivityService: ConnectivityService NetworkRequestInfo binderDied(NetworkRequest [ LISTEN id=37, [ Capabilities: NOT_RESTRICTED&TRUSTED&NOT_VPN] ], android.os.BinderProxy@8c2903c)
03-22 21:02:51.663  2012  2427 D ConnectivityService: ConnectivityService NetworkRequestInfo binderDied(NetworkRequest [ LISTEN id=35, [ Capabilities: INTERNET&NOT_RESTRICTED&TRUSTED] ], android.os.BinderProxy@d31e1c5)
03-22 21:02:51.663  2012  2427 D ConnectivityService: ConnectivityService NetworkRequestInfo binderDied(NetworkRequest [ LISTEN id=36, [ Capabilities: INTERNET&NOT_RESTRICTED&TRUSTED] ], android.os.BinderProxy@465571a)
03-22 21:02:51.664  2012  2427 I ActivityManager: Process com.tencent.mobileqq:tool (pid 12092) has died: cch+2CEM 
03-22 21:02:51.669  2012  2427 I ActivityManager: Killing 12191:com.google.android.webview:sandboxed_process0/u0a76i7 (adj 0): isolated not needed
03-22 21:02:51.682  2012  2030 E KernelCpuSpeedReader: Failed to read cpu-freq: /sys/devices/system/cpu/cpu0/cpufreq/stats/time_in_state (No such file or directory)
03-22 21:02:51.683  2012  2030 D KernelUidCpuTimeReader: Removing uids 99007-99007
03-22 21:02:52.479  2012  2027 I ActivityManager: Start proc 12580:com.tencent.mobileqq:tool/u0a76 for broadcast com.tencent.mobileqq/.webprocess.WebProcessReceiver
03-22 21:02:52.699  2012  4300 I ActivityManager: Start proc 12665:com.google.android.webview:sandboxed_process0/u0i8 for webview_service com.tencent.mobileqq/org.chromium.content.app.SandboxedProcessService0
03-22 21:03:15.673  5945  5945 D ViewRootImpl[SplashActivity]: updatePointerIcon called with position out of bounds
03-22 21:03:15.854  5945  5945 I chatty  : uid=10076(com.tencent.mobileqq) identical 2 lines
03-22 21:03:15.872  5945  5945 D ViewRootImpl[SplashActivity]: updatePointerIcon called with position out of bounds
03-22 21:03:17.126  2117  2117 D ViewRootImpl[StatusBar]: updatePointerIcon called with position out of bounds
03-22 21:03:17.255  2012  2428 I ActivityManager: START u0 {act=android.intent.action.MAIN flg=0x20040000 cmp=com.tencent.mobileqq/cooperation.qzone.QzoneFeedsPluginProxyActivity (has extras)} from uid 10076
03-22 21:03:17.305  5945  5945 W ViewRootImpl[SplashActivity]: Dropping event due to no window focus: MotionEvent { action=ACTION_HOVER_MOVE, actionButton=0, id[0]=0, x[0]=52.884094, y[0]=218.71576, toolType[0]=TOOL_TYPE_MOUSE, buttonState=0, metaState=0, flags=0x0, edgeFlags=0x0, pointerCount=1, historySize=2, eventTime=7766140, downTime=7765972, deviceId=8, source=0x2002 }
03-22 21:03:17.310  5945  5945 W ViewRootImpl[SplashActivity]: Dropping event due to no window focus: MotionEvent { action=ACTION_HOVER_MOVE, actionButton=0, id[0]=0, x[0]=53.884094, y[0]=220.71576, toolType[0]=TOOL_TYPE_MOUSE, buttonState=0, metaState=0, flags=0x0, edgeFlags=0x0, pointerCount=1, historySize=0, eventTime=7766148, downTime=7765972, deviceId=8, source=0x2002 }
03-22 21:03:17.310  5945  5945 W ViewRootImpl[SplashActivity]: Cancelling event due to no window focus: MotionEvent { action=ACTION_CANCEL, actionButton=0, id[0]=0, x[0]=54.884094, y[0]=221.71576, toolType[0]=TOOL_TYPE_MOUSE, buttonState=0, metaState=0, flags=0x0, edgeFlags=0x0, pointerCount=1, historySize=0, eventTime=7766156, downTime=7765972, deviceId=8, source=0x2002 }
03-22 21:03:17.310  5945  5945 I chatty  : uid=10076(com.tencent.mobileqq) identical 2 lines
03-22 21:03:17.312  5945  5945 W ViewRootImpl[SplashActivity]: Cancelling event due to no window focus: MotionEvent { action=ACTION_CANCEL, actionButton=0, id[0]=0, x[0]=54.884094, y[0]=221.71576, toolType[0]=TOOL_TYPE_MOUSE, buttonState=0, metaState=0, flags=0x0, edgeFlags=0x0, pointerCount=1, historySize=0, eventTime=7766156, downTime=7765972, deviceId=8, source=0x2002 }
03-22 21:03:17.642  2012  2067 I ActivityManager: Start proc 12769:android.process.media/u0a11 for content provider com.android.providers.media/.MediaProvider
03-22 21:03:20.539  2012  2428 I ActivityManager: Start proc 12808:com.tencent.mobileqq:picture/u0a76 for service com.tencent.mobileqq/cooperation.qzone.QzonePictureViewerProxyService
03-22 21:03:20.977  2012  2106 E TaskPersister: File error accessing recents directory (directory doesn't exist?).
03-22 21:03:28.971  2012  2428 W ActivityManager: Unable to start service Intent { cmp=com.qzone/com.tencent.wns.export.EmptyService } U=0: not found
03-22 21:03:38.039  2012  2428 I ActivityManager: Killing 3089:com.android.vending/u0a28 (adj 906): empty for 3958s
03-22 21:03:38.055  2012  2034 W ActivityManager: setHasOverlayUi called on unknown pid: 3089
03-22 21:04:28.710  2117  2117 D ViewRootImpl[StatusBar]: updatePointerIcon called with position out of bounds
03-22 21:04:49.289 10275 10275 D ViewRootImpl[QzoneFeedsPluginProxyActivity]: updatePointerIcon called with position out of bounds
03-22 21:04:49.688 10275 10275 I chatty  : uid=10076 com.tencent.mobileqq:qzone identical 20 lines
03-22 21:04:49.705 10275 10275 D ViewRootImpl[QzoneFeedsPluginProxyActivity]: updatePointerIcon called with position out of bounds
03-22 21:04:50.510  2117  2117 D ViewRootImpl[StatusBar]: updatePointerIcon called with position out of bounds
03-22 21:04:52.239  2117  2117 D ViewRootImpl[StatusBar]: updatePointerIcon called with position out of bounds
03-22 21:06:09.349  2012  2086 D ConnectivityService: NetworkAgentInfo [Ethernet () - 100] validation failed
03-22 21:07:14.339 10275 10275 D ViewRootImpl[QzoneFeedsPluginProxyActivity]: updatePointerIcon called with position out of bounds
03-22 21:07:17.862  2117  2117 D ViewRootImpl[StatusBar]: updatePointerIcon called with position out of bounds
03-22 21:07:18.622 10544 10544 D ViewRootImpl[AuthorityActivity]: updatePointerIcon called with position out of bounds
03-22 21:07:18.639 10544 10544 D ViewRootImpl[AuthorityActivity]: updatePointerIcon called with position out of bounds
03-22 21:07:18.710 10275 10275 D ViewRootImpl[QzoneFeedsPluginProxyActivity]: updatePointerIcon called with position out of bounds
03-22 21:07:18.722 10275 10275 D ViewRootImpl[QzoneFeedsPluginProxyActivity]: updatePointerIcon called with position out of bounds
03-22 21:07:20.622  2117  2117 D ViewRootImpl[StatusBar]: updatePointerIcon called with position out of bounds
03-22 21:07:22.772  5945  5945 D ViewRootImpl[SplashActivity]: updatePointerIcon called with position out of bounds
03-22 21:07:23.190  2117  2117 D ViewRootImpl[StatusBar]: updatePointerIcon called with position out of bounds
03-22 21:07:24.166  2117  2117 D ViewRootImpl[StatusBar]: updatePointerIcon called with position out of bounds
03-22 21:07:24.179  2012  2106 E TaskPersister: File error accessing recents directory (directory doesn't exist?).
03-22 21:07:25.290  5945  5945 D ViewRootImpl[SplashActivity]: updatePointerIcon called with position out of bounds
03-22 21:07:25.489  5945  5945 I chatty  : uid=10076(com.tencent.mobileqq) identical 6 lines
03-22 21:07:25.506  5945  5945 D ViewRootImpl[SplashActivity]: updatePointerIcon called with position out of bounds
03-22 21:07:27.070  2117  2117 D ViewRootImpl[StatusBar]: updatePointerIcon called with position out of bounds
03-22 21:07:27.234  2012  7774 I ActivityManager: START u0 {flg=0x4040000 cmp=com.tencent.mobileqq/.activity.TroopAssistantActivity (has extras)} from uid 10076
03-22 21:07:27.242  5945  5945 E SchedPolicy: set_timerslack_ns write failed: Operation not permitted
03-22 21:07:27.245  5945  5945 I chatty  : uid=10076(com.tencent.mobileqq) identical 74 lines
03-22 21:07:27.245  5945  5945 E SchedPolicy: set_timerslack_ns write failed: Operation not permitted
03-22 21:07:27.368  5945  5945 W ViewRootImpl[SplashActivity]: Dropping event due to no window focus: MotionEvent { action=ACTION_HOVER_MOVE, actionButton=0, id[0]=0, x[0]=175.03278, y[0]=480.18433, toolType[0]=TOOL_TYPE_MOUSE, buttonState=0, metaState=0, flags=0x0, edgeFlags=0x0, pointerCount=1, historySize=3, eventTime=8016204, downTime=8015916, deviceId=8, source=0x2002 }
03-22 21:07:27.368  5945  5945 W ViewRootImpl[SplashActivity]: Cancelling event due to no window focus: MotionEvent { action=ACTION_CANCEL, actionButton=0, id[0]=0, x[0]=175.03278, y[0]=483.18433, toolType[0]=TOOL_TYPE_MOUSE, buttonState=0, metaState=0, flags=0x0, edgeFlags=0x0, pointerCount=1, historySize=0, eventTime=8016212, downTime=8015916, deviceId=8, source=0x2002 }
03-22 21:07:27.368  5945  5945 I chatty  : uid=10076(com.tencent.mobileqq) identical 2 lines
03-22 21:07:27.368  5945  5945 W ViewRootImpl[SplashActivity]: Cancelling event due to no window focus: MotionEvent { action=ACTION_CANCEL, actionButton=0, id[0]=0, x[0]=175.03278, y[0]=483.18433, toolType[0]=TOOL_TYPE_MOUSE, buttonState=0, metaState=0, flags=0x0, edgeFlags=0x0, pointerCount=1, historySize=0, eventTime=8016212, downTime=8015916, deviceId=8, source=0x2002 }
03-22 21:07:29.189  2012  5737 I ActivityManager: Killing 11652:com.google.process.gapps/u0a13 (adj 906): empty for 3457s
03-22 21:07:30.111  2012  5071 I ActivityManager: Process com.tencent.mobileqq:picture (pid 12808) has died: cch  CEM 
03-22 21:07:30.502  2117  2117 D ViewRootImpl[StatusBar]: updatePointerIcon called with position out of bounds
03-22 21:07:30.665  2012  5662 I ActivityManager: START u0 {flg=0x40000 cmp=com.tencent.mobileqq/.activity.ChatActivity (has extras)} from uid 10076
03-22 21:07:31.080  5945  5945 E SchedPolicy: set_timerslack_ns write failed: Operation not permitted
03-22 21:07:31.081  5945  5945 I chatty  : uid=10076(com.tencent.mobileqq) identical 74 lines
03-22 21:07:31.081  5945  5945 E SchedPolicy: set_timerslack_ns write failed: Operation not permitted
03-22 21:07:31.503  2012  2106 E TaskPersister: File error accessing recents directory (directory doesn't exist?).
03-22 21:07:34.305  2012  5662 I ActivityManager: START u0 {act=android.content.pm.action.REQUEST_PERMISSIONS pkg=com.google.android.packageinstaller cmp=com.google.android.packageinstaller/com.android.packageinstaller.permission.ui.GrantPermissionsActivity (has extras)} from uid 10076
03-22 21:07:34.317  2012  5662 I ActivityManager: Start proc 13077:com.google.android.packageinstaller/u0a20 for activity com.google.android.packageinstaller/com.android.packageinstaller.permission.ui.GrantPermissionsActivity
03-22 21:07:37.918  2117  2117 D ViewRootImpl[StatusBar]: updatePointerIcon called with position out of bounds
03-22 21:07:43.746  2012  2071 I WindowManager: Input event dispatching timed out sending to com.tencent.mobileqq/com.tencent.mobileqq.activity.ChatActivity.  Reason: Waiting to send non-key event because the touched window has not finished processing certain input events that were delivered to it over 500.0ms ago.  Wait queue length: 47.  Wait queue head age: 5508.2ms.
03-22 21:07:44.578  2012  2027 E ActivityManager: ANR in com.tencent.mobileqq (com.tencent.mobileqq/.activity.ChatActivity)
03-22 21:07:44.578  2012  2027 E ActivityManager: PID: 5945
03-22 21:07:44.578  2012  2027 E ActivityManager: Reason: Input dispatching timed out (Waiting to send non-key event because the touched window has not finished processing certain input events that were delivered to it over 500.0ms ago.  Wait queue length: 47.  Wait queue head age: 5508.2ms.)
03-22 21:07:44.578  2012  2027 E ActivityManager: Load: 0.57 / 0.36 / 0.2
03-22 21:07:44.578  2012  2027 E ActivityManager: CPU usage from 171999ms to 0ms ago (2019-03-22 21:04:51.781 to 2019-03-22 21:07:43.781):
03-22 21:07:44.578  2012  2027 E ActivityManager:   2.6% 10275/com.tencent.mobileqq:qzone: 1.9% user + 0.7% kernel / faults: 15990 minor
03-22 21:07:44.578  2012  2027 E ActivityManager:   2.3% 1893/surfaceflinger: 1.1% user + 1.1% kernel / faults: 3163 minor
03-22 21:07:44.578  2012  2027 E ActivityManager:   2% 2012/system_server: 1.3% user + 0.7% kernel / faults: 2909 minor 1 major
03-22 21:07:44.578  2012  2027 E ActivityManager:   1.9% 5945/com.tencent.mobileqq: 1.6% user + 0.3% kernel / faults: 35526 minor 15 major
03-22 21:07:44.578  2012  2027 E ActivityManager:   0.3% 5488/cn.wps.moffice_eng:spreadsheet1: 0.2% user + 0.1% kernel / faults: 577 minor
03-22 21:07:44.578  2012  2027 E ActivityManager:   0.3% 54/kworker/1:1-cgroup_destroy: 0% user + 0.3% kernel
03-22 21:07:44.578  2012  2027 E ActivityManager:   0.2% 1888/android.hardware.power@1.0-service: 0.1% user + 0.1% kernel
03-22 21:07:44.578  2012  2027 E ActivityManager:   0.1% 1881/android.hardware.audio@2.0-service: 0% user + 0% kernel
03-22 21:07:44.578  2012  2027 E ActivityManager:   0.1% 1899/audioserver: 0% user + 0% kernel / faults: 4 minor
03-22 21:07:44.578  2012  2027 E ActivityManager:   0.1% 6003/com.tencent.mobileqq:MSF: 0% user + 0% kernel / faults: 620 minor
03-22 21:07:44.578  2012  2027 E ActivityManager:   0% 10/rcu_preempt: 0% user + 0% kernel
03-22 21:07:44.578  2012  2027 E ActivityManager:   0% 4424/cn.wps.moffice_eng: 0% user + 0% kernel / faults: 61 minor
03-22 21:07:44.578  2012  2027 E ActivityManager:   0% 11285/kworker/0:2H-kblockd: 0% user + 0% kernel
03-22 21:07:44.578  2012  2027 E ActivityManager:   0% 12580/com.tencent.mobileqq:tool: 0% user + 0% kernel / faults: 183 minor
03-22 21:07:44.578  2012  2027 E ActivityManager:   0% 1418/kworker/1:1H-radeon-crtc: 0% user + 0% kernel
03-22 21:07:44.578  2012  2027 E ActivityManager:   0% 1960/mdnsd: 0% user + 0% kernel
03-22 21:07:44.578  2012  2027 E ActivityManager:   0% 2117/com.android.systemui: 0% user + 0% kernel / faults: 69 minor
03-22 21:07:44.578  2012  2027 E ActivityManager:   0% 2673/com.google.android.gms.persistent: 0% user + 0% kernel / faults: 171 minor
03-22 21:07:44.578  2012  2027 E ActivityManager:   0% 11218/kworker/0:0-events_power_efficient: 0% user + 0% kernel
03-22 21:07:44.578  2012  2027 E ActivityManager:   0% 1822/logd: 0% user + 0% kernel / faults: 8 minor
03-22 21:07:44.578  2012  2027 E ActivityManager:   0% 12395/com.tencent.mobileqq:peak: 0% user + 0% kernel / faults: 139 minor
03-22 21:07:44.578  2012  2027 E ActivityManager:   0% 4571/cn.wps.moffice_eng:pushservice: 0% user + 0% kernel / faults: 376 minor
03-22 21:07:44.578  2012  2027 E ActivityManager:   0% 10544/com.tencent.mobileqq:openSdk: 0% user + 0% kernel / faults: 108 minor
03-22 21:07:44.578  2012  2027 E ActivityManager:   0% 1485/jbd2/sda9-8: 0% user + 0% kernel
03-22 21:07:44.578  2012  2027 E ActivityManager:   0% 12665/com.google.android.webview:s: 0% user + 0% kernel / faults: 62 minor
03-22 21:07:44.578  2012  2027 E ActivityManager:   0% 1823/servicemanager: 0% user + 0% kernel
03-22 21:07:44.578  2012  2027 E ActivityManager:   0% 1892/lmkd: 0% user + 0% kernel
03-22 21:07:44.578  2012  2027 E ActivityManager:   0% 5017/com.android.chrome:sandboxed_process0: 0% user + 0% kernel / faults: 30 minor
03-22 21:07:44.578  2012  2027 E ActivityManager:   0% 1874/netd: 0% user + 0% kernel / faults: 276 minor
03-22 21:07:44.578  2012  2027 E ActivityManager:   0% 4034/org.openthos.appstore: 0% user + 0% kernel / faults: 1 minor
03-22 21:07:44.578  2012  2027 E ActivityManager:   0% 5056/com.android.chrome:privileged_process0: 0% user + 0% kernel
03-22 21:07:44.578  2012  2027 E ActivityManager:   0% 12186/com.google.android.webview:webview_service: 0% user + 0% kernel / faults: 8 minor
03-22 21:07:44.578  2012  2027 E ActivityManager:   0% 12292/kworker/u4:1-flush-8:0: 0% user + 0% kernel
03-22 21:07:44.578  2012  2027 E ActivityManager:  +0% 13077/com.google.android.packageinstaller: 0% user + 0% kernel
03-22 21:07:44.578  2012  2027 E ActivityManager:  +0% 13103/kworker/1:0: 0% user + 0% kernel
03-22 21:07:44.578  2012  2027 E ActivityManager: 7.8% TOTAL: 3.7% user + 1.9% kernel + 2% iowait + 0% softirq
03-22 21:07:44.578  2012  2027 E ActivityManager: CPU usage from 9ms to 259ms later (2019-03-22 21:07:43.790 to 2019-03-22 21:07:44.039):
03-22 21:07:44.578  2012  2027 E ActivityManager:   17% 2012/system_server: 8.5% user + 8.5% kernel / faults: 439 minor
03-22 21:07:44.578  2012  2027 E ActivityManager:     12% 2027/ActivityManager: 4.2% user + 8.5% kernel
03-22 21:07:44.578  2012  2027 E ActivityManager:   4% 9/ksoftirqd/0: 0% user + 4% kernel
03-22 21:07:44.578  2012  2027 E ActivityManager:   4.1% 1893/surfaceflinger: 4.1% user + 0% kernel / faults: 1 minor
03-22 21:07:44.578  2012  2027 E ActivityManager:     4.1% 1893/surfaceflinger: 4.1% user + 0% kernel
03-22 21:07:44.578  2012  2027 E ActivityManager:     4.1% 1964/DispSync: 4.1% user + 0% kernel
03-22 21:07:44.578  2012  2027 E ActivityManager:     4.1% 2347/Binder:1893_4: 0% user + 4.1% kernel
03-22 21:07:44.578  2012  2027 E ActivityManager: 16% TOTAL: 8% user + 8% kernel
03-22 21:07:44.602  2117  2117 D ViewRootImpl[StatusBar]: updatePointerIcon called with position out of bounds
03-22 21:07:44.602  2012  2028 D ViewRootImpl[mobileqq]: updatePointerIcon called with position out of bounds
03-22 21:07:46.104  2012  2028 I chatty  : uid=1000(system) android.ui identical 74 lines
03-22 21:07:46.121  2012  2028 D ViewRootImpl[mobileqq]: updatePointerIcon called with position out of bounds
03-22 21:07:48.140  2012  2027 W ActivityManager: Launch timeout has expired, giving up wake lock!
03-22 21:07:48.821  2012  2028 D ViewRootImpl[mobileqq]: updatePointerIcon called with position out of bounds
03-22 21:07:48.871  2012  2028 I chatty  : uid=1000(system) android.ui identical 3 lines
03-22 21:07:48.888  2012  2028 D ViewRootImpl[mobileqq]: updatePointerIcon called with position out of bounds
03-22 21:07:51.462  2117  2117 D ViewRootImpl[StatusBar]: updatePointerIcon called with position out of bounds
03-22 21:07:51.627  2012  2028 W Looper  : Dispatch took 101ms on android.ui, h=Handler (com.android.server.am.ActivityManagerService$UiHandler) {720aa53} cb=null msg=30
03-22 21:07:51.957  2012  2059 W AppOps  : Finishing op nesting under-run: uid 1000 pkg android code 24 time=0 duration=0 nesting=0
03-22 21:07:53.855 10544 10544 D ViewRootImpl[AuthorityActivity]: updatePointerIcon called with position out of bounds
03-22 21:07:53.872 10544 10544 I chatty  : uid=10076 com.tencent.mobileqq:openSdk identical 1 line
03-22 21:07:53.889 10544 10544 D ViewRootImpl[AuthorityActivity]: updatePointerIcon called with position out of bounds
03-22 21:07:54.587  2012  2106 E TaskPersister: File error accessing recents directory (directory doesn't exist?).
