05-09 23:32:56.109  2082  2110 I PackageManager: Package com.tencent.mobileqq codePath changed from /data/app/com.tencent.mobileqq-3Ju6pAH5cZWXT3W61W9sYg== to /data/app/com.tencent.mobileqq-cLftzg5GBrY7FeCuIH7KoQ==; Retaining data and using new
05-09 23:32:56.109  2082  2110 W PackageManager: Code path for com.tencent.mobileqq changing from /data/app/com.tencent.mobileqq-3Ju6pAH5cZWXT3W61W9sYg== to /data/app/com.tencent.mobileqq-cLftzg5GBrY7FeCuIH7KoQ==
05-09 23:32:56.109  2082  2110 W PackageManager: Resource path for com.tencent.mobileqq changing from /data/app/com.tencent.mobileqq-3Ju6pAH5cZWXT3W61W9sYg== to /data/app/com.tencent.mobileqq-cLftzg5GBrY7FeCuIH7KoQ==
05-09 23:32:56.121  2082  2110 W PackageSettings: Couldn't write 10006 to /config/sdcardfs/com.android.cts.priv.ctsshim/appid
05-09 23:32:56.122  2082  2110 W PackageSettings: Couldn't write 10072 to /config/sdcardfs/com.google.android.youtube/appid
05-09 23:32:56.122  2082  2110 W PackageSettings: Couldn't write 10015 to /config/sdcardfs/com.google.android.ext.services/appid
05-09 23:32:56.122  2082  2110 W PackageSettings: Couldn't write 1001 to /config/sdcardfs/com.android.providers.telephony/appid
05-09 23:32:56.122  2082  2110 W PackageSettings: Couldn't write 10001 to /config/sdcardfs/org.android_x86.analytics/appid
05-09 23:32:56.122  2082  2110 W PackageSettings: Couldn't write 10036 to /config/sdcardfs/com.google.android.googlequicksearchbox/appid
05-09 23:32:56.122  2082  2110 W PackageSettings: Couldn't write 10004 to /config/sdcardfs/com.android.providers.calendar/appid
05-09 23:32:56.122  2082  2110 W PackageSettings: Couldn't write 10009 to /config/sdcardfs/com.android.providers.media/appid
05-09 23:32:56.123  2082  2110 W PackageSettings: Couldn't write 10018 to /config/sdcardfs/com.google.android.onetimeinitializer/appid
05-09 23:32:56.123  2082  2110 W PackageSettings: Couldn't write 10057 to /config/sdcardfs/com.google.android.ext.shared/appid
05-09 23:32:56.123  2082  2110 W PackageSettings: Couldn't write 10037 to /config/sdcardfs/com.android.wallpapercropper/appid
05-09 23:32:56.123  2082  2110 W PackageSettings: Couldn't write 10010 to /config/sdcardfs/com.android.documentsui/appid
05-09 23:32:56.123  2082  2110 W PackageSettings: Couldn't write 10012 to /config/sdcardfs/com.android.externalstorage/appid
05-09 23:32:56.123  2082  2110 W PackageSettings: Couldn't write 10059 to /config/sdcardfs/com.android.htmlviewer/appid
05-09 23:32:56.123  2082  2110 W PackageSettings: Couldn't write 10049 to /config/sdcardfs/com.android.companiondevicemanager/appid
05-09 23:32:56.124  2082  2110 W PackageSettings: Couldn't write 1001 to /config/sdcardfs/com.android.mms.service/appid
05-09 23:32:56.124  2082  2110 W PackageSettings: Couldn't write 10009 to /config/sdcardfs/com.android.providers.downloads/appid
05-09 23:32:56.124  2082  2110 W PackageSettings: Couldn't write 10025 to /config/sdcardfs/de.k3b.android.androFotoFinder/appid
05-09 23:32:56.124  2082  2110 W PackageSettings: Couldn't write 10008 to /config/sdcardfs/com.android.defcontainer/appid
05-09 23:32:56.124  2082  2110 W PackageSettings: Couldn't write 10024 to /config/sdcardfs/org.openthos.filemanager/appid
05-09 23:32:56.124  2082  2110 W PackageSettings: Couldn't write 10009 to /config/sdcardfs/com.android.providers.downloads.ui/appid
05-09 23:32:56.124  2082  2110 W PackageSettings: Couldn't write 10027 to /config/sdcardfs/com.android.vending/appid
05-09 23:32:56.124  2082  2110 W PackageSettings: Couldn't write 10063 to /config/sdcardfs/com.android.pacprocessor/appid
05-09 23:32:56.125  2082  2110 W PackageSettings: Couldn't write 10046 to /config/sdcardfs/com.android.certinstaller/appid
05-09 23:32:56.125  2082  2110 W PackageSettings: Couldn't write 10005 to /config/sdcardfs/com.android.carrierconfig/appid
05-09 23:32:56.125  2082  2110 W PackageSettings: Couldn't write 1000 to /config/sdcardfs/android/appid
05-09 23:32:56.125  2082  2110 W PackageSettings: Couldn't write 10011 to /config/sdcardfs/com.android.contacts/appid
05-09 23:32:56.125  2082  2110 W PackageSettings: Couldn't write 10047 to /config/sdcardfs/com.android.camera2/appid
05-09 23:32:56.125  2082  2110 W PackageSettings: Couldn't write 10026 to /config/sdcardfs/org.openthos.soundrecorder/appid
05-09 23:32:56.125  2082  2110 W PackageSettings: Couldn't write 10051 to /config/sdcardfs/com.android.egg/appid
05-09 23:32:56.126  2082  2110 W PackageSettings: Couldn't write 10009 to /config/sdcardfs/com.android.mtp/appid
05-09 23:32:56.126  2082  2110 W PackageSettings: Couldn't write 10062 to /config/sdcardfs/com.android.launcher3/appid
05-09 23:32:56.126  2082  2110 W PackageSettings: Couldn't write 10003 to /config/sdcardfs/com.android.backupconfirm/appid
05-09 23:32:56.126  2082  2110 W PackageSettings: Couldn't write 10061 to /config/sdcardfs/org.openthos.compress/appid
05-09 23:32:56.126  2082  2110 W PackageSettings: Couldn't write 10030 to /config/sdcardfs/com.android.statementservice/appid
05-09 23:32:56.126  2082  2110 W PackageSettings: Couldn't write 10060 to /config/sdcardfs/com.google.android.gm/appid
05-09 23:32:56.126  2082  2110 W PackageSettings: Couldn't write 10044 to /config/sdcardfs/com.android.calendar/appid
05-09 23:32:56.127  2082  2110 W PackageSettings: Couldn't write 10000 to /config/sdcardfs/com.android.systemui.theme.dark/appid
05-09 23:32:56.127  2082  2110 W PackageSettings: Couldn't write 10031 to /config/sdcardfs/com.google.android.setupwizard/appid
05-09 23:32:56.127  2082  2110 W PackageSettings: Couldn't write 10064 to /config/sdcardfs/org.openthos.inputmethod.pinyin/appid
05-09 23:32:56.127  2082  2110 W PackageSettings: Couldn't write 1000 to /config/sdcardfs/com.android.providers.settings/appid
05-09 23:32:56.127  2082  2110 W PackageSettings: Couldn't write 10029 to /config/sdcardfs/com.android.sharedstoragebackup/appid
05-09 23:32:56.127  2082  2110 W PackageSettings: Couldn't write 10068 to /config/sdcardfs/com.android.printspooler/appid
05-09 23:32:56.127  2082  2110 W PackageSettings: Couldn't write 10023 to /config/sdcardfs/org.openthos.seafile/appid
05-09 23:32:56.127  2082  2110 W PackageSettings: Couldn't write 10039 to /config/sdcardfs/com.android.dreams.basic/appid
05-09 23:32:56.128  2082  2110 W PackageSettings: Couldn't write 1000 to /config/sdcardfs/com.android.inputdevices/appid
05-09 23:32:56.128  2082  2110 W PackageSettings: Couldn't write 10042 to /config/sdcardfs/com.android.bips/appid
05-09 23:32:56.128  2082  2110 W PackageSettings: Couldn't write 10007 to /config/sdcardfs/com.android.cellbroadcastreceiver/appid
05-09 23:32:56.128  2082  2110 W PackageSettings: Couldn't write 10071 to /config/sdcardfs/com.google.android.webview/appid
05-09 23:32:56.128  2082  2110 W PackageSettings: Couldn't write 10055 to /config/sdcardfs/com.google.android.syncadapters.contacts/appid
05-09 23:32:56.128  2082  2110 W PackageSettings: Couldn't write 1000 to /config/sdcardfs/com.android.keychain/appid
05-09 23:32:56.128  2082  2110 W PackageSettings: Couldn't write 10052 to /config/sdcardfs/com.android.chrome/appid
05-09 23:32:56.129  2082  2110 W PackageSettings: Couldn't write 10017 to /config/sdcardfs/com.android.dialer/appid
05-09 23:32:56.129  2082  2110 W PackageSettings: Couldn't write 10020 to /config/sdcardfs/com.google.android.packageinstaller/appid
05-09 23:32:56.129  2082  2110 W PackageSettings: Couldn't write 10013 to /config/sdcardfs/com.google.android.gms/appid
05-09 23:32:56.129  2082  2110 W PackageSettings: Couldn't write 10013 to /config/sdcardfs/com.google.android.gsf/appid
05-09 23:32:56.129  2082  2110 W PackageSettings: Couldn't write 10002 to /config/sdcardfs/com.android.calllogbackup/appid
05-09 23:32:56.129  2082  2110 W PackageSettings: Couldn't write 10019 to /config/sdcardfs/com.google.android.partnersetup/appid
05-09 23:32:56.129  2082  2110 W PackageSettings: Couldn't write 10073 to /config/sdcardfs/com.tencent.mobileqq/appid
05-09 23:32:56.130  2082  2110 W PackageSettings: Couldn't write 10040 to /config/sdcardfs/com.android.basicsmsreceiver/appid
05-09 23:32:56.130  2082  2110 W PackageSettings: Couldn't write 10045 to /config/sdcardfs/com.android.carrierdefaultapp/appid
05-09 23:32:56.130  2082  2110 W PackageSettings: Couldn't write 10067 to /config/sdcardfs/com.svox.pico/appid
05-09 23:32:56.130  2082  2110 W PackageSettings: Couldn't write 10028 to /config/sdcardfs/com.android.proxyhandler/appid
05-09 23:32:56.130  2082  2110 W PackageSettings: Couldn't write 10065 to /config/sdcardfs/com.android.inputmethod.latin/appid
05-09 23:32:56.130  2082  2110 W PackageSettings: Couldn't write 10016 to /config/sdcardfs/com.google.android.feedback/appid
05-09 23:32:56.130  2082  2110 W PackageSettings: Couldn't write 10058 to /config/sdcardfs/com.google.android.printservice.recommendation/appid
05-09 23:32:56.131  2082  2110 W PackageSettings: Couldn't write 10056 to /config/sdcardfs/com.google.android.syncadapters.calendar/appid
05-09 23:32:56.131  2082  2110 W PackageSettings: Couldn't write 10021 to /config/sdcardfs/com.android.managedprovisioning/appid
05-09 23:32:56.131  2082  2110 W PackageSettings: Couldn't write 10066 to /config/sdcardfs/com.android.providers.partnerbookmarks/appid
05-09 23:32:56.131  2082  2110 W PackageSettings: Couldn't write 10013 to /config/sdcardfs/com.google.android.gsf.login/appid
05-09 23:32:56.131  2082  2110 W PackageSettings: Couldn't write 10013 to /config/sdcardfs/com.google.android.backuptransport/appid
05-09 23:32:56.131  2082  2110 W PackageSettings: Couldn't write 10022 to /config/sdcardfs/org.openthos.appstore/appid
05-09 23:32:56.131  2082  2110 W PackageSettings: Couldn't write 10032 to /config/sdcardfs/com.android.storagemanager/appid
05-09 23:32:56.131  2082  2110 W PackageSettings: Couldn't write 10041 to /config/sdcardfs/com.android.bookmarkprovider/appid
05-09 23:32:56.132  2082  2110 W PackageSettings: Couldn't write 1000 to /config/sdcardfs/com.android.settings/appid
05-09 23:32:56.132  2082  2110 W PackageSettings: Couldn't write 10034 to /config/sdcardfs/com.termux/appid
05-09 23:32:56.132  2082  2110 W PackageSettings: Couldn't write 10054 to /config/sdcardfs/com.android.calculator2/appid
05-09 23:32:56.132  2082  2110 W PackageSettings: Couldn't write 10048 to /config/sdcardfs/com.android.cts.ctsshim/appid
05-09 23:32:56.132  2082  2110 W PackageSettings: Couldn't write 10035 to /config/sdcardfs/com.android.vpndialogs/appid
05-09 23:32:56.132  2082  2110 W PackageSettings: Couldn't write 1001 to /config/sdcardfs/com.android.phone/appid
05-09 23:32:56.132  2082  2110 W PackageSettings: Couldn't write 2000 to /config/sdcardfs/com.android.shell/appid
05-09 23:32:56.132  2082  2110 W PackageSettings: Couldn't write 1000 to /config/sdcardfs/com.android.wallpaperbackup/appid
05-09 23:32:56.132  2082  2110 W PackageSettings: Couldn't write 10002 to /config/sdcardfs/com.android.providers.blockednumber/appid
05-09 23:32:56.133  2082  2110 W PackageSettings: Couldn't write 10002 to /config/sdcardfs/com.android.providers.userdictionary/appid
05-09 23:32:56.133  2082  2110 W PackageSettings: Couldn't write 10014 to /config/sdcardfs/com.android.emergency/appid
05-09 23:32:56.133  2082  2110 W PackageSettings: Couldn't write 1000 to /config/sdcardfs/com.android.location.fused/appid
05-09 23:32:56.133  2082  2110 W PackageSettings: Couldn't write 10053 to /config/sdcardfs/com.android.deskclock/appid
05-09 23:32:56.133  2082  2110 W PackageSettings: Couldn't write 10033 to /config/sdcardfs/com.android.systemui/appid
05-09 23:32:56.133  2082  2110 W PackageSettings: Couldn't write 10038 to /config/sdcardfs/com.android.bluetoothmidiservice/appid
05-09 23:32:56.133  2082  2110 W PackageSettings: Couldn't write 10069 to /config/sdcardfs/com.termoneplus/appid
05-09 23:32:56.133  2082  2110 W PackageSettings: Couldn't write 1002 to /config/sdcardfs/com.android.bluetooth/appid
05-09 23:32:56.133  2082  2110 W PackageSettings: Couldn't write 10050 to /config/sdcardfs/com.android.development/appid
05-09 23:32:56.134  2082  2110 W PackageSettings: Couldn't write 10070 to /config/sdcardfs/com.android.wallpaperpicker/appid
05-09 23:32:56.134  2082  2110 W PackageSettings: Couldn't write 10002 to /config/sdcardfs/com.android.providers.contacts/appid
05-09 23:32:56.134  2082  2110 W PackageSettings: Couldn't write 10043 to /config/sdcardfs/com.android.captiveportallogin/appid
05-09 23:32:56.149  2082  2110 W PackageSettings: Couldn't write 10073 to /config/sdcardfs/com.tencent.mobileqq/appid
05-09 23:32:56.162  2082  2110 W PackageSettings: Couldn't write 10006 to /config/sdcardfs/com.android.cts.priv.ctsshim/appid
05-09 23:32:56.162  2082  2110 W PackageSettings: Couldn't write 10072 to /config/sdcardfs/com.google.android.youtube/appid
05-09 23:32:56.162  2082  2110 W PackageSettings: Couldn't write 10015 to /config/sdcardfs/com.google.android.ext.services/appid
05-09 23:32:56.162  2082  2110 W PackageSettings: Couldn't write 1001 to /config/sdcardfs/com.android.providers.telephony/appid
05-09 23:32:56.162  2082  2110 W PackageSettings: Couldn't write 10001 to /config/sdcardfs/org.android_x86.analytics/appid
05-09 23:32:56.163  2082  2110 W PackageSettings: Couldn't write 10036 to /config/sdcardfs/com.google.android.googlequicksearchbox/appid
05-09 23:32:56.163  2082  2110 W PackageSettings: Couldn't write 10004 to /config/sdcardfs/com.android.providers.calendar/appid
05-09 23:32:56.163  2082  2110 W PackageSettings: Couldn't write 10009 to /config/sdcardfs/com.android.providers.media/appid
05-09 23:32:56.163  2082  2110 W PackageSettings: Couldn't write 10018 to /config/sdcardfs/com.google.android.onetimeinitializer/appid
05-09 23:32:56.163  2082  2110 W PackageSettings: Couldn't write 10057 to /config/sdcardfs/com.google.android.ext.shared/appid
05-09 23:32:56.163  2082  2110 W PackageSettings: Couldn't write 10037 to /config/sdcardfs/com.android.wallpapercropper/appid
05-09 23:32:56.163  2082  2110 W PackageSettings: Couldn't write 10010 to /config/sdcardfs/com.android.documentsui/appid
05-09 23:32:56.163  2082  2110 W PackageSettings: Couldn't write 10012 to /config/sdcardfs/com.android.externalstorage/appid
05-09 23:32:56.163  2082  2110 W PackageSettings: Couldn't write 10059 to /config/sdcardfs/com.android.htmlviewer/appid
05-09 23:32:56.163  2082  2110 W PackageSettings: Couldn't write 10049 to /config/sdcardfs/com.android.companiondevicemanager/appid
05-09 23:32:56.163  2082  2110 W PackageSettings: Couldn't write 1001 to /config/sdcardfs/com.android.mms.service/appid
05-09 23:32:56.163  2082  2110 W PackageSettings: Couldn't write 10009 to /config/sdcardfs/com.android.providers.downloads/appid
05-09 23:32:56.163  2082  2110 W PackageSettings: Couldn't write 10025 to /config/sdcardfs/de.k3b.android.androFotoFinder/appid
05-09 23:32:56.163  2082  2110 W PackageSettings: Couldn't write 10008 to /config/sdcardfs/com.android.defcontainer/appid
05-09 23:32:56.163  2082  2110 W PackageSettings: Couldn't write 10024 to /config/sdcardfs/org.openthos.filemanager/appid
05-09 23:32:56.164  2082  2110 W PackageSettings: Couldn't write 10009 to /config/sdcardfs/com.android.providers.downloads.ui/appid
05-09 23:32:56.164  2082  2110 W PackageSettings: Couldn't write 10027 to /config/sdcardfs/com.android.vending/appid
05-09 23:32:56.164  2082  2110 W PackageSettings: Couldn't write 10063 to /config/sdcardfs/com.android.pacprocessor/appid
05-09 23:32:56.164  2082  2110 W PackageSettings: Couldn't write 10046 to /config/sdcardfs/com.android.certinstaller/appid
05-09 23:32:56.164  2082  2110 W PackageSettings: Couldn't write 10005 to /config/sdcardfs/com.android.carrierconfig/appid
05-09 23:32:56.164  2082  2110 W PackageSettings: Couldn't write 1000 to /config/sdcardfs/android/appid
05-09 23:32:56.164  2082  2110 W PackageSettings: Couldn't write 10011 to /config/sdcardfs/com.android.contacts/appid
05-09 23:32:56.164  2082  2110 W PackageSettings: Couldn't write 10047 to /config/sdcardfs/com.android.camera2/appid
05-09 23:32:56.164  2082  2110 W PackageSettings: Couldn't write 10026 to /config/sdcardfs/org.openthos.soundrecorder/appid
05-09 23:32:56.164  2082  2110 W PackageSettings: Couldn't write 10051 to /config/sdcardfs/com.android.egg/appid
05-09 23:32:56.164  2082  2110 W PackageSettings: Couldn't write 10009 to /config/sdcardfs/com.android.mtp/appid
05-09 23:32:56.164  2082  2110 W PackageSettings: Couldn't write 10062 to /config/sdcardfs/com.android.launcher3/appid
05-09 23:32:56.164  2082  2110 W PackageSettings: Couldn't write 10003 to /config/sdcardfs/com.android.backupconfirm/appid
05-09 23:32:56.164  2082  2110 W PackageSettings: Couldn't write 10061 to /config/sdcardfs/org.openthos.compress/appid
05-09 23:32:56.164  2082  2110 W PackageSettings: Couldn't write 10030 to /config/sdcardfs/com.android.statementservice/appid
05-09 23:32:56.164  2082  2110 W PackageSettings: Couldn't write 10060 to /config/sdcardfs/com.google.android.gm/appid
05-09 23:32:56.164  2082  2110 W PackageSettings: Couldn't write 10044 to /config/sdcardfs/com.android.calendar/appid
05-09 23:32:56.165  2082  2110 W PackageSettings: Couldn't write 10000 to /config/sdcardfs/com.android.systemui.theme.dark/appid
05-09 23:32:56.165  2082  2110 W PackageSettings: Couldn't write 10031 to /config/sdcardfs/com.google.android.setupwizard/appid
05-09 23:32:56.165  2082  2110 W PackageSettings: Couldn't write 10064 to /config/sdcardfs/org.openthos.inputmethod.pinyin/appid
05-09 23:32:56.165  2082  2110 W PackageSettings: Couldn't write 1000 to /config/sdcardfs/com.android.providers.settings/appid
05-09 23:32:56.165  2082  2110 W PackageSettings: Couldn't write 10029 to /config/sdcardfs/com.android.sharedstoragebackup/appid
05-09 23:32:56.165  2082  2110 W PackageSettings: Couldn't write 10068 to /config/sdcardfs/com.android.printspooler/appid
05-09 23:32:56.165  2082  2110 W PackageSettings: Couldn't write 10023 to /config/sdcardfs/org.openthos.seafile/appid
05-09 23:32:56.165  2082  2110 W PackageSettings: Couldn't write 10039 to /config/sdcardfs/com.android.dreams.basic/appid
05-09 23:32:56.165  2082  2110 W PackageSettings: Couldn't write 1000 to /config/sdcardfs/com.android.inputdevices/appid
05-09 23:32:56.165  2082  2110 W PackageSettings: Couldn't write 10042 to /config/sdcardfs/com.android.bips/appid
05-09 23:32:56.165  2082  2110 W PackageSettings: Couldn't write 10007 to /config/sdcardfs/com.android.cellbroadcastreceiver/appid
05-09 23:32:56.165  2082  2110 W PackageSettings: Couldn't write 10071 to /config/sdcardfs/com.google.android.webview/appid
05-09 23:32:56.165  2082  2110 W PackageSettings: Couldn't write 10055 to /config/sdcardfs/com.google.android.syncadapters.contacts/appid
05-09 23:32:56.165  2082  2110 W PackageSettings: Couldn't write 1000 to /config/sdcardfs/com.android.keychain/appid
05-09 23:32:56.165  2082  2110 W PackageSettings: Couldn't write 10052 to /config/sdcardfs/com.android.chrome/appid
05-09 23:32:56.165  2082  2110 W PackageSettings: Couldn't write 10017 to /config/sdcardfs/com.android.dialer/appid
05-09 23:32:56.166  2082  2110 W PackageSettings: Couldn't write 10020 to /config/sdcardfs/com.google.android.packageinstaller/appid
05-09 23:32:56.166  2082  2110 W PackageSettings: Couldn't write 10013 to /config/sdcardfs/com.google.android.gms/appid
05-09 23:32:56.166  2082  2110 W PackageSettings: Couldn't write 10013 to /config/sdcardfs/com.google.android.gsf/appid
05-09 23:32:56.166  2082  2110 W PackageSettings: Couldn't write 10002 to /config/sdcardfs/com.android.calllogbackup/appid
05-09 23:32:56.166  2082  2110 W PackageSettings: Couldn't write 10019 to /config/sdcardfs/com.google.android.partnersetup/appid
05-09 23:32:56.166  2082  2110 W PackageSettings: Couldn't write 10073 to /config/sdcardfs/com.tencent.mobileqq/appid
05-09 23:32:56.166  2082  2110 W PackageSettings: Couldn't write 10040 to /config/sdcardfs/com.android.basicsmsreceiver/appid
05-09 23:32:56.166  2082  2110 W PackageSettings: Couldn't write 10045 to /config/sdcardfs/com.android.carrierdefaultapp/appid
05-09 23:32:56.166  2082  2110 W PackageSettings: Couldn't write 10067 to /config/sdcardfs/com.svox.pico/appid
05-09 23:32:56.166  2082  2110 W PackageSettings: Couldn't write 10028 to /config/sdcardfs/com.android.proxyhandler/appid
05-09 23:32:56.166  2082  2110 W PackageSettings: Couldn't write 10065 to /config/sdcardfs/com.android.inputmethod.latin/appid
05-09 23:32:56.166  2082  2110 W PackageSettings: Couldn't write 10016 to /config/sdcardfs/com.google.android.feedback/appid
05-09 23:32:56.166  2082  2110 W PackageSettings: Couldn't write 10058 to /config/sdcardfs/com.google.android.printservice.recommendation/appid
05-09 23:32:56.166  2082  2110 W PackageSettings: Couldn't write 10056 to /config/sdcardfs/com.google.android.syncadapters.calendar/appid
05-09 23:32:56.166  2082  2110 W PackageSettings: Couldn't write 10021 to /config/sdcardfs/com.android.managedprovisioning/appid
05-09 23:32:56.166  2082  2110 W PackageSettings: Couldn't write 10066 to /config/sdcardfs/com.android.providers.partnerbookmarks/appid
05-09 23:32:56.167  2082  2110 W PackageSettings: Couldn't write 10013 to /config/sdcardfs/com.google.android.gsf.login/appid
05-09 23:32:56.167  2082  2110 W PackageSettings: Couldn't write 10013 to /config/sdcardfs/com.google.android.backuptransport/appid
05-09 23:32:56.167  2082  2110 W PackageSettings: Couldn't write 10022 to /config/sdcardfs/org.openthos.appstore/appid
05-09 23:32:56.167  2082  2110 W PackageSettings: Couldn't write 10032 to /config/sdcardfs/com.android.storagemanager/appid
05-09 23:32:56.167  2082  2110 W PackageSettings: Couldn't write 10041 to /config/sdcardfs/com.android.bookmarkprovider/appid
05-09 23:32:56.167  2082  2110 W PackageSettings: Couldn't write 1000 to /config/sdcardfs/com.android.settings/appid
05-09 23:32:56.167  2082  2110 W PackageSettings: Couldn't write 10034 to /config/sdcardfs/com.termux/appid
05-09 23:32:56.167  2082  2110 W PackageSettings: Couldn't write 10054 to /config/sdcardfs/com.android.calculator2/appid
05-09 23:32:56.167  2082  2110 W PackageSettings: Couldn't write 10048 to /config/sdcardfs/com.android.cts.ctsshim/appid
05-09 23:32:56.167  2082  2110 W PackageSettings: Couldn't write 10035 to /config/sdcardfs/com.android.vpndialogs/appid
05-09 23:32:56.167  2082  2110 W PackageSettings: Couldn't write 1001 to /config/sdcardfs/com.android.phone/appid
05-09 23:32:56.167  2082  2110 W PackageSettings: Couldn't write 2000 to /config/sdcardfs/com.android.shell/appid
05-09 23:32:56.167  2082  2110 W PackageSettings: Couldn't write 1000 to /config/sdcardfs/com.android.wallpaperbackup/appid
05-09 23:32:56.167  2082  2110 W PackageSettings: Couldn't write 10002 to /config/sdcardfs/com.android.providers.blockednumber/appid
05-09 23:32:56.167  2082  2110 W PackageSettings: Couldn't write 10002 to /config/sdcardfs/com.android.providers.userdictionary/appid
05-09 23:32:56.167  2082  2110 W PackageSettings: Couldn't write 10014 to /config/sdcardfs/com.android.emergency/appid
05-09 23:32:56.167  2082  2110 W PackageSettings: Couldn't write 1000 to /config/sdcardfs/com.android.location.fused/appid
05-09 23:32:56.168  2082  2110 W PackageSettings: Couldn't write 10053 to /config/sdcardfs/com.android.deskclock/appid
05-09 23:32:56.168  2082  2110 W PackageSettings: Couldn't write 10033 to /config/sdcardfs/com.android.systemui/appid
05-09 23:32:56.168  2082  2110 W PackageSettings: Couldn't write 10038 to /config/sdcardfs/com.android.bluetoothmidiservice/appid
05-09 23:32:56.168  2082  2110 W PackageSettings: Couldn't write 10069 to /config/sdcardfs/com.termoneplus/appid
05-09 23:32:56.168  2082  2110 W PackageSettings: Couldn't write 1002 to /config/sdcardfs/com.android.bluetooth/appid
05-09 23:32:56.168  2082  2110 W PackageSettings: Couldn't write 10050 to /config/sdcardfs/com.android.development/appid
05-09 23:32:56.168  2082  2110 W PackageSettings: Couldn't write 10070 to /config/sdcardfs/com.android.wallpaperpicker/appid
05-09 23:32:56.168  2082  2110 W PackageSettings: Couldn't write 10002 to /config/sdcardfs/com.android.providers.contacts/appid
05-09 23:32:56.168  2082  2110 W PackageSettings: Couldn't write 10043 to /config/sdcardfs/com.android.captiveportallogin/appid
05-09 23:32:56.176  2082  2110 W PackageSettings: Couldn't write 10073 to /config/sdcardfs/com.tencent.mobileqq/appid
05-09 23:32:56.209  5212  5212 W PackageParser: Ignoring duplicate uses-permissions/uses-permissions-sdk-m: com.android.launcher2.permission.READ_SETTINGS in package: com.tencent.mobileqq at: Binary XML file line #76
05-09 23:32:56.209  5212  5212 W PackageParser: Ignoring duplicate uses-permissions/uses-permissions-sdk-m: android.permission.WRITE_CONTACTS in package: com.tencent.mobileqq at: Binary XML file line #107
05-09 23:32:56.214  5212  5212 W PackageParser: No actions in intent filter at /storage/emulated/0/Download/app/mobileqq_android.apk Binary XML file line #1850
05-09 23:32:56.220  2082  4047 W BroadcastQueue: Background execution not allowed: receiving Intent { act=android.intent.action.PACKAGE_ADDED dat=package:com.tencent.mobileqq flg=0x4000010 (has extras) } to com.google.android.googlequicksearchbox/com.google.android.apps.gsa.googlequicksearchbox.GelStubAppWatcher
05-09 23:32:56.220  2082  2097 W BroadcastQueue: Background execution not allowed: receiving Intent { act=android.intent.action.PACKAGE_ADDED dat=package:com.tencent.mobileqq flg=0x4000010 (has extras) } to com.svox.pico/.VoiceDataInstallerReceiver
05-09 23:32:56.232  5212  5212 W PackageParser: Ignoring duplicate uses-permissions/uses-permissions-sdk-m: com.tencent.msf.permission.account.sync in package: com.tencent.mobileqq at: Binary XML file line #7535
05-09 23:32:56.232  5212  5212 W PackageParser: Ignoring duplicate uses-permissions/uses-permissions-sdk-m: android.permission.CHANGE_WIFI_STATE in package: com.tencent.mobileqq at: Binary XML file line #7542
05-09 23:32:56.232  5212  5212 W PackageParser: Ignoring duplicate uses-permissions/uses-permissions-sdk-m: android.permission.INTERNET in package: com.tencent.mobileqq at: Binary XML file line #7543
05-09 23:32:56.232  5212  5212 W PackageParser: Ignoring duplicate uses-permissions/uses-permissions-sdk-m: android.permission.ACCESS_WIFI_STATE in package: com.tencent.mobileqq at: Binary XML file line #7544
05-09 23:32:56.232  5212  5212 W PackageParser: Ignoring duplicate uses-permissions/uses-permissions-sdk-m: android.permission.ACCESS_NETWORK_STATE in package: com.tencent.mobileqq at: Binary XML file line #7545
05-09 23:32:56.232  5212  5212 W PackageParser: Ignoring duplicate uses-permissions/uses-permissions-sdk-m: android.permission.CAMERA in package: com.tencent.mobileqq at: Binary XML file line #7549
05-09 23:32:56.232  5212  5212 W PackageParser: Ignoring duplicate uses-permissions/uses-permissions-sdk-m: android.permission.READ_PHONE_STATE in package: com.tencent.mobileqq at: Binary XML file line #7550
05-09 23:32:56.232  5212  5212 W PackageParser: Ignoring duplicate uses-permissions/uses-permissions-sdk-m: android.permission.WAKE_LOCK in package: com.tencent.mobileqq at: Binary XML file line #7551
05-09 23:32:56.232  5212  5212 W PackageParser: Ignoring duplicate uses-permissions/uses-permissions-sdk-m: com.android.launcher.permission.INSTALL_SHORTCUT in package: com.tencent.mobileqq at: Binary XML file line #7552
05-09 23:32:56.232  5212  5212 W PackageParser: Ignoring duplicate uses-permissions/uses-permissions-sdk-m: android.permission.RECEIVE_BOOT_COMPLETED in package: com.tencent.mobileqq at: Binary XML file line #7553
05-09 23:32:56.232  5212  5212 W PackageParser: Ignoring duplicate uses-permissions/uses-permissions-sdk-m: com.tencent.msf.permission.account.sync in package: com.tencent.mobileqq at: Binary XML file line #7555
05-09 23:32:56.235  2082  2098 D AutofillUI: destroySaveUiUiThread(): already destroyed
05-09 23:32:56.240  2082  2096 D AutofillManagerServiceImpl: Reset component for user 0
05-09 23:32:56.276  2082  2110 I ActivityManager: Force stopping com.tencent.mobileqq appid=10073 user=0: pkg removed
05-09 23:32:56.315  2082  3711 I ActivityManager: Start proc 5722:com.android.vending:instant_app_installer/u0a27 for broadcast com.android.vending/com.google.android.finsky.instantapps.appmanagement.InstantAppRemoveMonitor
05-09 23:32:56.341  5212  5212 W PackageParser: Ignoring duplicate uses-permissions/uses-permissions-sdk-m: com.android.launcher2.permission.READ_SETTINGS in package: com.tencent.mobileqq at: Binary XML file line #76
05-09 23:32:56.341  5212  5212 W PackageParser: Ignoring duplicate uses-permissions/uses-permissions-sdk-m: android.permission.WRITE_CONTACTS in package: com.tencent.mobileqq at: Binary XML file line #107
05-09 23:32:56.341  2082  2096 D AutofillManagerServiceImpl: Reset component for user 0
05-09 23:32:56.342  2082  2098 D AutofillUI: destroySaveUiUiThread(): already destroyed
05-09 23:32:56.342  2082  2096 D AutofillManagerServiceImpl: Reset component for user 0
05-09 23:32:56.345  5212  5212 W PackageParser: No actions in intent filter at /storage/emulated/0/Download/app/mobileqq_android.apk Binary XML file line #1850
05-09 23:32:56.357  5212  5212 W PackageParser: Ignoring duplicate uses-permissions/uses-permissions-sdk-m: com.tencent.msf.permission.account.sync in package: com.tencent.mobileqq at: Binary XML file line #7535
05-09 23:32:56.357  5212  5212 W PackageParser: Ignoring duplicate uses-permissions/uses-permissions-sdk-m: android.permission.CHANGE_WIFI_STATE in package: com.tencent.mobileqq at: Binary XML file line #7542
05-09 23:32:56.357  5212  5212 W PackageParser: Ignoring duplicate uses-permissions/uses-permissions-sdk-m: android.permission.INTERNET in package: com.tencent.mobileqq at: Binary XML file line #7543
05-09 23:32:56.358  5212  5212 W PackageParser: Ignoring duplicate uses-permissions/uses-permissions-sdk-m: android.permission.ACCESS_WIFI_STATE in package: com.tencent.mobileqq at: Binary XML file line #7544
05-09 23:32:56.358  5212  5212 W PackageParser: Ignoring duplicate uses-permissions/uses-permissions-sdk-m: android.permission.ACCESS_NETWORK_STATE in package: com.tencent.mobileqq at: Binary XML file line #7545
05-09 23:32:56.358  5212  5212 W PackageParser: Ignoring duplicate uses-permissions/uses-permissions-sdk-m: android.permission.CAMERA in package: com.tencent.mobileqq at: Binary XML file line #7549
05-09 23:32:56.358  5212  5212 W PackageParser: Ignoring duplicate uses-permissions/uses-permissions-sdk-m: android.permission.READ_PHONE_STATE in package: com.tencent.mobileqq at: Binary XML file line #7550
05-09 23:32:56.358  5212  5212 W PackageParser: Ignoring duplicate uses-permissions/uses-permissions-sdk-m: android.permission.WAKE_LOCK in package: com.tencent.mobileqq at: Binary XML file line #7551
05-09 23:32:56.358  5212  5212 W PackageParser: Ignoring duplicate uses-permissions/uses-permissions-sdk-m: com.android.launcher.permission.INSTALL_SHORTCUT in package: com.tencent.mobileqq at: Binary XML file line #7552
05-09 23:32:56.358  5212  5212 W PackageParser: Ignoring duplicate uses-permissions/uses-permissions-sdk-m: android.permission.RECEIVE_BOOT_COMPLETED in package: com.tencent.mobileqq at: Binary XML file line #7553
05-09 23:32:56.358  5212  5212 W PackageParser: Ignoring duplicate uses-permissions/uses-permissions-sdk-m: com.tencent.msf.permission.account.sync in package: com.tencent.mobileqq at: Binary XML file line #7555
05-09 23:32:56.376  5212  5212 W PackageParser: Ignoring duplicate uses-permissions/uses-permissions-sdk-m: com.android.launcher2.permission.READ_SETTINGS in package: com.tencent.mobileqq at: Binary XML file line #76
05-09 23:32:56.377  5212  5212 W PackageParser: Ignoring duplicate uses-permissions/uses-permissions-sdk-m: android.permission.WRITE_CONTACTS in package: com.tencent.mobileqq at: Binary XML file line #107
05-09 23:32:56.385  5212  5212 W PackageParser: No actions in intent filter at /storage/emulated/0/Download/app/mobileqq_android.apk Binary XML file line #1850
05-09 23:32:56.403  5212  5212 W PackageParser: Ignoring duplicate uses-permissions/uses-permissions-sdk-m: com.tencent.msf.permission.account.sync in package: com.tencent.mobileqq at: Binary XML file line #7535
05-09 23:32:56.403  5212  5212 W PackageParser: Ignoring duplicate uses-permissions/uses-permissions-sdk-m: android.permission.CHANGE_WIFI_STATE in package: com.tencent.mobileqq at: Binary XML file line #7542
05-09 23:32:56.403  5212  5212 W PackageParser: Ignoring duplicate uses-permissions/uses-permissions-sdk-m: android.permission.INTERNET in package: com.tencent.mobileqq at: Binary XML file line #7543
05-09 23:32:56.403  5212  5212 W PackageParser: Ignoring duplicate uses-permissions/uses-permissions-sdk-m: android.permission.ACCESS_WIFI_STATE in package: com.tencent.mobileqq at: Binary XML file line #7544
05-09 23:32:56.403  5212  5212 W PackageParser: Ignoring duplicate uses-permissions/uses-permissions-sdk-m: android.permission.ACCESS_NETWORK_STATE in package: com.tencent.mobileqq at: Binary XML file line #7545
05-09 23:32:56.403  5212  5212 W PackageParser: Ignoring duplicate uses-permissions/uses-permissions-sdk-m: android.permission.CAMERA in package: com.tencent.mobileqq at: Binary XML file line #7549
05-09 23:32:56.403  5212  5212 W PackageParser: Ignoring duplicate uses-permissions/uses-permissions-sdk-m: android.permission.READ_PHONE_STATE in package: com.tencent.mobileqq at: Binary XML file line #7550
05-09 23:32:56.403  5212  5212 W PackageParser: Ignoring duplicate uses-permissions/uses-permissions-sdk-m: android.permission.WAKE_LOCK in package: com.tencent.mobileqq at: Binary XML file line #7551
05-09 23:32:56.403  5212  5212 W PackageParser: Ignoring duplicate uses-permissions/uses-permissions-sdk-m: com.android.launcher.permission.INSTALL_SHORTCUT in package: com.tencent.mobileqq at: Binary XML file line #7552
05-09 23:32:56.403  5212  5212 W PackageParser: Ignoring duplicate uses-permissions/uses-permissions-sdk-m: android.permission.RECEIVE_BOOT_COMPLETED in package: com.tencent.mobileqq at: Binary XML file line #7553
05-09 23:32:56.403  5212  5212 W PackageParser: Ignoring duplicate uses-permissions/uses-permissions-sdk-m: com.tencent.msf.permission.account.sync in package: com.tencent.mobileqq at: Binary XML file line #7555
05-09 23:32:56.413  5212  5212 W PackageParser: Ignoring duplicate uses-permissions/uses-permissions-sdk-m: com.android.launcher2.permission.READ_SETTINGS in package: com.tencent.mobileqq at: Binary XML file line #76
05-09 23:32:56.413  5212  5212 W PackageParser: Ignoring duplicate uses-permissions/uses-permissions-sdk-m: android.permission.WRITE_CONTACTS in package: com.tencent.mobileqq at: Binary XML file line #107
05-09 23:32:56.418  5212  5212 W PackageParser: No actions in intent filter at /storage/emulated/0/Download/app/mobileqq_android.apk Binary XML file line #1850
05-09 23:32:56.432  5212  5212 W PackageParser: Ignoring duplicate uses-permissions/uses-permissions-sdk-m: com.tencent.msf.permission.account.sync in package: com.tencent.mobileqq at: Binary XML file line #7535
05-09 23:32:56.432  5212  5212 W PackageParser: Ignoring duplicate uses-permissions/uses-permissions-sdk-m: android.permission.CHANGE_WIFI_STATE in package: com.tencent.mobileqq at: Binary XML file line #7542
05-09 23:32:56.432  5212  5212 W PackageParser: Ignoring duplicate uses-permissions/uses-permissions-sdk-m: android.permission.INTERNET in package: com.tencent.mobileqq at: Binary XML file line #7543
05-09 23:32:56.432  5212  5212 W PackageParser: Ignoring duplicate uses-permissions/uses-permissions-sdk-m: android.permission.ACCESS_WIFI_STATE in package: com.tencent.mobileqq at: Binary XML file line #7544
05-09 23:32:56.432  5212  5212 W PackageParser: Ignoring duplicate uses-permissions/uses-permissions-sdk-m: android.permission.ACCESS_NETWORK_STATE in package: com.tencent.mobileqq at: Binary XML file line #7545
05-09 23:32:56.432  5212  5212 W PackageParser: Ignoring duplicate uses-permissions/uses-permissions-sdk-m: android.permission.CAMERA in package: com.tencent.mobileqq at: Binary XML file line #7549
05-09 23:32:56.432  5212  5212 W PackageParser: Ignoring duplicate uses-permissions/uses-permissions-sdk-m: android.permission.READ_PHONE_STATE in package: com.tencent.mobileqq at: Binary XML file line #7550
05-09 23:32:56.432  5212  5212 W PackageParser: Ignoring duplicate uses-permissions/uses-permissions-sdk-m: android.permission.WAKE_LOCK in package: com.tencent.mobileqq at: Binary XML file line #7551
05-09 23:32:56.432  5212  5212 W PackageParser: Ignoring duplicate uses-permissions/uses-permissions-sdk-m: com.android.launcher.permission.INSTALL_SHORTCUT in package: com.tencent.mobileqq at: Binary XML file line #7552
05-09 23:32:56.432  5212  5212 W PackageParser: Ignoring duplicate uses-permissions/uses-permissions-sdk-m: android.permission.RECEIVE_BOOT_COMPLETED in package: com.tencent.mobileqq at: Binary XML file line #7553
05-09 23:32:56.432  5212  5212 W PackageParser: Ignoring duplicate uses-permissions/uses-permissions-sdk-m: com.tencent.msf.permission.account.sync in package: com.tencent.mobileqq at: Binary XML file line #7555
05-09 23:32:56.695  2082  5074 I ActivityManager: Killing 3376:android.process.acore/u0a2 (adj 906): empty #17
05-09 23:32:56.707  2082  5074 W BroadcastQueue: Background execution not allowed: receiving Intent { act=android.intent.action.PACKAGE_REMOVED dat=package:com.tencent.mobileqq flg=0x4000010 (has extras) } to com.google.android.googlequicksearchbox/com.google.android.apps.gsa.googlequicksearchbox.GelStubAppWatcher
05-09 23:32:56.743  2082  2093 I ActivityManager: Start proc 5762:android.process.acore/u0a2 for content provider com.android.providers.contacts/.ContactsProvider2
05-09 23:32:56.753  2082  3712 W BroadcastQueue: Background execution not allowed: receiving Intent { act=android.intent.action.PACKAGE_ADDED dat=package:com.tencent.mobileqq flg=0x4000010 (has extras) } to com.google.android.googlequicksearchbox/com.google.android.apps.gsa.googlequicksearchbox.GelStubAppWatcher
05-09 23:32:56.753  2082  2097 W BroadcastQueue: Background execution not allowed: receiving Intent { act=android.intent.action.PACKAGE_ADDED dat=package:com.tencent.mobileqq flg=0x4000010 (has extras) } to com.svox.pico/.VoiceDataInstallerReceiver
05-09 23:32:56.772  2082  3712 W BroadcastQueue: Background execution not allowed: receiving Intent { act=android.intent.action.PACKAGE_REPLACED dat=package:com.tencent.mobileqq flg=0x4000010 (has extras) } to com.google.android.googlequicksearchbox/com.google.android.apps.gsa.googlequicksearchbox.GelStubAppWatcher
05-09 23:32:57.041  2082  5074 I ActivityManager: Start proc 5796:com.google.process.gapps/u0a55 for content provider com.google.android.syncadapters.contacts/.ProxyGalProvider
05-09 23:32:57.081  2082  4821 I ActivityManager: Killing 4024:com.google.android.gm/u0a60 (adj 906): empty #17
05-09 23:32:57.094  2082  4821 I ActivityManager: Start proc 5812:com.google.android.gm/u0a60 for content provider com.google.android.gm/com.android.exchange.provider.ExchangeDirectoryProvider
05-09 23:32:57.096  2082  4419 I ActivityManager: Killing 3807:com.android.calendar/u0a44 (adj 906): empty #17
05-09 23:32:57.141  5812  5833 D ActivityThread: Loading provider com.google.android.gmail.provider;com.android.mail.notifier;com.google.android.gm.email.provider;com.google.android.gm.tasks.provider;com.google.android.gm.email.notifier: com.android.email.provider.EmailProvider
05-09 23:32:57.227  2082  5826 W ActivityManager: Unable to start service Intent { cmp=com.google.android.gm.exchange/com.android.exchange.service.EasService } U=0: not found
05-09 23:32:57.280  2082  5826 W ActivityManager: Unable to start service Intent { cmp=com.google.android.gm/com.android.email.service.AttachmentService } U=0: not found
05-09 23:32:57.284  2082  5826 W ActivityManager: Unable to start service Intent { cmp=com.google.android.gm.exchange/com.android.exchange.service.EasService } U=0: not found
05-09 23:32:59.789  2082  2082 W WindowManager: removeWindowToken: Attempted to remove non-existing token: android.os.Binder@a88163f
05-09 23:33:02.241  2082  3711 W ActivityManager: Unable to start service Intent { act=com.google.android.gms.analytics.service.START cmp=com.google.android.gms/.analytics.service.AnalyticsService (has extras) } U=0: not found
05-09 23:33:02.539  5212  5212 W PackageParser: Ignoring duplicate uses-permissions/uses-permissions-sdk-m: com.android.launcher2.permission.READ_SETTINGS in package: com.tencent.mobileqq at: Binary XML file line #76
05-09 23:33:02.539  5212  5212 W PackageParser: Ignoring duplicate uses-permissions/uses-permissions-sdk-m: android.permission.WRITE_CONTACTS in package: com.tencent.mobileqq at: Binary XML file line #107
05-09 23:33:02.545  5212  5212 W PackageParser: No actions in intent filter at /storage/emulated/0/Download/app/mobileqq_android.apk Binary XML file line #1850
05-09 23:33:02.554  5212  5212 W PackageParser: Ignoring duplicate uses-permissions/uses-permissions-sdk-m: com.tencent.msf.permission.account.sync in package: com.tencent.mobileqq at: Binary XML file line #7535
05-09 23:33:02.554  5212  5212 W PackageParser: Ignoring duplicate uses-permissions/uses-permissions-sdk-m: android.permission.CHANGE_WIFI_STATE in package: com.tencent.mobileqq at: Binary XML file line #7542
05-09 23:33:02.554  5212  5212 W PackageParser: Ignoring duplicate uses-permissions/uses-permissions-sdk-m: android.permission.INTERNET in package: com.tencent.mobileqq at: Binary XML file line #7543
05-09 23:33:02.554  5212  5212 W PackageParser: Ignoring duplicate uses-permissions/uses-permissions-sdk-m: android.permission.ACCESS_WIFI_STATE in package: com.tencent.mobileqq at: Binary XML file line #7544
05-09 23:33:02.554  5212  5212 W PackageParser: Ignoring duplicate uses-permissions/uses-permissions-sdk-m: android.permission.ACCESS_NETWORK_STATE in package: com.tencent.mobileqq at: Binary XML file line #7545
05-09 23:33:02.554  5212  5212 W PackageParser: Ignoring duplicate uses-permissions/uses-permissions-sdk-m: android.permission.CAMERA in package: com.tencent.mobileqq at: Binary XML file line #7549
05-09 23:33:02.554  5212  5212 W PackageParser: Ignoring duplicate uses-permissions/uses-permissions-sdk-m: android.permission.READ_PHONE_STATE in package: com.tencent.mobileqq at: Binary XML file line #7550
05-09 23:33:02.554  5212  5212 W PackageParser: Ignoring duplicate uses-permissions/uses-permissions-sdk-m: android.permission.WAKE_LOCK in package: com.tencent.mobileqq at: Binary XML file line #7551
05-09 23:33:02.554  5212  5212 W PackageParser: Ignoring duplicate uses-permissions/uses-permissions-sdk-m: com.android.launcher.permission.INSTALL_SHORTCUT in package: com.tencent.mobileqq at: Binary XML file line #7552
05-09 23:33:02.554  5212  5212 W PackageParser: Ignoring duplicate uses-permissions/uses-permissions-sdk-m: android.permission.RECEIVE_BOOT_COMPLETED in package: com.tencent.mobileqq at: Binary XML file line #7553
05-09 23:33:02.554  5212  5212 W PackageParser: Ignoring duplicate uses-permissions/uses-permissions-sdk-m: com.tencent.msf.permission.account.sync in package: com.tencent.mobileqq at: Binary XML file line #7555
05-09 23:33:04.327  2082  2655 D ConnectivityService: NetworkAgentInfo [WIFI () - 100] validation failed
05-09 23:33:07.097  2082  4821 W ActivityManager: Unable to launch app com.google.android.gm/10060 for provider com.google.android.gm.exchange.bundled.directory.provider: launching app became null
05-09 23:33:07.097  2082  2097 I ActivityManager: Killing 5812:com.google.android.gm/u0a60 (adj 900): timeout publishing content providers
05-09 23:33:07.097  5762  5791 E ActivityThread: Failed to find provider info for com.google.android.gm.exchange.bundled.directory.provider
05-09 23:33:14.503  2082  2110 I PackageManager: Verification timed out for file:///storage/emulated/0/Download/app/weixin_7_0_3.apk
05-09 23:33:14.503  2082  2110 I PackageManager: Continuing with installation of file:///storage/emulated/0/Download/app/weixin_7_0_3.apk
05-09 23:33:14.511  5608  5621 D DefContainer: Copying /storage/emulated/0/Download/app/weixin_7_0_3.apk to base.apk
05-09 23:33:19.980  2719  2719 D ViewRootImpl[StatusBar]: updatePointerIcon called with position out of bounds
05-09 23:33:21.262  2082  5826 E WindowManager: Unknown window type: 2039
05-09 23:33:21.276  2082  5826 I chatty  : uid=1000(system) Binder:2082_17 identical 3 lines
05-09 23:33:21.277  2082  5826 E WindowManager: Unknown window type: 2039
05-09 23:33:21.299  2082  3712 E WindowManager: Unknown window type: 2039
05-09 23:33:21.319  2082  2126 E WindowManager: Unknown window type: 2039
05-09 23:33:21.321  2082  3712 D AutofillManagerServiceImpl: Reset component for user 0
05-09 23:33:21.323  2082  3712 E WindowManager: Unknown window type: 2039
05-09 23:33:21.327  2082  2126 E WindowManager: Unknown window type: 2039
05-09 23:33:21.440  2082  2126 E WindowManager: Unknown window type: 2039
05-09 23:33:22.292  2719  2719 D ViewRootImpl[OpenthosStatusBar]: updatePointerIcon called with position out of bounds
05-09 23:33:22.292  2719  2719 D ViewRootImpl[StatusBar]: updatePointerIcon called with position out of bounds
05-09 23:33:22.388  2082  2712 I ActivityManager: START u0 {act=android.intent.action.MAIN cat=[android.intent.category.LAUNCHER] flg=0x30000000 cmp=com.tencent.mobileqq/.activity.SplashActivity} from uid 10033
05-09 23:33:22.392  2082  2712 E ActivityManager: applyOptionsLocked: Unknown animationType=0
05-09 23:33:22.395  2082  2712 I ActivityManager: Start proc 5889:com.tencent.mobileqq/u0a73 for activity com.tencent.mobileqq/.activity.SplashActivity
05-09 23:33:22.395  2082  2712 E WindowManager: Unknown window type: 2039
05-09 23:33:22.405  2082  2712 E WindowManager: Unknown window type: 2039
05-09 23:33:22.412  2082  5826 E WindowManager: Unknown window type: 2039
05-09 23:33:22.424  2082  5826 E WindowManager: Unknown window type: 2039
05-09 23:33:22.443  2082  2712 E WindowManager: Unknown window type: 2039
05-09 23:33:22.523  2082  2126 E WindowManager: Unknown window type: 2039
05-09 23:33:22.629  2082  2712 I ActivityManager: START u0 {act=android.content.pm.action.REQUEST_PERMISSIONS pkg=com.google.android.packageinstaller cmp=com.google.android.packageinstaller/com.android.packageinstaller.permission.ui.GrantPermissionsActivity (has extras)} from uid 10073
05-09 23:33:22.642  2082  2712 I ActivityManager: Start proc 5922:com.google.android.packageinstaller/u0a20 for activity com.google.android.packageinstaller/com.android.packageinstaller.permission.ui.GrantPermissionsActivity
05-09 23:33:22.790  5922  5922 D ViewRootImpl[GrantPermissionsActivity]: updatePointerIcon called with position out of bounds
05-09 23:33:22.840  5922  5922 I chatty  : uid=10020(com.google.android.packageinstaller) identical 3 lines
05-09 23:33:22.856  5922  5922 D ViewRootImpl[GrantPermissionsActivity]: updatePointerIcon called with position out of bounds
05-09 23:33:23.628  2719  2719 D ViewRootImpl[StatusBar]: updatePointerIcon called with position out of bounds
05-09 23:33:23.725  2082  5826 D VoldConnector: SND -> {35 volume remount_uid 10073 read}
05-09 23:33:23.725  1949  1952 D vold    : Remounting 10073 as mode read
05-09 23:33:23.731  1949  1952 D vold    : Found matching PID 5889
05-09 23:33:23.756  2082  2145 D VoldConnector: RCV <- {200 35 Command succeeded}
05-09 23:33:23.757  2082  4047 D VoldConnector: SND -> {36 volume remount_uid 10073 write}
05-09 23:33:23.757  1949  1952 D vold    : Remounting 10073 as mode write
05-09 23:33:23.758  1949  1952 D vold    : Found matching PID 5889
05-09 23:33:23.778  2082  2145 D VoldConnector: RCV <- {200 36 Command succeeded}
05-09 23:33:23.787  2082  5826 I ActivityManager: START u0 {act=android.content.pm.action.REQUEST_PERMISSIONS pkg=com.google.android.packageinstaller cmp=com.google.android.packageinstaller/com.android.packageinstaller.permission.ui.GrantPermissionsActivity (has extras)} from uid 10073
05-09 23:33:23.906  5922  5922 D ViewRootImpl[GrantPermissionsActivity]: updatePointerIcon called with position out of bounds
05-09 23:33:24.273  5922  5922 I chatty  : uid=10020(com.google.android.packageinstaller) identical 9 lines
05-09 23:33:24.290  5922  5922 D ViewRootImpl[GrantPermissionsActivity]: updatePointerIcon called with position out of bounds
05-09 23:33:24.668  2719  2719 D ViewRootImpl[StatusBar]: updatePointerIcon called with position out of bounds
05-09 23:33:24.784  2082  4047 I ActivityManager: Killing 3072:com.android.deskclock/u0a53 (adj 906): empty #17
05-09 23:33:26.636  5889  5889 D ViewRootImpl[SplashActivity]: updatePointerIcon called with position out of bounds
--------- beginning of main
05-09 23:33:27.387  5864  5993 W dex2oat : Method processed more than once: void com.tencent.mm.plugin.wepkg.ipc.WepkgMainProcessTask.vv()
05-09 23:33:27.387  5864  5993 W dex2oat : Method processed more than once: void com.tencent.mm.plugin.wepkg.ipc.WepkgMainProcessTask.writeToParcel(android.os.Parcel, int)
05-09 23:33:27.389  5864  5992 W dex2oat : Method processed more than once: void com.tencent.mm.plugin.wenote.model.d.ec(java.util.List)
05-09 23:33:27.390  5864  5993 W dex2oat : Method processed more than once: void com.tencent.mm.pluginsdk.c.a.<init>()
05-09 23:33:27.390  5864  5993 W dex2oat : Method processed more than once: void com.tencent.mm.pluginsdk.c.a.a(java.lang.String, com.tencent.mm.pluginsdk.c.a)
05-09 23:33:27.390  5864  5993 W dex2oat : Method processed more than once: void com.tencent.mm.pluginsdk.c.a.b(java.lang.String, com.tencent.mm.pluginsdk.c.a)
05-09 23:33:27.390  5864  5993 W dex2oat : Method processed more than once: boolean com.tencent.mm.pluginsdk.c.a.a(com.tencent.mm.sdk.b.b)
