05-09 23:33:30.647  2082  3712 I WifiService: getConnectionInfo uid=10073
05-09 23:33:30.710  2082  2096 E memtrack: Couldn't load memtrack module
05-09 23:33:30.710  2082  2096 W android.os.Debug: failed to get memory consumption info: -1
05-09 23:33:31.110  3161  5451 E YouTube : Failed to fetch offline what to watch browse
05-09 23:33:31.110  3161  5451 E YouTube : pyk: java.util.concurrent.ExecutionException: awc
05-09 23:33:31.110  3161  5451 E YouTube : 	at pyf.a(SourceFile:19)
05-09 23:33:31.110  3161  5451 E YouTube : 	at pyh.b(SourceFile:10)
05-09 23:33:31.110  3161  5451 E YouTube : 	at pzz.a(SourceFile:17)
05-09 23:33:31.110  3161  5451 E YouTube : 	at eqd.a(SourceFile:12)
05-09 23:33:31.110  3161  5451 E YouTube : 	at com.google.android.libraries.youtube.net.gcm.service.YouTubeGcmTaskService.a(SourceFile:20)
05-09 23:33:31.110  3161  5451 E YouTube : 	at com.google.android.libraries.youtube.common.gcore.gcoreclient.gcm.impl.GcmTaskServiceDelegator.a(SourceFile:19)
05-09 23:33:31.110  3161  5451 E YouTube : 	at juu.run(Unknown Source:11)
05-09 23:33:31.110  3161  5451 E YouTube : 	at java.util.concurrent.ThreadPoolExecutor.runWorker(ThreadPoolExecutor.java:1162)
05-09 23:33:31.110  3161  5451 E YouTube : 	at java.util.concurrent.ThreadPoolExecutor$Worker.run(ThreadPoolExecutor.java:636)
05-09 23:33:31.110  3161  5451 E YouTube : 	at java.lang.Thread.run(Thread.java:764)
05-09 23:33:31.110  3161  5451 E YouTube : Caused by: java.util.concurrent.ExecutionException: awc
05-09 23:33:31.110  3161  5451 E YouTube : 	at awv.a(SourceFile:18)
05-09 23:33:31.110  3161  5451 E YouTube : 	at awv.get(SourceFile:5)
05-09 23:33:31.110  3161  5451 E YouTube : 	at ttg.get(SourceFile:14)
05-09 23:33:31.110  3161  5451 E YouTube : 	at pyf.a(SourceFile:17)
05-09 23:33:31.110  3161  5451 E YouTube : 	... 9 more
05-09 23:33:31.110  3161  5451 E YouTube : Caused by: awc
05-09 23:33:31.110  3161  5451 E YouTube : 	at awh.a(SourceFile:57)
05-09 23:33:31.110  3161  5451 E YouTube : 	at oek.a(SourceFile:13)
05-09 23:33:31.110  3161  5451 E YouTube : 	at oek.a(SourceFile:6)
05-09 23:33:31.110  3161  5451 E YouTube : 	at oen.a(SourceFile:10)
05-09 23:33:31.110  3161  5451 E YouTube : 	at oen.a(SourceFile:8)
05-09 23:33:31.110  3161  5451 E YouTube : 	at avo.run(SourceFile:25)
05-09 23:33:31.116  2082  2941 I ActivityManager: Killing 4151:com.android.chrome/u0a52 (adj 906): empty #17
05-09 23:33:31.118  2082  2099 W system_server: kill(-4151, 9) failed: No such process
05-09 23:33:31.163  2082  2099 W system_server: kill(-4151, 9) failed: No such process
05-09 23:33:31.163  2082  2099 I system_server: Successfully killed process cgroup uid 10052 pid 4151 in 46ms
05-09 23:33:31.249  2082  6012 W ActivityManager: Unable to start service Intent { cmp=com.tencent.mobileqq/.qipc.QIPCService } U=0: not found
05-09 23:33:31.249  6021  6045 I chatty  : uid=10073(com.tencent.mobileqq) QQ_SUB expire 3 lines
05-09 23:33:31.266  2082  3085 I WifiService: getConnectionInfo uid=10073
05-09 23:33:31.267  2719  2719 D ViewRootImpl[StatusBar]: updatePointerIcon called with position out of bounds
05-09 23:33:31.269  2719  2719 I StatusBar: taskId 6 keep true cmpComponentInfo{org.openthos.appstore/org.openthos.appstore.MainActivity}
05-09 23:33:31.341  1960  4349 I audio_hw_primary: choose pcmC0D0p for 0
05-09 23:33:31.344  6021  6021 I chatty  : uid=10073 com.tencent.mobileqq:MSF expire 8 lines
05-09 23:33:31.447  6021  6171 I chatty  : uid=10073(com.tencent.mobileqq) unified-monitor expire 1 line
05-09 23:33:31.449  5889  5906 I chatty  : uid=10073(com.tencent.mobileqq) expire 1 line
05-09 23:33:31.669  2082  2082 W WindowManager: removeWindowToken: Attempted to remove non-existing token: android.os.Binder@ea3bf41
05-09 23:33:32.917  2719  2719 D ViewRootImpl[StatusBar]: updatePointerIcon called with position out of bounds
05-09 23:33:33.022  2719  2719 I StatusBar: taskId 9 keep true cmpComponentInfo{com.tencent.mobileqq/com.tencent.mobileqq.activity.SplashActivity}
05-09 23:33:33.067  1972  1972 I surfaceflinger: type=1400 audit(0.0:808): avc: denied { map } for path=2F69393135202864656C6574656429 dev="tmpfs" ino=102462 scontext=u:r:surfaceflinger:s0 tcontext=u:object_r:surfaceflinger_tmpfs:s0 tclass=file permissive=1
05-09 23:33:33.103  2082  2096 E memtrack: Couldn't load memtrack module
05-09 23:33:33.104  2082  2096 W android.os.Debug: failed to get memory consumption info: -1
05-09 23:33:33.108  5889  5909 I chatty  : uid=10073(com.tencent.mobileqq) expire 3 lines
05-09 23:33:33.122  5889  6177 I chatty  : uid=10073(com.tencent.mobileqq) expire 2 lines
05-09 23:33:33.122  5889  6176 I chatty  : uid=10073(com.tencent.mobileqq) expire 11 lines
05-09 23:33:33.181  2719  2719 I StatusBar: taskId 6 keep false cmpComponentInfo{org.openthos.appstore/org.openthos.appstore.MainActivity}
05-09 23:33:33.265  2082  2082 I RenderThread: type=1400 audit(0.0:809): avc: denied { map } for path=2F69393135202864656C6574656429 dev="tmpfs" ino=99966 scontext=u:r:system_server:s0 tcontext=u:object_r:system_server_tmpfs:s0 tclass=file permissive=1
05-09 23:33:33.297  4844  4844 I WearableService: Wearable Services stopping
05-09 23:33:33.428  5889  5889 D ViewRootImpl[LoginActivity]: updatePointerIcon called with position out of bounds
05-09 23:33:33.440  1972  1972 E SurfaceFlinger: [Sprite#0] rejecting buffer: bufWidth=38, bufHeight=38, front.active.{w=33, h=42}
05-09 23:33:33.473  1972  1972 E SurfaceFlinger: [Sprite#0] rejecting buffer: bufWidth=38, bufHeight=38, front.active.{w=33, h=42}
05-09 23:33:33.690  1972  1972 E SurfaceFlinger: [Sprite#0] rejecting buffer: bufWidth=38, bufHeight=38, front.active.{w=33, h=42}
05-09 23:33:33.755  6021  6117 I chatty  : uid=10073 com.tencent.mobileqq:MSF expire 1 line
05-09 23:33:33.788  6021  6130 I chatty  : uid=10073(com.tencent.mobileqq) MsfCheckDeepSle expire 20 lines
05-09 23:33:33.861  5889  5889 I chatty  : uid=10073(com.tencent.mobileqq) identical 4 lines
05-09 23:33:33.875  5889  5889 D ViewRootImpl[LoginActivity]: updatePointerIcon called with position out of bounds
05-09 23:33:33.890  1972  1972 E SurfaceFlinger: [Sprite#0] rejecting buffer: bufWidth=38, bufHeight=38, front.active.{w=33, h=42}
05-09 23:33:34.084  2719  2719 D ViewRootImpl[StatusBar]: updatePointerIcon called with position out of bounds
05-09 23:33:34.199  5889  5903 I chatty  : uid=10073(com.tencent.mobileqq) expire 2 lines
05-09 23:33:34.274  2082  4746 I WifiService: getConnectionInfo uid=10073
05-09 23:33:34.949  5889  5973 I chatty  : uid=10073(com.tencent.mobileqq) expire 17 lines
05-09 23:33:38.386  5889  6182 I chatty  : uid=10073(com.tencent.mobileqq) expire 1 line
05-09 23:33:38.758  6021  6104 I chatty  : uid=10073(com.tencent.mobileqq) MSFNetHandlerTh expire 3 lines
05-09 23:33:38.827  6021  6029 I chatty  : uid=10073(com.tencent.mobileqq) Jit thread pool expire 3 lines
05-09 23:33:40.285  2082  4031 I WifiService: getConnectionInfo uid=10073
05-09 23:33:40.558  6021  6037 I chatty  : uid=10073(com.tencent.mobileqq) Binder:6021_1 expire 1 line
05-09 23:33:40.571  5889  6183 I chatty  : uid=10073(com.tencent.mobileqq) expire 4 lines
05-09 23:33:40.571  6021  6107 I chatty  : uid=10073(com.tencent.mobileqq) MsfCoreMsgSende expire 2 lines
05-09 23:33:40.578  5889  5995 I chatty  : uid=10073(com.tencent.mobileqq) expire 1 line
05-09 23:33:42.270  3339  3339 I LatinIME: Starting input. Cursor position = 0,0
05-09 23:33:42.273  2082  4746 W TelecomManager: Telecom Service not found.
05-09 23:33:42.274  2082  4031 W TelecomManager: Telecom Service not found.
05-09 23:33:43.291  2082  4828 I WifiService: getConnectionInfo uid=10073
05-09 23:33:45.329  5889  6192 I chatty  : uid=10073(com.tencent.mobileqq) expire 13 lines
05-09 23:33:45.366  4844  5977 E WakeLock: release without a matched acquire!
05-09 23:33:45.494  5889  6193 I chatty  : uid=10073(com.tencent.mobileqq) expire 5 lines
05-09 23:33:46.846  5889  5908 I chatty  : uid=10073(com.tencent.mobileqq) expire 21 lines
05-09 23:33:47.050  5889  6193 I chatty  : uid=10073(com.tencent.mobileqq) expire 15 lines
05-09 23:33:47.359  5889  6192 I chatty  : uid=10073(com.tencent.mobileqq) expire 10 lines
05-09 23:33:48.462  2082  2096 E memtrack: Couldn't load memtrack module
05-09 23:33:48.462  2082  2096 W android.os.Debug: failed to get memory consumption info: -1
05-09 23:33:49.398  3339  3339 I LatinIME: Starting input. Cursor position = 0,0
05-09 23:33:49.400  2082  4031 W TelecomManager: Telecom Service not found.
05-09 23:33:49.402  2082  4031 W TelecomManager: Telecom Service not found.
05-09 23:33:42.133  2719  2719 I chatty  : uid=10033(com.android.systemui) identical 1 line
05-09 23:33:49.284  2719  2719 D ViewRootImpl[StatusBar]: updatePointerIcon called with position out of bounds
05-09 23:33:52.278  2082  4746 I ActivityManager: Killing 3558:com.google.process.gapps/u0a13 (adj 906): empty #17
05-09 23:33:52.279  2082  2099 W system_server: kill(-3558, 9) failed: No such process
05-09 23:33:52.324  2082  2099 W system_server: kill(-3558, 9) failed: No such process
05-09 23:33:52.324  2082  2099 I system_server: Successfully killed process cgroup uid 10013 pid 3558 in 45ms
05-09 23:33:55.191  3339  3339 I LatinIME: Starting input. Cursor position = -1,-1
05-09 23:33:55.192  2082  6012 W TelecomManager: Telecom Service not found.
05-09 23:33:55.499  2082  2096 E memtrack: Couldn't load memtrack module
05-09 23:33:55.499  2082  2096 W android.os.Debug: failed to get memory consumption info: -1
05-09 23:33:55.517  4844  4853 W SQLiteConnectionPool: A SQLiteConnection object for database '/data/user/0/com.google.android.gms/databases/config.db' was leaked!  Please fix your application to end transactions in progress properly and to close the database when it is no longer needed.
05-09 23:33:55.909  2719  2719 D ViewRootImpl[StatusBar]: updatePointerIcon called with position out of bounds
05-09 23:33:56.002  1960  4349 I audio_hw_primary: choose pcmC0D0p for 0
05-09 23:33:56.002  5889  5889 I chatty  : uid=10073(com.tencent.mobileqq) expire 47 lines
05-09 23:33:56.004  2082  2082 W TelecomManager: Telecom Service not found.
05-09 23:33:56.029  5889  6197 I chatty  : uid=10073(com.tencent.mobileqq) expire 5 lines
05-09 23:33:56.037  1972  1972 D SurfaceFlinger: duplicate layer name: changing com.tencent.mobileqq/com.tencent.mobileqq.activity.LoginActivity to com.tencent.mobileqq/com.tencent.mobileqq.activity.LoginActivity#1
05-09 23:33:56.044  6021  6107 I chatty  : uid=10073(com.tencent.mobileqq) MsfCoreMsgSende expire 14 lines
05-09 23:33:56.245  5889  5889 D ViewRootImpl[LoginActivity]: updatePointerIcon called with position out of bounds
05-09 23:33:56.442  6021  6133 I chatty  : uid=10073(com.tencent.mobileqq) MsfCoreSocketRe expire 9 lines
05-09 23:33:56.614  6021  6021 I chatty  : uid=10073 com.tencent.mobileqq:MSF expire 8 lines
05-09 23:33:56.618  5889  5903 I chatty  : uid=10073(com.tencent.mobileqq) expire 5 lines
05-09 23:33:56.618  6021  6114 I chatty  : uid=10073(com.tencent.mobileqq) MsfServiceAppMs expire 5 lines
05-09 23:33:56.618  5889  6145 I chatty  : uid=10073(com.tencent.mobileqq) expire 14 lines
05-09 23:33:56.630  2082  4031 I WifiService: getConnectionInfo uid=10073
05-09 23:33:56.633  2082  6012 I WifiService: getConnectionInfo uid=10073
05-09 23:33:56.640  2082  6012 I WifiService: getConnectionInfo uid=10073
05-09 23:33:56.644  6021  6098 I chatty  : uid=10073(com.tencent.mobileqq) MSF_StatReportT expire 1 line
05-09 23:33:56.669  2082  6012 I WifiService: getConnectionInfo uid=10073
05-09 23:33:56.670  2082  6012 I chatty  : uid=1000(system) Binder:2082_18 identical 1 line
05-09 23:33:56.672  2082  6012 I WifiService: getConnectionInfo uid=10073
05-09 23:33:56.804  6021  6037 I chatty  : uid=10073(com.tencent.mobileqq) Binder:6021_1 expire 3 lines
05-09 23:33:56.818  5889  6214 I chatty  : uid=10073(com.tencent.mobileqq) expire 8 lines
05-09 23:33:56.822  5889  6215 I chatty  : uid=10073(com.tencent.mobileqq) expire 41 lines
05-09 23:33:56.863  5889  6211 I chatty  : uid=10073(com.tencent.mobileqq) expire 34 lines
05-09 23:33:56.882  5889  5894 I chatty  : uid=10073(com.tencent.mobileqq) expire 2 lines
05-09 23:33:56.900  2082  4828 I WifiService: getConnectionInfo uid=10073
05-09 23:33:56.904  5889  6223 I chatty  : uid=10073(com.tencent.mobileqq) expire 4 lines
05-09 23:33:56.909  5889  5908 I chatty  : uid=10073(com.tencent.mobileqq) expire 3 lines
05-09 23:33:56.916  5889  6210 I chatty  : uid=10073(com.tencent.mobileqq) expire 18 lines
05-09 23:33:56.956  5889  5889 I chatty  : uid=10073(com.tencent.mobileqq) identical 15 lines
05-09 23:33:56.968  6021  6114 I chatty  : uid=10073(com.tencent.mobileqq) MsfServiceAppMs expire 7 lines
05-09 23:33:56.968  5889  6145 I chatty  : uid=10073(com.tencent.mobileqq) expire 13 lines
05-09 23:33:56.973  5889  5889 D ViewRootImpl[LoginActivity]: updatePointerIcon called with position out of bounds
05-09 23:33:56.981  2082  4828 I ActivityManager: START u0 {flg=0x4040000 cmp=com.tencent.mobileqq/.activity.SplashActivity (has extras)} from uid 10073
05-09 23:33:56.982  2719  2719 I StatusBar: taskId 9 keep true cmpComponentInfo{com.tencent.mobileqq/com.tencent.mobileqq.activity.SplashActivity}
05-09 23:33:56.994  5889  6215 I chatty  : uid=10073(com.tencent.mobileqq) expire 2 lines
05-09 23:33:56.995  5889  5908 I chatty  : uid=10073(com.tencent.mobileqq) expire 48 lines
05-09 23:33:56.995  5889  5889 I chatty  : uid=10073(com.tencent.mobileqq) expire 26 lines
05-09 23:33:56.996  5889  6211 I chatty  : uid=10073(com.tencent.mobileqq) expire 29 lines
05-09 23:33:56.996  5889  6242 I chatty  : uid=10073(com.tencent.mobileqq) expire 1 line
05-09 23:33:57.001  2082  4828 W ActivityManager: Permission Denial: opening provider com.android.providers.contacts.ContactsProvider2 from ProcessRecord{df01579 5889:com.tencent.mobileqq/u0a73} (pid=5889, uid=10073) requires android.permission.READ_CONTACTS or android.permission.WRITE_CONTACTS
05-09 23:33:57.001  2082  4828 W ContentService: Ignoring content changes for content://com.android.contacts/data/phones from 10073: Permission Denial: opening provider com.android.providers.contacts.ContactsProvider2 from ProcessRecord{df01579 5889:com.tencent.mobileqq/u0a73} (pid=5889, uid=10073) requires android.permission.READ_CONTACTS or android.permission.WRITE_CONTACTS
05-09 23:33:57.020  5889  6213 I chatty  : uid=10073(com.tencent.mobileqq) expire 1 line
05-09 23:33:57.021  6021  6107 I chatty  : uid=10073(com.tencent.mobileqq) MsfCoreMsgSende expire 20 lines
05-09 23:33:57.032  6021  6133 I chatty  : uid=10073(com.tencent.mobileqq) MsfCoreSocketRe expire 6 lines
05-09 23:33:57.039  5889  6238 I chatty  : uid=10073(com.tencent.mobileqq) expire 1 line
05-09 23:33:57.064  5889  6263 I chatty  : uid=10073(com.tencent.mobileqq) expire 1 line
05-09 23:33:57.068  5889  6261 I chatty  : uid=10073(com.tencent.mobileqq) expire 4 lines
05-09 23:33:57.079  5889  5889 W ViewRootImpl[LoginActivity]: Cancelling event due to no window focus: MotionEvent { action=ACTION_CANCEL, actionButton=0, id[0]=0, x[0]=228.62592, y[0]=-38.45816, toolType[0]=TOOL_TYPE_MOUSE, buttonState=0, metaState=0, flags=0x0, edgeFlags=0x0, pointerCount=1, historySize=0, eventTime=324981, downTime=323885, deviceId=8, source=0x2002 }
05-09 23:33:57.079  5889  5889 I chatty  : uid=10073(com.tencent.mobileqq) identical 1 line
05-09 23:33:57.079  5889  5889 W ViewRootImpl[LoginActivity]: Cancelling event due to no window focus: MotionEvent { action=ACTION_CANCEL, actionButton=0, id[0]=0, x[0]=228.62592, y[0]=-38.45816, toolType[0]=TOOL_TYPE_MOUSE, buttonState=0, metaState=0, flags=0x0, edgeFlags=0x0, pointerCount=1, historySize=0, eventTime=324981, downTime=323885, deviceId=8, source=0x2002 }
05-09 23:33:57.079  5889  5889 D ViewRootImpl[LoginActivity]: updatePointerIcon called with position out of bounds
05-09 23:33:57.079  5889  5889 W ViewRootImpl[LoginActivity]: Cancelling event due to no window focus: MotionEvent { action=ACTION_CANCEL, actionButton=0, id[0]=0, x[0]=228.62592, y[0]=-38.45816, toolType[0]=TOOL_TYPE_MOUSE, buttonState=0, metaState=0, flags=0x0, edgeFlags=0x0, pointerCount=1, historySize=0, eventTime=324981, downTime=323885, deviceId=8, source=0x2002 }
05-09 23:33:57.086  5889  6209 I chatty  : uid=10073(com.tencent.mobileqq) expire 4 lines
05-09 23:33:57.088  5889  6017 I chatty  : uid=10073(com.tencent.mobileqq) expire 4 lines
05-09 23:33:57.104  2082  2104 I ActivityManager: Displayed com.tencent.mobileqq/.activity.SplashActivity: +122ms
05-09 23:33:57.187  5889  6280 I chatty  : uid=10073(com.tencent.mobileqq) expire 21 lines
05-09 23:33:57.202  2974  2986 E PhoneInterfaceManager: [PhoneIntfMgr] getIccId: No UICC
05-09 23:33:57.203  2082  4828 I WifiService: getConnectionInfo uid=10073
05-09 23:33:57.205  2082  4828 I chatty  : uid=1000(system) Binder:2082_15 identical 1 line
05-09 23:33:57.208  2082  4828 I WifiService: getConnectionInfo uid=10073
05-09 23:33:57.231  5889  6283 I chatty  : uid=10073(com.tencent.mobileqq) expire 1 line
05-09 23:33:57.271  5889  5894 I chatty  : uid=10073(com.tencent.mobileqq) expire 3 lines
05-09 23:33:57.281  5889  5909 I chatty  : uid=10073(com.tencent.mobileqq) expire 3 lines
05-09 23:33:57.315  1972  2022 E SurfaceFlinger: Failed to find layer (SurfaceView - com.tencent.mobileqq/com.tencent.mobileqq.activity.SplashActivity#0) in layer parent (no-parent).
05-09 23:33:57.315  1972  3071 E SurfaceFlinger: Failed to find layer (Background for - SurfaceView - com.tencent.mobileqq/com.tencent.mobileqq.activity.SplashActivity#0) in layer parent (no-parent).
05-09 23:33:57.385  1972  2025 E SurfaceFlinger: Failed to find layer (SurfaceView - com.tencent.mobileqq/com.tencent.mobileqq.activity.SplashActivity#0) in layer parent (no-parent).
05-09 23:33:57.385  5889  6296 I chatty  : uid=10073(com.tencent.mobileqq) expire 3 lines
05-09 23:33:57.385  1972  2022 E SurfaceFlinger: Failed to find layer (Background for - SurfaceView - com.tencent.mobileqq/com.tencent.mobileqq.activity.SplashActivity#0) in layer parent (no-parent).
05-09 23:33:57.394  2082  2097 I ActivityManager: Start proc 6299:com.tencent.mobileqq:mini/u0a73 for broadcast com.tencent.mobileqq/.mini.app.AppBrandTaskPreloadReceiver
05-09 23:33:57.396  6299  6299 I chatty  : uid=10073 com.tencent.mobileqq:mini expire 5 lines
05-09 23:33:57.397  2082  6012 I WifiService: getConnectionInfo uid=10073
05-09 23:33:57.397  2082  4828 I WifiService: getConnectionInfo uid=10073
05-09 23:33:57.399  2082  6012 I WifiService: getConnectionInfo uid=10073
05-09 23:33:57.405  2082  6012 I WifiService: getConnectionInfo uid=10073
05-09 23:33:57.405  2082  4828 I ActivityManager: Killing 3007:com.google.android.setupwizard/u0a31 (adj 906): empty #17
05-09 23:33:57.406  2082  2099 W system_server: kill(-3007, 9) failed: No such process
05-09 23:33:57.416  2082  4828 I WifiService: getConnectionInfo uid=10073
05-09 23:33:57.417  2082  4828 I WifiService: getConnectionInfo uid=10073
05-09 23:33:57.419  2082  4828 I WifiService: getConnectionInfo uid=10073
05-09 23:33:57.434  2082  2104 W ActivityManager: setHasOverlayUi called on unknown pid: 3007
05-09 23:33:57.451  2082  2099 W system_server: kill(-3007, 9) failed: No such process
05-09 23:33:57.451  2082  2099 I system_server: Successfully killed process cgroup uid 10031 pid 3007 in 45ms
05-09 23:33:57.467  6299  6321 I chatty  : uid=10073(com.tencent.mobileqq) logWriteThread expire 20 lines
05-09 23:33:57.470  5889  5889 I chatty  : uid=10073(com.tencent.mobileqq) expire 11 lines
05-09 23:33:57.471  6299  6299 I chatty  : uid=10073 com.tencent.mobileqq:mini expire 33 lines
05-09 23:33:57.476  6021  6133 I chatty  : uid=10073(com.tencent.mobileqq) MsfCoreSocketRe expire 12 lines
05-09 23:33:57.479  6021  6114 I chatty  : uid=10073(com.tencent.mobileqq) MsfServiceAppMs expire 21 lines
05-09 23:33:57.483  2082  6012 I WifiService: getConnectionInfo uid=10073
05-09 23:33:57.484  5889  6327 I chatty  : uid=10073(com.tencent.mobileqq) expire 2 lines
05-09 23:33:57.485  6021  6107 I chatty  : uid=10073(com.tencent.mobileqq) MsfCoreMsgSende expire 20 lines
05-09 23:33:57.547  5889  6145 I chatty  : uid=10073(com.tencent.mobileqq) expire 11 lines
05-09 23:33:57.556  5889  6280 I chatty  : uid=10073(com.tencent.mobileqq) expire 3 lines
05-09 23:33:57.583  6021  6021 I chatty  : uid=10073 com.tencent.mobileqq:MSF expire 5 lines
05-09 23:33:57.586  5889  5908 I chatty  : uid=10073(com.tencent.mobileqq) expire 10 lines
05-09 23:33:57.587  2082  4746 I WifiService: getConnectionInfo uid=10073
05-09 23:33:57.587  6299  6358 I chatty  : uid=10073(com.tencent.mobileqq) ServletForward expire 4 lines
05-09 23:33:57.601  6299  6323 I chatty  : uid=10073(com.tencent.mobileqq) QQ_SUB expire 5 lines
05-09 23:33:57.606  6299  6367 I chatty  : uid=10073(com.tencent.mobileqq) TaskFlow expire 3 lines
05-09 23:33:57.607  2082  6012 I ActivityManager: Killing 4375:com.android.settings:superuser/1000 (adj 906): empty #17
05-09 23:33:57.609  2082  2099 W system_server: kill(-4375, 9) failed: No such process
05-09 23:33:57.614  6299  6372 I chatty  : uid=10073 com.tencent.mobileqq:mini expire 3 lines
05-09 23:33:57.614  6299  6373 I chatty  : uid=10073 com.tencent.mobileqq:mini expire 3 lines
05-09 23:33:57.614  5889  5902 I chatty  : uid=10073(com.tencent.mobileqq) expire 4 lines
05-09 23:33:57.616  6299  6369 I chatty  : uid=10073(com.tencent.mobileqq) mini_program_re expire 3 lines
05-09 23:33:57.618  6021  6037 I chatty  : uid=10073(com.tencent.mobileqq) Binder:6021_1 expire 4 lines
05-09 23:33:57.628  2082  2104 W ActivityManager: setHasOverlayUi called on unknown pid: 4375
05-09 23:33:57.635  2082  5826 I WifiService: getConnectionInfo uid=10073
05-09 23:33:57.636  6375  6375 I chatty  : uid=10073 com.tencent.mobileqq:tool expire 27 lines
05-09 23:33:57.641  2082  2097 I ActivityManager: Start proc 6375:com.tencent.mobileqq:tool/u0a73 for broadcast com.tencent.mobileqq/.webprocess.WebProcessReceiver
05-09 23:33:57.651  2082  4828 I WifiService: getConnectionInfo uid=10073
05-09 23:33:57.652  2082  4828 I WifiService: getConnectionInfo uid=10073
05-09 23:33:57.659  2082  2099 W system_server: kill(-4375, 9) failed: No such process
05-09 23:33:57.663  2082  2099 I system_server: Successfully killed process cgroup uid 1000 pid 4375 in 54ms
05-09 23:33:57.666  2082  4826 I WifiService: getConnectionInfo uid=10073
05-09 23:33:57.668  5889  6210 I chatty  : uid=10073(com.tencent.mobileqq) expire 1 line
05-09 23:33:57.682  6375  6398 I chatty  : uid=10073 com.tencent.mobileqq:tool expire 1 line
05-09 23:33:57.686  2082  4826 I WifiService: getConnectionInfo uid=10073
05-09 23:33:57.686  2082  5826 I WifiService: getConnectionInfo uid=10073
05-09 23:33:57.687  2082  4828 I WifiService: getConnectionInfo uid=10073
05-09 23:33:57.756  5889  5898 I chatty  : uid=10073(com.tencent.mobileqq) expire 1 line
05-09 23:33:57.768  6299  6363 I chatty  : uid=10073(com.tencent.mobileqq) MSF-Receiver expire 1 line
05-09 23:33:57.788  2082  6012 I WifiService: getConnectionInfo uid=10073
05-09 23:33:57.792  2082  4826 I WifiService: getConnectionInfo uid=10073
05-09 23:33:57.794  2082  6012 I WifiService: getConnectionInfo uid=10073
05-09 23:33:57.794  5889  6422 I chatty  : uid=10073(com.tencent.mobileqq) expire 2 lines
05-09 23:33:57.797  2082  6012 I WifiService: getConnectionInfo uid=10073
05-09 23:33:57.799  2082  4828 I WifiService: getConnectionInfo uid=10073
05-09 23:33:57.800  6375  6426 I chatty  : uid=10073 com.tencent.mobileqq:tool expire 4 lines
05-09 23:33:57.804  2082  4828 I WifiService: getConnectionInfo uid=10073
05-09 23:33:57.806  5889  6421 I chatty  : uid=10073(com.tencent.mobileqq) expire 8 lines
05-09 23:33:57.813  2082  5826 I WifiService: getConnectionInfo uid=10073
05-09 23:33:57.814  2082  6012 I WifiService: getConnectionInfo uid=10073
05-09 23:33:57.816  6375  6437 I chatty  : uid=10073 com.tencent.mobileqq:tool expire 1 line
05-09 23:33:57.836  5889  6424 I chatty  : uid=10073(com.tencent.mobileqq) expire 2 lines
05-09 23:33:57.837  2082  6012 I WifiService: getConnectionInfo uid=10073
05-09 23:33:57.841  5889  6434 I chatty  : uid=10073(com.tencent.mobileqq) expire 3 lines
05-09 23:33:57.841  2082  6012 I WifiService: getConnectionInfo uid=10073
05-09 23:33:57.872  6375  6402 I chatty  : uid=10073 com.tencent.mobileqq:tool expire 11 lines
05-09 23:33:58.001  5889  6459 I chatty  : uid=10073(com.tencent.mobileqq) expire 18 lines
05-09 23:33:58.002  2082  5826 I WifiService: getWifiEnabledState uid=10073
05-09 23:33:58.002  2082  5826 I WifiService: getConnectionInfo uid=10073
05-09 23:33:58.003  2082  5826 I WifiService: getConnectionInfo uid=10073
05-09 23:33:58.007  6021  6163 I chatty  : uid=10073(com.tencent.mobileqq) Binder:6021_4 expire 3 lines
05-09 23:33:58.008  6021  6107 I chatty  : uid=10073(com.tencent.mobileqq) MsfCoreMsgSende expire 17 lines
05-09 23:33:58.016  5889  6460 I chatty  : uid=10073(com.tencent.mobileqq) expire 5 lines
05-09 23:33:58.016  2082  6012 I ActivityManager: Killing 3697:com.android.providers.calendar/u0a4 (adj 906): empty #17
05-09 23:33:58.018  6021  6114 I chatty  : uid=10073(com.tencent.mobileqq) MsfServiceAppMs expire 26 lines
05-09 23:33:58.019  6021  6168 I chatty  : uid=10073(com.tencent.mobileqq) Binder:6021_5 expire 7 lines
05-09 23:33:58.020  2082  2099 W system_server: kill(-3697, 9) failed: No such process
05-09 23:33:58.020  6021  6021 I chatty  : uid=10073 com.tencent.mobileqq:MSF expire 1 line
05-09 23:33:58.021  6375  6375 I chatty  : uid=10073 com.tencent.mobileqq:tool expire 4 lines
05-09 23:33:58.028  6375  6470 I chatty  : uid=10073 com.tencent.mobileqq:tool expire 2 lines
05-09 23:33:58.034  6375  6440 I chatty  : uid=10073 com.tencent.mobileqq:tool expire 2 lines
05-09 23:33:58.047  6021  6037 I chatty  : uid=10073(com.tencent.mobileqq) Binder:6021_1 expire 7 lines
05-09 23:33:58.051  2082  4826 I WifiService: getConnectionInfo uid=10073
05-09 23:33:58.052  2082  4822 I WifiService: getConnectionInfo uid=10073
05-09 23:33:58.057  2082  6012 I WifiService: getConnectionInfo uid=10073
05-09 23:33:58.060  6021  6029 I chatty  : uid=10073(com.tencent.mobileqq) Jit thread pool expire 2 lines
05-09 23:33:58.061  2082  6012 I WifiService: getConnectionInfo uid=10073
05-09 23:33:58.062  2082  4826 I WifiService: getConnectionInfo uid=10073
05-09 23:33:58.062  2082  4826 I WifiService: getConnectionInfo uid=10073
05-09 23:33:58.064  2082  2099 W system_server: kill(-3697, 9) failed: No such process
05-09 23:33:58.064  2082  2099 I system_server: Successfully killed process cgroup uid 10004 pid 3697 in 44ms
05-09 23:33:58.079  6021  6133 I chatty  : uid=10073(com.tencent.mobileqq) MsfCoreSocketRe expire 21 lines
05-09 23:33:58.080  6375  6444 I chatty  : uid=10073 com.tencent.mobileqq:tool expire 1 line
05-09 23:33:58.088  6375  6402 I chatty  : uid=10073 com.tencent.mobileqq:tool expire 113 lines
05-09 23:33:58.105  6375  6431 I chatty  : uid=10073 com.tencent.mobileqq:tool expire 1 line
05-09 23:33:58.106  6375  6481 I chatty  : uid=10073 com.tencent.mobileqq:tool expire 2 lines
05-09 23:33:58.116  6485  6485 W zygote  : Unexpected CPU variant for X86 using defaults: x86_64
05-09 23:33:58.122  2082  2082 I Binder:2082_14: type=1400 audit(0.0:811): avc: denied { write } for name="timerslack_ns" dev="proc" ino=103005 scontext=u:r:system_server:s0 tcontext=u:r:untrusted_app:s0:c512,c768 tclass=file permissive=1
05-09 23:33:58.123  2082  2713 I ActivityManager: Start proc 6485:com.google.android.webview:webview_service/u0a71 for service com.google.android.webview/org.chromium.android_webview.services.VariationsSeedServer
05-09 23:33:58.124  2082  2096 E memtrack: Couldn't load memtrack module
05-09 23:33:58.124  2082  2096 W android.os.Debug: failed to get memory consumption info: -1
05-09 23:33:58.130  6485  6485 I LoadedApk: No resource references to update in package com.google.android.webview
05-09 23:33:58.135  2082  4826 I ActivityManager: Killing 5324:android.process.media/u0a9 (adj 906): empty #17
05-09 23:33:58.135  2082  2099 W system_server: kill(-5324, 9) failed: No such process
05-09 23:33:58.136  6485  6502 E cr_VariationsUtils: Failed reading seed file "/data/user/0/com.google.android.webview/app_webview/variations_seed": /data/user/0/com.google.android.webview/app_webview/variations_seed (No such file or directory)
05-09 23:33:58.178  5889  6145 I chatty  : uid=10073(com.tencent.mobileqq) expire 1 line
05-09 23:33:58.180  2082  2099 W system_server: kill(-5324, 9) failed: No such process
05-09 23:33:58.180  2082  2099 I system_server: Successfully killed process cgroup uid 10009 pid 5324 in 45ms
05-09 23:33:58.187  5889  6215 I chatty  : uid=10073(com.tencent.mobileqq) expire 4 lines
05-09 23:33:58.205  5889  6505 I chatty  : uid=10073(com.tencent.mobileqq) expire 1 line
05-09 23:33:58.320  2082  4826 I WifiService: getConnectionInfo uid=10073
05-09 23:33:58.342  2082  2096 E memtrack: Couldn't load memtrack module
05-09 23:33:58.342  2082  2096 W android.os.Debug: failed to get memory consumption info: -1
05-09 23:33:58.378  5889  5889 I chatty  : uid=10073(com.tencent.mobileqq) expire 5 lines
05-09 23:33:58.388  5889  5908 I chatty  : uid=10073(com.tencent.mobileqq) expire 2 lines
05-09 23:33:58.466  2974  2987 E PhoneInterfaceManager: [PhoneIntfMgr] getIccId: No UICC
05-09 23:33:58.467  2082  5074 I WifiService: getConnectionInfo uid=10073
05-09 23:33:58.468  2082  5074 I chatty  : uid=1000(system) Binder:2082_16 identical 1 line
05-09 23:33:58.469  2082  5074 I WifiService: getConnectionInfo uid=10073
05-09 23:33:58.670  6299  6367 I chatty  : uid=10073(com.tencent.mobileqq) TaskFlow expire 4 lines
05-09 23:33:58.675  2082  2096 E memtrack: Couldn't load memtrack module
05-09 23:33:58.675  2082  2096 W android.os.Debug: failed to get memory consumption info: -1
05-09 23:33:58.714  2082  4826 I WifiService: getWifiEnabledState uid=10073
05-09 23:33:58.714  2082  4826 I WifiService: getConnectionInfo uid=10073
05-09 23:33:58.720  6021  6107 I chatty  : uid=10073(com.tencent.mobileqq) MsfCoreMsgSende expire 24 lines
05-09 23:33:58.734  6375  6398 I chatty  : uid=10073 com.tencent.mobileqq:tool expire 19 lines
05-09 23:33:58.820  6021  6133 I chatty  : uid=10073(com.tencent.mobileqq) MsfCoreSocketRe expire 12 lines
05-09 23:33:58.823  6021  6114 I chatty  : uid=10073(com.tencent.mobileqq) MsfServiceAppMs expire 12 lines
05-09 23:33:58.829  6021  6130 I chatty  : uid=10073(com.tencent.mobileqq) MsfCheckDeepSle expire 31 lines
05-09 23:33:58.883  5889  6215 I chatty  : uid=10073(com.tencent.mobileqq) expire 50 lines
05-09 23:33:58.908  2082  4826 I WifiService: getConnectionInfo uid=10073
05-09 23:33:58.909  5889  6145 I chatty  : uid=10073(com.tencent.mobileqq) expire 12 lines
05-09 23:33:58.912  2082  4826 I WifiService: getConnectionInfo uid=10073
05-09 23:33:58.917  2082  4826 I WifiService: getConnectionInfo uid=10073
05-09 23:33:58.920  2082  4826 I WifiService: getConnectionInfo uid=10073
05-09 23:33:58.921  2082  4826 I chatty  : uid=1000(system) Binder:2082_14 identical 1 line
05-09 23:33:58.921  2082  4826 I WifiService: getConnectionInfo uid=10073
05-09 23:33:58.932  5889  6209 I chatty  : uid=10073(com.tencent.mobileqq) expire 1 line
05-09 23:33:58.937  5889  6242 I chatty  : uid=10073(com.tencent.mobileqq) expire 3 lines
05-09 23:33:58.964  5889  5889 I chatty  : uid=10073(com.tencent.mobileqq) expire 10 lines
05-09 23:33:58.979  5889  6238 I chatty  : uid=10073(com.tencent.mobileqq) expire 2 lines
05-09 23:33:58.981  5889  5909 I chatty  : uid=10073(com.tencent.mobileqq) expire 3 lines
05-09 23:33:59.026  5889  6551 I chatty  : uid=10073(com.tencent.mobileqq) expire 7 lines
05-09 23:33:59.030  5889  5908 I chatty  : uid=10073(com.tencent.mobileqq) expire 20 lines
05-09 23:33:59.047  5889  6565 I chatty  : uid=10073(com.tencent.mobileqq) expire 5 lines
05-09 23:33:59.058  5889  6229 I chatty  : uid=10073(com.tencent.mobileqq) expire 2 lines
05-09 23:33:59.091  5889  6017 I chatty  : uid=10073(com.tencent.mobileqq) expire 7 lines
05-09 23:33:59.127  5889  6210 I chatty  : uid=10073(com.tencent.mobileqq) expire 4 lines
05-09 23:33:59.148  5889  6261 I chatty  : uid=10073(com.tencent.mobileqq) expire 4 lines
05-09 23:33:59.220  2719  2719 D ViewRootImpl[StatusBar]: updatePointerIcon called with position out of bounds
05-09 23:33:59.236  5889  6582 I chatty  : uid=10073(com.tencent.mobileqq) expire 1 line
05-09 23:33:59.248  5889  5908 I chatty  : uid=10073(com.tencent.mobileqq) expire 33 lines
05-09 23:33:59.251  5889  6145 I chatty  : uid=10073(com.tencent.mobileqq) expire 19 lines
05-09 23:33:59.265  6021  6107 I chatty  : uid=10073(com.tencent.mobileqq) MsfCoreMsgSende expire 46 lines
05-09 23:33:59.268  5889  6215 I chatty  : uid=10073(com.tencent.mobileqq) expire 40 lines
05-09 23:33:59.283  2974  2987 E PhoneInterfaceManager: [PhoneIntfMgr] getIccId: No UICC
05-09 23:33:59.286  2082  3901 I WifiService: getConnectionInfo uid=10073
05-09 23:33:59.290  2082  3901 I chatty  : uid=1000(system) Binder:2082_B identical 1 line
05-09 23:33:59.294  2082  3901 I WifiService: getConnectionInfo uid=10073
05-09 23:33:59.325  5889  5889 I chatty  : uid=10073(com.tencent.mobileqq) expire 2 lines
05-09 23:33:59.349  5889  5894 I chatty  : uid=10073(com.tencent.mobileqq) expire 5 lines
05-09 23:33:59.350  2082  4826 I WifiService: getConnectionInfo uid=10073
05-09 23:33:59.379  5889  5909 I chatty  : uid=10073(com.tencent.mobileqq) expire 6 lines
05-09 23:33:59.386  6021  6133 I chatty  : uid=10073(com.tencent.mobileqq) MsfCoreSocketRe expire 25 lines
05-09 23:33:59.387  6021  6114 I chatty  : uid=10073(com.tencent.mobileqq) MsfServiceAppMs expire 24 lines
05-09 23:33:59.413  5889  6214 I chatty  : uid=10073(com.tencent.mobileqq) expire 1 line
05-09 23:33:59.528  5889  6242 I chatty  : uid=10073(com.tencent.mobileqq) expire 1 line
05-09 23:33:59.551  6021  6029 I chatty  : uid=10073(com.tencent.mobileqq) Jit thread pool expire 3 lines
05-09 23:33:59.735  5889  6636 I chatty  : uid=10073(com.tencent.mobileqq) expire 1 line
05-09 23:34:00.024  2719  2719 I RenderThread: type=1400 audit(0.0:815): avc: denied { ioctl } for path="/dev/dri/card0" dev="tmpfs" ino=10392 ioctlcmd=0x6457 scontext=u:r:platform_app:s0:c512,c768 tcontext=u:object_r:device:s0 tclass=chr_file permissive=1
05-09 23:34:00.070  5889  6145 I chatty  : uid=10073(com.tencent.mobileqq) expire 2 lines
05-09 23:34:00.104  2082  3901 I WifiService: getConnectionInfo uid=10073
05-09 23:34:00.115  5889  5889 I chatty  : uid=10073(com.tencent.mobileqq) expire 1 line
05-09 23:34:00.122  5889  6394 I chatty  : uid=10073(com.tencent.mobileqq) expire 1 line
05-09 23:34:00.134  2082  3901 I WifiService: getConnectionInfo uid=10073
05-09 23:34:00.148  5889  6646 I chatty  : uid=10073(com.tencent.mobileqq) expire 36 lines
05-09 23:34:00.148  2082  3901 I WifiService: getConnectionInfo uid=10073
05-09 23:34:00.151  5889  6535 I chatty  : uid=10073(com.tencent.mobileqq) expire 6 lines
05-09 23:34:00.168  6021  6107 I chatty  : uid=10073(com.tencent.mobileqq) MsfCoreMsgSende expire 60 lines
05-09 23:34:00.172  5889  6145 I chatty  : uid=10073(com.tencent.mobileqq) expire 14 lines
05-09 23:34:00.172  2082  3901 I WifiService: getConnectionInfo uid=10073
05-09 23:34:00.182  5889  6647 I chatty  : uid=10073(com.tencent.mobileqq) expire 13 lines
05-09 23:34:00.213  5889  6229 I chatty  : uid=10073(com.tencent.mobileqq) expire 1 line
05-09 23:34:00.230  2082  4826 I WifiService: getConnectionInfo uid=10073
05-09 23:34:00.230  2082  4826 I chatty  : uid=1000(system) Binder:2082_14 identical 1 line
05-09 23:34:00.231  2082  4826 I WifiService: getConnectionInfo uid=10073
05-09 23:34:00.233  2082  3901 I WifiService: getConnectionInfo uid=10073
05-09 23:34:00.259  6021  6133 I chatty  : uid=10073(com.tencent.mobileqq) MsfCoreSocketRe expire 15 lines
05-09 23:34:00.262  6021  6114 I chatty  : uid=10073(com.tencent.mobileqq) MsfServiceAppMs expire 15 lines
05-09 23:34:00.520  6299  6323 I chatty  : uid=10073(com.tencent.mobileqq) QQ_SUB expire 2 lines
05-09 23:34:00.535  6021  6168 I chatty  : uid=10073(com.tencent.mobileqq) Binder:6021_5 expire 1 line
05-09 23:34:00.584  5889  5908 I chatty  : uid=10073(com.tencent.mobileqq) expire 15 lines
05-09 23:34:00.586  5889  6213 I chatty  : uid=10073(com.tencent.mobileqq) expire 4 lines
05-09 23:34:00.596  5889  6219 I chatty  : uid=10073(com.tencent.mobileqq) expire 4 lines
05-09 23:34:00.652  2082  2093 I WifiService: getConnectionInfo uid=10073
05-09 23:34:00.653  2082  3901 I WifiService: getConnectionInfo uid=10073
05-09 23:34:00.653  2082  5074 I WifiService: getConnectionInfo uid=10073
05-09 23:34:00.685  5889  6459 I chatty  : uid=10073(com.tencent.mobileqq) expire 6 lines
05-09 23:34:00.745  6375  6402 I chatty  : uid=10073 com.tencent.mobileqq:tool expire 7 lines
05-09 23:34:00.753  5889  6211 I chatty  : uid=10073(com.tencent.mobileqq) expire 11 lines
05-09 23:34:00.772  5889  5894 I chatty  : uid=10073(com.tencent.mobileqq) expire 1 line
05-09 23:34:00.827  5889  6663 I chatty  : uid=10073(com.tencent.mobileqq) expire 1 line
05-09 23:34:00.915  5889  6664 I chatty  : uid=10073(com.tencent.mobileqq) expire 1 line
05-09 23:34:00.922  5889  6662 I chatty  : uid=10073(com.tencent.mobileqq) expire 1 line
05-09 23:34:01.036  2719  2719 D ViewRootImpl[StatusBar]: updatePointerIcon called with position out of bounds
05-09 23:34:01.039  5889  5889 I chatty  : uid=10073(com.tencent.mobileqq) expire 30 lines
05-09 23:34:01.109  5889  6647 I chatty  : uid=10073(com.tencent.mobileqq) expire 6 lines
05-09 23:34:01.118  6021  6107 I chatty  : uid=10073(com.tencent.mobileqq) MsfCoreMsgSende expire 24 lines
05-09 23:34:01.126  5889  5908 I chatty  : uid=10073(com.tencent.mobileqq) expire 6 lines
05-09 23:34:01.142  2082  5074 I ActivityManager: START u0 {flg=0x4040000 cmp=com.tencent.mobileqq/com.tencent.biz.pubaccount.serviceAccountFolder.ServiceAccountFolderActivity (has extras)} from uid 10073
05-09 23:34:01.144  2719  2719 I StatusBar: taskId 9 keep true cmpComponentInfo{com.tencent.mobileqq/com.tencent.mobileqq.activity.SplashActivity}
05-09 23:34:01.145  1960  4349 I audio_hw_primary: choose pcmC0D0p for 0
05-09 23:34:01.146  2082  2096 E memtrack: Couldn't load memtrack module
05-09 23:34:01.146  2082  2096 W android.os.Debug: failed to get memory consumption info: -1
05-09 23:34:01.148  5889  6242 I chatty  : uid=10073(com.tencent.mobileqq) expire 1 line
05-09 23:34:01.148  5889  5889 E SchedPolicy: set_timerslack_ns write failed: Operation not permitted
05-09 23:34:01.150  5889  5889 I chatty  : uid=10073(com.tencent.mobileqq) identical 100 lines
05-09 23:34:01.150  5889  5889 E SchedPolicy: set_timerslack_ns write failed: Operation not permitted
05-09 23:34:01.210  5889  5894 I chatty  : uid=10073(com.tencent.mobileqq) expire 2 lines
05-09 23:34:01.213  2082  2104 I ActivityManager: Displayed com.tencent.mobileqq/com.tencent.biz.pubaccount.serviceAccountFolder.ServiceAccountFolderActivity: +65ms
05-09 23:34:01.372  5889  6647 W PackageParser: Ignoring duplicate uses-permissions/uses-permissions-sdk-m: com.android.launcher2.permission.READ_SETTINGS in package: com.tencent.mobileqq at: Binary XML file line #76
05-09 23:34:01.372  5889  6647 W PackageParser: Ignoring duplicate uses-permissions/uses-permissions-sdk-m: android.permission.WRITE_CONTACTS in package: com.tencent.mobileqq at: Binary XML file line #107
05-09 23:34:01.378  5889  6647 W PackageParser: No actions in intent filter at /data/app/com.tencent.mobileqq-cLftzg5GBrY7FeCuIH7KoQ==/base.apk Binary XML file line #1850
05-09 23:34:01.387  5889  6647 W PackageParser: Ignoring duplicate uses-permissions/uses-permissions-sdk-m: com.tencent.msf.permission.account.sync in package: com.tencent.mobileqq at: Binary XML file line #7535
05-09 23:34:01.387  5889  6647 W PackageParser: Ignoring duplicate uses-permissions/uses-permissions-sdk-m: android.permission.CHANGE_WIFI_STATE in package: com.tencent.mobileqq at: Binary XML file line #7542
05-09 23:34:01.387  5889  6647 W PackageParser: Ignoring duplicate uses-permissions/uses-permissions-sdk-m: android.permission.INTERNET in package: com.tencent.mobileqq at: Binary XML file line #7543
05-09 23:34:01.387  5889  6647 W PackageParser: Ignoring duplicate uses-permissions/uses-permissions-sdk-m: android.permission.ACCESS_WIFI_STATE in package: com.tencent.mobileqq at: Binary XML file line #7544
05-09 23:34:01.387  5889  6647 W PackageParser: Ignoring duplicate uses-permissions/uses-permissions-sdk-m: android.permission.ACCESS_NETWORK_STATE in package: com.tencent.mobileqq at: Binary XML file line #7545
05-09 23:34:01.387  5889  6647 W PackageParser: Ignoring duplicate uses-permissions/uses-permissions-sdk-m: android.permission.CAMERA in package: com.tencent.mobileqq at: Binary XML file line #7549
05-09 23:34:01.387  5889  6647 W PackageParser: Ignoring duplicate uses-permissions/uses-permissions-sdk-m: android.permission.READ_PHONE_STATE in package: com.tencent.mobileqq at: Binary XML file line #7550
05-09 23:34:01.387  5889  6647 W PackageParser: Ignoring duplicate uses-permissions/uses-permissions-sdk-m: android.permission.WAKE_LOCK in package: com.tencent.mobileqq at: Binary XML file line #7551
05-09 23:34:01.387  5889  6647 W PackageParser: Ignoring duplicate uses-permissions/uses-permissions-sdk-m: com.android.launcher.permission.INSTALL_SHORTCUT in package: com.tencent.mobileqq at: Binary XML file line #7552
05-09 23:34:01.387  5889  6647 W PackageParser: Ignoring duplicate uses-permissions/uses-permissions-sdk-m: android.permission.RECEIVE_BOOT_COMPLETED in package: com.tencent.mobileqq at: Binary XML file line #7553
05-09 23:34:01.387  5889  6647 W PackageParser: Ignoring duplicate uses-permissions/uses-permissions-sdk-m: com.tencent.msf.permission.account.sync in package: com.tencent.mobileqq at: Binary XML file line #7555
05-09 23:34:01.476  5889  5889 W ViewRootImpl[SplashActivity]: Cancelling event due to no window focus: MotionEvent { action=ACTION_CANCEL, actionButton=0, id[0]=0, x[0]=239.25818, y[0]=370.93335, toolType[0]=TOOL_TYPE_MOUSE, buttonState=0, metaState=0, flags=0x0, edgeFlags=0x0, pointerCount=1, historySize=0, eventTime=329453, downTime=329013, deviceId=8, source=0x2002 }
05-09 23:34:01.476  5889  5889 I chatty  : uid=10073(com.tencent.mobileqq) identical 2 lines
05-09 23:34:01.476  5889  5889 W ViewRootImpl[SplashActivity]: Cancelling event due to no window focus: MotionEvent { action=ACTION_CANCEL, actionButton=0, id[0]=0, x[0]=239.25818, y[0]=370.93335, toolType[0]=TOOL_TYPE_MOUSE, buttonState=0, metaState=0, flags=0x0, edgeFlags=0x0, pointerCount=1, historySize=0, eventTime=329453, downTime=329013, deviceId=8, source=0x2002 }
05-09 23:34:01.650  6021  6133 I chatty  : uid=10073(com.tencent.mobileqq) MsfCoreSocketRe expire 16 lines
05-09 23:34:01.653  6021  6114 I chatty  : uid=10073(com.tencent.mobileqq) MsfServiceAppMs expire 16 lines
05-09 23:34:01.669  2082  3901 I WifiService: getConnectionInfo uid=10073
05-09 23:34:01.671  2082  3901 I WifiService: getConnectionInfo uid=10073
05-09 23:34:01.673  2082  5074 I WifiService: getConnectionInfo uid=10073
05-09 23:34:01.673  5889  6261 I chatty  : uid=10073(com.tencent.mobileqq) expire 7 lines
05-09 23:34:01.681  5889  6145 I chatty  : uid=10073(com.tencent.mobileqq) expire 7 lines
05-09 23:34:01.754  2082  3901 I WifiService: getConnectionInfo uid=10073
05-09 23:34:01.755  2719  2719 D ViewRootImpl[StatusBar]: updatePointerIcon called with position out of bounds
05-09 23:34:01.773  5889  6664 I chatty  : uid=10073(com.tencent.mobileqq) expire 2 lines
05-09 23:34:01.787  2082  3901 I WifiService: getConnectionInfo uid=10073
05-09 23:34:01.795  2082  3901 I WifiService: getConnectionInfo uid=10073
05-09 23:34:01.814  5889  6663 I chatty  : uid=10073(com.tencent.mobileqq) expire 1 line
05-09 23:34:01.841  5889  6262 I chatty  : uid=10073(com.tencent.mobileqq) expire 19 lines
05-09 23:34:01.857  2082  5074 I ActivityManager: START u0 {flg=0x40000 cmp=com.tencent.mobileqq/.activity.ChatActivity (has extras)} from uid 10073
05-09 23:34:01.860  2719  2719 I StatusBar: taskId 9 keep true cmpComponentInfo{com.tencent.mobileqq/com.tencent.mobileqq.activity.SplashActivity}
05-09 23:34:01.868  5889  6210 I chatty  : uid=10073(com.tencent.mobileqq) expire 4 lines
05-09 23:34:01.869  5889  6211 I chatty  : uid=10073(com.tencent.mobileqq) expire 1 line
05-09 23:34:01.880  5889  6662 I chatty  : uid=10073(com.tencent.mobileqq) expire 1 line
05-09 23:34:01.904  6730  6730 I main    : type=1400 audit(0.0:816): avc: denied { mounton } for path="/storage" dev="tmpfs" ino=6905 scontext=u:r:zygote:s0 tcontext=u:object_r:tmpfs:s0 tclass=dir permissive=1
05-09 23:34:01.904  6730  6730 I main    : type=1400 audit(0.0:817): avc: denied { dac_read_search } for capability=2 scontext=u:r:zygote:s0 tcontext=u:r:zygote:s0 tclass=capability permissive=1
05-09 23:34:01.906  6730  6730 I chatty  : uid=10073 com.tencent.mobileqq:qzone identical 17 lines
05-09 23:34:01.913  2082  3901 I ActivityManager: Start proc 6730:com.tencent.mobileqq:qzone/u0a73 for service com.tencent.mobileqq/cooperation.qzone.QzonePluginProxyService
05-09 23:34:01.933  5889  6279 I chatty  : uid=10073(com.tencent.mobileqq) expire 2 lines
05-09 23:34:01.937  6730  6748 I chatty  : uid=10073 com.tencent.mobileqq:qzone expire 20 lines
05-09 23:34:01.956  5889  5889 W ViewRootImpl[ServiceAccountFolderActivity]: Dropping event due to no window focus: MotionEvent { action=ACTION_HOVER_MOVE, actionButton=0, id[0]=0, x[0]=117.34967, y[0]=178.12173, toolType[0]=TOOL_TYPE_MOUSE, buttonState=0, metaState=0, flags=0x0, edgeFlags=0x0, pointerCount=1, historySize=5, eventTime=329909, downTime=329733, deviceId=8, source=0x2002 }
05-09 23:34:01.965  6730  6757 I chatty  : uid=10073 com.tencent.mobileqq:qzone expire 25 lines
05-09 23:34:01.972  6021  6021 I chatty  : uid=10073 com.tencent.mobileqq:MSF expire 2 lines
05-09 23:34:01.973  2082  3901 I WifiService: getConnectionInfo uid=10073
05-09 23:34:02.026  5889  6213 I chatty  : uid=10073(com.tencent.mobileqq) expire 20 lines
05-09 23:34:02.037  6730  6757 I chatty  : uid=10073 com.tencent.mobileqq:qzone expire 6 lines
05-09 23:34:02.037  5889  6063 I chatty  : uid=10073(com.tencent.mobileqq) expire 1 line
05-09 23:34:02.039  6730  6730 I chatty  : uid=10073 com.tencent.mobileqq:qzone expire 5 lines
05-09 23:34:02.070  5889  5889 I chatty  : uid=10073(com.tencent.mobileqq) expire 5 lines
05-09 23:34:02.074  5889  6229 I chatty  : uid=10073(com.tencent.mobileqq) expire 1 line
05-09 23:34:02.080  5889  6242 I chatty  : uid=10073(com.tencent.mobileqq) expire 2 lines
05-09 23:34:02.082  6021  6107 I chatty  : uid=10073(com.tencent.mobileqq) MsfCoreMsgSende expire 2 lines
05-09 23:34:02.100  6021  6168 I chatty  : uid=10073(com.tencent.mobileqq) Binder:6021_5 expire 4 lines
05-09 23:34:02.106  6021  6114 I chatty  : uid=10073(com.tencent.mobileqq) MsfServiceAppMs expire 20 lines
05-09 23:34:02.108  2082  5074 I WifiService: getConnectionInfo uid=10073
05-09 23:34:02.109  6730  6789 I chatty  : uid=10073 com.tencent.mobileqq:qzone expire 2 lines
05-09 23:34:02.109  2082  5074 I WifiService: getConnectionInfo uid=10073
05-09 23:34:02.112  2082  5074 I WifiService: getConnectionInfo uid=10073
05-09 23:34:02.112  5889  5889 W ViewRootImpl[ServiceAccountFolderActivity]: Dropping event due to no window focus: MotionEvent { action=ACTION_HOVER_MOVE, actionButton=0, id[0]=0, x[0]=37.438538, y[0]=129.17334, toolType[0]=TOOL_TYPE_MOUSE, buttonState=0, metaState=0, flags=0x0, edgeFlags=0x0, pointerCount=1, historySize=5, eventTime=329957, downTime=329733, deviceId=8, source=0x2002 }
05-09 23:34:02.113  5889  5889 W ViewRootImpl[ServiceAccountFolderActivity]: Cancelling event due to no window focus: MotionEvent { action=ACTION_CANCEL, actionButton=0, id[0]=0, x[0]=30.335327, y[0]=126.33206, toolType[0]=TOOL_TYPE_MOUSE, buttonState=0, metaState=0, flags=0x0, edgeFlags=0x0, pointerCount=1, historySize=0, eventTime=329965, downTime=329733, deviceId=8, source=0x2002 }
05-09 23:34:02.113  5889  5889 I chatty  : uid=10073(com.tencent.mobileqq) identical 2 lines
05-09 23:34:02.113  5889  5889 W ViewRootImpl[ServiceAccountFolderActivity]: Cancelling event due to no window focus: MotionEvent { action=ACTION_CANCEL, actionButton=0, id[0]=0, x[0]=30.335327, y[0]=126.33206, toolType[0]=TOOL_TYPE_MOUSE, buttonState=0, metaState=0, flags=0x0, edgeFlags=0x0, pointerCount=1, historySize=0, eventTime=329965, downTime=329733, deviceId=8, source=0x2002 }
05-09 23:34:02.113  6730  6790 I chatty  : uid=10073 com.tencent.mobileqq:qzone expire 2 lines
05-09 23:34:02.113  2082  5074 I WifiService: getConnectionInfo uid=10073
05-09 23:34:02.123  6021  6133 I chatty  : uid=10073(com.tencent.mobileqq) MsfCoreSocketRe expire 11 lines
05-09 23:34:02.138  2082  2104 I ActivityManager: Displayed com.tencent.mobileqq/.activity.ChatActivity: +276ms
05-09 23:34:02.152  5889  6213 I chatty  : uid=10073(com.tencent.mobileqq) expire 4 lines
05-09 23:34:02.152  6730  6757 I chatty  : uid=10073 com.tencent.mobileqq:qzone expire 4 lines
05-09 23:34:02.153  5889  6145 I chatty  : uid=10073(com.tencent.mobileqq) expire 2 lines
05-09 23:34:02.154  5889  5889 I chatty  : uid=10073(com.tencent.mobileqq) expire 2 lines
05-09 23:34:02.154  5889  6145 I chatty  : uid=10073(com.tencent.mobileqq) expire 1 line
05-09 23:34:02.155  5889  6213 I chatty  : uid=10073(com.tencent.mobileqq) expire 1 line
05-09 23:34:02.155  5889  6646 I chatty  : uid=10073(com.tencent.mobileqq) expire 4 lines
05-09 23:34:02.166  6730  6757 I chatty  : uid=10073 com.tencent.mobileqq:qzone expire 1 line
05-09 23:34:02.166  6021  6107 I chatty  : uid=10073(com.tencent.mobileqq) MsfCoreMsgSende expire 2 lines
05-09 23:34:02.168  5889  5908 I chatty  : uid=10073(com.tencent.mobileqq) expire 1 line
