05-09 23:29:27.123  2082  2094 I ActivityManager: Start proc 3048:com.android.cellbroadcastreceiver/u0a7 for broadcast com.android.cellbroadcastreceiver/.PrivilegedCellBroadcastReceiver
05-09 23:29:27.132  2082  2082 W ContextImpl: Calling a method in the system process without a qualified user: android.app.ContextImpl.startService:1476 com.android.server.content.SyncManager$13.run:722 android.os.Handler.handleCallback:790 android.os.Handler.dispatchMessage:99 android.os.Looper.loop:164 
05-09 23:29:27.137  2082  2082 D BluetoothManagerService: BluetoothServiceConnection: com.android.bluetooth.btservice.AdapterService
05-09 23:29:27.137  2082  2103 D BluetoothManagerService: MESSAGE_BLUETOOTH_SERVICE_CONNECTED: 1
05-09 23:29:27.137  2082  2103 D BluetoothManagerService: MESSAGE_GET_NAME_AND_ADDRESS
05-09 23:29:27.139  2082  2103 D BluetoothManagerService: unbindAndFinish(): android.bluetooth.IBluetooth$Stub$Proxy@789c4af mBinding = false mUnbinding = false
05-09 23:29:27.165  2082  2082 I WiredAccessoryManager: notifyWiredAccessoryChanged: when=0 bits= mask=154
05-09 23:29:27.165  2082  2082 V WiredAccessoryManager: newName=h2w newState=0 headsetState=0 prev headsetState=0
05-09 23:29:27.165  2082  2082 V WiredAccessoryManager: init()
05-09 23:29:27.182  2082  2713 I ActivityManager: Start proc 3072:com.android.deskclock/u0a53 for broadcast com.android.deskclock/.AlarmInitReceiver
05-09 23:29:27.194  2082  2915 I ActivityManager: Process com.android.bluetooth (pid 2679) has died: fore SVC 
05-09 23:29:27.197  2082  2082 D ConditionProviders.SCP: onSubscribe condition://android/schedule?days=1.2.3.4.5&start=22.0&end=7.0&exitAtAlarm=false
05-09 23:29:27.198  2082  2082 D ConditionProviders.SCP: setRegistered true
05-09 23:29:27.198  2082  2082 D ConditionProviders.SCP: notifyCondition condition://android/schedule?days=1.2.3.4.5&start=22.0&end=7.0&exitAtAlarm=false STATE_FALSE reason=!meetsSchedule
05-09 23:29:27.203  2082  2082 D ConditionProviders.SCP: Scheduling evaluate for Thu May 09 22:00:00 GMT+00:00 2019 (1557439200000), in +6h30m32s802ms, now=Thu May 09 15:29:27 GMT+00:00 2019 (1557415767198)
05-09 23:29:27.203  2082  2082 D ConditionProviders.SCP: onSubscribe condition://android/schedule?days=6.7&start=23.30&end=10.0&exitAtAlarm=false
05-09 23:29:27.203  2082  2082 D ConditionProviders.SCP: notifyCondition condition://android/schedule?days=6.7&start=23.30&end=10.0&exitAtAlarm=false STATE_FALSE reason=!meetsSchedule
05-09 23:29:27.203  2082  2082 D ConditionProviders.SCP: notifyCondition condition://android/schedule?days=1.2.3.4.5&start=22.0&end=7.0&exitAtAlarm=false STATE_FALSE reason=!meetsSchedule
05-09 23:29:27.203  2082  2082 D ConditionProviders.SCP: Scheduling evaluate for Thu May 09 22:00:00 GMT+00:00 2019 (1557439200000), in +6h30m32s797ms, now=Thu May 09 15:29:27 GMT+00:00 2019 (1557415767203)
05-09 23:29:27.206  2082  2096 I SyncManager: Got SyncJobService instance.
05-09 23:29:27.209  2082  2661 E ActivityThread: Failed to find provider info for com.android.calendar
05-09 23:29:27.210  2082  2661 E ActivityThread: Failed to find provider info for com.android.calendar
05-09 23:29:27.218  2082  2082 D AutofillManagerService: Autofill restriction did not change for user 0: null
05-09 23:29:27.219  2082  2082 D ZenLog  : config: conditionChanged,ZenModeConfig[user=0,allowCalls=true,allowRepeatCallers=false,allowMessages=false,allowCallsFrom=contacts,allowMessagesFrom=contacts,allowReminders=true,allowEvents=true,allowWhenScreenOff=true,allowWhenScreenOn=true,automaticRules={EVENTS_DEFAULT_RULE=ZenRule[enabled=false,snoozing=false,name=Event,zenMode=ZEN_MODE_ALARMS,conditionId=condition://android/event?userId=-10000&calendar=&reply=1,condition=null,component=ComponentInfo{android/com.android.server.notification.EventConditionProvider},id=EVENTS_DEFAULT_RULE,creationTime=1557415736481,enabler=null], SCHEDULED_DEFAULT_RULE_1=ZenRule[enabled=false,snoozing=false,name=Weeknight,zenMode=ZEN_MODE_ALARMS,conditionId=condition://android/schedule?days=1.2.3.4.5&start=22.0&end=7.0&exitAtAlarm=false,condition=Condition[id=condition://android/schedule?days=1.2.3.4.5&start=22.0&end=7.0&exitAtAlarm=false,summary=...,line1=...,line2=...,icon=0,state=STATE_FALSE,flags=2],component=ComponentInfo{android/com.android.server.notification.ScheduleConditionProvider},id=SCHEDULED_DEFAULT_RULE_1,creationTime=1557415736481,enabler=null], SCHEDULED_DEFAULT_RULE_2=ZenRule[enabled=false,snoozing=false,name=Weekend,zenMode=ZEN_MODE_ALARMS,conditionId=condition://android/schedule?days=6.7&start=23.30&end=10.0&exitAtAlarm=false,condition=null,component=ComponentInfo{android/com.android.server.notification.ScheduleConditionProvider},id=SCHEDULED_DEFAULT_RULE_2,creationTime=1557415736481,enabler=null]},manualRule=null],Diff[automaticRule[SCHEDULED_DEFAULT_RULE_1].condition:null->Condition[id=condition://android/schedule?days=1.2.3.4.5&start=22.0&end=7.0&exitAtAlarm=false,summary=...,line1=...,line2=...,icon=0,state=STATE_FALSE,flags=2]]
05-09 23:29:27.220  2082  2082 D ZenLog  : config: conditionChanged,ZenModeConfig[user=0,allowCalls=true,allowRepeatCallers=false,allowMessages=false,allowCallsFrom=contacts,allowMessagesFrom=contacts,allowReminders=true,allowEvents=true,allowWhenScreenOff=true,allowWhenScreenOn=true,automaticRules={EVENTS_DEFAULT_RULE=ZenRule[enabled=false,snoozing=false,name=Event,zenMode=ZEN_MODE_ALARMS,conditionId=condition://android/event?userId=-10000&calendar=&reply=1,condition=null,component=ComponentInfo{android/com.android.server.notification.EventConditionProvider},id=EVENTS_DEFAULT_RULE,creationTime=1557415736481,enabler=null], SCHEDULED_DEFAULT_RULE_1=ZenRule[enabled=false,snoozing=false,name=Weeknight,zenMode=ZEN_MODE_ALARMS,conditionId=condition://android/schedule?days=1.2.3.4.5&start=22.0&end=7.0&exitAtAlarm=false,condition=Condition[id=condition://android/schedule?days=1.2.3.4.5&start=22.0&end=7.0&exitAtAlarm=false,summary=...,line1=...,line2=...,icon=0,state=STATE_FALSE,flags=2],component=ComponentInfo{android/com.android.server.notification.ScheduleConditionProvider},id=SCHEDULED_DEFAULT_RULE_1,creationTime=1557415736481,enabler=null], SCHEDULED_DEFAULT_RULE_2=ZenRule[enabled=false,snoozing=false,name=Weekend,zenMode=ZEN_MODE_ALARMS,conditionId=condition://android/schedule?days=6.7&start=23.30&end=10.0&exitAtAlarm=false,condition=Condition[id=condition://android/schedule?days=6.7&start=23.30&end=10.0&exitAtAlarm=false,summary=...,line1=...,line2=...,icon=0,state=STATE_FALSE,flags=2],component=ComponentInfo{android/com.android.server.notification.ScheduleConditionProvider},id=SCHEDULED_DEFAULT_RULE_2,creationTime=1557415736481,enabler=null]},manualRule=null],Diff[automaticRule[SCHEDULED_DEFAULT_RULE_2].condition:null->Condition[id=condition://android/schedule?days=6.7&start=23.30&end=10.0&exitAtAlarm=false,summary=...,line1=...,line2=...,icon=0,state=STATE_FALSE,flags=2]]
05-09 23:29:27.220  2082  2082 D ZenLog  : config: conditionChanged,ZenModeConfig[user=0,allowCalls=true,allowRepeatCallers=false,allowMessages=false,allowCallsFrom=contacts,allowMessagesFrom=contacts,allowReminders=true,allowEvents=true,allowWhenScreenOff=true,allowWhenScreenOn=true,automaticRules={EVENTS_DEFAULT_RULE=ZenRule[enabled=false,snoozing=false,name=Event,zenMode=ZEN_MODE_ALARMS,conditionId=condition://android/event?userId=-10000&calendar=&reply=1,condition=Condition[id=condition://android/event?userId=-10000&calendar=&reply=1,summary=...,line1=...,line2=...,icon=0,state=STATE_FALSE,flags=2],component=ComponentInfo{android/com.android.server.notification.EventConditionProvider},id=EVENTS_DEFAULT_RULE,creationTime=1557415736481,enabler=null], SCHEDULED_DEFAULT_RULE_1=ZenRule[enabled=false,snoozing=false,name=Weeknight,zenMode=ZEN_MODE_ALARMS,conditionId=condition://android/schedule?days=1.2.3.4.5&start=22.0&end=7.0&exitAtAlarm=false,condition=Condition[id=condition://android/schedule?days=1.2.3.4.5&start=22.0&end=7.0&exitAtAlarm=false,summary=...,line1=...,line2=...,icon=0,state=STATE_FALSE,flags=2],component=ComponentInfo{android/com.android.server.notification.ScheduleConditionProvider},id=SCHEDULED_DEFAULT_RULE_1,creationTime=1557415736481,enabler=null], SCHEDULED_DEFAULT_RULE_2=ZenRule[enabled=false,snoozing=false,name=Weekend,zenMode=ZEN_MODE_ALARMS,conditionId=condition://android/schedule?days=6.7&start=23.30&end=10.0&exitAtAlarm=false,condition=Condition[id=condition://android/schedule?days=6.7&start=23.30&end=10.0&exitAtAlarm=false,summary=...,line1=...,line2=...,icon=0,state=STATE_FALSE,flags=2],component=ComponentInfo{android/com.android.server.notification.ScheduleConditionProvider},id=SCHEDULED_DEFAULT_RULE_2,creationTime=1557415736481,enabler=null]},manualRule=null],Diff[automaticRule[EVENTS_DEFAULT_RULE].condition:null->Condition[id=condition://android/event?userId=-10000&calendar=&reply=1,summary=...,line1=...,line2=...,icon=0,state=STATE_FALSE,flags=2]]
05-09 23:29:27.221  2082  2082 D ZenLog  : set_zen_mode: off,conditionChanged
05-09 23:29:27.222  2082  2082 I chatty  : uid=1000 system_server identical 1 line
05-09 23:29:27.235  2082  2082 D ZenLog  : set_zen_mode: off,conditionChanged
05-09 23:29:27.326  2082  2915 I ActivityManager: Process com.android.inputmethod.latin (pid 2698) has died: fore IMPB
05-09 23:29:27.326  2082  2915 W ActivityManager: Scheduling restart of crashed service com.android.inputmethod.latin/.LatinIME in 1000ms
05-09 23:29:27.655  2082  3105 I ActivityManager: user 0 is still locked. Cannot load recents
05-09 23:29:27.661  2082  2941 I ActivityManager: user 0 is still locked. Cannot load recents
05-09 23:29:27.777  2082  2655 D ConnectivityService: Got NetworkFactory Messenger for PhoneSwitcherNetworkRequstListener
05-09 23:29:27.782  2082  2655 D ConnectivityService: Got NetworkFactory Messenger for TelephonyNetworkFactory[0]
05-09 23:29:27.788  2974  3123 E ActivityThread: Failed to find provider info for com.android.contacts
05-09 23:29:27.795  2082  3105 D BluetoothManagerService: Trying to bind to profile: 1, while Bluetooth was disabled
05-09 23:29:27.802  2974  2974 I TelecomFramework: TtyManager: updateUiTtyMode -1 -> 0
05-09 23:29:27.824  2974  2974 I TelecomFramework: AccountEntry: Registered phoneAccount: [[ ] PhoneAccount: ComponentInfo{com.android.phone/com.android.services.telephony.TelephonyConnectionService}, [e0184adedf913b076626646d3f52c3b49c39ad6d], UserHandle{0} Capabilities: CallProvider MultiUser PlaceEmerg SimSub  Audio Routes: BESW Schemes: tel voicemail  Extras: Bundle[{android.telecom.extra.SUPPORTS_VIDEO_CALLING_FALLBACK=false}] GroupId: [da39a3ee5e6b4b0d3255bfef95601890afd80709]] with handle: ComponentInfo{com.android.phone/com.android.services.telephony.TelephonyConnectionService}, [e0184adedf913b076626646d3f52c3b49c39ad6d], UserHandle{0}
05-09 23:29:27.825  2974  2974 I TelecomFramework: PstnIncomingCallNotifier: Registering: Handler (com.android.internal.telephony.GsmCdmaPhone) {84878c3}
05-09 23:29:27.827  2974  2974 I TelecomFramework: PstnPhoneCapabilitiesNotifier: handleVideoCapabilitesChanged. Video capability - false
05-09 23:29:27.891  2082  2104 I WindowManager: ******* TELLING SURFACE FLINGER WE ARE BOOTED!
05-09 23:29:27.894  2082  2104 W ActivityManager: Unable to mark boot complete for abi: x86_64 (android.os.ServiceSpecificException: Failed to unlink /data//dalvik-cache/x86_64/.booting (code 2))
05-09 23:29:27.894  2082  2104 W ActivityManager: Unable to mark boot complete for abi: x86 (android.os.ServiceSpecificException: Failed to unlink /data//dalvik-cache/x86/.booting (code 2))
05-09 23:29:27.895  2082  2104 W ActivityManager: Unable to mark boot complete for abi: armeabi-v7a (android.os.ServiceSpecificException: Failed to unlink /data//dalvik-cache/arm/.booting (code 2))
05-09 23:29:27.895  2082  2104 I SystemServiceManager: Starting phase 1000
05-09 23:29:27.916  2082  2104 I ActivityManager: Start proc 3127:com.google.android.ext.services/u0a15 for on-hold
05-09 23:29:27.917  2082  2104 D ActivityManager: Finishing user boot 0
05-09 23:29:27.917  2082  2104 I ActivityManager: User 0 state changed from BOOTING to RUNNING_LOCKED
05-09 23:29:27.918  2082  2104 D StorageManagerService: Setting property: sys.user.0.ce_available=true
05-09 23:29:27.918  2082  2104 I ActivityManager: User 0 state changed from RUNNING_LOCKED to RUNNING_UNLOCKING
05-09 23:29:27.919  2082  2104 D CryptdConnector: SND -> {4 cryptfs prepare_user_storage ! 0 0 2}
05-09 23:29:27.919  1949  1953 D vold    : e4crypt_prepare_user_storage for volume null, user 0, serial 0, flags 2
05-09 23:29:27.919  1949  1953 D vold    : Preparing: /data/system_ce/0
05-09 23:29:27.920  1949  1953 D vold    : Preparing: /data/misc_ce/0
05-09 23:29:27.920  1949  1953 D vold    : Preparing: /data/media/0
05-09 23:29:27.920  1949  1953 D vold    : Preparing: /data/data
05-09 23:29:27.920  2082  2146 D CryptdConnector: RCV <- {200 4 Command succeeded}
05-09 23:29:27.920  2082  2104 V UserDataPreparer: Found /data/user/0 with serial number 0
05-09 23:29:27.921  2082  2104 V UserDataPreparer: Found /data/system_ce/0 with serial number -1
05-09 23:29:27.921  2082  2104 D UserDataPreparer: Serial number missing on /data/system_ce/0; assuming current is valid
05-09 23:29:27.921  2082  2104 V PackageManager: reconcileAppsData for null u0 0x2 migrateAppData=true
05-09 23:29:28.009  2082  2104 V PackageManager: reconcileAppsData finished 94 packages
05-09 23:29:28.009  2082  2097 I SystemServiceManager: Calling onUnlockUser u0
05-09 23:29:28.010  2082  2097 D BluetoothManagerService: User 0 unlocked
05-09 23:29:28.010  2082  2097 D StorageManagerService: onUnlockUser 0
05-09 23:29:28.010  2082  2097 D VoldConnector: SND -> {32 volume user_started 0}
05-09 23:29:28.010  2082  2103 D BluetoothManagerService: MESSAGE_USER_UNLOCKED
05-09 23:29:28.010  2082  2655 D ConnectivityService: Got NetworkFactory Messenger for WIFI
05-09 23:29:28.010  2082  2655 D ConnectivityService: Got NetworkFactory Messenger for WIFI_UT
05-09 23:29:28.010  1949  1952 D vold    : Linking /storage/emulated/0 to /mnt/user/0/primary
05-09 23:29:28.010  2082  2145 D VoldConnector: RCV <- {200 32 Command succeeded}
05-09 23:29:28.011  2082  2144 D StorageManagerService: Volume emulated broadcasting mounted to UserHandle{0}
05-09 23:29:28.012  2082  2097 I BackupManagerService: Instantiating BackupManagerService
05-09 23:29:28.016  2082  2097 V BackupManagerService: No ancestral data
05-09 23:29:28.020  2082  2097 V BackupManagerService: Starting with transport com.google.android.gms/.backup.BackupTransportService
05-09 23:29:28.020  2082  2097 D BackupTransportManager: Binding to transport: android/com.android.internal.backup.LocalTransportService
05-09 23:29:28.020  2082  2097 W BackupTransportManager: BackupTransport com.google.android.gms/.backup.BackupTransportService not whitelisted.
05-09 23:29:28.021  2082  2097 I BackupManagerService: Backup enable apparently not migrated
05-09 23:29:28.021  2082  2097 I BackupManagerService: Migrating enable state false
05-09 23:29:28.021  2082  2097 I BackupManagerService: Backup enabled => false
05-09 23:29:28.034  2082  2102 W AppWidgetServiceImpl: Failed to read state: java.io.FileNotFoundException: /data/system/users/0/appwidgets.xml (No such file or directory)
05-09 23:29:28.034  2082  2102 V AppWidgetServiceImpl: Upgrading widget database from 0 to 1
05-09 23:29:28.034  2082  2102 I AppWidgetServiceImpl: Async processing of onUserUnlocked u0 took 5 ms
05-09 23:29:28.039  2082  2915 I ActivityManager: Start proc 3161:com.google.android.youtube/u0a72 for broadcast com.google.android.youtube/com.google.android.libraries.youtube.mdx.background.MdxBackgroundScanBootReceiver
05-09 23:29:28.052  2082  2097 I ActivityManager: Start proc 3175:com.google.android.googlequicksearchbox:interactor/u0a36 for service com.google.android.googlequicksearchbox/com.google.android.voiceinteraction.GsaVoiceInteractionService
05-09 23:29:28.053  2082  2097 D AutofillManagerServiceImpl: Reset component for user 0
05-09 23:29:28.053  2082  2097 D AutofillManagerServiceImpl: Reset component for user 0
05-09 23:29:28.053  2082  2098 D AutofillUI: destroySaveUiUiThread(): already destroyed
05-09 23:29:28.057  2082  2097 I ActivityManager: Loading recents for user 0 into memory.
05-09 23:29:28.068  2082  3158 V KeyValueBackupJob: Scheduling k/v pass in 249 minutes
05-09 23:29:28.084  2082  2097 I ActivityManager: Start proc 3193:org.android_x86.analytics/u0a1 for added application org.android_x86.analytics
05-09 23:29:28.088  2082  2082 D BackupTransportManager: Bound to transport: android/com.android.internal.backup.LocalTransportService
05-09 23:29:28.096  2082  2096 I ActivityManager: Start proc 3202:com.android.printspooler/u0a68 for service com.android.printspooler/.model.PrintSpoolerService
05-09 23:29:28.099  2082  2097 I ActivityManager: User 0 state changed from RUNNING_UNLOCKING to RUNNING_UNLOCKED
05-09 23:29:28.099  2082  2097 I PreBootBroadcaster: Pre-boot of {com.android.managedprovisioning/com.android.managedprovisioning.ota.PreBootListener} for user 0
05-09 23:29:28.132  2082  2093 I ActivityManager: Start proc 3232:com.google.android.gms.persistent/u0a13 for service com.google.android.gms/.auth.frp.FrpService
05-09 23:29:28.172  2082  2093 I ActivityManager: Start proc 3265:com.google.process.gservices/u0a13 for content provider com.google.android.gsf/.gservices.GservicesProvider
05-09 23:29:28.195  3161  3258 W FileUtils: Failed to chmod(/data/user_de/0/com.google.android.gms/app_extracted_libs): android.system.ErrnoException: chmod failed: EACCES (Permission denied)
05-09 23:29:28.196  3161  3258 I chatty  : uid=10072(com.google.android.youtube) identical 3 lines
05-09 23:29:28.196  3161  3258 W FileUtils: Failed to chmod(/data/user_de/0/com.google.android.gms/app_extracted_libs): android.system.ErrnoException: chmod failed: EACCES (Permission denied)
05-09 23:29:28.214  2082  2096 I ActivityManager: Start proc 3290:com.android.keychain/1000 for service com.android.keychain/.KeyChainService
05-09 23:29:28.234  3161  3258 W FileUtils: Failed to chmod(/data/user_de/0/com.google.android.gms/app_extracted_libs): android.system.ErrnoException: chmod failed: EACCES (Permission denied)
05-09 23:29:28.234  3161  3258 I chatty  : uid=10072(com.google.android.youtube) identical 3 lines
05-09 23:29:28.234  3161  3258 W FileUtils: Failed to chmod(/data/user_de/0/com.google.android.gms/app_extracted_libs): android.system.ErrnoException: chmod failed: EACCES (Permission denied)
05-09 23:29:28.247  2082  2096 I SyncManager: Loaded persisted syncs: 0 periodic syncs, 0 oneshot syncs, 7 total system server jobs, JobStats: FirstLoad: 0/0/0 LastSave: -1/-1/-1
05-09 23:29:28.261  2082  2094 I ActivityManager: Start proc 3317:com.google.android.googlequicksearchbox:search/u0a36 for service com.google.android.googlequicksearchbox/com.google.android.hotword.service.HotwordService
05-09 23:29:28.317  3161  3260 W FileUtils: Failed to chmod(/data/user_de/0/com.google.android.gms/app_chimera): android.system.ErrnoException: chmod failed: EACCES (Permission denied)
05-09 23:29:28.336  2082  2097 I ActivityManager: Start proc 3339:com.android.inputmethod.latin/u0a65 for service com.android.inputmethod.latin/.LatinIME
05-09 23:29:28.348  2082  3105 I ActivityManager: Start proc 3353:com.google.android.gms/u0a13 for service com.google.android.gms/.chimera.container.FileApkIntentOperation$ExternalFileApkService
05-09 23:29:28.409  2082  3105 I ActivityManager: Start proc 3376:android.process.acore/u0a2 for content provider com.android.providers.userdictionary/.UserDictionaryProvider
05-09 23:29:28.506  3317  3330 E ActivityThread: Failed to find provider info for com.google.android.voicesearch
05-09 23:29:28.575  2082  2941 D PackageManager: Ephemeral installer not found with new action; try old one
05-09 23:29:28.575  2082  2941 D PackageManager: Clear ephemeral installer activity
05-09 23:29:28.599  2082  2941 D VoldConnector: SND -> {33 volume mkdirs /storage/emulated/0/Android/data/com.google.android.youtube/files/}
05-09 23:29:28.599  2082  2145 D VoldConnector: RCV <- {200 33 Command succeeded}
05-09 23:29:28.658  2082  3105 D VoldConnector: SND -> {34 volume mkdirs /storage/emulated/0/Android/data/com.google.android.youtube/cache/}
05-09 23:29:28.659  2082  2145 D VoldConnector: RCV <- {200 34 Command succeeded}
05-09 23:29:28.678  2082  2941 I ActivityManager: Start proc 3448:android.process.media/u0a9 for broadcast com.android.providers.downloads/.DownloadReceiver
05-09 23:29:28.685  3175  3175 W KeyphraseEnrollmentInfo: No enrollment application supports the given keyphrase/locale: 'Ok Google'/en_US
05-09 23:29:28.739  2082  2093 D PackageManager: Ephemeral installer not found with new action; try old one
05-09 23:29:28.740  2082  2093 D PackageManager: Clear ephemeral installer activity
05-09 23:29:28.744  2082  2093 D PackageManager: Ephemeral installer not found with new action; try old one
05-09 23:29:28.744  2082  2093 D PackageManager: Clear ephemeral installer activity
05-09 23:29:28.745  2082  2093 D PackageManager: Ephemeral installer not found with new action; try old one
05-09 23:29:28.746  2082  2093 D PackageManager: Clear ephemeral installer activity
05-09 23:29:28.861  2082  2094 I ActivityManager: Start proc 3487:com.google.android.partnersetup/u0a19 for content provider com.google.android.partnersetup/.RlzAppProvider
05-09 23:29:28.959  2082  2104 W WindowManager: App freeze timeout expired.
05-09 23:29:29.165  2082  2093 I ActivityManager: Start proc 3538:com.android.managedprovisioning/u0a21 for broadcast com.android.managedprovisioning/.ota.PreBootListener
05-09 23:29:29.211  2082  3105 I PreBootBroadcaster: Pre-boot of {com.android.providers.calendar/com.android.providers.calendar.CalendarUpgradeReceiver} for user 0
05-09 23:29:29.250  2082  3105 I ActivityManager: Start proc 3558:com.google.process.gapps/u0a13 for content provider com.google.android.gsf/.settings.GoogleSettingsProvider
05-09 23:29:29.367  2082  2941 I ActivityManager: Start proc 3579:com.google.android.webview:webview_service/u0a71 for service com.google.android.webview/org.chromium.android_webview.services.VariationsSeedServer
05-09 23:29:29.541  2082  2941 I ActivityManager: Start proc 3602:com.google.process.gapps/u0a55 for content provider com.google.android.syncadapters.contacts/.ProxyGalProvider
05-09 23:29:29.588  2082  2093 I ActivityManager: Start proc 3630:com.google.android.gm/u0a60 for content provider com.google.android.gm/com.android.exchange.provider.ExchangeDirectoryProvider
05-09 23:29:29.631  3630  3655 D ActivityThread: Loading provider com.google.android.gmail.provider;com.android.mail.notifier;com.google.android.gm.email.provider;com.google.android.gm.tasks.provider;com.google.android.gm.email.notifier: com.android.email.provider.EmailProvider
05-09 23:29:29.719  2082  2093 W ActivityManager: Unable to start service Intent { act=com.google.android.gm.email.EXCHANGE_INTENT pkg=com.google.android.gm.exchange } U=0: not found
05-09 23:29:29.824  2082  2093 I ActivityManager: Start proc 3697:com.android.providers.calendar/u0a4 for broadcast com.android.providers.calendar/.CalendarUpgradeReceiver
05-09 23:29:29.909  2082  3105 D PackageManager: Ephemeral installer not found with new action; try old one
05-09 23:29:29.909  2082  3105 D PackageManager: Clear ephemeral installer activity
05-09 23:29:29.909  2082  3105 D PackageManager: Ephemeral installer not found with new action; try old one
05-09 23:29:29.909  2082  3105 D PackageManager: Clear ephemeral installer activity
05-09 23:29:29.909  2082  3105 D PackageManager: Ephemeral installer not found with new action; try old one
05-09 23:29:29.909  2082  3105 D PackageManager: Clear ephemeral installer activity
05-09 23:29:29.913  2082  3105 D PackageManager: Ephemeral installer not found with new action; try old one
05-09 23:29:29.913  2082  3105 D PackageManager: Clear ephemeral installer activity
05-09 23:29:29.913  2082  3105 D PackageManager: Ephemeral installer not found with new action; try old one
05-09 23:29:29.913  2082  3105 D PackageManager: Clear ephemeral installer activity
05-09 23:29:29.960  2082  2941 I ActivityManager: Start proc 3729:com.android.vending/u0a27 for service com.android.vending/com.google.android.finsky.services.AdIdListener
05-09 23:29:29.973  2082  2713 I PreBootBroadcaster: Pre-boot of {com.android.providers.contacts/com.android.providers.contacts.ContactsUpgradeReceiver} for user 0
05-09 23:29:29.986  2082  2712 D PackageManager: Ephemeral installer not found with new action; try old one
05-09 23:29:29.987  2082  2712 D PackageManager: Clear ephemeral installer activity
05-09 23:29:29.987  2082  2712 W ActivityManager: Unable to start service Intent { cmp=com.google.android.gm/com.android.email.service.AttachmentService } U=0: not found
05-09 23:29:30.001  2082  2713 W ActivityManager: Unable to start service Intent { act=com.google.android.gm.email.EXCHANGE_INTENT pkg=com.google.android.gm.exchange } U=0: not found
05-09 23:29:30.019  2082  2093 I PreBootBroadcaster: Pre-boot of {com.android.providers.media/com.android.providers.media.MediaUpgradeReceiver} for user 0
05-09 23:29:30.035  3448  3448 I MediaUpgradeReceiver: ---> Start upgrade of media database external.db
05-09 23:29:30.048  3448  3448 I MediaUpgradeReceiver: <--- Finished upgrade of media database external.db in 13ms
05-09 23:29:30.048  2082  2094 I PreBootBroadcaster: Pre-boot of {com.android.settings/com.android.settings.SettingsInitialize} for user 0
05-09 23:29:30.058  2082  2094 I ActivityManager: Start proc 3757:com.android.settings/1000 for broadcast com.android.settings/.SettingsInitialize
05-09 23:29:30.080  2082  2712 D PackageManager: Ephemeral installer not found with new action; try old one
05-09 23:29:30.080  2082  2712 D PackageManager: Clear ephemeral installer activity
05-09 23:29:30.080  2082  2712 I PreBootBroadcaster: Pre-boot of {com.google.android.googlequicksearchbox/com.google.android.apps.gsa.googlequicksearchbox.GelStubAppWatcher} for user 0
05-09 23:29:30.083  2082  2713 D PackageManager: Ephemeral installer not found with new action; try old one
05-09 23:29:30.083  2082  2713 D PackageManager: Clear ephemeral installer activity
05-09 23:29:30.084  2082  2713 D PackageManager: Ephemeral installer not found with new action; try old one
05-09 23:29:30.084  2082  2713 D PackageManager: Clear ephemeral installer activity
05-09 23:29:30.085  2082  2713 D PackageManager: Ephemeral installer not found with new action; try old one
05-09 23:29:30.085  2082  2713 D PackageManager: Clear ephemeral installer activity
05-09 23:29:30.086  2082  2713 D PackageManager: Ephemeral installer not found with new action; try old one
05-09 23:29:30.086  2082  2713 D PackageManager: Clear ephemeral installer activity
05-09 23:29:30.086  2082  2712 D PackageManager: Ephemeral installer not found with new action; try old one
05-09 23:29:30.086  2082  2712 D PackageManager: Clear ephemeral installer activity
05-09 23:29:30.087  2082  2093 D PackageManager: Ephemeral installer not found with new action; try old one
05-09 23:29:30.087  2082  2093 D PackageManager: Clear ephemeral installer activity
05-09 23:29:30.087  2082  2093 D PackageManager: Ephemeral installer not found with new action; try old one
05-09 23:29:30.087  2082  2093 D PackageManager: Clear ephemeral installer activity
05-09 23:29:30.088  2082  2712 D PackageManager: Ephemeral installer not found with new action; try old one
05-09 23:29:30.088  2082  2712 D PackageManager: Clear ephemeral installer activity
05-09 23:29:30.088  2082  2093 D PackageManager: Ephemeral installer not found with new action; try old one
05-09 23:29:30.088  2082  2093 D PackageManager: Clear ephemeral installer activity
05-09 23:29:30.088  2082  2712 D PackageManager: Ephemeral installer not found with new action; try old one
05-09 23:29:30.088  2082  2712 D PackageManager: Clear ephemeral installer activity
05-09 23:29:30.089  2082  2713 D PackageManager: Ephemeral installer not found with new action; try old one
05-09 23:29:30.089  2082  2713 D PackageManager: Clear ephemeral installer activity
05-09 23:29:30.090  2082  2712 I PreBootBroadcaster: Pre-boot of {com.google.android.gsf/com.google.android.gsf.loginservice.MigrateToAccountManagerBroadcastReceiver} for user 0
05-09 23:29:30.092  2082  2093 D PackageManager: Ephemeral installer not found with new action; try old one
05-09 23:29:30.092  2082  2093 D PackageManager: Clear ephemeral installer activity
05-09 23:29:30.093  2082  2713 I ActivityManager: Sending BOOT_COMPLETE user #0
05-09 23:29:30.104  2082  3776 I BootReceiver: No existing last log timestamp file /data/system/log-files.xml; starting empty
05-09 23:29:30.109  2082  3776 I BootReceiver: Copying audit failures to DropBox
05-09 23:29:30.109  2082  3776 I BootReceiver: Checking for fsck errors
05-09 23:29:30.112  2082  2082 I ActivityManager: Start proc 3777:com.android.dialer/u0a17 for broadcast com.android.dialer/.app.calllog.CallLogReceiver
05-09 23:29:30.166  2082  2713 I ActivityManager: Start proc 3807:com.android.calendar/u0a44 for broadcast com.android.calendar/.UpgradeReceiver
05-09 23:29:30.189  2082  2093 D PackageManager: Ephemeral installer not found with new action; try old one
05-09 23:29:30.189  2082  2093 D PackageManager: Clear ephemeral installer activity
05-09 23:29:30.195  2082  2093 D PackageManager: Ephemeral installer not found with new action; try old one
05-09 23:29:30.195  2082  2093 D PackageManager: Clear ephemeral installer activity
05-09 23:29:30.197  2082  2093 D PackageManager: Ephemeral installer not found with new action; try old one
05-09 23:29:30.197  2082  2093 D PackageManager: Clear ephemeral installer activity
05-09 23:29:30.198  2082  2712 D PackageManager: Ephemeral installer not found with new action; try old one
05-09 23:29:30.198  2082  2712 D PackageManager: Clear ephemeral installer activity
05-09 23:29:30.198  2082  2712 D PackageManager: Ephemeral installer not found with new action; try old one
05-09 23:29:30.198  2082  2712 D PackageManager: Clear ephemeral installer activity
05-09 23:29:30.198  2082  2712 D PackageManager: Ephemeral installer not found with new action; try old one
05-09 23:29:30.198  2082  2712 D PackageManager: Clear ephemeral installer activity
05-09 23:29:30.199  2082  3712 D PackageManager: Ephemeral installer not found with new action; try old one
05-09 23:29:30.199  2082  3712 D PackageManager: Clear ephemeral installer activity
05-09 23:29:30.199  2082  3712 D PackageManager: Ephemeral installer not found with new action; try old one
05-09 23:29:30.199  2082  3712 D PackageManager: Clear ephemeral installer activity
05-09 23:29:30.199  2082  3712 D PackageManager: Ephemeral installer not found with new action; try old one
05-09 23:29:30.199  2082  3712 D PackageManager: Clear ephemeral installer activity
05-09 23:29:30.199  2082  3712 D PackageManager: Ephemeral installer not found with new action; try old one
05-09 23:29:30.199  2082  3712 D PackageManager: Clear ephemeral installer activity
05-09 23:29:30.199  2082  3712 D PackageManager: Ephemeral installer not found with new action; try old one
05-09 23:29:30.199  2082  3712 D PackageManager: Clear ephemeral installer activity
05-09 23:29:30.199  2082  3712 D PackageManager: Ephemeral installer not found with new action; try old one
05-09 23:29:30.199  2082  3712 D PackageManager: Clear ephemeral installer activity
05-09 23:29:30.200  2082  3712 D PackageManager: Ephemeral installer not found with new action; try old one
05-09 23:29:30.200  2082  3712 D PackageManager: Clear ephemeral installer activity
05-09 23:29:30.200  2082  3712 D PackageManager: Ephemeral installer not found with new action; try old one
05-09 23:29:30.200  2082  3712 D PackageManager: Clear ephemeral installer activity
05-09 23:29:30.200  2082  3712 D PackageManager: Ephemeral installer not found with new action; try old one
05-09 23:29:30.200  2082  3712 D PackageManager: Clear ephemeral installer activity
05-09 23:29:30.201  2082  2712 D PackageManager: Ephemeral installer not found with new action; try old one
05-09 23:29:30.201  2082  2712 D PackageManager: Clear ephemeral installer activity
05-09 23:29:30.202  2082  2712 D PackageManager: Ephemeral installer not found with new action; try old one
05-09 23:29:30.202  2082  2712 D PackageManager: Clear ephemeral installer activity
05-09 23:29:30.231  2082  2712 I ActivityManager: Start proc 3838:com.android.camera2/u0a47 for broadcast com.android.camera2/com.android.camera.DisableCameraReceiver
05-09 23:29:30.255  2082  2712 D PackageManager: Ephemeral installer not found with new action; try old one
05-09 23:29:30.255  2082  2712 D PackageManager: Clear ephemeral installer activity
05-09 23:29:30.256  2082  2712 D PackageManager: Ephemeral installer not found with new action; try old one
05-09 23:29:30.256  2082  2712 D PackageManager: Clear ephemeral installer activity
05-09 23:29:30.276  2082  3712 I ActivityManager: Start proc 3860:com.android.contacts/u0a11 for broadcast com.android.contacts/.interactions.OnBootOrUpgradeReceiver
05-09 23:29:30.282  2082  2941 D PackageManager: Set ephemeral installer activity: ComponentInfo{com.android.vending/com.google.android.finsky.instantapps.EphemeralInstallerActivity}
05-09 23:29:30.283  2082  3105 D PackageManager: Set ephemeral installer activity: ComponentInfo{com.android.vending/com.google.android.finsky.instantapps.EphemeralInstallerActivity}
05-09 23:29:30.283  2082  3105 D PackageManager: Set ephemeral installer activity: ComponentInfo{com.android.vending/com.google.android.finsky.instantapps.EphemeralInstallerActivity}
05-09 23:29:30.283  2082  2915 D PackageManager: Set ephemeral installer activity: ComponentInfo{com.android.vending/com.google.android.finsky.instantapps.EphemeralInstallerActivity}
05-09 23:29:30.297  2082  2915 I ActivityManager: Start proc 3878:com.android.vending:instant_app_installer/u0a27 for service com.android.vending/com.google.android.finsky.instantapps.PhenotypeUpdateService
05-09 23:29:30.297  2082  2093 D PackageManager: Set ephemeral installer activity: ComponentInfo{com.android.vending/com.google.android.finsky.instantapps.EphemeralInstallerActivity}
05-09 23:29:30.301  2082  3105 D PackageManager: Set ephemeral installer activity: ComponentInfo{com.android.vending/com.google.android.finsky.instantapps.EphemeralInstallerActivity}
05-09 23:29:30.840  2082  2941 D PackageManager: Set ephemeral installer activity: ComponentInfo{com.android.vending/com.google.android.finsky.instantapps.EphemeralInstallerActivity}
05-09 23:29:31.070  2082  3085 I ActivityManager: Start proc 3981:com.google.android.gms.ui/u0a13 for service com.google.android.gms/.chimera.UiIntentOperationService
05-09 23:29:31.151  2082  3712 I ActivityManager: Start proc 3999:com.google.android.gms.unstable/u0a13 for service com.google.android.gms/.droidguard.DroidGuardService
05-09 23:29:31.203  2082  2110 I ActivityManager: Killing 3630:com.google.android.gm/u0a60 (adj 0): change com.google.android.gm
05-09 23:29:31.203  2082  2110 W ActivityManager: Scheduling restart of crashed service com.google.android.gm/.GmailIntentService in 1000ms
05-09 23:29:31.203  2082  2110 W ActivityManager: Scheduling restart of crashed service com.google.android.gm/com.android.email.service.EmailBroadcastProcessorService in 1000ms
05-09 23:29:31.252  2082  3085 I ActivityManager: Start proc 4024:com.google.android.gm/u0a60 for content provider com.google.android.gm/com.android.exchange.provider.ExchangeDirectoryProvider
05-09 23:29:31.515  4024  4059 D ActivityThread: Loading provider com.google.android.gmail.provider;com.android.mail.notifier;com.google.android.gm.email.provider;com.google.android.gm.tasks.provider;com.google.android.gm.email.notifier: com.android.email.provider.EmailProvider
05-09 23:29:31.810  2082  2093 V PackageManager: [3ec1867b-2a14-4bf6-bb49-64c1d05faaf6] Binding to instant app resolver
05-09 23:29:31.939  2082  2094 W ActivityManager: Unable to start service Intent { cmp=com.google.android.gm.exchange/com.android.exchange.service.EasService } U=0: not found
05-09 23:29:31.974  2082  2712 W ActivityManager: Unable to start service Intent { cmp=com.google.android.gm/com.android.email.service.AttachmentService } U=0: not found
05-09 23:29:31.980  2082  2713 W ActivityManager: Unable to start service Intent { cmp=com.google.android.gm.exchange/com.android.exchange.service.EasService } U=0: not found
05-09 23:29:31.988  2082  2915 I ActivityManager: Killing 2988:com.android.settings:CryptKeeper/1000 (adj 906): empty #17
05-09 23:29:32.122  2082  2941 I ActivityManager: Killing 3031:com.android.carrierdefaultapp/u0a45 (adj 906): empty #17
05-09 23:29:32.306  2082  2082 D PackageManager: Connected to instant app resolver
05-09 23:29:32.307  3232  3249 V PackageManager: [3ec1867b-2a14-4bf6-bb49-64c1d05faaf6] Phase1 called; posting
05-09 23:29:32.376  3232  3232 D PackageManager: [3ec1867b-2a14-4bf6-bb49-64c1d05faaf6] Phase1 request; prefix: [-474955776]
05-09 23:29:32.380  3232  3249 V PackageManager: [25de5a21-7dfe-4d57-bb06-f2987ddd93da] Phase1 called; posting
05-09 23:29:32.380  3232  3232 D PackageManager: [25de5a21-7dfe-4d57-bb06-f2987ddd93da] Phase1 request; prefix: [-474955776]
05-09 23:29:32.395  2082  3711 I ActivityManager: Start proc 4151:com.android.chrome/u0a52 for service com.android.chrome/org.chromium.chrome.browser.customtabs.CustomTabsConnectionService
05-09 23:29:32.424  2082  4031 I ActivityManager: Start proc 4168:com.google.android.onetimeinitializer/u0a18 for broadcast com.google.android.onetimeinitializer/.OneTimeInitializerReceiver
05-09 23:29:32.471  2082  3711 I ActivityManager: Start proc 4194:com.google.android.packageinstaller/u0a20 for broadcast com.google.android.packageinstaller/com.android.packageinstaller.TemporaryFileManager
05-09 23:29:32.471  2082  4162 I ActivityManager: Killing 3127:com.google.android.ext.services/u0a15 (adj 906): empty #17
05-09 23:29:32.499  2082  2713 I ActivityManager: Killing 3290:com.android.keychain/1000 (adj 906): empty #17
05-09 23:29:32.505  2082  3711 I ActivityManager: Killing 3579:com.google.android.webview:webview_service/u0a71 (adj 906): empty #17
05-09 23:29:32.861  2082  3712 I ActivityManager: Start proc 4265:org.openthos.filemanager/u0a24 for broadcast org.openthos.filemanager/.system.BootCompleteReceiver
05-09 23:29:33.050  3232  3232 E ActivityThread: Failed to find provider info for com.google.android.gms.common.phenotype
05-09 23:29:33.329  2719  2719 D ViewRootImpl[StatusBar]: updatePointerIcon called with position out of bounds
05-09 23:29:33.816  2082  3085 I ActivityManager: START u0 {flg=0x10000000 cmp=com.android.settings/.cyanogenmod.superuser.RequestActivity (has extras)} from uid 0
05-09 23:29:33.834  2082  3085 I ActivityManager: Start proc 4375:com.android.settings:superuser/1000 for activity com.android.settings/.cyanogenmod.superuser.RequestActivity
05-09 23:29:33.937  2082  4162 I ActivityManager: START u0 {flg=0x10800000 cmp=com.android.settings/.cyanogenmod.superuser.MultitaskSuRequestActivity (has extras)} from uid 1000
05-09 23:29:34.145  2082  3901 D AutofillManagerServiceImpl: Reset component for user 0
05-09 23:29:35.077  2719  2719 D ViewRootImpl[StatusBar]: updatePointerIcon called with position out of bounds
05-09 23:29:35.373  4375  4375 D ViewRootImpl[MultitaskSuRequestActivity]: updatePointerIcon called with position out of bounds
05-09 23:29:35.723  4375  4375 I chatty  : uid=1000(system) com.android.settings:superuser identical 5 lines
05-09 23:29:35.740  4375  4375 D ViewRootImpl[MultitaskSuRequestActivity]: updatePointerIcon called with position out of bounds
05-09 23:29:36.916  2082  3085 W ActivityManager: Unable to start service Intent { act=com.google.android.gms.analytics.service.START cmp=com.google.android.gms/.analytics.service.AnalyticsService (has extras) } U=0: not found
05-09 23:29:37.110  2082  3158 W BackupTransportManager: BackupTransport com.google.android.gms/.backup.component.D2dTransportService not whitelisted.
05-09 23:29:37.404  2719  2719 D ViewRootImpl[StatusBar]: updatePointerIcon called with position out of bounds
05-09 23:29:37.679  4375  4375 D ViewRootImpl[MultitaskSuRequestActivity]: updatePointerIcon called with position out of bounds
05-09 23:29:37.686  2082  3711 I ActivityManager: Killing 3757:com.android.settings/1000 (adj 906): empty #17
05-09 23:29:37.883  2082  3711 W ActivityManager: Unable to start service Intent { act=com.google.android.gms.analytics.service.START cmp=com.google.android.gms/.analytics.service.AnalyticsService (has extras) } U=0: not found
05-09 23:29:38.310  2082  4031 I ActivityManager: Start proc 4646:org.openthos.seafile/u0a23 for broadcast org.openthos.seafile/.BootCompleteReceiver
05-09 23:29:38.310  2082  4031 I ActivityManager: Killing 3838:com.android.camera2/u0a47 (adj 906): empty #17
05-09 23:29:38.322  2082  4419 I ActivityManager: Finished processing BOOT_COMPLETED for u0
05-09 23:29:38.346  2082  2082 D ZenLog  : disable_effects: 0|org.openthos.seafile|1|null|10023,booleanState
05-09 23:29:38.916  2719  2719 D ViewRootImpl[StatusBar]: updatePointerIcon called with position out of bounds
05-09 23:29:39.350  2082  4419 I ActivityManager: Killing 3048:com.android.cellbroadcastreceiver/u0a7 (adj 906): empty #17
05-09 23:29:39.765  2719  2719 D ViewRootImpl[StatusBar]: updatePointerIcon called with position out of bounds
05-09 23:29:39.916  2082  3105 I ActivityManager: Config changes=2004 {1.0 ?mcc?mnc [zh_CN_#Hans] ldltr sw720dp w1280dp h720dp 240dpi xlrg long land -touch qwerty/v/v -nav/h appBounds=Rect(0, 0 - 1920, 1080) s.6}
05-09 23:29:39.917  2082  2097 D CryptdConnector: SND -> {5 cryptfs setfield SystemLocale zh-Hans-CN}
05-09 23:29:39.923  2082  3105 I ActivityManager: Override config changes=2004 {1.0 ?mcc?mnc [zh_CN_#Hans] ldltr sw720dp w1280dp h720dp 240dpi xlrg long land -touch qwerty/v/v -nav/h appBounds=Rect(0, 0 - 1920, 1080) s.6} for displayId=0
05-09 23:29:40.007  2082  2146 D CryptdConnector: RCV <- {200 5 0}
05-09 23:29:40.055  2974  2974 I TelecomFramework: PstnIncomingCallNotifier: Unregistering: Handler (com.android.internal.telephony.GsmCdmaPhone) {84878c3}
05-09 23:29:40.070  2082  2082 W InputMethodManagerService: Illegal subtype state: old subtype = null, new subtype = android.view.inputmethod.InputMethodSubtype@c9194f98
05-09 23:29:40.071  2974  2974 I TelecomFramework: AccountEntry: Registered phoneAccount: [[ ] PhoneAccount: ComponentInfo{com.android.phone/com.android.services.telephony.TelephonyConnectionService}, [e0184adedf913b076626646d3f52c3b49c39ad6d], UserHandle{0} Capabilities: CallProvider MultiUser PlaceEmerg SimSub  Audio Routes: BESW Schemes: tel voicemail  Extras: Bundle[{android.telecom.extra.SUPPORTS_VIDEO_CALLING_FALLBACK=false}] GroupId: [da39a3ee5e6b4b0d3255bfef95601890afd80709]] with handle: ComponentInfo{com.android.phone/com.android.services.telephony.TelephonyConnectionService}, [e0184adedf913b076626646d3f52c3b49c39ad6d], UserHandle{0}
05-09 23:29:40.071  2974  2974 I TelecomFramework: PstnIncomingCallNotifier: Registering: Handler (com.android.internal.telephony.GsmCdmaPhone) {84878c3}
05-09 23:29:40.074  2974  2974 I TelecomFramework: PstnPhoneCapabilitiesNotifier: handleVideoCapabilitesChanged. Video capability - false
05-09 23:29:40.077  2082  4746 I ActivityManager: Start proc 4752:com.android.carrierdefaultapp/u0a45 for broadcast com.android.carrierdefaultapp/.CarrierDefaultBroadcastReceiver
05-09 23:29:40.166  2082  4047 I ActivityManager: Start proc 4768:com.android.cellbroadcastreceiver/u0a7 for broadcast com.android.cellbroadcastreceiver/.PrivilegedCellBroadcastReceiver
05-09 23:29:40.168  2082  4047 I ActivityManager: Killing 3860:com.android.contacts/u0a11 (adj 906): empty #17
05-09 23:29:40.249  2082  4047 I ActivityManager: Killing 3777:com.android.dialer/u0a17 (adj 906): empty #17
05-09 23:29:40.615  3175  3175 W KeyphraseEnrollmentInfo: No enrollment application supports the given keyphrase/locale: 'Ok Google'/cmn_CN_#Hans
05-09 23:29:40.733  2719  2719 D ViewRootImpl[StatusBar]: updatePointerIcon called with position out of bounds
05-09 23:29:40.818  2082  4746 I ActivityManager: START u0 {act=com.android.wizard.NEXT cmp=com.google.android.setupwizard/.WizardManagerActivity (has extras)} from uid 10031
05-09 23:29:40.824  2082  4162 I ActivityManager: START u0 {act=com.android.setupwizard.CHECK_USER_UNLOCK flg=0x4000000 cmp=com.google.android.setupwizard/.account.CheckUserUnlock (has extras)} from uid 10031
05-09 23:29:40.878  2082  4746 I ActivityManager: START u0 {act=com.android.wizard.NEXT cmp=com.google.android.setupwizard/.WizardManagerActivity (has extras)} from uid 10031
05-09 23:29:40.906  2082  4162 I ActivityManager: START u0 {act=com.android.setupwizard.SIM_MISSING flg=0x4000000 cmp=com.google.android.setupwizard/.carrier.SimMissingActivity (has extras)} from uid 10031
05-09 23:29:40.928  2082  2941 I ActivityManager: START u0 {act=com.android.wizard.NEXT cmp=com.google.android.setupwizard/.WizardManagerActivity (has extras)} from uid 10031
05-09 23:29:40.950  2082  4746 I ActivityManager: START u0 {act=com.android.setupwizard.CARRIER_SETUP flg=0x4000000 cmp=com.google.android.setupwizard/.carrier.CarrierSetupWrapper (has extras)} from uid 10031
05-09 23:29:40.964  2082  4746 I ActivityManager: START u0 {act=com.android.wizard.NEXT cmp=com.google.android.setupwizard/.WizardManagerActivity (has extras)} from uid 10031
05-09 23:29:40.986  2082  4746 I ActivityManager: START u0 {act=com.android.setupwizard.SIM_SETUP flg=0x4000000 cmp=com.google.android.setupwizard/.carrier.SimSetupActivity (has extras)} from uid 10031
05-09 23:29:41.002  2082  2941 I ActivityManager: START u0 {act=com.android.wizard.NEXT cmp=com.google.android.setupwizard/.WizardManagerActivity (has extras)} from uid 10031
05-09 23:29:41.030  2082  2941 I ActivityManager: START u0 {act=com.google.android.setupwizard.DEVICE_OWNER_WARNING flg=0x4000000 cmp=com.google.android.setupwizard/.user.DeviceOwnerWarningActivity (has extras)} from uid 10031
05-09 23:29:41.045  2082  2941 I ActivityManager: START u0 {act=com.android.wizard.NEXT cmp=com.google.android.setupwizard/.WizardManagerActivity (has extras)} from uid 10031
05-09 23:29:41.066  2082  2941 I ActivityManager: START u0 {act=com.google.android.setupwizard.CHECK_FRP flg=0x4000000 cmp=com.google.android.setupwizard/.account.CheckFrp (has extras)} from uid 10031
05-09 23:29:41.084  2082  4162 I ActivityManager: START u0 {act=com.android.wizard.NEXT cmp=com.google.android.setupwizard/.WizardManagerActivity (has extras)} from uid 10031
05-09 23:29:41.104  2082  4746 I ActivityManager: START u0 {act=com.android.wizard.LOAD flg=0x4000000 cmp=com.google.android.setupwizard/.WizardManagerActivity (has extras)} from uid 10031
05-09 23:29:41.113  2082  2712 I ActivityManager: Process com.google.android.gms.ui (pid 3981) has died: svcb SVC 
05-09 23:29:41.113  2082  2712 W ActivityManager: Scheduling restart of crashed service com.google.android.gms/.chimera.UiIntentOperationService in 1000ms
05-09 23:29:41.115  2082  2915 I ActivityManager: Process com.google.android.gms.unstable (pid 3999) has died: cch+2CEM 
05-09 23:29:41.123  2082  4162 I ActivityManager: Process com.google.android.gms (pid 3353) has died: svc  BFGS
05-09 23:29:41.125  2082  4162 W ActivityManager: Exception when unbinding service com.google.android.gms/.chimera.PersistentBoundBrokerService
05-09 23:29:41.125  2082  4162 W ActivityManager: android.os.DeadObjectException
05-09 23:29:41.125  2082  4162 W ActivityManager: 	at android.os.BinderProxy.transactNative(Native Method)
05-09 23:29:41.125  2082  4162 W ActivityManager: 	at android.os.BinderProxy.transact(Binder.java:764)
05-09 23:29:41.125  2082  4162 W ActivityManager: 	at android.app.IApplicationThread$Stub$Proxy.scheduleUnbindService(IApplicationThread.java:1508)
05-09 23:29:41.125  2082  4162 W ActivityManager: 	at com.android.server.am.ActiveServices.removeConnectionLocked(ActiveServices.java:2652)
05-09 23:29:41.125  2082  4162 W ActivityManager: 	at com.android.server.am.ActiveServices.killServicesLocked(ActiveServices.java:3051)
05-09 23:29:41.125  2082  4162 W ActivityManager: 	at com.android.server.am.ActivityManagerService.cleanUpApplicationRecordLocked(ActivityManagerService.java:18259)
05-09 23:29:41.125  2082  4162 W ActivityManager: 	at com.android.server.am.ActivityManagerService.handleAppDiedLocked(ActivityManagerService.java:5315)
05-09 23:29:41.125  2082  4162 W ActivityManager: 	at com.android.server.am.ActivityManagerService.appDiedLocked(ActivityManagerService.java:5505)
05-09 23:29:41.125  2082  4162 W ActivityManager: 	at com.android.server.am.ActivityManagerService$AppDeathRecipient.binderDied(ActivityManagerService.java:1631)
05-09 23:29:41.125  2082  4162 W ActivityManager: 	at android.os.BinderProxy.sendDeathNotice(Binder.java:844)
05-09 23:29:41.129  2082  2094 D PackageManager: Binder to instant app resolver died
05-09 23:29:41.129  2082  2082 D PackageManager: Disconnected from instant app resolver
05-09 23:29:41.129  2082  4162 W ActivityManager: Exception when unbinding service com.google.android.gms/com.google.android.location.reporting.service.ReportingAndroidService
05-09 23:29:41.129  2082  4162 W ActivityManager: android.os.DeadObjectException
05-09 23:29:41.129  2082  4162 W ActivityManager: 	at android.os.BinderProxy.transactNative(Native Method)
05-09 23:29:41.129  2082  4162 W ActivityManager: 	at android.os.BinderProxy.transact(Binder.java:764)
05-09 23:29:41.129  2082  4162 W ActivityManager: 	at android.app.IApplicationThread$Stub$Proxy.scheduleUnbindService(IApplicationThread.java:1508)
