03-22 19:31:43.726  2117  2117 D ViewRootImpl[StatusBar]: updatePointerIcon called with position out of bounds
03-22 19:31:43.869  2012  3298 I chatty  : uid=1000(system) Binder:2012_A expire 10 lines
03-22 19:31:43.938  5945  5945 D ViewRootImpl[SplashActivity]: updatePointerIcon called with position out of bounds
03-22 19:31:43.955  5945  5945 I chatty  : uid=10076(com.tencent.mobileqq) identical 6 lines
03-22 19:31:43.966  5945  5945 D ViewRootImpl[SplashActivity]: updatePointerIcon called with position out of bounds
03-22 19:31:44.172  2012  2297 I chatty  : uid=1000(system) Binder:2012_5 expire 35 lines
03-22 19:31:44.230  5945  5945 D ViewRootImpl[SplashActivity]: updatePointerIcon called with position out of bounds
03-22 19:31:44.255  5945  5945 D ViewRootImpl[SplashActivity]: updatePointerIcon called with position out of bounds
03-22 19:31:45.454  2117  2117 D ViewRootImpl[StatusBar]: updatePointerIcon called with position out of bounds
03-22 19:31:45.648  5945  5945 W ViewRootImpl[SplashActivity]: Dropping event due to no window focus: MotionEvent { action=ACTION_HOVER_MOVE, actionButton=0, id[0]=0, x[0]=59.53131, y[0]=191.72824, toolType[0]=TOOL_TYPE_MOUSE, buttonState=0, metaState=0, flags=0x0, edgeFlags=0x0, pointerCount=1, historySize=1, eventTime=2274483, downTime=2274299, deviceId=8, source=0x2002 }
03-22 19:31:45.649  5945  5945 W ViewRootImpl[SplashActivity]: Cancelling event due to no window focus: MotionEvent { action=ACTION_CANCEL, actionButton=0, id[0]=0, x[0]=61.53131, y[0]=191.72824, toolType[0]=TOOL_TYPE_MOUSE, buttonState=0, metaState=0, flags=0x0, edgeFlags=0x0, pointerCount=1, historySize=0, eventTime=2274491, downTime=2274299, deviceId=8, source=0x2002 }
03-22 19:31:45.649  5945  5945 W ViewRootImpl[SplashActivity]: Cancelling event due to no window focus: MotionEvent { action=ACTION_CANCEL, actionButton=0, id[0]=0, x[0]=61.53131, y[0]=191.72824, toolType[0]=TOOL_TYPE_MOUSE, buttonState=0, metaState=0, flags=0x0, edgeFlags=0x0, pointerCount=1, historySize=0, eventTime=2274491, downTime=2274299, deviceId=8, source=0x2002 }
03-22 19:31:48.891  2012  6258 I chatty  : uid=1000(system) Binder:2012_1B expire 1 line
03-22 19:31:49.894  2117  2117 D ViewRootImpl[StatusBar]: updatePointerIcon called with position out of bounds
03-22 19:31:51.119  5945  5945 D ViewRootImpl[SplashActivity]: updatePointerIcon called with position out of bounds
03-22 19:31:51.590  2012  3592 I chatty  : uid=1000(system) Binder:2012_C expire 2 lines
03-22 19:31:51.617  2012  2059 I chatty  : uid=1000(system) android.anim expire 48 lines
03-22 19:31:52.126  2012  2067 I chatty  : uid=1000(system) Binder:2012_3 expire 11 lines
03-22 19:31:52.447  2117  2117 D ViewRootImpl[]: updatePointerIcon called with position out of bounds
03-22 19:31:52.455  2117  2117 D ViewRootImpl[]: updatePointerIcon called with position out of bounds
03-22 19:31:52.472  2117  2117 D ViewRootImpl[]: updatePointerIcon called with position out of bounds
03-22 19:31:52.571  2117  2117 D ViewRootImpl[]: updatePointerIcon called with position out of bounds
03-22 19:31:52.588  2117  2117 D ViewRootImpl[]: updatePointerIcon called with position out of bounds
03-22 19:31:53.488  2117  2117 D ViewRootImpl[]: updatePointerIcon called with position out of bounds
03-22 19:31:55.058  2117  2117 D ViewRootImpl[]: updatePointerIcon called after view was removed
03-22 19:31:55.062  2117  2117 D ViewRootImpl[]: updatePointerIcon called with position out of bounds
03-22 19:31:55.205  2117  2117 I chatty  : uid=10033(com.android.systemui) identical 247 lines
03-22 19:31:55.222  2117  2117 D ViewRootImpl[]: updatePointerIcon called with position out of bounds
03-22 19:31:55.238  2117  2117 D ViewRootImpl[]: updatePointerIcon called with position out of bounds
03-22 19:31:55.271  2117  2117 D ViewRootImpl[]: updatePointerIcon called with position out of bounds
03-22 19:31:55.288  2117  2117 D ViewRootImpl[]: updatePointerIcon called with position out of bounds
03-22 19:31:58.255  2117  2117 D ViewRootImpl[]: updatePointerIcon called with position out of bounds
03-22 19:31:58.454  2117  2117 D ViewRootImpl[OpenthosStatusBar]: updatePointerIcon called with position out of bounds
03-22 19:31:58.454  2117  2117 D ViewRootImpl[StatusBar]: updatePointerIcon called with position out of bounds
03-22 19:31:58.456  2012  5221 I chatty  : uid=1000(system) Binder:2012_12 expire 8 lines
03-22 19:31:58.458  2117  2117 D ViewRootImpl[]: updatePointerIcon called after view was removed
03-22 19:31:58.458  2117  2117 W ViewRootImpl[]: Dropping event due to root view being removed: MotionEvent { action=ACTION_BUTTON_PRESS, actionButton=BUTTON_PRIMARY, id[0]=0, x[0]=886.49835, y[0]=-709.2024, toolType[0]=TOOL_TYPE_MOUSE, buttonState=BUTTON_PRIMARY, metaState=0, flags=0x0, edgeFlags=0x0, pointerCount=1, historySize=0, eventTime=2287299, downTime=2287299, deviceId=8, source=0x2002 }
03-22 19:32:00.414  2117  2117 D ViewRootImpl[StatusBar]: updatePointerIcon called with position out of bounds
03-22 19:32:00.596  2012  4116 I chatty  : uid=1000(system) Binder:2012_F expire 24 lines
03-22 19:32:00.605  5945  5945 W ViewRootImpl[SplashActivity]: Dropping event due to no window focus: MotionEvent { action=ACTION_HOVER_MOVE, actionButton=0, id[0]=0, x[0]=280.36957, y[0]=19.737122, toolType[0]=TOOL_TYPE_MOUSE, buttonState=0, metaState=0, flags=0x0, edgeFlags=0x0, pointerCount=1, historySize=0, eventTime=2289435, downTime=2289259, deviceId=8, source=0x2002 }
03-22 19:32:00.678  5945  5945 W ViewRootImpl[SplashActivity]: Cancelling event due to no window focus: MotionEvent { action=ACTION_CANCEL, actionButton=0, id[0]=0, x[0]=281.36957, y[0]=20.737122, toolType[0]=TOOL_TYPE_MOUSE, buttonState=0, metaState=0, flags=0x0, edgeFlags=0x0, pointerCount=1, historySize=0, eventTime=2289523, downTime=2289259, deviceId=8, source=0x2002 }
03-22 19:32:00.678  5945  5945 W ViewRootImpl[SplashActivity]: Cancelling event due to no window focus: MotionEvent { action=ACTION_CANCEL, actionButton=0, id[0]=0, x[0]=281.36957, y[0]=20.737122, toolType[0]=TOOL_TYPE_MOUSE, buttonState=0, metaState=0, flags=0x0, edgeFlags=0x0, pointerCount=1, historySize=0, eventTime=2289523, downTime=2289259, deviceId=8, source=0x2002 }
03-22 19:32:01.768  2012  2024 I chatty  : uid=1000(system) Binder:2012_2 expire 8 lines
03-22 19:32:01.825  2012  5385 I chatty  : uid=1000(system) Binder:2012_14 expire 45 lines
03-22 19:32:02.670  2117  2117 D ViewRootImpl[]: updatePointerIcon called with position out of bounds
03-22 19:32:02.689  2117  2117 D ViewRootImpl[]: updatePointerIcon called with position out of bounds
03-22 19:32:02.788  2117  2117 D ViewRootImpl[]: updatePointerIcon called with position out of bounds
03-22 19:32:02.790  2012  2059 I chatty  : uid=1000(system) android.anim expire 24 lines
03-22 19:32:02.805  2117  2117 D ViewRootImpl[]: updatePointerIcon called with position out of bounds
03-22 19:32:03.672  2117  2117 D ViewRootImpl[]: updatePointerIcon called with position out of bounds
03-22 19:32:03.688  2117  2117 D ViewRootImpl[]: updatePointerIcon called with position out of bounds
03-22 19:32:04.172  2117  2117 D ViewRootImpl[]: updatePointerIcon called with position out of bounds
03-22 19:32:06.640  2117  2117 D ViewRootImpl[]: updatePointerIcon called after view was removed
03-22 19:32:07.182  2117  2117 D ViewRootImpl[OpenthosStatusBar]: updatePointerIcon called with position out of bounds
03-22 19:32:07.182  2117  2117 D ViewRootImpl[StatusBar]: updatePointerIcon called with position out of bounds
03-22 19:32:08.782  4424  4424 D ViewRootImpl[QingLoginActivity]: updatePointerIcon called with position out of bounds
03-22 19:32:08.805  4424  4424 I chatty  : uid=10073(cn.wps.moffice_eng) identical 4 lines
03-22 19:32:08.822  4424  4424 D ViewRootImpl[QingLoginActivity]: updatePointerIcon called with position out of bounds
03-22 19:32:10.278  2117  2117 D ViewRootImpl[StatusBar]: updatePointerIcon called with position out of bounds
03-22 19:32:10.747  4424  4424 W ViewRootImpl[AssistActivity]: Dropping event due to no window focus: MotionEvent { action=ACTION_HOVER_MOVE, actionButton=0, id[0]=0, x[0]=563.9992, y[0]=446.52393, toolType[0]=TOOL_TYPE_MOUSE, buttonState=0, metaState=0, flags=0x0, edgeFlags=0x0, pointerCount=1, historySize=12, eventTime=2299571, downTime=2299123, deviceId=8, source=0x2002 }
03-22 19:32:10.757  4424  4424 W ViewRootImpl[AssistActivity]: Dropping event due to no window focus: MotionEvent { action=ACTION_HOVER_MOVE, actionButton=0, id[0]=0, x[0]=553.3986, y[0]=461.81616, toolType[0]=TOOL_TYPE_MOUSE, buttonState=0, metaState=0, flags=0x0, edgeFlags=0x0, pointerCount=1, historySize=2, eventTime=2299595, downTime=2299123, deviceId=8, source=0x2002 }
03-22 19:32:10.758  4424  4424 W ViewRootImpl[AssistActivity]: Cancelling event due to no window focus: MotionEvent { action=ACTION_CANCEL, actionButton=0, id[0]=0, x[0]=545.9879, y[0]=466.75665, toolType[0]=TOOL_TYPE_MOUSE, buttonState=0, metaState=0, flags=0x0, edgeFlags=0x0, pointerCount=1, historySize=0, eventTime=2299603, downTime=2299123, deviceId=8, source=0x2002 }
03-22 19:32:10.758  4424  4424 W ViewRootImpl[AssistActivity]: Cancelling event due to no window focus: MotionEvent { action=ACTION_CANCEL, actionButton=0, id[0]=0, x[0]=545.9879, y[0]=466.75665, toolType[0]=TOOL_TYPE_MOUSE, buttonState=0, metaState=0, flags=0x0, edgeFlags=0x0, pointerCount=1, historySize=0, eventTime=2299603, downTime=2299123, deviceId=8, source=0x2002 }
03-22 19:32:11.647 10544 10544 D ViewRootImpl[AuthorityActivity]: updatePointerIcon called with position out of bounds
03-22 19:32:11.669 10544 10544 D ViewRootImpl[AuthorityActivity]: updatePointerIcon called with position out of bounds
03-22 19:32:11.737 10544 10544 D ViewRootImpl[AuthorityActivity]: updatePointerIcon called with position out of bounds
03-22 19:34:11.770  2012  2086 I chatty  : uid=1000(system) ConnectivitySer expire 3 lines
03-22 19:55:30.012  2012  2428 I chatty  : uid=1000(system) Binder:2012_7 expire 1 line
03-22 19:57:22.525  4172  4186 D DefContainer: Copying /storage/emulated/0/Download/app/outlook_3_0_26.apk to base.apk
03-22 19:57:28.718  2012  2040 I chatty  : uid=1000(system) PackageManager expire 290 lines
03-22 19:57:28.793  2012  5222 I chatty  : uid=1000(system) Binder:2012_13 expire 4 lines
03-22 19:57:28.985  2012  2040 I chatty  : uid=1000(system) PackageManager expire 227 lines
03-22 19:57:29.156  2012  2012 I chatty  : uid=1000 system_server expire 2 lines
03-22 19:57:29.190  2012  2027 I chatty  : uid=1000(system) ActivityManager expire 3 lines
03-22 19:57:29.241  2012  2026 I chatty  : uid=1000(system) android.bg expire 1 line
03-22 19:57:29.243  2012  2028 I chatty  : uid=1000(system) android.ui expire 1 line
03-22 19:57:29.390  2012  4116 I chatty  : uid=1000(system) Binder:2012_F expire 1 line
03-22 19:57:29.413  2012  3781 I chatty  : uid=1000(system) Binder:2012_D expire 2 lines
03-22 19:57:29.465  2012  5385 I chatty  : uid=1000(system) Binder:2012_14 expire 1 line
03-22 19:57:35.933  4172  4186 D DefContainer: Copying /storage/emulated/0/Download/app/word_16_0_10730_20043.apk to base.apk
03-22 19:57:39.381  2012  2040 W PackageSettings: Couldn't write 10041 to /config/sdcardfs/com.android.bluetoothmidiservice/appid
03-22 19:57:39.381  2012  2040 W PackageSettings: Couldn't write 10070 to /config/sdcardfs/com.termoneplus/appid
03-22 19:57:39.381  2012  2040 W PackageSettings: Couldn't write 1002 to /config/sdcardfs/com.android.bluetooth/appid
03-22 19:57:39.381  2012  2040 W PackageSettings: Couldn't write 10050 to /config/sdcardfs/com.android.development/appid
03-22 19:57:39.381  2012  2040 W PackageSettings: Couldn't write 10069 to /config/sdcardfs/com.android.wallpaperpicker/appid
03-22 19:57:39.382  2012  2040 W PackageSettings: Couldn't write 10003 to /config/sdcardfs/com.android.providers.contacts/appid
03-22 19:57:39.382  2012  2040 W PackageSettings: Couldn't write 10043 to /config/sdcardfs/com.android.captiveportallogin/appid
03-22 19:57:39.382  2012  2040 W PackageSettings: Couldn't write 10073 to /config/sdcardfs/cn.wps.moffice_eng/appid
03-22 19:57:39.449  2012  2040 W PackageSettings: Couldn't write 10077 to /config/sdcardfs/com.microsoft.office.word/appid
03-22 19:57:39.497  2012  2040 W PackageSettings: Couldn't write 10008 to /config/sdcardfs/com.android.cts.priv.ctsshim/appid
03-22 19:57:39.497  2012  2040 W PackageSettings: Couldn't write 10072 to /config/sdcardfs/com.google.android.youtube/appid
03-22 19:57:39.497  2012  2040 W PackageSettings: Couldn't write 10017 to /config/sdcardfs/com.google.android.ext.services/appid
03-22 19:57:39.497  2012  2040 W PackageSettings: Couldn't write 1001 to /config/sdcardfs/com.android.providers.telephony/appid
03-22 19:57:39.498  2012  2040 W PackageSettings: Couldn't write 10002 to /config/sdcardfs/org.android_x86.analytics/appid
03-22 19:57:39.498  2012  2040 W PackageSettings: Couldn't write 10037 to /config/sdcardfs/com.google.android.googlequicksearchbox/appid
03-22 19:57:39.498  2012  2040 W PackageSettings: Couldn't write 10004 to /config/sdcardfs/com.android.providers.calendar/appid
03-22 19:57:39.498  2012  2040 W PackageSettings: Couldn't write 10011 to /config/sdcardfs/com.android.providers.media/appid
03-22 19:57:39.498  2012  2040 W PackageSettings: Couldn't write 10075 to /config/sdcardfs/com.xuetangx.mobile/appid
03-22 19:57:39.498  2012  2040 W PackageSettings: Couldn't write 10018 to /config/sdcardfs/com.google.android.onetimeinitializer/appid
03-22 19:57:39.498  2012  2040 W PackageSettings: Couldn't write 10059 to /config/sdcardfs/com.google.android.ext.shared/appid
03-22 19:57:39.498  2012  2040 W PackageSettings: Couldn't write 10035 to /config/sdcardfs/com.android.wallpapercropper/appid
03-22 19:57:39.498  2012  2040 W PackageSettings: Couldn't write 10010 to /config/sdcardfs/com.android.documentsui/appid
03-22 19:57:39.499  2012  2040 W PackageSettings: Couldn't write 10012 to /config/sdcardfs/com.android.externalstorage/appid
03-22 19:57:39.499  2012  2040 W PackageSettings: Couldn't write 10058 to /config/sdcardfs/com.android.htmlviewer/appid
03-22 19:57:39.499  2012  2040 W PackageSettings: Couldn't write 10046 to /config/sdcardfs/com.android.companiondevicemanager/appid
03-22 19:57:39.499  2012  2040 W PackageSettings: Couldn't write 1001 to /config/sdcardfs/com.android.mms.service/appid
03-22 19:57:39.499  2012  2040 W PackageSettings: Couldn't write 10011 to /config/sdcardfs/com.android.providers.downloads/appid
03-22 19:57:39.499  2012  2040 W PackageSettings: Couldn't write 10026 to /config/sdcardfs/de.k3b.android.androFotoFinder/appid
03-22 19:57:39.499  2012  2040 W PackageSettings: Couldn't write 10077 to /config/sdcardfs/com.microsoft.office.excel/appid
03-22 19:57:39.499  2012  2040 W PackageSettings: Couldn't write 10007 to /config/sdcardfs/com.android.defcontainer/appid
03-22 19:57:39.499  2012  2040 W PackageSettings: Couldn't write 10024 to /config/sdcardfs/org.openthos.filemanager/appid
03-22 19:57:39.500  2012  2040 W PackageSettings: Couldn't write 10011 to /config/sdcardfs/com.android.providers.downloads.ui/appid
03-22 19:57:39.500  2012  2040 W PackageSettings: Couldn't write 10028 to /config/sdcardfs/com.android.vending/appid
03-22 19:57:39.500  2012  2040 W PackageSettings: Couldn't write 10065 to /config/sdcardfs/com.android.pacprocessor/appid
03-22 19:57:39.500  2012  2040 W PackageSettings: Couldn't write 10079 to /config/sdcardfs/com.tencent.mm/appid
03-22 19:57:39.500  2012  2040 W PackageSettings: Couldn't write 10051 to /config/sdcardfs/com.android.certinstaller/appid
03-22 19:57:39.500  2012  2040 W PackageSettings: Couldn't write 10005 to /config/sdcardfs/com.android.carrierconfig/appid
03-22 19:57:39.500  2012  2040 W PackageSettings: Couldn't write 1000 to /config/sdcardfs/android/appid
03-22 19:57:39.500  2012  2040 W PackageSettings: Couldn't write 10006 to /config/sdcardfs/com.android.contacts/appid
03-22 19:57:39.500  2012  2040 W PackageSettings: Couldn't write 10045 to /config/sdcardfs/com.android.camera2/appid
03-22 19:57:39.500  2012  2040 W PackageSettings: Couldn't write 10025 to /config/sdcardfs/org.openthos.soundrecorder/appid
03-22 19:57:39.501  2012  2040 W PackageSettings: Couldn't write 10053 to /config/sdcardfs/com.android.egg/appid
03-22 19:57:39.501  2012  2040 W PackageSettings: Couldn't write 10011 to /config/sdcardfs/com.android.mtp/appid
03-22 19:57:39.501  2012  2040 W PackageSettings: Couldn't write 10066 to /config/sdcardfs/com.android.launcher3/appid
03-22 19:57:39.501  2012  2040 W PackageSettings: Couldn't write 10001 to /config/sdcardfs/com.android.backupconfirm/appid
03-22 19:57:39.501  2012  2040 W PackageSettings: Couldn't write 10061 to /config/sdcardfs/org.openthos.compress/appid
03-22 19:57:39.501  2012  2040 W PackageSettings: Couldn't write 10031 to /config/sdcardfs/com.android.statementservice/appid
03-22 19:57:39.501  2012  2040 W PackageSettings: Couldn't write 10060 to /config/sdcardfs/com.google.android.gm/appid
03-22 19:57:39.501  2012  2040 W PackageSettings: Couldn't write 10052 to /config/sdcardfs/com.android.calendar/appid
03-22 19:57:39.501  2012  2040 W PackageSettings: Couldn't write 10000 to /config/sdcardfs/com.android.systemui.theme.dark/appid
03-22 19:57:39.502  2012  2040 W PackageSettings: Couldn't write 10078 to /config/sdcardfs/com.microsoft.office.outlook/appid
03-22 19:57:39.502  2012  2040 W PackageSettings: Couldn't write 10030 to /config/sdcardfs/com.google.android.setupwizard/appid
03-22 19:57:39.502  2012  2040 W PackageSettings: Couldn't write 10063 to /config/sdcardfs/org.openthos.inputmethod.pinyin/appid
03-22 19:57:39.502  2012  2040 W PackageSettings: Couldn't write 1000 to /config/sdcardfs/com.android.providers.settings/appid
03-22 19:57:39.502  2012  2040 W PackageSettings: Couldn't write 10029 to /config/sdcardfs/com.android.sharedstoragebackup/appid
03-22 19:57:39.502  2012  2040 W PackageSettings: Couldn't write 10067 to /config/sdcardfs/com.android.printspooler/appid
03-22 19:57:39.502  2012  2040 W PackageSettings: Couldn't write 10023 to /config/sdcardfs/org.openthos.seafile/appid
03-22 19:57:39.502  2012  2040 W PackageSettings: Couldn't write 10038 to /config/sdcardfs/com.android.dreams.basic/appid
03-22 19:57:39.502  2012  2040 W PackageSettings: Couldn't write 1000 to /config/sdcardfs/com.android.inputdevices/appid
03-22 19:57:39.503  2012  2040 W PackageSettings: Couldn't write 10042 to /config/sdcardfs/com.android.bips/appid
03-22 19:57:39.503  2012  2040 W PackageSettings: Couldn't write 10077 to /config/sdcardfs/com.microsoft.office.word/appid
03-22 19:57:39.503  2012  2040 W PackageSettings: Couldn't write 10009 to /config/sdcardfs/com.android.cellbroadcastreceiver/appid
03-22 19:57:39.503  2012  2040 W PackageSettings: Couldn't write 10071 to /config/sdcardfs/com.google.android.webview/appid
03-22 19:57:39.503  2012  2040 W PackageSettings: Couldn't write 10077 to /config/sdcardfs/com.microsoft.office.powerpoint/appid
03-22 19:57:39.503  2012  2040 W PackageSettings: Couldn't write 10056 to /config/sdcardfs/com.google.android.syncadapters.contacts/appid
03-22 19:57:39.503  2012  2040 W PackageSettings: Couldn't write 1000 to /config/sdcardfs/com.android.keychain/appid
03-22 19:57:39.503  2012  2040 W PackageSettings: Couldn't write 10048 to /config/sdcardfs/com.android.chrome/appid
03-22 19:57:39.503  2012  2040 W PackageSettings: Couldn't write 10014 to /config/sdcardfs/com.android.dialer/appid
03-22 19:57:39.503  2012  2040 W PackageSettings: Couldn't write 10020 to /config/sdcardfs/com.google.android.packageinstaller/appid
03-22 19:57:39.504  2012  2040 W PackageSettings: Couldn't write 10013 to /config/sdcardfs/com.google.android.gms/appid
03-22 19:57:39.504  2012  2040 W PackageSettings: Couldn't write 10013 to /config/sdcardfs/com.google.android.gsf/appid
03-22 19:57:39.504  2012  2040 W PackageSettings: Couldn't write 10003 to /config/sdcardfs/com.android.calllogbackup/appid
03-22 19:57:39.504  2012  2040 W PackageSettings: Couldn't write 10019 to /config/sdcardfs/com.google.android.partnersetup/appid
03-22 19:57:39.504  2012  2040 W PackageSettings: Couldn't write 10076 to /config/sdcardfs/com.tencent.mobileqq/appid
03-22 19:57:39.504  2012  2040 W PackageSettings: Couldn't write 10039 to /config/sdcardfs/com.android.basicsmsreceiver/appid
03-22 19:57:39.504  2012  2040 W PackageSettings: Couldn't write 10044 to /config/sdcardfs/com.android.carrierdefaultapp/appid
03-22 19:57:39.504  2012  2040 W PackageSettings: Couldn't write 10068 to /config/sdcardfs/com.svox.pico/appid
03-22 19:57:39.504  2012  2040 W PackageSettings: Couldn't write 10027 to /config/sdcardfs/com.android.proxyhandler/appid
03-22 19:57:39.505  2012  2040 W PackageSettings: Couldn't write 10062 to /config/sdcardfs/com.android.inputmethod.latin/appid
03-22 19:57:39.505  2012  2040 W PackageSettings: Couldn't write 10015 to /config/sdcardfs/com.google.android.feedback/appid
03-22 19:57:39.505  2012  2040 W PackageSettings: Couldn't write 10057 to /config/sdcardfs/com.google.android.printservice.recommendation/appid
03-22 19:57:39.505  2012  2040 W PackageSettings: Couldn't write 10055 to /config/sdcardfs/com.google.android.syncadapters.calendar/appid
03-22 19:57:39.505  2012  2040 W PackageSettings: Couldn't write 10021 to /config/sdcardfs/com.android.managedprovisioning/appid
03-22 19:57:39.505  2012  2040 W PackageSettings: Couldn't write 10064 to /config/sdcardfs/com.android.providers.partnerbookmarks/appid
03-22 19:57:39.505  2012  2040 W PackageSettings: Couldn't write 10013 to /config/sdcardfs/com.google.android.gsf.login/appid
03-22 19:57:39.505  2012  2040 W PackageSettings: Couldn't write 10013 to /config/sdcardfs/com.google.android.backuptransport/appid
03-22 19:57:39.505  2012  2040 W PackageSettings: Couldn't write 10022 to /config/sdcardfs/org.openthos.appstore/appid
03-22 19:57:39.506  2012  2040 W PackageSettings: Couldn't write 10032 to /config/sdcardfs/com.android.storagemanager/appid
03-22 19:57:39.506  2012  2040 W PackageSettings: Couldn't write 10040 to /config/sdcardfs/com.android.bookmarkprovider/appid
03-22 19:57:39.506  2012  2040 W PackageSettings: Couldn't write 1000 to /config/sdcardfs/com.android.settings/appid
03-22 19:57:39.506  2012  2040 W PackageSettings: Couldn't write 10036 to /config/sdcardfs/com.termux/appid
03-22 19:57:39.506  2012  2040 W PackageSettings: Couldn't write 10054 to /config/sdcardfs/com.android.calculator2/appid
03-22 19:57:39.506  2012  2040 W PackageSettings: Couldn't write 10047 to /config/sdcardfs/com.android.cts.ctsshim/appid
03-22 19:57:39.506  2012  2040 W PackageSettings: Couldn't write 10074 to /config/sdcardfs/com.alibaba.android.rimet/appid
03-22 19:57:39.506  2012  2040 W PackageSettings: Couldn't write 10034 to /config/sdcardfs/com.android.vpndialogs/appid
03-22 19:57:39.506  2012  2040 W PackageSettings: Couldn't write 1001 to /config/sdcardfs/com.android.phone/appid
03-22 19:57:39.506  2012  2040 W PackageSettings: Couldn't write 2000 to /config/sdcardfs/com.android.shell/appid
03-22 19:57:39.507  2012  2040 W PackageSettings: Couldn't write 1000 to /config/sdcardfs/com.android.wallpaperbackup/appid
03-22 19:57:39.507  2012  2040 W PackageSettings: Couldn't write 10003 to /config/sdcardfs/com.android.providers.blockednumber/appid
03-22 19:57:39.507  2012  2040 W PackageSettings: Couldn't write 10003 to /config/sdcardfs/com.android.providers.userdictionary/appid
03-22 19:57:39.507  2012  2040 W PackageSettings: Couldn't write 10016 to /config/sdcardfs/com.android.emergency/appid
03-22 19:57:39.507  2012  2040 W PackageSettings: Couldn't write 1000 to /config/sdcardfs/com.android.location.fused/appid
03-22 19:57:39.507  2012  2040 W PackageSettings: Couldn't write 10049 to /config/sdcardfs/com.android.deskclock/appid
03-22 19:57:39.507  2012  2040 W PackageSettings: Couldn't write 10033 to /config/sdcardfs/com.android.systemui/appid
03-22 19:57:39.507  2012  2040 W PackageSettings: Couldn't write 10041 to /config/sdcardfs/com.android.bluetoothmidiservice/appid
03-22 19:57:39.507  2012  2040 W PackageSettings: Couldn't write 10070 to /config/sdcardfs/com.termoneplus/appid
03-22 19:57:39.508  2012  2040 W PackageSettings: Couldn't write 1002 to /config/sdcardfs/com.android.bluetooth/appid
03-22 19:57:39.508  2012  2040 W PackageSettings: Couldn't write 10050 to /config/sdcardfs/com.android.development/appid
03-22 19:57:39.508  2012  2040 W PackageSettings: Couldn't write 10069 to /config/sdcardfs/com.android.wallpaperpicker/appid
03-22 19:57:39.508  2012  2040 W PackageSettings: Couldn't write 10003 to /config/sdcardfs/com.android.providers.contacts/appid
03-22 19:57:39.508  2012  2040 W PackageSettings: Couldn't write 10043 to /config/sdcardfs/com.android.captiveportallogin/appid
03-22 19:57:39.508  2012  2040 W PackageSettings: Couldn't write 10073 to /config/sdcardfs/cn.wps.moffice_eng/appid
03-22 19:57:39.573  2012  2040 W PackageSettings: Couldn't write 10077 to /config/sdcardfs/com.microsoft.office.word/appid
03-22 19:57:39.578  2012  2428 I ActivityManager: Killing 3227:com.google.android.gms.ui/u0a13 (adj 906): empty for 2131s
03-22 19:57:39.614  2012  2034 W ActivityManager: setHasOverlayUi called on unknown pid: 3227
03-22 19:57:39.665  2012  2040 I ActivityManager: Force stopping com.microsoft.office.word appid=10077 user=0: pkg removed
03-22 19:57:39.713  2012  5759 W BroadcastQueue: Background execution not allowed: receiving Intent { act=android.intent.action.PACKAGE_REMOVED dat=package:com.microsoft.office.word flg=0x4000010 (has extras) } to com.google.android.googlequicksearchbox/com.google.android.apps.gsa.googlequicksearchbox.GelStubAppWatcher
03-22 19:57:39.729  2012  5385 W BroadcastQueue: Background execution not allowed: receiving Intent { act=android.intent.action.PACKAGE_ADDED dat=package:com.microsoft.office.word flg=0x4000010 (has extras) } to com.google.android.googlequicksearchbox/com.google.android.apps.gsa.googlequicksearchbox.GelStubAppWatcher
03-22 19:57:39.729  2012  2027 W BroadcastQueue: Background execution not allowed: receiving Intent { act=android.intent.action.PACKAGE_ADDED dat=package:com.microsoft.office.word flg=0x4000010 (has extras) } to com.svox.pico/.VoiceDataInstallerReceiver
03-22 19:57:39.740  2012  2428 W BroadcastQueue: Background execution not allowed: receiving Intent { act=android.intent.action.PACKAGE_REPLACED dat=package:com.microsoft.office.word flg=0x4000010 (has extras) } to com.google.android.googlequicksearchbox/com.google.android.apps.gsa.googlequicksearchbox.GelStubAppWatcher
03-22 19:57:39.873  2012  2026 D AutofillManagerServiceImpl: Reset component for user 0
03-22 19:57:39.876  2012  2028 D AutofillUI: destroySaveUiUiThread(): already destroyed
03-22 19:57:39.877  2012  2026 D AutofillManagerServiceImpl: Reset component for user 0
03-22 19:57:42.452  3089  4189 W PackageParser: Unknown element under <manifest>: meta-data at /storage/emulated/0/Download/app/moffice_11.1.3_2052_cn00563_multidex_bf33c62487.apk Binary XML file line #79
03-22 19:57:42.455  3089  4189 W PackageParser: No actions in intent filter at /storage/emulated/0/Download/app/moffice_11.1.3_2052_cn00563_multidex_bf33c62487.apk Binary XML file line #4029
03-22 19:57:43.182  2012  2012 W WindowManager: removeWindowToken: Attempted to remove non-existing token: android.os.Binder@f19b45e
03-22 19:57:49.615  2012  2040 W PackageSettings: Couldn't write 10008 to /config/sdcardfs/com.android.cts.priv.ctsshim/appid
03-22 19:57:49.615  2012  2040 W PackageSettings: Couldn't write 10072 to /config/sdcardfs/com.google.android.youtube/appid
03-22 19:57:49.615  2012  2040 W PackageSettings: Couldn't write 10017 to /config/sdcardfs/com.google.android.ext.services/appid
03-22 19:57:49.615  2012  2040 W PackageSettings: Couldn't write 1001 to /config/sdcardfs/com.android.providers.telephony/appid
03-22 19:57:49.615  2012  2040 W PackageSettings: Couldn't write 10002 to /config/sdcardfs/org.android_x86.analytics/appid
03-22 19:57:49.615  2012  2040 W PackageSettings: Couldn't write 10037 to /config/sdcardfs/com.google.android.googlequicksearchbox/appid
03-22 19:57:49.615  2012  2040 W PackageSettings: Couldn't write 10004 to /config/sdcardfs/com.android.providers.calendar/appid
03-22 19:57:49.615  2012  2040 W PackageSettings: Couldn't write 10011 to /config/sdcardfs/com.android.providers.media/appid
03-22 19:57:49.615  2012  2040 W PackageSettings: Couldn't write 10075 to /config/sdcardfs/com.xuetangx.mobile/appid
03-22 19:57:49.615  2012  2040 W PackageSettings: Couldn't write 10018 to /config/sdcardfs/com.google.android.onetimeinitializer/appid
03-22 19:57:49.615  2012  2040 W PackageSettings: Couldn't write 10059 to /config/sdcardfs/com.google.android.ext.shared/appid
03-22 19:57:49.615  2012  2040 W PackageSettings: Couldn't write 10035 to /config/sdcardfs/com.android.wallpapercropper/appid
03-22 19:57:49.615  2012  2040 W PackageSettings: Couldn't write 10010 to /config/sdcardfs/com.android.documentsui/appid
03-22 19:57:49.615  2012  2040 W PackageSettings: Couldn't write 10012 to /config/sdcardfs/com.android.externalstorage/appid
03-22 19:57:49.615  2012  2040 W PackageSettings: Couldn't write 10058 to /config/sdcardfs/com.android.htmlviewer/appid
03-22 19:57:49.615  2012  2040 W PackageSettings: Couldn't write 10046 to /config/sdcardfs/com.android.companiondevicemanager/appid
03-22 19:57:49.616  2012  2040 W PackageSettings: Couldn't write 1001 to /config/sdcardfs/com.android.mms.service/appid
03-22 19:57:49.616  2012  2040 W PackageSettings: Couldn't write 10011 to /config/sdcardfs/com.android.providers.downloads/appid
03-22 19:57:49.616  2012  2040 W PackageSettings: Couldn't write 10026 to /config/sdcardfs/de.k3b.android.androFotoFinder/appid
03-22 19:57:49.616  2012  2040 W PackageSettings: Couldn't write 10077 to /config/sdcardfs/com.microsoft.office.excel/appid
03-22 19:57:49.616  2012  2040 W PackageSettings: Couldn't write 10007 to /config/sdcardfs/com.android.defcontainer/appid
03-22 19:57:49.616  2012  2040 W PackageSettings: Couldn't write 10024 to /config/sdcardfs/org.openthos.filemanager/appid
03-22 19:57:49.616  2012  2040 W PackageSettings: Couldn't write 10011 to /config/sdcardfs/com.android.providers.downloads.ui/appid
03-22 19:57:49.616  2012  2040 W PackageSettings: Couldn't write 10028 to /config/sdcardfs/com.android.vending/appid
03-22 19:57:49.616  2012  2040 W PackageSettings: Couldn't write 10065 to /config/sdcardfs/com.android.pacprocessor/appid
03-22 19:57:49.616  2012  2040 W PackageSettings: Couldn't write 10079 to /config/sdcardfs/com.tencent.mm/appid
03-22 19:57:49.616  2012  2040 W PackageSettings: Couldn't write 10051 to /config/sdcardfs/com.android.certinstaller/appid
03-22 19:57:49.616  2012  2040 W PackageSettings: Couldn't write 10005 to /config/sdcardfs/com.android.carrierconfig/appid
03-22 19:57:49.616  2012  2040 W PackageSettings: Couldn't write 1000 to /config/sdcardfs/android/appid
03-22 19:57:49.616  2012  2040 W PackageSettings: Couldn't write 10006 to /config/sdcardfs/com.android.contacts/appid
03-22 19:57:49.616  2012  2040 W PackageSettings: Couldn't write 10045 to /config/sdcardfs/com.android.camera2/appid
03-22 19:57:49.616  2012  2040 W PackageSettings: Couldn't write 10025 to /config/sdcardfs/org.openthos.soundrecorder/appid
03-22 19:57:49.616  2012  2040 W PackageSettings: Couldn't write 10053 to /config/sdcardfs/com.android.egg/appid
03-22 19:57:49.616  2012  2040 W PackageSettings: Couldn't write 10011 to /config/sdcardfs/com.android.mtp/appid
03-22 19:57:49.616  2012  2040 W PackageSettings: Couldn't write 10066 to /config/sdcardfs/com.android.launcher3/appid
03-22 19:57:49.616  2012  2040 W PackageSettings: Couldn't write 10001 to /config/sdcardfs/com.android.backupconfirm/appid
03-22 19:57:49.616  2012  2040 W PackageSettings: Couldn't write 10061 to /config/sdcardfs/org.openthos.compress/appid
03-22 19:57:49.617  2012  2040 W PackageSettings: Couldn't write 10031 to /config/sdcardfs/com.android.statementservice/appid
03-22 19:57:49.617  2012  2040 W PackageSettings: Couldn't write 10060 to /config/sdcardfs/com.google.android.gm/appid
03-22 19:57:49.617  2012  2040 W PackageSettings: Couldn't write 10052 to /config/sdcardfs/com.android.calendar/appid
03-22 19:57:49.617  2012  2040 W PackageSettings: Couldn't write 10000 to /config/sdcardfs/com.android.systemui.theme.dark/appid
03-22 19:57:49.617  2012  2040 W PackageSettings: Couldn't write 10078 to /config/sdcardfs/com.microsoft.office.outlook/appid
03-22 19:57:49.617  2012  2040 W PackageSettings: Couldn't write 10030 to /config/sdcardfs/com.google.android.setupwizard/appid
03-22 19:57:49.617  2012  2040 W PackageSettings: Couldn't write 10063 to /config/sdcardfs/org.openthos.inputmethod.pinyin/appid
03-22 19:57:49.617  2012  2040 W PackageSettings: Couldn't write 1000 to /config/sdcardfs/com.android.providers.settings/appid
03-22 19:57:49.617  2012  2040 W PackageSettings: Couldn't write 10029 to /config/sdcardfs/com.android.sharedstoragebackup/appid
03-22 19:57:49.617  2012  2040 W PackageSettings: Couldn't write 10067 to /config/sdcardfs/com.android.printspooler/appid
03-22 19:57:49.617  2012  2040 W PackageSettings: Couldn't write 10023 to /config/sdcardfs/org.openthos.seafile/appid
03-22 19:57:49.617  2012  2040 W PackageSettings: Couldn't write 10038 to /config/sdcardfs/com.android.dreams.basic/appid
03-22 19:57:49.617  2012  2040 W PackageSettings: Couldn't write 1000 to /config/sdcardfs/com.android.inputdevices/appid
03-22 19:57:49.617  2012  2040 W PackageSettings: Couldn't write 10042 to /config/sdcardfs/com.android.bips/appid
03-22 19:57:49.617  2012  2040 W PackageSettings: Couldn't write 10077 to /config/sdcardfs/com.microsoft.office.word/appid
03-22 19:57:49.617  2012  2040 W PackageSettings: Couldn't write 10009 to /config/sdcardfs/com.android.cellbroadcastreceiver/appid
03-22 19:57:49.617  2012  2040 W PackageSettings: Couldn't write 10071 to /config/sdcardfs/com.google.android.webview/appid
03-22 19:57:49.617  2012  2040 W PackageSettings: Couldn't write 10077 to /config/sdcardfs/com.microsoft.office.powerpoint/appid
03-22 19:57:49.617  2012  2040 W PackageSettings: Couldn't write 10056 to /config/sdcardfs/com.google.android.syncadapters.contacts/appid
03-22 19:57:49.617  2012  2040 W PackageSettings: Couldn't write 1000 to /config/sdcardfs/com.android.keychain/appid
03-22 19:57:49.617  2012  2040 W PackageSettings: Couldn't write 10048 to /config/sdcardfs/com.android.chrome/appid
03-22 19:57:49.617  2012  2040 W PackageSettings: Couldn't write 10014 to /config/sdcardfs/com.android.dialer/appid
03-22 19:57:49.618  2012  2040 W PackageSettings: Couldn't write 10020 to /config/sdcardfs/com.google.android.packageinstaller/appid
03-22 19:57:49.618  2012  2040 W PackageSettings: Couldn't write 10013 to /config/sdcardfs/com.google.android.gms/appid
03-22 19:57:49.618  2012  2040 W PackageSettings: Couldn't write 10013 to /config/sdcardfs/com.google.android.gsf/appid
03-22 19:57:49.618  2012  2040 W PackageSettings: Couldn't write 10003 to /config/sdcardfs/com.android.calllogbackup/appid
03-22 19:57:49.618  2012  2040 W PackageSettings: Couldn't write 10019 to /config/sdcardfs/com.google.android.partnersetup/appid
03-22 19:57:49.618  2012  2040 W PackageSettings: Couldn't write 10076 to /config/sdcardfs/com.tencent.mobileqq/appid
03-22 19:57:49.618  2012  2040 W PackageSettings: Couldn't write 10039 to /config/sdcardfs/com.android.basicsmsreceiver/appid
03-22 19:57:49.618  2012  2040 W PackageSettings: Couldn't write 10044 to /config/sdcardfs/com.android.carrierdefaultapp/appid
03-22 19:57:49.618  2012  2040 W PackageSettings: Couldn't write 10068 to /config/sdcardfs/com.svox.pico/appid
03-22 19:57:49.618  2012  2040 W PackageSettings: Couldn't write 10027 to /config/sdcardfs/com.android.proxyhandler/appid
03-22 19:57:49.618  2012  2040 W PackageSettings: Couldn't write 10062 to /config/sdcardfs/com.android.inputmethod.latin/appid
03-22 19:57:49.618  2012  2040 W PackageSettings: Couldn't write 10015 to /config/sdcardfs/com.google.android.feedback/appid
03-22 19:57:49.618  2012  2040 W PackageSettings: Couldn't write 10057 to /config/sdcardfs/com.google.android.printservice.recommendation/appid
03-22 19:57:49.618  2012  2040 W PackageSettings: Couldn't write 10055 to /config/sdcardfs/com.google.android.syncadapters.calendar/appid
03-22 19:57:49.618  2012  2040 W PackageSettings: Couldn't write 10021 to /config/sdcardfs/com.android.managedprovisioning/appid
03-22 19:57:49.618  2012  2040 W PackageSettings: Couldn't write 10064 to /config/sdcardfs/com.android.providers.partnerbookmarks/appid
03-22 19:57:49.618  2012  2040 W PackageSettings: Couldn't write 10013 to /config/sdcardfs/com.google.android.gsf.login/appid
03-22 19:57:49.618  2012  2040 W PackageSettings: Couldn't write 10013 to /config/sdcardfs/com.google.android.backuptransport/appid
03-22 19:57:49.618  2012  2040 W PackageSettings: Couldn't write 10022 to /config/sdcardfs/org.openthos.appstore/appid
03-22 19:57:49.618  2012  2040 W PackageSettings: Couldn't write 10032 to /config/sdcardfs/com.android.storagemanager/appid
03-22 19:57:49.618  2012  2040 W PackageSettings: Couldn't write 10040 to /config/sdcardfs/com.android.bookmarkprovider/appid
03-22 19:57:49.618  2012  2040 W PackageSettings: Couldn't write 1000 to /config/sdcardfs/com.android.settings/appid
03-22 19:57:49.619  2012  2040 W PackageSettings: Couldn't write 10036 to /config/sdcardfs/com.termux/appid
03-22 19:57:49.619  2012  2040 W PackageSettings: Couldn't write 10054 to /config/sdcardfs/com.android.calculator2/appid
03-22 19:57:49.619  2012  2040 W PackageSettings: Couldn't write 10047 to /config/sdcardfs/com.android.cts.ctsshim/appid
03-22 19:57:49.619  2012  2040 W PackageSettings: Couldn't write 10074 to /config/sdcardfs/com.alibaba.android.rimet/appid
03-22 19:57:49.619  2012  2040 W PackageSettings: Couldn't write 10034 to /config/sdcardfs/com.android.vpndialogs/appid
03-22 19:57:49.619  2012  2040 W PackageSettings: Couldn't write 1001 to /config/sdcardfs/com.android.phone/appid
03-22 19:57:49.619  2012  2040 W PackageSettings: Couldn't write 2000 to /config/sdcardfs/com.android.shell/appid
03-22 19:57:49.619  2012  2040 W PackageSettings: Couldn't write 1000 to /config/sdcardfs/com.android.wallpaperbackup/appid
03-22 19:57:49.619  2012  2040 W PackageSettings: Couldn't write 10003 to /config/sdcardfs/com.android.providers.blockednumber/appid
03-22 19:57:49.619  2012  2040 W PackageSettings: Couldn't write 10003 to /config/sdcardfs/com.android.providers.userdictionary/appid
03-22 19:57:49.619  2012  2040 W PackageSettings: Couldn't write 10016 to /config/sdcardfs/com.android.emergency/appid
03-22 19:57:49.619  2012  2040 W PackageSettings: Couldn't write 1000 to /config/sdcardfs/com.android.location.fused/appid
03-22 19:57:49.619  2012  2040 W PackageSettings: Couldn't write 10049 to /config/sdcardfs/com.android.deskclock/appid
03-22 19:57:49.619  2012  2040 W PackageSettings: Couldn't write 10033 to /config/sdcardfs/com.android.systemui/appid
03-22 19:57:49.619  2012  2040 W PackageSettings: Couldn't write 10041 to /config/sdcardfs/com.android.bluetoothmidiservice/appid
03-22 19:57:49.619  2012  2040 W PackageSettings: Couldn't write 10070 to /config/sdcardfs/com.termoneplus/appid
03-22 19:57:49.619  2012  2040 W PackageSettings: Couldn't write 1002 to /config/sdcardfs/com.android.bluetooth/appid
03-22 19:57:49.620  2012  2040 W PackageSettings: Couldn't write 10050 to /config/sdcardfs/com.android.development/appid
03-22 19:57:49.620  2012  2040 W PackageSettings: Couldn't write 10069 to /config/sdcardfs/com.android.wallpaperpicker/appid
03-22 19:57:49.620  2012  2040 W PackageSettings: Couldn't write 10003 to /config/sdcardfs/com.android.providers.contacts/appid
03-22 19:57:49.620  2012  2040 W PackageSettings: Couldn't write 10043 to /config/sdcardfs/com.android.captiveportallogin/appid
03-22 19:57:49.620  2012  2040 W PackageSettings: Couldn't write 10073 to /config/sdcardfs/cn.wps.moffice_eng/appid
03-22 19:57:57.384  2012  2040 W PackageManager: Invalid verification token 2 received
03-22 19:58:02.438  2012  3781 I ActivityManager: Killing 2923:com.google.process.gapps/u0a13 (adj 906): empty for 2144s
03-22 19:58:21.670  2012  2040 W PackageSettings: Couldn't write 10008 to /config/sdcardfs/com.android.cts.priv.ctsshim/appid
03-22 19:58:21.670  2012  2040 W PackageSettings: Couldn't write 10072 to /config/sdcardfs/com.google.android.youtube/appid
03-22 19:58:21.670  2012  2040 W PackageSettings: Couldn't write 10017 to /config/sdcardfs/com.google.android.ext.services/appid
03-22 19:58:21.670  2012  2040 W PackageSettings: Couldn't write 1001 to /config/sdcardfs/com.android.providers.telephony/appid
03-22 19:58:21.670  2012  2040 W PackageSettings: Couldn't write 10002 to /config/sdcardfs/org.android_x86.analytics/appid
03-22 19:58:21.670  2012  2040 W PackageSettings: Couldn't write 10037 to /config/sdcardfs/com.google.android.googlequicksearchbox/appid
03-22 19:58:21.670  2012  2040 W PackageSettings: Couldn't write 10004 to /config/sdcardfs/com.android.providers.calendar/appid
03-22 19:58:21.670  2012  2040 W PackageSettings: Couldn't write 10011 to /config/sdcardfs/com.android.providers.media/appid
03-22 19:58:21.671  2012  2040 W PackageSettings: Couldn't write 10075 to /config/sdcardfs/com.xuetangx.mobile/appid
03-22 19:58:21.671  2012  2040 W PackageSettings: Couldn't write 10018 to /config/sdcardfs/com.google.android.onetimeinitializer/appid
03-22 19:58:21.671  2012  2040 W PackageSettings: Couldn't write 10059 to /config/sdcardfs/com.google.android.ext.shared/appid
03-22 19:58:21.671  2012  2040 W PackageSettings: Couldn't write 10035 to /config/sdcardfs/com.android.wallpapercropper/appid
03-22 19:58:21.671  2012  2040 W PackageSettings: Couldn't write 10010 to /config/sdcardfs/com.android.documentsui/appid
03-22 19:58:21.671  2012  2040 W PackageSettings: Couldn't write 10012 to /config/sdcardfs/com.android.externalstorage/appid
03-22 19:58:21.671  2012  2040 W PackageSettings: Couldn't write 10058 to /config/sdcardfs/com.android.htmlviewer/appid
03-22 19:58:21.671  2012  2040 W PackageSettings: Couldn't write 10046 to /config/sdcardfs/com.android.companiondevicemanager/appid
03-22 19:58:21.671  2012  2040 W PackageSettings: Couldn't write 1001 to /config/sdcardfs/com.android.mms.service/appid
03-22 19:58:21.671  2012  2040 W PackageSettings: Couldn't write 10011 to /config/sdcardfs/com.android.providers.downloads/appid
03-22 19:58:21.671  2012  2040 W PackageSettings: Couldn't write 10026 to /config/sdcardfs/de.k3b.android.androFotoFinder/appid
03-22 19:58:21.672  2012  2040 W PackageSettings: Couldn't write 10077 to /config/sdcardfs/com.microsoft.office.excel/appid
03-22 19:58:21.672  2012  2040 W PackageSettings: Couldn't write 10007 to /config/sdcardfs/com.android.defcontainer/appid
03-22 19:58:21.672  2012  2040 W PackageSettings: Couldn't write 10024 to /config/sdcardfs/org.openthos.filemanager/appid
03-22 19:58:21.672  2012  2040 W PackageSettings: Couldn't write 10011 to /config/sdcardfs/com.android.providers.downloads.ui/appid
03-22 19:58:21.672  2012  2040 W PackageSettings: Couldn't write 10028 to /config/sdcardfs/com.android.vending/appid
03-22 19:58:21.672  2012  2040 W PackageSettings: Couldn't write 10065 to /config/sdcardfs/com.android.pacprocessor/appid
03-22 19:58:21.672  2012  2040 W PackageSettings: Couldn't write 10079 to /config/sdcardfs/com.tencent.mm/appid
03-22 19:58:21.672  2012  2040 W PackageSettings: Couldn't write 10051 to /config/sdcardfs/com.android.certinstaller/appid
03-22 19:58:21.672  2012  2040 W PackageSettings: Couldn't write 10005 to /config/sdcardfs/com.android.carrierconfig/appid
03-22 19:58:21.672  2012  2040 W PackageSettings: Couldn't write 1000 to /config/sdcardfs/android/appid
03-22 19:58:21.672  2012  2040 W PackageSettings: Couldn't write 10006 to /config/sdcardfs/com.android.contacts/appid
03-22 19:58:21.672  2012  2040 W PackageSettings: Couldn't write 10045 to /config/sdcardfs/com.android.camera2/appid
03-22 19:58:21.673  2012  2040 W PackageSettings: Couldn't write 10025 to /config/sdcardfs/org.openthos.soundrecorder/appid
03-22 19:58:21.673  2012  2040 W PackageSettings: Couldn't write 10053 to /config/sdcardfs/com.android.egg/appid
03-22 19:58:21.673  2012  2040 W PackageSettings: Couldn't write 10011 to /config/sdcardfs/com.android.mtp/appid
03-22 19:58:21.673  2012  2040 W PackageSettings: Couldn't write 10066 to /config/sdcardfs/com.android.launcher3/appid
03-22 19:58:21.673  2012  2040 W PackageSettings: Couldn't write 10001 to /config/sdcardfs/com.android.backupconfirm/appid
03-22 19:58:21.673  2012  2040 W PackageSettings: Couldn't write 10061 to /config/sdcardfs/org.openthos.compress/appid
03-22 19:58:21.673  2012  2040 W PackageSettings: Couldn't write 10031 to /config/sdcardfs/com.android.statementservice/appid
03-22 19:58:21.673  2012  2040 W PackageSettings: Couldn't write 10060 to /config/sdcardfs/com.google.android.gm/appid
03-22 19:58:21.673  2012  2040 W PackageSettings: Couldn't write 10052 to /config/sdcardfs/com.android.calendar/appid
03-22 19:58:21.673  2012  2040 W PackageSettings: Couldn't write 10000 to /config/sdcardfs/com.android.systemui.theme.dark/appid
03-22 19:58:21.673  2012  2040 W PackageSettings: Couldn't write 10078 to /config/sdcardfs/com.microsoft.office.outlook/appid
03-22 19:58:21.674  2012  2040 W PackageSettings: Couldn't write 10030 to /config/sdcardfs/com.google.android.setupwizard/appid
03-22 19:58:21.674  2012  2040 W PackageSettings: Couldn't write 10063 to /config/sdcardfs/org.openthos.inputmethod.pinyin/appid
03-22 19:58:21.674  2012  2040 W PackageSettings: Couldn't write 1000 to /config/sdcardfs/com.android.providers.settings/appid
03-22 19:58:21.674  2012  2040 W PackageSettings: Couldn't write 10029 to /config/sdcardfs/com.android.sharedstoragebackup/appid
03-22 19:58:21.674  2012  2040 W PackageSettings: Couldn't write 10067 to /config/sdcardfs/com.android.printspooler/appid
03-22 19:58:21.674  2012  2040 W PackageSettings: Couldn't write 10023 to /config/sdcardfs/org.openthos.seafile/appid
03-22 19:58:21.674  2012  2040 W PackageSettings: Couldn't write 10038 to /config/sdcardfs/com.android.dreams.basic/appid
03-22 19:58:21.674  2012  2040 W PackageSettings: Couldn't write 1000 to /config/sdcardfs/com.android.inputdevices/appid
03-22 19:58:21.674  2012  2040 W PackageSettings: Couldn't write 10042 to /config/sdcardfs/com.android.bips/appid
03-22 19:58:21.674  2012  2040 W PackageSettings: Couldn't write 10077 to /config/sdcardfs/com.microsoft.office.word/appid
03-22 19:58:21.674  2012  2040 W PackageSettings: Couldn't write 10009 to /config/sdcardfs/com.android.cellbroadcastreceiver/appid
03-22 19:58:21.674  2012  2040 W PackageSettings: Couldn't write 10071 to /config/sdcardfs/com.google.android.webview/appid
03-22 19:58:21.675  2012  2040 W PackageSettings: Couldn't write 10077 to /config/sdcardfs/com.microsoft.office.powerpoint/appid
03-22 19:58:21.675  2012  2040 W PackageSettings: Couldn't write 10056 to /config/sdcardfs/com.google.android.syncadapters.contacts/appid
03-22 19:58:21.675  2012  2040 W PackageSettings: Couldn't write 1000 to /config/sdcardfs/com.android.keychain/appid
03-22 19:58:21.675  2012  2040 W PackageSettings: Couldn't write 10048 to /config/sdcardfs/com.android.chrome/appid
03-22 19:58:21.675  2012  2040 W PackageSettings: Couldn't write 10014 to /config/sdcardfs/com.android.dialer/appid
03-22 19:58:21.675  2012  2040 W PackageSettings: Couldn't write 10020 to /config/sdcardfs/com.google.android.packageinstaller/appid
03-22 19:58:21.675  2012  2040 W PackageSettings: Couldn't write 10013 to /config/sdcardfs/com.google.android.gms/appid
03-22 19:58:21.675  2012  2040 W PackageSettings: Couldn't write 10013 to /config/sdcardfs/com.google.android.gsf/appid
03-22 19:58:21.675  2012  2040 W PackageSettings: Couldn't write 10003 to /config/sdcardfs/com.android.calllogbackup/appid
03-22 19:58:21.675  2012  2040 W PackageSettings: Couldn't write 10019 to /config/sdcardfs/com.google.android.partnersetup/appid
03-22 19:58:21.675  2012  2040 W PackageSettings: Couldn't write 10076 to /config/sdcardfs/com.tencent.mobileqq/appid
03-22 19:58:21.676  2012  2040 W PackageSettings: Couldn't write 10039 to /config/sdcardfs/com.android.basicsmsreceiver/appid
03-22 19:58:21.676  2012  2040 W PackageSettings: Couldn't write 10044 to /config/sdcardfs/com.android.carrierdefaultapp/appid
03-22 19:58:21.676  2012  2040 W PackageSettings: Couldn't write 10068 to /config/sdcardfs/com.svox.pico/appid
03-22 19:58:21.676  2012  2040 W PackageSettings: Couldn't write 10027 to /config/sdcardfs/com.android.proxyhandler/appid
03-22 19:58:21.676  2012  2040 W PackageSettings: Couldn't write 10062 to /config/sdcardfs/com.android.inputmethod.latin/appid
03-22 19:58:21.676  2012  2040 W PackageSettings: Couldn't write 10015 to /config/sdcardfs/com.google.android.feedback/appid
03-22 19:58:21.676  2012  2040 W PackageSettings: Couldn't write 10057 to /config/sdcardfs/com.google.android.printservice.recommendation/appid
03-22 19:58:21.676  2012  2040 W PackageSettings: Couldn't write 10055 to /config/sdcardfs/com.google.android.syncadapters.calendar/appid
03-22 19:58:21.676  2012  2040 W PackageSettings: Couldn't write 10021 to /config/sdcardfs/com.android.managedprovisioning/appid
03-22 19:58:21.676  2012  2040 W PackageSettings: Couldn't write 10064 to /config/sdcardfs/com.android.providers.partnerbookmarks/appid
03-22 19:58:21.676  2012  2040 W PackageSettings: Couldn't write 10013 to /config/sdcardfs/com.google.android.gsf.login/appid
03-22 19:58:21.676  2012  2040 W PackageSettings: Couldn't write 10013 to /config/sdcardfs/com.google.android.backuptransport/appid
