05-31 15:03:45.303  2239  2268 W PackageSettings: Couldn't write 10027 to /config/sdcardfs/com.android.vending/appid
05-31 15:03:45.303  2239  2268 W PackageSettings: Couldn't write 10066 to /config/sdcardfs/com.android.pacprocessor/appid
05-31 15:03:45.303  2239  2268 W PackageSettings: Couldn't write 10046 to /config/sdcardfs/com.android.certinstaller/appid
05-31 15:03:45.303  2239  2268 W PackageSettings: Couldn't write 10005 to /config/sdcardfs/com.android.carrierconfig/appid
05-31 15:03:45.303  2239  2268 W PackageSettings: Couldn't write 1000 to /config/sdcardfs/android/appid
05-31 15:03:45.303  2239  2268 W PackageSettings: Couldn't write 10009 to /config/sdcardfs/com.android.contacts/appid
05-31 15:03:45.303  2239  2268 W PackageSettings: Couldn't write 10047 to /config/sdcardfs/com.android.camera2/appid
05-31 15:03:45.303  2239  2268 W PackageSettings: Couldn't write 10025 to /config/sdcardfs/org.openthos.soundrecorder/appid
05-31 15:03:45.303  2239  2268 W PackageSettings: Couldn't write 10052 to /config/sdcardfs/com.android.egg/appid
05-31 15:03:45.303  2239  2268 W PackageSettings: Couldn't write 10011 to /config/sdcardfs/com.android.mtp/appid
05-31 15:03:45.303  2239  2268 W PackageSettings: Couldn't write 10064 to /config/sdcardfs/com.android.launcher3/appid
05-31 15:03:45.303  2239  2268 W PackageSettings: Couldn't write 10002 to /config/sdcardfs/com.android.backupconfirm/appid
05-31 15:03:45.303  2239  2268 W PackageSettings: Couldn't write 10062 to /config/sdcardfs/org.openthos.compress/appid
05-31 15:03:45.303  2239  2268 W PackageSettings: Couldn't write 10030 to /config/sdcardfs/com.android.statementservice/appid
05-31 15:03:45.303  2239  2268 W PackageSettings: Couldn't write 10061 to /config/sdcardfs/com.google.android.gm/appid
05-31 15:03:45.303  2239  2268 W PackageSettings: Couldn't write 10044 to /config/sdcardfs/com.android.calendar/appid
05-31 15:03:45.303  2239  2268 W PackageSettings: Couldn't write 10000 to /config/sdcardfs/com.android.systemui.theme.dark/appid
05-31 15:03:45.303  2239  2268 W PackageSettings: Couldn't write 10031 to /config/sdcardfs/com.google.android.setupwizard/appid
05-31 15:03:45.303  2239  2268 W PackageSettings: Couldn't write 10065 to /config/sdcardfs/org.openthos.inputmethod.pinyin/appid
05-31 15:03:45.303  2239  2268 W PackageSettings: Couldn't write 1000 to /config/sdcardfs/com.android.providers.settings/appid
05-31 15:03:45.303  2239  2268 W PackageSettings: Couldn't write 10029 to /config/sdcardfs/com.android.sharedstoragebackup/appid
05-31 15:03:45.303  2239  2268 W PackageSettings: Couldn't write 10069 to /config/sdcardfs/com.android.printspooler/appid
05-31 15:03:45.303  2239  2268 W PackageSettings: Couldn't write 10023 to /config/sdcardfs/org.openthos.seafile/appid
05-31 15:03:45.303  2239  2268 W PackageSettings: Couldn't write 10040 to /config/sdcardfs/com.android.dreams.basic/appid
05-31 15:03:45.303  2239  2268 W PackageSettings: Couldn't write 1000 to /config/sdcardfs/com.android.inputdevices/appid
05-31 15:03:45.303  2239  2268 W PackageSettings: Couldn't write 10042 to /config/sdcardfs/com.android.bips/appid
05-31 15:03:45.303  2239  2268 W PackageSettings: Couldn't write 10008 to /config/sdcardfs/com.android.cellbroadcastreceiver/appid
05-31 15:03:45.303  2239  2268 W PackageSettings: Couldn't write 10072 to /config/sdcardfs/com.google.android.webview/appid
05-31 15:03:45.303  2239  2268 W PackageSettings: Couldn't write 10058 to /config/sdcardfs/com.google.android.syncadapters.contacts/appid
05-31 15:03:45.303  2239  2268 W PackageSettings: Couldn't write 1000 to /config/sdcardfs/com.android.keychain/appid
05-31 15:03:45.303  2239  2268 W PackageSettings: Couldn't write 10051 to /config/sdcardfs/com.android.chrome/appid
05-31 15:03:45.303  2239  2268 W PackageSettings: Couldn't write 10015 to /config/sdcardfs/com.android.dialer/appid
05-31 15:03:45.303  2239  2268 W PackageSettings: Couldn't write 10019 to /config/sdcardfs/com.google.android.packageinstaller/appid
05-31 15:03:45.303  2239  2268 W PackageSettings: Couldn't write 10014 to /config/sdcardfs/com.google.android.gms/appid
05-31 15:03:45.303  2239  2268 W PackageSettings: Couldn't write 10014 to /config/sdcardfs/com.google.android.gsf/appid
05-31 15:03:45.303  2239  2268 W PackageSettings: Couldn't write 10003 to /config/sdcardfs/com.android.calllogbackup/appid
05-31 15:03:45.304  2239  2268 W PackageSettings: Couldn't write 10020 to /config/sdcardfs/com.google.android.partnersetup/appid
05-31 15:03:45.304  2239  2268 W PackageSettings: Couldn't write 10038 to /config/sdcardfs/com.android.basicsmsreceiver/appid
05-31 15:03:45.304  2239  2268 W PackageSettings: Couldn't write 10045 to /config/sdcardfs/com.android.carrierdefaultapp/appid
05-31 15:03:45.304  2239  2268 W PackageSettings: Couldn't write 10068 to /config/sdcardfs/com.svox.pico/appid
05-31 15:03:45.304  2239  2268 W PackageSettings: Couldn't write 10028 to /config/sdcardfs/com.android.proxyhandler/appid
05-31 15:03:45.304  2239  2268 W PackageSettings: Couldn't write 10063 to /config/sdcardfs/com.android.inputmethod.latin/appid
05-31 15:03:45.304  2239  2268 W PackageSettings: Couldn't write 10017 to /config/sdcardfs/com.google.android.feedback/appid
05-31 15:03:45.304  2239  2268 W PackageSettings: Couldn't write 10057 to /config/sdcardfs/com.google.android.printservice.recommendation/appid
05-31 15:03:45.304  2239  2268 W PackageSettings: Couldn't write 10059 to /config/sdcardfs/com.google.android.syncadapters.calendar/appid
05-31 15:03:45.304  2239  2268 W PackageSettings: Couldn't write 10021 to /config/sdcardfs/com.android.managedprovisioning/appid
05-31 15:03:45.304  2239  2268 W PackageSettings: Couldn't write 10067 to /config/sdcardfs/com.android.providers.partnerbookmarks/appid
05-31 15:03:45.304  2239  2268 W PackageSettings: Couldn't write 10014 to /config/sdcardfs/com.google.android.gsf.login/appid
05-31 15:03:45.304  2239  2268 W PackageSettings: Couldn't write 10014 to /config/sdcardfs/com.google.android.backuptransport/appid
05-31 15:03:45.304  2239  2268 W PackageSettings: Couldn't write 10022 to /config/sdcardfs/org.openthos.appstore/appid
05-31 15:03:45.304  2239  2268 W PackageSettings: Couldn't write 10032 to /config/sdcardfs/com.android.storagemanager/appid
05-31 15:03:45.304  2239  2268 W PackageSettings: Couldn't write 10041 to /config/sdcardfs/com.android.bookmarkprovider/appid
05-31 15:03:45.304  2239  2268 W PackageSettings: Couldn't write 1000 to /config/sdcardfs/com.android.settings/appid
05-31 15:03:45.304  2239  2268 W PackageSettings: Couldn't write 10034 to /config/sdcardfs/com.termux/appid
05-31 15:03:45.304  2239  2268 W PackageSettings: Couldn't write 10055 to /config/sdcardfs/com.android.calculator2/appid
05-31 15:03:45.304  2239  2268 W PackageSettings: Couldn't write 10048 to /config/sdcardfs/com.android.cts.ctsshim/appid
05-31 15:03:45.304  2239  2268 W PackageSettings: Couldn't write 10035 to /config/sdcardfs/com.android.vpndialogs/appid
05-31 15:03:45.304  2239  2268 W PackageSettings: Couldn't write 1001 to /config/sdcardfs/com.android.phone/appid
05-31 15:03:45.304  2239  2268 W PackageSettings: Couldn't write 2000 to /config/sdcardfs/com.android.shell/appid
05-31 15:03:45.304  2239  2268 W PackageSettings: Couldn't write 1000 to /config/sdcardfs/com.android.wallpaperbackup/appid
05-31 15:03:45.304  2239  2268 W PackageSettings: Couldn't write 10003 to /config/sdcardfs/com.android.providers.blockednumber/appid
05-31 15:03:45.304  2239  2268 W PackageSettings: Couldn't write 10003 to /config/sdcardfs/com.android.providers.userdictionary/appid
05-31 15:03:45.304  2239  2268 W PackageSettings: Couldn't write 10013 to /config/sdcardfs/com.android.emergency/appid
05-31 15:03:45.304  2239  2268 W PackageSettings: Couldn't write 1000 to /config/sdcardfs/com.android.location.fused/appid
05-31 15:03:45.304  2239  2268 W PackageSettings: Couldn't write 10053 to /config/sdcardfs/com.android.deskclock/appid
05-31 15:03:45.304  2239  2268 W PackageSettings: Couldn't write 10033 to /config/sdcardfs/com.android.systemui/appid
05-31 15:03:45.304  2239  2268 W PackageSettings: Couldn't write 10039 to /config/sdcardfs/com.android.bluetoothmidiservice/appid
05-31 15:03:45.304  2239  2268 W PackageSettings: Couldn't write 10070 to /config/sdcardfs/com.termoneplus/appid
05-31 15:03:45.305  2239  2268 W PackageSettings: Couldn't write 1002 to /config/sdcardfs/com.android.bluetooth/appid
05-31 15:03:45.305  2239  2261 W ActivityManager: setHasOverlayUi called on unknown pid: 4590
05-31 15:03:45.305  2239  2268 W PackageSettings: Couldn't write 10050 to /config/sdcardfs/com.android.development/appid
05-31 15:03:45.305  2239  2268 W PackageSettings: Couldn't write 10071 to /config/sdcardfs/com.android.wallpaperpicker/appid
05-31 15:03:45.305  2239  2268 W PackageSettings: Couldn't write 10003 to /config/sdcardfs/com.android.providers.contacts/appid
05-31 15:03:45.305  2239  2268 W PackageSettings: Couldn't write 10043 to /config/sdcardfs/com.android.captiveportallogin/appid
05-31 15:03:45.370  4620  4620 D ViewRootImpl[UninstallerActivity]: updatePointerIcon called with position out of bounds
05-31 15:03:45.375  2239  2268 I ActivityManager: Start proc 5044:com.android.defcontainer/u0a7 for service com.android.defcontainer/.DefaultContainerService
05-31 15:03:45.376  2239  2268 I ActivityManager: Force stopping com.seafile.seadroid2.debug appid=10074 user=0: pkg removed
05-31 15:03:45.380  2239  2268 D KernelUidCpuTimeReader: Removing uids 10074-10074
05-31 15:03:45.380  4620  4620 D ViewRootImpl[UninstallerActivity]: updatePointerIcon called with position out of bounds
05-31 15:03:45.403  2239  2239 D ZenLog  : config: removeAutomaticZenRules,ZenModeConfig[user=0,allowCalls=true,allowRepeatCallers=false,allowMessages=false,allowCallsFrom=contacts,allowMessagesFrom=contacts,allowReminders=true,allowEvents=true,allowWhenScreenOff=true,allowWhenScreenOn=true,automaticRules={EVENTS_DEFAULT_RULE=ZenRule[enabled=false,snoozing=false,name=Event,zenMode=ZEN_MODE_ALARMS,conditionId=condition://android/event?userId=-10000&calendar=&reply=1,condition=Condition[id=condition://android/event?userId=-10000&calendar=&reply=1,summary=...,line1=...,line2=...,icon=0,state=STATE_FALSE,flags=2],component=ComponentInfo{android/com.android.server.notification.EventConditionProvider},id=EVENTS_DEFAULT_RULE,creationTime=1559139604056,enabler=null], SCHEDULED_DEFAULT_RULE_1=ZenRule[enabled=false,snoozing=false,name=Weeknight,zenMode=ZEN_MODE_ALARMS,conditionId=condition://android/schedule?days=1.2.3.4.5&start=22.0&end=7.0&exitAtAlarm=false,condition=Condition[id=condition://android/schedule?days=1.2.3.4.5&start=22.0&end=7.0&exitAtAlarm=false,summary=...,line1=...,line2=...,icon=0,state=STATE_FALSE,flags=2],component=ComponentInfo{android/com.android.server.notification.ScheduleConditionProvider},id=SCHEDULED_DEFAULT_RULE_1,creationTime=1559139604056,enabler=null], SCHEDULED_DEFAULT_RULE_2=ZenRule[enabled=false,snoozing=false,name=Weekend,zenMode=ZEN_MODE_ALARMS,conditionId=condition://android/schedule?days=6.7&start=23.30&end=10.0&exitAtAlarm=false,condition=Condition[id=condition://android/schedule?days=6.7&start=23.30&end=10.0&exitAtAlarm=false,summary=...,line1=...,line2=...,icon=0,state=STATE_FALSE,flags=2],component=ComponentInfo{android/com.android.server.notification.ScheduleConditionProvider},id=SCHEDULED_DEFAULT_RULE_2,creationTime=1559139604056,enabler=null]},manualRule=null],Diff[]
05-31 15:03:45.403  2239  2239 I ConditionProviders: Disallowing condition provider com.seafile.seadroid2.debug
05-31 15:03:45.410  2239  2253 D AutofillManagerServiceImpl: Reset component for user 0
05-31 15:03:45.410  2239  2255 D AutofillUI: destroySaveUiUiThread(): already destroyed
05-31 15:03:45.417  2239  2239 W AccountManagerService: deleting account dev.openthos.org (qijw053107@openthos.org) because type com.seafile.seadroid2.debug.account.api2's registered authenticator no longer exist.
05-31 15:03:45.427  2239  2239 D ZenLog  : set_zen_mode: off,removeAutomaticZenRules
05-31 15:03:46.631  2239  5041 W BroadcastQueue: Background execution not allowed: receiving Intent { act=android.bluetooth.device.action.UUID flg=0x10 (has extras) } to com.google.android.googlequicksearchbox/com.google.android.apps.gsa.broadcastreceiver.CommonBroadcastReceiver
05-31 15:03:46.634  2239  4215 W BroadcastQueue: Background execution not allowed: receiving Intent { act=android.bluetooth.device.action.UUID flg=0x10 (has extras) } to com.google.android.googlequicksearchbox/com.google.android.apps.gsa.broadcastreceiver.CommonBroadcastReceiver
05-31 15:03:47.677  2239  4215 E WindowManager: Unknown window type: 2039
05-31 15:03:47.704  2239  4215 I chatty  : uid=1000(system) Binder:2239_F identical 4 lines
05-31 15:03:47.752  2239  4215 E WindowManager: Unknown window type: 2039
05-31 15:03:47.794  2239  2285 E WindowManager: Unknown window type: 2039
05-31 15:03:47.797  2239  4215 E WindowManager: Unknown window type: 2039
05-31 15:03:47.804  2239  2285 E WindowManager: Unknown window type: 2039
05-31 15:03:47.919  2239  2285 E WindowManager: Unknown window type: 2039
05-31 15:03:48.888  2239  2239 E WindowManager: Unknown window type: 2039
05-31 15:03:48.890  2239  2239 E WindowManager: Unknown window type: 2039
05-31 15:03:48.890  2239  2239 W WindowManager: removeWindowToken: Attempted to remove non-existing token: android.os.Binder@633ce09
05-31 15:03:48.891  2239  4215 E WindowManager: Unknown window type: 2039
05-31 15:03:48.894  2239  2261 E WindowManager: Unknown window type: 2039
05-31 15:03:49.419  2239  2285 E WindowManager: Unknown window type: 2039
05-31 15:03:49.421  2239  2285 E WindowManager: Unknown window type: 2039
05-31 15:03:49.585  2363  2363 D ViewRootImpl[]: updatePointerIcon called with position out of bounds
05-31 15:03:49.752  2363  2363 I chatty  : uid=10033(com.android.systemui) identical 10 lines
05-31 15:03:49.769  2363  2363 D ViewRootImpl[]: updatePointerIcon called with position out of bounds
05-31 15:03:56.680  2239  4215 W BroadcastQueue: Background execution not allowed: receiving Intent { act=android.bluetooth.device.action.UUID flg=0x10 (has extras) } to com.google.android.googlequicksearchbox/com.google.android.apps.gsa.broadcastreceiver.CommonBroadcastReceiver
05-31 15:03:56.685  2239  4215 W BroadcastQueue: Background execution not allowed: receiving Intent { act=android.bluetooth.device.action.UUID flg=0x10 (has extras) } to com.google.android.googlequicksearchbox/com.google.android.apps.gsa.broadcastreceiver.CommonBroadcastReceiver
05-31 15:03:56.710  2239  4215 I ActivityManager: Start proc 5077:com.android.vending:instant_app_installer/u0a27 for broadcast com.android.vending/com.google.android.finsky.instantapps.appmanagement.InstantAppRemoveMonitor
05-31 15:03:56.766  2239  5041 W BroadcastQueue: Background execution not allowed: receiving Intent { act=android.intent.action.PACKAGE_REMOVED dat=package:com.seafile.seadroid2.debug flg=0x4000010 (has extras) } to com.google.android.googlequicksearchbox/com.google.android.apps.gsa.googlequicksearchbox.GelStubAppWatcher
05-31 15:03:56.777  2239  2254 I ActivityManager: Start proc 5104:com.android.documentsui/u0a10 for broadcast com.android.documentsui/.PackageReceiver
05-31 15:03:56.820  2239  2251 I ActivityManager: Start proc 5139:com.android.externalstorage/u0a12 for content provider com.android.externalstorage/.ExternalStorageProvider
05-31 15:03:56.840  2239  4215 I ActivityManager: Start proc 5158:com.android.mtp/u0a11 for content provider com.android.mtp/.MtpDocumentsProvider
05-31 15:03:56.841  2239  2979 I ActivityManager: Killing 2655:com.android.settings/1000 (adj 906): empty #17
05-31 15:03:56.841  2239  2979 I ActivityManager: Killing 3709:com.google.android.gms.ui/u0a14 (adj 906): empty #18
05-31 15:03:56.847  2239  5155 E WindowManager: Unknown window type: 2039
05-31 15:03:56.858  2239  2251 I ActivityManager: Start proc 5180:android.process.media/u0a11 for broadcast com.android.providers.downloads/.DownloadReceiver
05-31 15:03:56.859  2239  2250 E WindowManager: Unknown window type: 2039
05-31 15:03:56.860  2239  2261 W ActivityManager: setHasOverlayUi called on unknown pid: 2655
05-31 15:03:56.887  2239  4215 I ActivityManager: Start proc 5209:com.termux/u0a34 for content provider com.termux/.filepicker.TermuxDocumentsProvider
05-31 15:03:56.888  2239  2980 I ActivityManager: Killing 3268:com.android.providers.calendar/u0a4 (adj 906): empty #17
05-31 15:03:56.892  2239  2980 W ActivityManager: Unable to start service Intent { cmp=com.google.android.gm.exchange/com.android.exchange.service.EasService } U=0: not found
05-31 15:03:56.898  2239  5041 I ActivityManager: Killing 4523:com.google.process.gapps/u0a58 (adj 906): empty #17
05-31 15:03:56.899  2239  4215 E WindowManager: Unknown window type: 2039
05-31 15:03:56.901  2239  5041 E WindowManager: Unknown window type: 2039
05-31 15:03:56.912  2239  5041 I ActivityManager: Start proc 5235:com.google.process.gapps/u0a58 for broadcast com.google.android.syncadapters.contacts/.ContactsSyncAdapterBroadcastReceiver
05-31 15:04:06.967  2239  3747 W BroadcastQueue: Background execution not allowed: receiving Intent { act=android.bluetooth.device.action.UUID flg=0x10 (has extras) } to com.google.android.googlequicksearchbox/com.google.android.apps.gsa.broadcastreceiver.CommonBroadcastReceiver
05-31 15:04:06.970  2239  5041 W BroadcastQueue: Background execution not allowed: receiving Intent { act=android.bluetooth.device.action.UUID flg=0x10 (has extras) } to com.google.android.googlequicksearchbox/com.google.android.apps.gsa.broadcastreceiver.CommonBroadcastReceiver
05-31 15:04:17.016  2239  3747 W BroadcastQueue: Background execution not allowed: receiving Intent { act=android.bluetooth.device.action.UUID flg=0x10 (has extras) } to com.google.android.googlequicksearchbox/com.google.android.apps.gsa.broadcastreceiver.CommonBroadcastReceiver
05-31 15:04:17.021  2239  3747 W BroadcastQueue: Background execution not allowed: receiving Intent { act=android.bluetooth.device.action.UUID flg=0x10 (has extras) } to com.google.android.googlequicksearchbox/com.google.android.apps.gsa.broadcastreceiver.CommonBroadcastReceiver
05-31 15:04:26.991  2239  2254 I ActivityManager: Waited long enough for: ServiceRecord{5a86f0a u0 com.android.vending/com.google.android.finsky.heterodyne.HeterodyneSyncService}
05-31 15:04:27.072  2239  2567 W BroadcastQueue: Background execution not allowed: receiving Intent { act=android.bluetooth.device.action.UUID flg=0x10 (has extras) } to com.google.android.googlequicksearchbox/com.google.android.apps.gsa.broadcastreceiver.CommonBroadcastReceiver
05-31 15:04:27.079  2239  4215 W BroadcastQueue: Background execution not allowed: receiving Intent { act=android.bluetooth.device.action.UUID flg=0x10 (has extras) } to com.google.android.googlequicksearchbox/com.google.android.apps.gsa.broadcastreceiver.CommonBroadcastReceiver
05-31 15:04:33.946  2239  2268 I PackageManager: Verification timed out for file:///data/app/vmdl566944341.tmp
05-31 15:04:33.947  2239  2268 I PackageManager: Continuing with installation of file:///data/app/vmdl566944341.tmp
05-31 15:04:34.366  2239  2268 W PackageSettings: Couldn't write 10006 to /config/sdcardfs/com.android.cts.priv.ctsshim/appid
05-31 15:04:34.366  2239  2268 W PackageSettings: Couldn't write 10073 to /config/sdcardfs/com.google.android.youtube/appid
05-31 15:04:34.366  2239  2268 W PackageSettings: Couldn't write 10054 to /config/sdcardfs/org.chromium.chrome/appid
05-31 15:04:34.366  2239  2268 W PackageSettings: Couldn't write 10016 to /config/sdcardfs/com.google.android.ext.services/appid
05-31 15:04:34.366  2239  2268 W PackageSettings: Couldn't write 1001 to /config/sdcardfs/com.android.providers.telephony/appid
05-31 15:04:34.366  2239  2268 W PackageSettings: Couldn't write 10001 to /config/sdcardfs/org.android_x86.analytics/appid
05-31 15:04:34.366  2239  2268 W PackageSettings: Couldn't write 10036 to /config/sdcardfs/com.google.android.googlequicksearchbox/appid
05-31 15:04:34.366  2239  2268 W PackageSettings: Couldn't write 10004 to /config/sdcardfs/com.android.providers.calendar/appid
05-31 15:04:34.367  2239  2268 W PackageSettings: Couldn't write 10011 to /config/sdcardfs/com.android.providers.media/appid
05-31 15:04:34.367  2239  2268 W PackageSettings: Couldn't write 10018 to /config/sdcardfs/com.google.android.onetimeinitializer/appid
05-31 15:04:34.367  2239  2268 W PackageSettings: Couldn't write 10056 to /config/sdcardfs/com.google.android.ext.shared/appid
05-31 15:04:34.367  2239  2268 W PackageSettings: Couldn't write 10037 to /config/sdcardfs/com.android.wallpapercropper/appid
05-31 15:04:34.367  2239  2268 W PackageSettings: Couldn't write 10010 to /config/sdcardfs/com.android.documentsui/appid
05-31 15:04:34.367  2239  2268 W PackageSettings: Couldn't write 10012 to /config/sdcardfs/com.android.externalstorage/appid
05-31 15:04:34.367  2239  2268 W PackageSettings: Couldn't write 10060 to /config/sdcardfs/com.android.htmlviewer/appid
05-31 15:04:34.367  2239  2268 W PackageSettings: Couldn't write 10049 to /config/sdcardfs/com.android.companiondevicemanager/appid
05-31 15:04:34.367  2239  2268 W PackageSettings: Couldn't write 1001 to /config/sdcardfs/com.android.mms.service/appid
05-31 15:04:34.367  2239  2268 W PackageSettings: Couldn't write 10011 to /config/sdcardfs/com.android.providers.downloads/appid
05-31 15:04:34.367  2239  2268 W PackageSettings: Couldn't write 10026 to /config/sdcardfs/de.k3b.android.androFotoFinder/appid
05-31 15:04:34.367  2239  2268 W PackageSettings: Couldn't write 10007 to /config/sdcardfs/com.android.defcontainer/appid
05-31 15:04:34.367  2239  2268 W PackageSettings: Couldn't write 10024 to /config/sdcardfs/org.openthos.filemanager/appid
05-31 15:04:34.367  2239  2268 W PackageSettings: Couldn't write 10011 to /config/sdcardfs/com.android.providers.downloads.ui/appid
05-31 15:04:34.367  2239  2268 W PackageSettings: Couldn't write 10027 to /config/sdcardfs/com.android.vending/appid
05-31 15:04:34.367  2239  2268 W PackageSettings: Couldn't write 10066 to /config/sdcardfs/com.android.pacprocessor/appid
05-31 15:04:34.367  2239  2268 W PackageSettings: Couldn't write 10075 to /config/sdcardfs/com.seafile.seadroid2.debug/appid
05-31 15:04:34.367  2239  2268 W PackageSettings: Couldn't write 10046 to /config/sdcardfs/com.android.certinstaller/appid
05-31 15:04:34.367  2239  2268 W PackageSettings: Couldn't write 10005 to /config/sdcardfs/com.android.carrierconfig/appid
05-31 15:04:34.367  2239  2268 W PackageSettings: Couldn't write 1000 to /config/sdcardfs/android/appid
05-31 15:04:34.367  2239  2268 W PackageSettings: Couldn't write 10009 to /config/sdcardfs/com.android.contacts/appid
05-31 15:04:34.367  2239  2268 W PackageSettings: Couldn't write 10047 to /config/sdcardfs/com.android.camera2/appid
05-31 15:04:34.367  2239  2268 W PackageSettings: Couldn't write 10025 to /config/sdcardfs/org.openthos.soundrecorder/appid
05-31 15:04:34.367  2239  2268 W PackageSettings: Couldn't write 10052 to /config/sdcardfs/com.android.egg/appid
05-31 15:04:34.367  2239  2268 W PackageSettings: Couldn't write 10011 to /config/sdcardfs/com.android.mtp/appid
05-31 15:04:34.367  2239  2268 W PackageSettings: Couldn't write 10064 to /config/sdcardfs/com.android.launcher3/appid
05-31 15:04:34.367  2239  2268 W PackageSettings: Couldn't write 10002 to /config/sdcardfs/com.android.backupconfirm/appid
05-31 15:04:34.367  2239  2268 W PackageSettings: Couldn't write 10062 to /config/sdcardfs/org.openthos.compress/appid
05-31 15:04:34.367  2239  2268 W PackageSettings: Couldn't write 10030 to /config/sdcardfs/com.android.statementservice/appid
05-31 15:04:34.367  2239  2268 W PackageSettings: Couldn't write 10061 to /config/sdcardfs/com.google.android.gm/appid
05-31 15:04:34.367  2239  2268 W PackageSettings: Couldn't write 10044 to /config/sdcardfs/com.android.calendar/appid
05-31 15:04:34.367  2239  2268 W PackageSettings: Couldn't write 10000 to /config/sdcardfs/com.android.systemui.theme.dark/appid
05-31 15:04:34.367  2239  2268 W PackageSettings: Couldn't write 10031 to /config/sdcardfs/com.google.android.setupwizard/appid
05-31 15:04:34.367  2239  2268 W PackageSettings: Couldn't write 10065 to /config/sdcardfs/org.openthos.inputmethod.pinyin/appid
05-31 15:04:34.367  2239  2268 W PackageSettings: Couldn't write 1000 to /config/sdcardfs/com.android.providers.settings/appid
05-31 15:04:34.367  2239  2268 W PackageSettings: Couldn't write 10029 to /config/sdcardfs/com.android.sharedstoragebackup/appid
05-31 15:04:34.367  2239  2268 W PackageSettings: Couldn't write 10069 to /config/sdcardfs/com.android.printspooler/appid
05-31 15:04:34.368  2239  2268 W PackageSettings: Couldn't write 10023 to /config/sdcardfs/org.openthos.seafile/appid
05-31 15:04:34.368  2239  2268 W PackageSettings: Couldn't write 10040 to /config/sdcardfs/com.android.dreams.basic/appid
05-31 15:04:34.368  2239  2268 W PackageSettings: Couldn't write 1000 to /config/sdcardfs/com.android.inputdevices/appid
05-31 15:04:34.368  2239  2268 W PackageSettings: Couldn't write 10042 to /config/sdcardfs/com.android.bips/appid
05-31 15:04:34.368  2239  2268 W PackageSettings: Couldn't write 10008 to /config/sdcardfs/com.android.cellbroadcastreceiver/appid
05-31 15:04:34.368  2239  2268 W PackageSettings: Couldn't write 10072 to /config/sdcardfs/com.google.android.webview/appid
05-31 15:04:34.368  2239  2268 W PackageSettings: Couldn't write 10058 to /config/sdcardfs/com.google.android.syncadapters.contacts/appid
05-31 15:04:34.368  2239  2268 W PackageSettings: Couldn't write 1000 to /config/sdcardfs/com.android.keychain/appid
05-31 15:04:34.368  2239  2268 W PackageSettings: Couldn't write 10051 to /config/sdcardfs/com.android.chrome/appid
05-31 15:04:34.368  2239  2268 W PackageSettings: Couldn't write 10015 to /config/sdcardfs/com.android.dialer/appid
05-31 15:04:34.368  2239  2268 W PackageSettings: Couldn't write 10019 to /config/sdcardfs/com.google.android.packageinstaller/appid
05-31 15:04:34.368  2239  2268 W PackageSettings: Couldn't write 10014 to /config/sdcardfs/com.google.android.gms/appid
05-31 15:04:34.368  2239  2268 W PackageSettings: Couldn't write 10014 to /config/sdcardfs/com.google.android.gsf/appid
05-31 15:04:34.368  2239  2268 W PackageSettings: Couldn't write 10003 to /config/sdcardfs/com.android.calllogbackup/appid
05-31 15:04:34.368  2239  2268 W PackageSettings: Couldn't write 10020 to /config/sdcardfs/com.google.android.partnersetup/appid
05-31 15:04:34.368  2239  2268 W PackageSettings: Couldn't write 10038 to /config/sdcardfs/com.android.basicsmsreceiver/appid
05-31 15:04:34.368  2239  2268 W PackageSettings: Couldn't write 10045 to /config/sdcardfs/com.android.carrierdefaultapp/appid
05-31 15:04:34.368  2239  2268 W PackageSettings: Couldn't write 10068 to /config/sdcardfs/com.svox.pico/appid
05-31 15:04:34.368  2239  2268 W PackageSettings: Couldn't write 10028 to /config/sdcardfs/com.android.proxyhandler/appid
05-31 15:04:34.368  2239  2268 W PackageSettings: Couldn't write 10063 to /config/sdcardfs/com.android.inputmethod.latin/appid
05-31 15:04:34.368  2239  2268 W PackageSettings: Couldn't write 10017 to /config/sdcardfs/com.google.android.feedback/appid
05-31 15:04:34.368  2239  2268 W PackageSettings: Couldn't write 10057 to /config/sdcardfs/com.google.android.printservice.recommendation/appid
05-31 15:04:34.368  2239  2268 W PackageSettings: Couldn't write 10059 to /config/sdcardfs/com.google.android.syncadapters.calendar/appid
05-31 15:04:34.368  2239  2268 W PackageSettings: Couldn't write 10021 to /config/sdcardfs/com.android.managedprovisioning/appid
05-31 15:04:34.368  2239  2268 W PackageSettings: Couldn't write 10067 to /config/sdcardfs/com.android.providers.partnerbookmarks/appid
05-31 15:04:34.368  2239  2268 W PackageSettings: Couldn't write 10014 to /config/sdcardfs/com.google.android.gsf.login/appid
05-31 15:04:34.368  2239  2268 W PackageSettings: Couldn't write 10014 to /config/sdcardfs/com.google.android.backuptransport/appid
05-31 15:04:34.368  2239  2268 W PackageSettings: Couldn't write 10022 to /config/sdcardfs/org.openthos.appstore/appid
05-31 15:04:34.368  2239  2268 W PackageSettings: Couldn't write 10032 to /config/sdcardfs/com.android.storagemanager/appid
05-31 15:04:34.368  2239  2268 W PackageSettings: Couldn't write 10041 to /config/sdcardfs/com.android.bookmarkprovider/appid
05-31 15:04:34.368  2239  2268 W PackageSettings: Couldn't write 1000 to /config/sdcardfs/com.android.settings/appid
05-31 15:04:34.368  2239  2268 W PackageSettings: Couldn't write 10034 to /config/sdcardfs/com.termux/appid
05-31 15:04:34.368  2239  2268 W PackageSettings: Couldn't write 10055 to /config/sdcardfs/com.android.calculator2/appid
05-31 15:04:34.368  2239  2268 W PackageSettings: Couldn't write 10048 to /config/sdcardfs/com.android.cts.ctsshim/appid
05-31 15:04:34.368  2239  2268 W PackageSettings: Couldn't write 10035 to /config/sdcardfs/com.android.vpndialogs/appid
05-31 15:04:34.368  2239  2268 W PackageSettings: Couldn't write 1001 to /config/sdcardfs/com.android.phone/appid
05-31 15:04:34.368  2239  2268 W PackageSettings: Couldn't write 2000 to /config/sdcardfs/com.android.shell/appid
05-31 15:04:34.368  2239  2268 W PackageSettings: Couldn't write 1000 to /config/sdcardfs/com.android.wallpaperbackup/appid
05-31 15:04:34.368  2239  2268 W PackageSettings: Couldn't write 10003 to /config/sdcardfs/com.android.providers.blockednumber/appid
05-31 15:04:34.369  2239  2268 W PackageSettings: Couldn't write 10003 to /config/sdcardfs/com.android.providers.userdictionary/appid
05-31 15:04:34.369  2239  2268 W PackageSettings: Couldn't write 10013 to /config/sdcardfs/com.android.emergency/appid
05-31 15:04:34.369  2239  2268 W PackageSettings: Couldn't write 1000 to /config/sdcardfs/com.android.location.fused/appid
05-31 15:04:34.369  2239  2268 W PackageSettings: Couldn't write 10053 to /config/sdcardfs/com.android.deskclock/appid
05-31 15:04:34.369  2239  2268 W PackageSettings: Couldn't write 10033 to /config/sdcardfs/com.android.systemui/appid
05-31 15:04:34.369  2239  2268 W PackageSettings: Couldn't write 10039 to /config/sdcardfs/com.android.bluetoothmidiservice/appid
05-31 15:04:34.369  2239  2268 W PackageSettings: Couldn't write 10070 to /config/sdcardfs/com.termoneplus/appid
05-31 15:04:34.369  2239  2268 W PackageSettings: Couldn't write 1002 to /config/sdcardfs/com.android.bluetooth/appid
05-31 15:04:34.369  2239  2268 W PackageSettings: Couldn't write 10050 to /config/sdcardfs/com.android.development/appid
05-31 15:04:34.369  2239  2268 W PackageSettings: Couldn't write 10071 to /config/sdcardfs/com.android.wallpaperpicker/appid
05-31 15:04:34.369  2239  2268 W PackageSettings: Couldn't write 10003 to /config/sdcardfs/com.android.providers.contacts/appid
05-31 15:04:34.369  2239  2268 W PackageSettings: Couldn't write 10043 to /config/sdcardfs/com.android.captiveportallogin/appid
05-31 15:04:34.372  2239  2268 W PackageSettings: Couldn't write 10075 to /config/sdcardfs/com.seafile.seadroid2.debug/appid
05-31 15:04:34.376  2239  2268 W PackageSettings: Couldn't write 10006 to /config/sdcardfs/com.android.cts.priv.ctsshim/appid
05-31 15:04:34.376  2239  2268 W PackageSettings: Couldn't write 10073 to /config/sdcardfs/com.google.android.youtube/appid
05-31 15:04:34.376  2239  2268 W PackageSettings: Couldn't write 10054 to /config/sdcardfs/org.chromium.chrome/appid
05-31 15:04:34.376  2239  2268 W PackageSettings: Couldn't write 10016 to /config/sdcardfs/com.google.android.ext.services/appid
05-31 15:04:34.376  2239  2268 W PackageSettings: Couldn't write 1001 to /config/sdcardfs/com.android.providers.telephony/appid
05-31 15:04:34.376  2239  2268 W PackageSettings: Couldn't write 10001 to /config/sdcardfs/org.android_x86.analytics/appid
05-31 15:04:34.376  2239  2268 W PackageSettings: Couldn't write 10036 to /config/sdcardfs/com.google.android.googlequicksearchbox/appid
05-31 15:04:34.376  2239  2268 W PackageSettings: Couldn't write 10004 to /config/sdcardfs/com.android.providers.calendar/appid
05-31 15:04:34.376  2239  2268 W PackageSettings: Couldn't write 10011 to /config/sdcardfs/com.android.providers.media/appid
05-31 15:04:34.376  2239  2268 W PackageSettings: Couldn't write 10018 to /config/sdcardfs/com.google.android.onetimeinitializer/appid
05-31 15:04:34.376  2239  2268 W PackageSettings: Couldn't write 10056 to /config/sdcardfs/com.google.android.ext.shared/appid
05-31 15:04:34.376  2239  2268 W PackageSettings: Couldn't write 10037 to /config/sdcardfs/com.android.wallpapercropper/appid
05-31 15:04:34.376  2239  2268 W PackageSettings: Couldn't write 10010 to /config/sdcardfs/com.android.documentsui/appid
05-31 15:04:34.376  2239  2268 W PackageSettings: Couldn't write 10012 to /config/sdcardfs/com.android.externalstorage/appid
05-31 15:04:34.376  2239  2268 W PackageSettings: Couldn't write 10060 to /config/sdcardfs/com.android.htmlviewer/appid
05-31 15:04:34.376  2239  2268 W PackageSettings: Couldn't write 10049 to /config/sdcardfs/com.android.companiondevicemanager/appid
05-31 15:04:34.377  2239  2268 W PackageSettings: Couldn't write 1001 to /config/sdcardfs/com.android.mms.service/appid
05-31 15:04:34.377  2239  2268 W PackageSettings: Couldn't write 10011 to /config/sdcardfs/com.android.providers.downloads/appid
05-31 15:04:34.377  2239  2268 W PackageSettings: Couldn't write 10026 to /config/sdcardfs/de.k3b.android.androFotoFinder/appid
05-31 15:04:34.377  2239  2268 W PackageSettings: Couldn't write 10007 to /config/sdcardfs/com.android.defcontainer/appid
05-31 15:04:34.377  2239  2268 W PackageSettings: Couldn't write 10024 to /config/sdcardfs/org.openthos.filemanager/appid
05-31 15:04:34.377  2239  2268 W PackageSettings: Couldn't write 10011 to /config/sdcardfs/com.android.providers.downloads.ui/appid
05-31 15:04:34.377  2239  2268 W PackageSettings: Couldn't write 10027 to /config/sdcardfs/com.android.vending/appid
05-31 15:04:34.377  2239  2268 W PackageSettings: Couldn't write 10066 to /config/sdcardfs/com.android.pacprocessor/appid
05-31 15:04:34.377  2239  2268 W PackageSettings: Couldn't write 10075 to /config/sdcardfs/com.seafile.seadroid2.debug/appid
05-31 15:04:34.377  2239  2268 W PackageSettings: Couldn't write 10046 to /config/sdcardfs/com.android.certinstaller/appid
05-31 15:04:34.377  2239  2268 W PackageSettings: Couldn't write 10005 to /config/sdcardfs/com.android.carrierconfig/appid
05-31 15:04:34.377  2239  2268 W PackageSettings: Couldn't write 1000 to /config/sdcardfs/android/appid
05-31 15:04:34.377  2239  2268 W PackageSettings: Couldn't write 10009 to /config/sdcardfs/com.android.contacts/appid
05-31 15:04:34.377  2239  2268 W PackageSettings: Couldn't write 10047 to /config/sdcardfs/com.android.camera2/appid
05-31 15:04:34.377  2239  2268 W PackageSettings: Couldn't write 10025 to /config/sdcardfs/org.openthos.soundrecorder/appid
05-31 15:04:34.377  2239  2268 W PackageSettings: Couldn't write 10052 to /config/sdcardfs/com.android.egg/appid
05-31 15:04:34.377  2239  2268 W PackageSettings: Couldn't write 10011 to /config/sdcardfs/com.android.mtp/appid
05-31 15:04:34.377  2239  2268 W PackageSettings: Couldn't write 10064 to /config/sdcardfs/com.android.launcher3/appid
05-31 15:04:34.377  2239  2268 W PackageSettings: Couldn't write 10002 to /config/sdcardfs/com.android.backupconfirm/appid
05-31 15:04:34.377  2239  2268 W PackageSettings: Couldn't write 10062 to /config/sdcardfs/org.openthos.compress/appid
05-31 15:04:34.377  2239  2268 W PackageSettings: Couldn't write 10030 to /config/sdcardfs/com.android.statementservice/appid
05-31 15:04:34.377  2239  2268 W PackageSettings: Couldn't write 10061 to /config/sdcardfs/com.google.android.gm/appid
05-31 15:04:34.377  2239  2268 W PackageSettings: Couldn't write 10044 to /config/sdcardfs/com.android.calendar/appid
05-31 15:04:34.377  2239  2268 W PackageSettings: Couldn't write 10000 to /config/sdcardfs/com.android.systemui.theme.dark/appid
05-31 15:04:34.377  2239  2268 W PackageSettings: Couldn't write 10031 to /config/sdcardfs/com.google.android.setupwizard/appid
05-31 15:04:34.377  2239  2268 W PackageSettings: Couldn't write 10065 to /config/sdcardfs/org.openthos.inputmethod.pinyin/appid
05-31 15:04:34.377  2239  2268 W PackageSettings: Couldn't write 1000 to /config/sdcardfs/com.android.providers.settings/appid
05-31 15:04:34.377  2239  2268 W PackageSettings: Couldn't write 10029 to /config/sdcardfs/com.android.sharedstoragebackup/appid
05-31 15:04:34.377  2239  2268 W PackageSettings: Couldn't write 10069 to /config/sdcardfs/com.android.printspooler/appid
05-31 15:04:34.377  2239  2268 W PackageSettings: Couldn't write 10023 to /config/sdcardfs/org.openthos.seafile/appid
05-31 15:04:34.377  2239  2268 W PackageSettings: Couldn't write 10040 to /config/sdcardfs/com.android.dreams.basic/appid
05-31 15:04:34.377  2239  2268 W PackageSettings: Couldn't write 1000 to /config/sdcardfs/com.android.inputdevices/appid
05-31 15:04:34.377  2239  2268 W PackageSettings: Couldn't write 10042 to /config/sdcardfs/com.android.bips/appid
05-31 15:04:34.377  2239  2268 W PackageSettings: Couldn't write 10008 to /config/sdcardfs/com.android.cellbroadcastreceiver/appid
05-31 15:04:34.377  2239  2268 W PackageSettings: Couldn't write 10072 to /config/sdcardfs/com.google.android.webview/appid
05-31 15:04:34.377  2239  2268 W PackageSettings: Couldn't write 10058 to /config/sdcardfs/com.google.android.syncadapters.contacts/appid
05-31 15:04:34.377  2239  2268 W PackageSettings: Couldn't write 1000 to /config/sdcardfs/com.android.keychain/appid
05-31 15:04:34.377  2239  2268 W PackageSettings: Couldn't write 10051 to /config/sdcardfs/com.android.chrome/appid
05-31 15:04:34.378  2239  2268 W PackageSettings: Couldn't write 10015 to /config/sdcardfs/com.android.dialer/appid
05-31 15:04:34.378  2239  2268 W PackageSettings: Couldn't write 10019 to /config/sdcardfs/com.google.android.packageinstaller/appid
05-31 15:04:34.378  2239  2268 W PackageSettings: Couldn't write 10014 to /config/sdcardfs/com.google.android.gms/appid
05-31 15:04:34.378  2239  2268 W PackageSettings: Couldn't write 10014 to /config/sdcardfs/com.google.android.gsf/appid
05-31 15:04:34.378  2239  2268 W PackageSettings: Couldn't write 10003 to /config/sdcardfs/com.android.calllogbackup/appid
05-31 15:04:34.378  2239  2268 W PackageSettings: Couldn't write 10020 to /config/sdcardfs/com.google.android.partnersetup/appid
05-31 15:04:34.378  2239  2268 W PackageSettings: Couldn't write 10038 to /config/sdcardfs/com.android.basicsmsreceiver/appid
05-31 15:04:34.378  2239  2268 W PackageSettings: Couldn't write 10045 to /config/sdcardfs/com.android.carrierdefaultapp/appid
05-31 15:04:34.378  2239  2268 W PackageSettings: Couldn't write 10068 to /config/sdcardfs/com.svox.pico/appid
05-31 15:04:34.378  2239  2268 W PackageSettings: Couldn't write 10028 to /config/sdcardfs/com.android.proxyhandler/appid
05-31 15:04:34.378  2239  2268 W PackageSettings: Couldn't write 10063 to /config/sdcardfs/com.android.inputmethod.latin/appid
05-31 15:04:34.378  2239  2268 W PackageSettings: Couldn't write 10017 to /config/sdcardfs/com.google.android.feedback/appid
05-31 15:04:34.378  2239  2268 W PackageSettings: Couldn't write 10057 to /config/sdcardfs/com.google.android.printservice.recommendation/appid
05-31 15:04:34.378  2239  2268 W PackageSettings: Couldn't write 10059 to /config/sdcardfs/com.google.android.syncadapters.calendar/appid
05-31 15:04:34.378  2239  2268 W PackageSettings: Couldn't write 10021 to /config/sdcardfs/com.android.managedprovisioning/appid
05-31 15:04:34.378  2239  2268 W PackageSettings: Couldn't write 10067 to /config/sdcardfs/com.android.providers.partnerbookmarks/appid
05-31 15:04:34.378  2239  2268 W PackageSettings: Couldn't write 10014 to /config/sdcardfs/com.google.android.gsf.login/appid
05-31 15:04:34.378  2239  2268 W PackageSettings: Couldn't write 10014 to /config/sdcardfs/com.google.android.backuptransport/appid
05-31 15:04:34.378  2239  2268 W PackageSettings: Couldn't write 10022 to /config/sdcardfs/org.openthos.appstore/appid
05-31 15:04:34.378  2239  2268 W PackageSettings: Couldn't write 10032 to /config/sdcardfs/com.android.storagemanager/appid
05-31 15:04:34.378  2239  2268 W PackageSettings: Couldn't write 10041 to /config/sdcardfs/com.android.bookmarkprovider/appid
05-31 15:04:34.378  2239  2268 W PackageSettings: Couldn't write 1000 to /config/sdcardfs/com.android.settings/appid
05-31 15:04:34.378  2239  2268 W PackageSettings: Couldn't write 10034 to /config/sdcardfs/com.termux/appid
05-31 15:04:34.378  2239  2268 W PackageSettings: Couldn't write 10055 to /config/sdcardfs/com.android.calculator2/appid
05-31 15:04:34.378  2239  2268 W PackageSettings: Couldn't write 10048 to /config/sdcardfs/com.android.cts.ctsshim/appid
05-31 15:04:34.378  2239  2268 W PackageSettings: Couldn't write 10035 to /config/sdcardfs/com.android.vpndialogs/appid
05-31 15:04:34.378  2239  2268 W PackageSettings: Couldn't write 1001 to /config/sdcardfs/com.android.phone/appid
05-31 15:04:34.378  2239  2268 W PackageSettings: Couldn't write 2000 to /config/sdcardfs/com.android.shell/appid
05-31 15:04:34.378  2239  2268 W PackageSettings: Couldn't write 1000 to /config/sdcardfs/com.android.wallpaperbackup/appid
05-31 15:04:34.378  2239  2268 W PackageSettings: Couldn't write 10003 to /config/sdcardfs/com.android.providers.blockednumber/appid
05-31 15:04:34.378  2239  2268 W PackageSettings: Couldn't write 10003 to /config/sdcardfs/com.android.providers.userdictionary/appid
05-31 15:04:34.378  2239  2268 W PackageSettings: Couldn't write 10013 to /config/sdcardfs/com.android.emergency/appid
05-31 15:04:34.378  2239  2268 W PackageSettings: Couldn't write 1000 to /config/sdcardfs/com.android.location.fused/appid
05-31 15:04:34.378  2239  2268 W PackageSettings: Couldn't write 10053 to /config/sdcardfs/com.android.deskclock/appid
05-31 15:04:34.378  2239  2268 W PackageSettings: Couldn't write 10033 to /config/sdcardfs/com.android.systemui/appid
05-31 15:04:34.378  2239  2268 W PackageSettings: Couldn't write 10039 to /config/sdcardfs/com.android.bluetoothmidiservice/appid
05-31 15:04:34.378  2239  2268 W PackageSettings: Couldn't write 10070 to /config/sdcardfs/com.termoneplus/appid
05-31 15:04:34.378  2239  2268 W PackageSettings: Couldn't write 1002 to /config/sdcardfs/com.android.bluetooth/appid
05-31 15:04:34.378  2239  2268 W PackageSettings: Couldn't write 10050 to /config/sdcardfs/com.android.development/appid
05-31 15:04:34.379  2239  2268 W PackageSettings: Couldn't write 10071 to /config/sdcardfs/com.android.wallpaperpicker/appid
05-31 15:04:34.379  2239  2268 W PackageSettings: Couldn't write 10003 to /config/sdcardfs/com.android.providers.contacts/appid
05-31 15:04:34.379  2239  2268 W PackageSettings: Couldn't write 10043 to /config/sdcardfs/com.android.captiveportallogin/appid
05-31 15:04:34.382  2239  2268 W PackageSettings: Couldn't write 10075 to /config/sdcardfs/com.seafile.seadroid2.debug/appid
05-31 15:04:34.383  2239  2268 V BackupManagerService: restoreAtInstall pkg=com.seafile.seadroid2.debug token=1 restoreSet=0
05-31 15:04:34.383  2239  2268 W BackupTransportManager: Transport com.google.android.gms/.backup.BackupTransportService not bound.
05-31 15:04:34.383  2239  2268 W BackupManagerService: No transport
05-31 15:04:34.383  2239  2268 V BackupManagerService: Finishing install immediately
05-31 15:04:34.393  2239  2253 D AutofillManagerServiceImpl: Reset component for user 0
05-31 15:04:34.393  2239  2253 D AutofillManagerServiceImpl: Reset component for user 0
05-31 15:04:34.393  2239  2255 D AutofillUI: destroySaveUiUiThread(): already destroyed
05-31 15:04:37.125  2239  5179 I ActivityManager: Killing 4544:android.process.acore/u0a3 (adj 906): empty #17
05-31 15:04:37.130  2239  5155 W BroadcastQueue: Background execution not allowed: receiving Intent { act=android.bluetooth.device.action.UUID flg=0x10 (has extras) } to com.google.android.googlequicksearchbox/com.google.android.apps.gsa.broadcastreceiver.CommonBroadcastReceiver
05-31 15:04:37.132  2239  5041 W BroadcastQueue: Background execution not allowed: receiving Intent { act=android.bluetooth.device.action.UUID flg=0x10 (has extras) } to com.google.android.googlequicksearchbox/com.google.android.apps.gsa.broadcastreceiver.CommonBroadcastReceiver
05-31 15:04:37.136  2239  5179 E WindowManager: Unknown window type: 2039
05-31 15:04:42.081  2239  2254 I ActivityManager: Waited long enough for: ServiceRecord{5eab422 u0 com.android.vending/com.google.android.finsky.flushlogs.FlushLogsReceiver$FlushLogsService}
05-31 15:04:42.935  2363  2363 D ViewRootImpl[]: updatePointerIcon called with position out of bounds
05-31 15:04:43.451  2363  2363 I chatty  : uid=10033(com.android.systemui) identical 29 lines
05-31 15:04:43.468  2363  2363 D ViewRootImpl[]: updatePointerIcon called with position out of bounds
05-31 15:04:43.473  2363  2363 D ViewRootImpl[OpenthosStatusBar]: updatePointerIcon called with position out of bounds
05-31 15:04:43.477  2239  5179 E WindowManager: Unknown window type: 2039
05-31 15:04:43.478  2363  2363 D ViewRootImpl[]: updatePointerIcon called after view was removed
05-31 15:04:43.478  2363  2363 W ViewRootImpl[]: Dropping event due to root view being removed: MotionEvent { action=ACTION_BUTTON_PRESS, actionButton=BUTTON_PRIMARY, id[0]=0, x[0]=1336.9288, y[0]=507.28937, toolType[0]=TOOL_TYPE_MOUSE, buttonState=BUTTON_PRIMARY, metaState=0, flags=0x0, edgeFlags=0x0, pointerCount=1, historySize=0, eventTime=753589, downTime=753589, deviceId=3, source=0x2002 }
05-31 15:04:43.603  2239  2285 E WindowManager: Unknown window type: 2039
05-31 15:04:44.490  2239  3747 E WindowManager: Unknown window type: 2039
05-31 15:04:44.515  2239  3747 I chatty  : uid=1000(system) Binder:2239_D identical 3 lines
05-31 15:04:44.517  2239  3747 E WindowManager: Unknown window type: 2039
05-31 15:04:44.564  2239  5179 E WindowManager: Unknown window type: 2039
05-31 15:04:44.603  2239  2285 E WindowManager: Unknown window type: 2039
05-31 15:04:44.605  2239  3747 E WindowManager: Unknown window type: 2039
05-31 15:04:44.619  2239  2285 E WindowManager: Unknown window type: 2039
05-31 15:04:44.736  2239  2285 E WindowManager: Unknown window type: 2039
05-31 15:04:45.835  2363  2363 D ViewRootImpl[]: updatePointerIcon called with position out of bounds
05-31 15:04:45.868  2363  2363 I chatty  : uid=10033(com.android.systemui) identical 2 lines
05-31 15:04:45.969  2363  2363 D ViewRootImpl[]: updatePointerIcon called with position out of bounds
05-31 15:04:46.518  2363  2363 D ViewRootImpl[OpenthosStatusBar]: updatePointerIcon called with position out of bounds
05-31 15:04:46.632  2239  5179 I ActivityManager: START u0 {act=android.intent.action.MAIN cat=[android.intent.category.LAUNCHER] flg=0x30000000 cmp=com.seafile.seadroid2.debug/com.seafile.seadroid2.ui.activity.SplashActivity} from uid 10033
05-31 15:04:46.635  2239  5179 E ActivityManager: applyOptionsLocked: Unknown animationType=0
05-31 15:04:46.646  2239  5179 I ActivityManager: Start proc 5346:com.seafile.seadroid2.debug/u0a75 for activity com.seafile.seadroid2.debug/com.seafile.seadroid2.ui.activity.SplashActivity
05-31 15:04:46.646  2239  5179 E WindowManager: Unknown window type: 2039
05-31 15:04:46.647  2239  5179 E WindowManager: Unknown window type: 2039
05-31 15:04:46.652  2239  2285 E WindowManager: Unknown window type: 2039
05-31 15:04:46.654  2239  5179 E WindowManager: Unknown window type: 2039
05-31 15:04:46.655  2239  2980 D AutofillManagerServiceImpl: Reset component for user 0
05-31 15:04:46.668  2239  5179 E WindowManager: Unknown window type: 2039
05-31 15:04:46.672  2239  2285 E WindowManager: Unknown window type: 2039
05-31 15:04:46.673  2239  2285 I chatty  : uid=1000(system) android.anim identical 1 line
05-31 15:04:46.685  2239  2285 E WindowManager: Unknown window type: 2039
05-31 15:04:46.725  2239  5179 D VoldConnector: SND -> {9 volume mkdirs /storage/emulated/0/Android/media/com.seafile.seadroid2.debug/}
05-31 15:04:46.726  2239  2300 D VoldConnector: RCV <- {200 9 Command succeeded}
05-31 15:04:46.727  2239  5179 D VoldConnector: SND -> {10 volume mkdirs /storage/emulated/0/Android/data/com.seafile.seadroid2.debug/cache/}
05-31 15:04:46.727  2239  2300 D VoldConnector: RCV <- {200 10 Command succeeded}
05-31 15:04:46.768  2239  2285 E WindowManager: Unknown window type: 2039
05-31 15:04:46.868  5346  5346 D ViewRootImpl[SplashActivity]: updatePointerIcon called with position out of bounds
05-31 15:04:47.180  2239  5179 W BroadcastQueue: Background execution not allowed: receiving Intent { act=android.bluetooth.device.action.UUID flg=0x10 (has extras) } to com.google.android.googlequicksearchbox/com.google.android.apps.gsa.broadcastreceiver.CommonBroadcastReceiver
05-31 15:04:47.184  2239  2980 W BroadcastQueue: Background execution not allowed: receiving Intent { act=android.bluetooth.device.action.UUID flg=0x10 (has extras) } to com.google.android.googlequicksearchbox/com.google.android.apps.gsa.broadcastreceiver.CommonBroadcastReceiver
05-31 15:04:47.206  2239  5179 I ActivityManager: Killing 4843:com.google.android.gms.learning/u0a14 (adj 906): empty #17
05-31 15:04:47.215  2239  4215 W BroadcastQueue: Background execution not allowed: receiving Intent { act=android.intent.action.PACKAGE_ADDED dat=package:com.seafile.seadroid2.debug flg=0x4000010 (has extras) } to com.google.android.googlequicksearchbox/com.google.android.apps.gsa.googlequicksearchbox.GelStubAppWatcher
