05-31 15:20:31.284  6492  6492 D BrowserActivity: start TransferService
05-31 15:20:31.284  6492  6492 D BrowserActivity: try bind TransferService
05-31 15:20:31.289  6492  6492 I refresh-------: false
05-31 15:20:31.294  6492  6517 D NetworkSecurityConfig: Using Network Security Config from resource network_security_config debugBuild: true
05-31 15:20:31.294  6492  6492 D BrowserActivity: onStart
05-31 15:20:31.295  6492  6492 D DefaultAppLock: onActivityResumed
05-31 15:20:31.295  6492  6517 D SSLTrustManager: a SecureX509TrustManager is created:147156673
05-31 15:20:31.295  6492  6517 D SSLTrustManager: a SSLSocketFactory is created:com.seafile.seadroid2.ssl.SSLSeafileSocketFactory@e152666
05-31 15:20:31.297  6492  6492 D DefaultAppLock: onActivityPaused
05-31 15:20:31.298  6492  6492 W ViewRootImpl[SplashActivity]: Dropping event due to no window focus: MotionEvent { action=ACTION_HOVER_MOVE, actionButton=0, id[0]=0, x[0]=1106.7441, y[0]=395.85907, toolType[0]=TOOL_TYPE_MOUSE, buttonState=0, metaState=0, flags=0x0, edgeFlags=0x0, pointerCount=1, historySize=0, eventTime=1701303, downTime=1699997, deviceId=3, source=0x2002 }
05-31 15:20:31.310  6492  6492 W StaticLayout: maxLineHeight should not be -1.  maxLines:1 lineCount:1
05-31 15:20:31.325  6492  6492 I chatty  : uid=10075(u0_a75) com.seafile.seadroid2.debug identical 14 lines
05-31 15:20:31.325  6492  6492 W StaticLayout: maxLineHeight should not be -1.  maxLines:1 lineCount:1
05-31 15:20:31.333  6492  6492 E RecyclerView: No adapter attached; skipping layout
05-31 15:20:31.337  6492  6492 W ViewRootImpl[SplashActivity]: Cancelling event due to no window focus: MotionEvent { action=ACTION_CANCEL, actionButton=0, id[0]=0, x[0]=1181.7441, y[0]=407.85907, toolType[0]=TOOL_TYPE_MOUSE, buttonState=0, metaState=0, flags=0x0, edgeFlags=0x0, pointerCount=1, historySize=0, eventTime=1701307, downTime=1699997, deviceId=3, source=0x2002 }
05-31 15:20:31.338  6492  6492 I chatty  : uid=10075(u0_a75) com.seafile.seadroid2.debug identical 2 lines
05-31 15:20:31.338  6492  6492 W ViewRootImpl[SplashActivity]: Cancelling event due to no window focus: MotionEvent { action=ACTION_CANCEL, actionButton=0, id[0]=0, x[0]=1181.7441, y[0]=407.85907, toolType[0]=TOOL_TYPE_MOUSE, buttonState=0, metaState=0, flags=0x0, edgeFlags=0x0, pointerCount=1, historySize=0, eventTime=1701307, downTime=1699997, deviceId=3, source=0x2002 }
05-31 15:20:31.342  2239  2254 V ActivityManager: Attempted to start a foreground service (ComponentInfo{com.seafile.seadroid2.debug/com.seafile.seadroid2.cameraupload.MediaObserverService}) with a broken notification (no icon: Notification(channel=null pri=0 contentView=null vibrate=null sound=null defaults=0x0 flags=0x40 color=0x00000000 vis=PRIVATE))
05-31 15:20:31.344  6492  6492 D FileMonitorService: onCreate
05-31 15:20:31.345  6492  6492 D FileMonitorService: onStartCommand called.
05-31 15:20:31.353  6492  6497 I zygote  : Do partial code cache collection, code=115KB, data=98KB
05-31 15:20:31.353  6492  6497 I zygote  : After code cache collection, code=115KB, data=98KB
05-31 15:20:31.353  6492  6497 I zygote  : Increasing code cache capacity to 512KB
05-31 15:20:31.356  6492  6525 D SeafileObserver: watching files, # total watched 0
05-31 15:20:31.357  6492  6525 D SeafileMonitor: monitor started
05-31 15:20:31.357  6492  6526 V SeafileObserver: FileAlterationObserver[file='/storage/emulated/0/Seafile/qijw053107@openthos.org (dev.openthos.org)', listeners=1] start checking event!
05-31 15:20:31.357  6492  6526 V SeafileObserver: FileAlterationObserver[file='/storage/emulated/0/Seafile/qijw053107@openthos.org (dev.openthos.org)', listeners=1] finished checking event!
05-31 15:20:31.365  2239  3454 I chatty  : uid=1000(system) RenderThread expire 38 lines
05-31 15:20:31.367  6492  6492 D BrowserActivity: bind TransferService
05-31 15:20:31.371  6492  6528 D MonitorDBHelper: loaded 0 auto update info
05-31 15:20:31.372  6492  6528 V AutoUpdateManager: check auto upload tasks, 0 in queue
05-31 15:20:31.384  2129  2129 I surfaceflinger: type=1400 audit(0.0:1040): avc: denied { map } for path=2F69393135202864656C6574656429 dev="tmpfs" ino=74043 scontext=u:r:surfaceflinger:s0 tcontext=u:object_r:surfaceflinger_tmpfs:s0 tclass=file permissive=1
05-31 15:20:31.709  6492  6492 D ViewRootImpl[BrowserActivity]: updatePointerIcon called with position out of bounds
05-31 15:20:31.720  6492  6492 D ViewRootImpl[BrowserActivity]: updatePointerIcon called with position out of bounds
05-31 15:20:31.735  2129  2129 E SurfaceFlinger: [Sprite#0] rejecting buffer: bufWidth=38, bufHeight=38, front.active.{w=33, h=42}
05-31 15:20:33.346  2239  2239 W WindowManager: removeWindowToken: Attempted to remove non-existing token: android.os.Binder@9651b29
05-31 15:20:33.402  2129  2129 E SurfaceFlinger: [Sprite#0] rejecting buffer: bufWidth=33, bufHeight=42, front.active.{w=38, h=38}
05-31 15:20:33.511  6492  6492 D BrowserActivity: onPause
05-31 15:20:33.511  6492  6492 D DefaultAppLock: onActivityPaused
05-31 15:20:33.513  2128  2128 I lmkd    : type=1400 audit(0.0:1041): avc: denied { dac_read_search } for capability=2 scontext=u:r:lmkd:s0 tcontext=u:r:lmkd:s0 tclass=capability permissive=1
05-31 15:20:33.513  2363  2363 I StatusBar: taskId 25 keep true cmpComponentInfo{com.android.settings/com.android.settings.Settings}
05-31 15:20:33.581  6350  6477 I chatty  : uid=1000(system) com.android.settings expire 1 line
05-31 15:20:33.598  6492  6492 D BrowserActivity: onStop
05-31 15:20:33.598  6492  6492 D BrowserActivity: onDestroy is called
05-31 15:20:33.601  2363  2363 I StatusBar: taskId 26 keep false cmpComponentInfo{com.seafile.seadroid2.debug/com.seafile.seadroid2.ui.activity.SplashActivity}
05-31 15:20:34.375  6492  6528 V AutoUpdateManager: check auto upload tasks, 0 in queue
05-31 15:20:35.941  2239  5041 E UserRestrictionsUtils: Unknown restriction: com.seafile.seadroid2.debug
05-31 15:20:35.942  2117  4291 I audio_hw_primary: choose pcmC0D0p for 0
05-31 15:20:35.943  2239  4707 I ActivityManager: START u0 {act=android.intent.action.UNINSTALL_PACKAGE dat=package:com.seafile.seadroid2.debug cmp=com.google.android.packageinstaller/com.android.packageinstaller.UninstallerActivity (has extras)} from uid 1000
05-31 15:20:35.947  2363  2363 I StatusBar: taskId 25 keep true cmpComponentInfo{com.android.settings/com.android.settings.Settings}
05-31 15:20:36.018  2129  2129 D SurfaceFlinger: duplicate layer name: changing com.google.android.packageinstaller/com.android.packageinstaller.UninstallerActivity to com.google.android.packageinstaller/com.android.packageinstaller.UninstallerActivity#1
05-31 15:20:36.024  5780  5780 I RenderThread: type=1400 audit(0.0:1042): avc: denied { ioctl } for path="/dev/dri/card0" dev="tmpfs" ino=11630 ioctlcmd=0x6469 scontext=u:r:priv_app:s0:c512,c768 tcontext=u:object_r:device:s0 tclass=chr_file permissive=1
05-31 15:20:36.024  5780  5780 D ViewRootImpl[UninstallerActivity]: updatePointerIcon called with position out of bounds
05-31 15:20:36.025  5780  5780 I RenderThread: type=1400 audit(0.0:1043): avc: denied { map } for path=2F69393135202864656C6574656429 dev="tmpfs" ino=70508 scontext=u:r:priv_app:s0:c512,c768 tcontext=u:object_r:priv_app_tmpfs:s0:c512,c768 tclass=file permissive=1
05-31 15:20:36.054  5780  5780 I chatty  : uid=10019(com.google.android.packageinstaller) identical 3 lines
05-31 15:20:36.068  5780  5780 D ViewRootImpl[UninstallerActivity]: updatePointerIcon called with position out of bounds
05-31 15:20:37.376  6492  6528 V AutoUpdateManager: check auto upload tasks, 0 in queue
05-31 15:20:37.605  2239  4707 I ActivityManager: START u0 {flg=0x2000000 cmp=com.google.android.packageinstaller/com.android.packageinstaller.UninstallUninstalling (has extras)} from uid 10019
05-31 15:20:37.609  2363  2363 I StatusBar: taskId 25 keep true cmpComponentInfo{com.android.settings/com.android.settings.Settings}
05-31 15:20:37.614  5780  5804 D OpenGLRenderer: endAllActiveAnimators on 0x71741187b800 (RippleDrawable) with handle 0x717411958840
05-31 15:20:37.625  2140  2140 I Binder:2140_2: type=1400 audit(0.0:1044): avc: denied { dac_read_search } for capability=2 scontext=u:r:installd:s0 tcontext=u:r:installd:s0 tclass=capability permissive=1
05-31 15:20:37.625  2239  2254 I ActivityManager: Force stopping com.seafile.seadroid2.debug appid=10075 user=0: deletePackageX
05-31 15:20:37.625  2239  2268 W PackageSettings: Couldn't write 10075 to /config/sdcardfs/com.seafile.seadroid2.debug/appid
05-31 15:20:37.625  2239  2254 I ActivityManager: Killing 6492:com.seafile.seadroid2.debug/u0a75 (adj 200): stop com.seafile.seadroid2.debug
05-31 15:20:37.625  2239  2268 W PackageSettings: Couldn't write 0 to /config/sdcardfs/com.seafile.seadroid2.debug/excluded_userids
05-31 15:20:37.625  2239  2268 W PackageSettings: Couldn't write 10075 to /config/sdcardfs/com.seafile.seadroid2.debug/appid
05-31 15:20:37.625  2239  2254 W ActivityManager: Scheduling restart of crashed service com.seafile.seadroid2.debug/com.seafile.seadroid2.transfer.TransferService in 1000ms
05-31 15:20:37.625  2239  2254 W ActivityManager: Scheduling restart of crashed service com.seafile.seadroid2.debug/com.seafile.seadroid2.cameraupload.MediaObserverService in 11000ms
05-31 15:20:37.625  2239  2254 W ActivityManager: Scheduling restart of crashed service com.seafile.seadroid2.debug/com.seafile.seadroid2.monitor.FileMonitorService in 21000ms
05-31 15:20:37.625  2239  2268 W PackageSettings: Couldn't write 0 to /config/sdcardfs/com.seafile.seadroid2.debug/clear_userid
05-31 15:20:37.628  2239  2254 I ActivityManager:   Force stopping service ServiceRecord{c7f698 u0 com.seafile.seadroid2.debug/com.seafile.seadroid2.monitor.FileMonitorService}
05-31 15:20:37.628  2239  2254 I ActivityManager:   Force stopping service ServiceRecord{489e55f u0 com.seafile.seadroid2.debug/com.seafile.seadroid2.cameraupload.MediaObserverService}
05-31 15:20:37.628  2239  2254 I ActivityManager:   Force stopping service ServiceRecord{913cbac u0 com.seafile.seadroid2.debug/com.seafile.seadroid2.transfer.TransferService}
05-31 15:20:37.634  2239  2268 W PackageSettings: Couldn't write 10006 to /config/sdcardfs/com.android.cts.priv.ctsshim/appid
05-31 15:20:37.634  2239  2268 W PackageSettings: Couldn't write 10073 to /config/sdcardfs/com.google.android.youtube/appid
05-31 15:20:37.634  2239  2268 W PackageSettings: Couldn't write 10054 to /config/sdcardfs/org.chromium.chrome/appid
05-31 15:20:37.634  2239  2268 W PackageSettings: Couldn't write 10016 to /config/sdcardfs/com.google.android.ext.services/appid
05-31 15:20:37.634  2239  2268 W PackageSettings: Couldn't write 1001 to /config/sdcardfs/com.android.providers.telephony/appid
05-31 15:20:37.634  2239  2268 W PackageSettings: Couldn't write 10001 to /config/sdcardfs/org.android_x86.analytics/appid
05-31 15:20:37.634  5780  5780 D ViewRootImpl[UninstallerActivity]: updatePointerIcon called with position out of bounds
05-31 15:20:37.634  2239  2268 W PackageSettings: Couldn't write 10036 to /config/sdcardfs/com.google.android.googlequicksearchbox/appid
05-31 15:20:37.634  2239  2268 W PackageSettings: Couldn't write 10004 to /config/sdcardfs/com.android.providers.calendar/appid
05-31 15:20:37.634  2239  2268 W PackageSettings: Couldn't write 10011 to /config/sdcardfs/com.android.providers.media/appid
05-31 15:20:37.634  2239  2268 W PackageSettings: Couldn't write 10018 to /config/sdcardfs/com.google.android.onetimeinitializer/appid
05-31 15:20:37.634  2239  2268 W PackageSettings: Couldn't write 10056 to /config/sdcardfs/com.google.android.ext.shared/appid
05-31 15:20:37.634  2239  2268 W PackageSettings: Couldn't write 10037 to /config/sdcardfs/com.android.wallpapercropper/appid
05-31 15:20:37.634  2239  2268 W PackageSettings: Couldn't write 10010 to /config/sdcardfs/com.android.documentsui/appid
05-31 15:20:37.634  2239  2268 W PackageSettings: Couldn't write 10012 to /config/sdcardfs/com.android.externalstorage/appid
05-31 15:20:37.634  2239  2268 W PackageSettings: Couldn't write 10060 to /config/sdcardfs/com.android.htmlviewer/appid
05-31 15:20:37.634  2239  2268 W PackageSettings: Couldn't write 10049 to /config/sdcardfs/com.android.companiondevicemanager/appid
05-31 15:20:37.634  2239  2268 W PackageSettings: Couldn't write 1001 to /config/sdcardfs/com.android.mms.service/appid
05-31 15:20:37.634  2239  2268 W PackageSettings: Couldn't write 10011 to /config/sdcardfs/com.android.providers.downloads/appid
05-31 15:20:37.634  2239  2268 W PackageSettings: Couldn't write 10026 to /config/sdcardfs/de.k3b.android.androFotoFinder/appid
05-31 15:20:37.634  2239  2268 W PackageSettings: Couldn't write 10007 to /config/sdcardfs/com.android.defcontainer/appid
05-31 15:20:37.634  2239  2268 W PackageSettings: Couldn't write 10024 to /config/sdcardfs/org.openthos.filemanager/appid
05-31 15:20:37.634  2239  2268 W PackageSettings: Couldn't write 10011 to /config/sdcardfs/com.android.providers.downloads.ui/appid
05-31 15:20:37.634  2239  2268 W PackageSettings: Couldn't write 10027 to /config/sdcardfs/com.android.vending/appid
05-31 15:20:37.634  2239  2268 W PackageSettings: Couldn't write 10066 to /config/sdcardfs/com.android.pacprocessor/appid
05-31 15:20:37.634  2239  2268 W PackageSettings: Couldn't write 10046 to /config/sdcardfs/com.android.certinstaller/appid
05-31 15:20:37.634  2239  2268 W PackageSettings: Couldn't write 10005 to /config/sdcardfs/com.android.carrierconfig/appid
05-31 15:20:37.634  2239  2268 W PackageSettings: Couldn't write 1000 to /config/sdcardfs/android/appid
05-31 15:20:37.634  2239  2268 W PackageSettings: Couldn't write 10009 to /config/sdcardfs/com.android.contacts/appid
05-31 15:20:37.635  2239  2268 W PackageSettings: Couldn't write 10047 to /config/sdcardfs/com.android.camera2/appid
05-31 15:20:37.635  2239  2268 W PackageSettings: Couldn't write 10025 to /config/sdcardfs/org.openthos.soundrecorder/appid
05-31 15:20:37.635  2239  2268 W PackageSettings: Couldn't write 10052 to /config/sdcardfs/com.android.egg/appid
05-31 15:20:37.635  2239  2268 W PackageSettings: Couldn't write 10011 to /config/sdcardfs/com.android.mtp/appid
05-31 15:20:37.635  2239  2268 W PackageSettings: Couldn't write 10064 to /config/sdcardfs/com.android.launcher3/appid
05-31 15:20:37.635  5780  5780 D ViewRootImpl[UninstallerActivity]: updatePointerIcon called with position out of bounds
05-31 15:20:37.635  2239  2268 W PackageSettings: Couldn't write 10002 to /config/sdcardfs/com.android.backupconfirm/appid
05-31 15:20:37.635  2239  2268 W PackageSettings: Couldn't write 10062 to /config/sdcardfs/org.openthos.compress/appid
05-31 15:20:37.635  2239  2268 W PackageSettings: Couldn't write 10030 to /config/sdcardfs/com.android.statementservice/appid
05-31 15:20:37.635  2239  2268 W PackageSettings: Couldn't write 10061 to /config/sdcardfs/com.google.android.gm/appid
05-31 15:20:37.635  2239  2268 W PackageSettings: Couldn't write 10044 to /config/sdcardfs/com.android.calendar/appid
05-31 15:20:37.635  2239  2268 W PackageSettings: Couldn't write 10000 to /config/sdcardfs/com.android.systemui.theme.dark/appid
05-31 15:20:37.635  2239  2268 W PackageSettings: Couldn't write 10031 to /config/sdcardfs/com.google.android.setupwizard/appid
05-31 15:20:37.635  2239  2268 W PackageSettings: Couldn't write 10065 to /config/sdcardfs/org.openthos.inputmethod.pinyin/appid
05-31 15:20:37.635  2239  2268 W PackageSettings: Couldn't write 1000 to /config/sdcardfs/com.android.providers.settings/appid
05-31 15:20:37.635  2239  2268 W PackageSettings: Couldn't write 10029 to /config/sdcardfs/com.android.sharedstoragebackup/appid
05-31 15:20:37.635  2239  2268 W PackageSettings: Couldn't write 10069 to /config/sdcardfs/com.android.printspooler/appid
05-31 15:20:37.635  2239  2268 W PackageSettings: Couldn't write 10023 to /config/sdcardfs/org.openthos.seafile/appid
05-31 15:20:37.635  2239  2268 W PackageSettings: Couldn't write 10040 to /config/sdcardfs/com.android.dreams.basic/appid
05-31 15:20:37.635  2239  2268 W PackageSettings: Couldn't write 1000 to /config/sdcardfs/com.android.inputdevices/appid
05-31 15:20:37.635  2239  2268 W PackageSettings: Couldn't write 10042 to /config/sdcardfs/com.android.bips/appid
05-31 15:20:37.635  2239  2268 W PackageSettings: Couldn't write 10008 to /config/sdcardfs/com.android.cellbroadcastreceiver/appid
05-31 15:20:37.635  2239  2268 W PackageSettings: Couldn't write 10072 to /config/sdcardfs/com.google.android.webview/appid
05-31 15:20:37.635  2239  2268 W PackageSettings: Couldn't write 10058 to /config/sdcardfs/com.google.android.syncadapters.contacts/appid
05-31 15:20:37.635  2239  2268 W PackageSettings: Couldn't write 1000 to /config/sdcardfs/com.android.keychain/appid
05-31 15:20:37.635  2239  2268 W PackageSettings: Couldn't write 10051 to /config/sdcardfs/com.android.chrome/appid
05-31 15:20:37.635  2239  2268 W PackageSettings: Couldn't write 10015 to /config/sdcardfs/com.android.dialer/appid
05-31 15:20:37.635  2239  2268 W PackageSettings: Couldn't write 10019 to /config/sdcardfs/com.google.android.packageinstaller/appid
05-31 15:20:37.635  2239  2268 W PackageSettings: Couldn't write 10014 to /config/sdcardfs/com.google.android.gms/appid
05-31 15:20:37.635  2239  2268 W PackageSettings: Couldn't write 10014 to /config/sdcardfs/com.google.android.gsf/appid
05-31 15:20:37.635  2239  2268 W PackageSettings: Couldn't write 10003 to /config/sdcardfs/com.android.calllogbackup/appid
05-31 15:20:37.635  2239  2268 W PackageSettings: Couldn't write 10020 to /config/sdcardfs/com.google.android.partnersetup/appid
05-31 15:20:37.635  2239  2268 W PackageSettings: Couldn't write 10038 to /config/sdcardfs/com.android.basicsmsreceiver/appid
05-31 15:20:37.635  2239  2268 W PackageSettings: Couldn't write 10045 to /config/sdcardfs/com.android.carrierdefaultapp/appid
05-31 15:20:37.635  2239  2268 W PackageSettings: Couldn't write 10068 to /config/sdcardfs/com.svox.pico/appid
05-31 15:20:37.635  2239  2268 W PackageSettings: Couldn't write 10028 to /config/sdcardfs/com.android.proxyhandler/appid
05-31 15:20:37.635  2239  2268 W PackageSettings: Couldn't write 10063 to /config/sdcardfs/com.android.inputmethod.latin/appid
05-31 15:20:37.635  2239  2268 W PackageSettings: Couldn't write 10017 to /config/sdcardfs/com.google.android.feedback/appid
05-31 15:20:37.636  2239  2268 W PackageSettings: Couldn't write 10057 to /config/sdcardfs/com.google.android.printservice.recommendation/appid
05-31 15:20:37.636  2239  2268 W PackageSettings: Couldn't write 10059 to /config/sdcardfs/com.google.android.syncadapters.calendar/appid
05-31 15:20:37.636  2239  2268 W PackageSettings: Couldn't write 10021 to /config/sdcardfs/com.android.managedprovisioning/appid
05-31 15:20:37.636  2239  2268 W PackageSettings: Couldn't write 10067 to /config/sdcardfs/com.android.providers.partnerbookmarks/appid
05-31 15:20:37.636  2239  2268 W PackageSettings: Couldn't write 10014 to /config/sdcardfs/com.google.android.gsf.login/appid
05-31 15:20:37.636  2239  2268 W PackageSettings: Couldn't write 10014 to /config/sdcardfs/com.google.android.backuptransport/appid
05-31 15:20:37.636  2239  2268 W PackageSettings: Couldn't write 10022 to /config/sdcardfs/org.openthos.appstore/appid
05-31 15:20:37.636  2239  2268 W PackageSettings: Couldn't write 10032 to /config/sdcardfs/com.android.storagemanager/appid
05-31 15:20:37.636  2239  2268 W PackageSettings: Couldn't write 10041 to /config/sdcardfs/com.android.bookmarkprovider/appid
05-31 15:20:37.636  2239  2268 W PackageSettings: Couldn't write 1000 to /config/sdcardfs/com.android.settings/appid
05-31 15:20:37.636  2239  2268 W PackageSettings: Couldn't write 10034 to /config/sdcardfs/com.termux/appid
05-31 15:20:37.636  2239  2268 W PackageSettings: Couldn't write 10055 to /config/sdcardfs/com.android.calculator2/appid
05-31 15:20:37.636  2239  2268 W PackageSettings: Couldn't write 10048 to /config/sdcardfs/com.android.cts.ctsshim/appid
05-31 15:20:37.636  2239  2268 W PackageSettings: Couldn't write 10035 to /config/sdcardfs/com.android.vpndialogs/appid
05-31 15:20:37.636  2239  2268 W PackageSettings: Couldn't write 1001 to /config/sdcardfs/com.android.phone/appid
05-31 15:20:37.636  2239  2268 W PackageSettings: Couldn't write 2000 to /config/sdcardfs/com.android.shell/appid
05-31 15:20:37.636  2239  2268 W PackageSettings: Couldn't write 1000 to /config/sdcardfs/com.android.wallpaperbackup/appid
05-31 15:20:37.636  2239  2268 W PackageSettings: Couldn't write 10003 to /config/sdcardfs/com.android.providers.blockednumber/appid
05-31 15:20:37.636  2239  2268 W PackageSettings: Couldn't write 10003 to /config/sdcardfs/com.android.providers.userdictionary/appid
05-31 15:20:37.636  2239  2268 W PackageSettings: Couldn't write 10013 to /config/sdcardfs/com.android.emergency/appid
05-31 15:20:37.636  2239  2268 W PackageSettings: Couldn't write 1000 to /config/sdcardfs/com.android.location.fused/appid
05-31 15:20:37.636  2239  2268 W PackageSettings: Couldn't write 10053 to /config/sdcardfs/com.android.deskclock/appid
05-31 15:20:37.636  2239  2268 W PackageSettings: Couldn't write 10033 to /config/sdcardfs/com.android.systemui/appid
05-31 15:20:37.636  2239  2268 W PackageSettings: Couldn't write 10039 to /config/sdcardfs/com.android.bluetoothmidiservice/appid
05-31 15:20:37.636  2239  2268 W PackageSettings: Couldn't write 10070 to /config/sdcardfs/com.termoneplus/appid
05-31 15:20:37.636  2239  2268 W PackageSettings: Couldn't write 1002 to /config/sdcardfs/com.android.bluetooth/appid
05-31 15:20:37.636  2239  2268 W PackageSettings: Couldn't write 10050 to /config/sdcardfs/com.android.development/appid
05-31 15:20:37.636  2239  2268 W PackageSettings: Couldn't write 10071 to /config/sdcardfs/com.android.wallpaperpicker/appid
05-31 15:20:37.636  2239  2268 W PackageSettings: Couldn't write 10003 to /config/sdcardfs/com.android.providers.contacts/appid
05-31 15:20:37.636  2239  2268 W PackageSettings: Couldn't write 10043 to /config/sdcardfs/com.android.captiveportallogin/appid
05-31 15:20:37.641  2239  2261 W ActivityManager: setHasOverlayUi called on unknown pid: 6492
05-31 15:20:37.642  2141  2141 I keystore: clear_uid 10075
05-31 15:20:37.666  2239  2268 I chatty  : uid=1000(system) PackageManager expire 2 lines
05-31 15:20:37.669  2129  2129 D SurfaceFlinger: duplicate layer name: changing com.google.android.packageinstaller/com.android.packageinstaller.UninstallUninstalling to com.google.android.packageinstaller/com.android.packageinstaller.UninstallUninstalling#1
05-31 15:20:37.671  5780  5780 D ViewRootImpl[UninstallUninstalling]: updatePointerIcon called with position out of bounds
05-31 15:20:37.672  5780  5780 D ViewRootImpl[UninstallUninstalling]: updatePointerIcon called with position out of bounds
05-31 15:20:37.674  6540  6540 I main    : type=1400 audit(0.0:1045): avc: denied { create } for name="cgroup.procs" scontext=u:r:zygote:s0 tcontext=u:object_r:cgroup:s0 tclass=file permissive=1
05-31 15:20:37.677  6540  6540 W zygote64: Unexpected CPU variant for X86 using defaults: x86_64
05-31 15:20:37.681  2239  2268 I ActivityManager: Start proc 6540:com.android.defcontainer/u0a7 for service com.android.defcontainer/.DefaultContainerService
05-31 15:20:37.682  2239  2268 I ActivityManager: Force stopping com.seafile.seadroid2.debug appid=10075 user=0: pkg removed
05-31 15:20:37.684  2331  2331 D Avrcp   : AvrcpServiceBroadcastReceiver-> Action: android.intent.action.PACKAGE_REMOVED
05-31 15:20:37.685  2986  2986 I GeofencerStateMachine: removeGeofences: removeRequest=RemoveGeofencingRequest[REMOVE_ALL packageName=com.seafile.seadroid2.debug]
05-31 15:20:37.685  5780  5780 D ViewRootImpl[UninstallUninstalling]: updatePointerIcon called with position out of bounds
05-31 15:20:37.685  2331  2331 D Avrcp   : packageName: com.seafile.seadroid2.debug removed: true
05-31 15:20:37.685  2331  2331 V Avrcp   : isBrowseSupported for com.seafile.seadroid2.debug: false
05-31 15:20:37.685  2331  2331 D BluetoothMapAppObserver: onReceive
05-31 15:20:37.685  2331  2331 D BluetoothMapAppObserver: The removed package is: com.seafile.seadroid2.debug
05-31 15:20:37.685  2239  2298 I chatty  : uid=1000(system) InputReader expire 2 lines
05-31 15:20:37.687  2641  2641 E PhoneInterfaceManager: [PhoneIntfMgr] getCarrierPackageNamesForIntent: No UICC
05-31 15:20:37.687  2641  2641 D CarrierSvcBindHelper: No carrier app for: 0
05-31 15:20:37.688  6350  6350 I chatty  : uid=1000(system) com.android.settings expire 1 line
05-31 15:20:37.688  2363  2363 I StatusBar: taskId 25 keep true cmpComponentInfo{com.android.settings/com.android.settings.Settings}
05-31 15:20:37.690  6350  6476 I chatty  : uid=1000(system) com.android.settings expire 1 line
05-31 15:20:37.697  2239  2268 D KernelUidCpuTimeReader: Removing uids 10075-10075
05-31 15:20:37.701  2129  2129 I surfaceflinger: type=1400 audit(0.0:1046): avc: denied { ioctl } for path="/dev/dri/card0" dev="tmpfs" ino=11630 ioctlcmd=0x6469 scontext=u:r:surfaceflinger:s0 tcontext=u:object_r:device:s0 tclass=chr_file permissive=1
05-31 15:20:37.701  6558  6558 W zygote64: Unexpected CPU variant for X86 using defaults: x86_64
05-31 15:20:37.701  5780  5780 D ViewRootImpl[UninstallUninstalling]: updatePointerIcon called with position out of bounds
05-31 15:20:37.707  2239  2239 I ActivityManager: Start proc 6558:com.android.keychain/1000 for service com.android.keychain/.KeyChainService
05-31 15:20:37.711  6350  6350 I chatty  : uid=1000(system) com.android.settings expire 1 line
05-31 15:20:37.714  2239  2239 D ZenLog  : config: removeAutomaticZenRules,ZenModeConfig[user=0,allowCalls=true,allowRepeatCallers=false,allowMessages=false,allowCallsFrom=contacts,allowMessagesFrom=contacts,allowReminders=true,allowEvents=true,allowWhenScreenOff=true,allowWhenScreenOn=true,automaticRules={EVENTS_DEFAULT_RULE=ZenRule[enabled=false,snoozing=false,name=Event,zenMode=ZEN_MODE_ALARMS,conditionId=condition://android/event?userId=-10000&calendar=&reply=1,condition=Condition[id=condition://android/event?userId=-10000&calendar=&reply=1,summary=...,line1=...,line2=...,icon=0,state=STATE_FALSE,flags=2],component=ComponentInfo{android/com.android.server.notification.EventConditionProvider},id=EVENTS_DEFAULT_RULE,creationTime=1559139604056,enabler=null], SCHEDULED_DEFAULT_RULE_1=ZenRule[enabled=false,snoozing=false,name=Weeknight,zenMode=ZEN_MODE_ALARMS,conditionId=condition://android/schedule?days=1.2.3.4.5&start=22.0&end=7.0&exitAtAlarm=false,condition=Condition[id=condition://android/schedule?days=1.2.3.4.5&start=22.0&end=7.0&exitAtAlarm=false,summary=...,line1=...,line2=...,icon=0,state=STATE_FALSE,flags=2],component=ComponentInfo{android/com.android.server.notification.ScheduleConditionProvider},id=SCHEDULED_DEFAULT_RULE_1,creationTime=1559139604056,enabler=null], SCHEDULED_DEFAULT_RULE_2=ZenRule[enabled=false,snoozing=false,name=Weekend,zenMode=ZEN_MODE_ALARMS,conditionId=condition://android/schedule?days=6.7&start=23.30&end=10.0&exitAtAlarm=false,condition=Condition[id=condition://android/schedule?days=6.7&start=23.30&end=10.0&exitAtAlarm=false,summary=...,line1=...,line2=...,icon=0,state=STATE_FALSE,flags=2],component=ComponentInfo{android/com.android.server.notification.ScheduleConditionProvider},id=SCHEDULED_DEFAULT_RULE_2,creationTime=1559139604056,enabler=null]},manualRule=null],Diff[]
05-31 15:20:37.714  2239  2239 I ConditionProviders: Disallowing condition provider com.seafile.seadroid2.debug
05-31 15:20:37.717  6574  6574 I chatty  : uid=10027(com.android.vending) expire 1 line
05-31 15:20:37.718  5780  5780 D ViewRootImpl[UninstallUninstalling]: updatePointerIcon called with position out of bounds
05-31 15:20:37.725  2239  2968 I ActivityManager: Start proc 6574:com.android.vending:instant_app_installer/u0a27 for broadcast com.android.vending/com.google.android.finsky.instantapps.appmanagement.InstantAppRemoveMonitor
05-31 15:20:37.728  2239  2255 D AutofillUI: destroySaveUiUiThread(): already destroyed
05-31 15:20:37.728  2239  2253 D AutofillManagerServiceImpl: Reset component for user 0
05-31 15:20:37.728  6350  6478 I chatty  : uid=1000(system) com.android.settings expire 2 lines
05-31 15:20:37.729  3440  3440 I chatty  : uid=10027(com.android.vending) expire 16 lines
05-31 15:20:37.731  6350  6350 I chatty  : uid=1000(system) com.android.settings expire 1 line
05-31 15:20:37.731  2239  5041 W ActivityManager: Duplicate finish request for ActivityRecord{9520eaf u0 com.android.settings/.SubSettings t25 f}
05-31 15:20:37.734  2986  2986 I WearableService: Wearable Services not starting - Wear is not available on this device.
05-31 15:20:37.734  2363  2363 I StatusBar: taskId 25 keep true cmpComponentInfo{com.android.settings/com.android.settings.Settings}
05-31 15:20:37.734  5780  5780 D ViewRootImpl[UninstallUninstalling]: updatePointerIcon called with position out of bounds
05-31 15:20:37.736  2239  2239 W AccountManagerService: deleting account dev.openthos.org (qijw053107@openthos.org) because type com.seafile.seadroid2.debug.account.api2's registered authenticator no longer exist.
05-31 15:20:37.736  2239  2239 I chatty  : uid=1000 system_server expire 6 lines
05-31 15:20:37.738  6350  6485 I chatty  : uid=1000(system) com.android.settings expire 2 lines
05-31 15:20:37.739  2986  3461 W WearableService: onGetService - Wear is not available on this device.
05-31 15:20:37.750  6593  6593 W zygote64: Unexpected CPU variant for X86 using defaults: x86_64
05-31 15:20:37.756  2239  2968 I ActivityManager: Start proc 6593:com.google.process.gservices/u0a14 for content provider com.google.android.gsf/.gservices.GservicesProvider
05-31 15:20:37.759  2239  2239 D ZenLog  : set_zen_mode: off,removeAutomaticZenRules
05-31 15:20:37.763  2986  2986 W ChimeraUtils: Non Chimera context
05-31 15:20:37.763  2986  2986 W ChimeraUtils: Non Chimera context
05-31 15:20:37.763  6350  6476 I chatty  : uid=1000(system) com.android.settings expire 1 line
05-31 15:20:37.763  5832  6607 I ContactsProvider: Accounts changed
05-31 15:20:37.764  6350  6350 D RecentAppsCtrl: Invalid timestamp, skipping com.google.android.ext.services
05-31 15:20:37.764  6350  6350 D RecentAppsCtrl: Invalid timestamp, skipping com.android.providers.telephony
05-31 15:20:37.764  6350  6350 D RecentAppsCtrl: Invalid timestamp, skipping org.android_x86.analytics
05-31 15:20:37.764  6350  6350 D RecentAppsCtrl: Invalid timestamp, skipping com.google.android.googlequicksearchbox
05-31 15:20:37.764  6350  6350 D RecentAppsCtrl: Invalid timestamp, skipping com.android.providers.calendar
05-31 15:20:37.764  6350  6350 D RecentAppsCtrl: Invalid timestamp, skipping com.android.providers.media
05-31 15:20:37.764  6350  6350 D RecentAppsCtrl: Invalid timestamp, skipping com.android.providers.downloads
05-31 15:20:37.764  6350  6350 D RecentAppsCtrl: Invalid timestamp, skipping com.android.defcontainer
05-31 15:20:37.764  6350  6476 W TileUtils: Found com.android.settings.backup.BackupSettingsActivity for intent Intent { act=com.android.settings.action.SETTINGS pkg=com.android.settings } missing metadata com.android.settings.category
05-31 15:20:37.764  6350  6350 D RecentAppsCtrl: Not a user visible app, skipping com.seafile.seadroid2.debug
05-31 15:20:37.764  6350  6350 D RecentAppsCtrl: System package, skipping android
05-31 15:20:37.764  4233  4243 I zygote64: Do partial code cache collection, code=29KB, data=25KB
05-31 15:20:37.764  6350  6350 D RecentAppsCtrl: Not a user visible app, skipping com.android.launcher3
05-31 15:20:37.765  6350  6350 D RecentAppsCtrl: Invalid timestamp, skipping com.google.android.setupwizard
05-31 15:20:37.765  4233  4243 I zygote64: After code cache collection, code=29KB, data=25KB
05-31 15:20:37.765  6350  6350 D RecentAppsCtrl: Invalid timestamp, skipping org.openthos.inputmethod.pinyin
05-31 15:20:37.765  6350  6350 D RecentAppsCtrl: Invalid timestamp, skipping com.android.providers.settings
05-31 15:20:37.765  4233  4243 I zygote64: Increasing code cache capacity to 128KB
05-31 15:20:37.765  6350  6350 D RecentAppsCtrl: Invalid timestamp, skipping com.android.printspooler
05-31 15:20:37.765  6350  6350 D RecentAppsCtrl: Invalid timestamp, skipping com.android.keychain
05-31 15:20:37.765  6350  6350 D RecentAppsCtrl: Invalid timestamp, skipping com.android.dialer
05-31 15:20:37.765  6350  6350 D RecentAppsCtrl: Not a user visible app, skipping com.google.android.packageinstaller
05-31 15:20:37.765  6350  6350 D RecentAppsCtrl: Invalid timestamp, skipping com.google.android.gms
05-31 15:20:37.765  6350  6350 D RecentAppsCtrl: Invalid timestamp, skipping com.google.android.gsf
05-31 15:20:37.765  6350  6350 D RecentAppsCtrl: Invalid timestamp, skipping com.android.inputmethod.latin
05-31 15:20:37.765  6350  6350 D RecentAppsCtrl: System package, skipping com.android.settings
05-31 15:20:37.765  6350  6350 D RecentAppsCtrl: Invalid timestamp, skipping com.android.calculator2
05-31 15:20:37.765  6350  6350 D RecentAppsCtrl: Invalid timestamp, skipping com.android.phone
05-31 15:20:37.765  6350  6350 D RecentAppsCtrl: Invalid timestamp, skipping com.android.providers.blockednumber
05-31 15:20:37.765  6350  6350 D RecentAppsCtrl: Invalid timestamp, skipping com.android.providers.userdictionary
05-31 15:20:37.765  6350  6350 D RecentAppsCtrl: Invalid timestamp, skipping com.android.location.fused
05-31 15:20:37.765  6350  6350 D RecentAppsCtrl: Invalid timestamp, skipping com.android.deskclock
05-31 15:20:37.765  6350  6350 D RecentAppsCtrl: System package, skipping com.android.systemui
05-31 15:20:37.765  6350  6350 D RecentAppsCtrl: Not a user visible app, skipping com.android.bluetooth
05-31 15:20:37.765  6350  6350 D RecentAppsCtrl: Invalid timestamp, skipping com.android.providers.contacts
05-31 15:20:37.765  6350  6350 D RecentAppsCtrl: Invalid timestamp, skipping com.google.android.ext.services
05-31 15:20:37.765  6350  6350 D RecentAppsCtrl: Invalid timestamp, skipping com.android.providers.telephony
05-31 15:20:37.765  6350  6350 D RecentAppsCtrl: Invalid timestamp, skipping org.android_x86.analytics
05-31 15:20:37.765  6350  6350 D RecentAppsCtrl: Invalid timestamp, skipping com.google.android.googlequicksearchbox
05-31 15:20:37.765  6350  6350 D RecentAppsCtrl: Invalid timestamp, skipping com.android.providers.media
05-31 15:20:37.765  6350  6350 D RecentAppsCtrl: Invalid timestamp, skipping com.android.providers.downloads
05-31 15:20:37.765  6350  6350 D RecentAppsCtrl: Invalid timestamp, skipping com.android.defcontainer
05-31 15:20:37.765  6350  6350 D RecentAppsCtrl: Invalid timestamp, skipping com.android.vending
05-31 15:20:37.765  6350  6350 D RecentAppsCtrl: Not a user visible app, skipping com.seafile.seadroid2.debug
05-31 15:20:37.765  3106  3392 I Icing   : updateResources: need to parse wzf{com.google.android.gm}
05-31 15:20:37.765  6350  6350 D RecentAppsCtrl: Not a user visible app, skipping com.android.launcher3
05-31 15:20:37.765  6350  6350 D RecentAppsCtrl: Invalid timestamp, skipping com.google.android.setupwizard
05-31 15:20:37.765  6350  6350 D RecentAppsCtrl: Invalid timestamp, skipping org.openthos.inputmethod.pinyin
05-31 15:20:37.765  6350  6350 D RecentAppsCtrl: Invalid timestamp, skipping com.android.printspooler
05-31 15:20:37.765  6350  6350 D RecentAppsCtrl: Invalid timestamp, skipping org.openthos.seafile
05-31 15:20:37.765  6350  6350 D RecentAppsCtrl: Invalid timestamp, skipping com.android.keychain
05-31 15:20:37.765  6350  6350 D RecentAppsCtrl: Not a user visible app, skipping com.google.android.packageinstaller
05-31 15:20:37.765  6350  6350 D RecentAppsCtrl: Invalid timestamp, skipping com.google.android.gms
05-31 15:20:37.765  6350  6350 D RecentAppsCtrl: Invalid timestamp, skipping com.google.android.gsf
05-31 15:20:37.765  6350  6350 D RecentAppsCtrl: System package, skipping com.android.settings
05-31 15:20:37.765  2986  2986 W SystemServiceRegistry: No service published for: persistent_data_block
05-31 15:20:37.765  6350  6350 D RecentAppsCtrl: Invalid timestamp, skipping com.android.phone
05-31 15:20:37.765  6350  6350 D RecentAppsCtrl: Invalid timestamp, skipping com.android.providers.blockednumber
05-31 15:20:37.765  6350  6350 D RecentAppsCtrl: Invalid timestamp, skipping com.android.providers.userdictionary
05-31 15:20:37.765  6350  6350 D RecentAppsCtrl: Invalid timestamp, skipping com.android.systemui
05-31 15:20:37.765  6350  6350 D RecentAppsCtrl: Not a user visible app, skipping com.android.bluetooth
05-31 15:20:37.765  6350  6350 D RecentAppsCtrl: Invalid timestamp, skipping com.android.providers.contacts
05-31 15:20:37.766  6593  6593 I GservicesProvider: Gservices pushing to system: true; secure/global: true
05-31 15:20:37.769  3106  3392 I Icing   : Removing corpus key 27F2D2DBDD316A3D0F7FB826718B8563F3829A0C for package com.google.android.gm
05-31 15:20:37.769  6350  6476 D Settings: No enabled state changed, skipping updateCategory call
05-31 15:20:37.777  3106  3392 I Icing   : Flash index sort hb 2 prefix-hits 2 -> 2 at 0.408ms
05-31 15:20:37.782  5832  6607 I ContactsProvider: Accounts changed
05-31 15:20:37.786  2129  2129 W SurfaceFlinger: couldn't log to binary event log: overflow.
05-31 15:20:37.788  6350  6350 I RenderThread: type=1400 audit(0.0:1047): avc: denied { map } for path=2F69393135202864656C6574656429 dev="tmpfs" ino=71232 scontext=u:r:system_app:s0 tcontext=u:object_r:system_app_tmpfs:s0 tclass=file permissive=1
05-31 15:20:37.790  2986  6534 E NetworkScheduler: Unrecognised action provided: android.intent.action.PACKAGE_REMOVED
05-31 15:20:37.800  2239  2968 W BroadcastQueue: Background execution not allowed: receiving Intent { act=android.intent.action.PACKAGE_REMOVED dat=package:com.seafile.seadroid2.debug flg=0x4000010 (has extras) } to com.google.android.googlequicksearchbox/com.google.android.apps.gsa.googlequicksearchbox.GelStubAppWatcher
05-31 15:20:37.804  2239  5041 D AutofillManagerServiceImpl: Reset component for user 0
05-31 15:20:37.806  3106  3556 I ContentMaintenance: Internal cache bytes used: 0; limit: 100000000; download size: 0
05-31 15:20:37.810  2239  2254 I ActivityManager: Start proc 6633:com.android.documentsui/u0a10 for broadcast com.android.documentsui/.PackageReceiver
05-31 15:20:37.811  6350  6350 W ResourceType: No package identifier when getting value for resource number 0x00000000
05-31 15:20:37.812  6350  6350 E Icon    : Unable to load resource 0x00000000 from pkg=com.android.settings
05-31 15:20:37.812  6350  6350 E Icon    : android.content.res.Resources$NotFoundException: Resource ID #0x0
05-31 15:20:37.812  6350  6350 E Icon    : 	at android.content.res.ResourcesImpl.getValueForDensity(ResourcesImpl.java:224)
05-31 15:20:37.812  6350  6350 E Icon    : 	at android.content.res.Resources.getDrawableForDensity(Resources.java:876)
05-31 15:20:37.812  6350  6350 E Icon    : 	at android.content.res.Resources.getDrawable(Resources.java:819)
05-31 15:20:37.812  6350  6350 E Icon    : 	at android.graphics.drawable.Icon.loadDrawableInner(Icon.java:324)
05-31 15:20:37.812  6350  6350 E Icon    : 	at android.graphics.drawable.Icon.loadDrawable(Icon.java:277)
05-31 15:20:37.812  6350  6350 E Icon    : 	at com.android.settings.dashboard.DashboardFeatureProviderImpl.bindPreferenceToTile(DashboardFeatureProviderImpl.java:134)
05-31 15:20:37.812  6350  6350 E Icon    : 	at com.android.settings.dashboard.DashboardFragment.refreshDashboardTiles(DashboardFragment.java:353)
05-31 15:20:37.812  6350  6350 E Icon    : 	at com.android.settings.dashboard.DashboardFragment.onCategoriesChanged(DashboardFragment.java:113)
05-31 15:20:37.812  6350  6350 E Icon    : 	at com.android.settingslib.drawer.SettingsDrawerActivity.onCategoriesChanged(SettingsDrawerActivity.java:164)
05-31 15:20:37.812  6350  6350 E Icon    : 	at com.android.settingslib.drawer.SettingsDrawerActivity.-wrap0(Unknown Source:0)
05-31 15:20:37.812  6350  6350 E Icon    : 	at com.android.settingslib.drawer.SettingsDrawerActivity$CategoriesUpdateTask.onPostExecute(SettingsDrawerActivity.java:226)
05-31 15:20:37.812  6350  6350 E Icon    : 	at com.android.settingslib.drawer.SettingsDrawerActivity$CategoriesUpdateTask.onPostExecute(SettingsDrawerActivity.java:223)
05-31 15:20:37.812  6350  6350 E Icon    : 	at android.os.AsyncTask.finish(AsyncTask.java:695)
05-31 15:20:37.812  6350  6350 E Icon    : 	at android.os.AsyncTask.-wrap1(Unknown Source:0)
05-31 15:20:37.812  6350  6350 E Icon    : 	at android.os.AsyncTask$InternalHandler.handleMessage(AsyncTask.java:712)
05-31 15:20:37.812  6350  6350 E Icon    : 	at android.os.Handler.dispatchMessage(Handler.java:106)
05-31 15:20:37.812  6350  6350 E Icon    : 	at android.os.Looper.loop(Looper.java:164)
05-31 15:20:37.812  6350  6350 E Icon    : 	at android.app.ActivityThread.main(ActivityThread.java:6494)
05-31 15:20:37.812  6350  6350 E Icon    : 	at java.lang.reflect.Method.invoke(Native Method)
05-31 15:20:37.812  6350  6350 E Icon    : 	at com.android.internal.os.RuntimeInit$MethodAndArgsCaller.run(RuntimeInit.java:463)
05-31 15:20:37.812  6350  6350 E Icon    : 	at com.android.internal.os.ZygoteInit.main(ZygoteInit.java:807)
05-31 15:20:37.812  6350  6350 W ResourceType: No package identifier when getting value for resource number 0x00000000
05-31 15:20:37.812  6350  6350 E Icon    : Unable to load resource 0x00000000 from pkg=com.android.settings
05-31 15:20:37.812  6350  6350 E Icon    : android.content.res.Resources$NotFoundException: Resource ID #0x0
05-31 15:20:37.812  6350  6350 E Icon    : 	at android.content.res.ResourcesImpl.getValueForDensity(ResourcesImpl.java:224)
05-31 15:20:37.812  6350  6350 E Icon    : 	at android.content.res.Resources.getDrawableForDensity(Resources.java:876)
05-31 15:20:37.812  6350  6350 E Icon    : 	at android.content.res.Resources.getDrawable(Resources.java:819)
05-31 15:20:37.812  6350  6350 E Icon    : 	at android.graphics.drawable.Icon.loadDrawableInner(Icon.java:324)
05-31 15:20:37.812  6350  6350 E Icon    : 	at android.graphics.drawable.Icon.loadDrawable(Icon.java:277)
05-31 15:20:37.812  6350  6350 E Icon    : 	at com.android.settings.dashboard.DashboardFeatureProviderImpl.bindPreferenceToTile(DashboardFeatureProviderImpl.java:134)
05-31 15:20:37.812  6350  6350 E Icon    : 	at com.android.settings.dashboard.DashboardFragment.refreshDashboardTiles(DashboardFragment.java:353)
05-31 15:20:37.812  6350  6350 E Icon    : 	at com.android.settings.dashboard.DashboardFragment.onCategoriesChanged(DashboardFragment.java:113)
05-31 15:20:37.812  6350  6350 E Icon    : 	at com.android.settingslib.drawer.SettingsDrawerActivity.onCategoriesChanged(SettingsDrawerActivity.java:164)
05-31 15:20:37.812  6350  6350 E Icon    : 	at com.android.settingslib.drawer.SettingsDrawerActivity.-wrap0(Unknown Source:0)
05-31 15:20:37.812  6350  6350 E Icon    : 	at com.android.settingslib.drawer.SettingsDrawerActivity$CategoriesUpdateTask.onPostExecute(SettingsDrawerActivity.java:226)
05-31 15:20:37.812  6350  6350 E Icon    : 	at com.android.settingslib.drawer.SettingsDrawerActivity$CategoriesUpdateTask.onPostExecute(SettingsDrawerActivity.java:223)
05-31 15:20:37.812  6350  6350 E Icon    : 	at android.os.AsyncTask.finish(AsyncTask.java:695)
05-31 15:20:37.812  6350  6350 E Icon    : 	at android.os.AsyncTask.-wrap1(Unknown Source:0)
05-31 15:20:37.812  6350  6350 E Icon    : 	at android.os.AsyncTask$InternalHandler.handleMessage(AsyncTask.java:712)
05-31 15:20:37.812  6350  6350 E Icon    : 	at android.os.Handler.dispatchMessage(Handler.java:106)
05-31 15:20:37.812  6350  6350 E Icon    : 	at android.os.Looper.loop(Looper.java:164)
05-31 15:20:37.812  6350  6350 E Icon    : 	at android.app.ActivityThread.main(ActivityThread.java:6494)
05-31 15:20:37.812  6350  6350 E Icon    : 	at java.lang.reflect.Method.invoke(Native Method)
05-31 15:20:37.812  6350  6350 E Icon    : 	at com.android.internal.os.RuntimeInit$MethodAndArgsCaller.run(RuntimeInit.java:463)
05-31 15:20:37.812  6350  6350 E Icon    : 	at com.android.internal.os.ZygoteInit.main(ZygoteInit.java:807)
05-31 15:20:37.814  6633  6633 W zygote64: Unexpected CPU variant for X86 using defaults: x86_64
05-31 15:20:37.815  3106  3556 I RealtimeCacheCleanup: Beginning Realtime garbage collection.
05-31 15:20:37.815  3106  3556 I RealtimeCacheCleanup: Finished Realtime garbage collection.
05-31 15:20:37.818  3106  6625 I LocationSettingsChecker: Removing dialog suppression flag for package com.seafile.seadroid2.debug
05-31 15:20:37.819  3106  6622 I PeopleContactsSync: triggerPendingContactsCleanup: no accounts
05-31 15:20:37.820  3106  6627 I GrowthService: Package com.seafile.seadroid2.debug uninstalled. Removing from storage.
05-31 15:20:37.825  6350  6634 D BrowserPrefCtrl: Get default browser package: com.android.chrome
05-31 15:20:37.827  5832  6607 I ContactDirectoryManager: deleted 0 stale rows which don't have any relevant directory
05-31 15:20:37.829  5832  6607 I ContactDirectoryManager: Discovered 0 contact directories in 33ms
05-31 15:20:37.833  2331  2331 D BluetoothPbapService:  onChange on contact uri 
05-31 15:20:37.833  6350  6634 W TelecomManager: Telecom Service not found.
05-31 15:20:37.845  3106  3725 I Icing   : IndexChimeraService.getServiceInterface callingPackage=com.google.android.gms componentName=AppsCorpus serviceId=36
05-31 15:20:37.846  3106  3668 I Icing   : IndexChimeraService.getServiceInterface callingPackage=com.google.android.gms componentName=AppsCorpus serviceId=32
05-31 15:20:37.854  3106  3392 I Icing   : updateResources: need to parse wzf{com.google.android.gms}
05-31 15:20:37.870  4233  4233 D cr_ClientAppBroadRec: [ClientAppBroadcastReceiver.java:114] Chrome holds no data for package.
05-31 15:20:37.893  3106  3392 I Icing   : doRemovePackageData com.seafile.seadroid2.debug
05-31 15:20:37.898  2986  3394 I AsyncOpDispatcher: 19-GetFileDescriptorAndDelete
05-31 15:20:37.900  2239  4707 W ActivityManager: Unable to start service Intent { cmp=com.google.android.gm.exchange/com.android.exchange.service.EasService } U=0: not found
05-31 15:20:37.901  2986  6667 W WakefulBroadcastReceiv.: No active wake lock id #4
05-31 15:20:37.918  3106  3106 E ChimeraProxyRslvr: Chimera config error: com.google.android.chimera.config.InvalidConfigException: No registered Chimera impl for ComponentInfo{com.google.android.gms/com.google.android.gms.mdm.receivers.AccountsChangedReceiver}
05-31 15:20:37.918  3106  3106 E ChimeraRcvrProxy: com.google.android.gms.mdm.receivers.AccountsChangedReceiver dropping broadcast android.accounts.LOGIN_ACCOUNTS_CHANGED
05-31 15:20:37.924  3106  6624 I GCM-GMS : Scheduling task to register GMS
05-31 15:20:37.925  3106  3392 I Icing   : Usage reports ok 15, Failed Usage reports 0, indexed 0, rejected 0, imm upload false
05-31 15:20:37.926  3106  6625 I PmtsSwAccountIntentOp: Processing intent action=android.accounts.LOGIN_ACCOUNTS_CHANGED
05-31 15:20:37.928  3106  6625 I PmtsSwAccountIntentOp: Sw accountsLength=0
05-31 15:20:37.932  2986  3917 I AsyncOpDispatcher: 19-GetFileDescriptorAndDelete
05-31 15:20:37.935  3106  3392 I Icing   : Usage reports ok 0, Failed Usage reports 0, indexed 0, rejected 0, imm upload false
05-31 15:20:38.092  5780  5780 I RenderThread: type=1400 audit(0.0:1049): avc: denied { ioctl } for path="/dev/dri/card0" dev="tmpfs" ino=11630 ioctlcmd=0x6466 scontext=u:r:priv_app:s0:c512,c768 tcontext=u:object_r:device:s0 tclass=chr_file permissive=1
05-31 15:20:38.526  2986  6488 E WakeLock: release without a matched acquire!
05-31 15:20:38.894  3440  3497 I chatty  : uid=10027(com.android.vending) Thread-3 expire 1 line
05-31 15:20:38.895  3440  3511 I chatty  : uid=10027(com.android.vending) Thread-6 expire 1 line
05-31 15:20:38.898  3440  3440 I chatty  : uid=10027(com.android.vending) expire 3 lines
05-31 15:20:38.910  3440  3498 I chatty  : uid=10027(com.android.vending) Thread-4 expire 2 lines
05-31 15:20:38.937  3106  3556 I Icing   : Indexing 76DB4E8F726624DD168E56DA5102520AA7DF7118 from com.google.android.gms
05-31 15:20:38.941  3106  3556 I Icing   : Indexing done 76DB4E8F726624DD168E56DA5102520AA7DF7118
05-31 15:20:42.779  2986  2986 I WearableService: Wearable Services stopping
05-31 15:20:42.884  6633  6652 I zygote64: Waiting for a blocking GC ProfileSaver
05-31 15:20:48.998  3440  3440 I chatty  : uid=10027(com.android.vending) expire 1 line
05-31 15:20:49.004  3440  6691 I chatty  : uid=10027(com.android.vending) expire 6 lines
05-31 15:20:49.011  3440  3440 I chatty  : uid=10027(com.android.vending) expire 18 lines
05-31 15:20:49.020  3440  6693 I chatty  : uid=10027(com.android.vending) expire 2 lines
05-31 15:20:49.042  3106  3855 I AsyncOpDispatcher: 45-attest
05-31 15:20:49.048  2986  3917 I AsyncOpDispatcher: 20-GetDevFeaturesOp
05-31 15:20:49.049  3440  6695 I chatty  : uid=10027(com.android.vending) expire 1 line
05-31 15:20:49.056  2986  2986 I WearableService: Wearable Services not starting - Wear is not available on this device.
05-31 15:20:49.069  2986  3917 W WearableService: onGetService - Wear is not available on this device.
05-31 15:20:49.073  3440  3489 I chatty  : uid=10027(com.android.vending) ndroid.play.b.g expire 2 lines
05-31 15:20:49.074  3440  3445 I chatty  : uid=10027(com.android.vending) Jit thread pool expire 2 lines
05-31 15:20:49.075  3440  3440 W Finsky  : [2] com.google.android.finsky.wear.dq.run(16): Dropping command=hygiene due to Gms not connected
05-31 15:20:49.075  3440  3440 I Finsky  : [2] com.google.android.finsky.wear.WearSupportService.b(65): Stopping WearSupportService
05-31 15:20:49.077  3440  3440 I Finsky  : [2] com.google.android.finsky.scheduler.y.b(342): Will halt after 0
05-31 15:20:49.080  3440  3440 I Finsky  : [2] com.google.android.finsky.scheduler.ad.handleMessage(39): DeviceState: DeviceState{currentTime=1559287249076, isCharging=true, isIdle=false, netAny=true, netNotRoaming=true, netUnmetered=true}
