05-31 14:55:03.918  2239  4091 W BroadcastQueue: Background execution not allowed: receiving Intent { act=android.bluetooth.device.action.UUID flg=0x10 (has extras) } to com.google.android.googlequicksearchbox/com.google.android.apps.gsa.broadcastreceiver.CommonBroadcastReceiver
05-31 14:55:03.924  2239  2968 W BroadcastQueue: Background execution not allowed: receiving Intent { act=android.bluetooth.device.action.UUID flg=0x10 (has extras) } to com.google.android.googlequicksearchbox/com.google.android.apps.gsa.broadcastreceiver.CommonBroadcastReceiver
05-31 14:55:13.970  2239  4585 W BroadcastQueue: Background execution not allowed: receiving Intent { act=android.bluetooth.device.action.UUID flg=0x10 (has extras) } to com.google.android.googlequicksearchbox/com.google.android.apps.gsa.broadcastreceiver.CommonBroadcastReceiver
05-31 14:55:13.973  2239  2968 W BroadcastQueue: Background execution not allowed: receiving Intent { act=android.bluetooth.device.action.UUID flg=0x10 (has extras) } to com.google.android.googlequicksearchbox/com.google.android.apps.gsa.broadcastreceiver.CommonBroadcastReceiver
05-31 14:55:24.020  2239  4091 W BroadcastQueue: Background execution not allowed: receiving Intent { act=android.bluetooth.device.action.UUID flg=0x10 (has extras) } to com.google.android.googlequicksearchbox/com.google.android.apps.gsa.broadcastreceiver.CommonBroadcastReceiver
05-31 14:55:24.023  2239  2968 I ActivityManager: Killing 4116:com.google.android.gms:snet/u0a14 (adj 906): empty #17
05-31 14:55:24.023  2239  2968 W BroadcastQueue: Background execution not allowed: receiving Intent { act=android.bluetooth.device.action.UUID flg=0x10 (has extras) } to com.google.android.googlequicksearchbox/com.google.android.apps.gsa.broadcastreceiver.CommonBroadcastReceiver
05-31 14:55:33.794  2239  2311 D ConnectivityService: NetworkAgentInfo [WIFI () - 100] validation failed
05-31 14:55:34.036  2239  2361 W BroadcastQueue: Background execution not allowed: receiving Intent { act=android.bluetooth.device.action.UUID flg=0x10 (has extras) } to com.google.android.googlequicksearchbox/com.google.android.apps.gsa.broadcastreceiver.CommonBroadcastReceiver
05-31 14:55:34.040  2239  4215 W BroadcastQueue: Background execution not allowed: receiving Intent { act=android.bluetooth.device.action.UUID flg=0x10 (has extras) } to com.google.android.googlequicksearchbox/com.google.android.apps.gsa.broadcastreceiver.CommonBroadcastReceiver
05-31 14:55:44.096  2239  2438 W BroadcastQueue: Background execution not allowed: receiving Intent { act=android.bluetooth.device.action.UUID flg=0x10 (has extras) } to com.google.android.googlequicksearchbox/com.google.android.apps.gsa.broadcastreceiver.CommonBroadcastReceiver
05-31 14:55:44.099  2239  4215 W BroadcastQueue: Background execution not allowed: receiving Intent { act=android.bluetooth.device.action.UUID flg=0x10 (has extras) } to com.google.android.googlequicksearchbox/com.google.android.apps.gsa.broadcastreceiver.CommonBroadcastReceiver
05-31 14:55:54.149  2239  2567 W BroadcastQueue: Background execution not allowed: receiving Intent { act=android.bluetooth.device.action.UUID flg=0x10 (has extras) } to com.google.android.googlequicksearchbox/com.google.android.apps.gsa.broadcastreceiver.CommonBroadcastReceiver
05-31 14:55:54.155  2239  2361 W BroadcastQueue: Background execution not allowed: receiving Intent { act=android.bluetooth.device.action.UUID flg=0x10 (has extras) } to com.google.android.googlequicksearchbox/com.google.android.apps.gsa.broadcastreceiver.CommonBroadcastReceiver
05-31 14:56:04.210  2239  2567 W BroadcastQueue: Background execution not allowed: receiving Intent { act=android.bluetooth.device.action.UUID flg=0x10 (has extras) } to com.google.android.googlequicksearchbox/com.google.android.apps.gsa.broadcastreceiver.CommonBroadcastReceiver
05-31 14:56:04.214  2239  2438 W BroadcastQueue: Background execution not allowed: receiving Intent { act=android.bluetooth.device.action.UUID flg=0x10 (has extras) } to com.google.android.googlequicksearchbox/com.google.android.apps.gsa.broadcastreceiver.CommonBroadcastReceiver
05-31 14:56:04.216  2239  2438 I ActivityManager: Killing 2889:com.android.printspooler/u0a69 (adj 906): empty #17
05-31 14:56:14.261  2239  2438 W BroadcastQueue: Background execution not allowed: receiving Intent { act=android.bluetooth.device.action.UUID flg=0x10 (has extras) } to com.google.android.googlequicksearchbox/com.google.android.apps.gsa.broadcastreceiver.CommonBroadcastReceiver
05-31 14:56:14.265  2239  2438 W BroadcastQueue: Background execution not allowed: receiving Intent { act=android.bluetooth.device.action.UUID flg=0x10 (has extras) } to com.google.android.googlequicksearchbox/com.google.android.apps.gsa.broadcastreceiver.CommonBroadcastReceiver
05-31 14:56:24.312  2239  2361 W BroadcastQueue: Background execution not allowed: receiving Intent { act=android.bluetooth.device.action.UUID flg=0x10 (has extras) } to com.google.android.googlequicksearchbox/com.google.android.apps.gsa.broadcastreceiver.CommonBroadcastReceiver
05-31 14:56:24.315  2239  2567 W BroadcastQueue: Background execution not allowed: receiving Intent { act=android.bluetooth.device.action.UUID flg=0x10 (has extras) } to com.google.android.googlequicksearchbox/com.google.android.apps.gsa.broadcastreceiver.CommonBroadcastReceiver
05-31 14:56:34.334  2239  2438 W BroadcastQueue: Background execution not allowed: receiving Intent { act=android.bluetooth.device.action.UUID flg=0x10 (has extras) } to com.google.android.googlequicksearchbox/com.google.android.apps.gsa.broadcastreceiver.CommonBroadcastReceiver
05-31 14:56:34.340  2239  2361 W BroadcastQueue: Background execution not allowed: receiving Intent { act=android.bluetooth.device.action.UUID flg=0x10 (has extras) } to com.google.android.googlequicksearchbox/com.google.android.apps.gsa.broadcastreceiver.CommonBroadcastReceiver
05-31 14:56:44.395  2239  2438 W BroadcastQueue: Background execution not allowed: receiving Intent { act=android.bluetooth.device.action.UUID flg=0x10 (has extras) } to com.google.android.googlequicksearchbox/com.google.android.apps.gsa.broadcastreceiver.CommonBroadcastReceiver
05-31 14:56:44.398  2239  4091 W BroadcastQueue: Background execution not allowed: receiving Intent { act=android.bluetooth.device.action.UUID flg=0x10 (has extras) } to com.google.android.googlequicksearchbox/com.google.android.apps.gsa.broadcastreceiver.CommonBroadcastReceiver
05-31 14:56:50.872  2239  2311 D ConnectivityService: NetworkAgentInfo [WIFI () - 100] validation failed
05-31 14:56:54.447  2239  4091 W BroadcastQueue: Background execution not allowed: receiving Intent { act=android.bluetooth.device.action.UUID flg=0x10 (has extras) } to com.google.android.googlequicksearchbox/com.google.android.apps.gsa.broadcastreceiver.CommonBroadcastReceiver
05-31 14:56:54.456  2239  2438 W BroadcastQueue: Background execution not allowed: receiving Intent { act=android.bluetooth.device.action.UUID flg=0x10 (has extras) } to com.google.android.googlequicksearchbox/com.google.android.apps.gsa.broadcastreceiver.CommonBroadcastReceiver
05-31 14:57:04.507  2239  2567 W BroadcastQueue: Background execution not allowed: receiving Intent { act=android.bluetooth.device.action.UUID flg=0x10 (has extras) } to com.google.android.googlequicksearchbox/com.google.android.apps.gsa.broadcastreceiver.CommonBroadcastReceiver
05-31 14:57:04.511  2239  4091 W BroadcastQueue: Background execution not allowed: receiving Intent { act=android.bluetooth.device.action.UUID flg=0x10 (has extras) } to com.google.android.googlequicksearchbox/com.google.android.apps.gsa.broadcastreceiver.CommonBroadcastReceiver
05-31 14:57:14.560  2239  2438 W BroadcastQueue: Background execution not allowed: receiving Intent { act=android.bluetooth.device.action.UUID flg=0x10 (has extras) } to com.google.android.googlequicksearchbox/com.google.android.apps.gsa.broadcastreceiver.CommonBroadcastReceiver
05-31 14:57:14.565  2239  4091 W BroadcastQueue: Background execution not allowed: receiving Intent { act=android.bluetooth.device.action.UUID flg=0x10 (has extras) } to com.google.android.googlequicksearchbox/com.google.android.apps.gsa.broadcastreceiver.CommonBroadcastReceiver
05-31 14:57:24.620  2239  2361 W BroadcastQueue: Background execution not allowed: receiving Intent { act=android.bluetooth.device.action.UUID flg=0x10 (has extras) } to com.google.android.googlequicksearchbox/com.google.android.apps.gsa.broadcastreceiver.CommonBroadcastReceiver
05-31 14:57:24.624  2239  2567 W BroadcastQueue: Background execution not allowed: receiving Intent { act=android.bluetooth.device.action.UUID flg=0x10 (has extras) } to com.google.android.googlequicksearchbox/com.google.android.apps.gsa.broadcastreceiver.CommonBroadcastReceiver
05-31 14:57:34.671  2239  2438 W BroadcastQueue: Background execution not allowed: receiving Intent { act=android.bluetooth.device.action.UUID flg=0x10 (has extras) } to com.google.android.googlequicksearchbox/com.google.android.apps.gsa.broadcastreceiver.CommonBroadcastReceiver
05-31 14:57:34.674  2239  2361 W BroadcastQueue: Background execution not allowed: receiving Intent { act=android.bluetooth.device.action.UUID flg=0x10 (has extras) } to com.google.android.googlequicksearchbox/com.google.android.apps.gsa.broadcastreceiver.CommonBroadcastReceiver
05-31 14:57:44.723  2239  2361 W BroadcastQueue: Background execution not allowed: receiving Intent { act=android.bluetooth.device.action.UUID flg=0x10 (has extras) } to com.google.android.googlequicksearchbox/com.google.android.apps.gsa.broadcastreceiver.CommonBroadcastReceiver
05-31 14:57:44.725  2239  2438 W BroadcastQueue: Background execution not allowed: receiving Intent { act=android.bluetooth.device.action.UUID flg=0x10 (has extras) } to com.google.android.googlequicksearchbox/com.google.android.apps.gsa.broadcastreceiver.CommonBroadcastReceiver
05-31 14:57:54.774  2239  4215 W BroadcastQueue: Background execution not allowed: receiving Intent { act=android.bluetooth.device.action.UUID flg=0x10 (has extras) } to com.google.android.googlequicksearchbox/com.google.android.apps.gsa.broadcastreceiver.CommonBroadcastReceiver
05-31 14:57:54.779  2239  2361 W BroadcastQueue: Background execution not allowed: receiving Intent { act=android.bluetooth.device.action.UUID flg=0x10 (has extras) } to com.google.android.googlequicksearchbox/com.google.android.apps.gsa.broadcastreceiver.CommonBroadcastReceiver
05-31 14:58:04.830  2239  2438 W BroadcastQueue: Background execution not allowed: receiving Intent { act=android.bluetooth.device.action.UUID flg=0x10 (has extras) } to com.google.android.googlequicksearchbox/com.google.android.apps.gsa.broadcastreceiver.CommonBroadcastReceiver
05-31 14:58:04.832  2239  2567 W BroadcastQueue: Background execution not allowed: receiving Intent { act=android.bluetooth.device.action.UUID flg=0x10 (has extras) } to com.google.android.googlequicksearchbox/com.google.android.apps.gsa.broadcastreceiver.CommonBroadcastReceiver
05-31 14:58:14.880  2239  4091 W BroadcastQueue: Background execution not allowed: receiving Intent { act=android.bluetooth.device.action.UUID flg=0x10 (has extras) } to com.google.android.googlequicksearchbox/com.google.android.apps.gsa.broadcastreceiver.CommonBroadcastReceiver
05-31 14:58:14.883  2239  2438 W BroadcastQueue: Background execution not allowed: receiving Intent { act=android.bluetooth.device.action.UUID flg=0x10 (has extras) } to com.google.android.googlequicksearchbox/com.google.android.apps.gsa.broadcastreceiver.CommonBroadcastReceiver
05-31 14:58:24.931  2239  2438 W BroadcastQueue: Background execution not allowed: receiving Intent { act=android.bluetooth.device.action.UUID flg=0x10 (has extras) } to com.google.android.googlequicksearchbox/com.google.android.apps.gsa.broadcastreceiver.CommonBroadcastReceiver
05-31 14:58:24.934  2239  4091 W BroadcastQueue: Background execution not allowed: receiving Intent { act=android.bluetooth.device.action.UUID flg=0x10 (has extras) } to com.google.android.googlequicksearchbox/com.google.android.apps.gsa.broadcastreceiver.CommonBroadcastReceiver
05-31 14:58:34.964  2239  2979 W BroadcastQueue: Background execution not allowed: receiving Intent { act=android.bluetooth.device.action.UUID flg=0x10 (has extras) } to com.google.android.googlequicksearchbox/com.google.android.apps.gsa.broadcastreceiver.CommonBroadcastReceiver
05-31 14:58:34.974  2239  2567 W BroadcastQueue: Background execution not allowed: receiving Intent { act=android.bluetooth.device.action.UUID flg=0x10 (has extras) } to com.google.android.googlequicksearchbox/com.google.android.apps.gsa.broadcastreceiver.CommonBroadcastReceiver
05-31 14:58:44.988  2239  2979 W BroadcastQueue: Background execution not allowed: receiving Intent { act=android.bluetooth.device.action.UUID flg=0x10 (has extras) } to com.google.android.googlequicksearchbox/com.google.android.apps.gsa.broadcastreceiver.CommonBroadcastReceiver
05-31 14:58:44.991  2239  4707 W BroadcastQueue: Background execution not allowed: receiving Intent { act=android.bluetooth.device.action.UUID flg=0x10 (has extras) } to com.google.android.googlequicksearchbox/com.google.android.apps.gsa.broadcastreceiver.CommonBroadcastReceiver
05-31 14:58:55.073  2239  2979 W BroadcastQueue: Background execution not allowed: receiving Intent { act=android.bluetooth.device.action.UUID flg=0x10 (has extras) } to com.google.android.googlequicksearchbox/com.google.android.apps.gsa.broadcastreceiver.CommonBroadcastReceiver
05-31 14:58:55.074  2239  2567 W BroadcastQueue: Background execution not allowed: receiving Intent { act=android.bluetooth.device.action.UUID flg=0x10 (has extras) } to com.google.android.googlequicksearchbox/com.google.android.apps.gsa.broadcastreceiver.CommonBroadcastReceiver
05-31 14:59:05.126  2239  4215 W BroadcastQueue: Background execution not allowed: receiving Intent { act=android.bluetooth.device.action.UUID flg=0x10 (has extras) } to com.google.android.googlequicksearchbox/com.google.android.apps.gsa.broadcastreceiver.CommonBroadcastReceiver
05-31 14:59:05.131  2239  2979 W BroadcastQueue: Background execution not allowed: receiving Intent { act=android.bluetooth.device.action.UUID flg=0x10 (has extras) } to com.google.android.googlequicksearchbox/com.google.android.apps.gsa.broadcastreceiver.CommonBroadcastReceiver
05-31 14:59:05.160  2239  2438 I ActivityManager: Start proc 4843:com.google.android.gms.learning/u0a14 for service com.google.android.gms/.learning.training.background.TrainingGcmTaskService
05-31 14:59:11.985  2239  2311 D ConnectivityService: NetworkAgentInfo [WIFI () - 100] validation failed
05-31 14:59:15.183  2239  2438 W BroadcastQueue: Background execution not allowed: receiving Intent { act=android.bluetooth.device.action.UUID flg=0x10 (has extras) } to com.google.android.googlequicksearchbox/com.google.android.apps.gsa.broadcastreceiver.CommonBroadcastReceiver
05-31 14:59:15.194  2239  2979 W BroadcastQueue: Background execution not allowed: receiving Intent { act=android.bluetooth.device.action.UUID flg=0x10 (has extras) } to com.google.android.googlequicksearchbox/com.google.android.apps.gsa.broadcastreceiver.CommonBroadcastReceiver
05-31 14:59:25.246  2239  2438 W BroadcastQueue: Background execution not allowed: receiving Intent { act=android.bluetooth.device.action.UUID flg=0x10 (has extras) } to com.google.android.googlequicksearchbox/com.google.android.apps.gsa.broadcastreceiver.CommonBroadcastReceiver
05-31 14:59:25.251  2239  2438 I chatty  : uid=1000(system) Binder:2239_5 identical 1 line
05-31 14:59:35.311  2239  2438 W BroadcastQueue: Background execution not allowed: receiving Intent { act=android.bluetooth.device.action.UUID flg=0x10 (has extras) } to com.google.android.googlequicksearchbox/com.google.android.apps.gsa.broadcastreceiver.CommonBroadcastReceiver
05-31 14:59:35.314  2239  2979 W BroadcastQueue: Background execution not allowed: receiving Intent { act=android.bluetooth.device.action.UUID flg=0x10 (has extras) } to com.google.android.googlequicksearchbox/com.google.android.apps.gsa.broadcastreceiver.CommonBroadcastReceiver
05-31 14:59:45.362  2239  2438 W BroadcastQueue: Background execution not allowed: receiving Intent { act=android.bluetooth.device.action.UUID flg=0x10 (has extras) } to com.google.android.googlequicksearchbox/com.google.android.apps.gsa.broadcastreceiver.CommonBroadcastReceiver
05-31 14:59:45.365  2239  4215 W BroadcastQueue: Background execution not allowed: receiving Intent { act=android.bluetooth.device.action.UUID flg=0x10 (has extras) } to com.google.android.googlequicksearchbox/com.google.android.apps.gsa.broadcastreceiver.CommonBroadcastReceiver
05-31 14:59:45.366  2239  4215 I ActivityManager: Killing 3372:com.google.process.gapps/u0a14 (adj 906): empty #17
05-31 14:59:55.414  2239  2438 W BroadcastQueue: Background execution not allowed: receiving Intent { act=android.bluetooth.device.action.UUID flg=0x10 (has extras) } to com.google.android.googlequicksearchbox/com.google.android.apps.gsa.broadcastreceiver.CommonBroadcastReceiver
05-31 14:59:55.422  2239  4215 W BroadcastQueue: Background execution not allowed: receiving Intent { act=android.bluetooth.device.action.UUID flg=0x10 (has extras) } to com.google.android.googlequicksearchbox/com.google.android.apps.gsa.broadcastreceiver.CommonBroadcastReceiver
05-31 15:00:05.436  2239  2567 W BroadcastQueue: Background execution not allowed: receiving Intent { act=android.bluetooth.device.action.UUID flg=0x10 (has extras) } to com.google.android.googlequicksearchbox/com.google.android.apps.gsa.broadcastreceiver.CommonBroadcastReceiver
05-31 15:00:15.486  2239  2567 I chatty  : uid=1000(system) Binder:2239_7 identical 2 lines
05-31 15:00:15.491  2239  2567 W BroadcastQueue: Background execution not allowed: receiving Intent { act=android.bluetooth.device.action.UUID flg=0x10 (has extras) } to com.google.android.googlequicksearchbox/com.google.android.apps.gsa.broadcastreceiver.CommonBroadcastReceiver
05-31 15:00:18.976  2363  2363 D ViewRootImpl[StatusBar]: updatePointerIcon called with position out of bounds
05-31 15:00:25.555  2239  2438 W BroadcastQueue: Background execution not allowed: receiving Intent { act=android.bluetooth.device.action.UUID flg=0x10 (has extras) } to com.google.android.googlequicksearchbox/com.google.android.apps.gsa.broadcastreceiver.CommonBroadcastReceiver
05-31 15:00:25.558  2239  2361 W BroadcastQueue: Background execution not allowed: receiving Intent { act=android.bluetooth.device.action.UUID flg=0x10 (has extras) } to com.google.android.googlequicksearchbox/com.google.android.apps.gsa.broadcastreceiver.CommonBroadcastReceiver
05-31 15:00:35.606  2239  2438 W BroadcastQueue: Background execution not allowed: receiving Intent { act=android.bluetooth.device.action.UUID flg=0x10 (has extras) } to com.google.android.googlequicksearchbox/com.google.android.apps.gsa.broadcastreceiver.CommonBroadcastReceiver
05-31 15:00:35.615  2239  2567 W BroadcastQueue: Background execution not allowed: receiving Intent { act=android.bluetooth.device.action.UUID flg=0x10 (has extras) } to com.google.android.googlequicksearchbox/com.google.android.apps.gsa.broadcastreceiver.CommonBroadcastReceiver
05-31 15:00:45.666  2239  2567 I chatty  : uid=1000(system) Binder:2239_7 identical 1 line
05-31 15:00:45.670  2239  2567 W BroadcastQueue: Background execution not allowed: receiving Intent { act=android.bluetooth.device.action.UUID flg=0x10 (has extras) } to com.google.android.googlequicksearchbox/com.google.android.apps.gsa.broadcastreceiver.CommonBroadcastReceiver
05-31 15:00:55.717  2239  2438 W BroadcastQueue: Background execution not allowed: receiving Intent { act=android.bluetooth.device.action.UUID flg=0x10 (has extras) } to com.google.android.googlequicksearchbox/com.google.android.apps.gsa.broadcastreceiver.CommonBroadcastReceiver
05-31 15:00:55.721  2239  2567 W BroadcastQueue: Background execution not allowed: receiving Intent { act=android.bluetooth.device.action.UUID flg=0x10 (has extras) } to com.google.android.googlequicksearchbox/com.google.android.apps.gsa.broadcastreceiver.CommonBroadcastReceiver
05-31 15:00:56.710  2363  2363 D ViewRootImpl[StatusBar]: updatePointerIcon called with position out of bounds
05-31 15:01:05.778  2239  2567 W BroadcastQueue: Background execution not allowed: receiving Intent { act=android.bluetooth.device.action.UUID flg=0x10 (has extras) } to com.google.android.googlequicksearchbox/com.google.android.apps.gsa.broadcastreceiver.CommonBroadcastReceiver
05-31 15:01:05.780  2239  2567 W BroadcastQueue: Background execution not allowed: receiving Intent { act=android.bluetooth.device.action.UUID flg=0x10 (has extras) } to com.google.android.googlequicksearchbox/com.google.android.apps.gsa.broadcastreceiver.CommonBroadcastReceiver
05-31 15:01:05.784  2239  2438 W BroadcastQueue: Background execution not allowed: receiving Intent { act=com.google.android.checkin.CHECKIN_COMPLETE flg=0x10 (has extras) } to com.google.android.gsf/.settings.GoogleLocationSettings$LocationSettingsChangedListener
05-31 15:01:15.791  2239  2361 W BroadcastQueue: Background execution not allowed: receiving Intent { act=android.bluetooth.device.action.UUID flg=0x10 (has extras) } to com.google.android.googlequicksearchbox/com.google.android.apps.gsa.broadcastreceiver.CommonBroadcastReceiver
05-31 15:01:15.799  2239  2361 W BroadcastQueue: Background execution not allowed: receiving Intent { act=android.bluetooth.device.action.UUID flg=0x10 (has extras) } to com.google.android.googlequicksearchbox/com.google.android.apps.gsa.broadcastreceiver.CommonBroadcastReceiver
05-31 15:01:16.553  4590  4590 D ViewRootImpl[BrowserActivity]: updatePointerIcon called with position out of bounds
05-31 15:01:17.452  4590  4590 I chatty  : uid=10074(u0_a74) com.seafile.seadroid2.debug identical 5 lines
05-31 15:01:17.469  4590  4590 D ViewRootImpl[BrowserActivity]: updatePointerIcon called with position out of bounds
05-31 15:01:18.666  2363  2363 D ViewRootImpl[StatusBar]: updatePointerIcon called with position out of bounds
05-31 15:01:20.828  2363  2363 I chatty  : uid=10033(com.android.systemui) identical 1 line
05-31 15:01:21.950  2363  2363 D ViewRootImpl[StatusBar]: updatePointerIcon called with position out of bounds
05-31 15:01:22.098  2239  2438 I WindowManager: Failed to capture screenshot of Token{d8701a2 ActivityRecord{b4d016d u0 com.android.launcher3/org.openthos.launcher.activity.MainActivity t2}} appWin=Window{92654a0 u0 com.android.launcher3/org.openthos.launcher.activity.MainActivity} drawState=4
05-31 15:01:25.848  2239  2361 W BroadcastQueue: Background execution not allowed: receiving Intent { act=android.bluetooth.device.action.UUID flg=0x10 (has extras) } to com.google.android.googlequicksearchbox/com.google.android.apps.gsa.broadcastreceiver.CommonBroadcastReceiver
05-31 15:01:25.858  2239  4707 W BroadcastQueue: Background execution not allowed: receiving Intent { act=android.bluetooth.device.action.UUID flg=0x10 (has extras) } to com.google.android.googlequicksearchbox/com.google.android.apps.gsa.broadcastreceiver.CommonBroadcastReceiver
05-31 15:01:35.910  2239  2361 W BroadcastQueue: Background execution not allowed: receiving Intent { act=android.bluetooth.device.action.UUID flg=0x10 (has extras) } to com.google.android.googlequicksearchbox/com.google.android.apps.gsa.broadcastreceiver.CommonBroadcastReceiver
05-31 15:01:35.914  2239  2567 W BroadcastQueue: Background execution not allowed: receiving Intent { act=android.bluetooth.device.action.UUID flg=0x10 (has extras) } to com.google.android.googlequicksearchbox/com.google.android.apps.gsa.broadcastreceiver.CommonBroadcastReceiver
05-31 15:01:45.971  2239  2361 W BroadcastQueue: Background execution not allowed: receiving Intent { act=android.bluetooth.device.action.UUID flg=0x10 (has extras) } to com.google.android.googlequicksearchbox/com.google.android.apps.gsa.broadcastreceiver.CommonBroadcastReceiver
05-31 15:01:45.973  2239  4707 W BroadcastQueue: Background execution not allowed: receiving Intent { act=android.bluetooth.device.action.UUID flg=0x10 (has extras) } to com.google.android.googlequicksearchbox/com.google.android.apps.gsa.broadcastreceiver.CommonBroadcastReceiver
05-31 15:01:46.811  2239  4215 I ActivityManager: START u0 {flg=0x4000000 cmp=com.seafile.seadroid2.debug/com.seafile.seadroid2.ui.activity.OpenthosSettingsActivity} from uid 10074
05-31 15:01:47.577  4590  4590 W ViewRootImpl[BrowserActivity]: Cancelling event due to no window focus: MotionEvent { action=ACTION_CANCEL, actionButton=0, id[0]=0, x[0]=1638.7782, y[0]=19.82859, toolType[0]=TOOL_TYPE_MOUSE, buttonState=0, metaState=0, flags=0x0, edgeFlags=0x0, pointerCount=1, historySize=0, eventTime=577691, downTime=576793, deviceId=3, source=0x2002 }
05-31 15:01:47.577  4590  4590 I chatty  : uid=10074(u0_a74) com.seafile.seadroid2.debug identical 2 lines
05-31 15:01:47.578  4590  4590 W ViewRootImpl[BrowserActivity]: Cancelling event due to no window focus: MotionEvent { action=ACTION_CANCEL, actionButton=0, id[0]=0, x[0]=1638.7782, y[0]=19.82859, toolType[0]=TOOL_TYPE_MOUSE, buttonState=0, metaState=0, flags=0x0, edgeFlags=0x0, pointerCount=1, historySize=0, eventTime=577691, downTime=576793, deviceId=3, source=0x2002 }
05-31 15:01:56.024  2239  4707 W BroadcastQueue: Background execution not allowed: receiving Intent { act=android.bluetooth.device.action.UUID flg=0x10 (has extras) } to com.google.android.googlequicksearchbox/com.google.android.apps.gsa.broadcastreceiver.CommonBroadcastReceiver
05-31 15:01:56.033  2239  2361 W BroadcastQueue: Background execution not allowed: receiving Intent { act=android.bluetooth.device.action.UUID flg=0x10 (has extras) } to com.google.android.googlequicksearchbox/com.google.android.apps.gsa.broadcastreceiver.CommonBroadcastReceiver
05-31 15:02:03.061  2239  2239 W WindowManager: removeWindowToken: Attempted to remove non-existing token: android.os.Binder@668fdf4
05-31 15:02:06.085  2239  4215 W BroadcastQueue: Background execution not allowed: receiving Intent { act=android.bluetooth.device.action.UUID flg=0x10 (has extras) } to com.google.android.googlequicksearchbox/com.google.android.apps.gsa.broadcastreceiver.CommonBroadcastReceiver
05-31 15:02:06.088  2239  2567 W BroadcastQueue: Background execution not allowed: receiving Intent { act=android.bluetooth.device.action.UUID flg=0x10 (has extras) } to com.google.android.googlequicksearchbox/com.google.android.apps.gsa.broadcastreceiver.CommonBroadcastReceiver
05-31 15:02:12.786  2239  2567 I ActivityManager: START u0 {flg=0x4000000 cmp=com.seafile.seadroid2.debug/com.seafile.seadroid2.ui.activity.OpenthosSettingsActivity} from uid 10074
05-31 15:02:16.136  2239  2567 W BroadcastQueue: Background execution not allowed: receiving Intent { act=android.bluetooth.device.action.UUID flg=0x10 (has extras) } to com.google.android.googlequicksearchbox/com.google.android.apps.gsa.broadcastreceiver.CommonBroadcastReceiver
05-31 15:02:16.140  2239  2361 W BroadcastQueue: Background execution not allowed: receiving Intent { act=android.bluetooth.device.action.UUID flg=0x10 (has extras) } to com.google.android.googlequicksearchbox/com.google.android.apps.gsa.broadcastreceiver.CommonBroadcastReceiver
05-31 15:02:24.019  2239  2361 I ActivityManager: START u0 {act=android.intent.action.MAIN cat=[android.intent.category.HOME] flg=0x10000100 cmp=com.android.launcher3/org.openthos.launcher.activity.MainActivity} from uid 0
05-31 15:02:25.644  2239  2361 E WindowManager: Unknown window type: 2039
05-31 15:02:25.668  2239  2361 I chatty  : uid=1000(system) Binder:2239_3 identical 4 lines
05-31 15:02:25.713  2239  2361 E WindowManager: Unknown window type: 2039
05-31 15:02:25.754  2239  2285 E WindowManager: Unknown window type: 2039
05-31 15:02:25.756  2239  4707 E WindowManager: Unknown window type: 2039
05-31 15:02:25.770  2239  2285 E WindowManager: Unknown window type: 2039
05-31 15:02:25.886  2239  2285 E WindowManager: Unknown window type: 2039
05-31 15:02:26.195  2239  4707 W BroadcastQueue: Background execution not allowed: receiving Intent { act=android.bluetooth.device.action.UUID flg=0x10 (has extras) } to com.google.android.googlequicksearchbox/com.google.android.apps.gsa.broadcastreceiver.CommonBroadcastReceiver
05-31 15:02:26.200  2239  2567 W BroadcastQueue: Background execution not allowed: receiving Intent { act=android.bluetooth.device.action.UUID flg=0x10 (has extras) } to com.google.android.googlequicksearchbox/com.google.android.apps.gsa.broadcastreceiver.CommonBroadcastReceiver
05-31 15:02:27.460  2363  2363 D ViewRootImpl[OpenthosStatusBar]: updatePointerIcon called with position out of bounds
05-31 15:02:27.466  2239  2361 E WindowManager: Unknown window type: 2039
05-31 15:02:27.472  2239  2361 I chatty  : uid=1000(system) Binder:2239_3 identical 1 line
05-31 15:02:27.477  2239  2361 E WindowManager: Unknown window type: 2039
05-31 15:02:27.493  2239  2285 E WindowManager: Unknown window type: 2039
05-31 15:02:27.503  2239  2285 E WindowManager: Unknown window type: 2039
05-31 15:02:27.620  2363  2363 D ViewRootImpl[]: updatePointerIcon called with position out of bounds
05-31 15:02:27.635  2363  2363 D ViewRootImpl[]: updatePointerIcon called with position out of bounds
05-31 15:02:27.752  2239  2285 E WindowManager: Unknown window type: 2039
05-31 15:02:28.854  2363  2363 D ViewRootImpl[OpenthosStatusBar]: updatePointerIcon called with position out of bounds
05-31 15:02:28.967  2239  2361 I ActivityManager: START u0 {act=android.intent.action.MAIN cat=[android.intent.category.LAUNCHER] flg=0x30000000 cmp=com.seafile.seadroid2.debug/com.seafile.seadroid2.ui.activity.SplashActivity} from uid 10033
05-31 15:02:28.970  2239  2361 E ActivityManager: applyOptionsLocked: Unknown animationType=0
05-31 15:02:28.973  2239  2361 E WindowManager: Unknown window type: 2039
05-31 15:02:28.974  2239  2361 E WindowManager: Unknown window type: 2039
05-31 15:02:28.976  2239  4215 E WindowManager: Unknown window type: 2039
05-31 15:02:28.985  2239  4215 E WindowManager: Unknown window type: 2039
05-31 15:02:28.986  2239  2285 E WindowManager: Unknown window type: 2039
05-31 15:02:29.005  2239  4215 E WindowManager: Unknown window type: 2039
05-31 15:02:29.011  2239  4215 E WindowManager: Unknown window type: 2039
05-31 15:02:29.013  2239  2285 E WindowManager: Unknown window type: 2039
05-31 15:02:29.036  2239  2285 I chatty  : uid=1000(system) android.anim identical 6 lines
05-31 15:02:29.102  2239  2285 E WindowManager: Unknown window type: 2039
05-31 15:02:29.237  2239  2285 W AppOps  : Finishing op nesting under-run: uid 10033 pkg com.android.systemui code 24 time=0 duration=0 nesting=0
05-31 15:02:29.985  2239  4215 I ActivityManager: START u0 {cmp=com.seafile.seadroid2.debug/com.seafile.seadroid2.ui.activity.BrowserActivity} from uid 10074
05-31 15:02:30.043  4590  4590 W ViewRootImpl[SplashActivity]: Cancelling event due to no window focus: MotionEvent { action=ACTION_CANCEL, actionButton=0, id[0]=0, x[0]=483.60358, y[0]=377.52435, toolType[0]=TOOL_TYPE_MOUSE, buttonState=0, metaState=0, flags=0x0, edgeFlags=0x0, pointerCount=1, historySize=0, eventTime=620115, downTime=618969, deviceId=3, source=0x2002 }
05-31 15:02:30.043  4590  4590 I chatty  : uid=10074(u0_a74) com.seafile.seadroid2.debug identical 2 lines
05-31 15:02:30.043  4590  4590 W ViewRootImpl[SplashActivity]: Cancelling event due to no window focus: MotionEvent { action=ACTION_CANCEL, actionButton=0, id[0]=0, x[0]=483.60358, y[0]=377.52435, toolType[0]=TOOL_TYPE_MOUSE, buttonState=0, metaState=0, flags=0x0, edgeFlags=0x0, pointerCount=1, historySize=0, eventTime=620115, downTime=618969, deviceId=3, source=0x2002 }
05-31 15:02:30.044  2239  2254 V ActivityManager: Attempted to start a foreground service (ComponentInfo{com.seafile.seadroid2.debug/com.seafile.seadroid2.cameraupload.MediaObserverService}) with a broken notification (no icon: Notification(channel=null pri=0 contentView=null vibrate=null sound=null defaults=0x0 flags=0x40 color=0x00000000 vis=PRIVATE))
05-31 15:02:32.047  2239  2239 W WindowManager: removeWindowToken: Attempted to remove non-existing token: android.os.Binder@4e3c3f
05-31 15:02:36.262  2239  4707 W BroadcastQueue: Background execution not allowed: receiving Intent { act=android.bluetooth.device.action.UUID flg=0x10 (has extras) } to com.google.android.googlequicksearchbox/com.google.android.apps.gsa.broadcastreceiver.CommonBroadcastReceiver
05-31 15:02:36.271  2239  4707 W BroadcastQueue: Background execution not allowed: receiving Intent { act=android.bluetooth.device.action.UUID flg=0x10 (has extras) } to com.google.android.googlequicksearchbox/com.google.android.apps.gsa.broadcastreceiver.CommonBroadcastReceiver
05-31 15:02:38.364  2239  2239 W WindowManager: removeWindowToken: Attempted to remove non-existing token: android.os.Binder@c305c1a
05-31 15:02:41.987  2239  2239 W WindowManager: removeWindowToken: Attempted to remove non-existing token: android.os.Binder@1654d40
05-31 15:02:43.757  2239  4707 E WindowManager: Unknown window type: 2039
05-31 15:02:43.757  2239  4707 I chatty  : uid=1000(system) Binder:2239_11 identical 1 line
05-31 15:02:43.758  2239  4707 E WindowManager: Unknown window type: 2039
05-31 15:02:43.782  2239  2438 E WindowManager: Unknown window type: 2039
05-31 15:02:43.784  2239  2438 I chatty  : uid=1000(system) Binder:2239_5 identical 1 line
05-31 15:02:43.827  2239  2438 E WindowManager: Unknown window type: 2039
05-31 15:02:43.865  2239  2285 E WindowManager: Unknown window type: 2039
05-31 15:02:43.867  2239  4707 E WindowManager: Unknown window type: 2039
05-31 15:02:43.869  2239  2285 E WindowManager: Unknown window type: 2039
05-31 15:02:43.986  2239  2285 E WindowManager: Unknown window type: 2039
05-31 15:02:45.623  2363  2363 D ViewRootImpl[OpenthosStatusBar]: updatePointerIcon called with position out of bounds
05-31 15:02:45.628  2239  4707 E WindowManager: Unknown window type: 2039
05-31 15:02:45.637  2239  4707 I chatty  : uid=1000(system) Binder:2239_11 identical 1 line
05-31 15:02:45.641  2239  4707 E WindowManager: Unknown window type: 2039
05-31 15:02:45.657  2239  2285 E WindowManager: Unknown window type: 2039
05-31 15:02:45.670  2239  2285 E WindowManager: Unknown window type: 2039
05-31 15:02:45.800  2363  2363 D ViewRootImpl[]: updatePointerIcon called with position out of bounds
05-31 15:02:45.819  2363  2363 D ViewRootImpl[]: updatePointerIcon called with position out of bounds
05-31 15:02:45.919  2239  2285 E WindowManager: Unknown window type: 2039
05-31 15:02:46.322  2239  4707 W BroadcastQueue: Background execution not allowed: receiving Intent { act=android.bluetooth.device.action.UUID flg=0x10 (has extras) } to com.google.android.googlequicksearchbox/com.google.android.apps.gsa.broadcastreceiver.CommonBroadcastReceiver
05-31 15:02:46.324  2239  2438 W BroadcastQueue: Background execution not allowed: receiving Intent { act=android.bluetooth.device.action.UUID flg=0x10 (has extras) } to com.google.android.googlequicksearchbox/com.google.android.apps.gsa.broadcastreceiver.CommonBroadcastReceiver
05-31 15:02:49.128  2363  2363 D ViewRootImpl[OpenthosStatusBar]: updatePointerIcon called with position out of bounds
05-31 15:02:49.257  2239  4707 I ActivityManager: START u0 {act=android.intent.action.MAIN cat=[android.intent.category.LAUNCHER] flg=0x30000000 cmp=com.seafile.seadroid2.debug/com.seafile.seadroid2.ui.activity.SplashActivity} from uid 10033
05-31 15:02:49.261  2239  4707 E ActivityManager: applyOptionsLocked: Unknown animationType=0
05-31 15:02:49.263  2239  4707 E WindowManager: Unknown window type: 2039
05-31 15:02:49.265  2239  4707 E WindowManager: Unknown window type: 2039
05-31 15:02:49.266  2239  4215 E WindowManager: Unknown window type: 2039
05-31 15:02:49.268  2239  4707 E WindowManager: Unknown window type: 2039
05-31 15:02:49.269  2239  2285 E WindowManager: Unknown window type: 2039
05-31 15:02:49.288  2239  4707 E WindowManager: Unknown window type: 2039
05-31 15:02:49.294  2239  4707 E WindowManager: Unknown window type: 2039
05-31 15:02:49.295  2239  2285 E WindowManager: Unknown window type: 2039
05-31 15:02:49.319  2239  2285 I chatty  : uid=1000(system) android.anim identical 6 lines
05-31 15:02:49.386  2239  2285 E WindowManager: Unknown window type: 2039
05-31 15:02:49.521  2239  2285 W AppOps  : Finishing op nesting under-run: uid 10033 pkg com.android.systemui code 24 time=0 duration=0 nesting=0
05-31 15:02:50.273  2239  4707 I ActivityManager: START u0 {cmp=com.seafile.seadroid2.debug/com.seafile.seadroid2.ui.activity.BrowserActivity} from uid 10074
05-31 15:02:50.325  2239  2254 V ActivityManager: Attempted to start a foreground service (ComponentInfo{com.seafile.seadroid2.debug/com.seafile.seadroid2.cameraupload.MediaObserverService}) with a broken notification (no icon: Notification(channel=null pri=0 contentView=null vibrate=null sound=null defaults=0x0 flags=0x40 color=0x00000000 vis=PRIVATE))
05-31 15:02:52.329  2239  2239 W WindowManager: removeWindowToken: Attempted to remove non-existing token: android.os.Binder@71675d7
05-31 15:02:56.372  2239  2567 W BroadcastQueue: Background execution not allowed: receiving Intent { act=android.bluetooth.device.action.UUID flg=0x10 (has extras) } to com.google.android.googlequicksearchbox/com.google.android.apps.gsa.broadcastreceiver.CommonBroadcastReceiver
05-31 15:02:56.377  2239  4707 W BroadcastQueue: Background execution not allowed: receiving Intent { act=android.bluetooth.device.action.UUID flg=0x10 (has extras) } to com.google.android.googlequicksearchbox/com.google.android.apps.gsa.broadcastreceiver.CommonBroadcastReceiver
05-31 15:03:04.424  2239  4707 I WindowManager: Failed to capture screenshot of Token{d8701a2 ActivityRecord{b4d016d u0 com.android.launcher3/org.openthos.launcher.activity.MainActivity t2}} appWin=Window{92654a0 u0 com.android.launcher3/org.openthos.launcher.activity.MainActivity} drawState=4
05-31 15:03:05.640  2239  2438 I ActivityManager: START u0 {flg=0x4000000 cmp=com.seafile.seadroid2.debug/com.seafile.seadroid2.ui.activity.OpenthosSettingsActivity} from uid 10074
05-31 15:03:06.437  2239  4707 W BroadcastQueue: Background execution not allowed: receiving Intent { act=android.bluetooth.device.action.UUID flg=0x10 (has extras) } to com.google.android.googlequicksearchbox/com.google.android.apps.gsa.broadcastreceiver.CommonBroadcastReceiver
05-31 15:03:06.446  2239  2438 W BroadcastQueue: Background execution not allowed: receiving Intent { act=android.bluetooth.device.action.UUID flg=0x10 (has extras) } to com.google.android.googlequicksearchbox/com.google.android.apps.gsa.broadcastreceiver.CommonBroadcastReceiver
05-31 15:03:16.497  2239  2567 W BroadcastQueue: Background execution not allowed: receiving Intent { act=android.bluetooth.device.action.UUID flg=0x10 (has extras) } to com.google.android.googlequicksearchbox/com.google.android.apps.gsa.broadcastreceiver.CommonBroadcastReceiver
05-31 15:03:16.502  2239  2438 W BroadcastQueue: Background execution not allowed: receiving Intent { act=android.bluetooth.device.action.UUID flg=0x10 (has extras) } to com.google.android.googlequicksearchbox/com.google.android.apps.gsa.broadcastreceiver.CommonBroadcastReceiver
05-31 15:03:26.523  2239  2438 W BroadcastQueue: Background execution not allowed: receiving Intent { act=android.bluetooth.device.action.UUID flg=0x10 (has extras) } to com.google.android.googlequicksearchbox/com.google.android.apps.gsa.broadcastreceiver.CommonBroadcastReceiver
05-31 15:03:26.526  2239  2567 W BroadcastQueue: Background execution not allowed: receiving Intent { act=android.bluetooth.device.action.UUID flg=0x10 (has extras) } to com.google.android.googlequicksearchbox/com.google.android.apps.gsa.broadcastreceiver.CommonBroadcastReceiver
05-31 15:03:36.573  2239  4707 W BroadcastQueue: Background execution not allowed: receiving Intent { act=android.bluetooth.device.action.UUID flg=0x10 (has extras) } to com.google.android.googlequicksearchbox/com.google.android.apps.gsa.broadcastreceiver.CommonBroadcastReceiver
05-31 15:03:36.578  2239  2438 W BroadcastQueue: Background execution not allowed: receiving Intent { act=android.bluetooth.device.action.UUID flg=0x10 (has extras) } to com.google.android.googlequicksearchbox/com.google.android.apps.gsa.broadcastreceiver.CommonBroadcastReceiver
05-31 15:03:37.230  2239  4707 I ActivityManager: START u0 {act=android.intent.action.MAIN cat=[android.intent.category.HOME] flg=0x10000100 cmp=com.android.launcher3/org.openthos.launcher.activity.MainActivity} from uid 0
05-31 15:03:39.922  2239  4215 E WindowManager: Unknown window type: 2039
05-31 15:03:39.951  2239  4215 I chatty  : uid=1000(system) Binder:2239_F identical 4 lines
05-31 15:03:39.997  2239  4215 E WindowManager: Unknown window type: 2039
05-31 15:03:40.040  2239  2285 E WindowManager: Unknown window type: 2039
05-31 15:03:40.042  2239  2438 E WindowManager: Unknown window type: 2039
05-31 15:03:40.053  2239  2285 E WindowManager: Unknown window type: 2039
05-31 15:03:40.169  2239  2285 E WindowManager: Unknown window type: 2039
05-31 15:03:41.098  2239  2311 D ConnectivityService: NetworkAgentInfo [WIFI () - 100] validation failed
05-31 15:03:41.709  2363  2363 D ViewRootImpl[OpenthosStatusBar]: updatePointerIcon called with position out of bounds
05-31 15:03:41.714  2239  2438 E WindowManager: Unknown window type: 2039
05-31 15:03:41.722  2239  2438 I chatty  : uid=1000(system) Binder:2239_5 identical 1 line
05-31 15:03:41.736  2239  2438 E WindowManager: Unknown window type: 2039
05-31 15:03:41.746  2239  2285 E WindowManager: Unknown window type: 2039
05-31 15:03:41.752  2239  2285 E WindowManager: Unknown window type: 2039
05-31 15:03:41.838  2363  2363 D ViewRootImpl[]: updatePointerIcon called with position out of bounds
05-31 15:03:41.852  2363  2363 D ViewRootImpl[]: updatePointerIcon called with position out of bounds
05-31 15:03:42.002  2239  2285 E WindowManager: Unknown window type: 2039
05-31 15:03:42.976  2363  2363 D ViewRootImpl[OpenthosStatusBar]: updatePointerIcon called with position out of bounds
05-31 15:03:43.106  2239  4707 E WindowManager: Unknown window type: 2039
05-31 15:03:43.110  2239  4707 E WindowManager: Unknown window type: 2039
05-31 15:03:43.112  2239  4707 I ActivityManager: START u0 {act=android.intent.action.DELETE dat=package:com.seafile.seadroid2.debug cmp=com.google.android.packageinstaller/com.android.packageinstaller.UninstallerActivity} from uid 10033
05-31 15:03:43.113  2239  4707 W ActivityManager: startActivity called from non-Activity context; forcing Intent.FLAG_ACTIVITY_NEW_TASK for: Intent { act=android.intent.action.DELETE dat=package:com.seafile.seadroid2.debug flg=0x800000 cmp=com.google.android.packageinstaller/com.android.packageinstaller.UninstallerActivity }
05-31 15:03:43.118  2239  4707 E WindowManager: Unknown window type: 2039
05-31 15:03:43.118  2239  4707 E WindowManager: Unknown window type: 2039
05-31 15:03:43.135  2239  2285 E WindowManager: Unknown window type: 2039
05-31 15:03:43.137  2239  4215 E WindowManager: Unknown window type: 2039
05-31 15:03:43.153  2239  4215 I chatty  : uid=1000(system) Binder:2239_F identical 1 line
05-31 15:03:43.170  2239  4215 E WindowManager: Unknown window type: 2039
05-31 15:03:43.214  2239  2285 E WindowManager: Unknown window type: 2039
05-31 15:03:43.215  4620  4620 D ViewRootImpl[UninstallerActivity]: updatePointerIcon called with position out of bounds
05-31 15:03:43.215  2239  2285 E WindowManager: Unknown window type: 2039
05-31 15:03:43.216  2239  2285 I chatty  : uid=1000(system) android.anim identical 1 line
05-31 15:03:43.218  2239  2285 E WindowManager: Unknown window type: 2039
05-31 15:03:43.222  4620  4620 D ViewRootImpl[UninstallerActivity]: updatePointerIcon called with position out of bounds
05-31 15:03:43.223  2239  4707 E WindowManager: Unknown window type: 2039
05-31 15:03:43.235  4620  4620 D ViewRootImpl[UninstallerActivity]: updatePointerIcon called with position out of bounds
05-31 15:03:43.251  4620  4620 D ViewRootImpl[UninstallerActivity]: updatePointerIcon called with position out of bounds
05-31 15:03:43.254  2239  2285 E WindowManager: Unknown window type: 2039
05-31 15:03:43.268  4620  4620 D ViewRootImpl[UninstallerActivity]: updatePointerIcon called with position out of bounds
05-31 15:03:43.352  4620  4620 I chatty  : uid=10019(com.google.android.packageinstaller) identical 5 lines
05-31 15:03:43.368  4620  4620 D ViewRootImpl[UninstallerActivity]: updatePointerIcon called with position out of bounds
05-31 15:03:43.372  2239  2285 W AppOps  : Finishing op nesting under-run: uid 10033 pkg com.android.systemui code 24 time=0 duration=0 nesting=0
05-31 15:03:43.385  4620  4620 D ViewRootImpl[UninstallerActivity]: updatePointerIcon called with position out of bounds
05-31 15:03:44.318  4620  4620 I chatty  : uid=10019(com.google.android.packageinstaller) identical 36 lines
05-31 15:03:44.335  4620  4620 D ViewRootImpl[UninstallerActivity]: updatePointerIcon called with position out of bounds
05-31 15:03:45.294  2239  2254 I ActivityManager: Force stopping com.seafile.seadroid2.debug appid=10074 user=0: deletePackageX
05-31 15:03:45.294  2239  2268 W PackageSettings: Couldn't write 10074 to /config/sdcardfs/com.seafile.seadroid2.debug/appid
05-31 15:03:45.294  2239  2254 I ActivityManager: Killing 4590:com.seafile.seadroid2.debug/u0a74 (adj 200): stop com.seafile.seadroid2.debug
05-31 15:03:45.294  2239  2268 W PackageSettings: Couldn't write 0 to /config/sdcardfs/com.seafile.seadroid2.debug/excluded_userids
05-31 15:03:45.294  2239  2254 W ActivityManager: Scheduling restart of crashed service com.seafile.seadroid2.debug/com.seafile.seadroid2.cameraupload.MediaObserverService in 1000ms
05-31 15:03:45.294  2239  2254 W ActivityManager: Scheduling restart of crashed service com.seafile.seadroid2.debug/com.seafile.seadroid2.monitor.FileMonitorService in 11000ms
05-31 15:03:45.294  2239  2254 W ActivityManager: Scheduling restart of crashed service com.seafile.seadroid2.debug/com.seafile.seadroid2.transfer.TransferService in 21000ms
05-31 15:03:45.294  2239  2268 W PackageSettings: Couldn't write 10074 to /config/sdcardfs/com.seafile.seadroid2.debug/appid
05-31 15:03:45.294  2239  2268 W PackageSettings: Couldn't write 0 to /config/sdcardfs/com.seafile.seadroid2.debug/clear_userid
05-31 15:03:45.295  2239  2254 I ActivityManager:   Force stopping service ServiceRecord{5c11abf u0 com.seafile.seadroid2.debug/com.seafile.seadroid2.monitor.FileMonitorService}
05-31 15:03:45.295  2239  2254 I ActivityManager:   Force stopping service ServiceRecord{741d4c5 u0 com.seafile.seadroid2.debug/com.seafile.seadroid2.cameraupload.MediaObserverService}
05-31 15:03:45.295  2239  2254 I ActivityManager:   Force stopping service ServiceRecord{a793af u0 com.seafile.seadroid2.debug/com.seafile.seadroid2.transfer.TransferService}
05-31 15:03:45.302  2239  2268 W PackageSettings: Couldn't write 10006 to /config/sdcardfs/com.android.cts.priv.ctsshim/appid
05-31 15:03:45.302  2239  2268 W PackageSettings: Couldn't write 10073 to /config/sdcardfs/com.google.android.youtube/appid
05-31 15:03:45.302  2239  2268 W PackageSettings: Couldn't write 10054 to /config/sdcardfs/org.chromium.chrome/appid
05-31 15:03:45.302  2239  2268 W PackageSettings: Couldn't write 10016 to /config/sdcardfs/com.google.android.ext.services/appid
05-31 15:03:45.302  2239  2268 W PackageSettings: Couldn't write 1001 to /config/sdcardfs/com.android.providers.telephony/appid
05-31 15:03:45.302  2239  2268 W PackageSettings: Couldn't write 10001 to /config/sdcardfs/org.android_x86.analytics/appid
05-31 15:03:45.302  2239  2268 W PackageSettings: Couldn't write 10036 to /config/sdcardfs/com.google.android.googlequicksearchbox/appid
05-31 15:03:45.302  2239  2268 W PackageSettings: Couldn't write 10004 to /config/sdcardfs/com.android.providers.calendar/appid
05-31 15:03:45.302  2239  2268 W PackageSettings: Couldn't write 10011 to /config/sdcardfs/com.android.providers.media/appid
05-31 15:03:45.302  2239  2268 W PackageSettings: Couldn't write 10018 to /config/sdcardfs/com.google.android.onetimeinitializer/appid
05-31 15:03:45.302  2239  2268 W PackageSettings: Couldn't write 10056 to /config/sdcardfs/com.google.android.ext.shared/appid
05-31 15:03:45.302  2239  2268 W PackageSettings: Couldn't write 10037 to /config/sdcardfs/com.android.wallpapercropper/appid
05-31 15:03:45.302  2239  2268 W PackageSettings: Couldn't write 10010 to /config/sdcardfs/com.android.documentsui/appid
05-31 15:03:45.302  2239  2268 W PackageSettings: Couldn't write 10012 to /config/sdcardfs/com.android.externalstorage/appid
05-31 15:03:45.302  2239  2268 W PackageSettings: Couldn't write 10060 to /config/sdcardfs/com.android.htmlviewer/appid
05-31 15:03:45.302  2239  2268 W PackageSettings: Couldn't write 10049 to /config/sdcardfs/com.android.companiondevicemanager/appid
05-31 15:03:45.302  2239  2268 W PackageSettings: Couldn't write 1001 to /config/sdcardfs/com.android.mms.service/appid
05-31 15:03:45.302  2239  2268 W PackageSettings: Couldn't write 10011 to /config/sdcardfs/com.android.providers.downloads/appid
05-31 15:03:45.302  2239  2268 W PackageSettings: Couldn't write 10026 to /config/sdcardfs/de.k3b.android.androFotoFinder/appid
05-31 15:03:45.302  2239  2268 W PackageSettings: Couldn't write 10007 to /config/sdcardfs/com.android.defcontainer/appid
05-31 15:03:45.303  2239  2268 W PackageSettings: Couldn't write 10024 to /config/sdcardfs/org.openthos.filemanager/appid
05-31 15:03:45.303  2239  2268 W PackageSettings: Couldn't write 10011 to /config/sdcardfs/com.android.providers.downloads.ui/appid
