06-13 11:23:44.525  6416  6416 D ViewRootImpl[GrantPermissionsActivity]: updatePointerIcon called with position out of bounds
06-13 11:23:45.241  6416  6416 I chatty  : uid=10019(com.google.android.packageinstaller) identical 14 lines
06-13 11:23:45.257  6416  6416 D ViewRootImpl[GrantPermissionsActivity]: updatePointerIcon called with position out of bounds
06-13 11:23:46.035  2105  2108 D vold    : Remounting 10074 as mode read
06-13 11:23:46.036  2105  2108 D vold    : Found matching PID 10828
06-13 11:23:46.060  2105  2108 D vold    : Remounting 10074 as mode write
06-13 11:23:46.061  2105  2108 D vold    : Found matching PID 10828
06-13 11:23:47.201  2238  3113 I chatty  : uid=1000(system) Binder:2238_C expire 2 lines
06-13 11:23:47.229 10938 10938 E ActivityThread: Failed to find provider info for com.tencent.mm.coolassist.debugprovider
06-13 11:23:47.905 10828 10828 D ViewRootImpl[LauncherUI]: updatePointerIcon called with position out of bounds
06-13 11:24:22.888  2238  2256 I chatty  : uid=1000(system) batterystats-wo expire 14 lines
06-13 11:24:49.933  2238  5683 I chatty  : uid=1000(system) Binder:2238_13 expire 3 lines
06-13 11:25:17.452  2238  3114 I chatty  : uid=1000(system) Binder:2238_D expire 2 lines
06-13 11:27:00.006  2238  2597 I chatty  : uid=1000(system) Binder:2238_7 expire 5 lines
06-13 11:27:00.022  2238  2887 I chatty  : uid=1000(system) Binder:2238_9 expire 4 lines
06-13 11:27:00.022  2238  2315 I chatty  : uid=1000(system) ConnectivitySer expire 12 lines
06-13 11:40:28.508  2900  3274 V PackageManager: [73b1d174-1fcd-4bec-8f88-f94e62b35044] Phase1 called; posting
06-13 11:40:28.508  2900  2900 D PackageManager: [73b1d174-1fcd-4bec-8f88-f94e62b35044] Phase1 request; prefix: [1752461312]
06-13 11:50:47.515  2238  2296 I chatty  : uid=1000(system) AlarmManager expire 4 lines
06-13 11:55:45.605  2238  2888 I chatty  : uid=1000(system) Binder:2238_A expire 2 lines
06-13 11:56:27.749  2238  2686 I chatty  : uid=1000(system) Binder:2238_8 expire 12 lines
06-13 12:27:34.249  2238  2386 I chatty  : uid=1000(system) Binder:2238_4 expire 10 lines
06-13 12:45:47.895  2900  7968 V PackageManager: [07f55129-b920-4d05-b3de-c270a28ceadb] Phase1 called; posting
06-13 12:45:47.895  2900  2900 D PackageManager: [07f55129-b920-4d05-b3de-c270a28ceadb] Phase1 request; prefix: [701313024, -2119798784]
06-13 12:45:47.899  2900  7968 V PackageManager: [ed946862-a127-4813-b772-64171cba9f09] Phase1 called; posting
06-13 12:45:47.899  2900  2900 D PackageManager: [ed946862-a127-4813-b772-64171cba9f09] Phase1 request; prefix: [701313024, -2119798784]
06-13 12:45:47.973  7412  7412 W ViewRootImpl[EnterpriseOAListActivity]: Cancelling event due to no window focus: MotionEvent { action=ACTION_CANCEL, actionButton=0, id[0]=0, x[0]=340.60135, y[0]=933.7835, toolType[0]=TOOL_TYPE_MOUSE, buttonState=0, metaState=0, flags=0x0, edgeFlags=0x0, pointerCount=1, historySize=0, eventTime=13885099, downTime=13884841, deviceId=3, source=0x2002 }
06-13 12:45:47.973  7412  7412 I chatty  : uid=10081(com.alibaba.android.rimet) identical 31 lines
06-13 12:45:47.973  7412  7412 W ViewRootImpl[EnterpriseOAListActivity]: Cancelling event due to no window focus: MotionEvent { action=ACTION_CANCEL, actionButton=0, id[0]=0, x[0]=340.60135, y[0]=933.7835, toolType[0]=TOOL_TYPE_MOUSE, buttonState=0, metaState=0, flags=0x0, edgeFlags=0x0, pointerCount=1, historySize=0, eventTime=13885099, downTime=13884841, deviceId=3, source=0x2002 }
06-13 12:45:48.907 10828 10828 D ViewRootImpl[LoginUI]: updatePointerIcon called with position out of bounds
06-13 12:45:48.924 10828 10828 I chatty  : uid=10074(u0_a74) crash_dump64 identical 6 lines
06-13 12:45:48.933 10828 10828 D ViewRootImpl[LoginUI]: updatePointerIcon called with position out of bounds
06-13 12:45:49.001  7412  7412 D ViewRootImpl[CommonWebViewActivity]: updatePointerIcon called with position out of bounds
06-13 12:45:51.658  7412  7412 D ViewRootImpl[CommonWebViewActivity]: updatePointerIcon called with position out of bounds
06-13 12:46:06.350  2238  2256 I chatty  : uid=1000(system) batterystats-wo expire 12 lines
06-13 12:46:07.953  2238  2287 I chatty  : uid=1000(system) android.anim expire 13 lines
06-13 12:46:11.349  2369  2369 D ViewRootImpl[OpenthosStatusBar]: updatePointerIcon called with position out of bounds
06-13 12:46:11.463  2238  5667 I chatty  : uid=1000(system) Binder:2238_12 expire 8 lines
06-13 12:46:11.581 10828 10828 D ViewRootImpl[LoginUI]: updatePointerIcon called with position out of bounds
06-13 12:46:11.589  2238  2686 I chatty  : uid=1000(system) Binder:2238_8 expire 2 lines
06-13 12:46:11.750  2238  2568 I chatty  : uid=1000(system) Binder:2238_5 expire 8 lines
06-13 12:46:12.653 10828 10828 D ViewRootImpl[LoginUI]: updatePointerIcon called with position out of bounds
06-13 12:46:12.685  7412  7412 D ViewRootImpl[HomeActivity]: updatePointerIcon called with position out of bounds
06-13 12:46:12.691  7412  7412 I chatty  : uid=10081(com.alibaba.android.rimet) identical 32 lines
06-13 12:46:12.708  7412  7412 D ViewRootImpl[HomeActivity]: updatePointerIcon called with position out of bounds
06-13 12:46:15.161  2238  2329 I chatty  : uid=1000(system) Binder:2238_3 expire 9 lines
06-13 12:46:26.801  2369  2369 D ViewRootImpl[OpenthosStatusBar]: updatePointerIcon called with position out of bounds
06-13 12:46:26.808  2238  5614 I chatty  : uid=1000(system) Binder:2238_11 expire 10 lines
06-13 12:46:26.846  2238  2287 I chatty  : uid=1000(system) android.anim expire 12 lines
06-13 12:46:28.155  2369  2369 D ViewRootImpl[OpenthosStatusBar]: updatePointerIcon called with position out of bounds
06-13 12:46:28.635  7412  7412 D ViewRootImpl[HomeActivity]: updatePointerIcon called with position out of bounds
06-13 12:46:29.546  7412  7412 D ViewRootImpl[HomeActivity]: updatePointerIcon called with position out of bounds
06-13 12:46:31.084  2238  2386 I chatty  : uid=1000(system) Binder:2238_4 expire 3 lines
06-13 12:46:37.074  2369  2369 D ViewRootImpl[]: updatePointerIcon called with position out of bounds
06-13 12:46:39.307  2369  2369 I chatty  : uid=10033(com.android.systemui) identical 106 lines
06-13 12:46:39.324  2369  2369 D ViewRootImpl[]: updatePointerIcon called with position out of bounds
06-13 12:46:39.545  2369  2369 D ViewRootImpl[OpenthosStatusBar]: updatePointerIcon called with position out of bounds
06-13 12:46:39.551  2369  2369 D ViewRootImpl[]: updatePointerIcon called after view was removed
06-13 12:46:39.551  2369  2369 W ViewRootImpl[]: Dropping event due to root view being removed: MotionEvent { action=ACTION_BUTTON_PRESS, actionButton=BUTTON_PRIMARY, id[0]=0, x[0]=1364.4158, y[0]=305.18353, toolType[0]=TOOL_TYPE_MOUSE, buttonState=BUTTON_PRIMARY, metaState=0, flags=0x0, edgeFlags=0x0, pointerCount=1, historySize=0, eventTime=13936671, downTime=13936671, deviceId=3, source=0x2002 }
06-13 12:46:39.675  2238  2287 I chatty  : uid=1000(system) android.anim expire 1 line
06-13 13:00:07.274  2238  2574 I chatty  : uid=1000(system) Binder:2238_6 expire 3 lines
06-13 13:16:06.255  7412  7412 D ViewRootImpl[PopupWindow:298852e]: updatePointerIcon called with position out of bounds
06-13 13:16:13.941  7412  7412 D ViewRootImpl[PopupWindow:298852e]: updatePointerIcon called with position out of bounds
06-13 13:18:15.374  7412  7412 D ViewRootImpl[PopupWindow:298852e]: updatePointerIcon called with position out of bounds
06-13 13:18:54.657  7412  7412 I chatty  : uid=10081(com.alibaba.android.rimet) identical 149 lines
06-13 13:18:54.665 10828 10828 D ViewRootImpl[LoginUI]: updatePointerIcon called with position out of bounds
06-13 13:18:54.665  7412  7412 D ViewRootImpl[PopupWindow:298852e]: updatePointerIcon called with position out of bounds
06-13 13:19:05.092 10828 10828 D ViewRootImpl[LoginUI]: updatePointerIcon called with position out of bounds
06-13 13:19:05.093  7412  7412 D ViewRootImpl[PopupWindow:298852e]: updatePointerIcon called with position out of bounds
06-13 13:19:05.324  7412  7412 I chatty  : uid=10081(com.alibaba.android.rimet) identical 14 lines
06-13 13:19:05.333  7412  7412 D ViewRootImpl[PopupWindow:298852e]: updatePointerIcon called with position out of bounds
06-13 13:19:11.143 10828 10828 D ViewRootImpl[LoginUI]: updatePointerIcon called with position out of bounds
06-13 13:19:11.891 10828 10828 D ViewRootImpl[LoginUI]: updatePointerIcon called with position out of bounds
06-13 13:19:16.442 11357 11357 D ViewRootImpl[BootActivity]: updatePointerIcon called with position out of bounds
06-13 13:19:17.691 11357 11357 I chatty  : uid=10076(com.sohuott.tv.vod) crash_dump64 identical 30 lines
06-13 13:19:18.075 11357 11357 D ViewRootImpl[BootActivity]: updatePointerIcon called with position out of bounds
06-13 13:19:18.863  2238  3126 I chatty  : uid=1000(system) Binder:2238_F expire 3 lines
06-13 13:19:18.865  2238  5614 I chatty  : uid=1000(system) Binder:2238_11 expire 2 lines
06-13 13:19:18.904  2238  2249 I chatty  : uid=1000(system) Binder:2238_1 expire 4 lines
06-13 13:19:18.904  2238  2315 I chatty  : uid=1000(system) ConnectivitySer expire 1 line
06-13 13:19:18.909  2238  2256 I chatty  : uid=1000(system) batterystats-wo expire 2 lines
06-13 13:19:19.475  2238  2261 I chatty  : uid=1000(system) android.display expire 1 line
06-13 13:19:19.959  2238  2250 I chatty  : uid=1000(system) Binder:2238_2 expire 9 lines
06-13 13:19:20.086  2238  5667 I chatty  : uid=1000(system) Binder:2238_12 expire 8 lines
06-13 13:19:20.099  2238  9799 I chatty  : uid=1000(system) Binder:2238_16 expire 4 lines
06-13 13:19:20.120  2238  2329 I chatty  : uid=1000(system) Binder:2238_3 expire 3 lines
06-13 13:19:20.159  2238  3113 I chatty  : uid=1000(system) Binder:2238_C expire 10 lines
06-13 13:19:21.062  7412  7412 D ViewRootImpl[PopupWindow:298852e]: updatePointerIcon called with position out of bounds
06-13 13:19:21.991  7412  7412 I chatty  : uid=10081(com.alibaba.android.rimet) identical 118 lines
06-13 13:19:22.007  7412  7412 D ViewRootImpl[PopupWindow:298852e]: updatePointerIcon called with position out of bounds
06-13 13:19:22.807  2238  2287 I chatty  : uid=1000(system) android.anim expire 14 lines
06-13 13:19:24.349  2369  2369 D ViewRootImpl[OpenthosStatusBar]: updatePointerIcon called with position out of bounds
06-13 13:19:25.024  2369  2369 D ViewRootImpl[]: updatePointerIcon called with position out of bounds
06-13 13:19:25.374  2369  2369 I chatty  : uid=10033(com.android.systemui) identical 17 lines
06-13 13:19:25.391  2369  2369 D ViewRootImpl[]: updatePointerIcon called with position out of bounds
06-13 13:19:25.819  2369  2369 D ViewRootImpl[OpenthosStatusBar]: updatePointerIcon called with position out of bounds
06-13 13:19:25.899  2238 12217 I chatty  : uid=1000(system) Binder:2238_17 expire 6 lines
06-13 13:19:25.977  6416  6416 D ViewRootImpl[UninstallerActivity]: updatePointerIcon called with position out of bounds
06-13 13:19:25.991  6416  6416 I chatty  : uid=10019(com.google.android.packageinstaller) identical 36 lines
06-13 13:19:26.007  6416  6416 D ViewRootImpl[UninstallerActivity]: updatePointerIcon called with position out of bounds
06-13 13:19:26.024  6416  6416 D ViewRootImpl[UninstallerActivity]: updatePointerIcon called with position out of bounds
06-13 13:19:26.041  6416  6416 D ViewRootImpl[UninstallerActivity]: updatePointerIcon called with position out of bounds
06-13 13:19:26.157  6416  6416 D ViewRootImpl[UninstallerActivity]: updatePointerIcon called with position out of bounds
06-13 13:19:26.174  6416  6416 D ViewRootImpl[UninstallerActivity]: updatePointerIcon called with position out of bounds
06-13 13:19:26.874  6416  6416 D ViewRootImpl[UninstallerActivity]: updatePointerIcon called with position out of bounds
06-13 13:19:28.493  2238  2253 I chatty  : uid=1000(system) ActivityManager expire 12 lines
06-13 13:19:28.493  2238  2267 I chatty  : uid=1000(system) PackageManager expire 122 lines
06-13 13:19:28.515  2238  2261 I chatty  : uid=1000(system) android.display expire 1 line
06-13 13:19:28.580  7412  7412 D ViewRootImpl[PopupWindow:298852e]: updatePointerIcon called with position out of bounds
06-13 13:19:28.590  7412  7412 D ViewRootImpl[PopupWindow:298852e]: updatePointerIcon called with position out of bounds
06-13 13:19:28.607  7412  7412 D ViewRootImpl[PopupWindow:298852e]: updatePointerIcon called with position out of bounds
06-13 13:19:28.610  2238  2238 I chatty  : uid=1000 system_server expire 5 lines
06-13 13:19:28.625  7412  7412 D ViewRootImpl[PopupWindow:298852e]: updatePointerIcon called with position out of bounds
06-13 13:19:28.638  2238  2252 I chatty  : uid=1000(system) android.bg expire 1 line
06-13 13:19:28.638  2238  2254 I chatty  : uid=1000(system) android.ui expire 1 line
06-13 13:19:28.641  7412  7412 D ViewRootImpl[PopupWindow:298852e]: updatePointerIcon called with position out of bounds
06-13 13:19:28.657  7412  7412 D ViewRootImpl[PopupWindow:298852e]: updatePointerIcon called with position out of bounds
06-13 13:19:28.924  7412  7412 D ViewRootImpl[PopupWindow:298852e]: updatePointerIcon called with position out of bounds
06-13 13:19:29.111  2238  2574 I chatty  : uid=1000(system) Binder:2238_6 expire 1 line
06-13 13:19:29.194  2238  2249 I chatty  : uid=1000(system) Binder:2238_1 expire 3 lines
06-13 13:19:29.274  7412  7412 D ViewRootImpl[PopupWindow:298852e]: updatePointerIcon called with position out of bounds
06-13 13:19:29.907  7412  7412 D ViewRootImpl[PopupWindow:298852e]: updatePointerIcon called with position out of bounds
06-13 13:19:29.926  7412  7412 D ViewRootImpl[PopupWindow:298852e]: updatePointerIcon called with position out of bounds
06-13 13:19:30.791  7412  7412 D ViewRootImpl[PopupWindow:298852e]: updatePointerIcon called with position out of bounds
06-13 13:19:30.986  7412  7412 D ViewRootImpl[PopupWindow:298852e]: updatePointerIcon called after view was removed
06-13 13:19:30.986  7412  7412 W ViewRootImpl[PopupWindow:298852e]: Dropping event due to root view being removed: MotionEvent { action=ACTION_BUTTON_PRESS, actionButton=BUTTON_PRIMARY, id[0]=0, x[0]=-192.45728, y[0]=-58.282288, toolType[0]=TOOL_TYPE_MOUSE, buttonState=BUTTON_PRIMARY, metaState=0, flags=0x0, edgeFlags=0x0, pointerCount=1, historySize=0, eventTime=15908107, downTime=15908107, deviceId=3, source=0x2002 }
06-13 13:19:32.974  2238  2256 I chatty  : uid=1000(system) batterystats-wo expire 4 lines
06-13 13:19:35.180  2238  2386 I chatty  : uid=1000(system) Binder:2238_4 expire 5 lines
06-13 13:19:36.769  2900  2913 V PackageManager: [0d6c4d74-4d99-4a3e-a270-8b9e68bfcd18] Phase1 called; posting
06-13 13:19:36.769  2900  2900 D PackageManager: [0d6c4d74-4d99-4a3e-a270-8b9e68bfcd18] Phase1 request; prefix: [1208311808, 305614848]
06-13 13:19:36.773  2900  2913 V PackageManager: [067cf214-1a9e-4684-9427-a2c024baec86] Phase1 called; posting
06-13 13:19:36.774  2900  2900 D PackageManager: [067cf214-1a9e-4684-9427-a2c024baec86] Phase1 request; prefix: [1208311808, 305614848]
06-13 13:19:37.035  2238  2287 I chatty  : uid=1000(system) android.anim expire 1 line
06-13 13:19:41.479  2238  7159 I chatty  : uid=1000(system) Binder:2238_14 expire 2 lines
06-13 13:19:50.699  2238  2315 I chatty  : uid=1000(system) ConnectivitySer expire 1 line
06-13 13:20:15.647  2238  3113 I chatty  : uid=1000(system) Binder:2238_C expire 2 lines
06-13 13:20:27.309  2900  3395 V PackageManager: [34b78cbe-8b59-494b-8905-d126dd9716f1] Phase1 called; posting
06-13 13:20:27.309  2900  2900 D PackageManager: [34b78cbe-8b59-494b-8905-d126dd9716f1] Phase1 request; prefix: [2040602624, -320135168]
06-13 13:20:35.358  2900  3395 V PackageManager: [aff8aea6-076d-428b-8cc4-33a6e5489a77] Phase1 called; posting
06-13 13:20:35.358  2900  2900 D PackageManager: [aff8aea6-076d-428b-8cc4-33a6e5489a77] Phase1 request; prefix: [2012471296, 1874059264]
06-13 13:21:16.616  2238  3126 I chatty  : uid=1000(system) Binder:2238_F expire 3 lines
06-13 13:22:18.936  6416  6416 W ViewRootImpl[InstallStaging]: Cancelling event due to no window focus: MotionEvent { action=ACTION_CANCEL, actionButton=0, id[0]=0, x[0]=925.7729, y[0]=954.5249, toolType[0]=TOOL_TYPE_MOUSE, buttonState=0, metaState=0, flags=0x0, edgeFlags=0x0, pointerCount=1, historySize=0, eventTime=16076061, downTime=16075275, deviceId=3, source=0x2002 }
06-13 13:22:18.936  6416  6416 I chatty  : uid=10019(com.google.android.packageinstaller) identical 2 lines
06-13 13:22:18.936  6416  6416 W ViewRootImpl[InstallStaging]: Cancelling event due to no window focus: MotionEvent { action=ACTION_CANCEL, actionButton=0, id[0]=0, x[0]=925.7729, y[0]=954.5249, toolType[0]=TOOL_TYPE_MOUSE, buttonState=0, metaState=0, flags=0x0, edgeFlags=0x0, pointerCount=1, historySize=0, eventTime=16076061, downTime=16075275, deviceId=3, source=0x2002 }
06-13 13:22:32.737  2238  2267 I chatty  : uid=1000(system) PackageManager expire 218 lines
06-13 13:22:37.575  2238  2249 I chatty  : uid=1000(system) Binder:2238_1 expire 1 line
06-13 13:22:37.604  2238  3113 I chatty  : uid=1000(system) Binder:2238_C expire 5 lines
06-13 13:22:37.605  2238  2253 I chatty  : uid=1000(system) ActivityManager expire 1 line
06-13 13:22:37.627  2238  2252 I chatty  : uid=1000(system) android.bg expire 1 line
06-13 13:22:37.627  2238  2254 I chatty  : uid=1000(system) android.ui expire 1 line
06-13 13:22:44.422  2900  2913 V PackageManager: [fff31f6b-0d69-45b1-92a3-09f0e4c63c82] Phase1 called; posting
06-13 13:22:44.422  2900  2900 D PackageManager: [fff31f6b-0d69-45b1-92a3-09f0e4c63c82] Phase1 request; prefix: [1208311808, 305614848]
06-13 13:22:44.427  2900  2913 V PackageManager: [f74a8212-2bee-48fd-a59a-89f5469a9711] Phase1 called; posting
06-13 13:22:44.427  2900  2900 D PackageManager: [f74a8212-2bee-48fd-a59a-89f5469a9711] Phase1 request; prefix: [1208311808, 305614848]
06-13 13:22:46.336  2238  2329 I chatty  : uid=1000(system) Binder:2238_3 expire 7 lines
06-13 13:22:46.426  2238  2287 I chatty  : uid=1000(system) android.anim expire 6 lines
06-13 13:22:47.997  2238 12217 I chatty  : uid=1000(system) Binder:2238_17 expire 5 lines
06-13 13:22:48.014  2369  2369 D ViewRootImpl[OpenthosStatusBar]: updatePointerIcon called with position out of bounds
06-13 13:22:49.247  2369  2369 D ViewRootImpl[OpenthosStatusBar]: updatePointerIcon called with position out of bounds
06-13 13:22:49.337  2238  2386 I chatty  : uid=1000(system) Binder:2238_4 expire 6 lines
06-13 13:22:49.389 13011 13011 E ActivityThread: Failed to find provider info for com.tencent.mm.coolassist.debugprovider
06-13 13:22:49.393  2238  3113 I chatty  : uid=1000(system) Binder:2238_C expire 6 lines
06-13 13:22:49.395  2238  2329 I chatty  : uid=1000(system) Binder:2238_3 expire 8 lines
06-13 13:22:49.398  2238  2287 I chatty  : uid=1000(system) android.anim expire 10 lines
06-13 13:22:49.432 13011 13011 E SchedPolicy: set_timerslack_ns write failed: Operation not permitted
06-13 13:22:49.484  2238  2303 I chatty  : uid=1000(system) VoldConnector expire 3 lines
06-13 13:22:51.225  2105  2108 D vold    : Remounting 10086 as mode read
06-13 13:22:51.228  2105  2108 D vold    : Found matching PID 13011
06-13 13:22:51.251  2105  2108 D vold    : Remounting 10086 as mode write
06-13 13:22:51.252  2105  2108 D vold    : Found matching PID 13011
06-13 13:22:51.296  2238 12217 I chatty  : uid=1000(system) Binder:2238_17 expire 4 lines
06-13 13:22:52.489  2238  3114 I chatty  : uid=1000(system) Binder:2238_D expire 4 lines
06-13 13:22:52.518 13139 13139 E ActivityThread: Failed to find provider info for com.tencent.mm.coolassist.debugprovider
06-13 13:22:53.305 13011 13011 D ViewRootImpl[WelcomeActivity]: updatePointerIcon called with position out of bounds
06-13 13:22:53.341 13011 13011 I chatty  : uid=10086(com.tencent.mm) crash_dump64 identical 16 lines
06-13 13:22:53.358 13011 13011 D ViewRootImpl[WelcomeActivity]: updatePointerIcon called with position out of bounds
06-13 13:22:54.131  2238  2249 I chatty  : uid=1000(system) Binder:2238_1 expire 7 lines
06-13 13:22:54.262 13011 13011 W ViewRootImpl[WelcomeActivity]: Cancelling event due to no window focus: MotionEvent { action=ACTION_CANCEL, actionButton=0, id[0]=0, x[0]=289.3269, y[0]=601.9155, toolType[0]=TOOL_TYPE_MOUSE, buttonState=0, metaState=0, flags=0x0, edgeFlags=0x0, pointerCount=1, historySize=0, eventTime=16111385, downTime=16111117, deviceId=3, source=0x2002 }
06-13 13:22:54.262 13011 13011 W ViewRootImpl[WelcomeActivity]: Cancelling event due to no window focus: MotionEvent { action=ACTION_CANCEL, actionButton=0, id[0]=0, x[0]=289.3269, y[0]=601.9155, toolType[0]=TOOL_TYPE_MOUSE, buttonState=0, metaState=0, flags=0x0, edgeFlags=0x0, pointerCount=1, historySize=0, eventTime=16111385, downTime=16111117, deviceId=3, source=0x2002 }
06-13 13:24:02.825 13011 13011 D ViewRootImpl[MobileInputUI]: updatePointerIcon called with position out of bounds
06-13 13:24:02.941 13011 13011 D ViewRootImpl[MobileInputUI]: updatePointerIcon called with position out of bounds
06-13 13:24:21.565 13011 13011 D ViewRootImpl[LoginUI]: updatePointerIcon called with position out of bounds
06-13 13:24:21.741 13011 13011 D ViewRootImpl[LoginUI]: updatePointerIcon called with position out of bounds
06-13 13:24:22.093 13319 13319 E ActivityThread: Failed to find provider info for com.tencent.mm.coolassist.debugprovider
06-13 13:24:22.329 13386 13386 E ActivityThread: Failed to find provider info for com.tencent.mm.coolassist.debugprovider
06-13 13:24:22.910  2238  2256 I chatty  : uid=1000(system) batterystats-wo expire 10 lines
06-13 13:24:23.965 13319 13319 D ViewRootImpl[WebViewUI]: updatePointerIcon called with position out of bounds
06-13 13:24:23.974 13319 13319 D ViewRootImpl[WebViewUI]: updatePointerIcon called with position out of bounds
06-13 13:24:36.619  2238  2253 I chatty  : uid=1000(system) ActivityManager expire 10 lines
06-13 13:24:36.648  2238  2261 I chatty  : uid=1000(system) android.display expire 5 lines
06-13 13:24:37.831 13011 13011 D ViewRootImpl[LoginUI]: updatePointerIcon called with position out of bounds
06-13 13:24:38.457 13011 13011 I chatty  : uid=10086(com.tencent.mm) crash_dump64 identical 77 lines
06-13 13:24:38.524 13011 13011 D ViewRootImpl[LoginUI]: updatePointerIcon called with position out of bounds
06-13 13:24:40.115 13011 13044 E ActivityThread: Failed to find provider info for com.huawei.android.launcher.settings
06-13 13:24:40.116 13011 13044 E ActivityThread: Failed to find provider info for com.android.badge
06-13 13:24:40.117 13011 13690 E ActivityThread: Failed to find provider info for com.android.badge
06-13 13:24:41.510  2238  2889 I chatty  : uid=1000(system) Binder:2238_B expire 3 lines
06-13 13:24:43.132 13832 13832 E ActivityThread: Failed to find provider info for com.tencent.mm.coolassist.debugprovider
06-13 13:24:43.346  2238  9799 I chatty  : uid=1000(system) Binder:2238_16 expire 3 lines
06-13 13:24:43.379 13907 13907 E ActivityThread: Failed to find provider info for com.tencent.mm.coolassist.debugprovider
06-13 13:24:43.677 13980 13980 E ActivityThread: Failed to find provider info for com.tencent.mm.coolassist.debugprovider
06-13 13:24:44.935 13011 14058 W PackageParser: Failed to parse /storage/emulated/0/tencent/MicroMsg/WebNetFile/b7453514f0654aec1b8817bb70bed6f4
06-13 13:24:44.935 13011 14058 W PackageParser: java.io.FileNotFoundException: AndroidManifest.xml
06-13 13:24:44.935 13011 14058 W PackageParser: 	at android.content.res.AssetManager.openXmlAssetNative(Native Method)
06-13 13:24:44.935 13011 14058 W PackageParser: 	at android.content.res.AssetManager.openXmlBlockAsset(AssetManager.java:546)
06-13 13:24:44.935 13011 14058 W PackageParser: 	at android.content.res.AssetManager.openXmlResourceParser(AssetManager.java:514)
06-13 13:24:44.935 13011 14058 W PackageParser: 	at android.content.pm.PackageParser.parseApkLite(PackageParser.java:1735)
06-13 13:24:44.935 13011 14058 W PackageParser: 	at android.content.pm.PackageParser.parseMonolithicPackageLite(PackageParser.java:886)
06-13 13:24:44.935 13011 14058 W PackageParser: 	at android.content.pm.PackageParser.parseMonolithicPackage(PackageParser.java:1274)
06-13 13:24:44.935 13011 14058 W PackageParser: 	at android.content.pm.PackageManager.getPackageArchiveInfo(PackageManager.java:4693)
06-13 13:24:44.935 13011 14058 W PackageParser: 	at com.tencent.mm.pluginsdk.model.app.q.aiR(SourceFile:170)
06-13 13:24:44.935 13011 14058 W PackageParser: 	at com.tencent.mm.plugin.downloader.model.d.o(SourceFile:543)
06-13 13:24:44.935 13011 14058 W PackageParser: 	at com.tencent.mm.plugin.downloader.model.FileDownloadService.onHandleIntent(SourceFile:1209)
06-13 13:24:44.935 13011 14058 W PackageParser: 	at com.tencent.mm.service.MMIntentService$a.handleMessage(SourceFile:29)
06-13 13:24:44.935 13011 14058 W PackageParser: 	at android.os.Handler.dispatchMessage(Handler.java:106)
06-13 13:24:44.935 13011 14058 W PackageParser: 	at android.os.Looper.loop(Looper.java:164)
06-13 13:24:44.935 13011 14058 W PackageParser: 	at android.os.HandlerThread.run(HandlerThread.java:65)
06-13 13:24:44.938 13011 14058 W PackageParser: Failed to parse /storage/emulated/0/tencent/MicroMsg/WebNetFile/b7453514f0654aec1b8817bb70bed6f4
06-13 13:24:44.938 13011 14058 W PackageParser: java.io.FileNotFoundException: AndroidManifest.xml
06-13 13:24:44.938 13011 14058 W PackageParser: 	at android.content.res.AssetManager.openXmlAssetNative(Native Method)
06-13 13:24:44.938 13011 14058 W PackageParser: 	at android.content.res.AssetManager.openXmlBlockAsset(AssetManager.java:546)
06-13 13:24:44.938 13011 14058 W PackageParser: 	at android.content.res.AssetManager.openXmlResourceParser(AssetManager.java:514)
06-13 13:24:44.938 13011 14058 W PackageParser: 	at android.content.pm.PackageParser.parseApkLite(PackageParser.java:1735)
06-13 13:24:44.938 13011 14058 W PackageParser: 	at android.content.pm.PackageParser.parseMonolithicPackageLite(PackageParser.java:886)
06-13 13:24:44.938 13011 14058 W PackageParser: 	at android.content.pm.PackageParser.parseMonolithicPackage(PackageParser.java:1274)
06-13 13:24:44.938 13011 14058 W PackageParser: 	at android.content.pm.PackageManager.getPackageArchiveInfo(PackageManager.java:4693)
06-13 13:24:44.938 13011 14058 W PackageParser: 	at com.tencent.mm.pluginsdk.model.app.q.aiS(SourceFile:190)
06-13 13:24:44.938 13011 14058 W PackageParser: 	at com.tencent.mm.plugin.downloader.model.d.o(SourceFile:551)
06-13 13:24:44.938 13011 14058 W PackageParser: 	at com.tencent.mm.plugin.downloader.model.FileDownloadService.onHandleIntent(SourceFile:1209)
06-13 13:24:44.938 13011 14058 W PackageParser: 	at com.tencent.mm.service.MMIntentService$a.handleMessage(SourceFile:29)
06-13 13:24:44.938 13011 14058 W PackageParser: 	at android.os.Handler.dispatchMessage(Handler.java:106)
06-13 13:24:44.938 13011 14058 W PackageParser: 	at android.os.Looper.loop(Looper.java:164)
06-13 13:24:44.938 13011 14058 W PackageParser: 	at android.os.HandlerThread.run(HandlerThread.java:65)
06-13 13:24:45.201 14065 14065 E ActivityThread: Failed to find provider info for com.tencent.mm.coolassist.debugprovider
06-13 13:24:46.325 13011 13011 D ViewRootImpl[LoginUI]: updatePointerIcon called with position out of bounds
06-13 13:24:46.757 13011 13011 D ViewRootImpl[LoginUI]: updatePointerIcon called with position out of bounds
06-13 13:24:48.172 13011 13011 D ViewRootImpl[LauncherUI]: updatePointerIcon called with position out of bounds
06-13 13:24:49.674 13011 13011 D ViewRootImpl[LauncherUI]: updatePointerIcon called with position out of bounds
06-13 13:25:05.606  2238  5683 I chatty  : uid=1000(system) Binder:2238_13 expire 14 lines
06-13 13:25:15.037  2238  2686 I chatty  : uid=1000(system) Binder:2238_8 expire 4 lines
06-13 13:25:15.038  2238  3121 I chatty  : uid=1000(system) Binder:2238_E expire 10 lines
06-13 13:25:15.098 14443 14443 E ActivityThread: Failed to find provider info for com.tencent.mm.coolassist.debugprovider
06-13 13:25:15.467  2238  5614 I chatty  : uid=1000(system) Binder:2238_11 expire 2 lines
06-13 13:25:15.489 14568 14568 E ActivityThread: Failed to find provider info for com.tencent.mm.coolassist.debugprovider
06-13 13:25:15.740  2238  3126 I chatty  : uid=1000(system) Binder:2238_F expire 4 lines
06-13 13:25:15.791  2238 12453 I chatty  : uid=1000(system) Binder:2238_18 expire 1 line
06-13 13:25:17.083  2238  2250 I chatty  : uid=1000(system) Binder:2238_2 expire 1 line
06-13 13:25:17.083  2238  2568 I chatty  : uid=1000(system) Binder:2238_5 expire 2 lines
06-13 13:25:17.084 13386 13386 E ActivityThread: Service com.tencent.mm.service.ProcessService$SandBoxProcessService has leaked IntentReceiver com.tencent.mm.sandbox.updater.UpdaterService$a@dfaa64a that was originally registered here. Are you missing a call to unregisterReceiver()?
06-13 13:25:17.084 13386 13386 E ActivityThread: android.app.IntentReceiverLeaked: Service com.tencent.mm.service.ProcessService$SandBoxProcessService has leaked IntentReceiver com.tencent.mm.sandbox.updater.UpdaterService$a@dfaa64a that was originally registered here. Are you missing a call to unregisterReceiver()?
06-13 13:25:17.084 13386 13386 E ActivityThread: 	at android.app.LoadedApk$ReceiverDispatcher.<init>(LoadedApk.java:1351)
06-13 13:25:17.084 13386 13386 E ActivityThread: 	at android.app.LoadedApk.getReceiverDispatcher(LoadedApk.java:1132)
06-13 13:25:17.084 13386 13386 E ActivityThread: 	at android.app.ContextImpl.registerReceiverInternal(ContextImpl.java:1421)
06-13 13:25:17.084 13386 13386 E ActivityThread: 	at android.app.ContextImpl.registerReceiver(ContextImpl.java:1394)
06-13 13:25:17.084 13386 13386 E ActivityThread: 	at android.app.ContextImpl.registerReceiver(ContextImpl.java:1382)
06-13 13:25:17.084 13386 13386 E ActivityThread: 	at android.content.ContextWrapper.registerReceiver(ContextWrapper.java:609)
06-13 13:25:17.084 13386 13386 E ActivityThread: 	at com.tencent.mm.sandbox.updater.UpdaterService.onCreate(SourceFile:4113)
06-13 13:25:17.084 13386 13386 E ActivityThread: 	at com.tencent.mm.service.MMService.q(SourceFile:153)
06-13 13:25:17.084 13386 13386 E ActivityThread: 	at com.tencent.mm.service.CommonProcessService$1$3.run(SourceFile:115)
06-13 13:25:17.084 13386 13386 E ActivityThread: 	at android.os.Handler.handleCallback(Handler.java:790)
06-13 13:25:17.084 13386 13386 E ActivityThread: 	at android.os.Handler.dispatchMessage(Handler.java:99)
06-13 13:25:17.084 13386 13386 E ActivityThread: 	at android.os.Looper.loop(Looper.java:164)
06-13 13:25:17.084 13386 13386 E ActivityThread: 	at android.app.ActivityThread.main(ActivityThread.java:6494)
06-13 13:25:17.084 13386 13386 E ActivityThread: 	at java.lang.reflect.Method.invoke(Native Method)
06-13 13:25:17.084 13386 13386 E ActivityThread: 	at com.android.internal.os.RuntimeInit$MethodAndArgsCaller.run(RuntimeInit.java:463)
06-13 13:25:17.084 13386 13386 E ActivityThread: 	at com.android.internal.os.ZygoteInit.main(ZygoteInit.java:807)
06-13 13:25:29.608 13011 13011 D ViewRootImpl[LauncherUI]: updatePointerIcon called with position out of bounds
06-13 13:25:29.857 13011 13011 I chatty  : uid=10086(com.tencent.mm) crash_dump64 identical 13 lines
06-13 13:25:29.874 13011 13011 D ViewRootImpl[LauncherUI]: updatePointerIcon called with position out of bounds
06-13 13:25:30.477  2238  4364 I chatty  : uid=1000(system) Binder:2238_10 expire 11 lines
06-13 13:25:30.550 14718 14718 E ActivityThread: Failed to find provider info for com.tencent.mm.coolassist.debugprovider
06-13 13:25:30.644  2238  2597 I chatty  : uid=1000(system) Binder:2238_7 expire 10 lines
06-13 13:25:30.901 14769 14769 E ActivityThread: Failed to find provider info for com.tencent.mm.coolassist.debugprovider
06-13 13:25:30.966  2238 14788 I chatty  : uid=1000(system) Binder:2238_1B expire 9 lines
06-13 13:25:30.980 14769 14769 E SchedPolicy: set_timerslack_ns write failed: Operation not permitted
06-13 13:25:31.571 14769 14769 D ViewRootImpl[WeChatSplashActivity]: updatePointerIcon called with position out of bounds
06-13 13:25:31.761 14870 14870 E ActivityThread: Failed to find provider info for com.tencent.mm.coolassist.debugprovider
06-13 13:25:31.991 14769 14769 D ViewRootImpl[LoginPasswordUI]: updatePointerIcon called with position out of bounds
06-13 13:25:38.741 14769 14769 I chatty  : uid=10086(com.tencent.mm) crash_dump64 identical 11 lines
06-13 13:25:38.757 14769 14769 D ViewRootImpl[LoginPasswordUI]: updatePointerIcon called with position out of bounds
06-13 13:25:40.205 14769 14769 W ViewRootImpl[LoginPasswordUI]: Dropping event due to no window focus: MotionEvent { action=ACTION_HOVER_MOVE, actionButton=0, id[0]=0, x[0]=290.2754, y[0]=506.2591, toolType[0]=TOOL_TYPE_MOUSE, buttonState=0, metaState=0, flags=0x0, edgeFlags=0x0, pointerCount=1, historySize=3, eventTime=16277317, downTime=16277025, deviceId=3, source=0x2002 }
06-13 13:25:40.205 14769 14769 W ViewRootImpl[LoginPasswordUI]: Cancelling event due to no window focus: MotionEvent { action=ACTION_CANCEL, actionButton=0, id[0]=0, x[0]=315.8786, y[0]=512.6599, toolType[0]=TOOL_TYPE_MOUSE, buttonState=0, metaState=0, flags=0x0, edgeFlags=0x0, pointerCount=1, historySize=0, eventTime=16277329, downTime=16277025, deviceId=3, source=0x2002 }
06-13 13:25:40.205 14769 14769 W ViewRootImpl[LoginPasswordUI]: Cancelling event due to no window focus: MotionEvent { action=ACTION_CANCEL, actionButton=0, id[0]=0, x[0]=315.8786, y[0]=512.6599, toolType[0]=TOOL_TYPE_MOUSE, buttonState=0, metaState=0, flags=0x0, edgeFlags=0x0, pointerCount=1, historySize=0, eventTime=16277329, downTime=16277025, deviceId=3, source=0x2002 }
06-13 13:25:40.408 14769 14769 D ViewRootImpl[MobileInputUI]: updatePointerIcon called with position out of bounds
06-13 13:25:40.541 14769 14769 D ViewRootImpl[MobileInputUI]: updatePointerIcon called with position out of bounds
06-13 13:25:58.766 15007 15007 E ActivityThread: Failed to find provider info for com.tencent.mm.coolassist.debugprovider
06-13 13:25:59.171 15073 15073 E ActivityThread: Failed to find provider info for com.tencent.mm.coolassist.debugprovider
06-13 13:26:00.947 14769 14769 W ViewRootImpl[LoginUI]: Cancelling event due to no window focus: MotionEvent { action=ACTION_CANCEL, actionButton=0, id[0]=0, x[0]=59.206238, y[0]=607.21173, toolType[0]=TOOL_TYPE_MOUSE, buttonState=0, metaState=0, flags=0x0, edgeFlags=0x0, pointerCount=1, historySize=0, eventTime=16298073, downTime=16294727, deviceId=3, source=0x2002 }
06-13 13:26:00.947 14769 14769 I chatty  : uid=10086(com.tencent.mm) crash_dump64 identical 12 lines
06-13 13:26:00.948 14769 14769 W ViewRootImpl[LoginUI]: Cancelling event due to no window focus: MotionEvent { action=ACTION_CANCEL, actionButton=0, id[0]=0, x[0]=59.206238, y[0]=607.21173, toolType[0]=TOOL_TYPE_MOUSE, buttonState=0, metaState=0, flags=0x0, edgeFlags=0x0, pointerCount=1, historySize=0, eventTime=16298073, downTime=16294727, deviceId=3, source=0x2002 }
06-13 13:26:11.183 15251 15251 E ActivityThread: Failed to find provider info for com.tencent.mm.coolassist.debugprovider
06-13 13:26:15.929  2238  2256 I chatty  : uid=1000(system) batterystats-wo expire 10 lines
06-13 13:26:16.713 14769 14769 D ViewRootImpl[LoginUI]: updatePointerIcon called with position out of bounds
06-13 13:26:17.773 14769 14769 D ViewRootImpl[LoginUI]: updatePointerIcon called with position out of bounds
06-13 13:26:19.669 14769 14818 E ActivityThread: Failed to find provider info for com.huawei.android.launcher.settings
06-13 13:26:19.670 14769 14818 E ActivityThread: Failed to find provider info for com.android.badge
06-13 13:26:19.670 14769 15384 E ActivityThread: Failed to find provider info for com.android.badge
06-13 13:26:22.925 15530 15530 E ActivityThread: Failed to find provider info for com.tencent.mm.coolassist.debugprovider
06-13 13:26:23.453 15606 15606 E ActivityThread: Failed to find provider info for com.tencent.mm.coolassist.debugprovider
06-13 13:26:23.961 15677 15677 E ActivityThread: Failed to find provider info for com.tencent.mm.coolassist.debugprovider
06-13 13:26:42.915 14769 14889 D ViewRootImpl[LauncherUI]: updatePointerIcon called with position out of bounds
06-13 13:26:43.174 14769 14889 I chatty  : uid=10086(com.tencent.mm) crash_dump64 identical 7 lines
06-13 13:26:43.191 14769 14889 D ViewRootImpl[LauncherUI]: updatePointerIcon called with position out of bounds
06-13 13:26:46.196 14769 14769 E SchedPolicy: set_timerslack_ns write failed: Operation not permitted
06-13 13:26:46.737 14769 14769 I chatty  : uid=10086(com.tencent.mm) crash_dump64 identical 14 lines
06-13 13:26:49.820 14769 14769 E SchedPolicy: set_timerslack_ns write failed: Operation not permitted
06-13 13:26:50.187 14769 14769 D ViewRootImpl[LauncherUI]: updatePointerIcon called with position out of bounds
06-13 13:26:50.307 14769 14769 E SchedPolicy: set_timerslack_ns write failed: Operation not permitted
06-13 13:26:52.908 14769 14769 D ViewRootImpl[LauncherUI]: updatePointerIcon called with position out of bounds
06-13 13:26:53.358 14769 14769 D ViewRootImpl[LauncherUI]: updatePointerIcon called with position out of bounds
06-13 13:26:55.003 14769 14769 E SchedPolicy: set_timerslack_ns write failed: Operation not permitted
06-13 13:26:55.807  2238  9225 I chatty  : uid=1000(system) Binder:2238_15 expire 1 line
06-13 13:26:57.357  2369  2369 D ViewRootImpl[]: updatePointerIcon called with position out of bounds
06-13 13:26:57.507  2369  2369 I chatty  : uid=10033(com.android.systemui) identical 5 lines
06-13 13:26:57.524  2369  2369 D ViewRootImpl[]: updatePointerIcon called with position out of bounds
06-13 13:26:58.251  2369  2369 D ViewRootImpl[OpenthosStatusBar]: updatePointerIcon called with position out of bounds
06-13 13:26:58.257  2238  5683 I chatty  : uid=1000(system) Binder:2238_13 expire 3 lines
06-13 13:26:58.279  2238  2287 I chatty  : uid=1000(system) android.anim expire 17 lines
06-13 13:26:59.577  2369  2369 D ViewRootImpl[OpenthosStatusBar]: updatePointerIcon called with position out of bounds
06-13 13:26:59.866 14769 14769 E SchedPolicy: set_timerslack_ns write failed: Operation not permitted
06-13 13:27:00.746 14769 14769 D ViewRootImpl[LauncherUI]: updatePointerIcon called with position out of bounds
06-13 13:27:01.808 14769 14769 D ViewRootImpl[LauncherUI]: updatePointerIcon called with position out of bounds
06-13 13:27:03.891 14769 14769 E SchedPolicy: set_timerslack_ns write failed: Operation not permitted
06-13 13:27:04.521  2238  7159 I chatty  : uid=1000(system) Binder:2238_14 expire 4 lines
06-13 13:27:04.625  2238  2597 I chatty  : uid=1000(system) Binder:2238_7 expire 3 lines
06-13 13:27:05.673  2369  2369 D ViewRootImpl[OpenthosStatusBar]: updatePointerIcon called with position out of bounds
06-13 13:27:06.793  2369  2369 D ViewRootImpl[OpenthosStatusBar]: updatePointerIcon called with position out of bounds
06-13 13:27:06.907  2238  4364 I chatty  : uid=1000(system) Binder:2238_10 expire 20 lines
06-13 13:27:07.107 14769 14769 E SchedPolicy: set_timerslack_ns write failed: Operation not permitted
06-13 13:27:08.458 14769 14769 D ViewRootImpl[LauncherUI]: updatePointerIcon called with position out of bounds
06-13 13:27:10.575 14769 14769 D ViewRootImpl[LauncherUI]: updatePointerIcon called with position out of bounds
06-13 13:27:13.285 14769 14769 E SchedPolicy: set_timerslack_ns write failed: Operation not permitted
06-13 13:27:16.407  2660  2660 W ContextImpl: Calling a method in the system process without a qualified user: android.app.ContextImpl.bindService:1556 android.content.ContextWrapper.bindService:684 android.content.pm.permission.RuntimePermissionPresenter$RemoteService.processMessage:171 android.content.pm.permission.RuntimePermissionPresenter.getAppPermissions:118 com.android.settingslib.applications.PermissionsSummaryHelper.getPermissionSummary:34 
06-13 13:27:20.585  2660  2660 W ViewRootImpl[Settings$AppAndNotificationDashboardActivity]: Dropping event due to no window focus: MotionEvent { action=ACTION_HOVER_MOVE, actionButton=0, id[0]=0, x[0]=424.33417, y[0]=347.64572, toolType[0]=TOOL_TYPE_MOUSE, buttonState=0, metaState=0, flags=0x0, edgeFlags=0x0, pointerCount=1, historySize=11, eventTime=16377693, downTime=16377481, deviceId=3, source=0x2002 }
06-13 13:27:20.605  2660  2660 W ViewRootImpl[Settings$AppAndNotificationDashboardActivity]: Dropping event due to no window focus: MotionEvent { action=ACTION_HOVER_MOVE, actionButton=0, id[0]=0, x[0]=454.5691, y[0]=357.72403, toolType[0]=TOOL_TYPE_MOUSE, buttonState=0, metaState=0, flags=0x0, edgeFlags=0x0, pointerCount=1, historySize=1, eventTime=16377709, downTime=16377481, deviceId=3, source=0x2002 }
06-13 13:27:20.605  2660  2660 W ViewRootImpl[Settings$AppAndNotificationDashboardActivity]: Cancelling event due to no window focus: MotionEvent { action=ACTION_CANCEL, actionButton=0, id[0]=0, x[0]=474.8274, y[0]=364.4768, toolType[0]=TOOL_TYPE_MOUSE, buttonState=0, metaState=0, flags=0x0, edgeFlags=0x0, pointerCount=1, historySize=0, eventTime=16377721, downTime=16377481, deviceId=3, source=0x2002 }
06-13 13:27:20.605  2660  2660 I chatty  : uid=1000(system) com.android.settings identical 10 lines
06-13 13:27:20.605  2660  2660 W ViewRootImpl[Settings$AppAndNotificationDashboardActivity]: Cancelling event due to no window focus: MotionEvent { action=ACTION_CANCEL, actionButton=0, id[0]=0, x[0]=474.8274, y[0]=364.4768, toolType[0]=TOOL_TYPE_MOUSE, buttonState=0, metaState=0, flags=0x0, edgeFlags=0x0, pointerCount=1, historySize=0, eventTime=16377721, downTime=16377481, deviceId=3, source=0x2002 }
06-13 13:27:21.933  2660  2660 D ViewRootImpl[SubSettings]: updatePointerIcon called with position out of bounds
06-13 13:27:22.091  2660  2660 D ViewRootImpl[SubSettings]: updatePointerIcon called with position out of bounds
06-13 13:27:24.384  2238 16017 I chatty  : uid=1000(system) Binder:2238_1C expire 8 lines
06-13 13:27:24.405  2238  5667 I chatty  : uid=1000(system) Binder:2238_12 expire 10 lines
06-13 13:27:24.512  2238  2287 I chatty  : uid=1000(system) android.anim expire 8 lines
06-13 13:27:24.515  2238 14685 I chatty  : uid=1000(system) Binder:2238_19 expire 10 lines
06-13 13:27:25.851  2369  2369 D ViewRootImpl[OpenthosStatusBar]: updatePointerIcon called with position out of bounds
06-13 13:27:27.283  2369  2369 D ViewRootImpl[OpenthosStatusBar]: updatePointerIcon called with position out of bounds
06-13 13:27:27.687 16019 16019 E ActivityThread: Failed to find provider info for com.tencent.mm.coolassist.debugprovider
06-13 13:27:27.749 16019 16019 E SchedPolicy: set_timerslack_ns write failed: Operation not permitted
06-13 13:27:28.308 16107 16107 E ActivityThread: Failed to find provider info for com.tencent.mm.coolassist.debugprovider
06-13 13:27:28.506 16019 16067 E ActivityThread: Failed to find provider info for com.huawei.android.launcher.settings
06-13 13:27:28.508 16019 16067 E ActivityThread: Failed to find provider info for com.android.badge
06-13 13:27:28.529 16019 16232 E ActivityThread: Failed to find provider info for com.android.badge
06-13 13:27:29.069 16019 16019 E SchedPolicy: set_timerslack_ns write failed: Operation not permitted
06-13 13:27:29.275 16299 16299 E ActivityThread: Failed to find provider info for com.tencent.mm.coolassist.debugprovider
06-13 13:27:29.867 16406 16406 E ActivityThread: Failed to find provider info for com.tencent.mm.coolassist.debugprovider
06-13 13:27:29.904 16420 16420 E ActivityThread: Failed to find provider info for com.tencent.mm.coolassist.debugprovider
06-13 13:27:30.291 16554 16554 E ActivityThread: Failed to find provider info for com.tencent.mm.coolassist.debugprovider
06-13 13:27:30.969 16019 16019 D ViewRootImpl[LauncherUI]: updatePointerIcon called with position out of bounds
06-13 13:27:30.975 16019 16019 I chatty  : uid=10086(com.tencent.mm) identical 17 lines
06-13 13:27:30.991 16019 16019 D ViewRootImpl[LauncherUI]: updatePointerIcon called with position out of bounds
06-13 13:27:32.471 16019 16019 E SchedPolicy: set_timerslack_ns write failed: Operation not permitted
06-13 13:27:38.104 16019 16019 E SchedPolicy: set_timerslack_ns write failed: Operation not permitted
06-13 13:27:41.195 16019 16019 D ViewRootImpl[LauncherUI]: updatePointerIcon called with position out of bounds
06-13 13:27:41.209 16019 16019 D ViewRootImpl[LauncherUI]: updatePointerIcon called with position out of bounds
06-13 13:27:42.399 16696 16696 E ActivityThread: Failed to find provider info for com.tencent.mm.coolassist.debugprovider
06-13 13:27:43.058 16019 16019 D ViewRootImpl[LauncherUI]: updatePointerIcon called with position out of bounds
06-13 13:27:55.159 16019 16019 D ViewRootImpl[LauncherUI]: updatePointerIcon called with position out of bounds
06-13 13:28:08.882 16019 16019 E SchedPolicy: set_timerslack_ns write failed: Operation not permitted
06-13 13:28:10.205  2238  2249 I chatty  : uid=1000(system) Binder:2238_1 expire 10 lines
06-13 13:28:12.181  2238  2329 I chatty  : uid=1000(system) Binder:2238_3 expire 8 lines
06-13 13:28:12.200  2238  2287 I chatty  : uid=1000(system) android.anim expire 10 lines
06-13 13:28:14.309  2369  2369 D ViewRootImpl[OpenthosStatusBar]: updatePointerIcon called with position out of bounds
06-13 13:28:14.315  2238 14685 I chatty  : uid=1000(system) Binder:2238_19 expire 10 lines
06-13 13:28:14.327  2238 16017 I chatty  : uid=1000(system) Binder:2238_1C expire 13 lines
06-13 13:28:14.991  2369  2369 D ViewRootImpl[]: updatePointerIcon called with position out of bounds
06-13 13:28:17.105  2369  2369 D ViewRootImpl[OpenthosStatusBar]: updatePointerIcon called with position out of bounds
06-13 13:28:17.264  2238  2386 I chatty  : uid=1000(system) Binder:2238_4 expire 7 lines
06-13 13:28:17.398 16019 16019 E SchedPolicy: set_timerslack_ns write failed: Operation not permitted
06-13 13:28:17.430 16019 16019 D ViewRootImpl[LauncherUI]: updatePointerIcon called with position out of bounds
06-13 13:28:17.692 16019 16019 D ViewRootImpl[LauncherUI]: updatePointerIcon called with position out of bounds
06-13 13:28:50.408 16019 16019 I chatty  : uid=10086(com.tencent.mm) identical 87 lines
06-13 13:28:50.425 16019 16019 D ViewRootImpl[LauncherUI]: updatePointerIcon called with position out of bounds
06-13 13:28:58.142 16019 16019 D ViewRootImpl[LauncherUI]: updatePointerIcon called with position out of bounds
06-13 13:29:33.775 16019 16019 D ViewRootImpl[LauncherUI]: updatePointerIcon called with position out of bounds
06-13 13:29:39.681 16019 16019 E SchedPolicy: set_timerslack_ns write failed: Operation not permitted
06-13 13:29:52.026 16019 16019 I chatty  : uid=10086(com.tencent.mm) identical 12 lines
06-13 13:29:52.486 16019 16019 E SchedPolicy: set_timerslack_ns write failed: Operation not permitted
06-13 13:30:03.814  2238  2315 I chatty  : uid=1000(system) ConnectivitySer expire 3 lines
06-13 13:30:33.686  2238  2252 I chatty  : uid=1000(system) android.bg expire 2 lines
06-13 13:30:54.551 16886 16886 E ActivityThread: Failed to find provider info for com.tencent.mm.coolassist.debugprovider
06-13 13:30:55.941 16019 16019 D ViewRootImpl[FTSMainUI]: updatePointerIcon called with position out of bounds
06-13 13:30:55.958 16019 16019 D ViewRootImpl[FTSMainUI]: updatePointerIcon called with position out of bounds
06-13 13:31:00.716 16019 16019 E SchedPolicy: set_timerslack_ns write failed: Operation not permitted
06-13 13:31:02.815 16019 16019 E SchedPolicy: set_timerslack_ns write failed: Operation not permitted
06-13 13:31:02.983 16019 16019 D ViewRootImpl[ChattingUI]: updatePointerIcon called with position out of bounds
06-13 13:31:03.773 16019 16019 E SchedPolicy: set_timerslack_ns write failed: Operation not permitted
06-13 13:31:03.997 16019 16019 D ViewRootImpl[ChattingUI]: updatePointerIcon called with position out of bounds
06-13 13:31:04.008 16019 16019 D ViewRootImpl[ChattingUI]: updatePointerIcon called with position out of bounds
06-13 13:31:06.512  2238  2253 I chatty  : uid=1000(system) ActivityManager expire 8 lines
06-13 13:31:06.748 17019 17019 E ActivityThread: Failed to find provider info for com.tencent.mm.coolassist.debugprovider
06-13 13:31:07.627 16019 16019 E SchedPolicy: set_timerslack_ns write failed: Operation not permitted
06-13 13:31:12.413 16019 16019 E SchedPolicy: set_timerslack_ns write failed: Operation not permitted
06-13 13:31:13.296  2238  2287 I chatty  : uid=1000(system) android.anim expire 13 lines
06-13 13:31:15.343  2369  2369 D ViewRootImpl[OpenthosStatusBar]: updatePointerIcon called with position out of bounds
06-13 13:31:16.585  2369  2369 D ViewRootImpl[OpenthosStatusBar]: updatePointerIcon called with position out of bounds
06-13 13:31:16.681  2238  2249 I chatty  : uid=1000(system) Binder:2238_1 expire 10 lines
06-13 13:31:16.816 16019 16019 D ViewRootImpl[LauncherUI]: updatePointerIcon called with position out of bounds
06-13 13:31:16.817 16019 16019 E SchedPolicy: set_timerslack_ns write failed: Operation not permitted
06-13 13:31:16.831 16019 16019 D ViewRootImpl[LauncherUI]: updatePointerIcon called with position out of bounds
06-13 13:31:51.779  2238  2889 I chatty  : uid=1000(system) Binder:2238_B expire 1 line
06-13 13:32:35.416  2238  2238 I chatty  : uid=1000 system_server expire 4 lines
06-13 13:32:35.433  2238 14685 I chatty  : uid=1000(system) Binder:2238_19 expire 7 lines
06-13 13:32:37.079  2369  2369 D ViewRootImpl[OpenthosStatusBar]: updatePointerIcon called with position out of bounds
06-13 13:32:37.208  2238  2287 I chatty  : uid=1000(system) android.anim expire 11 lines
06-13 13:32:37.213  2238 16017 I chatty  : uid=1000(system) Binder:2238_1C expire 11 lines
06-13 13:32:37.217  2238  2254 I chatty  : uid=1000(system) android.ui expire 49 lines
06-13 13:32:37.242  2238  2249 I chatty  : uid=1000(system) Binder:2238_1 expire 12 lines
06-13 13:32:38.648 16019 16019 E SchedPolicy: set_timerslack_ns write failed: Operation not permitted
