06-13 10:12:04.876  7412  7412 D ViewRootImpl[HomeActivity]: updatePointerIcon called with position out of bounds
06-13 10:12:05.734  2238  3121 I chatty  : uid=1000(system) Binder:2238_E expire 9 lines
06-13 10:12:07.374  2369  2369 D ViewRootImpl[]: updatePointerIcon called with position out of bounds
06-13 10:12:08.324  2369  2369 D ViewRootImpl[]: updatePointerIcon called with position out of bounds
06-13 10:12:08.437  2369  2369 D ViewRootImpl[OpenthosStatusBar]: updatePointerIcon called with position out of bounds
06-13 10:12:08.437  2369  2369 D ViewRootImpl[StatusBar]: updatePointerIcon called with position out of bounds
06-13 10:12:08.443  2369  2369 D ViewRootImpl[]: updatePointerIcon called after view was removed
06-13 10:12:08.443  2369  2369 W ViewRootImpl[]: Dropping event due to root view being removed: MotionEvent { action=ACTION_BUTTON_PRESS, actionButton=BUTTON_PRIMARY, id[0]=0, x[0]=-541.6568, y[0]=-280.4605, toolType[0]=TOOL_TYPE_MOUSE, buttonState=BUTTON_PRIMARY, metaState=0, flags=0x0, edgeFlags=0x0, pointerCount=1, historySize=0, eventTime=4665563, downTime=4665563, deviceId=3, source=0x2002 }
06-13 10:12:08.575  2238  2287 I chatty  : uid=1000(system) android.anim expire 1 line
06-13 10:12:09.744  2369  2369 D ViewRootImpl[StatusBar]: updatePointerIcon called with position out of bounds
06-13 10:12:09.891  7412  7412 W ViewRootImpl[HomeActivity]: Dropping event due to no window focus: MotionEvent { action=ACTION_HOVER_MOVE, actionButton=0, id[0]=0, x[0]=830.05005, y[0]=92.20331, toolType[0]=TOOL_TYPE_MOUSE, buttonState=0, metaState=0, flags=0x0, edgeFlags=0x0, pointerCount=1, historySize=0, eventTime=4666981, downTime=4666869, deviceId=3, source=0x2002 }
06-13 10:12:09.967  7412  7412 W ViewRootImpl[HomeActivity]: Cancelling event due to no window focus: MotionEvent { action=ACTION_CANCEL, actionButton=0, id[0]=0, x[0]=831.05005, y[0]=95.20331, toolType[0]=TOOL_TYPE_MOUSE, buttonState=0, metaState=0, flags=0x0, edgeFlags=0x0, pointerCount=1, historySize=0, eventTime=4667093, downTime=4666869, deviceId=3, source=0x2002 }
06-13 10:12:09.967  7412  7412 W ViewRootImpl[HomeActivity]: Cancelling event due to no window focus: MotionEvent { action=ACTION_CANCEL, actionButton=0, id[0]=0, x[0]=831.05005, y[0]=95.20331, toolType[0]=TOOL_TYPE_MOUSE, buttonState=0, metaState=0, flags=0x0, edgeFlags=0x0, pointerCount=1, historySize=0, eventTime=4667093, downTime=4666869, deviceId=3, source=0x2002 }
06-13 10:12:13.703  2369  2369 D ViewRootImpl[StatusBar]: updatePointerIcon called with position out of bounds
06-13 10:12:13.840  2238  5683 I chatty  : uid=1000(system) Binder:2238_13 expire 5 lines
06-13 10:12:20.827  2369  2369 D ViewRootImpl[StatusBar]: updatePointerIcon called with position out of bounds
06-13 10:12:21.141  7412  7412 W ViewRootImpl[TeleConfHomeActivity]: Dropping event due to no window focus: MotionEvent { action=ACTION_HOVER_MOVE, actionButton=0, id[0]=0, x[0]=655.4298, y[0]=348.45715, toolType[0]=TOOL_TYPE_MOUSE, buttonState=0, metaState=0, flags=0x0, edgeFlags=0x0, pointerCount=1, historySize=4, eventTime=4678261, downTime=4677953, deviceId=3, source=0x2002 }
06-13 10:12:21.155  7412  7412 W ViewRootImpl[TeleConfHomeActivity]: Dropping event due to no window focus: MotionEvent { action=ACTION_HOVER_MOVE, actionButton=0, id[0]=0, x[0]=655.4298, y[0]=355.39807, toolType[0]=TOOL_TYPE_MOUSE, buttonState=0, metaState=0, flags=0x0, edgeFlags=0x0, pointerCount=1, historySize=0, eventTime=4678273, downTime=4677953, deviceId=3, source=0x2002 }
06-13 10:12:21.155  7412  7412 W ViewRootImpl[TeleConfHomeActivity]: Cancelling event due to no window focus: MotionEvent { action=ACTION_CANCEL, actionButton=0, id[0]=0, x[0]=655.4298, y[0]=356.5166, toolType[0]=TOOL_TYPE_MOUSE, buttonState=0, metaState=0, flags=0x0, edgeFlags=0x0, pointerCount=1, historySize=0, eventTime=4678277, downTime=4677953, deviceId=3, source=0x2002 }
06-13 10:12:21.155  7412  7412 I chatty  : uid=10081(com.alibaba.android.rimet) identical 11 lines
06-13 10:12:21.155  7412  7412 W ViewRootImpl[TeleConfHomeActivity]: Cancelling event due to no window focus: MotionEvent { action=ACTION_CANCEL, actionButton=0, id[0]=0, x[0]=655.4298, y[0]=356.5166, toolType[0]=TOOL_TYPE_MOUSE, buttonState=0, metaState=0, flags=0x0, edgeFlags=0x0, pointerCount=1, historySize=0, eventTime=4678277, downTime=4677953, deviceId=3, source=0x2002 }
06-13 10:12:22.485  2369  2369 D ViewRootImpl[StatusBar]: updatePointerIcon called with position out of bounds
06-13 10:12:32.259  7412  7412 D ViewRootImpl[TeleConfWaitingActivity]: updatePointerIcon called with position out of bounds
06-13 10:12:32.259  7412  7412 D ViewRootImpl[TeleConfWaitingActivity]: updatePointerIcon called with position out of bounds
06-13 10:12:33.424  2238  5614 I chatty  : uid=1000(system) Binder:2238_11 expire 13 lines
06-13 10:12:33.435  2238  2287 I chatty  : uid=1000(system) android.anim expire 11 lines
06-13 10:12:33.441  2238  3121 I chatty  : uid=1000(system) Binder:2238_E expire 10 lines
06-13 10:12:36.423  2369  2369 D ViewRootImpl[OpenthosStatusBar]: updatePointerIcon called with position out of bounds
06-13 10:12:36.423  2369  2369 D ViewRootImpl[StatusBar]: updatePointerIcon called with position out of bounds
06-13 10:12:39.811  2369  2369 D ViewRootImpl[OpenthosStatusBar]: updatePointerIcon called with position out of bounds
06-13 10:12:39.811  2369  2369 D ViewRootImpl[StatusBar]: updatePointerIcon called with position out of bounds
06-13 10:12:41.691  2369  2369 D ViewRootImpl[]: updatePointerIcon called with position out of bounds
06-13 10:12:49.608  2369  2369 I chatty  : uid=10033(com.android.systemui) identical 320 lines
06-13 10:12:49.624  2369  2369 D ViewRootImpl[]: updatePointerIcon called with position out of bounds
06-13 10:12:49.745  2369  2369 D ViewRootImpl[OpenthosStatusBar]: updatePointerIcon called with position out of bounds
06-13 10:12:49.745  2369  2369 D ViewRootImpl[StatusBar]: updatePointerIcon called with position out of bounds
06-13 10:12:49.749  2369  2369 D ViewRootImpl[]: updatePointerIcon called after view was removed
06-13 10:12:49.749  2369  2369 W ViewRootImpl[]: Dropping event due to root view being removed: MotionEvent { action=ACTION_BUTTON_PRESS, actionButton=BUTTON_PRIMARY, id[0]=0, x[0]=-978.3582, y[0]=102.84668, toolType[0]=TOOL_TYPE_MOUSE, buttonState=BUTTON_PRIMARY, metaState=0, flags=0x0, edgeFlags=0x0, pointerCount=1, historySize=0, eventTime=4706871, downTime=4706871, deviceId=3, source=0x2002 }
06-13 10:12:49.759  2238  2686 I chatty  : uid=1000(system) Binder:2238_8 expire 3 lines
06-13 10:12:49.875  2238  2287 I chatty  : uid=1000(system) android.anim expire 11 lines
06-13 10:12:51.189  2369  2369 D ViewRootImpl[StatusBar]: updatePointerIcon called with position out of bounds
06-13 10:12:53.426  2238  2238 I chatty  : uid=1000 system_server expire 8 lines
06-13 10:12:56.021  2369  2369 D ViewRootImpl[StatusBar]: updatePointerIcon called with position out of bounds
06-13 10:12:59.913  2369  2369 D ViewRootImpl[StatusBar]: updatePointerIcon called with position out of bounds
06-13 10:13:01.973  2369  2369 D ViewRootImpl[StatusBar]: updatePointerIcon called with position out of bounds
06-13 10:13:09.631  2369  2369 D ViewRootImpl[StatusBar]: updatePointerIcon called with position out of bounds
06-13 10:13:09.856  2238  5614 I chatty  : uid=1000(system) Binder:2238_11 expire 4 lines
06-13 10:13:13.391  2369  2369 D ViewRootImpl[StatusBar]: updatePointerIcon called with position out of bounds
06-13 10:13:13.638  7412  7412 W ViewRootImpl[TeleConfHomeActivity]: Dropping event due to no window focus: MotionEvent { action=ACTION_HOVER_MOVE, actionButton=0, id[0]=0, x[0]=619.6538, y[0]=260.97528, toolType[0]=TOOL_TYPE_MOUSE, buttonState=0, metaState=0, flags=0x0, edgeFlags=0x0, pointerCount=1, historySize=1, eventTime=4730745, downTime=4730517, deviceId=3, source=0x2002 }
06-13 10:13:13.647  7412  7412 W ViewRootImpl[TeleConfHomeActivity]: Dropping event due to no window focus: MotionEvent { action=ACTION_HOVER_MOVE, actionButton=0, id[0]=0, x[0]=619.6538, y[0]=266.97528, toolType[0]=TOOL_TYPE_MOUSE, buttonState=0, metaState=0, flags=0x0, edgeFlags=0x0, pointerCount=1, historySize=1, eventTime=4730761, downTime=4730517, deviceId=3, source=0x2002 }
06-13 10:13:13.653  7412  7412 W ViewRootImpl[TeleConfHomeActivity]: Cancelling event due to no window focus: MotionEvent { action=ACTION_CANCEL, actionButton=0, id[0]=0, x[0]=619.6538, y[0]=269.97528, toolType[0]=TOOL_TYPE_MOUSE, buttonState=0, metaState=0, flags=0x0, edgeFlags=0x0, pointerCount=1, historySize=0, eventTime=4730777, downTime=4730517, deviceId=3, source=0x2002 }
06-13 10:13:13.653  7412  7412 W ViewRootImpl[TeleConfHomeActivity]: Cancelling event due to no window focus: MotionEvent { action=ACTION_CANCEL, actionButton=0, id[0]=0, x[0]=619.6538, y[0]=269.97528, toolType[0]=TOOL_TYPE_MOUSE, buttonState=0, metaState=0, flags=0x0, edgeFlags=0x0, pointerCount=1, historySize=0, eventTime=4730777, downTime=4730517, deviceId=3, source=0x2002 }
06-13 10:13:14.841  2369  2369 D ViewRootImpl[StatusBar]: updatePointerIcon called with position out of bounds
06-13 10:13:17.421  2369  2369 I chatty  : uid=10033(com.android.systemui) identical 10 lines
06-13 10:13:28.843  2369  2369 D ViewRootImpl[StatusBar]: updatePointerIcon called with position out of bounds
06-13 10:13:29.060  2660  2660 W ContextImpl: Calling a method in the system process without a qualified user: android.app.ContextImpl.bindService:1556 android.content.ContextWrapper.bindService:684 android.content.pm.permission.RuntimePermissionPresenter$RemoteService.processMessage:171 android.content.pm.permission.RuntimePermissionPresenter.getAppPermissions:118 com.android.settingslib.applications.PermissionsSummaryHelper.getPermissionSummary:34 
06-13 10:13:29.067  2238  2256 I chatty  : uid=1000(system) batterystats-wo expire 10 lines
06-13 10:13:34.891  2369  2369 D ViewRootImpl[StatusBar]: updatePointerIcon called with position out of bounds
06-13 10:13:35.593  7412  7412 D ViewRootImpl[TeleConfHomeActivity]: updatePointerIcon called with position out of bounds
06-13 10:13:35.841  7412  7412 D ViewRootImpl[TeleConfHomeActivity]: updatePointerIcon called with position out of bounds
06-13 10:13:37.351  2369  2369 D ViewRootImpl[StatusBar]: updatePointerIcon called with position out of bounds
06-13 10:13:47.051  7412  7412 D ViewRootImpl[TeleConfHomeActivity]: updatePointerIcon called with position out of bounds
06-13 10:13:47.058  7412  7412 D ViewRootImpl[TeleConfHomeActivity]: updatePointerIcon called with position out of bounds
06-13 10:13:47.499  2369  2369 D ViewRootImpl[StatusBar]: updatePointerIcon called with position out of bounds
06-13 10:13:52.819  2369  2369 D ViewRootImpl[StatusBar]: updatePointerIcon called with position out of bounds
06-13 10:13:53.531  7412  7412 D ViewRootImpl[PopupWindow:bb210e7]: updatePointerIcon called with position out of bounds
06-13 10:13:53.624  7412  7412 I chatty  : uid=10081(com.alibaba.android.rimet) identical 13 lines
06-13 10:13:53.641  7412  7412 D ViewRootImpl[PopupWindow:bb210e7]: updatePointerIcon called with position out of bounds
06-13 10:13:55.205  2369  2369 D ViewRootImpl[StatusBar]: updatePointerIcon called with position out of bounds
06-13 10:13:55.359  2238  3113 I chatty  : uid=1000(system) Binder:2238_C expire 10 lines
06-13 10:13:55.367  7412  7412 D ViewRootImpl[PopupWindow:bb210e7]: updatePointerIcon called after view was removed
06-13 10:13:55.367  7412  7412 W ViewRootImpl[PopupWindow:bb210e7]: Dropping event due to root view being removed: MotionEvent { action=ACTION_HOVER_ENTER, actionButton=0, id[0]=0, x[0]=114.68762, y[0]=132.37836, toolType[0]=TOOL_TYPE_MOUSE, buttonState=0, metaState=0, flags=0x0, edgeFlags=0x0, pointerCount=1, historySize=0, eventTime=4772481, downTime=4772331, deviceId=3, source=0x2002 }
06-13 10:13:55.367  7412  7412 W ViewRootImpl[PopupWindow:bb210e7]: Dropping event due to root view being removed: MotionEvent { action=ACTION_HOVER_MOVE, actionButton=0, id[0]=0, x[0]=114.68762, y[0]=132.37836, toolType[0]=TOOL_TYPE_MOUSE, buttonState=0, metaState=0, flags=0x0, edgeFlags=0x0, pointerCount=1, historySize=0, eventTime=4772481, downTime=4772331, deviceId=3, source=0x2002 }
06-13 10:14:02.831  2369  2369 D ViewRootImpl[StatusBar]: updatePointerIcon called with position out of bounds
06-13 10:14:11.159  2369  2369 D ViewRootImpl[StatusBar]: updatePointerIcon called with position out of bounds
06-13 10:14:11.351  7412  7412 D ViewRootImpl[PopupWindow:bb210e7]: updatePointerIcon called with position out of bounds
06-13 10:14:11.474  7412  7412 D ViewRootImpl[PopupWindow:bb210e7]: updatePointerIcon called with position out of bounds
06-13 10:14:12.513  2369  2369 D ViewRootImpl[StatusBar]: updatePointerIcon called with position out of bounds
06-13 10:14:12.629  2238  4364 I chatty  : uid=1000(system) Binder:2238_10 expire 6 lines
06-13 10:14:12.640  7412  7412 D ViewRootImpl[PopupWindow:bb210e7]: updatePointerIcon called after view was removed
06-13 10:14:12.641  7412  7412 W ViewRootImpl[PopupWindow:bb210e7]: Dropping event due to root view being removed: MotionEvent { action=ACTION_HOVER_ENTER, actionButton=0, id[0]=0, x[0]=135.41138, y[0]=209.65985, toolType[0]=TOOL_TYPE_MOUSE, buttonState=0, metaState=0, flags=0x0, edgeFlags=0x0, pointerCount=1, historySize=0, eventTime=4789751, downTime=4789639, deviceId=3, source=0x2002 }
06-13 10:14:12.641  7412  7412 W ViewRootImpl[PopupWindow:bb210e7]: Dropping event due to root view being removed: MotionEvent { action=ACTION_HOVER_MOVE, actionButton=0, id[0]=0, x[0]=135.41138, y[0]=209.65985, toolType[0]=TOOL_TYPE_MOUSE, buttonState=0, metaState=0, flags=0x0, edgeFlags=0x0, pointerCount=1, historySize=0, eventTime=4789751, downTime=4789639, deviceId=3, source=0x2002 }
06-13 10:14:12.726  7412  7412 W ViewRootImpl[HomeActivity]: Dropping event due to no window focus: MotionEvent { action=ACTION_HOVER_ENTER, actionButton=0, id[0]=0, x[0]=736.4114, y[0]=333.65985, toolType[0]=TOOL_TYPE_MOUSE, buttonState=0, metaState=0, flags=0x0, edgeFlags=0x0, pointerCount=1, historySize=0, eventTime=4789847, downTime=4789639, deviceId=3, source=0x2002 }
06-13 10:14:12.741  7412  7412 W ViewRootImpl[HomeActivity]: Dropping event due to no window focus: MotionEvent { action=ACTION_HOVER_MOVE, actionButton=0, id[0]=0, x[0]=736.4114, y[0]=333.65985, toolType[0]=TOOL_TYPE_MOUSE, buttonState=0, metaState=0, flags=0x0, edgeFlags=0x0, pointerCount=1, historySize=0, eventTime=4789847, downTime=4789639, deviceId=3, source=0x2002 }
06-13 10:14:12.749  7412  7412 W ViewRootImpl[HomeActivity]: Cancelling event due to no window focus: MotionEvent { action=ACTION_CANCEL, actionButton=0, id[0]=0, x[0]=743.4114, y[0]=333.65985, toolType[0]=TOOL_TYPE_MOUSE, buttonState=0, metaState=0, flags=0x0, edgeFlags=0x0, pointerCount=1, historySize=0, eventTime=4789869, downTime=4789639, deviceId=3, source=0x2002 }
06-13 10:14:12.749  7412  7412 I chatty  : uid=10081(com.alibaba.android.rimet) identical 18 lines
06-13 10:14:12.749  7412  7412 W ViewRootImpl[HomeActivity]: Cancelling event due to no window focus: MotionEvent { action=ACTION_CANCEL, actionButton=0, id[0]=0, x[0]=743.4114, y[0]=333.65985, toolType[0]=TOOL_TYPE_MOUSE, buttonState=0, metaState=0, flags=0x0, edgeFlags=0x0, pointerCount=1, historySize=0, eventTime=4789869, downTime=4789639, deviceId=3, source=0x2002 }
06-13 10:14:18.277  2369  2369 D ViewRootImpl[StatusBar]: updatePointerIcon called with position out of bounds
06-13 10:14:18.474  7412  7412 W ViewRootImpl[UserContactActivity]: Dropping event due to no window focus: MotionEvent { action=ACTION_HOVER_MOVE, actionButton=0, id[0]=0, x[0]=271.5362, y[0]=354.39478, toolType[0]=TOOL_TYPE_MOUSE, buttonState=0, metaState=0, flags=0x0, edgeFlags=0x0, pointerCount=1, historySize=0, eventTime=4795563, downTime=4795403, deviceId=3, source=0x2002 }
06-13 10:14:18.566  7412  7412 W ViewRootImpl[UserContactActivity]: Cancelling event due to no window focus: MotionEvent { action=ACTION_CANCEL, actionButton=0, id[0]=0, x[0]=278.5362, y[0]=354.39478, toolType[0]=TOOL_TYPE_MOUSE, buttonState=0, metaState=0, flags=0x0, edgeFlags=0x0, pointerCount=1, historySize=0, eventTime=4795691, downTime=4795403, deviceId=3, source=0x2002 }
06-13 10:14:18.567  7412  7412 W ViewRootImpl[UserContactActivity]: Cancelling event due to no window focus: MotionEvent { action=ACTION_CANCEL, actionButton=0, id[0]=0, x[0]=278.5362, y[0]=354.39478, toolType[0]=TOOL_TYPE_MOUSE, buttonState=0, metaState=0, flags=0x0, edgeFlags=0x0, pointerCount=1, historySize=0, eventTime=4795691, downTime=4795403, deviceId=3, source=0x2002 }
06-13 10:14:22.053  2369  2369 D ViewRootImpl[StatusBar]: updatePointerIcon called with position out of bounds
06-13 10:14:24.413  2369  2369 D ViewRootImpl[StatusBar]: updatePointerIcon called with position out of bounds
06-13 10:14:26.687  2369  2369 D ViewRootImpl[StatusBar]: updatePointerIcon called with position out of bounds
06-13 10:14:32.415  2369  2369 D ViewRootImpl[StatusBar]: updatePointerIcon called with position out of bounds
06-13 10:14:32.775  7412  7412 D ViewRootImpl[FaceToFaceCreateConversationActivity]: updatePointerIcon called with position out of bounds
06-13 10:14:33.075  7412  7412 D ViewRootImpl[FaceToFaceCreateConversationActivity]: updatePointerIcon called with position out of bounds
06-13 10:14:34.361  2369  2369 D ViewRootImpl[StatusBar]: updatePointerIcon called with position out of bounds
06-13 10:14:38.119  2369  2369 D ViewRootImpl[StatusBar]: updatePointerIcon called with position out of bounds
06-13 10:14:41.955  2369  2369 D ViewRootImpl[StatusBar]: updatePointerIcon called with position out of bounds
06-13 10:14:44.695  2369  2369 D ViewRootImpl[StatusBar]: updatePointerIcon called with position out of bounds
06-13 10:14:45.074  2238  2888 I chatty  : uid=1000(system) Binder:2238_A expire 6 lines
06-13 10:14:54.459  2369  2369 D ViewRootImpl[StatusBar]: updatePointerIcon called with position out of bounds
06-13 10:14:54.657  7412  7412 W ViewRootImpl[ChatMsgActivity]: Dropping event due to no window focus: MotionEvent { action=ACTION_HOVER_MOVE, actionButton=0, id[0]=0, x[0]=918.2434, y[0]=99.454315, toolType[0]=TOOL_TYPE_MOUSE, buttonState=0, metaState=0, flags=0x0, edgeFlags=0x0, pointerCount=1, historySize=0, eventTime=4831697, downTime=4831585, deviceId=3, source=0x2002 }
06-13 10:14:54.685  7412  7412 W ViewRootImpl[ChatMsgActivity]: Dropping event due to no window focus: MotionEvent { action=ACTION_HOVER_MOVE, actionButton=0, id[0]=0, x[0]=913.359, y[0]=112.24896, toolType[0]=TOOL_TYPE_MOUSE, buttonState=0, metaState=0, flags=0x0, edgeFlags=0x0, pointerCount=1, historySize=3, eventTime=4831797, downTime=4831585, deviceId=3, source=0x2002 }
06-13 10:14:54.685  7412  7412 W ViewRootImpl[ChatMsgActivity]: Cancelling event due to no window focus: MotionEvent { action=ACTION_CANCEL, actionButton=0, id[0]=0, x[0]=912.359, y[0]=115.24896, toolType[0]=TOOL_TYPE_MOUSE, buttonState=0, metaState=0, flags=0x0, edgeFlags=0x0, pointerCount=1, historySize=0, eventTime=4831809, downTime=4831585, deviceId=3, source=0x2002 }
06-13 10:14:54.685  7412  7412 I chatty  : uid=10081(com.alibaba.android.rimet) identical 10 lines
06-13 10:14:54.685  7412  7412 W ViewRootImpl[ChatMsgActivity]: Cancelling event due to no window focus: MotionEvent { action=ACTION_CANCEL, actionButton=0, id[0]=0, x[0]=912.359, y[0]=115.24896, toolType[0]=TOOL_TYPE_MOUSE, buttonState=0, metaState=0, flags=0x0, edgeFlags=0x0, pointerCount=1, historySize=0, eventTime=4831809, downTime=4831585, deviceId=3, source=0x2002 }
06-13 10:15:02.951  2369  2369 D ViewRootImpl[StatusBar]: updatePointerIcon called with position out of bounds
06-13 10:15:03.412  2238  2253 I chatty  : uid=1000(system) ActivityManager expire 2 lines
06-13 10:15:04.393  2369  2369 D ViewRootImpl[StatusBar]: updatePointerIcon called with position out of bounds
06-13 10:15:06.604  2369  2369 D ViewRootImpl[StatusBar]: updatePointerIcon called with position out of bounds
06-13 10:15:09.615  2369  2369 D ViewRootImpl[StatusBar]: updatePointerIcon called with position out of bounds
06-13 10:15:11.896  2238  3126 I chatty  : uid=1000(system) Binder:2238_F expire 13 lines
06-13 10:15:17.045  2369  2369 D ViewRootImpl[StatusBar]: updatePointerIcon called with position out of bounds
06-13 10:15:18.444  7412  7412 W ViewRootImpl[MultiMailListActivity]: Cancelling event due to no window focus: MotionEvent { action=ACTION_CANCEL, actionButton=0, id[0]=0, x[0]=487.1577, y[0]=322.3825, toolType[0]=TOOL_TYPE_MOUSE, buttonState=0, metaState=0, flags=0x0, edgeFlags=0x0, pointerCount=1, historySize=0, eventTime=4855569, downTime=4854171, deviceId=3, source=0x2002 }
06-13 10:15:18.445  7412  7412 W ViewRootImpl[MultiMailListActivity]: Cancelling event due to no window focus: MotionEvent { action=ACTION_CANCEL, actionButton=0, id[0]=0, x[0]=487.1577, y[0]=322.3825, toolType[0]=TOOL_TYPE_MOUSE, buttonState=0, metaState=0, flags=0x0, edgeFlags=0x0, pointerCount=1, historySize=0, eventTime=4855569, downTime=4854171, deviceId=3, source=0x2002 }
06-13 10:15:21.807  2369  2369 D ViewRootImpl[StatusBar]: updatePointerIcon called with position out of bounds
06-13 10:15:28.677  2369  2369 D ViewRootImpl[StatusBar]: updatePointerIcon called with position out of bounds
06-13 10:15:30.027  7412  7412 D ViewRootImpl[HomeActivity]: updatePointerIcon called with position out of bounds
06-13 10:15:44.159  7412  7412 D ViewRootImpl[HomeActivity]: updatePointerIcon called with position out of bounds
06-13 10:15:45.607  2369  2369 D ViewRootImpl[StatusBar]: updatePointerIcon called with position out of bounds
06-13 10:15:45.857  7412  7412 D ViewRootImpl[PopupWindow:a827d50]: updatePointerIcon called with position out of bounds
06-13 10:15:45.891  7412  7412 D ViewRootImpl[PopupWindow:a827d50]: updatePointerIcon called with position out of bounds
06-13 10:15:47.705  2369  2369 D ViewRootImpl[StatusBar]: updatePointerIcon called with position out of bounds
06-13 10:15:47.843  2238  9225 I chatty  : uid=1000(system) Binder:2238_15 expire 11 lines
06-13 10:15:47.851  7412  7412 D ViewRootImpl[PopupWindow:a827d50]: updatePointerIcon called after view was removed
06-13 10:15:47.851  7412  7412 W ViewRootImpl[PopupWindow:a827d50]: Dropping event due to root view being removed: MotionEvent { action=ACTION_HOVER_ENTER, actionButton=0, id[0]=0, x[0]=135.23096, y[0]=312.59814, toolType[0]=TOOL_TYPE_MOUSE, buttonState=0, metaState=0, flags=0x0, edgeFlags=0x0, pointerCount=1, historySize=0, eventTime=4884961, downTime=4884831, deviceId=3, source=0x2002 }
06-13 10:15:47.851  7412  7412 W ViewRootImpl[PopupWindow:a827d50]: Dropping event due to root view being removed: MotionEvent { action=ACTION_HOVER_MOVE, actionButton=0, id[0]=0, x[0]=135.23096, y[0]=312.59814, toolType[0]=TOOL_TYPE_MOUSE, buttonState=0, metaState=0, flags=0x0, edgeFlags=0x0, pointerCount=1, historySize=0, eventTime=4884961, downTime=4884831, deviceId=3, source=0x2002 }
06-13 10:15:48.217  7412  7412 D ViewRootImpl[AddFriendActivity]: updatePointerIcon called with position out of bounds
06-13 10:15:48.225  7412  7412 D ViewRootImpl[AddFriendActivity]: updatePointerIcon called with position out of bounds
06-13 10:15:50.911  2369  2369 D ViewRootImpl[StatusBar]: updatePointerIcon called with position out of bounds
06-13 10:15:51.068  7412  7412 W ViewRootImpl[AddFriendActivity]: Dropping event due to no window focus: MotionEvent { action=ACTION_HOVER_MOVE, actionButton=0, id[0]=0, x[0]=138.44153, y[0]=405.53754, toolType[0]=TOOL_TYPE_MOUSE, buttonState=0, metaState=0, flags=0x0, edgeFlags=0x0, pointerCount=1, historySize=0, eventTime=4888163, downTime=4888037, deviceId=3, source=0x2002 }
06-13 10:15:51.089  7412  7412 W ViewRootImpl[AddFriendActivity]: Dropping event due to no window focus: MotionEvent { action=ACTION_HOVER_MOVE, actionButton=0, id[0]=0, x[0]=134.44153, y[0]=405.53754, toolType[0]=TOOL_TYPE_MOUSE, buttonState=0, metaState=0, flags=0x0, edgeFlags=0x0, pointerCount=1, historySize=1, eventTime=4888183, downTime=4888037, deviceId=3, source=0x2002 }
06-13 10:15:51.089  7412  7412 W ViewRootImpl[AddFriendActivity]: Cancelling event due to no window focus: MotionEvent { action=ACTION_CANCEL, actionButton=0, id[0]=0, x[0]=142.49426, y[0]=405.53754, toolType[0]=TOOL_TYPE_MOUSE, buttonState=0, metaState=0, flags=0x0, edgeFlags=0x0, pointerCount=1, historySize=0, eventTime=4888211, downTime=4888037, deviceId=3, source=0x2002 }
06-13 10:15:51.089  7412  7412 I chatty  : uid=10081(com.alibaba.android.rimet) identical 36 lines
06-13 10:15:51.089  7412  7412 W ViewRootImpl[AddFriendActivity]: Cancelling event due to no window focus: MotionEvent { action=ACTION_CANCEL, actionButton=0, id[0]=0, x[0]=142.49426, y[0]=405.53754, toolType[0]=TOOL_TYPE_MOUSE, buttonState=0, metaState=0, flags=0x0, edgeFlags=0x0, pointerCount=1, historySize=0, eventTime=4888211, downTime=4888037, deviceId=3, source=0x2002 }
06-13 10:15:54.319  2369  2369 D ViewRootImpl[StatusBar]: updatePointerIcon called with position out of bounds
06-13 10:15:55.092  2238  2315 I chatty  : uid=1000(system) ConnectivitySer expire 5 lines
06-13 10:16:05.325  7412  7412 D ViewRootImpl[LocalContactActivity]: updatePointerIcon called with position out of bounds
06-13 10:16:05.835  7412  7412 D ViewRootImpl[LocalContactActivity]: updatePointerIcon called with position out of bounds
06-13 10:16:05.835  2369  2369 D ViewRootImpl[StatusBar]: updatePointerIcon called with position out of bounds
06-13 10:16:05.836  7412  7412 D ViewRootImpl[LocalContactActivity]: updatePointerIcon called with position out of bounds
06-13 10:16:09.359  7412  7412 D ViewRootImpl[LocalContactActivity]: updatePointerIcon called with position out of bounds
06-13 10:16:09.907  2369  2369 D ViewRootImpl[StatusBar]: updatePointerIcon called with position out of bounds
06-13 10:16:11.943  2369  2369 D ViewRootImpl[StatusBar]: updatePointerIcon called with position out of bounds
06-13 10:16:12.204  7412  7412 D ViewRootImpl[AddFriendActivity]: updatePointerIcon called with position out of bounds
06-13 10:16:13.925  2238  7159 I chatty  : uid=1000(system) Binder:2238_14 expire 10 lines
06-13 10:16:17.791  2369  2369 D ViewRootImpl[OpenthosStatusBar]: updatePointerIcon called with position out of bounds
06-13 10:16:17.791  2369  2369 D ViewRootImpl[StatusBar]: updatePointerIcon called with position out of bounds
06-13 10:16:17.797  2238  2386 I chatty  : uid=1000(system) Binder:2238_4 expire 9 lines
06-13 10:16:17.810  2238  3126 I chatty  : uid=1000(system) Binder:2238_F expire 11 lines
06-13 10:16:18.241  2369  2369 D ViewRootImpl[]: updatePointerIcon called with position out of bounds
06-13 10:16:18.274  2369  2369 D ViewRootImpl[]: updatePointerIcon called with position out of bounds
06-13 10:16:19.023  2369  2369 D ViewRootImpl[OpenthosStatusBar]: updatePointerIcon called with position out of bounds
06-13 10:16:19.023  2369  2369 D ViewRootImpl[StatusBar]: updatePointerIcon called with position out of bounds
06-13 10:16:19.257  2238  3114 I chatty  : uid=1000(system) Binder:2238_D expire 6 lines
06-13 10:16:19.430  7412  7412 D ViewRootImpl[HomeActivity]: updatePointerIcon called with position out of bounds
06-13 10:16:19.681  7412  7412 I chatty  : uid=10081(com.alibaba.android.rimet) identical 10 lines
06-13 10:16:19.691  7412  7412 D ViewRootImpl[HomeActivity]: updatePointerIcon called with position out of bounds
06-13 10:17:31.492  7412  7412 D ViewRootImpl[HomeActivity]: updatePointerIcon called with position out of bounds
06-13 10:17:32.518  2369  2369 D ViewRootImpl[StatusBar]: updatePointerIcon called with position out of bounds
06-13 10:17:32.833  7412  7412 D ViewRootImpl[PopupWindow:5298e4d]: updatePointerIcon called with position out of bounds
06-13 10:17:32.891  7412  7412 D ViewRootImpl[PopupWindow:5298e4d]: updatePointerIcon called with position out of bounds
06-13 10:17:34.997  2369  2369 D ViewRootImpl[StatusBar]: updatePointerIcon called with position out of bounds
06-13 10:17:35.154  7412  7412 D ViewRootImpl[PopupWindow:5298e4d]: updatePointerIcon called after view was removed
06-13 10:17:35.154  7412  7412 W ViewRootImpl[PopupWindow:5298e4d]: Dropping event due to root view being removed: MotionEvent { action=ACTION_HOVER_ENTER, actionButton=0, id[0]=0, x[0]=146.88232, y[0]=70.49185, toolType[0]=TOOL_TYPE_MOUSE, buttonState=0, metaState=0, flags=0x0, edgeFlags=0x0, pointerCount=1, historySize=0, eventTime=4992267, downTime=4992123, deviceId=3, source=0x2002 }
06-13 10:17:35.154  7412  7412 W ViewRootImpl[PopupWindow:5298e4d]: Dropping event due to root view being removed: MotionEvent { action=ACTION_HOVER_MOVE, actionButton=0, id[0]=0, x[0]=146.88232, y[0]=70.49185, toolType[0]=TOOL_TYPE_MOUSE, buttonState=0, metaState=0, flags=0x0, edgeFlags=0x0, pointerCount=1, historySize=0, eventTime=4992267, downTime=4992123, deviceId=3, source=0x2002 }
06-13 10:17:35.724  7412  7412 D ViewRootImpl[ScanCombineActivity]: updatePointerIcon called with position out of bounds
06-13 10:17:35.924  7412  7412 D ViewRootImpl[ScanCombineActivity]: updatePointerIcon called with position out of bounds
06-13 10:17:37.881  2369  2369 D ViewRootImpl[StatusBar]: updatePointerIcon called with position out of bounds
06-13 10:17:42.879  2369  2369 D ViewRootImpl[StatusBar]: updatePointerIcon called with position out of bounds
06-13 10:17:43.705  7412  7412 D ViewRootImpl[PopupWindow:5298e4d]: updatePointerIcon called with position out of bounds
06-13 10:17:43.724  7412  7412 I chatty  : uid=10081(com.alibaba.android.rimet) identical 13 lines
06-13 10:17:43.741  7412  7412 D ViewRootImpl[PopupWindow:5298e4d]: updatePointerIcon called with position out of bounds
06-13 10:17:44.891  2369  2369 D ViewRootImpl[StatusBar]: updatePointerIcon called with position out of bounds
06-13 10:17:45.063  7412  7412 D ViewRootImpl[PopupWindow:5298e4d]: updatePointerIcon called after view was removed
06-13 10:17:45.064  7412  7412 W ViewRootImpl[PopupWindow:5298e4d]: Dropping event due to root view being removed: MotionEvent { action=ACTION_HOVER_ENTER, actionButton=0, id[0]=0, x[0]=127.99133, y[0]=52.832123, toolType[0]=TOOL_TYPE_MOUSE, buttonState=0, metaState=0, flags=0x0, edgeFlags=0x0, pointerCount=1, historySize=0, eventTime=5002177, downTime=5002017, deviceId=3, source=0x2002 }
06-13 10:17:45.064  7412  7412 W ViewRootImpl[PopupWindow:5298e4d]: Dropping event due to root view being removed: MotionEvent { action=ACTION_HOVER_MOVE, actionButton=0, id[0]=0, x[0]=127.99133, y[0]=52.832123, toolType[0]=TOOL_TYPE_MOUSE, buttonState=0, metaState=0, flags=0x0, edgeFlags=0x0, pointerCount=1, historySize=0, eventTime=5002177, downTime=5002017, deviceId=3, source=0x2002 }
06-13 10:17:45.152  7412  7412 W ViewRootImpl[HomeActivity]: Dropping event due to no window focus: MotionEvent { action=ACTION_HOVER_ENTER, actionButton=0, id[0]=0, x[0]=727.99133, y[0]=180.83212, toolType[0]=TOOL_TYPE_MOUSE, buttonState=0, metaState=0, flags=0x0, edgeFlags=0x0, pointerCount=1, historySize=0, eventTime=5002257, downTime=5002017, deviceId=3, source=0x2002 }
06-13 10:17:45.158  7412  7412 W ViewRootImpl[HomeActivity]: Dropping event due to no window focus: MotionEvent { action=ACTION_HOVER_MOVE, actionButton=0, id[0]=0, x[0]=727.99133, y[0]=181.83212, toolType[0]=TOOL_TYPE_MOUSE, buttonState=0, metaState=0, flags=0x0, edgeFlags=0x0, pointerCount=1, historySize=1, eventTime=5002261, downTime=5002017, deviceId=3, source=0x2002 }
06-13 10:17:45.180  7412  7412 W ViewRootImpl[HomeActivity]: Cancelling event due to no window focus: MotionEvent { action=ACTION_CANCEL, actionButton=0, id[0]=0, x[0]=723.99133, y[0]=181.83212, toolType[0]=TOOL_TYPE_MOUSE, buttonState=0, metaState=0, flags=0x0, edgeFlags=0x0, pointerCount=1, historySize=0, eventTime=5002305, downTime=5002017, deviceId=3, source=0x2002 }
06-13 10:17:45.181  7412  7412 W ViewRootImpl[HomeActivity]: Cancelling event due to no window focus: MotionEvent { action=ACTION_CANCEL, actionButton=0, id[0]=0, x[0]=723.99133, y[0]=181.83212, toolType[0]=TOOL_TYPE_MOUSE, buttonState=0, metaState=0, flags=0x0, edgeFlags=0x0, pointerCount=1, historySize=0, eventTime=5002305, downTime=5002017, deviceId=3, source=0x2002 }
06-13 10:17:52.233  2369  2369 D ViewRootImpl[StatusBar]: updatePointerIcon called with position out of bounds
06-13 10:17:54.875  2660  2660 W ContextImpl: Calling a method in the system process without a qualified user: android.app.ContextImpl.bindService:1556 android.content.ContextWrapper.bindService:684 android.content.pm.permission.RuntimePermissionPresenter$RemoteService.processMessage:171 android.content.pm.permission.RuntimePermissionPresenter.getAppPermissions:118 com.android.settingslib.applications.PermissionsSummaryHelper.getPermissionSummary:34 
06-13 10:17:56.658  2369  2369 D ViewRootImpl[StatusBar]: updatePointerIcon called with position out of bounds
06-13 10:17:58.881  2369  2369 D ViewRootImpl[StatusBar]: updatePointerIcon called with position out of bounds
06-13 10:17:59.110  2238  2256 I chatty  : uid=1000(system) batterystats-wo expire 12 lines
06-13 10:18:01.076  2369  2369 D ViewRootImpl[StatusBar]: updatePointerIcon called with position out of bounds
06-13 10:18:01.225  2660  2660 W ViewRootImpl[SubSettings]: Dropping event due to no window focus: MotionEvent { action=ACTION_HOVER_MOVE, actionButton=0, id[0]=0, x[0]=847.1531, y[0]=493.39166, toolType[0]=TOOL_TYPE_MOUSE, buttonState=0, metaState=0, flags=0x0, edgeFlags=0x0, pointerCount=1, historySize=0, eventTime=5018329, downTime=5018201, deviceId=3, source=0x2002 }
06-13 10:18:01.269  2660  2660 W ViewRootImpl[SubSettings]: Cancelling event due to no window focus: MotionEvent { action=ACTION_CANCEL, actionButton=0, id[0]=0, x[0]=847.1531, y[0]=494.39166, toolType[0]=TOOL_TYPE_MOUSE, buttonState=0, metaState=0, flags=0x0, edgeFlags=0x0, pointerCount=1, historySize=0, eventTime=5018395, downTime=5018201, deviceId=3, source=0x2002 }
06-13 10:18:01.269  2660  2660 I chatty  : uid=1000(system) com.android.settings identical 4 lines
06-13 10:18:01.269  2660  2660 W ViewRootImpl[SubSettings]: Cancelling event due to no window focus: MotionEvent { action=ACTION_CANCEL, actionButton=0, id[0]=0, x[0]=847.1531, y[0]=494.39166, toolType[0]=TOOL_TYPE_MOUSE, buttonState=0, metaState=0, flags=0x0, edgeFlags=0x0, pointerCount=1, historySize=0, eventTime=5018395, downTime=5018201, deviceId=3, source=0x2002 }
06-13 10:18:01.333  2900  7968 V PackageManager: [a6e4ad18-98c3-454d-a525-71d7395edfcd] Phase1 called; posting
06-13 10:18:01.333  2900  2900 D PackageManager: [a6e4ad18-98c3-454d-a525-71d7395edfcd] Phase1 request; prefix: [-724971520, -709783552]
06-13 10:18:12.468  2369  2369 D ViewRootImpl[StatusBar]: updatePointerIcon called with position out of bounds
06-13 10:18:12.673  2660  2660 W ContextImpl: Calling a method in the system process without a qualified user: android.app.ContextImpl.bindService:1556 android.content.ContextWrapper.bindService:684 android.content.pm.permission.RuntimePermissionPresenter$RemoteService.processMessage:171 android.content.pm.permission.RuntimePermissionPresenter.getAppPermissions:118 com.android.settingslib.applications.PermissionsSummaryHelper.getPermissionSummary:34 
06-13 10:18:15.149  7412  7412 D ViewRootImpl[HomeActivity]: updatePointerIcon called with position out of bounds
06-13 10:18:52.875  7412  7412 D ViewRootImpl[HomeActivity]: updatePointerIcon called with position out of bounds
06-13 10:18:53.364  2369  2369 D ViewRootImpl[StatusBar]: updatePointerIcon called with position out of bounds
06-13 10:19:05.421  7412  7412 D ViewRootImpl[PopupWindow:5298e4d]: updatePointerIcon called with position out of bounds
06-13 10:19:05.524  7412  7412 D ViewRootImpl[PopupWindow:5298e4d]: updatePointerIcon called with position out of bounds
06-13 10:19:05.975  2369  2369 D ViewRootImpl[StatusBar]: updatePointerIcon called with position out of bounds
06-13 10:19:06.119  7412  7412 D ViewRootImpl[PopupWindow:5298e4d]: updatePointerIcon called after view was removed
06-13 10:19:06.119  7412  7412 W ViewRootImpl[PopupWindow:5298e4d]: Dropping event due to root view being removed: MotionEvent { action=ACTION_HOVER_ENTER, actionButton=0, id[0]=0, x[0]=209.20093, y[0]=54.340027, toolType[0]=TOOL_TYPE_MOUSE, buttonState=0, metaState=0, flags=0x0, edgeFlags=0x0, pointerCount=1, historySize=0, eventTime=5083229, downTime=5083101, deviceId=3, source=0x2002 }
06-13 10:19:06.119  7412  7412 W ViewRootImpl[PopupWindow:5298e4d]: Dropping event due to root view being removed: MotionEvent { action=ACTION_HOVER_MOVE, actionButton=0, id[0]=0, x[0]=209.20093, y[0]=54.340027, toolType[0]=TOOL_TYPE_MOUSE, buttonState=0, metaState=0, flags=0x0, edgeFlags=0x0, pointerCount=1, historySize=0, eventTime=5083229, downTime=5083101, deviceId=3, source=0x2002 }
06-13 10:20:00.374  7412  7412 D ViewRootImpl[ScanCombineActivity]: updatePointerIcon called with position out of bounds
06-13 10:20:00.408  7412  7412 I chatty  : uid=10081(com.alibaba.android.rimet) identical 25 lines
06-13 10:20:00.411  7412  7412 D ViewRootImpl[ScanCombineActivity]: updatePointerIcon called with position out of bounds
06-13 10:20:02.513  2369  2369 D ViewRootImpl[StatusBar]: updatePointerIcon called with position out of bounds
06-13 10:20:02.769  2660  2660 W ViewRootImpl[SubSettings]: Cancelling event due to no window focus: MotionEvent { action=ACTION_CANCEL, actionButton=0, id[0]=0, x[0]=337.98618, y[0]=483.08255, toolType[0]=TOOL_TYPE_MOUSE, buttonState=0, metaState=0, flags=0x0, edgeFlags=0x0, pointerCount=1, historySize=0, eventTime=5139895, downTime=5139639, deviceId=3, source=0x2002 }
06-13 10:20:02.770  2660  2660 W ViewRootImpl[SubSettings]: Cancelling event due to no window focus: MotionEvent { action=ACTION_CANCEL, actionButton=0, id[0]=0, x[0]=337.98618, y[0]=483.08255, toolType[0]=TOOL_TYPE_MOUSE, buttonState=0, metaState=0, flags=0x0, edgeFlags=0x0, pointerCount=1, historySize=0, eventTime=5139895, downTime=5139639, deviceId=3, source=0x2002 }
06-13 10:20:02.833  2900  4145 V PackageManager: [66d28ad3-0974-4e83-b950-ee9d19557452] Phase1 called; posting
06-13 10:20:02.833  2900  2900 D PackageManager: [66d28ad3-0974-4e83-b950-ee9d19557452] Phase1 request; prefix: [-724971520, -709783552]
06-13 10:20:24.011  7412  7412 D ViewRootImpl[ScanCombineActivity]: updatePointerIcon called with position out of bounds
06-13 10:20:24.408  7412  7412 D ViewRootImpl[ScanCombineActivity]: updatePointerIcon called with position out of bounds
06-13 10:20:24.834  2369  2369 D ViewRootImpl[StatusBar]: updatePointerIcon called with position out of bounds
06-13 10:20:57.519  2369  2369 D ViewRootImpl[StatusBar]: updatePointerIcon called with position out of bounds
06-13 10:20:57.723  7412  7412 D ViewRootImpl[PopupWindow:5298e4d]: updatePointerIcon called with position out of bounds
06-13 10:20:57.724  7412  7412 I chatty  : uid=10081(com.alibaba.android.rimet) identical 16 lines
06-13 10:20:57.741  7412  7412 D ViewRootImpl[PopupWindow:5298e4d]: updatePointerIcon called with position out of bounds
06-13 10:21:11.183  2369  2369 D ViewRootImpl[StatusBar]: updatePointerIcon called with position out of bounds
06-13 10:21:11.323  7412  7412 D ViewRootImpl[PopupWindow:5298e4d]: updatePointerIcon called after view was removed
06-13 10:21:11.323  7412  7412 W ViewRootImpl[PopupWindow:5298e4d]: Dropping event due to root view being removed: MotionEvent { action=ACTION_HOVER_ENTER, actionButton=0, id[0]=0, x[0]=159.83594, y[0]=319.33014, toolType[0]=TOOL_TYPE_MOUSE, buttonState=0, metaState=0, flags=0x0, edgeFlags=0x0, pointerCount=1, historySize=0, eventTime=5208437, downTime=5208309, deviceId=3, source=0x2002 }
06-13 10:21:11.323  7412  7412 W ViewRootImpl[PopupWindow:5298e4d]: Dropping event due to root view being removed: MotionEvent { action=ACTION_HOVER_MOVE, actionButton=0, id[0]=0, x[0]=159.83594, y[0]=320.33014, toolType[0]=TOOL_TYPE_MOUSE, buttonState=0, metaState=0, flags=0x0, edgeFlags=0x0, pointerCount=1, historySize=1, eventTime=5208441, downTime=5208309, deviceId=3, source=0x2002 }
06-13 10:21:11.357  7412  7412 W ViewRootImpl[HomeActivity]: Dropping event due to no window focus: MotionEvent { action=ACTION_HOVER_MOVE, actionButton=0, id[0]=0, x[0]=781.15405, y[0]=463.903, toolType[0]=TOOL_TYPE_MOUSE, buttonState=0, metaState=0, flags=0x0, edgeFlags=0x0, pointerCount=1, historySize=1, eventTime=5208457, downTime=5208309, deviceId=3, source=0x2002 }
06-13 10:21:11.363  7412  7412 W ViewRootImpl[HomeActivity]: Dropping event due to no window focus: MotionEvent { action=ACTION_HOVER_MOVE, actionButton=0, id[0]=0, x[0]=788.5503, y[0]=466.00836, toolType[0]=TOOL_TYPE_MOUSE, buttonState=0, metaState=0, flags=0x0, edgeFlags=0x0, pointerCount=1, historySize=1, eventTime=5208473, downTime=5208309, deviceId=3, source=0x2002 }
06-13 10:21:11.363  7412  7412 W ViewRootImpl[HomeActivity]: Cancelling event due to no window focus: MotionEvent { action=ACTION_CANCEL, actionButton=0, id[0]=0, x[0]=794.93726, y[0]=469.20184, toolType[0]=TOOL_TYPE_MOUSE, buttonState=0, metaState=0, flags=0x0, edgeFlags=0x0, pointerCount=1, historySize=0, eventTime=5208485, downTime=5208309, deviceId=3, source=0x2002 }
06-13 10:21:11.363  7412  7412 W ViewRootImpl[HomeActivity]: Cancelling event due to no window focus: MotionEvent { action=ACTION_CANCEL, actionButton=0, id[0]=0, x[0]=794.93726, y[0]=469.20184, toolType[0]=TOOL_TYPE_MOUSE, buttonState=0, metaState=0, flags=0x0, edgeFlags=0x0, pointerCount=1, historySize=0, eventTime=5208485, downTime=5208309, deviceId=3, source=0x2002 }
06-13 10:21:43.983  7412  7412 D ViewRootImpl[AddFriendActivity]: updatePointerIcon called with position out of bounds
06-13 10:21:43.992  7412  7412 D ViewRootImpl[AddFriendActivity]: updatePointerIcon called with position out of bounds
06-13 10:21:44.451  2369  2369 D ViewRootImpl[StatusBar]: updatePointerIcon called with position out of bounds
06-13 10:21:44.661  7412  7412 W ViewRootImpl[AddFriendActivity]: Dropping event due to no window focus: MotionEvent { action=ACTION_HOVER_MOVE, actionButton=0, id[0]=0, x[0]=347.61053, y[0]=469.54395, toolType[0]=TOOL_TYPE_MOUSE, buttonState=0, metaState=0, flags=0x0, edgeFlags=0x0, pointerCount=1, historySize=5, eventTime=5241773, downTime=5241577, deviceId=3, source=0x2002 }
06-13 10:21:44.661  7412  7412 W ViewRootImpl[AddFriendActivity]: Cancelling event due to no window focus: MotionEvent { action=ACTION_CANCEL, actionButton=0, id[0]=0, x[0]=355.2708, y[0]=478.4809, toolType[0]=TOOL_TYPE_MOUSE, buttonState=0, metaState=0, flags=0x0, edgeFlags=0x0, pointerCount=1, historySize=0, eventTime=5241785, downTime=5241577, deviceId=3, source=0x2002 }
06-13 10:21:44.661  7412  7412 W ViewRootImpl[AddFriendActivity]: Cancelling event due to no window focus: MotionEvent { action=ACTION_CANCEL, actionButton=0, id[0]=0, x[0]=355.2708, y[0]=478.4809, toolType[0]=TOOL_TYPE_MOUSE, buttonState=0, metaState=0, flags=0x0, edgeFlags=0x0, pointerCount=1, historySize=0, eventTime=5241785, downTime=5241577, deviceId=3, source=0x2002 }
06-13 10:22:34.767  2369  2369 D ViewRootImpl[StatusBar]: updatePointerIcon called with position out of bounds
06-13 10:22:36.563  2369  2369 D ViewRootImpl[StatusBar]: updatePointerIcon called with position out of bounds
06-13 10:22:36.988  7412  7412 D ViewRootImpl[HomeActivity]: updatePointerIcon called with position out of bounds
06-13 10:22:52.508  7412  7412 D ViewRootImpl[HomeActivity]: updatePointerIcon called with position out of bounds
06-13 10:22:53.263  2369  2369 D ViewRootImpl[StatusBar]: updatePointerIcon called with position out of bounds
06-13 10:22:54.259  7412  7412 D ViewRootImpl[PopupWindow:5298e4d]: updatePointerIcon called with position out of bounds
06-13 10:22:54.525  7412  7412 D ViewRootImpl[PopupWindow:5298e4d]: updatePointerIcon called with position out of bounds
06-13 10:23:05.495  2369  2369 D ViewRootImpl[StatusBar]: updatePointerIcon called with position out of bounds
06-13 10:23:19.397  2369  2369 D ViewRootImpl[StatusBar]: updatePointerIcon called with position out of bounds
06-13 10:23:25.235  7412  7412 W ViewRootImpl[AddFriendActivity]: Cancelling event due to no window focus: MotionEvent { action=ACTION_CANCEL, actionButton=0, id[0]=0, x[0]=784.3556, y[0]=430.48853, toolType[0]=TOOL_TYPE_MOUSE, buttonState=0, metaState=0, flags=0x0, edgeFlags=0x0, pointerCount=1, historySize=0, eventTime=5342359, downTime=5336523, deviceId=3, source=0x2002 }
06-13 10:23:25.235  7412  7412 I chatty  : uid=10081(com.alibaba.android.rimet) identical 12 lines
06-13 10:23:25.235  7412  7412 W ViewRootImpl[AddFriendActivity]: Cancelling event due to no window focus: MotionEvent { action=ACTION_CANCEL, actionButton=0, id[0]=0, x[0]=784.3556, y[0]=430.48853, toolType[0]=TOOL_TYPE_MOUSE, buttonState=0, metaState=0, flags=0x0, edgeFlags=0x0, pointerCount=1, historySize=0, eventTime=5342359, downTime=5336523, deviceId=3, source=0x2002 }
06-13 10:24:46.594  7412  7412 D ViewRootImpl[LocalContactActivity]: updatePointerIcon called with position out of bounds
06-13 10:24:46.959  7412  7412 D ViewRootImpl[LocalContactActivity]: updatePointerIcon called with position out of bounds
06-13 10:24:47.427  2369  2369 D ViewRootImpl[StatusBar]: updatePointerIcon called with position out of bounds
06-13 10:24:51.191  2369  2369 D ViewRootImpl[StatusBar]: updatePointerIcon called with position out of bounds
06-13 10:24:52.022  7412  7412 W ViewRootImpl[AddFriendActivity]: Cancelling event due to no window focus: MotionEvent { action=ACTION_CANCEL, actionButton=0, id[0]=0, x[0]=151.59991, y[0]=179.68198, toolType[0]=TOOL_TYPE_MOUSE, buttonState=0, metaState=0, flags=0x0, edgeFlags=0x0, pointerCount=1, historySize=0, eventTime=5429147, downTime=5428317, deviceId=3, source=0x2002 }
06-13 10:24:52.022  7412  7412 W ViewRootImpl[AddFriendActivity]: Cancelling event due to no window focus: MotionEvent { action=ACTION_CANCEL, actionButton=0, id[0]=0, x[0]=151.59991, y[0]=179.68198, toolType[0]=TOOL_TYPE_MOUSE, buttonState=0, metaState=0, flags=0x0, edgeFlags=0x0, pointerCount=1, historySize=0, eventTime=5429147, downTime=5428317, deviceId=3, source=0x2002 }
06-13 10:24:52.581  2369  2369 D ViewRootImpl[StatusBar]: updatePointerIcon called with position out of bounds
06-13 10:25:02.441  7412  7412 W ViewRootImpl[UserBusinessProfileActivity]: Cancelling event due to no window focus: KeyEvent { action=ACTION_UP, keyCode=KEYCODE_ENTER, scanCode=28, metaState=0, flags=0x80000028, repeatCount=0, eventTime=5439493, downTime=5439397, deviceId=8, source=0x101 }
06-13 10:25:02.441  7412  7412 W ViewRootImpl[UserBusinessProfileActivity]: Cancelling event due to no window focus: KeyEvent { action=ACTION_UP, keyCode=KEYCODE_ENTER, scanCode=28, metaState=0, flags=0x80000028, repeatCount=0, eventTime=5439493, downTime=5439397, deviceId=8, source=0x101 }
06-13 10:25:04.090  7412  7412 W ViewRootImpl[SearchMobileContactsActivity]: Cancelling event due to no window focus: MotionEvent { action=ACTION_CANCEL, actionButton=0, id[0]=0, x[0]=211.91705, y[0]=116.618195, toolType[0]=TOOL_TYPE_MOUSE, buttonState=0, metaState=0, flags=0x0, edgeFlags=0x0, pointerCount=1, historySize=0, eventTime=5441215, downTime=5429707, deviceId=3, source=0x2002 }
06-13 10:25:04.090  7412  7412 I chatty  : uid=10081(com.alibaba.android.rimet) identical 10 lines
06-13 10:25:04.090  7412  7412 W ViewRootImpl[SearchMobileContactsActivity]: Cancelling event due to no window focus: MotionEvent { action=ACTION_CANCEL, actionButton=0, id[0]=0, x[0]=211.91705, y[0]=116.618195, toolType[0]=TOOL_TYPE_MOUSE, buttonState=0, metaState=0, flags=0x0, edgeFlags=0x0, pointerCount=1, historySize=0, eventTime=5441215, downTime=5429707, deviceId=3, source=0x2002 }
06-13 10:25:05.671  2369  2369 D ViewRootImpl[StatusBar]: updatePointerIcon called with position out of bounds
06-13 10:25:10.983  2369  2369 D ViewRootImpl[StatusBar]: updatePointerIcon called with position out of bounds
06-13 10:25:13.923  2369  2369 D ViewRootImpl[StatusBar]: updatePointerIcon called with position out of bounds
06-13 10:25:17.487  2369  2369 D ViewRootImpl[StatusBar]: updatePointerIcon called with position out of bounds
06-13 10:25:17.671  7412  7412 D ViewRootImpl[PopupWindow:7b18a]: updatePointerIcon called with position out of bounds
06-13 10:25:17.808  7412  7412 D ViewRootImpl[PopupWindow:7b18a]: updatePointerIcon called with position out of bounds
06-13 10:25:18.801  2369  2369 D ViewRootImpl[StatusBar]: updatePointerIcon called with position out of bounds
06-13 10:25:18.940  7412  7412 D ViewRootImpl[PopupWindow:7b18a]: updatePointerIcon called after view was removed
06-13 10:25:18.940  7412  7412 W ViewRootImpl[PopupWindow:7b18a]: Dropping event due to root view being removed: MotionEvent { action=ACTION_HOVER_ENTER, actionButton=0, id[0]=0, x[0]=163.3147, y[0]=305.45496, toolType[0]=TOOL_TYPE_MOUSE, buttonState=0, metaState=0, flags=0x0, edgeFlags=0x0, pointerCount=1, historySize=0, eventTime=5456055, downTime=5455927, deviceId=3, source=0x2002 }
06-13 10:25:18.940  7412  7412 W ViewRootImpl[PopupWindow:7b18a]: Dropping event due to root view being removed: MotionEvent { action=ACTION_HOVER_MOVE, actionButton=0, id[0]=0, x[0]=163.3147, y[0]=305.45496, toolType[0]=TOOL_TYPE_MOUSE, buttonState=0, metaState=0, flags=0x0, edgeFlags=0x0, pointerCount=1, historySize=0, eventTime=5456055, downTime=5455927, deviceId=3, source=0x2002 }
06-13 10:25:22.565  2369  2369 D ViewRootImpl[StatusBar]: updatePointerIcon called with position out of bounds
06-13 10:25:22.698  2238  2249 I chatty  : uid=1000(system) Binder:2238_1 expire 3 lines
