01-06 05:30:26.192  2149  2170 W ActivityManager: getTasks: caller 10115 does not hold REAL_GET_TASKS; limiting output
01-06 05:30:27.195  2149  3044 W ActivityManager: getTasks: caller 10115 does not hold REAL_GET_TASKS; limiting output
01-06 05:30:28.198  2149  3044 W ActivityManager: getTasks: caller 10115 does not hold REAL_GET_TASKS; limiting output
01-06 05:30:28.823 14103 14103 W linker  : [vdso]: unused DT entry: type 0x6ffffef5 arg 0x160
01-06 05:30:29.200  2149  4763 W ActivityManager: getTasks: caller 10115 does not hold REAL_GET_TASKS; limiting output
01-06 05:30:30.203  2149  3042 W ActivityManager: getTasks: caller 10115 does not hold REAL_GET_TASKS; limiting output
01-06 05:30:30.862  2149  2209 W AudioTrack: AUDIO_OUTPUT_FLAG_FAST denied by client
01-06 05:30:30.865  2267  2267 W ResourceType: No package identifier when getting value for resource number 0x00000000
01-06 05:30:30.865  2267  2267 W PackageManager: Failure retrieving resources for jackpal.androidterm: Resource ID #0x0
01-06 05:30:30.867  2149  3044 I ActivityManager: START u0 {act=com.android.systemui.recents.SHOW_RECENTS flg=0x10804000 cmp=com.android.systemui/.recents.RecentsActivity} from uid 10000 on display 0
01-06 05:30:30.875  1876  2146 D audio_hw_primary: found out /dev/snd/pcmC0D0p
01-06 05:30:30.948  9354  9354 W IInputConnectionWrapper: showStatusIcon on inactive InputConnection
01-06 05:30:31.206  2149  2377 W ActivityManager: getTasks: caller 10115 does not hold REAL_GET_TASKS; limiting output
01-06 05:30:31.886  2267  2267 W ResourceType: No package identifier when getting value for resource number 0x00000000
01-06 05:30:31.886  2267  2267 W PackageManager: Failure retrieving resources for jackpal.androidterm: Resource ID #0x0
01-06 05:30:32.209  2149  4763 W ActivityManager: getTasks: caller 10115 does not hold REAL_GET_TASKS; limiting output
01-06 05:30:32.446  2149  2209 W AudioTrack: AUDIO_OUTPUT_FLAG_FAST denied by client
01-06 05:30:32.490 14110 14110 W linker  : [vdso]: unused DT entry: type 0x6ffffef5 arg 0x160
01-06 05:30:32.495 14111 14111 W linker  : [vdso]: unused DT entry: type 0x6ffffef5 arg 0x160
01-06 05:30:32.498 14116 14116 W linker  : [vdso]: unused DT entry: type 0x6ffffef5 arg 0x160
01-06 05:30:32.499 14117 14117 W linker  : [vdso]: unused DT entry: type 0x6ffffef5 arg 0x160
01-06 05:30:32.604 14119 14119 W linker  : [vdso]: unused DT entry: type 0x6ffffef5 arg 0x160
01-06 05:30:32.608 14120 14120 W linker  : [vdso]: unused DT entry: type 0x6ffffef5 arg 0x160
01-06 05:30:32.611 14121 14121 W linker  : [vdso]: unused DT entry: type 0x6ffffef5 arg 0x160
01-06 05:30:32.647 14122 14122 W linker  : [vdso]: unused DT entry: type 0x6ffffef5 arg 0x160
01-06 05:30:32.649 14123 14123 W linker  : [vdso]: unused DT entry: type 0x6ffffef5 arg 0x160
01-06 05:30:32.651 14124 14124 W linker  : [vdso]: unused DT entry: type 0x6ffffef5 arg 0x160
01-06 05:30:33.212  2149  2170 W ActivityManager: getTasks: caller 10115 does not hold REAL_GET_TASKS; limiting output
01-06 05:30:33.836 14126 14126 W linker  : [vdso]: unused DT entry: type 0x6ffffef5 arg 0x160
01-06 05:30:34.073  2149  2394 W ActivityManager: getRunningAppProcesses: caller 10121 does not hold REAL_GET_TASKS; limiting output
01-06 05:30:34.215  2149  2295 W ActivityManager: getTasks: caller 10115 does not hold REAL_GET_TASKS; limiting output
01-06 05:30:35.218  2149  2394 W ActivityManager: getTasks: caller 10115 does not hold REAL_GET_TASKS; limiting output
01-06 05:30:36.221  2149  2170 W ActivityManager: getTasks: caller 10115 does not hold REAL_GET_TASKS; limiting output
01-06 05:30:37.224  2149  3044 W ActivityManager: getTasks: caller 10115 does not hold REAL_GET_TASKS; limiting output
01-06 05:30:38.227  2149  2169 W ActivityManager: getTasks: caller 10115 does not hold REAL_GET_TASKS; limiting output
01-06 05:30:38.848 14127 14127 W linker  : [vdso]: unused DT entry: type 0x6ffffef5 arg 0x160
01-06 05:30:39.230  2149  2377 W ActivityManager: getTasks: caller 10115 does not hold REAL_GET_TASKS; limiting output
01-06 05:30:39.790  2149  2209 W AudioTrack: AUDIO_OUTPUT_FLAG_FAST denied by client
01-06 05:30:39.802  1876  2146 D audio_hw_primary: found out /dev/snd/pcmC0D0p
01-06 05:30:39.808  2149  3044 I ActivityManager: Start proc 14129:android.process.media/u0a6 for content provider com.android.providers.media/.MediaProvider
01-06 05:30:39.841 14129 14129 I ActivityThread: Switching default density from 160 to 240
01-06 05:30:39.851 14129 14129 E SQLiteLog: (283) recovered 2 frames from WAL file /data/user/0/com.android.providers.media/databases/external.db-wal
01-06 05:30:39.864 14129 14150 E SQLiteLog: (283) recovered 4 frames from WAL file /data/user/0/com.android.providers.media/databases/internal.db-wal
01-06 05:30:39.870  2149  3128 I ActivityManager: START u0 {act=android.intent.action.VIEW dat=file:///storage/usb0/CTS/test-APK/wandoujia-wandoujia_web.apk typ=application/vnd.android.package-archive cmp=com.android.packageinstaller/.PackageInstallerActivity} from uid 10027 on display 0
01-06 05:30:39.875  2149  3128 V WindowManager: addAppToken: AppWindowToken{ac9c82 token=Token{2a2ebbcd ActivityRecord{1471ed64 u0 com.android.packageinstaller/.PackageInstallerActivity t1079}}} to stack=1 task=1079 at 1
01-06 05:30:39.876  2149  2377 I ActivityManager: Killing 10322:com.estrongs.android.pop/u0a117 (adj 15): empty for 6708s
01-06 05:30:39.882  2149  2204 D WifiService: Client connection lost with reason: 4
01-06 05:30:39.913  3754  3754 W PackageParser: Unknown element under <application>: uses-sdk at /storage/usb0/CTS/test-APK/wandoujia-wandoujia_web.apk Binary XML file line #1784
01-06 05:30:39.979  3754  3754 I AppSecurityPermissions: Ignoring unknown permission:com.android.launcher.permission.CREATE_SHORTCUT
01-06 05:30:39.980  3754  3754 I AppSecurityPermissions: Ignoring unknown permission:com.android.launcher.permission.READ_SETTINGS
01-06 05:30:39.980  3754  3754 I AppSecurityPermissions: Ignoring unknown permission:com.android.launcher.permission.WRITE_SETTINGS
01-06 05:30:39.980  3754  3754 I AppSecurityPermissions: Ignoring unknown permission:org.adw.launcher.permission.READ_SETTINGS
01-06 05:30:39.980  3754  3754 I AppSecurityPermissions: Ignoring unknown permission:org.adw.launcher.permission.WRITE_SETTINGS
01-06 05:30:39.980  3754  3754 I AppSecurityPermissions: Ignoring unknown permission:com.qihoo360.launcher.permission.READ_SETTINGS
01-06 05:30:39.980  3754  3754 I AppSecurityPermissions: Ignoring unknown permission:com.qihoo360.launcher.permission.WRITE_SETTINGS
01-06 05:30:39.980  3754  3754 I AppSecurityPermissions: Ignoring unknown permission:com.lge.launcher.permission.READ_SETTINGS
01-06 05:30:39.980  3754  3754 I AppSecurityPermissions: Ignoring unknown permission:com.lge.launcher.permission.WRITE_SETTINGS
01-06 05:30:39.980  3754  3754 I AppSecurityPermissions: Ignoring unknown permission:net.qihoo.launcher.permission.READ_SETTINGS
01-06 05:30:39.980  3754  3754 I AppSecurityPermissions: Ignoring unknown permission:net.qihoo.launcher.permission.WRITE_SETTINGS
01-06 05:30:39.980  3754  3754 I AppSecurityPermissions: Ignoring unknown permission:org.adwfreak.launcher.permission.READ_SETTINGS
01-06 05:30:39.980  3754  3754 I AppSecurityPermissions: Ignoring unknown permission:org.adwfreak.launcher.permission.WRITE_SETTINGS
01-06 05:30:39.980  3754  3754 I AppSecurityPermissions: Ignoring unknown permission:com.huawei.launcher3.permission.READ_SETTINGS
01-06 05:30:39.980  3754  3754 I AppSecurityPermissions: Ignoring unknown permission:com.huawei.launcher3.permission.WRITE_SETTINGS
01-06 05:30:39.980  3754  3754 I AppSecurityPermissions: Ignoring unknown permission:com.fede.launcher.permission.READ_SETTINGS
01-06 05:30:39.980  3754  3754 I AppSecurityPermissions: Ignoring unknown permission:com.fede.launcher.permission.WRITE_SETTINGS
01-06 05:30:39.980  3754  3754 I AppSecurityPermissions: Ignoring unknown permission:com.sec.android.app.twlauncher.settings.READ_SETTINGS
01-06 05:30:39.980  3754  3754 I AppSecurityPermissions: Ignoring unknown permission:com.sec.android.app.twlauncher.settings.WRITE_SETTINGS
01-06 05:30:39.980  3754  3754 I AppSecurityPermissions: Ignoring unknown permission:com.anddoes.launcher.permission.READ_SETTINGS
01-06 05:30:39.981  3754  3754 I AppSecurityPermissions: Ignoring unknown permission:com.anddoes.launcher.permission.WRITE_SETTINGS
01-06 05:30:39.981  3754  3754 I AppSecurityPermissions: Ignoring unknown permission:com.lenovo.launcher.permission.READ_SETTINGS
01-06 05:30:39.981  3754  3754 I AppSecurityPermissions: Ignoring unknown permission:com.lenovo.launcher.permission.WRITE_SETTINGS
01-06 05:30:39.981  3754  3754 I AppSecurityPermissions: Ignoring unknown permission:com.google.android.launcher.permission.READ_SETTINGS
01-06 05:30:39.981  3754  3754 I AppSecurityPermissions: Ignoring unknown permission:com.google.android.launcher.permission.WRITE_SETTINGS
01-06 05:30:39.981  3754  3754 I AppSecurityPermissions: Ignoring unknown permission:com.oppo.launcher.permission.WRITE_SETTINGS
01-06 05:30:39.981  3754  3754 I AppSecurityPermissions: Ignoring unknown permission:com.oppo.launcher.permission.READ_SETTINGS
01-06 05:30:39.981  3754  3754 I AppSecurityPermissions: Ignoring unknown permission:com.yulong.android.launcher3.permission.WRITE_SETTINGS
01-06 05:30:39.981  3754  3754 I AppSecurityPermissions: Ignoring unknown permission:com.yulong.android.launcher3.permission.READ_SETTINGS
01-06 05:30:39.981  3754  3754 I AppSecurityPermissions: Ignoring unknown permission:com.huawei.android.launcher.permission.READ_SETTINGS
01-06 05:30:39.981  3754  3754 I AppSecurityPermissions: Ignoring unknown permission:com.huawei.android.launcher.permission.WRITE_SETTINGS
01-06 05:30:39.981  3754  3754 I AppSecurityPermissions: Ignoring unknown permission:com.htc.launcher.permission.READ_SETTINGS
01-06 05:30:39.981  3754  3754 I AppSecurityPermissions: Ignoring unknown permission:com.htc.launcher.permission.WRITE_SETTINGS
01-06 05:30:39.981  3754  3754 I AppSecurityPermissions: Ignoring unknown permission:com.bbk.launcher2.permission.READ_SETTINGS
01-06 05:30:39.981  3754  3754 I AppSecurityPermissions: Ignoring unknown permission:com.bbk.launcher2.permission.WRITE_SETTINGS
01-06 05:30:39.981  3754  3754 I AppSecurityPermissions: Ignoring unknown permission:android.permission.ACCESS_DRM
01-06 05:30:39.981  3754  3754 I AppSecurityPermissions: Ignoring unknown permission:android.permission.INSTALL_DRM
01-06 05:30:39.981  3754  3754 I AppSecurityPermissions: Ignoring unknown permission:com.google.android.providers.gsf.permission.READ_GSERVICES
01-06 05:30:39.981  3754  3754 I AppSecurityPermissions: Ignoring unknown permission:rs.permission.MDM_SERVICE
01-06 05:30:39.981  3754  3754 I AppSecurityPermissions: Ignoring unknown permission:com.ut.permission.DEVICE_STATE
01-06 05:30:39.981  3754  3754 I AppSecurityPermissions: Ignoring unknown permission:android.permission.READ_SETTINGS
01-06 05:30:39.982  3754  3754 I AppSecurityPermissions: Ignoring unknown permission:ANDROID.PERMISSION.INTERNET
01-06 05:30:39.994  2149  2377 V WindowManager: Adding window Window{3f127bd0 u0 com.android.packageinstaller/com.android.packageinstaller.PackageInstallerActivity} at 6 of 11 (after Window{79b689 u0 com.cyanogenmod.filemanager/com.cyanogenmod.filemanager.activities.NavigationActivity})
01-06 05:30:40.048  2149  2180 I ActivityManager: Displayed com.android.packageinstaller/.PackageInstallerActivity: +164ms
01-06 05:30:40.234  2149  2394 W ActivityManager: getTasks: caller 10115 does not hold REAL_GET_TASKS; limiting output
01-06 05:30:41.238  2149  2394 W ActivityManager: getTasks: caller 10115 does not hold REAL_GET_TASKS; limiting output
01-06 05:30:41.510  2149  2209 W AudioTrack: AUDIO_OUTPUT_FLAG_FAST denied by client
01-06 05:30:42.214  2149  2209 W AudioTrack: AUDIO_OUTPUT_FLAG_FAST denied by client
01-06 05:30:42.241  2149  2170 W ActivityManager: getTasks: caller 10115 does not hold REAL_GET_TASKS; limiting output
01-06 05:30:42.814  2149  2209 W AudioTrack: AUDIO_OUTPUT_FLAG_FAST denied by client
01-06 05:30:43.244  2149  3044 W ActivityManager: getTasks: caller 10115 does not hold REAL_GET_TASKS; limiting output
01-06 05:30:43.352  2149  8057 W ActivityManager: getRunningAppProcesses: caller 10120 does not hold REAL_GET_TASKS; limiting output
01-06 05:30:43.548  2149  2377 I ActivityManager: START u0 {dat=file:///storage/usb0/CTS/test-APK/wandoujia-wandoujia_web.apk cmp=com.android.packageinstaller/.InstallAppProgress (has extras)} from uid 10045 on display 0
01-06 05:30:43.548  2149  2209 W AudioTrack: AUDIO_OUTPUT_FLAG_FAST denied by client
01-06 05:30:43.549  2149  2377 V WindowManager: addAppToken: AppWindowToken{15b49785 token=Token{38eb84fc ActivityRecord{69271ef u0 com.android.packageinstaller/.InstallAppProgress t1079}}} to stack=1 task=1079 at 2
01-06 05:30:43.592  2149  2170 V WindowManager: Adding window Window{25f519a6 u0 com.android.packageinstaller/com.android.packageinstaller.InstallAppProgress} at 7 of 12 (after Window{3f127bd0 u0 com.android.packageinstaller/com.android.packageinstaller.PackageInstallerActivity})
01-06 05:30:43.630  2149  2180 I ActivityManager: Displayed com.android.packageinstaller/.InstallAppProgress: +66ms
01-06 05:30:43.659  3754  3777 D OpenGLRenderer: endAllStagingAnimators on 0x7f3152c18400 (RippleDrawable) with handle 0x7f313f84b920
01-06 05:30:43.860 14164 14164 W linker  : [vdso]: unused DT entry: type 0x6ffffef5 arg 0x160
01-06 05:30:43.968  3816  4881 D DefContainer: Copying /storage/usb0/CTS/test-APK/wandoujia-wandoujia_web.apk to base.apk
01-06 05:30:44.247  2149  8057 W ActivityManager: getTasks: caller 10115 does not hold REAL_GET_TASKS; limiting output
01-06 05:30:44.261  2149  2184 W PackageParser: Unknown element under <application>: uses-sdk at /data/app/vmdl1261793922.tmp/base.apk Binary XML file line #1784
01-06 05:30:44.447  2149  2184 D PackageManager: Renaming /data/app/vmdl1261793922.tmp to /data/app/com.wandoujia.phoenix2-1
01-06 05:30:44.507  2149  2184 I PackageManager: Running dexopt on: /data/app/com.wandoujia.phoenix2-1/base.apk pkg=com.wandoujia.phoenix2 isa=x86 vmSafeMode=false
01-06 05:30:44.510 14165 14165 W linker  : [vdso]: unused DT entry: type 0x6ffffef5 arg 0xec
01-06 05:30:44.511 14165 14165 E cutils-trace: Error opening trace file: Permission denied (13)
01-06 05:30:44.511 14165 14165 I dex2oat : /system/bin/dex2oat --zip-fd=5 --zip-location=/data/app/com.wandoujia.phoenix2-1/base.apk --oat-fd=6 --oat-location=/data/dalvik-cache/x86/data@app@com.wandoujia.phoenix2-1@base.apk@classes.dex --instruction-set=x86 --instruction-set-features=default --runtime-arg -Xms64m --runtime-arg -Xmx512m --compiler-filter=interpret-only --swap-fd=7
01-06 05:30:44.642 14165 14165 I dex2oat : Decided to run without swap.
01-06 05:30:45.227 14165 14165 I dex2oat : dex2oat took 716.135ms (threads: 8) arena alloc=0B java alloc=18MB native alloc=1277KB free=10MB
01-06 05:30:45.234  2149  2184 W PackageManager: Package com.wandoujia.phoenix2 has activity com.alipay.android.mini.window.sdk.MiniPayActivity with priority > 0, forcing to 0
01-06 05:30:45.320  2149  2184 W PackageManager: Not granting permission android.permission.READ_LOGS to package com.wandoujia.phoenix2 (protectionLevel=50 flags=0x18be44)
01-06 05:30:45.320  2149  2184 W PackageManager: Unknown permission com.android.launcher.permission.CREATE_SHORTCUT in package com.wandoujia.phoenix2
01-06 05:30:45.320  2149  2184 W PackageManager: Unknown permission com.android.launcher.permission.READ_SETTINGS in package com.wandoujia.phoenix2
01-06 05:30:45.320  2149  2184 W PackageManager: Unknown permission com.android.launcher.permission.WRITE_SETTINGS in package com.wandoujia.phoenix2
01-06 05:30:45.320  2149  2184 W PackageManager: Not granting permission com.android.launcher3.permission.WRITE_SETTINGS to package com.wandoujia.phoenix2 (protectionLevel=18 flags=0x18be44)
01-06 05:30:45.320  2149  2184 W PackageManager: Unknown permission org.adw.launcher.permission.READ_SETTINGS in package com.wandoujia.phoenix2
01-06 05:30:45.320  2149  2184 W PackageManager: Unknown permission org.adw.launcher.permission.WRITE_SETTINGS in package com.wandoujia.phoenix2
01-06 05:30:45.320  2149  2184 W PackageManager: Unknown permission com.qihoo360.launcher.permission.READ_SETTINGS in package com.wandoujia.phoenix2
01-06 05:30:45.320  2149  2184 W PackageManager: Unknown permission com.qihoo360.launcher.permission.WRITE_SETTINGS in package com.wandoujia.phoenix2
01-06 05:30:45.320  2149  2184 W PackageManager: Unknown permission com.lge.launcher.permission.READ_SETTINGS in package com.wandoujia.phoenix2
01-06 05:30:45.320  2149  2184 W PackageManager: Unknown permission com.lge.launcher.permission.WRITE_SETTINGS in package com.wandoujia.phoenix2
01-06 05:30:45.320  2149  2184 W PackageManager: Unknown permission net.qihoo.launcher.permission.READ_SETTINGS in package com.wandoujia.phoenix2
01-06 05:30:45.320  2149  2184 W PackageManager: Unknown permission net.qihoo.launcher.permission.WRITE_SETTINGS in package com.wandoujia.phoenix2
01-06 05:30:45.320  2149  2184 W PackageManager: Unknown permission org.adwfreak.launcher.permission.READ_SETTINGS in package com.wandoujia.phoenix2
01-06 05:30:45.320  2149  2184 W PackageManager: Unknown permission org.adwfreak.launcher.permission.WRITE_SETTINGS in package com.wandoujia.phoenix2
01-06 05:30:45.320  2149  2184 W PackageManager: Unknown permission com.huawei.launcher3.permission.READ_SETTINGS in package com.wandoujia.phoenix2
01-06 05:30:45.320  2149  2184 W PackageManager: Unknown permission com.huawei.launcher3.permission.WRITE_SETTINGS in package com.wandoujia.phoenix2
01-06 05:30:45.320  2149  2184 W PackageManager: Unknown permission com.fede.launcher.permission.READ_SETTINGS in package com.wandoujia.phoenix2
01-06 05:30:45.320  2149  2184 W PackageManager: Unknown permission com.fede.launcher.permission.WRITE_SETTINGS in package com.wandoujia.phoenix2
01-06 05:30:45.320  2149  2184 W PackageManager: Unknown permission com.sec.android.app.twlauncher.settings.READ_SETTINGS in package com.wandoujia.phoenix2
01-06 05:30:45.320  2149  2184 W PackageManager: Unknown permission com.sec.android.app.twlauncher.settings.WRITE_SETTINGS in package com.wandoujia.phoenix2
01-06 05:30:45.320  2149  2184 W PackageManager: Unknown permission com.anddoes.launcher.permission.READ_SETTINGS in package com.wandoujia.phoenix2
01-06 05:30:45.320  2149  2184 W PackageManager: Unknown permission com.anddoes.launcher.permission.WRITE_SETTINGS in package com.wandoujia.phoenix2
01-06 05:30:45.320  2149  2184 W PackageManager: Unknown permission com.lenovo.launcher.permission.READ_SETTINGS in package com.wandoujia.phoenix2
01-06 05:30:45.320  2149  2184 W PackageManager: Unknown permission com.lenovo.launcher.permission.WRITE_SETTINGS in package com.wandoujia.phoenix2
01-06 05:30:45.320  2149  2184 W PackageManager: Unknown permission com.google.android.launcher.permission.READ_SETTINGS in package com.wandoujia.phoenix2
01-06 05:30:45.320  2149  2184 W PackageManager: Unknown permission com.google.android.launcher.permission.WRITE_SETTINGS in package com.wandoujia.phoenix2
01-06 05:30:45.320  2149  2184 W PackageManager: Unknown permission com.oppo.launcher.permission.WRITE_SETTINGS in package com.wandoujia.phoenix2
01-06 05:30:45.320  2149  2184 W PackageManager: Unknown permission com.oppo.launcher.permission.READ_SETTINGS in package com.wandoujia.phoenix2
01-06 05:30:45.320  2149  2184 W PackageManager: Unknown permission com.yulong.android.launcher3.permission.WRITE_SETTINGS in package com.wandoujia.phoenix2
01-06 05:30:45.320  2149  2184 W PackageManager: Unknown permission com.yulong.android.launcher3.permission.READ_SETTINGS in package com.wandoujia.phoenix2
01-06 05:30:45.320  2149  2184 W PackageManager: Unknown permission com.huawei.android.launcher.permission.READ_SETTINGS in package com.wandoujia.phoenix2
01-06 05:30:45.320  2149  2184 W PackageManager: Unknown permission com.huawei.android.launcher.permission.WRITE_SETTINGS in package com.wandoujia.phoenix2
01-06 05:30:45.320  2149  2184 W PackageManager: Unknown permission com.htc.launcher.permission.READ_SETTINGS in package com.wandoujia.phoenix2
01-06 05:30:45.320  2149  2184 W PackageManager: Unknown permission com.htc.launcher.permission.WRITE_SETTINGS in package com.wandoujia.phoenix2
01-06 05:30:45.320  2149  2184 W PackageManager: Unknown permission com.bbk.launcher2.permission.READ_SETTINGS in package com.wandoujia.phoenix2
01-06 05:30:45.320  2149  2184 W PackageManager: Unknown permission com.bbk.launcher2.permission.WRITE_SETTINGS in package com.wandoujia.phoenix2
01-06 05:30:45.320  2149  2184 W PackageManager: Not granting permission android.permission.MOUNT_UNMOUNT_FILESYSTEMS to package com.wandoujia.phoenix2 (protectionLevel=18 flags=0x18be44)
01-06 05:30:45.320  2149  2184 W PackageManager: Unknown permission android.permission.ACCESS_DRM in package com.wandoujia.phoenix2
01-06 05:30:45.320  2149  2184 W PackageManager: Unknown permission android.permission.INSTALL_DRM in package com.wandoujia.phoenix2
01-06 05:30:45.320  2149  2184 W PackageManager: Not granting permission android.permission.BIND_ACCESSIBILITY_SERVICE to package com.wandoujia.phoenix2 (protectionLevel=2 flags=0x18be44)
01-06 05:30:45.320  2149  2184 W PackageManager: Unknown permission com.google.android.providers.gsf.permission.READ_GSERVICES in package com.wandoujia.phoenix2
01-06 05:30:45.320  2149  2184 W PackageManager: Unknown permission rs.permission.MDM_SERVICE in package com.wandoujia.phoenix2
01-06 05:30:45.320  2149  2184 W PackageManager: Unknown permission com.ut.permission.DEVICE_STATE in package com.wandoujia.phoenix2
01-06 05:30:45.320  2149  2184 W PackageManager: Unknown permission android.permission.READ_SETTINGS in package com.wandoujia.phoenix2
01-06 05:30:45.320  2149  2184 W PackageManager: Unknown permission ANDROID.PERMISSION.INTERNET in package com.wandoujia.phoenix2
01-06 05:30:45.412  2149  4763 W ActivityManager: getTasks: caller 10115 does not hold REAL_GET_TASKS; limiting output
01-06 05:30:45.413  2149  2184 V BackupManagerService: restoreAtInstall pkg=com.wandoujia.phoenix2 token=d restoreSet=0
01-06 05:30:45.413  2149  2184 V BackupManagerService: Finishing install immediately
01-06 05:30:45.414  2149  2184 W Settings: Setting install_non_market_apps has moved from android.provider.Settings.Global to android.provider.Settings.Secure, returning read-only value.
01-06 05:30:45.416  9248  9248 I plugin  : com.wandoujia.phoenix2 install
01-06 05:30:45.418  2149  2191 I InputReader: Reconfiguring input devices.  changes=0x00000010
01-06 05:30:45.446 14175 14175 D houdini : [14175] Initialize library(version: 5.2.2_y.47738 RELEASE)... successfully.
01-06 05:30:45.449  2149  2175 I ActivityManager: Start proc 14175:com.kiloo.subwaysurf:dservice_v1/u0a115 for broadcast com.kiloo.subwaysurf/cn.play.dserv.DsReceiver
01-06 05:30:45.461 14175 14175 I ActivityThread: Switching default density from 160 to 240
01-06 05:30:45.461  2149  2184 I art     : Explicit concurrent mark sweep GC freed 86065(4MB) AllocSpace objects, 11(4MB) LOS objects, 33% free, 15MB/22MB, paused 705us total 47.325ms
01-06 05:30:45.464 14175 14175 D SkynetApi: onApplicationCreate
01-06 05:30:45.464 14175 14175 W System.err: java.lang.ClassNotFoundException: com.skynet.android.uc.UC
01-06 05:30:45.464 14175 14175 W System.err: 	at java.lang.Class.classForName(Native Method)
01-06 05:30:45.464 14175 14175 W System.err: 	at java.lang.Class.forName(Class.java:309)
01-06 05:30:45.464 14175 14175 W System.err: 	at java.lang.Class.forName(Class.java:273)
01-06 05:30:45.464 14175 14175 W System.err: 	at com.skynet.android.Skynet.invoke(SourceFile:4209)
01-06 05:30:45.464 14175 14175 W System.err: 	at com.skynet.android.Skynet.onApplicationCreate(SourceFile:3691)
01-06 05:30:45.464 14175 14175 W System.err: 	at com.kiloo.subwaysurf.BaiDuApplication.onCreate(BaiDuApplication.java:11)
01-06 05:30:45.464 14175 14175 W System.err: 	at android.app.Instrumentation.callApplicationOnCreate(Instrumentation.java:1012)
01-06 05:30:45.464 14175 14175 W System.err: 	at android.app.ActivityThread.handleBindApplication(ActivityThread.java:4553)
01-06 05:30:45.464 14175 14175 W System.err: 	at android.app.ActivityThread.access$1500(ActivityThread.java:151)
01-06 05:30:45.464 14175 14175 W System.err: 	at android.app.ActivityThread$H.handleMessage(ActivityThread.java:1364)
01-06 05:30:45.464 14175 14175 W System.err: 	at android.os.Handler.dispatchMessage(Handler.java:102)
01-06 05:30:45.464 14175 14175 W System.err: 	at android.os.Looper.loop(Looper.java:135)
01-06 05:30:45.464 14175 14175 W System.err: 	at android.app.ActivityThread.main(ActivityThread.java:5254)
01-06 05:30:45.464 14175 14175 W System.err: 	at java.lang.reflect.Method.invoke(Native Method)
01-06 05:30:45.464 14175 14175 W System.err: 	at java.lang.reflect.Method.invoke(Method.java:372)
01-06 05:30:45.464 14175 14175 W System.err: 	at com.android.internal.os.ZygoteInit$MethodAndArgsCaller.run(ZygoteInit.java:903)
01-06 05:30:45.464 14175 14175 W System.err: 	at com.android.internal.os.ZygoteInit.main(ZygoteInit.java:698)
01-06 05:30:45.464 14175 14175 W System.err: Caused by: java.lang.ClassNotFoundException: Didn't find class "com.skynet.android.uc.UC" on path: DexPathList[[zip file "/data/app/com.kiloo.subwaysurf-1/base.apk"],nativeLibraryDirectories=[/data/app/com.kiloo.subwaysurf-1/lib/arm, /vendor/lib, /system/lib]]
01-06 05:30:45.464 14175 14175 W System.err: 	at dalvik.system.BaseDexClassLoader.findClass(BaseDexClassLoader.java:56)
01-06 05:30:45.464 14175 14175 W System.err: 	at java.lang.ClassLoader.loadClass(ClassLoader.java:511)
01-06 05:30:45.464 14175 14175 W System.err: 	at java.lang.ClassLoader.loadClass(ClassLoader.java:469)
01-06 05:30:45.464 14175 14175 W System.err: 	... 17 more
01-06 05:30:45.464 14175 14175 W System.err: 	Suppressed: java.lang.ClassNotFoundException: com.skynet.android.uc.UC
01-06 05:30:45.464 14175 14175 W System.err: 		at java.lang.Class.classForName(Native Method)
01-06 05:30:45.464 14175 14175 W System.err: 		at java.lang.BootClassLoader.findClass(ClassLoader.java:781)
01-06 05:30:45.464 14175 14175 W System.err: 		at java.lang.BootClassLoader.loadClass(ClassLoader.java:841)
01-06 05:30:45.464 14175 14175 W System.err: 		at java.lang.ClassLoader.loadClass(ClassLoader.java:504)
01-06 05:30:45.464 14175 14175 W System.err: 		... 18 more
01-06 05:30:45.464 14175 14175 W System.err: 	Caused by: java.lang.NoClassDefFoundError: Class not found using the boot class loader; no stack available
01-06 05:30:45.465 14175 14175 W System.err: java.lang.ClassNotFoundException: com.gionee.game.offlinesdk.GamePlatform
01-06 05:30:45.465 14175 14175 W System.err: 	at java.lang.Class.classForName(Native Method)
01-06 05:30:45.465 14175 14175 W System.err: 	at java.lang.Class.forName(Class.java:309)
01-06 05:30:45.465 14175 14175 W System.err: 	at com.skynet.android.amigo.Amigo.isEnable(SourceFile:27)
01-06 05:30:45.465 14175 14175 W System.err: 	at com.skynet.android.amigo.Amigo.onApplicationCreate(SourceFile:17)
01-06 05:30:45.465 14175 14175 W System.err: 	at java.lang.reflect.Method.invoke(Native Method)
01-06 05:30:45.465 14175 14175 W System.err: 	at java.lang.reflect.Method.invoke(Method.java:372)
01-06 05:30:45.465 14175 14175 W System.err: 	at com.skynet.android.Skynet.invoke(SourceFile:4217)
01-06 05:30:45.465 14175 14175 W System.err: 	at com.skynet.android.Skynet.onApplicationCreate(SourceFile:3693)
01-06 05:30:45.465 14175 14175 W System.err: 	at com.kiloo.subwaysurf.BaiDuApplication.onCreate(BaiDuApplication.java:11)
01-06 05:30:45.465 14175 14175 W System.err: 	at android.app.Instrumentation.callApplicationOnCreate(Instrumentation.java:1012)
01-06 05:30:45.465 14175 14175 W System.err: 	at android.app.ActivityThread.handleBindApplication(ActivityThread.java:4553)
01-06 05:30:45.465 14175 14175 W System.err: 	at android.app.ActivityThread.access$1500(ActivityThread.java:151)
01-06 05:30:45.465 14175 14175 W System.err: 	at android.app.ActivityThread$H.handleMessage(ActivityThread.java:1364)
01-06 05:30:45.465 14175 14175 W System.err: 	at android.os.Handler.dispatchMessage(Handler.java:102)
01-06 05:30:45.465 14175 14175 W System.err: 	at android.os.Looper.loop(Looper.java:135)
01-06 05:30:45.465 14175 14175 W System.err: 	at android.app.ActivityThread.main(ActivityThread.java:5254)
01-06 05:30:45.465 14175 14175 W System.err: 	at java.lang.reflect.Method.invoke(Native Method)
01-06 05:30:45.465 14175 14175 W System.err: 	at java.lang.reflect.Method.invoke(Method.java:372)
01-06 05:30:45.465 14175 14175 W System.err: 	at com.android.internal.os.ZygoteInit$MethodAndArgsCaller.run(ZygoteInit.java:903)
01-06 05:30:45.465 14175 14175 W System.err: 	at com.android.internal.os.ZygoteInit.main(ZygoteInit.java:698)
01-06 05:30:45.465 14175 14175 W System.err: Caused by: java.lang.ClassNotFoundException: Didn't find class "com.gionee.game.offlinesdk.GamePlatform" on path: DexPathList[[zip file "/data/app/com.kiloo.subwaysurf-1/base.apk"],nativeLibraryDirectories=[/data/app/com.kiloo.subwaysurf-1/lib/arm, /vendor/lib, /system/lib]]
01-06 05:30:45.465 14175 14175 W System.err: 	at dalvik.system.BaseDexClassLoader.findClass(BaseDexClassLoader.java:56)
01-06 05:30:45.465 14175 14175 W System.err: 	at java.lang.ClassLoader.loadClass(ClassLoader.java:511)
01-06 05:30:45.465 14175 14175 W System.err: 	at java.lang.ClassLoader.loadClass(ClassLoader.java:469)
01-06 05:30:45.465 14175 14175 W System.err: 	... 20 more
01-06 05:30:45.465 14175 14175 W System.err: 	Suppressed: java.lang.ClassNotFoundException: com.gionee.game.offlinesdk.GamePlatform
01-06 05:30:45.465 14175 14175 W System.err: 		at java.lang.Class.classForName(Native Method)
01-06 05:30:45.465 14175 14175 W System.err: 		at java.lang.BootClassLoader.findClass(ClassLoader.java:781)
01-06 05:30:45.466 14175 14175 W System.err: 		at java.lang.BootClassLoader.loadClass(ClassLoader.java:841)
01-06 05:30:45.466 14175 14175 W System.err: 		at java.lang.ClassLoader.loadClass(ClassLoader.java:504)
01-06 05:30:45.466 14175 14175 W System.err: 		... 21 more
01-06 05:30:45.466 14175 14175 W System.err: 	Caused by: java.lang.NoClassDefFoundError: Class not found using the boot class loader; no stack available
01-06 05:30:45.466  2149  4763 W ActivityManager: getRunningAppProcesses: caller 10115 does not hold REAL_GET_TASKS; limiting output
01-06 05:30:45.471 14175 14175 D houdini : [14175] Added shared library /data/app/com.kiloo.subwaysurf-1/lib/arm/libdserv.so for ClassLoader by Native Bridge.
01-06 05:30:45.475 14175 14175 F art     : art/runtime/check_jni.cc:65] JNI DETECTED ERROR IN APPLICATION: GetStringUTFChars received null jstring
01-06 05:30:45.475 14175 14175 F art     : art/runtime/check_jni.cc:65]     in call to GetStringUTFChars
01-06 05:30:45.475 14175 14175 F art     : art/runtime/check_jni.cc:65]     from java.lang.String cn.play.dserv.CheckTool.Cd(android.content.Context)
01-06 05:30:45.475 14175 14175 F art     : art/runtime/check_jni.cc:65] "main" prio=5 tid=1 Runnable
01-06 05:30:45.475 14175 14175 F art     : art/runtime/check_jni.cc:65]   | group="main" sCount=0 dsCount=0 obj=0x73bb3f10 self=0xf3c25800
01-06 05:30:45.475 14175 14175 F art     : art/runtime/check_jni.cc:65]   | sysTid=14175 nice=0 cgrp=default sched=3/0 handle=0xf77ceea0
01-06 05:30:45.475 14175 14175 F art     : art/runtime/check_jni.cc:65]   | state=R schedstat=( 18689423 99592 45 ) utm=1 stm=0 core=7 HZ=100
01-06 05:30:45.475 14175 14175 F art     : art/runtime/check_jni.cc:65]   | stack=0xff3c2000-0xff3c4000 stackSize=8MB
01-06 05:30:45.475 14175 14175 F art     : art/runtime/check_jni.cc:65]   | held mutexes= "mutator lock"(shared held)
01-06 05:30:45.475 14175 14175 F art     : art/runtime/check_jni.cc:65]   native: #00 pc 000063eb  /android/system/lib/libbacktrace_libc++.so (???)
01-06 05:30:45.475 14175 14175 F art     : art/runtime/check_jni.cc:65]   native: #01 pc 00002f31  /android/system/lib/libbacktrace_libc++.so (???)
01-06 05:30:45.475 14175 14175 F art     : art/runtime/check_jni.cc:65]   native: #02 pc 00427dda  /android/system/lib/libart.so (???)
01-06 05:30:45.475 14175 14175 F art     : art/runtime/check_jni.cc:65]   native: #03 pc 003e3967  /android/system/lib/libart.so (???)
01-06 05:30:45.475 14175 14175 F art     : art/runtime/check_jni.cc:65]   native: #04 pc 000f9454  /android/system/lib/libart.so (???)
01-06 05:30:45.475 14175 14175 F art     : art/runtime/check_jni.cc:65]   native: #05 pc 000f9fa2  /android/system/lib/libart.so (???)
01-06 05:30:45.475 14175 14175 F art     : art/runtime/check_jni.cc:65]   native: #06 pc 000fd550  /android/system/lib/libart.so (???)
01-06 05:30:45.475 14175 14175 F art     : art/runtime/check_jni.cc:65]   native: #07 pc 000fe5a0  /android/system/lib/libart.so (???)
01-06 05:30:45.475 14175 14175 F art     : art/runtime/check_jni.cc:65]   native: #08 pc 00104b91  /android/system/lib/libart.so (???)
01-06 05:30:45.475 14175 14175 F art     : art/runtime/check_jni.cc:65]   native: #09 pc 0022e19a  /system/lib/arm/libhoudini.so (???)
01-06 05:30:45.475 14175 14175 F art     : art/runtime/check_jni.cc:65]   native: #10 pc 0021e884  /system/lib/arm/libhoudini.so (???)
01-06 05:30:45.475 14175 14175 F art     : art/runtime/check_jni.cc:65]   native: #11 pc 0026a004  /system/lib/arm/libhoudini.so (???)
01-06 05:30:45.475 14175 14175 F art     : art/runtime/check_jni.cc:65]   native: #12 pc 007fb4c7  [stack] (???)
01-06 05:30:45.475 14175 14175 F art     : art/runtime/check_jni.cc:65]   at cn.play.dserv.CheckTool.Cd(Native method)
01-06 05:30:45.475 14175 14175 F art     : art/runtime/check_jni.cc:65]   at cn.play.dserv.DsReceiver.onReceive(unavailable:-1)
01-06 05:30:45.475 14175 14175 F art     : art/runtime/check_jni.cc:65]   at android.app.ActivityThread.handleReceiver(ActivityThread.java:2609)
01-06 05:30:45.475 14175 14175 F art     : art/runtime/check_jni.cc:65]   at android.app.ActivityThread.access$1700(ActivityThread.java:151)
01-06 05:30:45.475 14175 14175 F art     : art/runtime/check_jni.cc:65]   at android.app.ActivityThread$H.handleMessage(ActivityThread.java:1380)
01-06 05:30:45.475 14175 14175 F art     : art/runtime/check_jni.cc:65]   at android.os.Handler.dispatchMessage(Handler.java:102)
01-06 05:30:45.475 14175 14175 F art     : art/runtime/check_jni.cc:65]   at android.os.Looper.loop(Looper.java:135)
01-06 05:30:45.475 14175 14175 F art     : art/runtime/check_jni.cc:65]   at android.app.ActivityThread.main(ActivityThread.java:5254)
01-06 05:30:45.475 14175 14175 F art     : art/runtime/check_jni.cc:65]   at java.lang.reflect.Method.invoke!(Native method)
01-06 05:30:45.475 14175 14175 F art     : art/runtime/check_jni.cc:65]   at java.lang.reflect.Method.invoke(Method.java:372)
01-06 05:30:45.475 14175 14175 F art     : art/runtime/check_jni.cc:65]   at com.android.internal.os.ZygoteInit$MethodAndArgsCaller.run(ZygoteInit.java:903)
01-06 05:30:45.475 14175 14175 F art     : art/runtime/check_jni.cc:65]   at com.android.internal.os.ZygoteInit.main(ZygoteInit.java:698)
01-06 05:30:45.475 14175 14175 F art     : art/runtime/check_jni.cc:65] 
01-06 05:30:45.477  2149  2174 W VoiceInteractionManagerService: no available voice recognition services found for user 0
01-06 05:30:45.507  2349  2349 I Launcher: Deferring update until onResume
01-06 05:30:45.509 14175 14175 F art     : art/runtime/runtime.cc:289] Runtime aborting...
01-06 05:30:45.509 14175 14175 F art     : art/runtime/runtime.cc:289] Aborting thread:
01-06 05:30:45.509 14175 14175 F art     : art/runtime/runtime.cc:289] "main" prio=5 tid=1 Native
01-06 05:30:45.509 14175 14175 F art     : art/runtime/runtime.cc:289]   | group="" sCount=0 dsCount=0 obj=0x73bb3f10 self=0xf3c25800
01-06 05:30:45.509 14175 14175 F art     : art/runtime/runtime.cc:289]   | sysTid=14175 nice=0 cgrp=default sched=3/0 handle=0xf77ceea0
01-06 05:30:45.509 14175 14175 F art     : art/runtime/runtime.cc:289]   | state=R schedstat=( 20859530 99592 45 ) utm=1 stm=0 core=7 HZ=100
01-06 05:30:45.509 14175 14175 F art     : art/runtime/runtime.cc:289]   | stack=0xff3c2000-0xff3c4000 stackSize=8MB
01-06 05:30:45.509 14175 14175 F art     : art/runtime/runtime.cc:289]   | held mutexes= "abort lock" "mutator lock"(shared held)
01-06 05:30:45.509 14175 14175 F art     : art/runtime/runtime.cc:289]   native: #00 pc 000063eb  /android/system/lib/libbacktrace_libc++.so (???)
01-06 05:30:45.509 14175 14175 F art     : art/runtime/runtime.cc:289]   native: #01 pc 00002f31  /android/system/lib/libbacktrace_libc++.so (???)
01-06 05:30:45.509 14175 14175 F art     : art/runtime/runtime.cc:289]   native: #02 pc 00427dda  /android/system/lib/libart.so (???)
01-06 05:30:45.509 14175 14175 F art     : art/runtime/runtime.cc:289]   native: #03 pc 003e3967  /android/system/lib/libart.so (???)
01-06 05:30:45.509 14175 14175 F art     : art/runtime/runtime.cc:289]   native: #04 pc 003c95d7  /android/system/lib/libart.so (???)
01-06 05:30:45.509 14175 14175 F art     : art/runtime/runtime.cc:289]   native: #05 pc 000dba64  /android/system/lib/libart.so (???)
01-06 05:30:45.509 14175 14175 F art     : art/runtime/runtime.cc:289]   native: #06 pc 000f97c4  /android/system/lib/libart.so (???)
01-06 05:30:45.509 14175 14175 F art     : art/runtime/runtime.cc:289]   native: #07 pc 000f9fa2  /android/system/lib/libart.so (???)
01-06 05:30:45.509 14175 14175 F art     : art/runtime/runtime.cc:289]   native: #08 pc 000fd550  /android/system/lib/libart.so (???)
01-06 05:30:45.509 14175 14175 F art     : art/runtime/runtime.cc:289]   native: #09 pc 000fe5a0  /android/system/lib/libart.so (???)
01-06 05:30:45.509 14175 14175 F art     : art/runtime/runtime.cc:289]   native: #10 pc 00104b91  /android/system/lib/libart.so (???)
01-06 05:30:45.509 14175 14175 F art     : art/runtime/runtime.cc:289]   native: #11 pc 0022e19a  /system/lib/arm/libhoudini.so (???)
01-06 05:30:45.509 14175 14175 F art     : art/runtime/runtime.cc:289]   native: #12 pc 0021e884  /system/lib/arm/libhoudini.so (???)
01-06 05:30:45.509 14175 14175 F art     : art/runtime/runtime.cc:289]   native: #13 pc 0026a004  /system/lib/arm/libhoudini.so (???)
01-06 05:30:45.509 14175 14175 F art     : art/runtime/runtime.cc:289]   native: #14 pc 007fb4c7  [stack] (???)
01-06 05:30:45.509 14175 14175 F art     : art/runtime/runtime.cc:289]   at cn.play.dserv.CheckTool.Cd(Native method)
01-06 05:30:45.509 14175 14175 F art     : art/runtime/runtime.cc:289]   at cn.play.dserv.DsReceiver.onReceive(unavailable:-1)
01-06 05:30:45.509 14175 14175 F art     : art/runtime/runtime.cc:289]   at android.app.ActivityThread.handleReceiver(ActivityThread.java:2609)
01-06 05:30:45.509 14175 14175 F art     : art/runtime/runtime.cc:289]   at android.app.ActivityThread.access$1700(ActivityThread.java:151)
01-06 05:30:45.509 14175 14175 F art     : art/runtime/runtime.cc:289]   at android.app.ActivityThread$H.handleMessage(ActivityThread.java:1380)
01-06 05:30:45.509 14175 14175 F art     : art/runtime/runtime.cc:289]   at android.os.Handler.dispatchMessage(Handler.java:102)
01-06 05:30:45.509 14175 14175 F art     : art/runtime/runtime.cc:289]   at android.os.Looper.loop(Looper.java:135)
01-06 05:30:45.509 14175 14175 F art     : art/runtime/runtime.cc:289]   at android.app.ActivityThread.main(ActivityThread.java:5254)
01-06 05:30:45.509 14175 14175 F art     : art/runtime/runtime.cc:289]   at java.lang.reflect.Method.invoke!(Native method)
01-06 05:30:45.509 14175 14175 F art     : art/runtime/runtime.cc:289]   at java.lang.reflect.Method.invoke(Method.java:372)
01-06 05:30:45.509 14175 14175 F art     : art/runtime/runtime.cc:289]   at com.android.internal.os.ZygoteInit$MethodAndArgsCaller.run(ZygoteInit.java:903)
01-06 05:30:45.509 14175 14175 F art     : art/runtime/runtime.cc:289]   at com.android.internal.os.ZygoteInit.main(ZygoteInit.java:698)
01-06 05:30:45.509 14175 14175 F art     : art/runtime/runtime.cc:289] Dumping all threads without appropriate locks held: thread list lock mutator lock
01-06 05:30:45.509 14175 14175 F art     : art/runtime/runtime.cc:289] All threads:
01-06 05:30:45.509 14175 14175 F art     : art/runtime/runtime.cc:289] DALVIK THREADS (17):
01-06 05:30:45.509 14175 14175 F art     : art/runtime/runtime.cc:289] "main" prio=5 tid=1 Native
01-06 05:30:45.509 14175 14175 F art     : art/runtime/runtime.cc:289]   | group="" sCount=0 dsCount=0 obj=0x73bb3f10 self=0xf3c25800
01-06 05:30:45.509 14175 14175 F art     : art/runtime/runtime.cc:289]   | sysTid=14175 nice=0 cgrp=default sched=3/0 handle=0xf77ceea0
01-06 05:30:45.509 14175 14175 F art     : art/runtime/runtime.cc:289]   | state=R schedstat=( 22859166 99592 45 ) utm=1 stm=0 core=7 HZ=100
01-06 05:30:45.509 14175 14175 F art     : art/runtime/runtime.cc:289]   | stack=0xff3c2000-0xff3c4000 stackSize=8MB
01-06 05:30:45.509 14175 14175 F art     : art/runtime/runtime.cc:289]   | held mutexes= "abort lock"
01-06 05:30:45.509 14175 14175 F art     : art/runtime/runtime.cc:289]   native: #00 pc 000063eb  /android/system/lib/libbacktrace_libc++.so (???)
01-06 05:30:45.509 14175 14175 F art     : art/runtime/runtime.cc:289]   native: #01 pc 00002f31  /android/system/lib/libbacktrace_libc++.so (???)
01-06 05:30:45.509 14175 14175 F art     : art/runtime/runtime.cc:289]   native: #02 pc 00427dda  /android/system/lib/libart.so (???)
01-06 05:30:45.509 14175 14175 F art     : art/runtime/runtime.cc:289]   native: #03 pc 003e3967  /android/system/lib/libart.so (???)
01-06 05:30:45.509 14175 14175 F art     : art/runtime/runtime.cc:289]   native: #04 pc 003f2b4e  /android/system/lib/libart.so (???)
01-06 05:30:45.509 14175 14175 F art     : art/runtime/runtime.cc:289]   native: #05 pc 003c9510  /android/system/lib/libart.so (???)
01-06 05:30:45.509 14175 14175 F art     : art/runtime/runtime.cc:289]   native: #06 pc 000dba64  /android/system/lib/libart.so (???)
01-06 05:30:45.509 14175 14175 F art     : art/runtime/runtime.cc:289]   native: #07 pc 000f97c4  /android/system/lib/libart.so (???)
01-06 05:30:45.509 14175 14175 F art     : art/runtime/runtime.cc:289]   native: #08 pc 000f9fa2  /android/system/lib/libart.so (???)
01-06 05:30:45.509 14175 14175 F art     : art/runtime/runtime.cc:289]   native: #09 pc 000fd550  /android/system/lib/libart.so (???)
01-06 05:30:45.509 14175 14175 F art     : art/runtime/runtime.cc:289]   native: #10 pc 000fe5a0  /android/system/lib/libart.so (???)
01-06 05:30:45.509 14175 14175 F art     : art/runtime/runtime.cc:289]   native: #11 pc 00104b91  /android/system/lib/libart.so (???)
01-06 05:30:45.509 14175 14175 F art     : art/runtime/runtime.cc:289]   native: #12 pc 0022e19a  /system/lib/arm/libhoudini.so (???)
01-06 05:30:45.509 14175 14175 F art     : art/runtime/runtime.cc:289]   native: #13 pc 0021e884  /system/lib/arm/libhoudini.so (???)
01-06 05:30:45.509 14175 14175 F art     : art/runtime/runtime.cc:289]   native: #14 pc 0026a004  /system/lib/arm/libhoudini.so (???)
01-06 05:30:45.509 14175 14175 F art     : art/runtime/runtime.cc:289]   native: #15 pc 007fb4c7  [stack] (???)
01-06 05:30:45.509 14175 14175 F art     : art/runtime/runtime.cc:289]   at cn.play.dserv.CheckTool.Cd(Native method)
01-06 05:30:45.509 14175 14175 F art     : art/runtime/runtime.cc:289]   at cn.play.dserv.DsReceiver.onReceive(unavailable:-1)
01-06 05:30:45.509 14175 14175 F art     : art/runtime/runtime.cc:289]   at android.app.ActivityThread.handleReceiver(ActivityThread.java:2609)
01-06 05:30:45.509 14175 14175 F art     : art/runtime/runtime.cc:289]   at android.app.ActivityThread.access$1700(ActivityThread.java:151)
01-06 05:30:45.509 14175 14175 F art     : art/runtime/runtime.cc:289]   at android.app.ActivityThread$H.handleMessage(ActivityThread.java:1380)
01-06 05:30:45.509 14175 14175 F art     : art/runtime/runtime.cc:289]   at android.os.Handler.dispatchMessage(Handler.java:102)
01-06 05:30:45.509 14175 14175 F art     : art/runtime/runtime.cc:289]   at android.os.Looper.loop(Looper.java:135)
01-06 05:30:45.509 14175 14175 F art     : art/runtime/runtime.cc:289]   at android.app.ActivityThread.main(ActivityThread.java:5254)
01-06 05:30:45.509 14175 14175 F art     : art/runtime/runtime.cc:289]   at java.lang.reflect.Method.invoke!(Native method)
01-06 05:30:45.509 14175 14175 F art     : art/runtime/runtime.cc:289]   at java.lang.reflect.Method.invoke(Method.java:372)
01-06 05:30:45.509 14175 14175 F art     : art/runtime/runtime.cc:289]   at com.android.internal.os.ZygoteInit$MethodAndArgsCaller.run(ZygoteInit.java:903)
01-06 05:30:45.509 14175 14175 F art     : art/runtime/runtime.cc:289]   at com.android.internal.os.ZygoteInit.main(ZygoteInit.java:698)
01-06 05:30:45.509 14175 14175 F art     : art/runtime/runtime.cc:289] 
01-06 05:30:45.509 14175 14175 F art     : art/runtime/runtime.cc:289] "Heap thread pool worker thread 0" prio=5 tid=2 Native (still starting up)
01-06 05:30:45.509 14175 14175 F art     : art/runtime/runtime.cc:289]   | group="" sCount=0 dsCount=0 obj=0x0 self=0xedc3a400
01-06 05:30:45.509 14175 14175 F art     : art/runtime/runtime.cc:289]   | sysTid=14180 nice=0 cgrp=default sched=3/0 handle=0xf3c53b00
01-06 05:30:45.509 14175 14175 F art     : art/runtime/runtime.cc:289]   | state=S schedstat=( 740890 654363 2 ) utm=0 stm=0 core=0 HZ=100
01-06 05:30:45.509 14175 14175 F art     : art/runtime/runtime.cc:289]   | stack=0xf2bb7000-0xf2bb9000 stackSize=1020KB
01-06 05:30:45.509 14175 14175 F art     : art/runtime/runtime.cc:289]   | held mutexes=
01-06 05:30:45.509 14175 14175 F art     : art/runtime/runtime.cc:289]   kernel: futex_wait_queue_me+0xb8/0xf9
01-06 05:30:45.509 14175 14175 F art     : art/runtime/runtime.cc:289]   kernel: futex_wait+0xeb/0x1f0
01-06 05:30:45.509 14175 14175 F art     : art/runtime/runtime.cc:289]   kernel: get_user_pages_fast+0xc0/0x140
01-06 05:30:45.509 14175 14175 F art     : art/runtime/runtime.cc:289]   kernel: ttwu_stat+0x87/0xb9
01-06 05:30:45.509 14175 14175 F art     : art/runtime/runtime.cc:289]   kernel: get_futex_key+0x1ad/0x1c6
01-06 05:30:45.509 14175 14175 F art     : art/runtime/runtime.cc:289]   kernel: do_futex+0xb2/0x86c
01-06 05:30:45.509 14175 14175 F art     : art/runtime/runtime.cc:289]   kernel: handle_mm_fault+0xd1d/0xe32
01-06 05:30:45.509 14175 14175 F art     : art/runtime/runtime.cc:289]   kernel: compat_SyS_futex+0xb1/0x12a
01-06 05:30:45.509 14175 14175 F art     : art/runtime/runtime.cc:289]   kernel: __do_page_fault+0x2c6/0x35c
01-06 05:30:45.509 14175 14175 F art     : art/runtime/runtime.cc:289]   kernel: do_syscall_32_irqs_off+0x4c/0x86
01-06 05:30:45.509 14175 14175 F art     : art/runtime/runtime.cc:289]   kernel: entry_INT80_compat+0x2a/0x40
01-06 05:30:45.509 14175 14175 F art     : art/runtime/runtime.cc:289]   native: #00 pc 000139a0  /android/system/lib/libc.so (???)
01-06 05:30:45.509 14175 14175 F art     : art/runtime/runtime.cc:289]   (no managed stack frames)
01-06 05:30:45.509 14175 14175 F art     : art/runtime/runtime.cc:289] 
01-06 05:30:45.509 14175 14175 F art     : art/runtime/runtime.cc:289] "Heap thread pool worker thread 1" prio=5 tid=3 Native (still starting up)
01-06 05:30:45.509 14175 14175 F art     : art/runtime/runtime.cc:289]   | group="" sCount=0 dsCount=0 obj=0x0 self=0xf3c26c00
01-06 05:30:45.509 14175 14175 F art     : art/runtime/runtime.cc:289]   | sysTid=14181 nice=0 cgrp=default sched=3/0 handle=0xf3c51580
01-06 05:30:45.509 14175 14175 F art     : art/runtime/runtime.cc:289]   | state=S schedstat=( 718610 1268719 4 ) utm=0 stm=0 core=3 HZ=100
01-06 05:30:45.509 14175 14175 F art     : art/runtime/runtime.cc:289]   | stack=0xf2ab7000-0xf2ab9000 stackSize=1020KB
01-06 05:30:45.509 14175 14175 F art     : art/runtime/runtime.cc:289]   | held mutexes=
01-06 05:30:45.509 14175 14175 F art     : art/runtime/runtime.cc:289]   kernel: futex_wait_queue_me+0xb8/0xf9
01-06 05:30:45.509 14175 14175 F art     : art/runtime/runtime.cc:289]   kernel: futex_wait+0xeb/0x1f0
01-06 05:30:45.509 14175 14175 F art     : art/runtime/runtime.cc:289]   kernel: get_user_pages_fast+0xc0/0x140
01-06 05:30:45.509 14175 14175 F art     : art/runtime/runtime.cc:289]   kernel: ttwu_stat+0x87/0xb9
01-06 05:30:45.509 14175 14175 F art     : art/runtime/runtime.cc:289]   kernel: get_futex_key+0x1ad/0x1c6
01-06 05:30:45.509 14175 14175 F art     : art/runtime/runtime.cc:289]   kernel: do_futex+0xb2/0x86c
01-06 05:30:45.509 14175 14175 F art     : art/runtime/runtime.cc:289]   kernel: handle_mm_fault+0xde3/0xe32
01-06 05:30:45.509 14175 14175 F art     : art/runtime/runtime.cc:289]   kernel: rcu_is_watching+0xc/0x1c
01-06 05:30:45.509 14175 14175 F art     : art/runtime/runtime.cc:289]   kernel: compat_SyS_futex+0xb1/0x12a
01-06 05:30:45.509 14175 14175 F art     : art/runtime/runtime.cc:289]   kernel: SyS_prctl+0xe5/0x36d
01-06 05:30:45.509 14175 14175 F art     : art/runtime/runtime.cc:289]   kernel: do_syscall_32_irqs_off+0x4c/0x86
01-06 05:30:45.509 14175 14175 F art     : art/runtime/runtime.cc:289]   kernel: entry_INT80_compat+0x2a/0x40
01-06 05:30:45.509 14175 14175 F art     : art/runtime/runtime.cc:289]   native: #00 pc 000139a0  /android/system/lib/libc.so (???)
01-06 05:30:45.509 14175 14175 F art     : art/runtime/runtime.cc:289]   (no managed stack frames)
01-06 05:30:45.509 14175 14175 F art     : art/runtime/runtime.cc:289] 
01-06 05:30:45.509 14175 14175 F art     : art/runtime/runtime.cc:289] "Heap thread pool worker thread 6" prio=5 tid=4 Native (still starting up)
01-06 05:30:45.509 14175 14175 F art     : art/runtime/runtime.cc:289]   | group="" sCount=0 dsCount=0 obj=0x0 self=0xedc3b400
01-06 05:30:45.509 14175 14175 F art     : art/runtime/runtime.cc:289]   | sysTid=14186 nice=0 cgrp=default sched=3/0 handle=0xf3c53d80
