01-07 06:00:53.408  7192  7411 I TencentPay: APPluginUtils | checkFileMD5 MD5:22090f2c0331f878865f9967e6b97dc6
01-07 06:00:53.408  7192  7411 I TencentPay: APPluginUtils | isPluginValid count:3
01-07 06:00:53.408  7192  7411 I TencentPay:  | timeName:sdk.plugin.init.pluginvalid.time,time5
01-07 06:00:53.409  7192  7411 I TencentPay: insertTimeData interfaceName= | init
01-07 06:00:53.409  7192  7411 I TencentPay: insertTimeData timeName= | sdk.plugin.init.pluginvalid.time
01-07 06:00:53.409  7192  7411 I TencentPay: insertTimeData time= | 5
01-07 06:00:53.409  7192  7411 I TencentPay: APPluginUtils | getMD5FromPath lastIndexOf startpos:65 endpos:98
01-07 06:00:53.409  7192  7411 I TencentPay: APPluginUtils | getMD5FromPath MD5:22090f2c0331f878865f9967e6b97dc6
01-07 06:00:53.409  7192  7411 D TencentPay: APPluginStatic | getOrCreateClassLoader apkFilePath: /data/data/com.tencent.qqmusic/app_midasplugins/MidasPay_1.5.1_30_22090f2c0331f878865f9967e6b97dc6.apk
01-07 06:00:53.409  7192  7411 D TencentPay: APPluginStatic | getOrCreateClassLoader MD5: 22090f2c0331f878865f9967e6b97dc6
01-07 06:00:53.409  7192  7411 D TencentPay: APPluginStatic | getOrCreateClassLoader key: MidasPay_22090f2c0331f878865f9967e6b97dc6
01-07 06:00:53.409  7192  7411 D TencentPay: APPluginStatic | getOrCreateClassLoader dexClassLoader: null
01-07 06:00:53.409  7192  7411 I TencentPay: APPluginUtils | extractLibs ABI:x86
01-07 06:00:53.409  7192  7411 I TencentPay: APPluginUtils | extractLibs end to dirToExtract:armeabi
01-07 06:00:53.409  7192  7411 I TencentPay: APPluginUtils | fileName:lib/armeabi/libufoPatch.so
01-07 06:00:53.410  7192  7411 I TencentPay: APPluginUtils | fileName:lib/armeabi/libunipayutils.so
01-07 06:00:53.410  7192  7411 I TencentPay: APPluginUtils | fileName:lib/x86/libunipayutils.so
01-07 06:00:53.410  7192  7411 I TencentPay: APPluginUtils | x86 cpuabi and soPath is x86
01-07 06:00:53.410  7192  7411 I TencentPay:  | timeName:sdk.plugin.init.unzip.so.time,time1
01-07 06:00:53.410  7192  7411 I TencentPay: insertTimeData interfaceName= | init
01-07 06:00:53.410  7192  7411 I TencentPay: insertTimeData timeName= | sdk.plugin.init.unzip.so.time
01-07 06:00:53.410  7192  7411 I TencentPay: insertTimeData time= | 1
01-07 06:00:53.411  7398  7398 E art     : dlopen("/data/data/com.tencent.mm/app_recover_lib/libstlport_shared.so", RTLD_LAZY) failed: dlopen failed: "/data/data/com.tencent.mm/app_recover_lib/libstlport_shared.so" has unexpected e_machine: 40
01-07 06:00:53.412  7398  7398 E art     : dlopen("/data/app/com.tencent.mm-1/lib/arm/libstlport_shared.so", RTLD_LAZY) failed: dlopen failed: "/data/app/com.tencent.mm-1/lib/arm/libstlport_shared.so" has unexpected e_machine: 40
01-07 06:00:53.414  7435  7435 W linker  : [vdso]: unused DT entry: type 0x6ffffef5 arg 0xec
01-07 06:00:53.415  7435  7435 E cutils-trace: Error opening trace file: Permission denied (13)
01-07 06:00:53.415  7435  7435 I dex2oat : /system/bin/dex2oat --runtime-arg -classpath --runtime-arg  --instruction-set=x86 --instruction-set-features=default --runtime-arg -Xrelocate --boot-image=/system/framework/boot.art --dex-file=/data/data/com.tencent.qqmusic/app_midasplugins/MidasPay_1.5.1_30_22090f2c0331f878865f9967e6b97dc6.apk --oat-fd=73 --oat-location=/data/data/com.tencent.qqmusic/app_midasodex/MidasPay_1.5.1_30_22090f2c0331f878865f9967e6b97dc6.dex --runtime-arg -Xms64m --runtime-arg -Xmx512m
01-07 06:00:53.421  7398  7398 E art     : dlopen("/data/data/com.tencent.mm/app_recover_lib/libstlport_shared.so", RTLD_LAZY) failed: dlopen failed: "/data/data/com.tencent.mm/app_recover_lib/libstlport_shared.so" has unexpected e_machine: 40
01-07 06:00:53.422  7398  7398 D AndroidRuntime: Shutting down VM
01-07 06:00:53.516  7398  7398 I Process : Sending signal. PID: 7398 SIG: 9
01-07 06:00:53.517  2145  2174 D BluetoothManagerService: Message: 20
01-07 06:00:53.517  2145  2174 D BluetoothManagerService: Added callback: android.bluetooth.IBluetoothManagerCallback$Stub$Proxy@d56ede3:true
01-07 06:00:53.517  2145  2174 D BluetoothManagerService: Message: 30
01-07 06:00:53.536  2145  2174 D BluetoothManagerService: Message: 30
01-07 06:00:53.536  2145  2164 D BluetoothManagerService: Trying to bind to profile: 1, while Bluetooth was disabled
01-07 06:00:53.545  2145  2547 I ActivityManager: Process com.tencent.mm (pid 7398) has died
01-07 06:00:53.552  2145  2685 I ActivityManager: Activity reported stop, but no longer stopping: ActivityRecord{11e40532 u0 com.tencent.qqmusic/.activity.AppStarterActivity t49}
01-07 06:00:53.556  7242  7295 W LibraryLoader: Download Native Libs => true
01-07 06:00:53.556  7242  7295 W LibraryLoader: Prepare to Install Native Libs ...
01-07 06:00:53.558  7242  7295 W LibraryLoader: Install Native Libs => true
01-07 06:00:53.559  7242  7295 E LibraryLoader: try to load library: /data/data/com.tencent.qqmusic/qzlib/libwnsnetwork.so from qzlib again!
01-07 06:00:53.559  7242  7295 E art     : dlopen("/data/data/com.tencent.qqmusic/qzlib/libwnsnetwork.so", RTLD_LAZY) failed: dlopen failed: "/data/data/com.tencent.qqmusic/qzlib/libwnsnetwork.so" has unexpected e_machine: 40
01-07 06:00:53.559  7242  7295 E LibraryLoader: cannot load library /data/data/com.tencent.qqmusic/qzlib/libwnsnetwork.so from qzlib again
01-07 06:00:53.559  7242  7295 E LibraryLoader: java.lang.UnsatisfiedLinkError: dlopen failed: "/data/data/com.tencent.qqmusic/qzlib/libwnsnetwork.so" has unexpected e_machine: 40
01-07 06:00:53.559  7242  7295 E LibraryLoader: 	at java.lang.Runtime.load(Runtime.java:331)
01-07 06:00:53.559  7242  7295 E LibraryLoader: 	at java.lang.System.load(System.java:981)
01-07 06:00:53.559  7242  7295 E LibraryLoader: 	at com.tencent.base.os.Native.a(SourceFile:254)
01-07 06:00:53.559  7242  7295 E LibraryLoader: 	at com.tencent.wns.network.ConnectionImpl.<clinit>(SourceFile:30)
01-07 06:00:53.559  7242  7295 E LibraryLoader: 	at com.tencent.wns.session.f.a(SourceFile:232)
01-07 06:00:53.559  7242  7295 E LibraryLoader: 	at com.tencent.wns.session.j.d(SourceFile:1012)
01-07 06:00:53.559  7242  7295 E LibraryLoader: 	at com.tencent.wns.session.v.run(SourceFile:918)
01-07 06:00:53.559  7242  7295 E LibraryLoader: 	at android.os.Handler.handleCallback(Handler.java:739)
01-07 06:00:53.559  7242  7295 E LibraryLoader: 	at android.os.Handler.dispatchMessage(Handler.java:95)
01-07 06:00:53.559  7242  7295 E LibraryLoader: 	at android.os.Looper.loop(Looper.java:135)
01-07 06:00:53.559  7242  7295 E LibraryLoader: 	at android.os.HandlerThread.run(HandlerThread.java:61)
01-07 06:00:53.559  7242  7295 E art     : No implementation found for void com.tencent.wns.network.ConnectionImpl.native_init() (tried Java_com_tencent_wns_network_ConnectionImpl_native_1init and Java_com_tencent_wns_network_ConnectionImpl_native_1init__)
01-07 06:00:53.566  2145  2170 I ActivityManager: Start proc 7448:com.tencent.mm/u0a58 for broadcast com.tencent.mm/.plugin.base.stub.WXEntryActivity$EntryReceiver
01-07 06:00:53.571  7242  7242 E art     : dlopen("/data/app/com.tencent.qqmusic-1/lib/arm/libQPlayAuto.so", RTLD_LAZY) failed: dlopen failed: "/data/app/com.tencent.qqmusic-1/lib/arm/libQPlayAuto.so" has unexpected e_machine: 40
01-07 06:00:53.572  7242  7242 E art     : dlopen("/data/data/com.tencent.qqmusic/backuplib/libQPlayAuto.so", RTLD_LAZY) failed: dlopen failed: "/data/data/com.tencent.qqmusic/backuplib/libQPlayAuto.so" has unexpected e_machine: 40
01-07 06:00:53.572  7242  7242 E art     : No implementation found for void com.tencent.qqmusicplayerprocess.qplayauto.LibQPlayAuto.Stop() (tried Java_com_tencent_qqmusicplayerprocess_qplayauto_LibQPlayAuto_Stop and Java_com_tencent_qqmusicplayerprocess_qplayauto_LibQPlayAuto_Stop__)
01-07 06:00:53.573  7448  7448 W libnb   : Native bridge is disabled
01-07 06:00:53.574  2145  2175 I ActivityManager: Displayed com.tencent.qqmusic/.activity.NewGuideActivity: +191ms
01-07 06:00:53.576  2145  2164 W ActivityManager: getRunningAppProcesses: caller 10061 does not hold REAL_GET_TASKS; limiting output
01-07 06:00:53.577  7242  7242 E art     : dlopen("/data/app/com.tencent.qqmusic-1/lib/arm/libexpress_verify.so", RTLD_LAZY) failed: dlopen failed: "/data/app/com.tencent.qqmusic-1/lib/arm/libexpress_verify.so" has unexpected e_machine: 40
01-07 06:00:53.577  1878  1905 E Vold    : Failed to find mounted volume for /storage/usb1/Android/data/com.tencent.qqmusic/cache/
01-07 06:00:53.577  7242  7471 W ContextImpl: Failed to ensure directory: /storage/usb1/Android/data/com.tencent.qqmusic/cache
01-07 06:00:53.577  7242  7242 E art     : dlopen("/data/data/com.tencent.qqmusic/backuplib/libexpress_verify.so", RTLD_LAZY) failed: dlopen failed: "/data/data/com.tencent.qqmusic/backuplib/libexpress_verify.so" has unexpected e_machine: 40
01-07 06:00:53.577  1878  1905 E Vold    : Failed to find mounted volume for /storage/usb2/Android/data/com.tencent.qqmusic/cache/
01-07 06:00:53.577  7242  7471 W ContextImpl: Failed to ensure directory: /storage/usb2/Android/data/com.tencent.qqmusic/cache
01-07 06:00:53.578  1878  1905 E Vold    : Failed to find mounted volume for /storage/usb3/Android/data/com.tencent.qqmusic/cache/
01-07 06:00:53.578  7242  7471 W ContextImpl: Failed to ensure directory: /storage/usb3/Android/data/com.tencent.qqmusic/cache
01-07 06:00:53.578  7448  7448 I ActivityThread: Switching default density from 160 to 240
01-07 06:00:53.578  1878  1905 E Vold    : Failed to find mounted volume for /storage/sdcard1/Android/data/com.tencent.qqmusic/cache/
01-07 06:00:53.578  7242  7471 W ContextImpl: Failed to ensure directory: /storage/sdcard1/Android/data/com.tencent.qqmusic/cache
01-07 06:00:53.578  1878  1905 E Vold    : Failed to find mounted volume for /storage/usb1/Android/data/com.tencent.qqmusic/cache/
01-07 06:00:53.578  7242  7474 W ContextImpl: Failed to ensure directory: /storage/usb1/Android/data/com.tencent.qqmusic/cache
01-07 06:00:53.578  1878  1905 E Vold    : Failed to find mounted volume for /storage/usb2/Android/data/com.tencent.qqmusic/cache/
01-07 06:00:53.578  7242  7242 E art     : No implementation found for java.lang.String com.tencent.qqmusicplayerprocess.netspeed.VkeyManager.createWeakExpressKey(java.lang.String, int, int) (tried Java_com_tencent_qqmusicplayerprocess_netspeed_VkeyManager_createWeakExpressKey and Java_com_tencent_qqmusicplayerprocess_netspeed_VkeyManager_createWeakExpressKey__Ljava_lang_String_2II)
01-07 06:00:53.579  7242  7474 W ContextImpl: Failed to ensure directory: /storage/usb2/Android/data/com.tencent.qqmusic/cache
01-07 06:00:53.579  1878  1905 E Vold    : Failed to find mounted volume for /storage/usb3/Android/data/com.tencent.qqmusic/cache/
01-07 06:00:53.579  7242  7474 W ContextImpl: Failed to ensure directory: /storage/usb3/Android/data/com.tencent.qqmusic/cache
01-07 06:00:53.579  1878  1905 E Vold    : Failed to find mounted volume for /storage/sdcard1/Android/data/com.tencent.qqmusic/cache/
01-07 06:00:53.579  7242  7474 W ContextImpl: Failed to ensure directory: /storage/sdcard1/Android/data/com.tencent.qqmusic/cache
01-07 06:00:53.580  7242  7261 E art     : No implementation found for java.lang.String com.tencent.qqmusicplayerprocess.netspeed.VkeyManager.createWeakExpressKey(java.lang.String, int, int) (tried Java_com_tencent_qqmusicplayerprocess_netspeed_VkeyManager_createWeakExpressKey and Java_com_tencent_qqmusicplayerprocess_netspeed_VkeyManager_createWeakExpressKey__Ljava_lang_String_2II)
01-07 06:00:53.580  2145  2492 W ActivityManager: getRunningAppProcesses: caller 10058 does not hold REAL_GET_TASKS; limiting output
01-07 06:00:53.601  2145  3551 I art     : Explicit concurrent mark sweep GC freed 24741(1417KB) AllocSpace objects, 5(80KB) LOS objects, 33% free, 19MB/29MB, paused 304us total 10.920ms
01-07 06:00:53.601  7448  7448 E art     : dlopen("/data/data/com.tencent.mm/app_recover_lib/libstlport_shared.so", RTLD_LAZY) failed: dlopen failed: "/data/data/com.tencent.mm/app_recover_lib/libstlport_shared.so" has unexpected e_machine: 40
01-07 06:00:53.602  7448  7448 E art     : dlopen("/data/app/com.tencent.mm-1/lib/arm/libstlport_shared.so", RTLD_LAZY) failed: dlopen failed: "/data/app/com.tencent.mm-1/lib/arm/libstlport_shared.so" has unexpected e_machine: 40
01-07 06:00:53.602  7192  7192 E ActivityThread: Performing stop of activity that is not resumed: {com.tencent.qqmusic/com.tencent.qqmusic.activity.AppStarterActivity}
01-07 06:00:53.602  7192  7192 E ActivityThread: java.lang.RuntimeException: Performing stop of activity that is not resumed: {com.tencent.qqmusic/com.tencent.qqmusic.activity.AppStarterActivity}
01-07 06:00:53.602  7192  7192 E ActivityThread: 	at android.app.ActivityThread.performStopActivityInner(ActivityThread.java:3344)
01-07 06:00:53.602  7192  7192 E ActivityThread: 	at android.app.ActivityThread.handleStopActivity(ActivityThread.java:3425)
01-07 06:00:53.602  7192  7192 E ActivityThread: 	at android.app.ActivityThread.access$1100(ActivityThread.java:151)
01-07 06:00:53.602  7192  7192 E ActivityThread: 	at android.app.ActivityThread$H.handleMessage(ActivityThread.java:1332)
01-07 06:00:53.602  7192  7192 E ActivityThread: 	at android.os.Handler.dispatchMessage(Handler.java:102)
01-07 06:00:53.602  7192  7192 E ActivityThread: 	at android.os.Looper.loop(Looper.java:135)
01-07 06:00:53.602  7192  7192 E ActivityThread: 	at android.app.ActivityThread.main(ActivityThread.java:5254)
01-07 06:00:53.602  7192  7192 E ActivityThread: 	at java.lang.reflect.Method.invoke(Native Method)
01-07 06:00:53.602  7192  7192 E ActivityThread: 	at java.lang.reflect.Method.invoke(Method.java:372)
01-07 06:00:53.602  7192  7192 E ActivityThread: 	at com.android.internal.os.ZygoteInit$MethodAndArgsCaller.run(ZygoteInit.java:903)
01-07 06:00:53.602  7192  7192 E ActivityThread: 	at com.android.internal.os.ZygoteInit.main(ZygoteInit.java:698)
01-07 06:00:53.604  7192  7492 W System.err: java.lang.NullPointerException: Attempt to invoke virtual method 'boolean java.lang.String.equals(java.lang.Object)' on a null object reference
01-07 06:00:53.604  7192  7492 W System.err: 	at android.app.ContextImpl.createPackageContextAsUser(ContextImpl.java:2156)
01-07 06:00:53.604  7192  7492 W System.err: 	at android.app.ContextImpl.createPackageContext(ContextImpl.java:2148)
01-07 06:00:53.604  7192  7492 W System.err: 	at android.content.ContextWrapper.createPackageContext(ContextWrapper.java:671)
01-07 06:00:53.604  7192  7492 W System.err: 	at com.tencent.smtt.sdk.e.c(Unknown Source)
01-07 06:00:53.604  7192  7492 W System.err: 	at com.tencent.smtt.sdk.e.a(Unknown Source)
01-07 06:00:53.604  7192  7492 W System.err: 	at com.tencent.smtt.sdk.e.i(Unknown Source)
01-07 06:00:53.604  7192  7492 W System.err: 	at com.tencent.smtt.sdk.e.k(Unknown Source)
01-07 06:00:53.604  7192  7492 W System.err: 	at com.tencent.smtt.sdk.e.g(Unknown Source)
01-07 06:00:53.604  7192  7492 W System.err: 	at com.tencent.smtt.sdk.QbSdk.a(Unknown Source)
01-07 06:00:53.604  7192  7492 W System.err: 	at com.tencent.smtt.sdk.as.a(Unknown Source)
01-07 06:00:53.604  7192  7492 W System.err: 	at com.tencent.smtt.sdk.aq.run(Unknown Source)
01-07 06:00:53.604  7192  7492 E loaderror: TBS:302
01-07 06:00:53.604  7192  7492 W System.err: java.lang.NullPointerException: Attempt to invoke virtual method 'boolean java.lang.String.equals(java.lang.Object)' on a null object reference
01-07 06:00:53.604  7192  7492 W System.err: 	at android.app.ContextImpl.createPackageContextAsUser(ContextImpl.java:2156)
01-07 06:00:53.604  7192  7492 W System.err: 	at android.app.ContextImpl.createPackageContext(ContextImpl.java:2148)
01-07 06:00:53.604  7192  7492 W System.err: 	at android.content.ContextWrapper.createPackageContext(ContextWrapper.java:671)
01-07 06:00:53.604  7192  7492 W System.err: 	at com.tencent.smtt.sdk.e.c(Unknown Source)
01-07 06:00:53.604  7192  7492 W System.err: 	at com.tencent.smtt.sdk.e.a(Unknown Source)
01-07 06:00:53.604  7192  7492 W System.err: 	at com.tencent.smtt.sdk.e.i(Unknown Source)
01-07 06:00:53.604  7192  7492 W System.err: 	at com.tencent.smtt.sdk.e.k(Unknown Source)
01-07 06:00:53.604  7192  7492 W System.err: 	at com.tencent.smtt.sdk.e.g(Unknown Source)
01-07 06:00:53.604  7192  7492 W System.err: 	at com.tencent.smtt.sdk.e.h(Unknown Source)
01-07 06:00:53.604  7192  7492 W System.err: 	at com.tencent.smtt.sdk.bj.c(Unknown Source)
01-07 06:00:53.604  7192  7492 W System.err: 	at com.tencent.smtt.sdk.as.a(Unknown Source)
01-07 06:00:53.604  7192  7492 W System.err: 	at com.tencent.smtt.sdk.aq.run(Unknown Source)
01-07 06:00:53.604  7192  7492 E TbsShareManager: TBS:isShareTbsCoreAvailable forceSysWebViewInner!
01-07 06:00:53.604  7192  7492 E QbSdk   : TBS:sys WebView: SysWebViewForcedInner
01-07 06:00:53.605  7192  7492 E loaderror: TBS:321
01-07 06:00:53.605  7192  7492 E SDKEngine: TBS:SDKEngine--init canLoadTbs=false
01-07 06:00:53.605  7192  7492 E SDKEngine: TBS:SDKEngine--init can_load_x5=false
01-07 06:00:53.605  7192  7492 E SDKEngine: TBS:SDKEngine--init is_compatible=true
01-07 06:00:53.605  7192  7492 E SDKEngine: TBS:SDKEngine--init isTbsCoreLegaL=false
01-07 06:00:53.605  7192  7492 E SDKEngine: TBS:useSystemWebView by !canLoadTbs
01-07 06:00:53.605  7192  7492 E loaderror: TBS:324
01-07 06:00:53.609  7448  7448 E art     : dlopen("/data/data/com.tencent.mm/app_recover_lib/libstlport_shared.so", RTLD_LAZY) failed: dlopen failed: "/data/data/com.tencent.mm/app_recover_lib/libstlport_shared.so" has unexpected e_machine: 40
01-07 06:00:53.609  7448  7448 D AndroidRuntime: Shutting down VM
01-07 06:00:53.610  7448  7448 I Process : Sending signal. PID: 7448 SIG: 9
01-07 06:00:53.611  7495  7495 W linker  : [vdso]: unused DT entry: type 0x6ffffef5 arg 0x160
01-07 06:00:53.618  2145  3551 I ActivityManager: Process com.tencent.mm (pid 7448) has died
01-07 06:00:53.620  7192  7493 W System.err: java.lang.NullPointerException: Attempt to invoke virtual method 'boolean java.lang.String.equals(java.lang.Object)' on a null object reference
01-07 06:00:53.620  7192  7493 W System.err: 	at android.app.ContextImpl.createPackageContextAsUser(ContextImpl.java:2156)
01-07 06:00:53.620  7192  7493 W System.err: 	at android.app.ContextImpl.createPackageContext(ContextImpl.java:2148)
01-07 06:00:53.620  7192  7493 W System.err: 	at android.content.ContextWrapper.createPackageContext(ContextWrapper.java:671)
01-07 06:00:53.620  7192  7493 W System.err: 	at com.tencent.smtt.sdk.e.c(Unknown Source)
01-07 06:00:53.620  7192  7493 W System.err: 	at com.tencent.smtt.sdk.e.a(Unknown Source)
01-07 06:00:53.620  7192  7493 W System.err: 	at com.tencent.smtt.sdk.e.i(Unknown Source)
01-07 06:00:53.620  7192  7493 W System.err: 	at com.tencent.smtt.sdk.e.k(Unknown Source)
01-07 06:00:53.620  7192  7493 W System.err: 	at com.tencent.smtt.sdk.e.g(Unknown Source)
01-07 06:00:53.620  7192  7493 W System.err: 	at com.tencent.smtt.sdk.e.h(Unknown Source)
01-07 06:00:53.620  7192  7493 W System.err: 	at com.tencent.smtt.sdk.e.d(Unknown Source)
01-07 06:00:53.620  7192  7493 W System.err: 	at com.tencent.smtt.sdk.bj.a(Unknown Source)
01-07 06:00:53.620  7192  7493 W System.err: 	at com.tencent.smtt.sdk.bg.handleMessage(Unknown Source)
01-07 06:00:53.620  7192  7493 W System.err: 	at android.os.Handler.dispatchMessage(Handler.java:102)
01-07 06:00:53.620  7192  7493 W System.err: 	at android.os.Looper.loop(Looper.java:135)
01-07 06:00:53.620  7192  7493 W System.err: 	at android.os.HandlerThread.run(HandlerThread.java:61)
01-07 06:00:53.620  7192  7493 E TbsShareManager: TBS:isShareTbsCoreAvailable forceSysWebViewInner!
01-07 06:00:53.620  7192  7493 E QbSdk   : TBS:sys WebView: SysWebViewForcedInner
01-07 06:00:53.623  7192  7192 I WebViewFactory: Loading com.android.webview version 39 (eng.-x86_64) (code 399998)
01-07 06:00:53.624  2145  2305 W ActivityManager: getRunningAppProcesses: caller 10061 does not hold REAL_GET_TASKS; limiting output
01-07 06:00:53.624  7242  7279 D eup     : rqdp{  in AnalyticsDAO.query() start}
01-07 06:00:53.624  7242  7279 D eup     : rqdp{  query}  ( _type = 9 )  and _key = 'com.tencent.qqmusic:QQPlayerService'  and _time <= 9223372036854775807 
01-07 06:00:53.625  7192  7192 I LibraryLoader: Time to load native libraries: 1 ms (timestamps 572-573)
01-07 06:00:53.625  7192  7192 I LibraryLoader: Expected native library version number "",actual native library version number ""
01-07 06:00:53.625  7242  7279 D eup     : rqdp{  in AnalyticsDAO.query() end}
01-07 06:00:53.625  7242  7279 D eup     : rqdp{  in AnalyticsDAO.query() start}
01-07 06:00:53.625  7242  7279 D eup     : rqdp{  query}  ( _type = 7 )  and _time <= 9223372036854775807 
01-07 06:00:53.626  7242  7279 D eup     : rqdp{  in AnalyticsDAO.query() end}
01-07 06:00:53.626  7192  7192 V WebViewChromiumFactoryProvider: Binding Chromium to main looper Looper (main, tid 1) {10f3d564}
01-07 06:00:53.626  7192  7192 I LibraryLoader: Expected native library version number "",actual native library version number ""
01-07 06:00:53.626  7242  7279 D eup     : rqdp{  en obj 2 bytes}
01-07 06:00:53.626  7192  7192 I chromium: [INFO:library_loader_hooks.cc(104)] Chromium logging enabled: level = 0, default verbosity = 0
01-07 06:00:53.626  7242  7279 D eup     : rqdp{  en obj 2 bytes}
01-07 06:00:53.626  7242  7279 D eup     : rqdp{  insertOrUpdate alyticsBeans start!}
01-07 06:00:53.626  7192  7192 I BrowserStartupController: Initializing chromium process, singleProcess=true
01-07 06:00:53.627  7192  7192 W art     : Attempt to remove local handle scope entry from IRT, ignoring
01-07 06:00:53.628  7192  7192 W chromium: [WARNING:resource_bundle.cc(304)] locale_file_path.empty()
01-07 06:00:53.628  7192  7192 I chromium: [INFO:aw_browser_main_parts.cc(65)] Load from apk succesful, fd=85 off=1319120 len=3050
01-07 06:00:53.628  7192  7192 I chromium: [INFO:aw_browser_main_parts.cc(78)] Loading webviewchromium.pak from, fd:86 off:229484 len:1089587
01-07 06:00:53.628  2145  2174 D BluetoothManagerService: Message: 20
01-07 06:00:53.628  2145  2174 D BluetoothManagerService: Added callback: android.bluetooth.IBluetoothManagerCallback$Stub$Proxy@195ed221:true
01-07 06:00:53.628  7192  7502 D BluetoothAdapter: 841909197: getState() :  mService = null. Returning STATE_OFF
01-07 06:00:53.637  7192  7192 W chromium: [WARNING:data_reduction_proxy_settings.cc(331)] SPDY proxy OFF at startup
01-07 06:00:53.638  7192  7192 W art     : Attempt to remove local handle scope entry from IRT, ignoring
01-07 06:00:53.639  7192  7192 W AwContents: onDetachedFromWindow called when already detached. Ignoring
01-07 06:00:53.683  7192  7394 D Profiler: perf.scanner_speed_test.Insert Directories Into DB Finish. duration: 385.0
01-07 06:00:53.683  7192  7394 D LocalFileCacheManager: dir:--- /storage/usb0/
01-07 06:00:53.686  1878  1905 E Vold    : Failed to find mounted volume for /storage/usb1/Android/data/com.tencent.qqmusic/cache/
01-07 06:00:53.686  7242  7480 W ContextImpl: Failed to ensure directory: /storage/usb1/Android/data/com.tencent.qqmusic/cache
01-07 06:00:53.687  1878  1905 E Vold    : Failed to find mounted volume for /storage/usb2/Android/data/com.tencent.qqmusic/cache/
01-07 06:00:53.688  7242  7480 W ContextImpl: Failed to ensure directory: /storage/usb2/Android/data/com.tencent.qqmusic/cache
01-07 06:00:53.688  1878  1905 E Vold    : Failed to find mounted volume for /storage/usb3/Android/data/com.tencent.qqmusic/cache/
01-07 06:00:53.689  7242  7480 W ContextImpl: Failed to ensure directory: /storage/usb3/Android/data/com.tencent.qqmusic/cache
01-07 06:00:53.690  1878  1905 E Vold    : Failed to find mounted volume for /storage/sdcard1/Android/data/com.tencent.qqmusic/cache/
01-07 06:00:53.690  7242  7480 W ContextImpl: Failed to ensure directory: /storage/sdcard1/Android/data/com.tencent.qqmusic/cache
01-07 06:00:53.692  1878  1905 E Vold    : Failed to find mounted volume for /storage/usb1/Android/data/com.tencent.qqmusic/cache/
01-07 06:00:53.693  7242  7480 W ContextImpl: Failed to ensure directory: /storage/usb1/Android/data/com.tencent.qqmusic/cache
01-07 06:00:53.693  1878  1905 E Vold    : Failed to find mounted volume for /storage/usb2/Android/data/com.tencent.qqmusic/cache/
01-07 06:00:53.694  7242  7480 W ContextImpl: Failed to ensure directory: /storage/usb2/Android/data/com.tencent.qqmusic/cache
01-07 06:00:53.694  1878  1905 E Vold    : Failed to find mounted volume for /storage/usb3/Android/data/com.tencent.qqmusic/cache/
01-07 06:00:53.694  7242  7480 W ContextImpl: Failed to ensure directory: /storage/usb3/Android/data/com.tencent.qqmusic/cache
01-07 06:00:53.695  1878  1905 E Vold    : Failed to find mounted volume for /storage/sdcard1/Android/data/com.tencent.qqmusic/cache/
01-07 06:00:53.695  7242  7480 W ContextImpl: Failed to ensure directory: /storage/sdcard1/Android/data/com.tencent.qqmusic/cache
01-07 06:00:53.759  7435  7435 I dex2oat : dex2oat took 343.782ms (threads: 8) arena alloc=120KB java alloc=3MB native alloc=6MB free=9MB
01-07 06:00:53.790  7192  7411 D TencentPay: APPluginStatic | getOrCreateClassLoader new DexClassLoader cache: /data/data/com.tencent.qqmusic/app_midasodex libDir: /data/data/com.tencent.qqmusic/app_midaslib_2
01-07 06:00:53.790  7192  7411 D TencentPay: APPluginStatic | getOrCreateClassLoader midasClassLoader: 782393818
01-07 06:00:53.790  7192  7411 I TencentPay:  | timeName:sdk.plugin.init.loadDex.time,time381
01-07 06:00:53.790  7192  7411 I TencentPay: insertTimeData interfaceName= | init
01-07 06:00:53.790  7192  7411 I TencentPay: insertTimeData timeName= | sdk.plugin.init.loadDex.time
01-07 06:00:53.790  7192  7411 I TencentPay: insertTimeData time= | 381
01-07 06:00:53.791  7192  7192 I TencentPay: APPLuginProxyActivity | initPluginInterface pluginName=MidasPay
01-07 06:00:53.791  7192  7192 I TencentPay: APPLuginProxyActivity | initPluginInterface interfaceClass=com.tencent.midas.pay.APMidasDistribute
01-07 06:00:53.791  7192  7192 I TencentPay: APPLuginProxyActivity | initPluginInterface methodName=golbalInit
01-07 06:00:53.791  7192  7192 I TencentPay: APPLuginProxyActivity | initPluginInterface methodName=golbalInit
01-07 06:00:53.791  7192  7192 I TencentPay: APPluginUtils | APPluginUtils getInstallPath pluginName:MidasPay sInstallPathMap:{}
01-07 06:00:53.792  7192  7192 I TencentPay: APPluginUtils | APPluginUtils getInstallPath installFile:null
01-07 06:00:53.792  7192  7192 I TencentPay: APPluginUtils | APPluginUtils getInstallPath fileList.length =4
01-07 06:00:53.792  7192  7192 I TencentPay: APPluginUtils | APPluginUtils getInstallPath file:MidasCFT_1.5.1_30_fbb92fa0aae554849c22c44284b14572.apk
01-07 06:00:53.792  7192  7192 I TencentPay: APPluginUtils | APPluginUtils getInstallPath file:MidasCore_1.5.1_30_350caaa3441e9771548f86b0954a1aa4.apk
01-07 06:00:53.792  7192  7192 I TencentPay: APPluginUtils | APPluginUtils getInstallPath file:MidasPay_1.5.1_30_22090f2c0331f878865f9967e6b97dc6.apk
01-07 06:00:53.792  7192  7192 I TencentPay: APPluginUtils | APPluginUtils getInstallPath true
01-07 06:00:53.793  7192  7192 I TencentPay: APPluginUtils | getMD5FromPath lastIndexOf startpos:65 endpos:98
01-07 06:00:53.793  7192  7192 I TencentPay: APPluginUtils | getMD5FromPath MD5:22090f2c0331f878865f9967e6b97dc6
01-07 06:00:53.793  7192  7192 D TencentPay: APPluginStatic | getOrCreateClassLoader apkFilePath: /data/data/com.tencent.qqmusic/app_midasplugins/MidasPay_1.5.1_30_22090f2c0331f878865f9967e6b97dc6.apk
01-07 06:00:53.793  7192  7192 D TencentPay: APPluginStatic | getOrCreateClassLoader MD5: 22090f2c0331f878865f9967e6b97dc6
01-07 06:00:53.793  7192  7192 D TencentPay: APPluginStatic | getOrCreateClassLoader key: MidasPay_22090f2c0331f878865f9967e6b97dc6
01-07 06:00:53.794  7192  7192 D TencentPay: APPluginStatic | getOrCreateClassLoader dexClassLoader: dalvik.system.DexClassLoader[DexPathList[[zip file "/data/data/com.tencent.qqmusic/app_midasplugins/MidasPay_1.5.1_30_22090f2c0331f878865f9967e6b97dc6.apk"],nativeLibraryDirectories=[/data/data/com.tencent.qqmusic/app_midaslib_2, /vendor/lib, /system/lib]]]
01-07 06:00:53.794  7192  7192 D TencentPay: APPluginStatic | getOrCreateClassLoader midasClassLoader: 782393818
01-07 06:00:53.794  7192  7192 I TencentPay: APPLuginProxyActivity | initPluginInterface method:public static void com.tencent.midas.pay.APMidasDistribute.golbalInit(android.app.Activity,android.content.Intent)
01-07 06:00:53.798  7192  7192 I TencentPay: APMidasDistribute | golbalInit intent:Intent { (has extras) }
01-07 06:00:53.798  7192  7192 I TencentPay: APMidasDistribute | golbalInit midasRequest:null
01-07 06:00:53.816  7517  7517 W linker  : [vdso]: unused DT entry: type 0x6ffffef5 arg 0x160
01-07 06:00:53.828  7520  7520 W linker  : [vdso]: unused DT entry: type 0x6ffffef5 arg 0x160
01-07 06:00:53.849  7242  7279 D eup     : rqdp{  result id:}1
01-07 06:00:53.850  7522  7522 W linker  : [vdso]: unused DT entry: type 0x6ffffef5 arg 0xec
01-07 06:00:53.853  7522  7522 E cutils-trace: Error opening trace file: Permission denied (13)
01-07 06:00:53.853  7522  7522 I dex2oat : /system/bin/dex2oat --runtime-arg -classpath --runtime-arg  --instruction-set=x86 --instruction-set-features=default --runtime-arg -Xrelocate --boot-image=/system/framework/boot.art --dex-file=/data/data/com.tencent.qqmusic/downloadlibs/AppLinkSDKAndroid-2-3-2.jar --oat-fd=57 --oat-location=/data/data/com.tencent.qqmusic/dexout/AppLinkSDKAndroid-2-3-2.dex --runtime-arg -Xms64m --runtime-arg -Xmx512m
01-07 06:00:53.909  2145  2305 W ActivityManager: getRunningAppProcesses: caller 10061 does not hold REAL_GET_TASKS; limiting output
01-07 06:00:53.910  2145  3554 W ActivityManager: getRunningAppProcesses: caller 10061 does not hold REAL_GET_TASKS; limiting output
01-07 06:00:53.910  2145  3552 W ActivityManager: getRunningAppProcesses: caller 10061 does not hold REAL_GET_TASKS; limiting output
01-07 06:00:54.017  7242  7242 E LibUpnp : Try to load LibUpnp so!
01-07 06:00:54.017  7242  7242 E LibUpnp : dalvik.system.VMStack.getThreadStackTrace(Native Method)
01-07 06:00:54.017  7242  7242 E LibUpnp : java.lang.Thread.getStackTrace(Thread.java:580)
01-07 06:00:54.017  7242  7242 E LibUpnp : com.tencent.qqmusiccommon.a.k.e(SourceFile:251)
01-07 06:00:54.017  7242  7242 E LibUpnp : com.tencent.qqmusicplayerprocess.qqmusicdlna.LibUpnp.<clinit>(SourceFile:29)
01-07 06:00:54.017  7242  7242 E LibUpnp : com.tencent.qqmusicplayerprocess.qqmusicdlna.DLNAManager.isDLNARuning(SourceFile:1296)
01-07 06:00:54.017  7242  7242 E LibUpnp : com.tencent.qqmusicplayerprocess.qqmusicdlna.DLNAManager.hasCurrentRenderer(SourceFile:1310)
01-07 06:00:54.017  7242  7242 E LibUpnp : com.tencent.qqmusicplayerprocess.qqmusicdlna.QPlayService$1.hasCurrentRenderer(SourceFile:139)
01-07 06:00:54.017  7242  7242 E LibUpnp : com.tencent.qqmusicplayerprocess.audio.playlist.MusicListManager.u(SourceFile:2595)
01-07 06:00:54.017  7242  7242 E LibUpnp : com.tencent.qqmusicplayerprocess.servicenew.p.f(SourceFile:574)
01-07 06:00:54.017  7242  7242 E LibUpnp : com.tencent.qqmusiccommon.util.e.e.h(SourceFile:151)
01-07 06:00:54.017  7242  7242 E LibUpnp : com.tencent.qqmusicplayerprocess.audio.b.c.handleMessage(SourceFile:76)
01-07 06:00:54.017  7242  7242 E LibUpnp : android.os.Handler.dispatchMessage(Handler.java:102)
01-07 06:00:54.017  7242  7242 E LibUpnp : android.os.Looper.loop(Looper.java:135)
01-07 06:00:54.017  7242  7242 E LibUpnp : android.app.ActivityThread.main(ActivityThread.java:5254)
01-07 06:00:54.017  7242  7242 E LibUpnp : java.lang.reflect.Method.invoke(Native Method)
01-07 06:00:54.017  7242  7242 E LibUpnp : java.lang.reflect.Method.invoke(Method.java:372)
01-07 06:00:54.017  7242  7242 E LibUpnp : com.android.internal.os.ZygoteInit$MethodAndArgsCaller.run(ZygoteInit.java:903)
01-07 06:00:54.017  7242  7242 E LibUpnp : com.android.internal.os.ZygoteInit.main(ZygoteInit.java:698)
01-07 06:00:54.017  7242  7242 E art     : dlopen("/data/app/com.tencent.qqmusic-1/lib/arm/libupnp-jni.so", RTLD_LAZY) failed: dlopen failed: "/data/app/com.tencent.qqmusic-1/lib/arm/libupnp-jni.so" has unexpected e_machine: 40
01-07 06:00:54.020  7242  7242 E art     : dlopen("/data/data/com.tencent.qqmusic/backuplib/libupnp-jni.so", RTLD_LAZY) failed: dlopen failed: "/data/data/com.tencent.qqmusic/backuplib/libupnp-jni.so" has unexpected e_machine: 40
01-07 06:00:54.028  7192  7394 D Profiler: perf.scanner_speed_test.Scan Directories Finish. duration: 730.0
01-07 06:00:54.028  7192  7394 D Profiler: perf.preHandleNewDirs 694.begin 1452146454028
01-07 06:00:54.078  7522  7522 I dex2oat : dex2oat took 225.493ms (threads: 8) arena alloc=364KB java alloc=655KB native alloc=4MB free=3MB
01-07 06:00:54.132  7242  7279 D eup     : rqdp{  result id:}2
01-07 06:00:54.132  7242  7279 D eup     : rqdp{  insertOrUpdate alyticsBeans end}
01-07 06:00:54.132  7242  7279 D eup     : rqdp{  start upload cmd:}200 rqdp{  url:}http://monitor.uu.qq.com/analytics/upload rqdp{  datas:}class com.tencent.feedback.proguard.as
01-07 06:00:54.132  7242  7279 D eup     : rqdp{  en2Req }
01-07 06:00:54.133  7242  7279 D eup     : rqdp{  [pid:}0S200D3PKF1UFLJI rqdp{  
01-07 06:00:54.133  7242  7279 D eup     : bid:}com.tencent.qqmusic_5.8.0.18 rqdp{  
01-07 06:00:54.133  7242  7279 D eup     : sid:}com.tencent.feedback_1.9.6 
01-07 06:00:54.133  7242  7279 D eup     : ]
01-07 06:00:54.133  7242  7279 D eup     : rqdp{  start req} http://monitor.uu.qq.com/analytics/upload rqdp{  sz:}227
01-07 06:00:54.133  7242  7279 D eup     : rqdp{  send:}http://monitor.uu.qq.com/analytics/upload rqdp{  sz:}227 rqdp{  apn:}f8:32:e4:a0:25:09
01-07 06:00:54.138  7242  7480 D BluetoothAdapter: 814543098: getState() :  mService = null. Returning STATE_OFF
01-07 06:00:54.139  1878  1905 E Vold    : Failed to find mounted volume for /storage/usb1/Android/data/com.tencent.qqmusic/cache/
01-07 06:00:54.139  7242  7480 W ContextImpl: Failed to ensure directory: /storage/usb1/Android/data/com.tencent.qqmusic/cache
01-07 06:00:54.139  1878  1905 E Vold    : Failed to find mounted volume for /storage/usb2/Android/data/com.tencent.qqmusic/cache/
01-07 06:00:54.139  7242  7480 W ContextImpl: Failed to ensure directory: /storage/usb2/Android/data/com.tencent.qqmusic/cache
01-07 06:00:54.139  1878  1905 E Vold    : Failed to find mounted volume for /storage/usb3/Android/data/com.tencent.qqmusic/cache/
01-07 06:00:54.139  7242  7480 W ContextImpl: Failed to ensure directory: /storage/usb3/Android/data/com.tencent.qqmusic/cache
01-07 06:00:54.139  1878  1905 E Vold    : Failed to find mounted volume for /storage/sdcard1/Android/data/com.tencent.qqmusic/cache/
01-07 06:00:54.139  7242  7480 W ContextImpl: Failed to ensure directory: /storage/sdcard1/Android/data/com.tencent.qqmusic/cache
01-07 06:00:54.252  7192  7394 D LocalFileCacheManager: preHandleNewDirs scanedDirCount: 796 file_total_count: 0
01-07 06:00:54.252  7192  7394 D Profiler: perf.preHandleNewDirs 694.end duration: 224.0
01-07 06:00:54.252  7192  7394 D Profiler: perf.scanner_speed_test.Scan Files And Insert Files Into DB Finish. duration: 954.0
01-07 06:00:54.290  7242  7279 D eup     : rqdp{  execute request:
01-07 06:00:54.290  7242  7279 D eup     : } POST /analytics/upload HTTP/1.1
01-07 06:00:54.290  7242  7279 D eup     : rqdp{  recevied:}351
01-07 06:00:54.291  7242  7279 D eup     : rqdp{  covert to ResponsePackage}
01-07 06:00:54.291  7242  7279 I eup     : rqdp{  fix ip:}166.111.131.12 rqdp{  tmgap:}2
01-07 06:00:54.292  7242  7279 D eup     : rqdp{  unzp:} 2 rqdp{  len:} 241
01-07 06:00:54.292  7242  7279 W eup     : rqdp{  no handler key:}303
01-07 06:00:54.292  7242  7279 D eup     : rqdp{  key:}302 rqdp{  handler: }class com.tencent.feedback.eup.m
01-07 06:00:54.293  7242  7279 D eup     : rqdp{  init eup sStrategy by uStrategy}
01-07 06:00:54.293  7242  7279 D eup     : rqdp{  is merged changed} false
01-07 06:00:54.293  7242  7279 D eup     : rqdp{ Assert enable changed: } true
01-07 06:00:54.293  7242  7279 D eup     : crashstrategy vmap size:3
01-07 06:00:54.293  7242  7279 D eup     : key isBroadcast
01-07 06:00:54.293  7242  7279 D eup     : key isAnr
01-07 06:00:54.293  7242  7279 D eup     : key isReceiveBroadcast
01-07 06:00:54.293  7242  7279 D eup     : true
01-07 06:00:54.293  7242  7279 D eup     : false
01-07 06:00:54.293  7242  7279 D eup     : false
01-07 06:00:54.293  7242  7279 D eup     : rqdp{  save eup strategy}
01-07 06:00:54.406  7192  7192 I TencentPay: APIPDatabase | onCreate
01-07 06:00:54.607  7242  7279 D eup     : rqdp{  update strategy} 302 rqdp{  true}
01-07 06:00:54.607  7192  7394 W Profiler: perf.scanner_speed_test.Insert Directories Into DB Finish. duration: 1309.0
01-07 06:00:54.607  7192  7394 E LocalFileCacheManager: finishScan!!!!!!!!!!!!!!!!!!!!!!!!!!!!!!!!
01-07 06:00:54.607  7192  7394 W Profiler: perf.performance_test.end duration: 1274.0
01-07 06:00:54.607  7242  7279 D eup     : rqdp{  crashStrategy}[]
01-07 06:00:54.607  7192  7394 E FileScanner: scanListener is null!!!!!
01-07 06:00:54.607  7242  7279 W eup     : rqdp{  no handler key:}301
01-07 06:00:54.607  7192  7394 W Profiler: perf.performance_test.all task finish refresh UI! duration: 1274.0
01-07 06:00:54.607  7242  7279 D eup     : rqdp{  key:}300 rqdp{  handler: }class com.tencent.feedback.proguard.am
01-07 06:00:54.607  7192  7394 D LogPoint: scansongs-1|scan songs end|<2551556235140>
01-07 06:00:54.607  7192  7394 E Profiler: perf.. duration: 2506.0
01-07 06:00:54.608  7192  7394 W Profiler: perf.scanner_speed_test.Auto scan Songs Finish. duration: 1309.0
01-07 06:00:54.608  7242  7279 D eup     : rqdp{  useSStrategy changed to} false
01-07 06:00:54.608  7242  7279 D eup     : rqdp{  url same to} http://monitor.uu.qq.com/analytics/upload
01-07 06:00:54.609  7242  7279 D eup     : rqdp{  upStrategy changed to} 3
01-07 06:00:54.609  7242  7279 D eup     : rqdp{  za changed:}2
01-07 06:00:54.609  7242  7279 D eup     : rqdp{  mid:}3 rqdp{  , need detail changed:}true 
01-07 06:00:54.609  7242  7279 D eup     : rqdp{  mid:}3 rqdp{  , url same:}http://monitor.uu.qq.com/analytics/upload
01-07 06:00:54.609  7242  7279 W eup     : rqdp{  imposiable! module base strategy not ready! mId:}1
01-07 06:00:54.609  7242  7279 W eup     : rqdp{  imposiable! module base strategy not ready! mId:}2
01-07 06:00:54.609  7242  7279 D eup     : rqdp{  update common strategy should save}
01-07 06:00:54.609  7192  7394 E Profiler: perf..getExistsPaths duration: 2508.0
01-07 06:00:54.609  7192  7394 D ScannerUtils: queryAllFiles
01-07 06:00:54.609  7192  7394 E Profiler: perf..queryAllFiles duration: 2508.0
01-07 06:00:54.609  7192  7394 E Profiler: perf..getNewEntities duration: 2508.0
01-07 06:00:54.610  7192  7394 D Profiler: perf..begin 1452146454610
01-07 06:00:54.610  7192  7394 E Profiler: perf..getSongIds duration: 2509.0
01-07 06:00:54.611  7192  7394 E Profiler: perf..getID3 duration: 2510.0
01-07 06:00:54.611  7192  7394 D Profiler: perf..end duration: 1.0
01-07 06:00:54.611  7192  7394 E Profiler: perf.. duration: 2510.0
01-07 06:00:54.611  7192  7394 W Profiler: perf.scanner_speed_test.process auto scan result Finish. duration: 1313.0
01-07 06:00:54.611  7192  7394 E Profiler: perf.. duration: 2510.0
01-07 06:00:54.611  7192  7394 W Profiler: perf.scanner_speed_test.save to repository result start. duration: 1313.0
01-07 06:00:54.614  7192  7394 E SQLiteLog: (284) automatic index on User_Folder_Song_table(id)
01-07 06:00:54.615  7192  7394 E SQLiteLog: (284) automatic index on User_Folder_Song_table(id)
01-07 06:00:54.762  7192  7237 E beacon  : ChannelID: 73820
01-07 06:00:54.763  2145  3553 W ActivityManager: getRunningAppProcesses: caller 10061 does not hold REAL_GET_TASKS; limiting output
01-07 06:00:54.764  2145  2685 W ActivityManager: getRunningAppProcesses: caller 10061 does not hold REAL_GET_TASKS; limiting output
01-07 06:00:54.764  7192  7237 E beacon  : ChannelID: 73820
01-07 06:00:54.765  2145  3551 W ActivityManager: getRunningAppProcesses: caller 10061 does not hold REAL_GET_TASKS; limiting output
01-07 06:00:54.765  2145  3552 W ActivityManager: getRunningAppProcesses: caller 10061 does not hold REAL_GET_TASKS; limiting output
01-07 06:00:54.766  7192  7237 E beacon  : ChannelID: 73820
01-07 06:00:54.767  7192  7237 E beacon  : ChannelID: 73820
01-07 06:00:54.826  7242  7279 D eup     : rqdp{  update strategy} 300 rqdp{  true}
01-07 06:00:54.826  7242  7279 D eup     : rqdp{  com strategy changed notify!}
01-07 06:00:54.826  7242  7279 D eup     : rqdp{  com strateyg changed }class com.tencent.feedback.eup.n
01-07 06:00:54.827  7242  7279 I eup     : rqdp{  req:}200 rqdp{  res:}305 rqdp{  send:}227 rqdp{  recv:}351 rqdp{  result:}true rqdp{  msg:}null
01-07 06:00:54.827  7242  7279 D eup     : rqdp{  in AnalyticsDAO.query() start}
01-07 06:00:54.827  7242  7279 D eup     : rqdp{  query}  ( _type = 7 )  and _time <= 9223372036854775807 
01-07 06:00:54.829  7242  7279 I eup     : rqdp{  cids num :}2
01-07 06:00:54.829  7242  7279 D eup     : rqdp{  in AnalyticsDAO.paserCursor() start}
01-07 06:00:54.830  7242  7279 D eup     : rqdp{  in AnalyticsDAO.paserCursor() end}
01-07 06:00:54.830  7242  7279 D eup     : rqdp{  current addNum: }0
01-07 06:00:54.830  7242  7279 I eup     : rqdp{  total num: }2
01-07 06:00:54.830  7242  7279 D eup     : rqdp{  in AnalyticsDAO.query() end}
01-07 06:00:54.830  7242  7279 D eup     : rqdp{  de byte 2 obj}
01-07 06:00:54.830  7242  7279 D eup     : rqdp{  de byte 2 obj}
01-07 06:00:54.831  7242  7279 D eup     : rqdp{  en obj 2 bytes}
01-07 06:00:54.831  7242  7279 D eup     : rqdp{  en obj 2 bytes}
01-07 06:00:54.831  7242  7279 D eup     : rqdp{  insertOrUpdate alyticsBeans start!}
01-07 06:00:54.835  7192  7394 W Profiler: perf.scanner_speed_test.save to repository result finish. duration: 1537.0
01-07 06:00:54.835  7192  7394 E Profiler: perf.. duration: 2734.0
01-07 06:00:54.835  7192  7394 D LogPoint: scansongs-2|scan songs in table|<2551783879168>
01-07 06:00:54.836  7192  7394 W Profiler: perf.scanner_speed_test.update UI. duration: 1538.0
01-07 06:00:54.836  7192  7394 E Profiler: perf.. duration: 2735.0
01-07 06:00:54.836  7192  7394 E Profiler: perf..end duration: 2735.0
01-07 06:00:54.836  7192  7394 E Profiler: perf.1_APP_FULL_SCAN_LOCAL_FINISH.end duration: 2735.0
01-07 06:00:54.836  7192  7394 W Profiler: perf.scanner_speed_test.Scan Songs From Disk Finish. duration: 1538.0
01-07 06:00:54.838  2520  2520 D MediaScannerReceiver: action: android.intent.action.MEDIA_SCANNER_SCAN_FILE path: /storage/usb0//vedio/.mp3
01-07 06:00:54.839  2520  2520 D MediaScannerReceiver: action: android.intent.action.MEDIA_SCANNER_SCAN_FILE path: /storage/usb0//vedio/song.mp3
01-07 06:00:54.956  7537  7537 W linker  : [vdso]: unused DT entry: type 0x6ffffef5 arg 0x160
01-07 06:00:54.968  7539  7539 W linker  : [vdso]: unused DT entry: type 0x6ffffef5 arg 0x160
01-07 06:00:54.979  7540  7540 W linker  : [vdso]: unused DT entry: type 0x6ffffef5 arg 0x160
01-07 06:00:55.037  7242  7279 D eup     : rqdp{  result id:}1
01-07 06:00:55.040  7192  7237 E beacon  : ChannelID: 73820
01-07 06:00:55.052  7542  7542 W linker  : [vdso]: unused DT entry: type 0x6ffffef5 arg 0x160
01-07 06:00:55.337  7242  7279 D eup     : rqdp{  result id:}2
01-07 06:00:55.338  7242  7279 D eup     : rqdp{  insertOrUpdate alyticsBeans end}
01-07 06:00:55.338  7242  7279 D eup     : rqdp{  [total:}[tp:0 , st:1452146453626 ,counts:1, wifi:0 , notWifi:578 , up:227 , dn:351]]rqdp{  
01-07 06:00:55.338  7242  7279 D eup     : [today:}[tp:1 , st:1452146453626 ,counts:1, wifi:0 , notWifi:578 , up:227 , dn:351]]
01-07 06:00:55.338  7242  7279 D eup     : rqdp{  on query end!}
01-07 06:00:55.338  7242  7279 D eup     : rqdp{  step }3
01-07 06:00:55.338  7242  7279 D eup     : rqdp{  notify Query end}
01-07 06:00:55.338  7242  7279 D eup     : rqdp{  com query end }class com.tencent.feedback.eup.n
01-07 06:00:55.338  7242  7279 D eup     : rqdp{  step after query}
01-07 06:00:55.338  7242  7279 D eup     : rqdp{  isable}
01-07 06:00:55.338  7242  7279 D eup     : rqdp{  needDetail} true rqdp{  allQ:}false rqdp{  result:}false
01-07 06:00:55.338  7242  7279 D eup     : rqdp{  in merge}
01-07 06:00:55.339  7242  7279 D eup     : rqdp{  getEupInMe}
01-07 06:00:55.339  7242  7279 D eup     : rqdp{  EUPDAO.queryEupRecent() start}
01-07 06:00:55.339  7242  7279 D eup     : rqdp{  in AnalyticsDAO.query() start}
01-07 06:00:55.339  7242  7279 D eup     : rqdp{  query}  ( _type = 1 or _type = 2 )  and _upCounts <= 3  and _time >= 1452124800000  and _state = 0 
01-07 06:00:55.342  7242  7279 D eup     : rqdp{  in AnalyticsDAO.query() end}
01-07 06:00:55.342  7242  7279 D eup     : rqdp{  EUPDAO.queryEupRecent() start}
01-07 06:00:55.342  7242  7279 D eup     : rqdp{  in AnalyticsDAO.query() start}
01-07 06:00:55.342  7242  7279 D eup     : rqdp{  query}  ( _type = 1 or _type = 2 )  and _count >= 2  and _upCounts <= 3  and _time <= 1452124800000 
01-07 06:00:55.344  7242  7279 D eup     : rqdp{  in AnalyticsDAO.query() end}
01-07 06:00:55.344  7242  7279 D eup     : rqdp{  EUPDAO.queryEupRecent() start}
01-07 06:00:55.344  7242  7279 D eup     : rqdp{  in AnalyticsDAO.query() start}
01-07 06:00:55.344  7242  7279 D eup     : rqdp{  query}  ( _type = 1 or _type = 2 )  and _count >= 0  and _count <= 1  and _time >= 3  and _time <= 1452124800000  and _state = 0 
01-07 06:00:55.347  7242  7279 D eup     : rqdp{  in AnalyticsDAO.query() end}
01-07 06:00:55.347  7242  7279 D eup     : rqdp{  EUPDAO.insertOrUpdateEupList() start}
01-07 06:00:55.347  7242  7279 W eup     : rqdp{  context == null ||| list == null || list.size() <= 0,pls check}
01-07 06:00:55.347  7242  7279 D eup     : rqdp{  EUPDAO.deleteEup() start}
01-07 06:00:55.347  7242  7279 D eup     : rqdp{  AnalyticsDAO.delete() start}
01-07 06:00:55.347  7242  7279 D eup     : rqdp{  delete where: }_time >= -1 and _time <= 9223372036854775807 and _upCounts >= 3 and ( _type = 1 or _type = 2 )
01-07 06:00:55.349  7242  7279 D eup     : rqdp{  deleted num: }0
01-07 06:00:55.349  7242  7279 D eup     : rqdp{  AnalyticsDAO.delete() end}
01-07 06:00:55.349  7242  7279 D eup     : remove fail updata num :0
01-07 06:00:55.349  7242  7279 I eup     : close brocast!
01-07 06:00:55.349  7242  7279 D eup     : rqdp{  next time} 21600000
01-07 06:00:55.349  7242  7279 D eup     : rqdp{  step }4
01-07 06:00:56.077  7192  7192 I TencentPay: networktype | -1
01-07 06:00:56.077  7192  7192 I TencentPay: APMidasJS | isWSJ2 e:java.lang.NoSuchFieldException: wsjIdentify
01-07 06:00:56.077  7192  7192 I TencentPay: APMidasLoadJS | init enter jsVersion:1.0.1 context:com.tencent.qqmusic.MusicApplication@242fa86
01-07 06:00:56.080  7192  7192 I TencentPay: APMidasUpdateJS | getJSVersionFromFile version:
01-07 06:00:56.080  7192  7192 I TencentPay: APMidasUpdateJS | getJSMD5FromFile rsaMD5:
01-07 06:00:56.080  7192  7192 I TencentPay: APMidasLoadJS | init version: md5:
01-07 06:00:56.084  7192  7192 I MemTotal:       16322740 kB: MemTotal:	
01-07 06:00:56.084  7192  7192 I MemTotal:       16322740 kB: 16322740	
01-07 06:00:56.084  7192  7192 I MemTotal:       16322740 kB: kB	
01-07 06:00:56.085  7192  7192 I System.out: cpuinfo=ARMv7 processor rev 1 (v7l)  cupinfo2=1500.0
01-07 06:00:56.088  7192  7192 I MID     : read mid from Settings.System
01-07 06:00:56.088  7192  7546 I TencentPay: shihao | timeName:sdk.init.getApkVersion.time,time:7; action:
01-07 06:00:56.088  7192  7546 I TencentPay: insertTimeData interfaceName= | init
01-07 06:00:56.088  7192  7546 I TencentPay: insertTimeData timeName= | sdk.init.getApkVersion.time
01-07 06:00:56.088  7192  7546 I TencentPay: insertTimeData time= | 7
01-07 06:00:56.089  7192  7192 I TencentPay: initOnce | isNeedExtra:true initso:false
01-07 06:00:56.089  7192  7192 I TencentPay: APPluginUtils | APPluginUtils getInstallPath pluginName:MidasPay sInstallPathMap:{MidasPay=/data/data/com.tencent.qqmusic/app_midasplugins/MidasPay_1.5.1_30_22090f2c0331f878865f9967e6b97dc6.apk}
01-07 06:00:56.089  7192  7192 I TencentPay: APPluginUtils | APPluginUtils getInstallPath installFile:/data/data/com.tencent.qqmusic/app_midasplugins/MidasPay_1.5.1_30_22090f2c0331f878865f9967e6b97dc6.apk
01-07 06:00:56.090  7192  7192 I TencentPay: APPluginUtils | extractLibs end to dirToExtract:armeabi
01-07 06:00:56.093  7192  7546 I TencentPay: insertData format | sdk.apk.time
01-07 06:00:56.095  7192  7192 I TencentPay: initOnce | init so done
01-07 06:00:56.095  7192  7192 I TencentPay: insertData format | sdk.wsj.isInstall
01-07 06:00:56.096  7192  7546 I TencentPay: shihao | timeName:sdk.init.getLocalIp.time,time:0; action:
01-07 06:00:56.096  7192  7546 I TencentPay: insertTimeData interfaceName= | init
01-07 06:00:56.096  7192  7192 I TencentPay:  | 6.3.8.56_re6b2553
01-07 06:00:56.096  7192  7546 I TencentPay: insertTimeData timeName= | sdk.init.getLocalIp.time
01-07 06:00:56.096  7192  7546 I TencentPay: insertTimeData time= | 0
01-07 06:00:56.096  7192  7546 I TencentPay: insertData format | sdk.apk.time
01-07 06:00:56.097  7192  7192 E art     : dlopen("/data/data/com.tencent.qqmusic/app_midaslib_2/libunipayutils.so", RTLD_LAZY) failed: dlopen failed: "/data/data/com.tencent.qqmusic/app_midaslib_2/libunipayutils.so" has unexpected e_machine: 40
01-07 06:00:56.097  7192  7192 W System.err: java.lang.reflect.InvocationTargetException
01-07 06:00:56.097  7192  7192 W System.err: 	at java.lang.reflect.Method.invoke(Native Method)
01-07 06:00:56.097  7192  7192 W System.err: 	at java.lang.reflect.Method.invoke(Method.java:372)
01-07 06:00:56.097  7192  7546 I TencentPay: shihao | timeName:sdk.init.getDeviceId.time,time:0; action:
01-07 06:00:56.097  7192  7192 W System.err: 	at com.tencent.midas.plugin.APPluginProxyActivity.initPluginInterface(Unknown Source)
01-07 06:00:56.097  7192  7546 I TencentPay: insertTimeData interfaceName= | init
