01-07 06:00:52.755  7242  7295 E LibraryLoader: 	at java.lang.System.loadLibrary(System.java:988)
01-07 06:00:52.755  7242  7295 E LibraryLoader: 	at com.tencent.base.os.Native.a(SourceFile:85)
01-07 06:00:52.755  7242  7295 E LibraryLoader: 	at com.tencent.wns.network.ConnectionImpl.<clinit>(SourceFile:30)
01-07 06:00:52.755  7242  7295 E LibraryLoader: 	at com.tencent.wns.session.f.a(SourceFile:232)
01-07 06:00:52.755  7242  7295 E LibraryLoader: 	at com.tencent.wns.session.j.d(SourceFile:1012)
01-07 06:00:52.755  7242  7295 E LibraryLoader: 	at com.tencent.wns.session.v.run(SourceFile:918)
01-07 06:00:52.755  7242  7295 E LibraryLoader: 	at android.os.Handler.handleCallback(Handler.java:739)
01-07 06:00:52.755  7242  7295 E LibraryLoader: 	at android.os.Handler.dispatchMessage(Handler.java:95)
01-07 06:00:52.755  7242  7295 E LibraryLoader: 	at android.os.Looper.loop(Looper.java:135)
01-07 06:00:52.755  7242  7295 E LibraryLoader: 	at android.os.HandlerThread.run(HandlerThread.java:61)
01-07 06:00:52.755  7242  7295 E LibraryLoader: libwnsnetwork.so not exist,try to forceCopy!
01-07 06:00:52.755  7242  7295 I LibraryLoader: try to copy libwnsnetwork.so
01-07 06:00:52.755  7242  7295 D LibraryLoader: copy lib:lib/armeabi/libwnsnetwork.so to /data/data/com.tencent.qqmusic/qzlib
01-07 06:00:52.756  7242  7295 D LibraryLoader: try to load library: /data/data/com.tencent.qqmusic/qzlib/libwnsnetwork.so from qzlib
01-07 06:00:52.757  7242  7295 E art     : dlopen("/data/data/com.tencent.qqmusic/qzlib/libwnsnetwork.so", RTLD_LAZY) failed: dlopen failed: "/data/data/com.tencent.qqmusic/qzlib/libwnsnetwork.so" has unexpected e_machine: 40
01-07 06:00:52.757  7242  7295 E LibraryLoader: cannot load library /data/data/com.tencent.qqmusic/qzlib/libwnsnetwork.so from qzlib
01-07 06:00:52.757  7242  7295 E LibraryLoader: java.lang.UnsatisfiedLinkError: dlopen failed: "/data/data/com.tencent.qqmusic/qzlib/libwnsnetwork.so" has unexpected e_machine: 40
01-07 06:00:52.757  7242  7295 E LibraryLoader: 	at java.lang.Runtime.load(Runtime.java:331)
01-07 06:00:52.757  7242  7295 E LibraryLoader: 	at java.lang.System.load(System.java:981)
01-07 06:00:52.757  7242  7295 E LibraryLoader: 	at com.tencent.base.os.Native.a(SourceFile:154)
01-07 06:00:52.757  7242  7295 E LibraryLoader: 	at com.tencent.wns.network.ConnectionImpl.<clinit>(SourceFile:30)
01-07 06:00:52.757  7242  7295 E LibraryLoader: 	at com.tencent.wns.session.f.a(SourceFile:232)
01-07 06:00:52.757  7242  7295 E LibraryLoader: 	at com.tencent.wns.session.j.d(SourceFile:1012)
01-07 06:00:52.757  7242  7295 E LibraryLoader: 	at com.tencent.wns.session.v.run(SourceFile:918)
01-07 06:00:52.757  7242  7295 E LibraryLoader: 	at android.os.Handler.handleCallback(Handler.java:739)
01-07 06:00:52.757  7242  7295 E LibraryLoader: 	at android.os.Handler.dispatchMessage(Handler.java:95)
01-07 06:00:52.757  7242  7295 E LibraryLoader: 	at android.os.Looper.loop(Looper.java:135)
01-07 06:00:52.757  7242  7295 E LibraryLoader: 	at android.os.HandlerThread.run(HandlerThread.java:61)
01-07 06:00:52.759  7242  7295 E LibraryLoader: lib/armeabi/libwnsnetwork.so md5 = 5fa567aaa79eb72c0182598dbf3b2c36,/data/data/com.tencent.qqmusic/qzlib/libwnsnetwork.so md5 = 5fa567aaa79eb72c0182598dbf3b2c36
01-07 06:00:52.760  7242  7295 W LibraryLoader: Prepare to Download Native Libs From Network ... 
01-07 06:00:52.760  7242  7295 W LibraryLoader: Url = http://1251013638.cdn.myqcloud.com/1251013638/wns-qcloud-sdk/wns_so_arm_20151120.zip
01-07 06:00:52.850  7242  7279 I eup     : rqdp{  onlaunch}
01-07 06:00:52.850  7242  7279 D eup     : rqdp{  step }1
01-07 06:00:52.850  7242  7279 D eup     : rqdp{  FileDAO.query() start query name:}/data/app/com.tencent.qqmusic-1/base.apk rqdp{   , type}:0 rqdp{  , num:}10 
01-07 06:00:52.853  7242  7279 D eup     : rqdp{  FileDAO.query() end success} 0
01-07 06:00:52.853  7242  7279 D eup     : rqdp{  queryFile result num } 0
01-07 06:00:52.853  7242  7279 D eup     : rqdp{  FileDAO.insert() start num:}1
01-07 06:00:52.905  2145  2198 I EGL-DRI2: DRI2: found extension DRI_Core version 1
01-07 06:00:52.905  2145  2198 I EGL-DRI2: DRI2: found extension DRI_DRI2 version 4
01-07 06:00:52.911  2145  2198 I EGL-DRI2: DRI2: found extension DRI_TexBuffer version 3
01-07 06:00:52.911  2145  2198 I EGL-DRI2: DRI2: found extension DRI2_Flush version 4
01-07 06:00:52.911  2145  2198 I EGL-DRI2: DRI2: found extension DRI_IMAGE version 11
01-07 06:00:52.911  2145  2198 I OpenGLRenderer: Initialized EGL, version 1.4
01-07 06:00:53.112  7242  7279 D eup     : rqdp{  insertFile name:}/data/app/com.tencent.qqmusic-1/base.apk rqdp{  result:}true
01-07 06:00:53.112  7242  7279 D eup     : rqdp{  FileDAO.insert() end success }1
01-07 06:00:53.112  7242  7279 I eup     : new app 5.8.0.18294 
01-07 06:00:53.112  7242  7279 D eup     : rqdp{AppInfo.getUUID() Start}
01-07 06:00:53.112  7242  7279 D rqdp{ RDMUUID }:%s: 4fbc81ec-aab9-4f24-a5e0-467d6163af17
01-07 06:00:53.112  7242  7279 I eup     : rqdp{  AppFirstRun } 4fbc81ec-aab9-4f24-a5e0-467d6163af17
01-07 06:00:53.112  7242  7279 D eup     : rqdp{  AnalyticsDAO.delete() start}
01-07 06:00:53.112  7242  7279 D eup     : rqdp{  delete where: }_time >= -1 and _time <= 9223372036854775807
01-07 06:00:53.114  7242  7279 D eup     : rqdp{  deleted num: }0
01-07 06:00:53.115  7242  7279 D eup     : rqdp{  AnalyticsDAO.delete() end}
01-07 06:00:53.115  7242  7279 I eup     : rqdp{  clear ao count} 0
01-07 06:00:53.115  7242  7279 D eup     : rqdp{  isFirst }true
01-07 06:00:53.115  7242  7279 I eup     : rqdp{  app first start} class com.tencent.feedback.eup.n
01-07 06:00:53.115  7242  7279 D eup     : rqdp{  EUPDAO.deleteEup() start}
01-07 06:00:53.115  7242  7279 D eup     : rqdp{  AnalyticsDAO.delete() start}
01-07 06:00:53.115  7242  7279 D eup     : rqdp{  delete where: }_time >= -1 and _time <= 9223372036854775807 and ( _type = 1 or _type = 2 )
01-07 06:00:53.117  7242  7279 D eup     : rqdp{  deleted num: }0
01-07 06:00:53.117  7242  7279 D eup     : rqdp{  AnalyticsDAO.delete() end}
01-07 06:00:53.117  7242  7279 D eup     : rqdp{  eup clear} 0 
01-07 06:00:53.119  7242  7279 D eup     : rqdp{  delete Strategy key} 302 rqdp{  , num} 0
01-07 06:00:53.119  7242  7279 D eup     : rqdp{  eup strategy clear} 0 
01-07 06:00:53.119  7242  7279 D eup     : rqdp{  on Query Start}
01-07 06:00:53.119  7242  7279 D eup     : rqdp{  step }2
01-07 06:00:53.119  7242  7279 D eup     : rqdp{  notify Query Start}
01-07 06:00:53.119  7242  7279 D eup     : rqdp{  com query start }class com.tencent.feedback.eup.n
01-07 06:00:53.120  2145  3552 W ActivityManager: getRunningAppProcesses: caller 10061 does not hold REAL_GET_TASKS; limiting output
01-07 06:00:53.120  7242  7279 D eup     : rqdp{ next day 64747000}
01-07 06:00:53.121  2145  2164 W ActivityManager: getRunningAppProcesses: caller 10061 does not hold REAL_GET_TASKS; limiting output
01-07 06:00:53.121  7242  7279 D eup     : rqdp{  AnalyticsDAO.querySum() start}
01-07 06:00:53.121  7242  7279 D eup     : rqdp{  query where: }_time >= -1 and _time <= 9223372036854775807 and ( _type = 9 ) and ( _key = 'com.tencent.qqmusic:QQPlayerService' )
01-07 06:00:53.123  7242  7279 D eup     : rqdp{  query sum: }0
01-07 06:00:53.124  7242  7279 D eup     : rqdp{  AnalyticsDAO.querySum() end}
01-07 06:00:53.124  7242  7279 D eup     : rqdp{  wait lanch record:} 500
01-07 06:00:53.146  2145  2685 W ActivityManager: getRunningAppProcesses: caller 10061 does not hold REAL_GET_TASKS; limiting output
01-07 06:00:53.146  2145  3552 W ActivityManager: getRunningAppProcesses: caller 10061 does not hold REAL_GET_TASKS; limiting output
01-07 06:00:53.146  2145  3554 W ActivityManager: getRunningAppProcesses: caller 10061 does not hold REAL_GET_TASKS; limiting output
01-07 06:00:53.244  7192  7192 I Delta   : [+1000] programStart1 2  , total: 1693
01-07 06:00:53.248  7192  7192 I Delta   : [+4] programStart1 3  , total: 1697
01-07 06:00:53.249  2145  2164 W ActivityManager: getRunningAppProcesses: caller 10061 does not hold REAL_GET_TASKS; limiting output
01-07 06:00:53.249  7192  7192 I Delta   : [+1] programStart1 end  , total: 1698
01-07 06:00:53.252  7192  7389 I TMSelfUpdateManager: enter
01-07 06:00:53.252  7192  7389 D TMLog   : addLogToCache failed!
01-07 06:00:53.253  7192  7389 I TMSelfUpdateManager: exit
01-07 06:00:53.253  7192  7389 D TMLog   : addLogToCache failed!
01-07 06:00:53.260  2145  2170 W BroadcastQueue: Permission Denial: broadcasting Intent { act=android.net.conn.CONNECTIVITY_CHANGE flg=0x4000010 (has extras) } from null (pid=-1, uid=-1) requires com.tencent.qqmusic.permission.SEND_BROADCAST_PERMISSION due to registered receiver BroadcastFilter{34b7a6a1 u0 ReceiverList{373b2f08 7192 com.tencent.qqmusic/10061/u0 remote:7c58cab}}
01-07 06:00:53.264  7192  7192 I Delta   : [+15] init view , total: 1713
01-07 06:00:53.266  7192  7192 D Profiler: perf.MainDesktopFragment_ON_ATTACH_TO_ON_RESUME.begin 1452146453266
01-07 06:00:53.268  7192  7192 I Delta   : [+4] create main desktop , total: 1717
01-07 06:00:53.290  7192  7192 I Delta   : [+22] create main desktop end , total: 1739
01-07 06:00:53.291  7192  7192 D Profiler: perf.MainDesktopFragment_ON_ATTACH_TO_ON_RESUME.end duration: 25.0
01-07 06:00:53.297  7192  7297 E art     : dlopen("/data/app/com.tencent.qqmusic-1/lib/arm/libfilescanner.so", RTLD_LAZY) failed: dlopen failed: "/data/app/com.tencent.qqmusic-1/lib/arm/libfilescanner.so" has unexpected e_machine: 40
01-07 06:00:53.297  7192  7297 W System.err: java.lang.UnsatisfiedLinkError: dlopen failed: "/data/app/com.tencent.qqmusic-1/lib/arm/libfilescanner.so" has unexpected e_machine: 40
01-07 06:00:53.297  7192  7297 W System.err: 	at java.lang.Runtime.loadLibrary(Runtime.java:371)
01-07 06:00:53.297  7192  7297 W System.err: 	at java.lang.System.loadLibrary(System.java:988)
01-07 06:00:53.297  7192  7297 W System.err: 	at com.tencent.qqmusic.business.local.filescanner.FileScannerJni.<clinit>(SourceFile:16)
01-07 06:00:53.297  7192  7297 W System.err: 	at com.tencent.qqmusic.business.local.filescanner.m.a(SourceFile:19)
01-07 06:00:53.297  7192  7297 W System.err: 	at com.tencent.qqmusic.business.local.filescanner.c.i(SourceFile:132)
01-07 06:00:53.297  7192  7297 W System.err: 	at com.tencent.qqmusic.business.local.filescanner.c.b(SourceFile:223)
01-07 06:00:53.297  7192  7297 W System.err: 	at com.tencent.qqmusic.business.local.filescanner.c.j(SourceFile:149)
01-07 06:00:53.297  7192  7297 W System.err: 	at com.tencent.qqmusic.business.local.filescanner.c.<init>(SourceFile:109)
01-07 06:00:53.297  7192  7297 W System.err: 	at com.tencent.qqmusic.business.local.filescanner.g.<init>(SourceFile:127)
01-07 06:00:53.297  7192  7297 W System.err: 	at com.tencent.qqmusic.business.local.filescanner.g.a(SourceFile:121)
01-07 06:00:53.297  7192  7297 W System.err: 	at com.tencent.qqmusic.business.local.filescanner.d.b(SourceFile:59)
01-07 06:00:53.297  7192  7297 W System.err: 	at com.tencent.qqmusic.business.local.a.x.run(SourceFile:836)
01-07 06:00:53.297  7192  7297 W System.err: 	at android.os.Handler.handleCallback(Handler.java:739)
01-07 06:00:53.297  7192  7297 W System.err: 	at android.os.Handler.dispatchMessage(Handler.java:95)
01-07 06:00:53.297  7192  7297 W System.err: 	at android.os.Looper.loop(Looper.java:135)
01-07 06:00:53.297  7192  7297 W System.err: 	at android.os.HandlerThread.run(HandlerThread.java:61)
01-07 06:00:53.298  7192  7297 D Profiler: perf.scanner_speed_test.begin 1452146453298
01-07 06:00:53.298  7192  7297 D Profiler: perf.2_SCAN_MEDIA_STORE.begin 1452146453298
01-07 06:00:53.310  7192  7297 W Profiler: perf.. duration: 1209.0
01-07 06:00:53.324  7192  7297 E art     : dlopen("/data/app/com.tencent.qqmusic-1/lib/arm/libFormatDetector.so", RTLD_LAZY) failed: dlopen failed: "/data/app/com.tencent.qqmusic-1/lib/arm/libFormatDetector.so" has unexpected e_machine: 40
01-07 06:00:53.325  7192  7297 W System.err: java.lang.UnsatisfiedLinkError: dlopen failed: "/data/app/com.tencent.qqmusic-1/lib/arm/libFormatDetector.so" has unexpected e_machine: 40
01-07 06:00:53.325  7192  7297 W System.err: 	at java.lang.Runtime.loadLibrary(Runtime.java:371)
01-07 06:00:53.325  7192  7297 W System.err: 	at java.lang.System.loadLibrary(System.java:988)
01-07 06:00:53.325  7192  7297 W System.err: 	at com.tencent.qqmusic.common.id3.FormatDetector.<clinit>(SourceFile:15)
01-07 06:00:53.325  7192  7297 W System.err: 	at com.tencent.qqmusic.common.id3.f.a(SourceFile:68)
01-07 06:00:53.325  7192  7297 W System.err: 	at com.tencent.qqmusic.business.local.a.ad.a(SourceFile:105)
01-07 06:00:53.325  7192  7297 W System.err: 	at com.tencent.qqmusic.business.local.a.x.run(SourceFile:879)
01-07 06:00:53.325  7192  7297 W System.err: 	at android.os.Handler.handleCallback(Handler.java:739)
01-07 06:00:53.325  7192  7297 W System.err: 	at android.os.Handler.dispatchMessage(Handler.java:95)
01-07 06:00:53.325  7192  7297 W System.err: 	at android.os.Looper.loop(Looper.java:135)
01-07 06:00:53.325  7192  7297 W System.err: 	at android.os.HandlerThread.run(HandlerThread.java:61)
01-07 06:00:53.330  7192  7297 W Profiler: perf.. duration: 1229.0
01-07 06:00:53.331  7192  7297 D Profiler: perf.2_SCAN_MEDIA_STORE.end duration: 33.0
01-07 06:00:53.332  7192  7297 D Profiler: perf.scanner_speed_test.Scan Songs From MediaStore Finish. duration: 34.0
01-07 06:00:53.332  7192  7297 W Profiler: perf.. duration: 1231.0
01-07 06:00:53.333  7192  7297 W DBHelper: simpleQueryForLong: 0
01-07 06:00:53.333  7192  7297 W Profiler: perf.. duration: 1232.0
01-07 06:00:53.333  7192  7394 D Profiler: perf.performance_test.begin 1452146453333
01-07 06:00:53.333  7192  7394 D FileScanner: --------onScanBegin----------
01-07 06:00:53.333  7192  7394 D LocalFileCacheManager: dir:--- /storage/emulated/0/
01-07 06:00:53.340  1878  1905 E Vold    : Failed to find mounted volume for /storage/usb1/Android/data/com.tencent.qqmusic/cache/
01-07 06:00:53.340  7192  7396 W ContextImpl: Failed to ensure directory: /storage/usb1/Android/data/com.tencent.qqmusic/cache
01-07 06:00:53.341  1878  1905 E Vold    : Failed to find mounted volume for /storage/usb2/Android/data/com.tencent.qqmusic/cache/
01-07 06:00:53.341  7192  7396 W ContextImpl: Failed to ensure directory: /storage/usb2/Android/data/com.tencent.qqmusic/cache
01-07 06:00:53.341  1878  1905 E Vold    : Failed to find mounted volume for /storage/usb3/Android/data/com.tencent.qqmusic/cache/
01-07 06:00:53.341  7192  7396 W ContextImpl: Failed to ensure directory: /storage/usb3/Android/data/com.tencent.qqmusic/cache
01-07 06:00:53.342  1878  1905 E Vold    : Failed to find mounted volume for /storage/sdcard1/Android/data/com.tencent.qqmusic/cache/
01-07 06:00:53.342  7192  7396 W ContextImpl: Failed to ensure directory: /storage/sdcard1/Android/data/com.tencent.qqmusic/cache
01-07 06:00:53.360  7192  7394 D Profiler: perf.scanner_speed_test.Scan Directories Finish. duration: 62.0
01-07 06:00:53.360  7192  7394 D Profiler: perf.preHandleNewDirs 102.begin 1452146453360
01-07 06:00:53.360  7192  7192 I Delta   : [+70] init view end , total: 1809
01-07 06:00:53.363  7192  7192 I TMSelfUpdateManager: onActivityResume enter
01-07 06:00:53.363  7192  7192 D TMLog   : addLogToCache failed!
01-07 06:00:53.363  7192  7192 E TMSelfUpdateManager: exception: you must input an application context!
01-07 06:00:53.363  7192  7192 D TMLog   : addLogToCache failed!
01-07 06:00:53.363  7192  7192 I Delta   : [+3] base resume end , total: 1812
01-07 06:00:53.363  7192  7192 D LogPoint: scansongs-0|scan songs start|<2550311725338>
01-07 06:00:53.363  7192  7192 I Delta   : [+0] going to start mainview , total: 1812
01-07 06:00:53.363  7192  7192 I Delta   : [+0] start main view , total: 1812
01-07 06:00:53.364  2145  3553 I ActivityManager: START u0 {cmp=com.tencent.qqmusic/.activity.NewGuideActivity (has extras)} from uid 10061 on display 0
01-07 06:00:53.364  2145  3553 V WindowManager: addAppToken: AppWindowToken{2a24d995 token=Token{336a454c ActivityRecord{eedc17f u0 com.tencent.qqmusic/.activity.NewGuideActivity t49}}} to stack=1 task=49 at 1
01-07 06:00:53.373  7192  7394 D LocalFileCacheManager: preHandleNewDirs scanedDirCount: 102 file_total_count: 0
01-07 06:00:53.373  7192  7394 D Profiler: perf.preHandleNewDirs 102.end duration: 13.0
01-07 06:00:53.373  7192  7394 D Profiler: perf.scanner_speed_test.Scan Files And Insert Files Into DB Finish. duration: 75.0
01-07 06:00:53.379  7398  7398 W libnb   : Native bridge is disabled
01-07 06:00:53.379  2145  2170 I ActivityManager: Start proc 7398:com.tencent.mm/u0a58 for broadcast com.tencent.mm/.plugin.base.stub.WXEntryActivity$EntryReceiver
01-07 06:00:53.380  7192  7192 I TencentPay: insertTimeData interfaceName= | init
01-07 06:00:53.380  7192  7192 I TencentPay: insertTimeData timeName= | timename.init
01-07 06:00:53.380  7192  7192 I TencentPay: APMidasPayHelper | init initCount:0
01-07 06:00:53.380  7192  7411 I TencentPay:  | timeName:sdk.plugin.init.isNeedLocalUpdate.time,time0
01-07 06:00:53.380  7192  7411 I TencentPay: insertTimeData interfaceName= | init
01-07 06:00:53.380  7192  7411 I TencentPay: insertTimeData timeName= | sdk.plugin.init.isNeedLocalUpdate.time
01-07 06:00:53.380  7192  7411 I TencentPay: insertTimeData time= | 0
01-07 06:00:53.380  7192  7411 I TencentPay: APMidasPayHelper | preLoadMidasPay isNeedUpdateFromLocal:false
01-07 06:00:53.380  7192  7411 I TencentPay: APPluginUtils | isNeedUpdateFromAssets isInstall:false fileName:MidasPay.zip
01-07 06:00:53.380  7192  7411 I TencentPay: APPluginUtils | unInstallPlugin
01-07 06:00:53.380  7192  7411 I TencentPay: APPluginUtils | deletePlugin
01-07 06:00:53.380  7192  7411 I TencentPay: APPluginUtils | deleteDex
01-07 06:00:53.380  7192  7411 I TencentPay: APPluginUtils | deleteLibs
01-07 06:00:53.380  7192  7411 D TencentPay: APPluginStatic | release sInstances size: 0
01-07 06:00:53.380  7192  7411 I TencentPay:  | timeName:sdk.plugin.init.isNeedAssetsUpdate.time,time0
01-07 06:00:53.380  7192  7411 I TencentPay: insertTimeData interfaceName= | init
01-07 06:00:53.380  7192  7411 I TencentPay: insertTimeData timeName= | sdk.plugin.init.isNeedAssetsUpdate.time
01-07 06:00:53.380  7192  7411 I TencentPay: insertTimeData time= | 0
01-07 06:00:53.380  7192  7411 I TencentPay: APMidasPayHelper | preLoadMidasPay isNeedUpdateFromAssets:true
01-07 06:00:53.380  7192  7411 I TencentPay: APPluginUtils | unInstallPlugin
01-07 06:00:53.380  7192  7411 I TencentPay: APPluginUtils | deletePlugin
01-07 06:00:53.380  7192  7411 I TencentPay: APPluginUtils | deleteDex
01-07 06:00:53.380  7192  7411 I TencentPay: APPluginUtils | deleteLibs
01-07 06:00:53.380  7192  7411 D TencentPay: APPluginStatic | release sInstances size: 0
01-07 06:00:53.380  7192  7411 W TencentPay: APPluginContext |  is not has com.tencent.theme.SkinEngine e:java.lang.ClassNotFoundException: com.tencent.theme.SkinEngine
01-07 06:00:53.384  7398  7398 I ActivityThread: Switching default density from 160 to 240
01-07 06:00:53.384  2145  2164 W ActivityManager: getTasks: caller 10061 does not hold REAL_GET_TASKS; limiting output
01-07 06:00:53.386  7192  7192 I Delta   : [+23] activity focus , total: 1835
01-07 06:00:53.387  7192  7422 D SkinEngine: load colorList:/data/data/com.tencent.qqmusic/skin/2/res/color/color_t1.xml , cost:0
01-07 06:00:53.387  7192  7422 D SkinEngine: load colorList:/data/data/com.tencent.qqmusic/skin/2/res/color/color_t2.xml , cost:0
01-07 06:00:53.387  2145  2165 W ActivityManager: getRunningAppProcesses: caller 10058 does not hold REAL_GET_TASKS; limiting output
01-07 06:00:53.388  7192  7411 I TencentPay:  | timeName:sdk.plugin.init.getFileListFromAssets.time,time8
01-07 06:00:53.388  7192  7411 I TencentPay: insertTimeData interfaceName= | init
01-07 06:00:53.388  7192  7411 I TencentPay: insertTimeData timeName= | sdk.plugin.init.getFileListFromAssets.time
01-07 06:00:53.388  7192  7411 I TencentPay: insertTimeData time= | 8
01-07 06:00:53.388  7192  7411 I TencentPay: APPluginUtils | copyEmtpyResAPKFromAssets assetFile:A.conf
01-07 06:00:53.388  7192  7411 I TencentPay: APPluginUtils | copyEmtpyResAPKFromAssets assetFile:MidasEmptyRes1.apk
01-07 06:00:53.392  7192  7411 I TencentPay: APPluginUtils | copyEmtpyResAPKFromAssets meptyResPath:/data/data/com.tencent.qqmusic/app_midasemptyRes/MidasEmptyRes1.apk
01-07 06:00:53.392  7192  7411 I TencentPay: APPluginUtils | copyEmtpyResAPKFromAssets assetFile:MidasEmptyRes2.apk
01-07 06:00:53.392  7192  7411 I TencentPay: APPluginUtils | copyEmtpyResAPKFromAssets meptyResPath:/data/data/com.tencent.qqmusic/app_midasemptyRes/MidasEmptyRes2.apk
01-07 06:00:53.392  7192  7411 I TencentPay: APPluginUtils | copyEmtpyResAPKFromAssets assetFile:MidasPay.zip
01-07 06:00:53.392  7192  7411 I TencentPay: APPluginUtils | copyEmtpyResAPKFromAssets assetFile:TVKConfig.properties
01-07 06:00:53.392  7192  7411 I TencentPay: APPluginUtils | copyEmtpyResAPKFromAssets assetFile:WebViewJavaScriptBridge.js
01-07 06:00:53.392  7192  7411 I TencentPay: APPluginUtils | copyEmtpyResAPKFromAssets assetFile:ad_mma_sdkconfig.xml
01-07 06:00:53.392  7192  7411 I TencentPay: APPluginUtils | copyEmtpyResAPKFromAssets assetFile:back.png
01-07 06:00:53.392  7192  7411 I TencentPay: APPluginUtils | copyEmtpyResAPKFromAssets assetFile:battery_10.png
01-07 06:00:53.392  2145  2170 W BroadcastQueue: Permission Denial: broadcasting Intent { act=android.net.conn.CONNECTIVITY_CHANGE flg=0x4000010 (has extras) } from null (pid=-1, uid=-1) requires com.tencent.qqmusic.permission.SEND_BROADCAST_PERMISSION due to registered receiver BroadcastFilter{6c9f1e4 u0 ReceiverList{10f46177 7192 com.tencent.qqmusic/10061/u0 remote:13595776}}
01-07 06:00:53.392  7192  7411 I TencentPay: APPluginUtils | copyEmtpyResAPKFromAssets assetFile:battery_100.png
01-07 06:00:53.392  7192  7411 I TencentPay: APPluginUtils | copyEmtpyResAPKFromAssets assetFile:battery_20.png
01-07 06:00:53.392  7192  7411 I TencentPay: APPluginUtils | copyEmtpyResAPKFromAssets assetFile:battery_50.png
01-07 06:00:53.392  7192  7411 I TencentPay: APPluginUtils | copyEmtpyResAPKFromAssets assetFile:battery_80.png
01-07 06:00:53.392  7192  7411 I TencentPay: APPluginUtils | copyEmtpyResAPKFromAssets assetFile:battery_charging.png
01-07 06:00:53.392  7192  7411 I TencentPay: APPluginUtils | copyEmtpyResAPKFromAssets assetFile:battery_full.png
01-07 06:00:53.392  7192  7411 I TencentPay: APPluginUtils | copyEmtpyResAPKFromAssets assetFile:bullet_off.9.png
01-07 06:00:53.392  7192  7411 I TencentPay: APPluginUtils | copyEmtpyResAPKFromAssets assetFile:bullet_off.png
01-07 06:00:53.392  7192  7411 I TencentPay: APPluginUtils | copyEmtpyResAPKFromAssets assetFile:bullet_on.9.png
01-07 06:00:53.392  7192  7411 I TencentPay: APPluginUtils | copyEmtpyResAPKFromAssets assetFile:bullet_on.png
01-07 06:00:53.392  7192  7411 I TencentPay: APPluginUtils | copyEmtpyResAPKFromAssets assetFile:button_black.9.png
01-07 06:00:53.392  7192  7411 I TencentPay: APPluginUtils | copyEmtpyResAPKFromAssets assetFile:button_blue.9.png
01-07 06:00:53.392  7192  7411 I TencentPay: APPluginUtils | copyEmtpyResAPKFromAssets assetFile:button_default.9.png
01-07 06:00:53.392  7192  7411 I TencentPay: APPluginUtils | copyEmtpyResAPKFromAssets assetFile:button_full_black.9.png
01-07 06:00:53.392  7192  7411 I TencentPay: APPluginUtils | copyEmtpyResAPKFromAssets assetFile:button_full_orange.9.png
01-07 06:00:53.392  7192  7411 I TencentPay: APPluginUtils | copyEmtpyResAPKFromAssets assetFile:button_green.9.png
01-07 06:00:53.392  7192  7411 I TencentPay: APPluginUtils | copyEmtpyResAPKFromAssets assetFile:button_half_black.9.png
01-07 06:00:53.392  7192  7411 I TencentPay: APPluginUtils | copyEmtpyResAPKFromAssets assetFile:button_half_orange.9.png
01-07 06:00:53.392  7192  7411 I TencentPay: APPluginUtils | copyEmtpyResAPKFromAssets assetFile:button_orange.9.png
01-07 06:00:53.392  7192  7411 I TencentPay: APPluginUtils | copyEmtpyResAPKFromAssets assetFile:button_over.9.png
01-07 06:00:53.392  7192  7411 I TencentPay: APPluginUtils | copyEmtpyResAPKFromAssets assetFile:channel.ini
01-07 06:00:53.392  7192  7411 I TencentPay: APPluginUtils | copyEmtpyResAPKFromAssets assetFile:close.png
01-07 06:00:53.392  7192  7411 I TencentPay: APPluginUtils | copyEmtpyResAPKFromAssets assetFile:com.tencent.open.config.json
01-07 06:00:53.392  7192  7411 I TencentPay: APPluginUtils | copyEmtpyResAPKFromAssets assetFile:control_icon_cache_disable.png
01-07 06:00:53.392  7192  7411 I TencentPay: APPluginUtils | copyEmtpyResAPKFromAssets assetFile:control_icon_cache_n.png
01-07 06:00:53.392  7192  7411 I TencentPay: APPluginUtils | copyEmtpyResAPKFromAssets assetFile:control_icon_cache_s.png
01-07 06:00:53.392  7192  7411 I TencentPay: APPluginUtils | copyEmtpyResAPKFromAssets assetFile:control_icon_faverate.png
01-07 06:00:53.392  7192  7411 I TencentPay: APPluginUtils | copyEmtpyResAPKFromAssets assetFile:control_icon_faverate_selected.png
01-07 06:00:53.392  7192  7411 I TencentPay: APPluginUtils | copyEmtpyResAPKFromAssets assetFile:control_icon_full_screen_n.png
01-07 06:00:53.392  7192  7411 I TencentPay: APPluginUtils | copyEmtpyResAPKFromAssets assetFile:control_icon_full_screen_p.png
01-07 06:00:53.392  7192  7411 I TencentPay: APPluginUtils | copyEmtpyResAPKFromAssets assetFile:control_icon_light_down.png
01-07 06:00:53.392  7192  7411 I TencentPay: APPluginUtils | copyEmtpyResAPKFromAssets assetFile:control_icon_light_up.png
01-07 06:00:53.392  7192  7411 I TencentPay: APPluginUtils | copyEmtpyResAPKFromAssets assetFile:control_icon_pause_n.png
01-07 06:00:53.392  7192  7411 I TencentPay: APPluginUtils | copyEmtpyResAPKFromAssets assetFile:control_icon_pause_s.png
01-07 06:00:53.392  7192  7411 I TencentPay: APPluginUtils | copyEmtpyResAPKFromAssets assetFile:control_icon_play_n.png
01-07 06:00:53.392  7192  7411 I TencentPay: APPluginUtils | copyEmtpyResAPKFromAssets assetFile:control_icon_play_s.png
01-07 06:00:53.392  7192  7411 I TencentPay: APPluginUtils | copyEmtpyResAPKFromAssets assetFile:control_icon_voice_down.png
01-07 06:00:53.392  7192  7411 I TencentPay: APPluginUtils | copyEmtpyResAPKFromAssets assetFile:control_icon_voice_up.png
01-07 06:00:53.392  7192  7411 I TencentPay: APPluginUtils | copyEmtpyResAPKFromAssets assetFile:control_line_heng.png
01-07 06:00:53.392  7192  7411 I TencentPay: APPluginUtils | copyEmtpyResAPKFromAssets assetFile:control_line_shu.png
01-07 06:00:53.392  7192  7411 I TencentPay: APPluginUtils | copyEmtpyResAPKFromAssets assetFile:control_progress.9.png
01-07 06:00:53.392  7192  7411 I TencentPay: APPluginUtils | copyEmtpyResAPKFromAssets assetFile:control_progress_bg.9.png
01-07 06:00:53.392  7192  7411 I TencentPay: APPluginUtils | copyEmtpyResAPKFromAssets assetFile:control_progress_seek_btn.png
01-07 06:00:53.392  7192  7411 I TencentPay: APPluginUtils | copyEmtpyResAPKFromAssets assetFile:control_seekbar_btn.png
01-07 06:00:53.392  7192  7411 I TencentPay: APPluginUtils | copyEmtpyResAPKFromAssets assetFile:control_volume_center.png
01-07 06:00:53.392  7192  7411 I TencentPay: APPluginUtils | copyEmtpyResAPKFromAssets assetFile:control_volume_center_mute.png
01-07 06:00:53.392  7192  7411 I TencentPay: APPluginUtils | copyEmtpyResAPKFromAssets assetFile:drawable
01-07 06:00:53.392  7192  7411 I TencentPay: APPluginUtils | copyEmtpyResAPKFromAssets assetFile:drawable-hdpi
01-07 06:00:53.392  7192  7411 I TencentPay: APPluginUtils | copyEmtpyResAPKFromAssets assetFile:drawable-ldpi
01-07 06:00:53.392  7192  7411 I TencentPay: APPluginUtils | copyEmtpyResAPKFromAssets assetFile:drawable-mdpi
01-07 06:00:53.392  7192  7411 I TencentPay: APPluginUtils | copyEmtpyResAPKFromAssets assetFile:drawable-xhdpi
01-07 06:00:53.392  7192  7411 I TencentPay: APPluginUtils | copyEmtpyResAPKFromAssets assetFile:drawable-xxhdpi
01-07 06:00:53.392  7192  7411 I TencentPay: APPluginUtils | copyEmtpyResAPKFromAssets assetFile:fancircle_btn_back.png
01-07 06:00:53.392  7192  7411 I TencentPay: APPluginUtils | copyEmtpyResAPKFromAssets assetFile:fonts
01-07 06:00:53.392  7192  7411 I TencentPay: APPluginUtils | copyEmtpyResAPKFromAssets assetFile:glowcenter.jpg
01-07 06:00:53.392  7192  7411 I TencentPay: APPluginUtils | copyEmtpyResAPKFromAssets assetFile:hanzi.bin
01-07 06:00:53.392  7192  7411 I TencentPay: APPluginUtils | copyEmtpyResAPKFromAssets assetFile:hkljh.ttf.zip
01-07 06:00:53.392  7192  7411 I TencentPay: APPluginUtils | copyEmtpyResAPKFromAssets assetFile:hudson.png
01-07 06:00:53.392  7192  7411 I TencentPay: APPluginUtils | copyEmtpyResAPKFromAssets assetFile:ic_back_bg_player.png
01-07 06:00:53.392  7192  7411 I TencentPay: APPluginUtils | copyEmtpyResAPKFromAssets assetFile:ic_back_bg_player_s.png
01-07 06:00:53.392  7192  7411 I TencentPay: APPluginUtils | copyEmtpyResAPKFromAssets assetFile:ic_player_controller_bg_new.9.png
01-07 06:00:53.392  7192  7411 I TencentPay: APPluginUtils | copyEmtpyResAPKFromAssets assetFile:icon_download.png
01-07 06:00:53.392  7192  7411 I TencentPay: APPluginUtils | copyEmtpyResAPKFromAssets assetFile:icon_ok.png
01-07 06:00:53.392  7192  7411 I TencentPay: APPluginUtils | copyEmtpyResAPKFromAssets assetFile:icon_open.png
01-07 06:00:53.392  7192  7411 I TencentPay: APPluginUtils | copyEmtpyResAPKFromAssets assetFile:icon_play.png
01-07 06:00:53.392  7192  7411 I TencentPay: APPluginUtils | copyEmtpyResAPKFromAssets assetFile:icon_replay.png
01-07 06:00:53.392  7192  7411 I TencentPay: APPluginUtils | copyEmtpyResAPKFromAssets assetFile:images
01-07 06:00:53.392  7192  7411 I TencentPay: APPluginUtils | copyEmtpyResAPKFromAssets assetFile:img_drag_back.png
01-07 06:00:53.392  7192  7411 I TencentPay: APPluginUtils | copyEmtpyResAPKFromAssets assetFile:img_drag_forward.png
01-07 06:00:53.392  7192  7411 I TencentPay: APPluginUtils | copyEmtpyResAPKFromAssets assetFile:img_load.png
01-07 06:00:53.392  7192  7411 I TencentPay: APPluginUtils | copyEmtpyResAPKFromAssets assetFile:jingdianheibai.png
01-07 06:00:53.392  7192  7411 I TencentPay: APPluginUtils | copyEmtpyResAPKFromAssets assetFile:lib
01-07 06:00:53.392  7192  7411 I TencentPay: APPluginUtils | copyEmtpyResAPKFromAssets assetFile:libwbsafeedit
01-07 06:00:53.392  7192  7411 I TencentPay: APPluginUtils | copyEmtpyResAPKFromAssets assetFile:line.9.png
01-07 06:00:53.392  7192  7411 I TencentPay: APPluginUtils | copyEmtpyResAPKFromAssets assetFile:line_center.9.png
01-07 06:00:53.392  7192  7411 I TencentPay: APPluginUtils | copyEmtpyResAPKFromAssets assetFile:line_new.9.png
01-07 06:00:53.392  7192  7411 I TencentPay: APPluginUtils | copyEmtpyResAPKFromAssets assetFile:line_new3.9.png
01-07 06:00:53.392  7192  7411 I TencentPay: APPluginUtils | copyEmtpyResAPKFromAssets assetFile:loading00.png
01-07 06:00:53.392  7192  7411 I TencentPay: APPluginUtils | copyEmtpyResAPKFromAssets assetFile:loading01.png
01-07 06:00:53.392  7192  7411 I TencentPay: APPluginUtils | copyEmtpyResAPKFromAssets assetFile:loading02.png
01-07 06:00:53.392  7192  7411 I TencentPay: APPluginUtils | copyEmtpyResAPKFromAssets assetFile:loading03.png
01-07 06:00:53.392  7192  7411 I TencentPay: APPluginUtils | copyEmtpyResAPKFromAssets assetFile:loading04.png
01-07 06:00:53.392  7192  7411 I TencentPay: APPluginUtils | copyEmtpyResAPKFromAssets assetFile:loading05.png
01-07 06:00:53.392  7192  7411 I TencentPay: APPluginUtils | copyEmtpyResAPKFromAssets assetFile:loading06.png
01-07 06:00:53.392  7192  7411 I TencentPay: APPluginUtils | copyEmtpyResAPKFromAssets assetFile:loading07.png
01-07 06:00:53.392  7192  7411 I TencentPay: APPluginUtils | copyEmtpyResAPKFromAssets assetFile:loading08.png
01-07 06:00:53.392  7192  7411 I TencentPay: APPluginUtils | copyEmtpyResAPKFromAssets assetFile:loading09.png
01-07 06:00:53.392  7192  7411 I TencentPay: APPluginUtils | copyEmtpyResAPKFromAssets assetFile:loading10.png
01-07 06:00:53.392  7192  7411 I TencentPay: APPluginUtils | copyEmtpyResAPKFromAssets assetFile:loading11.png
01-07 06:00:53.392  7192  7411 I TencentPay: APPluginUtils | copyEmtpyResAPKFromAssets assetFile:loading12.png
01-07 06:00:53.392  7192  7411 I TencentPay: APPluginUtils | copyEmtpyResAPKFromAssets assetFile:loading13.png
01-07 06:00:53.392  7192  7411 I TencentPay: APPluginUtils | copyEmtpyResAPKFromAssets assetFile:loading14.png
01-07 06:00:53.392  7192  7411 I TencentPay: APPluginUtils | copyEmtpyResAPKFromAssets assetFile:loading15.png
01-07 06:00:53.392  7192  7411 I TencentPay: APPluginUtils | copyEmtpyResAPKFromAssets assetFile:loading16.png
01-07 06:00:53.392  7192  7411 I TencentPay: APPluginUtils | copyEmtpyResAPKFromAssets assetFile:loading17.png
01-07 06:00:53.392  7192  7411 I TencentPay: APPluginUtils | copyEmtpyResAPKFromAssets assetFile:loading18.png
01-07 06:00:53.392  7192  7411 I TencentPay: APPluginUtils | copyEmtpyResAPKFromAssets assetFile:loading19.png
01-07 06:00:53.392  7192  7411 I TencentPay: APPluginUtils | copyEmtpyResAPKFromAssets assetFile:loading20.png
01-07 06:00:53.392  7192  7411 I TencentPay: APPluginUtils | copyEmtpyResAPKFromAssets assetFile:loading21.png
01-07 06:00:53.392  7192  7411 I TencentPay: APPluginUtils | copyEmtpyResAPKFromAssets assetFile:loading22.png
01-07 06:00:53.392  7192  7411 I TencentPay: APPluginUtils | copyEmtpyResAPKFromAssets assetFile:loading23.png
01-07 06:00:53.392  7192  7411 I TencentPay: APPluginUtils | copyEmtpyResAPKFromAssets assetFile:loading24.png
01-07 06:00:53.392  7192  7411 I TencentPay: APPluginUtils | copyEmtpyResAPKFromAssets assetFile:loading25.png
01-07 06:00:53.392  7192  7411 I TencentPay: APPluginUtils | copyEmtpyResAPKFromAssets assetFile:loading26.png
01-07 06:00:53.392  7192  7411 I TencentPay: APPluginUtils | copyEmtpyResAPKFromAssets assetFile:loading27.png
01-07 06:00:53.392  7192  7411 I TencentPay: APPluginUtils | copyEmtpyResAPKFromAssets assetFile:loading28.png
01-07 06:00:53.392  7192  7411 I TencentPay: APPluginUtils | copyEmtpyResAPKFromAssets assetFile:loading29.png
01-07 06:00:53.392  7192  7411 I TencentPay: APPluginUtils | copyEmtpyResAPKFromAssets assetFile:nh
01-07 06:00:53.392  7192  7411 I TencentPay: APPluginUtils | copyEmtpyResAPKFromAssets assetFile:overlayVideo.mp4
01-07 06:00:53.392  7192  7411 I TencentPay: APPluginUtils | copyEmtpyResAPKFromAssets assetFile:overlayVideo_mask.mp4
01-07 06:00:53.392  7192  7411 I TencentPay: APPluginUtils | copyEmtpyResAPKFromAssets assetFile:pinyin.bin
01-07 06:00:53.392  7192  7411 I TencentPay: APPluginUtils | copyEmtpyResAPKFromAssets assetFile:player_morebt_disable.png
01-07 06:00:53.392  7192  7411 I TencentPay: APPluginUtils | copyEmtpyResAPKFromAssets assetFile:player_morebt_hover.png
01-07 06:00:53.392  7192  7411 I TencentPay: APPluginUtils | copyEmtpyResAPKFromAssets assetFile:player_morebt_normal.png
01-07 06:00:53.392  7192  7411 I TencentPay: APPluginUtils | copyEmtpyResAPKFromAssets assetFile:player_settings_bright_thumb.png
01-07 06:00:53.392  7192  7411 I TencentPay: APPluginUtils | copyEmtpyResAPKFromAssets assetFile:portraitbeauty.png
01-07 06:00:53.392  7192  7411 I TencentPay: APPluginUtils | copyEmtpyResAPKFromAssets assetFile:progress_bg.9.png
01-07 06:00:53.392  7192  7411 I TencentPay: APPluginUtils | copyEmtpyResAPKFromAssets assetFile:progress_bg01.9.png
01-07 06:00:53.392  7192  7411 I TencentPay: APPluginUtils | copyEmtpyResAPKFromAssets assetFile:progress_bg01.png
01-07 06:00:53.392  7192  7411 I TencentPay: APPluginUtils | copyEmtpyResAPKFromAssets assetFile:progress_bg03.9.png
01-07 06:00:53.392  7192  7411 I TencentPay: APPluginUtils | copyEmtpyResAPKFromAssets assetFile:progress_bg03.9_1.png
01-07 06:00:53.392  7192  7411 I TencentPay: APPluginUtils | copyEmtpyResAPKFromAssets assetFile:progress_bg03.png
01-07 06:00:53.392  7192  7411 I TencentPay: APPluginUtils | copyEmtpyResAPKFromAssets assetFile:progress_bg03_1.9.png
01-07 06:00:53.392  7192  7411 I TencentPay: APPluginUtils | copyEmtpyResAPKFromAssets assetFile:progress_bg03_j.9.png
01-07 06:00:53.392  7192  7411 I TencentPay: APPluginUtils | copyEmtpyResAPKFromAssets assetFile:progress_bg04.9.png
01-07 06:00:53.392  7192  7411 I TencentPay: APPluginUtils | copyEmtpyResAPKFromAssets assetFile:progress_button.png
01-07 06:00:53.392  7192  7411 I TencentPay: APPluginUtils | copyEmtpyResAPKFromAssets assetFile:progress_line.9.png
01-07 06:00:53.392  7192  7411 I TencentPay: APPluginUtils | copyEmtpyResAPKFromAssets assetFile:progress_line_new.9.png
01-07 06:00:53.392  7192  7411 I TencentPay: APPluginUtils | copyEmtpyResAPKFromAssets assetFile:progress_line_new_j.9.png
01-07 06:00:53.392  7192  7411 I TencentPay: APPluginUtils | copyEmtpyResAPKFromAssets assetFile:qqmusic.ini
01-07 06:00:53.392  7192  7411 I TencentPay: APPluginUtils | copyEmtpyResAPKFromAssets assetFile:recognize_model
01-07 06:00:53.392  7192  7411 I TencentPay: APPluginUtils | copyEmtpyResAPKFromAssets assetFile:refresh.png
01-07 06:00:53.392  7192  7411 I TencentPay: APPluginUtils | copyEmtpyResAPKFromAssets assetFile:screen_shot.png
01-07 06:00:53.392  7192  7411 I TencentPay: APPluginUtils | copyEmtpyResAPKFromAssets assetFile:setting_bright_seekbar_background.9.png
01-07 06:00:53.392  7192  7411 I TencentPay: APPluginUtils | copyEmtpyResAPKFromAssets assetFile:setting_bright_seekbar_background_1.9.png
01-07 06:00:53.392  7192  7411 I TencentPay: APPluginUtils | copyEmtpyResAPKFromAssets assetFile:setting_bright_seekbar_progress.9.png
01-07 06:00:53.392  7192  7411 I TencentPay: APPluginUtils | copyEmtpyResAPKFromAssets assetFile:sfd.ser
01-07 06:00:53.392  7192  7411 I TencentPay: APPluginUtils | copyEmtpyResAPKFromAssets assetFile:simple-skin.zip
01-07 06:00:53.392  7192  7411 I TencentPay: APPluginUtils | copyEmtpyResAPKFromAssets assetFile:skin_nav_icon_l_return.9.png
01-07 06:00:53.392  7192  7411 I TencentPay: APPluginUtils | copyEmtpyResAPKFromAssets assetFile:sounds
01-07 06:00:53.392  7192  7411 I TencentPay: APPluginUtils | copyEmtpyResAPKFromAssets assetFile:template_oldvideo.json
01-07 06:00:53.392  7192  7411 I TencentPay: APPluginUtils | copyEmtpyResAPKFromAssets assetFile:test.html
01-07 06:00:53.392  7192  7411 I TencentPay: APPluginUtils | copyEmtpyResAPKFromAssets assetFile:text
01-07 06:00:53.392  7192  7411 I TencentPay: APPluginUtils | copyEmtpyResAPKFromAssets assetFile:title_line.png
01-07 06:00:53.392  7192  7411 I TencentPay: APPluginUtils | copyEmtpyResAPKFromAssets assetFile:verify.jar
01-07 06:00:53.392  7192  7411 I TencentPay: APPluginUtils | copyEmtpyResAPKFromAssets assetFile:webkit
01-07 06:00:53.392  7192  7411 I TencentPay: APPluginUtils | copyEmtpyResAPKFromAssets assetFile:xpro2.png
01-07 06:00:53.392  7192  7411 I TencentPay: APPluginUtils | installPluginFromAssets sUnzipMidasPayFile:MidasPay.zip
01-07 06:00:53.393  7192  7411 I TencentPay: APPluginUtils | installPluginFromAssets zipEntry.getName:MidasCFT_1.5.1_30_fbb92fa0aae554849c22c44284b14572.jar
01-07 06:00:53.393  7192  7411 I TencentPay: APPluginUtils | installPluginFromAssets lastIndexOf pos:50
01-07 06:00:53.393  7192  7411 I TencentPay: APPluginUtils | installPluginFromAssets name:MidasCFT_1.5.1_30_fbb92fa0aae554849c22c44284b14572
01-07 06:00:53.393  7192  7411 I TencentPay: APPluginUtils | installPluginFromAssets sourceName:MidasCFT
01-07 06:00:53.393  7192  7411 I TencentPay: APPluginUtils | installPluginFromAssets versionName:1.5.1
01-07 06:00:53.393  7192  7411 I TencentPay: APPluginUtils | installPluginFromAssets versionCode:30
01-07 06:00:53.393  7192  7411 I TencentPay: APPluginUtils | installPluginFromAssets MD5:fbb92fa0aae554849c22c44284b14572
01-07 06:00:53.393  7192  7411 I TencentPay: APPluginUtils | installPluginFromAssets destFileName:/data/data/com.tencent.qqmusic/app_midasplugins/MidasCFT_1.5.1_30_fbb92fa0aae554849c22c44284b14572.apk
01-07 06:00:53.394  7192  7192 I TMSelfUpdateManager: onActivityResume enter
01-07 06:00:53.394  7192  7192 D TMLog   : addLogToCache failed!
01-07 06:00:53.394  7192  7192 E TMSelfUpdateManager: exception: you must input an application context!
01-07 06:00:53.394  7192  7192 D TMLog   : addLogToCache failed!
01-07 06:00:53.395  7192  7192 I LogPoint4Test: -->1845
01-07 06:00:53.396  2145  3554 V WindowManager: Adding window Window{227f9c14 u0 com.tencent.qqmusic/com.tencent.qqmusic.activity.NewGuideActivity} at 9 of 15 (after Window{3e84b642 u0 com.tencent.qqmusic/com.tencent.qqmusic.activity.AppStarterActivity})
01-07 06:00:53.396  2145  2165 W ActivityManager: getTasks: caller 10061 does not hold REAL_GET_TASKS; limiting output
01-07 06:00:53.396  7192  7411 I TencentPay: APPluginUtils | sdcardFilePath:/storage/emulated/0/Tencent/MidasPay/
01-07 06:00:53.397  7192  7411 I TencentPay: APPluginUtils | installPluginFromAssets zipEntry.getName:MidasCore_1.5.1_30_350caaa3441e9771548f86b0954a1aa4.jar
01-07 06:00:53.397  7192  7411 I TencentPay: APPluginUtils | installPluginFromAssets lastIndexOf pos:51
01-07 06:00:53.397  7192  7411 I TencentPay: APPluginUtils | installPluginFromAssets name:MidasCore_1.5.1_30_350caaa3441e9771548f86b0954a1aa4
01-07 06:00:53.397  7192  7411 I TencentPay: APPluginUtils | installPluginFromAssets sourceName:MidasCore
01-07 06:00:53.397  7192  7411 I TencentPay: APPluginUtils | installPluginFromAssets versionName:1.5.1
01-07 06:00:53.397  7192  7411 I TencentPay: APPluginUtils | installPluginFromAssets versionCode:30
01-07 06:00:53.397  7192  7411 I TencentPay: APPluginUtils | installPluginFromAssets MD5:350caaa3441e9771548f86b0954a1aa4
01-07 06:00:53.397  7192  7411 I TencentPay: APPluginUtils | installPluginFromAssets destFileName:/data/data/com.tencent.qqmusic/app_midasplugins/MidasCore_1.5.1_30_350caaa3441e9771548f86b0954a1aa4.apk
01-07 06:00:53.397  7192  7411 I TencentPay: APPluginUtils | sdcardFilePath:/storage/emulated/0/Tencent/MidasPay/
01-07 06:00:53.397  7192  7411 I TencentPay: APPluginUtils | installPluginFromAssets zipEntry.getName:MidasPay_1.5.1_30_22090f2c0331f878865f9967e6b97dc6.jar
01-07 06:00:53.397  7192  7411 I TencentPay: APPluginUtils | installPluginFromAssets lastIndexOf pos:50
01-07 06:00:53.397  7192  7411 I TencentPay: APPluginUtils | installPluginFromAssets name:MidasPay_1.5.1_30_22090f2c0331f878865f9967e6b97dc6
01-07 06:00:53.397  7192  7411 I TencentPay: APPluginUtils | installPluginFromAssets sourceName:MidasPay
01-07 06:00:53.397  7192  7411 I TencentPay: APPluginUtils | installPluginFromAssets versionName:1.5.1
01-07 06:00:53.397  7192  7411 I TencentPay: APPluginUtils | installPluginFromAssets versionCode:30
01-07 06:00:53.397  7192  7411 I TencentPay: APPluginUtils | installPluginFromAssets MD5:22090f2c0331f878865f9967e6b97dc6
01-07 06:00:53.397  7192  7411 I TencentPay: APPluginUtils | installPluginFromAssets destFileName:/data/data/com.tencent.qqmusic/app_midasplugins/MidasPay_1.5.1_30_22090f2c0331f878865f9967e6b97dc6.apk
01-07 06:00:53.397  7192  7192 I TMSelfUpdateManager: onActivityResume enter
01-07 06:00:53.397  7192  7192 D TMLog   : addLogToCache failed!
01-07 06:00:53.397  7192  7192 E TMSelfUpdateManager: exception: you must input an application context!
01-07 06:00:53.397  7192  7192 D TMLog   : addLogToCache failed!
01-07 06:00:53.397  7192  7192 I LogPoint4Test: -->2
01-07 06:00:53.398  7192  7422 I art     : Explicit concurrent mark sweep GC freed 20249(1409KB) AllocSpace objects, 6(96KB) LOS objects, 40% free, 9MB/16MB, paused 905us total 10.572ms
01-07 06:00:53.398  7192  7425 I TencentPay:  | MidasCFT_1.5.1_30_fbb92fa0aae554849c22c44284b14572.apk:1
01-07 06:00:53.399  7192  7426 I TencentPay:  | MidasCore_1.5.1_30_350caaa3441e9771548f86b0954a1aa4.apk:1
01-07 06:00:53.399  1878  1905 E Vold    : Failed to find mounted volume for /storage/usb1/Android/data/com.tencent.qqmusic/files/
01-07 06:00:53.399  7242  7242 W ContextImpl: Failed to ensure directory: /storage/usb1/Android/data/com.tencent.qqmusic/files
01-07 06:00:53.399  1878  1905 E Vold    : Failed to find mounted volume for /storage/usb2/Android/data/com.tencent.qqmusic/files/
01-07 06:00:53.399  7242  7242 W ContextImpl: Failed to ensure directory: /storage/usb2/Android/data/com.tencent.qqmusic/files
01-07 06:00:53.399  1878  1905 E Vold    : Failed to find mounted volume for /storage/usb3/Android/data/com.tencent.qqmusic/files/
01-07 06:00:53.400  7242  7242 W ContextImpl: Failed to ensure directory: /storage/usb3/Android/data/com.tencent.qqmusic/files
01-07 06:00:53.400  1878  1905 E Vold    : Failed to find mounted volume for /storage/sdcard1/Android/data/com.tencent.qqmusic/files/
01-07 06:00:53.400  7242  7242 W ContextImpl: Failed to ensure directory: /storage/sdcard1/Android/data/com.tencent.qqmusic/files
01-07 06:00:53.403  7192  7411 I TencentPay: APPluginUtils | sdcardFilePath:/storage/emulated/0/Tencent/MidasPay/
01-07 06:00:53.403  7192  7411 I TencentPay: APPluginUtils | installPluginFromAssets zipEntry.getName:MidasSign.ini
01-07 06:00:53.403  7192  7411 I TencentPay: APPluginUtils | installPluginFromAssets destFileName:/data/data/com.tencent.qqmusic/app_midasplugins/MidasSign.ini
01-07 06:00:53.403  7192  7411 I TencentPay: APPluginUtils | sdcardFilePath:/storage/emulated/0/Tencent/MidasPay/
01-07 06:00:53.403  7192  7411 I TencentPay: APPluginUtils | installPlugin retCode:0
01-07 06:00:53.403  7192  7411 I TencentPay:  | timeName:sdk.plugin.init.installFromAssets.time,time23
01-07 06:00:53.403  7192  7411 I TencentPay: insertTimeData interfaceName= | init
01-07 06:00:53.403  7192  7411 I TencentPay: insertTimeData timeName= | sdk.plugin.init.installFromAssets.time
01-07 06:00:53.403  7192  7411 I TencentPay: insertTimeData time= | 23
01-07 06:00:53.403  7192  7411 I TencentPay: APMidasPayHelper | preLoadMidasPay installPlugin ret:0
01-07 06:00:53.403  7192  7411 I TencentPay: APMidasPayHelper | preLoadMidasPay initRequest:null
01-07 06:00:53.404  7192  7411 I TencentPay: APPluginUtils | isPluginValid
01-07 06:00:53.404  7192  7411 I TencentPay: APPluginUtils | isPluginValid sline:MidasCore_1.5.1_30_350caaa3441e9771548f86b0954a1aa4.apk:78F78935AF528D81D4A2D5CEC01701E66DECE0C2821FBE8162B553CC1B0157B8C85A34B2AF86DF130EC4801D27ED149352256E495807044CD9E3F133C53763B27B5F02862FB641FD44E26895FD44590134C5A1E3C865CAD585262BDDB103124509E6BD06292380C8A24B0DF05C67701F0B098FFD7629B1BFE8D61312283EB35679F3E23FCD8784B5B6B981825BE6CD5F16622CA72A924F8A60F16BB261C7C7D42FA6E7BBC5333BBEB2C26078433E8043950F465D33B0F15A14EAB60CA0CF3839BF734A88D1FC0C9AD236D3F2E84A5BB4E61F1CF6FD2E2EA2E095F6CAA7B95916168F85B7F9450D550A29B3079C1FEB7BBF5289E4943297B7D0DC8236AB0CBFE8
01-07 06:00:53.405  7192  7411 I TencentPay: APMidasRSATools | resultData=255
01-07 06:00:53.405  7192  7411 I TencentPay: APPluginUtils | isPluginValid name:MidasCore
01-07 06:00:53.405  7192  7411 I TencentPay: APPluginUtils | isPluginValid md5:350caaa3441e9771548f86b0954a1aa4
01-07 06:00:53.405  7192  7411 I TencentPay: APPluginUtils | isPluginValid sline:MidasPay_1.5.1_30_22090f2c0331f878865f9967e6b97dc6.apk:0B51AB6865F93EF80A354465DD878D677F74987D59627A1D4385C3669565E70B7470C01109EA1F726C3B6550A43A3E6095C0F911D6D6129AF5C12DA964157F7F057AA02AEE170C3DD994A7660FED4F4A0C65F3708CB537E0A259587EC63DA450C33515E71D68FBA61B7CA0760AC6A4C67E63C22F245F08D49CA082ADBE19C414D556C7299B10F3AAB55BA57A56E6AFE7D3CE6CB5903335E7225196F542BBC5B09C2D0A3462CC7A5AF7CB7DD0DC16564CDD7BEB67EDC41F5CC57299426976B1ACCE54ECD163693EF76F3E95BED4510986E5ED1BCED2BABDE0FC305021A948844152A9936DC0DA3FA331A8C0A8CC0DA8031D56EB0A5954DDB45FB88EB9875F71C9
01-07 06:00:53.406  7192  7411 I TencentPay: APMidasRSATools | resultData=255
01-07 06:00:53.406  7192  7411 I TencentPay: APPluginUtils | isPluginValid name:MidasPay
01-07 06:00:53.406  7192  7411 I TencentPay: APPluginUtils | isPluginValid md5:22090f2c0331f878865f9967e6b97dc6
01-07 06:00:53.406  7192  7411 I TencentPay: APPluginUtils | isPluginValid sline:MidasCFT_1.5.1_30_fbb92fa0aae554849c22c44284b14572.apk:B3EA7A94C49323FE919CF1DBBC2D8811F1A3C88A181F926DB3C5934F9BB23B41A602542D74FECCC6024F06B7296AD6F8A5775A8D6AA517538BF2694C34B2FAB737EBAAD50722A4A2DD39159BD2E76A91EEC5D9DE4AABD5DEA0868045F39285CAD12352735DD81B5B6ABEB589342DA2B26F2460597DB450FF2AC735F8229ACBC9A673C6C41AE7EB7B5F60AB9B38E38CCBD85B483FD4426B2034AD8C48CED5DF624DC51735D4C6842018A27080FF2D0F0E2C0620F50F3B7458A5BD9F21F44861070F2863FE51DA233F050A3271389792CDCD2F6C1B87C617F39C2708F8EF75E2E04F90644ECFCB80CB99B0BC1F760A3330CB717CC7AC9CAA03AD955AB38609FA71
01-07 06:00:53.406  7192  7411 I TencentPay: APMidasRSATools | resultData=255
01-07 06:00:53.406  7192  7411 I TencentPay: APPluginUtils | isPluginValid name:MidasCFT
01-07 06:00:53.406  7192  7411 I TencentPay: APPluginUtils | isPluginValid md5:fbb92fa0aae554849c22c44284b14572
01-07 06:00:53.406  7192  7411 I TencentPay: APPluginUtils | isPluginValid file:MidasCFT_1.5.1_30_fbb92fa0aae554849c22c44284b14572.apk MD5:fbb92fa0aae554849c22c44284b14572
01-07 06:00:53.407  7192  7411 I TencentPay: APPluginUtils | checkFileMD5 sMD5:FBB92FA0AAE554849C22C44284B14572
01-07 06:00:53.407  7192  7411 I TencentPay: APPluginUtils | checkFileMD5 MD5:fbb92fa0aae554849c22c44284b14572
01-07 06:00:53.407  7192  7411 I TencentPay: APPluginUtils | isPluginValid file:MidasCore_1.5.1_30_350caaa3441e9771548f86b0954a1aa4.apk MD5:350caaa3441e9771548f86b0954a1aa4
01-07 06:00:53.407  7192  7411 I TencentPay: APPluginUtils | checkFileMD5 sMD5:350CAAA3441E9771548F86B0954A1AA4
01-07 06:00:53.407  7192  7411 I TencentPay: APPluginUtils | checkFileMD5 MD5:350caaa3441e9771548f86b0954a1aa4
01-07 06:00:53.407  7192  7411 I TencentPay: APPluginUtils | isPluginValid file:MidasPay_1.5.1_30_22090f2c0331f878865f9967e6b97dc6.apk MD5:22090f2c0331f878865f9967e6b97dc6
01-07 06:00:53.407  7192  7428 I TencentPay:  | MidasPay_1.5.1_30_22090f2c0331f878865f9967e6b97dc6.apk:4
01-07 06:00:53.408  7192  7411 I TencentPay: APPluginUtils | checkFileMD5 sMD5:22090F2C0331F878865F9967E6B97DC6
