01-07 06:00:56.097  7192  7192 W System.err: 	at com.tencent.midas.control.h.run(Unknown Source)
01-07 06:00:56.097  7192  7546 I TencentPay: insertTimeData timeName= | sdk.init.getDeviceId.time
01-07 06:00:56.097  7192  7192 W System.err: 	at android.os.Handler.handleCallback(Handler.java:739)
01-07 06:00:56.097  7192  7546 I TencentPay: insertTimeData time= | 0
01-07 06:00:56.097  7192  7192 W System.err: 	at android.os.Handler.dispatchMessage(Handler.java:95)
01-07 06:00:56.097  7192  7192 W System.err: 	at android.os.Looper.loop(Looper.java:135)
01-07 06:00:56.097  7192  7546 I TencentPay: insertData format | sdk.apk.time
01-07 06:00:56.097  7192  7192 W System.err: 	at android.app.ActivityThread.main(ActivityThread.java:5254)
01-07 06:00:56.097  7192  7192 W System.err: 	at java.lang.reflect.Method.invoke(Native Method)
01-07 06:00:56.097  7192  7192 W System.err: 	at java.lang.reflect.Method.invoke(Method.java:372)
01-07 06:00:56.097  7192  7192 W System.err: 	at com.android.internal.os.ZygoteInit$MethodAndArgsCaller.run(ZygoteInit.java:903)
01-07 06:00:56.097  7192  7192 W System.err: 	at com.android.internal.os.ZygoteInit.main(ZygoteInit.java:698)
01-07 06:00:56.097  7192  7192 W System.err: Caused by: java.lang.UnsatisfiedLinkError: dlopen failed: "/data/data/com.tencent.qqmusic/app_midaslib_2/libunipayutils.so" has unexpected e_machine: 40
01-07 06:00:56.097  7192  7192 W System.err: 	at java.lang.Runtime.loadLibrary(Runtime.java:371)
01-07 06:00:56.097  7192  7192 W System.err: 	at java.lang.System.loadLibrary(System.java:988)
01-07 06:00:56.097  7192  7192 W System.err: 	at com.pay.APAndroidPay.a(Unknown Source)
01-07 06:00:56.097  7192  7192 W System.err: 	at com.pay.APAndroidPay.GlobalInitialize(Unknown Source)
01-07 06:00:56.097  7192  7192 W System.err: 	at com.pay.api.APAndroidPayAPI.globalInit(Unknown Source)
01-07 06:00:56.097  7192  7192 W System.err: 	at com.tencent.midas.pay.APMidasDistribute.golbalInit(Unknown Source)
01-07 06:00:56.097  7192  7192 W System.err: 	... 12 more
01-07 06:00:56.097  7192  7192 I TencentPay: APMidasPayHelper | init ret:-2 msg:java.lang.reflect.InvocationTargetException
01-07 06:00:56.097  7192  7192 I TencentPay: APMidasPayHelper | openPlugin obj:null
01-07 06:00:56.097  7192  7192 I TencentPay: insertTimeData interfaceName= | init
01-07 06:00:56.097  7192  7192 I TencentPay: insertTimeData timeName= | sdk.plugin.init.totaltime
01-07 06:00:56.097  7192  7192 I Choreographer: Skipped 137 frames!  The application may be doing too much work on its main thread.
01-07 06:00:56.097  2145  2188 I InputDispatcher: Window 'Window{227f9c14 u0 com.tencent.qqmusic/com.tencent.qqmusic.activity.NewGuideActivity}' spent 2302.4ms processing the last input event: MotionEvent(deviceId=14, source=0x00002002, action=7, flags=0x00000000, metaState=0x00000000, buttonState=0x00000000, edgeFlags=0x00000000, xPrecision=1.0, yPrecision=1.0, displayId=0, pointers=[0: (1.0, 1351.6)]), policyFlags=0x62000001
01-07 06:00:56.097  2145  2188 I InputDispatcher: Window 'Window{227f9c14 u0 com.tencent.qqmusic/com.tencent.qqmusic.activity.NewGuideActivity}' spent 2294.5ms processing the last input event: MotionEvent(deviceId=14, source=0x00002002, action=7, flags=0x00000000, metaState=0x00000000, buttonState=0x00000000, edgeFlags=0x00000000, xPrecision=1.0, yPrecision=1.0, displayId=0, pointers=[0: (2.0, 1351.6)]), policyFlags=0x62000001
01-07 06:00:56.097  2145  2188 I InputDispatcher: Window 'Window{227f9c14 u0 com.tencent.qqmusic/com.tencent.qqmusic.activity.NewGuideActivity}' spent 2270.5ms processing the last input event: MotionEvent(deviceId=14, source=0x00002002, action=7, flags=0x00000000, metaState=0x00000000, buttonState=0x00000000, edgeFlags=0x00000000, xPrecision=1.0, yPrecision=1.0, displayId=0, pointers=[0: (2.0, 1352.6)]), policyFlags=0x62000001
01-07 06:00:56.097  2145  2188 I InputDispatcher: Window 'Window{227f9c14 u0 com.tencent.qqmusic/com.tencent.qqmusic.activity.NewGuideActivity}' spent 2062.6ms processing the last input event: MotionEvent(deviceId=14, source=0x00002002, action=7, flags=0x00000000, metaState=0x00000000, buttonState=0x00000000, edgeFlags=0x00000000, xPrecision=1.0, yPrecision=1.0, displayId=0, pointers=[0: (3.0, 1352.6)]), policyFlags=0x62000001
01-07 06:00:56.097  2145  2188 I InputDispatcher: Window 'Window{227f9c14 u0 com.tencent.qqmusic/com.tencent.qqmusic.activity.NewGuideActivity}' spent 2054.5ms processing the last input event: MotionEvent(deviceId=14, source=0x00002002, action=7, flags=0x00000000, metaState=0x00000000, buttonState=0x00000000, edgeFlags=0x00000000, xPrecision=1.0, yPrecision=1.0, displayId=0, pointers=[0: (4.0, 1353.6)]), policyFlags=0x62000001
01-07 06:00:56.097  2145  2188 I InputDispatcher: Window 'Window{227f9c14 u0 com.tencent.qqmusic/com.tencent.qqmusic.activity.NewGuideActivity}' spent 2046.6ms processing the last input event: MotionEvent(deviceId=14, source=0x00002002, action=7, flags=0x00000000, metaState=0x00000000, buttonState=0x00000000, edgeFlags=0x00000000, xPrecision=1.0, yPrecision=1.0, displayId=0, pointers=[0: (5.0, 1354.6)]), policyFlags=0x62000001
01-07 06:00:56.098  2145  2188 I InputDispatcher: Window 'Window{227f9c14 u0 com.tencent.qqmusic/com.tencent.qqmusic.activity.NewGuideActivity}' spent 2038.5ms processing the last input event: MotionEvent(deviceId=14, source=0x00002002, action=7, flags=0x00000000, metaState=0x00000000, buttonState=0x00000000, edgeFlags=0x00000000, xPrecision=1.0, yPrecision=1.0, displayId=0, pointers=[0: (6.0, 1354.6)]), policyFlags=0x62000001
01-07 06:00:56.098  2145  2188 I InputDispatcher: Window 'Window{227f9c14 u0 com.tencent.qqmusic/com.tencent.qqmusic.activity.NewGuideActivity}' spent 2030.5ms processing the last input event: MotionEvent(deviceId=14, source=0x00002002, action=7, flags=0x00000000, metaState=0x00000000, buttonState=0x00000000, edgeFlags=0x00000000, xPrecision=1.0, yPrecision=1.0, displayId=0, pointers=[0: (8.0, 1355.6)]), policyFlags=0x62000001
01-07 06:00:56.098  2145  2188 I InputDispatcher: Window 'Window{227f9c14 u0 com.tencent.qqmusic/com.tencent.qqmusic.activity.NewGuideActivity}' spent 2022.5ms processing the last input event: MotionEvent(deviceId=14, source=0x00002002, action=7, flags=0x00000000, metaState=0x00000000, buttonState=0x00000000, edgeFlags=0x00000000, xPrecision=1.0, yPrecision=1.0, displayId=0, pointers=[0: (9.0, 1356.6)]), policyFlags=0x62000001
01-07 06:00:56.098  2145  2188 I InputDispatcher: Window 'Window{227f9c14 u0 com.tencent.qqmusic/com.tencent.qqmusic.activity.NewGuideActivity}' spent 2014.6ms processing the last input event: MotionEvent(deviceId=14, source=0x00002002, action=7, flags=0x00000000, metaState=0x00000000, buttonState=0x00000000, edgeFlags=0x00000000, xPrecision=1.0, yPrecision=1.0, displayId=0, pointers=[0: (10.0, 1357.6)]), policyFlags=0x62000001
01-07 06:00:56.098  2145  2188 I InputDispatcher: Window 'Window{227f9c14 u0 com.tencent.qqmusic/com.tencent.qqmusic.activity.NewGuideActivity}' spent 2006.6ms processing the last input event: MotionEvent(deviceId=14, source=0x00002002, action=7, flags=0x00000000, metaState=0x00000000, buttonState=0x00000000, edgeFlags=0x00000000, xPrecision=1.0, yPrecision=1.0, displayId=0, pointers=[0: (12.0, 1357.6)]), policyFlags=0x62000001
01-07 06:00:56.098  7192  7546 W System.err: java.io.FileNotFoundException: /storage/emulated/0/Tencent/Midas.xml: open failed: ENOENT (No such file or directory)
01-07 06:00:56.098  7192  7546 W System.err: 	at libcore.io.IoBridge.open(IoBridge.java:456)
01-07 06:00:56.098  7192  7546 W System.err: 	at java.io.FileInputStream.<init>(FileInputStream.java:76)
01-07 06:00:56.098  7192  7546 W System.err: 	at java.io.FileInputStream.<init>(FileInputStream.java:103)
01-07 06:00:56.098  7192  7546 W System.err: 	at com.pay.tool.APIOXml.readInfoFromXML(Unknown Source)
01-07 06:00:56.098  7192  7546 W System.err: 	at com.pay.tool.APTools.readInfoSDCard(Unknown Source)
01-07 06:00:56.098  7192  7546 W System.err: 	at com.pay.tool.APTools.readInfoSDCard(Unknown Source)
01-07 06:00:56.098  7192  7546 W System.err: 	at com.pay.tool.d.run(Unknown Source)
01-07 06:00:56.098  7192  7546 W System.err: 	at java.lang.Thread.run(Thread.java:818)
01-07 06:00:56.098  7192  7546 W System.err: Caused by: android.system.ErrnoException: open failed: ENOENT (No such file or directory)
01-07 06:00:56.098  7192  7546 W System.err: 	at libcore.io.Posix.open(Native Method)
01-07 06:00:56.098  7192  7546 W System.err: 	at libcore.io.BlockGuardOs.open(BlockGuardOs.java:186)
01-07 06:00:56.098  7192  7546 W System.err: 	at libcore.io.IoBridge.open(IoBridge.java:442)
01-07 06:00:56.098  7192  7546 W System.err: 	... 7 more
01-07 06:00:56.098  7192  7546 I TencentPay: shihao | timeName:sdk.init.readSDinfo.time,time:1; action:
01-07 06:00:56.098  7192  7546 I TencentPay: insertTimeData interfaceName= | init
01-07 06:00:56.098  7192  7546 I TencentPay: insertTimeData timeName= | sdk.init.readSDinfo.time
01-07 06:00:56.098  7192  7546 I TencentPay: insertTimeData time= | 1
01-07 06:00:56.098  7192  7546 I TencentPay: insertData format | sdk.apk.time
01-07 06:00:56.099  7192  7192 D LogPoint: scansongs-3|scan songs flush ui|<2553047546138>
01-07 06:00:56.440  7192  7548 I TencentPay: APDatabaseHelper onCreate | CREATE TABLE IF NOT EXISTS APClickStreamTable (Id INTEGER PRIMARY KEY,Pid INTEGER,Seq VARCHAR(64),QQUin VARCHAR(64),AskedQQUin VARCHAR(64),ResultInfo VARCHAR,ErrorInfo VARCHAR(64),ErrorInfo2 VARCHAR(64),UserIP VARCHAR(64),PayChannel VARCHAR(64),Channel VARCHAR(64),SubChannel VARCHAR(64),ServiceCode VARCHAR(64),Action VARCHAR(64),Format VARCHAR(64),External_ref_id VARCHAR(64),Quantity VARCHAR(64),OfferId VARCHAR(64),OfferMedia VARCHAR(64),OfferPlatform VARCHAR(64),Amount VARCHAR(64),TransactionId VARCHAR(64),Appname VARCHAR(64),Device VARCHAR(64),MPRuleID VARCHAR(64),GiftID VARCHAR(64),SuccMode VARCHAR(64),AErr VARCHAR(64),ReqUrl VARCHAR(64),FirstReq VARCHAR(64),TokenTime VARCHAR(64),DisturbMode VARCHAR(64),JumpTo VARCHAR,IsBatch VARCHAR(64),GoodsID VARCHAR,GoodsPrice VARCHAR,GoodsNum VARCHAR,BuyType VARCHAR(64),QdqbBalance VARCHAR,CftBalance VARCHAR,VipFlags VARCHAR(64),PayLevel VARCHAR(64),GoldBlc VARCHAR(64),Token VARCHAR,ResultInfoLen INTEGER )
01-07 06:00:56.582  7242  7261 E art     : No implementation found for java.lang.String com.tencent.qqmusicplayerprocess.netspeed.VkeyManager.createWeakExpressKey(java.lang.String, int, int) (tried Java_com_tencent_qqmusicplayerprocess_netspeed_VkeyManager_createWeakExpressKey and Java_com_tencent_qqmusicplayerprocess_netspeed_VkeyManager_createWeakExpressKey__Ljava_lang_String_2II)
01-07 06:00:56.591  1878  1905 E Vold    : Failed to find mounted volume for /storage/usb1/Android/data/com.tencent.qqmusic/cache/
01-07 06:00:56.591  7242  7556 W ContextImpl: Failed to ensure directory: /storage/usb1/Android/data/com.tencent.qqmusic/cache
01-07 06:00:56.591  1878  1905 E Vold    : Failed to find mounted volume for /storage/usb2/Android/data/com.tencent.qqmusic/cache/
01-07 06:00:56.591  7242  7556 W ContextImpl: Failed to ensure directory: /storage/usb2/Android/data/com.tencent.qqmusic/cache
01-07 06:00:56.591  1878  1905 E Vold    : Failed to find mounted volume for /storage/usb3/Android/data/com.tencent.qqmusic/cache/
01-07 06:00:56.591  7242  7556 W ContextImpl: Failed to ensure directory: /storage/usb3/Android/data/com.tencent.qqmusic/cache
01-07 06:00:56.591  1878  1905 E Vold    : Failed to find mounted volume for /storage/sdcard1/Android/data/com.tencent.qqmusic/cache/
01-07 06:00:56.591  7242  7556 W ContextImpl: Failed to ensure directory: /storage/sdcard1/Android/data/com.tencent.qqmusic/cache
01-07 06:00:56.597  7242  7290 E art     : No implementation found for java.lang.String com.tencent.qqmusicplayerprocess.netspeed.VkeyManager.createWeakExpressKey(java.lang.String, int, int) (tried Java_com_tencent_qqmusicplayerprocess_netspeed_VkeyManager_createWeakExpressKey and Java_com_tencent_qqmusicplayerprocess_netspeed_VkeyManager_createWeakExpressKey__Ljava_lang_String_2II)
01-07 06:00:56.867  2145  2188 W TelecomManager: Telecom Service not found.
01-07 06:00:56.867  2145  2216 W AudioTrack: AUDIO_OUTPUT_FLAG_FAST denied by client
01-07 06:00:56.868  2145  2188 I ActivityManager: START u0 {act=android.intent.action.MAIN cat=[android.intent.category.HOME] flg=0x10200000 cmp=com.android.launcher3/.Launcher} from uid 1000 on display 0
01-07 06:00:56.878  1890  2142 D audio_hw_primary: found out /dev/snd/pcmC0D0p
01-07 06:00:56.884  2145  2164 W ActivityManager: getTasks: caller 10061 does not hold REAL_GET_TASKS; limiting output
01-07 06:00:56.913  2145  3552 I ActivityManager: Config changes=480 {1.0 ?mcc?mnc zh_CN ?layoutDir sw720dp w1280dp h646dp 240dpi lrg long land -touch qwerty/v/v -nav/h s.19}
01-07 06:00:56.913  2145  2145 V ActivityManager: Display changed displayId=0
01-07 06:00:56.914  2145  2189 I InputReader: Reconfiguring input devices.  changes=0x00000004
01-07 06:00:56.914  5912  5912 D GeckoApplication: onConfigurationChanged: zh_CN, background: false
01-07 06:00:56.914  5912  5912 D GeckoLocales: No selected locale. No correction needed.
01-07 06:00:56.954  2272  4868 E ActivityThread: Failed to find provider info for com.android.contacts
01-07 06:00:56.968  2145  2175 I WindowManager: Screen frozen for +83ms due to Window{159cbab5 u0 NavigationBar}
01-07 06:00:56.980  2145  2188 I InputDispatcher: Dropping event because there is no touchable window at (568, 1887).
01-07 06:00:56.980  2145  2188 I InputDispatcher: Dropping event because there is no touchable window at (569, 1886).
01-07 06:00:56.980  2145  2188 I InputDispatcher: Dropping event because there is no touchable window at (1886, 508).
01-07 06:00:57.040  2421  2421 D Launcher.Workspace: 11683562 - removeExtraEmptyScreen()
01-07 06:00:57.040  2421  2421 D Launcher.Workspace: 11683562 - convertFinalScreenToEmptyScreenIfNecessary()
01-07 06:00:57.257  7242  7326 E art     : No implementation found for java.lang.String com.tencent.qqmusicplayerprocess.netspeed.VkeyManager.createWeakExpressKey(java.lang.String, int, int) (tried Java_com_tencent_qqmusicplayerprocess_netspeed_VkeyManager_createWeakExpressKey and Java_com_tencent_qqmusicplayerprocess_netspeed_VkeyManager_createWeakExpressKey__Ljava_lang_String_2II)
01-07 06:00:57.269  7192  7192 I tyrael  : setWnsBackground
01-07 06:00:57.269  7242  7290 W tyrael  : dispatchApplicationEnterBackground:com.tencent.wns.ipcclient.b@b4ff2c8
01-07 06:00:57.270  7192  7213 E QQMusicPatchManager: getAppRunTime = 5s
01-07 06:00:57.270  7192  7213 E QQMusicPatchManager: checkUpdate 
01-07 06:00:57.270  7242  7261 E art     : No implementation found for java.lang.String com.tencent.qqmusicplayerprocess.netspeed.VkeyManager.createWeakExpressKey(java.lang.String, int, int) (tried Java_com_tencent_qqmusicplayerprocess_netspeed_VkeyManager_createWeakExpressKey and Java_com_tencent_qqmusicplayerprocess_netspeed_VkeyManager_createWeakExpressKey__Ljava_lang_String_2II)
01-07 06:00:57.555  2421  2728 W OpenGLRenderer: Incorrectly called buildLayer on View: ShortcutAndWidgetContainer, destroying layer...
01-07 06:00:57.933  2272  2272 W ResourceType: No package identifier when getting value for resource number 0x00000000
01-07 06:00:57.933  2272  2272 W PackageManager: Failure retrieving resources for com.tencent.qqmusic: Resource ID #0x0
01-07 06:00:58.995  2145  2175 I art     : Explicit concurrent mark sweep GC freed 18197(1326KB) AllocSpace objects, 11(4MB) LOS objects, 33% free, 16MB/25MB, paused 333us total 13.565ms
01-07 06:00:59.060  7559  7559 W linker  : [vdso]: unused DT entry: type 0x6ffffef5 arg 0x160
01-07 06:00:59.181  2145  2216 W AudioTrack: AUDIO_OUTPUT_FLAG_FAST denied by client
01-07 06:00:59.188  2145  2547 I ActivityManager: START u0 {act=com.android.systemui.recents.SHOW_RECENTS flg=0x10804000 cmp=com.android.systemui/.recents.RecentsActivity} from uid 10010 on display 0
01-07 06:00:59.219  2145  3553 W InputMethodManagerService: Starting input on non-focused client com.android.internal.view.IInputMethodClient$Stub$Proxy@2497be73 (uid=10033 pid=2421)
01-07 06:01:00.732  2145  2216 W AudioTrack: AUDIO_OUTPUT_FLAG_FAST denied by client
01-07 06:01:00.779  2145  2188 I InputDispatcher: Dropping event because there is no touchable window at (915, 111).
01-07 06:01:00.800  3061  3061 I Term    : Bound to TermService
01-07 06:01:00.800  3061  3061 I TermService: Activity binding to service
01-07 06:01:02.258  7242  7262 E art     : No implementation found for java.lang.String com.tencent.qqmusicplayerprocess.netspeed.VkeyManager.createWeakExpressKey(java.lang.String, int, int) (tried Java_com_tencent_qqmusicplayerprocess_netspeed_VkeyManager_createWeakExpressKey and Java_com_tencent_qqmusicplayerprocess_netspeed_VkeyManager_createWeakExpressKey__Ljava_lang_String_2II)
01-07 06:01:03.252  7192  7192 W eup     : 'setLogAble(boolean)' is true , so running in debug model , close it when you release!
01-07 06:01:03.252  7192  7192 D eup     : rqdp{  init cominfo}
01-07 06:01:03.253  7192  7192 I eup     : rqdp{  version:} 5.8.0.18
01-07 06:01:03.253  2145  2685 W ActivityManager: getRunningAppProcesses: caller 10061 does not hold REAL_GET_TASKS; limiting output
01-07 06:01:03.253  7192  7192 D eup     : set sha1 5.8.0.18294
01-07 06:01:03.253  7192  7192 D eup     : setsofile libvad.so armeabi ea891f09f33b0340fead5b0c7a87265804a3307c
01-07 06:01:03.253  7192  7192 D eup     : setsofile libwtecdh.so armeabi c7063df20f11590003ceac47581347dac3938ea6
01-07 06:01:03.253  7192  7192 D eup     : setsofile libfilescanner.so armeabi e0a424fddd78fb1ee51cfe7eb47f861e9566f651
01-07 06:01:03.253  7192  7192 D eup     : setsofile libfingerprintV2jni.so armeabi a565c837fc539e7e8de98eb9e9c31af7fa26aa44
01-07 06:01:03.253  7192  7192 D eup     : setsofile libdalvik_patch.so armeabi c00fedfc2d2791227579cf6c2ccf45abddf97e1a
01-07 06:01:03.253  7192  7192 D eup     : setsofile libsta_jni.so armeabi c481725f3c498bb59d2b1b5578775687777a7d2c
01-07 06:01:03.253  7192  7192 D eup     : setsofile libfingerprintjni.so armeabi 13c223e315a7edd34ff27a48dfd82da8a508a3bf
01-07 06:01:03.253  7192  7192 D eup     : setsofile libNativeRQD.so armeabi de7770d2256ec71a458afdd58344a85c9784e518
01-07 06:01:03.253  7192  7192 D eup     : setsofile libimage_filter_common.so armeabi f9b5df2a273f934f299ee62f6865f3df11e8bd96
01-07 06:01:03.253  7192  7192 D eup     : setsofile libinh.so armeabi 4a0937f2e5c11003e6dd5447473c677f84cf139e
01-07 06:01:03.253  7192  7192 D eup     : setsofile libWXVoice.so armeabi 52dd89487aea3289b5c06837f9d32c8496a31660
01-07 06:01:03.253  7192  7192 D eup     : setsofile libQPlayAuto.so armeabi fdf2e6603ad9ade63d6a754ad2ea99e15d60a072
01-07 06:01:03.253  7192  7192 D eup     : setsofile libsearch.so armeabi 205ebffad915fe3fe809fa60a120d5e8bfa862f6
01-07 06:01:03.253  7192  7192 D eup     : setsofile libTUpdateService.so armeabi da8492ebfd84b7aaa5665cd3ab3a0c7255e2116d
01-07 06:01:03.253  7192  7192 D eup     : setsofile libmresearch.so armeabi 7399f79660db8aafd028113d65060480373813bd
01-07 06:01:03.253  7192  7192 D eup     : setsofile libQQMMANDKSignature.so armeabi b836a03cf5bec21e3e1d59c59090502603f1c280
01-07 06:01:03.253  7192  7192 D eup     : setsofile libwnsnetwork.so armeabi 9dc03eb11972e16db00f227d96338950086fcf6b
01-07 06:01:03.253  7192  7192 D eup     : setsofile libupnp-jni.so armeabi aa52904393f0970773505d6679f93518fceaa74f
01-07 06:01:03.253  7192  7192 D eup     : setsofile libnetworkbase.so armeabi a0e8db20a0c33ab4ec13a667431ff64ba5f4f52c
01-07 06:01:03.253  7192  7192 D eup     : setsofile libpbpinyin.so armeabi 8671c35252282defa7f80e555b636fe91dc7e5d8
01-07 06:01:03.253  7192  7192 D eup     : setsofile libtmfe30.so armeabi bdaf4a86046b9a43948106f013e931857c689cd3
01-07 06:01:03.253  7192  7192 D eup     : setsofile libPlayerCore_neon.so armeabi ca1dfffe4214c18df6f511c12b125e1345e16d31
01-07 06:01:03.253  7192  7192 D eup     : setsofile libdesdecrypt.so armeabi 945d63ce54c8fce706811314eedd1090db91656d
01-07 06:01:03.253  7192  7192 D eup     : setsofile libexpress_verify.so armeabi a51c6f53042524b6b39105ba8501caa99f2eb828
01-07 06:01:03.253  7192  7192 D eup     : setsofile libimage_filter_gpu.so armeabi f4ab2a1bfc308442d5350e9390b85720e6f4625a
01-07 06:01:03.253  7192  7192 D eup     : setsofile libckey.so armeabi d800c5f033823b739b41a67cca48824c6822d7a1
01-07 06:01:03.253  7192  7192 D eup     : setsofile libckeygenerator.so armeabi 52795e793ff5d1ae9596263f9b990e493c3a3bf1
01-07 06:01:03.253  7192  7192 D eup     : setsofile libSongUrlFactory.so armeabi 372fe054c2427076f2970f8a446aaa8801846806
01-07 06:01:03.253  7192  7192 D eup     : setsofile libh.so armeabi ba2ff2c65d7aac33aa94abc40ea0af796b43ba05
01-07 06:01:03.253  7192  7192 D eup     : setsofile libTxCodec_neon.so armeabi c47ee08f2acb9afe9d6f386f3b923516b05468f8
01-07 06:01:03.253  7192  7192 D eup     : setsofile libFormatDetector.so armeabi ce98b51d1a1f882572e3acaa0039d4d1c1ddf143
01-07 06:01:03.254  7192  7192 D eup     : setted so count 31
01-07 06:01:03.255  7192  7236 D eup     : rqdp{  create uphandler up:}true
01-07 06:01:03.255  7192  7236 I eup     : rqdp{  eup create instance}
01-07 06:01:03.255  7192  7236 D eup     : rqdp{  cus eupstrategy} [MSNum:10 ,Wifi:10,GPRS:3,ODay:10,isMerged:true,AfQ:false,Silent:true,mLog:300,tag:null,assert:false, interval:50, limit:60]
01-07 06:01:03.255  7192  7236 I eup     : rqdp{  mid:}3 rqdp{  change user switch} true
01-07 06:01:03.255  7192  7236 I eup     : rqdp{ eup regist}
01-07 06:01:03.256  7192  7236 E art     : dlopen("/data/app/com.tencent.qqmusic-1/lib/arm/libNativeRQD.so", RTLD_LAZY) failed: dlopen failed: "/data/app/com.tencent.qqmusic-1/lib/arm/libNativeRQD.so" has unexpected e_machine: 40
01-07 06:01:03.256  7192  7236 W eup     : java.lang.UnsatisfiedLinkError: dlopen failed: "/data/app/com.tencent.qqmusic-1/lib/arm/libNativeRQD.so" has unexpected e_machine: 40
01-07 06:01:03.256  7192  7236 W eup     : 	at java.lang.Runtime.loadLibrary(Runtime.java:371)
01-07 06:01:03.256  7192  7236 W eup     : 	at java.lang.System.loadLibrary(System.java:988)
01-07 06:01:03.256  7192  7236 W eup     : 	at com.tencent.feedback.eup.jni.NativeExceptionUpload.loadRQDNativeLib(SourceFile:86)
01-07 06:01:03.256  7192  7236 W eup     : 	at com.tencent.feedback.eup.d.a(SourceFile:149)
01-07 06:01:03.256  7192  7236 W eup     : 	at com.tencent.feedback.eup.d.a(SourceFile:103)
01-07 06:01:03.256  7192  7236 W eup     : 	at com.tencent.qqmusiccommon.util.a.b.a(SourceFile:87)
01-07 06:01:03.256  7192  7236 W eup     : 	at com.tencent.qqmusiccommon.util.thread.e$c.a(SourceFile:121)
01-07 06:01:03.256  7192  7236 W eup     : 	at com.tencent.qqmusiccommon.util.thread.f$e.run(SourceFile:134)
01-07 06:01:03.256  7192  7236 W eup     : 	at java.util.concurrent.ThreadPoolExecutor.runWorker(ThreadPoolExecutor.java:1112)
01-07 06:01:03.256  7192  7236 W eup     : 	at java.util.concurrent.ThreadPoolExecutor$Worker.run(ThreadPoolExecutor.java:587)
01-07 06:01:03.256  7192  7236 W eup     : 	at java.lang.Thread.run(Thread.java:818)
01-07 06:01:03.256  7192  7236 W eup     : 	at com.tencent.qqmusiccommon.util.thread.d.run(SourceFile:23)
01-07 06:01:03.257  7192  7236 E eup     : rqdp{  load library fail! see detail ,will turn off native eup function!}
01-07 06:01:03.257  7192  7236 E eup     : load lib fail default close native return!
01-07 06:01:03.259  7192  7567 D eup     : rqdp{  parse bean}
01-07 06:01:03.259  7192  7567 D eup     : rqdp{  read strategy key:}300
01-07 06:01:03.259  7192  7567 D eup     : rqdp{  useSStrategy changed to} false
01-07 06:01:03.259  7192  7567 D eup     : rqdp{  url same to} http://monitor.uu.qq.com/analytics/upload
01-07 06:01:03.259  7192  7567 D eup     : rqdp{  upStrategy changed to} 3
01-07 06:01:03.259  7192  7567 D eup     : rqdp{  za changed:}2
01-07 06:01:03.259  7192  7567 D eup     : rqdp{  mid:}3 rqdp{  , need detail changed:}true 
01-07 06:01:03.259  7192  7567 D eup     : rqdp{  mid:}3 rqdp{  , url same:}http://monitor.uu.qq.com/analytics/upload
01-07 06:01:03.259  7192  7567 W eup     : rqdp{  imposiable! module base strategy not ready! mId:}1
01-07 06:01:03.259  7192  7567 W eup     : rqdp{  imposiable! module base strategy not ready! mId:}2
01-07 06:01:03.259  7192  7567 D eup     : rqdp{  com strategy changed notify!}
01-07 06:01:03.259  7192  7567 D eup     : rqdp{  com strateyg changed }class com.tencent.feedback.eup.n
01-07 06:01:03.259  7192  7567 D eup     : rqdp{  common strategy setted by history}
01-07 06:01:03.259  7192  7567 I eup     : rqdp{  onlaunch}
01-07 06:01:03.259  7192  7567 D eup     : rqdp{  step }1
01-07 06:01:03.260  7192  7567 D eup     : rqdp{  FileDAO.query() start query name:}/data/app/com.tencent.qqmusic-1/base.apk rqdp{   , type}:0 rqdp{  , num:}10 
01-07 06:01:03.260  7192  7567 D eup     : rqdp{  queryFile: n:}/data/app/com.tencent.qqmusic-1/base.apk rqdp{  , sha:}5.8.0.18294 rqdp{  , tp:}0 rqdp{  ,arh:}5.8.0.18
01-07 06:01:03.260  7192  7567 D eup     : rqdp{  FileDAO.query() end success} 1
01-07 06:01:03.260  7192  7567 D eup     : rqdp{  queryFile result num } 1
01-07 06:01:03.260  7192  7567 D eup     : rqdp{  on Query Start}
01-07 06:01:03.260  7192  7567 D eup     : rqdp{  step }2
01-07 06:01:03.260  7192  7567 D eup     : rqdp{  notify Query Start}
01-07 06:01:03.260  7192  7567 D eup     : rqdp{  com query start }class com.tencent.feedback.eup.n
01-07 06:01:03.260  2145  2492 W ActivityManager: getRunningAppProcesses: caller 10061 does not hold REAL_GET_TASKS; limiting output
01-07 06:01:03.261  7192  7567 D eup     : rqdp{ next day 64737000}
01-07 06:01:03.261  7192  7567 I eup     : lastUpdate:1452146454609 ,return not query
01-07 06:01:03.261  7192  7567 D eup     : rqdp{  on query end!}
01-07 06:01:03.261  7192  7567 D eup     : rqdp{  step }3
01-07 06:01:03.261  7192  7567 D eup     : rqdp{  notify Query end}
01-07 06:01:03.261  7192  7567 D eup     : rqdp{  com query end }class com.tencent.feedback.eup.n
01-07 06:01:03.261  7192  7567 D eup     : rqdp{  step after query}
01-07 06:01:03.261  7192  7567 D eup     : rqdp{  isable}
01-07 06:01:03.261  7192  7567 D eup     : rqdp{  parse bean}
01-07 06:01:03.261  7192  7567 D eup     : rqdp{  read strategy key:}302
01-07 06:01:03.261  7192  7567 D eup     : rqdp{  init eup sStrategy by uStrategy}
01-07 06:01:03.261  7192  7567 D eup     : rqdp{  is merged changed} false
01-07 06:01:03.262  7192  7567 D eup     : rqdp{ Assert enable changed: } true
01-07 06:01:03.262  7192  7567 D eup     : crashstrategy vmap size:3
01-07 06:01:03.262  7192  7567 D eup     : key isBroadcast
01-07 06:01:03.262  7192  7567 D eup     : key isAnr
01-07 06:01:03.262  7192  7567 D eup     : key isReceiveBroadcast
01-07 06:01:03.262  7192  7567 D eup     : true
01-07 06:01:03.262  7192  7567 D eup     : false
01-07 06:01:03.262  7192  7567 D eup     : false
01-07 06:01:03.262  7192  7567 D eup     : rqdp{  crashStrategy}[]
01-07 06:01:03.262  7192  7567 D eup     : rqdp{  needDetail} true rqdp{  allQ:}false rqdp{  result:}false
01-07 06:01:03.262  7192  7567 D eup     : rqdp{  in merge}
01-07 06:01:03.262  7192  7567 D eup     : rqdp{  getEupInMe}
01-07 06:01:03.262  7192  7567 D eup     : rqdp{  EUPDAO.queryEupRecent() start}
01-07 06:01:03.262  7192  7567 D eup     : rqdp{  in AnalyticsDAO.query() start}
01-07 06:01:03.262  7192  7567 D eup     : rqdp{  query}  ( _type = 1 or _type = 2 )  and _upCounts <= 3  and _time >= 1452124800000  and _state = 0 
01-07 06:01:03.263  7192  7567 D eup     : rqdp{  in AnalyticsDAO.query() end}
01-07 06:01:03.263  7192  7567 D eup     : rqdp{  EUPDAO.queryEupRecent() start}
01-07 06:01:03.263  7192  7567 D eup     : rqdp{  in AnalyticsDAO.query() start}
01-07 06:01:03.263  7192  7567 D eup     : rqdp{  query}  ( _type = 1 or _type = 2 )  and _count >= 2  and _upCounts <= 3  and _time <= 1452124800000 
01-07 06:01:03.263  7192  7567 D eup     : rqdp{  in AnalyticsDAO.query() end}
01-07 06:01:03.263  7192  7567 D eup     : rqdp{  EUPDAO.queryEupRecent() start}
01-07 06:01:03.263  7192  7567 D eup     : rqdp{  in AnalyticsDAO.query() start}
01-07 06:01:03.263  7192  7567 D eup     : rqdp{  query}  ( _type = 1 or _type = 2 )  and _count >= 0  and _count <= 1  and _time >= 3  and _time <= 1452124800000  and _state = 0 
01-07 06:01:03.264  7192  7567 D eup     : rqdp{  in AnalyticsDAO.query() end}
01-07 06:01:03.264  7192  7567 D eup     : rqdp{  EUPDAO.insertOrUpdateEupList() start}
01-07 06:01:03.264  7192  7567 W eup     : rqdp{  context == null ||| list == null || list.size() <= 0,pls check}
01-07 06:01:03.264  7192  7567 D eup     : rqdp{  EUPDAO.deleteEup() start}
01-07 06:01:03.264  7192  7567 D eup     : rqdp{  AnalyticsDAO.delete() start}
01-07 06:01:03.264  7192  7567 D eup     : rqdp{  delete where: }_time >= -1 and _time <= 9223372036854775807 and _upCounts >= 3 and ( _type = 1 or _type = 2 )
01-07 06:01:03.265  7192  7567 D eup     : rqdp{  deleted num: }0
01-07 06:01:03.265  7192  7567 D eup     : rqdp{  AnalyticsDAO.delete() end}
01-07 06:01:03.265  7192  7567 D eup     : remove fail updata num :0
01-07 06:01:03.265  7192  7567 I eup     : close brocast!
01-07 06:01:03.265  7192  7567 D eup     : rqdp{  next time} 21600000
01-07 06:01:03.265  7192  7567 D eup     : rqdp{  step }4
01-07 06:01:03.544  2421  2421 W Launcher: setApplicationContext called twice! old=com.android.launcher3.LauncherApplication@13ef5714 new=com.android.launcher3.LauncherApplication@13ef5714
01-07 06:01:03.545  2145  2189 I InputReader: Reconfiguring input devices.  changes=0x00000010
01-07 06:01:03.561  2145  2145 D BackupManagerService: Received broadcast Intent { act=android.intent.action.PACKAGE_CHANGED dat=package:com.tencent.qqmusic flg=0x4000010 (has extras) }
01-07 06:01:03.621  2421  2421 I Launcher: Deferring update until onResume
01-07 06:01:03.754  2421  2421 I Launcher: Deferring update until onResume
01-07 06:01:04.071  7579  7579 W linker  : [vdso]: unused DT entry: type 0x6ffffef5 arg 0x160
01-07 06:01:06.103  7242  7326 E art     : No implementation found for java.lang.String com.tencent.qqmusicplayerprocess.netspeed.VkeyManager.createWeakExpressKey(java.lang.String, int, int) (tried Java_com_tencent_qqmusicplayerprocess_netspeed_VkeyManager_createWeakExpressKey and Java_com_tencent_qqmusicplayerprocess_netspeed_VkeyManager_createWeakExpressKey__Ljava_lang_String_2II)
01-07 06:01:06.578  7242  7242 E art     : No implementation found for java.lang.String com.tencent.qqmusicplayerprocess.netspeed.VkeyManager.createWeakExpressKey(java.lang.String, int, int) (tried Java_com_tencent_qqmusicplayerprocess_netspeed_VkeyManager_createWeakExpressKey and Java_com_tencent_qqmusicplayerprocess_netspeed_VkeyManager_createWeakExpressKey__Ljava_lang_String_2II)
01-07 06:01:09.083  7580  7580 W linker  : [vdso]: unused DT entry: type 0x6ffffef5 arg 0x160
01-07 06:01:09.285  2145  2169 I UsageStatsService: User[0] Flushing usage stats to disk
01-07 06:01:09.875  2145  2188 I InputDispatcher: Dropped event because the current application is not responding and the user has started interacting with a different application.
01-07 06:01:09.875  2145  2188 I InputDispatcher: Dropped event because the current application is not responding and the user has started interacting with a different application.
01-07 06:01:09.875  2145  2188 I InputDispatcher: Dropped event because the current application is not responding and the user has started interacting with a different application.
01-07 06:01:09.875  2145  2188 I InputDispatcher: Dropped event because the current application is not responding and the user has started interacting with a different application.
01-07 06:01:09.875  2145  2188 I InputDispatcher: Dropped event because the current application is not responding and the user has started interacting with a different application.
01-07 06:01:09.875  2145  2188 I InputDispatcher: Dropped event because the current application is not responding and the user has started interacting with a different application.
01-07 06:01:09.875  2145  2188 I InputDispatcher: Dropped event because the current application is not responding and the user has started interacting with a different application.
01-07 06:01:09.876  2145  2188 I InputDispatcher: Dropped event because the current application is not responding and the user has started interacting with a different application.
01-07 06:01:09.876  2145  2188 I InputDispatcher: Dropped event because the current application is not responding and the user has started interacting with a different application.
01-07 06:01:09.876  2145  2188 I InputDispatcher: Dropped event because the current application is not responding and the user has started interacting with a different application.
01-07 06:01:09.876  2145  2188 I InputDispatcher: Dropped event because the current application is not responding and the user has started interacting with a different application.
01-07 06:01:09.876  2145  2188 I InputDispatcher: Dropped event because the current application is not responding and the user has started interacting with a different application.
01-07 06:01:09.876  2145  2188 I InputDispatcher: Dropped event because the current application is not responding and the user has started interacting with a different application.
01-07 06:01:09.876  2145  2188 I InputDispatcher: Dropped event because the current application is not responding and the user has started interacting with a different application.
01-07 06:01:09.876  2145  2188 I InputDispatcher: Dropped event because the current application is not responding and the user has started interacting with a different application.
01-07 06:01:09.876  2145  2188 I InputDispatcher: Dropped event because the current application is not responding and the user has started interacting with a different application.
01-07 06:01:09.876  2145  2188 I InputDispatcher: Dropped event because the current application is not responding and the user has started interacting with a different application.
01-07 06:01:09.876  2145  2188 I InputDispatcher: Dropped event because the current application is not responding and the user has started interacting with a different application.
01-07 06:01:09.876  2145  2188 I InputDispatcher: Dropped event because the current application is not responding and the user has started interacting with a different application.
01-07 06:01:09.876  2145  2188 I InputDispatcher: Dropped event because the current application is not responding and the user has started interacting with a different application.
01-07 06:01:09.876  2145  2188 I InputDispatcher: Dropped event because the current application is not responding and the user has started interacting with a different application.
01-07 06:01:09.876  2145  2188 I InputDispatcher: Dropped event because the current application is not responding and the user has started interacting with a different application.
01-07 06:01:09.876  2145  2188 I InputDispatcher: Dropped event because the current application is not responding and the user has started interacting with a different application.
01-07 06:01:09.876  2145  2188 I InputDispatcher: Dropped event because the current application is not responding and the user has started interacting with a different application.
01-07 06:01:09.876  2145  2188 I InputDispatcher: Dropped event because the current application is not responding and the user has started interacting with a different application.
01-07 06:01:09.876  2145  2188 I InputDispatcher: Dropped event because the current application is not responding and the user has started interacting with a different application.
01-07 06:01:09.876  2145  2188 I InputDispatcher: Dropped event because the current application is not responding and the user has started interacting with a different application.
01-07 06:01:09.876  2145  2188 I InputDispatcher: Dropped event because the current application is not responding and the user has started interacting with a different application.
01-07 06:01:09.876  2145  2188 I InputDispatcher: Dropped event because the current application is not responding and the user has started interacting with a different application.
01-07 06:01:09.876  2145  2188 I InputDispatcher: Dropped event because the current application is not responding and the user has started interacting with a different application.
01-07 06:01:09.876  2145  2188 I InputDispatcher: Dropped event because the current application is not responding and the user has started interacting with a different application.
01-07 06:01:09.876  2145  2188 I InputDispatcher: Dropped event because the current application is not responding and the user has started interacting with a different application.
01-07 06:01:09.876  2145  2188 I InputDispatcher: Dropped event because the current application is not responding and the user has started interacting with a different application.
01-07 06:01:09.876  2145  2188 I InputDispatcher: Dropped event because the current application is not responding and the user has started interacting with a different application.
01-07 06:01:09.876  2145  2188 I InputDispatcher: Dropped event because the current application is not responding and the user has started interacting with a different application.
01-07 06:01:09.876  2145  2188 I InputDispatcher: Dropped event because the current application is not responding and the user has started interacting with a different application.
01-07 06:01:09.876  2145  2188 I InputDispatcher: Dropped event because the current application is not responding and the user has started interacting with a different application.
01-07 06:01:09.876  2145  2188 I InputDispatcher: Dropped event because the current application is not responding and the user has started interacting with a different application.
01-07 06:01:09.876  2145  2188 I InputDispatcher: Dropped event because the current application is not responding and the user has started interacting with a different application.
01-07 06:01:09.876  2145  2188 I InputDispatcher: Dropped event because the current application is not responding and the user has started interacting with a different application.
01-07 06:01:09.876  2145  2188 I InputDispatcher: Dropped event because the current application is not responding and the user has started interacting with a different application.
01-07 06:01:09.876  2145  2188 I InputDispatcher: Dropped event because the current application is not responding and the user has started interacting with a different application.
01-07 06:01:09.876  2145  2188 I InputDispatcher: Dropped event because the current application is not responding and the user has started interacting with a different application.
01-07 06:01:09.876  2145  2188 I InputDispatcher: Dropped event because the current application is not responding and the user has started interacting with a different application.
01-07 06:01:09.876  2145  2188 I InputDispatcher: Dropped event because the current application is not responding and the user has started interacting with a different application.
01-07 06:01:09.876  2145  2188 I InputDispatcher: Dropped event because the current application is not responding and the user has started interacting with a different application.
01-07 06:01:09.876  2145  2188 I InputDispatcher: Dropped event because the current application is not responding and the user has started interacting with a different application.
01-07 06:01:09.876  2145  2188 I InputDispatcher: Dropped event because the current application is not responding and the user has started interacting with a different application.
01-07 06:01:09.876  2145  2188 I InputDispatcher: Dropped event because the current application is not responding and the user has started interacting with a different application.
01-07 06:01:09.876  2145  2188 I InputDispatcher: Dropped event because the current application is not responding and the user has started interacting with a different application.
01-07 06:01:09.876  2145  2188 I InputDispatcher: Dropped event because the current application is not responding and the user has started interacting with a different application.
01-07 06:01:09.876  2145  2188 I InputDispatcher: Dropped event because the current application is not responding and the user has started interacting with a different application.
01-07 06:01:09.876  2145  2188 I InputDispatcher: Dropped event because the current application is not responding and the user has started interacting with a different application.
01-07 06:01:09.876  2145  2188 I InputDispatcher: Dropped event because the current application is not responding and the user has started interacting with a different application.
01-07 06:01:09.876  2145  2188 I InputDispatcher: Dropped event because the current application is not responding and the user has started interacting with a different application.
01-07 06:01:09.876  2145  2188 I InputDispatcher: Dropped event because the current application is not responding and the user has started interacting with a different application.
01-07 06:01:09.876  2145  2188 I InputDispatcher: Dropped event because the current application is not responding and the user has started interacting with a different application.
01-07 06:01:09.876  2145  2188 I InputDispatcher: Dropped event because the current application is not responding and the user has started interacting with a different application.
01-07 06:01:09.876  2145  2188 I InputDispatcher: Dropped event because the current application is not responding and the user has started interacting with a different application.
01-07 06:01:09.876  2145  2188 I InputDispatcher: Dropped event because the current application is not responding and the user has started interacting with a different application.
01-07 06:01:09.876  2145  2188 I InputDispatcher: Dropped event because the current application is not responding and the user has started interacting with a different application.
01-07 06:01:09.876  2145  2188 I InputDispatcher: Dropped event because the current application is not responding and the user has started interacting with a different application.
01-07 06:01:09.876  2145  2188 I InputDispatcher: Dropped event because the current application is not responding and the user has started interacting with a different application.
01-07 06:01:09.876  2145  2188 I InputDispatcher: Dropped event because the current application is not responding and the user has started interacting with a different application.
01-07 06:01:09.876  2145  2188 I InputDispatcher: Dropped event because the current application is not responding and the user has started interacting with a different application.
01-07 06:01:09.876  2145  2188 I InputDispatcher: Dropped event because the current application is not responding and the user has started interacting with a different application.
01-07 06:01:09.876  2145  2188 I InputDispatcher: Dropped event because the current application is not responding and the user has started interacting with a different application.
01-07 06:01:09.876  2145  2188 I InputDispatcher: Dropped event because the current application is not responding and the user has started interacting with a different application.
01-07 06:01:09.876  2145  2188 I InputDispatcher: Dropped event because the current application is not responding and the user has started interacting with a different application.
01-07 06:01:09.876  2145  2188 I InputDispatcher: Dropped event because the current application is not responding and the user has started interacting with a different application.
01-07 06:01:09.876  2145  2188 I InputDispatcher: Dropped event because the current application is not responding and the user has started interacting with a different application.
01-07 06:01:09.876  2145  2188 I InputDispatcher: Dropped event because the current application is not responding and the user has started interacting with a different application.
01-07 06:01:09.876  2145  2188 I InputDispatcher: Dropped event because the current application is not responding and the user has started interacting with a different application.
01-07 06:01:09.876  2145  2188 I InputDispatcher: Dropped event because the current application is not responding and the user has started interacting with a different application.
01-07 06:01:09.877  2145  2188 I InputDispatcher: Dropped event because the current application is not responding and the user has started interacting with a different application.
01-07 06:01:09.877  2145  2188 I InputDispatcher: Dropped event because the current application is not responding and the user has started interacting with a different application.
01-07 06:01:09.877  2145  2188 I InputDispatcher: Dropped event because the current application is not responding and the user has started interacting with a different application.
01-07 06:01:09.877  2145  2188 I InputDispatcher: Dropped event because the current application is not responding and the user has started interacting with a different application.
01-07 06:01:09.877  2145  2188 I InputDispatcher: Dropped event because the current application is not responding and the user has started interacting with a different application.
01-07 06:01:09.877  2145  2188 I InputDispatcher: Dropped event because the current application is not responding and the user has started interacting with a different application.
01-07 06:01:09.877  2145  2188 I InputDispatcher: Dropped event because the current application is not responding and the user has started interacting with a different application.
01-07 06:01:09.877  2145  2188 I InputDispatcher: Dropped event because the current application is not responding and the user has started interacting with a different application.
01-07 06:01:09.877  2145  2188 I InputDispatcher: Dropped event because the current application is not responding and the user has started interacting with a different application.
01-07 06:01:09.877  2145  2188 I InputDispatcher: Dropped event because the current application is not responding and the user has started interacting with a different application.
01-07 06:01:09.877  2145  2188 I InputDispatcher: Dropped event because the current application is not responding and the user has started interacting with a different application.
01-07 06:01:09.877  2145  2188 I InputDispatcher: Dropped event because the current application is not responding and the user has started interacting with a different application.
01-07 06:01:09.877  2145  2188 I InputDispatcher: Dropped event because the current application is not responding and the user has started interacting with a different application.
01-07 06:01:09.877  2145  2188 I InputDispatcher: Dropped event because the current application is not responding and the user has started interacting with a different application.
01-07 06:01:09.877  2145  2188 I InputDispatcher: Dropped event because the current application is not responding and the user has started interacting with a different application.
01-07 06:01:09.877  2145  2188 I InputDispatcher: Dropped event because the current application is not responding and the user has started interacting with a different application.
01-07 06:01:09.877  2145  2188 I InputDispatcher: Dropped event because the current application is not responding and the user has started interacting with a different application.
01-07 06:01:09.877  2145  2188 I InputDispatcher: Dropped event because the current application is not responding and the user has started interacting with a different application.
01-07 06:01:09.877  2145  2188 I InputDispatcher: Dropped event because the current application is not responding and the user has started interacting with a different application.
01-07 06:01:09.877  2145  2188 I InputDispatcher: Dropped event because the current application is not responding and the user has started interacting with a different application.
01-07 06:01:09.877  2272  2272 V DeadZone: consuming errant click: (443.35086,7.432251)
01-07 06:01:12.640  2145  2685 W ActivityManager: getRunningAppProcesses: caller 10053 does not hold REAL_GET_TASKS; limiting output
01-07 06:01:14.094  7582  7582 W linker  : [vdso]: unused DT entry: type 0x6ffffef5 arg 0x160
01-07 06:01:15.641  2145  2188 I InputDispatcher: Application is not responding: AppWindowToken{2a24d995 token=Token{336a454c ActivityRecord{eedc17f u0 com.tencent.qqmusic/.activity.NewGuideActivity t49}}} - Window{22f9f189 u0 jackpal.androidterm/jackpal.androidterm.Term}.  It has been 5006.2ms since event, 5005.9ms since wait started.  Reason: Waiting to send key event because the focused window has not finished processing all of the input events that were previously delivered to it.  Outbound queue length: 0.  Wait queue length: 2.
01-07 06:01:15.643  2145  2188 I WindowManager: Input event dispatching timed out sending to jackpal.androidterm/jackpal.androidterm.Term.  Reason: Waiting to send key event because the focused window has not finished processing all of the input events that were previously delivered to it.  Outbound queue length: 0.  Wait queue length: 2.
01-07 06:01:15.649  2145  2170 I Process : Sending signal. PID: 3061 SIG: 3
01-07 06:01:15.649  3061  3074 I art     : Thread[9,tid=3074,WaitingInMainSignalCatcherLoop,Thread*=0xf3c33400,peer=0x12c000a0,"Signal Catcher"]: reacting to signal 3
01-07 06:01:15.723  3061  3074 I art     : Wrote stack traces to '/data/anr/traces.txt'
01-07 06:01:15.723  2145  2170 I Process : Sending signal. PID: 2145 SIG: 3
01-07 06:01:15.724  2145  2158 I art     : Thread[9,tid=2158,WaitingInMainSignalCatcherLoop,Thread*=0x7f42310a1000,peer=0x12c020a0,"Signal Catcher"]: reacting to signal 3
01-07 06:01:15.857  2145  2158 I art     : Wrote stack traces to '/data/anr/traces.txt'
