01-07 06:00:45.724  2145  2216 W AudioTrack: AUDIO_OUTPUT_FLAG_FAST denied by client
01-07 06:00:45.727  7088  7088 W linker  : [vdso]: unused DT entry: type 0x6ffffef5 arg 0x160
01-07 06:00:45.733  7135  7135 W linker  : [vdso]: unused DT entry: type 0x6ffffef5 arg 0x160
01-07 06:00:45.756  7132  7132 W linker  : [vdso]: unused DT entry: type 0x6ffffef5 arg 0x160
01-07 06:00:45.758  7132  7132 D AndroidRuntime: >>>>>> START com.android.internal.os.RuntimeInit uid 0 <<<<<<
01-07 06:00:45.758  7132  7132 D AndroidRuntime: CheckJNI is OFF
01-07 06:00:45.777  7136  7136 W linker  : [vdso]: unused DT entry: type 0x6ffffef5 arg 0x160
01-07 06:00:45.778  7132  7132 W         : Failed to bind-mount /system/lib64/x86_64/cpuinfo as /proc/cpuinfo: No such file or directory
01-07 06:00:45.778  7132  7132 E         : Cannot create code cache directory ./code_cache: Read-only file system.
01-07 06:00:45.783  7132  7132 E memtrack: Couldn't load memtrack module (No such file or directory)
01-07 06:00:45.783  7132  7132 E android.os.Debug: failed to load memtrack module: -2
01-07 06:00:45.787  7132  7132 D AndroidRuntime: Calling main entry com.android.commands.am.Am
01-07 06:00:45.802  7136  7136 W linker  : [vdso]: unused DT entry: type 0x6ffffef5 arg 0x160
01-07 06:00:45.804  7136  7136 D AndroidRuntime: >>>>>> START com.android.internal.os.RuntimeInit uid 0 <<<<<<
01-07 06:00:45.804  7136  7136 D AndroidRuntime: CheckJNI is OFF
01-07 06:00:45.823  7136  7136 W         : Failed to bind-mount /system/lib64/x86_64/cpuinfo as /proc/cpuinfo: No such file or directory
01-07 06:00:45.823  7136  7136 E         : Cannot create code cache directory ./code_cache: Read-only file system.
01-07 06:00:45.828  7136  7136 E memtrack: Couldn't load memtrack module (No such file or directory)
01-07 06:00:45.828  7136  7136 E android.os.Debug: failed to load memtrack module: -2
01-07 06:00:45.832  7136  7136 D AndroidRuntime: Calling main entry com.android.commands.pm.Pm
01-07 06:00:45.845  3284  3304 D DefContainer: Copying /storage/emulated/0/wandoujia/app/QQ_1452146435885.apk to base.apk
01-07 06:00:45.927  2145  2179 W PackageParser: No actions in intent filter at /data/app/vmdl1707933913.tmp/base.apk Binary XML file line #545
01-07 06:00:45.927  2145  2179 W PackageParser: No actions in intent filter at /data/app/vmdl1707933913.tmp/base.apk Binary XML file line #557
01-07 06:00:45.927  2145  2179 W PackageParser: No actions in intent filter at /data/app/vmdl1707933913.tmp/base.apk Binary XML file line #568
01-07 06:00:45.927  2145  2179 W PackageParser: No actions in intent filter at /data/app/vmdl1707933913.tmp/base.apk Binary XML file line #579
01-07 06:00:45.927  2145  2179 W PackageParser: No actions in intent filter at /data/app/vmdl1707933913.tmp/base.apk Binary XML file line #590
01-07 06:00:45.927  2145  2179 W PackageParser: No actions in intent filter at /data/app/vmdl1707933913.tmp/base.apk Binary XML file line #601
01-07 06:00:45.927  2145  2179 W PackageParser: No actions in intent filter at /data/app/vmdl1707933913.tmp/base.apk Binary XML file line #612
01-07 06:00:45.927  2145  2179 W PackageParser: No actions in intent filter at /data/app/vmdl1707933913.tmp/base.apk Binary XML file line #623
01-07 06:00:45.927  2145  2179 W PackageParser: No actions in intent filter at /data/app/vmdl1707933913.tmp/base.apk Binary XML file line #634
01-07 06:00:45.927  2145  2179 W PackageParser: No actions in intent filter at /data/app/vmdl1707933913.tmp/base.apk Binary XML file line #646
01-07 06:00:45.927  2145  2179 W PackageParser: No actions in intent filter at /data/app/vmdl1707933913.tmp/base.apk Binary XML file line #658
01-07 06:00:45.927  2145  2179 W PackageParser: No actions in intent filter at /data/app/vmdl1707933913.tmp/base.apk Binary XML file line #669
01-07 06:00:45.927  2145  2179 W PackageParser: No actions in intent filter at /data/app/vmdl1707933913.tmp/base.apk Binary XML file line #681
01-07 06:00:45.927  2145  2179 W PackageParser: No actions in intent filter at /data/app/vmdl1707933913.tmp/base.apk Binary XML file line #692
01-07 06:00:45.927  2145  2179 W PackageParser: No actions in intent filter at /data/app/vmdl1707933913.tmp/base.apk Binary XML file line #703
01-07 06:00:45.927  2145  2179 W PackageParser: No actions in intent filter at /data/app/vmdl1707933913.tmp/base.apk Binary XML file line #729
01-07 06:00:45.927  2145  2179 W PackageParser: No actions in intent filter at /data/app/vmdl1707933913.tmp/base.apk Binary XML file line #740
01-07 06:00:45.927  2145  2179 W PackageParser: No actions in intent filter at /data/app/vmdl1707933913.tmp/base.apk Binary XML file line #751
01-07 06:00:45.927  2145  2179 W PackageParser: No actions in intent filter at /data/app/vmdl1707933913.tmp/base.apk Binary XML file line #762
01-07 06:00:45.927  2145  2179 W PackageParser: No actions in intent filter at /data/app/vmdl1707933913.tmp/base.apk Binary XML file line #774
01-07 06:00:45.927  2145  2179 W PackageParser: No actions in intent filter at /data/app/vmdl1707933913.tmp/base.apk Binary XML file line #785
01-07 06:00:45.927  2145  2179 W PackageParser: No actions in intent filter at /data/app/vmdl1707933913.tmp/base.apk Binary XML file line #796
01-07 06:00:45.927  2145  2179 W PackageParser: No actions in intent filter at /data/app/vmdl1707933913.tmp/base.apk Binary XML file line #807
01-07 06:00:45.927  2145  2179 W PackageParser: No actions in intent filter at /data/app/vmdl1707933913.tmp/base.apk Binary XML file line #819
01-07 06:00:45.927  2145  2179 W PackageParser: No actions in intent filter at /data/app/vmdl1707933913.tmp/base.apk Binary XML file line #831
01-07 06:00:45.927  2145  2179 W PackageParser: No actions in intent filter at /data/app/vmdl1707933913.tmp/base.apk Binary XML file line #842
01-07 06:00:45.927  2145  2179 W PackageParser: No actions in intent filter at /data/app/vmdl1707933913.tmp/base.apk Binary XML file line #854
01-07 06:00:45.927  2145  2179 W PackageParser: No actions in intent filter at /data/app/vmdl1707933913.tmp/base.apk Binary XML file line #866
01-07 06:00:45.927  2145  2179 W PackageParser: No actions in intent filter at /data/app/vmdl1707933913.tmp/base.apk Binary XML file line #878
01-07 06:00:45.927  2145  2179 W PackageParser: No actions in intent filter at /data/app/vmdl1707933913.tmp/base.apk Binary XML file line #890
01-07 06:00:45.927  2145  2179 W PackageParser: No actions in intent filter at /data/app/vmdl1707933913.tmp/base.apk Binary XML file line #902
01-07 06:00:45.927  2145  2179 W PackageParser: No actions in intent filter at /data/app/vmdl1707933913.tmp/base.apk Binary XML file line #913
01-07 06:00:45.927  2145  2179 W PackageParser: No actions in intent filter at /data/app/vmdl1707933913.tmp/base.apk Binary XML file line #988
01-07 06:00:45.927  2145  2179 W PackageParser: No actions in intent filter at /data/app/vmdl1707933913.tmp/base.apk Binary XML file line #1001
01-07 06:00:45.927  2145  2179 W PackageParser: No actions in intent filter at /data/app/vmdl1707933913.tmp/base.apk Binary XML file line #1013
01-07 06:00:45.927  2145  2179 W PackageParser: No actions in intent filter at /data/app/vmdl1707933913.tmp/base.apk Binary XML file line #1025
01-07 06:00:45.927  2145  2179 W PackageParser: No actions in intent filter at /data/app/vmdl1707933913.tmp/base.apk Binary XML file line #1037
01-07 06:00:45.927  2145  2179 W PackageParser: No actions in intent filter at /data/app/vmdl1707933913.tmp/base.apk Binary XML file line #1051
01-07 06:00:45.927  2145  2179 W PackageParser: No actions in intent filter at /data/app/vmdl1707933913.tmp/base.apk Binary XML file line #1123
01-07 06:00:45.928  2145  2179 W PackageParser: No actions in intent filter at /data/app/vmdl1707933913.tmp/base.apk Binary XML file line #1218
01-07 06:00:45.928  2145  2179 W PackageParser: No actions in intent filter at /data/app/vmdl1707933913.tmp/base.apk Binary XML file line #1510
01-07 06:00:45.928  2145  2179 W PackageParser: No actions in intent filter at /data/app/vmdl1707933913.tmp/base.apk Binary XML file line #1627
01-07 06:00:45.942  7132  7132 D AndroidRuntime: Shutting down VM
01-07 06:00:46.151  1879  1879 W SurfaceFlinger: couldn't log to binary event log: overflow.
01-07 06:00:46.239  2145  2179 W PackageManager: Package com.tencent.qqmusic attempting to redeclare system permission android.permission.BROADCAST_STICKY; ignoring new declaration
01-07 06:00:46.239  2145  2179 D PackageManager: Renaming /data/app/vmdl1707933913.tmp to /data/app/com.tencent.qqmusic-1
01-07 06:00:46.321  2145  2179 I PackageManager: Running dexopt on: /data/app/com.tencent.qqmusic-1/base.apk pkg=com.tencent.qqmusic isa=x86 vmSafeMode=false
01-07 06:00:46.325  7168  7168 W linker  : [vdso]: unused DT entry: type 0x6ffffef5 arg 0xec
01-07 06:00:46.325  7168  7168 E cutils-trace: Error opening trace file: Permission denied (13)
01-07 06:00:46.325  7168  7168 I dex2oat : /system/bin/dex2oat --zip-fd=5 --zip-location=/data/app/com.tencent.qqmusic-1/base.apk --oat-fd=6 --oat-location=/data/dalvik-cache/x86/data@app@com.tencent.qqmusic-1@base.apk@classes.dex --instruction-set=x86 --instruction-set-features=default --runtime-arg -Xms64m --runtime-arg -Xmx512m --swap-fd=13
01-07 06:00:46.483  7168  7168 I dex2oat : Decided to run without swap.
01-07 06:00:46.972  7168  7171 I dex2oat : Method exceeds compiler instruction limit: 22412 in void com.tencent.component.network.downloader.impl.d.a(com.tencent.component.network.utils.thread.j$c, com.tencent.component.network.downloader.DownloadResult)
01-07 06:00:48.129  7168  7168 I dex2oat : dex2oat took 1.803s (threads: 8) arena alloc=2MB java alloc=19MB native alloc=45MB free=10MB
01-07 06:00:48.226  2145  2179 W PackageManager: Unknown permission com.android.launcher.permission.READ_SETTINGS in package com.tencent.qqmusic
01-07 06:00:48.226  2145  2179 W PackageManager: Unknown permission com.android.launcher.permission.WRITE_SETTINGS in package com.tencent.qqmusic
01-07 06:00:48.226  2145  2179 W PackageManager: Not granting permission android.permission.MOUNT_UNMOUNT_FILESYSTEMS to package com.tencent.qqmusic (protectionLevel=18 flags=0x183e64)
01-07 06:00:48.226  2145  2179 W PackageManager: Not granting permission android.permission.WRITE_MEDIA_STORAGE to package com.tencent.qqmusic (protectionLevel=18 flags=0x183e64)
01-07 06:00:48.226  2145  2179 W PackageManager: Not granting permission android.permission.READ_LOGS to package com.tencent.qqmusic (protectionLevel=50 flags=0x183e64)
01-07 06:00:48.312  2145  2179 W Settings: Setting install_non_market_apps has moved from android.provider.Settings.Global to android.provider.Settings.Secure, returning read-only value.
01-07 06:00:48.317  2145  2189 I InputReader: Reconfiguring input devices.  changes=0x00000010
01-07 06:00:48.320  2145  2685 W ActivityManager: getTasks: caller 10051 does not hold REAL_GET_TASKS; limiting output
01-07 06:00:48.321  2145  2164 I ActivityManager: START u0 {flg=0x10800000 cmp=com.estrongs.android.pop/.app.InstallMonitorActivity (has extras)} from uid 10051 on display 0
01-07 06:00:48.354  2145  2164 V WindowManager: addAppToken: AppWindowToken{46f7234 token=Token{29d97107 ActivityRecord{a11ab46 u0 com.estrongs.android.pop/.app.InstallMonitorActivity t48}}} to stack=1 task=48 at 0
01-07 06:00:48.355  2145  2179 I art     : Explicit concurrent mark sweep GC freed 153501(7MB) AllocSpace objects, 13(1430KB) LOS objects, 33% free, 16MB/25MB, paused 765us total 42.891ms
01-07 06:00:48.356  7136  7136 I art     : System.exit called, status: 0
01-07 06:00:48.356  7136  7136 I AndroidRuntime: VM exiting with result code 0.
01-07 06:00:48.361  2145  2145 D BackupManagerService: Received broadcast Intent { act=android.intent.action.PACKAGE_ADDED dat=package:com.tencent.qqmusic flg=0x4000010 (has extras) }
01-07 06:00:48.369  2145  2169 W VoiceInteractionManagerService: no available voice recognition services found for user 0
01-07 06:00:48.371  2145  2685 W ActivityManager: getRunningAppProcesses: caller 10051 does not hold REAL_GET_TASKS; limiting output
01-07 06:00:48.371  2145  2547 W ActivityManager: getRunningAppProcesses: caller 10051 does not hold REAL_GET_TASKS; limiting output
01-07 06:00:48.379  2421  4645 E DatabaseUtils: Writing exception to parcel
01-07 06:00:48.379  2421  4645 E DatabaseUtils: java.lang.SecurityException: Permission Denial: writing com.android.launcher3.LauncherProvider uri content://com.android.launcher3.settings/favorites/5?notify=true from pid=5214, uid=10057 requires com.android.launcher3.permission.WRITE_SETTINGS, or grantUriPermission()
01-07 06:00:48.379  2421  4645 E DatabaseUtils: 	at android.content.ContentProvider.enforceWritePermissionInner(ContentProvider.java:604)
01-07 06:00:48.379  2421  4645 E DatabaseUtils: 	at android.content.ContentProvider$Transport.enforceWritePermission(ContentProvider.java:461)
01-07 06:00:48.379  2421  4645 E DatabaseUtils: 	at android.content.ContentProvider$Transport.update(ContentProvider.java:323)
01-07 06:00:48.379  2421  4645 E DatabaseUtils: 	at android.content.ContentProviderNative.onTransact(ContentProviderNative.java:222)
01-07 06:00:48.379  2421  4645 E DatabaseUtils: 	at android.os.Binder.execTransact(Binder.java:446)
01-07 06:00:48.390  2421  2421 I Launcher: Deferring update until onResume
01-07 06:00:48.492  2145  3551 W InputMethodManagerService: Window already focused, ignoring focus gain of: com.android.internal.view.IInputMethodClient$Stub$Proxy@3a3067e8 attribute=null, token = android.os.BinderProxy@2e3d5738
01-07 06:00:48.493  2145  2547 W ActivityManager: getRunningAppProcesses: caller 10051 does not hold REAL_GET_TASKS; limiting output
01-07 06:00:48.497  2421  2421 I Launcher: Deferring update until onResume
01-07 06:00:48.576  2421  2421 I Launcher: Deferring update until onResume
01-07 06:00:48.620  2145  3553 W ActivityManager: getRunningAppProcesses: caller 10051 does not hold REAL_GET_TASKS; limiting output
01-07 06:00:48.725  2145  2547 W BroadcastQueue: Unable to launch app com.happyelements.AndroidAnimal/10060 for broadcast Intent { act=android.intent.action.PACKAGE_ADDED dat=package:com.tencent.qqmusic flg=0x4000010 (has extras) }: process is bad
01-07 06:00:48.725  2145  2170 W BroadcastQueue: Unable to launch app com.happyelements.AndroidAnimal/10060 for broadcast Intent { act=android.intent.action.PACKAGE_ADDED dat=package:com.tencent.qqmusic flg=0x4000010 (has extras) }: process is bad
01-07 06:00:48.725  2145  2170 W BroadcastQueue: Unable to launch app com.happyelements.AndroidAnimal/10060 for broadcast Intent { act=android.intent.action.PACKAGE_ADDED dat=package:com.tencent.qqmusic flg=0x4000010 (has extras) }: process is bad
01-07 06:00:50.044  7190  7190 W linker  : [vdso]: unused DT entry: type 0x6ffffef5 arg 0x160
01-07 06:00:51.388  2145  2216 W AudioTrack: AUDIO_OUTPUT_FLAG_FAST denied by client
01-07 06:00:51.389  2145  2305 I ActivityManager: START u0 {act=android.intent.action.MAIN cat=[android.intent.category.LAUNCHER] flg=0x10200000 pkg=com.tencent.qqmusic cmp=com.tencent.qqmusic/.activity.AppStarterActivity} from uid 10057 on display 0
01-07 06:00:51.390  2145  2305 V WindowManager: addAppToken: AppWindowToken{3264c00 token=Token{e57a283 ActivityRecord{11e40532 u0 com.tencent.qqmusic/.activity.AppStarterActivity t49}}} to stack=1 task=49 at 0
01-07 06:00:51.400  1890  2142 D audio_hw_primary: found out /dev/snd/pcmC0D0p
01-07 06:00:51.432  2145  2492 I ActivityManager: Start proc 7192:com.tencent.qqmusic/u0a61 for activity com.tencent.qqmusic/.activity.AppStarterActivity
01-07 06:00:51.438  7192  7192 W libnb   : Native bridge is disabled
01-07 06:00:51.459  7192  7192 I ActivityThread: Switching default density from 160 to 240
01-07 06:00:51.469  7192  7213 D QQMusicPatchManager: patch_check_update_thread is running
01-07 06:00:51.469  7192  7192 D HotfixManager: installVerifyDex start
01-07 06:00:51.470  7192  7192 D HotfixManager: installVerifyDex copyAssetsFile result = true
01-07 06:00:51.470  7192  7192 D HotfixManager: dexPath = /data/data/com.tencent.qqmusic/files/hotfix/verify.jar,odexPath = /data/data/com.tencent.qqmusic/files/odex_hotfix/
01-07 06:00:51.483  7214  7214 W linker  : [vdso]: unused DT entry: type 0x6ffffef5 arg 0xec
01-07 06:00:51.485  7214  7214 E cutils-trace: Error opening trace file: Permission denied (13)
01-07 06:00:51.485  7214  7214 I dex2oat : /system/bin/dex2oat --runtime-arg -classpath --runtime-arg  --instruction-set=x86 --instruction-set-features=default --runtime-arg -Xrelocate --boot-image=/system/framework/boot.art --dex-file=/data/data/com.tencent.qqmusic/files/hotfix/verify.jar --oat-fd=17 --oat-location=/data/data/com.tencent.qqmusic/files/odex_hotfix/verify.dex --runtime-arg -Xms64m --runtime-arg -Xmx512m
01-07 06:00:51.535  7214  7214 I dex2oat : dex2oat took 49.758ms (threads: 8) arena alloc=46KB java alloc=2376B native alloc=755KB free=7MB
01-07 06:00:51.545  7192  7192 D DexUtil : load clas com.tencent.NotDoVerifyClasses success 
01-07 06:00:51.545  7192  7192 D HotfixManager: installHotfixDexImpl result = true,dexPath = /data/data/com.tencent.qqmusic/files/hotfix/verify.jar
01-07 06:00:51.545  7192  7192 D HotfixManager: installVerifyDex result = true
01-07 06:00:51.545  7192  7192 D QQMusicPatchManager: initAndInstallPatch 
01-07 06:00:51.546  7192  7192 D HotfixManager: initAndInstallPatch start
01-07 06:00:51.547  7192  7192 D PatchPreferences: getPatch success PatchConfig:,version:null,describe:null,length:0,md5:null,url:null,downloadFilePath:null,downloadDirPath:null,score:0,isClose:false,versionCode:0
01-07 06:00:51.547  7192  7192 D Patch   : verify simpleCheck = false
01-07 06:00:51.547  7192  7192 D HotfixManager: initAndInstallPatch verify = false,patch = PatchConfig:,version:null,describe:null,length:0,md5:null,url:null,downloadFilePath:null,downloadDirPath:null,score:0,isClose:false,versionCode:0
01-07 06:00:51.547  7192  7192 D QQMusicPatchManager: initAndInstallPatch result = false
01-07 06:00:51.547  7192  7192 D PatchPreferences: getPatch success PatchConfig:,version:null,describe:null,length:0,md5:null,url:null,downloadFilePath:null,downloadDirPath:null,score:0,isClose:false,versionCode:0
01-07 06:00:51.548  7192  7192 I MultiDex: VM with version 2.1.0 has multidex support
01-07 06:00:51.548  7192  7192 I MultiDex: install
01-07 06:00:51.548  7192  7192 I MultiDex: VM has multidex support, MultiDex support library is disabled.
01-07 06:00:51.549  2145  2164 W ActivityManager: getRunningAppProcesses: caller 10061 does not hold REAL_GET_TASKS; limiting output
01-07 06:00:51.550  7192  7192 I LogPoint4Test: dex-->84
01-07 06:00:51.551  7192  7192 I Delta   : [+0] Start , total: 0
01-07 06:00:51.552  2145  2165 W ActivityManager: getRunningAppProcesses: caller 10061 does not hold REAL_GET_TASKS; limiting output
01-07 06:00:51.555  7192  7192 D LogPoint: app#start-0|app start|<2548503518674>
01-07 06:00:51.561  2145  3553 W ActivityManager: Unable to start service Intent { act=com.google.android.gms.analytics.service.START cmp=com.google.android.gms/.analytics.service.AnalyticsService (has extras) } U=0: not found
01-07 06:00:51.562  7192  7192 I Delta   : [+11] programInit 1  , total: 11
01-07 06:00:51.562  2145  6321 W ActivityManager: getRunningAppProcesses: caller 10061 does not hold REAL_GET_TASKS; limiting output
01-07 06:00:51.563  2145  2685 W ActivityManager: getRunningAppProcesses: caller 10061 does not hold REAL_GET_TASKS; limiting output
01-07 06:00:51.570  7192  7192 I Delta   : [+8] programInit 2  , total: 19
01-07 06:00:51.571  7192  7226 W NetworkObserver: LAST -> null
01-07 06:00:51.571  7192  7226 W NetworkObserver: CURR -> NetworkState [connected=true, apnName=f8:32:e4:a0:25:09, type=ETHERNET, accessPoint=NEVER_HEARD]
01-07 06:00:51.572  7192  7226 V NetworkDash: isDeviceIdBySlot:0
01-07 06:00:51.573  7192  7226 V NetworkDash: isDeviceIdBySlot:1
01-07 06:00:51.575  7192  7226 I NetworkDash: imsi: null
01-07 06:00:51.575  7192  7226 W NetworkObserver: null => N/A
01-07 06:00:51.590  7192  7192 W ResourceType: For resource 0x7f0206c8, entry index(1736) is beyond type entryCount(1736)
01-07 06:00:51.590  7192  7192 W ResourceType: Failure getting entry for 0x7f0206c8 (t=1 e=1736) (error -75)
01-07 06:00:51.590  7192  7192 D SkinEngine: int DrawablePreloadIntercepter cost: 13
01-07 06:00:51.590  7192  7192 W ResourceType: For resource 0x7f0800ee, entry index(238) is beyond type entryCount(238)
01-07 06:00:51.590  7192  7192 W ResourceType: Failure getting entry for 0x7f0800ee (t=7 e=238) (error -75)
01-07 06:00:51.591  7192  7192 D SkinEngine: int ColorStateListPreloadIntercepter cost: 1
01-07 06:00:51.596  7192  7192 I Delta   : [+26] programInit 3  , total: 45
01-07 06:00:51.597  7192  7192 I Delta   : [+1] App create end , total: 46
01-07 06:00:51.599  7192  7192 I Delta   : [+2] activity oncreate , total: 48
01-07 06:00:51.947  7192  7192 I Delta   : [+348] activity oncreate end , total: 396
01-07 06:00:51.948  7192  7192 W beacon  : API Level: 22
01-07 06:00:51.951  7192  7192 I tyrael  : setWnsBackground
01-07 06:00:51.974  7242  7242 W libnb   : Native bridge is disabled
01-07 06:00:51.976  2145  3551 I ActivityManager: Start proc 7242:com.tencent.qqmusic:QQPlayerService/u0a61 for service com.tencent.qqmusic/com.tencent.qqmusicplayerprocess.network.NetworkService
01-07 06:00:51.988  7242  7242 I ActivityThread: Switching default density from 160 to 240
01-07 06:00:51.997  7242  7263 D QQMusicPatchManager: patch_check_update_thread is running
01-07 06:00:51.997  7242  7242 D HotfixManager: installVerifyDex start
01-07 06:00:51.997  7242  7242 D HotfixManager: dexPath = /data/data/com.tencent.qqmusic/files/hotfix/verify.jar,odexPath = /data/data/com.tencent.qqmusic/files/odex_hotfix/
01-07 06:00:52.022  7242  7242 D DexUtil : load clas com.tencent.NotDoVerifyClasses success 
01-07 06:00:52.022  7242  7242 D HotfixManager: installHotfixDexImpl result = true,dexPath = /data/data/com.tencent.qqmusic/files/hotfix/verify.jar
01-07 06:00:52.022  7242  7242 D HotfixManager: installVerifyDex result = true
01-07 06:00:52.022  7242  7242 D QQMusicPatchManager: initAndInstallPatch 
01-07 06:00:52.023  7242  7242 D HotfixManager: initAndInstallPatch start
01-07 06:00:52.024  7242  7242 D PatchPreferences: getPatch success PatchConfig:,version:null,describe:null,length:0,md5:null,url:null,downloadFilePath:null,downloadDirPath:null,score:0,isClose:false,versionCode:0
01-07 06:00:52.024  7242  7242 D Patch   : verify simpleCheck = false
01-07 06:00:52.024  7242  7242 D HotfixManager: initAndInstallPatch verify = false,patch = PatchConfig:,version:null,describe:null,length:0,md5:null,url:null,downloadFilePath:null,downloadDirPath:null,score:0,isClose:false,versionCode:0
01-07 06:00:52.024  7242  7242 D QQMusicPatchManager: initAndInstallPatch result = false
01-07 06:00:52.024  7242  7242 D PatchPreferences: getPatch success PatchConfig:,version:null,describe:null,length:0,md5:null,url:null,downloadFilePath:null,downloadDirPath:null,score:0,isClose:false,versionCode:0
01-07 06:00:52.025  7242  7242 I MultiDex: VM with version 2.1.0 has multidex support
01-07 06:00:52.025  7242  7242 I MultiDex: install
01-07 06:00:52.025  7242  7242 I MultiDex: VM has multidex support, MultiDex support library is disabled.
01-07 06:00:52.026  2145  3551 W ActivityManager: getRunningAppProcesses: caller 10061 does not hold REAL_GET_TASKS; limiting output
01-07 06:00:52.027  7242  7242 I LogPoint4Test: dex-->33
01-07 06:00:52.027  7242  7242 I Delta   : [+0] Start , total: 0
01-07 06:00:52.028  2145  2305 W ActivityManager: getRunningAppProcesses: caller 10061 does not hold REAL_GET_TASKS; limiting output
01-07 06:00:52.031  7242  7242 D LogPoint: app#start-0|app start|<2548979297613>
01-07 06:00:52.032  7242  7242 I Delta   : [+5] programInit 1  , total: 5
01-07 06:00:52.032  2145  6321 W ActivityManager: getRunningAppProcesses: caller 10061 does not hold REAL_GET_TASKS; limiting output
01-07 06:00:52.033  2145  2685 W ActivityManager: getRunningAppProcesses: caller 10061 does not hold REAL_GET_TASKS; limiting output
01-07 06:00:52.043  2145  2165 W ActivityManager: getRunningAppProcesses: caller 10061 does not hold REAL_GET_TASKS; limiting output
01-07 06:00:52.043  7242  7267 W NetworkObserver: LAST -> null
01-07 06:00:52.043  7242  7267 W NetworkObserver: CURR -> NetworkState [connected=true, apnName=f8:32:e4:a0:25:09, type=ETHERNET, accessPoint=NEVER_HEARD]
01-07 06:00:52.045  7242  7267 V NetworkDash: isDeviceIdBySlot:0
01-07 06:00:52.046  7242  7267 V NetworkDash: isDeviceIdBySlot:1
01-07 06:00:52.046  7242  7267 I NetworkDash: imsi: null
01-07 06:00:52.046  7242  7267 W NetworkObserver: null => N/A
01-07 06:00:52.060  7242  7242 I WnsApiManager: wns inited:mAppBackground:true
01-07 06:00:52.060  7242  7242 W tyrael  : dispatchApplicationEnterBackground:com.tencent.wns.ipcclient.b@b4ff2c8
01-07 06:00:52.060  7242  7242 I WnsUidBindManager: sIsWnsReady:false
01-07 06:00:52.064  7242  7242 W eup     : 'setLogAble(boolean)' is true , so running in debug model , close it when you release!
01-07 06:00:52.064  7242  7242 D eup     : rqdp{  init cominfo}
01-07 06:00:52.065  7242  7242 I eup     : rqdp{  version:} 5.8.0.18
01-07 06:00:52.065  2145  2547 W ActivityManager: getRunningAppProcesses: caller 10061 does not hold REAL_GET_TASKS; limiting output
01-07 06:00:52.065  7242  7242 D eup     : set sha1 5.8.0.18294
01-07 06:00:52.065  7242  7242 D eup     : setsofile libvad.so armeabi ea891f09f33b0340fead5b0c7a87265804a3307c
01-07 06:00:52.065  7242  7242 D eup     : setsofile libwtecdh.so armeabi c7063df20f11590003ceac47581347dac3938ea6
01-07 06:00:52.065  7242  7242 D eup     : setsofile libfilescanner.so armeabi e0a424fddd78fb1ee51cfe7eb47f861e9566f651
01-07 06:00:52.065  7242  7242 D eup     : setsofile libfingerprintV2jni.so armeabi a565c837fc539e7e8de98eb9e9c31af7fa26aa44
01-07 06:00:52.065  7242  7242 D eup     : setsofile libdalvik_patch.so armeabi c00fedfc2d2791227579cf6c2ccf45abddf97e1a
01-07 06:00:52.065  7242  7242 D eup     : setsofile libsta_jni.so armeabi c481725f3c498bb59d2b1b5578775687777a7d2c
01-07 06:00:52.065  7242  7242 D eup     : setsofile libfingerprintjni.so armeabi 13c223e315a7edd34ff27a48dfd82da8a508a3bf
01-07 06:00:52.065  7242  7242 D eup     : setsofile libNativeRQD.so armeabi de7770d2256ec71a458afdd58344a85c9784e518
01-07 06:00:52.065  7242  7242 D eup     : setsofile libimage_filter_common.so armeabi f9b5df2a273f934f299ee62f6865f3df11e8bd96
01-07 06:00:52.065  7242  7242 D eup     : setsofile libinh.so armeabi 4a0937f2e5c11003e6dd5447473c677f84cf139e
01-07 06:00:52.065  7242  7242 D eup     : setsofile libWXVoice.so armeabi 52dd89487aea3289b5c06837f9d32c8496a31660
01-07 06:00:52.065  7242  7242 D eup     : setsofile libQPlayAuto.so armeabi fdf2e6603ad9ade63d6a754ad2ea99e15d60a072
01-07 06:00:52.065  7242  7242 D eup     : setsofile libsearch.so armeabi 205ebffad915fe3fe809fa60a120d5e8bfa862f6
01-07 06:00:52.065  7242  7242 D eup     : setsofile libTUpdateService.so armeabi da8492ebfd84b7aaa5665cd3ab3a0c7255e2116d
01-07 06:00:52.066  7242  7242 D eup     : setsofile libmresearch.so armeabi 7399f79660db8aafd028113d65060480373813bd
01-07 06:00:52.066  7242  7242 D eup     : setsofile libQQMMANDKSignature.so armeabi b836a03cf5bec21e3e1d59c59090502603f1c280
01-07 06:00:52.066  7242  7242 D eup     : setsofile libwnsnetwork.so armeabi 9dc03eb11972e16db00f227d96338950086fcf6b
01-07 06:00:52.066  7242  7242 D eup     : setsofile libupnp-jni.so armeabi aa52904393f0970773505d6679f93518fceaa74f
01-07 06:00:52.066  7242  7242 D eup     : setsofile libnetworkbase.so armeabi a0e8db20a0c33ab4ec13a667431ff64ba5f4f52c
01-07 06:00:52.066  7242  7242 D eup     : setsofile libpbpinyin.so armeabi 8671c35252282defa7f80e555b636fe91dc7e5d8
01-07 06:00:52.066  7242  7242 D eup     : setsofile libtmfe30.so armeabi bdaf4a86046b9a43948106f013e931857c689cd3
01-07 06:00:52.066  7242  7242 D eup     : setsofile libPlayerCore_neon.so armeabi ca1dfffe4214c18df6f511c12b125e1345e16d31
01-07 06:00:52.066  7242  7242 D eup     : setsofile libdesdecrypt.so armeabi 945d63ce54c8fce706811314eedd1090db91656d
01-07 06:00:52.066  7242  7242 D eup     : setsofile libexpress_verify.so armeabi a51c6f53042524b6b39105ba8501caa99f2eb828
01-07 06:00:52.066  7242  7242 D eup     : setsofile libimage_filter_gpu.so armeabi f4ab2a1bfc308442d5350e9390b85720e6f4625a
01-07 06:00:52.066  7242  7242 D eup     : setsofile libckey.so armeabi d800c5f033823b739b41a67cca48824c6822d7a1
01-07 06:00:52.066  7242  7242 D eup     : setsofile libckeygenerator.so armeabi 52795e793ff5d1ae9596263f9b990e493c3a3bf1
01-07 06:00:52.066  7242  7242 D eup     : setsofile libSongUrlFactory.so armeabi 372fe054c2427076f2970f8a446aaa8801846806
01-07 06:00:52.066  7242  7242 D eup     : setsofile libh.so armeabi ba2ff2c65d7aac33aa94abc40ea0af796b43ba05
01-07 06:00:52.066  7242  7242 D eup     : setsofile libTxCodec_neon.so armeabi c47ee08f2acb9afe9d6f386f3b923516b05468f8
01-07 06:00:52.066  7242  7242 D eup     : setsofile libFormatDetector.so armeabi ce98b51d1a1f882572e3acaa0039d4d1c1ddf143
01-07 06:00:52.066  7242  7242 D eup     : setted so count 31
01-07 06:00:52.069  7242  7278 D eup     : rqdp{  create uphandler up:}true
01-07 06:00:52.069  7242  7278 I eup     : rqdp{  eup create instance}
01-07 06:00:52.071  7242  7278 D eup     : rqdp{  cus eupstrategy} [MSNum:10 ,Wifi:10,GPRS:3,ODay:10,isMerged:true,AfQ:false,Silent:true,mLog:300,tag:null,assert:false, interval:50, limit:60]
01-07 06:00:52.071  7242  7278 I eup     : rqdp{  mid:}3 rqdp{  change user switch} true
01-07 06:00:52.071  7242  7278 I eup     : rqdp{ eup regist}
01-07 06:00:52.072  7242  7278 E art     : dlopen("/data/app/com.tencent.qqmusic-1/lib/arm/libNativeRQD.so", RTLD_LAZY) failed: dlopen failed: "/data/app/com.tencent.qqmusic-1/lib/arm/libNativeRQD.so" has unexpected e_machine: 40
01-07 06:00:52.072  7242  7278 W eup     : java.lang.UnsatisfiedLinkError: dlopen failed: "/data/app/com.tencent.qqmusic-1/lib/arm/libNativeRQD.so" has unexpected e_machine: 40
01-07 06:00:52.072  7242  7278 W eup     : 	at java.lang.Runtime.loadLibrary(Runtime.java:371)
01-07 06:00:52.072  7242  7278 W eup     : 	at java.lang.System.loadLibrary(System.java:988)
01-07 06:00:52.072  7242  7278 W eup     : 	at com.tencent.feedback.eup.jni.NativeExceptionUpload.loadRQDNativeLib(SourceFile:86)
01-07 06:00:52.072  7242  7278 W eup     : 	at com.tencent.feedback.eup.d.a(SourceFile:149)
01-07 06:00:52.072  7242  7278 W eup     : 	at com.tencent.feedback.eup.d.a(SourceFile:103)
01-07 06:00:52.072  7242  7278 W eup     : 	at com.tencent.qqmusiccommon.util.a.b.a(SourceFile:87)
01-07 06:00:52.072  7242  7278 W eup     : 	at com.tencent.qqmusiccommon.util.thread.e$c.a(SourceFile:121)
01-07 06:00:52.072  7242  7278 W eup     : 	at com.tencent.qqmusiccommon.util.thread.f$e.run(SourceFile:134)
01-07 06:00:52.072  7242  7278 W eup     : 	at java.util.concurrent.ThreadPoolExecutor.runWorker(ThreadPoolExecutor.java:1112)
01-07 06:00:52.072  7242  7278 W eup     : 	at java.util.concurrent.ThreadPoolExecutor$Worker.run(ThreadPoolExecutor.java:587)
01-07 06:00:52.072  7242  7278 W eup     : 	at java.lang.Thread.run(Thread.java:818)
01-07 06:00:52.072  7242  7278 W eup     : 	at com.tencent.qqmusiccommon.util.thread.d.run(SourceFile:23)
01-07 06:00:52.072  7242  7278 E eup     : rqdp{  load library fail! see detail ,will turn off native eup function!}
01-07 06:00:52.072  7242  7278 E eup     : load lib fail default close native return!
01-07 06:00:52.073  2145  2211 D WifiService: New client listening to asynchronous messages
01-07 06:00:52.084  7242  7242 I art     : Explicit concurrent mark sweep GC freed 2771(170KB) AllocSpace objects, 0(0B) LOS objects, 39% free, 3MB/5MB, paused 272us total 10.287ms
01-07 06:00:52.085  7242  7242 W beacon  : API Level: 22
01-07 06:00:52.088  7242  7242 I Delta   : [+56] App create end , total: 61
01-07 06:00:52.093  7289  7289 W linker  : [vdso]: unused DT entry: type 0x6ffffef5 arg 0x160
01-07 06:00:52.097  7293  7293 W linker  : [vdso]: unused DT entry: type 0x6ffffef5 arg 0x160
01-07 06:00:52.101  7192  7192 D LogPoint: scansongs-0|scan songs start|<2549049626913>
01-07 06:00:52.101  7192  7192 D Profiler: perf..begin 1452146452101
01-07 06:00:52.101  7192  7192 D Profiler: perf.1_APP_FULL_SCAN_LOCAL_FINISH.begin 1452146452101
01-07 06:00:52.101  7192  7192 D Profiler: perf.1_APP_SCAN_LOCAL_FINISH.begin 1452146452101
01-07 06:00:52.101  7192  7192 I Delta   : [+154] activity onstart , total: 550
01-07 06:00:52.102  7192  7192 I Delta   : [+1] activity onresume , total: 551
01-07 06:00:52.103  7192  7297 D FilterUtil: setFileFilter: com.tencent.qqmusic.business.local.a.v@bee2e6e
01-07 06:00:52.103  7192  7297 W DBHelper: initDirDatabase
01-07 06:00:52.103  7192  7297 W DBHelper: initializeDB
01-07 06:00:52.104  7242  7295 D LibraryLoader: try to load library: networkbase from system lib
01-07 06:00:52.104  7242  7295 E art     : dlopen("/data/app/com.tencent.qqmusic-1/lib/arm/libnetworkbase.so", RTLD_LAZY) failed: dlopen failed: "/data/app/com.tencent.qqmusic-1/lib/arm/libnetworkbase.so" has unexpected e_machine: 40
01-07 06:00:52.104  7242  7295 E LibraryLoader: cannot load library networkbase from system lib
01-07 06:00:52.104  7242  7295 E LibraryLoader: java.lang.UnsatisfiedLinkError: dlopen failed: "/data/app/com.tencent.qqmusic-1/lib/arm/libnetworkbase.so" has unexpected e_machine: 40
01-07 06:00:52.104  7242  7295 E LibraryLoader: 	at java.lang.Runtime.loadLibrary(Runtime.java:371)
01-07 06:00:52.104  7242  7295 E LibraryLoader: 	at java.lang.System.loadLibrary(System.java:988)
01-07 06:00:52.104  7242  7295 E LibraryLoader: 	at com.tencent.base.os.Native.a(SourceFile:85)
01-07 06:00:52.104  7242  7295 E LibraryLoader: 	at com.tencent.wns.network.ConnectionImpl.<clinit>(SourceFile:29)
01-07 06:00:52.104  7242  7295 E LibraryLoader: 	at com.tencent.wns.session.f.a(SourceFile:232)
01-07 06:00:52.104  7242  7295 E LibraryLoader: 	at com.tencent.wns.session.j.d(SourceFile:1012)
01-07 06:00:52.104  7242  7295 E LibraryLoader: 	at com.tencent.wns.session.v.run(SourceFile:918)
01-07 06:00:52.104  7242  7295 E LibraryLoader: 	at android.os.Handler.handleCallback(Handler.java:739)
01-07 06:00:52.104  7242  7295 E LibraryLoader: 	at android.os.Handler.dispatchMessage(Handler.java:95)
01-07 06:00:52.104  7242  7295 E LibraryLoader: 	at android.os.Looper.loop(Looper.java:135)
01-07 06:00:52.104  7242  7295 E LibraryLoader: 	at android.os.HandlerThread.run(HandlerThread.java:61)
01-07 06:00:52.104  7242  7295 E LibraryLoader: libnetworkbase.so not exist,try to forceCopy!
01-07 06:00:52.105  7242  7295 I LibraryLoader: try to copy libnetworkbase.so
01-07 06:00:52.105  7242  7295 D LibraryLoader: copy lib:lib/armeabi/libnetworkbase.so to /data/data/com.tencent.qqmusic/qzlib
01-07 06:00:52.106  7242  7295 D LibraryLoader: try to load library: /data/data/com.tencent.qqmusic/qzlib/libnetworkbase.so from qzlib
01-07 06:00:52.106  7192  7316 D OpenGLRenderer: Use EGL_SWAP_BEHAVIOR_PRESERVED: true
01-07 06:00:52.106  2145  3552 V WindowManager: Adding window Window{3e84b642 u0 com.tencent.qqmusic/com.tencent.qqmusic.activity.AppStarterActivity} at 8 of 13 (after Window{e016311 u0 com.wandoujia.phoenix2/com.wandoujia.jupiter.search.activity.SearchHomeActivity})
01-07 06:00:52.106  7314  7314 W linker  : [vdso]: unused DT entry: type 0x6ffffef5 arg 0x160
01-07 06:00:52.107  2145  2211 D WifiService: New client listening to asynchronous messages
01-07 06:00:52.110  7320  7320 W linker  : [vdso]: unused DT entry: type 0x6ffffef5 arg 0x160
01-07 06:00:52.112  7242  7295 E art     : dlopen("/data/data/com.tencent.qqmusic/qzlib/libnetworkbase.so", RTLD_LAZY) failed: dlopen failed: "/data/data/com.tencent.qqmusic/qzlib/libnetworkbase.so" has unexpected e_machine: 40
01-07 06:00:52.112  7242  7295 E LibraryLoader: cannot load library /data/data/com.tencent.qqmusic/qzlib/libnetworkbase.so from qzlib
01-07 06:00:52.112  7242  7295 E LibraryLoader: java.lang.UnsatisfiedLinkError: dlopen failed: "/data/data/com.tencent.qqmusic/qzlib/libnetworkbase.so" has unexpected e_machine: 40
01-07 06:00:52.112  7242  7295 E LibraryLoader: 	at java.lang.Runtime.load(Runtime.java:331)
01-07 06:00:52.112  7242  7295 E LibraryLoader: 	at java.lang.System.load(System.java:981)
01-07 06:00:52.112  7242  7295 E LibraryLoader: 	at com.tencent.base.os.Native.a(SourceFile:154)
01-07 06:00:52.112  7242  7295 E LibraryLoader: 	at com.tencent.wns.network.ConnectionImpl.<clinit>(SourceFile:29)
01-07 06:00:52.112  7242  7295 E LibraryLoader: 	at com.tencent.wns.session.f.a(SourceFile:232)
01-07 06:00:52.112  7242  7295 E LibraryLoader: 	at com.tencent.wns.session.j.d(SourceFile:1012)
01-07 06:00:52.112  7242  7295 E LibraryLoader: 	at com.tencent.wns.session.v.run(SourceFile:918)
01-07 06:00:52.112  7242  7295 E LibraryLoader: 	at android.os.Handler.handleCallback(Handler.java:739)
01-07 06:00:52.112  7242  7295 E LibraryLoader: 	at android.os.Handler.dispatchMessage(Handler.java:95)
01-07 06:00:52.112  7242  7295 E LibraryLoader: 	at android.os.Looper.loop(Looper.java:135)
01-07 06:00:52.112  7242  7295 E LibraryLoader: 	at android.os.HandlerThread.run(HandlerThread.java:61)
01-07 06:00:52.113  7324  7324 W linker  : [vdso]: unused DT entry: type 0x6ffffef5 arg 0x160
01-07 06:00:52.113  7325  7325 W linker  : [vdso]: unused DT entry: type 0x6ffffef5 arg 0x160
01-07 06:00:52.115  7242  7295 E LibraryLoader: lib/armeabi/libnetworkbase.so md5 = 5199a27c9f3beb8eff00d2e69e9f049a,/data/data/com.tencent.qqmusic/qzlib/libnetworkbase.so md5 = 5199a27c9f3beb8eff00d2e69e9f049a
01-07 06:00:52.115  7330  7330 W linker  : [vdso]: unused DT entry: type 0x6ffffef5 arg 0x160
01-07 06:00:52.115  7242  7295 W LibraryLoader: Prepare to Download Native Libs From Network ... 
01-07 06:00:52.115  7242  7295 W LibraryLoader: Url = http://1251013638.cdn.myqcloud.com/1251013638/wns-qcloud-sdk/wns_so_arm_20151120.zip
01-07 06:00:52.116  7331  7331 W linker  : [vdso]: unused DT entry: type 0x6ffffef5 arg 0x160
01-07 06:00:52.118  7338  7338 W linker  : [vdso]: unused DT entry: type 0x6ffffef5 arg 0x160
01-07 06:00:52.119  7340  7340 W linker  : [vdso]: unused DT entry: type 0x6ffffef5 arg 0x160
01-07 06:00:52.122  7345  7345 W linker  : [vdso]: unused DT entry: type 0x6ffffef5 arg 0x160
01-07 06:00:52.123  7346  7346 W linker  : [vdso]: unused DT entry: type 0x6ffffef5 arg 0x160
01-07 06:00:52.141  7192  7316 I GRALLOC-DRM: create intel for driver i915
01-07 06:00:52.143  7192  7316 I EGL-DRI2: DRI2: found extension DRI_Core version 1
01-07 06:00:52.143  7192  7316 I EGL-DRI2: DRI2: found extension DRI_DRI2 version 4
01-07 06:00:52.155  7192  7316 I EGL-DRI2: DRI2: found extension DRI_TexBuffer version 3
01-07 06:00:52.155  7192  7316 I EGL-DRI2: DRI2: found extension DRI2_Flush version 4
01-07 06:00:52.155  7192  7316 I EGL-DRI2: DRI2: found extension DRI_IMAGE version 11
01-07 06:00:52.155  7192  7316 I OpenGLRenderer: Initialized EGL, version 1.4
01-07 06:00:52.155  7192  7316 W OpenGLRenderer: Failed to choose config with EGL_SWAP_BEHAVIOR_PRESERVED, retrying without...
01-07 06:00:52.159  7192  7316 D OpenGLRenderer: Enabling debug mode 0
01-07 06:00:52.160  7192  7192 I Delta   : [+58] activity focus , total: 609
01-07 06:00:52.215  7192  7192 I Delta   : [+55] init base , total: 664
01-07 06:00:52.216  2145  2175 I ActivityManager: Displayed com.tencent.qqmusic/.activity.AppStarterActivity: +809ms (total +3s846ms)
01-07 06:00:52.233  1878  1905 E Vold    : Failed to find mounted volume for /storage/usb1/Android/data/com.tencent.qqmusic/files/
01-07 06:00:52.233  7192  7192 W ContextImpl: Failed to ensure directory: /storage/usb1/Android/data/com.tencent.qqmusic/files
01-07 06:00:52.234  1878  1905 E Vold    : Failed to find mounted volume for /storage/usb2/Android/data/com.tencent.qqmusic/files/
01-07 06:00:52.234  7192  7192 W ContextImpl: Failed to ensure directory: /storage/usb2/Android/data/com.tencent.qqmusic/files
01-07 06:00:52.235  1878  1905 E Vold    : Failed to find mounted volume for /storage/usb3/Android/data/com.tencent.qqmusic/files/
01-07 06:00:52.235  7192  7192 W ContextImpl: Failed to ensure directory: /storage/usb3/Android/data/com.tencent.qqmusic/files
01-07 06:00:52.236  1878  1905 E Vold    : Failed to find mounted volume for /storage/sdcard1/Android/data/com.tencent.qqmusic/files/
01-07 06:00:52.236  7192  7192 W ContextImpl: Failed to ensure directory: /storage/sdcard1/Android/data/com.tencent.qqmusic/files
01-07 06:00:52.244  7192  7349 D FileOutput: threadStart
01-07 06:00:52.244  7192  7192 I Delta   : [+29] programStart1 1  , total: 693
01-07 06:00:52.244  7192  7350 D FileOutput: threadStart
01-07 06:00:52.284  7242  7262 W System.err: java.lang.NumberFormatException: Invalid long: "00000000294ffa800033c5870033c587"
01-07 06:00:52.284  7242  7262 W System.err: 	at java.lang.Long.invalidLong(Long.java:124)
01-07 06:00:52.284  7242  7262 W System.err: 	at java.lang.Long.parse(Long.java:363)
01-07 06:00:52.284  7242  7262 W System.err: 	at java.lang.Long.parseLong(Long.java:353)
01-07 06:00:52.284  7242  7262 W System.err: 	at java.lang.Long.parseLong(Long.java:321)
01-07 06:00:52.284  7242  7262 W System.err: 	at com.tencent.qqmusicplayerprocess.session.Session.l(SourceFile:595)
01-07 06:00:52.284  7242  7262 W System.err: 	at com.tencent.qqmusic.common.b.a.b.a(SourceFile:127)
01-07 06:00:52.284  7242  7262 W System.err: 	at com.tencent.qqmusic.common.b.a.a.d(SourceFile:101)
01-07 06:00:52.284  7242  7262 W System.err: 	at com.tencent.qqmusicplayerprocess.session.c.h(SourceFile:647)
01-07 06:00:52.284  7242  7262 W System.err: 	at com.tencent.qqmusicplayerprocess.session.Session.i(SourceFile:616)
01-07 06:00:52.284  7242  7262 W System.err: 	at com.tencent.qqmusicplayerprocess.session.c.a(SourceFile:566)
01-07 06:00:52.284  7242  7262 W System.err: 	at com.tencent.qqmusicplayerprocess.wns.n.a(SourceFile:182)
01-07 06:00:52.284  7242  7262 W System.err: 	at com.tencent.qqmusicplayerprocess.network.t.<init>(SourceFile:28)
01-07 06:00:52.284  7242  7262 W System.err: 	at com.tencent.qqmusicplayerprocess.network.t.<init>(SourceFile:20)
01-07 06:00:52.284  7242  7262 W System.err: 	at com.tencent.qqmusicplayerprocess.wns.j.a(SourceFile:113)
01-07 06:00:52.284  7242  7262 W System.err: 	at com.tencent.qqmusicplayerprocess.wns.m.a(SourceFile:90)
01-07 06:00:52.284  7242  7262 W System.err: 	at com.tencent.qqmusicplayerprocess.network.i.a(SourceFile:226)
01-07 06:00:52.284  7242  7262 W System.err: 	at com.tencent.qqmusicplayerprocess.session.c.c(SourceFile:127)
01-07 06:00:52.284  7242  7262 W System.err: 	at com.tencent.qqmusicplayerprocess.session.c.a(SourceFile:530)
01-07 06:00:52.284  7242  7262 W System.err: 	at com.tencent.qqmusicplayerprocess.session.c.d(SourceFile:513)
01-07 06:00:52.284  7242  7262 W System.err: 	at com.tencent.qqmusicplayerprocess.wns.c.b.a(SourceFile:81)
01-07 06:00:52.284  7242  7262 W System.err: 	at com.tencent.qqmusicplayerprocess.wns.m.a(SourceFile:43)
01-07 06:00:52.284  7242  7262 W System.err: 	at com.tencent.qqmusicplayerprocess.network.o.a(SourceFile:57)
01-07 06:00:52.284  7242  7262 W System.err: 	at com.tencent.qqmusicplayerprocess.network.g$a.onTransact(SourceFile:61)
01-07 06:00:52.284  7242  7262 W System.err: 	at android.os.Binder.execTransact(Binder.java:446)
01-07 06:00:52.284  7242  7262 W System.err: java.lang.NumberFormatException: Invalid long: "UnknownUserId"
01-07 06:00:52.284  7242  7262 W System.err: 	at java.lang.Long.invalidLong(Long.java:124)
01-07 06:00:52.284  7242  7262 W System.err: 	at java.lang.Long.parse(Long.java:363)
01-07 06:00:52.284  7242  7262 W System.err: 	at java.lang.Long.parseLong(Long.java:353)
01-07 06:00:52.284  7242  7262 W System.err: 	at java.lang.Long.parseLong(Long.java:321)
01-07 06:00:52.284  7242  7262 W System.err: 	at com.tencent.qqmusicplayerprocess.session.Session.l(SourceFile:595)
01-07 06:00:52.284  7242  7262 W System.err: 	at com.tencent.qqmusicplayerprocess.session.c.a(SourceFile:667)
01-07 06:00:52.284  7242  7262 W System.err: 	at com.tencent.qqmusicplayerprocess.session.c.h(SourceFile:651)
01-07 06:00:52.284  7242  7262 W System.err: 	at com.tencent.qqmusicplayerprocess.session.Session.i(SourceFile:616)
01-07 06:00:52.284  7242  7262 W System.err: 	at com.tencent.qqmusicplayerprocess.session.c.a(SourceFile:566)
01-07 06:00:52.284  7242  7262 W System.err: 	at com.tencent.qqmusicplayerprocess.wns.n.a(SourceFile:182)
01-07 06:00:52.284  7242  7262 W System.err: 	at com.tencent.qqmusicplayerprocess.network.t.<init>(SourceFile:28)
01-07 06:00:52.284  7242  7262 W System.err: 	at com.tencent.qqmusicplayerprocess.network.t.<init>(SourceFile:20)
01-07 06:00:52.284  7242  7262 W System.err: 	at com.tencent.qqmusicplayerprocess.wns.j.a(SourceFile:113)
01-07 06:00:52.284  7242  7262 W System.err: 	at com.tencent.qqmusicplayerprocess.wns.m.a(SourceFile:90)
01-07 06:00:52.284  7242  7262 W System.err: 	at com.tencent.qqmusicplayerprocess.network.i.a(SourceFile:226)
01-07 06:00:52.284  7242  7262 W System.err: 	at com.tencent.qqmusicplayerprocess.session.c.c(SourceFile:127)
01-07 06:00:52.284  7242  7262 W System.err: 	at com.tencent.qqmusicplayerprocess.session.c.a(SourceFile:530)
01-07 06:00:52.284  7242  7262 W System.err: 	at com.tencent.qqmusicplayerprocess.session.c.d(SourceFile:513)
01-07 06:00:52.284  7242  7262 W System.err: 	at com.tencent.qqmusicplayerprocess.wns.c.b.a(SourceFile:81)
01-07 06:00:52.284  7242  7262 W System.err: 	at com.tencent.qqmusicplayerprocess.wns.m.a(SourceFile:43)
01-07 06:00:52.284  7242  7262 W System.err: 	at com.tencent.qqmusicplayerprocess.network.o.a(SourceFile:57)
01-07 06:00:52.284  7242  7262 W System.err: 	at com.tencent.qqmusicplayerprocess.network.g$a.onTransact(SourceFile:61)
01-07 06:00:52.284  7242  7262 W System.err: 	at android.os.Binder.execTransact(Binder.java:446)
01-07 06:00:52.437  2272  2272 W ResourceType: No package identifier when getting value for resource number 0x00000000
01-07 06:00:52.437  2272  2272 W PackageManager: Failure retrieving resources for com.wandoujia.phoenix2: Resource ID #0x0
01-07 06:00:52.540  7242  7279 D eup     : rqdp{  table:}ao CREATE TABLE ao ( _id INTEGER PRIMARY KEY , _time int , _type int , _prority int , _length int , _datas blob , _key text , _upCounts int ,_count int , _state int)
01-07 06:00:52.540  7242  7279 D eup     : rqdp{  table:}count CREATE TABLE count ( _id INTEGER PRIMARY KEY , _countid text unique  , _prority int , _local int , _stime int , _utime int , _ctime int , _cparams text)
01-07 06:00:52.541  7242  7279 D eup     : rqdp{  table:}gray CREATE TABLE gray ( _id INTEGER PRIMARY KEY , _time int , _uid text unique )
01-07 06:00:52.541  7242  7279 D eup     : rqdp{  table:}file CREATE TABLE file ( _id INTEGER PRIMARY KEY , _n text , _ut int , _sz int , _sa text , _t int , _ac text )
01-07 06:00:52.541  7242  7279 D eup     : rqdp{  table:}strategy CREATE TABLE strategy ( _id INTEGER PRIMARY KEY , _key int unique , _ut int , _datas blob)
01-07 06:00:52.745  7242  7295 W LibraryLoader: Download Native Libs => true
01-07 06:00:52.745  7242  7295 W LibraryLoader: Prepare to Install Native Libs ...
01-07 06:00:52.753  7242  7295 W LibraryLoader: Install Native Libs => true
01-07 06:00:52.754  7242  7295 E LibraryLoader: try to load library: /data/data/com.tencent.qqmusic/qzlib/libnetworkbase.so from qzlib again!
01-07 06:00:52.754  7242  7295 E art     : dlopen("/data/data/com.tencent.qqmusic/qzlib/libnetworkbase.so", RTLD_LAZY) failed: dlopen failed: "/data/data/com.tencent.qqmusic/qzlib/libnetworkbase.so" has unexpected e_machine: 40
01-07 06:00:52.754  7242  7295 E LibraryLoader: cannot load library /data/data/com.tencent.qqmusic/qzlib/libnetworkbase.so from qzlib again
01-07 06:00:52.754  7242  7295 E LibraryLoader: java.lang.UnsatisfiedLinkError: dlopen failed: "/data/data/com.tencent.qqmusic/qzlib/libnetworkbase.so" has unexpected e_machine: 40
01-07 06:00:52.754  7242  7295 E LibraryLoader: 	at java.lang.Runtime.load(Runtime.java:331)
01-07 06:00:52.754  7242  7295 E LibraryLoader: 	at java.lang.System.load(System.java:981)
01-07 06:00:52.754  7242  7295 E LibraryLoader: 	at com.tencent.base.os.Native.a(SourceFile:254)
01-07 06:00:52.754  7242  7295 E LibraryLoader: 	at com.tencent.wns.network.ConnectionImpl.<clinit>(SourceFile:29)
01-07 06:00:52.754  7242  7295 E LibraryLoader: 	at com.tencent.wns.session.f.a(SourceFile:232)
01-07 06:00:52.754  7242  7295 E LibraryLoader: 	at com.tencent.wns.session.j.d(SourceFile:1012)
01-07 06:00:52.754  7242  7295 E LibraryLoader: 	at com.tencent.wns.session.v.run(SourceFile:918)
01-07 06:00:52.754  7242  7295 E LibraryLoader: 	at android.os.Handler.handleCallback(Handler.java:739)
01-07 06:00:52.754  7242  7295 E LibraryLoader: 	at android.os.Handler.dispatchMessage(Handler.java:95)
01-07 06:00:52.754  7242  7295 E LibraryLoader: 	at android.os.Looper.loop(Looper.java:135)
01-07 06:00:52.754  7242  7295 E LibraryLoader: 	at android.os.HandlerThread.run(HandlerThread.java:61)
01-07 06:00:52.754  7242  7295 D LibraryLoader: try to load library: wnsnetwork from system lib
01-07 06:00:52.755  7242  7295 E art     : dlopen("/data/app/com.tencent.qqmusic-1/lib/arm/libwnsnetwork.so", RTLD_LAZY) failed: dlopen failed: "/data/app/com.tencent.qqmusic-1/lib/arm/libwnsnetwork.so" has unexpected e_machine: 40
01-07 06:00:52.755  7242  7295 E LibraryLoader: cannot load library wnsnetwork from system lib
01-07 06:00:52.755  7242  7295 E LibraryLoader: java.lang.UnsatisfiedLinkError: dlopen failed: "/data/app/com.tencent.qqmusic-1/lib/arm/libwnsnetwork.so" has unexpected e_machine: 40
01-07 06:00:52.755  7242  7295 E LibraryLoader: 	at java.lang.Runtime.loadLibrary(Runtime.java:371)
