12-29 06:06:30.049  2169  3042 W ActivityManager: getRunningAppProcesses: caller 10068 does not hold REAL_GET_TASKS; limiting output
12-29 06:06:30.050   796  5325 E beacon  : ChannelID: 73820
12-29 06:06:30.051   796  5325 E beacon  : ChannelID: 73820
12-29 06:06:30.214  5400  5400 W linker  : [vdso]: unused DT entry: type 0x6ffffef5 arg 0x160
12-29 06:06:30.226  5402  5402 W linker  : [vdso]: unused DT entry: type 0x6ffffef5 arg 0x160
12-29 06:06:30.237  5404  5404 W linker  : [vdso]: unused DT entry: type 0x6ffffef5 arg 0x160
12-29 06:06:30.322   796  5325 E beacon  : ChannelID: 73820
12-29 06:06:30.511   796   796 I TencentPay: 上报查询DB dataReport searchDatas | num == 12
12-29 06:06:30.512   796   796 I TencentPay: getLogRecord extend pre | name%25253Dsdk.init.getApkVersion.time%252526times%25253D9%252526
12-29 06:06:30.512   796   796 I TencentPay: getLogRecord extend pre | name%25253Dsdk.init.getLocalIp.time%252526times%25253D0%252526
12-29 06:06:30.512   796   796 I TencentPay: getLogRecord extend pre | name%25253Dsdk.init.getDeviceId.time%252526times%25253D0%252526
12-29 06:06:30.512   796   796 I TencentPay: getLogRecord extend pre | name%25253Dsdk.init.readSDinfo.time%252526times%25253D3%252526
12-29 06:06:30.513   796   796 I TencentPay: getLogRecord extend pre | 
12-29 06:06:30.513   796   796 I TencentPay: getLogRecord extend pre | name%25253Dsdk.init.totaltime%252526times%25253D44%252526
12-29 06:06:30.513   796   796 I TencentPay: getLogRecord extend pre | name%25253Dsdk.init.getApkVersion.time%252526times%25253D8%252526
12-29 06:06:30.513   796   796 I TencentPay: getLogRecord extend pre | name%25253Dsdk.init.getLocalIp.time%252526times%25253D0%252526
12-29 06:06:30.513   796   796 I TencentPay: APDataReportManager | num = 1
12-29 06:06:30.513   796   796 I TencentPay: 上报准备  dataReportDelete  | stemp == num=8&record0=3=|7=0|13=0|24=|21=sdk.apk.time|26=|8=name%25253Dsdk.init.getApkVersion.time%252526times%25253D9%252526|47=game|29=|31=android_v1.5.1|38=1451367002001|34=|35=|37=|43=|53=3658c8db-bd9a-4a9f-a4dd-9e411900f115&record1=3=|7=0|13=1|24=|21=sdk.apk.time|26=|8=name%25253Dsdk.init.getLocalIp.time%252526times%25253D0%252526|47=game|29=|31=android_v1.5.1|38=1451367002004|34=|35=|37=|43=|53=3658c8db-bd9a-4a9f-a4dd-9e411900f115&record2=3=|7=0|13=2|24=|21=sdk.apk.time|26=|8=name%25253Dsdk.init.getDeviceId.time%252526times%25253D0%252526|47=game|29=|31=android_v1.5.1|38=1451367002006|34=|35=|37=|43=|53=3658c8db-bd9a-4a9f-a4dd-9e411900f115&record3=3=|7=0|13=3|24=|21=sdk.apk.time|26=|8=name%25253Dsdk.init.readSDinfo.time%252526times%25253D3%252526|47=game|29=|31=android_v1.5.1|38=1451367002009|34=|35=|37=|43=|53=3658c8db-bd9a-4a9f-a4dd-9e411900f115&record4=3=|7=0|13=4|24=|21=sdk.wsj.isInstall|26=|20=0|47=game|29=|31=android_v1.5.1|38=1451367002009|34=|35=|37=|43=|53=3658c8db-bd9a-4a9f-a4dd-9e411900f115&record5=3=|7=0|13=5|24=|21=sdk.apk.time|26=|8=name%25253Dsdk.init.totaltime%252526times%25253D44%252526|47=game|29=|31=android_v1.5.1|38=1451367002027|34=|35=|37=|43=|53=3658c8db-bd9a-4a9f-a4dd-9e411900f115&record6=3=|7=0|13=6|24=|21=sdk.apk.time|26=|8=name%25253Dsdk.init.getApkVersion.time%252526times%25253D8%252526|47=game|29=|31=android_v1.5.1|38=1451369189787|34=|35=|37=|43=|53=abdd0208-2196-4e73-ad6b-2d9196ab9a21&record7=3=|7=0|13=7|24=|21=sdk.apk.time|26=|8=name%25253Dsdk.init.getLocalIp.time%252526times%25253D0%252526|47=game|29=|31=android_v1.5.1|38=1451369189794|34=|35=|37=|43=|53=abdd0208-2196-4e73-ad6b-2d9196ab9a21
12-29 06:06:30.513   796   796 I TencentPay: 上报准备  dataReportDelete  | itemList == [com.pay.data.report.APReportItem@2427faac, com.pay.data.report.APReportItem@206e5375, com.pay.data.report.APReportItem@2de55f0a, com.pay.data.report.APReportItem@395ab37b, com.pay.data.report.APReportItem@1a701598, com.pay.data.report.APReportItem@33ddb1f1, com.pay.data.report.APReportItem@330261d6, com.pay.data.report.APReportItem@33570c57]
12-29 06:06:30.513   796   796 I TencentPay: APPLuginProxyActivity | initPluginInterface obj=null
12-29 06:06:30.513   796   796 I TencentPay: 时耗 | timeName:sdk.plugin.init.kernel.totaltime,time758
12-29 06:06:30.513   796   796 I TencentPay: insertTimeData interfaceName= | init
12-29 06:06:30.513   796   796 I TencentPay: insertTimeData timeName= | sdk.plugin.init.kernel.totaltime
12-29 06:06:30.513   796   796 I TencentPay: insertTimeData time= | 758
12-29 06:06:30.513   796   796 I TencentPay: APMidasPayHelper | init ret:0 msg:succ
12-29 06:06:30.513   796   796 I TencentPay: APMidasPayHelper | openPlugin obj:null
12-29 06:06:30.513   796   796 I TencentPay: insertTimeData interfaceName= | init
12-29 06:06:30.513   796   796 I TencentPay: insertTimeData timeName= | sdk.plugin.init.totaltime
12-29 06:06:30.522   796   796 D LogPoint: scansongs-3|scan songs flush ui|<11507394674762>
12-29 06:06:30.978  2169  2188 W ActivityManager: getTasks: caller 10076 does not hold REAL_GET_TASKS; limiting output
12-29 06:06:31.260  2169  2198 I art     : Explicit concurrent mark sweep GC freed 28054(1605KB) AllocSpace objects, 16(5MB) LOS objects, 33% free, 18MB/27MB, paused 449us total 10.565ms
12-29 06:06:31.980  2169  3018 W ActivityManager: getTasks: caller 10076 does not hold REAL_GET_TASKS; limiting output
12-29 06:06:32.103   796   796 D LogPoint: scansongs-0|scan songs start|<11508974777888>
12-29 06:06:32.103   796   796 D Profiler: perf.扫描性能测试.begin 1451369192103
12-29 06:06:32.103   796   796 D Profiler: perf.1_APP_FULL_SCAN_LOCAL_FINISH.begin 1451369192103
12-29 06:06:32.103   796   796 D Profiler: perf.1_APP_SCAN_LOCAL_FINISH.begin 1451369192103
12-29 06:06:32.103   796   796 I Delta   : [+2381] going to start mainview , total: 1738314
12-29 06:06:32.103   796   796 I Delta   : [+0] start main view , total: 1738314
12-29 06:06:32.103   796  5332 D FilterUtil: setFileFilter: com.tencent.qqmusic.business.local.a.v@3004dfee
12-29 06:06:32.103   796  5332 D Profiler: perf.scanner_speed_test.begin 1451369192103
12-29 06:06:32.103   796  5332 D Profiler: perf.2_SCAN_MEDIA_STORE.begin 1451369192103
12-29 06:06:32.104   796  5332 D Profiler: perf.扫描性能测试.媒体数据库查询完成 duration: 1.0
12-29 06:06:32.104   796  5332 D Profiler: perf.扫描性能测试.媒体完成 duration: 1.0
12-29 06:06:32.104   796  5332 D Profiler: perf.2_SCAN_MEDIA_STORE.end duration: 1.0
12-29 06:06:32.104   796  5332 D Profiler: perf.scanner_speed_test.Scan Songs From MediaStore Finish. duration: 1.0
12-29 06:06:32.104   796  5332 D Profiler: perf.扫描性能测试.媒体库扫描完成 duration: 1.0
12-29 06:06:32.105   796   796 I Delta   : [+2] init minibar end , total: 1738316
12-29 06:06:32.105   796  5332 W DBHelper: simpleQueryForLong: 1071
12-29 06:06:32.106   796  5332 D Profiler: perf.扫描性能测试.增量扫描开始 duration: 3.0
12-29 06:06:32.106   796   796 I Delta   : [+1] pre start end , total: 1738317
12-29 06:06:32.106   796  5355 I FILE_SCANER: init
12-29 06:06:32.106   796  5355 I FILE_SCANER: ---------execute init----------
12-29 06:06:32.106   796  5355 I FILE_SCANER:  getSupportedFileTypes 
12-29 06:06:32.106   796  5355 I FILE_SCANER: count : 24 
12-29 06:06:32.106   796  5355 I FILE_SCANER:  getBlackList 
12-29 06:06:32.106   796  5355 I FILE_SCANER: count : 22 
12-29 06:06:32.106   796  5355 I FILE_SCANER:  getWhiteList 
12-29 06:06:32.106   796  5355 I FILE_SCANER: count : 9 
12-29 06:06:32.106   796  5355 I FILE_SCANER: DIR_DEPTH_LIMIT: 10, is_debug 0,filter_nomedia_dir 1,filter_hidden_dir 1
12-29 06:06:32.106   796  5355 D Profiler: perf.performance_test.begin 1451369192106
12-29 06:06:32.106   796  5355 D FileScanner: --------onScanBegin----------
12-29 06:06:32.106   796  5355 D LocalFileCacheManager: updateFiles
12-29 06:06:32.108   796   796 I Delta   : [+2] doresume end , total: 1738319
12-29 06:06:32.112   796  5355 D Profiler: perf.扫描性能测试.获取改变过内容的目录列表完成 duration: 9.0
12-29 06:06:32.112   796   796 D Profiler: perf.MyMusicFragment_ON_ATTACH_TO_ON_RESUME.begin 1451369192112
12-29 06:06:32.112   796   796 I Delta   : [+4] create my music , total: 1738323
12-29 06:06:32.113   796  5355 D Profiler: perf.扫描性能测试.根据改变过内容的目录列表更新扫描记录完成 duration: 10.0
12-29 06:06:32.113   796  5355 D Profiler: perf.扫描性能测试.删除不再存在文件的文件和目录完成 duration: 10.0
12-29 06:06:32.121  1042  1075 V xiaomi  : [Thread:2328] JOB: check the ping-pong.
12-29 06:06:32.129   796   796 I Delta   : [+17] create my music end , total: 1738340
12-29 06:06:32.130   796   796 D Profiler: perf.MyMusicEntranceFragment_ON_ATTACH_TO_ON_RESUME.begin 1451369192130
12-29 06:06:32.135   796   796 D Profiler: perf.MyMusicFragment_ON_ATTACH_TO_ON_RESUME.end duration: 23.0
12-29 06:06:32.136   796   796 D Profiler: perf.MyMusicEntranceFragment_ON_ATTACH_TO_ON_RESUME.end duration: 6.0
12-29 06:06:32.137   796   796 D Profiler: perf.MusicHallsFragment_ON_ATTACH_TO_ON_RESUME.begin 1451369192137
12-29 06:06:32.137   796   796 I Delta   : [+8] create com.tencent.qqmusic.fragment.musichalls.MusicHallsFragment , total: 1738348
12-29 06:06:32.137   796   796 I Delta   : [+0] create end , total: 1738348
12-29 06:06:32.137   796   796 D Profiler: perf.DiscoveryFragment_ON_ATTACH_TO_ON_RESUME.begin 1451369192137
12-29 06:06:32.138   796   796 I Delta   : [+1] create discover view , total: 1738349
12-29 06:06:32.138   796   796 I Delta   : [+0] create discover view end , total: 1738349
12-29 06:06:32.138   796   796 D Profiler: perf.MusicHallsFragment_ON_ATTACH_TO_ON_RESUME.end duration: 1.0
12-29 06:06:32.138   796   796 D Profiler: perf.DiscoveryFragment_ON_ATTACH_TO_ON_RESUME.end duration: 1.0
12-29 06:06:32.163   796   796 I Delta   : [+25] Step F , total: 1738374
12-29 06:06:32.163   796   796 D Profiler: perf.PlayerComponent init.begin 1451369192163
12-29 06:06:32.169   796   796 D SkinEngine: load colorList:/data/data/com.tencent.qqmusic/skin/2/res/color/common_grid_title_color_selector.xml , cost:0
12-29 06:06:32.169   796   796 D SkinEngine: load colorList:/data/data/com.tencent.qqmusic/skin/2/res/color/color_b18.xml , cost:0
12-29 06:06:32.178   796   796 D Profiler: perf.PlayerComponent init.end duration: 15.0
12-29 06:06:32.178   796   796 I Delta   : [+15] Step F end , total: 1738389
12-29 06:06:32.178   796   796 I Delta   : [+0] step I , total: 1738389
12-29 06:06:32.233   796  5355 D Profiler: perf.preHandleNewDirs 0.begin 1451369192233
12-29 06:06:32.233   796  5355 D LocalFileCacheManager: preHandleNewDirs scanedDirCount: 8 file_total_count: 0
12-29 06:06:32.233   796  5355 D Profiler: perf.preHandleNewDirs 0.end duration: 0.0
12-29 06:06:32.233   796  5355 D Profiler: perf.扫描性能测试.添加新目录扫描目录完成 duration: 130.0
12-29 06:06:32.233   796  5355 E LocalFileCacheManager: finishScan!!!!!!!!!!!!!!!!!!!!!!!!!!!!!!!!
12-29 06:06:32.233   796  5355 D Profiler: perf.performance_test.end duration: 127.0
12-29 06:06:32.233   796  5355 E FileScanner: scanListener is null!!!!!
12-29 06:06:32.233   796  5355 D Profiler: perf.performance_test.all task finish refresh UI! duration: 127.0
12-29 06:06:32.233  1895  1923 E Vold    : Failed to find mounted volume for /storage/usb0/Android/data/com.tencent.qqmusic/cache/
12-29 06:06:32.233   796  5355 D LogPoint: scansongs-1|scan songs end|<11509105728281>
12-29 06:06:32.234   796  5355 D Profiler: perf.扫描性能测试.自动扫描完成 duration: 130.0
12-29 06:06:32.234   796  5355 D Profiler: perf.scanner_speed_test.Auto scan Songs Finish. duration: 131.0
12-29 06:06:32.234   796  5414 W ContextImpl: Failed to ensure directory: /storage/usb0/Android/data/com.tencent.qqmusic/cache
12-29 06:06:32.235  1895  1923 E Vold    : Failed to find mounted volume for /storage/usb2/Android/data/com.tencent.qqmusic/cache/
12-29 06:06:32.235   796  5414 W ContextImpl: Failed to ensure directory: /storage/usb2/Android/data/com.tencent.qqmusic/cache
12-29 06:06:32.235   796  5355 D Profiler: perf.扫描性能测试.getExistsPaths完成 duration: 132.0
12-29 06:06:32.235   796  5355 D ScannerUtils: queryAllFiles
12-29 06:06:32.236  1895  1923 E Vold    : Failed to find mounted volume for /storage/usb3/Android/data/com.tencent.qqmusic/cache/
12-29 06:06:32.236   796  5414 W ContextImpl: Failed to ensure directory: /storage/usb3/Android/data/com.tencent.qqmusic/cache
12-29 06:06:32.237  1895  1923 E Vold    : Failed to find mounted volume for /storage/sdcard1/Android/data/com.tencent.qqmusic/cache/
12-29 06:06:32.237   796  5414 W ContextImpl: Failed to ensure directory: /storage/sdcard1/Android/data/com.tencent.qqmusic/cache
12-29 06:06:32.239  1895  1923 E Vold    : Failed to find mounted volume for /storage/usb0/Android/data/com.tencent.qqmusic/cache/
12-29 06:06:32.239   796  5414 W ContextImpl: Failed to ensure directory: /storage/usb0/Android/data/com.tencent.qqmusic/cache
12-29 06:06:32.240  1895  1923 E Vold    : Failed to find mounted volume for /storage/usb2/Android/data/com.tencent.qqmusic/cache/
12-29 06:06:32.240   796  5414 W ContextImpl: Failed to ensure directory: /storage/usb2/Android/data/com.tencent.qqmusic/cache
12-29 06:06:32.241  1895  1923 E Vold    : Failed to find mounted volume for /storage/usb3/Android/data/com.tencent.qqmusic/cache/
12-29 06:06:32.241   796  5414 W ContextImpl: Failed to ensure directory: /storage/usb3/Android/data/com.tencent.qqmusic/cache
12-29 06:06:32.242  1895  1923 E Vold    : Failed to find mounted volume for /storage/sdcard1/Android/data/com.tencent.qqmusic/cache/
12-29 06:06:32.242   796  5414 W ContextImpl: Failed to ensure directory: /storage/sdcard1/Android/data/com.tencent.qqmusic/cache
12-29 06:06:32.244   796  5355 D Profiler: perf.扫描性能测试.queryAllFiles完成 duration: 141.0
12-29 06:06:32.244   796  5355 D Profiler: perf.扫描性能测试.getNewEntities完成 duration: 141.0
12-29 06:06:32.245   796  5355 D Profiler: perf.过滤时长.begin 1451369192245
12-29 06:06:32.245   796  5355 D Profiler: perf.扫描性能测试.getSongIds完成 duration: 142.0
12-29 06:06:32.245   796  5355 D Profiler: perf.扫描性能测试.getID3完成 duration: 142.0
12-29 06:06:32.245   796  5355 D Profiler: perf.过滤时长.end duration: 0.0
12-29 06:06:32.245   796  5355 D Profiler: perf.扫描性能测试.自动后过滤分类完成 duration: 142.0
12-29 06:06:32.245   796  5355 D Profiler: perf.scanner_speed_test.process auto scan result Finish. duration: 142.0
12-29 06:06:32.245   796  5355 D Profiler: perf.扫描性能测试.入库开始 duration: 142.0
12-29 06:06:32.245   796  5355 D Profiler: perf.scanner_speed_test.save to repository result start. duration: 142.0
12-29 06:06:32.248   796  5355 D Profiler: perf.scanner_speed_test.save to repository result finish. duration: 145.0
12-29 06:06:32.248   796  5355 D Profiler: perf.扫描性能测试.入库完成 duration: 145.0
12-29 06:06:32.248   796  5355 D LogPoint: scansongs-2|scan songs in table|<11509120135643>
12-29 06:06:32.248   796  5355 D Profiler: perf.scanner_speed_test.update UI. duration: 145.0
12-29 06:06:32.248   796  5355 D Profiler: perf.扫描性能测试.更新界面 duration: 145.0
12-29 06:06:32.248   796  5355 D Profiler: perf.扫描性能测试.end duration: 145.0
12-29 06:06:32.248   796  5355 D Profiler: perf.1_APP_SCAN_LOCAL_FINISH.end duration: 145.0
12-29 06:06:32.248   796  5355 D Profiler: perf.scanner_speed_test.Scan Songs From Disk Finish. duration: 145.0
12-29 06:06:32.248   796  5355 I FILE_SCANER: reset
12-29 06:06:32.249   796   796 D LogPoint: scansongs-3|scan songs flush ui|<11509120990463>
12-29 06:06:32.250  1895  1923 E Vold    : Failed to find mounted volume for /storage/usb0/Android/data/com.tencent.qqmusic/cache/
12-29 06:06:32.250   796  5357 W ContextImpl: Failed to ensure directory: /storage/usb0/Android/data/com.tencent.qqmusic/cache
12-29 06:06:32.251  1895  1923 E Vold    : Failed to find mounted volume for /storage/usb2/Android/data/com.tencent.qqmusic/cache/
12-29 06:06:32.251   796  5357 W ContextImpl: Failed to ensure directory: /storage/usb2/Android/data/com.tencent.qqmusic/cache
12-29 06:06:32.251  1895  1923 E Vold    : Failed to find mounted volume for /storage/usb3/Android/data/com.tencent.qqmusic/cache/
12-29 06:06:32.251   796  5357 W ContextImpl: Failed to ensure directory: /storage/usb3/Android/data/com.tencent.qqmusic/cache
12-29 06:06:32.252  1895  1923 E Vold    : Failed to find mounted volume for /storage/sdcard1/Android/data/com.tencent.qqmusic/cache/
12-29 06:06:32.252   796  5357 W ContextImpl: Failed to ensure directory: /storage/sdcard1/Android/data/com.tencent.qqmusic/cache
12-29 06:06:32.471   796  5347 D AutoLyricLoadHelper: <?xml version="1.0" encoding="utf-8"?>
12-29 06:06:32.471   796  5347 D AutoLyricLoadHelper: <root>
12-29 06:06:32.471   796  5347 D AutoLyricLoadHelper: <meta><uid>3288301264</uid><cid>111</cid><v>5080018</v><ret>0</ret><num>1</num><cmd>0</cmd><rewrite>1</rewrite></meta><body><item><songid>1113359</songid><singerid>171</singerid><albumid>94682</albumid><song>54Gr6bif</song><singer>5p2o5Y2D5ayF</singer><album>54Gr6bif</album><songTran></songTran><singerTran>TWlyaWFtIFlldW5n</singerTran><albumTran></albumTran><duration>215</duration><action>509</action><docid></docid><song_type>0</song_type><hq>8613333</hq><sq>21158428</sq><aacsize>0</aacsize><size128>3445552</size128><payTrackMonth>0</payTrackMonth><payTrackPrice>0</payTrackPrice><payAlbumPrice>0</payAlbumPrice><payPlay>0</payPlay><payDownload>0</payDownload><payStatus>0</payStatus><trySize>0</trySize><tryBegin>0</tryBegin><tryEnd>0</tryEnd><switch>65537</switch><alert>0</alert><mvid>i0011l5wqc5</mvid><kmid>003vo8UT3fiyFw</kmid><songmid>001zqDeq11CI9l</songmid><singermid>000xogLP35ayzS</singermid><albummid>001EaXAO16tJhY</albummid><type>36</type><lrc></lrc><qrc>31684E1988FDA2085A99ED7FA769C446F215D9D4DE30F82C150E32FDE7561B369DAE413B5FBB55A4FD012418F0961D6B906A4FBBCDEA5FE37EBF90E7ACDAB6149EDF05BBC54F5BAA7337F76CAAC3EECFB4EDA8A49795662448A65E892F8DB1C4E8A1D2892DEE811E6F68E8EDDBAB9BAB1CE49F38EE711D9A2673235DE9DBBA0CF5594C664D48404EB4F14CE44E9F0B89A0F1E92E5A6E56D97DE924C874165EDD8B84F2B4570495628A721808A21FA4E04AC8EBF4808B5533535750ADC30C5B070A8880BEE067617FDF4FDA3C2C27E0AC1344A9A19FE16FA34E03076F9C41A9A2C4E8DEA04E127456E98822C121CFDACB563FCA7E06276CF0B8110C833C79AEAEABE12CB548EDF55AE64A8B80122D121C0E58AF7426D8479BCE972D3680AD6F8F0E0C0C1F1E2DFF9EC984EC525D3E6755CC37AC7B2C6FB6148CD27EA7D2B642AB2072E8ECBE27A01560FBEC776A5974A7F8CDB383580E3679E180D1E144E10F309D02963C6705AF5F2F278E52659CC82944EF2FEF2D28A5B9547D42EB057EC43E9DADF931F4303461C9DEA65B2DA9507EDB9A6CC5FB4EACB3589BE2F1D2AECEDA40083EA6C0F605D96794DEBB46844904AEE320E547371E8EF71D5C00D385476FD3E721B842F091C8796A22CA31AA85A88CB554F48715EE0F4FD1672611B892927C0F5CF71F7B1242087A3D6A4FE8452A560B40AA800EAC031FEFA4FCD2E9F955D48C65F7AAA29064A70A5B76B222451EA004033A7DFC08C92DAE3CF1941A1CC2FE458BA3F360990E241E7D6AC6B2D2A96795F84434805F4157F743F06265096692EB5D27BC52C30062B0EE3B4EBC81D44A1D68BB873C3FE0807752FC0F9728F60DEA3B078C1C41390E70A20826768E2A49CE9D24396128FF09220ADB4D9C3095362FBE2948B1206B6CD6558CC9B0B5973CB252527B65D658E265F42F754EA09268E7908A4FC20383595E3B2A7678F5AA4A51A2FEAE575A35641573E50D6CA9F46899856B15C174BCB595E1094397D3F9B713CD0F22A0E9F37E0F4833C3371B4C3E3442A2F06176F5E54C2D47663F794DC9579CA9941910521C25D54A92D5802146BEA4DC9580C3BEAEEA522692D3CC8AF37513E13166904805464FFB4693FBD5F8D2DA8351C207057C2D12A88C51BAC35FE20D4D298616A2746F9AEA7413AE4CA57B3E1C2D6E2B2869F2423EB94E4BBAB87A2CB5CA780DDF49DBB233D91DE928A6E1457A13245745B8D9BA236C2A16D4B4C756D3D38605D1F1403768091BBEA904966D9A66437556662AFAD74B6A5A8FDCF65433B8E1E9544B44C16B71E2B489BFD860A81A9871FF0529AA398836B6EC0FC96BC6AB134A05CDABC516D9D7CBA1DE162A9A9700F14B089ACC883F7227C657DAD96FD95715082D46D464F5F171D5B844C737473BEFF5153BE6866E3752D5B04F18A82127AAD412F170AC551F2359691A18E82C54F19648EDFE97B52B466803F3E90134BDF0C12CFDA45EFF4D4A1B4C3754680DC163FDAC1453836AEE470C1F185168ED94A7C34FB115751C1F08EFABDE02F64F31095F77FB13994D8D35C1D1D3A82C4555DEAE00D8BCF0B3D9A70A45147ACDA720103F4F1F4CEEF4AD6B03941CE9432EA0EC6AD778DC5679B1CA16C6669F4A1DE52217564912FF5E2AD98EEDD2F3346CCECB56F420234AD8B62C5EC81D4DC7E1C35BB14CA38BB70BDC71C4AEF7B844755829368A6C87C8D54497D978EBA3019C8D347C74F21576FA689EBE64D692F3BBF31A8D1DD3AE24BEA1C4CA5604B9032A0ACC7199141CCB79B6C5B1AE8AB4CBA0AD8AE25E9C72B728A186964E224933691AD4996D71ECFA15A7F796A5D26CD97502F3F92EBD8D3DA0B02349664EFBBA99BF7A9AACF1C39F1BA883A0489F762DA038C5C7BAD2BD880D04AEF9509F5F4E0D724E4AECDC09A91685B7DCE92CB259A9BAC53CD9D28D722546855F7E6BC8F7E92CFE03853B423B64B9B95EEFE897A32F3143D29846DF194F4B5038E12DFE066D9B3994A2B70C7B236760CE70211A81CB0000BA71F0C838AC077646EC4A679D00971F6F51DA9109AEF8214849BFAE3A57C69F62C31748046D813ED4266B173FC99F2C350D34E50FF29BB86931844B869F85CCAB88FF5C028C00EE98432CC34122535E88563D6D5
12-29 06:06:32.474   796  1321 D houdini : [1321] Added shared library /data/app/com.tencent.qqmusic-1/lib/arm/libdesdecrypt.so for ClassLoader by Native Bridge.
12-29 06:06:32.483   796  1321 E QRCDesDecrypt: put cache key = key_-173583333
12-29 06:06:32.495   796  1321 E QRCDesDecrypt: put cache key = key_-1421410523
12-29 06:06:32.506   796   917 E QRCDesDecrypt: doDecryptionLyric pid = 796key = key_-173583333,hit cache,return
12-29 06:06:32.981  2169 20952 W ActivityManager: getTasks: caller 10076 does not hold REAL_GET_TASKS; limiting output
12-29 06:06:33.144  5425  5425 W linker  : [vdso]: unused DT entry: type 0x6ffffef5 arg 0x160
12-29 06:06:33.179   796   796 I Delta   : [+1001] step G , total: 1739390
12-29 06:06:33.187   796   796 D HorizontalScrollTab: getParent width = 1008
12-29 06:06:33.187   796   796 D SkinEngine: load colorList:/data/data/com.tencent.qqmusic/skin/2/res/color/color_t8.xml , cost:0
12-29 06:06:33.188   796   796 D Profiler: perf.RecommendFragment_ON_ATTACH_TO_ON_RESUME.begin 1451369193188
12-29 06:06:33.188   796   796 I Delta   : [+9] create recommend view , total: 1739399
12-29 06:06:33.192   796   796 I Delta   : [+4] create recommend view end , total: 1739403
12-29 06:06:33.192   796   796 D Profiler: perf.RecommendFragment_ON_ATTACH_TO_ON_RESUME.end duration: 4.0
12-29 06:06:33.193   796   796 D LogPoint: musicHall#tab-0|get data start|<11510065040673>
12-29 06:06:33.193   796   796 D Profiler: perf.RankHallFragment_ON_ATTACH_TO_ON_RESUME.begin 1451369193193
12-29 06:06:33.193   796   796 I Delta   : [+1] create rank view , total: 1739404
12-29 06:06:33.194   796   796 I Delta   : [+1] create rank view end , total: 1739405
12-29 06:06:33.194   796   796 D Profiler: perf.RankHallFragment_ON_ATTACH_TO_ON_RESUME.end duration: 1.0
12-29 06:06:33.195   796   796 D LogPoint: musicHall#tab-6|get data start|<11510067030984>
12-29 06:06:33.195   796   796 I Delta   : [+1] step G end , total: 1739406
12-29 06:06:33.292   796  1346 D LogPoint: musicHall#tab-7|return data start|<11510164520534>
12-29 06:06:33.308  1895  1923 E Vold    : Failed to find mounted volume for /storage/usb0/Android/data/com.tencent.qqmusic/cache/
12-29 06:06:33.309   796  5414 W ContextImpl: Failed to ensure directory: /storage/usb0/Android/data/com.tencent.qqmusic/cache
12-29 06:06:33.309  1895  1923 E Vold    : Failed to find mounted volume for /storage/usb2/Android/data/com.tencent.qqmusic/cache/
12-29 06:06:33.309   796  5414 W ContextImpl: Failed to ensure directory: /storage/usb2/Android/data/com.tencent.qqmusic/cache
12-29 06:06:33.309  1895  1923 E Vold    : Failed to find mounted volume for /storage/usb3/Android/data/com.tencent.qqmusic/cache/
12-29 06:06:33.309   796  5414 W ContextImpl: Failed to ensure directory: /storage/usb3/Android/data/com.tencent.qqmusic/cache
12-29 06:06:33.309  1895  1923 E Vold    : Failed to find mounted volume for /storage/sdcard1/Android/data/com.tencent.qqmusic/cache/
12-29 06:06:33.309   796  5414 W ContextImpl: Failed to ensure directory: /storage/sdcard1/Android/data/com.tencent.qqmusic/cache
12-29 06:06:33.309  1895  1923 E Vold    : Failed to find mounted volume for /storage/usb0/Android/data/com.tencent.qqmusic/cache/
12-29 06:06:33.309   796  5358 W ContextImpl: Failed to ensure directory: /storage/usb0/Android/data/com.tencent.qqmusic/cache
12-29 06:06:33.309  1895  1923 E Vold    : Failed to find mounted volume for /storage/usb2/Android/data/com.tencent.qqmusic/cache/
12-29 06:06:33.310   796  5358 W ContextImpl: Failed to ensure directory: /storage/usb2/Android/data/com.tencent.qqmusic/cache
12-29 06:06:33.310  1895  1923 E Vold    : Failed to find mounted volume for /storage/usb3/Android/data/com.tencent.qqmusic/cache/
12-29 06:06:33.310   796  5358 W ContextImpl: Failed to ensure directory: /storage/usb3/Android/data/com.tencent.qqmusic/cache
12-29 06:06:33.310  1895  1923 E Vold    : Failed to find mounted volume for /storage/sdcard1/Android/data/com.tencent.qqmusic/cache/
12-29 06:06:33.310   796  5358 W ContextImpl: Failed to ensure directory: /storage/sdcard1/Android/data/com.tencent.qqmusic/cache
12-29 06:06:33.310  1895  1923 E Vold    : Failed to find mounted volume for /storage/usb0/Android/data/com.tencent.qqmusic/cache/
12-29 06:06:33.310   796  5414 W ContextImpl: Failed to ensure directory: /storage/usb0/Android/data/com.tencent.qqmusic/cache
12-29 06:06:33.311  1895  1923 E Vold    : Failed to find mounted volume for /storage/usb2/Android/data/com.tencent.qqmusic/cache/
12-29 06:06:33.311   796  5414 W ContextImpl: Failed to ensure directory: /storage/usb2/Android/data/com.tencent.qqmusic/cache
12-29 06:06:33.311  1895  1923 E Vold    : Failed to find mounted volume for /storage/usb3/Android/data/com.tencent.qqmusic/cache/
12-29 06:06:33.311   796  5414 W ContextImpl: Failed to ensure directory: /storage/usb3/Android/data/com.tencent.qqmusic/cache
12-29 06:06:33.311  1895  1923 E Vold    : Failed to find mounted volume for /storage/sdcard1/Android/data/com.tencent.qqmusic/cache/
12-29 06:06:33.311   796  5414 W ContextImpl: Failed to ensure directory: /storage/sdcard1/Android/data/com.tencent.qqmusic/cache
12-29 06:06:33.311  1895  1923 E Vold    : Failed to find mounted volume for /storage/usb0/Android/data/com.tencent.qqmusic/cache/
12-29 06:06:33.311   796  5358 W ContextImpl: Failed to ensure directory: /storage/usb0/Android/data/com.tencent.qqmusic/cache
12-29 06:06:33.311  1895  1923 E Vold    : Failed to find mounted volume for /storage/usb2/Android/data/com.tencent.qqmusic/cache/
12-29 06:06:33.311   796  5358 W ContextImpl: Failed to ensure directory: /storage/usb2/Android/data/com.tencent.qqmusic/cache
12-29 06:06:33.311  1895  1923 E Vold    : Failed to find mounted volume for /storage/usb3/Android/data/com.tencent.qqmusic/cache/
12-29 06:06:33.311   796  5358 W ContextImpl: Failed to ensure directory: /storage/usb3/Android/data/com.tencent.qqmusic/cache
12-29 06:06:33.312  1895  1923 E Vold    : Failed to find mounted volume for /storage/sdcard1/Android/data/com.tencent.qqmusic/cache/
12-29 06:06:33.312   796  5358 W ContextImpl: Failed to ensure directory: /storage/sdcard1/Android/data/com.tencent.qqmusic/cache
12-29 06:06:33.312  1895  1923 E Vold    : Failed to find mounted volume for /storage/usb0/Android/data/com.tencent.qqmusic/cache/
12-29 06:06:33.312   796  5358 W ContextImpl: Failed to ensure directory: /storage/usb0/Android/data/com.tencent.qqmusic/cache
12-29 06:06:33.312  1895  1923 E Vold    : Failed to find mounted volume for /storage/usb2/Android/data/com.tencent.qqmusic/cache/
12-29 06:06:33.312   796  5358 W ContextImpl: Failed to ensure directory: /storage/usb2/Android/data/com.tencent.qqmusic/cache
12-29 06:06:33.313  1895  1923 E Vold    : Failed to find mounted volume for /storage/usb3/Android/data/com.tencent.qqmusic/cache/
12-29 06:06:33.313   796  5358 W ContextImpl: Failed to ensure directory: /storage/usb3/Android/data/com.tencent.qqmusic/cache
12-29 06:06:33.313  1895  1923 E Vold    : Failed to find mounted volume for /storage/sdcard1/Android/data/com.tencent.qqmusic/cache/
12-29 06:06:33.313   796  5358 W ContextImpl: Failed to ensure directory: /storage/sdcard1/Android/data/com.tencent.qqmusic/cache
12-29 06:06:33.314   796  5348 D LogPoint: musicHall#tab-1|return data start|<11510186626346>
12-29 06:06:33.316   796  5348 D PicInfo : In MusicHallSubContentJsonParser of MusicHallRecommandJsonResponse, picinfo is : http://i.gtimg.cn/music/common/upload/t_musichall_pic/1436952101168137030.png And picinfo date is :{"srcpic":"http://i.gtimg.cn/music/common/upload/t_musichall_pic/1436952101168137030.png"}
12-29 06:06:33.316   796  5348 D PicInfo : In MusicHallSubContentJsonParser of MusicHallRecommandJsonResponse, picinfo is : http://i.gtimg.cn/music/common/upload/t_musichall_pic/1436952067776137030.png And picinfo date is :{"srcpic":"http://i.gtimg.cn/music/common/upload/t_musichall_pic/1436952067776137030.png"}
12-29 06:06:33.316   796  5348 D PicInfo : In MusicHallSubContentJsonParser of MusicHallRecommandJsonResponse, picinfo is : http://i.gtimg.cn/music/common/upload/t_musichall_pic/1436952082777170150.png And picinfo date is :{"srcpic":"http://i.gtimg.cn/music/common/upload/t_musichall_pic/1436952082777170150.png"}
12-29 06:06:33.317   796  5348 D PicInfo : In MusicHallSubContentJsonParser of MusicHallRecommandJsonResponse, picinfo is : http://imgcache.qq.com/music/common/upload/t_musichall_tuijian_shengdian/1451310484570226790.jpg And picinfo date is :{"srcpic":"http://imgcache.qq.com/music/common/upload/t_musichall_tuijian_shengdian/1451310484570226790.jpg"}
12-29 06:06:33.317   796  5348 D PicInfo : In MusicHallSubContentJsonParser of MusicHallRecommandJsonResponse, picinfo is : http://imgcache.qq.com/music/common/upload/t_debut_single_lan/1451298981353226790.jpg And picinfo date is :{"srcpic":"http://imgcache.qq.com/music/common/upload/t_debut_single_lan/1451298981353226790.jpg"}
12-29 06:06:33.317   796  5348 D PicInfo : In MusicHallSubContentJsonParser of MusicHallRecommandJsonResponse, picinfo is : http://imgcache.qq.com/music/photo_new/T002R300x300M000004Tvu0F207cps.jpg And picinfo date is :{"m":"M000","mid":"004Tvu0F207cps","size":["150x150","300x300"],"srcpic":"http://imgcache.qq.com/music/photo_new/T002R300x300M000004Tvu0F207cps.jpg","type":"T002"}
12-29 06:06:33.317   796  5348 D PicInfo : In MusicHallSubContentJsonParser of MusicHallRecommandJsonResponse, picinfo is : http://imgcache.qq.com/music/photo_new/T002R300x300M000000pkzzu0dJgnx.jpg And picinfo date is :{"m":"M000","mid":"000pkzzu0dJgnx","size":["150x150","300x300"],"srcpic":"http://imgcache.qq.com/music/photo_new/T002R300x300M000000pkzzu0dJgnx.jpg","type":"T002"}
12-29 06:06:33.318   796  5348 D PicInfo : In MusicHallSubContentJsonParser of MusicHallRecommandJsonResponse, picinfo is : http://imgcache.qq.com/music/photo_new/T006R300x300M000004Z59Ao47kH2o.jpg And picinfo date is :{"m":"M000","mid":"004Z59Ao47kH2o","size":["150x150","300x300"],"srcpic":"http://p.qpic.cn/music_cover/VV0r92V7YpdU50dyfViaLvtkcg7e0bTuPGRuzYSk4nQoBqzlTJ8icJ4Q/300?n=1","type":"T006"}
12-29 06:06:33.319   796  5348 D PicInfo : In MusicHallSubContentJsonParser of MusicHallRecommandJsonResponse, picinfo is : http://imgcache.qq.com/music/photo_new/T006R300x300M000003t8mA03GJctO.jpg And picinfo date is :{"m":"M000","mid":"003t8mA03GJctO","size":["150x150","300x300"],"srcpic":"http://p.qpic.cn/music_cover/lf1r0g4UylyZHjvIIYZ5RE68cSbPBM64ovO7dax79hWibxxv1gticUTg/300?n=1","type":"T006"}
12-29 06:06:33.319   796  5348 D PicInfo : In MusicHallSubContentJsonParser of MusicHallRecommandJsonResponse, picinfo is : http://imgcache.qq.com/music/photo_new/T006R300x300M000003dsfqX24SK1E.jpg And picinfo date is :{"m":"M000","mid":"003dsfqX24SK1E","size":["150x150","300x300"],"srcpic":"http://p.qpic.cn/music_cover/GqOe2D3GoaJLoorsX3hp0lZmNlxibwRELPgdVzEMqrwmIMfH4D18u1A/300?n=1","type":"T006"}
12-29 06:06:33.319   796  5348 D PicInfo : In MusicHallSubContentJsonParser of MusicHallRecommandJsonResponse, picinfo is : http://imgcache.qq.com/music/photo_new/T006R300x300M00000062wkr3VQaGy.jpg And picinfo date is :{"m":"M000","mid":"00062wkr3VQaGy","size":["150x150","300x300"],"srcpic":"http://p.qpic.cn/music_cover/5EZ4tCd98UpfE2mEHibdribiazolGxHhJfwLL4gzygENetzh2e9ttwN5w/300?n=1","type":"T006"}
12-29 06:06:33.320   796  5348 D PicInfo : In MusicHallSubContentJsonParser of MusicHallRecommandJsonResponse, picinfo is : http://imgcache.qq.com/music/photo_new/T006R300x300M000004Y3UN32fWgln.jpg And picinfo date is :{"m":"M000","mid":"004Y3UN32fWgln","size":["150x150","300x300"],"srcpic":"http://p.qpic.cn/music_cover/axb263zuP8AetVPTFIM2qsdpAVibcCpL9nMyrIlHicIzLDZUpNmjZqzw/300?n=1","type":"T006"}
12-29 06:06:33.320   796  5348 D PicInfo : In MusicHallSubContentJsonParser of MusicHallRecommandJsonResponse, picinfo is : http://imgcache.qq.com/music/photo_new/T006R300x300M0000044rbvo3tDyhY.jpg And picinfo date is :{"m":"M000","mid":"0044rbvo3tDyhY","size":["150x150","300x300"],"srcpic":"http://p.qpic.cn/music_cover/PiajxSqBRaELYnC3MAkziaU05FFDbnXcwYQKsoicwad5X8/300?n=1","type":"T006"}
12-29 06:06:33.320   796  5348 D PicInfo : In MusicHallSubContentJsonParser of MusicHallRecommandJsonResponse, picinfo is : http://imgcache.qq.com/music/photo_new/T006R300x300M000000NW7P3322bi4.jpg And picinfo date is :{"m":"M000","mid":"000NW7P3322bi4","size":["150x150","300x300"],"srcpic":"http://p.qpic.cn/music_cover/anUUDT6sibJtWzOoDS2UFO03reEds4n5rOgeoTqCxwKL2NdicXzwCgnA/300?n=1","type":"T006"}
12-29 06:06:33.321   796  5348 D PicInfo : In MusicHallSubContentJsonParser of MusicHallRecommandJsonResponse, picinfo is : http://imgcache.qq.com/music/photo_new/T006R300x300M000004Gi2f62zCYI5.jpg And picinfo date is :{"m":"M000","mid":"004Gi2f62zCYI5","size":["150x150","300x300"],"srcpic":"http://p.qpic.cn/music_cover/1dm18V48HlASic5yHAFRaInJcGWrhDEzDkRVmSAQWhVusIIzAU5T0mw/300?n=1","type":"T006"}
12-29 06:06:33.321   796  5411 D Profiler: perf.PlayEventBus.begin 1451369193321
12-29 06:06:33.321   796  5348 D PicInfo : In MusicHallSubContentJsonParser of MusicHallRecommandJsonResponse, picinfo is : http://imgcache.qq.com/music/photo_new/T006R300x300M0000024TaUY4dbNCD.jpg And picinfo date is :{"m":"M000","mid":"0024TaUY4dbNCD","size":["150x150","300x300"],"srcpic":"http://p.qpic.cn/music_cover/xjBX9k8QoGbAUicX1ialfQPCXCcNPBU7REGTrYicntUyc4lopPicOma9Ng/300?n=1","type":"T006"}
12-29 06:06:33.321   796  5411 D Profiler: perf.PlayEventBus.begin 1451369193321
12-29 06:06:33.322   796  5348 D PicInfo : In MusicHallSubContentJsonParser of MusicHallRecommandJsonResponse, picinfo is : http://imgcache.qq.com/music/photo_new/T006R300x300M000003xbYW34UBjGQ.jpg And picinfo date is :{"m":"M000","mid":"003xbYW34UBjGQ","size":["150x150","300x300"],"srcpic":"http://p.qpic.cn/music_cover/EaMuZw6CrPnK1caYEakpSJVnRZKyfQalNxCcFIJPm0vRAjs5MlD3Mg/300?n=1","type":"T006"}
12-29 06:06:33.322   796  5348 D PicInfo : In MusicHallSubContentJsonParser of MusicHallRecommandJsonResponse, picinfo is : http://imgcache.qq.com/music/photo_new/T006R300x300M000000b9GkI4CH3UB.jpg And picinfo date is :{"m":"M000","mid":"000b9GkI4CH3UB","size":["150x150","300x300"],"srcpic":"http://p.qpic.cn/music_cover/ZrLMIRjQae1EuBxKAetniblV0MNB2KRWd5bicU9ZpmE1GfGQGXH8wwyg/300?n=1","type":"T006"}
12-29 06:06:33.322   796  5348 D PicInfo : In MusicHallSubContentJsonParser of MusicHallRecommandJsonResponse, picinfo is : http://imgcache.qq.com/music/photo_new/T006R300x300M000002HYZKB1un26P.jpg And picinfo date is :{"m":"M000","mid":"002HYZKB1un26P","size":["150x150","300x300"],"srcpic":"http://p.qpic.cn/music_cover/N981xWR5WSyQKHfq59elvtMIib2icu5gFo53a3AVwo0iaLOMFLiaMOKLPA/300?n=1","type":"T006"}
12-29 06:06:33.322   796   796 D Profiler: perf.PlayEventBus.base activity PlayEvent{eventType=202, mContext=com.tencent.qqmusic.MusicApplication@282edda4, mIntent=Intent { act=com.tencent.qqmusic.ACTION_PLAYSONG_CHANGED.QQMusicPhone flg=0x10 (has extras) }} duration: 1.0
12-29 06:06:33.323   796  5348 D PicInfo : In MusicHallSubContentJsonParser of MusicHallRecommandJsonResponse, picinfo is : http://imgcache.qq.com/music/common/upload/THEME_CHANNEL_SETTINGS/20151223172805.jpg And picinfo date is :{"srcpic":"http://imgcache.qq.com/music/common/upload/THEME_CHANNEL_SETTINGS/20151223172805.jpg"}
12-29 06:06:33.323   796  5348 D PicInfo : In MusicHallSubContentJsonParser of MusicHallRecommandJsonResponse, picinfo is : http://imgcache.qq.com/music/common/upload/THEME_CHANNEL_SETTINGS/20151225145350.jpg And picinfo date is :{"srcpic":"http://imgcache.qq.com/music/common/upload/THEME_CHANNEL_SETTINGS/20151225145350.jpg"}
12-29 06:06:33.323   796  5348 D PicInfo : In MusicHallSubContentJsonParser of MusicHallRecommandJsonResponse, picinfo is : http://imgcache.qq.com/music/common/upload/THEME_CHANNEL_SETTINGS/20151225153232.jpg And picinfo date is :{"srcpic":"http://imgcache.qq.com/music/common/upload/THEME_CHANNEL_SETTINGS/20151225153232.jpg"}
12-29 06:06:33.323   796  5348 D PicInfo : In MusicHallSubContentJsonParser of MusicHallRecommandJsonResponse, picinfo is : http://imgcache.qq.com/music/photo_new/T002R300x300M000001hBGK00bVj9R.jpg And picinfo date is :{"m":"M000","mid":"001hBGK00bVj9R","size":["150x150","300x300"],"srcpic":"http://imgcache.qq.com/music/photo/album_300/27/300_albumpic_1220127_0.jpg","type":"T002"}
12-29 06:06:33.323   796   796 D Profiler: perf.PlayEventBus.player get message duration: 2.0
12-29 06:06:33.324   796  5348 D PicInfo : In MusicHallSubContentJsonParser of MusicHallRecommandJsonResponse, picinfo is : http://imgcache.qq.com/music/common//upload/t_yinyueren/1439817707897324850.jpg And picinfo date is :{"srcpic":"http://imgcache.qq.com/music/common//upload/t_yinyueren/1439817707897324850.jpg"}
12-29 06:06:33.324   796  5348 D PicInfo : In MusicHallSubContentJsonParser of MusicHallRecommandJsonResponse, picinfo is : http://imgcache.qq.com/music/common/upload/t_musichall_tuijian_feature/1450969033950309250.jpg And picinfo date is :{"srcpic":"http://imgcache.qq.com/music/common/upload/t_musichall_tuijian_feature/1450969033950309250.jpg"}
12-29 06:06:33.324   796  5348 D PicInfo : In MusicHallSubContentJsonParser of MusicHallRecommandJsonResponse, picinfo is : http://imgcache.qq.com/music/common/upload/t_musichall_tuijian_feature/1450885363238257640.jpg And picinfo date is :{"srcpic":"http://imgcache.qq.com/music/common/upload/t_musichall_tuijian_feature/1450885363238257640.jpg"}
12-29 06:06:33.324   796  5348 D PicInfo : In MusicHallSubContentJsonParser of MusicHallRecommandJsonResponse, picinfo is : http://imgcache.qq.com/music/common/upload/t_musichall_tuijian_feature/1451360113403145770.jpg And picinfo date is :{"srcpic":"http://imgcache.qq.com/music/common/upload/t_musichall_tuijian_feature/1451360113403145770.jpg"}
12-29 06:06:33.325   796  5348 D PicInfo : In MusicHallSubContentJsonParser of MusicHallRecommandJsonResponse, picinfo is : http://imgcache.qq.com/music/common/upload/t_musichall_tuijian_feature/1451302830826226790.jpg And picinfo date is :{"srcpic":"http://imgcache.qq.com/music/common/upload/t_musichall_tuijian_feature/1451302830826226790.jpg"}
12-29 06:06:33.325   796  5348 D PicInfo : In MusicHallSubContentJsonParser of MusicHallRecommandJsonResponse, picinfo is : http://imgcache.qq.com/music/common/upload/t_musichall_tuijian_feature/1450919669560202070.jpg And picinfo date is :{"srcpic":"http://imgcache.qq.com/music/common/upload/t_musichall_tuijian_feature/1450919669560202070.jpg"}
12-29 06:06:33.325   796  5348 D PicInfo : In MusicHallSubContentJsonParser of MusicHallRecommandJsonResponse, picinfo is : http://imgcache.qq.com/music/common/upload/t_musichall_tuijian_feature/1451360863796145770.jpg And picinfo date is :{"srcpic":"http://imgcache.qq.com/music/common/upload/t_musichall_tuijian_feature/1451360863796145770.jpg"}
12-29 06:06:33.325   796  5348 D PicInfo : In MusicHallSubContentJsonParser of MusicHallRecommandJsonResponse, picinfo is : http://imgcache.qq.com/music/common/upload/t_musichall_tuijian_feature/1450429892776081060.jpg And picinfo date is :{"srcpic":"http://imgcache.qq.com/music/common/upload/t_musichall_tuijian_feature/1450429892776081060.jpg"}
12-29 06:06:33.325   796   917 E QRCDesDecrypt: doDecryptionLyric pid = 796key = key_-173583333,hit cache,return
12-29 06:06:33.325   796  5348 D PicInfo : In MusicHallSubContentJsonParser of MusicHallRecommandJsonResponse, picinfo is : http://imgcache.qq.com/music/common/upload/t_musichall_tuijian_feature/1450341354768291220.jpg And picinfo date is :{"srcpic":"http://imgcache.qq.com/music/common/upload/t_musichall_tuijian_feature/1450341354768291220.jpg"}
12-29 06:06:33.325   796  5348 D PicInfo : In MusicHallSubContentJsonParser of MusicHallRecommandJsonResponse, picinfo is : http://imgcache.qq.com/music/common/upload/t_musichall_tuijian_feature/1449478351204027850.jpg And picinfo date is :{"srcpic":"http://imgcache.qq.com/music/common/upload/t_musichall_tuijian_feature/1449478351204027850.jpg"}
12-29 06:06:33.326   796  5348 D PicInfo : In MusicHallSubContentJsonParser of MusicHallRecommandJsonResponse, picinfo is : http://imgcache.qq.com/music/common/upload/t_musichall_tuijian_feature/1448421719677018120.jpg And picinfo date is :{"srcpic":"http://imgcache.qq.com/music/common/upload/t_musichall_tuijian_feature/1448421719677018120.jpg"}
12-29 06:06:33.330   796   796 D Profiler: perf.PlayEventBus.base activity PlayEvent{eventType=201, mContext=com.tencent.qqmusic.MusicApplication@282edda4, mIntent=Intent { act=com.tencent.qqmusic.ACTION_PLAYLIST_CHANGED.QQMusicPhone flg=0x10 (has extras) }} duration: 9.0
12-29 06:06:33.335   796   796 D Profiler: perf.PlayEventBus.player get message duration: 14.0
12-29 06:06:33.345   796   796 D RecommendListAdapter: use old = false,time = 0,holder = e
12-29 06:06:33.346   796   796 D RecommendListAdapter: use old = false,time = 1,holder = b
12-29 06:06:33.347   796   796 D RecommendListAdapter: use old = false,time = 0,holder = e
12-29 06:06:33.349   796   796 D RecommendListAdapter: use old = false,time = 2,holder = d
12-29 06:06:33.350   796   796 D RecommendListAdapter: use old = false,time = 0,holder = x
12-29 06:06:33.351   796   796 D SkinEngine: load colorList:/data/data/com.tencent.qqmusic/skin/2/res/color/color_t7.xml , cost:0
12-29 06:06:33.352   796   796 D RecommendListAdapter: use old = false,time = 1,holder = w
12-29 06:06:33.353   796   796 D RecommendListAdapter: use old = false,time = 0,holder = x
12-29 06:06:33.355   796   796 D RecommendListAdapter: use old = false,time = 1,holder = w
12-29 06:06:33.372  1895  1923 E Vold    : Failed to find mounted volume for /storage/usb0/Android/data/com.tencent.qqmusic/cache/
12-29 06:06:33.372   796  5414 W ContextImpl: Failed to ensure directory: /storage/usb0/Android/data/com.tencent.qqmusic/cache
12-29 06:06:33.372  1895  1923 E Vold    : Failed to find mounted volume for /storage/usb2/Android/data/com.tencent.qqmusic/cache/
12-29 06:06:33.373   796  5414 W ContextImpl: Failed to ensure directory: /storage/usb2/Android/data/com.tencent.qqmusic/cache
12-29 06:06:33.373  1895  1923 E Vold    : Failed to find mounted volume for /storage/usb3/Android/data/com.tencent.qqmusic/cache/
12-29 06:06:33.373   796  5414 W ContextImpl: Failed to ensure directory: /storage/usb3/Android/data/com.tencent.qqmusic/cache
12-29 06:06:33.373  1895  1923 E Vold    : Failed to find mounted volume for /storage/sdcard1/Android/data/com.tencent.qqmusic/cache/
12-29 06:06:33.373   796  5414 W ContextImpl: Failed to ensure directory: /storage/sdcard1/Android/data/com.tencent.qqmusic/cache
12-29 06:06:33.374  1895  1923 E Vold    : Failed to find mounted volume for /storage/usb0/Android/data/com.tencent.qqmusic/cache/
12-29 06:06:33.374   796  5414 W ContextImpl: Failed to ensure directory: /storage/usb0/Android/data/com.tencent.qqmusic/cache
12-29 06:06:33.374  1895  1923 E Vold    : Failed to find mounted volume for /storage/usb2/Android/data/com.tencent.qqmusic/cache/
12-29 06:06:33.374   796  5414 W ContextImpl: Failed to ensure directory: /storage/usb2/Android/data/com.tencent.qqmusic/cache
12-29 06:06:33.374  1895  1923 E Vold    : Failed to find mounted volume for /storage/usb3/Android/data/com.tencent.qqmusic/cache/
12-29 06:06:33.374   796  5414 W ContextImpl: Failed to ensure directory: /storage/usb3/Android/data/com.tencent.qqmusic/cache
12-29 06:06:33.374  1895  1923 E Vold    : Failed to find mounted volume for /storage/sdcard1/Android/data/com.tencent.qqmusic/cache/
12-29 06:06:33.374   796  5414 W ContextImpl: Failed to ensure directory: /storage/sdcard1/Android/data/com.tencent.qqmusic/cache
12-29 06:06:33.393  1895  1923 E Vold    : Failed to find mounted volume for /storage/usb0/Android/data/com.tencent.qqmusic/cache/
12-29 06:06:33.393   796  5358 W ContextImpl: Failed to ensure directory: /storage/usb0/Android/data/com.tencent.qqmusic/cache
12-29 06:06:33.393  1895  1923 E Vold    : Failed to find mounted volume for /storage/usb2/Android/data/com.tencent.qqmusic/cache/
12-29 06:06:33.393   796  5358 W ContextImpl: Failed to ensure directory: /storage/usb2/Android/data/com.tencent.qqmusic/cache
12-29 06:06:33.393  1895  1923 E Vold    : Failed to find mounted volume for /storage/usb3/Android/data/com.tencent.qqmusic/cache/
12-29 06:06:33.393   796  5358 W ContextImpl: Failed to ensure directory: /storage/usb3/Android/data/com.tencent.qqmusic/cache
12-29 06:06:33.394  1895  1923 E Vold    : Failed to find mounted volume for /storage/sdcard1/Android/data/com.tencent.qqmusic/cache/
12-29 06:06:33.394   796  5358 W ContextImpl: Failed to ensure directory: /storage/sdcard1/Android/data/com.tencent.qqmusic/cache
12-29 06:06:33.394  1895  1923 E Vold    : Failed to find mounted volume for /storage/usb0/Android/data/com.tencent.qqmusic/cache/
12-29 06:06:33.394   796  5358 W ContextImpl: Failed to ensure directory: /storage/usb0/Android/data/com.tencent.qqmusic/cache
12-29 06:06:33.394  1895  1923 E Vold    : Failed to find mounted volume for /storage/usb2/Android/data/com.tencent.qqmusic/cache/
12-29 06:06:33.394   796  5358 W ContextImpl: Failed to ensure directory: /storage/usb2/Android/data/com.tencent.qqmusic/cache
12-29 06:06:33.394  1895  1923 E Vold    : Failed to find mounted volume for /storage/usb3/Android/data/com.tencent.qqmusic/cache/
12-29 06:06:33.394   796  5358 W ContextImpl: Failed to ensure directory: /storage/usb3/Android/data/com.tencent.qqmusic/cache
12-29 06:06:33.395  1895  1923 E Vold    : Failed to find mounted volume for /storage/sdcard1/Android/data/com.tencent.qqmusic/cache/
12-29 06:06:33.395   796  5358 W ContextImpl: Failed to ensure directory: /storage/sdcard1/Android/data/com.tencent.qqmusic/cache
12-29 06:06:33.452  1895  1923 E Vold    : Failed to find mounted volume for /storage/usb0/Android/data/com.tencent.qqmusic/cache/
12-29 06:06:33.452   796  5414 W ContextImpl: Failed to ensure directory: /storage/usb0/Android/data/com.tencent.qqmusic/cache
12-29 06:06:33.452  1895  1923 E Vold    : Failed to find mounted volume for /storage/usb2/Android/data/com.tencent.qqmusic/cache/
12-29 06:06:33.452   796  5414 W ContextImpl: Failed to ensure directory: /storage/usb2/Android/data/com.tencent.qqmusic/cache
12-29 06:06:33.453  1895  1923 E Vold    : Failed to find mounted volume for /storage/usb3/Android/data/com.tencent.qqmusic/cache/
12-29 06:06:33.453   796  5414 W ContextImpl: Failed to ensure directory: /storage/usb3/Android/data/com.tencent.qqmusic/cache
12-29 06:06:33.453  1895  1923 E Vold    : Failed to find mounted volume for /storage/sdcard1/Android/data/com.tencent.qqmusic/cache/
12-29 06:06:33.453   796  5414 W ContextImpl: Failed to ensure directory: /storage/sdcard1/Android/data/com.tencent.qqmusic/cache
12-29 06:06:33.454  1895  1923 E Vold    : Failed to find mounted volume for /storage/usb0/Android/data/com.tencent.qqmusic/cache/
12-29 06:06:33.454   796  5414 W ContextImpl: Failed to ensure directory: /storage/usb0/Android/data/com.tencent.qqmusic/cache
12-29 06:06:33.454  1895  1923 E Vold    : Failed to find mounted volume for /storage/usb2/Android/data/com.tencent.qqmusic/cache/
12-29 06:06:33.454   796  5414 W ContextImpl: Failed to ensure directory: /storage/usb2/Android/data/com.tencent.qqmusic/cache
12-29 06:06:33.454  1895  1923 E Vold    : Failed to find mounted volume for /storage/usb3/Android/data/com.tencent.qqmusic/cache/
12-29 06:06:33.454   796  5414 W ContextImpl: Failed to ensure directory: /storage/usb3/Android/data/com.tencent.qqmusic/cache
12-29 06:06:33.454  1895  1923 E Vold    : Failed to find mounted volume for /storage/sdcard1/Android/data/com.tencent.qqmusic/cache/
12-29 06:06:33.454   796  5414 W ContextImpl: Failed to ensure directory: /storage/sdcard1/Android/data/com.tencent.qqmusic/cache
12-29 06:06:33.475  1895  1923 E Vold    : Failed to find mounted volume for /storage/usb0/Android/data/com.tencent.qqmusic/cache/
12-29 06:06:33.475   796  5358 W ContextImpl: Failed to ensure directory: /storage/usb0/Android/data/com.tencent.qqmusic/cache
12-29 06:06:33.475  1895  1923 E Vold    : Failed to find mounted volume for /storage/usb2/Android/data/com.tencent.qqmusic/cache/
12-29 06:06:33.475   796  5358 W ContextImpl: Failed to ensure directory: /storage/usb2/Android/data/com.tencent.qqmusic/cache
12-29 06:06:33.475  1895  1923 E Vold    : Failed to find mounted volume for /storage/usb3/Android/data/com.tencent.qqmusic/cache/
12-29 06:06:33.475   796  5358 W ContextImpl: Failed to ensure directory: /storage/usb3/Android/data/com.tencent.qqmusic/cache
12-29 06:06:33.475  1895  1923 E Vold    : Failed to find mounted volume for /storage/sdcard1/Android/data/com.tencent.qqmusic/cache/
12-29 06:06:33.475   796  5358 W ContextImpl: Failed to ensure directory: /storage/sdcard1/Android/data/com.tencent.qqmusic/cache
12-29 06:06:33.476  1895  1923 E Vold    : Failed to find mounted volume for /storage/usb0/Android/data/com.tencent.qqmusic/cache/
12-29 06:06:33.476   796  5358 W ContextImpl: Failed to ensure directory: /storage/usb0/Android/data/com.tencent.qqmusic/cache
12-29 06:06:33.476  1895  1923 E Vold    : Failed to find mounted volume for /storage/usb2/Android/data/com.tencent.qqmusic/cache/
12-29 06:06:33.476   796  5358 W ContextImpl: Failed to ensure directory: /storage/usb2/Android/data/com.tencent.qqmusic/cache
12-29 06:06:33.476  1895  1923 E Vold    : Failed to find mounted volume for /storage/usb3/Android/data/com.tencent.qqmusic/cache/
