12-29 06:06:33.476   796  5358 W ContextImpl: Failed to ensure directory: /storage/usb3/Android/data/com.tencent.qqmusic/cache
12-29 06:06:33.477  1895  1923 E Vold    : Failed to find mounted volume for /storage/sdcard1/Android/data/com.tencent.qqmusic/cache/
12-29 06:06:33.477   796  5358 W ContextImpl: Failed to ensure directory: /storage/sdcard1/Android/data/com.tencent.qqmusic/cache
12-29 06:06:33.477  1895  1923 E Vold    : Failed to find mounted volume for /storage/usb0/Android/data/com.tencent.qqmusic/cache/
12-29 06:06:33.477   796  5358 W ContextImpl: Failed to ensure directory: /storage/usb0/Android/data/com.tencent.qqmusic/cache
12-29 06:06:33.477  1895  1923 E Vold    : Failed to find mounted volume for /storage/usb2/Android/data/com.tencent.qqmusic/cache/
12-29 06:06:33.477   796  5358 W ContextImpl: Failed to ensure directory: /storage/usb2/Android/data/com.tencent.qqmusic/cache
12-29 06:06:33.477  1895  1923 E Vold    : Failed to find mounted volume for /storage/usb3/Android/data/com.tencent.qqmusic/cache/
12-29 06:06:33.477   796  5358 W ContextImpl: Failed to ensure directory: /storage/usb3/Android/data/com.tencent.qqmusic/cache
12-29 06:06:33.477  1895  1923 E Vold    : Failed to find mounted volume for /storage/sdcard1/Android/data/com.tencent.qqmusic/cache/
12-29 06:06:33.477   796  5358 W ContextImpl: Failed to ensure directory: /storage/sdcard1/Android/data/com.tencent.qqmusic/cache
12-29 06:06:33.533  1895  1923 E Vold    : Failed to find mounted volume for /storage/usb0/Android/data/com.tencent.qqmusic/cache/
12-29 06:06:33.533   796  5414 W ContextImpl: Failed to ensure directory: /storage/usb0/Android/data/com.tencent.qqmusic/cache
12-29 06:06:33.534  1895  1923 E Vold    : Failed to find mounted volume for /storage/usb2/Android/data/com.tencent.qqmusic/cache/
12-29 06:06:33.534   796  5414 W ContextImpl: Failed to ensure directory: /storage/usb2/Android/data/com.tencent.qqmusic/cache
12-29 06:06:33.534  1895  1923 E Vold    : Failed to find mounted volume for /storage/usb3/Android/data/com.tencent.qqmusic/cache/
12-29 06:06:33.534   796  5414 W ContextImpl: Failed to ensure directory: /storage/usb3/Android/data/com.tencent.qqmusic/cache
12-29 06:06:33.534  1895  1923 E Vold    : Failed to find mounted volume for /storage/sdcard1/Android/data/com.tencent.qqmusic/cache/
12-29 06:06:33.534   796  5414 W ContextImpl: Failed to ensure directory: /storage/sdcard1/Android/data/com.tencent.qqmusic/cache
12-29 06:06:33.535  1895  1923 E Vold    : Failed to find mounted volume for /storage/usb0/Android/data/com.tencent.qqmusic/cache/
12-29 06:06:33.535   796  5414 W ContextImpl: Failed to ensure directory: /storage/usb0/Android/data/com.tencent.qqmusic/cache
12-29 06:06:33.535  1895  1923 E Vold    : Failed to find mounted volume for /storage/usb2/Android/data/com.tencent.qqmusic/cache/
12-29 06:06:33.535   796  5414 W ContextImpl: Failed to ensure directory: /storage/usb2/Android/data/com.tencent.qqmusic/cache
12-29 06:06:33.535  1895  1923 E Vold    : Failed to find mounted volume for /storage/usb3/Android/data/com.tencent.qqmusic/cache/
12-29 06:06:33.535   796  5414 W ContextImpl: Failed to ensure directory: /storage/usb3/Android/data/com.tencent.qqmusic/cache
12-29 06:06:33.535  1895  1923 E Vold    : Failed to find mounted volume for /storage/sdcard1/Android/data/com.tencent.qqmusic/cache/
12-29 06:06:33.535   796  5414 W ContextImpl: Failed to ensure directory: /storage/sdcard1/Android/data/com.tencent.qqmusic/cache
12-29 06:06:33.614  1895  1923 E Vold    : Failed to find mounted volume for /storage/usb0/Android/data/com.tencent.qqmusic/cache/
12-29 06:06:33.614   796  5414 W ContextImpl: Failed to ensure directory: /storage/usb0/Android/data/com.tencent.qqmusic/cache
12-29 06:06:33.614  1895  1923 E Vold    : Failed to find mounted volume for /storage/usb2/Android/data/com.tencent.qqmusic/cache/
12-29 06:06:33.614   796  5414 W ContextImpl: Failed to ensure directory: /storage/usb2/Android/data/com.tencent.qqmusic/cache
12-29 06:06:33.615  1895  1923 E Vold    : Failed to find mounted volume for /storage/usb3/Android/data/com.tencent.qqmusic/cache/
12-29 06:06:33.615   796  5414 W ContextImpl: Failed to ensure directory: /storage/usb3/Android/data/com.tencent.qqmusic/cache
12-29 06:06:33.615  1895  1923 E Vold    : Failed to find mounted volume for /storage/sdcard1/Android/data/com.tencent.qqmusic/cache/
12-29 06:06:33.615   796  5414 W ContextImpl: Failed to ensure directory: /storage/sdcard1/Android/data/com.tencent.qqmusic/cache
12-29 06:06:33.616  1895  1923 E Vold    : Failed to find mounted volume for /storage/usb0/Android/data/com.tencent.qqmusic/cache/
12-29 06:06:33.616   796  5414 W ContextImpl: Failed to ensure directory: /storage/usb0/Android/data/com.tencent.qqmusic/cache
12-29 06:06:33.616  1895  1923 E Vold    : Failed to find mounted volume for /storage/usb2/Android/data/com.tencent.qqmusic/cache/
12-29 06:06:33.616   796  5414 W ContextImpl: Failed to ensure directory: /storage/usb2/Android/data/com.tencent.qqmusic/cache
12-29 06:06:33.616  1895  1923 E Vold    : Failed to find mounted volume for /storage/usb3/Android/data/com.tencent.qqmusic/cache/
12-29 06:06:33.616   796  5414 W ContextImpl: Failed to ensure directory: /storage/usb3/Android/data/com.tencent.qqmusic/cache
12-29 06:06:33.616  1895  1923 E Vold    : Failed to find mounted volume for /storage/sdcard1/Android/data/com.tencent.qqmusic/cache/
12-29 06:06:33.616   796  5414 W ContextImpl: Failed to ensure directory: /storage/sdcard1/Android/data/com.tencent.qqmusic/cache
12-29 06:06:33.689  1895  1923 E Vold    : Failed to find mounted volume for /storage/usb0/Android/data/com.tencent.qqmusic/cache/
12-29 06:06:33.689   796  5414 W ContextImpl: Failed to ensure directory: /storage/usb0/Android/data/com.tencent.qqmusic/cache
12-29 06:06:33.689  1895  1923 E Vold    : Failed to find mounted volume for /storage/usb2/Android/data/com.tencent.qqmusic/cache/
12-29 06:06:33.689   796  5414 W ContextImpl: Failed to ensure directory: /storage/usb2/Android/data/com.tencent.qqmusic/cache
12-29 06:06:33.690  1895  1923 E Vold    : Failed to find mounted volume for /storage/usb3/Android/data/com.tencent.qqmusic/cache/
12-29 06:06:33.690   796  5414 W ContextImpl: Failed to ensure directory: /storage/usb3/Android/data/com.tencent.qqmusic/cache
12-29 06:06:33.690  1895  1923 E Vold    : Failed to find mounted volume for /storage/sdcard1/Android/data/com.tencent.qqmusic/cache/
12-29 06:06:33.690   796  5414 W ContextImpl: Failed to ensure directory: /storage/sdcard1/Android/data/com.tencent.qqmusic/cache
12-29 06:06:33.690  1895  1923 E Vold    : Failed to find mounted volume for /storage/usb0/Android/data/com.tencent.qqmusic/cache/
12-29 06:06:33.690   796  5414 W ContextImpl: Failed to ensure directory: /storage/usb0/Android/data/com.tencent.qqmusic/cache
12-29 06:06:33.691  1895  1923 E Vold    : Failed to find mounted volume for /storage/usb2/Android/data/com.tencent.qqmusic/cache/
12-29 06:06:33.691   796  5414 W ContextImpl: Failed to ensure directory: /storage/usb2/Android/data/com.tencent.qqmusic/cache
12-29 06:06:33.691  1895  1923 E Vold    : Failed to find mounted volume for /storage/usb3/Android/data/com.tencent.qqmusic/cache/
12-29 06:06:33.691   796  5414 W ContextImpl: Failed to ensure directory: /storage/usb3/Android/data/com.tencent.qqmusic/cache
12-29 06:06:33.691  1895  1923 E Vold    : Failed to find mounted volume for /storage/sdcard1/Android/data/com.tencent.qqmusic/cache/
12-29 06:06:33.691   796  5414 W ContextImpl: Failed to ensure directory: /storage/sdcard1/Android/data/com.tencent.qqmusic/cache
12-29 06:06:33.878  1895  1923 E Vold    : Failed to find mounted volume for /storage/usb0/Android/data/com.tencent.qqmusic/cache/
12-29 06:06:33.878   796  5358 W ContextImpl: Failed to ensure directory: /storage/usb0/Android/data/com.tencent.qqmusic/cache
12-29 06:06:33.878  1895  1923 E Vold    : Failed to find mounted volume for /storage/usb2/Android/data/com.tencent.qqmusic/cache/
12-29 06:06:33.878   796  5358 W ContextImpl: Failed to ensure directory: /storage/usb2/Android/data/com.tencent.qqmusic/cache
12-29 06:06:33.878  1895  1923 E Vold    : Failed to find mounted volume for /storage/usb3/Android/data/com.tencent.qqmusic/cache/
12-29 06:06:33.879   796  5358 W ContextImpl: Failed to ensure directory: /storage/usb3/Android/data/com.tencent.qqmusic/cache
12-29 06:06:33.879  1895  1923 E Vold    : Failed to find mounted volume for /storage/sdcard1/Android/data/com.tencent.qqmusic/cache/
12-29 06:06:33.879   796  5358 W ContextImpl: Failed to ensure directory: /storage/sdcard1/Android/data/com.tencent.qqmusic/cache
12-29 06:06:33.879  1895  1923 E Vold    : Failed to find mounted volume for /storage/usb0/Android/data/com.tencent.qqmusic/cache/
12-29 06:06:33.879   796  5358 W ContextImpl: Failed to ensure directory: /storage/usb0/Android/data/com.tencent.qqmusic/cache
12-29 06:06:33.880  1895  1923 E Vold    : Failed to find mounted volume for /storage/usb2/Android/data/com.tencent.qqmusic/cache/
12-29 06:06:33.880   796  5358 W ContextImpl: Failed to ensure directory: /storage/usb2/Android/data/com.tencent.qqmusic/cache
12-29 06:06:33.880  1895  1923 E Vold    : Failed to find mounted volume for /storage/usb3/Android/data/com.tencent.qqmusic/cache/
12-29 06:06:33.880   796  5358 W ContextImpl: Failed to ensure directory: /storage/usb3/Android/data/com.tencent.qqmusic/cache
12-29 06:06:33.880  1895  1923 E Vold    : Failed to find mounted volume for /storage/sdcard1/Android/data/com.tencent.qqmusic/cache/
12-29 06:06:33.880   796  5358 W ContextImpl: Failed to ensure directory: /storage/sdcard1/Android/data/com.tencent.qqmusic/cache
12-29 06:06:33.880  1895  1923 E Vold    : Failed to find mounted volume for /storage/usb0/Android/data/com.tencent.qqmusic/cache/
12-29 06:06:33.880   796  5358 W ContextImpl: Failed to ensure directory: /storage/usb0/Android/data/com.tencent.qqmusic/cache
12-29 06:06:33.881  1895  1923 E Vold    : Failed to find mounted volume for /storage/usb2/Android/data/com.tencent.qqmusic/cache/
12-29 06:06:33.881   796  5358 W ContextImpl: Failed to ensure directory: /storage/usb2/Android/data/com.tencent.qqmusic/cache
12-29 06:06:33.881  1895  1923 E Vold    : Failed to find mounted volume for /storage/usb3/Android/data/com.tencent.qqmusic/cache/
12-29 06:06:33.881   796  5358 W ContextImpl: Failed to ensure directory: /storage/usb3/Android/data/com.tencent.qqmusic/cache
12-29 06:06:33.881  1895  1923 E Vold    : Failed to find mounted volume for /storage/sdcard1/Android/data/com.tencent.qqmusic/cache/
12-29 06:06:33.881   796  5358 W ContextImpl: Failed to ensure directory: /storage/sdcard1/Android/data/com.tencent.qqmusic/cache
12-29 06:06:33.983  2169  2501 W ActivityManager: getTasks: caller 10076 does not hold REAL_GET_TASKS; limiting output
12-29 06:06:34.984  2169 20952 W ActivityManager: getTasks: caller 10076 does not hold REAL_GET_TASKS; limiting output
12-29 06:06:35.986  2169 20953 W ActivityManager: getTasks: caller 10076 does not hold REAL_GET_TASKS; limiting output
12-29 06:06:36.989  2169  2501 W ActivityManager: getTasks: caller 10076 does not hold REAL_GET_TASKS; limiting output
12-29 06:06:37.129   796   796 E SkinProtocol: url is http://proxy.music.qq.com/base/fcgi-bin/fcg_skin.fcg
12-29 06:06:37.129   796   796 E SkinProtocol: sendXml is <cid>205360319</cid><uid>3288301264</uid><sid>201512291338343288301264</sid><OpenUDID>0000000002e716f60033c5d7ec37dfaf</OpenUDID><opt>3</opt><sin>0</sin><len>100</len><ct>11</ct><cv>5080018</cv>
12-29 06:06:37.991  2169 20953 W ActivityManager: getTasks: caller 10076 does not hold REAL_GET_TASKS; limiting output
12-29 06:06:38.154  5429  5429 W linker  : [vdso]: unused DT entry: type 0x6ffffef5 arg 0x160
12-29 06:06:38.994  2169 14271 W ActivityManager: getTasks: caller 10076 does not hold REAL_GET_TASKS; limiting output
12-29 06:06:39.657   796   796 W eup     : 'setLogAble(boolean)' is true , so running in debug model , close it when you release!
12-29 06:06:39.657   796   796 D eup     : rqdp{  init cominfo}
12-29 06:06:39.658   796   796 I eup     : rqdp{  version:} 5.8.0.18
12-29 06:06:39.658  2169 20952 W ActivityManager: getRunningAppProcesses: caller 10068 does not hold REAL_GET_TASKS; limiting output
12-29 06:06:39.658   796   796 D eup     : set sha1 5.8.0.18294
12-29 06:06:39.658   796   796 D eup     : setsofile libvad.so armeabi ea891f09f33b0340fead5b0c7a87265804a3307c
12-29 06:06:39.658   796   796 D eup     : setsofile libwtecdh.so armeabi c7063df20f11590003ceac47581347dac3938ea6
12-29 06:06:39.658   796   796 D eup     : setsofile libfilescanner.so armeabi e0a424fddd78fb1ee51cfe7eb47f861e9566f651
12-29 06:06:39.658   796   796 D eup     : setsofile libfingerprintV2jni.so armeabi a565c837fc539e7e8de98eb9e9c31af7fa26aa44
12-29 06:06:39.658   796   796 D eup     : setsofile libdalvik_patch.so armeabi c00fedfc2d2791227579cf6c2ccf45abddf97e1a
12-29 06:06:39.658   796   796 D eup     : setsofile libsta_jni.so armeabi c481725f3c498bb59d2b1b5578775687777a7d2c
12-29 06:06:39.658   796   796 D eup     : setsofile libfingerprintjni.so armeabi 13c223e315a7edd34ff27a48dfd82da8a508a3bf
12-29 06:06:39.658   796   796 D eup     : setsofile libNativeRQD.so armeabi de7770d2256ec71a458afdd58344a85c9784e518
12-29 06:06:39.658   796   796 D eup     : setsofile libimage_filter_common.so armeabi f9b5df2a273f934f299ee62f6865f3df11e8bd96
12-29 06:06:39.658   796   796 D eup     : setsofile libinh.so armeabi 4a0937f2e5c11003e6dd5447473c677f84cf139e
12-29 06:06:39.658   796   796 D eup     : setsofile libWXVoice.so armeabi 52dd89487aea3289b5c06837f9d32c8496a31660
12-29 06:06:39.658   796   796 D eup     : setsofile libQPlayAuto.so armeabi fdf2e6603ad9ade63d6a754ad2ea99e15d60a072
12-29 06:06:39.658   796   796 D eup     : setsofile libsearch.so armeabi 205ebffad915fe3fe809fa60a120d5e8bfa862f6
12-29 06:06:39.658   796   796 D eup     : setsofile libTUpdateService.so armeabi da8492ebfd84b7aaa5665cd3ab3a0c7255e2116d
12-29 06:06:39.658   796   796 D eup     : setsofile libmresearch.so armeabi 7399f79660db8aafd028113d65060480373813bd
12-29 06:06:39.658   796   796 D eup     : setsofile libQQMMANDKSignature.so armeabi b836a03cf5bec21e3e1d59c59090502603f1c280
12-29 06:06:39.658   796   796 D eup     : setsofile libwnsnetwork.so armeabi 9dc03eb11972e16db00f227d96338950086fcf6b
12-29 06:06:39.658   796   796 D eup     : setsofile libupnp-jni.so armeabi aa52904393f0970773505d6679f93518fceaa74f
12-29 06:06:39.658   796   796 D eup     : setsofile libnetworkbase.so armeabi a0e8db20a0c33ab4ec13a667431ff64ba5f4f52c
12-29 06:06:39.658   796   796 D eup     : setsofile libpbpinyin.so armeabi 8671c35252282defa7f80e555b636fe91dc7e5d8
12-29 06:06:39.659   796   796 D eup     : setsofile libtmfe30.so armeabi bdaf4a86046b9a43948106f013e931857c689cd3
12-29 06:06:39.659   796   796 D eup     : setsofile libPlayerCore_neon.so armeabi ca1dfffe4214c18df6f511c12b125e1345e16d31
12-29 06:06:39.659   796   796 D eup     : setsofile libdesdecrypt.so armeabi 945d63ce54c8fce706811314eedd1090db91656d
12-29 06:06:39.659   796   796 D eup     : setsofile libexpress_verify.so armeabi a51c6f53042524b6b39105ba8501caa99f2eb828
12-29 06:06:39.659   796   796 D eup     : setsofile libimage_filter_gpu.so armeabi f4ab2a1bfc308442d5350e9390b85720e6f4625a
12-29 06:06:39.659   796   796 D eup     : setsofile libckey.so armeabi d800c5f033823b739b41a67cca48824c6822d7a1
12-29 06:06:39.659   796   796 D eup     : setsofile libckeygenerator.so armeabi 52795e793ff5d1ae9596263f9b990e493c3a3bf1
12-29 06:06:39.659   796   796 D eup     : setsofile libSongUrlFactory.so armeabi 372fe054c2427076f2970f8a446aaa8801846806
12-29 06:06:39.659   796   796 D eup     : setsofile libh.so armeabi ba2ff2c65d7aac33aa94abc40ea0af796b43ba05
12-29 06:06:39.659   796   796 D eup     : setsofile libTxCodec_neon.so armeabi c47ee08f2acb9afe9d6f386f3b923516b05468f8
12-29 06:06:39.659   796   796 D eup     : setsofile libFormatDetector.so armeabi ce98b51d1a1f882572e3acaa0039d4d1c1ddf143
12-29 06:06:39.659   796   796 D eup     : setted so count 31
12-29 06:06:39.660   796   917 D eup     : rqdp{  create uphandler up:}true
12-29 06:06:39.660   796   917 I eup     : rqdp{  eup create instance}
12-29 06:06:39.661   796   917 D eup     : rqdp{  cus eupstrategy} [MSNum:10 ,Wifi:10,GPRS:3,ODay:10,isMerged:true,AfQ:false,Silent:true,mLog:300,tag:null,assert:false, interval:50, limit:60]
12-29 06:06:39.662   796   917 I eup     : rqdp{  mid:}3 rqdp{  change user switch} true
12-29 06:06:39.662   796   917 I eup     : rqdp{ eup regist}
12-29 06:06:39.664   796   917 D houdini : [917] Added shared library /data/app/com.tencent.qqmusic-1/lib/arm/libNativeRQD.so for ClassLoader by Native Bridge.
12-29 06:06:39.664   796   917 I eup     : load lib sucess default!
12-29 06:06:39.665   796   917 I eup     : add clean task to query listener
12-29 06:06:39.665   796   917 E art     : No implementation found for java.lang.String com.tencent.feedback.eup.jni.NativeExceptionUpload.registNativeExceptionHandler2(java.lang.String, java.lang.String, int, int) (tried Java_com_tencent_feedback_eup_jni_NativeExceptionUpload_registNativeExceptionHandler2 and Java_com_tencent_feedback_eup_jni_NativeExceptionUpload_registNativeExceptionHandler2__Ljava_lang_String_2Ljava_lang_String_2II)
12-29 06:06:39.665   796  5430 D eup     : rqdp{  parse bean}
12-29 06:06:39.665   796   917 W eup     : regist fail:No implementation found for java.lang.String com.tencent.feedback.eup.jni.NativeExceptionUpload.registNativeExceptionHandler2(java.lang.String, java.lang.String, int, int) (tried Java_com_tencent_feedback_eup_jni_NativeExceptionUpload_registNativeExceptionHandler2 and Java_com_tencent_feedback_eup_jni_NativeExceptionUpload_registNativeExceptionHandler2__Ljava_lang_String_2Ljava_lang_String_2II) , try old regist
12-29 06:06:39.665   796  5430 D eup     : rqdp{  read strategy key:}300
12-29 06:06:39.665   796   917 I native_eup: Java_com_tencent_feedback_eup_jni_NativeExceptionUpload_registNativeExceptionHandler start
12-29 06:06:39.666   796   917 I native_eup: found native exception upload!
12-29 06:06:39.666   796   917 I native_eup: found native exception handler!
12-29 06:06:39.666   796  5430 D eup     : rqdp{  useSStrategy changed to} false
12-29 06:06:39.666   796  5430 D eup     : rqdp{  url same to} http://monitor.uu.qq.com/analytics/upload
12-29 06:06:39.666   796  5430 D eup     : rqdp{  upStrategy changed to} 3
12-29 06:06:39.666   796  5430 D eup     : rqdp{  za changed:}2
12-29 06:06:39.667   796  5430 D eup     : rqdp{  mid:}3 rqdp{  , need detail changed:}true 
12-29 06:06:39.667   796  5430 D eup     : rqdp{  mid:}3 rqdp{  , url same:}http://monitor.uu.qq.com/analytics/upload
12-29 06:06:39.667   796   917 I native_eup: regist handler start procType 1 , level 22 , tombDir:/storage/emulated/0/qqmusic/eup/
12-29 06:06:39.667   796  5430 W eup     : rqdp{  imposiable! module base strategy not ready! mId:}1
12-29 06:06:39.667   796  5430 W eup     : rqdp{  imposiable! module base strategy not ready! mId:}2
12-29 06:06:39.667   796  5430 D eup     : rqdp{  com strategy changed notify!}
12-29 06:06:39.667   796  5430 D eup     : rqdp{  com strateyg changed }class com.tencent.feedback.eup.n
12-29 06:06:39.667   796   917 I native_eup: registSignal start
12-29 06:06:39.667   796  5430 D eup     : rqdp{  common strategy setted by history}
12-29 06:06:39.667   796  5430 I eup     : rqdp{  onlaunch}
12-29 06:06:39.667   796  5430 D eup     : rqdp{  step }1
12-29 06:06:39.667   796   917 I native_eup: registSignal end
12-29 06:06:39.667   796   917 I native_eup: regist handler end
12-29 06:06:39.667   796   917 I native_eup: Java_com_tencent_feedback_eup_jni_NativeExceptionUpload_registNativeExceptionHandler end
12-29 06:06:39.667   796  5430 D eup     : rqdp{  FileDAO.query() start query name:}/data/app/com.tencent.qqmusic-1/base.apk rqdp{   , type}:0 rqdp{  , num:}10 
12-29 06:06:39.667   796   917 I native_eup: NativeRQDVersion:NRQD_1.7
12-29 06:06:39.667   796   917 I native_eup: Java_com_tencent_feedback_eup_jni_NativeExceptionUpload_enableHandler start
12-29 06:06:39.667   796   917 I native_eup: Java_com_tencent_feedback_eup_jni_NativeExceptionUpload_enableHandler end
12-29 06:06:39.669   796  5430 D eup     : rqdp{  queryFile: n:}/data/app/com.tencent.qqmusic-1/base.apk rqdp{  , sha:}5.8.0.18294 rqdp{  , tp:}0 rqdp{  ,arh:}5.8.0.18
12-29 06:06:39.669   796  5430 D eup     : rqdp{  FileDAO.query() end success} 1
12-29 06:06:39.669   796  5430 D eup     : rqdp{  queryFile result num } 1
12-29 06:06:39.669   796  5430 D eup     : rqdp{  on Query Start}
12-29 06:06:39.669   796  5430 D eup     : rqdp{  step }2
12-29 06:06:39.669   796  5430 D eup     : rqdp{  notify Query Start}
12-29 06:06:39.669   796  5430 D eup     : rqdp{  com query start }class com.tencent.feedback.eup.n
12-29 06:06:39.670  2169 13566 W ActivityManager: getRunningAppProcesses: caller 10068 does not hold REAL_GET_TASKS; limiting output
12-29 06:06:39.670   796  5430 D eup     : rqdp{ next day 64401000}
12-29 06:06:39.670   796  5430 I eup     : lastUpdate:1451367000348 ,return not query
12-29 06:06:39.670   796  5430 D eup     : rqdp{  on query end!}
12-29 06:06:39.670   796  5430 D eup     : rqdp{  step }3
12-29 06:06:39.670   796  5430 D eup     : rqdp{  notify Query end}
12-29 06:06:39.670   796  5430 D eup     : rqdp{  com query end }class com.tencent.feedback.eup.n
12-29 06:06:39.670   796  5430 D eup     : rqdp{  step after query}
12-29 06:06:39.670   796  5430 D eup     : rqdp{  isable}
12-29 06:06:39.672   796  5430 D eup     : rqdp{  parse bean}
12-29 06:06:39.672   796  5430 D eup     : rqdp{  read strategy key:}302
12-29 06:06:39.672   796  5430 D eup     : rqdp{  init eup sStrategy by uStrategy}
12-29 06:06:39.672   796  5430 D eup     : rqdp{  is merged changed} false
12-29 06:06:39.672   796  5430 D eup     : rqdp{ Assert enable changed: } true
12-29 06:06:39.672   796  5430 D eup     : crashstrategy vmap size:3
12-29 06:06:39.672   796  5430 D eup     : key isBroadcast
12-29 06:06:39.672   796  5430 D eup     : key isAnr
12-29 06:06:39.672   796  5430 D eup     : key isReceiveBroadcast
12-29 06:06:39.672   796  5430 D eup     : true
12-29 06:06:39.672   796  5430 D eup     : false
12-29 06:06:39.672   796  5430 D eup     : false
12-29 06:06:39.672   796  5430 D eup     : rqdp{  crashStrategy}[]
12-29 06:06:39.672   796  5430 D eup     : rqdp{  needDetail} true rqdp{  allQ:}false rqdp{  result:}false
12-29 06:06:39.672   796  5430 D eup     : rqdp{  in merge}
12-29 06:06:39.673   796  5430 D eup     : rqdp{  getEupInMe}
12-29 06:06:39.673   796   917 I native_eup: setLogMode 3 current 4
12-29 06:06:39.673   796  5430 D eup     : rqdp{  EUPDAO.queryEupRecent() start}
12-29 06:06:39.673   796  5430 D eup     : rqdp{  in AnalyticsDAO.query() start}
12-29 06:06:39.673   796  5430 D eup     : rqdp{  query}  ( _type = 1 or _type = 2 )  and _upCounts <= 3  and _time >= 1451347200000  and _state = 0 
12-29 06:06:39.675   796  5430 D eup     : rqdp{  in AnalyticsDAO.query() end}
12-29 06:06:39.675   796  5430 D eup     : rqdp{  EUPDAO.queryEupRecent() start}
12-29 06:06:39.675   796  5430 D eup     : rqdp{  in AnalyticsDAO.query() start}
12-29 06:06:39.675   796  5430 D eup     : rqdp{  query}  ( _type = 1 or _type = 2 )  and _count >= 2  and _upCounts <= 3  and _time <= 1451347200000 
12-29 06:06:39.677   796  5430 D eup     : rqdp{  in AnalyticsDAO.query() end}
12-29 06:06:39.677   796  5430 D eup     : rqdp{  EUPDAO.queryEupRecent() start}
12-29 06:06:39.677   796  5430 D eup     : rqdp{  in AnalyticsDAO.query() start}
12-29 06:06:39.677   796  5430 D eup     : rqdp{  query}  ( _type = 1 or _type = 2 )  and _count >= 0  and _count <= 1  and _time >= 3  and _time <= 1451347200000  and _state = 0 
12-29 06:06:39.679   796  5430 D eup     : rqdp{  in AnalyticsDAO.query() end}
12-29 06:06:39.679   796  5430 D eup     : rqdp{  EUPDAO.insertOrUpdateEupList() start}
12-29 06:06:39.679   796  5430 W eup     : rqdp{  context == null ||| list == null || list.size() <= 0,pls check}
12-29 06:06:39.679   796  5430 D eup     : rqdp{  EUPDAO.deleteEup() start}
12-29 06:06:39.679   796  5430 D eup     : rqdp{  AnalyticsDAO.delete() start}
12-29 06:06:39.679   796  5430 D eup     : rqdp{  delete where: }_time >= -1 and _time <= 9223372036854775807 and _upCounts >= 3 and ( _type = 1 or _type = 2 )
12-29 06:06:39.680   796  5430 D eup     : rqdp{  deleted num: }0
12-29 06:06:39.680   796  5430 D eup     : rqdp{  AnalyticsDAO.delete() end}
12-29 06:06:39.680   796  5430 D eup     : remove fail updata num :0
12-29 06:06:39.680   796  5430 I eup     : close brocast!
12-29 06:06:39.680   796  5430 I eup     : on query end clear
12-29 06:06:39.680   796  5430 I eup     : rqdp{ start to find native record}
12-29 06:06:39.681   796  5430 I eup     : rqdp{  start to clean} tomb_.* rqdp{  in dir} /storage/emulated/0/qqmusic/eup rqdp{  which time <} 1450483200000 rqdp{  and max file nums should <} 10
12-29 06:06:39.681   796  5430 I eup     : rqdp{  clean end!}
12-29 06:06:39.681   796  5430 D eup     : rqdp{  next time} 21600000
12-29 06:06:39.681   796  5430 D eup     : rqdp{  step }4
12-29 06:06:39.947  2169  2245 W AudioTrack: AUDIO_OUTPUT_FLAG_FAST denied by client
12-29 06:06:39.951   796   796 D Profiler: perf.RecentPlaylistFragment_ON_ATTACH_TO_ON_RESUME.begin 1451369199951
12-29 06:06:39.952   796   796 D SkinEngine: load colorList:/data/data/com.tencent.qqmusic/skin/2/res/color/color_b2.xml , cost:0
12-29 06:06:39.960  1907  2166 D audio_hw_primary: found out /dev/snd/pcmC0D0p
12-29 06:06:39.978   796   796 D Profiler: perf.RecentPlaylistFragment_ON_ATTACH_TO_ON_RESUME.end duration: 27.0
12-29 06:06:39.997  2169 20952 W ActivityManager: getTasks: caller 10076 does not hold REAL_GET_TASKS; limiting output
12-29 06:06:40.999  2169 14271 W ActivityManager: getTasks: caller 10076 does not hold REAL_GET_TASKS; limiting output
12-29 06:06:41.687  2169  2245 W AudioTrack: AUDIO_OUTPUT_FLAG_FAST denied by client
12-29 06:06:41.705   796   917 D houdini : [917] Added shared library /data/app/com.tencent.qqmusic-1/lib/arm/libSongUrlFactory.so for ClassLoader by Native Bridge.
12-29 06:06:41.718   796  5411 D Profiler: perf.PlayEventBus.begin 1451369201718
12-29 06:06:41.718   854   876 D BluetoothAdapter: 705460673: getState() :  mService = null. Returning STATE_OFF
12-29 06:06:41.719   796   796 D Profiler: perf.PlayEventBus.base activity PlayEvent{eventType=200, mContext=com.tencent.qqmusic.MusicApplication@282edda4, mIntent=Intent { act=com.tencent.qqmusic.ACTION_META_CHANGED.QQMusicPhone flg=0x10 (has extras) }} duration: 1.0
12-29 06:06:41.720   796   796 D Profiler: perf.PlayEventBus.player get message duration: 2.0
12-29 06:06:41.723   796  5411 D Profiler: perf.PlayEventBus.begin 1451369201723
12-29 06:06:41.723   854   937 D BluetoothAdapter: 705460673: getState() :  mService = null. Returning STATE_OFF
12-29 06:06:41.728  1895  1923 E Vold    : Failed to find mounted volume for /storage/usb0/Android/data/com.tencent.qqmusic/cache/
12-29 06:06:41.729   854  5444 W ContextImpl: Failed to ensure directory: /storage/usb0/Android/data/com.tencent.qqmusic/cache
12-29 06:06:41.729   854   933 D BluetoothAdapter: 705460673: getState() :  mService = null. Returning STATE_OFF
12-29 06:06:41.729   796  5411 D Profiler: perf.PlayEventBus.begin 1451369201729
12-29 06:06:41.729   796  5411 D Profiler: perf.PlayEventBus.begin 1451369201729
12-29 06:06:41.730  1895  1923 E Vold    : Failed to find mounted volume for /storage/usb2/Android/data/com.tencent.qqmusic/cache/
12-29 06:06:41.730   854  5444 W ContextImpl: Failed to ensure directory: /storage/usb2/Android/data/com.tencent.qqmusic/cache
12-29 06:06:41.731  1895  1923 E Vold    : Failed to find mounted volume for /storage/usb3/Android/data/com.tencent.qqmusic/cache/
12-29 06:06:41.731   854  5444 W ContextImpl: Failed to ensure directory: /storage/usb3/Android/data/com.tencent.qqmusic/cache
12-29 06:06:41.732   796   796 D Profiler: perf.PlayEventBus.base activity PlayEvent{eventType=202, mContext=com.tencent.qqmusic.MusicApplication@282edda4, mIntent=Intent { act=com.tencent.qqmusic.ACTION_PLAYSONG_CHANGED.QQMusicPhone flg=0x10 (has extras) }} duration: 3.0
12-29 06:06:41.733  1895  1923 E Vold    : Failed to find mounted volume for /storage/sdcard1/Android/data/com.tencent.qqmusic/cache/
12-29 06:06:41.733   854  5444 W ContextImpl: Failed to ensure directory: /storage/sdcard1/Android/data/com.tencent.qqmusic/cache
12-29 06:06:41.734  1895  1923 E Vold    : Failed to find mounted volume for /storage/usb0/Android/data/com.tencent.qqmusic/cache/
12-29 06:06:41.734   854  1345 W ContextImpl: Failed to ensure directory: /storage/usb0/Android/data/com.tencent.qqmusic/cache
12-29 06:06:41.735   796   796 D Profiler: perf.PlayEventBus.player get message duration: 6.0
12-29 06:06:41.735  1895  1923 E Vold    : Failed to find mounted volume for /storage/usb2/Android/data/com.tencent.qqmusic/cache/
12-29 06:06:41.736   854  1345 W ContextImpl: Failed to ensure directory: /storage/usb2/Android/data/com.tencent.qqmusic/cache
12-29 06:06:41.737  1895  1923 E Vold    : Failed to find mounted volume for /storage/usb3/Android/data/com.tencent.qqmusic/cache/
12-29 06:06:41.737   854  1345 W ContextImpl: Failed to ensure directory: /storage/usb3/Android/data/com.tencent.qqmusic/cache
12-29 06:06:41.738  1895  1923 E Vold    : Failed to find mounted volume for /storage/sdcard1/Android/data/com.tencent.qqmusic/cache/
12-29 06:06:41.738   854  1345 W ContextImpl: Failed to ensure directory: /storage/sdcard1/Android/data/com.tencent.qqmusic/cache
12-29 06:06:41.754  2169  2320 V WindowManager: not Base app: Adding window Window{29abe55f u0 com.tencent.qqmusic/com.tencent.qqmusic.activity.AppStarterActivity} at 7 of 12
12-29 06:06:41.754   796   796 D Profiler: perf.PlayEventBus.base activity PlayEvent{eventType=201, mContext=com.tencent.qqmusic.MusicApplication@282edda4, mIntent=Intent { act=com.tencent.qqmusic.ACTION_PLAYLIST_CHANGED.QQMusicPhone flg=0x10 (has extras) }} duration: 25.0
12-29 06:06:41.755   796   796 D Profiler: perf.PlayEventBus.player get message duration: 26.0
12-29 06:06:41.757   796   796 D Profiler: perf.PlayEventBus.base activity PlayEvent{eventType=202, mContext=com.tencent.qqmusic.MusicApplication@282edda4, mIntent=Intent { act=com.tencent.qqmusic.ACTION_PLAYSONG_CHANGED.QQMusicPhone flg=0x10 (has extras) }} duration: 28.0
12-29 06:06:41.758   796   796 D Profiler: perf.PlayEventBus.player get message duration: 29.0
12-29 06:06:41.779  1895  1923 E Vold    : Failed to find mounted volume for /storage/usb0/Android/data/com.tencent.qqmusic/cache/
12-29 06:06:41.779   796  5358 W ContextImpl: Failed to ensure directory: /storage/usb0/Android/data/com.tencent.qqmusic/cache
12-29 06:06:41.779  1895  1923 E Vold    : Failed to find mounted volume for /storage/usb2/Android/data/com.tencent.qqmusic/cache/
12-29 06:06:41.779   796  5358 W ContextImpl: Failed to ensure directory: /storage/usb2/Android/data/com.tencent.qqmusic/cache
12-29 06:06:41.779  1895  1923 E Vold    : Failed to find mounted volume for /storage/usb3/Android/data/com.tencent.qqmusic/cache/
12-29 06:06:41.779   796  5358 W ContextImpl: Failed to ensure directory: /storage/usb3/Android/data/com.tencent.qqmusic/cache
12-29 06:06:41.780  1895  1923 E Vold    : Failed to find mounted volume for /storage/sdcard1/Android/data/com.tencent.qqmusic/cache/
12-29 06:06:41.780   796  5358 W ContextImpl: Failed to ensure directory: /storage/sdcard1/Android/data/com.tencent.qqmusic/cache
12-29 06:06:41.781  1895  1923 E Vold    : Failed to find mounted volume for /storage/usb0/Android/data/com.tencent.qqmusic/cache/
12-29 06:06:41.781   796  5358 W ContextImpl: Failed to ensure directory: /storage/usb0/Android/data/com.tencent.qqmusic/cache
12-29 06:06:41.781  1895  1923 E Vold    : Failed to find mounted volume for /storage/usb2/Android/data/com.tencent.qqmusic/cache/
12-29 06:06:41.781   796  5358 W ContextImpl: Failed to ensure directory: /storage/usb2/Android/data/com.tencent.qqmusic/cache
12-29 06:06:41.781  1895  1923 E Vold    : Failed to find mounted volume for /storage/usb3/Android/data/com.tencent.qqmusic/cache/
12-29 06:06:41.781   796  5358 W ContextImpl: Failed to ensure directory: /storage/usb3/Android/data/com.tencent.qqmusic/cache
12-29 06:06:41.782  1895  1923 E Vold    : Failed to find mounted volume for /storage/sdcard1/Android/data/com.tencent.qqmusic/cache/
12-29 06:06:41.782   796  5358 W ContextImpl: Failed to ensure directory: /storage/sdcard1/Android/data/com.tencent.qqmusic/cache
12-29 06:06:41.782  1895  1923 E Vold    : Failed to find mounted volume for /storage/usb0/Android/data/com.tencent.qqmusic/cache/
12-29 06:06:41.782   796  5414 W ContextImpl: Failed to ensure directory: /storage/usb0/Android/data/com.tencent.qqmusic/cache
12-29 06:06:41.782  1895  1923 E Vold    : Failed to find mounted volume for /storage/usb2/Android/data/com.tencent.qqmusic/cache/
12-29 06:06:41.782   796  5414 W ContextImpl: Failed to ensure directory: /storage/usb2/Android/data/com.tencent.qqmusic/cache
12-29 06:06:41.782  1895  1923 E Vold    : Failed to find mounted volume for /storage/usb3/Android/data/com.tencent.qqmusic/cache/
12-29 06:06:41.783   796  5414 W ContextImpl: Failed to ensure directory: /storage/usb3/Android/data/com.tencent.qqmusic/cache
12-29 06:06:41.783  1895  1923 E Vold    : Failed to find mounted volume for /storage/sdcard1/Android/data/com.tencent.qqmusic/cache/
12-29 06:06:41.783   796  5414 W ContextImpl: Failed to ensure directory: /storage/sdcard1/Android/data/com.tencent.qqmusic/cache
12-29 06:06:41.784  1895  1923 E Vold    : Failed to find mounted volume for /storage/usb0/Android/data/com.tencent.qqmusic/cache/
12-29 06:06:41.784   796  5414 W ContextImpl: Failed to ensure directory: /storage/usb0/Android/data/com.tencent.qqmusic/cache
12-29 06:06:41.784  1895  1923 E Vold    : Failed to find mounted volume for /storage/usb2/Android/data/com.tencent.qqmusic/cache/
12-29 06:06:41.785   796  5414 W ContextImpl: Failed to ensure directory: /storage/usb2/Android/data/com.tencent.qqmusic/cache
12-29 06:06:41.785  1895  1923 E Vold    : Failed to find mounted volume for /storage/usb3/Android/data/com.tencent.qqmusic/cache/
12-29 06:06:41.785   796  5414 W ContextImpl: Failed to ensure directory: /storage/usb3/Android/data/com.tencent.qqmusic/cache
12-29 06:06:41.785  1895  1923 E Vold    : Failed to find mounted volume for /storage/sdcard1/Android/data/com.tencent.qqmusic/cache/
12-29 06:06:41.785   796  5414 W ContextImpl: Failed to ensure directory: /storage/sdcard1/Android/data/com.tencent.qqmusic/cache
12-29 06:06:41.786   796   796 I Delta   : [+8591] activity focus , total: 1747997
12-29 06:06:41.827  1895  1923 E Vold    : Failed to find mounted volume for /storage/usb0/Android/data/com.tencent.qqmusic/cache/
12-29 06:06:41.827   796  5358 W ContextImpl: Failed to ensure directory: /storage/usb0/Android/data/com.tencent.qqmusic/cache
12-29 06:06:41.828  1895  1923 E Vold    : Failed to find mounted volume for /storage/usb2/Android/data/com.tencent.qqmusic/cache/
12-29 06:06:41.829   796  5358 W ContextImpl: Failed to ensure directory: /storage/usb2/Android/data/com.tencent.qqmusic/cache
12-29 06:06:41.829  1895  1923 E Vold    : Failed to find mounted volume for /storage/usb3/Android/data/com.tencent.qqmusic/cache/
12-29 06:06:41.830   796  5358 W ContextImpl: Failed to ensure directory: /storage/usb3/Android/data/com.tencent.qqmusic/cache
12-29 06:06:41.830  1895  1923 E Vold    : Failed to find mounted volume for /storage/sdcard1/Android/data/com.tencent.qqmusic/cache/
12-29 06:06:41.831   796  5358 W ContextImpl: Failed to ensure directory: /storage/sdcard1/Android/data/com.tencent.qqmusic/cache
12-29 06:06:41.833  1895  1923 E Vold    : Failed to find mounted volume for /storage/usb0/Android/data/com.tencent.qqmusic/cache/
12-29 06:06:41.833   796  5358 W ContextImpl: Failed to ensure directory: /storage/usb0/Android/data/com.tencent.qqmusic/cache
12-29 06:06:41.834  1895  1923 E Vold    : Failed to find mounted volume for /storage/usb2/Android/data/com.tencent.qqmusic/cache/
12-29 06:06:41.834   796  5358 W ContextImpl: Failed to ensure directory: /storage/usb2/Android/data/com.tencent.qqmusic/cache
12-29 06:06:41.835  1895  1923 E Vold    : Failed to find mounted volume for /storage/usb3/Android/data/com.tencent.qqmusic/cache/
12-29 06:06:41.835   796  5358 W ContextImpl: Failed to ensure directory: /storage/usb3/Android/data/com.tencent.qqmusic/cache
12-29 06:06:41.836  1895  1923 E Vold    : Failed to find mounted volume for /storage/sdcard1/Android/data/com.tencent.qqmusic/cache/
12-29 06:06:41.836   796  5358 W ContextImpl: Failed to ensure directory: /storage/sdcard1/Android/data/com.tencent.qqmusic/cache
12-29 06:06:41.847  1895  1923 E Vold    : Failed to find mounted volume for /storage/usb0/Android/data/com.tencent.qqmusic/cache/
12-29 06:06:41.848   796  5414 W ContextImpl: Failed to ensure directory: /storage/usb0/Android/data/com.tencent.qqmusic/cache
12-29 06:06:41.848  1895  1923 E Vold    : Failed to find mounted volume for /storage/usb2/Android/data/com.tencent.qqmusic/cache/
12-29 06:06:41.849   796  5414 W ContextImpl: Failed to ensure directory: /storage/usb2/Android/data/com.tencent.qqmusic/cache
12-29 06:06:41.849  1895  1923 E Vold    : Failed to find mounted volume for /storage/usb3/Android/data/com.tencent.qqmusic/cache/
12-29 06:06:41.850   796  5414 W ContextImpl: Failed to ensure directory: /storage/usb3/Android/data/com.tencent.qqmusic/cache
12-29 06:06:41.850  1895  1923 E Vold    : Failed to find mounted volume for /storage/sdcard1/Android/data/com.tencent.qqmusic/cache/
12-29 06:06:41.851   796  5414 W ContextImpl: Failed to ensure directory: /storage/sdcard1/Android/data/com.tencent.qqmusic/cache
12-29 06:06:41.853  1895  1923 E Vold    : Failed to find mounted volume for /storage/usb0/Android/data/com.tencent.qqmusic/cache/
12-29 06:06:41.853   796  5414 W ContextImpl: Failed to ensure directory: /storage/usb0/Android/data/com.tencent.qqmusic/cache
12-29 06:06:41.854  1895  1923 E Vold    : Failed to find mounted volume for /storage/usb2/Android/data/com.tencent.qqmusic/cache/
12-29 06:06:41.854   796  5414 W ContextImpl: Failed to ensure directory: /storage/usb2/Android/data/com.tencent.qqmusic/cache
12-29 06:06:41.855  1895  1923 E Vold    : Failed to find mounted volume for /storage/usb3/Android/data/com.tencent.qqmusic/cache/
12-29 06:06:41.855   796  5414 W ContextImpl: Failed to ensure directory: /storage/usb3/Android/data/com.tencent.qqmusic/cache
12-29 06:06:41.856  1895  1923 E Vold    : Failed to find mounted volume for /storage/sdcard1/Android/data/com.tencent.qqmusic/cache/
12-29 06:06:41.856   796  5414 W ContextImpl: Failed to ensure directory: /storage/sdcard1/Android/data/com.tencent.qqmusic/cache
12-29 06:06:41.858  1895  1923 E Vold    : Failed to find mounted volume for /storage/usb0/Android/data/com.tencent.qqmusic/cache/
12-29 06:06:41.858   796  5414 W ContextImpl: Failed to ensure directory: /storage/usb0/Android/data/com.tencent.qqmusic/cache
12-29 06:06:41.859  1895  1923 E Vold    : Failed to find mounted volume for /storage/usb2/Android/data/com.tencent.qqmusic/cache/
12-29 06:06:41.859   796  5414 W ContextImpl: Failed to ensure directory: /storage/usb2/Android/data/com.tencent.qqmusic/cache
12-29 06:06:41.859   796  5348 D AutoLyricLoadHelper: <?xml version="1.0" encoding="utf-8"?>
12-29 06:06:41.859   796  5348 D AutoLyricLoadHelper: <root>
12-29 06:06:41.859   796  5348 D AutoLyricLoadHelper: <meta><uid>3288301264</uid><cid>111</cid><v>5080018</v><ret>0</ret><num>1</num><cmd>0</cmd><rewrite>1</rewrite></meta><body><item><songid>705449</songid><singerid>0</singerid><albumid>0</albumid><song></song><singer></singer><album></album><songTran></songTran><singerTran></singerTran><albumTran></albumTran><duration>0</duration><action>0</action><docid></docid><song_type>0</song_type><hq>0</hq><sq>0</sq><aacsize>0</aacsize><size128>0</size128><payTrackMonth>0</payTrackMonth><payTrackPrice>0</payTrackPrice><payAlbumPrice>0</payAlbumPrice><payPlay>0</payPlay><payDownload>0</payDownload><payStatus>0</payStatus><trySize>0</trySize><tryBegin>0</tryBegin><tryEnd>0</tryEnd><switch>0</switch><alert>0</alert><mvid></mvid><kmid></kmid><songmid></songmid><singermid></singermid><albummid></albummid><type>12</type><lrc></lrc><qrc>1B8065503D77B284CE1F73222B9D2A55908FE5F595E91F1206D957E307612356866AD2B774F4E397C8794FF8D7EBF79BEDE305D06C76BF76E3B7D197A68750FCB614F51E94F2BD548527455AC98D300F55BE32ED89902B9B581713425131C0D0179B70E9E49FD3A4076EA54E6DBD63CA3FD3B8BE6321BE8CBB123F07EA8F7E6A22335D3677A317217353C1446ECE7BA0C1A4FB5AAC57C9C877BB7ADF91D805E75AA63E1C1011E2FC56C5C38ED2E679646B8C54E3AF63910B09F70E6EC9B097A96442DE3AE1CF3ED576585DE7301E5DDF00C13138CC486B053268A8341E90E99121815CA8B680041940C500805EED7AADFAF8704C2A311BACEB4B10DA345869F769FAEB12E374F0E3BA1A717BC913A0FD54E0AB4F5F6F59297E5299FB0A8A4E89DFD408B44E60D470E4193E78E716649A4551C8DD32D87261EE603CA34E7EF83B1BFEC1D90BA9AD0AFD6EB3FF7CCAA11152F7345722F1ADD34D79E62F3AA5B760A3C73078B3165CC2B52B51DA599AD02C3F232D7A4AC324A682323C18BC06A1068D526564B61E7B77AAFA3A3C477F90214AC619EF9FEE11C76B7BDA7795BAE9B9B2C5C195D3B7067B52A1B2274E45EDE7C733B033EAD7BDF1315C457BA02E567A60A7E286C1A64A864EF436B98DB80E64256EE6D2F2431665B9829B47E1CCD51F9EF559EC39665E1B44E7EDDB20580457CD1D6F11A69EAD0E2E73B5844E88ECCB891C76A6FC011D67C50D514F274915626B3B8EA8B702AA71F677FB432CBDC3A5D3B35442B65EBDF16B393ECBC38C9EB6220225B3B9E582358B28DF42AE7A9E5210592F11E2FD2D17E64C911264376D571466D306E9964290F5815142AD3D58ECB4E32F115B78C8ADC3763EB8EDAEB40B09CA0EB90E3BDA64D3565FF64E2965D9F209C51B12E29AA049DE70CC1208181CC37BCA5205BD1CE169C02E24F652805BD94C3A9CACA2EB06E993AB6116777B26F58B848D221067B78F1C0886D629D6BDCC7CB0549500CCCF08423F3E7A3F6B95AD6C2F62A8D2FC9B3F9DD8DF8E7228D73B294459F924439B26A8B4C73D02CD94C385A79D808EEA7751526CCE6E63BFF289DD86D37BCC2482B4DE8AE4F7AB6149AFBC33EA2645F2127ABBBB7FE9704536FCB82B40543EF8B5E2B3756716C98A126919263A17056CC5DA660B15ED52339191F40831AFA6F14655BF848CFC17200A0830967FB654EAAC6CA37E1FF15CED4E58D832CF0E698C30F4BC96B1CF2C15BD62F9474BCEEA8E01646D4D8ED3D7C020048474C3F6403D693996DFFE31B1B6F7E0E5DBC979A80DDB56BFCC5B4FADD3A86583913BF1D13F9A329962AC7367596BC9D07408C7859C3293FF04CA5B8CBF1E955B53B82F1D60B7FD3F20A9BC74ABBD57C7E218D59E743646949568EDAD00205BECE0A4CE65FBD5168A08BB4C56A8E98F8579309928C47E9BAD76F4B165327764972A52FC68704CE1C01131DA11802B96FDBD2C07A6A2615C64221ED265FA97E63D2706DD230457D3B9D4605BD2AB814BCE7CA646C0F308DC50A36511A6FCAFD1CF40476F6772FD18B04B1568A803051559A34CD1F31EC7F2880E196E54A221843654BE6F73901CAD5998F27FAF62AE1D9A0F8F93D3D2E190A350A4E8F3A7ED0E1959383B8EDB861A7FCB93496A347DE56468E6CF82161E567903BF71CE4A82447942C79C5E95573C81EC636636AE43A0E84DD1B33E11E5DB4D2A9E503A4D7EA25D738627329ED8E23C92FD24B6FBA6067041FF599598E9C65F9950099F6BC611384ED82C57259A0A2CAC6092B65B27D2F9BB52E73B50EB0A5E8D6F796FF87A4A63233C7AC84EF522E599EACB3A305D102CFF0959BB54E0C6B7809CC57DB20A135FCA568D48A52AD97DB28B52F3FB0E61AA7D503119CF97E9E6FF319390E53104ACEB10C0ABEF1CADBB07A85F3F586A0178FA3C1C3072762B2BA08E8C3076B3ED518F3EEBAB53323EF4BED69D84081D7E2B1E6D919781B13C34EA6EBD34F53891FF541A8F7D99F69786B773E61CA6BB9089F6891231DCEAD7E2285F6749FA7591C57E072593BC9AE13DBCB5065B5F7660CDB16C98916007C176447A1725389EB14308D1E563448ED10885BBBE41F715459F67F48803B76A4801997341224935CE90CEFB7416E57CCC5FC2A3E6AA022A769432BC1AF11BB259A7E4AB5EEDFBEE4A9DA4007662F3CAF9BBE4916789234DFD571727FAE41100C6384384DDF4220DE21C6CF39EBDF3789B621492BEDD2336FF6E4BF2
12-29 06:06:41.860  1895  1923 E Vold    : Failed to find mounted volume for /storage/usb3/Android/data/com.tencent.qqmusic/cache/
12-29 06:06:41.860   796  5414 W ContextImpl: Failed to ensure directory: /storage/usb3/Android/data/com.tencent.qqmusic/cache
12-29 06:06:41.861  1895  1923 E Vold    : Failed to find mounted volume for /storage/sdcard1/Android/data/com.tencent.qqmusic/cache/
12-29 06:06:41.861   796  5414 W ContextImpl: Failed to ensure directory: /storage/sdcard1/Android/data/com.tencent.qqmusic/cache
12-29 06:06:41.875  1895  1923 E Vold    : Failed to find mounted volume for /storage/usb0/Android/data/com.tencent.qqmusic/cache/
12-29 06:06:41.875   854  5446 W ContextImpl: Failed to ensure directory: /storage/usb0/Android/data/com.tencent.qqmusic/cache
12-29 06:06:41.876  1895  1923 E Vold    : Failed to find mounted volume for /storage/usb2/Android/data/com.tencent.qqmusic/cache/
12-29 06:06:41.876   854  5446 W ContextImpl: Failed to ensure directory: /storage/usb2/Android/data/com.tencent.qqmusic/cache
12-29 06:06:41.877  1895  1923 E Vold    : Failed to find mounted volume for /storage/usb3/Android/data/com.tencent.qqmusic/cache/
12-29 06:06:41.877   854  5446 W ContextImpl: Failed to ensure directory: /storage/usb3/Android/data/com.tencent.qqmusic/cache
12-29 06:06:41.878  1895  1923 E Vold    : Failed to find mounted volume for /storage/sdcard1/Android/data/com.tencent.qqmusic/cache/
12-29 06:06:41.878   854  5446 W ContextImpl: Failed to ensure directory: /storage/sdcard1/Android/data/com.tencent.qqmusic/cache
12-29 06:06:41.880  1895  1923 E Vold    : Failed to find mounted volume for /storage/usb0/Android/data/com.tencent.qqmusic/cache/
12-29 06:06:41.880   854  5446 W ContextImpl: Failed to ensure directory: /storage/usb0/Android/data/com.tencent.qqmusic/cache
12-29 06:06:41.881  1895  1923 E Vold    : Failed to find mounted volume for /storage/usb2/Android/data/com.tencent.qqmusic/cache/
12-29 06:06:41.881   854  5446 W ContextImpl: Failed to ensure directory: /storage/usb2/Android/data/com.tencent.qqmusic/cache
12-29 06:06:41.882  1895  1923 E Vold    : Failed to find mounted volume for /storage/usb3/Android/data/com.tencent.qqmusic/cache/
12-29 06:06:41.882   854  5446 W ContextImpl: Failed to ensure directory: /storage/usb3/Android/data/com.tencent.qqmusic/cache
12-29 06:06:41.883  1895  1923 E Vold    : Failed to find mounted volume for /storage/sdcard1/Android/data/com.tencent.qqmusic/cache/
12-29 06:06:41.883   854  5446 W ContextImpl: Failed to ensure directory: /storage/sdcard1/Android/data/com.tencent.qqmusic/cache
12-29 06:06:41.883  1895  1923 E Vold    : Failed to find mounted volume for /storage/usb0/Android/data/com.tencent.qqmusic/cache/
12-29 06:06:41.884   796  5358 W ContextImpl: Failed to ensure directory: /storage/usb0/Android/data/com.tencent.qqmusic/cache
12-29 06:06:41.884  1895  1923 E Vold    : Failed to find mounted volume for /storage/usb2/Android/data/com.tencent.qqmusic/cache/
12-29 06:06:41.885   796  5358 W ContextImpl: Failed to ensure directory: /storage/usb2/Android/data/com.tencent.qqmusic/cache
12-29 06:06:41.886  1895  1923 E Vold    : Failed to find mounted volume for /storage/usb3/Android/data/com.tencent.qqmusic/cache/
12-29 06:06:41.886   796  5358 W ContextImpl: Failed to ensure directory: /storage/usb3/Android/data/com.tencent.qqmusic/cache
12-29 06:06:41.887  1895  1923 E Vold    : Failed to find mounted volume for /storage/sdcard1/Android/data/com.tencent.qqmusic/cache/
12-29 06:06:41.887   796  5358 W ContextImpl: Failed to ensure directory: /storage/sdcard1/Android/data/com.tencent.qqmusic/cache
12-29 06:06:41.889  1895  1923 E Vold    : Failed to find mounted volume for /storage/usb0/Android/data/com.tencent.qqmusic/cache/
12-29 06:06:41.889   796  5358 W ContextImpl: Failed to ensure directory: /storage/usb0/Android/data/com.tencent.qqmusic/cache
12-29 06:06:41.890  1895  1923 E Vold    : Failed to find mounted volume for /storage/usb2/Android/data/com.tencent.qqmusic/cache/
12-29 06:06:41.890   796  5358 W ContextImpl: Failed to ensure directory: /storage/usb2/Android/data/com.tencent.qqmusic/cache
12-29 06:06:41.890  1895  1923 E Vold    : Failed to find mounted volume for /storage/usb3/Android/data/com.tencent.qqmusic/cache/
12-29 06:06:41.890   796  5358 W ContextImpl: Failed to ensure directory: /storage/usb3/Android/data/com.tencent.qqmusic/cache
12-29 06:06:41.891  1895  1923 E Vold    : Failed to find mounted volume for /storage/sdcard1/Android/data/com.tencent.qqmusic/cache/
12-29 06:06:41.891   796  5358 W ContextImpl: Failed to ensure directory: /storage/sdcard1/Android/data/com.tencent.qqmusic/cache
12-29 06:06:41.893   796   917 E QRCDesDecrypt: put cache key = key_-1339393996
12-29 06:06:41.893  5451  5451 W linker  : [vdso]: unused DT entry: type 0x6ffffef5 arg 0x160
12-29 06:06:41.900  5453  5453 W linker  : [vdso]: unused DT entry: type 0x6ffffef5 arg 0x160
12-29 06:06:41.902  2169  3018 W ActivityManager: getRunningAppProcesses: caller 10068 does not hold REAL_GET_TASKS; limiting output
12-29 06:06:41.902   854  5455 W BlobCache: cannot read header
12-29 06:06:41.910   796  1321 E QRCDesDecrypt: doDecryptionLyric pid = 796key = key_-1339393996,hit cache,return
12-29 06:06:41.910   796   917 E QRCDesDecrypt: doDecryptionLyric pid = 796key = key_-1339393996,hit cache,return
12-29 06:06:41.955  1895  1923 E Vold    : Failed to find mounted volume for /storage/usb0/Android/data/com.tencent.qqmusic/cache/
12-29 06:06:41.955   796  5414 W ContextImpl: Failed to ensure directory: /storage/usb0/Android/data/com.tencent.qqmusic/cache
12-29 06:06:41.956  1895  1923 E Vold    : Failed to find mounted volume for /storage/usb2/Android/data/com.tencent.qqmusic/cache/
12-29 06:06:41.956   796  5414 W ContextImpl: Failed to ensure directory: /storage/usb2/Android/data/com.tencent.qqmusic/cache
12-29 06:06:41.956  1895  1923 E Vold    : Failed to find mounted volume for /storage/usb3/Android/data/com.tencent.qqmusic/cache/
12-29 06:06:41.957   796  5414 W ContextImpl: Failed to ensure directory: /storage/usb3/Android/data/com.tencent.qqmusic/cache
