12-23 08:07:20.912  5027  5218 I TencentPay: APPluginUtils | copyEmtpyResAPKFromAssets assetFile:button_full_orange.9.png
12-23 08:07:20.912  5027  5218 I TencentPay: APPluginUtils | copyEmtpyResAPKFromAssets assetFile:button_green.9.png
12-23 08:07:20.912  5027  5218 I TencentPay: APPluginUtils | copyEmtpyResAPKFromAssets assetFile:button_half_black.9.png
12-23 08:07:20.912  5027  5218 I TencentPay: APPluginUtils | copyEmtpyResAPKFromAssets assetFile:button_half_orange.9.png
12-23 08:07:20.912  5027  5218 I TencentPay: APPluginUtils | copyEmtpyResAPKFromAssets assetFile:button_orange.9.png
12-23 08:07:20.912  5027  5218 I TencentPay: APPluginUtils | copyEmtpyResAPKFromAssets assetFile:button_over.9.png
12-23 08:07:20.912  5027  5218 I TencentPay: APPluginUtils | copyEmtpyResAPKFromAssets assetFile:channel.ini
12-23 08:07:20.912  5027  5218 I TencentPay: APPluginUtils | copyEmtpyResAPKFromAssets assetFile:close.png
12-23 08:07:20.912  5027  5218 I TencentPay: APPluginUtils | copyEmtpyResAPKFromAssets assetFile:com.tencent.open.config.json
12-23 08:07:20.912  5027  5218 I TencentPay: APPluginUtils | copyEmtpyResAPKFromAssets assetFile:control_icon_cache_disable.png
12-23 08:07:20.912  5027  5218 I TencentPay: APPluginUtils | copyEmtpyResAPKFromAssets assetFile:control_icon_cache_n.png
12-23 08:07:20.912  5027  5218 I TencentPay: APPluginUtils | copyEmtpyResAPKFromAssets assetFile:control_icon_cache_s.png
12-23 08:07:20.912  5027  5218 I TencentPay: APPluginUtils | copyEmtpyResAPKFromAssets assetFile:control_icon_faverate.png
12-23 08:07:20.912  5027  5218 I TencentPay: APPluginUtils | copyEmtpyResAPKFromAssets assetFile:control_icon_faverate_selected.png
12-23 08:07:20.912  5027  5218 I TencentPay: APPluginUtils | copyEmtpyResAPKFromAssets assetFile:control_icon_full_screen_n.png
12-23 08:07:20.912  5027  5218 I TencentPay: APPluginUtils | copyEmtpyResAPKFromAssets assetFile:control_icon_full_screen_p.png
12-23 08:07:20.912  5027  5218 I TencentPay: APPluginUtils | copyEmtpyResAPKFromAssets assetFile:control_icon_light_down.png
12-23 08:07:20.912  5027  5218 I TencentPay: APPluginUtils | copyEmtpyResAPKFromAssets assetFile:control_icon_light_up.png
12-23 08:07:20.912  5027  5218 I TencentPay: APPluginUtils | copyEmtpyResAPKFromAssets assetFile:control_icon_pause_n.png
12-23 08:07:20.912  5027  5218 I TencentPay: APPluginUtils | copyEmtpyResAPKFromAssets assetFile:control_icon_pause_s.png
12-23 08:07:20.912  5027  5218 I TencentPay: APPluginUtils | copyEmtpyResAPKFromAssets assetFile:control_icon_play_n.png
12-23 08:07:20.912  5027  5218 I TencentPay: APPluginUtils | copyEmtpyResAPKFromAssets assetFile:control_icon_play_s.png
12-23 08:07:20.912  5027  5218 I TencentPay: APPluginUtils | copyEmtpyResAPKFromAssets assetFile:control_icon_voice_down.png
12-23 08:07:20.912  5027  5218 I TencentPay: APPluginUtils | copyEmtpyResAPKFromAssets assetFile:control_icon_voice_up.png
12-23 08:07:20.912  5027  5218 I TencentPay: APPluginUtils | copyEmtpyResAPKFromAssets assetFile:control_line_heng.png
12-23 08:07:20.912  5027  5218 I TencentPay: APPluginUtils | copyEmtpyResAPKFromAssets assetFile:control_line_shu.png
12-23 08:07:20.913  5027  5218 I TencentPay: APPluginUtils | copyEmtpyResAPKFromAssets assetFile:control_progress.9.png
12-23 08:07:20.913  5027  5218 I TencentPay: APPluginUtils | copyEmtpyResAPKFromAssets assetFile:control_progress_bg.9.png
12-23 08:07:20.913  5027  5218 I TencentPay: APPluginUtils | copyEmtpyResAPKFromAssets assetFile:control_progress_seek_btn.png
12-23 08:07:20.913  5027  5218 I TencentPay: APPluginUtils | copyEmtpyResAPKFromAssets assetFile:control_seekbar_btn.png
12-23 08:07:20.913  5027  5218 I TencentPay: APPluginUtils | copyEmtpyResAPKFromAssets assetFile:control_volume_center.png
12-23 08:07:20.913  5027  5218 I TencentPay: APPluginUtils | copyEmtpyResAPKFromAssets assetFile:control_volume_center_mute.png
12-23 08:07:20.913  5027  5218 I TencentPay: APPluginUtils | copyEmtpyResAPKFromAssets assetFile:drawable
12-23 08:07:20.913  5027  5218 I TencentPay: APPluginUtils | copyEmtpyResAPKFromAssets assetFile:drawable-hdpi
12-23 08:07:20.913  5027  5218 I TencentPay: APPluginUtils | copyEmtpyResAPKFromAssets assetFile:drawable-ldpi
12-23 08:07:20.913  5027  5218 I TencentPay: APPluginUtils | copyEmtpyResAPKFromAssets assetFile:drawable-mdpi
12-23 08:07:20.913  5027  5218 I TencentPay: APPluginUtils | copyEmtpyResAPKFromAssets assetFile:drawable-xhdpi
12-23 08:07:20.913  5027  5218 I TencentPay: APPluginUtils | copyEmtpyResAPKFromAssets assetFile:drawable-xxhdpi
12-23 08:07:20.913  5027  5218 I TencentPay: APPluginUtils | copyEmtpyResAPKFromAssets assetFile:fancircle_btn_back.png
12-23 08:07:20.913  5027  5218 I TencentPay: APPluginUtils | copyEmtpyResAPKFromAssets assetFile:fonts
12-23 08:07:20.913  5027  5218 I TencentPay: APPluginUtils | copyEmtpyResAPKFromAssets assetFile:glowcenter.jpg
12-23 08:07:20.913  5027  5218 I TencentPay: APPluginUtils | copyEmtpyResAPKFromAssets assetFile:hanzi.bin
12-23 08:07:20.913  5027  5218 I TencentPay: APPluginUtils | copyEmtpyResAPKFromAssets assetFile:hkljh.ttf.zip
12-23 08:07:20.913  5027  5218 I TencentPay: APPluginUtils | copyEmtpyResAPKFromAssets assetFile:hudson.png
12-23 08:07:20.913  5027  5218 I TencentPay: APPluginUtils | copyEmtpyResAPKFromAssets assetFile:ic_back_bg_player.png
12-23 08:07:20.913  5027  5218 I TencentPay: APPluginUtils | copyEmtpyResAPKFromAssets assetFile:ic_back_bg_player_s.png
12-23 08:07:20.913  5027  5218 I TencentPay: APPluginUtils | copyEmtpyResAPKFromAssets assetFile:ic_player_controller_bg_new.9.png
12-23 08:07:20.913  5027  5218 I TencentPay: APPluginUtils | copyEmtpyResAPKFromAssets assetFile:icon_download.png
12-23 08:07:20.913  5027  5218 I TencentPay: APPluginUtils | copyEmtpyResAPKFromAssets assetFile:icon_ok.png
12-23 08:07:20.913  5027  5218 I TencentPay: APPluginUtils | copyEmtpyResAPKFromAssets assetFile:icon_open.png
12-23 08:07:20.913  5027  5218 I TencentPay: APPluginUtils | copyEmtpyResAPKFromAssets assetFile:icon_play.png
12-23 08:07:20.913  5027  5218 I TencentPay: APPluginUtils | copyEmtpyResAPKFromAssets assetFile:icon_replay.png
12-23 08:07:20.913  5027  5218 I TencentPay: APPluginUtils | copyEmtpyResAPKFromAssets assetFile:images
12-23 08:07:20.913  5027  5218 I TencentPay: APPluginUtils | copyEmtpyResAPKFromAssets assetFile:img_drag_back.png
12-23 08:07:20.913  5027  5218 I TencentPay: APPluginUtils | copyEmtpyResAPKFromAssets assetFile:img_drag_forward.png
12-23 08:07:20.913  5027  5218 I TencentPay: APPluginUtils | copyEmtpyResAPKFromAssets assetFile:img_load.png
12-23 08:07:20.913  5027  5218 I TencentPay: APPluginUtils | copyEmtpyResAPKFromAssets assetFile:jingdianheibai.png
12-23 08:07:20.913  5027  5218 I TencentPay: APPluginUtils | copyEmtpyResAPKFromAssets assetFile:lib
12-23 08:07:20.913  5027  5218 I TencentPay: APPluginUtils | copyEmtpyResAPKFromAssets assetFile:libwbsafeedit
12-23 08:07:20.913  5027  5218 I TencentPay: APPluginUtils | copyEmtpyResAPKFromAssets assetFile:line.9.png
12-23 08:07:20.913  5027  5218 I TencentPay: APPluginUtils | copyEmtpyResAPKFromAssets assetFile:line_center.9.png
12-23 08:07:20.913  5027  5218 I TencentPay: APPluginUtils | copyEmtpyResAPKFromAssets assetFile:line_new.9.png
12-23 08:07:20.913  5027  5218 I TencentPay: APPluginUtils | copyEmtpyResAPKFromAssets assetFile:line_new3.9.png
12-23 08:07:20.913  5027  5218 I TencentPay: APPluginUtils | copyEmtpyResAPKFromAssets assetFile:loading00.png
12-23 08:07:20.913  5027  5218 I TencentPay: APPluginUtils | copyEmtpyResAPKFromAssets assetFile:loading01.png
12-23 08:07:20.913  5027  5218 I TencentPay: APPluginUtils | copyEmtpyResAPKFromAssets assetFile:loading02.png
12-23 08:07:20.913  5027  5218 I TencentPay: APPluginUtils | copyEmtpyResAPKFromAssets assetFile:loading03.png
12-23 08:07:20.913  5027  5218 I TencentPay: APPluginUtils | copyEmtpyResAPKFromAssets assetFile:loading04.png
12-23 08:07:20.913  5027  5218 I TencentPay: APPluginUtils | copyEmtpyResAPKFromAssets assetFile:loading05.png
12-23 08:07:20.913  5027  5218 I TencentPay: APPluginUtils | copyEmtpyResAPKFromAssets assetFile:loading06.png
12-23 08:07:20.913  5027  5218 I TencentPay: APPluginUtils | copyEmtpyResAPKFromAssets assetFile:loading07.png
12-23 08:07:20.913  5027  5218 I TencentPay: APPluginUtils | copyEmtpyResAPKFromAssets assetFile:loading08.png
12-23 08:07:20.913  5027  5218 I TencentPay: APPluginUtils | copyEmtpyResAPKFromAssets assetFile:loading09.png
12-23 08:07:20.913  5027  5218 I TencentPay: APPluginUtils | copyEmtpyResAPKFromAssets assetFile:loading10.png
12-23 08:07:20.913  5027  5218 I TencentPay: APPluginUtils | copyEmtpyResAPKFromAssets assetFile:loading11.png
12-23 08:07:20.914  5027  5218 I TencentPay: APPluginUtils | copyEmtpyResAPKFromAssets assetFile:loading12.png
12-23 08:07:20.914  5027  5218 I TencentPay: APPluginUtils | copyEmtpyResAPKFromAssets assetFile:loading13.png
12-23 08:07:20.914  5027  5218 I TencentPay: APPluginUtils | copyEmtpyResAPKFromAssets assetFile:loading14.png
12-23 08:07:20.914  5027  5218 I TencentPay: APPluginUtils | copyEmtpyResAPKFromAssets assetFile:loading15.png
12-23 08:07:20.914  5027  5218 I TencentPay: APPluginUtils | copyEmtpyResAPKFromAssets assetFile:loading16.png
12-23 08:07:20.914  5027  5218 I TencentPay: APPluginUtils | copyEmtpyResAPKFromAssets assetFile:loading17.png
12-23 08:07:20.914  5027  5218 I TencentPay: APPluginUtils | copyEmtpyResAPKFromAssets assetFile:loading18.png
12-23 08:07:20.914  5027  5218 I TencentPay: APPluginUtils | copyEmtpyResAPKFromAssets assetFile:loading19.png
12-23 08:07:20.914  5027  5218 I TencentPay: APPluginUtils | copyEmtpyResAPKFromAssets assetFile:loading20.png
12-23 08:07:20.914  5027  5218 I TencentPay: APPluginUtils | copyEmtpyResAPKFromAssets assetFile:loading21.png
12-23 08:07:20.914  5027  5218 I TencentPay: APPluginUtils | copyEmtpyResAPKFromAssets assetFile:loading22.png
12-23 08:07:20.914  5027  5218 I TencentPay: APPluginUtils | copyEmtpyResAPKFromAssets assetFile:loading23.png
12-23 08:07:20.914  5027  5218 I TencentPay: APPluginUtils | copyEmtpyResAPKFromAssets assetFile:loading24.png
12-23 08:07:20.914  5027  5218 I TencentPay: APPluginUtils | copyEmtpyResAPKFromAssets assetFile:loading25.png
12-23 08:07:20.914  5027  5218 I TencentPay: APPluginUtils | copyEmtpyResAPKFromAssets assetFile:loading26.png
12-23 08:07:20.914  5027  5218 I TencentPay: APPluginUtils | copyEmtpyResAPKFromAssets assetFile:loading27.png
12-23 08:07:20.914  5027  5218 I TencentPay: APPluginUtils | copyEmtpyResAPKFromAssets assetFile:loading28.png
12-23 08:07:20.914  5027  5218 I TencentPay: APPluginUtils | copyEmtpyResAPKFromAssets assetFile:loading29.png
12-23 08:07:20.914  5027  5218 I TencentPay: APPluginUtils | copyEmtpyResAPKFromAssets assetFile:nh
12-23 08:07:20.914  5027  5218 I TencentPay: APPluginUtils | copyEmtpyResAPKFromAssets assetFile:overlayVideo.mp4
12-23 08:07:20.914  5027  5218 I TencentPay: APPluginUtils | copyEmtpyResAPKFromAssets assetFile:overlayVideo_mask.mp4
12-23 08:07:20.914  5027  5218 I TencentPay: APPluginUtils | copyEmtpyResAPKFromAssets assetFile:pinyin.bin
12-23 08:07:20.914  5027  5218 I TencentPay: APPluginUtils | copyEmtpyResAPKFromAssets assetFile:player_morebt_disable.png
12-23 08:07:20.914  5027  5218 I TencentPay: APPluginUtils | copyEmtpyResAPKFromAssets assetFile:player_morebt_hover.png
12-23 08:07:20.914  5027  5218 I TencentPay: APPluginUtils | copyEmtpyResAPKFromAssets assetFile:player_morebt_normal.png
12-23 08:07:20.914  5027  5218 I TencentPay: APPluginUtils | copyEmtpyResAPKFromAssets assetFile:player_settings_bright_thumb.png
12-23 08:07:20.914  5027  5218 I TencentPay: APPluginUtils | copyEmtpyResAPKFromAssets assetFile:portraitbeauty.png
12-23 08:07:20.914  5027  5218 I TencentPay: APPluginUtils | copyEmtpyResAPKFromAssets assetFile:progress_bg.9.png
12-23 08:07:20.914  5027  5218 I TencentPay: APPluginUtils | copyEmtpyResAPKFromAssets assetFile:progress_bg01.9.png
12-23 08:07:20.914  5027  5218 I TencentPay: APPluginUtils | copyEmtpyResAPKFromAssets assetFile:progress_bg01.png
12-23 08:07:20.914  5027  5218 I TencentPay: APPluginUtils | copyEmtpyResAPKFromAssets assetFile:progress_bg03.9.png
12-23 08:07:20.914  5027  5218 I TencentPay: APPluginUtils | copyEmtpyResAPKFromAssets assetFile:progress_bg03.9_1.png
12-23 08:07:20.914  5027  5218 I TencentPay: APPluginUtils | copyEmtpyResAPKFromAssets assetFile:progress_bg03.png
12-23 08:07:20.914  5027  5218 I TencentPay: APPluginUtils | copyEmtpyResAPKFromAssets assetFile:progress_bg03_1.9.png
12-23 08:07:20.914  5027  5218 I TencentPay: APPluginUtils | copyEmtpyResAPKFromAssets assetFile:progress_bg03_j.9.png
12-23 08:07:20.914  5027  5218 I TencentPay: APPluginUtils | copyEmtpyResAPKFromAssets assetFile:progress_bg04.9.png
12-23 08:07:20.914  5027  5218 I TencentPay: APPluginUtils | copyEmtpyResAPKFromAssets assetFile:progress_button.png
12-23 08:07:20.914  5027  5218 I TencentPay: APPluginUtils | copyEmtpyResAPKFromAssets assetFile:progress_line.9.png
12-23 08:07:20.914  5027  5218 I TencentPay: APPluginUtils | copyEmtpyResAPKFromAssets assetFile:progress_line_new.9.png
12-23 08:07:20.914  5027  5218 I TencentPay: APPluginUtils | copyEmtpyResAPKFromAssets assetFile:progress_line_new_j.9.png
12-23 08:07:20.914  5027  5218 I TencentPay: APPluginUtils | copyEmtpyResAPKFromAssets assetFile:qqmusic.ini
12-23 08:07:20.914  2208  2233 W BroadcastQueue: Permission Denial: broadcasting Intent { act=android.net.conn.CONNECTIVITY_CHANGE flg=0x4000010 (has extras) } from null (pid=-1, uid=-1) requires com.tencent.qqmusic.permission.SEND_BROADCAST_PERMISSION due to registered receiver BroadcastFilter{111b12b u0 ReceiverList{2828057a 5027 com.tencent.qqmusic/10062/u0 remote:3272cda5}}
12-23 08:07:20.914  5027  5218 I TencentPay: APPluginUtils | copyEmtpyResAPKFromAssets assetFile:recognize_model
12-23 08:07:20.914  5027  5218 I TencentPay: APPluginUtils | copyEmtpyResAPKFromAssets assetFile:refresh.png
12-23 08:07:20.914  5027  5218 I TencentPay: APPluginUtils | copyEmtpyResAPKFromAssets assetFile:screen_shot.png
12-23 08:07:20.914  5027  5218 I TencentPay: APPluginUtils | copyEmtpyResAPKFromAssets assetFile:setting_bright_seekbar_background.9.png
12-23 08:07:20.914  5027  5218 I TencentPay: APPluginUtils | copyEmtpyResAPKFromAssets assetFile:setting_bright_seekbar_background_1.9.png
12-23 08:07:20.914  5027  5218 I TencentPay: APPluginUtils | copyEmtpyResAPKFromAssets assetFile:setting_bright_seekbar_progress.9.png
12-23 08:07:20.915  5027  5218 I TencentPay: APPluginUtils | copyEmtpyResAPKFromAssets assetFile:sfd.ser
12-23 08:07:20.915  5027  5218 I TencentPay: APPluginUtils | copyEmtpyResAPKFromAssets assetFile:simple-skin.zip
12-23 08:07:20.915  5027  5218 I TencentPay: APPluginUtils | copyEmtpyResAPKFromAssets assetFile:skin_nav_icon_l_return.9.png
12-23 08:07:20.915  5027  5218 I TencentPay: APPluginUtils | copyEmtpyResAPKFromAssets assetFile:sounds
12-23 08:07:20.915  5027  5218 I TencentPay: APPluginUtils | copyEmtpyResAPKFromAssets assetFile:template_oldvideo.json
12-23 08:07:20.915  5027  5218 I TencentPay: APPluginUtils | copyEmtpyResAPKFromAssets assetFile:test.html
12-23 08:07:20.915  5027  5218 I TencentPay: APPluginUtils | copyEmtpyResAPKFromAssets assetFile:text
12-23 08:07:20.915  5027  5218 I TencentPay: APPluginUtils | copyEmtpyResAPKFromAssets assetFile:title_line.png
12-23 08:07:20.915  5027  5218 I TencentPay: APPluginUtils | copyEmtpyResAPKFromAssets assetFile:verify.jar
12-23 08:07:20.915  5027  5218 I TencentPay: APPluginUtils | copyEmtpyResAPKFromAssets assetFile:webkit
12-23 08:07:20.915  5027  5218 I TencentPay: APPluginUtils | copyEmtpyResAPKFromAssets assetFile:xpro2.png
12-23 08:07:20.915  5027  5218 I TencentPay: APPluginUtils | installPluginFromAssets sUnzipMidasPayFile:MidasPay.zip
12-23 08:07:20.915  5027  5218 I TencentPay: APPluginUtils | installPluginFromAssets zipEntry.getName:MidasCFT_1.5.1_30_fbb92fa0aae554849c22c44284b14572.jar
12-23 08:07:20.915  5027  5218 I TencentPay: APPluginUtils | installPluginFromAssets lastIndexOf pos:50
12-23 08:07:20.915  5027  5218 I TencentPay: APPluginUtils | installPluginFromAssets name:MidasCFT_1.5.1_30_fbb92fa0aae554849c22c44284b14572
12-23 08:07:20.915  5027  5218 I TencentPay: APPluginUtils | installPluginFromAssets sourceName:MidasCFT
12-23 08:07:20.915  5027  5218 I TencentPay: APPluginUtils | installPluginFromAssets versionName:1.5.1
12-23 08:07:20.915  5027  5218 I TencentPay: APPluginUtils | installPluginFromAssets versionCode:30
12-23 08:07:20.915  5027  5218 I TencentPay: APPluginUtils | installPluginFromAssets MD5:fbb92fa0aae554849c22c44284b14572
12-23 08:07:20.916  5027  5218 I TencentPay: APPluginUtils | installPluginFromAssets destFileName:/data/data/com.tencent.qqmusic/app_midasplugins/MidasCFT_1.5.1_30_fbb92fa0aae554849c22c44284b14572.apk
12-23 08:07:20.917  5078  5097 I art     : Background sticky concurrent mark sweep GC freed 15876(1021KB) AllocSpace objects, 5(80KB) LOS objects, 18% free, 4MB/5MB, paused 1.077ms total 125.896ms
12-23 08:07:20.925  5027  5027 I TMSelfUpdateManager: onActivityResume enter
12-23 08:07:20.925  5027  5027 D TMLog   : addLogToCache failed!
12-23 08:07:20.925  5027  5027 E TMSelfUpdateManager: exception: you must input an application context!
12-23 08:07:20.925  5027  5027 D TMLog   : addLogToCache failed!
12-23 08:07:20.927  5027  5027 I LogPoint4Test: 首次启动从点击到出现引导页打桩位置，耗时-->1063
12-23 08:07:20.929  5027  5218 I TencentPay: APPluginUtils | sdcardFilePath:/storage/emulated/0/Tencent/MidasPay/
12-23 08:07:20.929  2208  2533 V WindowManager: Adding window Window{266c7cc u0 com.tencent.qqmusic/com.tencent.qqmusic.activity.NewGuideActivity} at 7 of 12 (after Window{3c170cc2 u0 com.tencent.qqmusic/com.tencent.qqmusic.activity.AppStarterActivity})
12-23 08:07:20.929  5027  5218 I TencentPay: APPluginUtils | installPluginFromAssets zipEntry.getName:MidasCore_1.5.1_30_350caaa3441e9771548f86b0954a1aa4.jar
12-23 08:07:20.930  5027  5218 I TencentPay: APPluginUtils | installPluginFromAssets lastIndexOf pos:51
12-23 08:07:20.930  5027  5218 I TencentPay: APPluginUtils | installPluginFromAssets name:MidasCore_1.5.1_30_350caaa3441e9771548f86b0954a1aa4
12-23 08:07:20.930  5027  5218 I TencentPay: APPluginUtils | installPluginFromAssets sourceName:MidasCore
12-23 08:07:20.930  5027  5218 I TencentPay: APPluginUtils | installPluginFromAssets versionName:1.5.1
12-23 08:07:20.930  5027  5218 I TencentPay: APPluginUtils | installPluginFromAssets versionCode:30
12-23 08:07:20.930  5027  5218 I TencentPay: APPluginUtils | installPluginFromAssets MD5:350caaa3441e9771548f86b0954a1aa4
12-23 08:07:20.930  5027  5218 I TencentPay: APPluginUtils | installPluginFromAssets destFileName:/data/data/com.tencent.qqmusic/app_midasplugins/MidasCore_1.5.1_30_350caaa3441e9771548f86b0954a1aa4.apk
12-23 08:07:20.930  5027  5218 I TencentPay: APPluginUtils | sdcardFilePath:/storage/emulated/0/Tencent/MidasPay/
12-23 08:07:20.930  5027  5218 I TencentPay: APPluginUtils | installPluginFromAssets zipEntry.getName:MidasPay_1.5.1_30_22090f2c0331f878865f9967e6b97dc6.jar
12-23 08:07:20.930  5027  5218 I TencentPay: APPluginUtils | installPluginFromAssets lastIndexOf pos:50
12-23 08:07:20.930  5027  5218 I TencentPay: APPluginUtils | installPluginFromAssets name:MidasPay_1.5.1_30_22090f2c0331f878865f9967e6b97dc6
12-23 08:07:20.930  5027  5218 I TencentPay: APPluginUtils | installPluginFromAssets sourceName:MidasPay
12-23 08:07:20.930  5027  5218 I TencentPay: APPluginUtils | installPluginFromAssets versionName:1.5.1
12-23 08:07:20.930  5027  5218 I TencentPay: APPluginUtils | installPluginFromAssets versionCode:30
12-23 08:07:20.930  5027  5218 I TencentPay: APPluginUtils | installPluginFromAssets MD5:22090f2c0331f878865f9967e6b97dc6
12-23 08:07:20.931  5027  5218 I TencentPay: APPluginUtils | installPluginFromAssets destFileName:/data/data/com.tencent.qqmusic/app_midasplugins/MidasPay_1.5.1_30_22090f2c0331f878865f9967e6b97dc6.apk
12-23 08:07:20.938  5027  5224 I TencentPay: 时耗 | 文件MidasCFT_1.5.1_30_fbb92fa0aae554849c22c44284b14572.apk备份，校验时耗:8
12-23 08:07:20.939  5027  5225 I TencentPay: 时耗 | 文件MidasCore_1.5.1_30_350caaa3441e9771548f86b0954a1aa4.apk备份，校验时耗:1
12-23 08:07:20.939  5027  5221 I art     : Explicit concurrent mark sweep GC freed 12997(1016KB) AllocSpace objects, 7(112KB) LOS objects, 40% free, 9MB/16MB, paused 1.761ms total 146.326ms
12-23 08:07:20.940  1926  2166 E Vold    : Failed to find mounted volume for /storage/usb1/Android/data/com.tencent.qqmusic/files/
12-23 08:07:20.940  5078  5078 W ContextImpl: Failed to ensure directory: /storage/usb1/Android/data/com.tencent.qqmusic/files
12-23 08:07:20.941  1926  2166 E Vold    : Failed to find mounted volume for /storage/usb2/Android/data/com.tencent.qqmusic/files/
12-23 08:07:20.941  5078  5078 W ContextImpl: Failed to ensure directory: /storage/usb2/Android/data/com.tencent.qqmusic/files
12-23 08:07:20.941  1926  2166 E Vold    : Failed to find mounted volume for /storage/usb3/Android/data/com.tencent.qqmusic/files/
12-23 08:07:20.941  5078  5078 W ContextImpl: Failed to ensure directory: /storage/usb3/Android/data/com.tencent.qqmusic/files
12-23 08:07:20.941  1926  2166 E Vold    : Failed to find mounted volume for /storage/sdcard1/Android/data/com.tencent.qqmusic/files/
12-23 08:07:20.942  5078  5078 W ContextImpl: Failed to ensure directory: /storage/sdcard1/Android/data/com.tencent.qqmusic/files
12-23 08:07:20.949  5027  5218 I TencentPay: APPluginUtils | sdcardFilePath:/storage/emulated/0/Tencent/MidasPay/
12-23 08:07:20.949  5027  5218 I TencentPay: APPluginUtils | installPluginFromAssets zipEntry.getName:MidasSign.ini
12-23 08:07:20.949  5027  5218 I TencentPay: APPluginUtils | installPluginFromAssets destFileName:/data/data/com.tencent.qqmusic/app_midasplugins/MidasSign.ini
12-23 08:07:20.949  5027  5218 I TencentPay: APPluginUtils | sdcardFilePath:/storage/emulated/0/Tencent/MidasPay/
12-23 08:07:20.949  5027  5218 I TencentPay: APPluginUtils | installPlugin retCode:0
12-23 08:07:20.949  5027  5218 I TencentPay: 时耗 | timeName:sdk.plugin.init.installFromAssets.time,time169
12-23 08:07:20.949  5027  5218 I TencentPay: insertTimeData interfaceName= | init
12-23 08:07:20.949  5027  5218 I TencentPay: insertTimeData timeName= | sdk.plugin.init.installFromAssets.time
12-23 08:07:20.949  5027  5218 I TencentPay: insertTimeData time= | 169
12-23 08:07:20.949  5027  5218 I TencentPay: APMidasPayHelper | preLoadMidasPay installPlugin ret:0
12-23 08:07:20.949  5027  5218 I TencentPay: APMidasPayHelper | preLoadMidasPay initRequest:null
12-23 08:07:20.949  5027  5218 I TencentPay: APPluginUtils | isPluginValid
12-23 08:07:20.950  5027  5218 I TencentPay: APPluginUtils | isPluginValid sline:MidasCore_1.5.1_30_350caaa3441e9771548f86b0954a1aa4.apk:78F78935AF528D81D4A2D5CEC01701E66DECE0C2821FBE8162B553CC1B0157B8C85A34B2AF86DF130EC4801D27ED149352256E495807044CD9E3F133C53763B27B5F02862FB641FD44E26895FD44590134C5A1E3C865CAD585262BDDB103124509E6BD06292380C8A24B0DF05C67701F0B098FFD7629B1BFE8D61312283EB35679F3E23FCD8784B5B6B981825BE6CD5F16622CA72A924F8A60F16BB261C7C7D42FA6E7BBC5333BBEB2C26078433E8043950F465D33B0F15A14EAB60CA0CF3839BF734A88D1FC0C9AD236D3F2E84A5BB4E61F1CF6FD2E2EA2E095F6CAA7B95916168F85B7F9450D550A29B3079C1FEB7BBF5289E4943297B7D0DC8236AB0CBFE8
12-23 08:07:20.951  5027  5218 I TencentPay: APMidasRSATools | resultData=255
12-23 08:07:20.951  5027  5218 I TencentPay: APPluginUtils | isPluginValid name:MidasCore
12-23 08:07:20.951  5027  5218 I TencentPay: APPluginUtils | isPluginValid md5:350caaa3441e9771548f86b0954a1aa4
12-23 08:07:20.951  5027  5218 I TencentPay: APPluginUtils | isPluginValid sline:MidasPay_1.5.1_30_22090f2c0331f878865f9967e6b97dc6.apk:0B51AB6865F93EF80A354465DD878D677F74987D59627A1D4385C3669565E70B7470C01109EA1F726C3B6550A43A3E6095C0F911D6D6129AF5C12DA964157F7F057AA02AEE170C3DD994A7660FED4F4A0C65F3708CB537E0A259587EC63DA450C33515E71D68FBA61B7CA0760AC6A4C67E63C22F245F08D49CA082ADBE19C414D556C7299B10F3AAB55BA57A56E6AFE7D3CE6CB5903335E7225196F542BBC5B09C2D0A3462CC7A5AF7CB7DD0DC16564CDD7BEB67EDC41F5CC57299426976B1ACCE54ECD163693EF76F3E95BED4510986E5ED1BCED2BABDE0FC305021A948844152A9936DC0DA3FA331A8C0A8CC0DA8031D56EB0A5954DDB45FB88EB9875F71C9
12-23 08:07:20.952  5027  5218 I TencentPay: APMidasRSATools | resultData=255
12-23 08:07:20.952  5027  5218 I TencentPay: APPluginUtils | isPluginValid name:MidasPay
12-23 08:07:20.952  5027  5218 I TencentPay: APPluginUtils | isPluginValid md5:22090f2c0331f878865f9967e6b97dc6
12-23 08:07:20.952  5027  5218 I TencentPay: APPluginUtils | isPluginValid sline:MidasCFT_1.5.1_30_fbb92fa0aae554849c22c44284b14572.apk:B3EA7A94C49323FE919CF1DBBC2D8811F1A3C88A181F926DB3C5934F9BB23B41A602542D74FECCC6024F06B7296AD6F8A5775A8D6AA517538BF2694C34B2FAB737EBAAD50722A4A2DD39159BD2E76A91EEC5D9DE4AABD5DEA0868045F39285CAD12352735DD81B5B6ABEB589342DA2B26F2460597DB450FF2AC735F8229ACBC9A673C6C41AE7EB7B5F60AB9B38E38CCBD85B483FD4426B2034AD8C48CED5DF624DC51735D4C6842018A27080FF2D0F0E2C0620F50F3B7458A5BD9F21F44861070F2863FE51DA233F050A3271389792CDCD2F6C1B87C617F39C2708F8EF75E2E04F90644ECFCB80CB99B0BC1F760A3330CB717CC7AC9CAA03AD955AB38609FA71
12-23 08:07:20.952  5027  5218 I TencentPay: APMidasRSATools | resultData=255
12-23 08:07:20.952  5027  5218 I TencentPay: APPluginUtils | isPluginValid name:MidasCFT
12-23 08:07:20.952  5027  5218 I TencentPay: APPluginUtils | isPluginValid md5:fbb92fa0aae554849c22c44284b14572
12-23 08:07:20.953  5027  5218 I TencentPay: APPluginUtils | isPluginValid file:MidasCore_1.5.1_30_350caaa3441e9771548f86b0954a1aa4.apk MD5:350caaa3441e9771548f86b0954a1aa4
12-23 08:07:20.953  5027  5218 I TencentPay: APPluginUtils | checkFileMD5 sMD5:350CAAA3441E9771548F86B0954A1AA4
12-23 08:07:20.953  5027  5218 I TencentPay: APPluginUtils | checkFileMD5 MD5:350caaa3441e9771548f86b0954a1aa4
12-23 08:07:20.953  5027  5218 I TencentPay: APPluginUtils | isPluginValid file:MidasCFT_1.5.1_30_fbb92fa0aae554849c22c44284b14572.apk MD5:fbb92fa0aae554849c22c44284b14572
12-23 08:07:20.954  5027  5227 I TencentPay: 时耗 | 文件MidasPay_1.5.1_30_22090f2c0331f878865f9967e6b97dc6.apk备份，校验时耗:5
12-23 08:07:20.954  5027  5218 I TencentPay: APPluginUtils | checkFileMD5 sMD5:FBB92FA0AAE554849C22C44284B14572
12-23 08:07:20.954  5027  5218 I TencentPay: APPluginUtils | checkFileMD5 MD5:fbb92fa0aae554849c22c44284b14572
12-23 08:07:20.954  5027  5218 I TencentPay: APPluginUtils | isPluginValid file:MidasPay_1.5.1_30_22090f2c0331f878865f9967e6b97dc6.apk MD5:22090f2c0331f878865f9967e6b97dc6
12-23 08:07:20.956  5027  5218 I TencentPay: APPluginUtils | checkFileMD5 sMD5:22090F2C0331F878865F9967E6B97DC6
12-23 08:07:20.956  5027  5218 I TencentPay: APPluginUtils | checkFileMD5 MD5:22090f2c0331f878865f9967e6b97dc6
12-23 08:07:20.956  5027  5218 I TencentPay: APPluginUtils | isPluginValid count:3
12-23 08:07:20.956  5027  5218 I TencentPay: 时耗 | timeName:sdk.plugin.init.pluginvalid.time,time7
12-23 08:07:20.956  5027  5218 I TencentPay: insertTimeData interfaceName= | init
12-23 08:07:20.956  5027  5218 I TencentPay: insertTimeData timeName= | sdk.plugin.init.pluginvalid.time
12-23 08:07:20.956  5027  5218 I TencentPay: insertTimeData time= | 7
12-23 08:07:20.956  5027  5218 I TencentPay: APPluginUtils | getMD5FromPath lastIndexOf startpos:65 endpos:98
12-23 08:07:20.956  5027  5218 I TencentPay: APPluginUtils | getMD5FromPath MD5:22090f2c0331f878865f9967e6b97dc6
12-23 08:07:20.956  5027  5218 D TencentPay: APPluginStatic | getOrCreateClassLoader apkFilePath: /data/data/com.tencent.qqmusic/app_midasplugins/MidasPay_1.5.1_30_22090f2c0331f878865f9967e6b97dc6.apk
12-23 08:07:20.956  5027  5218 D TencentPay: APPluginStatic | getOrCreateClassLoader MD5: 22090f2c0331f878865f9967e6b97dc6
12-23 08:07:20.956  5027  5218 D TencentPay: APPluginStatic | getOrCreateClassLoader key: MidasPay_22090f2c0331f878865f9967e6b97dc6
12-23 08:07:20.956  5027  5218 D TencentPay: APPluginStatic | getOrCreateClassLoader dexClassLoader: null
12-23 08:07:20.956  5027  5218 I TencentPay: APPluginUtils | extractLibs ABI:armeabi-v7a
12-23 08:07:20.957  5027  5218 I TencentPay: APPluginUtils | extractLibs end to dirToExtract:armeabi
12-23 08:07:20.957  5027  5218 I TencentPay: APPluginUtils | fileName:lib/armeabi/libufoPatch.so
12-23 08:07:20.958  5027  5218 I TencentPay: APPluginUtils | fileName:lib/armeabi/libunipayutils.so
12-23 08:07:20.958  5027  5218 I TencentPay: APPluginUtils | fileName:lib/x86/libunipayutils.so
12-23 08:07:20.958  5027  5218 I TencentPay: 时耗 | timeName:sdk.plugin.init.unzip.so.time,time2
12-23 08:07:20.958  5027  5218 I TencentPay: insertTimeData interfaceName= | init
12-23 08:07:20.958  5027  5218 I TencentPay: insertTimeData timeName= | sdk.plugin.init.unzip.so.time
12-23 08:07:20.958  5027  5218 I TencentPay: insertTimeData time= | 2
12-23 08:07:20.963  5229  5229 W linker  : [vdso]: unused DT entry: type 0x6ffffef5 arg 0xec
12-23 08:07:20.963  5229  5229 E cutils-trace: Error opening trace file: Permission denied (13)
12-23 08:07:20.964  5229  5229 I dex2oat : /system/bin/dex2oat --runtime-arg -classpath --runtime-arg  --instruction-set=x86 --instruction-set-features=default --runtime-arg -Xrelocate --boot-image=/system/framework/boot.art --dex-file=/data/data/com.tencent.qqmusic/app_midasplugins/MidasPay_1.5.1_30_22090f2c0331f878865f9967e6b97dc6.apk --oat-fd=81 --oat-location=/data/data/com.tencent.qqmusic/app_midasodex/MidasPay_1.5.1_30_22090f2c0331f878865f9967e6b97dc6.dex --runtime-arg -Xms64m --runtime-arg -Xmx512m --compiler-filter=interpret-only
12-23 08:07:20.984  5027  5214 D Profiler: perf.scanner_speed_test.Insert Directories Into DB Finish. duration: 247.0
12-23 08:07:20.985  5027  5214 D LocalFileCacheManager: dir:--- /storage/usb0/
12-23 08:07:20.995  2208  2237 D BluetoothManagerService: Message: 20
12-23 08:07:20.995  2208  2237 D BluetoothManagerService: Added callback: android.bluetooth.IBluetoothManagerCallback$Stub$Proxy@2b0d27df:true
12-23 08:07:20.996  2208  2237 D BluetoothManagerService: Message: 30
12-23 08:07:21.029  5027  5214 D Profiler: perf.scanner_speed_test.Scan Directories Finish. duration: 292.0
12-23 08:07:21.029  5027  5214 D Profiler: perf.preHandleNewDirs 74.begin 1450858041029
12-23 08:07:21.035  2208  2238 I ActivityManager: Displayed com.tencent.qqmusic/.activity.NewGuideActivity: +248ms
12-23 08:07:21.041  2208  2237 D BluetoothManagerService: Message: 30
12-23 08:07:21.041  2208  2353 D BluetoothManagerService: Trying to bind to profile: 1, while Bluetooth was disabled
12-23 08:07:21.043  5027  5214 D LocalFileCacheManager: preHandleNewDirs scanedDirCount: 180 file_total_count: 0
12-23 08:07:21.043  5027  5214 D Profiler: perf.preHandleNewDirs 74.end duration: 14.0
12-23 08:07:21.043  5027  5214 D Profiler: perf.scanner_speed_test.Scan Files And Insert Files Into DB Finish. duration: 306.0
12-23 08:07:21.047  5078  5078 D houdini : [5078] Added shared library /data/app/com.tencent.qqmusic-1/lib/arm/libQPlayAuto.so for ClassLoader by Native Bridge.
12-23 08:07:21.047  5078  5078 I QPlay_Auto_JNI: [QPlayAuto] JNI_OnLoad
12-23 08:07:21.047  5078  5078 I QPlay_Auto_JNI: [QPlayAuto] QPlay auto stop!!!
12-23 08:07:21.047  5078  5078 I QPlay_Auto_JNI: [QPlayAuto] QPlay auto Start!
12-23 08:07:21.047  5078  5245 I QPlay_Auto_JNI: [QPlayAuto] Discover socket(type:1) create ID: 83
12-23 08:07:21.047  5078  5245 I QPlay_Auto_JNI: [QPlayAuto] Discover socket(type:4) create ID: 84
12-23 08:07:21.050  2208  2649 W ActivityManager: getRunningAppProcesses: caller 10062 does not hold REAL_GET_TASKS; limiting output
12-23 08:07:21.052  1926  2166 E Vold    : Failed to find mounted volume for /storage/usb1/Android/data/com.tencent.qqmusic/cache/
12-23 08:07:21.052  5078  5247 W ContextImpl: Failed to ensure directory: /storage/usb1/Android/data/com.tencent.qqmusic/cache
12-23 08:07:21.052  1926  2166 E Vold    : Failed to find mounted volume for /storage/usb2/Android/data/com.tencent.qqmusic/cache/
12-23 08:07:21.052  5078  5247 W ContextImpl: Failed to ensure directory: /storage/usb2/Android/data/com.tencent.qqmusic/cache
12-23 08:07:21.052  1926  2166 E Vold    : Failed to find mounted volume for /storage/usb3/Android/data/com.tencent.qqmusic/cache/
12-23 08:07:21.052  5078  5247 W ContextImpl: Failed to ensure directory: /storage/usb3/Android/data/com.tencent.qqmusic/cache
12-23 08:07:21.053  1926  2166 E Vold    : Failed to find mounted volume for /storage/sdcard1/Android/data/com.tencent.qqmusic/cache/
12-23 08:07:21.053  5078  5247 W ContextImpl: Failed to ensure directory: /storage/sdcard1/Android/data/com.tencent.qqmusic/cache
12-23 08:07:21.053  1926  2166 E Vold    : Failed to find mounted volume for /storage/usb1/Android/data/com.tencent.qqmusic/cache/
12-23 08:07:21.053  5078  5248 W ContextImpl: Failed to ensure directory: /storage/usb1/Android/data/com.tencent.qqmusic/cache
12-23 08:07:21.053  5027  5134 W System.err: java.lang.NumberFormatException: Invalid long: "00000000113bd6d10033c5870033c587"
12-23 08:07:21.053  5027  5134 W System.err: 	at java.lang.Long.invalidLong(Long.java:124)
12-23 08:07:21.053  5027  5134 W System.err: 	at java.lang.Long.parse(Long.java:363)
12-23 08:07:21.053  5027  5134 W System.err: 	at java.lang.Long.parseLong(Long.java:353)
12-23 08:07:21.053  5027  5134 W System.err: 	at java.lang.Long.parseLong(Long.java:321)
12-23 08:07:21.053  5027  5134 W System.err: 	at com.tencent.qqmusicplayerprocess.session.Session.l(SourceFile:595)
12-23 08:07:21.053  5027  5134 W System.err: 	at com.tencent.qqmusic.common.b.a.b.a(SourceFile:127)
12-23 08:07:21.053  5027  5134 W System.err: 	at com.tencent.qqmusic.common.b.a.a.d(SourceFile:101)
12-23 08:07:21.053  5027  5134 W System.err: 	at com.tencent.qqmusic.common.b.a.a.e(SourceFile:125)
12-23 08:07:21.053  5027  5134 W System.err: 	at com.tencent.qqmusic.common.b.a.a.b(SourceFile:42)
12-23 08:07:21.053  5027  5134 W System.err: 	at com.tencent.qqmusic.k.o(SourceFile:664)
12-23 08:07:21.053  1926  2166 E Vold    : Failed to find mounted volume for /storage/usb2/Android/data/com.tencent.qqmusic/cache/
12-23 08:07:21.053  5027  5134 W System.err: 	at com.tencent.qqmusicplayerprocess.servicenew.a$a.onTransact(SourceFile:257)
12-23 08:07:21.053  5027  5134 W System.err: 	at android.os.Binder.execTransact(Binder.java:446)
12-23 08:07:21.053  5078  5248 W ContextImpl: Failed to ensure directory: /storage/usb2/Android/data/com.tencent.qqmusic/cache
12-23 08:07:21.053  1926  2166 E Vold    : Failed to find mounted volume for /storage/usb3/Android/data/com.tencent.qqmusic/cache/
12-23 08:07:21.053  5078  5140 W System.err: java.lang.NumberFormatException: Invalid long: "UnknownUserId"
12-23 08:07:21.053  5078  5248 W ContextImpl: Failed to ensure directory: /storage/usb3/Android/data/com.tencent.qqmusic/cache
12-23 08:07:21.053  5078  5140 W System.err: 	at java.lang.Long.invalidLong(Long.java:124)
12-23 08:07:21.053  5078  5140 W System.err: 	at java.lang.Long.parse(Long.java:363)
12-23 08:07:21.053  5078  5140 W System.err: 	at java.lang.Long.parseLong(Long.java:353)
12-23 08:07:21.053  5078  5140 W System.err: 	at java.lang.Long.parseLong(Long.java:321)
12-23 08:07:21.053  5078  5140 W System.err: 	at com.tencent.qqmusicplayerprocess.session.Session.l(SourceFile:595)
12-23 08:07:21.053  5078  5140 W System.err: 	at com.tencent.qqmusicplayerprocess.session.c.a(SourceFile:667)
12-23 08:07:21.053  5078  5140 W System.err: 	at com.tencent.qqmusicplayerprocess.session.c.h(SourceFile:658)
12-23 08:07:21.053  5078  5140 W System.err: 	at com.tencent.qqmusicplayerprocess.servicenew.p.a(SourceFile:880)
12-23 08:07:21.053  5078  5140 W System.err: 	at com.tencent.qqmusicplayerprocess.servicenew.b$a.onTransact(SourceFile:1368)
12-23 08:07:21.053  5078  5140 W System.err: 	at android.os.Binder.execTransact(Binder.java:446)
12-23 08:07:21.054  1926  2166 E Vold    : Failed to find mounted volume for /storage/sdcard1/Android/data/com.tencent.qqmusic/cache/
12-23 08:07:21.054  5078  5248 W ContextImpl: Failed to ensure directory: /storage/sdcard1/Android/data/com.tencent.qqmusic/cache
12-23 08:07:21.054  5078  5140 D houdini : [5140] Added shared library /data/app/com.tencent.qqmusic-1/lib/arm/libexpress_verify.so for ClassLoader by Native Bridge.
12-23 08:07:21.055  5078  5078 I createWeakExpressKey: Start:  00000000113bd6d10033c5d7cdf3cfdf  guid
12-23 08:07:21.055  5078  5078 I createWeakExpressKey: qqmusic_createTstreamKey  uuid:  00000000113bd6d10033c5d7cdf3cfdf
12-23 08:07:21.055  5078  5078 I createWeakExpressKey: qqmusic_createTstreamKey: cookie_time 86400
12-23 08:07:21.083  5027  5256 W System.err: java.lang.NullPointerException: Attempt to invoke virtual method 'boolean java.lang.String.equals(java.lang.Object)' on a null object reference
12-23 08:07:21.083  5027  5256 W System.err: 	at android.app.ContextImpl.createPackageContextAsUser(ContextImpl.java:2156)
12-23 08:07:21.083  5027  5256 W System.err: 	at android.app.ContextImpl.createPackageContext(ContextImpl.java:2148)
12-23 08:07:21.083  5027  5256 W System.err: 	at android.content.ContextWrapper.createPackageContext(ContextWrapper.java:671)
12-23 08:07:21.083  5027  5256 W System.err: 	at com.tencent.smtt.sdk.e.c(Unknown Source)
12-23 08:07:21.083  5027  5256 W System.err: 	at com.tencent.smtt.sdk.e.a(Unknown Source)
12-23 08:07:21.083  5027  5256 W System.err: 	at com.tencent.smtt.sdk.e.i(Unknown Source)
12-23 08:07:21.083  5027  5256 W System.err: 	at com.tencent.smtt.sdk.e.k(Unknown Source)
12-23 08:07:21.083  5027  5256 W System.err: 	at com.tencent.smtt.sdk.e.g(Unknown Source)
12-23 08:07:21.083  5027  5256 W System.err: 	at com.tencent.smtt.sdk.QbSdk.a(Unknown Source)
12-23 08:07:21.083  5027  5256 W System.err: 	at com.tencent.smtt.sdk.as.a(Unknown Source)
12-23 08:07:21.083  5027  5256 W System.err: 	at com.tencent.smtt.sdk.aq.run(Unknown Source)
12-23 08:07:21.083  5027  5256 E loaderror: TBS:302
12-23 08:07:21.083  5027  5256 W System.err: java.lang.NullPointerException: Attempt to invoke virtual method 'boolean java.lang.String.equals(java.lang.Object)' on a null object reference
12-23 08:07:21.083  5027  5256 W System.err: 	at android.app.ContextImpl.createPackageContextAsUser(ContextImpl.java:2156)
12-23 08:07:21.083  5027  5256 W System.err: 	at android.app.ContextImpl.createPackageContext(ContextImpl.java:2148)
12-23 08:07:21.083  5027  5256 W System.err: 	at android.content.ContextWrapper.createPackageContext(ContextWrapper.java:671)
12-23 08:07:21.083  5027  5256 W System.err: 	at com.tencent.smtt.sdk.e.c(Unknown Source)
12-23 08:07:21.083  5027  5256 W System.err: 	at com.tencent.smtt.sdk.e.a(Unknown Source)
12-23 08:07:21.083  5027  5256 W System.err: 	at com.tencent.smtt.sdk.e.i(Unknown Source)
12-23 08:07:21.083  5027  5256 W System.err: 	at com.tencent.smtt.sdk.e.k(Unknown Source)
12-23 08:07:21.083  5027  5256 W System.err: 	at com.tencent.smtt.sdk.e.g(Unknown Source)
12-23 08:07:21.083  5027  5256 W System.err: 	at com.tencent.smtt.sdk.e.h(Unknown Source)
12-23 08:07:21.083  5027  5256 W System.err: 	at com.tencent.smtt.sdk.bj.c(Unknown Source)
12-23 08:07:21.083  5027  5256 W System.err: 	at com.tencent.smtt.sdk.as.a(Unknown Source)
12-23 08:07:21.083  5027  5256 W System.err: 	at com.tencent.smtt.sdk.aq.run(Unknown Source)
12-23 08:07:21.083  5027  5256 E TbsShareManager: TBS:isShareTbsCoreAvailable forceSysWebViewInner!
12-23 08:07:21.083  5027  5256 E QbSdk   : TBS:sys WebView: SysWebViewForcedInner
12-23 08:07:21.083  5027  5256 E loaderror: TBS:321
12-23 08:07:21.083  5027  5256 E SDKEngine: TBS:SDKEngine--init canLoadTbs=false
12-23 08:07:21.083  5027  5256 E SDKEngine: TBS:SDKEngine--init can_load_x5=false
12-23 08:07:21.083  5027  5256 E SDKEngine: TBS:SDKEngine--init is_compatible=true
12-23 08:07:21.084  5027  5256 E SDKEngine: TBS:SDKEngine--init isTbsCoreLegaL=false
12-23 08:07:21.084  5027  5256 E SDKEngine: TBS:useSystemWebView by !canLoadTbs
12-23 08:07:21.084  5027  5256 E loaderror: TBS:324
12-23 08:07:21.088  5259  5259 W linker  : [vdso]: unused DT entry: type 0x6ffffef5 arg 0x160
12-23 08:07:21.091  5027  5257 W System.err: java.lang.NullPointerException: Attempt to invoke virtual method 'boolean java.lang.String.equals(java.lang.Object)' on a null object reference
12-23 08:07:21.091  5027  5257 W System.err: 	at android.app.ContextImpl.createPackageContextAsUser(ContextImpl.java:2156)
12-23 08:07:21.091  5027  5257 W System.err: 	at android.app.ContextImpl.createPackageContext(ContextImpl.java:2148)
12-23 08:07:21.091  5027  5257 W System.err: 	at android.content.ContextWrapper.createPackageContext(ContextWrapper.java:671)
12-23 08:07:21.091  5027  5257 W System.err: 	at com.tencent.smtt.sdk.e.c(Unknown Source)
12-23 08:07:21.091  5027  5257 W System.err: 	at com.tencent.smtt.sdk.e.a(Unknown Source)
12-23 08:07:21.091  5027  5257 W System.err: 	at com.tencent.smtt.sdk.e.i(Unknown Source)
12-23 08:07:21.091  5027  5257 W System.err: 	at com.tencent.smtt.sdk.e.k(Unknown Source)
12-23 08:07:21.091  5027  5257 W System.err: 	at com.tencent.smtt.sdk.e.g(Unknown Source)
12-23 08:07:21.091  5027  5257 W System.err: 	at com.tencent.smtt.sdk.e.h(Unknown Source)
12-23 08:07:21.091  5027  5257 W System.err: 	at com.tencent.smtt.sdk.e.d(Unknown Source)
12-23 08:07:21.091  5027  5257 W System.err: 	at com.tencent.smtt.sdk.bj.a(Unknown Source)
12-23 08:07:21.091  5027  5257 W System.err: 	at com.tencent.smtt.sdk.bg.handleMessage(Unknown Source)
12-23 08:07:21.091  5027  5257 W System.err: 	at android.os.Handler.dispatchMessage(Handler.java:102)
12-23 08:07:21.091  5027  5257 W System.err: 	at android.os.Looper.loop(Looper.java:135)
12-23 08:07:21.091  5027  5257 W System.err: 	at android.os.HandlerThread.run(HandlerThread.java:61)
12-23 08:07:21.091  5027  5257 E TbsShareManager: TBS:isShareTbsCoreAvailable forceSysWebViewInner!
12-23 08:07:21.091  5027  5257 E QbSdk   : TBS:sys WebView: SysWebViewForcedInner
12-23 08:07:21.091  5027  5027 I WebViewFactory: Loading com.android.webview version 39 (eng.-x86_64) (code 399998)
12-23 08:07:21.155  2208  2228 W ActivityManager: getRunningAppProcesses: caller 10062 does not hold REAL_GET_TASKS; limiting output
12-23 08:07:21.156  5078  5116 D eup     : rqdp{  in AnalyticsDAO.query() start}
12-23 08:07:21.156  5078  5116 D eup     : rqdp{  query}  ( _type = 9 )  and _key = 'com.tencent.qqmusic:QQPlayerService'  and _time <= 9223372036854775807 
12-23 08:07:21.158  5078  5116 D eup     : rqdp{  in AnalyticsDAO.query() end}
12-23 08:07:21.159  5078  5116 D eup     : rqdp{  in AnalyticsDAO.query() start}
12-23 08:07:21.159  5078  5116 D eup     : rqdp{  query}  ( _type = 7 )  and _time <= 9223372036854775807 
12-23 08:07:21.161  5078  5116 D eup     : rqdp{  in AnalyticsDAO.query() end}
12-23 08:07:21.161  5078  5116 D eup     : rqdp{  en obj 2 bytes}
12-23 08:07:21.162  5078  5116 D eup     : rqdp{  en obj 2 bytes}
12-23 08:07:21.163  5078  5116 D eup     : rqdp{  insertOrUpdate alyticsBeans start!}
12-23 08:07:21.294  5229  5229 I dex2oat : dex2oat took 330.374ms (threads: 8) arena alloc=0B java alloc=2MB native alloc=479KB free=7MB
12-23 08:07:21.300  2208  2649 W ActivityManager: getRunningAppProcesses: caller 10062 does not hold REAL_GET_TASKS; limiting output
12-23 08:07:21.301  2208  4566 W ActivityManager: getRunningAppProcesses: caller 10062 does not hold REAL_GET_TASKS; limiting output
12-23 08:07:21.301  2208  3464 W ActivityManager: getRunningAppProcesses: caller 10062 does not hold REAL_GET_TASKS; limiting output
12-23 08:07:21.314  5027  5218 D TencentPay: APPluginStatic | getOrCreateClassLoader new DexClassLoader cache: /data/data/com.tencent.qqmusic/app_midasodex libDir: /data/data/com.tencent.qqmusic/app_midaslib_2
12-23 08:07:21.315  5027  5214 D Profiler: perf.scanner_speed_test.Insert Directories Into DB Finish. duration: 577.0
12-23 08:07:21.315  5027  5218 D TencentPay: APPluginStatic | getOrCreateClassLoader midasClassLoader: 173718973
12-23 08:07:21.315  5027  5214 E LocalFileCacheManager: finishScan!!!!!!!!!!!!!!!!!!!!!!!!!!!!!!!!
12-23 08:07:21.315  5027  5218 I TencentPay: 时耗 | timeName:sdk.plugin.init.loadDex.time,time359
12-23 08:07:21.315  5027  5218 I TencentPay: insertTimeData interfaceName= | init
12-23 08:07:21.315  5027  5214 D Profiler: perf.performance_test.end duration: 574.0
12-23 08:07:21.315  5027  5218 I TencentPay: insertTimeData timeName= | sdk.plugin.init.loadDex.time
12-23 08:07:21.315  5027  5218 I TencentPay: insertTimeData time= | 359
12-23 08:07:21.315  5027  5214 E FileScanner: scanListener is null!!!!!
12-23 08:07:21.315  5027  5214 D Profiler: perf.performance_test.all task finish refresh UI! duration: 574.0
12-23 08:07:21.315  5027  5214 D LogPoint: scansongs-1|scan songs end|<1698597978121>
12-23 08:07:21.315  5027  5214 W Profiler: perf.扫描性能测试.自动扫描完成 duration: 1162.0
12-23 08:07:21.315  5027  5214 D Profiler: perf.scanner_speed_test.Auto scan Songs Finish. duration: 578.0
12-23 08:07:21.317  5027  5214 W Profiler: perf.扫描性能测试.getExistsPaths完成 duration: 1164.0
12-23 08:07:21.317  5027  5214 D ScannerUtils: queryAllFiles
12-23 08:07:21.317  5027  5214 W Profiler: perf.扫描性能测试.queryAllFiles完成 duration: 1164.0
12-23 08:07:21.317  5027  5214 W Profiler: perf.扫描性能测试.getNewEntities完成 duration: 1164.0
12-23 08:07:21.318  5027  5214 D Profiler: perf.过滤时长.begin 1450858041318
12-23 08:07:21.318  5027  5214 W Profiler: perf.扫描性能测试.getSongIds完成 duration: 1165.0
12-23 08:07:21.318  5027  5214 W Profiler: perf.扫描性能测试.getID3完成 duration: 1165.0
12-23 08:07:21.318  5027  5214 D Profiler: perf.过滤时长.end duration: 0.0
12-23 08:07:21.318  5027  5214 W Profiler: perf.扫描性能测试.自动后过滤分类完成 duration: 1165.0
12-23 08:07:21.318  5027  5214 D Profiler: perf.scanner_speed_test.process auto scan result Finish. duration: 581.0
12-23 08:07:21.318  5027  5214 W Profiler: perf.扫描性能测试.入库开始 duration: 1165.0
12-23 08:07:21.318  5027  5214 D Profiler: perf.scanner_speed_test.save to repository result start. duration: 581.0
12-23 08:07:21.323  5027  5214 D Profiler: perf.scanner_speed_test.save to repository result finish. duration: 586.0
12-23 08:07:21.323  5027  5214 W Profiler: perf.扫描性能测试.入库完成 duration: 1170.0
12-23 08:07:21.323  5027  5214 D LogPoint: scansongs-2|scan songs in table|<1698605968586>
12-23 08:07:21.323  5027  5214 D Profiler: perf.scanner_speed_test.update UI. duration: 586.0
12-23 08:07:21.323  5027  5214 W Profiler: perf.扫描性能测试.更新界面 duration: 1170.0
12-23 08:07:21.323  5027  5214 W Profiler: perf.扫描性能测试.end duration: 1170.0
12-23 08:07:21.324  5027  5214 W Profiler: perf.1_APP_FULL_SCAN_LOCAL_FINISH.end duration: 1171.0
12-23 08:07:21.324  5027  5214 D Profiler: perf.scanner_speed_test.Scan Songs From Disk Finish. duration: 587.0
12-23 08:07:21.324  5027  5214 I FILE_SCANER: reset
12-23 08:07:21.380  5078  5116 D eup     : rqdp{  result id:}1
12-23 08:07:21.497  5078  5078 E LibUpnp : Try to load LibUpnp so!
12-23 08:07:21.497  5078  5078 E LibUpnp : dalvik.system.VMStack.getThreadStackTrace(Native Method)
12-23 08:07:21.497  5078  5078 E LibUpnp : java.lang.Thread.getStackTrace(Thread.java:580)
12-23 08:07:21.497  5078  5078 E LibUpnp : com.tencent.qqmusiccommon.a.k.e(SourceFile:251)
12-23 08:07:21.497  5078  5078 E LibUpnp : com.tencent.qqmusicplayerprocess.qqmusicdlna.LibUpnp.<clinit>(SourceFile:29)
12-23 08:07:21.497  5078  5078 E LibUpnp : com.tencent.qqmusicplayerprocess.qqmusicdlna.DLNAManager.isDLNARuning(SourceFile:1296)
12-23 08:07:21.497  5078  5078 E LibUpnp : com.tencent.qqmusicplayerprocess.qqmusicdlna.DLNAManager.hasCurrentRenderer(SourceFile:1310)
12-23 08:07:21.497  5078  5078 E LibUpnp : com.tencent.qqmusicplayerprocess.qqmusicdlna.QPlayService$1.hasCurrentRenderer(SourceFile:139)
12-23 08:07:21.497  5078  5078 E LibUpnp : com.tencent.qqmusicplayerprocess.audio.playlist.MusicListManager.u(SourceFile:2595)
12-23 08:07:21.497  5078  5078 E LibUpnp : com.tencent.qqmusicplayerprocess.servicenew.p.f(SourceFile:574)
12-23 08:07:21.497  5078  5078 E LibUpnp : com.tencent.qqmusiccommon.util.e.e.h(SourceFile:151)
12-23 08:07:21.497  5078  5078 E LibUpnp : com.tencent.qqmusicplayerprocess.audio.b.c.handleMessage(SourceFile:76)
12-23 08:07:21.497  5078  5078 E LibUpnp : android.os.Handler.dispatchMessage(Handler.java:102)
12-23 08:07:21.497  5078  5078 E LibUpnp : android.os.Looper.loop(Looper.java:135)
12-23 08:07:21.497  5078  5078 E LibUpnp : android.app.ActivityThread.main(ActivityThread.java:5254)
12-23 08:07:21.497  5078  5078 E LibUpnp : java.lang.reflect.Method.invoke(Native Method)
12-23 08:07:21.497  5078  5078 E LibUpnp : java.lang.reflect.Method.invoke(Method.java:372)
12-23 08:07:21.497  5078  5078 E LibUpnp : com.android.internal.os.ZygoteInit$MethodAndArgsCaller.run(ZygoteInit.java:903)
12-23 08:07:21.497  5078  5078 E LibUpnp : com.android.internal.os.ZygoteInit.main(ZygoteInit.java:698)
12-23 08:07:21.505  5078  5078 D houdini : [5078] Added shared library /data/app/com.tencent.qqmusic-1/lib/arm/libupnp-jni.so for ClassLoader by Native Bridge.
12-23 08:07:21.505  5078  5078 I LibUpnp_Jni: JNI_OnLoad
12-23 08:07:21.565  5078  5116 D eup     : rqdp{  result id:}2
12-23 08:07:21.565  5078  5116 D eup     : rqdp{  insertOrUpdate alyticsBeans end}
12-23 08:07:21.565  5078  5116 D eup     : rqdp{  start upload cmd:}200 rqdp{  url:}http://monitor.uu.qq.com/analytics/upload rqdp{  datas:}class com.tencent.feedback.proguard.as
12-23 08:07:21.565  5078  5116 D eup     : rqdp{  en2Req }
12-23 08:07:21.566  5078  5116 D eup     : rqdp{  [pid:}0S200D3PKF1UFLJI rqdp{  
12-23 08:07:21.566  5078  5116 D eup     : bid:}com.tencent.qqmusic_5.8.0.18 rqdp{  
12-23 08:07:21.566  5078  5116 D eup     : sid:}com.tencent.feedback_1.9.6 
12-23 08:07:21.566  5078  5116 D eup     : ]
12-23 08:07:21.567  5078  5116 D eup     : rqdp{  start req} http://monitor.uu.qq.com/analytics/upload rqdp{  sz:}227
