12-23 08:07:17.246  4988  5013 W System.err: 	at java.lang.Thread.run(Thread.java:818)
12-23 08:07:17.246  4988  5013 W System.err: Caused by: android.system.ErrnoException: open failed: ENOENT (No such file or directory)
12-23 08:07:17.246  4988  5013 W System.err: 	at libcore.io.Posix.open(Native Method)
12-23 08:07:17.246  4988  5013 W System.err: 	at libcore.io.BlockGuardOs.open(BlockGuardOs.java:186)
12-23 08:07:17.246  4988  5013 W System.err: 	at libcore.io.IoBridge.open(IoBridge.java:442)
12-23 08:07:17.246  4988  5013 W System.err: 	... 12 more
12-23 08:07:17.254  4988  5013 D MSF.D.Proxy: [E]start service finish
12-23 08:07:17.254  3942  3942 D MSF.S.MsfService: [E]serivce onStart
12-23 08:07:17.255  4988  5013 D MSF.D.Proxy: [E]threadID:113, threadName: GlobalPool-L bind com.tencent.mobileqq.msf.service.MsfService service finished true
12-23 08:07:17.255  4988  5013 D mqq     : [E]doinit last == null goto to sharedPreferences....
12-23 08:07:17.256  4988  5013 D MobileQQ: [E]createNewRuntimefalsefalse5null
12-23 08:07:17.260  4988  5013 D MSF.D.Proxy: [E]start service finish
12-23 08:07:17.260  3942  3942 D MSF.S.MsfService: [E]serivce onStart
12-23 08:07:17.261  4988  5013 D MSF.D.Proxy: [E]threadID:113, threadName: GlobalPool-L bind com.tencent.mobileqq.msf.service.MsfService service finished true
12-23 08:07:17.261  4988  5013 D MobileQQ: [E]CNR account == null
12-23 08:07:17.266  4988  4988 W ResourceType: For resource 0x7f0b0330, entry index(816) is beyond type entryCount(816)
12-23 08:07:17.266  4988  4988 W ResourceType: Failure getting entry for 0x7f0b0330 (t=10 e=816) (error -75)
12-23 08:07:17.271  2208  4566 I ActivityManager: Killing 3376:com.android.onetimeinitializer/u0a14 (adj 15): empty #17
12-23 08:07:17.277  3988  4017 D MSF.D.QLogImpl: [E]set UIN_REPORTLOG_LEVEL 1
12-23 08:07:17.278  4988  5008 D MSF.D.QLogImpl: [E]set UIN_REPORTLOG_LEVEL 1
12-23 08:07:17.298  4988  5013 D mqq     : [E]doInit finished
12-23 08:07:17.307  3988  4009 D MSF.D.QLogImpl: [E]set UIN_REPORTLOG_LEVEL 1
12-23 08:07:17.307  4988  5009 D MSF.D.QLogImpl: [E]set UIN_REPORTLOG_LEVEL 1
12-23 08:07:17.399  3988  4008 I art     : Explicit concurrent mark sweep GC freed 21200(919KB) AllocSpace objects, 2(32KB) LOS objects, 25% free, 11MB/15MB, paused 205us total 25.725ms
12-23 08:07:19.273  5025  5025 W linker  : [vdso]: unused DT entry: type 0x6ffffef5 arg 0x160
12-23 08:07:19.685  2208  2533 I ActivityManager: START u0 {act=android.intent.action.MAIN cat=[android.intent.category.LAUNCHER] flg=0x10000000 pkg=com.tencent.qqmusic cmp=com.tencent.qqmusic/.activity.AppStarterActivity} from uid 10016 on display 0
12-23 08:07:19.686  2208  2269 W AudioTrack: AUDIO_OUTPUT_FLAG_FAST denied by client
12-23 08:07:19.691  2208  2533 V WindowManager: addAppToken: AppWindowToken{363a637b token=Token{38b5cf0a ActivityRecord{2b7a8375 u0 com.tencent.qqmusic/.activity.AppStarterActivity t65}}} to stack=1 task=65 at 0
12-23 08:07:19.698  1935  2205 D audio_hw_primary: found out /dev/snd/pcmC0D0p
12-23 08:07:19.730  5027  5027 D houdini : [5027] Initialize library(version: 5.2.2_y.47738 RELEASE)... successfully.
12-23 08:07:19.732  2208  3464 I ActivityManager: Start proc 5027:com.tencent.qqmusic/u0a62 for activity com.tencent.qqmusic/.activity.AppStarterActivity
12-23 08:07:19.763  2208  2208 V ActivityManager: Display changed displayId=0
12-23 08:07:19.777  2208  2649 I ActivityManager: Config changes=480 {1.0 ?mcc?mnc en_US ?layoutDir sw720dp w720dp h1206dp 240dpi lrg long port -touch qwerty/v/v dpad/v s.16}
12-23 08:07:19.778  2208  2251 I InputReader: Reconfiguring input devices.  changes=0x00000004
12-23 08:07:19.782  3508  3508 D GeckoApplication: onConfigurationChanged: en_US, background: false
12-23 08:07:19.782  3508  3508 D GeckoLocales: No selected locale. No correction needed.
12-23 08:07:19.803  5027  5027 I ActivityThread: Switching default density from 160 to 240
12-23 08:07:19.811  4867  4889 D OpenGLRenderer: endAllStagingAnimators on 0x7f22c6f39800 (RippleDrawable) with handle 0x7f22c6c6d7e0
12-23 08:07:19.817  5027  5049 D QQMusicPatchManager: patch_check_update_thread is running
12-23 08:07:19.817  5027  5027 D HotfixManager: installVerifyDex start
12-23 08:07:19.819  5027  5027 D HotfixManager: installVerifyDex copyAssetsFile result = true
12-23 08:07:19.819  5027  5027 D HotfixManager: dexPath = /data/data/com.tencent.qqmusic/files/hotfix/verify.jar,odexPath = /data/data/com.tencent.qqmusic/files/odex_hotfix/
12-23 08:07:19.826  4773  4830 D         : Zip: EOCD not found, /storage/usb0/Android-APK/开心消消乐.apk is not zip
12-23 08:07:19.827  4773  4830 W zipro   : Error opening archive /storage/usb0/Android-APK/开心消消乐.apk: Invalid file
12-23 08:07:19.827  4773  4830 D asset   : failed to open Zip archive '/storage/usb0/Android-APK/开心消消乐.apk'
12-23 08:07:19.830  5050  5050 W linker  : [vdso]: unused DT entry: type 0x6ffffef5 arg 0xec
12-23 08:07:19.831  5050  5050 E cutils-trace: Error opening trace file: Permission denied (13)
12-23 08:07:19.831  5050  5050 I dex2oat : /system/bin/dex2oat --runtime-arg -classpath --runtime-arg  --instruction-set=x86 --instruction-set-features=default --runtime-arg -Xrelocate --boot-image=/system/framework/boot.art --dex-file=/data/data/com.tencent.qqmusic/files/hotfix/verify.jar --oat-fd=20 --oat-location=/data/data/com.tencent.qqmusic/files/odex_hotfix/verify.dex --runtime-arg -Xms64m --runtime-arg -Xmx512m --compiler-filter=interpret-only
12-23 08:07:19.837  4773  4830 D         : Zip: EOCD not found, /storage/usb0/Android-APK/开心消消乐.apk is not zip
12-23 08:07:19.837  4773  4830 W zipro   : Error opening archive /storage/usb0/Android-APK/开心消消乐.apk: Invalid file
12-23 08:07:19.837  4773  4830 D asset   : failed to open Zip archive '/storage/usb0/Android-APK/开心消消乐.apk'
12-23 08:07:19.841  4773  4830 D         : Zip: EOCD not found, /storage/usb0/Android-APK/开心消消乐.apk is not zip
12-23 08:07:19.841  4773  4830 W zipro   : Error opening archive /storage/usb0/Android-APK/开心消消乐.apk: Invalid file
12-23 08:07:19.841  4773  4830 D asset   : failed to open Zip archive '/storage/usb0/Android-APK/开心消消乐.apk'
12-23 08:07:19.861  5050  5050 I dex2oat : dex2oat took 29.059ms (threads: 8) arena alloc=0B java alloc=2376B native alloc=238KB free=7MB
12-23 08:07:19.862  5027  5027 D DexUtil : load clas com.tencent.NotDoVerifyClasses success 
12-23 08:07:19.862  5027  5027 D HotfixManager: installHotfixDexImpl result = true,dexPath = /data/data/com.tencent.qqmusic/files/hotfix/verify.jar
12-23 08:07:19.862  5027  5027 D HotfixManager: installVerifyDex result = true
12-23 08:07:19.862  5027  5027 D QQMusicPatchManager: initAndInstallPatch 
12-23 08:07:19.862  5027  5027 D HotfixManager: initAndInstallPatch start
12-23 08:07:19.862  5027  5027 D PatchPreferences: getPatch success PatchConfig:,version:null,describe:null,length:0,md5:null,url:null,downloadFilePath:null,downloadDirPath:null,score:0,isClose:false,versionCode:0
12-23 08:07:19.863  5027  5027 D Patch   : verify simpleCheck = false
12-23 08:07:19.863  5027  5027 D HotfixManager: initAndInstallPatch verify = false,patch = PatchConfig:,version:null,describe:null,length:0,md5:null,url:null,downloadFilePath:null,downloadDirPath:null,score:0,isClose:false,versionCode:0
12-23 08:07:19.863  5027  5027 D QQMusicPatchManager: initAndInstallPatch result = false
12-23 08:07:19.863  5027  5027 D PatchPreferences: getPatch success PatchConfig:,version:null,describe:null,length:0,md5:null,url:null,downloadFilePath:null,downloadDirPath:null,score:0,isClose:false,versionCode:0
12-23 08:07:19.863  5027  5027 I MultiDex: VM with version 2.1.0 has multidex support
12-23 08:07:19.863  5027  5027 I MultiDex: install
12-23 08:07:19.863  5027  5027 I MultiDex: VM has multidex support, MultiDex support library is disabled.
12-23 08:07:19.863  2208  2533 W ActivityManager: getRunningAppProcesses: caller 10062 does not hold REAL_GET_TASKS; limiting output
12-23 08:07:19.864  5027  5027 I LogPoint4Test: 加载分dex耗时-->51
12-23 08:07:19.864  5027  5027 I Delta   : [+0] Start , total: 0
12-23 08:07:19.864  2208  2229 W ActivityManager: getRunningAppProcesses: caller 10062 does not hold REAL_GET_TASKS; limiting output
12-23 08:07:19.865  5027  5027 D LogPoint: app#start-0|app start|<1697147677991>
12-23 08:07:19.865  5027  5027 I Delta   : [+1] programInit 1  , total: 1
12-23 08:07:19.865  2208  4561 W ActivityManager: getRunningAppProcesses: caller 10062 does not hold REAL_GET_TASKS; limiting output
12-23 08:07:19.865  2208  3464 W ActivityManager: getRunningAppProcesses: caller 10062 does not hold REAL_GET_TASKS; limiting output
12-23 08:07:19.868  5027  5027 I Delta   : [+3] programInit 2  , total: 4
12-23 08:07:19.868  5027  5062 W NetworkObserver: LAST -> null
12-23 08:07:19.868  5027  5062 W NetworkObserver: CURR -> NetworkState [connected=true, apnName=f8:32:e4:a0:24:6d, type=ETHERNET, accessPoint=NEVER_HEARD]
12-23 08:07:19.868  5027  5062 V NetworkDash: isDeviceIdBySlot:0
12-23 08:07:19.869  5027  5062 V NetworkDash: isDeviceIdBySlot:1
12-23 08:07:19.869  5027  5062 I NetworkDash: imsi: null
12-23 08:07:19.869  5027  5062 W NetworkObserver: null => N/A
12-23 08:07:19.876  5027  5027 W ResourceType: For resource 0x7f0206c8, entry index(1736) is beyond type entryCount(1736)
12-23 08:07:19.876  5027  5027 W ResourceType: Failure getting entry for 0x7f0206c8 (t=1 e=1736) (error -75)
12-23 08:07:19.876  5027  5027 D SkinEngine: int DrawablePreloadIntercepter cost: 7
12-23 08:07:19.877  5027  5027 W ResourceType: For resource 0x7f0800ee, entry index(238) is beyond type entryCount(238)
12-23 08:07:19.877  5027  5027 W ResourceType: Failure getting entry for 0x7f0800ee (t=7 e=238) (error -75)
12-23 08:07:19.877  5027  5027 D SkinEngine: int ColorStateListPreloadIntercepter cost: 1
12-23 08:07:19.879  5027  5027 I Delta   : [+11] programInit 3  , total: 15
12-23 08:07:19.880  5027  5027 I Delta   : [+1] App create end , total: 16
12-23 08:07:19.881  5027  5027 I Delta   : [+1] activity oncreate , total: 17
12-23 08:07:20.096  5027  5027 I Delta   : [+215] activity oncreate end , total: 232
12-23 08:07:20.098  5027  5027 W beacon  : API Level: 22
12-23 08:07:20.102  5027  5027 I tyrael  : setWnsBackground
12-23 08:07:20.117  2208  4561 I ActivityManager: Start proc 5078:com.tencent.qqmusic:QQPlayerService/u0a62 for service com.tencent.qqmusic/com.tencent.qqmusicplayerprocess.network.NetworkService
12-23 08:07:20.121  5078  5078 D houdini : [5078] Initialize library(version: 5.2.2_y.47738 RELEASE)... successfully.
12-23 08:07:20.126  5078  5078 I ActivityThread: Switching default density from 160 to 240
12-23 08:07:20.130  5078  5078 D HotfixManager: installVerifyDex start
12-23 08:07:20.130  5078  5100 D QQMusicPatchManager: patch_check_update_thread is running
12-23 08:07:20.130  5078  5078 D HotfixManager: dexPath = /data/data/com.tencent.qqmusic/files/hotfix/verify.jar,odexPath = /data/data/com.tencent.qqmusic/files/odex_hotfix/
12-23 08:07:20.135  5078  5078 D DexUtil : load clas com.tencent.NotDoVerifyClasses success 
12-23 08:07:20.135  5078  5078 D HotfixManager: installHotfixDexImpl result = true,dexPath = /data/data/com.tencent.qqmusic/files/hotfix/verify.jar
12-23 08:07:20.135  5078  5078 D HotfixManager: installVerifyDex result = true
12-23 08:07:20.135  5078  5078 D QQMusicPatchManager: initAndInstallPatch 
12-23 08:07:20.135  5078  5078 D HotfixManager: initAndInstallPatch start
12-23 08:07:20.135  5078  5078 D PatchPreferences: getPatch success PatchConfig:,version:null,describe:null,length:0,md5:null,url:null,downloadFilePath:null,downloadDirPath:null,score:0,isClose:false,versionCode:0
12-23 08:07:20.135  5078  5078 D Patch   : verify simpleCheck = false
12-23 08:07:20.135  5078  5078 D HotfixManager: initAndInstallPatch verify = false,patch = PatchConfig:,version:null,describe:null,length:0,md5:null,url:null,downloadFilePath:null,downloadDirPath:null,score:0,isClose:false,versionCode:0
12-23 08:07:20.135  5078  5078 D QQMusicPatchManager: initAndInstallPatch result = false
12-23 08:07:20.135  5078  5078 D PatchPreferences: getPatch success PatchConfig:,version:null,describe:null,length:0,md5:null,url:null,downloadFilePath:null,downloadDirPath:null,score:0,isClose:false,versionCode:0
12-23 08:07:20.136  5078  5078 I MultiDex: VM with version 2.1.0 has multidex support
12-23 08:07:20.136  5078  5078 I MultiDex: install
12-23 08:07:20.136  5078  5078 I MultiDex: VM has multidex support, MultiDex support library is disabled.
12-23 08:07:20.136  2208  2533 W ActivityManager: getRunningAppProcesses: caller 10062 does not hold REAL_GET_TASKS; limiting output
12-23 08:07:20.136  5078  5078 I LogPoint4Test: 加载分dex耗时-->8
12-23 08:07:20.136  5078  5078 I Delta   : [+0] Start , total: 0
12-23 08:07:20.137  2208  2229 W ActivityManager: getRunningAppProcesses: caller 10062 does not hold REAL_GET_TASKS; limiting output
12-23 08:07:20.137  5078  5078 D LogPoint: app#start-0|app start|<1697420097487>
12-23 08:07:20.137  5078  5078 I Delta   : [+1] programInit 1  , total: 1
12-23 08:07:20.138  2208  4561 W ActivityManager: getRunningAppProcesses: caller 10062 does not hold REAL_GET_TASKS; limiting output
12-23 08:07:20.138  2208  3464 W ActivityManager: getRunningAppProcesses: caller 10062 does not hold REAL_GET_TASKS; limiting output
12-23 08:07:20.141  5078  5104 W NetworkObserver: LAST -> null
12-23 08:07:20.141  5078  5104 W NetworkObserver: CURR -> NetworkState [connected=true, apnName=f8:32:e4:a0:24:6d, type=ETHERNET, accessPoint=NEVER_HEARD]
12-23 08:07:20.141  2208  2649 W ActivityManager: getRunningAppProcesses: caller 10062 does not hold REAL_GET_TASKS; limiting output
12-23 08:07:20.141  5078  5104 V NetworkDash: isDeviceIdBySlot:0
12-23 08:07:20.142  5078  5104 V NetworkDash: isDeviceIdBySlot:1
12-23 08:07:20.142  5078  5104 I NetworkDash: imsi: null
12-23 08:07:20.142  5078  5104 W NetworkObserver: null => N/A
12-23 08:07:20.146  5078  5078 I WnsApiManager: wns inited:mAppBackground:true
12-23 08:07:20.146  5078  5078 W tyrael  : dispatchApplicationEnterBackground:com.tencent.wns.ipcclient.b@13f596b6
12-23 08:07:20.146  5078  5078 I WnsUidBindManager: sIsWnsReady:false
12-23 08:07:20.148  5078  5078 W eup     : 'setLogAble(boolean)' is true , so running in debug model , close it when you release!
12-23 08:07:20.148  5078  5078 D eup     : rqdp{  init cominfo}
12-23 08:07:20.148  5078  5078 I eup     : rqdp{  version:} 5.8.0.18
12-23 08:07:20.148  2208  2353 W ActivityManager: getRunningAppProcesses: caller 10062 does not hold REAL_GET_TASKS; limiting output
12-23 08:07:20.148  5078  5078 D eup     : set sha1 5.8.0.18294
12-23 08:07:20.148  5078  5078 D eup     : setsofile libvad.so armeabi ea891f09f33b0340fead5b0c7a87265804a3307c
12-23 08:07:20.148  5078  5078 D eup     : setsofile libwtecdh.so armeabi c7063df20f11590003ceac47581347dac3938ea6
12-23 08:07:20.148  5078  5078 D eup     : setsofile libfilescanner.so armeabi e0a424fddd78fb1ee51cfe7eb47f861e9566f651
12-23 08:07:20.148  5078  5078 D eup     : setsofile libfingerprintV2jni.so armeabi a565c837fc539e7e8de98eb9e9c31af7fa26aa44
12-23 08:07:20.148  5078  5078 D eup     : setsofile libdalvik_patch.so armeabi c00fedfc2d2791227579cf6c2ccf45abddf97e1a
12-23 08:07:20.148  5078  5078 D eup     : setsofile libsta_jni.so armeabi c481725f3c498bb59d2b1b5578775687777a7d2c
12-23 08:07:20.148  5078  5078 D eup     : setsofile libfingerprintjni.so armeabi 13c223e315a7edd34ff27a48dfd82da8a508a3bf
12-23 08:07:20.148  5078  5078 D eup     : setsofile libNativeRQD.so armeabi de7770d2256ec71a458afdd58344a85c9784e518
12-23 08:07:20.148  5078  5078 D eup     : setsofile libimage_filter_common.so armeabi f9b5df2a273f934f299ee62f6865f3df11e8bd96
12-23 08:07:20.148  5078  5078 D eup     : setsofile libinh.so armeabi 4a0937f2e5c11003e6dd5447473c677f84cf139e
12-23 08:07:20.148  5078  5078 D eup     : setsofile libWXVoice.so armeabi 52dd89487aea3289b5c06837f9d32c8496a31660
12-23 08:07:20.148  5078  5078 D eup     : setsofile libQPlayAuto.so armeabi fdf2e6603ad9ade63d6a754ad2ea99e15d60a072
12-23 08:07:20.148  5078  5078 D eup     : setsofile libsearch.so armeabi 205ebffad915fe3fe809fa60a120d5e8bfa862f6
12-23 08:07:20.148  5078  5078 D eup     : setsofile libTUpdateService.so armeabi da8492ebfd84b7aaa5665cd3ab3a0c7255e2116d
12-23 08:07:20.148  5078  5078 D eup     : setsofile libmresearch.so armeabi 7399f79660db8aafd028113d65060480373813bd
12-23 08:07:20.148  5078  5078 D eup     : setsofile libQQMMANDKSignature.so armeabi b836a03cf5bec21e3e1d59c59090502603f1c280
12-23 08:07:20.148  5078  5078 D eup     : setsofile libwnsnetwork.so armeabi 9dc03eb11972e16db00f227d96338950086fcf6b
12-23 08:07:20.148  5078  5078 D eup     : setsofile libupnp-jni.so armeabi aa52904393f0970773505d6679f93518fceaa74f
12-23 08:07:20.148  5078  5078 D eup     : setsofile libnetworkbase.so armeabi a0e8db20a0c33ab4ec13a667431ff64ba5f4f52c
12-23 08:07:20.148  5078  5078 D eup     : setsofile libpbpinyin.so armeabi 8671c35252282defa7f80e555b636fe91dc7e5d8
12-23 08:07:20.148  5078  5078 D eup     : setsofile libtmfe30.so armeabi bdaf4a86046b9a43948106f013e931857c689cd3
12-23 08:07:20.148  5078  5078 D eup     : setsofile libPlayerCore_neon.so armeabi ca1dfffe4214c18df6f511c12b125e1345e16d31
12-23 08:07:20.148  5078  5078 D eup     : setsofile libdesdecrypt.so armeabi 945d63ce54c8fce706811314eedd1090db91656d
12-23 08:07:20.148  5078  5078 D eup     : setsofile libexpress_verify.so armeabi a51c6f53042524b6b39105ba8501caa99f2eb828
12-23 08:07:20.148  5078  5078 D eup     : setsofile libimage_filter_gpu.so armeabi f4ab2a1bfc308442d5350e9390b85720e6f4625a
12-23 08:07:20.148  5078  5078 D eup     : setsofile libckey.so armeabi d800c5f033823b739b41a67cca48824c6822d7a1
12-23 08:07:20.148  5078  5078 D eup     : setsofile libckeygenerator.so armeabi 52795e793ff5d1ae9596263f9b990e493c3a3bf1
12-23 08:07:20.148  5078  5078 D eup     : setsofile libSongUrlFactory.so armeabi 372fe054c2427076f2970f8a446aaa8801846806
12-23 08:07:20.148  5078  5078 D eup     : setsofile libh.so armeabi ba2ff2c65d7aac33aa94abc40ea0af796b43ba05
12-23 08:07:20.148  5078  5078 D eup     : setsofile libTxCodec_neon.so armeabi c47ee08f2acb9afe9d6f386f3b923516b05468f8
12-23 08:07:20.148  5078  5078 D eup     : setsofile libFormatDetector.so armeabi ce98b51d1a1f882572e3acaa0039d4d1c1ddf143
12-23 08:07:20.148  5078  5078 D eup     : setted so count 31
12-23 08:07:20.149  5078  5115 D eup     : rqdp{  create uphandler up:}true
12-23 08:07:20.149  5078  5115 I eup     : rqdp{  eup create instance}
12-23 08:07:20.150  5078  5115 D eup     : rqdp{  cus eupstrategy} [MSNum:10 ,Wifi:10,GPRS:3,ODay:10,isMerged:true,AfQ:false,Silent:true,mLog:300,tag:null,assert:false, interval:50, limit:60]
12-23 08:07:20.150  5078  5115 I eup     : rqdp{  mid:}3 rqdp{  change user switch} true
12-23 08:07:20.150  5078  5115 I eup     : rqdp{ eup regist}
12-23 08:07:20.151  2208  2264 D WifiService: New client listening to asynchronous messages
12-23 08:07:20.152  5078  5115 D houdini : [5115] Added shared library /data/app/com.tencent.qqmusic-1/lib/arm/libNativeRQD.so for ClassLoader by Native Bridge.
12-23 08:07:20.152  5078  5115 I eup     : load lib sucess default!
12-23 08:07:20.153  5078  5115 I eup     : add clean task to query listener
12-23 08:07:20.153  5027  5027 D LogPoint: scansongs-0|scan songs start|<1697435763908>
12-23 08:07:20.153  5027  5027 D Profiler: perf.扫描性能测试.begin 1450858040153
12-23 08:07:20.153  5027  5027 D Profiler: perf.1_APP_FULL_SCAN_LOCAL_FINISH.begin 1450858040153
12-23 08:07:20.153  5027  5027 D Profiler: perf.1_APP_SCAN_LOCAL_FINISH.begin 1450858040153
12-23 08:07:20.153  5078  5115 E art     : No implementation found for java.lang.String com.tencent.feedback.eup.jni.NativeExceptionUpload.registNativeExceptionHandler2(java.lang.String, java.lang.String, int, int) (tried Java_com_tencent_feedback_eup_jni_NativeExceptionUpload_registNativeExceptionHandler2 and Java_com_tencent_feedback_eup_jni_NativeExceptionUpload_registNativeExceptionHandler2__Ljava_lang_String_2Ljava_lang_String_2II)
12-23 08:07:20.153  5078  5115 W eup     : regist fail:No implementation found for java.lang.String com.tencent.feedback.eup.jni.NativeExceptionUpload.registNativeExceptionHandler2(java.lang.String, java.lang.String, int, int) (tried Java_com_tencent_feedback_eup_jni_NativeExceptionUpload_registNativeExceptionHandler2 and Java_com_tencent_feedback_eup_jni_NativeExceptionUpload_registNativeExceptionHandler2__Ljava_lang_String_2Ljava_lang_String_2II) , try old regist
12-23 08:07:20.153  5078  5115 I native_eup: Java_com_tencent_feedback_eup_jni_NativeExceptionUpload_registNativeExceptionHandler start
12-23 08:07:20.153  5027  5027 I Delta   : [+57] activity onstart , total: 289
12-23 08:07:20.153  5078  5115 I native_eup: found native exception upload!
12-23 08:07:20.153  5078  5115 I native_eup: found native exception handler!
12-23 08:07:20.154  5078  5115 I native_eup: regist handler start procType 1 , level 22 , tombDir:/storage/emulated/0/qqmusic/eup/
12-23 08:07:20.154  5027  5027 I Delta   : [+1] activity onresume , total: 290
12-23 08:07:20.154  5078  5115 I native_eup: registSignal start
12-23 08:07:20.154  5078  5115 I native_eup: registSignal end
12-23 08:07:20.154  5078  5115 I native_eup: regist handler end
12-23 08:07:20.154  5078  5115 I native_eup: Java_com_tencent_feedback_eup_jni_NativeExceptionUpload_registNativeExceptionHandler end
12-23 08:07:20.154  5078  5115 I native_eup: NativeRQDVersion:NRQD_1.7
12-23 08:07:20.154  5078  5115 I native_eup: Java_com_tencent_feedback_eup_jni_NativeExceptionUpload_enableHandler start
12-23 08:07:20.154  5078  5115 I native_eup: Java_com_tencent_feedback_eup_jni_NativeExceptionUpload_enableHandler end
12-23 08:07:20.154  5078  5115 I native_eup: setLogMode 3 current 4
12-23 08:07:20.155  5027  5119 D FilterUtil: setFileFilter: com.tencent.qqmusic.business.local.a.v@37d9e74c
12-23 08:07:20.155  5027  5119 W DBHelper: initDirDatabase
12-23 08:07:20.155  5027  5119 W DBHelper: initializeDB
12-23 08:07:20.157  5027  5123 D OpenGLRenderer: Use EGL_SWAP_BEHAVIOR_PRESERVED: true
12-23 08:07:20.157  5078  5078 I art     : Explicit concurrent mark sweep GC freed 2581(154KB) AllocSpace objects, 0(0B) LOS objects, 39% free, 3MB/5MB, paused 225us total 5.381ms
12-23 08:07:20.157  2208  2353 V WindowManager: Adding window Window{3c170cc2 u0 com.tencent.qqmusic/com.tencent.qqmusic.activity.AppStarterActivity} at 7 of 12 (after Window{173663f4 u0 com.android.packageinstaller/com.android.packageinstaller.InstallAppProgress})
12-23 08:07:20.157  5078  5078 W beacon  : API Level: 22
12-23 08:07:20.158  2208  2264 D WifiService: New client listening to asynchronous messages
12-23 08:07:20.159  5078  5078 I Delta   : [+22] App create end , total: 23
12-23 08:07:20.161  5133  5133 W linker  : [vdso]: unused DT entry: type 0x6ffffef5 arg 0x160
12-23 08:07:20.164  5139  5139 W linker  : [vdso]: unused DT entry: type 0x6ffffef5 arg 0x160
12-23 08:07:20.165  5141  5141 W linker  : [vdso]: unused DT entry: type 0x6ffffef5 arg 0x160
12-23 08:07:20.168  5145  5145 W linker  : [vdso]: unused DT entry: type 0x6ffffef5 arg 0x160
12-23 08:07:20.183  5078  5148 D LibraryLoader: try to load library: networkbase from system lib
12-23 08:07:20.183  5078  5148 D houdini : [5148] Added shared library /data/app/com.tencent.qqmusic-1/lib/arm/libnetworkbase.so for ClassLoader by Native Bridge.
12-23 08:07:20.183  5078  5148 D LibraryLoader: try to load library: wnsnetwork from system lib
12-23 08:07:20.184  5078  5148 D houdini : [5148] Added shared library /data/app/com.tencent.qqmusic-1/lib/arm/libwnsnetwork.so for ClassLoader by Native Bridge.
12-23 08:07:20.184  5078  5148 W art     : Attempt to remove local handle scope entry from IRT, ignoring
12-23 08:07:20.189  5027  5123 I GRALLOC-DRM: create intel for driver i915
12-23 08:07:20.189  5027  5123 I EGL-DRI2: DRI2: found extension DRI_Core version 1
12-23 08:07:20.189  5027  5123 I EGL-DRI2: DRI2: found extension DRI_DRI2 version 4
12-23 08:07:20.192  5027  5123 I EGL-DRI2: DRI2: found extension DRI_TexBuffer version 3
12-23 08:07:20.192  5027  5123 I EGL-DRI2: DRI2: found extension DRI2_Flush version 4
12-23 08:07:20.192  5027  5123 I EGL-DRI2: DRI2: found extension DRI_IMAGE version 11
12-23 08:07:20.193  5027  5123 I OpenGLRenderer: Initialized EGL, version 1.4
12-23 08:07:20.193  5027  5123 W OpenGLRenderer: Failed to choose config with EGL_SWAP_BEHAVIOR_PRESERVED, retrying without...
12-23 08:07:20.194  5027  5123 D OpenGLRenderer: Enabling debug mode 0
12-23 08:07:20.195  5027  5027 I Delta   : [+41] activity focus , total: 331
12-23 08:07:20.195  4867  4867 W IInputConnectionWrapper: showStatusIcon on inactive InputConnection
12-23 08:07:20.215  5027  5027 I Delta   : [+20] init base , total: 351
12-23 08:07:20.215  2208  2238 I ActivityManager: Displayed com.tencent.qqmusic/.activity.AppStarterActivity: +511ms
12-23 08:07:20.217  2208  2238 I WindowManager: Screen frozen for +474ms due to Window{3c170cc2 u0 com.tencent.qqmusic/com.tencent.qqmusic.activity.AppStarterActivity}
12-23 08:07:20.221  4267  4267 I ntfs-3g : ntfs_mst_post_read_fixup_warn: magic: 0x00000000  size: 1024   usa_ofs: 0  usa_count: 65535: Invalid argument
12-23 08:07:20.221  4267  4267 I ntfs-3g : ntfs_mst_post_read_fixup_warn: magic: 0x00000000  size: 1024   usa_ofs: 0  usa_count: 65535: Invalid argument
12-23 08:07:20.222  1926  2166 E Vold    : Failed to find mounted volume for /storage/usb1/Android/data/com.tencent.qqmusic/files/
12-23 08:07:20.222  5027  5027 W ContextImpl: Failed to ensure directory: /storage/usb1/Android/data/com.tencent.qqmusic/files
12-23 08:07:20.222  1926  2166 E Vold    : Failed to find mounted volume for /storage/usb2/Android/data/com.tencent.qqmusic/files/
12-23 08:07:20.222  5027  5027 W ContextImpl: Failed to ensure directory: /storage/usb2/Android/data/com.tencent.qqmusic/files
12-23 08:07:20.222  1926  2166 E Vold    : Failed to find mounted volume for /storage/usb3/Android/data/com.tencent.qqmusic/files/
12-23 08:07:20.222  5027  5027 W ContextImpl: Failed to ensure directory: /storage/usb3/Android/data/com.tencent.qqmusic/files
12-23 08:07:20.222  1926  2166 E Vold    : Failed to find mounted volume for /storage/sdcard1/Android/data/com.tencent.qqmusic/files/
12-23 08:07:20.222  5027  5027 W ContextImpl: Failed to ensure directory: /storage/sdcard1/Android/data/com.tencent.qqmusic/files
12-23 08:07:20.223  4267  4267 I ntfs-3g : ntfs_mst_post_read_fixup_warn: magic: 0x00000000  size: 1024   usa_ofs: 0  usa_count: 65535: Invalid argument
12-23 08:07:20.225  5027  5173 D FileOutput: threadStart
12-23 08:07:20.226  5027  5172 D FileOutput: threadStart
12-23 08:07:20.248  5027  5027 I Delta   : [+32] programStart1 1  , total: 383
12-23 08:07:20.304  5078  5146 W System.err: java.lang.NumberFormatException: Invalid long: "00000000113bd6d10033c5870033c587"
12-23 08:07:20.304  5078  5146 W System.err: 	at java.lang.Long.invalidLong(Long.java:124)
12-23 08:07:20.304  5078  5146 W System.err: 	at java.lang.Long.parse(Long.java:363)
12-23 08:07:20.304  5078  5146 W System.err: 	at java.lang.Long.parseLong(Long.java:353)
12-23 08:07:20.304  5078  5146 W System.err: 	at java.lang.Long.parseLong(Long.java:321)
12-23 08:07:20.304  5078  5146 W System.err: 	at com.tencent.qqmusicplayerprocess.session.Session.l(SourceFile:595)
12-23 08:07:20.304  5078  5146 W System.err: 	at com.tencent.qqmusic.common.b.a.b.a(SourceFile:127)
12-23 08:07:20.304  5078  5146 W System.err: 	at com.tencent.qqmusic.common.b.a.a.d(SourceFile:101)
12-23 08:07:20.304  5078  5146 W System.err: 	at com.tencent.qqmusicplayerprocess.session.c.h(SourceFile:647)
12-23 08:07:20.304  5078  5146 W System.err: 	at com.tencent.qqmusicplayerprocess.session.Session.i(SourceFile:616)
12-23 08:07:20.304  5078  5146 W System.err: 	at com.tencent.qqmusicplayerprocess.session.c.a(SourceFile:566)
12-23 08:07:20.304  5078  5146 W System.err: 	at com.tencent.qqmusicplayerprocess.wns.n.a(SourceFile:182)
12-23 08:07:20.304  5078  5146 W System.err: 	at com.tencent.qqmusicplayerprocess.network.t.<init>(SourceFile:28)
12-23 08:07:20.304  5078  5146 W System.err: 	at com.tencent.qqmusicplayerprocess.network.t.<init>(SourceFile:20)
12-23 08:07:20.304  5078  5146 W System.err: 	at com.tencent.qqmusicplayerprocess.wns.j.a(SourceFile:113)
12-23 08:07:20.304  5078  5146 W System.err: 	at com.tencent.qqmusicplayerprocess.wns.m.a(SourceFile:90)
12-23 08:07:20.304  5078  5146 W System.err: 	at com.tencent.qqmusicplayerprocess.network.i.a(SourceFile:226)
12-23 08:07:20.304  5078  5146 W System.err: 	at com.tencent.qqmusicplayerprocess.session.c.c(SourceFile:127)
12-23 08:07:20.304  5078  5146 W System.err: 	at com.tencent.qqmusicplayerprocess.session.c.a(SourceFile:530)
12-23 08:07:20.304  5078  5146 W System.err: 	at com.tencent.qqmusicplayerprocess.session.c.d(SourceFile:513)
12-23 08:07:20.304  5078  5146 W System.err: 	at com.tencent.qqmusicplayerprocess.wns.c.b.a(SourceFile:81)
12-23 08:07:20.304  5078  5146 W System.err: 	at com.tencent.qqmusicplayerprocess.wns.m.a(SourceFile:43)
12-23 08:07:20.304  5078  5146 W System.err: 	at com.tencent.qqmusicplayerprocess.network.o.a(SourceFile:57)
12-23 08:07:20.304  5078  5146 W System.err: 	at com.tencent.qqmusicplayerprocess.network.g$a.onTransact(SourceFile:61)
12-23 08:07:20.304  5078  5146 W System.err: 	at android.os.Binder.execTransact(Binder.java:446)
12-23 08:07:20.304  5078  5146 W System.err: java.lang.NumberFormatException: Invalid long: "UnknownUserId"
12-23 08:07:20.304  5078  5146 W System.err: 	at java.lang.Long.invalidLong(Long.java:124)
12-23 08:07:20.304  5078  5146 W System.err: 	at java.lang.Long.parse(Long.java:363)
12-23 08:07:20.304  5078  5146 W System.err: 	at java.lang.Long.parseLong(Long.java:353)
12-23 08:07:20.304  5078  5146 W System.err: 	at java.lang.Long.parseLong(Long.java:321)
12-23 08:07:20.304  5078  5146 W System.err: 	at com.tencent.qqmusicplayerprocess.session.Session.l(SourceFile:595)
12-23 08:07:20.304  5078  5146 W System.err: 	at com.tencent.qqmusicplayerprocess.session.c.a(SourceFile:667)
12-23 08:07:20.304  5078  5146 W System.err: 	at com.tencent.qqmusicplayerprocess.session.c.h(SourceFile:651)
12-23 08:07:20.304  5078  5146 W System.err: 	at com.tencent.qqmusicplayerprocess.session.Session.i(SourceFile:616)
12-23 08:07:20.304  5078  5146 W System.err: 	at com.tencent.qqmusicplayerprocess.session.c.a(SourceFile:566)
12-23 08:07:20.304  5078  5146 W System.err: 	at com.tencent.qqmusicplayerprocess.wns.n.a(SourceFile:182)
12-23 08:07:20.304  5078  5146 W System.err: 	at com.tencent.qqmusicplayerprocess.network.t.<init>(SourceFile:28)
12-23 08:07:20.304  5078  5146 W System.err: 	at com.tencent.qqmusicplayerprocess.network.t.<init>(SourceFile:20)
12-23 08:07:20.304  5078  5146 W System.err: 	at com.tencent.qqmusicplayerprocess.wns.j.a(SourceFile:113)
12-23 08:07:20.304  5078  5146 W System.err: 	at com.tencent.qqmusicplayerprocess.wns.m.a(SourceFile:90)
12-23 08:07:20.304  5078  5146 W System.err: 	at com.tencent.qqmusicplayerprocess.network.i.a(SourceFile:226)
12-23 08:07:20.304  5078  5146 W System.err: 	at com.tencent.qqmusicplayerprocess.session.c.c(SourceFile:127)
12-23 08:07:20.304  5078  5146 W System.err: 	at com.tencent.qqmusicplayerprocess.session.c.a(SourceFile:530)
12-23 08:07:20.304  5078  5146 W System.err: 	at com.tencent.qqmusicplayerprocess.session.c.d(SourceFile:513)
12-23 08:07:20.304  5078  5146 W System.err: 	at com.tencent.qqmusicplayerprocess.wns.c.b.a(SourceFile:81)
12-23 08:07:20.304  5078  5146 W System.err: 	at com.tencent.qqmusicplayerprocess.wns.m.a(SourceFile:43)
12-23 08:07:20.304  5078  5146 W System.err: 	at com.tencent.qqmusicplayerprocess.network.o.a(SourceFile:57)
12-23 08:07:20.305  5078  5146 W System.err: 	at com.tencent.qqmusicplayerprocess.network.g$a.onTransact(SourceFile:61)
12-23 08:07:20.305  5078  5146 W System.err: 	at android.os.Binder.execTransact(Binder.java:446)
12-23 08:07:20.368  5078  5116 D eup     : rqdp{  table:}ao CREATE TABLE ao ( _id INTEGER PRIMARY KEY , _time int , _type int , _prority int , _length int , _datas blob , _key text , _upCounts int ,_count int , _state int)
12-23 08:07:20.369  5078  5116 D eup     : rqdp{  table:}count CREATE TABLE count ( _id INTEGER PRIMARY KEY , _countid text unique  , _prority int , _local int , _stime int , _utime int , _ctime int , _cparams text)
12-23 08:07:20.370  5078  5116 D eup     : rqdp{  table:}gray CREATE TABLE gray ( _id INTEGER PRIMARY KEY , _time int , _uid text unique )
12-23 08:07:20.370  5078  5116 D eup     : rqdp{  table:}file CREATE TABLE file ( _id INTEGER PRIMARY KEY , _n text , _ut int , _sz int , _sa text , _t int , _ac text )
12-23 08:07:20.370  5078  5116 D eup     : rqdp{  table:}strategy CREATE TABLE strategy ( _id INTEGER PRIMARY KEY , _key int unique , _ut int , _datas blob)
12-23 08:07:20.475  5078  5116 I eup     : rqdp{  onlaunch}
12-23 08:07:20.475  5078  5116 D eup     : rqdp{  step }1
12-23 08:07:20.476  5078  5116 D eup     : rqdp{  FileDAO.query() start query name:}/data/app/com.tencent.qqmusic-1/base.apk rqdp{   , type}:0 rqdp{  , num:}10 
12-23 08:07:20.478  5078  5116 D eup     : rqdp{  FileDAO.query() end success} 0
12-23 08:07:20.478  5078  5116 D eup     : rqdp{  queryFile result num } 0
12-23 08:07:20.478  5078  5116 D eup     : rqdp{  FileDAO.insert() start num:}1
12-23 08:07:20.644  5078  5116 D eup     : rqdp{  insertFile name:}/data/app/com.tencent.qqmusic-1/base.apk rqdp{  result:}true
12-23 08:07:20.644  5078  5116 D eup     : rqdp{  FileDAO.insert() end success }1
12-23 08:07:20.644  5078  5116 I eup     : new app 5.8.0.18294 
12-23 08:07:20.644  5078  5116 D eup     : rqdp{AppInfo.getUUID() Start}
12-23 08:07:20.645  5078  5116 D rqdp{ RDMUUID }:%s: 4fbc81ec-aab9-4f24-a5e0-467d6163af17
12-23 08:07:20.645  5078  5116 I eup     : rqdp{  AppFirstRun } 4fbc81ec-aab9-4f24-a5e0-467d6163af17
12-23 08:07:20.645  5078  5116 D eup     : rqdp{  AnalyticsDAO.delete() start}
12-23 08:07:20.645  5078  5116 D eup     : rqdp{  delete where: }_time >= -1 and _time <= 9223372036854775807
12-23 08:07:20.647  5078  5116 D eup     : rqdp{  deleted num: }0
12-23 08:07:20.647  5078  5116 D eup     : rqdp{  AnalyticsDAO.delete() end}
12-23 08:07:20.647  5078  5116 I eup     : rqdp{  clear ao count} 0
12-23 08:07:20.647  5078  5116 D eup     : rqdp{  isFirst }true
12-23 08:07:20.647  5078  5116 I eup     : rqdp{  app first start} class com.tencent.feedback.eup.n
12-23 08:07:20.647  5078  5116 D eup     : rqdp{  EUPDAO.deleteEup() start}
12-23 08:07:20.647  5078  5116 D eup     : rqdp{  AnalyticsDAO.delete() start}
12-23 08:07:20.647  5078  5116 D eup     : rqdp{  delete where: }_time >= -1 and _time <= 9223372036854775807 and ( _type = 1 or _type = 2 )
12-23 08:07:20.649  5078  5116 D eup     : rqdp{  deleted num: }0
12-23 08:07:20.649  5078  5116 D eup     : rqdp{  AnalyticsDAO.delete() end}
12-23 08:07:20.649  5078  5116 D eup     : rqdp{  eup clear} 0 
12-23 08:07:20.650  5078  5116 D eup     : rqdp{  delete Strategy key} 302 rqdp{  , num} 0
12-23 08:07:20.651  5078  5116 D eup     : rqdp{  eup strategy clear} 0 
12-23 08:07:20.651  5078  5116 I eup     : on app first run delete record file
12-23 08:07:20.651  5078  5116 D eup     : rqdp{  on Query Start}
12-23 08:07:20.651  5078  5116 D eup     : rqdp{  step }2
12-23 08:07:20.651  5078  5116 D eup     : rqdp{  notify Query Start}
12-23 08:07:20.651  5078  5116 D eup     : rqdp{  com query start }class com.tencent.feedback.eup.n
12-23 08:07:20.651  2208  4566 W ActivityManager: getRunningAppProcesses: caller 10062 does not hold REAL_GET_TASKS; limiting output
12-23 08:07:20.652  5078  5116 D eup     : rqdp{ next day 57160000}
12-23 08:07:20.652  2208  4561 W ActivityManager: getRunningAppProcesses: caller 10062 does not hold REAL_GET_TASKS; limiting output
12-23 08:07:20.653  5078  5116 D eup     : rqdp{  AnalyticsDAO.querySum() start}
12-23 08:07:20.653  5078  5116 D eup     : rqdp{  query where: }_time >= -1 and _time <= 9223372036854775807 and ( _type = 9 ) and ( _key = 'com.tencent.qqmusic:QQPlayerService' )
12-23 08:07:20.655  5078  5116 D eup     : rqdp{  query sum: }0
12-23 08:07:20.655  5078  5116 D eup     : rqdp{  AnalyticsDAO.querySum() end}
12-23 08:07:20.655  5078  5116 D eup     : rqdp{  wait lanch record:} 500
12-23 08:07:20.690  5027  5027 I Delta   : [+443] programStart1 2  , total: 826
12-23 08:07:20.694  5027  5027 I Delta   : [+4] programStart1 3  , total: 830
12-23 08:07:20.694  2208  2649 W ActivityManager: getRunningAppProcesses: caller 10062 does not hold REAL_GET_TASKS; limiting output
12-23 08:07:20.695  5027  5027 I Delta   : [+1] programStart1 end  , total: 831
12-23 08:07:20.698  5027  5205 I TMSelfUpdateManager: enter
12-23 08:07:20.698  5027  5205 D TMLog   : addLogToCache failed!
12-23 08:07:20.699  5027  5205 I TMSelfUpdateManager: exit
12-23 08:07:20.699  5027  5205 D TMLog   : addLogToCache failed!
12-23 08:07:20.705  2208  2233 W BroadcastQueue: Permission Denial: broadcasting Intent { act=android.net.conn.CONNECTIVITY_CHANGE flg=0x4000010 (has extras) } from null (pid=-1, uid=-1) requires com.tencent.qqmusic.permission.SEND_BROADCAST_PERMISSION due to registered receiver BroadcastFilter{177d236c u0 ReceiverList{2166c41f 5027 com.tencent.qqmusic/10062/u0 remote:c727bbe}}
12-23 08:07:20.706  2208  2228 W ActivityManager: getRunningAppProcesses: caller 10062 does not hold REAL_GET_TASKS; limiting output
12-23 08:07:20.706  2208  4566 W ActivityManager: getRunningAppProcesses: caller 10062 does not hold REAL_GET_TASKS; limiting output
12-23 08:07:20.707  2208  2533 W ActivityManager: getRunningAppProcesses: caller 10062 does not hold REAL_GET_TASKS; limiting output
12-23 08:07:20.710  5027  5027 I Delta   : [+15] init view , total: 846
12-23 08:07:20.712  5027  5027 D Profiler: perf.MainDesktopFragment_ON_ATTACH_TO_ON_RESUME.begin 1450858040712
12-23 08:07:20.714  5027  5027 I Delta   : [+4] create main desktop , total: 850
12-23 08:07:20.733  5027  5119 D houdini : [5119] Added shared library /data/app/com.tencent.qqmusic-1/lib/arm/libfilescanner.so for ClassLoader by Native Bridge.
12-23 08:07:20.734  5027  5119 I FILE_SCANER: ---------execute init----------
12-23 08:07:20.734  5027  5119 I FILE_SCANER:  getSupportedFileTypes 
12-23 08:07:20.734  5027  5119 I FILE_SCANER: count : 24 
12-23 08:07:20.734  5027  5119 I FILE_SCANER:  getBlackList 
12-23 08:07:20.734  2327  2327 W ResourceType: No package identifier when getting value for resource number 0x00000000
12-23 08:07:20.734  5027  5119 I FILE_SCANER: count : 22 
12-23 08:07:20.734  2327  2327 W PackageManager: Failure retrieving resources for com.cyanogenmod.filemanager: Resource ID #0x0
12-23 08:07:20.735  5027  5119 I FILE_SCANER:  getWhiteList 
12-23 08:07:20.735  5027  5119 I FILE_SCANER: count : 9 
12-23 08:07:20.735  5027  5119 I FILE_SCANER: DIR_DEPTH_LIMIT: 10, is_debug 0,filter_nomedia_dir 1,filter_hidden_dir 1
12-23 08:07:20.736  5027  5119 I FILE_SCANER: filescanner JNI_OnLoad 65540
12-23 08:07:20.737  5027  5119 D Profiler: perf.scanner_speed_test.begin 1450858040737
12-23 08:07:20.737  5027  5119 D Profiler: perf.2_SCAN_MEDIA_STORE.begin 1450858040737
12-23 08:07:20.737  5027  5027 I Delta   : [+23] create main desktop end , total: 873
12-23 08:07:20.737  5027  5027 D Profiler: perf.MainDesktopFragment_ON_ATTACH_TO_ON_RESUME.end duration: 25.0
12-23 08:07:20.738  5027  5119 D Profiler: perf.扫描性能测试.媒体数据库查询完成 duration: 585.0
12-23 08:07:20.738  5027  5119 D Profiler: perf.扫描性能测试.媒体完成 duration: 585.0
12-23 08:07:20.738  5027  5119 D Profiler: perf.2_SCAN_MEDIA_STORE.end duration: 1.0
12-23 08:07:20.739  5027  5119 D Profiler: perf.scanner_speed_test.Scan Songs From MediaStore Finish. duration: 2.0
12-23 08:07:20.739  5027  5119 D Profiler: perf.扫描性能测试.媒体库扫描完成 duration: 586.0
12-23 08:07:20.739  5027  5119 W DBHelper: simpleQueryForLong: 0
12-23 08:07:20.739  5027  5119 D Profiler: perf.扫描性能测试.全盘扫描开始 duration: 586.0
12-23 08:07:20.739  5027  5214 I FILE_SCANER: init
12-23 08:07:20.739  5027  5214 I FILE_SCANER: ---------execute init----------
12-23 08:07:20.740  5027  5214 I FILE_SCANER:  getSupportedFileTypes 
12-23 08:07:20.740  5027  5214 I FILE_SCANER: count : 24 
12-23 08:07:20.740  5027  5214 I FILE_SCANER:  getBlackList 
12-23 08:07:20.740  5027  5214 I FILE_SCANER: count : 22 
12-23 08:07:20.740  5027  5214 I FILE_SCANER:  getWhiteList 
12-23 08:07:20.740  5027  5214 I FILE_SCANER: count : 9 
12-23 08:07:20.741  5027  5214 I FILE_SCANER: DIR_DEPTH_LIMIT: 10, is_debug 0,filter_nomedia_dir 1,filter_hidden_dir 1
12-23 08:07:20.741  5027  5214 D Profiler: perf.performance_test.begin 1450858040741
12-23 08:07:20.741  5027  5214 D FileScanner: --------onScanBegin----------
12-23 08:07:20.741  5027  5214 D LocalFileCacheManager: dir:--- /storage/emulated/0/
12-23 08:07:20.753  4267  4267 I ntfs-3g : ntfs_mst_post_read_fixup_warn: magic: 0x00000000  size: 1024   usa_ofs: 0  usa_count: 65535: Invalid argument
12-23 08:07:20.753  1926  2166 E Vold    : Failed to find mounted volume for /storage/usb1/Android/data/com.tencent.qqmusic/cache/
12-23 08:07:20.754  5027  5216 W ContextImpl: Failed to ensure directory: /storage/usb1/Android/data/com.tencent.qqmusic/cache
12-23 08:07:20.754  1926  2166 E Vold    : Failed to find mounted volume for /storage/usb2/Android/data/com.tencent.qqmusic/cache/
12-23 08:07:20.754  5027  5216 W ContextImpl: Failed to ensure directory: /storage/usb2/Android/data/com.tencent.qqmusic/cache
12-23 08:07:20.754  1926  2166 E Vold    : Failed to find mounted volume for /storage/usb3/Android/data/com.tencent.qqmusic/cache/
12-23 08:07:20.754  5027  5216 W ContextImpl: Failed to ensure directory: /storage/usb3/Android/data/com.tencent.qqmusic/cache
12-23 08:07:20.755  1926  2166 E Vold    : Failed to find mounted volume for /storage/sdcard1/Android/data/com.tencent.qqmusic/cache/
12-23 08:07:20.755  5027  5216 W ContextImpl: Failed to ensure directory: /storage/sdcard1/Android/data/com.tencent.qqmusic/cache
12-23 08:07:20.756  5027  5214 D Profiler: perf.scanner_speed_test.Scan Directories Finish. duration: 19.0
12-23 08:07:20.756  5027  5214 D Profiler: perf.preHandleNewDirs 106.begin 1450858040756
12-23 08:07:20.761  5027  5214 D LocalFileCacheManager: preHandleNewDirs scanedDirCount: 106 file_total_count: 0
12-23 08:07:20.761  5027  5214 D Profiler: perf.preHandleNewDirs 106.end duration: 5.0
12-23 08:07:20.761  5027  5214 D Profiler: perf.scanner_speed_test.Scan Files And Insert Files Into DB Finish. duration: 24.0
12-23 08:07:20.764  5027  5027 I Delta   : [+27] init view end , total: 900
12-23 08:07:20.766  5027  5027 I TMSelfUpdateManager: onActivityResume enter
12-23 08:07:20.766  5027  5027 D TMLog   : addLogToCache failed!
12-23 08:07:20.766  5027  5027 E TMSelfUpdateManager: exception: you must input an application context!
12-23 08:07:20.766  5027  5027 D TMLog   : addLogToCache failed!
12-23 08:07:20.766  5027  5027 I Delta   : [+2] base resume end , total: 902
12-23 08:07:20.766  5027  5027 D LogPoint: scansongs-0|scan songs start|<1698049602812>
12-23 08:07:20.766  5027  5027 I Delta   : [+0] going to start mainview , total: 902
12-23 08:07:20.767  5027  5027 I Delta   : [+1] start main view , total: 903
12-23 08:07:20.768  2208  2534 I ActivityManager: START u0 {cmp=com.tencent.qqmusic/.activity.NewGuideActivity (has extras)} from uid 10062 on display 0
12-23 08:07:20.774  2208  2534 V WindowManager: addAppToken: AppWindowToken{dc8cc70 token=Token{1d4b1eb3 ActivityRecord{19a41422 u0 com.tencent.qqmusic/.activity.NewGuideActivity t65}}} to stack=1 task=65 at 1
12-23 08:07:20.778  5027  5027 I TencentPay: insertTimeData interfaceName= | init
12-23 08:07:20.778  5027  5027 I TencentPay: insertTimeData timeName= | timename.init
12-23 08:07:20.778  5027  5027 I TencentPay: APMidasPayHelper | init initCount:0
12-23 08:07:20.779  5027  5218 I TencentPay: 时耗 | timeName:sdk.plugin.init.isNeedLocalUpdate.time,time0
12-23 08:07:20.779  5027  5218 I TencentPay: insertTimeData interfaceName= | init
12-23 08:07:20.779  5027  5218 I TencentPay: insertTimeData timeName= | sdk.plugin.init.isNeedLocalUpdate.time
12-23 08:07:20.779  5027  5218 I TencentPay: insertTimeData time= | 0
12-23 08:07:20.779  5027  5218 I TencentPay: APMidasPayHelper | preLoadMidasPay isNeedUpdateFromLocal:false
12-23 08:07:20.779  5027  5218 I TencentPay: APPluginUtils | isNeedUpdateFromAssets isInstall:false fileName:MidasPay.zip
12-23 08:07:20.779  5027  5218 I TencentPay: APPluginUtils | unInstallPlugin
12-23 08:07:20.779  5027  5218 I TencentPay: APPluginUtils | deletePlugin
12-23 08:07:20.779  5027  5218 I TencentPay: APPluginUtils | deleteDex
12-23 08:07:20.779  5027  5218 I TencentPay: APPluginUtils | deleteLibs
12-23 08:07:20.779  5027  5218 D TencentPay: APPluginStatic | release sInstances size: 0
12-23 08:07:20.779  5027  5218 I TencentPay: 时耗 | timeName:sdk.plugin.init.isNeedAssetsUpdate.time,time0
12-23 08:07:20.779  5027  5218 I TencentPay: insertTimeData interfaceName= | init
12-23 08:07:20.779  5027  5218 I TencentPay: insertTimeData timeName= | sdk.plugin.init.isNeedAssetsUpdate.time
12-23 08:07:20.780  5027  5218 I TencentPay: insertTimeData time= | 0
12-23 08:07:20.780  5027  5218 I TencentPay: APMidasPayHelper | preLoadMidasPay isNeedUpdateFromAssets:true
12-23 08:07:20.780  5027  5218 I TencentPay: APPluginUtils | unInstallPlugin
12-23 08:07:20.780  5027  5218 I TencentPay: APPluginUtils | deletePlugin
12-23 08:07:20.780  5027  5218 I TencentPay: APPluginUtils | deleteDex
12-23 08:07:20.780  5027  5218 I TencentPay: APPluginUtils | deleteLibs
12-23 08:07:20.780  5027  5218 D TencentPay: APPluginStatic | release sInstances size: 0
12-23 08:07:20.780  5027  5218 W TencentPay: APPluginContext |  is not has com.tencent.theme.SkinEngine e:java.lang.ClassNotFoundException: com.tencent.theme.SkinEngine
12-23 08:07:20.786  2208  2533 W ActivityManager: getTasks: caller 10062 does not hold REAL_GET_TASKS; limiting output
12-23 08:07:20.789  5027  5027 I Delta   : [+22] activity focus , total: 925
12-23 08:07:20.789  2208  2233 I ActivityManager: Killing 3475:com.tencent.mm:exdevice/u0a58 (adj 15): empty #17
12-23 08:07:20.792  5027  5221 D SkinEngine: load colorList:/data/data/com.tencent.qqmusic/skin/2/res/color/color_t1.xml , cost:0
12-23 08:07:20.792  5027  5218 I TencentPay: 时耗 | timeName:sdk.plugin.init.getFileListFromAssets.time,time12
12-23 08:07:20.792  5027  5218 I TencentPay: insertTimeData interfaceName= | init
12-23 08:07:20.792  5027  5218 I TencentPay: insertTimeData timeName= | sdk.plugin.init.getFileListFromAssets.time
12-23 08:07:20.792  5027  5218 I TencentPay: insertTimeData time= | 12
12-23 08:07:20.792  5027  5218 I TencentPay: APPluginUtils | copyEmtpyResAPKFromAssets assetFile:A.conf
12-23 08:07:20.792  5027  5218 I TencentPay: APPluginUtils | copyEmtpyResAPKFromAssets assetFile:MidasEmptyRes1.apk
12-23 08:07:20.792  5027  5218 I TencentPay: APPluginUtils | copyEmtpyResAPKFromAssets meptyResPath:/data/data/com.tencent.qqmusic/app_midasemptyRes/MidasEmptyRes1.apk
12-23 08:07:20.792  5027  5221 D SkinEngine: load colorList:/data/data/com.tencent.qqmusic/skin/2/res/color/color_t2.xml , cost:0
12-23 08:07:20.895  1935  2259 W AudioFlinger: write blocked for 1145 msecs, 1 delayed writes, thread 0xf5ca4000
12-23 08:07:20.911  5027  5218 I TencentPay: APPluginUtils | copyEmtpyResAPKFromAssets assetFile:MidasEmptyRes2.apk
12-23 08:07:20.911  5027  5218 I TencentPay: APPluginUtils | copyEmtpyResAPKFromAssets meptyResPath:/data/data/com.tencent.qqmusic/app_midasemptyRes/MidasEmptyRes2.apk
12-23 08:07:20.911  5027  5218 I TencentPay: APPluginUtils | copyEmtpyResAPKFromAssets assetFile:MidasPay.zip
12-23 08:07:20.911  5027  5218 I TencentPay: APPluginUtils | copyEmtpyResAPKFromAssets assetFile:TVKConfig.properties
12-23 08:07:20.911  5027  5218 I TencentPay: APPluginUtils | copyEmtpyResAPKFromAssets assetFile:WebViewJavaScriptBridge.js
12-23 08:07:20.911  5027  5218 I TencentPay: APPluginUtils | copyEmtpyResAPKFromAssets assetFile:ad_mma_sdkconfig.xml
12-23 08:07:20.911  5027  5218 I TencentPay: APPluginUtils | copyEmtpyResAPKFromAssets assetFile:back.png
12-23 08:07:20.911  5027  5218 I TencentPay: APPluginUtils | copyEmtpyResAPKFromAssets assetFile:battery_10.png
12-23 08:07:20.911  5027  5218 I TencentPay: APPluginUtils | copyEmtpyResAPKFromAssets assetFile:battery_100.png
12-23 08:07:20.911  5027  5218 I TencentPay: APPluginUtils | copyEmtpyResAPKFromAssets assetFile:battery_20.png
12-23 08:07:20.912  5027  5218 I TencentPay: APPluginUtils | copyEmtpyResAPKFromAssets assetFile:battery_50.png
12-23 08:07:20.912  5027  5218 I TencentPay: APPluginUtils | copyEmtpyResAPKFromAssets assetFile:battery_80.png
12-23 08:07:20.912  5027  5218 I TencentPay: APPluginUtils | copyEmtpyResAPKFromAssets assetFile:battery_charging.png
12-23 08:07:20.912  5027  5218 I TencentPay: APPluginUtils | copyEmtpyResAPKFromAssets assetFile:battery_full.png
12-23 08:07:20.912  5027  5218 I TencentPay: APPluginUtils | copyEmtpyResAPKFromAssets assetFile:bullet_off.9.png
12-23 08:07:20.912  5027  5218 I TencentPay: APPluginUtils | copyEmtpyResAPKFromAssets assetFile:bullet_off.png
12-23 08:07:20.912  5027  5218 I TencentPay: APPluginUtils | copyEmtpyResAPKFromAssets assetFile:bullet_on.9.png
12-23 08:07:20.912  5027  5218 I TencentPay: APPluginUtils | copyEmtpyResAPKFromAssets assetFile:bullet_on.png
12-23 08:07:20.912  5027  5218 I TencentPay: APPluginUtils | copyEmtpyResAPKFromAssets assetFile:button_black.9.png
12-23 08:07:20.912  5027  5218 I TencentPay: APPluginUtils | copyEmtpyResAPKFromAssets assetFile:button_blue.9.png
12-23 08:07:20.912  5027  5218 I TencentPay: APPluginUtils | copyEmtpyResAPKFromAssets assetFile:button_default.9.png
12-23 08:07:20.912  5027  5218 I TencentPay: APPluginUtils | copyEmtpyResAPKFromAssets assetFile:button_full_black.9.png
