12-23 08:07:21.568  5078  5116 D eup     : rqdp{  send:}http://monitor.uu.qq.com/analytics/upload rqdp{  sz:}227 rqdp{  apn:}f8:32:e4:a0:24:6d
12-23 08:07:21.880  5027  5027 I LibraryLoader: Time to load native libraries: 550 ms (timestamps 8613-9163)
12-23 08:07:21.880  5027  5027 I LibraryLoader: Expected native library version number "",actual native library version number ""
12-23 08:07:21.895  5027  5027 V WebViewChromiumFactoryProvider: Binding Chromium to main looper Looper (main, tid 1) {1d83f4fe}
12-23 08:07:21.895  5027  5027 I LibraryLoader: Expected native library version number "",actual native library version number ""
12-23 08:07:21.915  5027  5027 I chromium: [INFO:library_loader_hooks.cc(104)] Chromium logging enabled: level = 0, default verbosity = 0
12-23 08:07:21.916  5027  5027 I BrowserStartupController: Initializing chromium process, singleProcess=true
12-23 08:07:21.922  5027  5027 W art     : Attempt to remove local handle scope entry from IRT, ignoring
12-23 08:07:21.951  2208  2237 D BluetoothManagerService: Message: 20
12-23 08:07:21.951  2208  2237 D BluetoothManagerService: Added callback: android.bluetooth.IBluetoothManagerCallback$Stub$Proxy@12103f90:true
12-23 08:07:21.951  5027  5269 D BluetoothAdapter: 4777055: getState() :  mService = null. Returning STATE_OFF
12-23 08:07:21.966  5027  5027 W chromium: [WARNING:resource_bundle.cc(304)] locale_file_path.empty()
12-23 08:07:21.966  5027  5027 I chromium: [INFO:aw_browser_main_parts.cc(65)] Load from apk succesful, fd=88 off=46184 len=3037
12-23 08:07:21.967  5027  5027 I chromium: [INFO:aw_browser_main_parts.cc(78)] Loading webviewchromium.pak from, fd:89 off:229484 len:1089587
12-23 08:07:22.049  5027  5027 W chromium: [WARNING:data_reduction_proxy_settings.cc(331)] SPDY proxy OFF at startup
12-23 08:07:22.072  5027  5027 W art     : Attempt to remove local handle scope entry from IRT, ignoring
12-23 08:07:22.189  5027  5027 W AwContents: onDetachedFromWindow called when already detached. Ignoring
12-23 08:07:22.190  5027  5027 I Choreographer: Skipped 65 frames!  The application may be doing too much work on its main thread.
12-23 08:07:22.192  5027  5027 I TencentPay: APPLuginProxyActivity | initPluginInterface pluginName=MidasPay
12-23 08:07:22.192  5027  5027 I TencentPay: APPLuginProxyActivity | initPluginInterface interfaceClass=com.tencent.midas.pay.APMidasDistribute
12-23 08:07:22.192  5027  5027 I TencentPay: APPLuginProxyActivity | initPluginInterface methodName=golbalInit
12-23 08:07:22.192  5027  5027 I TencentPay: APPLuginProxyActivity | initPluginInterface methodName=golbalInit
12-23 08:07:22.192  5027  5027 I TencentPay: APPluginUtils | APPluginUtils getInstallPath pluginName:MidasPay sInstallPathMap:{}
12-23 08:07:22.192  5027  5027 I TencentPay: APPluginUtils | APPluginUtils getInstallPath installFile:null
12-23 08:07:22.197  5027  5027 I TencentPay: APPluginUtils | APPluginUtils getInstallPath fileList.length =4
12-23 08:07:22.197  5027  5027 I TencentPay: APPluginUtils | APPluginUtils getInstallPath file:MidasCore_1.5.1_30_350caaa3441e9771548f86b0954a1aa4.apk
12-23 08:07:22.197  5027  5027 I TencentPay: APPluginUtils | APPluginUtils getInstallPath file:MidasCFT_1.5.1_30_fbb92fa0aae554849c22c44284b14572.apk
12-23 08:07:22.197  5027  5027 I TencentPay: APPluginUtils | APPluginUtils getInstallPath file:MidasSign.ini
12-23 08:07:22.197  5027  5027 I TencentPay: APPluginUtils | APPluginUtils getInstallPath file:MidasPay_1.5.1_30_22090f2c0331f878865f9967e6b97dc6.apk
12-23 08:07:22.197  5027  5027 I TencentPay: APPluginUtils | APPluginUtils getInstallPath true
12-23 08:07:22.239  5027  5027 I TencentPay: APPluginUtils | getMD5FromPath lastIndexOf startpos:65 endpos:98
12-23 08:07:22.239  5027  5027 I TencentPay: APPluginUtils | getMD5FromPath MD5:22090f2c0331f878865f9967e6b97dc6
12-23 08:07:22.239  5027  5027 D TencentPay: APPluginStatic | getOrCreateClassLoader apkFilePath: /data/data/com.tencent.qqmusic/app_midasplugins/MidasPay_1.5.1_30_22090f2c0331f878865f9967e6b97dc6.apk
12-23 08:07:22.239  5027  5027 D TencentPay: APPluginStatic | getOrCreateClassLoader MD5: 22090f2c0331f878865f9967e6b97dc6
12-23 08:07:22.239  5027  5027 D TencentPay: APPluginStatic | getOrCreateClassLoader key: MidasPay_22090f2c0331f878865f9967e6b97dc6
12-23 08:07:22.239  5027  5027 D TencentPay: APPluginStatic | getOrCreateClassLoader dexClassLoader: dalvik.system.DexClassLoader[DexPathList[[zip file "/data/data/com.tencent.qqmusic/app_midasplugins/MidasPay_1.5.1_30_22090f2c0331f878865f9967e6b97dc6.apk"],nativeLibraryDirectories=[/data/data/com.tencent.qqmusic/app_midaslib_2, /vendor/lib, /system/lib]]]
12-23 08:07:22.239  5027  5027 D TencentPay: APPluginStatic | getOrCreateClassLoader midasClassLoader: 173718973
12-23 08:07:22.240  5027  5027 I TencentPay: APPLuginProxyActivity | initPluginInterface method:public static void com.tencent.midas.pay.APMidasDistribute.golbalInit(android.app.Activity,android.content.Intent)
12-23 08:07:22.245  5027  5027 I TencentPay: APMidasDistribute | golbalInit intent:Intent { (has extras) }
12-23 08:07:22.245  5027  5027 I TencentPay: APMidasDistribute | golbalInit midasRequest:null
12-23 08:07:22.258  2208  2238 I art     : Explicit concurrent mark sweep GC freed 22666(1303KB) AllocSpace objects, 6(93KB) LOS objects, 33% free, 16MB/24MB, paused 687us total 32.048ms
12-23 08:07:22.350  5027  5027 I TencentPay: APIPDatabase | onCreate
12-23 08:07:22.537  2208  2534 W ActivityManager: getRunningAppProcesses: caller 10056 does not hold REAL_GET_TASKS; limiting output
12-23 08:07:22.727  5027  5027 I TencentPay: networktype | -1
12-23 08:07:22.727  5027  5027 I TencentPay: APMidasJS | isWSJ2 e:java.lang.NoSuchFieldException: wsjIdentify
12-23 08:07:22.727  5027  5027 I TencentPay: APMidasLoadJS | init enter jsVersion:1.0.1 context:com.tencent.qqmusic.MusicApplication@b6c6324
12-23 08:07:22.731  5027  5027 I TencentPay: APMidasUpdateJS | getJSVersionFromFile version:
12-23 08:07:22.731  5027  5027 I TencentPay: APMidasUpdateJS | getJSMD5FromFile rsaMD5:
12-23 08:07:22.731  5027  5027 I TencentPay: APMidasLoadJS | init version: md5:
12-23 08:07:22.738  5027  5027 I MemTotal:       16322756 kB: MemTotal:	
12-23 08:07:22.738  5027  5027 I MemTotal:       16322756 kB: 16322756	
12-23 08:07:22.738  5027  5027 I MemTotal:       16322756 kB: kB	
12-23 08:07:22.739  5027  5027 I System.out: cpuinfo=ARMv7 processor rev 1 (v7l)  cupinfo2=1500.0
12-23 08:07:22.742  5027  5286 I TencentPay: shihao | timeName:sdk.init.getApkVersion.time,time:10; action:
12-23 08:07:22.742  5027  5286 I TencentPay: insertTimeData interfaceName= | init
12-23 08:07:22.742  5027  5286 I TencentPay: insertTimeData timeName= | sdk.init.getApkVersion.time
12-23 08:07:22.742  5027  5286 I TencentPay: insertTimeData time= | 10
12-23 08:07:22.743  5027  5027 I MID     : read mid from Settings.System
12-23 08:07:22.746  5027  5027 I TencentPay: initOnce | isNeedExtra:true initso:false
12-23 08:07:22.746  5027  5027 I TencentPay: APPluginUtils | APPluginUtils getInstallPath pluginName:MidasPay sInstallPathMap:{MidasPay=/data/data/com.tencent.qqmusic/app_midasplugins/MidasPay_1.5.1_30_22090f2c0331f878865f9967e6b97dc6.apk}
12-23 08:07:22.746  5027  5027 I TencentPay: APPluginUtils | APPluginUtils getInstallPath installFile:/data/data/com.tencent.qqmusic/app_midasplugins/MidasPay_1.5.1_30_22090f2c0331f878865f9967e6b97dc6.apk
12-23 08:07:22.746  5027  5286 I TencentPay: insertData format | sdk.apk.time
12-23 08:07:22.749  5027  5027 I TencentPay: APPluginUtils | extractLibs end to dirToExtract:armeabi
12-23 08:07:22.751  5027  5286 I TencentPay: shihao | timeName:sdk.init.getLocalIp.time,time:1; action:
12-23 08:07:22.751  5027  5286 I TencentPay: insertTimeData interfaceName= | init
12-23 08:07:22.751  5027  5286 I TencentPay: insertTimeData timeName= | sdk.init.getLocalIp.time
12-23 08:07:22.751  5027  5286 I TencentPay: insertTimeData time= | 1
12-23 08:07:22.751  5027  5286 I TencentPay: insertData format | sdk.apk.time
12-23 08:07:22.752  5027  5286 I TencentPay: shihao | timeName:sdk.init.getDeviceId.time,time:0; action:
12-23 08:07:22.752  5027  5286 I TencentPay: insertTimeData interfaceName= | init
12-23 08:07:22.752  5027  5286 I TencentPay: insertTimeData timeName= | sdk.init.getDeviceId.time
12-23 08:07:22.752  5027  5286 I TencentPay: insertTimeData time= | 0
12-23 08:07:22.752  5027  5286 I TencentPay: insertData format | sdk.apk.time
12-23 08:07:22.755  5027  5286 W System.err: java.io.FileNotFoundException: /storage/emulated/0/Tencent/Midas.xml: open failed: ENOENT (No such file or directory)
12-23 08:07:22.755  5027  5286 W System.err: 	at libcore.io.IoBridge.open(IoBridge.java:456)
12-23 08:07:22.755  5027  5286 W System.err: 	at java.io.FileInputStream.<init>(FileInputStream.java:76)
12-23 08:07:22.755  5027  5286 W System.err: 	at java.io.FileInputStream.<init>(FileInputStream.java:103)
12-23 08:07:22.755  5027  5286 W System.err: 	at com.pay.tool.APIOXml.readInfoFromXML(Unknown Source)
12-23 08:07:22.755  5027  5286 W System.err: 	at com.pay.tool.APTools.readInfoSDCard(Unknown Source)
12-23 08:07:22.755  5027  5286 W System.err: 	at com.pay.tool.APTools.readInfoSDCard(Unknown Source)
12-23 08:07:22.755  5027  5286 W System.err: 	at com.pay.tool.d.run(Unknown Source)
12-23 08:07:22.755  5027  5286 W System.err: 	at java.lang.Thread.run(Thread.java:818)
12-23 08:07:22.755  5027  5286 W System.err: Caused by: android.system.ErrnoException: open failed: ENOENT (No such file or directory)
12-23 08:07:22.755  5027  5286 W System.err: 	at libcore.io.Posix.open(Native Method)
12-23 08:07:22.755  5027  5286 W System.err: 	at libcore.io.BlockGuardOs.open(BlockGuardOs.java:186)
12-23 08:07:22.755  5027  5286 W System.err: 	at libcore.io.IoBridge.open(IoBridge.java:442)
12-23 08:07:22.755  5027  5286 W System.err: 	... 7 more
12-23 08:07:22.755  5027  5286 I TencentPay: shihao | timeName:sdk.init.readSDinfo.time,time:2; action:
12-23 08:07:22.755  5027  5286 I TencentPay: insertTimeData interfaceName= | init
12-23 08:07:22.755  5027  5286 I TencentPay: insertTimeData timeName= | sdk.init.readSDinfo.time
12-23 08:07:22.755  5027  5286 I TencentPay: insertTimeData time= | 2
12-23 08:07:22.755  5027  5286 I TencentPay: insertData format | sdk.apk.time
12-23 08:07:22.756  5027  5027 I TencentPay: initOnce | init so done
12-23 08:07:22.756  5027  5027 I TencentPay: insertData format | sdk.wsj.isInstall
12-23 08:07:22.757  5027  5027 I TencentPay: 微信版本号 | 微信版本号：6.3.8.56_re6b2553
12-23 08:07:22.758  5027  5027 D houdini : [5027] Added shared library /data/data/com.tencent.qqmusic/app_midaslib_2/libunipayutils.so for ClassLoader by Native Bridge.
12-23 08:07:22.769  5027  5027 I TencentPay: APIPList | random = 3 ipArrayList.size = 8
12-23 08:07:22.771  5027  5027 W System.err: java.io.FileNotFoundException: /storage/emulated/0/Tencent/Midas.xml: open failed: ENOENT (No such file or directory)
12-23 08:07:22.771  5027  5027 W System.err: 	at libcore.io.IoBridge.open(IoBridge.java:456)
12-23 08:07:22.771  5027  5027 W System.err: 	at java.io.FileInputStream.<init>(FileInputStream.java:76)
12-23 08:07:22.771  5027  5027 W System.err: 	at java.io.FileInputStream.<init>(FileInputStream.java:103)
12-23 08:07:22.771  5027  5027 W System.err: 	at com.pay.tool.APIOXml.readInfoFromXML(Unknown Source)
12-23 08:07:22.771  5027  5027 W System.err: 	at com.pay.tool.APTools.readInfoSDCard(Unknown Source)
12-23 08:07:22.771  5027  5027 W System.err: 	at com.pay.APAndroidPay.a(Unknown Source)
12-23 08:07:22.771  5027  5027 W System.err: 	at com.pay.APAndroidPay.b(Unknown Source)
12-23 08:07:22.771  5027  5027 W System.err: 	at com.pay.APAndroidPay.GlobalInitialize(Unknown Source)
12-23 08:07:22.771  5027  5027 W System.err: 	at com.pay.api.APAndroidPayAPI.globalInit(Unknown Source)
12-23 08:07:22.771  5027  5027 W System.err: 	at com.tencent.midas.pay.APMidasDistribute.golbalInit(Unknown Source)
12-23 08:07:22.771  5027  5027 W System.err: 	at java.lang.reflect.Method.invoke(Native Method)
12-23 08:07:22.771  5027  5027 W System.err: 	at java.lang.reflect.Method.invoke(Method.java:372)
12-23 08:07:22.771  5027  5027 W System.err: 	at com.tencent.midas.plugin.APPluginProxyActivity.initPluginInterface(Unknown Source)
12-23 08:07:22.771  5027  5027 W System.err: 	at com.tencent.midas.control.h.run(Unknown Source)
12-23 08:07:22.771  5027  5027 W System.err: 	at android.os.Handler.handleCallback(Handler.java:739)
12-23 08:07:22.771  5027  5027 W System.err: 	at android.os.Handler.dispatchMessage(Handler.java:95)
12-23 08:07:22.771  5027  5027 W System.err: 	at android.os.Looper.loop(Looper.java:135)
12-23 08:07:22.771  5027  5027 W System.err: 	at android.app.ActivityThread.main(ActivityThread.java:5254)
12-23 08:07:22.771  5027  5027 W System.err: 	at java.lang.reflect.Method.invoke(Native Method)
12-23 08:07:22.771  5027  5027 W System.err: 	at java.lang.reflect.Method.invoke(Method.java:372)
12-23 08:07:22.771  5027  5027 W System.err: 	at com.android.internal.os.ZygoteInit$MethodAndArgsCaller.run(ZygoteInit.java:903)
12-23 08:07:22.771  5027  5027 W System.err: 	at com.android.internal.os.ZygoteInit.main(ZygoteInit.java:698)
12-23 08:07:22.771  5027  5027 W System.err: Caused by: android.system.ErrnoException: open failed: ENOENT (No such file or directory)
12-23 08:07:22.771  5027  5027 W System.err: 	at libcore.io.Posix.open(Native Method)
12-23 08:07:22.771  5027  5027 W System.err: 	at libcore.io.BlockGuardOs.open(BlockGuardOs.java:186)
12-23 08:07:22.771  5027  5027 W System.err: 	at libcore.io.IoBridge.open(IoBridge.java:442)
12-23 08:07:22.771  5027  5027 W System.err: 	... 21 more
12-23 08:07:22.772  5027  5027 I TencentPay: MidasDeviceId | b41ecc82-dee5-4b88-bf64-43b4e9b12d32
12-23 08:07:22.773  5027  5027 I MID     : read mid from Settings.System
12-23 08:07:22.773  5027  5027 I TencentPay: GlobalInitialize |  plugin version
12-23 08:07:22.773  5027  5027 I TencentPay: shihao | timeName:sdk.init.totaltime,time:48; action:
12-23 08:07:22.773  5027  5027 I TencentPay: insertTimeData interfaceName= | init
12-23 08:07:22.773  5027  5027 I TencentPay: insertTimeData timeName= | sdk.init.totaltime
12-23 08:07:22.773  5027  5027 I TencentPay: insertTimeData time= | 48
12-23 08:07:22.773  5027  5027 I TencentPay: insertData format | sdk.apk.time
12-23 08:07:22.773  5027  5027 I TencentPay: APPLuginProxyActivity | initPluginInterface obj=null
12-23 08:07:22.773  5027  5027 I TencentPay: 时耗 | timeName:sdk.plugin.init.kernel.totaltime,time581
12-23 08:07:22.773  5027  5027 I TencentPay: insertTimeData interfaceName= | init
12-23 08:07:22.773  5027  5027 I TencentPay: insertTimeData timeName= | sdk.plugin.init.kernel.totaltime
12-23 08:07:22.773  5027  5027 I TencentPay: insertTimeData time= | 581
12-23 08:07:22.773  5027  5027 I TencentPay: APMidasPayHelper | init ret:0 msg:succ
12-23 08:07:22.773  5027  5027 I TencentPay: APMidasPayHelper | openPlugin obj:null
12-23 08:07:22.773  5027  5027 I TencentPay: insertTimeData interfaceName= | init
12-23 08:07:22.773  5027  5027 I TencentPay: insertTimeData timeName= | sdk.plugin.init.totaltime
12-23 08:07:22.776  5027  5027 D LogPoint: scansongs-3|scan songs flush ui|<1700058903090>
12-23 08:07:22.777  5027  5027 I Choreographer: Skipped 34 frames!  The application may be doing too much work on its main thread.
12-23 08:07:22.858  5027  5288 I TencentPay: APDatabaseHelper onCreate | CREATE TABLE IF NOT EXISTS APClickStreamTable (Id INTEGER PRIMARY KEY,Pid INTEGER,Seq VARCHAR(64),QQUin VARCHAR(64),AskedQQUin VARCHAR(64),ResultInfo VARCHAR,ErrorInfo VARCHAR(64),ErrorInfo2 VARCHAR(64),UserIP VARCHAR(64),PayChannel VARCHAR(64),Channel VARCHAR(64),SubChannel VARCHAR(64),ServiceCode VARCHAR(64),Action VARCHAR(64),Format VARCHAR(64),External_ref_id VARCHAR(64),Quantity VARCHAR(64),OfferId VARCHAR(64),OfferMedia VARCHAR(64),OfferPlatform VARCHAR(64),Amount VARCHAR(64),TransactionId VARCHAR(64),Appname VARCHAR(64),Device VARCHAR(64),MPRuleID VARCHAR(64),GiftID VARCHAR(64),SuccMode VARCHAR(64),AErr VARCHAR(64),ReqUrl VARCHAR(64),FirstReq VARCHAR(64),TokenTime VARCHAR(64),DisturbMode VARCHAR(64),JumpTo VARCHAR,IsBatch VARCHAR(64),GoodsID VARCHAR,GoodsPrice VARCHAR,GoodsNum VARCHAR,BuyType VARCHAR(64),QdqbBalance VARCHAR,CftBalance VARCHAR,VipFlags VARCHAR(64),PayLevel VARCHAR(64),GoldBlc VARCHAR(64),Token VARCHAR,ResultInfoLen INTEGER )
12-23 08:07:24.286  5295  5295 W linker  : [vdso]: unused DT entry: type 0x6ffffef5 arg 0x160
12-23 08:07:24.889  2208  2534 I ActivityManager: Killing 3401:com.android.email/u0a17 (adj 15): empty #17
12-23 08:07:29.299  5297  5297 W linker  : [vdso]: unused DT entry: type 0x6ffffef5 arg 0x160
12-23 08:07:30.697  5027  5027 W eup     : 'setLogAble(boolean)' is true , so running in debug model , close it when you release!
12-23 08:07:30.698  5027  5027 D eup     : rqdp{  init cominfo}
12-23 08:07:30.698  5027  5027 I eup     : rqdp{  version:} 5.8.0.18
12-23 08:07:30.698  2208  2533 W ActivityManager: getRunningAppProcesses: caller 10062 does not hold REAL_GET_TASKS; limiting output
12-23 08:07:30.699  5027  5027 D eup     : set sha1 5.8.0.18294
12-23 08:07:30.699  5027  5027 D eup     : setsofile libvad.so armeabi ea891f09f33b0340fead5b0c7a87265804a3307c
12-23 08:07:30.699  5027  5027 D eup     : setsofile libwtecdh.so armeabi c7063df20f11590003ceac47581347dac3938ea6
12-23 08:07:30.699  5027  5027 D eup     : setsofile libfilescanner.so armeabi e0a424fddd78fb1ee51cfe7eb47f861e9566f651
12-23 08:07:30.699  5027  5027 D eup     : setsofile libfingerprintV2jni.so armeabi a565c837fc539e7e8de98eb9e9c31af7fa26aa44
12-23 08:07:30.699  5027  5027 D eup     : setsofile libdalvik_patch.so armeabi c00fedfc2d2791227579cf6c2ccf45abddf97e1a
12-23 08:07:30.699  5027  5027 D eup     : setsofile libsta_jni.so armeabi c481725f3c498bb59d2b1b5578775687777a7d2c
12-23 08:07:30.699  5027  5027 D eup     : setsofile libfingerprintjni.so armeabi 13c223e315a7edd34ff27a48dfd82da8a508a3bf
12-23 08:07:30.699  5027  5027 D eup     : setsofile libNativeRQD.so armeabi de7770d2256ec71a458afdd58344a85c9784e518
12-23 08:07:30.699  5027  5027 D eup     : setsofile libimage_filter_common.so armeabi f9b5df2a273f934f299ee62f6865f3df11e8bd96
12-23 08:07:30.699  5027  5027 D eup     : setsofile libinh.so armeabi 4a0937f2e5c11003e6dd5447473c677f84cf139e
12-23 08:07:30.699  5027  5027 D eup     : setsofile libWXVoice.so armeabi 52dd89487aea3289b5c06837f9d32c8496a31660
12-23 08:07:30.699  5027  5027 D eup     : setsofile libQPlayAuto.so armeabi fdf2e6603ad9ade63d6a754ad2ea99e15d60a072
12-23 08:07:30.699  5027  5027 D eup     : setsofile libsearch.so armeabi 205ebffad915fe3fe809fa60a120d5e8bfa862f6
12-23 08:07:30.699  5027  5027 D eup     : setsofile libTUpdateService.so armeabi da8492ebfd84b7aaa5665cd3ab3a0c7255e2116d
12-23 08:07:30.699  5027  5027 D eup     : setsofile libmresearch.so armeabi 7399f79660db8aafd028113d65060480373813bd
12-23 08:07:30.699  5027  5027 D eup     : setsofile libQQMMANDKSignature.so armeabi b836a03cf5bec21e3e1d59c59090502603f1c280
12-23 08:07:30.699  5027  5027 D eup     : setsofile libwnsnetwork.so armeabi 9dc03eb11972e16db00f227d96338950086fcf6b
12-23 08:07:30.699  5027  5027 D eup     : setsofile libupnp-jni.so armeabi aa52904393f0970773505d6679f93518fceaa74f
12-23 08:07:30.699  5027  5027 D eup     : setsofile libnetworkbase.so armeabi a0e8db20a0c33ab4ec13a667431ff64ba5f4f52c
12-23 08:07:30.699  5027  5027 D eup     : setsofile libpbpinyin.so armeabi 8671c35252282defa7f80e555b636fe91dc7e5d8
12-23 08:07:30.699  5027  5027 D eup     : setsofile libtmfe30.so armeabi bdaf4a86046b9a43948106f013e931857c689cd3
12-23 08:07:30.699  5027  5027 D eup     : setsofile libPlayerCore_neon.so armeabi ca1dfffe4214c18df6f511c12b125e1345e16d31
12-23 08:07:30.699  5027  5027 D eup     : setsofile libdesdecrypt.so armeabi 945d63ce54c8fce706811314eedd1090db91656d
12-23 08:07:30.699  5027  5027 D eup     : setsofile libexpress_verify.so armeabi a51c6f53042524b6b39105ba8501caa99f2eb828
12-23 08:07:30.699  5027  5027 D eup     : setsofile libimage_filter_gpu.so armeabi f4ab2a1bfc308442d5350e9390b85720e6f4625a
12-23 08:07:30.700  5027  5027 D eup     : setsofile libckey.so armeabi d800c5f033823b739b41a67cca48824c6822d7a1
12-23 08:07:30.700  5027  5027 D eup     : setsofile libckeygenerator.so armeabi 52795e793ff5d1ae9596263f9b990e493c3a3bf1
12-23 08:07:30.700  5027  5027 D eup     : setsofile libSongUrlFactory.so armeabi 372fe054c2427076f2970f8a446aaa8801846806
12-23 08:07:30.700  5027  5027 D eup     : setsofile libh.so armeabi ba2ff2c65d7aac33aa94abc40ea0af796b43ba05
12-23 08:07:30.700  5027  5027 D eup     : setsofile libTxCodec_neon.so armeabi c47ee08f2acb9afe9d6f386f3b923516b05468f8
12-23 08:07:30.700  5027  5027 D eup     : setsofile libFormatDetector.so armeabi ce98b51d1a1f882572e3acaa0039d4d1c1ddf143
12-23 08:07:30.700  5027  5027 D eup     : setted so count 31
12-23 08:07:30.701  5027  5072 D eup     : rqdp{  create uphandler up:}true
12-23 08:07:30.702  5027  5072 I eup     : rqdp{  eup create instance}
12-23 08:07:30.702  5027  5072 D eup     : rqdp{  cus eupstrategy} [MSNum:10 ,Wifi:10,GPRS:3,ODay:10,isMerged:true,AfQ:false,Silent:true,mLog:300,tag:null,assert:false, interval:50, limit:60]
12-23 08:07:30.703  5027  5072 I eup     : rqdp{  mid:}3 rqdp{  change user switch} true
12-23 08:07:30.703  5027  5072 I eup     : rqdp{ eup regist}
12-23 08:07:30.704  5027  5072 D houdini : [5072] Added shared library /data/app/com.tencent.qqmusic-1/lib/arm/libNativeRQD.so for ClassLoader by Native Bridge.
12-23 08:07:30.704  5027  5072 I eup     : load lib sucess default!
12-23 08:07:30.705  5027  5072 I eup     : add clean task to query listener
12-23 08:07:30.705  5027  5072 E art     : No implementation found for java.lang.String com.tencent.feedback.eup.jni.NativeExceptionUpload.registNativeExceptionHandler2(java.lang.String, java.lang.String, int, int) (tried Java_com_tencent_feedback_eup_jni_NativeExceptionUpload_registNativeExceptionHandler2 and Java_com_tencent_feedback_eup_jni_NativeExceptionUpload_registNativeExceptionHandler2__Ljava_lang_String_2Ljava_lang_String_2II)
12-23 08:07:30.705  5027  5072 W eup     : regist fail:No implementation found for java.lang.String com.tencent.feedback.eup.jni.NativeExceptionUpload.registNativeExceptionHandler2(java.lang.String, java.lang.String, int, int) (tried Java_com_tencent_feedback_eup_jni_NativeExceptionUpload_registNativeExceptionHandler2 and Java_com_tencent_feedback_eup_jni_NativeExceptionUpload_registNativeExceptionHandler2__Ljava_lang_String_2Ljava_lang_String_2II) , try old regist
12-23 08:07:30.705  5027  5072 I native_eup: Java_com_tencent_feedback_eup_jni_NativeExceptionUpload_registNativeExceptionHandler start
12-23 08:07:30.706  5027  5072 I native_eup: found native exception upload!
12-23 08:07:30.706  5027  5072 I native_eup: found native exception handler!
12-23 08:07:30.706  5027  5072 I native_eup: regist handler start procType 1 , level 22 , tombDir:/storage/emulated/0/qqmusic/eup/
12-23 08:07:30.706  5027  5072 I native_eup: registSignal start
12-23 08:07:30.706  5027  5072 I native_eup: registSignal end
12-23 08:07:30.706  5027  5072 I native_eup: regist handler end
12-23 08:07:30.706  5027  5072 I native_eup: Java_com_tencent_feedback_eup_jni_NativeExceptionUpload_registNativeExceptionHandler end
12-23 08:07:30.706  5027  5072 I native_eup: NativeRQDVersion:NRQD_1.7
12-23 08:07:30.706  5027  5072 I native_eup: Java_com_tencent_feedback_eup_jni_NativeExceptionUpload_enableHandler start
12-23 08:07:30.706  5027  5072 I native_eup: Java_com_tencent_feedback_eup_jni_NativeExceptionUpload_enableHandler end
12-23 08:07:30.706  5027  5072 I native_eup: setLogMode 3 current 4
12-23 08:07:30.707  5027  5298 I eup     : rqdp{  onlaunch}
12-23 08:07:30.707  5027  5298 D eup     : rqdp{  step }1
12-23 08:07:30.707  5027  5298 D eup     : rqdp{  FileDAO.query() start query name:}/data/app/com.tencent.qqmusic-1/base.apk rqdp{   , type}:0 rqdp{  , num:}10 
12-23 08:07:30.707  5027  5298 D eup     : rqdp{  queryFile: n:}/data/app/com.tencent.qqmusic-1/base.apk rqdp{  , sha:}5.8.0.18294 rqdp{  , tp:}0 rqdp{  ,arh:}5.8.0.18
12-23 08:07:30.707  5027  5298 D eup     : rqdp{  FileDAO.query() end success} 1
12-23 08:07:30.707  5027  5298 D eup     : rqdp{  queryFile result num } 1
12-23 08:07:30.707  5027  5298 D eup     : rqdp{  on Query Start}
12-23 08:07:30.707  5027  5298 D eup     : rqdp{  step }2
12-23 08:07:30.707  5027  5298 D eup     : rqdp{  notify Query Start}
12-23 08:07:30.707  5027  5298 D eup     : rqdp{  com query start }class com.tencent.feedback.eup.n
12-23 08:07:30.707  2208  2353 W ActivityManager: getRunningAppProcesses: caller 10062 does not hold REAL_GET_TASKS; limiting output
12-23 08:07:30.708  5027  5298 D eup     : rqdp{ next day 57150000}
12-23 08:07:30.708  2208  3464 W ActivityManager: getRunningAppProcesses: caller 10062 does not hold REAL_GET_TASKS; limiting output
12-23 08:07:30.708  5027  5298 D eup     : rqdp{  AnalyticsDAO.querySum() start}
12-23 08:07:30.708  5027  5298 D eup     : rqdp{  query where: }_time >= -1 and _time <= 9223372036854775807 and ( _type = 9 ) and ( _key = 'com.tencent.qqmusic' )
12-23 08:07:30.708  5027  5298 D eup     : rqdp{  query sum: }0
12-23 08:07:30.708  5027  5298 D eup     : rqdp{  AnalyticsDAO.querySum() end}
12-23 08:07:30.708  5027  5298 D eup     : rqdp{  wait lanch record:} 500
12-23 08:07:30.998  2535  2535 W Launcher: setApplicationContext called twice! old=com.android.launcher3.LauncherApplication@20a5065a new=com.android.launcher3.LauncherApplication@20a5065a
12-23 08:07:30.999  2208  2251 I InputReader: Reconfiguring input devices.  changes=0x00000010
12-23 08:07:31.012  2208  2208 D BackupManagerService: Received broadcast Intent { act=android.intent.action.PACKAGE_CHANGED dat=package:com.tencent.qqmusic flg=0x4000010 (has extras) }
12-23 08:07:31.076  5078  5253 W System.err: java.net.SocketTimeoutException: failed to connect to /182.254.116.117 (port 80) after 10000ms
12-23 08:07:31.076  5078  5253 W System.err: 	at libcore.io.IoBridge.connectErrno(IoBridge.java:169)
12-23 08:07:31.076  5078  5253 W System.err: 	at libcore.io.IoBridge.connect(IoBridge.java:122)
12-23 08:07:31.076  5078  5253 W System.err: 	at java.net.PlainSocketImpl.connect(PlainSocketImpl.java:183)
12-23 08:07:31.076  5078  5253 W System.err: 	at java.net.PlainSocketImpl.connect(PlainSocketImpl.java:456)
12-23 08:07:31.076  5078  5253 W System.err: 	at java.net.Socket.connect(Socket.java:882)
12-23 08:07:31.076  5078  5253 W System.err: 	at com.android.okhttp.internal.Platform.connectSocket(Platform.java:174)
12-23 08:07:31.076  5078  5253 W System.err: 	at com.android.okhttp.Connection.connect(Connection.java:152)
12-23 08:07:31.076  5078  5253 W System.err: 	at com.android.okhttp.internal.http.HttpEngine.connect(HttpEngine.java:276)
12-23 08:07:31.076  5078  5253 W System.err: 	at com.android.okhttp.internal.http.HttpEngine.sendRequest(HttpEngine.java:211)
12-23 08:07:31.076  5078  5253 W System.err: 	at com.android.okhttp.internal.http.HttpURLConnectionImpl.execute(HttpURLConnectionImpl.java:382)
12-23 08:07:31.076  5078  5253 W System.err: 	at com.android.okhttp.internal.http.HttpURLConnectionImpl.connect(HttpURLConnectionImpl.java:106)
12-23 08:07:31.076  5078  5253 W System.err: 	at com.tencent.component.network.module.common.a$b.a(SourceFile:427)
12-23 08:07:31.076  5078  5253 W System.err: 	at com.tencent.component.network.module.common.a$b.b(SourceFile:488)
12-23 08:07:31.076  5078  5253 W System.err: 	at com.tencent.component.network.utils.thread.j$f.run(SourceFile:133)
12-23 08:07:31.076  5078  5253 W System.err: 	at java.util.concurrent.ThreadPoolExecutor.runWorker(ThreadPoolExecutor.java:1112)
12-23 08:07:31.076  5078  5253 W System.err: 	at java.util.concurrent.ThreadPoolExecutor$Worker.run(ThreadPoolExecutor.java:587)
12-23 08:07:31.076  5078  5253 W System.err: 	at java.lang.Thread.run(Thread.java:818)
12-23 08:07:31.076  5078  5253 W System.err: 	at com.tencent.component.network.utils.thread.h.run(SourceFile:23)
12-23 08:07:31.087  2535  2535 I Launcher: Deferring update until onResume
12-23 08:07:31.108  5078  5255 W System.err: java.net.SocketTimeoutException: failed to connect to /182.254.116.117 (port 80) after 10000ms
12-23 08:07:31.108  5078  5255 W System.err: 	at libcore.io.IoBridge.connectErrno(IoBridge.java:169)
12-23 08:07:31.108  5078  5255 W System.err: 	at libcore.io.IoBridge.connect(IoBridge.java:122)
12-23 08:07:31.108  5078  5255 W System.err: 	at java.net.PlainSocketImpl.connect(PlainSocketImpl.java:183)
12-23 08:07:31.108  5078  5255 W System.err: 	at java.net.PlainSocketImpl.connect(PlainSocketImpl.java:456)
12-23 08:07:31.108  5078  5255 W System.err: 	at java.net.Socket.connect(Socket.java:882)
12-23 08:07:31.108  5078  5255 W System.err: 	at com.android.okhttp.internal.Platform.connectSocket(Platform.java:174)
12-23 08:07:31.108  5078  5255 W System.err: 	at com.android.okhttp.Connection.connect(Connection.java:152)
12-23 08:07:31.108  5078  5255 W System.err: 	at com.android.okhttp.internal.http.HttpEngine.connect(HttpEngine.java:276)
12-23 08:07:31.108  5078  5255 W System.err: 	at com.android.okhttp.internal.http.HttpEngine.sendRequest(HttpEngine.java:211)
12-23 08:07:31.108  5078  5255 W System.err: 	at com.android.okhttp.internal.http.HttpURLConnectionImpl.execute(HttpURLConnectionImpl.java:382)
12-23 08:07:31.108  5078  5255 W System.err: 	at com.android.okhttp.internal.http.HttpURLConnectionImpl.connect(HttpURLConnectionImpl.java:106)
12-23 08:07:31.108  5078  5255 W System.err: 	at com.tencent.component.network.module.common.a$b.a(SourceFile:427)
12-23 08:07:31.108  5078  5255 W System.err: 	at com.tencent.component.network.module.common.a$b.b(SourceFile:488)
12-23 08:07:31.108  5078  5255 W System.err: 	at com.tencent.component.network.utils.thread.j$f.run(SourceFile:133)
12-23 08:07:31.108  5078  5255 W System.err: 	at java.util.concurrent.ThreadPoolExecutor.runWorker(ThreadPoolExecutor.java:1112)
12-23 08:07:31.108  5078  5255 W System.err: 	at java.util.concurrent.ThreadPoolExecutor$Worker.run(ThreadPoolExecutor.java:587)
12-23 08:07:31.108  5078  5255 W System.err: 	at java.lang.Thread.run(Thread.java:818)
12-23 08:07:31.108  5078  5255 W System.err: 	at com.tencent.component.network.utils.thread.h.run(SourceFile:23)
12-23 08:07:31.109  2535  2535 I Launcher: Deferring update until onResume
12-23 08:07:31.209  2208  3464 W ActivityManager: getRunningAppProcesses: caller 10062 does not hold REAL_GET_TASKS; limiting output
12-23 08:07:31.209  5027  5298 D eup     : rqdp{  in AnalyticsDAO.query() start}
12-23 08:07:31.209  5027  5298 D eup     : rqdp{  query}  ( _type = 9 )  and _key = 'com.tencent.qqmusic'  and _time <= 9223372036854775807 
12-23 08:07:31.211  5027  5298 D eup     : rqdp{  in AnalyticsDAO.query() end}
12-23 08:07:31.212  5027  5298 D eup     : rqdp{  in AnalyticsDAO.query() start}
12-23 08:07:31.212  5027  5298 D eup     : rqdp{  query}  ( _type = 7 )  and _time <= 9223372036854775807 
12-23 08:07:31.214  5027  5298 I eup     : rqdp{  cids num :}2
12-23 08:07:31.214  5027  5298 D eup     : rqdp{  in AnalyticsDAO.paserCursor() start}
12-23 08:07:31.214  5027  5298 D eup     : rqdp{  in AnalyticsDAO.paserCursor() end}
12-23 08:07:31.215  5027  5298 D eup     : rqdp{  current addNum: }0
12-23 08:07:31.215  5027  5298 I eup     : rqdp{  total num: }2
12-23 08:07:31.215  5027  5298 D eup     : rqdp{  in AnalyticsDAO.query() end}
12-23 08:07:31.215  5027  5298 D eup     : rqdp{  de byte 2 obj}
12-23 08:07:31.216  5027  5298 D eup     : rqdp{  de byte 2 obj}
12-23 08:07:31.216  5027  5298 D eup     : rqdp{  start upload cmd:}200 rqdp{  url:}http://monitor.uu.qq.com/analytics/upload rqdp{  datas:}class com.tencent.feedback.proguard.as
12-23 08:07:31.216  5027  5298 D eup     : rqdp{  en2Req }
12-23 08:07:31.217  5027  5298 D eup     : rqdp{AppInfo.getUUID() Start}
12-23 08:07:31.217  5027  5298 D rqdp{ RDMUUID }:%s: 4fbc81ec-aab9-4f24-a5e0-467d6163af17
12-23 08:07:31.217  5027  5298 D eup     : rqdp{  [pid:}0S200D3PKF1UFLJI rqdp{  
12-23 08:07:31.217  5027  5298 D eup     : bid:}com.tencent.qqmusic_5.8.0.18 rqdp{  
12-23 08:07:31.217  5027  5298 D eup     : sid:}com.tencent.feedback_1.9.6 
12-23 08:07:31.217  5027  5298 D eup     : ]
12-23 08:07:31.219  5027  5298 D eup     : rqdp{  start req} http://monitor.uu.qq.com/analytics/upload rqdp{  sz:}227
12-23 08:07:31.219  5027  5298 D eup     : rqdp{  send:}http://monitor.uu.qq.com/analytics/upload rqdp{  sz:}227 rqdp{  apn:}f8:32:e4:a0:24:6d
12-23 08:07:33.366  2208  2269 W AudioTrack: AUDIO_OUTPUT_FLAG_FAST denied by client
12-23 08:07:33.366  2208  2250 I ActivityManager: START u0 {act=android.intent.action.MAIN cat=[android.intent.category.HOME] flg=0x10200000 cmp=com.android.launcher3/.Launcher} from uid 1000 on display 0
12-23 08:07:33.379  1935  2205 D audio_hw_primary: found out /dev/snd/pcmC0D0p
12-23 08:07:33.383  2208  2649 W ActivityManager: getTasks: caller 10062 does not hold REAL_GET_TASKS; limiting output
12-23 08:07:33.404  2208  2208 V ActivityManager: Display changed displayId=0
12-23 08:07:33.417  2208  2353 I ActivityManager: Config changes=480 {1.0 ?mcc?mnc en_US ?layoutDir sw720dp w1280dp h646dp 240dpi lrg long land -touch qwerty/v/v dpad/v s.17}
12-23 08:07:33.419  2208  2251 I InputReader: Reconfiguring input devices.  changes=0x00000004
12-23 08:07:33.422  3508  3508 D GeckoApplication: onConfigurationChanged: en_US, background: false
12-23 08:07:33.422  3508  3508 D GeckoLocales: No selected locale. No correction needed.
12-23 08:07:33.463  2535  2535 D Launcher.Workspace: 11683562 - removeExtraEmptyScreen()
12-23 08:07:33.463  2535  2535 D Launcher.Workspace: 11683562 - convertFinalScreenToEmptyScreenIfNecessary()
12-23 08:07:33.468  2208  2534 I WindowManager: Screen frozen for +83ms due to Window{1ceac21d u0 NavigationBar}
12-23 08:07:33.496  5027  5027 W IInputConnectionWrapper: showStatusIcon on inactive InputConnection
12-23 08:07:33.795  5027  5027 I tyrael  : setWnsBackground
12-23 08:07:33.796  5078  5098 W tyrael  : dispatchApplicationEnterBackground:com.tencent.wns.ipcclient.b@13f596b6
12-23 08:07:33.797  5027  5049 E QQMusicPatchManager: getAppRunTime = 13s
12-23 08:07:33.797  5027  5049 E QQMusicPatchManager: checkUpdate 
12-23 08:07:34.018  2535  2716 W OpenGLRenderer: Incorrectly called buildLayer on View: ShortcutAndWidgetContainer, destroying layer...
12-23 08:07:34.311  5309  5309 W linker  : [vdso]: unused DT entry: type 0x6ffffef5 arg 0x160
12-23 08:07:34.442  2327  2327 W ResourceType: No package identifier when getting value for resource number 0x00000000
12-23 08:07:34.442  2327  2327 W PackageManager: Failure retrieving resources for com.tencent.qqmusic: Resource ID #0x0
12-23 08:07:35.492  2208  2238 I art     : Explicit concurrent mark sweep GC freed 8585(591KB) AllocSpace objects, 11(1710KB) LOS objects, 33% free, 16MB/24MB, paused 238us total 11.778ms
12-23 08:07:36.692  1927  1927 D SurfaceFlinger: Set power mode=0, type=0 flinger=0x7f08f1462000
12-23 08:07:39.324  5311  5311 W linker  : [vdso]: unused DT entry: type 0x6ffffef5 arg 0x160
12-23 08:07:40.095  2208  2649 W ActivityManager: getRunningAppProcesses: caller 10059 does not hold REAL_GET_TASKS; limiting output
12-23 08:07:40.197  5314  5314 W linker  : [vdso]: unused DT entry: type 0x6ffffef5 arg 0x160
12-23 08:07:40.200  5317  5317 W linker  : [vdso]: unused DT entry: type 0x6ffffef5 arg 0x160
12-23 08:07:40.731  5027  5073 W System.err: java.net.UnknownHostException: Unable to resolve host "strategy.beacon.qq.com": No address associated with hostname
12-23 08:07:40.731  5027  5073 W System.err: 	at java.net.InetAddress.lookupHostByName(InetAddress.java:457)
12-23 08:07:40.731  5027  5073 W System.err: 	at java.net.InetAddress.getAllByNameImpl(InetAddress.java:252)
12-23 08:07:40.731  5027  5073 W System.err: 	at java.net.InetAddress.getAllByName(InetAddress.java:215)
12-23 08:07:40.731  5027  5073 W System.err: 	at org.apache.http.impl.conn.DefaultClientConnectionOperator.openConnection(DefaultClientConnectionOperator.java:142)
12-23 08:07:40.731  5027  5073 W System.err: 	at org.apache.http.impl.conn.AbstractPoolEntry.open(AbstractPoolEntry.java:169)
12-23 08:07:40.731  5027  5073 W System.err: 	at org.apache.http.impl.conn.AbstractPooledConnAdapter.open(AbstractPooledConnAdapter.java:124)
12-23 08:07:40.731  5027  5073 W System.err: 	at org.apache.http.impl.client.DefaultRequestDirector.execute(DefaultRequestDirector.java:365)
12-23 08:07:40.731  5027  5073 W System.err: 	at org.apache.http.impl.client.AbstractHttpClient.execute(AbstractHttpClient.java:560)
12-23 08:07:40.731  5027  5073 W System.err: 	at org.apache.http.impl.client.AbstractHttpClient.execute(AbstractHttpClient.java:492)
12-23 08:07:40.731  5027  5073 W System.err: 	at com.tencent.beacon.g.h$a.a(SourceFile:236)
12-23 08:07:40.731  5027  5073 W System.err: 	at com.tencent.beacon.g.h$a.a(SourceFile:120)
12-23 08:07:40.731  5027  5073 W System.err: 	at com.tencent.beacon.g.l.a(SourceFile:215)
12-23 08:07:40.731  5027  5073 W System.err: 	at com.tencent.beacon.a.b.f.run(SourceFile:223)
12-23 08:07:40.731  5027  5073 W System.err: 	at java.util.concurrent.Executors$RunnableAdapter.call(Executors.java:422)
12-23 08:07:40.731  5027  5073 W System.err: 	at java.util.concurrent.FutureTask.run(FutureTask.java:237)
12-23 08:07:40.731  5027  5073 W System.err: 	at java.util.concurrent.ScheduledThreadPoolExecutor$ScheduledFutureTask.access$201(ScheduledThreadPoolExecutor.java:152)
12-23 08:07:40.731  5027  5073 W System.err: 	at java.util.concurrent.ScheduledThreadPoolExecutor$ScheduledFutureTask.run(ScheduledThreadPoolExecutor.java:265)
12-23 08:07:40.731  5027  5073 W System.err: 	at java.util.concurrent.ThreadPoolExecutor.runWorker(ThreadPoolExecutor.java:1112)
12-23 08:07:40.731  5027  5073 W System.err: 	at java.util.concurrent.ThreadPoolExecutor$Worker.run(ThreadPoolExecutor.java:587)
12-23 08:07:40.731  5027  5073 W System.err: 	at java.lang.Thread.run(Thread.java:818)
12-23 08:07:40.731  5027  5073 W System.err: Caused by: android.system.GaiException: android_getaddrinfo failed: EAI_NODATA (No address associated with hostname)
12-23 08:07:40.732  5027  5073 W System.err: 	at libcore.io.Posix.android_getaddrinfo(Native Method)
12-23 08:07:40.732  5027  5073 W System.err: 	at libcore.io.ForwardingOs.android_getaddrinfo(ForwardingOs.java:55)
12-23 08:07:40.732  5027  5073 W System.err: 	at java.net.InetAddress.lookupHostByName(InetAddress.java:438)
12-23 08:07:40.732  5027  5073 W System.err: 	... 19 more
12-23 08:07:40.732  5027  5073 E beacon  : execute error:java.net.UnknownHostException: Unable to resolve host "strategy.beacon.qq.com": No address associated with hostname
12-23 08:07:41.106  5078  5253 W System.err: java.net.SocketTimeoutException: failed to connect to /182.254.116.116 (port 80) after 10000ms
12-23 08:07:41.106  5078  5253 W System.err: 	at libcore.io.IoBridge.connectErrno(IoBridge.java:169)
12-23 08:07:41.106  5078  5253 W System.err: 	at libcore.io.IoBridge.connect(IoBridge.java:122)
12-23 08:07:41.106  5078  5253 W System.err: 	at java.net.PlainSocketImpl.connect(PlainSocketImpl.java:183)
12-23 08:07:41.106  5078  5253 W System.err: 	at java.net.PlainSocketImpl.connect(PlainSocketImpl.java:456)
12-23 08:07:41.106  5078  5253 W System.err: 	at java.net.Socket.connect(Socket.java:882)
12-23 08:07:41.106  5078  5253 W System.err: 	at com.android.okhttp.internal.Platform.connectSocket(Platform.java:174)
12-23 08:07:41.106  5078  5253 W System.err: 	at com.android.okhttp.Connection.connect(Connection.java:152)
12-23 08:07:41.106  5078  5253 W System.err: 	at com.android.okhttp.internal.http.HttpEngine.connect(HttpEngine.java:276)
12-23 08:07:41.107  5078  5253 W System.err: 	at com.android.okhttp.internal.http.HttpEngine.sendRequest(HttpEngine.java:211)
12-23 08:07:41.107  5078  5253 W System.err: 	at com.android.okhttp.internal.http.HttpURLConnectionImpl.execute(HttpURLConnectionImpl.java:382)
12-23 08:07:41.107  5078  5253 W System.err: 	at com.android.okhttp.internal.http.HttpURLConnectionImpl.connect(HttpURLConnectionImpl.java:106)
12-23 08:07:41.107  5078  5253 W System.err: 	at com.tencent.component.network.module.common.a$b.a(SourceFile:427)
12-23 08:07:41.107  5078  5253 W System.err: 	at com.tencent.component.network.module.common.a$b.b(SourceFile:490)
12-23 08:07:41.107  5078  5253 W System.err: 	at com.tencent.component.network.utils.thread.j$f.run(SourceFile:133)
12-23 08:07:41.107  5078  5253 W System.err: 	at java.util.concurrent.ThreadPoolExecutor.runWorker(ThreadPoolExecutor.java:1112)
12-23 08:07:41.107  5078  5253 W System.err: 	at java.util.concurrent.ThreadPoolExecutor$Worker.run(ThreadPoolExecutor.java:587)
12-23 08:07:41.107  5078  5253 W System.err: 	at java.lang.Thread.run(Thread.java:818)
12-23 08:07:41.107  5078  5253 W System.err: 	at com.tencent.component.network.utils.thread.h.run(SourceFile:23)
12-23 08:07:41.160  5078  5255 W System.err: java.net.SocketTimeoutException: failed to connect to /182.254.116.116 (port 80) after 10000ms
12-23 08:07:41.160  5078  5255 W System.err: 	at libcore.io.IoBridge.connectErrno(IoBridge.java:169)
12-23 08:07:41.160  5078  5255 W System.err: 	at libcore.io.IoBridge.connect(IoBridge.java:122)
12-23 08:07:41.160  5078  5255 W System.err: 	at java.net.PlainSocketImpl.connect(PlainSocketImpl.java:183)
12-23 08:07:41.160  5078  5255 W System.err: 	at java.net.PlainSocketImpl.connect(PlainSocketImpl.java:456)
12-23 08:07:41.160  5078  5255 W System.err: 	at java.net.Socket.connect(Socket.java:882)
12-23 08:07:41.160  5078  5255 W System.err: 	at com.android.okhttp.internal.Platform.connectSocket(Platform.java:174)
12-23 08:07:41.160  5078  5255 W System.err: 	at com.android.okhttp.Connection.connect(Connection.java:152)
12-23 08:07:41.160  5078  5255 W System.err: 	at com.android.okhttp.internal.http.HttpEngine.connect(HttpEngine.java:276)
12-23 08:07:41.160  5078  5255 W System.err: 	at com.android.okhttp.internal.http.HttpEngine.sendRequest(HttpEngine.java:211)
12-23 08:07:41.160  5078  5255 W System.err: 	at com.android.okhttp.internal.http.HttpURLConnectionImpl.execute(HttpURLConnectionImpl.java:382)
12-23 08:07:41.160  5078  5255 W System.err: 	at com.android.okhttp.internal.http.HttpURLConnectionImpl.connect(HttpURLConnectionImpl.java:106)
12-23 08:07:41.160  5078  5255 W System.err: 	at com.tencent.component.network.module.common.a$b.a(SourceFile:427)
12-23 08:07:41.160  5078  5255 W System.err: 	at com.tencent.component.network.module.common.a$b.b(SourceFile:490)
12-23 08:07:41.160  5078  5255 W System.err: 	at com.tencent.component.network.utils.thread.j$f.run(SourceFile:133)
12-23 08:07:41.160  5078  5255 W System.err: 	at java.util.concurrent.ThreadPoolExecutor.runWorker(ThreadPoolExecutor.java:1112)
12-23 08:07:41.160  5078  5255 W System.err: 	at java.util.concurrent.ThreadPoolExecutor$Worker.run(ThreadPoolExecutor.java:587)
12-23 08:07:41.160  5078  5255 W System.err: 	at java.lang.Thread.run(Thread.java:818)
12-23 08:07:41.160  5078  5255 W System.err: 	at com.tencent.component.network.utils.thread.h.run(SourceFile:23)
12-23 08:07:41.594  5078  5116 W eup     : java.net.UnknownHostException: Unable to resolve host "monitor.uu.qq.com": No address associated with hostname
12-23 08:07:41.594  5078  5116 W eup     : 	at java.net.InetAddress.lookupHostByName(InetAddress.java:457)
12-23 08:07:41.594  5078  5116 W eup     : 	at java.net.InetAddress.getAllByNameImpl(InetAddress.java:252)
12-23 08:07:41.594  5078  5116 W eup     : 	at java.net.InetAddress.getAllByName(InetAddress.java:215)
12-23 08:07:41.594  5078  5116 W eup     : 	at org.apache.http.impl.conn.DefaultClientConnectionOperator.openConnection(DefaultClientConnectionOperator.java:142)
12-23 08:07:41.594  5078  5116 W eup     : 	at org.apache.http.impl.conn.AbstractPoolEntry.open(AbstractPoolEntry.java:169)
12-23 08:07:41.594  5078  5116 W eup     : 	at org.apache.http.impl.conn.AbstractPooledConnAdapter.open(AbstractPooledConnAdapter.java:124)
12-23 08:07:41.594  5078  5116 W eup     : 	at org.apache.http.impl.client.DefaultRequestDirector.execute(DefaultRequestDirector.java:365)
12-23 08:07:41.594  5078  5116 W eup     : 	at org.apache.http.impl.client.AbstractHttpClient.execute(AbstractHttpClient.java:560)
12-23 08:07:41.594  5078  5116 W eup     : 	at org.apache.http.impl.client.AbstractHttpClient.execute(AbstractHttpClient.java:492)
12-23 08:07:41.594  5078  5116 W eup     : 	at com.tencent.feedback.b.e$a.a(SourceFile:213)
12-23 08:07:41.594  5078  5116 W eup     : 	at com.tencent.feedback.b.e$a.a(SourceFile:113)
12-23 08:07:41.594  5078  5116 W eup     : 	at com.tencent.feedback.b.i.a(SourceFile:233)
12-23 08:07:41.594  5078  5116 W eup     : 	at com.tencent.feedback.proguard.ar.a(SourceFile:259)
12-23 08:07:41.594  5078  5116 W eup     : 	at com.tencent.feedback.proguard.ar.run(SourceFile:406)
12-23 08:07:41.594  5078  5116 W eup     : 	at java.util.concurrent.Executors$RunnableAdapter.call(Executors.java:422)
12-23 08:07:41.594  5078  5116 W eup     : 	at java.util.concurrent.FutureTask.run(FutureTask.java:237)
12-23 08:07:41.594  5078  5116 W eup     : 	at java.util.concurrent.ScheduledThreadPoolExecutor$ScheduledFutureTask.access$201(ScheduledThreadPoolExecutor.java:152)
12-23 08:07:41.594  5078  5116 W eup     : 	at java.util.concurrent.ScheduledThreadPoolExecutor$ScheduledFutureTask.run(ScheduledThreadPoolExecutor.java:265)
12-23 08:07:41.594  5078  5116 W eup     : 	at java.util.concurrent.ThreadPoolExecutor.runWorker(ThreadPoolExecutor.java:1112)
12-23 08:07:41.594  5078  5116 W eup     : 	at java.util.concurrent.ThreadPoolExecutor$Worker.run(ThreadPoolExecutor.java:587)
12-23 08:07:41.594  5078  5116 W eup     : 	at java.lang.Thread.run(Thread.java:818)
12-23 08:07:41.594  5078  5116 W eup     : Caused by: android.system.GaiException: android_getaddrinfo failed: EAI_NODATA (No address associated with hostname)
12-23 08:07:41.594  5078  5116 W eup     : 	at libcore.io.Posix.android_getaddrinfo(Native Method)
12-23 08:07:41.594  5078  5116 W eup     : 	at libcore.io.ForwardingOs.android_getaddrinfo(ForwardingOs.java:55)
12-23 08:07:41.594  5078  5116 W eup     : 	at java.net.InetAddress.lookupHostByName(InetAddress.java:438)
12-23 08:07:41.594  5078  5116 W eup     : 	... 20 more
12-23 08:07:41.594  5078  5116 E eup     : rqdp{  execute error }java.net.UnknownHostException: Unable to resolve host "monitor.uu.qq.com": No address associated with hostname
12-23 08:07:41.594  5078  5116 D eup     : rqdp{  recevied:}0
12-23 08:07:41.595  5078  5116 D eup     : rqdp{  try time} 2
12-23 08:07:44.336  5323  5323 W linker  : [vdso]: unused DT entry: type 0x6ffffef5 arg 0x160
12-23 08:07:49.345  5327  5327 W linker  : [vdso]: unused DT entry: type 0x6ffffef5 arg 0x160
12-23 08:07:50.203  5331  5331 W linker  : [vdso]: unused DT entry: type 0x6ffffef5 arg 0x160
12-23 08:07:50.205  5334  5334 W linker  : [vdso]: unused DT entry: type 0x6ffffef5 arg 0x160
12-23 08:07:50.207  5335  5335 W linker  : [vdso]: unused DT entry: type 0x6ffffef5 arg 0x160
12-23 08:07:50.208  5336  5336 W linker  : [vdso]: unused DT entry: type 0x6ffffef5 arg 0x160
12-23 08:07:50.210  5337  5337 W linker  : [vdso]: unused DT entry: type 0x6ffffef5 arg 0x160
12-23 08:07:50.213  5346  5346 W linker  : [vdso]: unused DT entry: type 0x6ffffef5 arg 0x160
12-23 08:07:50.215  5350  5350 W linker  : [vdso]: unused DT entry: type 0x6ffffef5 arg 0x160
12-23 08:07:50.217  5351  5351 W linker  : [vdso]: unused DT entry: type 0x6ffffef5 arg 0x160
12-23 08:07:50.218  5352  5352 W linker  : [vdso]: unused DT entry: type 0x6ffffef5 arg 0x160
12-23 08:07:50.220  5353  5353 W linker  : [vdso]: unused DT entry: type 0x6ffffef5 arg 0x160
12-23 08:07:50.741  5078  5125 W System.err: java.net.UnknownHostException: Unable to resolve host "strategy.beacon.qq.com": No address associated with hostname
12-23 08:07:50.741  5078  5125 W System.err: 	at java.net.InetAddress.lookupHostByName(InetAddress.java:457)
12-23 08:07:50.741  5078  5125 W System.err: 	at java.net.InetAddress.getAllByNameImpl(InetAddress.java:252)
12-23 08:07:50.741  5078  5125 W System.err: 	at java.net.InetAddress.getAllByName(InetAddress.java:215)
12-23 08:07:50.741  5078  5125 W System.err: 	at org.apache.http.impl.conn.DefaultClientConnectionOperator.openConnection(DefaultClientConnectionOperator.java:142)
12-23 08:07:50.741  5078  5125 W System.err: 	at org.apache.http.impl.conn.AbstractPoolEntry.open(AbstractPoolEntry.java:169)
12-23 08:07:50.741  5078  5125 W System.err: 	at org.apache.http.impl.conn.AbstractPooledConnAdapter.open(AbstractPooledConnAdapter.java:124)
12-23 08:07:50.741  5078  5125 W System.err: 	at org.apache.http.impl.client.DefaultRequestDirector.execute(DefaultRequestDirector.java:365)
12-23 08:07:50.741  5078  5125 W System.err: 	at org.apache.http.impl.client.AbstractHttpClient.execute(AbstractHttpClient.java:560)
12-23 08:07:50.741  5078  5125 W System.err: 	at org.apache.http.impl.client.AbstractHttpClient.execute(AbstractHttpClient.java:492)
12-23 08:07:50.741  5078  5125 W System.err: 	at com.tencent.beacon.g.h$a.a(SourceFile:236)
12-23 08:07:50.741  5078  5125 W System.err: 	at com.tencent.beacon.g.h$a.a(SourceFile:120)
12-23 08:07:50.741  5078  5125 W System.err: 	at com.tencent.beacon.g.l.a(SourceFile:215)
12-23 08:07:50.741  5078  5125 W System.err: 	at com.tencent.beacon.a.b.f.run(SourceFile:223)
12-23 08:07:50.741  5078  5125 W System.err: 	at java.util.concurrent.Executors$RunnableAdapter.call(Executors.java:422)
12-23 08:07:50.741  5078  5125 W System.err: 	at java.util.concurrent.FutureTask.run(FutureTask.java:237)
