01-06 07:01:01.390 21730 21880 W System.err: 	at com.tencent.qqmusicplayerprocess.servicenew.p.ax(SourceFile:1300)
01-06 07:01:01.390 21730 21880 W System.err: 	at com.tencent.qqmusiccommon.statistics.StaticsXmlBuilder.<init>(SourceFile:61)
01-06 07:01:01.390 21730 21880 W System.err: 	at com.tencent.qqmusiccommon.statistics.VelocityStatistics.<init>(SourceFile:62)
01-06 07:01:01.390 21730 21880 W System.err: 	at com.tencent.qqmusicplayerprocess.network.a.a.a(SourceFile:135)
01-06 07:01:01.390 21730 21880 W System.err: 	at com.tencent.qqmusicplayerprocess.network.a.b$a.run(SourceFile:69)
01-06 07:01:01.396 21730 21880 W System.err: java.lang.Exception: Interface not registered
01-06 07:01:01.396 21730 21880 W System.err: 	at com.tencent.qqmusicplayerprocess.servicenew.e.b(SourceFile:34)
01-06 07:01:01.396 21730 21880 W System.err: 	at com.tencent.qqmusicplayerprocess.servicenew.QQPlayerServiceNew.a(SourceFile:151)
01-06 07:01:01.396 21730 21880 W System.err: 	at com.tencent.qqmusicplayerprocess.servicenew.p.ax(SourceFile:1300)
01-06 07:01:01.396 21730 21880 W System.err: 	at com.tencent.qqmusiccommon.statistics.StaticsXmlBuilder.<init>(SourceFile:61)
01-06 07:01:01.396 21730 21880 W System.err: 	at com.tencent.qqmusiccommon.statistics.VelocityStatistics.<init>(SourceFile:62)
01-06 07:01:01.396 21730 21880 W System.err: 	at com.tencent.qqmusicplayerprocess.network.a.a.a(SourceFile:135)
01-06 07:01:01.396 21730 21880 W System.err: 	at com.tencent.qqmusicplayerprocess.network.a.b$a.run(SourceFile:69)
01-06 07:01:01.426 21730 21768 D eup     : rqdp{  update strategy} 302 rqdp{  true}
01-06 07:01:01.427 21730 21768 D eup     : rqdp{  crashStrategy}[]
01-06 07:01:01.427 21730 21768 W eup     : rqdp{  no handler key:}301
01-06 07:01:01.427 21730 21768 D eup     : rqdp{  key:}300 rqdp{  handler: }class com.tencent.feedback.proguard.am
01-06 07:01:01.427 21730 21768 D eup     : rqdp{  useSStrategy changed to} false
01-06 07:01:01.427 21730 21768 D eup     : rqdp{  url same to} http://monitor.uu.qq.com/analytics/upload
01-06 07:01:01.427 21730 21768 D eup     : rqdp{  upStrategy changed to} 3
01-06 07:01:01.427 21730 21768 D eup     : rqdp{  za changed:}2
01-06 07:01:01.427 21730 21768 D eup     : rqdp{  mid:}3 rqdp{  , need detail changed:}true 
01-06 07:01:01.427 21730 21768 D eup     : rqdp{  mid:}3 rqdp{  , url same:}http://monitor.uu.qq.com/analytics/upload
01-06 07:01:01.427 21730 21768 W eup     : rqdp{  imposiable! module base strategy not ready! mId:}1
01-06 07:01:01.427 21730 21768 W eup     : rqdp{  imposiable! module base strategy not ready! mId:}2
01-06 07:01:01.427 21730 21768 D eup     : rqdp{  update common strategy should save}
01-06 07:01:01.445  1867  2115 E Vold    : Failed to find mounted volume for /storage/usb1/Android/data/com.tencent.qqmusic/cache/
01-06 07:01:01.445 21679 21962 W ContextImpl: Failed to ensure directory: /storage/usb1/Android/data/com.tencent.qqmusic/cache
01-06 07:01:01.445  1867  2115 E Vold    : Failed to find mounted volume for /storage/usb2/Android/data/com.tencent.qqmusic/cache/
01-06 07:01:01.445 21679 21962 W ContextImpl: Failed to ensure directory: /storage/usb2/Android/data/com.tencent.qqmusic/cache
01-06 07:01:01.445  1867  2115 E Vold    : Failed to find mounted volume for /storage/usb3/Android/data/com.tencent.qqmusic/cache/
01-06 07:01:01.445 21679 21962 W ContextImpl: Failed to ensure directory: /storage/usb3/Android/data/com.tencent.qqmusic/cache
01-06 07:01:01.445  1867  2115 E Vold    : Failed to find mounted volume for /storage/sdcard1/Android/data/com.tencent.qqmusic/cache/
01-06 07:01:01.446 21679 21962 W ContextImpl: Failed to ensure directory: /storage/sdcard1/Android/data/com.tencent.qqmusic/cache
01-06 07:01:01.446  1867  2115 E Vold    : Failed to find mounted volume for /storage/usb1/Android/data/com.tencent.qqmusic/cache/
01-06 07:01:01.446 21679 21962 W ContextImpl: Failed to ensure directory: /storage/usb1/Android/data/com.tencent.qqmusic/cache
01-06 07:01:01.446  1867  2115 E Vold    : Failed to find mounted volume for /storage/usb2/Android/data/com.tencent.qqmusic/cache/
01-06 07:01:01.446 21679 21962 W ContextImpl: Failed to ensure directory: /storage/usb2/Android/data/com.tencent.qqmusic/cache
01-06 07:01:01.446  1867  2115 E Vold    : Failed to find mounted volume for /storage/usb3/Android/data/com.tencent.qqmusic/cache/
01-06 07:01:01.447 21679 21962 W ContextImpl: Failed to ensure directory: /storage/usb3/Android/data/com.tencent.qqmusic/cache
01-06 07:01:01.447  1867  2115 E Vold    : Failed to find mounted volume for /storage/sdcard1/Android/data/com.tencent.qqmusic/cache/
01-06 07:01:01.447 21679 21962 W ContextImpl: Failed to ensure directory: /storage/sdcard1/Android/data/com.tencent.qqmusic/cache
01-06 07:01:01.451 21972 21972 W linker  : [vdso]: unused DT entry: type 0x6ffffef5 arg 0x160
01-06 07:01:01.458 21679 21725 E beacon  : ChannelID: 73820
01-06 07:01:01.510 21679 21890 W Profiler: perf.scanner_speed_test.save to repository result finish. duration: 1367.0
01-06 07:01:01.510 21679 21890 W Profiler: perf.扫描性能测试.入库完成 duration: 1933.0
01-06 07:01:01.510 21679 21890 D LogPoint: scansongs-2|scan songs in table|<17460648666922>
01-06 07:01:01.511 21679 21890 W Profiler: perf.scanner_speed_test.update UI. duration: 1368.0
01-06 07:01:01.511 21679 21890 W Profiler: perf.扫描性能测试.更新界面 duration: 1934.0
01-06 07:01:01.511 21679 21890 W Profiler: perf.扫描性能测试.end duration: 1934.0
01-06 07:01:01.511 21679 21890 W Profiler: perf.1_APP_FULL_SCAN_LOCAL_FINISH.end duration: 1934.0
01-06 07:01:01.511 21679 21890 W Profiler: perf.scanner_speed_test.Scan Songs From Disk Finish. duration: 1368.0
01-06 07:01:01.511 21679 21890 I FILE_SCANER: reset
01-06 07:01:01.512 17635 17635 D MediaScannerReceiver: action: android.intent.action.MEDIA_SCANNER_SCAN_FILE path: /storage/usb0/图片测试/vedio测试/火鸟.mp3
01-06 07:01:01.512 17635 17635 D MediaScannerReceiver: action: android.intent.action.MEDIA_SCANNER_SCAN_FILE path: /storage/usb0/图片测试/vedio测试/song.mp3
01-06 07:01:01.571 21730 21768 D eup     : rqdp{  update strategy} 300 rqdp{  true}
01-06 07:01:01.571 21730 21768 D eup     : rqdp{  com strategy changed notify!}
01-06 07:01:01.571 21730 21768 D eup     : rqdp{  com strateyg changed }class com.tencent.feedback.eup.n
01-06 07:01:01.571 21730 21768 I eup     : rqdp{  req:}200 rqdp{  res:}305 rqdp{  send:}227 rqdp{  recv:}351 rqdp{  result:}true rqdp{  msg:}null
01-06 07:01:01.571 21730 21768 D eup     : rqdp{  in AnalyticsDAO.query() start}
01-06 07:01:01.571 21730 21768 D eup     : rqdp{  query}  ( _type = 7 )  and _time <= 9223372036854775807 
01-06 07:01:01.574 21730 21768 I eup     : rqdp{  cids num :}2
01-06 07:01:01.574 21730 21768 D eup     : rqdp{  in AnalyticsDAO.paserCursor() start}
01-06 07:01:01.575 21730 21768 D eup     : rqdp{  in AnalyticsDAO.paserCursor() end}
01-06 07:01:01.575 21730 21768 D eup     : rqdp{  current addNum: }0
01-06 07:01:01.575 21730 21768 I eup     : rqdp{  total num: }2
01-06 07:01:01.575 21730 21768 D eup     : rqdp{  in AnalyticsDAO.query() end}
01-06 07:01:01.575 21730 21768 D eup     : rqdp{  de byte 2 obj}
01-06 07:01:01.575 21730 21768 D eup     : rqdp{  de byte 2 obj}
01-06 07:01:01.576 21730 21768 D eup     : rqdp{  en obj 2 bytes}
01-06 07:01:01.576 21730 21768 D eup     : rqdp{  en obj 2 bytes}
01-06 07:01:01.576 21730 21768 D eup     : rqdp{  insertOrUpdate alyticsBeans start!}
01-06 07:01:01.718 21730 21768 D eup     : rqdp{  result id:}1
01-06 07:01:01.816 21730 21768 D eup     : rqdp{  result id:}2
01-06 07:01:01.817 21730 21768 D eup     : rqdp{  insertOrUpdate alyticsBeans end}
01-06 07:01:01.817 21730 21768 D eup     : rqdp{  [total:}[tp:0 , st:1452063660703 ,counts:1, wifi:0 , notWifi:578 , up:227 , dn:351]]rqdp{  
01-06 07:01:01.817 21730 21768 D eup     : [today:}[tp:1 , st:1452063660703 ,counts:1, wifi:0 , notWifi:578 , up:227 , dn:351]]
01-06 07:01:01.817 21730 21768 D eup     : rqdp{  on query end!}
01-06 07:01:01.818 21730 21768 D eup     : rqdp{  step }3
01-06 07:01:01.818 21730 21768 D eup     : rqdp{  notify Query end}
01-06 07:01:01.818 21730 21768 D eup     : rqdp{  com query end }class com.tencent.feedback.eup.n
01-06 07:01:01.818 21730 21768 D eup     : rqdp{  step after query}
01-06 07:01:01.818 21730 21768 D eup     : rqdp{  isable}
01-06 07:01:01.818 21730 21768 D eup     : rqdp{  needDetail} true rqdp{  allQ:}false rqdp{  result:}false
01-06 07:01:01.818 21730 21768 D eup     : rqdp{  in merge}
01-06 07:01:01.819 21730 21768 D eup     : rqdp{  getEupInMe}
01-06 07:01:01.819 21730 21768 D eup     : rqdp{  EUPDAO.queryEupRecent() start}
01-06 07:01:01.819 21730 21768 D eup     : rqdp{  in AnalyticsDAO.query() start}
01-06 07:01:01.819 21730 21768 D eup     : rqdp{  query}  ( _type = 1 or _type = 2 )  and _upCounts <= 3  and _time >= 1452038400000  and _state = 0 
01-06 07:01:01.822 21730 21768 D eup     : rqdp{  in AnalyticsDAO.query() end}
01-06 07:01:01.822 21730 21768 D eup     : rqdp{  EUPDAO.queryEupRecent() start}
01-06 07:01:01.823 21730 21768 D eup     : rqdp{  in AnalyticsDAO.query() start}
01-06 07:01:01.823 21730 21768 D eup     : rqdp{  query}  ( _type = 1 or _type = 2 )  and _count >= 2  and _upCounts <= 3  and _time <= 1452038400000 
01-06 07:01:01.825 21730 21768 D eup     : rqdp{  in AnalyticsDAO.query() end}
01-06 07:01:01.825 21730 21768 D eup     : rqdp{  EUPDAO.queryEupRecent() start}
01-06 07:01:01.825 21730 21768 D eup     : rqdp{  in AnalyticsDAO.query() start}
01-06 07:01:01.826 21730 21768 D eup     : rqdp{  query}  ( _type = 1 or _type = 2 )  and _count >= 0  and _count <= 1  and _time >= 3  and _time <= 1452038400000  and _state = 0 
01-06 07:01:01.828 21730 21768 D eup     : rqdp{  in AnalyticsDAO.query() end}
01-06 07:01:01.828 21730 21768 D eup     : rqdp{  EUPDAO.insertOrUpdateEupList() start}
01-06 07:01:01.829 21730 21768 W eup     : rqdp{  context == null ||| list == null || list.size() <= 0,pls check}
01-06 07:01:01.829 21730 21768 D eup     : rqdp{  EUPDAO.deleteEup() start}
01-06 07:01:01.829 21730 21768 D eup     : rqdp{  AnalyticsDAO.delete() start}
01-06 07:01:01.829 21730 21768 D eup     : rqdp{  delete where: }_time >= -1 and _time <= 9223372036854775807 and _upCounts >= 3 and ( _type = 1 or _type = 2 )
01-06 07:01:01.831 21730 21768 D eup     : rqdp{  deleted num: }0
01-06 07:01:01.832 21730 21768 D eup     : rqdp{  AnalyticsDAO.delete() end}
01-06 07:01:01.832 21730 21768 D eup     : remove fail updata num :0
01-06 07:01:01.832 21730 21768 I eup     : close brocast!
01-06 07:01:01.832 21730 21768 I eup     : on query end clear
01-06 07:01:01.832 21730 21768 I eup     : rqdp{ start to find native record}
01-06 07:01:01.833 21730 21768 I eup     : rqdp{  start to clean} tomb_.* rqdp{  in dir} /storage/emulated/0/qqmusic/eup rqdp{  which time <} 1451174400000 rqdp{  and max file nums should <} 10
01-06 07:01:01.833 21730 21768 I eup     : rqdp{  clean end!}
01-06 07:01:01.834 21730 21768 D eup     : rqdp{  next time} 21600000
01-06 07:01:01.834 21730 21768 D eup     : rqdp{  step }4
01-06 07:01:02.170 21679 21679 I TencentPay: networktype | -1
01-06 07:01:02.171 21679 21679 I TencentPay: APMidasJS | isWSJ2 e:java.lang.NoSuchFieldException: wsjIdentify
01-06 07:01:02.171 21679 21679 I TencentPay: APMidasLoadJS | init enter jsVersion:1.0.1 context:com.tencent.qqmusic.MusicApplication@21fa1ac1
01-06 07:01:02.174 21679 21679 I TencentPay: APMidasUpdateJS | getJSVersionFromFile version:
01-06 07:01:02.174 21679 21679 I TencentPay: APMidasUpdateJS | getJSMD5FromFile rsaMD5:
01-06 07:01:02.174 21679 21679 I TencentPay: APMidasLoadJS | init version: md5:
01-06 07:01:02.181 21679 21679 I MemTotal:       16322740 kB: MemTotal:	
01-06 07:01:02.182 21679 21679 I MemTotal:       16322740 kB: 16322740	
01-06 07:01:02.182 21679 21679 I MemTotal:       16322740 kB: kB	
01-06 07:01:02.182 21679 21679 I System.out: cpuinfo=ARMv7 processor rev 1 (v7l)  cupinfo2=1500.0
01-06 07:01:02.186 21679 21975 I TencentPay: shihao | timeName:sdk.init.getApkVersion.time,time:11; action:
01-06 07:01:02.186 21679 21975 I TencentPay: insertTimeData interfaceName= | init
01-06 07:01:02.186 21679 21975 I TencentPay: insertTimeData timeName= | sdk.init.getApkVersion.time
01-06 07:01:02.186 21679 21975 I TencentPay: insertTimeData time= | 11
01-06 07:01:02.186 21679 21679 I MID     : read mid from Settings.System
01-06 07:01:02.187 21679 21975 I TencentPay: insertData format | sdk.apk.time
01-06 07:01:02.188 21679 21679 I TencentPay: initOnce | isNeedExtra:true initso:false
01-06 07:01:02.188 21679 21679 I TencentPay: APPluginUtils | APPluginUtils getInstallPath pluginName:MidasPay sInstallPathMap:{MidasPay=/data/data/com.tencent.qqmusic/app_midasplugins/MidasPay_1.5.1_30_22090f2c0331f878865f9967e6b97dc6.apk}
01-06 07:01:02.188 21679 21679 I TencentPay: APPluginUtils | APPluginUtils getInstallPath installFile:/data/data/com.tencent.qqmusic/app_midasplugins/MidasPay_1.5.1_30_22090f2c0331f878865f9967e6b97dc6.apk
01-06 07:01:02.190 21679 21679 I TencentPay: APPluginUtils | extractLibs end to dirToExtract:armeabi
01-06 07:01:02.193 21679 21975 I TencentPay: shihao | timeName:sdk.init.getLocalIp.time,time:0; action:
01-06 07:01:02.193 21679 21975 I TencentPay: insertTimeData interfaceName= | init
01-06 07:01:02.193 21679 21975 I TencentPay: insertTimeData timeName= | sdk.init.getLocalIp.time
01-06 07:01:02.193 21679 21975 I TencentPay: insertTimeData time= | 0
01-06 07:01:02.193 21679 21975 I TencentPay: insertData format | sdk.apk.time
01-06 07:01:02.194 21679 21975 I TencentPay: shihao | timeName:sdk.init.getDeviceId.time,time:0; action:
01-06 07:01:02.194 21679 21975 I TencentPay: insertTimeData interfaceName= | init
01-06 07:01:02.194 21679 21975 I TencentPay: insertTimeData timeName= | sdk.init.getDeviceId.time
01-06 07:01:02.194 21679 21975 I TencentPay: insertTimeData time= | 0
01-06 07:01:02.194 21679 21975 I TencentPay: insertData format | sdk.apk.time
01-06 07:01:02.196 21679 21679 I TencentPay: initOnce | init so done
01-06 07:01:02.196 21679 21679 I TencentPay: insertData format | sdk.wsj.isInstall
01-06 07:01:02.196 21679 21975 W System.err: java.io.FileNotFoundException: /storage/emulated/0/Tencent/Midas.xml: open failed: ENOENT (No such file or directory)
01-06 07:01:02.197 21679 21975 W System.err: 	at libcore.io.IoBridge.open(IoBridge.java:456)
01-06 07:01:02.197 21679 21975 W System.err: 	at java.io.FileInputStream.<init>(FileInputStream.java:76)
01-06 07:01:02.197 21679 21975 W System.err: 	at java.io.FileInputStream.<init>(FileInputStream.java:103)
01-06 07:01:02.197 21679 21975 W System.err: 	at com.pay.tool.APIOXml.readInfoFromXML(Unknown Source)
01-06 07:01:02.197 21679 21975 W System.err: 	at com.pay.tool.APTools.readInfoSDCard(Unknown Source)
01-06 07:01:02.197 21679 21975 W System.err: 	at com.pay.tool.APTools.readInfoSDCard(Unknown Source)
01-06 07:01:02.197 21679 21975 W System.err: 	at com.pay.tool.d.run(Unknown Source)
01-06 07:01:02.197 21679 21975 W System.err: 	at java.lang.Thread.run(Thread.java:818)
01-06 07:01:02.197 21679 21975 W System.err: Caused by: android.system.ErrnoException: open failed: ENOENT (No such file or directory)
01-06 07:01:02.197 21679 21975 W System.err: 	at libcore.io.Posix.open(Native Method)
01-06 07:01:02.197 21679 21975 W System.err: 	at libcore.io.BlockGuardOs.open(BlockGuardOs.java:186)
01-06 07:01:02.197 21679 21975 W System.err: 	at libcore.io.IoBridge.open(IoBridge.java:442)
01-06 07:01:02.197 21679 21975 W System.err: 	... 7 more
01-06 07:01:02.197 21679 21975 I TencentPay: shihao | timeName:sdk.init.readSDinfo.time,time:2; action:
01-06 07:01:02.197 21679 21975 I TencentPay: insertTimeData interfaceName= | init
01-06 07:01:02.197 21679 21975 I TencentPay: insertTimeData timeName= | sdk.init.readSDinfo.time
01-06 07:01:02.197 21679 21975 I TencentPay: insertTimeData time= | 2
01-06 07:01:02.197 21679 21975 I TencentPay: insertData format | sdk.apk.time
01-06 07:01:02.197 21679 21679 I TencentPay: 微信版本号 | 微信版本号：6.3.8.56_re6b2553
01-06 07:01:02.198 21679 21679 D houdini : [21679] Added shared library /data/data/com.tencent.qqmusic/app_midaslib_2/libunipayutils.so for ClassLoader by Native Bridge.
01-06 07:01:02.214 21679 21679 I TencentPay: APIPList | random = 5 ipArrayList.size = 8
01-06 07:01:02.216 21679 21679 W System.err: java.io.FileNotFoundException: /storage/emulated/0/Tencent/Midas.xml: open failed: ENOENT (No such file or directory)
01-06 07:01:02.216 21679 21679 W System.err: 	at libcore.io.IoBridge.open(IoBridge.java:456)
01-06 07:01:02.216 21679 21679 W System.err: 	at java.io.FileInputStream.<init>(FileInputStream.java:76)
01-06 07:01:02.216 21679 21679 W System.err: 	at java.io.FileInputStream.<init>(FileInputStream.java:103)
01-06 07:01:02.216 21679 21679 W System.err: 	at com.pay.tool.APIOXml.readInfoFromXML(Unknown Source)
01-06 07:01:02.216 21679 21679 W System.err: 	at com.pay.tool.APTools.readInfoSDCard(Unknown Source)
01-06 07:01:02.216 21679 21679 W System.err: 	at com.pay.APAndroidPay.a(Unknown Source)
01-06 07:01:02.216 21679 21679 W System.err: 	at com.pay.APAndroidPay.b(Unknown Source)
01-06 07:01:02.216 21679 21679 W System.err: 	at com.pay.APAndroidPay.GlobalInitialize(Unknown Source)
01-06 07:01:02.216 21679 21679 W System.err: 	at com.pay.api.APAndroidPayAPI.globalInit(Unknown Source)
01-06 07:01:02.216 21679 21679 W System.err: 	at com.tencent.midas.pay.APMidasDistribute.golbalInit(Unknown Source)
01-06 07:01:02.216 21679 21679 W System.err: 	at java.lang.reflect.Method.invoke(Native Method)
01-06 07:01:02.216 21679 21679 W System.err: 	at java.lang.reflect.Method.invoke(Method.java:372)
01-06 07:01:02.216 21679 21679 W System.err: 	at com.tencent.midas.plugin.APPluginProxyActivity.initPluginInterface(Unknown Source)
01-06 07:01:02.216 21679 21679 W System.err: 	at com.tencent.midas.control.h.run(Unknown Source)
01-06 07:01:02.216 21679 21679 W System.err: 	at android.os.Handler.handleCallback(Handler.java:739)
01-06 07:01:02.216 21679 21679 W System.err: 	at android.os.Handler.dispatchMessage(Handler.java:95)
01-06 07:01:02.216 21679 21679 W System.err: 	at android.os.Looper.loop(Looper.java:135)
01-06 07:01:02.216 21679 21679 W System.err: 	at android.app.ActivityThread.main(ActivityThread.java:5254)
01-06 07:01:02.216 21679 21679 W System.err: 	at java.lang.reflect.Method.invoke(Native Method)
01-06 07:01:02.216 21679 21679 W System.err: 	at java.lang.reflect.Method.invoke(Method.java:372)
01-06 07:01:02.216 21679 21679 W System.err: 	at com.android.internal.os.ZygoteInit$MethodAndArgsCaller.run(ZygoteInit.java:903)
01-06 07:01:02.216 21679 21679 W System.err: 	at com.android.internal.os.ZygoteInit.main(ZygoteInit.java:698)
01-06 07:01:02.216 21679 21679 W System.err: Caused by: android.system.ErrnoException: open failed: ENOENT (No such file or directory)
01-06 07:01:02.216 21679 21679 W System.err: 	at libcore.io.Posix.open(Native Method)
01-06 07:01:02.216 21679 21679 W System.err: 	at libcore.io.BlockGuardOs.open(BlockGuardOs.java:186)
01-06 07:01:02.216 21679 21679 W System.err: 	at libcore.io.IoBridge.open(IoBridge.java:442)
01-06 07:01:02.216 21679 21679 W System.err: 	... 21 more
01-06 07:01:02.217 21679 21679 I TencentPay: MidasDeviceId | 9679b478-fe91-4d87-bf77-b9dbb55f92c1
01-06 07:01:02.218 21679 21679 I MID     : read mid from Settings.System
01-06 07:01:02.218 21679 21679 I TencentPay: GlobalInitialize |  plugin version
01-06 07:01:02.218 21679 21679 I TencentPay: shihao | timeName:sdk.init.totaltime,time:50; action:
01-06 07:01:02.218 21679 21679 I TencentPay: insertTimeData interfaceName= | init
01-06 07:01:02.218 21679 21679 I TencentPay: insertTimeData timeName= | sdk.init.totaltime
01-06 07:01:02.218 21679 21679 I TencentPay: insertTimeData time= | 50
01-06 07:01:02.218 21679 21679 I TencentPay: insertData format | sdk.apk.time
01-06 07:01:02.219 21679 21679 I TencentPay: APPLuginProxyActivity | initPluginInterface obj=null
01-06 07:01:02.219 21679 21679 I TencentPay: 时耗 | timeName:sdk.plugin.init.kernel.totaltime,time1511
01-06 07:01:02.219 21679 21679 I TencentPay: insertTimeData interfaceName= | init
01-06 07:01:02.219 21679 21679 I TencentPay: insertTimeData timeName= | sdk.plugin.init.kernel.totaltime
01-06 07:01:02.219 21679 21679 I TencentPay: insertTimeData time= | 1511
01-06 07:01:02.219 21679 21679 I TencentPay: APMidasPayHelper | init ret:0 msg:succ
01-06 07:01:02.219 21679 21679 I TencentPay: APMidasPayHelper | openPlugin obj:null
01-06 07:01:02.219 21679 21679 I TencentPay: insertTimeData interfaceName= | init
01-06 07:01:02.219 21679 21679 I TencentPay: insertTimeData timeName= | sdk.plugin.init.totaltime
01-06 07:01:02.220 21679 21679 I Choreographer: Skipped 90 frames!  The application may be doing too much work on its main thread.
01-06 07:01:02.243  2149  2180 I ActivityManager: Displayed com.tencent.qqmusic/.activity.NewGuideActivity: +1s855ms
01-06 07:01:02.258 21679 21679 D LogPoint: scansongs-3|scan songs flush ui|<17461396794473>
01-06 07:01:02.259 21982 21982 W linker  : [vdso]: unused DT entry: type 0x6ffffef5 arg 0x160
01-06 07:01:02.265  2149  3044 W ActivityManager: getTasks: caller 10115 does not hold REAL_GET_TASKS; limiting output
01-06 07:01:02.283 21679 21986 W System.err: java.lang.NullPointerException: Attempt to invoke virtual method 'boolean java.lang.String.equals(java.lang.Object)' on a null object reference
01-06 07:01:02.283 21679 21986 W System.err: 	at android.app.ContextImpl.createPackageContextAsUser(ContextImpl.java:2156)
01-06 07:01:02.283 21679 21986 W System.err: 	at android.app.ContextImpl.createPackageContext(ContextImpl.java:2148)
01-06 07:01:02.283 21679 21986 W System.err: 	at android.content.ContextWrapper.createPackageContext(ContextWrapper.java:671)
01-06 07:01:02.283 21679 21986 W System.err: 	at com.tencent.smtt.sdk.e.c(Unknown Source)
01-06 07:01:02.283 21679 21986 W System.err: 	at com.tencent.smtt.sdk.e.a(Unknown Source)
01-06 07:01:02.283 21679 21986 W System.err: 	at com.tencent.smtt.sdk.e.i(Unknown Source)
01-06 07:01:02.283 21679 21986 W System.err: 	at com.tencent.smtt.sdk.e.k(Unknown Source)
01-06 07:01:02.283 21679 21986 W System.err: 	at com.tencent.smtt.sdk.e.g(Unknown Source)
01-06 07:01:02.283 21679 21986 W System.err: 	at com.tencent.smtt.sdk.QbSdk.a(Unknown Source)
01-06 07:01:02.283 21679 21986 W System.err: 	at com.tencent.smtt.sdk.as.a(Unknown Source)
01-06 07:01:02.283 21679 21986 W System.err: 	at com.tencent.smtt.sdk.aq.run(Unknown Source)
01-06 07:01:02.283 21679 21986 E loaderror: TBS:302
01-06 07:01:02.283 21679 21986 W System.err: java.lang.NullPointerException: Attempt to invoke virtual method 'boolean java.lang.String.equals(java.lang.Object)' on a null object reference
01-06 07:01:02.283 21679 21986 W System.err: 	at android.app.ContextImpl.createPackageContextAsUser(ContextImpl.java:2156)
01-06 07:01:02.283 21679 21986 W System.err: 	at android.app.ContextImpl.createPackageContext(ContextImpl.java:2148)
01-06 07:01:02.283 21679 21986 W System.err: 	at android.content.ContextWrapper.createPackageContext(ContextWrapper.java:671)
01-06 07:01:02.283 21679 21986 W System.err: 	at com.tencent.smtt.sdk.e.c(Unknown Source)
01-06 07:01:02.283 21679 21986 W System.err: 	at com.tencent.smtt.sdk.e.a(Unknown Source)
01-06 07:01:02.283 21679 21986 W System.err: 	at com.tencent.smtt.sdk.e.i(Unknown Source)
01-06 07:01:02.283 21679 21986 W System.err: 	at com.tencent.smtt.sdk.e.k(Unknown Source)
01-06 07:01:02.283 21679 21986 W System.err: 	at com.tencent.smtt.sdk.e.g(Unknown Source)
01-06 07:01:02.283 21679 21986 W System.err: 	at com.tencent.smtt.sdk.e.h(Unknown Source)
01-06 07:01:02.283 21679 21986 W System.err: 	at com.tencent.smtt.sdk.bj.c(Unknown Source)
01-06 07:01:02.283 21679 21986 W System.err: 	at com.tencent.smtt.sdk.as.a(Unknown Source)
01-06 07:01:02.283 21679 21986 W System.err: 	at com.tencent.smtt.sdk.aq.run(Unknown Source)
01-06 07:01:02.283 21679 21986 E TbsShareManager: TBS:isShareTbsCoreAvailable forceSysWebViewInner!
01-06 07:01:02.283 21679 21986 E QbSdk   : TBS:sys WebView: SysWebViewForcedInner
01-06 07:01:02.283 21679 21986 E loaderror: TBS:321
01-06 07:01:02.283 21679 21986 E SDKEngine: TBS:SDKEngine--init canLoadTbs=false
01-06 07:01:02.284 21679 21986 E SDKEngine: TBS:SDKEngine--init can_load_x5=false
01-06 07:01:02.284 21679 21986 E SDKEngine: TBS:SDKEngine--init is_compatible=true
01-06 07:01:02.284 21679 21986 E SDKEngine: TBS:SDKEngine--init isTbsCoreLegaL=false
01-06 07:01:02.284 21679 21986 E SDKEngine: TBS:useSystemWebView by !canLoadTbs
01-06 07:01:02.284 21679 21986 E loaderror: TBS:324
01-06 07:01:02.289 21989 21989 W linker  : [vdso]: unused DT entry: type 0x6ffffef5 arg 0x160
01-06 07:01:02.291 21679 21987 W System.err: java.lang.NullPointerException: Attempt to invoke virtual method 'boolean java.lang.String.equals(java.lang.Object)' on a null object reference
01-06 07:01:02.291 21679 21987 W System.err: 	at android.app.ContextImpl.createPackageContextAsUser(ContextImpl.java:2156)
01-06 07:01:02.291 21679 21987 W System.err: 	at android.app.ContextImpl.createPackageContext(ContextImpl.java:2148)
01-06 07:01:02.291 21679 21987 W System.err: 	at android.content.ContextWrapper.createPackageContext(ContextWrapper.java:671)
01-06 07:01:02.291 21679 21987 W System.err: 	at com.tencent.smtt.sdk.e.c(Unknown Source)
01-06 07:01:02.291 21679 21987 W System.err: 	at com.tencent.smtt.sdk.e.a(Unknown Source)
01-06 07:01:02.291 21679 21987 W System.err: 	at com.tencent.smtt.sdk.e.i(Unknown Source)
01-06 07:01:02.291 21679 21987 W System.err: 	at com.tencent.smtt.sdk.e.k(Unknown Source)
01-06 07:01:02.291 21679 21987 W System.err: 	at com.tencent.smtt.sdk.e.g(Unknown Source)
01-06 07:01:02.291 21679 21987 W System.err: 	at com.tencent.smtt.sdk.e.h(Unknown Source)
01-06 07:01:02.291 21679 21987 W System.err: 	at com.tencent.smtt.sdk.e.d(Unknown Source)
01-06 07:01:02.291 21679 21987 W System.err: 	at com.tencent.smtt.sdk.bj.a(Unknown Source)
01-06 07:01:02.291 21679 21987 W System.err: 	at com.tencent.smtt.sdk.bg.handleMessage(Unknown Source)
01-06 07:01:02.291 21679 21987 W System.err: 	at android.os.Handler.dispatchMessage(Handler.java:102)
01-06 07:01:02.292 21679 21987 W System.err: 	at android.os.Looper.loop(Looper.java:135)
01-06 07:01:02.292 21679 21987 W System.err: 	at android.os.HandlerThread.run(HandlerThread.java:61)
01-06 07:01:02.292 21679 21987 E TbsShareManager: TBS:isShareTbsCoreAvailable forceSysWebViewInner!
01-06 07:01:02.292 21679 21987 E QbSdk   : TBS:sys WebView: SysWebViewForcedInner
01-06 07:01:02.300 21679 21679 I WebViewFactory: Loading com.android.webview version 39 (eng.-x86_64) (code 399998)
01-06 07:01:02.302 21679 21679 I LibraryLoader: Time to load native libraries: 1 ms (timestamps 1439-1440)
01-06 07:01:02.302 21679 21679 I LibraryLoader: Expected native library version number "",actual native library version number ""
01-06 07:01:02.303 21679 21679 V WebViewChromiumFactoryProvider: Binding Chromium to main looper Looper (main, tid 1) {37c83490}
01-06 07:01:02.303 21679 21679 I LibraryLoader: Expected native library version number "",actual native library version number ""
01-06 07:01:02.303 21679 21679 I chromium: [INFO:library_loader_hooks.cc(104)] Chromium logging enabled: level = 0, default verbosity = 0
01-06 07:01:02.304 21679 21679 I BrowserStartupController: Initializing chromium process, singleProcess=true
01-06 07:01:02.304 21679 21679 W art     : Attempt to remove local handle scope entry from IRT, ignoring
01-06 07:01:02.306 21679 21996 D BluetoothAdapter: 933392777: getState() :  mService = null. Returning STATE_OFF
01-06 07:01:02.306 21679 21679 W chromium: [WARNING:resource_bundle.cc(304)] locale_file_path.empty()
01-06 07:01:02.306 21679 21679 I chromium: [INFO:aw_browser_main_parts.cc(65)] Load from apk succesful, fd=113 off=1319120 len=3050
01-06 07:01:02.306 21679 21679 I chromium: [INFO:aw_browser_main_parts.cc(78)] Loading webviewchromium.pak from, fd:114 off:229484 len:1089587
01-06 07:01:02.325 21679 21679 W chromium: [WARNING:data_reduction_proxy_settings.cc(331)] SPDY proxy OFF at startup
01-06 07:01:02.326 21679 21679 W art     : Attempt to remove local handle scope entry from IRT, ignoring
01-06 07:01:02.327 21679 21679 W AwContents: onDetachedFromWindow called when already detached. Ignoring
01-06 07:01:02.343 21679 21977 I TencentPay: APDatabaseHelper onCreate | CREATE TABLE IF NOT EXISTS APClickStreamTable (Id INTEGER PRIMARY KEY,Pid INTEGER,Seq VARCHAR(64),QQUin VARCHAR(64),AskedQQUin VARCHAR(64),ResultInfo VARCHAR,ErrorInfo VARCHAR(64),ErrorInfo2 VARCHAR(64),UserIP VARCHAR(64),PayChannel VARCHAR(64),Channel VARCHAR(64),SubChannel VARCHAR(64),ServiceCode VARCHAR(64),Action VARCHAR(64),Format VARCHAR(64),External_ref_id VARCHAR(64),Quantity VARCHAR(64),OfferId VARCHAR(64),OfferMedia VARCHAR(64),OfferPlatform VARCHAR(64),Amount VARCHAR(64),TransactionId VARCHAR(64),Appname VARCHAR(64),Device VARCHAR(64),MPRuleID VARCHAR(64),GiftID VARCHAR(64),SuccMode VARCHAR(64),AErr VARCHAR(64),ReqUrl VARCHAR(64),FirstReq VARCHAR(64),TokenTime VARCHAR(64),DisturbMode VARCHAR(64),JumpTo VARCHAR,IsBatch VARCHAR(64),GoodsID VARCHAR,GoodsPrice VARCHAR,GoodsNum VARCHAR,BuyType VARCHAR(64),QdqbBalance VARCHAR,CftBalance VARCHAR,VipFlags VARCHAR(64),PayLevel VARCHAR(64),GoldBlc VARCHAR(64),Token VARCHAR,ResultInfoLen INTEGER )
01-06 07:01:02.620 22019 22019 W linker  : [vdso]: unused DT entry: type 0x6ffffef5 arg 0x160
01-06 07:01:02.742  1867  2115 E Vold    : Failed to find mounted volume for /storage/usb1/Android/data/com.tencent.qqmusic/cache/
01-06 07:01:02.742 21730 22013 W ContextImpl: Failed to ensure directory: /storage/usb1/Android/data/com.tencent.qqmusic/cache
01-06 07:01:02.742  1867  2115 E Vold    : Failed to find mounted volume for /storage/usb2/Android/data/com.tencent.qqmusic/cache/
01-06 07:01:02.742 21730 22013 W ContextImpl: Failed to ensure directory: /storage/usb2/Android/data/com.tencent.qqmusic/cache
01-06 07:01:02.742  1867  2115 E Vold    : Failed to find mounted volume for /storage/usb3/Android/data/com.tencent.qqmusic/cache/
01-06 07:01:02.742 21730 22013 W ContextImpl: Failed to ensure directory: /storage/usb3/Android/data/com.tencent.qqmusic/cache
01-06 07:01:02.743  1867  2115 E Vold    : Failed to find mounted volume for /storage/sdcard1/Android/data/com.tencent.qqmusic/cache/
01-06 07:01:02.743 21730 22013 W ContextImpl: Failed to ensure directory: /storage/sdcard1/Android/data/com.tencent.qqmusic/cache
01-06 07:01:02.743  1867  2115 E Vold    : Failed to find mounted volume for /storage/usb1/Android/data/com.tencent.qqmusic/cache/
01-06 07:01:02.743 21730 22013 W ContextImpl: Failed to ensure directory: /storage/usb1/Android/data/com.tencent.qqmusic/cache
01-06 07:01:02.744  1867  2115 E Vold    : Failed to find mounted volume for /storage/usb2/Android/data/com.tencent.qqmusic/cache/
01-06 07:01:02.744 21730 22013 W ContextImpl: Failed to ensure directory: /storage/usb2/Android/data/com.tencent.qqmusic/cache
01-06 07:01:02.744  1867  2115 E Vold    : Failed to find mounted volume for /storage/usb3/Android/data/com.tencent.qqmusic/cache/
01-06 07:01:02.744 21730 22013 W ContextImpl: Failed to ensure directory: /storage/usb3/Android/data/com.tencent.qqmusic/cache
01-06 07:01:02.744  1867  2115 E Vold    : Failed to find mounted volume for /storage/sdcard1/Android/data/com.tencent.qqmusic/cache/
01-06 07:01:02.744 21730 22013 W ContextImpl: Failed to ensure directory: /storage/sdcard1/Android/data/com.tencent.qqmusic/cache
01-06 07:01:02.761  1867  2115 E Vold    : Failed to find mounted volume for /storage/usb1/Android/data/com.tencent.qqmusic/cache/
01-06 07:01:02.761 21730 22024 W ContextImpl: Failed to ensure directory: /storage/usb1/Android/data/com.tencent.qqmusic/cache
01-06 07:01:02.761  1867  2115 E Vold    : Failed to find mounted volume for /storage/usb2/Android/data/com.tencent.qqmusic/cache/
01-06 07:01:02.761 21730 22024 W ContextImpl: Failed to ensure directory: /storage/usb2/Android/data/com.tencent.qqmusic/cache
01-06 07:01:02.761  1867  2115 E Vold    : Failed to find mounted volume for /storage/usb3/Android/data/com.tencent.qqmusic/cache/
01-06 07:01:02.761 21730 22024 W ContextImpl: Failed to ensure directory: /storage/usb3/Android/data/com.tencent.qqmusic/cache
01-06 07:01:02.761  1867  2115 E Vold    : Failed to find mounted volume for /storage/sdcard1/Android/data/com.tencent.qqmusic/cache/
01-06 07:01:02.761 21730 22024 W ContextImpl: Failed to ensure directory: /storage/sdcard1/Android/data/com.tencent.qqmusic/cache
01-06 07:01:02.904 21730 21749 I art     : Background sticky concurrent mark sweep GC freed 20188(1528KB) AllocSpace objects, 8(351KB) LOS objects, 17% free, 6MB/8MB, paused 525us total 145.746ms
01-06 07:01:02.927  1867  2115 E Vold    : Failed to find mounted volume for /storage/usb1/Android/data/com.tencent.qqmusic/cache/
01-06 07:01:02.927 21730 22013 W ContextImpl: Failed to ensure directory: /storage/usb1/Android/data/com.tencent.qqmusic/cache
01-06 07:01:02.927  1867  2115 E Vold    : Failed to find mounted volume for /storage/usb2/Android/data/com.tencent.qqmusic/cache/
01-06 07:01:02.927 21730 22013 W ContextImpl: Failed to ensure directory: /storage/usb2/Android/data/com.tencent.qqmusic/cache
01-06 07:01:02.928  1867  2115 E Vold    : Failed to find mounted volume for /storage/usb3/Android/data/com.tencent.qqmusic/cache/
01-06 07:01:02.928 21730 22013 W ContextImpl: Failed to ensure directory: /storage/usb3/Android/data/com.tencent.qqmusic/cache
01-06 07:01:02.928  1867  2115 E Vold    : Failed to find mounted volume for /storage/sdcard1/Android/data/com.tencent.qqmusic/cache/
01-06 07:01:02.928 21730 22013 W ContextImpl: Failed to ensure directory: /storage/sdcard1/Android/data/com.tencent.qqmusic/cache
01-06 07:01:03.235  1867  2115 E Vold    : Failed to find mounted volume for /storage/usb1/Android/data/com.tencent.qqmusic/cache/
01-06 07:01:03.236 21730 22025 W ContextImpl: Failed to ensure directory: /storage/usb1/Android/data/com.tencent.qqmusic/cache
01-06 07:01:03.236  1867  2115 E Vold    : Failed to find mounted volume for /storage/usb2/Android/data/com.tencent.qqmusic/cache/
01-06 07:01:03.236 21730 22025 W ContextImpl: Failed to ensure directory: /storage/usb2/Android/data/com.tencent.qqmusic/cache
01-06 07:01:03.236  1867  2115 E Vold    : Failed to find mounted volume for /storage/usb3/Android/data/com.tencent.qqmusic/cache/
01-06 07:01:03.236 21730 22025 W ContextImpl: Failed to ensure directory: /storage/usb3/Android/data/com.tencent.qqmusic/cache
01-06 07:01:03.236  1867  2115 E Vold    : Failed to find mounted volume for /storage/sdcard1/Android/data/com.tencent.qqmusic/cache/
01-06 07:01:03.236 21730 22025 W ContextImpl: Failed to ensure directory: /storage/sdcard1/Android/data/com.tencent.qqmusic/cache
01-06 07:01:03.237  1867  2115 E Vold    : Failed to find mounted volume for /storage/usb1/Android/data/com.tencent.qqmusic/cache/
01-06 07:01:03.237 21730 22025 W ContextImpl: Failed to ensure directory: /storage/usb1/Android/data/com.tencent.qqmusic/cache
01-06 07:01:03.237  1867  2115 E Vold    : Failed to find mounted volume for /storage/usb2/Android/data/com.tencent.qqmusic/cache/
01-06 07:01:03.237 21730 22025 W ContextImpl: Failed to ensure directory: /storage/usb2/Android/data/com.tencent.qqmusic/cache
01-06 07:01:03.237  1867  2115 E Vold    : Failed to find mounted volume for /storage/usb3/Android/data/com.tencent.qqmusic/cache/
01-06 07:01:03.237 21730 22025 W ContextImpl: Failed to ensure directory: /storage/usb3/Android/data/com.tencent.qqmusic/cache
01-06 07:01:03.237  1867  2115 E Vold    : Failed to find mounted volume for /storage/sdcard1/Android/data/com.tencent.qqmusic/cache/
01-06 07:01:03.237 21730 22025 W ContextImpl: Failed to ensure directory: /storage/sdcard1/Android/data/com.tencent.qqmusic/cache
01-06 07:01:03.243  1867  2115 E Vold    : Failed to find mounted volume for /storage/usb1/Android/data/com.tencent.qqmusic/cache/
01-06 07:01:03.243 21730 22025 W ContextImpl: Failed to ensure directory: /storage/usb1/Android/data/com.tencent.qqmusic/cache
01-06 07:01:03.243  1867  2115 E Vold    : Failed to find mounted volume for /storage/usb2/Android/data/com.tencent.qqmusic/cache/
01-06 07:01:03.244 21730 22025 W ContextImpl: Failed to ensure directory: /storage/usb2/Android/data/com.tencent.qqmusic/cache
01-06 07:01:03.244  1867  2115 E Vold    : Failed to find mounted volume for /storage/usb3/Android/data/com.tencent.qqmusic/cache/
01-06 07:01:03.244 21730 22025 W ContextImpl: Failed to ensure directory: /storage/usb3/Android/data/com.tencent.qqmusic/cache
01-06 07:01:03.244  1867  2115 E Vold    : Failed to find mounted volume for /storage/sdcard1/Android/data/com.tencent.qqmusic/cache/
01-06 07:01:03.244 21730 22025 W ContextImpl: Failed to ensure directory: /storage/sdcard1/Android/data/com.tencent.qqmusic/cache
01-06 07:01:03.249  1867  2115 E Vold    : Failed to find mounted volume for /storage/usb1/Android/data/com.tencent.qqmusic/cache/
01-06 07:01:03.249 21730 22013 W ContextImpl: Failed to ensure directory: /storage/usb1/Android/data/com.tencent.qqmusic/cache
01-06 07:01:03.249  1867  2115 E Vold    : Failed to find mounted volume for /storage/usb2/Android/data/com.tencent.qqmusic/cache/
01-06 07:01:03.250 21730 22013 W ContextImpl: Failed to ensure directory: /storage/usb2/Android/data/com.tencent.qqmusic/cache
01-06 07:01:03.250  1867  2115 E Vold    : Failed to find mounted volume for /storage/usb3/Android/data/com.tencent.qqmusic/cache/
01-06 07:01:03.250 21730 22013 W ContextImpl: Failed to ensure directory: /storage/usb3/Android/data/com.tencent.qqmusic/cache
01-06 07:01:03.250  1867  2115 E Vold    : Failed to find mounted volume for /storage/sdcard1/Android/data/com.tencent.qqmusic/cache/
01-06 07:01:03.250 21730 22013 W ContextImpl: Failed to ensure directory: /storage/sdcard1/Android/data/com.tencent.qqmusic/cache
01-06 07:01:03.250  1867  2115 E Vold    : Failed to find mounted volume for /storage/usb1/Android/data/com.tencent.qqmusic/cache/
01-06 07:01:03.251 21730 22013 W ContextImpl: Failed to ensure directory: /storage/usb1/Android/data/com.tencent.qqmusic/cache
01-06 07:01:03.251  1867  2115 E Vold    : Failed to find mounted volume for /storage/usb2/Android/data/com.tencent.qqmusic/cache/
01-06 07:01:03.251 21730 22013 W ContextImpl: Failed to ensure directory: /storage/usb2/Android/data/com.tencent.qqmusic/cache
01-06 07:01:03.251  1867  2115 E Vold    : Failed to find mounted volume for /storage/usb3/Android/data/com.tencent.qqmusic/cache/
01-06 07:01:03.251 21730 22013 W ContextImpl: Failed to ensure directory: /storage/usb3/Android/data/com.tencent.qqmusic/cache
01-06 07:01:03.251  1867  2115 E Vold    : Failed to find mounted volume for /storage/sdcard1/Android/data/com.tencent.qqmusic/cache/
01-06 07:01:03.251 21730 22013 W ContextImpl: Failed to ensure directory: /storage/sdcard1/Android/data/com.tencent.qqmusic/cache
01-06 07:01:03.252  1867  2115 E Vold    : Failed to find mounted volume for /storage/usb1/Android/data/com.tencent.qqmusic/cache/
01-06 07:01:03.252 21730 22013 W ContextImpl: Failed to ensure directory: /storage/usb1/Android/data/com.tencent.qqmusic/cache
01-06 07:01:03.252  1867  2115 E Vold    : Failed to find mounted volume for /storage/usb2/Android/data/com.tencent.qqmusic/cache/
01-06 07:01:03.252 21730 22013 W ContextImpl: Failed to ensure directory: /storage/usb2/Android/data/com.tencent.qqmusic/cache
01-06 07:01:03.252  1867  2115 E Vold    : Failed to find mounted volume for /storage/usb3/Android/data/com.tencent.qqmusic/cache/
01-06 07:01:03.252 21730 22013 W ContextImpl: Failed to ensure directory: /storage/usb3/Android/data/com.tencent.qqmusic/cache
01-06 07:01:03.252  1867  2115 E Vold    : Failed to find mounted volume for /storage/sdcard1/Android/data/com.tencent.qqmusic/cache/
01-06 07:01:03.252 21730 22013 W ContextImpl: Failed to ensure directory: /storage/sdcard1/Android/data/com.tencent.qqmusic/cache
01-06 07:01:03.255  1867  2115 E Vold    : Failed to find mounted volume for /storage/usb1/Android/data/com.tencent.qqmusic/cache/
01-06 07:01:03.255 21730 22013 W ContextImpl: Failed to ensure directory: /storage/usb1/Android/data/com.tencent.qqmusic/cache
01-06 07:01:03.255  1867  2115 E Vold    : Failed to find mounted volume for /storage/usb2/Android/data/com.tencent.qqmusic/cache/
01-06 07:01:03.255 21730 22013 W ContextImpl: Failed to ensure directory: /storage/usb2/Android/data/com.tencent.qqmusic/cache
01-06 07:01:03.255  1867  2115 E Vold    : Failed to find mounted volume for /storage/usb3/Android/data/com.tencent.qqmusic/cache/
01-06 07:01:03.255 21730 22013 W ContextImpl: Failed to ensure directory: /storage/usb3/Android/data/com.tencent.qqmusic/cache
01-06 07:01:03.256  1867  2115 E Vold    : Failed to find mounted volume for /storage/sdcard1/Android/data/com.tencent.qqmusic/cache/
01-06 07:01:03.256 21730 22013 W ContextImpl: Failed to ensure directory: /storage/sdcard1/Android/data/com.tencent.qqmusic/cache
01-06 07:01:03.266  2149 15843 W ActivityManager: getTasks: caller 10115 does not hold REAL_GET_TASKS; limiting output
01-06 07:01:03.298  2149  2175 I ActivityManager: Start proc 22026:com.halfbrick.fruitninja:egameCore/u0a118 for service com.halfbrick.fruitninja/cn.egame.terminal.sdk.EgameCoreService
01-06 07:01:03.313  2149  4763 I art     : Explicit concurrent mark sweep GC freed 66750(3MB) AllocSpace objects, 7(3MB) LOS objects, 33% free, 14MB/22MB, paused 357us total 11.236ms
01-06 07:01:03.314 22026 22026 I ActivityThread: Switching default density from 160 to 240
01-06 07:01:03.316 22026 22026 D SkynetApi: onApplicationCreate
01-06 07:01:03.316 22026 22026 W System.err: java.lang.ClassNotFoundException: com.skynet.android.uc.UC
01-06 07:01:03.316 22026 22026 W System.err: 	at java.lang.Class.classForName(Native Method)
01-06 07:01:03.316 22026 22026 W System.err: 	at java.lang.Class.forName(Class.java:309)
01-06 07:01:03.316 22026 22026 W System.err: 	at java.lang.Class.forName(Class.java:273)
01-06 07:01:03.316 22026 22026 W System.err: 	at com.skynet.android.Skynet.invoke(SourceFile:4060)
01-06 07:01:03.316 22026 22026 W System.err: 	at com.skynet.android.Skynet.onApplicationCreate(SourceFile:3542)
01-06 07:01:03.316 22026 22026 W System.err: 	at com.halfbrick.mortar.MortarApplication.onCreate(MortarApplication.java:29)
01-06 07:01:03.316 22026 22026 W System.err: 	at android.app.Instrumentation.callApplicationOnCreate(Instrumentation.java:1012)
01-06 07:01:03.316 22026 22026 W System.err: 	at android.app.ActivityThread.handleBindApplication(ActivityThread.java:4553)
01-06 07:01:03.316 22026 22026 W System.err: 	at android.app.ActivityThread.access$1500(ActivityThread.java:151)
01-06 07:01:03.316 22026 22026 W System.err: 	at android.app.ActivityThread$H.handleMessage(ActivityThread.java:1364)
01-06 07:01:03.316 22026 22026 W System.err: 	at android.os.Handler.dispatchMessage(Handler.java:102)
01-06 07:01:03.316 22026 22026 W System.err: 	at android.os.Looper.loop(Looper.java:135)
01-06 07:01:03.316 22026 22026 W System.err: 	at android.app.ActivityThread.main(ActivityThread.java:5254)
01-06 07:01:03.316 22026 22026 W System.err: 	at java.lang.reflect.Method.invoke(Native Method)
01-06 07:01:03.316 22026 22026 W System.err: 	at java.lang.reflect.Method.invoke(Method.java:372)
01-06 07:01:03.316 22026 22026 W System.err: 	at com.android.internal.os.ZygoteInit$MethodAndArgsCaller.run(ZygoteInit.java:903)
01-06 07:01:03.316 22026 22026 W System.err: 	at com.android.internal.os.ZygoteInit.main(ZygoteInit.java:698)
01-06 07:01:03.316 22026 22026 W System.err: Caused by: java.lang.ClassNotFoundException: Didn't find class "com.skynet.android.uc.UC" on path: DexPathList[[zip file "/data/app/com.halfbrick.fruitninja-1/base.apk"],nativeLibraryDirectories=[/data/app/com.halfbrick.fruitninja-1/lib/x86, /vendor/lib, /system/lib]]
01-06 07:01:03.316 22026 22026 W System.err: 	at dalvik.system.BaseDexClassLoader.findClass(BaseDexClassLoader.java:56)
01-06 07:01:03.316 22026 22026 W System.err: 	at java.lang.ClassLoader.loadClass(ClassLoader.java:511)
01-06 07:01:03.316 22026 22026 W System.err: 	at java.lang.ClassLoader.loadClass(ClassLoader.java:469)
01-06 07:01:03.316 22026 22026 W System.err: 	... 17 more
01-06 07:01:03.316 22026 22026 W System.err: 	Suppressed: java.lang.ClassNotFoundException: com.skynet.android.uc.UC
01-06 07:01:03.316 22026 22026 W System.err: 		at java.lang.Class.classForName(Native Method)
01-06 07:01:03.316 22026 22026 W System.err: 		at java.lang.BootClassLoader.findClass(ClassLoader.java:781)
01-06 07:01:03.316 22026 22026 W System.err: 		at java.lang.BootClassLoader.loadClass(ClassLoader.java:841)
01-06 07:01:03.316 22026 22026 W System.err: 		at java.lang.ClassLoader.loadClass(ClassLoader.java:504)
01-06 07:01:03.316 22026 22026 W System.err: 		... 18 more
01-06 07:01:03.316 22026 22026 W System.err: 	Caused by: java.lang.NoClassDefFoundError: Class not found using the boot class loader; no stack available
01-06 07:01:03.316 22026 22026 W System.err: java.lang.ClassNotFoundException: com.gionee.game.offlinesdk.GamePlatform
01-06 07:01:03.316 22026 22026 W System.err: 	at java.lang.Class.classForName(Native Method)
01-06 07:01:03.316 22026 22026 W System.err: 	at java.lang.Class.forName(Class.java:309)
01-06 07:01:03.316 22026 22026 W System.err: 	at com.skynet.android.amigo.Amigo.isEnable(SourceFile:27)
01-06 07:01:03.316 22026 22026 W System.err: 	at com.skynet.android.amigo.Amigo.onApplicationCreate(SourceFile:17)
01-06 07:01:03.316 22026 22026 W System.err: 	at java.lang.reflect.Method.invoke(Native Method)
01-06 07:01:03.316 22026 22026 W System.err: 	at java.lang.reflect.Method.invoke(Method.java:372)
01-06 07:01:03.316 22026 22026 W System.err: 	at com.skynet.android.Skynet.invoke(SourceFile:4068)
01-06 07:01:03.316 22026 22026 W System.err: 	at com.skynet.android.Skynet.onApplicationCreate(SourceFile:3544)
01-06 07:01:03.316 22026 22026 W System.err: 	at com.halfbrick.mortar.MortarApplication.onCreate(MortarApplication.java:29)
01-06 07:01:03.316 22026 22026 W System.err: 	at android.app.Instrumentation.callApplicationOnCreate(Instrumentation.java:1012)
01-06 07:01:03.316 22026 22026 W System.err: 	at android.app.ActivityThread.handleBindApplication(ActivityThread.java:4553)
01-06 07:01:03.316 22026 22026 W System.err: 	at android.app.ActivityThread.access$1500(ActivityThread.java:151)
01-06 07:01:03.316 22026 22026 W System.err: 	at android.app.ActivityThread$H.handleMessage(ActivityThread.java:1364)
01-06 07:01:03.316 22026 22026 W System.err: 	at android.os.Handler.dispatchMessage(Handler.java:102)
01-06 07:01:03.316 22026 22026 W System.err: 	at android.os.Looper.loop(Looper.java:135)
01-06 07:01:03.316 22026 22026 W System.err: 	at android.app.ActivityThread.main(ActivityThread.java:5254)
01-06 07:01:03.316 22026 22026 W System.err: 	at java.lang.reflect.Method.invoke(Native Method)
01-06 07:01:03.316 22026 22026 W System.err: 	at java.lang.reflect.Method.invoke(Method.java:372)
01-06 07:01:03.316 22026 22026 W System.err: 	at com.android.internal.os.ZygoteInit$MethodAndArgsCaller.run(ZygoteInit.java:903)
01-06 07:01:03.316 22026 22026 W System.err: 	at com.android.internal.os.ZygoteInit.main(ZygoteInit.java:698)
01-06 07:01:03.316 22026 22026 W System.err: Caused by: java.lang.ClassNotFoundException: Didn't find class "com.gionee.game.offlinesdk.GamePlatform" on path: DexPathList[[zip file "/data/app/com.halfbrick.fruitninja-1/base.apk"],nativeLibraryDirectories=[/data/app/com.halfbrick.fruitninja-1/lib/x86, /vendor/lib, /system/lib]]
01-06 07:01:03.316 22026 22026 W System.err: 	at dalvik.system.BaseDexClassLoader.findClass(BaseDexClassLoader.java:56)
01-06 07:01:03.316 22026 22026 W System.err: 	at java.lang.ClassLoader.loadClass(ClassLoader.java:511)
01-06 07:01:03.316 22026 22026 W System.err: 	at java.lang.ClassLoader.loadClass(ClassLoader.java:469)
01-06 07:01:03.316 22026 22026 W System.err: 	... 20 more
01-06 07:01:03.316 22026 22026 W System.err: 	Suppressed: java.lang.ClassNotFoundException: com.gionee.game.offlinesdk.GamePlatform
01-06 07:01:03.317 22026 22026 W System.err: 		at java.lang.Class.classForName(Native Method)
01-06 07:01:03.317 22026 22026 W System.err: 		at java.lang.BootClassLoader.findClass(ClassLoader.java:781)
01-06 07:01:03.317 22026 22026 W System.err: 		at java.lang.BootClassLoader.loadClass(ClassLoader.java:841)
01-06 07:01:03.317 22026 22026 W System.err: 		at java.lang.ClassLoader.loadClass(ClassLoader.java:504)
01-06 07:01:03.317 22026 22026 W System.err: 		... 21 more
01-06 07:01:03.317 22026 22026 W System.err: 	Caused by: java.lang.NoClassDefFoundError: Class not found using the boot class loader; no stack available
01-06 07:01:03.317  2149  2170 W ActivityManager: getRunningAppProcesses: caller 10118 does not hold REAL_GET_TASKS; limiting output
01-06 07:01:03.317 22026 22026 D AndroidRuntime: Shutting down VM
01-06 07:01:03.317 22026 22026 E AndroidRuntime: FATAL EXCEPTION: main
01-06 07:01:03.317 22026 22026 E AndroidRuntime: Process: com.halfbrick.fruitninja:egameCore, PID: 22026
01-06 07:01:03.317 22026 22026 E AndroidRuntime: java.lang.UnsatisfiedLinkError: dalvik.system.PathClassLoader[DexPathList[[zip file "/data/app/com.halfbrick.fruitninja-1/base.apk"],nativeLibraryDirectories=[/data/app/com.halfbrick.fruitninja-1/lib/x86, /vendor/lib, /system/lib]]] couldn't find "libegamepay_dr2.so"
01-06 07:01:03.317 22026 22026 E AndroidRuntime: 	at java.lang.Runtime.loadLibrary(Runtime.java:366)
01-06 07:01:03.317 22026 22026 E AndroidRuntime: 	at java.lang.System.loadLibrary(System.java:988)
01-06 07:01:03.317 22026 22026 E AndroidRuntime: 	at cn.egame.terminal.sdk.jni.EgamePayProtocol.<clinit>(EgamePayProtocol.java:25)
01-06 07:01:03.317 22026 22026 E AndroidRuntime: 	at cn.egame.terminal.sdk.jni.EgamePayProtocol.initCore(Native Method)
