01-06 07:00:50.217 21197 21197 F art     : art/runtime/runtime.cc:289]   kernel: ttwu_stat+0x87/0xb9
01-06 07:00:50.217 21197 21197 F art     : art/runtime/runtime.cc:289]   kernel: get_futex_key+0x1ad/0x1c6
01-06 07:00:50.217 21197 21197 F art     : art/runtime/runtime.cc:289]   kernel: do_futex+0xb2/0x86c
01-06 07:00:50.217 21197 21197 F art     : art/runtime/runtime.cc:289]   kernel: handle_mm_fault+0x3bd/0xe32
01-06 07:00:50.217 21197 21197 F art     : art/runtime/runtime.cc:289]   kernel: cap_safe_nice+0x69/0x6e
01-06 07:00:50.217 21197 21197 F art     : art/runtime/runtime.cc:289]   kernel: compat_SyS_futex+0xb1/0x12a
01-06 07:00:50.217 21197 21197 F art     : art/runtime/runtime.cc:289]   kernel: __do_page_fault+0x2c6/0x35c
01-06 07:00:50.217 21197 21197 F art     : art/runtime/runtime.cc:289]   kernel: do_syscall_32_irqs_off+0x4c/0x86
01-06 07:00:50.217 21197 21197 F art     : art/runtime/runtime.cc:289]   kernel: entry_INT80_compat+0x2a/0x40
01-06 07:00:50.217 21197 21197 F art     : art/runtime/runtime.cc:289]   native: #00 pc 000139a0  /android/system/lib/libc.so (???)
01-06 07:00:50.217 21197 21197 F art     : art/runtime/runtime.cc:289]   at java.lang.Object.wait!(Native method)
01-06 07:00:50.217 21197 21197 F art     : art/runtime/runtime.cc:289]   - waiting on <0x3db6cf45> (a java.lang.Class<java.lang.ref.ReferenceQueue>)
01-06 07:00:50.217 21197 21197 F art     : art/runtime/runtime.cc:289]   at java.lang.Daemons$ReferenceQueueDaemon.run(Daemons.java:134)
01-06 07:00:50.217 21197 21197 F art     : art/runtime/runtime.cc:289]   - locked <0x3db6cf45> (a java.lang.Class<java.lang.ref.ReferenceQueue>)
01-06 07:00:50.217 21197 21197 F art     : art/runtime/runtime.cc:289]   at java.lang.Thread.run(Thread.java:818)
01-06 07:00:50.217 21197 21197 F art     : art/runtime/runtime.cc:289] 
01-06 07:00:50.217 21197 21197 F art     : art/runtime/runtime.cc:289] "FinalizerDaemon" prio=5 tid=12 Waiting
01-06 07:00:50.217 21197 21197 F art     : art/runtime/runtime.cc:289]   | group="" sCount=0 dsCount=0 obj=0x12c07100 self=0xf3c26800
01-06 07:00:50.217 21197 21197 F art     : art/runtime/runtime.cc:289]   | sysTid=21214 nice=0 cgrp=default sched=3/0 handle=0xf3c54a00
01-06 07:00:50.217 21197 21197 F art     : art/runtime/runtime.cc:289]   | state=S schedstat=( 808050 0 5 ) utm=0 stm=0 core=3 HZ=100
01-06 07:00:50.217 21197 21197 F art     : art/runtime/runtime.cc:289]   | stack=0xedafe000-0xedb00000 stackSize=1036KB
01-06 07:00:50.217 21197 21197 F art     : art/runtime/runtime.cc:289]   | held mutexes=
01-06 07:00:50.217 21197 21197 F art     : art/runtime/runtime.cc:289]   kernel: futex_wait_queue_me+0xb8/0xf9
01-06 07:00:50.217 21197 21197 F art     : art/runtime/runtime.cc:289]   kernel: futex_wait+0xeb/0x1f0
01-06 07:00:50.217 21197 21197 F art     : art/runtime/runtime.cc:289]   kernel: get_user_pages_fast+0xc0/0x140
01-06 07:00:50.217 21197 21197 F art     : art/runtime/runtime.cc:289]   kernel: get_futex_key+0x1ad/0x1c6
01-06 07:00:50.217 21197 21197 F art     : art/runtime/runtime.cc:289]   kernel: do_futex+0xb2/0x86c
01-06 07:00:50.217 21197 21197 F art     : art/runtime/runtime.cc:289]   kernel: page_add_new_anon_rmap+0x3d/0x73
01-06 07:00:50.217 21197 21197 F art     : art/runtime/runtime.cc:289]   kernel: handle_mm_fault+0x3bd/0xe32
01-06 07:00:50.217 21197 21197 F art     : art/runtime/runtime.cc:289]   kernel: compat_SyS_futex+0xb1/0x12a
01-06 07:00:50.217 21197 21197 F art     : art/runtime/runtime.cc:289]   kernel: __do_page_fault+0x2c6/0x35c
01-06 07:00:50.217 21197 21197 F art     : art/runtime/runtime.cc:289]   kernel: do_syscall_32_irqs_off+0x4c/0x86
01-06 07:00:50.217 21197 21197 F art     : art/runtime/runtime.cc:289]   kernel: entry_INT80_compat+0x2a/0x40
01-06 07:00:50.217 21197 21197 F art     : art/runtime/runtime.cc:289]   native: #00 pc 000139a0  /android/system/lib/libc.so (???)
01-06 07:00:50.217 21197 21197 F art     : art/runtime/runtime.cc:289]   at java.lang.Object.wait!(Native method)
01-06 07:00:50.217 21197 21197 F art     : art/runtime/runtime.cc:289]   - waiting on <0x0e5b769a> (a java.lang.ref.ReferenceQueue)
01-06 07:00:50.217 21197 21197 F art     : art/runtime/runtime.cc:289]   at java.lang.Object.wait(Object.java:422)
01-06 07:00:50.217 21197 21197 F art     : art/runtime/runtime.cc:289]   at java.lang.ref.ReferenceQueue.remove(ReferenceQueue.java:101)
01-06 07:00:50.217 21197 21197 F art     : art/runtime/runtime.cc:289]   - locked <0x0e5b769a> (a java.lang.ref.ReferenceQueue)
01-06 07:00:50.217 21197 21197 F art     : art/runtime/runtime.cc:289]   at java.lang.ref.ReferenceQueue.remove(ReferenceQueue.java:72)
01-06 07:00:50.217 21197 21197 F art     : art/runtime/runtime.cc:289]   at java.lang.Daemons$FinalizerDaemon.run(Daemons.java:174)
01-06 07:00:50.217 21197 21197 F art     : art/runtime/runtime.cc:289]   at java.lang.Thread.run(Thread.java:818)
01-06 07:00:50.217 21197 21197 F art     : art/runtime/runtime.cc:289] 
01-06 07:00:50.217 21197 21197 F art     : art/runtime/runtime.cc:289] "FinalizerWatchdogDaemon" prio=5 tid=13 Waiting
01-06 07:00:50.217 21197 21197 F art     : art/runtime/runtime.cc:289]   | group="" sCount=0 dsCount=0 obj=0x12c07160 self=0xf3c33c00
01-06 07:00:50.217 21197 21197 F art     : art/runtime/runtime.cc:289]   | sysTid=21215 nice=0 cgrp=default sched=3/0 handle=0xf3c54c80
01-06 07:00:50.217 21197 21197 F art     : art/runtime/runtime.cc:289]   | state=S schedstat=( 627554 55257 1 ) utm=0 stm=0 core=7 HZ=100
01-06 07:00:50.217 21197 21197 F art     : art/runtime/runtime.cc:289]   | stack=0xed9fa000-0xed9fc000 stackSize=1036KB
01-06 07:00:50.217 21197 21197 F art     : art/runtime/runtime.cc:289]   | held mutexes=
01-06 07:00:50.217 21197 21197 F art     : art/runtime/runtime.cc:289]   kernel: futex_wait_queue_me+0xb8/0xf9
01-06 07:00:50.217 21197 21197 F art     : art/runtime/runtime.cc:289]   kernel: futex_wait+0xeb/0x1f0
01-06 07:00:50.217 21197 21197 F art     : art/runtime/runtime.cc:289]   kernel: get_user_pages_fast+0xc0/0x140
01-06 07:00:50.217 21197 21197 F art     : art/runtime/runtime.cc:289]   kernel: ttwu_stat+0x87/0xb9
01-06 07:00:50.217 21197 21197 F art     : art/runtime/runtime.cc:289]   kernel: get_futex_key+0x1ad/0x1c6
01-06 07:00:50.217 21197 21197 F art     : art/runtime/runtime.cc:289]   kernel: do_futex+0xb2/0x86c
01-06 07:00:50.217 21197 21197 F art     : art/runtime/runtime.cc:289]   kernel: handle_mm_fault+0x3bd/0xe32
01-06 07:00:50.217 21197 21197 F art     : art/runtime/runtime.cc:289]   kernel: cap_safe_nice+0x69/0x6e
01-06 07:00:50.217 21197 21197 F art     : art/runtime/runtime.cc:289]   kernel: compat_SyS_futex+0xb1/0x12a
01-06 07:00:50.217 21197 21197 F art     : art/runtime/runtime.cc:289]   kernel: __do_page_fault+0x2c6/0x35c
01-06 07:00:50.217 21197 21197 F art     : art/runtime/runtime.cc:289]   kernel: do_syscall_32_irqs_off+0x4c/0x86
01-06 07:00:50.217 21197 21197 F art     : art/runtime/runtime.cc:289]   kernel: entry_INT80_compat+0x2a/0x40
01-06 07:00:50.217 21197 21197 F art     : art/runtime/runtime.cc:289]   native: #00 pc 000139a0  /android/system/lib/libc.so (???)
01-06 07:00:50.217 21197 21197 F art     : art/runtime/runtime.cc:289]   at java.lang.Object.wait!(Native method)
01-06 07:00:50.217 21197 21197 F art     : art/runtime/runtime.cc:289]   - waiting on <0x10309bcb> (a java.lang.Daemons$FinalizerWatchdogDaemon)
01-06 07:00:50.217 21197 21197 F art     : art/runtime/runtime.cc:289]   at java.lang.Daemons$FinalizerWatchdogDaemon.waitForObject(Daemons.java:240)
01-06 07:00:50.217 21197 21197 F art     : art/runtime/runtime.cc:289]   - locked <0x10309bcb> (a java.lang.Daemons$FinalizerWatchdogDaemon)
01-06 07:00:50.217 21197 21197 F art     : art/runtime/runtime.cc:289]   at java.lang.Daemons$FinalizerWatchdogDaemon.run(Daemons.java:212)
01-06 07:00:50.217 21197 21197 F art     : art/runtime/runtime.cc:289]   at java.lang.Thread.run(Thread.java:818)
01-06 07:00:50.217 21197 21197 F art     : art/runtime/runtime.cc:289] 
01-06 07:00:50.217 21197 21197 F art     : art/runtime/runtime.cc:289] "HeapTrimmerDaemon" prio=5 tid=14 Sleeping
01-06 07:00:50.217 21197 21197 F art     : art/runtime/runtime.cc:289]   | group="" sCount=0 dsCount=0 obj=0x12c071c0 self=0xf3c34000
01-06 07:00:50.217 21197 21197 F art     : art/runtime/runtime.cc:289]   | sysTid=21216 nice=0 cgrp=default sched=3/0 handle=0xf3c54f00
01-06 07:00:50.217 21197 21197 F art     : art/runtime/runtime.cc:289]   | state=S schedstat=( 660633 0 2 ) utm=0 stm=0 core=5 HZ=100
01-06 07:00:50.217 21197 21197 F art     : art/runtime/runtime.cc:289]   | stack=0xe2fe0000-0xe2fe2000 stackSize=1036KB
01-06 07:00:50.217 21197 21197 F art     : art/runtime/runtime.cc:289]   | held mutexes=
01-06 07:00:50.217 21197 21197 F art     : art/runtime/runtime.cc:289]   kernel: hrtimer_start_range_ns+0x257/0x2a6
01-06 07:00:50.218 21197 21197 F art     : art/runtime/runtime.cc:289]   | stack=0xe2ce0000-0xe2ce2000 stackSize=1012KB
01-06 07:00:50.218 21197 21197 F art     : art/runtime/runtime.cc:289]   kernel: binder_thread_read+0x304/0xcb4
01-06 07:00:50.218 21197 21197 F libc    : Fatal signal 6 (SIGABRT), code -6 in tid 21197 (urf:dservice_v1)
01-06 07:00:50.220  2349  2737 E DatabaseUtils: Writing exception to parcel
01-06 07:00:50.220  2349  2737 E DatabaseUtils: java.lang.SecurityException: Permission Denial: writing com.android.launcher3.LauncherProvider uri content://com.android.launcher3.settings/favorites/9?notify=true from pid=19752, uid=10124 requires com.android.launcher3.permission.WRITE_SETTINGS, or grantUriPermission()
01-06 07:00:50.220  2349  2737 E DatabaseUtils: 	at android.content.ContentProvider.enforceWritePermissionInner(ContentProvider.java:604)
01-06 07:00:50.220  2349  2737 E DatabaseUtils: 	at android.content.ContentProvider$Transport.enforceWritePermission(ContentProvider.java:461)
01-06 07:00:50.220  2349  2737 E DatabaseUtils: 	at android.content.ContentProvider$Transport.update(ContentProvider.java:323)
01-06 07:00:50.220  2349  2737 E DatabaseUtils: 	at android.content.ContentProviderNative.onTransact(ContentProviderNative.java:222)
01-06 07:00:50.220  2349  2737 E DatabaseUtils: 	at android.os.Binder.execTransact(Binder.java:446)
01-06 07:00:50.268  1872  1872 I DEBUG   : *** *** *** *** *** *** *** *** *** *** *** *** *** *** *** ***
01-06 07:00:50.268  1872  1872 I DEBUG   : Build fingerprint: 'Android-x86/android_x86_64/x86_64:5.1.1/LMY48Z/01050708:eng/test-keys'
01-06 07:00:50.268  1872  1872 I DEBUG   : Revision: '0'
01-06 07:00:50.268  1872  1872 I DEBUG   : ABI: 'x86'
01-06 07:00:50.268  1872  1872 I DEBUG   : pid: 21197, tid: 21197, name: urf:dservice_v1  >>> com.kiloo.subwaysurf:dservice_v1 <<<
01-06 07:00:50.268  1872  1872 I DEBUG   : signal 6 (SIGABRT), code -6 (SI_TKILL), fault addr --------
01-06 07:00:50.271  1872  1872 I DEBUG   : Abort message: 'art/runtime/check_jni.cc:65] JNI DETECTED ERROR IN APPLICATION: GetStringUTFChars received null jstring'
01-06 07:00:50.271  1872  1872 I DEBUG   :     eax 00000000  ebx 000052cd  ecx 000052cd  edx 00000006
01-06 07:00:50.271  1872  1872 I DEBUG   :     esi f77cec48  edi 0000000b
01-06 07:00:50.271  1872  1872 I DEBUG   :     xcs 00000023  xds 0000002b  xes 0000002b  xfs 00000007  xss 0000002b
01-06 07:00:50.271  1872  1872 I DEBUG   :     eip f755bd26  ebp 000052cd  esp ffbbc620  flags 00200286
01-06 07:00:50.271  1872  1872 I DEBUG   : 
01-06 07:00:50.271  1872  1872 I DEBUG   : backtrace:
01-06 07:00:50.271  1872  1872 I DEBUG   :     #00 pc 0007ad26  /system/lib/libc.so (tgkill+22)
01-06 07:00:50.271  1872  1872 I DEBUG   :     #01 pc 00023125  /system/lib/libc.so (pthread_kill+117)
01-06 07:00:50.271  1872  1872 I DEBUG   :     #02 pc 00024d1a  /system/lib/libc.so (raise+42)
01-06 07:00:50.271  1872  1872 I DEBUG   :     #03 pc 0001c4c4  /system/lib/libc.so (abort+84)
01-06 07:00:50.271  1872  1872 I DEBUG   :     #04 pc 003c9396  /system/lib/libart.so (art::Runtime::Abort()+342)
01-06 07:00:50.271  1872  1872 I DEBUG   :     #05 pc 000dba64  /system/lib/libart.so (art::LogMessage::~LogMessage()+2756)
01-06 07:00:50.271  1872  1872 I DEBUG   :     #06 pc 000f97c4  /system/lib/libart.so (art::JniAbort(char const*, char const*)+2468)
01-06 07:00:50.271  1872  1872 I DEBUG   :     #07 pc 000f9fa2  /system/lib/libart.so (art::JniAbortF(char const*, char const*, ...)+98)
01-06 07:00:50.271  1872  1872 I DEBUG   :     #08 pc 000fd550  /system/lib/libart.so (art::ScopedCheck::CheckInstance(art::ScopedCheck::InstanceKind, _jobject*)+640)
01-06 07:00:50.271  1872  1872 I DEBUG   :     #09 pc 000fe5a0  /system/lib/libart.so (_ZN3art11ScopedCheck5CheckEbPKcz.constprop.109+1216)
01-06 07:00:50.271  1872  1872 I DEBUG   :     #10 pc 00104b91  /system/lib/libart.so (art::CheckJNI::GetStringUTFChars(_JNIEnv*, _jstring*, unsigned char*)+113)
01-06 07:00:50.271  1872  1872 I DEBUG   :     #11 pc 0022e19a  /android/system/lib/arm/libhoudini.so
01-06 07:00:50.271  1872  1872 I DEBUG   :     #12 pc 0021e884  /android/system/lib/arm/libhoudini.so
01-06 07:00:50.271  1872  1872 I DEBUG   :     #13 pc 0026a004  /android/system/lib/arm/libhoudini.so
01-06 07:00:50.271  1872  1872 I DEBUG   :     #14 pc 007fb4c7  [stack]
01-06 07:00:50.275  2349  2349 I Launcher: Deferring update until onResume
01-06 07:00:50.306  1872  1872 I DEBUG   : 
01-06 07:00:50.306  1872  1872 I DEBUG   : Tombstone written to: /data/tombstones/tombstone_05
01-06 07:00:50.307  2149  2176 I BootReceiver: Copying /data/tombstones/tombstone_05 to DropBox (SYSTEM_TOMBSTONE)
01-06 07:00:50.308  1865  1865 E lowmemorykiller: Error writing /proc/21197/oom_score_adj; errno=22
01-06 07:00:50.308  2149  2175 E JavaBinder: !!! FAILED BINDER TRANSACTION !!!
01-06 07:00:50.317  1880  1880 I Zygote  : Process 21197 exited due to signal (6)
01-06 07:00:50.326  2349  2349 I Launcher: Deferring update until onResume
01-06 07:00:50.328  2149  8057 I ActivityManager: Start proc 21232:com.android.musicfx/u0a14 for broadcast com.android.musicfx/.Compatibility$Receiver
01-06 07:00:50.328  2149 17056 I ActivityManager: Process com.kiloo.subwaysurf:dservice_v1 (pid 21197) has died
01-06 07:00:50.333 21232 21232 I ActivityThread: Switching default density from 160 to 240
01-06 07:00:50.352  2149 17056 I ActivityManager: Start proc 21256:com.svox.pico/u0a18 for broadcast com.svox.pico/.VoiceDataInstallerReceiver
01-06 07:00:50.353  2149  3972 I EGL-DRI2: DRI2: found extension DRI_Core version 1
01-06 07:00:50.353  2149  3972 I EGL-DRI2: DRI2: found extension DRI_DRI2 version 4
01-06 07:00:50.359 21256 21256 I ActivityThread: Switching default density from 160 to 240
01-06 07:00:50.359  2149  3972 I EGL-DRI2: DRI2: found extension DRI_TexBuffer version 3
01-06 07:00:50.359  2149  3972 I EGL-DRI2: DRI2: found extension DRI2_Flush version 4
01-06 07:00:50.359  2149  3972 I EGL-DRI2: DRI2: found extension DRI_IMAGE version 11
01-06 07:00:50.359  2149  3972 I OpenGLRenderer: Initialized EGL, version 1.4
01-06 07:00:50.378  2149  3128 I ActivityManager: Start proc 21278:com.android.gallery3d/u0a24 for broadcast com.android.gallery3d/.app.PackagesMonitor
01-06 07:00:50.391 21278 21278 I ActivityThread: Switching default density from 160 to 240
01-06 07:00:50.415  2149  3044 I ActivityManager: Start proc 21304:com.popcap.pvz2cthdbddk/u0a59 for broadcast com.popcap.pvz2cthdbddk/com.duoku.platform.single.receiver.DKSingleAppReceiver
01-06 07:00:50.416 21304 21304 I art     : Not late-enabling -Xcheck:jni (already on)
01-06 07:00:50.417 21304 21304 D houdini : [21304] Initialize library(version: 5.2.2_y.47738 RELEASE)... successfully.
01-06 07:00:50.425 21304 21304 I ActivityThread: Switching default density from 160 to 240
01-06 07:00:50.454 21304 21304 D houdini : [21304] Added shared library /data/app/com.popcap.pvz2cthdbddk-1/lib/arm/libDexHelper.so for ClassLoader by Native Bridge.
01-06 07:00:50.456 21328 21328 W linker  : [vdso]: unused DT entry: type 0x6ffffef5 arg 0x160
01-06 07:00:50.479 21304 21304 E art     : dlopen("/data/data/com.popcap.pvz2cthdbddk/.cache/libDexHelper-x86.so", RTLD_LAZY) failed: dlopen failed: library "/data/data/com.popcap.pvz2cthdbddk/.cache/libDexHelper-x86.so" not found
01-06 07:00:50.479 21304 21304 E sdk     : DexInstall begin
01-06 07:00:50.479 21304 21304 E sdk     : DexInstall 11111
01-06 07:00:50.479 21304 21304 E sdk     : installSecondarDexs
01-06 07:00:50.479 21304 21304 E sdk     : v19 install
01-06 07:00:50.480 21304 21304 W System  : ClassLoader referenced unknown path: /data/data/com.popcap.pvz2cthdbddk/.cache/classes.jar
01-06 07:00:50.480 21304 21304 E sdk     : DexInstall 22222
01-06 07:00:50.486 21329 21329 W linker  : [vdso]: unused DT entry: type 0x6ffffef5 arg 0xec
01-06 07:00:50.487 21329 21329 E cutils-trace: Error opening trace file: Permission denied (13)
01-06 07:00:50.487 21329 21329 I dex2oat : /system/bin/dex2oat --runtime-arg -classpath --runtime-arg  --instruction-set=x86 --instruction-set-features=default --runtime-arg -Xrelocate --boot-image=/system/framework/boot.art --dex-file=/data/data/com.popcap.pvz2cthdbddk/app_push_lib/plugin-deploy.jar --oat-fd=24 --oat-location=/data/data/com.popcap.pvz2cthdbddk/app_push_dex/plugin-deploy.dex --runtime-arg -Xms64m --runtime-arg -Xmx512m --compiler-filter=interpret-only
01-06 07:00:50.559 21329 21329 I dex2oat : dex2oat took 71.973ms (threads: 8) arena alloc=0B java alloc=667KB native alloc=417KB free=7MB
01-06 07:00:50.561 21304 21304 D houdini : [21304] Added shared library /data/app/com.popcap.pvz2cthdbddk-1/lib/arm/libmegjb.so for ClassLoader by Native Bridge.
01-06 07:00:50.569 21304 21304 D houdini : [21304] Added shared library /data/data/com.popcap.pvz2cthdbddk/files/libmegbpp_02.02.16_01.so for ClassLoader by Native Bridge.
01-06 07:00:50.722 21350 21350 W linker  : [vdso]: unused DT entry: type 0x6ffffef5 arg 0xec
01-06 07:00:50.723 21350 21350 E cutils-trace: Error opening trace file: Permission denied (13)
01-06 07:00:50.723 21350 21350 I dex2oat : /system/bin/dex2oat --runtime-arg -classpath --runtime-arg  --instruction-set=x86 --instruction-set-features=default --runtime-arg -Xrelocate --boot-image=/system/framework/boot.art --dex-file=/data/data/com.popcap.pvz2cthdbddk/appsdk0_.dex --oat-fd=32 --oat-location=/data/data/com.popcap.pvz2cthdbddk/files/appsdk0_.dex --runtime-arg -Xms64m --runtime-arg -Xmx512m --compiler-filter=interpret-only
01-06 07:00:50.834 21350 21350 I dex2oat : dex2oat took 111.079ms (threads: 8) arena alloc=0B java alloc=2MB native alloc=501KB free=7MB
01-06 07:00:50.890  2149  8057 W ActivityManager: getRunningAppProcesses: caller 10059 does not hold REAL_GET_TASKS; limiting output
01-06 07:00:50.890 21304 21304 I unipaysdk: pid:21304 process:com.popcap.pvz2cthdbddk
01-06 07:00:50.890 21304 21304 I unipaysdk: pid:19400 process:com.popcap.pvz2cthdbddk:bdservice_v1
01-06 07:00:50.890 21304 21304 I unipaysdk: pid:8360 process:com.popcap.pvz2cthdbddk:remote
01-06 07:00:50.895 21304 21304 E unipaysdk: unipaysdk:rc(0/1), s(true)
01-06 07:00:50.895 21304 21304 E unipaysdk: unipaysdk:abi(armeabi-v7a)
01-06 07:00:50.895 21304 21304 E unipaysdk: unipaysdk:cpu_abi:armeabi-v7a
01-06 07:00:50.898 21304 21304 D houdini : [21304] Added shared library /data/data/com.popcap.pvz2cthdbddk/.ulibs/decrypt.so for ClassLoader by Native Bridge.
01-06 07:00:50.899 21304 21304 E unipaysdk: unipaysdk:abi(armeabi-v7a)
01-06 07:00:50.899 21304 21304 D houdini : [21304] Added shared library /data/data/com.popcap.pvz2cthdbddk/.ulibs/libunicomsdk.so for ClassLoader by Native Bridge.
01-06 07:00:50.899 21304 21304 E unipaysdk: unipaysdk:result.1: 1
01-06 07:00:50.902 21363 21363 W linker  : [vdso]: unused DT entry: type 0x6ffffef5 arg 0x160
01-06 07:00:50.903 21363 21363 W linker  : [vdso]: unused DT entry: type 0x6ffffef5 arg 0x160
01-06 07:00:50.911 21365 21365 W linker  : [vdso]: unused DT entry: type 0x6ffffef5 arg 0xec
01-06 07:00:50.912 21365 21365 E cutils-trace: Error opening trace file: Permission denied (13)
01-06 07:00:50.912 21365 21365 I dex2oat : /system/bin/dex2oat --runtime-arg -classpath --runtime-arg  --instruction-set=x86 --instruction-set-features=default --runtime-arg -Xrelocate --boot-image=/system/framework/boot.art --dex-file=/data/data/com.popcap.pvz2cthdbddk/.ucache/classez.jar --oat-fd=21 --oat-location=/data/data/com.popcap.pvz2cthdbddk/.ucache/classez.dex --runtime-arg -Xms64m --runtime-arg -Xmx512m --compiler-filter=interpret-only
01-06 07:00:50.916  2149  3042 I ActivityManager: Start proc 21367:com.kiloo.subwaysurf/u0a115 for broadcast com.kiloo.subwaysurf/com.duoku.platform.single.receiver.DKSingleAppReceiver
01-06 07:00:50.917 21367 21367 D houdini : [21367] Initialize library(version: 5.2.2_y.47738 RELEASE)... successfully.
01-06 07:00:50.921 21367 21367 I ActivityThread: Switching default density from 160 to 240
01-06 07:00:50.923 21367 21367 D SkynetApi: onApplicationCreate
01-06 07:00:50.923 21367 21367 W System.err: java.lang.ClassNotFoundException: com.skynet.android.uc.UC
01-06 07:00:50.923 21367 21367 W System.err: 	at java.lang.Class.classForName(Native Method)
01-06 07:00:50.923 21367 21367 W System.err: 	at java.lang.Class.forName(Class.java:309)
01-06 07:00:50.923 21367 21367 W System.err: 	at java.lang.Class.forName(Class.java:273)
01-06 07:00:50.923 21367 21367 W System.err: 	at com.skynet.android.Skynet.invoke(SourceFile:4209)
01-06 07:00:50.923 21367 21367 W System.err: 	at com.skynet.android.Skynet.onApplicationCreate(SourceFile:3691)
01-06 07:00:50.923 21367 21367 W System.err: 	at com.kiloo.subwaysurf.BaiDuApplication.onCreate(BaiDuApplication.java:11)
01-06 07:00:50.923 21367 21367 W System.err: 	at android.app.Instrumentation.callApplicationOnCreate(Instrumentation.java:1012)
01-06 07:00:50.923 21367 21367 W System.err: 	at android.app.ActivityThread.handleBindApplication(ActivityThread.java:4553)
01-06 07:00:50.923 21367 21367 W System.err: 	at android.app.ActivityThread.access$1500(ActivityThread.java:151)
01-06 07:00:50.923 21367 21367 W System.err: 	at android.app.ActivityThread$H.handleMessage(ActivityThread.java:1364)
01-06 07:00:50.923 21367 21367 W System.err: 	at android.os.Handler.dispatchMessage(Handler.java:102)
01-06 07:00:50.923 21367 21367 W System.err: 	at android.os.Looper.loop(Looper.java:135)
01-06 07:00:50.923 21367 21367 W System.err: 	at android.app.ActivityThread.main(ActivityThread.java:5254)
01-06 07:00:50.923 21367 21367 W System.err: 	at java.lang.reflect.Method.invoke(Native Method)
01-06 07:00:50.923 21367 21367 W System.err: 	at java.lang.reflect.Method.invoke(Method.java:372)
01-06 07:00:50.923 21367 21367 W System.err: 	at com.android.internal.os.ZygoteInit$MethodAndArgsCaller.run(ZygoteInit.java:903)
01-06 07:00:50.923 21367 21367 W System.err: 	at com.android.internal.os.ZygoteInit.main(ZygoteInit.java:698)
01-06 07:00:50.923 21367 21367 W System.err: Caused by: java.lang.ClassNotFoundException: Didn't find class "com.skynet.android.uc.UC" on path: DexPathList[[zip file "/data/app/com.kiloo.subwaysurf-1/base.apk"],nativeLibraryDirectories=[/data/app/com.kiloo.subwaysurf-1/lib/arm, /vendor/lib, /system/lib]]
01-06 07:00:50.923 21367 21367 W System.err: 	at dalvik.system.BaseDexClassLoader.findClass(BaseDexClassLoader.java:56)
01-06 07:00:50.923 21367 21367 W System.err: 	at java.lang.ClassLoader.loadClass(ClassLoader.java:511)
01-06 07:00:50.923 21367 21367 W System.err: 	at java.lang.ClassLoader.loadClass(ClassLoader.java:469)
01-06 07:00:50.923 21367 21367 W System.err: 	... 17 more
01-06 07:00:50.923 21367 21367 W System.err: 	Suppressed: java.lang.ClassNotFoundException: com.skynet.android.uc.UC
01-06 07:00:50.923 21367 21367 W System.err: 		at java.lang.Class.classForName(Native Method)
01-06 07:00:50.923 21367 21367 W System.err: 		at java.lang.BootClassLoader.findClass(ClassLoader.java:781)
01-06 07:00:50.923 21367 21367 W System.err: 		at java.lang.BootClassLoader.loadClass(ClassLoader.java:841)
01-06 07:00:50.923 21367 21367 W System.err: 		at java.lang.ClassLoader.loadClass(ClassLoader.java:504)
01-06 07:00:50.923 21367 21367 W System.err: 		... 18 more
01-06 07:00:50.923 21367 21367 W System.err: 	Caused by: java.lang.NoClassDefFoundError: Class not found using the boot class loader; no stack available
01-06 07:00:50.924 21367 21367 W System.err: java.lang.ClassNotFoundException: com.gionee.game.offlinesdk.GamePlatform
01-06 07:00:50.924 21367 21367 W System.err: 	at java.lang.Class.classForName(Native Method)
01-06 07:00:50.924 21367 21367 W System.err: 	at java.lang.Class.forName(Class.java:309)
01-06 07:00:50.924 21367 21367 W System.err: 	at com.skynet.android.amigo.Amigo.isEnable(SourceFile:27)
01-06 07:00:50.924 21367 21367 W System.err: 	at com.skynet.android.amigo.Amigo.onApplicationCreate(SourceFile:17)
01-06 07:00:50.924 21367 21367 W System.err: 	at java.lang.reflect.Method.invoke(Native Method)
01-06 07:00:50.924 21367 21367 W System.err: 	at java.lang.reflect.Method.invoke(Method.java:372)
01-06 07:00:50.924 21367 21367 W System.err: 	at com.skynet.android.Skynet.invoke(SourceFile:4217)
01-06 07:00:50.924 21367 21367 W System.err: 	at com.skynet.android.Skynet.onApplicationCreate(SourceFile:3693)
01-06 07:00:50.924 21367 21367 W System.err: 	at com.kiloo.subwaysurf.BaiDuApplication.onCreate(BaiDuApplication.java:11)
01-06 07:00:50.924 21367 21367 W System.err: 	at android.app.Instrumentation.callApplicationOnCreate(Instrumentation.java:1012)
01-06 07:00:50.924 21367 21367 W System.err: 	at android.app.ActivityThread.handleBindApplication(ActivityThread.java:4553)
01-06 07:00:50.924 21367 21367 W System.err: 	at android.app.ActivityThread.access$1500(ActivityThread.java:151)
01-06 07:00:50.924 21367 21367 W System.err: 	at android.app.ActivityThread$H.handleMessage(ActivityThread.java:1364)
01-06 07:00:50.924 21367 21367 W System.err: 	at android.os.Handler.dispatchMessage(Handler.java:102)
01-06 07:00:50.924 21367 21367 W System.err: 	at android.os.Looper.loop(Looper.java:135)
01-06 07:00:50.924 21367 21367 W System.err: 	at android.app.ActivityThread.main(ActivityThread.java:5254)
01-06 07:00:50.924 21367 21367 W System.err: 	at java.lang.reflect.Method.invoke(Native Method)
01-06 07:00:50.924 21367 21367 W System.err: 	at java.lang.reflect.Method.invoke(Method.java:372)
01-06 07:00:50.924 21367 21367 W System.err: 	at com.android.internal.os.ZygoteInit$MethodAndArgsCaller.run(ZygoteInit.java:903)
01-06 07:00:50.924 21367 21367 W System.err: 	at com.android.internal.os.ZygoteInit.main(ZygoteInit.java:698)
01-06 07:00:50.924 21367 21367 W System.err: Caused by: java.lang.ClassNotFoundException: Didn't find class "com.gionee.game.offlinesdk.GamePlatform" on path: DexPathList[[zip file "/data/app/com.kiloo.subwaysurf-1/base.apk"],nativeLibraryDirectories=[/data/app/com.kiloo.subwaysurf-1/lib/arm, /vendor/lib, /system/lib]]
01-06 07:00:50.924 21367 21367 W System.err: 	at dalvik.system.BaseDexClassLoader.findClass(BaseDexClassLoader.java:56)
01-06 07:00:50.924 21367 21367 W System.err: 	at java.lang.ClassLoader.loadClass(ClassLoader.java:511)
01-06 07:00:50.924 21367 21367 W System.err: 	at java.lang.ClassLoader.loadClass(ClassLoader.java:469)
01-06 07:00:50.924 21367 21367 W System.err: 	... 20 more
01-06 07:00:50.924 21367 21367 W System.err: 	Suppressed: java.lang.ClassNotFoundException: com.gionee.game.offlinesdk.GamePlatform
01-06 07:00:50.924 21367 21367 W System.err: 		at java.lang.Class.classForName(Native Method)
01-06 07:00:50.924 21367 21367 W System.err: 		at java.lang.BootClassLoader.findClass(ClassLoader.java:781)
01-06 07:00:50.924 21367 21367 W System.err: 		at java.lang.BootClassLoader.loadClass(ClassLoader.java:841)
01-06 07:00:50.924 21367 21367 W System.err: 		at java.lang.ClassLoader.loadClass(ClassLoader.java:504)
01-06 07:00:50.924 21367 21367 W System.err: 		... 21 more
01-06 07:00:50.924 21367 21367 W System.err: 	Caused by: java.lang.NoClassDefFoundError: Class not found using the boot class loader; no stack available
01-06 07:00:50.924  2149  2295 W ActivityManager: getRunningAppProcesses: caller 10115 does not hold REAL_GET_TASKS; limiting output
01-06 07:00:51.018 21367 21367 D houdini : [21367] Added shared library /data/app/com.kiloo.subwaysurf-1/lib/arm/libmegjb.so for ClassLoader by Native Bridge.
01-06 07:00:51.037 21367 21367 D houdini : [21367] Added shared library /data/data/com.kiloo.subwaysurf/files/libmegbpp_02.02.16_01.so for ClassLoader by Native Bridge.
01-06 07:00:51.069 21365 21365 I dex2oat : dex2oat took 157.404ms (threads: 8) arena alloc=0B java alloc=2MB native alloc=598KB free=7MB
01-06 07:00:51.070 21304 21362 E unipaysdk_2.3.0: UnipaySDK ERR:724  none error
01-06 07:00:51.073 21304 21304 D houdini : [21304] Added shared library /data/data/com.popcap.pvz2cthdbddk/cache/libunicom.so for ClassLoader by Native Bridge.
01-06 07:00:51.076  2149  2377 W ActivityManager: getTasks: caller 10115 does not hold REAL_GET_TASKS; limiting output
01-06 07:00:51.077 21304 21304 I hashcode: hashcode = 6272
01-06 07:00:51.088  2149  2204 D WifiService: New client listening to asynchronous messages
01-06 07:00:51.212 21415 21415 W linker  : [vdso]: unused DT entry: type 0x6ffffef5 arg 0xec
01-06 07:00:51.212 21415 21415 E cutils-trace: Error opening trace file: Permission denied (13)
01-06 07:00:51.212 21415 21415 I dex2oat : /system/bin/dex2oat --runtime-arg -classpath --runtime-arg  --instruction-set=x86 --instruction-set-features=default --runtime-arg -Xrelocate --boot-image=/system/framework/boot.art --dex-file=/data/data/com.kiloo.subwaysurf/appsdk0_.dex --oat-fd=28 --oat-location=/data/data/com.kiloo.subwaysurf/files/appsdk0_.dex --runtime-arg -Xms64m --runtime-arg -Xmx512m --compiler-filter=interpret-only
01-06 07:00:51.305 21415 21415 I dex2oat : dex2oat took 92.955ms (threads: 8) arena alloc=0B java alloc=2MB native alloc=478KB free=7MB
01-06 07:00:51.346 21367 21367 E art     : ----- class 'Lcom/ir/gc/CustomContentProvider;' cl=0x12d76080 -----
01-06 07:00:51.346 21367 21367 E art     :   objectSize=412 (412 from super)
01-06 07:00:51.346 21367 21367 E art     :   access=0x0000.0001
01-06 07:00:51.346 21367 21367 E art     :   super='java.lang.Class<java.lang.Object>' (cl=0x0)
01-06 07:00:51.346 21367 21367 E art     :   vtable (0 entries, 11 in super):
01-06 07:00:51.346 21367 21367 E art     :   direct methods (23 entries):
01-06 07:00:51.346 21367 21367 E art     :      0: void com.ir.gc.CustomContentProvider.<init>()
01-06 07:00:51.346 21367 21367 E art     :      1: java.lang.String com.ir.gc.CustomContentProvider.GetInfoA(android.content.Context, java.lang.String)
01-06 07:00:51.346 21367 21367 E art     :      2: byte[] com.ir.gc.CustomContentProvider.GetInfoB(android.content.Context)
01-06 07:00:51.346 21367 21367 E art     :      3: java.lang.String com.ir.gc.CustomContentProvider.GetNormalBillingReq(android.content.Context, java.lang.String, java.lang.String)
01-06 07:00:51.346 21367 21367 E art     :      4: java.lang.String com.ir.gc.CustomContentProvider.GetSecureBillingRequest(android.content.Context, java.lang.String, java.lang.String)
01-06 07:00:51.346 21367 21367 E art     :      5: java.lang.String com.ir.gc.CustomContentProvider.GetSecureSessionRequest(android.content.Context, java.lang.String, java.lang.String, java.lang.String)
01-06 07:00:51.346 21367 21367 E art     :      6: java.lang.String com.ir.gc.CustomContentProvider.getAgentVersion()
01-06 07:00:51.346 21367 21367 E art     :      7: java.lang.String com.ir.gc.CustomContentProvider.getAppid(android.content.Context)
01-06 07:00:51.346 21367 21367 E art     :      8: java.lang.String com.ir.gc.CustomContentProvider.getContentValue(android.content.Context, java.lang.String, java.lang.String)
01-06 07:00:51.346 21367 21367 E art     :      9: java.lang.String com.ir.gc.CustomContentProvider.getPublicKey(android.content.Context)
01-06 07:00:51.346 21367 21367 E art     :     10: java.lang.String com.ir.gc.CustomContentProvider.nGetContentValue(java.lang.String, java.lang.String, java.lang.String, java.lang.String)
01-06 07:00:51.346 21367 21367 E art     :     11: int com.ir.gc.CustomContentProvider.nSetContentValue(java.lang.String, java.lang.String, java.lang.String, java.lang.String, java.lang.String)
01-06 07:00:51.346 21367 21367 E art     :     12: java.lang.String com.ir.gc.CustomContentProvider.ngetInfoA(java.lang.String, java.lang.String)
01-06 07:00:51.346 21367 21367 E art     :     13: byte[] com.ir.gc.CustomContentProvider.ngetInfoB()
01-06 07:00:51.346 21367 21367 E art     :     14: java.lang.String com.ir.gc.CustomContentProvider.ngetNormalBillingRequest(java.lang.String, java.lang.String, java.lang.String)
01-06 07:00:51.346 21367 21367 E art     :     15: java.lang.String com.ir.gc.CustomContentProvider.ngetSecureBillingRequest(java.lang.String, java.lang.String, java.lang.String)
01-06 07:00:51.346 21367 21367 E art     :     16: java.lang.String com.ir.gc.CustomContentProvider.ngetSecureSessionRequest(java.lang.String, java.lang.String, java.lang.String, java.lang.String)
01-06 07:00:51.346 21367 21367 E art     :     17: java.lang.String com.ir.gc.CustomContentProvider.ngetVersion(int)
01-06 07:00:51.346 21367 21367 E art     :     18: boolean com.ir.gc.CustomContentProvider.nupgradeAgent(java.lang.String)
01-06 07:00:51.346 21367 21367 E art     :     19: boolean com.ir.gc.CustomContentProvider.nupgradeSDK(java.lang.String, java.lang.String)
01-06 07:00:51.346 21367 21367 E art     :     20: int com.ir.gc.CustomContentProvider.setContentValue(android.content.Context, java.lang.String, java.lang.String, java.lang.String)
01-06 07:00:51.346 21367 21367 E art     :     21: boolean com.ir.gc.CustomContentProvider.updateSecureAgent(java.lang.String)
01-06 07:00:51.346 21367 21367 E art     :     22: boolean com.ir.gc.CustomContentProvider.upgradeSDK(android.content.Context, java.lang.String)
01-06 07:00:51.346 21367 21367 E art     : Failed to register native method com.ir.gc.CustomContentProvider.ngetBLD([B)Ljava/lang/String; in /data/data/com.kiloo.subwaysurf/appsdk0_.dex
01-06 07:00:51.346 21367 21367 I idsyconfig: load megjb ok
01-06 07:00:51.346 21367 21367 I idskyApi: onApplicationCreateidskyApi
01-06 07:00:51.347 21367 21367 I PaymentPlugin: onApplicationCreate  PaymentPlugin
01-06 07:00:51.349 21367 21367 I cc      : Cu onApplicationCreate Start
01-06 07:00:51.350  2149  3044 W ActivityManager: getRunningAppProcesses: caller 10115 does not hold REAL_GET_TASKS; limiting output
01-06 07:00:51.350 21367 21367 I unipaysdk: pid:19957 process:com.baidu.platform.gameplus.service
01-06 07:00:51.350 21367 21367 I unipaysdk: pid:21367 process:com.kiloo.subwaysurf
01-06 07:00:51.350 21367 21367 I unipaysdk: pid:20098 process:com.kiloo.subwaysurf:bdservice_v1
01-06 07:00:51.350 21367 21367 I unipaysdk: pid:20034 process:com.kiloo.subwaysurf:pluginservice
01-06 07:00:51.350 21367 21367 I unipaysdk: pid:20006 process:com.kiloo.subwaysurf:CollService
01-06 07:00:51.350 21367 21367 I unipaysdk: pid:19981 process:com.kiloo.subwaysurf:DRService
01-06 07:00:51.355 21367 21367 E unipaysdk: unipaysdk:rc(0/1), s(true)
01-06 07:00:51.356 21367 21367 E unipaysdk: unipaysdk:abi(armeabi-v7a)
01-06 07:00:51.356 21367 21367 E unipaysdk: unipaysdk:cpu_abi:armeabi-v7a
01-06 07:00:51.360 21367 21367 D houdini : [21367] Added shared library /data/data/com.kiloo.subwaysurf/.ulibs/decrypt.so for ClassLoader by Native Bridge.
01-06 07:00:51.360 21367 21367 E unipaysdk: unipaysdk:abi(armeabi-v7a)
01-06 07:00:51.361 21367 21367 D houdini : [21367] Added shared library /data/data/com.kiloo.subwaysurf/.ulibs/libunicomsdk.so for ClassLoader by Native Bridge.
01-06 07:00:51.361 21367 21367 E unipaysdk: unipaysdk:result.1: 1
01-06 07:00:51.361 21367 21367 I cc      : Cu onApplicationCreate finish
01-06 07:00:51.361 21367 21367 W System.err: java.lang.ClassNotFoundException: com.idsky.android.cu.net.UnicomOnlinePlugin
01-06 07:00:51.361 21367 21367 W System.err: 	at java.lang.Class.classForName(Native Method)
01-06 07:00:51.361 21367 21367 W System.err: 	at java.lang.Class.forName(Class.java:309)
01-06 07:00:51.361 21367 21367 W System.err: 	at java.lang.Class.forName(Class.java:273)
01-06 07:00:51.361 21367 21367 W System.err: 	at com.idsky.android.frame.PaymentPlugin.onApplicationCreate(SourceFile:131)
01-06 07:00:51.361 21367 21367 W System.err: 	at java.lang.reflect.Method.invoke(Native Method)
01-06 07:00:51.361 21367 21367 W System.err: 	at java.lang.reflect.Method.invoke(Method.java:372)
01-06 07:00:51.361 21367 21367 W System.err: 	at com.idsky.android.Idsky.onApplicationCreate(SourceFile:1411)
01-06 07:00:51.361 21367 21367 W System.err: 	at java.lang.reflect.Method.invoke(Native Method)
01-06 07:00:51.361 21367 21367 W System.err: 	at java.lang.reflect.Method.invoke(Method.java:372)
01-06 07:00:51.361 21367 21367 W System.err: 	at com.skynet.android.Skynet.invoke(SourceFile:4217)
01-06 07:00:51.361 21367 21367 W System.err: 	at com.skynet.android.Skynet.onApplicationCreate(SourceFile:3696)
01-06 07:00:51.361 21367 21367 W System.err: 	at com.kiloo.subwaysurf.BaiDuApplication.onCreate(BaiDuApplication.java:11)
01-06 07:00:51.361 21367 21367 W System.err: 	at android.app.Instrumentation.callApplicationOnCreate(Instrumentation.java:1012)
01-06 07:00:51.361 21367 21367 W System.err: 	at android.app.ActivityThread.handleBindApplication(ActivityThread.java:4553)
01-06 07:00:51.361 21367 21367 W System.err: 	at android.app.ActivityThread.access$1500(ActivityThread.java:151)
01-06 07:00:51.361 21367 21367 W System.err: 	at android.app.ActivityThread$H.handleMessage(ActivityThread.java:1364)
01-06 07:00:51.361 21367 21367 W System.err: 	at android.os.Handler.dispatchMessage(Handler.java:102)
01-06 07:00:51.361 21367 21367 W System.err: 	at android.os.Looper.loop(Looper.java:135)
01-06 07:00:51.361 21367 21367 W System.err: 	at android.app.ActivityThread.main(ActivityThread.java:5254)
01-06 07:00:51.361 21367 21367 W System.err: 	at java.lang.reflect.Method.invoke(Native Method)
01-06 07:00:51.361 21367 21367 W System.err: 	at java.lang.reflect.Method.invoke(Method.java:372)
01-06 07:00:51.361 21367 21367 W System.err: 	at com.android.internal.os.ZygoteInit$MethodAndArgsCaller.run(ZygoteInit.java:903)
01-06 07:00:51.361 21367 21367 W System.err: 	at com.android.internal.os.ZygoteInit.main(ZygoteInit.java:698)
01-06 07:00:51.361 21367 21367 W System.err: Caused by: java.lang.ClassNotFoundException: Didn't find class "com.idsky.android.cu.net.UnicomOnlinePlugin" on path: DexPathList[[zip file "/data/app/com.kiloo.subwaysurf-1/base.apk"],nativeLibraryDirectories=[/data/app/com.kiloo.subwaysurf-1/lib/arm, /vendor/lib, /system/lib]]
01-06 07:00:51.361 21367 21367 W System.err: 	at dalvik.system.BaseDexClassLoader.findClass(BaseDexClassLoader.java:56)
01-06 07:00:51.361 21367 21367 W System.err: 	at java.lang.ClassLoader.loadClass(ClassLoader.java:511)
01-06 07:00:51.361 21367 21367 W System.err: 	at java.lang.ClassLoader.loadClass(ClassLoader.java:469)
01-06 07:00:51.361 21367 21367 W System.err: 	... 23 more
01-06 07:00:51.361 21367 21367 W System.err: 	Suppressed: java.lang.ClassNotFoundException: Didn't find class "com.idsky.android.cu.net.UnicomOnlinePlugin" on path: DexPathList[[dex file "/data/data/com.kiloo.subwaysurf/appsdk0_.dex"],nativeLibraryDirectories=[/data/data/com.kiloo.subwaysurf/lib, /vendor/lib, /system/lib]]
01-06 07:00:51.361 21367 21367 W System.err: 		at dalvik.system.BaseDexClassLoader.findClass(BaseDexClassLoader.java:56)
01-06 07:00:51.361 21367 21367 W System.err: 		at java.lang.ClassLoader.loadClass(ClassLoader.java:511)
01-06 07:00:51.361 21367 21367 W System.err: 		at java.lang.ClassLoader.loadClass(ClassLoader.java:504)
01-06 07:00:51.361 21367 21367 W System.err: 		... 24 more
01-06 07:00:51.361 21367 21367 W System.err: 		Suppressed: java.lang.ClassNotFoundException: com.idsky.android.cu.net.UnicomOnlinePlugin
01-06 07:00:51.361 21367 21367 W System.err: 			at java.lang.Class.classForName(Native Method)
01-06 07:00:51.361 21367 21367 W System.err: 			at java.lang.BootClassLoader.findClass(ClassLoader.java:781)
01-06 07:00:51.361 21367 21367 W System.err: 			at java.lang.BootClassLoader.loadClass(ClassLoader.java:841)
01-06 07:00:51.361 21367 21367 W System.err: 			at java.lang.ClassLoader.loadClass(ClassLoader.java:504)
01-06 07:00:51.361 21367 21367 W System.err: 			... 25 more
01-06 07:00:51.361 21367 21367 W System.err: 		Caused by: java.lang.NoClassDefFoundError: Class not found using the boot class loader; no stack available
01-06 07:00:51.363 21430 21430 W linker  : [vdso]: unused DT entry: type 0x6ffffef5 arg 0x160
01-06 07:00:51.365 21430 21430 W linker  : [vdso]: unused DT entry: type 0x6ffffef5 arg 0x160
01-06 07:00:51.366 21367 21367 I SmsMmPlugin: MM  install start
01-06 07:00:51.366 21367 21367 W System.err: java.lang.ClassNotFoundException: com.secneo.mmb.DexHelper
01-06 07:00:51.366 21367 21367 W System.err: 	at java.lang.Class.classForName(Native Method)
01-06 07:00:51.366 21367 21367 W System.err: 	at java.lang.Class.forName(Class.java:309)
01-06 07:00:51.366 21367 21367 W System.err: 	at java.lang.Class.forName(Class.java:273)
01-06 07:00:51.366 21367 21367 W System.err: 	at com.idsky.android.mm.SmsMmPlugin.onApplicationCreate(SourceFile:99)
01-06 07:00:51.366 21367 21367 W System.err: 	at java.lang.reflect.Method.invoke(Native Method)
01-06 07:00:51.366 21367 21367 W System.err: 	at java.lang.reflect.Method.invoke(Method.java:372)
01-06 07:00:51.366 21367 21367 W System.err: 	at com.idsky.android.frame.PaymentPlugin.onApplicationCreate(SourceFile:152)
01-06 07:00:51.366 21367 21367 W System.err: 	at java.lang.reflect.Method.invoke(Native Method)
01-06 07:00:51.366 21367 21367 W System.err: 	at java.lang.reflect.Method.invoke(Method.java:372)
01-06 07:00:51.366 21367 21367 W System.err: 	at com.idsky.android.Idsky.onApplicationCreate(SourceFile:1411)
01-06 07:00:51.366 21367 21367 W System.err: 	at java.lang.reflect.Method.invoke(Native Method)
01-06 07:00:51.366 21367 21367 W System.err: 	at java.lang.reflect.Method.invoke(Method.java:372)
01-06 07:00:51.366 21367 21367 W System.err: 	at com.skynet.android.Skynet.invoke(SourceFile:4217)
01-06 07:00:51.366 21367 21367 W System.err: 	at com.skynet.android.Skynet.onApplicationCreate(SourceFile:3696)
01-06 07:00:51.366 21367 21367 W System.err: 	at com.kiloo.subwaysurf.BaiDuApplication.onCreate(BaiDuApplication.java:11)
01-06 07:00:51.366 21367 21367 W System.err: 	at android.app.Instrumentation.callApplicationOnCreate(Instrumentation.java:1012)
01-06 07:00:51.366 21367 21367 W System.err: 	at android.app.ActivityThread.handleBindApplication(ActivityThread.java:4553)
01-06 07:00:51.366 21367 21367 W System.err: 	at android.app.ActivityThread.access$1500(ActivityThread.java:151)
01-06 07:00:51.366 21367 21367 W System.err: 	at android.app.ActivityThread$H.handleMessage(ActivityThread.java:1364)
01-06 07:00:51.366 21367 21367 W System.err: 	at android.os.Handler.dispatchMessage(Handler.java:102)
01-06 07:00:51.366 21367 21367 W System.err: 	at android.os.Looper.loop(Looper.java:135)
01-06 07:00:51.366 21367 21367 W System.err: 	at android.app.ActivityThread.main(ActivityThread.java:5254)
01-06 07:00:51.366 21367 21367 W System.err: 	at java.lang.reflect.Method.invoke(Native Method)
01-06 07:00:51.366 21367 21367 W System.err: 	at java.lang.reflect.Method.invoke(Method.java:372)
01-06 07:00:51.366 21367 21367 W System.err: 	at com.android.internal.os.ZygoteInit$MethodAndArgsCaller.run(ZygoteInit.java:903)
01-06 07:00:51.366 21367 21367 W System.err: 	at com.android.internal.os.ZygoteInit.main(ZygoteInit.java:698)
01-06 07:00:51.366 21367 21367 W System.err: Caused by: java.lang.ClassNotFoundException: Didn't find class "com.secneo.mmb.DexHelper" on path: DexPathList[[zip file "/data/app/com.kiloo.subwaysurf-1/base.apk"],nativeLibraryDirectories=[/data/app/com.kiloo.subwaysurf-1/lib/arm, /vendor/lib, /system/lib]]
01-06 07:00:51.366 21367 21367 W System.err: 	at dalvik.system.BaseDexClassLoader.findClass(BaseDexClassLoader.java:56)
01-06 07:00:51.366 21367 21367 W System.err: 	at java.lang.ClassLoader.loadClass(ClassLoader.java:511)
01-06 07:00:51.366 21367 21367 W System.err: 	at java.lang.ClassLoader.loadClass(ClassLoader.java:469)
01-06 07:00:51.366 21367 21367 W System.err: 	... 26 more
01-06 07:00:51.366 21367 21367 W System.err: 	Suppressed: java.lang.ClassNotFoundException: Didn't find class "com.secneo.mmb.DexHelper" on path: DexPathList[[dex file "/data/data/com.kiloo.subwaysurf/appsdk0_.dex"],nativeLibraryDirectories=[/data/data/com.kiloo.subwaysurf/lib, /vendor/lib, /system/lib]]
01-06 07:00:51.366 21367 21367 W System.err: 		at dalvik.system.BaseDexClassLoader.findClass(BaseDexClassLoader.java:56)
01-06 07:00:51.366 21367 21367 W System.err: 		at java.lang.ClassLoader.loadClass(ClassLoader.java:511)
01-06 07:00:51.366 21367 21367 W System.err: 		at java.lang.ClassLoader.loadClass(ClassLoader.java:504)
01-06 07:00:51.366 21367 21367 W System.err: 		... 27 more
01-06 07:00:51.366 21367 21367 W System.err: 		Suppressed: java.lang.ClassNotFoundException: com.secneo.mmb.DexHelper
01-06 07:00:51.366 21367 21367 W System.err: 			at java.lang.Class.classForName(Native Method)
01-06 07:00:51.366 21367 21367 W System.err: 			at java.lang.BootClassLoader.findClass(ClassLoader.java:781)
01-06 07:00:51.366 21367 21367 W System.err: 			at java.lang.BootClassLoader.loadClass(ClassLoader.java:841)
01-06 07:00:51.366 21367 21367 W System.err: 			at java.lang.ClassLoader.loadClass(ClassLoader.java:504)
01-06 07:00:51.366 21367 21367 W System.err: 			... 28 more
01-06 07:00:51.366 21367 21367 W System.err: 		Caused by: java.lang.NoClassDefFoundError: Class not found using the boot class loader; no stack available
01-06 07:00:51.366 21367 21367 W System.err: java.lang.ClassNotFoundException: com.secneo.mmb.Helper
01-06 07:00:51.366 21367 21367 W System.err: 	at java.lang.Class.classForName(Native Method)
01-06 07:00:51.366 21367 21367 W System.err: 	at java.lang.Class.forName(Class.java:309)
01-06 07:00:51.366 21367 21367 W System.err: 	at java.lang.Class.forName(Class.java:273)
01-06 07:00:51.366 21367 21367 W System.err: 	at com.idsky.android.mm.SmsMmPlugin.onApplicationCreate(SourceFile:104)
01-06 07:00:51.366 21367 21367 W System.err: 	at java.lang.reflect.Method.invoke(Native Method)
01-06 07:00:51.366 21367 21367 W System.err: 	at java.lang.reflect.Method.invoke(Method.java:372)
01-06 07:00:51.366 21367 21367 W System.err: 	at com.idsky.android.frame.PaymentPlugin.onApplicationCreate(SourceFile:152)
01-06 07:00:51.366 21367 21367 W System.err: 	at java.lang.reflect.Method.invoke(Native Method)
01-06 07:00:51.366 21367 21367 W System.err: 	at java.lang.reflect.Method.invoke(Method.java:372)
01-06 07:00:51.366 21367 21367 W System.err: 	at com.idsky.android.Idsky.onApplicationCreate(SourceFile:1411)
01-06 07:00:51.367 21367 21367 W System.err: 	at java.lang.reflect.Method.invoke(Native Method)
01-06 07:00:51.367 21367 21367 W System.err: 	at java.lang.reflect.Method.invoke(Method.java:372)
01-06 07:00:51.367 21367 21367 W System.err: 	at com.skynet.android.Skynet.invoke(SourceFile:4217)
01-06 07:00:51.367 21367 21367 W System.err: 	at com.skynet.android.Skynet.onApplicationCreate(SourceFile:3696)
01-06 07:00:51.367 21367 21367 W System.err: 	at com.kiloo.subwaysurf.BaiDuApplication.onCreate(BaiDuApplication.java:11)
01-06 07:00:51.367 21367 21367 W System.err: 	at android.app.Instrumentation.callApplicationOnCreate(Instrumentation.java:1012)
01-06 07:00:51.367 21367 21367 W System.err: 	at android.app.ActivityThread.handleBindApplication(ActivityThread.java:4553)
01-06 07:00:51.367 21367 21367 W System.err: 	at android.app.ActivityThread.access$1500(ActivityThread.java:151)
01-06 07:00:51.367 21367 21367 W System.err: 	at android.app.ActivityThread$H.handleMessage(ActivityThread.java:1364)
01-06 07:00:51.367 21367 21367 W System.err: 	at android.os.Handler.dispatchMessage(Handler.java:102)
01-06 07:00:51.367 21367 21367 W System.err: 	at android.os.Looper.loop(Looper.java:135)
01-06 07:00:51.367 21367 21367 W System.err: 	at android.app.ActivityThread.main(ActivityThread.java:5254)
01-06 07:00:51.367 21367 21367 W System.err: 	at java.lang.reflect.Method.invoke(Native Method)
01-06 07:00:51.367 21367 21367 W System.err: 	at java.lang.reflect.Method.invoke(Method.java:372)
01-06 07:00:51.367 21367 21367 W System.err: 	at com.android.internal.os.ZygoteInit$MethodAndArgsCaller.run(ZygoteInit.java:903)
01-06 07:00:51.367 21367 21367 W System.err: 	at com.android.internal.os.ZygoteInit.main(ZygoteInit.java:698)
01-06 07:00:51.367 21367 21367 W System.err: Caused by: java.lang.ClassNotFoundException: Didn't find class "com.secneo.mmb.Helper" on path: DexPathList[[zip file "/data/app/com.kiloo.subwaysurf-1/base.apk"],nativeLibraryDirectories=[/data/app/com.kiloo.subwaysurf-1/lib/arm, /vendor/lib, /system/lib]]
01-06 07:00:51.367 21367 21367 W System.err: 	at dalvik.system.BaseDexClassLoader.findClass(BaseDexClassLoader.java:56)
01-06 07:00:51.367 21367 21367 W System.err: 	at java.lang.ClassLoader.loadClass(ClassLoader.java:511)
01-06 07:00:51.367 21367 21367 W System.err: 	at java.lang.ClassLoader.loadClass(ClassLoader.java:469)
01-06 07:00:51.367 21367 21367 W System.err: 	... 26 more
01-06 07:00:51.367 21367 21367 W System.err: 	Suppressed: java.lang.ClassNotFoundException: Didn't find class "com.secneo.mmb.Helper" on path: DexPathList[[dex file "/data/data/com.kiloo.subwaysurf/appsdk0_.dex"],nativeLibraryDirectories=[/data/data/com.kiloo.subwaysurf/lib, /vendor/lib, /system/lib]]
01-06 07:00:51.367 21367 21367 W System.err: 		at dalvik.system.BaseDexClassLoader.findClass(BaseDexClassLoader.java:56)
01-06 07:00:51.367 21367 21367 W System.err: 		at java.lang.ClassLoader.loadClass(ClassLoader.java:511)
01-06 07:00:51.367 21367 21367 W System.err: 		at java.lang.ClassLoader.loadClass(ClassLoader.java:504)
