01-06 07:00:59.507 21679 21679 I Delta   : [+220] activity oncreate end , total: 274
01-06 07:00:59.509 21679 21679 W beacon  : API Level: 22
01-06 07:00:59.513 21679 21679 I tyrael  : setWnsBackground
01-06 07:00:59.528  2149 15843 I ActivityManager: Start proc 21730:com.tencent.qqmusic:QQPlayerService/u0a129 for service com.tencent.qqmusic/com.tencent.qqmusicplayerprocess.network.NetworkService
01-06 07:00:59.531 21730 21730 D houdini : [21730] Initialize library(version: 5.2.2_y.47738 RELEASE)... successfully.
01-06 07:00:59.535 21730 21730 I ActivityThread: Switching default density from 160 to 240
01-06 07:00:59.543 21730 21752 D QQMusicPatchManager: patch_check_update_thread is running
01-06 07:00:59.543 21730 21730 D HotfixManager: installVerifyDex start
01-06 07:00:59.543 21730 21730 D HotfixManager: dexPath = /data/data/com.tencent.qqmusic/files/hotfix/verify.jar,odexPath = /data/data/com.tencent.qqmusic/files/odex_hotfix/
01-06 07:00:59.547 21730 21730 D DexUtil : load clas com.tencent.NotDoVerifyClasses success 
01-06 07:00:59.547 21730 21730 D HotfixManager: installHotfixDexImpl result = true,dexPath = /data/data/com.tencent.qqmusic/files/hotfix/verify.jar
01-06 07:00:59.547 21730 21730 D HotfixManager: installVerifyDex result = true
01-06 07:00:59.547 21730 21730 D QQMusicPatchManager: initAndInstallPatch 
01-06 07:00:59.547 21730 21730 D HotfixManager: initAndInstallPatch start
01-06 07:00:59.547 21730 21730 D PatchPreferences: getPatch success PatchConfig:,version:null,describe:null,length:0,md5:null,url:null,downloadFilePath:null,downloadDirPath:null,score:0,isClose:false,versionCode:0
01-06 07:00:59.547 21730 21730 D Patch   : verify simpleCheck = false
01-06 07:00:59.547 21730 21730 D HotfixManager: initAndInstallPatch verify = false,patch = PatchConfig:,version:null,describe:null,length:0,md5:null,url:null,downloadFilePath:null,downloadDirPath:null,score:0,isClose:false,versionCode:0
01-06 07:00:59.547 21730 21730 D QQMusicPatchManager: initAndInstallPatch result = false
01-06 07:00:59.547 21730 21730 D PatchPreferences: getPatch success PatchConfig:,version:null,describe:null,length:0,md5:null,url:null,downloadFilePath:null,downloadDirPath:null,score:0,isClose:false,versionCode:0
01-06 07:00:59.548 21730 21730 I MultiDex: VM with version 2.1.0 has multidex support
01-06 07:00:59.548 21730 21730 I MultiDex: install
01-06 07:00:59.548 21730 21730 I MultiDex: VM has multidex support, MultiDex support library is disabled.
01-06 07:00:59.548  2149  2295 W ActivityManager: getRunningAppProcesses: caller 10129 does not hold REAL_GET_TASKS; limiting output
01-06 07:00:59.548 21730 21730 I LogPoint4Test: 加载分dex耗时-->11
01-06 07:00:59.548 21730 21730 I Delta   : [+0] Start , total: 0
01-06 07:00:59.549  2149  3128 W ActivityManager: getRunningAppProcesses: caller 10129 does not hold REAL_GET_TASKS; limiting output
01-06 07:00:59.549 21730 21730 D LogPoint: app#start-0|app start|<17458687599359>
01-06 07:00:59.551 21730 21730 I Delta   : [+3] programInit 1  , total: 3
01-06 07:00:59.551  2149  3044 W ActivityManager: getRunningAppProcesses: caller 10129 does not hold REAL_GET_TASKS; limiting output
01-06 07:00:59.552  2149 17057 W ActivityManager: getRunningAppProcesses: caller 10129 does not hold REAL_GET_TASKS; limiting output
01-06 07:00:59.554 21730 21756 W NetworkObserver: LAST -> null
01-06 07:00:59.554 21730 21756 W NetworkObserver: CURR -> NetworkState [connected=true, apnName=f8:32:e4:a0:25:09, type=ETHERNET, accessPoint=NEVER_HEARD]
01-06 07:00:59.554  2149  9351 W ActivityManager: getRunningAppProcesses: caller 10129 does not hold REAL_GET_TASKS; limiting output
01-06 07:00:59.554 21730 21756 V NetworkDash: isDeviceIdBySlot:0
01-06 07:00:59.555 21730 21756 V NetworkDash: isDeviceIdBySlot:1
01-06 07:00:59.555 21730 21756 I NetworkDash: imsi: null
01-06 07:00:59.555 21730 21756 W NetworkObserver: null => N/A
01-06 07:00:59.559 21730 21730 I WnsApiManager: wns inited:mAppBackground:true
01-06 07:00:59.559 21730 21730 W tyrael  : dispatchApplicationEnterBackground:com.tencent.wns.ipcclient.b@21fa1ac1
01-06 07:00:59.559 21730 21730 I WnsUidBindManager: sIsWnsReady:false
01-06 07:00:59.560 21730 21730 W eup     : 'setLogAble(boolean)' is true , so running in debug model , close it when you release!
01-06 07:00:59.560 21730 21730 D eup     : rqdp{  init cominfo}
01-06 07:00:59.560 21730 21730 I eup     : rqdp{  version:} 5.8.0.18
01-06 07:00:59.560  2149  2377 W ActivityManager: getRunningAppProcesses: caller 10129 does not hold REAL_GET_TASKS; limiting output
01-06 07:00:59.561 21730 21730 D eup     : set sha1 5.8.0.18294
01-06 07:00:59.561 21730 21730 D eup     : setsofile libvad.so armeabi ea891f09f33b0340fead5b0c7a87265804a3307c
01-06 07:00:59.561 21730 21730 D eup     : setsofile libwtecdh.so armeabi c7063df20f11590003ceac47581347dac3938ea6
01-06 07:00:59.561 21730 21730 D eup     : setsofile libfilescanner.so armeabi e0a424fddd78fb1ee51cfe7eb47f861e9566f651
01-06 07:00:59.561 21730 21730 D eup     : setsofile libfingerprintV2jni.so armeabi a565c837fc539e7e8de98eb9e9c31af7fa26aa44
01-06 07:00:59.561 21730 21730 D eup     : setsofile libdalvik_patch.so armeabi c00fedfc2d2791227579cf6c2ccf45abddf97e1a
01-06 07:00:59.561 21730 21730 D eup     : setsofile libsta_jni.so armeabi c481725f3c498bb59d2b1b5578775687777a7d2c
01-06 07:00:59.561 21730 21730 D eup     : setsofile libfingerprintjni.so armeabi 13c223e315a7edd34ff27a48dfd82da8a508a3bf
01-06 07:00:59.561 21730 21730 D eup     : setsofile libNativeRQD.so armeabi de7770d2256ec71a458afdd58344a85c9784e518
01-06 07:00:59.561 21730 21730 D eup     : setsofile libimage_filter_common.so armeabi f9b5df2a273f934f299ee62f6865f3df11e8bd96
01-06 07:00:59.561 21730 21730 D eup     : setsofile libinh.so armeabi 4a0937f2e5c11003e6dd5447473c677f84cf139e
01-06 07:00:59.561 21730 21730 D eup     : setsofile libWXVoice.so armeabi 52dd89487aea3289b5c06837f9d32c8496a31660
01-06 07:00:59.561 21730 21730 D eup     : setsofile libQPlayAuto.so armeabi fdf2e6603ad9ade63d6a754ad2ea99e15d60a072
01-06 07:00:59.561 21730 21730 D eup     : setsofile libsearch.so armeabi 205ebffad915fe3fe809fa60a120d5e8bfa862f6
01-06 07:00:59.561 21730 21730 D eup     : setsofile libTUpdateService.so armeabi da8492ebfd84b7aaa5665cd3ab3a0c7255e2116d
01-06 07:00:59.561 21730 21730 D eup     : setsofile libmresearch.so armeabi 7399f79660db8aafd028113d65060480373813bd
01-06 07:00:59.561 21730 21730 D eup     : setsofile libQQMMANDKSignature.so armeabi b836a03cf5bec21e3e1d59c59090502603f1c280
01-06 07:00:59.561 21730 21730 D eup     : setsofile libwnsnetwork.so armeabi 9dc03eb11972e16db00f227d96338950086fcf6b
01-06 07:00:59.561 21730 21730 D eup     : setsofile libupnp-jni.so armeabi aa52904393f0970773505d6679f93518fceaa74f
01-06 07:00:59.561 21730 21730 D eup     : setsofile libnetworkbase.so armeabi a0e8db20a0c33ab4ec13a667431ff64ba5f4f52c
01-06 07:00:59.561 21730 21730 D eup     : setsofile libpbpinyin.so armeabi 8671c35252282defa7f80e555b636fe91dc7e5d8
01-06 07:00:59.561 21730 21730 D eup     : setsofile libtmfe30.so armeabi bdaf4a86046b9a43948106f013e931857c689cd3
01-06 07:00:59.561 21730 21730 D eup     : setsofile libPlayerCore_neon.so armeabi ca1dfffe4214c18df6f511c12b125e1345e16d31
01-06 07:00:59.561 21730 21730 D eup     : setsofile libdesdecrypt.so armeabi 945d63ce54c8fce706811314eedd1090db91656d
01-06 07:00:59.561 21730 21730 D eup     : setsofile libexpress_verify.so armeabi a51c6f53042524b6b39105ba8501caa99f2eb828
01-06 07:00:59.561 21730 21730 D eup     : setsofile libimage_filter_gpu.so armeabi f4ab2a1bfc308442d5350e9390b85720e6f4625a
01-06 07:00:59.561 21730 21730 D eup     : setsofile libckey.so armeabi d800c5f033823b739b41a67cca48824c6822d7a1
01-06 07:00:59.561 21730 21730 D eup     : setsofile libckeygenerator.so armeabi 52795e793ff5d1ae9596263f9b990e493c3a3bf1
01-06 07:00:59.561 21730 21730 D eup     : setsofile libSongUrlFactory.so armeabi 372fe054c2427076f2970f8a446aaa8801846806
01-06 07:00:59.561 21730 21730 D eup     : setsofile libh.so armeabi ba2ff2c65d7aac33aa94abc40ea0af796b43ba05
01-06 07:00:59.561 21730 21730 D eup     : setsofile libTxCodec_neon.so armeabi c47ee08f2acb9afe9d6f386f3b923516b05468f8
01-06 07:00:59.561 21730 21730 D eup     : setsofile libFormatDetector.so armeabi ce98b51d1a1f882572e3acaa0039d4d1c1ddf143
01-06 07:00:59.561 21730 21730 D eup     : setted so count 31
01-06 07:00:59.562 21730 21767 D eup     : rqdp{  create uphandler up:}true
01-06 07:00:59.562 21730 21767 I eup     : rqdp{  eup create instance}
01-06 07:00:59.562 21730 21767 D eup     : rqdp{  cus eupstrategy} [MSNum:10 ,Wifi:10,GPRS:3,ODay:10,isMerged:true,AfQ:false,Silent:true,mLog:300,tag:null,assert:false, interval:50, limit:60]
01-06 07:00:59.562 21730 21767 I eup     : rqdp{  mid:}3 rqdp{  change user switch} true
01-06 07:00:59.562 21730 21767 I eup     : rqdp{ eup regist}
01-06 07:00:59.564  2149  2204 D WifiService: New client listening to asynchronous messages
01-06 07:00:59.565 21730 21767 D houdini : [21767] Added shared library /data/app/com.tencent.qqmusic-1/lib/arm/libNativeRQD.so for ClassLoader by Native Bridge.
01-06 07:00:59.565 21730 21767 I eup     : load lib sucess default!
01-06 07:00:59.565 21730 21767 I eup     : add clean task to query listener
01-06 07:00:59.565 21730 21767 E art     : No implementation found for java.lang.String com.tencent.feedback.eup.jni.NativeExceptionUpload.registNativeExceptionHandler2(java.lang.String, java.lang.String, int, int) (tried Java_com_tencent_feedback_eup_jni_NativeExceptionUpload_registNativeExceptionHandler2 and Java_com_tencent_feedback_eup_jni_NativeExceptionUpload_registNativeExceptionHandler2__Ljava_lang_String_2Ljava_lang_String_2II)
01-06 07:00:59.565 21730 21767 W eup     : regist fail:No implementation found for java.lang.String com.tencent.feedback.eup.jni.NativeExceptionUpload.registNativeExceptionHandler2(java.lang.String, java.lang.String, int, int) (tried Java_com_tencent_feedback_eup_jni_NativeExceptionUpload_registNativeExceptionHandler2 and Java_com_tencent_feedback_eup_jni_NativeExceptionUpload_registNativeExceptionHandler2__Ljava_lang_String_2Ljava_lang_String_2II) , try old regist
01-06 07:00:59.566 21730 21767 I native_eup: Java_com_tencent_feedback_eup_jni_NativeExceptionUpload_registNativeExceptionHandler start
01-06 07:00:59.566 21730 21767 I native_eup: found native exception upload!
01-06 07:00:59.566 21730 21767 I native_eup: found native exception handler!
01-06 07:00:59.566 21730 21767 I native_eup: regist handler start procType 1 , level 22 , tombDir:/storage/emulated/0/qqmusic/eup/
01-06 07:00:59.566 21730 21767 I native_eup: registSignal start
01-06 07:00:59.566 21730 21767 I native_eup: registSignal end
01-06 07:00:59.566 21730 21767 I native_eup: regist handler end
01-06 07:00:59.566 21730 21767 I native_eup: Java_com_tencent_feedback_eup_jni_NativeExceptionUpload_registNativeExceptionHandler end
01-06 07:00:59.566 21730 21767 I native_eup: NativeRQDVersion:NRQD_1.7
01-06 07:00:59.566 21730 21767 I native_eup: Java_com_tencent_feedback_eup_jni_NativeExceptionUpload_enableHandler start
01-06 07:00:59.566 21730 21767 I native_eup: Java_com_tencent_feedback_eup_jni_NativeExceptionUpload_enableHandler end
01-06 07:00:59.566 21730 21767 I native_eup: setLogMode 3 current 4
01-06 07:00:59.570 21730 21730 I art     : Explicit concurrent mark sweep GC freed 2613(156KB) AllocSpace objects, 0(0B) LOS objects, 39% free, 3MB/5MB, paused 125us total 5.264ms
01-06 07:00:59.570 21730 21730 W beacon  : API Level: 22
01-06 07:00:59.572 21730 21730 I Delta   : [+21] App create end , total: 24
01-06 07:00:59.576 21679 21679 D LogPoint: scansongs-0|scan songs start|<17458714826504>
01-06 07:00:59.577 21679 21679 D Profiler: perf.扫描性能测试.begin 1452063659577
01-06 07:00:59.577 21679 21679 D Profiler: perf.1_APP_FULL_SCAN_LOCAL_FINISH.begin 1452063659577
01-06 07:00:59.577 21679 21679 D Profiler: perf.1_APP_SCAN_LOCAL_FINISH.begin 1452063659577
01-06 07:00:59.577 21679 21679 I Delta   : [+70] activity onstart , total: 344
01-06 07:00:59.577 21780 21780 W linker  : [vdso]: unused DT entry: type 0x6ffffef5 arg 0x160
01-06 07:00:59.577 21679 21679 I Delta   : [+0] activity onresume , total: 344
01-06 07:00:59.578 21679 21782 D FilterUtil: setFileFilter: com.tencent.qqmusic.business.local.a.v@db6149
01-06 07:00:59.579 21679 21782 W DBHelper: initDirDatabase
01-06 07:00:59.579 21679 21782 W DBHelper: initializeDB
01-06 07:00:59.581 21787 21787 W linker  : [vdso]: unused DT entry: type 0x6ffffef5 arg 0x160
01-06 07:00:59.583 21679 21789 D OpenGLRenderer: Use EGL_SWAP_BEHAVIOR_PRESERVED: true
01-06 07:00:59.594  2149  2394 I art     : Explicit concurrent mark sweep GC freed 15125(969KB) AllocSpace objects, 12(1329KB) LOS objects, 33% free, 18MB/27MB, paused 330us total 10.016ms
01-06 07:00:59.594  2149  2394 V WindowManager: Adding window Window{21a3b2fb u0 com.tencent.qqmusic/com.tencent.qqmusic.activity.AppStarterActivity} at 8 of 13 (after Window{2c078630 u0 com.wandoujia.phoenix2/com.wandoujia.jupiter.search.activity.SearchHomeActivity})
01-06 07:00:59.596  2149  2204 D WifiService: New client listening to asynchronous messages
01-06 07:00:59.597 21730 21790 D LibraryLoader: try to load library: networkbase from system lib
01-06 07:00:59.598 21730 21790 D houdini : [21790] Added shared library /data/app/com.tencent.qqmusic-1/lib/arm/libnetworkbase.so for ClassLoader by Native Bridge.
01-06 07:00:59.598 21730 21790 D LibraryLoader: try to load library: wnsnetwork from system lib
01-06 07:00:59.599 21800 21800 W linker  : [vdso]: unused DT entry: type 0x6ffffef5 arg 0x160
01-06 07:00:59.602 21807 21807 W linker  : [vdso]: unused DT entry: type 0x6ffffef5 arg 0x160
01-06 07:00:59.605 21730 21790 D houdini : [21790] Added shared library /data/app/com.tencent.qqmusic-1/lib/arm/libwnsnetwork.so for ClassLoader by Native Bridge.
01-06 07:00:59.605 21730 21790 W art     : Attempt to remove local handle scope entry from IRT, ignoring
01-06 07:00:59.608 21813 21813 W linker  : [vdso]: unused DT entry: type 0x6ffffef5 arg 0x160
01-06 07:00:59.610 21820 21820 W linker  : [vdso]: unused DT entry: type 0x6ffffef5 arg 0x160
01-06 07:00:59.613 21821 21821 W linker  : [vdso]: unused DT entry: type 0x6ffffef5 arg 0x160
01-06 07:00:59.614 21679 21789 I GRALLOC-DRM: create intel for driver i915
01-06 07:00:59.614 21679 21789 I EGL-DRI2: DRI2: found extension DRI_Core version 1
01-06 07:00:59.614 21679 21789 I EGL-DRI2: DRI2: found extension DRI_DRI2 version 4
01-06 07:00:59.615 21823 21823 W linker  : [vdso]: unused DT entry: type 0x6ffffef5 arg 0x160
01-06 07:00:59.617 21679 21789 I EGL-DRI2: DRI2: found extension DRI_TexBuffer version 3
01-06 07:00:59.617 21679 21789 I EGL-DRI2: DRI2: found extension DRI2_Flush version 4
01-06 07:00:59.617 21679 21789 I EGL-DRI2: DRI2: found extension DRI_IMAGE version 11
01-06 07:00:59.617 21679 21789 I OpenGLRenderer: Initialized EGL, version 1.4
01-06 07:00:59.617 21679 21789 W OpenGLRenderer: Failed to choose config with EGL_SWAP_BEHAVIOR_PRESERVED, retrying without...
01-06 07:00:59.618 21831 21831 W linker  : [vdso]: unused DT entry: type 0x6ffffef5 arg 0x160
01-06 07:00:59.618 21679 21789 D OpenGLRenderer: Enabling debug mode 0
01-06 07:00:59.619 21679 21679 I Delta   : [+42] activity focus , total: 386
01-06 07:00:59.620 19752 19752 W IInputConnectionWrapper: showStatusIcon on inactive InputConnection
01-06 07:00:59.620 21833 21833 W linker  : [vdso]: unused DT entry: type 0x6ffffef5 arg 0x160
01-06 07:00:59.622 21836 21836 W linker  : [vdso]: unused DT entry: type 0x6ffffef5 arg 0x160
01-06 07:00:59.623 21838 21838 W linker  : [vdso]: unused DT entry: type 0x6ffffef5 arg 0x160
01-06 07:00:59.642 21844 21844 W linker  : [vdso]: unused DT entry: type 0x6ffffef5 arg 0x160
01-06 07:00:59.650 21679 21679 I Delta   : [+31] init base , total: 417
01-06 07:00:59.651  2149  2180 I ActivityManager: Displayed com.tencent.qqmusic/.activity.AppStarterActivity: +605ms (total +8s272ms)
01-06 07:00:59.654  1867  2115 E Vold    : Failed to find mounted volume for /storage/usb1/Android/data/com.tencent.qqmusic/files/
01-06 07:00:59.654 21679 21679 W ContextImpl: Failed to ensure directory: /storage/usb1/Android/data/com.tencent.qqmusic/files
01-06 07:00:59.655  1867  2115 E Vold    : Failed to find mounted volume for /storage/usb2/Android/data/com.tencent.qqmusic/files/
01-06 07:00:59.655 21679 21679 W ContextImpl: Failed to ensure directory: /storage/usb2/Android/data/com.tencent.qqmusic/files
01-06 07:00:59.655  1867  2115 E Vold    : Failed to find mounted volume for /storage/usb3/Android/data/com.tencent.qqmusic/files/
01-06 07:00:59.655 21679 21679 W ContextImpl: Failed to ensure directory: /storage/usb3/Android/data/com.tencent.qqmusic/files
01-06 07:00:59.655  1867  2115 E Vold    : Failed to find mounted volume for /storage/sdcard1/Android/data/com.tencent.qqmusic/files/
01-06 07:00:59.655 21679 21679 W ContextImpl: Failed to ensure directory: /storage/sdcard1/Android/data/com.tencent.qqmusic/files
01-06 07:00:59.657 21679 21848 D FileOutput: threadStart
01-06 07:00:59.657 21679 21679 I Delta   : [+7] programStart1 1  , total: 424
01-06 07:00:59.658 21679 21849 D FileOutput: threadStart
01-06 07:00:59.680 21730 21750 W System.err: java.lang.NumberFormatException: Invalid long: "ffffffffa4b0226d0033c5870033c587"
01-06 07:00:59.680 21730 21750 W System.err: 	at java.lang.Long.invalidLong(Long.java:124)
01-06 07:00:59.680 21730 21750 W System.err: 	at java.lang.Long.parse(Long.java:363)
01-06 07:00:59.680 21730 21750 W System.err: 	at java.lang.Long.parseLong(Long.java:353)
01-06 07:00:59.680 21730 21750 W System.err: 	at java.lang.Long.parseLong(Long.java:321)
01-06 07:00:59.680 21730 21750 W System.err: 	at com.tencent.qqmusicplayerprocess.session.Session.l(SourceFile:595)
01-06 07:00:59.680 21730 21750 W System.err: 	at com.tencent.qqmusic.common.b.a.b.a(SourceFile:127)
01-06 07:00:59.680 21730 21750 W System.err: 	at com.tencent.qqmusic.common.b.a.a.d(SourceFile:101)
01-06 07:00:59.680 21730 21750 W System.err: 	at com.tencent.qqmusicplayerprocess.session.c.h(SourceFile:647)
01-06 07:00:59.680 21730 21750 W System.err: 	at com.tencent.qqmusicplayerprocess.session.Session.i(SourceFile:616)
01-06 07:00:59.680 21730 21750 W System.err: 	at com.tencent.qqmusicplayerprocess.session.c.a(SourceFile:566)
01-06 07:00:59.680 21730 21750 W System.err: 	at com.tencent.qqmusicplayerprocess.wns.n.a(SourceFile:182)
01-06 07:00:59.680 21730 21750 W System.err: 	at com.tencent.qqmusicplayerprocess.network.t.<init>(SourceFile:28)
01-06 07:00:59.680 21730 21750 W System.err: 	at com.tencent.qqmusicplayerprocess.network.t.<init>(SourceFile:20)
01-06 07:00:59.680 21730 21750 W System.err: 	at com.tencent.qqmusicplayerprocess.wns.j.a(SourceFile:113)
01-06 07:00:59.680 21730 21750 W System.err: 	at com.tencent.qqmusicplayerprocess.wns.m.a(SourceFile:90)
01-06 07:00:59.680 21730 21750 W System.err: 	at com.tencent.qqmusicplayerprocess.network.i.a(SourceFile:226)
01-06 07:00:59.680 21730 21750 W System.err: 	at com.tencent.qqmusicplayerprocess.session.c.c(SourceFile:127)
01-06 07:00:59.680 21730 21750 W System.err: 	at com.tencent.qqmusicplayerprocess.session.c.a(SourceFile:530)
01-06 07:00:59.680 21730 21750 W System.err: 	at com.tencent.qqmusicplayerprocess.session.c.d(SourceFile:513)
01-06 07:00:59.680 21730 21750 W System.err: 	at com.tencent.qqmusicplayerprocess.wns.c.b.a(SourceFile:81)
01-06 07:00:59.680 21730 21750 W System.err: 	at com.tencent.qqmusicplayerprocess.wns.m.a(SourceFile:43)
01-06 07:00:59.680 21730 21750 W System.err: 	at com.tencent.qqmusicplayerprocess.network.o.a(SourceFile:57)
01-06 07:00:59.680 21730 21750 W System.err: 	at com.tencent.qqmusicplayerprocess.network.g$a.onTransact(SourceFile:61)
01-06 07:00:59.680 21730 21750 W System.err: 	at android.os.Binder.execTransact(Binder.java:446)
01-06 07:00:59.680 21730 21750 W System.err: java.lang.NumberFormatException: Invalid long: "UnknownUserId"
01-06 07:00:59.680 21730 21750 W System.err: 	at java.lang.Long.invalidLong(Long.java:124)
01-06 07:00:59.680 21730 21750 W System.err: 	at java.lang.Long.parse(Long.java:363)
01-06 07:00:59.680 21730 21750 W System.err: 	at java.lang.Long.parseLong(Long.java:353)
01-06 07:00:59.680 21730 21750 W System.err: 	at java.lang.Long.parseLong(Long.java:321)
01-06 07:00:59.680 21730 21750 W System.err: 	at com.tencent.qqmusicplayerprocess.session.Session.l(SourceFile:595)
01-06 07:00:59.680 21730 21750 W System.err: 	at com.tencent.qqmusicplayerprocess.session.c.a(SourceFile:667)
01-06 07:00:59.680 21730 21750 W System.err: 	at com.tencent.qqmusicplayerprocess.session.c.h(SourceFile:651)
01-06 07:00:59.680 21730 21750 W System.err: 	at com.tencent.qqmusicplayerprocess.session.Session.i(SourceFile:616)
01-06 07:00:59.680 21730 21750 W System.err: 	at com.tencent.qqmusicplayerprocess.session.c.a(SourceFile:566)
01-06 07:00:59.680 21730 21750 W System.err: 	at com.tencent.qqmusicplayerprocess.wns.n.a(SourceFile:182)
01-06 07:00:59.680 21730 21750 W System.err: 	at com.tencent.qqmusicplayerprocess.network.t.<init>(SourceFile:28)
01-06 07:00:59.680 21730 21750 W System.err: 	at com.tencent.qqmusicplayerprocess.network.t.<init>(SourceFile:20)
01-06 07:00:59.680 21730 21750 W System.err: 	at com.tencent.qqmusicplayerprocess.wns.j.a(SourceFile:113)
01-06 07:00:59.680 21730 21750 W System.err: 	at com.tencent.qqmusicplayerprocess.wns.m.a(SourceFile:90)
01-06 07:00:59.680 21730 21750 W System.err: 	at com.tencent.qqmusicplayerprocess.network.i.a(SourceFile:226)
01-06 07:00:59.680 21730 21750 W System.err: 	at com.tencent.qqmusicplayerprocess.session.c.c(SourceFile:127)
01-06 07:00:59.680 21730 21750 W System.err: 	at com.tencent.qqmusicplayerprocess.session.c.a(SourceFile:530)
01-06 07:00:59.680 21730 21750 W System.err: 	at com.tencent.qqmusicplayerprocess.session.c.d(SourceFile:513)
01-06 07:00:59.680 21730 21750 W System.err: 	at com.tencent.qqmusicplayerprocess.wns.c.b.a(SourceFile:81)
01-06 07:00:59.680 21730 21750 W System.err: 	at com.tencent.qqmusicplayerprocess.wns.m.a(SourceFile:43)
01-06 07:00:59.680 21730 21750 W System.err: 	at com.tencent.qqmusicplayerprocess.network.o.a(SourceFile:57)
01-06 07:00:59.680 21730 21750 W System.err: 	at com.tencent.qqmusicplayerprocess.network.g$a.onTransact(SourceFile:61)
01-06 07:00:59.680 21730 21750 W System.err: 	at android.os.Binder.execTransact(Binder.java:446)
01-06 07:00:59.711 21730 21790 V NetworkDash: isDeviceIdBySlot:0
01-06 07:00:59.711 21730 21790 V NetworkDash: isDeviceIdBySlot:1
01-06 07:00:59.711 21730 21790 I NetworkDash: imsi: null
01-06 07:00:59.711 21730 21790 V NetworkDash: isDeviceIdBySlot:0
01-06 07:00:59.711 21730 21790 V NetworkDash: isDeviceIdBySlot:1
01-06 07:00:59.711 21730 21790 I NetworkDash: imsi: null
01-06 07:00:59.713 21730 21815 I LibraryLoader:  file not exists in assets ,name=libwns_en.so
01-06 07:00:59.713 21730 21815 D LibraryLoader: copy lib:lib/armeabi/libwns_en.so to /data/data/com.tencent.qqmusic/wnslib
01-06 07:00:59.714 21730 21815 D LibraryLoader: try to load: /data/data/com.tencent.qqmusic/wnslib/libwns_en.so
01-06 07:00:59.715 21730 21815 D houdini : [21815] Added shared library /data/data/com.tencent.qqmusic/wnslib/libwns_en.so for ClassLoader by Native Bridge.
01-06 07:00:59.767 21730 21768 D eup     : rqdp{  table:}ao CREATE TABLE ao ( _id INTEGER PRIMARY KEY , _time int , _type int , _prority int , _length int , _datas blob , _key text , _upCounts int ,_count int , _state int)
01-06 07:00:59.767 21730 21768 D eup     : rqdp{  table:}count CREATE TABLE count ( _id INTEGER PRIMARY KEY , _countid text unique  , _prority int , _local int , _stime int , _utime int , _ctime int , _cparams text)
01-06 07:00:59.767 21730 21768 D eup     : rqdp{  table:}gray CREATE TABLE gray ( _id INTEGER PRIMARY KEY , _time int , _uid text unique )
01-06 07:00:59.767 21730 21768 D eup     : rqdp{  table:}file CREATE TABLE file ( _id INTEGER PRIMARY KEY , _n text , _ut int , _sz int , _sa text , _t int , _ac text )
01-06 07:00:59.767 21730 21768 D eup     : rqdp{  table:}strategy CREATE TABLE strategy ( _id INTEGER PRIMARY KEY , _key int unique , _ut int , _datas blob)
01-06 07:00:59.770 21730 21790 V NetworkDash: isDeviceIdBySlot:0
01-06 07:00:59.770 21730 21790 V NetworkDash: isDeviceIdBySlot:1
01-06 07:00:59.770 21730 21790 I NetworkDash: imsi: null
01-06 07:00:59.894 21730 21768 I eup     : rqdp{  onlaunch}
01-06 07:00:59.894 21730 21768 D eup     : rqdp{  step }1
01-06 07:00:59.895 21730 21768 D eup     : rqdp{  FileDAO.query() start query name:}/data/app/com.tencent.qqmusic-1/base.apk rqdp{   , type}:0 rqdp{  , num:}10 
01-06 07:00:59.898 21730 21768 D eup     : rqdp{  FileDAO.query() end success} 0
01-06 07:00:59.898 21730 21768 D eup     : rqdp{  queryFile result num } 0
01-06 07:00:59.898 21730 21768 D eup     : rqdp{  FileDAO.insert() start num:}1
01-06 07:01:00.033 21730 21768 D eup     : rqdp{  insertFile name:}/data/app/com.tencent.qqmusic-1/base.apk rqdp{  result:}true
01-06 07:01:00.033 21730 21768 D eup     : rqdp{  FileDAO.insert() end success }1
01-06 07:01:00.033 21730 21768 I eup     : new app 5.8.0.18294 
01-06 07:01:00.033 21730 21768 D eup     : rqdp{AppInfo.getUUID() Start}
01-06 07:01:00.034 21730 21768 D rqdp{ RDMUUID }:%s: 4fbc81ec-aab9-4f24-a5e0-467d6163af17
01-06 07:01:00.034 21730 21768 I eup     : rqdp{  AppFirstRun } 4fbc81ec-aab9-4f24-a5e0-467d6163af17
01-06 07:01:00.034 21730 21768 D eup     : rqdp{  AnalyticsDAO.delete() start}
01-06 07:01:00.034 21730 21768 D eup     : rqdp{  delete where: }_time >= -1 and _time <= 9223372036854775807
01-06 07:01:00.036 21730 21768 D eup     : rqdp{  deleted num: }0
01-06 07:01:00.037 21730 21768 D eup     : rqdp{  AnalyticsDAO.delete() end}
01-06 07:01:00.037 21730 21768 I eup     : rqdp{  clear ao count} 0
01-06 07:01:00.037 21730 21768 D eup     : rqdp{  isFirst }true
01-06 07:01:00.037 21730 21768 I eup     : rqdp{  app first start} class com.tencent.feedback.eup.n
01-06 07:01:00.037 21730 21768 D eup     : rqdp{  EUPDAO.deleteEup() start}
01-06 07:01:00.037 21730 21768 D eup     : rqdp{  AnalyticsDAO.delete() start}
01-06 07:01:00.037 21730 21768 D eup     : rqdp{  delete where: }_time >= -1 and _time <= 9223372036854775807 and ( _type = 1 or _type = 2 )
01-06 07:01:00.039 21730 21768 D eup     : rqdp{  deleted num: }0
01-06 07:01:00.039 21730 21768 D eup     : rqdp{  AnalyticsDAO.delete() end}
01-06 07:01:00.039 21730 21768 D eup     : rqdp{  eup clear} 0 
01-06 07:01:00.040  2149 15843 W ActivityManager: getRunningAppProcesses: caller 10129 does not hold REAL_GET_TASKS; limiting output
01-06 07:01:00.040  2149  4763 W ActivityManager: getRunningAppProcesses: caller 10129 does not hold REAL_GET_TASKS; limiting output
01-06 07:01:00.040  2149 17056 W ActivityManager: getRunningAppProcesses: caller 10129 does not hold REAL_GET_TASKS; limiting output
01-06 07:01:00.041 21730 21768 D eup     : rqdp{  delete Strategy key} 302 rqdp{  , num} 0
01-06 07:01:00.042 21730 21768 D eup     : rqdp{  eup strategy clear} 0 
01-06 07:01:00.042 21730 21768 I eup     : on app first run delete record file
01-06 07:01:00.042 21730 21768 D eup     : rqdp{  on Query Start}
01-06 07:01:00.042 21730 21768 D eup     : rqdp{  step }2
01-06 07:01:00.042 21730 21768 D eup     : rqdp{  notify Query Start}
01-06 07:01:00.042 21730 21768 D eup     : rqdp{  com query start }class com.tencent.feedback.eup.n
01-06 07:01:00.043  2149 17057 W ActivityManager: getRunningAppProcesses: caller 10129 does not hold REAL_GET_TASKS; limiting output
01-06 07:01:00.043 21730 21768 D eup     : rqdp{ next day 61140000}
01-06 07:01:00.045  2149  3128 W ActivityManager: getRunningAppProcesses: caller 10129 does not hold REAL_GET_TASKS; limiting output
01-06 07:01:00.046 21730 21768 D eup     : rqdp{  AnalyticsDAO.querySum() start}
01-06 07:01:00.046 21730 21768 D eup     : rqdp{  query where: }_time >= -1 and _time <= 9223372036854775807 and ( _type = 9 ) and ( _key = 'com.tencent.qqmusic:QQPlayerService' )
01-06 07:01:00.049 21730 21768 D eup     : rqdp{  query sum: }0
01-06 07:01:00.049 21730 21768 D eup     : rqdp{  AnalyticsDAO.querySum() end}
01-06 07:01:00.049 21730 21768 D eup     : rqdp{  wait lanch record:} 500
01-06 07:01:00.077  2267  2267 W ResourceType: No package identifier when getting value for resource number 0x00000000
01-06 07:01:00.077  2267  2267 W PackageManager: Failure retrieving resources for com.wandoujia.phoenix2: Resource ID #0x0
01-06 07:01:00.095 21730 21790 V NetworkDash: isDeviceIdBySlot:0
01-06 07:01:00.095 21730 21790 V NetworkDash: isDeviceIdBySlot:1
01-06 07:01:00.095 21730 21790 I NetworkDash: imsi: null
01-06 07:01:00.096 21679 21679 I Delta   : [+439] programStart1 2  , total: 863
01-06 07:01:00.134 21679 21782 D houdini : [21782] Added shared library /data/app/com.tencent.qqmusic-1/lib/arm/libfilescanner.so for ClassLoader by Native Bridge.
01-06 07:01:00.135 21679 21782 I FILE_SCANER: ---------execute init----------
01-06 07:01:00.135 21679 21782 I FILE_SCANER:  getSupportedFileTypes 
01-06 07:01:00.136 21679 21782 I FILE_SCANER: count : 24 
01-06 07:01:00.137 21679 21782 I FILE_SCANER:  getBlackList 
01-06 07:01:00.138 21679 21782 I FILE_SCANER: count : 22 
01-06 07:01:00.139 21679 21782 I FILE_SCANER:  getWhiteList 
01-06 07:01:00.139 21679 21782 I FILE_SCANER: count : 9 
01-06 07:01:00.140 21679 21782 I FILE_SCANER: DIR_DEPTH_LIMIT: 10, is_debug 0,filter_nomedia_dir 1,filter_hidden_dir 1
01-06 07:01:00.141 21679 21782 I FILE_SCANER: filescanner JNI_OnLoad 65540
01-06 07:01:00.143 21679 21782 D Profiler: perf.scanner_speed_test.begin 1452063660143
01-06 07:01:00.143 21679 21782 D Profiler: perf.2_SCAN_MEDIA_STORE.begin 1452063660143
01-06 07:01:00.261  2149  3044 W ActivityManager: getTasks: caller 10115 does not hold REAL_GET_TASKS; limiting output
01-06 07:01:00.263 21679 21679 I Delta   : [+167] programStart1 3  , total: 1030
01-06 07:01:00.264  2149  3128 W ActivityManager: getRunningAppProcesses: caller 10129 does not hold REAL_GET_TASKS; limiting output
01-06 07:01:00.264 21679 21782 D Profiler: perf.扫描性能测试.媒体数据库查询完成 duration: 687.0
01-06 07:01:00.264 21679 21679 I Delta   : [+1] programStart1 end  , total: 1031
01-06 07:01:00.268 21679 21893 I TMSelfUpdateManager: enter
01-06 07:01:00.268 21679 21893 D TMLog   : addLogToCache failed!
01-06 07:01:00.269 21679 21893 I TMSelfUpdateManager: exit
01-06 07:01:00.269 21679 21893 D TMLog   : addLogToCache failed!
01-06 07:01:00.276  2149  2175 W BroadcastQueue: Permission Denial: broadcasting Intent { act=android.net.conn.CONNECTIVITY_CHANGE flg=0x4000010 (has extras) } from null (pid=-1, uid=-1) requires com.tencent.qqmusic.permission.SEND_BROADCAST_PERMISSION due to registered receiver BroadcastFilter{2340f85c u0 ReceiverList{b9216cf 21679 com.tencent.qqmusic/10129/u0 remote:15a1ab2e}}
01-06 07:01:00.282 21679 21679 I Delta   : [+18] init view , total: 1049
01-06 07:01:00.297 21679 21679 D Profiler: perf.MainDesktopFragment_ON_ATTACH_TO_ON_RESUME.begin 1452063660297
01-06 07:01:00.298 21679 21782 D houdini : [21782] Added shared library /data/app/com.tencent.qqmusic-1/lib/arm/libFormatDetector.so for ClassLoader by Native Bridge.
01-06 07:01:00.301 21679 21679 I Delta   : [+19] create main desktop , total: 1068
01-06 07:01:00.309 21679 21782 D Profiler: perf.扫描性能测试.媒体完成 duration: 731.0
01-06 07:01:00.309 21679 21782 D Profiler: perf.2_SCAN_MEDIA_STORE.end duration: 166.0
01-06 07:01:00.311 21679 21782 D Profiler: perf.scanner_speed_test.Scan Songs From MediaStore Finish. duration: 168.0
01-06 07:01:00.311 21679 21782 D Profiler: perf.扫描性能测试.媒体库扫描完成 duration: 734.0
01-06 07:01:00.312 21679 21782 W DBHelper: simpleQueryForLong: 0
01-06 07:01:00.312 21679 21782 D Profiler: perf.扫描性能测试.全盘扫描开始 duration: 735.0
01-06 07:01:00.313 21679 21890 I FILE_SCANER: init
01-06 07:01:00.313 21679 21890 I FILE_SCANER: ---------execute init----------
01-06 07:01:00.314 21679 21890 I FILE_SCANER:  getSupportedFileTypes 
01-06 07:01:00.314 21679 21890 I FILE_SCANER: count : 24 
01-06 07:01:00.315 21679 21890 I FILE_SCANER:  getBlackList 
01-06 07:01:00.315 21679 21890 I FILE_SCANER: count : 22 
01-06 07:01:00.316 21679 21890 I FILE_SCANER:  getWhiteList 
01-06 07:01:00.316 21679 21890 I FILE_SCANER: count : 9 
01-06 07:01:00.316 21679 21890 I FILE_SCANER: DIR_DEPTH_LIMIT: 10, is_debug 0,filter_nomedia_dir 1,filter_hidden_dir 1
01-06 07:01:00.316 21679 21890 D Profiler: perf.performance_test.begin 1452063660316
01-06 07:01:00.316 21679 21890 D FileScanner: --------onScanBegin----------
01-06 07:01:00.317 21679 21890 D LocalFileCacheManager: dir:--- /storage/emulated/0/
01-06 07:01:00.338 21679 21679 I System  : Loaded time zone names for "zh_CN" in 7ms (7ms in ICU)
01-06 07:01:00.339 21679 21679 I Delta   : [+38] create main desktop end , total: 1106
01-06 07:01:00.339 21679 21679 D Profiler: perf.MainDesktopFragment_ON_ATTACH_TO_ON_RESUME.end duration: 42.0
01-06 07:01:00.353  1867  2115 E Vold    : Failed to find mounted volume for /storage/usb1/Android/data/com.tencent.qqmusic/cache/
01-06 07:01:00.353 21679 21898 W ContextImpl: Failed to ensure directory: /storage/usb1/Android/data/com.tencent.qqmusic/cache
01-06 07:01:00.353  1867  2115 E Vold    : Failed to find mounted volume for /storage/usb2/Android/data/com.tencent.qqmusic/cache/
01-06 07:01:00.353 21679 21898 W ContextImpl: Failed to ensure directory: /storage/usb2/Android/data/com.tencent.qqmusic/cache
01-06 07:01:00.354  1867  2115 E Vold    : Failed to find mounted volume for /storage/usb3/Android/data/com.tencent.qqmusic/cache/
01-06 07:01:00.354 21679 21898 W ContextImpl: Failed to ensure directory: /storage/usb3/Android/data/com.tencent.qqmusic/cache
01-06 07:01:00.354  1867  2115 E Vold    : Failed to find mounted volume for /storage/sdcard1/Android/data/com.tencent.qqmusic/cache/
01-06 07:01:00.354 21679 21898 W ContextImpl: Failed to ensure directory: /storage/sdcard1/Android/data/com.tencent.qqmusic/cache
01-06 07:01:00.356 21679 21890 D Profiler: perf.scanner_speed_test.Scan Directories Finish. duration: 213.0
01-06 07:01:00.356 21679 21890 D Profiler: perf.preHandleNewDirs 214.begin 1452063660356
01-06 07:01:00.364 21679 21679 I Delta   : [+25] init view end , total: 1131
01-06 07:01:00.366 21679 21679 I TMSelfUpdateManager: onActivityResume enter
01-06 07:01:00.366 21679 21679 D TMLog   : addLogToCache failed!
01-06 07:01:00.366 21679 21679 E TMSelfUpdateManager: exception: you must input an application context!
01-06 07:01:00.366 21679 21679 D TMLog   : addLogToCache failed!
01-06 07:01:00.366 21679 21679 I Delta   : [+2] base resume end , total: 1133
01-06 07:01:00.366 21679 21679 D LogPoint: scansongs-0|scan songs start|<17459504448781>
01-06 07:01:00.366 21679 21679 I Delta   : [+0] going to start mainview , total: 1133
01-06 07:01:00.366 21679 21679 I Delta   : [+0] start main view , total: 1133
01-06 07:01:00.367  2149  2377 I ActivityManager: START u0 {cmp=com.tencent.qqmusic/.activity.NewGuideActivity (has extras)} from uid 10129 on display 0
01-06 07:01:00.370 21679 21890 D LocalFileCacheManager: preHandleNewDirs scanedDirCount: 214 file_total_count: 0
01-06 07:01:00.370 21679 21890 D Profiler: perf.preHandleNewDirs 214.end duration: 14.0
01-06 07:01:00.371 21679 21890 D Profiler: perf.scanner_speed_test.Scan Files And Insert Files Into DB Finish. duration: 228.0
01-06 07:01:00.380  2149  2377 V WindowManager: addAppToken: AppWindowToken{48bff54 token=Token{26c97ea7 ActivityRecord{9e8eb66 u0 com.tencent.qqmusic/.activity.NewGuideActivity t1125}}} to stack=1 task=1125 at 1
01-06 07:01:00.380  2149  3972 I EGL-DRI2: DRI2: found extension DRI_Core version 1
01-06 07:01:00.380  2149  3972 I EGL-DRI2: DRI2: found extension DRI_DRI2 version 4
01-06 07:01:00.382 21679 21679 I TencentPay: insertTimeData interfaceName= | init
01-06 07:01:00.382 21679 21679 I TencentPay: insertTimeData timeName= | timename.init
01-06 07:01:00.382 21679 21679 I TencentPay: APMidasPayHelper | init initCount:0
01-06 07:01:00.382 21679 21900 I TencentPay: 时耗 | timeName:sdk.plugin.init.isNeedLocalUpdate.time,time0
01-06 07:01:00.382 21679 21900 I TencentPay: insertTimeData interfaceName= | init
01-06 07:01:00.382 21679 21900 I TencentPay: insertTimeData timeName= | sdk.plugin.init.isNeedLocalUpdate.time
01-06 07:01:00.382 21679 21900 I TencentPay: insertTimeData time= | 0
01-06 07:01:00.382 21679 21900 I TencentPay: APMidasPayHelper | preLoadMidasPay isNeedUpdateFromLocal:false
01-06 07:01:00.382 21679 21900 I TencentPay: APPluginUtils | isNeedUpdateFromAssets isInstall:false fileName:MidasPay.zip
01-06 07:01:00.382 21679 21900 I TencentPay: APPluginUtils | unInstallPlugin
01-06 07:01:00.382 21679 21900 I TencentPay: APPluginUtils | deletePlugin
01-06 07:01:00.382 21679 21900 I TencentPay: APPluginUtils | deleteDex
01-06 07:01:00.382 21679 21900 I TencentPay: APPluginUtils | deleteLibs
01-06 07:01:00.383 21679 21900 D TencentPay: APPluginStatic | release sInstances size: 0
01-06 07:01:00.383 21679 21900 I TencentPay: 时耗 | timeName:sdk.plugin.init.isNeedAssetsUpdate.time,time1
01-06 07:01:00.383 21679 21900 I TencentPay: insertTimeData interfaceName= | init
01-06 07:01:00.383 21679 21900 I TencentPay: insertTimeData timeName= | sdk.plugin.init.isNeedAssetsUpdate.time
01-06 07:01:00.383 21679 21900 I TencentPay: insertTimeData time= | 1
01-06 07:01:00.383 21679 21900 I TencentPay: APMidasPayHelper | preLoadMidasPay isNeedUpdateFromAssets:true
01-06 07:01:00.383 21679 21900 I TencentPay: APPluginUtils | unInstallPlugin
01-06 07:01:00.383 21679 21900 I TencentPay: APPluginUtils | deletePlugin
01-06 07:01:00.383 21679 21900 I TencentPay: APPluginUtils | deleteDex
01-06 07:01:00.383 21679 21900 I TencentPay: APPluginUtils | deleteLibs
01-06 07:01:00.383 21679 21900 D TencentPay: APPluginStatic | release sInstances size: 0
01-06 07:01:00.383 21679 21900 W TencentPay: APPluginContext |  is not has com.tencent.theme.SkinEngine e:java.lang.ClassNotFoundException: com.tencent.theme.SkinEngine
01-06 07:01:00.383  2149  3972 I EGL-DRI2: DRI2: found extension DRI_TexBuffer version 3
01-06 07:01:00.383  2149  3972 I EGL-DRI2: DRI2: found extension DRI2_Flush version 4
01-06 07:01:00.383  2149  3972 I EGL-DRI2: DRI2: found extension DRI_IMAGE version 11
01-06 07:01:00.383  2149  3972 I OpenGLRenderer: Initialized EGL, version 1.4
01-06 07:01:00.387  2149  2377 W ActivityManager: getTasks: caller 10129 does not hold REAL_GET_TASKS; limiting output
01-06 07:01:00.389 21679 21679 I Delta   : [+23] activity focus , total: 1156
01-06 07:01:00.390 21679 21900 I TencentPay: 时耗 | timeName:sdk.plugin.init.getFileListFromAssets.time,time7
01-06 07:01:00.390 21679 21900 I TencentPay: insertTimeData interfaceName= | init
01-06 07:01:00.390 21679 21900 I TencentPay: insertTimeData timeName= | sdk.plugin.init.getFileListFromAssets.time
01-06 07:01:00.390 21679 21900 I TencentPay: insertTimeData time= | 7
01-06 07:01:00.390 21679 21900 I TencentPay: APPluginUtils | copyEmtpyResAPKFromAssets assetFile:A.conf
01-06 07:01:00.390 21679 21900 I TencentPay: APPluginUtils | copyEmtpyResAPKFromAssets assetFile:MidasEmptyRes1.apk
01-06 07:01:00.390 21679 21900 I TencentPay: APPluginUtils | copyEmtpyResAPKFromAssets meptyResPath:/data/data/com.tencent.qqmusic/app_midasemptyRes/MidasEmptyRes1.apk
01-06 07:01:00.390 21679 21900 I TencentPay: APPluginUtils | copyEmtpyResAPKFromAssets assetFile:MidasEmptyRes2.apk
01-06 07:01:00.390 21679 21900 I TencentPay: APPluginUtils | copyEmtpyResAPKFromAssets meptyResPath:/data/data/com.tencent.qqmusic/app_midasemptyRes/MidasEmptyRes2.apk
01-06 07:01:00.390 21679 21900 I TencentPay: APPluginUtils | copyEmtpyResAPKFromAssets assetFile:MidasPay.zip
01-06 07:01:00.390 21679 21900 I TencentPay: APPluginUtils | copyEmtpyResAPKFromAssets assetFile:TVKConfig.properties
01-06 07:01:00.390 21679 21900 I TencentPay: APPluginUtils | copyEmtpyResAPKFromAssets assetFile:WebViewJavaScriptBridge.js
01-06 07:01:00.390 21679 21900 I TencentPay: APPluginUtils | copyEmtpyResAPKFromAssets assetFile:ad_mma_sdkconfig.xml
01-06 07:01:00.390 21679 21900 I TencentPay: APPluginUtils | copyEmtpyResAPKFromAssets assetFile:back.png
01-06 07:01:00.390 21679 21900 I TencentPay: APPluginUtils | copyEmtpyResAPKFromAssets assetFile:battery_10.png
01-06 07:01:00.390 21679 21900 I TencentPay: APPluginUtils | copyEmtpyResAPKFromAssets assetFile:battery_100.png
01-06 07:01:00.390 21679 21900 I TencentPay: APPluginUtils | copyEmtpyResAPKFromAssets assetFile:battery_20.png
01-06 07:01:00.390 21679 21900 I TencentPay: APPluginUtils | copyEmtpyResAPKFromAssets assetFile:battery_50.png
01-06 07:01:00.390 21679 21900 I TencentPay: APPluginUtils | copyEmtpyResAPKFromAssets assetFile:battery_80.png
01-06 07:01:00.390 21679 21900 I TencentPay: APPluginUtils | copyEmtpyResAPKFromAssets assetFile:battery_charging.png
01-06 07:01:00.390 21679 21900 I TencentPay: APPluginUtils | copyEmtpyResAPKFromAssets assetFile:battery_full.png
01-06 07:01:00.390 21679 21900 I TencentPay: APPluginUtils | copyEmtpyResAPKFromAssets assetFile:bullet_off.9.png
01-06 07:01:00.390 21679 21900 I TencentPay: APPluginUtils | copyEmtpyResAPKFromAssets assetFile:bullet_off.png
01-06 07:01:00.390 21679 21900 I TencentPay: APPluginUtils | copyEmtpyResAPKFromAssets assetFile:bullet_on.9.png
01-06 07:01:00.390 21679 21900 I TencentPay: APPluginUtils | copyEmtpyResAPKFromAssets assetFile:bullet_on.png
01-06 07:01:00.390 21679 21900 I TencentPay: APPluginUtils | copyEmtpyResAPKFromAssets assetFile:button_black.9.png
01-06 07:01:00.390 21679 21900 I TencentPay: APPluginUtils | copyEmtpyResAPKFromAssets assetFile:button_blue.9.png
01-06 07:01:00.390 21679 21900 I TencentPay: APPluginUtils | copyEmtpyResAPKFromAssets assetFile:button_default.9.png
01-06 07:01:00.390 21679 21900 I TencentPay: APPluginUtils | copyEmtpyResAPKFromAssets assetFile:button_full_black.9.png
01-06 07:01:00.390 21679 21900 I TencentPay: APPluginUtils | copyEmtpyResAPKFromAssets assetFile:button_full_orange.9.png
01-06 07:01:00.390 21679 21900 I TencentPay: APPluginUtils | copyEmtpyResAPKFromAssets assetFile:button_green.9.png
01-06 07:01:00.390 21679 21900 I TencentPay: APPluginUtils | copyEmtpyResAPKFromAssets assetFile:button_half_black.9.png
01-06 07:01:00.390 21679 21900 I TencentPay: APPluginUtils | copyEmtpyResAPKFromAssets assetFile:button_half_orange.9.png
01-06 07:01:00.390 21679 21900 I TencentPay: APPluginUtils | copyEmtpyResAPKFromAssets assetFile:button_orange.9.png
01-06 07:01:00.390 21679 21900 I TencentPay: APPluginUtils | copyEmtpyResAPKFromAssets assetFile:button_over.9.png
01-06 07:01:00.390 21679 21900 I TencentPay: APPluginUtils | copyEmtpyResAPKFromAssets assetFile:channel.ini
01-06 07:01:00.390 21679 21900 I TencentPay: APPluginUtils | copyEmtpyResAPKFromAssets assetFile:close.png
01-06 07:01:00.390 21679 21900 I TencentPay: APPluginUtils | copyEmtpyResAPKFromAssets assetFile:com.tencent.open.config.json
01-06 07:01:00.390 21679 21900 I TencentPay: APPluginUtils | copyEmtpyResAPKFromAssets assetFile:control_icon_cache_disable.png
01-06 07:01:00.390 21679 21900 I TencentPay: APPluginUtils | copyEmtpyResAPKFromAssets assetFile:control_icon_cache_n.png
01-06 07:01:00.390 21679 21900 I TencentPay: APPluginUtils | copyEmtpyResAPKFromAssets assetFile:control_icon_cache_s.png
01-06 07:01:00.390 21679 21900 I TencentPay: APPluginUtils | copyEmtpyResAPKFromAssets assetFile:control_icon_faverate.png
01-06 07:01:00.390 21679 21900 I TencentPay: APPluginUtils | copyEmtpyResAPKFromAssets assetFile:control_icon_faverate_selected.png
01-06 07:01:00.390 21679 21900 I TencentPay: APPluginUtils | copyEmtpyResAPKFromAssets assetFile:control_icon_full_screen_n.png
01-06 07:01:00.390 21679 21900 I TencentPay: APPluginUtils | copyEmtpyResAPKFromAssets assetFile:control_icon_full_screen_p.png
01-06 07:01:00.390 21679 21900 I TencentPay: APPluginUtils | copyEmtpyResAPKFromAssets assetFile:control_icon_light_down.png
01-06 07:01:00.390 21679 21900 I TencentPay: APPluginUtils | copyEmtpyResAPKFromAssets assetFile:control_icon_light_up.png
01-06 07:01:00.390 21679 21900 I TencentPay: APPluginUtils | copyEmtpyResAPKFromAssets assetFile:control_icon_pause_n.png
01-06 07:01:00.390 21679 21900 I TencentPay: APPluginUtils | copyEmtpyResAPKFromAssets assetFile:control_icon_pause_s.png
01-06 07:01:00.390 21679 21900 I TencentPay: APPluginUtils | copyEmtpyResAPKFromAssets assetFile:control_icon_play_n.png
01-06 07:01:00.390 21679 21900 I TencentPay: APPluginUtils | copyEmtpyResAPKFromAssets assetFile:control_icon_play_s.png
01-06 07:01:00.390 21679 21900 I TencentPay: APPluginUtils | copyEmtpyResAPKFromAssets assetFile:control_icon_voice_down.png
01-06 07:01:00.390 21679 21900 I TencentPay: APPluginUtils | copyEmtpyResAPKFromAssets assetFile:control_icon_voice_up.png
01-06 07:01:00.390 21679 21900 I TencentPay: APPluginUtils | copyEmtpyResAPKFromAssets assetFile:control_line_heng.png
01-06 07:01:00.390 21679 21900 I TencentPay: APPluginUtils | copyEmtpyResAPKFromAssets assetFile:control_line_shu.png
01-06 07:01:00.390 21679 21900 I TencentPay: APPluginUtils | copyEmtpyResAPKFromAssets assetFile:control_progress.9.png
01-06 07:01:00.390 21679 21900 I TencentPay: APPluginUtils | copyEmtpyResAPKFromAssets assetFile:control_progress_bg.9.png
01-06 07:01:00.390 21679 21900 I TencentPay: APPluginUtils | copyEmtpyResAPKFromAssets assetFile:control_progress_seek_btn.png
01-06 07:01:00.390 21679 21900 I TencentPay: APPluginUtils | copyEmtpyResAPKFromAssets assetFile:control_seekbar_btn.png
01-06 07:01:00.390 21679 21900 I TencentPay: APPluginUtils | copyEmtpyResAPKFromAssets assetFile:control_volume_center.png
01-06 07:01:00.390 21679 21900 I TencentPay: APPluginUtils | copyEmtpyResAPKFromAssets assetFile:control_volume_center_mute.png
01-06 07:01:00.390 21679 21900 I TencentPay: APPluginUtils | copyEmtpyResAPKFromAssets assetFile:drawable
01-06 07:01:00.390 21679 21900 I TencentPay: APPluginUtils | copyEmtpyResAPKFromAssets assetFile:drawable-hdpi
01-06 07:01:00.390 21679 21900 I TencentPay: APPluginUtils | copyEmtpyResAPKFromAssets assetFile:drawable-ldpi
01-06 07:01:00.390 21679 21900 I TencentPay: APPluginUtils | copyEmtpyResAPKFromAssets assetFile:drawable-mdpi
01-06 07:01:00.390 21679 21900 I TencentPay: APPluginUtils | copyEmtpyResAPKFromAssets assetFile:drawable-xhdpi
01-06 07:01:00.390 21679 21900 I TencentPay: APPluginUtils | copyEmtpyResAPKFromAssets assetFile:drawable-xxhdpi
01-06 07:01:00.390 21679 21900 I TencentPay: APPluginUtils | copyEmtpyResAPKFromAssets assetFile:fancircle_btn_back.png
01-06 07:01:00.390 21679 21900 I TencentPay: APPluginUtils | copyEmtpyResAPKFromAssets assetFile:fonts
01-06 07:01:00.390 21679 21900 I TencentPay: APPluginUtils | copyEmtpyResAPKFromAssets assetFile:glowcenter.jpg
01-06 07:01:00.390 21679 21900 I TencentPay: APPluginUtils | copyEmtpyResAPKFromAssets assetFile:hanzi.bin
01-06 07:01:00.390 21679 21900 I TencentPay: APPluginUtils | copyEmtpyResAPKFromAssets assetFile:hkljh.ttf.zip
01-06 07:01:00.390 21679 21900 I TencentPay: APPluginUtils | copyEmtpyResAPKFromAssets assetFile:hudson.png
01-06 07:01:00.390 21679 21900 I TencentPay: APPluginUtils | copyEmtpyResAPKFromAssets assetFile:ic_back_bg_player.png
01-06 07:01:00.390 21679 21900 I TencentPay: APPluginUtils | copyEmtpyResAPKFromAssets assetFile:ic_back_bg_player_s.png
01-06 07:01:00.390 21679 21900 I TencentPay: APPluginUtils | copyEmtpyResAPKFromAssets assetFile:ic_player_controller_bg_new.9.png
01-06 07:01:00.390 21679 21900 I TencentPay: APPluginUtils | copyEmtpyResAPKFromAssets assetFile:icon_download.png
01-06 07:01:00.390 21679 21900 I TencentPay: APPluginUtils | copyEmtpyResAPKFromAssets assetFile:icon_ok.png
01-06 07:01:00.390 21679 21900 I TencentPay: APPluginUtils | copyEmtpyResAPKFromAssets assetFile:icon_open.png
01-06 07:01:00.390 21679 21900 I TencentPay: APPluginUtils | copyEmtpyResAPKFromAssets assetFile:icon_play.png
01-06 07:01:00.390 21679 21900 I TencentPay: APPluginUtils | copyEmtpyResAPKFromAssets assetFile:icon_replay.png
01-06 07:01:00.390 21679 21900 I TencentPay: APPluginUtils | copyEmtpyResAPKFromAssets assetFile:images
01-06 07:01:00.390 21679 21900 I TencentPay: APPluginUtils | copyEmtpyResAPKFromAssets assetFile:img_drag_back.png
01-06 07:01:00.390 21679 21900 I TencentPay: APPluginUtils | copyEmtpyResAPKFromAssets assetFile:img_drag_forward.png
01-06 07:01:00.390 21679 21900 I TencentPay: APPluginUtils | copyEmtpyResAPKFromAssets assetFile:img_load.png
01-06 07:01:00.390 21679 21900 I TencentPay: APPluginUtils | copyEmtpyResAPKFromAssets assetFile:jingdianheibai.png
01-06 07:01:00.390 21679 21900 I TencentPay: APPluginUtils | copyEmtpyResAPKFromAssets assetFile:lib
01-06 07:01:00.390 21679 21900 I TencentPay: APPluginUtils | copyEmtpyResAPKFromAssets assetFile:libwbsafeedit
01-06 07:01:00.390 21679 21900 I TencentPay: APPluginUtils | copyEmtpyResAPKFromAssets assetFile:line.9.png
01-06 07:01:00.390 21679 21900 I TencentPay: APPluginUtils | copyEmtpyResAPKFromAssets assetFile:line_center.9.png
01-06 07:01:00.390 21679 21900 I TencentPay: APPluginUtils | copyEmtpyResAPKFromAssets assetFile:line_new.9.png
01-06 07:01:00.390 21679 21900 I TencentPay: APPluginUtils | copyEmtpyResAPKFromAssets assetFile:line_new3.9.png
01-06 07:01:00.390 21679 21900 I TencentPay: APPluginUtils | copyEmtpyResAPKFromAssets assetFile:loading00.png
01-06 07:01:00.391 21679 21900 I TencentPay: APPluginUtils | copyEmtpyResAPKFromAssets assetFile:loading01.png
01-06 07:01:00.391 21679 21900 I TencentPay: APPluginUtils | copyEmtpyResAPKFromAssets assetFile:loading02.png
01-06 07:01:00.391 21679 21900 I TencentPay: APPluginUtils | copyEmtpyResAPKFromAssets assetFile:loading03.png
01-06 07:01:00.391 21679 21900 I TencentPay: APPluginUtils | copyEmtpyResAPKFromAssets assetFile:loading04.png
01-06 07:01:00.391 21679 21900 I TencentPay: APPluginUtils | copyEmtpyResAPKFromAssets assetFile:loading05.png
