01-06 07:01:00.391 21679 21900 I TencentPay: APPluginUtils | copyEmtpyResAPKFromAssets assetFile:loading06.png
01-06 07:01:00.391 21679 21900 I TencentPay: APPluginUtils | copyEmtpyResAPKFromAssets assetFile:loading07.png
01-06 07:01:00.391 21679 21900 I TencentPay: APPluginUtils | copyEmtpyResAPKFromAssets assetFile:loading08.png
01-06 07:01:00.391 21679 21900 I TencentPay: APPluginUtils | copyEmtpyResAPKFromAssets assetFile:loading09.png
01-06 07:01:00.391 21679 21900 I TencentPay: APPluginUtils | copyEmtpyResAPKFromAssets assetFile:loading10.png
01-06 07:01:00.391 21679 21900 I TencentPay: APPluginUtils | copyEmtpyResAPKFromAssets assetFile:loading11.png
01-06 07:01:00.391 21679 21900 I TencentPay: APPluginUtils | copyEmtpyResAPKFromAssets assetFile:loading12.png
01-06 07:01:00.391 21679 21900 I TencentPay: APPluginUtils | copyEmtpyResAPKFromAssets assetFile:loading13.png
01-06 07:01:00.391 21679 21900 I TencentPay: APPluginUtils | copyEmtpyResAPKFromAssets assetFile:loading14.png
01-06 07:01:00.391 21679 21900 I TencentPay: APPluginUtils | copyEmtpyResAPKFromAssets assetFile:loading15.png
01-06 07:01:00.391 21679 21900 I TencentPay: APPluginUtils | copyEmtpyResAPKFromAssets assetFile:loading16.png
01-06 07:01:00.391 21679 21900 I TencentPay: APPluginUtils | copyEmtpyResAPKFromAssets assetFile:loading17.png
01-06 07:01:00.391 21679 21900 I TencentPay: APPluginUtils | copyEmtpyResAPKFromAssets assetFile:loading18.png
01-06 07:01:00.391 21679 21900 I TencentPay: APPluginUtils | copyEmtpyResAPKFromAssets assetFile:loading19.png
01-06 07:01:00.391 21679 21900 I TencentPay: APPluginUtils | copyEmtpyResAPKFromAssets assetFile:loading20.png
01-06 07:01:00.391 21679 21900 I TencentPay: APPluginUtils | copyEmtpyResAPKFromAssets assetFile:loading21.png
01-06 07:01:00.391 21679 21900 I TencentPay: APPluginUtils | copyEmtpyResAPKFromAssets assetFile:loading22.png
01-06 07:01:00.391 21679 21900 I TencentPay: APPluginUtils | copyEmtpyResAPKFromAssets assetFile:loading23.png
01-06 07:01:00.391 21679 21900 I TencentPay: APPluginUtils | copyEmtpyResAPKFromAssets assetFile:loading24.png
01-06 07:01:00.391 21679 21900 I TencentPay: APPluginUtils | copyEmtpyResAPKFromAssets assetFile:loading25.png
01-06 07:01:00.391 21679 21900 I TencentPay: APPluginUtils | copyEmtpyResAPKFromAssets assetFile:loading26.png
01-06 07:01:00.391 21679 21900 I TencentPay: APPluginUtils | copyEmtpyResAPKFromAssets assetFile:loading27.png
01-06 07:01:00.391 21679 21900 I TencentPay: APPluginUtils | copyEmtpyResAPKFromAssets assetFile:loading28.png
01-06 07:01:00.391 21679 21900 I TencentPay: APPluginUtils | copyEmtpyResAPKFromAssets assetFile:loading29.png
01-06 07:01:00.391 21679 21900 I TencentPay: APPluginUtils | copyEmtpyResAPKFromAssets assetFile:nh
01-06 07:01:00.391 21679 21900 I TencentPay: APPluginUtils | copyEmtpyResAPKFromAssets assetFile:overlayVideo.mp4
01-06 07:01:00.391 21679 21900 I TencentPay: APPluginUtils | copyEmtpyResAPKFromAssets assetFile:overlayVideo_mask.mp4
01-06 07:01:00.391 21679 21900 I TencentPay: APPluginUtils | copyEmtpyResAPKFromAssets assetFile:pinyin.bin
01-06 07:01:00.391 21679 21900 I TencentPay: APPluginUtils | copyEmtpyResAPKFromAssets assetFile:player_morebt_disable.png
01-06 07:01:00.391 21679 21900 I TencentPay: APPluginUtils | copyEmtpyResAPKFromAssets assetFile:player_morebt_hover.png
01-06 07:01:00.391 21679 21900 I TencentPay: APPluginUtils | copyEmtpyResAPKFromAssets assetFile:player_morebt_normal.png
01-06 07:01:00.391 21679 21900 I TencentPay: APPluginUtils | copyEmtpyResAPKFromAssets assetFile:player_settings_bright_thumb.png
01-06 07:01:00.391 21679 21900 I TencentPay: APPluginUtils | copyEmtpyResAPKFromAssets assetFile:portraitbeauty.png
01-06 07:01:00.391 21679 21900 I TencentPay: APPluginUtils | copyEmtpyResAPKFromAssets assetFile:progress_bg.9.png
01-06 07:01:00.391 21679 21900 I TencentPay: APPluginUtils | copyEmtpyResAPKFromAssets assetFile:progress_bg01.9.png
01-06 07:01:00.391 21679 21900 I TencentPay: APPluginUtils | copyEmtpyResAPKFromAssets assetFile:progress_bg01.png
01-06 07:01:00.391 21679 21900 I TencentPay: APPluginUtils | copyEmtpyResAPKFromAssets assetFile:progress_bg03.9.png
01-06 07:01:00.391 21679 21900 I TencentPay: APPluginUtils | copyEmtpyResAPKFromAssets assetFile:progress_bg03.9_1.png
01-06 07:01:00.391 21679 21900 I TencentPay: APPluginUtils | copyEmtpyResAPKFromAssets assetFile:progress_bg03.png
01-06 07:01:00.391 21679 21900 I TencentPay: APPluginUtils | copyEmtpyResAPKFromAssets assetFile:progress_bg03_1.9.png
01-06 07:01:00.391 21679 21900 I TencentPay: APPluginUtils | copyEmtpyResAPKFromAssets assetFile:progress_bg03_j.9.png
01-06 07:01:00.391 21679 21900 I TencentPay: APPluginUtils | copyEmtpyResAPKFromAssets assetFile:progress_bg04.9.png
01-06 07:01:00.391 21679 21900 I TencentPay: APPluginUtils | copyEmtpyResAPKFromAssets assetFile:progress_button.png
01-06 07:01:00.391 21679 21900 I TencentPay: APPluginUtils | copyEmtpyResAPKFromAssets assetFile:progress_line.9.png
01-06 07:01:00.391 21679 21900 I TencentPay: APPluginUtils | copyEmtpyResAPKFromAssets assetFile:progress_line_new.9.png
01-06 07:01:00.391 21679 21900 I TencentPay: APPluginUtils | copyEmtpyResAPKFromAssets assetFile:progress_line_new_j.9.png
01-06 07:01:00.391 21679 21900 I TencentPay: APPluginUtils | copyEmtpyResAPKFromAssets assetFile:qqmusic.ini
01-06 07:01:00.391 21679 21900 I TencentPay: APPluginUtils | copyEmtpyResAPKFromAssets assetFile:recognize_model
01-06 07:01:00.391 21679 21900 I TencentPay: APPluginUtils | copyEmtpyResAPKFromAssets assetFile:refresh.png
01-06 07:01:00.391 21679 21900 I TencentPay: APPluginUtils | copyEmtpyResAPKFromAssets assetFile:screen_shot.png
01-06 07:01:00.391 21679 21900 I TencentPay: APPluginUtils | copyEmtpyResAPKFromAssets assetFile:setting_bright_seekbar_background.9.png
01-06 07:01:00.391 21679 21900 I TencentPay: APPluginUtils | copyEmtpyResAPKFromAssets assetFile:setting_bright_seekbar_background_1.9.png
01-06 07:01:00.391 21679 21903 D SkinEngine: load colorList:/data/data/com.tencent.qqmusic/skin/2/res/color/color_t1.xml , cost:1
01-06 07:01:00.391 21679 21900 I TencentPay: APPluginUtils | copyEmtpyResAPKFromAssets assetFile:setting_bright_seekbar_progress.9.png
01-06 07:01:00.391 21679 21900 I TencentPay: APPluginUtils | copyEmtpyResAPKFromAssets assetFile:sfd.ser
01-06 07:01:00.391 21679 21900 I TencentPay: APPluginUtils | copyEmtpyResAPKFromAssets assetFile:simple-skin.zip
01-06 07:01:00.391 21679 21900 I TencentPay: APPluginUtils | copyEmtpyResAPKFromAssets assetFile:skin_nav_icon_l_return.9.png
01-06 07:01:00.391 21679 21900 I TencentPay: APPluginUtils | copyEmtpyResAPKFromAssets assetFile:sounds
01-06 07:01:00.391 21679 21900 I TencentPay: APPluginUtils | copyEmtpyResAPKFromAssets assetFile:template_oldvideo.json
01-06 07:01:00.391 21679 21900 I TencentPay: APPluginUtils | copyEmtpyResAPKFromAssets assetFile:test.html
01-06 07:01:00.391 21679 21900 I TencentPay: APPluginUtils | copyEmtpyResAPKFromAssets assetFile:text
01-06 07:01:00.391 21679 21900 I TencentPay: APPluginUtils | copyEmtpyResAPKFromAssets assetFile:title_line.png
01-06 07:01:00.391 21679 21900 I TencentPay: APPluginUtils | copyEmtpyResAPKFromAssets assetFile:verify.jar
01-06 07:01:00.391 21679 21900 I TencentPay: APPluginUtils | copyEmtpyResAPKFromAssets assetFile:webkit
01-06 07:01:00.391 21679 21900 I TencentPay: APPluginUtils | copyEmtpyResAPKFromAssets assetFile:xpro2.png
01-06 07:01:00.391 21679 21900 I TencentPay: APPluginUtils | installPluginFromAssets sUnzipMidasPayFile:MidasPay.zip
01-06 07:01:00.391 21679 21903 D SkinEngine: load colorList:/data/data/com.tencent.qqmusic/skin/2/res/color/color_t2.xml , cost:0
01-06 07:01:00.391 21679 21900 I TencentPay: APPluginUtils | installPluginFromAssets zipEntry.getName:MidasCFT_1.5.1_30_fbb92fa0aae554849c22c44284b14572.jar
01-06 07:01:00.391 21679 21900 I TencentPay: APPluginUtils | installPluginFromAssets lastIndexOf pos:50
01-06 07:01:00.391 21679 21900 I TencentPay: APPluginUtils | installPluginFromAssets name:MidasCFT_1.5.1_30_fbb92fa0aae554849c22c44284b14572
01-06 07:01:00.391 21679 21900 I TencentPay: APPluginUtils | installPluginFromAssets sourceName:MidasCFT
01-06 07:01:00.391 21679 21900 I TencentPay: APPluginUtils | installPluginFromAssets versionName:1.5.1
01-06 07:01:00.391 21679 21900 I TencentPay: APPluginUtils | installPluginFromAssets versionCode:30
01-06 07:01:00.391 21679 21900 I TencentPay: APPluginUtils | installPluginFromAssets MD5:fbb92fa0aae554849c22c44284b14572
01-06 07:01:00.391 21679 21900 I TencentPay: APPluginUtils | installPluginFromAssets destFileName:/data/data/com.tencent.qqmusic/app_midasplugins/MidasCFT_1.5.1_30_fbb92fa0aae554849c22c44284b14572.apk
01-06 07:01:00.394 21679 21900 I TencentPay: APPluginUtils | sdcardFilePath:/storage/emulated/0/Tencent/MidasPay/
01-06 07:01:00.394 21679 21900 I TencentPay: APPluginUtils | installPluginFromAssets zipEntry.getName:MidasCore_1.5.1_30_350caaa3441e9771548f86b0954a1aa4.jar
01-06 07:01:00.394 21679 21900 I TencentPay: APPluginUtils | installPluginFromAssets lastIndexOf pos:51
01-06 07:01:00.394 21679 21900 I TencentPay: APPluginUtils | installPluginFromAssets name:MidasCore_1.5.1_30_350caaa3441e9771548f86b0954a1aa4
01-06 07:01:00.394 21679 21900 I TencentPay: APPluginUtils | installPluginFromAssets sourceName:MidasCore
01-06 07:01:00.394 21679 21900 I TencentPay: APPluginUtils | installPluginFromAssets versionName:1.5.1
01-06 07:01:00.394 21679 21900 I TencentPay: APPluginUtils | installPluginFromAssets versionCode:30
01-06 07:01:00.394 21679 21900 I TencentPay: APPluginUtils | installPluginFromAssets MD5:350caaa3441e9771548f86b0954a1aa4
01-06 07:01:00.394 21679 21900 I TencentPay: APPluginUtils | installPluginFromAssets destFileName:/data/data/com.tencent.qqmusic/app_midasplugins/MidasCore_1.5.1_30_350caaa3441e9771548f86b0954a1aa4.apk
01-06 07:01:00.394 21679 21900 I TencentPay: APPluginUtils | sdcardFilePath:/storage/emulated/0/Tencent/MidasPay/
01-06 07:01:00.394 21679 21900 I TencentPay: APPluginUtils | installPluginFromAssets zipEntry.getName:MidasPay_1.5.1_30_22090f2c0331f878865f9967e6b97dc6.jar
01-06 07:01:00.394 21679 21900 I TencentPay: APPluginUtils | installPluginFromAssets lastIndexOf pos:50
01-06 07:01:00.394 21679 21900 I TencentPay: APPluginUtils | installPluginFromAssets name:MidasPay_1.5.1_30_22090f2c0331f878865f9967e6b97dc6
01-06 07:01:00.395 21679 21900 I TencentPay: APPluginUtils | installPluginFromAssets sourceName:MidasPay
01-06 07:01:00.395 21679 21900 I TencentPay: APPluginUtils | installPluginFromAssets versionName:1.5.1
01-06 07:01:00.395 21679 21900 I TencentPay: APPluginUtils | installPluginFromAssets versionCode:30
01-06 07:01:00.395 21679 21900 I TencentPay: APPluginUtils | installPluginFromAssets MD5:22090f2c0331f878865f9967e6b97dc6
01-06 07:01:00.395 21679 21900 I TencentPay: APPluginUtils | installPluginFromAssets destFileName:/data/data/com.tencent.qqmusic/app_midasplugins/MidasPay_1.5.1_30_22090f2c0331f878865f9967e6b97dc6.apk
01-06 07:01:00.397 21679 21904 I TencentPay: 时耗 | 文件MidasCFT_1.5.1_30_fbb92fa0aae554849c22c44284b14572.apk备份，校验时耗:3
01-06 07:01:00.397  2149  2175 W BroadcastQueue: Permission Denial: broadcasting Intent { act=android.net.conn.CONNECTIVITY_CHANGE flg=0x4000010 (has extras) } from null (pid=-1, uid=-1) requires com.tencent.qqmusic.permission.SEND_BROADCAST_PERMISSION due to registered receiver BroadcastFilter{114252bb u0 ReceiverList{10b6f34a 21679 com.tencent.qqmusic/10129/u0 remote:227490b5}}
01-06 07:01:00.398 21679 21905 I TencentPay: 时耗 | 文件MidasCore_1.5.1_30_350caaa3441e9771548f86b0954a1aa4.apk备份，校验时耗:1
01-06 07:01:00.401 21679 21903 I art     : Explicit concurrent mark sweep GC freed 15625(1161KB) AllocSpace objects, 6(96KB) LOS objects, 39% free, 9MB/16MB, paused 491us total 10.327ms
01-06 07:01:00.402 21679 21679 I TMSelfUpdateManager: onActivityResume enter
01-06 07:01:00.402 21679 21679 D TMLog   : addLogToCache failed!
01-06 07:01:00.402 21679 21679 E TMSelfUpdateManager: exception: you must input an application context!
01-06 07:01:00.402 21679 21679 D TMLog   : addLogToCache failed!
01-06 07:01:00.402 21679 21679 I LogPoint4Test: 首次启动从点击到出现引导页打桩位置，耗时-->1171
01-06 07:01:00.403  2149  3044 V WindowManager: Adding window Window{320d35ee u0 com.tencent.qqmusic/com.tencent.qqmusic.activity.NewGuideActivity} at 9 of 15 (after Window{21a3b2fb u0 com.tencent.qqmusic/com.tencent.qqmusic.activity.AppStarterActivity})
01-06 07:01:00.404  1867  2115 E Vold    : Failed to find mounted volume for /storage/usb1/Android/data/com.tencent.qqmusic/files/
01-06 07:01:00.404 21679 21900 I TencentPay: APPluginUtils | sdcardFilePath:/storage/emulated/0/Tencent/MidasPay/
01-06 07:01:00.404 21730 21730 W ContextImpl: Failed to ensure directory: /storage/usb1/Android/data/com.tencent.qqmusic/files
01-06 07:01:00.404 21679 21900 I TencentPay: APPluginUtils | installPluginFromAssets zipEntry.getName:MidasSign.ini
01-06 07:01:00.404 21679 21900 I TencentPay: APPluginUtils | installPluginFromAssets destFileName:/data/data/com.tencent.qqmusic/app_midasplugins/MidasSign.ini
01-06 07:01:00.404 21679 21900 I TencentPay: APPluginUtils | sdcardFilePath:/storage/emulated/0/Tencent/MidasPay/
01-06 07:01:00.404  1867  2115 E Vold    : Failed to find mounted volume for /storage/usb2/Android/data/com.tencent.qqmusic/files/
01-06 07:01:00.404 21679 21900 I TencentPay: APPluginUtils | installPlugin retCode:0
01-06 07:01:00.404 21730 21730 W ContextImpl: Failed to ensure directory: /storage/usb2/Android/data/com.tencent.qqmusic/files
01-06 07:01:00.404 21679 21900 I TencentPay: 时耗 | timeName:sdk.plugin.init.installFromAssets.time,time21
01-06 07:01:00.404 21679 21900 I TencentPay: insertTimeData interfaceName= | init
01-06 07:01:00.404 21679 21900 I TencentPay: insertTimeData timeName= | sdk.plugin.init.installFromAssets.time
01-06 07:01:00.404 21679 21900 I TencentPay: insertTimeData time= | 21
01-06 07:01:00.404 21679 21900 I TencentPay: APMidasPayHelper | preLoadMidasPay installPlugin ret:0
01-06 07:01:00.404 21679 21900 I TencentPay: APMidasPayHelper | preLoadMidasPay initRequest:null
01-06 07:01:00.404 21679 21900 I TencentPay: APPluginUtils | isPluginValid
01-06 07:01:00.404  1867  2115 E Vold    : Failed to find mounted volume for /storage/usb3/Android/data/com.tencent.qqmusic/files/
01-06 07:01:00.404 21679 21900 I TencentPay: APPluginUtils | isPluginValid sline:MidasCore_1.5.1_30_350caaa3441e9771548f86b0954a1aa4.apk:78F78935AF528D81D4A2D5CEC01701E66DECE0C2821FBE8162B553CC1B0157B8C85A34B2AF86DF130EC4801D27ED149352256E495807044CD9E3F133C53763B27B5F02862FB641FD44E26895FD44590134C5A1E3C865CAD585262BDDB103124509E6BD06292380C8A24B0DF05C67701F0B098FFD7629B1BFE8D61312283EB35679F3E23FCD8784B5B6B981825BE6CD5F16622CA72A924F8A60F16BB261C7C7D42FA6E7BBC5333BBEB2C26078433E8043950F465D33B0F15A14EAB60CA0CF3839BF734A88D1FC0C9AD236D3F2E84A5BB4E61F1CF6FD2E2EA2E095F6CAA7B95916168F85B7F9450D550A29B3079C1FEB7BBF5289E4943297B7D0DC8236AB0CBFE8
01-06 07:01:00.404 21730 21730 W ContextImpl: Failed to ensure directory: /storage/usb3/Android/data/com.tencent.qqmusic/files
01-06 07:01:00.405  1867  2115 E Vold    : Failed to find mounted volume for /storage/sdcard1/Android/data/com.tencent.qqmusic/files/
01-06 07:01:00.405 21730 21730 W ContextImpl: Failed to ensure directory: /storage/sdcard1/Android/data/com.tencent.qqmusic/files
01-06 07:01:00.405 21679 21900 I TencentPay: APMidasRSATools | resultData=255
01-06 07:01:00.405 21679 21900 I TencentPay: APPluginUtils | isPluginValid name:MidasCore
01-06 07:01:00.405 21679 21900 I TencentPay: APPluginUtils | isPluginValid md5:350caaa3441e9771548f86b0954a1aa4
01-06 07:01:00.405 21679 21900 I TencentPay: APPluginUtils | isPluginValid sline:MidasPay_1.5.1_30_22090f2c0331f878865f9967e6b97dc6.apk:0B51AB6865F93EF80A354465DD878D677F74987D59627A1D4385C3669565E70B7470C01109EA1F726C3B6550A43A3E6095C0F911D6D6129AF5C12DA964157F7F057AA02AEE170C3DD994A7660FED4F4A0C65F3708CB537E0A259587EC63DA450C33515E71D68FBA61B7CA0760AC6A4C67E63C22F245F08D49CA082ADBE19C414D556C7299B10F3AAB55BA57A56E6AFE7D3CE6CB5903335E7225196F542BBC5B09C2D0A3462CC7A5AF7CB7DD0DC16564CDD7BEB67EDC41F5CC57299426976B1ACCE54ECD163693EF76F3E95BED4510986E5ED1BCED2BABDE0FC305021A948844152A9936DC0DA3FA331A8C0A8CC0DA8031D56EB0A5954DDB45FB88EB9875F71C9
01-06 07:01:00.406 21679 21900 I TencentPay: APMidasRSATools | resultData=255
01-06 07:01:00.406 21679 21900 I TencentPay: APPluginUtils | isPluginValid name:MidasPay
01-06 07:01:00.406 21679 21900 I TencentPay: APPluginUtils | isPluginValid md5:22090f2c0331f878865f9967e6b97dc6
01-06 07:01:00.406 21679 21900 I TencentPay: APPluginUtils | isPluginValid sline:MidasCFT_1.5.1_30_fbb92fa0aae554849c22c44284b14572.apk:B3EA7A94C49323FE919CF1DBBC2D8811F1A3C88A181F926DB3C5934F9BB23B41A602542D74FECCC6024F06B7296AD6F8A5775A8D6AA517538BF2694C34B2FAB737EBAAD50722A4A2DD39159BD2E76A91EEC5D9DE4AABD5DEA0868045F39285CAD12352735DD81B5B6ABEB589342DA2B26F2460597DB450FF2AC735F8229ACBC9A673C6C41AE7EB7B5F60AB9B38E38CCBD85B483FD4426B2034AD8C48CED5DF624DC51735D4C6842018A27080FF2D0F0E2C0620F50F3B7458A5BD9F21F44861070F2863FE51DA233F050A3271389792CDCD2F6C1B87C617F39C2708F8EF75E2E04F90644ECFCB80CB99B0BC1F760A3330CB717CC7AC9CAA03AD955AB38609FA71
01-06 07:01:00.406 21679 21900 I TencentPay: APMidasRSATools | resultData=255
01-06 07:01:00.406 21679 21900 I TencentPay: APPluginUtils | isPluginValid name:MidasCFT
01-06 07:01:00.406 21679 21900 I TencentPay: APPluginUtils | isPluginValid md5:fbb92fa0aae554849c22c44284b14572
01-06 07:01:00.407 21679 21900 I TencentPay: APPluginUtils | isPluginValid file:MidasCFT_1.5.1_30_fbb92fa0aae554849c22c44284b14572.apk MD5:fbb92fa0aae554849c22c44284b14572
01-06 07:01:00.407 21679 21900 I TencentPay: APPluginUtils | checkFileMD5 sMD5:FBB92FA0AAE554849C22C44284B14572
01-06 07:01:00.407 21679 21900 I TencentPay: APPluginUtils | checkFileMD5 MD5:fbb92fa0aae554849c22c44284b14572
01-06 07:01:00.407 21679 21900 I TencentPay: APPluginUtils | isPluginValid file:MidasCore_1.5.1_30_350caaa3441e9771548f86b0954a1aa4.apk MD5:350caaa3441e9771548f86b0954a1aa4
01-06 07:01:00.407 21679 21900 I TencentPay: APPluginUtils | checkFileMD5 sMD5:350CAAA3441E9771548F86B0954A1AA4
01-06 07:01:00.407 21679 21900 I TencentPay: APPluginUtils | checkFileMD5 MD5:350caaa3441e9771548f86b0954a1aa4
01-06 07:01:00.407 21679 21900 I TencentPay: APPluginUtils | isPluginValid file:MidasPay_1.5.1_30_22090f2c0331f878865f9967e6b97dc6.apk MD5:22090f2c0331f878865f9967e6b97dc6
01-06 07:01:00.408 21679 21907 I TencentPay: 时耗 | 文件MidasPay_1.5.1_30_22090f2c0331f878865f9967e6b97dc6.apk备份，校验时耗:4
01-06 07:01:00.409 21679 21900 I TencentPay: APPluginUtils | checkFileMD5 sMD5:22090F2C0331F878865F9967E6B97DC6
01-06 07:01:00.409 21679 21900 I TencentPay: APPluginUtils | checkFileMD5 MD5:22090f2c0331f878865f9967e6b97dc6
01-06 07:01:00.409 21679 21900 I TencentPay: APPluginUtils | isPluginValid count:3
01-06 07:01:00.409 21679 21900 I TencentPay: 时耗 | timeName:sdk.plugin.init.pluginvalid.time,time5
01-06 07:01:00.409 21679 21900 I TencentPay: insertTimeData interfaceName= | init
01-06 07:01:00.409 21679 21900 I TencentPay: insertTimeData timeName= | sdk.plugin.init.pluginvalid.time
01-06 07:01:00.409 21679 21900 I TencentPay: insertTimeData time= | 5
01-06 07:01:00.409 21679 21900 I TencentPay: APPluginUtils | getMD5FromPath lastIndexOf startpos:65 endpos:98
01-06 07:01:00.409 21679 21900 I TencentPay: APPluginUtils | getMD5FromPath MD5:22090f2c0331f878865f9967e6b97dc6
01-06 07:01:00.409 21679 21900 D TencentPay: APPluginStatic | getOrCreateClassLoader apkFilePath: /data/data/com.tencent.qqmusic/app_midasplugins/MidasPay_1.5.1_30_22090f2c0331f878865f9967e6b97dc6.apk
01-06 07:01:00.409 21679 21900 D TencentPay: APPluginStatic | getOrCreateClassLoader MD5: 22090f2c0331f878865f9967e6b97dc6
01-06 07:01:00.409 21679 21900 D TencentPay: APPluginStatic | getOrCreateClassLoader key: MidasPay_22090f2c0331f878865f9967e6b97dc6
01-06 07:01:00.409 21679 21900 D TencentPay: APPluginStatic | getOrCreateClassLoader dexClassLoader: null
01-06 07:01:00.409 21679 21900 I TencentPay: APPluginUtils | extractLibs ABI:armeabi-v7a
01-06 07:01:00.410 21679 21900 I TencentPay: APPluginUtils | extractLibs end to dirToExtract:armeabi
01-06 07:01:00.410 21679 21900 I TencentPay: APPluginUtils | fileName:lib/armeabi/libufoPatch.so
01-06 07:01:00.411 21679 21900 I TencentPay: APPluginUtils | fileName:lib/armeabi/libunipayutils.so
01-06 07:01:00.411 21679 21900 I TencentPay: APPluginUtils | fileName:lib/x86/libunipayutils.so
01-06 07:01:00.411 21679 21900 I TencentPay: 时耗 | timeName:sdk.plugin.init.unzip.so.time,time2
01-06 07:01:00.411 21679 21900 I TencentPay: insertTimeData interfaceName= | init
01-06 07:01:00.411 21679 21900 I TencentPay: insertTimeData timeName= | sdk.plugin.init.unzip.so.time
01-06 07:01:00.411 21679 21900 I TencentPay: insertTimeData time= | 2
01-06 07:01:00.417 21910 21910 W linker  : [vdso]: unused DT entry: type 0x6ffffef5 arg 0xec
01-06 07:01:00.418 21910 21910 E cutils-trace: Error opening trace file: Permission denied (13)
01-06 07:01:00.418 21910 21910 I dex2oat : /system/bin/dex2oat --runtime-arg -classpath --runtime-arg  --instruction-set=x86 --instruction-set-features=default --runtime-arg -Xrelocate --boot-image=/system/framework/boot.art --dex-file=/data/data/com.tencent.qqmusic/app_midasplugins/MidasPay_1.5.1_30_22090f2c0331f878865f9967e6b97dc6.apk --oat-fd=82 --oat-location=/data/data/com.tencent.qqmusic/app_midasodex/MidasPay_1.5.1_30_22090f2c0331f878865f9967e6b97dc6.dex --runtime-arg -Xms64m --runtime-arg -Xmx512m --compiler-filter=interpret-only
01-06 07:01:00.575 21679 21890 D Profiler: perf.scanner_speed_test.Insert Directories Into DB Finish. duration: 432.0
01-06 07:01:00.575 21679 21890 D LocalFileCacheManager: dir:--- /storage/usb0/
01-06 07:01:00.669 21910 21910 I dex2oat : dex2oat took 251.081ms (threads: 8) arena alloc=0B java alloc=2MB native alloc=483KB free=7MB
01-06 07:01:00.692 21679 21900 D TencentPay: APPluginStatic | getOrCreateClassLoader new DexClassLoader cache: /data/data/com.tencent.qqmusic/app_midasodex libDir: /data/data/com.tencent.qqmusic/app_midaslib_2
01-06 07:01:00.692 21679 21900 D TencentPay: APPluginStatic | getOrCreateClassLoader midasClassLoader: 191355544
01-06 07:01:00.692 21679 21900 I TencentPay: 时耗 | timeName:sdk.plugin.init.loadDex.time,time283
01-06 07:01:00.692 21679 21900 I TencentPay: insertTimeData interfaceName= | init
01-06 07:01:00.692 21679 21900 I TencentPay: insertTimeData timeName= | sdk.plugin.init.loadDex.time
01-06 07:01:00.692 21679 21900 I TencentPay: insertTimeData time= | 283
01-06 07:01:00.693 21679 21725 E beacon  : ChannelID: 73820
01-06 07:01:00.693  2149  2170 W ActivityManager: getRunningAppProcesses: caller 10129 does not hold REAL_GET_TASKS; limiting output
01-06 07:01:00.694 21730 21768 D eup     : rqdp{  in AnalyticsDAO.query() start}
01-06 07:01:00.694 21730 21768 D eup     : rqdp{  query}  ( _type = 9 )  and _key = 'com.tencent.qqmusic:QQPlayerService'  and _time <= 9223372036854775807 
01-06 07:01:00.695  2149  2295 W ActivityManager: getRunningAppProcesses: caller 10129 does not hold REAL_GET_TASKS; limiting output
01-06 07:01:00.695  2149 17057 W ActivityManager: getRunningAppProcesses: caller 10129 does not hold REAL_GET_TASKS; limiting output
01-06 07:01:00.696 21679 21725 E beacon  : ChannelID: 73820
01-06 07:01:00.697 21730 21768 D eup     : rqdp{  in AnalyticsDAO.query() end}
01-06 07:01:00.698  2149  4763 W ActivityManager: getRunningAppProcesses: caller 10129 does not hold REAL_GET_TASKS; limiting output
01-06 07:01:00.698  2149 17056 W ActivityManager: getRunningAppProcesses: caller 10129 does not hold REAL_GET_TASKS; limiting output
01-06 07:01:00.698  2149  2179 D BluetoothManagerService: Message: 20
01-06 07:01:00.698  2149  2179 D BluetoothManagerService: Added callback: android.bluetooth.IBluetoothManagerCallback$Stub$Proxy@37fece49:true
01-06 07:01:00.698 21730 21768 D eup     : rqdp{  in AnalyticsDAO.query() start}
01-06 07:01:00.698 21730 21768 D eup     : rqdp{  query}  ( _type = 7 )  and _time <= 9223372036854775807 
01-06 07:01:00.700 21679 21725 E beacon  : ChannelID: 73820
01-06 07:01:00.701 21679 21725 E beacon  : ChannelID: 73820
01-06 07:01:00.702  2149  2179 D BluetoothManagerService: Message: 30
01-06 07:01:00.702 21730 21768 D eup     : rqdp{  in AnalyticsDAO.query() end}
01-06 07:01:00.703 21730 21768 D eup     : rqdp{  en obj 2 bytes}
01-06 07:01:00.704 21730 21768 D eup     : rqdp{  en obj 2 bytes}
01-06 07:01:00.704 21730 21768 D eup     : rqdp{  insertOrUpdate alyticsBeans start!}
01-06 07:01:00.708 21679 21679 I TencentPay: APPLuginProxyActivity | initPluginInterface pluginName=MidasPay
01-06 07:01:00.708 21679 21679 I TencentPay: APPLuginProxyActivity | initPluginInterface interfaceClass=com.tencent.midas.pay.APMidasDistribute
01-06 07:01:00.708 21679 21679 I TencentPay: APPLuginProxyActivity | initPluginInterface methodName=golbalInit
01-06 07:01:00.708 21679 21679 I TencentPay: APPLuginProxyActivity | initPluginInterface methodName=golbalInit
01-06 07:01:00.708 21679 21679 I TencentPay: APPluginUtils | APPluginUtils getInstallPath pluginName:MidasPay sInstallPathMap:{}
01-06 07:01:00.708 21679 21679 I TencentPay: APPluginUtils | APPluginUtils getInstallPath installFile:null
01-06 07:01:00.708 21679 21679 I TencentPay: APPluginUtils | APPluginUtils getInstallPath fileList.length =4
01-06 07:01:00.708 21679 21679 I TencentPay: APPluginUtils | APPluginUtils getInstallPath file:MidasCFT_1.5.1_30_fbb92fa0aae554849c22c44284b14572.apk
01-06 07:01:00.708 21679 21679 I TencentPay: APPluginUtils | APPluginUtils getInstallPath file:MidasSign.ini
01-06 07:01:00.708 21679 21679 I TencentPay: APPluginUtils | APPluginUtils getInstallPath file:MidasCore_1.5.1_30_350caaa3441e9771548f86b0954a1aa4.apk
01-06 07:01:00.708 21679 21679 I TencentPay: APPluginUtils | APPluginUtils getInstallPath file:MidasPay_1.5.1_30_22090f2c0331f878865f9967e6b97dc6.apk
01-06 07:01:00.708 21679 21679 I TencentPay: APPluginUtils | APPluginUtils getInstallPath true
01-06 07:01:00.709 21679 21679 I TencentPay: APPluginUtils | getMD5FromPath lastIndexOf startpos:65 endpos:98
01-06 07:01:00.709 21679 21679 I TencentPay: APPluginUtils | getMD5FromPath MD5:22090f2c0331f878865f9967e6b97dc6
01-06 07:01:00.709 21679 21679 D TencentPay: APPluginStatic | getOrCreateClassLoader apkFilePath: /data/data/com.tencent.qqmusic/app_midasplugins/MidasPay_1.5.1_30_22090f2c0331f878865f9967e6b97dc6.apk
01-06 07:01:00.709 21679 21679 D TencentPay: APPluginStatic | getOrCreateClassLoader MD5: 22090f2c0331f878865f9967e6b97dc6
01-06 07:01:00.709 21679 21679 D TencentPay: APPluginStatic | getOrCreateClassLoader key: MidasPay_22090f2c0331f878865f9967e6b97dc6
01-06 07:01:00.709 21679 21679 D TencentPay: APPluginStatic | getOrCreateClassLoader dexClassLoader: dalvik.system.DexClassLoader[DexPathList[[zip file "/data/data/com.tencent.qqmusic/app_midasplugins/MidasPay_1.5.1_30_22090f2c0331f878865f9967e6b97dc6.apk"],nativeLibraryDirectories=[/data/data/com.tencent.qqmusic/app_midaslib_2, /vendor/lib, /system/lib]]]
01-06 07:01:00.709 21679 21679 D TencentPay: APPluginStatic | getOrCreateClassLoader midasClassLoader: 191355544
01-06 07:01:00.709 21679 21679 I TencentPay: APPLuginProxyActivity | initPluginInterface method:public static void com.tencent.midas.pay.APMidasDistribute.golbalInit(android.app.Activity,android.content.Intent)
01-06 07:01:00.711 21679 21679 I TencentPay: APMidasDistribute | golbalInit intent:Intent { (has extras) }
01-06 07:01:00.711 21679 21679 I TencentPay: APMidasDistribute | golbalInit midasRequest:null
01-06 07:01:00.743  2149  2179 D BluetoothManagerService: Message: 30
01-06 07:01:00.743  2149  2377 D BluetoothManagerService: Trying to bind to profile: 1, while Bluetooth was disabled
01-06 07:01:00.757 21730 21730 D houdini : [21730] Added shared library /data/app/com.tencent.qqmusic-1/lib/arm/libQPlayAuto.so for ClassLoader by Native Bridge.
01-06 07:01:00.757 21730 21730 I QPlay_Auto_JNI: [QPlayAuto] JNI_OnLoad
01-06 07:01:00.757 21730 21730 I QPlay_Auto_JNI: [QPlayAuto] QPlay auto stop!!!
01-06 07:01:00.757 21730 21730 I QPlay_Auto_JNI: [QPlayAuto] QPlay auto Start!
01-06 07:01:00.758 21730 21929 I QPlay_Auto_JNI: [QPlayAuto] Discover socket(type:1) create ID: 78
01-06 07:01:00.758 21730 21929 I QPlay_Auto_JNI: [QPlayAuto] Discover socket(type:4) create ID: 81
01-06 07:01:00.765  2149  3044 W ActivityManager: getRunningAppProcesses: caller 10129 does not hold REAL_GET_TASKS; limiting output
01-06 07:01:00.766  1867  2115 E Vold    : Failed to find mounted volume for /storage/usb1/Android/data/com.tencent.qqmusic/cache/
01-06 07:01:00.766 21730 21931 W ContextImpl: Failed to ensure directory: /storage/usb1/Android/data/com.tencent.qqmusic/cache
01-06 07:01:00.766  1867  2115 E Vold    : Failed to find mounted volume for /storage/usb2/Android/data/com.tencent.qqmusic/cache/
01-06 07:01:00.766 21730 21931 W ContextImpl: Failed to ensure directory: /storage/usb2/Android/data/com.tencent.qqmusic/cache
01-06 07:01:00.767  1867  2115 E Vold    : Failed to find mounted volume for /storage/usb3/Android/data/com.tencent.qqmusic/cache/
01-06 07:01:00.767 21730 21931 W ContextImpl: Failed to ensure directory: /storage/usb3/Android/data/com.tencent.qqmusic/cache
01-06 07:01:00.767  1867  2115 E Vold    : Failed to find mounted volume for /storage/sdcard1/Android/data/com.tencent.qqmusic/cache/
01-06 07:01:00.767 21730 21931 W ContextImpl: Failed to ensure directory: /storage/sdcard1/Android/data/com.tencent.qqmusic/cache
01-06 07:01:00.768  1867  2115 E Vold    : Failed to find mounted volume for /storage/usb1/Android/data/com.tencent.qqmusic/cache/
01-06 07:01:00.768 21730 21932 W ContextImpl: Failed to ensure directory: /storage/usb1/Android/data/com.tencent.qqmusic/cache
01-06 07:01:00.768  1867  2115 E Vold    : Failed to find mounted volume for /storage/usb2/Android/data/com.tencent.qqmusic/cache/
01-06 07:01:00.768 21730 21932 W ContextImpl: Failed to ensure directory: /storage/usb2/Android/data/com.tencent.qqmusic/cache
01-06 07:01:00.769  1867  2115 E Vold    : Failed to find mounted volume for /storage/usb3/Android/data/com.tencent.qqmusic/cache/
01-06 07:01:00.769 21730 21730 D houdini : [21730] Added shared library /data/app/com.tencent.qqmusic-1/lib/arm/libexpress_verify.so for ClassLoader by Native Bridge.
01-06 07:01:00.769 21730 21932 W ContextImpl: Failed to ensure directory: /storage/usb3/Android/data/com.tencent.qqmusic/cache
01-06 07:01:00.769 21730 21730 I createWeakExpressKey: Start:  ffffffffa4b0226d0033c5d715bfd7a7  guid
01-06 07:01:00.769  1867  2115 E Vold    : Failed to find mounted volume for /storage/sdcard1/Android/data/com.tencent.qqmusic/cache/
01-06 07:01:00.769 21730 21730 I createWeakExpressKey: qqmusic_createTstreamKey  uuid:  ffffffffa4b0226d0033c5d715bfd7a7
01-06 07:01:00.769 21730 21730 I createWeakExpressKey: qqmusic_createTstreamKey: cookie_time 86400
01-06 07:01:00.769 21730 21932 W ContextImpl: Failed to ensure directory: /storage/sdcard1/Android/data/com.tencent.qqmusic/cache
01-06 07:01:00.900  1867  2115 E Vold    : Failed to find mounted volume for /storage/usb1/Android/data/com.tencent.qqmusic/cache/
01-06 07:01:00.900 21730 21934 W ContextImpl: Failed to ensure directory: /storage/usb1/Android/data/com.tencent.qqmusic/cache
01-06 07:01:00.900  1867  2115 E Vold    : Failed to find mounted volume for /storage/usb2/Android/data/com.tencent.qqmusic/cache/
01-06 07:01:00.901 21730 21934 W ContextImpl: Failed to ensure directory: /storage/usb2/Android/data/com.tencent.qqmusic/cache
01-06 07:01:00.901  1867  2115 E Vold    : Failed to find mounted volume for /storage/usb3/Android/data/com.tencent.qqmusic/cache/
01-06 07:01:00.901 21730 21934 W ContextImpl: Failed to ensure directory: /storage/usb3/Android/data/com.tencent.qqmusic/cache
01-06 07:01:00.901  1867  2115 E Vold    : Failed to find mounted volume for /storage/sdcard1/Android/data/com.tencent.qqmusic/cache/
01-06 07:01:00.901 21730 21934 W ContextImpl: Failed to ensure directory: /storage/sdcard1/Android/data/com.tencent.qqmusic/cache
01-06 07:01:00.903  1867  2115 E Vold    : Failed to find mounted volume for /storage/usb1/Android/data/com.tencent.qqmusic/cache/
01-06 07:01:00.903 21730 21934 W ContextImpl: Failed to ensure directory: /storage/usb1/Android/data/com.tencent.qqmusic/cache
01-06 07:01:00.903  1867  2115 E Vold    : Failed to find mounted volume for /storage/usb2/Android/data/com.tencent.qqmusic/cache/
01-06 07:01:00.904 21730 21934 W ContextImpl: Failed to ensure directory: /storage/usb2/Android/data/com.tencent.qqmusic/cache
01-06 07:01:00.904  1867  2115 E Vold    : Failed to find mounted volume for /storage/usb3/Android/data/com.tencent.qqmusic/cache/
01-06 07:01:00.904 21730 21934 W ContextImpl: Failed to ensure directory: /storage/usb3/Android/data/com.tencent.qqmusic/cache
01-06 07:01:00.904  1867  2115 E Vold    : Failed to find mounted volume for /storage/sdcard1/Android/data/com.tencent.qqmusic/cache/
01-06 07:01:00.904 21730 21934 W ContextImpl: Failed to ensure directory: /storage/sdcard1/Android/data/com.tencent.qqmusic/cache
01-06 07:01:00.912 21679 21890 D Profiler: perf.scanner_speed_test.Scan Directories Finish. duration: 769.0
01-06 07:01:00.912 21679 21890 D Profiler: perf.preHandleNewDirs 725.begin 1452063660912
01-06 07:01:00.934 21730 21768 D eup     : rqdp{  result id:}1
01-06 07:01:00.967 21938 21938 W linker  : [vdso]: unused DT entry: type 0x6ffffef5 arg 0x160
01-06 07:01:00.971 21940 21940 W linker  : [vdso]: unused DT entry: type 0x6ffffef5 arg 0x160
01-06 07:01:00.978 21941 21941 W linker  : [vdso]: unused DT entry: type 0x6ffffef5 arg 0xec
01-06 07:01:00.979 21941 21941 E cutils-trace: Error opening trace file: Permission denied (13)
01-06 07:01:00.979 21941 21941 I dex2oat : /system/bin/dex2oat --runtime-arg -classpath --runtime-arg  --instruction-set=x86 --instruction-set-features=default --runtime-arg -Xrelocate --boot-image=/system/framework/boot.art --dex-file=/data/data/com.tencent.qqmusic/downloadlibs/AppLinkSDKAndroid-2-3-2.jar --oat-fd=64 --oat-location=/data/data/com.tencent.qqmusic/dexout/AppLinkSDKAndroid-2-3-2.dex --runtime-arg -Xms64m --runtime-arg -Xmx512m --compiler-filter=interpret-only
01-06 07:01:01.047 21679 21890 D LocalFileCacheManager: preHandleNewDirs scanedDirCount: 939 file_total_count: 0
01-06 07:01:01.047 21679 21890 D Profiler: perf.preHandleNewDirs 725.end duration: 135.0
01-06 07:01:01.047 21679 21890 D Profiler: perf.scanner_speed_test.Scan Files And Insert Files Into DB Finish. duration: 904.0
01-06 07:01:01.051 21730 21768 D eup     : rqdp{  result id:}2
01-06 07:01:01.051 21730 21768 D eup     : rqdp{  insertOrUpdate alyticsBeans end}
01-06 07:01:01.051 21730 21768 D eup     : rqdp{  start upload cmd:}200 rqdp{  url:}http://monitor.uu.qq.com/analytics/upload rqdp{  datas:}class com.tencent.feedback.proguard.as
01-06 07:01:01.051 21730 21768 D eup     : rqdp{  en2Req }
01-06 07:01:01.051 21730 21768 D eup     : rqdp{  [pid:}0S200D3PKF1UFLJI rqdp{  
01-06 07:01:01.051 21730 21768 D eup     : bid:}com.tencent.qqmusic_5.8.0.18 rqdp{  
01-06 07:01:01.051 21730 21768 D eup     : sid:}com.tencent.feedback_1.9.6 
01-06 07:01:01.051 21730 21768 D eup     : ]
01-06 07:01:01.052 21730 21768 D eup     : rqdp{  start req} http://monitor.uu.qq.com/analytics/upload rqdp{  sz:}227
01-06 07:01:01.052 21730 21768 D eup     : rqdp{  send:}http://monitor.uu.qq.com/analytics/upload rqdp{  sz:}227 rqdp{  apn:}f8:32:e4:a0:25:09
01-06 07:01:01.076 21679 21679 I TencentPay: APIPDatabase | onCreate
01-06 07:01:01.175 21941 21941 I dex2oat : dex2oat took 196.193ms (threads: 8) arena alloc=0B java alloc=653KB native alloc=394KB free=7MB
01-06 07:01:01.197 21730 21730 E LibUpnp : Try to load LibUpnp so!
01-06 07:01:01.197 21730 21730 E LibUpnp : dalvik.system.VMStack.getThreadStackTrace(Native Method)
01-06 07:01:01.197 21730 21730 E LibUpnp : java.lang.Thread.getStackTrace(Thread.java:580)
01-06 07:01:01.197 21730 21730 E LibUpnp : com.tencent.qqmusiccommon.a.k.e(SourceFile:251)
01-06 07:01:01.197 21730 21730 E LibUpnp : com.tencent.qqmusicplayerprocess.qqmusicdlna.LibUpnp.<clinit>(SourceFile:29)
01-06 07:01:01.197 21730 21730 E LibUpnp : com.tencent.qqmusicplayerprocess.qqmusicdlna.DLNAManager.isDLNARuning(SourceFile:1296)
01-06 07:01:01.197 21730 21730 E LibUpnp : com.tencent.qqmusicplayerprocess.qqmusicdlna.DLNAManager.hasCurrentRenderer(SourceFile:1310)
01-06 07:01:01.197 21730 21730 E LibUpnp : com.tencent.qqmusicplayerprocess.qqmusicdlna.QPlayService$1.hasCurrentRenderer(SourceFile:139)
01-06 07:01:01.197 21730 21730 E LibUpnp : com.tencent.qqmusicplayerprocess.audio.playlist.MusicListManager.u(SourceFile:2595)
01-06 07:01:01.197 21730 21730 E LibUpnp : com.tencent.qqmusicplayerprocess.servicenew.p.f(SourceFile:574)
01-06 07:01:01.197 21730 21730 E LibUpnp : com.tencent.qqmusiccommon.util.e.e.h(SourceFile:151)
01-06 07:01:01.197 21730 21730 E LibUpnp : com.tencent.qqmusicplayerprocess.audio.b.c.handleMessage(SourceFile:76)
01-06 07:01:01.197 21730 21730 E LibUpnp : android.os.Handler.dispatchMessage(Handler.java:102)
01-06 07:01:01.197 21730 21730 E LibUpnp : android.os.Looper.loop(Looper.java:135)
01-06 07:01:01.197 21730 21730 E LibUpnp : android.app.ActivityThread.main(ActivityThread.java:5254)
01-06 07:01:01.197 21730 21730 E LibUpnp : java.lang.reflect.Method.invoke(Native Method)
01-06 07:01:01.197 21730 21730 E LibUpnp : java.lang.reflect.Method.invoke(Method.java:372)
01-06 07:01:01.197 21730 21730 E LibUpnp : com.android.internal.os.ZygoteInit$MethodAndArgsCaller.run(ZygoteInit.java:903)
01-06 07:01:01.197 21730 21730 E LibUpnp : com.android.internal.os.ZygoteInit.main(ZygoteInit.java:698)
01-06 07:01:01.208 21730 21730 D houdini : [21730] Added shared library /data/app/com.tencent.qqmusic-1/lib/arm/libupnp-jni.so for ClassLoader by Native Bridge.
01-06 07:01:01.208 21730 21730 I LibUpnp_Jni: JNI_OnLoad
01-06 07:01:01.214 21730 21768 D eup     : rqdp{  execute request:
01-06 07:01:01.214 21730 21768 D eup     : } POST /analytics/upload HTTP/1.1
01-06 07:01:01.214 21730 21768 D eup     : rqdp{  recevied:}351
01-06 07:01:01.215 21730 21768 D eup     : rqdp{  covert to ResponsePackage}
01-06 07:01:01.215 21730 21768 I eup     : rqdp{  fix ip:}166.111.131.12 rqdp{  tmgap:}-276
01-06 07:01:01.217 21730 21768 D eup     : rqdp{  unzp:} 2 rqdp{  len:} 240
01-06 07:01:01.219 21730 21768 W eup     : rqdp{  no handler key:}303
01-06 07:01:01.219 21730 21768 D eup     : rqdp{  key:}302 rqdp{  handler: }class com.tencent.feedback.eup.m
01-06 07:01:01.220 21730 21768 D eup     : rqdp{  init eup sStrategy by uStrategy}
01-06 07:01:01.220 21730 21768 D eup     : rqdp{  is merged changed} false
01-06 07:01:01.220 21730 21768 D eup     : rqdp{ Assert enable changed: } true
01-06 07:01:01.220 21730 21768 D eup     : crashstrategy vmap size:3
01-06 07:01:01.220 21730 21768 D eup     : key isBroadcast
01-06 07:01:01.220 21730 21768 D eup     : key isAnr
01-06 07:01:01.220 21730 21768 D eup     : key isReceiveBroadcast
01-06 07:01:01.220 21730 21768 D eup     : true
01-06 07:01:01.220 21730 21768 D eup     : false
01-06 07:01:01.220 21730 21768 D eup     : false
01-06 07:01:01.220 21730 21768 D eup     : rqdp{  save eup strategy}
01-06 07:01:01.231 21730 21934 D BluetoothAdapter: 813691817: getState() :  mService = null. Returning STATE_OFF
01-06 07:01:01.233  1867  2115 E Vold    : Failed to find mounted volume for /storage/usb1/Android/data/com.tencent.qqmusic/cache/
01-06 07:01:01.234 21730 21934 W ContextImpl: Failed to ensure directory: /storage/usb1/Android/data/com.tencent.qqmusic/cache
01-06 07:01:01.235  1867  2115 E Vold    : Failed to find mounted volume for /storage/usb2/Android/data/com.tencent.qqmusic/cache/
01-06 07:01:01.235 21730 21934 W ContextImpl: Failed to ensure directory: /storage/usb2/Android/data/com.tencent.qqmusic/cache
01-06 07:01:01.235  1867  2115 E Vold    : Failed to find mounted volume for /storage/usb3/Android/data/com.tencent.qqmusic/cache/
01-06 07:01:01.236 21730 21934 W ContextImpl: Failed to ensure directory: /storage/usb3/Android/data/com.tencent.qqmusic/cache
01-06 07:01:01.236  1867  2115 E Vold    : Failed to find mounted volume for /storage/sdcard1/Android/data/com.tencent.qqmusic/cache/
01-06 07:01:01.236 21730 21934 W ContextImpl: Failed to ensure directory: /storage/sdcard1/Android/data/com.tencent.qqmusic/cache
01-06 07:01:01.264  2149  2295 W ActivityManager: getTasks: caller 10115 does not hold REAL_GET_TASKS; limiting output
01-06 07:01:01.264 21730 21880 W System.err: java.lang.Exception: Interface not registered
01-06 07:01:01.264 21730 21880 W System.err: 	at com.tencent.qqmusicplayerprocess.servicenew.e.b(SourceFile:34)
01-06 07:01:01.264 21730 21880 W System.err: 	at com.tencent.qqmusicplayerprocess.servicenew.QQPlayerServiceNew.a(SourceFile:151)
01-06 07:01:01.264 21730 21880 W System.err: 	at com.tencent.qqmusicplayerprocess.servicenew.p.ax(SourceFile:1300)
01-06 07:01:01.264 21730 21880 W System.err: 	at com.tencent.qqmusiccommon.statistics.StaticsXmlBuilder.<init>(SourceFile:61)
01-06 07:01:01.264 21730 21880 W System.err: 	at com.tencent.qqmusiccommon.statistics.VelocityStatistics.<init>(SourceFile:62)
01-06 07:01:01.264 21730 21880 W System.err: 	at com.tencent.qqmusicplayerprocess.network.a.a.a(SourceFile:135)
01-06 07:01:01.264 21730 21880 W System.err: 	at com.tencent.qqmusicplayerprocess.network.a.b$a.run(SourceFile:69)
01-06 07:01:01.266 21679 21956 I rubik   : {"bannerlist":[],"code":0,"msg":"success","uid":"3302588450","uin":"0"}
01-06 07:01:01.282 21730 21880 W System.err: java.lang.Exception: Interface not registered
01-06 07:01:01.282 21730 21880 W System.err: 	at com.tencent.qqmusicplayerprocess.servicenew.e.b(SourceFile:34)
01-06 07:01:01.282 21730 21880 W System.err: 	at com.tencent.qqmusicplayerprocess.servicenew.QQPlayerServiceNew.a(SourceFile:151)
01-06 07:01:01.282 21730 21880 W System.err: 	at com.tencent.qqmusicplayerprocess.servicenew.p.ax(SourceFile:1300)
01-06 07:01:01.282 21730 21880 W System.err: 	at com.tencent.qqmusiccommon.statistics.StaticsXmlBuilder.<init>(SourceFile:61)
01-06 07:01:01.282 21730 21880 W System.err: 	at com.tencent.qqmusiccommon.statistics.VelocityStatistics.<init>(SourceFile:62)
01-06 07:01:01.282 21730 21880 W System.err: 	at com.tencent.qqmusicplayerprocess.network.a.a.a(SourceFile:135)
01-06 07:01:01.282 21730 21880 W System.err: 	at com.tencent.qqmusicplayerprocess.network.a.b$a.run(SourceFile:69)
01-06 07:01:01.320 21730 21880 W System.err: java.lang.Exception: Interface not registered
01-06 07:01:01.320 21730 21880 W System.err: 	at com.tencent.qqmusicplayerprocess.servicenew.e.b(SourceFile:34)
01-06 07:01:01.320 21730 21880 W System.err: 	at com.tencent.qqmusicplayerprocess.servicenew.QQPlayerServiceNew.a(SourceFile:151)
01-06 07:01:01.320 21730 21880 W System.err: 	at com.tencent.qqmusicplayerprocess.servicenew.p.ax(SourceFile:1300)
01-06 07:01:01.320 21730 21880 W System.err: 	at com.tencent.qqmusiccommon.statistics.StaticsXmlBuilder.<init>(SourceFile:61)
01-06 07:01:01.320 21730 21880 W System.err: 	at com.tencent.qqmusiccommon.statistics.VelocityStatistics.<init>(SourceFile:62)
01-06 07:01:01.320 21730 21880 W System.err: 	at com.tencent.qqmusicplayerprocess.network.a.a.a(SourceFile:135)
01-06 07:01:01.320 21730 21880 W System.err: 	at com.tencent.qqmusicplayerprocess.network.a.b$a.run(SourceFile:69)
01-06 07:01:01.325 21679 21890 W Profiler: perf.scanner_speed_test.Insert Directories Into DB Finish. duration: 1182.0
01-06 07:01:01.325 21679 21890 E LocalFileCacheManager: finishScan!!!!!!!!!!!!!!!!!!!!!!!!!!!!!!!!
01-06 07:01:01.325 21679 21890 W Profiler: perf.performance_test.end duration: 1009.0
01-06 07:01:01.325 21679 21890 E FileScanner: scanListener is null!!!!!
01-06 07:01:01.325 21679 21890 W Profiler: perf.performance_test.all task finish refresh UI! duration: 1009.0
01-06 07:01:01.325 21679 21890 D LogPoint: scansongs-1|scan songs end|<17460463496232>
01-06 07:01:01.325 21679 21890 W Profiler: perf.扫描性能测试.自动扫描完成 duration: 1748.0
01-06 07:01:01.325 21679 21890 W Profiler: perf.scanner_speed_test.Auto scan Songs Finish. duration: 1182.0
01-06 07:01:01.326 21679 21890 W Profiler: perf.扫描性能测试.getExistsPaths完成 duration: 1749.0
01-06 07:01:01.326 21679 21890 D ScannerUtils: queryAllFiles
01-06 07:01:01.327 21679 21890 W Profiler: perf.扫描性能测试.queryAllFiles完成 duration: 1750.0
01-06 07:01:01.327 21679 21890 W Profiler: perf.扫描性能测试.getNewEntities完成 duration: 1750.0
01-06 07:01:01.327  1867  2115 E Vold    : Failed to find mounted volume for /storage/usb1/Android/data/com.tencent.qqmusic/cache/
01-06 07:01:01.328 21679 21890 D Profiler: perf.过滤时长.begin 1452063661328
01-06 07:01:01.328 21679 21956 W ContextImpl: Failed to ensure directory: /storage/usb1/Android/data/com.tencent.qqmusic/cache
01-06 07:01:01.328  1867  2115 E Vold    : Failed to find mounted volume for /storage/usb2/Android/data/com.tencent.qqmusic/cache/
01-06 07:01:01.329 21679 21890 W Profiler: perf.扫描性能测试.getSongIds完成 duration: 1752.0
01-06 07:01:01.329 21679 21956 W ContextImpl: Failed to ensure directory: /storage/usb2/Android/data/com.tencent.qqmusic/cache
01-06 07:01:01.329  1867  2115 E Vold    : Failed to find mounted volume for /storage/usb3/Android/data/com.tencent.qqmusic/cache/
01-06 07:01:01.329 21679 21956 W ContextImpl: Failed to ensure directory: /storage/usb3/Android/data/com.tencent.qqmusic/cache
01-06 07:01:01.330 21679 21890 W Profiler: perf.扫描性能测试.getID3完成 duration: 1753.0
01-06 07:01:01.330 21679 21890 D Profiler: perf.过滤时长.end duration: 2.0
01-06 07:01:01.330  1867  2115 E Vold    : Failed to find mounted volume for /storage/sdcard1/Android/data/com.tencent.qqmusic/cache/
01-06 07:01:01.330 21679 21890 W Profiler: perf.扫描性能测试.自动后过滤分类完成 duration: 1753.0
01-06 07:01:01.330 21679 21890 W Profiler: perf.scanner_speed_test.process auto scan result Finish. duration: 1187.0
01-06 07:01:01.330 21679 21890 W Profiler: perf.扫描性能测试.入库开始 duration: 1753.0
01-06 07:01:01.330 21679 21890 W Profiler: perf.scanner_speed_test.save to repository result start. duration: 1187.0
01-06 07:01:01.330 21679 21956 W ContextImpl: Failed to ensure directory: /storage/sdcard1/Android/data/com.tencent.qqmusic/cache
01-06 07:01:01.330  2149 17056 W ActivityManager: getRunningAppProcesses: caller 10129 does not hold REAL_GET_TASKS; limiting output
01-06 07:01:01.330  2149  3042 W ActivityManager: getRunningAppProcesses: caller 10129 does not hold REAL_GET_TASKS; limiting output
01-06 07:01:01.330  2149  9351 W ActivityManager: getRunningAppProcesses: caller 10129 does not hold REAL_GET_TASKS; limiting output
01-06 07:01:01.335  1867  2115 E Vold    : Failed to find mounted volume for /storage/usb1/Android/data/com.tencent.qqmusic/cache/
01-06 07:01:01.335 21679 21960 W ContextImpl: Failed to ensure directory: /storage/usb1/Android/data/com.tencent.qqmusic/cache
01-06 07:01:01.335  1867  2115 E Vold    : Failed to find mounted volume for /storage/usb2/Android/data/com.tencent.qqmusic/cache/
01-06 07:01:01.335 21679 21960 W ContextImpl: Failed to ensure directory: /storage/usb2/Android/data/com.tencent.qqmusic/cache
01-06 07:01:01.336  1867  2115 E Vold    : Failed to find mounted volume for /storage/usb3/Android/data/com.tencent.qqmusic/cache/
01-06 07:01:01.336 21679 21960 W ContextImpl: Failed to ensure directory: /storage/usb3/Android/data/com.tencent.qqmusic/cache
01-06 07:01:01.336 21679 21890 E SQLiteLog: (284) automatic index on User_Folder_Song_table(id)
01-06 07:01:01.336  1867  2115 E Vold    : Failed to find mounted volume for /storage/sdcard1/Android/data/com.tencent.qqmusic/cache/
01-06 07:01:01.336 21679 21960 W ContextImpl: Failed to ensure directory: /storage/sdcard1/Android/data/com.tencent.qqmusic/cache
01-06 07:01:01.336 21679 21890 E SQLiteLog: (284) automatic index on User_Folder_Song_table(id)
01-06 07:01:01.337 21730 21880 W System.err: java.lang.Exception: Interface not registered
01-06 07:01:01.337 21730 21880 W System.err: 	at com.tencent.qqmusicplayerprocess.servicenew.e.b(SourceFile:34)
01-06 07:01:01.337 21730 21880 W System.err: 	at com.tencent.qqmusicplayerprocess.servicenew.QQPlayerServiceNew.a(SourceFile:151)
01-06 07:01:01.337 21730 21880 W System.err: 	at com.tencent.qqmusicplayerprocess.servicenew.p.ax(SourceFile:1300)
01-06 07:01:01.337 21730 21880 W System.err: 	at com.tencent.qqmusiccommon.statistics.StaticsXmlBuilder.<init>(SourceFile:61)
01-06 07:01:01.337 21730 21880 W System.err: 	at com.tencent.qqmusiccommon.statistics.VelocityStatistics.<init>(SourceFile:62)
01-06 07:01:01.337 21730 21880 W System.err: 	at com.tencent.qqmusicplayerprocess.network.a.a.a(SourceFile:135)
01-06 07:01:01.337 21730 21880 W System.err: 	at com.tencent.qqmusicplayerprocess.network.a.b$a.run(SourceFile:69)
01-06 07:01:01.344 21965 21965 W linker  : [vdso]: unused DT entry: type 0x6ffffef5 arg 0x160
01-06 07:01:01.352 21969 21969 W linker  : [vdso]: unused DT entry: type 0x6ffffef5 arg 0x160
01-06 07:01:01.358 21970 21970 W linker  : [vdso]: unused DT entry: type 0x6ffffef5 arg 0x160
01-06 07:01:01.359  2149  2179 D BluetoothManagerService: Message: 20
01-06 07:01:01.359  2149  2179 D BluetoothManagerService: Added callback: android.bluetooth.IBluetoothManagerCallback$Stub$Proxy@3a85306b:true
01-06 07:01:01.367 21730 21790 V NetworkDash: isDeviceIdBySlot:0
01-06 07:01:01.367 21730 21790 V NetworkDash: isDeviceIdBySlot:1
01-06 07:01:01.367 21730 21790 I NetworkDash: imsi: null
01-06 07:01:01.390 21730 21880 W System.err: java.lang.Exception: Interface not registered
01-06 07:01:01.390 21730 21880 W System.err: 	at com.tencent.qqmusicplayerprocess.servicenew.e.b(SourceFile:34)
01-06 07:01:01.390 21730 21880 W System.err: 	at com.tencent.qqmusicplayerprocess.servicenew.QQPlayerServiceNew.a(SourceFile:151)
