01-12 01:54:33.763  6351  6351 E art     :     11: int com.ir.gc.CustomContentProvider.nSetContentValue(java.lang.String, java.lang.String, java.lang.String, java.lang.String, java.lang.String)
01-12 01:54:33.763  6351  6351 E art     :     12: java.lang.String com.ir.gc.CustomContentProvider.ngetInfoA(java.lang.String, java.lang.String)
01-12 01:54:33.763  6351  6351 E art     :     13: byte[] com.ir.gc.CustomContentProvider.ngetInfoB()
01-12 01:54:33.763  6351  6351 E art     :     14: java.lang.String com.ir.gc.CustomContentProvider.ngetNormalBillingRequest(java.lang.String, java.lang.String, java.lang.String)
01-12 01:54:33.763  6351  6351 E art     :     15: java.lang.String com.ir.gc.CustomContentProvider.ngetSecureBillingRequest(java.lang.String, java.lang.String, java.lang.String)
01-12 01:54:33.763  6351  6351 E art     :     16: java.lang.String com.ir.gc.CustomContentProvider.ngetSecureSessionRequest(java.lang.String, java.lang.String, java.lang.String, java.lang.String)
01-12 01:54:33.763  6351  6351 E art     :     17: java.lang.String com.ir.gc.CustomContentProvider.ngetVersion(int)
01-12 01:54:33.763  6351  6351 E art     :     18: boolean com.ir.gc.CustomContentProvider.nupgradeAgent(java.lang.String)
01-12 01:54:33.763  6351  6351 E art     :     19: boolean com.ir.gc.CustomContentProvider.nupgradeSDK(java.lang.String, java.lang.String)
01-12 01:54:33.763  6351  6351 E art     :     20: int com.ir.gc.CustomContentProvider.setContentValue(android.content.Context, java.lang.String, java.lang.String, java.lang.String)
01-12 01:54:33.763  6351  6351 E art     :     21: boolean com.ir.gc.CustomContentProvider.updateSecureAgent(java.lang.String)
01-12 01:54:33.763  6351  6351 E art     :     22: boolean com.ir.gc.CustomContentProvider.upgradeSDK(android.content.Context, java.lang.String)
01-12 01:54:33.763  6351  6351 E art     : Failed to register native method com.ir.gc.CustomContentProvider.ngetBLD([B)Ljava/lang/String; in /data/data/com.kiloo.subwaysurf/appsdk0_.dex
01-12 01:54:33.764  6351  6351 I idsyconfig: load megjb ok
01-12 01:54:33.764  6351  6351 I idskyApi: onApplicationCreateidskyApi
01-12 01:54:33.764  6351  6351 I PaymentPlugin: onApplicationCreate  PaymentPlugin
01-12 01:54:33.766  6351  6351 I cc      : Cu onApplicationCreate Start
01-12 01:54:33.766  2147  2297 W ActivityManager: getRunningAppProcesses: caller 10062 does not hold REAL_GET_TASKS; limiting output
01-12 01:54:33.766  6351  6351 I unipaysdk: pid:6351 process:com.kiloo.subwaysurf
01-12 01:54:33.770  6351  6351 E unipaysdk: unipaysdk:rc(0/1), s(true)
01-12 01:54:33.771  6351  6351 E unipaysdk: unipaysdk:abi(armeabi-v7a)
01-12 01:54:33.771  6351  6351 E unipaysdk: unipaysdk:cpu_abi:armeabi-v7a
01-12 01:54:33.775  6351  6351 D houdini : [6351] Added shared library /data/data/com.kiloo.subwaysurf/.ulibs/decrypt.so for ClassLoader by Native Bridge.
01-12 01:54:33.775  6351  6351 E unipaysdk: unipaysdk:abi(armeabi-v7a)
01-12 01:54:33.804  2147  2188 I InputDispatcher: Dropping event because there is no touchable window at (1150, 911).
01-12 01:54:33.844  2147  2188 I InputDispatcher: Dropping event because there is no touchable window at (1149, 911).
01-12 01:54:33.860  2147  2188 I InputDispatcher: Dropping event because there is no touchable window at (1149, 910).
01-12 01:54:33.860  6351  6351 D houdini : [6351] Added shared library /data/data/com.kiloo.subwaysurf/.ulibs/libunicomsdk.so for ClassLoader by Native Bridge.
01-12 01:54:33.861  6351  6351 E unipaysdk: unipaysdk:result.1: 1
01-12 01:54:33.861  6351  6351 I cc      : Cu onApplicationCreate finish
01-12 01:54:33.862  6351  6351 W System.err: java.lang.ClassNotFoundException: com.idsky.android.cu.net.UnicomOnlinePlugin
01-12 01:54:33.862  6351  6351 W System.err: 	at java.lang.Class.classForName(Native Method)
01-12 01:54:33.862  6351  6351 W System.err: 	at java.lang.Class.forName(Class.java:309)
01-12 01:54:33.862  6351  6351 W System.err: 	at java.lang.Class.forName(Class.java:273)
01-12 01:54:33.862  6351  6351 W System.err: 	at com.idsky.android.frame.PaymentPlugin.onApplicationCreate(SourceFile:131)
01-12 01:54:33.862  6351  6351 W System.err: 	at java.lang.reflect.Method.invoke(Native Method)
01-12 01:54:33.862  6351  6351 W System.err: 	at java.lang.reflect.Method.invoke(Method.java:372)
01-12 01:54:33.862  6351  6351 W System.err: 	at com.idsky.android.Idsky.onApplicationCreate(SourceFile:1411)
01-12 01:54:33.862  6351  6351 W System.err: 	at java.lang.reflect.Method.invoke(Native Method)
01-12 01:54:33.862  6351  6351 W System.err: 	at java.lang.reflect.Method.invoke(Method.java:372)
01-12 01:54:33.862  6351  6351 W System.err: 	at com.skynet.android.Skynet.invoke(SourceFile:4217)
01-12 01:54:33.862  6351  6351 W System.err: 	at com.skynet.android.Skynet.onApplicationCreate(SourceFile:3696)
01-12 01:54:33.862  6351  6351 W System.err: 	at com.kiloo.subwaysurf.BaiDuApplication.onCreate(BaiDuApplication.java:11)
01-12 01:54:33.862  6351  6351 W System.err: 	at android.app.Instrumentation.callApplicationOnCreate(Instrumentation.java:1012)
01-12 01:54:33.862  6351  6351 W System.err: 	at android.app.ActivityThread.handleBindApplication(ActivityThread.java:4553)
01-12 01:54:33.862  6351  6351 W System.err: 	at android.app.ActivityThread.access$1500(ActivityThread.java:151)
01-12 01:54:33.862  6351  6351 W System.err: 	at android.app.ActivityThread$H.handleMessage(ActivityThread.java:1364)
01-12 01:54:33.862  6351  6351 W System.err: 	at android.os.Handler.dispatchMessage(Handler.java:102)
01-12 01:54:33.862  6351  6351 W System.err: 	at android.os.Looper.loop(Looper.java:135)
01-12 01:54:33.862  6351  6351 W System.err: 	at android.app.ActivityThread.main(ActivityThread.java:5254)
01-12 01:54:33.862  6351  6351 W System.err: 	at java.lang.reflect.Method.invoke(Native Method)
01-12 01:54:33.862  6351  6351 W System.err: 	at java.lang.reflect.Method.invoke(Method.java:372)
01-12 01:54:33.862  6351  6351 W System.err: 	at com.android.internal.os.ZygoteInit$MethodAndArgsCaller.run(ZygoteInit.java:903)
01-12 01:54:33.862  6351  6351 W System.err: 	at com.android.internal.os.ZygoteInit.main(ZygoteInit.java:698)
01-12 01:54:33.862  6351  6351 W System.err: Caused by: java.lang.ClassNotFoundException: Didn't find class "com.idsky.android.cu.net.UnicomOnlinePlugin" on path: DexPathList[[zip file "/data/app/com.kiloo.subwaysurf-1/base.apk"],nativeLibraryDirectories=[/data/app/com.kiloo.subwaysurf-1/lib/arm, /vendor/lib, /system/lib]]
01-12 01:54:33.862  6351  6351 W System.err: 	at dalvik.system.BaseDexClassLoader.findClass(BaseDexClassLoader.java:56)
01-12 01:54:33.862  6351  6351 W System.err: 	at java.lang.ClassLoader.loadClass(ClassLoader.java:511)
01-12 01:54:33.862  6351  6351 W System.err: 	at java.lang.ClassLoader.loadClass(ClassLoader.java:469)
01-12 01:54:33.862  6351  6351 W System.err: 	... 23 more
01-12 01:54:33.862  6351  6351 W System.err: 	Suppressed: java.lang.ClassNotFoundException: Didn't find class "com.idsky.android.cu.net.UnicomOnlinePlugin" on path: DexPathList[[dex file "/data/data/com.kiloo.subwaysurf/appsdk0_.dex"],nativeLibraryDirectories=[/data/data/com.kiloo.subwaysurf/lib, /vendor/lib, /system/lib]]
01-12 01:54:33.862  6351  6351 W System.err: 		at dalvik.system.BaseDexClassLoader.findClass(BaseDexClassLoader.java:56)
01-12 01:54:33.862  6351  6351 W System.err: 		at java.lang.ClassLoader.loadClass(ClassLoader.java:511)
01-12 01:54:33.862  6351  6351 W System.err: 		at java.lang.ClassLoader.loadClass(ClassLoader.java:504)
01-12 01:54:33.862  6351  6351 W System.err: 		... 24 more
01-12 01:54:33.862  6351  6351 W System.err: 		Suppressed: java.lang.ClassNotFoundException: com.idsky.android.cu.net.UnicomOnlinePlugin
01-12 01:54:33.862  6351  6351 W System.err: 			at java.lang.Class.classForName(Native Method)
01-12 01:54:33.862  6351  6351 W System.err: 			at java.lang.BootClassLoader.findClass(ClassLoader.java:781)
01-12 01:54:33.862  6351  6351 W System.err: 			at java.lang.BootClassLoader.loadClass(ClassLoader.java:841)
01-12 01:54:33.862  6351  6351 W System.err: 			at java.lang.ClassLoader.loadClass(ClassLoader.java:504)
01-12 01:54:33.862  6351  6351 W System.err: 			... 25 more
01-12 01:54:33.862  6351  6351 W System.err: 		Caused by: java.lang.NoClassDefFoundError: Class not found using the boot class loader; no stack available
01-12 01:54:33.868  2147  2188 I InputDispatcher: Dropping event because there is no touchable window at (1148, 910).
01-12 01:54:33.869  6405  6405 W linker  : [vdso]: unused DT entry: type 0x6ffffef5 arg 0x160
01-12 01:54:33.873  6405  6405 W linker  : [vdso]: unused DT entry: type 0x6ffffef5 arg 0x160
01-12 01:54:33.880  6351  6351 I SmsMmPlugin: MM  install start
01-12 01:54:33.881  6351  6351 W System.err: java.lang.ClassNotFoundException: com.secneo.mmb.DexHelper
01-12 01:54:33.881  6351  6351 W System.err: 	at java.lang.Class.classForName(Native Method)
01-12 01:54:33.881  6351  6351 W System.err: 	at java.lang.Class.forName(Class.java:309)
01-12 01:54:33.881  6351  6351 W System.err: 	at java.lang.Class.forName(Class.java:273)
01-12 01:54:33.881  6351  6351 W System.err: 	at com.idsky.android.mm.SmsMmPlugin.onApplicationCreate(SourceFile:99)
01-12 01:54:33.881  6351  6351 W System.err: 	at java.lang.reflect.Method.invoke(Native Method)
01-12 01:54:33.881  6351  6351 W System.err: 	at java.lang.reflect.Method.invoke(Method.java:372)
01-12 01:54:33.881  6351  6351 W System.err: 	at com.idsky.android.frame.PaymentPlugin.onApplicationCreate(SourceFile:152)
01-12 01:54:33.881  6351  6351 W System.err: 	at java.lang.reflect.Method.invoke(Native Method)
01-12 01:54:33.881  6351  6351 W System.err: 	at java.lang.reflect.Method.invoke(Method.java:372)
01-12 01:54:33.881  6351  6351 W System.err: 	at com.idsky.android.Idsky.onApplicationCreate(SourceFile:1411)
01-12 01:54:33.881  6351  6351 W System.err: 	at java.lang.reflect.Method.invoke(Native Method)
01-12 01:54:33.881  6351  6351 W System.err: 	at java.lang.reflect.Method.invoke(Method.java:372)
01-12 01:54:33.881  6351  6351 W System.err: 	at com.skynet.android.Skynet.invoke(SourceFile:4217)
01-12 01:54:33.881  6351  6351 W System.err: 	at com.skynet.android.Skynet.onApplicationCreate(SourceFile:3696)
01-12 01:54:33.881  6351  6351 W System.err: 	at com.kiloo.subwaysurf.BaiDuApplication.onCreate(BaiDuApplication.java:11)
01-12 01:54:33.881  6351  6351 W System.err: 	at android.app.Instrumentation.callApplicationOnCreate(Instrumentation.java:1012)
01-12 01:54:33.881  6351  6351 W System.err: 	at android.app.ActivityThread.handleBindApplication(ActivityThread.java:4553)
01-12 01:54:33.881  6351  6351 W System.err: 	at android.app.ActivityThread.access$1500(ActivityThread.java:151)
01-12 01:54:33.881  6351  6351 W System.err: 	at android.app.ActivityThread$H.handleMessage(ActivityThread.java:1364)
01-12 01:54:33.881  6351  6351 W System.err: 	at android.os.Handler.dispatchMessage(Handler.java:102)
01-12 01:54:33.881  6351  6351 W System.err: 	at android.os.Looper.loop(Looper.java:135)
01-12 01:54:33.881  6351  6351 W System.err: 	at android.app.ActivityThread.main(ActivityThread.java:5254)
01-12 01:54:33.881  6351  6351 W System.err: 	at java.lang.reflect.Method.invoke(Native Method)
01-12 01:54:33.881  6351  6351 W System.err: 	at java.lang.reflect.Method.invoke(Method.java:372)
01-12 01:54:33.881  6351  6351 W System.err: 	at com.android.internal.os.ZygoteInit$MethodAndArgsCaller.run(ZygoteInit.java:903)
01-12 01:54:33.881  6351  6351 W System.err: 	at com.android.internal.os.ZygoteInit.main(ZygoteInit.java:698)
01-12 01:54:33.881  6351  6351 W System.err: Caused by: java.lang.ClassNotFoundException: Didn't find class "com.secneo.mmb.DexHelper" on path: DexPathList[[zip file "/data/app/com.kiloo.subwaysurf-1/base.apk"],nativeLibraryDirectories=[/data/app/com.kiloo.subwaysurf-1/lib/arm, /vendor/lib, /system/lib]]
01-12 01:54:33.881  6351  6351 W System.err: 	at dalvik.system.BaseDexClassLoader.findClass(BaseDexClassLoader.java:56)
01-12 01:54:33.881  6351  6351 W System.err: 	at java.lang.ClassLoader.loadClass(ClassLoader.java:511)
01-12 01:54:33.881  6351  6351 W System.err: 	at java.lang.ClassLoader.loadClass(ClassLoader.java:469)
01-12 01:54:33.881  6351  6351 W System.err: 	... 26 more
01-12 01:54:33.881  6351  6351 W System.err: 	Suppressed: java.lang.ClassNotFoundException: Didn't find class "com.secneo.mmb.DexHelper" on path: DexPathList[[dex file "/data/data/com.kiloo.subwaysurf/appsdk0_.dex"],nativeLibraryDirectories=[/data/data/com.kiloo.subwaysurf/lib, /vendor/lib, /system/lib]]
01-12 01:54:33.882  6351  6351 W System.err: 		at dalvik.system.BaseDexClassLoader.findClass(BaseDexClassLoader.java:56)
01-12 01:54:33.882  6351  6351 W System.err: 		at java.lang.ClassLoader.loadClass(ClassLoader.java:511)
01-12 01:54:33.882  6351  6351 W System.err: 		at java.lang.ClassLoader.loadClass(ClassLoader.java:504)
01-12 01:54:33.882  6351  6351 W System.err: 		... 27 more
01-12 01:54:33.882  6351  6351 W System.err: 		Suppressed: java.lang.ClassNotFoundException: com.secneo.mmb.DexHelper
01-12 01:54:33.882  6351  6351 W System.err: 			at java.lang.Class.classForName(Native Method)
01-12 01:54:33.882  6351  6351 W System.err: 			at java.lang.BootClassLoader.findClass(ClassLoader.java:781)
01-12 01:54:33.882  6351  6351 W System.err: 			at java.lang.BootClassLoader.loadClass(ClassLoader.java:841)
01-12 01:54:33.882  6351  6351 W System.err: 			at java.lang.ClassLoader.loadClass(ClassLoader.java:504)
01-12 01:54:33.882  6351  6351 W System.err: 			... 28 more
01-12 01:54:33.882  6351  6351 W System.err: 		Caused by: java.lang.NoClassDefFoundError: Class not found using the boot class loader; no stack available
01-12 01:54:33.882  6351  6351 W System.err: java.lang.ClassNotFoundException: com.secneo.mmb.Helper
01-12 01:54:33.882  6351  6351 W System.err: 	at java.lang.Class.classForName(Native Method)
01-12 01:54:33.882  6351  6351 W System.err: 	at java.lang.Class.forName(Class.java:309)
01-12 01:54:33.882  6351  6351 W System.err: 	at java.lang.Class.forName(Class.java:273)
01-12 01:54:33.882  6351  6351 W System.err: 	at com.idsky.android.mm.SmsMmPlugin.onApplicationCreate(SourceFile:104)
01-12 01:54:33.882  6351  6351 W System.err: 	at java.lang.reflect.Method.invoke(Native Method)
01-12 01:54:33.882  6351  6351 W System.err: 	at java.lang.reflect.Method.invoke(Method.java:372)
01-12 01:54:33.882  6351  6351 W System.err: 	at com.idsky.android.frame.PaymentPlugin.onApplicationCreate(SourceFile:152)
01-12 01:54:33.882  6351  6351 W System.err: 	at java.lang.reflect.Method.invoke(Native Method)
01-12 01:54:33.882  6351  6351 W System.err: 	at java.lang.reflect.Method.invoke(Method.java:372)
01-12 01:54:33.882  6351  6351 W System.err: 	at com.idsky.android.Idsky.onApplicationCreate(SourceFile:1411)
01-12 01:54:33.882  6351  6351 W System.err: 	at java.lang.reflect.Method.invoke(Native Method)
01-12 01:54:33.882  6351  6351 W System.err: 	at java.lang.reflect.Method.invoke(Method.java:372)
01-12 01:54:33.882  6351  6351 W System.err: 	at com.skynet.android.Skynet.invoke(SourceFile:4217)
01-12 01:54:33.882  6351  6351 W System.err: 	at com.skynet.android.Skynet.onApplicationCreate(SourceFile:3696)
01-12 01:54:33.882  6351  6351 W System.err: 	at com.kiloo.subwaysurf.BaiDuApplication.onCreate(BaiDuApplication.java:11)
01-12 01:54:33.882  6351  6351 W System.err: 	at android.app.Instrumentation.callApplicationOnCreate(Instrumentation.java:1012)
01-12 01:54:33.882  6351  6351 W System.err: 	at android.app.ActivityThread.handleBindApplication(ActivityThread.java:4553)
01-12 01:54:33.882  6351  6351 W System.err: 	at android.app.ActivityThread.access$1500(ActivityThread.java:151)
01-12 01:54:33.882  6351  6351 W System.err: 	at android.app.ActivityThread$H.handleMessage(ActivityThread.java:1364)
01-12 01:54:33.882  6351  6351 W System.err: 	at android.os.Handler.dispatchMessage(Handler.java:102)
01-12 01:54:33.882  6351  6351 W System.err: 	at android.os.Looper.loop(Looper.java:135)
01-12 01:54:33.882  6351  6351 W System.err: 	at android.app.ActivityThread.main(ActivityThread.java:5254)
01-12 01:54:33.882  6351  6351 W System.err: 	at java.lang.reflect.Method.invoke(Native Method)
01-12 01:54:33.882  6351  6351 W System.err: 	at java.lang.reflect.Method.invoke(Method.java:372)
01-12 01:54:33.882  6351  6351 W System.err: 	at com.android.internal.os.ZygoteInit$MethodAndArgsCaller.run(ZygoteInit.java:903)
01-12 01:54:33.882  6351  6351 W System.err: 	at com.android.internal.os.ZygoteInit.main(ZygoteInit.java:698)
01-12 01:54:33.882  6351  6351 W System.err: Caused by: java.lang.ClassNotFoundException: Didn't find class "com.secneo.mmb.Helper" on path: DexPathList[[zip file "/data/app/com.kiloo.subwaysurf-1/base.apk"],nativeLibraryDirectories=[/data/app/com.kiloo.subwaysurf-1/lib/arm, /vendor/lib, /system/lib]]
01-12 01:54:33.883  6351  6351 W System.err: 	at dalvik.system.BaseDexClassLoader.findClass(BaseDexClassLoader.java:56)
01-12 01:54:33.883  6351  6351 W System.err: 	at java.lang.ClassLoader.loadClass(ClassLoader.java:511)
01-12 01:54:33.883  6351  6351 W System.err: 	at java.lang.ClassLoader.loadClass(ClassLoader.java:469)
01-12 01:54:33.883  6351  6351 W System.err: 	... 26 more
01-12 01:54:33.883  6351  6351 W System.err: 	Suppressed: java.lang.ClassNotFoundException: Didn't find class "com.secneo.mmb.Helper" on path: DexPathList[[dex file "/data/data/com.kiloo.subwaysurf/appsdk0_.dex"],nativeLibraryDirectories=[/data/data/com.kiloo.subwaysurf/lib, /vendor/lib, /system/lib]]
01-12 01:54:33.883  6351  6351 W System.err: 		at dalvik.system.BaseDexClassLoader.findClass(BaseDexClassLoader.java:56)
01-12 01:54:33.883  6351  6351 W System.err: 		at java.lang.ClassLoader.loadClass(ClassLoader.java:511)
01-12 01:54:33.883  6351  6351 W System.err: 		at java.lang.ClassLoader.loadClass(ClassLoader.java:504)
01-12 01:54:33.883  6351  6351 W System.err: 		... 27 more
01-12 01:54:33.883  6351  6351 W System.err: 		Suppressed: java.lang.ClassNotFoundException: com.secneo.mmb.Helper
01-12 01:54:33.883  6351  6351 W System.err: 			at java.lang.Class.classForName(Native Method)
01-12 01:54:33.883  6351  6351 W System.err: 			at java.lang.BootClassLoader.findClass(ClassLoader.java:781)
01-12 01:54:33.883  6351  6351 W System.err: 			at java.lang.BootClassLoader.loadClass(ClassLoader.java:841)
01-12 01:54:33.883  6351  6351 W System.err: 			at java.lang.ClassLoader.loadClass(ClassLoader.java:504)
01-12 01:54:33.883  6351  6351 W System.err: 			... 28 more
01-12 01:54:33.883  6351  6351 W System.err: 		Caused by: java.lang.NoClassDefFoundError: Class not found using the boot class loader; no stack available
01-12 01:54:33.883  6351  6351 W System.err: java.lang.ClassNotFoundException: com.secneo.wrapper.DexHelper
01-12 01:54:33.883  6351  6351 W System.err: 	at java.lang.Class.classForName(Native Method)
01-12 01:54:33.883  6351  6351 W System.err: 	at java.lang.Class.forName(Class.java:309)
01-12 01:54:33.883  6351  6351 W System.err: 	at java.lang.Class.forName(Class.java:273)
01-12 01:54:33.883  6351  6351 W System.err: 	at com.idsky.android.mm.SmsMmPlugin.onApplicationCreate(SourceFile:109)
01-12 01:54:33.883  6351  6351 W System.err: 	at java.lang.reflect.Method.invoke(Native Method)
01-12 01:54:33.883  6351  6351 W System.err: 	at java.lang.reflect.Method.invoke(Method.java:372)
01-12 01:54:33.883  6351  6351 W System.err: 	at com.idsky.android.frame.PaymentPlugin.onApplicationCreate(SourceFile:152)
01-12 01:54:33.883  6351  6351 W System.err: 	at java.lang.reflect.Method.invoke(Native Method)
01-12 01:54:33.883  6351  6351 W System.err: 	at java.lang.reflect.Method.invoke(Method.java:372)
01-12 01:54:33.883  6351  6351 W System.err: 	at com.idsky.android.Idsky.onApplicationCreate(SourceFile:1411)
01-12 01:54:33.883  6351  6351 W System.err: 	at java.lang.reflect.Method.invoke(Native Method)
01-12 01:54:33.883  6351  6351 W System.err: 	at java.lang.reflect.Method.invoke(Method.java:372)
01-12 01:54:33.883  6351  6351 W System.err: 	at com.skynet.android.Skynet.invoke(SourceFile:4217)
01-12 01:54:33.883  6351  6351 W System.err: 	at com.skynet.android.Skynet.onApplicationCreate(SourceFile:3696)
01-12 01:54:33.883  6351  6351 W System.err: 	at com.kiloo.subwaysurf.BaiDuApplication.onCreate(BaiDuApplication.java:11)
01-12 01:54:33.884  6351  6351 W System.err: 	at android.app.Instrumentation.callApplicationOnCreate(Instrumentation.java:1012)
01-12 01:54:33.884  6351  6351 W System.err: 	at android.app.ActivityThread.handleBindApplication(ActivityThread.java:4553)
01-12 01:54:33.884  6351  6351 W System.err: 	at android.app.ActivityThread.access$1500(ActivityThread.java:151)
01-12 01:54:33.884  6351  6351 W System.err: 	at android.app.ActivityThread$H.handleMessage(ActivityThread.java:1364)
01-12 01:54:33.884  6351  6351 W System.err: 	at android.os.Handler.dispatchMessage(Handler.java:102)
01-12 01:54:33.884  6351  6351 W System.err: 	at android.os.Looper.loop(Looper.java:135)
01-12 01:54:33.884  6351  6351 W System.err: 	at android.app.ActivityThread.main(ActivityThread.java:5254)
01-12 01:54:33.884  6351  6351 W System.err: 	at java.lang.reflect.Method.invoke(Native Method)
01-12 01:54:33.884  6351  6351 W System.err: 	at java.lang.reflect.Method.invoke(Method.java:372)
01-12 01:54:33.884  6351  6351 W System.err: 	at com.android.internal.os.ZygoteInit$MethodAndArgsCaller.run(ZygoteInit.java:903)
01-12 01:54:33.884  6351  6351 W System.err: 	at com.android.internal.os.ZygoteInit.main(ZygoteInit.java:698)
01-12 01:54:33.884  6351  6351 W System.err: Caused by: java.lang.ClassNotFoundException: Didn't find class "com.secneo.wrapper.DexHelper" on path: DexPathList[[zip file "/data/app/com.kiloo.subwaysurf-1/base.apk"],nativeLibraryDirectories=[/data/app/com.kiloo.subwaysurf-1/lib/arm, /vendor/lib, /system/lib]]
01-12 01:54:33.884  6351  6351 W System.err: 	at dalvik.system.BaseDexClassLoader.findClass(BaseDexClassLoader.java:56)
01-12 01:54:33.884  6351  6351 W System.err: 	at java.lang.ClassLoader.loadClass(ClassLoader.java:511)
01-12 01:54:33.884  6351  6351 W System.err: 	at java.lang.ClassLoader.loadClass(ClassLoader.java:469)
01-12 01:54:33.884  6351  6351 W System.err: 	... 26 more
01-12 01:54:33.884  6351  6351 W System.err: 	Suppressed: java.lang.ClassNotFoundException: Didn't find class "com.secneo.wrapper.DexHelper" on path: DexPathList[[dex file "/data/data/com.kiloo.subwaysurf/appsdk0_.dex"],nativeLibraryDirectories=[/data/data/com.kiloo.subwaysurf/lib, /vendor/lib, /system/lib]]
01-12 01:54:33.884  6351  6351 W System.err: 		at dalvik.system.BaseDexClassLoader.findClass(BaseDexClassLoader.java:56)
01-12 01:54:33.884  6351  6351 W System.err: 		at java.lang.ClassLoader.loadClass(ClassLoader.java:511)
01-12 01:54:33.884  6351  6351 W System.err: 		at java.lang.ClassLoader.loadClass(ClassLoader.java:504)
01-12 01:54:33.884  6351  6351 W System.err: 		... 27 more
01-12 01:54:33.884  6351  6351 W System.err: 		Suppressed: java.lang.ClassNotFoundException: com.secneo.wrapper.DexHelper
01-12 01:54:33.884  6351  6351 W System.err: 			at java.lang.Class.classForName(Native Method)
01-12 01:54:33.884  6351  6351 W System.err: 			at java.lang.BootClassLoader.findClass(ClassLoader.java:781)
01-12 01:54:33.884  6351  6351 W System.err: 			at java.lang.BootClassLoader.loadClass(ClassLoader.java:841)
01-12 01:54:33.884  6351  6351 W System.err: 			at java.lang.ClassLoader.loadClass(ClassLoader.java:504)
01-12 01:54:33.884  6351  6351 W System.err: 			... 28 more
01-12 01:54:33.884  6351  6351 W System.err: 		Caused by: java.lang.NoClassDefFoundError: Class not found using the boot class loader; no stack available
01-12 01:54:33.884  6351  6351 W System.err: java.lang.ClassNotFoundException: com.secneo.wrapper.Helper
01-12 01:54:33.885  6351  6351 W System.err: 	at java.lang.Class.classForName(Native Method)
01-12 01:54:33.885  6351  6351 W System.err: 	at java.lang.Class.forName(Class.java:309)
01-12 01:54:33.885  6351  6351 W System.err: 	at java.lang.Class.forName(Class.java:273)
01-12 01:54:33.885  6351  6351 W System.err: 	at com.idsky.android.mm.SmsMmPlugin.onApplicationCreate(SourceFile:114)
01-12 01:54:33.885  6351  6351 W System.err: 	at java.lang.reflect.Method.invoke(Native Method)
01-12 01:54:33.885  6351  6351 W System.err: 	at java.lang.reflect.Method.invoke(Method.java:372)
01-12 01:54:33.885  6351  6351 W System.err: 	at com.idsky.android.frame.PaymentPlugin.onApplicationCreate(SourceFile:152)
01-12 01:54:33.885  6351  6351 W System.err: 	at java.lang.reflect.Method.invoke(Native Method)
01-12 01:54:33.885  6351  6351 W System.err: 	at java.lang.reflect.Method.invoke(Method.java:372)
01-12 01:54:33.885  6351  6351 W System.err: 	at com.idsky.android.Idsky.onApplicationCreate(SourceFile:1411)
01-12 01:54:33.885  6351  6351 W System.err: 	at java.lang.reflect.Method.invoke(Native Method)
01-12 01:54:33.885  6351  6351 W System.err: 	at java.lang.reflect.Method.invoke(Method.java:372)
01-12 01:54:33.885  6351  6351 W System.err: 	at com.skynet.android.Skynet.invoke(SourceFile:4217)
01-12 01:54:33.885  6351  6351 W System.err: 	at com.skynet.android.Skynet.onApplicationCreate(SourceFile:3696)
01-12 01:54:33.885  6351  6351 W System.err: 	at com.kiloo.subwaysurf.BaiDuApplication.onCreate(BaiDuApplication.java:11)
01-12 01:54:33.885  6351  6351 W System.err: 	at android.app.Instrumentation.callApplicationOnCreate(Instrumentation.java:1012)
01-12 01:54:33.885  6351  6351 W System.err: 	at android.app.ActivityThread.handleBindApplication(ActivityThread.java:4553)
01-12 01:54:33.885  6351  6351 W System.err: 	at android.app.ActivityThread.access$1500(ActivityThread.java:151)
01-12 01:54:33.885  6351  6351 W System.err: 	at android.app.ActivityThread$H.handleMessage(ActivityThread.java:1364)
01-12 01:54:33.885  6351  6351 W System.err: 	at android.os.Handler.dispatchMessage(Handler.java:102)
01-12 01:54:33.885  6351  6351 W System.err: 	at android.os.Looper.loop(Looper.java:135)
01-12 01:54:33.885  6351  6351 W System.err: 	at android.app.ActivityThread.main(ActivityThread.java:5254)
01-12 01:54:33.885  6351  6351 W System.err: 	at java.lang.reflect.Method.invoke(Native Method)
01-12 01:54:33.885  6351  6351 W System.err: 	at java.lang.reflect.Method.invoke(Method.java:372)
01-12 01:54:33.885  6351  6351 W System.err: 	at com.android.internal.os.ZygoteInit$MethodAndArgsCaller.run(ZygoteInit.java:903)
01-12 01:54:33.885  6351  6351 W System.err: 	at com.android.internal.os.ZygoteInit.main(ZygoteInit.java:698)
01-12 01:54:33.885  6351  6351 W System.err: Caused by: java.lang.ClassNotFoundException: Didn't find class "com.secneo.wrapper.Helper" on path: DexPathList[[zip file "/data/app/com.kiloo.subwaysurf-1/base.apk"],nativeLibraryDirectories=[/data/app/com.kiloo.subwaysurf-1/lib/arm, /vendor/lib, /system/lib]]
01-12 01:54:33.885  6351  6351 W System.err: 	at dalvik.system.BaseDexClassLoader.findClass(BaseDexClassLoader.java:56)
01-12 01:54:33.885  6351  6351 W System.err: 	at java.lang.ClassLoader.loadClass(ClassLoader.java:511)
01-12 01:54:33.885  6351  6351 W System.err: 	at java.lang.ClassLoader.loadClass(ClassLoader.java:469)
01-12 01:54:33.885  6351  6351 W System.err: 	... 26 more
01-12 01:54:33.885  6351  6351 W System.err: 	Suppressed: java.lang.ClassNotFoundException: Didn't find class "com.secneo.wrapper.Helper" on path: DexPathList[[dex file "/data/data/com.kiloo.subwaysurf/appsdk0_.dex"],nativeLibraryDirectories=[/data/data/com.kiloo.subwaysurf/lib, /vendor/lib, /system/lib]]
01-12 01:54:33.885  6351  6351 W System.err: 		at dalvik.system.BaseDexClassLoader.findClass(BaseDexClassLoader.java:56)
01-12 01:54:33.885  6351  6351 W System.err: 		at java.lang.ClassLoader.loadClass(ClassLoader.java:511)
01-12 01:54:33.885  6351  6351 W System.err: 		at java.lang.ClassLoader.loadClass(ClassLoader.java:504)
01-12 01:54:33.885  6351  6351 W System.err: 		... 27 more
01-12 01:54:33.885  6351  6351 W System.err: 		Suppressed: java.lang.ClassNotFoundException: com.secneo.wrapper.Helper
01-12 01:54:33.885  6351  6351 W System.err: 			at java.lang.Class.classForName(Native Method)
01-12 01:54:33.885  6351  6351 W System.err: 			at java.lang.BootClassLoader.findClass(ClassLoader.java:781)
01-12 01:54:33.885  6351  6351 W System.err: 			at java.lang.BootClassLoader.loadClass(ClassLoader.java:841)
01-12 01:54:33.885  6351  6351 W System.err: 			at java.lang.ClassLoader.loadClass(ClassLoader.java:504)
01-12 01:54:33.885  6351  6351 W System.err: 			... 28 more
01-12 01:54:33.885  6351  6351 W System.err: 		Caused by: java.lang.NoClassDefFoundError: Class not found using the boot class loader; no stack available
01-12 01:54:33.892  2147  2188 I InputDispatcher: Dropping event because there is no touchable window at (1148, 909).
01-12 01:54:33.898  2147  2486 I ActivityManager: START u0 {flg=0x10000000 cmp=com.kiloo.subwaysurf/.RRAndroidPluginActivity} from uid 10062 on display 0
01-12 01:54:33.899  2147  2486 V WindowManager: addAppToken: AppWindowToken{1d28b22 token=Token{21d2c0ed ActivityRecord{cfc5304 u0 com.kiloo.subwaysurf/.RRAndroidPluginActivity t22}}} to stack=1 task=22 at 1
01-12 01:54:33.899  2147  2486 V WindowManager: Based on layer: Adding window Window{1ef9a2be u0 Starting com.kiloo.subwaysurf} at 6 of 11
01-12 01:54:33.899  2276  2276 V PhoneStatusBar: setLightsOn(true)
01-12 01:54:33.901  6407  6407 W linker  : [vdso]: unused DT entry: type 0x6ffffef5 arg 0xec
01-12 01:54:33.902  6407  6407 E cutils-trace: Error opening trace file: Permission denied (13)
01-12 01:54:33.902  6407  6407 I dex2oat : /system/bin/dex2oat --runtime-arg -classpath --runtime-arg  --instruction-set=x86 --instruction-set-features=default --runtime-arg -Xrelocate --boot-image=/system/framework/boot.art --dex-file=/data/data/com.kiloo.subwaysurf/.ucache/classez.jar --oat-fd=28 --oat-location=/data/data/com.kiloo.subwaysurf/.ucache/classez.dex --runtime-arg -Xms64m --runtime-arg -Xmx512m
01-12 01:54:33.902  2147  3692 D KbdSensor: poll_activate: dev=0x7f102a866680 handle=0 enabled=1
01-12 01:54:33.902  2147  3692 D KbdSensor: poll_setDelay: dev=0x7f102a866680 delay-ns=66667000
01-12 01:54:33.924  2147  3692 I ActivityManager: Config changes=480 {1.0 ?mcc?mnc zh_CN ldltr sw720dp w720dp h1206dp 240dpi lrg long port -touch qwerty/v/v -nav/h s.11}
01-12 01:54:33.924  2147  2147 V ActivityManager: Display changed displayId=0
01-12 01:54:33.925  2147  2189 I InputReader: Reconfiguring input devices.  changes=0x00000004
01-12 01:54:33.954  1874  1903 E Vold    : Failed to find mounted volume for /storage/usb0/Android/obb/com.kiloo.subwaysurf/
01-12 01:54:33.954  6351  6351 W ContextImpl: Failed to ensure directory: /storage/usb0/Android/obb/com.kiloo.subwaysurf
01-12 01:54:33.955  1874  1903 E Vold    : Failed to find mounted volume for /storage/usb2/Android/obb/com.kiloo.subwaysurf/
01-12 01:54:33.955  6351  6351 W ContextImpl: Failed to ensure directory: /storage/usb2/Android/obb/com.kiloo.subwaysurf
01-12 01:54:33.955  1874  1903 E Vold    : Failed to find mounted volume for /storage/usb3/Android/obb/com.kiloo.subwaysurf/
01-12 01:54:33.956  6351  6351 W ContextImpl: Failed to ensure directory: /storage/usb3/Android/obb/com.kiloo.subwaysurf
01-12 01:54:33.956  1874  1903 E Vold    : Failed to find mounted volume for /storage/sdcard1/Android/obb/com.kiloo.subwaysurf/
01-12 01:54:33.956  6351  6351 W ContextImpl: Failed to ensure directory: /storage/sdcard1/Android/obb/com.kiloo.subwaysurf
01-12 01:54:33.956  1874  1903 E Vold    : Failed to find mounted volume for /storage/usb0/Android/data/com.kiloo.subwaysurf/files/
01-12 01:54:33.956  6351  6351 W ContextImpl: Failed to ensure directory: /storage/usb0/Android/data/com.kiloo.subwaysurf/files
01-12 01:54:33.957  1874  1903 E Vold    : Failed to find mounted volume for /storage/usb2/Android/data/com.kiloo.subwaysurf/files/
01-12 01:54:33.957  6351  6351 W ContextImpl: Failed to ensure directory: /storage/usb2/Android/data/com.kiloo.subwaysurf/files
01-12 01:54:33.957  1874  1903 E Vold    : Failed to find mounted volume for /storage/usb3/Android/data/com.kiloo.subwaysurf/files/
01-12 01:54:33.957  6351  6351 W ContextImpl: Failed to ensure directory: /storage/usb3/Android/data/com.kiloo.subwaysurf/files
01-12 01:54:33.957  1874  1903 E Vold    : Failed to find mounted volume for /storage/sdcard1/Android/data/com.kiloo.subwaysurf/files/
01-12 01:54:33.957  6351  6351 W ContextImpl: Failed to ensure directory: /storage/sdcard1/Android/data/com.kiloo.subwaysurf/files
01-12 01:54:33.957  6351  6351 D houdini : [6351] Added shared library /data/app/com.kiloo.subwaysurf-1/lib/arm/libmain.so for ClassLoader by Native Bridge.
01-12 01:54:33.959  6351  6351 D houdini : [6351] Added shared library /data/app/com.kiloo.subwaysurf-1/lib/arm/libmain.so for ClassLoader by Native Bridge.
01-12 01:54:34.008  6351  6351 W ResourceType: Invalid package identifier when getting bag for resource number 0x00000000
01-12 01:54:34.009  6351  6351 D InAppBillingManager: AndroidBilling: Starting billing service
01-12 01:54:34.010  6351  6351 D InAppBillingManager: AndroidBilling: Billing service started
01-12 01:54:34.010  6351  6351 D RRAndroidPluginActivity: AndroidBilling: onCreate called!
01-12 01:54:34.010  6351  6351 W System.err: java.lang.ClassNotFoundException: com.skynet.android.uc.UC
01-12 01:54:34.010  6351  6351 W System.err: 	at java.lang.Class.classForName(Native Method)
01-12 01:54:34.010  6351  6351 W System.err: 	at java.lang.Class.forName(Class.java:309)
01-12 01:54:34.010  6351  6351 W System.err: 	at java.lang.Class.forName(Class.java:273)
01-12 01:54:34.010  6351  6351 W System.err: 	at com.skynet.android.Skynet.invoke(SourceFile:4209)
01-12 01:54:34.010  6351  6351 W System.err: 	at com.skynet.android.Skynet.onActivityCreate(SourceFile:4190)
01-12 01:54:34.010  6351  6351 W System.err: 	at com.kiloo.subwaysurf.RRAndroidPluginActivity.onCreate(RRAndroidPluginActivity.java:119)
01-12 01:54:34.010  6351  6351 W System.err: 	at android.app.Activity.performCreate(Activity.java:5990)
01-12 01:54:34.010  6351  6351 W System.err: 	at android.app.Instrumentation.callActivityOnCreate(Instrumentation.java:1106)
01-12 01:54:34.010  6351  6351 W System.err: 	at android.app.ActivityThread.performLaunchActivity(ActivityThread.java:2278)
01-12 01:54:34.010  6351  6351 W System.err: 	at android.app.ActivityThread.handleLaunchActivity(ActivityThread.java:2387)
01-12 01:54:34.010  6351  6351 W System.err: 	at android.app.ActivityThread.access$800(ActivityThread.java:151)
01-12 01:54:34.010  6351  6351 W System.err: 	at android.app.ActivityThread$H.handleMessage(ActivityThread.java:1303)
01-12 01:54:34.010  6351  6351 W System.err: 	at android.os.Handler.dispatchMessage(Handler.java:102)
01-12 01:54:34.010  6351  6351 W System.err: 	at android.os.Looper.loop(Looper.java:135)
01-12 01:54:34.010  6351  6351 W System.err: 	at android.app.ActivityThread.main(ActivityThread.java:5254)
01-12 01:54:34.010  6351  6351 W System.err: 	at java.lang.reflect.Method.invoke(Native Method)
01-12 01:54:34.010  6351  6351 W System.err: 	at java.lang.reflect.Method.invoke(Method.java:372)
01-12 01:54:34.010  6351  6351 W System.err: 	at com.android.internal.os.ZygoteInit$MethodAndArgsCaller.run(ZygoteInit.java:903)
01-12 01:54:34.010  6351  6351 W System.err: 	at com.android.internal.os.ZygoteInit.main(ZygoteInit.java:698)
01-12 01:54:34.010  6351  6351 W System.err: Caused by: java.lang.ClassNotFoundException: Didn't find class "com.skynet.android.uc.UC" on path: DexPathList[[zip file "/data/app/com.kiloo.subwaysurf-1/base.apk"],nativeLibraryDirectories=[/data/app/com.kiloo.subwaysurf-1/lib/arm, /vendor/lib, /system/lib]]
01-12 01:54:34.010  6351  6351 W System.err: 	at dalvik.system.BaseDexClassLoader.findClass(BaseDexClassLoader.java:56)
01-12 01:54:34.010  6351  6351 W System.err: 	at java.lang.ClassLoader.loadClass(ClassLoader.java:511)
01-12 01:54:34.010  6351  6351 W System.err: 	at java.lang.ClassLoader.loadClass(ClassLoader.java:469)
01-12 01:54:34.010  6351  6351 W System.err: 	... 19 more
01-12 01:54:34.010  6351  6351 W System.err: 	Suppressed: java.lang.ClassNotFoundException: Didn't find class "com.skynet.android.uc.UC" on path: DexPathList[[dex file "/data/data/com.kiloo.subwaysurf/appsdk0_.dex"],nativeLibraryDirectories=[/data/data/com.kiloo.subwaysurf/lib, /vendor/lib, /system/lib]]
01-12 01:54:34.010  6351  6351 W System.err: 		at dalvik.system.BaseDexClassLoader.findClass(BaseDexClassLoader.java:56)
01-12 01:54:34.010  6351  6351 W System.err: 		at java.lang.ClassLoader.loadClass(ClassLoader.java:511)
01-12 01:54:34.010  6351  6351 W System.err: 		at java.lang.ClassLoader.loadClass(ClassLoader.java:504)
01-12 01:54:34.010  6351  6351 W System.err: 		... 20 more
01-12 01:54:34.010  6351  6351 W System.err: 		Suppressed: java.lang.ClassNotFoundException: com.skynet.android.uc.UC
01-12 01:54:34.011  6351  6351 W System.err: 			at java.lang.Class.classForName(Native Method)
01-12 01:54:34.011  6351  6351 W System.err: 			at java.lang.BootClassLoader.findClass(ClassLoader.java:781)
01-12 01:54:34.011  6351  6351 W System.err: 			at java.lang.BootClassLoader.loadClass(ClassLoader.java:841)
01-12 01:54:34.011  6351  6351 W System.err: 			at java.lang.ClassLoader.loadClass(ClassLoader.java:504)
01-12 01:54:34.011  6351  6351 W System.err: 			... 21 more
01-12 01:54:34.011  6351  6351 W System.err: 		Caused by: java.lang.NoClassDefFoundError: Class not found using the boot class loader; no stack available
01-12 01:54:34.011  6351  6351 D Msdk    : msdk no found.
01-12 01:54:34.036  6351  6425 D OpenGLRenderer: Use EGL_SWAP_BEHAVIOR_PRESERVED: true
01-12 01:54:34.036  2147  2446 V WindowManager: Adding window Window{2ef020a5 u0 com.kiloo.subwaysurf/com.kiloo.subwaysurf.RRAndroidPluginActivity} at 6 of 12 (before Window{1ef9a2be u0 Starting com.kiloo.subwaysurf})
01-12 01:54:34.244  6252  6299 E SQLiteDatabase: Failed to open database '/data/data/com.tencent.mobileqq/databases/eup_db'.
01-12 01:54:34.244  6252  6299 E SQLiteDatabase: android.database.sqlite.SQLiteException: Failed to change locale for db '/data/data/com.tencent.mobileqq/databases/eup_db' to 'zh_CN'.
01-12 01:54:34.244  6252  6299 E SQLiteDatabase: 	at android.database.sqlite.SQLiteConnection.setLocaleFromConfiguration(SQLiteConnection.java:393)
01-12 01:54:34.244  6252  6299 E SQLiteDatabase: 	at android.database.sqlite.SQLiteConnection.open(SQLiteConnection.java:218)
01-12 01:54:34.244  6252  6299 E SQLiteDatabase: 	at android.database.sqlite.SQLiteConnection.open(SQLiteConnection.java:193)
01-12 01:54:34.244  6252  6299 E SQLiteDatabase: 	at android.database.sqlite.SQLiteConnectionPool.openConnectionLocked(SQLiteConnectionPool.java:463)
01-12 01:54:34.244  6252  6299 E SQLiteDatabase: 	at android.database.sqlite.SQLiteConnectionPool.open(SQLiteConnectionPool.java:185)
01-12 01:54:34.244  6252  6299 E SQLiteDatabase: 	at android.database.sqlite.SQLiteConnectionPool.open(SQLiteConnectionPool.java:177)
01-12 01:54:34.244  6252  6299 E SQLiteDatabase: 	at android.database.sqlite.SQLiteDatabase.openInner(SQLiteDatabase.java:806)
01-12 01:54:34.244  6252  6299 E SQLiteDatabase: 	at android.database.sqlite.SQLiteDatabase.open(SQLiteDatabase.java:791)
01-12 01:54:34.244  6252  6299 E SQLiteDatabase: 	at android.database.sqlite.SQLiteDatabase.openDatabase(SQLiteDatabase.java:694)
01-12 01:54:34.244  6252  6299 E SQLiteDatabase: 	at android.app.ContextImpl.openOrCreateDatabase(ContextImpl.java:1148)
01-12 01:54:34.244  6252  6299 E SQLiteDatabase: 	at android.content.ContextWrapper.openOrCreateDatabase(ContextWrapper.java:268)
01-12 01:54:34.244  6252  6299 E SQLiteDatabase: 	at android.database.sqlite.SQLiteOpenHelper.getDatabaseLocked(SQLiteOpenHelper.java:223)
01-12 01:54:34.244  6252  6299 E SQLiteDatabase: 	at android.database.sqlite.SQLiteOpenHelper.getWritableDatabase(SQLiteOpenHelper.java:163)
01-12 01:54:34.244  6252  6299 E SQLiteDatabase: 	at com.tencent.feedback.proguard.n.getWritableDatabase(RQDSRC:198)
01-12 01:54:34.244  6252  6299 E SQLiteDatabase: 	at com.tencent.feedback.proguard.l.a(RQDSRC:71)
01-12 01:54:34.244  6252  6299 E SQLiteDatabase: 	at com.tencent.feedback.proguard.a.a(RQDSRC:56)
01-12 01:54:34.244  6252  6299 E SQLiteDatabase: 	at com.tencent.feedback.proguard.y.a(RQDSRC:244)
01-12 01:54:34.244  6252  6299 E SQLiteDatabase: 	at com.tencent.feedback.proguard.y.i(RQDSRC:212)
01-12 01:54:34.244  6252  6299 E SQLiteDatabase: 	at com.tencent.feedback.proguard.y.run(RQDSRC:460)
01-12 01:54:34.244  6252  6299 E SQLiteDatabase: 	at java.util.concurrent.Executors$RunnableAdapter.call(Executors.java:422)
01-12 01:54:34.244  6252  6299 E SQLiteDatabase: 	at java.util.concurrent.FutureTask.run(FutureTask.java:237)
01-12 01:54:34.244  6252  6299 E SQLiteDatabase: 	at java.util.concurrent.ScheduledThreadPoolExecutor$ScheduledFutureTask.access$201(ScheduledThreadPoolExecutor.java:152)
01-12 01:54:34.244  6252  6299 E SQLiteDatabase: 	at java.util.concurrent.ScheduledThreadPoolExecutor$ScheduledFutureTask.run(ScheduledThreadPoolExecutor.java:265)
01-12 01:54:34.244  6252  6299 E SQLiteDatabase: 	at java.util.concurrent.ThreadPoolExecutor.runWorker(ThreadPoolExecutor.java:1112)
01-12 01:54:34.244  6252  6299 E SQLiteDatabase: 	at java.util.concurrent.ThreadPoolExecutor$Worker.run(ThreadPoolExecutor.java:587)
01-12 01:54:34.244  6252  6299 E SQLiteDatabase: 	at java.lang.Thread.run(Thread.java:818)
01-12 01:54:34.244  6252  6299 E SQLiteDatabase: Caused by: android.database.sqlite.SQLiteDatabaseLockedException: database is locked (code 5)
01-12 01:54:34.244  6252  6299 E SQLiteDatabase: 	at android.database.sqlite.SQLiteConnection.nativeExecuteForString(Native Method)
01-12 01:54:34.244  6252  6299 E SQLiteDatabase: 	at android.database.sqlite.SQLiteConnection.executeForString(SQLiteConnection.java:641)
01-12 01:54:34.244  6252  6299 E SQLiteDatabase: 	at android.database.sqlite.SQLiteConnection.setLocaleFromConfiguration(SQLiteConnection.java:374)
01-12 01:54:34.244  6252  6299 E SQLiteDatabase: 	... 25 more
01-12 01:54:34.244  6252  6296 E SQLiteDatabase: Failed to open database '/data/data/com.tencent.mobileqq/databases/eup_db'.
01-12 01:54:34.244  6252  6296 E SQLiteDatabase: android.database.sqlite.SQLiteException: Failed to change locale for db '/data/data/com.tencent.mobileqq/databases/eup_db' to 'zh_CN'.
01-12 01:54:34.244  6252  6296 E SQLiteDatabase: 	at android.database.sqlite.SQLiteConnection.setLocaleFromConfiguration(SQLiteConnection.java:393)
01-12 01:54:34.244  6252  6296 E SQLiteDatabase: 	at android.database.sqlite.SQLiteConnection.open(SQLiteConnection.java:218)
01-12 01:54:34.244  6252  6296 E SQLiteDatabase: 	at android.database.sqlite.SQLiteConnection.open(SQLiteConnection.java:193)
01-12 01:54:34.244  6252  6296 E SQLiteDatabase: 	at android.database.sqlite.SQLiteConnectionPool.openConnectionLocked(SQLiteConnectionPool.java:463)
01-12 01:54:34.244  6252  6296 E SQLiteDatabase: 	at android.database.sqlite.SQLiteConnectionPool.open(SQLiteConnectionPool.java:185)
01-12 01:54:34.244  6252  6296 E SQLiteDatabase: 	at android.database.sqlite.SQLiteConnectionPool.open(SQLiteConnectionPool.java:177)
01-12 01:54:34.244  6252  6296 E SQLiteDatabase: 	at android.database.sqlite.SQLiteDatabase.openInner(SQLiteDatabase.java:806)
01-12 01:54:34.244  6252  6296 E SQLiteDatabase: 	at android.database.sqlite.SQLiteDatabase.open(SQLiteDatabase.java:791)
01-12 01:54:34.244  6252  6296 E SQLiteDatabase: 	at android.database.sqlite.SQLiteDatabase.openDatabase(SQLiteDatabase.java:694)
01-12 01:54:34.244  6252  6296 E SQLiteDatabase: 	at android.app.ContextImpl.openOrCreateDatabase(ContextImpl.java:1148)
01-12 01:54:34.244  6252  6296 E SQLiteDatabase: 	at android.content.ContextWrapper.openOrCreateDatabase(ContextWrapper.java:268)
01-12 01:54:34.244  6252  6296 E SQLiteDatabase: 	at android.database.sqlite.SQLiteOpenHelper.getDatabaseLocked(SQLiteOpenHelper.java:223)
01-12 01:54:34.244  6252  6296 E SQLiteDatabase: 	at android.database.sqlite.SQLiteOpenHelper.getWritableDatabase(SQLiteOpenHelper.java:163)
01-12 01:54:34.244  6252  6296 E SQLiteDatabase: 	at com.tencent.feedback.proguard.n.getWritableDatabase(RQDSRC:198)
01-12 01:54:34.244  6252  6296 E SQLiteDatabase: 	at com.tencent.feedback.proguard.l.a(RQDSRC:754)
01-12 01:54:34.244  6252  6296 E SQLiteDatabase: 	at com.tencent.feedback.eup.b.a(RQDSRC:328)
01-12 01:54:34.244  6252  6296 E SQLiteDatabase: 	at com.tencent.feedback.eup.g.a(RQDSRC:583)
01-12 01:54:34.244  6252  6296 E SQLiteDatabase: 	at com.tencent.feedback.eup.b.a(RQDSRC:323)
01-12 01:54:34.244  6252  6296 E SQLiteDatabase: 	at com.tencent.feedback.eup.f.g(RQDSRC:567)
01-12 01:54:34.244  6252  6296 E SQLiteDatabase: 	at com.tencent.feedback.common.i.e(RQDSRC:271)
01-12 01:54:34.244  6252  6296 E SQLiteDatabase: 	at com.tencent.feedback.eup.f.e(RQDSRC:636)
01-12 01:54:34.244  6252  6296 E SQLiteDatabase: 	at com.tencent.feedback.proguard.u.run(RQDSRC:350)
01-12 01:54:34.244  6252  6296 E SQLiteDatabase: 	at java.util.concurrent.Executors$RunnableAdapter.call(Executors.java:422)
01-12 01:54:34.244  6252  6296 E SQLiteDatabase: 	at java.util.concurrent.FutureTask.run(FutureTask.java:237)
01-12 01:54:34.244  6252  6296 E SQLiteDatabase: 	at java.util.concurrent.ScheduledThreadPoolExecutor$ScheduledFutureTask.access$201(ScheduledThreadPoolExecutor.java:152)
01-12 01:54:34.244  6252  6296 E SQLiteDatabase: 	at java.util.concurrent.ScheduledThreadPoolExecutor$ScheduledFutureTask.run(ScheduledThreadPoolExecutor.java:265)
01-12 01:54:34.244  6252  6296 E SQLiteDatabase: 	at java.util.concurrent.ThreadPoolExecutor.runWorker(ThreadPoolExecutor.java:1112)
01-12 01:54:34.244  6252  6296 E SQLiteDatabase: 	at java.util.concurrent.ThreadPoolExecutor$Worker.run(ThreadPoolExecutor.java:587)
01-12 01:54:34.244  6252  6296 E SQLiteDatabase: 	at java.lang.Thread.run(Thread.java:818)
01-12 01:54:34.244  6252  6296 E SQLiteDatabase: Caused by: android.database.sqlite.SQLiteDatabaseLockedException: database is locked (code 5)
01-12 01:54:34.244  6252  6296 E SQLiteDatabase: 	at android.database.sqlite.SQLiteConnection.nativeExecute(Native Method)
01-12 01:54:34.244  6252  6296 E SQLiteDatabase: 	at android.database.sqlite.SQLiteConnection.execute(SQLiteConnection.java:555)
01-12 01:54:34.244  6252  6296 E SQLiteDatabase: 	at android.database.sqlite.SQLiteConnection.setLocaleFromConfiguration(SQLiteConnection.java:371)
01-12 01:54:34.244  6252  6296 E SQLiteDatabase: 	... 28 more
01-12 01:54:34.272  6407  6407 I dex2oat : dex2oat took 369.917ms (threads: 8) arena alloc=108KB java alloc=2MB native alloc=7MB free=8MB
01-12 01:54:34.306  6351  6403 E unipaysdk_2.3.0: UnipaySDK ERR:724  none error
01-12 01:54:34.424  6351  6429 D statsdk : MoUtil.readBinary
01-12 01:54:34.424  6351  6429 D statsdk : java.io.FileNotFoundException: /data/data/com.kiloo.subwaysurf/files/2cb6687eb5game__local_stat_cache.json: open failed: ENOENT (No such file or directory)
01-12 01:54:34.424  6351  6429 D statsdk : 	at libcore.io.IoBridge.open(IoBridge.java:456)
01-12 01:54:34.424  6351  6429 D statsdk : 	at java.io.FileInputStream.<init>(FileInputStream.java:76)
01-12 01:54:34.424  6351  6429 D statsdk : 	at android.app.ContextImpl.openFileInput(ContextImpl.java:961)
01-12 01:54:34.424  6351  6429 D statsdk : 	at android.content.ContextWrapper.openFileInput(ContextWrapper.java:176)
01-12 01:54:34.424  6351  6429 D statsdk : 	at com.baidu.mtjstatsdk.b.c.b(Unknown Source)
01-12 01:54:34.424  6351  6429 D statsdk : 	at com.baidu.mtjstatsdk.b.c.a(Unknown Source)
01-12 01:54:34.424  6351  6429 D statsdk : 	at com.baidu.mtjstatsdk.b.c.a(Unknown Source)
01-12 01:54:34.424  6351  6429 D statsdk : 	at com.baidu.mtjstatsdk.game.BDGameDataCore.readLogFromFileJSONArray(Unknown Source)
01-12 01:54:34.424  6351  6429 D statsdk : 	at com.baidu.mtjstatsdk.game.BDGameDataCore.readLogFromFileDataCoreHash(Unknown Source)
01-12 01:54:34.424  6351  6429 D statsdk : 	at com.baidu.mtjstatsdk.g.run(Unknown Source)
01-12 01:54:34.424  6351  6429 D statsdk : Caused by: android.system.ErrnoException: open failed: ENOENT (No such file or directory)
01-12 01:54:34.424  6351  6429 D statsdk : 	at libcore.io.Posix.open(Native Method)
01-12 01:54:34.424  6351  6429 D statsdk : 	at libcore.io.BlockGuardOs.open(BlockGuardOs.java:186)
01-12 01:54:34.424  6351  6429 D statsdk : 	at libcore.io.IoBridge.open(IoBridge.java:442)
01-12 01:54:34.424  6351  6429 D statsdk : 	... 9 more
01-12 01:54:34.428  6351  6351 I BDGame  : The telephone number cannot be found.
01-12 01:54:34.429  2147  2214 D WifiService: New client listening to asynchronous messages
01-12 01:54:34.441  6351  6351 W System.err: java.lang.ClassNotFoundException: com.xiaomi.gamecenter.sdk.MiCommplatform
01-12 01:54:34.441  6351  6351 W System.err: 	at java.lang.Class.classForName(Native Method)
01-12 01:54:34.441  6351  6351 W System.err: 	at java.lang.Class.forName(Class.java:309)
01-12 01:54:34.441  6351  6351 W System.err: 	at com.skynet.android.xiaomi.Xiaomi.isEnable(SourceFile:50)
01-12 01:54:34.441  6351  6351 W System.err: 	at com.skynet.android.xiaomi.Xiaomi.onCreate(SourceFile:30)
01-12 01:54:34.441  6351  6351 W System.err: 	at java.lang.reflect.Method.invoke(Native Method)
01-12 01:54:34.441  6351  6351 W System.err: 	at java.lang.reflect.Method.invoke(Method.java:372)
01-12 01:54:34.441  6351  6351 W System.err: 	at com.skynet.android.Skynet.invoke(SourceFile:4217)
01-12 01:54:34.441  6351  6351 W System.err: 	at com.skynet.android.Skynet.onActivityCreate(SourceFile:4196)
01-12 01:54:34.441  6351  6351 W System.err: 	at com.kiloo.subwaysurf.RRAndroidPluginActivity.onCreate(RRAndroidPluginActivity.java:119)
01-12 01:54:34.441  6351  6351 W System.err: 	at android.app.Activity.performCreate(Activity.java:5990)
