01-12 01:54:34.441  6351  6351 W System.err: 	at android.app.Instrumentation.callActivityOnCreate(Instrumentation.java:1106)
01-12 01:54:34.441  6351  6351 W System.err: 	at android.app.ActivityThread.performLaunchActivity(ActivityThread.java:2278)
01-12 01:54:34.441  6351  6351 W System.err: 	at android.app.ActivityThread.handleLaunchActivity(ActivityThread.java:2387)
01-12 01:54:34.441  6351  6351 W System.err: 	at android.app.ActivityThread.access$800(ActivityThread.java:151)
01-12 01:54:34.441  6351  6351 W System.err: 	at android.app.ActivityThread$H.handleMessage(ActivityThread.java:1303)
01-12 01:54:34.441  6351  6351 W System.err: 	at android.os.Handler.dispatchMessage(Handler.java:102)
01-12 01:54:34.441  6351  6351 W System.err: 	at android.os.Looper.loop(Looper.java:135)
01-12 01:54:34.441  6351  6351 W System.err: 	at android.app.ActivityThread.main(ActivityThread.java:5254)
01-12 01:54:34.441  6351  6351 W System.err: 	at java.lang.reflect.Method.invoke(Native Method)
01-12 01:54:34.441  6351  6351 W System.err: 	at java.lang.reflect.Method.invoke(Method.java:372)
01-12 01:54:34.441  6351  6351 W System.err: 	at com.android.internal.os.ZygoteInit$MethodAndArgsCaller.run(ZygoteInit.java:903)
01-12 01:54:34.441  6351  6351 W System.err: 	at com.android.internal.os.ZygoteInit.main(ZygoteInit.java:698)
01-12 01:54:34.441  6351  6351 W System.err: Caused by: java.lang.ClassNotFoundException: Didn't find class "com.xiaomi.gamecenter.sdk.MiCommplatform" on path: DexPathList[[zip file "/data/app/com.kiloo.subwaysurf-1/base.apk"],nativeLibraryDirectories=[/data/app/com.kiloo.subwaysurf-1/lib/arm, /vendor/lib, /system/lib]]
01-12 01:54:34.441  6351  6351 W System.err: 	at dalvik.system.BaseDexClassLoader.findClass(BaseDexClassLoader.java:56)
01-12 01:54:34.441  6351  6351 W System.err: 	at java.lang.ClassLoader.loadClass(ClassLoader.java:511)
01-12 01:54:34.441  6351  6351 W System.err: 	at java.lang.ClassLoader.loadClass(ClassLoader.java:469)
01-12 01:54:34.441  6351  6351 W System.err: 	... 22 more
01-12 01:54:34.441  6351  6351 W System.err: 	Suppressed: java.lang.ClassNotFoundException: Didn't find class "com.xiaomi.gamecenter.sdk.MiCommplatform" on path: DexPathList[[dex file "/data/data/com.kiloo.subwaysurf/appsdk0_.dex"],nativeLibraryDirectories=[/data/data/com.kiloo.subwaysurf/lib, /vendor/lib, /system/lib]]
01-12 01:54:34.442  6351  6351 W System.err: 		at dalvik.system.BaseDexClassLoader.findClass(BaseDexClassLoader.java:56)
01-12 01:54:34.442  6351  6351 W System.err: 		at java.lang.ClassLoader.loadClass(ClassLoader.java:511)
01-12 01:54:34.442  6351  6351 W System.err: 		at java.lang.ClassLoader.loadClass(ClassLoader.java:504)
01-12 01:54:34.442  6351  6351 W System.err: 		... 23 more
01-12 01:54:34.442  6351  6351 W System.err: 		Suppressed: java.lang.ClassNotFoundException: com.xiaomi.gamecenter.sdk.MiCommplatform
01-12 01:54:34.442  6351  6351 W System.err: 			at java.lang.Class.classForName(Native Method)
01-12 01:54:34.442  6351  6351 W System.err: 			at java.lang.BootClassLoader.findClass(ClassLoader.java:781)
01-12 01:54:34.442  6351  6351 W System.err: 			at java.lang.BootClassLoader.loadClass(ClassLoader.java:841)
01-12 01:54:34.442  6351  6351 W System.err: 			at java.lang.ClassLoader.loadClass(ClassLoader.java:504)
01-12 01:54:34.442  6351  6351 W System.err: 			... 24 more
01-12 01:54:34.442  6351  6351 W System.err: 		Caused by: java.lang.NoClassDefFoundError: Class not found using the boot class loader; no stack available
01-12 01:54:34.442  2425  2444 E PhoneInterfaceManager: [PhoneIntfMgr] checkCarrierPrivilegesForPackage: No UICC
01-12 01:54:34.442  2425  2444 E DatabaseUtils: Writing exception to parcel
01-12 01:54:34.442  2425  2444 E DatabaseUtils: java.lang.SecurityException: No permission to write APN settings
01-12 01:54:34.442  2425  2444 E DatabaseUtils: 	at com.android.providers.telephony.TelephonyProvider.checkPermission(TelephonyProvider.java:1180)
01-12 01:54:34.442  2425  2444 E DatabaseUtils: 	at com.android.providers.telephony.TelephonyProvider.query(TelephonyProvider.java:764)
01-12 01:54:34.442  2425  2444 E DatabaseUtils: 	at android.content.ContentProvider.query(ContentProvider.java:966)
01-12 01:54:34.442  2425  2444 E DatabaseUtils: 	at android.content.ContentProvider$Transport.query(ContentProvider.java:211)
01-12 01:54:34.442  2425  2444 E DatabaseUtils: 	at android.content.ContentProviderNative.onTransact(ContentProviderNative.java:112)
01-12 01:54:34.442  2425  2444 E DatabaseUtils: 	at android.os.Binder.execTransact(Binder.java:446)
01-12 01:54:34.443  6351  6351 W System.err: java.lang.ClassNotFoundException: cn.m4399.operate.SingleOperateCenter
01-12 01:54:34.443  6351  6351 W System.err: 	at java.lang.Class.classForName(Native Method)
01-12 01:54:34.443  6351  6351 W System.err: 	at java.lang.Class.forName(Class.java:309)
01-12 01:54:34.443  6351  6351 W System.err: 	at com.skynet.android.ffnn.Ftnn.isEnabled(SourceFile:29)
01-12 01:54:34.443  6351  6351 W System.err: 	at com.skynet.android.ffnn.Ftnn.onCreate(SourceFile:18)
01-12 01:54:34.443  6351  6351 W System.err: 	at java.lang.reflect.Method.invoke(Native Method)
01-12 01:54:34.443  6351  6351 W System.err: 	at java.lang.reflect.Method.invoke(Method.java:372)
01-12 01:54:34.443  6351  6351 W System.err: 	at com.skynet.android.Skynet.invoke(SourceFile:4217)
01-12 01:54:34.443  6351  6351 W System.err: 	at com.skynet.android.Skynet.onActivityCreate(SourceFile:4198)
01-12 01:54:34.443  6351  6351 W System.err: 	at com.kiloo.subwaysurf.RRAndroidPluginActivity.onCreate(RRAndroidPluginActivity.java:119)
01-12 01:54:34.443  6351  6351 W System.err: 	at android.app.Activity.performCreate(Activity.java:5990)
01-12 01:54:34.443  6351  6351 W System.err: 	at android.app.Instrumentation.callActivityOnCreate(Instrumentation.java:1106)
01-12 01:54:34.443  6351  6351 W System.err: 	at android.app.ActivityThread.performLaunchActivity(ActivityThread.java:2278)
01-12 01:54:34.443  6351  6351 W System.err: 	at android.app.ActivityThread.handleLaunchActivity(ActivityThread.java:2387)
01-12 01:54:34.443  6351  6351 W System.err: 	at android.app.ActivityThread.access$800(ActivityThread.java:151)
01-12 01:54:34.443  6351  6351 W System.err: 	at android.app.ActivityThread$H.handleMessage(ActivityThread.java:1303)
01-12 01:54:34.443  6351  6351 W System.err: 	at android.os.Handler.dispatchMessage(Handler.java:102)
01-12 01:54:34.443  6351  6351 W System.err: 	at android.os.Looper.loop(Looper.java:135)
01-12 01:54:34.443  6351  6351 W System.err: 	at android.app.ActivityThread.main(ActivityThread.java:5254)
01-12 01:54:34.443  6351  6351 W System.err: 	at java.lang.reflect.Method.invoke(Native Method)
01-12 01:54:34.443  6351  6351 W System.err: 	at java.lang.reflect.Method.invoke(Method.java:372)
01-12 01:54:34.443  6351  6351 W System.err: 	at com.android.internal.os.ZygoteInit$MethodAndArgsCaller.run(ZygoteInit.java:903)
01-12 01:54:34.443  6351  6351 W System.err: 	at com.android.internal.os.ZygoteInit.main(ZygoteInit.java:698)
01-12 01:54:34.443  6351  6351 W System.err: Caused by: java.lang.ClassNotFoundException: Didn't find class "cn.m4399.operate.SingleOperateCenter" on path: DexPathList[[zip file "/data/app/com.kiloo.subwaysurf-1/base.apk"],nativeLibraryDirectories=[/data/app/com.kiloo.subwaysurf-1/lib/arm, /vendor/lib, /system/lib]]
01-12 01:54:34.443  6351  6351 W System.err: 	at dalvik.system.BaseDexClassLoader.findClass(BaseDexClassLoader.java:56)
01-12 01:54:34.443  6351  6351 W System.err: 	at java.lang.ClassLoader.loadClass(ClassLoader.java:511)
01-12 01:54:34.443  6351  6351 W System.err: 	at java.lang.ClassLoader.loadClass(ClassLoader.java:469)
01-12 01:54:34.443  6351  6351 W System.err: 	... 22 more
01-12 01:54:34.443  6351  6351 W System.err: 	Suppressed: java.lang.ClassNotFoundException: Didn't find class "cn.m4399.operate.SingleOperateCenter" on path: DexPathList[[dex file "/data/data/com.kiloo.subwaysurf/appsdk0_.dex"],nativeLibraryDirectories=[/data/data/com.kiloo.subwaysurf/lib, /vendor/lib, /system/lib]]
01-12 01:54:34.444  6351  6351 W System.err: 		at dalvik.system.BaseDexClassLoader.findClass(BaseDexClassLoader.java:56)
01-12 01:54:34.444  6351  6351 W System.err: 		at java.lang.ClassLoader.loadClass(ClassLoader.java:511)
01-12 01:54:34.444  6351  6351 W System.err: 		at java.lang.ClassLoader.loadClass(ClassLoader.java:504)
01-12 01:54:34.444  6351  6351 W System.err: 		... 23 more
01-12 01:54:34.444  6351  6351 W System.err: 		Suppressed: java.lang.ClassNotFoundException: cn.m4399.operate.SingleOperateCenter
01-12 01:54:34.444  6351  6351 W System.err: 			at java.lang.Class.classForName(Native Method)
01-12 01:54:34.444  6351  6351 W System.err: 			at java.lang.BootClassLoader.findClass(ClassLoader.java:781)
01-12 01:54:34.444  6351  6351 W System.err: 			at java.lang.BootClassLoader.loadClass(ClassLoader.java:841)
01-12 01:54:34.444  6351  6351 W System.err: 			at java.lang.ClassLoader.loadClass(ClassLoader.java:504)
01-12 01:54:34.444  6351  6351 W System.err: 			... 24 more
01-12 01:54:34.444  6351  6351 W System.err: 		Caused by: java.lang.NoClassDefFoundError: Class not found using the boot class loader; no stack available
01-12 01:54:34.448  6351  6351 I art     : Rejecting re-init on previously-failed class java.lang.Class<com.skynet.android.anzhi.a>
01-12 01:54:34.448  6351  6351 W System.err: java.lang.reflect.InvocationTargetException
01-12 01:54:34.448  6351  6351 W System.err: 	at java.lang.reflect.Method.invoke(Native Method)
01-12 01:54:34.448  6351  6351 W System.err: 	at java.lang.reflect.Method.invoke(Method.java:372)
01-12 01:54:34.448  6351  6351 W System.err: 	at com.skynet.android.Skynet.invoke(SourceFile:4217)
01-12 01:54:34.448  6351  6351 W System.err: 	at com.skynet.android.Skynet.onActivityCreate(SourceFile:4202)
01-12 01:54:34.449  6351  6351 W System.err: 	at com.kiloo.subwaysurf.RRAndroidPluginActivity.onCreate(RRAndroidPluginActivity.java:119)
01-12 01:54:34.449  6351  6351 W System.err: 	at android.app.Activity.performCreate(Activity.java:5990)
01-12 01:54:34.449  6351  6351 W System.err: 	at android.app.Instrumentation.callActivityOnCreate(Instrumentation.java:1106)
01-12 01:54:34.449  6351  6351 W System.err: 	at android.app.ActivityThread.performLaunchActivity(ActivityThread.java:2278)
01-12 01:54:34.449  6351  6351 W System.err: 	at android.app.ActivityThread.handleLaunchActivity(ActivityThread.java:2387)
01-12 01:54:34.449  6351  6351 W System.err: 	at android.app.ActivityThread.access$800(ActivityThread.java:151)
01-12 01:54:34.449  6351  6351 W System.err: 	at android.app.ActivityThread$H.handleMessage(ActivityThread.java:1303)
01-12 01:54:34.449  6351  6351 W System.err: 	at android.os.Handler.dispatchMessage(Handler.java:102)
01-12 01:54:34.449  6351  6351 W System.err: 	at android.os.Looper.loop(Looper.java:135)
01-12 01:54:34.449  6351  6351 W System.err: 	at android.app.ActivityThread.main(ActivityThread.java:5254)
01-12 01:54:34.449  6351  6351 W System.err: 	at java.lang.reflect.Method.invoke(Native Method)
01-12 01:54:34.449  6351  6351 W System.err: 	at java.lang.reflect.Method.invoke(Method.java:372)
01-12 01:54:34.449  6351  6351 W System.err: 	at com.android.internal.os.ZygoteInit$MethodAndArgsCaller.run(ZygoteInit.java:903)
01-12 01:54:34.449  6351  6351 W System.err: 	at com.android.internal.os.ZygoteInit.main(ZygoteInit.java:698)
01-12 01:54:34.449  6351  6351 W System.err: Caused by: java.lang.NoClassDefFoundError: com.skynet.android.anzhi.a
01-12 01:54:34.449  6351  6351 W System.err: 	at com.skynet.android.anzhi.AnZhiPay.<clinit>(SourceFile:41)
01-12 01:54:34.449  6351  6351 W System.err: 	at com.skynet.android.anzhi.AnZhi.onCreate(SourceFile:11)
01-12 01:54:34.449  6351  6351 W System.err: 	... 18 more
01-12 01:54:34.449  6351  6351 I SkynetApi: onResume:com.kiloo.subwaysurf.RRAndroidPluginActivity@29633c3e
01-12 01:54:34.452  6351  6351 D Msdk    : msdk no found.
01-12 01:54:34.452  6351  6351 W System.err: java.lang.ClassNotFoundException: com.skynet.android.uc.UC
01-12 01:54:34.452  6351  6351 W System.err: 	at java.lang.Class.classForName(Native Method)
01-12 01:54:34.452  6351  6351 W System.err: 	at java.lang.Class.forName(Class.java:309)
01-12 01:54:34.452  6351  6351 W System.err: 	at java.lang.Class.forName(Class.java:273)
01-12 01:54:34.452  6351  6351 W System.err: 	at com.skynet.android.Skynet.invoke(SourceFile:4209)
01-12 01:54:34.452  6351  6351 W System.err: 	at com.skynet.android.Skynet.onResume(SourceFile:4286)
01-12 01:54:34.452  6351  6351 W System.err: 	at com.kiloo.subwaysurf.RRAndroidPluginActivity.onResume(RRAndroidPluginActivity.java:2184)
01-12 01:54:34.452  6351  6351 W System.err: 	at android.app.Instrumentation.callActivityOnResume(Instrumentation.java:1257)
01-12 01:54:34.452  6351  6351 W System.err: 	at android.app.Activity.performResume(Activity.java:6076)
01-12 01:54:34.452  6351  6351 W System.err: 	at android.app.ActivityThread.performResumeActivity(ActivityThread.java:2975)
01-12 01:54:34.452  6351  6351 W System.err: 	at android.app.ActivityThread.handleResumeActivity(ActivityThread.java:3017)
01-12 01:54:34.452  6351  6351 W System.err: 	at android.app.ActivityThread.handleLaunchActivity(ActivityThread.java:2392)
01-12 01:54:34.452  6351  6351 W System.err: 	at android.app.ActivityThread.access$800(ActivityThread.java:151)
01-12 01:54:34.452  6351  6351 W System.err: 	at android.app.ActivityThread$H.handleMessage(ActivityThread.java:1303)
01-12 01:54:34.452  6351  6351 W System.err: 	at android.os.Handler.dispatchMessage(Handler.java:102)
01-12 01:54:34.452  6351  6351 W System.err: 	at android.os.Looper.loop(Looper.java:135)
01-12 01:54:34.452  6351  6351 W System.err: 	at android.app.ActivityThread.main(ActivityThread.java:5254)
01-12 01:54:34.452  6351  6351 W System.err: 	at java.lang.reflect.Method.invoke(Native Method)
01-12 01:54:34.452  6351  6351 W System.err: 	at java.lang.reflect.Method.invoke(Method.java:372)
01-12 01:54:34.452  6351  6351 W System.err: 	at com.android.internal.os.ZygoteInit$MethodAndArgsCaller.run(ZygoteInit.java:903)
01-12 01:54:34.452  6351  6351 W System.err: 	at com.android.internal.os.ZygoteInit.main(ZygoteInit.java:698)
01-12 01:54:34.452  6351  6351 W System.err: Caused by: java.lang.ClassNotFoundException: Didn't find class "com.skynet.android.uc.UC" on path: DexPathList[[zip file "/data/app/com.kiloo.subwaysurf-1/base.apk"],nativeLibraryDirectories=[/data/app/com.kiloo.subwaysurf-1/lib/arm, /vendor/lib, /system/lib]]
01-12 01:54:34.453  6351  6351 W System.err: 	at dalvik.system.BaseDexClassLoader.findClass(BaseDexClassLoader.java:56)
01-12 01:54:34.453  6351  6351 W System.err: 	at java.lang.ClassLoader.loadClass(ClassLoader.java:511)
01-12 01:54:34.453  6351  6351 W System.err: 	at java.lang.ClassLoader.loadClass(ClassLoader.java:469)
01-12 01:54:34.453  6351  6437 D statsdk : MoUtil.readBinary
01-12 01:54:34.453  6351  6437 D statsdk : java.io.FileNotFoundException: /data/data/com.kiloo.subwaysurf/files/8BrG2pHOGTwTQlwcluXLSjkDgame__local_stat_cache.json: open failed: ENOENT (No such file or directory)
01-12 01:54:34.453  6351  6437 D statsdk : 	at libcore.io.IoBridge.open(IoBridge.java:456)
01-12 01:54:34.453  6351  6437 D statsdk : 	at java.io.FileInputStream.<init>(FileInputStream.java:76)
01-12 01:54:34.453  6351  6437 D statsdk : 	at android.app.ContextImpl.openFileInput(ContextImpl.java:961)
01-12 01:54:34.453  6351  6437 D statsdk : 	at android.content.ContextWrapper.openFileInput(ContextWrapper.java:176)
01-12 01:54:34.453  6351  6437 D statsdk : 	at com.baidu.mtjstatsdk.b.c.b(Unknown Source)
01-12 01:54:34.453  6351  6437 D statsdk : 	at com.baidu.mtjstatsdk.b.c.a(Unknown Source)
01-12 01:54:34.453  6351  6437 D statsdk : 	at com.baidu.mtjstatsdk.b.c.a(Unknown Source)
01-12 01:54:34.453  6351  6437 D statsdk : 	at com.baidu.mtjstatsdk.game.BDGameDataCore.readLogFromFileJSONArray(Unknown Source)
01-12 01:54:34.453  6351  6437 D statsdk : 	at com.baidu.mtjstatsdk.game.BDGameDataCore.readLogFromFileDataCoreHash(Unknown Source)
01-12 01:54:34.453  6351  6437 D statsdk : 	at com.baidu.mtjstatsdk.g.run(Unknown Source)
01-12 01:54:34.453  6351  6437 D statsdk : Caused by: android.system.ErrnoException: open failed: ENOENT (No such file or directory)
01-12 01:54:34.453  6351  6437 D statsdk : 	at libcore.io.Posix.open(Native Method)
01-12 01:54:34.453  6351  6437 D statsdk : 	at libcore.io.BlockGuardOs.open(BlockGuardOs.java:186)
01-12 01:54:34.453  6351  6437 D statsdk : 	at libcore.io.IoBridge.open(IoBridge.java:442)
01-12 01:54:34.453  6351  6437 D statsdk : 	... 9 more
01-12 01:54:34.453  6351  6351 W System.err: 	... 20 more
01-12 01:54:34.453  6351  6351 W System.err: 	Suppressed: java.lang.ClassNotFoundException: Didn't find class "com.skynet.android.uc.UC" on path: DexPathList[[dex file "/data/data/com.kiloo.subwaysurf/appsdk0_.dex"],nativeLibraryDirectories=[/data/data/com.kiloo.subwaysurf/lib, /vendor/lib, /system/lib]]
01-12 01:54:34.453  6351  6351 W System.err: 		at dalvik.system.BaseDexClassLoader.findClass(BaseDexClassLoader.java:56)
01-12 01:54:34.453  6351  6351 W System.err: 		at java.lang.ClassLoader.loadClass(ClassLoader.java:511)
01-12 01:54:34.453  6351  6351 W System.err: 		at java.lang.ClassLoader.loadClass(ClassLoader.java:504)
01-12 01:54:34.453  6351  6351 W System.err: 		... 21 more
01-12 01:54:34.453  6351  6351 W System.err: 		Suppressed: java.lang.ClassNotFoundException: com.skynet.android.uc.UC
01-12 01:54:34.453  6351  6351 W System.err: 			at java.lang.Class.classForName(Native Method)
01-12 01:54:34.453  6351  6351 W System.err: 			at java.lang.BootClassLoader.findClass(ClassLoader.java:781)
01-12 01:54:34.453  6351  6351 W System.err: 			at java.lang.BootClassLoader.loadClass(ClassLoader.java:841)
01-12 01:54:34.453  6351  6351 W System.err: 			at java.lang.ClassLoader.loadClass(ClassLoader.java:504)
01-12 01:54:34.453  6351  6351 W System.err: 			... 22 more
01-12 01:54:34.453  6351  6351 W System.err: 		Caused by: java.lang.NoClassDefFoundError: Class not found using the boot class loader; no stack available
01-12 01:54:34.455  2147  2486 V WindowManager: Adding window Window{1f556888 u0 com.kiloo.subwaysurf/com.kiloo.subwaysurf.RRAndroidPluginActivity} at 6 of 13 (before Window{2ef020a5 u0 com.kiloo.subwaysurf/com.kiloo.subwaysurf.RRAndroidPluginActivity})
01-12 01:54:34.481  6351  6425 I GRALLOC-DRM: create intel for driver i915
01-12 01:54:34.482  6351  6425 I EGL-DRI2: DRI2: found extension DRI_Core version 1
01-12 01:54:34.482  6351  6425 I EGL-DRI2: DRI2: found extension DRI_DRI2 version 4
01-12 01:54:34.494  6351  6425 I EGL-DRI2: DRI2: found extension DRI_TexBuffer version 3
01-12 01:54:34.495  6351  6425 I EGL-DRI2: DRI2: found extension DRI2_Flush version 4
01-12 01:54:34.495  6351  6425 I EGL-DRI2: DRI2: found extension DRI_IMAGE version 11
01-12 01:54:34.495  6351  6425 I OpenGLRenderer: Initialized EGL, version 1.4
01-12 01:54:34.495  6351  6425 W OpenGLRenderer: Failed to choose config with EGL_SWAP_BEHAVIOR_PRESERVED, retrying without...
01-12 01:54:34.498  6351  6425 D OpenGLRenderer: Enabling debug mode 0
01-12 01:54:34.524  2147  2176 D BluetoothManagerService: Message: 20
01-12 01:54:34.524  2147  2176 D BluetoothManagerService: Added callback: android.bluetooth.IBluetoothManagerCallback$Stub$Proxy@4d5c646:true
01-12 01:54:34.532  2147  5371 V WindowManager: Adding window Window{2d1c8534 u0 SurfaceView} at 6 of 14 (before Window{1f556888 u0 com.kiloo.subwaysurf/com.kiloo.subwaysurf.RRAndroidPluginActivity})
01-12 01:54:34.537  4665  4665 W IInputConnectionWrapper: showStatusIcon on inactive InputConnection
01-12 01:54:34.541  6351  6351 D houdini : [6351] Added shared library /data/data/com.kiloo.subwaysurf/cache/libunicom.so for ClassLoader by Native Bridge.
01-12 01:54:34.565  6351  6351 I hashcode: hashcode = 7296
01-12 01:54:34.668  6351  6431 D statsdk : MoUtil.readBinary
01-12 01:54:34.668  6351  6431 D statsdk : java.io.FileNotFoundException: /data/data/com.kiloo.subwaysurf/files/2cb6687eb5game__local_stat_cache.json: open failed: ENOENT (No such file or directory)
01-12 01:54:34.668  6351  6431 D statsdk : 	at libcore.io.IoBridge.open(IoBridge.java:456)
01-12 01:54:34.668  6351  6431 D statsdk : 	at java.io.FileInputStream.<init>(FileInputStream.java:76)
01-12 01:54:34.668  6351  6431 D statsdk : 	at android.app.ContextImpl.openFileInput(ContextImpl.java:961)
01-12 01:54:34.668  6351  6431 D statsdk : 	at android.content.ContextWrapper.openFileInput(ContextWrapper.java:176)
01-12 01:54:34.668  6351  6431 D statsdk : 	at com.baidu.mtjstatsdk.b.c.b(Unknown Source)
01-12 01:54:34.668  6351  6431 D statsdk : 	at com.baidu.mtjstatsdk.b.c.a(Unknown Source)
01-12 01:54:34.668  6351  6431 D statsdk : 	at com.baidu.mtjstatsdk.b.c.a(Unknown Source)
01-12 01:54:34.668  6351  6431 D statsdk : 	at com.baidu.mtjstatsdk.game.BDGameDataCore.readLogFromFileJSONArray(Unknown Source)
01-12 01:54:34.668  6351  6431 D statsdk : 	at com.baidu.mtjstatsdk.game.BDGameDataCore.getCacheJSONArray(Unknown Source)
01-12 01:54:34.668  6351  6431 D statsdk : 	at com.baidu.mtjstatsdk.game.BDGameDataCore.getCacheLog(Unknown Source)
01-12 01:54:34.668  6351  6431 D statsdk : 	at com.baidu.mtjstatsdk.DataCore.sendLogData(Unknown Source)
01-12 01:54:34.668  6351  6431 D statsdk : 	at com.baidu.mtjstatsdk.i.a(Unknown Source)
01-12 01:54:34.668  6351  6431 D statsdk : 	at com.baidu.mtjstatsdk.k.run(Unknown Source)
01-12 01:54:34.668  6351  6431 D statsdk : 	at android.os.Handler.handleCallback(Handler.java:739)
01-12 01:54:34.668  6351  6431 D statsdk : 	at android.os.Handler.dispatchMessage(Handler.java:95)
01-12 01:54:34.668  6351  6431 D statsdk : 	at android.os.Looper.loop(Looper.java:135)
01-12 01:54:34.668  6351  6431 D statsdk : 	at android.os.HandlerThread.run(HandlerThread.java:61)
01-12 01:54:34.668  6351  6431 D statsdk : Caused by: android.system.ErrnoException: open failed: ENOENT (No such file or directory)
01-12 01:54:34.668  6351  6431 D statsdk : 	at libcore.io.Posix.open(Native Method)
01-12 01:54:34.668  6351  6431 D statsdk : 	at libcore.io.BlockGuardOs.open(BlockGuardOs.java:186)
01-12 01:54:34.668  6351  6431 D statsdk : 	at libcore.io.IoBridge.open(IoBridge.java:442)
01-12 01:54:34.668  6351  6431 D statsdk : 	... 16 more
01-12 01:54:34.752  6231  6336 E SQLiteLog: (5) database is locked
01-12 01:54:34.753  6231  6336 E SQLiteDatabase: Failed to open database '/data/user/0/com.tencent.mobileqq/databases/eup_db'.
01-12 01:54:34.753  6231  6336 E SQLiteDatabase: android.database.sqlite.SQLiteDatabaseLockedException: database is locked (code 5): , while compiling: PRAGMA journal_mode
01-12 01:54:34.753  6231  6336 E SQLiteDatabase: 	at android.database.sqlite.SQLiteConnection.nativePrepareStatement(Native Method)
01-12 01:54:34.753  6231  6336 E SQLiteDatabase: 	at android.database.sqlite.SQLiteConnection.acquirePreparedStatement(SQLiteConnection.java:889)
01-12 01:54:34.753  6231  6336 E SQLiteDatabase: 	at android.database.sqlite.SQLiteConnection.executeForString(SQLiteConnection.java:634)
01-12 01:54:34.753  6231  6336 E SQLiteDatabase: 	at android.database.sqlite.SQLiteConnection.setJournalMode(SQLiteConnection.java:320)
01-12 01:54:34.753  6231  6336 E SQLiteDatabase: 	at android.database.sqlite.SQLiteConnection.setWalModeFromConfiguration(SQLiteConnection.java:294)
01-12 01:54:34.753  6231  6336 E SQLiteDatabase: 	at android.database.sqlite.SQLiteConnection.open(SQLiteConnection.java:215)
01-12 01:54:34.753  6231  6336 E SQLiteDatabase: 	at android.database.sqlite.SQLiteConnection.open(SQLiteConnection.java:193)
01-12 01:54:34.753  6231  6336 E SQLiteDatabase: 	at android.database.sqlite.SQLiteConnectionPool.openConnectionLocked(SQLiteConnectionPool.java:463)
01-12 01:54:34.753  6231  6336 E SQLiteDatabase: 	at android.database.sqlite.SQLiteConnectionPool.open(SQLiteConnectionPool.java:185)
01-12 01:54:34.753  6231  6336 E SQLiteDatabase: 	at android.database.sqlite.SQLiteConnectionPool.open(SQLiteConnectionPool.java:177)
01-12 01:54:34.753  6231  6336 E SQLiteDatabase: 	at android.database.sqlite.SQLiteDatabase.openInner(SQLiteDatabase.java:806)
01-12 01:54:34.753  6231  6336 E SQLiteDatabase: 	at android.database.sqlite.SQLiteDatabase.open(SQLiteDatabase.java:791)
01-12 01:54:34.753  6231  6336 E SQLiteDatabase: 	at android.database.sqlite.SQLiteDatabase.openDatabase(SQLiteDatabase.java:694)
01-12 01:54:34.753  6231  6336 E SQLiteDatabase: 	at android.app.ContextImpl.openOrCreateDatabase(ContextImpl.java:1148)
01-12 01:54:34.753  6231  6336 E SQLiteDatabase: 	at android.content.ContextWrapper.openOrCreateDatabase(ContextWrapper.java:268)
01-12 01:54:34.753  6231  6336 E SQLiteDatabase: 	at android.database.sqlite.SQLiteOpenHelper.getDatabaseLocked(SQLiteOpenHelper.java:223)
01-12 01:54:34.753  6231  6336 E SQLiteDatabase: 	at android.database.sqlite.SQLiteOpenHelper.getWritableDatabase(SQLiteOpenHelper.java:163)
01-12 01:54:34.753  6231  6336 E SQLiteDatabase: 	at com.tencent.feedback.proguard.n.getWritableDatabase(RQDSRC:198)
01-12 01:54:34.753  6231  6336 E SQLiteDatabase: 	at com.tencent.feedback.proguard.a.a(RQDSRC:200)
01-12 01:54:34.753  6231  6336 E SQLiteDatabase: 	at com.tencent.feedback.proguard.u.b(RQDSRC:50)
01-12 01:54:34.753  6231  6336 E SQLiteDatabase: 	at com.tencent.feedback.proguard.u.run(RQDSRC:350)
01-12 01:54:34.753  6231  6336 E SQLiteDatabase: 	at java.util.concurrent.Executors$RunnableAdapter.call(Executors.java:422)
01-12 01:54:34.753  6231  6336 E SQLiteDatabase: 	at java.util.concurrent.FutureTask.run(FutureTask.java:237)
01-12 01:54:34.753  6231  6336 E SQLiteDatabase: 	at java.util.concurrent.ScheduledThreadPoolExecutor$ScheduledFutureTask.access$201(ScheduledThreadPoolExecutor.java:152)
01-12 01:54:34.753  6231  6336 E SQLiteDatabase: 	at java.util.concurrent.ScheduledThreadPoolExecutor$ScheduledFutureTask.run(ScheduledThreadPoolExecutor.java:265)
01-12 01:54:34.753  6231  6336 E SQLiteDatabase: 	at java.util.concurrent.ThreadPoolExecutor.runWorker(ThreadPoolExecutor.java:1112)
01-12 01:54:34.753  6231  6336 E SQLiteDatabase: 	at java.util.concurrent.ThreadPoolExecutor$Worker.run(ThreadPoolExecutor.java:587)
01-12 01:54:34.753  6231  6336 E SQLiteDatabase: 	at java.lang.Thread.run(Thread.java:818)
01-12 01:54:34.760  6231  6338 E SQLiteLog: (5) database is locked
01-12 01:54:34.760  6231  6338 E SQLiteDatabase: Failed to open database '/data/user/0/com.tencent.mobileqq/databases/eup_db'.
01-12 01:54:34.760  6231  6338 E SQLiteDatabase: android.database.sqlite.SQLiteDatabaseLockedException: database is locked (code 5): , while compiling: PRAGMA journal_mode
01-12 01:54:34.760  6231  6338 E SQLiteDatabase: 	at android.database.sqlite.SQLiteConnection.nativePrepareStatement(Native Method)
01-12 01:54:34.760  6231  6338 E SQLiteDatabase: 	at android.database.sqlite.SQLiteConnection.acquirePreparedStatement(SQLiteConnection.java:889)
01-12 01:54:34.760  6231  6338 E SQLiteDatabase: 	at android.database.sqlite.SQLiteConnection.executeForString(SQLiteConnection.java:634)
01-12 01:54:34.760  6231  6338 E SQLiteDatabase: 	at android.database.sqlite.SQLiteConnection.setJournalMode(SQLiteConnection.java:320)
01-12 01:54:34.760  6231  6338 E SQLiteDatabase: 	at android.database.sqlite.SQLiteConnection.setWalModeFromConfiguration(SQLiteConnection.java:294)
01-12 01:54:34.760  6231  6338 E SQLiteDatabase: 	at android.database.sqlite.SQLiteConnection.open(SQLiteConnection.java:215)
01-12 01:54:34.760  6231  6338 E SQLiteDatabase: 	at android.database.sqlite.SQLiteConnection.open(SQLiteConnection.java:193)
01-12 01:54:34.760  6231  6338 E SQLiteDatabase: 	at android.database.sqlite.SQLiteConnectionPool.openConnectionLocked(SQLiteConnectionPool.java:463)
01-12 01:54:34.760  6231  6338 E SQLiteDatabase: 	at android.database.sqlite.SQLiteConnectionPool.open(SQLiteConnectionPool.java:185)
01-12 01:54:34.760  6231  6338 E SQLiteDatabase: 	at android.database.sqlite.SQLiteConnectionPool.open(SQLiteConnectionPool.java:177)
01-12 01:54:34.760  6231  6338 E SQLiteDatabase: 	at android.database.sqlite.SQLiteDatabase.openInner(SQLiteDatabase.java:806)
01-12 01:54:34.760  6231  6338 E SQLiteDatabase: 	at android.database.sqlite.SQLiteDatabase.open(SQLiteDatabase.java:791)
01-12 01:54:34.760  6231  6338 E SQLiteDatabase: 	at android.database.sqlite.SQLiteDatabase.openDatabase(SQLiteDatabase.java:694)
01-12 01:54:34.760  6231  6338 E SQLiteDatabase: 	at android.app.ContextImpl.openOrCreateDatabase(ContextImpl.java:1148)
01-12 01:54:34.760  6231  6338 E SQLiteDatabase: 	at android.content.ContextWrapper.openOrCreateDatabase(ContextWrapper.java:268)
01-12 01:54:34.760  6231  6338 E SQLiteDatabase: 	at android.database.sqlite.SQLiteOpenHelper.getDatabaseLocked(SQLiteOpenHelper.java:223)
01-12 01:54:34.760  6231  6338 E SQLiteDatabase: 	at android.database.sqlite.SQLiteOpenHelper.getWritableDatabase(SQLiteOpenHelper.java:163)
01-12 01:54:34.760  6231  6338 E SQLiteDatabase: 	at com.tencent.feedback.proguard.n.getWritableDatabase(RQDSRC:198)
01-12 01:54:34.760  6231  6338 E SQLiteDatabase: 	at com.tencent.feedback.proguard.l.a(RQDSRC:40)
01-12 01:54:34.760  6231  6338 E SQLiteDatabase: 	at com.tencent.feedback.eup.jni.a.run(RQDSRC:86)
01-12 01:54:34.760  6231  6338 E SQLiteDatabase: 	at java.util.concurrent.Executors$RunnableAdapter.call(Executors.java:422)
01-12 01:54:34.760  6231  6338 E SQLiteDatabase: 	at java.util.concurrent.FutureTask.run(FutureTask.java:237)
01-12 01:54:34.760  6231  6338 E SQLiteDatabase: 	at java.util.concurrent.ScheduledThreadPoolExecutor$ScheduledFutureTask.access$201(ScheduledThreadPoolExecutor.java:152)
01-12 01:54:34.760  6231  6338 E SQLiteDatabase: 	at java.util.concurrent.ScheduledThreadPoolExecutor$ScheduledFutureTask.run(ScheduledThreadPoolExecutor.java:265)
01-12 01:54:34.760  6231  6338 E SQLiteDatabase: 	at java.util.concurrent.ThreadPoolExecutor.runWorker(ThreadPoolExecutor.java:1112)
01-12 01:54:34.760  6231  6338 E SQLiteDatabase: 	at java.util.concurrent.ThreadPoolExecutor$Worker.run(ThreadPoolExecutor.java:587)
01-12 01:54:34.760  6231  6338 E SQLiteDatabase: 	at java.lang.Thread.run(Thread.java:818)
01-12 01:54:34.829  6351  6431 D statsdk : MoUtil.readBinary
01-12 01:54:34.829  6351  6431 D statsdk : java.io.FileNotFoundException: /data/data/com.kiloo.subwaysurf/files/8BrG2pHOGTwTQlwcluXLSjkDgame__local_stat_cache.json: open failed: ENOENT (No such file or directory)
01-12 01:54:34.829  6351  6431 D statsdk : 	at libcore.io.IoBridge.open(IoBridge.java:456)
01-12 01:54:34.829  6351  6431 D statsdk : 	at java.io.FileInputStream.<init>(FileInputStream.java:76)
01-12 01:54:34.829  6351  6431 D statsdk : 	at android.app.ContextImpl.openFileInput(ContextImpl.java:961)
01-12 01:54:34.829  6351  6431 D statsdk : 	at android.content.ContextWrapper.openFileInput(ContextWrapper.java:176)
01-12 01:54:34.829  6351  6431 D statsdk : 	at com.baidu.mtjstatsdk.b.c.b(Unknown Source)
01-12 01:54:34.829  6351  6431 D statsdk : 	at com.baidu.mtjstatsdk.b.c.a(Unknown Source)
01-12 01:54:34.829  6351  6431 D statsdk : 	at com.baidu.mtjstatsdk.b.c.a(Unknown Source)
01-12 01:54:34.829  6351  6431 D statsdk : 	at com.baidu.mtjstatsdk.game.BDGameDataCore.readLogFromFileJSONArray(Unknown Source)
01-12 01:54:34.829  6351  6431 D statsdk : 	at com.baidu.mtjstatsdk.game.BDGameDataCore.getCacheJSONArray(Unknown Source)
01-12 01:54:34.829  6351  6431 D statsdk : 	at com.baidu.mtjstatsdk.game.BDGameDataCore.getCacheLog(Unknown Source)
01-12 01:54:34.829  6351  6431 D statsdk : 	at com.baidu.mtjstatsdk.DataCore.sendLogData(Unknown Source)
01-12 01:54:34.829  6351  6431 D statsdk : 	at com.baidu.mtjstatsdk.i.a(Unknown Source)
01-12 01:54:34.829  6351  6431 D statsdk : 	at com.baidu.mtjstatsdk.k.run(Unknown Source)
01-12 01:54:34.829  6351  6431 D statsdk : 	at android.os.Handler.handleCallback(Handler.java:739)
01-12 01:54:34.829  6351  6431 D statsdk : 	at android.os.Handler.dispatchMessage(Handler.java:95)
01-12 01:54:34.829  6351  6431 D statsdk : 	at android.os.Looper.loop(Looper.java:135)
01-12 01:54:34.829  6351  6431 D statsdk : 	at android.os.HandlerThread.run(HandlerThread.java:61)
01-12 01:54:34.829  6351  6431 D statsdk : Caused by: android.system.ErrnoException: open failed: ENOENT (No such file or directory)
01-12 01:54:34.829  6351  6431 D statsdk : 	at libcore.io.Posix.open(Native Method)
01-12 01:54:34.829  6351  6431 D statsdk : 	at libcore.io.BlockGuardOs.open(BlockGuardOs.java:186)
01-12 01:54:34.829  6351  6431 D statsdk : 	at libcore.io.IoBridge.open(IoBridge.java:442)
01-12 01:54:34.829  6351  6431 D statsdk : 	... 16 more
01-12 01:54:34.916  2147  2177 V WindowManager: Layouts looping: On entry to LockedInner, mPendingLayoutChanges = 0x1
01-12 01:54:34.916  2147  2177 V WindowManager: Layouts looping: loop number 4, mPendingLayoutChanges = 0x0
01-12 01:54:34.916  2147  2177 V WindowManager: Layouts looping: after finishPostLayoutPolicyLw, mPendingLayoutChanges = 0x0
01-12 01:54:34.916  2147  2177 V WindowManager: Layouts looping: mLayoutNeeded, mPendingLayoutChanges = 0x1
01-12 01:54:34.917  2147  2177 V WindowManager: Layouts looping: On entry to LockedInner, mPendingLayoutChanges = 0x1
01-12 01:54:34.917  2147  2177 V WindowManager: Layouts looping: loop number 5, mPendingLayoutChanges = 0x0
01-12 01:54:34.917  2147  2177 V WindowManager: Layouts looping: after finishPostLayoutPolicyLw, mPendingLayoutChanges = 0x0
01-12 01:54:34.917  2147  2177 V WindowManager: Layouts looping: mLayoutNeeded, mPendingLayoutChanges = 0x1
01-12 01:54:34.917  2147  2177 E WindowManager: Performed 6 layouts in a row. Skipping
01-12 01:54:34.925  2147  2177 I ActivityManager: Displayed com.kiloo.subwaysurf/.RRAndroidPluginActivity: +1s24ms (total +3s385ms)
01-12 01:54:34.949  2276  2276 W ResourceType: No package identifier when getting value for resource number 0x00000000
01-12 01:54:34.949  2276  2276 W PackageManager: Failure retrieving resources for com.cyanogenmod.filemanager: Resource ID #0x0
01-12 01:54:34.961  2147  2177 I WindowManager: Screen frozen for +1s59ms due to Window{1ef9a2be u0 Starting com.kiloo.subwaysurf}
01-12 01:54:35.263  2147  2214 D WifiService: New client listening to asynchronous messages
01-12 01:54:35.267  2147  2166 W ActivityManager: getRunningAppProcesses: caller 10061 does not hold REAL_GET_TASKS; limiting output
01-12 01:54:35.267  2147  3692 W ActivityManager: getRunningAppProcesses: caller 10061 does not hold REAL_GET_TASKS; limiting output
01-12 01:54:35.267  2147  2490 W ActivityManager: getRunningAppProcesses: caller 10061 does not hold REAL_GET_TASKS; limiting output
01-12 01:54:35.320  6448  6448 W linker  : [vdso]: unused DT entry: type 0x6ffffef5 arg 0x160
01-12 01:54:35.827  6351  6351 I Choreographer: Skipped 54 frames!  The application may be doing too much work on its main thread.
01-12 01:54:36.317  6351  6351 D coco    : 
01-12 01:54:36.317  6351  6351 D coco    : 
01-12 01:54:36.317  6351  6351 D coco    : 
01-12 01:54:36.317  6351  6351 D coco    : 
01-12 01:54:36.317  6351  6351 D coco    : 
01-12 01:54:36.506  6351  6351 I BDGame  : The telephone number cannot be found.
01-12 01:54:36.506  2425  2445 E PhoneInterfaceManager: [PhoneIntfMgr] checkCarrierPrivilegesForPackage: No UICC
01-12 01:54:36.506  2425  2445 E DatabaseUtils: Writing exception to parcel
01-12 01:54:36.506  2425  2445 E DatabaseUtils: java.lang.SecurityException: No permission to write APN settings
01-12 01:54:36.506  2425  2445 E DatabaseUtils: 	at com.android.providers.telephony.TelephonyProvider.checkPermission(TelephonyProvider.java:1180)
01-12 01:54:36.506  2425  2445 E DatabaseUtils: 	at com.android.providers.telephony.TelephonyProvider.query(TelephonyProvider.java:764)
01-12 01:54:36.506  2425  2445 E DatabaseUtils: 	at android.content.ContentProvider.query(ContentProvider.java:966)
01-12 01:54:36.506  2425  2445 E DatabaseUtils: 	at android.content.ContentProvider$Transport.query(ContentProvider.java:211)
01-12 01:54:36.506  2425  2445 E DatabaseUtils: 	at android.content.ContentProviderNative.onTransact(ContentProviderNative.java:112)
01-12 01:54:36.506  2425  2445 E DatabaseUtils: 	at android.os.Binder.execTransact(Binder.java:446)
01-12 01:54:36.507  6351  6351 I BDGame  : queryMobilePayChannel operator = 
01-12 01:54:36.527  2425  2445 E PhoneInterfaceManager: [PhoneIntfMgr] checkCarrierPrivilegesForPackage: No UICC
01-12 01:54:36.528  2425  2445 E DatabaseUtils: Writing exception to parcel
01-12 01:54:36.528  2425  2445 E DatabaseUtils: java.lang.SecurityException: No permission to write APN settings
01-12 01:54:36.528  2425  2445 E DatabaseUtils: 	at com.android.providers.telephony.TelephonyProvider.checkPermission(TelephonyProvider.java:1180)
01-12 01:54:36.528  2425  2445 E DatabaseUtils: 	at com.android.providers.telephony.TelephonyProvider.query(TelephonyProvider.java:764)
01-12 01:54:36.528  2425  2445 E DatabaseUtils: 	at android.content.ContentProvider.query(ContentProvider.java:966)
01-12 01:54:36.528  2425  2445 E DatabaseUtils: 	at android.content.ContentProvider$Transport.query(ContentProvider.java:211)
01-12 01:54:36.528  2425  2445 E DatabaseUtils: 	at android.content.ContentProviderNative.onTransact(ContentProviderNative.java:112)
01-12 01:54:36.528  2425  2445 E DatabaseUtils: 	at android.os.Binder.execTransact(Binder.java:446)
01-12 01:54:36.533  6351  6351 D houdini : [6351] Added shared library /data/app/com.kiloo.subwaysurf-1/lib/arm/libbdpush_V2_3.so for ClassLoader by Native Bridge.
01-12 01:54:36.737  6252  6298 W beacon  : onUserAction return false, because eventName:[dim.Msf.IMEIReading] is not allowed in server strategy!
01-12 01:54:36.737  6252  6298 W beacon  : onUserAction return false, because eventName:[dim.Msf.LoadPushTimes] is not allowed in server strategy!
01-12 01:54:36.738  2147  5373 W ActivityManager: getTasks: caller 10061 does not hold REAL_GET_TASKS; limiting output
01-12 01:54:36.738  6252  6298 W Settings: Setting airplane_mode_on has moved from android.provider.Settings.System to android.provider.Settings.Global, returning read-only value.
01-12 01:54:36.739  2147  2297 W ActivityManager: getRunningAppProcesses: caller 10061 does not hold REAL_GET_TASKS; limiting output
01-12 01:54:36.740  2147  2166 W ActivityManager: getTasks: caller 10061 does not hold REAL_GET_TASKS; limiting output
01-12 01:54:36.740  6252  6298 W Settings: Setting airplane_mode_on has moved from android.provider.Settings.System to android.provider.Settings.Global, returning read-only value.
01-12 01:54:36.740  6252  6298 W beacon  : onUserAction return false, because eventName:[loadSoOld] is not allowed in server strategy!
01-12 01:54:36.741  2147  3692 W ActivityManager: getTasks: caller 10061 does not hold REAL_GET_TASKS; limiting output
01-12 01:54:36.741  6252  6298 W Settings: Setting airplane_mode_on has moved from android.provider.Settings.System to android.provider.Settings.Global, returning read-only value.
01-12 01:54:36.741  6252  6298 W beacon  : onUserAction return false, because eventName:[loadSoNew] is not allowed in server strategy!
01-12 01:54:36.801  6460  6460 D houdini : [6460] Initialize library(version: 5.2.2_y.47738 RELEASE)... successfully.
01-12 01:54:36.802  2147  2167 I ActivityManager: Start proc 6460:com.kiloo.subwaysurf:bdservice_v1/u0a62 for service com.kiloo.subwaysurf/com.baidu.android.pushservice.PushService
01-12 01:54:36.816  6460  6460 I ActivityThread: Switching default density from 160 to 240
01-12 01:54:36.821  6460  6460 D SkynetApi: onApplicationCreate
01-12 01:54:36.822  6460  6460 W System.err: java.lang.ClassNotFoundException: com.skynet.android.uc.UC
01-12 01:54:36.822  6460  6460 W System.err: 	at java.lang.Class.classForName(Native Method)
01-12 01:54:36.822  6460  6460 W System.err: 	at java.lang.Class.forName(Class.java:309)
01-12 01:54:36.822  6460  6460 W System.err: 	at java.lang.Class.forName(Class.java:273)
01-12 01:54:36.822  6460  6460 W System.err: 	at com.skynet.android.Skynet.invoke(SourceFile:4209)
01-12 01:54:36.822  6460  6460 W System.err: 	at com.skynet.android.Skynet.onApplicationCreate(SourceFile:3691)
01-12 01:54:36.822  6460  6460 W System.err: 	at com.kiloo.subwaysurf.BaiDuApplication.onCreate(BaiDuApplication.java:11)
01-12 01:54:36.822  6460  6460 W System.err: 	at android.app.Instrumentation.callApplicationOnCreate(Instrumentation.java:1012)
01-12 01:54:36.822  6460  6460 W System.err: 	at android.app.ActivityThread.handleBindApplication(ActivityThread.java:4553)
01-12 01:54:36.822  6460  6460 W System.err: 	at android.app.ActivityThread.access$1500(ActivityThread.java:151)
01-12 01:54:36.822  6460  6460 W System.err: 	at android.app.ActivityThread$H.handleMessage(ActivityThread.java:1364)
01-12 01:54:36.822  6460  6460 W System.err: 	at android.os.Handler.dispatchMessage(Handler.java:102)
01-12 01:54:36.822  6460  6460 W System.err: 	at android.os.Looper.loop(Looper.java:135)
01-12 01:54:36.822  6460  6460 W System.err: 	at android.app.ActivityThread.main(ActivityThread.java:5254)
01-12 01:54:36.822  6460  6460 W System.err: 	at java.lang.reflect.Method.invoke(Native Method)
01-12 01:54:36.822  6460  6460 W System.err: 	at java.lang.reflect.Method.invoke(Method.java:372)
01-12 01:54:36.822  6460  6460 W System.err: 	at com.android.internal.os.ZygoteInit$MethodAndArgsCaller.run(ZygoteInit.java:903)
01-12 01:54:36.822  6460  6460 W System.err: 	at com.android.internal.os.ZygoteInit.main(ZygoteInit.java:698)
01-12 01:54:36.822  6460  6460 W System.err: Caused by: java.lang.ClassNotFoundException: Didn't find class "com.skynet.android.uc.UC" on path: DexPathList[[zip file "/data/app/com.kiloo.subwaysurf-1/base.apk"],nativeLibraryDirectories=[/data/app/com.kiloo.subwaysurf-1/lib/arm, /vendor/lib, /system/lib]]
01-12 01:54:36.822  6460  6460 W System.err: 	at dalvik.system.BaseDexClassLoader.findClass(BaseDexClassLoader.java:56)
01-12 01:54:36.822  6460  6460 W System.err: 	at java.lang.ClassLoader.loadClass(ClassLoader.java:511)
01-12 01:54:36.822  6460  6460 W System.err: 	at java.lang.ClassLoader.loadClass(ClassLoader.java:469)
01-12 01:54:36.822  6460  6460 W System.err: 	... 17 more
01-12 01:54:36.822  6460  6460 W System.err: 	Suppressed: java.lang.ClassNotFoundException: com.skynet.android.uc.UC
01-12 01:54:36.822  6460  6460 W System.err: 		at java.lang.Class.classForName(Native Method)
01-12 01:54:36.822  6460  6460 W System.err: 		at java.lang.BootClassLoader.findClass(ClassLoader.java:781)
01-12 01:54:36.822  6460  6460 W System.err: 		at java.lang.BootClassLoader.loadClass(ClassLoader.java:841)
01-12 01:54:36.822  6460  6460 W System.err: 		at java.lang.ClassLoader.loadClass(ClassLoader.java:504)
01-12 01:54:36.822  6460  6460 W System.err: 		... 18 more
01-12 01:54:36.822  6460  6460 W System.err: 	Caused by: java.lang.NoClassDefFoundError: Class not found using the boot class loader; no stack available
01-12 01:54:36.823  6460  6460 W System.err: java.lang.ClassNotFoundException: com.gionee.game.offlinesdk.GamePlatform
01-12 01:54:36.823  6460  6460 W System.err: 	at java.lang.Class.classForName(Native Method)
01-12 01:54:36.823  6460  6460 W System.err: 	at java.lang.Class.forName(Class.java:309)
01-12 01:54:36.823  6460  6460 W System.err: 	at com.skynet.android.amigo.Amigo.isEnable(SourceFile:27)
01-12 01:54:36.823  6460  6460 W System.err: 	at com.skynet.android.amigo.Amigo.onApplicationCreate(SourceFile:17)
01-12 01:54:36.823  6460  6460 W System.err: 	at java.lang.reflect.Method.invoke(Native Method)
01-12 01:54:36.823  6460  6460 W System.err: 	at java.lang.reflect.Method.invoke(Method.java:372)
01-12 01:54:36.823  6460  6460 W System.err: 	at com.skynet.android.Skynet.invoke(SourceFile:4217)
01-12 01:54:36.823  6460  6460 W System.err: 	at com.skynet.android.Skynet.onApplicationCreate(SourceFile:3693)
01-12 01:54:36.823  6460  6460 W System.err: 	at com.kiloo.subwaysurf.BaiDuApplication.onCreate(BaiDuApplication.java:11)
01-12 01:54:36.823  6460  6460 W System.err: 	at android.app.Instrumentation.callApplicationOnCreate(Instrumentation.java:1012)
01-12 01:54:36.823  6460  6460 W System.err: 	at android.app.ActivityThread.handleBindApplication(ActivityThread.java:4553)
01-12 01:54:36.823  6460  6460 W System.err: 	at android.app.ActivityThread.access$1500(ActivityThread.java:151)
01-12 01:54:36.824  6460  6460 W System.err: 	at android.app.ActivityThread$H.handleMessage(ActivityThread.java:1364)
01-12 01:54:36.824  6460  6460 W System.err: 	at android.os.Handler.dispatchMessage(Handler.java:102)
01-12 01:54:36.824  6460  6460 W System.err: 	at android.os.Looper.loop(Looper.java:135)
01-12 01:54:36.824  6460  6460 W System.err: 	at android.app.ActivityThread.main(ActivityThread.java:5254)
01-12 01:54:36.824  6460  6460 W System.err: 	at java.lang.reflect.Method.invoke(Native Method)
01-12 01:54:36.824  6460  6460 W System.err: 	at java.lang.reflect.Method.invoke(Method.java:372)
01-12 01:54:36.824  6460  6460 W System.err: 	at com.android.internal.os.ZygoteInit$MethodAndArgsCaller.run(ZygoteInit.java:903)
01-12 01:54:36.824  6460  6460 W System.err: 	at com.android.internal.os.ZygoteInit.main(ZygoteInit.java:698)
01-12 01:54:36.824  6460  6460 W System.err: Caused by: java.lang.ClassNotFoundException: Didn't find class "com.gionee.game.offlinesdk.GamePlatform" on path: DexPathList[[zip file "/data/app/com.kiloo.subwaysurf-1/base.apk"],nativeLibraryDirectories=[/data/app/com.kiloo.subwaysurf-1/lib/arm, /vendor/lib, /system/lib]]
01-12 01:54:36.824  6460  6460 W System.err: 	at dalvik.system.BaseDexClassLoader.findClass(BaseDexClassLoader.java:56)
01-12 01:54:36.824  6460  6460 W System.err: 	at java.lang.ClassLoader.loadClass(ClassLoader.java:511)
01-12 01:54:36.824  6460  6460 W System.err: 	at java.lang.ClassLoader.loadClass(ClassLoader.java:469)
01-12 01:54:36.824  6460  6460 W System.err: 	... 20 more
01-12 01:54:36.824  6460  6460 W System.err: 	Suppressed: java.lang.ClassNotFoundException: com.gionee.game.offlinesdk.GamePlatform
01-12 01:54:36.824  6460  6460 W System.err: 		at java.lang.Class.classForName(Native Method)
01-12 01:54:36.824  6460  6460 W System.err: 		at java.lang.BootClassLoader.findClass(ClassLoader.java:781)
01-12 01:54:36.824  6460  6460 W System.err: 		at java.lang.BootClassLoader.loadClass(ClassLoader.java:841)
01-12 01:54:36.824  6460  6460 W System.err: 		at java.lang.ClassLoader.loadClass(ClassLoader.java:504)
01-12 01:54:36.824  6460  6460 W System.err: 		... 21 more
01-12 01:54:36.824  6460  6460 W System.err: 	Caused by: java.lang.NoClassDefFoundError: Class not found using the boot class loader; no stack available
01-12 01:54:36.824  2147  2424 W ActivityManager: getRunningAppProcesses: caller 10062 does not hold REAL_GET_TASKS; limiting output
01-12 01:54:36.847  6460  6460 D houdini : [6460] Added shared library /data/app/com.kiloo.subwaysurf-1/lib/arm/libbdpush_V2_3.so for ClassLoader by Native Bridge.
01-12 01:54:37.025  2147  2177 I art     : Explicit concurrent mark sweep GC freed 19141(1092KB) AllocSpace objects, 6(93KB) LOS objects, 33% free, 16MB/24MB, paused 1.177ms total 33.498ms
01-12 01:54:37.084  2147  3692 W BackupManagerService: dataChanged but no participant pkg='com.android.providers.settings' uid=10060
01-12 01:54:37.092  5324  5369 W FileUtils: Failed to chmod(/storage/emulated/0/baidu/pushservice/database/pushstat_4.4.db): android.system.ErrnoException: chmod failed: EPERM (Operation not permitted)
01-12 01:54:37.365  2147  2490 W BackupManagerService: dataChanged but no participant pkg='com.android.providers.settings' uid=10062
01-12 01:54:37.582  2147  2486 W BackupManagerService: dataChanged but no participant pkg='com.android.providers.settings' uid=10062
01-12 01:54:37.609  6489  6489 D houdini : [6489] Initialize library(version: 5.2.2_y.47738 RELEASE)... successfully.
01-12 01:54:37.611  2147  2486 I ActivityManager: Start proc 6489:com.baidu.platform.gameplus.service/u0a62 for service com.kiloo.subwaysurf/com.duoku.platform.single.gameplus.service.GPDownloadService
01-12 01:54:37.613  2147  2171 D gps_serial: set_position_mode: mode=0 recurrence=0 min_interval=1000 preferred_accuracy=0 preferred_time=0
01-12 01:54:37.613  2147  2171 D gps_serial: serial_gps_start: called
01-12 01:54:37.613  2147  2171 D gps_serial: gps_state_start: could not send CMD_START command: ret=-1: Bad file number
01-12 01:54:37.619  6351  6351 I Choreographer: Skipped 106 frames!  The application may be doing too much work on its main thread.
01-12 01:54:37.626  6489  6489 I ActivityThread: Switching default density from 160 to 240
01-12 01:54:37.631  6489  6489 D SkynetApi: onApplicationCreate
01-12 01:54:37.631  6489  6489 W System.err: java.lang.ClassNotFoundException: com.skynet.android.uc.UC
01-12 01:54:37.632  6489  6489 W System.err: 	at java.lang.Class.classForName(Native Method)
01-12 01:54:37.632  6489  6489 W System.err: 	at java.lang.Class.forName(Class.java:309)
01-12 01:54:37.632  6489  6489 W System.err: 	at java.lang.Class.forName(Class.java:273)
01-12 01:54:37.632  6489  6489 W System.err: 	at com.skynet.android.Skynet.invoke(SourceFile:4209)
01-12 01:54:37.632  6489  6489 W System.err: 	at com.skynet.android.Skynet.onApplicationCreate(SourceFile:3691)
01-12 01:54:37.632  6489  6489 W System.err: 	at com.kiloo.subwaysurf.BaiDuApplication.onCreate(BaiDuApplication.java:11)
01-12 01:54:37.632  6489  6489 W System.err: 	at android.app.Instrumentation.callApplicationOnCreate(Instrumentation.java:1012)
01-12 01:54:37.632  6489  6489 W System.err: 	at android.app.ActivityThread.handleBindApplication(ActivityThread.java:4553)
01-12 01:54:37.632  6489  6489 W System.err: 	at android.app.ActivityThread.access$1500(ActivityThread.java:151)
01-12 01:54:37.632  6489  6489 W System.err: 	at android.app.ActivityThread$H.handleMessage(ActivityThread.java:1364)
