01-12 01:54:15.279  6154  6154 W linker  : [vdso]: unused DT entry: type 0x6ffffef5 arg 0x160
01-12 01:54:15.877  2147  2219 W AudioTrack: AUDIO_OUTPUT_FLAG_FAST denied by client
01-12 01:54:15.889  1882  2144 D audio_hw_primary: found out /dev/snd/pcmC0D0p
01-12 01:54:15.892  2276  2276 W ResourceType: No package identifier when getting value for resource number 0x00000000
01-12 01:54:15.892  2276  2276 W PackageManager: Failure retrieving resources for jackpal.androidterm: Resource ID #0x0
01-12 01:54:15.893  2147  2166 I ActivityManager: START u0 {act=com.android.systemui.recents.SHOW_RECENTS flg=0x10804000 cmp=com.android.systemui/.recents.RecentsActivity} from uid 10011 on display 0
01-12 01:54:15.966  5406  5406 W IInputConnectionWrapper: showStatusIcon on inactive InputConnection
01-12 01:54:16.905  2276  2276 W ResourceType: No package identifier when getting value for resource number 0x00000000
01-12 01:54:16.906  2276  2276 W PackageManager: Failure retrieving resources for jackpal.androidterm: Resource ID #0x0
01-12 01:54:17.221  2147  2219 W AudioTrack: AUDIO_OUTPUT_FLAG_FAST denied by client
01-12 01:54:17.250  6158  6158 W linker  : [vdso]: unused DT entry: type 0x6ffffef5 arg 0x160
01-12 01:54:17.255  6159  6159 W linker  : [vdso]: unused DT entry: type 0x6ffffef5 arg 0x160
01-12 01:54:17.261  6160  6160 W linker  : [vdso]: unused DT entry: type 0x6ffffef5 arg 0x160
01-12 01:54:17.265  6161  6161 W linker  : [vdso]: unused DT entry: type 0x6ffffef5 arg 0x160
01-12 01:54:17.379  6169  6169 W linker  : [vdso]: unused DT entry: type 0x6ffffef5 arg 0x160
01-12 01:54:17.380  6170  6170 W linker  : [vdso]: unused DT entry: type 0x6ffffef5 arg 0x160
01-12 01:54:17.381  6171  6171 W linker  : [vdso]: unused DT entry: type 0x6ffffef5 arg 0x160
01-12 01:54:17.389  6172  6172 W linker  : [vdso]: unused DT entry: type 0x6ffffef5 arg 0x160
01-12 01:54:17.390  6173  6173 W linker  : [vdso]: unused DT entry: type 0x6ffffef5 arg 0x160
01-12 01:54:17.391  6174  6174 W linker  : [vdso]: unused DT entry: type 0x6ffffef5 arg 0x160
01-12 01:54:18.956  2147  2219 W AudioTrack: AUDIO_OUTPUT_FLAG_FAST denied by client
01-12 01:54:18.992  4665  4686 D OpenGLRenderer: endAllStagingAnimators on 0x7f101f021c00 (RippleDrawable) with handle 0x7f1016cbbea0
01-12 01:54:20.288  6176  6176 W linker  : [vdso]: unused DT entry: type 0x6ffffef5 arg 0x160
01-12 01:54:23.143  2147  2186 W ActivityManager: Unable to start service Intent { act=APP_CHANGE_ACTION flg=0x4 cmp=com.wandoujia.phoenix2/com.wandoujia.base.services.AlarmService (has extras) } U=0: not found
01-12 01:54:24.421  2147  2219 W AudioTrack: AUDIO_OUTPUT_FLAG_FAST denied by client
01-12 01:54:24.426  2147  5372 I ActivityManager: START u0 {act=android.intent.action.VIEW dat=file:///storage/usb1/CTS/test-APK/subwayrun.apk typ=application/vnd.android.package-archive cmp=com.android.packageinstaller/.PackageInstallerActivity} from uid 10018 on display 0
01-12 01:54:24.428  2147  5372 V WindowManager: addAppToken: AppWindowToken{12511124 token=Token{3c3375b7 ActivityRecord{2d1314b6 u0 com.android.packageinstaller/.PackageInstallerActivity t13}}} to stack=1 task=13 at 1
01-12 01:54:24.433  1882  2144 D audio_hw_primary: found out /dev/snd/pcmC0D0p
01-12 01:54:24.438  4665  4665 W PackageParser: Unknown element under <service>: action at /storage/usb1/CTS/test-APK/subwayrun.apk Binary XML file line #84
01-12 01:54:24.508  4665  4665 I AppSecurityPermissions: Ignoring unknown permission:andorid.permission.CHANGE_CONFIGURATION
01-12 01:54:24.509  4665  4665 I AppSecurityPermissions: Ignoring unknown permission:com.android.launcher2.permission.READ_SETTINGS
01-12 01:54:24.509  4665  4665 I AppSecurityPermissions: Ignoring unknown permission:com.android.launcher.permission.READ_SETTINGS
01-12 01:54:24.509  4665  4665 I AppSecurityPermissions: Ignoring unknown permission:android.webkit.permission.PLUGIN
01-12 01:54:24.524  2147  2297 V WindowManager: Adding window Window{3c33c642 u0 com.android.packageinstaller/com.android.packageinstaller.PackageInstallerActivity} at 5 of 10 (after Window{30ff227d u0 com.cyanogenmod.filemanager/com.cyanogenmod.filemanager.activities.NavigationActivity})
01-12 01:54:24.596  2147  2177 I ActivityManager: Displayed com.android.packageinstaller/.PackageInstallerActivity: +165ms
01-12 01:54:25.300  6180  6180 W linker  : [vdso]: unused DT entry: type 0x6ffffef5 arg 0x160
01-12 01:54:26.200  2147  2490 W ActivityManager: getRunningAppProcesses: caller 10055 does not hold REAL_GET_TASKS; limiting output
01-12 01:54:26.205  2147  2219 W AudioTrack: AUDIO_OUTPUT_FLAG_FAST denied by client
01-12 01:54:26.757  2147  2219 W AudioTrack: AUDIO_OUTPUT_FLAG_FAST denied by client
01-12 01:54:27.252  2147  2167 I ActivityManager: START u0 {dat=file:///storage/usb1/CTS/test-APK/subwayrun.apk cmp=com.android.packageinstaller/.InstallAppProgress (has extras)} from uid 10040 on display 0
01-12 01:54:27.253  2147  2219 W AudioTrack: AUDIO_OUTPUT_FLAG_FAST denied by client
01-12 01:54:27.254  2147  2167 V WindowManager: addAppToken: AppWindowToken{6bc048e token=Token{b71cc89 ActivityRecord{24201b90 u0 com.android.packageinstaller/.InstallAppProgress t13}}} to stack=1 task=13 at 2
01-12 01:54:27.270  2147  2297 V WindowManager: Adding window Window{10d9ccb u0 com.android.packageinstaller/com.android.packageinstaller.InstallAppProgress} at 6 of 11 (after Window{3c33c642 u0 com.android.packageinstaller/com.android.packageinstaller.PackageInstallerActivity})
01-12 01:54:27.320  2147  2177 I ActivityManager: Displayed com.android.packageinstaller/.InstallAppProgress: +62ms
01-12 01:54:27.358  4665  4686 D OpenGLRenderer: endAllStagingAnimators on 0x7f1016de2000 (RippleDrawable) with handle 0x7f1016cbb620
01-12 01:54:27.802  4740  4760 D DefContainer: Copying /storage/usb1/CTS/test-APK/subwayrun.apk to base.apk
01-12 01:54:29.607  2147  2181 W PackageParser: Unknown element under <service>: action at /data/app/vmdl1851075376.tmp/base.apk Binary XML file line #84
01-12 01:54:30.161  2147  2181 D PackageManager: Renaming /data/app/vmdl1851075376.tmp to /data/app/com.kiloo.subwaysurf-1
01-12 01:54:30.266  2147  2181 I PackageManager: Running dexopt on: /data/app/com.kiloo.subwaysurf-1/base.apk pkg=com.kiloo.subwaysurf isa=x86 vmSafeMode=false
01-12 01:54:30.270  6186  6186 W linker  : [vdso]: unused DT entry: type 0x6ffffef5 arg 0xec
01-12 01:54:30.270  6186  6186 E cutils-trace: Error opening trace file: Permission denied (13)
01-12 01:54:30.270  6186  6186 I dex2oat : /system/bin/dex2oat --zip-fd=5 --zip-location=/data/app/com.kiloo.subwaysurf-1/base.apk --oat-fd=6 --oat-location=/data/dalvik-cache/x86/data@app@com.kiloo.subwaysurf-1@base.apk@classes.dex --instruction-set=x86 --instruction-set-features=default --runtime-arg -Xms64m --runtime-arg -Xmx512m --swap-fd=13
01-12 01:54:30.308  6188  6188 W linker  : [vdso]: unused DT entry: type 0x6ffffef5 arg 0x160
01-12 01:54:30.369  6186  6186 I dex2oat : Decided to run without swap.
01-12 01:54:31.252  6186  6186 I dex2oat : dex2oat took 981.766ms (threads: 8) arena alloc=325KB java alloc=10MB native alloc=23MB free=8MB
01-12 01:54:31.370  2147  2181 W PackageManager: Not granting permission android.permission.MOUNT_UNMOUNT_FILESYSTEMS to package com.kiloo.subwaysurf (protectionLevel=18 flags=0x8bc44)
01-12 01:54:31.370  2147  2181 W PackageManager: Unknown permission andorid.permission.CHANGE_CONFIGURATION in package com.kiloo.subwaysurf
01-12 01:54:31.370  2147  2181 W PackageManager: Not granting permission android.permission.READ_LOGS to package com.kiloo.subwaysurf (protectionLevel=50 flags=0x8bc44)
01-12 01:54:31.371  2147  2181 W PackageManager: Not granting permission android.permission.ACCESS_DOWNLOAD_MANAGER to package com.kiloo.subwaysurf (protectionLevel=18 flags=0x8bc44)
01-12 01:54:31.371  2147  2181 W PackageManager: Unknown permission com.android.launcher2.permission.READ_SETTINGS in package com.kiloo.subwaysurf
01-12 01:54:31.371  2147  2181 W PackageManager: Unknown permission com.android.launcher.permission.READ_SETTINGS in package com.kiloo.subwaysurf
01-12 01:54:31.371  2147  2181 W PackageManager: Unknown permission android.webkit.permission.PLUGIN in package com.kiloo.subwaysurf
01-12 01:54:31.496  2147  2181 V BackupManagerService: restoreAtInstall pkg=com.kiloo.subwaysurf token=3 restoreSet=0
01-12 01:54:31.496  2147  2181 V BackupManagerService: Finishing install immediately
01-12 01:54:31.497  2147  2181 W Settings: Setting install_non_market_apps has moved from android.provider.Settings.Global to android.provider.Settings.Secure, returning read-only value.
01-12 01:54:31.502  2147  2189 I InputReader: Reconfiguring input devices.  changes=0x00000010
01-12 01:54:31.504  2147  5373 W ActivityManager: getTasks: caller 10052 does not hold REAL_GET_TASKS; limiting output
01-12 01:54:31.504  2147  2167 I ActivityManager: START u0 {flg=0x10800000 cmp=com.estrongs.android.pop/.app.InstallMonitorActivity (has extras)} from uid 10052 on display 0
01-12 01:54:31.519  2147  2167 V WindowManager: addAppToken: AppWindowToken{1b62b623 token=Token{10e6a352 ActivityRecord{21a45bdd u0 com.estrongs.android.pop/.app.InstallMonitorActivity t21}}} to stack=1 task=21 at 0
01-12 01:54:31.538  2147  2181 I art     : Explicit concurrent mark sweep GC freed 40556(2MB) AllocSpace objects, 12(3MB) LOS objects, 33% free, 14MB/22MB, paused 1.137ms total 40.847ms
01-12 01:54:31.538  2147  2165 I art     : WaitForGcToComplete blocked for 6.013ms for cause Background
01-12 01:54:31.546  2147  2167 W ActivityManager: getRunningAppProcesses: caller 10052 does not hold REAL_GET_TASKS; limiting output
01-12 01:54:31.557  2147  2166 W ActivityManager: getRunningAppProcesses: caller 10057 does not hold REAL_GET_TASKS; limiting output
01-12 01:54:31.574  6202  6202 D houdini : [6202] Initialize library(version: 5.2.2_y.47738 RELEASE)... successfully.
01-12 01:54:31.575  2147  2424 I ActivityManager: Start proc 6202:com.tencent.mobileqq:web/u0a61 for broadcast com.tencent.mobileqq/com.tencent.open.business.base.appreport.AppReportReceiver
01-12 01:54:31.576  2147  5372 W ActivityManager: getRunningAppProcesses: caller 10057 does not hold REAL_GET_TASKS; limiting output
01-12 01:54:31.576  2147  2446 W ActivityManager: getRunningAppProcesses: caller 10052 does not hold REAL_GET_TASKS; limiting output
01-12 01:54:31.589  6202  6202 I ActivityThread: Switching default density from 160 to 240
01-12 01:54:31.591  2147  2147 D BackupManagerService: Received broadcast Intent { act=android.intent.action.PACKAGE_ADDED dat=package:com.kiloo.subwaysurf flg=0x4000010 (has extras) }
01-12 01:54:31.598  2147  2171 W VoiceInteractionManagerService: no available voice recognition services found for user 0
01-12 01:54:31.607  2147  5372 W ActivityManager: getRunningAppProcesses: caller 10061 does not hold REAL_GET_TASKS; limiting output
01-12 01:54:31.608  6202  6202 D BaseApplicationImpl: [E]com.tencent.mobileqq:web, inject NotVerifyDex Success, cost:0
01-12 01:54:31.609  6202  6202 D BaseApplicationImpl: [E]injectPatchDex false
01-12 01:54:31.609  2147  2446 W ActivityManager: getRunningAppProcesses: caller 10061 does not hold REAL_GET_TASKS; limiting output
01-12 01:54:31.610  2147  5373 W ActivityManager: getRunningAppProcesses: caller 10061 does not hold REAL_GET_TASKS; limiting output
01-12 01:54:31.613  6202  6202 E DexLoadOat: [E]Success
01-12 01:54:31.614  6202  6202 D MSF.D.MonitorSocket: [E]monitor_config not found, disable monitor socket
01-12 01:54:31.618  6202  6229 D mqq     : [E]doInit begin withcom.tencent.mobileqq:web
01-12 01:54:31.618  6202  6229 W System.err: java.io.FileNotFoundException: /data/data/com.tencent.mobileqq/files/Properties: open failed: ENOENT (No such file or directory)
01-12 01:54:31.618  6202  6229 W System.err: 	at libcore.io.IoBridge.open(IoBridge.java:456)
01-12 01:54:31.618  6202  6229 W System.err: 	at java.io.FileInputStream.<init>(FileInputStream.java:76)
01-12 01:54:31.618  6202  6229 W System.err: 	at android.app.ContextImpl.openFileInput(ContextImpl.java:961)
01-12 01:54:31.618  6202  6229 W System.err: 	at android.content.ContextWrapper.openFileInput(ContextWrapper.java:176)
01-12 01:54:31.618  6202  6229 W System.err: 	at mqq.app.MobileQQ.loadProperites(MobileQQ.java:213)
01-12 01:54:31.618  6202  6229 W System.err: 	at mqq.app.MobileQQ.doInit(MobileQQ.java:154)
01-12 01:54:31.618  6202  6229 W System.err: 	at com.tencent.mobileqq.startup.step.NewRuntime.a(ProGuard:14)
01-12 01:54:31.618  6202  6229 W System.err: 	at com.tencent.mobileqq.startup.step.Step.c(ProGuard:107)
01-12 01:54:31.618  6202  6229 W System.err: 	at com.tencent.mobileqq.startup.step.Step.run(ProGuard:84)
01-12 01:54:31.618  6202  6229 W System.err: 	at com.tencent.mobileqq.app.Job.run(ProGuard:126)
01-12 01:54:31.618  6202  6229 W System.err: 	at java.util.concurrent.ThreadPoolExecutor.runWorker(ThreadPoolExecutor.java:1112)
01-12 01:54:31.618  6202  6229 W System.err: 	at java.util.concurrent.ThreadPoolExecutor$Worker.run(ThreadPoolExecutor.java:587)
01-12 01:54:31.618  6202  6229 W System.err: 	at java.lang.Thread.run(Thread.java:818)
01-12 01:54:31.618  6202  6229 W System.err: Caused by: android.system.ErrnoException: open failed: ENOENT (No such file or directory)
01-12 01:54:31.618  6202  6229 W System.err: 	at libcore.io.Posix.open(Native Method)
01-12 01:54:31.618  6202  6229 W System.err: 	at libcore.io.BlockGuardOs.open(BlockGuardOs.java:186)
01-12 01:54:31.618  6202  6229 W System.err: 	at libcore.io.IoBridge.open(IoBridge.java:442)
01-12 01:54:31.618  6202  6229 W System.err: 	... 12 more
01-12 01:54:31.625  6202  6202 W ResourceType: For resource 0x7f0b0330, entry index(816) is beyond type entryCount(816)
01-12 01:54:31.625  6202  6202 W ResourceType: Failure getting entry for 0x7f0b0330 (t=10 e=816) (error -75)
01-12 01:54:31.638  2147  5372 W ActivityManager: getRunningAppProcesses: caller 10052 does not hold REAL_GET_TASKS; limiting output
01-12 01:54:31.645  2147  2490 I ActivityManager: Start proc 6231:com.tencent.mobileqq/u0a61 for content provider com.tencent.mobileqq/com.tencent.mqq.shared_file_accessor.ContentProviderImpl
01-12 01:54:31.648  6231  6231 D houdini : [6231] Initialize library(version: 5.2.2_y.47738 RELEASE)... successfully.
01-12 01:54:31.652  1890  1890 I art     : Explicit concurrent mark sweep GC freed 709(30KB) AllocSpace objects, 0(0B) LOS objects, 40% free, 1904KB/3MB, paused 90us total 6.398ms
01-12 01:54:31.658  1890  1890 I art     : Explicit concurrent mark sweep GC freed 5(160B) AllocSpace objects, 0(0B) LOS objects, 40% free, 1904KB/3MB, paused 89us total 6.175ms
01-12 01:54:31.664  1890  1890 I art     : Explicit concurrent mark sweep GC freed 5(160B) AllocSpace objects, 0(0B) LOS objects, 40% free, 1904KB/3MB, paused 67us total 5.891ms
01-12 01:54:31.689  2147  2424 I ActivityManager: Start proc 6252:com.tencent.mobileqq:MSF/u0a61 for service com.tencent.mobileqq/.msf.service.MsfService
01-12 01:54:31.689  6202  6229 D MSF.D.Proxy: [E]start service finish
01-12 01:54:31.692  6202  6229 D MSF.D.Proxy: [E]threadID:147, threadName: GlobalPool-L bind com.tencent.mobileqq.msf.service.MsfService service finished true
01-12 01:54:31.692  6202  6229 D mqq     : [E]doinit last == null goto to sharedPreferences....
01-12 01:54:31.692  2147  2424 W ActivityManager: getRunningAppProcesses: caller 10052 does not hold REAL_GET_TASKS; limiting output
01-12 01:54:31.693  6202  6229 D MobileQQ: [E]createNewRuntimefalsefalse5null
01-12 01:54:31.693  6231  6231 I ActivityThread: Switching default density from 160 to 240
01-12 01:54:31.694  6252  6252 D houdini : [6252] Initialize library(version: 5.2.2_y.47738 RELEASE)... successfully.
01-12 01:54:31.695  2147  2446 W InputMethodManagerService: Window already focused, ignoring focus gain of: com.android.internal.view.IInputMethodClient$Stub$Proxy@2c16b7b9 attribute=null, token = android.os.BinderProxy@2e77db9a
01-12 01:54:31.696  2457  2457 I Launcher: Deferring update until onResume
01-12 01:54:31.696  6202  6229 D MSF.D.Proxy: [E]start service finish
01-12 01:54:31.696  6202  6229 D MSF.D.Proxy: [E]threadID:147, threadName: GlobalPool-L bind com.tencent.mobileqq.msf.service.MsfService service finished true
01-12 01:54:31.696  6202  6229 D MobileQQ: [E]CNR account == null
01-12 01:54:31.700  6202  6229 D mqq     : [E]doInit finished
01-12 01:54:31.703  6252  6252 I ActivityThread: Switching default density from 160 to 240
01-12 01:54:31.708  2147  2486 W ActivityManager: getRunningAppProcesses: caller 10061 does not hold REAL_GET_TASKS; limiting output
01-12 01:54:31.708  6231  6231 D BaseApplicationImpl: [E]com.tencent.mobileqq, inject NotVerifyDex Success, cost:0
01-12 01:54:31.709  6231  6231 D BaseApplicationImpl: [E]injectPatchDex false
01-12 01:54:31.709  2147  5373 W ActivityManager: getRunningAppProcesses: caller 10061 does not hold REAL_GET_TASKS; limiting output
01-12 01:54:31.710  2147  5371 W ActivityManager: getRunningAppProcesses: caller 10061 does not hold REAL_GET_TASKS; limiting output
01-12 01:54:31.711  6231  6231 E DexLoadOat: [E]Success
01-12 01:54:31.713  6231  6231 D MSF.D.MonitorSocket: [E]monitor_config not found, disable monitor socket
01-12 01:54:31.713  2147  2166 W ActivityManager: getRunningAppProcesses: caller 10061 does not hold REAL_GET_TASKS; limiting output
01-12 01:54:31.714  6252  6252 D BaseApplicationImpl: [E]com.tencent.mobileqq:MSF, inject NotVerifyDex Success, cost:1
01-12 01:54:31.714  6252  6252 D BaseApplicationImpl: [E]injectPatchDex false
01-12 01:54:31.715  2147  5373 W ActivityManager: getRunningAppProcesses: caller 10061 does not hold REAL_GET_TASKS; limiting output
01-12 01:54:31.715  2147  5371 W ActivityManager: getRunningAppProcesses: caller 10061 does not hold REAL_GET_TASKS; limiting output
01-12 01:54:31.715  6252  6252 D MSF.D.MonitorSocket: [E]monitor_config not found, disable monitor socket
01-12 01:54:31.717  2147  2486 W ActivityManager: getRunningAppProcesses: caller 10061 does not hold REAL_GET_TASKS; limiting output
01-12 01:54:31.717  6252  6283 D appMemory: QLog init retry 
01-12 01:54:31.717  6252  6252 D MSF.S.MsfService: [E]serivce onCreate
01-12 01:54:31.717  6252  6252 D MSF.C.MsfCore: [E]MsfCore init begin.
01-12 01:54:31.720  6252  6252 D MSF.C.Util: [E]save imei:922498605155159,with order:1
01-12 01:54:31.722  6252  6252 D houdini : [6252] Added shared library /data/data/com.tencent.mobileqq/txlib/libmsfbootV2.so for ClassLoader by Native Bridge.
01-12 01:54:31.734  6252  6252 D houdini : [6252] Added shared library /data/app/com.tencent.mobileqq-1/lib/arm/libNativeRQD.so for ClassLoader by Native Bridge.
01-12 01:54:31.734  6252  6252 E art     : No implementation found for java.lang.String com.tencent.feedback.eup.jni.NativeExceptionUpload.registNativeExceptionHandler2(java.lang.String, java.lang.String, int, int) (tried Java_com_tencent_feedback_eup_jni_NativeExceptionUpload_registNativeExceptionHandler2 and Java_com_tencent_feedback_eup_jni_NativeExceptionUpload_registNativeExceptionHandler2__Ljava_lang_String_2Ljava_lang_String_2II)
01-12 01:54:31.735  6252  6252 I native_eup: Java_com_tencent_feedback_eup_jni_NativeExceptionUpload_registNativeExceptionHandler start
01-12 01:54:31.735  6252  6252 I native_eup: found native exception upload!
01-12 01:54:31.736  6252  6252 I native_eup: found native exception handler!
01-12 01:54:31.736  6252  6252 I native_eup: regist handler start procType 1 , level 22 , tombDir:/data/data/com.tencent.mobileqq/app_tombs
01-12 01:54:31.736  6252  6252 I native_eup: registSignal start
01-12 01:54:31.736  6252  6252 I native_eup: registSignal end
01-12 01:54:31.736  6252  6252 I native_eup: regist handler end
01-12 01:54:31.736  6252  6252 I native_eup: Java_com_tencent_feedback_eup_jni_NativeExceptionUpload_registNativeExceptionHandler end
01-12 01:54:31.736  6252  6252 I native_eup: NativeRQDVersion:NRQD_1.7.4.1
01-12 01:54:31.736  6252  6252 I native_eup: Java_com_tencent_feedback_eup_jni_NativeExceptionUpload_enableHandler start
01-12 01:54:31.736  6252  6252 I native_eup: Java_com_tencent_feedback_eup_jni_NativeExceptionUpload_enableHandler end
01-12 01:54:31.736  6252  6252 I native_eup: setLogMode 3 current 4
01-12 01:54:31.737  2147  5373 W ActivityManager: getRunningAppProcesses: caller 10061 does not hold REAL_GET_TASKS; limiting output
01-12 01:54:31.739  2147  2214 D WifiService: New client listening to asynchronous messages
01-12 01:54:31.743  6252  6252 D houdini : [6252] Added shared library /data/data/com.tencent.mobileqq/txlib/libwtecdh.so for ClassLoader by Native Bridge.
01-12 01:54:31.758  2147  2486 W ActivityManager: getRunningAppProcesses: caller 10061 does not hold REAL_GET_TASKS; limiting output
01-12 01:54:31.758  6252  6252 D MSF.C.TokenChecker: [E]msf init ct
01-12 01:54:31.925  2457  2485 E DatabaseUtils: Writing exception to parcel
01-12 01:54:31.925  2457  2485 E DatabaseUtils: java.lang.SecurityException: Permission Denial: writing com.android.launcher3.LauncherProvider uri content://com.android.launcher3.settings/favorites/7?notify=true from pid=5494, uid=10057 requires com.android.launcher3.permission.WRITE_SETTINGS, or grantUriPermission()
01-12 01:54:31.925  2457  2485 E DatabaseUtils: 	at android.content.ContentProvider.enforceWritePermissionInner(ContentProvider.java:604)
01-12 01:54:31.925  2457  2485 E DatabaseUtils: 	at android.content.ContentProvider$Transport.enforceWritePermission(ContentProvider.java:461)
01-12 01:54:31.925  2457  2485 E DatabaseUtils: 	at android.content.ContentProvider$Transport.update(ContentProvider.java:323)
01-12 01:54:31.925  2457  2485 E DatabaseUtils: 	at android.content.ContentProviderNative.onTransact(ContentProviderNative.java:222)
01-12 01:54:31.925  2457  2485 E DatabaseUtils: 	at android.os.Binder.execTransact(Binder.java:446)
01-12 01:54:31.962  2457  2457 I Launcher: Deferring update until onResume
01-12 01:54:32.194  6252  6252 D MsfAliveMonitor: [E]onEventBegin: service
01-12 01:54:32.194  6252  6252 D MsfAliveMonitor: [E]onEventBegin: service
01-12 01:54:32.197  6252  6252 D MSF.C.NetConnInfoCenter: [E]currentAPN:. received networkInfo: CONNECTED :[type: Ethernet[], state: CONNECTED/CONNECTED, reason: (unspecified), extra: f8:32:e4:a0:25:09, roaming: false, failover: false, isAvailable: true, isConnectedToProvisioningNetwork: false]. extra NetworkInfo: null
01-12 01:54:32.201  6252  6252 D houdini : [6252] Added shared library /data/data/com.tencent.mobileqq/txlib/libcodecwrapperV2.so for ClassLoader by Native Bridge.
01-12 01:54:32.201  6252  6252 D MSF.C.CodecWarpper: [E]set so version to 600
01-12 01:54:32.203  6252  6252 D MSF.C.NetConnTag: [E]noTry loadTestServerConfig by release
01-12 01:54:32.214  6320  6320 W linker  : [vdso]: unused DT entry: type 0x6ffffef5 arg 0x160
01-12 01:54:32.215  2147  2297 W ActivityManager: getRunningAppProcesses: caller 10061 does not hold REAL_GET_TASKS; limiting output
01-12 01:54:32.217  6252  6252 D MSF.C.ConfigManager: [E]StandbyMode whitelist not be found.
01-12 01:54:32.224  6252  6252 D MSF.C.MsfCore: [E]MsfCore init finished.
01-12 01:54:32.226  6231  6231 I AutoMonitor: [E]onActivityCreate when 1, mqq.app.QQBroadcastReceiver@10b5a953
01-12 01:54:32.226  6231  6231 D mqq     : [E]doInit begin withcom.tencent.mobileqq
01-12 01:54:32.226  6231  6231 W System.err: java.io.FileNotFoundException: /data/user/0/com.tencent.mobileqq/files/Properties: open failed: ENOENT (No such file or directory)
01-12 01:54:32.227  6231  6231 W System.err: 	at libcore.io.IoBridge.open(IoBridge.java:456)
01-12 01:54:32.227  6231  6231 W System.err: 	at java.io.FileInputStream.<init>(FileInputStream.java:76)
01-12 01:54:32.227  6231  6231 W System.err: 	at android.app.ContextImpl.openFileInput(ContextImpl.java:961)
01-12 01:54:32.227  6231  6231 W System.err: 	at android.content.ContextWrapper.openFileInput(ContextWrapper.java:176)
01-12 01:54:32.227  6231  6231 W System.err: 	at mqq.app.MobileQQ.loadProperites(MobileQQ.java:213)
01-12 01:54:32.227  6231  6231 W System.err: 	at mqq.app.MobileQQ.doInit(MobileQQ.java:154)
01-12 01:54:32.227  6231  6231 W System.err: 	at com.tencent.mobileqq.startup.step.NewRuntime.a(ProGuard:14)
01-12 01:54:32.227  6231  6231 W System.err: 	at com.tencent.mobileqq.startup.step.Step.c(ProGuard:107)
01-12 01:54:32.227  6231  6231 W System.err: 	at com.tencent.mobileqq.startup.step.Step.a(ProGuard:133)
01-12 01:54:32.227  6231  6231 W System.err: 	at com.tencent.mobileqq.startup.step.Step.c(ProGuard:107)
01-12 01:54:32.227  6231  6231 W System.err: 	at com.tencent.mobileqq.startup.director.StartupDirector.a(ProGuard:368)
01-12 01:54:32.227  6231  6231 W System.err: 	at com.tencent.common.app.BaseApplicationImpl.onActivityCreate(ProGuard:244)
01-12 01:54:32.227  6231  6231 W System.err: 	at mqq.app.QQBroadcastReceiver.onReceive(QQBroadcastReceiver.java:30)
01-12 01:54:32.227  6231  6231 W System.err: 	at android.app.ActivityThread.handleReceiver(ActivityThread.java:2609)
01-12 01:54:32.227  6231  6231 W System.err: 	at android.app.ActivityThread.access$1700(ActivityThread.java:151)
01-12 01:54:32.227  6231  6231 W System.err: 	at android.app.ActivityThread$H.handleMessage(ActivityThread.java:1380)
01-12 01:54:32.227  6231  6231 W System.err: 	at android.os.Handler.dispatchMessage(Handler.java:102)
01-12 01:54:32.227  6231  6231 W System.err: 	at android.os.Looper.loop(Looper.java:135)
01-12 01:54:32.227  6231  6231 W System.err: 	at android.app.ActivityThread.main(ActivityThread.java:5254)
01-12 01:54:32.227  6231  6231 W System.err: 	at java.lang.reflect.Method.invoke(Native Method)
01-12 01:54:32.227  6231  6231 W System.err: 	at java.lang.reflect.Method.invoke(Method.java:372)
01-12 01:54:32.227  6231  6231 W System.err: 	at com.android.internal.os.ZygoteInit$MethodAndArgsCaller.run(ZygoteInit.java:903)
01-12 01:54:32.227  6231  6231 W System.err: 	at com.android.internal.os.ZygoteInit.main(ZygoteInit.java:698)
01-12 01:54:32.227  6231  6231 W System.err: Caused by: android.system.ErrnoException: open failed: ENOENT (No such file or directory)
01-12 01:54:32.227  6231  6231 W System.err: 	at libcore.io.Posix.open(Native Method)
01-12 01:54:32.227  6231  6231 W System.err: 	at libcore.io.BlockGuardOs.open(BlockGuardOs.java:186)
01-12 01:54:32.227  6231  6231 W System.err: 	at libcore.io.IoBridge.open(IoBridge.java:442)
01-12 01:54:32.227  6231  6231 W System.err: 	... 22 more
01-12 01:54:32.229  6231  6231 D MSF.D.Proxy: [E]start service finish
01-12 01:54:32.229  6231  6231 D MSF.D.Proxy: [E]threadID:1, threadName: main bind com.tencent.mobileqq.msf.service.MsfService service finished true
01-12 01:54:32.229  6231  6231 D mqq     : [E]doinit last == null goto to sharedPreferences....
01-12 01:54:32.230  6231  6231 D MobileQQ: [E]createNewRuntimetruefalse5null
01-12 01:54:32.233  6231  6231 D MSF.D.Proxy: [E]start service finish
01-12 01:54:32.233  6231  6231 D MSF.D.Proxy: [E]threadID:1, threadName: main bind com.tencent.mobileqq.msf.service.MsfService service finished true
01-12 01:54:32.233  6231  6231 D MobileQQ: [E]CNR account == null
01-12 01:54:32.238  6231  6231 I UniformDownloadMgr<FileAssistant>: [E][UniformDL] UniformDownloadMgr.getInstance.create
01-12 01:54:32.238  6231  6231 I UniformDownloadMgr<FileAssistant>: [E][UniformDL] UniformDownloadMgr onAppInit...
01-12 01:54:32.239  6231  6231 D mqq     : [E]doInit finished
01-12 01:54:32.240  6231  6231 D Rdm     : [E]doStep...process: com.tencent.mobileqq
01-12 01:54:32.246  6231  6231 D StatisticCollector: [E]initCrashReport ... process:com.tencent.mobileqq pid=6231
01-12 01:54:32.247  6231  6231 D StatisticCollector: [E]initNativeCrashReport ... process:com.tencent.mobileqq pid=6231
01-12 01:54:32.253  6231  6231 D houdini : [6231] Added shared library /data/app/com.tencent.mobileqq-1/lib/arm/libNativeRQD.so for ClassLoader by Native Bridge.
01-12 01:54:32.253  6231  6231 E art     : No implementation found for java.lang.String com.tencent.feedback.eup.jni.NativeExceptionUpload.registNativeExceptionHandler2(java.lang.String, java.lang.String, int, int) (tried Java_com_tencent_feedback_eup_jni_NativeExceptionUpload_registNativeExceptionHandler2 and Java_com_tencent_feedback_eup_jni_NativeExceptionUpload_registNativeExceptionHandler2__Ljava_lang_String_2Ljava_lang_String_2II)
01-12 01:54:32.255  6231  6231 I native_eup: Java_com_tencent_feedback_eup_jni_NativeExceptionUpload_registNativeExceptionHandler start
01-12 01:54:32.256  6231  6231 I native_eup: found native exception upload!
01-12 01:54:32.256  6231  6231 I native_eup: found native exception handler!
01-12 01:54:32.256  6231  6231 I native_eup: regist handler start procType 1 , level 22 , tombDir:/data/user/0/com.tencent.mobileqq/app_tombs
01-12 01:54:32.256  6231  6231 I native_eup: registSignal start
01-12 01:54:32.257  6231  6231 I native_eup: registSignal end
01-12 01:54:32.257  6231  6231 I native_eup: regist handler end
01-12 01:54:32.257  6231  6231 I native_eup: Java_com_tencent_feedback_eup_jni_NativeExceptionUpload_registNativeExceptionHandler end
01-12 01:54:32.257  6231  6231 I native_eup: NativeRQDVersion:NRQD_1.7.4.1
01-12 01:54:32.257  6231  6231 I native_eup: Java_com_tencent_feedback_eup_jni_NativeExceptionUpload_enableHandler start
01-12 01:54:32.257  6231  6231 I native_eup: Java_com_tencent_feedback_eup_jni_NativeExceptionUpload_enableHandler end
01-12 01:54:32.258  6231  6231 I native_eup: setLogMode 5 current 4
01-12 01:54:32.270  6231  6231 I art     : Explicit concurrent mark sweep GC freed 6378(441KB) AllocSpace objects, 9(144KB) LOS objects, 25% free, 4MB/6MB, paused 157us total 11.444ms
01-12 01:54:32.273  6231  6341 D houdini : [6341] Added shared library /data/data/com.tencent.mobileqq/lib/libGIFEngine.so for ClassLoader by Native Bridge.
01-12 01:54:32.275  6252  6252 D MSF.S.MsfService: [E]serivce onBind by :com.tencent.mobileqq:web
01-12 01:54:32.275  6231  6231 I AutoMonitor: [E]onActivityCreate when 201, com.tencent.mobileqq.app.CoreService$KernelService@203f61bb
01-12 01:54:32.275  6231  6341 D MSF.D.RemoteServiceProxy: [E]wait start com.tencent.mobileqq.msf.service.MsfService service result, skiped...
01-12 01:54:32.275  6231  6341 D MSF.D.RemoteServiceProxy: [E]sdk version:22
01-12 01:54:32.275  6252  6252 D MSF.S.MsfService: [E]serivce onStart
01-12 01:54:32.275  6252  6252 D MSF.S.MsfService: [E]serivce onStart
01-12 01:54:32.275  6252  6252 D MSF.S.MsfService: [E]serivce onStart
01-12 01:54:32.275  6252  6252 D MSF.S.MsfService: [E]serivce onStart
01-12 01:54:32.276  6231  6341 D MSF.D.RemoteServiceProxy: [E]start MsfService through Broadcast
01-12 01:54:32.276  6231  6341 D MSF.D.Proxy: [E]threadID:173, threadName: URLDrawableSubExecutor bind com.tencent.mobileqq.msf.service.MsfService service finished true
01-12 01:54:32.276  6231  6341 D MSF.D.RemoteServiceProxy: [E]delay binding MSF Service
01-12 01:54:32.276  2147  2297 W ActivityManager: getRunningAppProcesses: caller 10061 does not hold REAL_GET_TASKS; limiting output
01-12 01:54:32.277  2147  5371 W ActivityManager: getRunningAppProcesses: caller 10061 does not hold REAL_GET_TASKS; limiting output
01-12 01:54:32.277  6231  6231 D MSF.D.RemoteServiceProxy: [E]Property get avail memory:15952510976
01-12 01:54:32.277  6231  6341 D MSF.D.RemoteServiceProxy: [E]Property get avail memory:15952510976
01-12 01:54:32.277  6231  6341 D MSF.D.RemoteServiceProxy: [E]Property get low memory feature:false
01-12 01:54:32.277  6231  6231 D MSF.D.RemoteServiceProxy: [E]Property get low memory feature:false
01-12 01:54:32.285  6231  6341 I System  : Loaded time zone names for "zh_CN" in 8ms (7ms in ICU)
01-12 01:54:32.285  2147  2490 W ActivityManager: getRunningAppProcesses: caller 10061 does not hold REAL_GET_TASKS; limiting output
01-12 01:54:32.285  2147  2167 W ActivityManager: getRunningAppProcesses: caller 10061 does not hold REAL_GET_TASKS; limiting output
01-12 01:54:32.286  6231  6341 D MSF.D.RemoteServiceProxy: [E]isMsfAlive:true, cur service process count:37
01-12 01:54:32.286  6231  6231 D MSF.D.RemoteServiceProxy: [E]isMsfAlive:true, cur service process count:37
01-12 01:54:32.286  6231  6341 D MSF.D.RemoteServiceProxy: [E]succ to pull msf service.
01-12 01:54:32.286  6231  6231 D MSF.D.RemoteServiceProxy: [E]succ to pull msf service.
01-12 01:54:32.303  6231  6250 D MSF.D.QLogImpl: [E]set UIN_REPORTLOG_LEVEL 1
01-12 01:54:32.303  6202  6224 D MSF.D.QLogImpl: [E]set UIN_REPORTLOG_LEVEL 1
01-12 01:54:32.335  6231  6280 D MSF.D.QLogImpl: [E]set UIN_REPORTLOG_LEVEL 1
01-12 01:54:32.335  6202  6225 D MSF.D.QLogImpl: [E]set UIN_REPORTLOG_LEVEL 1
01-12 01:54:32.346  6202  6340 D MSF.D.QLogImpl: [E]set UIN_REPORTLOG_LEVEL 1
01-12 01:54:32.346  6231  6251 D MSF.D.QLogImpl: [E]set UIN_REPORTLOG_LEVEL 1
01-12 01:54:32.406  6202  6224 D MSF.D.QLogImpl: [E]set UIN_REPORTLOG_LEVEL 1
01-12 01:54:32.407  6231  6281 D MSF.D.QLogImpl: [E]set UIN_REPORTLOG_LEVEL 1
01-12 01:54:32.865  5282  5323 D ++++++++: IsGetNotificationTimeOut = 1070865 dis = 28800000
01-12 01:54:32.946  2147  5371 W ActivityManager: getRunningAppProcesses: caller 10061 does not hold REAL_GET_TASKS; limiting output
01-12 01:54:32.947  2147  2424 W ActivityManager: getRunningAppProcesses: caller 10061 does not hold REAL_GET_TASKS; limiting output
01-12 01:54:32.947  2147  2446 W ActivityManager: getRunningAppProcesses: caller 10061 does not hold REAL_GET_TASKS; limiting output
01-12 01:54:33.020  2147  2166 I ActivityManager: START u0 {act=android.intent.action.MAIN cat=[android.intent.category.LAUNCHER] flg=0x10000000 pkg=com.kiloo.subwaysurf cmp=com.kiloo.subwaysurf/com.idsky.android.impl.ui.IdskySplashActivity} from uid 10040 on display 0
01-12 01:54:33.021  2147  2219 W AudioTrack: AUDIO_OUTPUT_FLAG_FAST denied by client
01-12 01:54:33.028  2147  2166 V WindowManager: addAppToken: AppWindowToken{35503e7d token=Token{cd20cd4 ActivityRecord{3a515227 u0 com.kiloo.subwaysurf/com.idsky.android.impl.ui.IdskySplashActivity t22}}} to stack=1 task=22 at 0
01-12 01:54:33.033  1882  2144 D audio_hw_primary: found out /dev/snd/pcmC0D0p
01-12 01:54:33.049  2147  2177 V WindowManager: Adding window Window{1ef9a2be u0 Starting com.kiloo.subwaysurf} at 6 of 11 (after Window{10d9ccb u0 com.android.packageinstaller/com.android.packageinstaller.InstallAppProgress})
01-12 01:54:33.085  6351  6351 D houdini : [6351] Initialize library(version: 5.2.2_y.47738 RELEASE)... successfully.
01-12 01:54:33.086  2147  2486 I ActivityManager: Start proc 6351:com.kiloo.subwaysurf/u0a62 for activity com.kiloo.subwaysurf/com.idsky.android.impl.ui.IdskySplashActivity
01-12 01:54:33.102  2276  2276 V PhoneStatusBar: setLightsOn(true)
01-12 01:54:33.104  6351  6351 I ActivityThread: Switching default density from 160 to 240
01-12 01:54:33.109  4665  4686 D OpenGLRenderer: endAllStagingAnimators on 0x7f1016de8400 (RippleDrawable) with handle 0x7f1016c20a40
01-12 01:54:33.110  6351  6351 D SkynetApi: onApplicationCreate
01-12 01:54:33.110  6351  6351 W System.err: java.lang.ClassNotFoundException: com.skynet.android.uc.UC
01-12 01:54:33.110  6351  6351 W System.err: 	at java.lang.Class.classForName(Native Method)
01-12 01:54:33.110  6351  6351 W System.err: 	at java.lang.Class.forName(Class.java:309)
01-12 01:54:33.110  6351  6351 W System.err: 	at java.lang.Class.forName(Class.java:273)
01-12 01:54:33.110  6351  6351 W System.err: 	at com.skynet.android.Skynet.invoke(SourceFile:4209)
01-12 01:54:33.110  6351  6351 W System.err: 	at com.skynet.android.Skynet.onApplicationCreate(SourceFile:3691)
01-12 01:54:33.110  6351  6351 W System.err: 	at com.kiloo.subwaysurf.BaiDuApplication.onCreate(BaiDuApplication.java:11)
01-12 01:54:33.110  6351  6351 W System.err: 	at android.app.Instrumentation.callApplicationOnCreate(Instrumentation.java:1012)
01-12 01:54:33.110  6351  6351 W System.err: 	at android.app.ActivityThread.handleBindApplication(ActivityThread.java:4553)
01-12 01:54:33.110  6351  6351 W System.err: 	at android.app.ActivityThread.access$1500(ActivityThread.java:151)
01-12 01:54:33.110  6351  6351 W System.err: 	at android.app.ActivityThread$H.handleMessage(ActivityThread.java:1364)
01-12 01:54:33.110  6351  6351 W System.err: 	at android.os.Handler.dispatchMessage(Handler.java:102)
01-12 01:54:33.110  6351  6351 W System.err: 	at android.os.Looper.loop(Looper.java:135)
01-12 01:54:33.110  6351  6351 W System.err: 	at android.app.ActivityThread.main(ActivityThread.java:5254)
01-12 01:54:33.110  6351  6351 W System.err: 	at java.lang.reflect.Method.invoke(Native Method)
01-12 01:54:33.110  6351  6351 W System.err: 	at java.lang.reflect.Method.invoke(Method.java:372)
01-12 01:54:33.110  6351  6351 W System.err: 	at com.android.internal.os.ZygoteInit$MethodAndArgsCaller.run(ZygoteInit.java:903)
01-12 01:54:33.111  6351  6351 W System.err: 	at com.android.internal.os.ZygoteInit.main(ZygoteInit.java:698)
01-12 01:54:33.111  6351  6351 W System.err: Caused by: java.lang.ClassNotFoundException: Didn't find class "com.skynet.android.uc.UC" on path: DexPathList[[zip file "/data/app/com.kiloo.subwaysurf-1/base.apk"],nativeLibraryDirectories=[/data/app/com.kiloo.subwaysurf-1/lib/arm, /vendor/lib, /system/lib]]
01-12 01:54:33.111  6351  6351 W System.err: 	at dalvik.system.BaseDexClassLoader.findClass(BaseDexClassLoader.java:56)
01-12 01:54:33.111  6351  6351 W System.err: 	at java.lang.ClassLoader.loadClass(ClassLoader.java:511)
01-12 01:54:33.111  6351  6351 W System.err: 	at java.lang.ClassLoader.loadClass(ClassLoader.java:469)
01-12 01:54:33.111  6351  6351 W System.err: 	... 17 more
01-12 01:54:33.111  6351  6351 W System.err: 	Suppressed: java.lang.ClassNotFoundException: com.skynet.android.uc.UC
01-12 01:54:33.111  6351  6351 W System.err: 		at java.lang.Class.classForName(Native Method)
01-12 01:54:33.111  6351  6351 W System.err: 		at java.lang.BootClassLoader.findClass(ClassLoader.java:781)
01-12 01:54:33.111  6351  6351 W System.err: 		at java.lang.BootClassLoader.loadClass(ClassLoader.java:841)
01-12 01:54:33.111  6351  6351 W System.err: 		at java.lang.ClassLoader.loadClass(ClassLoader.java:504)
01-12 01:54:33.111  6351  6351 W System.err: 		... 18 more
01-12 01:54:33.111  6351  6351 W System.err: 	Caused by: java.lang.NoClassDefFoundError: Class not found using the boot class loader; no stack available
01-12 01:54:33.112  6351  6351 W System.err: java.lang.ClassNotFoundException: com.gionee.game.offlinesdk.GamePlatform
01-12 01:54:33.112  6351  6351 W System.err: 	at java.lang.Class.classForName(Native Method)
01-12 01:54:33.112  6351  6351 W System.err: 	at java.lang.Class.forName(Class.java:309)
01-12 01:54:33.112  6351  6351 W System.err: 	at com.skynet.android.amigo.Amigo.isEnable(SourceFile:27)
01-12 01:54:33.112  6351  6351 W System.err: 	at com.skynet.android.amigo.Amigo.onApplicationCreate(SourceFile:17)
01-12 01:54:33.112  6351  6351 W System.err: 	at java.lang.reflect.Method.invoke(Native Method)
01-12 01:54:33.112  6351  6351 W System.err: 	at java.lang.reflect.Method.invoke(Method.java:372)
01-12 01:54:33.112  6351  6351 W System.err: 	at com.skynet.android.Skynet.invoke(SourceFile:4217)
01-12 01:54:33.112  6351  6351 W System.err: 	at com.skynet.android.Skynet.onApplicationCreate(SourceFile:3693)
01-12 01:54:33.112  6351  6351 W System.err: 	at com.kiloo.subwaysurf.BaiDuApplication.onCreate(BaiDuApplication.java:11)
01-12 01:54:33.112  6351  6351 W System.err: 	at android.app.Instrumentation.callApplicationOnCreate(Instrumentation.java:1012)
01-12 01:54:33.112  6351  6351 W System.err: 	at android.app.ActivityThread.handleBindApplication(ActivityThread.java:4553)
01-12 01:54:33.112  6351  6351 W System.err: 	at android.app.ActivityThread.access$1500(ActivityThread.java:151)
01-12 01:54:33.112  6351  6351 W System.err: 	at android.app.ActivityThread$H.handleMessage(ActivityThread.java:1364)
01-12 01:54:33.112  6351  6351 W System.err: 	at android.os.Handler.dispatchMessage(Handler.java:102)
01-12 01:54:33.112  6351  6351 W System.err: 	at android.os.Looper.loop(Looper.java:135)
01-12 01:54:33.112  6351  6351 W System.err: 	at android.app.ActivityThread.main(ActivityThread.java:5254)
01-12 01:54:33.112  6351  6351 W System.err: 	at java.lang.reflect.Method.invoke(Native Method)
01-12 01:54:33.112  6351  6351 W System.err: 	at java.lang.reflect.Method.invoke(Method.java:372)
01-12 01:54:33.112  6351  6351 W System.err: 	at com.android.internal.os.ZygoteInit$MethodAndArgsCaller.run(ZygoteInit.java:903)
01-12 01:54:33.113  6351  6351 W System.err: 	at com.android.internal.os.ZygoteInit.main(ZygoteInit.java:698)
01-12 01:54:33.113  6351  6351 W System.err: Caused by: java.lang.ClassNotFoundException: Didn't find class "com.gionee.game.offlinesdk.GamePlatform" on path: DexPathList[[zip file "/data/app/com.kiloo.subwaysurf-1/base.apk"],nativeLibraryDirectories=[/data/app/com.kiloo.subwaysurf-1/lib/arm, /vendor/lib, /system/lib]]
01-12 01:54:33.113  6351  6351 W System.err: 	at dalvik.system.BaseDexClassLoader.findClass(BaseDexClassLoader.java:56)
01-12 01:54:33.113  6351  6351 W System.err: 	at java.lang.ClassLoader.loadClass(ClassLoader.java:511)
01-12 01:54:33.113  6351  6351 W System.err: 	at java.lang.ClassLoader.loadClass(ClassLoader.java:469)
01-12 01:54:33.113  6351  6351 W System.err: 	... 20 more
01-12 01:54:33.113  6351  6351 W System.err: 	Suppressed: java.lang.ClassNotFoundException: com.gionee.game.offlinesdk.GamePlatform
01-12 01:54:33.113  6351  6351 W System.err: 		at java.lang.Class.classForName(Native Method)
01-12 01:54:33.113  6351  6351 W System.err: 		at java.lang.BootClassLoader.findClass(ClassLoader.java:781)
01-12 01:54:33.113  6351  6351 W System.err: 		at java.lang.BootClassLoader.loadClass(ClassLoader.java:841)
01-12 01:54:33.113  6351  6351 W System.err: 		at java.lang.ClassLoader.loadClass(ClassLoader.java:504)
01-12 01:54:33.113  6351  6351 W System.err: 		... 21 more
01-12 01:54:33.113  6351  6351 W System.err: 	Caused by: java.lang.NoClassDefFoundError: Class not found using the boot class loader; no stack available
01-12 01:54:33.113  2147  2167 W ActivityManager: getRunningAppProcesses: caller 10062 does not hold REAL_GET_TASKS; limiting output
01-12 01:54:33.124  6351  6351 D houdini : [6351] Added shared library /data/app/com.kiloo.subwaysurf-1/lib/arm/libmegjb.so for ClassLoader by Native Bridge.
01-12 01:54:33.177  6351  6351 D houdini : [6351] Added shared library /data/data/com.kiloo.subwaysurf/files/libmegbpp_02.02.16_01.so for ClassLoader by Native Bridge.
01-12 01:54:33.228  2147  2188 I InputDispatcher: Dropping event because there is no touchable window at (1169, 924).
01-12 01:54:33.235  2147  2188 I InputDispatcher: Dropping event because there is no touchable window at (1168, 924).
01-12 01:54:33.244  2147  2188 I InputDispatcher: Dropping event because there is no touchable window at (1168, 923).
01-12 01:54:33.251  2147  2188 I InputDispatcher: Dropping event because there is no touchable window at (1167, 923).
01-12 01:54:33.260  2147  2188 I InputDispatcher: Dropping event because there is no touchable window at (1166, 923).
01-12 01:54:33.267  2147  2188 I InputDispatcher: Dropping event because there is no touchable window at (1166, 922).
01-12 01:54:33.276  2147  2188 I InputDispatcher: Dropping event because there is no touchable window at (1165, 922).
01-12 01:54:33.283  2147  2188 I InputDispatcher: Dropping event because there is no touchable window at (1164, 922).
01-12 01:54:33.291  2147  2188 I InputDispatcher: Dropping event because there is no touchable window at (1163, 921).
01-12 01:54:33.299  2147  2188 I InputDispatcher: Dropping event because there is no touchable window at (1163, 920).
01-12 01:54:33.307  2147  2188 I InputDispatcher: Dropping event because there is no touchable window at (1162, 920).
01-12 01:54:33.323  2147  2188 I InputDispatcher: Dropping event because there is no touchable window at (1161, 920).
01-12 01:54:33.347  2147  2188 I InputDispatcher: Dropping event because there is no touchable window at (1160, 920).
01-12 01:54:33.371  2147  2188 I InputDispatcher: Dropping event because there is no touchable window at (1160, 919).
01-12 01:54:33.387  2147  2188 I InputDispatcher: Dropping event because there is no touchable window at (1159, 919).
01-12 01:54:33.423  6385  6385 W linker  : [vdso]: unused DT entry: type 0x6ffffef5 arg 0xec
01-12 01:54:33.423  6385  6385 E cutils-trace: Error opening trace file: Permission denied (13)
01-12 01:54:33.423  6385  6385 I dex2oat : /system/bin/dex2oat --runtime-arg -classpath --runtime-arg  --instruction-set=x86 --instruction-set-features=default --runtime-arg -Xrelocate --boot-image=/system/framework/boot.art --dex-file=/data/data/com.kiloo.subwaysurf/appsdk0_.dex --oat-fd=28 --oat-location=/data/data/com.kiloo.subwaysurf/files/appsdk0_.dex --runtime-arg -Xms64m --runtime-arg -Xmx512m
01-12 01:54:33.451  2147  2188 I InputDispatcher: Dropping event because there is no touchable window at (1158, 919).
01-12 01:54:33.460  2147  2188 I InputDispatcher: Dropping event because there is no touchable window at (1158, 918).
01-12 01:54:33.540  2147  2188 I InputDispatcher: Dropping event because there is no touchable window at (1157, 918).
01-12 01:54:33.548  2147  2188 I InputDispatcher: Dropping event because there is no touchable window at (1157, 917).
01-12 01:54:33.564  2147  2188 I InputDispatcher: Dropping event because there is no touchable window at (1156, 916).
01-12 01:54:33.580  2147  2188 I InputDispatcher: Dropping event because there is no touchable window at (1155, 916).
01-12 01:54:33.612  2147  2188 I InputDispatcher: Dropping event because there is no touchable window at (1155, 915).
01-12 01:54:33.616  2147  2167 W ActivityManager: getRunningAppProcesses: caller 10061 does not hold REAL_GET_TASKS; limiting output
01-12 01:54:33.616  2147  2297 W ActivityManager: getRunningAppProcesses: caller 10061 does not hold REAL_GET_TASKS; limiting output
01-12 01:54:33.617  2147  5371 W ActivityManager: getRunningAppProcesses: caller 10061 does not hold REAL_GET_TASKS; limiting output
01-12 01:54:33.620  2147  2167 W ActivityManager: getRunningAppProcesses: caller 10061 does not hold REAL_GET_TASKS; limiting output
01-12 01:54:33.621  2147  2297 W ActivityManager: getRunningAppProcesses: caller 10061 does not hold REAL_GET_TASKS; limiting output
01-12 01:54:33.622  2147  5371 W ActivityManager: getRunningAppProcesses: caller 10061 does not hold REAL_GET_TASKS; limiting output
01-12 01:54:33.623  2147  2166 W ActivityManager: getRunningAppProcesses: caller 10061 does not hold REAL_GET_TASKS; limiting output
01-12 01:54:33.628  2147  2188 I InputDispatcher: Dropping event because there is no touchable window at (1154, 915).
01-12 01:54:33.639  6385  6385 I dex2oat : dex2oat took 215.183ms (threads: 8) arena alloc=152KB java alloc=2MB native alloc=5MB free=2MB
01-12 01:54:33.660  2147  2188 I InputDispatcher: Dropping event because there is no touchable window at (1154, 914).
01-12 01:54:33.668  2147  2188 I InputDispatcher: Dropping event because there is no touchable window at (1153, 914).
01-12 01:54:33.684  2147  2188 I InputDispatcher: Dropping event because there is no touchable window at (1153, 913).
01-12 01:54:33.700  2147  2188 I InputDispatcher: Dropping event because there is no touchable window at (1152, 913).
01-12 01:54:33.715  2147  2188 I InputDispatcher: Dropping event because there is no touchable window at (1152, 912).
01-12 01:54:33.723  2147  2188 I InputDispatcher: Dropping event because there is no touchable window at (1151, 912).
01-12 01:54:33.756  2147  2188 I InputDispatcher: Dropping event because there is no touchable window at (1150, 912).
01-12 01:54:33.763  6351  6351 E art     : ----- class 'Lcom/ir/gc/CustomContentProvider;' cl=0x12d692a0 -----
01-12 01:54:33.763  6351  6351 E art     :   objectSize=412 (412 from super)
01-12 01:54:33.763  6351  6351 E art     :   access=0x0000.0001
01-12 01:54:33.763  6351  6351 E art     :   super='java.lang.Class<java.lang.Object>' (cl=0x0)
01-12 01:54:33.763  6351  6351 E art     :   vtable (0 entries, 11 in super):
01-12 01:54:33.763  6351  6351 E art     :   direct methods (23 entries):
01-12 01:54:33.763  6351  6351 E art     :      0: void com.ir.gc.CustomContentProvider.<init>()
01-12 01:54:33.763  6351  6351 E art     :      1: java.lang.String com.ir.gc.CustomContentProvider.GetInfoA(android.content.Context, java.lang.String)
01-12 01:54:33.763  6351  6351 E art     :      2: byte[] com.ir.gc.CustomContentProvider.GetInfoB(android.content.Context)
01-12 01:54:33.763  6351  6351 E art     :      3: java.lang.String com.ir.gc.CustomContentProvider.GetNormalBillingReq(android.content.Context, java.lang.String, java.lang.String)
01-12 01:54:33.763  6351  6351 E art     :      4: java.lang.String com.ir.gc.CustomContentProvider.GetSecureBillingRequest(android.content.Context, java.lang.String, java.lang.String)
01-12 01:54:33.763  6351  6351 E art     :      5: java.lang.String com.ir.gc.CustomContentProvider.GetSecureSessionRequest(android.content.Context, java.lang.String, java.lang.String, java.lang.String)
01-12 01:54:33.763  6351  6351 E art     :      6: java.lang.String com.ir.gc.CustomContentProvider.getAgentVersion()
01-12 01:54:33.763  6351  6351 E art     :      7: java.lang.String com.ir.gc.CustomContentProvider.getAppid(android.content.Context)
01-12 01:54:33.763  6351  6351 E art     :      8: java.lang.String com.ir.gc.CustomContentProvider.getContentValue(android.content.Context, java.lang.String, java.lang.String)
01-12 01:54:33.763  6351  6351 E art     :      9: java.lang.String com.ir.gc.CustomContentProvider.getPublicKey(android.content.Context)
01-12 01:54:33.763  6351  6351 E art     :     10: java.lang.String com.ir.gc.CustomContentProvider.nGetContentValue(java.lang.String, java.lang.String, java.lang.String, java.lang.String)
