12-14 03:56:54.774  2064  2064 I art     : DexFile_isDexOptNeeded file /system/app/Camera2/x86_64/Camera2.odex needs to be relocated for /system/app/Camera2/Camera2.apk
12-14 03:56:54.778  2064  2064 I art     : DexFile_isDexOptNeeded file /system/app/SpeechRecorder/x86_64/SpeechRecorder.odex needs to be relocated for /system/app/SpeechRecorder/SpeechRecorder.apk
12-14 03:56:54.796  2064  2064 I art     : DexFile_isDexOptNeeded file /system/app/SoundRecorder/x86_64/SoundRecorder.odex needs to be relocated for /system/app/SoundRecorder/SoundRecorder.apk
12-14 03:56:54.798  2064  2064 I art     : DexFile_isDexOptNeeded file /system/app/LiveWallpapersPicker/x86_64/LiveWallpapersPicker.odex needs to be relocated for /system/app/LiveWallpapersPicker/LiveWallpapersPicker.apk
12-14 03:56:54.807  2064  2064 D PackageManager: No files in app dir /system/vendor/app
12-14 03:56:54.807  2064  2064 D PackageManager: No files in app dir /oem/app
12-14 03:56:54.809  2064  2064 D PackageManager: No files in app dir /data/app
12-14 03:56:54.809  2064  2064 D PackageManager: No files in app dir /data/app-private
12-14 03:56:54.809  2064  2064 W PackageManager: Package com.android.gallery3d desires unavailable shared library com.google.android.media.effects; ignoring!
12-14 03:56:54.809  2064  2064 W PackageManager: Package com.android.gallery3d desires unavailable shared library com.google.android.media.effects; ignoring!
12-14 03:56:54.809  2064  2064 I PackageManager: Adjusting ABI for : com.android.server.telecom to x86_64
12-14 03:56:54.809  2064  2064 I PackageManager: Adjusting ABI for : org.zeroxlab.util.tscal to x86_64
12-14 03:56:54.809  2064  2064 I PackageManager: Adjusting ABI for : com.android.inputdevices to x86_64
12-14 03:56:54.809  2064  2064 I PackageManager: Adjusting ABI for : com.android.providers.settings to x86_64
12-14 03:56:54.809  2064  2064 I PackageManager: Adjusting ABI for : com.android.settings to x86_64
12-14 03:56:54.809  2064  2064 I PackageManager: Adjusting ABI for : com.android.location.fused to x86_64
12-14 03:56:54.809  2064  2064 I PackageManager: Adjusting ABI for : com.android.keychain to x86_64
12-14 03:56:54.809  2064  2064 I PackageManager: Time to scan packages: 0.39 seconds
12-14 03:56:54.809  2064  2064 W PackageManager: Unknown permission com.google.android.googleapps.permission.GOOGLE_AUTH in package com.android.providers.calendar
12-14 03:56:54.809  2064  2064 W PackageManager: Unknown permission com.google.android.googleapps.permission.GOOGLE_AUTH.cl in package com.android.providers.calendar
12-14 03:56:54.809  2064  2064 W PackageManager: Not granting permission android.permission.GLOBAL_SEARCH to package com.android.quicksearchbox (protectionLevel=18 flags=0x8be45)
12-14 03:56:54.809  2064  2064 W PackageManager: Not granting permission android.permission.ACCESS_DOWNLOAD_MANAGER to package com.android.browser (protectionLevel=18 flags=0x9be45)
12-14 03:56:54.809  2064  2064 W PackageManager: Not granting permission android.permission.SEND_DOWNLOAD_COMPLETED_INTENTS to package com.android.browser (protectionLevel=2 flags=0x9be45)
12-14 03:56:54.809  2064  2064 W PackageManager: Not granting permission android.permission.BIND_WALLPAPER to package com.android.camera2 (protectionLevel=18 flags=0x58bc45)
12-14 03:56:54.809  2064  2064 W PackageManager: Unknown permission android.permission.INSTALL_DRM in package com.android.mms
12-14 03:56:54.809  2064  2064 W PackageManager: Not granting permission android.permission.BIND_APPWIDGET to package com.android.launcher3 (protectionLevel=18 flags=0x483e45)
12-14 03:56:54.809  2064  2064 W PackageManager: Unknown permission com.android.launcher.permission.READ_SETTINGS in package com.android.launcher3
12-14 03:56:54.809  2064  2064 W PackageManager: Unknown permission com.android.launcher.permission.WRITE_SETTINGS in package com.android.launcher3
12-14 03:56:54.809  2064  2064 W PackageManager: Unknown permission com.google.android.googleapps.permission.GOOGLE_AUTH.mail in package com.android.calendar
12-14 03:56:54.809  2064  2064 W PackageManager: Unknown permission com.android.launcher.permission.READ_SETTINGS in package com.android.onetimeinitializer
12-14 03:56:54.809  2064  2064 W PackageManager: Unknown permission com.android.launcher.permission.WRITE_SETTINGS in package com.android.onetimeinitializer
12-14 03:56:54.809  2064  2064 W PackageManager: Not granting permission android.permission.DELETE_PACKAGES to package com.svox.pico (protectionLevel=18 flags=0x8be45)
12-14 03:56:54.809  2064  2064 W PackageManager: Unknown permission com.cyanogenmod.filemanager.permissions.READ_THEME in package com.cyanogenmod.filemanager
12-14 03:56:54.809  2064  2064 W PackageManager: Unknown permission com.google.android.googleapps.permission.GOOGLE_AUTH in package com.android.settings
12-14 03:56:54.809  2064  2064 W PackageManager: Unknown permission com.android.launcher.permission.READ_SETTINGS in package com.android.settings
12-14 03:56:54.809  2064  2064 W PackageManager: Unknown permission com.android.launcher.permission.WRITE_SETTINGS in package com.android.settings
12-14 03:56:54.809  2064  2064 W PackageManager: Unknown permission com.android.smspush.WAPPUSH_MANAGER_BIND in package com.android.phone
12-14 03:56:54.810  2064  2064 W PackageManager: Not granting permission android.permission.DEVICE_POWER to package com.android.deskclock (protectionLevel=2 flags=0x48be45)
12-14 03:56:54.810  2064  2064 W PackageManager: Unknown permission com.google.android.gallery3d.permission.GALLERY_PROVIDER in package com.android.bluetooth
12-14 03:56:54.810  2064  2064 W PackageManager: Unknown permission com.google.android.googleapps.permission.ACCESS_GOOGLE_PASSWORD in package com.android.development
12-14 03:56:54.810  2064  2064 W PackageManager: Unknown permission com.google.android.googleapps.permission.GOOGLE_AUTH in package com.android.development
12-14 03:56:54.810  2064  2064 W PackageManager: Unknown permission com.google.android.googleapps.permission.GOOGLE_AUTH.ALL_SERVICES in package com.android.development
12-14 03:56:54.810  2064  2064 W PackageManager: Unknown permission com.google.android.googleapps.permission.GOOGLE_AUTH.YouTubeUser in package com.android.development
12-14 03:56:54.822  2064  2064 I art     : Explicit concurrent mark sweep GC freed 39284(1922KB) AllocSpace objects, 2(32KB) LOS objects, 33% free, 4MB/6MB, paused 207us total 5.938ms
12-14 03:56:54.822  2064  2064 I SystemServer: User Service
12-14 03:56:54.824  1793  1793 I lowmemorykiller: ActivityManager connected
12-14 03:56:54.826  2064  2064 I SystemServiceManager: Starting com.android.server.lights.LightsService
12-14 03:56:54.827  2064  2064 D lights  : Detect /sys/class/backlight/intel_backlight/max_brightness
12-14 03:56:54.827  2064  2064 D lights  : Detect /sys/class/backlight/intel_backlight/brightness
12-14 03:56:54.827  2064  2064 I SystemServiceManager: Starting com.android.server.BatteryService
12-14 03:56:54.941  2064  2064 I SystemServiceManager: Starting com.android.server.usage.UsageStatsService
12-14 03:56:54.946  2064  2064 I UsageStatsService: User[0] Rollover scheduled @ 2015-12-15 00:00:00(1450137600000)
12-14 03:56:54.946  2064  2064 I SystemServiceManager: Starting com.android.server.webkit.WebViewUpdateService
12-14 03:56:54.948  2064  2064 I SystemServer: Reading configuration...
12-14 03:56:54.948  2064  2064 I SystemServer: Scheduling Policy
12-14 03:56:54.948  2064  2064 I SystemServiceManager: Starting com.android.server.telecom.TelecomLoaderService
12-14 03:56:54.948  2064  2064 I SystemServer: Telephony Registry
12-14 03:56:54.950  2064  2064 I SystemServer: Entropy Mixer
12-14 03:56:54.951  2064  2064 I EntropyMixer: Writing entropy...
12-14 03:56:54.954  2064  2064 I SystemServer: Account Manager
12-14 03:56:54.957  2064  2064 I SystemServer: Content Manager
12-14 03:56:54.959  2064  2064 I SystemServer: System Content Providers
12-14 03:56:54.968  2064  2064 I SystemServer: Vibrator Service
12-14 03:56:54.969  2064  2064 I SystemServer: Consumer IR Service
12-14 03:56:54.969  2064  2064 E ConsumerIrService: Can't open consumer IR HW Module, error: -2
12-14 03:56:54.969  2064  2064 I SystemServiceManager: Starting com.android.server.AlarmManagerService
12-14 03:56:54.975  2064  2064 I SystemServer: Init Watchdog
12-14 03:56:54.975  2064  2064 I SystemServer: Input Manager
12-14 03:56:54.976  2064  2064 I InputManager: Initializing input manager, mUseDevInputEventForAudioJack=true
12-14 03:56:54.977  2064  2064 I SystemServer: Window Manager
12-14 03:56:54.990  2064  2094 I WindowManager: No existing display settings /data/system/display_settings.xml; starting empty
12-14 03:56:54.992  1796  2051 D PermissionCache: checking android.permission.ACCESS_SURFACE_FLINGER for uid=1000 => granted (485 us)
12-14 03:56:55.002  2064  2064 I InputManager: Starting input manager
12-14 03:56:55.002  2064  2064 I SystemServer: Bluetooth Manager Service
12-14 03:56:55.002  2064  2107 D EventHub: No input device configuration file found for device 'Android Power Button'.
12-14 03:56:55.004  2064  2064 D BluetoothManagerService: Loading stored name and address
12-14 03:56:55.004  2064  2064 D BluetoothManagerService: Stored bluetooth Name=S6,Address=E8:B1:FC:A6:56:ED
12-14 03:56:55.004  2064  2064 I SystemServer: Input Method Service
12-14 03:56:55.004  2064  2107 W EventHub: Unable to disable kernel key repeat for /dev/input/event15: Function not implemented
12-14 03:56:55.004  2064  2107 I EventHub: New device: id=1, fd=76, path='/dev/input/event15', name='Android Power Button', classes=0x1, configuration='', keyLayout='/system/usr/keylayout/Generic.kl', keyCharacterMap='/system/usr/keychars/Generic.kcm', builtinKeyboard=false, wakeMechanism=EPOLLWAKEUP, usingClockIoctl=true
12-14 03:56:55.004  2064  2107 I EventHub: ignoring event id /dev/input/event2 driver Power Button
12-14 03:56:55.006  2064  2064 W InputMethodManagerService: Couldn't create dir.: /data/system/inputmethod
12-14 03:56:55.012  2064  2064 I SystemServer: Accessibility Manager
12-14 03:56:55.014  2064  2064 I ActivityManager: Config changes=1df8 {1.0 ?mcc?mnc en_US ?layoutDir sw720dp w1280dp h720dp 240dpi xlrg long land ?uimode ?night -touch -keyb/v/h -nav/h s.2}
12-14 03:56:55.016  2064  2107 I EventHub: ignoring event id /dev/input/event1 driver Power Button
12-14 03:56:55.024  2064  2107 D EventHub: No input device configuration file found for device 'Video Bus'.
12-14 03:56:55.025  2064  2107 W EventHub: Unable to disable kernel key repeat for /dev/input/event5: Function not implemented
12-14 03:56:55.025  2064  2107 I EventHub: New device: id=2, fd=78, path='/dev/input/event5', name='Video Bus', classes=0x1, configuration='', keyLayout='/system/usr/keylayout/Generic.kl', keyCharacterMap='/system/usr/keychars/Generic.kcm', builtinKeyboard=false, wakeMechanism=EPOLLWAKEUP, usingClockIoctl=true
12-14 03:56:55.025  2064  2107 D EventHub: No input device configuration file found for device 'Video Bus'.
12-14 03:56:55.026  2064  2107 W EventHub: Unable to disable kernel key repeat for /dev/input/event4: Function not implemented
12-14 03:56:55.026  2064  2107 I EventHub: New device: id=3, fd=79, path='/dev/input/event4', name='Video Bus', classes=0x1, configuration='', keyLayout='/system/usr/keylayout/Generic.kl', keyCharacterMap='/system/usr/keychars/Generic.kcm', builtinKeyboard=false, wakeMechanism=EPOLLWAKEUP, usingClockIoctl=true
12-14 03:56:55.026  2064  2107 D EventHub: No input device configuration file found for device 'Lid Switch'.
12-14 03:56:55.026  2064  2107 I EventHub: New device: id=4, fd=80, path='/dev/input/event0', name='Lid Switch', classes=0x80, configuration='', keyLayout='', keyCharacterMap='', builtinKeyboard=false, wakeMechanism=EPOLLWAKEUP, usingClockIoctl=true
12-14 03:56:55.026  2064  2107 D EventHub: No input device configuration file found for device 'PC Speaker'.
12-14 03:56:55.036  2064  2064 I ActivityManager: Config changes=500 {1.0 ?mcc?mnc en_US ?layoutDir sw720dp w1280dp h646dp 240dpi lrg long land ?uimode ?night -touch -keyb/v/h -nav/h s.3}
12-14 03:56:55.036  2064  2064 I SystemServer: Mount Service
12-14 03:56:55.037  2064  2064 D MountService: got storage path: null description: Internal storage primary: true removable: false emulated: true mtpReserve: 100 allowMassStorage: false maxFileSize: 0
12-14 03:56:55.037  2064  2064 D MountService: addVolumeLocked() StorageVolume:
12-14 03:56:55.037  2064  2064 D MountService:     mStorageId=65537 mPath=/storage/emulated/0 mDescriptionId=17040805 
12-14 03:56:55.037  2064  2064 D MountService:     mPrimary=true mRemovable=false mEmulated=true mMtpReserveSpace=100 
12-14 03:56:55.037  2064  2064 D MountService:     mAllowMassStorage=false mMaxFileSize=0 mOwner=UserHandle{0} mUuid=null 
12-14 03:56:55.037  2064  2064 D MountService:     mUserLabel=null mState=null 
12-14 03:56:55.037  2064  2064 D MountService: got storage path: /storage/sdcard1 description: SD card primary: false removable: true emulated: false mtpReserve: 0 allowMassStorage: false maxFileSize: 4294967296
12-14 03:56:55.037  2064  2064 D MountService: addVolumeLocked() StorageVolume:
12-14 03:56:55.037  2064  2064 D MountService:     mStorageId=0 mPath=/storage/sdcard1 mDescriptionId=17040806 mPrimary=false 
12-14 03:56:55.037  2064  2064 D MountService:     mRemovable=true mEmulated=false mMtpReserveSpace=0 mAllowMassStorage=false 
12-14 03:56:55.037  2064  2064 D MountService:     mMaxFileSize=4294967296 mOwner=null mUuid=null mUserLabel=null mState=null 
12-14 03:56:55.037  2064  2064 D MountService: got storage path: /storage/usb0 description: USB storage primary: false removable: true emulated: false mtpReserve: 0 allowMassStorage: false maxFileSize: 4294967296
12-14 03:56:55.037  2064  2064 D MountService: addVolumeLocked() StorageVolume:
12-14 03:56:55.037  2064  2064 D MountService:     mStorageId=0 mPath=/storage/usb0 mDescriptionId=17040807 mPrimary=false 
12-14 03:56:55.037  2064  2064 D MountService:     mRemovable=true mEmulated=false mMtpReserveSpace=0 mAllowMassStorage=false 
12-14 03:56:55.037  2064  2064 D MountService:     mMaxFileSize=4294967296 mOwner=null mUuid=null mUserLabel=null mState=null 
12-14 03:56:55.037  2064  2064 D MountService: got storage path: /storage/usb1 description: USB storage primary: false removable: true emulated: false mtpReserve: 0 allowMassStorage: false maxFileSize: 4294967296
12-14 03:56:55.037  2064  2064 D MountService: addVolumeLocked() StorageVolume:
12-14 03:56:55.037  2064  2064 D MountService:     mStorageId=0 mPath=/storage/usb1 mDescriptionId=17040807 mPrimary=false 
12-14 03:56:55.037  2064  2064 D MountService:     mRemovable=true mEmulated=false mMtpReserveSpace=0 mAllowMassStorage=false 
12-14 03:56:55.037  2064  2064 D MountService:     mMaxFileSize=4294967296 mOwner=null mUuid=null mUserLabel=null mState=null 
12-14 03:56:55.037  2064  2064 D MountService: got storage path: /storage/usb2 description: USB storage primary: false removable: true emulated: false mtpReserve: 0 allowMassStorage: false maxFileSize: 4294967296
12-14 03:56:55.037  2064  2064 D MountService: addVolumeLocked() StorageVolume:
12-14 03:56:55.037  2064  2064 D MountService:     mStorageId=0 mPath=/storage/usb2 mDescriptionId=17040807 mPrimary=false 
12-14 03:56:55.037  2064  2064 D MountService:     mRemovable=true mEmulated=false mMtpReserveSpace=0 mAllowMassStorage=false 
12-14 03:56:55.037  2064  2064 D MountService:     mMaxFileSize=4294967296 mOwner=null mUuid=null mUserLabel=null mState=null 
12-14 03:56:55.037  2064  2064 D MountService: got storage path: /storage/usb3 description: USB storage primary: false removable: true emulated: false mtpReserve: 0 allowMassStorage: false maxFileSize: 4294967296
12-14 03:56:55.037  2064  2064 D MountService: addVolumeLocked() StorageVolume:
12-14 03:56:55.037  2064  2064 D MountService:     mStorageId=0 mPath=/storage/usb3 mDescriptionId=17040807 mPrimary=false 
12-14 03:56:55.037  2064  2064 D MountService:     mRemovable=true mEmulated=false mMtpReserveSpace=0 mAllowMassStorage=false 
12-14 03:56:55.037  2064  2064 D MountService:     mMaxFileSize=4294967296 mOwner=null mUuid=null mUserLabel=null mState=null 
12-14 03:56:55.038  2064  2064 I SystemServer: LockSettingsService
12-14 03:56:55.038  2064  2112 D MountService: volume state changed for /storage/usb0 (unmounted -> removed)
12-14 03:56:55.038  2064  2112 D MountService: volume state changed for /storage/usb1 (unmounted -> removed)
12-14 03:56:55.038  2064  2112 D MountService: volume state changed for /storage/usb2 (unmounted -> removed)
12-14 03:56:55.038  2064  2112 D MountService: volume state changed for /storage/usb3 (unmounted -> removed)
12-14 03:56:55.039  2064  2112 I PackageManager: No secure containers found
12-14 03:56:55.039  2064  2112 W PackageManager: Unknown permission com.google.android.googleapps.permission.GOOGLE_AUTH in package com.android.providers.calendar
12-14 03:56:55.039  2064  2112 W PackageManager: Unknown permission com.google.android.googleapps.permission.GOOGLE_AUTH.cl in package com.android.providers.calendar
12-14 03:56:55.039  2064  2112 W PackageManager: Not granting permission android.permission.GLOBAL_SEARCH to package com.android.quicksearchbox (protectionLevel=18 flags=0x8be45)
12-14 03:56:55.039  2064  2112 W PackageManager: Not granting permission android.permission.ACCESS_DOWNLOAD_MANAGER to package com.android.browser (protectionLevel=18 flags=0x9be45)
12-14 03:56:55.039  2064  2112 W PackageManager: Not granting permission android.permission.SEND_DOWNLOAD_COMPLETED_INTENTS to package com.android.browser (protectionLevel=2 flags=0x9be45)
12-14 03:56:55.039  2064  2112 W PackageManager: Not granting permission android.permission.BIND_WALLPAPER to package com.android.camera2 (protectionLevel=18 flags=0x58bc45)
12-14 03:56:55.039  2064  2112 W PackageManager: Unknown permission android.permission.INSTALL_DRM in package com.android.mms
12-14 03:56:55.039  2064  2112 W PackageManager: Not granting permission android.permission.BIND_APPWIDGET to package com.android.launcher3 (protectionLevel=18 flags=0x483e45)
12-14 03:56:55.039  2064  2112 W PackageManager: Unknown permission com.android.launcher.permission.READ_SETTINGS in package com.android.launcher3
12-14 03:56:55.039  2064  2112 W PackageManager: Unknown permission com.android.launcher.permission.WRITE_SETTINGS in package com.android.launcher3
12-14 03:56:55.039  2064  2112 W PackageManager: Unknown permission com.google.android.googleapps.permission.GOOGLE_AUTH.mail in package com.android.calendar
12-14 03:56:55.039  2064  2112 W PackageManager: Unknown permission com.android.launcher.permission.READ_SETTINGS in package com.android.onetimeinitializer
12-14 03:56:55.039  2064  2112 W PackageManager: Unknown permission com.android.launcher.permission.WRITE_SETTINGS in package com.android.onetimeinitializer
12-14 03:56:55.039  2064  2112 W PackageManager: Not granting permission android.permission.DELETE_PACKAGES to package com.svox.pico (protectionLevel=18 flags=0x8be45)
12-14 03:56:55.039  2064  2112 W PackageManager: Unknown permission com.cyanogenmod.filemanager.permissions.READ_THEME in package com.cyanogenmod.filemanager
12-14 03:56:55.039  2064  2064 I SystemServiceManager: Starting com.android.server.devicepolicy.DevicePolicyManagerService$Lifecycle
12-14 03:56:55.039  2064  2112 W PackageManager: Unknown permission com.google.android.googleapps.permission.GOOGLE_AUTH in package com.android.settings
12-14 03:56:55.039  2064  2112 W PackageManager: Unknown permission com.android.launcher.permission.READ_SETTINGS in package com.android.settings
12-14 03:56:55.039  2064  2112 W PackageManager: Unknown permission com.android.launcher.permission.WRITE_SETTINGS in package com.android.settings
12-14 03:56:55.039  2064  2112 W PackageManager: Unknown permission com.android.smspush.WAPPUSH_MANAGER_BIND in package com.android.phone
12-14 03:56:55.040  2064  2112 W PackageManager: Not granting permission android.permission.DEVICE_POWER to package com.android.deskclock (protectionLevel=2 flags=0x48be45)
12-14 03:56:55.040  2064  2112 W PackageManager: Unknown permission com.google.android.gallery3d.permission.GALLERY_PROVIDER in package com.android.bluetooth
12-14 03:56:55.040  2064  2112 W PackageManager: Unknown permission com.google.android.googleapps.permission.ACCESS_GOOGLE_PASSWORD in package com.android.development
12-14 03:56:55.040  2064  2112 W PackageManager: Unknown permission com.google.android.googleapps.permission.GOOGLE_AUTH in package com.android.development
12-14 03:56:55.040  2064  2112 W PackageManager: Unknown permission com.google.android.googleapps.permission.GOOGLE_AUTH.ALL_SERVICES in package com.android.development
12-14 03:56:55.040  2064  2112 W PackageManager: Unknown permission com.google.android.googleapps.permission.GOOGLE_AUTH.YouTubeUser in package com.android.development
12-14 03:56:55.041  2064  2107 E EventHub: could not get driver version for /dev/input/mouse0, Not a typewriter
12-14 03:56:55.046  2064  2064 I SystemServer: Status Bar
12-14 03:56:55.047  2064  2064 I SystemServer: Clipboard Service
12-14 03:56:55.047  2064  2064 I SystemServer: NetworkManagement Service
12-14 03:56:55.049  2064  2064 I SystemServer: Text Service Manager Service
12-14 03:56:55.050  2064  2064 I SystemServer: Network Score Service
12-14 03:56:55.050  2064  2064 I SystemServer: NetworkStats Service
12-14 03:56:55.053  2064  2064 I SystemServer: NetworkPolicy Service
12-14 03:56:55.056  2064  2107 I EventHub: New device: id=6, fd=92, path='/dev/input/event14', name='ETPS/2 Elantech Touchpad', classes=0x14, configuration='/system/usr/idc/ETPS_2_Elantech_Touchpad.idc', keyLayout='', keyCharacterMap='', builtinKeyboard=false, wakeMechanism=EPOLLWAKEUP, usingClockIoctl=true
12-14 03:56:55.056  2064  2107 D EventHub: No input device configuration file found for device 'AT Translated Set 2 keyboard'.
12-14 03:56:55.056  2064  2064 I SystemServiceManager: Starting com.android.server.wifi.p2p.WifiP2pService
12-14 03:56:55.057  2064  2107 I EventHub: New device: id=7, fd=93, path='/dev/input/event3', name='AT Translated Set 2 keyboard', classes=0x3, configuration='', keyLayout='/system/usr/keylayout/Generic.kl', keyCharacterMap='/system/usr/keychars/Generic.kcm', builtinKeyboard=false, wakeMechanism=EPOLLWAKEUP, usingClockIoctl=true
12-14 03:56:55.057  2064  2107 D EventHub: No input device configuration file found for device 'MSI WMI hotkeys'.
12-14 03:56:55.057  2064  2107 W EventHub: Unable to disable kernel key repeat for /dev/input/event13: Function not implemented
12-14 03:56:55.057  2064  2107 I EventHub: New device: id=8, fd=94, path='/dev/input/event13', name='MSI WMI hotkeys', classes=0x1, configuration='', keyLayout='/system/usr/keylayout/Generic.kl', keyCharacterMap='/system/usr/keychars/Generic.kcm', builtinKeyboard=false, wakeMechanism=EPOLLWAKEUP, usingClockIoctl=true
12-14 03:56:55.057  2064  2107 E EventHub: could not get driver version for /dev/input/mice, Not a typewriter
12-14 03:56:55.064  2064  2064 I WifiP2pService: Registering wifip2p
12-14 03:56:55.064  2064  2064 I SystemServiceManager: Starting com.android.server.wifi.WifiService
12-14 03:56:55.073  2064  2107 D EventHub: No input device configuration file found for device 'HDA Intel PCH Headphone'.
12-14 03:56:55.073  2064  2107 I EventHub: New device: id=9, fd=98, path='/dev/input/event10', name='HDA Intel PCH Headphone', classes=0x80, configuration='', keyLayout='', keyCharacterMap='', builtinKeyboard=false, wakeMechanism=EPOLLWAKEUP, usingClockIoctl=true
12-14 03:56:55.073  2064  2107 D EventHub: No input device configuration file found for device 'HDA Intel PCH Mic'.
12-14 03:56:55.073  2064  2107 I EventHub: New device: id=10, fd=99, path='/dev/input/event9', name='HDA Intel PCH Mic', classes=0x80, configuration='', keyLayout='', keyCharacterMap='', builtinKeyboard=false, wakeMechanism=EPOLLWAKEUP, usingClockIoctl=true
12-14 03:56:55.073  2064  2107 D EventHub: No input device configuration file found for device 'BisonCam, NB Pro'.
12-14 03:56:55.074  2064  2107 W EventHub: Unable to disable kernel key repeat for /dev/input/event12: Function not implemented
12-14 03:56:55.074  2064  2107 I EventHub: New device: id=11, fd=100, path='/dev/input/event12', name='BisonCam, NB Pro', classes=0x80000001, configuration='', keyLayout='/system/usr/keylayout/Generic.kl', keyCharacterMap='/system/usr/keychars/Generic.kcm', builtinKeyboard=false, wakeMechanism=EPOLLWAKEUP, usingClockIoctl=true
12-14 03:56:55.074  2064  2107 D EventHub: No input device configuration file found for device 'HDA Intel HDMI HDMI/DP,pcm=8'.
12-14 03:56:55.074  2064  2107 I EventHub: New device: id=12, fd=101, path='/dev/input/event8', name='HDA Intel HDMI HDMI/DP,pcm=8', classes=0x80, configuration='', keyLayout='', keyCharacterMap='', builtinKeyboard=false, wakeMechanism=EPOLLWAKEUP, usingClockIoctl=true
12-14 03:56:55.074  2064  2107 D EventHub: No input device configuration file found for device 'HDA Intel HDMI HDMI/DP,pcm=7'.
12-14 03:56:55.074  2064  2107 I EventHub: New device: id=13, fd=102, path='/dev/input/event7', name='HDA Intel HDMI HDMI/DP,pcm=7', classes=0x80, configuration='', keyLayout='', keyCharacterMap='', builtinKeyboard=false, wakeMechanism=EPOLLWAKEUP, usingClockIoctl=true
12-14 03:56:55.074  2064  2107 D EventHub: No input device configuration file found for device 'HDA Intel HDMI HDMI/DP,pcm=3'.
12-14 03:56:55.074  2064  2107 I EventHub: New device: id=14, fd=103, path='/dev/input/event6', name='HDA Intel HDMI HDMI/DP,pcm=3', classes=0x80, configuration='', keyLayout='', keyCharacterMap='', builtinKeyboard=false, wakeMechanism=EPOLLWAKEUP, usingClockIoctl=true
12-14 03:56:55.075  2064  2107 I InputReader: Device added: id=-1, name='Virtual', sources=0x00000301
12-14 03:56:55.075  2064  2107 I InputReader: Device added: id=14, name='HDA Intel HDMI HDMI/DP,pcm=3', sources=0x80000000
12-14 03:56:55.075  2064  2107 I InputReader: Device added: id=13, name='HDA Intel HDMI HDMI/DP,pcm=7', sources=0x80000000
12-14 03:56:55.075  2064  2107 I InputReader: Device added: id=12, name='HDA Intel HDMI HDMI/DP,pcm=8', sources=0x80000000
12-14 03:56:55.075  2064  2107 I InputReader: Device added: id=11, name='BisonCam, NB Pro', sources=0x00000101
12-14 03:56:55.075  2064  2107 I InputReader: Device added: id=10, name='HDA Intel PCH Mic', sources=0x80000000
12-14 03:56:55.075  2064  2107 I InputReader: Device added: id=9, name='HDA Intel PCH Headphone', sources=0x80000000
12-14 03:56:55.075  2064  2107 I InputReader: Device added: id=8, name='MSI WMI hotkeys', sources=0x00000101
12-14 03:56:55.075  2064  2107 I InputReader: Device added: id=7, name='AT Translated Set 2 keyboard', sources=0x00000101
12-14 03:56:55.075  2064  2107 I InputReader:   Touch device 'ETPS/2 Elantech Touchpad' could not query the properties of its associated display.  The device will be inoperable until the display size becomes available.
12-14 03:56:55.075  2064  2107 I InputReader: Device added: id=6, name='ETPS/2 Elantech Touchpad', sources=0x00002002
12-14 03:56:55.075  2064  2107 I InputReader: Device added: id=4, name='Lid Switch', sources=0x80000000
12-14 03:56:55.075  2064  2107 I InputReader: Device added: id=3, name='Video Bus', sources=0x00000101
12-14 03:56:55.075  2064  2107 I InputReader: Device added: id=2, name='Video Bus', sources=0x00000101
12-14 03:56:55.075  2064  2107 I InputReader: Device added: id=1, name='Android Power Button', sources=0x00000101
12-14 03:56:55.076  2064  2107 I InputReader: Reconfiguring input devices.  changes=0x00000004
12-14 03:56:55.079  2064  2107 I InputReader: Device reconfigured: id=6, name='ETPS/2 Elantech Touchpad', size 1920x1080, orientation 0, mode 4, display id 0
12-14 03:56:55.079  2064  2106 I ActivityManager: Config changes=30 {1.0 ?mcc?mnc en_US ?layoutDir sw720dp w1280dp h646dp 240dpi lrg long land ?uimode ?night -touch qwerty/v/v -nav/h s.4}
12-14 03:56:55.088  1796  1796 D SurfaceFlinger: Set power mode=0, type=0 flinger=0x7f67be862000
12-14 03:56:55.088  2064  2064 E WifiConfigStore: associatedPartialScanPeriodMilli set to 20000
12-14 03:56:55.092  2064  2064 D WifiController: isAirplaneModeOn = false, isWifiEnabled = false, isScanningAvailable = false
12-14 03:56:55.093  2064  2064 I WifiService: Registering wifi
12-14 03:56:55.093  2064  2064 I SystemServiceManager: Starting com.android.server.wifi.WifiScanningService
12-14 03:56:55.093  2064  2064 I WifiScanningService: Creating wifiscanner
12-14 03:56:55.093  2064  2064 I WifiScanningService: Starting wifiscanner
12-14 03:56:55.093  2064  2064 I SystemServiceManager: Starting com.android.server.wifi.RttService
12-14 03:56:55.093  2064  2064 I RttService: Creating rttmanager
12-14 03:56:55.093  2064  2064 I RttService: Starting rttmanager
12-14 03:56:55.093  2064  2064 I SystemServiceManager: Starting com.android.server.ethernet.EthernetService
12-14 03:56:55.094  2064  2064 I EthernetServiceImpl: Creating EthernetConfigStore
12-14 03:56:55.094  2064  2064 E IpConfigStore: Error parsing configuration: java.io.FileNotFoundException: /data/misc/ethernet/ipconfig.txt: open failed: ENOENT (No such file or directory)
12-14 03:56:55.094  2064  2064 W EthernetConfigStore: No Ethernet configuration found. Using default.
12-14 03:56:55.094  2064  2064 I EthernetServiceImpl: Read stored IP configuration: IP assignment: DHCP
12-14 03:56:55.094  2064  2064 I EthernetServiceImpl: Proxy settings: NONE
12-14 03:56:55.094  2064  2064 I EthernetService: Registering service ethernet
12-14 03:56:55.095  2064  2064 I SystemServer: Connectivity Service
12-14 03:56:55.095  2064  2064 D ConnectivityService: ConnectivityService starting up
12-14 03:56:55.096  2064  2064 D ConnectivityService: wifiOnly=false
12-14 03:56:55.096  2064  2064 E ConnectivityService: Ignoring protectedNetwork 14
12-14 03:56:55.096  2064  2064 E ConnectivityService: Ignoring protectedNetwork 15
12-14 03:56:55.099  2064  2064 I SystemServer: Network Service Discovery Service
12-14 03:56:55.100  2064  2064 D NsdService: Network service discovery enabled true
12-14 03:56:55.101  2064  2064 I SystemServer: UpdateLock Service
12-14 03:56:55.110  2064  2064 I SystemServiceManager: Starting com.android.server.notification.NotificationManagerService
12-14 03:56:55.115  2064  2064 D ZenLog  : set_zen_mode: off,setting
12-14 03:56:55.116  2064  2064 I SystemServiceManager: Starting com.android.server.storage.DeviceStorageMonitorService
12-14 03:56:55.116  2064  2064 I SystemServer: Location Manager
12-14 03:56:55.117  2064  2064 I SystemServer: Country Detector
12-14 03:56:55.118  2064  2064 I SystemServer: Search Service
12-14 03:56:55.118  2064  2064 I SystemServer: DropBox Service
12-14 03:56:55.119  2064  2064 I SystemServer: Wallpaper Service
12-14 03:56:55.120  2064  2064 I SystemServer: Audio Service
12-14 03:56:55.122  2064  2123 I ServiceManager: Waiting for service media.audio_policy...
12-14 03:56:55.122  2064  2064 W TelecomManager: Telecom Service not found.
12-14 03:56:55.423  1804  1804 I AudioFlinger: Using module 1 has the primary audio interface
12-14 03:56:55.424  1804  2124 I AudioFlinger: AudioFlinger's thread 0xf58bd000 ready to run
12-14 03:56:55.424  1804  2125 I AudioFlinger: AudioFlinger's thread 0xf5951000 ready to run
12-14 03:56:55.425  1804  1804 D BlueZ   : external/bluetooth/bluez/android/hal-audio.c:audio_open() 
12-14 03:56:55.425  1804  1804 D BlueZ   : external/bluetooth/bluez/android/hal-audio.c:audio_ipc_init() 
12-14 03:56:55.425  1804  2126 D BlueZ   : external/bluetooth/bluez/android/hal-audio.c:ipc_handler() 
12-14 03:56:55.425  1804  2126 D BlueZ   : external/bluetooth/bluez/android/hal-audio.c:ipc_handler() Waiting for connection ...
12-14 03:56:55.425  1804  1804 E BlueZ   : APTX: failed to open library libbt-aptx.so (dlopen failed: library "libbt-aptx.so" not found)
12-14 03:56:55.425  1804  1804 D BlueZ   : external/bluetooth/bluez/android/hal-audio.c:audio_init_check() 
12-14 03:56:55.425  1804  1804 D BlueZ   : external/bluetooth/bluez/android/hal-audio.c:audio_set_master_volume() 
12-14 03:56:55.425  1804  1804 D BlueZ   : external/bluetooth/bluez/android/hal-audio.c:set_master_mute() 
12-14 03:56:55.425  1804  1804 I AudioFlinger: loadHwModule() Loaded a2dp audio interface from A2DP Bluez HW HAL (audio) handle 4
12-14 03:56:55.426  1804  1804 I AudioFlinger: loadHwModule() Loaded usb audio interface from USB audio HW HAL (audio) handle 5
12-14 03:56:55.426  1804  1804 E SoundTriggerHwService: couldn't load sound trigger module sound_trigger.primary (No such file or directory)
12-14 03:56:55.426  1804  2128 D BlueZ   : external/bluetooth/bluez/android/hal-audio.c:audio_set_mic_mute() 
12-14 03:56:56.125  2064  2064 I SystemServiceManager: Starting com.android.server.DockObserver
12-14 03:56:56.125  2064  2064 W DockObserver: This kernel does not have dock station support
12-14 03:56:56.126  2064  2064 I SystemServer: Wired Accessory Manager
12-14 03:56:56.126  2064  2064 W WiredAccessoryManager: This kernel does not have usb audio support
12-14 03:56:56.126  2064  2064 W WiredAccessoryManager: This kernel does not have HDMI audio support
12-14 03:56:56.126  2064  2064 I SystemServiceManager: Starting com.android.server.usb.UsbService$Lifecycle
12-14 03:56:56.127  2064  2064 I SystemServer: Serial Service
12-14 03:56:56.127  2064  2064 I SystemServiceManager: Starting com.android.server.twilight.TwilightService
12-14 03:56:56.128  2064  2064 I SystemServiceManager: Starting com.android.server.UiModeManagerService
12-14 03:56:56.128  2064  2064 I SystemServiceManager: Starting com.android.server.job.JobSchedulerService
12-14 03:56:56.130  2064  2064 I SystemServiceManager: Starting com.android.server.backup.BackupManagerService$Lifecycle
12-14 03:56:56.130  2064  2064 I SystemServiceManager: Starting com.android.server.appwidget.AppWidgetService
12-14 03:56:56.130  2064  2064 I SystemServiceManager: Starting com.android.server.voiceinteraction.VoiceInteractionManagerService
12-14 03:56:56.131  2064  2064 W SoundTriggerHelper: listModules status=0, # of modules=0
12-14 03:56:56.131  2064  2064 I SystemServer: DiskStats Service
12-14 03:56:56.131  2064  2064 I SystemServer: SamplingProfiler Service
12-14 03:56:56.133  2064  2064 I SystemServer: NetworkTimeUpdateService
12-14 03:56:56.133  2064  2064 I SystemServer: CommonTimeManagementService
12-14 03:56:56.133  2064  2064 I SystemServer: CertBlacklister
12-14 03:56:56.134  2064  2064 I SystemServiceManager: Starting com.android.server.dreams.DreamManagerService
12-14 03:56:56.134  2064  2064 I SystemServer: Assets Atlas Service
12-14 03:56:56.135  2064  2064 I SystemServiceManager: Starting com.android.server.print.PrintManagerService
12-14 03:56:56.135  2064  2130 D AssetAtlas: Loaded configuration: SliceMinArea (768x768) flags=0x2 count=446
12-14 03:56:56.136  2064  2130 I GRALLOC-DRM: create intel for driver i915
12-14 03:56:56.136  2064  2064 I SystemServiceManager: Starting com.android.server.restrictions.RestrictionsManagerService
12-14 03:56:56.136  2064  2064 I SystemServiceManager: Starting com.android.server.media.MediaSessionService
12-14 03:56:56.138  2064  2064 I SystemServer: Media Router Service
12-14 03:56:56.138  2064  2064 I SystemServiceManager: Starting com.android.server.trust.TrustManagerService
12-14 03:56:56.138  2064  2064 I SystemServiceManager: Starting com.android.server.fingerprint.FingerprintService
12-14 03:56:56.139  2064  2064 V Fingerprint-JNI: nativeInit()
12-14 03:56:56.139  2064  2064 V Fingerprint-JNI: nativeOpenHal()
12-14 03:56:56.139  2064  2064 E Fingerprint-JNI: Can't open fingerprint HW Module, error: -2
12-14 03:56:56.139  2064  2064 I SystemServer: BackgroundDexOptService
12-14 03:56:56.139  2064  2130 I EGL-DRI2: DRI2: found extension DRI_Core version 1
12-14 03:56:56.139  2064  2130 I EGL-DRI2: DRI2: found extension DRI_DRI2 version 4
12-14 03:56:56.140  2064  2064 I SystemServiceManager: Starting com.android.server.pm.LauncherAppsService
12-14 03:56:56.140  2064  2064 I SystemServiceManager: Starting com.android.server.media.projection.MediaProjectionManagerService
12-14 03:56:56.142  2064  2130 I EGL-DRI2: DRI2: found extension DRI_TexBuffer version 3
12-14 03:56:56.142  2064  2130 I EGL-DRI2: DRI2: found extension DRI2_Flush version 4
12-14 03:56:56.142  2064  2130 I EGL-DRI2: DRI2: found extension DRI_IMAGE version 11
12-14 03:56:56.143  2064  2064 I WindowManager: SAFE MODE not enabled
12-14 03:56:56.143  2064  2064 I SystemServiceManager: Starting com.android.server.MmsServiceBroker
12-14 03:56:56.146  2064  2064 E SQLiteLog: (283) recovered 16 frames from WAL file /data/system/locksettings.db-wal
12-14 03:56:56.147  2064  2130 D AssetAtlas: Rendered atlas in 9.92ms (2.39+7.53ms)
12-14 03:56:56.154  2064  2064 E LockSettingsStorage: Cannot read file java.io.FileNotFoundException: /data/system/password.key: open failed: ENOENT (No such file or directory)
12-14 03:56:56.154  2064  2064 E LockSettingsStorage: Cannot read file java.io.FileNotFoundException: /data/system/gesture.key: open failed: ENOENT (No such file or directory)
12-14 03:56:56.154  2064  2064 I SystemServiceManager: Starting phase 480
12-14 03:56:56.156  2064  2064 I SystemServiceManager: Starting phase 500
12-14 03:56:56.156  2064  2064 I WifiService: WifiService starting up with Wi-Fi disabled
12-14 03:56:56.158  2064  2118 D WifiService: New client listening to asynchronous messages
12-14 03:56:56.158  2064  2064 I WifiScanningService: Registering wifiscanner
12-14 03:56:56.159  2064  2064 D WifiScanningService: New client, channel: null messenger: null
12-14 03:56:56.159  2064  2064 I RttService: Registering rttmanager
12-14 03:56:56.159  2064  2133 D WifiChangeStateMachine: Entering IdleState
12-14 03:56:56.159  2064  2133 D WifiScanningService: DefaultState
12-14 03:56:56.160  2064  2064 I EthernetServiceImpl: Starting Ethernet service
12-14 03:56:56.161  2064  2064 D Ethernet: Registering NetworkFactory
12-14 03:56:56.161  2064  2119 D ConnectivityService: Got NetworkFactory Messenger for Ethernet
12-14 03:56:56.161  2064  2135 D Ethernet: got request NetworkRequest [ id=1, legacyType=-1, [ Capabilities: INTERNET&NOT_RESTRICTED&TRUSTED&NOT_VPN] ] with score 0
12-14 03:56:56.161  2064  2064 D EthernetNetworkFactory: Started tracking interface eth0
12-14 03:56:56.161  1799  2038 D CommandListener: Setting iface cfg
12-14 03:56:56.161  1799  2038 D CommandListener: Trying to bring up eth0
12-14 03:56:56.362  2064  2064 I ActivityManager: Config changes=200 {1.0 ?mcc?mnc en_US ?layoutDir sw720dp w1280dp h646dp 240dpi lrg long land -touch qwerty/v/v -nav/h s.5}
12-14 03:56:56.368  2064  2064 V BackupManagerService: No ancestral data
12-14 03:56:56.369  2064  2064 D BackupManagerService: Now staging backup of com.android.browser
12-14 03:56:56.372  2064  2064 D BackupManagerService: Now staging backup of android
12-14 03:56:56.373  2064  2064 D BackupManagerService: Now staging backup of com.android.calendar
12-14 03:56:56.374  2064  2064 D BackupManagerService: Now staging backup of com.android.providers.settings
12-14 03:56:56.376  2064  2064 D BackupManagerService: Now staging backup of com.android.sharedstoragebackup
12-14 03:56:56.377  2064  2064 D BackupManagerService: Now staging backup of com.android.dialer
12-14 03:56:56.379  2064  2064 D BackupManagerService: Now staging backup of com.android.providers.userdictionary
12-14 03:56:56.380  2064  2064 V BackupManagerService: Starting with transport android/com.android.internal.backup.LocalTransport
12-14 03:56:56.380  2064  2064 V BackupManagerService: Found transports: 1
12-14 03:56:56.380  2064  2064 I BackupManagerService: Binding to transport host ComponentInfo{android/com.android.internal.backup.LocalTransportService}
12-14 03:56:56.381  2064  2064 I BackupManagerService: Found stale backup journal, scheduling
12-14 03:56:56.390  2064  2064 I AppOps  : Pruning old package media/1013: new uid=-1
12-14 03:56:56.390  2064  2064 I ActivityManager: System now ready
12-14 03:56:56.391  2064  2064 I SystemServer: Making services ready
12-14 03:56:56.391  2064  2064 I SystemServiceManager: Starting phase 550
12-14 03:56:56.391  2064  2064 I SystemServer: WebViewFactory preparation
12-14 03:56:56.392  2064  2139 D UsbHostManager: Added device UsbDevice[mName=/dev/bus/usb/002/003,mVendorId=6000,mProductId=65280,mClass=0,mSubclass=0,mProtocol=0,mManufacturerName=null,mProductName=null,mSerialNumber=null,mConfigurations=[
12-14 03:56:56.392  2064  2139 D UsbHostManager: UsbConfiguration[mId=1,mName=null,mAttributes=160,mMaxPower=1,mInterfaces=[
12-14 03:56:56.392  2064  2139 D UsbHostManager: UsbInterface[mId=0,mAlternateSetting=0,mName=null,mClass=3,mSubclass=0,mProtocol=0,mEndpoints=[
12-14 03:56:56.392  2064  2139 D UsbHostManager: UsbEndpoint[mAddress=129,mAttributes=3,mMaxPacketSize=8,mInterval=10]]]]
12-14 03:56:56.394  2064  2139 W ContextImpl: Calling a method in the system process without a qualified user: android.app.ContextImpl.sendBroadcast:1327 com.android.server.usb.UsbSettingsManager.deviceAttached:741 com.android.server.usb.UsbHostManager.endUsbDeviceAdded:224 com.android.server.usb.UsbHostManager.monitorUsbHostBus:-2 com.android.server.usb.UsbHostManager.access$000:42 
12-14 03:56:56.402  2064  2064 I Zygote  : Process: zygote socket opened, supported ABIS: x86_64,arm64-v8a
12-14 03:56:56.412  2064  2064 I Zygote  : Process: zygote socket opened, supported ABIS: x86,armeabi-v7a,armeabi
12-14 03:56:56.436  2064  2064 I ActivityManager: Start proc 2141:WebViewLoader-x86/1037 [android.webkit.WebViewFactory$RelroFileCreator] for 
12-14 03:56:56.446  2141  2141 V WebViewFactory: RelroFileCreator (64bit = false),  32-bit lib: /system/app/webview/lib/x86/libwebviewchromium.so, 64-bit lib: /system/app/webview/lib/x86_64/libwebviewchromium.so
12-14 03:56:56.451  2064  2064 I ActivityManager: Start proc 2163:WebViewLoader-x86_64/1037 [android.webkit.WebViewFactory$RelroFileCreator] for 
12-14 03:56:56.458  2163  2163 V WebViewFactory: RelroFileCreator (64bit = true),  32-bit lib: /system/app/webview/lib/x86/libwebviewchromium.so, 64-bit lib: /system/app/webview/lib/x86_64/libwebviewchromium.so
12-14 03:56:56.460  2141  2141 I art     : System.exit called, status: 0
12-14 03:56:56.460  2141  2141 I AndroidRuntime: VM exiting with result code 0, cleanup skipped.
12-14 03:56:56.466  2064  2064 I ActivityManager: Start proc 2186:com.android.systemui/u0a9 for service com.android.systemui/.SystemUIService
12-14 03:56:56.466  2064  2064 D NetworkManagementService: not enabling bandwidth control
12-14 03:56:56.466  2064  2110 E MountService: Boot-time mount failed (-1)
12-14 03:56:56.466  2064  2110 W MountService: Duplicate state transition (mounted -> mounted) for /storage/emulated/0
12-14 03:56:56.468  2205  2205 W linker  : [vdso]: unused DT entry: type 0x6ffffef5 arg 0x160
12-14 03:56:56.468  1799  2038 I iptables: WARNING: linker: [vdso]: unused DT entry: type 0x6ffffef5 arg 0x160
12-14 03:56:56.469  2208  2208 W linker  : [vdso]: unused DT entry: type 0x6ffffef5 arg 0x160
12-14 03:56:56.469  1799  2038 I ip6tables: WARNING: linker: [vdso]: unused DT entry: type 0x6ffffef5 arg 0x160
12-14 03:56:56.470  2210  2210 W linker  : [vdso]: unused DT entry: type 0x6ffffef5 arg 0x160
12-14 03:56:56.470  1799  2038 I iptables: WARNING: linker: [vdso]: unused DT entry: type 0x6ffffef5 arg 0x160
12-14 03:56:56.470  2186  2186 I ActivityThread: Switching default density from 160 to 240
12-14 03:56:56.470  2212  2212 W linker  : [vdso]: unused DT entry: type 0x6ffffef5 arg 0x160
12-14 03:56:56.470  1799  2038 I ip6tables: WARNING: linker: [vdso]: unused DT entry: type 0x6ffffef5 arg 0x160
12-14 03:56:56.471  2213  2213 W linker  : [vdso]: unused DT entry: type 0x6ffffef5 arg 0x160
12-14 03:56:56.471  1799  2038 I iptables: WARNING: linker: [vdso]: unused DT entry: type 0x6ffffef5 arg 0x160
12-14 03:56:56.472  2214  2214 W linker  : [vdso]: unused DT entry: type 0x6ffffef5 arg 0x160
12-14 03:56:56.472  1799  2038 I ip6tables: WARNING: linker: [vdso]: unused DT entry: type 0x6ffffef5 arg 0x160
12-14 03:56:56.472  2064  2064 W NetworkStats: bandwidth controls disabled, unable to track stats
12-14 03:56:56.472  2064  2064 W NetworkPolicy: bandwidth controls disabled, unable to enforce policy
12-14 03:56:56.473  2215  2215 W linker  : [vdso]: unused DT entry: type 0x6ffffef5 arg 0x160
12-14 03:56:56.473  1799  2038 I iptables: WARNING: linker: [vdso]: unused DT entry: type 0x6ffffef5 arg 0x160
12-14 03:56:56.474  2216  2216 W linker  : [vdso]: unused DT entry: type 0x6ffffef5 arg 0x160
12-14 03:56:56.474  1799  2038 I ip6tables: WARNING: linker: [vdso]: unused DT entry: type 0x6ffffef5 arg 0x160
12-14 03:56:56.474  2217  2217 W linker  : [vdso]: unused DT entry: type 0x6ffffef5 arg 0x160
12-14 03:56:56.474  1799  2038 I iptables: WARNING: linker: [vdso]: unused DT entry: type 0x6ffffef5 arg 0x160
12-14 03:56:56.475  2218  2218 W linker  : [vdso]: unused DT entry: type 0x6ffffef5 arg 0x160
12-14 03:56:56.475  1799  2038 I ip6tables: WARNING: linker: [vdso]: unused DT entry: type 0x6ffffef5 arg 0x160
12-14 03:56:56.476  2219  2219 W linker  : [vdso]: unused DT entry: type 0x6ffffef5 arg 0x160
12-14 03:56:56.476  1799  2038 I iptables: WARNING: linker: [vdso]: unused DT entry: type 0x6ffffef5 arg 0x160
12-14 03:56:56.477  2220  2220 W linker  : [vdso]: unused DT entry: type 0x6ffffef5 arg 0x160
12-14 03:56:56.477  1799  2038 I ip6tables: WARNING: linker: [vdso]: unused DT entry: type 0x6ffffef5 arg 0x160
12-14 03:56:56.477  2064  2064 D PermissionMonitor: Monitoring
12-14 03:56:56.477  2064  2064 D PermissionMonitor: Users: 1, Apps: 57
12-14 03:56:56.478  2064  2064 I SystemServiceManager: Starting phase 600
12-14 03:56:56.478  2064  2093 D BluetoothManagerService: Message: 20
12-14 03:56:56.478  2064  2093 D BluetoothManagerService: Added callback: android.bluetooth.BluetoothAdapter$1@2dcf1de8:true
12-14 03:56:56.479  2064  2064 I BackupManagerService: Backup enabled => false
12-14 03:56:56.479  2064  2064 I BackupManagerService: Opting out of backup
12-14 03:56:56.479  2064  2093 D BluetoothManagerService: Message: 30
12-14 03:56:56.479  2064  2123 D BluetoothManagerService: Trying to bind to profile: 1, while Bluetooth was disabled
12-14 03:56:56.479  2064  2093 D BluetoothManagerService: Message: 30
12-14 03:56:56.480  2064  2064 E InputMethodManagerService: Ignoring setImeWindowStatus due to an invalid token. uid:1000 token:null
12-14 03:56:56.482  2163  2163 I art     : System.exit called, status: 0
12-14 03:56:56.482  2163  2163 I AndroidRuntime: VM exiting with result code 0, cleanup skipped.
12-14 03:56:56.486  1804  2227 E WVMExtractor: Failed to open libwvm.so: dlopen failed: library "libwvm.so" not found
12-14 03:56:56.489  1804  1804 D NuPlayerDriver: start(0xf584eca0)
12-14 03:56:56.489  1804  2226 I GenericSource: start
12-14 03:56:56.496  2064  2064 I ActivityManager: Start proc 2239:com.android.inputmethod.latin/u0a39 for service com.android.inputmethod.latin/.LatinIME
12-14 03:56:56.496  2064  2064 V InputMethodManagerService: Adding window token: android.os.Binder@11c3d81d
12-14 03:56:56.496  2186  2186 V SystemUIService: Starting SystemUI services.
12-14 03:56:56.497  2064  2064 D gps_serial: GPS dev open_gps
12-14 03:56:56.497  2064  2064 D gps_serial: GPS dev get_hardware_interface
12-14 03:56:56.498  2064  2139 D UsbHostManager: Added device UsbDevice[mName=/dev/bus/usb/001/004,mVendorId=22918,mProductId=1372,mClass=239,mSubclass=2,mProtocol=1,mManufacturerName=Generic,mProductName=BisonCam, NB Pro,mSerialNumber=200901010001,mConfigurations=[
12-14 03:56:56.498  2064  2139 D UsbHostManager: UsbConfiguration[mId=1,mName=USB Camera,mAttributes=128,mMaxPower=250,mInterfaces=[
12-14 03:56:56.498  2064  2139 D UsbHostManager: UsbInterface[mId=0,mAlternateSetting=0,mName=BisonCam, NB Pro,mClass=14,mSubclass=1,mProtocol=0,mEndpoints=[
12-14 03:56:56.498  2064  2139 D UsbHostManager: UsbEndpoint[mAddress=131,mAttributes=3,mMaxPacketSize=16,mInterval=6]]
12-14 03:56:56.498  2064  2139 D UsbHostManager: UsbInterface[mId=1,mAlternateSetting=0,mName=null,mClass=14,mSubclass=2,mProtocol=0,mEndpoints=[]
12-14 03:56:56.498  2064  2139 D UsbHostManager: UsbInterface[mId=1,mAlternateSetting=1,mName=null,mClass=14,mSubclass=2,mProtocol=0,mEndpoints=[
12-14 03:56:56.498  2064  2139 D UsbHostManager: UsbEndpoint[mAddress=129,mAttributes=5,mMaxPacketSize=128,mInterval=1]]
12-14 03:56:56.498  2064  2139 D UsbHostManager: UsbInterface[mId=1,mAlternateSetting=2,mName=null,mClass=14,mSubclass=2,mProtocol=0,mEndpoints=[
12-14 03:56:56.498  2064  2139 D UsbHostManager: UsbEndpoint[mAddress=129,mAttributes=5,mMaxPacketSize=512,mInterval=1]]
12-14 03:56:56.498  2064  2139 D UsbHostManager: UsbInterface[mId=1,mAlternateSetting=3,mName=null,mClass=14,mSubclass=2,mProtocol=0,mEndpoints=[
12-14 03:56:56.498  2064  2139 D UsbHostManager: UsbEndpoint[mAddress=129,mAttributes=5,mMaxPacketSize=1024,mInterval=1]]
12-14 03:56:56.498  2064  2139 D UsbHostManager: UsbInterface[mId=1,mAlternateSetting=4,mName=null,mClass=14,mSubclass=2,mProtocol=0,mEndpoints=[
12-14 03:56:56.498  2064  2139 D UsbHostManager: UsbEndpoint[mAddress=129,mAttributes=5,mMaxPacketSize=2816,mInterval=1]]
12-14 03:56:56.498  2064  2139 D UsbHostManager: UsbInterface[mId=1,mAlternateSetting=5,mName=null,mClass=14,mSubclass=2,mProtocol=0,mEndpoints=[
12-14 03:56:56.498  2064  2139 D UsbHostManager: UsbEndpoint[mAddress=129,mAttributes=5,mMaxPacketSize=3072,mInterval=1]]
12-14 03:56:56.498  2064  2139 D UsbHostManager: UsbInterface[mId=1,mAlternateSetting=6,mName=null,mClass=14,mSubclass=2,mProtocol=0,mEndpoints=[
