12-14 03:56:56.498  2064  2139 D UsbHostManager: UsbEndpoint[mAddress=129,mAttributes=5,mMaxPacketSize=4992,mInterval=1]]
12-14 03:56:56.498  2064  2139 D UsbHostManager: UsbInterface[mId=1,mAlternateSetting=7,mName=null,mClass=14,mSubclass=2,mProtocol=0,mEndpoints=[
12-14 03:56:56.498  2064  2139 D UsbHostManager: UsbEndpoint[mAddress=129,mAttributes=5,mMaxPacketSize=5120,mInterval=1]]]]
12-14 03:56:56.498  2064  2064 D GpsLocationProvider: Reset GPS properties, previous size = 0
12-14 03:56:56.498  2064  2139 W ContextImpl: Calling a method in the system process without a qualified user: android.app.ContextImpl.sendBroadcast:1327 com.android.server.usb.UsbSettingsManager.deviceAttached:741 com.android.server.usb.UsbHostManager.endUsbDeviceAdded:224 com.android.server.usb.UsbHostManager.monitorUsbHostBus:-2 com.android.server.usb.UsbHostManager.access$000:42 
12-14 03:56:56.498  2064  2139 D UsbHostManager: Added device UsbDevice[mName=/dev/bus/usb/001/003,mVendorId=32903,mProductId=2012,mClass=224,mSubclass=1,mProtocol=1,mManufacturerName=null,mProductName=null,mSerialNumber=null,mConfigurations=[
12-14 03:56:56.498  2064  2139 D UsbHostManager: UsbConfiguration[mId=1,mName=null,mAttributes=224,mMaxPower=50,mInterfaces=[
12-14 03:56:56.498  2064  2139 D UsbHostManager: UsbInterface[mId=0,mAlternateSetting=0,mName=null,mClass=224,mSubclass=1,mProtocol=1,mEndpoints=[
12-14 03:56:56.498  2064  2139 D UsbHostManager: UsbEndpoint[mAddress=129,mAttributes=3,mMaxPacketSize=64,mInterval=1]
12-14 03:56:56.498  2064  2139 D UsbHostManager: UsbEndpoint[mAddress=2,mAttributes=2,mMaxPacketSize=64,mInterval=1]
12-14 03:56:56.498  2064  2139 D UsbHostManager: UsbEndpoint[mAddress=130,mAttributes=2,mMaxPacketSize=64,mInterval=1]]
12-14 03:56:56.498  2064  2139 D UsbHostManager: UsbInterface[mId=1,mAlternateSetting=0,mName=null,mClass=224,mSubclass=1,mProtocol=1,mEndpoints=[
12-14 03:56:56.498  2064  2139 D UsbHostManager: UsbEndpoint[mAddress=3,mAttributes=1,mMaxPacketSize=0,mInterval=1]
12-14 03:56:56.498  2064  2139 D UsbHostManager: UsbEndpoint[mAddress=131,mAttributes=1,mMaxPacketSize=0,mInterval=1]]
12-14 03:56:56.498  2064  2139 D UsbHostManager: UsbInterface[mId=1,mAlternateSetting=1,mName=null,mClass=224,mSubclass=1,mProtocol=1,mEndpoints=[
12-14 03:56:56.498  2064  2139 D UsbHostManager: UsbEndpoint[mAddress=3,mAttributes=1,mMaxPacketSize=9,mInterval=1]
12-14 03:56:56.498  2064  2139 D UsbHostManager: UsbEndpoint[mAddress=131,mAttributes=1,mMaxPacketSize=9,mInterval=1]]
12-14 03:56:56.498  2064  2139 D UsbHostManager: UsbInterface[mId=1,mAlternateSetting=2,mName=null,mClass=224,mSubclass=1,mProtocol=1,mEndpoints=[
12-14 03:56:56.498  2064  2139 D UsbHostManager: UsbEndpoint[mAddress=3,mAttributes=1,mMaxPacketSize=17,mInterval=1]
12-14 03:56:56.498  2064  2139 D UsbHostManager: UsbEndpoint[mAddress=131,mAttributes=1,mMaxPacketSize=17,mInterval=1]]
12-14 03:56:56.498  2064  2139 D UsbHostManager: UsbInterface[mId=1,mAlternateSetting=3,mName=null,mClass=224,mSubclass=1,mProtocol=1,mEndpoints=[
12-14 03:56:56.498  2064  2139 D UsbHostManager: UsbEndpoint[mAddress=3,mAttributes=1,mMaxPacketSize=25,mInterval=1]
12-14 03:56:56.498  2064  2139 D UsbHostManager: UsbEndpoint[mAddress=131,mAttributes=1,mMaxPacketSize=25,mInterval=1]]
12-14 03:56:56.498  2064  2139 D UsbHostManager: UsbInterface[mId=1,mAlternateSetting=4,mName=null,mClass=224,mSubclass=1,mProtocol=1,mEndpoints=[
12-14 03:56:56.498  2064  2139 D UsbHostManager: UsbEndpoint[mAddress=3,mAttributes=1,mMaxPacketSize=33,mInterval=1]
12-14 03:56:56.498  2064  2139 D UsbHostManager: UsbEndpoint[mAddress=131,mAttributes=1,mMaxPacketSize=33,mInterval=1]]
12-14 03:56:56.498  2064  2139 D UsbHostManager: UsbInterface[mId=1,mAlternateSetting=5,mName=null,mClass=224,mSubclass=1,mProtocol=1,mEndpoints=[
12-14 03:56:56.498  2064  2139 D UsbHostManager: UsbEndpoint[mAddress=3,mAttributes=1,mMaxPacketSize=49,mInterval=1]
12-14 03:56:56.498  2064  2139 D UsbHostManager: UsbEndpoint[mAddress=131,mAttributes=1,mMaxPacketSize=49,mInterval=1]]]]
12-14 03:56:56.498  2064  2139 W ContextImpl: Calling a method in the system process without a qualified user: android.app.ContextImpl.sendBroadcast:1327 com.android.server.usb.UsbSettingsManager.deviceAttached:741 com.android.server.usb.UsbHostManager.endUsbDeviceAdded:224 com.android.server.usb.UsbHostManager.monitorUsbHostBus:-2 com.android.server.usb.UsbHostManager.access$000:42 
12-14 03:56:56.499  2064  2064 D GpsLocationProvider: GpsParamsResource: SUPL_HOST=supl.google.com
12-14 03:56:56.499  2064  2139 D UsbHostManager: Added device UsbDevice[mName=/dev/bus/usb/003/002,mVendorId=3034,mProductId=297,mClass=255,mSubclass=255,mProtocol=255,mManufacturerName=Generic,mProductName=USB2.0-CRW,mSerialNumber=20100201396000000,mConfigurations=[
12-14 03:56:56.499  2064  2139 D UsbHostManager: UsbConfiguration[mId=1,mName=CARD READER,mAttributes=160,mMaxPower=250,mInterfaces=[
12-14 03:56:56.499  2064  2139 D UsbHostManager: UsbInterface[mId=0,mAlternateSetting=0,mName=Bulk-In, Bulk-Out, Interface,mClass=255,mSubclass=6,mProtocol=80,mEndpoints=[
12-14 03:56:56.499  2064  2139 D UsbHostManager: UsbEndpoint[mAddress=1,mAttributes=2,mMaxPacketSize=512,mInterval=0]
12-14 03:56:56.499  2064  2139 D UsbHostManager: UsbEndpoint[mAddress=130,mAttributes=2,mMaxPacketSize=512,mInterval=0]
12-14 03:56:56.499  2064  2139 D UsbHostManager: UsbEndpoint[mAddress=131,mAttributes=3,mMaxPacketSize=3,mInterval=10]]]]
12-14 03:56:56.499  2064  2064 D GpsLocationProvider: GpsParamsResource: SUPL_PORT=7275
12-14 03:56:56.499  2064  2064 D GpsLocationProvider: GpsParamsResource: NTP_SERVER=north-america.pool.ntp.org
12-14 03:56:56.499  2064  2064 D GpsLocationProvider: GpsParamsResource: SUPL_VER=0x20000
12-14 03:56:56.499  2064  2064 D GpsLocationProvider: GpsParamsResource: SUPL_MODE=1
12-14 03:56:56.499  2064  2139 W ContextImpl: Calling a method in the system process without a qualified user: android.app.ContextImpl.sendBroadcast:1327 com.android.server.usb.UsbSettingsManager.deviceAttached:741 com.android.server.usb.UsbHostManager.endUsbDeviceAdded:224 com.android.server.usb.UsbHostManager.monitorUsbHostBus:-2 com.android.server.usb.UsbHostManager.access$000:42 
12-14 03:56:56.500  2064  2064 D GpsLocationProvider: GPS properties reloaded, size = 8
12-14 03:56:56.500  2064  2064 E GpsLocationProvider: no AGPS interface in set_agps_server
12-14 03:56:56.500  2064  2064 E GpsLocationProvider: no GPS configuration interface in configuraiton_update
12-14 03:56:56.500  2064  2064 D GpsLocationProvider: final config = #Mon Dec 14 03:56:56 GMT+00:00 2015
12-14 03:56:56.500  2064  2064 D GpsLocationProvider: SUPL_VER=0x20000
12-14 03:56:56.500  2064  2064 D GpsLocationProvider: SUPL_HOST=supl.google.com
12-14 03:56:56.500  2064  2064 D GpsLocationProvider: XTRA_SERVER_3=http\://xtra3.gpsonextra.net/xtra.bin
12-14 03:56:56.500  2064  2064 D GpsLocationProvider: XTRA_SERVER_1=http\://xtra1.gpsonextra.net/xtra.bin
12-14 03:56:56.500  2064  2064 D GpsLocationProvider: SUPL_PORT=7275
12-14 03:56:56.500  2064  2064 D GpsLocationProvider: XTRA_SERVER_2=http\://xtra2.gpsonextra.net/xtra.bin
12-14 03:56:56.500  2064  2064 D GpsLocationProvider: NTP_SERVER=north-america.pool.ntp.org
12-14 03:56:56.500  2064  2064 D GpsLocationProvider: SUPL_MODE=1
12-14 03:56:56.502  2064  2064 W LocationManagerService: no network location provider found
12-14 03:56:56.502  2064  2064 E LocationManagerService: no geocoder provider found
12-14 03:56:56.502  2064  2064 E FlpHardwareProvider: Error hw_get_module 'flp': -2
12-14 03:56:56.502  2064  2064 E LocationManagerService: FLP HAL not supported
12-14 03:56:56.503  2064  2064 E LocationManagerService: Unable to bind FLP Geofence proxy.
12-14 03:56:56.503  2064  2064 E ActivityRecognitionHardware: Error hw_get_module: -2
12-14 03:56:56.503  2064  2064 E LocationManagerService: Hardware Activity-Recognition not supported.
12-14 03:56:56.503  2064  2084 V FingerprintService: startListening(android.service.fingerprint.IFingerprintServiceReceiver$Stub$Proxy@3a0b169)
12-14 03:56:56.504  1804  2229 W OMXNodeInstance: [e:google.mpeg4.decoder] component does not support metadata mode; using fallback
12-14 03:56:56.504  1804  2229 W OMXNodeInstance: [f:google.h263.decoder] component does not support metadata mode; using fallback
12-14 03:56:56.506  1804  2229 W OMXNodeInstance: [10:google.h264.decoder] component does not support metadata mode; using fallback
12-14 03:56:56.506  2064  2088 D gps_serial: serial_gps_init
12-14 03:56:56.506  2064  2088 D gps_serial: gps_state_init
12-14 03:56:56.506  2064  2088 D gps_serial: no kernel-provided gps device name
12-14 03:56:56.506  2064  2088 W GpsLocationProvider: Failed to enable location provider
12-14 03:56:56.506  2239  2239 I ActivityThread: Switching default density from 160 to 240
12-14 03:56:56.506  2064  2064 I CommonTimeManagementService: No common time service detected on this platform.  Common time services will be unavailable.
12-14 03:56:56.507  2064  2064 I MmsServiceBroker: Delay connecting to MmsService until an API is called
12-14 03:56:56.507  2064  2064 W VoiceInteractionManagerService: no available voice interaction services found for user 0
12-14 03:56:56.507  2064  2064 W VoiceInteractionManagerService: no available voice recognition services found for user 0
12-14 03:56:56.507  1804  2229 D SoftHEVC: Number of CPU cores: 8
12-14 03:56:56.507  1804  2229 D SoftHEVC: Initializing decoder
12-14 03:56:56.508  1804  2229 D SoftHEVC: Set number of cores to 4
12-14 03:56:56.508  1804  2229 D SoftHEVC: Ittiam decoder version number: @(#)Id:HEVCDEC_production Ver:04.01 Released by ITTIAM Build: Dec  8 2015 @ 05:11:58
12-14 03:56:56.508  1804  2229 W OMXNodeInstance: [11:google.hevc.decoder] component does not support metadata mode; using fallback
12-14 03:56:56.508  1804  2229 D SoftHEVC: Freeing codec memory
12-14 03:56:56.508  1804  2229 D SoftHEVC: Number of CPU cores: 8
12-14 03:56:56.508  1804  2229 D SoftHEVC: Initializing decoder
12-14 03:56:56.508  2064  2107 I InputReader: Reconfiguring input devices.  changes=0x00000030
12-14 03:56:56.508  1804  2229 D SoftHEVC: Set number of cores to 4
12-14 03:56:56.508  1804  2229 D SoftHEVC: Ittiam decoder version number: @(#)Id:HEVCDEC_production Ver:04.01 Released by ITTIAM Build: Dec  8 2015 @ 05:11:58
12-14 03:56:56.508  1804  2229 D SoftHEVC: In SoftHEVC::~SoftHEVC
12-14 03:56:56.508  1804  2229 D SoftHEVC: Freeing codec memory
12-14 03:56:56.509  1804  2128 D NuPlayerDriver: start(0xf502f1c0)
12-14 03:56:56.510  1804  2289 I GenericSource: start
12-14 03:56:56.510  1804  2229 W OMXNodeInstance: [12:google.vp8.decoder] component does not support metadata mode; using fallback
12-14 03:56:56.510  1804  2229 W OMXNodeInstance: [13:google.vp9.decoder] component does not support metadata mode; using fallback
12-14 03:56:56.512  1804  2229 I SoftMPEG4Encoder: Construct SoftMPEG4Encoder
12-14 03:56:56.512  1804  2229 W ACodec  : do not know color format 0x7f000789 = 2130708361
12-14 03:56:56.514  1804  2229 I SoftAVCEncoder: Construct SoftAVCEncoder
12-14 03:56:56.514  1804  2229 W ACodec  : do not know color format 0x7f000789 = 2130708361
12-14 03:56:56.515  1804  2229 I SoftMPEG4Encoder: Construct SoftMPEG4Encoder
12-14 03:56:56.515  1804  2229 W ACodec  : do not know color format 0x7f000789 = 2130708361
12-14 03:56:56.516  1804  2229 W ACodec  : do not know color format 0x7f000789 = 2130708361
12-14 03:56:56.520  1804  1804 D NuPlayerDriver: reset(0xf584eca0)
12-14 03:56:56.520  1804  2226 D NuPlayerDriver: notifyResetComplete(0xf584eca0)
12-14 03:56:56.520  1804  2128 D NuPlayerDriver: reset(0xf502f1c0)
12-14 03:56:56.521  1804  2289 D NuPlayerDriver: notifyResetComplete(0xf502f1c0)
12-14 03:56:56.522  2064  2064 I ActivityManager: Start proc 2319:com.android.phone/1001 for added application com.android.phone
12-14 03:56:56.523  2064  2064 I ActivityManager: START u0 {act=android.intent.action.MAIN cat=[android.intent.category.HOME] flg=0x10000000 cmp=com.android.launcher3/.Launcher} from uid 0 on display 0
12-14 03:56:56.524  1804  1804 D NuPlayerDriver: start(0xf584eca0)
12-14 03:56:56.524  1804  2317 I GenericSource: start
12-14 03:56:56.524  2064  2064 V WindowManager: addAppToken: AppWindowToken{29e81dfe token=Token{2921a5b9 ActivityRecord{1a8fdb80 u0 com.android.launcher3/.Launcher t10}}} to stack=0 task=10 at 0
12-14 03:56:56.524  1804  2127 D NuPlayerDriver: start(0xf584edc0)
12-14 03:56:56.524  1804  2315 I GenericSource: start
12-14 03:56:56.526  1804  2127 D NuPlayerDriver: reset(0xf584edc0)
12-14 03:56:56.527  1804  2315 D NuPlayerDriver: notifyResetComplete(0xf584edc0)
12-14 03:56:56.527  1804  1804 D NuPlayerDriver: reset(0xf584eca0)
12-14 03:56:56.527  1804  2317 D NuPlayerDriver: notifyResetComplete(0xf584eca0)
12-14 03:56:56.531  1804  2127 D NuPlayerDriver: start(0xf584edc0)
12-14 03:56:56.531  1804  2344 I GenericSource: start
12-14 03:56:56.531  1804  2128 D NuPlayerDriver: start(0xf502f1c0)
12-14 03:56:56.531  1804  2335 I GenericSource: start
12-14 03:56:56.534  1804  2127 D NuPlayerDriver: reset(0xf584edc0)
12-14 03:56:56.535  1804  2344 D NuPlayerDriver: notifyResetComplete(0xf584edc0)
12-14 03:56:56.535  1804  2128 D NuPlayerDriver: reset(0xf502f1c0)
12-14 03:56:56.535  1804  2335 D NuPlayerDriver: notifyResetComplete(0xf502f1c0)
12-14 03:56:56.538  2064  2064 I ActivityManager: Start proc 2367:com.android.launcher3/u0a51 for activity com.android.launcher3/.Launcher
12-14 03:56:56.539  1804  1804 D NuPlayerDriver: start(0xf584eca0)
12-14 03:56:56.539  1804  2365 I GenericSource: start
12-14 03:56:56.541  1804  1804 D NuPlayerDriver: reset(0xf584eca0)
12-14 03:56:56.542  1804  2365 D NuPlayerDriver: notifyResetComplete(0xf584eca0)
12-14 03:56:56.546  1804  2127 D NuPlayerDriver: start(0xf584edc0)
12-14 03:56:56.546  1804  2395 I GenericSource: start
12-14 03:56:56.549  1804  2127 D NuPlayerDriver: reset(0xf584edc0)
12-14 03:56:56.549  1804  2395 D NuPlayerDriver: notifyResetComplete(0xf584edc0)
12-14 03:56:56.553  2064  2088 I ActivityManager: Start proc 2404:com.android.printspooler/u0a23 for service com.android.printspooler/.model.PrintSpoolerService
12-14 03:56:56.554  1804  2128 D NuPlayerDriver: start(0xf502f1c0)
12-14 03:56:56.554  2064  2064 I ActivityThread: Switching default density from 160 to 240
12-14 03:56:56.554  1804  2402 I GenericSource: start
12-14 03:56:56.554  2064  2064 V ActivityManager: Display changed displayId=0
12-14 03:56:56.554  2064  2064 V ActivityManager: Display changed displayId=0
12-14 03:56:56.554  2064  2064 D WifiScanningService: SCAN_AVAILABLE : 1
12-14 03:56:56.554  2064  2064 D RttService: SCAN_AVAILABLE : 1
12-14 03:56:56.554  2064  2133 D WifiScanningService: DefaultState got{ when=0 what=160007 target=com.android.internal.util.StateMachine$SmHandler }
12-14 03:56:56.555  2064  2134 D RttService: DefaultState got{ when=0 what=160513 target=com.android.internal.util.StateMachine$SmHandler }
12-14 03:56:56.555  2319  2319 I ActivityThread: Switching default density from 160 to 240
12-14 03:56:56.557  1804  2128 D NuPlayerDriver: reset(0xf502f1c0)
12-14 03:56:56.558  1804  2402 D NuPlayerDriver: notifyResetComplete(0xf502f1c0)
12-14 03:56:56.560  2367  2367 I ActivityThread: Switching default density from 160 to 240
12-14 03:56:56.563  2404  2404 I ActivityThread: Switching default density from 160 to 240
12-14 03:56:56.565  2064  2064 I Telecom : TelecomGlobals: TelecomGlobals initializing
12-14 03:56:56.567  2239  2239 I LatinIME: Hardware accelerated drawing: true
12-14 03:56:56.572  2404  2404 I PrintSpoolerService: No existing print spooler state.
12-14 03:56:56.575  2367  2367 D Launcher.LauncherProvider: 11683562 - initializeMaxScreenId(): 3
12-14 03:56:56.581  2064  2432 I ActivityManager: Start proc 2434:android.process.acore/u0a1 for content provider com.android.providers.contacts/.CallLogProvider
12-14 03:56:56.581  2064  2064 D BluetoothManagerService: Trying to bind to profile: 1, while Bluetooth was disabled
12-14 03:56:56.581  2064  2093 D BluetoothManagerService: Message: 30
12-14 03:56:56.581  2367  2367 V Launcher: LauncherAppState inited
12-14 03:56:56.583  2186  2186 W ResourceType: No package identifier when getting value for resource number 0x00000000
12-14 03:56:56.583  2186  2186 W PackageManager: Failure retrieving resources for com.android.settings: Resource ID #0x0
12-14 03:56:56.583  2239  2239 W InputAttributes: No editor info for this field. Bug?
12-14 03:56:56.585  2064  2064 I Telecom : TelecomGlobals: CallsManager initialized
12-14 03:56:56.585  2064  2064 W ContextImpl: Calling a method in the system process without a qualified user: android.app.ContextImpl.startService:1692 android.content.ContextWrapper.startService:516 com.android.server.telecom.BluetoothPhoneService.start:440 com.android.server.telecom.TelecomGlobals.initialize:93 com.android.server.telecom.TelecomService.onCreate:164 
12-14 03:56:56.585  2064  2064 D ZenLog  : downtime: Autotrigger skipped: not in downtime
12-14 03:56:56.587  2434  2434 I ActivityThread: Switching default density from 160 to 240
12-14 03:56:56.588  2239  2457 I LatinIME:LogUtils: Dictionary info: dictionary = UserHistoryDictionary.en_US ; version = 1450065416 ; date = ?
12-14 03:56:56.588  2064  2064 W ResourcesManager: Asset path '/system/framework/com.android.location.provider.jar' does not exist or contains no resources.
12-14 03:56:56.589  2239  2460 I LatinIME:LogUtils: Dictionary info: dictionary = contacts.en_US ; version = 1450065416 ; date = ?
12-14 03:56:56.589  2239  2459 I LatinIME:LogUtils: Dictionary info: dictionary = userunigram.en_US ; version = 1450065416 ; date = ?
12-14 03:56:56.589  2064  2064 D GpsNetInitiatedHandler: location enabled :true
12-14 03:56:56.589  2064  2064 V WiredAccessoryManager: notifyWiredAccessoryChanged: when=0 bits= mask=54
12-14 03:56:56.589  2064  2064 V WiredAccessoryManager: newName=h2w newState=0 headsetState=0 prev headsetState=0
12-14 03:56:56.589  2064  2064 E WiredAccessoryManager: No state change.
12-14 03:56:56.589  2064  2064 V WiredAccessoryManager: init()
12-14 03:56:56.589  2239  2458 I LatinIME:LogUtils: Dictionary info: dictionary = PersonalizationDictionary.en_US ; version = 1450065416 ; date = ?
12-14 03:56:56.590  2239  2461 I LatinIME:LogUtils: Dictionary info: dictionary = ContextualDictionary.en_US ; version = 1450065416 ; date = ?
12-14 03:56:56.590  2367  2367 D Launcher.Model: Old launcher provider: content://com.android.launcher2.settings/favorites?notify=true
12-14 03:56:56.590  2367  2367 D Launcher.Model: Old launcher provider does not exist.
12-14 03:56:56.593  2367  2367 W Launcher: setApplicationContext called twice! old=com.android.launcher3.LauncherApplication@df4ec3f new=com.android.launcher3.LauncherApplication@df4ec3f
12-14 03:56:56.594  2186  2186 W ResourceType: No package identifier when getting value for resource number 0x00000000
12-14 03:56:56.594  2186  2186 W PackageManager: Failure retrieving resources for com.android.browser: Resource ID #0x0
12-14 03:56:56.595  2064  2093 D BluetoothManagerService: Message: 300
12-14 03:56:56.595  2064  2093 D BluetoothManagerService: MESSAGE_USER_SWITCHED
12-14 03:56:56.600  1796  2051 D PermissionCache: checking android.permission.HARDWARE_TEST for uid=1000 => granted (36 us)
12-14 03:56:56.600  1804  2127 D BlueZ   : external/bluetooth/bluez/android/hal-audio.c:audio_set_mic_mute() 
12-14 03:56:56.602  2064  2064 V BackupManagerService: Connected to transport ComponentInfo{android/com.android.internal.backup.LocalTransportService}
12-14 03:56:56.602  2064  2064 V BackupManagerService: Registering transport android/com.android.internal.backup.LocalTransportService::android/com.android.internal.backup.LocalTransport = android.app.backup.BackupTransport$TransportImpl@3b938391
12-14 03:56:56.605  2239  2458 I LatinIME:LogUtils: Dictionary info: dictionary = PersonalizationDictionary.en_US ; version = 1450065416 ; date = ?
12-14 03:56:56.605  2239  2458 I LatinIME:LogUtils: Dictionary info: dictionary = PersonalizationDictionary.en_US ; version = 1450065416 ; date = ?
12-14 03:56:56.605  2064  2064 D BluetoothManagerService: Trying to bind to profile: 1, while Bluetooth was disabled
12-14 03:56:56.605  2064  2093 D BluetoothManagerService: Message: 30
12-14 03:56:56.609  2367  2367 W ResourceType: Attempt to retrieve bag 0x7f0d0008 which is invalid or in a cycle.
12-14 03:56:56.611  2239  2473 I LatinIME:LogUtils: Dictionary info: dictionary = main:en ; version = 47 ; date = 1402373178
12-14 03:56:56.612  2319  2319 D TelephonyProvider: dbh.onOpen: ok, queried table=siminfo
12-14 03:56:56.612  2319  2319 D TelephonyProvider: dbh.onOpen: ok, queried table=carriers
12-14 03:56:56.619  2434  2468 I ContactLocale: AddressBook Labels [en-US]: [, A, B, C, D, E, F, G, H, I, J, K, L, M, N, O, P, Q, R, S, T, U, V, W, X, Y, Z, , , , , , , , , , , , , , , , , , , , , , , , , , , , , , , , , , , , , , , , , , , , , , , , , , , , , , , , , , , , , , , , , , , , , , , , , , , , , , , , , , , , , , , , , , , , , , , , , , , , , , , , , , , , , , , , , , , , , , , , , , , , , , , , , , , , , , , , , , , , , , , , , , , , , , , , , , , , , , , , , , , , , , , , , , , , , , , , , , , , , , , , , , , , #, ]
12-14 03:56:56.622  2367  2462 D Launcher.Model: 11683562 - loadWorkspace()
12-14 03:56:56.623  2064  2064 I FusedLocation: engine started (com.android.location.fused)
12-14 03:56:56.624  2367  2462 D Launcher.Model: 11683562 -   loadedOldDb: false
12-14 03:56:56.624  2064  2088 D GpsLocationProvider: received SIM realted action: 
12-14 03:56:56.624  2367  2462 W Launcher: setApplicationContext called twice! old=com.android.launcher3.LauncherApplication@df4ec3f new=com.android.launcher3.LauncherApplication@df4ec3f
12-14 03:56:56.625  2319  2485 E DcSwitchStateMachine-0: DctController is not ready
12-14 03:56:56.625  2064  2119 E ConnectivityService: Failed to find Messenger in unregisterNetworkFactory
12-14 03:56:56.625  2064  2088 D GpsLocationProvider: SIM MCC/MNC is still not available
12-14 03:56:56.625  2064  2119 D ConnectivityService: Got NetworkFactory Messenger for Telephony
12-14 03:56:56.632  1808  1808 I art     : Explicit concurrent mark sweep GC freed 706(30KB) AllocSpace objects, 0(0B) LOS objects, 39% free, 1950KB/3MB, paused 32us total 2.673ms
12-14 03:56:56.634  2064  2064 I ActivityManager: Start proc 2487:com.android.music/u0a36 for broadcast com.android.music/.MediaButtonIntentReceiver
12-14 03:56:56.635  2186  2186 D VolumeUI: Registering volume controller
12-14 03:56:56.635  1808  1808 I art     : Explicit concurrent mark sweep GC freed 5(160B) AllocSpace objects, 0(0B) LOS objects, 39% free, 1950KB/3MB, paused 23us total 2.624ms
12-14 03:56:56.636  2367  2462 D Launcher.Model: 11683562 - loadWorkspaceScreensDb()
12-14 03:56:56.636  2367  2509 D OpenGLRenderer: Use EGL_SWAP_BEHAVIOR_PRESERVED: true
12-14 03:56:56.636  2487  2487 I ActivityThread: Switching default density from 160 to 240
12-14 03:56:56.636  2367  2462 D Launcher.Model: 11683562 -   screens: { 0: 3 }
12-14 03:56:56.636  2367  2462 D Launcher.Model: 11683562 -   sBgWorkspaceScreens: 3
12-14 03:56:56.637  2367  2367 I GRALLOC-DRM: create intel for driver i915
12-14 03:56:56.637  2367  2367 D Atlas   : Validating map...
12-14 03:56:56.637  2064  2093 D BluetoothManagerService: Message: 20
12-14 03:56:56.638  2064  2093 D BluetoothManagerService: Added callback: android.bluetooth.IBluetoothManagerCallback$Stub$Proxy@3c3e5d45:true
12-14 03:56:56.638  1808  1808 I art     : Explicit concurrent mark sweep GC freed 5(160B) AllocSpace objects, 0(0B) LOS objects, 39% free, 1950KB/3MB, paused 21us total 3.006ms
12-14 03:56:56.638  2064  2093 D BluetoothManagerService: Message: 30
12-14 03:56:56.638  2064  2394 V WindowManager: Based on layer: Adding window Window{32273866 u0 com.android.launcher3/com.android.launcher3.Launcher} at 0 of 1
12-14 03:56:56.638  2064  2314 D BluetoothManagerService: Trying to bind to profile: 1, while Bluetooth was disabled
12-14 03:56:56.640  2186  2186 V KeyguardUpdateMonitor: action android.intent.action.SIM_STATE_CHANGED state: NOT_READY slotId: 0 subid: -2
12-14 03:56:56.641  2319  2319 I Telephony: TtyManager: updateUiTtyMode -1 -> 0
12-14 03:56:56.643  2064  2064 D GpsLocationProvider: received SIM realted action: 
12-14 03:56:56.643  2064  2064 D GpsLocationProvider: SIM MCC/MNC is still not available
12-14 03:56:56.643  2064  2085 I StatusBarManagerService: registerStatusBar bar=com.android.internal.statusbar.IStatusBar$Stub$Proxy@10882431
12-14 03:56:56.659  2064  2211 I ActivityManager: Start proc 2514:android.process.media/u0a3 for content provider com.android.providers.media/.MediaProvider
12-14 03:56:56.663  2514  2514 I ActivityThread: Switching default density from 160 to 240
12-14 03:56:56.664  2367  2509 I EGL-DRI2: DRI2: found extension DRI_Core version 1
12-14 03:56:56.664  2367  2509 I EGL-DRI2: DRI2: found extension DRI_DRI2 version 4
12-14 03:56:56.667  2367  2509 I EGL-DRI2: DRI2: found extension DRI_TexBuffer version 3
12-14 03:56:56.667  2367  2509 I EGL-DRI2: DRI2: found extension DRI2_Flush version 4
12-14 03:56:56.667  2367  2509 I EGL-DRI2: DRI2: found extension DRI_IMAGE version 11
12-14 03:56:56.667  2367  2509 I OpenGLRenderer: Initialized EGL, version 1.4
12-14 03:56:56.667  2367  2509 W OpenGLRenderer: Failed to choose config with EGL_SWAP_BEHAVIOR_PRESERVED, retrying without...
12-14 03:56:56.668  2319  2319 D TelephonyDebugService: TelephonyDebugService()
12-14 03:56:56.668  2367  2509 D OpenGLRenderer: Enabling debug mode 0
12-14 03:56:56.670  2064  2118 D WifiService: New client listening to asynchronous messages
12-14 03:56:56.674  2514  2514 E SQLiteLog: (283) recovered 1 frames from WAL file /data/user/0/com.android.providers.media/databases/external.db-wal
12-14 03:56:56.675  2319  2319 I Telephony: PstnIncomingCallNotifier: Registering: Handler (com.android.internal.telephony.gsm.GSMPhone) {1909eb1e}
12-14 03:56:56.677  2319  2538 D SIP     : [SipSharedPreferences] isReceivingCallsEnabled, option not set; use default value, exception: android.provider.Settings$SettingNotFoundException: sip_receive_calls
12-14 03:56:56.691  2367  2367 D Launcher: 11683562 - bindAddScreens()
12-14 03:56:56.692  2367  2367 D Launcher: 11683562 -   orderedScreenIds: 3
12-14 03:56:56.692  2367  2367 D Launcher.Workspace: 11683562 - insertNewWorkspaceScreen(): 3 at index: 0
12-14 03:56:56.692  2064  2094 I ActivityManager: Displayed com.android.launcher3/.Launcher: +168ms
12-14 03:56:56.695  2064  2118 D WifiService: New client listening to asynchronous messages
12-14 03:56:56.705  2064  2394 I art     : Explicit concurrent mark sweep GC freed 9776(559KB) AllocSpace objects, 5(80KB) LOS objects, 33% free, 8MB/12MB, paused 218us total 9.635ms
12-14 03:56:56.706  2064  2093 D BluetoothManagerService: Message: 20
12-14 03:56:56.706  2064  2093 D BluetoothManagerService: Added callback: android.bluetooth.IBluetoothManagerCallback$Stub$Proxy@27c40f49:true
12-14 03:56:56.706  2186  2186 D BluetoothAdapter: 193922904: getState() :  mService = null. Returning STATE_OFF
12-14 03:56:56.706  2186  2544 D BluetoothAdapter: 193922904: getState() :  mService = null. Returning STATE_OFF
12-14 03:56:56.707  2064  2093 D BluetoothManagerService: Message: 30
12-14 03:56:56.707  2064  2093 D BluetoothManagerService: Message: 30
12-14 03:56:56.707  2186  2186 E BluetoothA2dpSink: Could not bind to Bluetooth A2DP Service with Intent { act=android.bluetooth.IBluetoothA2dpSink }
12-14 03:56:56.707  2064  2093 D BluetoothManagerService: Message: 30
12-14 03:56:56.707  2186  2186 E BluetoothAvrcpController: Could not bind to Bluetooth AVRCP Controller Service with Intent { act=android.bluetooth.IBluetoothAvrcpController }
12-14 03:56:56.707  2064  2093 D BluetoothManagerService: Message: 30
12-14 03:56:56.707  2064  2084 D BluetoothManagerService: Trying to bind to profile: 1, while Bluetooth was disabled
12-14 03:56:56.708  2064  2093 D BluetoothManagerService: Message: 30
12-14 03:56:56.708  2186  2186 E BluetoothHeadsetClient: Could not bind to Bluetooth Headset Client Service with Intent { act=android.bluetooth.IBluetoothHeadsetClient }
12-14 03:56:56.708  2064  2093 D BluetoothManagerService: Message: 30
12-14 03:56:56.708  2186  2186 D BluetoothMap: Create BluetoothMap proxy object
12-14 03:56:56.708  2064  2093 D BluetoothManagerService: Message: 30
12-14 03:56:56.709  2064  2093 D BluetoothManagerService: Message: 30
12-14 03:56:56.710  2064  2211 D ConnectivityService: listenForNetwork for NetworkRequest [ id=2, legacyType=-1, [] ]
12-14 03:56:56.712  2186  2186 I CameraManagerGlobal: getCameraService: Reconnecting to camera service
12-14 03:56:56.713  1804  1804 I CameraService: getCameraCharacteristics: Switching to HAL1 shim implementation...
12-14 03:56:56.713  1804  1804 D Camera_Factory: CameraFactory::get_camera_info
12-14 03:56:56.713  1804  1804 D Camera_Factory: CameraFactory::getCameraInfo: id = 0, info = 0xffdc1d18
12-14 03:56:56.713  1804  1804 D Camera_Factory: CameraFactory::getCameraNum: 1
12-14 03:56:56.713  1804  1804 D CameraHardware: CameraHardware::getCameraInfo
12-14 03:56:56.713  1804  1804 D Camera_Factory: CameraFactory::get_camera_info
12-14 03:56:56.713  1804  1804 D Camera_Factory: CameraFactory::getCameraInfo: id = 0, info = 0xffdc1ab0
12-14 03:56:56.713  1804  1804 D Camera_Factory: CameraFactory::getCameraNum: 1
12-14 03:56:56.713  1804  1804 D CameraHardware: CameraHardware::getCameraInfo
12-14 03:56:56.713  2064  2089 V KeyguardServiceDelegate: *** Keyguard started
12-14 03:56:56.713  2064  2089 W KeyguardServiceDelegate: onScreenTurnedOn(): no keyguard service!
12-14 03:56:56.713  2064  2089 D KbdSensor: poll_activate: dev=0x7f1933866680 handle=0 enabled=1
12-14 03:56:56.713  2064  2089 D KbdSensor: poll_setDelay: dev=0x7f1933866680 delay-ns=66667000
12-14 03:56:56.720  1804  1804 I CameraClient: Opening camera 0
12-14 03:56:56.720  1804  1804 D Camera_Factory: CameraFactory::get_camera_info
12-14 03:56:56.720  1804  1804 D Camera_Factory: CameraFactory::getCameraInfo: id = 0, info = 0xffdc1a40
12-14 03:56:56.721  1804  1804 D Camera_Factory: CameraFactory::getCameraNum: 1
12-14 03:56:56.721  1804  1804 D CameraHardware: CameraHardware::getCameraInfo
12-14 03:56:56.721  1804  1804 D Camera_Factory: CameraFactory::device_open: name = 0
12-14 03:56:56.721  1804  1804 D Camera_Factory: CameraFactory::cameraDeviceOpen: id = 0
12-14 03:56:56.721  1804  1804 D Camera_Factory: CameraFactory::getCameraNum: 1
12-14 03:56:56.721  1804  1804 D CameraHardware: CameraHardware::PowerOn: Power ON camera.
12-14 03:56:56.721  1804  1804 D CameraHardware: CameraHardware::PowerOn: no power_file set
12-14 03:56:56.721  1804  1804 D CameraHardware: CameraHardware::initDefaultParameters
12-14 03:56:56.721  1804  1804 D V4L2Camera: V4L2Camera::EnumFrameFormats
12-14 03:56:56.721  1804  1804 D V4L2Camera: { pixelformat = 'MJPG', description = 'Motion-JPEG' }
12-14 03:56:56.721  1804  1804 D V4L2Camera: V4L2Camera::EnumFrameSizes: pixfmt: 0x47504a4d
12-14 03:56:56.721  1804  1804 D V4L2Camera: { discrete: width = 1280, height = 720 }
12-14 03:56:56.721  1804  1804 D V4L2Camera: V4L2Camera::EnumFrameIntervals: pixfmt: 0x47504a4d, w:1280, h:720
12-14 03:56:56.721  1804  1804 D V4L2Camera: 	Time interval between frame: 
12-14 03:56:56.721  1804  1804 D V4L2Camera: 1/30
12-14 03:56:56.721  1804  1804 D V4L2Camera: { discrete: width = 160, height = 120 }
12-14 03:56:56.721  1804  1804 D V4L2Camera: V4L2Camera::EnumFrameIntervals: pixfmt: 0x47504a4d, w:160, h:120
12-14 03:56:56.721  1804  1804 D V4L2Camera: 	Time interval between frame: 
12-14 03:56:56.721  1804  1804 D V4L2Camera: 1/30
12-14 03:56:56.721  1804  1804 D V4L2Camera: { discrete: width = 176, height = 144 }
12-14 03:56:56.721  1804  1804 D V4L2Camera: V4L2Camera::EnumFrameIntervals: pixfmt: 0x47504a4d, w:176, h:144
12-14 03:56:56.721  1804  1804 D V4L2Camera: 	Time interval between frame: 
12-14 03:56:56.721  1804  1804 D V4L2Camera: 1/30
12-14 03:56:56.721  1804  1804 D V4L2Camera: { discrete: width = 320, height = 240 }
12-14 03:56:56.721  1804  1804 D V4L2Camera: V4L2Camera::EnumFrameIntervals: pixfmt: 0x47504a4d, w:320, h:240
12-14 03:56:56.721  1804  1804 D V4L2Camera: 	Time interval between frame: 
12-14 03:56:56.721  1804  1804 D V4L2Camera: 1/30
12-14 03:56:56.721  1804  1804 D V4L2Camera: { discrete: width = 352, height = 288 }
12-14 03:56:56.721  1804  1804 D V4L2Camera: V4L2Camera::EnumFrameIntervals: pixfmt: 0x47504a4d, w:352, h:288
12-14 03:56:56.721  1804  1804 D V4L2Camera: 	Time interval between frame: 
12-14 03:56:56.721  1804  1804 D V4L2Camera: 1/30
12-14 03:56:56.721  1804  1804 D V4L2Camera: { discrete: width = 640, height = 360 }
12-14 03:56:56.721  1804  1804 D V4L2Camera: V4L2Camera::EnumFrameIntervals: pixfmt: 0x47504a4d, w:640, h:360
12-14 03:56:56.721  1804  1804 D V4L2Camera: 	Time interval between frame: 
12-14 03:56:56.721  1804  1804 D V4L2Camera: 1/30
12-14 03:56:56.721  1804  1804 D V4L2Camera: { discrete: width = 640, height = 480 }
12-14 03:56:56.721  1804  1804 D V4L2Camera: V4L2Camera::EnumFrameIntervals: pixfmt: 0x47504a4d, w:640, h:480
12-14 03:56:56.721  1804  1804 D V4L2Camera: 	Time interval between frame: 
12-14 03:56:56.721  1804  1804 D V4L2Camera: 1/30
12-14 03:56:56.721  1804  1804 D V4L2Camera: { discrete: width = 1280, height = 1024 }
12-14 03:56:56.721  1804  1804 D V4L2Camera: V4L2Camera::EnumFrameIntervals: pixfmt: 0x47504a4d, w:1280, h:1024
12-14 03:56:56.721  1804  1804 D V4L2Camera: 	Time interval between frame: 
12-14 03:56:56.721  1804  1804 D V4L2Camera: 1/30
12-14 03:56:56.721  1804  1804 D V4L2Camera: { discrete: width = 1920, height = 1080 }
12-14 03:56:56.721  1804  1804 D V4L2Camera: V4L2Camera::EnumFrameIntervals: pixfmt: 0x47504a4d, w:1920, h:1080
12-14 03:56:56.721  1804  1804 D V4L2Camera: 	Time interval between frame: 
12-14 03:56:56.721  1804  1804 D V4L2Camera: 1/30
12-14 03:56:56.721  1804  1804 D V4L2Camera: { discrete: width = 1280, height = 720 }
12-14 03:56:56.721  1804  1804 D V4L2Camera: V4L2Camera::EnumFrameIntervals: pixfmt: 0x47504a4d, w:1280, h:720
12-14 03:56:56.721  1804  1804 D V4L2Camera: 	Time interval between frame: 
12-14 03:56:56.721  1804  1804 D V4L2Camera: 1/30
12-14 03:56:56.721  1804  1804 D V4L2Camera: { pixelformat = 'YUYV', description = 'YUYV 4:2:2' }
12-14 03:56:56.721  1804  1804 D V4L2Camera: V4L2Camera::EnumFrameSizes: pixfmt: 0x56595559
12-14 03:56:56.721  1804  1804 D V4L2Camera: { discrete: width = 1280, height = 720 }
12-14 03:56:56.721  1804  1804 D V4L2Camera: V4L2Camera::EnumFrameIntervals: pixfmt: 0x56595559, w:1280, h:720
12-14 03:56:56.721  1804  1804 D V4L2Camera: 	Time interval between frame: 
12-14 03:56:56.721  1804  1804 D V4L2Camera: 1/10
12-14 03:56:56.721  1804  1804 D V4L2Camera: { discrete: width = 160, height = 120 }
12-14 03:56:56.721  1804  1804 D V4L2Camera: V4L2Camera::EnumFrameIntervals: pixfmt: 0x56595559, w:160, h:120
12-14 03:56:56.721  1804  1804 D V4L2Camera: 	Time interval between frame: 
12-14 03:56:56.721  1804  1804 D V4L2Camera: 1/30
12-14 03:56:56.721  1804  1804 D V4L2Camera: 1/15
12-14 03:56:56.721  1804  1804 D V4L2Camera: { discrete: width = 176, height = 144 }
12-14 03:56:56.721  1804  1804 D V4L2Camera: V4L2Camera::EnumFrameIntervals: pixfmt: 0x56595559, w:176, h:144
12-14 03:56:56.721  1804  1804 D V4L2Camera: 	Time interval between frame: 
12-14 03:56:56.721  1804  1804 D V4L2Camera: 1/30
12-14 03:56:56.721  1804  1804 D V4L2Camera: 1/15
12-14 03:56:56.721  1804  1804 D V4L2Camera: { discrete: width = 320, height = 240 }
12-14 03:56:56.721  1804  1804 D V4L2Camera: V4L2Camera::EnumFrameIntervals: pixfmt: 0x56595559, w:320, h:240
12-14 03:56:56.721  1804  1804 D V4L2Camera: 	Time interval between frame: 
12-14 03:56:56.721  1804  1804 D V4L2Camera: 1/30
12-14 03:56:56.721  1804  1804 D V4L2Camera: 1/15
12-14 03:56:56.721  1804  1804 D V4L2Camera: { discrete: width = 352, height = 288 }
12-14 03:56:56.721  1804  1804 D V4L2Camera: V4L2Camera::EnumFrameIntervals: pixfmt: 0x56595559, w:352, h:288
12-14 03:56:56.721  1804  1804 D V4L2Camera: 	Time interval between frame: 
12-14 03:56:56.721  1804  1804 D V4L2Camera: 1/30
12-14 03:56:56.721  1804  1804 D V4L2Camera: 1/15
12-14 03:56:56.721  1804  1804 D V4L2Camera: { discrete: width = 640, height = 360 }
12-14 03:56:56.721  1804  1804 D V4L2Camera: V4L2Camera::EnumFrameIntervals: pixfmt: 0x56595559, w:640, h:360
12-14 03:56:56.721  1804  1804 D V4L2Camera: 	Time interval between frame: 
12-14 03:56:56.721  1804  1804 D V4L2Camera: 1/30
12-14 03:56:56.721  1804  1804 D V4L2Camera: 1/15
12-14 03:56:56.721  1804  1804 D V4L2Camera: { discrete: width = 640, height = 480 }
12-14 03:56:56.721  1804  1804 D V4L2Camera: V4L2Camera::EnumFrameIntervals: pixfmt: 0x56595559, w:640, h:480
12-14 03:56:56.721  1804  1804 D V4L2Camera: 	Time interval between frame: 
12-14 03:56:56.721  1804  1804 D V4L2Camera: 1/30
12-14 03:56:56.721  1804  1804 D V4L2Camera: 1/15
12-14 03:56:56.721  1804  1804 D V4L2Camera: { discrete: width = 1280, height = 1024 }
12-14 03:56:56.721  1804  1804 D V4L2Camera: V4L2Camera::EnumFrameIntervals: pixfmt: 0x56595559, w:1280, h:1024
12-14 03:56:56.721  1804  1804 D V4L2Camera: 	Time interval between frame: 
12-14 03:56:56.721  1804  1804 D V4L2Camera: 1/5
12-14 03:56:56.721  1804  1804 D V4L2Camera: { discrete: width = 1920, height = 1080 }
12-14 03:56:56.721  1804  1804 D V4L2Camera: V4L2Camera::EnumFrameIntervals: pixfmt: 0x56595559, w:1920, h:1080
12-14 03:56:56.721  1804  1804 D V4L2Camera: 	Time interval between frame: 
12-14 03:56:56.721  1804  1804 D V4L2Camera: 1/5
12-14 03:56:56.721  1804  1804 D V4L2Camera: { discrete: width = 1280, height = 720 }
12-14 03:56:56.721  1804  1804 D V4L2Camera: V4L2Camera::EnumFrameIntervals: pixfmt: 0x56595559, w:1280, h:720
12-14 03:56:56.721  1804  1804 D V4L2Camera: 	Time interval between frame: 
12-14 03:56:56.721  1804  1804 D V4L2Camera: 1/10
12-14 03:56:56.721  1804  1804 D V4L2Camera: V4L2Camera::getAvailableSizes
12-14 03:56:56.721  1804  1804 D V4L2Camera: V4L2Camera::getAvailableFps
12-14 03:56:56.721  1804  1804 I CameraHardware: Default preview size: (1920 x 1080), fps:30
12-14 03:56:56.721  1804  1804 I CameraHardware: All available formats: 160x120,176x144,240x160,320x200,320x240,352x288,432x320,480x320,640x360,640x480,1280x720,1280x1024,1920x1080
12-14 03:56:56.721  1804  1804 I CameraHardware: All available fps: (5,5),(10,10),(15,15),(30,30)
12-14 03:56:56.721  1804  1804 I CameraHardware: Default picture size: (1920 x 1080)
12-14 03:56:56.721  1804  1804 D CameraHardware: CameraHardware::setParameters
12-14 03:56:56.721  1804  1804 D CameraHardware: CameraHardware::setParameters: PREVIEW: Size 1920x1080, 30 fps, format: yuv422sp
12-14 03:56:56.721  1804  1804 D CameraHardware: CameraHardware::setParameters: PICTURE: Size 1920x1080, format: jpeg
12-14 03:56:56.721  1804  1804 D CameraHardware: CameraHardware::setParameters: VIDEO: Size 1920x1080, format: yuv420p
12-14 03:56:56.721  1804  1804 D CameraHardware: CameraHardware::initHeapLocked
12-14 03:56:56.721  1804  1804 E CameraHardware: No memory allocator available
12-14 03:56:56.721  1804  1804 D CameraHardware: CameraHardware::setParameters: OK
12-14 03:56:56.721  1804  1804 D CameraHardware: CameraHardware::connectCamera
12-14 03:56:56.721  1804  1804 D CameraHardware: CameraHardware::setCallbacks
12-14 03:56:56.721  1804  1804 D CameraHardware: CameraHardware::enableMsgType: 3085
12-14 03:56:56.721  1804  1804 D CameraHardware: CameraHardware::getParameters
12-14 03:56:56.721  1804  1804 D CameraHardware: CameraHardware::putParameters
12-14 03:56:56.721  1804  1804 D CameraHardware: CameraHardware::disableMsgType: 65535
12-14 03:56:56.721  1804  1804 D CameraHardware: CameraHardware::stopPreview
12-14 03:56:56.721  1804  1804 D CameraHardware: CameraHardware::stopPreviewLocked
12-14 03:56:56.721  1804  1804 D CameraHardware: CameraHardware::stopPreviewLocked: OK
12-14 03:56:56.721  1804  1804 D CameraHardware: CameraHardware::cancelPicture
12-14 03:56:56.721  1804  1804 D CameraHardware: CameraHardware::releaseCamera
12-14 03:56:56.721  1804  1804 I CameraClient: Destroying camera 0
12-14 03:56:56.721  1804  1804 D CameraHardware: CameraHardware::closeCamera
12-14 03:56:56.721  1804  1804 D CameraHardware: CameraHardware::releaseCamera
12-14 03:56:56.721  1804  1804 D NuPlayerDriver: reset(0xf584eca0)
12-14 03:56:56.721  1804  2547 D NuPlayerDriver: notifyResetComplete(0xf584eca0)
12-14 03:56:56.721  1804  1804 D NuPlayerDriver: reset(0xf584ef40)
12-14 03:56:56.721  1804  2549 D NuPlayerDriver: notifyResetComplete(0xf584ef40)
12-14 03:56:56.721  1804  2127 D Camera_Factory: CameraFactory::get_camera_info
12-14 03:56:56.721  1804  2127 D Camera_Factory: CameraFactory::getCameraInfo: id = 0, info = 0xf4eff990
12-14 03:56:56.721  1804  2127 D Camera_Factory: CameraFactory::getCameraNum: 1
12-14 03:56:56.721  1804  2127 D CameraHardware: CameraHardware::getCameraInfo
12-14 03:56:56.722  1804  1804 D Camera_Factory: CameraFactory::get_camera_info
12-14 03:56:56.722  1804  1804 D Camera_Factory: CameraFactory::getCameraInfo: id = 0, info = 0xffdc1d90
12-14 03:56:56.722  1804  1804 D Camera_Factory: CameraFactory::getCameraNum: 1
12-14 03:56:56.722  1804  1804 D CameraHardware: CameraHardware::getCameraInfo
12-14 03:56:56.727  2367  2462 W ResourceType: No package identifier when getting value for resource number 0x00000000
12-14 03:56:56.727  2367  2462 W ResourceType: No package identifier when getting value for resource number 0x00000000
12-14 03:56:56.727  2367  2462 W PackageManager: Failure retrieving resources for com.example.android.rssreader: Resource ID #0x0
12-14 03:56:56.727  2367  2462 W ResourceType: No package identifier when getting value for resource number 0x00000000
12-14 03:56:56.727  2367  2462 W PackageManager: Failure retrieving resources for com.example.android.rssreader: Resource ID #0x0
12-14 03:56:56.728  2367  2462 W ResourceType: No package identifier when getting value for resource number 0x00000000
12-14 03:56:56.728  2367  2462 W ResourceType: No package identifier when getting value for resource number 0x00000000
12-14 03:56:56.728  2367  2462 W PackageManager: Failure retrieving resources for com.android.speechrecorder: Resource ID #0x0
12-14 03:56:56.728  2367  2462 W ResourceType: No package identifier when getting value for resource number 0x00000000
12-14 03:56:56.728  2367  2462 W PackageManager: Failure retrieving resources for com.android.speechrecorder: Resource ID #0x0
12-14 03:56:56.729  2186  2553 D BluetoothAdapter: 193922904: getState() :  mService = null. Returning STATE_OFF
12-14 03:56:56.729  2186  2553 D BluetoothAdapter: 193922904: getState() :  mService = null. Returning STATE_OFF
12-14 03:56:56.729  2186  2553 D BluetoothAdapter: 193922904: getState() :  mService = null. Returning STATE_OFF
12-14 03:56:56.729  2186  2553 D BluetoothAdapter: 193922904: getState() :  mService = null. Returning STATE_OFF
12-14 03:56:56.731  2186  2555 D OpenGLRenderer: Use EGL_SWAP_BEHAVIOR_PRESERVED: true
12-14 03:56:56.731  2186  2186 I GRALLOC-DRM: create intel for driver i915
12-14 03:56:56.732  2186  2186 D Atlas   : Validating map...
12-14 03:56:56.733  2186  2186 D PhoneStatusBar: disable: < EXPAND* icons alerts system_info BACK* HOME* RECENT* clock SEARCH* >
12-14 03:56:56.737  2186  2186 D BluetoothAdapter: 193922904: getState() :  mService = null. Returning STATE_OFF
12-14 03:56:56.737  2186  2186 D BluetoothAdapter: 193922904: getState() :  mService = null. Returning STATE_OFF
12-14 03:56:56.738  2186  2186 D PhoneStatusBar: heads up is enabled
12-14 03:56:56.739  2186  2186 D KeyguardUpdateMonitor: handleSimStateChange(subId=-2, slotId=0, state=UNKNOWN)
12-14 03:56:56.739  2186  2186 W KeyguardUpdateMonitor: invalid subId in handleSimStateChange()
12-14 03:56:56.818  2186  2186 I EGL-DRI2: DRI2: found extension DRI_Core version 1
12-14 03:56:56.818  2186  2186 I EGL-DRI2: DRI2: found extension DRI_DRI2 version 4
12-14 03:56:56.821  2186  2186 I EGL-DRI2: DRI2: found extension DRI_TexBuffer version 3
12-14 03:56:56.821  2186  2186 I EGL-DRI2: DRI2: found extension DRI2_Flush version 4
12-14 03:56:56.821  2186  2186 I EGL-DRI2: DRI2: found extension DRI_IMAGE version 11
12-14 03:56:56.845  1796  2109 I SurfaceFlinger: Boot is finished (3489 ms)
12-14 03:56:56.845  2186  2186 D ViewRootImpl: changeCanvasOpacity: opaque=true
12-14 03:56:56.864  2186  2555 I EGL-DRI2: DRI2: found extension DRI_Core version 1
12-14 03:56:56.864  2186  2555 I EGL-DRI2: DRI2: found extension DRI_DRI2 version 4
12-14 03:56:56.867  2186  2555 I EGL-DRI2: DRI2: found extension DRI_TexBuffer version 3
12-14 03:56:56.867  2186  2555 I EGL-DRI2: DRI2: found extension DRI2_Flush version 4
12-14 03:56:56.867  2186  2555 I EGL-DRI2: DRI2: found extension DRI_IMAGE version 11
12-14 03:56:56.868  2186  2555 I OpenGLRenderer: Initialized EGL, version 1.4
12-14 03:56:56.868  2186  2555 W OpenGLRenderer: Failed to choose config with EGL_SWAP_BEHAVIOR_PRESERVED, retrying without...
12-14 03:56:56.869  2186  2555 D OpenGLRenderer: Enabling debug mode 0
12-14 03:56:56.874  2064  2118 D WifiService: New client listening to asynchronous messages
12-14 03:56:56.881  2064  2064 V KeyguardServiceDelegate: *** Keyguard connected (yay!)
12-14 03:56:56.888  2186  2186 V KeyguardUpdateMonitor: onSubscriptionInfoChanged()
12-14 03:56:56.889  2186  2186 V KeyguardUpdateMonitor: onSubscriptionInfoChanged: list is null
12-14 03:56:56.889  2186  2186 D OpenGLRenderer: setting property extraRasterBucket to 0.95
12-14 03:56:56.889  2186  2186 D OpenGLRenderer:     failed
12-14 03:56:56.889  2186  2186 D OpenGLRenderer: setting property extraRasterBucket to 0.0
12-14 03:56:56.889  2186  2186 D OpenGLRenderer:     failed
12-14 03:56:56.907  2064  2302 V KeyguardServiceDelegate: **** SHOWN CALLED ****
12-14 03:56:56.908  1805  1805 E installd: Unable to unlink boot marker at /data/dalvik-cache/arm64/.booting, error=No such file or directory
12-14 03:56:56.908  2064  2094 E ActivityManager: Unable to mark boot complete for abi: arm64-v8a
12-14 03:56:56.908  1805  1805 E installd: Unable to unlink boot marker at /data/dalvik-cache/arm/.booting, error=No such file or directory
12-14 03:56:56.908  2064  2094 E ActivityManager: Unable to mark boot complete for abi: armeabi-v7a
12-14 03:56:56.908  2064  2094 I SystemServiceManager: Starting phase 1000
12-14 03:56:56.909  2560  2560 W linker  : [vdso]: unused DT entry: type 0x6ffffef5 arg 0x160
12-14 03:56:56.909  2561  2561 W linker  : [vdso]: unused DT entry: type 0x6ffffef5 arg 0x160
12-14 03:56:56.909  2560  2560 I sh      : WARNING: linker: [vdso]: unused DT entry: type 0x6ffffef5 arg 0x160
12-14 03:56:56.912  2560  2560 I sh      : + hw_sh=/vendor/etc/init.sh 
12-14 03:56:56.912  2560  2560 I sh      : + '[' -e /vendor/etc/init.sh ']'
12-14 03:56:56.912  2560  2560 I sh      : + do_bootcomplete
12-14 03:56:56.912  2560  2560 I sh      : + init_cpu_governor
12-14 03:56:56.912  2560  2560 I sh      : + getprop cpu.governor
12-14 03:56:56.913  2565  2565 W linker  : [vdso]: unused DT entry: type 0x6ffffef5 arg 0x160
12-14 03:56:56.913  2560  2560 I sh      : WARNING: linker: [vdso]: unused DT entry: type 0x6ffffef5 arg 0x160
12-14 03:56:56.913  2560  2560 I sh      : + governor= 
12-14 03:56:56.913  2560  2560 I sh      : + '[' ']'
12-14 03:56:56.913  2560  2560 I sh      : + getprop persist.sys.root_access
12-14 03:56:56.914  2566  2566 W linker  : [vdso]: unused DT entry: type 0x6ffffef5 arg 0x160
12-14 03:56:56.914  2560  2560 I sh      : WARNING: linker: [vdso]: unused DT entry: type 0x6ffffef5 arg 0x160
12-14 03:56:56.914  2560  2560 I sh      : + '[' -z 3 ']'
12-14 03:56:56.915  2560  2560 I sh      : + getprop debug.mesa.driver
12-14 03:56:56.915  2567  2567 W linker  : [vdso]: unused DT entry: type 0x6ffffef5 arg 0x160
12-14 03:56:56.915  2560  2560 I sh      : WARNING: linker: [vdso]: unused DT entry: type 0x6ffffef5 arg 0x160
12-14 03:56:56.916  2560  2560 I sh      : + '['  '=' i965 ']'
12-14 03:56:56.916  2560  2560 I sh      : + lsmod
12-14 03:56:56.916  2560  2560 I sh      : + grep -e brcmfmac
12-14 03:56:56.917  2569  2569 W linker  : [vdso]: unused DT entry: type 0x6ffffef5 arg 0x160
12-14 03:56:56.917  2560  2560 I sh      : WARNING: linker: [vdso]: unused DT entry: type 0x6ffffef5 arg 0x160
12-14 03:56:56.918  2560  2560 I sh      : + grep '\[.*\]' /proc/asound/cards
12-14 03:56:56.918  2570  2570 W linker  : [vdso]: unused DT entry: type 0x6ffffef5 arg 0x160
12-14 03:56:56.918  2560  2560 I sh      : WARNING: linker: [vdso]: unused DT entry: type 0x6ffffef5 arg 0x160
12-14 03:56:56.919  2560  2560 I sh      : + awk '{print $1}'
12-14 03:56:56.919  2571  2571 W linker  : [vdso]: unused DT entry: type 0x6ffffef5 arg 0x160
12-14 03:56:56.919  2560  2560 I sh      : WARNING: linker: [vdso]: unused DT entry: type 0x6ffffef5 arg 0x160
12-14 03:56:56.920  2560  2560 I sh      : + cat /proc/asound/card0/id
12-14 03:56:56.920  2560  2560 I sh      : + f=/system/etc/alsa/HDMI.state 
12-14 03:56:56.920  2560  2560 I sh      : + '[' -e /system/etc/alsa/HDMI.state ']'
12-14 03:56:56.920  2560  2560 I sh      : + alsa_ctl init 0
12-14 03:56:56.923  2573  2573 W linker  : [vdso]: unused DT entry: type 0x6ffffef5 arg 0xec
12-14 03:56:56.923  2560  2560 I sh      : WARNING: linker: [vdso]: unused DT entry: type 0x6ffffef5 arg 0xec
12-14 03:56:56.926  2560  2560 I sh      : Found hardware: "HDA-Intel" "Intel Haswell HDMI" "HDA:80862807,80860101,00100000" "0x1462" "0x111d"
12-14 03:56:56.926  2560  2560 I sh      : Hardware is initialized using a generic method
12-14 03:56:56.926  2560  2560 I sh      : + alsa_amixer -c 0 set Master on
