12-14 04:04:20.312  2064  2123 W AudioTrack: AUDIO_OUTPUT_FLAG_FAST denied by client
12-14 04:04:20.587  2064  2123 W AudioTrack: AUDIO_OUTPUT_FLAG_FAST denied by client
12-14 04:04:20.832  2064  2123 W AudioTrack: AUDIO_OUTPUT_FLAG_FAST denied by client
12-14 04:04:21.253  2064  2123 W AudioTrack: AUDIO_OUTPUT_FLAG_FAST denied by client
12-14 04:04:21.501  2064  2123 W AudioTrack: AUDIO_OUTPUT_FLAG_FAST denied by client
12-14 04:04:21.532  2064  2222 W AudioTrack: AUDIO_OUTPUT_FLAG_FAST denied by client
12-14 04:04:21.564  2064  2222 W AudioTrack: AUDIO_OUTPUT_FLAG_FAST denied by client
12-14 04:04:21.597  2064  2222 W AudioTrack: AUDIO_OUTPUT_FLAG_FAST denied by client
12-14 04:04:21.627  2064  2222 W AudioTrack: AUDIO_OUTPUT_FLAG_FAST denied by client
12-14 04:04:22.974  3322  3322 W linker  : [vdso]: unused DT entry: type 0x6ffffef5 arg 0x160
12-14 04:04:24.838  2064  2123 W AudioTrack: AUDIO_OUTPUT_FLAG_FAST denied by client
12-14 04:04:24.840  3325  3325 W linker  : [vdso]: unused DT entry: type 0x6ffffef5 arg 0x160
12-14 04:04:24.841  3326  3326 W linker  : [vdso]: unused DT entry: type 0x6ffffef5 arg 0x160
12-14 04:04:24.843  3327  3327 W linker  : [vdso]: unused DT entry: type 0x6ffffef5 arg 0x160
12-14 04:04:24.845  3328  3328 W linker  : [vdso]: unused DT entry: type 0x6ffffef5 arg 0x160
12-14 04:04:24.850  1804  2102 D audio_hw_primary: found out /dev/snd/pcmC1D0p
12-14 04:04:24.960  3329  3329 W linker  : [vdso]: unused DT entry: type 0x6ffffef5 arg 0x160
12-14 04:04:24.962  3330  3330 W linker  : [vdso]: unused DT entry: type 0x6ffffef5 arg 0x160
12-14 04:04:24.963  3331  3331 W linker  : [vdso]: unused DT entry: type 0x6ffffef5 arg 0x160
12-14 04:04:24.988  3332  3332 W linker  : [vdso]: unused DT entry: type 0x6ffffef5 arg 0x160
12-14 04:04:24.990  3333  3333 W linker  : [vdso]: unused DT entry: type 0x6ffffef5 arg 0x160
12-14 04:04:24.991  3334  3334 W linker  : [vdso]: unused DT entry: type 0x6ffffef5 arg 0x160
12-14 04:04:27.985  3336  3336 W linker  : [vdso]: unused DT entry: type 0x6ffffef5 arg 0x160
12-14 04:04:28.351  2064  2123 W AudioTrack: AUDIO_OUTPUT_FLAG_FAST denied by client
12-14 04:04:28.362  1804  2102 D audio_hw_primary: found out /dev/snd/pcmC1D0p
12-14 04:04:28.594  2064  2123 W AudioTrack: AUDIO_OUTPUT_FLAG_FAST denied by client
12-14 04:04:28.626  2064  2123 W AudioTrack: AUDIO_OUTPUT_FLAG_FAST denied by client
12-14 04:04:28.658  2064  2123 W AudioTrack: AUDIO_OUTPUT_FLAG_FAST denied by client
12-14 04:04:28.690  2064  2222 W AudioTrack: AUDIO_OUTPUT_FLAG_FAST denied by client
12-14 04:04:28.722  2064  2222 W AudioTrack: AUDIO_OUTPUT_FLAG_FAST denied by client
12-14 04:04:28.754  2064  2222 W AudioTrack: AUDIO_OUTPUT_FLAG_FAST denied by client
12-14 04:04:28.786  2064  2222 W AudioTrack: AUDIO_OUTPUT_FLAG_FAST denied by client
12-14 04:04:28.818  2064  2222 W AudioTrack: AUDIO_OUTPUT_FLAG_FAST denied by client
12-14 04:04:28.851  2064  2222 W AudioTrack: AUDIO_OUTPUT_FLAG_FAST denied by client
12-14 04:04:28.883  2064  2222 W AudioTrack: AUDIO_OUTPUT_FLAG_FAST denied by client
12-14 04:04:28.915  2064  2222 W AudioTrack: AUDIO_OUTPUT_FLAG_FAST denied by client
12-14 04:04:28.946  2064  2222 W AudioTrack: AUDIO_OUTPUT_FLAG_FAST denied by client
12-14 04:04:28.978  2064  2222 W AudioTrack: AUDIO_OUTPUT_FLAG_FAST denied by client
12-14 04:04:29.011  2064  2222 W AudioTrack: AUDIO_OUTPUT_FLAG_FAST denied by client
12-14 04:04:29.042  2064  2222 W AudioTrack: AUDIO_OUTPUT_FLAG_FAST denied by client
12-14 04:04:29.074  2064  2222 W AudioTrack: AUDIO_OUTPUT_FLAG_FAST denied by client
12-14 04:04:29.107  2064  2222 W AudioTrack: AUDIO_OUTPUT_FLAG_FAST denied by client
12-14 04:04:29.139  2064  2222 W AudioTrack: AUDIO_OUTPUT_FLAG_FAST denied by client
12-14 04:04:29.170  2064  2222 W AudioTrack: AUDIO_OUTPUT_FLAG_FAST denied by client
12-14 04:04:29.202  2064  2222 W AudioTrack: AUDIO_OUTPUT_FLAG_FAST denied by client
12-14 04:04:29.233  2064  2222 W AudioTrack: AUDIO_OUTPUT_FLAG_FAST denied by client
12-14 04:04:29.266  2064  2222 W AudioTrack: AUDIO_OUTPUT_FLAG_FAST denied by client
12-14 04:04:29.298  2064  2222 W AudioTrack: AUDIO_OUTPUT_FLAG_FAST denied by client
12-14 04:04:29.332  2064  2222 W AudioTrack: AUDIO_OUTPUT_FLAG_FAST denied by client
12-14 04:04:29.365  2064  2222 W AudioTrack: AUDIO_OUTPUT_FLAG_FAST denied by client
12-14 04:04:29.398  2064  2222 W AudioTrack: AUDIO_OUTPUT_FLAG_FAST denied by client
12-14 04:04:29.426  2064  2222 W AudioTrack: AUDIO_OUTPUT_FLAG_FAST denied by client
12-14 04:04:29.453  3157  3215 W PackageParser: No actions in intent filter at /storage/usb0/WPSOffice_139.apk Binary XML file line #904
12-14 04:04:29.457  2064  2222 W AudioTrack: AUDIO_OUTPUT_FLAG_FAST denied by client
12-14 04:04:29.489  2064  2222 W AudioTrack: AUDIO_OUTPUT_FLAG_FAST denied by client
12-14 04:04:30.182  2064  2222 W AudioTrack: AUDIO_OUTPUT_FLAG_FAST denied by client
12-14 04:04:30.897  2064  2123 W AudioTrack: AUDIO_OUTPUT_FLAG_FAST denied by client
12-14 04:04:31.400  2064  2123 W AudioTrack: AUDIO_OUTPUT_FLAG_FAST denied by client
12-14 04:04:32.991  3371  3371 W linker  : [vdso]: unused DT entry: type 0x6ffffef5 arg 0x160
12-14 04:04:36.408  2064  2123 W AudioTrack: AUDIO_OUTPUT_FLAG_FAST denied by client
12-14 04:04:36.419  1804  2102 D audio_hw_primary: found out /dev/snd/pcmC1D0p
12-14 04:04:37.999  3373  3373 W linker  : [vdso]: unused DT entry: type 0x6ffffef5 arg 0x160
12-14 04:04:38.606  2186  2186 D PhoneStatusBar: disable: < expand ICONS* alerts SYSTEM_INFO* back home recent clock search >
12-14 04:04:39.209  2186  2186 D PhoneStatusBar: disable: < expand icons* alerts system_info* back home recent clock search >
12-14 04:04:39.213  2064  2084 W InputMethodManagerService: Window already focused, ignoring focus gain of: com.android.internal.view.IInputMethodClient$Stub$Proxy@3f0ec558 attribute=null, token = android.os.BinderProxy@b2f4bd1
12-14 04:04:43.006  3376  3376 W linker  : [vdso]: unused DT entry: type 0x6ffffef5 arg 0x160
12-14 04:04:43.389  2064  2123 W AudioTrack: AUDIO_OUTPUT_FLAG_FAST denied by client
12-14 04:04:43.391  2064  2085 I ActivityManager: START u0 {act=android.intent.action.VIEW dat=file:///storage/usb0/WPSOffice_139.apk typ=application/vnd.android.package-archive cmp=com.android.packageinstaller/.PackageInstallerActivity} from uid 10027 on display 0
12-14 04:04:43.392  2064  2085 V WindowManager: addAppToken: AppWindowToken{315a4f17 token=Token{2551f796 ActivityRecord{137b06b1 u0 com.android.packageinstaller/.PackageInstallerActivity t12}}} to stack=1 task=12 at 1
12-14 04:04:43.400  1804  2102 D audio_hw_primary: found out /dev/snd/pcmC1D0p
12-14 04:04:43.408  2064  2211 I ActivityManager: Start proc 3378:com.android.packageinstaller/u0a29 for activity com.android.packageinstaller/.PackageInstallerActivity
12-14 04:04:43.416  2064  2314 I art     : DexFile_isDexOptNeeded file /system/app/PackageInstaller/x86_64/PackageInstaller.odex needs to be relocated for /system/app/PackageInstaller/PackageInstaller.apk
12-14 04:04:43.416  2064  2314 I PackageManager: Running patchoat on: com.android.packageinstaller
12-14 04:04:43.416  3400  3400 E installd: Running /system/bin/patchoat isa=x86_64 in-fd=5 (/system/app/PackageInstaller/x86_64/PackageInstaller.odex) out-fd=6 (/data/dalvik-cache/x86_64/system@app@PackageInstaller@PackageInstaller.apk@classes.dex)
12-14 04:04:43.419  3400  3400 W linker  : [vdso]: unused DT entry: type 0x6ffffef5 arg 0xec
12-14 04:04:43.419  3400  3400 E cutils-trace: Error opening trace file: Permission denied (13)
12-14 04:04:43.434  3378  3378 I ActivityThread: Switching default density from 160 to 240
12-14 04:04:43.447  3378  3378 W PackageParser: No actions in intent filter at /storage/usb0/WPSOffice_139.apk Binary XML file line #904
12-14 04:04:43.521  3378  3401 D OpenGLRenderer: Use EGL_SWAP_BEHAVIOR_PRESERVED: true
12-14 04:04:43.521  3378  3378 I GRALLOC-DRM: create intel for driver i915
12-14 04:04:43.522  3378  3378 D Atlas   : Validating map...
12-14 04:04:43.523  2064  2314 V WindowManager: Adding window Window{10e4e770 u0 com.android.packageinstaller/com.android.packageinstaller.PackageInstallerActivity} at 3 of 8 (after Window{20e32636 u0 com.cyanogenmod.filemanager/com.cyanogenmod.filemanager.activities.NavigationActivity})
12-14 04:04:43.524  2064  2084 V WindowManager: Adding window Window{9d8636e u0 com.android.packageinstaller/com.android.packageinstaller.PackageInstallerActivity} at 3 of 9 (before Window{10e4e770 u0 com.android.packageinstaller/com.android.packageinstaller.PackageInstallerActivity})
12-14 04:04:43.543  3378  3401 I EGL-DRI2: DRI2: found extension DRI_Core version 1
12-14 04:04:43.543  3378  3401 I EGL-DRI2: DRI2: found extension DRI_DRI2 version 4
12-14 04:04:43.547  3378  3401 I EGL-DRI2: DRI2: found extension DRI_TexBuffer version 3
12-14 04:04:43.547  3378  3401 I EGL-DRI2: DRI2: found extension DRI2_Flush version 4
12-14 04:04:43.547  3378  3401 I EGL-DRI2: DRI2: found extension DRI_IMAGE version 11
12-14 04:04:43.547  3378  3401 I OpenGLRenderer: Initialized EGL, version 1.4
12-14 04:04:43.547  3378  3401 W OpenGLRenderer: Failed to choose config with EGL_SWAP_BEHAVIOR_PRESERVED, retrying without...
12-14 04:04:43.550  3378  3401 D OpenGLRenderer: Enabling debug mode 0
12-14 04:04:43.584  3378  3401 V RenderScript: 0x7f1920765000 Launching thread(s), CPUs 8
12-14 04:04:43.591  2064  2094 I ActivityManager: Displayed com.android.packageinstaller/.PackageInstallerActivity: +198ms
12-14 04:04:48.014  3413  3413 W linker  : [vdso]: unused DT entry: type 0x6ffffef5 arg 0x160
12-14 04:04:49.073  2064  2123 W AudioTrack: AUDIO_OUTPUT_FLAG_FAST denied by client
12-14 04:04:49.082  3378  3378 I PackageInstaller: Launching settings
12-14 04:04:49.082  2064  2314 I ActivityManager: START u0 {act=android.settings.SECURITY_SETTINGS flg=0x10000000 cmp=com.android.settings/.Settings$SecuritySettingsActivity} from uid 10029 on display 0
12-14 04:04:49.083  2064  2314 V WindowManager: addAppToken: AppWindowToken{45f382b token=Token{2fab487a ActivityRecord{12bd3ca5 u0 com.android.settings/.Settings$SecuritySettingsActivity t13}}} to stack=1 task=13 at 0
12-14 04:04:49.084  1804  2102 D audio_hw_primary: found out /dev/snd/pcmC1D0p
12-14 04:04:49.104  2064  2094 V WindowManager: Adding window Window{1b790ca0 u0 Starting com.android.settings} at 5 of 10 (after Window{10e4e770 u0 com.android.packageinstaller/com.android.packageinstaller.PackageInstallerActivity})
12-14 04:04:49.112  3378  3401 D OpenGLRenderer: endAllStagingAnimators on 0x7f1928fbb000 (RippleDrawable) with handle 0x7f192cad34c0
12-14 04:04:49.145  2650  2650 W Settings: Setting install_non_market_apps has moved from android.provider.Settings.Global to android.provider.Settings.Secure, returning read-only value.
12-14 04:04:49.146  2064  2314 V WindowManager: Adding window Window{8c4f8f6 u0 com.android.settings/com.android.settings.Settings$SecuritySettingsActivity} at 5 of 11 (before Window{1b790ca0 u0 Starting com.android.settings})
12-14 04:04:49.149  2650  3415 D Index   : Deleting data for locale 'en_US' took 3 millis
12-14 04:04:49.156  2650  3415 D Index   : Indexing locale 'en_US' took 7 millis
12-14 04:04:49.262  2064  2094 I ActivityManager: Displayed com.android.settings/.Settings$SecuritySettingsActivity: +127ms
12-14 04:04:50.138  2186  2186 W ResourceType: No package identifier when getting value for resource number 0x00000000
12-14 04:04:50.138  2186  2186 W PackageManager: Failure retrieving resources for com.cyanogenmod.filemanager: Resource ID #0x0
12-14 04:04:53.021  3418  3418 W linker  : [vdso]: unused DT entry: type 0x6ffffef5 arg 0x160
12-14 04:04:53.132  2064  2123 W AudioTrack: AUDIO_OUTPUT_FLAG_FAST denied by client
12-14 04:04:53.135  2064  2085 V WindowManager: not Base app: Adding window Window{3944280b u0 com.android.settings/com.android.settings.Settings$SecuritySettingsActivity} at 4 of 9
12-14 04:04:53.143  1804  2102 D audio_hw_primary: found out /dev/snd/pcmC1D0p
12-14 04:04:55.716  2064  2123 W AudioTrack: AUDIO_OUTPUT_FLAG_FAST denied by client
12-14 04:04:55.726  2650  2650 W Settings: Setting install_non_market_apps has moved from android.provider.Settings.Global to android.provider.Settings.Secure, value is unchanged.
12-14 04:04:55.735  2650  3016 D OpenGLRenderer: endAllStagingAnimators on 0x7f191f5b3400 (RippleDrawable) with handle 0x7f191e8e9440
12-14 04:04:55.744  2064  2302 W InputMethodManagerService: Window already focused, ignoring focus gain of: com.android.internal.view.IInputMethodClient$Stub$Proxy@1e0b39e7 attribute=null, token = android.os.BinderProxy@207db191
12-14 04:04:58.711  3422  3422 W linker  : [vdso]: unused DT entry: type 0x6ffffef5 arg 0x160
12-14 04:04:58.712  3423  3423 W linker  : [vdso]: unused DT entry: type 0x6ffffef5 arg 0x160
12-14 04:04:58.715  3424  3424 W linker  : [vdso]: unused DT entry: type 0x6ffffef5 arg 0x160
12-14 04:04:58.716  3425  3425 W linker  : [vdso]: unused DT entry: type 0x6ffffef5 arg 0x160
12-14 04:04:58.736  3426  3426 W linker  : [vdso]: unused DT entry: type 0x6ffffef5 arg 0x160
12-14 04:04:58.819  3428  3428 W linker  : [vdso]: unused DT entry: type 0x6ffffef5 arg 0x160
12-14 04:04:58.821  3429  3429 W linker  : [vdso]: unused DT entry: type 0x6ffffef5 arg 0x160
12-14 04:04:58.822  3430  3430 W linker  : [vdso]: unused DT entry: type 0x6ffffef5 arg 0x160
12-14 04:04:58.837  3431  3431 W linker  : [vdso]: unused DT entry: type 0x6ffffef5 arg 0x160
12-14 04:04:58.839  3432  3432 W linker  : [vdso]: unused DT entry: type 0x6ffffef5 arg 0x160
12-14 04:04:58.840  3433  3433 W linker  : [vdso]: unused DT entry: type 0x6ffffef5 arg 0x160
12-14 04:04:59.513  2064  2089 I ActivityManager: Killing 2600:com.android.keychain/1000 (adj 15): empty #17
12-14 04:04:59.697  2186  2186 W ResourceType: No package identifier when getting value for resource number 0x00000000
12-14 04:04:59.697  2186  2186 W PackageManager: Failure retrieving resources for com.android.settings: Resource ID #0x0
12-14 04:05:02.117  2064  2123 W AudioTrack: AUDIO_OUTPUT_FLAG_FAST denied by client
12-14 04:05:02.119  2064  2211 I ActivityManager: START u0 {act=android.intent.action.VIEW dat=file:///storage/usb0/WPSOffice_139.apk typ=application/vnd.android.package-archive cmp=com.android.packageinstaller/.PackageInstallerActivity} from uid 10027 on display 0
12-14 04:05:02.119  2064  2211 V WindowManager: addAppToken: AppWindowToken{396b7edf token=Token{127e697e ActivityRecord{333bef39 u0 com.android.packageinstaller/.PackageInstallerActivity t12}}} to stack=1 task=12 at 1
12-14 04:05:02.128  1804  2102 D audio_hw_primary: found out /dev/snd/pcmC1D0p
12-14 04:05:02.136  3378  3378 W PackageParser: No actions in intent filter at /storage/usb0/WPSOffice_139.apk Binary XML file line #904
12-14 04:05:02.201  3378  3378 I AppSecurityPermissions: Ignoring unknown permission:com.xiaomi.permission.AUTH_SERVICE
12-14 04:05:02.201  3378  3378 I AppSecurityPermissions: Ignoring unknown permission:cn.wps.moffice_eng.permission.MIPUSH_RECEIVE
12-14 04:05:02.202  3378  3378 I AppSecurityPermissions: Ignoring unknown permission:com.android.launcher.permission.READ_SETTINGS
12-14 04:05:02.202  3378  3378 I AppSecurityPermissions: Ignoring unknown permission:com.google.android.launcher.permission.READ_SETTINGS
12-14 04:05:02.202  3378  3378 I AppSecurityPermissions: Ignoring unknown permission:com.miui.miuilite.launcher.permission.READ_SETTINGS
12-14 04:05:02.202  3378  3378 I AppSecurityPermissions: Ignoring unknown permission:com.lenovo.launcher.permission.READ_SETTINGS
12-14 04:05:02.202  3378  3378 I AppSecurityPermissions: Ignoring unknown permission:org.adw.launcher.permission.READ_SETTINGS
12-14 04:05:02.202  3378  3378 I AppSecurityPermissions: Ignoring unknown permission:com.qihoo360.launcher.permission.READ_SETTINGS
12-14 04:05:02.202  3378  3378 I AppSecurityPermissions: Ignoring unknown permission:com.lge.launcher.permission.READ_SETTINGS
12-14 04:05:02.202  3378  3378 I AppSecurityPermissions: Ignoring unknown permission:net.qihoo.launcher.permission.READ_SETTINGS
12-14 04:05:02.202  3378  3378 I AppSecurityPermissions: Ignoring unknown permission:org.adwfreak.launcher.permission.READ_SETTINGS
12-14 04:05:02.202  3378  3378 I AppSecurityPermissions: Ignoring unknown permission:com.huawei.launcher3.permission.READ_SETTINGS
12-14 04:05:02.202  3378  3378 I AppSecurityPermissions: Ignoring unknown permission:com.huawei.android.launcher.permission.READ_SETTINGS
12-14 04:05:02.202  3378  3378 I AppSecurityPermissions: Ignoring unknown permission:com.fede.launcher.permission.READ_SETTINGS
12-14 04:05:02.202  3378  3378 I AppSecurityPermissions: Ignoring unknown permission:com.sec.android.app.twlauncher.settings.READ_SETTINGS
12-14 04:05:02.202  3378  3378 I AppSecurityPermissions: Ignoring unknown permission:com.anddoes.launcher.permission.READ_SETTINGS
12-14 04:05:02.202  3378  3378 I AppSecurityPermissions: Ignoring unknown permission:com.tencent.qlauncher.permission.READ_SETTINGS
12-14 04:05:02.202  3378  3378 I AppSecurityPermissions: Ignoring unknown permission:com.aliyun.homeshell.permission.READ_SETTINGS
12-14 04:05:02.202  3378  3378 I AppSecurityPermissions: Ignoring unknown permission:com.teslacoilsw.launcher.permission.READ_SETTINGS
12-14 04:05:02.202  3378  3378 I AppSecurityPermissions: Ignoring unknown permission:com.htc.launcher.permission.READ_SETTINGS
12-14 04:05:02.202  3378  3378 I AppSecurityPermissions: Ignoring unknown permission:cn.nubia.launcher.permission.READ_SETTINGS
12-14 04:05:02.210  2064  2303 V WindowManager: Adding window Window{126345f5 u0 com.android.packageinstaller/com.android.packageinstaller.PackageInstallerActivity} at 3 of 8 (after Window{20e32636 u0 com.cyanogenmod.filemanager/com.cyanogenmod.filemanager.activities.NavigationActivity})
12-14 04:05:02.271  2064  2094 I ActivityManager: Displayed com.android.packageinstaller/.PackageInstallerActivity: +145ms
12-14 04:05:03.744  3437  3437 W linker  : [vdso]: unused DT entry: type 0x6ffffef5 arg 0x160
12-14 04:05:05.333  2064  2123 W AudioTrack: AUDIO_OUTPUT_FLAG_FAST denied by client
12-14 04:05:05.335  2064  2303 V WindowManager: not Base app: Adding window Window{1142a56 u0 com.android.packageinstaller/com.android.packageinstaller.PackageInstallerActivity} at 4 of 9
12-14 04:05:05.344  1804  2102 D audio_hw_primary: found out /dev/snd/pcmC1D0p
12-14 04:05:07.770  3378  3378 W InputEventReceiver: Attempted to finish an input event but the input event receiver has already been disposed.
12-14 04:05:07.771  2064  2394 W InputMethodManagerService: Window already focused, ignoring focus gain of: com.android.internal.view.IInputMethodClient$Stub$Proxy@1d052fc4 attribute=null, token = android.os.BinderProxy@32e7272c
12-14 04:05:08.752  3440  3440 W linker  : [vdso]: unused DT entry: type 0x6ffffef5 arg 0x160
12-14 04:05:09.259  2064  2123 W AudioTrack: AUDIO_OUTPUT_FLAG_FAST denied by client
12-14 04:05:09.270  1804  2102 D audio_hw_primary: found out /dev/snd/pcmC1D0p
12-14 04:05:09.364  3378  3378 D InputEventConsistencyVerifier: KeyEvent: ACTION_UP but key was not down.
12-14 04:05:09.364  3378  3378 D InputEventConsistencyVerifier:   in android.support.v4.view.ViewPager{3fe5a2cb VFED.... ........ 0,0-838,621 #7f070009 app:id/pager}
12-14 04:05:09.364  3378  3378 D InputEventConsistencyVerifier:   0: sent at 504488000000, KeyEvent { action=ACTION_UP, keyCode=KEYCODE_DPAD_DOWN, scanCode=108, metaState=0, flags=0x8, repeatCount=0, eventTime=504488, downTime=504383, deviceId=7, source=0x101 }
12-14 04:05:09.364  3378  3378 D InputEventConsistencyVerifier:   -- recent events --
12-14 04:05:09.364  3378  3378 D InputEventConsistencyVerifier:   1: sent at 500457520126, MotionEvent { action=ACTION_HOVER_MOVE, id[0]=0, x[0]=275.5774, y[0]=459.8969, toolType[0]=TOOL_TYPE_FINGER, buttonState=0, metaState=0, flags=0x0, edgeFlags=0x0, pointerCount=1, historySize=0, eventTime=500457, downTime=500157, deviceId=6, source=0x2002 }
12-14 04:05:09.364  3378  3378 D InputEventConsistencyVerifier:   2: sent at 500457520126, MotionEvent { action=ACTION_HOVER_ENTER, id[0]=0, x[0]=275.5774, y[0]=459.8969, toolType[0]=TOOL_TYPE_FINGER, buttonState=0, metaState=0, flags=0x0, edgeFlags=0x0, pointerCount=1, historySize=0, eventTime=500457, downTime=500157, deviceId=6, source=0x2002 }
12-14 04:05:09.364  3378  3378 D InputEventConsistencyVerifier:   3: sent at 500457520126, MotionEvent { action=ACTION_UP, id[0]=0, x[0]=275.5774, y[0]=459.8969, toolType[0]=TOOL_TYPE_FINGER, buttonState=0, metaState=0, flags=0x0, edgeFlags=0x0, pointerCount=1, historySize=0, eventTime=500457, downTime=500157, deviceId=6, source=0x2002 }
12-14 04:05:09.364  3378  3378 D InputEventConsistencyVerifier:   4: sent at 500157038000, MotionEvent { action=ACTION_DOWN, id[0]=0, x[0]=275.5774, y[0]=459.8969, toolType[0]=TOOL_TYPE_FINGER, buttonState=0, metaState=0, flags=0x0, edgeFlags=0x0, pointerCount=1, historySize=0, eventTime=500157, downTime=500157, deviceId=6, source=0x2002 }
12-14 04:05:09.364  3378  3378 D InputEventConsistencyVerifier:   5: sent at 500157038000, MotionEvent { action=ACTION_HOVER_EXIT, id[0]=0, x[0]=275.5774, y[0]=459.8969, toolType[0]=TOOL_TYPE_FINGER, buttonState=0, metaState=0, flags=0x0, edgeFlags=0x0, pointerCount=1, historySize=0, eventTime=500157, downTime=500157, deviceId=6, source=0x2002 }
12-14 04:05:10.108  2064  2123 W AudioTrack: AUDIO_OUTPUT_FLAG_FAST denied by client
12-14 04:05:10.214  3378  3378 D InputEventConsistencyVerifier: KeyEvent: ACTION_UP but key was not down.
12-14 04:05:10.214  3378  3378 D InputEventConsistencyVerifier:   in android.widget.LinearLayout{20625aa8 V.E..... ........ 0,688-838,760}
12-14 04:05:10.214  3378  3378 D InputEventConsistencyVerifier:   0: sent at 505339000000, KeyEvent { action=ACTION_UP, keyCode=KEYCODE_DPAD_DOWN, scanCode=108, metaState=0, flags=0x8, repeatCount=0, eventTime=505339, downTime=505232, deviceId=7, source=0x101 }
12-14 04:05:13.109  2064  2123 W AudioTrack: AUDIO_OUTPUT_FLAG_FAST denied by client
12-14 04:05:13.109  2064  2394 I ActivityManager: START u0 {dat=file:///storage/usb0/WPSOffice_139.apk cmp=com.android.packageinstaller/.InstallAppProgress (has extras)} from uid 10029 on display 0
12-14 04:05:13.113  2064  2394 V WindowManager: addAppToken: AppWindowToken{d76dd73 token=Token{1bc095e2 ActivityRecord{255b3ead u0 com.android.packageinstaller/.InstallAppProgress t12}}} to stack=1 task=12 at 2
12-14 04:05:13.145  2064  2098 I ActivityManager: Start proc 3444:com.android.defcontainer/u0a12 for service com.android.defcontainer/.DefaultContainerService
12-14 04:05:13.145  2064  2211 V WindowManager: Adding window Window{17d29665 u0 com.android.packageinstaller/com.android.packageinstaller.InstallAppProgress} at 4 of 9 (after Window{126345f5 u0 com.android.packageinstaller/com.android.packageinstaller.PackageInstallerActivity})
12-14 04:05:13.148  2064  2303 I art     : DexFile_isDexOptNeeded file /system/priv-app/DefaultContainerService/x86_64/DefaultContainerService.odex needs to be relocated for /system/priv-app/DefaultContainerService/DefaultContainerService.apk
12-14 04:05:13.148  2064  2303 I PackageManager: Running patchoat on: com.android.defcontainer
12-14 04:05:13.148  3466  3466 E installd: Running /system/bin/patchoat isa=x86_64 in-fd=5 (/system/priv-app/DefaultContainerService/x86_64/DefaultContainerService.odex) out-fd=6 (/data/dalvik-cache/x86_64/system@priv-app@DefaultContainerService@DefaultContainerService.apk@classes.dex)
12-14 04:05:13.151  3466  3466 W linker  : [vdso]: unused DT entry: type 0x6ffffef5 arg 0xec
12-14 04:05:13.151  3466  3466 E cutils-trace: Error opening trace file: Permission denied (13)
12-14 04:05:13.154  3444  3444 I ActivityThread: Switching default density from 160 to 240
12-14 04:05:13.163  2064  2094 I ActivityManager: Displayed com.android.packageinstaller/.InstallAppProgress: +49ms
12-14 04:05:13.207  3378  3401 D OpenGLRenderer: endAllStagingAnimators on 0x7f1928d49c00 (RippleDrawable) with handle 0x7f19207aa300
12-14 04:05:13.526  3444  3464 D DefContainer: Copying /storage/usb0/WPSOffice_139.apk to base.apk
12-14 04:05:13.722  2064  2098 W PackageParser: No actions in intent filter at /data/app/vmdl1422594.tmp/base.apk Binary XML file line #904
12-14 04:05:13.757  3468  3468 W linker  : [vdso]: unused DT entry: type 0x6ffffef5 arg 0x160
12-14 04:05:14.209  2064  2098 D PackageManager: Renaming /data/app/vmdl1422594.tmp to /data/app/cn.wps.moffice_eng-1
12-14 04:05:14.232  2064  2098 I PackageManager: Running dexopt on: /data/app/cn.wps.moffice_eng-1/base.apk pkg=cn.wps.moffice_eng isa=x86 vmSafeMode=false
12-14 04:05:14.241  3469  3469 W linker  : [vdso]: unused DT entry: type 0x6ffffef5 arg 0xec
12-14 04:05:14.242  3469  3469 E cutils-trace: Error opening trace file: Permission denied (13)
12-14 04:05:14.242  3469  3469 I dex2oat : /system/bin/dex2oat --zip-fd=5 --zip-location=/data/app/cn.wps.moffice_eng-1/base.apk --oat-fd=6 --oat-location=/data/dalvik-cache/x86/data@app@cn.wps.moffice_eng-1@base.apk@classes.dex --instruction-set=x86 --instruction-set-features=default --runtime-arg -Xms64m --runtime-arg -Xmx512m --compiler-filter=interpret-only --swap-fd=7
12-14 04:05:14.629  3469  3469 I dex2oat : Accepted running with swap.
12-14 04:05:16.245  3469  3469 I dex2oat : dex2oat took 2.002s (threads: 8) arena alloc=0B java alloc=46MB native alloc=2MB free=9MB swap=16MB
12-14 04:05:16.255  2064  2098 W PackageManager: Unknown permission com.xiaomi.permission.AUTH_SERVICE in package cn.wps.moffice_eng
12-14 04:05:16.255  2064  2098 W PackageManager: Unknown permission com.android.launcher.permission.READ_SETTINGS in package cn.wps.moffice_eng
12-14 04:05:16.255  2064  2098 W PackageManager: Unknown permission com.google.android.launcher.permission.READ_SETTINGS in package cn.wps.moffice_eng
12-14 04:05:16.255  2064  2098 W PackageManager: Unknown permission com.miui.miuilite.launcher.permission.READ_SETTINGS in package cn.wps.moffice_eng
12-14 04:05:16.255  2064  2098 W PackageManager: Unknown permission com.lenovo.launcher.permission.READ_SETTINGS in package cn.wps.moffice_eng
12-14 04:05:16.255  2064  2098 W PackageManager: Unknown permission org.adw.launcher.permission.READ_SETTINGS in package cn.wps.moffice_eng
12-14 04:05:16.255  2064  2098 W PackageManager: Unknown permission com.qihoo360.launcher.permission.READ_SETTINGS in package cn.wps.moffice_eng
12-14 04:05:16.255  2064  2098 W PackageManager: Unknown permission com.lge.launcher.permission.READ_SETTINGS in package cn.wps.moffice_eng
12-14 04:05:16.255  2064  2098 W PackageManager: Unknown permission net.qihoo.launcher.permission.READ_SETTINGS in package cn.wps.moffice_eng
12-14 04:05:16.255  2064  2098 W PackageManager: Unknown permission org.adwfreak.launcher.permission.READ_SETTINGS in package cn.wps.moffice_eng
12-14 04:05:16.255  2064  2098 W PackageManager: Unknown permission com.huawei.launcher3.permission.READ_SETTINGS in package cn.wps.moffice_eng
12-14 04:05:16.255  2064  2098 W PackageManager: Unknown permission com.huawei.android.launcher.permission.READ_SETTINGS in package cn.wps.moffice_eng
12-14 04:05:16.255  2064  2098 W PackageManager: Unknown permission com.fede.launcher.permission.READ_SETTINGS in package cn.wps.moffice_eng
12-14 04:05:16.255  2064  2098 W PackageManager: Unknown permission com.sec.android.app.twlauncher.settings.READ_SETTINGS in package cn.wps.moffice_eng
12-14 04:05:16.255  2064  2098 W PackageManager: Unknown permission com.anddoes.launcher.permission.READ_SETTINGS in package cn.wps.moffice_eng
12-14 04:05:16.255  2064  2098 W PackageManager: Unknown permission com.tencent.qlauncher.permission.READ_SETTINGS in package cn.wps.moffice_eng
12-14 04:05:16.255  2064  2098 W PackageManager: Unknown permission com.aliyun.homeshell.permission.READ_SETTINGS in package cn.wps.moffice_eng
12-14 04:05:16.255  2064  2098 W PackageManager: Unknown permission com.teslacoilsw.launcher.permission.READ_SETTINGS in package cn.wps.moffice_eng
12-14 04:05:16.255  2064  2098 W PackageManager: Unknown permission com.htc.launcher.permission.READ_SETTINGS in package cn.wps.moffice_eng
12-14 04:05:16.255  2064  2098 W PackageManager: Unknown permission cn.nubia.launcher.permission.READ_SETTINGS in package cn.wps.moffice_eng
12-14 04:05:16.261  2064  2098 V BackupManagerService: restoreAtInstall pkg=cn.wps.moffice_eng token=1 restoreSet=0
12-14 04:05:16.261  2064  2098 V BackupManagerService: Finishing install immediately
12-14 04:05:16.261  2064  2098 W Settings: Setting install_non_market_apps has moved from android.provider.Settings.Global to android.provider.Settings.Secure, returning read-only value.
12-14 04:05:16.262  2064  2107 I InputReader: Reconfiguring input devices.  changes=0x00000010
12-14 04:05:16.269  2064  2064 D BackupManagerService: Received broadcast Intent { act=android.intent.action.PACKAGE_ADDED dat=package:cn.wps.moffice_eng flg=0x4000010 (has extras) }
12-14 04:05:16.273  2064  2314 I ActivityManager: Start proc 3481:com.android.gallery3d/u0a38 for broadcast com.android.gallery3d/.app.PackagesMonitor
12-14 04:05:16.274  2064  2088 W VoiceInteractionManagerService: no available voice recognition services found for user 0
12-14 04:05:16.275  2064  2098 I art     : Explicit concurrent mark sweep GC freed 111872(5MB) AllocSpace objects, 12(1191KB) LOS objects, 33% free, 13MB/20MB, paused 278us total 14.076ms
12-14 04:05:16.279  3481  3481 I ActivityThread: Switching default density from 160 to 240
12-14 04:05:16.287  2367  2367 I Launcher: Deferring update until onResume
12-14 04:05:16.288  2367  2367 I Launcher: Deferring update until onResume
12-14 04:05:16.288  2367  2367 I Launcher: Deferring update until onResume
12-14 04:05:16.313  2064  2303 I ActivityManager: Start proc 3505:com.svox.pico/u0a44 for broadcast com.svox.pico/.VoiceDataInstallerReceiver
12-14 04:05:16.317  2064  2085 I art     : DexFile_isDexOptNeeded file /system/app/PicoTts/x86_64/PicoTts.odex needs to be relocated for /system/app/PicoTts/PicoTts.apk
12-14 04:05:16.317  2064  2085 I PackageManager: Running patchoat on: com.svox.pico
12-14 04:05:16.317  3527  3527 E installd: Running /system/bin/patchoat isa=x86_64 in-fd=5 (/system/app/PicoTts/x86_64/PicoTts.odex) out-fd=6 (/data/dalvik-cache/x86_64/system@app@PicoTts@PicoTts.apk@classes.dex)
12-14 04:05:16.319  3527  3527 W linker  : [vdso]: unused DT entry: type 0x6ffffef5 arg 0xec
12-14 04:05:16.320  3527  3527 E cutils-trace: Error opening trace file: Permission denied (13)
12-14 04:05:16.323  3505  3505 I ActivityThread: Switching default density from 160 to 240
12-14 04:05:16.325  2064  2211 I ActivityManager: Killing 2626:com.android.dialer/u0a5 (adj 15): empty #17
12-14 04:05:18.765  3528  3528 W linker  : [vdso]: unused DT entry: type 0x6ffffef5 arg 0x160
12-14 04:05:19.363  2064  2302 I ActivityManager: START u0 {act=android.intent.action.MAIN cat=[android.intent.category.LAUNCHER] flg=0x10000000 pkg=cn.wps.moffice_eng cmp=cn.wps.moffice_eng/cn.wps.moffice.documentmanager.PreStartActivity} from uid 10029 on display 0
12-14 04:05:19.363  2064  2123 W AudioTrack: AUDIO_OUTPUT_FLAG_FAST denied by client
12-14 04:05:19.371  2064  2302 V WindowManager: addAppToken: AppWindowToken{7d829a1 token=Token{64fde08 ActivityRecord{2e9397ab u0 cn.wps.moffice_eng/cn.wps.moffice.documentmanager.PreStartActivity t14}}} to stack=1 task=14 at 0
12-14 04:05:19.375  1804  2102 D audio_hw_primary: found out /dev/snd/pcmC1D0p
12-14 04:05:19.404  3530  3530 W libnb   : Native bridge is disabled
12-14 04:05:19.405  2064  2085 I ActivityManager: Start proc 3530:cn.wps.moffice_eng/u0a53 for activity cn.wps.moffice_eng/cn.wps.moffice.documentmanager.PreStartActivity
12-14 04:05:19.410  3530  3530 I ActivityThread: Switching default density from 160 to 240
12-14 04:05:19.426  2064  2302 W ActivityManager: getRunningAppProcesses: caller 10053 does not hold REAL_GET_TASKS; limiting output
12-14 04:05:19.455  1795  1825 E Vold    : Failed to find mounted volume for /storage/usb1/Android/data/cn.wps.moffice_eng/cache/
12-14 04:05:19.455  3530  3530 W ContextImpl: Failed to ensure directory: /storage/usb1/Android/data/cn.wps.moffice_eng/cache
12-14 04:05:19.456  1795  1825 E Vold    : Failed to find mounted volume for /storage/usb2/Android/data/cn.wps.moffice_eng/cache/
12-14 04:05:19.456  3530  3530 W ContextImpl: Failed to ensure directory: /storage/usb2/Android/data/cn.wps.moffice_eng/cache
12-14 04:05:19.456  1795  1825 E Vold    : Failed to find mounted volume for /storage/usb3/Android/data/cn.wps.moffice_eng/cache/
12-14 04:05:19.456  3530  3530 W ContextImpl: Failed to ensure directory: /storage/usb3/Android/data/cn.wps.moffice_eng/cache
12-14 04:05:19.456  1795  1825 E Vold    : Failed to find mounted volume for /storage/sdcard1/Android/data/cn.wps.moffice_eng/cache/
12-14 04:05:19.456  3530  3530 W ContextImpl: Failed to ensure directory: /storage/sdcard1/Android/data/cn.wps.moffice_eng/cache
12-14 04:05:19.457  1795  1825 E Vold    : Failed to find mounted volume for /storage/usb1/Android/data/cn.wps.moffice_eng/cache/
12-14 04:05:19.457  3530  3530 W ContextImpl: Failed to ensure directory: /storage/usb1/Android/data/cn.wps.moffice_eng/cache
12-14 04:05:19.457  1795  1825 E Vold    : Failed to find mounted volume for /storage/usb2/Android/data/cn.wps.moffice_eng/cache/
12-14 04:05:19.457  3530  3530 W ContextImpl: Failed to ensure directory: /storage/usb2/Android/data/cn.wps.moffice_eng/cache
12-14 04:05:19.457  1795  1825 E Vold    : Failed to find mounted volume for /storage/usb3/Android/data/cn.wps.moffice_eng/cache/
12-14 04:05:19.458  3530  3530 W ContextImpl: Failed to ensure directory: /storage/usb3/Android/data/cn.wps.moffice_eng/cache
12-14 04:05:19.458  1795  1825 E Vold    : Failed to find mounted volume for /storage/sdcard1/Android/data/cn.wps.moffice_eng/cache/
12-14 04:05:19.458  3530  3530 W ContextImpl: Failed to ensure directory: /storage/sdcard1/Android/data/cn.wps.moffice_eng/cache
12-14 04:05:19.484  1795  1825 E Vold    : Failed to find mounted volume for /storage/usb1/Android/data/cn.wps.moffice_eng/cache/
12-14 04:05:19.484  3530  3530 W ContextImpl: Failed to ensure directory: /storage/usb1/Android/data/cn.wps.moffice_eng/cache
12-14 04:05:19.485  1795  1825 E Vold    : Failed to find mounted volume for /storage/usb2/Android/data/cn.wps.moffice_eng/cache/
12-14 04:05:19.487  3530  3530 W ContextImpl: Failed to ensure directory: /storage/usb2/Android/data/cn.wps.moffice_eng/cache
12-14 04:05:19.487  1795  1825 E Vold    : Failed to find mounted volume for /storage/usb3/Android/data/cn.wps.moffice_eng/cache/
12-14 04:05:19.487  3530  3530 W ContextImpl: Failed to ensure directory: /storage/usb3/Android/data/cn.wps.moffice_eng/cache
12-14 04:05:19.487  1795  1825 E Vold    : Failed to find mounted volume for /storage/sdcard1/Android/data/cn.wps.moffice_eng/cache/
12-14 04:05:19.487  3530  3530 W ContextImpl: Failed to ensure directory: /storage/sdcard1/Android/data/cn.wps.moffice_eng/cache
12-14 04:05:19.850  2367  2367 W Launcher: setApplicationContext called twice! old=com.android.launcher3.LauncherApplication@df4ec3f new=com.android.launcher3.LauncherApplication@df4ec3f
12-14 04:05:19.851  2064  2118 D WifiService: New client listening to asynchronous messages
12-14 04:05:19.874  3530  3530 I WebViewFactory: Loading com.android.webview version 39 (eng.-x86_64) (code 399998)
12-14 04:05:19.875  2064  2084 I PackageManager: Running dexopt on: /system/app/webview/webview.apk pkg=com.android.webview isa=x86 vmSafeMode=false
12-14 04:05:19.878  3564  3564 W linker  : [vdso]: unused DT entry: type 0x6ffffef5 arg 0xec
12-14 04:05:19.879  3564  3564 E cutils-trace: Error opening trace file: Permission denied (13)
12-14 04:05:19.879  3564  3564 I dex2oat : /system/bin/dex2oat --zip-fd=5 --zip-location=/system/app/webview/webview.apk --oat-fd=6 --oat-location=/data/dalvik-cache/x86/system@app@webview@webview.apk@classes.dex --instruction-set=x86 --instruction-set-features=default --runtime-arg -Xms64m --runtime-arg -Xmx512m --compiler-filter=interpret-only --swap-fd=7
12-14 04:05:19.894  3564  3564 I dex2oat : Decided to run without swap.
12-14 04:05:19.934  3564  3564 I dex2oat : dex2oat took 54.849ms (threads: 8) arena alloc=0B java alloc=1384KB native alloc=543KB free=7MB
12-14 04:05:19.953  3530  3530 I LibraryLoader: Time to load native libraries: 16 ms (timestamps 5061-5077)
12-14 04:05:19.953  3530  3530 I LibraryLoader: Expected native library version number "",actual native library version number ""
12-14 04:05:19.956  3530  3530 V WebViewChromiumFactoryProvider: Binding Chromium to main looper Looper (main, tid 1) {312899c}
12-14 04:05:19.956  3530  3530 I LibraryLoader: Expected native library version number "",actual native library version number ""
12-14 04:05:19.957  3530  3530 I chromium: [INFO:library_loader_hooks.cc(104)] Chromium logging enabled: level = 0, default verbosity = 0
12-14 04:05:19.958  3530  3530 I BrowserStartupController: Initializing chromium process, singleProcess=true
12-14 04:05:19.958  3530  3530 W art     : Attempt to remove local handle scope entry from IRT, ignoring
12-14 04:05:19.965  3530  3579 W AudioManagerAndroid: Requires BLUETOOTH permission
12-14 04:05:19.967  3530  3530 W chromium: [WARNING:resource_bundle.cc(304)] locale_file_path.empty()
12-14 04:05:19.967  3530  3530 I chromium: [INFO:aw_browser_main_parts.cc(65)] Load from apk succesful, fd=31 off=46184 len=3037
12-14 04:05:19.968  3530  3530 I chromium: [INFO:aw_browser_main_parts.cc(78)] Loading webviewchromium.pak from, fd:32 off:229484 len:1089587
12-14 04:05:19.971  3530  3530 I GRALLOC-DRM: create intel for driver i915
12-14 04:05:19.975  3530  3530 I EGL-DRI2: DRI2: found extension DRI_Core version 1
12-14 04:05:19.975  3530  3530 I EGL-DRI2: DRI2: found extension DRI_DRI2 version 4
12-14 04:05:19.983  3530  3530 I EGL-DRI2: DRI2: found extension DRI_TexBuffer version 3
12-14 04:05:19.983  3530  3530 I EGL-DRI2: DRI2: found extension DRI2_Flush version 4
12-14 04:05:19.983  3530  3530 I EGL-DRI2: DRI2: found extension DRI_IMAGE version 11
12-14 04:05:20.011  3530  3530 W chromium: [WARNING:data_reduction_proxy_settings.cc(331)] SPDY proxy OFF at startup
12-14 04:05:20.020  3530  3530 W art     : Attempt to remove local handle scope entry from IRT, ignoring
12-14 04:05:20.021  3530  3530 W AwContents: onDetachedFromWindow called when already detached. Ignoring
12-14 04:05:20.030  3530  3598 D OpenGLRenderer: Use EGL_SWAP_BEHAVIOR_PRESERVED: true
12-14 04:05:20.031  2064  2394 V WindowManager: Adding window Window{247ce36f u0 cn.wps.moffice_eng/cn.wps.moffice.documentmanager.PreStartActivity} at 4 of 9 (after Window{17d29665 u0 com.android.packageinstaller/com.android.packageinstaller.InstallAppProgress})
12-14 04:05:20.059  3530  3598 I OpenGLRenderer: Initialized EGL, version 1.4
12-14 04:05:20.059  3530  3598 W OpenGLRenderer: Failed to choose config with EGL_SWAP_BEHAVIOR_PRESERVED, retrying without...
12-14 04:05:20.060  3530  3598 D OpenGLRenderer: Enabling debug mode 0
12-14 04:05:20.064  3603  3603 W libnb   : Native bridge is disabled
12-14 04:05:20.064  2064  2084 I ActivityManager: Start proc 3603:cn.wps.moffice_eng:pushservice/u0a53 for service cn.wps.moffice_eng/com.xiaomi.push.service.XMPushService
12-14 04:05:20.067  3530  3598 W GraphicBufferMapper: registerBuffer(0xdf4e3680) failed -22 (Invalid argument)
12-14 04:05:20.067  3530  3598 E GraphicBuffer: unflatten: registerBuffer failed: Invalid argument (-22)
12-14 04:05:20.067  3530  3598 E Surface : dequeueBuffer: IGraphicBufferProducer::requestBuffer failed: -22
--------- beginning of crash
12-14 04:05:20.067  3530  3598 F libc    : Fatal signal 11 (SIGSEGV), code 1, fault addr 0x1a8 in tid 3598 (RenderThread)
12-14 04:05:20.069  3603  3603 I ActivityThread: Switching default density from 160 to 240
12-14 04:05:20.087  2064  2314 W ActivityManager: getRunningAppProcesses: caller 10053 does not hold REAL_GET_TASKS; limiting output
12-14 04:05:20.091  1795  1825 E Vold    : Failed to find mounted volume for /storage/usb1/Android/data/cn.wps.moffice_eng/cache/
12-14 04:05:20.091  3603  3603 W ContextImpl: Failed to ensure directory: /storage/usb1/Android/data/cn.wps.moffice_eng/cache
12-14 04:05:20.091  1795  1825 E Vold    : Failed to find mounted volume for /storage/usb2/Android/data/cn.wps.moffice_eng/cache/
12-14 04:05:20.092  3603  3603 W ContextImpl: Failed to ensure directory: /storage/usb2/Android/data/cn.wps.moffice_eng/cache
12-14 04:05:20.092  1795  1825 E Vold    : Failed to find mounted volume for /storage/usb3/Android/data/cn.wps.moffice_eng/cache/
12-14 04:05:20.092  3603  3603 W ContextImpl: Failed to ensure directory: /storage/usb3/Android/data/cn.wps.moffice_eng/cache
12-14 04:05:20.092  1795  1825 E Vold    : Failed to find mounted volume for /storage/sdcard1/Android/data/cn.wps.moffice_eng/cache/
12-14 04:05:20.092  3603  3603 W ContextImpl: Failed to ensure directory: /storage/sdcard1/Android/data/cn.wps.moffice_eng/cache
12-14 04:05:20.093  1795  1825 E Vold    : Failed to find mounted volume for /storage/usb1/Android/data/cn.wps.moffice_eng/cache/
12-14 04:05:20.093  3603  3603 W ContextImpl: Failed to ensure directory: /storage/usb1/Android/data/cn.wps.moffice_eng/cache
12-14 04:05:20.093  1795  1825 E Vold    : Failed to find mounted volume for /storage/usb2/Android/data/cn.wps.moffice_eng/cache/
12-14 04:05:20.093  3603  3603 W ContextImpl: Failed to ensure directory: /storage/usb2/Android/data/cn.wps.moffice_eng/cache
12-14 04:05:20.093  1795  1825 E Vold    : Failed to find mounted volume for /storage/usb3/Android/data/cn.wps.moffice_eng/cache/
12-14 04:05:20.093  3603  3603 W ContextImpl: Failed to ensure directory: /storage/usb3/Android/data/cn.wps.moffice_eng/cache
12-14 04:05:20.093  1795  1825 E Vold    : Failed to find mounted volume for /storage/sdcard1/Android/data/cn.wps.moffice_eng/cache/
12-14 04:05:20.093  3603  3603 W ContextImpl: Failed to ensure directory: /storage/sdcard1/Android/data/cn.wps.moffice_eng/cache
12-14 04:05:20.114  3603  3603 V xiaomi  : [Thread:1] the job is pended, the controller is not ready.
12-14 04:05:20.114  3603  3630 V xiaomi  : [Thread:36] executing the pending job.
12-14 04:05:20.114  3603  3630 V xiaomi  : [Thread:36] JOB: prepare the mi push account.
12-14 04:05:20.116  3603  3630 V xiaomi  : [Thread:36] JOB: register app
12-14 04:05:20.167  1800  1800 I DEBUG   : *** *** *** *** *** *** *** *** *** *** *** *** *** *** *** ***
12-14 04:05:20.167  1800  1800 I DEBUG   : Build fingerprint: 'Android-x86/android_x86_64/x86_64:5.1.1/LVY48I/12080507:eng/test-keys'
12-14 04:05:20.167  1800  1800 I DEBUG   : Revision: '0'
12-14 04:05:20.167  1800  1800 I DEBUG   : ABI: 'x86'
12-14 04:05:20.168  1800  1800 I DEBUG   : pid: 3530, tid: 3598, name: RenderThread  >>> cn.wps.moffice_eng <<<
12-14 04:05:20.168  1800  1800 I DEBUG   : signal 11 (SIGSEGV), code 1 (SEGV_MAPERR), fault addr 0x1a8
12-14 04:05:20.169  1800  1800 I DEBUG   :     eax 00000000  ebx e0029cec  ecx 00000001  edx df41ef80
12-14 04:05:20.169  1800  1800 I DEBUG   :     esi df490014  edi e2e42c80
12-14 04:05:20.169  1800  1800 I DEBUG   :     xcs 00000023  xds 0000002b  xes 0000002b  xfs 0000010f  xss 0000002b
12-14 04:05:20.169  1800  1800 I DEBUG   :     eip dfac852d  ebp e2e42c10  esp deaff700  flags 00210246
12-14 04:05:20.169  1800  1800 I DEBUG   : 
12-14 04:05:20.169  1800  1800 I DEBUG   : backtrace:
12-14 04:05:20.169  1800  1800 I DEBUG   :     #00 pc 000fc52d  /android/system/lib/dri/i965_dri.so
12-14 04:05:20.169  1800  1800 I DEBUG   :     #01 pc 12345677  <unknown>
12-14 04:05:20.193  1800  1800 W libbacktrace: virtual bool Backtrace::VerifyReadWordArgs(uintptr_t, word_t*): invalid pointer 0xe62fe31e
12-14 04:05:20.193  1800  1800 W libbacktrace: virtual bool Backtrace::VerifyReadWordArgs(uintptr_t, word_t*): invalid pointer 0x746f6e51
12-14 04:05:20.203  1800  1800 I DEBUG   : 
12-14 04:05:20.203  1800  1800 I DEBUG   : Tombstone written to: /data/tombstones/tombstone_01
12-14 04:05:20.203  2064  2090 I BootReceiver: Copying /data/tombstones/tombstone_01 to DropBox (SYSTEM_TOMBSTONE)
12-14 04:05:20.204  2064  3636 W ActivityManager:   Force finishing activity 1 cn.wps.moffice_eng/cn.wps.moffice.documentmanager.PreStartActivity
12-14 04:05:20.211  2064  2106 W InputDispatcher: channel '247ce36f cn.wps.moffice_eng/cn.wps.moffice.documentmanager.PreStartActivity (server)' ~ Consumer closed input channel or an error occurred.  events=0x9
12-14 04:05:20.211  2064  2106 E InputDispatcher: channel '247ce36f cn.wps.moffice_eng/cn.wps.moffice.documentmanager.PreStartActivity (server)' ~ Channel is unrecoverably broken and will be disposed!
12-14 04:05:20.211  2064  2118 D WifiService: Client connection lost with reason: 4
12-14 04:05:20.211  1809  1809 I Zygote  : Process 3530 exited due to signal (11)
12-14 04:05:20.212  2064  2085 I WindowState: WIN DEATH: Window{247ce36f u0 cn.wps.moffice_eng/cn.wps.moffice.documentmanager.PreStartActivity}
12-14 04:05:20.212  2064  2085 W InputDispatcher: Attempted to unregister already unregistered input channel '247ce36f cn.wps.moffice_eng/cn.wps.moffice.documentmanager.PreStartActivity (server)'
12-14 04:05:20.505  2064  3636 I WindowManager: Screenshot max retries 4 of Token{64fde08 ActivityRecord{2e9397ab u0 cn.wps.moffice_eng/cn.wps.moffice.documentmanager.PreStartActivity t14 f}} appWin=Window{247ce36f u0 cn.wps.moffice_eng/cn.wps.moffice.documentmanager.PreStartActivity EXITING} drawState=1
12-14 04:05:20.505  2064  3636 W ActivityManager: Exception thrown during pause
12-14 04:05:20.505  2064  3636 W ActivityManager: android.os.DeadObjectException
12-14 04:05:20.505  2064  3636 W ActivityManager: 	at android.os.BinderProxy.transactNative(Native Method)
12-14 04:05:20.505  2064  3636 W ActivityManager: 	at android.os.BinderProxy.transact(Binder.java:496)
12-14 04:05:20.505  2064  3636 W ActivityManager: 	at android.app.ApplicationThreadProxy.schedulePauseActivity(ApplicationThreadNative.java:704)
12-14 04:05:20.505  2064  3636 W ActivityManager: 	at com.android.server.am.ActivityStack.startPausingLocked(ActivityStack.java:825)
12-14 04:05:20.505  2064  3636 W ActivityManager: 	at com.android.server.am.ActivityStack.finishActivityLocked(ActivityStack.java:2726)
12-14 04:05:20.505  2064  3636 W ActivityManager: 	at com.android.server.am.ActivityStack.finishTopRunningActivityLocked(ActivityStack.java:2583)
12-14 04:05:20.505  2064  3636 W ActivityManager: 	at com.android.server.am.ActivityStackSupervisor.finishTopRunningActivityLocked(ActivityStackSupervisor.java:2497)
12-14 04:05:20.505  2064  3636 W ActivityManager: 	at com.android.server.am.ActivityManagerService.handleAppCrashLocked(ActivityManagerService.java:11505)
12-14 04:05:20.505  2064  3636 W ActivityManager: 	at com.android.server.am.ActivityManagerService.makeAppCrashingLocked(ActivityManagerService.java:11402)
12-14 04:05:20.505  2064  3636 W ActivityManager: 	at com.android.server.am.ActivityManagerService.crashApplication(ActivityManagerService.java:12086)
12-14 04:05:20.505  2064  3636 W ActivityManager: 	at com.android.server.am.ActivityManagerService.handleApplicationCrashInner(ActivityManagerService.java:11597)
12-14 04:05:20.505  2064  3636 W ActivityManager: 	at com.android.server.am.NativeCrashListener$NativeCrashReporter.run(NativeCrashListener.java:86)
12-14 04:05:20.505  1793  1793 E lowmemorykiller: Error opening /proc/3530/oom_score_adj; errno=2
12-14 04:05:20.512  2064  2302 I ActivityManager: Process cn.wps.moffice_eng (pid 3530) has died
12-14 04:05:20.517  2064  3639 D OpenGLRenderer: Use EGL_SWAP_BEHAVIOR_PRESERVED: true
12-14 04:05:20.517  2064  2089 D Atlas   : Validating map...
12-14 04:05:20.563  2064  2084 I ActivityManager: Killing 2712:com.android.managedprovisioning/u0a7 (adj 15): empty #17
12-14 04:05:20.564  2064  3639 I EGL-DRI2: DRI2: found extension DRI_Core version 1
12-14 04:05:20.564  2064  3639 I EGL-DRI2: DRI2: found extension DRI_DRI2 version 4
12-14 04:05:20.566  2064  3639 I EGL-DRI2: DRI2: found extension DRI_TexBuffer version 3
12-14 04:05:20.566  2064  3639 I EGL-DRI2: DRI2: found extension DRI2_Flush version 4
12-14 04:05:20.566  2064  3639 I EGL-DRI2: DRI2: found extension DRI_IMAGE version 11
12-14 04:05:20.567  2064  3639 I OpenGLRenderer: Initialized EGL, version 1.4
12-14 04:05:20.567  2064  3639 W OpenGLRenderer: Failed to choose config with EGL_SWAP_BEHAVIOR_PRESERVED, retrying without...
12-14 04:05:20.568  2064  3639 D OpenGLRenderer: Enabling debug mode 0
12-14 04:05:23.746  2064  2085 I ActivityManager: Killing 2761:com.android.onetimeinitializer/u0a14 (adj 15): empty #17
12-14 04:05:23.769  3642  3642 W linker  : [vdso]: unused DT entry: type 0x6ffffef5 arg 0x160
12-14 04:05:24.848  2064  2123 W AudioTrack: AUDIO_OUTPUT_FLAG_FAST denied by client
12-14 04:05:24.859  1804  2102 D audio_hw_primary: found out /dev/snd/pcmC1D0p
12-14 04:05:24.872  2064  3639 D OpenGLRenderer: endAllStagingAnimators on 0x7f1928f60400 (RippleDrawable) with handle 0x7f191bd0c040
12-14 04:05:24.873  2064  2211 W InputMethodManagerService: Window already focused, ignoring focus gain of: com.android.internal.view.IInputMethodClient$Stub$Proxy@20df61 attribute=null, token = android.os.BinderProxy@b2f4bd1
12-14 04:05:26.283  2064  2064 D BackupManagerService: Received broadcast Intent { act=android.intent.action.PACKAGE_CHANGED dat=package:com.android.musicfx flg=0x4000010 (has extras) }
12-14 04:05:26.283  2367  2367 W Launcher: setApplicationContext called twice! old=com.android.launcher3.LauncherApplication@df4ec3f new=com.android.launcher3.LauncherApplication@df4ec3f
12-14 04:05:26.284  2064  2064 D BackupManagerService: Received broadcast Intent { act=android.intent.action.PACKAGE_CHANGED dat=package:cn.wps.moffice_eng flg=0x4000010 (has extras) }
