12-14 03:56:53.758  1808  1808 E Minikin : addFont failed to create font /system/fonts/NotoSansGujaratiUI-Bold.ttf
12-14 03:56:53.758  1809  1809 E Minikin : addFont failed to create font /system/fonts/NotoSansGujarati-Bold.ttf
12-14 03:56:53.758  1808  1808 E Minikin : addFont failed to create font /system/fonts/NotoSansGurmukhi-Regular.ttf
12-14 03:56:53.758  1809  1809 E Minikin : addFont failed to create font /system/fonts/NotoSansGujaratiUI-Regular.ttf
12-14 03:56:53.758  1808  1808 E Minikin : addFont failed to create font /system/fonts/NotoSansGurmukhi-Bold.ttf
12-14 03:56:53.758  1809  1809 E Minikin : addFont failed to create font /system/fonts/NotoSansGujaratiUI-Bold.ttf
12-14 03:56:53.758  1808  1808 E Minikin : addFont failed to create font /system/fonts/NotoSansGurmukhiUI-Regular.ttf
12-14 03:56:53.758  1808  1808 E Minikin : addFont failed to create font /system/fonts/NotoSansGurmukhiUI-Bold.ttf
12-14 03:56:53.758  1809  1809 E Minikin : addFont failed to create font /system/fonts/NotoSansGurmukhi-Regular.ttf
12-14 03:56:53.758  1809  1809 E Minikin : addFont failed to create font /system/fonts/NotoSansGurmukhi-Bold.ttf
12-14 03:56:53.758  1809  1809 E Minikin : addFont failed to create font /system/fonts/NotoSansGurmukhiUI-Regular.ttf
12-14 03:56:53.758  1809  1809 E Minikin : addFont failed to create font /system/fonts/NotoSansGurmukhiUI-Bold.ttf
12-14 03:56:53.766  1808  1808 E Minikin : addFont failed to create font /system/fonts/NotoSansSinhala-Regular.ttf
12-14 03:56:53.766  1809  1809 E Minikin : addFont failed to create font /system/fonts/NotoSansSinhala-Regular.ttf
12-14 03:56:53.766  1808  1808 E Minikin : addFont failed to create font /system/fonts/NotoSansSinhala-Bold.ttf
12-14 03:56:53.766  1809  1809 E Minikin : addFont failed to create font /system/fonts/NotoSansSinhala-Bold.ttf
12-14 03:56:53.769  1808  1808 E Minikin : addFont failed to create font /system/fonts/NotoSansThaana-Regular.ttf
12-14 03:56:53.769  1809  1809 E Minikin : addFont failed to create font /system/fonts/NotoSansThaana-Regular.ttf
12-14 03:56:53.769  1808  1808 E Minikin : addFont failed to create font /system/fonts/NotoSansThaana-Bold.ttf
12-14 03:56:53.769  1809  1809 E Minikin : addFont failed to create font /system/fonts/NotoSansThaana-Bold.ttf
12-14 03:56:53.769  1808  1808 E Minikin : addFont failed to create font /system/fonts/NotoSansCham-Regular.ttf
12-14 03:56:53.769  1809  1809 E Minikin : addFont failed to create font /system/fonts/NotoSansCham-Regular.ttf
12-14 03:56:53.769  1808  1808 E Minikin : addFont failed to create font /system/fonts/NotoSansCham-Bold.ttf
12-14 03:56:53.769  1809  1809 E Minikin : addFont failed to create font /system/fonts/NotoSansCham-Bold.ttf
12-14 03:56:53.769  1808  1808 E Minikin : addFont failed to create font /system/fonts/NotoSansBalinese-Regular.ttf
12-14 03:56:53.769  1809  1809 E Minikin : addFont failed to create font /system/fonts/NotoSansBalinese-Regular.ttf
12-14 03:56:53.769  1808  1808 E Minikin : addFont failed to create font /system/fonts/NotoSansBatak-Regular.ttf
12-14 03:56:53.769  1809  1809 E Minikin : addFont failed to create font /system/fonts/NotoSansBatak-Regular.ttf
12-14 03:56:53.769  1808  1808 E Minikin : addFont failed to create font /system/fonts/NotoSansBuginese-Regular.ttf
12-14 03:56:53.769  1809  1809 E Minikin : addFont failed to create font /system/fonts/NotoSansBuginese-Regular.ttf
12-14 03:56:53.769  1808  1808 E Minikin : addFont failed to create font /system/fonts/NotoSansBuhid-Regular.ttf
12-14 03:56:53.769  1809  1809 E Minikin : addFont failed to create font /system/fonts/NotoSansBuhid-Regular.ttf
12-14 03:56:53.769  1808  1808 E Minikin : addFont failed to create font /system/fonts/NotoSansCanadianAboriginal-Regular.ttf
12-14 03:56:53.769  1809  1809 E Minikin : addFont failed to create font /system/fonts/NotoSansCanadianAboriginal-Regular.ttf
12-14 03:56:53.769  1808  1808 E Minikin : addFont failed to create font /system/fonts/NotoSansCherokee-Regular.ttf
12-14 03:56:53.769  1809  1809 E Minikin : addFont failed to create font /system/fonts/NotoSansCherokee-Regular.ttf
12-14 03:56:53.769  1808  1808 E Minikin : addFont failed to create font /system/fonts/NotoSansCoptic-Regular.ttf
12-14 03:56:53.769  1809  1809 E Minikin : addFont failed to create font /system/fonts/NotoSansCoptic-Regular.ttf
12-14 03:56:53.769  1808  1808 E Minikin : addFont failed to create font /system/fonts/NotoSansGlagolitic-Regular.ttf
12-14 03:56:53.769  1809  1809 E Minikin : addFont failed to create font /system/fonts/NotoSansGlagolitic-Regular.ttf
12-14 03:56:53.769  1808  1808 E Minikin : addFont failed to create font /system/fonts/NotoSansHanunoo-Regular.ttf
12-14 03:56:53.769  1809  1809 E Minikin : addFont failed to create font /system/fonts/NotoSansHanunoo-Regular.ttf
12-14 03:56:53.769  1808  1808 E Minikin : addFont failed to create font /system/fonts/NotoSansJavanese-Regular.ttf
12-14 03:56:53.769  1809  1809 E Minikin : addFont failed to create font /system/fonts/NotoSansJavanese-Regular.ttf
12-14 03:56:53.769  1808  1808 E Minikin : addFont failed to create font /system/fonts/NotoSansKayahLi-Regular.ttf
12-14 03:56:53.769  1809  1809 E Minikin : addFont failed to create font /system/fonts/NotoSansKayahLi-Regular.ttf
12-14 03:56:53.769  1808  1808 E Minikin : addFont failed to create font /system/fonts/NotoSansLepcha-Regular.ttf
12-14 03:56:53.769  1809  1809 E Minikin : addFont failed to create font /system/fonts/NotoSansLepcha-Regular.ttf
12-14 03:56:53.769  1808  1808 E Minikin : addFont failed to create font /system/fonts/NotoSansLimbu-Regular.ttf
12-14 03:56:53.769  1809  1809 E Minikin : addFont failed to create font /system/fonts/NotoSansLimbu-Regular.ttf
12-14 03:56:53.769  1808  1808 E Minikin : addFont failed to create font /system/fonts/NotoSansMeeteiMayek-Regular.ttf
12-14 03:56:53.769  1809  1809 E Minikin : addFont failed to create font /system/fonts/NotoSansMeeteiMayek-Regular.ttf
12-14 03:56:53.769  1808  1808 E Minikin : addFont failed to create font /system/fonts/NotoSansOlChiki-Regular.ttf
12-14 03:56:53.769  1809  1809 E Minikin : addFont failed to create font /system/fonts/NotoSansOlChiki-Regular.ttf
12-14 03:56:53.769  1808  1808 E Minikin : addFont failed to create font /system/fonts/NotoSansRejang-Regular.ttf
12-14 03:56:53.769  1809  1809 E Minikin : addFont failed to create font /system/fonts/NotoSansRejang-Regular.ttf
12-14 03:56:53.769  1808  1808 E Minikin : addFont failed to create font /system/fonts/NotoSansSaurashtra-Regular.ttf
12-14 03:56:53.769  1808  1808 E Minikin : addFont failed to create font /system/fonts/NotoSansSundanese-Regular.ttf
12-14 03:56:53.769  1809  1809 E Minikin : addFont failed to create font /system/fonts/NotoSansSaurashtra-Regular.ttf
12-14 03:56:53.769  1808  1808 E Minikin : addFont failed to create font /system/fonts/NotoSansSylotiNagri-Regular.ttf
12-14 03:56:53.769  1809  1809 E Minikin : addFont failed to create font /system/fonts/NotoSansSundanese-Regular.ttf
12-14 03:56:53.769  1808  1808 E Minikin : addFont failed to create font /system/fonts/NotoSansTagbanwa-Regular.ttf
12-14 03:56:53.769  1809  1809 E Minikin : addFont failed to create font /system/fonts/NotoSansSylotiNagri-Regular.ttf
12-14 03:56:53.769  1808  1808 E Minikin : addFont failed to create font /system/fonts/NotoSansTaiTham-Regular.ttf
12-14 03:56:53.769  1809  1809 E Minikin : addFont failed to create font /system/fonts/NotoSansTagbanwa-Regular.ttf
12-14 03:56:53.769  1808  1808 E Minikin : addFont failed to create font /system/fonts/NotoSansTaiViet-Regular.ttf
12-14 03:56:53.769  1809  1809 E Minikin : addFont failed to create font /system/fonts/NotoSansTaiTham-Regular.ttf
12-14 03:56:53.769  1808  1808 E Minikin : addFont failed to create font /system/fonts/NotoSansTifinagh-Regular.ttf
12-14 03:56:53.769  1809  1809 E Minikin : addFont failed to create font /system/fonts/NotoSansTaiViet-Regular.ttf
12-14 03:56:53.769  1808  1808 E Minikin : addFont failed to create font /system/fonts/NotoSansYi-Regular.ttf
12-14 03:56:53.769  1809  1809 E Minikin : addFont failed to create font /system/fonts/NotoSansTifinagh-Regular.ttf
12-14 03:56:53.769  1808  1808 E Minikin : addFont failed to create font /system/fonts/Lohit-Odia.ttf
12-14 03:56:53.769  1809  1809 E Minikin : addFont failed to create font /system/fonts/NotoSansYi-Regular.ttf
12-14 03:56:53.769  1808  1808 E Minikin : addFont failed to create font /system/fonts/NotoSansHans-Regular.otf
12-14 03:56:53.769  1809  1809 E Minikin : addFont failed to create font /system/fonts/Lohit-Odia.ttf
12-14 03:56:53.769  1809  1809 E Minikin : addFont failed to create font /system/fonts/NotoSansHans-Regular.otf
12-14 03:56:53.769  1808  1808 E Minikin : addFont failed to create font /system/fonts/NotoSansHant-Regular.otf
12-14 03:56:53.769  1809  1809 E Minikin : addFont failed to create font /system/fonts/NotoSansHant-Regular.otf
12-14 03:56:53.769  1808  1808 E Minikin : addFont failed to create font /system/fonts/NotoSansJP-Regular.otf
12-14 03:56:53.769  1808  1808 E Minikin : addFont failed to create font /system/fonts/NotoSansKR-Regular.otf
12-14 03:56:53.769  1809  1809 E Minikin : addFont failed to create font /system/fonts/NotoSansJP-Regular.otf
12-14 03:56:53.769  1809  1809 E Minikin : addFont failed to create font /system/fonts/NotoSansKR-Regular.otf
12-14 03:56:53.774  1808  1808 E Minikin : addFont failed to create font /system/fonts/NotoSansTaiLe-Regular.ttf
12-14 03:56:53.774  1809  1809 E Minikin : addFont failed to create font /system/fonts/NotoSansTaiLe-Regular.ttf
12-14 03:56:53.789  1808  1808 I art     : Explicit concurrent mark sweep GC freed 1798(129KB) AllocSpace objects, 0(0B) LOS objects, 89% free, 117KB/1141KB, paused 21us total 1.055ms
12-14 03:56:53.790  1809  1809 I art     : Explicit concurrent mark sweep GC freed 1798(129KB) AllocSpace objects, 0(0B) LOS objects, 89% free, 113KB/1137KB, paused 25us total 1.421ms
12-14 03:56:53.796  1808  1808 I art     : Explicit concurrent mark sweep GC freed 1933(92KB) AllocSpace objects, 0(0B) LOS objects, 86% free, 161KB/1185KB, paused 15us total 1.386ms
12-14 03:56:53.798  1809  1809 I art     : Explicit concurrent mark sweep GC freed 1933(92KB) AllocSpace objects, 0(0B) LOS objects, 86% free, 154KB/1178KB, paused 31us total 1.705ms
12-14 03:56:53.798  1808  1808 I art     : Explicit concurrent mark sweep GC freed 1977(87KB) AllocSpace objects, 0(0B) LOS objects, 83% free, 198KB/1222KB, paused 16us total 1.301ms
12-14 03:56:53.801  1808  1808 I art     : Explicit concurrent mark sweep GC freed 371(19KB) AllocSpace objects, 0(0B) LOS objects, 81% free, 234KB/1258KB, paused 21us total 1.655ms
12-14 03:56:53.801  1809  1809 I art     : Explicit concurrent mark sweep GC freed 1977(87KB) AllocSpace objects, 0(0B) LOS objects, 84% free, 189KB/1213KB, paused 41us total 2.006ms
12-14 03:56:53.805  1809  1809 I art     : Explicit concurrent mark sweep GC freed 371(19KB) AllocSpace objects, 0(0B) LOS objects, 82% free, 222KB/1246KB, paused 32us total 1.891ms
12-14 03:56:53.822  1809  1809 I art     : Thread[1,tid=1809,WaitingForJniOnLoad,Thread*=0xf3c25800,peer=0x12c31160,"main"] recursive attempt to load library "/system/lib/libmedia_jni.so"
12-14 03:56:53.822  1809  1809 D MtpDeviceJNI: register_android_mtp_MtpDevice
12-14 03:56:53.823  1809  1809 I art     : Thread[1,tid=1809,WaitingForJniOnLoad,Thread*=0xf3c25800,peer=0x12c31160,"main"] recursive attempt to load library "/system/lib/libmedia_jni.so"
12-14 03:56:53.823  1809  1809 I art     : Thread[1,tid=1809,WaitingForJniOnLoad,Thread*=0xf3c25800,peer=0x12c31160,"main"] recursive attempt to load library "/system/lib/libmedia_jni.so"
12-14 03:56:53.828  1808  1808 I art     : Thread[1,tid=1808,WaitingForJniOnLoad,Thread*=0x7f1933895000,peer=0x12c31100,"main"] recursive attempt to load library "/system/lib64/libmedia_jni.so"
12-14 03:56:53.828  1808  1808 D MtpDeviceJNI: register_android_mtp_MtpDevice
12-14 03:56:53.828  1808  1808 I art     : Thread[1,tid=1808,WaitingForJniOnLoad,Thread*=0x7f1933895000,peer=0x12c31100,"main"] recursive attempt to load library "/system/lib64/libmedia_jni.so"
12-14 03:56:53.828  1808  1808 I art     : Thread[1,tid=1808,WaitingForJniOnLoad,Thread*=0x7f1933895000,peer=0x12c31100,"main"] recursive attempt to load library "/system/lib64/libmedia_jni.so"
12-14 03:56:53.830  1809  1809 I art     : Explicit concurrent mark sweep GC freed 661(37KB) AllocSpace objects, 0(0B) LOS objects, 80% free, 244KB/1268KB, paused 40us total 2.008ms
12-14 03:56:53.833  1808  1808 I art     : Explicit concurrent mark sweep GC freed 641(36KB) AllocSpace objects, 0(0B) LOS objects, 80% free, 246KB/1270KB, paused 14us total 1.444ms
12-14 03:56:53.841  1809  1809 I art     : Explicit concurrent mark sweep GC freed 573(29KB) AllocSpace objects, 0(0B) LOS objects, 79% free, 264KB/1288KB, paused 45us total 1.861ms
12-14 03:56:53.842  1808  1808 I art     : Explicit concurrent mark sweep GC freed 429(20KB) AllocSpace objects, 0(0B) LOS objects, 78% free, 274KB/1298KB, paused 25us total 1.674ms
12-14 03:56:53.846  1809  1809 I art     : Explicit concurrent mark sweep GC freed 459(27KB) AllocSpace objects, 0(0B) LOS objects, 77% free, 303KB/1327KB, paused 44us total 1.530ms
12-14 03:56:53.849  1808  1808 I art     : Explicit concurrent mark sweep GC freed 543(30KB) AllocSpace objects, 0(0B) LOS objects, 77% free, 302KB/1326KB, paused 18us total 1.707ms
12-14 03:56:53.857  1809  1809 I art     : Explicit concurrent mark sweep GC freed 1788(104KB) AllocSpace objects, 0(0B) LOS objects, 69% free, 453KB/1477KB, paused 47us total 2.189ms
12-14 03:56:53.860  1809  1809 E EmojiFactory_jni: Failed to load libemoji.so: dlopen failed: library "libemoji.so" not found
12-14 03:56:53.860  1808  1808 I art     : Explicit concurrent mark sweep GC freed 1868(110KB) AllocSpace objects, 0(0B) LOS objects, 68% free, 467KB/1491KB, paused 25us total 1.590ms
12-14 03:56:53.864  1808  1808 E EmojiFactory_jni: Failed to load libemoji.so: dlopen failed: library "libemoji.so" not found
12-14 03:56:53.867  1809  1809 I art     : Explicit concurrent mark sweep GC freed 350(45KB) AllocSpace objects, 0(0B) LOS objects, 57% free, 750KB/1774KB, paused 42us total 2.409ms
12-14 03:56:53.871  1808  1808 I art     : Explicit concurrent mark sweep GC freed 350(45KB) AllocSpace objects, 0(0B) LOS objects, 57% free, 766KB/1790KB, paused 25us total 2.389ms
12-14 03:56:53.873  1809  1809 I art     : Explicit concurrent mark sweep GC freed 438(30KB) AllocSpace objects, 0(0B) LOS objects, 57% free, 768KB/1792KB, paused 43us total 2.218ms
12-14 03:56:53.875  1808  1808 I art     : Explicit concurrent mark sweep GC freed 438(30KB) AllocSpace objects, 0(0B) LOS objects, 56% free, 785KB/1809KB, paused 13us total 1.266ms
12-14 03:56:53.880  1809  1809 I art     : Explicit concurrent mark sweep GC freed 789(49KB) AllocSpace objects, 0(0B) LOS objects, 57% free, 770KB/1794KB, paused 38us total 1.593ms
12-14 03:56:53.882  1808  1808 I art     : Explicit concurrent mark sweep GC freed 789(49KB) AllocSpace objects, 0(0B) LOS objects, 56% free, 786KB/1810KB, paused 15us total 1.445ms
12-14 03:56:53.890  1809  1809 I art     : Explicit concurrent mark sweep GC freed 956(105KB) AllocSpace objects, 0(0B) LOS objects, 55% free, 813KB/1837KB, paused 25us total 1.806ms
12-14 03:56:53.890  1808  1808 I art     : Explicit concurrent mark sweep GC freed 956(105KB) AllocSpace objects, 0(0B) LOS objects, 55% free, 830KB/1854KB, paused 14us total 1.717ms
12-14 03:56:53.898  1809  1809 I art     : Explicit concurrent mark sweep GC freed 597(42KB) AllocSpace objects, 0(0B) LOS objects, 55% free, 819KB/1843KB, paused 27us total 1.787ms
12-14 03:56:53.898  1808  1808 I art     : Explicit concurrent mark sweep GC freed 597(42KB) AllocSpace objects, 0(0B) LOS objects, 55% free, 837KB/1861KB, paused 14us total 1.563ms
12-14 03:56:53.906  1808  1808 I art     : Explicit concurrent mark sweep GC freed 265(20KB) AllocSpace objects, 0(0B) LOS objects, 54% free, 866KB/1890KB, paused 13us total 1.389ms
12-14 03:56:53.907  1809  1809 I art     : Explicit concurrent mark sweep GC freed 265(20KB) AllocSpace objects, 0(0B) LOS objects, 54% free, 848KB/1872KB, paused 24us total 1.544ms
12-14 03:56:53.920  1808  1808 I art     : Explicit concurrent mark sweep GC freed 22(896B) AllocSpace objects, 0(0B) LOS objects, 45% free, 1245KB/2MB, paused 16us total 1.630ms
12-14 03:56:53.921  1809  1809 I art     : Explicit concurrent mark sweep GC freed 12(576B) AllocSpace objects, 0(0B) LOS objects, 45% free, 1227KB/2MB, paused 27us total 1.748ms
12-14 03:56:53.923  1808  1808 I art     : Explicit concurrent mark sweep GC freed 565(32KB) AllocSpace objects, 0(0B) LOS objects, 44% free, 1261KB/2MB, paused 14us total 1.516ms
12-14 03:56:53.924  1809  1809 I art     : Explicit concurrent mark sweep GC freed 571(33KB) AllocSpace objects, 0(0B) LOS objects, 45% free, 1243KB/2MB, paused 27us total 1.828ms
12-14 03:56:53.925  1808  1808 I art     : Explicit concurrent mark sweep GC freed 734(45KB) AllocSpace objects, 0(0B) LOS objects, 44% free, 1265KB/2MB, paused 14us total 1.502ms
12-14 03:56:53.927  1809  1809 I art     : Explicit concurrent mark sweep GC freed 741(45KB) AllocSpace objects, 0(0B) LOS objects, 45% free, 1246KB/2MB, paused 27us total 1.777ms
12-14 03:56:53.939  1808  1808 I System  : Loaded time zone names for "" in 12ms (11ms in ICU)
12-14 03:56:53.940  1809  1809 I System  : Loaded time zone names for "" in 13ms (12ms in ICU)
12-14 03:56:53.947  1808  1808 I System  : Loaded time zone names for "en_US" in 8ms (8ms in ICU)
12-14 03:56:53.949  1808  1808 I art     : Explicit concurrent mark sweep GC freed 2359(179KB) AllocSpace objects, 0(0B) LOS objects, 41% free, 1423KB/2MB, paused 47us total 2.384ms
12-14 03:56:53.950  1809  1809 I System  : Loaded time zone names for "en_US" in 10ms (8ms in ICU)
12-14 03:56:53.953  1809  1809 I art     : Explicit concurrent mark sweep GC freed 2345(178KB) AllocSpace objects, 0(0B) LOS objects, 42% free, 1405KB/2MB, paused 44us total 2.908ms
12-14 03:56:53.953  1808  1808 I art     : Explicit concurrent mark sweep GC freed 136(12KB) AllocSpace objects, 0(0B) LOS objects, 40% free, 1488KB/2MB, paused 42us total 2.397ms
12-14 03:56:53.956  1809  1809 I art     : Explicit concurrent mark sweep GC freed 136(12KB) AllocSpace objects, 0(0B) LOS objects, 41% free, 1470KB/2MB, paused 43us total 2.462ms
12-14 03:56:53.957  1808  1808 I art     : Explicit concurrent mark sweep GC freed 288(24KB) AllocSpace objects, 0(0B) LOS objects, 39% free, 1540KB/2MB, paused 17us total 2.244ms
12-14 03:56:53.961  1808  1808 I art     : Explicit concurrent mark sweep GC freed 679(47KB) AllocSpace objects, 0(0B) LOS objects, 39% free, 1542KB/2MB, paused 23us total 2.355ms
12-14 03:56:53.961  1808  1808 I Zygote  : ...preloaded 3005 classes in 285ms.
12-14 03:56:53.961  1808  1808 I art     : VMRuntime.preloadDexCaches starting
12-14 03:56:53.962  1809  1809 I art     : Explicit concurrent mark sweep GC freed 288(24KB) AllocSpace objects, 0(0B) LOS objects, 40% free, 1515KB/2MB, paused 37us total 2.887ms
12-14 03:56:53.966  1809  1809 I art     : Explicit concurrent mark sweep GC freed 679(47KB) AllocSpace objects, 0(0B) LOS objects, 40% free, 1517KB/2MB, paused 43us total 2.781ms
12-14 03:56:53.967  1809  1809 I Zygote  : ...preloaded 3005 classes in 291ms.
12-14 03:56:53.967  1809  1809 I art     : VMRuntime.preloadDexCaches starting
12-14 03:56:53.977  1808  1808 I art     : VMRuntime.preloadDexCaches strings total=214670 before=39013 after=39013
12-14 03:56:53.977  1808  1808 I art     : VMRuntime.preloadDexCaches types total=18345 before=6389 after=6425
12-14 03:56:53.977  1808  1808 I art     : VMRuntime.preloadDexCaches fields total=85577 before=32264 after=32598
12-14 03:56:53.977  1808  1808 I art     : VMRuntime.preloadDexCaches methods total=151791 before=66839 after=67740
12-14 03:56:53.977  1808  1808 I art     : VMRuntime.preloadDexCaches finished
12-14 03:56:53.977  1808  1808 I art     : Counter: 0
12-14 03:56:53.977  1808  1808 I art     : Counter: 1
12-14 03:56:53.980  1808  1808 I art     : Explicit concurrent mark sweep GC freed 61(15KB) AllocSpace objects, 0(0B) LOS objects, 40% free, 1528KB/2MB, paused 14us total 2.859ms
12-14 03:56:53.981  1809  1809 I art     : VMRuntime.preloadDexCaches strings total=214670 before=39013 after=39013
12-14 03:56:53.981  1809  1809 I art     : VMRuntime.preloadDexCaches types total=18345 before=6389 after=6425
12-14 03:56:53.981  1809  1809 I art     : VMRuntime.preloadDexCaches fields total=85577 before=32264 after=32598
12-14 03:56:53.981  1809  1809 I art     : VMRuntime.preloadDexCaches methods total=151791 before=66839 after=67740
12-14 03:56:53.981  1809  1809 I art     : VMRuntime.preloadDexCaches finished
12-14 03:56:53.982  1809  1809 I art     : Counter: 0
12-14 03:56:53.982  1809  1809 I art     : Counter: 1
12-14 03:56:53.984  2062  2062 W linker  : [vdso]: unused DT entry: type 0x6ffffef5 arg 0x160
12-14 03:56:53.984  2062  2062 D idmap   : error: no read access to /vendor/overlay: No such file or directory
12-14 03:56:53.984  1809  1809 I art     : Explicit concurrent mark sweep GC freed 61(15KB) AllocSpace objects, 0(0B) LOS objects, 40% free, 1503KB/2MB, paused 28us total 2.500ms
12-14 03:56:53.987  2063  2063 W linker  : [vdso]: unused DT entry: type 0x6ffffef5 arg 0x160
12-14 03:56:53.987  2063  2063 D idmap   : error: no read access to /vendor/overlay: No such file or directory
12-14 03:56:53.996  1808  1808 I Zygote  : Preloading resources...
12-14 03:56:53.996  1809  1809 I Zygote  : Preloading resources...
12-14 03:56:54.003  1808  1808 I art     : Explicit concurrent mark sweep GC freed 86(3KB) AllocSpace objects, 0(0B) LOS objects, 39% free, 1577KB/2MB, paused 26us total 2.850ms
12-14 03:56:54.003  1809  1809 I art     : Explicit concurrent mark sweep GC freed 86(3KB) AllocSpace objects, 0(0B) LOS objects, 40% free, 1551KB/2MB, paused 42us total 3.297ms
12-14 03:56:54.007  1808  1808 I art     : Explicit concurrent mark sweep GC freed 89(4KB) AllocSpace objects, 0(0B) LOS objects, 40% free, 1623KB/2MB, paused 24us total 2.137ms
12-14 03:56:54.007  1809  1809 I art     : Explicit concurrent mark sweep GC freed 89(4KB) AllocSpace objects, 0(0B) LOS objects, 39% free, 1598KB/2MB, paused 28us total 2.493ms
12-14 03:56:54.011  1808  1808 I art     : Explicit concurrent mark sweep GC freed 115(5KB) AllocSpace objects, 0(0B) LOS objects, 39% free, 1667KB/2MB, paused 26us total 2.185ms
12-14 03:56:54.011  1809  1809 I art     : Explicit concurrent mark sweep GC freed 122(5KB) AllocSpace objects, 0(0B) LOS objects, 40% free, 1646KB/2MB, paused 43us total 2.544ms
12-14 03:56:54.014  1808  1808 I art     : Explicit concurrent mark sweep GC freed 99(4KB) AllocSpace objects, 0(0B) LOS objects, 39% free, 1713KB/2MB, paused 26us total 2.128ms
12-14 03:56:54.015  1809  1809 I art     : Explicit concurrent mark sweep GC freed 101(4KB) AllocSpace objects, 0(0B) LOS objects, 39% free, 1691KB/2MB, paused 42us total 2.492ms
12-14 03:56:54.018  1808  1808 I art     : Explicit concurrent mark sweep GC freed 94(4KB) AllocSpace objects, 0(0B) LOS objects, 40% free, 1757KB/2MB, paused 25us total 2.143ms
12-14 03:56:54.019  1809  1809 I art     : Explicit concurrent mark sweep GC freed 93(4KB) AllocSpace objects, 0(0B) LOS objects, 39% free, 1736KB/2MB, paused 39us total 2.497ms
12-14 03:56:54.022  1808  1808 I art     : Explicit concurrent mark sweep GC freed 102(4KB) AllocSpace objects, 0(0B) LOS objects, 40% free, 1803KB/2MB, paused 25us total 2.172ms
12-14 03:56:54.023  1809  1809 I art     : Explicit concurrent mark sweep GC freed 103(4KB) AllocSpace objects, 0(0B) LOS objects, 39% free, 1782KB/2MB, paused 43us total 2.550ms
12-14 03:56:54.025  1808  1808 I art     : Explicit concurrent mark sweep GC freed 112(5KB) AllocSpace objects, 0(0B) LOS objects, 40% free, 1849KB/3MB, paused 27us total 2.195ms
12-14 03:56:54.027  1809  1809 I art     : Explicit concurrent mark sweep GC freed 112(5KB) AllocSpace objects, 0(0B) LOS objects, 39% free, 1827KB/2MB, paused 43us total 2.586ms
12-14 03:56:54.029  1808  1808 I art     : Explicit concurrent mark sweep GC freed 118(5KB) AllocSpace objects, 0(0B) LOS objects, 40% free, 1896KB/3MB, paused 26us total 2.241ms
12-14 03:56:54.031  1809  1809 I art     : Explicit concurrent mark sweep GC freed 117(5KB) AllocSpace objects, 0(0B) LOS objects, 40% free, 1874KB/3MB, paused 47us total 2.610ms
12-14 03:56:54.033  1808  1808 I art     : Explicit concurrent mark sweep GC freed 108(5KB) AllocSpace objects, 0(0B) LOS objects, 39% free, 1944KB/3MB, paused 27us total 2.267ms
12-14 03:56:54.035  1809  1809 I art     : Explicit concurrent mark sweep GC freed 108(5KB) AllocSpace objects, 0(0B) LOS objects, 40% free, 1922KB/3MB, paused 45us total 2.484ms
12-14 03:56:54.038  1808  1808 I art     : Explicit concurrent mark sweep GC freed 153(6KB) AllocSpace objects, 0(0B) LOS objects, 39% free, 2020KB/3MB, paused 27us total 2.323ms
12-14 03:56:54.040  1809  1809 I art     : Explicit concurrent mark sweep GC freed 147(6KB) AllocSpace objects, 0(0B) LOS objects, 39% free, 1993KB/3MB, paused 43us total 2.427ms
12-14 03:56:54.042  1808  1808 I art     : Explicit concurrent mark sweep GC freed 138(6KB) AllocSpace objects, 0(0B) LOS objects, 40% free, 2MB/3MB, paused 26us total 2.304ms
12-14 03:56:54.044  1809  1809 I art     : Explicit concurrent mark sweep GC freed 136(5KB) AllocSpace objects, 0(0B) LOS objects, 40% free, 2036KB/3MB, paused 50us total 2.594ms
12-14 03:56:54.046  1808  1808 I art     : Explicit concurrent mark sweep GC freed 84(7KB) AllocSpace objects, 0(0B) LOS objects, 40% free, 2MB/3MB, paused 27us total 2.305ms
12-14 03:56:54.047  1809  1809 I art     : Explicit concurrent mark sweep GC freed 84(7KB) AllocSpace objects, 0(0B) LOS objects, 39% free, 2MB/3MB, paused 46us total 2.517ms
12-14 03:56:54.050  1808  1808 I art     : Explicit concurrent mark sweep GC freed 112(4KB) AllocSpace objects, 0(0B) LOS objects, 39% free, 2MB/3MB, paused 28us total 2.500ms
12-14 03:56:54.052  1809  1809 I art     : Explicit concurrent mark sweep GC freed 112(4KB) AllocSpace objects, 0(0B) LOS objects, 40% free, 2MB/3MB, paused 46us total 2.685ms
12-14 03:56:54.054  1808  1808 I art     : Explicit concurrent mark sweep GC freed 135(5KB) AllocSpace objects, 0(0B) LOS objects, 40% free, 2MB/3MB, paused 28us total 2.342ms
12-14 03:56:54.056  1809  1809 I art     : Explicit concurrent mark sweep GC freed 135(5KB) AllocSpace objects, 0(0B) LOS objects, 39% free, 2MB/3MB, paused 52us total 2.743ms
12-14 03:56:54.057  1808  1808 I art     : Explicit concurrent mark sweep GC freed 62(2752B) AllocSpace objects, 0(0B) LOS objects, 39% free, 2MB/3MB, paused 28us total 2.355ms
12-14 03:56:54.059  1809  1809 I art     : Explicit concurrent mark sweep GC freed 62(2752B) AllocSpace objects, 0(0B) LOS objects, 40% free, 2MB/3MB, paused 33us total 2.400ms
12-14 03:56:54.063  1808  1808 I art     : Explicit concurrent mark sweep GC freed 111(4KB) AllocSpace objects, 0(0B) LOS objects, 39% free, 2MB/4MB, paused 28us total 2.458ms
12-14 03:56:54.064  1809  1809 I art     : Explicit concurrent mark sweep GC freed 111(4KB) AllocSpace objects, 0(0B) LOS objects, 40% free, 2MB/4MB, paused 47us total 2.826ms
12-14 03:56:54.068  1808  1808 I art     : Explicit concurrent mark sweep GC freed 206(9KB) AllocSpace objects, 0(0B) LOS objects, 39% free, 2MB/4MB, paused 29us total 2.447ms
12-14 03:56:54.070  1809  1809 I art     : Explicit concurrent mark sweep GC freed 206(9KB) AllocSpace objects, 0(0B) LOS objects, 39% free, 2MB/4MB, paused 49us total 2.696ms
12-14 03:56:54.072  1808  1808 I art     : Explicit concurrent mark sweep GC freed 370(16KB) AllocSpace objects, 0(0B) LOS objects, 39% free, 2MB/4MB, paused 34us total 2.423ms
12-14 03:56:54.075  1809  1809 I art     : Explicit concurrent mark sweep GC freed 370(16KB) AllocSpace objects, 0(0B) LOS objects, 39% free, 2MB/4MB, paused 32us total 2.406ms
12-14 03:56:54.077  1808  1808 I art     : Explicit concurrent mark sweep GC freed 214(9KB) AllocSpace objects, 0(0B) LOS objects, 39% free, 2MB/4MB, paused 30us total 2.399ms
12-14 03:56:54.079  1809  1809 I art     : Explicit concurrent mark sweep GC freed 214(9KB) AllocSpace objects, 0(0B) LOS objects, 39% free, 2MB/4MB, paused 51us total 2.689ms
12-14 03:56:54.081  1808  1808 I art     : Explicit concurrent mark sweep GC freed 112(6KB) AllocSpace objects, 0(0B) LOS objects, 39% free, 2MB/4MB, paused 31us total 2.419ms
12-14 03:56:54.083  1809  1809 I art     : Explicit concurrent mark sweep GC freed 112(6KB) AllocSpace objects, 0(0B) LOS objects, 39% free, 2MB/4MB, paused 49us total 2.542ms
12-14 03:56:54.085  1808  1808 I art     : Explicit concurrent mark sweep GC freed 113(5KB) AllocSpace objects, 0(0B) LOS objects, 39% free, 2MB/4MB, paused 30us total 2.432ms
12-14 03:56:54.087  1809  1809 I art     : Explicit concurrent mark sweep GC freed 113(5KB) AllocSpace objects, 0(0B) LOS objects, 39% free, 2MB/4MB, paused 52us total 2.779ms
12-14 03:56:54.088  1808  1808 I art     : Explicit concurrent mark sweep GC freed 49(8KB) AllocSpace objects, 0(0B) LOS objects, 39% free, 2MB/4MB, paused 29us total 2.435ms
12-14 03:56:54.090  1809  1809 I art     : Explicit concurrent mark sweep GC freed 49(8KB) AllocSpace objects, 0(0B) LOS objects, 40% free, 2MB/4MB, paused 51us total 2.624ms
12-14 03:56:54.092  1808  1808 I art     : Explicit concurrent mark sweep GC freed 101(4KB) AllocSpace objects, 0(0B) LOS objects, 39% free, 2MB/4MB, paused 32us total 2.434ms
12-14 03:56:54.094  1809  1809 I art     : Explicit concurrent mark sweep GC freed 101(4KB) AllocSpace objects, 0(0B) LOS objects, 40% free, 2MB/4MB, paused 55us total 2.720ms
12-14 03:56:54.096  1808  1808 I art     : Explicit concurrent mark sweep GC freed 105(4KB) AllocSpace objects, 0(0B) LOS objects, 40% free, 2MB/4MB, paused 30us total 2.492ms
12-14 03:56:54.099  1809  1809 I art     : Explicit concurrent mark sweep GC freed 105(4KB) AllocSpace objects, 0(0B) LOS objects, 39% free, 2MB/4MB, paused 53us total 2.836ms
12-14 03:56:54.100  1808  1808 I art     : Explicit concurrent mark sweep GC freed 99(4KB) AllocSpace objects, 0(0B) LOS objects, 39% free, 2MB/4MB, paused 33us total 2.510ms
12-14 03:56:54.103  1809  1809 I art     : Explicit concurrent mark sweep GC freed 99(4KB) AllocSpace objects, 0(0B) LOS objects, 40% free, 2MB/4MB, paused 52us total 2.734ms
12-14 03:56:54.105  1808  1808 I art     : Explicit concurrent mark sweep GC freed 172(7KB) AllocSpace objects, 0(0B) LOS objects, 39% free, 2MB/4MB, paused 39us total 2.585ms
12-14 03:56:54.108  1809  1809 I art     : Explicit concurrent mark sweep GC freed 172(7KB) AllocSpace objects, 0(0B) LOS objects, 39% free, 2MB/4MB, paused 49us total 2.460ms
12-14 03:56:54.114  1808  1808 I art     : Explicit concurrent mark sweep GC freed 417(18KB) AllocSpace objects, 0(0B) LOS objects, 40% free, 3MB/5MB, paused 41us total 2.609ms
12-14 03:56:54.117  1809  1809 I art     : Explicit concurrent mark sweep GC freed 417(18KB) AllocSpace objects, 0(0B) LOS objects, 39% free, 3MB/5MB, paused 52us total 2.907ms
12-14 03:56:54.121  1808  1808 I art     : Explicit concurrent mark sweep GC freed 363(16KB) AllocSpace objects, 0(0B) LOS objects, 40% free, 3MB/5MB, paused 34us total 2.859ms
12-14 03:56:54.126  1809  1809 I art     : Explicit concurrent mark sweep GC freed 363(16KB) AllocSpace objects, 0(0B) LOS objects, 39% free, 3MB/5MB, paused 50us total 3.080ms
12-14 03:56:54.126  1808  1808 I art     : Explicit concurrent mark sweep GC freed 174(8KB) AllocSpace objects, 0(0B) LOS objects, 39% free, 3MB/5MB, paused 33us total 2.715ms
12-14 03:56:54.130  1808  1808 I art     : Explicit concurrent mark sweep GC freed 515(19KB) AllocSpace objects, 0(0B) LOS objects, 39% free, 3MB/5MB, paused 35us total 2.754ms
12-14 03:56:54.131  1809  1809 I art     : Explicit concurrent mark sweep GC freed 174(8KB) AllocSpace objects, 0(0B) LOS objects, 39% free, 3MB/5MB, paused 51us total 3.116ms
12-14 03:56:54.135  1808  1808 I art     : Explicit concurrent mark sweep GC freed 353(14KB) AllocSpace objects, 0(0B) LOS objects, 40% free, 3MB/5MB, paused 33us total 2.776ms
12-14 03:56:54.136  1809  1809 I art     : Explicit concurrent mark sweep GC freed 515(19KB) AllocSpace objects, 0(0B) LOS objects, 40% free, 3MB/5MB, paused 56us total 3.081ms
12-14 03:56:54.138  1808  1808 I art     : Explicit concurrent mark sweep GC freed 1153(40KB) AllocSpace objects, 0(0B) LOS objects, 39% free, 3MB/5MB, paused 33us total 2.647ms
12-14 03:56:54.141  1809  1809 I art     : Explicit concurrent mark sweep GC freed 353(14KB) AllocSpace objects, 0(0B) LOS objects, 39% free, 3MB/5MB, paused 56us total 2.994ms
12-14 03:56:54.142  1808  1808 I art     : Explicit concurrent mark sweep GC freed 1499(50KB) AllocSpace objects, 0(0B) LOS objects, 40% free, 3MB/5MB, paused 32us total 2.703ms
12-14 03:56:54.145  1809  1809 I art     : Explicit concurrent mark sweep GC freed 1153(40KB) AllocSpace objects, 0(0B) LOS objects, 40% free, 3MB/5MB, paused 55us total 3.009ms
12-14 03:56:54.145  1808  1808 I art     : Explicit concurrent mark sweep GC freed 1381(49KB) AllocSpace objects, 0(0B) LOS objects, 39% free, 3MB/5MB, paused 29us total 2.757ms
12-14 03:56:54.148  1809  1809 I art     : Explicit concurrent mark sweep GC freed 1499(50KB) AllocSpace objects, 0(0B) LOS objects, 40% free, 3MB/5MB, paused 32us total 2.533ms
12-14 03:56:54.152  1809  1809 I art     : Explicit concurrent mark sweep GC freed 1381(49KB) AllocSpace objects, 0(0B) LOS objects, 39% free, 3MB/5MB, paused 51us total 3.029ms
12-14 03:56:54.152  1808  1808 I art     : Explicit concurrent mark sweep GC freed 1453(56KB) AllocSpace objects, 0(0B) LOS objects, 40% free, 3MB/5MB, paused 33us total 3.226ms
12-14 03:56:54.156  1808  1808 I art     : Explicit concurrent mark sweep GC freed 603(27KB) AllocSpace objects, 0(0B) LOS objects, 39% free, 3MB/5MB, paused 38us total 2.487ms
12-14 03:56:54.160  1809  1809 I art     : Explicit concurrent mark sweep GC freed 1453(56KB) AllocSpace objects, 0(0B) LOS objects, 39% free, 3MB/5MB, paused 60us total 3.652ms
12-14 03:56:54.162  1808  1808 I art     : Explicit concurrent mark sweep GC freed 344(20KB) AllocSpace objects, 0(0B) LOS objects, 40% free, 3MB/6MB, paused 33us total 2.807ms
12-14 03:56:54.164  1809  1809 I art     : Explicit concurrent mark sweep GC freed 603(27KB) AllocSpace objects, 0(0B) LOS objects, 39% free, 3MB/5MB, paused 53us total 3.087ms
12-14 03:56:54.170  1809  1809 I art     : Explicit concurrent mark sweep GC freed 344(20KB) AllocSpace objects, 0(0B) LOS objects, 39% free, 3MB/6MB, paused 57us total 3.108ms
12-14 03:56:54.170  1808  1808 I art     : Explicit concurrent mark sweep GC freed 384(17KB) AllocSpace objects, 0(0B) LOS objects, 40% free, 3MB/6MB, paused 36us total 2.929ms
12-14 03:56:54.172  1808  1808 I Zygote  : ...preloaded 343 resources in 177ms.
12-14 03:56:54.175  1808  1808 I art     : Explicit concurrent mark sweep GC freed 639(39KB) AllocSpace objects, 0(0B) LOS objects, 40% free, 3MB/6MB, paused 34us total 2.851ms
12-14 03:56:54.177  1808  1808 I Zygote  : ...preloaded 41 resources in 5ms.
12-14 03:56:54.177  1808  1808 I art     : Counter: 0
12-14 03:56:54.178  1808  1808 D libEGL  : loaded /system/lib64/egl/libGLES_mesa.so
12-14 03:56:54.180  1809  1809 I art     : Explicit concurrent mark sweep GC freed 384(17KB) AllocSpace objects, 0(0B) LOS objects, 40% free, 3MB/6MB, paused 58us total 3.238ms
12-14 03:56:54.182  1809  1809 I Zygote  : ...preloaded 343 resources in 186ms.
12-14 03:56:54.185  1809  1809 I art     : Explicit concurrent mark sweep GC freed 639(39KB) AllocSpace objects, 0(0B) LOS objects, 40% free, 3MB/6MB, paused 55us total 3.089ms
12-14 03:56:54.187  1809  1809 I Zygote  : ...preloaded 41 resources in 6ms.
12-14 03:56:54.187  1809  1809 I art     : Counter: 0
12-14 03:56:54.188  1808  1808 I Zygote  : Preloading shared libraries...
12-14 03:56:54.192  1809  1809 D libEGL  : loaded /system/lib/egl/libGLES_mesa.so
12-14 03:56:54.192  1808  1808 D Zygote  : end preload
12-14 03:56:54.195  1808  1808 I art     : Explicit concurrent mark sweep GC freed 450(20KB) AllocSpace objects, 0(0B) LOS objects, 39% free, 3MB/6MB, paused 35us total 3.017ms
12-14 03:56:54.198  1808  1808 I art     : Explicit concurrent mark sweep GC freed 389(16KB) AllocSpace objects, 0(0B) LOS objects, 39% free, 3MB/6MB, paused 32us total 2.768ms
12-14 03:56:54.201  1808  1808 I art     : Explicit concurrent mark sweep GC freed 5(160B) AllocSpace objects, 0(0B) LOS objects, 39% free, 3MB/6MB, paused 31us total 2.682ms
12-14 03:56:54.205  1809  1809 I Zygote  : Preloading shared libraries...
12-14 03:56:54.208  1809  1809 D Zygote  : end preload
12-14 03:56:54.211  1809  1809 I art     : Explicit concurrent mark sweep GC freed 450(20KB) AllocSpace objects, 0(0B) LOS objects, 39% free, 3MB/6MB, paused 38us total 2.678ms
12-14 03:56:54.214  1809  1809 I art     : Explicit concurrent mark sweep GC freed 389(16KB) AllocSpace objects, 0(0B) LOS objects, 39% free, 3MB/6MB, paused 38us total 2.360ms
12-14 03:56:54.216  1809  1809 I art     : Explicit concurrent mark sweep GC freed 5(160B) AllocSpace objects, 0(0B) LOS objects, 39% free, 3MB/6MB, paused 37us total 2.384ms
12-14 03:56:54.216  1809  1809 I Zygote  : Accepting command socket connections
12-14 03:56:54.221  1808  1808 I Zygote  : System server process 2064 has been created
12-14 03:56:54.221  1808  1808 I Zygote  : Accepting command socket connections
12-14 03:56:54.235  2064  2064 I Zygote  : Process: zygote socket opened, supported ABIS: x86,armeabi-v7a,armeabi
12-14 03:56:54.238  2064  2064 I InstallerConnection: disconnecting...
12-14 03:56:54.250  2064  2064 I SystemServer: Entered the Android system server!
12-14 03:56:54.261  2064  2064 V Fingerprint-JNI: FingerprintManager JNI ready.
12-14 03:56:54.262  2064  2064 D SensorService: nuSensorService starting...
12-14 03:56:54.262  2064  2064 D KbdSensor: open_kbd_sensor: id=poll
12-14 03:56:54.262  2064  2064 D KbdSensor: SensorFd: module=0x7f193211b300 dev=0x7f1933866680
12-14 03:56:54.346  2064  2064 I KbdSensor: Open AT Translated Set 2 keyboard ok, fd=19
12-14 03:56:54.346  2064  2064 D KbdSensor: SensorPollContext: dev=0x7f1933866680 fd=19
12-14 03:56:54.346  2064  2064 D KbdSensor: poll_activate: dev=0x7f1933866680 handle=0 enabled=0
12-14 03:56:54.347  2064  2087 D SensorService: nuSensorService thread starting...
12-14 03:56:54.347  2064  2086 D SensorService: new thread SensorEventAckReceiver
12-14 03:56:54.351  2064  2064 I SystemServiceManager: Starting com.android.server.pm.Installer
12-14 03:56:54.353  2064  2064 I Installer: Waiting for installd to be ready.
12-14 03:56:54.353  2064  2064 I InstallerConnection: connecting...
12-14 03:56:54.354  1805  1805 I installd: new connection
12-14 03:56:54.354  2064  2064 I SystemServiceManager: Starting com.android.server.am.ActivityManagerService$Lifecycle
12-14 03:56:54.361  2064  2064 I ActivityManager: Memory class: 192
12-14 03:56:54.378  2064  2064 I IntentFirewall: Read new rules (A:0 B:0 S:0)
12-14 03:56:54.382  2064  2064 D AppOps  : AppOpsService published
12-14 03:56:54.382  2064  2064 I SystemServiceManager: Starting com.android.server.power.PowerManagerService
12-14 03:56:54.384  2064  2064 I libsuspend: Selected early suspend
12-14 03:56:54.384  2064  2064 E libsuspend: Error accessing /sys/power/wait_for_fb_sleep: No such file or directory
12-14 03:56:54.386  2064  2064 I SystemServiceManager: Starting com.android.server.display.DisplayManagerService
12-14 03:56:54.386  2064  2097 E BatteryStatsService: Failed to open /sys/kernel/wakeup_reasons/last_resume_reason
12-14 03:56:54.387  2064  2064 I SystemServiceManager: Starting phase 100
12-14 03:56:54.393  2064  2094 I DisplayManagerService: Display device added: DisplayDeviceInfo{"Built-in Screen": uniqueId="local:0", 1920 x 1080, 60.000004 fps, supportedRefreshRates [60.000004], density 240, 143.0 x 144.0 dpi, appVsyncOff 0, presDeadline 17666666, touch INTERNAL, rotation 0, type BUILT_IN, state UNKNOWN, FLAG_DEFAULT_DISPLAY, FLAG_ROTATES_WITH_CONTENT, FLAG_SECURE, FLAG_SUPPORTS_PROTECTED_BUFFERS}
12-14 03:56:54.393  2064  2064 I SystemServer: Package Manager
12-14 03:56:54.400  2064  2064 W SystemConfig: No directory /system/etc/sysconfig, skipping
12-14 03:56:54.411  2064  2064 D SELinuxMMAC: Using policy file /system/etc/security/mac_permissions.xml
12-14 03:56:54.417  1804  1804 I CameraService: CameraService started (pid=1804)
12-14 03:56:54.418  1804  1804 D Camera_Factory: CameraFactory::CameraFactory
12-14 03:56:54.418  1804  1804 D Camera_Factory: CameraFactory::parseConfig: configFile = /etc/camera.cfg
12-14 03:56:54.418  1804  1804 D Camera_Factory: /etc/camera.cfg not found, using camera configuration defaults
12-14 03:56:54.418  1804  1804 D Camera_Factory: Found device /dev/video0
12-14 03:56:54.418  1804  1804 D Camera_Factory: CameraFactory::newCameraConfig: 0 -> /dev/video0 (0)
12-14 03:56:54.419  1804  1804 I CameraService: Loaded "Camera Module" camera module
12-14 03:56:54.419  1804  1804 D Camera_Factory: CameraFactory::get_number_of_cameras
12-14 03:56:54.419  1804  1804 D Camera_Factory: CameraFactory::getCameraNum: 1
12-14 03:56:54.419  1804  1804 I AudioPolicyService: AudioPolicyService CSTOR in new mode
12-14 03:56:54.419  1804  1804 I AudioPolicyManager: loadAudioPolicyConfig() loaded /system/etc/audio_policy.conf
12-14 03:56:54.420  1804  1804 E audio_hw_primary: Failed to open /system/etc/mixer_paths.xml
12-14 03:56:54.420  1804  1804 I AudioFlinger: loadHwModule() Loaded primary audio interface from Grouper audio HW HAL (audio) handle 1
12-14 03:56:54.420  1804  1804 I AudioFlinger: HAL output buffer size 512 frames, normal sink buffer size 1024 frames
12-14 03:56:54.423  1804  1804 I AudioMixer: found effect "Multichannel Downmix To Stereo" from The Android Open Source Project
12-14 03:56:54.423  1804  1804 E MonoPipe: Failed to fetch local time frequency when constructing a MonoPipe (res = -32).  getNextWriteTimestamp calls will be non-functional
12-14 03:56:54.443  2064  2064 D PackageManager: No files in app dir /vendor/overlay
12-14 03:56:54.463  2064  2064 W PackageManager: Failed to parse /system/framework/x86_64: Missing base APK in /system/framework/x86_64
12-14 03:56:54.463  2064  2064 W PackageManager: Failed to parse /system/framework/x86: Missing base APK in /system/framework/x86
12-14 03:56:54.466  2064  2064 I art     : DexFile_isDexOptNeeded file /system/priv-app/MusicFX/x86_64/MusicFX.odex needs to be relocated for /system/priv-app/MusicFX/MusicFX.apk
12-14 03:56:54.472  2064  2064 W PackageParser: No actions in intent filter at /system/priv-app/Contacts/Contacts.apk Binary XML file line #356
12-14 03:56:54.484  2064  2064 I art     : DexFile_isDexOptNeeded file /system/priv-app/Contacts/x86_64/Contacts.odex needs to be relocated for /system/priv-app/Contacts/Contacts.apk
12-14 03:56:54.561  2064  2064 I art     : DexFile_isDexOptNeeded file /system/priv-app/WallpaperCropper/x86_64/WallpaperCropper.odex needs to be relocated for /system/priv-app/WallpaperCropper/WallpaperCropper.apk
12-14 03:56:54.568  2064  2064 W ResourceType: Failure getting entry for 0x7f08026f (t=7 e=623) (error -75)
12-14 03:56:54.576  2064  2064 W PackageParser: No actions in intent filter at /system/priv-app/Dialer/Dialer.apk Binary XML file line #166
12-14 03:56:54.598  2064  2064 I art     : DexFile_isDexOptNeeded file /system/priv-app/Shell/x86_64/Shell.odex needs to be relocated for /system/priv-app/Shell/Shell.apk
12-14 03:56:54.600  2064  2064 W PackageParser: Unknown element under <intent-filter>: android at /system/priv-app/Telecom/Telecom.apk Binary XML file line #232
12-14 03:56:54.603  2064  2064 I art     : DexFile_isDexOptNeeded file /system/priv-app/VpnDialogs/x86_64/VpnDialogs.odex needs to be relocated for /system/priv-app/VpnDialogs/VpnDialogs.apk
12-14 03:56:54.609  2064  2064 I art     : DexFile_isDexOptNeeded file /system/priv-app/SharedStorageBackup/x86_64/SharedStorageBackup.odex needs to be relocated for /system/priv-app/SharedStorageBackup/SharedStorageBackup.apk
12-14 03:56:54.612  2064  2064 I art     : DexFile_isDexOptNeeded file /system/priv-app/MmsService/x86_64/MmsService.odex needs to be relocated for /system/priv-app/MmsService/MmsService.apk
12-14 03:56:54.626  2064  2064 I art     : DexFile_isDexOptNeeded file /system/priv-app/ProxyHandler/x86_64/ProxyHandler.odex needs to be relocated for /system/priv-app/ProxyHandler/ProxyHandler.apk
12-14 03:56:54.631  2064  2064 I art     : DexFile_isDexOptNeeded file /system/priv-app/DefaultContainerService/x86_64/DefaultContainerService.odex needs to be relocated for /system/priv-app/DefaultContainerService/DefaultContainerService.apk
12-14 03:56:54.636  2064  2064 I art     : DexFile_isDexOptNeeded file /system/priv-app/ExternalStorageProvider/x86_64/ExternalStorageProvider.odex needs to be relocated for /system/priv-app/ExternalStorageProvider/ExternalStorageProvider.apk
12-14 03:56:54.647  2064  2064 I art     : DexFile_isDexOptNeeded file /system/priv-app/BackupRestoreConfirmation/x86_64/BackupRestoreConfirmation.odex needs to be relocated for /system/priv-app/BackupRestoreConfirmation/BackupRestoreConfirmation.apk
12-14 03:56:54.651  2064  2064 I art     : DexFile_isDexOptNeeded file /system/app/QuickSearchBox/x86_64/QuickSearchBox.odex needs to be relocated for /system/app/QuickSearchBox/QuickSearchBox.apk
12-14 03:56:54.653  2064  2064 I art     : DexFile_isDexOptNeeded file /system/app/BasicDreams/x86_64/BasicDreams.odex needs to be relocated for /system/app/BasicDreams/BasicDreams.apk
12-14 03:56:54.655  2064  2064 I art     : DexFile_isDexOptNeeded file /system/app/HTMLViewer/x86_64/HTMLViewer.odex needs to be relocated for /system/app/HTMLViewer/HTMLViewer.apk
12-14 03:56:54.657  2064  2064 W PackageParser: No actions in intent filter at /system/app/AndroidTerm/AndroidTerm.apk Binary XML file line #149
12-14 03:56:54.662  2064  2064 I art     : DexFile_isDexOptNeeded file /system/app/Development/x86_64/Development.odex needs to be relocated for /system/app/Development/Development.apk
12-14 03:56:54.666  2064  2064 I art     : DexFile_isDexOptNeeded file /system/app/CertInstaller/x86_64/CertInstaller.odex needs to be relocated for /system/app/CertInstaller/CertInstaller.apk
12-14 03:56:54.672  2064  2064 I art     : DexFile_isDexOptNeeded file /system/app/DownloadProviderUi/x86_64/DownloadProviderUi.odex needs to be relocated for /system/app/DownloadProviderUi/DownloadProviderUi.apk
12-14 03:56:54.673  2064  2064 I art     : DexFile_isDexOptNeeded file /system/app/Provision/x86_64/Provision.odex needs to be relocated for /system/app/Provision/Provision.apk
12-14 03:56:54.682  2064  2064 I art     : DexFile_isDexOptNeeded file /system/app/Browser/x86_64/Browser.odex needs to be relocated for /system/app/Browser/Browser.apk
12-14 03:56:54.696  2064  2064 W PackageParser: No actions in intent filter at /system/app/CMFileManager/CMFileManager.apk Binary XML file line #166
12-14 03:56:54.699  2064  2064 I art     : DexFile_isDexOptNeeded file /system/app/CMFileManager/x86_64/CMFileManager.odex needs to be relocated for /system/app/CMFileManager/CMFileManager.apk
12-14 03:56:54.703  2064  2064 I art     : DexFile_isDexOptNeeded file /system/app/Calculator/x86_64/Calculator.odex needs to be relocated for /system/app/Calculator/Calculator.apk
12-14 03:56:54.707  2064  2064 I art     : DexFile_isDexOptNeeded file /system/app/PackageInstaller/x86_64/PackageInstaller.odex needs to be relocated for /system/app/PackageInstaller/PackageInstaller.apk
12-14 03:56:54.709  2064  2064 I art     : DexFile_isDexOptNeeded file /system/app/PacProcessor/x86_64/PacProcessor.odex needs to be relocated for /system/app/PacProcessor/PacProcessor.apk
12-14 03:56:54.712  2064  2064 I art     : DexFile_isDexOptNeeded file /system/app/DocumentsUI/x86_64/DocumentsUI.odex needs to be relocated for /system/app/DocumentsUI/DocumentsUI.apk
12-14 03:56:54.714  2064  2064 I art     : DexFile_isDexOptNeeded file /system/app/RSSReader/x86_64/RSSReader.odex needs to be relocated for /system/app/RSSReader/RSSReader.apk
12-14 03:56:54.715  2064  2064 I art     : DexFile_isDexOptNeeded file /system/app/CaptivePortalLogin/x86_64/CaptivePortalLogin.odex needs to be relocated for /system/app/CaptivePortalLogin/CaptivePortalLogin.apk
12-14 03:56:54.736  2064  2064 W PackageParser: No actions in intent filter at /system/app/Bluetooth/Bluetooth.apk Binary XML file line #209
12-14 03:56:54.737  2064  2064 I art     : DexFile_isDexOptNeeded file /system/app/Bluetooth/x86_64/Bluetooth.odex needs to be relocated for /system/app/Bluetooth/Bluetooth.apk
12-14 03:56:54.743  2064  2064 W PackageParser: Unknown element under <application>: permission at /system/app/Gallery2/Gallery2.apk Binary XML file line #242
12-14 03:56:54.743  2064  2064 W PackageParser: Unknown element under <application>: permission at /system/app/Gallery2/Gallery2.apk Binary XML file line #245
12-14 03:56:54.761  2064  2064 I art     : DexFile_isDexOptNeeded file /system/app/NotePad/x86_64/NotePad.odex needs to be relocated for /system/app/NotePad/NotePad.apk
12-14 03:56:54.763  2064  2064 I art     : DexFile_isDexOptNeeded file /system/app/BasicSmsReceiver/x86_64/BasicSmsReceiver.odex needs to be relocated for /system/app/BasicSmsReceiver/BasicSmsReceiver.apk
12-14 03:56:54.767  2064  2064 I art     : DexFile_isDexOptNeeded file /system/app/LiveWallpapers/x86_64/LiveWallpapers.odex needs to be relocated for /system/app/LiveWallpapers/LiveWallpapers.apk
12-14 03:56:54.769  2064  2064 I art     : DexFile_isDexOptNeeded file /system/app/PicoTts/x86_64/PicoTts.odex needs to be relocated for /system/app/PicoTts/PicoTts.apk
